Java HotSpot(TM) 64-Bit Server VM (25.77-b03) for linux-amd64 JRE (1.8.0_77-b03), built on Mar 20 2016 22:00:46 by "java_re" with gcc 4.3.0 20080428 (Red Hat 4.3.0-8)
Memory: 4k page, physical 264122324k(97732568k free), swap 268399612k(268246076k free)
CommandLine flags: -XX:GCLogFileSize=1048576 -XX:+HeapDumpOnOutOfMemoryError -XX:HeapDumpPath=artifacts/heapdump -XX:InitialHeapSize=805306368 -XX:MaxHeapSize=805306368 -XX:NumberOfGCLogFiles=10 -XX:+PrintGC -XX:+PrintGCDateStamps -XX:+PrintGCDetails -XX:+PrintGCTimeStamps -XX:+UseCompressedClassPointers -XX:+UseCompressedOops -XX:+UseGCLogFileRotation -XX:+UseParallelGC 
2016-09-13T20:11:43.048-0400: 2.190: [GC (Metadata GC Threshold) [PSYoungGen: 121898K->15563K(229376K)] 121898K->15651K(753664K), 0.0224738 secs] [Times: user=0.17 sys=0.00, real=0.02 secs] 
2016-09-13T20:11:43.070-0400: 2.212: [Full GC (Metadata GC Threshold) [PSYoungGen: 15563K->0K(229376K)] [ParOldGen: 88K->14597K(343040K)] 15651K->14597K(572416K), [Metaspace: 21054K->21054K(1067008K)], 0.0445309 secs] [Times: user=0.33 sys=0.06, real=0.04 secs] 
2016-09-13T20:11:44.927-0400: 4.069: [GC (Metadata GC Threshold) [PSYoungGen: 125204K->14817K(229376K)] 139802K->29551K(572416K), 0.0372711 secs] [Times: user=0.32 sys=0.09, real=0.04 secs] 
2016-09-13T20:11:44.964-0400: 4.106: [Full GC (Metadata GC Threshold) [PSYoungGen: 14817K->0K(229376K)] [ParOldGen: 14734K->20206K(524288K)] 29551K->20206K(753664K), [Metaspace: 34909K->34909K(1079296K)], 0.0554648 secs] [Times: user=0.38 sys=0.02, real=0.06 secs] 
2016-09-13T20:11:46.611-0400: 5.752: [GC (Allocation Failure) [PSYoungGen: 196608K->30702K(229376K)] 216814K->81292K(753664K), 0.0096264 secs] [Times: user=0.13 sys=0.00, real=0.01 secs] 
2016-09-13T20:11:46.969-0400: 6.111: [GC (GCLocker Initiated GC) [PSYoungGen: 227310K->32695K(229376K)] 279424K->153162K(753664K), 0.0158831 secs] [Times: user=0.14 sys=0.06, real=0.01 secs] 
2016-09-13T20:11:47.299-0400: 6.441: [GC (GCLocker Initiated GC) [PSYoungGen: 229303K->28640K(225280K)] 356200K->167695K(749568K), 0.0138726 secs] [Times: user=0.20 sys=0.01, real=0.01 secs] 
2016-09-13T20:11:47.655-0400: 6.797: [GC (GCLocker Initiated GC) [PSYoungGen: 225248K->34939K(212992K)] 364664K->198663K(737280K), 0.0097279 secs] [Times: user=0.10 sys=0.00, real=0.01 secs] 
2016-09-13T20:11:47.901-0400: 7.043: [GC (GCLocker Initiated GC) [PSYoungGen: 211067K->41366K(217600K)] 375152K->235834K(741888K), 0.0172879 secs] [Times: user=0.16 sys=0.02, real=0.02 secs] 
2016-09-13T20:11:48.305-0400: 7.447: [GC (GCLocker Initiated GC) [PSYoungGen: 217494K->23589K(213504K)] 419911K->226014K(737792K), 0.0069306 secs] [Times: user=0.06 sys=0.01, real=0.01 secs] 
2016-09-13T20:11:48.747-0400: 7.889: [GC (GCLocker Initiated GC) [PSYoungGen: 192549K->5844K(175104K)] 401071K->217756K(699392K), 0.0258130 secs] [Times: user=0.33 sys=0.00, real=0.03 secs] 
2016-09-13T20:11:49.086-0400: 8.228: [GC (GCLocker Initiated GC) [PSYoungGen: 174804K->47834K(201216K)] 387071K->261026K(725504K), 0.0064071 secs] [Times: user=0.07 sys=0.00, real=0.01 secs] 
2016-09-13T20:11:49.453-0400: 8.595: [GC (GCLocker Initiated GC) [PSYoungGen: 200410K->35138K(207360K)] 413628K->249115K(731648K), 0.0107083 secs] [Times: user=0.11 sys=0.01, real=0.01 secs] 
2016-09-13T20:11:49.760-0400: 8.902: [GC (Allocation Failure) [PSYoungGen: 187714K->16318K(206336K)] 409618K->246924K(730624K), 0.0050324 secs] [Times: user=0.04 sys=0.01, real=0.00 secs] 
2016-09-13T20:11:50.149-0400: 9.291: [GC (GCLocker Initiated GC) [PSYoungGen: 164872K->23650K(176640K)] 401553K->274723K(700928K), 0.0101792 secs] [Times: user=0.13 sys=0.02, real=0.01 secs] 
2016-09-13T20:11:50.463-0400: 9.605: [GC (Allocation Failure) [PSYoungGen: 176226K->37218K(205312K)] 427514K->288895K(729600K), 0.0084164 secs] [Times: user=0.06 sys=0.00, real=0.01 secs] 
2016-09-13T20:11:50.832-0400: 9.974: [GC (GCLocker Initiated GC) [PSYoungGen: 189172K->47796K(201216K)] 442368K->313573K(725504K), 0.0104986 secs] [Times: user=0.07 sys=0.02, real=0.01 secs] 
2016-09-13T20:11:51.161-0400: 10.303: [GC (GCLocker Initiated GC) [PSYoungGen: 200882K->37841K(203776K)] 469873K->307171K(728064K), 0.0052596 secs] [Times: user=0.07 sys=0.00, real=0.00 secs] 
2016-09-13T20:11:51.288-0400: 10.430: [GC (GCLocker Initiated GC) [PSYoungGen: 183249K->47868K(193536K)] 452651K->317953K(717824K), 0.0081512 secs] [Times: user=0.09 sys=0.00, real=0.01 secs] 
2016-09-13T20:11:51.480-0400: 10.622: [GC (GCLocker Initiated GC) [PSYoungGen: 193276K->60014K(184832K)] 463411K->344127K(709120K), 0.0085676 secs] [Times: user=0.09 sys=0.00, real=0.01 secs] 
2016-09-13T20:11:51.650-0400: 10.792: [GC (GCLocker Initiated GC) [PSYoungGen: 182894K->38879K(192512K)] 476394K->341858K(716800K), 0.0063722 secs] [Times: user=0.03 sys=0.04, real=0.01 secs] 
2016-09-13T20:11:51.817-0400: 10.958: [GC (GCLocker Initiated GC) [PSYoungGen: 161759K->38693K(186368K)] 466349K->343547K(710656K), 0.0063153 secs] [Times: user=0.05 sys=0.01, real=0.00 secs] 
2016-09-13T20:11:51.994-0400: 11.136: [GC (GCLocker Initiated GC) [PSYoungGen: 163621K->29729K(190464K)] 468788K->345788K(714752K), 0.0058647 secs] [Times: user=0.06 sys=0.01, real=0.01 secs] 
2016-09-13T20:11:52.174-0400: 11.316: [GC (GCLocker Initiated GC) [PSYoungGen: 154657K->23598K(192512K)] 475457K->344721K(716800K), 0.0052857 secs] [Times: user=0.05 sys=0.00, real=0.01 secs] 
2016-09-13T20:11:52.337-0400: 11.478: [GC (Allocation Failure) [PSYoungGen: 156718K->38726K(195584K)] 478000K->360331K(719872K), 0.0047532 secs] [Times: user=0.06 sys=0.00, real=0.00 secs] 
2016-09-13T20:11:52.500-0400: 11.642: [GC (GCLocker Initiated GC) [PSYoungGen: 171846K->55553K(190464K)] 493458K->395635K(714752K), 0.0086875 secs] [Times: user=0.10 sys=0.00, real=0.01 secs] 
2016-09-13T20:11:52.674-0400: 11.816: [GC (GCLocker Initiated GC) [PSYoungGen: 184577K->49542K(178688K)] 524737K->390045K(702976K), 0.0064578 secs] [Times: user=0.09 sys=0.00, real=0.01 secs] 
2016-09-13T20:11:52.849-0400: 11.991: [GC (GCLocker Initiated GC) [PSYoungGen: 178566K->23786K(194048K)] 528369K->373940K(718336K), 0.0050708 secs] [Times: user=0.07 sys=0.00, real=0.00 secs] 
2016-09-13T20:11:53.026-0400: 12.168: [GC (GCLocker Initiated GC) [PSYoungGen: 149226K->32618K(158208K)] 500921K->384568K(682496K), 0.0059505 secs] [Times: user=0.06 sys=0.00, real=0.01 secs] 
2016-09-13T20:11:53.203-0400: 12.345: [GC (GCLocker Initiated GC) [PSYoungGen: 158058K->31004K(193024K)] 510034K->389379K(717312K), 0.0059140 secs] [Times: user=0.07 sys=0.00, real=0.01 secs] 
2016-09-13T20:11:53.350-0400: 12.492: [GC (GCLocker Initiated GC) [PSYoungGen: 158492K->52452K(190976K)] 518439K->423268K(715264K), 0.0063993 secs] [Times: user=0.07 sys=0.00, real=0.01 secs] 
2016-09-13T20:11:53.524-0400: 12.666: [GC (GCLocker Initiated GC) [PSYoungGen: 179940K->52362K(189952K)] 550839K->434164K(714240K), 0.0183395 secs] [Times: user=0.24 sys=0.00, real=0.02 secs] 
2016-09-13T20:11:53.692-0400: 12.834: [GC (GCLocker Initiated GC) [PSYoungGen: 175242K->67609K(190976K)] 557192K->452818K(715264K), 0.0102116 secs] [Times: user=0.15 sys=0.00, real=0.01 secs] 
2016-09-13T20:11:53.857-0400: 12.999: [GC (GCLocker Initiated GC) [PSYoungGen: 190489K->51030K(178688K)] 575720K->442648K(702976K), 0.0071208 secs] [Times: user=0.10 sys=0.00, real=0.00 secs] 
2016-09-13T20:11:54.025-0400: 13.167: [GC (GCLocker Initiated GC) [PSYoungGen: 158550K->29739K(184832K)] 556489K->440211K(709120K), 0.0070361 secs] [Times: user=0.08 sys=0.00, real=0.01 secs] 
2016-09-13T20:11:54.156-0400: 13.297: [GC (GCLocker Initiated GC) [PSYoungGen: 137259K->34015K(179200K)] 547791K->444727K(703488K), 0.0071493 secs] [Times: user=0.06 sys=0.00, real=0.00 secs] 
2016-09-13T20:11:54.300-0400: 13.442: [GC (GCLocker Initiated GC) [PSYoungGen: 143071K->46282K(182784K)] 560099K->472585K(707072K), 0.0094695 secs] [Times: user=0.09 sys=0.01, real=0.01 secs] 
2016-09-13T20:11:54.468-0400: 13.609: [GC (GCLocker Initiated GC) [PSYoungGen: 155338K->46346K(184320K)] 581933K->476259K(708608K), 0.0084750 secs] [Times: user=0.12 sys=0.01, real=0.02 secs] 
2016-09-13T20:11:54.621-0400: 13.763: [GC (GCLocker Initiated GC) [PSYoungGen: 162058K->30881K(186880K)] 593512K->462590K(711168K), 0.0069519 secs] [Times: user=0.07 sys=0.01, real=0.01 secs] 
2016-09-13T20:11:54.779-0400: 13.921: [GC (GCLocker Initiated GC) [PSYoungGen: 146593K->50966K(189952K)] 578341K->496593K(714240K), 0.0078269 secs] [Times: user=0.10 sys=0.00, real=0.00 secs] 
2016-09-13T20:11:54.914-0400: 14.056: [GC (Allocation Failure) [PSYoungGen: 170774K->52489K(172544K)] 616490K->509219K(696832K), 0.0072498 secs] [Times: user=0.06 sys=0.04, real=0.01 secs] 
2016-09-13T20:11:55.083-0400: 14.225: [GC (GCLocker Initiated GC) [PSYoungGen: 172297K->46345K(191488K)] 629030K->507919K(715776K), 0.0068495 secs] [Times: user=0.05 sys=0.00, real=0.01 secs] 
2016-09-13T20:11:55.257-0400: 14.399: [GC (GCLocker Initiated GC) [PSYoungGen: 165641K->14388K(134144K)] 639378K->488398K(658432K), 0.0047175 secs] [Times: user=0.06 sys=0.00, real=0.00 secs] 
2016-09-13T20:11:55.427-0400: 14.568: [GC (GCLocker Initiated GC) [PSYoungGen: 133684K->23409K(189952K)] 612434K->511535K(714240K), 0.0141987 secs] [Times: user=0.18 sys=0.00, real=0.02 secs] 
2016-09-13T20:11:55.568-0400: 14.710: [GC (GCLocker Initiated GC) [PSYoungGen: 140657K->32650K(150016K)] 630483K->522728K(674304K), 0.0062637 secs] [Times: user=0.09 sys=0.00, real=0.00 secs] 
2016-09-13T20:11:55.716-0400: 14.857: [GC (GCLocker Initiated GC) [PSYoungGen: 149898K->55526K(184320K)] 640124K->545966K(708608K), 0.0101304 secs] [Times: user=0.13 sys=0.00, real=0.01 secs] 
2016-09-13T20:11:55.883-0400: 15.025: [GC (GCLocker Initiated GC) [PSYoungGen: 169702K->52484K(187392K)] 660337K->543412K(711680K), 0.0071629 secs] [Times: user=0.10 sys=0.00, real=0.01 secs] 
2016-09-13T20:11:56.051-0400: 15.193: [GC (GCLocker Initiated GC) [PSYoungGen: 166660K->29547K(187392K)] 669789K->539102K(711680K), 0.0064496 secs] [Times: user=0.06 sys=0.00, real=0.01 secs] 
2016-09-13T20:11:56.057-0400: 15.199: [Full GC (Ergonomics) [PSYoungGen: 29547K->0K(187392K)] [ParOldGen: 509554K->44727K(524288K)] 539102K->44727K(711680K), [Metaspace: 44088K->44088K(1087488K)], 0.1842348 secs] [Times: user=2.44 sys=0.03, real=0.18 secs] 
2016-09-13T20:11:56.360-0400: 15.502: [GC (GCLocker Initiated GC) [PSYoungGen: 114176K->72482K(186880K)] 159258K->129715K(711168K), 0.0086052 secs] [Times: user=0.12 sys=0.01, real=0.01 secs] 
2016-09-13T20:11:56.482-0400: 15.624: [GC (GCLocker Initiated GC) [PSYoungGen: 186658K->52459K(173568K)] 243991K->146869K(697856K), 0.0068534 secs] [Times: user=0.10 sys=0.00, real=0.01 secs] 
2016-09-13T20:11:56.600-0400: 15.742: [GC (GCLocker Initiated GC) [PSYoungGen: 150763K->28121K(180224K)] 252900K->136603K(704512K), 0.0056395 secs] [Times: user=0.08 sys=0.00, real=0.00 secs] 
2016-09-13T20:11:56.710-0400: 15.852: [GC (GCLocker Initiated GC) [PSYoungGen: 126425K->64608K(173056K)] 234924K->173402K(697344K), 0.0071156 secs] [Times: user=0.11 sys=0.00, real=0.01 secs] 
2016-09-13T20:11:56.837-0400: 15.979: [GC (GCLocker Initiated GC) [PSYoungGen: 156768K->37207K(177152K)] 267156K->166128K(701440K), 0.0068045 secs] [Times: user=0.08 sys=0.00, real=0.00 secs] 
2016-09-13T20:11:56.964-0400: 16.106: [GC (GCLocker Initiated GC) [PSYoungGen: 129367K->23441K(174592K)] 261516K->160383K(698880K), 0.0052539 secs] [Times: user=0.06 sys=0.00, real=0.01 secs] 
2016-09-13T20:11:57.083-0400: 16.225: [GC (GCLocker Initiated GC) [PSYoungGen: 118161K->51033K(176640K)] 255254K->188354K(700928K), 0.0140532 secs] [Times: user=0.20 sys=0.00, real=0.02 secs] 
2016-09-13T20:11:57.205-0400: 16.347: [GC (GCLocker Initiated GC) [PSYoungGen: 145753K->37206K(173568K)] 283088K->174817K(697856K), 0.0213865 secs] [Times: user=0.31 sys=0.00, real=0.02 secs] 
2016-09-13T20:11:57.353-0400: 16.494: [GC (Allocation Failure) [PSYoungGen: 136022K->51002K(177152K)] 273781K->198197K(701440K), 0.0079059 secs] [Times: user=0.12 sys=0.00, real=0.01 secs] 
2016-09-13T20:11:57.476-0400: 16.618: [GC (GCLocker Initiated GC) [PSYoungGen: 149818K->46415K(178688K)] 297018K->212199K(702976K), 0.0077053 secs] [Times: user=0.09 sys=0.01, real=0.00 secs] 
2016-09-13T20:11:57.635-0400: 16.777: [GC (GCLocker Initiated GC) [PSYoungGen: 151887K->43303K(181248K)] 317870K->209611K(705536K), 0.0052486 secs] [Times: user=0.06 sys=0.00, real=0.01 secs] 
2016-09-13T20:11:57.809-0400: 16.951: [GC (GCLocker Initiated GC) [PSYoungGen: 148775K->50998K(185856K)] 315126K->219022K(710144K), 0.0082150 secs] [Times: user=0.10 sys=0.00, real=0.01 secs] 
2016-09-13T20:11:57.990-0400: 17.132: [GC (Allocation Failure) [PSYoungGen: 164150K->5301K(185856K)] 339803K->185712K(710144K), 0.0036689 secs] [Times: user=0.03 sys=0.00, real=0.00 secs] 
2016-09-13T20:11:58.146-0400: 17.288: [GC (GCLocker Initiated GC) [PSYoungGen: 117789K->14298K(183808K)] 304276K->200985K(708096K), 0.0322450 secs] [Times: user=0.35 sys=0.00, real=0.04 secs] 
2016-09-13T20:11:58.350-0400: 17.492: [GC (GCLocker Initiated GC) [PSYoungGen: 121818K->69100K(176640K)] 308527K->256012K(700928K), 0.0099368 secs] [Times: user=0.12 sys=0.00, real=0.01 secs] 
2016-09-13T20:11:58.522-0400: 17.664: [GC (GCLocker Initiated GC) [PSYoungGen: 176620K->52575K(177152K)] 369810K->255112K(701440K), 0.0089507 secs] [Times: user=0.09 sys=0.01, real=0.01 secs] 
2016-09-13T20:11:58.697-0400: 17.838: [GC (GCLocker Initiated GC) [PSYoungGen: 144735K->12842K(105472K)] 359600K->227967K(629760K), 0.0109258 secs] [Times: user=0.14 sys=0.00, real=0.00 secs] 
2016-09-13T20:11:58.853-0400: 17.995: [GC (GCLocker Initiated GC) [PSYoungGen: 105002K->41470K(180224K)] 321710K->262920K(704512K), 0.0238343 secs] [Times: user=0.23 sys=0.00, real=0.03 secs] 
2016-09-13T20:11:59.012-0400: 18.154: [GC (GCLocker Initiated GC) [PSYoungGen: 136190K->61377K(156160K)] 357874K->289342K(680448K), 0.0103752 secs] [Times: user=0.08 sys=0.00, real=0.01 secs] 
2016-09-13T20:11:59.183-0400: 18.325: [GC (Allocation Failure) [PSYoungGen: 156097K->23313K(177664K)] 385790K->253278K(701952K), 0.0214244 secs] [Times: user=0.22 sys=0.00, real=0.02 secs] 
2016-09-13T20:11:59.327-0400: 18.469: [GC (GCLocker Initiated GC) [PSYoungGen: 114961K->41321K(133120K)] 344939K->271479K(657408K), 0.0261592 secs] [Times: user=0.22 sys=0.00, real=0.03 secs] 
2016-09-13T20:11:59.468-0400: 18.610: [GC (GCLocker Initiated GC) [PSYoungGen: 132969K->55494K(169984K)] 364695K->287308K(694272K), 0.0246039 secs] [Times: user=0.27 sys=0.00, real=0.02 secs] 
2016-09-13T20:11:59.611-0400: 18.753: [GC (Allocation Failure) [PSYoungGen: 145094K->50896K(172032K)] 377059K->298364K(696320K), 0.0211672 secs] [Times: user=0.26 sys=0.01, real=0.02 secs] 
2016-09-13T20:11:59.747-0400: 18.889: [GC (GCLocker Initiated GC) [PSYoungGen: 140496K->66004K(171008K)] 387978K->319885K(695296K), 0.0075039 secs] [Times: user=0.08 sys=0.00, real=0.01 secs] 
2016-09-13T20:11:59.885-0400: 19.027: [GC (GCLocker Initiated GC) [PSYoungGen: 155092K->52389K(175616K)] 409000K->324674K(699904K), 0.0202562 secs] [Times: user=0.25 sys=0.01, real=0.02 secs] 
2016-09-13T20:12:00.024-0400: 19.166: [GC (GCLocker Initiated GC) [PSYoungGen: 141477K->32555K(170496K)] 413952K->309815K(694784K), 0.0054398 secs] [Times: user=0.05 sys=0.00, real=0.01 secs] 
2016-09-13T20:12:00.160-0400: 19.302: [GC (GCLocker Initiated GC) [PSYoungGen: 122667K->44545K(173568K)] 400266K->322321K(697856K), 0.0180582 secs] [Times: user=0.20 sys=0.00, real=0.02 secs] 
2016-09-13T20:12:00.308-0400: 19.450: [GC (GCLocker Initiated GC) [PSYoungGen: 134657K->64512K(174080K)] 412582K->342592K(698368K), 0.0101051 secs] [Times: user=0.12 sys=0.00, real=0.01 secs] 
2016-09-13T20:12:00.482-0400: 19.624: [GC (GCLocker Initiated GC) [PSYoungGen: 158720K->64634K(159232K)] 437057K->343256K(683520K), 0.0152858 secs] [Times: user=0.17 sys=0.00, real=0.02 secs] 
2016-09-13T20:12:00.656-0400: 19.798: [GC (GCLocker Initiated GC) [PSYoungGen: 158842K->23528K(175104K)] 449901K->314804K(699392K), 0.0091222 secs] [Times: user=0.09 sys=0.00, real=0.00 secs] 
2016-09-13T20:12:00.804-0400: 19.946: [GC (GCLocker Initiated GC) [PSYoungGen: 111592K->34164K(122368K)] 402986K->325765K(646656K), 0.0208413 secs] [Times: user=0.23 sys=0.00, real=0.02 secs] 
2016-09-13T20:12:00.951-0400: 20.093: [GC (GCLocker Initiated GC) [PSYoungGen: 122228K->79735K(171008K)] 415563K->382403K(695296K), 0.0108623 secs] [Times: user=0.10 sys=0.01, real=0.01 secs] 
2016-09-13T20:12:01.078-0400: 20.220: [GC (GCLocker Initiated GC) [PSYoungGen: 165751K->42002K(173056K)] 470183K->401415K(697344K), 0.0152845 secs] [Times: user=0.17 sys=0.00, real=0.01 secs] 
2016-09-13T20:12:01.255-0400: 20.397: [GC (Allocation Failure) [PSYoungGen: 128018K->5247K(175104K)] 499756K->377277K(699392K), 0.0104283 secs] [Times: user=0.12 sys=0.00, real=0.01 secs] 
2016-09-13T20:12:01.444-0400: 20.586: [GC (Allocation Failure) [PSYoungGen: 93311K->23341K(175104K)] 465341K->395635K(699392K), 0.0106745 secs] [Times: user=0.11 sys=0.00, real=0.01 secs] 
2016-09-13T20:12:01.569-0400: 20.711: [GC (Allocation Failure) [PSYoungGen: 110786K->41506K(175104K)] 483080K->413974K(699392K), 0.0111563 secs] [Times: user=0.07 sys=0.00, real=0.01 secs] 
2016-09-13T20:12:01.691-0400: 20.833: [GC (GCLocker Initiated GC) [PSYoungGen: 129570K->64729K(175104K)] 502043K->437526K(699392K), 0.0091371 secs] [Times: user=0.13 sys=0.00, real=0.01 secs] 
2016-09-13T20:12:01.836-0400: 20.978: [GC (Allocation Failure) [PSYoungGen: 152793K->41784K(174080K)] 525609K->414872K(698368K), 0.0081055 secs] [Times: user=0.06 sys=0.01, real=0.00 secs] 
2016-09-13T20:12:01.944-0400: 21.086: [GC (GCLocker Initiated GC) [PSYoungGen: 129848K->38629K(126976K)] 502942K->412031K(651264K), 0.0127040 secs] [Times: user=0.12 sys=0.00, real=0.02 secs] 
2016-09-13T20:12:02.080-0400: 21.222: [GC (GCLocker Initiated GC) [PSYoungGen: 126693K->44895K(175616K)] 503229K->439850K(699904K), 0.0118571 secs] [Times: user=0.14 sys=0.01, real=0.01 secs] 
2016-09-13T20:12:02.227-0400: 21.369: [GC (GCLocker Initiated GC) [PSYoungGen: 137567K->40270K(172544K)] 532564K->440128K(696832K), 0.0124256 secs] [Times: user=0.17 sys=0.01, real=0.02 secs] 
2016-09-13T20:12:02.409-0400: 21.551: [GC (GCLocker Initiated GC) [PSYoungGen: 132942K->24955K(176640K)] 539109K->438846K(700928K), 0.0078924 secs] [Times: user=0.07 sys=0.01, real=0.01 secs] 
2016-09-13T20:12:02.607-0400: 21.749: [GC (GCLocker Initiated GC) [PSYoungGen: 124795K->27961K(176128K)] 544959K->448375K(700416K), 0.0060787 secs] [Times: user=0.07 sys=0.01, real=0.01 secs] 
2016-09-13T20:12:02.777-0400: 21.919: [GC (GCLocker Initiated GC) [PSYoungGen: 127801K->40181K(180224K)] 549760K->462286K(704512K), 0.0083779 secs] [Times: user=0.11 sys=0.00, real=0.00 secs] 
2016-09-13T20:12:02.921-0400: 22.063: [GC (GCLocker Initiated GC) [PSYoungGen: 150773K->35905K(182272K)] 574416K->473387K(706560K), 0.0079380 secs] [Times: user=0.08 sys=0.01, real=0.01 secs] 
2016-09-13T20:12:03.092-0400: 22.234: [GC (GCLocker Initiated GC) [PSYoungGen: 146497K->31127K(187904K)] 596194K->494919K(712192K), 0.0078225 secs] [Times: user=0.10 sys=0.00, real=0.01 secs] 
2016-09-13T20:12:03.313-0400: 22.455: [GC (GCLocker Initiated GC) [PSYoungGen: 152471K->25020K(188928K)] 630191K->515060K(713216K), 0.0089284 secs] [Times: user=0.09 sys=0.00, real=0.01 secs] 
2016-09-13T20:12:03.512-0400: 22.654: [GC (GCLocker Initiated GC) [PSYoungGen: 146364K->41938K(192000K)] 638060K->533797K(716288K), 0.0069251 secs] [Times: user=0.09 sys=0.00, real=0.01 secs] 
2016-09-13T20:12:03.713-0400: 22.855: [GC (GCLocker Initiated GC) [PSYoungGen: 169426K->65870K(193536K)] 661323K->558020K(717824K), 0.0169610 secs] [Times: user=0.14 sys=0.01, real=0.02 secs] 
2016-09-13T20:12:03.908-0400: 23.050: [GC (GCLocker Initiated GC) [PSYoungGen: 193358K->53945K(180224K)] 685530K->550922K(704512K), 0.0074693 secs] [Times: user=0.09 sys=0.01, real=0.01 secs] 
2016-09-13T20:12:04.116-0400: 23.258: [GC (GCLocker Initiated GC) [PSYoungGen: 165561K->49291K(186880K)] 662575K->555564K(711168K), 0.0114928 secs] [Times: user=0.11 sys=0.01, real=0.00 secs] 
2016-09-13T20:12:04.127-0400: 23.269: [Full GC (Ergonomics) [PSYoungGen: 49291K->0K(186880K)] [ParOldGen: 506272K->38497K(524288K)] 555564K->38497K(711168K), [Metaspace: 44260K->44260K(1087488K)], 0.0802727 secs] [Times: user=0.33 sys=0.02, real=0.09 secs] 
2016-09-13T20:12:04.357-0400: 23.499: [GC (Allocation Failure) [PSYoungGen: 111616K->73874K(171008K)] 150364K->112622K(695296K), 0.0126661 secs] [Times: user=0.17 sys=0.00, real=0.01 secs] 
2016-09-13T20:12:04.484-0400: 23.626: [GC (GCLocker Initiated GC) [PSYoungGen: 170130K->65999K(162304K)] 208884K->111381K(686592K), 0.0088031 secs] [Times: user=0.09 sys=0.01, real=0.01 secs] 
2016-09-13T20:12:04.629-0400: 23.771: [GC (GCLocker Initiated GC) [PSYoungGen: 162255K->46250K(178688K)] 207863K->91954K(702976K), 0.0124399 secs] [Times: user=0.14 sys=0.01, real=0.01 secs] 
2016-09-13T20:12:04.778-0400: 23.920: [GC (Allocation Failure) [PSYoungGen: 137898K->30875K(122880K)] 183680K->76763K(647168K), 0.0067852 secs] [Times: user=0.05 sys=0.00, real=0.00 secs] 
2016-09-13T20:12:04.907-0400: 24.049: [GC (GCLocker Initiated GC) [PSYoungGen: 121173K->43152K(177152K)] 168580K->93743K(701440K), 0.0177294 secs] [Times: user=0.15 sys=0.00, real=0.02 secs] 
2016-09-13T20:12:05.099-0400: 24.241: [GC (GCLocker Initiated GC) [PSYoungGen: 137872K->44544K(174080K)] 190184K->97116K(698368K), 0.0168525 secs] [Times: user=0.17 sys=0.00, real=0.01 secs] 
2016-09-13T20:12:05.248-0400: 24.390: [GC (Allocation Failure) [PSYoungGen: 139264K->46500K(179200K)] 191913K->103997K(703488K), 0.0137096 secs] [Times: user=0.15 sys=0.00, real=0.01 secs] 
2016-09-13T20:12:05.408-0400: 24.550: [GC (GCLocker Initiated GC) [PSYoungGen: 149327K->61314K(176640K)] 208344K->120641K(700928K), 0.0130817 secs] [Times: user=0.13 sys=0.00, real=0.01 secs] 
2016-09-13T20:12:05.565-0400: 24.707: [GC (GCLocker Initiated GC) [PSYoungGen: 164226K->49323K(185856K)] 223698K->109012K(710144K), 0.0123029 secs] [Times: user=0.16 sys=0.00, real=0.02 secs] 
2016-09-13T20:12:05.712-0400: 24.854: [GC (GCLocker Initiated GC) [PSYoungGen: 160427K->52330K(185344K)] 220142K->130412K(709632K), 0.0078007 secs] [Times: user=0.07 sys=0.00, real=0.01 secs] 
2016-09-13T20:12:05.895-0400: 25.037: [GC (GCLocker Initiated GC) [PSYoungGen: 163434K->28088K(186368K)] 253691K->127589K(710656K), 0.0068357 secs] [Times: user=0.07 sys=0.00, real=0.01 secs] 
2016-09-13T20:12:09.035-0400: 28.176: [GC (GCLocker Initiated GC) [PSYoungGen: 140728K->61501K(174592K)] 240280K->165885K(698880K), 0.0390699 secs] [Times: user=0.33 sys=0.03, real=0.04 secs] 
2016-09-13T20:12:09.238-0400: 28.380: [GC (GCLocker Initiated GC) [PSYoungGen: 174141K->73651K(171520K)] 283481K->195468K(695808K), 0.0158688 secs] [Times: user=0.18 sys=0.01, real=0.01 secs] 
2016-09-13T20:12:09.381-0400: 28.523: [GC (GCLocker Initiated GC) [PSYoungGen: 167859K->44858K(178176K)] 289773K->185196K(702464K), 0.0107885 secs] [Times: user=0.12 sys=0.01, real=0.01 secs] 
2016-09-13T20:12:09.517-0400: 28.659: [GC (GCLocker Initiated GC) [PSYoungGen: 139066K->41602K(172544K)] 279435K->218705K(696832K), 0.0235773 secs] [Times: user=0.22 sys=0.00, real=0.02 secs] 
2016-09-13T20:12:09.674-0400: 28.815: [GC (GCLocker Initiated GC) [PSYoungGen: 138370K->61538K(176640K)] 315719K->284723K(700928K), 0.0108984 secs] [Times: user=0.12 sys=0.01, real=0.01 secs] 
2016-09-13T20:12:09.803-0400: 28.945: [GC (GCLocker Initiated GC) [PSYoungGen: 158306K->78117K(169472K)] 383115K->333652K(693760K), 0.0108861 secs] [Times: user=0.12 sys=0.00, real=0.01 secs] 
2016-09-13T20:12:09.924-0400: 29.066: [GC (GCLocker Initiated GC) [PSYoungGen: 166181K->35459K(175104K)] 427873K->317033K(699392K), 0.0234164 secs] [Times: user=0.19 sys=0.00, real=0.03 secs] 
2016-09-13T20:12:10.058-0400: 29.200: [GC (GCLocker Initiated GC) [PSYoungGen: 123523K->64638K(175104K)] 405292K->375516K(699392K), 0.0219195 secs] [Times: user=0.27 sys=0.01, real=0.02 secs] 
2016-09-13T20:12:10.193-0400: 29.335: [GC (GCLocker Initiated GC) [PSYoungGen: 152702K->46409K(134656K)] 471368K->383629K(658944K), 0.0078737 secs] [Times: user=0.11 sys=0.01, real=0.01 secs] 
2016-09-13T20:12:10.317-0400: 29.459: [GC (GCLocker Initiated GC) [PSYoungGen: 134473K->24992K(174080K)] 471908K->380944K(698368K), 0.0138062 secs] [Times: user=0.14 sys=0.00, real=0.01 secs] 
2016-09-13T20:12:10.440-0400: 29.581: [GC (GCLocker Initiated GC) [PSYoungGen: 112544K->46186K(134144K)] 468521K->407019K(658432K), 0.0284198 secs] [Times: user=0.28 sys=0.00, real=0.03 secs] 
2016-09-13T20:12:10.563-0400: 29.705: [GC (GCLocker Initiated GC) [PSYoungGen: 133738K->47741K(176128K)] 496107K->411874K(700416K), 0.0296687 secs] [Times: user=0.35 sys=0.02, real=0.03 secs] 
2016-09-13T20:12:10.719-0400: 29.861: [GC (GCLocker Initiated GC) [PSYoungGen: 139389K->35624K(173056K)] 509774K->424456K(697344K), 0.0074734 secs] [Times: user=0.08 sys=0.01, real=0.00 secs] 
2016-09-13T20:12:10.863-0400: 30.005: [GC (GCLocker Initiated GC) [PSYoungGen: 127272K->41975K(178176K)] 523971K->443530K(702464K), 0.0186270 secs] [Times: user=0.18 sys=0.01, real=0.02 secs] 
2016-09-13T20:12:11.030-0400: 30.172: [GC (GCLocker Initiated GC) [PSYoungGen: 140791K->46254K(176640K)] 545509K->451170K(700928K), 0.0107115 secs] [Times: user=0.08 sys=0.00, real=0.01 secs] 
2016-09-13T20:12:11.202-0400: 30.344: [GC (GCLocker Initiated GC) [PSYoungGen: 145070K->28302K(179200K)] 562283K->445749K(703488K), 0.0266733 secs] [Times: user=0.30 sys=0.01, real=0.03 secs] 
2016-09-13T20:12:11.387-0400: 30.529: [GC (GCLocker Initiated GC) [PSYoungGen: 132750K->29357K(179712K)] 550216K->447025K(704000K), 0.0063583 secs] [Times: user=0.05 sys=0.00, real=0.01 secs] 
2016-09-13T20:12:11.522-0400: 30.663: [GC (GCLocker Initiated GC) [PSYoungGen: 133805K->47677K(183808K)] 551535K->471645K(708096K), 0.0155672 secs] [Times: user=0.15 sys=0.00, real=0.02 secs] 
2016-09-13T20:12:11.700-0400: 30.842: [GC (GCLocker Initiated GC) [PSYoungGen: 159805K->41597K(185344K)] 583798K->471917K(709632K), 0.0172043 secs] [Times: user=0.13 sys=0.00, real=0.02 secs] 
2016-09-13T20:12:11.880-0400: 31.022: [GC (GCLocker Initiated GC) [PSYoungGen: 153725K->46244K(186880K)] 584319K->478625K(711168K), 0.0071412 secs] [Times: user=0.05 sys=0.01, real=0.00 secs] 
2016-09-13T20:12:12.050-0400: 31.192: [GC (GCLocker Initiated GC) [PSYoungGen: 164516K->28151K(187392K)] 603156K->466993K(711680K), 0.0165672 secs] [Times: user=0.17 sys=0.00, real=0.01 secs] 
2016-09-13T20:12:12.269-0400: 31.411: [GC (GCLocker Initiated GC) [PSYoungGen: 146423K->41661K(187904K)] 586945K->482435K(712192K), 0.0220305 secs] [Times: user=0.22 sys=0.01, real=0.02 secs] 
2016-09-13T20:12:12.470-0400: 31.611: [GC (GCLocker Initiated GC) [PSYoungGen: 165565K->43244K(190464K)] 606534K->484465K(714752K), 0.0147279 secs] [Times: user=0.16 sys=0.00, real=0.01 secs] 
2016-09-13T20:12:12.673-0400: 31.814: [GC (GCLocker Initiated GC) [PSYoungGen: 167148K->43180K(192000K)] 608527K->484760K(716288K), 0.0137643 secs] [Times: user=0.13 sys=0.00, real=0.01 secs] 
2016-09-13T20:12:12.899-0400: 32.041: [GC (GCLocker Initiated GC) [PSYoungGen: 174252K->30998K(194048K)] 622384K->485407K(718336K), 0.0219571 secs] [Times: user=0.21 sys=0.00, real=0.02 secs] 
2016-09-13T20:12:13.139-0400: 32.281: [GC (GCLocker Initiated GC) [PSYoungGen: 162070K->32808K(197632K)] 622714K->496645K(721920K), 0.0102577 secs] [Times: user=0.12 sys=0.00, real=0.01 secs] 
2016-09-13T20:12:13.350-0400: 32.492: [GC (Allocation Failure) [PSYoungGen: 169512K->50988K(187904K)] 633514K->515361K(712192K), 0.0081467 secs] [Times: user=0.12 sys=0.00, real=0.01 secs] 
2016-09-13T20:12:13.561-0400: 32.703: [GC (GCLocker Initiated GC) [PSYoungGen: 187692K->43084K(200192K)] 652066K->515175K(724480K), 0.0215213 secs] [Times: user=0.23 sys=0.00, real=0.02 secs] 
2016-09-13T20:12:13.786-0400: 32.928: [GC (GCLocker Initiated GC) [PSYoungGen: 179276K->9826K(146432K)] 657464K->488184K(670720K), 0.0104972 secs] [Times: user=0.11 sys=0.00, real=0.02 secs] 
2016-09-13T20:12:14.014-0400: 33.156: [GC (GCLocker Initiated GC) [PSYoungGen: 146018K->44832K(197120K)] 624381K->535602K(721408K), 0.0164535 secs] [Times: user=0.20 sys=0.00, real=0.02 secs] 
2016-09-13T20:12:14.232-0400: 33.374: [GC (GCLocker Initiated GC) [PSYoungGen: 176416K->46350K(196608K)] 667195K->537284K(720896K), 0.0113730 secs] [Times: user=0.12 sys=0.00, real=0.01 secs] 
2016-09-13T20:12:14.424-0400: 33.566: [GC (Allocation Failure) [PSYoungGen: 177934K->24991K(196608K)] 670649K->517958K(720896K), 0.0118781 secs] [Times: user=0.16 sys=0.00, real=0.02 secs] 
2016-09-13T20:12:14.644-0400: 33.786: [GC (GCLocker Initiated GC) [PSYoungGen: 156063K->43211K(174592K)] 649033K->536315K(698880K), 0.0156396 secs] [Times: user=0.14 sys=0.00, real=0.02 secs] 
2016-09-13T20:12:14.853-0400: 33.995: [GC (GCLocker Initiated GC) [PSYoungGen: 174283K->31063K(196608K)] 673555K->530556K(720896K), 0.0221430 secs] [Times: user=0.25 sys=0.00, real=0.02 secs] 
2016-09-13T20:12:15.081-0400: 34.223: [GC (GCLocker Initiated GC) [PSYoungGen: 163159K->43344K(195584K)] 662680K->555304K(719872K), 0.0152141 secs] [Times: user=0.15 sys=0.00, real=0.02 secs] 
2016-09-13T20:12:15.096-0400: 34.238: [Full GC (Ergonomics) [PSYoungGen: 43344K->0K(195584K)] [ParOldGen: 511959K->38899K(524288K)] 555304K->38899K(719872K), [Metaspace: 44314K->44314K(1087488K)], 0.0602332 secs] [Times: user=0.32 sys=0.00, real=0.06 secs] 
2016-09-13T20:12:15.333-0400: 34.474: [GC (GCLocker Initiated GC) [PSYoungGen: 132096K->61692K(186368K)] 172548K->106701K(710656K), 0.0323692 secs] [Times: user=0.30 sys=0.01, real=0.03 secs] 
2016-09-13T20:12:15.509-0400: 34.651: [GC (GCLocker Initiated GC) [PSYoungGen: 185596K->61719K(185856K)] 230972K->135029K(710144K), 0.0091973 secs] [Times: user=0.12 sys=0.00, real=0.01 secs] 
2016-09-13T20:12:15.722-0400: 34.864: [GC (GCLocker Initiated GC) [PSYoungGen: 185623K->25151K(188416K)] 274440K->114186K(712704K), 0.0236957 secs] [Times: user=0.23 sys=0.00, real=0.02 secs] 
2016-09-13T20:12:15.912-0400: 35.054: [GC (GCLocker Initiated GC) [PSYoungGen: 139839K->50966K(165888K)] 235242K->146551K(690176K), 0.0098325 secs] [Times: user=0.14 sys=0.00, real=0.01 secs] 
2016-09-13T20:12:16.112-0400: 35.254: [GC (Allocation Failure) [PSYoungGen: 165654K->52363K(186880K)] 261256K->148206K(711168K), 0.0088351 secs] [Times: user=0.12 sys=0.00, real=0.01 secs] 
2016-09-13T20:12:16.278-0400: 35.420: [GC (GCLocker Initiated GC) [PSYoungGen: 163542K->43345K(156160K)] 260905K->149967K(680448K), 0.0107880 secs] [Times: user=0.12 sys=0.00, real=0.01 secs] 
2016-09-13T20:12:16.473-0400: 35.615: [GC (Allocation Failure) [PSYoungGen: 155985K->23564K(184320K)] 270460K->138273K(708608K), 0.0103147 secs] [Times: user=0.14 sys=0.01, real=0.01 secs] 
2016-09-13T20:12:16.660-0400: 35.802: [GC (GCLocker Initiated GC) [PSYoungGen: 136204K->43180K(184832K)] 250913K->158062K(709120K), 0.0095348 secs] [Times: user=0.10 sys=0.00, real=0.01 secs] 
2016-09-13T20:12:16.873-0400: 36.015: [GC (GCLocker Initiated GC) [PSYoungGen: 155820K->49073K(187904K)] 270875K->164404K(712192K), 0.0400542 secs] [Times: user=0.44 sys=0.00, real=0.04 secs] 
2016-09-13T20:12:17.081-0400: 36.223: [GC (GCLocker Initiated GC) [PSYoungGen: 167345K->64442K(182784K)] 284386K->186233K(707072K), 0.0129710 secs] [Times: user=0.15 sys=0.00, real=0.01 secs] 
2016-09-13T20:12:17.269-0400: 36.411: [GC (GCLocker Initiated GC) [PSYoungGen: 182714K->60078K(181760K)] 307932K->185580K(706048K), 0.0134131 secs] [Times: user=0.19 sys=0.00, real=0.01 secs] 
2016-09-13T20:12:17.429-0400: 36.571: [GC (GCLocker Initiated GC) [PSYoungGen: 166574K->56886K(163840K)] 292098K->182784K(688128K), 0.0078837 secs] [Times: user=0.09 sys=0.00, real=0.01 secs] 
2016-09-13T20:12:17.592-0400: 36.734: [GC (Allocation Failure) [PSYoungGen: 163382K->5307K(175104K)] 297049K->152850K(699392K), 0.0137334 secs] [Times: user=0.16 sys=0.00, real=0.01 secs] 
2016-09-13T20:12:17.732-0400: 36.874: [GC (GCLocker Initiated GC) [PSYoungGen: 101563K->46224K(179200K)] 249114K->194102K(703488K), 0.0068943 secs] [Times: user=0.08 sys=0.00, real=0.01 secs] 
2016-09-13T20:12:17.886-0400: 37.028: [GC (GCLocker Initiated GC) [PSYoungGen: 142480K->28178K(176128K)] 297971K->183807K(700416K), 0.0239594 secs] [Times: user=0.26 sys=0.01, real=0.03 secs] 
2016-09-13T20:12:18.067-0400: 37.209: [GC (GCLocker Initiated GC) [PSYoungGen: 127506K->43117K(178176K)] 283367K->199242K(702464K), 0.0118454 secs] [Times: user=0.11 sys=0.00, real=0.02 secs] 
2016-09-13T20:12:18.229-0400: 37.371: [GC (GCLocker Initiated GC) [PSYoungGen: 142445K->50965K(182272K)] 300249K->208974K(706560K), 0.0098877 secs] [Times: user=0.10 sys=0.00, real=0.01 secs] 
2016-09-13T20:12:18.409-0400: 37.551: [GC (GCLocker Initiated GC) [PSYoungGen: 157461K->32554K(182272K)] 321571K->196881K(706560K), 0.0104150 secs] [Times: user=0.11 sys=0.00, real=0.01 secs] 
2016-09-13T20:12:18.574-0400: 37.716: [GC (GCLocker Initiated GC) [PSYoungGen: 139050K->29483K(185344K)] 303452K->198577K(709632K), 0.0246984 secs] [Times: user=0.24 sys=0.01, real=0.03 secs] 
2016-09-13T20:12:18.745-0400: 37.887: [GC (GCLocker Initiated GC) [PSYoungGen: 141099K->44879K(184832K)] 310290K->214279K(709120K), 0.0064942 secs] [Times: user=0.05 sys=0.00, real=0.01 secs] 
2016-09-13T20:12:18.950-0400: 38.092: [GC (GCLocker Initiated GC) [PSYoungGen: 156495K->43089K(185856K)] 326037K->212867K(710144K), 0.0076362 secs] [Times: user=0.07 sys=0.00, real=0.01 secs] 
2016-09-13T20:12:19.122-0400: 38.264: [GC (GCLocker Initiated GC) [PSYoungGen: 160337K->49196K(186368K)] 330135K->219203K(710656K), 0.0292396 secs] [Times: user=0.24 sys=0.00, real=0.03 secs] 
2016-09-13T20:12:19.317-0400: 38.459: [GC (Allocation Failure) [PSYoungGen: 166444K->44890K(189440K)] 336722K->218497K(713728K), 0.0209128 secs] [Times: user=0.23 sys=0.00, real=0.02 secs] 
2016-09-13T20:12:19.517-0400: 38.659: [GC (GCLocker Initiated GC) [PSYoungGen: 167688K->49128K(190976K)] 342814K->224456K(715264K), 0.0288295 secs] [Times: user=0.30 sys=0.00, real=0.02 secs] 
2016-09-13T20:12:19.732-0400: 38.874: [GC (GCLocker Initiated GC) [PSYoungGen: 172520K->59860K(186368K)] 347850K->235352K(710656K), 0.0196132 secs] [Times: user=0.22 sys=0.01, real=0.02 secs] 
2016-09-13T20:12:19.921-0400: 39.063: [GC (Allocation Failure) [PSYoungGen: 178644K->41730K(190464K)] 354206K->217431K(714752K), 0.0101271 secs] [Times: user=0.09 sys=0.00, real=0.01 secs] 
2016-09-13T20:12:20.090-0400: 39.232: [GC (GCLocker Initiated GC) [PSYoungGen: 155357K->46442K(184320K)] 337132K->228517K(708608K), 0.0107191 secs] [Times: user=0.10 sys=0.00, real=0.01 secs] 
2016-09-13T20:12:20.277-0400: 39.419: [GC (GCLocker Initiated GC) [PSYoungGen: 167274K->47736K(188416K)] 349542K->230191K(712704K), 0.0157586 secs] [Times: user=0.15 sys=0.00, real=0.01 secs] 
2016-09-13T20:12:20.486-0400: 39.628: [GC (Allocation Failure) [PSYoungGen: 168568K->23442K(192512K)] 358624K->221384K(716800K), 0.0347152 secs] [Times: user=0.39 sys=0.01, real=0.04 secs] 
2016-09-13T20:12:23.911-0400: 43.053: [GC (GCLocker Initiated GC) [PSYoungGen: 149394K->46128K(194048K)] 347347K->244195K(718336K), 0.0358484 secs] [Times: user=0.36 sys=0.00, real=0.03 secs] 
2016-09-13T20:12:24.107-0400: 43.249: [GC (GCLocker Initiated GC) [PSYoungGen: 172080K->63052K(185856K)] 371927K->269110K(710144K), 0.0076942 secs] [Times: user=0.06 sys=0.00, real=0.01 secs] 
2016-09-13T20:12:24.250-0400: 43.392: [GC (GCLocker Initiated GC) [PSYoungGen: 181836K->65992K(184832K)] 387910K->284347K(709120K), 0.0199193 secs] [Times: user=0.21 sys=0.00, real=0.02 secs] 
2016-09-13T20:12:24.419-0400: 43.560: [GC (GCLocker Initiated GC) [PSYoungGen: 184776K->57104K(183296K)] 403352K->312446K(707584K), 0.0215522 secs] [Times: user=0.22 sys=0.00, real=0.02 secs] 
2016-09-13T20:12:24.567-0400: 43.709: [GC (GCLocker Initiated GC) [PSYoungGen: 163600K->40205K(146944K)] 426612K->341404K(671232K), 0.0109370 secs] [Times: user=0.08 sys=0.01, real=0.02 secs] 
2016-09-13T20:12:24.731-0400: 43.873: [GC (GCLocker Initiated GC) [PSYoungGen: 146701K->55336K(183808K)] 447933K->375011K(708096K), 0.0145277 secs] [Times: user=0.14 sys=0.00, real=0.01 secs] 
2016-09-13T20:12:24.889-0400: 44.031: [GC (GCLocker Initiated GC) [PSYoungGen: 162856K->35431K(183808K)] 482688K->375086K(708096K), 0.0231856 secs] [Times: user=0.22 sys=0.00, real=0.02 secs] 
2016-09-13T20:12:25.035-0400: 44.177: [GC (GCLocker Initiated GC) [PSYoungGen: 142951K->61187K(182272K)] 490318K->410250K(706560K), 0.0121214 secs] [Times: user=0.09 sys=0.00, real=0.01 secs] 
2016-09-13T20:12:25.164-0400: 44.306: [GC (GCLocker Initiated GC) [PSYoungGen: 167683K->50958K(184320K)] 516905K->408003K(708608K), 0.0356879 secs] [Times: user=0.39 sys=0.01, real=0.04 secs] 
2016-09-13T20:12:25.322-0400: 44.464: [GC (GCLocker Initiated GC) [PSYoungGen: 157454K->64570K(179712K)] 516099K->423511K(704000K), 0.0103098 secs] [Times: user=0.11 sys=0.00, real=0.01 secs] 
2016-09-13T20:12:25.483-0400: 44.625: [GC (GCLocker Initiated GC) [PSYoungGen: 167994K->64661K(168448K)] 530035K->426939K(692736K), 0.0217550 secs] [Times: user=0.27 sys=0.00, real=0.02 secs] 
2016-09-13T20:12:25.639-0400: 44.780: [GC (GCLocker Initiated GC) [PSYoungGen: 168085K->28152K(178176K)] 531901K->407421K(702464K), 0.0115909 secs] [Times: user=0.13 sys=0.02, real=0.01 secs] 
2016-09-13T20:12:25.777-0400: 44.918: [GC (Allocation Failure) [PSYoungGen: 124408K->46217K(142848K)] 503811K->431896K(667136K), 0.0072856 secs] [Times: user=0.07 sys=0.01, real=0.00 secs] 
2016-09-13T20:12:25.907-0400: 45.049: [GC (GCLocker Initiated GC) [PSYoungGen: 142473K->49255K(180224K)] 528155K->435205K(704512K), 0.0145852 secs] [Times: user=0.14 sys=0.00, real=0.02 secs] 
2016-09-13T20:12:26.091-0400: 45.233: [GC (GCLocker Initiated GC) [PSYoungGen: 149607K->27934K(177152K)] 547939K->426397K(701440K), 0.0182589 secs] [Times: user=0.17 sys=0.00, real=0.02 secs] 
2016-09-13T20:12:26.272-0400: 45.414: [GC (GCLocker Initiated GC) [PSYoungGen: 128286K->43211K(182272K)] 526958K->442013K(706560K), 0.0248750 secs] [Times: user=0.25 sys=0.00, real=0.03 secs] 
2016-09-13T20:12:26.450-0400: 45.592: [GC (GCLocker Initiated GC) [PSYoungGen: 150731K->52293K(182784K)] 549562K->451358K(707072K), 0.0344952 secs] [Times: user=0.41 sys=0.00, real=0.03 secs] 
2016-09-13T20:12:26.641-0400: 45.782: [GC (GCLocker Initiated GC) [PSYoungGen: 159813K->44990K(181760K)] 559001K->455054K(706048K), 0.0076482 secs] [Times: user=0.09 sys=0.00, real=0.01 secs] 
2016-09-13T20:12:26.802-0400: 45.944: [GC (GCLocker Initiated GC) [PSYoungGen: 157118K->53908K(184320K)] 567218K->464222K(708608K), 0.0278309 secs] [Times: user=0.29 sys=0.00, real=0.03 secs] 
2016-09-13T20:12:27.008-0400: 46.150: [GC (GCLocker Initiated GC) [PSYoungGen: 166036K->43089K(186880K)] 578154K->456872K(711168K), 0.0276860 secs] [Times: user=0.36 sys=0.00, real=0.03 secs] 
2016-09-13T20:12:27.181-0400: 46.323: [GC (Allocation Failure) [PSYoungGen: 160849K->69095K(186880K)] 574701K->495315K(711168K), 0.0118120 secs] [Times: user=0.12 sys=0.00, real=0.01 secs] 
2016-09-13T20:12:27.354-0400: 46.496: [GC (GCLocker Initiated GC) [PSYoungGen: 186855K->11195K(176640K)] 613078K->480090K(700928K), 0.0084941 secs] [Times: user=0.08 sys=0.00, real=0.01 secs] 
2016-09-13T20:12:27.509-0400: 46.651: [GC (GCLocker Initiated GC) [PSYoungGen: 112571K->68844K(170496K)] 581568K->538066K(694784K), 0.0243572 secs] [Times: user=0.23 sys=0.00, real=0.02 secs] 
2016-09-13T20:12:27.710-0400: 46.852: [GC (GCLocker Initiated GC) [PSYoungGen: 170220K->46249K(180224K)] 639693K->526489K(704512K), 0.0214197 secs] [Times: user=0.21 sys=0.01, real=0.02 secs] 
2016-09-13T20:12:27.882-0400: 47.024: [GC (GCLocker Initiated GC) [PSYoungGen: 140969K->31062K(125952K)] 627465K->517818K(650240K), 0.0076585 secs] [Times: user=0.07 sys=0.00, real=0.01 secs] 
2016-09-13T20:12:28.036-0400: 47.178: [GC (GCLocker Initiated GC) [PSYoungGen: 125782K->50593K(178176K)] 614083K->539163K(702464K), 0.0279729 secs] [Times: user=0.31 sys=0.00, real=0.02 secs] 
2016-09-13T20:12:28.208-0400: 47.349: [Full GC (Ergonomics) [PSYoungGen: 147361K->0K(178176K)] [ParOldGen: 500741K->36605K(524288K)] 648103K->36605K(702464K), [Metaspace: 44362K->44362K(1087488K)], 0.0643298 secs] [Times: user=0.34 sys=0.01, real=0.07 secs] 
2016-09-13T20:12:28.390-0400: 47.532: [GC (GCLocker Initiated GC) [PSYoungGen: 96768K->76821K(174080K)] 133532K->119661K(698368K), 0.0084370 secs] [Times: user=0.11 sys=0.00, real=0.01 secs] 
2016-09-13T20:12:28.511-0400: 47.653: [GC (GCLocker Initiated GC) [PSYoungGen: 173589K->47928K(178176K)] 216452K->138331K(702464K), 0.0162934 secs] [Times: user=0.21 sys=0.01, real=0.02 secs] 
2016-09-13T20:12:28.657-0400: 47.799: [GC (GCLocker Initiated GC) [PSYoungGen: 139064K->23617K(175104K)] 235796K->131257K(699392K), 0.0081483 secs] [Times: user=0.09 sys=0.00, real=0.00 secs] 
2016-09-13T20:12:28.807-0400: 47.949: [GC (GCLocker Initiated GC) [PSYoungGen: 114753K->5365K(173056K)] 231556K->122393K(697344K), 0.0099576 secs] [Times: user=0.11 sys=0.00, real=0.02 secs] 
2016-09-13T20:12:28.954-0400: 48.095: [GC (GCLocker Initiated GC) [PSYoungGen: 93429K->27929K(175104K)] 216543K->151227K(699392K), 0.0169058 secs] [Times: user=0.20 sys=0.00, real=0.02 secs] 
2016-09-13T20:12:29.111-0400: 48.253: [GC (GCLocker Initiated GC) [PSYoungGen: 115993K->46382K(168960K)] 247032K->177610K(693248K), 0.0258393 secs] [Times: user=0.28 sys=0.01, real=0.03 secs] 
2016-09-13T20:12:29.260-0400: 48.402: [GC (Allocation Failure) [PSYoungGen: 135470K->50843K(172544K)] 267036K->182764K(696832K), 0.0073470 secs] [Times: user=0.07 sys=0.00, real=0.00 secs] 
2016-09-13T20:12:29.424-0400: 48.566: [GC (GCLocker Initiated GC) [PSYoungGen: 139931K->46414K(173056K)] 271854K->178629K(697344K), 0.0064188 secs] [Times: user=0.07 sys=0.00, real=0.01 secs] 
2016-09-13T20:12:29.577-0400: 48.718: [GC (GCLocker Initiated GC) [PSYoungGen: 142158K->18884K(176128K)] 274415K->151367K(700416K), 0.0098132 secs] [Times: user=0.08 sys=0.00, real=0.00 secs] 
2016-09-13T20:12:29.703-0400: 48.845: [GC (GCLocker Initiated GC) [PSYoungGen: 114628K->60141K(175104K)] 248874K->199259K(699392K), 0.0158644 secs] [Times: user=0.17 sys=0.00, real=0.02 secs] 
2016-09-13T20:12:29.871-0400: 49.013: [GC (GCLocker Initiated GC) [PSYoungGen: 154349K->41816K(136192K)] 295091K->182756K(660480K), 0.0255713 secs] [Times: user=0.26 sys=0.01, real=0.03 secs] 
2016-09-13T20:12:30.061-0400: 49.203: [GC (GCLocker Initiated GC) [PSYoungGen: 136024K->27934K(178176K)] 290811K->182935K(702464K), 0.0377958 secs] [Times: user=0.39 sys=0.01, real=0.04 secs] 
2016-09-13T20:12:30.248-0400: 49.390: [GC (GCLocker Initiated GC) [PSYoungGen: 126238K->23622K(177152K)] 295084K->192629K(701440K), 0.0226813 secs] [Times: user=0.26 sys=0.00, real=0.02 secs] 
2016-09-13T20:12:30.417-0400: 49.559: [GC (GCLocker Initiated GC) [PSYoungGen: 121926K->53753K(179712K)] 293998K->226079K(704000K), 0.0242501 secs] [Times: user=0.23 sys=0.00, real=0.02 secs] 
2016-09-13T20:12:30.580-0400: 49.722: [GC (GCLocker Initiated GC) [PSYoungGen: 155641K->9958K(181248K)] 334067K->199194K(705536K), 0.0044029 secs] [Times: user=0.03 sys=0.00, real=0.00 secs] 
2016-09-13T20:12:30.725-0400: 49.867: [GC (GCLocker Initiated GC) [PSYoungGen: 111846K->24891K(180224K)] 307291K->228217K(704512K), 0.0356476 secs] [Times: user=0.36 sys=0.00, real=0.04 secs] 
2016-09-13T20:12:30.904-0400: 50.046: [GC (GCLocker Initiated GC) [PSYoungGen: 126779K->34164K(136192K)] 330211K->242453K(660480K), 0.0101101 secs] [Times: user=0.11 sys=0.00, real=0.01 secs] 
2016-09-13T20:12:31.078-0400: 50.219: [GC (GCLocker Initiated GC) [PSYoungGen: 136052K->41666K(181248K)] 345985K->256342K(705536K), 0.0140692 secs] [Times: user=0.14 sys=0.00, real=0.01 secs] 
2016-09-13T20:12:31.250-0400: 50.392: [GC (GCLocker Initiated GC) [PSYoungGen: 148162K->15784K(179712K)] 375016K->242846K(704000K), 0.0094652 secs] [Times: user=0.08 sys=0.01, real=0.01 secs] 
2016-09-13T20:12:31.443-0400: 50.585: [GC (GCLocker Initiated GC) [PSYoungGen: 122280K->14297K(187904K)] 349432K->243229K(712192K), 0.0099266 secs] [Times: user=0.07 sys=0.01, real=0.01 secs] 
2016-09-13T20:12:31.635-0400: 50.777: [GC (GCLocker Initiated GC) [PSYoungGen: 128985K->44673K(187392K)] 359553K->275371K(711680K), 0.0182948 secs] [Times: user=0.16 sys=0.00, real=0.02 secs] 
2016-09-13T20:12:31.846-0400: 50.988: [GC (GCLocker Initiated GC) [PSYoungGen: 159361K->26473K(184832K)] 402243K->269478K(709120K), 0.0225189 secs] [Times: user=0.20 sys=0.00, real=0.03 secs] 
2016-09-13T20:12:32.054-0400: 51.196: [GC (GCLocker Initiated GC) [PSYoungGen: 142697K->50779K(186880K)] 385747K->295564K(711168K), 0.0209109 secs] [Times: user=0.19 sys=0.00, real=0.02 secs] 
2016-09-13T20:12:32.219-0400: 51.361: [GC (GCLocker Initiated GC) [PSYoungGen: 167003K->25012K(189440K)] 414877K->279230K(713728K), 0.0245775 secs] [Times: user=0.26 sys=0.01, real=0.02 secs] 
2016-09-13T20:12:32.411-0400: 51.553: [GC (GCLocker Initiated GC) [PSYoungGen: 142772K->15720K(188928K)] 403087K->276260K(713216K), 0.0225967 secs] [Times: user=0.26 sys=0.00, real=0.02 secs] 
2016-09-13T20:12:32.609-0400: 51.751: [GC (GCLocker Initiated GC) [PSYoungGen: 133480K->43244K(189952K)] 394045K->307075K(714240K), 0.0236023 secs] [Times: user=0.29 sys=0.00, real=0.02 secs] 
2016-09-13T20:12:32.811-0400: 51.953: [GC (GCLocker Initiated GC) [PSYoungGen: 162540K->41698K(189952K)] 428096K->313606K(714240K), 0.0250112 secs] [Times: user=0.27 sys=0.02, real=0.03 secs] 
2016-09-13T20:12:32.985-0400: 52.127: [GC (GCLocker Initiated GC) [PSYoungGen: 160994K->34254K(184832K)] 432924K->306417K(709120K), 0.0167925 secs] [Times: user=0.15 sys=0.01, real=0.02 secs] 
2016-09-13T20:12:33.208-0400: 52.350: [GC (GCLocker Initiated GC) [PSYoungGen: 155598K->24859K(187904K)] 429305K->306412K(712192K), 0.0185846 secs] [Times: user=0.18 sys=0.00, real=0.01 secs] 
2016-09-13T20:12:33.397-0400: 52.539: [GC (Allocation Failure) [PSYoungGen: 146203K->32607K(187904K)] 427826K->315982K(712192K), 0.0274259 secs] [Times: user=0.35 sys=0.00, real=0.02 secs] 
2016-09-13T20:12:33.589-0400: 52.731: [GC (GCLocker Initiated GC) [PSYoungGen: 163167K->29453K(192512K)] 446545K->323630K(716800K), 0.0108989 secs] [Times: user=0.13 sys=0.00, real=0.01 secs] 
2016-09-13T20:12:33.792-0400: 52.934: [GC (GCLocker Initiated GC) [PSYoungGen: 160013K->10018K(200192K)] 457344K->307495K(724480K), 0.0208506 secs] [Times: user=0.24 sys=0.00, real=0.02 secs] 
2016-09-13T20:12:34.044-0400: 53.186: [GC (GCLocker Initiated GC) [PSYoungGen: 150306K->26314K(166912K)] 447964K->324116K(691200K), 0.0074292 secs] [Times: user=0.03 sys=0.01, real=0.01 secs] 
2016-09-13T20:12:34.256-0400: 53.398: [GC (Allocation Failure) [PSYoungGen: 166602K->27833K(201728K)] 470621K->331983K(726016K), 0.0053128 secs] [Times: user=0.04 sys=0.00, real=0.00 secs] 
2016-09-13T20:12:34.487-0400: 53.629: [GC (GCLocker Initiated GC) [PSYoungGen: 168258K->23249K(199680K)] 478482K->338160K(723968K), 0.0061427 secs] [Times: user=0.05 sys=0.00, real=0.01 secs] 
2016-09-13T20:12:34.717-0400: 53.859: [GC (GCLocker Initiated GC) [PSYoungGen: 166609K->53816K(194048K)] 481546K->368939K(718336K), 0.0090234 secs] [Times: user=0.06 sys=0.00, real=0.00 secs] 
2016-09-13T20:12:34.947-0400: 54.089: [GC (Allocation Failure) [PSYoungGen: 193080K->41757K(181248K)] 508535K->366566K(705536K), 0.0144313 secs] [Times: user=0.16 sys=0.00, real=0.02 secs] 
2016-09-13T20:12:35.185-0400: 54.327: [GC (GCLocker Initiated GC) [PSYoungGen: 180031K->46216K(196096K)] 506359K->372738K(720384K), 0.0090683 secs] [Times: user=0.09 sys=0.00, real=0.01 secs] 
2016-09-13T20:12:35.410-0400: 54.551: [GC (GCLocker Initiated GC) [PSYoungGen: 180360K->23436K(198144K)] 514870K->358068K(722432K), 0.0152981 secs] [Times: user=0.18 sys=0.01, real=0.01 secs] 
2016-09-13T20:12:35.632-0400: 54.774: [GC (GCLocker Initiated GC) [PSYoungGen: 157580K->34296K(192000K)] 492393K->369401K(716288K), 0.0069545 secs] [Times: user=0.06 sys=0.00, real=0.01 secs] 
2016-09-13T20:12:35.855-0400: 54.997: [GC (GCLocker Initiated GC) [PSYoungGen: 169464K->20618K(195584K)] 516844K->372809K(719872K), 0.0058045 secs] [Times: user=0.06 sys=0.00, real=0.01 secs] 
2016-09-13T20:12:36.082-0400: 55.224: [GC (GCLocker Initiated GC) [PSYoungGen: 155786K->46382K(197120K)] 508334K->409748K(721408K), 0.0117453 secs] [Times: user=0.13 sys=0.00, real=0.01 secs] 
2016-09-13T20:12:36.294-0400: 55.436: [GC (GCLocker Initiated GC) [PSYoungGen: 183598K->41661K(199680K)] 554750K->412991K(723968K), 0.0192667 secs] [Times: user=0.18 sys=0.01, real=0.02 secs] 
2016-09-13T20:12:36.549-0400: 55.691: [GC (GCLocker Initiated GC) [PSYoungGen: 178877K->44635K(196608K)] 550340K->416241K(720896K), 0.0398122 secs] [Times: user=0.39 sys=0.00, real=0.04 secs] 
2016-09-13T20:12:36.750-0400: 55.892: [GC (GCLocker Initiated GC) [PSYoungGen: 178779K->49383K(183808K)] 550449K->421250K(708096K), 0.0073831 secs] [Times: user=0.05 sys=0.01, real=0.01 secs] 
2016-09-13T20:12:36.953-0400: 56.095: [GC (GCLocker Initiated GC) [PSYoungGen: 183527K->46128K(195072K)] 555598K->418303K(719360K), 0.0209547 secs] [Times: user=0.19 sys=0.00, real=0.02 secs] 
2016-09-13T20:12:37.185-0400: 56.327: [GC (GCLocker Initiated GC) [PSYoungGen: 175152K->43116K(195584K)] 547417K->415495K(719872K), 0.0211813 secs] [Times: user=0.20 sys=0.00, real=0.02 secs] 
2016-09-13T20:12:37.398-0400: 56.540: [GC (GCLocker Initiated GC) [PSYoungGen: 172140K->40425K(191488K)] 544547K->413183K(715776K), 0.0100171 secs] [Times: user=0.11 sys=0.00, real=0.01 secs] 
2016-09-13T20:12:37.599-0400: 56.741: [GC (GCLocker Initiated GC) [PSYoungGen: 169961K->8408K(193536K)] 544266K->401196K(717824K), 0.0151070 secs] [Times: user=0.19 sys=0.00, real=0.01 secs] 
2016-09-13T20:12:37.812-0400: 56.954: [GC (GCLocker Initiated GC) [PSYoungGen: 137944K->32517K(195584K)] 530821K->427121K(719872K), 0.0314183 secs] [Times: user=0.32 sys=0.00, real=0.03 secs] 
2016-09-13T20:12:38.046-0400: 57.188: [GC (GCLocker Initiated GC) [PSYoungGen: 164101K->46248K(195584K)] 558725K->447083K(719872K), 0.0081975 secs] [Times: user=0.05 sys=0.00, real=0.01 secs] 
2016-09-13T20:12:38.258-0400: 57.400: [GC (GCLocker Initiated GC) [PSYoungGen: 177832K->43026K(197120K)] 585014K->450393K(721408K), 0.0102540 secs] [Times: user=0.08 sys=0.01, real=0.01 secs] 
2016-09-13T20:12:38.466-0400: 57.608: [GC (GCLocker Initiated GC) [PSYoungGen: 175122K->23718K(156160K)] 590225K->438951K(680448K), 0.0080873 secs] [Times: user=0.11 sys=0.00, real=0.01 secs] 
2016-09-13T20:12:38.695-0400: 57.837: [GC (GCLocker Initiated GC) [PSYoungGen: 155814K->41603K(197632K)] 571285K->457390K(721920K), 0.0109674 secs] [Times: user=0.11 sys=0.00, real=0.01 secs] 
2016-09-13T20:12:38.900-0400: 58.042: [GC (GCLocker Initiated GC) [PSYoungGen: 174723K->47804K(196608K)] 590563K->463783K(720896K), 0.0105539 secs] [Times: user=0.10 sys=0.00, real=0.01 secs] 
2016-09-13T20:12:39.111-0400: 58.253: [GC (GCLocker Initiated GC) [PSYoungGen: 180924K->62865K(183296K)] 598693K->480889K(707584K), 0.0103486 secs] [Times: user=0.11 sys=0.00, real=0.01 secs] 
2016-09-13T20:12:39.335-0400: 58.477: [GC (GCLocker Initiated GC) [PSYoungGen: 180625K->24895K(189952K)] 606501K->455529K(714240K), 0.0106962 secs] [Times: user=0.08 sys=0.00, real=0.01 secs] 
2016-09-13T20:12:39.508-0400: 58.650: [GC (GCLocker Initiated GC) [PSYoungGen: 142655K->64538K(177664K)] 573367K->495534K(701952K), 0.0217162 secs] [Times: user=0.25 sys=0.00, real=0.02 secs] 
2016-09-13T20:12:39.668-0400: 58.810: [GC (GCLocker Initiated GC) [PSYoungGen: 171034K->47932K(184320K)] 602318K->485556K(708608K), 0.0108544 secs] [Times: user=0.13 sys=0.00, real=0.01 secs] 
2016-09-13T20:12:39.855-0400: 58.997: [GC (Allocation Failure) [PSYoungGen: 154428K->27961K(181248K)] 598390K->472254K(705536K), 0.0125376 secs] [Times: user=0.14 sys=0.00, real=0.02 secs] 
2016-09-13T20:12:40.035-0400: 59.177: [GC (Allocation Failure) [PSYoungGen: 135481K->27960K(183296K)] 579774K->472384K(707584K), 0.0175015 secs] [Times: user=0.18 sys=0.01, real=0.02 secs] 
2016-09-13T20:12:40.206-0400: 59.348: [GC (GCLocker Initiated GC) [PSYoungGen: 135480K->32677K(180736K)] 579912K->477417K(705024K), 0.0070302 secs] [Times: user=0.07 sys=0.00, real=0.01 secs] 
2016-09-13T20:12:40.398-0400: 59.540: [GC (GCLocker Initiated GC) [PSYoungGen: 144805K->41731K(183808K)] 591092K->488161K(708096K), 0.0225847 secs] [Times: user=0.28 sys=0.00, real=0.02 secs] 
2016-09-13T20:12:40.580-0400: 59.722: [GC (GCLocker Initiated GC) [PSYoungGen: 153859K->46249K(188416K)] 600505K->502162K(712704K), 0.0094071 secs] [Times: user=0.09 sys=0.00, real=0.01 secs] 
2016-09-13T20:12:40.768-0400: 59.910: [GC (GCLocker Initiated GC) [PSYoungGen: 167081K->46191K(189952K)] 623260K->502661K(714240K), 0.0069780 secs] [Times: user=0.07 sys=0.00, real=0.00 secs] 
2016-09-13T20:12:40.962-0400: 60.104: [GC (Allocation Failure) [PSYoungGen: 167023K->14361K(189952K)] 623634K->471158K(714240K), 0.0349385 secs] [Times: user=0.40 sys=0.01, real=0.04 secs] 
2016-09-13T20:12:41.198-0400: 60.340: [GC (GCLocker Initiated GC) [PSYoungGen: 134578K->28216K(149504K)] 592894K->486806K(673792K), 0.0278839 secs] [Times: user=0.33 sys=0.00, real=0.02 secs] 
2016-09-13T20:12:41.397-0400: 60.539: [GC (GCLocker Initiated GC) [PSYoungGen: 149048K->41597K(192000K)] 609195K->502019K(716288K), 0.0099305 secs] [Times: user=0.08 sys=0.00, real=0.00 secs] 
2016-09-13T20:12:41.572-0400: 60.713: [GC (GCLocker Initiated GC) [PSYoungGen: 164989K->35650K(159232K)] 631626K->502547K(683520K), 0.0259908 secs] [Times: user=0.24 sys=0.00, real=0.03 secs] 
2016-09-13T20:12:41.773-0400: 60.915: [GC (Allocation Failure) [PSYoungGen: 159042K->5275K(187904K)] 633748K->484750K(712192K), 0.0045046 secs] [Times: user=0.03 sys=0.00, real=0.01 secs] 
2016-09-13T20:12:41.971-0400: 61.113: [GC (GCLocker Initiated GC) [PSYoungGen: 128595K->46159K(190464K)] 609588K->527420K(714752K), 0.0145696 secs] [Times: user=0.12 sys=0.00, real=0.01 secs] 
2016-09-13T20:12:42.150-0400: 61.292: [GC (GCLocker Initiated GC) [PSYoungGen: 169551K->30939K(191488K)] 650988K->512577K(715776K), 0.0066324 secs] [Times: user=0.05 sys=0.00, real=0.01 secs] 
2016-09-13T20:12:42.375-0400: 61.516: [GC (GCLocker Initiated GC) [PSYoungGen: 157403K->46217K(192512K)] 640830K->529854K(716800K), 0.0109251 secs] [Times: user=0.10 sys=0.00, real=0.01 secs] 
2016-09-13T20:12:42.566-0400: 61.708: [GC (Allocation Failure) [PSYoungGen: 172681K->27961K(194048K)] 656432K->511862K(718336K), 0.0198666 secs] [Times: user=0.16 sys=0.00, real=0.02 secs] 
2016-09-13T20:12:42.799-0400: 61.941: [GC (GCLocker Initiated GC) [PSYoungGen: 156985K->12682K(194560K)] 640886K->496698K(718848K), 0.0280888 secs] [Times: user=0.30 sys=0.01, real=0.02 secs] 
2016-09-13T20:12:43.020-0400: 62.162: [GC (GCLocker Initiated GC) [PSYoungGen: 141706K->46218K(193024K)] 627333K->531996K(717312K), 0.0066496 secs] [Times: user=0.06 sys=0.00, real=0.00 secs] 
2016-09-13T20:12:43.242-0400: 62.384: [GC (Allocation Failure) [PSYoungGen: 173194K->27933K(155136K)] 659221K->514132K(679424K), 0.0321109 secs] [Times: user=0.29 sys=0.01, real=0.03 secs] 
2016-09-13T20:12:43.438-0400: 62.580: [GC (GCLocker Initiated GC) [PSYoungGen: 154909K->31120K(196608K)] 641111K->517497K(720896K), 0.0150157 secs] [Times: user=0.15 sys=0.00, real=0.01 secs] 
2016-09-13T20:12:43.662-0400: 62.804: [GC (GCLocker Initiated GC) [PSYoungGen: 162192K->21890K(194048K)] 663996K->523883K(718336K), 0.0059915 secs] [Times: user=0.03 sys=0.00, real=0.01 secs] 
2016-09-13T20:12:43.880-0400: 63.022: [GC (Allocation Failure) [PSYoungGen: 152962K->24992K(197120K)] 661327K->533507K(721408K), 0.0322714 secs] [Times: user=0.29 sys=0.00, real=0.03 secs] 
2016-09-13T20:12:44.099-0400: 63.241: [GC (GCLocker Initiated GC) [PSYoungGen: 158307K->47609K(195584K)] 672897K->562279K(719872K), 0.0099188 secs] [Times: user=0.07 sys=0.01, real=0.01 secs] 
2016-09-13T20:12:44.316-0400: 63.458: [GC (GCLocker Initiated GC) [PSYoungGen: 183289K->29511K(200192K)] 698140K->544500K(724480K), 0.0086959 secs] [Times: user=0.08 sys=0.00, real=0.00 secs] 
2016-09-13T20:12:44.546-0400: 63.688: [GC (GCLocker Initiated GC) [PSYoungGen: 167751K->5078K(199168K)] 687309K->524828K(723456K), 0.0199228 secs] [Times: user=0.15 sys=0.00, real=0.02 secs] 
2016-09-13T20:12:44.804-0400: 63.946: [GC (GCLocker Initiated GC) [PSYoungGen: 140045K->32517K(198656K)] 659794K->552397K(722944K), 0.0056743 secs] [Times: user=0.05 sys=0.00, real=0.01 secs] 
2016-09-13T20:12:45.001-0400: 64.142: [Full GC (Ergonomics) [PSYoungGen: 169967K->0K(198656K)] [ParOldGen: 521398K->28200K(524288K)] 691366K->28200K(722944K), [Metaspace: 44386K->44386K(1087488K)], 0.0575749 secs] [Times: user=0.28 sys=0.01, real=0.06 secs] 
2016-09-13T20:12:45.256-0400: 64.398: [GC (GCLocker Initiated GC) [PSYoungGen: 138752K->59058K(198144K)] 167012K->117694K(722432K), 0.0085439 secs] [Times: user=0.12 sys=0.00, real=0.00 secs] 
2016-09-13T20:12:45.441-0400: 64.583: [GC (GCLocker Initiated GC) [PSYoungGen: 197810K->32826K(197120K)] 256537K->125682K(721408K), 0.0106542 secs] [Times: user=0.13 sys=0.01, real=0.01 secs] 
2016-09-13T20:12:45.652-0400: 64.794: [GC (Allocation Failure) [PSYoungGen: 165946K->32799K(166400K)] 265065K->132097K(690688K), 0.0075521 secs] [Times: user=0.08 sys=0.00, real=0.01 secs] 
2016-09-13T20:12:45.867-0400: 65.009: [GC (GCLocker Initiated GC) [PSYoungGen: 165919K->41794K(194560K)] 265222K->150401K(718848K), 0.0100590 secs] [Times: user=0.14 sys=0.00, real=0.02 secs] 
2016-09-13T20:12:46.101-0400: 65.243: [GC (GCLocker Initiated GC) [PSYoungGen: 174914K->26473K(195072K)] 291167K->142845K(719360K), 0.0273318 secs] [Times: user=0.23 sys=0.00, real=0.03 secs] 
2016-09-13T20:12:46.306-0400: 65.448: [GC (GCLocker Initiated GC) [PSYoungGen: 159593K->50902K(193536K)] 275993K->167448K(717824K), 0.0133206 secs] [Times: user=0.13 sys=0.01, real=0.02 secs] 
2016-09-13T20:12:46.528-0400: 65.670: [GC (Allocation Failure) [PSYoungGen: 184022K->23383K(197632K)] 300700K->150957K(721920K), 0.0234731 secs] [Times: user=0.22 sys=0.00, real=0.02 secs] 
2016-09-13T20:12:46.732-0400: 65.874: [GC (GCLocker Initiated GC) [PSYoungGen: 156248K->27960K(192512K)] 285341K->157290K(716800K), 0.0049586 secs] [Times: user=0.03 sys=0.00, real=0.01 secs] 
2016-09-13T20:12:46.954-0400: 66.096: [GC (GCLocker Initiated GC) [PSYoungGen: 162104K->40275K(195584K)] 293100K->171480K(719872K), 0.0084179 secs] [Times: user=0.08 sys=0.00, real=0.01 secs] 
2016-09-13T20:12:47.209-0400: 66.351: [GC (GCLocker Initiated GC) [PSYoungGen: 174419K->5084K(196608K)] 318119K->149032K(720896K), 0.0084925 secs] [Times: user=0.07 sys=0.00, real=0.01 secs] 
2016-09-13T20:12:47.417-0400: 66.558: [GC (Allocation Failure) [PSYoungGen: 140252K->23309K(198656K)] 284214K->167393K(722944K), 0.0163267 secs] [Times: user=0.14 sys=0.00, real=0.01 secs] 
2016-09-13T20:12:47.644-0400: 66.786: [GC (GCLocker Initiated GC) [PSYoungGen: 158123K->9858K(198144K)] 308283K->160215K(722432K), 0.0134916 secs] [Times: user=0.13 sys=0.00, real=0.02 secs] 
2016-09-13T20:12:47.851-0400: 66.993: [GC (GCLocker Initiated GC) [PSYoungGen: 146562K->43152K(180224K)] 296958K->193733K(704512K), 0.0217341 secs] [Times: user=0.21 sys=0.00, real=0.02 secs] 
2016-09-13T20:12:48.096-0400: 67.238: [GC (GCLocker Initiated GC) [PSYoungGen: 179856K->23696K(200704K)] 333477K->177484K(724992K), 0.0105976 secs] [Times: user=0.12 sys=0.00, real=0.00 secs] 
2016-09-13T20:12:48.323-0400: 67.465: [GC (GCLocker Initiated GC) [PSYoungGen: 160400K->44545K(198144K)] 321872K->206136K(722432K), 0.0183660 secs] [Times: user=0.17 sys=0.01, real=0.02 secs] 
2016-09-13T20:12:48.555-0400: 67.697: [GC (GCLocker Initiated GC) [PSYoungGen: 181249K->28280K(198144K)] 349166K->208543K(722432K), 0.0179066 secs] [Times: user=0.25 sys=0.00, real=0.02 secs] 
2016-09-13T20:12:48.792-0400: 67.934: [GC (GCLocker Initiated GC) [PSYoungGen: 164984K->9923K(198144K)] 351341K->196477K(722432K), 0.0251607 secs] [Times: user=0.23 sys=0.01, real=0.03 secs] 
2016-09-13T20:12:49.039-0400: 68.181: [GC (GCLocker Initiated GC) [PSYoungGen: 146627K->44666K(194560K)] 334918K->239187K(718848K), 0.0329384 secs] [Times: user=0.38 sys=0.00, real=0.03 secs] 
2016-09-13T20:12:49.261-0400: 68.402: [GC (GCLocker Initiated GC) [PSYoungGen: 177786K->28151K(197632K)] 380094K->230652K(721920K), 0.0097425 secs] [Times: user=0.08 sys=0.00, real=0.01 secs] 
2016-09-13T20:12:49.465-0400: 68.607: [GC (GCLocker Initiated GC) [PSYoungGen: 161271K->49410K(192512K)] 365329K->253776K(716800K), 0.0155549 secs] [Times: user=0.16 sys=0.00, real=0.02 secs] 
2016-09-13T20:12:49.691-0400: 68.833: [GC (GCLocker Initiated GC) [PSYoungGen: 180482K->9831K(141312K)] 403178K->241786K(665600K), 0.0215859 secs] [Times: user=0.20 sys=0.01, real=0.02 secs] 
2016-09-13T20:12:49.902-0400: 69.044: [GC (GCLocker Initiated GC) [PSYoungGen: 140903K->62983K(178688K)] 372886K->301113K(702976K), 0.0081587 secs] [Times: user=0.07 sys=0.01, real=0.01 secs] 
2016-09-13T20:12:50.079-0400: 69.221: [GC (GCLocker Initiated GC) [PSYoungGen: 175623K->44609K(187392K)] 413775K->290493K(711680K), 0.0170247 secs] [Times: user=0.17 sys=0.00, real=0.02 secs] 
2016-09-13T20:12:50.269-0400: 69.411: [GC (Allocation Failure) [PSYoungGen: 157249K->46159K(186368K)] 403234K->295379K(710656K), 0.0086032 secs] [Times: user=0.06 sys=0.00, real=0.01 secs] 
2016-09-13T20:12:50.444-0400: 69.586: [GC (GCLocker Initiated GC) [PSYoungGen: 152054K->8158K(119808K)] 407349K->269663K(644096K), 0.0352131 secs] [Times: user=0.38 sys=0.00, real=0.04 secs] 
2016-09-13T20:12:50.651-0400: 69.793: [GC (GCLocker Initiated GC) [PSYoungGen: 119774K->10044K(186880K)] 393680K->284266K(711168K), 0.0097431 secs] [Times: user=0.10 sys=0.01, real=0.01 secs] 
2016-09-13T20:12:50.837-0400: 69.979: [GC (GCLocker Initiated GC) [PSYoungGen: 121148K->29637K(140800K)] 395602K->304320K(665088K), 0.0122275 secs] [Times: user=0.12 sys=0.00, real=0.01 secs] 
2016-09-13T20:12:51.021-0400: 70.163: [GC (Allocation Failure) [PSYoungGen: 140741K->32704K(185344K)] 417119K->309444K(709632K), 0.0403390 secs] [Times: user=0.56 sys=0.00, real=0.04 secs] 
2016-09-13T20:12:51.215-0400: 70.357: [GC (Allocation Failure) [PSYoungGen: 146880K->41821K(182272K)] 423620K->327853K(706560K), 0.0100757 secs] [Times: user=0.13 sys=0.01, real=0.01 secs] 
2016-09-13T20:12:51.367-0400: 70.509: [GC (GCLocker Initiated GC) [PSYoungGen: 155414K->27965K(191488K)] 442965K->315708K(715776K), 0.0064777 secs] [Times: user=0.04 sys=0.00, real=0.01 secs] 
2016-09-13T20:12:51.580-0400: 70.722: [GC (GCLocker Initiated GC) [PSYoungGen: 153405K->21880K(190976K)] 441330K->310014K(715264K), 0.0068501 secs] [Times: user=0.06 sys=0.00, real=0.00 secs] 
2016-09-13T20:12:51.808-0400: 70.950: [GC (GCLocker Initiated GC) [PSYoungGen: 147320K->6666K(193024K)] 447799K->307315K(717312K), 0.0110265 secs] [Times: user=0.13 sys=0.00, real=0.01 secs] 
2016-09-13T20:12:52.008-0400: 71.150: [GC (GCLocker Initiated GC) [PSYoungGen: 136202K->44799K(194048K)] 436959K->345714K(718336K), 0.0129967 secs] [Times: user=0.07 sys=0.00, real=0.01 secs] 
2016-09-13T20:12:52.243-0400: 71.385: [GC (GCLocker Initiated GC) [PSYoungGen: 174335K->41475K(194048K)] 475316K->342665K(718336K), 0.0108365 secs] [Times: user=0.08 sys=0.00, real=0.01 secs] 
2016-09-13T20:12:52.423-0400: 71.565: [GC (GCLocker Initiated GC) [PSYoungGen: 168451K->28062K(155136K)] 471338K->331071K(679424K), 0.0237608 secs] [Times: user=0.25 sys=0.00, real=0.02 secs] 
2016-09-13T20:12:52.671-0400: 71.813: [GC (GCLocker Initiated GC) [PSYoungGen: 155038K->9704K(192000K)] 470426K->325302K(716288K), 0.0032278 secs] [Times: user=0.03 sys=0.00, real=0.00 secs] 
2016-09-13T20:12:52.893-0400: 72.035: [GC (GCLocker Initiated GC) [PSYoungGen: 137192K->12587K(192000K)] 464968K->340411K(716288K), 0.0118269 secs] [Times: user=0.11 sys=0.00, real=0.01 secs] 
2016-09-13T20:12:53.175-0400: 72.317: [GC (GCLocker Initiated GC) [PSYoungGen: 140075K->23313K(192512K)] 475721K->360593K(716800K), 0.0116466 secs] [Times: user=0.07 sys=0.00, real=0.01 secs] 
2016-09-13T20:12:53.408-0400: 72.550: [GC (GCLocker Initiated GC) [PSYoungGen: 157457K->41566K(194560K)] 497981K->382342K(718848K), 0.0201685 secs] [Times: user=0.16 sys=0.00, real=0.02 secs] 
2016-09-13T20:12:53.588-0400: 72.730: [GC (Allocation Failure) [PSYoungGen: 175710K->47826K(192000K)] 516508K->388762K(716288K), 0.0280848 secs] [Times: user=0.26 sys=0.00, real=0.03 secs] 
2016-09-13T20:12:53.767-0400: 72.908: [GC (GCLocker Initiated GC) [PSYoungGen: 176850K->46058K(175104K)] 517804K->388705K(699392K), 0.0415723 secs] [Times: user=0.43 sys=0.00, real=0.05 secs] 
2016-09-13T20:12:53.958-0400: 73.100: [GC (GCLocker Initiated GC) [PSYoungGen: 175082K->23526K(195584K)] 520772K->369353K(719872K), 0.0144322 secs] [Times: user=0.14 sys=0.00, real=0.01 secs] 
2016-09-13T20:12:54.148-0400: 73.290: [GC (Allocation Failure) [PSYoungGen: 149990K->5120K(193024K)] 505094K->360516K(717312K), 0.0326350 secs] [Times: user=0.33 sys=0.00, real=0.03 secs] 
2016-09-13T20:12:54.375-0400: 73.517: [GC (GCLocker Initiated GC) [PSYoungGen: 131584K->44725K(190464K)] 488500K->401834K(714752K), 0.0136710 secs] [Times: user=0.13 sys=0.00, real=0.02 secs] 
2016-09-13T20:12:54.575-0400: 73.717: [GC (GCLocker Initiated GC) [PSYoungGen: 167605K->46186K(169472K)] 526461K->405252K(693760K), 0.0137816 secs] [Times: user=0.14 sys=0.00, real=0.02 secs] 
2016-09-13T20:12:54.770-0400: 73.912: [GC (Allocation Failure) [PSYoungGen: 169066K->28078K(194048K)] 528420K->387546K(718336K), 0.0114502 secs] [Times: user=0.11 sys=0.00, real=0.01 secs] 
2016-09-13T20:12:54.974-0400: 74.116: [GC (GCLocker Initiated GC) [PSYoungGen: 150446K->41571K(190464K)] 509918K->401170K(714752K), 0.0326735 secs] [Times: user=0.37 sys=0.00, real=0.03 secs] 
2016-09-13T20:12:55.189-0400: 74.331: [GC (Allocation Failure) [PSYoungGen: 163939K->23373K(192000K)] 523753K->383243K(716288K), 0.0116390 secs] [Times: user=0.10 sys=0.01, real=0.01 secs] 
2016-09-13T20:12:55.381-0400: 74.523: [GC (GCLocker Initiated GC) [PSYoungGen: 143428K->10045K(190976K)] 509373K->376180K(715264K), 0.0131704 secs] [Times: user=0.14 sys=0.00, real=0.01 secs] 
2016-09-13T20:12:55.568-0400: 74.710: [GC (Allocation Failure) [PSYoungGen: 134461K->20365K(192512K)] 500600K->386619K(716800K), 0.0061475 secs] [Times: user=0.03 sys=0.00, real=0.00 secs] 
2016-09-13T20:12:55.779-0400: 74.921: [GC (Allocation Failure) [PSYoungGen: 148516K->23340K(193536K)] 514770K->389778K(717824K), 0.0144472 secs] [Times: user=0.12 sys=0.00, real=0.01 secs] 
2016-09-13T20:12:55.983-0400: 75.125: [GC (GCLocker Initiated GC) [PSYoungGen: 152364K->30844K(195584K)] 518807K->397524K(719872K), 0.0401012 secs] [Times: user=0.46 sys=0.00, real=0.04 secs] 
2016-09-13T20:12:56.248-0400: 75.390: [GC (GCLocker Initiated GC) [PSYoungGen: 167036K->46090K(195584K)] 533909K->413094K(719872K), 0.0154534 secs] [Times: user=0.15 sys=0.00, real=0.01 secs] 
2016-09-13T20:12:56.456-0400: 75.598: [GC (GCLocker Initiated GC) [PSYoungGen: 182282K->9953K(199168K)] 561449K->395333K(723456K), 0.0172553 secs] [Times: user=0.17 sys=0.00, real=0.01 secs] 
2016-09-13T20:12:56.675-0400: 75.816: [GC (GCLocker Initiated GC) [PSYoungGen: 146145K->43302K(179712K)] 531673K->429082K(704000K), 0.0377292 secs] [Times: user=0.39 sys=0.00, real=0.04 secs] 
2016-09-13T20:12:56.900-0400: 76.042: [GC (GCLocker Initiated GC) [PSYoungGen: 179494K->28062K(200192K)] 580693K->429419K(724480K), 0.0134498 secs] [Times: user=0.13 sys=0.00, real=0.01 secs] 
2016-09-13T20:12:57.142-0400: 76.283: [GC (Allocation Failure) [PSYoungGen: 163230K->5151K(197120K)] 578575K->420627K(721408K), 0.0098113 secs] [Times: user=0.09 sys=0.00, real=0.01 secs] 
2016-09-13T20:12:57.346-0400: 76.488: [GC (GCLocker Initiated GC) [PSYoungGen: 139481K->28024K(195072K)] 556475K->445204K(719360K), 0.0296354 secs] [Times: user=0.33 sys=0.00, real=0.04 secs] 
2016-09-13T20:12:57.594-0400: 76.736: [GC (GCLocker Initiated GC) [PSYoungGen: 165240K->17361K(196608K)] 583961K->436382K(720896K), 0.0229900 secs] [Times: user=0.21 sys=0.00, real=0.03 secs] 
2016-09-13T20:12:57.834-0400: 76.976: [GC (Allocation Failure) [PSYoungGen: 154577K->26500K(197632K)] 575365K->450578K(721920K), 0.0113881 secs] [Times: user=0.10 sys=0.01, real=0.01 secs] 
2016-09-13T20:12:58.046-0400: 77.188: [GC (GCLocker Initiated GC) [PSYoungGen: 168557K->27929K(200192K)] 598710K->458300K(724480K), 0.0148641 secs] [Times: user=0.13 sys=0.00, real=0.02 secs] 
2016-09-13T20:12:58.293-0400: 77.435: [GC (GCLocker Initiated GC) [PSYoungGen: 172825K->28083K(202752K)] 615572K->470902K(727040K), 0.0235115 secs] [Times: user=0.23 sys=0.00, real=0.03 secs] 
2016-09-13T20:12:58.569-0400: 77.711: [GC (Allocation Failure) [PSYoungGen: 182195K->9916K(204800K)] 631234K->459473K(729088K), 0.0163059 secs] [Times: user=0.17 sys=0.00, real=0.01 secs] 
2016-09-13T20:12:58.817-0400: 77.959: [GC (GCLocker Initiated GC) [PSYoungGen: 163172K->43153K(202752K)] 614248K->494343K(727040K), 0.0065297 secs] [Times: user=0.06 sys=0.00, real=0.00 secs] 
2016-09-13T20:12:59.080-0400: 78.222: [GC (GCLocker Initiated GC) [PSYoungGen: 194705K->55272K(206848K)] 646081K->518878K(731136K), 0.0134962 secs] [Times: user=0.13 sys=0.01, real=0.01 secs] 
2016-09-13T20:12:59.343-0400: 78.485: [GC (GCLocker Initiated GC) [PSYoungGen: 206824K->24859K(196608K)] 676851K->495016K(720896K), 0.0335215 secs] [Times: user=0.35 sys=0.00, real=0.04 secs] 
2016-09-13T20:12:59.600-0400: 78.742: [GC (GCLocker Initiated GC) [PSYoungGen: 166171K->32549K(201728K)] 643982K->510589K(726016K), 0.0257805 secs] [Times: user=0.20 sys=0.00, real=0.02 secs] 
2016-09-13T20:12:59.808-0400: 78.950: [GC (GCLocker Initiated GC) [PSYoungGen: 173861K->58341K(187904K)] 659671K->562519K(712192K), 0.0285136 secs] [Times: user=0.28 sys=0.01, real=0.03 secs] 
2016-09-13T20:13:00.045-0400: 79.187: [GC (GCLocker Initiated GC) --[PSYoungGen: 187365K->187365K(187904K)] 693089K->711461K(712192K), 0.0106551 secs] [Times: user=0.06 sys=0.00, real=0.02 secs] 
2016-09-13T20:13:00.056-0400: 79.198: [Full GC (Ergonomics) [PSYoungGen: 187365K->0K(187904K)] [ParOldGen: 524096K->39612K(524288K)] 711461K->39612K(712192K), [Metaspace: 44471K->44471K(1087488K)], 0.0528897 secs] [Times: user=0.33 sys=0.01, real=0.05 secs] 
2016-09-13T20:13:00.282-0400: 79.424: [GC (GCLocker Initiated GC) [PSYoungGen: 129024K->66317K(195584K)] 170410K->159342K(719872K), 0.0118161 secs] [Times: user=0.17 sys=0.00, real=0.01 secs] 
2016-09-13T20:13:00.484-0400: 79.626: [GC (GCLocker Initiated GC) [PSYoungGen: 195341K->14728K(178176K)] 294552K->158385K(702464K), 0.0184039 secs] [Times: user=0.25 sys=0.00, real=0.02 secs] 
2016-09-13T20:13:00.642-0400: 79.784: [GC (GCLocker Initiated GC) [PSYoungGen: 126344K->27774K(186880K)] 270071K->171754K(711168K), 0.0213665 secs] [Times: user=0.30 sys=0.00, real=0.02 secs] 
2016-09-13T20:13:00.824-0400: 79.966: [GC (Allocation Failure) [PSYoungGen: 139390K->43179K(183808K)] 283428K->193446K(708096K), 0.0120986 secs] [Times: user=0.14 sys=0.00, real=0.02 secs] 
2016-09-13T20:13:01.004-0400: 80.146: [GC (GCLocker Initiated GC) [PSYoungGen: 157867K->44571K(186880K)] 308134K->199710K(711168K), 0.0060642 secs] [Times: user=0.06 sys=0.00, real=0.01 secs] 
2016-09-13T20:13:01.172-0400: 80.314: [GC (Allocation Failure) [PSYoungGen: 159259K->46317K(188928K)] 314481K->201717K(713216K), 0.0126863 secs] [Times: user=0.15 sys=0.00, real=0.01 secs] 
2016-09-13T20:13:01.341-0400: 80.483: [GC (GCLocker Initiated GC) [PSYoungGen: 159948K->27993K(144896K)] 321424K->189662K(669184K), 0.0128747 secs] [Times: user=0.17 sys=0.00, real=0.01 secs] 
2016-09-13T20:13:01.542-0400: 80.684: [GC (GCLocker Initiated GC) [PSYoungGen: 144729K->23378K(189440K)] 312688K->191401K(713728K), 0.0284261 secs] [Times: user=0.39 sys=0.00, real=0.03 secs] 
2016-09-13T20:13:01.751-0400: 80.893: [GC (GCLocker Initiated GC) [PSYoungGen: 142162K->32804K(187904K)] 317853K->208708K(712192K), 0.0053692 secs] [Times: user=0.06 sys=0.00, real=0.01 secs] 
2016-09-13T20:13:01.948-0400: 81.090: [GC (GCLocker Initiated GC) [PSYoungGen: 151588K->29356K(189952K)] 329049K->211638K(714240K), 0.0140736 secs] [Times: user=0.12 sys=0.00, real=0.01 secs] 
2016-09-13T20:13:02.150-0400: 81.292: [GC (GCLocker Initiated GC) [PSYoungGen: 153772K->41666K(187904K)] 340798K->235051K(712192K), 0.0209778 secs] [Times: user=0.22 sys=0.00, real=0.02 secs] 
2016-09-13T20:13:02.388-0400: 81.530: [GC (GCLocker Initiated GC) [PSYoungGen: 166082K->27929K(196608K)] 361171K->223105K(720896K), 0.0285397 secs] [Times: user=0.29 sys=0.00, real=0.03 secs] 
2016-09-13T20:13:02.604-0400: 81.746: [GC (GCLocker Initiated GC) [PSYoungGen: 163097K->9767K(196608K)] 367509K->214301K(720896K), 0.0040451 secs] [Times: user=0.02 sys=0.00, real=0.01 secs] 
2016-09-13T20:13:02.815-0400: 81.957: [GC (GCLocker Initiated GC) [PSYoungGen: 144935K->20302K(199680K)] 351107K->226597K(723968K), 0.0288875 secs] [Times: user=0.33 sys=0.00, real=0.03 secs] 
2016-09-13T20:13:03.073-0400: 82.215: [GC (Allocation Failure) [PSYoungGen: 157518K->40275K(199168K)] 363994K->246932K(723456K), 0.0116177 secs] [Times: user=0.11 sys=0.00, real=0.01 secs] 
2016-09-13T20:13:03.264-0400: 82.406: [GC (GCLocker Initiated GC) [PSYoungGen: 177491K->51030K(191488K)] 384150K->257942K(715776K), 0.0298455 secs] [Times: user=0.29 sys=0.00, real=0.03 secs] 
2016-09-13T20:13:03.480-0400: 82.622: [GC (GCLocker Initiated GC) [PSYoungGen: 180054K->41693K(195584K)] 388488K->250317K(719872K), 0.0129789 secs] [Times: user=0.12 sys=0.01, real=0.01 secs] 
2016-09-13T20:13:03.695-0400: 82.837: [GC (GCLocker Initiated GC) [PSYoungGen: 170717K->28406K(190464K)] 391745K->249684K(714752K), 0.0099762 secs] [Times: user=0.14 sys=0.01, real=0.01 secs] 
2016-09-13T20:13:03.898-0400: 83.040: [GC (GCLocker Initiated GC) [PSYoungGen: 157430K->53976K(193024K)] 384970K->281611K(717312K), 0.0078279 secs] [Times: user=0.09 sys=0.00, real=0.00 secs] 
2016-09-13T20:13:04.103-0400: 83.245: [GC (Allocation Failure) [PSYoungGen: 183000K->46500K(191488K)] 412374K->276095K(715776K), 0.0072970 secs] [Times: user=0.09 sys=0.00, real=0.01 secs] 
2016-09-13T20:13:04.300-0400: 83.442: [GC (GCLocker Initiated GC) [PSYoungGen: 169141K->63020K(186368K)] 400255K->294409K(710656K), 0.0260139 secs] [Times: user=0.24 sys=0.00, real=0.02 secs] 
2016-09-13T20:13:04.547-0400: 83.689: [GC (GCLocker Initiated GC) [PSYoungGen: 185900K->24769K(187392K)] 417312K->256351K(711680K), 0.0105014 secs] [Times: user=0.10 sys=0.00, real=0.02 secs] 
2016-09-13T20:13:04.726-0400: 83.868: [GC (GCLocker Initiated GC) [PSYoungGen: 136385K->29606K(141312K)] 374129K->269007K(665600K), 0.0150266 secs] [Times: user=0.13 sys=0.00, real=0.02 secs] 
2016-09-13T20:13:04.899-0400: 84.041: [GC (GCLocker Initiated GC) [PSYoungGen: 141222K->53752K(181760K)] 380650K->293456K(706048K), 0.0085201 secs] [Times: user=0.09 sys=0.00, real=0.00 secs] 
2016-09-13T20:13:05.068-0400: 84.210: [GC (GCLocker Initiated GC) [PSYoungGen: 162808K->49446K(184320K)] 402580K->292531K(708608K), 0.0137802 secs] [Times: user=0.12 sys=0.00, real=0.01 secs] 
2016-09-13T20:13:05.254-0400: 84.396: [GC (GCLocker Initiated GC) [PSYoungGen: 158500K->25109K(184320K)] 407849K->279245K(708608K), 0.0090001 secs] [Times: user=0.10 sys=0.00, real=0.01 secs] 
2016-09-13T20:13:05.442-0400: 84.584: [GC (GCLocker Initiated GC) [PSYoungGen: 136213K->29608K(185344K)] 390371K->283976K(709632K), 0.0155022 secs] [Times: user=0.19 sys=0.00, real=0.02 secs] 
2016-09-13T20:13:05.635-0400: 84.777: [GC (GCLocker Initiated GC) [PSYoungGen: 140712K->35837K(182784K)] 396620K->296637K(707072K), 0.0069279 secs] [Times: user=0.08 sys=0.00, real=0.01 secs] 
2016-09-13T20:13:05.817-0400: 84.959: [GC (GCLocker Initiated GC) [PSYoungGen: 151549K->44736K(184832K)] 414022K->310495K(709120K), 0.0128510 secs] [Times: user=0.15 sys=0.00, real=0.01 secs] 
2016-09-13T20:13:06.010-0400: 85.152: [GC (GCLocker Initiated GC) [PSYoungGen: 160448K->41725K(189440K)] 426357K->307781K(713728K), 0.0098617 secs] [Times: user=0.07 sys=0.00, real=0.01 secs] 
2016-09-13T20:13:06.199-0400: 85.341: [GC (Allocation Failure) [PSYoungGen: 166141K->18821K(191488K)] 432222K->285135K(715776K), 0.0134404 secs] [Times: user=0.11 sys=0.01, real=0.01 secs] 
2016-09-13T20:13:06.402-0400: 85.544: [GC (GCLocker Initiated GC) [PSYoungGen: 138036K->21913K(194560K)] 410425K->309656K(718848K), 0.0135641 secs] [Times: user=0.14 sys=0.00, real=0.01 secs] 
2016-09-13T20:13:06.608-0400: 85.750: [GC (GCLocker Initiated GC) [PSYoungGen: 149401K->46248K(174080K)] 437387K->334432K(698368K), 0.0404909 secs] [Times: user=0.43 sys=0.00, real=0.04 secs] 
2016-09-13T20:13:06.841-0400: 85.983: [GC (GCLocker Initiated GC) [PSYoungGen: 173736K->50865K(189952K)] 463464K->340810K(714240K), 0.0217299 secs] [Times: user=0.21 sys=0.00, real=0.02 secs] 
2016-09-13T20:13:07.034-0400: 86.176: [GC (GCLocker Initiated GC) [PSYoungGen: 172721K->38597K(160768K)] 462668K->337818K(685056K), 0.0138943 secs] [Times: user=0.14 sys=0.00, real=0.02 secs] 
2016-09-13T20:13:07.215-0400: 86.357: [GC (GCLocker Initiated GC) [PSYoungGen: 160453K->22072K(192000K)] 465802K->327698K(716288K), 0.0293259 secs] [Times: user=0.29 sys=0.00, real=0.03 secs] 
2016-09-13T20:13:07.456-0400: 86.597: [GC (Allocation Failure) [PSYoungGen: 146488K->23499K(191488K)] 458539K->343353K(715776K), 0.0143916 secs] [Times: user=0.13 sys=0.00, real=0.02 secs] 
2016-09-13T20:13:07.669-0400: 86.811: [GC (GCLocker Initiated GC) [PSYoungGen: 143021K->41566K(194048K)] 468950K->367767K(718336K), 0.0130354 secs] [Times: user=0.10 sys=0.00, real=0.01 secs] 
2016-09-13T20:13:07.860-0400: 87.002: [GC (GCLocker Initiated GC) [PSYoungGen: 169566K->44821K(193536K)] 498923K->374292K(717824K), 0.0214355 secs] [Times: user=0.24 sys=0.00, real=0.02 secs] 
2016-09-13T20:13:08.069-0400: 87.211: [GC (GCLocker Initiated GC) [PSYoungGen: 172821K->23527K(195072K)] 508394K->359399K(719360K), 0.0066053 secs] [Times: user=0.06 sys=0.00, real=0.01 secs] 
2016-09-13T20:13:08.254-0400: 87.396: [GC (GCLocker Initiated GC) [PSYoungGen: 154087K->50875K(181760K)] 490035K->387108K(706048K), 0.0223681 secs] [Times: user=0.25 sys=0.01, real=0.03 secs] 
2016-09-13T20:13:08.465-0400: 87.607: [GC (GCLocker Initiated GC) [PSYoungGen: 181435K->47741K(192000K)] 517865K->385813K(716288K), 0.0108650 secs] [Times: user=0.10 sys=0.00, real=0.02 secs] 
2016-09-13T20:13:08.678-0400: 87.820: [GC (GCLocker Initiated GC) [PSYoungGen: 171645K->52452K(176640K)] 509740K->390701K(700928K), 0.0059816 secs] [Times: user=0.05 sys=0.00, real=0.00 secs] 
2016-09-13T20:13:08.885-0400: 88.027: [GC (GCLocker Initiated GC) [PSYoungGen: 176356K->41602K(193024K)] 514724K->390753K(717312K), 0.0080216 secs] [Times: user=0.08 sys=0.00, real=0.01 secs] 
2016-09-13T20:13:09.092-0400: 88.234: [GC (GCLocker Initiated GC) [PSYoungGen: 163458K->46128K(168448K)] 512843K->395632K(692736K), 0.0081927 secs] [Times: user=0.06 sys=0.00, real=0.01 secs] 
2016-09-13T20:13:09.291-0400: 88.432: [GC (GCLocker Initiated GC) [PSYoungGen: 167984K->41665K(193024K)] 519087K->392908K(717312K), 0.0131189 secs] [Times: user=0.11 sys=0.00, real=0.01 secs] 
2016-09-13T20:13:09.476-0400: 88.618: [GC (GCLocker Initiated GC) [PSYoungGen: 166081K->41570K(190464K)] 519016K->394682K(714752K), 0.0101481 secs] [Times: user=0.09 sys=0.00, real=0.00 secs] 
2016-09-13T20:13:09.661-0400: 88.803: [GC (GCLocker Initiated GC) [PSYoungGen: 165986K->44922K(192000K)] 519104K->398260K(716288K), 0.0128739 secs] [Times: user=0.13 sys=0.00, real=0.01 secs] 
2016-09-13T20:13:09.868-0400: 89.009: [GC (GCLocker Initiated GC) [PSYoungGen: 172922K->49258K(191488K)] 526435K->403106K(715776K), 0.0081817 secs] [Times: user=0.05 sys=0.01, real=0.02 secs] 
2016-09-13T20:13:10.099-0400: 89.241: [GC (GCLocker Initiated GC) [PSYoungGen: 177258K->28152K(197632K)] 546479K->402194K(721920K), 0.0102717 secs] [Times: user=0.09 sys=0.00, real=0.01 secs] 
2016-09-13T20:13:10.303-0400: 89.445: [GC (GCLocker Initiated GC) [PSYoungGen: 161272K->42994K(176128K)] 535453K->417254K(700416K), 0.0275826 secs] [Times: user=0.23 sys=0.00, real=0.03 secs] 
2016-09-13T20:13:10.551-0400: 89.693: [GC (GCLocker Initiated GC) [PSYoungGen: 176114K->18853K(194560K)] 551920K->394798K(718848K), 0.0117019 secs] [Times: user=0.11 sys=0.01, real=0.01 secs] 
2016-09-13T20:13:10.772-0400: 89.913: [GC (GCLocker Initiated GC) [PSYoungGen: 150437K->26447K(196096K)] 534149K->417986K(720384K), 0.0130448 secs] [Times: user=0.11 sys=0.00, real=0.01 secs] 
2016-09-13T20:13:11.015-0400: 90.157: [GC (GCLocker Initiated GC) [PSYoungGen: 158031K->29293K(194048K)] 549592K->421072K(718336K), 0.0220161 secs] [Times: user=0.18 sys=0.00, real=0.03 secs] 
2016-09-13T20:13:11.227-0400: 90.369: [GC (GCLocker Initiated GC) [PSYoungGen: 162925K->29384K(196096K)] 554831K->424466K(720384K), 0.0095273 secs] [Times: user=0.07 sys=0.00, real=0.02 secs] 
2016-09-13T20:13:11.426-0400: 90.568: [GC (GCLocker Initiated GC) [PSYoungGen: 163016K->22134K(197632K)] 558113K->421918K(721920K), 0.0112387 secs] [Times: user=0.10 sys=0.00, real=0.02 secs] 
2016-09-13T20:13:11.643-0400: 90.785: [GC (GCLocker Initiated GC) [PSYoungGen: 160374K->32548K(199168K)] 560186K->432625K(723456K), 0.0066195 secs] [Times: user=0.05 sys=0.00, real=0.01 secs] 
2016-09-13T20:13:11.856-0400: 90.998: [GC (GCLocker Initiated GC) [PSYoungGen: 170788K->46185K(198656K)] 571060K->452806K(722944K), 0.0169888 secs] [Times: user=0.17 sys=0.00, real=0.01 secs] 
2016-09-13T20:13:12.075-0400: 91.217: [GC (GCLocker Initiated GC) [PSYoungGen: 185961K->46383K(186368K)] 592900K->462660K(710656K), 0.0353365 secs] [Times: user=0.47 sys=0.00, real=0.04 secs] 
2016-09-13T20:13:12.299-0400: 91.441: [GC (GCLocker Initiated GC) [PSYoungGen: 186159K->61565K(186368K)] 605571K->481160K(710656K), 0.0101855 secs] [Times: user=0.10 sys=0.01, real=0.01 secs] 
2016-09-13T20:13:12.500-0400: 91.642: [GC (GCLocker Initiated GC) [PSYoungGen: 185469K->51149K(175104K)] 611202K->477080K(699392K), 0.0071459 secs] [Times: user=0.08 sys=0.00, real=0.00 secs] 
2016-09-13T20:13:12.726-0400: 91.867: [GC (Allocation Failure) [PSYoungGen: 175053K->23319K(191488K)] 607307K->455864K(715776K), 0.0363400 secs] [Times: user=0.37 sys=0.00, real=0.04 secs] 
2016-09-13T20:13:12.916-0400: 92.057: [GC (GCLocker Initiated GC) [PSYoungGen: 144151K->53880K(175104K)] 576702K->486512K(699392K), 0.0076074 secs] [Times: user=0.07 sys=0.01, real=0.01 secs] 
2016-09-13T20:13:13.126-0400: 92.267: [GC (GCLocker Initiated GC) [PSYoungGen: 174712K->28157K(190464K)] 607472K->461158K(714752K), 0.0133709 secs] [Times: user=0.15 sys=0.00, real=0.02 secs] 
2016-09-13T20:13:13.310-0400: 92.452: [GC (GCLocker Initiated GC) [PSYoungGen: 145917K->61406K(179200K)] 579256K->499428K(703488K), 0.0145291 secs] [Times: user=0.19 sys=0.00, real=0.01 secs] 
2016-09-13T20:13:13.491-0400: 92.633: [GC (Allocation Failure) [PSYoungGen: 179166K->63052K(176128K)] 617431K->501456K(700416K), 0.0105458 secs] [Times: user=0.12 sys=0.01, real=0.01 secs] 
2016-09-13T20:13:13.656-0400: 92.798: [GC (GCLocker Initiated GC) [PSYoungGen: 162380K->47705K(180736K)] 600789K->486391K(705024K), 0.0291345 secs] [Times: user=0.29 sys=0.00, real=0.02 secs] 
2016-09-13T20:13:13.861-0400: 93.002: [GC (GCLocker Initiated GC) [PSYoungGen: 147033K->46446K(173568K)] 587332K->486899K(697856K), 0.0206133 secs] [Times: user=0.23 sys=0.00, real=0.02 secs] 
2016-09-13T20:13:14.058-0400: 93.200: [GC (GCLocker Initiated GC) [PSYoungGen: 147822K->59983K(178176K)] 590062K->502449K(702464K), 0.0193407 secs] [Times: user=0.21 sys=0.01, real=0.02 secs] 
2016-09-13T20:13:14.206-0400: 93.348: [GC (GCLocker Initiated GC) [PSYoungGen: 161359K->35744K(183808K)] 603970K->478509K(708096K), 0.0073742 secs] [Times: user=0.06 sys=0.01, real=0.01 secs] 
2016-09-13T20:13:14.348-0400: 93.489: [GC (GCLocker Initiated GC) [PSYoungGen: 140704K->44643K(150016K)] 585099K->495374K(674304K), 0.0074760 secs] [Times: user=0.04 sys=0.01, real=0.01 secs] 
2016-09-13T20:13:14.502-0400: 93.644: [GC (GCLocker Initiated GC) [PSYoungGen: 149603K->14451K(177152K)] 612578K->495868K(701440K), 0.0154674 secs] [Times: user=0.15 sys=0.00, real=0.02 secs] 
2016-09-13T20:13:14.696-0400: 93.838: [GC (GCLocker Initiated GC) [PSYoungGen: 117363K->46186K(179712K)] 605137K->540320K(704000K), 0.0097713 secs] [Times: user=0.10 sys=0.01, real=0.00 secs] 
2016-09-13T20:13:14.868-0400: 94.010: [GC (GCLocker Initiated GC) [PSYoungGen: 149098K->50997K(184832K)] 643582K->545678K(709120K), 0.0099802 secs] [Times: user=0.09 sys=0.01, real=0.01 secs] 
2016-09-13T20:13:15.054-0400: 94.196: [GC (GCLocker Initiated GC) [PSYoungGen: 161589K->32586K(185344K)] 663889K->539747K(709632K), 0.0079217 secs] [Times: user=0.07 sys=0.00, real=0.01 secs] 
2016-09-13T20:13:15.252-0400: 94.394: [Full GC (Ergonomics) [PSYoungGen: 143178K->0K(185344K)] [ParOldGen: 519550K->37411K(524288K)] 662729K->37411K(709632K), [Metaspace: 44520K->44520K(1087488K)], 0.0919261 secs] [Times: user=0.73 sys=0.00, real=0.09 secs] 
2016-09-13T20:13:15.511-0400: 94.653: [GC (GCLocker Initiated GC) [PSYoungGen: 109265K->70746K(173568K)] 148195K->109676K(697856K), 0.0103433 secs] [Times: user=0.11 sys=0.00, real=0.01 secs] 
2016-09-13T20:13:15.664-0400: 94.806: [GC (GCLocker Initiated GC) [PSYoungGen: 171098K->29388K(181248K)] 210131K->90023K(705536K), 0.0106188 secs] [Times: user=0.09 sys=0.00, real=0.01 secs] 
2016-09-13T20:13:15.809-0400: 94.951: [GC (GCLocker Initiated GC) [PSYoungGen: 129740K->52388K(180224K)] 191997K->114780K(704512K), 0.0068533 secs] [Times: user=0.05 sys=0.00, real=0.01 secs] 
2016-09-13T20:13:15.971-0400: 95.113: [GC (GCLocker Initiated GC) [PSYoungGen: 153764K->12874K(114688K)] 217697K->83127K(638976K), 0.0097739 secs] [Times: user=0.09 sys=0.00, real=0.01 secs] 
2016-09-13T20:13:16.112-0400: 95.254: [GC (GCLocker Initiated GC) [PSYoungGen: 114250K->50652K(181248K)] 184550K->122622K(705536K), 0.0216246 secs] [Times: user=0.22 sys=0.00, real=0.02 secs] 
2016-09-13T20:13:16.256-0400: 95.398: [GC (GCLocker Initiated GC) [PSYoungGen: 150492K->48019K(147968K)] 222556K->123291K(672256K), 0.0097734 secs] [Times: user=0.09 sys=0.00, real=0.00 secs] 
2016-09-13T20:13:16.426-0400: 95.567: [GC (Allocation Failure) [PSYoungGen: 147859K->41942K(182784K)] 224747K->125247K(707072K), 0.0190618 secs] [Times: user=0.21 sys=0.01, real=0.02 secs] 
2016-09-13T20:13:16.625-0400: 95.767: [GC (GCLocker Initiated GC) [PSYoungGen: 145263K->31094K(179200K)] 234644K->120731K(703488K), 0.0050788 secs] [Times: user=0.05 sys=0.00, real=0.01 secs] 
2016-09-13T20:13:16.816-0400: 95.958: [GC (GCLocker Initiated GC) [PSYoungGen: 134518K->23409K(182272K)] 236307K->125466K(706560K), 0.0074431 secs] [Times: user=0.06 sys=0.00, real=0.00 secs] 
2016-09-13T20:13:16.994-0400: 96.136: [GC (GCLocker Initiated GC) [PSYoungGen: 130929K->31276K(181760K)] 239075K->139631K(706048K), 0.0106618 secs] [Times: user=0.11 sys=0.01, real=0.01 secs] 
2016-09-13T20:13:17.125-0400: 96.267: [GC (GCLocker Initiated GC) [PSYoungGen: 138796K->48023K(185344K)] 249015K->164585K(709632K), 0.0139460 secs] [Times: user=0.18 sys=0.01, real=0.02 secs] 
2016-09-13T20:13:17.317-0400: 96.459: [GC (GCLocker Initiated GC) [PSYoungGen: 161175K->50966K(185344K)] 284000K->174075K(709632K), 0.0065874 secs] [Times: user=0.07 sys=0.00, real=0.00 secs] 
2016-09-13T20:13:17.487-0400: 96.629: [GC (Allocation Failure) [PSYoungGen: 164118K->46191K(188928K)] 287246K->169563K(713216K), 0.0176467 secs] [Times: user=0.14 sys=0.00, real=0.02 secs] 
2016-09-13T20:13:17.682-0400: 96.824: [GC (GCLocker Initiated GC) [PSYoungGen: 162927K->46340K(163328K)] 286299K->169847K(687616K), 0.0183345 secs] [Times: user=0.18 sys=0.00, real=0.02 secs] 
2016-09-13T20:13:17.888-0400: 97.030: [GC (GCLocker Initiated GC) [PSYoungGen: 163076K->32613K(189440K)] 292684K->166990K(713728K), 0.0217761 secs] [Times: user=0.21 sys=0.00, real=0.02 secs] 
2016-09-13T20:13:18.099-0400: 97.241: [GC (GCLocker Initiated GC) [PSYoungGen: 151397K->28184K(188416K)] 295188K->172113K(712704K), 0.0055773 secs] [Times: user=0.04 sys=0.00, real=0.00 secs] 
2016-09-13T20:13:18.299-0400: 97.441: [GC (GCLocker Initiated GC) [PSYoungGen: 146968K->28083K(191488K)] 303391K->192325K(715776K), 0.0184026 secs] [Times: user=0.20 sys=0.01, real=0.02 secs] 
2016-09-13T20:13:18.506-0400: 97.648: [GC (GCLocker Initiated GC) [PSYoungGen: 150963K->50934K(190976K)] 322837K->223025K(715264K), 0.0183420 secs] [Times: user=0.18 sys=0.00, real=0.02 secs] 
2016-09-13T20:13:18.707-0400: 97.849: [GC (GCLocker Initiated GC) [PSYoungGen: 173814K->27960K(193024K)] 345997K->206404K(717312K), 0.0176861 secs] [Times: user=0.17 sys=0.00, real=0.02 secs] 
2016-09-13T20:13:18.926-0400: 98.068: [GC (GCLocker Initiated GC) [PSYoungGen: 151864K->63148K(187392K)] 330602K->246751K(711680K), 0.0229492 secs] [Times: user=0.25 sys=0.01, real=0.03 secs] 
2016-09-13T20:13:19.114-0400: 98.256: [GC (GCLocker Initiated GC) [PSYoungGen: 187052K->60050K(180224K)] 373933K->247200K(704512K), 0.0101427 secs] [Times: user=0.08 sys=0.01, real=0.01 secs] 
2016-09-13T20:13:19.289-0400: 98.431: [GC (GCLocker Initiated GC) [PSYoungGen: 165522K->46282K(183808K)] 352863K->233856K(708096K), 0.0187743 secs] [Times: user=0.25 sys=0.00, real=0.02 secs] 
2016-09-13T20:13:19.469-0400: 98.611: [GC (Allocation Failure) [PSYoungGen: 151754K->41726K(176128K)] 339417K->229551K(700416K), 0.0128863 secs] [Times: user=0.13 sys=0.00, real=0.01 secs] 
2016-09-13T20:13:19.645-0400: 98.787: [GC (GCLocker Initiated GC) [PSYoungGen: 146046K->9640K(180736K)] 339947K->203729K(705024K), 0.0048728 secs] [Times: user=0.03 sys=0.00, real=0.01 secs] 
2016-09-13T20:13:19.808-0400: 98.950: [GC (Allocation Failure) [PSYoungGen: 117160K->19039K(186368K)] 317489K->219530K(710656K), 0.0132641 secs] [Times: user=0.14 sys=0.00, real=0.01 secs] 
2016-09-13T20:13:20.008-0400: 99.150: [GC (GCLocker Initiated GC) [PSYoungGen: 129444K->43053K(154112K)] 331453K->245173K(678400K), 0.0190467 secs] [Times: user=0.21 sys=0.00, real=0.01 secs] 
2016-09-13T20:13:20.207-0400: 99.349: [GC (GCLocker Initiated GC) [PSYoungGen: 153645K->41539K(187392K)] 357639K->245739K(711680K), 0.0185434 secs] [Times: user=0.18 sys=0.00, real=0.02 secs] 
2016-09-13T20:13:20.414-0400: 99.556: [GC (GCLocker Initiated GC) [PSYoungGen: 154691K->27870K(184832K)] 364990K->238315K(709120K), 0.0056626 secs] [Times: user=0.04 sys=0.00, real=0.01 secs] 
2016-09-13T20:13:20.587-0400: 99.729: [GC (Allocation Failure) [PSYoungGen: 141022K->30998K(188416K)] 353055K->244834K(712704K), 0.0167418 secs] [Times: user=0.17 sys=0.01, real=0.02 secs] 
2016-09-13T20:13:20.739-0400: 99.881: [GC (GCLocker Initiated GC) [PSYoungGen: 149270K->41816K(186368K)] 363107K->263413K(710656K), 0.0095372 secs] [Times: user=0.09 sys=0.01, real=0.01 secs] 
2016-09-13T20:13:20.918-0400: 100.060: [GC (GCLocker Initiated GC) [PSYoungGen: 160088K->44708K(191488K)] 381886K->266763K(715776K), 0.0163231 secs] [Times: user=0.15 sys=0.00, real=0.01 secs] 
2016-09-13T20:13:21.134-0400: 100.276: [GC (GCLocker Initiated GC) [PSYoungGen: 169124K->49351K(190976K)] 391366K->271752K(715264K), 0.0361871 secs] [Times: user=0.41 sys=0.00, real=0.04 secs] 
2016-09-13T20:13:21.354-0400: 100.496: [GC (GCLocker Initiated GC) [PSYoungGen: 173767K->35368K(192000K)] 396194K->259437K(716288K), 0.0054980 secs] [Times: user=0.04 sys=0.00, real=0.01 secs] 
2016-09-13T20:13:21.556-0400: 100.698: [GC (GCLocker Initiated GC) [PSYoungGen: 162856K->5024K(193024K)] 386943K->238287K(717312K), 0.0042812 secs] [Times: user=0.03 sys=0.00, real=0.00 secs] 
2016-09-13T20:13:21.739-0400: 100.881: [GC (GCLocker Initiated GC) [PSYoungGen: 132512K->43301K(193536K)] 366019K->277025K(717824K), 0.0067210 secs] [Times: user=0.05 sys=0.01, real=0.00 secs] 
2016-09-13T20:13:21.987-0400: 101.129: [GC (GCLocker Initiated GC) [PSYoungGen: 168229K->23377K(148480K)] 411145K->271168K(672768K), 0.0050184 secs] [Times: user=0.04 sys=0.00, real=0.01 secs] 
2016-09-13T20:13:22.175-0400: 101.317: [GC (Allocation Failure) [PSYoungGen: 148305K->23373K(194048K)] 397849K->273059K(718336K), 0.0051149 secs] [Times: user=0.03 sys=0.00, real=0.01 secs] 
2016-09-13T20:13:22.362-0400: 101.504: [GC (GCLocker Initiated GC) [PSYoungGen: 149837K->24959K(192512K)] 399526K->274853K(716800K), 0.0091480 secs] [Times: user=0.06 sys=0.01, real=0.01 secs] 
2016-09-13T20:13:22.600-0400: 101.741: [GC (GCLocker Initiated GC) [PSYoungGen: 151423K->20361K(194048K)] 404489K->273691K(718336K), 0.0118518 secs] [Times: user=0.11 sys=0.01, real=0.01 secs] 
2016-09-13T20:13:22.807-0400: 101.949: [GC (GCLocker Initiated GC) [PSYoungGen: 149897K->14415K(193024K)] 409304K->274016K(717312K), 0.0043166 secs] [Times: user=0.03 sys=0.01, real=0.01 secs] 
2016-09-13T20:13:23.034-0400: 102.176: [GC (Allocation Failure) [PSYoungGen: 143951K->46185K(193536K)] 403839K->306279K(717824K), 0.0077291 secs] [Times: user=0.06 sys=0.00, real=0.01 secs] 
2016-09-13T20:13:23.244-0400: 102.385: [GC (GCLocker Initiated GC) [PSYoungGen: 174087K->9767K(196096K)] 440256K->276137K(720384K), 0.0172387 secs] [Times: user=0.15 sys=0.01, real=0.02 secs] 
2016-09-13T20:13:23.461-0400: 102.602: [GC (Allocation Failure) [PSYoungGen: 139815K->5432K(195072K)] 420132K->285914K(719360K), 0.0225768 secs] [Times: user=0.22 sys=0.01, real=0.02 secs] 
2016-09-13T20:13:23.673-0400: 102.815: [GC (GCLocker Initiated GC) [PSYoungGen: 134456K->52416K(181760K)] 414941K->333099K(706048K), 0.0287243 secs] [Times: user=0.32 sys=0.01, real=0.03 secs] 
2016-09-13T20:13:23.882-0400: 103.024: [GC (GCLocker Initiated GC) [PSYoungGen: 181440K->41948K(188928K)] 465406K->326085K(713216K), 0.0232781 secs] [Times: user=0.26 sys=0.00, real=0.02 secs] 
2016-09-13T20:13:24.070-0400: 103.212: [GC (GCLocker Initiated GC) [PSYoungGen: 158684K->43212K(189440K)] 444614K->329327K(713728K), 0.0098460 secs] [Times: user=0.09 sys=0.00, real=0.01 secs] 
2016-09-13T20:13:24.254-0400: 103.396: [GC (Allocation Failure) [PSYoungGen: 159948K->50838K(183296K)] 446085K->337064K(707584K), 0.0163943 secs] [Times: user=0.17 sys=0.01, real=0.02 secs] 
2016-09-13T20:13:24.448-0400: 103.590: [GC (GCLocker Initiated GC) [PSYoungGen: 161430K->26448K(186368K)] 447657K->320407K(710656K), 0.0188069 secs] [Times: user=0.20 sys=0.00, real=0.01 secs] 
2016-09-13T20:13:24.654-0400: 103.796: [GC (GCLocker Initiated GC) [PSYoungGen: 137040K->34162K(179200K)] 443239K->340566K(703488K), 0.0229945 secs] [Times: user=0.21 sys=0.00, real=0.03 secs] 
2016-09-13T20:13:24.840-0400: 103.982: [GC (GCLocker Initiated GC) [PSYoungGen: 147826K->50837K(182784K)] 454345K->360705K(707072K), 0.0179072 secs] [Times: user=0.16 sys=0.00, real=0.02 secs] 
2016-09-13T20:13:25.018-0400: 104.160: [GC (GCLocker Initiated GC) [PSYoungGen: 164501K->44795K(189952K)] 476049K->356537K(714240K), 0.0234551 secs] [Times: user=0.24 sys=0.00, real=0.02 secs] 
2016-09-13T20:13:25.212-0400: 104.353: [GC (Allocation Failure) [PSYoungGen: 162555K->46409K(164352K)] 474580K->358694K(688640K), 0.0068333 secs] [Times: user=0.09 sys=0.00, real=0.01 secs] 
2016-09-13T20:13:25.403-0400: 104.545: [GC (GCLocker Initiated GC) [PSYoungGen: 158341K->28360K(191488K)] 476701K->347029K(715776K), 0.0064391 secs] [Times: user=0.07 sys=0.00, real=0.01 secs] 
2016-09-13T20:13:25.579-0400: 104.721: [GC (Allocation Failure) [PSYoungGen: 147144K->28083K(146944K)] 465989K->347169K(671232K), 0.0096724 secs] [Times: user=0.10 sys=0.00, real=0.01 secs] 
2016-09-13T20:13:25.760-0400: 104.902: [GC (GCLocker Initiated GC) [PSYoungGen: 146867K->27992K(189440K)] 465959K->347392K(713728K), 0.0172902 secs] [Times: user=0.19 sys=0.01, real=0.02 secs] 
2016-09-13T20:13:25.978-0400: 105.120: [GC (GCLocker Initiated GC) [PSYoungGen: 148824K->9794K(187392K)] 474305K->335468K(711680K), 0.0263504 secs] [Times: user=0.34 sys=0.01, real=0.02 secs] 
2016-09-13T20:13:26.175-0400: 105.317: [GC (Allocation Failure) [PSYoungGen: 130626K->23340K(192512K)] 457832K->350815K(716800K), 0.0160931 secs] [Times: user=0.17 sys=0.00, real=0.02 secs] 
2016-09-13T20:13:26.380-0400: 105.521: [GC (Allocation Failure) [PSYoungGen: 151340K->29703K(193536K)] 478815K->357348K(717824K), 0.0125705 secs] [Times: user=0.15 sys=0.00, real=0.01 secs] 
2016-09-13T20:13:26.584-0400: 105.726: [GC (GCLocker Initiated GC) [PSYoungGen: 157703K->32517K(193536K)] 485357K->360364K(717824K), 0.0119437 secs] [Times: user=0.13 sys=0.00, real=0.02 secs] 
2016-09-13T20:13:26.821-0400: 105.963: [GC (GCLocker Initiated GC) [PSYoungGen: 166661K->49345K(194048K)] 494543K->377416K(718336K), 0.0168392 secs] [Times: user=0.16 sys=0.00, real=0.02 secs] 
2016-09-13T20:13:27.026-0400: 106.168: [GC (GCLocker Initiated GC) [PSYoungGen: 183489K->34318K(199680K)] 513185K->365741K(723968K), 0.0221244 secs] [Times: user=0.21 sys=0.00, real=0.03 secs] 
2016-09-13T20:13:27.253-0400: 106.395: [GC (GCLocker Initiated GC) [PSYoungGen: 172046K->23341K(198656K)] 509698K->368807K(722944K), 0.0168614 secs] [Times: user=0.15 sys=0.00, real=0.02 secs] 
2016-09-13T20:13:27.490-0400: 106.632: [GC (Allocation Failure) [PSYoungGen: 161069K->41762K(198144K)] 506618K->387376K(722432K), 0.0357411 secs] [Times: user=0.36 sys=0.00, real=0.03 secs] 
2016-09-13T20:13:27.725-0400: 106.867: [GC (GCLocker Initiated GC) [PSYoungGen: 180002K->46191K(199168K)] 525619K->391929K(723456K), 0.0280360 secs] [Times: user=0.25 sys=0.00, real=0.03 secs] 
2016-09-13T20:13:27.933-0400: 107.075: [GC (GCLocker Initiated GC) [PSYoungGen: 184429K->20643K(199680K)] 533437K->369868K(723968K), 0.0246193 secs] [Times: user=0.26 sys=0.00, real=0.03 secs] 
2016-09-13T20:13:28.174-0400: 107.315: [GC (GCLocker Initiated GC) [PSYoungGen: 157347K->37074K(174080K)] 506598K->386535K(698368K), 0.0241334 secs] [Times: user=0.23 sys=0.00, real=0.03 secs] 
2016-09-13T20:13:28.383-0400: 107.525: [GC (GCLocker Initiated GC) [PSYoungGen: 173778K->34195K(200192K)] 524785K->392951K(724480K), 0.0069688 secs] [Times: user=0.06 sys=0.01, real=0.01 secs] 
2016-09-13T20:13:28.608-0400: 107.750: [GC (GCLocker Initiated GC) [PSYoungGen: 173459K->12831K(197632K)] 538304K->383984K(721920K), 0.0138019 secs] [Times: user=0.12 sys=0.00, real=0.01 secs] 
2016-09-13T20:13:28.861-0400: 108.002: [GC (GCLocker Initiated GC) [PSYoungGen: 152095K->5084K(198656K)] 535400K->394724K(722944K), 0.0084568 secs] [Times: user=0.05 sys=0.00, real=0.01 secs] 
2016-09-13T20:13:29.078-0400: 108.220: [GC (GCLocker Initiated GC) [PSYoungGen: 144348K->47736K(187392K)] 534002K->437646K(711680K), 0.0264116 secs] [Times: user=0.23 sys=0.00, real=0.02 secs] 
2016-09-13T20:13:29.300-0400: 108.442: [GC (GCLocker Initiated GC) [PSYoungGen: 187000K->29352K(200192K)] 589291K->437920K(724480K), 0.0292239 secs] [Times: user=0.28 sys=0.00, real=0.03 secs] 
2016-09-13T20:13:29.516-0400: 108.658: [GC (GCLocker Initiated GC) [PSYoungGen: 164520K->39993K(197120K)] 574682K->450211K(721408K), 0.0146797 secs] [Times: user=0.14 sys=0.00, real=0.01 secs] 
2016-09-13T20:13:29.745-0400: 108.887: [GC (GCLocker Initiated GC) [PSYoungGen: 175161K->41597K(197120K)] 585382K->451874K(721408K), 0.0285469 secs] [Times: user=0.32 sys=0.00, real=0.03 secs] 
2016-09-13T20:13:29.963-0400: 109.105: [GC (Allocation Failure) [PSYoungGen: 176253K->23282K(197632K)] 588079K->435231K(721920K), 0.0178640 secs] [Times: user=0.18 sys=0.00, real=0.02 secs] 
2016-09-13T20:13:30.185-0400: 109.327: [GC (GCLocker Initiated GC) [PSYoungGen: 157561K->32798K(195072K)] 571029K->446444K(719360K), 0.0065685 secs] [Times: user=0.07 sys=0.00, real=0.01 secs] 
2016-09-13T20:13:30.435-0400: 109.577: [GC (GCLocker Initiated GC) [PSYoungGen: 170526K->43025K(196608K)] 584356K->461738K(720896K), 0.0138214 secs] [Times: user=0.10 sys=0.00, real=0.02 secs] 
2016-09-13T20:13:30.648-0400: 109.790: [GC (GCLocker Initiated GC) [PSYoungGen: 180753K->35746K(201728K)] 601049K->456299K(726016K), 0.0089316 secs] [Times: user=0.10 sys=0.00, real=0.01 secs] 
2016-09-13T20:13:30.877-0400: 110.019: [GC (GCLocker Initiated GC) [PSYoungGen: 178594K->49415K(192512K)] 599309K->476434K(716800K), 0.0087691 secs] [Times: user=0.07 sys=0.00, real=0.00 secs] 
2016-09-13T20:13:31.099-0400: 110.241: [GC (GCLocker Initiated GC) [PSYoungGen: 192263K->46345K(196608K)] 625718K->480018K(720896K), 0.0099315 secs] [Times: user=0.12 sys=0.01, real=0.01 secs] 
2016-09-13T20:13:31.323-0400: 110.465: [GC (GCLocker Initiated GC) [PSYoungGen: 180489K->58437K(193024K)] 615716K->499956K(717312K), 0.0221689 secs] [Times: user=0.22 sys=0.00, real=0.02 secs] 
2016-09-13T20:13:31.550-0400: 110.692: [GC (GCLocker Initiated GC) [PSYoungGen: 192581K->28120K(194048K)] 640443K->476129K(718336K), 0.0080494 secs] [Times: user=0.09 sys=0.00, real=0.01 secs] 
2016-09-13T20:13:31.745-0400: 110.887: [GC (GCLocker Initiated GC) [PSYoungGen: 153048K->9762K(135168K)] 607164K->463942K(659456K), 0.0040385 secs] [Times: user=0.02 sys=0.00, real=0.01 secs] 
2016-09-13T20:13:31.951-0400: 111.093: [GC (GCLocker Initiated GC) [PSYoungGen: 134690K->30940K(195584K)] 590435K->486961K(719872K), 0.0057821 secs] [Times: user=0.04 sys=0.00, real=0.01 secs] 
2016-09-13T20:13:32.156-0400: 111.298: [GC (GCLocker Initiated GC) [PSYoungGen: 156892K->35624K(161792K)] 613154K->496547K(686080K), 0.0109270 secs] [Times: user=0.14 sys=0.00, real=0.00 secs] 
2016-09-13T20:13:32.409-0400: 111.551: [GC (GCLocker Initiated GC) [PSYoungGen: 161576K->9926K(188928K)] 634926K->491075K(713216K), 0.0202706 secs] [Times: user=0.23 sys=0.00, real=0.02 secs] 
2016-09-13T20:13:32.611-0400: 111.753: [GC (GCLocker Initiated GC) [PSYoungGen: 134854K->17426K(189952K)] 622113K->504886K(714240K), 0.0117612 secs] [Times: user=0.14 sys=0.00, real=0.01 secs] 
2016-09-13T20:13:32.810-0400: 111.952: [GC (GCLocker Initiated GC) [PSYoungGen: 142354K->29914K(189440K)] 629834K->526685K(713728K), 0.0101660 secs] [Times: user=0.12 sys=0.00, real=0.01 secs] 
2016-09-13T20:13:33.038-0400: 112.180: [GC (GCLocker Initiated GC) [PSYoungGen: 162522K->24860K(193536K)] 659337K->528057K(717824K), 0.0146774 secs] [Times: user=0.12 sys=0.00, real=0.01 secs] 
2016-09-13T20:13:33.256-0400: 112.398: [Full GC (Ergonomics) [PSYoungGen: 157468K->0K(193536K)] [ParOldGen: 515366K->37878K(524288K)] 672834K->37878K(717824K), [Metaspace: 44539K->44539K(1087488K)], 0.0521638 secs] [Times: user=0.29 sys=0.01, real=0.05 secs] 
2016-09-13T20:13:33.486-0400: 112.628: [GC (GCLocker Initiated GC) [PSYoungGen: 132608K->55712K(189952K)] 176818K->99923K(714240K), 0.0080509 secs] [Times: user=0.06 sys=0.00, real=0.01 secs] 
2016-09-13T20:13:33.688-0400: 112.829: [GC (GCLocker Initiated GC) [PSYoungGen: 186784K->61598K(193024K)] 231037K->136815K(717312K), 0.0162665 secs] [Times: user=0.20 sys=0.00, real=0.02 secs] 
2016-09-13T20:13:33.905-0400: 113.047: [GC (GCLocker Initiated GC) [PSYoungGen: 192670K->28183K(189952K)] 275825K->123619K(714240K), 0.0223061 secs] [Times: user=0.32 sys=0.00, real=0.02 secs] 
2016-09-13T20:13:34.101-0400: 113.243: [GC (GCLocker Initiated GC) [PSYoungGen: 149015K->35687K(156672K)] 244474K->136081K(680960K), 0.0111455 secs] [Times: user=0.14 sys=0.00, real=0.01 secs] 
2016-09-13T20:13:34.346-0400: 113.488: [GC (GCLocker Initiated GC) [PSYoungGen: 156519K->46260K(188928K)] 258456K->154447K(713216K), 0.0077850 secs] [Times: user=0.08 sys=0.00, real=0.01 secs] 
2016-09-13T20:13:34.541-0400: 113.683: [GC (GCLocker Initiated GC) [PSYoungGen: 167604K->43089K(189952K)] 275829K->151444K(714240K), 0.0261052 secs] [Times: user=0.21 sys=0.00, real=0.02 secs] 
2016-09-13T20:13:34.727-0400: 113.869: [GC (GCLocker Initiated GC) [PSYoungGen: 164433K->17670K(193024K)] 278891K->147515K(717312K), 0.0040171 secs] [Times: user=0.04 sys=0.01, real=0.01 secs] 
2016-09-13T20:13:34.899-0400: 114.041: [GC (GCLocker Initiated GC) [PSYoungGen: 143110K->63152K(188928K)] 273156K->205796K(713216K), 0.0112369 secs] [Times: user=0.15 sys=0.00, real=0.01 secs] 
2016-09-13T20:13:35.103-0400: 114.245: [GC (GCLocker Initiated GC) [PSYoungGen: 188592K->60082K(175616K)] 332804K->204453K(699904K), 0.0075351 secs] [Times: user=0.07 sys=0.00, real=0.01 secs] 
2016-09-13T20:13:35.291-0400: 114.433: [GC (Allocation Failure) [PSYoungGen: 162482K->32645K(182272K)] 313250K->183831K(706560K), 0.0131549 secs] [Times: user=0.16 sys=0.01, real=0.01 secs] 
2016-09-13T20:13:35.468-0400: 114.610: [GC (GCLocker Initiated GC) [PSYoungGen: 135045K->43372K(174592K)] 286234K->197752K(698880K), 0.0065957 secs] [Times: user=0.08 sys=0.00, real=0.00 secs] 
2016-09-13T20:13:35.650-0400: 114.792: [GC (GCLocker Initiated GC) [PSYoungGen: 148332K->10049K(179712K)] 314940K->176965K(704000K), 0.0041243 secs] [Times: user=0.04 sys=0.00, real=0.00 secs] 
2016-09-13T20:13:35.814-0400: 114.956: [GC (GCLocker Initiated GC) [PSYoungGen: 115009K->28019K(183808K)] 283723K->197056K(708096K), 0.0430769 secs] [Times: user=0.38 sys=0.00, real=0.05 secs] 
2016-09-13T20:13:36.031-0400: 115.173: [GC (GCLocker Initiated GC) [PSYoungGen: 139123K->43250K(184832K)] 308271K->212643K(709120K), 0.0216742 secs] [Times: user=0.25 sys=0.01, real=0.02 secs] 
2016-09-13T20:13:36.211-0400: 115.353: [GC (Allocation Failure) [PSYoungGen: 154354K->46248K(188416K)] 323766K->215807K(712704K), 0.0228806 secs] [Times: user=0.29 sys=0.00, real=0.02 secs] 
2016-09-13T20:13:36.372-0400: 115.514: [GC (GCLocker Initiated GC) [PSYoungGen: 161960K->37175K(153088K)] 331522K->207020K(677376K), 0.0100361 secs] [Times: user=0.11 sys=0.00, real=0.01 secs] 
2016-09-13T20:13:36.571-0400: 115.713: [GC (Allocation Failure) [PSYoungGen: 152887K->5216K(184320K)] 325834K->178275K(708608K), 0.0032171 secs] [Times: user=0.02 sys=0.00, real=0.00 secs] 
2016-09-13T20:13:36.729-0400: 115.871: [GC (GCLocker Initiated GC) [PSYoungGen: 118404K->29549K(186368K)] 292981K->204360K(710656K), 0.0156460 secs] [Times: user=0.21 sys=0.00, real=0.01 secs] 
2016-09-13T20:13:36.923-0400: 116.065: [GC (Allocation Failure) [PSYoungGen: 144236K->23659K(188416K)] 325472K->205206K(712704K), 0.0058002 secs] [Times: user=0.08 sys=0.00, real=0.01 secs] 
2016-09-13T20:13:37.119-0400: 116.261: [GC (GCLocker Initiated GC) [PSYoungGen: 145515K->47833K(188928K)] 327065K->229762K(713216K), 0.0132625 secs] [Times: user=0.15 sys=0.00, real=0.01 secs] 
2016-09-13T20:13:37.312-0400: 116.454: [GC (GCLocker Initiated GC) [PSYoungGen: 169689K->49383K(188928K)] 351643K->231468K(713216K), 0.0137688 secs] [Times: user=0.13 sys=0.00, real=0.01 secs] 
2016-09-13T20:13:37.518-0400: 116.660: [GC (GCLocker Initiated GC) [PSYoungGen: 169191K->31131K(151040K)] 357591K->228944K(675328K), 0.0125751 secs] [Times: user=0.16 sys=0.00, real=0.01 secs] 
2016-09-13T20:13:37.715-0400: 116.857: [GC (GCLocker Initiated GC) [PSYoungGen: 150939K->49101K(188928K)] 348841K->253319K(713216K), 0.0078857 secs] [Times: user=0.05 sys=0.00, real=0.01 secs] 
2016-09-13T20:13:37.906-0400: 117.047: [GC (GCLocker Initiated GC) [PSYoungGen: 169421K->27908K(190464K)] 373641K->232184K(714752K), 0.0062833 secs] [Times: user=0.07 sys=0.00, real=0.01 secs] 
2016-09-13T20:13:38.105-0400: 117.247: [GC (GCLocker Initiated GC) [PSYoungGen: 148228K->66217K(178176K)] 352559K->270703K(702464K), 0.0110768 secs] [Times: user=0.12 sys=0.01, real=0.02 secs] 
2016-09-13T20:13:38.299-0400: 117.441: [GC (GCLocker Initiated GC) [PSYoungGen: 175785K->29637K(185856K)] 388050K->249713K(710144K), 0.0144567 secs] [Times: user=0.14 sys=0.00, real=0.01 secs] 
2016-09-13T20:13:38.484-0400: 117.626: [GC (GCLocker Initiated GC) [PSYoungGen: 139205K->44885K(181760K)] 359415K->265360K(706048K), 0.0129061 secs] [Times: user=0.10 sys=0.00, real=0.02 secs] 
2016-09-13T20:13:38.650-0400: 117.792: [GC (GCLocker Initiated GC) [PSYoungGen: 156501K->52580K(184832K)] 377180K->273649K(709120K), 0.0078244 secs] [Times: user=0.11 sys=0.00, real=0.01 secs] 
2016-09-13T20:13:38.849-0400: 117.990: [GC (Allocation Failure) [PSYoungGen: 164196K->15938K(185856K)] 397535K->252524K(710144K), 0.0146512 secs] [Times: user=0.17 sys=0.00, real=0.01 secs] 
2016-09-13T20:13:39.044-0400: 118.186: [GC (GCLocker Initiated GC) [PSYoungGen: 122656K->14362K(186368K)] 365317K->266377K(710656K), 0.0040018 secs] [Times: user=0.04 sys=0.00, real=0.01 secs] 
2016-09-13T20:13:39.216-0400: 118.357: [GC (Allocation Failure) [PSYoungGen: 124954K->24954K(182272K)] 377235K->277307K(706560K), 0.0210301 secs] [Times: user=0.25 sys=0.01, real=0.03 secs] 
2016-09-13T20:13:39.408-0400: 118.550: [GC (GCLocker Initiated GC) [PSYoungGen: 131095K->29576K(184320K)] 389523K->288256K(708608K), 0.0119340 secs] [Times: user=0.14 sys=0.00, real=0.01 secs] 
2016-09-13T20:13:39.583-0400: 118.725: [GC (Allocation Failure) [PSYoungGen: 140168K->28211K(183296K)] 399100K->287388K(707584K), 0.0066737 secs] [Times: user=0.07 sys=0.00, real=0.01 secs] 
2016-09-13T20:13:39.773-0400: 118.915: [GC (GCLocker Initiated GC) [PSYoungGen: 143857K->9859K(185344K)] 409109K->275352K(709632K), 0.0243828 secs] [Times: user=0.27 sys=0.00, real=0.03 secs] 
2016-09-13T20:13:39.953-0400: 119.095: [GC (GCLocker Initiated GC) [PSYoungGen: 127619K->31003K(187904K)] 394688K->298195K(712192K), 0.0115825 secs] [Times: user=0.11 sys=0.00, real=0.01 secs] 
2016-09-13T20:13:40.173-0400: 119.315: [GC (GCLocker Initiated GC) [PSYoungGen: 157467K->9735K(190976K)] 430750K->289260K(715264K), 0.0151422 secs] [Times: user=0.16 sys=0.00, real=0.02 secs] 
2016-09-13T20:13:40.365-0400: 119.507: [GC (Allocation Failure) [PSYoungGen: 136199K->24955K(192000K)] 415944K->309458K(716288K), 0.0113515 secs] [Times: user=0.12 sys=0.00, real=0.02 secs] 
2016-09-13T20:13:40.597-0400: 119.739: [GC (GCLocker Initiated GC) [PSYoungGen: 157563K->9708K(194560K)] 442066K->294405K(718848K), 0.0216558 secs] [Times: user=0.20 sys=0.00, real=0.02 secs] 
2016-09-13T20:13:40.819-0400: 119.961: [GC (GCLocker Initiated GC) [PSYoungGen: 142316K->46279K(193024K)] 427199K->331373K(717312K), 0.0366687 secs] [Times: user=0.37 sys=0.00, real=0.04 secs] 
2016-09-13T20:13:41.045-0400: 120.187: [GC (Allocation Failure) [PSYoungGen: 177351K->5052K(136192K)] 468596K->296595K(660480K), 0.0119192 secs] [Times: user=0.14 sys=0.00, real=0.02 secs] 
2016-09-13T20:13:41.244-0400: 120.386: [GC (GCLocker Initiated GC) [PSYoungGen: 130540K->14291K(198144K)] 428158K->312040K(722432K), 0.0067690 secs] [Times: user=0.06 sys=0.00, real=0.01 secs] 
2016-09-13T20:13:41.456-0400: 120.598: [GC (Allocation Failure) [PSYoungGen: 146387K->43148K(175616K)] 444433K->346084K(699904K), 0.0215239 secs] [Times: user=0.23 sys=0.00, real=0.02 secs] 
2016-09-13T20:13:41.678-0400: 120.819: [GC (GCLocker Initiated GC) [PSYoungGen: 174488K->44667K(189952K)] 478943K->352370K(714240K), 0.0458386 secs] [Times: user=0.51 sys=0.00, real=0.04 secs] 
2016-09-13T20:13:41.889-0400: 121.031: [GC (GCLocker Initiated GC) [PSYoungGen: 167547K->28024K(151040K)] 481490K->342121K(675328K), 0.0281696 secs] [Times: user=0.31 sys=0.01, real=0.03 secs] 
2016-09-13T20:13:42.103-0400: 121.245: [GC (GCLocker Initiated GC) [PSYoungGen: 150904K->46254K(187904K)] 465109K->360727K(712192K), 0.0177818 secs] [Times: user=0.18 sys=0.00, real=0.02 secs] 
2016-09-13T20:13:42.299-0400: 121.441: [GC (GCLocker Initiated GC) [PSYoungGen: 168622K->26473K(190976K)] 495342K->353466K(715264K), 0.0126344 secs] [Times: user=0.11 sys=0.00, real=0.01 secs] 
2016-09-13T20:13:42.499-0400: 121.641: [GC (GCLocker Initiated GC) [PSYoungGen: 148841K->29603K(187904K)] 481973K->362928K(712192K), 0.0056428 secs] [Times: user=0.03 sys=0.01, real=0.00 secs] 
2016-09-13T20:13:42.700-0400: 121.842: [GC (GCLocker Initiated GC) [PSYoungGen: 158115K->31158K(190464K)] 491465K->364729K(714752K), 0.0060866 secs] [Times: user=0.06 sys=0.00, real=0.00 secs] 
2016-09-13T20:13:42.900-0400: 122.041: [GC (GCLocker Initiated GC) [PSYoungGen: 159670K->53907K(190976K)] 493259K->409000K(715264K), 0.0090536 secs] [Times: user=0.09 sys=0.01, real=0.01 secs] 
2016-09-13T20:13:43.152-0400: 122.294: [GC (GCLocker Initiated GC) [PSYoungGen: 186003K->29479K(197120K)] 541277K->392556K(721408K), 0.0189242 secs] [Times: user=0.17 sys=0.00, real=0.02 secs] 
2016-09-13T20:13:43.348-0400: 122.489: [GC (GCLocker Initiated GC) [PSYoungGen: 161575K->34195K(189440K)] 530901K->403888K(713728K), 0.0099417 secs] [Times: user=0.11 sys=0.00, real=0.02 secs] 
2016-09-13T20:13:43.581-0400: 122.723: [GC (GCLocker Initiated GC) [PSYoungGen: 168851K->41762K(194560K)] 540255K->419499K(718848K), 0.0113126 secs] [Times: user=0.13 sys=0.00, real=0.01 secs] 
2016-09-13T20:13:43.790-0400: 122.932: [GC (GCLocker Initiated GC) [PSYoungGen: 176418K->35624K(199168K)] 554182K->413555K(723456K), 0.0083666 secs] [Times: user=0.10 sys=0.00, real=0.01 secs] 
2016-09-13T20:13:44.055-0400: 123.197: [GC (GCLocker Initiated GC) [PSYoungGen: 176936K->28328K(200192K)] 561120K->421828K(724480K), 0.0073237 secs] [Times: user=0.08 sys=0.00, real=0.01 secs] 
2016-09-13T20:13:44.261-0400: 123.403: [GC (GCLocker Initiated GC) [PSYoungGen: 169640K->49420K(197632K)] 563349K->443354K(721920K), 0.0074421 secs] [Times: user=0.09 sys=0.00, real=0.01 secs] 
2016-09-13T20:13:44.483-0400: 123.625: [GC (GCLocker Initiated GC) [PSYoungGen: 189708K->46375K(186880K)] 583762K->440552K(711168K), 0.0078883 secs] [Times: user=0.07 sys=0.00, real=0.01 secs] 
2016-09-13T20:13:44.692-0400: 123.834: [GC (GCLocker Initiated GC) [PSYoungGen: 186663K->56886K(188928K)] 581066K->451659K(713216K), 0.0230871 secs] [Times: user=0.22 sys=0.01, real=0.02 secs] 
2016-09-13T20:13:44.899-0400: 124.041: [GC (GCLocker Initiated GC) [PSYoungGen: 182838K->67768K(194048K)] 577847K->465934K(718336K), 0.0077387 secs] [Times: user=0.11 sys=0.00, real=0.00 secs] 
2016-09-13T20:13:45.100-0400: 124.242: [GC (GCLocker Initiated GC) [PSYoungGen: 193720K->46318K(181760K)] 601035K->453771K(706048K), 0.0099340 secs] [Times: user=0.10 sys=0.00, real=0.01 secs] 
2016-09-13T20:13:45.294-0400: 124.435: [GC (GCLocker Initiated GC) [PSYoungGen: 159982K->49133K(187904K)] 567743K->457151K(712192K), 0.0155262 secs] [Times: user=0.10 sys=0.00, real=0.02 secs] 
2016-09-13T20:13:45.499-0400: 124.641: [GC (GCLocker Initiated GC) [PSYoungGen: 162797K->31099K(184832K)] 577073K->451663K(709120K), 0.0064636 secs] [Times: user=0.08 sys=0.00, real=0.00 secs] 
2016-09-13T20:13:45.699-0400: 124.841: [GC (GCLocker Initiated GC) [PSYoungGen: 144763K->29611K(186368K)] 573037K->459571K(710656K), 0.0112074 secs] [Times: user=0.10 sys=0.00, real=0.01 secs] 
2016-09-13T20:13:45.902-0400: 125.044: [GC (GCLocker Initiated GC) [PSYoungGen: 143275K->29606K(185856K)] 585676K->472193K(710144K), 0.0077448 secs] [Times: user=0.08 sys=0.00, real=0.01 secs] 
2016-09-13T20:13:46.100-0400: 125.242: [GC (GCLocker Initiated GC) [PSYoungGen: 147366K->27961K(187904K)] 603765K->484561K(712192K), 0.0089317 secs] [Times: user=0.10 sys=0.00, real=0.01 secs] 
2016-09-13T20:13:46.297-0400: 125.439: [GC (GCLocker Initiated GC) [PSYoungGen: 145721K->49447K(190976K)] 608436K->512399K(715264K), 0.0241825 secs] [Times: user=0.33 sys=0.00, real=0.02 secs] 
2016-09-13T20:13:46.531-0400: 125.673: [GC (GCLocker Initiated GC) [PSYoungGen: 171303K->32458K(154624K)] 634285K->506231K(678912K), 0.0117406 secs] [Times: user=0.14 sys=0.01, real=0.01 secs] 
2016-09-13T20:13:46.728-0400: 125.870: [GC (GCLocker Initiated GC) [PSYoungGen: 154314K->35619K(193536K)] 628103K->517161K(717824K), 0.0101100 secs] [Times: user=0.09 sys=0.00, real=0.01 secs] 
2016-09-13T20:13:46.909-0400: 126.051: [GC (GCLocker Initiated GC) [PSYoungGen: 161059K->46472K(190976K)] 645856K->541981K(715264K), 0.0134693 secs] [Times: user=0.18 sys=0.00, real=0.01 secs] 
2016-09-13T20:13:47.125-0400: 126.267: [GC (GCLocker Initiated GC) [PSYoungGen: 171912K->50774K(193024K)] 667707K->546640K(717312K), 0.0168123 secs] [Times: user=0.13 sys=0.00, real=0.02 secs] 
2016-09-13T20:13:47.349-0400: 126.491: [Full GC (Ergonomics) [PSYoungGen: 177750K->0K(193024K)] [ParOldGen: 509736K->38256K(524288K)] 687487K->38256K(717312K), [Metaspace: 44569K->44569K(1087488K)], 0.0650039 secs] [Times: user=0.39 sys=0.01, real=0.06 secs] 
2016-09-13T20:13:47.566-0400: 126.708: [GC (GCLocker Initiated GC) [PSYoungGen: 126976K->46504K(194560K)] 166943K->86472K(718848K), 0.0097552 secs] [Times: user=0.11 sys=0.00, real=0.02 secs] 
2016-09-13T20:13:47.741-0400: 126.883: [GC (GCLocker Initiated GC) [PSYoungGen: 173480K->46409K(193536K)] 216552K->105138K(717824K), 0.0095900 secs] [Times: user=0.14 sys=0.00, real=0.01 secs] 
2016-09-13T20:13:47.948-0400: 127.090: [GC (GCLocker Initiated GC) [PSYoungGen: 173385K->28094K(194048K)] 233906K->88836K(718336K), 0.0061687 secs] [Times: user=0.07 sys=0.00, real=0.00 secs] 
2016-09-13T20:13:48.183-0400: 127.325: [GC (GCLocker Initiated GC) [PSYoungGen: 155070K->40052K(189952K)] 215960K->101126K(714240K), 0.0120597 secs] [Times: user=0.10 sys=0.00, real=0.01 secs] 
2016-09-13T20:13:48.394-0400: 127.535: [GC (GCLocker Initiated GC) [PSYoungGen: 168564K->21881K(192512K)] 232865K->86370K(716800K), 0.0190354 secs] [Times: user=0.21 sys=0.00, real=0.02 secs] 
2016-09-13T20:13:48.610-0400: 127.752: [GC (GCLocker Initiated GC) [PSYoungGen: 150393K->43238K(197632K)] 215074K->108109K(721920K), 0.0102063 secs] [Times: user=0.10 sys=0.01, real=0.01 secs] 
2016-09-13T20:13:48.831-0400: 127.973: [GC (GCLocker Initiated GC) [PSYoungGen: 176870K->43404K(177152K)] 241875K->108609K(701440K), 0.0335707 secs] [Times: user=0.42 sys=0.01, real=0.03 secs] 
2016-09-13T20:13:49.069-0400: 128.210: [GC (GCLocker Initiated GC) [PSYoungGen: 177036K->46414K(196608K)] 248556K->125770K(720896K), 0.0082213 secs] [Times: user=0.10 sys=0.01, real=0.01 secs] 
2016-09-13T20:13:49.251-0400: 128.393: [GC (GCLocker Initiated GC) [PSYoungGen: 180046K->47923K(197120K)] 259557K->127620K(721408K), 0.0220399 secs] [Times: user=0.20 sys=0.01, real=0.02 secs] 
2016-09-13T20:13:49.465-0400: 128.607: [GC (GCLocker Initiated GC) [PSYoungGen: 181555K->47938K(197120K)] 261471K->128040K(721408K), 0.0100600 secs] [Times: user=0.11 sys=0.00, real=0.01 secs] 
2016-09-13T20:13:49.682-0400: 128.824: [GC (Allocation Failure) [PSYoungGen: 181058K->44704K(178176K)] 262865K->126678K(702464K), 0.0102845 secs] [Times: user=0.09 sys=0.00, real=0.01 secs] 
2016-09-13T20:13:49.914-0400: 129.056: [GC (GCLocker Initiated GC) [PSYoungGen: 177824K->44666K(198144K)] 259802K->126767K(722432K), 0.0153023 secs] [Times: user=0.18 sys=0.00, real=0.02 secs] 
2016-09-13T20:13:50.118-0400: 129.260: [GC (GCLocker Initiated GC) [PSYoungGen: 179322K->31222K(197120K)] 261439K->113564K(721408K), 0.0102956 secs] [Times: user=0.10 sys=0.00, real=0.01 secs] 
2016-09-13T20:13:50.317-0400: 129.459: [GC (GCLocker Initiated GC) [PSYoungGen: 165878K->43313K(198656K)] 249916K->132224K(722944K), 0.0085740 secs] [Times: user=0.08 sys=0.00, real=0.00 secs] 
2016-09-13T20:13:50.546-0400: 129.688: [GC (GCLocker Initiated GC) [PSYoungGen: 180529K->41817K(198144K)] 271173K->132623K(722432K), 0.0073324 secs] [Times: user=0.08 sys=0.01, real=0.01 secs] 
2016-09-13T20:13:50.806-0400: 129.948: [GC (GCLocker Initiated GC) [PSYoungGen: 179033K->55554K(195584K)] 271575K->148243K(719872K), 0.0125143 secs] [Times: user=0.17 sys=0.00, real=0.02 secs] 
2016-09-13T20:13:51.031-0400: 130.173: [GC (GCLocker Initiated GC) [PSYoungGen: 191746K->58246K(194560K)] 284757K->175766K(718848K), 0.0162464 secs] [Times: user=0.14 sys=0.00, real=0.01 secs] 
2016-09-13T20:13:51.254-0400: 130.395: [GC (GCLocker Initiated GC) [PSYoungGen: 194438K->25056K(193536K)] 319574K->205030K(717824K), 0.0150279 secs] [Times: user=0.15 sys=0.00, real=0.02 secs] 
2016-09-13T20:13:51.451-0400: 130.593: [GC (GCLocker Initiated GC) [PSYoungGen: 152032K->15870K(142848K)] 344291K->208295K(667136K), 0.0101340 secs] [Times: user=0.10 sys=0.00, real=0.01 secs] 
2016-09-13T20:13:51.676-0400: 130.818: [GC (GCLocker Initiated GC) [PSYoungGen: 142846K->32548K(194048K)] 335428K->231394K(718336K), 0.0340559 secs] [Times: user=0.36 sys=0.01, real=0.03 secs] 
2016-09-13T20:13:51.867-0400: 131.009: [GC (GCLocker Initiated GC) [PSYoungGen: 156964K->51025K(192512K)] 357401K->251637K(716800K), 0.0071963 secs] [Times: user=0.08 sys=0.00, real=0.01 secs] 
2016-09-13T20:13:52.055-0400: 131.197: [GC (Allocation Failure) [PSYoungGen: 175441K->46532K(193024K)] 377840K->261260K(717312K), 0.0085126 secs] [Times: user=0.10 sys=0.00, real=0.01 secs] 
2016-09-13T20:13:52.254-0400: 131.396: [GC (GCLocker Initiated GC) [PSYoungGen: 169924K->44767K(168448K)] 384655K->259644K(692736K), 0.0099641 secs] [Times: user=0.06 sys=0.00, real=0.01 secs] 
2016-09-13T20:13:52.468-0400: 131.610: [GC (GCLocker Initiated GC) [PSYoungGen: 168159K->43244K(193024K)] 383105K->258309K(717312K), 0.0100474 secs] [Times: user=0.09 sys=0.00, real=0.01 secs] 
2016-09-13T20:13:52.662-0400: 131.804: [GC (Allocation Failure) [PSYoungGen: 168684K->47928K(190976K)] 383885K->263488K(715264K), 0.0101469 secs] [Times: user=0.12 sys=0.00, real=0.01 secs] 
2016-09-13T20:13:52.880-0400: 132.022: [GC (GCLocker Initiated GC) [PSYoungGen: 173368K->46249K(195072K)] 388931K->261998K(719360K), 0.0212668 secs] [Times: user=0.24 sys=0.00, real=0.02 secs] 
2016-09-13T20:13:53.084-0400: 132.226: [GC (GCLocker Initiated GC) [PSYoungGen: 175785K->44762K(194560K)] 391560K->260643K(718848K), 0.0070250 secs] [Times: user=0.05 sys=0.00, real=0.01 secs] 
2016-09-13T20:13:53.298-0400: 132.440: [GC (GCLocker Initiated GC) [PSYoungGen: 174298K->41571K(195584K)] 396531K->265678K(719872K), 0.0184239 secs] [Times: user=0.17 sys=0.01, real=0.02 secs] 
2016-09-13T20:13:53.520-0400: 132.662: [GC (GCLocker Initiated GC) [PSYoungGen: 174691K->28020K(195072K)] 404899K->258283K(719360K), 0.0165511 secs] [Times: user=0.20 sys=0.00, real=0.02 secs] 
2016-09-13T20:13:53.761-0400: 132.902: [GC (GCLocker Initiated GC) [PSYoungGen: 161140K->14264K(195584K)] 391526K->246366K(719872K), 0.0252105 secs] [Times: user=0.30 sys=0.00, real=0.02 secs] 
2016-09-13T20:13:53.996-0400: 133.138: [GC (GCLocker Initiated GC) [PSYoungGen: 147384K->12991K(146432K)] 379586K->251506K(670720K), 0.0097854 secs] [Times: user=0.07 sys=0.00, real=0.00 secs] 
2016-09-13T20:13:54.188-0400: 133.330: [GC (GCLocker Initiated GC) [PSYoungGen: 146111K->28120K(197120K)] 384815K->276154K(721408K), 0.0091347 secs] [Times: user=0.11 sys=0.00, real=0.01 secs] 
2016-09-13T20:13:54.400-0400: 133.542: [GC (GCLocker Initiated GC) [PSYoungGen: 158680K->24853K(155648K)] 406944K->273294K(679936K), 0.0368864 secs] [Times: user=0.28 sys=0.00, real=0.04 secs] 
2016-09-13T20:13:54.604-0400: 133.746: [GC (Allocation Failure) [PSYoungGen: 155413K->46186K(192512K)] 404109K->295212K(716800K), 0.0158862 secs] [Times: user=0.16 sys=0.00, real=0.02 secs] 
2016-09-13T20:13:54.804-0400: 133.946: [GC (GCLocker Initiated GC) [PSYoungGen: 175210K->49351K(194048K)] 424240K->298460K(718336K), 0.0098907 secs] [Times: user=0.11 sys=0.00, real=0.01 secs] 
2016-09-13T20:13:55.011-0400: 134.153: [GC (Allocation Failure) [PSYoungGen: 178375K->28184K(195072K)] 430683K->280785K(719360K), 0.0096469 secs] [Times: user=0.10 sys=0.00, real=0.01 secs] 
2016-09-13T20:13:55.225-0400: 134.367: [GC (GCLocker Initiated GC) [PSYoungGen: 157208K->31094K(160256K)] 409814K->283846K(684544K), 0.0220688 secs] [Times: user=0.25 sys=0.00, real=0.02 secs] 
2016-09-13T20:13:55.452-0400: 134.593: [GC (GCLocker Initiated GC) [PSYoungGen: 160118K->9863K(192512K)] 425196K->275088K(716800K), 0.0135256 secs] [Times: user=0.13 sys=0.01, real=0.01 secs] 
2016-09-13T20:13:55.653-0400: 134.795: [GC (GCLocker Initiated GC) [PSYoungGen: 138887K->46154K(194048K)] 404294K->311688K(718336K), 0.0108872 secs] [Times: user=0.08 sys=0.01, real=0.01 secs] 
2016-09-13T20:13:55.878-0400: 135.020: [GC (GCLocker Initiated GC) [PSYoungGen: 175178K->43149K(195072K)] 440723K->313438K(719360K), 0.0069256 secs] [Times: user=0.06 sys=0.00, real=0.00 secs] 
2016-09-13T20:13:56.084-0400: 135.226: [GC (GCLocker Initiated GC) [PSYoungGen: 171149K->46127K(174592K)] 441517K->319678K(698880K), 0.0394130 secs] [Times: user=0.38 sys=0.00, real=0.04 secs] 
2016-09-13T20:13:56.301-0400: 135.443: [GC (GCLocker Initiated GC) [PSYoungGen: 174127K->22104K(195072K)] 459890K->320235K(719360K), 0.0255363 secs] [Times: user=0.26 sys=0.00, real=0.02 secs] 
2016-09-13T20:13:56.499-0400: 135.641: [GC (GCLocker Initiated GC) [PSYoungGen: 149080K->64384K(191488K)] 447304K->362927K(715776K), 0.0284569 secs] [Times: user=0.33 sys=0.00, real=0.03 secs] 
2016-09-13T20:13:56.718-0400: 135.860: [GC (GCLocker Initiated GC) [PSYoungGen: 191360K->29571K(187392K)] 496062K->334369K(711680K), 0.0142689 secs] [Times: user=0.14 sys=0.00, real=0.01 secs] 
2016-09-13T20:13:56.898-0400: 136.040: [GC (GCLocker Initiated GC) [PSYoungGen: 146307K->46159K(189440K)] 457364K->361895K(713728K), 0.0086817 secs] [Times: user=0.07 sys=0.00, real=0.00 secs] 
2016-09-13T20:13:57.090-0400: 136.232: [GC (GCLocker Initiated GC) [PSYoungGen: 162895K->61506K(179200K)] 478949K->385404K(703488K), 0.0149228 secs] [Times: user=0.16 sys=0.00, real=0.01 secs] 
2016-09-13T20:13:57.266-0400: 136.408: [GC (Allocation Failure) [PSYoungGen: 168002K->41694K(184320K)] 493659K->367510K(708608K), 0.0115993 secs] [Times: user=0.13 sys=0.00, real=0.02 secs] 
2016-09-13T20:13:57.446-0400: 136.588: [GC (GCLocker Initiated GC) [PSYoungGen: 144299K->28052K(179200K)] 476190K->360066K(703488K), 0.0168874 secs] [Times: user=0.18 sys=0.00, real=0.02 secs] 
2016-09-13T20:13:57.634-0400: 136.776: [GC (GCLocker Initiated GC) [PSYoungGen: 137620K->26441K(182784K)] 469650K->358636K(707072K), 0.0166262 secs] [Times: user=0.14 sys=0.01, real=0.02 secs] 
2016-09-13T20:13:57.812-0400: 136.954: [GC (GCLocker Initiated GC) [PSYoungGen: 136009K->29325K(183808K)] 469860K->366545K(708096K), 0.0096269 secs] [Times: user=0.09 sys=0.00, real=0.01 secs] 
2016-09-13T20:13:58.010-0400: 137.152: [GC (GCLocker Initiated GC) [PSYoungGen: 146061K->9995K(186880K)] 491093K->364341K(711168K), 0.0182702 secs] [Times: user=0.21 sys=0.00, real=0.02 secs] 
2016-09-13T20:13:58.210-0400: 137.352: [GC (GCLocker Initiated GC) [PSYoungGen: 126731K->11191K(189952K)] 488878K->373595K(714240K), 0.0111839 secs] [Times: user=0.10 sys=0.01, real=0.01 secs] 
2016-09-13T20:13:58.410-0400: 137.552: [GC (GCLocker Initiated GC) [PSYoungGen: 129975K->52515K(171520K)] 492393K->418267K(695808K), 0.0186364 secs] [Times: user=0.17 sys=0.00, real=0.02 secs] 
2016-09-13T20:13:58.613-0400: 137.755: [GC (GCLocker Initiated GC) [PSYoungGen: 171299K->44635K(186880K)] 537073K->412192K(711168K), 0.0114160 secs] [Times: user=0.10 sys=0.00, real=0.01 secs] 
2016-09-13T20:13:58.794-0400: 137.936: [GC (Allocation Failure) [PSYoungGen: 156251K->28019K(139776K)] 523903K->401876K(664064K), 0.0182879 secs] [Times: user=0.18 sys=0.01, real=0.02 secs] 
2016-09-13T20:13:58.962-0400: 138.103: [GC (GCLocker Initiated GC) [PSYoungGen: 139635K->14169K(183808K)] 513495K->388214K(708096K), 0.0127269 secs] [Times: user=0.14 sys=0.00, real=0.01 secs] 
2016-09-13T20:13:59.133-0400: 138.275: [GC (GCLocker Initiated GC) [PSYoungGen: 125785K->50742K(183808K)] 499855K->424966K(708096K), 0.0088596 secs] [Times: user=0.08 sys=0.00, real=0.01 secs] 
2016-09-13T20:13:59.311-0400: 138.453: [GC (GCLocker Initiated GC) [PSYoungGen: 162358K->37105K(186368K)] 536608K->417639K(710656K), 0.0092965 secs] [Times: user=0.08 sys=0.00, real=0.01 secs] 
2016-09-13T20:13:59.500-0400: 138.642: [GC (GCLocker Initiated GC) [PSYoungGen: 152305K->51055K(186880K)] 540537K->441075K(711168K), 0.0263669 secs] [Times: user=0.27 sys=0.00, real=0.02 secs] 
2016-09-13T20:13:59.699-0400: 138.841: [GC (GCLocker Initiated GC) [PSYoungGen: 166255K->46127K(187904K)] 562544K->460842K(712192K), 0.0147125 secs] [Times: user=0.12 sys=0.00, real=0.01 secs] 
2016-09-13T20:13:59.899-0400: 139.041: [GC (GCLocker Initiated GC) [PSYoungGen: 159791K->24896K(138752K)] 588437K->453740K(663040K), 0.0295610 secs] [Times: user=0.34 sys=0.00, real=0.03 secs] 
2016-09-13T20:14:00.107-0400: 139.249: [GC (GCLocker Initiated GC) [PSYoungGen: 138560K->31152K(189440K)] 573622K->466456K(713728K), 0.0174463 secs] [Times: user=0.21 sys=0.00, real=0.02 secs] 
2016-09-13T20:14:00.317-0400: 139.459: [GC (GCLocker Initiated GC) [PSYoungGen: 147888K->46319K(186368K)] 591089K->500385K(710656K), 0.0075270 secs] [Times: user=0.09 sys=0.00, real=0.00 secs] 
2016-09-13T20:14:00.500-0400: 139.642: [GC (GCLocker Initiated GC) [PSYoungGen: 163055K->31062K(189440K)] 630817K->498955K(713728K), 0.0179832 secs] [Times: user=0.16 sys=0.00, real=0.02 secs] 
2016-09-13T20:14:00.722-0400: 139.864: [GC (GCLocker Initiated GC) [PSYoungGen: 152918K->23527K(189952K)] 628662K->511713K(714240K), 0.0158767 secs] [Times: user=0.17 sys=0.00, real=0.02 secs] 
2016-09-13T20:14:00.912-0400: 140.054: [GC (GCLocker Initiated GC) [PSYoungGen: 145380K->46217K(192512K)] 633778K->534817K(716800K), 0.0070709 secs] [Times: user=0.05 sys=0.00, real=0.01 secs] 
2016-09-13T20:14:01.124-0400: 140.266: [GC (GCLocker Initiated GC) [PSYoungGen: 171657K->53838K(179712K)] 660310K->542547K(704000K), 0.0385836 secs] [Times: user=0.39 sys=0.00, real=0.04 secs] 
2016-09-13T20:14:01.341-0400: 140.483: [GC (GCLocker Initiated GC) [PSYoungGen: 179278K->59763K(181248K)] 669570K->556473K(705536K), 0.0077704 secs] [Times: user=0.06 sys=0.01, real=0.01 secs] 
2016-09-13T20:14:01.504-0400: 140.646: [GC (GCLocker Initiated GC) [PSYoungGen: 169331K->61314K(171008K)] 666262K->558438K(695296K), 0.0076893 secs] [Times: user=0.05 sys=0.00, real=0.01 secs] 
2016-09-13T20:14:01.692-0400: 140.834: [GC (GCLocker Initiated GC) [PSYoungGen: 170882K->24737K(182272K)] 674189K->528296K(706560K), 0.0131640 secs] [Times: user=0.10 sys=0.01, real=0.01 secs] 
2016-09-13T20:14:01.876-0400: 141.018: [GC (GCLocker Initiated GC) [PSYoungGen: 126625K->64321K(166400K)] 630417K->568177K(690688K), 0.0206291 secs] [Times: user=0.20 sys=0.00, real=0.02 secs] 
2016-09-13T20:14:02.045-0400: 141.187: [GC (GCLocker Initiated GC) [PSYoungGen: 166209K->52355K(178176K)] 670101K->556394K(702464K), 0.0317629 secs] [Times: user=0.33 sys=0.01, real=0.04 secs] 
2016-09-13T20:14:02.210-0400: 141.352: [GC (GCLocker Initiated GC) [PSYoungGen: 146051K->32645K(126464K)] 650232K->541651K(650752K), 0.0190125 secs] [Times: user=0.18 sys=0.00, real=0.02 secs] 
2016-09-13T20:14:02.349-0400: 141.491: [Full GC (Ergonomics) [PSYoungGen: 126341K->0K(126464K)] [ParOldGen: 510652K->32554K(524288K)] 636994K->32554K(650752K), [Metaspace: 44615K->44615K(1087488K)], 0.0681904 secs] [Times: user=0.38 sys=0.02, real=0.07 secs] 
2016-09-13T20:14:02.518-0400: 141.660: [GC (GCLocker Initiated GC) [PSYoungGen: 93696K->79800K(169984K)] 126256K->112360K(694272K), 0.0310905 secs] [Times: user=0.35 sys=0.00, real=0.03 secs] 
2016-09-13T20:14:02.659-0400: 141.801: [GC (GCLocker Initiated GC) [PSYoungGen: 167864K->63020K(175104K)] 200625K->103742K(699392K), 0.0228718 secs] [Times: user=0.26 sys=0.00, real=0.02 secs] 
2016-09-13T20:14:02.818-0400: 141.960: [GC (GCLocker Initiated GC) [PSYoungGen: 151084K->64480K(175104K)] 193622K->107467K(699392K), 0.0095291 secs] [Times: user=0.10 sys=0.00, real=0.00 secs] 
2016-09-13T20:14:02.931-0400: 142.073: [GC (GCLocker Initiated GC) [PSYoungGen: 152544K->47805K(175104K)] 195569K->92618K(699392K), 0.0173786 secs] [Times: user=0.17 sys=0.01, real=0.02 secs] 
2016-09-13T20:14:03.058-0400: 142.200: [GC (GCLocker Initiated GC) [PSYoungGen: 135869K->44794K(175104K)] 182443K->109759K(699392K), 0.0194325 secs] [Times: user=0.17 sys=0.00, real=0.02 secs] 
2016-09-13T20:14:03.221-0400: 142.363: [GC (GCLocker Initiated GC) [PSYoungGen: 132858K->70460K(175104K)] 199371K->137183K(699392K), 0.0115819 secs] [Times: user=0.10 sys=0.00, real=0.01 secs] 
2016-09-13T20:14:03.349-0400: 142.491: [GC (Allocation Failure) [PSYoungGen: 158524K->25078K(175104K)] 225272K->93468K(699392K), 0.0087215 secs] [Times: user=0.09 sys=0.00, real=0.01 secs] 
2016-09-13T20:14:03.494-0400: 142.636: [GC (GCLocker Initiated GC) [PSYoungGen: 113142K->42965K(175104K)] 181532K->119079K(699392K), 0.0074943 secs] [Times: user=0.05 sys=0.00, real=0.01 secs] 
2016-09-13T20:14:03.665-0400: 142.807: [GC (Allocation Failure) [PSYoungGen: 131029K->6729K(175104K)] 221032K->96925K(699392K), 0.0238315 secs] [Times: user=0.25 sys=0.00, real=0.03 secs] 
2016-09-13T20:14:03.819-0400: 142.961: [GC (GCLocker Initiated GC) [PSYoungGen: 94793K->47906K(175104K)] 184989K->138527K(699392K), 0.0309843 secs] [Times: user=0.35 sys=0.00, real=0.03 secs] 
2016-09-13T20:14:03.978-0400: 143.119: [GC (GCLocker Initiated GC) [PSYoungGen: 135970K->46314K(171008K)] 226862K->137484K(695296K), 0.0104139 secs] [Times: user=0.12 sys=0.00, real=0.01 secs] 
2016-09-13T20:14:04.102-0400: 143.244: [GC (GCLocker Initiated GC) [PSYoungGen: 134378K->24993K(173056K)] 239447K->148485K(697344K), 0.0098127 secs] [Times: user=0.10 sys=0.00, real=0.01 secs] 
2016-09-13T20:14:04.262-0400: 143.403: [GC (GCLocker Initiated GC) [PSYoungGen: 113057K->5525K(174080K)] 244148K->136787K(698368K), 0.0100601 secs] [Times: user=0.12 sys=0.01, real=0.01 secs] 
2016-09-13T20:14:04.421-0400: 143.562: [GC (GCLocker Initiated GC) [PSYoungGen: 95637K->41693K(132096K)] 226904K->173303K(656384K), 0.0131028 secs] [Times: user=0.14 sys=0.00, real=0.01 secs] 
2016-09-13T20:14:04.545-0400: 143.687: [GC (GCLocker Initiated GC) [PSYoungGen: 131805K->37115K(178688K)] 263437K->169055K(702976K), 0.0238217 secs] [Times: user=0.29 sys=0.00, real=0.03 secs] 
2016-09-13T20:14:04.701-0400: 143.842: [GC (GCLocker Initiated GC) [PSYoungGen: 133371K->26543K(174592K)] 267132K->174186K(698880K), 0.0224484 secs] [Times: user=0.22 sys=0.00, real=0.02 secs] 
2016-09-13T20:14:04.874-0400: 144.016: [GC (GCLocker Initiated GC) [PSYoungGen: 122799K->61374K(173568K)] 272186K->211045K(697856K), 0.0250076 secs] [Times: user=0.28 sys=0.00, real=0.03 secs] 
2016-09-13T20:14:05.034-0400: 144.176: [GC (GCLocker Initiated GC) [PSYoungGen: 158142K->38720K(178176K)] 307841K->188559K(702464K), 0.0064640 secs] [Times: user=0.06 sys=0.00, real=0.01 secs] 
2016-09-13T20:14:05.166-0400: 144.307: [GC (GCLocker Initiated GC) [PSYoungGen: 135488K->26537K(176640K)] 285435K->187345K(700928K), 0.0108410 secs] [Times: user=0.12 sys=0.01, real=0.02 secs] 
2016-09-13T20:14:05.318-0400: 144.459: [GC (GCLocker Initiated GC) [PSYoungGen: 129449K->55368K(179200K)] 290279K->216521K(703488K), 0.0101113 secs] [Times: user=0.13 sys=0.00, real=0.01 secs] 
2016-09-13T20:14:05.509-0400: 144.651: [GC (Allocation Failure) [PSYoungGen: 158280K->43436K(183296K)] 319775K->217283K(707584K), 0.0091365 secs] [Times: user=0.10 sys=0.00, real=0.01 secs] 
2016-09-13T20:14:05.706-0400: 144.848: [GC (GCLocker Initiated GC) [PSYoungGen: 149678K->28152K(183296K)] 329600K->208382K(707584K), 0.0151489 secs] [Times: user=0.16 sys=0.00, real=0.02 secs] 
2016-09-13T20:14:05.876-0400: 145.018: [GC (GCLocker Initiated GC) [PSYoungGen: 135160K->44640K(184320K)] 315588K->225262K(708608K), 0.0106417 secs] [Times: user=0.08 sys=0.00, real=0.00 secs] 
2016-09-13T20:14:06.053-0400: 145.195: [GC (GCLocker Initiated GC) [PSYoungGen: 155744K->9890K(184320K)] 348638K->203076K(708608K), 0.0242292 secs] [Times: user=0.25 sys=0.00, real=0.03 secs] 
2016-09-13T20:14:06.246-0400: 145.388: [GC (Allocation Failure) [PSYoungGen: 120994K->9895K(185344K)] 327919K->217105K(709632K), 0.0113219 secs] [Times: user=0.13 sys=0.00, real=0.02 secs] 
2016-09-13T20:14:06.257-0400: 145.399: [GC (GCLocker Initiated GC) [PSYoungGen: 9907K->32K(111104K)] 217116K->216769K(635392K), 0.0081628 secs] [Times: user=0.06 sys=0.00, real=0.00 secs] 
2016-09-13T20:14:06.444-0400: 145.586: [GC (GCLocker Initiated GC) [PSYoungGen: 110624K->56913K(174592K)] 327424K->273713K(698880K), 0.0439250 secs] [Times: user=0.44 sys=0.00, real=0.05 secs] 
2016-09-13T20:14:06.611-0400: 145.753: [GC (GCLocker Initiated GC) [PSYoungGen: 154193K->50742K(148480K)] 371060K->289357K(672768K), 0.0175816 secs] [Times: user=0.18 sys=0.00, real=0.02 secs] 
2016-09-13T20:14:06.762-0400: 145.904: [GC (GCLocker Initiated GC) [PSYoungGen: 148022K->27934K(181760K)] 390036K->279229K(706048K), 0.0190957 secs] [Times: user=0.21 sys=0.00, real=0.02 secs] 
2016-09-13T20:14:06.918-0400: 146.060: [GC (Allocation Failure) [PSYoungGen: 125726K->31157K(129024K)] 377138K->287314K(653312K), 0.0174052 secs] [Times: user=0.15 sys=0.00, real=0.01 secs] 
2016-09-13T20:14:07.067-0400: 146.209: [GC (GCLocker Initiated GC) [PSYoungGen: 128949K->43212K(175104K)] 385107K->307335K(699392K), 0.0132051 secs] [Times: user=0.13 sys=0.00, real=0.02 secs] 
2016-09-13T20:14:07.233-0400: 146.375: [GC (GCLocker Initiated GC) [PSYoungGen: 142028K->44576K(174080K)] 406267K->309083K(698368K), 0.0201999 secs] [Times: user=0.18 sys=0.00, real=0.02 secs] 
2016-09-13T20:14:07.410-0400: 146.552: [GC (GCLocker Initiated GC) [PSYoungGen: 143392K->35623K(179712K)] 414091K->306540K(704000K), 0.0057214 secs] [Times: user=0.05 sys=0.00, real=0.01 secs] 
2016-09-13T20:14:07.555-0400: 146.697: [GC (GCLocker Initiated GC) [PSYoungGen: 147239K->32677K(182784K)] 418301K->311573K(707072K), 0.0135808 secs] [Times: user=0.15 sys=0.00, real=0.02 secs] 
2016-09-13T20:14:07.756-0400: 146.898: [GC (GCLocker Initiated GC) [PSYoungGen: 144293K->27929K(186880K)] 423362K->307290K(711168K), 0.0250421 secs] [Times: user=0.23 sys=0.00, real=0.02 secs] 
2016-09-13T20:14:07.955-0400: 147.097: [GC (GCLocker Initiated GC) [PSYoungGen: 150809K->14451K(188928K)] 437786K->301625K(713216K), 0.0116717 secs] [Times: user=0.12 sys=0.00, real=0.01 secs] 
2016-09-13T20:14:08.150-0400: 147.292: [GC (Allocation Failure) [PSYoungGen: 137331K->38719K(194560K)] 426250K->341599K(718848K), 0.0219421 secs] [Times: user=0.25 sys=0.00, real=0.02 secs] 
2016-09-13T20:14:08.364-0400: 147.506: [GC (Allocation Failure) [PSYoungGen: 164218K->9831K(195072K)] 467098K->313046K(719360K), 0.0360614 secs] [Times: user=0.43 sys=0.00, real=0.04 secs] 
2016-09-13T20:14:08.598-0400: 147.740: [GC (GCLocker Initiated GC) [PSYoungGen: 139367K->47613K(189952K)] 442594K->351042K(714240K), 0.0064507 secs] [Times: user=0.05 sys=0.00, real=0.00 secs] 
2016-09-13T20:14:08.760-0400: 147.902: [GC (GCLocker Initiated GC) [PSYoungGen: 171517K->35432K(193024K)] 475091K->339149K(717312K), 0.0173100 secs] [Times: user=0.16 sys=0.00, real=0.02 secs] 
2016-09-13T20:14:08.985-0400: 148.127: [GC (GCLocker Initiated GC) [PSYoungGen: 159336K->12863K(192512K)] 469153K->327449K(716800K), 0.0216773 secs] [Times: user=0.24 sys=0.01, real=0.02 secs] 
2016-09-13T20:14:09.191-0400: 148.333: [GC (GCLocker Initiated GC) [PSYoungGen: 139327K->27992K(193024K)] 453918K->353408K(717312K), 0.0067737 secs] [Times: user=0.06 sys=0.00, real=0.01 secs] 
2016-09-13T20:14:09.383-0400: 148.525: [GC (GCLocker Initiated GC) [PSYoungGen: 154456K->32512K(193024K)] 479905K->358111K(717312K), 0.0319708 secs] [Times: user=0.34 sys=0.01, real=0.03 secs] 
2016-09-13T20:14:09.608-0400: 148.750: [GC (GCLocker Initiated GC) [PSYoungGen: 164608K->14387K(193024K)] 496286K->352344K(717312K), 0.0178035 secs] [Times: user=0.16 sys=0.00, real=0.01 secs] 
2016-09-13T20:14:09.842-0400: 148.984: [GC (GCLocker Initiated GC) [PSYoungGen: 146483K->44730K(196096K)] 484579K->383153K(720384K), 0.0121517 secs] [Times: user=0.15 sys=0.00, real=0.01 secs] 
2016-09-13T20:14:10.050-0400: 149.192: [GC (Allocation Failure) [PSYoungGen: 179898K->14520K(198656K)] 530672K->365607K(722944K), 0.0037716 secs] [Times: user=0.03 sys=0.00, real=0.00 secs] 
2016-09-13T20:14:10.277-0400: 149.419: [GC (GCLocker Initiated GC) [PSYoungGen: 149688K->46404K(193024K)] 500778K->397669K(717312K), 0.0224754 secs] [Times: user=0.23 sys=0.00, real=0.02 secs] 
2016-09-13T20:14:10.488-0400: 149.630: [GC (GCLocker Initiated GC) [PSYoungGen: 176452K->44635K(175104K)] 527742K->396170K(699392K), 0.0417967 secs] [Times: user=0.43 sys=0.00, real=0.04 secs] 
2016-09-13T20:14:10.723-0400: 149.865: [GC (GCLocker Initiated GC) [PSYoungGen: 174683K->46224K(191488K)] 526444K->405724K(715776K), 0.0147890 secs] [Times: user=0.15 sys=0.00, real=0.02 secs] 
2016-09-13T20:14:10.911-0400: 150.053: [GC (GCLocker Initiated GC) [PSYoungGen: 170128K->47772K(172032K)] 531338K->409121K(696320K), 0.0265721 secs] [Times: user=0.26 sys=0.00, real=0.03 secs] 
2016-09-13T20:14:11.113-0400: 150.255: [GC (GCLocker Initiated GC) [PSYoungGen: 171676K->69181K(173056K)] 533058K->430772K(697344K), 0.0108303 secs] [Times: user=0.09 sys=0.00, real=0.01 secs] 
2016-09-13T20:14:11.266-0400: 150.408: [GC (GCLocker Initiated GC) [PSYoungGen: 171581K->43153K(182272K)] 533203K->410996K(706560K), 0.0245761 secs] [Times: user=0.29 sys=0.00, real=0.03 secs] 
2016-09-13T20:14:11.467-0400: 150.609: [GC (Allocation Failure) [PSYoungGen: 145553K->23468K(177152K)] 521174K->399220K(701440K), 0.0140883 secs] [Times: user=0.14 sys=0.00, real=0.02 secs] 
2016-09-13T20:14:11.644-0400: 150.786: [GC (GCLocker Initiated GC) [PSYoungGen: 123881K->29452K(180736K)] 505708K->411555K(705024K), 0.0209891 secs] [Times: user=0.21 sys=0.00, real=0.02 secs] 
2016-09-13T20:14:11.808-0400: 150.950: [GC (GCLocker Initiated GC) [PSYoungGen: 133900K->14426K(184832K)] 523759K->404451K(709120K), 0.0167352 secs] [Times: user=0.22 sys=0.00, real=0.01 secs] 
2016-09-13T20:14:12.008-0400: 151.150: [GC (GCLocker Initiated GC) [PSYoungGen: 126554K->28030K(185856K)] 524393K->425966K(710144K), 0.0149809 secs] [Times: user=0.16 sys=0.00, real=0.01 secs] 
2016-09-13T20:14:12.189-0400: 151.331: [GC (GCLocker Initiated GC) [PSYoungGen: 140158K->44609K(186880K)] 539706K->444236K(711168K), 0.0168573 secs] [Times: user=0.16 sys=0.00, real=0.01 secs] 
2016-09-13T20:14:12.366-0400: 151.508: [GC (GCLocker Initiated GC) [PSYoungGen: 160321K->46224K(186880K)] 560195K->446228K(711168K), 0.0108902 secs] [Times: user=0.12 sys=0.00, real=0.02 secs] 
2016-09-13T20:14:12.529-0400: 151.671: [GC (Allocation Failure) [PSYoungGen: 161936K->20307K(189952K)] 562010K->420480K(714240K), 0.0281070 secs] [Times: user=0.33 sys=0.00, real=0.03 secs] 
2016-09-13T20:14:12.716-0400: 151.858: [GC (GCLocker Initiated GC) [PSYoungGen: 139091K->50911K(169984K)] 539267K->452919K(694272K), 0.0102881 secs] [Times: user=0.11 sys=0.00, real=0.00 secs] 
2016-09-13T20:14:12.949-0400: 152.091: [GC (Allocation Failure) [PSYoungGen: 169695K->9980K(187392K)] 584025K->424527K(711680K), 0.0214186 secs] [Times: user=0.23 sys=0.01, real=0.02 secs] 
2016-09-13T20:14:13.130-0400: 152.271: [GC (GCLocker Initiated GC) [PSYoungGen: 123644K->47678K(161792K)] 538191K->462435K(686080K), 0.0143017 secs] [Times: user=0.12 sys=0.00, real=0.01 secs] 
2016-09-13T20:14:13.300-0400: 152.442: [GC (GCLocker Initiated GC) [PSYoungGen: 161342K->46223K(185856K)] 577772K->462799K(710144K), 0.0233846 secs] [Times: user=0.25 sys=0.01, real=0.02 secs] 
2016-09-13T20:14:13.520-0400: 152.662: [GC (GCLocker Initiated GC) [PSYoungGen: 156815K->30903K(141824K)] 585593K->459816K(666112K), 0.0110543 secs] [Times: user=0.10 sys=0.01, real=0.01 secs] 
2016-09-13T20:14:13.698-0400: 152.840: [GC (GCLocker Initiated GC) [PSYoungGen: 141495K->44794K(184320K)] 576782K->487839K(708608K), 0.0070908 secs] [Times: user=0.06 sys=0.00, real=0.00 secs] 
2016-09-13T20:14:13.880-0400: 153.022: [GC (GCLocker Initiated GC) [PSYoungGen: 156410K->46128K(183808K)] 599527K->489504K(708096K), 0.0320437 secs] [Times: user=0.35 sys=0.00, real=0.03 secs] 
2016-09-13T20:14:14.071-0400: 153.213: [GC (Allocation Failure) [PSYoungGen: 157744K->46496K(189440K)] 601147K->490030K(713728K), 0.0216020 secs] [Times: user=0.23 sys=0.00, real=0.02 secs] 
2016-09-13T20:14:14.251-0400: 153.393: [GC (GCLocker Initiated GC) [PSYoungGen: 162514K->69004K(186368K)] 607567K->514286K(710656K), 0.0080437 secs] [Times: user=0.08 sys=0.00, real=0.01 secs] 
2016-09-13T20:14:14.458-0400: 153.599: [GC (GCLocker Initiated GC) [PSYoungGen: 186252K->9773K(174080K)] 645375K->469121K(698368K), 0.0054731 secs] [Times: user=0.06 sys=0.00, real=0.00 secs] 
2016-09-13T20:14:14.651-0400: 153.793: [GC (GCLocker Initiated GC) [PSYoungGen: 108077K->23346K(180224K)] 581291K->496723K(704512K), 0.0059274 secs] [Times: user=0.06 sys=0.00, real=0.01 secs] 
2016-09-13T20:14:14.815-0400: 153.957: [GC (GCLocker Initiated GC) [PSYoungGen: 121650K->44672K(175104K)] 595234K->518386K(699392K), 0.0067055 secs] [Times: user=0.06 sys=0.00, real=0.01 secs] 
2016-09-13T20:14:14.983-0400: 154.125: [GC (GCLocker Initiated GC) [PSYoungGen: 145024K->5484K(178688K)] 626527K->487260K(702976K), 0.0038389 secs] [Times: user=0.03 sys=0.00, real=0.00 secs] 
2016-09-13T20:14:15.127-0400: 154.269: [GC (GCLocker Initiated GC) [PSYoungGen: 105836K->41538K(182272K)] 589385K->525218K(706560K), 0.0245645 secs] [Times: user=0.27 sys=0.01, real=0.03 secs] 
2016-09-13T20:14:15.300-0400: 154.442: [GC (GCLocker Initiated GC) [PSYoungGen: 145474K->46096K(182272K)] 630961K->531721K(706560K), 0.0097628 secs] [Times: user=0.11 sys=0.00, real=0.01 secs] 
2016-09-13T20:14:15.499-0400: 154.641: [GC (GCLocker Initiated GC) [PSYoungGen: 150032K->23436K(180224K)] 641796K->521429K(704512K), 0.0056933 secs] [Times: user=0.04 sys=0.02, real=0.00 secs] 
2016-09-13T20:14:15.707-0400: 154.849: [GC (GCLocker Initiated GC) [PSYoungGen: 129420K->49228K(181760K)] 627546K->547622K(706048K), 0.0112163 secs] [Times: user=0.13 sys=0.00, real=0.02 secs] 
2016-09-13T20:14:15.877-0400: 155.019: [GC (GCLocker Initiated GC) [PSYoungGen: 155212K->59950K(175616K)] 656829K->561792K(699904K), 0.0090598 secs] [Times: user=0.10 sys=0.00, real=0.00 secs] 
2016-09-13T20:14:16.043-0400: 155.184: [GC (GCLocker Initiated GC) [PSYoungGen: 158254K->9772K(108544K)] 666358K->518144K(632832K), 0.0041505 secs] [Times: user=0.03 sys=0.00, real=0.00 secs] 
2016-09-13T20:14:16.172-0400: 155.314: [GC (Allocation Failure) [PSYoungGen: 108076K->29453K(183296K)] 616671K->538341K(707584K), 0.0140963 secs] [Times: user=0.15 sys=0.01, real=0.01 secs] 
2016-09-13T20:14:16.321-0400: 155.463: [GC (GCLocker Initiated GC) [PSYoungGen: 127118K->28024K(129024K)] 642081K->550740K(653312K), 0.0054767 secs] [Times: user=0.06 sys=0.00, real=0.00 secs] 
2016-09-13T20:14:16.326-0400: 155.468: [Full GC (Ergonomics) [PSYoungGen: 28024K->0K(129024K)] [ParOldGen: 522715K->39174K(524288K)] 550740K->39174K(653312K), [Metaspace: 44646K->44646K(1087488K)], 0.0561961 secs] [Times: user=0.41 sys=0.01, real=0.06 secs] 
2016-09-13T20:14:16.510-0400: 155.652: [GC (GCLocker Initiated GC) [PSYoungGen: 100864K->70683K(167424K)] 140169K->109988K(691712K), 0.0076654 secs] [Times: user=0.09 sys=0.01, real=0.01 secs] 
2016-09-13T20:14:16.675-0400: 155.817: [GC (Allocation Failure) [PSYoungGen: 162331K->10012K(176640K)] 213855K->71024K(700928K), 0.0044042 secs] [Times: user=0.03 sys=0.01, real=0.01 secs] 
2016-09-13T20:14:16.829-0400: 155.971: [GC (GCLocker Initiated GC) [PSYoungGen: 101660K->46217K(176128K)] 162687K->107485K(700416K), 0.0095313 secs] [Times: user=0.06 sys=0.00, real=0.01 secs] 
2016-09-13T20:14:17.000-0400: 156.142: [GC (GCLocker Initiated GC) [PSYoungGen: 138377K->27838K(120320K)] 201363K->90904K(644608K), 0.0244777 secs] [Times: user=0.20 sys=0.00, real=0.02 secs] 
2016-09-13T20:14:17.144-0400: 156.286: [GC (GCLocker Initiated GC) [PSYoungGen: 119998K->59764K(169984K)] 183068K->122981K(694272K), 0.0129626 secs] [Times: user=0.12 sys=0.00, real=0.02 secs] 
2016-09-13T20:14:17.260-0400: 156.402: [GC (GCLocker Initiated GC) [PSYoungGen: 148852K->38719K(174592K)] 213865K->146412K(698880K), 0.0139267 secs] [Times: user=0.13 sys=0.00, real=0.01 secs] 
2016-09-13T20:14:17.408-0400: 156.550: [GC (Allocation Failure) [PSYoungGen: 127807K->9922K(176128K)] 244739K->127197K(700416K), 0.0027574 secs] [Times: user=0.02 sys=0.00, real=0.00 secs] 
2016-09-13T20:14:17.557-0400: 156.698: [GC (GCLocker Initiated GC) [PSYoungGen: 105154K->41474K(176640K)] 222434K->159030K(700928K), 0.0085592 secs] [Times: user=0.08 sys=0.00, real=0.00 secs] 
2016-09-13T20:14:17.699-0400: 156.840: [GC (GCLocker Initiated GC) [PSYoungGen: 136706K->69037K(167424K)] 254328K->186817K(691712K), 0.0075561 secs] [Times: user=0.08 sys=0.00, real=0.00 secs] 
2016-09-13T20:14:17.847-0400: 156.989: [GC (GCLocker Initiated GC) [PSYoungGen: 157101K->41788K(175104K)] 276627K->165977K(699392K), 0.0237116 secs] [Times: user=0.27 sys=0.00, real=0.03 secs] 
2016-09-13T20:14:18.029-0400: 157.170: [GC (GCLocker Initiated GC) [PSYoungGen: 129852K->37147K(163328K)] 255638K->163363K(687616K), 0.0213389 secs] [Times: user=0.24 sys=0.00, real=0.02 secs] 
2016-09-13T20:14:18.177-0400: 157.319: [GC (GCLocker Initiated GC) [PSYoungGen: 128795K->25019K(171008K)] 258269K->160750K(695296K), 0.0183213 secs] [Times: user=0.15 sys=0.00, real=0.02 secs] 
2016-09-13T20:14:18.321-0400: 157.463: [GC (GCLocker Initiated GC) [PSYoungGen: 116667K->38693K(174080K)] 252426K->174686K(698368K), 0.0069023 secs] [Times: user=0.08 sys=0.00, real=0.01 secs] 
2016-09-13T20:14:18.498-0400: 157.640: [GC (GCLocker Initiated GC) [PSYoungGen: 143653K->29639K(179200K)] 293444K->181209K(703488K), 0.0075714 secs] [Times: user=0.08 sys=0.00, real=0.00 secs] 
2016-09-13T20:14:18.670-0400: 157.812: [GC (GCLocker Initiated GC) [PSYoungGen: 134599K->41661K(181760K)] 286396K->193600K(706048K), 0.0182816 secs] [Times: user=0.18 sys=0.00, real=0.02 secs] 
2016-09-13T20:14:18.867-0400: 158.009: [GC (GCLocker Initiated GC) [PSYoungGen: 157373K->28151K(185856K)] 315546K->194144K(710144K), 0.0113223 secs] [Times: user=0.15 sys=0.00, real=0.02 secs] 
2016-09-13T20:14:19.062-0400: 158.204: [GC (GCLocker Initiated GC) [PSYoungGen: 143863K->28180K(186368K)] 316110K->200695K(710656K), 0.0139844 secs] [Times: user=0.19 sys=0.01, real=0.02 secs] 
2016-09-13T20:14:19.275-0400: 158.417: [GC (GCLocker Initiated GC) [PSYoungGen: 151572K->28247K(189952K)] 331846K->213323K(714240K), 0.0226457 secs] [Times: user=0.29 sys=0.00, real=0.03 secs] 
2016-09-13T20:14:19.493-0400: 158.635: [GC (GCLocker Initiated GC) [PSYoungGen: 151639K->33016K(188928K)] 349037K->230605K(713216K), 0.0047580 secs] [Times: user=0.05 sys=0.00, real=0.01 secs] 
2016-09-13T20:14:19.706-0400: 158.848: [GC (GCLocker Initiated GC) [PSYoungGen: 163576K->28238K(193024K)] 362893K->227717K(717312K), 0.0063706 secs] [Times: user=0.06 sys=0.00, real=0.01 secs] 
2016-09-13T20:14:19.918-0400: 159.060: [GC (GCLocker Initiated GC) [PSYoungGen: 158798K->32395K(193024K)] 358296K->232095K(717312K), 0.0141612 secs] [Times: user=0.12 sys=0.00, real=0.01 secs] 
2016-09-13T20:14:20.129-0400: 159.270: [GC (GCLocker Initiated GC) [PSYoungGen: 171147K->22013K(197120K)] 370872K->234126K(721408K), 0.0229800 secs] [Times: user=0.23 sys=0.00, real=0.02 secs] 
2016-09-13T20:14:20.381-0400: 159.523: [GC (Allocation Failure) [PSYoungGen: 160765K->6826K(200192K)] 374421K->234360K(724480K), 0.0328720 secs] [Times: user=0.35 sys=0.00, real=0.03 secs] 
2016-09-13T20:14:20.616-0400: 159.758: [GC (GCLocker Initiated GC) [PSYoungGen: 147851K->40015K(182784K)] 376905K->270781K(707072K), 0.0361701 secs] [Times: user=0.35 sys=0.00, real=0.03 secs] 
2016-09-13T20:14:20.847-0400: 159.989: [GC (GCLocker Initiated GC) [PSYoungGen: 182351K->44672K(197632K)] 419374K->281775K(721920K), 0.0222063 secs] [Times: user=0.22 sys=0.01, real=0.03 secs] 
2016-09-13T20:14:21.074-0400: 160.216: [GC (GCLocker Initiated GC) [PSYoungGen: 181888K->44789K(182272K)] 420585K->283550K(706560K), 0.0103605 secs] [Times: user=0.10 sys=0.00, real=0.01 secs] 
2016-09-13T20:14:21.298-0400: 160.440: [GC (GCLocker Initiated GC) [PSYoungGen: 182005K->27998K(200192K)] 432951K->286814K(724480K), 0.0066069 secs] [Times: user=0.05 sys=0.01, real=0.00 secs] 
2016-09-13T20:14:21.517-0400: 160.658: [GC (GCLocker Initiated GC) [PSYoungGen: 164190K->28189K(164864K)] 430708K->296475K(689152K), 0.0263945 secs] [Times: user=0.29 sys=0.00, real=0.02 secs] 
2016-09-13T20:14:21.744-0400: 160.886: [GC (GCLocker Initiated GC) [PSYoungGen: 164381K->6603K(194048K)] 440290K->282690K(718336K), 0.0283870 secs] [Times: user=0.34 sys=0.00, real=0.03 secs] 
2016-09-13T20:14:21.956-0400: 161.098: [GC (GCLocker Initiated GC) [PSYoungGen: 140747K->28211K(196096K)] 416906K->310640K(720384K), 0.0246199 secs] [Times: user=0.30 sys=0.00, real=0.02 secs] 
2016-09-13T20:14:22.200-0400: 161.342: [GC (GCLocker Initiated GC) [PSYoungGen: 162355K->31103K(197120K)] 446357K->315449K(721408K), 0.0101149 secs] [Times: user=0.10 sys=0.00, real=0.01 secs] 
2016-09-13T20:14:22.450-0400: 161.592: [GC (GCLocker Initiated GC) [PSYoungGen: 172415K->52357K(198144K)] 459904K->375027K(722432K), 0.0297782 secs] [Times: user=0.33 sys=0.00, real=0.03 secs] 
2016-09-13T20:14:22.658-0400: 161.800: [GC (Allocation Failure) [PSYoungGen: 193669K->40015K(200192K)] 516638K->393415K(724480K), 0.0103562 secs] [Times: user=0.08 sys=0.01, real=0.01 secs] 
2016-09-13T20:14:22.886-0400: 162.028: [GC (GCLocker Initiated GC) [PSYoungGen: 177743K->40180K(199680K)] 531143K->393802K(723968K), 0.0184967 secs] [Times: user=0.25 sys=0.00, real=0.02 secs] 
2016-09-13T20:14:23.127-0400: 162.269: [GC (GCLocker Initiated GC) [PSYoungGen: 177908K->11287K(198144K)] 545218K->378708K(722432K), 0.0093401 secs] [Times: user=0.06 sys=0.00, real=0.02 secs] 
2016-09-13T20:14:23.341-0400: 162.483: [GC (GCLocker Initiated GC) [PSYoungGen: 147479K->29479K(165888K)] 516453K->403207K(690176K), 0.0085512 secs] [Times: user=0.08 sys=0.00, real=0.01 secs] 
2016-09-13T20:14:23.552-0400: 162.694: [GC (Allocation Failure) [PSYoungGen: 165671K->44826K(194560K)] 539676K->426650K(718848K), 0.0177176 secs] [Times: user=0.20 sys=0.00, real=0.02 secs] 
2016-09-13T20:14:23.774-0400: 162.916: [GC (GCLocker Initiated GC) [PSYoungGen: 179482K->50748K(185856K)] 561310K->432793K(710144K), 0.0074767 secs] [Times: user=0.07 sys=0.00, real=0.01 secs] 
2016-09-13T20:14:23.988-0400: 163.130: [GC (GCLocker Initiated GC) [PSYoungGen: 185404K->18849K(196608K)] 567471K->401031K(720896K), 0.0206564 secs] [Times: user=0.24 sys=0.01, real=0.02 secs] 
2016-09-13T20:14:24.204-0400: 163.346: [GC (GCLocker Initiated GC) [PSYoungGen: 149409K->37364K(167936K)] 531778K->433613K(692224K), 0.0115272 secs] [Times: user=0.16 sys=0.01, real=0.02 secs] 
2016-09-13T20:14:24.413-0400: 163.555: [GC (GCLocker Initiated GC) [PSYoungGen: 167924K->32613K(197632K)] 564293K->429164K(721920K), 0.0133896 secs] [Times: user=0.16 sys=0.00, real=0.01 secs] 
2016-09-13T20:14:24.650-0400: 163.792: [GC (GCLocker Initiated GC) [PSYoungGen: 166245K->9735K(194560K)] 574968K->418640K(718848K), 0.0206301 secs] [Times: user=0.20 sys=0.00, real=0.02 secs] 
2016-09-13T20:14:24.901-0400: 164.043: [GC (GCLocker Initiated GC) [PSYoungGen: 143367K->23532K(198656K)] 560078K->445075K(722944K), 0.0128331 secs] [Times: user=0.15 sys=0.00, real=0.01 secs] 
2016-09-13T20:14:25.161-0400: 164.303: [GC (GCLocker Initiated GC) [PSYoungGen: 162284K->11105K(199168K)] 583985K->432957K(723456K), 0.0119827 secs] [Times: user=0.11 sys=0.01, real=0.01 secs] 
2016-09-13T20:14:25.361-0400: 164.502: [GC (GCLocker Initiated GC) [PSYoungGen: 149857K->25108K(196096K)] 571722K->447105K(720384K), 0.0073590 secs] [Times: user=0.07 sys=0.00, real=0.01 secs] 
2016-09-13T20:14:25.574-0400: 164.716: [GC (GCLocker Initiated GC) [PSYoungGen: 165908K->47832K(198656K)] 588053K->479397K(722944K), 0.0125096 secs] [Times: user=0.15 sys=0.00, real=0.01 secs] 
2016-09-13T20:14:25.789-0400: 164.931: [GC (GCLocker Initiated GC) [PSYoungGen: 188632K->26473K(201728K)] 620471K->458573K(726016K), 0.0111615 secs] [Times: user=0.10 sys=0.00, real=0.01 secs] 
2016-09-13T20:14:26.024-0400: 165.166: [GC (GCLocker Initiated GC) [PSYoungGen: 166249K->26537K(166400K)] 600046K->468203K(690688K), 0.0100222 secs] [Times: user=0.10 sys=0.00, real=0.01 secs] 
2016-09-13T20:14:26.247-0400: 165.389: [GC (GCLocker Initiated GC) [PSYoungGen: 166313K->46495K(194048K)] 607992K->488438K(718336K), 0.0080381 secs] [Times: user=0.10 sys=0.01, real=0.01 secs] 
2016-09-13T20:14:26.451-0400: 165.592: [GC (Allocation Failure) [PSYoungGen: 183199K->26479K(197632K)] 631485K->474975K(721920K), 0.0179512 secs] [Times: user=0.21 sys=0.00, real=0.02 secs] 
2016-09-13T20:14:26.687-0400: 165.829: [GC (GCLocker Initiated GC) [PSYoungGen: 163000K->26319K(195584K)] 617571K->480962K(719872K), 0.0186476 secs] [Times: user=0.15 sys=0.00, real=0.02 secs] 
2016-09-13T20:14:26.947-0400: 166.088: [GC (GCLocker Initiated GC) [PSYoungGen: 168655K->52139K(199168K)] 623494K->513151K(723456K), 0.0233054 secs] [Times: user=0.19 sys=0.00, real=0.03 secs] 
2016-09-13T20:14:27.165-0400: 166.307: [GC (GCLocker Initiated GC) [PSYoungGen: 194475K->6761K(197120K)] 657030K->469446K(721408K), 0.0320613 secs] [Times: user=0.33 sys=0.00, real=0.04 secs] 
2016-09-13T20:14:27.394-0400: 166.536: [GC (GCLocker Initiated GC) [PSYoungGen: 141929K->27928K(163328K)] 606242K->492568K(687616K), 0.0234530 secs] [Times: user=0.20 sys=0.01, real=0.03 secs] 
2016-09-13T20:14:27.609-0400: 166.751: [GC (GCLocker Initiated GC) [PSYoungGen: 163096K->9613K(196608K)] 634084K->485375K(720896K), 0.0039030 secs] [Times: user=0.03 sys=0.01, real=0.00 secs] 
2016-09-13T20:14:27.826-0400: 166.968: [GC (Allocation Failure) [PSYoungGen: 145805K->23521K(197120K)] 623252K->501091K(721408K), 0.0196754 secs] [Times: user=0.19 sys=0.01, real=0.02 secs] 
2016-09-13T20:14:28.083-0400: 167.225: [GC (GCLocker Initiated GC) [PSYoungGen: 159713K->28046K(197120K)] 643358K->511916K(721408K), 0.0240851 secs] [Times: user=0.23 sys=0.00, real=0.02 secs] 
2016-09-13T20:14:28.294-0400: 167.436: [GC (GCLocker Initiated GC) [PSYoungGen: 170894K->44726K(198144K)] 660907K->534936K(722432K), 0.0207703 secs] [Times: user=0.23 sys=0.00, real=0.02 secs] 
2016-09-13T20:14:28.502-0400: 167.644: [GC (GCLocker Initiated GC) [PSYoungGen: 187574K->46223K(196096K)] 677853K->542739K(720384K), 0.0208709 secs] [Times: user=0.23 sys=0.00, real=0.02 secs] 
2016-09-13T20:14:28.746-0400: 167.888: [GC (Allocation Failure) [PSYoungGen: 183439K->30871K(199680K)] 680226K->529379K(723968K), 0.0080838 secs] [Times: user=0.05 sys=0.00, real=0.01 secs] 
2016-09-13T20:14:28.954-0400: 168.096: [GC (GCLocker Initiated GC) [PSYoungGen: 168087K->32740K(195072K)] 666596K->531388K(719360K), 0.0217215 secs] [Times: user=0.24 sys=0.00, real=0.02 secs] 
2016-09-13T20:14:29.203-0400: 168.345: [GC (GCLocker Initiated GC) [PSYoungGen: 173028K->14319K(197632K)] 677771K->519418K(721920K), 0.0073288 secs] [Times: user=0.04 sys=0.00, real=0.01 secs] 
2016-09-13T20:14:29.430-0400: 168.572: [GC (GCLocker Initiated GC) [PSYoungGen: 154607K->24828K(200704K)] 659826K->536267K(724992K), 0.0264163 secs] [Times: user=0.21 sys=0.01, real=0.03 secs] 
2016-09-13T20:14:29.674-0400: 168.816: [GC (GCLocker Initiated GC) [PSYoungGen: 172284K->44507K(202752K)] 683735K->555998K(727040K), 0.0169829 secs] [Times: user=0.13 sys=0.01, real=0.02 secs] 
2016-09-13T20:14:29.899-0400: 169.040: [GC (GCLocker Initiated GC) [PSYoungGen: 191963K->50837K(194048K)] 703636K->562656K(718336K), 0.0276135 secs] [Times: user=0.29 sys=0.00, real=0.02 secs] 
2016-09-13T20:14:30.122-0400: 169.264: [GC (GCLocker Initiated GC) [PSYoungGen: 186005K->41905K(177152K)] 698056K->554232K(701440K), 0.0065615 secs] [Times: user=0.06 sys=0.00, real=0.01 secs] 
2016-09-13T20:14:30.334-0400: 169.476: [Full GC (Ergonomics) [PSYoungGen: 177073K->0K(177152K)] [ParOldGen: 518488K->38173K(524288K)] 695561K->38173K(701440K), [Metaspace: 44647K->44647K(1087488K)], 0.0564211 secs] [Times: user=0.33 sys=0.01, real=0.06 secs] 
2016-09-13T20:14:30.611-0400: 169.753: [GC (GCLocker Initiated GC) [PSYoungGen: 135168K->25146K(199680K)] 179436K->69414K(723968K), 0.0144883 secs] [Times: user=0.14 sys=0.00, real=0.01 secs] 
2016-09-13T20:14:30.831-0400: 169.973: [GC (GCLocker Initiated GC) [PSYoungGen: 160826K->43153K(198144K)] 206730K->110800K(722432K), 0.0166028 secs] [Times: user=0.16 sys=0.01, real=0.02 secs] 
2016-09-13T20:14:31.023-0400: 170.165: [GC (GCLocker Initiated GC) [PSYoungGen: 178833K->35686K(196608K)] 246528K->103591K(720896K), 0.0304651 secs] [Times: user=0.30 sys=0.00, real=0.03 secs] 
2016-09-13T20:14:31.244-0400: 170.386: [GC (GCLocker Initiated GC) [PSYoungGen: 172390K->56982K(194048K)] 240301K->137374K(718336K), 0.0135648 secs] [Times: user=0.18 sys=0.00, real=0.02 secs] 
2016-09-13T20:14:31.454-0400: 170.596: [GC (GCLocker Initiated GC) [PSYoungGen: 193686K->32458K(197632K)] 280323K->119198K(721920K), 0.0062654 secs] [Times: user=0.07 sys=0.00, real=0.01 secs] 
2016-09-13T20:14:31.673-0400: 170.815: [GC (GCLocker Initiated GC) [PSYoungGen: 163018K->46377K(195072K)] 249954K->133452K(719360K), 0.0153601 secs] [Times: user=0.19 sys=0.00, real=0.02 secs] 
2016-09-13T20:14:31.889-0400: 171.031: [GC (GCLocker Initiated GC) [PSYoungGen: 176937K->41698K(196608K)] 264040K->129026K(720896K), 0.0127689 secs] [Times: user=0.10 sys=0.00, real=0.01 secs] 
2016-09-13T20:14:32.136-0400: 171.278: [GC (GCLocker Initiated GC) [PSYoungGen: 173282K->21672K(196096K)] 267049K->117135K(720384K), 0.0317673 secs] [Times: user=0.26 sys=0.01, real=0.03 secs] 
2016-09-13T20:14:32.333-0400: 171.475: [GC (Allocation Failure) [PSYoungGen: 153256K->30967K(194048K)] 248806K->126686K(718336K), 0.0063651 secs] [Times: user=0.04 sys=0.00, real=0.01 secs] 
2016-09-13T20:14:32.531-0400: 171.672: [GC (GCLocker Initiated GC) [PSYoungGen: 162233K->23530K(195584K)] 264027K->127056K(719872K), 0.0187414 secs] [Times: user=0.17 sys=0.00, real=0.02 secs] 
2016-09-13T20:14:32.747-0400: 171.889: [GC (GCLocker Initiated GC) [PSYoungGen: 156650K->23532K(197120K)] 264755K->131960K(721408K), 0.0126929 secs] [Times: user=0.11 sys=0.01, real=0.02 secs] 
2016-09-13T20:14:33.011-0400: 172.153: [GC (GCLocker Initiated GC) [PSYoungGen: 161260K->32603K(198656K)] 269758K->141189K(722944K), 0.0418938 secs] [Times: user=0.45 sys=0.00, real=0.04 secs] 
2016-09-13T20:14:33.248-0400: 172.389: [GC (GCLocker Initiated GC) [PSYoungGen: 170331K->50832K(195584K)] 291249K->179459K(719872K), 0.0150704 secs] [Times: user=0.13 sys=0.01, real=0.02 secs] 
2016-09-13T20:14:33.452-0400: 172.594: [GC (GCLocker Initiated GC) [PSYoungGen: 188048K->28141K(199680K)] 316842K->216326K(723968K), 0.0099486 secs] [Times: user=0.10 sys=0.00, real=0.01 secs] 
2016-09-13T20:14:33.659-0400: 172.801: [GC (GCLocker Initiated GC) [PSYoungGen: 165357K->43281K(199680K)] 353720K->231987K(723968K), 0.0134981 secs] [Times: user=0.12 sys=0.00, real=0.01 secs] 
2016-09-13T20:14:33.903-0400: 173.045: [GC (GCLocker Initiated GC) [PSYoungGen: 182545K->56849K(196608K)] 371473K->245987K(720896K), 0.0143158 secs] [Times: user=0.15 sys=0.00, real=0.02 secs] 
2016-09-13T20:14:34.116-0400: 173.258: [GC (GCLocker Initiated GC) [PSYoungGen: 196113K->47897K(191488K)] 386792K->238714K(715776K), 0.0113153 secs] [Times: user=0.11 sys=0.00, real=0.01 secs] 
2016-09-13T20:14:34.332-0400: 173.474: [GC (Allocation Failure) [PSYoungGen: 173849K->5116K(131072K)] 377053K->213030K(655360K), 0.0049202 secs] [Times: user=0.03 sys=0.00, real=0.01 secs] 
2016-09-13T20:14:34.562-0400: 173.704: [GC (GCLocker Initiated GC) [PSYoungGen: 130755K->23532K(193024K)] 340189K->233112K(717312K), 0.0222919 secs] [Times: user=0.29 sys=0.00, real=0.02 secs] 
2016-09-13T20:14:34.761-0400: 173.903: [GC (GCLocker Initiated GC) [PSYoungGen: 145900K->47700K(191488K)] 355513K->257522K(715776K), 0.0082495 secs] [Times: user=0.06 sys=0.00, real=0.01 secs] 
2016-09-13T20:14:34.944-0400: 174.086: [GC (GCLocker Initiated GC) [PSYoungGen: 170068K->5369K(188416K)] 389175K->233728K(712704K), 0.0035943 secs] [Times: user=0.02 sys=0.00, real=0.01 secs] 
2016-09-13T20:14:35.148-0400: 174.290: [GC (GCLocker Initiated GC) [PSYoungGen: 123129K->5121K(123392K)] 359084K->241293K(647680K), 0.0127562 secs] [Times: user=0.11 sys=0.00, real=0.01 secs] 
2016-09-13T20:14:35.346-0400: 174.488: [GC (GCLocker Initiated GC) [PSYoungGen: 122881K->41778K(188416K)] 360792K->279836K(712704K), 0.0210421 secs] [Times: user=0.22 sys=0.00, real=0.02 secs] 
2016-09-13T20:14:35.536-0400: 174.678: [GC (GCLocker Initiated GC) [PSYoungGen: 157490K->27870K(143872K)] 401892K->272413K(668160K), 0.0178805 secs] [Times: user=0.16 sys=0.00, real=0.01 secs] 
2016-09-13T20:14:35.752-0400: 174.894: [GC (GCLocker Initiated GC) [PSYoungGen: 143582K->23628K(187904K)] 388369K->268612K(712192K), 0.0100242 secs] [Times: user=0.12 sys=0.00, real=0.01 secs] 
2016-09-13T20:14:35.964-0400: 175.105: [GC (Allocation Failure) [PSYoungGen: 142412K->23437K(185344K)] 395165K->276349K(709632K), 0.0309360 secs] [Times: user=0.37 sys=0.00, real=0.03 secs] 
2016-09-13T20:14:36.156-0400: 175.298: [GC (GCLocker Initiated GC) [PSYoungGen: 141426K->23468K(193024K)] 395857K->277979K(717312K), 0.0098175 secs] [Times: user=0.07 sys=0.00, real=0.00 secs] 
2016-09-13T20:14:36.364-0400: 175.506: [GC (GCLocker Initiated GC) [PSYoungGen: 152492K->41874K(190464K)] 408675K->298263K(714752K), 0.0135386 secs] [Times: user=0.16 sys=0.00, real=0.02 secs] 
2016-09-13T20:14:36.605-0400: 175.747: [GC (GCLocker Initiated GC) [PSYoungGen: 170898K->12906K(199168K)] 439447K->281656K(723456K), 0.0064505 secs] [Times: user=0.06 sys=0.00, real=0.01 secs] 
2016-09-13T20:14:36.816-0400: 175.958: [GC (GCLocker Initiated GC) [PSYoungGen: 149098K->14260K(150528K)] 423948K->298441K(674816K), 0.0167201 secs] [Times: user=0.21 sys=0.01, real=0.01 secs] 
2016-09-13T20:14:37.057-0400: 176.199: [GC (GCLocker Initiated GC) [PSYoungGen: 150452K->44864K(194048K)] 434675K->338335K(718336K), 0.0083763 secs] [Times: user=0.11 sys=0.00, real=0.00 secs] 
2016-09-13T20:14:37.269-0400: 176.411: [GC (GCLocker Initiated GC) [PSYoungGen: 176960K->55612K(187904K)] 470498K->350921K(712192K), 0.0105249 secs] [Times: user=0.13 sys=0.00, real=0.01 secs] 
2016-09-13T20:14:37.457-0400: 176.599: [GC (GCLocker Initiated GC) [PSYoungGen: 187708K->46415K(187904K)] 484628K->354263K(712192K), 0.0083543 secs] [Times: user=0.11 sys=0.00, real=0.00 secs] 
2016-09-13T20:14:37.645-0400: 176.787: [GC (GCLocker Initiated GC) [PSYoungGen: 163151K->34377K(151552K)] 477100K->357712K(675840K), 0.0076648 secs] [Times: user=0.09 sys=0.00, real=0.01 secs] 
2016-09-13T20:14:37.853-0400: 176.995: [GC (GCLocker Initiated GC) [PSYoungGen: 151113K->23565K(189952K)] 482295K->370211K(714240K), 0.0070911 secs] [Times: user=0.08 sys=0.00, real=0.01 secs] 
2016-09-13T20:14:38.050-0400: 177.192: [GC (GCLocker Initiated GC) [PSYoungGen: 143885K->10081K(187904K)] 502876K->369227K(712192K), 0.0065651 secs] [Times: user=0.06 sys=0.00, real=0.01 secs] 
2016-09-13T20:14:38.262-0400: 177.404: [GC (GCLocker Initiated GC) [PSYoungGen: 130401K->30938K(190464K)] 495823K->396620K(714752K), 0.0525990 secs] [Times: user=0.41 sys=0.00, real=0.05 secs] 
2016-09-13T20:14:38.501-0400: 177.642: [GC (GCLocker Initiated GC) [PSYoungGen: 157914K->47774K(191488K)] 534450K->429009K(715776K), 0.0259582 secs] [Times: user=0.26 sys=0.00, real=0.02 secs] 
2016-09-13T20:14:38.725-0400: 177.867: [GC (GCLocker Initiated GC) [PSYoungGen: 174750K->23377K(195584K)] 563901K->412635K(719872K), 0.0276671 secs] [Times: user=0.34 sys=0.00, real=0.03 secs] 
2016-09-13T20:14:38.913-0400: 178.055: [GC (GCLocker Initiated GC) [PSYoungGen: 152401K->41602K(194560K)] 544807K->434242K(718848K), 0.0067502 secs] [Times: user=0.05 sys=0.00, real=0.01 secs] 
2016-09-13T20:14:39.108-0400: 178.250: [GC (GCLocker Initiated GC) [PSYoungGen: 170626K->46445K(192000K)] 563447K->439412K(716288K), 0.0056563 secs] [Times: user=0.04 sys=0.00, real=0.00 secs] 
2016-09-13T20:14:39.344-0400: 178.486: [GC (GCLocker Initiated GC) [PSYoungGen: 172397K->52267K(178688K)] 571627K->451876K(702976K), 0.0096795 secs] [Times: user=0.10 sys=0.00, real=0.01 secs] 
2016-09-13T20:14:39.576-0400: 178.718: [GC (GCLocker Initiated GC) [PSYoungGen: 178219K->25045K(192512K)] 577857K->430855K(716800K), 0.0073952 secs] [Times: user=0.06 sys=0.00, real=0.00 secs] 
2016-09-13T20:14:39.806-0400: 178.948: [GC (GCLocker Initiated GC) [PSYoungGen: 145877K->29511K(150528K)] 560907K->444859K(674816K), 0.0066440 secs] [Times: user=0.05 sys=0.00, real=0.01 secs] 
2016-09-13T20:14:39.993-0400: 179.135: [GC (GCLocker Initiated GC) [PSYoungGen: 150343K->15933K(188416K)] 565951K->439344K(712704K), 0.0057737 secs] [Times: user=0.04 sys=0.01, real=0.01 secs] 
2016-09-13T20:14:40.159-0400: 179.301: [GC (Allocation Failure) [PSYoungGen: 137277K->15874K(187904K)] 566788K->445594K(712192K), 0.0115118 secs] [Times: user=0.09 sys=0.01, real=0.01 secs] 
2016-09-13T20:14:40.331-0400: 179.473: [GC (Allocation Failure) [PSYoungGen: 134048K->20362K(192512K)] 563768K->462458K(716800K), 0.0062620 secs] [Times: user=0.06 sys=0.00, real=0.01 secs] 
2016-09-13T20:14:40.552-0400: 179.694: [GC (GCLocker Initiated GC) [PSYoungGen: 149323K->9735K(193536K)] 592937K->453515K(717824K), 0.0102721 secs] [Times: user=0.07 sys=0.00, real=0.01 secs] 
2016-09-13T20:14:40.755-0400: 179.897: [GC (Allocation Failure) [PSYoungGen: 139271K->46192K(190976K)] 583243K->490381K(715264K), 0.0161767 secs] [Times: user=0.17 sys=0.00, real=0.02 secs] 
2016-09-13T20:14:40.969-0400: 180.111: [GC (GCLocker Initiated GC) [PSYoungGen: 173168K->44788K(172032K)] 617360K->489103K(696320K), 0.0072202 secs] [Times: user=0.06 sys=0.00, real=0.01 secs] 
2016-09-13T20:14:41.201-0400: 180.343: [GC (Allocation Failure) [PSYoungGen: 171764K->29571K(196608K)] 622232K->480294K(720896K), 0.0235958 secs] [Times: user=0.22 sys=0.00, real=0.02 secs] 
2016-09-13T20:14:41.420-0400: 180.562: [GC (GCLocker Initiated GC) [PSYoungGen: 153561K->28146K(155648K)] 610360K->492744K(679936K), 0.0146651 secs] [Times: user=0.14 sys=0.00, real=0.01 secs] 
2016-09-13T20:14:41.606-0400: 180.748: [GC (GCLocker Initiated GC) [PSYoungGen: 155634K->26442K(192512K)] 620257K->491350K(716800K), 0.0124875 secs] [Times: user=0.10 sys=0.00, real=0.02 secs] 
2016-09-13T20:14:41.829-0400: 180.971: [GC (GCLocker Initiated GC) [PSYoungGen: 156490K->28024K(189952K)] 621417K->496076K(714240K), 0.0275147 secs] [Times: user=0.29 sys=0.00, real=0.03 secs] 
2016-09-13T20:14:42.044-0400: 181.186: [GC (GCLocker Initiated GC) [PSYoungGen: 158072K->34098K(198144K)] 627762K->508555K(722432K), 0.0280856 secs] [Times: user=0.26 sys=0.00, real=0.03 secs] 
2016-09-13T20:14:42.254-0400: 181.395: [GC (GCLocker Initiated GC) [PSYoungGen: 174898K->53780K(197120K)] 649603K->540805K(721408K), 0.0143810 secs] [Times: user=0.12 sys=0.00, real=0.02 secs] 
2016-09-13T20:14:42.462-0400: 181.604: [GC (GCLocker Initiated GC) [PSYoungGen: 194579K->50874K(192512K)] 681819K->538318K(716800K), 0.0138220 secs] [Times: user=0.13 sys=0.00, real=0.02 secs] 
2016-09-13T20:14:42.700-0400: 181.842: [GC (GCLocker Initiated GC) [PSYoungGen: 180922K->27870K(196096K)] 682217K->529316K(720384K), 0.0412678 secs] [Times: user=0.39 sys=0.00, real=0.04 secs] 
2016-09-13T20:14:42.907-0400: 182.048: [GC (GCLocker Initiated GC) [PSYoungGen: 157918K->59886K(184832K)] 659591K->567689K(709120K), 0.0156441 secs] [Times: user=0.14 sys=0.01, real=0.02 secs] 
2016-09-13T20:14:43.097-0400: 182.239: [GC (GCLocker Initiated GC) [PSYoungGen: 180718K->65934K(186880K)] 690075K->575560K(711168K), 0.0123998 secs] [Times: user=0.10 sys=0.00, real=0.01 secs] 
2016-09-13T20:14:43.313-0400: 182.455: [Full GC (Ergonomics) [PSYoungGen: 186766K->0K(186880K)] [ParOldGen: 516030K->46159K(524288K)] 702797K->46159K(711168K), [Metaspace: 44649K->44649K(1087488K)], 0.0865602 secs] [Times: user=0.54 sys=0.01, real=0.09 secs] 
2016-09-13T20:14:43.574-0400: 182.716: [GC (GCLocker Initiated GC) [PSYoungGen: 120832K->20584K(181760K)] 174665K->74418K(706048K), 0.0144499 secs] [Times: user=0.12 sys=0.00, real=0.02 secs] 
2016-09-13T20:14:43.711-0400: 182.853: [GC (GCLocker Initiated GC) [PSYoungGen: 127080K->64666K(171520K)] 181051K->129730K(695808K), 0.0369198 secs] [Times: user=0.46 sys=0.02, real=0.04 secs] 
2016-09-13T20:14:43.892-0400: 183.034: [GC (GCLocker Initiated GC) [PSYoungGen: 171162K->34227K(181760K)] 248392K->111682K(706048K), 0.0083205 secs] [Times: user=0.11 sys=0.00, real=0.01 secs] 
2016-09-13T20:14:44.052-0400: 183.193: [GC (GCLocker Initiated GC) [PSYoungGen: 132019K->21849K(119808K)] 215560K->110147K(644096K), 0.0049651 secs] [Times: user=0.04 sys=0.00, real=0.01 secs] 
2016-09-13T20:14:44.205-0400: 183.347: [GC (Allocation Failure) [PSYoungGen: 119641K->28060K(179712K)] 208098K->124308K(704000K), 0.0073463 secs] [Times: user=0.05 sys=0.00, real=0.01 secs] 
2016-09-13T20:14:44.380-0400: 183.522: [GC (Allocation Failure) [PSYoungGen: 128412K->23623K(177152K)] 224660K->121662K(701440K), 0.0103301 secs] [Times: user=0.08 sys=0.01, real=0.01 secs] 
2016-09-13T20:14:44.573-0400: 183.715: [GC (Allocation Failure) [PSYoungGen: 123975K->41603K(182784K)] 222014K->139860K(707072K), 0.0056348 secs] [Times: user=0.06 sys=0.00, real=0.01 secs] 
2016-09-13T20:14:44.725-0400: 183.867: [GC (GCLocker Initiated GC) [PSYoungGen: 149122K->34073K(181248K)] 247382K->132404K(705536K), 0.0085622 secs] [Times: user=0.08 sys=0.00, real=0.01 secs] 
2016-09-13T20:14:44.905-0400: 184.046: [GC (GCLocker Initiated GC) [PSYoungGen: 141593K->47763K(182272K)] 239946K->146223K(706560K), 0.0117189 secs] [Times: user=0.09 sys=0.00, real=0.02 secs] 
2016-09-13T20:14:45.078-0400: 184.220: [GC (Allocation Failure) [PSYoungGen: 159891K->43117K(183296K)] 258437K->149458K(707584K), 0.0213146 secs] [Times: user=0.22 sys=0.00, real=0.02 secs] 
2016-09-13T20:14:45.247-0400: 184.388: [GC (GCLocker Initiated GC) [PSYoungGen: 152189K->28087K(187904K)] 264605K->140685K(712192K), 0.0115087 secs] [Times: user=0.13 sys=0.00, real=0.02 secs] 
2016-09-13T20:14:45.460-0400: 184.602: [GC (Allocation Failure) [PSYoungGen: 148919K->30935K(189440K)] 267698K->149912K(713728K), 0.0049392 secs] [Times: user=0.05 sys=0.00, real=0.00 secs] 
2016-09-13T20:14:45.645-0400: 184.787: [GC (Allocation Failure) [PSYoungGen: 147041K->28152K(191488K)] 266018K->156404K(715776K), 0.0159772 secs] [Times: user=0.19 sys=0.01, real=0.02 secs] 
2016-09-13T20:14:45.862-0400: 185.003: [GC (GCLocker Initiated GC) [PSYoungGen: 155640K->47837K(192000K)] 283898K->176313K(716288K), 0.0076270 secs] [Times: user=0.08 sys=0.00, real=0.01 secs] 
2016-09-13T20:14:46.076-0400: 185.218: [GC (Allocation Failure) [PSYoungGen: 175325K->32639K(194560K)] 310007K->167510K(718848K), 0.0123028 secs] [Times: user=0.16 sys=0.00, real=0.01 secs] 
2016-09-13T20:14:46.278-0400: 185.420: [GC (GCLocker Initiated GC) [PSYoungGen: 163711K->40116K(195072K)] 298588K->176771K(719360K), 0.0156786 secs] [Times: user=0.13 sys=0.00, real=0.01 secs] 
2016-09-13T20:14:46.499-0400: 185.641: [GC (GCLocker Initiated GC) [PSYoungGen: 171188K->43244K(197632K)] 309557K->181720K(721920K), 0.0099514 secs] [Times: user=0.08 sys=0.01, real=0.01 secs] 
2016-09-13T20:14:46.704-0400: 185.846: [GC (GCLocker Initiated GC) [PSYoungGen: 178412K->43090K(197632K)] 318511K->183399K(721920K), 0.0318900 secs] [Times: user=0.27 sys=0.00, real=0.04 secs] 
2016-09-13T20:14:46.923-0400: 186.065: [GC (GCLocker Initiated GC) [PSYoungGen: 178258K->44890K(199680K)] 318652K->185406K(723968K), 0.0062042 secs] [Times: user=0.05 sys=0.00, real=0.01 secs] 
2016-09-13T20:14:47.167-0400: 186.309: [GC (GCLocker Initiated GC) [PSYoungGen: 182106K->23469K(199680K)] 330398K->173568K(723968K), 0.0379934 secs] [Times: user=0.40 sys=0.01, real=0.04 secs] 
2016-09-13T20:14:47.391-0400: 186.533: [GC (GCLocker Initiated GC) [PSYoungGen: 160685K->29484K(197632K)] 312335K->181250K(721920K), 0.0273659 secs] [Times: user=0.27 sys=0.01, real=0.03 secs] 
2016-09-13T20:14:47.612-0400: 186.754: [GC (GCLocker Initiated GC) [PSYoungGen: 166700K->35623K(198656K)] 318491K->189123K(722944K), 0.0278353 secs] [Times: user=0.32 sys=0.00, real=0.03 secs] 
2016-09-13T20:14:47.838-0400: 186.980: [GC (Allocation Failure) [PSYoungGen: 172839K->24987K(199168K)] 326473K->190972K(723456K), 0.0093592 secs] [Times: user=0.08 sys=0.00, real=0.01 secs] 
2016-09-13T20:14:48.058-0400: 187.200: [GC (GCLocker Initiated GC) [PSYoungGen: 165275K->43147K(199168K)] 331260K->209270K(723456K), 0.0192591 secs] [Times: user=0.17 sys=0.00, real=0.02 secs] 
2016-09-13T20:14:48.300-0400: 187.442: [GC (GCLocker Initiated GC) [PSYoungGen: 183435K->9777K(198656K)] 358900K->185436K(722944K), 0.0097763 secs] [Times: user=0.09 sys=0.00, real=0.01 secs] 
2016-09-13T20:14:48.506-0400: 187.648: [GC (GCLocker Initiated GC) [PSYoungGen: 149041K->47741K(187392K)] 324812K->223730K(711680K), 0.0152031 secs] [Times: user=0.16 sys=0.00, real=0.02 secs] 
2016-09-13T20:14:48.747-0400: 187.888: [GC (GCLocker Initiated GC) [PSYoungGen: 187005K->43175K(198144K)] 363310K->225686K(722432K), 0.0061823 secs] [Times: user=0.05 sys=0.00, real=0.01 secs] 
2016-09-13T20:14:48.962-0400: 188.104: [GC (Allocation Failure) [PSYoungGen: 177319K->5025K(139264K)] 361516K->189262K(663552K), 0.0176152 secs] [Times: user=0.18 sys=0.00, real=0.02 secs] 
2016-09-13T20:14:49.200-0400: 188.342: [GC (GCLocker Initiated GC) [PSYoungGen: 139169K->26441K(198144K)] 323406K->210875K(722432K), 0.0095473 secs] [Times: user=0.08 sys=0.01, real=0.01 secs] 
2016-09-13T20:14:49.432-0400: 188.574: [GC (GCLocker Initiated GC) [PSYoungGen: 158025K->35427K(167424K)] 342666K->220266K(691712K), 0.0367947 secs] [Times: user=0.30 sys=0.00, real=0.04 secs] 
2016-09-13T20:14:49.640-0400: 188.782: [GC (GCLocker Initiated GC) [PSYoungGen: 167011K->26569K(196096K)] 353528K->213315K(720384K), 0.0149142 secs] [Times: user=0.12 sys=0.00, real=0.01 secs] 
2016-09-13T20:14:49.831-0400: 188.973: [GC (GCLocker Initiated GC) [PSYoungGen: 160201K->34041K(194048K)] 347091K->221173K(718336K), 0.0237297 secs] [Times: user=0.28 sys=0.01, real=0.02 secs] 
2016-09-13T20:14:50.086-0400: 189.228: [GC (GCLocker Initiated GC) [PSYoungGen: 167673K->12805K(197120K)] 367034K->212321K(721408K), 0.0109753 secs] [Times: user=0.09 sys=0.01, real=0.02 secs] 
2016-09-13T20:14:50.290-0400: 189.432: [GC (GCLocker Initiated GC) [PSYoungGen: 151557K->26633K(197632K)] 363443K->246338K(721920K), 0.0256793 secs] [Times: user=0.25 sys=0.01, real=0.02 secs] 
2016-09-13T20:14:50.505-0400: 189.647: [GC (GCLocker Initiated GC) [PSYoungGen: 165385K->47582K(198144K)] 385171K->267570K(722432K), 0.0340130 secs] [Times: user=0.31 sys=0.00, real=0.04 secs] 
2016-09-13T20:14:50.750-0400: 189.892: [GC (GCLocker Initiated GC) [PSYoungGen: 188894K->9677K(151040K)] 416635K->245166K(675328K), 0.0032081 secs] [Times: user=0.03 sys=0.00, real=0.00 secs] 
2016-09-13T20:14:51.011-0400: 190.153: [GC (GCLocker Initiated GC) [PSYoungGen: 150989K->44731K(195584K)] 388021K->283426K(719872K), 0.0336635 secs] [Times: user=0.37 sys=0.00, real=0.03 secs] 
2016-09-13T20:14:51.249-0400: 190.391: [GC (GCLocker Initiated GC) [PSYoungGen: 178875K->46436K(180736K)] 423944K->305344K(705024K), 0.0159458 secs] [Times: user=0.18 sys=0.01, real=0.01 secs] 
2016-09-13T20:14:51.468-0400: 190.610: [GC (GCLocker Initiated GC) [PSYoungGen: 180580K->24833K(197632K)] 441185K->285608K(721920K), 0.0056300 secs] [Times: user=0.04 sys=0.00, real=0.00 secs] 
2016-09-13T20:14:51.675-0400: 190.817: [GC (GCLocker Initiated GC) [PSYoungGen: 155905K->53966K(185344K)] 416727K->314875K(709632K), 0.0234976 secs] [Times: user=0.27 sys=0.00, real=0.03 secs] 
2016-09-13T20:14:51.881-0400: 191.023: [GC (GCLocker Initiated GC) [PSYoungGen: 185038K->46319K(190464K)] 445984K->316598K(714752K), 0.0318115 secs] [Times: user=0.36 sys=0.00, real=0.03 secs] 
2016-09-13T20:14:52.071-0400: 191.213: [GC (GCLocker Initiated GC) [PSYoungGen: 167151K->49532K(170496K)] 437582K->326213K(694784K), 0.0146260 secs] [Times: user=0.18 sys=0.01, real=0.01 secs] 
2016-09-13T20:14:52.274-0400: 191.416: [GC (GCLocker Initiated GC) [PSYoungGen: 170364K->23500K(190976K)] 453150K->309517K(715264K), 0.0077284 secs] [Times: user=0.05 sys=0.00, real=0.01 secs] 
2016-09-13T20:14:52.464-0400: 191.606: [GC (GCLocker Initiated GC) [PSYoungGen: 142284K->43239K(162304K)] 428364K->329513K(686592K), 0.0259427 secs] [Times: user=0.27 sys=0.00, real=0.03 secs] 
2016-09-13T20:14:52.660-0400: 191.801: [GC (Allocation Failure) [PSYoungGen: 162023K->41975K(189952K)] 450039K->330220K(714240K), 0.0105569 secs] [Times: user=0.11 sys=0.00, real=0.01 secs] 
2016-09-13T20:14:52.850-0400: 191.992: [GC (GCLocker Initiated GC) [PSYoungGen: 161783K->62834K(182784K)] 450031K->351413K(707072K), 0.0181041 secs] [Times: user=0.17 sys=0.00, real=0.02 secs] 
2016-09-13T20:14:53.053-0400: 192.195: [GC (GCLocker Initiated GC) [PSYoungGen: 182642K->26505K(187904K)] 478934K->322869K(712192K), 0.0124654 secs] [Times: user=0.08 sys=0.00, real=0.01 secs] 
2016-09-13T20:14:53.253-0400: 192.395: [GC (GCLocker Initiated GC) [PSYoungGen: 138633K->6730K(186368K)] 447295K->315581K(710656K), 0.0112393 secs] [Times: user=0.10 sys=0.00, real=0.01 secs] 
2016-09-13T20:14:53.440-0400: 192.582: [GC (GCLocker Initiated GC) [PSYoungGen: 118858K->24827K(185344K)] 427720K->333890K(709632K), 0.0178126 secs] [Times: user=0.19 sys=0.00, real=0.02 secs] 
2016-09-13T20:14:53.615-0400: 192.756: [GC (GCLocker Initiated GC) [PSYoungGen: 136955K->31003K(143360K)] 447690K->341948K(667648K), 0.0107269 secs] [Times: user=0.10 sys=0.00, real=0.01 secs] 
2016-09-13T20:14:53.817-0400: 192.959: [GC (GCLocker Initiated GC) [PSYoungGen: 143131K->38501K(187392K)] 455852K->354331K(711680K), 0.0198637 secs] [Times: user=0.20 sys=0.01, real=0.02 secs] 
2016-09-13T20:14:54.009-0400: 193.151: [GC (GCLocker Initiated GC) [PSYoungGen: 155749K->34095K(185344K)] 477704K->356181K(709632K), 0.0234832 secs] [Times: user=0.22 sys=0.00, real=0.02 secs] 
2016-09-13T20:14:54.209-0400: 193.350: [GC (GCLocker Initiated GC) [PSYoungGen: 151343K->28094K(190976K)] 479533K->359516K(715264K), 0.0169245 secs] [Times: user=0.21 sys=0.00, real=0.01 secs] 
2016-09-13T20:14:54.408-0400: 193.550: [GC (GCLocker Initiated GC) [PSYoungGen: 154046K->44817K(188928K)] 485488K->379496K(713216K), 0.0099550 secs] [Times: user=0.09 sys=0.00, real=0.01 secs] 
2016-09-13T20:14:54.620-0400: 193.762: [GC (GCLocker Initiated GC) [PSYoungGen: 170769K->44608K(196096K)] 508634K->387218K(720384K), 0.0074902 secs] [Times: user=0.06 sys=0.00, real=0.01 secs] 
2016-09-13T20:14:54.843-0400: 193.985: [GC (Allocation Failure) [PSYoungGen: 176704K->23405K(197120K)] 519317K->366074K(721408K), 0.0143985 secs] [Times: user=0.14 sys=0.00, real=0.02 secs] 
2016-09-13T20:14:55.044-0400: 194.186: [GC (GCLocker Initiated GC) [PSYoungGen: 154960K->9640K(195072K)] 503704K->358440K(719360K), 0.0171261 secs] [Times: user=0.18 sys=0.00, real=0.02 secs] 
2016-09-13T20:14:55.254-0400: 194.396: [GC (GCLocker Initiated GC) [PSYoungGen: 140712K->43116K(174592K)] 489585K->392194K(698880K), 0.0271111 secs] [Times: user=0.25 sys=0.00, real=0.03 secs] 
2016-09-13T20:14:55.464-0400: 194.606: [GC (GCLocker Initiated GC) [PSYoungGen: 174188K->40465K(196608K)] 524789K->391193K(720896K), 0.0059567 secs] [Times: user=0.05 sys=0.00, real=0.01 secs] 
2016-09-13T20:14:55.662-0400: 194.804: [GC (GCLocker Initiated GC) [PSYoungGen: 171025K->46377K(177152K)] 521918K->397488K(701440K), 0.0067874 secs] [Times: user=0.09 sys=0.00, real=0.01 secs] 
2016-09-13T20:14:55.876-0400: 195.018: [GC (Allocation Failure) [PSYoungGen: 176937K->44736K(194048K)] 528070K->396211K(718336K), 0.0188782 secs] [Times: user=0.20 sys=0.01, real=0.01 secs] 
2016-09-13T20:14:56.084-0400: 195.226: [GC (Allocation Failure) [PSYoungGen: 166148K->28152K(155136K)] 517624K->385928K(679424K), 0.0246452 secs] [Times: user=0.28 sys=0.00, real=0.03 secs] 
2016-09-13T20:14:56.286-0400: 195.427: [GC (Allocation Failure) [PSYoungGen: 153042K->25036K(194048K)] 510818K->383013K(718336K), 0.0134336 secs] [Times: user=0.15 sys=0.00, real=0.02 secs] 
2016-09-13T20:14:56.503-0400: 195.645: [GC (GCLocker Initiated GC) [PSYoungGen: 153548K->41566K(193024K)] 511531K->399687K(717312K), 0.0138085 secs] [Times: user=0.13 sys=0.00, real=0.02 secs] 
2016-09-13T20:14:56.716-0400: 195.858: [GC (GCLocker Initiated GC) [PSYoungGen: 170078K->37079K(195072K)] 528224K->395356K(719360K), 0.0103196 secs] [Times: user=0.10 sys=0.00, real=0.00 secs] 
2016-09-13T20:14:56.906-0400: 196.048: [GC (GCLocker Initiated GC) [PSYoungGen: 170711K->28114K(195584K)] 529014K->392630K(719872K), 0.0151862 secs] [Times: user=0.11 sys=0.00, real=0.02 secs] 
2016-09-13T20:14:57.121-0400: 196.263: [GC (GCLocker Initiated GC) [PSYoungGen: 161746K->43122K(198144K)] 526266K->409590K(722432K), 0.0255225 secs] [Times: user=0.25 sys=0.00, real=0.02 secs] 
2016-09-13T20:14:57.340-0400: 196.482: [GC (GCLocker Initiated GC) [PSYoungGen: 180850K->32825K(199168K)] 553656K->405777K(723456K), 0.0095305 secs] [Times: user=0.09 sys=0.00, real=0.01 secs] 
2016-09-13T20:14:57.571-0400: 196.713: [GC (GCLocker Initiated GC) [PSYoungGen: 170553K->28062K(199680K)] 543907K->401734K(723968K), 0.0137417 secs] [Times: user=0.18 sys=0.00, real=0.01 secs] 
2016-09-13T20:14:57.817-0400: 196.959: [GC (GCLocker Initiated GC) [PSYoungGen: 169374K->32649K(199168K)] 544590K->408041K(723456K), 0.0223173 secs] [Times: user=0.28 sys=0.00, real=0.02 secs] 
2016-09-13T20:14:58.056-0400: 197.198: [GC (GCLocker Initiated GC) [PSYoungGen: 173961K->9842K(199680K)] 563155K->409917K(723968K), 0.0037461 secs] [Times: user=0.03 sys=0.00, real=0.00 secs] 
2016-09-13T20:14:58.297-0400: 197.439: [GC (GCLocker Initiated GC) [PSYoungGen: 153714K->43120K(201728K)] 553993K->443455K(726016K), 0.0239257 secs] [Times: user=0.20 sys=0.00, real=0.02 secs] 
2016-09-13T20:14:58.529-0400: 197.670: [GC (GCLocker Initiated GC) [PSYoungGen: 186992K->46154K(197632K)] 587433K->446796K(721920K), 0.0304675 secs] [Times: user=0.30 sys=0.00, real=0.03 secs] 
2016-09-13T20:14:58.758-0400: 197.900: [GC (Allocation Failure) [PSYoungGen: 184394K->40142K(200192K)] 586725K->448703K(724480K), 0.0073411 secs] [Times: user=0.06 sys=0.00, real=0.00 secs] 
2016-09-13T20:14:59.000-0400: 198.141: [GC (Allocation Failure) [PSYoungGen: 176573K->6793K(196608K)] 585134K->415527K(720896K), 0.0290131 secs] [Times: user=0.30 sys=0.01, real=0.03 secs] 
2016-09-13T20:14:59.216-0400: 198.358: [GC (GCLocker Initiated GC) [PSYoungGen: 141961K->40047K(198656K)] 550701K->448922K(722944K), 0.0149318 secs] [Times: user=0.15 sys=0.00, real=0.01 secs] 
2016-09-13T20:14:59.447-0400: 198.589: [GC (Allocation Failure) [PSYoungGen: 175215K->41597K(198144K)] 584260K->450823K(722432K), 0.0304981 secs] [Times: user=0.35 sys=0.00, real=0.04 secs] 
2016-09-13T20:14:59.644-0400: 198.786: [GC (GCLocker Initiated GC) [PSYoungGen: 173453K->15843K(198656K)] 588753K->431338K(722944K), 0.0164353 secs] [Times: user=0.14 sys=0.00, real=0.02 secs] 
2016-09-13T20:14:59.868-0400: 199.010: [GC (GCLocker Initiated GC) [PSYoungGen: 151011K->10021K(197632K)] 580353K->439550K(721920K), 0.0215088 secs] [Times: user=0.23 sys=0.00, real=0.02 secs] 
2016-09-13T20:15:00.104-0400: 199.246: [GC (GCLocker Initiated GC) [PSYoungGen: 144165K->32427K(166912K)] 575238K->463635K(691200K), 0.0196387 secs] [Times: user=0.17 sys=0.00, real=0.02 secs] 
2016-09-13T20:15:00.300-0400: 199.442: [GC (GCLocker Initiated GC) [PSYoungGen: 166571K->61596K(183808K)] 598058K->502390K(708096K), 0.0172280 secs] [Times: user=0.17 sys=0.01, real=0.02 secs] 
2016-09-13T20:15:00.513-0400: 199.655: [GC (Allocation Failure) [PSYoungGen: 183452K->9581K(131584K)] 630346K->456704K(655872K), 0.0045264 secs] [Times: user=0.02 sys=0.00, real=0.01 secs] 
2016-09-13T20:15:00.703-0400: 199.844: [GC (GCLocker Initiated GC) [PSYoungGen: 131437K->62927K(176128K)] 578592K->511805K(700416K), 0.0179562 secs] [Times: user=0.13 sys=0.00, real=0.02 secs] 
2016-09-13T20:15:00.883-0400: 200.025: [GC (GCLocker Initiated GC) [PSYoungGen: 168399K->41538K(183808K)] 617335K->490739K(708096K), 0.0199572 secs] [Times: user=0.21 sys=0.00, real=0.02 secs] 
2016-09-13T20:15:01.086-0400: 200.228: [GC (GCLocker Initiated GC) [PSYoungGen: 147010K->14170K(181248K)] 602358K->469655K(705536K), 0.0287853 secs] [Times: user=0.31 sys=0.00, real=0.03 secs] 
2016-09-13T20:15:01.268-0400: 200.410: [GC (GCLocker Initiated GC) [PSYoungGen: 121178K->35459K(183296K)] 576685K->491089K(707584K), 0.0325584 secs] [Times: user=0.30 sys=0.01, real=0.03 secs] 
2016-09-13T20:15:01.447-0400: 200.589: [GC (GCLocker Initiated GC) [PSYoungGen: 142467K->34067K(180224K)] 610266K->506569K(704512K), 0.0176911 secs] [Times: user=0.18 sys=0.01, real=0.02 secs] 
2016-09-13T20:15:01.609-0400: 200.751: [GC (GCLocker Initiated GC) [PSYoungGen: 147219K->31157K(182272K)] 619793K->513120K(706560K), 0.0121275 secs] [Times: user=0.12 sys=0.01, real=0.01 secs] 
2016-09-13T20:15:01.808-0400: 200.950: [GC (GCLocker Initiated GC) [PSYoungGen: 144309K->24859K(189952K)] 632414K->519249K(714240K), 0.0155987 secs] [Times: user=0.13 sys=0.00, real=0.01 secs] 
2016-09-13T20:15:02.026-0400: 201.168: [GC (Allocation Failure) [PSYoungGen: 151835K->43248K(190976K)] 646227K->542406K(715264K), 0.0309537 secs] [Times: user=0.35 sys=0.01, real=0.04 secs] 
2016-09-13T20:15:02.250-0400: 201.392: [GC (GCLocker Initiated GC) [PSYoungGen: 169086K->32677K(193024K)] 674319K->538183K(717312K), 0.0107801 secs] [Times: user=0.10 sys=0.00, real=0.01 secs] 
2016-09-13T20:15:02.442-0400: 201.583: [GC (GCLocker Initiated GC) [PSYoungGen: 165797K->29542K(195072K)] 671417K->535414K(719360K), 0.0093161 secs] [Times: user=0.08 sys=0.00, real=0.01 secs] 
2016-09-13T20:15:02.658-0400: 201.800: [GC (GCLocker Initiated GC) [PSYoungGen: 162662K->49133K(196096K)] 674623K->561304K(720384K), 0.0099514 secs] [Times: user=0.08 sys=0.01, real=0.01 secs] 
2016-09-13T20:15:02.865-0400: 202.007: [GC (GCLocker Initiated GC) [PSYoungGen: 185325K->41661K(199168K)] 697524K->553908K(723456K), 0.0072779 secs] [Times: user=0.06 sys=0.01, real=0.01 secs] 
2016-09-13T20:15:03.100-0400: 202.242: [Full GC (Ergonomics) [PSYoungGen: 177853K->0K(199168K)] [ParOldGen: 519852K->42265K(524288K)] 697706K->42265K(723456K), [Metaspace: 44670K->44670K(1087488K)], 0.0594920 secs] [Times: user=0.28 sys=0.00, real=0.06 secs] 
2016-09-13T20:15:03.360-0400: 202.502: [GC (GCLocker Initiated GC) [PSYoungGen: 136192K->52578K(192000K)] 186274K->102661K(716288K), 0.0091652 secs] [Times: user=0.08 sys=0.01, real=0.01 secs] 
2016-09-13T20:15:03.547-0400: 202.689: [GC (Allocation Failure) [PSYoungGen: 181602K->44794K(195584K)] 231884K->103063K(719872K), 0.0198341 secs] [Times: user=0.20 sys=0.01, real=0.02 secs] 
2016-09-13T20:15:03.756-0400: 202.898: [GC (GCLocker Initiated GC) [PSYoungGen: 173818K->28126K(193536K)] 232090K->86677K(717824K), 0.0235821 secs] [Times: user=0.27 sys=0.01, real=0.02 secs] 
2016-09-13T20:15:04.002-0400: 203.144: [GC (GCLocker Initiated GC) [PSYoungGen: 157150K->12895K(194560K)] 223406K->79310K(718848K), 0.0295513 secs] [Times: user=0.30 sys=0.00, real=0.03 secs] 
2016-09-13T20:15:04.204-0400: 203.346: [GC (GCLocker Initiated GC) [PSYoungGen: 141919K->43216K(195584K)] 210012K->111511K(719872K), 0.0143430 secs] [Times: user=0.12 sys=0.00, real=0.02 secs] 
2016-09-13T20:15:04.413-0400: 203.555: [GC (GCLocker Initiated GC) [PSYoungGen: 172240K->47833K(177152K)] 242103K->117898K(701440K), 0.0159172 secs] [Times: user=0.17 sys=0.00, real=0.02 secs] 
2016-09-13T20:15:04.655-0400: 203.797: [GC (GCLocker Initiated GC) [PSYoungGen: 176857K->25140K(195072K)] 262270K->118360K(719360K), 0.0321840 secs] [Times: user=0.36 sys=0.01, real=0.03 secs] 
2016-09-13T20:15:04.861-0400: 204.003: [GC (GCLocker Initiated GC) [PSYoungGen: 152116K->56790K(183808K)] 247115K->151939K(708096K), 0.0288011 secs] [Times: user=0.28 sys=0.00, real=0.03 secs] 
2016-09-13T20:15:05.076-0400: 204.218: [GC (GCLocker Initiated GC) [PSYoungGen: 183766K->40239K(192512K)] 278976K->135596K(716800K), 0.0175271 secs] [Times: user=0.17 sys=0.01, real=0.01 secs] 
2016-09-13T20:15:05.254-0400: 204.396: [GC (GCLocker Initiated GC) [PSYoungGen: 161071K->23627K(144896K)] 265703K->142130K(669184K), 0.0119335 secs] [Times: user=0.13 sys=0.00, real=0.01 secs] 
2016-09-13T20:15:05.454-0400: 204.596: [GC (GCLocker Initiated GC) [PSYoungGen: 144459K->29644K(191488K)] 270667K->155996K(715776K), 0.0162796 secs] [Times: user=0.16 sys=0.01, real=0.02 secs] 
2016-09-13T20:15:05.649-0400: 204.791: [GC (GCLocker Initiated GC) [PSYoungGen: 152524K->47710K(189440K)] 278923K->178883K(713728K), 0.0199070 secs] [Times: user=0.21 sys=0.00, real=0.02 secs] 
2016-09-13T20:15:05.861-0400: 205.003: [GC (GCLocker Initiated GC) [PSYoungGen: 170590K->23711K(194560K)] 309361K->171725K(718848K), 0.0115333 secs] [Times: user=0.11 sys=0.00, real=0.01 secs] 
2016-09-13T20:15:06.075-0400: 205.217: [GC (GCLocker Initiated GC) [PSYoungGen: 150687K->44699K(194048K)] 298726K->193015K(718336K), 0.0102842 secs] [Times: user=0.10 sys=0.00, real=0.01 secs] 
2016-09-13T20:15:06.258-0400: 205.400: [GC (GCLocker Initiated GC) [PSYoungGen: 171675K->49354K(191488K)] 320171K->202560K(715776K), 0.0223870 secs] [Times: user=0.19 sys=0.02, real=0.02 secs] 
2016-09-13T20:15:06.473-0400: 205.615: [GC (GCLocker Initiated GC) [PSYoungGen: 173258K->50838K(175104K)] 326678K->204522K(699392K), 0.0294070 secs] [Times: user=0.32 sys=0.01, real=0.03 secs] 
2016-09-13T20:15:06.690-0400: 205.831: [GC (GCLocker Initiated GC) [PSYoungGen: 174742K->21821K(191488K)] 334708K->186465K(715776K), 0.0150922 secs] [Times: user=0.13 sys=0.00, real=0.01 secs] 
2016-09-13T20:15:06.908-0400: 206.050: [GC (Allocation Failure) [PSYoungGen: 142653K->46096K(191488K)] 308865K->212568K(715776K), 0.0064364 secs] [Times: user=0.04 sys=0.00, real=0.00 secs] 
2016-09-13T20:15:07.088-0400: 206.230: [GC (GCLocker Initiated GC) [PSYoungGen: 166928K->43179K(188416K)] 333403K->215844K(712704K), 0.0328517 secs] [Times: user=0.31 sys=0.00, real=0.03 secs] 
2016-09-13T20:15:07.286-0400: 206.428: [GC (GCLocker Initiated GC) [PSYoungGen: 164011K->47769K(189952K)] 336762K->220781K(714240K), 0.0221328 secs] [Times: user=0.22 sys=0.00, real=0.03 secs] 
2016-09-13T20:15:07.469-0400: 206.611: [GC (GCLocker Initiated GC) [PSYoungGen: 168601K->33976K(189440K)] 343301K->211878K(713728K), 0.0129982 secs] [Times: user=0.12 sys=0.00, real=0.01 secs] 
2016-09-13T20:15:07.671-0400: 206.812: [GC (GCLocker Initiated GC) [PSYoungGen: 157368K->46090K(190976K)] 336842K->225750K(715264K), 0.0135052 secs] [Times: user=0.10 sys=0.00, real=0.01 secs] 
2016-09-13T20:15:07.862-0400: 207.004: [GC (Allocation Failure) [PSYoungGen: 169482K->38627K(188928K)] 350895K->227890K(713216K), 0.0101176 secs] [Times: user=0.06 sys=0.00, real=0.01 secs] 
2016-09-13T20:15:08.070-0400: 207.212: [GC (GCLocker Initiated GC) [PSYoungGen: 166115K->44608K(192000K)] 355380K->234087K(716288K), 0.0211559 secs] [Times: user=0.21 sys=0.00, real=0.02 secs] 
2016-09-13T20:15:08.273-0400: 207.415: [GC (GCLocker Initiated GC) [PSYoungGen: 172096K->43181K(195072K)] 361743K->232907K(719360K), 0.0152830 secs] [Times: user=0.16 sys=0.01, real=0.02 secs] 
2016-09-13T20:15:08.499-0400: 207.641: [GC (GCLocker Initiated GC) [PSYoungGen: 176813K->30876K(196608K)] 378924K->233027K(720896K), 0.0214402 secs] [Times: user=0.19 sys=0.00, real=0.02 secs] 
2016-09-13T20:15:08.712-0400: 207.854: [GC (GCLocker Initiated GC) [PSYoungGen: 164508K->50937K(196608K)] 368335K->259482K(720896K), 0.0125115 secs] [Times: user=0.10 sys=0.00, real=0.01 secs] 
2016-09-13T20:15:08.963-0400: 208.105: [GC (GCLocker Initiated GC) [PSYoungGen: 185081K->9613K(143872K)] 401404K->230756K(668160K), 0.0137603 secs] [Times: user=0.10 sys=0.01, real=0.02 secs] 
2016-09-13T20:15:09.214-0400: 208.356: [GC (Allocation Failure) [PSYoungGen: 143757K->5120K(189952K)] 377332K->238827K(714240K), 0.0063834 secs] [Times: user=0.06 sys=0.00, real=0.01 secs] 
2016-09-13T20:15:09.398-0400: 208.540: [GC (GCLocker Initiated GC) [PSYoungGen: 127608K->11323K(134656K)] 362833K->246758K(658944K), 0.0128224 secs] [Times: user=0.11 sys=0.00, real=0.01 secs] 
2016-09-13T20:15:09.616-0400: 208.758: [GC (GCLocker Initiated GC) [PSYoungGen: 134203K->18912K(193536K)] 377277K->262131K(717824K), 0.0132317 secs] [Times: user=0.15 sys=0.00, real=0.01 secs] 
2016-09-13T20:15:09.827-0400: 208.969: [GC (GCLocker Initiated GC) [PSYoungGen: 142304K->34130K(157696K)] 385550K->285204K(681984K), 0.0068167 secs] [Times: user=0.04 sys=0.00, real=0.01 secs] 
2016-09-13T20:15:10.011-0400: 209.152: [GC (GCLocker Initiated GC) [PSYoungGen: 157522K->20340K(190976K)] 413299K->280887K(715264K), 0.0167972 secs] [Times: user=0.12 sys=0.00, real=0.01 secs] 
2016-09-13T20:15:10.219-0400: 209.361: [GC (GCLocker Initiated GC) [PSYoungGen: 145268K->29575K(189440K)] 407509K->291881K(713728K), 0.0184654 secs] [Times: user=0.16 sys=0.00, real=0.02 secs] 
2016-09-13T20:15:10.440-0400: 209.582: [GC (GCLocker Initiated GC) [PSYoungGen: 154503K->47704K(188928K)] 416923K->310204K(713216K), 0.0212302 secs] [Times: user=0.20 sys=0.00, real=0.02 secs] 
2016-09-13T20:15:10.648-0400: 209.790: [GC (Allocation Failure) [PSYoungGen: 175704K->9677K(192512K)] 451959K->286125K(716800K), 0.0267451 secs] [Times: user=0.27 sys=0.00, real=0.02 secs] 
2016-09-13T20:15:10.858-0400: 209.999: [GC (GCLocker Initiated GC) [PSYoungGen: 137677K->43053K(194048K)] 414129K->319707K(718336K), 0.0355104 secs] [Times: user=0.41 sys=0.00, real=0.03 secs] 
2016-09-13T20:15:11.112-0400: 210.254: [GC (GCLocker Initiated GC) [PSYoungGen: 172077K->46121K(175616K)] 455016K->329242K(699904K), 0.0141033 secs] [Times: user=0.12 sys=0.00, real=0.01 secs] 
2016-09-13T20:15:11.301-0400: 210.442: [GC (GCLocker Initiated GC) [PSYoungGen: 175145K->46153K(190464K)] 458525K->329719K(714752K), 0.0122351 secs] [Times: user=0.10 sys=0.00, real=0.01 secs] 
2016-09-13T20:15:11.503-0400: 210.645: [GC (GCLocker Initiated GC) [PSYoungGen: 168009K->40366K(192000K)] 465296K->337988K(716288K), 0.0118384 secs] [Times: user=0.12 sys=0.00, real=0.01 secs] 
2016-09-13T20:15:11.702-0400: 210.843: [GC (GCLocker Initiated GC) [PSYoungGen: 162222K->46414K(190976K)] 461575K->352016K(715264K), 0.0266911 secs] [Times: user=0.23 sys=0.01, real=0.03 secs] 
2016-09-13T20:15:11.900-0400: 211.042: [GC (GCLocker Initiated GC) [PSYoungGen: 168270K->27997K(150016K)] 477085K->337006K(674304K), 0.0170656 secs] [Times: user=0.17 sys=0.00, real=0.02 secs] 
2016-09-13T20:15:12.122-0400: 211.263: [GC (Allocation Failure) [PSYoungGen: 149853K->46186K(190464K)] 458959K->355427K(714752K), 0.0209302 secs] [Times: user=0.20 sys=0.00, real=0.02 secs] 
2016-09-13T20:15:12.321-0400: 211.463: [GC (GCLocker Initiated GC) [PSYoungGen: 168554K->46344K(190976K)] 477795K->355790K(715264K), 0.0320397 secs] [Times: user=0.35 sys=0.00, real=0.03 secs] 
2016-09-13T20:15:12.525-0400: 211.667: [GC (GCLocker Initiated GC) [PSYoungGen: 168712K->66149K(177664K)] 478176K->375960K(701952K), 0.0097153 secs] [Times: user=0.13 sys=0.01, real=0.01 secs] 
2016-09-13T20:15:12.692-0400: 211.834: [GC (GCLocker Initiated GC) [PSYoungGen: 174693K->47992K(185344K)] 486078K->368645K(709632K), 0.0078425 secs] [Times: user=0.09 sys=0.01, real=0.01 secs] 
2016-09-13T20:15:12.856-0400: 211.998: [GC (GCLocker Initiated GC) [PSYoungGen: 156536K->44730K(180736K)] 477376K->371886K(705024K), 0.0074852 secs] [Times: user=0.07 sys=0.00, real=0.00 secs] 
2016-09-13T20:15:13.026-0400: 212.168: [GC (GCLocker Initiated GC) [PSYoungGen: 153786K->32681K(183296K)] 481174K->360368K(707584K), 0.0103726 secs] [Times: user=0.15 sys=0.00, real=0.02 secs] 
2016-09-13T20:15:13.214-0400: 212.356: [GC (GCLocker Initiated GC) [PSYoungGen: 141737K->49159K(187392K)] 469442K->377137K(711680K), 0.0399612 secs] [Times: user=0.36 sys=0.01, real=0.04 secs] 
2016-09-13T20:15:13.417-0400: 212.559: [GC (GCLocker Initiated GC) [PSYoungGen: 164871K->43212K(187904K)] 493025K->377701K(712192K), 0.0194666 secs] [Times: user=0.20 sys=0.00, real=0.02 secs] 
2016-09-13T20:15:13.606-0400: 212.748: [GC (GCLocker Initiated GC) [PSYoungGen: 158924K->24863K(188416K)] 493537K->359728K(712704K), 0.0458854 secs] [Times: user=0.46 sys=0.00, real=0.05 secs] 
2016-09-13T20:15:13.800-0400: 212.942: [GC (GCLocker Initiated GC) [PSYoungGen: 143135K->69036K(187392K)] 481052K->413269K(711680K), 0.0139362 secs] [Times: user=0.13 sys=0.00, real=0.01 secs] 
2016-09-13T20:15:14.004-0400: 213.145: [GC (GCLocker Initiated GC) [PSYoungGen: 187308K->24993K(182272K)] 531562K->424147K(706560K), 0.0190071 secs] [Times: user=0.19 sys=0.00, real=0.02 secs] 
2016-09-13T20:15:14.155-0400: 213.297: [GC (GCLocker Initiated GC) [PSYoungGen: 132513K->64538K(172544K)] 531770K->463974K(696832K), 0.0102977 secs] [Times: user=0.11 sys=0.00, real=0.01 secs] 
2016-09-13T20:15:14.308-0400: 213.450: [GC (GCLocker Initiated GC) [PSYoungGen: 172058K->67640K(170496K)] 571600K->485667K(694784K), 0.0250750 secs] [Times: user=0.29 sys=0.00, real=0.02 secs] 
2016-09-13T20:15:14.453-0400: 213.595: [GC (GCLocker Initiated GC) [PSYoungGen: 155704K->41635K(175104K)] 575476K->467668K(699392K), 0.0079736 secs] [Times: user=0.07 sys=0.00, real=0.01 secs] 
2016-09-13T20:15:14.604-0400: 213.746: [GC (GCLocker Initiated GC) [PSYoungGen: 129699K->5214K(172032K)] 566517K->442147K(696320K), 0.0095232 secs] [Times: user=0.06 sys=0.00, real=0.01 secs] 
2016-09-13T20:15:14.754-0400: 213.896: [GC (GCLocker Initiated GC) [PSYoungGen: 93278K->5120K(175104K)] 537843K->449950K(699392K), 0.0100249 secs] [Times: user=0.09 sys=0.00, real=0.01 secs] 
2016-09-13T20:15:14.898-0400: 214.040: [GC (GCLocker Initiated GC) [PSYoungGen: 93184K->47672K(175104K)] 544152K->498833K(699392K), 0.0189462 secs] [Times: user=0.16 sys=0.00, real=0.02 secs] 
2016-09-13T20:15:15.059-0400: 214.201: [GC (GCLocker Initiated GC) [PSYoungGen: 135736K->43085K(131584K)] 587134K->502278K(655872K), 0.0099227 secs] [Times: user=0.08 sys=0.00, real=0.01 secs] 
2016-09-13T20:15:15.205-0400: 214.347: [GC (GCLocker Initiated GC) [PSYoungGen: 131149K->46286K(173568K)] 592107K->507465K(697856K), 0.0068542 secs] [Times: user=0.06 sys=0.00, real=0.01 secs] 
2016-09-13T20:15:15.365-0400: 214.507: [GC (GCLocker Initiated GC) [PSYoungGen: 135886K->46096K(172032K)] 597107K->507467K(696320K), 0.0236301 secs] [Times: user=0.26 sys=0.00, real=0.03 secs] 
2016-09-13T20:15:15.498-0400: 214.640: [GC (GCLocker Initiated GC) [PSYoungGen: 135696K->47740K(177152K)] 603331K->533791K(701440K), 0.0236294 secs] [Times: user=0.22 sys=0.00, real=0.02 secs] 
2016-09-13T20:15:15.654-0400: 214.796: [GC (Allocation Failure) [PSYoungGen: 144508K->46281K(176128K)] 630614K->532734K(700416K), 0.0061193 secs] [Times: user=0.06 sys=0.00, real=0.01 secs] 
2016-09-13T20:15:15.835-0400: 214.977: [GC (GCLocker Initiated GC) [PSYoungGen: 143049K->43217K(179712K)] 629505K->537516K(704000K), 0.0348687 secs] [Times: user=0.47 sys=0.00, real=0.04 secs] 
2016-09-13T20:15:16.005-0400: 215.147: [Full GC (Ergonomics) [PSYoungGen: 148689K->0K(179712K)] [ParOldGen: 500569K->39566K(524288K)] 649259K->39566K(704000K), [Metaspace: 44674K->44674K(1087488K)], 0.0562721 secs] [Times: user=0.26 sys=0.01, real=0.06 secs] 
2016-09-13T20:15:16.201-0400: 215.343: [GC (GCLocker Initiated GC) [PSYoungGen: 101810K->73624K(179200K)] 147452K->132935K(703488K), 0.0235761 secs] [Times: user=0.26 sys=0.00, real=0.02 secs] 
2016-09-13T20:15:16.367-0400: 215.509: [GC (GCLocker Initiated GC) [PSYoungGen: 179096K->35746K(181248K)] 238596K->118382K(705536K), 0.0137507 secs] [Times: user=0.16 sys=0.00, real=0.02 secs] 
2016-09-13T20:15:16.496-0400: 215.637: [GC (GCLocker Initiated GC) [PSYoungGen: 134050K->60078K(179200K)] 216974K->143223K(703488K), 0.0071153 secs] [Times: user=0.09 sys=0.00, real=0.00 secs] 
2016-09-13T20:15:16.652-0400: 215.794: [GC (GCLocker Initiated GC) [PSYoungGen: 158382K->52548K(180224K)] 241712K->136234K(704512K), 0.0150108 secs] [Times: user=0.19 sys=0.00, real=0.01 secs] 
2016-09-13T20:15:16.812-0400: 215.954: [GC (GCLocker Initiated GC) [PSYoungGen: 149828K->31162K(128512K)] 235150K->118228K(652800K), 0.0113572 secs] [Times: user=0.12 sys=0.00, real=0.01 secs] 
2016-09-13T20:15:16.961-0400: 216.103: [GC (Allocation Failure) [PSYoungGen: 128442K->29384K(179200K)] 215586K->116745K(703488K), 0.0380075 secs] [Times: user=0.41 sys=0.00, real=0.04 secs] 
2016-09-13T20:15:17.159-0400: 216.301: [GC (Allocation Failure) [PSYoungGen: 126961K->3660K(178176K)] 214323K->101858K(702464K), 0.0110783 secs] [Times: user=0.11 sys=0.00, real=0.01 secs] 
2016-09-13T20:15:17.297-0400: 216.439: [GC (GCLocker Initiated GC) [PSYoungGen: 101937K->67235K(171008K)] 201654K->167255K(695296K), 0.0194400 secs] [Times: user=0.16 sys=0.00, real=0.02 secs] 
2016-09-13T20:15:17.447-0400: 216.589: [GC (GCLocker Initiated GC) [PSYoungGen: 155299K->37445K(175104K)] 261595K->143880K(699392K), 0.0135444 secs] [Times: user=0.16 sys=0.00, real=0.02 secs] 
2016-09-13T20:15:17.597-0400: 216.739: [GC (GCLocker Initiated GC) [PSYoungGen: 125509K->47741K(168960K)] 235014K->165261K(693248K), 0.0100221 secs] [Times: user=0.10 sys=0.00, real=0.00 secs] 
2016-09-13T20:15:17.720-0400: 216.862: [GC (GCLocker Initiated GC) [PSYoungGen: 137853K->55491K(173056K)] 255412K->177797K(697344K), 0.0074178 secs] [Times: user=0.09 sys=0.00, real=0.00 secs] 
2016-09-13T20:15:17.877-0400: 217.019: [GC (Allocation Failure) [PSYoungGen: 145603K->41975K(173056K)] 269645K->176870K(697344K), 0.0220450 secs] [Times: user=0.29 sys=0.00, real=0.02 secs] 
2016-09-13T20:15:18.044-0400: 217.186: [GC (GCLocker Initiated GC) [PSYoungGen: 131354K->27998K(175616K)] 272324K->169335K(699904K), 0.0107272 secs] [Times: user=0.11 sys=0.00, real=0.01 secs] 
2016-09-13T20:15:18.185-0400: 217.327: [GC (GCLocker Initiated GC) [PSYoungGen: 123230K->28423K(177664K)] 264616K->169963K(701952K), 0.0099802 secs] [Times: user=0.11 sys=0.00, real=0.01 secs] 
2016-09-13T20:15:18.357-0400: 217.499: [GC (Allocation Failure) [PSYoungGen: 130823K->28062K(180224K)] 272460K->174619K(704512K), 0.0079847 secs] [Times: user=0.10 sys=0.00, real=0.00 secs] 
2016-09-13T20:15:18.521-0400: 217.663: [GC (GCLocker Initiated GC) [PSYoungGen: 128165K->28056K(179200K)] 280796K->180841K(703488K), 0.0115195 secs] [Times: user=0.11 sys=0.00, real=0.01 secs] 
2016-09-13T20:15:18.699-0400: 217.841: [GC (GCLocker Initiated GC) [PSYoungGen: 136088K->47740K(182272K)] 289061K->200957K(706560K), 0.0100100 secs] [Times: user=0.09 sys=0.00, real=0.01 secs] 
2016-09-13T20:15:18.883-0400: 218.025: [GC (GCLocker Initiated GC) [PSYoungGen: 155772K->46309K(186880K)] 309308K->199955K(711168K), 0.0073217 secs] [Times: user=0.06 sys=0.01, real=0.01 secs] 
2016-09-13T20:15:19.078-0400: 218.220: [GC (GCLocker Initiated GC) [PSYoungGen: 159973K->60051K(174080K)] 315446K->215812K(698368K), 0.0072607 secs] [Times: user=0.09 sys=0.00, real=0.00 secs] 
2016-09-13T20:15:19.258-0400: 218.400: [GC (GCLocker Initiated GC) [PSYoungGen: 173715K->50876K(184832K)] 335737K->213131K(709120K), 0.0108756 secs] [Times: user=0.15 sys=0.00, real=0.01 secs] 
2016-09-13T20:15:19.449-0400: 218.591: [GC (GCLocker Initiated GC) [PSYoungGen: 157884K->47747K(155136K)] 320364K->210349K(679424K), 0.0101545 secs] [Times: user=0.12 sys=0.00, real=0.01 secs] 
2016-09-13T20:15:19.613-0400: 218.755: [GC (GCLocker Initiated GC) [PSYoungGen: 154755K->55617K(181248K)] 325117K->230706K(705536K), 0.0086055 secs] [Times: user=0.10 sys=0.00, real=0.01 secs] 
2016-09-13T20:15:19.767-0400: 218.909: [GC (GCLocker Initiated GC) [PSYoungGen: 161089K->32773K(182784K)] 336298K->235779K(707072K), 0.0122457 secs] [Times: user=0.18 sys=0.00, real=0.02 secs] 
2016-09-13T20:15:19.931-0400: 219.073: [GC (GCLocker Initiated GC) [PSYoungGen: 138245K->28214K(183808K)] 349029K->239299K(708096K), 0.0060270 secs] [Times: user=0.06 sys=0.00, real=0.01 secs] 
2016-09-13T20:15:20.143-0400: 219.284: [GC (Allocation Failure) [PSYoungGen: 137270K->5174K(114688K)] 360849K->247263K(638976K), 0.0275189 secs] [Times: user=0.29 sys=0.00, real=0.03 secs] 
2016-09-13T20:15:20.331-0400: 219.473: [GC (GCLocker Initiated GC) [PSYoungGen: 113267K->46255K(184832K)] 356874K->290040K(709120K), 0.0149652 secs] [Times: user=0.17 sys=0.00, real=0.01 secs] 
2016-09-13T20:15:20.510-0400: 219.652: [GC (Allocation Failure) [PSYoungGen: 152751K->56976K(163840K)] 396779K->301289K(688128K), 0.0147874 secs] [Times: user=0.16 sys=0.00, real=0.01 secs] 
2016-09-13T20:15:20.700-0400: 219.842: [GC (GCLocker Initiated GC) [PSYoungGen: 163472K->43276K(184832K)] 407790K->287736K(709120K), 0.0114408 secs] [Times: user=0.11 sys=0.00, real=0.01 secs] 
2016-09-13T20:15:20.859-0400: 220.001: [GC (GCLocker Initiated GC) [PSYoungGen: 148236K->64512K(169984K)] 392805K->309318K(694272K), 0.0144803 secs] [Times: user=0.16 sys=0.00, real=0.01 secs] 
2016-09-13T20:15:21.027-0400: 220.169: [GC (Allocation Failure) [PSYoungGen: 169472K->23563K(180224K)] 416091K->270369K(704512K), 0.0294022 secs] [Times: user=0.29 sys=0.00, real=0.04 secs] 
2016-09-13T20:15:21.192-0400: 220.334: [GC (GCLocker Initiated GC) [PSYoungGen: 121355K->30816K(129024K)] 368163K->277917K(653312K), 0.0211903 secs] [Times: user=0.22 sys=0.00, real=0.02 secs] 
2016-09-13T20:15:21.333-0400: 220.475: [GC (GCLocker Initiated GC) [PSYoungGen: 128608K->47895K(178176K)] 375737K->299742K(702464K), 0.0174592 secs] [Times: user=0.21 sys=0.00, real=0.02 secs] 
2016-09-13T20:15:21.497-0400: 220.639: [GC (GCLocker Initiated GC) [PSYoungGen: 146711K->40116K(177152K)] 406418K->301681K(701440K), 0.0132393 secs] [Times: user=0.13 sys=0.00, real=0.01 secs] 
2016-09-13T20:15:21.671-0400: 220.812: [GC (GCLocker Initiated GC) [PSYoungGen: 138932K->41847K(180736K)] 402271K->305387K(705024K), 0.0106561 secs] [Times: user=0.11 sys=0.01, real=0.01 secs] 
2016-09-13T20:15:21.854-0400: 220.996: [GC (GCLocker Initiated GC) [PSYoungGen: 149367K->64603K(179200K)] 413159K->328523K(703488K), 0.0132241 secs] [Times: user=0.17 sys=0.00, real=0.02 secs] 
2016-09-13T20:15:22.016-0400: 221.158: [GC (GCLocker Initiated GC) [PSYoungGen: 172123K->37387K(186880K)] 436234K->301720K(711168K), 0.0074648 secs] [Times: user=0.10 sys=0.00, real=0.00 secs] 
2016-09-13T20:15:22.208-0400: 221.349: [GC (GCLocker Initiated GC) [PSYoungGen: 146955K->23568K(184832K)] 419091K->296004K(709120K), 0.0196262 secs] [Times: user=0.28 sys=0.01, real=0.02 secs] 
2016-09-13T20:15:22.418-0400: 221.560: [GC (GCLocker Initiated GC) [PSYoungGen: 133136K->30876K(185344K)] 405600K->303482K(709632K), 0.0078878 secs] [Times: user=0.08 sys=0.00, real=0.00 secs] 
2016-09-13T20:15:22.602-0400: 221.744: [GC (GCLocker Initiated GC) [PSYoungGen: 141980K->9953K(184832K)] 426942K->299618K(709120K), 0.0094567 secs] [Times: user=0.09 sys=0.00, real=0.01 secs] 
2016-09-13T20:15:22.766-0400: 221.908: [GC (Allocation Failure) [PSYoungGen: 121057K->46255K(187392K)] 410912K->336362K(711680K), 0.0082213 secs] [Times: user=0.08 sys=0.00, real=0.01 secs] 
2016-09-13T20:15:22.928-0400: 222.069: [GC (Allocation Failure) [PSYoungGen: 158383K->31094K(143360K)] 448490K->321367K(667648K), 0.0155074 secs] [Times: user=0.15 sys=0.01, real=0.02 secs] 
2016-09-13T20:15:23.102-0400: 222.244: [GC (GCLocker Initiated GC) [PSYoungGen: 142908K->63056K(177664K)] 434701K->355078K(701952K), 0.0152009 secs] [Times: user=0.18 sys=0.00, real=0.02 secs] 
2016-09-13T20:15:23.290-0400: 222.432: [GC (Allocation Failure) [PSYoungGen: 168528K->35810K(183808K)] 472758K->340306K(708096K), 0.0101341 secs] [Times: user=0.14 sys=0.00, real=0.01 secs] 
2016-09-13T20:15:23.466-0400: 222.608: [GC (GCLocker Initiated GC) [PSYoungGen: 141282K->40116K(174592K)] 445782K->352403K(698880K), 0.0129455 secs] [Times: user=0.13 sys=0.00, real=0.02 secs] 
2016-09-13T20:15:23.650-0400: 222.792: [GC (GCLocker Initiated GC) [PSYoungGen: 148660K->46122K(180736K)] 461067K->358657K(705024K), 0.0139554 secs] [Times: user=0.17 sys=0.00, real=0.01 secs] 
2016-09-13T20:15:23.855-0400: 222.997: [GC (GCLocker Initiated GC) [PSYoungGen: 154666K->29484K(186880K)] 479416K->363502K(711168K), 0.0100056 secs] [Times: user=0.08 sys=0.02, real=0.01 secs] 
2016-09-13T20:15:24.053-0400: 223.195: [GC (Allocation Failure) [PSYoungGen: 148268K->22232K(188928K)] 490162K->364367K(713216K), 0.0150689 secs] [Times: user=0.20 sys=0.00, real=0.02 secs] 
2016-09-13T20:15:24.245-0400: 223.387: [GC (GCLocker Initiated GC) [PSYoungGen: 135083K->28056K(188416K)] 483293K->376566K(712704K), 0.0128638 secs] [Times: user=0.13 sys=0.01, real=0.02 secs] 
2016-09-13T20:15:24.447-0400: 223.588: [GC (GCLocker Initiated GC) [PSYoungGen: 150424K->32555K(190464K)] 505034K->387441K(714752K), 0.0113423 secs] [Times: user=0.10 sys=0.00, real=0.02 secs] 
2016-09-13T20:15:24.646-0400: 223.788: [GC (GCLocker Initiated GC) [PSYoungGen: 154923K->32613K(190464K)] 516151K->395457K(714752K), 0.0346361 secs] [Times: user=0.38 sys=0.00, real=0.04 secs] 
2016-09-13T20:15:24.886-0400: 224.028: [GC (Allocation Failure) [PSYoungGen: 161125K->27897K(192000K)] 530261K->400209K(716288K), 0.0100262 secs] [Times: user=0.08 sys=0.00, real=0.02 secs] 
2016-09-13T20:15:25.084-0400: 224.226: [GC (GCLocker Initiated GC) [PSYoungGen: 155324K->41661K(198656K)] 529154K->415637K(722944K), 0.0232681 secs] [Times: user=0.24 sys=0.00, real=0.02 secs] 
2016-09-13T20:15:25.312-0400: 224.454: [GC (GCLocker Initiated GC) [PSYoungGen: 178365K->47613K(198656K)] 557085K->426520K(722944K), 0.0174839 secs] [Times: user=0.16 sys=0.00, real=0.02 secs] 
2016-09-13T20:15:25.530-0400: 224.672: [GC (GCLocker Initiated GC) [PSYoungGen: 184317K->50874K(193536K)] 563523K->430234K(717824K), 0.0107342 secs] [Times: user=0.08 sys=0.00, real=0.01 secs] 
2016-09-13T20:15:25.755-0400: 224.897: [GC (GCLocker Initiated GC) [PSYoungGen: 180922K->41667K(196096K)] 560441K->421345K(720384K), 0.0087527 secs] [Times: user=0.09 sys=0.00, real=0.01 secs] 
2016-09-13T20:15:25.979-0400: 225.120: [GC (Allocation Failure) [PSYoungGen: 171715K->27966K(194048K)] 551541K->407922K(718336K), 0.0366604 secs] [Times: user=0.35 sys=0.00, real=0.03 secs] 
2016-09-13T20:15:26.209-0400: 225.351: [GC (GCLocker Initiated GC) [PSYoungGen: 159550K->31089K(195584K)] 539509K->411199K(719872K), 0.0133369 secs] [Times: user=0.13 sys=0.00, real=0.01 secs] 
2016-09-13T20:15:26.405-0400: 225.546: [GC (GCLocker Initiated GC) [PSYoungGen: 162673K->52451K(193536K)] 542819K->432718K(717824K), 0.0206856 secs] [Times: user=0.25 sys=0.00, real=0.02 secs] 
2016-09-13T20:15:26.605-0400: 225.747: [GC (GCLocker Initiated GC) [PSYoungGen: 183523K->26416K(196608K)] 571415K->423630K(720896K), 0.0249432 secs] [Times: user=0.26 sys=0.00, real=0.03 secs] 
2016-09-13T20:15:26.842-0400: 225.984: [GC (Allocation Failure) [PSYoungGen: 157488K->41714K(194048K)] 554788K->445236K(718336K), 0.0205630 secs] [Times: user=0.20 sys=0.00, real=0.02 secs] 
2016-09-13T20:15:27.044-0400: 226.186: [GC (GCLocker Initiated GC) [PSYoungGen: 172507K->14255K(195584K)] 582103K->424104K(719872K), 0.0082064 secs] [Times: user=0.07 sys=0.00, real=0.01 secs] 
2016-09-13T20:15:27.262-0400: 226.404: [GC (GCLocker Initiated GC) [PSYoungGen: 145839K->23649K(197120K)] 563373K->441404K(721408K), 0.0160765 secs] [Times: user=0.21 sys=0.00, real=0.02 secs] 
2016-09-13T20:15:27.510-0400: 226.652: [GC (GCLocker Initiated GC) [PSYoungGen: 156769K->58495K(192000K)] 576116K->484143K(716288K), 0.0228794 secs] [Times: user=0.30 sys=0.00, real=0.02 secs] 
2016-09-13T20:15:27.723-0400: 226.865: [GC (GCLocker Initiated GC) [PSYoungGen: 191615K->28029K(193536K)] 632519K->469059K(717824K), 0.0164327 secs] [Times: user=0.10 sys=0.00, real=0.02 secs] 
2016-09-13T20:15:27.943-0400: 227.085: [GC (GCLocker Initiated GC) [PSYoungGen: 151421K->40052K(163840K)] 592576K->481477K(688128K), 0.0237166 secs] [Times: user=0.21 sys=0.00, real=0.02 secs] 
2016-09-13T20:15:28.134-0400: 227.276: [GC (GCLocker Initiated GC) [PSYoungGen: 163444K->61278K(182272K)] 606685K->504633K(706560K), 0.0104649 secs] [Times: user=0.07 sys=0.00, real=0.01 secs] 
2016-09-13T20:15:28.316-0400: 227.458: [GC (GCLocker Initiated GC) [PSYoungGen: 176990K->9767K(125952K)] 634182K->474641K(650240K), 0.0174390 secs] [Times: user=0.16 sys=0.00, real=0.01 secs] 
2016-09-13T20:15:28.502-0400: 227.644: [GC (GCLocker Initiated GC) [PSYoungGen: 125479K->61623K(176128K)] 593549K->534541K(700416K), 0.0239921 secs] [Times: user=0.26 sys=0.00, real=0.02 secs] 
2016-09-13T20:15:28.679-0400: 227.820: [GC (GCLocker Initiated GC) [PSYoungGen: 162999K->43121K(181760K)] 637578K->517973K(706048K), 0.0383303 secs] [Times: user=0.43 sys=0.00, real=0.04 secs] 
2016-09-13T20:15:28.890-0400: 228.032: [GC (GCLocker Initiated GC) [PSYoungGen: 144497K->46276K(177152K)] 620970K->522895K(701440K), 0.0113071 secs] [Times: user=0.12 sys=0.00, real=0.01 secs] 
2016-09-13T20:15:29.051-0400: 228.193: [GC (GCLocker Initiated GC) [PSYoungGen: 150212K->41629K(180736K)] 634600K->526203K(705024K), 0.0104313 secs] [Times: user=0.11 sys=0.00, real=0.01 secs] 
2016-09-13T20:15:29.206-0400: 228.348: [GC (GCLocker Initiated GC) [PSYoungGen: 145565K->47896K(183808K)] 630262K->532802K(708096K), 0.0091900 secs] [Times: user=0.09 sys=0.00, real=0.01 secs] 
2016-09-13T20:15:29.386-0400: 228.528: [GC (GCLocker Initiated GC) [PSYoungGen: 159512K->23282K(184832K)] 646194K->516249K(709120K), 0.0501330 secs] [Times: user=0.50 sys=0.00, real=0.06 secs] 
2016-09-13T20:15:29.591-0400: 228.733: [GC (GCLocker Initiated GC) [PSYoungGen: 134898K->41751K(183808K)] 628155K->535146K(708096K), 0.0069028 secs] [Times: user=0.04 sys=0.01, real=0.01 secs] 
2016-09-13T20:15:29.752-0400: 228.894: [GC (Allocation Failure) [PSYoungGen: 157463K->23340K(186368K)] 652595K->518653K(710656K), 0.0280736 secs] [Times: user=0.28 sys=0.00, real=0.03 secs] 
2016-09-13T20:15:29.928-0400: 229.070: [GC (Allocation Failure) [PSYoungGen: 139052K->28057K(187904K)] 634365K->523459K(712192K), 0.0117684 secs] [Times: user=0.14 sys=0.00, real=0.01 secs] 
2016-09-13T20:15:30.111-0400: 229.253: [GC (GCLocker Initiated GC) [PSYoungGen: 149401K->43025K(189952K)] 644805K->538544K(714240K), 0.0140187 secs] [Times: user=0.11 sys=0.02, real=0.01 secs] 
2016-09-13T20:15:30.307-0400: 229.448: [GC (GCLocker Initiated GC) [PSYoungGen: 164369K->64378K(180736K)] 660150K->560427K(705024K), 0.0191570 secs] [Times: user=0.18 sys=0.02, real=0.02 secs] 
2016-09-13T20:15:30.499-0400: 229.641: [GC (GCLocker Initiated GC) [PSYoungGen: 177018K->43148K(187392K)] 674629K->545524K(711680K), 0.0106643 secs] [Times: user=0.12 sys=0.00, real=0.01 secs] 
2016-09-13T20:15:30.689-0400: 229.831: [GC (Allocation Failure) [PSYoungGen: 155788K->47832K(184320K)] 658312K->550550K(708608K), 0.0527991 secs] [Times: user=0.54 sys=0.00, real=0.05 secs] 
2016-09-13T20:15:30.881-0400: 230.022: [GC (GCLocker Initiated GC) [PSYoungGen: 162520K->46250K(186880K)] 665241K->558349K(711168K), 0.0227674 secs] [Times: user=0.26 sys=0.00, real=0.02 secs] 
2016-09-13T20:15:31.046-0400: 230.188: [GC (GCLocker Initiated GC) [PSYoungGen: 160938K->46408K(185856K)] 673045K->558662K(710144K), 0.0110149 secs] [Times: user=0.15 sys=0.00, real=0.02 secs] 
2016-09-13T20:15:31.249-0400: 230.391: [Full GC (Ergonomics) [PSYoungGen: 165192K->0K(185856K)] [ParOldGen: 518552K->41594K(524288K)] 683745K->41594K(710144K), [Metaspace: 44678K->44678K(1087488K)], 0.0795618 secs] [Times: user=0.60 sys=0.01, real=0.08 secs] 
2016-09-13T20:15:31.482-0400: 230.624: [GC (Allocation Failure) [PSYoungGen: 118784K->67895K(186880K)] 161997K->123258K(711168K), 0.0103884 secs] [Times: user=0.16 sys=0.00, real=0.01 secs] 
2016-09-13T20:15:31.647-0400: 230.789: [GC (GCLocker Initiated GC) [PSYoungGen: 186679K->44815K(188416K)] 242048K->124951K(712704K), 0.0305939 secs] [Times: user=0.26 sys=0.02, real=0.04 secs] 
2016-09-13T20:15:31.840-0400: 230.982: [GC (GCLocker Initiated GC) [PSYoungGen: 157967K->27966K(186880K)] 239663K->109871K(711168K), 0.0242411 secs] [Times: user=0.18 sys=0.00, real=0.02 secs] 
2016-09-13T20:15:32.032-0400: 231.174: [GC (GCLocker Initiated GC) [PSYoungGen: 141118K->35523K(185856K)] 223155K->117699K(710144K), 0.0220128 secs] [Times: user=0.21 sys=0.00, real=0.02 secs] 
2016-09-13T20:15:32.226-0400: 231.368: [GC (GCLocker Initiated GC) [PSYoungGen: 150211K->47832K(186368K)] 232406K->134879K(710656K), 0.0230203 secs] [Times: user=0.26 sys=0.00, real=0.03 secs] 
2016-09-13T20:15:32.421-0400: 231.563: [GC (GCLocker Initiated GC) [PSYoungGen: 162520K->49260K(189440K)] 258839K->153464K(713728K), 0.0100632 secs] [Times: user=0.10 sys=0.00, real=0.01 secs] 
2016-09-13T20:15:32.644-0400: 231.786: [GC (GCLocker Initiated GC) [PSYoungGen: 168556K->40142K(189952K)] 272925K->144649K(714240K), 0.0211924 secs] [Times: user=0.20 sys=0.00, real=0.02 secs] 
2016-09-13T20:15:32.813-0400: 231.954: [GC (GCLocker Initiated GC) [PSYoungGen: 159438K->46159K(189952K)] 265704K->152661K(714240K), 0.0082265 secs] [Times: user=0.05 sys=0.01, real=0.01 secs] 
2016-09-13T20:15:32.976-0400: 232.118: [GC (Allocation Failure) [PSYoungGen: 169039K->26501K(189952K)] 275817K->133446K(714240K), 0.0049824 secs] [Times: user=0.04 sys=0.00, real=0.00 secs] 
2016-09-13T20:15:33.160-0400: 232.302: [GC (GCLocker Initiated GC) [PSYoungGen: 149381K->29384K(194560K)] 256329K->136463K(718848K), 0.0177051 secs] [Times: user=0.18 sys=0.00, real=0.02 secs] 
2016-09-13T20:15:33.402-0400: 232.544: [GC (GCLocker Initiated GC) [PSYoungGen: 156872K->23649K(194560K)] 267190K->134121K(718848K), 0.0114418 secs] [Times: user=0.10 sys=0.00, real=0.01 secs] 
2016-09-13T20:15:33.607-0400: 232.749: [GC (GCLocker Initiated GC) [PSYoungGen: 151137K->62929K(183296K)] 267710K->179805K(707584K), 0.0254346 secs] [Times: user=0.26 sys=0.00, real=0.03 secs] 
2016-09-13T20:15:33.812-0400: 232.954: [GC (GCLocker Initiated GC) [PSYoungGen: 178641K->28020K(188928K)] 303138K->207374K(713216K), 0.0143972 secs] [Times: user=0.14 sys=0.00, real=0.01 secs] 
2016-09-13T20:15:34.007-0400: 233.149: [GC (GCLocker Initiated GC) [PSYoungGen: 143732K->26352K(186368K)] 330706K->218013K(710656K), 0.0188315 secs] [Times: user=0.20 sys=0.00, real=0.02 secs] 
2016-09-13T20:15:34.209-0400: 233.351: [GC (GCLocker Initiated GC) [PSYoungGen: 142576K->59859K(176128K)] 336011K->254968K(700416K), 0.0166286 secs] [Times: user=0.17 sys=0.00, real=0.01 secs] 
2016-09-13T20:15:34.421-0400: 233.563: [GC (GCLocker Initiated GC) [PSYoungGen: 176083K->27806K(187392K)] 372769K->224661K(711680K), 0.0137308 secs] [Times: user=0.07 sys=0.00, real=0.01 secs] 
2016-09-13T20:15:34.569-0400: 233.710: [GC (GCLocker Initiated GC) [PSYoungGen: 138910K->27870K(139264K)] 335787K->226436K(663552K), 0.0124955 secs] [Times: user=0.12 sys=0.00, real=0.01 secs] 
2016-09-13T20:15:34.743-0400: 233.885: [GC (Allocation Failure) [PSYoungGen: 138974K->32741K(186880K)] 337598K->234594K(711168K), 0.0185421 secs] [Times: user=0.21 sys=0.00, real=0.02 secs] 
2016-09-13T20:15:34.927-0400: 234.069: [GC (GCLocker Initiated GC) [PSYoungGen: 146370K->52457K(184320K)] 348287K->263763K(708608K), 0.0215495 secs] [Times: user=0.24 sys=0.00, real=0.03 secs] 
2016-09-13T20:15:35.126-0400: 234.268: [GC (Allocation Failure) [PSYoungGen: 166121K->41725K(189440K)] 383851K->259689K(713728K), 0.0137330 secs] [Times: user=0.13 sys=0.00, real=0.02 secs] 
2016-09-13T20:15:35.309-0400: 234.450: [GC (GCLocker Initiated GC) [PSYoungGen: 160470K->61632K(180736K)] 379953K->281450K(705024K), 0.0098103 secs] [Times: user=0.10 sys=0.00, real=0.01 secs] 
2016-09-13T20:15:35.500-0400: 234.642: [GC (GCLocker Initiated GC) [PSYoungGen: 180416K->46256K(188416K)] 407989K->274065K(712704K), 0.0061181 secs] [Times: user=0.05 sys=0.00, real=0.00 secs] 
2016-09-13T20:15:35.685-0400: 234.827: [GC (GCLocker Initiated GC) [PSYoungGen: 158896K->43090K(156160K)] 386791K->271116K(680448K), 0.0189052 secs] [Times: user=0.17 sys=0.01, real=0.02 secs] 
2016-09-13T20:15:35.885-0400: 235.027: [GC (GCLocker Initiated GC) [PSYoungGen: 155730K->49287K(183808K)] 383818K->277521K(708096K), 0.0143087 secs] [Times: user=0.15 sys=0.00, real=0.02 secs] 
2016-09-13T20:15:36.047-0400: 235.189: [GC (GCLocker Initiated GC) [PSYoungGen: 161927K->47800K(183808K)] 390197K->283815K(708096K), 0.0195579 secs] [Times: user=0.19 sys=0.00, real=0.02 secs] 
2016-09-13T20:15:36.262-0400: 235.404: [GC (Allocation Failure) [PSYoungGen: 160440K->9916K(185856K)] 408862K->266166K(710144K), 0.0226932 secs] [Times: user=0.26 sys=0.00, real=0.02 secs] 
2016-09-13T20:15:36.446-0400: 235.588: [GC (GCLocker Initiated GC) [PSYoungGen: 120849K->34130K(188928K)] 383174K->296707K(713216K), 0.0062861 secs] [Times: user=0.04 sys=0.00, real=0.01 secs] 
2016-09-13T20:15:36.634-0400: 235.776: [GC (Allocation Failure) [PSYoungGen: 149842K->27928K(186368K)] 412597K->290877K(710656K), 0.0239758 secs] [Times: user=0.25 sys=0.00, real=0.03 secs] 
2016-09-13T20:15:36.829-0400: 235.971: [GC (GCLocker Initiated GC) [PSYoungGen: 146200K->32517K(187904K)] 409152K->295661K(712192K), 0.0206304 secs] [Times: user=0.24 sys=0.00, real=0.02 secs] 
2016-09-13T20:15:37.057-0400: 236.199: [GC (GCLocker Initiated GC) [PSYoungGen: 150789K->27870K(189952K)] 427629K->305053K(714240K), 0.0114954 secs] [Times: user=0.12 sys=0.00, real=0.01 secs] 
2016-09-13T20:15:37.255-0400: 236.396: [GC (GCLocker Initiated GC) [PSYoungGen: 152798K->52260K(190976K)] 430079K->331182K(715264K), 0.0274045 secs] [Times: user=0.29 sys=0.00, real=0.03 secs] 
2016-09-13T20:15:37.476-0400: 236.618: [GC (GCLocker Initiated GC) [PSYoungGen: 177188K->23404K(193536K)] 465289K->311698K(717824K), 0.0093429 secs] [Times: user=0.12 sys=0.00, real=0.00 secs] 
2016-09-13T20:15:37.660-0400: 236.802: [GC (GCLocker Initiated GC) [PSYoungGen: 147820K->35810K(160256K)] 443762K->331915K(684544K), 0.0067636 secs] [Times: user=0.09 sys=0.01, real=0.00 secs] 
2016-09-13T20:15:37.850-0400: 236.991: [GC (GCLocker Initiated GC) [PSYoungGen: 160226K->44896K(189952K)] 456548K->353527K(714240K), 0.0077318 secs] [Times: user=0.09 sys=0.00, real=0.01 secs] 
2016-09-13T20:15:38.080-0400: 237.222: [GC (Allocation Failure) [PSYoungGen: 169312K->34170K(189952K)] 484040K->349010K(714240K), 0.0102625 secs] [Times: user=0.11 sys=0.00, real=0.01 secs] 
2016-09-13T20:15:38.277-0400: 237.418: [GC (GCLocker Initiated GC) [PSYoungGen: 158586K->46153K(194048K)] 474945K->365673K(718336K), 0.0067048 secs] [Times: user=0.05 sys=0.01, real=0.00 secs] 
2016-09-13T20:15:38.486-0400: 237.628: [GC (Allocation Failure) [PSYoungGen: 176713K->27870K(194560K)] 502505K->353719K(718848K), 0.0301661 secs] [Times: user=0.34 sys=0.00, real=0.04 secs] 
2016-09-13T20:15:38.702-0400: 237.844: [GC (GCLocker Initiated GC) [PSYoungGen: 157887K->62919K(185344K)] 485254K->390334K(709632K), 0.0151200 secs] [Times: user=0.13 sys=0.01, real=0.02 secs] 
2016-09-13T20:15:38.898-0400: 238.040: [GC (GCLocker Initiated GC) [PSYoungGen: 184775K->50838K(173056K)] 519817K->386108K(697344K), 0.0094435 secs] [Times: user=0.08 sys=0.00, real=0.01 secs] 
2016-09-13T20:15:39.103-0400: 238.245: [GC (GCLocker Initiated GC) [PSYoungGen: 172694K->63057K(179712K)] 509806K->403424K(704000K), 0.0095745 secs] [Times: user=0.09 sys=0.01, real=0.01 secs] 
2016-09-13T20:15:39.307-0400: 238.449: [GC (GCLocker Initiated GC) [PSYoungGen: 171601K->50874K(185344K)] 512055K->393080K(709632K), 0.0150098 secs] [Times: user=0.16 sys=0.00, real=0.02 secs] 
2016-09-13T20:15:39.494-0400: 238.636: [GC (GCLocker Initiated GC) [PSYoungGen: 159418K->66089K(175616K)] 501767K->416249K(699904K), 0.0147965 secs] [Times: user=0.20 sys=0.00, real=0.02 secs] 
2016-09-13T20:15:39.663-0400: 238.805: [GC (GCLocker Initiated GC) [PSYoungGen: 165417K->32453K(180736K)] 515672K->382843K(705024K), 0.0104409 secs] [Times: user=0.09 sys=0.01, real=0.01 secs] 
2016-09-13T20:15:39.840-0400: 238.982: [GC (GCLocker Initiated GC) [PSYoungGen: 131781K->28029K(178176K)] 482174K->386229K(702464K), 0.0134170 secs] [Times: user=0.13 sys=0.00, real=0.01 secs] 
2016-09-13T20:15:39.987-0400: 239.129: [GC (GCLocker Initiated GC) [PSYoungGen: 128893K->47678K(180224K)] 490330K->409432K(704512K), 0.0102685 secs] [Times: user=0.09 sys=0.00, real=0.02 secs] 
2016-09-13T20:15:40.137-0400: 239.279: [GC (GCLocker Initiated GC) [PSYoungGen: 148542K->46281K(178688K)] 510354K->412738K(702976K), 0.0100506 secs] [Times: user=0.10 sys=0.00, real=0.00 secs] 
2016-09-13T20:15:40.299-0400: 239.441: [GC (GCLocker Initiated GC) [PSYoungGen: 151753K->26543K(180736K)] 532178K->416422K(705024K), 0.0215850 secs] [Times: user=0.25 sys=0.01, real=0.02 secs] 
2016-09-13T20:15:40.488-0400: 239.630: [GC (Allocation Failure) [PSYoungGen: 132015K->46377K(183296K)] 522022K->436544K(707584K), 0.0247145 secs] [Times: user=0.28 sys=0.01, real=0.02 secs] 
2016-09-13T20:15:40.665-0400: 239.806: [GC (GCLocker Initiated GC) [PSYoungGen: 158505K->44667K(185344K)] 548677K->435092K(709632K), 0.0299805 secs] [Times: user=0.33 sys=0.00, real=0.03 secs] 
2016-09-13T20:15:40.850-0400: 239.992: [GC (GCLocker Initiated GC) [PSYoungGen: 156795K->61474K(182784K)] 547305K->452155K(707072K), 0.0100950 secs] [Times: user=0.09 sys=0.00, real=0.01 secs] 
2016-09-13T20:15:41.034-0400: 240.176: [GC (Allocation Failure) [PSYoungGen: 173090K->23341K(135168K)] 565336K->415772K(659456K), 0.0137836 secs] [Times: user=0.15 sys=0.00, real=0.02 secs] 
2016-09-13T20:15:41.207-0400: 240.349: [GC (GCLocker Initiated GC) [PSYoungGen: 134425K->43120K(189440K)] 528375K->437209K(713728K), 0.0149702 secs] [Times: user=0.15 sys=0.00, real=0.02 secs] 
2016-09-13T20:15:41.407-0400: 240.548: [GC (GCLocker Initiated GC) [PSYoungGen: 156784K->31089K(144896K)] 557051K->431507K(669184K), 0.0073355 secs] [Times: user=0.06 sys=0.00, real=0.01 secs] 
2016-09-13T20:15:41.590-0400: 240.731: [GC (GCLocker Initiated GC) [PSYoungGen: 144753K->23532K(185344K)] 548393K->433443K(709632K), 0.0053459 secs] [Times: user=0.05 sys=0.00, real=0.00 secs] 
2016-09-13T20:15:41.752-0400: 240.894: [GC (GCLocker Initiated GC) [PSYoungGen: 137196K->27838K(185344K)] 548849K->439611K(709632K), 0.0091734 secs] [Times: user=0.07 sys=0.00, real=0.01 secs] 
2016-09-13T20:15:41.952-0400: 241.094: [GC (GCLocker Initiated GC) [PSYoungGen: 141502K->5270K(187392K)] 562521K->426434K(711680K), 0.0232973 secs] [Times: user=0.18 sys=0.00, real=0.03 secs] 
2016-09-13T20:15:42.180-0400: 241.322: [GC (GCLocker Initiated GC) [PSYoungGen: 122006K->29575K(146432K)] 543300K->451079K(670720K), 0.0264676 secs] [Times: user=0.27 sys=0.00, real=0.02 secs] 
2016-09-13T20:15:42.379-0400: 241.521: [GC (Allocation Failure) [PSYoungGen: 146311K->42961K(189440K)] 568039K->466385K(713728K), 0.0158016 secs] [Times: user=0.15 sys=0.00, real=0.01 secs] 
2016-09-13T20:15:42.574-0400: 241.716: [GC (GCLocker Initiated GC) [PSYoungGen: 162257K->29543K(188928K)] 585684K->453092K(713216K), 0.0240623 secs] [Times: user=0.24 sys=0.00, real=0.03 secs] 
2016-09-13T20:15:42.757-0400: 241.898: [GC (Allocation Failure) [PSYoungGen: 148839K->23560K(190464K)] 574037K->448983K(714752K), 0.0060139 secs] [Times: user=0.06 sys=0.00, real=0.00 secs] 
2016-09-13T20:15:42.921-0400: 242.063: [GC (GCLocker Initiated GC) [PSYoungGen: 145602K->41715K(189440K)] 572544K->468738K(713728K), 0.0175321 secs] [Times: user=0.19 sys=0.00, real=0.02 secs] 
2016-09-13T20:15:43.133-0400: 242.275: [GC (GCLocker Initiated GC) [PSYoungGen: 165107K->30939K(193536K)] 592262K->458248K(717824K), 0.0056465 secs] [Times: user=0.04 sys=0.00, real=0.01 secs] 
2016-09-13T20:15:43.327-0400: 242.469: [GC (GCLocker Initiated GC) [PSYoungGen: 161499K->26447K(194048K)] 588844K->458565K(718336K), 0.0056116 secs] [Times: user=0.05 sys=0.00, real=0.01 secs] 
2016-09-13T20:15:43.548-0400: 242.689: [GC (GCLocker Initiated GC) [PSYoungGen: 157007K->38591K(197632K)] 592465K->474172K(721920K), 0.0139148 secs] [Times: user=0.11 sys=0.00, real=0.01 secs] 
2016-09-13T20:15:43.759-0400: 242.901: [GC (GCLocker Initiated GC) [PSYoungGen: 174783K->23404K(197120K)] 610373K->459116K(721408K), 0.0077503 secs] [Times: user=0.04 sys=0.01, real=0.00 secs] 
2016-09-13T20:15:43.995-0400: 243.137: [GC (GCLocker Initiated GC) [PSYoungGen: 159596K->14519K(199168K)] 598446K->453794K(723456K), 0.0051210 secs] [Times: user=0.03 sys=0.00, real=0.01 secs] 
2016-09-13T20:15:44.219-0400: 243.361: [GC (Allocation Failure) [PSYoungGen: 153783K->27929K(199680K)] 593299K->470755K(723968K), 0.0146953 secs] [Times: user=0.15 sys=0.00, real=0.01 secs] 
2016-09-13T20:15:44.447-0400: 243.589: [GC (GCLocker Initiated GC) [PSYoungGen: 161575K->27992K(199680K)] 610476K->477016K(723968K), 0.0060053 secs] [Times: user=0.06 sys=0.00, real=0.01 secs] 
2016-09-13T20:15:44.681-0400: 243.823: [GC (GCLocker Initiated GC) [PSYoungGen: 171864K->44577K(199680K)] 620985K->493883K(723968K), 0.0139044 secs] [Times: user=0.12 sys=0.00, real=0.01 secs] 
2016-09-13T20:15:44.913-0400: 244.055: [GC (GCLocker Initiated GC) [PSYoungGen: 188449K->56913K(190464K)] 637786K->518496K(714752K), 0.0207651 secs] [Times: user=0.22 sys=0.00, real=0.02 secs] 
2016-09-13T20:15:45.154-0400: 244.296: [GC (GCLocker Initiated GC) [PSYoungGen: 189009K->23495K(197120K)] 655245K->498958K(721408K), 0.0165884 secs] [Times: user=0.16 sys=0.00, real=0.02 secs] 
2016-09-13T20:15:45.363-0400: 244.505: [GC (GCLocker Initiated GC) [PSYoungGen: 155591K->50842K(190976K)] 631229K->526815K(715264K), 0.0122152 secs] [Times: user=0.14 sys=0.00, real=0.01 secs] 
2016-09-13T20:15:45.586-0400: 244.728: [GC (Allocation Failure) [PSYoungGen: 177818K->27961K(194560K)] 654043K->504486K(718848K), 0.0141163 secs] [Times: user=0.14 sys=0.00, real=0.02 secs] 
2016-09-13T20:15:45.765-0400: 244.906: [GC (GCLocker Initiated GC) [PSYoungGen: 148889K->9922K(194560K)] 631489K->492652K(718848K), 0.0110143 secs] [Times: user=0.10 sys=0.00, real=0.02 secs] 
2016-09-13T20:15:45.985-0400: 245.127: [GC (GCLocker Initiated GC) [PSYoungGen: 138946K->16002K(195584K)] 621695K->499111K(719872K), 0.0187526 secs] [Times: user=0.20 sys=0.00, real=0.02 secs] 
2016-09-13T20:15:46.190-0400: 245.332: [GC (GCLocker Initiated GC) [PSYoungGen: 145026K->46377K(191488K)] 634398K->551167K(715776K), 0.0199012 secs] [Times: user=0.25 sys=0.00, real=0.02 secs] 
2016-09-13T20:15:46.399-0400: 245.541: [GC (GCLocker Initiated GC) [PSYoungGen: 172329K->29671K(155648K)] 678660K->536191K(679936K), 0.0142228 secs] [Times: user=0.14 sys=0.00, real=0.01 secs] 
2016-09-13T20:15:46.608-0400: 245.750: [Full GC (Ergonomics) [PSYoungGen: 155623K->0K(155648K)] [ParOldGen: 512620K->42258K(524288K)] 668244K->42258K(679936K), [Metaspace: 44689K->44689K(1087488K)], 0.0736286 secs] [Times: user=0.46 sys=0.01, real=0.07 secs] 
2016-09-13T20:15:46.877-0400: 246.019: [GC (GCLocker Initiated GC) [PSYoungGen: 125952K->61687K(181760K)] 177606K->119416K(706048K), 0.0140699 secs] [Times: user=0.14 sys=0.00, real=0.01 secs] 
2016-09-13T20:15:47.047-0400: 246.189: [GC (GCLocker Initiated GC) [PSYoungGen: 178423K->32554K(189440K)] 249885K->151532K(713728K), 0.0164150 secs] [Times: user=0.16 sys=0.00, real=0.02 secs] 
2016-09-13T20:15:47.229-0400: 246.371: [GC (GCLocker Initiated GC) [PSYoungGen: 149290K->35806K(180736K)] 268296K->162706K(705024K), 0.0223086 secs] [Times: user=0.25 sys=0.01, real=0.02 secs] 
2016-09-13T20:15:47.437-0400: 246.579: [GC (GCLocker Initiated GC) [PSYoungGen: 156126K->27993K(186880K)] 284567K->158190K(711168K), 0.0191294 secs] [Times: user=0.25 sys=0.00, real=0.02 secs] 
2016-09-13T20:15:47.628-0400: 246.770: [GC (GCLocker Initiated GC) [PSYoungGen: 148313K->40239K(191488K)] 280054K->172092K(715776K), 0.0059133 secs] [Times: user=0.06 sys=0.00, real=0.00 secs] 
2016-09-13T20:15:47.811-0400: 246.953: [GC (GCLocker Initiated GC) [PSYoungGen: 171311K->34259K(194560K)] 303345K->180124K(718848K), 0.0076626 secs] [Times: user=0.10 sys=0.00, real=0.01 secs] 
2016-09-13T20:15:48.047-0400: 247.189: [GC (GCLocker Initiated GC) [PSYoungGen: 165331K->9827K(197632K)] 323497K->168131K(721920K), 0.0076650 secs] [Times: user=0.07 sys=0.00, real=0.01 secs] 
2016-09-13T20:15:48.261-0400: 247.403: [GC (GCLocker Initiated GC) [PSYoungGen: 146531K->49483K(186368K)] 305016K->208189K(710656K), 0.0112875 secs] [Times: user=0.12 sys=0.01, real=0.01 secs] 
2016-09-13T20:15:48.499-0400: 247.641: [GC (GCLocker Initiated GC) [PSYoungGen: 186187K->51002K(189952K)] 351176K->216200K(714240K), 0.0064346 secs] [Times: user=0.08 sys=0.00, real=0.00 secs] 
2016-09-13T20:15:48.699-0400: 247.841: [GC (GCLocker Initiated GC) [PSYoungGen: 174906K->47736K(172032K)] 340307K->213338K(696320K), 0.0120049 secs] [Times: user=0.12 sys=0.01, real=0.01 secs] 
2016-09-13T20:15:48.903-0400: 248.045: [GC (GCLocker Initiated GC) [PSYoungGen: 171640K->44831K(192512K)] 337273K->210724K(716800K), 0.0072513 secs] [Times: user=0.07 sys=0.00, real=0.01 secs] 
2016-09-13T20:15:49.098-0400: 248.240: [GC (GCLocker Initiated GC) [PSYoungGen: 167199K->43340K(165888K)] 340872K->230939K(690176K), 0.0240169 secs] [Times: user=0.30 sys=0.00, real=0.02 secs] 
2016-09-13T20:15:49.300-0400: 248.441: [GC (GCLocker Initiated GC) [PSYoungGen: 165708K->34414K(193024K)] 361013K->229972K(717312K), 0.0054655 secs] [Times: user=0.07 sys=0.01, real=0.00 secs] 
2016-09-13T20:15:49.521-0400: 248.663: [GC (GCLocker Initiated GC) [PSYoungGen: 158830K->28243K(190976K)] 360636K->242464K(715264K), 0.0114029 secs] [Times: user=0.16 sys=0.00, real=0.01 secs] 
2016-09-13T20:15:49.741-0400: 248.883: [GC (GCLocker Initiated GC) [PSYoungGen: 152659K->23341K(192512K)] 374530K->245401K(716800K), 0.0116719 secs] [Times: user=0.12 sys=0.00, real=0.01 secs] 
2016-09-13T20:15:49.953-0400: 249.095: [GC (GCLocker Initiated GC) [PSYoungGen: 150829K->34382K(192000K)] 374485K->258275K(716288K), 0.0083243 secs] [Times: user=0.12 sys=0.00, real=0.01 secs] 
2016-09-13T20:15:50.165-0400: 249.306: [GC (GCLocker Initiated GC) [PSYoungGen: 161870K->11410K(193024K)] 387307K->243269K(717312K), 0.0104915 secs] [Times: user=0.11 sys=0.00, real=0.01 secs] 
2016-09-13T20:15:50.394-0400: 249.536: [GC (Allocation Failure) [PSYoungGen: 142482K->20393K(194560K)] 376049K->257113K(718848K), 0.0182896 secs] [Times: user=0.16 sys=0.01, real=0.02 secs] 
2016-09-13T20:15:50.616-0400: 249.758: [GC (GCLocker Initiated GC) [PSYoungGen: 151465K->50876K(191488K)] 388188K->287914K(715776K), 0.0068572 secs] [Times: user=0.09 sys=0.00, real=0.00 secs] 
2016-09-13T20:15:50.814-0400: 249.956: [GC (GCLocker Initiated GC) [PSYoungGen: 179900K->43142K(195584K)] 418541K->281906K(719872K), 0.0373654 secs] [Times: user=0.37 sys=0.00, real=0.04 secs] 
2016-09-13T20:15:51.035-0400: 250.176: [GC (GCLocker Initiated GC) [PSYoungGen: 172166K->58470K(183296K)] 410953K->297564K(707584K), 0.0096626 secs] [Times: user=0.11 sys=0.00, real=0.01 secs] 
2016-09-13T20:15:51.236-0400: 250.378: [GC (Allocation Failure) [PSYoungGen: 175206K->43053K(189440K)] 414350K->286817K(713728K), 0.0137893 secs] [Times: user=0.13 sys=0.00, real=0.01 secs] 
2016-09-13T20:15:51.401-0400: 250.543: [GC (GCLocker Initiated GC) [PSYoungGen: 154728K->28183K(184832K)] 404568K->279779K(709120K), 0.0063704 secs] [Times: user=0.07 sys=0.00, real=0.01 secs] 
2016-09-13T20:15:51.578-0400: 250.720: [GC (GCLocker Initiated GC) [PSYoungGen: 146455K->28120K(187904K)] 398255K->280235K(712192K), 0.0070046 secs] [Times: user=0.09 sys=0.00, real=0.00 secs] 
2016-09-13T20:15:51.787-0400: 250.929: [GC (Allocation Failure) [PSYoungGen: 146392K->9858K(191488K)] 404693K->268345K(715776K), 0.0102675 secs] [Times: user=0.11 sys=0.00, real=0.02 secs] 
2016-09-13T20:15:51.958-0400: 251.100: [GC (GCLocker Initiated GC) [PSYoungGen: 133762K->31061K(155136K)] 392252K->289819K(679424K), 0.0168087 secs] [Times: user=0.16 sys=0.00, real=0.01 secs] 
2016-09-13T20:15:52.159-0400: 251.301: [GC (GCLocker Initiated GC) [PSYoungGen: 154965K->34132K(193536K)] 413742K->293151K(717824K), 0.0087823 secs] [Times: user=0.10 sys=0.00, real=0.01 secs] 
2016-09-13T20:15:52.360-0400: 251.502: [GC (GCLocker Initiated GC) [PSYoungGen: 162132K->27896K(190976K)] 422755K->290153K(715264K), 0.0177110 secs] [Times: user=0.19 sys=0.00, real=0.02 secs] 
2016-09-13T20:15:52.620-0400: 251.762: [GC (GCLocker Initiated GC) [PSYoungGen: 155896K->26323K(196608K)] 418334K->289005K(720896K), 0.0121584 secs] [Times: user=0.13 sys=0.00, real=0.01 secs] 
2016-09-13T20:15:52.808-0400: 251.950: [GC (Allocation Failure) [PSYoungGen: 162003K->32517K(194560K)] 424707K->295446K(718848K), 0.0188944 secs] [Times: user=0.19 sys=0.00, real=0.01 secs] 
2016-09-13T20:15:53.043-0400: 252.185: [GC (GCLocker Initiated GC) [PSYoungGen: 162948K->27934K(201216K)] 431952K->300071K(725504K), 0.0161980 secs] [Times: user=0.18 sys=0.00, real=0.02 secs] 
2016-09-13T20:15:53.257-0400: 252.398: [GC (GCLocker Initiated GC) [PSYoungGen: 172318K->43148K(199168K)] 444676K->315734K(723456K), 0.0142066 secs] [Times: user=0.16 sys=0.01, real=0.01 secs] 
2016-09-13T20:15:53.496-0400: 252.638: [GC (GCLocker Initiated GC) [PSYoungGen: 187532K->23656K(206336K)] 475347K->311712K(730624K), 0.0061524 secs] [Times: user=0.06 sys=0.00, real=0.00 secs] 
2016-09-13T20:15:53.753-0400: 252.895: [GC (GCLocker Initiated GC) [PSYoungGen: 173160K->9863K(159744K)] 462824K->299666K(684032K), 0.0109994 secs] [Times: user=0.13 sys=0.00, real=0.01 secs] 
2016-09-13T20:15:54.008-0400: 253.150: [GC (Allocation Failure) [PSYoungGen: 159367K->41746K(201728K)] 449329K->332034K(726016K), 0.0248382 secs] [Times: user=0.34 sys=0.00, real=0.02 secs] 
2016-09-13T20:15:54.259-0400: 253.401: [GC (GCLocker Initiated GC) [PSYoungGen: 186130K->41726K(186368K)] 476419K->332232K(710656K), 0.0091895 secs] [Times: user=0.10 sys=0.01, real=0.01 secs] 
2016-09-13T20:15:54.473-0400: 253.615: [GC (GCLocker Initiated GC) [PSYoungGen: 186110K->44794K(197632K)] 476702K->335541K(721920K), 0.0187258 secs] [Times: user=0.14 sys=0.00, real=0.02 secs] 
2016-09-13T20:15:54.682-0400: 253.824: [GC (GCLocker Initiated GC) [PSYoungGen: 182010K->46351K(183808K)] 472992K->337574K(708096K), 0.0098645 secs] [Times: user=0.12 sys=0.00, real=0.01 secs] 
2016-09-13T20:15:54.898-0400: 254.039: [GC (GCLocker Initiated GC) [PSYoungGen: 183567K->43217K(197120K)] 482455K->349850K(721408K), 0.0071831 secs] [Times: user=0.08 sys=0.00, real=0.00 secs] 
2016-09-13T20:15:55.119-0400: 254.261: [GC (GCLocker Initiated GC) [PSYoungGen: 176337K->43276K(197632K)] 483101K->350171K(721920K), 0.0116178 secs] [Times: user=0.12 sys=0.00, real=0.01 secs] 
2016-09-13T20:15:55.333-0400: 254.475: [GC (GCLocker Initiated GC) [PSYoungGen: 176396K->43276K(197632K)] 483536K->350716K(721920K), 0.0179076 secs] [Times: user=0.17 sys=0.00, real=0.02 secs] 
2016-09-13T20:15:55.564-0400: 254.706: [GC (GCLocker Initiated GC) [PSYoungGen: 176396K->42994K(176128K)] 483852K->350573K(700416K), 0.0331481 secs] [Times: user=0.36 sys=0.00, real=0.04 secs] 
2016-09-13T20:15:55.781-0400: 254.923: [GC (GCLocker Initiated GC) [PSYoungGen: 176114K->28243K(198144K)] 485477K->337745K(722432K), 0.0100915 secs] [Times: user=0.10 sys=0.01, real=0.01 secs] 
2016-09-13T20:15:56.021-0400: 255.163: [GC (GCLocker Initiated GC) [PSYoungGen: 162387K->44640K(197120K)] 473436K->355949K(721408K), 0.0072321 secs] [Times: user=0.04 sys=0.01, real=0.01 secs] 
2016-09-13T20:15:56.250-0400: 255.392: [GC (GCLocker Initiated GC) [PSYoungGen: 178784K->28153K(198656K)] 502463K->361160K(722944K), 0.0074704 secs] [Times: user=0.09 sys=0.00, real=0.01 secs] 
2016-09-13T20:15:56.451-0400: 255.592: [GC (Allocation Failure) [PSYoungGen: 163833K->41873K(198144K)] 498555K->376684K(722432K), 0.0175235 secs] [Times: user=0.18 sys=0.00, real=0.02 secs] 
2016-09-13T20:15:56.702-0400: 255.844: [GC (GCLocker Initiated GC) [PSYoungGen: 177553K->46281K(197120K)] 512364K->381376K(721408K), 0.0144311 secs] [Times: user=0.14 sys=0.00, real=0.02 secs] 
2016-09-13T20:15:56.908-0400: 256.050: [GC (GCLocker Initiated GC) [PSYoungGen: 181961K->59759K(195584K)] 518626K->402759K(719872K), 0.0179769 secs] [Times: user=0.17 sys=0.00, real=0.01 secs] 
2016-09-13T20:15:57.136-0400: 256.278: [GC (GCLocker Initiated GC) [PSYoungGen: 195439K->23313K(191488K)] 538562K->374152K(715776K), 0.0196784 secs] [Times: user=0.20 sys=0.00, real=0.02 secs] 
2016-09-13T20:15:57.329-0400: 256.471: [GC (GCLocker Initiated GC) [PSYoungGen: 148241K->28055K(193536K)] 499231K->383819K(717824K), 0.0058183 secs] [Times: user=0.05 sys=0.00, real=0.00 secs] 
2016-09-13T20:15:57.544-0400: 256.686: [GC (GCLocker Initiated GC) [PSYoungGen: 152983K->18980K(193536K)] 514852K->381102K(717824K), 0.0076293 secs] [Times: user=0.06 sys=0.00, real=0.01 secs] 
2016-09-13T20:15:57.720-0400: 256.862: [GC (GCLocker Initiated GC) [PSYoungGen: 145444K->44699K(194048K)] 507647K->417803K(718336K), 0.0265021 secs] [Times: user=0.28 sys=0.00, real=0.02 secs] 
2016-09-13T20:15:57.926-0400: 257.067: [GC (GCLocker Initiated GC) [PSYoungGen: 171163K->41730K(192512K)] 544269K->425689K(716800K), 0.0285871 secs] [Times: user=0.31 sys=0.00, real=0.03 secs] 
2016-09-13T20:15:58.139-0400: 257.281: [GC (Allocation Failure) [PSYoungGen: 168706K->46122K(193536K)] 552857K->430423K(717824K), 0.0193614 secs] [Times: user=0.22 sys=0.01, real=0.02 secs] 
2016-09-13T20:15:58.352-0400: 257.494: [GC (GCLocker Initiated GC) [PSYoungGen: 172081K->41757K(193024K)] 557901K->427716K(717312K), 0.0167377 secs] [Times: user=0.18 sys=0.00, real=0.02 secs] 
2016-09-13T20:15:58.588-0400: 257.729: [GC (GCLocker Initiated GC) [PSYoungGen: 170269K->23314K(194048K)] 565437K->418749K(718336K), 0.0132591 secs] [Times: user=0.11 sys=0.01, real=0.02 secs] 
2016-09-13T20:15:58.776-0400: 257.918: [GC (GCLocker Initiated GC) [PSYoungGen: 151826K->28046K(193536K)] 547284K->423559K(717824K), 0.0145455 secs] [Times: user=0.15 sys=0.01, real=0.01 secs] 
2016-09-13T20:15:59.010-0400: 258.152: [GC (GCLocker Initiated GC) [PSYoungGen: 159118K->23565K(195072K)] 560775K->436154K(719360K), 0.0227442 secs] [Times: user=0.33 sys=0.00, real=0.02 secs] 
2016-09-13T20:15:59.228-0400: 258.370: [GC (GCLocker Initiated GC) [PSYoungGen: 154637K->29479K(193536K)] 568929K->443827K(717824K), 0.0046670 secs] [Times: user=0.03 sys=0.00, real=0.00 secs] 
2016-09-13T20:15:59.456-0400: 258.598: [GC (GCLocker Initiated GC) [PSYoungGen: 164135K->19040K(196096K)] 584587K->439800K(720384K), 0.0109433 secs] [Times: user=0.12 sys=0.00, real=0.00 secs] 
2016-09-13T20:15:59.677-0400: 258.819: [GC (GCLocker Initiated GC) [PSYoungGen: 153696K->24864K(197632K)] 580569K->456503K(721920K), 0.0150951 secs] [Times: user=0.17 sys=0.01, real=0.01 secs] 
2016-09-13T20:15:59.898-0400: 259.040: [GC (GCLocker Initiated GC) [PSYoungGen: 164128K->49543K(188928K)] 601899K->487493K(713216K), 0.0249838 secs] [Times: user=0.35 sys=0.00, real=0.02 secs] 
2016-09-13T20:16:00.135-0400: 259.277: [GC (Allocation Failure) [PSYoungGen: 188807K->22066K(199680K)] 627091K->462086K(723968K), 0.0093395 secs] [Times: user=0.06 sys=0.00, real=0.01 secs] 
2016-09-13T20:16:00.341-0400: 259.483: [GC (Allocation Failure) [PSYoungGen: 158258K->44762K(181248K)] 598278K->485000K(705536K), 0.0092643 secs] [Times: user=0.09 sys=0.00, real=0.01 secs] 
2016-09-13T20:16:00.596-0400: 259.738: [GC (Allocation Failure) [PSYoungGen: 178597K->9608K(196096K)] 618834K->450106K(720384K), 0.0136472 secs] [Times: user=0.12 sys=0.00, real=0.01 secs] 
2016-09-13T20:16:00.780-0400: 259.922: [GC (GCLocker Initiated GC) [PSYoungGen: 141704K->23405K(155648K)] 582202K->464049K(679936K), 0.0103307 secs] [Times: user=0.09 sys=0.00, real=0.01 secs] 
2016-09-13T20:16:01.007-0400: 260.149: [GC (GCLocker Initiated GC) [PSYoungGen: 155501K->30972K(199168K)] 602248K->477806K(723456K), 0.0141784 secs] [Times: user=0.16 sys=0.00, real=0.02 secs] 
2016-09-13T20:16:01.224-0400: 260.366: [GC (GCLocker Initiated GC) [PSYoungGen: 167164K->23622K(196096K)] 614127K->485935K(720384K), 0.0075824 secs] [Times: user=0.11 sys=0.00, real=0.01 secs] 
2016-09-13T20:16:01.449-0400: 260.590: [GC (Allocation Failure) [PSYoungGen: 159814K->5211K(196096K)] 636128K->486402K(720384K), 0.0037009 secs] [Times: user=0.02 sys=0.00, real=0.00 secs] 
2016-09-13T20:16:01.670-0400: 260.812: [GC (GCLocker Initiated GC) [PSYoungGen: 142939K->46282K(197632K)] 624130K->527706K(721920K), 0.0203994 secs] [Times: user=0.26 sys=0.00, real=0.02 secs] 
2016-09-13T20:16:01.899-0400: 261.041: [GC (GCLocker Initiated GC) [PSYoungGen: 184010K->49446K(190464K)] 673120K->538703K(714752K), 0.0152461 secs] [Times: user=0.18 sys=0.00, real=0.01 secs] 
2016-09-13T20:16:02.142-0400: 261.284: [GC (GCLocker Initiated GC) [PSYoungGen: 176422K->46288K(173568K)] 673493K->557356K(697856K), 0.0092645 secs] [Times: user=0.11 sys=0.00, real=0.01 secs] 
2016-09-13T20:16:02.151-0400: 261.293: [Full GC (Ergonomics) [PSYoungGen: 46288K->0K(173568K)] [ParOldGen: 511068K->47092K(524288K)] 557356K->47092K(697856K), [Metaspace: 44708K->44708K(1087488K)], 0.0583246 secs] [Times: user=0.45 sys=0.01, real=0.06 secs] 
2016-09-13T20:16:02.351-0400: 261.493: [GC (GCLocker Initiated GC) [PSYoungGen: 126976K->69222K(173056K)] 174154K->116400K(697344K), 0.0118090 secs] [Times: user=0.14 sys=0.00, real=0.01 secs] 
2016-09-13T20:16:02.499-0400: 261.641: [GC (GCLocker Initiated GC) [PSYoungGen: 172646K->52615K(156160K)] 226126K->121704K(680448K), 0.0137938 secs] [Times: user=0.16 sys=0.01, real=0.01 secs] 
2016-09-13T20:16:02.673-0400: 261.815: [GC (GCLocker Initiated GC) [PSYoungGen: 156039K->44890K(182784K)] 225309K->114312K(707072K), 0.0078493 secs] [Times: user=0.10 sys=0.00, real=0.01 secs] 
2016-09-13T20:16:02.847-0400: 261.989: [GC (GCLocker Initiated GC) [PSYoungGen: 146778K->31249K(133632K)] 223989K->108540K(657920K), 0.0336681 secs] [Times: user=0.42 sys=0.00, real=0.04 secs] 
2016-09-13T20:16:03.050-0400: 262.192: [GC (GCLocker Initiated GC) [PSYoungGen: 133137K->37333K(181760K)] 216685K->128669K(706048K), 0.0072506 secs] [Times: user=0.10 sys=0.00, real=0.01 secs] 
2016-09-13T20:16:03.231-0400: 262.373: [GC (GCLocker Initiated GC) [PSYoungGen: 142805K->46186K(178176K)] 234326K->137834K(702464K), 0.0296206 secs] [Times: user=0.36 sys=0.00, real=0.03 secs] 
2016-09-13T20:16:03.402-0400: 262.544: [GC (GCLocker Initiated GC) [PSYoungGen: 151658K->63084K(178688K)] 243431K->165651K(702976K), 0.0099522 secs] [Times: user=0.13 sys=0.00, real=0.01 secs] 
2016-09-13T20:16:03.562-0400: 262.704: [GC (GCLocker Initiated GC) [PSYoungGen: 169580K->28365K(184320K)] 273841K->132796K(708608K), 0.0098693 secs] [Times: user=0.14 sys=0.00, real=0.01 secs] 
2016-09-13T20:16:03.737-0400: 262.879: [GC (Allocation Failure) [PSYoungGen: 134861K->46256K(180224K)] 239552K->151342K(704512K), 0.0090124 secs] [Times: user=0.11 sys=0.00, real=0.00 secs] 
2016-09-13T20:16:03.891-0400: 263.033: [GC (GCLocker Initiated GC) [PSYoungGen: 153776K->66185K(174080K)] 258864K->171381K(698368K), 0.0112784 secs] [Times: user=0.10 sys=0.00, real=0.01 secs] 
2016-09-13T20:16:04.067-0400: 263.209: [GC (GCLocker Initiated GC) [PSYoungGen: 173705K->50943K(181760K)] 278940K->156419K(706048K), 0.0069521 secs] [Times: user=0.09 sys=0.00, real=0.01 secs] 
2016-09-13T20:16:04.259-0400: 263.401: [GC (GCLocker Initiated GC) [PSYoungGen: 151295K->5084K(105472K)] 270646K->124621K(629760K), 0.0193390 secs] [Times: user=0.19 sys=0.00, real=0.02 secs] 
2016-09-13T20:16:04.425-0400: 263.567: [GC (GCLocker Initiated GC) [PSYoungGen: 105436K->35623K(182272K)] 224998K->155414K(706560K), 0.0076999 secs] [Times: user=0.07 sys=0.00, real=0.01 secs] 
2016-09-13T20:16:04.571-0400: 263.713: [GC (Allocation Failure) [PSYoungGen: 134439K->22044K(121344K)] 255964K->151388K(645632K), 0.0113061 secs] [Times: user=0.11 sys=0.01, real=0.01 secs] 
2016-09-13T20:16:04.743-0400: 263.885: [GC (GCLocker Initiated GC) [PSYoungGen: 115490K->23437K(179200K)] 250908K->159155K(703488K), 0.0103338 secs] [Times: user=0.10 sys=0.00, real=0.01 secs] 
2016-09-13T20:16:04.899-0400: 264.041: [GC (GCLocker Initiated GC) [PSYoungGen: 123789K->52363K(177664K)] 265689K->194476K(701952K), 0.0183391 secs] [Times: user=0.16 sys=0.01, real=0.02 secs] 
2016-09-13T20:16:05.058-0400: 264.200: [GC (Allocation Failure) [PSYoungGen: 152715K->48028K(183296K)] 294897K->201043K(707584K), 0.0081670 secs] [Times: user=0.09 sys=0.00, real=0.00 secs] 
2016-09-13T20:16:05.239-0400: 264.381: [GC (Allocation Failure) [PSYoungGen: 151489K->27897K(132608K)] 304505K->181178K(656896K), 0.0141061 secs] [Times: user=0.13 sys=0.00, real=0.01 secs] 
2016-09-13T20:16:05.401-0400: 264.543: [GC (GCLocker Initiated GC) [PSYoungGen: 126408K->18763K(182272K)] 285764K->178298K(706560K), 0.0039444 secs] [Times: user=0.04 sys=0.00, real=0.00 secs] 
2016-09-13T20:16:05.557-0400: 264.699: [GC (GCLocker Initiated GC) [PSYoungGen: 124235K->32586K(181248K)] 283951K->192421K(705536K), 0.0047752 secs] [Times: user=0.04 sys=0.00, real=0.00 secs] 
2016-09-13T20:16:05.720-0400: 264.862: [GC (GCLocker Initiated GC) [PSYoungGen: 138058K->41507K(183808K)] 298142K->201762K(708096K), 0.0071270 secs] [Times: user=0.05 sys=0.01, real=0.00 secs] 
2016-09-13T20:16:05.899-0400: 265.041: [GC (GCLocker Initiated GC) [PSYoungGen: 152611K->64516K(182272K)] 312982K->231167K(706560K), 0.0105978 secs] [Times: user=0.08 sys=0.01, real=0.01 secs] 
2016-09-13T20:16:06.099-0400: 265.241: [GC (GCLocker Initiated GC) [PSYoungGen: 175620K->43308K(186368K)] 343869K->211724K(710656K), 0.0065346 secs] [Times: user=0.06 sys=0.00, real=0.00 secs] 
2016-09-13T20:16:06.279-0400: 265.421: [GC (GCLocker Initiated GC) [PSYoungGen: 151340K->40270K(148480K)] 322938K->212070K(672768K), 0.0062293 secs] [Times: user=0.06 sys=0.00, real=0.00 secs] 
2016-09-13T20:16:06.466-0400: 265.608: [GC (GCLocker Initiated GC) [PSYoungGen: 148302K->52453K(179200K)] 320120K->224488K(703488K), 0.0097605 secs] [Times: user=0.10 sys=0.01, real=0.02 secs] 
2016-09-13T20:16:06.651-0400: 265.792: [GC (Allocation Failure) [PSYoungGen: 158949K->5462K(180736K)] 344870K->202161K(705024K), 0.0041049 secs] [Times: user=0.03 sys=0.01, real=0.00 secs] 
2016-09-13T20:16:06.828-0400: 265.969: [GC (GCLocker Initiated GC) [PSYoungGen: 111958K->32645K(184320K)] 308657K->229769K(708608K), 0.0070803 secs] [Times: user=0.07 sys=0.00, real=0.01 secs] 
2016-09-13T20:16:07.031-0400: 266.173: [GC (GCLocker Initiated GC) [PSYoungGen: 143749K->49255K(184832K)] 341005K->246689K(709120K), 0.0100195 secs] [Times: user=0.09 sys=0.00, real=0.01 secs] 
2016-09-13T20:16:07.214-0400: 266.356: [GC (GCLocker Initiated GC) [PSYoungGen: 160359K->47677K(187904K)] 367029K->254650K(712192K), 0.0094257 secs] [Times: user=0.09 sys=0.00, real=0.01 secs] 
2016-09-13T20:16:07.393-0400: 266.535: [GC (GCLocker Initiated GC) [PSYoungGen: 160829K->47774K(187392K)] 367976K->255162K(711680K), 0.0201421 secs] [Times: user=0.21 sys=0.00, real=0.02 secs] 
2016-09-13T20:16:07.565-0400: 266.706: [GC (GCLocker Initiated GC) [PSYoungGen: 160926K->47805K(187392K)] 368495K->255587K(711680K), 0.0062857 secs] [Times: user=0.05 sys=0.00, real=0.01 secs] 
2016-09-13T20:16:07.755-0400: 266.897: [GC (Allocation Failure) [PSYoungGen: 161469K->27934K(187392K)] 375532K->242103K(711680K), 0.0182229 secs] [Times: user=0.17 sys=0.01, real=0.02 secs] 
2016-09-13T20:16:07.937-0400: 267.079: [GC (GCLocker Initiated GC) [PSYoungGen: 140633K->29383K(186368K)] 360877K->249758K(710656K), 0.0234096 secs] [Times: user=0.22 sys=0.01, real=0.02 secs] 
2016-09-13T20:16:08.120-0400: 267.262: [GC (GCLocker Initiated GC) [PSYoungGen: 145095K->50938K(186880K)] 365498K->271570K(711168K), 0.0086971 secs] [Times: user=0.08 sys=0.00, real=0.01 secs] 
2016-09-13T20:16:08.318-0400: 267.460: [GC (Allocation Failure) [PSYoungGen: 166650K->41666K(187904K)] 388904K->271819K(712192K), 0.0066629 secs] [Times: user=0.07 sys=0.00, real=0.00 secs] 
2016-09-13T20:16:08.499-0400: 267.641: [GC (GCLocker Initiated GC) [PSYoungGen: 156880K->44762K(188928K)] 393107K->281179K(713216K), 0.0143600 secs] [Times: user=0.14 sys=0.00, real=0.01 secs] 
2016-09-13T20:16:08.704-0400: 267.846: [GC (GCLocker Initiated GC) [PSYoungGen: 163546K->49256K(190976K)] 406138K->292080K(715264K), 0.0104770 secs] [Times: user=0.08 sys=0.00, real=0.01 secs] 
2016-09-13T20:16:08.903-0400: 268.045: [GC (GCLocker Initiated GC) [PSYoungGen: 171624K->66061K(188928K)] 414641K->309259K(713216K), 0.0152499 secs] [Times: user=0.14 sys=0.00, real=0.02 secs] 
2016-09-13T20:16:09.100-0400: 268.242: [GC (Allocation Failure) [PSYoungGen: 188429K->50780K(184832K)] 439250K->301856K(709120K), 0.0059519 secs] [Times: user=0.05 sys=0.00, real=0.00 secs] 
2016-09-13T20:16:09.299-0400: 268.441: [GC (GCLocker Initiated GC) [PSYoungGen: 161294K->46064K(157696K)] 418445K->304797K(681984K), 0.0235709 secs] [Times: user=0.25 sys=0.00, real=0.02 secs] 
2016-09-13T20:16:09.508-0400: 268.650: [GC (GCLocker Initiated GC) [PSYoungGen: 157680K->28147K(186368K)] 428678K->299284K(710656K), 0.0239409 secs] [Times: user=0.24 sys=0.00, real=0.02 secs] 
2016-09-13T20:16:09.706-0400: 268.848: [GC (GCLocker Initiated GC) [PSYoungGen: 141811K->61346K(175104K)] 413087K->332882K(699392K), 0.0342201 secs] [Times: user=0.34 sys=0.00, real=0.04 secs] 
2016-09-13T20:16:09.900-0400: 269.042: [GC (GCLocker Initiated GC) [PSYoungGen: 175010K->44634K(188928K)] 452695K->328654K(713216K), 0.0058761 secs] [Times: user=0.04 sys=0.00, real=0.00 secs] 
2016-09-13T20:16:10.100-0400: 269.242: [GC (GCLocker Initiated GC) [PSYoungGen: 157274K->52261K(185856K)] 441322K->336572K(710144K), 0.0385274 secs] [Times: user=0.40 sys=0.00, real=0.04 secs] 
2016-09-13T20:16:10.271-0400: 269.412: [GC (GCLocker Initiated GC) [PSYoungGen: 164901K->46285K(186368K)] 449231K->338379K(710656K), 0.0072266 secs] [Times: user=0.07 sys=0.00, real=0.01 secs] 
2016-09-13T20:16:10.448-0400: 269.590: [GC (GCLocker Initiated GC) [PSYoungGen: 161485K->5398K(185856K)] 465732K->322142K(710144K), 0.0133647 secs] [Times: user=0.14 sys=0.00, real=0.01 secs] 
2016-09-13T20:16:10.662-0400: 269.804: [GC (GCLocker Initiated GC) [PSYoungGen: 120598K->18945K(185856K)] 449623K->348254K(710144K), 0.0104688 secs] [Times: user=0.11 sys=0.01, real=0.01 secs] 
2016-09-13T20:16:10.856-0400: 269.998: [GC (GCLocker Initiated GC) [PSYoungGen: 129537K->11318K(122368K)] 472531K->361978K(646656K), 0.0164137 secs] [Times: user=0.16 sys=0.00, real=0.01 secs] 
2016-09-13T20:16:11.052-0400: 270.194: [GC (Allocation Failure) [PSYoungGen: 121910K->9773K(184320K)] 484996K->383740K(708608K), 0.0090790 secs] [Times: user=0.09 sys=0.00, real=0.01 secs] 
2016-09-13T20:16:11.244-0400: 270.386: [GC (GCLocker Initiated GC) [PSYoungGen: 112623K->14387K(122368K)] 492665K->394713K(646656K), 0.0109561 secs] [Times: user=0.11 sys=0.00, real=0.01 secs] 
2016-09-13T20:16:11.424-0400: 270.566: [GC (GCLocker Initiated GC) [PSYoungGen: 121907K->27970K(187904K)] 503897K->413271K(712192K), 0.0103495 secs] [Times: user=0.08 sys=0.00, real=0.01 secs] 
2016-09-13T20:16:11.625-0400: 270.767: [GC (GCLocker Initiated GC) [PSYoungGen: 139582K->23372K(135168K)] 531296K->416716K(659456K), 0.0178955 secs] [Times: user=0.18 sys=0.00, real=0.02 secs] 
2016-09-13T20:16:11.802-0400: 270.944: [GC (GCLocker Initiated GC) [PSYoungGen: 134988K->26410K(186880K)] 534466K->426090K(711168K), 0.0245194 secs] [Times: user=0.25 sys=0.00, real=0.02 secs] 
2016-09-13T20:16:12.042-0400: 271.184: [GC (GCLocker Initiated GC) [PSYoungGen: 143146K->44545K(183296K)] 542847K->448916K(707584K), 0.0100693 secs] [Times: user=0.06 sys=0.01, real=0.01 secs] 
2016-09-13T20:16:12.204-0400: 271.346: [GC (GCLocker Initiated GC) [PSYoungGen: 161281K->26564K(191488K)] 571753K->443250K(715776K), 0.0125572 secs] [Times: user=0.10 sys=0.00, real=0.02 secs] 
2016-09-13T20:16:12.400-0400: 271.542: [GC (GCLocker Initiated GC) [PSYoungGen: 153540K->9703K(192512K)] 571753K->429867K(716800K), 0.0040808 secs] [Times: user=0.03 sys=0.00, real=0.00 secs] 
2016-09-13T20:16:12.610-0400: 271.751: [GC (GCLocker Initiated GC) [PSYoungGen: 136679K->32427K(192000K)] 564636K->460510K(716288K), 0.0257580 secs] [Times: user=0.26 sys=0.01, real=0.02 secs] 
2016-09-13T20:16:12.826-0400: 271.968: [GC (GCLocker Initiated GC) [PSYoungGen: 162987K->43339K(194048K)] 591103K->497445K(718336K), 0.0149751 secs] [Times: user=0.14 sys=0.00, real=0.02 secs] 
2016-09-13T20:16:13.044-0400: 272.186: [GC (Allocation Failure) [PSYoungGen: 173899K->27993K(195072K)] 628265K->482820K(719360K), 0.0094904 secs] [Times: user=0.10 sys=0.00, real=0.01 secs] 
2016-09-13T20:16:13.266-0400: 272.408: [GC (GCLocker Initiated GC) [PSYoungGen: 161625K->47678K(196096K)] 616456K->502606K(720384K), 0.0265804 secs] [Times: user=0.26 sys=0.01, real=0.03 secs] 
2016-09-13T20:16:13.468-0400: 272.610: [GC (GCLocker Initiated GC) [PSYoungGen: 181310K->46343K(192512K)] 636263K->501395K(716800K), 0.0061214 secs] [Times: user=0.05 sys=0.00, real=0.00 secs] 
2016-09-13T20:16:13.655-0400: 272.796: [GC (GCLocker Initiated GC) [PSYoungGen: 173319K->44735K(172032K)] 628378K->500215K(696320K), 0.0383493 secs] [Times: user=0.37 sys=0.00, real=0.04 secs] 
2016-09-13T20:16:13.866-0400: 273.008: [GC (Allocation Failure) [PSYoungGen: 171711K->46314K(192000K)] 627222K->503558K(716288K), 0.0218640 secs] [Times: user=0.27 sys=0.01, real=0.03 secs] 
2016-09-13T20:16:14.057-0400: 273.199: [GC (GCLocker Initiated GC) [PSYoungGen: 170218K->47991K(172032K)] 627590K->520803K(696320K), 0.0098421 secs] [Times: user=0.11 sys=0.00, real=0.00 secs] 
2016-09-13T20:16:14.254-0400: 273.396: [GC (GCLocker Initiated GC) [PSYoungGen: 171895K->52389K(186880K)] 644733K->525489K(711168K), 0.0134158 secs] [Times: user=0.13 sys=0.00, real=0.02 secs] 
2016-09-13T20:16:14.451-0400: 273.593: [GC (GCLocker Initiated GC) [PSYoungGen: 169125K->34108K(189440K)] 648325K->518026K(713728K), 0.0109945 secs] [Times: user=0.10 sys=0.01, real=0.01 secs] 
2016-09-13T20:16:14.648-0400: 273.790: [GC (GCLocker Initiated GC) [PSYoungGen: 150844K->31025K(185344K)] 640991K->525977K(709632K), 0.0165814 secs] [Times: user=0.20 sys=0.00, real=0.01 secs] 
2016-09-13T20:16:14.854-0400: 273.996: [GC (GCLocker Initiated GC) [PSYoungGen: 150321K->43457K(187392K)] 645525K->548010K(711680K), 0.0344721 secs] [Times: user=0.38 sys=0.00, real=0.04 secs] 
2016-09-13T20:16:15.052-0400: 274.194: [Full GC (Ergonomics) [PSYoungGen: 162753K->0K(187392K)] [ParOldGen: 510740K->40128K(524288K)] 673493K->40128K(711680K), [Metaspace: 44738K->44738K(1087488K)], 0.0632324 secs] [Times: user=0.33 sys=0.00, real=0.06 secs] 
2016-09-13T20:16:15.273-0400: 274.415: [GC (GCLocker Initiated GC) [PSYoungGen: 119296K->66247K(179712K)] 159532K->112559K(704000K), 0.0287271 secs] [Times: user=0.30 sys=0.01, real=0.03 secs] 
2016-09-13T20:16:15.452-0400: 274.594: [GC (GCLocker Initiated GC) [PSYoungGen: 178887K->24833K(187392K)] 231322K->106525K(711680K), 0.0205297 secs] [Times: user=0.19 sys=0.00, real=0.02 secs] 
2016-09-13T20:16:15.643-0400: 274.785: [GC (GCLocker Initiated GC) [PSYoungGen: 137473K->47932K(185856K)] 219262K->129957K(710144K), 0.0146910 secs] [Times: user=0.16 sys=0.00, real=0.02 secs] 
2016-09-13T20:16:15.814-0400: 274.956: [GC (GCLocker Initiated GC) [PSYoungGen: 161084K->46319K(186880K)] 244741K->130273K(711168K), 0.0141688 secs] [Times: user=0.16 sys=0.00, real=0.02 secs] 
2016-09-13T20:16:16.002-0400: 275.144: [GC (GCLocker Initiated GC) [PSYoungGen: 159471K->11447K(185344K)] 251044K->103159K(709632K), 0.0107786 secs] [Times: user=0.11 sys=0.00, real=0.01 secs] 
2016-09-13T20:16:16.207-0400: 275.349: [GC (Allocation Failure) [PSYoungGen: 124087K->26473K(187392K)] 222036K->126119K(711680K), 0.0215038 secs] [Times: user=0.23 sys=0.00, real=0.03 secs] 
2016-09-13T20:16:16.383-0400: 275.525: [GC (GCLocker Initiated GC) [PSYoungGen: 133186K->9672K(186368K)] 238907K->115621K(710656K), 0.0029472 secs] [Times: user=0.01 sys=0.00, real=0.00 secs] 
2016-09-13T20:16:16.564-0400: 275.706: [GC (GCLocker Initiated GC) [PSYoungGen: 123336K->14425K(187392K)] 229408K->120824K(711680K), 0.0103631 secs] [Times: user=0.13 sys=0.00, real=0.01 secs] 
2016-09-13T20:16:16.765-0400: 275.907: [GC (GCLocker Initiated GC) [PSYoungGen: 128089K->23372K(182784K)] 234625K->130101K(707072K), 0.0154463 secs] [Times: user=0.15 sys=0.01, real=0.02 secs] 
2016-09-13T20:16:16.974-0400: 276.116: [GC (GCLocker Initiated GC) [PSYoungGen: 138572K->23628K(185856K)] 252964K->138249K(710144K), 0.0065687 secs] [Times: user=0.07 sys=0.00, real=0.01 secs] 
2016-09-13T20:16:17.148-0400: 276.289: [GC (GCLocker Initiated GC) [PSYoungGen: 138828K->26654K(184832K)] 253594K->141695K(709120K), 0.0082346 secs] [Times: user=0.06 sys=0.00, real=0.02 secs] 
2016-09-13T20:16:17.337-0400: 276.479: [GC (Allocation Failure) [PSYoungGen: 150046K->23664K(188416K)] 272916K->146760K(712704K), 0.0081868 secs] [Times: user=0.09 sys=0.00, real=0.00 secs] 
2016-09-13T20:16:17.524-0400: 276.666: [GC (GCLocker Initiated GC) [PSYoungGen: 147056K->41725K(196608K)] 270153K->165047K(720896K), 0.0143357 secs] [Times: user=0.19 sys=0.00, real=0.02 secs] 
2016-09-13T20:16:17.741-0400: 276.883: [GC (GCLocker Initiated GC) [PSYoungGen: 175869K->46559K(180736K)] 300894K->171746K(705024K), 0.0083441 secs] [Times: user=0.11 sys=0.00, real=0.01 secs] 
2016-09-13T20:16:17.975-0400: 277.117: [GC (Allocation Failure) [PSYoungGen: 180703K->9890K(194560K)] 312211K->141666K(718848K), 0.0084041 secs] [Times: user=0.08 sys=0.00, real=0.01 secs] 
2016-09-13T20:16:18.188-0400: 277.330: [GC (GCLocker Initiated GC) [PSYoungGen: 137454K->47646K(176128K)] 270749K->181126K(700416K), 0.0151540 secs] [Times: user=0.14 sys=0.00, real=0.01 secs] 
2016-09-13T20:16:18.399-0400: 277.541: [GC (Allocation Failure) [PSYoungGen: 175646K->28178K(195584K)] 310928K->163531K(719872K), 0.0162186 secs] [Times: user=0.17 sys=0.00, real=0.01 secs] 
2016-09-13T20:16:18.601-0400: 277.743: [GC (GCLocker Initiated GC) [PSYoungGen: 151998K->11282K(192512K)] 293426K->153012K(716800K), 0.0032753 secs] [Times: user=0.01 sys=0.00, real=0.00 secs] 
2016-09-13T20:16:18.814-0400: 277.956: [GC (Allocation Failure) [PSYoungGen: 137234K->5274K(192000K)] 286644K->154764K(716288K), 0.0062272 secs] [Times: user=0.04 sys=0.00, real=0.01 secs] 
2016-09-13T20:16:19.043-0400: 278.185: [GC (GCLocker Initiated GC) [PSYoungGen: 130205K->43058K(192512K)] 281214K->194202K(716800K), 0.0213209 secs] [Times: user=0.22 sys=0.00, real=0.02 secs] 
2016-09-13T20:16:19.252-0400: 278.394: [GC (GCLocker Initiated GC) [PSYoungGen: 168498K->40020K(193024K)] 319748K->191319K(717312K), 0.0210383 secs] [Times: user=0.18 sys=0.00, real=0.02 secs] 
2016-09-13T20:16:19.456-0400: 278.598: [GC (GCLocker Initiated GC) [PSYoungGen: 163924K->34099K(158208K)] 315245K->185609K(682496K), 0.0096420 secs] [Times: user=0.07 sys=0.00, real=0.00 secs] 
2016-09-13T20:16:19.655-0400: 278.797: [GC (GCLocker Initiated GC) [PSYoungGen: 158003K->5211K(189440K)] 323354K->178357K(713728K), 0.0141215 secs] [Times: user=0.15 sys=0.00, real=0.02 secs] 
2016-09-13T20:16:19.848-0400: 278.990: [GC (GCLocker Initiated GC) [PSYoungGen: 128091K->26537K(190464K)] 307662K->206334K(714752K), 0.0250638 secs] [Times: user=0.29 sys=0.00, real=0.02 secs] 
2016-09-13T20:16:20.060-0400: 279.202: [GC (Allocation Failure) [PSYoungGen: 149417K->23654K(192000K)] 335295K->217367K(716288K), 0.0103996 secs] [Times: user=0.09 sys=0.00, real=0.01 secs] 
2016-09-13T20:16:20.254-0400: 279.396: [GC (GCLocker Initiated GC) [PSYoungGen: 154214K->44767K(191488K)] 347933K->238679K(715776K), 0.0186540 secs] [Times: user=0.18 sys=0.01, real=0.02 secs] 
2016-09-13T20:16:20.474-0400: 279.616: [GC (GCLocker Initiated GC) [PSYoungGen: 175327K->46250K(192000K)] 369524K->240673K(716288K), 0.0125926 secs] [Times: user=0.12 sys=0.00, real=0.01 secs] 
2016-09-13T20:16:20.681-0400: 279.823: [GC (GCLocker Initiated GC) [PSYoungGen: 174250K->40116K(195072K)] 368732K->234713K(719360K), 0.0156127 secs] [Times: user=0.19 sys=0.00, real=0.02 secs] 
2016-09-13T20:16:20.897-0400: 280.039: [GC (GCLocker Initiated GC) [PSYoungGen: 168116K->46409K(191488K)] 372010K->258008K(715776K), 0.0096950 secs] [Times: user=0.12 sys=0.00, real=0.00 secs] 
2016-09-13T20:16:21.098-0400: 280.240: [GC (GCLocker Initiated GC) [PSYoungGen: 171337K->43254K(168448K)] 390603K->262754K(692736K), 0.0148432 secs] [Times: user=0.15 sys=0.00, real=0.01 secs] 
2016-09-13T20:16:21.300-0400: 280.442: [GC (GCLocker Initiated GC) [PSYoungGen: 168182K->46223K(190976K)] 389312K->267475K(715264K), 0.0195280 secs] [Times: user=0.19 sys=0.00, real=0.02 secs] 
2016-09-13T20:16:21.540-0400: 280.682: [GC (GCLocker Initiated GC) [PSYoungGen: 168079K->5307K(127488K)] 403257K->240825K(651776K), 0.0041720 secs] [Times: user=0.05 sys=0.00, real=0.00 secs] 
2016-09-13T20:16:21.732-0400: 280.874: [GC (Allocation Failure) [PSYoungGen: 127163K->26569K(193536K)] 362792K->262379K(717824K), 0.0093327 secs] [Times: user=0.08 sys=0.00, real=0.01 secs] 
2016-09-13T20:16:21.957-0400: 281.098: [GC (GCLocker Initiated GC) [PSYoungGen: 148258K->28152K(150016K)] 385588K->265707K(674304K), 0.0097813 secs] [Times: user=0.10 sys=0.00, real=0.00 secs] 
2016-09-13T20:16:22.149-0400: 281.291: [GC (GCLocker Initiated GC) [PSYoungGen: 150008K->23472K(189440K)] 390735K->264483K(713728K), 0.0183239 secs] [Times: user=0.19 sys=0.00, real=0.01 secs] 
2016-09-13T20:16:22.392-0400: 281.534: [GC (GCLocker Initiated GC) [PSYoungGen: 147376K->23250K(187392K)] 390081K->266172K(711680K), 0.0116351 secs] [Times: user=0.07 sys=0.00, real=0.01 secs] 
2016-09-13T20:16:22.588-0400: 281.730: [GC (GCLocker Initiated GC) [PSYoungGen: 147154K->18848K(195584K)] 391617K->263418K(719872K), 0.0423047 secs] [Times: user=0.35 sys=0.00, real=0.04 secs] 
2016-09-13T20:16:22.811-0400: 281.953: [GC (GCLocker Initiated GC) [PSYoungGen: 152992K->18789K(194560K)] 403659K->277326K(718848K), 0.0237765 secs] [Times: user=0.28 sys=0.00, real=0.02 secs] 
2016-09-13T20:16:23.009-0400: 282.151: [GC (GCLocker Initiated GC) [PSYoungGen: 152933K->44698K(196096K)] 413076K->309541K(720384K), 0.0272360 secs] [Times: user=0.31 sys=0.00, real=0.03 secs] 
2016-09-13T20:16:23.227-0400: 282.369: [GC (GCLocker Initiated GC) [PSYoungGen: 181914K->28024K(199168K)] 448379K->299168K(723456K), 0.0053759 secs] [Times: user=0.04 sys=0.00, real=0.01 secs] 
2016-09-13T20:16:23.458-0400: 282.600: [GC (GCLocker Initiated GC) [PSYoungGen: 165240K->11876K(200192K)] 448699K->297050K(724480K), 0.0113164 secs] [Times: user=0.12 sys=0.01, real=0.01 secs] 
2016-09-13T20:16:23.686-0400: 282.828: [GC (GCLocker Initiated GC) [PSYoungGen: 153188K->32767K(200192K)] 444613K->332153K(724480K), 0.0147835 secs] [Times: user=0.16 sys=0.00, real=0.02 secs] 
2016-09-13T20:16:23.929-0400: 283.071: [GC (Allocation Failure) [PSYoungGen: 174079K->5242K(201216K)] 481175K->312452K(725504K), 0.0080545 secs] [Times: user=0.07 sys=0.00, real=0.01 secs] 
2016-09-13T20:16:24.209-0400: 283.351: [GC (GCLocker Initiated GC) [PSYoungGen: 143140K->29357K(202240K)] 456425K->342844K(726528K), 0.0171615 secs] [Times: user=0.17 sys=0.00, real=0.01 secs] 
2016-09-13T20:16:24.435-0400: 283.577: [GC (Allocation Failure) [PSYoungGen: 172717K->41665K(199680K)] 488002K->357014K(723968K), 0.0234344 secs] [Times: user=0.26 sys=0.00, real=0.03 secs] 
2016-09-13T20:16:24.643-0400: 283.785: [GC (Allocation Failure) [PSYoungGen: 183825K->9640K(202240K)] 499174K->325167K(726528K), 0.0126700 secs] [Times: user=0.06 sys=0.00, real=0.02 secs] 
2016-09-13T20:16:24.847-0400: 283.989: [GC (GCLocker Initiated GC) [PSYoungGen: 151601K->41698K(197632K)] 468647K->358867K(721920K), 0.0220789 secs] [Times: user=0.24 sys=0.01, real=0.03 secs] 
2016-09-13T20:16:25.099-0400: 284.241: [GC (GCLocker Initiated GC) [PSYoungGen: 179938K->27838K(166400K)] 511005K->359035K(690688K), 0.0171350 secs] [Times: user=0.17 sys=0.00, real=0.02 secs] 
2016-09-13T20:16:25.317-0400: 284.459: [GC (Allocation Failure) [PSYoungGen: 166078K->53913K(189952K)] 497431K->385501K(714240K), 0.0073879 secs] [Times: user=0.10 sys=0.00, real=0.00 secs] 
2016-09-13T20:16:25.525-0400: 284.667: [GC (GCLocker Initiated GC) [PSYoungGen: 184985K->41725K(173056K)] 516578K->378095K(697344K), 0.0070373 secs] [Times: user=0.06 sys=0.01, real=0.01 secs] 
2016-09-13T20:16:25.750-0400: 284.892: [GC (GCLocker Initiated GC) [PSYoungGen: 172797K->12901K(196096K)] 509298K->349670K(720384K), 0.0108575 secs] [Times: user=0.11 sys=0.00, real=0.01 secs] 
2016-09-13T20:16:25.968-0400: 285.110: [GC (Allocation Failure) [PSYoungGen: 142949K->8302K(196096K)] 486047K->351617K(720384K), 0.0135391 secs] [Times: user=0.14 sys=0.00, real=0.01 secs] 
2016-09-13T20:16:26.185-0400: 285.327: [GC (GCLocker Initiated GC) [PSYoungGen: 136895K->52363K(185856K)] 481729K->397414K(710144K), 0.0088500 secs] [Times: user=0.09 sys=0.00, real=0.01 secs] 
2016-09-13T20:16:26.360-0400: 285.502: [GC (GCLocker Initiated GC) [PSYoungGen: 172171K->28094K(190976K)] 518832K->374984K(715264K), 0.0052627 secs] [Times: user=0.05 sys=0.00, real=0.00 secs] 
2016-09-13T20:16:26.552-0400: 285.694: [GC (Allocation Failure) [PSYoungGen: 147902K->30935K(182272K)] 495035K->378254K(706560K), 0.0120982 secs] [Times: user=0.11 sys=0.01, real=0.01 secs] 
2016-09-13T20:16:26.760-0400: 285.902: [GC (GCLocker Initiated GC) [PSYoungGen: 154327K->44698K(187392K)] 501652K->392162K(711680K), 0.0431780 secs] [Times: user=0.39 sys=0.00, real=0.04 secs] 
2016-09-13T20:16:26.996-0400: 286.138: [GC (GCLocker Initiated GC) [PSYoungGen: 168090K->11200K(196096K)] 517098K->360483K(720384K), 0.0098501 secs] [Times: user=0.07 sys=0.00, real=0.00 secs] 
2016-09-13T20:16:27.187-0400: 286.329: [GC (GCLocker Initiated GC) [PSYoungGen: 141248K->24917K(155136K)] 490688K->380584K(679424K), 0.0138782 secs] [Times: user=0.12 sys=0.00, real=0.02 secs] 
2016-09-13T20:16:27.390-0400: 286.532: [GC (GCLocker Initiated GC) [PSYoungGen: 154965K->14451K(194560K)] 513682K->374929K(718848K), 0.0050745 secs] [Times: user=0.03 sys=0.01, real=0.00 secs] 
2016-09-13T20:16:27.627-0400: 286.768: [GC (GCLocker Initiated GC) [PSYoungGen: 145523K->41720K(193536K)] 507675K->413234K(717824K), 0.0347722 secs] [Times: user=0.39 sys=0.00, real=0.04 secs] 
2016-09-13T20:16:27.867-0400: 287.009: [GC (Allocation Failure) [PSYoungGen: 172792K->41603K(195072K)] 544448K->413493K(719360K), 0.0161497 secs] [Times: user=0.17 sys=0.01, real=0.02 secs] 
2016-09-13T20:16:28.076-0400: 287.218: [GC (GCLocker Initiated GC) [PSYoungGen: 172675K->58299K(189440K)] 544574K->430246K(713728K), 0.0289103 secs] [Times: user=0.27 sys=0.00, real=0.02 secs] 
2016-09-13T20:16:28.267-0400: 287.409: [GC (GCLocker Initiated GC) [PSYoungGen: 189371K->52420K(182784K)] 562896K->426174K(707072K), 0.0118115 secs] [Times: user=0.12 sys=0.00, real=0.02 secs] 
2016-09-13T20:16:28.435-0400: 287.577: [GC (GCLocker Initiated GC) [PSYoungGen: 163012K->24955K(186368K)] 538441K->408253K(710656K), 0.0070809 secs] [Times: user=0.06 sys=0.00, real=0.01 secs] 
2016-09-13T20:16:28.606-0400: 287.748: [GC (GCLocker Initiated GC) [PSYoungGen: 135547K->14296K(184320K)] 525095K->404049K(708608K), 0.0109198 secs] [Times: user=0.10 sys=0.00, real=0.02 secs] 
2016-09-13T20:16:28.804-0400: 287.946: [GC (GCLocker Initiated GC) [PSYoungGen: 127448K->35527K(185856K)] 517230K->425503K(710144K), 0.0082803 secs] [Times: user=0.07 sys=0.00, real=0.01 secs] 
2016-09-13T20:16:28.975-0400: 288.117: [GC (GCLocker Initiated GC) [PSYoungGen: 148679K->23436K(185344K)] 538950K->426157K(709632K), 0.0059904 secs] [Times: user=0.05 sys=0.00, real=0.01 secs] 
2016-09-13T20:16:29.165-0400: 288.307: [GC (GCLocker Initiated GC) [PSYoungGen: 142732K->23368K(186880K)] 547024K->428001K(711168K), 0.0086812 secs] [Times: user=0.07 sys=0.00, real=0.01 secs] 
2016-09-13T20:16:29.346-0400: 288.488: [GC (GCLocker Initiated GC) [PSYoungGen: 142664K->26320K(189952K)] 549037K->432940K(714240K), 0.0146338 secs] [Times: user=0.14 sys=0.00, real=0.02 secs] 
2016-09-13T20:16:29.575-0400: 288.717: [GC (GCLocker Initiated GC) [PSYoungGen: 155344K->46218K(192000K)] 562181K->453167K(716288K), 0.0080923 secs] [Times: user=0.07 sys=0.00, real=0.01 secs] 
2016-09-13T20:16:29.786-0400: 288.927: [GC (GCLocker Initiated GC) [PSYoungGen: 175242K->28142K(195584K)] 583753K->436816K(719872K), 0.0076483 secs] [Times: user=0.07 sys=0.00, real=0.01 secs] 
2016-09-13T20:16:30.015-0400: 289.156: [GC (Allocation Failure) [PSYoungGen: 161774K->5142K(196096K)] 576682K->421674K(720384K), 0.0183115 secs] [Times: user=0.20 sys=0.00, real=0.02 secs] 
2016-09-13T20:16:30.244-0400: 289.386: [GC (GCLocker Initiated GC) [PSYoungGen: 136568K->11195K(198656K)] 559175K->434071K(722944K), 0.0038965 secs] [Times: user=0.03 sys=0.00, real=0.01 secs] 
2016-09-13T20:16:30.453-0400: 289.595: [GC (GCLocker Initiated GC) [PSYoungGen: 145851K->9799K(144896K)] 581020K->445217K(669184K), 0.0040064 secs] [Times: user=0.03 sys=0.00, real=0.01 secs] 
2016-09-13T20:16:30.685-0400: 289.827: [GC (GCLocker Initiated GC) [PSYoungGen: 144455K->46415K(190976K)] 580062K->482223K(715264K), 0.0087323 secs] [Times: user=0.10 sys=0.00, real=0.01 secs] 
2016-09-13T20:16:30.899-0400: 290.041: [GC (GCLocker Initiated GC) [PSYoungGen: 174415K->44799K(173056K)] 613448K->484109K(697344K), 0.0119117 secs] [Times: user=0.11 sys=0.00, real=0.01 secs] 
2016-09-13T20:16:31.100-0400: 290.242: [GC (GCLocker Initiated GC) [PSYoungGen: 172799K->66279K(173056K)] 612307K->505962K(697344K), 0.0127219 secs] [Times: user=0.14 sys=0.01, real=0.01 secs] 
2016-09-13T20:16:31.280-0400: 290.422: [GC (GCLocker Initiated GC) [PSYoungGen: 169703K->41757K(182784K)] 609438K->481635K(707072K), 0.0251023 secs] [Times: user=0.36 sys=0.01, real=0.02 secs] 
2016-09-13T20:16:31.448-0400: 290.590: [GC (GCLocker Initiated GC) [PSYoungGen: 145181K->62928K(171008K)] 586682K->504607K(695296K), 0.0107382 secs] [Times: user=0.08 sys=0.00, real=0.01 secs] 
2016-09-13T20:16:31.611-0400: 290.752: [GC (GCLocker Initiated GC) [PSYoungGen: 156112K->15875K(177664K)] 605410K->483656K(701952K), 0.0154298 secs] [Times: user=0.18 sys=0.00, real=0.01 secs] 
2016-09-13T20:16:31.780-0400: 290.921: [GC (GCLocker Initiated GC) [PSYoungGen: 109059K->41634K(172032K)] 577033K->512867K(696320K), 0.0142910 secs] [Times: user=0.12 sys=0.01, real=0.01 secs] 
2016-09-13T20:16:31.911-0400: 291.052: [GC (GCLocker Initiated GC) [PSYoungGen: 136354K->73560K(168448K)] 607629K->545111K(692736K), 0.0216488 secs] [Times: user=0.26 sys=0.00, real=0.02 secs] 
2016-09-13T20:16:32.062-0400: 291.204: [GC (GCLocker Initiated GC) [PSYoungGen: 168280K->52451K(175104K)] 639915K->531972K(699392K), 0.0079670 secs] [Times: user=0.08 sys=0.00, real=0.01 secs] 
2016-09-13T20:16:32.211-0400: 291.353: [GC (GCLocker Initiated GC) [PSYoungGen: 140515K->47837K(175104K)] 620131K->535375K(699392K), 0.0120313 secs] [Times: user=0.13 sys=0.00, real=0.01 secs] 
2016-09-13T20:16:32.357-0400: 291.499: [GC (GCLocker Initiated GC) [PSYoungGen: 135901K->28183K(172032K)] 631281K->523769K(696320K), 0.0102125 secs] [Times: user=0.14 sys=0.00, real=0.00 secs] 
2016-09-13T20:16:32.496-0400: 291.638: [GC (GCLocker Initiated GC) [PSYoungGen: 116247K->46287K(173568K)] 618162K->548371K(697856K), 0.0069515 secs] [Times: user=0.08 sys=0.00, real=0.00 secs] 
2016-09-13T20:16:32.657-0400: 291.799: [GC (GCLocker Initiated GC) [PSYoungGen: 134351K->30998K(172032K)] 642535K->539427K(696320K), 0.0188043 secs] [Times: user=0.16 sys=0.00, real=0.02 secs] 
2016-09-13T20:16:32.819-0400: 291.961: [GC (GCLocker Initiated GC) [PSYoungGen: 124182K->34041K(174080K)] 632747K->552018K(698368K), 0.0125443 secs] [Times: user=0.10 sys=0.00, real=0.01 secs] 
2016-09-13T20:16:32.832-0400: 291.974: [Full GC (Ergonomics) [PSYoungGen: 34041K->0K(174080K)] [ParOldGen: 517977K->37713K(524288K)] 552018K->37713K(698368K), [Metaspace: 44742K->44742K(1087488K)], 0.0583434 secs] [Times: user=0.38 sys=0.01, real=0.06 secs] 
2016-09-13T20:16:33.015-0400: 292.157: [GC (GCLocker Initiated GC) [PSYoungGen: 93184K->69265K(169984K)] 132435K->108516K(694272K), 0.0081759 secs] [Times: user=0.10 sys=0.01, real=0.01 secs] 
2016-09-13T20:16:33.132-0400: 292.274: [GC (GCLocker Initiated GC) [PSYoungGen: 161425K->49569K(177152K)] 200939K->135130K(701440K), 0.0120558 secs] [Times: user=0.19 sys=0.00, real=0.01 secs] 
2016-09-13T20:16:33.286-0400: 292.428: [GC (GCLocker Initiated GC) [PSYoungGen: 141729K->49574K(172544K)] 228822K->155153K(696832K), 0.0071012 secs] [Times: user=0.10 sys=0.01, real=0.01 secs] 
2016-09-13T20:16:33.443-0400: 292.584: [GC (GCLocker Initiated GC) [PSYoungGen: 143270K->43313K(175616K)] 248896K->156854K(699904K), 0.0070186 secs] [Times: user=0.10 sys=0.00, real=0.01 secs] 
2016-09-13T20:16:33.567-0400: 292.709: [GC (GCLocker Initiated GC) [PSYoungGen: 137009K->32682K(177664K)] 252134K->160077K(701952K), 0.0057538 secs] [Times: user=0.08 sys=0.00, real=0.01 secs] 
2016-09-13T20:16:33.728-0400: 292.870: [GC (GCLocker Initiated GC) [PSYoungGen: 134570K->53881K(178688K)] 261985K->181502K(702976K), 0.0108358 secs] [Times: user=0.12 sys=0.00, real=0.01 secs] 
2016-09-13T20:16:33.895-0400: 293.037: [GC (GCLocker Initiated GC) [PSYoungGen: 155769K->41822K(179712K)] 290993K->189316K(704000K), 0.0069114 secs] [Times: user=0.08 sys=0.00, real=0.01 secs] 
2016-09-13T20:16:34.095-0400: 293.237: [GC (GCLocker Initiated GC) [PSYoungGen: 149854K->41885K(182272K)] 299048K->191234K(706560K), 0.0071808 secs] [Times: user=0.08 sys=0.00, real=0.01 secs] 
2016-09-13T20:16:34.262-0400: 293.404: [GC (GCLocker Initiated GC) [PSYoungGen: 149917K->55608K(186368K)] 299288K->205288K(710656K), 0.0091876 secs] [Times: user=0.12 sys=0.00, real=0.01 secs] 
2016-09-13T20:16:34.448-0400: 293.590: [GC (GCLocker Initiated GC) [PSYoungGen: 170296K->34004K(187904K)] 326078K->191393K(712192K), 0.0170117 secs] [Times: user=0.19 sys=0.00, real=0.01 secs] 
2016-09-13T20:16:34.655-0400: 293.797: [GC (Allocation Failure) [PSYoungGen: 148692K->23596K(188928K)] 312315K->201050K(713216K), 0.0051315 secs] [Times: user=0.05 sys=0.01, real=0.01 secs] 
2016-09-13T20:16:34.845-0400: 293.987: [GC (GCLocker Initiated GC) [PSYoungGen: 140328K->29639K(146432K)] 317787K->207292K(670720K), 0.0077532 secs] [Times: user=0.08 sys=0.00, real=0.01 secs] 
2016-09-13T20:16:35.049-0400: 294.191: [GC (GCLocker Initiated GC) [PSYoungGen: 146375K->59983K(182272K)] 324395K->238303K(706560K), 0.0091278 secs] [Times: user=0.08 sys=0.00, real=0.01 secs] 
2016-09-13T20:16:35.213-0400: 294.355: [GC (GCLocker Initiated GC) [PSYoungGen: 170575K->29607K(186368K)] 348920K->208090K(710656K), 0.0410253 secs] [Times: user=0.41 sys=0.00, real=0.04 secs] 
2016-09-13T20:16:35.433-0400: 294.575: [GC (GCLocker Initiated GC) [PSYoungGen: 140199K->25205K(183296K)] 324773K->223722K(707584K), 0.0099244 secs] [Times: user=0.14 sys=0.00, real=0.01 secs] 
2016-09-13T20:16:35.604-0400: 294.746: [GC (GCLocker Initiated GC) [PSYoungGen: 136821K->41947K(185344K)] 337059K->242527K(709632K), 0.0073877 secs] [Times: user=0.08 sys=0.00, real=0.01 secs] 
2016-09-13T20:16:35.786-0400: 294.927: [GC (Allocation Failure) [PSYoungGen: 153563K->5238K(185344K)] 360568K->212477K(709632K), 0.0153128 secs] [Times: user=0.16 sys=0.00, real=0.02 secs] 
2016-09-13T20:16:35.964-0400: 295.106: [GC (GCLocker Initiated GC) [PSYoungGen: 118902K->43244K(187904K)] 326146K->250634K(712192K), 0.0112054 secs] [Times: user=0.13 sys=0.01, real=0.02 secs] 
2016-09-13T20:16:36.146-0400: 295.288: [GC (GCLocker Initiated GC) [PSYoungGen: 156908K->28023K(182784K)] 370579K->241810K(707072K), 0.0145991 secs] [Times: user=0.13 sys=0.01, real=0.02 secs] 
2016-09-13T20:16:36.327-0400: 295.469: [GC (GCLocker Initiated GC) [PSYoungGen: 142711K->52479K(185856K)] 356520K->272604K(710144K), 0.0133032 secs] [Times: user=0.17 sys=0.00, real=0.02 secs] 
2016-09-13T20:16:36.536-0400: 295.678: [GC (GCLocker Initiated GC) [PSYoungGen: 167167K->28238K(188928K)] 393546K->268501K(713216K), 0.0057073 secs] [Times: user=0.07 sys=0.00, real=0.00 secs] 
2016-09-13T20:16:36.711-0400: 295.852: [GC (GCLocker Initiated GC) [PSYoungGen: 144974K->63051K(180224K)] 386940K->305264K(704512K), 0.0305154 secs] [Times: user=0.25 sys=0.00, real=0.03 secs] 
2016-09-13T20:16:36.908-0400: 296.050: [GC (GCLocker Initiated GC) [PSYoungGen: 179787K->60019K(176128K)] 422165K->302682K(700416K), 0.0087644 secs] [Times: user=0.10 sys=0.00, real=0.01 secs] 
2016-09-13T20:16:42.946-0400: 302.088: [GC (Allocation Failure) [PSYoungGen: 158323K->5062K(103424K)] 400992K->247982K(627712K), 0.0132793 secs] [Times: user=0.10 sys=0.00, real=0.02 secs] 
