Java HotSpot(TM) 64-Bit Server VM (25.101-b13) for linux-amd64 JRE (1.8.0_101-b13), built on Jun 22 2016 02:59:44 by "java_re" with gcc 4.3.0 20080428 (Red Hat 4.3.0-8)
Memory: 4k page, physical 264122320k(97821480k free), swap 268399612k(268399612k free)
CommandLine flags: -XX:GCLogFileSize=1048576 -XX:+HeapDumpOnOutOfMemoryError -XX:HeapDumpPath=artifacts/heapdump -XX:InitialHeapSize=805306368 -XX:MaxHeapSize=805306368 -XX:NumberOfGCLogFiles=10 -XX:+PrintGC -XX:+PrintGCDateStamps -XX:+PrintGCDetails -XX:+PrintGCTimeStamps -XX:+UseCompressedClassPointers -XX:+UseCompressedOops -XX:+UseGCLogFileRotation -XX:+UseParallelGC 
2016-09-25T21:56:06.672-0400: 2.198: [GC (Metadata GC Threshold) [PSYoungGen: 121898K->15622K(229376K)] 121898K->15702K(753664K), 0.0204974 secs] [Times: user=0.17 sys=0.00, real=0.02 secs] 
2016-09-25T21:56:06.693-0400: 2.219: [Full GC (Metadata GC Threshold) [PSYoungGen: 15622K->0K(229376K)] [ParOldGen: 80K->14601K(347648K)] 15702K->14601K(577024K), [Metaspace: 21074K->21074K(1067008K)], 0.0447387 secs] [Times: user=0.30 sys=0.04, real=0.05 secs] 
2016-09-25T21:56:08.521-0400: 4.047: [GC (Metadata GC Threshold) [PSYoungGen: 120292K->15096K(229376K)] 134894K->29833K(577024K), 0.0169678 secs] [Times: user=0.13 sys=0.02, real=0.02 secs] 
2016-09-25T21:56:08.538-0400: 4.064: [Full GC (Metadata GC Threshold) [PSYoungGen: 15096K->0K(229376K)] [ParOldGen: 14737K->20495K(524288K)] 29833K->20495K(753664K), [Metaspace: 34975K->34975K(1079296K)], 0.0591972 secs] [Times: user=0.53 sys=0.02, real=0.06 secs] 
2016-09-25T21:56:10.317-0400: 5.843: [GC (GCLocker Initiated GC) [PSYoungGen: 195602K->32743K(229376K)] 218797K->69844K(753664K), 0.0268730 secs] [Times: user=0.30 sys=0.00, real=0.03 secs] 
2016-09-25T21:56:10.485-0400: 6.011: [GC (GCLocker Initiated GC) [PSYoungGen: 229351K->32608K(229376K)] 272089K->86154K(753664K), 0.0103367 secs] [Times: user=0.09 sys=0.01, real=0.01 secs] 
2016-09-25T21:56:10.615-0400: 6.141: [GC (GCLocker Initiated GC) [PSYoungGen: 229216K->32744K(229376K)] 285502K->122885K(753664K), 0.0100453 secs] [Times: user=0.12 sys=0.02, real=0.01 secs] 
2016-09-25T21:56:10.727-0400: 6.253: [GC (GCLocker Initiated GC) [PSYoungGen: 229352K->32742K(136192K)] 324961K->156927K(660480K), 0.0097610 secs] [Times: user=0.10 sys=0.04, real=0.01 secs] 
2016-09-25T21:56:10.791-0400: 6.317: [GC (Allocation Failure) [PSYoungGen: 136166K->79032K(182784K)] 263263K->208836K(707072K), 0.0080068 secs] [Times: user=0.11 sys=0.01, real=0.01 secs] 
2016-09-25T21:56:10.799-0400: 6.325: [GC (GCLocker Initiated GC) [PSYoungGen: 79205K->78191K(167424K)] 209009K->227907K(691712K), 0.0121939 secs] [Times: user=0.16 sys=0.03, real=0.01 secs] 
2016-09-25T21:56:10.856-0400: 6.382: [GC (GCLocker Initiated GC) [PSYoungGen: 166255K->71025K(175104K)] 315975K->234813K(699392K), 0.0076911 secs] [Times: user=0.09 sys=0.01, real=0.01 secs] 
2016-09-25T21:56:10.913-0400: 6.439: [GC (GCLocker Initiated GC) [PSYoungGen: 159089K->57555K(175104K)] 322996K->243269K(699392K), 0.0103367 secs] [Times: user=0.09 sys=0.03, real=0.02 secs] 
2016-09-25T21:56:10.965-0400: 6.491: [GC (GCLocker Initiated GC) [PSYoungGen: 145619K->45143K(175104K)] 334185K->255644K(699392K), 0.0105240 secs] [Times: user=0.15 sys=0.00, real=0.01 secs] 
2016-09-25T21:56:11.036-0400: 6.562: [GC (GCLocker Initiated GC) [PSYoungGen: 133207K->39810K(175104K)] 349114K->272124K(699392K), 0.0136023 secs] [Times: user=0.22 sys=0.01, real=0.01 secs] 
2016-09-25T21:56:11.098-0400: 6.624: [GC (GCLocker Initiated GC) [PSYoungGen: 127874K->57229K(175104K)] 363051K->292599K(699392K), 0.0058583 secs] [Times: user=0.07 sys=0.00, real=0.01 secs] 
2016-09-25T21:56:11.158-0400: 6.684: [GC (GCLocker Initiated GC) [PSYoungGen: 145293K->46429K(175104K)] 386140K->298292K(699392K), 0.0088456 secs] [Times: user=0.13 sys=0.01, real=0.01 secs] 
2016-09-25T21:56:11.213-0400: 6.739: [GC (GCLocker Initiated GC) [PSYoungGen: 134493K->34422K(175104K)] 389168K->321744K(699392K), 0.0130542 secs] [Times: user=0.20 sys=0.02, real=0.02 secs] 
2016-09-25T21:56:11.271-0400: 6.797: [GC (GCLocker Initiated GC) [PSYoungGen: 122486K->41032K(174080K)] 409885K->334007K(698368K), 0.0096259 secs] [Times: user=0.10 sys=0.01, real=0.01 secs] 
2016-09-25T21:56:11.333-0400: 6.859: [GC (GCLocker Initiated GC) [PSYoungGen: 129096K->46621K(135168K)] 425021K->353593K(659456K), 0.0085188 secs] [Times: user=0.11 sys=0.02, real=0.01 secs] 
2016-09-25T21:56:11.387-0400: 6.912: [GC (GCLocker Initiated GC) [PSYoungGen: 134685K->50575K(175104K)] 441888K->368810K(699392K), 0.0071296 secs] [Times: user=0.07 sys=0.01, real=0.00 secs] 
2016-09-25T21:56:11.443-0400: 6.968: [GC (GCLocker Initiated GC) [PSYoungGen: 142735K->58658K(172544K)] 466421K->382558K(696832K), 0.0208715 secs] [Times: user=0.29 sys=0.00, real=0.02 secs] 
2016-09-25T21:56:11.519-0400: 7.045: [GC (GCLocker Initiated GC) [PSYoungGen: 150818K->56039K(180224K)] 474881K->396558K(704512K), 0.0126104 secs] [Times: user=0.21 sys=0.01, real=0.01 secs] 
2016-09-25T21:56:11.582-0400: 7.108: [GC (GCLocker Initiated GC) [PSYoungGen: 155367K->54779K(179712K)] 495993K->406427K(704000K), 0.0071455 secs] [Times: user=0.09 sys=0.00, real=0.01 secs] 
2016-09-25T21:56:11.656-0400: 7.181: [GC (GCLocker Initiated GC) [PSYoungGen: 154107K->45420K(179200K)] 508520K->400121K(703488K), 0.0066503 secs] [Times: user=0.09 sys=0.01, real=0.01 secs] 
2016-09-25T21:56:11.727-0400: 7.252: [GC (GCLocker Initiated GC) [PSYoungGen: 147820K->58774K(179712K)] 502643K->413948K(704000K), 0.0211803 secs] [Times: user=0.32 sys=0.00, real=0.02 secs] 
2016-09-25T21:56:11.802-0400: 7.328: [GC (GCLocker Initiated GC) [PSYoungGen: 161174K->75102K(172032K)] 521825K->436173K(696320K), 0.0100235 secs] [Times: user=0.15 sys=0.00, real=0.01 secs] 
2016-09-25T21:56:11.865-0400: 7.391: [GC (GCLocker Initiated GC) [PSYoungGen: 169310K->48134K(178176K)] 533112K->436671K(702464K), 0.0063355 secs] [Times: user=0.06 sys=0.02, real=0.00 secs] 
2016-09-25T21:56:11.927-0400: 7.452: [GC (GCLocker Initiated GC) [PSYoungGen: 142342K->52230K(169984K)] 539774K->452766K(694272K), 0.0052493 secs] [Times: user=0.07 sys=0.00, real=0.00 secs] 
2016-09-25T21:56:11.986-0400: 7.512: [GC (GCLocker Initiated GC) [PSYoungGen: 148486K->65748K(175104K)] 553222K->470943K(699392K), 0.0069437 secs] [Times: user=0.10 sys=0.01, real=0.00 secs] 
2016-09-25T21:56:12.054-0400: 7.580: [GC (GCLocker Initiated GC) [PSYoungGen: 162004K->41210K(181248K)] 567203K->446765K(705536K), 0.0097702 secs] [Times: user=0.08 sys=0.00, real=0.02 secs] 
2016-09-25T21:56:12.128-0400: 7.654: [GC (GCLocker Initiated GC) [PSYoungGen: 141050K->57534K(157696K)] 549339K->466181K(681984K), 0.0063347 secs] [Times: user=0.07 sys=0.00, real=0.01 secs] 
2016-09-25T21:56:12.188-0400: 7.714: [GC (GCLocker Initiated GC) [PSYoungGen: 157374K->48179K(181760K)] 568870K->484465K(706048K), 0.0070178 secs] [Times: user=0.09 sys=0.01, real=0.01 secs] 
2016-09-25T21:56:12.252-0400: 7.777: [GC (GCLocker Initiated GC) [PSYoungGen: 150067K->54866K(179712K)] 599944K->505183K(704000K), 0.0053589 secs] [Times: user=0.08 sys=0.00, real=0.01 secs] 
2016-09-25T21:56:12.315-0400: 7.840: [GC (Allocation Failure) [PSYoungGen: 156754K->48258K(182272K)] 615263K->523441K(706560K), 0.0062175 secs] [Times: user=0.07 sys=0.02, real=0.00 secs] 
2016-09-25T21:56:12.375-0400: 7.901: [GC (GCLocker Initiated GC) [PSYoungGen: 154242K->49502K(180736K)] 629429K->544084K(705024K), 0.0063941 secs] [Times: user=0.09 sys=0.01, real=0.00 secs] 
2016-09-25T21:56:12.382-0400: 7.908: [Full GC (Ergonomics) [PSYoungGen: 49502K->0K(180736K)] [ParOldGen: 494582K->46981K(524288K)] 544084K->46981K(705024K), [Metaspace: 42904K->42900K(1085440K)], 0.2058193 secs] [Times: user=2.79 sys=0.11, real=0.21 secs] 
2016-09-25T21:56:12.648-0400: 8.173: [GC (GCLocker Initiated GC) [PSYoungGen: 105984K->64841K(181760K)] 157237K->116095K(706048K), 0.0054437 secs] [Times: user=0.07 sys=0.00, real=0.00 secs] 
2016-09-25T21:56:12.704-0400: 8.230: [GC (GCLocker Initiated GC) [PSYoungGen: 173385K->53534K(184320K)] 227403K->128657K(708608K), 0.0055708 secs] [Times: user=0.07 sys=0.00, real=0.00 secs] 
2016-09-25T21:56:12.770-0400: 8.296: [GC (GCLocker Initiated GC) [PSYoungGen: 162078K->62998K(185344K)] 242676K->144000K(709632K), 0.0053045 secs] [Times: user=0.07 sys=0.00, real=0.01 secs] 
2016-09-25T21:56:12.826-0400: 8.352: [GC (GCLocker Initiated GC) [PSYoungGen: 174614K->59058K(186880K)] 258359K->167577K(711168K), 0.0065394 secs] [Times: user=0.09 sys=0.00, real=0.00 secs] 
2016-09-25T21:56:12.894-0400: 8.420: [GC (GCLocker Initiated GC) [PSYoungGen: 170674K->58916K(185344K)] 284626K->173332K(709632K), 0.0058341 secs] [Times: user=0.05 sys=0.00, real=0.00 secs] 
2016-09-25T21:56:12.954-0400: 8.480: [GC (GCLocker Initiated GC) [PSYoungGen: 171044K->58980K(186368K)] 285706K->176800K(710656K), 0.0050996 secs] [Times: user=0.05 sys=0.01, real=0.01 secs] 
2016-09-25T21:56:13.018-0400: 8.543: [GC (GCLocker Initiated GC) [PSYoungGen: 171108K->60311K(187392K)] 290290K->179935K(711680K), 0.0050700 secs] [Times: user=0.05 sys=0.00, real=0.01 secs] 
2016-09-25T21:56:13.085-0400: 8.611: [GC (GCLocker Initiated GC) [PSYoungGen: 174487K->64302K(178688K)] 294229K->184515K(702976K), 0.0059037 secs] [Times: user=0.06 sys=0.01, real=0.00 secs] 
2016-09-25T21:56:13.180-0400: 8.705: [GC (GCLocker Initiated GC) [PSYoungGen: 178478K->56421K(188928K)] 300498K->203169K(713216K), 0.0063657 secs] [Times: user=0.08 sys=0.00, real=0.01 secs] 
2016-09-25T21:56:13.237-0400: 8.763: [GC (GCLocker Initiated GC) [PSYoungGen: 170085K->65716K(186880K)] 316889K->226595K(711168K), 0.0061710 secs] [Times: user=0.08 sys=0.00, real=0.01 secs] 
2016-09-25T21:56:13.309-0400: 8.835: [GC (GCLocker Initiated GC) [PSYoungGen: 179380K->38789K(184320K)] 355199K->231196K(708608K), 0.0055020 secs] [Times: user=0.05 sys=0.00, real=0.01 secs] 
2016-09-25T21:56:13.384-0400: 8.910: [GC (GCLocker Initiated GC) [PSYoungGen: 148357K->31947K(141824K)] 350295K->250578K(666112K), 0.0080125 secs] [Times: user=0.10 sys=0.00, real=0.00 secs] 
2016-09-25T21:56:13.439-0400: 8.964: [GC (GCLocker Initiated GC) [PSYoungGen: 141515K->56358K(184832K)] 368488K->299956K(709120K), 0.0052917 secs] [Times: user=0.07 sys=0.00, real=0.01 secs] 
2016-09-25T21:56:13.508-0400: 9.034: [GC (GCLocker Initiated GC) [PSYoungGen: 162854K->64334K(171008K)] 406580K->308523K(695296K), 0.0052800 secs] [Times: user=0.07 sys=0.00, real=0.00 secs] 
2016-09-25T21:56:13.565-0400: 9.091: [GC (GCLocker Initiated GC) [PSYoungGen: 170830K->63030K(182272K)] 415049K->307645K(706560K), 0.0054935 secs] [Times: user=0.06 sys=0.00, real=0.00 secs] 
2016-09-25T21:56:13.624-0400: 9.150: [GC (GCLocker Initiated GC) [PSYoungGen: 166454K->67112K(171008K)] 413893K->315017K(695296K), 0.0062292 secs] [Times: user=0.07 sys=0.00, real=0.00 secs] 
2016-09-25T21:56:13.691-0400: 9.217: [GC (GCLocker Initiated GC) [PSYoungGen: 170536K->46706K(181760K)] 418443K->322094K(706048K), 0.0063153 secs] [Times: user=0.08 sys=0.00, real=0.01 secs] 
2016-09-25T21:56:13.746-0400: 9.272: [GC (GCLocker Initiated GC) [PSYoungGen: 147058K->48193K(148992K)] 425249K->326766K(673280K), 0.0058175 secs] [Times: user=0.06 sys=0.00, real=0.00 secs] 
2016-09-25T21:56:13.803-0400: 9.329: [GC (GCLocker Initiated GC) [PSYoungGen: 148545K->60329K(180224K)] 429932K->342195K(704512K), 0.0051443 secs] [Times: user=0.07 sys=0.00, real=0.00 secs] 
2016-09-25T21:56:13.863-0400: 9.388: [GC (GCLocker Initiated GC) [PSYoungGen: 161193K->64320K(179712K)] 445790K->349365K(704000K), 0.0056302 secs] [Times: user=0.08 sys=0.00, real=0.00 secs] 
2016-09-25T21:56:13.922-0400: 9.448: [GC (GCLocker Initiated GC) [PSYoungGen: 165184K->44175K(182272K)] 461213K->367578K(706560K), 0.0058711 secs] [Times: user=0.07 sys=0.00, real=0.01 secs] 
2016-09-25T21:56:13.980-0400: 9.506: [GC (GCLocker Initiated GC) [PSYoungGen: 146575K->79216K(181760K)] 470013K->403117K(706048K), 0.0069067 secs] [Times: user=0.09 sys=0.00, real=0.01 secs] 
2016-09-25T21:56:14.045-0400: 9.571: [GC (GCLocker Initiated GC) [PSYoungGen: 181616K->35901K(168448K)] 511254K->365903K(692736K), 0.0049726 secs] [Times: user=0.04 sys=0.00, real=0.00 secs] 
2016-09-25T21:56:14.090-0400: 9.616: [GC (GCLocker Initiated GC) [PSYoungGen: 123965K->62938K(175104K)] 456783K->401597K(699392K), 0.0057624 secs] [Times: user=0.07 sys=0.00, real=0.01 secs] 
2016-09-25T21:56:14.144-0400: 9.670: [GC (GCLocker Initiated GC) [PSYoungGen: 151002K->71070K(174592K)] 492491K->412893K(698880K), 0.0063500 secs] [Times: user=0.09 sys=0.00, real=0.00 secs] 
2016-09-25T21:56:14.198-0400: 9.724: [GC (GCLocker Initiated GC) [PSYoungGen: 159134K->50769K(175104K)] 504503K->407289K(699392K), 0.0148144 secs] [Times: user=0.21 sys=0.00, real=0.01 secs] 
2016-09-25T21:56:14.269-0400: 9.795: [GC (GCLocker Initiated GC) [PSYoungGen: 138833K->73770K(175104K)] 498089K->433453K(699392K), 0.0066918 secs] [Times: user=0.08 sys=0.00, real=0.01 secs] 
2016-09-25T21:56:14.324-0400: 9.849: [GC (GCLocker Initiated GC) [PSYoungGen: 161834K->58965K(175104K)] 521707K->432729K(699392K), 0.0061904 secs] [Times: user=0.09 sys=0.00, real=0.00 secs] 
2016-09-25T21:56:14.381-0400: 9.907: [GC (GCLocker Initiated GC) [PSYoungGen: 147029K->63047K(173056K)] 526370K->442775K(697344K), 0.0054698 secs] [Times: user=0.08 sys=0.00, real=0.01 secs] 
2016-09-25T21:56:14.440-0400: 9.966: [GC (GCLocker Initiated GC) [PSYoungGen: 151111K->63015K(174080K)] 536368K->462151K(698368K), 0.0071726 secs] [Times: user=0.07 sys=0.00, real=0.01 secs] 
2016-09-25T21:56:14.500-0400: 10.026: [GC (GCLocker Initiated GC) [PSYoungGen: 151079K->61619K(172032K)] 550261K->461196K(696320K), 0.0053076 secs] [Times: user=0.07 sys=0.00, real=0.01 secs] 
2016-09-25T21:56:14.558-0400: 10.084: [GC (GCLocker Initiated GC) [PSYoungGen: 152755K->56169K(174080K)] 552400K->456172K(698368K), 0.0067566 secs] [Times: user=0.07 sys=0.00, real=0.01 secs] 
2016-09-25T21:56:14.616-0400: 10.142: [GC (GCLocker Initiated GC) [PSYoungGen: 147305K->54721K(175616K)] 547425K->466020K(699904K), 0.0066950 secs] [Times: user=0.05 sys=0.00, real=0.01 secs] 
2016-09-25T21:56:14.676-0400: 10.201: [GC (GCLocker Initiated GC) [PSYoungGen: 152513K->69733K(177664K)] 566549K->511204K(701952K), 0.0071255 secs] [Times: user=0.08 sys=0.00, real=0.01 secs] 
2016-09-25T21:56:14.737-0400: 10.263: [GC (GCLocker Initiated GC) [PSYoungGen: 167525K->54897K(181248K)] 614628K->526743K(705536K), 0.0071621 secs] [Times: user=0.10 sys=0.00, real=0.01 secs] 
2016-09-25T21:56:14.791-0400: 10.317: [GC (GCLocker Initiated GC) [PSYoungGen: 154225K->69797K(169472K)] 628964K->555777K(693760K), 0.0061868 secs] [Times: user=0.08 sys=0.00, real=0.01 secs] 
2016-09-25T21:56:14.850-0400: 10.376: [GC (GCLocker Initiated GC) [PSYoungGen: 169125K->40001K(176640K)] 657933K->542712K(700928K), 0.0052963 secs] [Times: user=0.06 sys=0.01, real=0.01 secs] 
2016-09-25T21:56:14.856-0400: 10.381: [Full GC (Ergonomics) [PSYoungGen: 40001K->0K(176640K)] [ParOldGen: 502710K->57195K(524288K)] 542712K->57195K(700928K), [Metaspace: 43183K->43183K(1085440K)], 0.0434022 secs] [Times: user=0.32 sys=0.00, real=0.04 secs] 
2016-09-25T21:56:14.951-0400: 10.477: [GC (GCLocker Initiated GC) [PSYoungGen: 94208K->64557K(178176K)] 154148K->124498K(702464K), 0.0054696 secs] [Times: user=0.07 sys=0.00, real=0.01 secs] 
2016-09-25T21:56:15.015-0400: 10.541: [GC (GCLocker Initiated GC) [PSYoungGen: 158765K->25160K(171520K)] 228363K->119726K(695808K), 0.0085464 secs] [Times: user=0.11 sys=0.00, real=0.01 secs] 
2016-09-25T21:56:15.071-0400: 10.597: [GC (GCLocker Initiated GC) [PSYoungGen: 113224K->58887K(175104K)] 213234K->159344K(699392K), 0.0088322 secs] [Times: user=0.10 sys=0.00, real=0.01 secs] 
2016-09-25T21:56:15.133-0400: 10.659: [GC (GCLocker Initiated GC) [PSYoungGen: 146951K->53579K(168448K)] 255578K->178771K(692736K), 0.0057743 secs] [Times: user=0.06 sys=0.01, real=0.01 secs] 
2016-09-25T21:56:15.181-0400: 10.707: [GC (GCLocker Initiated GC) [PSYoungGen: 143691K->71084K(172544K)] 271675K->221117K(696832K), 0.0064417 secs] [Times: user=0.09 sys=0.00, real=0.01 secs] 
2016-09-25T21:56:15.233-0400: 10.758: [GC (GCLocker Initiated GC) [PSYoungGen: 161196K->60237K(178176K)] 311310K->221526K(702464K), 0.0069174 secs] [Times: user=0.09 sys=0.00, real=0.01 secs] 
2016-09-25T21:56:15.297-0400: 10.822: [GC (GCLocker Initiated GC) [PSYoungGen: 152909K->23925K(116736K)] 320818K->216522K(641024K), 0.0056709 secs] [Times: user=0.04 sys=0.02, real=0.01 secs] 
2016-09-25T21:56:15.346-0400: 10.872: [GC (GCLocker Initiated GC) [PSYoungGen: 116597K->57583K(177152K)] 322928K->264378K(701440K), 0.0100005 secs] [Times: user=0.15 sys=0.00, real=0.01 secs] 
2016-09-25T21:56:15.402-0400: 10.928: [GC (GCLocker Initiated GC) [PSYoungGen: 147695K->71101K(175104K)] 357284K->281053K(699392K), 0.0126539 secs] [Times: user=0.18 sys=0.00, real=0.01 secs] 
2016-09-25T21:56:15.474-0400: 11.000: [GC (GCLocker Initiated GC) [PSYoungGen: 161213K->50801K(176128K)] 376611K->277372K(700416K), 0.0054709 secs] [Times: user=0.06 sys=0.00, real=0.01 secs] 
2016-09-25T21:56:15.526-0400: 11.051: [GC (GCLocker Initiated GC) [PSYoungGen: 139889K->54865K(144384K)] 374583K->303462K(668672K), 0.0069886 secs] [Times: user=0.10 sys=0.00, real=0.00 secs] 
2016-09-25T21:56:15.594-0400: 11.120: [GC (GCLocker Initiated GC) [PSYoungGen: 143953K->52151K(174080K)] 400801K->309448K(698368K), 0.0050245 secs] [Times: user=0.06 sys=0.00, real=0.01 secs] 
2016-09-25T21:56:15.659-0400: 11.185: [GC (GCLocker Initiated GC) [PSYoungGen: 143287K->42889K(172032K)] 411650K->311663K(696320K), 0.0053540 secs] [Times: user=0.06 sys=0.00, real=0.01 secs] 
2016-09-25T21:56:15.719-0400: 11.245: [GC (GCLocker Initiated GC) [PSYoungGen: 134025K->44069K(179712K)] 410911K->321388K(704000K), 0.0048679 secs] [Times: user=0.05 sys=0.00, real=0.01 secs] 
2016-09-25T21:56:15.783-0400: 11.309: [GC (GCLocker Initiated GC) [PSYoungGen: 143397K->56233K(178688K)] 426201K->339418K(702976K), 0.0049826 secs] [Times: user=0.07 sys=0.00, real=0.00 secs] 
2016-09-25T21:56:15.843-0400: 11.369: [GC (GCLocker Initiated GC) [PSYoungGen: 155561K->57597K(180736K)] 438914K->349461K(705024K), 0.0056795 secs] [Times: user=0.07 sys=0.00, real=0.00 secs] 
2016-09-25T21:56:15.908-0400: 11.434: [GC (GCLocker Initiated GC) [PSYoungGen: 160509K->45415K(180224K)] 460864K->359743K(704512K), 0.0052005 secs] [Times: user=0.07 sys=0.00, real=0.00 secs] 
2016-09-25T21:56:15.963-0400: 11.489: [GC (GCLocker Initiated GC) [PSYoungGen: 148327K->64366K(181248K)] 468139K->395435K(705536K), 0.0060348 secs] [Times: user=0.08 sys=0.00, real=0.00 secs] 
2016-09-25T21:56:16.020-0400: 11.546: [GC (GCLocker Initiated GC) [PSYoungGen: 169326K->72465K(177664K)] 500435K->403999K(701952K), 0.0063190 secs] [Times: user=0.09 sys=0.00, real=0.01 secs] 
2016-09-25T21:56:16.088-0400: 11.614: [GC (GCLocker Initiated GC) [PSYoungGen: 177425K->49574K(181248K)] 511698K->397774K(705536K), 0.0079750 secs] [Times: user=0.11 sys=0.01, real=0.01 secs] 
2016-09-25T21:56:16.152-0400: 11.678: [GC (GCLocker Initiated GC) [PSYoungGen: 148390K->52041K(151040K)] 498082K->423811K(675328K), 0.0117707 secs] [Times: user=0.15 sys=0.01, real=0.02 secs] 
2016-09-25T21:56:16.224-0400: 11.750: [GC (GCLocker Initiated GC) [PSYoungGen: 150857K->57583K(178688K)] 528176K->451443K(702976K), 0.0125177 secs] [Times: user=0.17 sys=0.00, real=0.01 secs] 
2016-09-25T21:56:16.300-0400: 11.826: [GC (GCLocker Initiated GC) [PSYoungGen: 157423K->52119K(177664K)] 551363K->465361K(701952K), 0.0093038 secs] [Times: user=0.08 sys=0.01, real=0.01 secs] 
2016-09-25T21:56:16.368-0400: 11.893: [GC (GCLocker Initiated GC) [PSYoungGen: 151959K->62951K(180224K)] 565310K->476705K(704512K), 0.0060039 secs] [Times: user=0.05 sys=0.01, real=0.00 secs] 
2016-09-25T21:56:16.438-0400: 11.964: [GC (GCLocker Initiated GC) [PSYoungGen: 167399K->33453K(181248K)] 593307K->473280K(705536K), 0.0148865 secs] [Times: user=0.18 sys=0.00, real=0.01 secs] 
2016-09-25T21:56:16.515-0400: 12.041: [GC (GCLocker Initiated GC) [PSYoungGen: 137901K->67001K(178688K)] 580625K->510221K(702976K), 0.0160024 secs] [Times: user=0.21 sys=0.00, real=0.01 secs] 
2016-09-25T21:56:16.592-0400: 12.118: [GC (GCLocker Initiated GC) [PSYoungGen: 167353K->49483K(181248K)] 616214K->520356K(705536K), 0.0080843 secs] [Times: user=0.06 sys=0.01, real=0.01 secs] 
2016-09-25T21:56:16.664-0400: 12.190: [GC (GCLocker Initiated GC) [PSYoungGen: 149835K->63029K(181248K)] 628920K->542549K(705536K), 0.0065170 secs] [Times: user=0.08 sys=0.00, real=0.00 secs] 
2016-09-25T21:56:16.738-0400: 12.263: [GC (GCLocker Initiated GC) [PSYoungGen: 164917K->44161K(181760K)] 648545K->539030K(706048K), 0.0062243 secs] [Times: user=0.06 sys=0.00, real=0.01 secs] 
2016-09-25T21:56:16.744-0400: 12.270: [Full GC (Ergonomics) [PSYoungGen: 44161K->0K(181760K)] [ParOldGen: 494868K->71737K(524288K)] 539030K->71737K(706048K), [Metaspace: 43229K->43229K(1085440K)], 0.0690885 secs] [Times: user=0.46 sys=0.01, real=0.06 secs] 
2016-09-25T21:56:16.868-0400: 12.394: [GC (GCLocker Initiated GC) [PSYoungGen: 101888K->78057K(169472K)] 173699K->149869K(693760K), 0.0135640 secs] [Times: user=0.18 sys=0.00, real=0.01 secs] 
2016-09-25T21:56:16.929-0400: 12.455: [GC (GCLocker Initiated GC) [PSYoungGen: 168169K->41223K(176128K)] 245538K->124571K(700416K), 0.0077003 secs] [Times: user=0.05 sys=0.00, real=0.01 secs] 
2016-09-25T21:56:16.995-0400: 12.520: [GC (GCLocker Initiated GC) [PSYoungGen: 131335K->58839K(172544K)] 214742K->142626K(696832K), 0.0231607 secs] [Times: user=0.29 sys=0.00, real=0.02 secs] 
2016-09-25T21:56:17.069-0400: 12.595: [GC (GCLocker Initiated GC) [PSYoungGen: 149463K->44129K(174592K)] 246836K->160775K(698880K), 0.0108005 secs] [Times: user=0.14 sys=0.01, real=0.01 secs] 
2016-09-25T21:56:17.140-0400: 12.666: [GC (GCLocker Initiated GC) [PSYoungGen: 134753K->69765K(173056K)] 252582K->188052K(697344K), 0.0102568 secs] [Times: user=0.15 sys=0.00, real=0.01 secs] 
2016-09-25T21:56:17.208-0400: 12.734: [GC (GCLocker Initiated GC) [PSYoungGen: 159877K->49406K(176128K)] 278237K->181653K(700416K), 0.0078875 secs] [Times: user=0.09 sys=0.00, real=0.01 secs] 
2016-09-25T21:56:17.277-0400: 12.803: [GC (GCLocker Initiated GC) [PSYoungGen: 139518K->43955K(173056K)] 274547K->179310K(697344K), 0.0119744 secs] [Times: user=0.08 sys=0.00, real=0.01 secs] 
2016-09-25T21:56:17.354-0400: 12.880: [GC (GCLocker Initiated GC) [PSYoungGen: 136115K->40079K(175104K)] 279699K->202958K(699392K), 0.0138667 secs] [Times: user=0.18 sys=0.01, real=0.02 secs] 
2016-09-25T21:56:17.425-0400: 12.951: [GC (GCLocker Initiated GC) [PSYoungGen: 132239K->53547K(173568K)] 297929K->233170K(697856K), 0.0101141 secs] [Times: user=0.12 sys=0.00, real=0.01 secs] 
2016-09-25T21:56:17.488-0400: 13.014: [GC (GCLocker Initiated GC) [PSYoungGen: 150315K->54582K(176640K)] 330008K->240084K(700928K), 0.0095293 secs] [Times: user=0.09 sys=0.00, real=0.01 secs] 
2016-09-25T21:56:17.567-0400: 13.093: [GC (GCLocker Initiated GC) [PSYoungGen: 151350K->58997K(181248K)] 338231K->265128K(705536K), 0.0079143 secs] [Times: user=0.08 sys=0.00, real=0.01 secs] 
2016-09-25T21:56:17.639-0400: 13.165: [GC (GCLocker Initiated GC) [PSYoungGen: 163445K->50911K(182272K)] 372317K->289887K(706560K), 0.0075618 secs] [Times: user=0.08 sys=0.01, real=0.01 secs] 
2016-09-25T21:56:17.714-0400: 13.240: [GC (GCLocker Initiated GC) [PSYoungGen: 155359K->75211K(175104K)] 394410K->317419K(699392K), 0.0095448 secs] [Times: user=0.10 sys=0.00, real=0.01 secs] 
2016-09-25T21:56:17.789-0400: 13.315: [GC (GCLocker Initiated GC) [PSYoungGen: 174539K->33205K(132608K)] 428987K->309673K(656896K), 0.0058900 secs] [Times: user=0.06 sys=0.01, real=0.01 secs] 
2016-09-25T21:56:17.848-0400: 13.374: [GC (GCLocker Initiated GC) [PSYoungGen: 132533K->56144K(181248K)] 411778K->335772K(705536K), 0.0054983 secs] [Times: user=0.04 sys=0.00, real=0.00 secs] 
2016-09-25T21:56:17.924-0400: 13.449: [GC (GCLocker Initiated GC) [PSYoungGen: 154448K->42598K(141312K)] 435467K->340141K(665600K), 0.0085998 secs] [Times: user=0.06 sys=0.01, real=0.00 secs] 
2016-09-25T21:56:17.983-0400: 13.508: [GC (GCLocker Initiated GC) [PSYoungGen: 140902K->66946K(175104K)] 442680K->369018K(699392K), 0.0089042 secs] [Times: user=0.10 sys=0.00, real=0.00 secs] 
2016-09-25T21:56:18.048-0400: 13.574: [GC (GCLocker Initiated GC) [PSYoungGen: 162178K->50530K(178176K)] 464379K->352987K(702464K), 0.0078845 secs] [Times: user=0.05 sys=0.00, real=0.01 secs] 
2016-09-25T21:56:18.114-0400: 13.640: [GC (GCLocker Initiated GC) [PSYoungGen: 145762K->50656K(174592K)] 457837K->376452K(698880K), 0.0074905 secs] [Times: user=0.10 sys=0.00, real=0.00 secs] 
2016-09-25T21:56:18.183-0400: 13.709: [GC (GCLocker Initiated GC) [PSYoungGen: 149472K->53354K(177152K)] 479651K->383779K(701440K), 0.0149208 secs] [Times: user=0.12 sys=0.01, real=0.01 secs] 
2016-09-25T21:56:18.256-0400: 13.782: [GC (GCLocker Initiated GC) [PSYoungGen: 152170K->60188K(183296K)] 489417K->397706K(707584K), 0.0057645 secs] [Times: user=0.07 sys=0.01, real=0.01 secs] 
2016-09-25T21:56:18.328-0400: 13.854: [GC (GCLocker Initiated GC) [PSYoungGen: 167708K->46479K(183808K)] 517413K->396384K(708096K), 0.0063614 secs] [Times: user=0.06 sys=0.00, real=0.01 secs] 
2016-09-25T21:56:18.398-0400: 13.924: [GC (GCLocker Initiated GC) [PSYoungGen: 153999K->56153K(184320K)] 506680K->419875K(708608K), 0.0156752 secs] [Times: user=0.14 sys=0.00, real=0.02 secs] 
2016-09-25T21:56:18.502-0400: 14.028: [GC (GCLocker Initiated GC) [PSYoungGen: 166745K->31661K(184832K)] 541495K->420161K(709120K), 0.0284569 secs] [Times: user=0.28 sys=0.00, real=0.03 secs] 
2016-09-25T21:56:18.601-0400: 14.127: [GC (GCLocker Initiated GC) [PSYoungGen: 142253K->54771K(186880K)] 540237K->453006K(711168K), 0.0173515 secs] [Times: user=0.20 sys=0.00, real=0.02 secs] 
2016-09-25T21:56:18.702-0400: 14.227: [GC (GCLocker Initiated GC) [PSYoungGen: 166387K->34442K(186368K)] 576921K->461468K(710656K), 0.0098470 secs] [Times: user=0.14 sys=0.00, real=0.01 secs] 
2016-09-25T21:56:18.773-0400: 14.299: [GC (GCLocker Initiated GC) [PSYoungGen: 146058K->49324K(182784K)] 574461K->477976K(707072K), 0.0173398 secs] [Times: user=0.17 sys=0.01, real=0.02 secs] 
2016-09-25T21:56:18.844-0400: 14.370: [GC (GCLocker Initiated GC) [PSYoungGen: 161452K->61457K(184832K)] 592120K->492367K(709120K), 0.0080586 secs] [Times: user=0.08 sys=0.00, real=0.00 secs] 
2016-09-25T21:56:18.909-0400: 14.435: [GC (GCLocker Initiated GC) [PSYoungGen: 173585K->72318K(176128K)] 604542K->514357K(700416K), 0.0089649 secs] [Times: user=0.10 sys=0.00, real=0.01 secs] 
2016-09-25T21:56:18.987-0400: 14.513: [GC (GCLocker Initiated GC) [PSYoungGen: 173694K->38362K(181760K)] 621919K->500328K(706048K), 0.0084908 secs] [Times: user=0.08 sys=0.00, real=0.01 secs] 
2016-09-25T21:56:19.054-0400: 14.580: [GC (GCLocker Initiated GC) [PSYoungGen: 139738K->54771K(177664K)] 605857K->521132K(701952K), 0.0092800 secs] [Times: user=0.09 sys=0.01, real=0.02 secs] 
2016-09-25T21:56:19.127-0400: 14.652: [GC (GCLocker Initiated GC) [PSYoungGen: 156147K->61442K(179712K)] 622745K->528244K(704000K), 0.0096483 secs] [Times: user=0.06 sys=0.00, real=0.01 secs] 
2016-09-25T21:56:19.204-0400: 14.730: [GC (GCLocker Initiated GC) [PSYoungGen: 162818K->38364K(182784K)] 633724K->520253K(707072K), 0.0086204 secs] [Times: user=0.10 sys=0.00, real=0.00 secs] 
2016-09-25T21:56:19.273-0400: 14.799: [GC (GCLocker Initiated GC) [PSYoungGen: 141788K->55848K(159744K)] 623744K->537997K(684032K), 0.0192710 secs] [Times: user=0.18 sys=0.00, real=0.02 secs] 
2016-09-25T21:56:19.370-0400: 14.896: [GC (GCLocker Initiated GC) [PSYoungGen: 159272K->35775K(181760K)] 652267K->547895K(706048K), 0.0207320 secs] [Times: user=0.21 sys=0.01, real=0.02 secs] 
2016-09-25T21:56:19.392-0400: 14.918: [Full GC (Ergonomics) [PSYoungGen: 35775K->0K(181760K)] [ParOldGen: 512119K->89315K(524288K)] 547895K->89315K(706048K), [Metaspace: 43257K->43257K(1085440K)], 0.0528253 secs] [Times: user=0.28 sys=0.01, real=0.06 secs] 
2016-09-25T21:56:19.511-0400: 15.037: [GC (GCLocker Initiated GC) [PSYoungGen: 103424K->35711K(181760K)] 198304K->130591K(706048K), 0.0177873 secs] [Times: user=0.18 sys=0.00, real=0.02 secs] 
2016-09-25T21:56:19.587-0400: 15.113: [GC (GCLocker Initiated GC) [PSYoungGen: 139135K->50481K(180224K)] 234039K->145705K(704512K), 0.0221606 secs] [Times: user=0.19 sys=0.01, real=0.02 secs] 
2016-09-25T21:56:19.703-0400: 15.228: [GC (GCLocker Initiated GC) [PSYoungGen: 156465K->42574K(181760K)] 262585K->165151K(706048K), 0.0169225 secs] [Times: user=0.17 sys=0.00, real=0.01 secs] 
2016-09-25T21:56:19.776-0400: 15.302: [GC (GCLocker Initiated GC) [PSYoungGen: 148558K->54704K(185344K)] 271252K->193842K(709632K), 0.0067908 secs] [Times: user=0.07 sys=0.00, real=0.01 secs] 
2016-09-25T21:56:19.867-0400: 15.393: [GC (GCLocker Initiated GC) [PSYoungGen: 166832K->43730K(185856K)] 308850K->202187K(710144K), 0.0128562 secs] [Times: user=0.12 sys=0.00, real=0.01 secs] 
2016-09-25T21:56:19.958-0400: 15.484: [GC (GCLocker Initiated GC) [PSYoungGen: 155858K->66872K(180736K)] 319736K->231024K(705024K), 0.0140843 secs] [Times: user=0.17 sys=0.00, real=0.01 secs] 
2016-09-25T21:56:20.049-0400: 15.575: [GC (GCLocker Initiated GC) [PSYoungGen: 175416K->46496K(185344K)] 342296K->213627K(709632K), 0.0161847 secs] [Times: user=0.12 sys=0.02, real=0.02 secs] 
2016-09-25T21:56:20.146-0400: 15.672: [GC (GCLocker Initiated GC) [PSYoungGen: 155040K->37030K(183296K)] 330322K->226042K(707584K), 0.0136295 secs] [Times: user=0.15 sys=0.00, real=0.01 secs] 
2016-09-25T21:56:20.222-0400: 15.748: [GC (GCLocker Initiated GC) [PSYoungGen: 147622K->54691K(185344K)] 339400K->257545K(709632K), 0.0067217 secs] [Times: user=0.06 sys=0.00, real=0.01 secs] 
2016-09-25T21:56:20.325-0400: 15.851: [GC (GCLocker Initiated GC) [PSYoungGen: 165283K->68242K(178688K)] 368327K->287774K(702976K), 0.0112978 secs] [Times: user=0.11 sys=0.00, real=0.01 secs] 
2016-09-25T21:56:20.403-0400: 15.929: [GC (GCLocker Initiated GC) [PSYoungGen: 172690K->60202K(164864K)] 392263K->293594K(689152K), 0.0066203 secs] [Times: user=0.05 sys=0.00, real=0.00 secs] 
2016-09-25T21:56:20.469-0400: 15.995: [GC (GCLocker Initiated GC) [PSYoungGen: 164650K->49463K(184832K)] 398096K->302159K(709120K), 0.0108780 secs] [Times: user=0.14 sys=0.00, real=0.01 secs] 
2016-09-25T21:56:20.574-0400: 16.100: [GC (GCLocker Initiated GC) [PSYoungGen: 154935K->38713K(144384K)] 414512K->301373K(668672K), 0.0133981 secs] [Times: user=0.12 sys=0.00, real=0.01 secs] 
2016-09-25T21:56:20.654-0400: 16.180: [GC (GCLocker Initiated GC) [PSYoungGen: 144185K->50559K(184832K)] 409570K->324453K(709120K), 0.0138540 secs] [Times: user=0.16 sys=0.00, real=0.02 secs] 
2016-09-25T21:56:20.778-0400: 16.304: [GC (GCLocker Initiated GC) [PSYoungGen: 158591K->41360K(182272K)] 437319K->336665K(706560K), 0.0255583 secs] [Times: user=0.27 sys=0.00, real=0.03 secs] 
2016-09-25T21:56:20.870-0400: 16.396: [GC (GCLocker Initiated GC) [PSYoungGen: 149392K->42863K(185344K)] 454172K->353528K(709632K), 0.0068175 secs] [Times: user=0.06 sys=0.00, real=0.01 secs] 
2016-09-25T21:56:20.992-0400: 16.518: [GC (GCLocker Initiated GC) [PSYoungGen: 154991K->55018K(184320K)] 471109K->371660K(708608K), 0.0112776 secs] [Times: user=0.09 sys=0.00, real=0.02 secs] 
2016-09-25T21:56:21.086-0400: 16.612: [GC (GCLocker Initiated GC) [PSYoungGen: 167146K->45280K(187904K)] 484029K->362629K(712192K), 0.0176171 secs] [Times: user=0.21 sys=0.00, real=0.02 secs] 
2016-09-25T21:56:21.198-0400: 16.724: [GC (GCLocker Initiated GC) [PSYoungGen: 163040K->26494K(188416K)] 495273K->359185K(712704K), 0.0065347 secs] [Times: user=0.04 sys=0.00, real=0.01 secs] 
2016-09-25T21:56:21.290-0400: 16.816: [GC (GCLocker Initiated GC) [PSYoungGen: 144254K->45639K(188928K)] 479685K->406022K(713216K), 0.0136271 secs] [Times: user=0.14 sys=0.01, real=0.02 secs] 
2016-09-25T21:56:21.406-0400: 16.932: [GC (GCLocker Initiated GC) [PSYoungGen: 164935K->44251K(189440K)] 533452K->413273K(713728K), 0.0099313 secs] [Times: user=0.13 sys=0.00, real=0.01 secs] 
2016-09-25T21:56:21.514-0400: 17.040: [GC (GCLocker Initiated GC) [PSYoungGen: 163547K->58984K(187904K)] 532679K->431347K(712192K), 0.0143696 secs] [Times: user=0.16 sys=0.00, real=0.02 secs] 
2016-09-25T21:56:21.619-0400: 17.145: [GC (GCLocker Initiated GC) [PSYoungGen: 178792K->53803K(190464K)] 556591K->445636K(714752K), 0.0108763 secs] [Times: user=0.13 sys=0.00, real=0.01 secs] 
2016-09-25T21:56:21.718-0400: 17.244: [GC (GCLocker Initiated GC) [PSYoungGen: 173611K->57750K(189440K)] 569571K->457003K(713728K), 0.0069688 secs] [Times: user=0.08 sys=0.00, real=0.01 secs] 
2016-09-25T21:56:21.822-0400: 17.348: [GC (GCLocker Initiated GC) [PSYoungGen: 176534K->38708K(190464K)] 586797K->463080K(714752K), 0.0077214 secs] [Times: user=0.07 sys=0.00, real=0.01 secs] 
2016-09-25T21:56:21.920-0400: 17.446: [GC (GCLocker Initiated GC) [PSYoungGen: 157492K->39897K(188416K)] 582074K->464971K(712704K), 0.0075992 secs] [Times: user=0.09 sys=0.00, real=0.01 secs] 
2016-09-25T21:56:22.011-0400: 17.537: [GC (GCLocker Initiated GC) [PSYoungGen: 158681K->38705K(189440K)] 594582K->480529K(713728K), 0.0134635 secs] [Times: user=0.11 sys=0.00, real=0.02 secs] 
2016-09-25T21:56:22.118-0400: 17.644: [GC (GCLocker Initiated GC) [PSYoungGen: 157489K->31839K(190976K)] 606183K->505371K(715264K), 0.0206220 secs] [Times: user=0.20 sys=0.00, real=0.02 secs] 
2016-09-25T21:56:22.251-0400: 17.777: [GC (GCLocker Initiated GC) [PSYoungGen: 153183K->40074K(161792K)] 632133K->533081K(686080K), 0.0164867 secs] [Times: user=0.13 sys=0.00, real=0.02 secs] 
2016-09-25T21:56:22.338-0400: 17.864: [Full GC (Ergonomics) [PSYoungGen: 161418K->0K(161792K)] [ParOldGen: 495791K->97351K(524288K)] 657210K->97351K(686080K), [Metaspace: 43262K->43262K(1085440K)], 0.0658062 secs] [Times: user=0.32 sys=0.01, real=0.07 secs] 
2016-09-25T21:56:22.498-0400: 18.024: [GC (GCLocker Initiated GC) [PSYoungGen: 121344K->45930K(192000K)] 224128K->148715K(716288K), 0.0301262 secs] [Times: user=0.32 sys=0.01, real=0.03 secs] 
2016-09-25T21:56:22.610-0400: 18.136: [GC (GCLocker Initiated GC) [PSYoungGen: 169834K->52303K(190464K)] 276851K->179137K(714752K), 0.0143186 secs] [Times: user=0.17 sys=0.00, real=0.02 secs] 
2016-09-25T21:56:22.722-0400: 18.248: [GC (GCLocker Initiated GC) [PSYoungGen: 176207K->29222K(194048K)] 304663K->174473K(718336K), 0.0114000 secs] [Times: user=0.12 sys=0.01, real=0.00 secs] 
2016-09-25T21:56:22.825-0400: 18.351: [GC (GCLocker Initiated GC) [PSYoungGen: 156198K->40252K(167424K)] 309688K->197026K(691712K), 0.0126207 secs] [Times: user=0.12 sys=0.00, real=0.01 secs] 
2016-09-25T21:56:22.934-0400: 18.459: [GC (GCLocker Initiated GC) [PSYoungGen: 167228K->31901K(194048K)] 326825K->205668K(718336K), 0.0141226 secs] [Times: user=0.10 sys=0.00, real=0.02 secs] 
2016-09-25T21:56:23.044-0400: 18.569: [GC (GCLocker Initiated GC) [PSYoungGen: 159901K->31956K(193536K)] 338120K->216186K(717824K), 0.0164320 secs] [Times: user=0.16 sys=0.00, real=0.01 secs] 
2016-09-25T21:56:23.159-0400: 18.685: [GC (Allocation Failure) [PSYoungGen: 159956K->37272K(194560K)] 347023K->224972K(718848K), 0.0261277 secs] [Times: user=0.23 sys=0.01, real=0.03 secs] 
2016-09-25T21:56:23.282-0400: 18.808: [GC (GCLocker Initiated GC) [PSYoungGen: 166550K->41535K(195072K)] 356950K->248733K(719360K), 0.0260552 secs] [Times: user=0.24 sys=0.01, real=0.03 secs] 
2016-09-25T21:56:23.393-0400: 18.918: [GC (GCLocker Initiated GC) [PSYoungGen: 173119K->49725K(195584K)] 383180K->260469K(719872K), 0.0197404 secs] [Times: user=0.18 sys=0.01, real=0.02 secs] 
2016-09-25T21:56:23.535-0400: 19.061: [GC (GCLocker Initiated GC) [PSYoungGen: 183869K->36247K(197120K)] 409686K->262837K(721408K), 0.0084979 secs] [Times: user=0.07 sys=0.00, real=0.01 secs] 
2016-09-25T21:56:23.662-0400: 19.188: [GC (GCLocker Initiated GC) [PSYoungGen: 170391K->18550K(196608K)] 405139K->254093K(720896K), 0.0095712 secs] [Times: user=0.05 sys=0.00, real=0.01 secs] 
2016-09-25T21:56:23.759-0400: 19.284: [GC (GCLocker Initiated GC) [PSYoungGen: 153718K->47019K(182272K)] 389342K->299675K(706560K), 0.0240049 secs] [Times: user=0.21 sys=0.00, real=0.03 secs] 
2016-09-25T21:56:23.891-0400: 19.417: [GC (GCLocker Initiated GC) [PSYoungGen: 182187K->47080K(197120K)] 440348K->322217K(721408K), 0.0264377 secs] [Times: user=0.25 sys=0.00, real=0.03 secs] 
2016-09-25T21:56:24.033-0400: 19.559: [GC (GCLocker Initiated GC) [PSYoungGen: 180200K->46987K(197632K)] 455393K->325717K(721920K), 0.0142172 secs] [Times: user=0.12 sys=0.00, real=0.02 secs] 
2016-09-25T21:56:24.136-0400: 19.662: [GC (GCLocker Initiated GC) [PSYoungGen: 180107K->36369K(194560K)] 460868K->339521K(718848K), 0.0150248 secs] [Times: user=0.12 sys=0.00, real=0.01 secs] 
2016-09-25T21:56:24.257-0400: 19.783: [GC (GCLocker Initiated GC) [PSYoungGen: 169489K->40461K(196096K)] 479252K->356477K(720384K), 0.0141365 secs] [Times: user=0.12 sys=0.00, real=0.01 secs] 
2016-09-25T21:56:24.377-0400: 19.903: [GC (GCLocker Initiated GC) [PSYoungGen: 173581K->49809K(197632K)] 495009K->382924K(721920K), 0.0318852 secs] [Times: user=0.38 sys=0.00, real=0.03 secs] 
2016-09-25T21:56:24.506-0400: 20.032: [GC (GCLocker Initiated GC) [PSYoungGen: 186513K->40235K(198656K)] 519662K->376861K(722944K), 0.0115085 secs] [Times: user=0.09 sys=0.00, real=0.01 secs] 
2016-09-25T21:56:24.619-0400: 20.145: [GC (GCLocker Initiated GC) [PSYoungGen: 176939K->9124K(194560K)] 529002K->375492K(718848K), 0.0249170 secs] [Times: user=0.22 sys=0.00, real=0.03 secs] 
2016-09-25T21:56:24.752-0400: 20.277: [GC (GCLocker Initiated GC) [PSYoungGen: 143268K->63312K(197632K)] 517769K->441329K(721920K), 0.0209492 secs] [Times: user=0.18 sys=0.05, real=0.02 secs] 
2016-09-25T21:56:24.900-0400: 20.425: [GC (GCLocker Initiated GC) [PSYoungGen: 197456K->29550K(187392K)] 590780K->434461K(711680K), 0.0285128 secs] [Times: user=0.27 sys=0.03, real=0.03 secs] 
2016-09-25T21:56:25.055-0400: 20.581: [GC (GCLocker Initiated GC) [PSYoungGen: 152430K->48305K(192512K)] 557488K->454219K(716800K), 0.0175381 secs] [Times: user=0.19 sys=0.00, real=0.01 secs] 
2016-09-25T21:56:25.147-0400: 20.673: [GC (GCLocker Initiated GC) [PSYoungGen: 171185K->50961K(190464K)] 577123K->468354K(714752K), 0.0162188 secs] [Times: user=0.15 sys=0.01, real=0.02 secs] 
2016-09-25T21:56:25.286-0400: 20.812: [GC (GCLocker Initiated GC) [PSYoungGen: 171793K->45912K(191488K)] 605612K->499258K(715776K), 0.0208093 secs] [Times: user=0.25 sys=0.02, real=0.02 secs] 
2016-09-25T21:56:25.414-0400: 20.940: [GC (GCLocker Initiated GC) [PSYoungGen: 166744K->45364K(188416K)] 620149K->499505K(712704K), 0.0289243 secs] [Times: user=0.30 sys=0.03, real=0.04 secs] 
2016-09-25T21:56:25.532-0400: 21.057: [GC (GCLocker Initiated GC) [PSYoungGen: 167220K->42869K(189952K)] 621496K->530143K(714240K), 0.0143696 secs] [Times: user=0.17 sys=0.00, real=0.02 secs] 
2016-09-25T21:56:25.659-0400: 21.187: [Full GC (Ergonomics) [PSYoungGen: 164725K->0K(189952K)] [ParOldGen: 498201K->112849K(524288K)] 662927K->112849K(714240K), [Metaspace: 43276K->43276K(1085440K)], 0.0830046 secs] [Times: user=0.61 sys=0.05, real=0.09 secs] 
2016-09-25T21:56:25.827-0400: 21.353: [GC (GCLocker Initiated GC) [PSYoungGen: 121856K->51189K(192000K)] 240226K->169559K(716288K), 0.0068384 secs] [Times: user=0.11 sys=0.00, real=0.01 secs] 
2016-09-25T21:56:25.952-0400: 21.478: [GC (GCLocker Initiated GC) [PSYoungGen: 177653K->59132K(185856K)] 298797K->183727K(710144K), 0.0138052 secs] [Times: user=0.20 sys=0.00, real=0.02 secs] 
2016-09-25T21:56:26.078-0400: 21.604: [GC (GCLocker Initiated GC) [PSYoungGen: 185596K->44155K(194048K)] 312895K->171984K(718336K), 0.0152430 secs] [Times: user=0.15 sys=0.00, real=0.01 secs] 
2016-09-25T21:56:26.204-0400: 21.730: [GC (GCLocker Initiated GC) [PSYoungGen: 168059K->49588K(173568K)] 302770K->184845K(697856K), 0.0186116 secs] [Times: user=0.23 sys=0.00, real=0.02 secs] 
2016-09-25T21:56:26.320-0400: 21.846: [GC (GCLocker Initiated GC) [PSYoungGen: 173492K->46856K(193536K)] 314307K->196286K(717824K), 0.0138746 secs] [Times: user=0.14 sys=0.00, real=0.02 secs] 
2016-09-25T21:56:26.433-0400: 21.959: [GC (GCLocker Initiated GC) [PSYoungGen: 172808K->42705K(191488K)] 325030K->195451K(715776K), 0.0148000 secs] [Times: user=0.14 sys=0.00, real=0.02 secs] 
2016-09-25T21:56:26.538-0400: 22.064: [GC (GCLocker Initiated GC) [PSYoungGen: 168657K->56329K(190464K)] 321464K->209647K(714752K), 0.0075128 secs] [Times: user=0.03 sys=0.02, real=0.01 secs] 
2016-09-25T21:56:26.641-0400: 22.167: [GC (GCLocker Initiated GC) [PSYoungGen: 182793K->38682K(193024K)] 338849K->211477K(717312K), 0.0119656 secs] [Times: user=0.09 sys=0.00, real=0.01 secs] 
2016-09-25T21:56:26.731-0400: 22.257: [GC (GCLocker Initiated GC) [PSYoungGen: 165146K->48071K(192512K)] 338186K->221618K(716800K), 0.0390915 secs] [Times: user=0.40 sys=0.00, real=0.04 secs] 
2016-09-25T21:56:26.871-0400: 22.397: [GC (GCLocker Initiated GC) [PSYoungGen: 178119K->36004K(194560K)] 363943K->222329K(718848K), 0.0156984 secs] [Times: user=0.13 sys=0.01, real=0.02 secs] 
2016-09-25T21:56:26.991-0400: 22.516: [GC (GCLocker Initiated GC) [PSYoungGen: 166052K->33234K(197632K)] 361893K->237719K(721920K), 0.0193196 secs] [Times: user=0.18 sys=0.00, real=0.02 secs] 
2016-09-25T21:56:27.112-0400: 22.638: [GC (GCLocker Initiated GC) [PSYoungGen: 166354K->45458K(178688K)] 370945K->250603K(702976K), 0.0125254 secs] [Times: user=0.10 sys=0.02, real=0.02 secs] 
2016-09-25T21:56:27.215-0400: 22.741: [GC (GCLocker Initiated GC) [PSYoungGen: 178578K->27982K(195072K)] 396112K->264940K(719360K), 0.0110830 secs] [Times: user=0.08 sys=0.00, real=0.01 secs] 
2016-09-25T21:56:27.320-0400: 22.846: [GC (GCLocker Initiated GC) [PSYoungGen: 160078K->22385K(196096K)] 404156K->277853K(720384K), 0.0157061 secs] [Times: user=0.13 sys=0.01, real=0.02 secs] 
2016-09-25T21:56:27.431-0400: 22.957: [GC (GCLocker Initiated GC) [PSYoungGen: 154481K->49549K(195072K)] 415524K->311138K(719360K), 0.0145499 secs] [Times: user=0.14 sys=0.00, real=0.02 secs] 
2016-09-25T21:56:27.541-0400: 23.067: [GC (GCLocker Initiated GC) [PSYoungGen: 179597K->56409K(186880K)] 448110K->333547K(711168K), 0.0148238 secs] [Times: user=0.18 sys=0.00, real=0.02 secs] 
2016-09-25T21:56:27.650-0400: 23.176: [GC (GCLocker Initiated GC) [PSYoungGen: 186457K->37361K(194560K)] 469020K->336663K(718848K), 0.0249369 secs] [Times: user=0.25 sys=0.01, real=0.03 secs] 
2016-09-25T21:56:27.759-0400: 23.285: [GC (GCLocker Initiated GC) [PSYoungGen: 162801K->41523K(167424K)] 462107K->360268K(691712K), 0.0188342 secs] [Times: user=0.21 sys=0.01, real=0.02 secs] 
2016-09-25T21:56:27.873-0400: 23.399: [GC (GCLocker Initiated GC) [PSYoungGen: 166963K->56322K(187392K)] 485808K->375718K(711680K), 0.0099767 secs] [Times: user=0.09 sys=0.00, real=0.02 secs] 
2016-09-25T21:56:27.970-0400: 23.496: [GC (GCLocker Initiated GC) [PSYoungGen: 178690K->54962K(190464K)] 506257K->383021K(714752K), 0.0170014 secs] [Times: user=0.11 sys=0.00, real=0.02 secs] 
2016-09-25T21:56:28.077-0400: 23.603: [GC (GCLocker Initiated GC) [PSYoungGen: 177330K->50807K(192512K)] 508093K->395647K(716800K), 0.0263704 secs] [Times: user=0.28 sys=0.00, real=0.03 secs] 
2016-09-25T21:56:28.190-0400: 23.716: [GC (GCLocker Initiated GC) [PSYoungGen: 173175K->52206K(192000K)] 518134K->397669K(716288K), 0.0163212 secs] [Times: user=0.15 sys=0.01, real=0.02 secs] 
2016-09-25T21:56:28.307-0400: 23.833: [GC (GCLocker Initiated GC) [PSYoungGen: 174574K->44022K(188928K)] 524154K->394076K(713216K), 0.0325036 secs] [Times: user=0.34 sys=0.01, real=0.03 secs] 
2016-09-25T21:56:28.436-0400: 23.962: [GC (GCLocker Initiated GC) [PSYoungGen: 166902K->53736K(190464K)] 519680K->431396K(714752K), 0.0079467 secs] [Times: user=0.10 sys=0.00, real=0.01 secs] 
2016-09-25T21:56:28.536-0400: 24.062: [GC (GCLocker Initiated GC) [PSYoungGen: 176616K->67244K(182272K)] 562464K->456318K(706560K), 0.0092064 secs] [Times: user=0.12 sys=0.01, real=0.01 secs] 
2016-09-25T21:56:28.623-0400: 24.149: [GC (GCLocker Initiated GC) [PSYoungGen: 180908K->35858K(187904K)] 579572K->437748K(712192K), 0.0246817 secs] [Times: user=0.20 sys=0.02, real=0.02 secs] 
2016-09-25T21:56:28.721-0400: 24.247: [GC (GCLocker Initiated GC) [PSYoungGen: 149522K->63128K(182272K)] 551458K->473675K(706560K), 0.0179185 secs] [Times: user=0.18 sys=0.01, real=0.02 secs] 
2016-09-25T21:56:28.831-0400: 24.356: [GC (GCLocker Initiated GC) [PSYoungGen: 171672K->40150K(185344K)] 593071K->467457K(709632K), 0.0323197 secs] [Times: user=0.38 sys=0.01, real=0.04 secs] 
2016-09-25T21:56:28.934-0400: 24.459: [GC (GCLocker Initiated GC) [PSYoungGen: 148694K->46994K(179200K)] 580605K->492916K(703488K), 0.0116057 secs] [Times: user=0.14 sys=0.00, real=0.02 secs] 
2016-09-25T21:56:29.024-0400: 24.550: [GC (GCLocker Initiated GC) [PSYoungGen: 156562K->46547K(182784K)] 602507K->492962K(707072K), 0.0208787 secs] [Times: user=0.20 sys=0.01, real=0.02 secs] 
2016-09-25T21:56:29.132-0400: 24.658: [GC (GCLocker Initiated GC) [PSYoungGen: 156115K->35987K(187904K)] 613505K->512701K(712192K), 0.0107829 secs] [Times: user=0.12 sys=0.00, real=0.02 secs] 
2016-09-25T21:56:29.246-0400: 24.772: [GC (GCLocker Initiated GC) [PSYoungGen: 154259K->41515K(188928K)] 635230K->522981K(713216K), 0.0081888 secs] [Times: user=0.07 sys=0.01, real=0.01 secs] 
2016-09-25T21:56:29.339-0400: 24.864: [GC (Allocation Failure) [PSYoungGen: 159787K->37495K(189952K)] 645331K->531706K(714240K), 0.0137030 secs] [Times: user=0.12 sys=0.00, real=0.01 secs] 
2016-09-25T21:56:29.353-0400: 24.879: [GC (GCLocker Initiated GC) --[PSYoungGen: 37662K->37662K(189952K)] 531873K->560893K(714240K), 0.0061137 secs] [Times: user=0.06 sys=0.00, real=0.01 secs] 
2016-09-25T21:56:29.359-0400: 24.885: [Full GC (Ergonomics) [PSYoungGen: 37662K->0K(189952K)] [ParOldGen: 523230K->119918K(524288K)] 560893K->119918K(714240K), [Metaspace: 43288K->43288K(1085440K)], 0.0750596 secs] [Times: user=0.56 sys=0.02, real=0.07 secs] 
2016-09-25T21:56:29.530-0400: 25.056: [GC (GCLocker Initiated GC) [PSYoungGen: 121077K->53846K(190464K)] 243696K->176465K(714752K), 0.0061292 secs] [Times: user=0.06 sys=0.00, real=0.01 secs] 
2016-09-25T21:56:29.623-0400: 25.149: [GC (GCLocker Initiated GC) [PSYoungGen: 176214K->34806K(193536K)] 304237K->167635K(717824K), 0.0121949 secs] [Times: user=0.14 sys=0.00, real=0.01 secs] 
2016-09-25T21:56:34.270-0400: 29.796: [GC (GCLocker Initiated GC) [PSYoungGen: 159222K->14386K(139264K)] 303459K->159183K(663552K), 0.0210583 secs] [Times: user=0.16 sys=0.01, real=0.02 secs] 
2016-09-25T21:56:34.367-0400: 29.893: [GC (GCLocker Initiated GC) [PSYoungGen: 138802K->49402K(190464K)] 286327K->197541K(714752K), 0.0066564 secs] [Times: user=0.05 sys=0.00, real=0.00 secs] 
2016-09-25T21:56:34.485-0400: 30.011: [GC (GCLocker Initiated GC) [PSYoungGen: 168186K->50745K(190464K)] 316463K->210235K(714752K), 0.0165409 secs] [Times: user=0.13 sys=0.00, real=0.01 secs] 
2016-09-25T21:56:34.593-0400: 30.119: [GC (GCLocker Initiated GC) [PSYoungGen: 169529K->55094K(187392K)] 329264K->220720K(711680K), 0.0085672 secs] [Times: user=0.08 sys=0.01, real=0.01 secs] 
2016-09-25T21:56:34.697-0400: 30.223: [GC (GCLocker Initiated GC) [PSYoungGen: 170806K->45354K(161280K)] 338034K->213114K(685568K), 0.0138369 secs] [Times: user=0.06 sys=0.00, real=0.01 secs] 
2016-09-25T21:56:34.802-0400: 30.328: [GC (GCLocker Initiated GC) [PSYoungGen: 161066K->69841K(178176K)] 328870K->262509K(702464K), 0.0093085 secs] [Times: user=0.10 sys=0.01, real=0.00 secs] 
2016-09-25T21:56:34.906-0400: 30.432: [GC (GCLocker Initiated GC) [PSYoungGen: 177361K->25136K(133120K)] 383670K->239983K(657408K), 0.0237692 secs] [Times: user=0.23 sys=0.02, real=0.02 secs] 
2016-09-25T21:56:35.010-0400: 30.536: [GC (GCLocker Initiated GC) [PSYoungGen: 132656K->62945K(177152K)] 347592K->278446K(701440K), 0.0069829 secs] [Times: user=0.06 sys=0.00, real=0.01 secs] 
2016-09-25T21:56:35.108-0400: 30.634: [GC (GCLocker Initiated GC) [PSYoungGen: 162273K->76422K(176128K)] 377827K->300505K(700416K), 0.0279740 secs] [Times: user=0.34 sys=0.00, real=0.03 secs] 
2016-09-25T21:56:35.251-0400: 30.777: [GC (GCLocker Initiated GC) [PSYoungGen: 175750K->39888K(175104K)] 402668K->288772K(699392K), 0.0080408 secs] [Times: user=0.06 sys=0.00, real=0.01 secs] 
2016-09-25T21:56:35.341-0400: 30.867: [GC (GCLocker Initiated GC) [PSYoungGen: 128976K->45225K(134656K)] 383363K->313531K(658944K), 0.0077217 secs] [Times: user=0.07 sys=0.00, real=0.01 secs] 
2016-09-25T21:56:35.432-0400: 30.958: [GC (GCLocker Initiated GC) [PSYoungGen: 134313K->50925K(175616K)] 410818K->338625K(699904K), 0.0143198 secs] [Times: user=0.15 sys=0.00, real=0.02 secs] 
2016-09-25T21:56:35.535-0400: 31.061: [GC (GCLocker Initiated GC) [PSYoungGen: 143085K->68391K(173056K)] 434868K->360605K(697344K), 0.0102707 secs] [Times: user=0.11 sys=0.00, real=0.01 secs] 
2016-09-25T21:56:35.631-0400: 31.157: [GC (GCLocker Initiated GC) [PSYoungGen: 160551K->45328K(178688K)] 452903K->348835K(702976K), 0.0129208 secs] [Times: user=0.15 sys=0.00, real=0.02 secs] 
2016-09-25T21:56:35.714-0400: 31.239: [GC (GCLocker Initiated GC) [PSYoungGen: 140048K->56146K(177152K)] 443665K->360141K(701440K), 0.0120664 secs] [Times: user=0.12 sys=0.00, real=0.02 secs] 
2016-09-25T21:56:35.794-0400: 31.320: [GC (GCLocker Initiated GC) [PSYoungGen: 150866K->24963K(175616K)] 463704K->338148K(699904K), 0.0211867 secs] [Times: user=0.17 sys=0.00, real=0.03 secs] 
2016-09-25T21:56:35.872-0400: 31.398: [GC (GCLocker Initiated GC) [PSYoungGen: 119171K->54652K(177152K)] 432443K->368387K(701440K), 0.0263156 secs] [Times: user=0.24 sys=0.00, real=0.03 secs] 
2016-09-25T21:56:35.956-0400: 31.482: [GC (GCLocker Initiated GC) [PSYoungGen: 148860K->64349K(175104K)] 467345K->383221K(699392K), 0.0090574 secs] [Times: user=0.08 sys=0.00, real=0.01 secs] 
2016-09-25T21:56:36.041-0400: 31.567: [GC (GCLocker Initiated GC) [PSYoungGen: 157533K->48056K(141312K)] 482009K->372967K(665600K), 0.0126285 secs] [Times: user=0.07 sys=0.01, real=0.01 secs] 
2016-09-25T21:56:36.132-0400: 31.658: [GC (GCLocker Initiated GC) [PSYoungGen: 141240K->35802K(177664K)] 479700K->374580K(701952K), 0.0102500 secs] [Times: user=0.07 sys=0.00, real=0.02 secs] 
2016-09-25T21:56:36.212-0400: 31.738: [GC (GCLocker Initiated GC) [PSYoungGen: 132058K->56002K(177152K)] 470917K->395243K(701440K), 0.0071088 secs] [Times: user=0.06 sys=0.00, real=0.01 secs] 
2016-09-25T21:56:36.278-0400: 31.804: [GC (GCLocker Initiated GC) [PSYoungGen: 152258K->58798K(180224K)] 491722K->409418K(704512K), 0.0253839 secs] [Times: user=0.25 sys=0.00, real=0.03 secs] 
2016-09-25T21:56:36.377-0400: 31.903: [GC (GCLocker Initiated GC) [PSYoungGen: 158638K->48171K(148480K)] 512042K->418179K(672768K), 0.0180025 secs] [Times: user=0.19 sys=0.00, real=0.02 secs] 
2016-09-25T21:56:36.472-0400: 31.998: [GC (GCLocker Initiated GC) [PSYoungGen: 148010K->46692K(181248K)] 522309K->437616K(705536K), 0.0094781 secs] [Times: user=0.09 sys=0.00, real=0.01 secs] 
2016-09-25T21:56:36.548-0400: 32.073: [GC (GCLocker Initiated GC) [PSYoungGen: 150116K->47966K(179200K)] 541162K->439395K(703488K), 0.0326428 secs] [Times: user=0.35 sys=0.00, real=0.03 secs] 
2016-09-25T21:56:36.662-0400: 32.188: [GC (GCLocker Initiated GC) [PSYoungGen: 151390K->30605K(181760K)] 545610K->436077K(706048K), 0.0150389 secs] [Times: user=0.13 sys=0.02, real=0.02 secs] 
2016-09-25T21:56:36.737-0400: 32.263: [GC (GCLocker Initiated GC) [PSYoungGen: 138637K->60255K(182272K)] 549542K->485037K(706560K), 0.0075685 secs] [Times: user=0.06 sys=0.00, real=0.01 secs] 
2016-09-25T21:56:36.817-0400: 32.343: [GC (GCLocker Initiated GC) [PSYoungGen: 168287K->39952K(186880K)] 597251K->474723K(711168K), 0.0107629 secs] [Times: user=0.07 sys=0.01, real=0.01 secs] 
2016-09-25T21:56:36.908-0400: 32.434: [GC (GCLocker Initiated GC) [PSYoungGen: 150544K->56204K(185856K)] 588073K->494224K(710144K), 0.0102635 secs] [Times: user=0.12 sys=0.00, real=0.01 secs] 
2016-09-25T21:56:36.990-0400: 32.516: [GC (GCLocker Initiated GC) [PSYoungGen: 166796K->52187K(184320K)] 607757K->493586K(708608K), 0.0107309 secs] [Times: user=0.10 sys=0.00, real=0.01 secs] 
2016-09-25T21:56:37.086-0400: 32.612: [GC (GCLocker Initiated GC) [PSYoungGen: 163291K->47977K(185344K)] 607598K->492699K(709632K), 0.0143263 secs] [Times: user=0.14 sys=0.02, real=0.01 secs] 
2016-09-25T21:56:37.174-0400: 32.699: [GC (GCLocker Initiated GC) [PSYoungGen: 159081K->44129K(186880K)] 607967K->501546K(711168K), 0.0113808 secs] [Times: user=0.11 sys=0.00, real=0.02 secs] 
2016-09-25T21:56:37.265-0400: 32.790: [GC (GCLocker Initiated GC) [PSYoungGen: 159841K->39938K(186368K)] 625499K->506046K(710656K), 0.0323637 secs] [Times: user=0.32 sys=0.00, real=0.03 secs] 
2016-09-25T21:56:37.370-0400: 32.896: [GC (GCLocker Initiated GC) [PSYoungGen: 155650K->53438K(189952K)] 621797K->520021K(714240K), 0.0160143 secs] [Times: user=0.15 sys=0.00, real=0.02 secs] 
2016-09-25T21:56:37.481-0400: 33.006: [GC (GCLocker Initiated GC) [PSYoungGen: 173758K->35942K(189952K)] 645447K->521567K(714240K), 0.0149163 secs] [Times: user=0.12 sys=0.00, real=0.02 secs] 
2016-09-25T21:56:37.591-0400: 33.116: [GC (GCLocker Initiated GC) [PSYoungGen: 156262K->50861K(191488K)] 647413K->553342K(715776K), 0.0224363 secs] [Times: user=0.27 sys=0.01, real=0.02 secs] 
2016-09-25T21:56:37.613-0400: 33.139: [Full GC (Ergonomics) [PSYoungGen: 50861K->0K(191488K)] [ParOldGen: 502481K->139334K(524288K)] 553342K->139334K(715776K), [Metaspace: 43307K->43307K(1085440K)], 0.0612085 secs] [Times: user=0.37 sys=0.01, real=0.07 secs] 
2016-09-25T21:56:37.759-0400: 33.285: [GC (GCLocker Initiated GC) [PSYoungGen: 122880K->49685K(192000K)] 267856K->194661K(716288K), 0.0219216 secs] [Times: user=0.27 sys=0.00, real=0.02 secs] 
2016-09-25T21:56:37.878-0400: 33.404: [GC (GCLocker Initiated GC) [PSYoungGen: 172565K->25141K(189952K)] 334002K->190010K(714240K), 0.0157063 secs] [Times: user=0.18 sys=0.00, real=0.01 secs] 
2016-09-25T21:56:37.959-0400: 33.485: [GC (GCLocker Initiated GC) [PSYoungGen: 147509K->67129K(189952K)] 315324K->235489K(714240K), 0.0143746 secs] [Times: user=0.16 sys=0.00, real=0.01 secs] 
2016-09-25T21:56:38.058-0400: 33.584: [GC (GCLocker Initiated GC) [PSYoungGen: 189497K->39949K(186880K)] 363346K->214201K(711168K), 0.0149028 secs] [Times: user=0.14 sys=0.00, real=0.01 secs] 
2016-09-25T21:56:38.188-0400: 33.713: [GC (GCLocker Initiated GC) [PSYoungGen: 154637K->34582K(188416K)] 339723K->220099K(712704K), 0.0188716 secs] [Times: user=0.20 sys=0.00, real=0.02 secs] 
2016-09-25T21:56:38.284-0400: 33.810: [GC (GCLocker Initiated GC) [PSYoungGen: 149270K->72531K(174592K)] 334951K->272229K(698880K), 0.0166186 secs] [Times: user=0.17 sys=0.02, real=0.01 secs] 
2016-09-25T21:56:38.393-0400: 33.919: [GC (GCLocker Initiated GC) [PSYoungGen: 173907K->60113K(161792K)] 373781K->265800K(686080K), 0.0297810 secs] [Times: user=0.36 sys=0.00, real=0.04 secs] 
2016-09-25T21:56:38.503-0400: 34.029: [GC (GCLocker Initiated GC) [PSYoungGen: 161489K->37176K(181760K)] 369929K->256793K(706048K), 0.0272349 secs] [Times: user=0.29 sys=0.01, real=0.02 secs] 
2016-09-25T21:56:38.624-0400: 34.150: [GC (GCLocker Initiated GC) [PSYoungGen: 137528K->39875K(140288K)] 362692K->270853K(664576K), 0.0222354 secs] [Times: user=0.24 sys=0.01, real=0.02 secs] 
2016-09-25T21:56:38.723-0400: 34.249: [GC (GCLocker Initiated GC) [PSYoungGen: 140227K->46645K(182272K)] 373935K->280742K(706560K), 0.0185163 secs] [Times: user=0.19 sys=0.00, real=0.01 secs] 
2016-09-25T21:56:38.848-0400: 34.374: [GC (GCLocker Initiated GC) [PSYoungGen: 150069K->46741K(179200K)] 386939K->284045K(703488K), 0.0109409 secs] [Times: user=0.11 sys=0.00, real=0.01 secs] 
2016-09-25T21:56:38.925-0400: 34.451: [GC (GCLocker Initiated GC) [PSYoungGen: 150165K->42557K(182784K)] 393092K->285845K(707072K), 0.0211803 secs] [Times: user=0.18 sys=0.00, real=0.02 secs] 
2016-09-25T21:56:39.043-0400: 34.569: [GC (GCLocker Initiated GC) [PSYoungGen: 152125K->39897K(180736K)] 395467K->294473K(705024K), 0.0140136 secs] [Times: user=0.15 sys=0.01, real=0.01 secs] 
2016-09-25T21:56:39.148-0400: 34.674: [GC (GCLocker Initiated GC) [PSYoungGen: 149465K->42794K(188928K)] 414874K->319398K(713216K), 0.0188865 secs] [Times: user=0.22 sys=0.00, real=0.02 secs] 
2016-09-25T21:56:39.277-0400: 34.803: [GC (GCLocker Initiated GC) [PSYoungGen: 162602K->50902K(187904K)] 439294K->341562K(712192K), 0.0146261 secs] [Times: user=0.16 sys=0.00, real=0.01 secs] 
2016-09-25T21:56:39.389-0400: 34.915: [GC (GCLocker Initiated GC) [PSYoungGen: 170710K->52150K(193024K)] 466881K->348717K(717312K), 0.0154854 secs] [Times: user=0.14 sys=0.00, real=0.02 secs] 
2016-09-25T21:56:39.499-0400: 35.025: [GC (GCLocker Initiated GC) [PSYoungGen: 177078K->52151K(193024K)] 477729K->366813K(717312K), 0.0184414 secs] [Times: user=0.22 sys=0.00, real=0.02 secs] 
2016-09-25T21:56:39.587-0400: 35.112: [GC (GCLocker Initiated GC) [PSYoungGen: 177079K->36067K(193536K)] 494510K->386409K(717824K), 0.0100327 secs] [Times: user=0.11 sys=0.01, real=0.01 secs] 
2016-09-25T21:56:39.682-0400: 35.208: [GC (GCLocker Initiated GC) [PSYoungGen: 162019K->64384K(190464K)] 519163K->435507K(714752K), 0.0110919 secs] [Times: user=0.11 sys=0.00, real=0.00 secs] 
2016-09-25T21:56:39.790-0400: 35.316: [GC (GCLocker Initiated GC) [PSYoungGen: 190336K->26501K(186368K)] 562835K->421070K(710656K), 0.0305208 secs] [Times: user=0.30 sys=0.01, real=0.03 secs] 
2016-09-25T21:56:39.897-0400: 35.423: [GC (GCLocker Initiated GC) [PSYoungGen: 141189K->46629K(161792K)] 544033K->449965K(686080K), 0.0200015 secs] [Times: user=0.18 sys=0.00, real=0.02 secs] 
2016-09-25T21:56:39.996-0400: 35.522: [GC (GCLocker Initiated GC) [PSYoungGen: 161317K->42580K(189952K)] 567477K->457232K(714240K), 0.0287820 secs] [Times: user=0.28 sys=0.01, real=0.03 secs] 
2016-09-25T21:56:40.103-0400: 35.628: [GC (GCLocker Initiated GC) [PSYoungGen: 161364K->45388K(187904K)] 578753K->473979K(712192K), 0.0105460 secs] [Times: user=0.09 sys=0.00, real=0.00 secs] 
2016-09-25T21:56:40.214-0400: 35.740: [GC (GCLocker Initiated GC) [PSYoungGen: 164172K->43962K(190976K)] 595500K->475728K(715264K), 0.0161436 secs] [Times: user=0.16 sys=0.00, real=0.02 secs] 
2016-09-25T21:56:40.316-0400: 35.842: [GC (GCLocker Initiated GC) [PSYoungGen: 167866K->44243K(188928K)] 611944K->507663K(713216K), 0.0070911 secs] [Times: user=0.07 sys=0.02, real=0.01 secs] 
2016-09-25T21:56:40.429-0400: 35.954: [GC (GCLocker Initiated GC) [PSYoungGen: 168147K->23948K(192000K)] 639680K->506772K(716288K), 0.0099342 secs] [Times: user=0.09 sys=0.01, real=0.01 secs] 
2016-09-25T21:56:40.525-0400: 36.051: [GC (GCLocker Initiated GC) [PSYoungGen: 152460K->48152K(193536K)] 638000K->534194K(717824K), 0.0196187 secs] [Times: user=0.20 sys=0.00, real=0.02 secs] 
2016-09-25T21:56:40.647-0400: 36.173: [GC (GCLocker Initiated GC) [PSYoungGen: 176664K->46677K(195072K)] 662798K->533297K(719360K), 0.0179967 secs] [Times: user=0.18 sys=0.00, real=0.02 secs] 
2016-09-25T21:56:40.774-0400: 36.300: [GC (GCLocker Initiated GC) [PSYoungGen: 178773K->40098K(196096K)] 670804K->546126K(720384K), 0.0133330 secs] [Times: user=0.16 sys=0.00, real=0.02 secs] 
2016-09-25T21:56:40.787-0400: 36.313: [Full GC (Ergonomics) [PSYoungGen: 40098K->0K(196096K)] [ParOldGen: 506027K->150852K(524288K)] 546126K->150852K(720384K), [Metaspace: 43436K->43436K(1085440K)], 0.0662101 secs] [Times: user=0.40 sys=0.02, real=0.06 secs] 
2016-09-25T21:56:40.944-0400: 36.470: [GC (GCLocker Initiated GC) [PSYoungGen: 132096K->59181K(191488K)] 282994K->210080K(715776K), 0.0117690 secs] [Times: user=0.12 sys=0.00, real=0.01 secs] 
2016-09-25T21:56:41.056-0400: 36.582: [GC (GCLocker Initiated GC) [PSYoungGen: 188205K->29301K(158720K)] 341872K->194483K(683008K), 0.0076976 secs] [Times: user=0.04 sys=0.01, real=0.01 secs] 
2016-09-25T21:56:41.147-0400: 36.673: [GC (GCLocker Initiated GC) [PSYoungGen: 158325K->37149K(196096K)] 323656K->202983K(720384K), 0.0176449 secs] [Times: user=0.17 sys=0.00, real=0.02 secs] 
2016-09-25T21:56:41.245-0400: 36.771: [GC (GCLocker Initiated GC) [PSYoungGen: 166173K->61800K(190976K)] 332187K->228273K(715264K), 0.0191634 secs] [Times: user=0.27 sys=0.01, real=0.02 secs] 
2016-09-25T21:56:41.382-0400: 36.907: [GC (GCLocker Initiated GC) [PSYoungGen: 190824K->31886K(192000K)] 370847K->223206K(716288K), 0.0154428 secs] [Times: user=0.15 sys=0.00, real=0.02 secs] 
2016-09-25T21:56:41.478-0400: 37.004: [GC (GCLocker Initiated GC) [PSYoungGen: 153230K->60184K(181760K)] 344598K->254776K(706048K), 0.0325796 secs] [Times: user=0.36 sys=0.00, real=0.03 secs] 
2016-09-25T21:56:41.616-0400: 37.142: [GC (GCLocker Initiated GC) [PSYoungGen: 181528K->35908K(189440K)] 386994K->252630K(713728K), 0.0074731 secs] [Times: user=0.06 sys=0.02, real=0.01 secs] 
2016-09-25T21:56:41.708-0400: 37.234: [GC (GCLocker Initiated GC) [PSYoungGen: 151620K->42732K(158720K)] 372629K->264221K(683008K), 0.0370248 secs] [Times: user=0.43 sys=0.01, real=0.04 secs] 
2016-09-25T21:56:41.815-0400: 37.341: [GC (GCLocker Initiated GC) [PSYoungGen: 158444K->53676K(184832K)] 385417K->281139K(709120K), 0.0093654 secs] [Times: user=0.09 sys=0.00, real=0.01 secs] 
2016-09-25T21:56:41.898-0400: 37.424: [GC (GCLocker Initiated GC) [PSYoungGen: 168364K->46742K(185856K)] 398603K->288239K(710144K), 0.0202179 secs] [Times: user=0.23 sys=0.00, real=0.02 secs] 
2016-09-25T21:56:42.006-0400: 37.532: [GC (GCLocker Initiated GC) [PSYoungGen: 161430K->33166K(190464K)] 409858K->292836K(714752K), 0.0133302 secs] [Times: user=0.08 sys=0.01, real=0.01 secs] 
2016-09-25T21:56:42.104-0400: 37.630: [GC (GCLocker Initiated GC) [PSYoungGen: 154510K->60261K(189952K)] 416931K->325883K(714240K), 0.0273960 secs] [Times: user=0.27 sys=0.00, real=0.02 secs] 
2016-09-25T21:56:42.229-0400: 37.755: [GC (GCLocker Initiated GC) [PSYoungGen: 181605K->43964K(191488K)] 456911K->325147K(715776K), 0.0092476 secs] [Times: user=0.07 sys=0.01, real=0.01 secs] 
2016-09-25T21:56:42.323-0400: 37.849: [GC (GCLocker Initiated GC) [PSYoungGen: 163772K->50809K(189952K)] 447900K->335405K(714240K), 0.0099410 secs] [Times: user=0.09 sys=0.00, real=0.00 secs] 
2016-09-25T21:56:42.405-0400: 37.931: [GC (GCLocker Initiated GC) [PSYoungGen: 170617K->47981K(190464K)] 455333K->333172K(714752K), 0.0241487 secs] [Times: user=0.24 sys=0.00, real=0.02 secs] 
2016-09-25T21:56:42.515-0400: 38.041: [GC (GCLocker Initiated GC) [PSYoungGen: 169837K->52246K(189952K)] 463163K->348715K(714240K), 0.0207334 secs] [Times: user=0.21 sys=0.00, real=0.02 secs] 
2016-09-25T21:56:42.626-0400: 38.152: [GC (GCLocker Initiated GC) [PSYoungGen: 174102K->48032K(191488K)] 470801K->358729K(715776K), 0.0096440 secs] [Times: user=0.08 sys=0.00, real=0.01 secs] 
2016-09-25T21:56:42.739-0400: 38.264: [GC (GCLocker Initiated GC) [PSYoungGen: 173984K->34553K(192512K)] 495098K->356072K(716800K), 0.0162560 secs] [Times: user=0.16 sys=0.01, real=0.02 secs] 
2016-09-25T21:56:42.840-0400: 38.366: [GC (GCLocker Initiated GC) [PSYoungGen: 160505K->33068K(195584K)] 482027K->371274K(719872K), 0.0368973 secs] [Times: user=0.34 sys=0.00, real=0.04 secs] 
2016-09-25T21:56:42.985-0400: 38.511: [GC (GCLocker Initiated GC) [PSYoungGen: 162092K->49425K(178688K)] 500323K->388036K(702976K), 0.0066153 secs] [Times: user=0.05 sys=0.00, real=0.00 secs] 
2016-09-25T21:56:43.083-0400: 38.609: [GC (GCLocker Initiated GC) [PSYoungGen: 178449K->37130K(195584K)] 519809K->384371K(719872K), 0.0292427 secs] [Times: user=0.26 sys=0.01, real=0.02 secs] 
2016-09-25T21:56:43.197-0400: 38.722: [GC (GCLocker Initiated GC) [PSYoungGen: 166666K->33275K(195072K)] 520682K->395792K(719360K), 0.0126059 secs] [Times: user=0.10 sys=0.00, real=0.01 secs] 
2016-09-25T21:56:43.334-0400: 38.859: [GC (GCLocker Initiated GC) [PSYoungGen: 162811K->31788K(195584K)] 525360K->405701K(719872K), 0.0149249 secs] [Times: user=0.14 sys=0.00, real=0.02 secs] 
2016-09-25T21:56:43.437-0400: 38.963: [GC (GCLocker Initiated GC) [PSYoungGen: 162348K->36080K(195584K)] 545515K->422413K(719872K), 0.0187750 secs] [Times: user=0.09 sys=0.01, real=0.02 secs] 
2016-09-25T21:56:43.575-0400: 39.101: [GC (GCLocker Initiated GC) [PSYoungGen: 166640K->49516K(194560K)] 557052K->448719K(718848K), 0.0142163 secs] [Times: user=0.16 sys=0.00, real=0.01 secs] 
2016-09-25T21:56:43.685-0400: 39.211: [GC (GCLocker Initiated GC) [PSYoungGen: 180588K->37285K(195584K)] 585220K->458593K(719872K), 0.0235485 secs] [Times: user=0.22 sys=0.00, real=0.02 secs] 
2016-09-25T21:56:43.794-0400: 39.320: [GC (GCLocker Initiated GC) [PSYoungGen: 168357K->59016K(189952K)] 589703K->489001K(714240K), 0.0117323 secs] [Times: user=0.07 sys=0.02, real=0.01 secs] 
2016-09-25T21:56:43.915-0400: 39.441: [GC (GCLocker Initiated GC) [PSYoungGen: 185992K->40091K(194560K)] 621581K->476214K(718848K), 0.0237456 secs] [Times: user=0.22 sys=0.01, real=0.02 secs] 
2016-09-25T21:56:44.035-0400: 39.560: [GC (GCLocker Initiated GC) [PSYoungGen: 167067K->51113K(194560K)] 605909K->490600K(718848K), 0.0219435 secs] [Times: user=0.24 sys=0.00, real=0.02 secs] 
2016-09-25T21:56:44.162-0400: 39.688: [GC (GCLocker Initiated GC) [PSYoungGen: 180137K->50000K(195584K)] 622412K->493054K(719872K), 0.0136461 secs] [Times: user=0.14 sys=0.00, real=0.01 secs] 
2016-09-25T21:56:44.275-0400: 39.801: [GC (GCLocker Initiated GC) [PSYoungGen: 179024K->44533K(190464K)] 628052K->494406K(714752K), 0.0177323 secs] [Times: user=0.18 sys=0.00, real=0.01 secs] 
2016-09-25T21:56:44.432-0400: 39.958: [GC (Allocation Failure) [PSYoungGen: 173557K->36370K(193024K)] 631659K->495485K(717312K), 0.0052452 secs] [Times: user=0.05 sys=0.00, real=0.01 secs] 
2016-09-25T21:56:44.507-0400: 40.033: [GC (GCLocker Initiated GC) [PSYoungGen: 164564K->49647K(197632K)] 626379K->512348K(721920K), 0.0152494 secs] [Times: user=0.17 sys=0.00, real=0.02 secs] 
2016-09-25T21:56:44.662-0400: 40.188: [GC (GCLocker Initiated GC) [PSYoungGen: 183791K->39237K(173568K)] 646531K->502841K(697856K), 0.0091683 secs] [Times: user=0.06 sys=0.01, real=0.00 secs] 
2016-09-25T21:56:46.846-0400: 42.372: [GC (GCLocker Initiated GC) [PSYoungGen: 173381K->49950K(197632K)] 638339K->515801K(721920K), 0.0300890 secs] [Times: user=0.27 sys=0.01, real=0.03 secs] 
2016-09-25T21:56:46.994-0400: 42.520: [GC (GCLocker Initiated GC) [PSYoungGen: 184606K->40563K(197632K)] 653268K->510263K(721920K), 0.0185091 secs] [Times: user=0.19 sys=0.00, real=0.01 secs] 
2016-09-25T21:56:47.140-0400: 42.666: [GC (GCLocker Initiated GC) [PSYoungGen: 175219K->34907K(198144K)] 645068K->529957K(722432K), 0.0155164 secs] [Times: user=0.13 sys=0.00, real=0.02 secs] 
2016-09-25T21:56:47.285-0400: 42.810: [Full GC (Ergonomics) [PSYoungGen: 171099K->0K(198144K)] [ParOldGen: 504902K->168844K(524288K)] 676002K->168844K(722432K), [Metaspace: 43467K->43467K(1085440K)], 0.1146246 secs] [Times: user=0.68 sys=0.01, real=0.11 secs] 
2016-09-25T21:56:47.527-0400: 43.053: [GC (GCLocker Initiated GC) [PSYoungGen: 136192K->57284K(193536K)] 313592K->234685K(717824K), 0.0130214 secs] [Times: user=0.11 sys=0.00, real=0.01 secs] 
2016-09-25T21:56:47.662-0400: 43.188: [GC (GCLocker Initiated GC) [PSYoungGen: 193476K->33570K(197120K)] 381754K->231312K(721408K), 0.0184824 secs] [Times: user=0.16 sys=0.01, real=0.01 secs] 
2016-09-25T21:56:47.799-0400: 43.325: [GC (GCLocker Initiated GC) [PSYoungGen: 165666K->28209K(160768K)] 371512K->259181K(685056K), 0.0379674 secs] [Times: user=0.38 sys=0.00, real=0.04 secs] 
2016-09-25T21:56:47.955-0400: 43.481: [GC (GCLocker Initiated GC) [PSYoungGen: 160305K->47073K(197120K)] 394193K->281882K(721408K), 0.0118682 secs] [Times: user=0.10 sys=0.01, real=0.01 secs] 
2016-09-25T21:56:48.082-0400: 43.608: [GC (GCLocker Initiated GC) [PSYoungGen: 178657K->47111K(179200K)] 419005K->299103K(703488K), 0.0150387 secs] [Times: user=0.18 sys=0.00, real=0.01 secs] 
2016-09-25T21:56:48.209-0400: 43.734: [GC (GCLocker Initiated GC) [PSYoungGen: 178695K->37582K(197120K)] 433411K->312097K(721408K), 0.0299489 secs] [Times: user=0.28 sys=0.00, real=0.03 secs] 
2016-09-25T21:56:48.352-0400: 43.877: [GC (GCLocker Initiated GC) [PSYoungGen: 170190K->36173K(196096K)] 450228K->317031K(720384K), 0.0510105 secs] [Times: user=0.45 sys=0.01, real=0.06 secs] 
2016-09-25T21:56:48.513-0400: 44.039: [GC (GCLocker Initiated GC) [PSYoungGen: 168781K->49632K(196096K)] 452387K->333999K(720384K), 0.0099220 secs] [Times: user=0.08 sys=0.00, real=0.02 secs] 
2016-09-25T21:56:48.634-0400: 44.160: [GC (GCLocker Initiated GC) [PSYoungGen: 183264K->45537K(196608K)] 467703K->333348K(720896K), 0.0108162 secs] [Times: user=0.10 sys=0.00, real=0.02 secs] 
2016-09-25T21:56:48.742-0400: 44.268: [GC (GCLocker Initiated GC) [PSYoungGen: 179169K->48320K(199168K)] 469754K->344972K(723456K), 0.0172225 secs] [Times: user=0.15 sys=0.00, real=0.01 secs] 
2016-09-25T21:56:48.871-0400: 44.397: [GC (GCLocker Initiated GC) [PSYoungGen: 185024K->51060K(187904K)] 481716K->353822K(712192K), 0.0084228 secs] [Times: user=0.08 sys=0.00, real=0.01 secs] 
2016-09-25T21:56:48.993-0400: 44.518: [GC (GCLocker Initiated GC) [PSYoungGen: 187764K->52599K(196608K)] 495964K->393814K(720896K), 0.0154257 secs] [Times: user=0.16 sys=0.00, real=0.02 secs] 
2016-09-25T21:56:49.121-0400: 44.647: [GC (GCLocker Initiated GC) [PSYoungGen: 185719K->52414K(185856K)] 532492K->408009K(710144K), 0.0066463 secs] [Times: user=0.07 sys=0.00, real=0.01 secs] 
2016-09-25T21:56:49.241-0400: 44.767: [GC (GCLocker Initiated GC) [PSYoungGen: 185534K->42832K(198144K)] 549341K->407290K(722432K), 0.0224355 secs] [Times: user=0.25 sys=0.00, real=0.03 secs] 
2016-09-25T21:56:49.385-0400: 44.910: [GC (GCLocker Initiated GC) [PSYoungGen: 175440K->40112K(173056K)] 542648K->426890K(697344K), 0.0191357 secs] [Times: user=0.19 sys=0.00, real=0.02 secs] 
2016-09-25T21:56:49.516-0400: 45.042: [GC (GCLocker Initiated GC) [PSYoungGen: 172720K->47135K(196608K)] 562206K->453447K(720896K), 0.0235337 secs] [Times: user=0.18 sys=0.01, real=0.02 secs] 
2016-09-25T21:56:49.662-0400: 45.187: [GC (GCLocker Initiated GC) [PSYoungGen: 180767K->38680K(195584K)] 587282K->445892K(719872K), 0.0106852 secs] [Times: user=0.05 sys=0.00, real=0.01 secs] 
2016-09-25T21:56:50.566-0400: 46.092: [GC (GCLocker Initiated GC) [PSYoungGen: 172312K->55036K(196608K)] 579668K->462992K(720896K), 0.0151215 secs] [Times: user=0.13 sys=0.00, real=0.01 secs] 
2016-09-25T21:56:50.719-0400: 46.245: [GC (GCLocker Initiated GC) [PSYoungGen: 190204K->21474K(156672K)] 617283K->465429K(680960K), 0.0400030 secs] [Times: user=0.40 sys=0.01, real=0.04 secs] 
2016-09-25T21:56:50.873-0400: 46.399: [GC (GCLocker Initiated GC) [PSYoungGen: 156642K->42948K(198144K)] 612893K->500007K(722432K), 0.0098203 secs] [Times: user=0.09 sys=0.00, real=0.02 secs] 
2016-09-25T21:56:51.939-0400: 47.465: [GC (GCLocker Initiated GC) [PSYoungGen: 175044K->42924K(175104K)] 632147K->511566K(699392K), 0.0250431 secs] [Times: user=0.24 sys=0.04, real=0.03 secs] 
2016-09-25T21:56:52.108-0400: 47.634: [GC (GCLocker Initiated GC) [PSYoungGen: 175020K->44375K(195584K)] 643706K->513719K(719872K), 0.0191157 secs] [Times: user=0.08 sys=0.03, real=0.02 secs] 
2016-09-25T21:56:52.246-0400: 47.772: [GC (GCLocker Initiated GC) [PSYoungGen: 178007K->29754K(194048K)] 657425K->536979K(718336K), 0.0174284 secs] [Times: user=0.18 sys=0.01, real=0.02 secs] 
2016-09-25T21:56:52.264-0400: 47.789: [Full GC (Ergonomics) [PSYoungGen: 29754K->0K(194048K)] [ParOldGen: 507224K->186134K(524288K)] 536979K->186134K(718336K), [Metaspace: 43485K->43485K(1085440K)], 0.0668996 secs] [Times: user=0.42 sys=0.03, real=0.06 secs] 
2016-09-25T21:56:52.458-0400: 47.984: [GC (GCLocker Initiated GC) [PSYoungGen: 133632K->46290K(200704K)] 332146K->244804K(724992K), 0.0176338 secs] [Times: user=0.20 sys=0.00, real=0.02 secs] 
2016-09-25T21:56:52.621-0400: 48.146: [GC (GCLocker Initiated GC) [PSYoungGen: 186066K->60804K(200704K)] 385577K->261560K(724992K), 0.0072490 secs] [Times: user=0.09 sys=0.00, real=0.01 secs] 
2016-09-25T21:56:52.744-0400: 48.269: [GC (GCLocker Initiated GC) [PSYoungGen: 200580K->40281K(194560K)] 404076K->255330K(718848K), 0.0240074 secs] [Times: user=0.24 sys=0.01, real=0.02 secs] 
2016-09-25T21:56:52.867-0400: 48.393: [GC (GCLocker Initiated GC) [PSYoungGen: 173401K->39073K(197632K)] 391194K->276649K(721920K), 0.0298746 secs] [Times: user=0.34 sys=0.00, real=0.03 secs] 
2016-09-25T21:56:52.994-0400: 48.520: [GC (GCLocker Initiated GC) [PSYoungGen: 172193K->52657K(196096K)] 412755K->293980K(720384K), 0.0246438 secs] [Times: user=0.27 sys=0.02, real=0.03 secs] 
2016-09-25T21:56:53.132-0400: 48.657: [GC (GCLocker Initiated GC) [PSYoungGen: 185777K->34883K(197632K)] 433923K->294690K(721920K), 0.0277885 secs] [Times: user=0.28 sys=0.00, real=0.03 secs] 
2016-09-25T21:56:53.288-0400: 48.813: [GC (GCLocker Initiated GC) [PSYoungGen: 168003K->30930K(197120K)] 431893K->295688K(721408K), 0.0619609 secs] [Times: user=0.23 sys=0.05, real=0.06 secs] 
2016-09-25T21:56:53.510-0400: 49.036: [GC (GCLocker Initiated GC) [PSYoungGen: 164562K->32069K(197632K)] 429407K->321976K(721920K), 0.0190980 secs] [Times: user=0.20 sys=0.02, real=0.02 secs] 
2016-09-25T21:56:53.650-0400: 49.175: [GC (GCLocker Initiated GC) [PSYoungGen: 165701K->53976K(193536K)] 463725K->360919K(717824K), 0.0145058 secs] [Times: user=0.13 sys=0.00, real=0.02 secs] 
2016-09-25T21:56:53.787-0400: 49.313: [GC (GCLocker Initiated GC) [PSYoungGen: 184024K->38787K(196096K)] 493821K->349414K(720384K), 0.0070064 secs] [Times: user=0.05 sys=0.01, real=0.01 secs] 
2016-09-25T21:56:53.981-0400: 49.507: [GC (GCLocker Initiated GC) [PSYoungGen: 168835K->33374K(193024K)] 487883K->353161K(717312K), 0.0098702 secs] [Times: user=0.06 sys=0.01, real=0.01 secs] 
2016-09-25T21:56:54.158-0400: 49.684: [GC (GCLocker Initiated GC) [PSYoungGen: 164958K->30836K(195072K)] 496762K->363430K(719360K), 0.0896678 secs] [Times: user=0.28 sys=0.09, real=0.09 secs] 
2016-09-25T21:56:54.396-0400: 49.922: [GC (GCLocker Initiated GC) [PSYoungGen: 162420K->46981K(198656K)] 495041K->380402K(722944K), 0.0117490 secs] [Times: user=0.12 sys=0.01, real=0.01 secs] 
2016-09-25T21:56:54.544-0400: 50.070: [GC (GCLocker Initiated GC) [PSYoungGen: 182149K->40351K(175616K)] 517017K->397517K(699904K), 0.0141530 secs] [Times: user=0.14 sys=0.01, real=0.01 secs] 
2016-09-25T21:56:54.738-0400: 50.264: [GC (GCLocker Initiated GC) [PSYoungGen: 175519K->25666K(196096K)] 539462K->390466K(720384K), 0.0540159 secs] [Times: user=0.31 sys=0.06, real=0.05 secs] 
2016-09-25T21:56:54.925-0400: 50.451: [GC (GCLocker Initiated GC) [PSYoungGen: 160322K->32224K(196608K)] 533307K->408619K(720896K), 0.0301113 secs] [Times: user=0.44 sys=0.07, real=0.03 secs] 
2016-09-25T21:56:55.068-0400: 50.594: [GC (GCLocker Initiated GC) [PSYoungGen: 166880K->30773K(198656K)] 543387K->418926K(722944K), 0.0226561 secs] [Times: user=0.28 sys=0.05, real=0.02 secs] 
2016-09-25T21:56:55.236-0400: 50.762: [GC (GCLocker Initiated GC) [PSYoungGen: 170037K->40180K(199168K)] 560931K->445271K(723456K), 0.0094569 secs] [Times: user=0.09 sys=0.03, real=0.01 secs] 
2016-09-25T21:56:55.365-0400: 50.891: [GC (GCLocker Initiated GC) [PSYoungGen: 179444K->30684K(200704K)] 591317K->464883K(724992K), 0.0218260 secs] [Times: user=0.30 sys=0.02, real=0.02 secs] 
2016-09-25T21:56:55.488-0400: 51.014: [GC (GCLocker Initiated GC) [PSYoungGen: 174044K->45578K(201216K)] 608490K->494259K(725504K), 0.0092606 secs] [Times: user=0.08 sys=0.01, real=0.01 secs] 
2016-09-25T21:56:55.582-0400: 51.107: [GC (GCLocker Initiated GC) [PSYoungGen: 188938K->45792K(201216K)] 640378K->497924K(725504K), 0.0216277 secs] [Times: user=0.29 sys=0.00, real=0.03 secs] 
2016-09-25T21:56:55.696-0400: 51.221: [GC (GCLocker Initiated GC) [PSYoungGen: 188128K->45912K(188416K)] 645698K->520485K(712704K), 0.0338922 secs] [Times: user=0.45 sys=0.01, real=0.03 secs] 
2016-09-25T21:56:55.850-0400: 51.375: [GC (GCLocker Initiated GC) [PSYoungGen: 188248K->42921K(202752K)] 669606K->525081K(727040K), 0.0154588 secs] [Times: user=0.18 sys=0.00, real=0.02 secs] 
2016-09-25T21:56:55.976-0400: 51.502: [GC (GCLocker Initiated GC) [PSYoungGen: 185257K->44246K(186880K)] 675727K->538119K(711168K), 0.0191231 secs] [Times: user=0.18 sys=0.01, real=0.02 secs] 
2016-09-25T21:56:56.114-0400: 51.640: [Full GC (Ergonomics) [PSYoungGen: 186582K->0K(186880K)] [ParOldGen: 498063K->199855K(524288K)] 684646K->199855K(711168K), [Metaspace: 43500K->43500K(1085440K)], 0.0747683 secs] [Times: user=0.59 sys=0.00, real=0.08 secs] 
2016-09-25T21:56:56.294-0400: 51.820: [GC (GCLocker Initiated GC) [PSYoungGen: 142336K->57001K(194048K)] 350324K->267690K(718336K), 0.0144389 secs] [Times: user=0.20 sys=0.01, real=0.02 secs] 
2016-09-25T21:56:56.415-0400: 51.941: [GC (GCLocker Initiated GC) [PSYoungGen: 192169K->42920K(198656K)] 404263K->277753K(722944K), 0.0164411 secs] [Times: user=0.11 sys=0.00, real=0.01 secs] 
2016-09-25T21:56:56.535-0400: 52.061: [GC (GCLocker Initiated GC) [PSYoungGen: 178088K->58005K(192512K)] 415672K->304391K(716800K), 0.0127826 secs] [Times: user=0.10 sys=0.00, real=0.01 secs] 
2016-09-25T21:56:56.635-0400: 52.161: [GC (GCLocker Initiated GC) [PSYoungGen: 189077K->42895K(196608K)] 439589K->294122K(720896K), 0.0089655 secs] [Times: user=0.10 sys=0.00, real=0.01 secs] 
2016-09-25T21:56:56.743-0400: 52.269: [GC (GCLocker Initiated GC) [PSYoungGen: 173967K->53721K(194560K)] 430679K->311174K(718848K), 0.0255740 secs] [Times: user=0.24 sys=0.01, real=0.02 secs] 
2016-09-25T21:56:56.871-0400: 52.397: [GC (GCLocker Initiated GC) [PSYoungGen: 184793K->25190K(156672K)] 450382K->307617K(680960K), 0.0135313 secs] [Times: user=0.11 sys=0.00, real=0.02 secs] 
2016-09-25T21:56:56.968-0400: 52.494: [GC (GCLocker Initiated GC) [PSYoungGen: 156262K->56664K(189440K)] 438792K->342585K(713728K), 0.0194272 secs] [Times: user=0.19 sys=0.00, real=0.02 secs] 
2016-09-25T21:56:57.091-0400: 52.617: [GC (GCLocker Initiated GC) [PSYoungGen: 179544K->51145K(192512K)] 475144K->347547K(716800K), 0.0052354 secs] [Times: user=0.05 sys=0.01, real=0.01 secs] 
2016-09-25T21:56:57.197-0400: 52.723: [GC (GCLocker Initiated GC) [PSYoungGen: 174025K->48449K(190464K)] 478649K->353833K(714752K), 0.0193564 secs] [Times: user=0.17 sys=0.00, real=0.02 secs] 
2016-09-25T21:56:57.338-0400: 52.863: [GC (GCLocker Initiated GC) [PSYoungGen: 171329K->37647K(191488K)] 483490K->366735K(715776K), 0.0161701 secs] [Times: user=0.20 sys=0.00, real=0.01 secs] 
2016-09-25T21:56:57.451-0400: 52.977: [GC (GCLocker Initiated GC) [PSYoungGen: 160527K->54036K(192512K)] 492432K->386634K(716800K), 0.0109611 secs] [Times: user=0.11 sys=0.00, real=0.01 secs] 
2016-09-25T21:56:57.565-0400: 53.091: [GC (GCLocker Initiated GC) [PSYoungGen: 178964K->44238K(169472K)] 515447K->400339K(693760K), 0.0085022 secs] [Times: user=0.06 sys=0.00, real=0.00 secs] 
2016-09-25T21:56:57.666-0400: 53.192: [GC (GCLocker Initiated GC) [PSYoungGen: 169166K->45538K(194560K)] 530723K->413181K(718848K), 0.0410303 secs] [Times: user=0.42 sys=0.00, real=0.04 secs] 
2016-09-25T21:56:57.819-0400: 53.345: [GC (GCLocker Initiated GC) [PSYoungGen: 173538K->47129K(192512K)] 545377K->435892K(716800K), 0.0147788 secs] [Times: user=0.18 sys=0.00, real=0.02 secs] 
2016-09-25T21:56:57.932-0400: 53.458: [GC (GCLocker Initiated GC) [PSYoungGen: 175129K->63355K(189440K)] 563935K->466482K(713728K), 0.0104229 secs] [Times: user=0.12 sys=0.00, real=0.02 secs] 
2016-09-25T21:56:58.049-0400: 53.575: [GC (GCLocker Initiated GC) [PSYoungGen: 189307K->55346K(181760K)] 603261K->470034K(706048K), 0.0100406 secs] [Times: user=0.10 sys=0.02, real=0.01 secs] 
2016-09-25T21:56:58.169-0400: 53.695: [GC (GCLocker Initiated GC) [PSYoungGen: 181298K->33707K(192000K)] 598719K->457370K(716288K), 0.0194162 secs] [Times: user=0.20 sys=0.00, real=0.02 secs] 
2016-09-25T21:56:58.291-0400: 53.817: [GC (GCLocker Initiated GC) [PSYoungGen: 156587K->37748K(160768K)] 582998K->483985K(685056K), 0.0143309 secs] [Times: user=0.17 sys=0.01, real=0.02 secs] 
2016-09-25T21:56:58.385-0400: 53.911: [GC (GCLocker Initiated GC) [PSYoungGen: 160628K->58143K(188416K)] 615095K->513387K(712704K), 0.0093367 secs] [Times: user=0.09 sys=0.00, real=0.01 secs] 
2016-09-25T21:56:58.512-0400: 54.038: [GC (GCLocker Initiated GC) [PSYoungGen: 177951K->29349K(149504K)] 638615K->490896K(673792K), 0.0122028 secs] [Times: user=0.12 sys=0.00, real=0.02 secs] 
2016-09-25T21:56:58.619-0400: 54.144: [GC (GCLocker Initiated GC) [PSYoungGen: 149157K->51338K(190976K)] 620393K->539557K(715264K), 0.0208870 secs] [Times: user=0.21 sys=0.00, real=0.02 secs] 
2016-09-25T21:56:58.731-0400: 54.257: [Full GC (Ergonomics) [PSYoungGen: 170634K->0K(190976K)] [ParOldGen: 496692K->216998K(524288K)] 667326K->216998K(715264K), [Metaspace: 43519K->43519K(1085440K)], 0.0995176 secs] [Times: user=0.74 sys=0.01, real=0.10 secs] 
2016-09-25T21:56:58.908-0400: 54.434: [GC (GCLocker Initiated GC) [PSYoungGen: 119296K->61091K(180736K)] 341717K->283512K(705024K), 0.0246708 secs] [Times: user=0.29 sys=0.00, real=0.02 secs] 
2016-09-25T21:56:59.024-0400: 54.550: [GC (GCLocker Initiated GC) [PSYoungGen: 180387K->25576K(185856K)] 415032K->264075K(710144K), 0.0257677 secs] [Times: user=0.19 sys=0.00, real=0.02 secs] 
2016-09-25T21:56:59.152-0400: 54.678: [GC (GCLocker Initiated GC) [PSYoungGen: 137192K->53742K(165376K)] 378535K->296065K(689664K), 0.0306043 secs] [Times: user=0.34 sys=0.00, real=0.04 secs] 
2016-09-25T21:56:59.279-0400: 54.805: [GC (GCLocker Initiated GC) [PSYoungGen: 165358K->40303K(188416K)] 409433K->295887K(712704K), 0.0184636 secs] [Times: user=0.16 sys=0.00, real=0.02 secs] 
2016-09-25T21:56:59.390-0400: 54.915: [GC (GCLocker Initiated GC) [PSYoungGen: 152943K->55158K(186368K)] 408635K->322507K(710656K), 0.0093995 secs] [Times: user=0.08 sys=0.01, real=0.01 secs] 
2016-09-25T21:56:59.516-0400: 55.042: [GC (GCLocker Initiated GC) [PSYoungGen: 167798K->35021K(187392K)] 442047K->331573K(711680K), 0.0209132 secs] [Times: user=0.18 sys=0.00, real=0.02 secs] 
2016-09-25T21:56:59.615-0400: 55.141: [GC (GCLocker Initiated GC) [PSYoungGen: 148173K->49817K(186880K)] 447476K->363507K(711168K), 0.0263190 secs] [Times: user=0.27 sys=0.01, real=0.02 secs] 
2016-09-25T21:56:59.742-0400: 55.268: [GC (GCLocker Initiated GC) [PSYoungGen: 162969K->44233K(184832K)] 479403K->361357K(709120K), 0.0135044 secs] [Times: user=0.14 sys=0.01, real=0.02 secs] 
2016-09-25T21:56:59.861-0400: 55.387: [GC (GCLocker Initiated GC) [PSYoungGen: 159945K->23897K(185856K)] 485202K->366091K(710144K), 0.0107996 secs] [Times: user=0.12 sys=0.00, real=0.01 secs] 
2016-09-25T21:56:59.964-0400: 55.489: [GC (GCLocker Initiated GC) [PSYoungGen: 139609K->63297K(181760K)] 484562K->422530K(706048K), 0.0146458 secs] [Times: user=0.14 sys=0.00, real=0.01 secs] 
2016-09-25T21:57:00.070-0400: 55.596: [GC (GCLocker Initiated GC) [PSYoungGen: 173889K->51043K(186368K)] 535877K->421911K(710656K), 0.0181634 secs] [Times: user=0.20 sys=0.00, real=0.02 secs] 
2016-09-25T21:57:00.175-0400: 55.701: [GC (GCLocker Initiated GC) [PSYoungGen: 161635K->44375K(180224K)] 542465K->442121K(704512K), 0.0112010 secs] [Times: user=0.11 sys=0.00, real=0.01 secs] 
2016-09-25T21:57:00.283-0400: 55.809: [GC (GCLocker Initiated GC) [PSYoungGen: 155991K->46747K(183808K)] 559267K->450670K(708096K), 0.0210173 secs] [Times: user=0.18 sys=0.00, real=0.02 secs] 
2016-09-25T21:57:00.390-0400: 55.916: [GC (GCLocker Initiated GC) [PSYoungGen: 158363K->42740K(184320K)] 562324K->449984K(708608K), 0.0179346 secs] [Times: user=0.20 sys=0.00, real=0.02 secs] 
2016-09-25T21:57:00.496-0400: 56.021: [GC (GCLocker Initiated GC) [PSYoungGen: 162548K->48369K(187904K)] 570564K->481295K(712192K), 0.0181759 secs] [Times: user=0.19 sys=0.00, real=0.01 secs] 
2016-09-25T21:57:00.602-0400: 56.127: [GC (GCLocker Initiated GC) [PSYoungGen: 168177K->47037K(189952K)] 610791K->506562K(714240K), 0.0234984 secs] [Times: user=0.22 sys=0.02, real=0.03 secs] 
2016-09-25T21:57:00.727-0400: 56.253: [GC (GCLocker Initiated GC) [PSYoungGen: 174013K->42806K(192512K)] 640355K->509797K(716800K), 0.0097523 secs] [Times: user=0.09 sys=0.00, real=0.01 secs] 
2016-09-25T21:57:00.830-0400: 56.355: [GC (GCLocker Initiated GC) [PSYoungGen: 169782K->59193K(192000K)] 637025K->535196K(716288K), 0.0089203 secs] [Times: user=0.08 sys=0.01, real=0.01 secs] 
2016-09-25T21:57:00.938-0400: 56.464: [GC (GCLocker Initiated GC) [PSYoungGen: 187193K->53623K(181760K)] 663251K->530304K(706048K), 0.0200030 secs] [Times: user=0.18 sys=0.01, real=0.02 secs] 
2016-09-25T21:57:01.067-0400: 56.593: [GC (GCLocker Initiated GC) [PSYoungGen: 181623K->36164K(194560K)] 670514K->539192K(718848K), 0.0156795 secs] [Times: user=0.14 sys=0.00, real=0.02 secs] 
2016-09-25T21:57:01.083-0400: 56.609: [Full GC (Ergonomics) [PSYoungGen: 36164K->0K(194560K)] [ParOldGen: 503028K->236962K(524288K)] 539192K->236962K(718848K), [Metaspace: 43519K->43519K(1085440K)], 0.0664188 secs] [Times: user=0.34 sys=0.00, real=0.06 secs] 
2016-09-25T21:57:01.260-0400: 56.786: [GC (GCLocker Initiated GC) [PSYoungGen: 126976K->34839K(194560K)] 364216K->272080K(718848K), 0.0192931 secs] [Times: user=0.19 sys=0.00, real=0.02 secs] 
2016-09-25T21:57:01.342-0400: 56.868: [GC (GCLocker Initiated GC) [PSYoungGen: 161815K->44119K(190464K)] 401795K->286258K(714752K), 0.0055833 secs] [Times: user=0.04 sys=0.00, real=0.00 secs] 
2016-09-25T21:57:01.439-0400: 56.965: [GC (GCLocker Initiated GC) [PSYoungGen: 171095K->30513K(192512K)] 419208K->279193K(716800K), 0.0169222 secs] [Times: user=0.11 sys=0.01, real=0.02 secs] 
2016-09-25T21:57:01.542-0400: 57.068: [GC (GCLocker Initiated GC) [PSYoungGen: 157489K->49524K(196096K)] 410461K->303030K(720384K), 0.0175207 secs] [Times: user=0.14 sys=0.01, real=0.01 secs] 
2016-09-25T21:57:01.653-0400: 57.178: [GC (GCLocker Initiated GC) [PSYoungGen: 179572K->44336K(174592K)] 441219K->306630K(698880K), 0.0046720 secs] [Times: user=0.04 sys=0.00, real=0.01 secs] 
2016-09-25T21:57:01.750-0400: 57.276: [GC (GCLocker Initiated GC) [PSYoungGen: 174384K->48403K(194560K)] 443539K->318101K(718848K), 0.0249898 secs] [Times: user=0.30 sys=0.00, real=0.03 secs] 
2016-09-25T21:57:01.869-0400: 57.395: [GC (GCLocker Initiated GC) [PSYoungGen: 178963K->40109K(194048K)] 451554K->313316K(718336K), 0.0090818 secs] [Times: user=0.06 sys=0.01, real=0.01 secs] 
2016-09-25T21:57:01.976-0400: 57.502: [GC (GCLocker Initiated GC) [PSYoungGen: 170669K->61696K(190464K)] 443904K->338196K(714752K), 0.0084164 secs] [Times: user=0.06 sys=0.00, real=0.01 secs] 
2016-09-25T21:57:02.076-0400: 57.602: [GC (GCLocker Initiated GC) [PSYoungGen: 189696K->40168K(195072K)] 472967K->340249K(719360K), 0.0070128 secs] [Times: user=0.06 sys=0.01, real=0.01 secs] 
2016-09-25T21:57:02.156-0400: 57.682: [GC (GCLocker Initiated GC) [PSYoungGen: 168168K->45492K(189952K)] 476376K->359638K(714240K), 0.0058393 secs] [Times: user=0.04 sys=0.01, real=0.00 secs] 
2016-09-25T21:57:02.248-0400: 57.774: [GC (GCLocker Initiated GC) [PSYoungGen: 174516K->54832K(193024K)] 491607K->372449K(717312K), 0.0404523 secs] [Times: user=0.41 sys=0.00, real=0.04 secs] 
2016-09-25T21:57:02.379-0400: 57.905: [GC (GCLocker Initiated GC) [PSYoungGen: 183856K->35940K(196608K)] 512309K->364818K(720896K), 0.0152763 secs] [Times: user=0.12 sys=0.00, real=0.02 secs] 
2016-09-25T21:57:02.472-0400: 57.998: [GC (GCLocker Initiated GC) [PSYoungGen: 167012K->49324K(180736K)] 495923K->392217K(705024K), 0.0318426 secs] [Times: user=0.28 sys=0.00, real=0.04 secs] 
2016-09-25T21:57:02.577-0400: 58.103: [GC (GCLocker Initiated GC) [PSYoungGen: 180396K->54768K(194048K)] 523432K->400903K(718336K), 0.0061454 secs] [Times: user=0.05 sys=0.01, real=0.01 secs] 
2016-09-25T21:57:02.658-0400: 58.184: [GC (GCLocker Initiated GC) [PSYoungGen: 183792K->56189K(185344K)] 532878K->405632K(709632K), 0.0249370 secs] [Times: user=0.28 sys=0.01, real=0.03 secs] 
2016-09-25T21:57:02.766-0400: 58.292: [GC (GCLocker Initiated GC) [PSYoungGen: 185213K->64408K(185856K)] 537508K->417145K(710144K), 0.0157872 secs] [Times: user=0.14 sys=0.00, real=0.01 secs] 
2016-09-25T21:57:02.850-0400: 58.375: [GC (Allocation Failure) [PSYoungGen: 182168K->26337K(144384K)] 543063K->403866K(668672K), 0.0232269 secs] [Times: user=0.21 sys=0.00, real=0.02 secs] 
2016-09-25T21:57:02.874-0400: 58.400: [GC (GCLocker Initiated GC) [PSYoungGen: 29540K->2796K(178176K)] 407070K->429462K(702464K), 0.0108159 secs] [Times: user=0.11 sys=0.00, real=0.02 secs] 
2016-09-25T21:57:02.952-0400: 58.478: [GC (GCLocker Initiated GC) [PSYoungGen: 106102K->56394K(161280K)] 535468K->485776K(685568K), 0.0169659 secs] [Times: user=0.17 sys=0.00, real=0.02 secs] 
2016-09-25T21:57:03.050-0400: 58.576: [GC (GCLocker Initiated GC) [PSYoungGen: 160842K->63001K(175616K)] 590298K->494460K(699904K), 0.0064657 secs] [Times: user=0.06 sys=0.00, real=0.01 secs] 
2016-09-25T21:57:03.125-0400: 58.651: [GC (GCLocker Initiated GC) [PSYoungGen: 158233K->49304K(178688K)] 593780K->485224K(702976K), 0.0229577 secs] [Times: user=0.22 sys=0.01, real=0.02 secs] 
2016-09-25T21:57:03.205-0400: 58.731: [GC (GCLocker Initiated GC) [PSYoungGen: 144536K->46539K(170496K)] 584650K->497825K(694784K), 0.0106708 secs] [Times: user=0.10 sys=0.00, real=0.01 secs] 
2016-09-25T21:57:03.289-0400: 58.815: [GC (GCLocker Initiated GC) [PSYoungGen: 143819K->53314K(175104K)] 597846K->507647K(699392K), 0.0074576 secs] [Times: user=0.07 sys=0.00, real=0.01 secs] 
2016-09-25T21:57:03.367-0400: 58.893: [GC (GCLocker Initiated GC) [PSYoungGen: 150594K->46738K(177664K)] 614387K->545971K(701952K), 0.0143085 secs] [Times: user=0.14 sys=0.00, real=0.01 secs] 
2016-09-25T21:57:03.381-0400: 58.907: [Full GC (Ergonomics) [PSYoungGen: 46738K->0K(177664K)] [ParOldGen: 499232K->246373K(524288K)] 545971K->246373K(701952K), [Metaspace: 43525K->43525K(1085440K)], 0.0572366 secs] [Times: user=0.30 sys=0.01, real=0.06 secs] 
2016-09-25T21:57:03.514-0400: 59.040: [GC (GCLocker Initiated GC) [PSYoungGen: 107008K->39963K(181248K)] 359733K->292689K(705536K), 0.0094981 secs] [Times: user=0.06 sys=0.00, real=0.01 secs] 
2016-09-25T21:57:03.601-0400: 59.126: [GC (GCLocker Initiated GC) [PSYoungGen: 146971K->71077K(176128K)] 399790K->324431K(700416K), 0.0182338 secs] [Times: user=0.19 sys=0.00, real=0.02 secs] 
2016-09-25T21:57:03.677-0400: 59.203: [GC (GCLocker Initiated GC) [PSYoungGen: 174501K->42559K(182784K)] 430576K->309729K(707072K), 0.0124218 secs] [Times: user=0.08 sys=0.00, real=0.01 secs] 
2016-09-25T21:57:03.746-0400: 59.272: [GC (GCLocker Initiated GC) [PSYoungGen: 145983K->46805K(175616K)] 424097K->336047K(699904K), 0.0126758 secs] [Times: user=0.11 sys=0.01, real=0.01 secs] 
2016-09-25T21:57:03.867-0400: 59.393: [GC (GCLocker Initiated GC) [PSYoungGen: 152277K->45098K(180224K)] 447042K->340252K(704512K), 0.0153798 secs] [Times: user=0.08 sys=0.00, real=0.02 secs] 
2016-09-25T21:57:03.953-0400: 59.479: [GC (GCLocker Initiated GC) [PSYoungGen: 150570K->35731K(184320K)] 449217K->334633K(708608K), 0.0250398 secs] [Times: user=0.22 sys=0.00, real=0.03 secs] 
2016-09-25T21:57:04.084-0400: 59.610: [GC (GCLocker Initiated GC) [PSYoungGen: 150419K->56079K(186880K)] 449361K->360799K(711168K), 0.0150643 secs] [Times: user=0.16 sys=0.00, real=0.01 secs] 
2016-09-25T21:57:04.175-0400: 59.701: [GC (GCLocker Initiated GC) [PSYoungGen: 170767K->37203K(188928K)] 478436K->361546K(713216K), 0.0171267 secs] [Times: user=0.17 sys=0.00, real=0.01 secs] 
2016-09-25T21:57:04.299-0400: 59.825: [GC (GCLocker Initiated GC) [PSYoungGen: 153939K->46758K(163840K)] 483686K->382331K(688128K), 0.0221876 secs] [Times: user=0.24 sys=0.00, real=0.02 secs] 
2016-09-25T21:57:04.384-0400: 59.910: [GC (GCLocker Initiated GC) [PSYoungGen: 163494K->61678K(183808K)] 499181K->397864K(708096K), 0.0255665 secs] [Times: user=0.27 sys=0.01, real=0.02 secs] 
2016-09-25T21:57:04.522-0400: 60.048: [GC (Allocation Failure) [PSYoungGen: 175854K->41304K(187392K)] 521705K->387589K(711680K), 0.0174451 secs] [Times: user=0.17 sys=0.01, real=0.02 secs] 
2016-09-25T21:57:04.540-0400: 60.065: [GC (GCLocker Initiated GC) [PSYoungGen: 41664K->64K(179200K)] 387949K->392935K(703488K), 0.0059669 secs] [Times: user=0.05 sys=0.00, real=0.01 secs] 
2016-09-25T21:57:04.630-0400: 60.156: [GC (GCLocker Initiated GC) [PSYoungGen: 104943K->53604K(161280K)] 500514K->449175K(685568K), 0.0255078 secs] [Times: user=0.29 sys=0.01, real=0.03 secs] 
2016-09-25T21:57:04.742-0400: 60.267: [GC (GCLocker Initiated GC) [PSYoungGen: 161124K->38619K(186880K)] 556778K->434755K(711168K), 0.0055723 secs] [Times: user=0.04 sys=0.00, real=0.01 secs] 
2016-09-25T21:57:04.866-0400: 60.392: [GC (GCLocker Initiated GC) [PSYoungGen: 147675K->33245K(142336K)] 557378K->448864K(666624K), 0.0297724 secs] [Times: user=0.34 sys=0.01, real=0.03 secs] 
2016-09-25T21:57:04.979-0400: 60.504: [GC (GCLocker Initiated GC) [PSYoungGen: 142301K->37402K(185856K)] 563356K->475214K(710144K), 0.0168456 secs] [Times: user=0.15 sys=0.00, real=0.02 secs] 
2016-09-25T21:57:05.104-0400: 60.629: [GC (GCLocker Initiated GC) [PSYoungGen: 149018K->40500K(183296K)] 589772K->511642K(707584K), 0.0199543 secs] [Times: user=0.17 sys=0.02, real=0.02 secs] 
2016-09-25T21:57:05.191-0400: 60.717: [GC (GCLocker Initiated GC) [PSYoungGen: 152116K->68522K(178176K)] 623302K->543222K(702464K), 0.0128598 secs] [Times: user=0.13 sys=0.00, real=0.02 secs] 
2016-09-25T21:57:05.305-0400: 60.831: [Full GC (Ergonomics) [PSYoungGen: 177578K->0K(178176K)] [ParOldGen: 489555K->254290K(524288K)] 667133K->254290K(702464K), [Metaspace: 43531K->43531K(1085440K)], 0.0676056 secs] [Times: user=0.33 sys=0.00, real=0.06 secs] 
2016-09-25T21:57:05.472-0400: 60.998: [GC (GCLocker Initiated GC) [PSYoungGen: 109056K->66572K(176128K)] 363590K->321107K(700416K), 0.0281432 secs] [Times: user=0.30 sys=0.01, real=0.03 secs] 
2016-09-25T21:57:05.590-0400: 61.116: [GC (GCLocker Initiated GC) [PSYoungGen: 175628K->36105K(182784K)] 434571K->300142K(707072K), 0.0195568 secs] [Times: user=0.22 sys=0.00, real=0.02 secs] 
2016-09-25T21:57:05.678-0400: 61.204: [GC (GCLocker Initiated GC) [PSYoungGen: 137481K->49552K(151040K)] 401573K->314313K(675328K), 0.0079227 secs] [Times: user=0.04 sys=0.01, real=0.01 secs] 
2016-09-25T21:57:05.760-0400: 61.286: [GC (GCLocker Initiated GC) [PSYoungGen: 150928K->29626K(179712K)] 425270K->323500K(704000K), 0.0216722 secs] [Times: user=0.24 sys=0.00, real=0.03 secs] 
2016-09-25T21:57:05.865-0400: 61.391: [GC (GCLocker Initiated GC) [PSYoungGen: 131514K->67316K(179200K)] 428092K->364762K(703488K), 0.0102211 secs] [Times: user=0.12 sys=0.00, real=0.01 secs] 
2016-09-25T21:57:05.971-0400: 61.497: [GC (GCLocker Initiated GC) [PSYoungGen: 169204K->62016K(175616K)] 466713K->360147K(699904K), 0.0259966 secs] [Times: user=0.30 sys=0.00, real=0.03 secs] 
2016-09-25T21:57:06.084-0400: 61.610: [GC (GCLocker Initiated GC) [PSYoungGen: 155200K->44604K(138240K)] 457197K->377127K(662528K), 0.0276244 secs] [Times: user=0.33 sys=0.00, real=0.02 secs] 
2016-09-25T21:57:06.183-0400: 61.709: [GC (GCLocker Initiated GC) [PSYoungGen: 137788K->62162K(174592K)] 473252K->398597K(698880K), 0.0126093 secs] [Times: user=0.13 sys=0.01, real=0.01 secs] 
2016-09-25T21:57:06.280-0400: 61.806: [GC (GCLocker Initiated GC) [PSYoungGen: 155346K->44337K(176640K)] 492468K->382205K(700928K), 0.0193809 secs] [Times: user=0.22 sys=0.00, real=0.02 secs] 
2016-09-25T21:57:06.391-0400: 61.917: [GC (GCLocker Initiated GC) [PSYoungGen: 137521K->33948K(178176K)] 491627K->388831K(702464K), 0.0182341 secs] [Times: user=0.19 sys=0.00, real=0.02 secs] 
2016-09-25T21:57:06.482-0400: 62.007: [GC (GCLocker Initiated GC) [PSYoungGen: 131740K->56748K(178176K)] 489462K->420807K(702464K), 0.0147403 secs] [Times: user=0.14 sys=0.00, real=0.02 secs] 
2016-09-25T21:57:06.579-0400: 62.105: [GC (GCLocker Initiated GC) [PSYoungGen: 154540K->48751K(175616K)] 524118K->419237K(699904K), 0.0292222 secs] [Times: user=0.28 sys=0.01, real=0.03 secs] 
2016-09-25T21:57:06.715-0400: 62.241: [GC (GCLocker Initiated GC) [PSYoungGen: 150127K->44510K(178688K)] 523323K->421371K(702976K), 0.0167995 secs] [Times: user=0.16 sys=0.01, real=0.01 secs] 
2016-09-25T21:57:06.817-0400: 62.343: [GC (GCLocker Initiated GC) [PSYoungGen: 145886K->52889K(181760K)] 527036K->435061K(706048K), 0.0110511 secs] [Times: user=0.12 sys=0.00, real=0.01 secs] 
2016-09-25T21:57:06.908-0400: 62.434: [GC (GCLocker Initiated GC) [PSYoungGen: 162457K->37938K(183808K)] 555532K->432130K(708096K), 0.0099811 secs] [Times: user=0.07 sys=0.01, real=0.01 secs] 
2016-09-25T21:57:07.030-0400: 62.556: [GC (GCLocker Initiated GC) [PSYoungGen: 147506K->33773K(186368K)] 547120K->450747K(710656K), 0.0230610 secs] [Times: user=0.21 sys=0.01, real=0.02 secs] 
2016-09-25T21:57:07.141-0400: 62.667: [GC (GCLocker Initiated GC) [PSYoungGen: 147949K->47736K(187392K)] 574888K->475689K(711680K), 0.0182612 secs] [Times: user=0.20 sys=0.00, real=0.02 secs] 
2016-09-25T21:57:07.267-0400: 62.793: [GC (GCLocker Initiated GC) [PSYoungGen: 161912K->47389K(185856K)] 590035K->482196K(710144K), 0.0203374 secs] [Times: user=0.20 sys=0.00, real=0.02 secs] 
2016-09-25T21:57:07.411-0400: 62.937: [GC (GCLocker Initiated GC) [PSYoungGen: 165149K->43247K(186880K)] 599960K->481732K(711168K), 0.0192264 secs] [Times: user=0.18 sys=0.00, real=0.02 secs] 
2016-09-25T21:57:07.526-0400: 63.052: [GC (GCLocker Initiated GC) [PSYoungGen: 161007K->39313K(191488K)] 602629K->482067K(715776K), 0.0221202 secs] [Times: user=0.20 sys=0.01, real=0.02 secs] 
2016-09-25T21:57:07.680-0400: 63.206: [GC (GCLocker Initiated GC) [PSYoungGen: 164753K->47498K(192000K)] 614290K->509140K(716288K), 0.0145454 secs] [Times: user=0.15 sys=0.01, real=0.02 secs] 
2016-09-25T21:57:07.784-0400: 63.310: [GC (GCLocker Initiated GC) [PSYoungGen: 172938K->45039K(193536K)] 640125K->524208K(717824K), 0.0225267 secs] [Times: user=0.25 sys=0.00, real=0.02 secs] 
2016-09-25T21:57:07.933-0400: 63.459: [GC (GCLocker Initiated GC) [PSYoungGen: 175599K->48887K(194048K)] 654838K->529485K(718336K), 0.0281292 secs] [Times: user=0.30 sys=0.01, real=0.03 secs] 
2016-09-25T21:57:08.066-0400: 63.591: [GC (GCLocker Initiated GC) [PSYoungGen: 179447K->58523K(193024K)] 665641K->556723K(717312K), 0.0210116 secs] [Times: user=0.17 sys=0.00, real=0.02 secs] 
2016-09-25T21:57:08.188-0400: 63.714: [Full GC (Ergonomics) [PSYoungGen: 188571K->0K(193024K)] [ParOldGen: 503640K->278857K(524288K)] 692212K->278857K(717312K), [Metaspace: 43545K->43545K(1085440K)], 0.0743986 secs] [Times: user=0.38 sys=0.03, real=0.08 secs] 
2016-09-25T21:57:08.387-0400: 63.913: [GC (GCLocker Initiated GC) [PSYoungGen: 130048K->44234K(196096K)] 409085K->323272K(720384K), 0.0265391 secs] [Times: user=0.24 sys=0.00, real=0.02 secs] 
2016-09-25T21:57:08.512-0400: 64.038: [GC (GCLocker Initiated GC) [PSYoungGen: 174282K->48895K(192512K)] 453413K->341041K(716800K), 0.0152287 secs] [Times: user=0.20 sys=0.00, real=0.02 secs] 
2016-09-25T21:57:08.643-0400: 64.169: [GC (GCLocker Initiated GC) [PSYoungGen: 180479K->42318K(195072K)] 473776K->342364K(719360K), 0.0243371 secs] [Times: user=0.22 sys=0.00, real=0.02 secs] 
2016-09-25T21:57:08.807-0400: 64.333: [GC (GCLocker Initiated GC) [PSYoungGen: 173902K->22104K(194560K)] 487408K->350616K(718848K), 0.0389590 secs] [Times: user=0.40 sys=0.00, real=0.04 secs] 
2016-09-25T21:57:08.948-0400: 64.474: [GC (GCLocker Initiated GC) [PSYoungGen: 154200K->52904K(185344K)] 482726K->382939K(709632K), 0.0155234 secs] [Times: user=0.13 sys=0.00, real=0.02 secs] 
2016-09-25T21:57:09.088-0400: 64.613: [GC (GCLocker Initiated GC) [PSYoungGen: 185000K->35633K(196096K)] 528596K->380441K(720384K), 0.0228697 secs] [Times: user=0.23 sys=0.00, real=0.02 secs] 
2016-09-25T21:57:09.248-0400: 64.774: [GC (GCLocker Initiated GC) [PSYoungGen: 165169K->57302K(186880K)] 512769K->406409K(711168K), 0.0107652 secs] [Times: user=0.11 sys=0.01, real=0.01 secs] 
2016-09-25T21:57:09.389-0400: 64.915: [GC (GCLocker Initiated GC) [PSYoungGen: 186838K->54349K(191488K)] 536129K->407685K(715776K), 0.0434063 secs] [Times: user=0.44 sys=0.00, real=0.04 secs] 
2016-09-25T21:57:09.557-0400: 65.083: [GC (GCLocker Initiated GC) [PSYoungGen: 177229K->36737K(192512K)] 536352K->397207K(716800K), 0.0231928 secs] [Times: user=0.22 sys=0.01, real=0.02 secs] 
2016-09-25T21:57:09.689-0400: 65.215: [GC (GCLocker Initiated GC) [PSYoungGen: 159617K->50224K(190976K)] 528240K->420267K(715264K), 0.0102945 secs] [Times: user=0.09 sys=0.02, real=0.01 secs] 
2016-09-25T21:57:09.828-0400: 65.354: [GC (GCLocker Initiated GC) [PSYoungGen: 173616K->43374K(192000K)] 549257K->419995K(716288K), 0.0136406 secs] [Times: user=0.12 sys=0.00, real=0.01 secs] 
2016-09-25T21:57:09.927-0400: 65.452: [GC (GCLocker Initiated GC) [PSYoungGen: 166766K->42961K(191488K)] 543408K->420482K(715776K), 0.0137859 secs] [Times: user=0.12 sys=0.00, real=0.01 secs] 
2016-09-25T21:57:10.033-0400: 65.559: [GC (GCLocker Initiated GC) [PSYoungGen: 169937K->43270K(192000K)] 550343K->424555K(716288K), 0.0179509 secs] [Times: user=0.13 sys=0.00, real=0.02 secs] 
2016-09-25T21:57:10.151-0400: 65.677: [GC (GCLocker Initiated GC) [PSYoungGen: 170246K->38982K(196096K)] 555803K->430999K(720384K), 0.0406210 secs] [Times: user=0.44 sys=0.01, real=0.04 secs] 
2016-09-25T21:57:10.308-0400: 65.834: [GC (GCLocker Initiated GC) [PSYoungGen: 172614K->40621K(196096K)] 572850K->441799K(720384K), 0.0116299 secs] [Times: user=0.11 sys=0.00, real=0.01 secs] 
2016-09-25T21:57:10.449-0400: 65.975: [GC (GCLocker Initiated GC) [PSYoungGen: 174253K->40718K(198656K)] 582561K->450128K(722944K), 0.0096958 secs] [Times: user=0.08 sys=0.00, real=0.01 secs] 
2016-09-25T21:57:10.586-0400: 66.112: [GC (GCLocker Initiated GC) [PSYoungGen: 178958K->23968K(198656K)] 593797K->458827K(722944K), 0.0450626 secs] [Times: user=0.39 sys=0.00, real=0.04 secs] 
2016-09-25T21:57:10.736-0400: 66.262: [GC (GCLocker Initiated GC) [PSYoungGen: 162208K->52500K(196096K)] 598453K->489491K(720384K), 0.0138890 secs] [Times: user=0.11 sys=0.01, real=0.01 secs] 
2016-09-25T21:57:10.854-0400: 66.380: [GC (GCLocker Initiated GC) [PSYoungGen: 186644K->40100K(198144K)] 629103K->483415K(722432K), 0.0342407 secs] [Times: user=0.35 sys=0.00, real=0.04 secs] 
2016-09-25T21:57:10.996-0400: 66.521: [GC (GCLocker Initiated GC) [PSYoungGen: 174244K->54059K(195584K)] 621735K->504896K(719872K), 0.0261179 secs] [Times: user=0.35 sys=0.00, real=0.02 secs] 
2016-09-25T21:57:11.138-0400: 66.664: [GC (GCLocker Initiated GC) [PSYoungGen: 187179K->29439K(162816K)] 651698K->497460K(687104K), 0.0101275 secs] [Times: user=0.08 sys=0.00, real=0.01 secs] 
2016-09-25T21:57:11.246-0400: 66.771: [GC (GCLocker Initiated GC) [PSYoungGen: 162559K->34651K(198144K)] 633502K->519855K(722432K), 0.0107134 secs] [Times: user=0.06 sys=0.01, real=0.01 secs] 
2016-09-25T21:57:11.359-0400: 66.885: [GC (GCLocker Initiated GC) [PSYoungGen: 167771K->41342K(174592K)] 662704K->536905K(698880K), 0.0166429 secs] [Times: user=0.19 sys=0.00, real=0.02 secs] 
2016-09-25T21:57:11.492-0400: 67.018: [Full GC (Ergonomics) [PSYoungGen: 174462K->0K(174592K)] [ParOldGen: 507741K->297019K(524288K)] 682204K->297019K(698880K), [Metaspace: 43594K->43594K(1085440K)], 0.0697764 secs] [Times: user=0.39 sys=0.01, real=0.07 secs] 
2016-09-25T21:57:11.679-0400: 67.205: [GC (GCLocker Initiated GC) [PSYoungGen: 133120K->40583K(197120K)] 441026K->348490K(721408K), 0.0080630 secs] [Times: user=0.08 sys=0.00, real=0.01 secs] 
2016-09-25T21:57:11.807-0400: 67.333: [GC (GCLocker Initiated GC) [PSYoungGen: 175751K->53732K(195072K)] 483673K->362514K(719360K), 0.0179127 secs] [Times: user=0.19 sys=0.00, real=0.02 secs] 
2016-09-25T21:57:11.939-0400: 67.464: [GC (GCLocker Initiated GC) [PSYoungGen: 188900K->38826K(200704K)] 503099K->364571K(724992K), 0.0060059 secs] [Times: user=0.04 sys=0.01, real=0.01 secs] 
2016-09-25T21:57:12.015-0400: 67.541: [GC (GCLocker Initiated GC) [PSYoungGen: 176554K->57953K(196096K)] 502375K->384440K(720384K), 0.0097610 secs] [Times: user=0.07 sys=0.00, real=0.01 secs] 
2016-09-25T21:57:12.132-0400: 67.658: [GC (GCLocker Initiated GC) [PSYoungGen: 195681K->40277K(198144K)] 524872K->370249K(722432K), 0.0143473 secs] [Times: user=0.15 sys=0.00, real=0.02 secs] 
2016-09-25T21:57:12.242-0400: 67.768: [GC (GCLocker Initiated GC) [PSYoungGen: 172885K->59164K(192000K)] 505587K->392538K(716288K), 0.0156166 secs] [Times: user=0.14 sys=0.01, real=0.02 secs] 
2016-09-25T21:57:12.357-0400: 67.882: [GC (GCLocker Initiated GC) [PSYoungGen: 191772K->33367K(194560K)] 528085K->386578K(718848K), 0.0099973 secs] [Times: user=0.07 sys=0.00, real=0.01 secs] 
2016-09-25T21:57:12.453-0400: 67.978: [GC (GCLocker Initiated GC) [PSYoungGen: 160343K->37515K(164864K)] 518225K->396044K(689152K), 0.0092871 secs] [Times: user=0.07 sys=0.00, real=0.01 secs] 
2016-09-25T21:57:12.546-0400: 68.071: [GC (GCLocker Initiated GC) [PSYoungGen: 164491K->46865K(194048K)] 528527K->411638K(718336K), 0.0357600 secs] [Times: user=0.32 sys=0.00, real=0.03 secs] 
2016-09-25T21:57:12.686-0400: 68.212: [GC (GCLocker Initiated GC) [PSYoungGen: 174865K->29404K(193024K)] 541761K->410501K(717312K), 0.0097762 secs] [Times: user=0.08 sys=0.00, real=0.01 secs] 
2016-09-25T21:57:12.796-0400: 68.322: [GC (GCLocker Initiated GC) [PSYoungGen: 157404K->37653K(194560K)] 541287K->435779K(718848K), 0.0202034 secs] [Times: user=0.20 sys=0.00, real=0.02 secs] 
2016-09-25T21:57:12.920-0400: 68.446: [GC (GCLocker Initiated GC) [PSYoungGen: 169237K->48578K(195584K)] 578259K->458334K(719872K), 0.0097226 secs] [Times: user=0.07 sys=0.00, real=0.01 secs] 
2016-09-25T21:57:13.042-0400: 68.568: [GC (GCLocker Initiated GC) [PSYoungGen: 180162K->34847K(196608K)] 595354K->475267K(720896K), 0.0190705 secs] [Times: user=0.16 sys=0.00, real=0.02 secs] 
2016-09-25T21:57:13.154-0400: 68.680: [GC (GCLocker Initiated GC) [PSYoungGen: 168479K->34939K(197120K)] 610423K->493868K(721408K), 0.0136808 secs] [Times: user=0.14 sys=0.00, real=0.01 secs] 
2016-09-25T21:57:13.297-0400: 68.823: [GC (GCLocker Initiated GC) [PSYoungGen: 168571K->40443K(195072K)] 638366K->511201K(719360K), 0.0070856 secs] [Times: user=0.07 sys=0.00, real=0.01 secs] 
2016-09-25T21:57:13.413-0400: 68.939: [GC (GCLocker Initiated GC) [PSYoungGen: 176635K->28525K(196608K)] 650283K->511262K(720896K), 0.0245490 secs] [Times: user=0.27 sys=0.00, real=0.03 secs] 
2016-09-25T21:57:13.562-0400: 69.088: [GC (GCLocker Initiated GC) [PSYoungGen: 164717K->30865K(200704K)] 661103K->528208K(724992K), 0.0122228 secs] [Times: user=0.13 sys=0.00, real=0.01 secs] 
2016-09-25T21:57:13.719-0400: 69.245: [Full GC (Ergonomics) [PSYoungGen: 172177K->0K(200704K)] [ParOldGen: 502814K->310109K(524288K)] 674991K->310109K(724992K), [Metaspace: 43603K->43603K(1085440K)], 0.0952718 secs] [Times: user=0.62 sys=0.01, real=0.10 secs] 
2016-09-25T21:57:13.949-0400: 69.475: [GC (GCLocker Initiated GC) [PSYoungGen: 141312K->39537K(201216K)] 458190K->356415K(725504K), 0.0076684 secs] [Times: user=0.08 sys=0.00, real=0.01 secs] 
2016-09-25T21:57:14.079-0400: 69.605: [GC (GCLocker Initiated GC) [PSYoungGen: 180849K->45856K(200704K)] 500653K->371088K(724992K), 0.0138018 secs] [Times: user=0.15 sys=0.00, real=0.02 secs] 
2016-09-25T21:57:14.195-0400: 69.721: [GC (GCLocker Initiated GC) [PSYoungGen: 188192K->41934K(201216K)] 521552K->376136K(725504K), 0.0110582 secs] [Times: user=0.13 sys=0.01, real=0.01 secs] 
2016-09-25T21:57:14.339-0400: 69.864: [GC (GCLocker Initiated GC) [PSYoungGen: 184270K->57848K(189952K)] 518474K->398430K(714240K), 0.0069686 secs] [Times: user=0.05 sys=0.00, real=0.01 secs] 
2016-09-25T21:57:14.423-0400: 69.948: [GC (GCLocker Initiated GC) [PSYoungGen: 189944K->36212K(197120K)] 536033K->383073K(721408K), 0.0408081 secs] [Times: user=0.43 sys=0.01, real=0.04 secs] 
2016-09-25T21:57:14.592-0400: 70.118: [GC (GCLocker Initiated GC) [PSYoungGen: 168308K->47336K(196096K)] 522012K->423504K(720384K), 0.0275196 secs] [Times: user=0.38 sys=0.01, real=0.03 secs] 
2016-09-25T21:57:14.741-0400: 70.267: [GC (GCLocker Initiated GC) [PSYoungGen: 180456K->37792K(197120K)] 569278K->441030K(721408K), 0.0104365 secs] [Times: user=0.13 sys=0.00, real=0.01 secs] 
2016-09-25T21:57:14.864-0400: 70.390: [GC (GCLocker Initiated GC) [PSYoungGen: 170912K->49773K(196608K)] 577004K->456615K(720896K), 0.0151735 secs] [Times: user=0.18 sys=0.00, real=0.01 secs] 
2016-09-25T21:57:14.981-0400: 70.507: [GC (GCLocker Initiated GC) [PSYoungGen: 183917K->32164K(197632K)] 601632K->461420K(721920K), 0.0338653 secs] [Times: user=0.43 sys=0.00, real=0.04 secs] 
2016-09-25T21:57:15.114-0400: 70.640: [GC (GCLocker Initiated GC) [PSYoungGen: 166308K->60612K(188928K)] 596530K->491644K(713216K), 0.0117915 secs] [Times: user=0.11 sys=0.01, real=0.01 secs] 
2016-09-25T21:57:15.220-0400: 70.746: [GC (GCLocker Initiated GC) [PSYoungGen: 186564K->48427K(194048K)] 620332K->496467K(718336K), 0.0108310 secs] [Times: user=0.12 sys=0.02, real=0.01 secs] 
2016-09-25T21:57:15.340-0400: 70.866: [GC (GCLocker Initiated GC) [PSYoungGen: 174379K->56526K(190464K)] 625153K->526913K(714752K), 0.0084984 secs] [Times: user=0.08 sys=0.00, real=0.01 secs] 
2016-09-25T21:57:15.437-0400: 70.963: [GC (GCLocker Initiated GC) [PSYoungGen: 179406K->47011K(192512K)] 654105K->538597K(716800K), 0.0179894 secs] [Times: user=0.19 sys=0.01, real=0.02 secs] 
2016-09-25T21:57:15.532-0400: 71.058: [GC (GCLocker Initiated GC) [PSYoungGen: 169891K->42767K(187904K)] 664292K->537792K(712192K), 0.0234073 secs] [Times: user=0.23 sys=0.00, real=0.03 secs] 
2016-09-25T21:57:15.655-0400: 71.181: [Full GC (Ergonomics) [PSYoungGen: 167183K->0K(187904K)] [ParOldGen: 500455K->322179K(524288K)] 667639K->322179K(712192K), [Metaspace: 43603K->43603K(1085440K)], 0.0832774 secs] [Times: user=0.43 sys=0.02, real=0.08 secs] 
2016-09-25T21:57:15.851-0400: 71.377: [GC (GCLocker Initiated GC) [PSYoungGen: 124416K->51290K(190464K)] 453408K->380283K(714752K), 0.0114851 secs] [Times: user=0.14 sys=0.00, real=0.02 secs] 
2016-09-25T21:57:15.962-0400: 71.488: [GC (GCLocker Initiated GC) [PSYoungGen: 175706K->41426K(193536K)] 508797K->384811K(717824K), 0.0238422 secs] [Times: user=0.20 sys=0.01, real=0.02 secs] 
2016-09-25T21:57:16.085-0400: 71.611: [GC (GCLocker Initiated GC) [PSYoungGen: 170962K->56473K(194560K)] 514453K->406010K(718848K), 0.0331706 secs] [Times: user=0.31 sys=0.01, real=0.03 secs] 
2016-09-25T21:57:16.222-0400: 71.748: [GC (GCLocker Initiated GC) [PSYoungGen: 186009K->59206K(188928K)] 541079K->414837K(713216K), 0.0175872 secs] [Times: user=0.16 sys=0.01, real=0.01 secs] 
2016-09-25T21:57:16.330-0400: 71.856: [GC (GCLocker Initiated GC) [PSYoungGen: 181062K->45355K(192000K)] 536782K->404432K(716288K), 0.0128065 secs] [Times: user=0.08 sys=0.00, real=0.02 secs] 
2016-09-25T21:57:16.433-0400: 71.959: [GC (GCLocker Initiated GC) [PSYoungGen: 167211K->37541K(189952K)] 538581K->420291K(714240K), 0.0416076 secs] [Times: user=0.43 sys=0.00, real=0.05 secs] 
2016-09-25T21:57:16.589-0400: 72.115: [GC (GCLocker Initiated GC) [PSYoungGen: 161445K->33299K(191488K)] 551010K->447840K(715776K), 0.0122557 secs] [Times: user=0.11 sys=0.00, real=0.01 secs] 
2016-09-25T21:57:16.692-0400: 72.218: [GC (GCLocker Initiated GC) [PSYoungGen: 157203K->38763K(192000K)] 577763K->468042K(716288K), 0.0231043 secs] [Times: user=0.19 sys=0.00, real=0.03 secs] 
2016-09-25T21:57:16.798-0400: 72.324: [GC (GCLocker Initiated GC) [PSYoungGen: 165227K->42750K(193024K)] 599921K->483511K(717312K), 0.0108575 secs] [Times: user=0.09 sys=0.00, real=0.01 secs] 
2016-09-25T21:57:16.897-0400: 72.423: [GC (GCLocker Initiated GC) [PSYoungGen: 169214K->64641K(186880K)] 612793K->508791K(711168K), 0.0154699 secs] [Times: user=0.16 sys=0.00, real=0.01 secs] 
2016-09-25T21:57:17.003-0400: 72.529: [GC (GCLocker Initiated GC) [PSYoungGen: 186497K->52267K(192000K)] 633405K->502490K(716288K), 0.0139796 secs] [Times: user=0.13 sys=0.01, real=0.01 secs] 
2016-09-25T21:57:17.111-0400: 72.637: [GC (GCLocker Initiated GC) [PSYoungGen: 174123K->29253K(190976K)] 631120K->486849K(715264K), 0.0262240 secs] [Times: user=0.24 sys=0.00, real=0.03 secs] 
2016-09-25T21:57:17.224-0400: 72.750: [GC (GCLocker Initiated GC) [PSYoungGen: 150085K->45520K(166400K)] 613117K->528083K(690688K), 0.0306081 secs] [Times: user=0.31 sys=0.01, real=0.03 secs] 
2016-09-25T21:57:17.349-0400: 72.875: [GC (GCLocker Initiated GC) [PSYoungGen: 166352K->34735K(190464K)] 648917K->536850K(714752K), 0.0107104 secs] [Times: user=0.09 sys=0.01, real=0.01 secs] 
2016-09-25T21:57:17.360-0400: 72.885: [Full GC (Ergonomics) [PSYoungGen: 34735K->0K(190464K)] [ParOldGen: 502115K->325824K(524288K)] 536850K->325824K(714752K), [Metaspace: 43634K->43634K(1087488K)], 0.0693364 secs] [Times: user=0.35 sys=0.01, real=0.07 secs] 
2016-09-25T21:57:17.518-0400: 73.044: [GC (GCLocker Initiated GC) [PSYoungGen: 121856K->54230K(189952K)] 453182K->385557K(714240K), 0.0293268 secs] [Times: user=0.25 sys=0.01, real=0.03 secs] 
2016-09-25T21:57:17.635-0400: 73.161: [GC (GCLocker Initiated GC) [PSYoungGen: 176086K->33370K(193024K)] 510201K->379569K(717312K), 0.0116383 secs] [Times: user=0.09 sys=0.00, real=0.01 secs] 
2016-09-25T21:57:17.734-0400: 73.259: [GC (GCLocker Initiated GC) [PSYoungGen: 157274K->52273K(176640K)] 503525K->399086K(700928K), 0.0272066 secs] [Times: user=0.29 sys=0.01, real=0.03 secs] 
2016-09-25T21:57:17.851-0400: 73.377: [GC (GCLocker Initiated GC) [PSYoungGen: 176177K->28006K(191488K)] 537145K->397703K(715776K), 0.0088330 secs] [Times: user=0.10 sys=0.00, real=0.01 secs] 
2016-09-25T21:57:17.936-0400: 73.462: [GC (GCLocker Initiated GC) [PSYoungGen: 149862K->64554K(186880K)] 522500K->440585K(711168K), 0.0289753 secs] [Times: user=0.36 sys=0.00, real=0.03 secs] 
2016-09-25T21:57:18.069-0400: 73.595: [GC (GCLocker Initiated GC) [PSYoungGen: 186410K->54912K(185856K)] 565215K->434307K(710144K), 0.0095669 secs] [Times: user=0.11 sys=0.00, real=0.01 secs] 
2016-09-25T21:57:18.153-0400: 73.679: [GC (GCLocker Initiated GC) [PSYoungGen: 165504K->46908K(157696K)] 545105K->437964K(681984K), 0.0296644 secs] [Times: user=0.32 sys=0.01, real=0.04 secs] 
2016-09-25T21:57:18.281-0400: 73.807: [GC (GCLocker Initiated GC) [PSYoungGen: 157500K->48289K(186368K)] 551272K->456153K(710656K), 0.0219452 secs] [Times: user=0.29 sys=0.00, real=0.03 secs] 
2016-09-25T21:57:18.394-0400: 73.920: [GC (GCLocker Initiated GC) [PSYoungGen: 161441K->49510K(184320K)] 573489K->462116K(708608K), 0.0199042 secs] [Times: user=0.19 sys=0.01, real=0.02 secs] 
2016-09-25T21:57:18.505-0400: 74.031: [GC (GCLocker Initiated GC) [PSYoungGen: 162662K->51116K(187904K)] 584923K->487468K(712192K), 0.0060142 secs] [Times: user=0.07 sys=0.00, real=0.00 secs] 
2016-09-25T21:57:18.624-0400: 74.150: [GC (GCLocker Initiated GC) [PSYoungGen: 169388K->52369K(187392K)] 605778K->500205K(711680K), 0.0323610 secs] [Times: user=0.29 sys=0.02, real=0.03 secs] 
2016-09-25T21:57:18.763-0400: 74.289: [GC (GCLocker Initiated GC) [PSYoungGen: 170641K->32024K(192000K)] 623968K->515640K(716288K), 0.0121879 secs] [Times: user=0.09 sys=0.02, real=0.01 secs] 
2016-09-25T21:57:18.877-0400: 74.403: [GC (GCLocker Initiated GC) [PSYoungGen: 154904K->60469K(183808K)] 644146K->550326K(708096K), 0.0241197 secs] [Times: user=0.24 sys=0.00, real=0.02 secs] 
2016-09-25T21:57:19.021-0400: 74.547: [Full GC (Ergonomics) [PSYoungGen: 183349K->0K(183808K)] [ParOldGen: 498279K->310408K(524288K)] 681629K->310408K(708096K), [Metaspace: 43636K->43636K(1087488K)], 0.2644467 secs] [Times: user=2.97 sys=0.02, real=0.27 secs] 
2016-09-25T21:57:19.367-0400: 74.893: [GC (GCLocker Initiated GC) [PSYoungGen: 122880K->58207K(187392K)] 435998K->371325K(711680K), 0.0055865 secs] [Times: user=0.06 sys=0.01, real=0.00 secs] 
2016-09-25T21:57:19.477-0400: 75.003: [GC (GCLocker Initiated GC) [PSYoungGen: 172895K->56377K(171520K)] 490283K->377516K(695808K), 0.0091396 secs] [Times: user=0.09 sys=0.00, real=0.01 secs] 
2016-09-25T21:57:19.576-0400: 75.102: [GC (GCLocker Initiated GC) [PSYoungGen: 171065K->49565K(190464K)] 494926K->374061K(714752K), 0.0455932 secs] [Times: user=0.42 sys=0.01, real=0.04 secs] 
2016-09-25T21:57:19.727-0400: 75.253: [GC (GCLocker Initiated GC) [PSYoungGen: 165789K->44442K(160768K)] 490397K->385944K(685056K), 0.0149544 secs] [Times: user=0.13 sys=0.00, real=0.02 secs] 
2016-09-25T21:57:19.836-0400: 75.362: [GC (GCLocker Initiated GC) [PSYoungGen: 160666K->44234K(188416K)] 502242K->389231K(712704K), 0.0104537 secs] [Times: user=0.09 sys=0.00, real=0.01 secs] 
2016-09-25T21:57:19.944-0400: 75.470: [GC (GCLocker Initiated GC) [PSYoungGen: 161994K->68700K(186880K)] 507010K->427962K(711168K), 0.0126186 secs] [Times: user=0.08 sys=0.00, real=0.01 secs] 
2016-09-25T21:57:20.059-0400: 75.584: [GC (GCLocker Initiated GC) [PSYoungGen: 186460K->59253K(186368K)] 553863K->427424K(710656K), 0.0100561 secs] [Times: user=0.10 sys=0.00, real=0.01 secs] 
2016-09-25T21:57:20.149-0400: 75.675: [GC (GCLocker Initiated GC) [PSYoungGen: 170869K->57772K(186880K)] 539137K->426819K(711168K), 0.0132488 secs] [Times: user=0.10 sys=0.00, real=0.02 secs] 
2016-09-25T21:57:20.246-0400: 75.771: [GC (GCLocker Initiated GC) [PSYoungGen: 169388K->45623K(184832K)] 541187K->418109K(709120K), 0.0129033 secs] [Times: user=0.10 sys=0.02, real=0.01 secs] 
2016-09-25T21:57:20.337-0400: 75.863: [GC (GCLocker Initiated GC) [PSYoungGen: 157239K->59237K(185856K)] 529759K->432510K(710144K), 0.0172177 secs] [Times: user=0.16 sys=0.02, real=0.02 secs] 
2016-09-25T21:57:20.442-0400: 75.968: [GC (GCLocker Initiated GC) [PSYoungGen: 170853K->33374K(185344K)] 548307K->424979K(709632K), 0.0200243 secs] [Times: user=0.12 sys=0.01, real=0.02 secs] 
2016-09-25T21:57:20.537-0400: 76.063: [GC (GCLocker Initiated GC) [PSYoungGen: 143966K->67316K(178176K)] 535825K->467985K(702464K), 0.0113633 secs] [Times: user=0.08 sys=0.00, real=0.01 secs] 
2016-09-25T21:57:20.640-0400: 76.166: [GC (GCLocker Initiated GC) [PSYoungGen: 177908K->45566K(184320K)] 582623K->450983K(708608K), 0.0059339 secs] [Times: user=0.04 sys=0.00, real=0.01 secs] 
2016-09-25T21:57:20.719-0400: 76.245: [GC (GCLocker Initiated GC) [PSYoungGen: 150526K->56396K(161792K)] 558888K->470918K(686080K), 0.0115075 secs] [Times: user=0.09 sys=0.00, real=0.01 secs] 
2016-09-25T21:57:20.812-0400: 76.338: [GC (GCLocker Initiated GC) [PSYoungGen: 161356K->34625K(181760K)] 576015K->449985K(706048K), 0.0143986 secs] [Times: user=0.09 sys=0.01, real=0.02 secs] 
2016-09-25T21:57:20.912-0400: 76.438: [GC (GCLocker Initiated GC) [PSYoungGen: 139073K->29454K(182272K)] 563959K->471151K(706560K), 0.0167108 secs] [Times: user=0.14 sys=0.01, real=0.02 secs] 
2016-09-25T21:57:21.002-0400: 76.528: [GC (GCLocker Initiated GC) [PSYoungGen: 133902K->38782K(181760K)] 579745K->485489K(706048K), 0.0176433 secs] [Times: user=0.15 sys=0.01, real=0.02 secs] 
2016-09-25T21:57:21.119-0400: 76.645: [GC (GCLocker Initiated GC) [PSYoungGen: 144766K->45500K(182784K)] 591475K->492927K(707072K), 0.0081270 secs] [Times: user=0.08 sys=0.00, real=0.01 secs] 
2016-09-25T21:57:21.214-0400: 76.740: [GC (GCLocker Initiated GC) [PSYoungGen: 151484K->37621K(184320K)] 607087K->493838K(708608K), 0.0157149 secs] [Times: user=0.19 sys=0.00, real=0.02 secs] 
2016-09-25T21:57:21.308-0400: 76.834: [GC (GCLocker Initiated GC) [PSYoungGen: 148213K->59451K(183808K)] 604512K->516665K(708096K), 0.0141612 secs] [Times: user=0.17 sys=0.01, real=0.02 secs] 
2016-09-25T21:57:21.427-0400: 76.953: [GC (GCLocker Initiated GC) [PSYoungGen: 170043K->24128K(183808K)] 633087K->496138K(708096K), 0.0253327 secs] [Times: user=0.20 sys=0.01, real=0.02 secs] 
2016-09-25T21:57:21.529-0400: 77.055: [GC (GCLocker Initiated GC) [PSYoungGen: 132672K->45858K(154624K)] 610303K->524339K(678912K), 0.0148098 secs] [Times: user=0.15 sys=0.00, real=0.02 secs] 
2016-09-25T21:57:21.655-0400: 77.181: [GC (GCLocker Initiated GC) [PSYoungGen: 154402K->62090K(180224K)] 637146K->545750K(704512K), 0.0116795 secs] [Times: user=0.10 sys=0.01, real=0.01 secs] 
2016-09-25T21:57:21.757-0400: 77.282: [GC (GCLocker Initiated GC) [PSYoungGen: 168586K->45825K(183808K)] 657731K->543829K(708096K), 0.0257888 secs] [Times: user=0.26 sys=0.00, real=0.03 secs] 
2016-09-25T21:57:21.880-0400: 77.405: [GC (GCLocker Initiated GC) [PSYoungGen: 152321K->47173K(179200K)] 657120K->552831K(703488K), 0.0160017 secs] [Times: user=0.14 sys=0.00, real=0.02 secs] 
2016-09-25T21:57:21.980-0400: 77.506: [Full GC (Ergonomics) [PSYoungGen: 157765K->0K(179200K)] [ParOldGen: 507800K->332594K(524288K)] 665566K->332594K(703488K), [Metaspace: 43637K->43637K(1087488K)], 0.0902711 secs] [Times: user=0.53 sys=0.02, real=0.09 secs] 
2016-09-25T21:57:22.164-0400: 77.690: [GC (Allocation Failure) [PSYoungGen: 110592K->66746K(182272K)] 445996K->402151K(706560K), 0.0073154 secs] [Times: user=0.08 sys=0.00, real=0.00 secs] 
2016-09-25T21:57:22.267-0400: 77.793: [GC (GCLocker Initiated GC) [PSYoungGen: 177338K->36405K(185856K)] 515448K->389417K(710144K), 0.0197839 secs] [Times: user=0.24 sys=0.00, real=0.02 secs] 
2016-09-25T21:57:22.377-0400: 77.903: [GC (GCLocker Initiated GC) [PSYoungGen: 145461K->48739K(158208K)] 506610K->410744K(682496K), 0.0119937 secs] [Times: user=0.10 sys=0.01, real=0.01 secs] 
2016-09-25T21:57:22.486-0400: 78.011: [GC (GCLocker Initiated GC) [PSYoungGen: 157795K->41536K(184320K)] 519920K->420809K(708608K), 0.0123407 secs] [Times: user=0.12 sys=0.00, real=0.01 secs] 
2016-09-25T21:57:22.594-0400: 78.120: [GC (GCLocker Initiated GC) [PSYoungGen: 152128K->43228K(182784K)] 538394K->441066K(707072K), 0.0220399 secs] [Times: user=0.24 sys=0.01, real=0.03 secs] 
2016-09-25T21:57:22.731-0400: 78.257: [GC (GCLocker Initiated GC) [PSYoungGen: 153820K->52493K(186368K)] 551754K->451405K(710656K), 0.0113682 secs] [Times: user=0.11 sys=0.00, real=0.02 secs] 
2016-09-25T21:57:22.859-0400: 78.385: [GC (GCLocker Initiated GC) [PSYoungGen: 168717K->47248K(186368K)] 571723K->450999K(710656K), 0.0215999 secs] [Times: user=0.19 sys=0.01, real=0.02 secs] 
2016-09-25T21:57:22.964-0400: 78.490: [GC (GCLocker Initiated GC) [PSYoungGen: 163472K->62229K(186880K)] 567472K->478009K(711168K), 0.0070198 secs] [Times: user=0.07 sys=0.00, real=0.00 secs] 
2016-09-25T21:57:23.088-0400: 78.614: [GC (GCLocker Initiated GC) [PSYoungGen: 181013K->39086K(189952K)] 602270K->461233K(714240K), 0.0332297 secs] [Times: user=0.29 sys=0.00, real=0.03 secs] 
2016-09-25T21:57:23.241-0400: 78.767: [GC (GCLocker Initiated GC) [PSYoungGen: 157870K->58037K(188416K)] 582784K->483949K(712704K), 0.0115419 secs] [Times: user=0.09 sys=0.01, real=0.01 secs] 
2016-09-25T21:57:23.362-0400: 78.888: [GC (GCLocker Initiated GC) [PSYoungGen: 175797K->34972K(189952K)] 608486K->468494K(714240K), 0.0188912 secs] [Times: user=0.17 sys=0.00, real=0.01 secs] 
2016-09-25T21:57:23.512-0400: 79.038: [GC (GCLocker Initiated GC) [PSYoungGen: 152732K->45726K(185856K)] 588987K->493772K(710144K), 0.0184970 secs] [Times: user=0.20 sys=0.00, real=0.02 secs] 
2016-09-25T21:57:23.641-0400: 79.167: [GC (GCLocker Initiated GC) [PSYoungGen: 163486K->29760K(187904K)] 615850K->501944K(712192K), 0.0138619 secs] [Times: user=0.15 sys=0.00, real=0.02 secs] 
2016-09-25T21:57:23.753-0400: 79.279: [GC (GCLocker Initiated GC) [PSYoungGen: 147520K->37752K(190464K)] 628040K->532710K(714752K), 0.0060690 secs] [Times: user=0.05 sys=0.00, real=0.01 secs] 
2016-09-25T21:57:23.859-0400: 79.385: [Full GC (Ergonomics) [PSYoungGen: 159096K->0K(190464K)] [ParOldGen: 499038K->342588K(524288K)] 658134K->342588K(714752K), [Metaspace: 43646K->43646K(1087488K)], 0.0995135 secs] [Times: user=0.56 sys=0.05, real=0.10 secs] 
2016-09-25T21:57:24.052-0400: 79.577: [GC (GCLocker Initiated GC) [PSYoungGen: 121344K->50611K(190976K)] 469446K->398713K(715264K), 0.0080692 secs] [Times: user=0.05 sys=0.01, real=0.01 secs] 
2016-09-25T21:57:24.193-0400: 79.718: [GC (GCLocker Initiated GC) [PSYoungGen: 171955K->44658K(188416K)] 528391K->402681K(712704K), 0.0136115 secs] [Times: user=0.16 sys=0.00, real=0.02 secs] 
2016-09-25T21:57:24.285-0400: 79.811: [GC (GCLocker Initiated GC) [PSYoungGen: 168050K->62117K(190464K)] 526109K->421099K(714752K), 0.0060425 secs] [Times: user=0.04 sys=0.00, real=0.00 secs] 
2016-09-25T21:57:24.382-0400: 79.908: [GC (GCLocker Initiated GC) [PSYoungGen: 185509K->32779K(190976K)] 548623K->423916K(715264K), 0.0061804 secs] [Times: user=0.05 sys=0.01, real=0.01 secs] 
2016-09-25T21:57:24.454-0400: 79.980: [GC (GCLocker Initiated GC) [PSYoungGen: 152587K->38020K(158208K)] 554570K->441315K(682496K), 0.0297699 secs] [Times: user=0.36 sys=0.00, real=0.04 secs] 
2016-09-25T21:57:24.572-0400: 80.098: [GC (GCLocker Initiated GC) [PSYoungGen: 157828K->32765K(190464K)] 570610K->465601K(714752K), 0.0061067 secs] [Times: user=0.04 sys=0.01, real=0.01 secs] 
2016-09-25T21:57:24.658-0400: 80.183: [GC (GCLocker Initiated GC) [PSYoungGen: 153085K->48950K(189952K)] 588657K->507549K(714240K), 0.0121626 secs] [Times: user=0.13 sys=0.00, real=0.01 secs] 
2016-09-25T21:57:24.757-0400: 80.283: [GC (GCLocker Initiated GC) [PSYoungGen: 169270K->50376K(192000K)] 627965K->510235K(716288K), 0.0099544 secs] [Times: user=0.11 sys=0.00, real=0.01 secs] 
2016-09-25T21:57:24.853-0400: 80.379: [GC (GCLocker Initiated GC) [PSYoungGen: 173256K->43622K(166912K)] 644132K->523934K(691200K), 0.0121511 secs] [Times: user=0.13 sys=0.01, real=0.02 secs] 
2016-09-25T21:57:24.961-0400: 80.487: [Full GC (Ergonomics) [PSYoungGen: 166502K->0K(166912K)] [ParOldGen: 501978K->365039K(524288K)] 668480K->365039K(691200K), [Metaspace: 43715K->43715K(1087488K)], 0.0610731 secs] [Times: user=0.40 sys=0.00, real=0.06 secs] 
2016-09-25T21:57:25.121-0400: 80.646: [GC (GCLocker Initiated GC) [PSYoungGen: 122880K->43871K(193024K)] 493361K->414353K(717312K), 0.0100773 secs] [Times: user=0.09 sys=0.00, real=0.01 secs] 
2016-09-25T21:57:25.224-0400: 80.750: [GC (GCLocker Initiated GC) [PSYoungGen: 170335K->35478K(190976K)] 547748K->417187K(715264K), 0.0094506 secs] [Times: user=0.09 sys=0.00, real=0.00 secs] 
2016-09-25T21:57:25.336-0400: 80.861: [GC (GCLocker Initiated GC) [PSYoungGen: 161942K->35697K(195584K)] 549873K->424989K(719872K), 0.0136015 secs] [Times: user=0.14 sys=0.00, real=0.01 secs] 
2016-09-25T21:57:25.434-0400: 80.960: [GC (GCLocker Initiated GC) [PSYoungGen: 167281K->53003K(195072K)] 556583K->443868K(719360K), 0.0082515 secs] [Times: user=0.07 sys=0.02, real=0.01 secs] 
2016-09-25T21:57:25.528-0400: 81.053: [GC (GCLocker Initiated GC) [PSYoungGen: 184587K->61425K(187904K)] 581042K->459167K(712192K), 0.0121208 secs] [Times: user=0.14 sys=0.00, real=0.01 secs] 
2016-09-25T21:57:25.635-0400: 81.161: [GC (GCLocker Initiated GC) [PSYoungGen: 184305K->29923K(192512K)] 594255K->441221K(716800K), 0.0158162 secs] [Times: user=0.15 sys=0.00, real=0.01 secs] 
2016-09-25T21:57:25.750-0400: 81.275: [GC (GCLocker Initiated GC) [PSYoungGen: 152803K->43685K(188416K)] 565510K->457701K(712704K), 0.0098530 secs] [Times: user=0.09 sys=0.00, real=0.01 secs] 
2016-09-25T21:57:25.837-0400: 81.363: [GC (GCLocker Initiated GC) [PSYoungGen: 166565K->50013K(190464K)] 586219K->479026K(714752K), 0.0086021 secs] [Times: user=0.06 sys=0.01, real=0.01 secs] 
2016-09-25T21:57:25.927-0400: 81.453: [GC (GCLocker Initiated GC) [PSYoungGen: 172893K->50022K(194048K)] 601911K->482792K(718336K), 0.0239490 secs] [Times: user=0.29 sys=0.00, real=0.02 secs] 
2016-09-25T21:57:26.049-0400: 81.575: [GC (GCLocker Initiated GC) [PSYoungGen: 177510K->48638K(194560K)] 610329K->482559K(718848K), 0.0156520 secs] [Times: user=0.18 sys=0.01, real=0.02 secs] 
2016-09-25T21:57:26.146-0400: 81.672: [GC (GCLocker Initiated GC) [PSYoungGen: 176126K->50197K(194560K)] 615474K->501485K(718848K), 0.0138576 secs] [Times: user=0.13 sys=0.00, real=0.01 secs] 
2016-09-25T21:57:26.247-0400: 81.773: [GC (GCLocker Initiated GC) [PSYoungGen: 178709K->29790K(194560K)] 642170K->494400K(718848K), 0.0136137 secs] [Times: user=0.11 sys=0.00, real=0.01 secs] 
2016-09-25T21:57:26.346-0400: 81.872: [GC (GCLocker Initiated GC) [PSYoungGen: 158302K->35256K(195584K)] 631042K->509196K(719872K), 0.0106809 secs] [Times: user=0.11 sys=0.00, real=0.01 secs] 
2016-09-25T21:57:26.435-0400: 81.961: [GC (GCLocker Initiated GC) [PSYoungGen: 164792K->32716K(195584K)] 643383K->531306K(719872K), 0.0242820 secs] [Times: user=0.26 sys=0.01, real=0.02 secs] 
2016-09-25T21:57:26.534-0400: 82.059: [Full GC (Ergonomics) [PSYoungGen: 162252K->0K(195584K)] [ParOldGen: 504185K->385348K(524288K)] 666438K->385348K(719872K), [Metaspace: 43741K->43741K(1087488K)], 0.0588863 secs] [Times: user=0.39 sys=0.00, real=0.06 secs] 
2016-09-25T21:57:26.685-0400: 82.211: [GC (GCLocker Initiated GC) [PSYoungGen: 129536K->48952K(195584K)] 514886K->434302K(719872K), 0.0064013 secs] [Times: user=0.06 sys=0.00, real=0.00 secs] 
2016-09-25T21:57:26.790-0400: 82.315: [GC (GCLocker Initiated GC) [PSYoungGen: 179000K->35575K(195584K)] 575189K->433170K(719872K), 0.0103436 secs] [Times: user=0.10 sys=0.00, real=0.01 secs] 
2016-09-25T21:57:26.885-0400: 82.410: [GC (GCLocker Initiated GC) [PSYoungGen: 165623K->57046K(190464K)] 570106K->462811K(714752K), 0.0145173 secs] [Times: user=0.18 sys=0.00, real=0.01 secs] 
2016-09-25T21:57:26.983-0400: 82.509: [GC (GCLocker Initiated GC) [PSYoungGen: 182998K->40812K(194048K)] 595604K->484343K(718336K), 0.0067646 secs] [Times: user=0.07 sys=0.01, real=0.00 secs] 
2016-09-25T21:57:27.055-0400: 82.581: [GC (GCLocker Initiated GC) [PSYoungGen: 166764K->55350K(192000K)] 610383K->500135K(716288K), 0.0055121 secs] [Times: user=0.05 sys=0.00, real=0.00 secs] 
2016-09-25T21:57:27.140-0400: 82.666: [GC (GCLocker Initiated GC) [PSYoungGen: 181302K->35061K(194048K)] 628882K->483574K(718336K), 0.0150275 secs] [Times: user=0.15 sys=0.00, real=0.02 secs] 
2016-09-25T21:57:27.227-0400: 82.753: [GC (GCLocker Initiated GC) [PSYoungGen: 161013K->40405K(189440K)] 609619K->498190K(713728K), 0.0326437 secs] [Times: user=0.34 sys=0.00, real=0.03 secs] 
2016-09-25T21:57:27.351-0400: 82.877: [GC (GCLocker Initiated GC) [PSYoungGen: 166869K->34158K(192000K)] 635512K->541649K(716288K), 0.0082630 secs] [Times: user=0.08 sys=0.00, real=0.01 secs] 
2016-09-25T21:57:27.359-0400: 82.885: [Full GC (Ergonomics) [PSYoungGen: 34158K->0K(192000K)] [ParOldGen: 507490K->388398K(524288K)] 541649K->388398K(716288K), [Metaspace: 43745K->43745K(1087488K)], 0.0571200 secs] [Times: user=0.50 sys=0.00, real=0.06 secs] 
2016-09-25T21:57:27.513-0400: 83.039: [GC (GCLocker Initiated GC) [PSYoungGen: 126464K->40937K(192000K)] 514919K->429393K(716288K), 0.0103210 secs] [Times: user=0.13 sys=0.00, real=0.02 secs] 
2016-09-25T21:57:27.602-0400: 83.127: [GC (GCLocker Initiated GC) [PSYoungGen: 172521K->46077K(194560K)] 566433K->452128K(718848K), 0.0134966 secs] [Times: user=0.13 sys=0.01, real=0.02 secs] 
2016-09-25T21:57:27.697-0400: 83.223: [GC (GCLocker Initiated GC) [PSYoungGen: 177661K->44663K(196608K)] 593266K->463959K(720896K), 0.0098960 secs] [Times: user=0.10 sys=0.00, real=0.01 secs] 
2016-09-25T21:57:27.792-0400: 83.318: [GC (GCLocker Initiated GC) [PSYoungGen: 181367K->52884K(198144K)] 604759K->496247K(722432K), 0.0214814 secs] [Times: user=0.25 sys=0.00, real=0.02 secs] 
2016-09-25T21:57:27.899-0400: 83.425: [GC (Allocation Failure) [PSYoungGen: 189588K->45829K(199680K)] 633982K->510131K(723968K), 0.0220251 secs] [Times: user=0.20 sys=0.00, real=0.02 secs] 
2016-09-25T21:57:28.007-0400: 83.533: [GC (GCLocker Initiated GC) [PSYoungGen: 181938K->32331K(199168K)] 651640K->502992K(723456K), 0.0066870 secs] [Times: user=0.08 sys=0.00, real=0.00 secs] 
2016-09-25T21:57:28.119-0400: 83.644: [GC (GCLocker Initiated GC) [PSYoungGen: 169547K->31046K(199168K)] 644308K->506768K(723456K), 0.0089655 secs] [Times: user=0.08 sys=0.00, real=0.01 secs] 
2016-09-25T21:57:28.218-0400: 83.744: [GC (GCLocker Initiated GC) [PSYoungGen: 168262K->35195K(172544K)] 652122K->520153K(696832K), 0.0217760 secs] [Times: user=0.27 sys=0.00, real=0.02 secs] 
2016-09-25T21:57:28.320-0400: 83.846: [GC (GCLocker Initiated GC) [PSYoungGen: 172411K->39048K(200704K)] 657398K->538619K(724992K), 0.0066518 secs] [Times: user=0.06 sys=0.00, real=0.01 secs] 
2016-09-25T21:57:28.327-0400: 83.853: [Full GC (Ergonomics) [PSYoungGen: 39048K->0K(200704K)] [ParOldGen: 499571K->394359K(524288K)] 538619K->394359K(724992K), [Metaspace: 43749K->43749K(1087488K)], 0.0587408 secs] [Times: user=0.37 sys=0.01, real=0.06 secs] 
2016-09-25T21:57:28.479-0400: 84.005: [GC (GCLocker Initiated GC) [PSYoungGen: 139264K->34531K(199168K)] 545811K->441078K(723456K), 0.0098867 secs] [Times: user=0.09 sys=0.00, real=0.01 secs] 
2016-09-25T21:57:28.589-0400: 84.115: [GC (GCLocker Initiated GC) [PSYoungGen: 173795K->42017K(200704K)] 588476K->458372K(724992K), 0.0124936 secs] [Times: user=0.11 sys=0.00, real=0.01 secs] 
2016-09-25T21:57:28.695-0400: 84.221: [GC (GCLocker Initiated GC) [PSYoungGen: 183841K->43372K(199680K)] 612686K->473439K(723968K), 0.0107114 secs] [Times: user=0.09 sys=0.00, real=0.01 secs] 
2016-09-25T21:57:28.797-0400: 84.323: [GC (GCLocker Initiated GC) [PSYoungGen: 185196K->55618K(197632K)] 618025K->492293K(721920K), 0.0133162 secs] [Times: user=0.12 sys=0.00, real=0.01 secs] 
2016-09-25T21:57:28.923-0400: 84.449: [GC (GCLocker Initiated GC) [PSYoungGen: 195906K->45128K(201216K)] 636660K->487172K(725504K), 0.0051367 secs] [Times: user=0.05 sys=0.00, real=0.00 secs] 
2016-09-25T21:57:29.024-0400: 84.549: [GC (GCLocker Initiated GC) [PSYoungGen: 185416K->46202K(199680K)] 640092K->502629K(723968K), 0.0057659 secs] [Times: user=0.05 sys=0.00, real=0.00 secs] 
2016-09-25T21:57:29.115-0400: 84.641: [GC (GCLocker Initiated GC) [PSYoungGen: 187002K->32924K(200704K)] 650511K->521969K(724992K), 0.0083632 secs] [Times: user=0.07 sys=0.00, real=0.01 secs] 
2016-09-25T21:57:29.205-0400: 84.731: [GC (GCLocker Initiated GC) [PSYoungGen: 173724K->52828K(198144K)] 664204K->555262K(722432K), 0.0108872 secs] [Times: user=0.14 sys=0.00, real=0.01 secs] 
2016-09-25T21:57:29.216-0400: 84.742: [Full GC (Ergonomics) [PSYoungGen: 52828K->0K(198144K)] [ParOldGen: 502433K->401444K(524288K)] 555262K->401444K(722432K), [Metaspace: 43792K->43792K(1087488K)], 0.0678146 secs] [Times: user=0.52 sys=0.00, real=0.07 secs] 
2016-09-25T21:57:29.370-0400: 84.896: [GC (GCLocker Initiated GC) [PSYoungGen: 138240K->38570K(200192K)] 549165K->449495K(724480K), 0.0195959 secs] [Times: user=0.25 sys=0.02, real=0.02 secs] 
2016-09-25T21:57:29.479-0400: 85.005: [GC (GCLocker Initiated GC) [PSYoungGen: 176810K->37886K(197120K)] 590702K->479101K(721408K), 0.0066834 secs] [Times: user=0.06 sys=0.01, real=0.01 secs] 
2016-09-25T21:57:29.578-0400: 85.104: [GC (GCLocker Initiated GC) [PSYoungGen: 177150K->40551K(199168K)] 626637K->491074K(723456K), 0.0059578 secs] [Times: user=0.06 sys=0.00, real=0.01 secs] 
2016-09-25T21:57:29.663-0400: 85.189: [GC (GCLocker Initiated GC) [PSYoungGen: 179815K->43219K(199680K)] 630433K->503027K(723968K), 0.0165703 secs] [Times: user=0.20 sys=0.01, real=0.01 secs] 
2016-09-25T21:57:29.773-0400: 85.299: [GC (GCLocker Initiated GC) [PSYoungGen: 187091K->25830K(201216K)] 659135K->517831K(725504K), 0.0057046 secs] [Times: user=0.05 sys=0.00, real=0.01 secs] 
2016-09-25T21:57:29.779-0400: 85.304: [Full GC (Ergonomics) [PSYoungGen: 25830K->0K(201216K)] [ParOldGen: 492001K->412263K(524288K)] 517831K->412263K(725504K), [Metaspace: 43838K->43838K(1087488K)], 0.0510182 secs] [Times: user=0.38 sys=0.00, real=0.05 secs] 
2016-09-25T21:57:29.922-0400: 85.448: [GC (GCLocker Initiated GC) [PSYoungGen: 143872K->49196K(200704K)] 561569K->466893K(724992K), 0.0133989 secs] [Times: user=0.17 sys=0.02, real=0.01 secs] 
2016-09-25T21:57:30.037-0400: 85.563: [GC (GCLocker Initiated GC) [PSYoungGen: 191532K->40675K(202240K)] 614758K->470791K(726528K), 0.0209280 secs] [Times: user=0.23 sys=0.00, real=0.02 secs] 
2016-09-25T21:57:30.154-0400: 85.680: [GC (GCLocker Initiated GC) [PSYoungGen: 183011K->40610K(199168K)] 618670K->477506K(723456K), 0.0094552 secs] [Times: user=0.08 sys=0.00, real=0.02 secs] 
2016-09-25T21:57:30.254-0400: 85.780: [GC (GCLocker Initiated GC) [PSYoungGen: 184482K->51591K(200704K)] 621410K->489691K(724992K), 0.0101860 secs] [Times: user=0.10 sys=0.00, real=0.01 secs] 
2016-09-25T21:57:30.364-0400: 85.889: [GC (GCLocker Initiated GC) [PSYoungGen: 195463K->32747K(203264K)] 643223K->495336K(727552K), 0.0139422 secs] [Times: user=0.14 sys=0.00, real=0.01 secs] 
2016-09-25T21:57:30.481-0400: 86.007: [GC (GCLocker Initiated GC) [PSYoungGen: 177131K->42225K(186880K)] 647927K->527914K(711168K), 0.0065396 secs] [Times: user=0.06 sys=0.00, real=0.01 secs] 
2016-09-25T21:57:30.582-0400: 86.108: [GC (GCLocker Initiated GC) [PSYoungGen: 186609K->26091K(201728K)] 677869K->532304K(726016K), 0.0277859 secs] [Times: user=0.29 sys=0.00, real=0.02 secs] 
2016-09-25T21:57:30.610-0400: 86.136: [Full GC (Ergonomics) [PSYoungGen: 26091K->0K(201728K)] [ParOldGen: 506212K->418351K(524288K)] 532304K->418351K(726016K), [Metaspace: 43845K->43845K(1087488K)], 0.0563919 secs] [Times: user=0.44 sys=0.01, real=0.06 secs] 
2016-09-25T21:57:30.755-0400: 86.281: [GC (GCLocker Initiated GC) [PSYoungGen: 143872K->57822K(201728K)] 562455K->487205K(726016K), 0.0065172 secs] [Times: user=0.09 sys=0.00, real=0.00 secs] 
2016-09-25T21:57:30.850-0400: 86.376: [GC (GCLocker Initiated GC) [PSYoungGen: 201694K->50801K(193536K)] 635136K->499704K(717824K), 0.0065682 secs] [Times: user=0.08 sys=0.00, real=0.01 secs] 
2016-09-25T21:57:30.944-0400: 86.470: [GC (GCLocker Initiated GC) [PSYoungGen: 183921K->39719K(197632K)] 638346K->495841K(721920K), 0.0110731 secs] [Times: user=0.11 sys=0.01, real=0.01 secs] 
2016-09-25T21:57:31.058-0400: 86.584: [GC (GCLocker Initiated GC) [PSYoungGen: 172839K->60075K(189952K)] 634389K->523176K(714240K), 0.0114042 secs] [Times: user=0.13 sys=0.00, real=0.01 secs] 
2016-09-25T21:57:31.146-0400: 86.672: [GC (GCLocker Initiated GC) [PSYoungGen: 187051K->42143K(194560K)] 650177K->509474K(718848K), 0.0140554 secs] [Times: user=0.14 sys=0.00, real=0.01 secs] 
2016-09-25T21:57:31.260-0400: 86.786: [GC (GCLocker Initiated GC) [PSYoungGen: 169119K->42178K(188416K)] 640843K->515257K(712704K), 0.0096395 secs] [Times: user=0.09 sys=0.00, real=0.01 secs] 
2016-09-25T21:57:31.351-0400: 86.877: [GC (GCLocker Initiated GC) [PSYoungGen: 171202K->61137K(192512K)] 644354K->538276K(716800K), 0.0267761 secs] [Times: user=0.29 sys=0.00, real=0.03 secs] 
2016-09-25T21:57:31.469-0400: 86.994: [GC (GCLocker Initiated GC) [PSYoungGen: 190161K->37996K(195072K)] 671511K->536835K(719360K), 0.0222379 secs] [Times: user=0.24 sys=0.00, real=0.02 secs] 
2016-09-25T21:57:31.491-0400: 87.017: [Full GC (Ergonomics) [PSYoungGen: 37996K->0K(195072K)] [ParOldGen: 498839K->429274K(524288K)] 536835K->429274K(719360K), [Metaspace: 43850K->43850K(1087488K)], 0.0671098 secs] [Times: user=0.43 sys=0.01, real=0.07 secs] 
2016-09-25T21:57:31.641-0400: 87.167: [GC (GCLocker Initiated GC) [PSYoungGen: 126976K->54739K(181760K)] 559054K->486817K(706048K), 0.0054064 secs] [Times: user=0.06 sys=0.00, real=0.01 secs] 
2016-09-25T21:57:31.732-0400: 87.258: [GC (GCLocker Initiated GC) [PSYoungGen: 181715K->59828K(187392K)] 613856K->517918K(711680K), 0.0074254 secs] [Times: user=0.09 sys=0.00, real=0.01 secs] 
2016-09-25T21:57:31.824-0400: 87.349: [GC (GCLocker Initiated GC) [PSYoungGen: 178612K->40865K(190464K)] 642122K->535452K(714752K), 0.0225910 secs] [Times: user=0.28 sys=0.00, real=0.02 secs] 
2016-09-25T21:57:31.846-0400: 87.372: [Full GC (Ergonomics) [PSYoungGen: 40865K->0K(190464K)] [ParOldGen: 494587K->409833K(524288K)] 535452K->409833K(714752K), [Metaspace: 43865K->43865K(1087488K)], 0.0940708 secs] [Times: user=1.08 sys=0.02, real=0.09 secs] 
2016-09-25T21:57:32.024-0400: 87.550: [GC (GCLocker Initiated GC) [PSYoungGen: 118784K->57544K(187904K)] 531415K->470176K(712192K), 0.0057980 secs] [Times: user=0.06 sys=0.00, real=0.00 secs] 
2016-09-25T21:57:32.111-0400: 87.636: [GC (GCLocker Initiated GC) [PSYoungGen: 175304K->32512K(189952K)] 592389K->470057K(714240K), 0.0147859 secs] [Times: user=0.17 sys=0.00, real=0.02 secs] 
2016-09-25T21:57:32.196-0400: 87.722: [GC (GCLocker Initiated GC) [PSYoungGen: 150272K->67617K(179712K)] 587933K->506452K(704000K), 0.0071805 secs] [Times: user=0.09 sys=0.00, real=0.01 secs] 
2016-09-25T21:57:32.275-0400: 87.801: [GC (GCLocker Initiated GC) [PSYoungGen: 175137K->47211K(184832K)] 615475K->502156K(709120K), 0.0125586 secs] [Times: user=0.16 sys=0.00, real=0.01 secs] 
2016-09-25T21:57:32.359-0400: 87.885: [GC (GCLocker Initiated GC) [PSYoungGen: 154731K->39108K(180224K)] 613760K->501828K(704512K), 0.0071077 secs] [Times: user=0.07 sys=0.00, real=0.01 secs] 
2016-09-25T21:57:32.456-0400: 87.982: [GC (GCLocker Initiated GC) [PSYoungGen: 149188K->65043K(183808K)] 617345K->550477K(708096K), 0.0104486 secs] [Times: user=0.12 sys=0.00, real=0.01 secs] 
2016-09-25T21:57:32.551-0400: 88.077: [GC (GCLocker Initiated GC) [PSYoungGen: 175123K->36584K(185344K)] 663482K->544932K(709632K), 0.0059921 secs] [Times: user=0.05 sys=0.00, real=0.01 secs] 
2016-09-25T21:57:32.557-0400: 88.083: [Full GC (Ergonomics) [PSYoungGen: 36584K->0K(185344K)] [ParOldGen: 508347K->420035K(524288K)] 544932K->420035K(709632K), [Metaspace: 43865K->43865K(1087488K)], 0.0623585 secs] [Times: user=0.44 sys=0.01, real=0.06 secs] 
2016-09-25T21:57:32.701-0400: 88.227: [GC (GCLocker Initiated GC) [PSYoungGen: 107520K->32956K(184320K)] 527883K->453319K(708608K), 0.0239986 secs] [Times: user=0.24 sys=0.00, real=0.03 secs] 
2016-09-25T21:57:32.784-0400: 88.310: [GC (GCLocker Initiated GC) [PSYoungGen: 140476K->61032K(181248K)] 573504K->494060K(705536K), 0.0100791 secs] [Times: user=0.13 sys=0.00, real=0.00 secs] 
2016-09-25T21:57:32.870-0400: 88.396: [GC (GCLocker Initiated GC) [PSYoungGen: 165480K->45329K(150016K)] 598523K->480029K(674304K), 0.0095495 secs] [Times: user=0.09 sys=0.00, real=0.01 secs] 
2016-09-25T21:57:32.944-0400: 88.470: [GC (GCLocker Initiated GC) [PSYoungGen: 149777K->41274K(184320K)] 589950K->484944K(708608K), 0.0105646 secs] [Times: user=0.10 sys=0.00, real=0.01 secs] 
2016-09-25T21:57:33.020-0400: 88.546: [GC (GCLocker Initiated GC) [PSYoungGen: 149306K->47291K(182784K)] 595786K->495487K(707072K), 0.0151834 secs] [Times: user=0.15 sys=0.00, real=0.02 secs] 
2016-09-25T21:57:33.106-0400: 88.632: [GC (GCLocker Initiated GC) [PSYoungGen: 155323K->40347K(184832K)] 606251K->505805K(709120K), 0.0127129 secs] [Times: user=0.12 sys=0.00, real=0.01 secs] 
2016-09-25T21:57:33.192-0400: 88.718: [GC (GCLocker Initiated GC) [PSYoungGen: 152987K->59601K(183296K)] 618559K->528823K(707584K), 0.0191735 secs] [Times: user=0.21 sys=0.00, real=0.02 secs] 
2016-09-25T21:57:33.292-0400: 88.818: [GC (GCLocker Initiated GC) [PSYoungGen: 172241K->36552K(189440K)] 649595K->514936K(713728K), 0.0089215 secs] [Times: user=0.09 sys=0.01, real=0.01 secs] 
2016-09-25T21:57:33.368-0400: 88.894: [GC (GCLocker Initiated GC) [PSYoungGen: 152776K->48550K(164864K)] 633909K->530807K(689152K), 0.0433791 secs] [Times: user=0.44 sys=0.01, real=0.04 secs] 
2016-09-25T21:57:33.497-0400: 89.023: [GC (GCLocker Initiated GC) [PSYoungGen: 164774K->36365K(187392K)] 649831K->522330K(711680K), 0.0053837 secs] [Times: user=0.03 sys=0.00, real=0.01 secs] 
2016-09-25T21:57:33.571-0400: 89.097: [GC (GCLocker Initiated GC) [PSYoungGen: 153101K->68888K(185856K)] 639166K->561394K(710144K), 0.0162721 secs] [Times: user=0.16 sys=0.00, real=0.02 secs] 
2016-09-25T21:57:33.668-0400: 89.194: [GC (GCLocker Initiated GC) [PSYoungGen: 185624K->33608K(186368K)] 680838K->546025K(710656K), 0.0171327 secs] [Times: user=0.17 sys=0.00, real=0.02 secs] 
2016-09-25T21:57:33.685-0400: 89.211: [Full GC (Ergonomics) [PSYoungGen: 33608K->0K(186368K)] [ParOldGen: 512417K->428641K(524288K)] 546025K->428641K(710656K), [Metaspace: 43865K->43865K(1087488K)], 0.0769228 secs] [Times: user=0.72 sys=0.00, real=0.08 secs] 
2016-09-25T21:57:33.855-0400: 89.380: [GC (GCLocker Initiated GC) [PSYoungGen: 110080K->50287K(160768K)] 541530K->481737K(685056K), 0.0122964 secs] [Times: user=0.13 sys=0.01, real=0.01 secs] 
2016-09-25T21:57:33.942-0400: 89.468: [GC (GCLocker Initiated GC) [PSYoungGen: 160367K->61958K(181248K)] 591876K->494746K(705536K), 0.0194624 secs] [Times: user=0.21 sys=0.00, real=0.01 secs] 
2016-09-25T21:57:34.042-0400: 89.568: [GC (GCLocker Initiated GC) [PSYoungGen: 168966K->26982K(184320K)] 611258K->494423K(708608K), 0.0116807 secs] [Times: user=0.14 sys=0.00, real=0.01 secs] 
2016-09-25T21:57:34.131-0400: 89.657: [GC (GCLocker Initiated GC) [PSYoungGen: 133990K->36328K(182272K)] 608287K->514273K(706560K), 0.0071690 secs] [Times: user=0.08 sys=0.00, real=0.01 secs] 
2016-09-25T21:57:34.210-0400: 89.736: [GC (GCLocker Initiated GC) [PSYoungGen: 143336K->40463K(183296K)] 624034K->522021K(707584K), 0.0067163 secs] [Times: user=0.07 sys=0.01, real=0.01 secs] 
2016-09-25T21:57:34.289-0400: 89.814: [GC (GCLocker Initiated GC) [PSYoungGen: 147471K->56754K(183296K)] 629217K->539333K(707584K), 0.0145094 secs] [Times: user=0.20 sys=0.00, real=0.02 secs] 
2016-09-25T21:57:34.374-0400: 89.900: [GC (GCLocker Initiated GC) [PSYoungGen: 165810K->40112K(184832K)] 651104K->539798K(709120K), 0.0213300 secs] [Times: user=0.26 sys=0.00, real=0.02 secs] 
2016-09-25T21:57:34.396-0400: 89.922: [Full GC (Ergonomics) [PSYoungGen: 40112K->0K(184832K)] [ParOldGen: 499686K->442354K(524288K)] 539798K->442354K(709120K), [Metaspace: 43865K->43865K(1087488K)], 0.0606142 secs] [Times: user=0.48 sys=0.01, real=0.06 secs] 
2016-09-25T21:57:34.543-0400: 90.069: [GC (GCLocker Initiated GC) [PSYoungGen: 109056K->52769K(185856K)] 558268K->501981K(710144K), 0.0074711 secs] [Times: user=0.09 sys=0.00, real=0.00 secs] 
2016-09-25T21:57:34.623-0400: 90.149: [GC (GCLocker Initiated GC) [PSYoungGen: 164897K->50059K(185856K)] 618165K->522001K(710144K), 0.0091901 secs] [Times: user=0.14 sys=0.00, real=0.00 secs] 
2016-09-25T21:57:34.705-0400: 90.231: [GC (GCLocker Initiated GC) [PSYoungGen: 162187K->56535K(185344K)] 634153K->529472K(709632K), 0.0143000 secs] [Times: user=0.18 sys=0.01, real=0.01 secs] 
2016-09-25T21:57:34.796-0400: 90.322: [GC (GCLocker Initiated GC) [PSYoungGen: 169687K->66263K(179712K)] 645470K->542823K(704000K), 0.0084599 secs] [Times: user=0.11 sys=0.00, real=0.01 secs] 
2016-09-25T21:57:34.890-0400: 90.416: [Full GC (Ergonomics) [PSYoungGen: 179415K->0K(179712K)] [ParOldGen: 503814K->441045K(524288K)] 683229K->441045K(704000K), [Metaspace: 43866K->43866K(1087488K)], 0.0581823 secs] [Times: user=0.45 sys=0.00, real=0.06 secs] 
2016-09-25T21:57:35.010-0400: 90.536: [GC (GCLocker Initiated GC) [PSYoungGen: 113152K->64829K(178176K)] 554279K->505956K(702464K), 0.0086891 secs] [Times: user=0.09 sys=0.00, real=0.01 secs] 
2016-09-25T21:57:35.093-0400: 90.619: [GC (GCLocker Initiated GC) [PSYoungGen: 165181K->48526K(181248K)] 606354K->514913K(705536K), 0.0139176 secs] [Times: user=0.18 sys=0.00, real=0.02 secs] 
2016-09-25T21:57:35.174-0400: 90.700: [GC (GCLocker Initiated GC) [PSYoungGen: 148878K->47167K(176640K)] 615382K->538776K(700928K), 0.0082679 secs] [Times: user=0.09 sys=0.01, real=0.01 secs] 
2016-09-25T21:57:35.183-0400: 90.709: [Full GC (Ergonomics) [PSYoungGen: 47167K->0K(176640K)] [ParOldGen: 491608K->443159K(524288K)] 538776K->443159K(700928K), [Metaspace: 43866K->43866K(1087488K)], 0.0713885 secs] [Times: user=0.60 sys=0.02, real=0.07 secs] 
2016-09-25T21:57:35.327-0400: 90.853: [GC (GCLocker Initiated GC) [PSYoungGen: 102912K->59604K(179200K)] 554325K->511018K(703488K), 0.0104517 secs] [Times: user=0.15 sys=0.00, real=0.01 secs] 
2016-09-25T21:57:35.410-0400: 90.936: [GC (GCLocker Initiated GC) [PSYoungGen: 162516K->42679K(184320K)] 620906K->501068K(708608K), 0.0055045 secs] [Times: user=0.04 sys=0.00, real=0.01 secs] 
2016-09-25T21:57:35.492-0400: 91.018: [GC (GCLocker Initiated GC) [PSYoungGen: 151735K->51656K(184832K)] 610292K->510213K(709120K), 0.0102156 secs] [Times: user=0.12 sys=0.01, real=0.01 secs] 
2016-09-25T21:57:35.586-0400: 91.111: [GC (GCLocker Initiated GC) [PSYoungGen: 160712K->52137K(184832K)] 627385K->518810K(709120K), 0.0098187 secs] [Times: user=0.09 sys=0.00, real=0.01 secs] 
2016-09-25T21:57:35.674-0400: 91.200: [GC (GCLocker Initiated GC) [PSYoungGen: 164777K->65152K(184832K)] 638068K->538444K(709120K), 0.0101265 secs] [Times: user=0.15 sys=0.01, real=0.01 secs] 
2016-09-25T21:57:35.753-0400: 91.279: [GC (GCLocker Initiated GC) [PSYoungGen: 177792K->68470K(179712K)] 655684K->546362K(704000K), 0.0103213 secs] [Times: user=0.11 sys=0.01, real=0.02 secs] 
2016-09-25T21:57:35.830-0400: 91.356: [GC (GCLocker Initiated GC) [PSYoungGen: 172918K->58321K(183296K)] 657747K->543150K(707584K), 0.0108312 secs] [Times: user=0.12 sys=0.01, real=0.01 secs] 
2016-09-25T21:57:35.917-0400: 91.443: [GC (GCLocker Initiated GC) [PSYoungGen: 162769K->61432K(182784K)] 654519K->553182K(707072K), 0.0226332 secs] [Times: user=0.32 sys=0.00, real=0.02 secs] 
2016-09-25T21:57:36.013-0400: 91.539: [GC (GCLocker Initiated GC) [PSYoungGen: 166392K->71975K(177152K)] 663764K->570365K(701440K), 0.0153222 secs] [Times: user=0.18 sys=0.00, real=0.02 secs] 
2016-09-25T21:57:36.107-0400: 91.633: [GC (GCLocker Initiated GC) [PSYoungGen: 176935K->64225K(178688K)] 675359K->566834K(702976K), 0.0095224 secs] [Times: user=0.11 sys=0.00, real=0.01 secs] 
2016-09-25T21:57:36.176-0400: 91.702: [Full GC (Ergonomics) [PSYoungGen: 160481K->0K(178688K)] [ParOldGen: 508044K->453085K(524288K)] 668526K->453085K(702976K), [Metaspace: 43869K->43869K(1087488K)], 0.0606641 secs] [Times: user=0.48 sys=0.01, real=0.06 secs] 
2016-09-25T21:57:36.305-0400: 91.831: [GC (GCLocker Initiated GC) [PSYoungGen: 96256K->64949K(179200K)] 549364K->518058K(703488K), 0.0061464 secs] [Times: user=0.07 sys=0.01, real=0.00 secs] 
2016-09-25T21:57:36.363-0400: 91.889: [GC (GCLocker Initiated GC) [PSYoungGen: 161205K->61308K(177152K)] 617051K->517154K(701440K), 0.0121595 secs] [Times: user=0.17 sys=0.01, real=0.01 secs] 
2016-09-25T21:57:36.449-0400: 91.975: [GC (GCLocker Initiated GC) [PSYoungGen: 157564K->65897K(178176K)] 618914K->527248K(702464K), 0.0061940 secs] [Times: user=0.06 sys=0.01, real=0.01 secs] 
2016-09-25T21:57:36.522-0400: 92.048: [GC (GCLocker Initiated GC) [PSYoungGen: 162153K->71929K(175616K)] 633141K->542916K(699904K), 0.0109284 secs] [Times: user=0.10 sys=0.01, real=0.00 secs] 
2016-09-25T21:57:36.594-0400: 92.120: [GC (GCLocker Initiated GC) [PSYoungGen: 165113K->66941K(177664K)] 642603K->544431K(701952K), 0.0067909 secs] [Times: user=0.06 sys=0.00, real=0.00 secs] 
2016-09-25T21:57:36.676-0400: 92.202: [GC (GCLocker Initiated GC) [PSYoungGen: 160125K->72816K(173568K)] 644369K->557060K(697856K), 0.0072512 secs] [Times: user=0.07 sys=0.01, real=0.01 secs] 
2016-09-25T21:57:36.734-0400: 92.260: [GC (GCLocker Initiated GC) [PSYoungGen: 161904K->84772K(174080K)] 651633K->580839K(698368K), 0.0077457 secs] [Times: user=0.11 sys=0.00, real=0.01 secs] 
2016-09-25T21:57:36.798-0400: 92.323: [GC (GCLocker Initiated GC) [PSYoungGen: 173860K->50522K(175104K)] 670025K->572104K(699392K), 0.0072773 secs] [Times: user=0.07 sys=0.00, real=0.01 secs] 
2016-09-25T21:57:36.805-0400: 92.331: [Full GC (Ergonomics) [PSYoungGen: 50522K->0K(175104K)] [ParOldGen: 521581K->454982K(524288K)] 572104K->454982K(699392K), [Metaspace: 43875K->43875K(1087488K)], 0.0593854 secs] [Times: user=0.48 sys=0.02, real=0.06 secs] 
2016-09-25T21:57:36.930-0400: 92.455: [GC (GCLocker Initiated GC) [PSYoungGen: 88064K->42026K(175104K)] 549802K->503764K(699392K), 0.0050655 secs] [Times: user=0.06 sys=0.00, real=0.01 secs] 
2016-09-25T21:57:36.985-0400: 92.511: [GC (GCLocker Initiated GC) [PSYoungGen: 130090K->37215K(175104K)] 602859K->509984K(699392K), 0.0055734 secs] [Times: user=0.06 sys=0.00, real=0.00 secs] 
2016-09-25T21:57:37.040-0400: 92.566: [GC (Allocation Failure) [PSYoungGen: 125279K->51752K(175104K)] 603584K->532413K(699392K), 0.0151415 secs] [Times: user=0.20 sys=0.00, real=0.02 secs] 
2016-09-25T21:57:37.104-0400: 92.629: [GC (GCLocker Initiated GC) [PSYoungGen: 139816K->59231K(175104K)] 620484K->541156K(699392K), 0.0077607 secs] [Times: user=0.10 sys=0.00, real=0.00 secs] 
2016-09-25T21:57:37.163-0400: 92.689: [GC (GCLocker Initiated GC) [PSYoungGen: 147295K->64631K(175104K)] 629404K->547416K(699392K), 0.0112762 secs] [Times: user=0.16 sys=0.01, real=0.01 secs] 
2016-09-25T21:57:37.232-0400: 92.757: [GC (GCLocker Initiated GC) [PSYoungGen: 152695K->63342K(174080K)] 635547K->557686K(698368K), 0.0068757 secs] [Times: user=0.09 sys=0.00, real=0.01 secs] 
2016-09-25T21:57:37.294-0400: 92.820: [GC (GCLocker Initiated GC) [PSYoungGen: 151406K->64570K(174592K)] 645810K->570511K(698880K), 0.0065761 secs] [Times: user=0.07 sys=0.00, real=0.00 secs] 
2016-09-25T21:57:37.301-0400: 92.827: [Full GC (Ergonomics) [PSYoungGen: 64570K->0K(174592K)] [ParOldGen: 505941K->461915K(524288K)] 570511K->461915K(698880K), [Metaspace: 43876K->43876K(1087488K)], 0.0559987 secs] [Times: user=0.52 sys=0.00, real=0.06 secs] 
2016-09-25T21:57:37.417-0400: 92.943: [GC (GCLocker Initiated GC) [PSYoungGen: 88064K->51258K(173568K)] 550105K->513299K(697856K), 0.0060963 secs] [Times: user=0.05 sys=0.01, real=0.01 secs] 
2016-09-25T21:57:37.478-0400: 93.004: [GC (GCLocker Initiated GC) [PSYoungGen: 140858K->49622K(174592K)] 602931K->526247K(698880K), 0.0134037 secs] [Times: user=0.18 sys=0.00, real=0.01 secs] 
2016-09-25T21:57:37.550-0400: 93.076: [GC (GCLocker Initiated GC) [PSYoungGen: 139222K->52414K(174080K)] 615893K->529746K(698368K), 0.0076079 secs] [Times: user=0.06 sys=0.01, real=0.01 secs] 
2016-09-25T21:57:37.629-0400: 93.155: [GC (GCLocker Initiated GC) [PSYoungGen: 145598K->49843K(175616K)] 627009K->545572K(699904K), 0.0065188 secs] [Times: user=0.08 sys=0.00, real=0.01 secs] 
2016-09-25T21:57:37.712-0400: 93.238: [GC (GCLocker Initiated GC) [PSYoungGen: 143027K->32258K(177152K)] 640211K->554529K(701440K), 0.0064865 secs] [Times: user=0.06 sys=0.00, real=0.01 secs] 
2016-09-25T21:57:37.719-0400: 93.244: [Full GC (Ergonomics) [PSYoungGen: 32258K->0K(177152K)] [ParOldGen: 522271K->457238K(524288K)] 554529K->457238K(701440K), [Metaspace: 43881K->43881K(1087488K)], 0.0607216 secs] [Times: user=0.50 sys=0.02, real=0.06 secs] 
2016-09-25T21:57:37.832-0400: 93.358: [GC (GCLocker Initiated GC) [PSYoungGen: 96256K->52814K(149504K)] 557549K->514108K(673792K), 0.0103920 secs] [Times: user=0.16 sys=0.00, real=0.02 secs] 
2016-09-25T21:57:37.898-0400: 93.424: [GC (GCLocker Initiated GC) [PSYoungGen: 149070K->73696K(172544K)] 610505K->535130K(696832K), 0.0093909 secs] [Times: user=0.12 sys=0.01, real=0.01 secs] 
2016-09-25T21:57:37.962-0400: 93.488: [GC (GCLocker Initiated GC) [PSYoungGen: 165856K->77335K(169984K)] 630031K->543870K(694272K), 0.0071793 secs] [Times: user=0.11 sys=0.00, real=0.01 secs] 
2016-09-25T21:57:38.025-0400: 93.551: [GC (GCLocker Initiated GC) [PSYoungGen: 169495K->45554K(175104K)] 641492K->526890K(699392K), 0.0088533 secs] [Times: user=0.08 sys=0.00, real=0.00 secs] 
2016-09-25T21:57:38.090-0400: 93.615: [GC (GCLocker Initiated GC) [PSYoungGen: 133618K->52526K(140800K)] 623120K->542744K(665088K), 0.0060001 secs] [Times: user=0.08 sys=0.00, real=0.01 secs] 
2016-09-25T21:57:38.151-0400: 93.677: [GC (GCLocker Initiated GC) [PSYoungGen: 140590K->55161K(177152K)] 630932K->546209K(701440K), 0.0060652 secs] [Times: user=0.06 sys=0.00, real=0.01 secs] 
2016-09-25T21:57:38.220-0400: 93.746: [GC (GCLocker Initiated GC) [PSYoungGen: 145785K->30305K(174592K)] 642267K->526787K(698880K), 0.0046577 secs] [Times: user=0.04 sys=0.00, real=0.01 secs] 
2016-09-25T21:57:38.277-0400: 93.803: [GC (GCLocker Initiated GC) [PSYoungGen: 120929K->52339K(173568K)] 622902K->554313K(697856K), 0.0059810 secs] [Times: user=0.05 sys=0.00, real=0.01 secs] 
2016-09-25T21:57:38.332-0400: 93.858: [Full GC (Ergonomics) [PSYoungGen: 145011K->0K(173568K)] [ParOldGen: 504725K->454013K(524288K)] 649737K->454013K(697856K), [Metaspace: 43881K->43881K(1087488K)], 0.1464514 secs] [Times: user=1.74 sys=0.02, real=0.15 secs] 
2016-09-25T21:57:38.544-0400: 94.069: [GC (GCLocker Initiated GC) [PSYoungGen: 92672K->54202K(175104K)] 557623K->519154K(699392K), 0.0055502 secs] [Times: user=0.08 sys=0.00, real=0.00 secs] 
2016-09-25T21:57:38.611-0400: 94.137: [GC (GCLocker Initiated GC) [PSYoungGen: 146874K->64280K(177152K)] 614547K->531953K(701440K), 0.0060557 secs] [Times: user=0.08 sys=0.01, real=0.01 secs] 
2016-09-25T21:57:38.685-0400: 94.211: [GC (GCLocker Initiated GC) [PSYoungGen: 161560K->74457K(172032K)] 629295K->542193K(696320K), 0.0060179 secs] [Times: user=0.08 sys=0.00, real=0.00 secs] 
2016-09-25T21:57:38.749-0400: 94.275: [GC (GCLocker Initiated GC) [PSYoungGen: 171737K->86011K(174080K)] 643938K->571728K(698368K), 0.0079837 secs] [Times: user=0.12 sys=0.00, real=0.01 secs] 
2016-09-25T21:57:38.811-0400: 94.337: [GC (GCLocker Initiated GC) [PSYoungGen: 174075K->78394K(175104K)] 662522K->566841K(699392K), 0.0080207 secs] [Times: user=0.08 sys=0.00, real=0.01 secs] 
2016-09-25T21:57:38.871-0400: 94.397: [GC (GCLocker Initiated GC) [PSYoungGen: 166458K->86288K(175104K)] 655019K->586689K(699392K), 0.0178121 secs] [Times: user=0.26 sys=0.00, real=0.02 secs] 
2016-09-25T21:57:38.951-0400: 94.476: [GC (GCLocker Initiated GC) [PSYoungGen: 174352K->86859K(175104K)] 677455K->607637K(699392K), 0.0075407 secs] [Times: user=0.10 sys=0.01, real=0.01 secs] 
2016-09-25T21:57:38.958-0400: 94.484: [Full GC (Ergonomics) [PSYoungGen: 86859K->0K(175104K)] [ParOldGen: 520778K->450483K(524288K)] 607637K->450483K(699392K), [Metaspace: 43881K->43881K(1087488K)], 0.0570557 secs] [Times: user=0.55 sys=0.00, real=0.06 secs] 
2016-09-25T21:57:39.068-0400: 94.594: [GC (GCLocker Initiated GC) [PSYoungGen: 88064K->56793K(175104K)] 538586K->507315K(699392K), 0.0060479 secs] [Times: user=0.07 sys=0.00, real=0.00 secs] 
2016-09-25T21:57:39.127-0400: 94.653: [GC (GCLocker Initiated GC) [PSYoungGen: 144857K->49266K(175104K)] 602576K->506985K(699392K), 0.0162181 secs] [Times: user=0.21 sys=0.00, real=0.02 secs] 
2016-09-25T21:57:39.198-0400: 94.724: [GC (GCLocker Initiated GC) [PSYoungGen: 137330K->32160K(175104K)] 610017K->515841K(699392K), 0.0102261 secs] [Times: user=0.11 sys=0.00, real=0.01 secs] 
2016-09-25T21:57:39.257-0400: 94.783: [GC (GCLocker Initiated GC) [PSYoungGen: 120224K->45422K(175104K)] 606671K->540647K(699392K), 0.0059804 secs] [Times: user=0.05 sys=0.00, real=0.01 secs] 
2016-09-25T21:57:39.337-0400: 94.863: [Full GC (Ergonomics) [PSYoungGen: 133486K->0K(175104K)] [ParOldGen: 504745K->461771K(524288K)] 638232K->461771K(699392K), [Metaspace: 43881K->43881K(1087488K)], 0.0733861 secs] [Times: user=0.55 sys=0.01, real=0.07 secs] 
2016-09-25T21:57:39.473-0400: 94.999: [GC (GCLocker Initiated GC) [PSYoungGen: 88064K->55580K(175104K)] 558050K->525566K(699392K), 0.0068173 secs] [Times: user=0.07 sys=0.01, real=0.01 secs] 
2016-09-25T21:57:39.528-0400: 95.054: [GC (GCLocker Initiated GC) [PSYoungGen: 143644K->71395K(175104K)] 613697K->543970K(699392K), 0.0067988 secs] [Times: user=0.08 sys=0.01, real=0.01 secs] 
2016-09-25T21:57:39.592-0400: 95.118: [GC (GCLocker Initiated GC) [PSYoungGen: 159459K->65898K(175104K)] 632100K->544662K(699392K), 0.0086009 secs] [Times: user=0.08 sys=0.00, real=0.01 secs] 
2016-09-25T21:57:39.660-0400: 95.186: [GC (GCLocker Initiated GC) [PSYoungGen: 153962K->24037K(175104K)] 649087K->541388K(699392K), 0.0271158 secs] [Times: user=0.31 sys=0.01, real=0.03 secs] 
2016-09-25T21:57:39.687-0400: 95.213: [Full GC (Ergonomics) [PSYoungGen: 24037K->0K(175104K)] [ParOldGen: 517350K->461538K(524288K)] 541388K->461538K(699392K), [Metaspace: 43884K->43884K(1087488K)], 0.0654163 secs] [Times: user=0.51 sys=0.00, real=0.06 secs] 
2016-09-25T21:57:39.801-0400: 95.327: [GC (GCLocker Initiated GC) [PSYoungGen: 88064K->56472K(175104K)] 549773K->518181K(699392K), 0.0062884 secs] [Times: user=0.05 sys=0.00, real=0.01 secs] 
2016-09-25T21:57:39.857-0400: 95.383: [GC (GCLocker Initiated GC) [PSYoungGen: 144536K->54868K(175104K)] 606339K->517457K(699392K), 0.0146451 secs] [Times: user=0.12 sys=0.00, real=0.01 secs] 
2016-09-25T21:57:39.927-0400: 95.453: [GC (GCLocker Initiated GC) [PSYoungGen: 142932K->65794K(175104K)] 605564K->531674K(699392K), 0.0073616 secs] [Times: user=0.08 sys=0.00, real=0.01 secs] 
2016-09-25T21:57:39.980-0400: 95.506: [GC (GCLocker Initiated GC) [PSYoungGen: 153858K->49659K(175104K)] 619878K->546013K(699392K), 0.0069623 secs] [Times: user=0.08 sys=0.00, real=0.01 secs] 
2016-09-25T21:57:39.987-0400: 95.513: [Full GC (Ergonomics) [PSYoungGen: 49659K->0K(175104K)] [ParOldGen: 496354K->460858K(524288K)] 546013K->460858K(699392K), [Metaspace: 43884K->43884K(1087488K)], 0.0565864 secs] [Times: user=0.51 sys=0.00, real=0.06 secs] 
2016-09-25T21:57:40.103-0400: 95.629: [GC (GCLocker Initiated GC) [PSYoungGen: 88064K->66233K(175104K)] 562553K->540723K(699392K), 0.0066115 secs] [Times: user=0.09 sys=0.00, real=0.00 secs] 
2016-09-25T21:57:40.175-0400: 95.701: [GC (GCLocker Initiated GC) [PSYoungGen: 154297K->60588K(175104K)] 628842K->541429K(699392K), 0.0084773 secs] [Times: user=0.10 sys=0.00, real=0.01 secs] 
2016-09-25T21:57:40.238-0400: 95.764: [GC (GCLocker Initiated GC) [PSYoungGen: 148652K->52330K(175104K)] 632222K->539252K(699392K), 0.0066914 secs] [Times: user=0.06 sys=0.00, real=0.01 secs] 
2016-09-25T21:57:40.303-0400: 95.829: [GC (GCLocker Initiated GC) [PSYoungGen: 140394K->64578K(175104K)] 630086K->565724K(699392K), 0.0087408 secs] [Times: user=0.11 sys=0.00, real=0.00 secs] 
2016-09-25T21:57:40.312-0400: 95.838: [Full GC (Ergonomics) [PSYoungGen: 64578K->0K(175104K)] [ParOldGen: 501146K->468470K(524288K)] 565724K->468470K(699392K), [Metaspace: 43890K->43890K(1087488K)], 0.0559798 secs] [Times: user=0.51 sys=0.01, real=0.06 secs] 
2016-09-25T21:57:40.421-0400: 95.946: [GC (GCLocker Initiated GC) [PSYoungGen: 88064K->71490K(175104K)] 559248K->542675K(699392K), 0.0070567 secs] [Times: user=0.10 sys=0.00, real=0.01 secs] 
2016-09-25T21:57:40.486-0400: 96.011: [GC (GCLocker Initiated GC) [PSYoungGen: 159554K->61911K(175104K)] 638932K->543439K(699392K), 0.0072258 secs] [Times: user=0.09 sys=0.00, real=0.00 secs] 
2016-09-25T21:57:40.551-0400: 96.077: [GC (GCLocker Initiated GC) [PSYoungGen: 149975K->70533K(175104K)] 631517K->552074K(699392K), 0.0066378 secs] [Times: user=0.09 sys=0.01, real=0.01 secs] 
2016-09-25T21:57:40.611-0400: 96.136: [GC (GCLocker Initiated GC) [PSYoungGen: 158597K->47094K(175104K)] 640166K->562273K(699392K), 0.0077617 secs] [Times: user=0.09 sys=0.00, real=0.01 secs] 
2016-09-25T21:57:40.619-0400: 96.144: [Full GC (Ergonomics) [PSYoungGen: 47094K->0K(175104K)] [ParOldGen: 515178K->465066K(524288K)] 562273K->465066K(699392K), [Metaspace: 43890K->43890K(1087488K)], 0.0987213 secs] [Times: user=0.63 sys=0.06, real=0.10 secs] 
2016-09-25T21:57:40.766-0400: 96.291: [GC (Allocation Failure) [PSYoungGen: 88064K->44423K(175104K)] 554569K->510928K(699392K), 0.0109178 secs] [Times: user=0.09 sys=0.01, real=0.01 secs] 
2016-09-25T21:57:40.832-0400: 96.358: [GC (GCLocker Initiated GC) [PSYoungGen: 132487K->59143K(147456K)] 599001K->537336K(671744K), 0.0061324 secs] [Times: user=0.09 sys=0.00, real=0.01 secs] 
2016-09-25T21:57:40.893-0400: 96.419: [GC (GCLocker Initiated GC) [PSYoungGen: 147207K->74568K(171008K)] 625479K->552839K(695296K), 0.0075400 secs] [Times: user=0.11 sys=0.00, real=0.01 secs] 
2016-09-25T21:57:40.954-0400: 96.480: [GC (GCLocker Initiated GC) [PSYoungGen: 160584K->53653K(173056K)] 638859K->552046K(697344K), 0.0062861 secs] [Times: user=0.07 sys=0.00, real=0.01 secs] 
2016-09-25T21:57:40.960-0400: 96.486: [Full GC (Ergonomics) [PSYoungGen: 53653K->0K(173056K)] [ParOldGen: 498393K->469905K(524288K)] 552046K->469905K(697344K), [Metaspace: 43890K->43890K(1087488K)], 0.0531298 secs] [Times: user=0.53 sys=0.00, real=0.05 secs] 
2016-09-25T21:57:41.080-0400: 96.606: [GC (GCLocker Initiated GC) [PSYoungGen: 86016K->70552K(174592K)] 558730K->543266K(698880K), 0.0072929 secs] [Times: user=0.10 sys=0.00, real=0.01 secs] 
2016-09-25T21:57:41.149-0400: 96.675: [GC (GCLocker Initiated GC) [PSYoungGen: 158616K->62049K(150528K)] 631401K->557649K(674816K), 0.0069025 secs] [Times: user=0.10 sys=0.00, real=0.01 secs] 
2016-09-25T21:57:41.156-0400: 96.682: [Full GC (Ergonomics) [PSYoungGen: 62049K->0K(150528K)] [ParOldGen: 495599K->468439K(524288K)] 557649K->468439K(674816K), [Metaspace: 43890K->43890K(1087488K)], 0.0579608 secs] [Times: user=0.57 sys=0.00, real=0.06 secs] 
2016-09-25T21:57:41.264-0400: 96.789: [GC (GCLocker Initiated GC) [PSYoungGen: 88064K->71854K(173568K)] 556550K->540341K(697856K), 0.0079664 secs] [Times: user=0.12 sys=0.00, real=0.00 secs] 
2016-09-25T21:57:41.328-0400: 96.854: [GC (GCLocker Initiated GC) [PSYoungGen: 159406K->44378K(174592K)] 633333K->554595K(698880K), 0.0064415 secs] [Times: user=0.09 sys=0.00, real=0.01 secs] 
2016-09-25T21:57:41.335-0400: 96.861: [Full GC (Ergonomics) [PSYoungGen: 44378K->0K(174592K)] [ParOldGen: 510216K->466906K(524288K)] 554595K->466906K(698880K), [Metaspace: 43890K->43890K(1087488K)], 0.0572239 secs] [Times: user=0.57 sys=0.00, real=0.05 secs] 
2016-09-25T21:57:41.448-0400: 96.974: [GC (GCLocker Initiated GC) [PSYoungGen: 87551K->56981K(173056K)] 562799K->532229K(697344K), 0.0060575 secs] [Times: user=0.08 sys=0.00, real=0.01 secs] 
2016-09-25T21:57:41.509-0400: 97.035: [GC (GCLocker Initiated GC) [PSYoungGen: 145045K->42823K(174080K)] 625708K->523487K(698368K), 0.0050588 secs] [Times: user=0.06 sys=0.00, real=0.01 secs] 
2016-09-25T21:57:41.569-0400: 97.095: [GC (GCLocker Initiated GC) [PSYoungGen: 130887K->59666K(172032K)] 615656K->544435K(696320K), 0.0108226 secs] [Times: user=0.16 sys=0.00, real=0.01 secs] 
2016-09-25T21:57:41.647-0400: 97.173: [Full GC (Ergonomics) [PSYoungGen: 149778K->0K(172032K)] [ParOldGen: 493059K->470992K(524288K)] 642838K->470992K(696320K), [Metaspace: 43890K->43890K(1087488K)], 0.0549966 secs] [Times: user=0.51 sys=0.02, real=0.06 secs] 
2016-09-25T21:57:41.753-0400: 97.279: [GC (GCLocker Initiated GC) [PSYoungGen: 90112K->71347K(174080K)] 561129K->542364K(698368K), 0.0064826 secs] [Times: user=0.08 sys=0.00, real=0.01 secs] 
2016-09-25T21:57:41.818-0400: 97.344: [GC (GCLocker Initiated GC) [PSYoungGen: 161459K->38077K(174080K)] 644733K->521352K(698368K), 0.0070413 secs] [Times: user=0.08 sys=0.00, real=0.01 secs] 
2016-09-25T21:57:41.882-0400: 97.408: [GC (GCLocker Initiated GC) [PSYoungGen: 126141K->69671K(175104K)] 612165K->555695K(699392K), 0.0065861 secs] [Times: user=0.08 sys=0.01, real=0.01 secs] 
2016-09-25T21:57:41.940-0400: 97.466: [GC (GCLocker Initiated GC) [PSYoungGen: 157735K->75491K(175104K)] 646495K->564251K(699392K), 0.0074870 secs] [Times: user=0.07 sys=0.01, real=0.01 secs] 
2016-09-25T21:57:42.018-0400: 97.543: [GC (GCLocker Initiated GC) [PSYoungGen: 163555K->75533K(175104K)] 652495K->574581K(699392K), 0.0071594 secs] [Times: user=0.11 sys=0.00, real=0.01 secs] 
2016-09-25T21:57:42.025-0400: 97.551: [Full GC (Ergonomics) [PSYoungGen: 75533K->0K(175104K)] [ParOldGen: 499048K->477504K(524288K)] 574581K->477504K(699392K), [Metaspace: 43890K->43890K(1087488K)], 0.0623450 secs] [Times: user=0.55 sys=0.03, real=0.06 secs] 
2016-09-25T21:57:42.147-0400: 97.673: [GC (GCLocker Initiated GC) [PSYoungGen: 88064K->59598K(175104K)] 566954K->538489K(699392K), 0.0057404 secs] [Times: user=0.06 sys=0.00, real=0.00 secs] 
2016-09-25T21:57:42.207-0400: 97.733: [GC (GCLocker Initiated GC) [PSYoungGen: 147662K->76416K(175104K)] 626570K->555324K(699392K), 0.0140349 secs] [Times: user=0.14 sys=0.00, real=0.01 secs] 
2016-09-25T21:57:42.281-0400: 97.807: [GC (GCLocker Initiated GC) [PSYoungGen: 164480K->51059K(175104K)] 651556K->550597K(699392K), 0.0192888 secs] [Times: user=0.22 sys=0.00, real=0.02 secs] 
2016-09-25T21:57:42.300-0400: 97.826: [Full GC (Ergonomics) [PSYoungGen: 51059K->0K(175104K)] [ParOldGen: 499538K->484658K(524288K)] 550597K->484658K(699392K), [Metaspace: 43890K->43890K(1087488K)], 0.0651758 secs] [Times: user=0.48 sys=0.00, real=0.07 secs] 
2016-09-25T21:57:42.427-0400: 97.952: [GC (GCLocker Initiated GC) [PSYoungGen: 88064K->51311K(175104K)] 578253K->541500K(699392K), 0.0071488 secs] [Times: user=0.08 sys=0.00, real=0.00 secs] 
2016-09-25T21:57:42.498-0400: 98.024: [GC (GCLocker Initiated GC) [PSYoungGen: 139375K->48162K(175104K)] 629616K->539356K(699392K), 0.0123210 secs] [Times: user=0.13 sys=0.00, real=0.01 secs] 
2016-09-25T21:57:42.564-0400: 98.089: [GC (GCLocker Initiated GC) [PSYoungGen: 136226K->46780K(175104K)] 631690K->559092K(699392K), 0.0068735 secs] [Times: user=0.06 sys=0.00, real=0.00 secs] 
2016-09-25T21:57:42.571-0400: 98.096: [Full GC (Ergonomics) [PSYoungGen: 46780K->0K(175104K)] [ParOldGen: 512312K->483558K(524288K)] 559092K->483558K(699392K), [Metaspace: 43890K->43890K(1087488K)], 0.0711504 secs] [Times: user=0.52 sys=0.01, real=0.07 secs] 
2016-09-25T21:57:42.707-0400: 98.232: [GC (GCLocker Initiated GC) [PSYoungGen: 88064K->30826K(175104K)] 579890K->522653K(699392K), 0.0127604 secs] [Times: user=0.15 sys=0.01, real=0.01 secs] 
2016-09-25T21:57:42.768-0400: 98.294: [GC (GCLocker Initiated GC) [PSYoungGen: 118890K->64436K(175104K)] 610744K->569342K(699392K), 0.0096078 secs] [Times: user=0.14 sys=0.00, real=0.01 secs] 
2016-09-25T21:57:42.778-0400: 98.304: [Full GC (Ergonomics) [PSYoungGen: 64436K->0K(175104K)] [ParOldGen: 504905K->481717K(524288K)] 569342K->481717K(699392K), [Metaspace: 43890K->43890K(1087488K)], 0.0534057 secs] [Times: user=0.59 sys=0.00, real=0.05 secs] 
2016-09-25T21:57:42.890-0400: 98.416: [GC (GCLocker Initiated GC) [PSYoungGen: 88064K->62274K(175104K)] 575214K->549425K(699392K), 0.0095823 secs] [Times: user=0.13 sys=0.01, real=0.01 secs] 
2016-09-25T21:57:42.955-0400: 98.481: [GC (GCLocker Initiated GC) [PSYoungGen: 150338K->64650K(175104K)] 637655K->554321K(699392K), 0.0061222 secs] [Times: user=0.08 sys=0.00, real=0.00 secs] 
2016-09-25T21:57:43.020-0400: 98.546: [GC (GCLocker Initiated GC) [PSYoungGen: 152714K->42985K(175104K)] 647862K->546887K(699392K), 0.0128422 secs] [Times: user=0.14 sys=0.00, real=0.01 secs] 
2016-09-25T21:57:43.033-0400: 98.559: [Full GC (Ergonomics) [PSYoungGen: 42985K->0K(175104K)] [ParOldGen: 503902K->480696K(524288K)] 546887K->480696K(699392K), [Metaspace: 43890K->43890K(1087488K)], 0.0622066 secs] [Times: user=0.58 sys=0.00, real=0.07 secs] 
2016-09-25T21:57:43.143-0400: 98.669: [GC (GCLocker Initiated GC) [PSYoungGen: 88064K->47127K(175104K)] 571497K->530561K(699392K), 0.0068401 secs] [Times: user=0.04 sys=0.00, real=0.00 secs] 
2016-09-25T21:57:43.207-0400: 98.733: [GC (GCLocker Initiated GC) [PSYoungGen: 135191K->60113K(173056K)] 624204K->549126K(697344K), 0.0062249 secs] [Times: user=0.07 sys=0.00, real=0.00 secs] 
2016-09-25T21:57:43.266-0400: 98.792: [GC (GCLocker Initiated GC) [PSYoungGen: 148177K->45771K(174080K)] 641382K->538976K(698368K), 0.0092483 secs] [Times: user=0.09 sys=0.01, real=0.01 secs] 
2016-09-25T21:57:43.317-0400: 98.843: [GC (GCLocker Initiated GC) [PSYoungGen: 133835K->51698K(171520K)] 629776K->547638K(695808K), 0.0079905 secs] [Times: user=0.07 sys=0.00, real=0.01 secs] 
2016-09-25T21:57:43.378-0400: 98.904: [GC (GCLocker Initiated GC) [PSYoungGen: 143346K->76743K(173568K)] 644742K->578139K(697856K), 0.0096426 secs] [Times: user=0.10 sys=0.01, real=0.01 secs] 
2016-09-25T21:57:43.443-0400: 98.969: [GC (GCLocker Initiated GC) [PSYoungGen: 168391K->51469K(176640K)] 672548K->572089K(700928K), 0.0127947 secs] [Times: user=0.13 sys=0.00, real=0.01 secs] 
2016-09-25T21:57:43.456-0400: 98.982: [Full GC (Ergonomics) [PSYoungGen: 51469K->0K(176640K)] [ParOldGen: 520620K->484195K(524288K)] 572089K->484195K(700928K), [Metaspace: 43890K->43890K(1087488K)], 0.0510660 secs] [Times: user=0.37 sys=0.01, real=0.05 secs] 
2016-09-25T21:57:43.551-0400: 99.077: [GC (GCLocker Initiated GC) [PSYoungGen: 89600K->70521K(175104K)] 573907K->554828K(699392K), 0.0067216 secs] [Times: user=0.09 sys=0.01, real=0.01 secs] 
2016-09-25T21:57:43.627-0400: 99.153: [GC (GCLocker Initiated GC) [PSYoungGen: 160121K->53807K(175104K)] 652675K->546360K(699392K), 0.0057137 secs] [Times: user=0.09 sys=0.00, real=0.00 secs] 
2016-09-25T21:57:43.683-0400: 99.209: [GC (GCLocker Initiated GC) [PSYoungGen: 143407K->53173K(142848K)] 640064K->549830K(667136K), 0.0061865 secs] [Times: user=0.07 sys=0.01, real=0.00 secs] 
2016-09-25T21:57:43.746-0400: 99.272: [GC (GCLocker Initiated GC) [PSYoungGen: 142773K->52312K(176640K)] 642143K->551682K(700928K), 0.0097442 secs] [Times: user=0.08 sys=0.01, real=0.01 secs] 
2016-09-25T21:57:43.821-0400: 99.347: [GC (GCLocker Initiated GC) [PSYoungGen: 145496K->77650K(174592K)] 644982K->577135K(698880K), 0.0076215 secs] [Times: user=0.09 sys=0.00, real=0.01 secs] 
2016-09-25T21:57:43.896-0400: 99.421: [GC (GCLocker Initiated GC) [PSYoungGen: 170834K->60653K(177152K)] 673160K->562979K(701440K), 0.0209064 secs] [Times: user=0.27 sys=0.00, real=0.02 secs] 
2016-09-25T21:57:43.974-0400: 99.500: [GC (GCLocker Initiated GC) [PSYoungGen: 150765K->84656K(175104K)] 655948K->589839K(699392K), 0.0084928 secs] [Times: user=0.09 sys=0.01, real=0.01 secs] 
2016-09-25T21:57:44.040-0400: 99.566: [Full GC (Ergonomics) [PSYoungGen: 174768K->0K(175104K)] [ParOldGen: 509305K->488771K(524288K)] 684073K->488771K(699392K), [Metaspace: 43894K->43894K(1087488K)], 0.0641364 secs] [Times: user=0.65 sys=0.00, real=0.07 secs] 
2016-09-25T21:57:44.164-0400: 99.690: [GC (GCLocker Initiated GC) [PSYoungGen: 90112K->70573K(175104K)] 581672K->562133K(699392K), 0.0064588 secs] [Times: user=0.09 sys=0.00, real=0.00 secs] 
2016-09-25T21:57:44.222-0400: 99.748: [GC (GCLocker Initiated GC) [PSYoungGen: 158637K->45433K(175104K)] 650766K->537562K(699392K), 0.0056951 secs] [Times: user=0.05 sys=0.00, real=0.00 secs] 
2016-09-25T21:57:44.282-0400: 99.808: [GC (GCLocker Initiated GC) [PSYoungGen: 133497K->86778K(175104K)] 625673K->578954K(699392K), 0.0078157 secs] [Times: user=0.10 sys=0.02, real=0.00 secs] 
2016-09-25T21:57:44.339-0400: 99.865: [GC (GCLocker Initiated GC) [PSYoungGen: 174842K->76419K(175104K)] 669816K->571393K(699392K), 0.0146798 secs] [Times: user=0.14 sys=0.01, real=0.02 secs] 
2016-09-25T21:57:44.417-0400: 99.943: [GC (GCLocker Initiated GC) [PSYoungGen: 164483K->52858K(175104K)] 662168K->562523K(699392K), 0.0067558 secs] [Times: user=0.06 sys=0.02, real=0.01 secs] 
2016-09-25T21:57:44.482-0400: 100.008: [Full GC (Ergonomics) [PSYoungGen: 140922K->0K(175104K)] [ParOldGen: 509765K->496720K(524288K)] 650688K->496720K(699392K), [Metaspace: 43894K->43894K(1087488K)], 0.0670896 secs] [Times: user=0.46 sys=0.01, real=0.07 secs] 
2016-09-25T21:57:44.606-0400: 100.132: [GC (GCLocker Initiated GC) [PSYoungGen: 88064K->63851K(175104K)] 587518K->563305K(699392K), 0.0057411 secs] [Times: user=0.08 sys=0.00, real=0.00 secs] 
2016-09-25T21:57:44.670-0400: 100.196: [GC (GCLocker Initiated GC) [PSYoungGen: 151915K->84669K(175104K)] 651417K->594971K(699392K), 0.0092375 secs] [Times: user=0.12 sys=0.01, real=0.01 secs] 
2016-09-25T21:57:44.679-0400: 100.205: [Full GC (Ergonomics) [PSYoungGen: 84669K->0K(175104K)] [ParOldGen: 510302K->485728K(524288K)] 594971K->485728K(699392K), [Metaspace: 43894K->43894K(1087488K)], 0.0729599 secs] [Times: user=0.89 sys=0.00, real=0.07 secs] 
2016-09-25T21:57:44.815-0400: 100.341: [GC (GCLocker Initiated GC) [PSYoungGen: 88064K->57097K(175104K)] 576596K->545630K(699392K), 0.0126820 secs] [Times: user=0.19 sys=0.00, real=0.01 secs] 
2016-09-25T21:57:44.879-0400: 100.405: [GC (GCLocker Initiated GC) --[PSYoungGen: 145161K->145161K(175104K)] 640752K->669051K(699392K), 0.0085470 secs] [Times: user=0.08 sys=0.01, real=0.01 secs] 
2016-09-25T21:57:44.888-0400: 100.414: [Full GC (Ergonomics) [PSYoungGen: 145161K->0K(175104K)] [ParOldGen: 523889K->488694K(524288K)] 669051K->488694K(699392K), [Metaspace: 43894K->43894K(1087488K)], 0.0573927 secs] [Times: user=0.58 sys=0.00, real=0.06 secs] 
2016-09-25T21:57:45.010-0400: 100.535: [GC (GCLocker Initiated GC) [PSYoungGen: 88064K->70362K(175104K)] 579476K->561774K(699392K), 0.0076403 secs] [Times: user=0.12 sys=0.00, real=0.01 secs] 
2016-09-25T21:57:45.074-0400: 100.600: [GC (GCLocker Initiated GC) [PSYoungGen: 158426K->70165K(175104K)] 649931K->573493K(699392K), 0.0164114 secs] [Times: user=0.21 sys=0.01, real=0.02 secs] 
2016-09-25T21:57:45.144-0400: 100.670: [Full GC (Ergonomics) [PSYoungGen: 158229K->0K(175104K)] [ParOldGen: 510533K->488269K(524288K)] 668762K->488269K(699392K), [Metaspace: 43894K->43894K(1087488K)], 0.1258653 secs] [Times: user=1.49 sys=0.01, real=0.12 secs] 
2016-09-25T21:57:45.335-0400: 100.861: [GC (GCLocker Initiated GC) [PSYoungGen: 88064K->54257K(175104K)] 580762K->546956K(699392K), 0.0056423 secs] [Times: user=0.06 sys=0.00, real=0.00 secs] 
2016-09-25T21:57:45.398-0400: 100.924: [GC (GCLocker Initiated GC) [PSYoungGen: 142321K->60591K(175104K)] 640632K->583027K(699392K), 0.0078816 secs] [Times: user=0.09 sys=0.00, real=0.01 secs] 
2016-09-25T21:57:45.406-0400: 100.932: [Full GC (Ergonomics) [PSYoungGen: 60591K->0K(175104K)] [ParOldGen: 522436K->495127K(524288K)] 583027K->495127K(699392K), [Metaspace: 43894K->43894K(1087488K)], 0.0603784 secs] [Times: user=0.49 sys=0.01, real=0.06 secs] 
2016-09-25T21:57:45.533-0400: 101.059: [Full GC (Ergonomics) [PSYoungGen: 88064K->0K(175104K)] [ParOldGen: 512790K->498664K(524288K)] 600854K->498664K(699392K), [Metaspace: 43894K->43894K(1087488K)], 0.0539243 secs] [Times: user=0.47 sys=0.01, real=0.06 secs] 
2016-09-25T21:57:45.641-0400: 101.167: [GC (GCLocker Initiated GC) [PSYoungGen: 88064K->74603K(175104K)] 586880K->573420K(699392K), 0.0076440 secs] [Times: user=0.11 sys=0.01, real=0.01 secs] 
2016-09-25T21:57:45.712-0400: 101.238: [GC (GCLocker Initiated GC) [PSYoungGen: 162667K->53809K(175104K)] 661565K->556589K(699392K), 0.0101217 secs] [Times: user=0.13 sys=0.01, real=0.01 secs] 
2016-09-25T21:57:45.790-0400: 101.316: [Full GC (Ergonomics) [PSYoungGen: 141873K->0K(175104K)] [ParOldGen: 506934K->487316K(524288K)] 648807K->487316K(699392K), [Metaspace: 43894K->43894K(1087488K)], 0.0655655 secs] [Times: user=0.80 sys=0.01, real=0.07 secs] 
2016-09-25T21:57:45.908-0400: 101.434: [GC (GCLocker Initiated GC) [PSYoungGen: 88064K->50179K(175104K)] 580854K->542970K(699392K), 0.0059700 secs] [Times: user=0.05 sys=0.00, real=0.01 secs] 
2016-09-25T21:57:45.972-0400: 101.498: [GC (GCLocker Initiated GC) [PSYoungGen: 138243K->53867K(175104K)] 632672K->569861K(699392K), 0.0073499 secs] [Times: user=0.08 sys=0.00, real=0.01 secs] 
2016-09-25T21:57:45.980-0400: 101.505: [Full GC (Ergonomics) [PSYoungGen: 53867K->0K(175104K)] [ParOldGen: 515993K->491418K(524288K)] 569861K->491418K(699392K), [Metaspace: 43894K->43894K(1087488K)], 0.0629207 secs] [Times: user=0.45 sys=0.01, real=0.07 secs] 
2016-09-25T21:57:46.096-0400: 101.621: [GC (GCLocker Initiated GC) [PSYoungGen: 88064K->47714K(175104K)] 579614K->539264K(699392K), 0.0123493 secs] [Times: user=0.14 sys=0.01, real=0.01 secs] 
2016-09-25T21:57:46.174-0400: 101.700: [GC (GCLocker Initiated GC) --[PSYoungGen: 135778K->135778K(175104K)] 635719K->658701K(699392K), 0.0222607 secs] [Times: user=0.26 sys=0.01, real=0.03 secs] 
2016-09-25T21:57:46.196-0400: 101.722: [Full GC (Ergonomics) [PSYoungGen: 135778K->0K(175104K)] [ParOldGen: 522922K->497095K(524288K)] 658701K->497095K(699392K), [Metaspace: 43894K->43894K(1087488K)], 0.0562226 secs] [Times: user=0.57 sys=0.00, real=0.05 secs] 
2016-09-25T21:57:46.325-0400: 101.851: [GC (GCLocker Initiated GC) [PSYoungGen: 88064K->62286K(175104K)] 587892K->562114K(699392K), 0.0102585 secs] [Times: user=0.15 sys=0.00, real=0.01 secs] 
2016-09-25T21:57:46.390-0400: 101.916: [Full GC (Ergonomics) [PSYoungGen: 150350K->0K(175104K)] [ParOldGen: 509286K->500121K(524288K)] 659637K->500121K(699392K), [Metaspace: 43894K->43894K(1087488K)], 0.0543000 secs] [Times: user=0.41 sys=0.01, real=0.06 secs] 
2016-09-25T21:57:46.500-0400: 102.026: [Full GC (Ergonomics) [PSYoungGen: 88064K->0K(175104K)] [ParOldGen: 503073K->499494K(524288K)] 591137K->499494K(699392K), [Metaspace: 43894K->43894K(1087488K)], 0.0619567 secs] [Times: user=0.60 sys=0.00, real=0.06 secs] 
2016-09-25T21:57:46.620-0400: 102.146: [Full GC (Ergonomics) [PSYoungGen: 88064K->0K(175104K)] [ParOldGen: 502228K->507084K(524288K)] 590292K->507084K(699392K), [Metaspace: 43894K->43894K(1087488K)], 0.0493786 secs] [Times: user=0.40 sys=0.01, real=0.05 secs] 
2016-09-25T21:57:46.730-0400: 102.256: [Full GC (Ergonomics) [PSYoungGen: 88064K->0K(175104K)] [ParOldGen: 507316K->505125K(524288K)] 595380K->505125K(699392K), [Metaspace: 43894K->43894K(1087488K)], 0.0545904 secs] [Times: user=0.48 sys=0.01, real=0.06 secs] 
2016-09-25T21:57:46.842-0400: 102.368: [Full GC (Ergonomics) [PSYoungGen: 88064K->0K(175104K)] [ParOldGen: 507947K->503139K(524288K)] 596011K->503139K(699392K), [Metaspace: 43894K->43894K(1087488K)], 0.0556860 secs] [Times: user=0.54 sys=0.01, real=0.05 secs] 
2016-09-25T21:57:46.955-0400: 102.481: [Full GC (Ergonomics) [PSYoungGen: 88064K->0K(175104K)] [ParOldGen: 508958K->504077K(524288K)] 597022K->504077K(699392K), [Metaspace: 43894K->43894K(1087488K)], 0.0579624 secs] [Times: user=0.57 sys=0.00, real=0.05 secs] 
2016-09-25T21:57:47.067-0400: 102.593: [Full GC (Ergonomics) [PSYoungGen: 88064K->0K(175104K)] [ParOldGen: 509510K->507560K(524288K)] 597574K->507560K(699392K), [Metaspace: 43894K->43894K(1087488K)], 0.0602574 secs] [Times: user=0.63 sys=0.01, real=0.06 secs] 
2016-09-25T21:57:47.190-0400: 102.716: [Full GC (Ergonomics) [PSYoungGen: 88064K->0K(175104K)] [ParOldGen: 510421K->505695K(524288K)] 598485K->505695K(699392K), [Metaspace: 43895K->43895K(1087488K)], 0.0613525 secs] [Times: user=0.41 sys=0.01, real=0.06 secs] 
2016-09-25T21:57:47.312-0400: 102.838: [Full GC (Ergonomics) [PSYoungGen: 88064K->0K(175104K)] [ParOldGen: 509764K->501232K(524288K)] 597828K->501232K(699392K), [Metaspace: 43895K->43895K(1087488K)], 0.0632248 secs] [Times: user=0.50 sys=0.00, real=0.07 secs] 
2016-09-25T21:57:47.436-0400: 102.962: [GC (GCLocker Initiated GC) [PSYoungGen: 88064K->69228K(175104K)] 589324K->570489K(699392K), 0.0067578 secs] [Times: user=0.08 sys=0.00, real=0.01 secs] 
2016-09-25T21:57:47.495-0400: 103.021: [GC (GCLocker Initiated GC) [PSYoungGen: 157292K->56519K(144896K)] 658693K->571342K(669184K), 0.0074732 secs] [Times: user=0.10 sys=0.01, real=0.01 secs] 
2016-09-25T21:57:47.503-0400: 103.028: [Full GC (Ergonomics) [PSYoungGen: 56519K->0K(144896K)] [ParOldGen: 514823K->507948K(524288K)] 571342K->507948K(669184K), [Metaspace: 43895K->43895K(1087488K)], 0.0509488 secs] [Times: user=0.52 sys=0.01, real=0.04 secs] 
2016-09-25T21:57:47.611-0400: 103.137: [Full GC (Ergonomics) [PSYoungGen: 88064K->0K(144896K)] [ParOldGen: 513511K->508605K(524288K)] 601575K->508605K(669184K), [Metaspace: 43895K->43895K(1087488K)], 0.0510581 secs] [Times: user=0.49 sys=0.00, real=0.06 secs] 
2016-09-25T21:57:47.726-0400: 103.252: [Full GC (Ergonomics) [PSYoungGen: 88064K->0K(144896K)] [ParOldGen: 508679K->506523K(524288K)] 596743K->506523K(669184K), [Metaspace: 43895K->43895K(1087488K)], 0.0608257 secs] [Times: user=0.66 sys=0.01, real=0.06 secs] 
2016-09-25T21:57:47.840-0400: 103.366: [Full GC (Ergonomics) [PSYoungGen: 88064K->0K(144896K)] [ParOldGen: 513399K->501094K(524288K)] 601463K->501094K(669184K), [Metaspace: 43895K->43895K(1087488K)], 0.0791463 secs] [Times: user=0.98 sys=0.00, real=0.08 secs] 
2016-09-25T21:57:47.976-0400: 103.502: [GC (GCLocker Initiated GC) [PSYoungGen: 88064K->62535K(175104K)] 589186K->563657K(699392K), 0.0062750 secs] [Times: user=0.08 sys=0.00, real=0.01 secs] 
2016-09-25T21:57:48.049-0400: 103.575: [Full GC (Ergonomics) [PSYoungGen: 152647K->0K(175104K)] [ParOldGen: 503903K->505339K(524288K)] 656551K->505339K(699392K), [Metaspace: 43895K->43895K(1087488K)], 0.0532046 secs] [Times: user=0.51 sys=0.00, real=0.06 secs] 
2016-09-25T21:57:48.167-0400: 103.693: [Full GC (Ergonomics) [PSYoungGen: 90112K->0K(175104K)] [ParOldGen: 505442K->503332K(524288K)] 595554K->503332K(699392K), [Metaspace: 43895K->43895K(1087488K)], 0.0568909 secs] [Times: user=0.52 sys=0.00, real=0.06 secs] 
2016-09-25T21:57:48.280-0400: 103.806: [Full GC (Ergonomics) [PSYoungGen: 90112K->0K(175104K)] [ParOldGen: 507457K->497884K(524288K)] 597569K->497884K(699392K), [Metaspace: 43895K->43895K(1087488K)], 0.1094468 secs] [Times: user=1.49 sys=0.01, real=0.11 secs] 
2016-09-25T21:57:48.446-0400: 103.971: [GC (GCLocker Initiated GC) [PSYoungGen: 90112K->66476K(174592K)] 590814K->567179K(698880K), 0.0110260 secs] [Times: user=0.17 sys=0.00, real=0.01 secs] 
2016-09-25T21:57:48.512-0400: 104.038: [Full GC (Ergonomics) [PSYoungGen: 156588K->0K(174592K)] [ParOldGen: 505215K->504894K(524288K)] 661803K->504894K(698880K), [Metaspace: 43895K->43895K(1087488K)], 0.0729211 secs] [Times: user=0.58 sys=0.01, real=0.08 secs] 
2016-09-25T21:57:48.650-0400: 104.176: [Full GC (Ergonomics) [PSYoungGen: 90112K->0K(174592K)] [ParOldGen: 514417K->505720K(524288K)] 604529K->505720K(698880K), [Metaspace: 43895K->43895K(1087488K)], 0.0577337 secs] [Times: user=0.50 sys=0.01, real=0.06 secs] 
2016-09-25T21:57:48.775-0400: 104.301: [Full GC (Ergonomics) [PSYoungGen: 90112K->0K(174592K)] [ParOldGen: 505814K->509237K(524288K)] 595926K->509237K(698880K), [Metaspace: 43895K->43895K(1087488K)], 0.0541637 secs] [Times: user=0.50 sys=0.01, real=0.05 secs] 
2016-09-25T21:57:48.886-0400: 104.412: [Full GC (Ergonomics) [PSYoungGen: 90112K->0K(174592K)] [ParOldGen: 509423K->506030K(524288K)] 599535K->506030K(698880K), [Metaspace: 43895K->43895K(1087488K)], 0.0605912 secs] [Times: user=0.63 sys=0.00, real=0.06 secs] 
2016-09-25T21:57:49.015-0400: 104.541: [Full GC (Ergonomics) [PSYoungGen: 90112K->0K(174592K)] [ParOldGen: 511449K->508148K(524288K)] 601561K->508148K(698880K), [Metaspace: 43895K->43895K(1087488K)], 0.0616705 secs] [Times: user=0.59 sys=0.01, real=0.06 secs] 
2016-09-25T21:57:49.138-0400: 104.663: [Full GC (Ergonomics) [PSYoungGen: 90112K->0K(174592K)] [ParOldGen: 521760K->511717K(524288K)] 611872K->511717K(698880K), [Metaspace: 43895K->43895K(1087488K)], 0.0633824 secs] [Times: user=0.67 sys=0.01, real=0.06 secs] 
2016-09-25T21:57:49.256-0400: 104.782: [Full GC (Ergonomics) [PSYoungGen: 90112K->0K(174592K)] [ParOldGen: 518643K->515158K(524288K)] 608755K->515158K(698880K), [Metaspace: 43895K->43895K(1087488K)], 0.0651659 secs] [Times: user=0.67 sys=0.01, real=0.06 secs] 
2016-09-25T21:57:49.380-0400: 104.906: [Full GC (Ergonomics) [PSYoungGen: 90112K->0K(174592K)] [ParOldGen: 515220K->515966K(524288K)] 605332K->515966K(698880K), [Metaspace: 43895K->43895K(1087488K)], 0.0541738 secs] [Times: user=0.53 sys=0.00, real=0.06 secs] 
2016-09-25T21:57:49.498-0400: 105.024: [Full GC (Ergonomics) [PSYoungGen: 90112K->0K(174592K)] [ParOldGen: 519443K->515469K(524288K)] 609555K->515469K(698880K), [Metaspace: 43895K->43895K(1087488K)], 0.0762855 secs] [Times: user=0.65 sys=0.02, real=0.08 secs] 
2016-09-25T21:57:49.633-0400: 105.159: [Full GC (Ergonomics) [PSYoungGen: 90112K->0K(174592K)] [ParOldGen: 515478K->514756K(524288K)] 605590K->514756K(698880K), [Metaspace: 43895K->43895K(1087488K)], 0.0607784 secs] [Times: user=0.51 sys=0.00, real=0.06 secs] 
2016-09-25T21:57:49.755-0400: 105.281: [Full GC (Ergonomics) [PSYoungGen: 90112K->0K(174592K)] [ParOldGen: 520273K->512920K(524288K)] 610385K->512920K(698880K), [Metaspace: 43895K->43895K(1087488K)], 0.0521674 secs] [Times: user=0.45 sys=0.00, real=0.05 secs] 
2016-09-25T21:57:49.875-0400: 105.401: [Full GC (Ergonomics) [PSYoungGen: 90112K->0K(174592K)] [ParOldGen: 515694K->513803K(524288K)] 605806K->513803K(698880K), [Metaspace: 43895K->43895K(1087488K)], 0.0575352 secs] [Times: user=0.50 sys=0.00, real=0.05 secs] 
2016-09-25T21:57:49.991-0400: 105.517: [Full GC (Ergonomics) [PSYoungGen: 90112K->0K(174592K)] [ParOldGen: 513839K->514508K(524288K)] 603951K->514508K(698880K), [Metaspace: 43895K->43895K(1087488K)], 0.0505317 secs] [Times: user=0.39 sys=0.00, real=0.05 secs] 
2016-09-25T21:57:50.097-0400: 105.623: [Full GC (Ergonomics) [PSYoungGen: 90112K->0K(174592K)] [ParOldGen: 517395K->518039K(524288K)] 607507K->518039K(698880K), [Metaspace: 43895K->43895K(1087488K)], 0.0629851 secs] [Times: user=0.53 sys=0.01, real=0.06 secs] 
2016-09-25T21:57:50.226-0400: 105.752: [Full GC (Ergonomics) [PSYoungGen: 90112K->0K(174592K)] [ParOldGen: 523476K->513585K(524288K)] 613588K->513585K(698880K), [Metaspace: 43895K->43895K(1087488K)], 0.0537390 secs] [Times: user=0.51 sys=0.00, real=0.05 secs] 
2016-09-25T21:57:50.345-0400: 105.871: [Full GC (Ergonomics) [PSYoungGen: 90112K->0K(174592K)] [ParOldGen: 519066K->516945K(524288K)] 609178K->516945K(698880K), [Metaspace: 43895K->43895K(1087488K)], 0.0543573 secs] [Times: user=0.52 sys=0.00, real=0.05 secs] 
2016-09-25T21:57:50.462-0400: 105.988: [Full GC (Ergonomics) [PSYoungGen: 90112K->0K(174592K)] [ParOldGen: 517022K->515016K(524288K)] 607134K->515016K(698880K), [Metaspace: 43895K->43895K(1087488K)], 0.0612492 secs] [Times: user=0.63 sys=0.00, real=0.06 secs] 
2016-09-25T21:57:50.581-0400: 106.107: [Full GC (Ergonomics) [PSYoungGen: 89699K->0K(174592K)] [ParOldGen: 523116K->518691K(524288K)] 612815K->518691K(698880K), [Metaspace: 43895K->43895K(1087488K)], 0.0628299 secs] [Times: user=0.70 sys=0.01, real=0.07 secs] 
2016-09-25T21:57:50.696-0400: 106.222: [Full GC (Ergonomics) [PSYoungGen: 90112K->2701K(174592K)] [ParOldGen: 521568K->522211K(524288K)] 611680K->524912K(698880K), [Metaspace: 43898K->43898K(1087488K)], 0.0718368 secs] [Times: user=0.85 sys=0.00, real=0.07 secs] 
2016-09-25T21:57:50.828-0400: 106.354: [Full GC (Ergonomics) [PSYoungGen: 88586K->2700K(174592K)] [ParOldGen: 522211K->522976K(524288K)] 610797K->525676K(698880K), [Metaspace: 43898K->43898K(1087488K)], 0.0516275 secs] [Times: user=0.50 sys=0.00, real=0.05 secs] 
2016-09-25T21:57:50.937-0400: 106.463: [Full GC (Ergonomics) [PSYoungGen: 87630K->0K(174592K)] [ParOldGen: 522976K->517034K(524288K)] 610607K->517034K(698880K), [Metaspace: 43898K->43898K(1087488K)], 0.1062266 secs] [Times: user=1.44 sys=0.01, real=0.11 secs] 
2016-09-25T21:57:51.104-0400: 106.630: [Full GC (Ergonomics) [PSYoungGen: 90112K->0K(174592K)] [ParOldGen: 519784K->523272K(524288K)] 609896K->523272K(698880K), [Metaspace: 43898K->43898K(1087488K)], 0.0669274 secs] [Times: user=0.65 sys=0.02, real=0.06 secs] 
2016-09-25T21:57:51.228-0400: 106.754: [Full GC (Ergonomics) [PSYoungGen: 87722K->0K(174592K)] [ParOldGen: 523272K->524099K(524288K)] 610994K->524099K(698880K), [Metaspace: 43898K->43898K(1087488K)], 0.0576528 secs] [Times: user=0.54 sys=0.02, real=0.06 secs] 
2016-09-25T21:57:51.339-0400: 106.865: [Full GC (Ergonomics) [PSYoungGen: 90112K->0K(174592K)] [ParOldGen: 524245K->480462K(524288K)] 614357K->480462K(698880K), [Metaspace: 43898K->43898K(1087488K)], 0.0635991 secs] [Times: user=0.60 sys=0.01, real=0.07 secs] 
2016-09-25T21:57:51.460-0400: 106.986: [GC (GCLocker Initiated GC) [PSYoungGen: 90112K->71875K(174592K)] 570659K->552423K(698880K), 0.0070161 secs] [Times: user=0.06 sys=0.03, real=0.01 secs] 
2016-09-25T21:57:51.544-0400: 107.069: [GC (GCLocker Initiated GC) [PSYoungGen: 161987K->63273K(153600K)] 642639K->543925K(677888K), 0.0069992 secs] [Times: user=0.08 sys=0.01, real=0.00 secs] 
2016-09-25T21:57:51.606-0400: 107.132: [GC (GCLocker Initiated GC) [PSYoungGen: 153385K->31500K(172032K)] 636747K->514862K(696320K), 0.0104805 secs] [Times: user=0.09 sys=0.01, real=0.01 secs] 
2016-09-25T21:57:51.680-0400: 107.206: [GC (GCLocker Initiated GC) [PSYoungGen: 119564K->41961K(175104K)] 611425K->533821K(699392K), 0.0142713 secs] [Times: user=0.14 sys=0.00, real=0.01 secs] 
2016-09-25T21:57:51.747-0400: 107.273: [GC (GCLocker Initiated GC) [PSYoungGen: 130025K->37446K(175104K)] 624600K->532021K(699392K), 0.0054120 secs] [Times: user=0.05 sys=0.00, real=0.00 secs] 
2016-09-25T21:57:51.813-0400: 107.338: [GC (GCLocker Initiated GC) [PSYoungGen: 125510K->66713K(175104K)] 622847K->564050K(699392K), 0.0062000 secs] [Times: user=0.05 sys=0.01, real=0.01 secs] 
2016-09-25T21:57:51.885-0400: 107.411: [GC (GCLocker Initiated GC) [PSYoungGen: 154777K->55594K(172032K)] 657622K->559594K(696320K), 0.0059257 secs] [Times: user=0.06 sys=0.01, real=0.00 secs] 
2016-09-25T21:57:51.944-0400: 107.470: [GC (GCLocker Initiated GC) [PSYoungGen: 143658K->82072K(173568K)] 653098K->591513K(697856K), 0.0076126 secs] [Times: user=0.11 sys=0.00, real=0.00 secs] 
2016-09-25T21:57:52.013-0400: 107.539: [Full GC (Ergonomics) [PSYoungGen: 170136K->0K(173568K)] [ParOldGen: 517586K->485331K(524288K)] 687723K->485331K(697856K), [Metaspace: 43898K->43898K(1087488K)], 0.0614804 secs] [Times: user=0.50 sys=0.01, real=0.07 secs] 
2016-09-25T21:57:52.131-0400: 107.657: [GC (GCLocker Initiated GC) [PSYoungGen: 88064K->53337K(175104K)] 578868K->544141K(699392K), 0.0057316 secs] [Times: user=0.06 sys=0.00, real=0.01 secs] 
2016-09-25T21:57:52.191-0400: 107.717: [GC (GCLocker Initiated GC) [PSYoungGen: 141401K->86476K(175104K)] 632258K->577333K(699392K), 0.0067309 secs] [Times: user=0.09 sys=0.00, real=0.01 secs] 
2016-09-25T21:57:52.262-0400: 107.788: [GC (GCLocker Initiated GC) [PSYoungGen: 174540K->84494K(175104K)] 667304K->577257K(699392K), 0.0087895 secs] [Times: user=0.12 sys=0.01, real=0.01 secs] 
2016-09-25T21:57:52.323-0400: 107.849: [GC (GCLocker Initiated GC) [PSYoungGen: 172558K->68983K(175104K)] 668081K->570019K(699392K), 0.0079139 secs] [Times: user=0.11 sys=0.00, real=0.00 secs] 
2016-09-25T21:57:52.391-0400: 107.917: [GC (GCLocker Initiated GC) [PSYoungGen: 157047K->62871K(175104K)] 658105K->584508K(699392K), 0.0069248 secs] [Times: user=0.10 sys=0.00, real=0.01 secs] 
2016-09-25T21:57:52.398-0400: 107.924: [Full GC (Ergonomics) [PSYoungGen: 62871K->0K(175104K)] [ParOldGen: 521636K->477009K(524288K)] 584508K->477009K(699392K), [Metaspace: 43898K->43898K(1087488K)], 0.0579457 secs] [Times: user=0.62 sys=0.01, real=0.06 secs] 
2016-09-25T21:57:52.515-0400: 108.041: [GC (GCLocker Initiated GC) [PSYoungGen: 88064K->57045K(175104K)] 569163K->538144K(699392K), 0.0087951 secs] [Times: user=0.11 sys=0.00, real=0.01 secs] 
2016-09-25T21:57:52.577-0400: 108.103: [GC (GCLocker Initiated GC) [PSYoungGen: 145109K->47206K(175104K)] 630424K->555465K(699392K), 0.0062635 secs] [Times: user=0.05 sys=0.02, real=0.01 secs] 
2016-09-25T21:57:52.584-0400: 108.109: [Full GC (Ergonomics) [PSYoungGen: 47206K->0K(175104K)] [ParOldGen: 508258K->485293K(524288K)] 555465K->485293K(699392K), [Metaspace: 43898K->43898K(1087488K)], 0.0576418 secs] [Times: user=0.60 sys=0.00, real=0.05 secs] 
2016-09-25T21:57:52.692-0400: 108.218: [GC (GCLocker Initiated GC) [PSYoungGen: 88064K->48950K(175104K)] 577426K->538313K(699392K), 0.0077093 secs] [Times: user=0.06 sys=0.00, real=0.01 secs] 
2016-09-25T21:57:52.761-0400: 108.287: [GC (GCLocker Initiated GC) [PSYoungGen: 137014K->57950K(175104K)] 631997K->554393K(699392K), 0.0058566 secs] [Times: user=0.06 sys=0.02, real=0.01 secs] 
2016-09-25T21:57:52.826-0400: 108.352: [GC (GCLocker Initiated GC) [PSYoungGen: 146014K->63369K(175104K)] 647950K->566058K(699392K), 0.0061097 secs] [Times: user=0.08 sys=0.00, real=0.00 secs] 
2016-09-25T21:57:52.892-0400: 108.418: [GC (GCLocker Initiated GC) [PSYoungGen: 151433K->54111K(175104K)] 655550K->575265K(699392K), 0.0067697 secs] [Times: user=0.08 sys=0.01, real=0.01 secs] 
2016-09-25T21:57:52.899-0400: 108.425: [Full GC (Ergonomics) [PSYoungGen: 54111K->0K(175104K)] [ParOldGen: 521153K->488574K(524288K)] 575265K->488574K(699392K), [Metaspace: 43898K->43898K(1087488K)], 0.0622381 secs] [Times: user=0.51 sys=0.01, real=0.06 secs] 
2016-09-25T21:57:53.029-0400: 108.555: [GC (GCLocker Initiated GC) [PSYoungGen: 88064K->49017K(137216K)] 582091K->543045K(661504K), 0.0116507 secs] [Times: user=0.15 sys=0.00, real=0.01 secs] 
2016-09-25T21:57:53.106-0400: 108.632: [GC (GCLocker Initiated GC) [PSYoungGen: 137081K->49762K(175104K)] 633821K->546502K(699392K), 0.0061116 secs] [Times: user=0.06 sys=0.00, real=0.00 secs] 
2016-09-25T21:57:53.175-0400: 108.701: [GC (GCLocker Initiated GC) [PSYoungGen: 138850K->57480K(146944K)] 640994K->559624K(671232K), 0.0214850 secs] [Times: user=0.26 sys=0.01, real=0.02 secs] 
2016-09-25T21:57:53.259-0400: 108.785: [Full GC (Ergonomics) [PSYoungGen: 146568K->0K(146944K)] [ParOldGen: 508964K->490414K(524288K)] 655532K->490414K(671232K), [Metaspace: 43898K->43898K(1087488K)], 0.0602314 secs] [Times: user=0.52 sys=0.01, real=0.06 secs] 
2016-09-25T21:57:53.382-0400: 108.908: [GC (GCLocker Initiated GC) [PSYoungGen: 89088K->59866K(175104K)] 582284K->553063K(699392K), 0.0144401 secs] [Times: user=0.22 sys=0.00, real=0.02 secs] 
2016-09-25T21:57:53.459-0400: 108.985: [GC (GCLocker Initiated GC) [PSYoungGen: 152538K->48422K(173568K)] 651381K->547264K(697856K), 0.0136045 secs] [Times: user=0.14 sys=0.00, real=0.01 secs] 
2016-09-25T21:57:53.534-0400: 109.059: [Full GC (Ergonomics) [PSYoungGen: 141094K->0K(173568K)] [ParOldGen: 507187K->491113K(524288K)] 648281K->491113K(697856K), [Metaspace: 43898K->43898K(1087488K)], 0.0862042 secs] [Times: user=0.86 sys=0.00, real=0.09 secs] 
2016-09-25T21:57:53.695-0400: 109.221: [GC (GCLocker Initiated GC) [PSYoungGen: 92672K->63807K(178176K)] 583832K->554967K(702464K), 0.0070251 secs] [Times: user=0.07 sys=0.00, real=0.01 secs] 
2016-09-25T21:57:53.793-0400: 109.319: [GC (GCLocker Initiated GC) [PSYoungGen: 162111K->60820K(178688K)] 665577K->564287K(702976K), 0.0117951 secs] [Times: user=0.16 sys=0.01, real=0.02 secs] 
2016-09-25T21:57:53.890-0400: 109.416: [Full GC (Ergonomics) [PSYoungGen: 159124K->0K(178688K)] [ParOldGen: 510245K->491104K(524288K)] 669370K->491104K(702976K), [Metaspace: 43898K->43898K(1087488K)], 0.0608708 secs] [Times: user=0.45 sys=0.02, real=0.06 secs] 
2016-09-25T21:57:54.020-0400: 109.546: [GC (Allocation Failure) [PSYoungGen: 98304K->43503K(180736K)] 589477K->534677K(705024K), 0.0153200 secs] [Times: user=0.18 sys=0.00, real=0.02 secs] 
2016-09-25T21:57:54.103-0400: 109.629: [GC (GCLocker Initiated GC) [PSYoungGen: 144309K->62240K(181248K)] 636833K->554764K(705536K), 0.0110872 secs] [Times: user=0.11 sys=0.00, real=0.01 secs] 
2016-09-25T21:57:54.186-0400: 109.711: [GC (GCLocker Initiated GC) [PSYoungGen: 163616K->64367K(181760K)] 659044K->559795K(706048K), 0.0152560 secs] [Times: user=0.20 sys=0.00, real=0.01 secs] 
2016-09-25T21:57:54.268-0400: 109.794: [GC (GCLocker Initiated GC) [PSYoungGen: 166767K->62450K(182272K)] 664973K->560656K(706560K), 0.0073539 secs] [Times: user=0.08 sys=0.00, real=0.01 secs] 
2016-09-25T21:57:54.358-0400: 109.884: [GC (GCLocker Initiated GC) [PSYoungGen: 164850K->47249K(182272K)] 673939K->556338K(706560K), 0.0082726 secs] [Times: user=0.07 sys=0.00, real=0.01 secs] 
2016-09-25T21:57:54.434-0400: 109.960: [GC (GCLocker Initiated GC) [PSYoungGen: 150161K->76583K(179712K)] 659495K->585917K(704000K), 0.0082053 secs] [Times: user=0.08 sys=0.00, real=0.01 secs] 
2016-09-25T21:57:54.511-0400: 110.037: [GC (GCLocker Initiated GC) [PSYoungGen: 179495K->74654K(170496K)] 688847K->584006K(694784K), 0.0087712 secs] [Times: user=0.10 sys=0.00, real=0.01 secs] 
2016-09-25T21:57:54.578-0400: 110.104: [GC (GCLocker Initiated GC) [PSYoungGen: 162718K->80664K(175104K)] 672102K->590048K(699392K), 0.0195020 secs] [Times: user=0.24 sys=0.00, real=0.02 secs] 
2016-09-25T21:57:54.663-0400: 110.189: [GC (GCLocker Initiated GC) [PSYoungGen: 168728K->85905K(175104K)] 682189K->607466K(699392K), 0.0096871 secs] [Times: user=0.12 sys=0.01, real=0.00 secs] 
2016-09-25T21:57:54.673-0400: 110.199: [Full GC (Ergonomics) [PSYoungGen: 85905K->0K(175104K)] [ParOldGen: 521560K->496171K(524288K)] 607466K->496171K(699392K), [Metaspace: 43901K->43901K(1087488K)], 0.0694242 secs] [Times: user=0.54 sys=0.00, real=0.08 secs] 
2016-09-25T21:57:54.805-0400: 110.331: [GC (GCLocker Initiated GC) [PSYoungGen: 88064K->50329K(175104K)] 586948K->549214K(699392K), 0.0138457 secs] [Times: user=0.16 sys=0.01, real=0.01 secs] 
2016-09-25T21:57:54.877-0400: 110.403: [GC (GCLocker Initiated GC) [PSYoungGen: 138393K->30642K(175104K)] 640065K->532314K(699392K), 0.0273037 secs] [Times: user=0.23 sys=0.01, real=0.03 secs] 
2016-09-25T21:57:54.958-0400: 110.483: [GC (GCLocker Initiated GC) [PSYoungGen: 118706K->53045K(175104K)] 620592K->554931K(699392K), 0.0052448 secs] [Times: user=0.05 sys=0.00, real=0.01 secs] 
2016-09-25T21:57:55.023-0400: 110.549: [GC (GCLocker Initiated GC) [PSYoungGen: 141109K->44355K(175104K)] 647209K->550456K(699392K), 0.0143497 secs] [Times: user=0.13 sys=0.00, real=0.01 secs] 
2016-09-25T21:57:55.102-0400: 110.628: [GC (GCLocker Initiated GC) [PSYoungGen: 132419K->44838K(175104K)] 638553K->550972K(699392K), 0.0215573 secs] [Times: user=0.22 sys=0.00, real=0.03 secs] 
2016-09-25T21:57:55.178-0400: 110.704: [GC (GCLocker Initiated GC) [PSYoungGen: 132902K->86076K(175104K)] 639102K->592276K(699392K), 0.0157429 secs] [Times: user=0.15 sys=0.02, real=0.02 secs] 
2016-09-25T21:57:55.253-0400: 110.779: [GC (GCLocker Initiated GC) [PSYoungGen: 174140K->73420K(175104K)] 689842K->590379K(699392K), 0.0074032 secs] [Times: user=0.07 sys=0.00, real=0.01 secs] 
2016-09-25T21:57:55.316-0400: 110.842: [GC (GCLocker Initiated GC) --[PSYoungGen: 161484K->161484K(175104K)] 678492K->685330K(699392K), 0.0107834 secs] [Times: user=0.10 sys=0.00, real=0.01 secs] 
2016-09-25T21:57:55.327-0400: 110.853: [Full GC (Ergonomics) [PSYoungGen: 161484K->0K(175104K)] [ParOldGen: 523845K->504342K(524288K)] 685330K->504342K(699392K), [Metaspace: 43901K->43901K(1087488K)], 0.0626028 secs] [Times: user=0.52 sys=0.01, real=0.06 secs] 
2016-09-25T21:57:55.455-0400: 110.980: [GC (Allocation Failure) [PSYoungGen: 88064K->61189K(175104K)] 592489K->565614K(699392K), 0.0069304 secs] [Times: user=0.09 sys=0.00, real=0.00 secs] 
2016-09-25T21:57:55.462-0400: 110.988: [GC (GCLocker Initiated GC) [PSYoungGen: 61444K->59807K(175104K)] 565870K->564232K(699392K), 0.0054559 secs] [Times: user=0.06 sys=0.00, real=0.01 secs] 
2016-09-25T21:57:55.523-0400: 111.049: [GC (GCLocker Initiated GC) [PSYoungGen: 146765K->63342K(175104K)] 653890K->570467K(699392K), 0.0243376 secs] [Times: user=0.33 sys=0.00, real=0.02 secs] 
2016-09-25T21:57:55.607-0400: 111.133: [GC (GCLocker Initiated GC) [PSYoungGen: 151406K->38242K(175104K)] 661365K->554846K(699392K), 0.0165045 secs] [Times: user=0.15 sys=0.01, real=0.02 secs] 
2016-09-25T21:57:55.689-0400: 111.215: [Full GC (Ergonomics) [PSYoungGen: 124552K->0K(175104K)] [ParOldGen: 522003K->504507K(524288K)] 646555K->504507K(699392K), [Metaspace: 43901K->43901K(1087488K)], 0.0625233 secs] [Times: user=0.47 sys=0.00, real=0.06 secs] 
2016-09-25T21:57:55.819-0400: 111.345: [GC (GCLocker Initiated GC) [PSYoungGen: 88064K->46470K(175104K)] 602084K->560490K(699392K), 0.0123624 secs] [Times: user=0.14 sys=0.00, real=0.01 secs] 
2016-09-25T21:57:55.888-0400: 111.414: [Full GC (Ergonomics) [PSYoungGen: 134534K->0K(175104K)] [ParOldGen: 521095K->500548K(524288K)] 655630K->500548K(699392K), [Metaspace: 43901K->43901K(1087488K)], 0.0775568 secs] [Times: user=0.78 sys=0.00, real=0.08 secs] 
2016-09-25T21:57:56.028-0400: 111.554: [GC (GCLocker Initiated GC) [PSYoungGen: 88064K->47449K(175104K)] 596918K->556304K(699392K), 0.0396094 secs] [Times: user=0.52 sys=0.00, real=0.04 secs] 
2016-09-25T21:57:56.137-0400: 111.663: [GC (GCLocker Initiated GC) [PSYoungGen: 135513K->55115K(175104K)] 645802K->569341K(699392K), 0.0281389 secs] [Times: user=0.36 sys=0.01, real=0.03 secs] 
2016-09-25T21:57:56.233-0400: 111.759: [GC (GCLocker Initiated GC) --[PSYoungGen: 143179K->143179K(175104K)] 657589K->666451K(699392K), 0.0094476 secs] [Times: user=0.07 sys=0.00, real=0.02 secs] 
2016-09-25T21:57:56.243-0400: 111.769: [Full GC (Ergonomics) [PSYoungGen: 143179K->0K(175104K)] [ParOldGen: 523272K->505473K(524288K)] 666451K->505473K(699392K), [Metaspace: 43901K->43901K(1087488K)], 0.0599199 secs] [Times: user=0.54 sys=0.00, real=0.06 secs] 
2016-09-25T21:57:56.378-0400: 111.904: [GC (GCLocker Initiated GC) [PSYoungGen: 88064K->53217K(141312K)] 593636K->558789K(665600K), 0.0058803 secs] [Times: user=0.06 sys=0.00, real=0.01 secs] 
2016-09-25T21:57:56.444-0400: 111.970: [GC (GCLocker Initiated GC) [PSYoungGen: 141281K->66090K(171520K)] 649603K->574412K(695808K), 0.0060592 secs] [Times: user=0.08 sys=0.00, real=0.00 secs] 
2016-09-25T21:57:56.522-0400: 112.048: [Full GC (Ergonomics) [PSYoungGen: 153130K->0K(171520K)] [ParOldGen: 520516K->504994K(524288K)] 673646K->504994K(695808K), [Metaspace: 43901K->43901K(1087488K)], 0.0560420 secs] [Times: user=0.45 sys=0.01, real=0.05 secs] 
2016-09-25T21:57:56.641-0400: 112.167: [GC (GCLocker Initiated GC) [PSYoungGen: 87040K->59647K(172544K)] 592039K->564646K(696832K), 0.0058105 secs] [Times: user=0.08 sys=0.00, real=0.01 secs] 
2016-09-25T21:57:56.712-0400: 112.237: [GC (GCLocker Initiated GC) [PSYoungGen: 146687K->55012K(173568K)] 654437K->562762K(697856K), 0.0114807 secs] [Times: user=0.15 sys=0.00, real=0.02 secs] 
2016-09-25T21:57:56.798-0400: 112.324: [GC (GCLocker Initiated GC) [PSYoungGen: 148196K->35404K(174592K)] 665483K->552692K(698880K), 0.0053069 secs] [Times: user=0.04 sys=0.00, real=0.01 secs] 
2016-09-25T21:57:56.867-0400: 112.393: [Full GC (Ergonomics) [PSYoungGen: 128588K->0K(174592K)] [ParOldGen: 524233K->510708K(524288K)] 652822K->510708K(698880K), [Metaspace: 43901K->43901K(1087488K)], 0.0695462 secs] [Times: user=0.65 sys=0.02, real=0.07 secs] 
2016-09-25T21:57:56.997-0400: 112.523: [GC (GCLocker Initiated GC) [PSYoungGen: 93184K->50262K(178688K)] 609311K->566390K(702976K), 0.0074802 secs] [Times: user=0.09 sys=0.00, real=0.01 secs] 
2016-09-25T21:57:57.074-0400: 112.600: [GC (GCLocker Initiated GC) [PSYoungGen: 148566K->71357K(169984K)] 664800K->587591K(694272K), 0.0070558 secs] [Times: user=0.07 sys=0.00, real=0.00 secs] 
2016-09-25T21:57:57.161-0400: 112.687: [GC (GCLocker Initiated GC) [PSYoungGen: 169661K->43695K(178688K)] 685899K->559933K(702976K), 0.0098684 secs] [Times: user=0.07 sys=0.01, real=0.01 secs] 
2016-09-25T21:57:57.229-0400: 112.755: [GC (GCLocker Initiated GC) [PSYoungGen: 137903K->41693K(136192K)] 656949K->560738K(660480K), 0.0103792 secs] [Times: user=0.08 sys=0.00, real=0.01 secs] 
2016-09-25T21:57:57.308-0400: 112.834: [Full GC (Ergonomics) [PSYoungGen: 135295K->0K(136192K)] [ParOldGen: 521745K->509201K(524288K)] 657040K->509201K(660480K), [Metaspace: 43904K->43904K(1087488K)], 0.0651591 secs] [Times: user=0.51 sys=0.01, real=0.06 secs] 
2016-09-25T21:57:57.451-0400: 112.977: [GC (GCLocker Initiated GC) [PSYoungGen: 94208K->55940K(179200K)] 610229K->571962K(703488K), 0.0073096 secs] [Times: user=0.08 sys=0.00, real=0.01 secs] 
2016-09-25T21:57:57.517-0400: 113.043: [Full GC (Ergonomics) [PSYoungGen: 152196K->0K(179200K)] [ParOldGen: 521525K->516252K(524288K)] 673722K->516252K(703488K), [Metaspace: 43904K->43904K(1087488K)], 0.0568779 secs] [Times: user=0.51 sys=0.00, real=0.06 secs] 
2016-09-25T21:57:57.640-0400: 113.165: [GC (GCLocker Initiated GC) [PSYoungGen: 96256K->62418K(177152K)] 612751K->578913K(701440K), 0.0094740 secs] [Times: user=0.10 sys=0.00, real=0.01 secs] 
2016-09-25T21:57:57.722-0400: 113.248: [GC (GCLocker Initiated GC) [PSYoungGen: 158674K->38938K(179712K)] 677881K->558145K(704000K), 0.0056797 secs] [Times: user=0.07 sys=0.00, real=0.00 secs] 
2016-09-25T21:57:57.789-0400: 113.315: [Full GC (Ergonomics) [PSYoungGen: 136788K->0K(179712K)] [ParOldGen: 523257K->504263K(524288K)] 660045K->504263K(704000K), [Metaspace: 43904K->43904K(1087488K)], 0.0765373 secs] [Times: user=0.77 sys=0.01, real=0.08 secs] 
2016-09-25T21:57:57.932-0400: 113.458: [GC (GCLocker Initiated GC) [PSYoungGen: 98304K->52984K(151552K)] 606729K->561409K(675840K), 0.0118122 secs] [Times: user=0.14 sys=0.00, real=0.02 secs] 
2016-09-25T21:57:58.005-0400: 113.530: [GC (GCLocker Initiated GC) [PSYoungGen: 151288K->67248K(175616K)] 662442K->578402K(699904K), 0.0067696 secs] [Times: user=0.08 sys=0.00, real=0.00 secs] 
2016-09-25T21:57:58.086-0400: 113.612: [GC (GCLocker Initiated GC) [PSYoungGen: 164016K->55725K(178176K)] 680572K->572281K(702464K), 0.0086440 secs] [Times: user=0.07 sys=0.00, real=0.01 secs] 
2016-09-25T21:57:58.154-0400: 113.680: [GC (GCLocker Initiated GC) [PSYoungGen: 152493K->42908K(179200K)] 671860K->562276K(703488K), 0.0067263 secs] [Times: user=0.06 sys=0.00, real=0.00 secs] 
2016-09-25T21:57:58.246-0400: 113.772: [Full GC (Ergonomics) [PSYoungGen: 142202K->0K(179200K)] [ParOldGen: 522067K->502549K(524288K)] 664269K->502549K(703488K), [Metaspace: 43904K->43904K(1087488K)], 0.1843971 secs] [Times: user=1.91 sys=0.02, real=0.18 secs] 
2016-09-25T21:57:58.492-0400: 114.018: [GC (GCLocker Initiated GC) [PSYoungGen: 101376K->58608K(180224K)] 606723K->563955K(704512K), 0.0106472 secs] [Times: user=0.13 sys=0.00, real=0.02 secs] 
2016-09-25T21:57:58.571-0400: 114.096: [GC (GCLocker Initiated GC) [PSYoungGen: 159984K->51247K(178688K)] 669242K->560505K(702976K), 0.0149814 secs] [Times: user=0.15 sys=0.00, real=0.02 secs] 
2016-09-25T21:57:58.649-0400: 114.175: [GC (GCLocker Initiated GC) [PSYoungGen: 156207K->61742K(181248K)] 677694K->583229K(705536K), 0.0108918 secs] [Times: user=0.11 sys=0.00, real=0.01 secs] 
2016-09-25T21:57:58.740-0400: 114.266: [Full GC (Ergonomics) [PSYoungGen: 166702K->0K(181248K)] [ParOldGen: 524251K->506037K(524288K)] 690953K->506037K(705536K), [Metaspace: 43904K->43904K(1087488K)], 0.0940643 secs] [Times: user=0.91 sys=0.01, real=0.09 secs] 
2016-09-25T21:57:58.897-0400: 114.423: [GC (GCLocker Initiated GC) [PSYoungGen: 104960K->47932K(184320K)] 619264K->562236K(708608K), 0.0082297 secs] [Times: user=0.07 sys=0.00, real=0.01 secs] 
2016-09-25T21:57:58.997-0400: 114.523: [Full GC (Ergonomics) [PSYoungGen: 156988K->0K(184320K)] [ParOldGen: 523779K->507936K(524288K)] 680767K->507936K(708608K), [Metaspace: 43904K->43904K(1087488K)], 0.0569065 secs] [Times: user=0.48 sys=0.01, real=0.06 secs] 
2016-09-25T21:57:59.140-0400: 114.666: [GC (GCLocker Initiated GC) [PSYoungGen: 109056K->47321K(184832K)] 619810K->558075K(709120K), 0.0088992 secs] [Times: user=0.10 sys=0.00, real=0.01 secs] 
2016-09-25T21:57:59.235-0400: 114.761: [GC (GCLocker Initiated GC) [PSYoungGen: 156377K->56322K(184832K)] 667213K->567158K(709120K), 0.0316843 secs] [Times: user=0.46 sys=0.00, real=0.03 secs] 
2016-09-25T21:57:59.350-0400: 114.876: [GC (GCLocker Initiated GC) [PSYoungGen: 167938K->56107K(185344K)] 681507K->569676K(709632K), 0.0074578 secs] [Times: user=0.06 sys=0.00, real=0.01 secs] 
2016-09-25T21:57:59.437-0400: 114.963: [GC (GCLocker Initiated GC) [PSYoungGen: 167723K->48702K(186880K)] 689396K->570375K(711168K), 0.0091281 secs] [Times: user=0.09 sys=0.00, real=0.01 secs] 
2016-09-25T21:57:59.516-0400: 115.041: [GC (GCLocker Initiated GC) --[PSYoungGen: 163652K->163652K(186880K)] 685326K->685326K(711168K), 0.0100072 secs] [Times: user=0.09 sys=0.00, real=0.01 secs] 
2016-09-25T21:57:59.526-0400: 115.052: [Full GC (Ergonomics) [PSYoungGen: 163652K->0K(186880K)] [ParOldGen: 521673K->523037K(524288K)] 685326K->523037K(711168K), [Metaspace: 43904K->43904K(1087488K)], 0.0734987 secs] [Times: user=0.61 sys=0.00, real=0.07 secs] 
2016-09-25T21:57:59.693-0400: 115.219: [Full GC (Ergonomics) [PSYoungGen: 115712K->0K(186880K)] [ParOldGen: 523061K->518430K(524288K)] 638773K->518430K(711168K), [Metaspace: 43904K->43904K(1087488K)], 0.0737745 secs] [Times: user=0.55 sys=0.02, real=0.08 secs] 
2016-09-25T21:57:59.849-0400: 115.375: [GC (GCLocker Initiated GC) [PSYoungGen: 115206K->42369K(187392K)] 636336K->563500K(711680K), 0.0074434 secs] [Times: user=0.07 sys=0.00, real=0.01 secs] 
2016-09-25T21:57:59.931-0400: 115.457: [Full GC (Ergonomics) [PSYoungGen: 156773K->0K(187392K)] [ParOldGen: 523830K->519019K(524288K)] 680604K->519019K(711680K), [Metaspace: 43912K->43912K(1087488K)], 0.0733812 secs] [Times: user=0.72 sys=0.01, real=0.08 secs] 
2016-09-25T21:58:00.088-0400: 115.613: [GC (GCLocker Initiated GC) [PSYoungGen: 115712K->69264K(181248K)] 634757K->588310K(705536K), 0.0066439 secs] [Times: user=0.08 sys=0.00, real=0.01 secs] 
2016-09-25T21:58:00.162-0400: 115.688: [GC (GCLocker Initiated GC) [PSYoungGen: 178832K->71651K(181248K)] 700583K->593401K(705536K), 0.0107429 secs] [Times: user=0.16 sys=0.00, real=0.00 secs] 
2016-09-25T21:58:04.646-0400: 120.171: [GC (Allocation Failure) [PSYoungGen: 181219K->34955K(179712K)] 702970K->556714K(704000K), 0.0181466 secs] [Times: user=0.13 sys=0.01, real=0.02 secs] 
2016-09-25T21:58:10.593-0400: 126.118: [GC (Allocation Failure) [PSYoungGen: 134283K->50177K(150016K)] 656042K->571944K(674304K), 0.0218516 secs] [Times: user=0.12 sys=0.05, real=0.03 secs] 
2016-09-25T21:58:16.539-0400: 132.065: [GC (Allocation Failure) [PSYoungGen: 149505K->75431K(171520K)] 671272K->597206K(695808K), 0.0197426 secs] [Times: user=0.12 sys=0.02, real=0.02 secs] 
2016-09-25T21:58:22.000-0400: 137.526: [GC (Allocation Failure) --[PSYoungGen: 167591K->167591K(171520K)] 689366K->691871K(695808K), 0.0310988 secs] [Times: user=0.12 sys=0.01, real=0.03 secs] 
2016-09-25T21:58:22.031-0400: 137.557: [Full GC (Ergonomics) [PSYoungGen: 167591K->0K(171520K)] [ParOldGen: 524280K->477140K(524288K)] 691871K->477140K(695808K), [Metaspace: 43988K->43988K(1087488K)], 0.1004888 secs] [Times: user=0.94 sys=0.01, real=0.10 secs] 
2016-09-25T21:58:28.100-0400: 143.626: [GC (Allocation Failure) [PSYoungGen: 92160K->24933K(117248K)] 569300K->502082K(641536K), 0.0133206 secs] [Times: user=0.12 sys=0.00, real=0.01 secs] 
