Java HotSpot(TM) 64-Bit Server VM (25.101-b13) for linux-amd64 JRE (1.8.0_101-b13), built on Jun 22 2016 02:59:44 by "java_re" with gcc 4.3.0 20080428 (Red Hat 4.3.0-8)
Memory: 4k page, physical 264122320k(255258932k free), swap 268399612k(268399612k free)
CommandLine flags: -XX:GCLogFileSize=1048576 -XX:+HeapDumpOnOutOfMemoryError -XX:HeapDumpPath=artifacts/heapdump -XX:InitialHeapSize=805306368 -XX:MaxHeapSize=805306368 -XX:NumberOfGCLogFiles=10 -XX:+PrintGC -XX:+PrintGCDateStamps -XX:+PrintGCDetails -XX:+PrintGCTimeStamps -XX:+UseCompressedClassPointers -XX:+UseCompressedOops -XX:+UseGCLogFileRotation -XX:+UseParallelGC 
2016-09-24T00:23:54.438-0400: 2.156: [GC (Metadata GC Threshold) [PSYoungGen: 121899K->15538K(229376K)] 121899K->15626K(753664K), 0.0337744 secs] [Times: user=0.07 sys=0.10, real=0.03 secs] 
2016-09-24T00:23:54.472-0400: 2.190: [Full GC (Metadata GC Threshold) [PSYoungGen: 15538K->0K(229376K)] [ParOldGen: 88K->14601K(333824K)] 15626K->14601K(563200K), [Metaspace: 21074K->21074K(1067008K)], 0.0549017 secs] [Times: user=0.35 sys=0.02, real=0.06 secs] 
2016-09-24T00:24:02.254-0400: 9.972: [GC (Metadata GC Threshold) [PSYoungGen: 119751K->14805K(229376K)] 134353K->29543K(563200K), 0.0167118 secs] [Times: user=0.09 sys=0.03, real=0.02 secs] 
2016-09-24T00:24:02.271-0400: 9.989: [Full GC (Metadata GC Threshold) [PSYoungGen: 14805K->0K(229376K)] [ParOldGen: 14737K->20239K(524288K)] 29543K->20239K(753664K), [Metaspace: 35081K->35081K(1079296K)], 0.0629572 secs] [Times: user=0.42 sys=0.02, real=0.06 secs] 
2016-09-24T00:24:04.017-0400: 11.736: [GC (GCLocker Initiated GC) [PSYoungGen: 196294K->24027K(229376K)] 222609K->50349K(753664K), 0.0155503 secs] [Times: user=0.16 sys=0.00, real=0.01 secs] 
2016-09-24T00:24:04.923-0400: 12.641: [GC (GCLocker Initiated GC) [PSYoungGen: 220635K->27248K(229376K)] 247318K->66089K(753664K), 0.0249957 secs] [Times: user=0.23 sys=0.01, real=0.02 secs] 
2016-09-24T00:24:06.014-0400: 13.733: [GC (GCLocker Initiated GC) [PSYoungGen: 223856K->21623K(218624K)] 269128K->66903K(742912K), 0.0277941 secs] [Times: user=0.24 sys=0.00, real=0.03 secs] 
2016-09-24T00:24:07.064-0400: 14.782: [GC (Allocation Failure) [PSYoungGen: 218231K->21480K(226304K)] 269745K->73002K(750592K), 0.0199159 secs] [Times: user=0.19 sys=0.02, real=0.02 secs] 
2016-09-24T00:24:08.086-0400: 15.804: [GC (Allocation Failure) [PSYoungGen: 215097K->21493K(225792K)] 266619K->73023K(750080K), 0.0148714 secs] [Times: user=0.16 sys=0.01, real=0.01 secs] 
2016-09-24T00:24:09.210-0400: 16.928: [GC (Allocation Failure) [PSYoungGen: 218613K->27504K(229888K)] 270143K->91192K(754176K), 0.0254529 secs] [Times: user=0.25 sys=0.05, real=0.03 secs] 
2016-09-24T00:24:10.249-0400: 17.967: [GC (Allocation Failure) [PSYoungGen: 229744K->21525K(231936K)] 293432K->85221K(756224K), 0.0185310 secs] [Times: user=0.12 sys=0.02, real=0.02 secs] 
2016-09-24T00:24:11.311-0400: 19.030: [GC (Allocation Failure) [PSYoungGen: 222045K->704K(227840K)] 285740K->85259K(752128K), 0.0075224 secs] [Times: user=0.04 sys=0.02, real=0.01 secs] 
2016-09-24T00:24:12.353-0400: 20.071: [GC (Allocation Failure) [PSYoungGen: 199360K->640K(199680K)] 283915K->85243K(723968K), 0.0171414 secs] [Times: user=0.13 sys=0.02, real=0.02 secs] 
2016-09-24T00:24:19.417-0400: 27.135: [GC (GCLocker Initiated GC) [PSYoungGen: 199296K->30919K(221184K)] 283904K->121938K(745472K), 0.0093895 secs] [Times: user=0.06 sys=0.01, real=0.01 secs] 
2016-09-24T00:24:19.859-0400: 27.577: [GC (GCLocker Initiated GC) [PSYoungGen: 218306K->31534K(219136K)] 315756K->153293K(743424K), 0.0203982 secs] [Times: user=0.20 sys=0.01, real=0.02 secs] 
2016-09-24T00:24:20.151-0400: 27.869: [GC (Allocation Failure) [PSYoungGen: 218922K->19812K(223744K)] 359243K->160222K(748032K), 0.0132092 secs] [Times: user=0.14 sys=0.00, real=0.02 secs] 
2016-09-24T00:24:20.391-0400: 28.109: [GC (GCLocker Initiated GC) [PSYoungGen: 203620K->38005K(222208K)] 344030K->196729K(746496K), 0.0227825 secs] [Times: user=0.23 sys=0.01, real=0.02 secs] 
2016-09-24T00:24:20.616-0400: 28.334: [GC (GCLocker Initiated GC) [PSYoungGen: 221813K->38229K(207872K)] 386880K->276308K(732160K), 0.0145668 secs] [Times: user=0.14 sys=0.04, real=0.01 secs] 
2016-09-24T00:24:20.835-0400: 28.553: [GC (Allocation Failure) [PSYoungGen: 206165K->43496K(211456K)] 450635K->319098K(735744K), 0.0126344 secs] [Times: user=0.10 sys=0.01, real=0.01 secs] 
2016-09-24T00:24:21.102-0400: 28.820: [GC (GCLocker Initiated GC) [PSYoungGen: 211432K->49180K(197120K)] 487039K->361504K(721408K), 0.0500736 secs] [Times: user=0.53 sys=0.01, real=0.05 secs] 
2016-09-24T00:24:21.361-0400: 29.079: [GC (GCLocker Initiated GC) [PSYoungGen: 195612K->55547K(202240K)] 514277K->429163K(726528K), 0.0240227 secs] [Times: user=0.23 sys=0.05, real=0.03 secs] 
2016-09-24T00:24:21.585-0400: 29.303: [GC (GCLocker Initiated GC) [PSYoungGen: 201979K->55515K(179712K)] 581925K->496379K(704000K), 0.0189675 secs] [Times: user=0.24 sys=0.02, real=0.02 secs] 
2016-09-24T00:24:21.807-0400: 29.525: [GC (GCLocker Initiated GC) [PSYoungGen: 175323K->67373K(187392K)] 622472K->520888K(711680K), 0.0207496 secs] [Times: user=0.18 sys=0.01, real=0.02 secs] 
2016-09-24T00:24:21.828-0400: 29.546: [Full GC (Ergonomics) [PSYoungGen: 67373K->0K(187392K)] [ParOldGen: 453515K->44750K(524288K)] 520888K->44750K(711680K), [Metaspace: 43712K->43712K(1085440K)], 0.2466041 secs] [Times: user=2.88 sys=0.05, real=0.25 secs] 
2016-09-24T00:24:22.254-0400: 29.972: [GC (Allocation Failure) [PSYoungGen: 119808K->74192K(162816K)] 170982K->149666K(687104K), 0.0139829 secs] [Times: user=0.17 sys=0.00, real=0.01 secs] 
2016-09-24T00:24:22.395-0400: 30.113: [GC (GCLocker Initiated GC) [PSYoungGen: 162256K->55155K(175104K)] 237736K->186194K(699392K), 0.0136967 secs] [Times: user=0.15 sys=0.00, real=0.01 secs] 
2016-09-24T00:24:22.547-0400: 30.265: [GC (GCLocker Initiated GC) [PSYoungGen: 143219K->85790K(175104K)] 274352K->265675K(699392K), 0.0141366 secs] [Times: user=0.15 sys=0.00, real=0.01 secs] 
2016-09-24T00:24:22.681-0400: 30.400: [GC (GCLocker Initiated GC) [PSYoungGen: 173854K->85626K(175104K)] 353925K->290313K(699392K), 0.0100776 secs] [Times: user=0.11 sys=0.01, real=0.01 secs] 
2016-09-24T00:24:22.812-0400: 30.530: [GC (GCLocker Initiated GC) [PSYoungGen: 173690K->61558K(175104K)] 384500K->327146K(699392K), 0.0181276 secs] [Times: user=0.21 sys=0.01, real=0.02 secs] 
2016-09-24T00:24:22.951-0400: 30.669: [GC (GCLocker Initiated GC) [PSYoungGen: 149622K->55323K(175104K)] 415477K->339654K(699392K), 0.0217032 secs] [Times: user=0.17 sys=0.01, real=0.02 secs] 
2016-09-24T00:24:23.082-0400: 30.800: [GC (GCLocker Initiated GC) [PSYoungGen: 143387K->85822K(175104K)] 433869K->437330K(699392K), 0.0176257 secs] [Times: user=0.20 sys=0.01, real=0.02 secs] 
2016-09-24T00:24:23.224-0400: 30.942: [GC (GCLocker Initiated GC) [PSYoungGen: 173886K->68120K(175104K)] 525469K->492771K(699392K), 0.0153640 secs] [Times: user=0.18 sys=0.01, real=0.01 secs] 
2016-09-24T00:24:23.362-0400: 31.080: [GC (GCLocker Initiated GC) [PSYoungGen: 156184K->85822K(175104K)] 580994K->535427K(699392K), 0.0113561 secs] [Times: user=0.11 sys=0.00, real=0.01 secs] 
2016-09-24T00:24:23.373-0400: 31.092: [Full GC (Ergonomics) [PSYoungGen: 85822K->0K(175104K)] [ParOldGen: 449605K->51324K(524288K)] 535427K->51324K(699392K), [Metaspace: 43760K->43760K(1087488K)], 0.0638114 secs] [Times: user=0.35 sys=0.01, real=0.07 secs] 
2016-09-24T00:24:23.567-0400: 31.285: [GC (GCLocker Initiated GC) [PSYoungGen: 88064K->85790K(175104K)] 139593K->161619K(699392K), 0.0117051 secs] [Times: user=0.12 sys=0.00, real=0.01 secs] 
2016-09-24T00:24:23.692-0400: 31.410: [GC (GCLocker Initiated GC) [PSYoungGen: 173854K->55743K(175104K)] 249843K->204916K(699392K), 0.0151485 secs] [Times: user=0.18 sys=0.00, real=0.02 secs] 
2016-09-24T00:24:23.817-0400: 31.535: [GC (GCLocker Initiated GC) [PSYoungGen: 143807K->67533K(175104K)] 293257K->278048K(699392K), 0.0324643 secs] [Times: user=0.36 sys=0.00, real=0.03 secs] 
2016-09-24T00:24:23.962-0400: 31.680: [GC (GCLocker Initiated GC) [PSYoungGen: 155596K->85922K(175104K)] 366479K->339636K(699392K), 0.0122416 secs] [Times: user=0.14 sys=0.01, real=0.01 secs] 
2016-09-24T00:24:24.114-0400: 31.832: [GC (GCLocker Initiated GC) [PSYoungGen: 173986K->79911K(175104K)] 427803K->376529K(699392K), 0.0138923 secs] [Times: user=0.15 sys=0.03, real=0.02 secs] 
2016-09-24T00:24:24.239-0400: 31.958: [GC (GCLocker Initiated GC) [PSYoungGen: 167975K->73768K(175104K)] 471491K->414042K(699392K), 0.0124238 secs] [Times: user=0.15 sys=0.00, real=0.01 secs] 
2016-09-24T00:24:24.364-0400: 32.083: [GC (GCLocker Initiated GC) [PSYoungGen: 161832K->79947K(175104K)] 508419K->445066K(699392K), 0.0121707 secs] [Times: user=0.11 sys=0.00, real=0.01 secs] 
2016-09-24T00:24:24.499-0400: 32.217: [GC (Allocation Failure) [PSYoungGen: 168011K->48984K(175104K)] 533390K->463387K(699392K), 0.0228507 secs] [Times: user=0.27 sys=0.00, real=0.02 secs] 
2016-09-24T00:24:24.636-0400: 32.354: [GC (GCLocker Initiated GC) [PSYoungGen: 135974K->73740K(175104K)] 556452K->494313K(699392K), 0.0095518 secs] [Times: user=0.10 sys=0.00, real=0.01 secs] 
2016-09-24T00:24:24.789-0400: 32.507: [GC (GCLocker Initiated GC) [PSYoungGen: 161804K->30631K(175104K)] 582391K->469702K(699392K), 0.0181498 secs] [Times: user=0.15 sys=0.00, real=0.02 secs] 
2016-09-24T00:24:24.918-0400: 32.636: [Full GC (Ergonomics) [PSYoungGen: 118695K->0K(175104K)] [ParOldGen: 445266K->51210K(524288K)] 563961K->51210K(699392K), [Metaspace: 43804K->43804K(1087488K)], 0.0799562 secs] [Times: user=0.37 sys=0.02, real=0.08 secs] 
2016-09-24T00:24:25.128-0400: 32.846: [GC (GCLocker Initiated GC) [PSYoungGen: 88064K->74452K(175104K)] 151780K->138176K(699392K), 0.0110075 secs] [Times: user=0.13 sys=0.00, real=0.01 secs] 
2016-09-24T00:24:25.254-0400: 32.973: [GC (GCLocker Initiated GC) [PSYoungGen: 162516K->55451K(175104K)] 232671K->138763K(699392K), 0.0200672 secs] [Times: user=0.21 sys=0.01, real=0.02 secs] 
2016-09-24T00:24:25.412-0400: 33.130: [GC (Allocation Failure) [PSYoungGen: 143515K->79587K(175104K)] 232983K->169347K(699392K), 0.0135847 secs] [Times: user=0.17 sys=0.00, real=0.02 secs] 
2016-09-24T00:24:25.542-0400: 33.260: [GC (GCLocker Initiated GC) [PSYoungGen: 167651K->73640K(175104K)] 257416K->212313K(699392K), 0.0118095 secs] [Times: user=0.15 sys=0.00, real=0.01 secs] 
2016-09-24T00:24:25.665-0400: 33.383: [GC (GCLocker Initiated GC) [PSYoungGen: 161704K->85986K(175104K)] 300509K->255473K(699392K), 0.0093006 secs] [Times: user=0.12 sys=0.01, real=0.01 secs] 
2016-09-24T00:24:25.809-0400: 33.527: [GC (GCLocker Initiated GC) [PSYoungGen: 174050K->61490K(175104K)] 343809K->310548K(699392K), 0.0111019 secs] [Times: user=0.16 sys=0.00, real=0.01 secs] 
2016-09-24T00:24:25.926-0400: 33.644: [GC (GCLocker Initiated GC) [PSYoungGen: 149554K->85922K(175104K)] 398973K->341667K(699392K), 0.0122114 secs] [Times: user=0.11 sys=0.00, real=0.01 secs] 
2016-09-24T00:24:26.060-0400: 33.779: [GC (GCLocker Initiated GC) [PSYoungGen: 173986K->85630K(175104K)] 429762K->384362K(699392K), 0.0266751 secs] [Times: user=0.24 sys=0.01, real=0.03 secs] 
2016-09-24T00:24:26.206-0400: 33.924: [GC (GCLocker Initiated GC) [PSYoungGen: 173689K->73772K(175104K)] 478858K->415494K(699392K), 0.0215848 secs] [Times: user=0.25 sys=0.00, real=0.02 secs] 
2016-09-24T00:24:26.349-0400: 34.067: [GC (GCLocker Initiated GC) [PSYoungGen: 161836K->85918K(175104K)] 509832K->482837K(699392K), 0.0161817 secs] [Times: user=0.19 sys=0.00, real=0.02 secs] 
2016-09-24T00:24:26.477-0400: 34.195: [GC (Allocation Failure) [PSYoungGen: 173982K->67697K(175104K)] 577107K->507368K(699392K), 0.0130566 secs] [Times: user=0.12 sys=0.01, real=0.01 secs] 
2016-09-24T00:24:26.612-0400: 34.331: [Full GC (Ergonomics) [PSYoungGen: 155536K->0K(175104K)] [ParOldGen: 445746K->57485K(524288K)] 601282K->57485K(699392K), [Metaspace: 43840K->43840K(1087488K)], 0.0519622 secs] [Times: user=0.30 sys=0.01, real=0.06 secs] 
2016-09-24T00:24:26.770-0400: 34.488: [GC (GCLocker Initiated GC) [PSYoungGen: 88064K->86210K(175104K)] 145591K->168037K(699392K), 0.0097813 secs] [Times: user=0.10 sys=0.02, real=0.01 secs] 
2016-09-24T00:24:26.893-0400: 34.612: [GC (GCLocker Initiated GC) [PSYoungGen: 174274K->43137K(175104K)] 256131K->222879K(699392K), 0.0201706 secs] [Times: user=0.17 sys=0.00, real=0.02 secs] 
2016-09-24T00:24:27.018-0400: 34.736: [GC (GCLocker Initiated GC) [PSYoungGen: 131201K->67469K(175104K)] 311676K->248047K(699392K), 0.0112230 secs] [Times: user=0.10 sys=0.00, real=0.01 secs] 
2016-09-24T00:24:27.133-0400: 34.851: [GC (GCLocker Initiated GC) [PSYoungGen: 155533K->79715K(175104K)] 336276K->303290K(699392K), 0.0145268 secs] [Times: user=0.18 sys=0.01, real=0.02 secs] 
2016-09-24T00:24:27.265-0400: 34.983: [GC (GCLocker Initiated GC) [PSYoungGen: 167779K->73672K(175104K)] 391727K->352454K(699392K), 0.0160692 secs] [Times: user=0.20 sys=0.00, real=0.01 secs] 
2016-09-24T00:24:27.396-0400: 35.114: [GC (Allocation Failure) [PSYoungGen: 161736K->61494K(175104K)] 440672K->346772K(699392K), 0.0126761 secs] [Times: user=0.09 sys=0.01, real=0.01 secs] 
2016-09-24T00:24:27.511-0400: 35.229: [GC (GCLocker Initiated GC) [PSYoungGen: 147751K->43333K(175104K)] 439104K->389637K(699392K), 0.0158128 secs] [Times: user=0.17 sys=0.00, real=0.02 secs] 
2016-09-24T00:24:27.651-0400: 35.369: [GC (GCLocker Initiated GC) [PSYoungGen: 131397K->55255K(175104K)] 490027K->432541K(699392K), 0.0197311 secs] [Times: user=0.21 sys=0.00, real=0.02 secs] 
2016-09-24T00:24:27.804-0400: 35.522: [GC (GCLocker Initiated GC) [PSYoungGen: 143319K->55419K(175104K)] 532881K->445060K(699392K), 0.0111772 secs] [Times: user=0.14 sys=0.00, real=0.01 secs] 
2016-09-24T00:24:27.938-0400: 35.656: [GC (GCLocker Initiated GC) [PSYoungGen: 143483K->85434K(175104K)] 533149K->499864K(699392K), 0.0229159 secs] [Times: user=0.26 sys=0.00, real=0.02 secs] 
2016-09-24T00:24:28.112-0400: 35.831: [GC (GCLocker Initiated GC) [PSYoungGen: 173498K->55155K(175104K)] 600377K->542887K(699392K), 0.0348154 secs] [Times: user=0.37 sys=0.02, real=0.04 secs] 
2016-09-24T00:24:28.147-0400: 35.866: [Full GC (Ergonomics) [PSYoungGen: 55155K->0K(175104K)] [ParOldGen: 487732K->51674K(524288K)] 542887K->51674K(699392K), [Metaspace: 43868K->43868K(1087488K)], 0.0542284 secs] [Times: user=0.37 sys=0.01, real=0.05 secs] 
2016-09-24T00:24:28.332-0400: 36.051: [GC (GCLocker Initiated GC) [PSYoungGen: 88064K->86406K(175104K)] 139748K->144165K(699392K), 0.0098978 secs] [Times: user=0.12 sys=0.01, real=0.02 secs] 
2016-09-24T00:24:28.475-0400: 36.193: [GC (GCLocker Initiated GC) [PSYoungGen: 174470K->61458K(175104K)] 250552K->174717K(699392K), 0.0088153 secs] [Times: user=0.11 sys=0.00, real=0.01 secs] 
2016-09-24T00:24:28.576-0400: 36.294: [GC (Allocation Failure) [PSYoungGen: 149522K->85954K(175104K)] 262879K->229829K(699392K), 0.0092925 secs] [Times: user=0.12 sys=0.00, real=0.01 secs] 
2016-09-24T00:24:28.688-0400: 36.406: [GC (GCLocker Initiated GC) [PSYoungGen: 170285K->49472K(175104K)] 320236K->266875K(699392K), 0.0107487 secs] [Times: user=0.12 sys=0.00, real=0.01 secs] 
2016-09-24T00:24:28.824-0400: 36.542: [GC (GCLocker Initiated GC) [PSYoungGen: 137536K->85630K(175104K)] 355221K->303583K(699392K), 0.0189698 secs] [Times: user=0.18 sys=0.01, real=0.02 secs] 
2016-09-24T00:24:28.967-0400: 36.685: [GC (Allocation Failure) [PSYoungGen: 173694K->49312K(175104K)] 391755K->304107K(699392K), 0.0108930 secs] [Times: user=0.09 sys=0.00, real=0.01 secs] 
2016-09-24T00:24:29.067-0400: 36.785: [GC (GCLocker Initiated GC) [PSYoungGen: 137376K->85726K(175104K)] 392176K->346845K(699392K), 0.0127492 secs] [Times: user=0.13 sys=0.00, real=0.01 secs] 
2016-09-24T00:24:29.210-0400: 36.928: [GC (GCLocker Initiated GC) [PSYoungGen: 173790K->61654K(175104K)] 441014K->347379K(699392K), 0.0097163 secs] [Times: user=0.11 sys=0.00, real=0.01 secs] 
2016-09-24T00:24:29.314-0400: 37.032: [GC (GCLocker Initiated GC) [PSYoungGen: 149718K->73704K(175104K)] 435591K->402402K(699392K), 0.0117343 secs] [Times: user=0.12 sys=0.00, real=0.02 secs] 
2016-09-24T00:24:29.443-0400: 37.162: [GC (Allocation Failure) [PSYoungGen: 161768K->55579K(175104K)] 496795K->463821K(699392K), 0.0176036 secs] [Times: user=0.18 sys=0.01, real=0.01 secs] 
2016-09-24T00:24:29.595-0400: 37.313: [GC (GCLocker Initiated GC) [PSYoungGen: 143643K->55383K(175104K)] 551891K->463907K(699392K), 0.0090547 secs] [Times: user=0.11 sys=0.00, real=0.01 secs] 
2016-09-24T00:24:29.755-0400: 37.473: [GC (GCLocker Initiated GC) [PSYoungGen: 143447K->49180K(175104K)] 558166K->482251K(699392K), 0.0089963 secs] [Times: user=0.10 sys=0.00, real=0.01 secs] 
2016-09-24T00:24:29.884-0400: 37.602: [GC (GCLocker Initiated GC) [PSYoungGen: 137244K->85658K(175104K)] 570351K->561597K(699392K), 0.0133779 secs] [Times: user=0.17 sys=0.01, real=0.01 secs] 
2016-09-24T00:24:29.897-0400: 37.616: [Full GC (Ergonomics) [PSYoungGen: 85658K->0K(175104K)] [ParOldGen: 475939K->45654K(524288K)] 561597K->45654K(699392K), [Metaspace: 43890K->43890K(1087488K)], 0.0535235 secs] [Times: user=0.31 sys=0.00, real=0.05 secs] 
2016-09-24T00:24:30.040-0400: 37.759: [GC (GCLocker Initiated GC) [PSYoungGen: 88064K->86630K(175104K)] 133918K->162859K(699392K), 0.0100354 secs] [Times: user=0.14 sys=0.00, real=0.01 secs] 
2016-09-24T00:24:30.171-0400: 37.890: [GC (Allocation Failure) [PSYoungGen: 174694K->43205K(175104K)] 257342K->157171K(699392K), 0.0104128 secs] [Times: user=0.08 sys=0.00, real=0.01 secs] 
2016-09-24T00:24:30.282-0400: 38.000: [GC (Allocation Failure) [PSYoungGen: 131269K->67565K(175104K)] 245235K->200056K(699392K), 0.0121601 secs] [Times: user=0.11 sys=0.01, real=0.01 secs] 
2016-09-24T00:24:30.403-0400: 38.121: [GC (GCLocker Initiated GC) [PSYoungGen: 150875K->73836K(175104K)] 289442K->230762K(699392K), 0.0213661 secs] [Times: user=0.26 sys=0.00, real=0.02 secs] 
2016-09-24T00:24:30.527-0400: 38.246: [GC (GCLocker Initiated GC) [PSYoungGen: 161900K->85758K(175104K)] 318891K->285886K(699392K), 0.0181004 secs] [Times: user=0.23 sys=0.00, real=0.02 secs] 
2016-09-24T00:24:30.661-0400: 38.379: [GC (GCLocker Initiated GC) [PSYoungGen: 173822K->55579K(175104K)] 374036K->353113K(699392K), 0.0153006 secs] [Times: user=0.20 sys=0.00, real=0.02 secs] 
2016-09-24T00:24:30.806-0400: 38.524: [GC (Allocation Failure) [PSYoungGen: 143643K->36898K(175104K)] 453589K->389652K(699392K), 0.0094687 secs] [Times: user=0.09 sys=0.01, real=0.01 secs] 
2016-09-24T00:24:30.949-0400: 38.667: [GC (GCLocker Initiated GC) [PSYoungGen: 124962K->55579K(175104K)] 477722K->426691K(699392K), 0.0076417 secs] [Times: user=0.08 sys=0.00, real=0.01 secs] 
2016-09-24T00:24:31.063-0400: 38.781: [GC (GCLocker Initiated GC) [PSYoungGen: 143643K->85694K(175104K)] 514820K->487490K(699392K), 0.0208437 secs] [Times: user=0.23 sys=0.01, real=0.02 secs] 
2016-09-24T00:24:31.207-0400: 38.925: [GC (GCLocker Initiated GC) [PSYoungGen: 173758K->55483K(175104K)] 581743K->524338K(699392K), 0.0208740 secs] [Times: user=0.24 sys=0.00, real=0.02 secs] 
2016-09-24T00:24:31.227-0400: 38.946: [Full GC (Ergonomics) [PSYoungGen: 55483K->0K(175104K)] [ParOldGen: 468855K->52038K(524288K)] 524338K->52038K(699392K), [Metaspace: 43892K->43892K(1087488K)], 0.0537423 secs] [Times: user=0.38 sys=0.01, real=0.05 secs] 
2016-09-24T00:24:31.389-0400: 39.107: [GC (GCLocker Initiated GC) [PSYoungGen: 88064K->86274K(175104K)] 146420K->168931K(699392K), 0.0079562 secs] [Times: user=0.11 sys=0.00, real=0.01 secs] 
2016-09-24T00:24:31.491-0400: 39.209: [GC (GCLocker Initiated GC) [PSYoungGen: 174338K->36930K(175104K)] 257271K->175242K(699392K), 0.0170268 secs] [Times: user=0.17 sys=0.00, real=0.02 secs] 
2016-09-24T00:24:31.604-0400: 39.322: [GC (GCLocker Initiated GC) [PSYoungGen: 124994K->67697K(175104K)] 263409K->236615K(699392K), 0.0140140 secs] [Times: user=0.15 sys=0.00, real=0.01 secs] 
2016-09-24T00:24:31.721-0400: 39.439: [GC (GCLocker Initiated GC) [PSYoungGen: 155761K->85922K(175104K)] 325040K->280128K(699392K), 0.0104307 secs] [Times: user=0.11 sys=0.00, real=0.01 secs] 
2016-09-24T00:24:31.862-0400: 39.580: [GC (GCLocker Initiated GC) [PSYoungGen: 173986K->61266K(175104K)] 368228K->298285K(699392K), 0.0120910 secs] [Times: user=0.10 sys=0.01, real=0.01 secs] 
2016-09-24T00:24:31.996-0400: 39.714: [GC (GCLocker Initiated GC) [PSYoungGen: 149330K->43041K(175104K)] 392607K->316789K(699392K), 0.0110528 secs] [Times: user=0.09 sys=0.00, real=0.01 secs] 
2016-09-24T00:24:32.110-0400: 39.828: [GC (GCLocker Initiated GC) [PSYoungGen: 131105K->55255K(175104K)] 405124K->359917K(699392K), 0.0093948 secs] [Times: user=0.09 sys=0.01, real=0.01 secs] 
2016-09-24T00:24:32.253-0400: 39.971: [GC (Allocation Failure) [PSYoungGen: 143319K->67273K(175104K)] 454092K->396546K(699392K), 0.0194482 secs] [Times: user=0.22 sys=0.00, real=0.02 secs] 
2016-09-24T00:24:32.356-0400: 40.074: [GC (GCLocker Initiated GC) [PSYoungGen: 155337K->86018K(175104K)] 484616K->451914K(699392K), 0.0134527 secs] [Times: user=0.18 sys=0.01, real=0.01 secs] 
2016-09-24T00:24:32.476-0400: 40.194: [GC (GCLocker Initiated GC) [PSYoungGen: 174082K->85822K(175104K)] 540182K->476554K(699392K), 0.0106558 secs] [Times: user=0.14 sys=0.00, real=0.01 secs] 
2016-09-24T00:24:32.609-0400: 40.327: [GC (GCLocker Initiated GC) [PSYoungGen: 173886K->85758K(175104K)] 564845K->507204K(699392K), 0.0140368 secs] [Times: user=0.14 sys=0.01, real=0.02 secs] 
2016-09-24T00:24:32.746-0400: 40.464: [GC (GCLocker Initiated GC) [PSYoungGen: 173822K->73804K(175104K)] 601446K->519788K(699392K), 0.0129907 secs] [Times: user=0.12 sys=0.00, real=0.01 secs] 
2016-09-24T00:24:32.859-0400: 40.577: [GC (GCLocker Initiated GC) [PSYoungGen: 161868K->73512K(175104K)] 614294K->562664K(699392K), 0.0107587 secs] [Times: user=0.10 sys=0.00, real=0.01 secs] 
2016-09-24T00:24:32.870-0400: 40.588: [Full GC (Ergonomics) [PSYoungGen: 73512K->0K(175104K)] [ParOldGen: 489152K->58032K(524288K)] 562664K->58032K(699392K), [Metaspace: 43956K->43956K(1087488K)], 0.0670767 secs] [Times: user=0.32 sys=0.01, real=0.07 secs] 
2016-09-24T00:24:33.049-0400: 40.767: [GC (GCLocker Initiated GC) [PSYoungGen: 88064K->86242K(175104K)] 146356K->168834K(699392K), 0.0130626 secs] [Times: user=0.15 sys=0.00, real=0.02 secs] 
2016-09-24T00:24:33.183-0400: 40.902: [GC (GCLocker Initiated GC) [PSYoungGen: 174303K->61522K(175104K)] 257256K->199862K(699392K), 0.0109705 secs] [Times: user=0.11 sys=0.00, real=0.01 secs] 
2016-09-24T00:24:33.299-0400: 41.017: [GC (GCLocker Initiated GC) [PSYoungGen: 149586K->73740K(175104K)] 288197K->230719K(699392K), 0.0125827 secs] [Times: user=0.14 sys=0.00, real=0.01 secs] 
2016-09-24T00:24:33.440-0400: 41.158: [GC (Allocation Failure) [PSYoungGen: 161804K->55223K(175104K)] 325073K->236953K(699392K), 0.0160705 secs] [Times: user=0.12 sys=0.01, real=0.02 secs] 
2016-09-24T00:24:33.560-0400: 41.279: [GC (GCLocker Initiated GC) [PSYoungGen: 143287K->73544K(175104K)] 325022K->255407K(699392K), 0.0113947 secs] [Times: user=0.12 sys=0.00, real=0.01 secs] 
2016-09-24T00:24:33.667-0400: 41.385: [GC (GCLocker Initiated GC) [PSYoungGen: 161608K->85726K(175104K)] 343552K->292262K(699392K), 0.0123734 secs] [Times: user=0.14 sys=0.00, real=0.01 secs] 
2016-09-24T00:24:33.815-0400: 41.533: [GC (GCLocker Initiated GC) [PSYoungGen: 173790K->67565K(175104K)] 386711K->323303K(699392K), 0.0096270 secs] [Times: user=0.11 sys=0.00, real=0.01 secs] 
2016-09-24T00:24:33.952-0400: 41.671: [GC (GCLocker Initiated GC) [PSYoungGen: 155629K->67597K(175104K)] 417591K->347911K(699392K), 0.0151722 secs] [Times: user=0.17 sys=0.00, real=0.02 secs] 
2016-09-24T00:24:34.081-0400: 41.799: [GC (GCLocker Initiated GC) [PSYoungGen: 155661K->49472K(175104K)] 436017K->421081K(699392K), 0.0130929 secs] [Times: user=0.16 sys=0.01, real=0.01 secs] 
2016-09-24T00:24:34.207-0400: 41.925: [GC (GCLocker Initiated GC) [PSYoungGen: 137536K->55842K(175104K)] 521605K->440188K(699392K), 0.0163602 secs] [Times: user=0.14 sys=0.01, real=0.02 secs] 
2016-09-24T00:24:34.337-0400: 42.055: [GC (GCLocker Initiated GC) [PSYoungGen: 143906K->85758K(175104K)] 528573K->495352K(699392K), 0.0130718 secs] [Times: user=0.12 sys=0.00, real=0.01 secs] 
2016-09-24T00:24:34.471-0400: 42.189: [GC (GCLocker Initiated GC) [PSYoungGen: 173822K->85922K(175104K)] 583777K->532470K(699392K), 0.0129912 secs] [Times: user=0.15 sys=0.00, real=0.02 secs] 
2016-09-24T00:24:34.600-0400: 42.318: [Full GC (Ergonomics) [PSYoungGen: 173986K->0K(175104K)] [ParOldGen: 452895K->46232K(524288K)] 626881K->46232K(699392K), [Metaspace: 43964K->43964K(1087488K)], 0.0809322 secs] [Times: user=0.36 sys=0.01, real=0.08 secs] 
2016-09-24T00:24:34.792-0400: 42.510: [GC (GCLocker Initiated GC) [PSYoungGen: 84673K->85922K(175104K)] 136980K->144304K(699392K), 0.0221201 secs] [Times: user=0.29 sys=0.01, real=0.02 secs] 
2016-09-24T00:24:34.921-0400: 42.639: [GC (GCLocker Initiated GC) [PSYoungGen: 173986K->49144K(175104K)] 232494K->174933K(699392K), 0.0178086 secs] [Times: user=0.20 sys=0.00, real=0.02 secs] 
2016-09-24T00:24:35.027-0400: 42.745: [GC (GCLocker Initiated GC) [PSYoungGen: 137208K->86182K(175104K)] 263039K->254681K(699392K), 0.0102455 secs] [Times: user=0.13 sys=0.00, real=0.01 secs] 
2016-09-24T00:24:35.151-0400: 42.869: [GC (GCLocker Initiated GC) [PSYoungGen: 174246K->37354K(175104K)] 348823K->267094K(699392K), 0.0121021 secs] [Times: user=0.11 sys=0.00, real=0.02 secs] 
2016-09-24T00:24:35.289-0400: 43.007: [GC (Allocation Failure) [PSYoungGen: 125418K->85662K(175104K)] 355361K->316053K(699392K), 0.0266145 secs] [Times: user=0.33 sys=0.00, real=0.03 secs] 
2016-09-24T00:24:35.439-0400: 43.158: [GC (GCLocker Initiated GC) [PSYoungGen: 168514K->73608K(175104K)] 404980K->358818K(699392K), 0.0118669 secs] [Times: user=0.14 sys=0.00, real=0.01 secs] 
2016-09-24T00:24:35.556-0400: 43.274: [GC (GCLocker Initiated GC) [PSYoungGen: 161672K->85986K(175104K)] 446929K->377609K(699392K), 0.0110800 secs] [Times: user=0.13 sys=0.00, real=0.01 secs] 
2016-09-24T00:24:35.688-0400: 43.406: [GC (GCLocker Initiated GC) [PSYoungGen: 174050K->73576K(175104K)] 471841K->426342K(699392K), 0.0184817 secs] [Times: user=0.20 sys=0.00, real=0.02 secs] 
2016-09-24T00:24:35.824-0400: 43.542: [GC (GCLocker Initiated GC) [PSYoungGen: 161640K->80107K(175104K)] 514655K->457681K(699392K), 0.0191002 secs] [Times: user=0.22 sys=0.00, real=0.02 secs] 
2016-09-24T00:24:35.968-0400: 43.686: [GC (Allocation Failure) [PSYoungGen: 168171K->37062K(175104K)] 551934K->439325K(699392K), 0.0076647 secs] [Times: user=0.08 sys=0.00, real=0.01 secs] 
2016-09-24T00:24:36.086-0400: 43.805: [GC (Allocation Failure) [PSYoungGen: 121731K->55319K(175104K)] 523994K->457842K(699392K), 0.0088827 secs] [Times: user=0.10 sys=0.00, real=0.01 secs] 
2016-09-24T00:24:36.228-0400: 43.946: [GC (GCLocker Initiated GC) [PSYoungGen: 143382K->67405K(175104K)] 545911K->506511K(699392K), 0.0128270 secs] [Times: user=0.14 sys=0.00, real=0.01 secs] 
2016-09-24T00:24:36.355-0400: 44.073: [Full GC (Ergonomics) [PSYoungGen: 155469K->0K(175104K)] [ParOldGen: 445335K->58492K(524288K)] 600804K->58492K(699392K), [Metaspace: 43968K->43968K(1087488K)], 0.0787801 secs] [Times: user=0.44 sys=0.00, real=0.07 secs] 
2016-09-24T00:24:36.535-0400: 44.253: [GC (GCLocker Initiated GC) [PSYoungGen: 88064K->86438K(175104K)] 146615K->144989K(699392K), 0.0117438 secs] [Times: user=0.07 sys=0.00, real=0.01 secs] 
2016-09-24T00:24:36.652-0400: 44.370: [GC (GCLocker Initiated GC) [PSYoungGen: 174502K->73904K(175104K)] 239254K->176253K(699392K), 0.0121858 secs] [Times: user=0.13 sys=0.00, real=0.02 secs] 
2016-09-24T00:24:36.786-0400: 44.504: [GC (GCLocker Initiated GC) [PSYoungGen: 161968K->67565K(175104K)] 270636K->194725K(699392K), 0.0150046 secs] [Times: user=0.13 sys=0.00, real=0.01 secs] 
2016-09-24T00:24:36.906-0400: 44.624: [GC (GCLocker Initiated GC) [PSYoungGen: 155629K->61490K(175104K)] 282921K->268065K(699392K), 0.0182328 secs] [Times: user=0.19 sys=0.01, real=0.02 secs] 
2016-09-24T00:24:37.047-0400: 44.765: [GC (GCLocker Initiated GC) [PSYoungGen: 149554K->74000K(175104K)] 368545K->311516K(699392K), 0.0121637 secs] [Times: user=0.16 sys=0.00, real=0.01 secs] 
2016-09-24T00:24:37.216-0400: 44.935: [GC (GCLocker Initiated GC) [PSYoungGen: 162064K->49280K(175104K)] 418023K->305662K(699392K), 0.0166252 secs] [Times: user=0.15 sys=0.00, real=0.01 secs] 
2016-09-24T00:24:37.358-0400: 45.076: [GC (GCLocker Initiated GC) [PSYoungGen: 137344K->55743K(175104K)] 400044K->318726K(699392K), 0.0133107 secs] [Times: user=0.19 sys=0.00, real=0.01 secs] 
2016-09-24T00:24:37.477-0400: 45.195: [GC (Allocation Failure) [PSYoungGen: 143807K->55479K(175104K)] 406827K->385599K(699392K), 0.0122224 secs] [Times: user=0.14 sys=0.01, real=0.01 secs] 
2016-09-24T00:24:37.606-0400: 45.325: [GC (GCLocker Initiated GC) [PSYoungGen: 143543K->61298K(175104K)] 473669K->409964K(699392K), 0.0123362 secs] [Times: user=0.11 sys=0.00, real=0.01 secs] 
2016-09-24T00:24:37.707-0400: 45.425: [GC (GCLocker Initiated GC) [PSYoungGen: 149362K->42877K(175104K)] 504162K->422221K(699392K), 0.0180702 secs] [Times: user=0.17 sys=0.00, real=0.02 secs] 
2016-09-24T00:24:37.861-0400: 45.579: [GC (GCLocker Initiated GC) [PSYoungGen: 130941K->79915K(175104K)] 510326K->477637K(699392K), 0.0164569 secs] [Times: user=0.17 sys=0.00, real=0.02 secs] 
2016-09-24T00:24:37.963-0400: 45.681: [GC (Allocation Failure) [PSYoungGen: 167979K->79747K(175104K)] 565916K->538930K(699392K), 0.0114905 secs] [Times: user=0.15 sys=0.00, real=0.01 secs] 
2016-09-24T00:24:37.974-0400: 45.693: [Full GC (Ergonomics) [PSYoungGen: 79747K->0K(175104K)] [ParOldGen: 459182K->58740K(524288K)] 538930K->58740K(699392K), [Metaspace: 43977K->43977K(1087488K)], 0.0539435 secs] [Times: user=0.37 sys=0.01, real=0.05 secs] 
2016-09-24T00:24:38.121-0400: 45.839: [GC (GCLocker Initiated GC) [PSYoungGen: 88064K->86374K(175104K)] 146810K->151195K(699392K), 0.0071819 secs] [Times: user=0.10 sys=0.00, real=0.01 secs] 
2016-09-24T00:24:38.229-0400: 45.947: [GC (GCLocker Initiated GC) [PSYoungGen: 174438K->79715K(175104K)] 245364K->169913K(699392K), 0.0123343 secs] [Times: user=0.15 sys=0.00, real=0.01 secs] 
2016-09-24T00:24:38.384-0400: 46.102: [GC (Allocation Failure) [PSYoungGen: 167779K->18968K(175104K)] 276530K->158190K(699392K), 0.0110409 secs] [Times: user=0.08 sys=0.00, real=0.01 secs] 
2016-09-24T00:24:38.503-0400: 46.221: [GC (GCLocker Initiated GC) [PSYoungGen: 107032K->43009K(175104K)] 246260K->182667K(699392K), 0.0268077 secs] [Times: user=0.27 sys=0.00, real=0.02 secs] 
2016-09-24T00:24:38.653-0400: 46.371: [GC (GCLocker Initiated GC) [PSYoungGen: 131073K->55679K(175104K)] 283040K->225990K(699392K), 0.0074563 secs] [Times: user=0.07 sys=0.00, real=0.01 secs] 
2016-09-24T00:24:38.792-0400: 46.510: [GC (GCLocker Initiated GC) [PSYoungGen: 143743K->36998K(175104K)] 314151K->225891K(699392K), 0.0209581 secs] [Times: user=0.18 sys=0.00, real=0.02 secs] 
2016-09-24T00:24:38.931-0400: 46.649: [GC (GCLocker Initiated GC) [PSYoungGen: 125062K->37585K(175104K)] 326365K->257233K(699392K), 0.0083961 secs] [Times: user=0.05 sys=0.01, real=0.01 secs] 
2016-09-24T00:24:39.060-0400: 46.778: [GC (GCLocker Initiated GC) [PSYoungGen: 125649K->36834K(175104K)] 351923K->263515K(699392K), 0.0115710 secs] [Times: user=0.11 sys=0.01, real=0.01 secs] 
2016-09-24T00:24:39.209-0400: 46.927: [GC (GCLocker Initiated GC) [PSYoungGen: 124898K->73512K(175104K)] 363929K->312646K(699392K), 0.0145432 secs] [Times: user=0.09 sys=0.00, real=0.02 secs] 
2016-09-24T00:24:39.343-0400: 47.061: [GC (GCLocker Initiated GC) [PSYoungGen: 161576K->49116K(175104K)] 400758K->325007K(699392K), 0.0189391 secs] [Times: user=0.21 sys=0.00, real=0.01 secs] 
2016-09-24T00:24:40.773-0400: 48.491: [GC (GCLocker Initiated GC) [PSYoungGen: 137180K->79975K(175104K)] 419323K->441424K(699392K), 0.0236669 secs] [Times: user=0.28 sys=0.01, real=0.03 secs] 
2016-09-24T00:24:40.950-0400: 48.668: [GC (GCLocker Initiated GC) [PSYoungGen: 168039K->67669K(175104K)] 529788K->453970K(699392K), 0.0175964 secs] [Times: user=0.18 sys=0.00, real=0.02 secs] 
2016-09-24T00:24:41.126-0400: 48.845: [GC (GCLocker Initiated GC) [PSYoungGen: 155733K->55191K(175104K)] 542210K->478369K(699392K), 0.0207263 secs] [Times: user=0.18 sys=0.00, real=0.02 secs] 
2016-09-24T00:24:41.262-0400: 48.981: [GC (GCLocker Initiated GC) [PSYoungGen: 143255K->67305K(175104K)] 566470K->527065K(699392K), 0.0174257 secs] [Times: user=0.16 sys=0.00, real=0.01 secs] 
2016-09-24T00:24:41.280-0400: 48.998: [Full GC (Ergonomics) [PSYoungGen: 67305K->0K(175104K)] [ParOldGen: 459760K->52690K(524288K)] 527065K->52690K(699392K), [Metaspace: 44014K->44014K(1087488K)], 0.0614464 secs] [Times: user=0.34 sys=0.00, real=0.06 secs] 
2016-09-24T00:24:41.483-0400: 49.201: [GC (GCLocker Initiated GC) [PSYoungGen: 88064K->86146K(175104K)] 140796K->144953K(699392K), 0.0166118 secs] [Times: user=0.17 sys=0.01, real=0.01 secs] 
2016-09-24T00:24:41.636-0400: 49.354: [GC (Allocation Failure) [PSYoungGen: 174210K->30923K(175104K)] 233758K->182283K(699392K), 0.0160317 secs] [Times: user=0.14 sys=0.00, real=0.01 secs] 
2016-09-24T00:24:41.793-0400: 49.512: [GC (GCLocker Initiated GC) [PSYoungGen: 113966K->85690K(175104K)] 271401K->304191K(699392K), 0.0115387 secs] [Times: user=0.15 sys=0.00, real=0.02 secs] 
2016-09-24T00:24:41.932-0400: 49.651: [GC (GCLocker Initiated GC) [PSYoungGen: 173754K->79815K(175104K)] 392268K->341006K(699392K), 0.0168155 secs] [Times: user=0.20 sys=0.01, real=0.02 secs] 
2016-09-24T00:24:42.070-0400: 49.788: [GC (GCLocker Initiated GC) [PSYoungGen: 167879K->85886K(175104K)] 429179K->402341K(699392K), 0.0159404 secs] [Times: user=0.19 sys=0.00, real=0.02 secs] 
2016-09-24T00:24:42.187-0400: 49.905: [GC (Allocation Failure) [PSYoungGen: 173950K->85986K(175104K)] 496526K->481794K(699392K), 0.0155961 secs] [Times: user=0.20 sys=0.01, real=0.02 secs] 
2016-09-24T00:24:42.312-0400: 50.031: [GC (GCLocker Initiated GC) [PSYoungGen: 169814K->55191K(175104K)] 571698K->499834K(699392K), 0.0218153 secs] [Times: user=0.19 sys=0.00, real=0.03 secs] 
2016-09-24T00:24:42.334-0400: 50.052: [Full GC (Ergonomics) [PSYoungGen: 55191K->0K(175104K)] [ParOldGen: 444643K->51651K(524288K)] 499834K->51651K(699392K), [Metaspace: 44067K->44067K(1087488K)], 0.0515087 secs] [Times: user=0.35 sys=0.02, real=0.05 secs] 
2016-09-24T00:24:42.496-0400: 50.215: [GC (GCLocker Initiated GC) [PSYoungGen: 88064K->67565K(175104K)] 139921K->119422K(699392K), 0.0111518 secs] [Times: user=0.08 sys=0.00, real=0.01 secs] 
2016-09-24T00:24:42.614-0400: 50.332: [GC (GCLocker Initiated GC) [PSYoungGen: 155629K->67501K(175104K)] 207505K->180699K(699392K), 0.0133268 secs] [Times: user=0.17 sys=0.01, real=0.02 secs] 
2016-09-24T00:24:42.741-0400: 50.459: [GC (GCLocker Initiated GC) [PSYoungGen: 155565K->85822K(175104K)] 268928K->272228K(699392K), 0.0175032 secs] [Times: user=0.25 sys=0.01, real=0.02 secs] 
2016-09-24T00:24:42.854-0400: 50.572: [GC (GCLocker Initiated GC) [PSYoungGen: 173886K->85790K(175104K)] 360340K->387821K(699392K), 0.0165251 secs] [Times: user=0.24 sys=0.01, real=0.02 secs] 
2016-09-24T00:24:42.977-0400: 50.695: [GC (GCLocker Initiated GC) [PSYoungGen: 173854K->79815K(175104K)] 475915K->443098K(699392K), 0.0174893 secs] [Times: user=0.22 sys=0.01, real=0.02 secs] 
2016-09-24T00:24:43.116-0400: 50.834: [GC (GCLocker Initiated GC) [PSYoungGen: 167879K->67565K(175104K)] 537547K->534881K(699392K), 0.0160031 secs] [Times: user=0.24 sys=0.00, real=0.01 secs] 
2016-09-24T00:24:43.132-0400: 50.850: [Full GC (Ergonomics) [PSYoungGen: 67565K->0K(175104K)] [ParOldGen: 467316K->51756K(524288K)] 534881K->51756K(699392K), [Metaspace: 44077K->44077K(1087488K)], 0.0513071 secs] [Times: user=0.33 sys=0.01, real=0.06 secs] 
2016-09-24T00:24:43.305-0400: 51.023: [GC (GCLocker Initiated GC) [PSYoungGen: 88064K->86242K(175104K)] 146076K->168554K(699392K), 0.0191179 secs] [Times: user=0.22 sys=0.00, real=0.02 secs] 
2016-09-24T00:24:43.430-0400: 51.148: [GC (GCLocker Initiated GC) [PSYoungGen: 174306K->61326K(175104K)] 256733K->205238K(699392K), 0.0147393 secs] [Times: user=0.17 sys=0.01, real=0.02 secs] 
2016-09-24T00:24:43.547-0400: 51.265: [GC (GCLocker Initiated GC) [PSYoungGen: 149390K->61658K(175104K)] 299519K->290858K(699392K), 0.0119338 secs] [Times: user=0.11 sys=0.00, real=0.01 secs] 
2016-09-24T00:24:43.664-0400: 51.382: [GC (Allocation Failure) [PSYoungGen: 149722K->85694K(175104K)] 378958K->376307K(699392K), 0.0187292 secs] [Times: user=0.24 sys=0.01, real=0.02 secs] 
2016-09-24T00:24:43.790-0400: 51.509: [GC (GCLocker Initiated GC) [PSYoungGen: 169801K->73704K(175104K)] 466489K->437377K(699392K), 0.0137924 secs] [Times: user=0.20 sys=0.00, real=0.02 secs] 
2016-09-24T00:24:43.923-0400: 51.641: [GC (GCLocker Initiated GC) [PSYoungGen: 161768K->73640K(175104K)] 525630K->498559K(699392K), 0.0107402 secs] [Times: user=0.14 sys=0.01, real=0.00 secs] 
2016-09-24T00:24:43.934-0400: 51.652: [Full GC (Ergonomics) [PSYoungGen: 73640K->0K(175104K)] [ParOldGen: 424919K->45523K(524288K)] 498559K->45523K(699392K), [Metaspace: 44083K->44083K(1087488K)], 0.0624490 secs] [Times: user=0.44 sys=0.00, real=0.07 secs] 
2016-09-24T00:24:44.086-0400: 51.804: [GC (GCLocker Initiated GC) [PSYoungGen: 88064K->86274K(175104K)] 133690K->144050K(699392K), 0.0190190 secs] [Times: user=0.13 sys=0.00, real=0.02 secs] 
2016-09-24T00:24:44.233-0400: 51.951: [GC (GCLocker Initiated GC) [PSYoungGen: 174335K->85790K(175104K)] 238542K->211715K(699392K), 0.0158899 secs] [Times: user=0.19 sys=0.00, real=0.02 secs] 
2016-09-24T00:24:44.400-0400: 52.118: [GC (GCLocker Initiated GC) [PSYoungGen: 173854K->73444K(175104K)] 305891K->278532K(699392K), 0.0152564 secs] [Times: user=0.20 sys=0.01, real=0.02 secs] 
2016-09-24T00:24:44.514-0400: 52.232: [GC (GCLocker Initiated GC) [PSYoungGen: 161508K->85822K(175104K)] 366694K->339760K(699392K), 0.0146000 secs] [Times: user=0.16 sys=0.00, real=0.02 secs] 
2016-09-24T00:24:44.629-0400: 52.347: [GC (GCLocker Initiated GC) [PSYoungGen: 173886K->85986K(175104K)] 428140K->407365K(699392K), 0.0113819 secs] [Times: user=0.14 sys=0.00, real=0.01 secs] 
2016-09-24T00:24:44.764-0400: 52.482: [GC (GCLocker Initiated GC) [PSYoungGen: 174050K->79683K(175104K)] 507828K->468592K(699392K), 0.0119986 secs] [Times: user=0.12 sys=0.00, real=0.01 secs] 
2016-09-24T00:24:44.888-0400: 52.606: [GC (GCLocker Initiated GC) [PSYoungGen: 167747K->67465K(175104K)] 556916K->541983K(699392K), 0.0192554 secs] [Times: user=0.25 sys=0.01, real=0.02 secs] 
2016-09-24T00:24:44.907-0400: 52.626: [Full GC (Ergonomics) [PSYoungGen: 67465K->0K(175104K)] [ParOldGen: 474518K->51657K(524288K)] 541983K->51657K(699392K), [Metaspace: 44113K->44113K(1087488K)], 0.0429708 secs] [Times: user=0.32 sys=0.00, real=0.04 secs] 
2016-09-24T00:24:45.064-0400: 52.782: [GC (GCLocker Initiated GC) [PSYoungGen: 88064K->86530K(175104K)] 139825K->180824K(699392K), 0.0097776 secs] [Times: user=0.15 sys=0.00, real=0.00 secs] 
2016-09-24T00:24:45.173-0400: 52.892: [GC (GCLocker Initiated GC) [PSYoungGen: 174594K->85822K(175104K)] 275022K->260117K(699392K), 0.0112751 secs] [Times: user=0.13 sys=0.00, real=0.02 secs] 
2016-09-24T00:24:45.294-0400: 53.013: [GC (GCLocker Initiated GC) [PSYoungGen: 173886K->55419K(175104K)] 348273K->284601K(699392K), 0.0110873 secs] [Times: user=0.08 sys=0.00, real=0.01 secs] 
2016-09-24T00:24:45.411-0400: 53.129: [GC (GCLocker Initiated GC) [PSYoungGen: 143483K->85790K(175104K)] 372740K->370342K(699392K), 0.0182857 secs] [Times: user=0.25 sys=0.01, real=0.02 secs] 
2016-09-24T00:24:45.533-0400: 53.252: [GC (GCLocker Initiated GC) [PSYoungGen: 173854K->43301K(175104K)] 464715K->425414K(699392K), 0.0118346 secs] [Times: user=0.10 sys=0.01, real=0.02 secs] 
2016-09-24T00:24:45.669-0400: 53.388: [GC (GCLocker Initiated GC) [PSYoungGen: 131365K->61326K(175104K)] 513559K->480286K(699392K), 0.0095186 secs] [Times: user=0.10 sys=0.01, real=0.01 secs] 
2016-09-24T00:24:45.679-0400: 53.397: [Full GC (Ergonomics) [PSYoungGen: 61326K->0K(175104K)] [ParOldGen: 418960K->39471K(524288K)] 480286K->39471K(699392K), [Metaspace: 44145K->44145K(1087488K)], 0.0503229 secs] [Times: user=0.33 sys=0.02, real=0.05 secs] 
2016-09-24T00:24:45.831-0400: 53.550: [GC (GCLocker Initiated GC) [PSYoungGen: 88064K->86274K(175104K)] 127661K->180546K(699392K), 0.0097701 secs] [Times: user=0.14 sys=0.01, real=0.01 secs] 
2016-09-24T00:24:45.959-0400: 53.677: [GC (GCLocker Initiated GC) [PSYoungGen: 174338K->67761K(175104K)] 268971K->260174K(699392K), 0.0159954 secs] [Times: user=0.22 sys=0.01, real=0.02 secs] 
2016-09-24T00:24:46.066-0400: 53.784: [GC (GCLocker Initiated GC) [PSYoungGen: 155825K->73672K(175104K)] 348616K->303221K(699392K), 0.0155864 secs] [Times: user=0.16 sys=0.01, real=0.01 secs] 
2016-09-24T00:24:46.210-0400: 53.928: [GC (GCLocker Initiated GC) [PSYoungGen: 161736K->55647K(175104K)] 397676K->309924K(699392K), 0.0086085 secs] [Times: user=0.12 sys=0.01, real=0.01 secs] 
2016-09-24T00:24:46.328-0400: 54.046: [GC (GCLocker Initiated GC) [PSYoungGen: 143711K->85726K(175104K)] 398164K->340642K(699392K), 0.0106600 secs] [Times: user=0.15 sys=0.00, real=0.01 secs] 
2016-09-24T00:24:46.459-0400: 54.177: [GC (GCLocker Initiated GC) [PSYoungGen: 173790K->85658K(175104K)] 428815K->426065K(699392K), 0.0161353 secs] [Times: user=0.25 sys=0.00, real=0.02 secs] 
2016-09-24T00:24:46.598-0400: 54.316: [GC (GCLocker Initiated GC) [PSYoungGen: 173722K->43333K(175104K)] 514171K->444652K(699392K), 0.0121210 secs] [Times: user=0.17 sys=0.02, real=0.01 secs] 
2016-09-24T00:24:46.695-0400: 54.414: [GC (GCLocker Initiated GC) [PSYoungGen: 131397K->80075K(175104K)] 532919K->506221K(699392K), 0.0103713 secs] [Times: user=0.14 sys=0.00, real=0.01 secs] 
2016-09-24T00:24:46.706-0400: 54.424: [Full GC (Ergonomics) [PSYoungGen: 80075K->0K(175104K)] [ParOldGen: 426146K->52435K(524288K)] 506221K->52435K(699392K), [Metaspace: 44148K->44148K(1087488K)], 0.0590338 secs] [Times: user=0.41 sys=0.02, real=0.06 secs] 
2016-09-24T00:24:46.867-0400: 54.586: [GC (GCLocker Initiated GC) [PSYoungGen: 88064K->86110K(175104K)] 146859K->169205K(699392K), 0.0102805 secs] [Times: user=0.15 sys=0.01, real=0.01 secs] 
2016-09-24T00:24:46.977-0400: 54.695: [GC (GCLocker Initiated GC) [PSYoungGen: 174174K->85986K(175104K)] 257535K->194234K(699392K), 0.0106255 secs] [Times: user=0.14 sys=0.00, real=0.01 secs] 
2016-09-24T00:24:47.096-0400: 54.814: [GC (GCLocker Initiated GC) [PSYoungGen: 174050K->61490K(175104K)] 282474K->237187K(699392K), 0.0148972 secs] [Times: user=0.19 sys=0.00, real=0.01 secs] 
2016-09-24T00:24:47.229-0400: 54.948: [GC (GCLocker Initiated GC) [PSYoungGen: 149554K->79879K(175104K)] 325612K->256032K(699392K), 0.0144989 secs] [Times: user=0.18 sys=0.00, real=0.02 secs] 
2016-09-24T00:24:47.384-0400: 55.102: [GC (Allocation Failure) [PSYoungGen: 167943K->55483K(175104K)] 350498K->262786K(699392K), 0.0094369 secs] [Times: user=0.09 sys=0.02, real=0.00 secs] 
2016-09-24T00:24:47.511-0400: 55.229: [GC (GCLocker Initiated GC) [PSYoungGen: 143547K->73772K(175104K)] 350850K->299411K(699392K), 0.0146034 secs] [Times: user=0.20 sys=0.00, real=0.02 secs] 
2016-09-24T00:24:47.639-0400: 55.358: [GC (GCLocker Initiated GC) [PSYoungGen: 161836K->55746K(175104K)] 393572K->287734K(699392K), 0.0082248 secs] [Times: user=0.11 sys=0.00, real=0.01 secs] 
2016-09-24T00:24:47.735-0400: 55.453: [GC (GCLocker Initiated GC) [PSYoungGen: 143810K->73508K(175104K)] 375829K->324230K(699392K), 0.0086837 secs] [Times: user=0.09 sys=0.01, real=0.01 secs] 
2016-09-24T00:24:47.853-0400: 55.571: [GC (GCLocker Initiated GC) [PSYoungGen: 161572K->80043K(175104K)] 412392K->385706K(699392K), 0.0107490 secs] [Times: user=0.16 sys=0.01, real=0.02 secs] 
2016-09-24T00:24:48.007-0400: 55.725: [GC (GCLocker Initiated GC) [PSYoungGen: 168107K->24944K(175104K)] 479893K->428466K(699392K), 0.0188073 secs] [Times: user=0.24 sys=0.00, real=0.02 secs] 
2016-09-24T00:24:48.140-0400: 55.858: [GC (GCLocker Initiated GC) [PSYoungGen: 113008K->73708K(175104K)] 516712K->477547K(699392K), 0.0112453 secs] [Times: user=0.11 sys=0.00, real=0.01 secs] 
2016-09-24T00:24:48.292-0400: 56.011: [Full GC (Ergonomics) [PSYoungGen: 161772K->0K(175104K)] [ParOldGen: 410447K->45810K(524288K)] 572219K->45810K(699392K), [Metaspace: 44148K->44148K(1087488K)], 0.0775408 secs] [Times: user=0.29 sys=0.04, real=0.08 secs] 
2016-09-24T00:24:48.481-0400: 56.200: [GC (GCLocker Initiated GC) [PSYoungGen: 88064K->85690K(175104K)] 133879K->155805K(699392K), 0.0263586 secs] [Times: user=0.30 sys=0.01, real=0.03 secs] 
2016-09-24T00:24:48.622-0400: 56.341: [GC (GCLocker Initiated GC) [PSYoungGen: 173754K->49408K(175104K)] 249986K->168285K(699392K), 0.0168520 secs] [Times: user=0.20 sys=0.00, real=0.01 secs] 
2016-09-24T00:24:48.784-0400: 56.503: [GC (Allocation Failure) [PSYoungGen: 137472K->61262K(175104K)] 262549K->241470K(699392K), 0.0096764 secs] [Times: user=0.14 sys=0.01, real=0.01 secs] 
2016-09-24T00:24:48.900-0400: 56.619: [GC (GCLocker Initiated GC) [PSYoungGen: 148266K->55251K(175104K)] 334549K->284219K(699392K), 0.0101875 secs] [Times: user=0.14 sys=0.01, real=0.01 secs] 
2016-09-24T00:24:49.044-0400: 56.762: [GC (GCLocker Initiated GC) [PSYoungGen: 143315K->74167K(175104K)] 372337K->303309K(699392K), 0.0074227 secs] [Times: user=0.07 sys=0.01, real=0.00 secs] 
2016-09-24T00:24:49.140-0400: 56.859: [GC (GCLocker Initiated GC) [PSYoungGen: 162231K->73480K(175104K)] 391618K->321686K(699392K), 0.0271486 secs] [Times: user=0.25 sys=0.00, real=0.03 secs] 
2016-09-24T00:24:49.281-0400: 56.999: [GC (GCLocker Initiated GC) [PSYoungGen: 161544K->55842K(175104K)] 415906K->365016K(699392K), 0.0109794 secs] [Times: user=0.14 sys=0.00, real=0.01 secs] 
2016-09-24T00:24:49.409-0400: 57.127: [GC (GCLocker Initiated GC) [PSYoungGen: 143906K->85854K(175104K)] 459297K->425860K(699392K), 0.0106904 secs] [Times: user=0.11 sys=0.00, real=0.01 secs] 
2016-09-24T00:24:49.517-0400: 57.236: [GC (GCLocker Initiated GC) [PSYoungGen: 173918K->67697K(175104K)] 520053K->486900K(699392K), 0.0180768 secs] [Times: user=0.23 sys=0.00, real=0.02 secs] 
2016-09-24T00:24:49.647-0400: 57.365: [Full GC (Ergonomics) [PSYoungGen: 155759K->0K(175104K)] [ParOldGen: 425633K->52467K(524288K)] 581392K->52467K(699392K), [Metaspace: 44153K->44153K(1087488K)], 0.0763177 secs] [Times: user=0.33 sys=0.01, real=0.08 secs] 
2016-09-24T00:24:49.824-0400: 57.542: [GC (GCLocker Initiated GC) [PSYoungGen: 88064K->85822K(175104K)] 140881K->162939K(699392K), 0.0124870 secs] [Times: user=0.14 sys=0.00, real=0.01 secs] 
2016-09-24T00:24:49.933-0400: 57.651: [GC (GCLocker Initiated GC) [PSYoungGen: 173886K->85922K(175104K)] 257260K->194051K(699392K), 0.0341461 secs] [Times: user=0.43 sys=0.00, real=0.04 secs] 
2016-09-24T00:24:50.096-0400: 57.815: [GC (GCLocker Initiated GC) [PSYoungGen: 173986K->43073K(175104K)] 282350K->218709K(699392K), 0.0320009 secs] [Times: user=0.35 sys=0.00, real=0.03 secs] 
2016-09-24T00:24:50.234-0400: 57.953: [GC (Allocation Failure) [PSYoungGen: 131137K->79651K(175104K)] 306949K->292001K(699392K), 0.0137644 secs] [Times: user=0.13 sys=0.00, real=0.01 secs] 
2016-09-24T00:24:50.381-0400: 58.099: [GC (GCLocker Initiated GC) [PSYoungGen: 167715K->55451K(175104K)] 380071K->304392K(699392K), 0.0138269 secs] [Times: user=0.13 sys=0.00, real=0.02 secs] 
2016-09-24T00:24:50.501-0400: 58.219: [GC (GCLocker Initiated GC) [PSYoungGen: 143515K->73608K(175104K)] 404822K->335206K(699392K), 0.0222399 secs] [Times: user=0.23 sys=0.00, real=0.03 secs] 
2016-09-24T00:24:50.654-0400: 58.372: [GC (GCLocker Initiated GC) [PSYoungGen: 161672K->55743K(175104K)] 429500K->341907K(699392K), 0.0128456 secs] [Times: user=0.15 sys=0.01, real=0.02 secs] 
2016-09-24T00:24:50.798-0400: 58.516: [GC (GCLocker Initiated GC) [PSYoungGen: 143807K->37130K(175104K)] 436329K->329904K(699392K), 0.0113365 secs] [Times: user=0.09 sys=0.01, real=0.01 secs] 
2016-09-24T00:24:50.943-0400: 58.661: [GC (GCLocker Initiated GC) [PSYoungGen: 125194K->55679K(175104K)] 430390K->361183K(699392K), 0.0092201 secs] [Times: user=0.09 sys=0.00, real=0.00 secs] 
2016-09-24T00:24:51.092-0400: 58.810: [GC (GCLocker Initiated GC) [PSYoungGen: 143743K->85694K(175104K)] 449620K->409924K(699392K), 0.0168661 secs] [Times: user=0.16 sys=0.00, real=0.02 secs] 
2016-09-24T00:24:51.226-0400: 58.944: [GC (GCLocker Initiated GC) [PSYoungGen: 173758K->67505K(175104K)] 498248K->410307K(699392K), 0.0097008 secs] [Times: user=0.07 sys=0.00, real=0.01 secs] 
2016-09-24T00:24:51.360-0400: 59.078: [GC (Allocation Failure) [PSYoungGen: 155569K->37162K(175104K)] 498536K->447253K(699392K), 0.0127640 secs] [Times: user=0.14 sys=0.00, real=0.01 secs] 
2016-09-24T00:24:51.482-0400: 59.200: [GC (GCLocker Initiated GC) [PSYoungGen: 125226K->73544K(175104K)] 535323K->496215K(699392K), 0.0227423 secs] [Times: user=0.24 sys=0.00, real=0.03 secs] 
2016-09-24T00:24:51.621-0400: 59.339: [GC (GCLocker Initiated GC) [PSYoungGen: 161608K->85630K(175104K)] 584640K->563472K(699392K), 0.0231829 secs] [Times: user=0.25 sys=0.00, real=0.03 secs] 
2016-09-24T00:24:51.644-0400: 59.363: [Full GC (Ergonomics) [PSYoungGen: 85630K->0K(175104K)] [ParOldGen: 477842K->52350K(524288K)] 563472K->52350K(699392K), [Metaspace: 44153K->44153K(1087488K)], 0.0583010 secs] [Times: user=0.31 sys=0.01, real=0.06 secs] 
2016-09-24T00:24:51.830-0400: 59.548: [GC (GCLocker Initiated GC) [PSYoungGen: 88064K->73708K(175104K)] 152892K->138536K(699392K), 0.0104120 secs] [Times: user=0.12 sys=0.00, real=0.01 secs] 
2016-09-24T00:24:51.964-0400: 59.682: [GC (Allocation Failure) [PSYoungGen: 161772K->37158K(175104K)] 226753K->193760K(699392K), 0.0147364 secs] [Times: user=0.18 sys=0.00, real=0.01 secs] 
2016-09-24T00:24:52.061-0400: 59.779: [GC (GCLocker Initiated GC) [PSYoungGen: 125222K->79815K(175104K)] 281835K->273325K(699392K), 0.0115873 secs] [Times: user=0.13 sys=0.00, real=0.01 secs] 
2016-09-24T00:24:52.192-0400: 59.911: [GC (GCLocker Initiated GC) [PSYoungGen: 167879K->55711K(175104K)] 373681K->298411K(699392K), 0.0103979 secs] [Times: user=0.13 sys=0.00, real=0.02 secs] 
2016-09-24T00:24:52.295-0400: 60.014: [GC (GCLocker Initiated GC) [PSYoungGen: 143775K->85954K(175104K)] 386730K->335292K(699392K), 0.0100179 secs] [Times: user=0.12 sys=0.00, real=0.01 secs] 
2016-09-24T00:24:52.408-0400: 60.126: [GC (GCLocker Initiated GC) [PSYoungGen: 174018K->73612K(175104K)] 423437K->335613K(699392K), 0.0187103 secs] [Times: user=0.19 sys=0.01, real=0.02 secs] 
2016-09-24T00:24:52.528-0400: 60.246: [GC (Allocation Failure) [PSYoungGen: 161676K->55287K(175104K)] 423987K->408991K(699392K), 0.0125345 secs] [Times: user=0.14 sys=0.00, real=0.01 secs] 
2016-09-24T00:24:52.643-0400: 60.361: [GC (GCLocker Initiated GC) [PSYoungGen: 143351K->67601K(175104K)] 497061K->439812K(699392K), 0.0309406 secs] [Times: user=0.34 sys=0.00, real=0.03 secs] 
2016-09-24T00:24:52.795-0400: 60.514: [GC (GCLocker Initiated GC) [PSYoungGen: 155665K->55287K(175104K)] 540068K->452099K(699392K), 0.0087043 secs] [Times: user=0.08 sys=0.00, real=0.01 secs] 
2016-09-24T00:24:52.906-0400: 60.624: [GC (GCLocker Initiated GC) [PSYoungGen: 143351K->55447K(175104K)] 546415K->507255K(699392K), 0.0132049 secs] [Times: user=0.14 sys=0.00, real=0.01 secs] 
2016-09-24T00:24:52.919-0400: 60.637: [Full GC (Ergonomics) [PSYoungGen: 55447K->0K(175104K)] [ParOldGen: 451808K->51328K(524288K)] 507255K->51328K(699392K), [Metaspace: 44162K->44162K(1087488K)], 0.1168633 secs] [Times: user=1.01 sys=0.01, real=0.12 secs] 
2016-09-24T00:24:53.145-0400: 60.863: [GC (GCLocker Initiated GC) [PSYoungGen: 88064K->86342K(175104K)] 139618K->143971K(699392K), 0.0108494 secs] [Times: user=0.13 sys=0.00, real=0.01 secs] 
2016-09-24T00:24:53.269-0400: 60.987: [GC (GCLocker Initiated GC) [PSYoungGen: 174406K->85726K(175104K)] 232133K->150240K(699392K), 0.0150987 secs] [Times: user=0.20 sys=0.00, real=0.02 secs] 
2016-09-24T00:24:53.390-0400: 61.108: [GC (Allocation Failure) [PSYoungGen: 173790K->86050K(175104K)] 244488K->205663K(699392K), 0.0110492 secs] [Times: user=0.16 sys=0.00, real=0.01 secs] 
2016-09-24T00:24:53.514-0400: 61.232: [GC (GCLocker Initiated GC) [PSYoungGen: 172208K->30955K(175104K)] 297897K->223744K(699392K), 0.0189391 secs] [Times: user=0.20 sys=0.01, real=0.01 secs] 
2016-09-24T00:24:53.661-0400: 61.379: [GC (GCLocker Initiated GC) [PSYoungGen: 119019K->73740K(175104K)] 324202K->279215K(699392K), 0.0085599 secs] [Times: user=0.08 sys=0.00, real=0.01 secs] 
2016-09-24T00:24:53.804-0400: 61.522: [GC (Allocation Failure) [PSYoungGen: 161804K->61262K(175104K)] 379484K->334088K(699392K), 0.0107078 secs] [Times: user=0.12 sys=0.00, real=0.01 secs] 
2016-09-24T00:24:53.930-0400: 61.649: [GC (GCLocker Initiated GC) [PSYoungGen: 149326K->85858K(175104K)] 422158K->383125K(699392K), 0.0144246 secs] [Times: user=0.15 sys=0.00, real=0.02 secs] 
2016-09-24T00:24:54.079-0400: 61.798: [GC (GCLocker Initiated GC) [PSYoungGen: 173922K->49080K(175104K)] 471360K->383416K(699392K), 0.0106896 secs] [Times: user=0.10 sys=0.00, real=0.01 secs] 
2016-09-24T00:24:54.220-0400: 61.938: [GC (Allocation Failure) [PSYoungGen: 137144K->85954K(175104K)] 471667K->426640K(699392K), 0.0117925 secs] [Times: user=0.11 sys=0.00, real=0.01 secs] 
2016-09-24T00:24:54.374-0400: 62.092: [GC (GCLocker Initiated GC) [PSYoungGen: 174018K->73640K(175104K)] 514709K->451089K(699392K), 0.0139725 secs] [Times: user=0.15 sys=0.01, real=0.02 secs] 
2016-09-24T00:24:54.520-0400: 62.238: [GC (GCLocker Initiated GC) [PSYoungGen: 161704K->49408K(175104K)] 545583K->469841K(699392K), 0.0146975 secs] [Times: user=0.16 sys=0.00, real=0.02 secs] 
2016-09-24T00:24:54.664-0400: 62.382: [GC (Allocation Failure) [PSYoungGen: 137472K->73576K(175104K)] 564218K->518847K(699392K), 0.0162073 secs] [Times: user=0.18 sys=0.00, real=0.01 secs] 
2016-09-24T00:24:54.680-0400: 62.398: [Full GC (Ergonomics) [PSYoungGen: 73576K->0K(175104K)] [ParOldGen: 445270K->51811K(524288K)] 518847K->51811K(699392K), [Metaspace: 44164K->44164K(1087488K)], 0.0539421 secs] [Times: user=0.32 sys=0.02, real=0.06 secs] 
2016-09-24T00:24:54.851-0400: 62.569: [GC (GCLocker Initiated GC) [PSYoungGen: 82829K->86178K(175104K)] 140716K->150140K(699392K), 0.0086790 secs] [Times: user=0.10 sys=0.00, real=0.01 secs] 
2016-09-24T00:24:54.988-0400: 62.706: [GC (GCLocker Initiated GC) [PSYoungGen: 174242K->61166K(175104K)] 244416K->180697K(699392K), 0.0147807 secs] [Times: user=0.19 sys=0.00, real=0.02 secs] 
2016-09-24T00:24:55.111-0400: 62.829: [GC (GCLocker Initiated GC) [PSYoungGen: 149230K->37453K(175104K)] 281025K->199752K(699392K), 0.0283953 secs] [Times: user=0.29 sys=0.00, real=0.03 secs] 
2016-09-24T00:24:55.257-0400: 62.975: [GC (Allocation Failure) [PSYoungGen: 125517K->85858K(175104K)] 287880K->260973K(699392K), 0.0271734 secs] [Times: user=0.32 sys=0.00, real=0.03 secs] 
2016-09-24T00:24:55.414-0400: 63.132: [GC (GCLocker Initiated GC) [PSYoungGen: 173452K->73508K(175104K)] 354643K->279266K(699392K), 0.0098884 secs] [Times: user=0.11 sys=0.00, real=0.02 secs] 
2016-09-24T00:24:55.534-0400: 63.252: [GC (GCLocker Initiated GC) [PSYoungGen: 161572K->79587K(175104K)] 367517K->285636K(699392K), 0.0457609 secs] [Times: user=0.47 sys=0.00, real=0.05 secs] 
2016-09-24T00:24:55.701-0400: 63.420: [GC (GCLocker Initiated GC) [PSYoungGen: 167651K->43005K(175104K)] 379922K->328468K(699392K), 0.0188977 secs] [Times: user=0.21 sys=0.00, real=0.02 secs] 
2016-09-24T00:24:55.843-0400: 63.561: [GC (GCLocker Initiated GC) [PSYoungGen: 131069K->85790K(175104K)] 416826K->389884K(699392K), 0.0228461 secs] [Times: user=0.26 sys=0.01, real=0.02 secs] 
2016-09-24T00:24:56.012-0400: 63.730: [GC (GCLocker Initiated GC) [PSYoungGen: 173854K->67469K(175104K)] 484228K->408501K(699392K), 0.0277023 secs] [Times: user=0.29 sys=0.00, real=0.03 secs] 
2016-09-24T00:24:56.156-0400: 63.875: [GC (GCLocker Initiated GC) [PSYoungGen: 155533K->67601K(175104K)] 496830K->445459K(699392K), 0.0146336 secs] [Times: user=0.11 sys=0.01, real=0.01 secs] 
2016-09-24T00:24:56.286-0400: 64.005: [GC (GCLocker Initiated GC) [PSYoungGen: 155665K->49248K(175104K)] 533683K->482029K(699392K), 0.0122783 secs] [Times: user=0.10 sys=0.00, real=0.01 secs] 
2016-09-24T00:24:56.412-0400: 64.130: [Full GC (Ergonomics) [PSYoungGen: 137312K->0K(175104K)] [ParOldGen: 445208K->51854K(524288K)] 582520K->51854K(699392K), [Metaspace: 44164K->44164K(1087488K)], 0.0619114 secs] [Times: user=0.40 sys=0.00, real=0.06 secs] 
2016-09-24T00:24:56.593-0400: 64.311: [GC (GCLocker Initiated GC) [PSYoungGen: 88064K->85886K(175104K)] 140089K->186512K(699392K), 0.0102165 secs] [Times: user=0.14 sys=0.01, real=0.02 secs] 
2016-09-24T00:24:56.719-0400: 64.437: [GC (GCLocker Initiated GC) [PSYoungGen: 173950K->31278K(175104K)] 293055K->235758K(699392K), 0.0232876 secs] [Times: user=0.25 sys=0.00, real=0.03 secs] 
2016-09-24T00:24:56.875-0400: 64.593: [GC (GCLocker Initiated GC) [PSYoungGen: 119342K->61362K(175104K)] 330185K->272471K(699392K), 0.0213945 secs] [Times: user=0.20 sys=0.01, real=0.02 secs] 
2016-09-24T00:24:57.012-0400: 64.730: [GC (GCLocker Initiated GC) [PSYoungGen: 149426K->79847K(175104K)] 360784K->315829K(699392K), 0.0113742 secs] [Times: user=0.11 sys=0.00, real=0.02 secs] 
2016-09-24T00:24:57.153-0400: 64.871: [GC (GCLocker Initiated GC) [PSYoungGen: 167911K->73608K(175104K)] 403997K->346599K(699392K), 0.0111333 secs] [Times: user=0.12 sys=0.01, real=0.02 secs] 
2016-09-24T00:24:57.311-0400: 65.029: [GC (GCLocker Initiated GC) [PSYoungGen: 161672K->37418K(175104K)] 453238K->395953K(699392K), 0.0182685 secs] [Times: user=0.19 sys=0.00, real=0.02 secs] 
2016-09-24T00:24:57.465-0400: 65.183: [GC (GCLocker Initiated GC) [PSYoungGen: 125482K->49116K(175104K)] 490318K->432437K(699392K), 0.0203503 secs] [Times: user=0.16 sys=0.00, real=0.02 secs] 
2016-09-24T00:24:57.617-0400: 65.335: [GC (GCLocker Initiated GC) [PSYoungGen: 137180K->55419K(175104K)] 520703K->451204K(699392K), 0.0209969 secs] [Times: user=0.23 sys=0.01, real=0.02 secs] 
2016-09-24T00:24:57.747-0400: 65.465: [GC (GCLocker Initiated GC) [PSYoungGen: 143483K->85662K(175104K)] 545418K->487873K(699392K), 0.0230030 secs] [Times: user=0.22 sys=0.00, real=0.02 secs] 
2016-09-24T00:24:57.880-0400: 65.598: [GC (GCLocker Initiated GC) [PSYoungGen: 173726K->73512K(175104K)] 576074K->506355K(699392K), 0.0333496 secs] [Times: user=0.35 sys=0.00, real=0.03 secs] 
2016-09-24T00:24:58.029-0400: 65.747: [GC (GCLocker Initiated GC) [PSYoungGen: 161576K->42977K(175104K)] 594495K->536897K(699392K), 0.0297198 secs] [Times: user=0.27 sys=0.01, real=0.03 secs] 
2016-09-24T00:24:58.059-0400: 65.777: [Full GC (Ergonomics) [PSYoungGen: 42977K->0K(175104K)] [ParOldGen: 493920K->45752K(524288K)] 536897K->45752K(699392K), [Metaspace: 44201K->44201K(1087488K)], 0.0687086 secs] [Times: user=0.32 sys=0.01, real=0.07 secs] 
2016-09-24T00:24:58.236-0400: 65.954: [GC (GCLocker Initiated GC) [PSYoungGen: 88064K->86046K(175104K)] 133970K->168402K(699392K), 0.0142785 secs] [Times: user=0.15 sys=0.00, real=0.01 secs] 
2016-09-24T00:24:58.358-0400: 66.076: [GC (GCLocker Initiated GC) [PSYoungGen: 174110K->79683K(175104K)] 256642K->229620K(699392K), 0.0129846 secs] [Times: user=0.12 sys=0.01, real=0.01 secs] 
2016-09-24T00:24:58.493-0400: 66.211: [GC (Allocation Failure) [PSYoungGen: 167747K->79455K(175104K)] 323823K->296549K(699392K), 0.0203000 secs] [Times: user=0.19 sys=0.00, real=0.02 secs] 
2016-09-24T00:24:58.630-0400: 66.348: [GC (GCLocker Initiated GC) [PSYoungGen: 167519K->79847K(175104K)] 384618K->321374K(699392K), 0.0293978 secs] [Times: user=0.29 sys=0.01, real=0.03 secs] 
2016-09-24T00:24:58.811-0400: 66.529: [GC (GCLocker Initiated GC) [PSYoungGen: 167911K->43105K(175104K)] 415628K->327703K(699392K), 0.0184406 secs] [Times: user=0.17 sys=0.01, real=0.02 secs] 
2016-09-24T00:24:58.932-0400: 66.650: [GC (GCLocker Initiated GC) [PSYoungGen: 131169K->73608K(175104K)] 415898K->425282K(699392K), 0.0233822 secs] [Times: user=0.22 sys=0.00, real=0.03 secs] 
2016-09-24T00:24:59.078-0400: 66.797: [GC (GCLocker Initiated GC) [PSYoungGen: 161672K->55451K(175104K)] 513702K->462283K(699392K), 0.0155567 secs] [Times: user=0.18 sys=0.00, real=0.01 secs] 
2016-09-24T00:24:59.207-0400: 66.925: [GC (GCLocker Initiated GC) [PSYoungGen: 143515K->73740K(175104K)] 556676K->487169K(699392K), 0.0262810 secs] [Times: user=0.28 sys=0.00, real=0.02 secs] 
2016-09-24T00:24:59.361-0400: 67.079: [GC (GCLocker Initiated GC) [PSYoungGen: 161804K->49116K(175104K)] 581321K->487118K(699392K), 0.0096347 secs] [Times: user=0.08 sys=0.01, real=0.01 secs] 
2016-09-24T00:24:59.371-0400: 67.089: [Full GC (Ergonomics) [PSYoungGen: 49116K->0K(175104K)] [ParOldGen: 438001K->46178K(524288K)] 487118K->46178K(699392K), [Metaspace: 44211K->44211K(1087488K)], 0.0629649 secs] [Times: user=0.35 sys=0.00, real=0.06 secs] 
2016-09-24T00:24:59.549-0400: 67.267: [GC (Allocation Failure) [PSYoungGen: 88064K->86018K(175104K)] 140370K->138324K(699392K), 0.0230793 secs] [Times: user=0.22 sys=0.00, real=0.02 secs] 
2016-09-24T00:24:59.693-0400: 67.411: [GC (GCLocker Initiated GC) [PSYoungGen: 173129K->49308K(175104K)] 231511K->144695K(699392K), 0.0144121 secs] [Times: user=0.15 sys=0.00, real=0.02 secs] 
2016-09-24T00:24:59.829-0400: 67.547: [GC (GCLocker Initiated GC) [PSYoungGen: 137372K->85854K(175104K)] 232845K->205934K(699392K), 0.0262527 secs] [Times: user=0.29 sys=0.00, real=0.03 secs] 
2016-09-24T00:24:59.975-0400: 67.693: [GC (GCLocker Initiated GC) [PSYoungGen: 173918K->61686K(175104K)] 294185K->212464K(699392K), 0.0229212 secs] [Times: user=0.27 sys=0.00, real=0.02 secs] 
2016-09-24T00:25:00.109-0400: 67.827: [GC (GCLocker Initiated GC) [PSYoungGen: 149750K->55223K(175104K)] 306666K->248841K(699392K), 0.0196730 secs] [Times: user=0.17 sys=0.00, real=0.02 secs] 
2016-09-24T00:25:00.262-0400: 67.980: [GC (GCLocker Initiated GC) [PSYoungGen: 143287K->55251K(175104K)] 349533K->280006K(699392K), 0.0078410 secs] [Times: user=0.10 sys=0.00, real=0.01 secs] 
2016-09-24T00:25:00.416-0400: 68.135: [GC (GCLocker Initiated GC) [PSYoungGen: 143315K->42973K(175104K)] 380425K->280210K(699392K), 0.0100118 secs] [Times: user=0.12 sys=0.00, real=0.01 secs] 
2016-09-24T00:25:00.544-0400: 68.262: [GC (Allocation Failure) [PSYoungGen: 131037K->79847K(175104K)] 368629K->341867K(699392K), 0.0222387 secs] [Times: user=0.24 sys=0.00, real=0.02 secs] 
2016-09-24T00:25:00.686-0400: 68.404: [GC (GCLocker Initiated GC) [PSYoungGen: 163244K->30955K(175104K)] 431339K->341842K(699392K), 0.0300331 secs] [Times: user=0.34 sys=0.00, real=0.03 secs] 
2016-09-24T00:25:00.828-0400: 68.546: [GC (GCLocker Initiated GC) [PSYoungGen: 119019K->73804K(175104K)] 436337K->391217K(699392K), 0.0143577 secs] [Times: user=0.19 sys=0.00, real=0.02 secs] 
2016-09-24T00:25:00.966-0400: 68.685: [GC (GCLocker Initiated GC) [PSYoungGen: 161868K->37094K(175104K)] 485543K->379442K(699392K), 0.0241830 secs] [Times: user=0.31 sys=0.01, real=0.02 secs] 
2016-09-24T00:25:01.093-0400: 68.811: [GC (GCLocker Initiated GC) [PSYoungGen: 125158K->85954K(175104K)] 467745K->434719K(699392K), 0.0093114 secs] [Times: user=0.11 sys=0.00, real=0.02 secs] 
2016-09-24T00:25:01.258-0400: 68.976: [GC (Allocation Failure) [PSYoungGen: 174018K->43137K(175104K)] 529107K->434935K(699392K), 0.0255326 secs] [Times: user=0.22 sys=0.01, real=0.03 secs] 
2016-09-24T00:25:01.410-0400: 69.128: [GC (GCLocker Initiated GC) [PSYoungGen: 131201K->85726K(175104K)] 523000K->495869K(699392K), 0.0125986 secs] [Times: user=0.10 sys=0.00, real=0.02 secs] 
2016-09-24T00:25:01.555-0400: 69.273: [GC (GCLocker Initiated GC) [PSYoungGen: 173790K->80107K(175104K)] 590073K->526900K(699392K), 0.0100082 secs] [Times: user=0.14 sys=0.00, real=0.01 secs] 
2016-09-24T00:25:01.659-0400: 69.378: [GC (GCLocker Initiated GC) --[PSYoungGen: 168171K->168171K(175104K)] 615012K->688243K(699392K), 0.0217731 secs] [Times: user=0.23 sys=0.01, real=0.02 secs] 
2016-09-24T00:25:01.681-0400: 69.399: [Full GC (Ergonomics) [PSYoungGen: 168171K->0K(175104K)] [ParOldGen: 520072K->58494K(524288K)] 688243K->58494K(699392K), [Metaspace: 44216K->44216K(1087488K)], 0.0602363 secs] [Times: user=0.30 sys=0.00, real=0.06 secs] 
2016-09-24T00:25:01.846-0400: 69.564: [GC (GCLocker Initiated GC) [PSYoungGen: 88064K->86530K(175104K)] 146785K->163476K(699392K), 0.0074453 secs] [Times: user=0.10 sys=0.00, real=0.00 secs] 
2016-09-24T00:25:01.992-0400: 69.711: [GC (GCLocker Initiated GC) [PSYoungGen: 174594K->67565K(175104K)] 251768K->182329K(699392K), 0.0158887 secs] [Times: user=0.18 sys=0.00, real=0.02 secs] 
2016-09-24T00:25:02.120-0400: 69.839: [GC (GCLocker Initiated GC) [PSYoungGen: 155629K->85626K(175104K)] 276571K->237242K(699392K), 0.0126049 secs] [Times: user=0.12 sys=0.00, real=0.01 secs] 
2016-09-24T00:25:02.261-0400: 69.979: [GC (GCLocker Initiated GC) [PSYoungGen: 173690K->61266K(175104K)] 325482K->249588K(699392K), 0.0187206 secs] [Times: user=0.17 sys=0.00, real=0.02 secs] 
2016-09-24T00:25:02.383-0400: 70.102: [GC (GCLocker Initiated GC) [PSYoungGen: 149330K->55319K(175104K)] 338074K->274746K(699392K), 0.0095964 secs] [Times: user=0.12 sys=0.00, real=0.00 secs] 
2016-09-24T00:25:02.510-0400: 70.228: [GC (Allocation Failure) [PSYoungGen: 143383K->36866K(175104K)] 369145K->281145K(699392K), 0.0095394 secs] [Times: user=0.15 sys=0.00, real=0.01 secs] 
2016-09-24T00:25:02.638-0400: 70.356: [GC (GCLocker Initiated GC) [PSYoungGen: 120767K->61622K(175104K)] 371121K->312071K(699392K), 0.0097575 secs] [Times: user=0.09 sys=0.00, real=0.01 secs] 
2016-09-24T00:25:02.787-0400: 70.505: [GC (GCLocker Initiated GC) [PSYoungGen: 149686K->37062K(175104K)] 406347K->312411K(699392K), 0.0082642 secs] [Times: user=0.10 sys=0.00, real=0.01 secs] 
2016-09-24T00:25:02.911-0400: 70.629: [GC (GCLocker Initiated GC) [PSYoungGen: 125126K->55387K(175104K)] 412647K->343151K(699392K), 0.0213109 secs] [Times: user=0.18 sys=0.01, real=0.02 secs] 
2016-09-24T00:25:03.088-0400: 70.806: [GC (GCLocker Initiated GC) [PSYoungGen: 143451K->67305K(175104K)] 437399K->373867K(699392K), 0.0090484 secs] [Times: user=0.08 sys=0.00, real=0.01 secs] 
2016-09-24T00:25:03.220-0400: 70.938: [GC (GCLocker Initiated GC) [PSYoungGen: 155369K->73644K(175104K)] 462292K->404938K(699392K), 0.0387736 secs] [Times: user=0.28 sys=0.00, real=0.04 secs] 
2016-09-24T00:25:03.398-0400: 71.116: [GC (GCLocker Initiated GC) [PSYoungGen: 161708K->37030K(175104K)] 505452K->417671K(699392K), 0.0149075 secs] [Times: user=0.12 sys=0.00, real=0.01 secs] 
2016-09-24T00:25:03.524-0400: 71.242: [GC (GCLocker Initiated GC) [PSYoungGen: 125094K->73936K(175104K)] 512160K->485445K(699392K), 0.0197558 secs] [Times: user=0.28 sys=0.00, real=0.02 secs] 
2016-09-24T00:25:03.682-0400: 71.400: [GC (GCLocker Initiated GC) [PSYoungGen: 162000K->37162K(175104K)] 586004K->479627K(699392K), 0.0231171 secs] [Times: user=0.24 sys=0.00, real=0.03 secs] 
2016-09-24T00:25:03.821-0400: 71.539: [GC (GCLocker Initiated GC) [PSYoungGen: 125226K->85790K(175104K)] 567985K->540982K(699392K), 0.0098232 secs] [Times: user=0.12 sys=0.00, real=0.01 secs] 
2016-09-24T00:25:03.943-0400: 71.661: [GC (GCLocker Initiated GC) [PSYoungGen: 173854K->61426K(175104K)] 629212K->559420K(699392K), 0.0129538 secs] [Times: user=0.13 sys=0.00, real=0.01 secs] 
2016-09-24T00:25:03.956-0400: 71.674: [Full GC (Ergonomics) [PSYoungGen: 61426K->0K(175104K)] [ParOldGen: 497994K->46622K(524288K)] 559420K->46622K(699392K), [Metaspace: 44282K->44282K(1087488K)], 0.0590700 secs] [Times: user=0.37 sys=0.02, real=0.06 secs] 
2016-09-24T00:25:04.148-0400: 71.866: [GC (GCLocker Initiated GC) [PSYoungGen: 88064K->74647K(175104K)] 147152K->133736K(699392K), 0.0076064 secs] [Times: user=0.09 sys=0.00, real=0.01 secs] 
2016-09-24T00:25:04.285-0400: 72.003: [GC (GCLocker Initiated GC) [PSYoungGen: 162711K->43041K(175104K)] 221847K->139313K(699392K), 0.0171766 secs] [Times: user=0.20 sys=0.01, real=0.02 secs] 
2016-09-24T00:25:04.414-0400: 72.132: [GC (GCLocker Initiated GC) [PSYoungGen: 131105K->85758K(175104K)] 227565K->224879K(699392K), 0.0237971 secs] [Times: user=0.23 sys=0.01, real=0.03 secs] 
2016-09-24T00:25:04.554-0400: 72.272: [GC (GCLocker Initiated GC) [PSYoungGen: 173822K->79651K(175104K)] 313040K->279935K(699392K), 0.0141315 secs] [Times: user=0.15 sys=0.00, real=0.02 secs] 
2016-09-24T00:25:04.698-0400: 72.416: [GC (GCLocker Initiated GC) [PSYoungGen: 167715K->55315K(175104K)] 374211K->328952K(699392K), 0.0133917 secs] [Times: user=0.17 sys=0.00, real=0.01 secs] 
2016-09-24T00:25:04.833-0400: 72.551: [GC (GCLocker Initiated GC) [PSYoungGen: 143379K->85758K(175104K)] 417075K->371740K(699392K), 0.0106519 secs] [Times: user=0.08 sys=0.02, real=0.02 secs] 
2016-09-24T00:25:04.972-0400: 72.691: [GC (GCLocker Initiated GC) [PSYoungGen: 173822K->55155K(175104K)] 459940K->396216K(699392K), 0.0110965 secs] [Times: user=0.12 sys=0.00, real=0.02 secs] 
2016-09-24T00:25:05.099-0400: 72.818: [GC (Allocation Failure) [PSYoungGen: 143219K->79491K(175104K)] 484635K->420979K(699392K), 0.0323212 secs] [Times: user=0.33 sys=0.00, real=0.03 secs] 
2016-09-24T00:25:05.275-0400: 72.994: [GC (GCLocker Initiated GC) [PSYoungGen: 167555K->73544K(175104K)] 509048K->451779K(699392K), 0.0279099 secs] [Times: user=0.30 sys=0.00, real=0.03 secs] 
2016-09-24T00:25:05.446-0400: 73.164: [GC (GCLocker Initiated GC) [PSYoungGen: 161608K->61266K(175104K)] 540069K->458039K(699392K), 0.0244239 secs] [Times: user=0.24 sys=0.01, real=0.02 secs] 
2016-09-24T00:25:05.600-0400: 73.319: [GC (GCLocker Initiated GC) [PSYoungGen: 149330K->55351K(175104K)] 546108K->476541K(699392K), 0.0165147 secs] [Times: user=0.16 sys=0.01, real=0.02 secs] 
2016-09-24T00:25:05.729-0400: 73.448: [GC (GCLocker Initiated GC) [PSYoungGen: 143415K->86050K(175104K)] 576898K->568292K(699392K), 0.0214462 secs] [Times: user=0.28 sys=0.00, real=0.02 secs] 
2016-09-24T00:25:05.751-0400: 73.469: [Full GC (Ergonomics) [PSYoungGen: 86050K->0K(175104K)] [ParOldGen: 482242K->58337K(524288K)] 568292K->58337K(699392K), [Metaspace: 44287K->44287K(1087488K)], 0.0585163 secs] [Times: user=0.33 sys=0.00, real=0.06 secs] 
2016-09-24T00:25:05.924-0400: 73.642: [GC (GCLocker Initiated GC) [PSYoungGen: 88064K->74256K(175104K)] 146476K->132668K(699392K), 0.0150321 secs] [Times: user=0.19 sys=0.00, real=0.01 secs] 
2016-09-24T00:25:06.033-0400: 73.751: [GC (GCLocker Initiated GC) [PSYoungGen: 162320K->86018K(175104K)] 221076K->206292K(699392K), 0.0167510 secs] [Times: user=0.21 sys=0.00, real=0.02 secs] 
2016-09-24T00:25:06.147-0400: 73.865: [GC (GCLocker Initiated GC) [PSYoungGen: 174082K->67729K(175104K)] 294616K->225341K(699392K), 0.0333019 secs] [Times: user=0.39 sys=0.00, real=0.03 secs] 
2016-09-24T00:25:06.305-0400: 74.024: [GC (GCLocker Initiated GC) [PSYoungGen: 155793K->79847K(175104K)] 313766K->268478K(699392K), 0.0121864 secs] [Times: user=0.12 sys=0.00, real=0.01 secs] 
2016-09-24T00:25:06.457-0400: 74.175: [GC (GCLocker Initiated GC) [PSYoungGen: 167911K->55223K(175104K)] 362878K->280644K(699392K), 0.0158077 secs] [Times: user=0.14 sys=0.00, real=0.01 secs] 
2016-09-24T00:25:06.603-0400: 74.322: [GC (GCLocker Initiated GC) [PSYoungGen: 143287K->49312K(175104K)] 374948K->299293K(699392K), 0.0119549 secs] [Times: user=0.10 sys=0.00, real=0.01 secs] 
2016-09-24T00:25:06.734-0400: 74.452: [GC (GCLocker Initiated GC) [PSYoungGen: 137376K->61330K(175104K)] 387388K->348239K(699392K), 0.0223643 secs] [Times: user=0.21 sys=0.00, real=0.03 secs] 
2016-09-24T00:25:06.871-0400: 74.590: [GC (GCLocker Initiated GC) [PSYoungGen: 149394K->61494K(175104K)] 436664K->385294K(699392K), 0.0282199 secs] [Times: user=0.26 sys=0.00, real=0.03 secs] 
2016-09-24T00:25:07.029-0400: 74.747: [GC (GCLocker Initiated GC) [PSYoungGen: 149558K->61362K(175104K)] 473517K->422046K(699392K), 0.0403637 secs] [Times: user=0.40 sys=0.00, real=0.04 secs] 
2016-09-24T00:25:07.184-0400: 74.903: [GC (Allocation Failure) [PSYoungGen: 149426K->61330K(175104K)] 510180K->452586K(699392K), 0.0165597 secs] [Times: user=0.17 sys=0.00, real=0.01 secs] 
2016-09-24T00:25:07.315-0400: 75.033: [GC (GCLocker Initiated GC) [PSYoungGen: 149394K->67601K(175104K)] 540656K->495620K(699392K), 0.0333300 secs] [Times: user=0.34 sys=0.00, real=0.03 secs] 
2016-09-24T00:25:07.462-0400: 75.180: [GC (GCLocker Initiated GC) [PSYoungGen: 155665K->49212K(175104K)] 589807K->520236K(699392K), 0.0136338 secs] [Times: user=0.12 sys=0.00, real=0.01 secs] 
2016-09-24T00:25:07.476-0400: 75.194: [Full GC (Ergonomics) [PSYoungGen: 49212K->0K(175104K)] [ParOldGen: 471024K->52312K(524288K)] 520236K->52312K(699392K), [Metaspace: 44296K->44296K(1087488K)], 0.0650411 secs] [Times: user=0.30 sys=0.02, real=0.06 secs] 
2016-09-24T00:25:07.654-0400: 75.372: [GC (Allocation Failure) [PSYoungGen: 88064K->86274K(175104K)] 146566K->169076K(699392K), 0.0129087 secs] [Times: user=0.16 sys=0.00, real=0.02 secs] 
2016-09-24T00:25:07.779-0400: 75.497: [GC (GCLocker Initiated GC) [PSYoungGen: 174338K->73608K(175104K)] 257141K->187677K(699392K), 0.0103877 secs] [Times: user=0.14 sys=0.00, real=0.01 secs] 
2016-09-24T00:25:07.905-0400: 75.623: [GC (GCLocker Initiated GC) [PSYoungGen: 161672K->49276K(175104K)] 281820K->193860K(699392K), 0.0129029 secs] [Times: user=0.10 sys=0.00, real=0.01 secs] 
2016-09-24T00:25:08.051-0400: 75.769: [GC (Allocation Failure) [PSYoungGen: 137340K->61590K(175104K)] 288298K->231040K(699392K), 0.0285573 secs] [Times: user=0.33 sys=0.00, real=0.03 secs] 
2016-09-24T00:25:08.202-0400: 75.920: [GC (GCLocker Initiated GC) [PSYoungGen: 144460K->55351K(175104K)] 319986K->267806K(699392K), 0.0131876 secs] [Times: user=0.12 sys=0.00, real=0.02 secs] 
2016-09-24T00:25:08.323-0400: 76.042: [GC (GCLocker Initiated GC) [PSYoungGen: 143415K->85890K(175104K)] 355980K->328989K(699392K), 0.0172474 secs] [Times: user=0.20 sys=0.00, real=0.01 secs] 
2016-09-24T00:25:08.491-0400: 76.209: [GC (GCLocker Initiated GC) [PSYoungGen: 173954K->67273K(175104K)] 417207K->353491K(699392K), 0.0117802 secs] [Times: user=0.11 sys=0.00, real=0.02 secs] 
2016-09-24T00:25:08.669-0400: 76.387: [GC (GCLocker Initiated GC) [PSYoungGen: 155337K->61166K(175104K)] 447671K->390062K(699392K), 0.0385645 secs] [Times: user=0.39 sys=0.01, real=0.04 secs] 
2016-09-24T00:25:08.866-0400: 76.584: [GC (GCLocker Initiated GC) [PSYoungGen: 149230K->37126K(175104K)] 496689K->415096K(699392K), 0.0216229 secs] [Times: user=0.24 sys=0.01, real=0.02 secs] 
2016-09-24T00:25:09.025-0400: 76.743: [GC (GCLocker Initiated GC) [PSYoungGen: 125190K->55191K(175104K)] 509383K->439471K(699392K), 0.0105269 secs] [Times: user=0.09 sys=0.00, real=0.01 secs] 
2016-09-24T00:25:09.161-0400: 76.879: [GC (GCLocker Initiated GC) [PSYoungGen: 143255K->49440K(175104K)] 539761K->476440K(699392K), 0.0164400 secs] [Times: user=0.17 sys=0.01, real=0.02 secs] 
2016-09-24T00:25:09.309-0400: 77.027: [GC (GCLocker Initiated GC) [PSYoungGen: 137504K->25271K(175104K)] 582995K->519663K(699392K), 0.0106944 secs] [Times: user=0.11 sys=0.00, real=0.01 secs] 
2016-09-24T00:25:09.319-0400: 77.038: [Full GC (Ergonomics) [PSYoungGen: 25271K->0K(175104K)] [ParOldGen: 494391K->58809K(524288K)] 519663K->58809K(699392K), [Metaspace: 44305K->44305K(1087488K)], 0.0666660 secs] [Times: user=0.39 sys=0.01, real=0.07 secs] 
2016-09-24T00:25:09.494-0400: 77.212: [GC (GCLocker Initiated GC) [PSYoungGen: 88064K->73960K(175104K)] 153040K->138937K(699392K), 0.0078211 secs] [Times: user=0.09 sys=0.00, real=0.01 secs] 
2016-09-24T00:25:09.610-0400: 77.328: [GC (GCLocker Initiated GC) [PSYoungGen: 162024K->61718K(175104K)] 233364K->188624K(699392K), 0.0102054 secs] [Times: user=0.12 sys=0.00, real=0.01 secs] 
2016-09-24T00:25:09.739-0400: 77.457: [GC (GCLocker Initiated GC) [PSYoungGen: 149782K->55679K(175104K)] 282863K->232101K(699392K), 0.0099480 secs] [Times: user=0.13 sys=0.00, real=0.01 secs] 
2016-09-24T00:25:09.867-0400: 77.585: [GC (GCLocker Initiated GC) [PSYoungGen: 143743K->73284K(175104K)] 326264K->255893K(699392K), 0.0231083 secs] [Times: user=0.24 sys=0.00, real=0.02 secs] 
2016-09-24T00:25:10.047-0400: 77.765: [GC (GCLocker Initiated GC) [PSYoungGen: 161348K->67569K(175104K)] 344313K->262795K(699392K), 0.0158494 secs] [Times: user=0.13 sys=0.00, real=0.02 secs] 
2016-09-24T00:25:10.155-0400: 77.874: [GC (GCLocker Initiated GC) [PSYoungGen: 155633K->85658K(175104K)] 350878K->305658K(699392K), 0.0130907 secs] [Times: user=0.12 sys=0.00, real=0.01 secs] 
2016-09-24T00:25:10.287-0400: 78.005: [GC (GCLocker Initiated GC) [PSYoungGen: 173722K->67960K(175104K)] 394083K->324908K(699392K), 0.0216399 secs] [Times: user=0.20 sys=0.00, real=0.02 secs] 
2016-09-24T00:25:10.417-0400: 78.135: [GC (GCLocker Initiated GC) [PSYoungGen: 156024K->85726K(175104K)] 419094K->379790K(699392K), 0.0253070 secs] [Times: user=0.29 sys=0.01, real=0.02 secs] 
2016-09-24T00:25:10.578-0400: 78.296: [GC (Allocation Failure) [PSYoungGen: 173790K->37421K(175104K)] 480264K->404782K(699392K), 0.0107572 secs] [Times: user=0.15 sys=0.01, real=0.01 secs] 
2016-09-24T00:25:10.705-0400: 78.423: [GC (GCLocker Initiated GC) [PSYoungGen: 125485K->42877K(175104K)] 492851K->428719K(699392K), 0.0161444 secs] [Times: user=0.16 sys=0.00, real=0.01 secs] 
2016-09-24T00:25:10.848-0400: 78.566: [GC (GCLocker Initiated GC) [PSYoungGen: 130941K->73904K(175104K)] 523213K->466304K(699392K), 0.0128597 secs] [Times: user=0.16 sys=0.00, real=0.01 secs] 
2016-09-24T00:25:10.998-0400: 78.716: [GC (Allocation Failure) [PSYoungGen: 161968K->73480K(175104K)] 560501K->490858K(699392K), 0.0211515 secs] [Times: user=0.25 sys=0.00, real=0.02 secs] 
2016-09-24T00:25:11.122-0400: 78.840: [GC (GCLocker Initiated GC) [PSYoungGen: 156778K->55287K(175104K)] 580231K->533550K(699392K), 0.0109216 secs] [Times: user=0.12 sys=0.00, real=0.01 secs] 
2016-09-24T00:25:11.133-0400: 78.851: [Full GC (Ergonomics) [PSYoungGen: 55287K->0K(175104K)] [ParOldGen: 478263K->52272K(524288K)] 533550K->52272K(699392K), [Metaspace: 44329K->44329K(1087488K)], 0.0601460 secs] [Times: user=0.37 sys=0.01, real=0.06 secs] 
2016-09-24T00:25:11.334-0400: 79.052: [GC (GCLocker Initiated GC) [PSYoungGen: 88064K->86374K(175104K)] 146604K->150990K(699392K), 0.0126261 secs] [Times: user=0.19 sys=0.01, real=0.02 secs] 
2016-09-24T00:25:11.475-0400: 79.193: [GC (GCLocker Initiated GC) [PSYoungGen: 174438K->37713K(175104K)] 251560K->133781K(699392K), 0.0072530 secs] [Times: user=0.08 sys=0.00, real=0.01 secs] 
2016-09-24T00:25:11.617-0400: 79.335: [GC (GCLocker Initiated GC) [PSYoungGen: 125777K->73672K(175104K)] 234311K->200746K(699392K), 0.0112405 secs] [Times: user=0.14 sys=0.01, real=0.01 secs] 
2016-09-24T00:25:11.773-0400: 79.491: [GC (GCLocker Initiated GC) [PSYoungGen: 161736K->18776K(175104K)] 294910K->152022K(699392K), 0.0219621 secs] [Times: user=0.17 sys=0.00, real=0.03 secs] 
2016-09-24T00:25:11.903-0400: 79.622: [GC (GCLocker Initiated GC) [PSYoungGen: 106840K->55191K(175104K)] 252518K->201128K(699392K), 0.0123291 secs] [Times: user=0.10 sys=0.00, real=0.01 secs] 
2016-09-24T00:25:12.054-0400: 79.772: [GC (GCLocker Initiated GC) [PSYoungGen: 143255K->49539K(175104K)] 295426K->220039K(699392K), 0.0263904 secs] [Times: user=0.27 sys=0.01, real=0.03 secs] 
2016-09-24T00:25:12.191-0400: 79.909: [GC (GCLocker Initiated GC) [PSYoungGen: 137603K->49276K(175104K)] 308173K->268729K(699392K), 0.0116910 secs] [Times: user=0.10 sys=0.00, real=0.02 secs] 
2016-09-24T00:25:12.338-0400: 80.057: [GC (Allocation Failure) [PSYoungGen: 137340K->31022K(175104K)] 369281K->275178K(699392K), 0.0158854 secs] [Times: user=0.13 sys=0.00, real=0.02 secs] 
2016-09-24T00:25:12.478-0400: 80.197: [GC (GCLocker Initiated GC) [PSYoungGen: 119086K->85854K(175104K)] 363247K->336545K(699392K), 0.0341719 secs] [Times: user=0.38 sys=0.00, real=0.03 secs] 
2016-09-24T00:25:12.650-0400: 80.368: [GC (GCLocker Initiated GC) [PSYoungGen: 173918K->37258K(175104K)] 424870K->343020K(699392K), 0.0090909 secs] [Times: user=0.11 sys=0.00, real=0.01 secs] 
2016-09-24T00:25:12.754-0400: 80.472: [GC (GCLocker Initiated GC) [PSYoungGen: 125322K->61362K(175104K)] 437408K->410166K(699392K), 0.0196609 secs] [Times: user=0.21 sys=0.00, real=0.01 secs] 
2016-09-24T00:25:12.877-0400: 80.596: [GC (GCLocker Initiated GC) [PSYoungGen: 149426K->86182K(175104K)] 498502K->484353K(699392K), 0.0116916 secs] [Times: user=0.17 sys=0.01, real=0.01 secs] 
2016-09-24T00:25:13.012-0400: 80.730: [GC (Allocation Failure) [PSYoungGen: 174246K->36770K(175104K)] 578568K->484040K(699392K), 0.0123117 secs] [Times: user=0.10 sys=0.00, real=0.02 secs] 
2016-09-24T00:25:13.024-0400: 80.742: [Full GC (Ergonomics) [PSYoungGen: 36770K->0K(175104K)] [ParOldGen: 447270K->46155K(524288K)] 484040K->46155K(699392K), [Metaspace: 44329K->44329K(1087488K)], 0.0636526 secs] [Times: user=0.37 sys=0.00, real=0.06 secs] 
2016-09-24T00:25:13.198-0400: 80.916: [GC (GCLocker Initiated GC) [PSYoungGen: 88064K->86210K(175104K)] 134221K->150592K(699392K), 0.0154486 secs] [Times: user=0.19 sys=0.00, real=0.01 secs] 
2016-09-24T00:25:13.332-0400: 81.050: [GC (GCLocker Initiated GC) [PSYoungGen: 174274K->61622K(175104K)] 245052K->193690K(699392K), 0.0134459 secs] [Times: user=0.11 sys=0.01, real=0.02 secs] 
2016-09-24T00:25:13.465-0400: 81.183: [GC (GCLocker Initiated GC) [PSYoungGen: 149686K->49084K(175104K)] 288061K->205928K(699392K), 0.0130727 secs] [Times: user=0.06 sys=0.00, real=0.01 secs] 
2016-09-24T00:25:13.610-0400: 81.328: [GC (GCLocker Initiated GC) [PSYoungGen: 137148K->61654K(175104K)] 306296K->267396K(699392K), 0.0108483 secs] [Times: user=0.11 sys=0.01, real=0.01 secs] 
2016-09-24T00:25:13.741-0400: 81.460: [GC (Allocation Failure) [PSYoungGen: 149718K->55383K(175104K)] 361801K->310634K(699392K), 0.0101910 secs] [Times: user=0.13 sys=0.00, real=0.01 secs] 
2016-09-24T00:25:13.887-0400: 81.605: [GC (GCLocker Initiated GC) [PSYoungGen: 143447K->61522K(175104K)] 398704K->353512K(699392K), 0.0101359 secs] [Times: user=0.12 sys=0.00, real=0.01 secs] 
2016-09-24T00:25:14.030-0400: 81.748: [GC (GCLocker Initiated GC) [PSYoungGen: 149586K->73708K(175104K)] 441724K->384183K(699392K), 0.0101311 secs] [Times: user=0.08 sys=0.01, real=0.01 secs] 
2016-09-24T00:25:14.157-0400: 81.875: [GC (GCLocker Initiated GC) [PSYoungGen: 161772K->73836K(175104K)] 478358K->408930K(699392K), 0.0133603 secs] [Times: user=0.16 sys=0.01, real=0.01 secs] 
2016-09-24T00:25:14.287-0400: 82.005: [GC (GCLocker Initiated GC) [PSYoungGen: 161900K->61490K(175104K)] 497131K->433307K(699392K), 0.0209860 secs] [Times: user=0.27 sys=0.01, real=0.02 secs] 
2016-09-24T00:25:14.426-0400: 82.144: [GC (Allocation Failure) [PSYoungGen: 149554K->79815K(175104K)] 521654K->470431K(699392K), 0.0130558 secs] [Times: user=0.14 sys=0.02, real=0.01 secs] 
2016-09-24T00:25:14.592-0400: 82.310: [GC (GCLocker Initiated GC) [PSYoungGen: 167879K->54995K(175104K)] 558496K->452102K(699392K), 0.0107663 secs] [Times: user=0.07 sys=0.00, real=0.02 secs] 
2016-09-24T00:25:14.719-0400: 82.437: [GC (GCLocker Initiated GC) [PSYoungGen: 143059K->55027K(175104K)] 546345K->476650K(699392K), 0.0092090 secs] [Times: user=0.09 sys=0.01, real=0.01 secs] 
2016-09-24T00:25:14.830-0400: 82.549: [GC (GCLocker Initiated GC) [PSYoungGen: 143091K->85986K(175104K)] 564792K->544272K(699392K), 0.0301021 secs] [Times: user=0.36 sys=0.00, real=0.03 secs] 
2016-09-24T00:25:14.971-0400: 82.690: [GC (GCLocker Initiated GC) --[PSYoungGen: 174050K->174050K(175104K)] 632697K->693779K(699392K), 0.0151159 secs] [Times: user=0.20 sys=0.00, real=0.02 secs] 
2016-09-24T00:25:14.987-0400: 82.705: [Full GC (Ergonomics) [PSYoungGen: 174050K->0K(175104K)] [ParOldGen: 519729K->52854K(524288K)] 693779K->52854K(699392K), [Metaspace: 44329K->44329K(1087488K)], 0.0595654 secs] [Times: user=0.35 sys=0.00, real=0.06 secs] 
2016-09-24T00:25:15.181-0400: 82.899: [GC (GCLocker Initiated GC) [PSYoungGen: 88064K->79943K(175104K)] 147163K->139042K(699392K), 0.0068856 secs] [Times: user=0.10 sys=0.00, real=0.01 secs] 
2016-09-24T00:25:15.297-0400: 83.015: [GC (GCLocker Initiated GC) [PSYoungGen: 168007K->85822K(175104K)] 227194K->175707K(699392K), 0.0388811 secs] [Times: user=0.46 sys=0.00, real=0.04 secs] 
2016-09-24T00:25:15.459-0400: 83.178: [GC (GCLocker Initiated GC) [PSYoungGen: 173886K->43009K(175104K)] 263875K->175774K(699392K), 0.0230552 secs] [Times: user=0.22 sys=0.00, real=0.03 secs] 
2016-09-24T00:25:15.591-0400: 83.309: [GC (GCLocker Initiated GC) [PSYoungGen: 131073K->73608K(175104K)] 264043K->243320K(699392K), 0.0108618 secs] [Times: user=0.11 sys=0.00, real=0.01 secs] 
2016-09-24T00:25:15.713-0400: 83.431: [GC (GCLocker Initiated GC) [PSYoungGen: 161672K->49248K(175104K)] 331443K->273961K(699392K), 0.0348195 secs] [Times: user=0.29 sys=0.00, real=0.04 secs] 
2016-09-24T00:25:15.865-0400: 83.583: [GC (GCLocker Initiated GC) [PSYoungGen: 137312K->30859K(175104K)] 362179K->310800K(699392K), 0.0345190 secs] [Times: user=0.30 sys=0.01, real=0.03 secs] 
2016-09-24T00:25:16.046-0400: 83.764: [GC (GCLocker Initiated GC) [PSYoungGen: 118923K->73576K(175104K)] 398985K->384156K(699392K), 0.0134888 secs] [Times: user=0.14 sys=0.01, real=0.01 secs] 
2016-09-24T00:25:16.183-0400: 83.902: [GC (GCLocker Initiated GC) [PSYoungGen: 161640K->79519K(175104K)] 472274K->451194K(699392K), 0.0315452 secs] [Times: user=0.37 sys=0.01, real=0.03 secs] 
2016-09-24T00:25:16.309-0400: 84.027: [GC (Allocation Failure) [PSYoungGen: 167583K->67697K(175104K)] 545543K->500467K(699392K), 0.0150191 secs] [Times: user=0.16 sys=0.00, real=0.02 secs] 
2016-09-24T00:25:16.430-0400: 84.148: [GC (GCLocker Initiated GC) [PSYoungGen: 155761K->85726K(175104K)] 588532K->549179K(699392K), 0.0228155 secs] [Times: user=0.28 sys=0.01, real=0.02 secs] 
2016-09-24T00:25:16.453-0400: 84.171: [Full GC (Ergonomics) [PSYoungGen: 85726K->0K(175104K)] [ParOldGen: 463453K->52875K(524288K)] 549179K->52875K(699392K), [Metaspace: 44329K->44329K(1087488K)], 0.0599059 secs] [Times: user=0.38 sys=0.01, real=0.06 secs] 
2016-09-24T00:25:16.628-0400: 84.347: [GC (GCLocker Initiated GC) [PSYoungGen: 88064K->86046K(175104K)] 141300K->163582K(699392K), 0.0161551 secs] [Times: user=0.25 sys=0.00, real=0.02 secs] 
2016-09-24T00:25:16.764-0400: 84.482: [GC (GCLocker Initiated GC) [PSYoungGen: 174110K->30955K(175104K)] 257908K->169951K(699392K), 0.0152727 secs] [Times: user=0.11 sys=0.02, real=0.01 secs] 
2016-09-24T00:25:16.894-0400: 84.612: [GC (Allocation Failure) [PSYoungGen: 119019K->86022K(175104K)] 258118K->243638K(699392K), 0.0183116 secs] [Times: user=0.18 sys=0.01, real=0.02 secs] 
2016-09-24T00:25:17.044-0400: 84.762: [GC (GCLocker Initiated GC) [PSYoungGen: 174086K->61394K(175104K)] 337777K->280020K(699392K), 0.0208698 secs] [Times: user=0.21 sys=0.00, real=0.02 secs] 
2016-09-24T00:25:17.193-0400: 84.912: [GC (Allocation Failure) [PSYoungGen: 149458K->73708K(175104K)] 368265K->292666K(699392K), 0.0110888 secs] [Times: user=0.10 sys=0.00, real=0.02 secs] 
2016-09-24T00:25:17.332-0400: 85.050: [GC (GCLocker Initiated GC) [PSYoungGen: 160070K->55223K(175104K)] 385104K->316974K(699392K), 0.0253721 secs] [Times: user=0.25 sys=0.01, real=0.03 secs] 
2016-09-24T00:25:17.496-0400: 85.214: [GC (GCLocker Initiated GC) [PSYoungGen: 143287K->73448K(175104K)] 405320K->335601K(699392K), 0.0095656 secs] [Times: user=0.09 sys=0.00, real=0.01 secs] 
2016-09-24T00:25:17.632-0400: 85.350: [GC (GCLocker Initiated GC) [PSYoungGen: 161512K->73316K(175104K)] 424369K->336441K(699392K), 0.0085159 secs] [Times: user=0.07 sys=0.00, real=0.01 secs] 
2016-09-24T00:25:17.764-0400: 85.482: [GC (Allocation Failure) [PSYoungGen: 161380K->24652K(175104K)] 430761K->312369K(699392K), 0.0196349 secs] [Times: user=0.19 sys=0.00, real=0.02 secs] 
2016-09-24T00:25:17.898-0400: 85.616: [GC (GCLocker Initiated GC) [PSYoungGen: 109507K->55091K(175104K)] 403299K->348995K(699392K), 0.0114514 secs] [Times: user=0.09 sys=0.00, real=0.01 secs] 
2016-09-24T00:25:18.021-0400: 85.739: [GC (GCLocker Initiated GC) [PSYoungGen: 143155K->80111K(175104K)] 437386K->392702K(699392K), 0.0122453 secs] [Times: user=0.11 sys=0.00, real=0.01 secs] 
2016-09-24T00:25:18.147-0400: 85.865: [GC (Allocation Failure) [PSYoungGen: 168175K->67601K(175104K)] 481043K->386796K(699392K), 0.0254448 secs] [Times: user=0.27 sys=0.00, real=0.02 secs] 
2016-09-24T00:25:18.278-0400: 85.996: [GC (GCLocker Initiated GC) [PSYoungGen: 155665K->55255K(175104K)] 474865K->398859K(699392K), 0.0420601 secs] [Times: user=0.46 sys=0.00, real=0.04 secs] 
2016-09-24T00:25:18.451-0400: 86.169: [GC (GCLocker Initiated GC) [PSYoungGen: 143319K->36966K(175104K)] 505246K->417221K(699392K), 0.0151078 secs] [Times: user=0.16 sys=0.00, real=0.02 secs] 
2016-09-24T00:25:18.600-0400: 86.318: [GC (GCLocker Initiated GC) [PSYoungGen: 125030K->30859K(175104K)] 511392K->453931K(699392K), 0.0197386 secs] [Times: user=0.18 sys=0.00, real=0.02 secs] 
2016-09-24T00:25:18.731-0400: 86.449: [GC (GCLocker Initiated GC) [PSYoungGen: 118923K->85662K(175104K)] 548196K->551513K(699392K), 0.0253458 secs] [Times: user=0.29 sys=0.00, real=0.03 secs] 
2016-09-24T00:25:18.756-0400: 86.475: [Full GC (Ergonomics) [PSYoungGen: 85662K->0K(175104K)] [ParOldGen: 465850K->52974K(524288K)] 551513K->52974K(699392K), [Metaspace: 44330K->44330K(1087488K)], 0.0582168 secs] [Times: user=0.29 sys=0.01, real=0.06 secs] 
2016-09-24T00:25:18.936-0400: 86.654: [GC (Allocation Failure) [PSYoungGen: 88064K->74324K(175104K)] 153285K->139545K(699392K), 0.0135479 secs] [Times: user=0.15 sys=0.00, real=0.01 secs] 
2016-09-24T00:25:19.065-0400: 86.784: [GC (GCLocker Initiated GC) [PSYoungGen: 158124K->37250K(175104K)] 229420K->145879K(699392K), 0.0093619 secs] [Times: user=0.10 sys=0.00, real=0.01 secs] 
2016-09-24T00:25:19.192-0400: 86.910: [GC (GCLocker Initiated GC) [PSYoungGen: 125314K->55419K(175104K)] 233997K->164213K(699392K), 0.0128811 secs] [Times: user=0.11 sys=0.00, real=0.02 secs] 
2016-09-24T00:25:19.320-0400: 87.039: [GC (GCLocker Initiated GC) [PSYoungGen: 143483K->86086K(175104K)] 252427K->213718K(699392K), 0.0216295 secs] [Times: user=0.23 sys=0.00, real=0.02 secs] 
2016-09-24T00:25:19.473-0400: 87.191: [GC (Allocation Failure) [PSYoungGen: 174150K->73412K(175104K)] 308078K->213683K(699392K), 0.0101539 secs] [Times: user=0.10 sys=0.01, real=0.02 secs] 
2016-09-24T00:25:19.484-0400: 87.202: [GC (GCLocker Initiated GC) [PSYoungGen: 73427K->32K(175104K)] 213698K->213433K(699392K), 0.0088233 secs] [Times: user=0.11 sys=0.00, real=0.00 secs] 
2016-09-24T00:25:19.606-0400: 87.325: [GC (GCLocker Initiated GC) [PSYoungGen: 88096K->86310K(175104K)] 301502K->330091K(699392K), 0.0177325 secs] [Times: user=0.22 sys=0.00, real=0.02 secs] 
2016-09-24T00:25:19.745-0400: 87.464: [GC (GCLocker Initiated GC) [PSYoungGen: 174374K->61426K(175104K)] 418270K->366931K(699392K), 0.0237792 secs] [Times: user=0.26 sys=0.00, real=0.02 secs] 
2016-09-24T00:25:19.883-0400: 87.601: [GC (GCLocker Initiated GC) [PSYoungGen: 149490K->61526K(175104K)] 461431K->391796K(699392K), 0.0105106 secs] [Times: user=0.09 sys=0.00, real=0.00 secs] 
2016-09-24T00:25:20.018-0400: 87.736: [GC (GCLocker Initiated GC) [PSYoungGen: 149590K->67405K(175104K)] 479964K->404121K(699392K), 0.0188623 secs] [Times: user=0.17 sys=0.01, real=0.02 secs] 
2016-09-24T00:25:20.163-0400: 87.882: [GC (GCLocker Initiated GC) [PSYoungGen: 155469K->49280K(175104K)] 498549K->429077K(699392K), 0.0200092 secs] [Times: user=0.18 sys=0.00, real=0.02 secs] 
2016-09-24T00:25:20.323-0400: 88.041: [GC (GCLocker Initiated GC) [PSYoungGen: 137340K->55287K(175104K)] 517499K->460185K(699392K), 0.0114048 secs] [Times: user=0.11 sys=0.00, real=0.01 secs] 
2016-09-24T00:25:20.457-0400: 88.175: [GC (GCLocker Initiated GC) [PSYoungGen: 143351K->79587K(175104K)] 554383K->508924K(699392K), 0.0344687 secs] [Times: user=0.39 sys=0.00, real=0.03 secs] 
2016-09-24T00:25:20.658-0400: 88.376: [GC (Allocation Failure) [PSYoungGen: 167651K->37226K(175104K)] 615294K->533596K(699392K), 0.0245548 secs] [Times: user=0.26 sys=0.01, real=0.03 secs] 
2016-09-24T00:25:20.683-0400: 88.401: [Full GC (Ergonomics) [PSYoungGen: 37226K->0K(175104K)] [ParOldGen: 496370K->53135K(524288K)] 533596K->53135K(699392K), [Metaspace: 44336K->44336K(1087488K)], 0.0553588 secs] [Times: user=0.27 sys=0.00, real=0.05 secs] 
2016-09-24T00:25:20.835-0400: 88.554: [GC (GCLocker Initiated GC) [PSYoungGen: 88064K->86242K(175104K)] 141205K->163683K(699392K), 0.0219483 secs] [Times: user=0.27 sys=0.00, real=0.02 secs] 
2016-09-24T00:25:20.987-0400: 88.705: [GC (Allocation Failure) [PSYoungGen: 174306K->31054K(175104K)] 257936K->157882K(699392K), 0.0096441 secs] [Times: user=0.08 sys=0.00, real=0.01 secs] 
2016-09-24T00:25:21.101-0400: 88.819: [GC (GCLocker Initiated GC) [PSYoungGen: 117651K->43137K(175104K)] 250553K->218840K(699392K), 0.0093818 secs] [Times: user=0.09 sys=0.00, real=0.01 secs] 
2016-09-24T00:25:21.243-0400: 88.961: [GC (Allocation Failure) [PSYoungGen: 131201K->49312K(175104K)] 313026K->231240K(699392K), 0.0154775 secs] [Times: user=0.15 sys=0.01, real=0.01 secs] 
2016-09-24T00:25:21.370-0400: 89.088: [GC (GCLocker Initiated GC) [PSYoungGen: 137376K->73576K(175104K)] 319310K->286169K(699392K), 0.0173549 secs] [Times: user=0.17 sys=0.00, real=0.02 secs] 
2016-09-24T00:25:21.501-0400: 89.219: [GC (GCLocker Initiated GC) [PSYoungGen: 161640K->73612K(175104K)] 374263K->322968K(699392K), 0.0193204 secs] [Times: user=0.19 sys=0.00, real=0.02 secs] 
2016-09-24T00:25:21.658-0400: 89.376: [GC (Allocation Failure) [PSYoungGen: 161676K->43101K(175104K)] 417198K->335317K(699392K), 0.0158906 secs] [Times: user=0.13 sys=0.00, real=0.01 secs] 
2016-09-24T00:25:21.674-0400: 89.392: [GC (GCLocker Initiated GC) [PSYoungGen: 43431K->32K(175104K)] 335647K->335162K(699392K), 0.0156921 secs] [Times: user=0.14 sys=0.00, real=0.02 secs] 
2016-09-24T00:25:21.810-0400: 89.528: [GC (GCLocker Initiated GC) [PSYoungGen: 88096K->86214K(175104K)] 423231K->433500K(699392K), 0.0335767 secs] [Times: user=0.34 sys=0.00, real=0.04 secs] 
2016-09-24T00:25:21.963-0400: 89.681: [GC (GCLocker Initiated GC) [PSYoungGen: 174278K->73936K(175104K)] 521591K->458458K(699392K), 0.0134115 secs] [Times: user=0.21 sys=0.00, real=0.01 secs] 
2016-09-24T00:25:22.103-0400: 89.821: [GC (GCLocker Initiated GC) [PSYoungGen: 162000K->85758K(175104K)] 547068K->513839K(699392K), 0.0136217 secs] [Times: user=0.19 sys=0.01, real=0.01 secs] 
2016-09-24T00:25:22.219-0400: 89.937: [GC (GCLocker Initiated GC) [PSYoungGen: 173822K->85758K(175104K)] 602079K->556839K(699392K), 0.0145715 secs] [Times: user=0.14 sys=0.00, real=0.01 secs] 
2016-09-24T00:25:22.233-0400: 89.952: [Full GC (Ergonomics) [PSYoungGen: 85758K->0K(175104K)] [ParOldGen: 471081K->53347K(524288K)] 556839K->53347K(699392K), [Metaspace: 44343K->44343K(1087488K)], 0.0702127 secs] [Times: user=0.37 sys=0.01, real=0.08 secs] 
2016-09-24T00:25:22.445-0400: 90.163: [GC (GCLocker Initiated GC) [PSYoungGen: 88064K->86114K(175104K)] 141532K->157807K(699392K), 0.0276216 secs] [Times: user=0.30 sys=0.00, real=0.02 secs] 
2016-09-24T00:25:22.575-0400: 90.293: [GC (GCLocker Initiated GC) [PSYoungGen: 174178K->67401K(175104K)] 245991K->231074K(699392K), 0.0147680 secs] [Times: user=0.15 sys=0.00, real=0.01 secs] 
2016-09-24T00:25:22.713-0400: 90.431: [GC (GCLocker Initiated GC) [PSYoungGen: 155465K->49248K(175104K)] 319415K->267969K(699392K), 0.0267224 secs] [Times: user=0.28 sys=0.00, real=0.03 secs] 
2016-09-24T00:25:22.855-0400: 90.573: [GC (GCLocker Initiated GC) [PSYoungGen: 137312K->73672K(175104K)] 356204K->298931K(699392K), 0.0088763 secs] [Times: user=0.09 sys=0.00, real=0.01 secs] 
2016-09-24T00:25:22.971-0400: 90.689: [GC (GCLocker Initiated GC) [PSYoungGen: 161736K->85954K(175104K)] 387021K->335682K(699392K), 0.0102381 secs] [Times: user=0.13 sys=0.00, real=0.01 secs] 
2016-09-24T00:25:23.110-0400: 90.828: [GC (GCLocker Initiated GC) [PSYoungGen: 174018K->55383K(175104K)] 429941K->354270K(699392K), 0.0169167 secs] [Times: user=0.15 sys=0.00, real=0.02 secs] 
2016-09-24T00:25:23.277-0400: 90.995: [GC (GCLocker Initiated GC) [PSYoungGen: 143447K->55027K(175104K)] 448652K->360460K(699392K), 0.0214706 secs] [Times: user=0.16 sys=0.01, real=0.02 secs] 
2016-09-24T00:25:23.414-0400: 91.132: [GC (Allocation Failure) [PSYoungGen: 143091K->85858K(175104K)] 448566K->397535K(699392K), 0.0310357 secs] [Times: user=0.34 sys=0.01, real=0.04 secs] 
2016-09-24T00:25:23.548-0400: 91.266: [GC (GCLocker Initiated GC) [PSYoungGen: 170898K->43105K(175104K)] 488650K->415824K(699392K), 0.0173220 secs] [Times: user=0.18 sys=0.00, real=0.02 secs] 
2016-09-24T00:25:23.676-0400: 91.394: [GC (GCLocker Initiated GC) [PSYoungGen: 131169K->61494K(175104K)] 504058K->452720K(699392K), 0.0100613 secs] [Times: user=0.07 sys=0.00, real=0.01 secs] 
2016-09-24T00:25:23.790-0400: 91.509: [GC (GCLocker Initiated GC) [PSYoungGen: 149558K->85790K(175104K)] 540814K->513811K(699392K), 0.0128034 secs] [Times: user=0.15 sys=0.00, real=0.02 secs] 
2016-09-24T00:25:23.920-0400: 91.638: [GC (GCLocker Initiated GC) [PSYoungGen: 173854K->55255K(175104K)] 614275K->538485K(699392K), 0.0174948 secs] [Times: user=0.23 sys=0.00, real=0.02 secs] 
2016-09-24T00:25:23.938-0400: 91.656: [Full GC (Ergonomics) [PSYoungGen: 55255K->0K(175104K)] [ParOldGen: 483230K->53381K(524288K)] 538485K->53381K(699392K), [Metaspace: 44351K->44351K(1087488K)], 0.0675162 secs] [Times: user=0.35 sys=0.01, real=0.07 secs] 
2016-09-24T00:25:24.120-0400: 91.838: [GC (Allocation Failure) [PSYoungGen: 88064K->79619K(175104K)] 141566K->133121K(699392K), 0.0233486 secs] [Times: user=0.29 sys=0.00, real=0.03 secs] 
2016-09-24T00:25:24.272-0400: 91.990: [GC (GCLocker Initiated GC) [PSYoungGen: 167683K->85986K(175104K)] 221196K->182361K(699392K), 0.0108637 secs] [Times: user=0.15 sys=0.00, real=0.02 secs] 
2016-09-24T00:25:24.412-0400: 92.130: [GC (GCLocker Initiated GC) [PSYoungGen: 174050K->86086K(175104K)] 276581K->225523K(699392K), 0.0158791 secs] [Times: user=0.23 sys=0.00, real=0.02 secs] 
2016-09-24T00:25:24.547-0400: 92.265: [GC (GCLocker Initiated GC) [PSYoungGen: 174150K->73672K(175104K)] 313948K->262229K(699392K), 0.0146110 secs] [Times: user=0.19 sys=0.00, real=0.01 secs] 
2016-09-24T00:25:24.685-0400: 92.403: [GC (Allocation Failure) [PSYoungGen: 161733K->61494K(175104K)] 356710K->281030K(699392K), 0.0145246 secs] [Times: user=0.12 sys=0.00, real=0.01 secs] 
2016-09-24T00:25:24.833-0400: 92.551: [GC (GCLocker Initiated GC) [PSYoungGen: 149558K->61590K(175104K)] 369099K->293721K(699392K), 0.0141544 secs] [Times: user=0.12 sys=0.01, real=0.02 secs] 
2016-09-24T00:25:24.983-0400: 92.701: [GC (Allocation Failure) [PSYoungGen: 149654K->37030K(175104K)] 400276K->306152K(699392K), 0.0248418 secs] [Times: user=0.24 sys=0.01, real=0.02 secs] 
2016-09-24T00:25:25.133-0400: 92.851: [GC (GCLocker Initiated GC) [PSYoungGen: 121909K->55483K(175104K)] 397106K->330783K(699392K), 0.0080177 secs] [Times: user=0.06 sys=0.00, real=0.01 secs] 
2016-09-24T00:25:25.299-0400: 93.018: [GC (Allocation Failure) [PSYoungGen: 143547K->49052K(175104K)] 425081K->349211K(699392K), 0.0324609 secs] [Times: user=0.33 sys=0.00, real=0.03 secs] 
2016-09-24T00:25:25.456-0400: 93.175: [GC (GCLocker Initiated GC) [PSYoungGen: 131845K->43009K(175104K)] 438079K->367555K(699392K), 0.0188124 secs] [Times: user=0.17 sys=0.00, real=0.02 secs] 
2016-09-24T00:25:25.618-0400: 93.336: [GC (GCLocker Initiated GC) [PSYoungGen: 131073K->43173K(175104K)] 455650K->367837K(699392K), 0.0139380 secs] [Times: user=0.10 sys=0.00, real=0.01 secs] 
2016-09-24T00:25:25.717-0400: 93.436: [GC (GCLocker Initiated GC) [PSYoungGen: 131237K->79523K(175104K)] 456061K->410861K(699392K), 0.0216095 secs] [Times: user=0.18 sys=0.01, real=0.02 secs] 
2016-09-24T00:25:25.854-0400: 93.572: [GC (GCLocker Initiated GC) [PSYoungGen: 167587K->43365K(175104K)] 505265K->442061K(699392K), 0.0197185 secs] [Times: user=0.20 sys=0.00, real=0.02 secs] 
2016-09-24T00:25:25.977-0400: 93.695: [GC (GCLocker Initiated GC) [PSYoungGen: 131429K->73672K(175104K)] 530447K->491215K(699392K), 0.0223561 secs] [Times: user=0.23 sys=0.01, real=0.02 secs] 
2016-09-24T00:25:26.113-0400: 93.831: [GC (GCLocker Initiated GC) [PSYoungGen: 161736K->36998K(175104K)] 585390K->497197K(699392K), 0.0137390 secs] [Times: user=0.14 sys=0.00, real=0.02 secs] 
2016-09-24T00:25:26.127-0400: 93.845: [Full GC (Ergonomics) [PSYoungGen: 36998K->0K(175104K)] [ParOldGen: 460199K->47175K(524288K)] 497197K->47175K(699392K), [Metaspace: 44351K->44351K(1087488K)], 0.0603402 secs] [Times: user=0.33 sys=0.01, real=0.06 secs] 
2016-09-24T00:25:26.288-0400: 94.007: [GC (Allocation Failure) [PSYoungGen: 88064K->86826K(175104K)] 135588K->158651K(699392K), 0.0111150 secs] [Times: user=0.15 sys=0.00, real=0.01 secs] 
2016-09-24T00:25:26.421-0400: 94.139: [GC (GCLocker Initiated GC) [PSYoungGen: 174407K->79715K(175104K)] 252307K->176995K(699392K), 0.0233356 secs] [Times: user=0.28 sys=0.00, real=0.03 secs] 
2016-09-24T00:25:26.571-0400: 94.289: [GC (GCLocker Initiated GC) [PSYoungGen: 167779K->24620K(175104K)] 265101K->182952K(699392K), 0.0127780 secs] [Times: user=0.11 sys=0.00, real=0.02 secs] 
2016-09-24T00:25:26.702-0400: 94.420: [GC (GCLocker Initiated GC) [PSYoungGen: 112684K->56038K(175104K)] 283319K->245002K(699392K), 0.0299260 secs] [Times: user=0.31 sys=0.00, real=0.03 secs] 
2016-09-24T00:25:26.862-0400: 94.580: [GC (GCLocker Initiated GC) [PSYoungGen: 144102K->67405K(175104K)] 339233K->263138K(699392K), 0.0210403 secs] [Times: user=0.21 sys=0.01, real=0.03 secs] 
2016-09-24T00:25:27.013-0400: 94.731: [GC (GCLocker Initiated GC) [PSYoungGen: 155469K->55547K(175104K)] 357375K->275789K(699392K), 0.0110658 secs] [Times: user=0.16 sys=0.00, real=0.02 secs] 
2016-09-24T00:25:27.131-0400: 94.849: [GC (GCLocker Initiated GC) [PSYoungGen: 143611K->85790K(175104K)] 369964K->330684K(699392K), 0.0163369 secs] [Times: user=0.20 sys=0.00, real=0.02 secs] 
2016-09-24T00:25:27.266-0400: 94.985: [GC (GCLocker Initiated GC) [PSYoungGen: 173854K->73672K(175104K)] 418796K->385770K(699392K), 0.0117405 secs] [Times: user=0.14 sys=0.01, real=0.01 secs] 
2016-09-24T00:25:27.402-0400: 95.120: [GC (GCLocker Initiated GC) [PSYoungGen: 161736K->73836K(175104K)] 480035K->410692K(699392K), 0.0116604 secs] [Times: user=0.18 sys=0.01, real=0.01 secs] 
2016-09-24T00:25:27.544-0400: 95.263: [GC (GCLocker Initiated GC) [PSYoungGen: 161900K->73968K(175104K)] 504989K->417529K(699392K), 0.0069555 secs] [Times: user=0.09 sys=0.01, real=0.00 secs] 
2016-09-24T00:25:27.700-0400: 95.419: [GC (GCLocker Initiated GC) [PSYoungGen: 162032K->61654K(175104K)] 511833K->442121K(699392K), 0.0208879 secs] [Times: user=0.21 sys=0.00, real=0.02 secs] 
2016-09-24T00:25:27.857-0400: 95.575: [GC (GCLocker Initiated GC) [PSYoungGen: 149718K->37293K(175104K)] 542489K->442294K(699392K), 0.0111749 secs] [Times: user=0.11 sys=0.00, real=0.01 secs] 
2016-09-24T00:25:27.985-0400: 95.703: [GC (GCLocker Initiated GC) [PSYoungGen: 125357K->55383K(175104K)] 536795K->467104K(699392K), 0.0204951 secs] [Times: user=0.24 sys=0.00, real=0.02 secs] 
2016-09-24T00:25:28.121-0400: 95.839: [GC (GCLocker Initiated GC) [PSYoungGen: 143447K->79783K(175104K)] 555192K->509865K(699392K), 0.0154067 secs] [Times: user=0.16 sys=0.00, real=0.02 secs] 
2016-09-24T00:25:28.273-0400: 95.992: [GC (GCLocker Initiated GC) [PSYoungGen: 167847K->25011K(175104K)] 610294K->504325K(699392K), 0.0081849 secs] [Times: user=0.06 sys=0.00, real=0.01 secs] 
2016-09-24T00:25:28.282-0400: 96.000: [Full GC (Ergonomics) [PSYoungGen: 25011K->0K(175104K)] [ParOldGen: 479313K->53650K(524288K)] 504325K->53650K(699392K), [Metaspace: 44363K->44363K(1087488K)], 0.0591361 secs] [Times: user=0.37 sys=0.02, real=0.06 secs] 
2016-09-24T00:25:28.479-0400: 96.197: [GC (GCLocker Initiated GC) [PSYoungGen: 88064K->85954K(175104K)] 142075K->158191K(699392K), 0.0163287 secs] [Times: user=0.17 sys=0.00, real=0.02 secs] 
2016-09-24T00:25:28.626-0400: 96.344: [GC (GCLocker Initiated GC) [PSYoungGen: 174018K->61426K(175104K)] 246543K->170693K(699392K), 0.0116729 secs] [Times: user=0.13 sys=0.00, real=0.01 secs] 
2016-09-24T00:25:28.773-0400: 96.491: [GC (Allocation Failure) [PSYoungGen: 149490K->55351K(175104K)] 264941K->207379K(699392K), 0.0165681 secs] [Times: user=0.19 sys=0.00, real=0.02 secs] 
2016-09-24T00:25:28.911-0400: 96.629: [GC (GCLocker Initiated GC) [PSYoungGen: 143415K->61686K(175104K)] 295449K->238131K(699392K), 0.0106092 secs] [Times: user=0.09 sys=0.01, real=0.01 secs] 
2016-09-24T00:25:29.052-0400: 96.770: [GC (GCLocker Initiated GC) [PSYoungGen: 149750K->55255K(175104K)] 338365K->262362K(699392K), 0.0083363 secs] [Times: user=0.07 sys=0.00, real=0.01 secs] 
2016-09-24T00:25:29.204-0400: 96.922: [GC (GCLocker Initiated GC) [PSYoungGen: 143319K->43301K(175104K)] 356751K->287204K(699392K), 0.0135220 secs] [Times: user=0.10 sys=0.00, real=0.01 secs] 
2016-09-24T00:25:29.328-0400: 97.047: [GC (GCLocker Initiated GC) [PSYoungGen: 131365K->73576K(175104K)] 375316K->336051K(699392K), 0.0183066 secs] [Times: user=0.20 sys=0.00, real=0.02 secs] 
2016-09-24T00:25:29.478-0400: 97.196: [GC (GCLocker Initiated GC) [PSYoungGen: 161640K->61526K(175104K)] 436599K->379137K(699392K), 0.0115321 secs] [Times: user=0.10 sys=0.00, real=0.01 secs] 
2016-09-24T00:25:29.619-0400: 97.338: [GC (GCLocker Initiated GC) [PSYoungGen: 149590K->73740K(175104K)] 473380K->434264K(699392K), 0.0221576 secs] [Times: user=0.24 sys=0.00, real=0.02 secs] 
2016-09-24T00:25:29.740-0400: 97.458: [GC (Allocation Failure) [PSYoungGen: 161804K->85822K(175104K)] 522678K->495448K(699392K), 0.0112439 secs] [Times: user=0.15 sys=0.01, real=0.01 secs] 
2016-09-24T00:25:29.856-0400: 97.575: [GC (GCLocker Initiated GC) [PSYoungGen: 173886K->49248K(175104K)] 583517K->483407K(699392K), 0.0143620 secs] [Times: user=0.08 sys=0.00, real=0.01 secs] 
2016-09-24T00:25:30.005-0400: 97.723: [GC (GCLocker Initiated GC) [PSYoungGen: 137312K->43105K(175104K)] 583724K->526251K(699392K), 0.0267496 secs] [Times: user=0.24 sys=0.00, real=0.02 secs] 
2016-09-24T00:25:30.033-0400: 97.751: [Full GC (Ergonomics) [PSYoungGen: 43105K->0K(175104K)] [ParOldGen: 483146K->53821K(524288K)] 526251K->53821K(699392K), [Metaspace: 44364K->44364K(1087488K)], 0.0611673 secs] [Times: user=0.39 sys=0.02, real=0.06 secs] 
2016-09-24T00:25:30.233-0400: 97.952: [GC (GCLocker Initiated GC) [PSYoungGen: 88064K->86506K(175104K)] 154385K->171052K(699392K), 0.0186173 secs] [Times: user=0.22 sys=0.00, real=0.02 secs] 
2016-09-24T00:25:30.380-0400: 98.098: [GC (GCLocker Initiated GC) [PSYoungGen: 174570K->37322K(175104K)] 271498K->207893K(699392K), 0.0263007 secs] [Times: user=0.30 sys=0.00, real=0.03 secs] 
2016-09-24T00:25:30.534-0400: 98.252: [GC (GCLocker Initiated GC) [PSYoungGen: 125386K->55091K(175104K)] 295995K->256202K(699392K), 0.0296682 secs] [Times: user=0.28 sys=0.01, real=0.03 secs] 
2016-09-24T00:25:30.667-0400: 98.385: [GC (GCLocker Initiated GC) [PSYoungGen: 143155K->79979K(175104K)] 344504K->281440K(699392K), 0.0253023 secs] [Times: user=0.25 sys=0.00, real=0.02 secs] 
2016-09-24T00:25:30.824-0400: 98.543: [GC (GCLocker Initiated GC) [PSYoungGen: 168043K->49080K(175104K)] 375683K->299708K(699392K), 0.0105209 secs] [Times: user=0.10 sys=0.00, real=0.01 secs] 
2016-09-24T00:25:30.945-0400: 98.663: [GC (GCLocker Initiated GC) [PSYoungGen: 137144K->61262K(175104K)] 387838K->354585K(699392K), 0.0254784 secs] [Times: user=0.27 sys=0.00, real=0.02 secs] 
2016-09-24T00:25:31.082-0400: 98.800: [GC (Allocation Failure) [PSYoungGen: 149326K->73772K(175104K)] 442780K->422061K(699392K), 0.0201332 secs] [Times: user=0.19 sys=0.01, real=0.03 secs] 
2016-09-24T00:25:31.207-0400: 98.926: [GC (GCLocker Initiated GC) [PSYoungGen: 161836K->61462K(175104K)] 510130K->458616K(699392K), 0.0131155 secs] [Times: user=0.14 sys=0.00, real=0.01 secs] 
2016-09-24T00:25:31.344-0400: 99.062: [GC (GCLocker Initiated GC) [PSYoungGen: 149526K->55419K(175104K)] 546789K->464928K(699392K), 0.0095416 secs] [Times: user=0.08 sys=0.00, real=0.00 secs] 
2016-09-24T00:25:31.460-0400: 99.178: [GC (GCLocker Initiated GC) [PSYoungGen: 143483K->49148K(175104K)] 559108K->501491K(699392K), 0.0250038 secs] [Times: user=0.23 sys=0.02, real=0.03 secs] 
2016-09-24T00:25:31.485-0400: 99.203: [Full GC (Ergonomics) [PSYoungGen: 49148K->0K(175104K)] [ParOldGen: 452343K->45611K(524288K)] 501491K->45611K(699392K), [Metaspace: 44366K->44366K(1087488K)], 0.1686277 secs] [Times: user=1.58 sys=0.00, real=0.16 secs] 
2016-09-24T00:25:31.763-0400: 99.481: [GC (GCLocker Initiated GC) [PSYoungGen: 88064K->86466K(175104K)] 133762K->156464K(699392K), 0.0190464 secs] [Times: user=0.20 sys=0.01, real=0.02 secs] 
2016-09-24T00:25:31.890-0400: 99.608: [GC (GCLocker Initiated GC) [PSYoungGen: 174530K->79455K(175104K)] 244688K->211322K(699392K), 0.0213774 secs] [Times: user=0.22 sys=0.01, real=0.02 secs] 
2016-09-24T00:25:32.041-0400: 99.759: [GC (GCLocker Initiated GC) [PSYoungGen: 167519K->43429K(175104K)] 305648K->266744K(699392K), 0.0152033 secs] [Times: user=0.13 sys=0.00, real=0.02 secs] 
2016-09-24T00:25:32.162-0400: 99.881: [GC (Allocation Failure) [PSYoungGen: 131493K->67469K(175104K)] 361132K->315616K(699392K), 0.0289863 secs] [Times: user=0.34 sys=0.00, real=0.02 secs] 
2016-09-24T00:25:32.303-0400: 100.021: [GC (GCLocker Initiated GC) [PSYoungGen: 154400K->85986K(175104K)] 408623K->364644K(699392K), 0.0101687 secs] [Times: user=0.11 sys=0.00, real=0.00 secs] 
2016-09-24T00:25:32.421-0400: 100.139: [GC (GCLocker Initiated GC) [PSYoungGen: 174050K->61262K(175104K)] 452756K->376881K(699392K), 0.0189396 secs] [Times: user=0.19 sys=0.02, real=0.02 secs] 
2016-09-24T00:25:32.557-0400: 100.275: [GC (GCLocker Initiated GC) [PSYoungGen: 149326K->73804K(175104K)] 471336K->438467K(699392K), 0.0132838 secs] [Times: user=0.15 sys=0.01, real=0.01 secs] 
2016-09-24T00:25:32.704-0400: 100.422: [GC (GCLocker Initiated GC) [PSYoungGen: 161868K->48984K(175104K)] 532625K->456638K(699392K), 0.0240365 secs] [Times: user=0.23 sys=0.00, real=0.02 secs] 
2016-09-24T00:25:32.851-0400: 100.569: [GC (GCLocker Initiated GC) [PSYoungGen: 137048K->73868K(175104K)] 545063K->518493K(699392K), 0.0138808 secs] [Times: user=0.18 sys=0.01, real=0.02 secs] 
2016-09-24T00:25:32.995-0400: 100.713: [GC (GCLocker Initiated GC) [PSYoungGen: 161932K->55255K(175104K)] 606582K->518406K(699392K), 0.0151700 secs] [Times: user=0.12 sys=0.01, real=0.01 secs] 
2016-09-24T00:25:33.010-0400: 100.729: [Full GC (Ergonomics) [PSYoungGen: 55255K->0K(175104K)] [ParOldGen: 463151K->40135K(524288K)] 518406K->40135K(699392K), [Metaspace: 44366K->44366K(1087488K)], 0.0604765 secs] [Times: user=0.35 sys=0.00, real=0.06 secs] 
2016-09-24T00:25:33.192-0400: 100.910: [GC (Allocation Failure) [PSYoungGen: 88064K->86210K(175104K)] 128229K->126375K(699392K), 0.0138861 secs] [Times: user=0.16 sys=0.00, real=0.02 secs] 
2016-09-24T00:25:33.334-0400: 101.052: [GC (GCLocker Initiated GC) [PSYoungGen: 174274K->79551K(175104K)] 214441K->168906K(699392K), 0.0187765 secs] [Times: user=0.17 sys=0.01, real=0.02 secs] 
2016-09-24T00:25:33.471-0400: 101.189: [GC (GCLocker Initiated GC) [PSYoungGen: 167615K->55355K(175104K)] 257148K->175358K(699392K), 0.0186583 secs] [Times: user=0.16 sys=0.01, real=0.02 secs] 
2016-09-24T00:25:33.581-0400: 101.299: [GC (GCLocker Initiated GC) [PSYoungGen: 143419K->55383K(175104K)] 263666K->236672K(699392K), 0.0128262 secs] [Times: user=0.12 sys=0.00, real=0.01 secs] 
2016-09-24T00:25:33.700-0400: 101.419: [GC (GCLocker Initiated GC) [PSYoungGen: 143447K->86282K(175104K)] 324906K->298416K(699392K), 0.0128349 secs] [Times: user=0.16 sys=0.00, real=0.01 secs] 
2016-09-24T00:25:33.834-0400: 101.552: [GC (GCLocker Initiated GC) [PSYoungGen: 174346K->67565K(175104K)] 386700K->298600K(699392K), 0.0103952 secs] [Times: user=0.09 sys=0.00, real=0.02 secs] 
2016-09-24T00:25:33.978-0400: 101.696: [GC (GCLocker Initiated GC) [PSYoungGen: 155629K->55679K(175104K)] 392887K->293188K(699392K), 0.0088042 secs] [Times: user=0.08 sys=0.00, real=0.01 secs] 
2016-09-24T00:25:34.125-0400: 101.843: [GC (GCLocker Initiated GC) [PSYoungGen: 143743K->55415K(175104K)] 387531K->317743K(699392K), 0.0109781 secs] [Times: user=0.16 sys=0.00, real=0.01 secs] 
2016-09-24T00:25:34.263-0400: 101.982: [GC (Allocation Failure) [PSYoungGen: 143479K->73448K(175104K)] 412087K->342183K(699392K), 0.0207703 secs] [Times: user=0.19 sys=0.00, real=0.02 secs] 
2016-09-24T00:25:34.403-0400: 102.121: [GC (GCLocker Initiated GC) [PSYoungGen: 158063K->73608K(175104K)] 432873K->403409K(699392K), 0.0160251 secs] [Times: user=0.22 sys=0.01, real=0.01 secs] 
2016-09-24T00:25:34.555-0400: 102.274: [GC (GCLocker Initiated GC) [PSYoungGen: 161672K->67305K(175104K)] 491710K->415876K(699392K), 0.0102890 secs] [Times: user=0.11 sys=0.00, real=0.01 secs] 
2016-09-24T00:25:34.682-0400: 102.400: [GC (GCLocker Initiated GC) [PSYoungGen: 155369K->73804K(175104K)] 510191K->446962K(699392K), 0.0112334 secs] [Times: user=0.10 sys=0.00, real=0.01 secs] 
2016-09-24T00:25:34.808-0400: 102.526: [GC (GCLocker Initiated GC) [PSYoungGen: 161868K->61234K(175104K)] 535074K->452924K(699392K), 0.0191107 secs] [Times: user=0.17 sys=0.01, real=0.02 secs] 
2016-09-24T00:25:34.935-0400: 102.654: [GC (GCLocker Initiated GC) [PSYoungGen: 149298K->85954K(175104K)] 547094K->550719K(699392K), 0.0140693 secs] [Times: user=0.18 sys=0.00, real=0.01 secs] 
2016-09-24T00:25:34.950-0400: 102.668: [Full GC (Ergonomics) [PSYoungGen: 85954K->0K(175104K)] [ParOldGen: 464765K->51998K(524288K)] 550719K->51998K(699392K), [Metaspace: 44368K->44368K(1087488K)], 0.0592447 secs] [Times: user=0.36 sys=0.01, real=0.06 secs] 
2016-09-24T00:25:35.126-0400: 102.844: [GC (GCLocker Initiated GC) [PSYoungGen: 88064K->86142K(175104K)] 140076K->144229K(699392K), 0.0129740 secs] [Times: user=0.18 sys=0.02, real=0.01 secs] 
2016-09-24T00:25:35.271-0400: 102.990: [GC (GCLocker Initiated GC) [PSYoungGen: 174206K->73640K(175104K)] 238651K->156866K(699392K), 0.0200525 secs] [Times: user=0.23 sys=0.00, real=0.02 secs] 
2016-09-24T00:25:35.397-0400: 103.115: [GC (GCLocker Initiated GC) [PSYoungGen: 161704K->61686K(175104K)] 244978K->175642K(699392K), 0.0165642 secs] [Times: user=0.19 sys=0.00, real=0.01 secs] 
2016-09-24T00:25:35.527-0400: 103.245: [GC (GCLocker Initiated GC) [PSYoungGen: 149750K->49312K(175104K)] 270071K->206350K(699392K), 0.0248333 secs] [Times: user=0.24 sys=0.00, real=0.02 secs] 
2016-09-24T00:25:35.677-0400: 103.395: [GC (GCLocker Initiated GC) [PSYoungGen: 137376K->85758K(175104K)] 294462K->267591K(699392K), 0.0110089 secs] [Times: user=0.14 sys=0.01, real=0.01 secs] 
2016-09-24T00:25:35.812-0400: 103.530: [GC (GCLocker Initiated GC) [PSYoungGen: 173822K->61654K(175104K)] 361878K->310768K(699392K), 0.0118627 secs] [Times: user=0.12 sys=0.00, real=0.02 secs] 
2016-09-24T00:25:35.946-0400: 103.665: [GC (GCLocker Initiated GC) [PSYoungGen: 149718K->61298K(175104K)] 398908K->329176K(699392K), 0.0095502 secs] [Times: user=0.08 sys=0.01, real=0.01 secs] 
2016-09-24T00:25:36.085-0400: 103.804: [GC (GCLocker Initiated GC) [PSYoungGen: 149362K->55547K(175104K)] 423637K->390847K(699392K), 0.0120636 secs] [Times: user=0.13 sys=0.00, real=0.01 secs] 
2016-09-24T00:25:36.249-0400: 103.967: [GC (GCLocker Initiated GC) [PSYoungGen: 143610K->61298K(175104K)] 479272K->415460K(699392K), 0.0231210 secs] [Times: user=0.21 sys=0.00, real=0.02 secs] 
2016-09-24T00:25:36.400-0400: 104.118: [GC (GCLocker Initiated GC) [PSYoungGen: 149362K->49148K(175104K)] 503841K->421971K(699392K), 0.0189827 secs] [Times: user=0.17 sys=0.00, real=0.02 secs] 
2016-09-24T00:25:36.521-0400: 104.239: [GC (GCLocker Initiated GC) [PSYoungGen: 137212K->73836K(175104K)] 516129K->489339K(699392K), 0.0287131 secs] [Times: user=0.28 sys=0.00, real=0.03 secs] 
2016-09-24T00:25:36.653-0400: 104.371: [GC (GCLocker Initiated GC) [PSYoungGen: 161900K->61554K(175104K)] 583738K->532315K(699392K), 0.0139417 secs] [Times: user=0.18 sys=0.01, real=0.02 secs] 
2016-09-24T00:25:36.667-0400: 104.386: [Full GC (Ergonomics) [PSYoungGen: 61554K->0K(175104K)] [ParOldGen: 470761K->58440K(524288K)] 532315K->58440K(699392K), [Metaspace: 44369K->44369K(1087488K)], 0.0624809 secs] [Times: user=0.36 sys=0.01, real=0.06 secs] 
2016-09-24T00:25:36.833-0400: 104.552: [GC (GCLocker Initiated GC) [PSYoungGen: 88064K->86402K(175104K)] 152772K->163260K(699392K), 0.0098424 secs] [Times: user=0.11 sys=0.00, real=0.02 secs] 
2016-09-24T00:25:36.957-0400: 104.675: [GC (GCLocker Initiated GC) [PSYoungGen: 174466K->67433K(175104K)] 251378K->181951K(699392K), 0.0141047 secs] [Times: user=0.14 sys=0.00, real=0.01 secs] 
2016-09-24T00:25:37.087-0400: 104.805: [GC (GCLocker Initiated GC) [PSYoungGen: 155497K->86182K(175104K)] 270064K->249492K(699392K), 0.0125525 secs] [Times: user=0.17 sys=0.00, real=0.01 secs] 
2016-09-24T00:25:37.247-0400: 104.965: [GC (Allocation Failure) [PSYoungGen: 174246K->73348K(175104K)] 337811K->255569K(699392K), 0.0096432 secs] [Times: user=0.08 sys=0.00, real=0.01 secs] 
2016-09-24T00:25:37.375-0400: 105.094: [GC (GCLocker Initiated GC) [PSYoungGen: 156760K->49536K(175104K)] 345057K->268343K(699392K), 0.0244840 secs] [Times: user=0.27 sys=0.01, real=0.02 secs] 
2016-09-24T00:25:37.525-0400: 105.244: [GC (GCLocker Initiated GC) [PSYoungGen: 137600K->55287K(175104K)] 362820K->299008K(699392K), 0.0158990 secs] [Times: user=0.18 sys=0.00, real=0.01 secs] 
2016-09-24T00:25:37.675-0400: 105.393: [GC (GCLocker Initiated GC) [PSYoungGen: 143351K->61558K(175104K)] 387332K->323851K(699392K), 0.0251314 secs] [Times: user=0.26 sys=0.00, real=0.02 secs] 
2016-09-24T00:25:37.847-0400: 105.566: [GC (GCLocker Initiated GC) [PSYoungGen: 149622K->43137K(175104K)] 418000K->348264K(699392K), 0.0220980 secs] [Times: user=0.24 sys=0.00, real=0.02 secs] 
2016-09-24T00:25:37.959-0400: 105.677: [GC (GCLocker Initiated GC) [PSYoungGen: 131201K->79651K(175104K)] 436387K->403362K(699392K), 0.0184940 secs] [Times: user=0.17 sys=0.00, real=0.02 secs] 
2016-09-24T00:25:38.113-0400: 105.831: [GC (GCLocker Initiated GC) [PSYoungGen: 167715K->43073K(175104K)] 503734K->434183K(699392K), 0.0119560 secs] [Times: user=0.10 sys=0.00, real=0.02 secs] 
2016-09-24T00:25:38.256-0400: 105.974: [GC (GCLocker Initiated GC) [PSYoungGen: 131137K->61430K(175104K)] 528515K->477113K(699392K), 0.0104214 secs] [Times: user=0.08 sys=0.00, real=0.01 secs] 
2016-09-24T00:25:38.405-0400: 106.123: [GC (GCLocker Initiated GC) [PSYoungGen: 149494K->55191K(175104K)] 577370K->507470K(699392K), 0.0153350 secs] [Times: user=0.11 sys=0.01, real=0.01 secs] 
2016-09-24T00:25:38.537-0400: 106.255: [GC (Allocation Failure) [PSYoungGen: 143255K->73512K(175104K)] 595889K->550730K(699392K), 0.0185857 secs] [Times: user=0.19 sys=0.00, real=0.02 secs] 
2016-09-24T00:25:38.556-0400: 106.274: [Full GC (Ergonomics) [PSYoungGen: 73512K->0K(175104K)] [ParOldGen: 477218K->52209K(524288K)] 550730K->52209K(699392K), [Metaspace: 44369K->44369K(1087488K)], 0.0637708 secs] [Times: user=0.37 sys=0.01, real=0.06 secs] 
2016-09-24T00:25:38.726-0400: 106.444: [GC (GCLocker Initiated GC) [PSYoungGen: 83639K->86630K(175104K)] 141923K->150989K(699392K), 0.0174559 secs] [Times: user=0.21 sys=0.00, real=0.02 secs] 
2016-09-24T00:25:38.856-0400: 106.574: [GC (Allocation Failure) [PSYoungGen: 174694K->61134K(175104K)] 239313K->157072K(699392K), 0.0270021 secs] [Times: user=0.28 sys=0.00, real=0.03 secs] 
2016-09-24T00:25:39.009-0400: 106.727: [GC (Allocation Failure) [PSYoungGen: 147370K->61526K(175104K)] 243308K->175792K(699392K), 0.0150910 secs] [Times: user=0.14 sys=0.00, real=0.02 secs] 
2016-09-24T00:25:39.131-0400: 106.849: [GC (GCLocker Initiated GC) [PSYoungGen: 149590K->85790K(175104K)] 263862K->236803K(699392K), 0.0208211 secs] [Times: user=0.19 sys=0.00, real=0.02 secs] 
2016-09-24T00:25:39.303-0400: 107.021: [GC (GCLocker Initiated GC) [PSYoungGen: 173854K->55778K(175104K)] 337083K->267727K(699392K), 0.0103034 secs] [Times: user=0.11 sys=0.00, real=0.00 secs] 
2016-09-24T00:25:39.448-0400: 107.167: [GC (Allocation Failure) [PSYoungGen: 143842K->61266K(175104K)] 368240K->298057K(699392K), 0.0177109 secs] [Times: user=0.15 sys=0.01, real=0.02 secs] 
2016-09-24T00:25:39.590-0400: 107.308: [GC (GCLocker Initiated GC) [PSYoungGen: 147775K->37162K(175104K)] 390642K->298528K(699392K), 0.0538656 secs] [Times: user=0.56 sys=0.00, real=0.06 secs] 
2016-09-24T00:25:39.746-0400: 107.464: [GC (GCLocker Initiated GC) [PSYoungGen: 125226K->79819K(175104K)] 386774K->341651K(699392K), 0.0162551 secs] [Times: user=0.15 sys=0.01, real=0.02 secs] 
2016-09-24T00:25:39.869-0400: 107.587: [GC (GCLocker Initiated GC) [PSYoungGen: 167883K->49180K(175104K)] 429750K->360251K(699392K), 0.0127319 secs] [Times: user=0.11 sys=0.00, real=0.01 secs] 
2016-09-24T00:25:40.000-0400: 107.718: [GC (GCLocker Initiated GC) [PSYoungGen: 137244K->73644K(175104K)] 448536K->403264K(699392K), 0.0165019 secs] [Times: user=0.15 sys=0.00, real=0.02 secs] 
2016-09-24T00:25:40.141-0400: 107.859: [GC (GCLocker Initiated GC) [PSYoungGen: 161708K->55223K(175104K)] 497614K->421748K(699392K), 0.0356357 secs] [Times: user=0.35 sys=0.00, real=0.04 secs] 
2016-09-24T00:25:40.291-0400: 108.010: [GC (GCLocker Initiated GC) [PSYoungGen: 143287K->73776K(175104K)] 509976K->440569K(699392K), 0.0184849 secs] [Times: user=0.17 sys=0.00, real=0.02 secs] 
2016-09-24T00:25:40.436-0400: 108.154: [GC (Allocation Failure) [PSYoungGen: 161840K->67373K(175104K)] 528764K->452945K(699392K), 0.0112530 secs] [Times: user=0.10 sys=0.01, real=0.01 secs] 
2016-09-24T00:25:40.554-0400: 108.272: [GC (GCLocker Initiated GC) [PSYoungGen: 152768K->73644K(175104K)] 544416K->489859K(699392K), 0.0213869 secs] [Times: user=0.19 sys=0.01, real=0.03 secs] 
2016-09-24T00:25:40.697-0400: 108.416: [GC (GCLocker Initiated GC) [PSYoungGen: 161708K->67405K(175104K)] 578027K->520450K(699392K), 0.0138829 secs] [Times: user=0.11 sys=0.01, real=0.01 secs] 
2016-09-24T00:25:40.837-0400: 108.556: [GC (GCLocker Initiated GC) [PSYoungGen: 155469K->61462K(175104K)] 614765K->557492K(699392K), 0.0170316 secs] [Times: user=0.16 sys=0.00, real=0.02 secs] 
2016-09-24T00:25:40.855-0400: 108.573: [Full GC (Ergonomics) [PSYoungGen: 61462K->0K(175104K)] [ParOldGen: 496030K->52454K(524288K)] 557492K->52454K(699392K), [Metaspace: 44370K->44370K(1087488K)], 0.0718796 secs] [Times: user=0.42 sys=0.03, real=0.07 secs] 
2016-09-24T00:25:41.052-0400: 108.770: [GC (GCLocker Initiated GC) [PSYoungGen: 88064K->86082K(175104K)] 146679K->168997K(699392K), 0.0220205 secs] [Times: user=0.25 sys=0.00, real=0.02 secs] 
2016-09-24T00:25:41.210-0400: 108.929: [GC (GCLocker Initiated GC) [PSYoungGen: 174146K->37094K(175104K)] 275630K->175724K(699392K), 0.0132492 secs] [Times: user=0.14 sys=0.00, real=0.02 secs] 
2016-09-24T00:25:41.361-0400: 109.080: [GC (GCLocker Initiated GC) [PSYoungGen: 125158K->61330K(175104K)] 270190K->224862K(699392K), 0.0098865 secs] [Times: user=0.07 sys=0.01, real=0.01 secs] 
2016-09-24T00:25:41.508-0400: 109.226: [GC (Allocation Failure) [PSYoungGen: 149394K->25043K(175104K)] 325286K->225323K(699392K), 0.0232839 secs] [Times: user=0.20 sys=0.00, real=0.02 secs] 
2016-09-24T00:25:41.644-0400: 109.362: [GC (GCLocker Initiated GC) [PSYoungGen: 113107K->79779K(175104K)] 313388K->280343K(699392K), 0.0100975 secs] [Times: user=0.10 sys=0.00, real=0.01 secs] 
2016-09-24T00:25:41.774-0400: 109.492: [GC (Allocation Failure) [PSYoungGen: 167843K->49312K(175104K)] 368454K->292552K(699392K), 0.0100829 secs] [Times: user=0.07 sys=0.01, real=0.02 secs] 
2016-09-24T00:25:41.900-0400: 109.618: [GC (GCLocker Initiated GC) [PSYoungGen: 135072K->43205K(175104K)] 384388K->329237K(699392K), 0.0138179 secs] [Times: user=0.12 sys=0.00, real=0.01 secs] 
2016-09-24T00:25:42.077-0400: 109.795: [GC (GCLocker Initiated GC) [PSYoungGen: 131269K->49116K(175104K)] 417562K->335988K(699392K), 0.0332675 secs] [Times: user=0.38 sys=0.00, real=0.03 secs] 
2016-09-24T00:25:42.216-0400: 109.935: [GC (GCLocker Initiated GC) [PSYoungGen: 137180K->73444K(175104K)] 424167K->391097K(699392K), 0.0177888 secs] [Times: user=0.18 sys=0.00, real=0.02 secs] 
2016-09-24T00:25:42.340-0400: 110.058: [GC (GCLocker Initiated GC) [PSYoungGen: 161508K->73804K(175104K)] 479338K->440409K(699392K), 0.0236743 secs] [Times: user=0.26 sys=0.00, real=0.03 secs] 
2016-09-24T00:25:42.471-0400: 110.189: [GC (GCLocker Initiated GC) [PSYoungGen: 161868K->49408K(175104K)] 534600K->464933K(699392K), 0.0245697 secs] [Times: user=0.26 sys=0.00, real=0.03 secs] 
2016-09-24T00:25:42.613-0400: 110.332: [GC (Allocation Failure) [PSYoungGen: 137472K->61458K(175104K)] 553134K->525856K(699392K), 0.0249463 secs] [Times: user=0.31 sys=0.00, real=0.03 secs] 
2016-09-24T00:25:42.638-0400: 110.357: [Full GC (Ergonomics) [PSYoungGen: 61458K->0K(175104K)] [ParOldGen: 464398K->52855K(524288K)] 525856K->52855K(699392K), [Metaspace: 44377K->44377K(1087488K)], 0.0671821 secs] [Times: user=0.45 sys=0.02, real=0.07 secs] 
2016-09-24T00:25:42.839-0400: 110.557: [GC (GCLocker Initiated GC) [PSYoungGen: 88064K->86242K(175104K)] 140925K->163403K(699392K), 0.0127921 secs] [Times: user=0.15 sys=0.01, real=0.01 secs] 
2016-09-24T00:25:42.963-0400: 110.681: [GC (GCLocker Initiated GC) [PSYoungGen: 174306K->73804K(175104K)] 251778K->206703K(699392K), 0.0118213 secs] [Times: user=0.16 sys=0.00, real=0.01 secs] 
2016-09-24T00:25:43.067-0400: 110.785: [GC (GCLocker Initiated GC) [PSYoungGen: 161868K->85790K(175104K)] 295123K->274036K(699392K), 0.0137642 secs] [Times: user=0.20 sys=0.00, real=0.01 secs] 
2016-09-24T00:25:43.200-0400: 110.918: [GC (GCLocker Initiated GC) [PSYoungGen: 173854K->55647K(175104K)] 362108K->280471K(699392K), 0.0107620 secs] [Times: user=0.11 sys=0.01, real=0.01 secs] 
2016-09-24T00:25:43.324-0400: 111.043: [GC (GCLocker Initiated GC) [PSYoungGen: 143711K->79523K(175104K)] 368879K->323184K(699392K), 0.0192825 secs] [Times: user=0.17 sys=0.00, real=0.02 secs] 
2016-09-24T00:25:43.469-0400: 111.187: [GC (GCLocker Initiated GC) [PSYoungGen: 167587K->49244K(175104K)] 411254K->347698K(699392K), 0.0189209 secs] [Times: user=0.19 sys=0.01, real=0.02 secs] 
2016-09-24T00:25:43.616-0400: 111.334: [GC (GCLocker Initiated GC) [PSYoungGen: 137308K->85858K(175104K)] 435809K->408763K(699392K), 0.0109814 secs] [Times: user=0.10 sys=0.00, real=0.01 secs] 
2016-09-24T00:25:43.743-0400: 111.461: [GC (Allocation Failure) [PSYoungGen: 173922K->43073K(175104K)] 496986K->408922K(699392K), 0.0195271 secs] [Times: user=0.15 sys=0.00, real=0.02 secs] 
2016-09-24T00:25:43.900-0400: 111.618: [GC (GCLocker Initiated GC) [PSYoungGen: 126291K->36834K(175104K)] 498215K->433309K(699392K), 0.0120219 secs] [Times: user=0.10 sys=0.00, real=0.01 secs] 
2016-09-24T00:25:44.059-0400: 111.777: [GC (Allocation Failure) [PSYoungGen: 124898K->43005K(175104K)] 533791K->470242K(699392K), 0.0151447 secs] [Times: user=0.15 sys=0.01, real=0.02 secs] 
2016-09-24T00:25:44.237-0400: 111.956: [GC (GCLocker Initiated GC) [PSYoungGen: 130071K->55255K(175104K)] 563384K->488671K(699392K), 0.0455928 secs] [Times: user=0.49 sys=0.00, real=0.05 secs] 
2016-09-24T00:25:44.388-0400: 112.106: [GC (GCLocker Initiated GC) [PSYoungGen: 143319K->73284K(175104K)] 576738K->506822K(699392K), 0.0110213 secs] [Times: user=0.08 sys=0.00, real=0.01 secs] 
2016-09-24T00:25:44.515-0400: 112.233: [GC (Allocation Failure) [PSYoungGen: 161348K->49475K(175104K)] 594928K->537826K(699392K), 0.0172450 secs] [Times: user=0.17 sys=0.00, real=0.01 secs] 
2016-09-24T00:25:44.532-0400: 112.251: [Full GC (Ergonomics) [PSYoungGen: 49475K->0K(175104K)] [ParOldGen: 488351K->40736K(524288K)] 537826K->40736K(699392K), [Metaspace: 44377K->44377K(1087488K)], 0.0643978 secs] [Times: user=0.34 sys=0.01, real=0.07 secs] 
2016-09-24T00:25:44.711-0400: 112.429: [GC (GCLocker Initiated GC) [PSYoungGen: 88064K->86046K(175104K)] 128802K->145009K(699392K), 0.0119059 secs] [Times: user=0.13 sys=0.00, real=0.02 secs] 
2016-09-24T00:25:44.828-0400: 112.546: [GC (GCLocker Initiated GC) [PSYoungGen: 174110K->61558K(175104K)] 233293K->175964K(699392K), 0.0315521 secs] [Times: user=0.31 sys=0.00, real=0.03 secs] 
2016-09-24T00:25:44.959-0400: 112.677: [GC (GCLocker Initiated GC) [PSYoungGen: 149622K->86182K(175104K)] 270313K->249885K(699392K), 0.0122590 secs] [Times: user=0.16 sys=0.01, real=0.01 secs] 
2016-09-24T00:25:45.102-0400: 112.821: [GC (GCLocker Initiated GC) [PSYoungGen: 174246K->86018K(175104K)] 337998K->329037K(699392K), 0.0137867 secs] [Times: user=0.21 sys=0.00, real=0.01 secs] 
2016-09-24T00:25:45.218-0400: 112.936: [GC (Allocation Failure) [PSYoungGen: 174082K->79651K(175104K)] 423441K->372006K(699392K), 0.0128572 secs] [Times: user=0.15 sys=0.00, real=0.01 secs] 
2016-09-24T00:25:45.342-0400: 113.060: [GC (GCLocker Initiated GC) [PSYoungGen: 164845K->61590K(175104K)] 463276K->390671K(699392K), 0.0275207 secs] [Times: user=0.28 sys=0.00, real=0.03 secs] 
2016-09-24T00:25:45.469-0400: 113.187: [GC (GCLocker Initiated GC) [PSYoungGen: 149654K->61230K(175104K)] 478738K->433115K(699392K), 0.0223005 secs] [Times: user=0.20 sys=0.00, real=0.02 secs] 
2016-09-24T00:25:45.609-0400: 113.327: [GC (Allocation Failure) [PSYoungGen: 149294K->61366K(175104K)] 527402K->439570K(699392K), 0.0265668 secs] [Times: user=0.24 sys=0.00, real=0.03 secs] 
2016-09-24T00:25:45.759-0400: 113.477: [GC (GCLocker Initiated GC) [PSYoungGen: 149430K->61462K(175104K)] 527639K->482776K(699392K), 0.0158860 secs] [Times: user=0.13 sys=0.00, real=0.02 secs] 
2016-09-24T00:25:45.891-0400: 113.609: [GC (Allocation Failure) [PSYoungGen: 149526K->67373K(175104K)] 577125K->537772K(699392K), 0.0119536 secs] [Times: user=0.11 sys=0.00, real=0.02 secs] 
2016-09-24T00:25:45.903-0400: 113.622: [Full GC (Ergonomics) [PSYoungGen: 67373K->0K(175104K)] [ParOldGen: 470399K->52888K(524288K)] 537772K->52888K(699392K), [Metaspace: 44380K->44380K(1087488K)], 0.0774961 secs] [Times: user=0.55 sys=0.01, real=0.07 secs] 
2016-09-24T00:25:46.086-0400: 113.804: [GC (GCLocker Initiated GC) [PSYoungGen: 88064K->86078K(175104K)] 140953K->163267K(699392K), 0.0108056 secs] [Times: user=0.14 sys=0.01, real=0.01 secs] 
2016-09-24T00:25:46.205-0400: 113.923: [GC (GCLocker Initiated GC) [PSYoungGen: 174142K->85922K(175104K)] 251379K->218405K(699392K), 0.0147499 secs] [Times: user=0.18 sys=0.00, real=0.01 secs] 
2016-09-24T00:25:46.344-0400: 114.062: [GC (GCLocker Initiated GC) [PSYoungGen: 173986K->49276K(175104K)] 306471K->255125K(699392K), 0.0239526 secs] [Times: user=0.27 sys=0.00, real=0.02 secs] 
2016-09-24T00:25:46.480-0400: 114.199: [GC (GCLocker Initiated GC) [PSYoungGen: 137340K->61654K(175104K)] 343398K->304274K(699392K), 0.0141588 secs] [Times: user=0.15 sys=0.00, real=0.02 secs] 
2016-09-24T00:25:46.619-0400: 114.337: [GC (GCLocker Initiated GC) [PSYoungGen: 149718K->61298K(175104K)] 398539K->322528K(699392K), 0.0247740 secs] [Times: user=0.22 sys=0.00, real=0.03 secs] 
2016-09-24T00:25:46.754-0400: 114.473: [GC (GCLocker Initiated GC) [PSYoungGen: 149362K->67533K(175104K)] 410735K->365483K(699392K), 0.0160551 secs] [Times: user=0.16 sys=0.00, real=0.01 secs] 
2016-09-24T00:25:46.886-0400: 114.605: [GC (GCLocker Initiated GC) [PSYoungGen: 155597K->86150K(175104K)] 453757K->408893K(699392K), 0.0154793 secs] [Times: user=0.15 sys=0.00, real=0.01 secs] 
2016-09-24T00:25:47.043-0400: 114.761: [GC (GCLocker Initiated GC) [PSYoungGen: 174214K->67405K(175104K)] 503382K->415229K(699392K), 0.0233728 secs] [Times: user=0.21 sys=0.00, real=0.02 secs] 
2016-09-24T00:25:47.191-0400: 114.909: [GC (GCLocker Initiated GC) [PSYoungGen: 155469K->42977K(175104K)] 509651K->397410K(699392K), 0.0174535 secs] [Times: user=0.12 sys=0.00, real=0.02 secs] 
2016-09-24T00:25:47.314-0400: 115.032: [GC (GCLocker Initiated GC) [PSYoungGen: 131041K->55451K(175104K)] 485841K->428751K(699392K), 0.0145758 secs] [Times: user=0.12 sys=0.01, real=0.02 secs] 
2016-09-24T00:25:47.461-0400: 115.180: [GC (GCLocker Initiated GC) [PSYoungGen: 143515K->86282K(175104K)] 516986K->484188K(699392K), 0.0144443 secs] [Times: user=0.21 sys=0.00, real=0.02 secs] 
2016-09-24T00:25:47.599-0400: 115.317: [GC (GCLocker Initiated GC) [PSYoungGen: 174346K->67469K(175104K)] 578386K->508275K(699392K), 0.0121226 secs] [Times: user=0.16 sys=0.00, real=0.01 secs] 
2016-09-24T00:25:47.731-0400: 115.449: [GC (GCLocker Initiated GC) [PSYoungGen: 155533K->73740K(175104K)] 596700K->557747K(699392K), 0.0168231 secs] [Times: user=0.18 sys=0.00, real=0.02 secs] 
2016-09-24T00:25:47.748-0400: 115.466: [Full GC (Ergonomics) [PSYoungGen: 73740K->0K(175104K)] [ParOldGen: 484007K->53118K(524288K)] 557747K->53118K(699392K), [Metaspace: 44389K->44389K(1087488K)], 0.0587899 secs] [Times: user=0.41 sys=0.00, real=0.06 secs] 
2016-09-24T00:25:47.931-0400: 115.650: [GC (GCLocker Initiated GC) [PSYoungGen: 88064K->85954K(175104K)] 147433K->151398K(699392K), 0.0258775 secs] [Times: user=0.29 sys=0.00, real=0.03 secs] 
2016-09-24T00:25:48.077-0400: 115.795: [GC (GCLocker Initiated GC) [PSYoungGen: 174018K->55383K(175104K)] 245892K->164023K(699392K), 0.0113577 secs] [Times: user=0.14 sys=0.01, real=0.01 secs] 
2016-09-24T00:25:48.229-0400: 115.947: [GC (GCLocker Initiated GC) [PSYoungGen: 143447K->74164K(175104K)] 252279K->183328K(699392K), 0.0103476 secs] [Times: user=0.15 sys=0.01, real=0.01 secs] 
2016-09-24T00:25:48.351-0400: 116.069: [GC (GCLocker Initiated GC) [PSYoungGen: 162228K->86150K(175104K)] 271618K->226387K(699392K), 0.0112155 secs] [Times: user=0.16 sys=0.00, real=0.01 secs] 
2016-09-24T00:25:48.494-0400: 116.212: [GC (GCLocker Initiated GC) [PSYoungGen: 174214K->31250K(175104K)] 314600K->214257K(699392K), 0.0124465 secs] [Times: user=0.08 sys=0.01, real=0.01 secs] 
2016-09-24T00:25:48.606-0400: 116.324: [GC (GCLocker Initiated GC) [PSYoungGen: 119314K->85790K(175104K)] 308523K->305665K(699392K), 0.0248729 secs] [Times: user=0.28 sys=0.00, real=0.02 secs] 
2016-09-24T00:25:48.772-0400: 116.491: [GC (GCLocker Initiated GC) [PSYoungGen: 173854K->80071K(175104K)] 393990K->336940K(699392K), 0.0132269 secs] [Times: user=0.11 sys=0.00, real=0.02 secs] 
2016-09-24T00:25:48.956-0400: 116.675: [GC (GCLocker Initiated GC) [PSYoungGen: 168135K->55711K(175104K)] 443427K->367985K(699392K), 0.0122813 secs] [Times: user=0.15 sys=0.00, real=0.01 secs] 
2016-09-24T00:25:49.085-0400: 116.803: [GC (GCLocker Initiated GC) [PSYoungGen: 143775K->73804K(175104K)] 456158K->398465K(699392K), 0.0223530 secs] [Times: user=0.21 sys=0.00, real=0.02 secs] 
2016-09-24T00:25:49.235-0400: 116.953: [GC (Allocation Failure) [PSYoungGen: 161868K->37453K(175104K)] 499017K->411313K(699392K), 0.0229869 secs] [Times: user=0.22 sys=0.00, real=0.02 secs] 
2016-09-24T00:25:49.364-0400: 117.082: [GC (GCLocker Initiated GC) [PSYoungGen: 120367K->73576K(175104K)] 500301K->454113K(699392K), 0.0110700 secs] [Times: user=0.10 sys=0.00, real=0.01 secs] 
2016-09-24T00:25:49.530-0400: 117.249: [GC (GCLocker Initiated GC) [PSYoungGen: 161640K->24848K(175104K)] 548265K->448002K(699392K), 0.0111801 secs] [Times: user=0.05 sys=0.00, real=0.01 secs] 
2016-09-24T00:25:49.634-0400: 117.352: [GC (GCLocker Initiated GC) [PSYoungGen: 112912K->85890K(175104K)] 536372K->540017K(699392K), 0.0224112 secs] [Times: user=0.24 sys=0.00, real=0.03 secs] 
2016-09-24T00:25:49.775-0400: 117.494: [GC (GCLocker Initiated GC) --[PSYoungGen: 173954K->173954K(175104K)] 634405K->695627K(699392K), 0.0314901 secs] [Times: user=0.30 sys=0.00, real=0.03 secs] 
2016-09-24T00:25:49.807-0400: 117.525: [Full GC (Ergonomics) [PSYoungGen: 173954K->0K(175104K)] [ParOldGen: 521673K->53514K(524288K)] 695627K->53514K(699392K), [Metaspace: 44389K->44389K(1087488K)], 0.0632009 secs] [Times: user=0.32 sys=0.02, real=0.06 secs] 
2016-09-24T00:25:50.011-0400: 117.729: [GC (GCLocker Initiated GC) [PSYoungGen: 88064K->73284K(175104K)] 147763K->132983K(699392K), 0.0257769 secs] [Times: user=0.20 sys=0.00, real=0.03 secs] 
2016-09-24T00:25:50.129-0400: 117.847: [GC (GCLocker Initiated GC) [PSYoungGen: 161348K->85890K(175104K)] 221128K->212647K(699392K), 0.0234547 secs] [Times: user=0.27 sys=0.00, real=0.02 secs] 
2016-09-24T00:25:50.268-0400: 117.987: [GC (Allocation Failure) [PSYoungGen: 173954K->85726K(175104K)] 306967K->316575K(699392K), 0.0154667 secs] [Times: user=0.23 sys=0.01, real=0.02 secs] 
2016-09-24T00:25:50.406-0400: 118.125: [GC (GCLocker Initiated GC) [PSYoungGen: 170035K->43069K(175104K)] 406959K->334951K(699392K), 0.0133937 secs] [Times: user=0.15 sys=0.00, real=0.01 secs] 
2016-09-24T00:25:50.531-0400: 118.250: [GC (GCLocker Initiated GC) [PSYoungGen: 131133K->74100K(175104K)] 429356K->390691K(699392K), 0.0120475 secs] [Times: user=0.12 sys=0.00, real=0.02 secs] 
2016-09-24T00:25:50.669-0400: 118.387: [GC (GCLocker Initiated GC) [PSYoungGen: 162164K->79651K(175104K)] 479039K->433564K(699392K), 0.0144739 secs] [Times: user=0.14 sys=0.00, real=0.02 secs] 
2016-09-24T00:25:50.803-0400: 118.521: [GC (GCLocker Initiated GC) [PSYoungGen: 167715K->55447K(175104K)] 521693K->464236K(699392K), 0.0156487 secs] [Times: user=0.16 sys=0.00, real=0.01 secs] 
2016-09-24T00:25:50.922-0400: 118.640: [GC (GCLocker Initiated GC) [PSYoungGen: 143511K->61562K(175104K)] 552667K->483127K(699392K), 0.0335866 secs] [Times: user=0.35 sys=0.00, real=0.04 secs] 
2016-09-24T00:25:51.072-0400: 118.791: [GC (GCLocker Initiated GC) [PSYoungGen: 149626K->49212K(175104K)] 571317K->538176K(699392K), 0.0216865 secs] [Times: user=0.21 sys=0.01, real=0.02 secs] 
2016-09-24T00:25:51.094-0400: 118.812: [Full GC (Ergonomics) [PSYoungGen: 49212K->0K(175104K)] [ParOldGen: 488964K->53369K(524288K)] 538176K->53369K(699392K), [Metaspace: 44395K->44395K(1087488K)], 0.0582506 secs] [Times: user=0.27 sys=0.00, real=0.05 secs] 
2016-09-24T00:25:51.290-0400: 119.008: [GC (GCLocker Initiated GC) [PSYoungGen: 88064K->86046K(175104K)] 147729K->151787K(699392K), 0.0135354 secs] [Times: user=0.13 sys=0.00, real=0.02 secs] 
2016-09-24T00:25:51.412-0400: 119.130: [GC (GCLocker Initiated GC) [PSYoungGen: 174110K->61522K(175104K)] 246287K->188945K(699392K), 0.0191770 secs] [Times: user=0.20 sys=0.00, real=0.02 secs] 
2016-09-24T00:25:51.553-0400: 119.271: [GC (Allocation Failure) [PSYoungGen: 149586K->55974K(175104K)] 277096K->189679K(699392K), 0.0088950 secs] [Times: user=0.07 sys=0.00, real=0.01 secs] 
2016-09-24T00:25:51.669-0400: 119.387: [GC (GCLocker Initiated GC) [PSYoungGen: 139382K->55351K(175104K)] 279162K->250441K(699392K), 0.0199349 secs] [Times: user=0.24 sys=0.00, real=0.02 secs] 
2016-09-24T00:25:51.807-0400: 119.526: [GC (GCLocker Initiated GC) [PSYoungGen: 143415K->85758K(175104K)] 344678K->293200K(699392K), 0.0217108 secs] [Times: user=0.27 sys=0.00, real=0.02 secs] 
2016-09-24T00:25:51.948-0400: 119.666: [GC (GCLocker Initiated GC) [PSYoungGen: 173822K->67341K(175104K)] 381291K->317602K(699392K), 0.0218866 secs] [Times: user=0.20 sys=0.00, real=0.02 secs] 
2016-09-24T00:25:52.096-0400: 119.814: [GC (GCLocker Initiated GC) [PSYoungGen: 155405K->85758K(175104K)] 405932K->397318K(699392K), 0.0208943 secs] [Times: user=0.22 sys=0.00, real=0.02 secs] 
2016-09-24T00:25:52.260-0400: 119.978: [GC (GCLocker Initiated GC) [PSYoungGen: 173820K->37322K(175104K)] 497881K->397959K(699392K), 0.0143054 secs] [Times: user=0.17 sys=0.00, real=0.02 secs] 
2016-09-24T00:25:52.409-0400: 120.127: [GC (Allocation Failure) [PSYoungGen: 125386K->55579K(175104K)] 498517K->429002K(699392K), 0.0092560 secs] [Times: user=0.10 sys=0.01, real=0.01 secs] 
2016-09-24T00:25:52.534-0400: 120.253: [GC (GCLocker Initiated GC) [PSYoungGen: 143643K->67369K(175104K)] 517067K->459153K(699392K), 0.0211977 secs] [Times: user=0.26 sys=0.00, real=0.02 secs] 
2016-09-24T00:25:52.662-0400: 120.381: [GC (Allocation Failure) [PSYoungGen: 155433K->74000K(175104K)] 553362K->520681K(699392K), 0.0117765 secs] [Times: user=0.14 sys=0.01, real=0.01 secs] 
2016-09-24T00:25:52.674-0400: 120.393: [Full GC (Ergonomics) [PSYoungGen: 74000K->0K(175104K)] [ParOldGen: 446681K->58752K(524288K)] 520681K->58752K(699392K), [Metaspace: 44395K->44395K(1087488K)], 0.0554942 secs] [Times: user=0.33 sys=0.00, real=0.05 secs] 
2016-09-24T00:25:52.851-0400: 120.569: [GC (GCLocker Initiated GC) [PSYoungGen: 88064K->86374K(175104K)] 146822K->169432K(699392K), 0.0138420 secs] [Times: user=0.16 sys=0.00, real=0.02 secs] 
2016-09-24T00:25:53.009-0400: 120.727: [GC (Allocation Failure) [PSYoungGen: 174438K->61554K(175104K)] 263865K->188330K(699392K), 0.0106494 secs] [Times: user=0.15 sys=0.00, real=0.01 secs] 
2016-09-24T00:25:53.130-0400: 120.849: [GC (GCLocker Initiated GC) [PSYoungGen: 149618K->61266K(175104K)] 276395K->212447K(699392K), 0.0168048 secs] [Times: user=0.17 sys=0.00, real=0.02 secs] 
2016-09-24T00:25:53.280-0400: 120.998: [GC (GCLocker Initiated GC) [PSYoungGen: 149330K->55615K(175104K)] 306952K->249947K(699392K), 0.0299682 secs] [Times: user=0.32 sys=0.01, real=0.03 secs] 
2016-09-24T00:25:53.422-0400: 121.140: [GC (GCLocker Initiated GC) [PSYoungGen: 143679K->73740K(175104K)] 338372K->268709K(699392K), 0.0088927 secs] [Times: user=0.08 sys=0.01, real=0.01 secs] 
2016-09-24T00:25:53.556-0400: 121.275: [GC (GCLocker Initiated GC) [PSYoungGen: 161804K->73608K(175104K)] 363041K->293190K(699392K), 0.0121395 secs] [Times: user=0.17 sys=0.00, real=0.01 secs] 
2016-09-24T00:25:53.692-0400: 121.410: [GC (GCLocker Initiated GC) [PSYoungGen: 161672K->73836K(175104K)] 381464K->330230K(699392K), 0.0127572 secs] [Times: user=0.15 sys=0.00, real=0.02 secs] 
2016-09-24T00:25:53.845-0400: 121.563: [GC (GCLocker Initiated GC) [PSYoungGen: 161900K->73544K(175104K)] 418655K->336657K(699392K), 0.0179826 secs] [Times: user=0.20 sys=0.01, real=0.02 secs] 
2016-09-24T00:25:54.011-0400: 121.730: [GC (GCLocker Initiated GC) [PSYoungGen: 161608K->37026K(175104K)] 437165K->312679K(699392K), 0.0072160 secs] [Times: user=0.09 sys=0.00, real=0.01 secs] 
2016-09-24T00:25:54.134-0400: 121.852: [GC (GCLocker Initiated GC) [PSYoungGen: 125090K->67565K(175104K)] 401302K->362170K(699392K), 0.0145029 secs] [Times: user=0.18 sys=0.00, real=0.02 secs] 
2016-09-24T00:25:54.276-0400: 121.995: [GC (Allocation Failure) [PSYoungGen: 155629K->73608K(175104K)] 450351K->410959K(699392K), 0.0162154 secs] [Times: user=0.19 sys=0.00, real=0.01 secs] 
2016-09-24T00:25:54.389-0400: 122.107: [GC (GCLocker Initiated GC) [PSYoungGen: 161672K->67533K(175104K)] 499028K->429325K(699392K), 0.0266981 secs] [Times: user=0.30 sys=0.01, real=0.03 secs] 
2016-09-24T00:25:54.528-0400: 122.246: [GC (Allocation Failure) [PSYoungGen: 155596K->67928K(175104K)] 529882K->442475K(699392K), 0.0132148 secs] [Times: user=0.13 sys=0.00, real=0.01 secs] 
2016-09-24T00:25:54.662-0400: 122.380: [GC (GCLocker Initiated GC) [PSYoungGen: 153233K->55383K(175104K)] 533855K->472925K(699392K), 0.0100970 secs] [Times: user=0.09 sys=0.01, real=0.00 secs] 
2016-09-24T00:25:54.798-0400: 122.517: [GC (GCLocker Initiated GC) [PSYoungGen: 143447K->55287K(175104K)] 561104K->473203K(699392K), 0.0153770 secs] [Times: user=0.19 sys=0.01, real=0.01 secs] 
2016-09-24T00:25:54.925-0400: 122.643: [GC (GCLocker Initiated GC) [PSYoungGen: 143351K->86118K(175104K)] 561617K->528999K(699392K), 0.0114402 secs] [Times: user=0.16 sys=0.00, real=0.01 secs] 
2016-09-24T00:25:55.066-0400: 122.784: [GC (GCLocker Initiated GC) [PSYoungGen: 174182K->55223K(175104K)] 617235K->534977K(699392K), 0.0156507 secs] [Times: user=0.19 sys=0.00, real=0.01 secs] 
2016-09-24T00:25:55.081-0400: 122.800: [Full GC (Ergonomics) [PSYoungGen: 55223K->0K(175104K)] [ParOldGen: 479754K->52896K(524288K)] 534977K->52896K(699392K), [Metaspace: 44396K->44396K(1087488K)], 0.0628995 secs] [Times: user=0.43 sys=0.02, real=0.07 secs] 
2016-09-24T00:25:55.275-0400: 122.993: [GC (GCLocker Initiated GC) [PSYoungGen: 88064K->86082K(175104K)] 147267K->145285K(699392K), 0.0145776 secs] [Times: user=0.11 sys=0.00, real=0.01 secs] 
2016-09-24T00:25:55.410-0400: 123.128: [GC (Allocation Failure) [PSYoungGen: 174146K->30663K(175104K)] 233965K->133670K(699392K), 0.0110361 secs] [Times: user=0.07 sys=0.00, real=0.01 secs] 
2016-09-24T00:25:55.526-0400: 123.244: [GC (GCLocker Initiated GC) [PSYoungGen: 117246K->43205K(175104K)] 226329K->182742K(699392K), 0.0131366 secs] [Times: user=0.06 sys=0.01, real=0.01 secs] 
2016-09-24T00:25:55.657-0400: 123.375: [GC (GCLocker Initiated GC) [PSYoungGen: 131269K->85762K(175104K)] 270865K->244202K(699392K), 0.0191056 secs] [Times: user=0.19 sys=0.01, real=0.02 secs] 
2016-09-24T00:25:55.829-0400: 123.547: [GC (GCLocker Initiated GC) [PSYoungGen: 173826K->73672K(175104K)] 332414K->293293K(699392K), 0.0189031 secs] [Times: user=0.22 sys=0.00, real=0.02 secs] 
2016-09-24T00:25:56.012-0400: 123.730: [GC (GCLocker Initiated GC) [PSYoungGen: 161736K->42925K(175104K)] 387608K->269064K(699392K), 0.0216885 secs] [Times: user=0.18 sys=0.00, real=0.02 secs] 
2016-09-24T00:25:56.179-0400: 123.897: [GC (Allocation Failure) [PSYoungGen: 130989K->37357K(175104K)] 363323K->269811K(699392K), 0.0144453 secs] [Times: user=0.15 sys=0.00, real=0.01 secs] 
2016-09-24T00:25:56.309-0400: 124.027: [GC (GCLocker Initiated GC) [PSYoungGen: 123689K->55287K(175104K)] 362218K->293903K(699392K), 0.0147330 secs] [Times: user=0.18 sys=0.01, real=0.02 secs] 
2016-09-24T00:25:56.452-0400: 124.170: [GC (GCLocker Initiated GC) [PSYoungGen: 143351K->43073K(175104K)] 388224K->306430K(699392K), 0.0088348 secs] [Times: user=0.07 sys=0.00, real=0.01 secs] 
2016-09-24T00:25:56.580-0400: 124.298: [GC (GCLocker Initiated GC) [PSYoungGen: 131137K->49575K(175104K)] 394715K->313405K(699392K), 0.0134487 secs] [Times: user=0.09 sys=0.00, real=0.01 secs] 
2016-09-24T00:25:56.700-0400: 124.419: [GC (GCLocker Initiated GC) [PSYoungGen: 137639K->85726K(175104K)] 407620K->392620K(699392K), 0.0251230 secs] [Times: user=0.26 sys=0.00, real=0.03 secs] 
2016-09-24T00:25:56.831-0400: 124.549: [GC (GCLocker Initiated GC) [PSYoungGen: 173790K->55287K(175104K)] 486761K->435359K(699392K), 0.0235716 secs] [Times: user=0.20 sys=0.00, real=0.03 secs] 
2016-09-24T00:25:56.964-0400: 124.682: [GC (GCLocker Initiated GC) [PSYoungGen: 143351K->55419K(175104K)] 523582K->478286K(699392K), 0.0276985 secs] [Times: user=0.27 sys=0.00, real=0.02 secs] 
2016-09-24T00:25:57.106-0400: 124.825: [GC (GCLocker Initiated GC) [PSYoungGen: 143483K->79719K(175104K)] 566711K->533730K(699392K), 0.0371977 secs] [Times: user=0.39 sys=0.01, real=0.04 secs] 
2016-09-24T00:25:57.144-0400: 124.862: [Full GC (Ergonomics) [PSYoungGen: 79719K->0K(175104K)] [ParOldGen: 454011K->53117K(524288K)] 533730K->53117K(699392K), [Metaspace: 44399K->44399K(1087488K)], 0.0630666 secs] [Times: user=0.44 sys=0.01, real=0.06 secs] 
2016-09-24T00:25:57.325-0400: 125.044: [GC (GCLocker Initiated GC) [PSYoungGen: 88064K->85822K(175104K)] 141491K->163550K(699392K), 0.0128083 secs] [Times: user=0.15 sys=0.01, real=0.01 secs] 
2016-09-24T00:25:57.480-0400: 125.198: [GC (GCLocker Initiated GC) [PSYoungGen: 173886K->43265K(175104K)] 257938K->182252K(699392K), 0.0238883 secs] [Times: user=0.24 sys=0.00, real=0.03 secs] 
2016-09-24T00:25:57.622-0400: 125.340: [GC (GCLocker Initiated GC) [PSYoungGen: 131329K->55319K(175104K)] 276583K->218942K(699392K), 0.0113427 secs] [Times: user=0.09 sys=0.00, real=0.00 secs] 
2016-09-24T00:25:57.760-0400: 125.478: [GC (GCLocker Initiated GC) [PSYoungGen: 143383K->73776K(175104K)] 307048K->255769K(699392K), 0.0217945 secs] [Times: user=0.23 sys=0.00, real=0.02 secs] 
2016-09-24T00:25:57.905-0400: 125.624: [GC (GCLocker Initiated GC) [PSYoungGen: 161840K->79911K(175104K)] 343931K->304811K(699392K), 0.0241594 secs] [Times: user=0.26 sys=0.00, real=0.02 secs] 
2016-09-24T00:25:58.045-0400: 125.764: [GC (GCLocker Initiated GC) [PSYoungGen: 167975K->73540K(175104K)] 399104K->365563K(699392K), 0.0173497 secs] [Times: user=0.22 sys=0.01, real=0.02 secs] 
2016-09-24T00:25:58.166-0400: 125.885: [GC (GCLocker Initiated GC) [PSYoungGen: 161604K->74000K(175104K)] 459861K->390594K(699392K), 0.0227205 secs] [Times: user=0.25 sys=0.00, real=0.02 secs] 
2016-09-24T00:25:58.325-0400: 126.044: [GC (GCLocker Initiated GC) [PSYoungGen: 162064K->19428K(175104K)] 497193K->391284K(699392K), 0.0220975 secs] [Times: user=0.23 sys=0.00, real=0.02 secs] 
2016-09-24T00:25:58.475-0400: 126.193: [GC (GCLocker Initiated GC) [PSYoungGen: 107492K->55415K(175104K)] 491667K->440233K(699392K), 0.0143039 secs] [Times: user=0.19 sys=0.00, real=0.01 secs] 
2016-09-24T00:25:58.611-0400: 126.329: [GC (GCLocker Initiated GC) [PSYoungGen: 143479K->79583K(175104K)] 534432K->495135K(699392K), 0.0115384 secs] [Times: user=0.13 sys=0.00, real=0.02 secs] 
2016-09-24T00:25:58.730-0400: 126.449: [GC (GCLocker Initiated GC) [PSYoungGen: 167647K->37098K(175104K)] 595435K->507499K(699392K), 0.0107006 secs] [Times: user=0.09 sys=0.00, real=0.01 secs] 
2016-09-24T00:25:58.741-0400: 126.459: [Full GC (Ergonomics) [PSYoungGen: 37098K->0K(175104K)] [ParOldGen: 470401K->52922K(524288K)] 507499K->52922K(699392K), [Metaspace: 44400K->44400K(1087488K)], 0.0587358 secs] [Times: user=0.31 sys=0.02, real=0.06 secs] 
2016-09-24T00:25:58.907-0400: 126.625: [GC (GCLocker Initiated GC) [PSYoungGen: 88064K->85982K(175104K)] 141157K->151225K(699392K), 0.0125538 secs] [Times: user=0.13 sys=0.00, real=0.01 secs] 
2016-09-24T00:25:59.031-0400: 126.749: [GC (GCLocker Initiated GC) [PSYoungGen: 174046K->79719K(175104K)] 239521K->163967K(699392K), 0.0105682 secs] [Times: user=0.08 sys=0.00, real=0.01 secs] 
2016-09-24T00:25:59.163-0400: 126.881: [GC (GCLocker Initiated GC) [PSYoungGen: 167783K->43201K(175104K)] 252190K->176687K(699392K), 0.0219922 secs] [Times: user=0.24 sys=0.00, real=0.02 secs] 
2016-09-24T00:25:59.308-0400: 127.026: [GC (GCLocker Initiated GC) [PSYoungGen: 131265K->86018K(175104K)] 265101K->250545K(699392K), 0.0125750 secs] [Times: user=0.16 sys=0.00, real=0.01 secs] 
2016-09-24T00:25:59.450-0400: 127.168: [GC (GCLocker Initiated GC) [PSYoungGen: 174082K->55383K(175104K)] 338663K->256722K(699392K), 0.0110941 secs] [Times: user=0.12 sys=0.00, real=0.01 secs] 
2016-09-24T00:25:59.594-0400: 127.312: [GC (GCLocker Initiated GC) [PSYoungGen: 143447K->85694K(175104K)] 344895K->293352K(699392K), 0.0134736 secs] [Times: user=0.16 sys=0.01, real=0.02 secs] 
2016-09-24T00:25:59.718-0400: 127.436: [GC (GCLocker Initiated GC) [PSYoungGen: 173758K->55479K(175104K)] 393776K->318369K(699392K), 0.0125433 secs] [Times: user=0.16 sys=0.01, real=0.01 secs] 
2016-09-24T00:25:59.860-0400: 127.578: [GC (GCLocker Initiated GC) [PSYoungGen: 143543K->73676K(175104K)] 406436K->336836K(699392K), 0.0166833 secs] [Times: user=0.17 sys=0.00, real=0.02 secs] 
2016-09-24T00:26:00.027-0400: 127.745: [GC (GCLocker Initiated GC) [PSYoungGen: 161740K->67565K(175104K)] 437120K->355542K(699392K), 0.0161677 secs] [Times: user=0.14 sys=0.00, real=0.02 secs] 
2016-09-24T00:26:00.151-0400: 127.870: [GC (GCLocker Initiated GC) [PSYoungGen: 155629K->79555K(175104K)] 443638K->392147K(699392K), 0.0219251 secs] [Times: user=0.21 sys=0.00, real=0.02 secs] 
2016-09-24T00:26:00.284-0400: 128.002: [GC (GCLocker Initiated GC) [PSYoungGen: 167619K->49116K(175104K)] 480370K->441118K(699392K), 0.0320732 secs] [Times: user=0.31 sys=0.00, real=0.03 secs] 
2016-09-24T00:26:00.440-0400: 128.158: [GC (GCLocker Initiated GC) [PSYoungGen: 137180K->49180K(175104K)] 529364K->496298K(699392K), 0.0208093 secs] [Times: user=0.20 sys=0.00, real=0.02 secs] 
2016-09-24T00:26:00.460-0400: 128.179: [Full GC (Ergonomics) [PSYoungGen: 49180K->0K(175104K)] [ParOldGen: 447118K->59477K(524288K)] 496298K->59477K(699392K), [Metaspace: 44404K->44404K(1087488K)], 0.0628066 secs] [Times: user=0.34 sys=0.00, real=0.07 secs] 
2016-09-24T00:26:00.644-0400: 128.362: [GC (GCLocker Initiated GC) [PSYoungGen: 88064K->86178K(175104K)] 153887K->164151K(699392K), 0.0212151 secs] [Times: user=0.25 sys=0.00, real=0.02 secs] 
2016-09-24T00:26:00.782-0400: 128.500: [GC (GCLocker Initiated GC) [PSYoungGen: 174242K->49308K(175104K)] 252381K->176758K(699392K), 0.0107096 secs] [Times: user=0.08 sys=0.00, real=0.01 secs] 
2016-09-24T00:26:00.901-0400: 128.619: [GC (Allocation Failure) [PSYoungGen: 137372K->86050K(175104K)] 264886K->274474K(699392K), 0.0213614 secs] [Times: user=0.23 sys=0.00, real=0.03 secs] 
2016-09-24T00:26:01.037-0400: 128.755: [GC (GCLocker Initiated GC) [PSYoungGen: 174114K->43365K(175104K)] 362543K->286917K(699392K), 0.0210245 secs] [Times: user=0.22 sys=0.00, real=0.02 secs] 
2016-09-24T00:26:01.176-0400: 128.894: [GC (GCLocker Initiated GC) [PSYoungGen: 131429K->73576K(175104K)] 375112K->348254K(699392K), 0.0313579 secs] [Times: user=0.33 sys=0.00, real=0.03 secs] 
2016-09-24T00:26:01.338-0400: 129.056: [GC (Allocation Failure) [PSYoungGen: 161640K->67829K(175104K)] 436628K->373288K(699392K), 0.0208079 secs] [Times: user=0.17 sys=0.01, real=0.02 secs] 
2016-09-24T00:26:01.473-0400: 129.192: [GC (GCLocker Initiated GC) [PSYoungGen: 154161K->30923K(175104K)] 465695K->379322K(699392K), 0.0097023 secs] [Times: user=0.08 sys=0.01, real=0.02 secs] 
2016-09-24T00:26:01.606-0400: 129.325: [GC (GCLocker Initiated GC) [PSYoungGen: 118987K->79655K(175104K)] 479618K->440373K(699392K), 0.0241429 secs] [Times: user=0.22 sys=0.00, real=0.02 secs] 
2016-09-24T00:26:01.743-0400: 129.461: [GC (Allocation Failure) [PSYoungGen: 167719K->49244K(175104K)] 528541K->459113K(699392K), 0.0202200 secs] [Times: user=0.20 sys=0.00, real=0.02 secs] 
2016-09-24T00:26:01.881-0400: 129.599: [GC (GCLocker Initiated GC) [PSYoungGen: 135301K->55419K(175104K)] 551245K->514156K(699392K), 0.0117840 secs] [Times: user=0.08 sys=0.00, real=0.01 secs] 
2016-09-24T00:26:01.893-0400: 129.611: [Full GC (Ergonomics) [PSYoungGen: 55419K->0K(175104K)] [ParOldGen: 458737K->53354K(524288K)] 514156K->53354K(699392K), [Metaspace: 44418K->44418K(1087488K)], 0.0613736 secs] [Times: user=0.29 sys=0.02, real=0.07 secs] 
2016-09-24T00:26:02.074-0400: 129.792: [GC (GCLocker Initiated GC) [PSYoungGen: 88064K->85758K(175104K)] 141476K->145246K(699392K), 0.0122656 secs] [Times: user=0.12 sys=0.00, real=0.02 secs] 
2016-09-24T00:26:02.215-0400: 129.933: [GC (Allocation Failure) [PSYoungGen: 173822K->43137K(175104K)] 239572K->163837K(699392K), 0.0114570 secs] [Times: user=0.09 sys=0.00, real=0.01 secs] 
2016-09-24T00:26:02.344-0400: 130.062: [GC (GCLocker Initiated GC) [PSYoungGen: 131201K->85566K(175104K)] 251907K->212622K(699392K), 0.0119873 secs] [Times: user=0.09 sys=0.00, real=0.01 secs] 
2016-09-24T00:26:02.497-0400: 130.215: [GC (GCLocker Initiated GC) [PSYoungGen: 173630K->61426K(175104K)] 307100K->231621K(699392K), 0.0116974 secs] [Times: user=0.11 sys=0.00, real=0.01 secs] 
2016-09-24T00:26:02.644-0400: 130.362: [GC (GCLocker Initiated GC) [PSYoungGen: 149490K->43336K(175104K)] 319851K->232010K(699392K), 0.0106702 secs] [Times: user=0.07 sys=0.00, real=0.01 secs] 
2016-09-24T00:26:02.763-0400: 130.481: [GC (Allocation Failure) [PSYoungGen: 131400K->55287K(175104K)] 320110K->274647K(699392K), 0.0120870 secs] [Times: user=0.10 sys=0.00, real=0.01 secs] 
2016-09-24T00:26:02.890-0400: 130.608: [GC (GCLocker Initiated GC) [PSYoungGen: 143351K->55059K(175104K)] 362718K->329376K(699392K), 0.0152197 secs] [Times: user=0.14 sys=0.01, real=0.02 secs] 
2016-09-24T00:26:03.017-0400: 130.735: [GC (GCLocker Initiated GC) [PSYoungGen: 143123K->67505K(175104K)] 417601K->360311K(699392K), 0.0304303 secs] [Times: user=0.35 sys=0.00, real=0.03 secs] 
2016-09-24T00:26:03.192-0400: 130.910: [GC (Allocation Failure) [PSYoungGen: 155569K->55387K(175104K)] 460803K->360873K(699392K), 0.0161006 secs] [Times: user=0.14 sys=0.00, real=0.02 secs] 
2016-09-24T00:26:03.208-0400: 130.927: [GC (GCLocker Initiated GC) [PSYoungGen: 55401K->160K(175104K)] 360887K->360871K(699392K), 0.0209824 secs] [Times: user=0.28 sys=0.00, real=0.02 secs] 
2016-09-24T00:26:03.385-0400: 131.103: [GC (Allocation Failure) [PSYoungGen: 85467K->55187K(175104K)] 446178K->415906K(699392K), 0.0086495 secs] [Times: user=0.06 sys=0.00, real=0.00 secs] 
2016-09-24T00:26:03.480-0400: 131.198: [GC (GCLocker Initiated GC) [PSYoungGen: 141634K->85922K(175104K)] 508429K->465009K(699392K), 0.0159464 secs] [Times: user=0.13 sys=0.01, real=0.02 secs] 
2016-09-24T00:26:03.627-0400: 131.345: [GC (GCLocker Initiated GC) [PSYoungGen: 173986K->85790K(175104K)] 553294K->471801K(699392K), 0.0117194 secs] [Times: user=0.16 sys=0.01, real=0.01 secs] 
2016-09-24T00:26:03.761-0400: 131.479: [GC (GCLocker Initiated GC) [PSYoungGen: 173854K->61490K(175104K)] 560002K->478156K(699392K), 0.0148587 secs] [Times: user=0.16 sys=0.01, real=0.02 secs] 
2016-09-24T00:26:03.884-0400: 131.602: [GC (GCLocker Initiated GC) [PSYoungGen: 149554K->73512K(175104K)] 566285K->532871K(699392K), 0.0144723 secs] [Times: user=0.13 sys=0.00, real=0.01 secs] 
2016-09-24T00:26:03.899-0400: 131.617: [Full GC (Ergonomics) [PSYoungGen: 73512K->0K(175104K)] [ParOldGen: 459359K->53287K(524288K)] 532871K->53287K(699392K), [Metaspace: 44427K->44427K(1087488K)], 0.0626894 secs] [Times: user=0.32 sys=0.02, real=0.06 secs] 
2016-09-24T00:26:04.073-0400: 131.791: [GC (GCLocker Initiated GC) [PSYoungGen: 88064K->86662K(175104K)] 141455K->164353K(699392K), 0.0100738 secs] [Times: user=0.11 sys=0.01, real=0.02 secs] 
2016-09-24T00:26:04.210-0400: 131.929: [GC (GCLocker Initiated GC) [PSYoungGen: 174726K->48952K(175104K)] 264755K->176351K(699392K), 0.0090860 secs] [Times: user=0.08 sys=0.00, real=0.01 secs] 
2016-09-24T00:26:04.337-0400: 132.056: [GC (GCLocker Initiated GC) [PSYoungGen: 137016K->85890K(175104K)] 264468K->237786K(699392K), 0.0103948 secs] [Times: user=0.11 sys=0.00, real=0.01 secs] 
2016-09-24T00:26:04.491-0400: 132.209: [GC (GCLocker Initiated GC) [PSYoungGen: 173954K->85562K(175104K)] 325908K->274398K(699392K), 0.0134035 secs] [Times: user=0.12 sys=0.00, real=0.02 secs] 
2016-09-24T00:26:04.641-0400: 132.359: [GC (GCLocker Initiated GC) [PSYoungGen: 173626K->67373K(175104K)] 363119K->287353K(699392K), 0.0253046 secs] [Times: user=0.23 sys=0.00, real=0.03 secs] 
2016-09-24T00:26:04.797-0400: 132.515: [GC (GCLocker Initiated GC) [PSYoungGen: 155437K->55287K(175104K)] 381825K->318417K(699392K), 0.0204686 secs] [Times: user=0.22 sys=0.01, real=0.02 secs] 
2016-09-24T00:26:04.932-0400: 132.650: [GC (GCLocker Initiated GC) [PSYoungGen: 143351K->61558K(175104K)] 412604K->349319K(699392K), 0.0262012 secs] [Times: user=0.27 sys=0.00, real=0.03 secs] 
2016-09-24T00:26:05.106-0400: 132.825: [GC (Allocation Failure) [PSYoungGen: 149622K->48984K(175104K)] 437413K->385659K(699392K), 0.0146874 secs] [Times: user=0.14 sys=0.00, real=0.01 secs] 
2016-09-24T00:26:05.234-0400: 132.952: [GC (GCLocker Initiated GC) [PSYoungGen: 137048K->67501K(175104K)] 473728K->428593K(699392K), 0.0233326 secs] [Times: user=0.25 sys=0.00, real=0.02 secs] 
2016-09-24T00:26:05.399-0400: 133.118: [GC (GCLocker Initiated GC) [PSYoungGen: 155565K->49507K(175104K)] 522774K->447211K(699392K), 0.0217378 secs] [Times: user=0.24 sys=0.00, real=0.02 secs] 
2016-09-24T00:26:05.531-0400: 133.249: [GC (GCLocker Initiated GC) [PSYoungGen: 137571K->55319K(175104K)] 541420K->483735K(699392K), 0.0201749 secs] [Times: user=0.21 sys=0.00, real=0.02 secs] 
2016-09-24T00:26:05.666-0400: 133.385: [GC (GCLocker Initiated GC) [PSYoungGen: 143383K->79751K(175104K)] 572166K->508817K(699392K), 0.0201379 secs] [Times: user=0.22 sys=0.00, real=0.02 secs] 
2016-09-24T00:26:05.818-0400: 133.536: [GC (GCLocker Initiated GC) [PSYoungGen: 167815K->61266K(175104K)] 596996K->527313K(699392K), 0.0207569 secs] [Times: user=0.21 sys=0.01, real=0.02 secs] 
2016-09-24T00:26:05.839-0400: 133.557: [Full GC (Ergonomics) [PSYoungGen: 61266K->0K(175104K)] [ParOldGen: 466047K->53890K(524288K)] 527313K->53890K(699392K), [Metaspace: 44429K->44429K(1087488K)], 0.0711579 secs] [Times: user=0.42 sys=0.01, real=0.07 secs] 
2016-09-24T00:26:06.036-0400: 133.754: [GC (GCLocker Initiated GC) [PSYoungGen: 88064K->85886K(175104K)] 142057K->139880K(699392K), 0.0091974 secs] [Times: user=0.07 sys=0.01, real=0.01 secs] 
2016-09-24T00:26:06.155-0400: 133.873: [GC (GCLocker Initiated GC) [PSYoungGen: 173950K->37258K(175104K)] 228054K->164826K(699392K), 0.0250935 secs] [Times: user=0.28 sys=0.00, real=0.02 secs] 
2016-09-24T00:26:06.300-0400: 134.018: [GC (GCLocker Initiated GC) [PSYoungGen: 125322K->85498K(175104K)] 259035K->268258K(699392K), 0.0282623 secs] [Times: user=0.31 sys=0.00, real=0.03 secs] 
2016-09-24T00:26:06.447-0400: 134.165: [GC (GCLocker Initiated GC) [PSYoungGen: 173562K->79815K(175104K)] 356683K->317715K(699392K), 0.0119719 secs] [Times: user=0.13 sys=0.01, real=0.01 secs] 
2016-09-24T00:26:06.600-0400: 134.318: [GC (GCLocker Initiated GC) [PSYoungGen: 167879K->37062K(175104K)] 405782K->330095K(699392K), 0.0129970 secs] [Times: user=0.13 sys=0.00, real=0.01 secs] 
2016-09-24T00:26:06.709-0400: 134.428: [GC (GCLocker Initiated GC) [PSYoungGen: 125126K->85726K(175104K)] 418229K->391099K(699392K), 0.0156643 secs] [Times: user=0.18 sys=0.00, real=0.02 secs] 
2016-09-24T00:26:06.855-0400: 134.573: [GC (GCLocker Initiated GC) [PSYoungGen: 173790K->49084K(175104K)] 485515K->409668K(699392K), 0.0210623 secs] [Times: user=0.17 sys=0.00, real=0.02 secs] 
2016-09-24T00:26:07.012-0400: 134.731: [GC (GCLocker Initiated GC) [PSYoungGen: 137148K->43169K(175104K)] 497886K->422399K(699392K), 0.0226474 secs] [Times: user=0.21 sys=0.01, real=0.03 secs] 
2016-09-24T00:26:07.140-0400: 134.858: [GC (GCLocker Initiated GC) [PSYoungGen: 131233K->55223K(175104K)] 516585K->458911K(699392K), 0.0134155 secs] [Times: user=0.12 sys=0.00, real=0.01 secs] 
2016-09-24T00:26:07.272-0400: 134.990: [GC (GCLocker Initiated GC) [PSYoungGen: 143287K->67597K(175104K)] 547051K->489878K(699392K), 0.0179650 secs] [Times: user=0.18 sys=0.00, real=0.02 secs] 
2016-09-24T00:26:07.432-0400: 135.151: [GC (GCLocker Initiated GC) [PSYoungGen: 155661K->55679K(175104K)] 590436K->508970K(699392K), 0.0107811 secs] [Times: user=0.09 sys=0.01, real=0.02 secs] 
2016-09-24T00:26:07.443-0400: 135.162: [Full GC (Ergonomics) [PSYoungGen: 55679K->0K(175104K)] [ParOldGen: 453291K->53501K(524288K)] 508970K->53501K(699392K), [Metaspace: 44430K->44430K(1087488K)], 0.0643055 secs] [Times: user=0.31 sys=0.00, real=0.06 secs] 
2016-09-24T00:26:07.633-0400: 135.351: [GC (GCLocker Initiated GC) [PSYoungGen: 88064K->86182K(175104K)] 147939K->152132K(699392K), 0.0098608 secs] [Times: user=0.14 sys=0.00, real=0.02 secs] 
2016-09-24T00:26:07.741-0400: 135.459: [GC (GCLocker Initiated GC) [PSYoungGen: 174246K->85822K(175104K)] 240245K->249345K(699392K), 0.0145754 secs] [Times: user=0.20 sys=0.00, real=0.02 secs] 
2016-09-24T00:26:07.851-0400: 135.569: [GC (Allocation Failure) [PSYoungGen: 173886K->86018K(175104K)] 337444K->328883K(699392K), 0.0140261 secs] [Times: user=0.20 sys=0.00, real=0.02 secs] 
2016-09-24T00:26:07.993-0400: 135.711: [GC (GCLocker Initiated GC) [PSYoungGen: 172151K->55351K(175104K)] 421092K->335122K(699392K), 0.0104095 secs] [Times: user=0.11 sys=0.00, real=0.02 secs] 
2016-09-24T00:26:08.116-0400: 135.835: [GC (GCLocker Initiated GC) [PSYoungGen: 143415K->49180K(175104K)] 429348K->353629K(699392K), 0.0148465 secs] [Times: user=0.15 sys=0.00, real=0.01 secs] 
2016-09-24T00:26:08.262-0400: 135.981: [GC (GCLocker Initiated GC) [PSYoungGen: 137244K->61362K(175104K)] 441723K->378087K(699392K), 0.0203043 secs] [Times: user=0.22 sys=0.00, real=0.02 secs] 
2016-09-24T00:26:08.400-0400: 136.119: [GC (GCLocker Initiated GC) [PSYoungGen: 149426K->37066K(175104K)] 466157K->372298K(699392K), 0.0185068 secs] [Times: user=0.16 sys=0.00, real=0.02 secs] 
2016-09-24T00:26:08.524-0400: 136.243: [GC (GCLocker Initiated GC) [PSYoungGen: 125130K->67533K(175104K)] 460521K->451972K(699392K), 0.0118238 secs] [Times: user=0.11 sys=0.00, real=0.01 secs] 
2016-09-24T00:26:08.657-0400: 136.375: [GC (GCLocker Initiated GC) [PSYoungGen: 155597K->85890K(175104K)] 540196K->507074K(699392K), 0.0229567 secs] [Times: user=0.25 sys=0.00, real=0.02 secs] 
2016-09-24T00:26:08.828-0400: 136.547: [GC (GCLocker Initiated GC) [PSYoungGen: 173954K->73576K(175104K)] 595185K->531541K(699392K), 0.0280243 secs] [Times: user=0.31 sys=0.00, real=0.03 secs] 
2016-09-24T00:26:08.857-0400: 136.575: [Full GC (Ergonomics) [PSYoungGen: 73576K->0K(175104K)] [ParOldGen: 457965K->46038K(524288K)] 531541K->46038K(699392K), [Metaspace: 44430K->44430K(1087488K)], 0.0694652 secs] [Times: user=0.47 sys=0.02, real=0.07 secs] 
2016-09-24T00:26:09.057-0400: 136.775: [GC (Allocation Failure) [PSYoungGen: 88064K->86242K(175104K)] 140342K->181045K(699392K), 0.0223423 secs] [Times: user=0.29 sys=0.01, real=0.02 secs] 
2016-09-24T00:26:09.200-0400: 136.919: [GC (GCLocker Initiated GC) [PSYoungGen: 174306K->55579K(175104K)] 269120K->229931K(699392K), 0.0197453 secs] [Times: user=0.26 sys=0.00, real=0.02 secs] 
2016-09-24T00:26:09.307-0400: 137.025: [GC (GCLocker Initiated GC) [PSYoungGen: 143643K->85662K(175104K)] 318284K->309171K(699392K), 0.0192879 secs] [Times: user=0.20 sys=0.00, real=0.02 secs] 
2016-09-24T00:26:09.447-0400: 137.165: [GC (GCLocker Initiated GC) [PSYoungGen: 173726K->79783K(175104K)] 397501K->340127K(699392K), 0.0146626 secs] [Times: user=0.13 sys=0.00, real=0.01 secs] 
2016-09-24T00:26:09.584-0400: 137.302: [GC (GCLocker Initiated GC) [PSYoungGen: 167847K->79683K(175104K)] 428239K->376793K(699392K), 0.0139646 secs] [Times: user=0.15 sys=0.00, real=0.01 secs] 
2016-09-24T00:26:09.717-0400: 137.435: [GC (GCLocker Initiated GC) [PSYoungGen: 167747K->43009K(175104K)] 464988K->376795K(699392K), 0.0176722 secs] [Times: user=0.17 sys=0.00, real=0.02 secs] 
2016-09-24T00:26:09.855-0400: 137.573: [GC (GCLocker Initiated GC) [PSYoungGen: 131073K->85822K(175104K)] 471021K->456461K(699392K), 0.0109783 secs] [Times: user=0.12 sys=0.01, real=0.01 secs] 
2016-09-24T00:26:09.967-0400: 137.685: [GC (GCLocker Initiated GC) [PSYoungGen: 173886K->61426K(175104K)] 544790K->469064K(699392K), 0.0179980 secs] [Times: user=0.18 sys=0.01, real=0.02 secs] 
2016-09-24T00:26:10.100-0400: 137.818: [GC (GCLocker Initiated GC) [PSYoungGen: 149490K->73968K(175104K)] 563368K->506370K(699392K), 0.0297949 secs] [Times: user=0.39 sys=0.00, real=0.03 secs] 
2016-09-24T00:26:10.271-0400: 137.989: [GC (Allocation Failure) [PSYoungGen: 162032K->85758K(175104K)] 594538K->542847K(699392K), 0.0190746 secs] [Times: user=0.22 sys=0.00, real=0.02 secs] 
2016-09-24T00:26:10.290-0400: 138.009: [Full GC (Ergonomics) [PSYoungGen: 85758K->0K(175104K)] [ParOldGen: 457089K->46066K(524288K)] 542847K->46066K(699392K), [Metaspace: 44430K->44430K(1087488K)], 0.0585955 secs] [Times: user=0.33 sys=0.02, real=0.06 secs] 
2016-09-24T00:26:10.470-0400: 138.188: [GC (GCLocker Initiated GC) [PSYoungGen: 88064K->86214K(175104K)] 134135K->150510K(699392K), 0.0178517 secs] [Times: user=0.17 sys=0.01, real=0.02 secs] 
2016-09-24T00:26:10.615-0400: 138.333: [GC (GCLocker Initiated GC) [PSYoungGen: 174278K->61426K(175104K)] 238891K->169423K(699392K), 0.0157982 secs] [Times: user=0.14 sys=0.00, real=0.01 secs] 
2016-09-24T00:26:10.758-0400: 138.476: [GC (GCLocker Initiated GC) [PSYoungGen: 149490K->55679K(175104K)] 263900K->188434K(699392K), 0.0297415 secs] [Times: user=0.36 sys=0.00, real=0.03 secs] 
2016-09-24T00:26:10.906-0400: 138.624: [GC (GCLocker Initiated GC) [PSYoungGen: 143743K->36994K(175104K)] 282580K->230806K(699392K), 0.0100610 secs] [Times: user=0.12 sys=0.00, real=0.01 secs] 
2016-09-24T00:26:11.034-0400: 138.752: [GC (GCLocker Initiated GC) [PSYoungGen: 125058K->79751K(175104K)] 319080K->273885K(699392K), 0.0096117 secs] [Times: user=0.09 sys=0.00, real=0.02 secs] 
2016-09-24T00:26:11.155-0400: 138.873: [GC (GCLocker Initiated GC) [PSYoungGen: 167815K->85694K(175104K)] 362142K->316927K(699392K), 0.0128031 secs] [Times: user=0.13 sys=0.00, real=0.01 secs] 
2016-09-24T00:26:11.284-0400: 139.003: [GC (GCLocker Initiated GC) [PSYoungGen: 173758K->49180K(175104K)] 405195K->335552K(699392K), 0.0160732 secs] [Times: user=0.17 sys=0.00, real=0.01 secs] 
2016-09-24T00:26:11.424-0400: 139.142: [GC (GCLocker Initiated GC) [PSYoungGen: 137244K->73580K(175104K)] 423866K->360281K(699392K), 0.0122330 secs] [Times: user=0.07 sys=0.01, real=0.01 secs] 
2016-09-24T00:26:11.574-0400: 139.292: [GC (GCLocker Initiated GC) [PSYoungGen: 161644K->43041K(175104K)] 454585K->372855K(699392K), 0.0102004 secs] [Times: user=0.08 sys=0.01, real=0.02 secs] 
2016-09-24T00:26:11.704-0400: 139.422: [GC (GCLocker Initiated GC) [PSYoungGen: 131105K->43301K(175104K)] 467120K->397644K(699392K), 0.0250857 secs] [Times: user=0.25 sys=0.00, real=0.02 secs] 
2016-09-24T00:26:11.850-0400: 139.568: [GC (GCLocker Initiated GC) [PSYoungGen: 131365K->43009K(175104K)] 485784K->421980K(699392K), 0.0304061 secs] [Times: user=0.34 sys=0.00, real=0.03 secs] 
2016-09-24T00:26:11.993-0400: 139.711: [GC (GCLocker Initiated GC) [PSYoungGen: 131073K->61266K(175104K)] 510097K->458782K(699392K), 0.0189541 secs] [Times: user=0.15 sys=0.00, real=0.02 secs] 
2016-09-24T00:26:12.117-0400: 139.835: [GC (GCLocker Initiated GC) [PSYoungGen: 149330K->67761K(175104K)] 559044K->550691K(699392K), 0.0143317 secs] [Times: user=0.18 sys=0.01, real=0.01 secs] 
2016-09-24T00:26:12.131-0400: 139.850: [Full GC (Ergonomics) [PSYoungGen: 67761K->0K(175104K)] [ParOldGen: 482930K->52536K(524288K)] 550691K->52536K(699392K), [Metaspace: 44441K->44441K(1087488K)], 0.0590153 secs] [Times: user=0.38 sys=0.02, real=0.06 secs] 
2016-09-24T00:26:12.295-0400: 140.013: [GC (GCLocker Initiated GC) [PSYoungGen: 88064K->86374K(175104K)] 152931K->151241K(699392K), 0.0105119 secs] [Times: user=0.13 sys=0.00, real=0.01 secs] 
2016-09-24T00:26:12.450-0400: 140.168: [GC (GCLocker Initiated GC) [PSYoungGen: 174438K->49372K(175104K)] 245399K->187910K(699392K), 0.0137140 secs] [Times: user=0.17 sys=0.01, real=0.02 secs] 
2016-09-24T00:26:12.591-0400: 140.309: [GC (GCLocker Initiated GC) [PSYoungGen: 137436K->79651K(175104K)] 276011K->254976K(699392K), 0.0264718 secs] [Times: user=0.33 sys=0.00, real=0.03 secs] 
2016-09-24T00:26:12.724-0400: 140.443: [GC (GCLocker Initiated GC) [PSYoungGen: 167715K->85854K(175104K)] 343283K->316413K(699392K), 0.0134655 secs] [Times: user=0.22 sys=0.00, real=0.01 secs] 
2016-09-24T00:26:12.885-0400: 140.603: [GC (GCLocker Initiated GC) [PSYoungGen: 173918K->24915K(175104K)] 416982K->304673K(699392K), 0.0353753 secs] [Times: user=0.28 sys=0.01, real=0.03 secs] 
2016-09-24T00:26:13.046-0400: 140.764: [GC (GCLocker Initiated GC) [PSYoungGen: 112979K->55451K(175104K)] 405237K->347796K(699392K), 0.0228629 secs] [Times: user=0.23 sys=0.00, real=0.02 secs] 
2016-09-24T00:26:13.185-0400: 140.903: [GC (GCLocker Initiated GC) [PSYoungGen: 143515K->49080K(175104K)] 442089K->366146K(699392K), 0.0147768 secs] [Times: user=0.18 sys=0.00, real=0.01 secs] 
2016-09-24T00:26:13.306-0400: 141.024: [GC (GCLocker Initiated GC) [PSYoungGen: 137144K->73836K(175104K)] 454248K->409300K(699392K), 0.0097895 secs] [Times: user=0.10 sys=0.00, real=0.01 secs] 
2016-09-24T00:26:13.435-0400: 141.153: [GC (GCLocker Initiated GC) [PSYoungGen: 161900K->85858K(175104K)] 503761K->434226K(699392K), 0.0159918 secs] [Times: user=0.19 sys=0.00, real=0.01 secs] 
2016-09-24T00:26:13.603-0400: 141.322: [GC (GCLocker Initiated GC) [PSYoungGen: 173922K->43041K(175104K)] 528529K->422224K(699392K), 0.0101932 secs] [Times: user=0.07 sys=0.00, real=0.00 secs] 
2016-09-24T00:26:13.791-0400: 141.509: [GC (GCLocker Initiated GC) [PSYoungGen: 131105K->18645K(175104K)] 528514K->416298K(699392K), 0.0103884 secs] [Times: user=0.09 sys=0.00, real=0.01 secs] 
2016-09-24T00:26:13.939-0400: 141.657: [GC (GCLocker Initiated GC) [PSYoungGen: 106709K->55191K(175104K)] 510450K->459003K(699392K), 0.0206642 secs] [Times: user=0.17 sys=0.00, real=0.02 secs] 
2016-09-24T00:26:14.078-0400: 141.796: [GC (GCLocker Initiated GC) [PSYoungGen: 143255K->67733K(175104K)] 553359K->477924K(699392K), 0.0124212 secs] [Times: user=0.12 sys=0.00, real=0.01 secs] 
2016-09-24T00:26:14.228-0400: 141.946: [GC (GCLocker Initiated GC) [PSYoungGen: 155794K->55255K(175104K)] 572433K->496461K(699392K), 0.0236211 secs] [Times: user=0.24 sys=0.00, real=0.02 secs] 
2016-09-24T00:26:14.363-0400: 142.081: [GC (GCLocker Initiated GC) [PSYoungGen: 143319K->61654K(175104K)] 590748K->545856K(699392K), 0.0106080 secs] [Times: user=0.14 sys=0.00, real=0.00 secs] 
2016-09-24T00:26:14.374-0400: 142.092: [Full GC (Ergonomics) [PSYoungGen: 61654K->0K(175104K)] [ParOldGen: 484202K->59019K(524288K)] 545856K->59019K(699392K), [Metaspace: 44441K->44441K(1087488K)], 0.0624014 secs] [Times: user=0.38 sys=0.02, real=0.07 secs] 
2016-09-24T00:26:14.554-0400: 142.273: [GC (Allocation Failure) [PSYoungGen: 88064K->86274K(175104K)] 153250K->169685K(699392K), 0.0120515 secs] [Times: user=0.16 sys=0.00, real=0.01 secs] 
2016-09-24T00:26:14.698-0400: 142.416: [GC (Allocation Failure) [PSYoungGen: 174338K->67369K(175104K)] 257749K->212094K(699392K), 0.0175210 secs] [Times: user=0.20 sys=0.01, real=0.02 secs] 
2016-09-24T00:26:14.837-0400: 142.555: [GC (GCLocker Initiated GC) [PSYoungGen: 155433K->73676K(175104K)] 300163K->218502K(699392K), 0.0088344 secs] [Times: user=0.08 sys=0.00, real=0.01 secs] 
2016-09-24T00:26:14.942-0400: 142.660: [GC (GCLocker Initiated GC) [PSYoungGen: 161740K->85630K(175104K)] 306625K->267264K(699392K), 0.0114821 secs] [Times: user=0.09 sys=0.00, real=0.01 secs] 
2016-09-24T00:26:15.079-0400: 142.797: [GC (Allocation Failure) [PSYoungGen: 173694K->85954K(175104K)] 361456K->364977K(699392K), 0.0216191 secs] [Times: user=0.24 sys=0.00, real=0.02 secs] 
2016-09-24T00:26:15.101-0400: 142.820: [GC (GCLocker Initiated GC) [PSYoungGen: 86209K->64K(175104K)] 365233K->370764K(699392K), 0.0102425 secs] [Times: user=0.10 sys=0.00, real=0.01 secs] 
2016-09-24T00:26:15.214-0400: 142.933: [GC (GCLocker Initiated GC) [PSYoungGen: 83506K->80267K(175104K)] 460282K->457042K(699392K), 0.0130765 secs] [Times: user=0.13 sys=0.01, real=0.01 secs] 
2016-09-24T00:26:15.341-0400: 143.059: [GC (GCLocker Initiated GC) [PSYoungGen: 168331K->61522K(175104K)] 545113K->493707K(699392K), 0.0229666 secs] [Times: user=0.32 sys=0.00, real=0.03 secs] 
2016-09-24T00:26:15.364-0400: 143.082: [Full GC (Ergonomics) [PSYoungGen: 61522K->0K(175104K)] [ParOldGen: 432185K->46697K(524288K)] 493707K->46697K(699392K), [Metaspace: 44441K->44441K(1087488K)], 0.0510025 secs] [Times: user=0.42 sys=0.00, real=0.05 secs] 
2016-09-24T00:26:15.543-0400: 143.261: [GC (GCLocker Initiated GC) [PSYoungGen: 88064K->86210K(175104K)] 135106K->145402K(699392K), 0.0127518 secs] [Times: user=0.17 sys=0.00, real=0.01 secs] 
2016-09-24T00:26:15.672-0400: 143.390: [GC (Allocation Failure) [PSYoungGen: 174274K->55714K(175104K)] 245932K->170413K(699392K), 0.0260761 secs] [Times: user=0.24 sys=0.00, real=0.03 secs] 
2016-09-24T00:26:15.828-0400: 143.547: [GC (GCLocker Initiated GC) [PSYoungGen: 143778K->55223K(175104K)] 258478K->206639K(699392K), 0.0152926 secs] [Times: user=0.15 sys=0.00, real=0.02 secs] 
2016-09-24T00:26:15.964-0400: 143.683: [GC (GCLocker Initiated GC) [PSYoungGen: 143287K->55483K(175104K)] 300933K->213397K(699392K), 0.0162719 secs] [Times: user=0.17 sys=0.00, real=0.01 secs] 
2016-09-24T00:26:16.116-0400: 143.835: [GC (GCLocker Initiated GC) [PSYoungGen: 143547K->73512K(175104K)] 301653K->250127K(699392K), 0.0173012 secs] [Times: user=0.19 sys=0.00, real=0.01 secs] 
2016-09-24T00:26:16.262-0400: 143.981: [GC (GCLocker Initiated GC) [PSYoungGen: 161576K->79555K(175104K)] 338535K->274842K(699392K), 0.0108709 secs] [Times: user=0.09 sys=0.00, real=0.00 secs] 
2016-09-24T00:26:16.408-0400: 144.126: [GC (GCLocker Initiated GC) [PSYoungGen: 167619K->55387K(175104K)] 369281K->293594K(699392K), 0.0216870 secs] [Times: user=0.20 sys=0.00, real=0.02 secs] 
2016-09-24T00:26:16.532-0400: 144.250: [GC (GCLocker Initiated GC) [PSYoungGen: 143451K->55159K(175104K)] 381689K->311873K(699392K), 0.0122859 secs] [Times: user=0.08 sys=0.00, real=0.02 secs] 
2016-09-24T00:26:16.658-0400: 144.376: [GC (Allocation Failure) [PSYoungGen: 143223K->37130K(175104K)] 406362K->379520K(699392K), 0.0117058 secs] [Times: user=0.10 sys=0.00, real=0.01 secs] 
2016-09-24T00:26:16.797-0400: 144.515: [GC (GCLocker Initiated GC) [PSYoungGen: 125194K->73348K(175104K)] 467590K->416175K(699392K), 0.0271619 secs] [Times: user=0.23 sys=0.00, real=0.03 secs] 
2016-09-24T00:26:16.940-0400: 144.658: [GC (GCLocker Initiated GC) [PSYoungGen: 161412K->85822K(175104K)] 510474K->465378K(699392K), 0.0126202 secs] [Times: user=0.19 sys=0.00, real=0.01 secs] 
2016-09-24T00:26:17.082-0400: 144.801: [GC (GCLocker Initiated GC) [PSYoungGen: 173886K->55159K(175104K)] 553518K->459351K(699392K), 0.0229542 secs] [Times: user=0.20 sys=0.00, real=0.02 secs] 
2016-09-24T00:26:17.231-0400: 144.949: [GC (GCLocker Initiated GC) [PSYoungGen: 143223K->79683K(175104K)] 553588K->520730K(699392K), 0.0107279 secs] [Times: user=0.11 sys=0.00, real=0.01 secs] 
2016-09-24T00:26:17.348-0400: 145.066: [GC (GCLocker Initiated GC) [PSYoungGen: 167747K->49148K(175104K)] 608825K->526959K(699392K), 0.0143047 secs] [Times: user=0.14 sys=0.00, real=0.01 secs] 
2016-09-24T00:26:17.362-0400: 145.080: [Full GC (Ergonomics) [PSYoungGen: 49148K->0K(175104K)] [ParOldGen: 477811K->52903K(524288K)] 526959K->52903K(699392K), [Metaspace: 44448K->44448K(1087488K)], 0.0721428 secs] [Times: user=0.44 sys=0.01, real=0.08 secs] 
2016-09-24T00:26:17.550-0400: 145.268: [GC (GCLocker Initiated GC) [PSYoungGen: 88064K->85982K(175104K)] 147090K->157158K(699392K), 0.0232981 secs] [Times: user=0.25 sys=0.01, real=0.02 secs] 
2016-09-24T00:26:17.680-0400: 145.398: [GC (GCLocker Initiated GC) [PSYoungGen: 174046K->61622K(175104K)] 251299K->200361K(699392K), 0.0114700 secs] [Times: user=0.14 sys=0.00, real=0.01 secs] 
2016-09-24T00:26:17.813-0400: 145.531: [GC (GCLocker Initiated GC) [PSYoungGen: 149686K->61754K(175104K)] 294665K->207000K(699392K), 0.0077474 secs] [Times: user=0.06 sys=0.00, real=0.01 secs] 
2016-09-24T00:26:17.938-0400: 145.656: [GC (GCLocker Initiated GC) [PSYoungGen: 149818K->61202K(175104K)] 295112K->237122K(699392K), 0.0232815 secs] [Times: user=0.22 sys=0.00, real=0.02 secs] 
2016-09-24T00:26:18.058-0400: 145.776: [GC (GCLocker Initiated GC) [PSYoungGen: 149266K->61458K(175104K)] 325357K->316652K(699392K), 0.0118864 secs] [Times: user=0.13 sys=0.00, real=0.01 secs] 
2016-09-24T00:26:18.177-0400: 145.895: [GC (GCLocker Initiated GC) [PSYoungGen: 149522K->85890K(175104K)] 404774K->365766K(699392K), 0.0338350 secs] [Times: user=0.41 sys=0.00, real=0.03 secs] 
2016-09-24T00:26:18.321-0400: 146.039: [GC (GCLocker Initiated GC) [PSYoungGen: 173954K->73508K(175104K)] 454078K->402680K(699392K), 0.0269969 secs] [Times: user=0.32 sys=0.00, real=0.03 secs] 
2016-09-24T00:26:18.455-0400: 146.173: [GC (GCLocker Initiated GC) [PSYoungGen: 161572K->73968K(175104K)] 497052K->427800K(699392K), 0.0094508 secs] [Times: user=0.09 sys=0.00, real=0.01 secs] 
2016-09-24T00:26:18.611-0400: 146.329: [GC (Allocation Failure) [PSYoungGen: 162032K->37386K(175104K)] 528347K->422562K(699392K), 0.0141678 secs] [Times: user=0.18 sys=0.00, real=0.02 secs] 
2016-09-24T00:26:18.626-0400: 146.344: [GC (GCLocker Initiated GC) [PSYoungGen: 37401K->64K(175104K)] 422578K->422224K(699392K), 0.0073282 secs] [Times: user=0.05 sys=0.00, real=0.00 secs] 
2016-09-24T00:26:18.741-0400: 146.459: [GC (GCLocker Initiated GC) [PSYoungGen: 88128K->73252K(175104K)] 510294K->495426K(699392K), 0.0097705 secs] [Times: user=0.09 sys=0.00, real=0.01 secs] 
2016-09-24T00:26:18.855-0400: 146.574: [GC (GCLocker Initiated GC) [PSYoungGen: 161316K->86118K(175104K)] 589612K->587466K(699392K), 0.0326453 secs] [Times: user=0.37 sys=0.00, real=0.03 secs] 
2016-09-24T00:26:18.888-0400: 146.606: [Full GC (Ergonomics) [PSYoungGen: 86118K->0K(175104K)] [ParOldGen: 501348K->52905K(524288K)] 587466K->52905K(699392K), [Metaspace: 44448K->44448K(1087488K)], 0.0648817 secs] [Times: user=0.41 sys=0.02, real=0.06 secs] 
2016-09-24T00:26:19.052-0400: 146.770: [GC (GCLocker Initiated GC) [PSYoungGen: 88064K->86694K(175104K)] 141331K->170336K(699392K), 0.0131177 secs] [Times: user=0.20 sys=0.00, real=0.02 secs] 
2016-09-24T00:26:19.165-0400: 146.883: [GC (GCLocker Initiated GC) [PSYoungGen: 174758K->85790K(175104K)] 258492K->231290K(699392K), 0.0151159 secs] [Times: user=0.22 sys=0.00, real=0.01 secs] 
2016-09-24T00:26:19.292-0400: 147.010: [GC (GCLocker Initiated GC) [PSYoungGen: 173854K->43493K(175104K)] 331781K->280546K(699392K), 0.0128713 secs] [Times: user=0.17 sys=0.00, real=0.02 secs] 
2016-09-24T00:26:19.431-0400: 147.149: [GC (GCLocker Initiated GC) [PSYoungGen: 131557K->73772K(175104K)] 374906K->335678K(699392K), 0.0099828 secs] [Times: user=0.13 sys=0.00, real=0.01 secs] 
2016-09-24T00:26:19.527-0400: 147.245: [GC (GCLocker Initiated GC) [PSYoungGen: 161836K->73540K(175104K)] 423985K->354206K(699392K), 0.0175126 secs] [Times: user=0.22 sys=0.00, real=0.02 secs] 
2016-09-24T00:26:19.653-0400: 147.371: [GC (GCLocker Initiated GC) [PSYoungGen: 161604K->86314K(175104K)] 442322K->409693K(699392K), 0.0120094 secs] [Times: user=0.12 sys=0.00, real=0.02 secs] 
2016-09-24T00:26:19.783-0400: 147.501: [GC (GCLocker Initiated GC) [PSYoungGen: 174378K->61394K(175104K)] 504075K->434548K(699392K), 0.0107231 secs] [Times: user=0.10 sys=0.01, real=0.00 secs] 
2016-09-24T00:26:19.927-0400: 147.645: [GC (GCLocker Initiated GC) [PSYoungGen: 149458K->61362K(175104K)] 523247K->477803K(699392K), 0.0140651 secs] [Times: user=0.14 sys=0.01, real=0.01 secs] 
2016-09-24T00:26:20.061-0400: 147.779: [GC (Allocation Failure) [PSYoungGen: 149426K->67309K(175104K)] 566065K->502237K(699392K), 0.0208496 secs] [Times: user=0.23 sys=0.00, real=0.02 secs] 
2016-09-24T00:26:20.215-0400: 147.933: [GC (GCLocker Initiated GC) [PSYoungGen: 155373K->67633K(175104K)] 590307K->521035K(699392K), 0.0131805 secs] [Times: user=0.13 sys=0.00, real=0.01 secs] 
2016-09-24T00:26:20.228-0400: 147.947: [Full GC (Ergonomics) [PSYoungGen: 67633K->0K(175104K)] [ParOldGen: 453402K->53088K(524288K)] 521035K->53088K(699392K), [Metaspace: 44448K->44448K(1087488K)], 0.0572111 secs] [Times: user=0.26 sys=0.00, real=0.06 secs] 
2016-09-24T00:26:20.405-0400: 148.123: [GC (GCLocker Initiated GC) [PSYoungGen: 88064K->85762K(175104K)] 141210K->151058K(699392K), 0.0212412 secs] [Times: user=0.20 sys=0.00, real=0.02 secs] 
2016-09-24T00:26:20.537-0400: 148.256: [GC (GCLocker Initiated GC) [PSYoungGen: 173826K->49148K(175104K)] 239264K->193829K(699392K), 0.0301407 secs] [Times: user=0.29 sys=0.00, real=0.03 secs] 
2016-09-24T00:26:20.704-0400: 148.422: [GC (GCLocker Initiated GC) [PSYoungGen: 137212K->67401K(175104K)] 294174K->261096K(699392K), 0.0103397 secs] [Times: user=0.10 sys=0.00, real=0.01 secs] 
2016-09-24T00:26:20.812-0400: 148.530: [GC (GCLocker Initiated GC) [PSYoungGen: 155465K->79715K(175104K)] 349286K->322280K(699392K), 0.0120303 secs] [Times: user=0.14 sys=0.00, real=0.02 secs] 
2016-09-24T00:26:20.940-0400: 148.658: [GC (Allocation Failure) [PSYoungGen: 167779K->55810K(175104K)] 410699K->335293K(699392K), 0.0108044 secs] [Times: user=0.10 sys=0.01, real=0.01 secs] 
2016-09-24T00:26:21.042-0400: 148.760: [GC (GCLocker Initiated GC) [PSYoungGen: 143874K->73252K(175104K)] 423362K->389925K(699392K), 0.0220283 secs] [Times: user=0.18 sys=0.00, real=0.03 secs] 
2016-09-24T00:26:21.189-0400: 148.907: [GC (GCLocker Initiated GC) [PSYoungGen: 161316K->79915K(175104K)] 478002K->451427K(699392K), 0.0344389 secs] [Times: user=0.40 sys=0.00, real=0.04 secs] 
2016-09-24T00:26:21.328-0400: 149.046: [GC (GCLocker Initiated GC) [PSYoungGen: 167979K->85758K(175104K)] 539510K->500426K(699392K), 0.0119360 secs] [Times: user=0.13 sys=0.00, real=0.01 secs] 
2016-09-24T00:26:21.439-0400: 149.158: [GC (GCLocker Initiated GC) [PSYoungGen: 173822K->61330K(175104K)] 588543K->476154K(699392K), 0.0083635 secs] [Times: user=0.05 sys=0.00, real=0.01 secs] 
2016-09-24T00:26:21.558-0400: 149.276: [GC (GCLocker Initiated GC) [PSYoungGen: 149394K->61398K(175104K)] 564283K->494779K(699392K), 0.0157557 secs] [Times: user=0.17 sys=0.00, real=0.01 secs] 
2016-09-24T00:26:21.699-0400: 149.417: [GC (Allocation Failure) [PSYoungGen: 149462K->30955K(175104K)] 589015K->549751K(699392K), 0.0123958 secs] [Times: user=0.11 sys=0.00, real=0.01 secs] 
2016-09-24T00:26:21.712-0400: 149.430: [Full GC (Ergonomics) [PSYoungGen: 30955K->0K(175104K)] [ParOldGen: 518796K->47084K(524288K)] 549751K->47084K(699392K), [Metaspace: 44454K->44454K(1087488K)], 0.0619193 secs] [Times: user=0.30 sys=0.02, real=0.06 secs] 
2016-09-24T00:26:21.890-0400: 149.608: [GC (GCLocker Initiated GC) [PSYoungGen: 88064K->61554K(175104K)] 135153K->108644K(699392K), 0.0216047 secs] [Times: user=0.21 sys=0.00, real=0.02 secs] 
2016-09-24T00:26:22.029-0400: 149.747: [GC (GCLocker Initiated GC) [PSYoungGen: 149618K->85758K(175104K)] 196822K->157833K(699392K), 0.0114813 secs] [Times: user=0.19 sys=0.00, real=0.01 secs] 
2016-09-24T00:26:22.141-0400: 149.860: [GC (GCLocker Initiated GC) [PSYoungGen: 173822K->73868K(175104K)] 246074K->188937K(699392K), 0.0127199 secs] [Times: user=0.14 sys=0.01, real=0.02 secs] 
2016-09-24T00:26:22.269-0400: 149.987: [GC (Allocation Failure) [PSYoungGen: 161932K->85954K(175104K)] 277110K->231658K(699392K), 0.0117670 secs] [Times: user=0.14 sys=0.00, real=0.01 secs] 
2016-09-24T00:26:22.423-0400: 150.141: [GC (GCLocker Initiated GC) [PSYoungGen: 173202K->43037K(175104K)] 324982K->244036K(699392K), 0.0090364 secs] [Times: user=0.08 sys=0.00, real=0.00 secs] 
2016-09-24T00:26:22.536-0400: 150.255: [GC (GCLocker Initiated GC) [PSYoungGen: 131101K->73444K(175104K)] 332102K->274612K(699392K), 0.0074045 secs] [Times: user=0.09 sys=0.00, real=0.01 secs] 
2016-09-24T00:26:22.650-0400: 150.368: [GC (GCLocker Initiated GC) [PSYoungGen: 161508K->85922K(175104K)] 368906K->323822K(699392K), 0.0192921 secs] [Times: user=0.18 sys=0.00, real=0.02 secs] 
2016-09-24T00:26:22.790-0400: 150.508: [GC (GCLocker Initiated GC) [PSYoungGen: 173986K->43169K(175104K)] 424206K->342265K(699392K), 0.0207047 secs] [Times: user=0.22 sys=0.00, real=0.02 secs] 
2016-09-24T00:26:22.912-0400: 150.631: [GC (GCLocker Initiated GC) [PSYoungGen: 131233K->73612K(175104K)] 430674K->373156K(699392K), 0.0111361 secs] [Times: user=0.10 sys=0.00, real=0.02 secs] 
2016-09-24T00:26:23.060-0400: 150.778: [GC (GCLocker Initiated GC) [PSYoungGen: 161676K->30631K(175104K)] 467477K->366878K(699392K), 0.0121176 secs] [Times: user=0.07 sys=0.00, real=0.01 secs] 
2016-09-24T00:26:23.220-0400: 150.938: [GC (GCLocker Initiated GC) [PSYoungGen: 118695K->73540K(175104K)] 461255K->416211K(699392K), 0.0306601 secs] [Times: user=0.37 sys=0.01, real=0.03 secs] 
2016-09-24T00:26:23.353-0400: 151.071: [GC (GCLocker Initiated GC) [PSYoungGen: 161604K->79655K(175104K)] 504524K->422686K(699392K), 0.0100366 secs] [Times: user=0.09 sys=0.00, real=0.02 secs] 
2016-09-24T00:26:23.483-0400: 151.202: [GC (GCLocker Initiated GC) [PSYoungGen: 167719K->55579K(175104K)] 516836K->441445K(699392K), 0.0192111 secs] [Times: user=0.20 sys=0.00, real=0.02 secs] 
2016-09-24T00:26:23.634-0400: 151.353: [GC (GCLocker Initiated GC) [PSYoungGen: 143643K->55287K(175104K)] 529513K->453410K(699392K), 0.0162622 secs] [Times: user=0.18 sys=0.00, real=0.01 secs] 
2016-09-24T00:26:23.773-0400: 151.491: [GC (GCLocker Initiated GC) [PSYoungGen: 143351K->49280K(175104K)] 547680K->472118K(699392K), 0.0175196 secs] [Times: user=0.19 sys=0.00, real=0.02 secs] 
2016-09-24T00:26:23.899-0400: 151.617: [GC (GCLocker Initiated GC) [PSYoungGen: 137344K->43069K(175104K)] 566338K->502706K(699392K), 0.0281284 secs] [Times: user=0.28 sys=0.01, real=0.03 secs] 
2016-09-24T00:26:23.927-0400: 151.645: [Full GC (Ergonomics) [PSYoungGen: 43069K->0K(175104K)] [ParOldGen: 459637K->52533K(524288K)] 502706K->52533K(699392K), [Metaspace: 44454K->44454K(1087488K)], 0.0610391 secs] [Times: user=0.33 sys=0.01, real=0.06 secs] 
2016-09-24T00:26:24.106-0400: 151.824: [GC (GCLocker Initiated GC) [PSYoungGen: 88064K->86662K(175104K)] 140903K->145576K(699392K), 0.0135632 secs] [Times: user=0.20 sys=0.00, real=0.01 secs] 
2016-09-24T00:26:24.260-0400: 151.978: [GC (GCLocker Initiated GC) [PSYoungGen: 174726K->73476K(175104K)] 239757K->157896K(699392K), 0.0114345 secs] [Times: user=0.14 sys=0.00, real=0.01 secs] 
2016-09-24T00:26:24.406-0400: 152.125: [GC (GCLocker Initiated GC) [PSYoungGen: 161540K->55351K(175104K)] 252346K->182734K(699392K), 0.0122721 secs] [Times: user=0.18 sys=0.00, real=0.01 secs] 
2016-09-24T00:26:24.551-0400: 152.270: [GC (GCLocker Initiated GC) [PSYoungGen: 143415K->55383K(175104K)] 277105K->189176K(699392K), 0.0119106 secs] [Times: user=0.13 sys=0.01, real=0.02 secs] 
2016-09-24T00:26:24.682-0400: 152.401: [GC (GCLocker Initiated GC) [PSYoungGen: 143447K->30983K(175104K)] 277310K->237906K(699392K), 0.0117950 secs] [Times: user=0.15 sys=0.00, real=0.01 secs] 
2016-09-24T00:26:24.823-0400: 152.541: [GC (GCLocker Initiated GC) [PSYoungGen: 119047K->62537K(175104K)] 338134K->300025K(699392K), 0.0097436 secs] [Times: user=0.15 sys=0.00, real=0.00 secs] 
2016-09-24T00:26:24.934-0400: 152.652: [GC (GCLocker Initiated GC) [PSYoungGen: 150601K->86018K(175104K)] 388181K->367453K(699392K), 0.0109263 secs] [Times: user=0.15 sys=0.00, real=0.02 secs] 
2016-09-24T00:26:25.058-0400: 152.776: [GC (GCLocker Initiated GC) [PSYoungGen: 174082K->67697K(175104K)] 455559K->422546K(699392K), 0.0184312 secs] [Times: user=0.22 sys=0.00, real=0.02 secs] 
2016-09-24T00:26:25.182-0400: 152.900: [GC (GCLocker Initiated GC) [PSYoungGen: 155761K->61558K(175104K)] 516850K->453322K(699392K), 0.0266343 secs] [Times: user=0.29 sys=0.00, real=0.03 secs] 
2016-09-24T00:26:25.299-0400: 153.017: [GC (GCLocker Initiated GC) [PSYoungGen: 149622K->85986K(175104K)] 541562K->533245K(699392K), 0.0242241 secs] [Times: user=0.34 sys=0.00, real=0.03 secs] 
2016-09-24T00:26:25.323-0400: 153.041: [Full GC (Ergonomics) [PSYoungGen: 85986K->0K(175104K)] [ParOldGen: 447259K->66210K(524288K)] 533245K->66210K(699392K), [Metaspace: 44454K->44454K(1087488K)], 0.0611048 secs] [Times: user=0.38 sys=0.00, real=0.06 secs] 
2016-09-24T00:26:25.484-0400: 153.203: [GC (GCLocker Initiated GC) [PSYoungGen: 88064K->86110K(175104K)] 154399K->176746K(699392K), 0.0102913 secs] [Times: user=0.16 sys=0.00, real=0.01 secs] 
2016-09-24T00:26:25.584-0400: 153.303: [GC (GCLocker Initiated GC) [PSYoungGen: 174174K->67793K(175104K)] 270943K->244125K(699392K), 0.0145834 secs] [Times: user=0.19 sys=0.01, real=0.01 secs] 
2016-09-24T00:26:25.689-0400: 153.407: [GC (GCLocker Initiated GC) [PSYoungGen: 155857K->79879K(175104K)] 332421K->317501K(699392K), 0.0184730 secs] [Times: user=0.20 sys=0.00, real=0.02 secs] 
2016-09-24T00:26:25.816-0400: 153.534: [GC (GCLocker Initiated GC) [PSYoungGen: 167943K->43205K(175104K)] 417790K->311676K(699392K), 0.0177460 secs] [Times: user=0.15 sys=0.00, real=0.01 secs] 
2016-09-24T00:26:25.920-0400: 153.638: [GC (GCLocker Initiated GC) [PSYoungGen: 131269K->73412K(175104K)] 399770K->372736K(699392K), 0.0180002 secs] [Times: user=0.22 sys=0.00, real=0.02 secs] 
2016-09-24T00:26:26.034-0400: 153.752: [GC (Allocation Failure) [PSYoungGen: 161476K->85926K(175104K)] 461027K->397706K(699392K), 0.0166012 secs] [Times: user=0.16 sys=0.00, real=0.02 secs] 
2016-09-24T00:26:26.147-0400: 153.866: [GC (GCLocker Initiated GC) [PSYoungGen: 173990K->61490K(175104K)] 485770K->416595K(699392K), 0.0188588 secs] [Times: user=0.20 sys=0.00, real=0.02 secs] 
2016-09-24T00:26:26.280-0400: 153.998: [GC (GCLocker Initiated GC) [PSYoungGen: 149554K->67469K(175104K)] 511005K->447249K(699392K), 0.0099137 secs] [Times: user=0.09 sys=0.00, real=0.01 secs] 
2016-09-24T00:26:26.409-0400: 154.127: [GC (Allocation Failure) [PSYoungGen: 155533K->61462K(175104K)] 535377K->447648K(699392K), 0.0226675 secs] [Times: user=0.22 sys=0.00, real=0.02 secs] 
2016-09-24T00:26:26.523-0400: 154.241: [GC (GCLocker Initiated GC) [PSYoungGen: 149526K->67501K(175104K)] 535718K->496502K(699392K), 0.0323063 secs] [Times: user=0.34 sys=0.00, real=0.03 secs] 
2016-09-24T00:26:26.659-0400: 154.377: [GC (GCLocker Initiated GC) [PSYoungGen: 155565K->85954K(175104K)] 584601K->557767K(699392K), 0.0133581 secs] [Times: user=0.16 sys=0.00, real=0.01 secs] 
2016-09-24T00:26:26.672-0400: 154.390: [Full GC (Ergonomics) [PSYoungGen: 85954K->0K(175104K)] [ParOldGen: 471813K->53050K(524288K)] 557767K->53050K(699392K), [Metaspace: 44454K->44454K(1087488K)], 0.0619270 secs] [Times: user=0.41 sys=0.02, real=0.07 secs] 
2016-09-24T00:26:26.838-0400: 154.556: [GC (GCLocker Initiated GC) [PSYoungGen: 88064K->86274K(175104K)] 141385K->163895K(699392K), 0.0093306 secs] [Times: user=0.12 sys=0.00, real=0.01 secs] 
2016-09-24T00:26:26.981-0400: 154.700: [GC (Allocation Failure) [PSYoungGen: 174338K->85790K(175104K)] 252041K->212804K(699392K), 0.0119824 secs] [Times: user=0.14 sys=0.01, real=0.01 secs] 
2016-09-24T00:26:27.110-0400: 154.828: [GC (GCLocker Initiated GC) [PSYoungGen: 173854K->61426K(175104K)] 300870K->249467K(699392K), 0.0113201 secs] [Times: user=0.13 sys=0.00, real=0.01 secs] 
2016-09-24T00:26:27.231-0400: 154.950: [GC (GCLocker Initiated GC) [PSYoungGen: 149490K->85690K(175104K)] 338194K->280769K(699392K), 0.0117943 secs] [Times: user=0.15 sys=0.00, real=0.02 secs] 
2016-09-24T00:26:27.348-0400: 155.066: [GC (GCLocker Initiated GC) [PSYoungGen: 173754K->85986K(175104K)] 368864K->305539K(699392K), 0.0108825 secs] [Times: user=0.13 sys=0.00, real=0.01 secs] 
2016-09-24T00:26:27.463-0400: 155.181: [GC (GCLocker Initiated GC) [PSYoungGen: 174050K->73544K(175104K)] 393801K->323938K(699392K), 0.0183258 secs] [Times: user=0.13 sys=0.01, real=0.01 secs] 
2016-09-24T00:26:27.600-0400: 155.319: [GC (GCLocker Initiated GC) [PSYoungGen: 161608K->55711K(175104K)] 412008K->324448K(699392K), 0.0222184 secs] [Times: user=0.26 sys=0.01, real=0.03 secs] 
2016-09-24T00:26:27.733-0400: 155.451: [GC (GCLocker Initiated GC) [PSYoungGen: 143775K->79747K(175104K)] 418942K->373423K(699392K), 0.0185981 secs] [Times: user=0.19 sys=0.00, real=0.02 secs] 
2016-09-24T00:26:27.866-0400: 155.584: [GC (GCLocker Initiated GC) [PSYoungGen: 167811K->61558K(175104K)] 461578K->379729K(699392K), 0.0201052 secs] [Times: user=0.21 sys=0.00, real=0.02 secs] 
2016-09-24T00:26:28.017-0400: 155.735: [GC (Allocation Failure) [PSYoungGen: 149622K->55191K(175104K)] 473999K->398060K(699392K), 0.0190475 secs] [Times: user=0.19 sys=0.00, real=0.02 secs] 
2016-09-24T00:26:28.143-0400: 155.861: [GC (GCLocker Initiated GC) [PSYoungGen: 143255K->85694K(175104K)] 486130K->446897K(699392K), 0.0325238 secs] [Times: user=0.34 sys=0.00, real=0.03 secs] 
2016-09-24T00:26:28.296-0400: 156.014: [GC (Allocation Failure) [PSYoungGen: 173758K->49376K(175104K)] 535154K->453400K(699392K), 0.0329516 secs] [Times: user=0.30 sys=0.00, real=0.03 secs] 
2016-09-24T00:26:28.330-0400: 156.048: [GC (GCLocker Initiated GC) [PSYoungGen: 49378K->160K(175104K)] 453402K->477618K(699392K), 0.0118037 secs] [Times: user=0.12 sys=0.00, real=0.01 secs] 
2016-09-24T00:26:28.342-0400: 156.060: [Full GC (Ergonomics) [PSYoungGen: 160K->0K(175104K)] [ParOldGen: 477458K->53058K(524288K)] 477618K->53058K(699392K), [Metaspace: 44454K->44454K(1087488K)], 0.0589575 secs] [Times: user=0.25 sys=0.03, real=0.06 secs] 
2016-09-24T00:26:28.497-0400: 156.215: [GC (GCLocker Initiated GC) [PSYoungGen: 88064K->86210K(175104K)] 141128K->157499K(699392K), 0.0139882 secs] [Times: user=0.14 sys=0.01, real=0.01 secs] 
2016-09-24T00:26:28.617-0400: 156.335: [GC (Allocation Failure) [PSYoungGen: 174274K->85822K(175104K)] 251747K->206540K(699392K), 0.0313017 secs] [Times: user=0.38 sys=0.01, real=0.03 secs] 
2016-09-24T00:26:28.751-0400: 156.469: [GC (GCLocker Initiated GC) [PSYoungGen: 171423K->31115K(175104K)] 298216K->231083K(699392K), 0.0115765 secs] [Times: user=0.11 sys=0.00, real=0.02 secs] 
2016-09-24T00:26:28.871-0400: 156.590: [GC (GCLocker Initiated GC) [PSYoungGen: 119179K->73640K(175104K)] 319296K->292110K(699392K), 0.0214976 secs] [Times: user=0.24 sys=0.01, real=0.02 secs] 
2016-09-24T00:26:29.012-0400: 156.730: [GC (GCLocker Initiated GC) [PSYoungGen: 161704K->73804K(175104K)] 386565K->317181K(699392K), 0.0099602 secs] [Times: user=0.11 sys=0.00, real=0.01 secs] 
2016-09-24T00:26:29.169-0400: 156.887: [GC (GCLocker Initiated GC) [PSYoungGen: 161868K->18773K(175104K)] 423641K->280977K(699392K), 0.0098627 secs] [Times: user=0.09 sys=0.01, real=0.01 secs] 
2016-09-24T00:26:29.287-0400: 157.005: [GC (GCLocker Initiated GC) [PSYoungGen: 106837K->55255K(175104K)] 369083K->317744K(699392K), 0.0103818 secs] [Times: user=0.06 sys=0.00, real=0.01 secs] 
2016-09-24T00:26:29.420-0400: 157.138: [GC (GCLocker Initiated GC) [PSYoungGen: 143319K->49667K(175104K)] 418112K->391618K(699392K), 0.0242483 secs] [Times: user=0.31 sys=0.00, real=0.03 secs] 
2016-09-24T00:26:29.559-0400: 157.278: [GC (GCLocker Initiated GC) [PSYoungGen: 137731K->85694K(175104K)] 479836K->452741K(699392K), 0.0103499 secs] [Times: user=0.12 sys=0.00, real=0.01 secs] 
2016-09-24T00:26:29.700-0400: 157.418: [GC (GCLocker Initiated GC) [PSYoungGen: 173758K->61686K(175104K)] 547079K->489817K(699392K), 0.0119644 secs] [Times: user=0.15 sys=0.00, real=0.01 secs] 
2016-09-24T00:26:29.828-0400: 157.546: [GC (GCLocker Initiated GC) [PSYoungGen: 149750K->73936K(175104K)] 578052K->502545K(699392K), 0.0090919 secs] [Times: user=0.12 sys=0.00, real=0.01 secs] 
2016-09-24T00:26:29.963-0400: 157.681: [Full GC (Ergonomics) [PSYoungGen: 162000K->0K(175104K)] [ParOldGen: 434910K->52937K(524288K)] 596910K->52937K(699392K), [Metaspace: 44454K->44454K(1087488K)], 0.0633563 secs] [Times: user=0.45 sys=0.02, real=0.06 secs] 
2016-09-24T00:26:30.142-0400: 157.860: [GC (GCLocker Initiated GC) [PSYoungGen: 88064K->85726K(175104K)] 141240K->144977K(699392K), 0.0097935 secs] [Times: user=0.09 sys=0.00, real=0.00 secs] 
2016-09-24T00:26:30.260-0400: 157.978: [GC (GCLocker Initiated GC) [PSYoungGen: 173790K->61230K(175104K)] 233514K->163755K(699392K), 0.0141502 secs] [Times: user=0.15 sys=0.00, real=0.01 secs] 
2016-09-24T00:26:30.399-0400: 158.117: [GC (GCLocker Initiated GC) [PSYoungGen: 149294K->55355K(175104K)] 251962K->188501K(699392K), 0.0197928 secs] [Times: user=0.17 sys=0.00, real=0.02 secs] 
2016-09-24T00:26:30.516-0400: 158.234: [GC (Allocation Failure) [PSYoungGen: 143419K->67473K(175104K)] 276870K->201340K(699392K), 0.0100177 secs] [Times: user=0.06 sys=0.00, real=0.01 secs] 
2016-09-24T00:26:30.624-0400: 158.342: [GC (GCLocker Initiated GC) [PSYoungGen: 155537K->73480K(175104K)] 289409K->244054K(699392K), 0.0210959 secs] [Times: user=0.18 sys=0.00, real=0.02 secs] 
2016-09-24T00:26:30.778-0400: 158.496: [GC (GCLocker Initiated GC) [PSYoungGen: 161544K->55519K(175104K)] 332389K->244677K(699392K), 0.0334182 secs] [Times: user=0.35 sys=0.00, real=0.03 secs] 
2016-09-24T00:26:30.921-0400: 158.639: [GC (GCLocker Initiated GC) [PSYoungGen: 143583K->73704K(175104K)] 338908K->287546K(699392K), 0.0103982 secs] [Times: user=0.10 sys=0.00, real=0.01 secs] 
2016-09-24T00:26:31.071-0400: 158.789: [GC (GCLocker Initiated GC) [PSYoungGen: 161768K->73672K(175104K)] 375881K->306153K(699392K), 0.0160107 secs] [Times: user=0.20 sys=0.01, real=0.02 secs] 
2016-09-24T00:26:31.214-0400: 158.933: [GC (GCLocker Initiated GC) [PSYoungGen: 161736K->73968K(175104K)] 394550K->319044K(699392K), 0.0129478 secs] [Times: user=0.12 sys=0.01, real=0.01 secs] 
2016-09-24T00:26:31.369-0400: 159.087: [GC (Allocation Failure) [PSYoungGen: 162032K->55255K(175104K)] 407172K->331037K(699392K), 0.0461930 secs] [Times: user=0.46 sys=0.00, real=0.05 secs] 
2016-09-24T00:26:31.516-0400: 159.234: [GC (GCLocker Initiated GC) [PSYoungGen: 141200K->55547K(175104K)] 423058K->386148K(699392K), 0.0424681 secs] [Times: user=0.45 sys=0.00, real=0.04 secs] 
2016-09-24T00:26:31.696-0400: 159.414: [GC (GCLocker Initiated GC) [PSYoungGen: 143611K->43173K(175104K)] 480525K->404655K(699392K), 0.0314279 secs] [Times: user=0.29 sys=0.02, real=0.03 secs] 
2016-09-24T00:26:31.828-0400: 159.546: [GC (GCLocker Initiated GC) [PSYoungGen: 131237K->85822K(175104K)] 498891K->459859K(699392K), 0.0185401 secs] [Times: user=0.21 sys=0.01, real=0.02 secs] 
2016-09-24T00:26:31.945-0400: 159.663: [GC (GCLocker Initiated GC) [PSYoungGen: 173886K->86118K(175104K)] 548284K->497102K(699392K), 0.0126538 secs] [Times: user=0.15 sys=0.01, real=0.01 secs] 
2016-09-24T00:26:32.078-0400: 159.796: [GC (Allocation Failure) [PSYoungGen: 174182K->73772K(175104K)] 591512K->546092K(699392K), 0.0123400 secs] [Times: user=0.17 sys=0.01, real=0.01 secs] 
2016-09-24T00:26:32.091-0400: 159.809: [Full GC (Ergonomics) [PSYoungGen: 73772K->0K(175104K)] [ParOldGen: 472320K->53544K(524288K)] 546092K->53544K(699392K), [Metaspace: 44471K->44471K(1087488K)], 0.0701728 secs] [Times: user=0.53 sys=0.00, real=0.07 secs] 
2016-09-24T00:26:32.267-0400: 159.985: [GC (GCLocker Initiated GC) [PSYoungGen: 88064K->85854K(175104K)] 141614K->181929K(699392K), 0.0132153 secs] [Times: user=0.19 sys=0.00, real=0.01 secs] 
2016-09-24T00:26:32.404-0400: 160.122: [GC (GCLocker Initiated GC) [PSYoungGen: 173918K->55807K(175104K)] 276430K->231699K(699392K), 0.0114819 secs] [Times: user=0.16 sys=0.01, real=0.01 secs] 
2016-09-24T00:26:32.533-0400: 160.251: [GC (GCLocker Initiated GC) [PSYoungGen: 143871K->48920K(175104K)] 319972K->267814K(699392K), 0.0178822 secs] [Times: user=0.15 sys=0.01, real=0.02 secs] 
2016-09-24T00:26:32.658-0400: 160.377: [GC (GCLocker Initiated GC) [PSYoungGen: 136984K->85922K(175104K)] 355953K->377903K(699392K), 0.0139871 secs] [Times: user=0.12 sys=0.00, real=0.01 secs] 
2016-09-24T00:26:32.809-0400: 160.527: [GC (Allocation Failure) [PSYoungGen: 173986K->61266K(175104K)] 472353K->384348K(699392K), 0.0178636 secs] [Times: user=0.17 sys=0.01, real=0.02 secs] 
2016-09-24T00:26:32.962-0400: 160.680: [GC (GCLocker Initiated GC) [PSYoungGen: 149330K->55255K(175104K)] 472418K->396679K(699392K), 0.0249614 secs] [Times: user=0.25 sys=0.00, real=0.03 secs] 
2016-09-24T00:26:33.091-0400: 160.810: [GC (GCLocker Initiated GC) [PSYoungGen: 143319K->85726K(175104K)] 484779K->457689K(699392K), 0.0199275 secs] [Times: user=0.23 sys=0.00, real=0.02 secs] 
2016-09-24T00:26:33.256-0400: 160.975: [GC (Allocation Failure) [PSYoungGen: 173790K->37158K(175104K)] 558236K->482629K(699392K), 0.0124293 secs] [Times: user=0.10 sys=0.00, real=0.01 secs] 
2016-09-24T00:26:33.269-0400: 160.987: [Full GC (Ergonomics) [PSYoungGen: 37158K->0K(175104K)] [ParOldGen: 445471K->46861K(524288K)] 482629K->46861K(699392K), [Metaspace: 44471K->44471K(1087488K)], 0.0610531 secs] [Times: user=0.39 sys=0.02, real=0.06 secs] 
2016-09-24T00:26:33.470-0400: 161.188: [GC (Allocation Failure) [PSYoungGen: 88064K->86210K(175104K)] 134925K->163446K(699392K), 0.0125336 secs] [Times: user=0.15 sys=0.00, real=0.02 secs] 
2016-09-24T00:26:33.602-0400: 161.320: [GC (GCLocker Initiated GC) [PSYoungGen: 170971K->49112K(175104K)] 254282K->187834K(699392K), 0.0147283 secs] [Times: user=0.15 sys=0.00, real=0.02 secs] 
2016-09-24T00:26:33.720-0400: 161.438: [GC (GCLocker Initiated GC) [PSYoungGen: 137176K->85954K(175104K)] 276069K->249275K(699392K), 0.0143808 secs] [Times: user=0.20 sys=0.01, real=0.02 secs] 
2016-09-24T00:26:33.855-0400: 161.573: [GC (GCLocker Initiated GC) [PSYoungGen: 174018K->61622K(175104K)] 343770K->262041K(699392K), 0.0149680 secs] [Times: user=0.13 sys=0.00, real=0.01 secs] 
2016-09-24T00:26:33.970-0400: 161.688: [GC (GCLocker Initiated GC) [PSYoungGen: 149686K->73608K(175104K)] 350466K->274523K(699392K), 0.0115811 secs] [Times: user=0.15 sys=0.00, real=0.01 secs] 
2016-09-24T00:26:34.087-0400: 161.805: [GC (GCLocker Initiated GC) [PSYoungGen: 161672K->85986K(175104K)] 368816K->317714K(699392K), 0.0109087 secs] [Times: user=0.17 sys=0.00, real=0.01 secs] 
2016-09-24T00:26:34.255-0400: 161.973: [GC (Allocation Failure) [PSYoungGen: 174050K->55383K(175104K)] 418121K->336539K(699392K), 0.0144023 secs] [Times: user=0.20 sys=0.00, real=0.01 secs] 
2016-09-24T00:26:34.402-0400: 162.120: [GC (GCLocker Initiated GC) [PSYoungGen: 140583K->37290K(175104K)] 427815K->361279K(699392K), 0.0091438 secs] [Times: user=0.11 sys=0.00, real=0.00 secs] 
2016-09-24T00:26:34.511-0400: 162.229: [GC (GCLocker Initiated GC) [PSYoungGen: 125354K->85694K(175104K)] 449419K->410011K(699392K), 0.0102852 secs] [Times: user=0.09 sys=0.00, real=0.01 secs] 
2016-09-24T00:26:34.656-0400: 162.374: [GC (GCLocker Initiated GC) [PSYoungGen: 173758K->55255K(175104K)] 510446K->446869K(699392K), 0.0140586 secs] [Times: user=0.12 sys=0.00, real=0.01 secs] 
2016-09-24T00:26:34.827-0400: 162.545: [GC (GCLocker Initiated GC) [PSYoungGen: 143319K->67113K(175104K)] 535092K->495604K(699392K), 0.0306505 secs] [Times: user=0.29 sys=0.01, real=0.03 secs] 
2016-09-24T00:26:35.016-0400: 162.735: [GC (GCLocker Initiated GC) [PSYoungGen: 155177K->61198K(175104K)] 595866K->526290K(699392K), 0.0225242 secs] [Times: user=0.23 sys=0.00, real=0.02 secs] 
2016-09-24T00:26:35.039-0400: 162.757: [Full GC (Ergonomics) [PSYoungGen: 61198K->0K(175104K)] [ParOldGen: 465092K->53220K(524288K)] 526290K->53220K(699392K), [Metaspace: 44471K->44471K(1087488K)], 0.0609420 secs] [Times: user=0.31 sys=0.01, real=0.06 secs] 
2016-09-24T00:26:35.211-0400: 162.930: [GC (GCLocker Initiated GC) [PSYoungGen: 88064K->86114K(175104K)] 141494K->157769K(699392K), 0.0152588 secs] [Times: user=0.11 sys=0.00, real=0.02 secs] 
2016-09-24T00:26:35.352-0400: 163.071: [GC (GCLocker Initiated GC) [PSYoungGen: 174178K->37386K(175104K)] 258210K->201144K(699392K), 0.0129874 secs] [Times: user=0.15 sys=0.00, real=0.02 secs] 
2016-09-24T00:26:35.466-0400: 163.185: [GC (GCLocker Initiated GC) [PSYoungGen: 125450K->73608K(175104K)] 289508K->237957K(699392K), 0.0095727 secs] [Times: user=0.10 sys=0.00, real=0.01 secs] 
2016-09-24T00:26:35.579-0400: 163.297: [GC (GCLocker Initiated GC) [PSYoungGen: 161672K->79783K(175104K)] 326238K->262849K(699392K), 0.0284328 secs] [Times: user=0.32 sys=0.01, real=0.03 secs] 
2016-09-24T00:26:35.722-0400: 163.440: [GC (GCLocker Initiated GC) [PSYoungGen: 167847K->79619K(175104K)] 350944K->287299K(699392K), 0.0314773 secs] [Times: user=0.37 sys=0.00, real=0.03 secs] 
2016-09-24T00:26:35.896-0400: 163.614: [GC (Allocation Failure) [PSYoungGen: 167683K->85662K(175104K)] 375405K->323855K(699392K), 0.0197282 secs] [Times: user=0.23 sys=0.00, real=0.02 secs] 
2016-09-24T00:26:36.039-0400: 163.758: [GC (GCLocker Initiated GC) [PSYoungGen: 173726K->79423K(175104K)] 411919K->336108K(699392K), 0.0360911 secs] [Times: user=0.37 sys=0.01, real=0.04 secs] 
2016-09-24T00:26:36.206-0400: 163.924: [GC (Allocation Failure) [PSYoungGen: 167487K->73676K(175104K)] 424421K->367188K(699392K), 0.0458963 secs] [Times: user=0.52 sys=0.01, real=0.04 secs] 
2016-09-24T00:26:36.349-0400: 164.067: [GC (GCLocker Initiated GC) [PSYoungGen: 160500K->61458K(175104K)] 460087K->379546K(699392K), 0.0114091 secs] [Times: user=0.11 sys=0.00, real=0.01 secs] 
2016-09-24T00:26:36.463-0400: 164.182: [GC (GCLocker Initiated GC) [PSYoungGen: 149522K->67633K(175104K)] 467735K->422439K(699392K), 0.0192996 secs] [Times: user=0.20 sys=0.00, real=0.02 secs] 
2016-09-24T00:26:36.607-0400: 164.325: [GC (GCLocker Initiated GC) [PSYoungGen: 155697K->61330K(175104K)] 510837K->447277K(699392K), 0.0158181 secs] [Times: user=0.15 sys=0.00, real=0.02 secs] 
2016-09-24T00:26:36.756-0400: 164.474: [GC (GCLocker Initiated GC) [PSYoungGen: 149394K->73644K(175104K)] 541620K->465982K(699392K), 0.0128949 secs] [Times: user=0.11 sys=0.00, real=0.01 secs] 
2016-09-24T00:26:36.914-0400: 164.632: [GC (Allocation Failure) [PSYoungGen: 161708K->43297K(175104K)] 566450K->484992K(699392K), 0.0094529 secs] [Times: user=0.09 sys=0.00, real=0.02 secs] 
2016-09-24T00:26:37.051-0400: 164.769: [GC (GCLocker Initiated GC) [PSYoungGen: 128003K->73576K(175104K)] 575773K->521474K(699392K), 0.0096539 secs] [Times: user=0.12 sys=0.00, real=0.01 secs] 
2016-09-24T00:26:37.198-0400: 164.916: [GC (GCLocker Initiated GC) [PSYoungGen: 161640K->85790K(175104K)] 615655K->576555K(699392K), 0.0112475 secs] [Times: user=0.15 sys=0.00, real=0.01 secs] 
2016-09-24T00:26:37.209-0400: 164.927: [Full GC (Ergonomics) [PSYoungGen: 85790K->0K(175104K)] [ParOldGen: 490764K->53448K(524288K)] 576555K->53448K(699392K), [Metaspace: 44478K->44478K(1087488K)], 0.0635685 secs] [Times: user=0.44 sys=0.01, real=0.06 secs] 
2016-09-24T00:26:37.384-0400: 165.102: [GC (Allocation Failure) [PSYoungGen: 88064K->86378K(175104K)] 141560K->152024K(699392K), 0.0298461 secs] [Times: user=0.33 sys=0.01, real=0.02 secs] 
2016-09-24T00:26:37.541-0400: 165.259: [GC (GCLocker Initiated GC) [PSYoungGen: 174442K->43201K(175104K)] 240088K->176564K(699392K), 0.0127429 secs] [Times: user=0.18 sys=0.00, real=0.01 secs] 
2016-09-24T00:26:37.663-0400: 165.382: [GC (GCLocker Initiated GC) [PSYoungGen: 131265K->73704K(175104K)] 270841K->231821K(699392K), 0.0103777 secs] [Times: user=0.15 sys=0.01, real=0.00 secs] 
2016-09-24T00:26:37.813-0400: 165.531: [GC (Allocation Failure) [PSYoungGen: 161768K->55906K(175104K)] 326242K->256982K(699392K), 0.0075657 secs] [Times: user=0.11 sys=0.00, real=0.01 secs] 
2016-09-24T00:26:37.910-0400: 165.628: [GC (GCLocker Initiated GC) [PSYoungGen: 138717K->73608K(175104K)] 345868K->299267K(699392K), 0.0179242 secs] [Times: user=0.18 sys=0.00, real=0.02 secs] 
2016-09-24T00:26:38.053-0400: 165.772: [GC (Allocation Failure) [PSYoungGen: 161672K->86086K(175104K)] 387541K->330339K(699392K), 0.0240048 secs] [Times: user=0.32 sys=0.01, real=0.03 secs] 
2016-09-24T00:26:38.203-0400: 165.921: [GC (GCLocker Initiated GC) [PSYoungGen: 168134K->43105K(175104K)] 418463K->348540K(699392K), 0.0125526 secs] [Times: user=0.10 sys=0.01, real=0.01 secs] 
2016-09-24T00:26:38.344-0400: 166.062: [GC (GCLocker Initiated GC) [PSYoungGen: 131169K->73644K(175104K)] 442868K->385618K(699392K), 0.0090653 secs] [Times: user=0.08 sys=0.00, real=0.00 secs] 
2016-09-24T00:26:38.502-0400: 166.220: [GC (Allocation Failure) [PSYoungGen: 161708K->36738K(175104K)] 479894K->403799K(699392K), 0.0302046 secs] [Times: user=0.33 sys=0.00, real=0.03 secs] 
2016-09-24T00:26:38.668-0400: 166.386: [GC (GCLocker Initiated GC) [PSYoungGen: 120949K->43009K(175104K)] 494086K->446600K(699392K), 0.0117660 secs] [Times: user=0.11 sys=0.00, real=0.01 secs] 
2016-09-24T00:26:38.801-0400: 166.519: [GC (GCLocker Initiated GC) [PSYoungGen: 131073K->61070K(175104K)] 534707K->464987K(699392K), 0.0225474 secs] [Times: user=0.15 sys=0.00, real=0.03 secs] 
2016-09-24T00:26:38.938-0400: 166.657: [GC (GCLocker Initiated GC) [PSYoungGen: 149134K->67605K(175104K)] 553289K->502247K(699392K), 0.0106869 secs] [Times: user=0.09 sys=0.00, real=0.01 secs] 
2016-09-24T00:26:39.059-0400: 166.777: [GC (GCLocker Initiated GC) [PSYoungGen: 155669K->79651K(175104K)] 590498K->575849K(699392K), 0.0125953 secs] [Times: user=0.14 sys=0.01, real=0.01 secs] 
2016-09-24T00:26:39.071-0400: 166.790: [Full GC (Ergonomics) [PSYoungGen: 79651K->0K(175104K)] [ParOldGen: 496198K->53878K(524288K)] 575849K->53878K(699392K), [Metaspace: 44481K->44481K(1087488K)], 0.0619721 secs] [Times: user=0.42 sys=0.02, real=0.06 secs] 
2016-09-24T00:26:39.257-0400: 166.975: [GC (GCLocker Initiated GC) [PSYoungGen: 88064K->86046K(175104K)] 148271K->170554K(699392K), 0.0128375 secs] [Times: user=0.17 sys=0.00, real=0.01 secs] 
2016-09-24T00:26:39.385-0400: 167.104: [GC (GCLocker Initiated GC) [PSYoungGen: 174110K->73836K(175104K)] 264734K->219879K(699392K), 0.0113947 secs] [Times: user=0.16 sys=0.00, real=0.01 secs] 
2016-09-24T00:26:39.546-0400: 167.265: [GC (GCLocker Initiated GC) [PSYoungGen: 161900K->43105K(175104K)] 314222K->262723K(699392K), 0.0110337 secs] [Times: user=0.10 sys=0.00, real=0.01 secs] 
2016-09-24T00:26:39.677-0400: 167.395: [GC (GCLocker Initiated GC) [PSYoungGen: 131169K->73416K(175104K)] 350824K->305488K(699392K), 0.0205545 secs] [Times: user=0.20 sys=0.00, real=0.02 secs] 
2016-09-24T00:26:39.836-0400: 167.555: [GC (GCLocker Initiated GC) [PSYoungGen: 161480K->55451K(175104K)] 399680K->330213K(699392K), 0.0171869 secs] [Times: user=0.17 sys=0.00, real=0.01 secs] 
2016-09-24T00:26:39.985-0400: 167.703: [GC (GCLocker Initiated GC) [PSYoungGen: 143515K->73348K(175104K)] 418409K->354600K(699392K), 0.0144348 secs] [Times: user=0.16 sys=0.00, real=0.01 secs] 
2016-09-24T00:26:40.109-0400: 167.827: [GC (GCLocker Initiated GC) [PSYoungGen: 161412K->37030K(175104K)] 454889K->379211K(699392K), 0.0225013 secs] [Times: user=0.19 sys=0.02, real=0.02 secs] 
2016-09-24T00:26:40.287-0400: 168.005: [GC (GCLocker Initiated GC) [PSYoungGen: 125094K->55743K(175104K)] 479775K->440942K(699392K), 0.0179598 secs] [Times: user=0.21 sys=0.00, real=0.02 secs] 
2016-09-24T00:26:40.404-0400: 168.122: [GC (GCLocker Initiated GC) [PSYoungGen: 143807K->73444K(175104K)] 529042K->501668K(699392K), 0.0119841 secs] [Times: user=0.16 sys=0.01, real=0.01 secs] 
2016-09-24T00:26:40.518-0400: 168.236: [GC (GCLocker Initiated GC) [PSYoungGen: 161508K->73708K(175104K)] 589819K->544679K(699392K), 0.0117066 secs] [Times: user=0.13 sys=0.00, real=0.01 secs] 
2016-09-24T00:26:40.530-0400: 168.248: [Full GC (Ergonomics) [PSYoungGen: 73708K->0K(175104K)] [ParOldGen: 470971K->59750K(524288K)] 544679K->59750K(699392K), [Metaspace: 44481K->44481K(1087488K)], 0.0697076 secs] [Times: user=0.48 sys=0.02, real=0.07 secs] 
2016-09-24T00:26:40.725-0400: 168.443: [GC (GCLocker Initiated GC) [PSYoungGen: 88064K->80199K(175104K)] 154150K->146285K(699392K), 0.0175304 secs] [Times: user=0.15 sys=0.01, real=0.02 secs] 
2016-09-24T00:26:40.858-0400: 168.576: [GC (GCLocker Initiated GC) [PSYoungGen: 168263K->67565K(175104K)] 234425K->201528K(699392K), 0.0423043 secs] [Times: user=0.52 sys=0.00, real=0.04 secs] 
2016-09-24T00:26:41.010-0400: 168.728: [GC (Allocation Failure) [PSYoungGen: 155626K->86086K(175104K)] 289945K->232706K(699392K), 0.0137530 secs] [Times: user=0.16 sys=0.00, real=0.02 secs] 
2016-09-24T00:26:41.141-0400: 168.859: [GC (GCLocker Initiated GC) [PSYoungGen: 174150K->73640K(175104K)] 320775K->245021K(699392K), 0.0166267 secs] [Times: user=0.20 sys=0.00, real=0.02 secs] 
2016-09-24T00:26:41.276-0400: 168.994: [GC (Allocation Failure) [PSYoungGen: 161704K->61266K(175104K)] 333294K->257252K(699392K), 0.0107892 secs] [Times: user=0.08 sys=0.00, real=0.01 secs] 
2016-09-24T00:26:41.422-0400: 169.140: [GC (GCLocker Initiated GC) [PSYoungGen: 149330K->73968K(175104K)] 345316K->288471K(699392K), 0.0093670 secs] [Times: user=0.12 sys=0.00, real=0.01 secs] 
2016-09-24T00:26:41.571-0400: 169.289: [GC (GCLocker Initiated GC) [PSYoungGen: 162032K->85790K(175104K)] 382663K->312928K(699392K), 0.0133650 secs] [Times: user=0.15 sys=0.00, real=0.02 secs] 
2016-09-24T00:26:41.701-0400: 169.419: [GC (GCLocker Initiated GC) [PSYoungGen: 173854K->67569K(175104K)] 407102K->349545K(699392K), 0.0189287 secs] [Times: user=0.23 sys=0.00, real=0.02 secs] 
2016-09-24T00:26:41.863-0400: 169.582: [GC (GCLocker Initiated GC) [PSYoungGen: 155633K->55255K(175104K)] 443732K->380227K(699392K), 0.0103811 secs] [Times: user=0.09 sys=0.00, real=0.00 secs] 
2016-09-24T00:26:41.998-0400: 169.716: [GC (GCLocker Initiated GC) [PSYoungGen: 143319K->73676K(175104K)] 468339K->441497K(699392K), 0.0241741 secs] [Times: user=0.24 sys=0.01, real=0.02 secs] 
2016-09-24T00:26:42.146-0400: 169.864: [GC (Allocation Failure) [PSYoungGen: 161740K->61298K(175104K)] 535840K->478206K(699392K), 0.0229781 secs] [Times: user=0.24 sys=0.01, real=0.02 secs] 
2016-09-24T00:26:42.274-0400: 169.993: [GC (GCLocker Initiated GC) [PSYoungGen: 144682K->49440K(175104K)] 567666K->503090K(699392K), 0.0085979 secs] [Times: user=0.08 sys=0.00, real=0.01 secs] 
2016-09-24T00:26:42.283-0400: 170.001: [Full GC (Ergonomics) [PSYoungGen: 49440K->0K(175104K)] [ParOldGen: 453650K->53861K(524288K)] 503090K->53861K(699392K), [Metaspace: 44494K->44494K(1087488K)], 0.0609493 secs] [Times: user=0.29 sys=0.01, real=0.06 secs] 
2016-09-24T00:26:42.485-0400: 170.204: [GC (GCLocker Initiated GC) [PSYoungGen: 88064K->86014K(175104K)] 142012K->152112K(699392K), 0.0142944 secs] [Times: user=0.15 sys=0.00, real=0.01 secs] 
2016-09-24T00:26:42.609-0400: 170.327: [GC (GCLocker Initiated GC) [PSYoungGen: 174078K->61522K(175104K)] 246259K->176775K(699392K), 0.0110926 secs] [Times: user=0.13 sys=0.00, real=0.01 secs] 
2016-09-24T00:26:42.750-0400: 170.468: [GC (GCLocker Initiated GC) [PSYoungGen: 149586K->73540K(175104K)] 264875K->237761K(699392K), 0.0117061 secs] [Times: user=0.17 sys=0.01, real=0.01 secs] 
2016-09-24T00:26:42.881-0400: 170.600: [GC (GCLocker Initiated GC) [PSYoungGen: 161604K->61818K(175104K)] 325940K->280972K(699392K), 0.0110602 secs] [Times: user=0.11 sys=0.02, real=0.01 secs] 
2016-09-24T00:26:43.017-0400: 170.735: [GC (GCLocker Initiated GC) [PSYoungGen: 149882K->61234K(175104K)] 369113K->292874K(699392K), 0.0388064 secs] [Times: user=0.38 sys=0.00, real=0.04 secs] 
2016-09-24T00:26:43.168-0400: 170.886: [GC (Allocation Failure) [PSYoungGen: 149298K->85790K(175104K)] 381288K->366672K(699392K), 0.0114758 secs] [Times: user=0.12 sys=0.01, real=0.01 secs] 
2016-09-24T00:26:43.300-0400: 171.019: [GC (GCLocker Initiated GC) [PSYoungGen: 173854K->79747K(175104K)] 454741K->415601K(699392K), 0.0136837 secs] [Times: user=0.19 sys=0.00, real=0.02 secs] 
2016-09-24T00:26:43.425-0400: 171.143: [GC (GCLocker Initiated GC) [PSYoungGen: 167811K->86018K(175104K)] 503713K->470663K(699392K), 0.0169554 secs] [Times: user=0.20 sys=0.00, real=0.02 secs] 
2016-09-24T00:26:43.556-0400: 171.274: [GC (GCLocker Initiated GC) [PSYoungGen: 174082K->61522K(175104K)] 564867K->489073K(699392K), 0.0110073 secs] [Times: user=0.12 sys=0.00, real=0.01 secs] 
2016-09-24T00:26:43.695-0400: 171.413: [GC (Allocation Failure) [PSYoungGen: 149586K->36934K(175104K)] 577492K->519774K(699392K), 0.0112929 secs] [Times: user=0.09 sys=0.01, real=0.01 secs] 
2016-09-24T00:26:43.706-0400: 171.425: [Full GC (Ergonomics) [PSYoungGen: 36934K->0K(175104K)] [ParOldGen: 482840K->46549K(524288K)] 519774K->46549K(699392K), [Metaspace: 44494K->44494K(1087488K)], 0.1016169 secs] [Times: user=0.91 sys=0.00, real=0.10 secs] 
2016-09-24T00:26:43.928-0400: 171.646: [GC (GCLocker Initiated GC) [PSYoungGen: 84610K->86014K(175104K)] 137234K->144713K(699392K), 0.0107106 secs] [Times: user=0.14 sys=0.00, real=0.01 secs] 
2016-09-24T00:26:44.066-0400: 171.784: [GC (GCLocker Initiated GC) [PSYoungGen: 174078K->73544K(175104K)] 232808K->181593K(699392K), 0.0323346 secs] [Times: user=0.39 sys=0.00, real=0.03 secs] 
2016-09-24T00:26:44.210-0400: 171.928: [GC (GCLocker Initiated GC) [PSYoungGen: 161608K->61526K(175104K)] 275937K->230634K(699392K), 0.0179231 secs] [Times: user=0.17 sys=0.00, real=0.02 secs] 
2016-09-24T00:26:44.321-0400: 172.039: [GC (Allocation Failure) [PSYoungGen: 149590K->79879K(175104K)] 318913K->298126K(699392K), 0.0159076 secs] [Times: user=0.21 sys=0.00, real=0.02 secs] 
2016-09-24T00:26:44.445-0400: 172.164: [GC (GCLocker Initiated GC) [PSYoungGen: 167938K->85694K(175104K)] 386190K->340664K(699392K), 0.0164012 secs] [Times: user=0.18 sys=0.00, real=0.01 secs] 
2016-09-24T00:26:44.598-0400: 172.317: [GC (Allocation Failure) [PSYoungGen: 173758K->49244K(175104K)] 428898K->341118K(699392K), 0.0171629 secs] [Times: user=0.19 sys=0.00, real=0.02 secs] 
2016-09-24T00:26:44.715-0400: 172.433: [GC (GCLocker Initiated GC) [PSYoungGen: 137308K->79587K(175104K)] 429188K->371734K(699392K), 0.0117124 secs] [Times: user=0.08 sys=0.00, real=0.01 secs] 
2016-09-24T00:26:44.844-0400: 172.563: [GC (GCLocker Initiated GC) [PSYoungGen: 167651K->85790K(175104K)] 460008K->402706K(699392K), 0.0177083 secs] [Times: user=0.21 sys=0.00, real=0.02 secs] 
2016-09-24T00:26:44.977-0400: 172.695: [GC (GCLocker Initiated GC) [PSYoungGen: 173854K->55319K(175104K)] 490824K->433347K(699392K), 0.0113751 secs] [Times: user=0.13 sys=0.00, real=0.01 secs] 
2016-09-24T00:26:45.105-0400: 172.823: [GC (GCLocker Initiated GC) [PSYoungGen: 143383K->79947K(175104K)] 527539K->482612K(699392K), 0.0266087 secs] [Times: user=0.25 sys=0.00, real=0.02 secs] 
2016-09-24T00:26:45.263-0400: 172.981: [GC (GCLocker Initiated GC) [PSYoungGen: 168011K->36998K(175104K)] 576893K->488813K(699392K), 0.0266942 secs] [Times: user=0.25 sys=0.01, real=0.02 secs] 
2016-09-24T00:26:45.290-0400: 173.008: [Full GC (Ergonomics) [PSYoungGen: 36998K->0K(175104K)] [ParOldGen: 451815K->52684K(524288K)] 488813K->52684K(699392K), [Metaspace: 44511K->44511K(1087488K)], 0.0654319 secs] [Times: user=0.36 sys=0.00, real=0.07 secs] 
2016-09-24T00:26:45.493-0400: 173.211: [GC (GCLocker Initiated GC) [PSYoungGen: 88064K->86506K(175104K)] 147185K->151702K(699392K), 0.0129889 secs] [Times: user=0.16 sys=0.00, real=0.02 secs] 
2016-09-24T00:26:45.641-0400: 173.359: [GC (Allocation Failure) [PSYoungGen: 174570K->37222K(175104K)] 246607K->164965K(699392K), 0.0171463 secs] [Times: user=0.20 sys=0.01, real=0.02 secs] 
2016-09-24T00:26:45.752-0400: 173.470: [GC (GCLocker Initiated GC) [PSYoungGen: 124622K->73476K(175104K)] 258441K->207438K(699392K), 0.0073001 secs] [Times: user=0.09 sys=0.00, real=0.01 secs] 
2016-09-24T00:26:45.878-0400: 173.596: [GC (GCLocker Initiated GC) [PSYoungGen: 161540K->61526K(175104K)] 295678K->232218K(699392K), 0.0107292 secs] [Times: user=0.10 sys=0.00, real=0.01 secs] 
2016-09-24T00:26:46.024-0400: 173.742: [GC (GCLocker Initiated GC) [PSYoungGen: 149590K->49344K(175104K)] 326578K->245004K(699392K), 0.0080035 secs] [Times: user=0.06 sys=0.00, real=0.00 secs] 
2016-09-24T00:26:46.160-0400: 173.878: [GC (Allocation Failure) [PSYoungGen: 137408K->67665K(175104K)] 339213K->269754K(699392K), 0.0107400 secs] [Times: user=0.12 sys=0.00, real=0.01 secs] 
2016-09-24T00:26:46.275-0400: 173.993: [GC (GCLocker Initiated GC) [PSYoungGen: 151456K->49276K(175104K)] 359620K->300240K(699392K), 0.0210442 secs] [Times: user=0.23 sys=0.00, real=0.02 secs] 
2016-09-24T00:26:46.399-0400: 174.117: [GC (GCLocker Initiated GC) [PSYoungGen: 137340K->43173K(175104K)] 388520K->324831K(699392K), 0.0294277 secs] [Times: user=0.31 sys=0.00, real=0.03 secs] 
2016-09-24T00:26:46.530-0400: 174.248: [GC (GCLocker Initiated GC) [PSYoungGen: 131237K->61654K(175104K)] 419124K->386283K(699392K), 0.0107111 secs] [Times: user=0.11 sys=0.01, real=0.01 secs] 
2016-09-24T00:26:46.634-0400: 174.352: [GC (GCLocker Initiated GC) [PSYoungGen: 149718K->85726K(175104K)] 474376K->453169K(699392K), 0.0318855 secs] [Times: user=0.34 sys=0.00, real=0.03 secs] 
2016-09-24T00:26:46.783-0400: 174.502: [GC (GCLocker Initiated GC) [PSYoungGen: 173790K->67633K(175104K)] 541274K->453617K(699392K), 0.0158872 secs] [Times: user=0.15 sys=0.01, real=0.01 secs] 
2016-09-24T00:26:46.937-0400: 174.656: [GC (Allocation Failure) [PSYoungGen: 155697K->49016K(175104K)] 541835K->459901K(699392K), 0.0099182 secs] [Times: user=0.08 sys=0.00, real=0.01 secs] 
2016-09-24T00:26:47.084-0400: 174.802: [GC (GCLocker Initiated GC) [PSYoungGen: 137079K->73412K(175104K)] 547971K->484406K(699392K), 0.0317194 secs] [Times: user=0.36 sys=0.01, real=0.03 secs] 
2016-09-24T00:26:47.239-0400: 174.957: [GC (GCLocker Initiated GC) [PSYoungGen: 161476K->67369K(175104K)] 572546K->502867K(699392K), 0.0227113 secs] [Times: user=0.29 sys=0.00, real=0.02 secs] 
2016-09-24T00:26:47.369-0400: 175.088: [GC (GCLocker Initiated GC) [PSYoungGen: 155433K->85922K(175104K)] 597054K->570203K(699392K), 0.0124315 secs] [Times: user=0.15 sys=0.00, real=0.01 secs] 
2016-09-24T00:26:47.382-0400: 175.100: [Full GC (Ergonomics) [PSYoungGen: 85922K->0K(175104K)] [ParOldGen: 484281K->59205K(524288K)] 570203K->59205K(699392K), [Metaspace: 44511K->44511K(1087488K)], 0.0668440 secs] [Times: user=0.46 sys=0.01, real=0.07 secs] 
2016-09-24T00:26:47.553-0400: 175.272: [GC (Allocation Failure) [PSYoungGen: 88064K->86466K(175104K)] 147524K->164151K(699392K), 0.0118430 secs] [Times: user=0.16 sys=0.00, real=0.02 secs] 
2016-09-24T00:26:47.670-0400: 175.388: [GC (GCLocker Initiated GC) [PSYoungGen: 172755K->55383K(175104K)] 256516K->188735K(699392K), 0.0259809 secs] [Times: user=0.29 sys=0.00, real=0.03 secs] 
2016-09-24T00:26:47.816-0400: 175.535: [GC (GCLocker Initiated GC) [PSYoungGen: 143447K->85922K(175104K)] 277160K->219934K(699392K), 0.0084465 secs] [Times: user=0.07 sys=0.00, real=0.01 secs] 
2016-09-24T00:26:47.945-0400: 175.664: [GC (Allocation Failure) [PSYoungGen: 173986K->61490K(175104K)] 314423K->257206K(699392K), 0.0177450 secs] [Times: user=0.20 sys=0.00, real=0.02 secs] 
2016-09-24T00:26:48.092-0400: 175.810: [GC (GCLocker Initiated GC) [PSYoungGen: 145117K->55515K(175104K)] 346908K->275658K(699392K), 0.0095899 secs] [Times: user=0.10 sys=0.00, real=0.01 secs] 
2016-09-24T00:26:48.227-0400: 175.945: [GC (GCLocker Initiated GC) [PSYoungGen: 143579K->73540K(175104K)] 363798K->312447K(699392K), 0.0108488 secs] [Times: user=0.14 sys=0.01, real=0.01 secs] 
2016-09-24T00:26:48.344-0400: 176.063: [GC (GCLocker Initiated GC) [PSYoungGen: 161604K->86477K(175104K)] 400861K->331970K(699392K), 0.0100199 secs] [Times: user=0.14 sys=0.00, real=0.01 secs] 
2016-09-24T00:26:48.490-0400: 176.208: [GC (GCLocker Initiated GC) [PSYoungGen: 174541K->61362K(175104K)] 426403K->319886K(699392K), 0.0089065 secs] [Times: user=0.07 sys=0.00, real=0.01 secs] 
2016-09-24T00:26:48.632-0400: 176.350: [GC (GCLocker Initiated GC) [PSYoungGen: 149426K->67537K(175104K)] 408312K->326510K(699392K), 0.0433697 secs] [Times: user=0.42 sys=0.01, real=0.05 secs] 
2016-09-24T00:26:48.802-0400: 176.521: [GC (GCLocker Initiated GC) [PSYoungGen: 155601K->55351K(175104K)] 426826K->345092K(699392K), 0.0106444 secs] [Times: user=0.14 sys=0.01, real=0.00 secs] 
2016-09-24T00:26:48.930-0400: 176.649: [GC (GCLocker Initiated GC) [PSYoungGen: 143415K->55419K(175104K)] 433338K->351504K(699392K), 0.0117949 secs] [Times: user=0.10 sys=0.00, real=0.02 secs] 
2016-09-24T00:26:49.060-0400: 176.778: [GC (GCLocker Initiated GC) [PSYoungGen: 143483K->49280K(175104K)] 445999K->388521K(699392K), 0.0249100 secs] [Times: user=0.23 sys=0.00, real=0.03 secs] 
2016-09-24T00:26:49.185-0400: 176.903: [GC (GCLocker Initiated GC) [PSYoungGen: 137344K->55547K(175104K)] 476952K->432216K(699392K), 0.0105340 secs] [Times: user=0.10 sys=0.00, real=0.01 secs] 
2016-09-24T00:26:49.324-0400: 177.042: [GC (GCLocker Initiated GC) [PSYoungGen: 143611K->55515K(175104K)] 532629K->463050K(699392K), 0.0133612 secs] [Times: user=0.14 sys=0.00, real=0.01 secs] 
2016-09-24T00:26:49.456-0400: 177.174: [GC (GCLocker Initiated GC) [PSYoungGen: 143579K->73640K(175104K)] 551419K->499981K(699392K), 0.0407837 secs] [Times: user=0.42 sys=0.00, real=0.04 secs] 
2016-09-24T00:26:49.617-0400: 177.335: [GC (GCLocker Initiated GC) [PSYoungGen: 161704K->73836K(175104K)] 588372K->518880K(699392K), 0.0098065 secs] [Times: user=0.13 sys=0.00, real=0.01 secs] 
2016-09-24T00:26:49.755-0400: 177.473: [GC (Allocation Failure) [PSYoungGen: 161900K->73480K(175104K)] 607243K->525322K(699392K), 0.0102358 secs] [Times: user=0.08 sys=0.00, real=0.01 secs] 
2016-09-24T00:26:49.891-0400: 177.609: [GC (GCLocker Initiated GC) [PSYoungGen: 161544K->73676K(175104K)] 613392K->556018K(699392K), 0.0229678 secs] [Times: user=0.24 sys=0.00, real=0.02 secs] 
2016-09-24T00:26:49.914-0400: 177.632: [Full GC (Ergonomics) [PSYoungGen: 73676K->0K(175104K)] [ParOldGen: 482342K->53109K(524288K)] 556018K->53109K(699392K), [Metaspace: 44512K->44512K(1087488K)], 0.0677557 secs] [Times: user=0.34 sys=0.03, real=0.07 secs] 
2016-09-24T00:26:50.096-0400: 177.814: [GC (GCLocker Initiated GC) [PSYoungGen: 88064K->86110K(175104K)] 153679K->157800K(699392K), 0.0095200 secs] [Times: user=0.13 sys=0.01, real=0.01 secs] 
2016-09-24T00:26:50.228-0400: 177.947: [GC (GCLocker Initiated GC) [PSYoungGen: 174174K->85854K(175104K)] 245951K->194661K(699392K), 0.0175750 secs] [Times: user=0.24 sys=0.00, real=0.02 secs] 
2016-09-24T00:26:50.356-0400: 178.074: [GC (GCLocker Initiated GC) [PSYoungGen: 173918K->86018K(175104K)] 282884K->262133K(699392K), 0.0140913 secs] [Times: user=0.17 sys=0.00, real=0.01 secs] 
2016-09-24T00:26:50.499-0400: 178.218: [GC (GCLocker Initiated GC) [PSYoungGen: 174082K->73704K(175104K)] 362551K->329446K(699392K), 0.0113141 secs] [Times: user=0.12 sys=0.00, real=0.01 secs] 
2016-09-24T00:26:50.661-0400: 178.380: [GC (GCLocker Initiated GC) [PSYoungGen: 161768K->43237K(175104K)] 429797K->347983K(699392K), 0.0383455 secs] [Times: user=0.38 sys=0.01, real=0.04 secs] 
2016-09-24T00:26:50.844-0400: 178.562: [GC (Allocation Failure) [PSYoungGen: 131301K->67437K(175104K)] 436240K->403191K(699392K), 0.0318840 secs] [Times: user=0.33 sys=0.00, real=0.03 secs] 
2016-09-24T00:26:50.876-0400: 178.595: [GC (GCLocker Initiated GC) [PSYoungGen: 67759K->128K(175104K)] 403514K->415605K(699392K), 0.0078385 secs] [Times: user=0.09 sys=0.00, real=0.01 secs] 
2016-09-24T00:26:51.000-0400: 178.718: [GC (GCLocker Initiated GC) [PSYoungGen: 88192K->86466K(175104K)] 503674K->526265K(699392K), 0.0124511 secs] [Times: user=0.18 sys=0.00, real=0.01 secs] 
2016-09-24T00:26:51.013-0400: 178.732: [Full GC (Ergonomics) [PSYoungGen: 86466K->0K(175104K)] [ParOldGen: 439798K->47217K(524288K)] 526265K->47217K(699392K), [Metaspace: 44512K->44512K(1087488K)], 0.0624304 secs] [Times: user=0.46 sys=0.01, real=0.07 secs] 
2016-09-24T00:26:51.200-0400: 178.918: [GC (Allocation Failure) [PSYoungGen: 88064K->86210K(175104K)] 141414K->157785K(699392K), 0.0117189 secs] [Times: user=0.16 sys=0.01, real=0.01 secs] 
2016-09-24T00:26:51.334-0400: 179.053: [GC (GCLocker Initiated GC) [PSYoungGen: 174274K->61522K(175104K)] 245977K->200638K(699392K), 0.0125903 secs] [Times: user=0.17 sys=0.00, real=0.01 secs] 
2016-09-24T00:26:51.464-0400: 179.182: [GC (GCLocker Initiated GC) [PSYoungGen: 149586K->86022K(175104K)] 288761K->255863K(699392K), 0.0118208 secs] [Times: user=0.14 sys=0.00, real=0.01 secs] 
2016-09-24T00:26:51.612-0400: 179.331: [GC (GCLocker Initiated GC) [PSYoungGen: 174086K->31115K(175104K)] 362283K->274279K(699392K), 0.0142411 secs] [Times: user=0.16 sys=0.00, real=0.02 secs] 
2016-09-24T00:26:51.763-0400: 179.481: [GC (GCLocker Initiated GC) [PSYoungGen: 119179K->67341K(175104K)] 362535K->329018K(699392K), 0.0258928 secs] [Times: user=0.24 sys=0.01, real=0.02 secs] 
2016-09-24T00:26:51.919-0400: 179.638: [GC (GCLocker Initiated GC) [PSYoungGen: 155405K->55483K(175104K)] 417432K->354047K(699392K), 0.0105030 secs] [Times: user=0.09 sys=0.00, real=0.01 secs] 
2016-09-24T00:26:52.068-0400: 179.786: [GC (Allocation Failure) [PSYoungGen: 143547K->55223K(175104K)] 448368K->378536K(699392K), 0.0161357 secs] [Times: user=0.16 sys=0.00, real=0.02 secs] 
2016-09-24T00:26:52.203-0400: 179.921: [GC (GCLocker Initiated GC) [PSYoungGen: 143287K->67405K(175104K)] 466606K->396894K(699392K), 0.0238268 secs] [Times: user=0.25 sys=0.00, real=0.02 secs] 
2016-09-24T00:26:52.363-0400: 180.082: [GC (GCLocker Initiated GC) [PSYoungGen: 155469K->43205K(175104K)] 497133K->409280K(699392K), 0.0163704 secs] [Times: user=0.17 sys=0.00, real=0.01 secs] 
2016-09-24T00:26:52.487-0400: 180.205: [GC (GCLocker Initiated GC) [PSYoungGen: 131269K->61458K(175104K)] 497520K->482840K(699392K), 0.0119651 secs] [Times: user=0.12 sys=0.00, real=0.01 secs] 
2016-09-24T00:26:52.611-0400: 180.329: [GC (GCLocker Initiated GC) [PSYoungGen: 149522K->61462K(175104K)] 570932K->513514K(699392K), 0.0178134 secs] [Times: user=0.15 sys=0.00, real=0.02 secs] 
2016-09-24T00:26:52.629-0400: 180.347: [Full GC (Ergonomics) [PSYoungGen: 61462K->0K(175104K)] [ParOldGen: 452052K->47435K(524288K)] 513514K->47435K(699392K), [Metaspace: 44512K->44512K(1087488K)], 0.0622503 secs] [Times: user=0.36 sys=0.01, real=0.06 secs] 
2016-09-24T00:26:52.781-0400: 180.499: [GC (GCLocker Initiated GC) [PSYoungGen: 88064K->86046K(175104K)] 135743K->170175K(699392K), 0.0128219 secs] [Times: user=0.18 sys=0.00, real=0.01 secs] 
2016-09-24T00:26:52.911-0400: 180.629: [GC (GCLocker Initiated GC) [PSYoungGen: 174110K->73704K(175104K)] 258406K->261846K(699392K), 0.0342860 secs] [Times: user=0.41 sys=0.01, real=0.04 secs] 
2016-09-24T00:26:53.081-0400: 180.800: [GC (GCLocker Initiated GC) [PSYoungGen: 161768K->43432K(175104K)] 368362K->274602K(699392K), 0.0105889 secs] [Times: user=0.10 sys=0.00, real=0.01 secs] 
2016-09-24T00:26:53.216-0400: 180.934: [GC (GCLocker Initiated GC) [PSYoungGen: 131496K->55383K(175104K)] 375166K->323955K(699392K), 0.0105317 secs] [Times: user=0.12 sys=0.00, real=0.01 secs] 
2016-09-24T00:26:53.357-0400: 181.075: [GC (GCLocker Initiated GC) [PSYoungGen: 143447K->42909K(175104K)] 418313K->336112K(699392K), 0.0139283 secs] [Times: user=0.11 sys=0.01, real=0.01 secs] 
2016-09-24T00:26:53.506-0400: 181.225: [GC (GCLocker Initiated GC) [PSYoungGen: 130973K->49116K(175104K)] 436390K->354620K(699392K), 0.0209192 secs] [Times: user=0.11 sys=0.00, real=0.02 secs] 
2016-09-24T00:26:53.648-0400: 181.367: [GC (GCLocker Initiated GC) [PSYoungGen: 137180K->85690K(175104K)] 442753K->440171K(699392K), 0.0200549 secs] [Times: user=0.26 sys=0.00, real=0.02 secs] 
2016-09-24T00:26:53.794-0400: 181.512: [GC (Allocation Failure) [PSYoungGen: 173754K->55711K(175104K)] 528478K->447013K(699392K), 0.0159099 secs] [Times: user=0.16 sys=0.00, real=0.02 secs] 
2016-09-24T00:26:53.909-0400: 181.627: [GC (GCLocker Initiated GC) [PSYoungGen: 139731K->55255K(175104K)] 537108K->471108K(699392K), 0.0178198 secs] [Times: user=0.18 sys=0.00, real=0.02 secs] 
2016-09-24T00:26:54.054-0400: 181.772: [GC (GCLocker Initiated GC) [PSYoungGen: 143319K->43073K(175104K)] 565367K->483466K(699392K), 0.0255397 secs] [Times: user=0.22 sys=0.00, real=0.03 secs] 
2016-09-24T00:26:54.196-0400: 181.914: [Full GC (Ergonomics) [PSYoungGen: 131137K->0K(175104K)] [ParOldGen: 446722K->53422K(524288K)] 577859K->53422K(699392K), [Metaspace: 44512K->44512K(1087488K)], 0.0616206 secs] [Times: user=0.28 sys=0.01, real=0.06 secs] 
2016-09-24T00:26:54.363-0400: 182.082: [GC (GCLocker Initiated GC) [PSYoungGen: 88064K->86310K(175104K)] 141791K->146112K(699392K), 0.0271033 secs] [Times: user=0.36 sys=0.00, real=0.02 secs] 
2016-09-24T00:26:54.524-0400: 182.243: [GC (Allocation Failure) [PSYoungGen: 174374K->48952K(175104K)] 240281K->133912K(699392K), 0.0121148 secs] [Times: user=0.11 sys=0.00, real=0.01 secs] 
2016-09-24T00:26:54.675-0400: 182.393: [GC (GCLocker Initiated GC) [PSYoungGen: 136593K->43105K(175104K)] 227628K->176768K(699392K), 0.0187779 secs] [Times: user=0.20 sys=0.00, real=0.01 secs] 
2016-09-24T00:26:54.802-0400: 182.520: [GC (GCLocker Initiated GC) [PSYoungGen: 131169K->73348K(175104K)] 271067K->213545K(699392K), 0.0182397 secs] [Times: user=0.18 sys=0.00, real=0.02 secs] 
2016-09-24T00:26:54.934-0400: 182.652: [GC (GCLocker Initiated GC) [PSYoungGen: 161412K->86314K(175104K)] 313863K->257157K(699392K), 0.0123826 secs] [Times: user=0.19 sys=0.00, real=0.02 secs] 
2016-09-24T00:26:55.057-0400: 182.775: [GC (GCLocker Initiated GC) [PSYoungGen: 174378K->73704K(175104K)] 345296K->305868K(699392K), 0.0127537 secs] [Times: user=0.20 sys=0.00, real=0.01 secs] 
2016-09-24T00:26:55.207-0400: 182.925: [GC (GCLocker Initiated GC) [PSYoungGen: 161768K->79651K(175104K)] 406231K->342467K(699392K), 0.0120958 secs] [Times: user=0.12 sys=0.00, real=0.01 secs] 
2016-09-24T00:26:55.315-0400: 183.033: [GC (GCLocker Initiated GC) [PSYoungGen: 167715K->85954K(175104K)] 430707K->416103K(699392K), 0.0118672 secs] [Times: user=0.13 sys=0.00, real=0.01 secs] 
2016-09-24T00:26:55.449-0400: 183.167: [GC (GCLocker Initiated GC) [PSYoungGen: 174018K->79587K(175104K)] 504489K->471084K(699392K), 0.0142228 secs] [Times: user=0.14 sys=0.01, real=0.02 secs] 
2016-09-24T00:26:55.586-0400: 183.305: [GC (GCLocker Initiated GC) [PSYoungGen: 167650K->18872K(175104K)] 571647K->441330K(699392K), 0.0071893 secs] [Times: user=0.06 sys=0.00, real=0.00 secs] 
2016-09-24T00:26:55.712-0400: 183.430: [GC (GCLocker Initiated GC) [PSYoungGen: 106936K->37062K(175104K)] 535522K->465938K(699392K), 0.0138141 secs] [Times: user=0.17 sys=0.00, real=0.02 secs] 
2016-09-24T00:26:55.854-0400: 183.573: [Full GC (Ergonomics) [PSYoungGen: 125126K->0K(175104K)] [ParOldGen: 441376K->52911K(524288K)] 566502K->52911K(699392K), [Metaspace: 44517K->44517K(1087488K)], 0.0640973 secs] [Times: user=0.35 sys=0.01, real=0.06 secs] 
2016-09-24T00:26:56.027-0400: 183.745: [GC (GCLocker Initiated GC) [PSYoungGen: 88064K->80594K(175104K)] 147153K->139684K(699392K), 0.0089076 secs] [Times: user=0.10 sys=0.00, real=0.01 secs] 
2016-09-24T00:26:56.152-0400: 183.871: [GC (GCLocker Initiated GC) [PSYoungGen: 168658K->61622K(175104K)] 227992K->158101K(699392K), 0.0157259 secs] [Times: user=0.14 sys=0.00, real=0.02 secs] 
2016-09-24T00:26:56.277-0400: 183.995: [GC (GCLocker Initiated GC) [PSYoungGen: 149686K->79683K(175104K)] 246364K->231352K(699392K), 0.0157719 secs] [Times: user=0.18 sys=0.01, real=0.01 secs] 
2016-09-24T00:26:56.414-0400: 184.132: [GC (GCLocker Initiated GC) [PSYoungGen: 167747K->79779K(175104K)] 319591K->268241K(699392K), 0.0129436 secs] [Times: user=0.13 sys=0.00, real=0.02 secs] 
2016-09-24T00:26:56.580-0400: 184.299: [GC (GCLocker Initiated GC) [PSYoungGen: 167843K->37485K(175104K)] 362561K->250572K(699392K), 0.0083389 secs] [Times: user=0.10 sys=0.00, real=0.01 secs] 
2016-09-24T00:26:56.683-0400: 184.402: [GC (GCLocker Initiated GC) [PSYoungGen: 125549K->85854K(175104K)] 338684K->323588K(699392K), 0.0203617 secs] [Times: user=0.28 sys=0.00, real=0.02 secs] 
2016-09-24T00:26:56.831-0400: 184.549: [GC (GCLocker Initiated GC) [PSYoungGen: 173918K->37158K(175104K)] 417836K->360155K(699392K), 0.0188600 secs] [Times: user=0.20 sys=0.00, real=0.02 secs] 
2016-09-24T00:26:56.952-0400: 184.670: [GC (GCLocker Initiated GC) [PSYoungGen: 125222K->67505K(175104K)] 448294K->409241K(699392K), 0.0120918 secs] [Times: user=0.12 sys=0.00, real=0.02 secs] 
2016-09-24T00:26:57.093-0400: 184.811: [GC (GCLocker Initiated GC) [PSYoungGen: 155569K->49539K(175104K)] 503736K->422446K(699392K), 0.0147701 secs] [Times: user=0.14 sys=0.00, real=0.02 secs] 
2016-09-24T00:26:57.219-0400: 184.937: [GC (Allocation Failure) [PSYoungGen: 137603K->79619K(175104K)] 510581K->477531K(699392K), 0.0198350 secs] [Times: user=0.23 sys=0.01, real=0.02 secs] 
2016-09-24T00:26:57.239-0400: 184.957: [GC (GCLocker Initiated GC) [PSYoungGen: 79624K->0K(175104K)] 477537K->501558K(699392K), 0.0116146 secs] [Times: user=0.10 sys=0.00, real=0.01 secs] 
2016-09-24T00:26:57.251-0400: 184.969: [Full GC (Ergonomics) [PSYoungGen: 0K->0K(175104K)] [ParOldGen: 501558K->66312K(524288K)] 501558K->66312K(699392K), [Metaspace: 44517K->44517K(1087488K)], 0.0657831 secs] [Times: user=0.41 sys=0.00, real=0.07 secs] 
2016-09-24T00:26:57.425-0400: 185.143: [GC (GCLocker Initiated GC) [PSYoungGen: 88064K->86110K(175104K)] 154382K->176728K(699392K), 0.0099913 secs] [Times: user=0.13 sys=0.00, real=0.01 secs] 
2016-09-24T00:26:57.564-0400: 185.282: [GC (GCLocker Initiated GC) [PSYoungGen: 174174K->74196K(175104K)] 270915K->226215K(699392K), 0.0117583 secs] [Times: user=0.15 sys=0.01, real=0.01 secs] 
2016-09-24T00:26:57.678-0400: 185.396: [GC (GCLocker Initiated GC) [PSYoungGen: 162260K->55123K(175104K)] 314516K->262634K(699392K), 0.0295025 secs] [Times: user=0.34 sys=0.01, real=0.03 secs] 
2016-09-24T00:26:57.800-0400: 185.518: [GC (GCLocker Initiated GC) [PSYoungGen: 143187K->86182K(175104K)] 350784K->336464K(699392K), 0.0118775 secs] [Times: user=0.18 sys=0.00, real=0.01 secs] 
2016-09-24T00:26:57.922-0400: 185.640: [GC (GCLocker Initiated GC) [PSYoungGen: 174246K->80139K(175104K)] 430942K->367853K(699392K), 0.0256546 secs] [Times: user=0.34 sys=0.01, real=0.03 secs] 
2016-09-24T00:26:58.070-0400: 185.789: [GC (GCLocker Initiated GC) [PSYoungGen: 168203K->49276K(175104K)] 455953K->373760K(699392K), 0.0096902 secs] [Times: user=0.09 sys=0.01, real=0.01 secs] 
2016-09-24T00:26:58.213-0400: 185.931: [GC (GCLocker Initiated GC) [PSYoungGen: 137340K->61594K(175104K)] 467907K->404563K(699392K), 0.0347261 secs] [Times: user=0.30 sys=0.00, real=0.04 secs] 
2016-09-24T00:26:58.392-0400: 186.110: [GC (GCLocker Initiated GC) [PSYoungGen: 149658K->55351K(175104K)] 492814K->435437K(699392K), 0.0121532 secs] [Times: user=0.16 sys=0.00, real=0.02 secs] 
2016-09-24T00:26:58.529-0400: 186.248: [GC (GCLocker Initiated GC) [PSYoungGen: 143415K->73544K(175104K)] 523760K->472234K(699392K), 0.0107387 secs] [Times: user=0.12 sys=0.00, real=0.01 secs] 
2016-09-24T00:26:58.673-0400: 186.391: [GC (GCLocker Initiated GC) [PSYoungGen: 161608K->85790K(175104K)] 566510K->533337K(699392K), 0.0192429 secs] [Times: user=0.19 sys=0.00, real=0.02 secs] 
2016-09-24T00:26:58.692-0400: 186.411: [Full GC (Ergonomics) [PSYoungGen: 85790K->0K(175104K)] [ParOldGen: 447547K->59481K(524288K)] 533337K->59481K(699392K), [Metaspace: 44518K->44518K(1087488K)], 0.0705904 secs] [Times: user=0.59 sys=0.00, real=0.08 secs] 
2016-09-24T00:26:58.884-0400: 186.602: [GC (GCLocker Initiated GC) [PSYoungGen: 88064K->86374K(175104K)] 147633K->194543K(699392K), 0.0115627 secs] [Times: user=0.15 sys=0.00, real=0.01 secs] 
2016-09-24T00:26:58.995-0400: 186.714: [GC (GCLocker Initiated GC) [PSYoungGen: 174438K->86150K(175104K)] 282873K->219784K(699392K), 0.0108227 secs] [Times: user=0.14 sys=0.00, real=0.01 secs] 
2016-09-24T00:26:59.114-0400: 186.832: [GC (Allocation Failure) [PSYoungGen: 174214K->61686K(175104K)] 307907K->226022K(699392K), 0.0109601 secs] [Times: user=0.13 sys=0.00, real=0.01 secs] 
2016-09-24T00:26:59.251-0400: 186.969: [GC (GCLocker Initiated GC) [PSYoungGen: 145893K->55223K(175104K)] 316305K->225745K(699392K), 0.0091725 secs] [Times: user=0.10 sys=0.01, real=0.01 secs] 
2016-09-24T00:26:59.411-0400: 187.129: [GC (GCLocker Initiated GC) [PSYoungGen: 143287K->79551K(175104K)] 325990K->280794K(699392K), 0.0095810 secs] [Times: user=0.15 sys=0.00, real=0.01 secs] 
2016-09-24T00:26:59.541-0400: 187.259: [GC (GCLocker Initiated GC) [PSYoungGen: 167615K->86018K(175104K)] 374971K->336042K(699392K), 0.0120782 secs] [Times: user=0.16 sys=0.01, real=0.01 secs] 
2016-09-24T00:26:59.670-0400: 187.388: [GC (GCLocker Initiated GC) [PSYoungGen: 174082K->73672K(175104K)] 424462K->391185K(699392K), 0.0128889 secs] [Times: user=0.13 sys=0.00, real=0.02 secs] 
2016-09-24T00:26:59.816-0400: 187.534: [GC (GCLocker Initiated GC) [PSYoungGen: 161736K->73576K(175104K)] 479532K->428114K(699392K), 0.0106288 secs] [Times: user=0.13 sys=0.00, real=0.01 secs] 
2016-09-24T00:26:59.938-0400: 187.657: [GC (GCLocker Initiated GC) [PSYoungGen: 161640K->79911K(175104K)] 516482K->465248K(699392K), 0.0119766 secs] [Times: user=0.12 sys=0.00, real=0.01 secs] 
2016-09-24T00:27:00.078-0400: 187.796: [GC (GCLocker Initiated GC) [PSYoungGen: 167975K->49244K(175104K)] 553343K->489571K(699392K), 0.0099023 secs] [Times: user=0.09 sys=0.01, real=0.01 secs] 
2016-09-24T00:27:00.217-0400: 187.936: [Full GC (Ergonomics) [PSYoungGen: 137308K->0K(175104K)] [ParOldGen: 446572K->53396K(524288K)] 583880K->53396K(699392K), [Metaspace: 44518K->44518K(1087488K)], 0.0801360 secs] [Times: user=0.46 sys=0.00, real=0.08 secs] 
2016-09-24T00:27:00.434-0400: 188.152: [GC (GCLocker Initiated GC) [PSYoungGen: 88064K->85954K(175104K)] 153702K->181967K(699392K), 0.0126227 secs] [Times: user=0.13 sys=0.00, real=0.02 secs] 
2016-09-24T00:27:00.551-0400: 188.270: [GC (GCLocker Initiated GC) [PSYoungGen: 174018K->61394K(175104K)] 270218K->212569K(699392K), 0.0235606 secs] [Times: user=0.18 sys=0.00, real=0.03 secs] 
2016-09-24T00:27:00.692-0400: 188.410: [GC (GCLocker Initiated GC) [PSYoungGen: 149458K->85954K(175104K)] 300681K->292175K(699392K), 0.0203589 secs] [Times: user=0.25 sys=0.01, real=0.02 secs] 
2016-09-24T00:27:00.854-0400: 188.573: [GC (GCLocker Initiated GC) [PSYoungGen: 174018K->79487K(175104K)] 386457K->310459K(699392K), 0.0156667 secs] [Times: user=0.22 sys=0.00, real=0.01 secs] 
2016-09-24T00:27:01.013-0400: 188.732: [GC (GCLocker Initiated GC) [PSYoungGen: 167551K->55874K(175104K)] 410677K->359918K(699392K), 0.0104073 secs] [Times: user=0.14 sys=0.00, real=0.02 secs] 
2016-09-24T00:27:01.115-0400: 188.833: [GC (Allocation Failure) [PSYoungGen: 143938K->85822K(175104K)] 448080K->414719K(699392K), 0.0165466 secs] [Times: user=0.15 sys=0.00, real=0.01 secs] 
2016-09-24T00:27:01.252-0400: 188.970: [GC (GCLocker Initiated GC) [PSYoungGen: 173137K->55547K(175104K)] 508109K->469645K(699392K), 0.0154447 secs] [Times: user=0.18 sys=0.02, real=0.02 secs] 
2016-09-24T00:27:01.384-0400: 189.102: [GC (Allocation Failure) [PSYoungGen: 143611K->79747K(175104K)] 557992K->494452K(699392K), 0.0078212 secs] [Times: user=0.09 sys=0.00, real=0.00 secs] 
2016-09-24T00:27:01.498-0400: 189.217: [GC (GCLocker Initiated GC) [PSYoungGen: 163964K->61462K(175104K)] 584744K->512892K(699392K), 0.0152440 secs] [Times: user=0.14 sys=0.00, real=0.01 secs] 
2016-09-24T00:27:01.514-0400: 189.232: [Full GC (Ergonomics) [PSYoungGen: 61462K->0K(175104K)] [ParOldGen: 451430K->53418K(524288K)] 512892K->53418K(699392K), [Metaspace: 44523K->44523K(1087488K)], 0.0634576 secs] [Times: user=0.29 sys=0.02, real=0.07 secs] 
2016-09-24T00:27:01.728-0400: 189.446: [GC (Allocation Failure) [PSYoungGen: 88064K->86146K(175104K)] 141821K->145978K(699392K), 0.0115894 secs] [Times: user=0.15 sys=0.00, real=0.01 secs] 
2016-09-24T00:27:01.850-0400: 189.568: [GC (GCLocker Initiated GC) [PSYoungGen: 171573K->73736K(175104K)] 237480K->176678K(699392K), 0.0157077 secs] [Times: user=0.20 sys=0.00, real=0.02 secs] 
2016-09-24T00:27:02.013-0400: 189.731: [GC (GCLocker Initiated GC) [PSYoungGen: 161800K->55970K(175104K)] 277242K->207990K(699392K), 0.0109684 secs] [Times: user=0.14 sys=0.01, real=0.02 secs] 
2016-09-24T00:27:02.146-0400: 189.864: [GC (GCLocker Initiated GC) [PSYoungGen: 144034K->86054K(175104K)] 296398K->244800K(699392K), 0.0116689 secs] [Times: user=0.09 sys=0.00, real=0.01 secs] 
2016-09-24T00:27:02.275-0400: 189.993: [GC (GCLocker Initiated GC) [PSYoungGen: 174118K->79683K(175104K)] 333181K->275463K(699392K), 0.0132861 secs] [Times: user=0.14 sys=0.00, real=0.01 secs] 
2016-09-24T00:27:02.423-0400: 190.141: [GC (GCLocker Initiated GC) [PSYoungGen: 167747K->74032K(175104K)] 363821K->288443K(699392K), 0.0186141 secs] [Times: user=0.24 sys=0.01, real=0.01 secs] 
2016-09-24T00:27:02.552-0400: 190.270: [GC (Allocation Failure) [PSYoungGen: 162096K->85822K(175104K)] 376840K->319082K(699392K), 0.0105739 secs] [Times: user=0.12 sys=0.00, real=0.02 secs] 
2016-09-24T00:27:02.696-0400: 190.414: [GC (GCLocker Initiated GC) [PSYoungGen: 173886K->55255K(175104K)] 407152K->325066K(699392K), 0.0317122 secs] [Times: user=0.37 sys=0.00, real=0.03 secs] 
2016-09-24T00:27:02.861-0400: 190.580: [GC (GCLocker Initiated GC) [PSYoungGen: 143319K->73448K(175104K)] 419293K->349689K(699392K), 0.0219347 secs] [Times: user=0.24 sys=0.01, real=0.03 secs] 
2016-09-24T00:27:03.024-0400: 190.743: [GC (GCLocker Initiated GC) [PSYoungGen: 161512K->18805K(175104K)] 443835K->368213K(699392K), 0.0375339 secs] [Times: user=0.41 sys=0.00, real=0.03 secs] 
2016-09-24T00:27:03.207-0400: 190.925: [GC (GCLocker Initiated GC) [PSYoungGen: 106869K->37094K(175104K)] 474801K->429602K(699392K), 0.0139919 secs] [Times: user=0.16 sys=0.00, real=0.01 secs] 
2016-09-24T00:27:03.350-0400: 191.069: [GC (GCLocker Initiated GC) [PSYoungGen: 125158K->37194K(175104K)] 530093K->460637K(699392K), 0.0197793 secs] [Times: user=0.19 sys=0.00, real=0.02 secs] 
2016-09-24T00:27:03.493-0400: 191.211: [GC (GCLocker Initiated GC) [PSYoungGen: 125258K->42909K(175104K)] 549189K->503581K(699392K), 0.0217321 secs] [Times: user=0.25 sys=0.00, real=0.03 secs] 
2016-09-24T00:27:03.514-0400: 191.233: [Full GC (Ergonomics) [PSYoungGen: 42909K->0K(175104K)] [ParOldGen: 460672K->47854K(524288K)] 503581K->47854K(699392K), [Metaspace: 44524K->44524K(1087488K)], 0.0619607 secs] [Times: user=0.35 sys=0.01, real=0.06 secs] 
2016-09-24T00:27:03.673-0400: 191.392: [GC (GCLocker Initiated GC) [PSYoungGen: 88064K->86178K(175104K)] 136183K->158598K(699392K), 0.0191430 secs] [Times: user=0.23 sys=0.00, real=0.02 secs] 
2016-09-24T00:27:03.799-0400: 191.517: [GC (GCLocker Initiated GC) [PSYoungGen: 174242K->55127K(175104K)] 252756K->152522K(699392K), 0.0123735 secs] [Times: user=0.09 sys=0.00, real=0.01 secs] 
2016-09-24T00:27:03.930-0400: 191.648: [GC (GCLocker Initiated GC) [PSYoungGen: 143191K->49116K(175104K)] 240589K->183067K(699392K), 0.0181724 secs] [Times: user=0.15 sys=0.02, real=0.02 secs] 
2016-09-24T00:27:04.097-0400: 191.815: [GC (GCLocker Initiated GC) [PSYoungGen: 137180K->61266K(175104K)] 271274K->195627K(699392K), 0.0078945 secs] [Times: user=0.06 sys=0.00, real=0.01 secs] 
2016-09-24T00:27:04.256-0400: 191.975: [GC (GCLocker Initiated GC) [PSYoungGen: 149330K->85466K(175104K)] 283733K->238362K(699392K), 0.0110128 secs] [Times: user=0.07 sys=0.00, real=0.01 secs] 
2016-09-24T00:27:04.411-0400: 192.130: [GC (Allocation Failure) [PSYoungGen: 173530K->37194K(175104K)] 350975K->226916K(699392K), 0.0120388 secs] [Times: user=0.12 sys=0.00, real=0.02 secs] 
2016-09-24T00:27:04.424-0400: 192.142: [GC (GCLocker Initiated GC) [PSYoungGen: 37211K->64K(175104K)] 226934K->238782K(699392K), 0.0147626 secs] [Times: user=0.23 sys=0.00, real=0.01 secs] 
2016-09-24T00:27:04.577-0400: 192.296: [GC (GCLocker Initiated GC) [PSYoungGen: 83570K->55935K(175104K)] 328363K->300728K(699392K), 0.0092146 secs] [Times: user=0.10 sys=0.00, real=0.01 secs] 
2016-09-24T00:27:04.683-0400: 192.401: [GC (GCLocker Initiated GC) [PSYoungGen: 143999K->55159K(175104K)] 388974K->337256K(699392K), 0.0195249 secs] [Times: user=0.18 sys=0.01, real=0.02 secs] 
2016-09-24T00:27:04.799-0400: 192.517: [GC (GCLocker Initiated GC) [PSYoungGen: 143223K->61462K(175104K)] 425603K->386627K(699392K), 0.0216100 secs] [Times: user=0.19 sys=0.00, real=0.02 secs] 
2016-09-24T00:27:04.929-0400: 192.648: [GC (GCLocker Initiated GC) [PSYoungGen: 149526K->25043K(175104K)] 486855K->399090K(699392K), 0.0107515 secs] [Times: user=0.10 sys=0.00, real=0.01 secs] 
2016-09-24T00:27:05.043-0400: 192.761: [GC (GCLocker Initiated GC) [PSYoungGen: 113107K->79587K(175104K)] 493400K->460146K(699392K), 0.0156934 secs] [Times: user=0.08 sys=0.00, real=0.01 secs] 
2016-09-24T00:27:05.175-0400: 192.893: [GC (Allocation Failure) [PSYoungGen: 167651K->43336K(175104K)] 548566K->442728K(699392K), 0.0222063 secs] [Times: user=0.20 sys=0.00, real=0.02 secs] 
2016-09-24T00:27:05.316-0400: 193.035: [GC (GCLocker Initiated GC) [PSYoungGen: 130198K->49116K(175104K)] 535664K->473059K(699392K), 0.0102834 secs] [Times: user=0.08 sys=0.00, real=0.01 secs] 
2016-09-24T00:27:05.466-0400: 193.184: [GC (Allocation Failure) [PSYoungGen: 137180K->61622K(175104K)] 567547K->510514K(699392K), 0.0192765 secs] [Times: user=0.21 sys=0.00, real=0.02 secs] 
2016-09-24T00:27:05.605-0400: 193.323: [GC (GCLocker Initiated GC) [PSYoungGen: 145466K->73672K(175104K)] 600433K->528946K(699392K), 0.0105837 secs] [Times: user=0.13 sys=0.01, real=0.01 secs] 
2016-09-24T00:27:05.718-0400: 193.437: [GC (GCLocker Initiated GC) [PSYoungGen: 161736K->55155K(175104K)] 617069K->547073K(699392K), 0.0099664 secs] [Times: user=0.14 sys=0.00, real=0.01 secs] 
2016-09-24T00:27:05.728-0400: 193.447: [Full GC (Ergonomics) [PSYoungGen: 55155K->0K(175104K)] [ParOldGen: 491918K->59540K(524288K)] 547073K->59540K(699392K), [Metaspace: 44524K->44524K(1087488K)], 0.0643064 secs] [Times: user=0.42 sys=0.01, real=0.06 secs] 
2016-09-24T00:27:05.894-0400: 193.612: [GC (GCLocker Initiated GC) [PSYoungGen: 88064K->81402K(175104K)] 147779K->153268K(699392K), 0.0140696 secs] [Times: user=0.20 sys=0.01, real=0.02 secs] 
2016-09-24T00:27:06.007-0400: 193.725: [GC (GCLocker Initiated GC) [PSYoungGen: 169466K->85822K(175104K)] 247769K->195918K(699392K), 0.0101499 secs] [Times: user=0.12 sys=0.00, real=0.01 secs] 
2016-09-24T00:27:06.109-0400: 193.828: [GC (GCLocker Initiated GC) [PSYoungGen: 173886K->79715K(175104K)] 284293K->244957K(699392K), 0.0171950 secs] [Times: user=0.18 sys=0.00, real=0.02 secs] 
2016-09-24T00:27:06.242-0400: 193.960: [GC (Allocation Failure) [PSYoungGen: 167779K->67829K(175104K)] 333152K->288160K(699392K), 0.0215425 secs] [Times: user=0.20 sys=0.00, real=0.03 secs] 
2016-09-24T00:27:06.377-0400: 194.096: [GC (GCLocker Initiated GC) [PSYoungGen: 153414K->55515K(175104K)] 379820K->349554K(699392K), 0.0111630 secs] [Times: user=0.13 sys=0.00, real=0.01 secs] 
2016-09-24T00:27:06.512-0400: 194.230: [GC (GCLocker Initiated GC) [PSYoungGen: 143579K->73544K(175104K)] 437940K->368009K(699392K), 0.0218093 secs] [Times: user=0.24 sys=0.00, real=0.02 secs] 
2016-09-24T00:27:06.648-0400: 194.366: [GC (GCLocker Initiated GC) [PSYoungGen: 161608K->61462K(175104K)] 462235K->374498K(699392K), 0.0177552 secs] [Times: user=0.17 sys=0.00, real=0.02 secs] 
2016-09-24T00:27:06.768-0400: 194.487: [GC (Allocation Failure) [PSYoungGen: 149526K->37030K(175104K)] 462845K->405463K(699392K), 0.0232746 secs] [Times: user=0.26 sys=0.00, real=0.02 secs] 
2016-09-24T00:27:06.897-0400: 194.615: [GC (GCLocker Initiated GC) [PSYoungGen: 125094K->79815K(175104K)] 493528K->466609K(699392K), 0.0098733 secs] [Times: user=0.11 sys=0.01, real=0.01 secs] 
2016-09-24T00:27:07.027-0400: 194.746: [GC (GCLocker Initiated GC) [PSYoungGen: 167879K->85726K(175104K)] 560958K->497478K(699392K), 0.0130786 secs] [Times: user=0.17 sys=0.00, real=0.01 secs] 
2016-09-24T00:27:07.149-0400: 194.868: [GC (GCLocker Initiated GC) [PSYoungGen: 173790K->85922K(175104K)] 585617K->540582K(699392K), 0.0159932 secs] [Times: user=0.19 sys=0.01, real=0.02 secs] 
2016-09-24T00:27:07.165-0400: 194.884: [Full GC (Ergonomics) [PSYoungGen: 85922K->0K(175104K)] [ParOldGen: 454659K->53899K(524288K)] 540582K->53899K(699392K), [Metaspace: 44525K->44525K(1087488K)], 0.0622857 secs] [Times: user=0.31 sys=0.01, real=0.06 secs] 
2016-09-24T00:27:07.341-0400: 195.060: [GC (GCLocker Initiated GC) [PSYoungGen: 88064K->86178K(175104K)] 142043K->146232K(699392K), 0.0158862 secs] [Times: user=0.18 sys=0.00, real=0.02 secs] 
2016-09-24T00:27:07.466-0400: 195.185: [GC (GCLocker Initiated GC) [PSYoungGen: 174242K->73608K(175104K)] 234361K->201084K(699392K), 0.0218893 secs] [Times: user=0.25 sys=0.00, real=0.02 secs] 
2016-09-24T00:27:07.612-0400: 195.330: [GC (GCLocker Initiated GC) [PSYoungGen: 161672K->67569K(175104K)] 289437K->213678K(699392K), 0.0101714 secs] [Times: user=0.09 sys=0.01, real=0.01 secs] 
2016-09-24T00:27:07.738-0400: 195.456: [GC (GCLocker Initiated GC) [PSYoungGen: 155633K->61362K(175104K)] 308050K->232436K(699392K), 0.0109200 secs] [Times: user=0.09 sys=0.00, real=0.01 secs] 
2016-09-24T00:27:07.872-0400: 195.590: [GC (GCLocker Initiated GC) [PSYoungGen: 149426K->55483K(175104K)] 320850K->263492K(699392K), 0.0211432 secs] [Times: user=0.24 sys=0.00, real=0.02 secs] 
2016-09-24T00:27:08.017-0400: 195.735: [GC (GCLocker Initiated GC) [PSYoungGen: 143547K->85630K(175104K)] 363956K->318456K(699392K), 0.0200433 secs] [Times: user=0.19 sys=0.00, real=0.02 secs] 
2016-09-24T00:27:08.170-0400: 195.888: [GC (Allocation Failure) [PSYoungGen: 173694K->42845K(175104K)] 406706K->300572K(699392K), 0.0179023 secs] [Times: user=0.16 sys=0.00, real=0.02 secs] 
2016-09-24T00:27:08.273-0400: 195.991: [GC (GCLocker Initiated GC) [PSYoungGen: 129689K->85694K(175104K)] 393492K->373916K(699392K), 0.0209043 secs] [Times: user=0.17 sys=0.01, real=0.02 secs] 
2016-09-24T00:27:08.415-0400: 196.133: [GC (Allocation Failure) [PSYoungGen: 173758K->61949K(175104K)] 468243K->374779K(699392K), 0.0185683 secs] [Times: user=0.26 sys=0.00, real=0.01 secs] 
2016-09-24T00:27:08.518-0400: 196.236: [GC (GCLocker Initiated GC) [PSYoungGen: 150013K->85922K(175104K)] 462849K->447993K(699392K), 0.0146256 secs] [Times: user=0.17 sys=0.00, real=0.01 secs] 
2016-09-24T00:27:08.644-0400: 196.363: [GC (Allocation Failure) [PSYoungGen: 173986K->49507K(175104K)] 548388K->460463K(699392K), 0.0110905 secs] [Times: user=0.11 sys=0.00, real=0.01 secs] 
2016-09-24T00:27:08.761-0400: 196.479: [GC (GCLocker Initiated GC) [PSYoungGen: 136053K->73672K(175104K)] 553084K->533707K(699392K), 0.0088145 secs] [Times: user=0.12 sys=0.00, real=0.01 secs] 
2016-09-24T00:27:08.770-0400: 196.488: [Full GC (Ergonomics) [PSYoungGen: 73672K->0K(175104K)] [ParOldGen: 460035K->60163K(524288K)] 533707K->60163K(699392K), [Metaspace: 44526K->44526K(1087488K)], 0.0640312 secs] [Times: user=0.30 sys=0.00, real=0.06 secs] 
2016-09-24T00:27:08.947-0400: 196.665: [GC (GCLocker Initiated GC) [PSYoungGen: 88064K->86374K(175104K)] 148532K->152917K(699392K), 0.0086661 secs] [Times: user=0.12 sys=0.00, real=0.01 secs] 
2016-09-24T00:27:09.076-0400: 196.794: [GC (GCLocker Initiated GC) [PSYoungGen: 174438K->73640K(175104K)] 247288K->165771K(699392K), 0.0101726 secs] [Times: user=0.12 sys=0.00, real=0.01 secs] 
2016-09-24T00:27:09.215-0400: 196.933: [GC (GCLocker Initiated GC) [PSYoungGen: 161704K->67861K(175104K)] 260109K->202976K(699392K), 0.0319073 secs] [Times: user=0.41 sys=0.00, real=0.03 secs] 
2016-09-24T00:27:09.363-0400: 197.081: [GC (GCLocker Initiated GC) [PSYoungGen: 155925K->73868K(175104K)] 297308K->245785K(699392K), 0.0134237 secs] [Times: user=0.16 sys=0.00, real=0.01 secs] 
2016-09-24T00:27:09.497-0400: 197.216: [GC (GCLocker Initiated GC) [PSYoungGen: 161932K->37026K(175104K)] 340005K->270066K(699392K), 0.0144929 secs] [Times: user=0.17 sys=0.01, real=0.01 secs] 
2016-09-24T00:27:09.637-0400: 197.355: [GC (Allocation Failure) [PSYoungGen: 125090K->61626K(175104K)] 358486K->313342K(699392K), 0.0120664 secs] [Times: user=0.11 sys=0.00, real=0.01 secs] 
2016-09-24T00:27:09.757-0400: 197.475: [GC (GCLocker Initiated GC) [PSYoungGen: 149690K->79651K(175104K)] 401412K->350217K(699392K), 0.0173875 secs] [Times: user=0.21 sys=0.01, real=0.02 secs] 
2016-09-24T00:27:09.895-0400: 197.614: [GC (Allocation Failure) [PSYoungGen: 167715K->55451K(175104K)] 438306K->368694K(699392K), 0.0130797 secs] [Times: user=0.13 sys=0.00, real=0.01 secs] 
2016-09-24T00:27:10.005-0400: 197.724: [GC (GCLocker Initiated GC) [PSYoungGen: 143515K->67437K(175104K)] 456764K->393268K(699392K), 0.0183734 secs] [Times: user=0.20 sys=0.01, real=0.02 secs] 
2016-09-24T00:27:10.132-0400: 197.851: [GC (GCLocker Initiated GC) [PSYoungGen: 155501K->61430K(175104K)] 487577K->430223K(699392K), 0.0160799 secs] [Times: user=0.14 sys=0.00, real=0.02 secs] 
2016-09-24T00:27:10.259-0400: 197.977: [GC (GCLocker Initiated GC) [PSYoungGen: 149494K->49148K(175104K)] 524566K->442705K(699392K), 0.0103925 secs] [Times: user=0.09 sys=0.00, real=0.01 secs] 
2016-09-24T00:27:10.393-0400: 198.112: [GC (Allocation Failure) [PSYoungGen: 137212K->55519K(175104K)] 530867K->467502K(699392K), 0.0115486 secs] [Times: user=0.11 sys=0.00, real=0.02 secs] 
2016-09-24T00:27:10.489-0400: 198.207: [GC (GCLocker Initiated GC) [PSYoungGen: 143583K->61522K(175104K)] 555574K->534547K(699392K), 0.0142299 secs] [Times: user=0.17 sys=0.00, real=0.02 secs] 
2016-09-24T00:27:10.503-0400: 198.221: [Full GC (Ergonomics) [PSYoungGen: 61522K->0K(175104K)] [ParOldGen: 473024K->60022K(524288K)] 534547K->60022K(699392K), [Metaspace: 44526K->44526K(1087488K)], 0.0616881 secs] [Times: user=0.37 sys=0.02, real=0.06 secs] 
2016-09-24T00:27:10.682-0400: 198.401: [GC (GCLocker Initiated GC) [PSYoungGen: 88064K->86178K(175104K)] 148134K->164473K(699392K), 0.0106953 secs] [Times: user=0.11 sys=0.00, real=0.00 secs] 
2016-09-24T00:27:10.818-0400: 198.536: [GC (GCLocker Initiated GC) [PSYoungGen: 174242K->85758K(175104K)] 252663K->231724K(699392K), 0.0149790 secs] [Times: user=0.18 sys=0.00, real=0.01 secs] 
2016-09-24T00:27:10.940-0400: 198.658: [GC (GCLocker Initiated GC) [PSYoungGen: 173822K->67469K(175104K)] 320071K->244352K(699392K), 0.0097021 secs] [Times: user=0.08 sys=0.00, real=0.01 secs] 
2016-09-24T00:27:11.086-0400: 198.804: [GC (GCLocker Initiated GC) [PSYoungGen: 155533K->61490K(175104K)] 338607K->287364K(699392K), 0.0136430 secs] [Times: user=0.12 sys=0.01, real=0.01 secs] 
2016-09-24T00:27:11.221-0400: 198.940: [GC (GCLocker Initiated GC) [PSYoungGen: 149554K->73836K(175104K)] 375717K->300323K(699392K), 0.0082439 secs] [Times: user=0.10 sys=0.01, real=0.01 secs] 
2016-09-24T00:27:11.358-0400: 199.076: [GC (GCLocker Initiated GC) [PSYoungGen: 161900K->79651K(175104K)] 394510K->318611K(699392K), 0.0122718 secs] [Times: user=0.13 sys=0.01, real=0.01 secs] 
2016-09-24T00:27:11.498-0400: 199.216: [GC (GCLocker Initiated GC) [PSYoungGen: 167715K->49276K(175104K)] 412825K->349197K(699392K), 0.0136605 secs] [Times: user=0.15 sys=0.00, real=0.01 secs] 
2016-09-24T00:27:11.674-0400: 199.392: [GC (GCLocker Initiated GC) [PSYoungGen: 137340K->42973K(175104K)] 437319K->385769K(699392K), 0.0198373 secs] [Times: user=0.22 sys=0.00, real=0.02 secs] 
2016-09-24T00:27:11.807-0400: 199.525: [GC (GCLocker Initiated GC) [PSYoungGen: 131037K->85722K(175104K)] 486086K->440922K(699392K), 0.0175060 secs] [Times: user=0.19 sys=0.01, real=0.02 secs] 
2016-09-24T00:27:11.951-0400: 199.670: [GC (GCLocker Initiated GC) [PSYoungGen: 173786K->49475K(175104K)] 535244K->429270K(699392K), 0.0158308 secs] [Times: user=0.17 sys=0.01, real=0.02 secs] 
2016-09-24T00:27:12.052-0400: 199.770: [GC (GCLocker Initiated GC) [PSYoungGen: 137539K->79555K(175104K)] 517421K->496326K(699392K), 0.0122259 secs] [Times: user=0.12 sys=0.00, real=0.02 secs] 
2016-09-24T00:27:12.180-0400: 199.898: [GC (GCLocker Initiated GC) [PSYoungGen: 167619K->74000K(175104K)] 584684K->527814K(699392K), 0.0112742 secs] [Times: user=0.15 sys=0.00, real=0.01 secs] 
2016-09-24T00:27:12.191-0400: 199.910: [Full GC (Ergonomics) [PSYoungGen: 74000K->0K(175104K)] [ParOldGen: 453814K->54779K(524288K)] 527814K->54779K(699392K), [Metaspace: 44526K->44526K(1087488K)], 0.0649218 secs] [Times: user=0.46 sys=0.02, real=0.07 secs] 
2016-09-24T00:27:12.354-0400: 200.072: [GC (GCLocker Initiated GC) [PSYoungGen: 88064K->85690K(175104K)] 142891K->146592K(699392K), 0.0137277 secs] [Times: user=0.18 sys=0.01, real=0.01 secs] 
2016-09-24T00:27:12.468-0400: 200.186: [GC (GCLocker Initiated GC) [PSYoungGen: 173754K->55583K(175104K)] 234990K->135156K(699392K), 0.0097853 secs] [Times: user=0.07 sys=0.00, real=0.01 secs] 
2016-09-24T00:27:12.606-0400: 200.325: [GC (GCLocker Initiated GC) [PSYoungGen: 143647K->36866K(175104K)] 229358K->141422K(699392K), 0.0172603 secs] [Times: user=0.17 sys=0.00, real=0.02 secs] 
2016-09-24T00:27:12.744-0400: 200.462: [GC (GCLocker Initiated GC) [PSYoungGen: 124930K->61362K(175104K)] 229667K->184412K(699392K), 0.0276621 secs] [Times: user=0.26 sys=0.00, real=0.02 secs] 
2016-09-24T00:27:12.893-0400: 200.612: [GC (GCLocker Initiated GC) [PSYoungGen: 149426K->61654K(175104K)] 272754K->245867K(699392K), 0.0116260 secs] [Times: user=0.14 sys=0.00, real=0.02 secs] 
2016-09-24T00:27:13.027-0400: 200.745: [GC (GCLocker Initiated GC) [PSYoungGen: 149718K->67925K(175104K)] 334079K->288872K(699392K), 0.0115063 secs] [Times: user=0.12 sys=0.00, real=0.01 secs] 
2016-09-24T00:27:13.157-0400: 200.875: [GC (GCLocker Initiated GC) [PSYoungGen: 155989K->37713K(175104K)] 389245K->319878K(699392K), 0.0123774 secs] [Times: user=0.17 sys=0.00, real=0.01 secs] 
2016-09-24T00:27:13.272-0400: 200.991: [GC (GCLocker Initiated GC) [PSYoungGen: 125777K->73640K(175104K)] 414065K->380811K(699392K), 0.0091033 secs] [Times: user=0.11 sys=0.00, real=0.01 secs] 
2016-09-24T00:27:13.382-0400: 201.100: [GC (GCLocker Initiated GC) [PSYoungGen: 161704K->79911K(175104K)] 469063K->424051K(699392K), 0.0103938 secs] [Times: user=0.14 sys=0.00, real=0.01 secs] 
2016-09-24T00:27:13.512-0400: 201.231: [GC (GCLocker Initiated GC) [PSYoungGen: 167975K->36998K(175104K)] 512257K->424393K(699392K), 0.0313212 secs] [Times: user=0.33 sys=0.01, real=0.04 secs] 
2016-09-24T00:27:13.632-0400: 201.350: [GC (GCLocker Initiated GC) [PSYoungGen: 125062K->85890K(175104K)] 512550K->485639K(699392K), 0.0107372 secs] [Times: user=0.11 sys=0.00, real=0.02 secs] 
2016-09-24T00:27:13.752-0400: 201.471: [GC (GCLocker Initiated GC) [PSYoungGen: 173954K->61558K(175104K)] 573823K->522804K(699392K), 0.0319121 secs] [Times: user=0.37 sys=0.01, real=0.04 secs] 
2016-09-24T00:27:13.784-0400: 201.503: [Full GC (Ergonomics) [PSYoungGen: 61558K->0K(175104K)] [ParOldGen: 461246K->54736K(524288K)] 522804K->54736K(699392K), [Metaspace: 44526K->44526K(1087488K)], 0.0716131 secs] [Times: user=0.48 sys=0.01, real=0.07 secs] 
2016-09-24T00:27:13.952-0400: 201.670: [GC (GCLocker Initiated GC) [PSYoungGen: 88064K->85954K(175104K)] 143056K->159171K(699392K), 0.0104007 secs] [Times: user=0.13 sys=0.00, real=0.02 secs] 
2016-09-24T00:27:14.066-0400: 201.784: [GC (GCLocker Initiated GC) [PSYoungGen: 174018K->73608K(175104K)] 247389K->202134K(699392K), 0.0181071 secs] [Times: user=0.21 sys=0.01, real=0.02 secs] 
2016-09-24T00:27:14.185-0400: 201.903: [GC (GCLocker Initiated GC) [PSYoungGen: 161672K->85986K(175104K)] 290240K->263485K(699392K), 0.0287663 secs] [Times: user=0.41 sys=0.00, real=0.02 secs] 
2016-09-24T00:27:14.323-0400: 202.041: [GC (GCLocker Initiated GC) [PSYoungGen: 174050K->55383K(175104K)] 357807K->324654K(699392K), 0.0250513 secs] [Times: user=0.30 sys=0.00, real=0.02 secs] 
2016-09-24T00:27:14.452-0400: 202.171: [GC (GCLocker Initiated GC) [PSYoungGen: 143447K->67633K(175104K)] 418902K->361424K(699392K), 0.0173447 secs] [Times: user=0.19 sys=0.00, real=0.02 secs] 
2016-09-24T00:27:14.569-0400: 202.287: [GC (GCLocker Initiated GC) [PSYoungGen: 155697K->67729K(175104K)] 449720K->380285K(699392K), 0.0252157 secs] [Times: user=0.27 sys=0.01, real=0.03 secs] 
2016-09-24T00:27:14.703-0400: 202.421: [GC (GCLocker Initiated GC) [PSYoungGen: 155793K->73512K(175104K)] 468626K->422890K(699392K), 0.0174997 secs] [Times: user=0.22 sys=0.00, real=0.01 secs] 
2016-09-24T00:27:14.870-0400: 202.588: [GC (GCLocker Initiated GC) [PSYoungGen: 161576K->36934K(175104K)] 511147K->423175K(699392K), 0.0194312 secs] [Times: user=0.20 sys=0.00, real=0.02 secs] 
2016-09-24T00:27:15.012-0400: 202.730: [GC (GCLocker Initiated GC) [PSYoungGen: 124998K->85662K(175104K)] 511555K->490539K(699392K), 0.0282687 secs] [Times: user=0.33 sys=0.00, real=0.03 secs] 
2016-09-24T00:27:15.151-0400: 202.869: [GC (GCLocker Initiated GC) [PSYoungGen: 173726K->73676K(175104K)] 578807K->497094K(699392K), 0.0174244 secs] [Times: user=0.18 sys=0.00, real=0.02 secs] 
2016-09-24T00:27:15.281-0400: 202.999: [GC (Allocation Failure) [PSYoungGen: 161740K->55191K(175104K)] 591573K->509559K(699392K), 0.0104484 secs] [Times: user=0.11 sys=0.00, real=0.01 secs] 
2016-09-24T00:27:15.292-0400: 203.010: [Full GC (Ergonomics) [PSYoungGen: 55191K->0K(175104K)] [ParOldGen: 454368K->48449K(524288K)] 509559K->48449K(699392K), [Metaspace: 44526K->44526K(1087488K)], 0.0805501 secs] [Times: user=0.57 sys=0.01, real=0.08 secs] 
2016-09-24T00:27:15.467-0400: 203.185: [GC (GCLocker Initiated GC) [PSYoungGen: 87971K->85626K(175104K)] 136549K->146353K(699392K), 0.0144940 secs] [Times: user=0.20 sys=0.00, real=0.01 secs] 
2016-09-24T00:27:15.597-0400: 203.315: [GC (GCLocker Initiated GC) [PSYoungGen: 173690K->73904K(175104K)] 240764K->207938K(699392K), 0.0185856 secs] [Times: user=0.23 sys=0.00, real=0.02 secs] 
2016-09-24T00:27:15.734-0400: 203.453: [GC (GCLocker Initiated GC) [PSYoungGen: 161968K->79683K(175104K)] 296319K->251447K(699392K), 0.0287044 secs] [Times: user=0.34 sys=0.00, real=0.03 secs] 
2016-09-24T00:27:15.868-0400: 203.586: [GC (Allocation Failure) [PSYoungGen: 167747K->85822K(175104K)] 339704K->300423K(699392K), 0.0126048 secs] [Times: user=0.14 sys=0.00, real=0.01 secs] 
2016-09-24T00:27:16.004-0400: 203.722: [GC (GCLocker Initiated GC) [PSYoungGen: 173886K->73968K(175104K)] 394562K->343552K(699392K), 0.0169546 secs] [Times: user=0.20 sys=0.01, real=0.01 secs] 
2016-09-24T00:27:16.127-0400: 203.845: [GC (Allocation Failure) [PSYoungGen: 162032K->73608K(175104K)] 431831K->374081K(699392K), 0.0174745 secs] [Times: user=0.19 sys=0.00, real=0.02 secs] 
2016-09-24T00:27:16.252-0400: 203.970: [GC (GCLocker Initiated GC) [PSYoungGen: 161672K->61462K(175104K)] 462151K->398494K(699392K), 0.0165468 secs] [Times: user=0.18 sys=0.00, real=0.02 secs] 
2016-09-24T00:27:16.404-0400: 204.123: [GC (GCLocker Initiated GC) [PSYoungGen: 149526K->73672K(175104K)] 492754K->466135K(699392K), 0.0101818 secs] [Times: user=0.12 sys=0.01, real=0.01 secs] 
2016-09-24T00:27:16.521-0400: 204.239: [GC (GCLocker Initiated GC) [PSYoungGen: 161736K->49116K(175104K)] 554406K->478347K(699392K), 0.0161185 secs] [Times: user=0.16 sys=0.00, real=0.02 secs] 
2016-09-24T00:27:16.655-0400: 204.373: [GC (GCLocker Initiated GC) [PSYoungGen: 137180K->67341K(175104K)] 566459K->521171K(699392K), 0.0155822 secs] [Times: user=0.11 sys=0.00, real=0.01 secs] 
2016-09-24T00:27:16.799-0400: 204.517: [GC (Allocation Failure) [PSYoungGen: 155405K->79423K(175104K)] 609355K->557949K(699392K), 0.0368828 secs] [Times: user=0.37 sys=0.00, real=0.04 secs] 
2016-09-24T00:27:16.836-0400: 204.554: [Full GC (Ergonomics) [PSYoungGen: 79423K->0K(175104K)] [ParOldGen: 478526K->48179K(524288K)] 557949K->48179K(699392K), [Metaspace: 44526K->44526K(1087488K)], 0.0649940 secs] [Times: user=0.38 sys=0.00, real=0.06 secs] 
2016-09-24T00:27:17.004-0400: 204.722: [GC (GCLocker Initiated GC) [PSYoungGen: 83386K->74807K(175104K)] 137641K->129062K(699392K), 0.0158926 secs] [Times: user=0.22 sys=0.01, real=0.01 secs] 
2016-09-24T00:27:17.122-0400: 204.840: [GC (GCLocker Initiated GC) [PSYoungGen: 162871K->73804K(175104K)] 217297K->147445K(699392K), 0.0221812 secs] [Times: user=0.27 sys=0.00, real=0.03 secs] 
2016-09-24T00:27:17.254-0400: 204.973: [GC (GCLocker Initiated GC) [PSYoungGen: 161868K->79947K(175104K)] 241839K->178395K(699392K), 0.0142343 secs] [Times: user=0.10 sys=0.00, real=0.01 secs] 
2016-09-24T00:27:17.420-0400: 205.139: [GC (GCLocker Initiated GC) [PSYoungGen: 168011K->67533K(175104K)] 278651K->221178K(699392K), 0.0279516 secs] [Times: user=0.30 sys=0.00, real=0.03 secs] 
2016-09-24T00:27:17.576-0400: 205.294: [GC (GCLocker Initiated GC) [PSYoungGen: 155597K->79747K(175104K)] 309350K->276357K(699392K), 0.0123739 secs] [Times: user=0.15 sys=0.00, real=0.01 secs] 
2016-09-24T00:27:17.705-0400: 205.423: [GC (GCLocker Initiated GC) [PSYoungGen: 167811K->61266K(175104K)] 376636K->318958K(699392K), 0.0400776 secs] [Times: user=0.39 sys=0.00, real=0.04 secs] 
2016-09-24T00:27:17.873-0400: 205.591: [GC (GCLocker Initiated GC) [PSYoungGen: 149330K->61394K(175104K)] 407299K->356081K(699392K), 0.0264589 secs] [Times: user=0.32 sys=0.00, real=0.03 secs] 
2016-09-24T00:27:18.043-0400: 205.761: [GC (Allocation Failure) [PSYoungGen: 149458K->55287K(175104K)] 450570K->374727K(699392K), 0.0086549 secs] [Times: user=0.13 sys=0.00, real=0.00 secs] 
2016-09-24T00:27:18.142-0400: 205.860: [GC (GCLocker Initiated GC) [PSYoungGen: 143351K->85790K(175104K)] 462798K->411456K(699392K), 0.0129433 secs] [Times: user=0.15 sys=0.01, real=0.02 secs] 
2016-09-24T00:27:18.274-0400: 205.992: [GC (GCLocker Initiated GC) [PSYoungGen: 173854K->85726K(175104K)] 499719K->460474K(699392K), 0.0194314 secs] [Times: user=0.21 sys=0.00, real=0.02 secs] 
2016-09-24T00:27:18.439-0400: 206.157: [GC (GCLocker Initiated GC) [PSYoungGen: 173790K->61458K(175104K)] 554727K->485212K(699392K), 0.0329614 secs] [Times: user=0.33 sys=0.00, real=0.03 secs] 
2016-09-24T00:27:18.580-0400: 206.299: [GC (Allocation Failure) [PSYoungGen: 149522K->79459K(175104K)] 573502K->503699K(699392K), 0.0190428 secs] [Times: user=0.16 sys=0.00, real=0.02 secs] 
2016-09-24T00:27:18.728-0400: 206.447: [GC (GCLocker Initiated GC) [PSYoungGen: 167523K->49052K(175104K)] 591768K->516074K(699392K), 0.0206236 secs] [Times: user=0.19 sys=0.01, real=0.02 secs] 
2016-09-24T00:27:18.749-0400: 206.467: [Full GC (Ergonomics) [PSYoungGen: 49052K->0K(175104K)] [ParOldGen: 467022K->40666K(524288K)] 516074K->40666K(699392K), [Metaspace: 44528K->44528K(1087488K)], 0.0814665 secs] [Times: user=0.55 sys=0.01, real=0.08 secs] 
2016-09-24T00:27:18.930-0400: 206.649: [GC (GCLocker Initiated GC) [PSYoungGen: 88064K->86210K(175104K)] 128939K->151385K(699392K), 0.0121250 secs] [Times: user=0.15 sys=0.00, real=0.02 secs] 
2016-09-24T00:27:19.056-0400: 206.774: [GC (Allocation Failure) [PSYoungGen: 174274K->79683K(175104K)] 239625K->182228K(699392K), 0.0098492 secs] [Times: user=0.12 sys=0.00, real=0.01 secs] 
2016-09-24T00:27:19.178-0400: 206.896: [GC (GCLocker Initiated GC) [PSYoungGen: 167747K->61522K(175104K)] 270292K->200816K(699392K), 0.0178586 secs] [Times: user=0.18 sys=0.01, real=0.02 secs] 
2016-09-24T00:27:19.310-0400: 207.028: [GC (GCLocker Initiated GC) [PSYoungGen: 149586K->61462K(175104K)] 295255K->225459K(699392K), 0.0135677 secs] [Times: user=0.08 sys=0.01, real=0.02 secs] 
2016-09-24T00:27:19.475-0400: 207.193: [GC (GCLocker Initiated GC) [PSYoungGen: 149526K->73608K(175104K)] 325777K->268547K(699392K), 0.0094921 secs] [Times: user=0.10 sys=0.00, real=0.01 secs] 
2016-09-24T00:27:19.619-0400: 207.337: [GC (GCLocker Initiated GC) [PSYoungGen: 161672K->85986K(175104K)] 356822K->342037K(699392K), 0.0211129 secs] [Times: user=0.29 sys=0.01, real=0.02 secs] 
2016-09-24T00:27:19.787-0400: 207.506: [GC (GCLocker Initiated GC) [PSYoungGen: 174050K->79619K(175104K)] 430199K->360344K(699392K), 0.0281994 secs] [Times: user=0.31 sys=0.00, real=0.03 secs] 
2016-09-24T00:27:19.941-0400: 207.660: [GC (GCLocker Initiated GC) [PSYoungGen: 167683K->85822K(175104K)] 448457K->415339K(699392K), 0.0113377 secs] [Times: user=0.15 sys=0.01, real=0.01 secs] 
2016-09-24T00:27:20.052-0400: 207.770: [GC (GCLocker Initiated GC) [PSYoungGen: 173886K->85694K(175104K)] 503518K->476360K(699392K), 0.0137851 secs] [Times: user=0.14 sys=0.00, real=0.02 secs] 
2016-09-24T00:27:20.191-0400: 207.909: [GC (GCLocker Initiated GC) [PSYoungGen: 173758K->67864K(175104K)] 564505K->501248K(699392K), 0.0228191 secs] [Times: user=0.22 sys=0.00, real=0.02 secs] 
2016-09-24T00:27:20.321-0400: 208.039: [GC (GCLocker Initiated GC) [PSYoungGen: 155928K->61522K(175104K)] 595637K->532053K(699392K), 0.0209748 secs] [Times: user=0.21 sys=0.00, real=0.02 secs] 
2016-09-24T00:27:20.342-0400: 208.060: [Full GC (Ergonomics) [PSYoungGen: 61522K->0K(175104K)] [ParOldGen: 470530K->53477K(524288K)] 532053K->53477K(699392K), [Metaspace: 44528K->44528K(1087488K)], 0.0633555 secs] [Times: user=0.34 sys=0.02, real=0.07 secs] 
2016-09-24T00:27:20.503-0400: 208.221: [GC (GCLocker Initiated GC) [PSYoungGen: 88064K->85950K(175104K)] 141594K->151630K(699392K), 0.0175009 secs] [Times: user=0.21 sys=0.01, real=0.01 secs] 
2016-09-24T00:27:20.660-0400: 208.378: [GC (GCLocker Initiated GC) [PSYoungGen: 174014K->61654K(175104K)] 257956K->200851K(699392K), 0.0096826 secs] [Times: user=0.13 sys=0.00, real=0.01 secs] 
2016-09-24T00:27:20.803-0400: 208.521: [GC (Allocation Failure) [PSYoungGen: 149718K->79583K(175104K)] 288956K->261834K(699392K), 0.0118055 secs] [Times: user=0.15 sys=0.00, real=0.01 secs] 
2016-09-24T00:27:20.927-0400: 208.645: [GC (GCLocker Initiated GC) [PSYoungGen: 167647K->67597K(175104K)] 349904K->328989K(699392K), 0.0165164 secs] [Times: user=0.24 sys=0.00, real=0.02 secs] 
2016-09-24T00:27:21.074-0400: 208.792: [GC (GCLocker Initiated GC) [PSYoungGen: 155661K->86182K(175104K)] 417230K->390427K(699392K), 0.0109723 secs] [Times: user=0.17 sys=0.01, real=0.02 secs] 
2016-09-24T00:27:21.216-0400: 208.934: [GC (Allocation Failure) [PSYoungGen: 174246K->55711K(175104K)] 490907K->372984K(699392K), 0.0171675 secs] [Times: user=0.21 sys=0.00, real=0.01 secs] 
2016-09-24T00:27:21.365-0400: 209.083: [GC (GCLocker Initiated GC) [PSYoungGen: 142883K->55351K(175104K)] 466231K->397215K(699392K), 0.0108315 secs] [Times: user=0.11 sys=0.01, real=0.01 secs] 
2016-09-24T00:27:21.517-0400: 209.235: [GC (GCLocker Initiated GC) [PSYoungGen: 143415K->19004K(175104K)] 509845K->403740K(699392K), 0.0313067 secs] [Times: user=0.28 sys=0.01, real=0.03 secs] 
2016-09-24T00:27:21.669-0400: 209.387: [GC (GCLocker Initiated GC) [PSYoungGen: 107068K->73608K(175104K)] 492037K->458884K(699392K), 0.0091890 secs] [Times: user=0.09 sys=0.01, real=0.01 secs] 
2016-09-24T00:27:21.816-0400: 209.534: [GC (GCLocker Initiated GC) [PSYoungGen: 161672K->37290K(175104K)] 565461K->459400K(699392K), 0.0075725 secs] [Times: user=0.07 sys=0.00, real=0.01 secs] 
2016-09-24T00:27:21.964-0400: 209.682: [GC (GCLocker Initiated GC) [PSYoungGen: 125354K->19328K(175104K)] 559712K->454126K(699392K), 0.0074568 secs] [Times: user=0.11 sys=0.00, real=0.00 secs] 
2016-09-24T00:27:22.088-0400: 209.806: [GC (GCLocker Initiated GC) [PSYoungGen: 107392K->73540K(175104K)] 542406K->508861K(699392K), 0.0114020 secs] [Times: user=0.11 sys=0.00, real=0.01 secs] 
2016-09-24T00:27:22.213-0400: 209.931: [GC (GCLocker Initiated GC) [PSYoungGen: 161604K->86477K(175104K)] 603042K->576675K(699392K), 0.0118251 secs] [Times: user=0.17 sys=0.00, real=0.02 secs] 
2016-09-24T00:27:22.225-0400: 209.943: [Full GC (Ergonomics) [PSYoungGen: 86477K->0K(175104K)] [ParOldGen: 490197K->53388K(524288K)] 576675K->53388K(699392K), [Metaspace: 44532K->44532K(1087488K)], 0.0654531 secs] [Times: user=0.41 sys=0.01, real=0.06 secs] 
2016-09-24T00:27:22.437-0400: 210.155: [GC (GCLocker Initiated GC) [PSYoungGen: 88064K->86210K(175104K)] 153800K->158021K(699392K), 0.0119851 secs] [Times: user=0.16 sys=0.00, real=0.01 secs] 
2016-09-24T00:27:22.566-0400: 210.284: [GC (GCLocker Initiated GC) [PSYoungGen: 174274K->67341K(175104K)] 246262K->188453K(699392K), 0.0266065 secs] [Times: user=0.20 sys=0.01, real=0.02 secs] 
2016-09-24T00:27:22.700-0400: 210.419: [GC (GCLocker Initiated GC) [PSYoungGen: 155405K->67469K(175104K)] 276553K->255726K(699392K), 0.0120897 secs] [Times: user=0.15 sys=0.00, real=0.01 secs] 
2016-09-24T00:27:22.830-0400: 210.549: [GC (GCLocker Initiated GC) [PSYoungGen: 155533K->79455K(175104K)] 343893K->298450K(699392K), 0.0130651 secs] [Times: user=0.11 sys=0.00, real=0.02 secs] 
2016-09-24T00:27:22.952-0400: 210.671: [GC (GCLocker Initiated GC) [PSYoungGen: 167519K->61394K(175104K)] 386561K->329155K(699392K), 0.0116692 secs] [Times: user=0.11 sys=0.00, real=0.02 secs] 
2016-09-24T00:27:23.097-0400: 210.815: [GC (GCLocker Initiated GC) [PSYoungGen: 149458K->67565K(175104K)] 423415K->408671K(699392K), 0.0131013 secs] [Times: user=0.14 sys=0.01, real=0.01 secs] 
2016-09-24T00:27:23.241-0400: 210.959: [GC (GCLocker Initiated GC) [PSYoungGen: 155629K->67341K(175104K)] 496766K->414804K(699392K), 0.0290681 secs] [Times: user=0.30 sys=0.00, real=0.03 secs] 
2016-09-24T00:27:23.404-0400: 211.122: [GC (GCLocker Initiated GC) [PSYoungGen: 155405K->49144K(175104K)] 509243K->470091K(699392K), 0.0137294 secs] [Times: user=0.14 sys=0.00, real=0.01 secs] 
2016-09-24T00:27:23.540-0400: 211.258: [Full GC (Ergonomics) [PSYoungGen: 137208K->0K(175104K)] [ParOldGen: 427377K->53397K(524288K)] 564585K->53397K(699392K), [Metaspace: 44533K->44533K(1087488K)], 0.0820081 secs] [Times: user=0.52 sys=0.01, real=0.08 secs] 
2016-09-24T00:27:23.747-0400: 211.465: [GC (GCLocker Initiated GC) [PSYoungGen: 88064K->67405K(175104K)] 147622K->126963K(699392K), 0.0154586 secs] [Times: user=0.16 sys=0.00, real=0.01 secs] 
2016-09-24T00:27:23.871-0400: 211.589: [GC (GCLocker Initiated GC) [PSYoungGen: 155469K->61458K(175104K)] 215176K->139837K(699392K), 0.0116970 secs] [Times: user=0.11 sys=0.00, real=0.02 secs] 
2016-09-24T00:27:24.018-0400: 211.736: [GC (GCLocker Initiated GC) [PSYoungGen: 149522K->74000K(175104K)] 234331K->177334K(699392K), 0.0223241 secs] [Times: user=0.28 sys=0.00, real=0.02 secs] 
2016-09-24T00:27:24.157-0400: 211.875: [GC (GCLocker Initiated GC) [PSYoungGen: 162064K->73640K(175104K)] 265485K->195617K(699392K), 0.0082823 secs] [Times: user=0.09 sys=0.00, real=0.01 secs] 
2016-09-24T00:27:24.280-0400: 211.998: [GC (GCLocker Initiated GC) [PSYoungGen: 161704K->67733K(175104K)] 283825K->226415K(699392K), 0.0162132 secs] [Times: user=0.15 sys=0.01, real=0.02 secs] 
2016-09-24T00:27:24.447-0400: 212.166: [GC (GCLocker Initiated GC) [PSYoungGen: 155797K->73544K(175104K)] 314537K->269182K(699392K), 0.0168921 secs] [Times: user=0.14 sys=0.00, real=0.02 secs] 
2016-09-24T00:27:24.582-0400: 212.300: [GC (Allocation Failure) [PSYoungGen: 161608K->67273K(175104K)] 357293K->299692K(699392K), 0.0296689 secs] [Times: user=0.32 sys=0.01, real=0.03 secs] 
2016-09-24T00:27:24.712-0400: 212.430: [GC (GCLocker Initiated GC) [PSYoungGen: 155337K->49280K(175104K)] 387761K->306100K(699392K), 0.0346064 secs] [Times: user=0.36 sys=0.01, real=0.04 secs] 
2016-09-24T00:27:24.851-0400: 212.570: [GC (GCLocker Initiated GC) [PSYoungGen: 137344K->67665K(175104K)] 400533K->349346K(699392K), 0.0308934 secs] [Times: user=0.38 sys=0.00, real=0.04 secs] 
2016-09-24T00:27:25.019-0400: 212.737: [GC (GCLocker Initiated GC) [PSYoungGen: 155729K->67469K(175104K)] 443752K->392234K(699392K), 0.0152915 secs] [Times: user=0.17 sys=0.00, real=0.02 secs] 
2016-09-24T00:27:25.152-0400: 212.870: [GC (GCLocker Initiated GC) [PSYoungGen: 155533K->61426K(149504K)] 480548K->404777K(673792K), 0.0292733 secs] [Times: user=0.32 sys=0.00, real=0.03 secs] 
2016-09-24T00:27:25.292-0400: 213.010: [GC (GCLocker Initiated GC) [PSYoungGen: 149490K->86150K(174080K)] 493124K->472453K(698368K), 0.0116850 secs] [Times: user=0.17 sys=0.01, real=0.02 secs] 
2016-09-24T00:27:25.441-0400: 213.159: [GC (Allocation Failure) [PSYoungGen: 173702K->67565K(174592K)] 560248K->491033K(698880K), 0.0107632 secs] [Times: user=0.15 sys=0.00, real=0.01 secs] 
2016-09-24T00:27:25.556-0400: 213.274: [GC (GCLocker Initiated GC) [PSYoungGen: 152988K->73676K(175104K)] 582531K->527802K(699392K), 0.0123905 secs] [Times: user=0.10 sys=0.01, real=0.01 secs] 
2016-09-24T00:27:25.688-0400: 213.406: [GC (GCLocker Initiated GC) [PSYoungGen: 161740K->85726K(175104K)] 616031K->570848K(699392K), 0.0194199 secs] [Times: user=0.21 sys=0.00, real=0.02 secs] 
2016-09-24T00:27:25.708-0400: 213.426: [Full GC (Ergonomics) [PSYoungGen: 85726K->0K(175104K)] [ParOldGen: 485122K->53460K(524288K)] 570848K->53460K(699392K), [Metaspace: 44541K->44541K(1087488K)], 0.0601002 secs] [Times: user=0.28 sys=0.00, real=0.06 secs] 
2016-09-24T00:27:25.905-0400: 213.623: [GC (GCLocker Initiated GC) [PSYoungGen: 88063K->86570K(175104K)] 154023K->158604K(699392K), 0.0120344 secs] [Times: user=0.14 sys=0.00, real=0.01 secs] 
2016-09-24T00:27:26.060-0400: 213.778: [GC (GCLocker Initiated GC) [PSYoungGen: 174634K->37094K(175104K)] 258850K->176852K(699392K), 0.0148551 secs] [Times: user=0.14 sys=0.00, real=0.02 secs] 
2016-09-24T00:27:26.215-0400: 213.933: [GC (GCLocker Initiated GC) [PSYoungGen: 125158K->31218K(175104K)] 283322K->219838K(699392K), 0.0209197 secs] [Times: user=0.23 sys=0.00, real=0.02 secs] 
2016-09-24T00:27:26.356-0400: 214.074: [GC (GCLocker Initiated GC) [PSYoungGen: 119282K->67337K(175104K)] 307950K->256295K(699392K), 0.0085413 secs] [Times: user=0.07 sys=0.00, real=0.01 secs] 
2016-09-24T00:27:26.478-0400: 214.197: [GC (GCLocker Initiated GC) [PSYoungGen: 155401K->80175K(175104K)] 344558K->324182K(699392K), 0.0111754 secs] [Times: user=0.13 sys=0.00, real=0.01 secs] 
2016-09-24T00:27:26.611-0400: 214.329: [GC (GCLocker Initiated GC) [PSYoungGen: 168239K->49080K(175104K)] 424718K->324551K(699392K), 0.0157615 secs] [Times: user=0.16 sys=0.00, real=0.02 secs] 
2016-09-24T00:27:26.752-0400: 214.470: [GC (Allocation Failure) [PSYoungGen: 137144K->85890K(175104K)] 412888K->392128K(699392K), 0.0152217 secs] [Times: user=0.17 sys=0.00, real=0.02 secs] 
2016-09-24T00:27:26.768-0400: 214.486: [GC (GCLocker Initiated GC) [PSYoungGen: 85904K->96K(175104K)] 392143K->379761K(699392K), 0.0084019 secs] [Times: user=0.08 sys=0.00, real=0.01 secs] 
2016-09-24T00:27:26.902-0400: 214.621: [GC (GCLocker Initiated GC) [PSYoungGen: 85757K->61362K(175104K)] 471497K->447102K(699392K), 0.0148383 secs] [Times: user=0.16 sys=0.00, real=0.01 secs] 
2016-09-24T00:27:27.046-0400: 214.764: [GC (GCLocker Initiated GC) [PSYoungGen: 149426K->85790K(175104K)] 535213K->490102K(699392K), 0.0134819 secs] [Times: user=0.14 sys=0.01, real=0.01 secs] 
2016-09-24T00:27:27.203-0400: 214.921: [GC (GCLocker Initiated GC) [PSYoungGen: 173854K->61458K(175104K)] 590346K->538992K(699392K), 0.0164924 secs] [Times: user=0.17 sys=0.01, real=0.01 secs] 
2016-09-24T00:27:27.220-0400: 214.938: [Full GC (Ergonomics) [PSYoungGen: 61458K->0K(175104K)] [ParOldGen: 477534K->47604K(524288K)] 538992K->47604K(699392K), [Metaspace: 44541K->44541K(1087488K)], 0.0722450 secs] [Times: user=0.43 sys=0.01, real=0.07 secs] 
2016-09-24T00:27:27.430-0400: 215.148: [GC (GCLocker Initiated GC) [PSYoungGen: 88064K->85950K(175104K)] 135924K->139885K(699392K), 0.0150989 secs] [Times: user=0.14 sys=0.01, real=0.02 secs] 
2016-09-24T00:27:27.527-0400: 215.246: [GC (GCLocker Initiated GC) [PSYoungGen: 174014K->79455K(175104K)] 228227K->189062K(699392K), 0.0222442 secs] [Times: user=0.24 sys=0.00, real=0.02 secs] 
2016-09-24T00:27:27.675-0400: 215.394: [GC (GCLocker Initiated GC) [PSYoungGen: 167519K->43336K(175104K)] 289358K->195654K(699392K), 0.0098380 secs] [Times: user=0.07 sys=0.00, real=0.01 secs] 
2016-09-24T00:27:27.803-0400: 215.522: [GC (GCLocker Initiated GC) [PSYoungGen: 131400K->61426K(175104K)] 290069K->269306K(699392K), 0.0118710 secs] [Times: user=0.11 sys=0.00, real=0.01 secs] 
2016-09-24T00:27:27.913-0400: 215.632: [GC (GCLocker Initiated GC) [PSYoungGen: 149490K->55387K(175104K)] 357502K->281695K(699392K), 0.0198799 secs] [Times: user=0.15 sys=0.00, real=0.02 secs] 
2016-09-24T00:27:28.056-0400: 215.774: [GC (GCLocker Initiated GC) [PSYoungGen: 143451K->55287K(175104K)] 369879K->342741K(699392K), 0.0271041 secs] [Times: user=0.29 sys=0.01, real=0.03 secs] 
2016-09-24T00:27:28.204-0400: 215.923: [GC (GCLocker Initiated GC) [PSYoungGen: 143351K->61362K(175104K)] 437186K->355457K(699392K), 0.0175622 secs] [Times: user=0.16 sys=0.01, real=0.01 secs] 
2016-09-24T00:27:28.347-0400: 216.065: [GC (GCLocker Initiated GC) [PSYoungGen: 149426K->73416K(175104K)] 449929K->392412K(699392K), 0.0389783 secs] [Times: user=0.37 sys=0.00, real=0.04 secs] 
2016-09-24T00:27:28.520-0400: 216.238: [GC (GCLocker Initiated GC) [PSYoungGen: 161480K->85630K(175104K)] 480735K->423394K(699392K), 0.0361683 secs] [Times: user=0.29 sys=0.00, real=0.04 secs] 
2016-09-24T00:27:28.671-0400: 216.389: [GC (Allocation Failure) [PSYoungGen: 173694K->79815K(175104K)] 511562K->429928K(699392K), 0.0181084 secs] [Times: user=0.19 sys=0.00, real=0.02 secs] 
2016-09-24T00:27:28.689-0400: 216.407: [GC (GCLocker Initiated GC) [PSYoungGen: 79834K->96K(175104K)] 429948K->435786K(699392K), 0.0097794 secs] [Times: user=0.08 sys=0.01, real=0.01 secs] 
2016-09-24T00:27:28.699-0400: 216.417: [Full GC (Ergonomics) [PSYoungGen: 96K->0K(175104K)] [ParOldGen: 435690K->53346K(524288K)] 435786K->53346K(699392K), [Metaspace: 44541K->44541K(1087488K)], 0.0687044 secs] [Times: user=0.34 sys=0.01, real=0.07 secs] 
2016-09-24T00:27:28.874-0400: 216.592: [GC (GCLocker Initiated GC) [PSYoungGen: 88064K->86014K(175104K)] 141416K->169741K(699392K), 0.0106982 secs] [Times: user=0.14 sys=0.00, real=0.02 secs] 
2016-09-24T00:27:28.997-0400: 216.715: [GC (GCLocker Initiated GC) [PSYoungGen: 174078K->67925K(175104K)] 258071K->243623K(699392K), 0.0122150 secs] [Times: user=0.17 sys=0.00, real=0.01 secs] 
2016-09-24T00:27:29.117-0400: 216.835: [GC (Allocation Failure) [PSYoungGen: 155989K->73836K(175104K)] 332310K->286774K(699392K), 0.0123200 secs] [Times: user=0.18 sys=0.00, real=0.01 secs] 
2016-09-24T00:27:29.268-0400: 216.987: [GC (GCLocker Initiated GC) [PSYoungGen: 156269K->36834K(175104K)] 375283K->298632K(699392K), 0.0134195 secs] [Times: user=0.12 sys=0.00, real=0.01 secs] 
2016-09-24T00:27:29.406-0400: 217.124: [GC (GCLocker Initiated GC) [PSYoungGen: 124898K->73416K(175104K)] 393037K->341651K(699392K), 0.0102125 secs] [Times: user=0.07 sys=0.01, real=0.01 secs] 
2016-09-24T00:27:29.521-0400: 217.239: [GC (GCLocker Initiated GC) [PSYoungGen: 161480K->55223K(175104K)] 429774K->366317K(699392K), 0.0227724 secs] [Times: user=0.20 sys=0.01, real=0.03 secs] 
2016-09-24T00:27:29.664-0400: 217.382: [GC (GCLocker Initiated GC) [PSYoungGen: 143287K->43073K(175104K)] 454753K->433790K(699392K), 0.0297241 secs] [Times: user=0.30 sys=0.00, real=0.02 secs] 
2016-09-24T00:27:29.825-0400: 217.543: [GC (GCLocker Initiated GC) [PSYoungGen: 131137K->85858K(175104K)] 522227K->489389K(699392K), 0.0220563 secs] [Times: user=0.23 sys=0.00, real=0.02 secs] 
2016-09-24T00:27:30.000-0400: 217.718: [GC (GCLocker Initiated GC) [PSYoungGen: 173922K->19228K(175104K)] 595743K->459706K(699392K), 0.0103996 secs] [Times: user=0.12 sys=0.00, real=0.01 secs] 
2016-09-24T00:27:30.011-0400: 217.729: [Full GC (Ergonomics) [PSYoungGen: 19228K->0K(175104K)] [ParOldGen: 440477K->47237K(524288K)] 459706K->47237K(699392K), [Metaspace: 44541K->44541K(1087488K)], 0.0639110 secs] [Times: user=0.35 sys=0.01, real=0.07 secs] 
2016-09-24T00:27:30.209-0400: 217.928: [GC (GCLocker Initiated GC) [PSYoungGen: 88064K->79715K(175104K)] 147566K->139217K(699392K), 0.0176261 secs] [Times: user=0.20 sys=0.01, real=0.02 secs] 
2016-09-24T00:27:30.340-0400: 218.058: [GC (GCLocker Initiated GC) [PSYoungGen: 167779K->61394K(175104K)] 227390K->175972K(699392K), 0.0155024 secs] [Times: user=0.16 sys=0.00, real=0.02 secs] 
2016-09-24T00:27:30.489-0400: 218.207: [GC (GCLocker Initiated GC) [PSYoungGen: 149458K->85986K(175104K)] 270259K->249635K(699392K), 0.0274235 secs] [Times: user=0.31 sys=0.00, real=0.03 secs] 
2016-09-24T00:27:30.644-0400: 218.362: [GC (GCLocker Initiated GC) [PSYoungGen: 174050K->73544K(175104K)] 337747K->261809K(699392K), 0.0138024 secs] [Times: user=0.11 sys=0.00, real=0.01 secs] 
2016-09-24T00:27:30.761-0400: 218.479: [GC (GCLocker Initiated GC) [PSYoungGen: 161608K->86050K(175104K)] 349921K->329190K(699392K), 0.0115774 secs] [Times: user=0.18 sys=0.00, real=0.01 secs] 
2016-09-24T00:27:30.888-0400: 218.606: [GC (GCLocker Initiated GC) [PSYoungGen: 174114K->67501K(175104K)] 423455K->384130K(699392K), 0.0238835 secs] [Times: user=0.36 sys=0.00, real=0.02 secs] 
2016-09-24T00:27:31.025-0400: 218.743: [GC (GCLocker Initiated GC) [PSYoungGen: 155565K->86018K(175104K)] 478317K->469836K(699392K), 0.0127492 secs] [Times: user=0.15 sys=0.00, real=0.01 secs] 
2016-09-24T00:27:31.190-0400: 218.909: [GC (Allocation Failure) [PSYoungGen: 174082K->30695K(175104K)] 564017K->463414K(699392K), 0.0166500 secs] [Times: user=0.15 sys=0.00, real=0.02 secs] 
2016-09-24T00:27:31.207-0400: 218.925: [Full GC (Ergonomics) [PSYoungGen: 30695K->0K(175104K)] [ParOldGen: 432719K->40979K(524288K)] 463414K->40979K(699392K), [Metaspace: 44541K->44541K(1087488K)], 0.0655675 secs] [Times: user=0.36 sys=0.00, real=0.06 secs] 
2016-09-24T00:27:31.405-0400: 219.123: [GC (GCLocker Initiated GC) [PSYoungGen: 84908K->55803K(175104K)] 131963K->102857K(699392K), 0.0136823 secs] [Times: user=0.16 sys=0.00, real=0.01 secs] 
2016-09-24T00:27:31.536-0400: 219.254: [GC (GCLocker Initiated GC) [PSYoungGen: 143867K->55123K(175104K)] 190985K->121006K(699392K), 0.0111804 secs] [Times: user=0.13 sys=0.01, real=0.01 secs] 
2016-09-24T00:27:31.639-0400: 219.357: [GC (GCLocker Initiated GC) [PSYoungGen: 143187K->86118K(175104K)] 209268K->182686K(699392K), 0.0190903 secs] [Times: user=0.19 sys=0.01, real=0.02 secs] 
2016-09-24T00:27:31.783-0400: 219.501: [GC (GCLocker Initiated GC) [PSYoungGen: 174182K->55419K(175104K)] 270814K->170716K(699392K), 0.0092955 secs] [Times: user=0.10 sys=0.00, real=0.00 secs] 
2016-09-24T00:27:31.930-0400: 219.648: [GC (GCLocker Initiated GC) [PSYoungGen: 143483K->61330K(175104K)] 264908K->201068K(699392K), 0.0237127 secs] [Times: user=0.26 sys=0.00, real=0.02 secs] 
2016-09-24T00:27:32.079-0400: 219.797: [GC (GCLocker Initiated GC) [PSYoungGen: 149394K->73740K(175104K)] 295563K->268636K(699392K), 0.0132000 secs] [Times: user=0.13 sys=0.01, real=0.01 secs] 
2016-09-24T00:27:32.214-0400: 219.932: [GC (GCLocker Initiated GC) [PSYoungGen: 161804K->55515K(175104K)] 362885K->275253K(699392K), 0.0139218 secs] [Times: user=0.15 sys=0.00, real=0.02 secs] 
2016-09-24T00:27:32.363-0400: 220.081: [GC (Allocation Failure) [PSYoungGen: 143578K->56134K(175104K)] 375810K->306767K(699392K), 0.0123695 secs] [Times: user=0.18 sys=0.00, real=0.01 secs] 
2016-09-24T00:27:32.499-0400: 220.217: [GC (GCLocker Initiated GC) [PSYoungGen: 141019K->56038K(175104K)] 397727K->331427K(699392K), 0.0183536 secs] [Times: user=0.26 sys=0.00, real=0.02 secs] 
2016-09-24T00:27:32.649-0400: 220.367: [GC (GCLocker Initiated GC) [PSYoungGen: 144102K->55383K(175104K)] 431749K->361374K(699392K), 0.0097338 secs] [Times: user=0.10 sys=0.00, real=0.01 secs] 
2016-09-24T00:27:32.755-0400: 220.474: [GC (GCLocker Initiated GC) [PSYoungGen: 143447K->73868K(175104K)] 449504K->380069K(699392K), 0.0147582 secs] [Times: user=0.19 sys=0.00, real=0.01 secs] 
2016-09-24T00:27:32.899-0400: 220.617: [GC (GCLocker Initiated GC) [PSYoungGen: 161932K->49344K(175104K)] 474479K->416833K(699392K), 0.0229708 secs] [Times: user=0.22 sys=0.00, real=0.02 secs] 
2016-09-24T00:27:33.051-0400: 220.770: [GC (GCLocker Initiated GC) [PSYoungGen: 137408K->43301K(175104K)] 517397K->423557K(699392K), 0.0179450 secs] [Times: user=0.16 sys=0.00, real=0.02 secs] 
2016-09-24T00:27:33.215-0400: 220.933: [GC (GCLocker Initiated GC) [PSYoungGen: 131365K->55319K(175104K)] 518041K->460511K(699392K), 0.0113932 secs] [Times: user=0.12 sys=0.00, real=0.01 secs] 
2016-09-24T00:27:33.330-0400: 221.049: [GC (GCLocker Initiated GC) [PSYoungGen: 143383K->73740K(175104K)] 548786K->503578K(699392K), 0.0339500 secs] [Times: user=0.36 sys=0.00, real=0.04 secs] 
2016-09-24T00:27:33.494-0400: 221.213: [GC (GCLocker Initiated GC) [PSYoungGen: 161804K->79947K(175104K)] 591757K->546657K(699392K), 0.0159345 secs] [Times: user=0.17 sys=0.00, real=0.01 secs] 
2016-09-24T00:27:33.510-0400: 221.229: [Full GC (Ergonomics) [PSYoungGen: 79947K->0K(175104K)] [ParOldGen: 466710K->53423K(524288K)] 546657K->53423K(699392K), [Metaspace: 44543K->44543K(1087488K)], 0.0602190 secs] [Times: user=0.30 sys=0.01, real=0.06 secs] 
2016-09-24T00:27:33.681-0400: 221.399: [GC (GCLocker Initiated GC) [PSYoungGen: 88064K->86078K(175104K)] 141584K->163898K(699392K), 0.0141754 secs] [Times: user=0.18 sys=0.00, real=0.02 secs] 
2016-09-24T00:27:33.814-0400: 221.532: [GC (GCLocker Initiated GC) [PSYoungGen: 174142K->61654K(175104K)] 252160K->182745K(699392K), 0.0100096 secs] [Times: user=0.11 sys=0.01, real=0.02 secs] 
2016-09-24T00:27:33.956-0400: 221.674: [GC (Allocation Failure) [PSYoungGen: 149718K->73904K(175104K)] 271086K->213812K(699392K), 0.0096306 secs] [Times: user=0.13 sys=0.00, real=0.01 secs] 
2016-09-24T00:27:34.081-0400: 221.800: [GC (GCLocker Initiated GC) [PSYoungGen: 161968K->85726K(175104K)] 301876K->250046K(699392K), 0.0112963 secs] [Times: user=0.12 sys=0.00, real=0.01 secs] 
2016-09-24T00:27:34.221-0400: 221.939: [GC (GCLocker Initiated GC) [PSYoungGen: 173790K->73968K(175104K)] 338231K->275002K(699392K), 0.0115006 secs] [Times: user=0.15 sys=0.01, real=0.01 secs] 
2016-09-24T00:27:34.330-0400: 222.048: [GC (GCLocker Initiated GC) [PSYoungGen: 162032K->61362K(175104K)] 369475K->275139K(699392K), 0.0094268 secs] [Times: user=0.08 sys=0.00, real=0.01 secs] 
2016-09-24T00:27:34.459-0400: 222.177: [GC (Allocation Failure) [PSYoungGen: 149426K->74263K(175104K)] 363559K->325186K(699392K), 0.0213126 secs] [Times: user=0.29 sys=0.01, real=0.02 secs] 
2016-09-24T00:27:34.602-0400: 222.320: [GC (GCLocker Initiated GC) [PSYoungGen: 160444K->67469K(175104K)] 417442K->343131K(699392K), 0.0230142 secs] [Times: user=0.27 sys=0.01, real=0.03 secs] 
2016-09-24T00:27:34.729-0400: 222.447: [GC (Allocation Failure) [PSYoungGen: 155533K->79719K(175104K)] 431298K->373821K(699392K), 0.0364914 secs] [Times: user=0.39 sys=0.00, real=0.04 secs] 
2016-09-24T00:27:34.877-0400: 222.595: [GC (GCLocker Initiated GC) [PSYoungGen: 167783K->61522K(175104K)] 461896K->441149K(699392K), 0.0142573 secs] [Times: user=0.21 sys=0.00, real=0.01 secs] 
2016-09-24T00:27:35.016-0400: 222.734: [GC (GCLocker Initiated GC) [PSYoungGen: 149586K->85826K(175104K)] 535380K->477791K(699392K), 0.0178474 secs] [Times: user=0.21 sys=0.00, real=0.02 secs] 
2016-09-24T00:27:35.154-0400: 222.872: [GC (GCLocker Initiated GC) [PSYoungGen: 173890K->61522K(175104K)] 566026K->514724K(699392K), 0.0277515 secs] [Times: user=0.34 sys=0.00, real=0.03 secs] 
2016-09-24T00:27:35.181-0400: 222.900: [Full GC (Ergonomics) [PSYoungGen: 61522K->0K(175104K)] [ParOldGen: 453202K->53493K(524288K)] 514724K->53493K(699392K), [Metaspace: 44543K->44543K(1087488K)], 0.0617673 secs] [Times: user=0.49 sys=0.00, real=0.07 secs] 
2016-09-24T00:27:35.356-0400: 223.075: [GC (GCLocker Initiated GC) [PSYoungGen: 88064K->74060K(175104K)] 147681K->133677K(699392K), 0.0233412 secs] [Times: user=0.26 sys=0.00, real=0.02 secs] 
2016-09-24T00:27:35.496-0400: 223.214: [GC (GCLocker Initiated GC) [PSYoungGen: 162124K->85890K(175104K)] 221810K->188657K(699392K), 0.0115931 secs] [Times: user=0.13 sys=0.00, real=0.01 secs] 
2016-09-24T00:27:35.655-0400: 223.373: [GC (GCLocker Initiated GC) [PSYoungGen: 173954K->12697K(175104K)] 301213K->183070K(699392K), 0.0174133 secs] [Times: user=0.17 sys=0.00, real=0.01 secs] 
2016-09-24T00:27:35.813-0400: 223.532: [GC (GCLocker Initiated GC) [PSYoungGen: 100761K->61330K(175104K)] 277419K->238090K(699392K), 0.0176714 secs] [Times: user=0.17 sys=0.02, real=0.02 secs] 
2016-09-24T00:27:35.934-0400: 223.652: [GC (GCLocker Initiated GC) [PSYoungGen: 149394K->55319K(175104K)] 326307K->280936K(699392K), 0.0135239 secs] [Times: user=0.12 sys=0.00, real=0.02 secs] 
2016-09-24T00:27:36.064-0400: 223.782: [GC (Allocation Failure) [PSYoungGen: 143383K->49280K(175104K)] 375234K->317848K(699392K), 0.0254987 secs] [Times: user=0.20 sys=0.00, real=0.02 secs] 
2016-09-24T00:27:36.204-0400: 223.923: [GC (GCLocker Initiated GC) [PSYoungGen: 137344K->61522K(175104K)] 405918K->379152K(699392K), 0.0217277 secs] [Times: user=0.23 sys=0.00, real=0.02 secs] 
2016-09-24T00:27:36.350-0400: 224.068: [GC (GCLocker Initiated GC) [PSYoungGen: 149586K->73772K(175104K)] 473422K->416148K(699392K), 0.0161844 secs] [Times: user=0.18 sys=0.00, real=0.02 secs] 
2016-09-24T00:27:36.489-0400: 224.208: [GC (GCLocker Initiated GC) [PSYoungGen: 161836K->55287K(175104K)] 504579K->434748K(699392K), 0.0105123 secs] [Times: user=0.10 sys=0.00, real=0.01 secs] 
2016-09-24T00:27:36.641-0400: 224.360: [GC (GCLocker Initiated GC) [PSYoungGen: 143351K->49280K(175104K)] 529029K->453278K(699392K), 0.0299513 secs] [Times: user=0.31 sys=0.00, real=0.03 secs] 
2016-09-24T00:27:36.798-0400: 224.516: [GC (Allocation Failure) [PSYoungGen: 137344K->55287K(175104K)] 541417K->478017K(699392K), 0.0103907 secs] [Times: user=0.11 sys=0.01, real=0.01 secs] 
2016-09-24T00:27:36.924-0400: 224.642: [GC (GCLocker Initiated GC) [PSYoungGen: 143351K->73968K(175104K)] 566086K->551522K(699392K), 0.0120463 secs] [Times: user=0.15 sys=0.01, real=0.01 secs] 
2016-09-24T00:27:36.936-0400: 224.654: [Full GC (Ergonomics) [PSYoungGen: 73968K->0K(175104K)] [ParOldGen: 477554K->54115K(524288K)] 551522K->54115K(699392K), [Metaspace: 44543K->44543K(1087488K)], 0.0658879 secs] [Times: user=0.39 sys=0.01, real=0.07 secs] 
2016-09-24T00:27:37.130-0400: 224.848: [GC (GCLocker Initiated GC) [PSYoungGen: 88064K->73936K(175104K)] 154483K->140355K(699392K), 0.0099550 secs] [Times: user=0.11 sys=0.01, real=0.01 secs] 
2016-09-24T00:27:37.262-0400: 224.980: [GC (GCLocker Initiated GC) [PSYoungGen: 162000K->37290K(175104K)] 235161K->147193K(699392K), 0.0071086 secs] [Times: user=0.06 sys=0.00, real=0.00 secs] 
2016-09-24T00:27:37.362-0400: 225.080: [GC (GCLocker Initiated GC) [PSYoungGen: 125354K->67597K(175104K)] 241603K->202395K(699392K), 0.0193928 secs] [Times: user=0.21 sys=0.00, real=0.02 secs] 
2016-09-24T00:27:37.502-0400: 225.221: [GC (Allocation Failure) [PSYoungGen: 155661K->49472K(175104K)] 290697K->251633K(699392K), 0.0133552 secs] [Times: user=0.13 sys=0.00, real=0.01 secs] 
2016-09-24T00:27:37.613-0400: 225.331: [GC (GCLocker Initiated GC) [PSYoungGen: 137536K->79523K(175104K)] 339697K->294265K(699392K), 0.0174187 secs] [Times: user=0.15 sys=0.00, real=0.02 secs] 
2016-09-24T00:27:37.757-0400: 225.476: [GC (GCLocker Initiated GC) [PSYoungGen: 167587K->55447K(175104K)] 394668K->325360K(699392K), 0.0102657 secs] [Times: user=0.14 sys=0.00, real=0.01 secs] 
2016-09-24T00:27:37.891-0400: 225.609: [GC (Allocation Failure) [PSYoungGen: 143511K->37290K(175104K)] 425913K->356441K(699392K), 0.0159684 secs] [Times: user=0.21 sys=0.00, real=0.02 secs] 
2016-09-24T00:27:38.051-0400: 225.769: [GC (GCLocker Initiated GC) [PSYoungGen: 123321K->55319K(175104K)] 448548K->380829K(699392K), 0.0150593 secs] [Times: user=0.16 sys=0.01, real=0.02 secs] 
2016-09-24T00:27:38.187-0400: 225.905: [GC (GCLocker Initiated GC) [PSYoungGen: 143383K->67629K(175104K)] 469260K->430124K(699392K), 0.0180952 secs] [Times: user=0.24 sys=0.00, real=0.02 secs] 
2016-09-24T00:27:38.318-0400: 226.036: [GC (GCLocker Initiated GC) [PSYoungGen: 155692K->55970K(175104K)] 518548K->455428K(699392K), 0.0243885 secs] [Times: user=0.31 sys=0.00, real=0.03 secs] 
2016-09-24T00:27:38.448-0400: 226.166: [GC (GCLocker Initiated GC) [PSYoungGen: 144034K->85598K(175104K)] 543702K->497846K(699392K), 0.0226289 secs] [Times: user=0.21 sys=0.00, real=0.02 secs] 
2016-09-24T00:27:38.578-0400: 226.296: [GC (GCLocker Initiated GC) [PSYoungGen: 173662K->79751K(175104K)] 592229K->535027K(699392K), 0.0142065 secs] [Times: user=0.12 sys=0.01, real=0.01 secs] 
2016-09-24T00:27:38.592-0400: 226.310: [Full GC (Ergonomics) [PSYoungGen: 79751K->0K(175104K)] [ParOldGen: 455276K->53971K(524288K)] 535027K->53971K(699392K), [Metaspace: 44544K->44544K(1087488K)], 0.0638813 secs] [Times: user=0.32 sys=0.00, real=0.07 secs] 
2016-09-24T00:27:38.762-0400: 226.481: [GC (GCLocker Initiated GC) [PSYoungGen: 88064K->86178K(175104K)] 142166K->146355K(699392K), 0.0135429 secs] [Times: user=0.15 sys=0.00, real=0.01 secs] 
2016-09-24T00:27:38.886-0400: 226.605: [GC (GCLocker Initiated GC) [PSYoungGen: 174242K->73804K(175104K)] 234640K->171183K(699392K), 0.0184245 secs] [Times: user=0.15 sys=0.00, real=0.02 secs] 
2016-09-24T00:27:39.013-0400: 226.731: [GC (GCLocker Initiated GC) [PSYoungGen: 161868K->73608K(175104K)] 259260K->189508K(699392K), 0.0201818 secs] [Times: user=0.21 sys=0.00, real=0.02 secs] 
2016-09-24T00:27:39.139-0400: 226.857: [GC (GCLocker Initiated GC) [PSYoungGen: 161672K->74359K(175104K)] 277612K->220818K(699392K), 0.0122728 secs] [Times: user=0.13 sys=0.00, real=0.01 secs] 
2016-09-24T00:27:39.254-0400: 226.972: [GC (GCLocker Initiated GC) [PSYoungGen: 162423K->79487K(175104K)] 315049K->275077K(699392K), 0.0185101 secs] [Times: user=0.20 sys=0.00, real=0.02 secs] 
2016-09-24T00:27:39.404-0400: 227.122: [GC (GCLocker Initiated GC) [PSYoungGen: 167551K->37489K(175104K)] 375489K->306305K(699392K), 0.0153529 secs] [Times: user=0.16 sys=0.00, real=0.01 secs] 
2016-09-24T00:27:39.522-0400: 227.240: [GC (GCLocker Initiated GC) [PSYoungGen: 125553K->73416K(175104K)] 394743K->343333K(699392K), 0.0250080 secs] [Times: user=0.19 sys=0.02, real=0.03 secs] 
2016-09-24T00:27:39.671-0400: 227.390: [GC (GCLocker Initiated GC) [PSYoungGen: 161480K->55579K(175104K)] 437625K->386542K(699392K), 0.0175431 secs] [Times: user=0.21 sys=0.01, real=0.02 secs] 
2016-09-24T00:27:39.803-0400: 227.521: [GC (GCLocker Initiated GC) [PSYoungGen: 143643K->55711K(175104K)] 487102K->399430K(699392K), 0.0125383 secs] [Times: user=0.12 sys=0.00, real=0.01 secs] 
2016-09-24T00:27:39.914-0400: 227.632: [GC (GCLocker Initiated GC) [PSYoungGen: 143775K->67697K(175104K)] 493711K->436150K(699392K), 0.0158329 secs] [Times: user=0.18 sys=0.00, real=0.02 secs] 
2016-09-24T00:27:40.049-0400: 227.767: [GC (GCLocker Initiated GC) [PSYoungGen: 155761K->73836K(175104K)] 530566K->491465K(699392K), 0.0103666 secs] [Times: user=0.12 sys=0.01, real=0.01 secs] 
2016-09-24T00:27:40.188-0400: 227.906: [GC (GCLocker Initiated GC) [PSYoungGen: 161900K->55155K(175104K)] 585944K->497927K(699392K), 0.0085517 secs] [Times: user=0.12 sys=0.00, real=0.01 secs] 
2016-09-24T00:27:40.318-0400: 228.036: [GC (GCLocker Initiated GC) [PSYoungGen: 143219K->73836K(175104K)] 586257K->535242K(699392K), 0.0095168 secs] [Times: user=0.12 sys=0.01, real=0.01 secs] 
2016-09-24T00:27:40.328-0400: 228.046: [Full GC (Ergonomics) [PSYoungGen: 73836K->0K(175104K)] [ParOldGen: 461406K->54543K(524288K)] 535242K->54543K(699392K), [Metaspace: 44554K->44554K(1087488K)], 0.0589086 secs] [Times: user=0.43 sys=0.02, real=0.06 secs] 
2016-09-24T00:27:40.507-0400: 228.225: [GC (GCLocker Initiated GC) [PSYoungGen: 88064K->79551K(175104K)] 155017K->146504K(699392K), 0.0113138 secs] [Times: user=0.14 sys=0.00, real=0.01 secs] 
2016-09-24T00:27:40.662-0400: 228.381: [GC (GCLocker Initiated GC) [PSYoungGen: 167615K->37453K(175104K)] 253133K->171715K(699392K), 0.0103386 secs] [Times: user=0.12 sys=0.01, real=0.00 secs] 
2016-09-24T00:27:40.807-0400: 228.525: [GC (Allocation Failure) [PSYoungGen: 125517K->37453K(175104K)] 272194K->184890K(699392K), 0.0232939 secs] [Times: user=0.37 sys=0.01, real=0.02 secs] 
2016-09-24T00:27:40.831-0400: 228.549: [GC (GCLocker Initiated GC) [PSYoungGen: 37886K->160K(175104K)] 185322K->184948K(699392K), 0.0067757 secs] [Times: user=0.09 sys=0.00, real=0.01 secs] 
2016-09-24T00:27:40.950-0400: 228.668: [GC (GCLocker Initiated GC) [PSYoungGen: 88224K->85690K(175104K)] 273023K->276565K(699392K), 0.0122610 secs] [Times: user=0.17 sys=0.01, real=0.02 secs] 
2016-09-24T00:27:41.062-0400: 228.780: [GC (GCLocker Initiated GC) [PSYoungGen: 173754K->61850K(175104K)] 370802K->338032K(699392K), 0.0167422 secs] [Times: user=0.21 sys=0.01, real=0.02 secs] 
2016-09-24T00:27:41.179-0400: 228.897: [GC (GCLocker Initiated GC) [PSYoungGen: 149914K->85954K(175104K)] 426139K->429468K(699392K), 0.0117178 secs] [Times: user=0.16 sys=0.00, real=0.01 secs] 
2016-09-24T00:27:41.310-0400: 229.029: [GC (GCLocker Initiated GC) [PSYoungGen: 174018K->43141K(175104K)] 523704K->435619K(699392K), 0.0131303 secs] [Times: user=0.09 sys=0.01, real=0.02 secs] 
2016-09-24T00:27:41.448-0400: 229.166: [GC (GCLocker Initiated GC) [PSYoungGen: 131205K->73448K(175104K)] 529811K->472142K(699392K), 0.0394750 secs] [Times: user=0.46 sys=0.00, real=0.04 secs] 
2016-09-24T00:27:41.614-0400: 229.332: [GC (GCLocker Initiated GC) [PSYoungGen: 161512K->37094K(175104K)] 560322K->496781K(699392K), 0.0262583 secs] [Times: user=0.26 sys=0.01, real=0.03 secs] 
2016-09-24T00:27:41.640-0400: 229.358: [Full GC (Ergonomics) [PSYoungGen: 37094K->0K(175104K)] [ParOldGen: 459687K->53654K(524288K)] 496781K->53654K(699392K), [Metaspace: 44555K->44555K(1087488K)], 0.0626677 secs] [Times: user=0.41 sys=0.00, real=0.07 secs] 
2016-09-24T00:27:41.802-0400: 229.520: [GC (GCLocker Initiated GC) [PSYoungGen: 88064K->86374K(175104K)] 154173K->176783K(699392K), 0.0094011 secs] [Times: user=0.12 sys=0.00, real=0.00 secs] 
2016-09-24T00:27:41.918-0400: 229.636: [GC (GCLocker Initiated GC) [PSYoungGen: 174438K->55611K(175104K)] 271038K->226339K(699392K), 0.0138850 secs] [Times: user=0.19 sys=0.00, real=0.01 secs] 
2016-09-24T00:27:42.024-0400: 229.743: [GC (GCLocker Initiated GC) [PSYoungGen: 143675K->86150K(175104K)] 320537K->323937K(699392K), 0.0122723 secs] [Times: user=0.18 sys=0.00, real=0.01 secs] 
2016-09-24T00:27:42.152-0400: 229.870: [GC (GCLocker Initiated GC) [PSYoungGen: 174214K->55415K(175104K)] 424249K->391316K(699392K), 0.0111898 secs] [Times: user=0.16 sys=0.00, real=0.02 secs] 
2016-09-24T00:27:42.285-0400: 230.003: [GC (GCLocker Initiated GC) [PSYoungGen: 143479K->73672K(175104K)] 479663K->458763K(699392K), 0.0164406 secs] [Times: user=0.22 sys=0.00, real=0.01 secs] 
2016-09-24T00:27:42.416-0400: 230.135: [GC (GCLocker Initiated GC) [PSYoungGen: 161736K->73936K(175104K)] 546835K->477412K(699392K), 0.0145392 secs] [Times: user=0.23 sys=0.00, real=0.01 secs] 
2016-09-24T00:27:42.549-0400: 230.267: [GC (GCLocker Initiated GC) [PSYoungGen: 162000K->79651K(175104K)] 565556K->483851K(699392K), 0.0098983 secs] [Times: user=0.11 sys=0.00, real=0.01 secs] 
2016-09-24T00:27:42.685-0400: 230.404: [GC (GCLocker Initiated GC) [PSYoungGen: 167715K->79651K(175104K)] 571945K->557081K(699392K), 0.0278528 secs] [Times: user=0.36 sys=0.00, real=0.02 secs] 
2016-09-24T00:27:42.713-0400: 230.432: [Full GC (Ergonomics) [PSYoungGen: 79651K->0K(175104K)] [ParOldGen: 477429K->47599K(524288K)] 557081K->47599K(699392K), [Metaspace: 44555K->44555K(1087488K)], 0.0527898 secs] [Times: user=0.37 sys=0.00, real=0.06 secs] 
2016-09-24T00:27:42.846-0400: 230.564: [GC (GCLocker Initiated GC) [PSYoungGen: 88064K->86466K(175104K)] 135980K->152607K(699392K), 0.0137852 secs] [Times: user=0.14 sys=0.00, real=0.01 secs] 
2016-09-24T00:27:42.979-0400: 230.697: [GC (GCLocker Initiated GC) [PSYoungGen: 174530K->67597K(175104K)] 241186K->220638K(699392K), 0.0128187 secs] [Times: user=0.17 sys=0.00, real=0.01 secs] 
2016-09-24T00:27:43.101-0400: 230.820: [GC (GCLocker Initiated GC) [PSYoungGen: 155661K->73576K(175104K)] 309070K->263562K(699392K), 0.0106992 secs] [Times: user=0.11 sys=0.02, real=0.01 secs] 
2016-09-24T00:27:43.238-0400: 230.956: [GC (GCLocker Initiated GC) [PSYoungGen: 161640K->37194K(175104K)] 351638K->263729K(699392K), 0.0216813 secs] [Times: user=0.23 sys=0.01, real=0.02 secs] 
2016-09-24T00:27:43.376-0400: 231.095: [GC (Allocation Failure) [PSYoungGen: 125258K->79751K(175104K)] 358173K->312957K(699392K), 0.0233985 secs] [Times: user=0.24 sys=0.00, real=0.02 secs] 
2016-09-24T00:27:43.489-0400: 231.208: [GC (GCLocker Initiated GC) [PSYoungGen: 167815K->85822K(175104K)] 401027K->368269K(699392K), 0.0121254 secs] [Times: user=0.16 sys=0.00, real=0.01 secs] 
2016-09-24T00:27:43.617-0400: 231.335: [GC (Allocation Failure) [PSYoungGen: 173886K->86118K(175104K)] 456621K->411686K(699392K), 0.0144118 secs] [Times: user=0.18 sys=0.00, real=0.01 secs] 
2016-09-24T00:27:43.742-0400: 231.460: [GC (GCLocker Initiated GC) [PSYoungGen: 168139K->61362K(175104K)] 499782K->429714K(699392K), 0.0139412 secs] [Times: user=0.10 sys=0.00, real=0.02 secs] 
2016-09-24T00:27:43.887-0400: 231.605: [GC (GCLocker Initiated GC) [PSYoungGen: 149426K->85954K(175104K)] 523985K->484964K(699392K), 0.0096487 secs] [Times: user=0.12 sys=0.01, real=0.01 secs] 
2016-09-24T00:27:44.043-0400: 231.761: [GC (Allocation Failure) [PSYoungGen: 174018K->67501K(175104K)] 573238K->527919K(699392K), 0.0126948 secs] [Times: user=0.13 sys=0.00, real=0.01 secs] 
2016-09-24T00:27:44.055-0400: 231.774: [Full GC (Ergonomics) [PSYoungGen: 67501K->0K(175104K)] [ParOldGen: 460418K->47614K(524288K)] 527919K->47614K(699392K), [Metaspace: 44555K->44555K(1087488K)], 0.0612709 secs] [Times: user=0.31 sys=0.02, real=0.06 secs] 
2016-09-24T00:27:44.222-0400: 231.940: [GC (Allocation Failure) [PSYoungGen: 86274K->86046K(175104K)] 133889K->145810K(699392K), 0.0213299 secs] [Times: user=0.27 sys=0.00, real=0.02 secs] 
2016-09-24T00:27:44.358-0400: 232.076: [GC (GCLocker Initiated GC) [PSYoungGen: 170998K->43237K(175104K)] 236837K->158200K(699392K), 0.0240455 secs] [Times: user=0.24 sys=0.00, real=0.02 secs] 
2016-09-24T00:27:44.487-0400: 232.206: [GC (GCLocker Initiated GC) [PSYoungGen: 131301K->73836K(175104K)] 252627K->195453K(699392K), 0.0096901 secs] [Times: user=0.10 sys=0.00, real=0.01 secs] 
2016-09-24T00:27:44.626-0400: 232.344: [GC (GCLocker Initiated GC) [PSYoungGen: 161900K->43041K(175104K)] 301941K->201574K(699392K), 0.0259878 secs] [Times: user=0.27 sys=0.00, real=0.02 secs] 
2016-09-24T00:27:44.781-0400: 232.499: [GC (GCLocker Initiated GC) [PSYoungGen: 131105K->37649K(175104K)] 301948K->245070K(699392K), 0.0300388 secs] [Times: user=0.40 sys=0.00, real=0.03 secs] 
2016-09-24T00:27:44.921-0400: 232.640: [GC (GCLocker Initiated GC) [PSYoungGen: 125713K->36930K(175104K)] 339269K->268961K(699392K), 0.0216213 secs] [Times: user=0.20 sys=0.00, real=0.03 secs] 
2016-09-24T00:27:45.062-0400: 232.780: [GC (Allocation Failure) [PSYoungGen: 124994K->67797K(175104K)] 363450K->318538K(699392K), 0.0147773 secs] [Times: user=0.18 sys=0.00, real=0.02 secs] 
2016-09-24T00:27:45.183-0400: 232.902: [GC (GCLocker Initiated GC) [PSYoungGen: 150177K->55547K(175104K)] 406993K->312975K(699392K), 0.0080745 secs] [Times: user=0.09 sys=0.00, real=0.00 secs] 
2016-09-24T00:27:45.293-0400: 233.011: [GC (GCLocker Initiated GC) [PSYoungGen: 143611K->73444K(175104K)] 401199K->349573K(699392K), 0.0081968 secs] [Times: user=0.09 sys=0.00, real=0.01 secs] 
2016-09-24T00:27:45.412-0400: 233.131: [GC (GCLocker Initiated GC) [PSYoungGen: 161508K->86118K(175104K)] 437805K->411183K(699392K), 0.0110794 secs] [Times: user=0.14 sys=0.01, real=0.02 secs] 
2016-09-24T00:27:45.520-0400: 233.238: [GC (GCLocker Initiated GC) [PSYoungGen: 174182K->86118K(175104K)] 499373K->436080K(699392K), 0.0308154 secs] [Times: user=0.37 sys=0.00, real=0.03 secs] 
2016-09-24T00:27:45.661-0400: 233.379: [GC (Allocation Failure) [PSYoungGen: 174182K->55351K(175104K)] 524365K->490868K(699392K), 0.0156679 secs] [Times: user=0.16 sys=0.00, real=0.02 secs] 
2016-09-24T00:27:45.677-0400: 233.395: [Full GC (Ergonomics) [PSYoungGen: 55351K->0K(175104K)] [ParOldGen: 435517K->53937K(524288K)] 490868K->53937K(699392K), [Metaspace: 44555K->44555K(1087488K)], 0.0657102 secs] [Times: user=0.39 sys=0.00, real=0.07 secs] 
2016-09-24T00:27:45.851-0400: 233.569: [GC (GCLocker Initiated GC) [PSYoungGen: 86485K->86374K(175104K)] 146497K->170686K(699392K), 0.0092492 secs] [Times: user=0.11 sys=0.00, real=0.01 secs] 
2016-09-24T00:27:45.996-0400: 233.714: [GC (GCLocker Initiated GC) [PSYoungGen: 174438K->18705K(175104K)] 264945K->164754K(699392K), 0.0087641 secs] [Times: user=0.08 sys=0.00, real=0.01 secs] 
2016-09-24T00:27:46.152-0400: 233.870: [GC (GCLocker Initiated GC) [PSYoungGen: 106769K->73576K(175104K)] 258957K->256267K(699392K), 0.0108853 secs] [Times: user=0.12 sys=0.00, real=0.02 secs] 
2016-09-24T00:27:46.289-0400: 234.007: [GC (GCLocker Initiated GC) [PSYoungGen: 161640K->85658K(175104K)] 344374K->329441K(699392K), 0.0150307 secs] [Times: user=0.21 sys=0.00, real=0.02 secs] 
2016-09-24T00:27:46.405-0400: 234.124: [GC (GCLocker Initiated GC) [PSYoungGen: 173722K->86150K(175104K)] 429703K->378733K(699392K), 0.0117298 secs] [Times: user=0.14 sys=0.02, real=0.01 secs] 
2016-09-24T00:27:46.520-0400: 234.239: [GC (GCLocker Initiated GC) [PSYoungGen: 174214K->55807K(175104K)] 472975K->409543K(699392K), 0.0122735 secs] [Times: user=0.14 sys=0.00, real=0.01 secs] 
2016-09-24T00:27:46.632-0400: 234.350: [GC (GCLocker Initiated GC) [PSYoungGen: 143871K->85954K(175104K)] 497767K->494857K(699392K), 0.0120201 secs] [Times: user=0.15 sys=0.00, real=0.02 secs] 
2016-09-24T00:27:46.746-0400: 234.464: [GC (GCLocker Initiated GC) [PSYoungGen: 174018K->37030K(175104K)] 589077K->507048K(699392K), 0.0278342 secs] [Times: user=0.32 sys=0.00, real=0.02 secs] 
2016-09-24T00:27:46.774-0400: 234.492: [Full GC (Ergonomics) [PSYoungGen: 37030K->0K(175104K)] [ParOldGen: 470018K->53766K(524288K)] 507048K->53766K(699392K), [Metaspace: 44562K->44562K(1087488K)], 0.0679290 secs] [Times: user=0.39 sys=0.01, real=0.07 secs] 
2016-09-24T00:27:46.955-0400: 234.673: [GC (Allocation Failure) [PSYoungGen: 88064K->86178K(175104K)] 142067K->146256K(699392K), 0.0104398 secs] [Times: user=0.12 sys=0.00, real=0.01 secs] 
2016-09-24T00:27:47.111-0400: 234.829: [GC (GCLocker Initiated GC) [PSYoungGen: 173811K->55383K(175104K)] 239964K->158854K(699392K), 0.0106300 secs] [Times: user=0.12 sys=0.00, real=0.01 secs] 
2016-09-24T00:27:47.252-0400: 234.970: [GC (GCLocker Initiated GC) [PSYoungGen: 143447K->79715K(175104K)] 253129K->207766K(699392K), 0.0118384 secs] [Times: user=0.17 sys=0.00, real=0.02 secs] 
2016-09-24T00:27:47.404-0400: 235.123: [GC (GCLocker Initiated GC) [PSYoungGen: 167779K->19260K(175104K)] 314292K->184135K(699392K), 0.0173807 secs] [Times: user=0.23 sys=0.00, real=0.01 secs] 
2016-09-24T00:27:47.519-0400: 235.237: [GC (GCLocker Initiated GC) [PSYoungGen: 107324K->73540K(175104K)] 272228K->238939K(699392K), 0.0076428 secs] [Times: user=0.08 sys=0.00, real=0.01 secs] 
2016-09-24T00:27:47.653-0400: 235.371: [GC (GCLocker Initiated GC) [PSYoungGen: 161604K->31086K(175104K)] 339213K->245241K(699392K), 0.0102118 secs] [Times: user=0.07 sys=0.01, real=0.02 secs] 
2016-09-24T00:27:47.799-0400: 235.517: [GC (GCLocker Initiated GC) [PSYoungGen: 119150K->55351K(175104K)] 333515K->313015K(699392K), 0.0092256 secs] [Times: user=0.10 sys=0.00, real=0.01 secs] 
2016-09-24T00:27:47.899-0400: 235.617: [GC (GCLocker Initiated GC) [PSYoungGen: 143415K->85790K(175104K)] 401363K->362278K(699392K), 0.0150619 secs] [Times: user=0.18 sys=0.01, real=0.01 secs] 
2016-09-24T00:27:48.027-0400: 235.745: [GC (GCLocker Initiated GC) [PSYoungGen: 173854K->85922K(175104K)] 450636K->381056K(699392K), 0.0161614 secs] [Times: user=0.17 sys=0.00, real=0.02 secs] 
2016-09-24T00:27:48.153-0400: 235.871: [GC (GCLocker Initiated GC) [PSYoungGen: 173986K->49344K(175104K)] 481340K->375190K(699392K), 0.0187349 secs] [Times: user=0.17 sys=0.01, real=0.02 secs] 
2016-09-24T00:27:48.292-0400: 236.010: [GC (GCLocker Initiated GC) [PSYoungGen: 137408K->55187K(175104K)] 463450K->399738K(699392K), 0.0078979 secs] [Times: user=0.08 sys=0.00, real=0.01 secs] 
2016-09-24T00:27:48.415-0400: 236.134: [GC (GCLocker Initiated GC) [PSYoungGen: 143251K->79651K(175104K)] 493969K->448738K(699392K), 0.0125662 secs] [Times: user=0.12 sys=0.00, real=0.01 secs] 
2016-09-24T00:27:48.556-0400: 236.274: [GC (Allocation Failure) [PSYoungGen: 167715K->55159K(175104K)] 543014K->436784K(699392K), 0.0478287 secs] [Times: user=0.46 sys=0.00, real=0.05 secs] 
2016-09-24T00:27:48.604-0400: 236.322: [GC (GCLocker Initiated GC) [PSYoungGen: 55165K->96K(175104K)] 436791K->436724K(699392K), 0.0190585 secs] [Times: user=0.18 sys=0.00, real=0.02 secs] 
2016-09-24T00:27:48.741-0400: 236.459: [GC (GCLocker Initiated GC) [PSYoungGen: 87428K->74028K(175104K)] 530132K->516740K(699392K), 0.0096653 secs] [Times: user=0.10 sys=0.00, real=0.01 secs] 
2016-09-24T00:27:48.874-0400: 236.592: [GC (GCLocker Initiated GC) [PSYoungGen: 162092K->73512K(175104K)] 611077K->541386K(699392K), 0.0324414 secs] [Times: user=0.29 sys=0.01, real=0.04 secs] 
2016-09-24T00:27:48.906-0400: 236.625: [Full GC (Ergonomics) [PSYoungGen: 73512K->0K(175104K)] [ParOldGen: 467874K->54016K(524288K)] 541386K->54016K(699392K), [Metaspace: 44562K->44562K(1087488K)], 0.0746742 secs] [Times: user=0.43 sys=0.01, real=0.07 secs] 
2016-09-24T00:27:49.101-0400: 236.819: [GC (GCLocker Initiated GC) [PSYoungGen: 88064K->86178K(175104K)] 142340K->164754K(699392K), 0.0227388 secs] [Times: user=0.28 sys=0.01, real=0.03 secs] 
2016-09-24T00:27:49.243-0400: 236.962: [GC (GCLocker Initiated GC) [PSYoungGen: 174242K->31150K(175104K)] 259198K->171290K(699392K), 0.0117214 secs] [Times: user=0.10 sys=0.00, real=0.01 secs] 
2016-09-24T00:27:49.362-0400: 237.081: [GC (GCLocker Initiated GC) [PSYoungGen: 119214K->67405K(175104K)] 265683K->214140K(699392K), 0.0099944 secs] [Times: user=0.07 sys=0.00, real=0.00 secs] 
2016-09-24T00:27:49.501-0400: 237.219: [GC (GCLocker Initiated GC) [PSYoungGen: 155469K->55906K(175104K)] 308418K->245449K(699392K), 0.0126580 secs] [Times: user=0.18 sys=0.00, real=0.01 secs] 
2016-09-24T00:27:49.614-0400: 237.332: [GC (GCLocker Initiated GC) [PSYoungGen: 143970K->79523K(175104K)] 333741K->269553K(699392K), 0.0157126 secs] [Times: user=0.11 sys=0.00, real=0.02 secs] 
2016-09-24T00:27:49.754-0400: 237.472: [GC (GCLocker Initiated GC) [PSYoungGen: 167587K->61590K(175104K)] 369994K->288393K(699392K), 0.0111224 secs] [Times: user=0.08 sys=0.00, real=0.02 secs] 
2016-09-24T00:27:49.865-0400: 237.583: [GC (Allocation Failure) [PSYoungGen: 149654K->85922K(175104K)] 376493K->361652K(699392K), 0.0118760 secs] [Times: user=0.13 sys=0.00, real=0.01 secs] 
2016-09-24T00:27:50.001-0400: 237.719: [GC (GCLocker Initiated GC) [PSYoungGen: 173986K->61394K(175104K)] 449717K->398159K(699392K), 0.0193431 secs] [Times: user=0.23 sys=0.00, real=0.02 secs] 
2016-09-24T00:27:50.125-0400: 237.843: [GC (GCLocker Initiated GC) [PSYoungGen: 149458K->55547K(175104K)] 492356K->416953K(699392K), 0.0180370 secs] [Times: user=0.20 sys=0.00, real=0.02 secs] 
2016-09-24T00:27:50.260-0400: 237.979: [GC (GCLocker Initiated GC) [PSYoungGen: 143611K->79683K(175104K)] 505317K->459913K(699392K), 0.0141671 secs] [Times: user=0.15 sys=0.00, real=0.02 secs] 
2016-09-24T00:27:50.412-0400: 238.130: [GC (GCLocker Initiated GC) [PSYoungGen: 167747K->73608K(175104K)] 548175K->490606K(699392K), 0.0124257 secs] [Times: user=0.12 sys=0.01, real=0.02 secs] 
2016-09-24T00:27:50.543-0400: 238.261: [GC (GCLocker Initiated GC) [PSYoungGen: 161672K->55287K(175104K)] 578780K->508980K(699392K), 0.0154757 secs] [Times: user=0.14 sys=0.00, real=0.01 secs] 
2016-09-24T00:27:50.558-0400: 238.277: [Full GC (Ergonomics) [PSYoungGen: 55287K->0K(175104K)] [ParOldGen: 453693K->48124K(524288K)] 508980K->48124K(699392K), [Metaspace: 44565K->44565K(1087488K)], 0.0617266 secs] [Times: user=0.38 sys=0.01, real=0.06 secs] 
2016-09-24T00:27:50.720-0400: 238.438: [GC (GCLocker Initiated GC) [PSYoungGen: 88062K->86498K(175104K)] 136547K->147133K(699392K), 0.0105139 secs] [Times: user=0.12 sys=0.00, real=0.01 secs] 
2016-09-24T00:27:50.856-0400: 238.574: [GC (Allocation Failure) [PSYoungGen: 174562K->61590K(175104K)] 241318K->165740K(699392K), 0.0120413 secs] [Times: user=0.09 sys=0.00, real=0.01 secs] 
2016-09-24T00:27:50.868-0400: 238.586: [GC (GCLocker Initiated GC) [PSYoungGen: 61592K->192K(175104K)] 165742K->159551K(699392K), 0.0155932 secs] [Times: user=0.15 sys=0.00, real=0.02 secs] 
2016-09-24T00:27:51.002-0400: 238.720: [GC (GCLocker Initiated GC) [PSYoungGen: 84947K->85922K(175104K)] 250382K->251356K(699392K), 0.0107736 secs] [Times: user=0.12 sys=0.00, real=0.01 secs] 
2016-09-24T00:27:51.115-0400: 238.834: [GC (GCLocker Initiated GC) [PSYoungGen: 173986K->85854K(175104K)] 339698K->300646K(699392K), 0.0155155 secs] [Times: user=0.21 sys=0.00, real=0.01 secs] 
2016-09-24T00:27:51.250-0400: 238.969: [GC (GCLocker Initiated GC) [PSYoungGen: 173918K->79779K(175104K)] 388953K->355895K(699392K), 0.0121311 secs] [Times: user=0.17 sys=0.00, real=0.02 secs] 
2016-09-24T00:27:51.393-0400: 239.111: [GC (Allocation Failure) [PSYoungGen: 167843K->37485K(175104K)] 456369K->326288K(699392K), 0.0070472 secs] [Times: user=0.06 sys=0.00, real=0.01 secs] 
2016-09-24T00:27:51.507-0400: 239.226: [GC (GCLocker Initiated GC) [PSYoungGen: 125549K->55283K(175104K)] 414352K->362430K(699392K), 0.0189260 secs] [Times: user=0.21 sys=0.00, real=0.02 secs] 
2016-09-24T00:27:51.632-0400: 239.350: [GC (GCLocker Initiated GC) [PSYoungGen: 143347K->86086K(175104K)] 450609K->417760K(699392K), 0.0158412 secs] [Times: user=0.20 sys=0.01, real=0.02 secs] 
2016-09-24T00:27:51.764-0400: 239.482: [GC (GCLocker Initiated GC) [PSYoungGen: 174150K->55842K(175104K)] 505927K->442954K(699392K), 0.0096305 secs] [Times: user=0.13 sys=0.00, real=0.00 secs] 
2016-09-24T00:27:51.886-0400: 239.604: [GC (GCLocker Initiated GC) [PSYoungGen: 143906K->85758K(175104K)] 531256K->497691K(699392K), 0.0125214 secs] [Times: user=0.12 sys=0.00, real=0.01 secs] 
2016-09-24T00:27:52.024-0400: 239.742: [GC (GCLocker Initiated GC) [PSYoungGen: 173822K->85858K(175104K)] 585802K->540482K(699392K), 0.0121681 secs] [Times: user=0.11 sys=0.00, real=0.01 secs] 
2016-09-24T00:27:52.036-0400: 239.755: [Full GC (Ergonomics) [PSYoungGen: 85858K->0K(175104K)] [ParOldGen: 454624K->53554K(524288K)] 540482K->53554K(699392K), [Metaspace: 44567K->44567K(1087488K)], 0.0747585 secs] [Times: user=0.48 sys=0.02, real=0.07 secs] 
2016-09-24T00:27:52.226-0400: 239.944: [GC (GCLocker Initiated GC) [PSYoungGen: 88064K->86146K(175104K)] 141828K->158135K(699392K), 0.0131882 secs] [Times: user=0.13 sys=0.00, real=0.01 secs] 
2016-09-24T00:27:52.344-0400: 240.062: [GC (GCLocker Initiated GC) [PSYoungGen: 174210K->55059K(175104K)] 246236K->194441K(699392K), 0.0155674 secs] [Times: user=0.15 sys=0.00, real=0.01 secs] 
2016-09-24T00:27:52.458-0400: 240.176: [GC (GCLocker Initiated GC) [PSYoungGen: 143123K->80043K(175104K)] 288684K->298672K(699392K), 0.0314930 secs] [Times: user=0.36 sys=0.01, real=0.03 secs] 
2016-09-24T00:27:52.604-0400: 240.322: [GC (GCLocker Initiated GC) [PSYoungGen: 168107K->37258K(175104K)] 392981K->329232K(699392K), 0.0188304 secs] [Times: user=0.19 sys=0.00, real=0.02 secs] 
2016-09-24T00:27:52.729-0400: 240.447: [GC (GCLocker Initiated GC) [PSYoungGen: 125322K->73640K(175104K)] 429796K->378226K(699392K), 0.0100739 secs] [Times: user=0.08 sys=0.00, real=0.01 secs] 
2016-09-24T00:27:52.855-0400: 240.573: [GC (GCLocker Initiated GC) [PSYoungGen: 161704K->86250K(175104K)] 472401K->403166K(699392K), 0.0103887 secs] [Times: user=0.14 sys=0.01, real=0.01 secs] 
2016-09-24T00:27:52.980-0400: 240.698: [GC (GCLocker Initiated GC) [PSYoungGen: 174314K->67597K(175104K)] 491462K->439760K(699392K), 0.0098447 secs] [Times: user=0.13 sys=0.00, real=0.01 secs] 
2016-09-24T00:27:53.114-0400: 240.832: [GC (GCLocker Initiated GC) [PSYoungGen: 155661K->79715K(175104K)] 533929K->512966K(699392K), 0.0117976 secs] [Times: user=0.15 sys=0.00, real=0.01 secs] 
2016-09-24T00:27:53.128-0400: 240.846: [Full GC (Ergonomics) [PSYoungGen: 79715K->0K(175104K)] [ParOldGen: 433251K->47271K(524288K)] 512966K->47271K(699392K), [Metaspace: 44567K->44567K(1087488K)], 0.0534906 secs] [Times: user=0.29 sys=0.00, real=0.05 secs] 
2016-09-24T00:27:53.289-0400: 241.007: [GC (GCLocker Initiated GC) [PSYoungGen: 88064K->86078K(175104K)] 135445K->175984K(699392K), 0.0110968 secs] [Times: user=0.15 sys=0.00, real=0.01 secs] 
2016-09-24T00:27:53.433-0400: 241.151: [GC (GCLocker Initiated GC) [PSYoungGen: 174142K->55515K(175104K)] 270412K->225405K(699392K), 0.0226941 secs] [Times: user=0.25 sys=0.01, real=0.03 secs] 
2016-09-24T00:27:53.563-0400: 241.282: [GC (GCLocker Initiated GC) [PSYoungGen: 143579K->73544K(175104K)] 319618K->249874K(699392K), 0.0150930 secs] [Times: user=0.16 sys=0.00, real=0.01 secs] 
2016-09-24T00:27:53.694-0400: 241.412: [GC (GCLocker Initiated GC) [PSYoungGen: 161608K->49507K(175104K)] 344061K->274574K(699392K), 0.0199762 secs] [Times: user=0.16 sys=0.00, real=0.02 secs] 
2016-09-24T00:27:53.813-0400: 241.531: [GC (GCLocker Initiated GC) [PSYoungGen: 137571K->43137K(175104K)] 362769K->335786K(699392K), 0.0111259 secs] [Times: user=0.11 sys=0.00, real=0.02 secs] 
2016-09-24T00:27:53.921-0400: 241.639: [GC (GCLocker Initiated GC) [PSYoungGen: 131201K->85954K(175104K)] 424082K->403279K(699392K), 0.0329192 secs] [Times: user=0.40 sys=0.00, real=0.03 secs] 
2016-09-24T00:27:54.056-0400: 241.774: [GC (GCLocker Initiated GC) [PSYoungGen: 174018K->85658K(175104K)] 492033K->446817K(699392K), 0.0118352 secs] [Times: user=0.14 sys=0.01, real=0.01 secs] 
2016-09-24T00:27:54.192-0400: 241.910: [GC (Allocation Failure) [PSYoungGen: 173722K->56070K(175104K)] 541306K->460264K(699392K), 0.0089802 secs] [Times: user=0.12 sys=0.01, real=0.01 secs] 
2016-09-24T00:27:54.326-0400: 242.044: [GC (GCLocker Initiated GC) [PSYoungGen: 144134K->73704K(175104K)] 548329K->496775K(699392K), 0.0089898 secs] [Times: user=0.13 sys=0.00, real=0.01 secs] 
2016-09-24T00:27:54.458-0400: 242.176: [Full GC (Ergonomics) [PSYoungGen: 161768K->0K(175104K)] [ParOldGen: 435414K->53408K(524288K)] 597182K->53408K(699392K), [Metaspace: 44567K->44567K(1087488K)], 0.0670219 secs] [Times: user=0.35 sys=0.02, real=0.07 secs] 
2016-09-24T00:27:54.644-0400: 242.362: [GC (GCLocker Initiated GC) [PSYoungGen: 88064K->85726K(175104K)] 141626K->163588K(699392K), 0.0163590 secs] [Times: user=0.17 sys=0.00, real=0.01 secs] 
2016-09-24T00:27:54.794-0400: 242.512: [GC (GCLocker Initiated GC) [PSYoungGen: 173790K->13021K(175104K)] 263905K->164310K(699392K), 0.0401722 secs] [Times: user=0.37 sys=0.02, real=0.05 secs] 
2016-09-24T00:27:54.943-0400: 242.662: [GC (GCLocker Initiated GC) [PSYoungGen: 101085K->85726K(175104K)] 252539K->237479K(699392K), 0.0287980 secs] [Times: user=0.34 sys=0.00, real=0.02 secs] 
2016-09-24T00:27:55.075-0400: 242.793: [GC (GCLocker Initiated GC) [PSYoungGen: 173790K->49472K(175104K)] 331795K->262475K(699392K), 0.0103384 secs] [Times: user=0.11 sys=0.00, real=0.01 secs] 
2016-09-24T00:27:55.194-0400: 242.912: [GC (GCLocker Initiated GC) [PSYoungGen: 137536K->36962K(175104K)] 356796K->299383K(699392K), 0.0129113 secs] [Times: user=0.16 sys=0.00, real=0.02 secs] 
2016-09-24T00:27:55.307-0400: 243.025: [GC (GCLocker Initiated GC) [PSYoungGen: 125026K->86086K(175104K)] 387579K->373082K(699392K), 0.0214938 secs] [Times: user=0.27 sys=0.01, real=0.02 secs] 
2016-09-24T00:27:55.479-0400: 243.197: [GC (GCLocker Initiated GC) [PSYoungGen: 174150K->48984K(175104K)] 467347K->385293K(699392K), 0.0114317 secs] [Times: user=0.10 sys=0.00, real=0.01 secs] 
2016-09-24T00:27:55.617-0400: 243.335: [GC (GCLocker Initiated GC) [PSYoungGen: 137048K->85630K(175104K)] 479480K->446415K(699392K), 0.0166843 secs] [Times: user=0.20 sys=0.00, real=0.01 secs] 
2016-09-24T00:27:55.732-0400: 243.451: [GC (GCLocker Initiated GC) [PSYoungGen: 173694K->73544K(175104K)] 540629K->471130K(699392K), 0.0135750 secs] [Times: user=0.13 sys=0.00, real=0.02 secs] 
2016-09-24T00:27:55.868-0400: 243.587: [GC (GCLocker Initiated GC) [PSYoungGen: 161608K->73840K(175104K)] 559297K->490045K(699392K), 0.0220290 secs] [Times: user=0.25 sys=0.00, real=0.02 secs] 
2016-09-24T00:27:56.011-0400: 243.729: [GC (GCLocker Initiated GC) [PSYoungGen: 161904K->79651K(175104K)] 578263K->514526K(699392K), 0.0119937 secs] [Times: user=0.12 sys=0.01, real=0.02 secs] 
2016-09-24T00:27:56.151-0400: 243.869: [GC (GCLocker Initiated GC) [PSYoungGen: 167715K->49440K(175104K)] 609015K->521227K(699392K), 0.0109629 secs] [Times: user=0.10 sys=0.00, real=0.01 secs] 
2016-09-24T00:27:56.162-0400: 243.880: [Full GC (Ergonomics) [PSYoungGen: 49440K->0K(175104K)] [ParOldGen: 471787K->59737K(524288K)] 521227K->59737K(699392K), [Metaspace: 44568K->44568K(1087488K)], 0.0646549 secs] [Times: user=0.31 sys=0.01, real=0.07 secs] 
2016-09-24T00:27:56.345-0400: 244.063: [GC (GCLocker Initiated GC) [PSYoungGen: 88064K->37258K(175104K)] 160121K->109315K(699392K), 0.0062497 secs] [Times: user=0.08 sys=0.00, real=0.00 secs] 
2016-09-24T00:27:56.448-0400: 244.166: [GC (GCLocker Initiated GC) [PSYoungGen: 125322K->85822K(175104K)] 197439K->231147K(699392K), 0.0148293 secs] [Times: user=0.22 sys=0.00, real=0.02 secs] 
2016-09-24T00:27:56.546-0400: 244.264: [GC (GCLocker Initiated GC) [PSYoungGen: 173886K->85922K(175104K)] 319483K->274320K(699392K), 0.0157167 secs] [Times: user=0.10 sys=0.01, real=0.01 secs] 
2016-09-24T00:27:56.671-0400: 244.390: [GC (GCLocker Initiated GC) [PSYoungGen: 173986K->85954K(175104K)] 362633K->323680K(699392K), 0.0101666 secs] [Times: user=0.14 sys=0.00, real=0.01 secs] 
2016-09-24T00:27:56.807-0400: 244.526: [GC (GCLocker Initiated GC) [PSYoungGen: 174018K->85758K(175104K)] 411954K->366659K(699392K), 0.0110895 secs] [Times: user=0.14 sys=0.01, real=0.01 secs] 
2016-09-24T00:27:56.929-0400: 244.647: [GC (GCLocker Initiated GC) [PSYoungGen: 173822K->85986K(175104K)] 454988K->409829K(699392K), 0.0127543 secs] [Times: user=0.20 sys=0.00, real=0.01 secs] 
2016-09-24T00:27:57.069-0400: 244.788: [GC (GCLocker Initiated GC) [PSYoungGen: 174050K->61394K(175104K)] 498149K->434540K(699392K), 0.0115921 secs] [Times: user=0.10 sys=0.00, real=0.01 secs] 
2016-09-24T00:27:57.214-0400: 244.932: [GC (GCLocker Initiated GC) [PSYoungGen: 149458K->55547K(175104K)] 529034K->453460K(699392K), 0.0113033 secs] [Times: user=0.12 sys=0.00, real=0.02 secs] 
2016-09-24T00:27:57.335-0400: 245.053: [GC (GCLocker Initiated GC) [PSYoungGen: 143611K->55419K(175104K)] 547915K->478207K(699392K), 0.0165020 secs] [Times: user=0.15 sys=0.00, real=0.01 secs] 
2016-09-24T00:27:57.454-0400: 245.172: [GC (GCLocker Initiated GC) [PSYoungGen: 143483K->73576K(175104K)] 572500K->520954K(699392K), 0.0189071 secs] [Times: user=0.20 sys=0.00, real=0.02 secs] 
2016-09-24T00:27:57.571-0400: 245.289: [GC (GCLocker Initiated GC) [PSYoungGen: 161640K->73512K(175104K)] 609154K->527369K(699392K), 0.0187611 secs] [Times: user=0.18 sys=0.00, real=0.02 secs] 
2016-09-24T00:27:57.590-0400: 245.308: [Full GC (Ergonomics) [PSYoungGen: 73512K->0K(175104K)] [ParOldGen: 453856K->53895K(524288K)] 527369K->53895K(699392K), [Metaspace: 44568K->44568K(1087488K)], 0.0647850 secs] [Times: user=0.35 sys=0.01, real=0.07 secs] 
2016-09-24T00:27:57.785-0400: 245.503: [GC (Allocation Failure) [PSYoungGen: 88064K->74064K(175104K)] 148389K->134390K(699392K), 0.0209051 secs] [Times: user=0.21 sys=0.01, real=0.02 secs] 
2016-09-24T00:27:57.806-0400: 245.524: [GC (GCLocker Initiated GC) [PSYoungGen: 74427K->96K(175104K)] 134753K->127971K(699392K), 0.0152329 secs] [Times: user=0.12 sys=0.01, real=0.01 secs] 
2016-09-24T00:27:57.934-0400: 245.652: [GC (GCLocker Initiated GC) [PSYoungGen: 88160K->85694K(175104K)] 216047K->213581K(699392K), 0.0136174 secs] [Times: user=0.10 sys=0.00, real=0.02 secs] 
2016-09-24T00:27:58.075-0400: 245.794: [GC (Allocation Failure) [PSYoungGen: 173758K->36998K(175104K)] 308473K->214521K(699392K), 0.0242068 secs] [Times: user=0.28 sys=0.00, real=0.02 secs] 
2016-09-24T00:27:58.207-0400: 245.926: [GC (GCLocker Initiated GC) [PSYoungGen: 125062K->85822K(175104K)] 302586K->269720K(699392K), 0.0149460 secs] [Times: user=0.21 sys=0.00, real=0.02 secs] 
2016-09-24T00:27:58.354-0400: 246.072: [GC (Allocation Failure) [PSYoungGen: 173886K->43105K(175104K)] 358106K->245646K(699392K), 0.0107347 secs] [Times: user=0.11 sys=0.00, real=0.01 secs] 
2016-09-24T00:27:58.474-0400: 246.193: [GC (GCLocker Initiated GC) [PSYoungGen: 131169K->73868K(175104K)] 333715K->294775K(699392K), 0.0096636 secs] [Times: user=0.09 sys=0.00, real=0.01 secs] 
2016-09-24T00:27:58.607-0400: 246.325: [GC (GCLocker Initiated GC) [PSYoungGen: 161932K->37813K(175104K)] 395339K->307978K(699392K), 0.0128039 secs] [Times: user=0.13 sys=0.00, real=0.01 secs] 
2016-09-24T00:27:58.719-0400: 246.437: [GC (GCLocker Initiated GC) [PSYoungGen: 125877K->43269K(175104K)] 408239K->326045K(699392K), 0.0230493 secs] [Times: user=0.23 sys=0.00, real=0.03 secs] 
2016-09-24T00:27:58.852-0400: 246.571: [GC (GCLocker Initiated GC) [PSYoungGen: 131333K->61490K(175104K)] 414358K->381436K(699392K), 0.0100826 secs] [Times: user=0.11 sys=0.01, real=0.02 secs] 
2016-09-24T00:27:58.969-0400: 246.687: [GC (GCLocker Initiated GC) [PSYoungGen: 149554K->73608K(175104K)] 475746K->400091K(699392K), 0.0081070 secs] [Times: user=0.08 sys=0.00, real=0.01 secs] 
2016-09-24T00:27:59.088-0400: 246.806: [GC (Allocation Failure) [PSYoungGen: 161672K->73608K(175104K)] 494580K->406815K(699392K), 0.0247517 secs] [Times: user=0.27 sys=0.00, real=0.02 secs] 
2016-09-24T00:27:59.244-0400: 246.963: [GC (GCLocker Initiated GC) [PSYoungGen: 161672K->55159K(175104K)] 494880K->388610K(699392K), 0.0084627 secs] [Times: user=0.07 sys=0.00, real=0.00 secs] 
2016-09-24T00:27:59.370-0400: 247.088: [GC (GCLocker Initiated GC) [PSYoungGen: 143223K->67209K(175104K)] 476722K->419208K(699392K), 0.0183464 secs] [Times: user=0.18 sys=0.00, real=0.02 secs] 
2016-09-24T00:27:59.487-0400: 247.205: [GC (GCLocker Initiated GC) [PSYoungGen: 155273K->55387K(175104K)] 507399K->444059K(699392K), 0.0162336 secs] [Times: user=0.13 sys=0.01, real=0.02 secs] 
2016-09-24T00:27:59.616-0400: 247.334: [GC (GCLocker Initiated GC) [PSYoungGen: 143451K->42973K(175104K)] 538554K->487296K(699392K), 0.0188652 secs] [Times: user=0.22 sys=0.00, real=0.02 secs] 
2016-09-24T00:27:59.738-0400: 247.456: [GC (GCLocker Initiated GC) [PSYoungGen: 131037K->73676K(175104K)] 581472K->524215K(699392K), 0.0316828 secs] [Times: user=0.30 sys=0.00, real=0.03 secs] 
2016-09-24T00:27:59.872-0400: 247.590: [GC (GCLocker Initiated GC) [PSYoungGen: 161740K->67537K(175104K)] 612354K->554885K(699392K), 0.0221466 secs] [Times: user=0.24 sys=0.00, real=0.02 secs] 
2016-09-24T00:27:59.894-0400: 247.612: [Full GC (Ergonomics) [PSYoungGen: 67537K->0K(175104K)] [ParOldGen: 487348K->53919K(524288K)] 554885K->53919K(699392K), [Metaspace: 44569K->44569K(1087488K)], 0.0622869 secs] [Times: user=0.31 sys=0.02, real=0.06 secs] 
2016-09-24T00:28:00.101-0400: 247.819: [GC (GCLocker Initiated GC) [PSYoungGen: 88064K->86178K(175104K)] 141985K->152249K(699392K), 0.0115357 secs] [Times: user=0.14 sys=0.00, real=0.01 secs] 
2016-09-24T00:28:00.248-0400: 247.966: [GC (Allocation Failure) [PSYoungGen: 174242K->55283K(175104K)] 246603K->164657K(699392K), 0.0148482 secs] [Times: user=0.19 sys=0.01, real=0.02 secs] 
2016-09-24T00:28:00.367-0400: 248.085: [GC (GCLocker Initiated GC) [PSYoungGen: 143347K->73476K(175104K)] 252727K->182992K(699392K), 0.0097811 secs] [Times: user=0.10 sys=0.01, real=0.01 secs] 
2016-09-24T00:28:00.482-0400: 248.200: [GC (Allocation Failure) [PSYoungGen: 161540K->85986K(175104K)] 271361K->250650K(699392K), 0.0205370 secs] [Times: user=0.30 sys=0.00, real=0.03 secs] 
2016-09-24T00:28:00.607-0400: 248.325: [GC (GCLocker Initiated GC) [PSYoungGen: 168940K->55647K(175104K)] 339678K->257208K(699392K), 0.0125845 secs] [Times: user=0.15 sys=0.00, real=0.01 secs] 
2016-09-24T00:28:00.732-0400: 248.450: [GC (GCLocker Initiated GC) [PSYoungGen: 143711K->79683K(175104K)] 345320K->299824K(699392K), 0.0112024 secs] [Times: user=0.13 sys=0.00, real=0.02 secs] 
2016-09-24T00:28:00.862-0400: 248.580: [GC (GCLocker Initiated GC) [PSYoungGen: 167747K->55091K(175104K)] 394218K->312197K(699392K), 0.0299725 secs] [Times: user=0.32 sys=0.00, real=0.03 secs] 
2016-09-24T00:28:01.025-0400: 248.743: [GC (GCLocker Initiated GC) [PSYoungGen: 143155K->49148K(175104K)] 400504K->343050K(699392K), 0.0106515 secs] [Times: user=0.09 sys=0.00, real=0.01 secs] 
2016-09-24T00:28:01.125-0400: 248.844: [GC (Allocation Failure) [PSYoungGen: 137212K->85726K(175104K)] 431340K->392288K(699392K), 0.0343116 secs] [Times: user=0.40 sys=0.00, real=0.03 secs] 
2016-09-24T00:28:01.260-0400: 248.978: [GC (GCLocker Initiated GC) [PSYoungGen: 173790K->61818K(175104K)] 480357K->392781K(699392K), 0.0114024 secs] [Times: user=0.11 sys=0.00, real=0.01 secs] 
2016-09-24T00:28:01.394-0400: 249.112: [GC (GCLocker Initiated GC) [PSYoungGen: 149882K->61494K(175104K)] 481184K->399130K(699392K), 0.0112239 secs] [Times: user=0.07 sys=0.00, real=0.02 secs] 
2016-09-24T00:28:01.511-0400: 249.230: [GC (GCLocker Initiated GC) [PSYoungGen: 149558K->24588K(175104K)] 493323K->417204K(699392K), 0.0214209 secs] [Times: user=0.18 sys=0.00, real=0.02 secs] 
2016-09-24T00:28:01.648-0400: 249.366: [GC (GCLocker Initiated GC) [PSYoungGen: 112652K->86182K(175104K)] 511603K->491352K(699392K), 0.0105445 secs] [Times: user=0.11 sys=0.00, real=0.01 secs] 
2016-09-24T00:28:01.779-0400: 249.497: [GC (GCLocker Initiated GC) [PSYoungGen: 174246K->55483K(175104K)] 591770K->510272K(699392K), 0.0149724 secs] [Times: user=0.22 sys=0.00, real=0.01 secs] 
2016-09-24T00:28:01.898-0400: 249.617: [GC (GCLocker Initiated GC) [PSYoungGen: 143547K->55255K(175104K)] 598541K->547130K(699392K), 0.0102043 secs] [Times: user=0.09 sys=0.01, real=0.01 secs] 
2016-09-24T00:28:01.909-0400: 249.627: [Full GC (Ergonomics) [PSYoungGen: 55255K->0K(175104K)] [ParOldGen: 491875K->60062K(524288K)] 547130K->60062K(699392K), [Metaspace: 44574K->44574K(1087488K)], 0.0685851 secs] [Times: user=0.40 sys=0.01, real=0.07 secs] 
2016-09-24T00:28:02.091-0400: 249.810: [GC (GCLocker Initiated GC) [PSYoungGen: 88064K->86374K(175104K)] 148296K->164831K(699392K), 0.0225551 secs] [Times: user=0.27 sys=0.00, real=0.02 secs] 
2016-09-24T00:28:02.239-0400: 249.957: [GC (GCLocker Initiated GC) [PSYoungGen: 174438K->61426K(175104K)] 265229K->189386K(699392K), 0.0097651 secs] [Times: user=0.12 sys=0.00, real=0.01 secs] 
2016-09-24T00:28:02.358-0400: 250.076: [GC (GCLocker Initiated GC) [PSYoungGen: 149490K->55447K(175104K)] 277633K->244499K(699392K), 0.0196541 secs] [Times: user=0.22 sys=0.01, real=0.02 secs] 
2016-09-24T00:28:02.506-0400: 250.224: [GC (GCLocker Initiated GC) [PSYoungGen: 143511K->61298K(175104K)] 338742K->281120K(699392K), 0.0208425 secs] [Times: user=0.21 sys=0.00, real=0.02 secs] 
2016-09-24T00:28:02.635-0400: 250.354: [GC (GCLocker Initiated GC) [PSYoungGen: 149362K->85986K(175104K)] 369349K->306265K(699392K), 0.0118153 secs] [Times: user=0.10 sys=0.01, real=0.01 secs] 
2016-09-24T00:28:02.769-0400: 250.487: [GC (GCLocker Initiated GC) [PSYoungGen: 174050K->37030K(175104K)] 400759K->282224K(699392K), 0.0212186 secs] [Times: user=0.26 sys=0.00, real=0.02 secs] 
2016-09-24T00:28:02.903-0400: 250.621: [GC (GCLocker Initiated GC) [PSYoungGen: 125094K->73576K(175104K)] 376611K->325213K(699392K), 0.0125001 secs] [Times: user=0.14 sys=0.00, real=0.01 secs] 
2016-09-24T00:28:03.049-0400: 250.767: [GC (GCLocker Initiated GC) [PSYoungGen: 161640K->37098K(175104K)] 413419K->325430K(699392K), 0.0090235 secs] [Times: user=0.08 sys=0.00, real=0.01 secs] 
2016-09-24T00:28:03.159-0400: 250.878: [GC (GCLocker Initiated GC) [PSYoungGen: 125162K->61458K(175104K)] 413643K->380761K(699392K), 0.0274700 secs] [Times: user=0.30 sys=0.00, real=0.03 secs] 
2016-09-24T00:28:03.300-0400: 251.019: [GC (GCLocker Initiated GC) [PSYoungGen: 149522K->55483K(175104K)] 481325K->442292K(699392K), 0.0182155 secs] [Times: user=0.20 sys=0.01, real=0.02 secs] 
2016-09-24T00:28:03.438-0400: 251.156: [GC (GCLocker Initiated GC) [PSYoungGen: 143547K->73416K(175104K)] 530511K->479012K(699392K), 0.0354890 secs] [Times: user=0.41 sys=0.00, real=0.03 secs] 
2016-09-24T00:28:03.615-0400: 251.333: [GC (GCLocker Initiated GC) [PSYoungGen: 161480K->37290K(175104K)] 579296K->497750K(699392K), 0.0256177 secs] [Times: user=0.28 sys=0.01, real=0.02 secs] 
2016-09-24T00:28:03.641-0400: 251.359: [Full GC (Ergonomics) [PSYoungGen: 37290K->0K(175104K)] [ParOldGen: 460460K->47776K(524288K)] 497750K->47776K(699392K), [Metaspace: 44578K->44578K(1087488K)], 0.0616704 secs] [Times: user=0.36 sys=0.01, real=0.07 secs] 
2016-09-24T00:28:03.802-0400: 251.521: [GC (GCLocker Initiated GC) [PSYoungGen: 88064K->86174K(175104K)] 136156K->182867K(699392K), 0.0099962 secs] [Times: user=0.14 sys=0.01, real=0.00 secs] 
2016-09-24T00:28:03.938-0400: 251.656: [GC (GCLocker Initiated GC) [PSYoungGen: 174238K->49504K(175104K)] 277137K->250363K(699392K), 0.0114795 secs] [Times: user=0.16 sys=0.00, real=0.01 secs] 
2016-09-24T00:28:04.062-0400: 251.780: [GC (GCLocker Initiated GC) [PSYoungGen: 137568K->36898K(175104K)] 338586K->305017K(699392K), 0.0156518 secs] [Times: user=0.17 sys=0.01, real=0.02 secs] 
2016-09-24T00:28:04.184-0400: 251.902: [GC (Allocation Failure) [PSYoungGen: 124962K->85826K(175104K)] 393134K->372367K(699392K), 0.0240104 secs] [Times: user=0.31 sys=0.01, real=0.02 secs] 
2016-09-24T00:28:04.293-0400: 252.012: [GC (GCLocker Initiated GC) [PSYoungGen: 173890K->79943K(175104K)] 460436K->440205K(699392K), 0.0120113 secs] [Times: user=0.16 sys=0.01, real=0.02 secs] 
2016-09-24T00:28:04.412-0400: 252.130: [GC (Allocation Failure) [PSYoungGen: 168007K->73708K(175104K)] 528551K->452629K(699392K), 0.0086991 secs] [Times: user=0.13 sys=0.00, real=0.01 secs] 
2016-09-24T00:28:04.512-0400: 252.230: [GC (GCLocker Initiated GC) [PSYoungGen: 161772K->73576K(175104K)] 540699K->465109K(699392K), 0.0101709 secs] [Times: user=0.09 sys=0.01, real=0.01 secs] 
2016-09-24T00:28:04.622-0400: 252.340: [GC (Allocation Failure) [PSYoungGen: 161640K->85890K(175104K)] 553231K->538351K(699392K), 0.0247004 secs] [Times: user=0.29 sys=0.00, real=0.03 secs] 
2016-09-24T00:28:04.646-0400: 252.365: [Full GC (Ergonomics) [PSYoungGen: 85890K->0K(175104K)] [ParOldGen: 452461K->47777K(524288K)] 538351K->47777K(699392K), [Metaspace: 44579K->44579K(1087488K)], 0.0563712 secs] [Times: user=0.28 sys=0.00, real=0.06 secs] 
2016-09-24T00:28:04.829-0400: 252.547: [GC (GCLocker Initiated GC) [PSYoungGen: 86999K->86046K(175104K)] 140851K->164198K(699392K), 0.0105115 secs] [Times: user=0.12 sys=0.01, real=0.01 secs] 
2016-09-24T00:28:04.963-0400: 252.681: [GC (GCLocker Initiated GC) [PSYoungGen: 174110K->49504K(175104K)] 258699K->213624K(699392K), 0.0222991 secs] [Times: user=0.29 sys=0.00, real=0.02 secs] 
2016-09-24T00:28:05.112-0400: 252.830: [GC (GCLocker Initiated GC) [PSYoungGen: 137568K->36866K(175104K)] 307810K->243857K(699392K), 0.0119852 secs] [Times: user=0.11 sys=0.00, real=0.02 secs] 
2016-09-24T00:28:05.216-0400: 252.934: [GC (GCLocker Initiated GC) [PSYoungGen: 124930K->85922K(175104K)] 332075K->329669K(699392K), 0.0109181 secs] [Times: user=0.12 sys=0.01, real=0.01 secs] 
2016-09-24T00:28:05.338-0400: 253.057: [GC (GCLocker Initiated GC) [PSYoungGen: 173986K->85758K(175104K)] 418067K->378910K(699392K), 0.0130726 secs] [Times: user=0.14 sys=0.01, real=0.01 secs] 
2016-09-24T00:28:05.466-0400: 253.184: [GC (GCLocker Initiated GC) [PSYoungGen: 173822K->61362K(175104K)] 473158K->409394K(699392K), 0.0225335 secs] [Times: user=0.21 sys=0.00, real=0.02 secs] 
2016-09-24T00:28:05.609-0400: 253.327: [GC (GCLocker Initiated GC) [PSYoungGen: 149426K->67601K(175104K)] 503900K->464899K(699392K), 0.0174493 secs] [Times: user=0.22 sys=0.01, real=0.02 secs] 
2016-09-24T00:28:05.737-0400: 253.455: [GC (GCLocker Initiated GC) [PSYoungGen: 155665K->73836K(175104K)] 553257K->489953K(699392K), 0.0150859 secs] [Times: user=0.18 sys=0.00, real=0.01 secs] 
2016-09-24T00:28:05.868-0400: 253.586: [GC (GCLocker Initiated GC) [PSYoungGen: 161900K->73448K(175104K)] 578215K->526317K(699392K), 0.0279938 secs] [Times: user=0.29 sys=0.00, real=0.03 secs] 
2016-09-24T00:28:05.896-0400: 253.614: [Full GC (Ergonomics) [PSYoungGen: 73448K->0K(175104K)] [ParOldGen: 452869K->53878K(524288K)] 526317K->53878K(699392K), [Metaspace: 44579K->44579K(1087488K)], 0.0651928 secs] [Times: user=0.38 sys=0.01, real=0.06 secs] 
2016-09-24T00:28:06.098-0400: 253.817: [GC (GCLocker Initiated GC) [PSYoungGen: 88064K->55647K(175104K)] 166368K->133951K(699392K), 0.0109154 secs] [Times: user=0.11 sys=0.00, real=0.01 secs] 
2016-09-24T00:28:06.207-0400: 253.925: [GC (GCLocker Initiated GC) [PSYoungGen: 143711K->55315K(175104K)] 222147K->189086K(699392K), 0.0148860 secs] [Times: user=0.20 sys=0.01, real=0.02 secs] 
2016-09-24T00:28:06.327-0400: 254.045: [GC (GCLocker Initiated GC) [PSYoungGen: 143379K->67925K(175104K)] 283502K->244641K(699392K), 0.0108540 secs] [Times: user=0.11 sys=0.00, real=0.01 secs] 
2016-09-24T00:28:06.448-0400: 254.166: [GC (GCLocker Initiated GC) [PSYoungGen: 155989K->79979K(175104K)] 332797K->305835K(699392K), 0.0268932 secs] [Times: user=0.35 sys=0.00, real=0.03 secs] 
2016-09-24T00:28:06.590-0400: 254.308: [GC (GCLocker Initiated GC) [PSYoungGen: 168043K->67369K(175104K)] 394064K->360499K(699392K), 0.0332825 secs] [Times: user=0.35 sys=0.00, real=0.04 secs] 
2016-09-24T00:28:06.749-0400: 254.468: [GC (GCLocker Initiated GC) [PSYoungGen: 155433K->55551K(175104K)] 454696K->397451K(699392K), 0.0179402 secs] [Times: user=0.15 sys=0.00, real=0.02 secs] 
2016-09-24T00:28:06.892-0400: 254.611: [GC (GCLocker Initiated GC) [PSYoungGen: 143615K->73412K(175104K)] 491816K->464578K(699392K), 0.0113231 secs] [Times: user=0.12 sys=0.01, real=0.02 secs] 
2016-09-24T00:28:07.025-0400: 254.743: [GC (GCLocker Initiated GC) [PSYoungGen: 161476K->85986K(175104K)] 552712K->507724K(699392K), 0.0226196 secs] [Times: user=0.28 sys=0.01, real=0.02 secs] 
2016-09-24T00:28:07.160-0400: 254.878: [GC (GCLocker Initiated GC) [PSYoungGen: 174050K->36834K(175104K)] 596065K->501806K(699392K), 0.0115213 secs] [Times: user=0.09 sys=0.00, real=0.01 secs] 
2016-09-24T00:28:07.172-0400: 254.890: [Full GC (Ergonomics) [PSYoungGen: 36834K->0K(175104K)] [ParOldGen: 464971K->48089K(524288K)] 501806K->48089K(699392K), [Metaspace: 44579K->44579K(1087488K)], 0.0641654 secs] [Times: user=0.36 sys=0.01, real=0.07 secs] 
2016-09-24T00:28:07.338-0400: 255.057: [GC (GCLocker Initiated GC) [PSYoungGen: 88064K->86438K(175104K)] 136407K->153006K(699392K), 0.0113802 secs] [Times: user=0.14 sys=0.00, real=0.01 secs] 
2016-09-24T00:28:07.463-0400: 255.181: [GC (GCLocker Initiated GC) [PSYoungGen: 174502K->49148K(175104K)] 241106K->171311K(699392K), 0.0100399 secs] [Times: user=0.10 sys=0.00, real=0.00 secs] 
2016-09-24T00:28:07.597-0400: 255.315: [GC (Allocation Failure) [PSYoungGen: 137212K->79683K(175104K)] 259456K->250835K(699392K), 0.0184186 secs] [Times: user=0.21 sys=0.02, real=0.02 secs] 
2016-09-24T00:28:07.616-0400: 255.334: [GC (GCLocker Initiated GC) [PSYoungGen: 80183K->224K(175104K)] 251335K->262853K(699392K), 0.0098503 secs] [Times: user=0.10 sys=0.00, real=0.01 secs] 
2016-09-24T00:28:07.737-0400: 255.455: [GC (GCLocker Initiated GC) [PSYoungGen: 85214K->80263K(175104K)] 353918K->348975K(699392K), 0.0278408 secs] [Times: user=0.32 sys=0.00, real=0.03 secs] 
2016-09-24T00:28:07.875-0400: 255.593: [GC (GCLocker Initiated GC) [PSYoungGen: 168327K->67369K(175104K)] 437103K->391798K(699392K), 0.0254968 secs] [Times: user=0.29 sys=0.00, real=0.02 secs] 
2016-09-24T00:28:08.013-0400: 255.732: [GC (GCLocker Initiated GC) [PSYoungGen: 155433K->55935K(175104K)] 486035K->435256K(699392K), 0.0219732 secs] [Times: user=0.21 sys=0.00, real=0.03 secs] 
2016-09-24T00:28:08.122-0400: 255.840: [GC (GCLocker Initiated GC) [PSYoungGen: 143999K->73416K(175104K)] 523531K->459874K(699392K), 0.0176388 secs] [Times: user=0.16 sys=0.00, real=0.01 secs] 
2016-09-24T00:28:08.280-0400: 255.999: [GC (GCLocker Initiated GC) [PSYoungGen: 161480K->43269K(175104K)] 554245K->490797K(699392K), 0.0196071 secs] [Times: user=0.21 sys=0.00, real=0.02 secs] 
2016-09-24T00:28:08.300-0400: 256.019: [Full GC (Ergonomics) [PSYoungGen: 43269K->0K(175104K)] [ParOldGen: 447528K->54122K(524288K)] 490797K->54122K(699392K), [Metaspace: 44579K->44579K(1087488K)], 0.0639208 secs] [Times: user=0.42 sys=0.01, real=0.07 secs] 
2016-09-24T00:28:08.475-0400: 256.193: [GC (GCLocker Initiated GC) [PSYoungGen: 88064K->86078K(175104K)] 142323K->146412K(699392K), 0.0106269 secs] [Times: user=0.10 sys=0.00, real=0.01 secs] 
2016-09-24T00:28:08.587-0400: 256.305: [GC (GCLocker Initiated GC) [PSYoungGen: 174142K->67697K(175104K)] 234518K->195462K(699392K), 0.0133486 secs] [Times: user=0.14 sys=0.01, real=0.01 secs] 
2016-09-24T00:28:08.716-0400: 256.434: [GC (GCLocker Initiated GC) [PSYoungGen: 155761K->55447K(175104K)] 289613K->280903K(699392K), 0.0137302 secs] [Times: user=0.22 sys=0.00, real=0.01 secs] 
2016-09-24T00:28:08.839-0400: 256.558: [GC (GCLocker Initiated GC) [PSYoungGen: 143511K->85822K(175104K)] 369076K->311702K(699392K), 0.0167760 secs] [Times: user=0.22 sys=0.00, real=0.02 secs] 
2016-09-24T00:28:08.972-0400: 256.690: [GC (GCLocker Initiated GC) [PSYoungGen: 173886K->79683K(175104K)] 399808K->354489K(699392K), 0.0102229 secs] [Times: user=0.13 sys=0.00, real=0.02 secs] 
2016-09-24T00:28:09.076-0400: 256.795: [GC (Allocation Failure) [PSYoungGen: 167747K->79779K(175104K)] 442791K->409813K(699392K), 0.0115826 secs] [Times: user=0.17 sys=0.00, real=0.01 secs] 
2016-09-24T00:28:09.206-0400: 256.925: [GC (GCLocker Initiated GC) [PSYoungGen: 167843K->85922K(175104K)] 497889K->440575K(699392K), 0.0131079 secs] [Times: user=0.17 sys=0.02, real=0.01 secs] 
2016-09-24T00:28:09.324-0400: 257.042: [GC (GCLocker Initiated GC) [PSYoungGen: 173986K->55415K(175104K)] 528848K->447003K(699392K), 0.0100007 secs] [Times: user=0.09 sys=0.00, real=0.00 secs] 
2016-09-24T00:28:09.467-0400: 257.185: [GC (Allocation Failure) [PSYoungGen: 143479K->67925K(175104K)] 541486K->502525K(699392K), 0.0121821 secs] [Times: user=0.12 sys=0.00, real=0.01 secs] 
2016-09-24T00:28:09.479-0400: 257.198: [Full GC (Ergonomics) [PSYoungGen: 67925K->0K(175104K)] [ParOldGen: 434600K->54371K(524288K)] 502525K->54371K(699392K), [Metaspace: 44579K->44579K(1087488K)], 0.0599135 secs] [Times: user=0.34 sys=0.00, real=0.06 secs] 
2016-09-24T00:28:09.659-0400: 257.377: [GC (Allocation Failure) [PSYoungGen: 83128K->73480K(175104K)] 137499K->127851K(699392K), 0.0105626 secs] [Times: user=0.12 sys=0.00, real=0.01 secs] 
2016-09-24T00:28:09.766-0400: 257.484: [GC (GCLocker Initiated GC) [PSYoungGen: 161544K->55611K(175104K)] 215920K->164986K(699392K), 0.0176987 secs] [Times: user=0.17 sys=0.00, real=0.02 secs] 
2016-09-24T00:28:09.903-0400: 257.621: [GC (GCLocker Initiated GC) [PSYoungGen: 143675K->49408K(175104K)] 259217K->219924K(699392K), 0.0102921 secs] [Times: user=0.10 sys=0.00, real=0.00 secs] 
2016-09-24T00:28:10.041-0400: 257.760: [GC (GCLocker Initiated GC) [PSYoungGen: 137472K->55187K(175104K)] 308198K->262975K(699392K), 0.0272242 secs] [Times: user=0.27 sys=0.01, real=0.03 secs] 
2016-09-24T00:28:10.214-0400: 257.933: [GC (GCLocker Initiated GC) [PSYoungGen: 143251K->42941K(175104K)] 363527K->305838K(699392K), 0.0114688 secs] [Times: user=0.09 sys=0.00, real=0.01 secs] 
2016-09-24T00:28:10.314-0400: 258.032: [GC (GCLocker Initiated GC) [PSYoungGen: 131005K->85630K(175104K)] 393926K->348671K(699392K), 0.0154280 secs] [Times: user=0.14 sys=0.00, real=0.01 secs] 
2016-09-24T00:28:10.459-0400: 258.177: [GC (GCLocker Initiated GC) [PSYoungGen: 173694K->73708K(175104K)] 448945K->397827K(699392K), 0.0146381 secs] [Times: user=0.15 sys=0.00, real=0.01 secs] 
2016-09-24T00:28:10.603-0400: 258.321: [GC (GCLocker Initiated GC) [PSYoungGen: 161772K->61622K(175104K)] 492221K->434887K(699392K), 0.0289172 secs] [Times: user=0.30 sys=0.00, real=0.02 secs] 
2016-09-24T00:28:10.732-0400: 258.451: [GC (GCLocker Initiated GC) [PSYoungGen: 149686K->61394K(175104K)] 523161K->477850K(699392K), 0.0090440 secs] [Times: user=0.09 sys=0.00, real=0.01 secs] 
2016-09-24T00:28:10.852-0400: 258.570: [GC (Allocation Failure) [PSYoungGen: 149458K->61526K(175104K)] 578189K->545060K(699392K), 0.0139503 secs] [Times: user=0.13 sys=0.01, real=0.02 secs] 
2016-09-24T00:28:10.866-0400: 258.585: [Full GC (Ergonomics) [PSYoungGen: 61526K->0K(175104K)] [ParOldGen: 483534K->54585K(524288K)] 545060K->54585K(699392K), [Metaspace: 44579K->44579K(1087488K)], 0.0623917 secs] [Times: user=0.38 sys=0.01, real=0.06 secs] 
2016-09-24T00:28:11.035-0400: 258.754: [GC (GCLocker Initiated GC) [PSYoungGen: 88064K->85690K(175104K)] 142651K->146352K(699392K), 0.0145389 secs] [Times: user=0.22 sys=0.00, real=0.01 secs] 
2016-09-24T00:28:11.159-0400: 258.877: [GC (GCLocker Initiated GC) [PSYoungGen: 173754K->86314K(175104K)] 234453K->189681K(699392K), 0.0116279 secs] [Times: user=0.15 sys=0.01, real=0.01 secs] 
2016-09-24T00:28:11.252-0400: 258.970: [GC (GCLocker Initiated GC) [PSYoungGen: 174378K->55579K(175104K)] 284181K->232679K(699392K), 0.0131822 secs] [Times: user=0.15 sys=0.00, real=0.02 secs] 
2016-09-24T00:28:11.371-0400: 259.090: [GC (GCLocker Initiated GC) [PSYoungGen: 143643K->55551K(175104K)] 321049K->251441K(699392K), 0.0220888 secs] [Times: user=0.25 sys=0.00, real=0.02 secs] 
2016-09-24T00:28:11.505-0400: 259.223: [GC (GCLocker Initiated GC) [PSYoungGen: 143615K->73540K(175104K)] 339653K->336875K(699392K), 0.0113104 secs] [Times: user=0.14 sys=0.00, real=0.01 secs] 
2016-09-24T00:28:11.657-0400: 259.375: [GC (GCLocker Initiated GC) [PSYoungGen: 161604K->37261K(175104K)] 443256K->319017K(699392K), 0.0067325 secs] [Times: user=0.08 sys=0.00, real=0.01 secs] 
2016-09-24T00:28:11.803-0400: 259.522: [GC (GCLocker Initiated GC) [PSYoungGen: 125325K->55351K(175104K)] 413337K->361839K(699392K), 0.0115835 secs] [Times: user=0.15 sys=0.00, real=0.01 secs] 
2016-09-24T00:28:11.926-0400: 259.644: [GC (GCLocker Initiated GC) [PSYoungGen: 143415K->74000K(175104K)] 456290K->405235K(699392K), 0.0097535 secs] [Times: user=0.14 sys=0.00, real=0.01 secs] 
2016-09-24T00:28:12.068-0400: 259.786: [GC (GCLocker Initiated GC) [PSYoungGen: 162064K->49344K(175104K)] 499653K->417739K(699392K), 0.0277758 secs] [Times: user=0.28 sys=0.00, real=0.03 secs] 
2016-09-24T00:28:12.221-0400: 259.939: [GC (GCLocker Initiated GC) [PSYoungGen: 137408K->67697K(175104K)] 505862K->491142K(699392K), 0.0323845 secs] [Times: user=0.36 sys=0.00, real=0.03 secs] 
2016-09-24T00:28:12.383-0400: 260.101: [GC (GCLocker Initiated GC) [PSYoungGen: 155761K->55615K(175104K)] 585306K->503668K(699392K), 0.0100833 secs] [Times: user=0.08 sys=0.00, real=0.00 secs] 
2016-09-24T00:28:12.393-0400: 260.112: [Full GC (Ergonomics) [PSYoungGen: 55615K->0K(175104K)] [ParOldGen: 448053K->48990K(524288K)] 503668K->48990K(699392K), [Metaspace: 44580K->44580K(1087488K)], 0.0649116 secs] [Times: user=0.44 sys=0.01, real=0.07 secs] 
2016-09-24T00:28:12.560-0400: 260.279: [GC (GCLocker Initiated GC) [PSYoungGen: 88064K->67789K(175104K)] 143256K->122981K(699392K), 0.0155967 secs] [Times: user=0.18 sys=0.00, real=0.02 secs] 
2016-09-24T00:28:12.663-0400: 260.381: [GC (GCLocker Initiated GC) [PSYoungGen: 155853K->73740K(175104K)] 211183K->196435K(699392K), 0.0159799 secs] [Times: user=0.14 sys=0.00, real=0.01 secs] 
2016-09-24T00:28:12.789-0400: 260.508: [GC (Allocation Failure) [PSYoungGen: 161802K->67765K(175104K)] 290922K->233790K(699392K), 0.0168770 secs] [Times: user=0.16 sys=0.00, real=0.02 secs] 
2016-09-24T00:28:12.909-0400: 260.627: [GC (GCLocker Initiated GC) [PSYoungGen: 155829K->55255K(175104K)] 321854K->258334K(699392K), 0.0098031 secs] [Times: user=0.08 sys=0.00, real=0.01 secs] 
2016-09-24T00:28:13.020-0400: 260.738: [GC (GCLocker Initiated GC) [PSYoungGen: 143319K->79683K(175104K)] 346675K->301391K(699392K), 0.0322369 secs] [Times: user=0.38 sys=0.00, real=0.03 secs] 
2016-09-24T00:28:13.193-0400: 260.911: [GC (GCLocker Initiated GC) [PSYoungGen: 167747K->36966K(175104K)] 401787K->271273K(699392K), 0.0159566 secs] [Times: user=0.14 sys=0.00, real=0.02 secs] 
2016-09-24T00:28:13.327-0400: 261.045: [GC (GCLocker Initiated GC) [PSYoungGen: 125030K->43073K(175104K)] 365623K->302158K(699392K), 0.0100737 secs] [Times: user=0.09 sys=0.00, real=0.01 secs] 
2016-09-24T00:28:13.482-0400: 261.200: [GC (GCLocker Initiated GC) [PSYoungGen: 131137K->55451K(175104K)] 402632K->327066K(699392K), 0.0264210 secs] [Times: user=0.28 sys=0.00, real=0.03 secs] 
2016-09-24T00:28:13.663-0400: 261.381: [GC (GCLocker Initiated GC) [PSYoungGen: 143515K->49472K(175104K)] 421554K->346004K(699392K), 0.0251913 secs] [Times: user=0.24 sys=0.00, real=0.02 secs] 
2016-09-24T00:28:13.804-0400: 261.522: [GC (GCLocker Initiated GC) [PSYoungGen: 137536K->85854K(175104K)] 434295K->413147K(699392K), 0.0095081 secs] [Times: user=0.15 sys=0.00, real=0.00 secs] 
2016-09-24T00:28:13.934-0400: 261.652: [GC (GCLocker Initiated GC) [PSYoungGen: 173918K->55451K(175104K)] 501253K->437581K(699392K), 0.0196515 secs] [Times: user=0.22 sys=0.01, real=0.02 secs] 
2016-09-24T00:28:14.059-0400: 261.777: [GC (GCLocker Initiated GC) [PSYoungGen: 143515K->67629K(175104K)] 531852K->510981K(699392K), 0.0246656 secs] [Times: user=0.31 sys=0.00, real=0.03 secs] 
2016-09-24T00:28:14.084-0400: 261.802: [Full GC (Ergonomics) [PSYoungGen: 67629K->0K(175104K)] [ParOldGen: 443352K->60181K(524288K)] 510981K->60181K(699392K), [Metaspace: 44580K->44580K(1087488K)], 0.0675530 secs] [Times: user=0.52 sys=0.00, real=0.06 secs] 
2016-09-24T00:28:14.259-0400: 261.977: [GC (GCLocker Initiated GC) [PSYoungGen: 88064K->86662K(175104K)] 154485K->177383K(699392K), 0.0102771 secs] [Times: user=0.14 sys=0.01, real=0.01 secs] 
2016-09-24T00:28:14.382-0400: 262.100: [GC (GCLocker Initiated GC) [PSYoungGen: 174726K->73608K(175104K)] 265556K->201879K(699392K), 0.0154114 secs] [Times: user=0.19 sys=0.01, real=0.02 secs] 
2016-09-24T00:28:14.518-0400: 262.237: [GC (GCLocker Initiated GC) [PSYoungGen: 161672K->85858K(175104K)] 290030K->244734K(699392K), 0.0125327 secs] [Times: user=0.12 sys=0.00, real=0.01 secs] 
2016-09-24T00:28:14.654-0400: 262.373: [GC (Allocation Failure) [PSYoungGen: 173922K->73672K(175104K)] 332969K->312141K(699392K), 0.0113159 secs] [Times: user=0.14 sys=0.01, real=0.01 secs] 
2016-09-24T00:28:14.666-0400: 262.385: [GC (GCLocker Initiated GC) [PSYoungGen: 74007K->64K(175104K)] 312476K->311812K(699392K), 0.0070927 secs] [Times: user=0.10 sys=0.00, real=0.00 secs] 
2016-09-24T00:28:14.788-0400: 262.507: [GC (GCLocker Initiated GC) [PSYoungGen: 88128K->86114K(175104K)] 400004K->410140K(699392K), 0.0123189 secs] [Times: user=0.11 sys=0.00, real=0.01 secs] 
2016-09-24T00:28:14.904-0400: 262.622: [GC (GCLocker Initiated GC) [PSYoungGen: 174178K->73804K(175104K)] 498251K->453131K(699392K), 0.0117733 secs] [Times: user=0.14 sys=0.00, real=0.01 secs] 
2016-09-24T00:28:15.061-0400: 262.779: [GC (GCLocker Initiated GC) [PSYoungGen: 161868K->43237K(175104K)] 553700K->477878K(699392K), 0.0103193 secs] [Times: user=0.10 sys=0.00, real=0.01 secs] 
2016-09-24T00:28:15.071-0400: 262.790: [Full GC (Ergonomics) [PSYoungGen: 43237K->0K(175104K)] [ParOldGen: 434641K->54331K(524288K)] 477878K->54331K(699392K), [Metaspace: 44580K->44580K(1087488K)], 0.0631650 secs] [Times: user=0.34 sys=0.01, real=0.07 secs] 
2016-09-24T00:28:15.277-0400: 262.995: [GC (Allocation Failure) [PSYoungGen: 88064K->79783K(175104K)] 142543K->134262K(699392K), 0.0098425 secs] [Times: user=0.10 sys=0.00, real=0.01 secs] 
2016-09-24T00:28:15.403-0400: 263.122: [GC (GCLocker Initiated GC) [PSYoungGen: 163789K->73704K(175104K)] 224343K->189249K(699392K), 0.0109925 secs] [Times: user=0.14 sys=0.01, real=0.01 secs] 
2016-09-24T00:28:15.551-0400: 263.269: [GC (GCLocker Initiated GC) [PSYoungGen: 161768K->55938K(175104K)] 289621K->202185K(699392K), 0.0154953 secs] [Times: user=0.20 sys=0.01, real=0.02 secs] 
2016-09-24T00:28:15.705-0400: 263.423: [GC (GCLocker Initiated GC) [PSYoungGen: 144002K->18968K(175104K)] 314888K->208314K(699392K), 0.0066870 secs] [Times: user=0.04 sys=0.01, real=0.00 secs] 
2016-09-24T00:28:15.839-0400: 263.558: [GC (GCLocker Initiated GC) [PSYoungGen: 107032K->61494K(175104K)] 302623K->257172K(699392K), 0.0130464 secs] [Times: user=0.12 sys=0.00, real=0.01 secs] 
2016-09-24T00:28:15.981-0400: 263.699: [GC (Allocation Failure) [PSYoungGen: 149558K->43069K(175104K)] 345788K->257840K(699392K), 0.0066954 secs] [Times: user=0.11 sys=0.00, real=0.01 secs] 
2016-09-24T00:28:16.084-0400: 263.802: [GC (GCLocker Initiated GC) [PSYoungGen: 128079K->85822K(175104K)] 348925K->312878K(699392K), 0.0100164 secs] [Times: user=0.12 sys=0.00, real=0.00 secs] 
2016-09-24T00:28:16.246-0400: 263.965: [GC (Allocation Failure) [PSYoungGen: 173886K->55419K(175104K)] 407159K->288952K(699392K), 0.0103889 secs] [Times: user=0.08 sys=0.00, real=0.01 secs] 
2016-09-24T00:28:16.364-0400: 264.082: [GC (GCLocker Initiated GC) [PSYoungGen: 143483K->73480K(175104K)] 377023K->307272K(699392K), 0.0177589 secs] [Times: user=0.14 sys=0.01, real=0.01 secs] 
2016-09-24T00:28:16.518-0400: 264.236: [GC (GCLocker Initiated GC) [PSYoungGen: 161544K->37098K(175104K)] 401548K->313663K(699392K), 0.0245785 secs] [Times: user=0.25 sys=0.00, real=0.03 secs] 
2016-09-24T00:28:16.665-0400: 264.383: [GC (GCLocker Initiated GC) [PSYoungGen: 125162K->85726K(175104K)] 402088K->393335K(699392K), 0.0129707 secs] [Times: user=0.16 sys=0.00, real=0.01 secs] 
2016-09-24T00:28:16.804-0400: 264.522: [GC (GCLocker Initiated GC) [PSYoungGen: 173790K->61458K(175104K)] 487638K->411884K(699392K), 0.0173242 secs] [Times: user=0.18 sys=0.00, real=0.01 secs] 
2016-09-24T00:28:16.949-0400: 264.668: [GC (Allocation Failure) [PSYoungGen: 149522K->61494K(175104K)] 500298K->430630K(699392K), 0.0267486 secs] [Times: user=0.31 sys=0.01, real=0.03 secs] 
2016-09-24T00:28:17.081-0400: 264.799: [GC (GCLocker Initiated GC) [PSYoungGen: 145595K->43201K(175104K)] 520806K->455154K(699392K), 0.0125298 secs] [Times: user=0.13 sys=0.00, real=0.01 secs] 
2016-09-24T00:28:17.222-0400: 264.940: [GC (GCLocker Initiated GC) [PSYoungGen: 131265K->61462K(175104K)] 543663K->492353K(699392K), 0.0218235 secs] [Times: user=0.22 sys=0.00, real=0.03 secs] 
2016-09-24T00:28:17.323-0400: 265.042: [GC (GCLocker Initiated GC) [PSYoungGen: 149526K->85630K(175104K)] 586807K->523179K(699392K), 0.0127066 secs] [Times: user=0.11 sys=0.00, real=0.01 secs] 
2016-09-24T00:28:17.458-0400: 265.176: [Full GC (Ergonomics) [PSYoungGen: 173694K->0K(175104K)] [ParOldGen: 456118K->54895K(524288K)] 629812K->54895K(699392K), [Metaspace: 44581K->44581K(1087488K)], 0.0848827 secs] [Times: user=0.54 sys=0.01, real=0.09 secs] 
2016-09-24T00:28:17.656-0400: 265.374: [GC (GCLocker Initiated GC) [PSYoungGen: 88064K->79391K(175104K)] 149899K->141226K(699392K), 0.0110752 secs] [Times: user=0.09 sys=0.00, real=0.01 secs] 
2016-09-24T00:28:17.753-0400: 265.471: [GC (GCLocker Initiated GC) [PSYoungGen: 167455K->73772K(175104K)] 229505K->172407K(699392K), 0.0264248 secs] [Times: user=0.30 sys=0.01, real=0.03 secs] 
2016-09-24T00:28:17.890-0400: 265.608: [GC (GCLocker Initiated GC) [PSYoungGen: 161836K->79815K(175104K)] 260520K->221456K(699392K), 0.0109034 secs] [Times: user=0.10 sys=0.00, real=0.01 secs] 
2016-09-24T00:28:18.054-0400: 265.772: [GC (GCLocker Initiated GC) [PSYoungGen: 167879K->49212K(175104K)] 315670K->221587K(699392K), 0.0221869 secs] [Times: user=0.24 sys=0.00, real=0.03 secs] 
2016-09-24T00:28:18.192-0400: 265.911: [GC (GCLocker Initiated GC) [PSYoungGen: 137276K->49276K(175104K)] 309663K->264488K(699392K), 0.0105769 secs] [Times: user=0.10 sys=0.00, real=0.02 secs] 
2016-09-24T00:28:18.313-0400: 266.032: [GC (GCLocker Initiated GC) [PSYoungGen: 137340K->85726K(175104K)] 358684K->325595K(699392K), 0.0276188 secs] [Times: user=0.25 sys=0.03, real=0.03 secs] 
2016-09-24T00:28:18.465-0400: 266.183: [GC (GCLocker Initiated GC) [PSYoungGen: 173790K->49408K(175104K)] 419775K->332134K(699392K), 0.0308491 secs] [Times: user=0.30 sys=0.01, real=0.03 secs] 
2016-09-24T00:28:18.634-0400: 266.352: [GC (GCLocker Initiated GC) [PSYoungGen: 137472K->85822K(175104K)] 420280K->405371K(699392K), 0.0257977 secs] [Times: user=0.27 sys=0.00, real=0.03 secs] 
2016-09-24T00:28:18.779-0400: 266.497: [GC (GCLocker Initiated GC) [PSYoungGen: 173886K->73836K(175104K)] 493495K->460569K(699392K), 0.0216394 secs] [Times: user=0.26 sys=0.00, real=0.02 secs] 
2016-09-24T00:28:18.897-0400: 266.615: [GC (GCLocker Initiated GC) [PSYoungGen: 161900K->85886K(175104K)] 555063K->552257K(699392K), 0.0138013 secs] [Times: user=0.17 sys=0.01, real=0.01 secs] 
2016-09-24T00:28:18.911-0400: 266.629: [Full GC (Ergonomics) [PSYoungGen: 85886K->0K(175104K)] [ParOldGen: 466371K->60534K(524288K)] 552257K->60534K(699392K), [Metaspace: 44582K->44582K(1087488K)], 0.0659034 secs] [Times: user=0.39 sys=0.00, real=0.07 secs] 
2016-09-24T00:28:19.092-0400: 266.810: [GC (GCLocker Initiated GC) [PSYoungGen: 88064K->86374K(175104K)] 148615K->165150K(699392K), 0.0159982 secs] [Times: user=0.20 sys=0.00, real=0.02 secs] 
2016-09-24T00:28:19.236-0400: 266.954: [GC (GCLocker Initiated GC) [PSYoungGen: 174438K->73704K(175104K)] 253469K->202046K(699392K), 0.0126527 secs] [Times: user=0.16 sys=0.00, real=0.01 secs] 
2016-09-24T00:28:19.377-0400: 267.095: [GC (GCLocker Initiated GC) [PSYoungGen: 161768K->43101K(175104K)] 290231K->256758K(699392K), 0.0152665 secs] [Times: user=0.17 sys=0.00, real=0.01 secs] 
2016-09-24T00:28:19.493-0400: 267.211: [GC (Allocation Failure) [PSYoungGen: 131165K->86154K(175104K)] 345177K->348893K(699392K), 0.0156670 secs] [Times: user=0.12 sys=0.00, real=0.02 secs] 
2016-09-24T00:28:19.633-0400: 267.351: [GC (GCLocker Initiated GC) [PSYoungGen: 173089K->36898K(175104K)] 441903K->343086K(699392K), 0.0284151 secs] [Times: user=0.31 sys=0.00, real=0.03 secs] 
2016-09-24T00:28:19.813-0400: 267.531: [GC (GCLocker Initiated GC) [PSYoungGen: 124962K->36802K(175104K)] 437289K->349225K(699392K), 0.0103266 secs] [Times: user=0.12 sys=0.00, real=0.02 secs] 
2016-09-24T00:28:19.952-0400: 267.670: [GC (GCLocker Initiated GC) [PSYoungGen: 124866K->67597K(175104K)] 437616K->398707K(699392K), 0.0157839 secs] [Times: user=0.20 sys=0.00, real=0.02 secs] 
2016-09-24T00:28:20.105-0400: 267.823: [GC (GCLocker Initiated GC) [PSYoungGen: 155661K->37258K(175104K)] 492853K->429284K(699392K), 0.0104719 secs] [Times: user=0.12 sys=0.00, real=0.01 secs] 
2016-09-24T00:28:20.249-0400: 267.967: [GC (GCLocker Initiated GC) [PSYoungGen: 125322K->73968K(175104K)] 523763K->472693K(699392K), 0.0079375 secs] [Times: user=0.08 sys=0.00, real=0.01 secs] 
2016-09-24T00:28:20.406-0400: 268.124: [GC (Allocation Failure) [PSYoungGen: 162032K->55287K(175104K)] 573172K->484787K(699392K), 0.0102010 secs] [Times: user=0.11 sys=0.00, real=0.01 secs] 
2016-09-24T00:28:20.549-0400: 268.267: [GC (GCLocker Initiated GC) [PSYoungGen: 143351K->61266K(175104K)] 572857K->503009K(699392K), 0.0225924 secs] [Times: user=0.24 sys=0.00, real=0.02 secs] 
2016-09-24T00:28:20.572-0400: 268.290: [Full GC (Ergonomics) [PSYoungGen: 61266K->0K(175104K)] [ParOldGen: 441743K->54479K(524288K)] 503009K->54479K(699392K), [Metaspace: 44583K->44583K(1087488K)], 0.0637177 secs] [Times: user=0.42 sys=0.00, real=0.07 secs] 
2016-09-24T00:28:20.750-0400: 268.468: [GC (GCLocker Initiated GC) [PSYoungGen: 88062K->73736K(175104K)] 155052K->140726K(699392K), 0.0106380 secs] [Times: user=0.13 sys=0.01, real=0.01 secs] 
2016-09-24T00:28:20.881-0400: 268.599: [GC (GCLocker Initiated GC) [PSYoungGen: 161800K->79979K(175104K)] 240977K->171589K(699392K), 0.0193388 secs] [Times: user=0.21 sys=0.01, real=0.02 secs] 
2016-09-24T00:28:21.040-0400: 268.759: [GC (GCLocker Initiated GC) [PSYoungGen: 168043K->25043K(175104K)] 266017K->165974K(699392K), 0.0094379 secs] [Times: user=0.07 sys=0.00, real=0.01 secs] 
2016-09-24T00:28:21.149-0400: 268.867: [GC (GCLocker Initiated GC) [PSYoungGen: 113107K->85566K(175104K)] 260250K->233156K(699392K), 0.0205175 secs] [Times: user=0.18 sys=0.00, real=0.02 secs] 
2016-09-24T00:28:21.266-0400: 268.984: [GC (GCLocker Initiated GC) [PSYoungGen: 173630K->85986K(175104K)] 321374K->319079K(699392K), 0.0223264 secs] [Times: user=0.23 sys=0.01, real=0.02 secs] 
2016-09-24T00:28:21.410-0400: 269.129: [GC (Allocation Failure) [PSYoungGen: 174050K->61362K(175104K)] 407191K->367858K(699392K), 0.0228977 secs] [Times: user=0.25 sys=0.00, real=0.02 secs] 
2016-09-24T00:28:21.531-0400: 269.249: [GC (GCLocker Initiated GC) [PSYoungGen: 149426K->85822K(175104K)] 455928K->435173K(699392K), 0.0125254 secs] [Times: user=0.17 sys=0.00, real=0.02 secs] 
2016-09-24T00:28:21.662-0400: 269.381: [GC (GCLocker Initiated GC) [PSYoungGen: 173886K->85758K(175104K)] 529673K->466121K(699392K), 0.0148938 secs] [Times: user=0.19 sys=0.00, real=0.01 secs] 
2016-09-24T00:28:21.815-0400: 269.533: [GC (GCLocker Initiated GC) [PSYoungGen: 173822K->67373K(175104K)] 554339K->484615K(699392K), 0.0167525 secs] [Times: user=0.14 sys=0.00, real=0.01 secs] 
2016-09-24T00:28:21.987-0400: 269.705: [GC (Allocation Failure) [PSYoungGen: 155437K->18837K(175104K)] 579309K->491428K(699392K), 0.0097570 secs] [Times: user=0.10 sys=0.00, real=0.01 secs] 
2016-09-24T00:28:21.997-0400: 269.715: [Full GC (Ergonomics) [PSYoungGen: 18837K->0K(175104K)] [ParOldGen: 472591K->36585K(524288K)] 491428K->36585K(699392K), [Metaspace: 44585K->44585K(1087488K)], 0.0599849 secs] [Times: user=0.36 sys=0.00, real=0.06 secs] 
2016-09-24T00:28:22.170-0400: 269.889: [GC (GCLocker Initiated GC) [PSYoungGen: 88064K->73772K(175104K)] 124649K->110358K(699392K), 0.0234237 secs] [Times: user=0.33 sys=0.00, real=0.02 secs] 
2016-09-24T00:28:22.286-0400: 270.004: [GC (GCLocker Initiated GC) [PSYoungGen: 161836K->85822K(175104K)] 198482K->189624K(699392K), 0.0140086 secs] [Times: user=0.20 sys=0.00, real=0.01 secs] 
2016-09-24T00:28:22.412-0400: 270.130: [GC (GCLocker Initiated GC) [PSYoungGen: 173886K->61394K(175104K)] 284131K->232673K(699392K), 0.0178371 secs] [Times: user=0.20 sys=0.00, real=0.02 secs] 
2016-09-24T00:28:22.541-0400: 270.259: [GC (GCLocker Initiated GC) [PSYoungGen: 149458K->73544K(175104K)] 320997K->281825K(699392K), 0.0117212 secs] [Times: user=0.12 sys=0.00, real=0.01 secs] 
2016-09-24T00:28:22.668-0400: 270.386: [GC (GCLocker Initiated GC) [PSYoungGen: 161608K->49276K(175104K)] 369937K->312416K(699392K), 0.0401029 secs] [Times: user=0.44 sys=0.00, real=0.04 secs] 
2016-09-24T00:28:22.817-0400: 270.535: [GC (GCLocker Initiated GC) [PSYoungGen: 137340K->86118K(175104K)] 400667K->374240K(699392K), 0.0139855 secs] [Times: user=0.20 sys=0.01, real=0.01 secs] 
2016-09-24T00:28:22.962-0400: 270.681: [GC (Allocation Failure) [PSYoungGen: 174182K->85858K(175104K)] 462547K->380894K(699392K), 0.0120656 secs] [Times: user=0.12 sys=0.00, real=0.01 secs] 
2016-09-24T00:28:23.083-0400: 270.801: [GC (GCLocker Initiated GC) [PSYoungGen: 173922K->61262K(175104K)] 468964K->417181K(699392K), 0.0143644 secs] [Times: user=0.14 sys=0.00, real=0.01 secs] 
2016-09-24T00:28:23.214-0400: 270.932: [GC (GCLocker Initiated GC) [PSYoungGen: 149326K->49472K(175104K)] 512050K->430533K(699392K), 0.0092151 secs] [Times: user=0.09 sys=0.01, real=0.02 secs] 
2016-09-24T00:28:23.349-0400: 271.067: [GC (GCLocker Initiated GC) [PSYoungGen: 137536K->73576K(175104K)] 518790K->473518K(699392K), 0.0126378 secs] [Times: user=0.15 sys=0.00, real=0.01 secs] 
2016-09-24T00:28:23.483-0400: 271.201: [GC (GCLocker Initiated GC) [PSYoungGen: 161640K->79587K(175104K)] 561664K->497932K(699392K), 0.0234851 secs] [Times: user=0.16 sys=0.00, real=0.02 secs] 
2016-09-24T00:28:23.658-0400: 271.376: [GC (GCLocker Initiated GC) [PSYoungGen: 167651K->24979K(175104K)] 598187K->510294K(699392K), 0.0170577 secs] [Times: user=0.14 sys=0.00, real=0.02 secs] 
2016-09-24T00:28:23.675-0400: 271.393: [Full GC (Ergonomics) [PSYoungGen: 24979K->0K(175104K)] [ParOldGen: 485314K->47753K(524288K)] 510294K->47753K(699392K), [Metaspace: 44592K->44592K(1087488K)], 0.0728035 secs] [Times: user=0.38 sys=0.01, real=0.07 secs] 
2016-09-24T00:28:23.865-0400: 271.583: [GC (GCLocker Initiated GC) [PSYoungGen: 88064K->79939K(175104K)] 136004K->127880K(699392K), 0.0186439 secs] [Times: user=0.18 sys=0.00, real=0.02 secs] 
2016-09-24T00:28:24.007-0400: 271.726: [GC (GCLocker Initiated GC) [PSYoungGen: 168003K->61786K(175104K)] 216052K->177420K(699392K), 0.0119083 secs] [Times: user=0.13 sys=0.01, real=0.01 secs] 
2016-09-24T00:28:24.131-0400: 271.849: [GC (GCLocker Initiated GC) [PSYoungGen: 149850K->85790K(175104K)] 271903K->268885K(699392K), 0.0336359 secs] [Times: user=0.37 sys=0.00, real=0.04 secs] 
2016-09-24T00:28:24.290-0400: 272.008: [GC (GCLocker Initiated GC) [PSYoungGen: 173854K->67729K(175104K)] 363155K->293599K(699392K), 0.0151944 secs] [Times: user=0.18 sys=0.00, real=0.02 secs] 
2016-09-24T00:28:24.416-0400: 272.135: [GC (Allocation Failure) [PSYoungGen: 155793K->73640K(175104K)] 381683K->336279K(699392K), 0.0300752 secs] [Times: user=0.37 sys=0.00, real=0.03 secs] 
2016-09-24T00:28:24.552-0400: 272.271: [GC (GCLocker Initiated GC) [PSYoungGen: 161704K->85758K(175104K)] 424350K->354771K(699392K), 0.0307062 secs] [Times: user=0.34 sys=0.00, real=0.04 secs] 
2016-09-24T00:28:24.722-0400: 272.440: [GC (GCLocker Initiated GC) [PSYoungGen: 173822K->61266K(175104K)] 449158K->367237K(699392K), 0.0145925 secs] [Times: user=0.12 sys=0.00, real=0.02 secs] 
2016-09-24T00:28:24.866-0400: 272.584: [GC (GCLocker Initiated GC) [PSYoungGen: 149330K->61198K(175104K)] 461396K->391756K(699392K), 0.0097465 secs] [Times: user=0.09 sys=0.00, real=0.01 secs] 
2016-09-24T00:28:25.011-0400: 272.729: [GC (GCLocker Initiated GC) [PSYoungGen: 149262K->30859K(175104K)] 491986K->404054K(699392K), 0.0282881 secs] [Times: user=0.33 sys=0.00, real=0.03 secs] 
2016-09-24T00:28:25.146-0400: 272.864: [GC (GCLocker Initiated GC) [PSYoungGen: 118923K->73512K(175104K)] 498548K->453420K(699392K), 0.0219809 secs] [Times: user=0.23 sys=0.00, real=0.02 secs] 
2016-09-24T00:28:25.282-0400: 273.000: [GC (GCLocker Initiated GC) [PSYoungGen: 161576K->85986K(175104K)] 541616K->502643K(699392K), 0.0146319 secs] [Times: user=0.17 sys=0.00, real=0.01 secs] 
2016-09-24T00:28:25.435-0400: 273.153: [GC (GCLocker Initiated GC) [PSYoungGen: 174050K->73576K(175104K)] 590968K->509150K(699392K), 0.0186369 secs] [Times: user=0.21 sys=0.00, real=0.01 secs] 
2016-09-24T00:28:25.573-0400: 273.291: [GC (Allocation Failure) [PSYoungGen: 161640K->79523K(175104K)] 597272K->515455K(699392K), 0.0112844 secs] [Times: user=0.11 sys=0.00, real=0.02 secs] 
2016-09-24T00:28:25.690-0400: 273.409: [GC (GCLocker Initiated GC) [PSYoungGen: 167582K->67565K(175104K)] 603520K->546327K(699392K), 0.0122441 secs] [Times: user=0.14 sys=0.00, real=0.02 secs] 
2016-09-24T00:28:25.703-0400: 273.421: [Full GC (Ergonomics) [PSYoungGen: 67565K->0K(175104K)] [ParOldGen: 478762K->53882K(524288K)] 546327K->53882K(699392K), [Metaspace: 44606K->44606K(1087488K)], 0.0658740 secs] [Times: user=0.41 sys=0.01, real=0.06 secs] 
2016-09-24T00:28:25.877-0400: 273.595: [GC (GCLocker Initiated GC) [PSYoungGen: 88064K->85822K(175104K)] 141971K->164029K(699392K), 0.0124710 secs] [Times: user=0.17 sys=0.00, real=0.01 secs] 
2016-09-24T00:28:26.008-0400: 273.726: [GC (Allocation Failure) [PSYoungGen: 173886K->79847K(175104K)] 258377K->201283K(699392K), 0.0156602 secs] [Times: user=0.17 sys=0.00, real=0.02 secs] 
2016-09-24T00:28:26.136-0400: 273.854: [GC (GCLocker Initiated GC) [PSYoungGen: 167911K->61394K(175104K)] 289353K->219882K(699392K), 0.0125600 secs] [Times: user=0.10 sys=0.00, real=0.01 secs] 
2016-09-24T00:28:26.287-0400: 274.005: [GC (Allocation Failure) [PSYoungGen: 149458K->55679K(175104K)] 314275K->238825K(699392K), 0.0181593 secs] [Times: user=0.23 sys=0.00, real=0.02 secs] 
2016-09-24T00:28:26.450-0400: 274.168: [GC (GCLocker Initiated GC) [PSYoungGen: 138815K->55351K(175104K)] 328036K->245035K(699392K), 0.0212517 secs] [Times: user=0.20 sys=0.00, real=0.02 secs] 
2016-09-24T00:28:26.621-0400: 274.339: [GC (GCLocker Initiated GC) [PSYoungGen: 143415K->37421K(175104K)] 345599K->276183K(699392K), 0.0119305 secs] [Times: user=0.13 sys=0.00, real=0.01 secs] 
2016-09-24T00:28:26.767-0400: 274.485: [GC (GCLocker Initiated GC) [PSYoungGen: 125482K->36966K(175104K)] 370674K->282417K(699392K), 0.0057282 secs] [Times: user=0.05 sys=0.00, real=0.00 secs] 
2016-09-24T00:28:26.871-0400: 274.589: [GC (GCLocker Initiated GC) [PSYoungGen: 125030K->55579K(175104K)] 370562K->355914K(699392K), 0.0174432 secs] [Times: user=0.21 sys=0.00, real=0.02 secs] 
2016-09-24T00:28:27.010-0400: 274.728: [GC (GCLocker Initiated GC) [PSYoungGen: 143643K->49472K(175104K)] 456322K->398908K(699392K), 0.0122556 secs] [Times: user=0.14 sys=0.00, real=0.01 secs] 
2016-09-24T00:28:27.120-0400: 274.838: [GC (GCLocker Initiated GC) [PSYoungGen: 137536K->67501K(175104K)] 487189K->447968K(699392K), 0.0164633 secs] [Times: user=0.15 sys=0.00, real=0.02 secs] 
2016-09-24T00:28:27.261-0400: 274.979: [GC (GCLocker Initiated GC) [PSYoungGen: 155565K->73808K(175104K)] 542160K->496965K(699392K), 0.0233827 secs] [Times: user=0.23 sys=0.00, real=0.03 secs] 
2016-09-24T00:28:27.396-0400: 275.114: [GC (GCLocker Initiated GC) [PSYoungGen: 161872K->36998K(175104K)] 585099K->509108K(699392K), 0.0092271 secs] [Times: user=0.09 sys=0.00, real=0.01 secs] 
2016-09-24T00:28:27.405-0400: 275.123: [Full GC (Ergonomics) [PSYoungGen: 36998K->0K(175104K)] [ParOldGen: 472110K->47829K(524288K)] 509108K->47829K(699392K), [Metaspace: 44610K->44610K(1087488K)], 0.0661933 secs] [Times: user=0.45 sys=0.02, real=0.06 secs] 
2016-09-24T00:28:27.574-0400: 275.292: [GC (GCLocker Initiated GC) [PSYoungGen: 88064K->86694K(175104K)] 142190K->146895K(699392K), 0.0134315 secs] [Times: user=0.17 sys=0.00, real=0.02 secs] 
2016-09-24T00:28:27.686-0400: 275.405: [GC (GCLocker Initiated GC) [PSYoungGen: 174758K->86018K(175104K)] 235158K->220326K(699392K), 0.0118860 secs] [Times: user=0.17 sys=0.00, real=0.01 secs] 
2016-09-24T00:28:27.806-0400: 275.524: [GC (GCLocker Initiated GC) [PSYoungGen: 174082K->67729K(175104K)] 314501K->220393K(699392K), 0.0135818 secs] [Times: user=0.10 sys=0.00, real=0.01 secs] 
2016-09-24T00:28:27.944-0400: 275.662: [GC (GCLocker Initiated GC) [PSYoungGen: 155793K->49699K(175104K)] 315310K->276350K(699392K), 0.0093684 secs] [Times: user=0.12 sys=0.00, real=0.00 secs] 
2016-09-24T00:28:28.058-0400: 275.777: [GC (GCLocker Initiated GC) [PSYoungGen: 137763K->73640K(175104K)] 364685K->343753K(699392K), 0.0178591 secs] [Times: user=0.21 sys=0.01, real=0.02 secs] 
2016-09-24T00:28:28.179-0400: 275.897: [GC (GCLocker Initiated GC) [PSYoungGen: 161704K->74000K(175104K)] 431842K->381075K(699392K), 0.0110937 secs] [Times: user=0.15 sys=0.00, real=0.01 secs] 
2016-09-24T00:28:28.274-0400: 275.993: [GC (GCLocker Initiated GC) [PSYoungGen: 162064K->85758K(175104K)] 469321K->423869K(699392K), 0.0121403 secs] [Times: user=0.13 sys=0.00, real=0.01 secs] 
2016-09-24T00:28:28.405-0400: 276.124: [GC (GCLocker Initiated GC) [PSYoungGen: 173822K->61526K(175104K)] 518286K->436445K(699392K), 0.0226326 secs] [Times: user=0.16 sys=0.00, real=0.02 secs] 
2016-09-24T00:28:28.555-0400: 276.273: [GC (GCLocker Initiated GC) [PSYoungGen: 149590K->43272K(175104K)] 530784K->424718K(699392K), 0.0132529 secs] [Times: user=0.10 sys=0.00, real=0.01 secs] 
2016-09-24T00:28:28.677-0400: 276.396: [GC (GCLocker Initiated GC) [PSYoungGen: 131336K->73380K(175104K)] 512982K->479584K(699392K), 0.0351739 secs] [Times: user=0.39 sys=0.00, real=0.03 secs] 
2016-09-24T00:28:28.842-0400: 276.560: [GC (GCLocker Initiated GC) [PSYoungGen: 161444K->79815K(175104K)] 573900K->528833K(699392K), 0.0109749 secs] [Times: user=0.11 sys=0.00, real=0.01 secs] 
2016-09-24T00:28:28.948-0400: 276.666: [GC (GCLocker Initiated GC) [PSYoungGen: 167879K->79779K(175104K)] 617001K->602288K(699392K), 0.0128755 secs] [Times: user=0.17 sys=0.01, real=0.01 secs] 
2016-09-24T00:28:28.961-0400: 276.679: [Full GC (Ergonomics) [PSYoungGen: 79779K->0K(175104K)] [ParOldGen: 522509K->60247K(524288K)] 602288K->60247K(699392K), [Metaspace: 44610K->44610K(1087488K)], 0.0645077 secs] [Times: user=0.46 sys=0.01, real=0.07 secs] 
2016-09-24T00:28:29.120-0400: 276.838: [GC (GCLocker Initiated GC) [PSYoungGen: 88064K->86498K(175104K)] 148365K->183249K(699392K), 0.0093948 secs] [Times: user=0.14 sys=0.01, real=0.01 secs] 
2016-09-24T00:28:29.215-0400: 276.933: [GC (GCLocker Initiated GC) [PSYoungGen: 174562K->79911K(175104K)] 271674K->245020K(699392K), 0.0114425 secs] [Times: user=0.17 sys=0.01, real=0.01 secs] 
2016-09-24T00:28:29.325-0400: 277.043: [GC (GCLocker Initiated GC) [PSYoungGen: 167975K->85822K(175104K)] 333132K->305946K(699392K), 0.0108916 secs] [Times: user=0.15 sys=0.00, real=0.01 secs] 
2016-09-24T00:28:29.481-0400: 277.199: [GC (GCLocker Initiated GC) [PSYoungGen: 173886K->55775K(175104K)] 406431K->343155K(699392K), 0.0112425 secs] [Times: user=0.13 sys=0.01, real=0.01 secs] 
2016-09-24T00:28:29.623-0400: 277.342: [GC (GCLocker Initiated GC) [PSYoungGen: 143839K->79555K(175104K)] 431267K->367242K(699392K), 0.0096008 secs] [Times: user=0.09 sys=0.00, real=0.00 secs] 
2016-09-24T00:28:29.734-0400: 277.453: [GC (GCLocker Initiated GC) [PSYoungGen: 167619K->61430K(175104K)] 455393K->391833K(699392K), 0.0307727 secs] [Times: user=0.28 sys=0.01, real=0.03 secs] 
2016-09-24T00:28:29.882-0400: 277.600: [GC (Allocation Failure) [PSYoungGen: 149494K->67893K(175104K)] 480218K->471865K(699392K), 0.0117282 secs] [Times: user=0.15 sys=0.01, real=0.00 secs] 
2016-09-24T00:28:30.008-0400: 277.727: [GC (GCLocker Initiated GC) [PSYoungGen: 155957K->73608K(175104K)] 559934K->514491K(699392K), 0.0110092 secs] [Times: user=0.12 sys=0.00, real=0.01 secs] 
2016-09-24T00:28:30.020-0400: 277.738: [Full GC (Ergonomics) [PSYoungGen: 73608K->0K(175104K)] [ParOldGen: 440883K->48407K(524288K)] 514491K->48407K(699392K), [Metaspace: 44610K->44610K(1087488K)], 0.0688855 secs] [Times: user=0.44 sys=0.02, real=0.07 secs] 
2016-09-24T00:28:30.199-0400: 277.917: [GC (GCLocker Initiated GC) [PSYoungGen: 88064K->86406K(175104K)] 136832K->159474K(699392K), 0.0122031 secs] [Times: user=0.15 sys=0.01, real=0.01 secs] 
2016-09-24T00:28:30.318-0400: 278.036: [GC (GCLocker Initiated GC) [PSYoungGen: 174470K->73672K(175104K)] 247681K->244622K(699392K), 0.0201604 secs] [Times: user=0.23 sys=0.01, real=0.02 secs] 
2016-09-24T00:28:30.443-0400: 278.162: [GC (GCLocker Initiated GC) [PSYoungGen: 161736K->67569K(175104K)] 332762K->269105K(699392K), 0.0239413 secs] [Times: user=0.24 sys=0.01, real=0.02 secs] 
2016-09-24T00:28:30.603-0400: 278.322: [GC (GCLocker Initiated GC) [PSYoungGen: 155633K->85626K(175104K)] 363304K->330359K(699392K), 0.0368409 secs] [Times: user=0.43 sys=0.00, real=0.03 secs] 
2016-09-24T00:28:30.749-0400: 278.467: [GC (GCLocker Initiated GC) [PSYoungGen: 173690K->73676K(175104K)] 418477K->373257K(699392K), 0.0148021 secs] [Times: user=0.14 sys=0.00, real=0.02 secs] 
2016-09-24T00:28:30.880-0400: 278.598: [GC (GCLocker Initiated GC) [PSYoungGen: 161740K->73544K(175104K)] 467443K->464565K(699392K), 0.0154720 secs] [Times: user=0.13 sys=0.00, real=0.02 secs] 
2016-09-24T00:28:31.017-0400: 278.736: [GC (GCLocker Initiated GC) [PSYoungGen: 161608K->73640K(175104K)] 553183K->507859K(699392K), 0.0177034 secs] [Times: user=0.18 sys=0.00, real=0.02 secs] 
2016-09-24T00:28:31.035-0400: 278.754: [Full GC (Ergonomics) [PSYoungGen: 73640K->0K(175104K)] [ParOldGen: 434219K->48272K(524288K)] 507859K->48272K(699392K), [Metaspace: 44610K->44610K(1087488K)], 0.0692982 secs] [Times: user=0.40 sys=0.02, real=0.07 secs] 
2016-09-24T00:28:31.220-0400: 278.939: [GC (GCLocker Initiated GC) [PSYoungGen: 88064K->85886K(175104K)] 136406K->146378K(699392K), 0.0133019 secs] [Times: user=0.08 sys=0.00, real=0.01 secs] 
2016-09-24T00:28:31.355-0400: 279.073: [GC (GCLocker Initiated GC) [PSYoungGen: 173950K->36994K(175104K)] 240520K->158778K(699392K), 0.0325912 secs] [Times: user=0.33 sys=0.01, real=0.03 secs] 
2016-09-24T00:28:31.506-0400: 279.225: [GC (GCLocker Initiated GC) [PSYoungGen: 125058K->67601K(175104K)] 253088K->195735K(699392K), 0.0257782 secs] [Times: user=0.25 sys=0.00, real=0.02 secs] 
2016-09-24T00:28:31.652-0400: 279.370: [GC (Allocation Failure) [PSYoungGen: 155665K->67369K(175104K)] 283964K->244583K(699392K), 0.0154832 secs] [Times: user=0.18 sys=0.00, real=0.02 secs] 
2016-09-24T00:28:31.802-0400: 279.520: [GC (GCLocker Initiated GC) [PSYoungGen: 153525K->73640K(175104K)] 336815K->287448K(699392K), 0.0119955 secs] [Times: user=0.15 sys=0.00, real=0.01 secs] 
2016-09-24T00:28:31.931-0400: 279.649: [GC (GCLocker Initiated GC) [PSYoungGen: 161704K->61362K(175104K)] 381942K->300101K(699392K), 0.0123376 secs] [Times: user=0.10 sys=0.00, real=0.02 secs] 
2016-09-24T00:28:32.076-0400: 279.794: [GC (GCLocker Initiated GC) [PSYoungGen: 149425K->49472K(175104K)] 388525K->325297K(699392K), 0.0152034 secs] [Times: user=0.15 sys=0.00, real=0.01 secs] 
2016-09-24T00:28:32.217-0400: 279.935: [GC (GCLocker Initiated GC) [PSYoungGen: 137536K->79523K(175104K)] 419529K->380016K(699392K), 0.0115862 secs] [Times: user=0.12 sys=0.00, real=0.01 secs] 
2016-09-24T00:28:32.333-0400: 280.051: [GC (GCLocker Initiated GC) [PSYoungGen: 167587K->61426K(175104K)] 468133K->398550K(699392K), 0.0179044 secs] [Times: user=0.19 sys=0.00, real=0.02 secs] 
2016-09-24T00:28:32.473-0400: 280.191: [GC (GCLocker Initiated GC) [PSYoungGen: 149490K->67665K(175104K)] 492904K->447844K(699392K), 0.0164270 secs] [Times: user=0.18 sys=0.00, real=0.02 secs] 
2016-09-24T00:28:32.623-0400: 280.342: [GC (GCLocker Initiated GC) [PSYoungGen: 155729K->73708K(175104K)] 536275K->472919K(699392K), 0.0187591 secs] [Times: user=0.19 sys=0.00, real=0.02 secs] 
2016-09-24T00:28:32.778-0400: 280.496: [GC (GCLocker Initiated GC) [PSYoungGen: 161772K->49148K(175104K)] 567212K->472924K(699392K), 0.0102966 secs] [Times: user=0.08 sys=0.01, real=0.01 secs] 
2016-09-24T00:28:32.923-0400: 280.641: [GC (Allocation Failure) [PSYoungGen: 137212K->37130K(175104K)] 573461K->473442K(699392K), 0.0168832 secs] [Times: user=0.15 sys=0.00, real=0.01 secs] 
2016-09-24T00:28:32.940-0400: 280.659: [GC (GCLocker Initiated GC) [PSYoungGen: 37541K->96K(175104K)] 473853K->473580K(699392K), 0.0064824 secs] [Times: user=0.08 sys=0.00, real=0.01 secs] 
2016-09-24T00:28:32.947-0400: 280.665: [Full GC (Ergonomics) [PSYoungGen: 96K->0K(175104K)] [ParOldGen: 473484K->54167K(524288K)] 473580K->54167K(699392K), [Metaspace: 44610K->44610K(1087488K)], 0.0662904 secs] [Times: user=0.48 sys=0.01, real=0.06 secs] 
2016-09-24T00:28:33.122-0400: 280.840: [GC (GCLocker Initiated GC) [PSYoungGen: 86651K->67437K(175104K)] 146893K->127679K(699392K), 0.0302616 secs] [Times: user=0.37 sys=0.00, real=0.03 secs] 
2016-09-24T00:28:33.260-0400: 280.978: [GC (GCLocker Initiated GC) [PSYoungGen: 155501K->79911K(175104K)] 215936K->231795K(699392K), 0.0188728 secs] [Times: user=0.27 sys=0.00, real=0.02 secs] 
2016-09-24T00:28:33.398-0400: 281.116: [GC (GCLocker Initiated GC) [PSYoungGen: 167975K->73968K(175104K)] 319923K->281062K(699392K), 0.0132046 secs] [Times: user=0.16 sys=0.02, real=0.01 secs] 
2016-09-24T00:28:33.512-0400: 281.231: [GC (Allocation Failure) [PSYoungGen: 162032K->79683K(175104K)] 369236K->323604K(699392K), 0.0274781 secs] [Times: user=0.29 sys=0.01, real=0.03 secs] 
2016-09-24T00:28:33.661-0400: 281.379: [GC (GCLocker Initiated GC) [PSYoungGen: 167747K->73704K(175104K)] 411674K->354248K(699392K), 0.0311503 secs] [Times: user=0.39 sys=0.00, real=0.03 secs] 
2016-09-24T00:28:33.816-0400: 281.534: [GC (GCLocker Initiated GC) [PSYoungGen: 161768K->61366K(175104K)] 448558K->366641K(699392K), 0.0115955 secs] [Times: user=0.12 sys=0.01, real=0.01 secs] 
2016-09-24T00:28:33.927-0400: 281.645: [GC (GCLocker Initiated GC) [PSYoungGen: 149430K->85790K(175104K)] 454909K->421944K(699392K), 0.0099066 secs] [Times: user=0.14 sys=0.00, real=0.01 secs] 
2016-09-24T00:28:34.088-0400: 281.806: [GC (GCLocker Initiated GC) [PSYoungGen: 173854K->79847K(175104K)] 516242K->458984K(699392K), 0.0110437 secs] [Times: user=0.13 sys=0.00, real=0.01 secs] 
2016-09-24T00:28:34.210-0400: 281.928: [GC (Allocation Failure) [PSYoungGen: 167911K->85854K(175104K)] 547107K->520008K(699392K), 0.0129095 secs] [Times: user=0.17 sys=0.00, real=0.02 secs] 
2016-09-24T00:28:34.223-0400: 281.941: [GC (GCLocker Initiated GC) [PSYoungGen: 86120K->160K(175104K)] 520275K->519750K(699392K), 0.0086228 secs] [Times: user=0.11 sys=0.01, real=0.00 secs] 
2016-09-24T00:28:34.232-0400: 281.950: [Full GC (Ergonomics) [PSYoungGen: 160K->0K(175104K)] [ParOldGen: 519590K->54193K(524288K)] 519750K->54193K(699392K), [Metaspace: 44610K->44610K(1087488K)], 0.0651301 secs] [Times: user=0.46 sys=0.02, real=0.07 secs] 
2016-09-24T00:28:34.417-0400: 282.135: [GC (GCLocker Initiated GC) [PSYoungGen: 88064K->86178K(175104K)] 142261K->152525K(699392K), 0.0146132 secs] [Times: user=0.15 sys=0.00, real=0.01 secs] 
2016-09-24T00:28:34.536-0400: 282.254: [GC (Allocation Failure) [PSYoungGen: 174242K->49244K(175104K)] 246919K->189457K(699392K), 0.0177092 secs] [Times: user=0.19 sys=0.00, real=0.01 secs] 
2016-09-24T00:28:34.666-0400: 282.384: [GC (GCLocker Initiated GC) [PSYoungGen: 137308K->85954K(175104K)] 283597K->256686K(699392K), 0.0188056 secs] [Times: user=0.21 sys=0.00, real=0.02 secs] 
2016-09-24T00:28:34.824-0400: 282.542: [GC (GCLocker Initiated GC) [PSYoungGen: 174018K->55351K(175104K)] 350929K->269143K(699392K), 0.0147827 secs] [Times: user=0.15 sys=0.00, real=0.01 secs] 
2016-09-24T00:28:34.955-0400: 282.674: [GC (Allocation Failure) [PSYoungGen: 143415K->73512K(175104K)] 357278K->324124K(699392K), 0.0159991 secs] [Times: user=0.16 sys=0.00, real=0.01 secs] 
2016-09-24T00:28:35.098-0400: 282.816: [GC (GCLocker Initiated GC) [PSYoungGen: 156666K->55451K(175104K)] 413354K->367105K(699392K), 0.0152397 secs] [Times: user=0.16 sys=0.00, real=0.01 secs] 
2016-09-24T00:28:35.262-0400: 282.980: [GC (GCLocker Initiated GC) [PSYoungGen: 143515K->61330K(175104K)] 455199K->391515K(699392K), 0.0295929 secs] [Times: user=0.26 sys=0.01, real=0.03 secs] 
2016-09-24T00:28:35.421-0400: 283.139: [GC (GCLocker Initiated GC) [PSYoungGen: 149394K->49212K(175104K)] 479644K->428174K(699392K), 0.0159294 secs] [Times: user=0.17 sys=0.00, real=0.02 secs] 
2016-09-24T00:28:35.533-0400: 283.251: [GC (GCLocker Initiated GC) [PSYoungGen: 137276K->86018K(175104K)] 516605K->532324K(699392K), 0.0145901 secs] [Times: user=0.16 sys=0.01, real=0.02 secs] 
2016-09-24T00:28:35.548-0400: 283.266: [Full GC (Ergonomics) [PSYoungGen: 86018K->0K(175104K)] [ParOldGen: 446306K->60638K(524288K)] 532324K->60638K(699392K), [Metaspace: 44610K->44610K(1087488K)], 0.0640560 secs] [Times: user=0.50 sys=0.01, real=0.06 secs] 
2016-09-24T00:28:35.720-0400: 283.438: [GC (GCLocker Initiated GC) [PSYoungGen: 88064K->86474K(175104K)] 148750K->177535K(699392K), 0.0161791 secs] [Times: user=0.21 sys=0.00, real=0.02 secs] 
2016-09-24T00:28:35.842-0400: 283.560: [GC (GCLocker Initiated GC) [PSYoungGen: 174538K->61394K(175104K)] 272007K->214226K(699392K), 0.0206768 secs] [Times: user=0.22 sys=0.01, real=0.02 secs] 
2016-09-24T00:28:36.000-0400: 283.718: [GC (Allocation Failure) [PSYoungGen: 149458K->37162K(175104K)] 314514K->202478K(699392K), 0.0145256 secs] [Times: user=0.14 sys=0.00, real=0.02 secs] 
2016-09-24T00:28:36.141-0400: 283.859: [GC (GCLocker Initiated GC) [PSYoungGen: 119708K->55319K(175104K)] 291100K->245382K(699392K), 0.0098710 secs] [Times: user=0.10 sys=0.00, real=0.01 secs] 
2016-09-24T00:28:36.274-0400: 283.992: [GC (GCLocker Initiated GC) [PSYoungGen: 143383K->61490K(175104K)] 333624K->270068K(699392K), 0.0306780 secs] [Times: user=0.31 sys=0.00, real=0.04 secs] 
2016-09-24T00:28:36.423-0400: 284.141: [GC (GCLocker Initiated GC) [PSYoungGen: 149554K->79815K(175104K)] 364260K->331286K(699392K), 0.0122643 secs] [Times: user=0.12 sys=0.00, real=0.01 secs] 
2016-09-24T00:28:36.541-0400: 284.259: [GC (GCLocker Initiated GC) [PSYoungGen: 167879K->43137K(175104K)] 425540K->356093K(699392K), 0.0102260 secs] [Times: user=0.09 sys=0.01, real=0.01 secs] 
2016-09-24T00:28:36.668-0400: 284.386: [GC (GCLocker Initiated GC) [PSYoungGen: 131201K->86018K(175104K)] 444221K->447962K(699392K), 0.0105546 secs] [Times: user=0.16 sys=0.00, real=0.01 secs] 
2016-09-24T00:28:36.821-0400: 284.540: [GC (GCLocker Initiated GC) [PSYoungGen: 174082K->67501K(175104K)] 542333K->490882K(699392K), 0.0230191 secs] [Times: user=0.28 sys=0.00, real=0.03 secs] 
2016-09-24T00:28:36.954-0400: 284.672: [GC (GCLocker Initiated GC) [PSYoungGen: 155565K->67405K(175104K)] 579060K->515468K(699392K), 0.0194573 secs] [Times: user=0.19 sys=0.00, real=0.02 secs] 
2016-09-24T00:28:36.973-0400: 284.691: [Full GC (Ergonomics) [PSYoungGen: 67405K->0K(175104K)] [ParOldGen: 448062K->54461K(524288K)] 515468K->54461K(699392K), [Metaspace: 44610K->44610K(1087488K)], 0.0637682 secs] [Times: user=0.37 sys=0.01, real=0.07 secs] 
2016-09-24T00:28:37.157-0400: 284.875: [GC (Allocation Failure) [PSYoungGen: 88064K->80071K(175104K)] 142774K->134781K(699392K), 0.0077910 secs] [Times: user=0.08 sys=0.00, real=0.01 secs] 
2016-09-24T00:28:37.285-0400: 285.003: [GC (GCLocker Initiated GC) [PSYoungGen: 168135K->61394K(175104K)] 222850K->147008K(699392K), 0.0343553 secs] [Times: user=0.33 sys=0.00, real=0.03 secs] 
2016-09-24T00:28:37.446-0400: 285.165: [GC (GCLocker Initiated GC) [PSYoungGen: 149458K->43105K(175104K)] 241155K->153286K(699392K), 0.0174272 secs] [Times: user=0.17 sys=0.00, real=0.02 secs] 
2016-09-24T00:28:37.580-0400: 285.298: [GC (GCLocker Initiated GC) [PSYoungGen: 131169K->74000K(175104K)] 241615K->196912K(699392K), 0.0117263 secs] [Times: user=0.13 sys=0.00, real=0.01 secs] 
2016-09-24T00:28:37.718-0400: 285.436: [GC (GCLocker Initiated GC) [PSYoungGen: 162064K->73936K(175104K)] 291216K->227524K(699392K), 0.0104177 secs] [Times: user=0.09 sys=0.01, real=0.01 secs] 
2016-09-24T00:28:37.865-0400: 285.584: [GC (Allocation Failure) [PSYoungGen: 162000K->30695K(175104K)] 321743K->233371K(699392K), 0.0344138 secs] [Times: user=0.34 sys=0.01, real=0.03 secs] 
2016-09-24T00:28:38.050-0400: 285.768: [GC (GCLocker Initiated GC) [PSYoungGen: 116661K->55319K(175104K)] 325412K->264189K(699392K), 0.0229511 secs] [Times: user=0.21 sys=0.01, real=0.02 secs] 
2016-09-24T00:28:38.213-0400: 285.932: [GC (GCLocker Initiated GC) [PSYoungGen: 143383K->55451K(175104K)] 358487K->270831K(699392K), 0.0152906 secs] [Times: user=0.17 sys=0.00, real=0.02 secs] 
2016-09-24T00:28:38.329-0400: 286.047: [GC (GCLocker Initiated GC) [PSYoungGen: 143515K->85662K(175104K)] 365168K->325832K(699392K), 0.0146693 secs] [Times: user=0.19 sys=0.00, real=0.02 secs] 
2016-09-24T00:28:38.456-0400: 286.174: [GC (GCLocker Initiated GC) [PSYoungGen: 173726K->67469K(175104K)] 414033K->350445K(699392K), 0.0119604 secs] [Times: user=0.12 sys=0.00, real=0.01 secs] 
2016-09-24T00:28:38.609-0400: 286.327: [GC (GCLocker Initiated GC) [PSYoungGen: 155533K->42877K(175104K)] 438668K->374888K(699392K), 0.0229685 secs] [Times: user=0.23 sys=0.00, real=0.02 secs] 
2016-09-24T00:28:38.753-0400: 286.471: [GC (GCLocker Initiated GC) [PSYoungGen: 130941K->85562K(175104K)] 463033K->435999K(699392K), 0.0166905 secs] [Times: user=0.17 sys=0.01, real=0.02 secs] 
2016-09-24T00:28:38.877-0400: 286.595: [GC (GCLocker Initiated GC) [PSYoungGen: 173626K->86150K(175104K)] 524093K->497519K(699392K), 0.0308660 secs] [Times: user=0.40 sys=0.00, real=0.03 secs] 
2016-09-24T00:28:39.015-0400: 286.733: [GC (GCLocker Initiated GC) [PSYoungGen: 174214K->67729K(175104K)] 585944K->528366K(699392K), 0.0117643 secs] [Times: user=0.14 sys=0.00, real=0.01 secs] 
2016-09-24T00:28:39.027-0400: 286.745: [Full GC (Ergonomics) [PSYoungGen: 67729K->0K(175104K)] [ParOldGen: 460637K->55093K(524288K)] 528366K->55093K(699392K), [Metaspace: 44610K->44610K(1087488K)], 0.0739251 secs] [Times: user=0.49 sys=0.02, real=0.07 secs] 
2016-09-24T00:28:39.203-0400: 286.921: [GC (GCLocker Initiated GC) [PSYoungGen: 88064K->85986K(175104K)] 143400K->153472K(699392K), 0.0134076 secs] [Times: user=0.15 sys=0.00, real=0.01 secs] 
2016-09-24T00:28:39.323-0400: 287.041: [GC (GCLocker Initiated GC) [PSYoungGen: 174050K->61330K(175104K)] 241606K->177762K(699392K), 0.0149925 secs] [Times: user=0.11 sys=0.00, real=0.01 secs] 
2016-09-24T00:28:39.443-0400: 287.162: [GC (GCLocker Initiated GC) [PSYoungGen: 149394K->73608K(175104K)] 266187K->281998K(699392K), 0.0162099 secs] [Times: user=0.16 sys=0.01, real=0.01 secs] 
2016-09-24T00:28:39.572-0400: 287.291: [GC (GCLocker Initiated GC) [PSYoungGen: 161672K->61426K(175104K)] 370428K->325141K(699392K), 0.0269439 secs] [Times: user=0.30 sys=0.00, real=0.03 secs] 
2016-09-24T00:28:39.715-0400: 287.433: [GC (GCLocker Initiated GC) [PSYoungGen: 149490K->55355K(175104K)] 413212K->349548K(699392K), 0.0230635 secs] [Times: user=0.22 sys=0.01, real=0.02 secs] 
2016-09-24T00:28:39.856-0400: 287.574: [GC (GCLocker Initiated GC) [PSYoungGen: 143419K->73640K(175104K)] 437810K->404797K(699392K), 0.0146600 secs] [Times: user=0.18 sys=0.00, real=0.01 secs] 
2016-09-24T00:28:40.002-0400: 287.720: [GC (GCLocker Initiated GC) [PSYoungGen: 161704K->85886K(175104K)] 492937K->466011K(699392K), 0.0118084 secs] [Times: user=0.14 sys=0.01, real=0.00 secs] 
2016-09-24T00:28:40.137-0400: 287.856: [GC (GCLocker Initiated GC) [PSYoungGen: 173950K->67665K(175104K)] 554219K->496685K(699392K), 0.0227660 secs] [Times: user=0.27 sys=0.01, real=0.02 secs] 
2016-09-24T00:28:40.307-0400: 288.026: [GC (GCLocker Initiated GC) [PSYoungGen: 155729K->79519K(175104K)] 584791K->557661K(699392K), 0.0112989 secs] [Times: user=0.12 sys=0.00, real=0.01 secs] 
2016-09-24T00:28:40.319-0400: 288.037: [Full GC (Ergonomics) [PSYoungGen: 79519K->0K(175104K)] [ParOldGen: 478142K->48641K(524288K)] 557661K->48641K(699392K), [Metaspace: 44610K->44610K(1087488K)], 0.0657130 secs] [Times: user=0.48 sys=0.02, real=0.07 secs] 
2016-09-24T00:28:40.493-0400: 288.211: [GC (GCLocker Initiated GC) [PSYoungGen: 88064K->86078K(175104K)] 142866K->171255K(699392K), 0.0128767 secs] [Times: user=0.15 sys=0.00, real=0.02 secs] 
2016-09-24T00:28:40.616-0400: 288.335: [GC (GCLocker Initiated GC) [PSYoungGen: 174142K->43397K(175104K)] 259501K->214369K(699392K), 0.0168298 secs] [Times: user=0.15 sys=0.01, real=0.01 secs] 
2016-09-24T00:28:40.742-0400: 288.460: [GC (GCLocker Initiated GC) [PSYoungGen: 131461K->61590K(175104K)] 302498K->299760K(699392K), 0.0121115 secs] [Times: user=0.14 sys=0.00, real=0.01 secs] 
2016-09-24T00:28:40.904-0400: 288.622: [GC (GCLocker Initiated GC) [PSYoungGen: 149654K->73708K(175104K)] 387944K->354791K(699392K), 0.0174448 secs] [Times: user=0.18 sys=0.00, real=0.01 secs] 
2016-09-24T00:28:41.056-0400: 288.775: [GC (GCLocker Initiated GC) [PSYoungGen: 161772K->86182K(175104K)] 443037K->392022K(699392K), 0.0119030 secs] [Times: user=0.15 sys=0.00, real=0.01 secs] 
2016-09-24T00:28:41.231-0400: 288.949: [GC (GCLocker Initiated GC) [PSYoungGen: 174246K->37062K(175104K)] 498656K->361895K(699392K), 0.0141284 secs] [Times: user=0.18 sys=0.00, real=0.02 secs] 
2016-09-24T00:28:41.373-0400: 289.091: [GC (Allocation Failure) [PSYoungGen: 125126K->55383K(175104K)] 450824K->381380K(699392K), 0.0216084 secs] [Times: user=0.24 sys=0.00, real=0.03 secs] 
2016-09-24T00:28:41.513-0400: 289.232: [GC (GCLocker Initiated GC) [PSYoungGen: 141553K->36738K(175104K)] 473625K->411415K(699392K), 0.0186165 secs] [Times: user=0.17 sys=0.00, real=0.02 secs] 
2016-09-24T00:28:41.671-0400: 289.389: [GC (GCLocker Initiated GC) [PSYoungGen: 124802K->85990K(175104K)] 505601K->473000K(699392K), 0.0151728 secs] [Times: user=0.20 sys=0.00, real=0.02 secs] 
2016-09-24T00:28:41.809-0400: 289.528: [GC (GCLocker Initiated GC) [PSYoungGen: 174054K->73576K(175104K)] 567237K->521921K(699392K), 0.0126772 secs] [Times: user=0.15 sys=0.00, real=0.02 secs] 
2016-09-24T00:28:41.822-0400: 289.540: [Full GC (Ergonomics) [PSYoungGen: 73576K->0K(175104K)] [ParOldGen: 448345K->60790K(524288K)] 521921K->60790K(699392K), [Metaspace: 44610K->44610K(1087488K)], 0.0630018 secs] [Times: user=0.42 sys=0.01, real=0.06 secs] 
2016-09-24T00:28:42.015-0400: 289.733: [GC (GCLocker Initiated GC) [PSYoungGen: 88064K->86606K(175104K)] 154988K->183905K(699392K), 0.0102210 secs] [Times: user=0.12 sys=0.00, real=0.01 secs] 
2016-09-24T00:28:42.159-0400: 289.877: [GC (GCLocker Initiated GC) [PSYoungGen: 174670K->49408K(175104K)] 278367K->214731K(699392K), 0.0099403 secs] [Times: user=0.10 sys=0.00, real=0.01 secs] 
2016-09-24T00:28:42.309-0400: 290.027: [GC (GCLocker Initiated GC) [PSYoungGen: 137472K->73412K(175104K)] 308912K->263197K(699392K), 0.0082503 secs] [Times: user=0.09 sys=0.00, real=0.01 secs] 
2016-09-24T00:28:42.448-0400: 290.166: [GC (GCLocker Initiated GC) [PSYoungGen: 161476K->61686K(175104K)] 357624K->312636K(699392K), 0.0201289 secs] [Times: user=0.28 sys=0.00, real=0.02 secs] 
2016-09-24T00:28:42.600-0400: 290.318: [GC (GCLocker Initiated GC) [PSYoungGen: 149750K->55479K(175104K)] 413150K->361727K(699392K), 0.0094515 secs] [Times: user=0.08 sys=0.03, real=0.01 secs] 
2016-09-24T00:28:42.704-0400: 290.422: [GC (GCLocker Initiated GC) [PSYoungGen: 143543K->61362K(175104K)] 450158K->392560K(699392K), 0.0195022 secs] [Times: user=0.16 sys=0.02, real=0.02 secs] 
2016-09-24T00:28:42.850-0400: 290.568: [GC (GCLocker Initiated GC) [PSYoungGen: 149426K->61430K(175104K)] 480688K->429566K(699392K), 0.0105041 secs] [Times: user=0.11 sys=0.01, real=0.01 secs] 
2016-09-24T00:28:42.951-0400: 290.669: [GC (GCLocker Initiated GC) [PSYoungGen: 149494K->86050K(175104K)] 517671K->460898K(699392K), 0.0197433 secs] [Times: user=0.25 sys=0.00, real=0.02 secs] 
2016-09-24T00:28:43.074-0400: 290.792: [GC (Allocation Failure) [PSYoungGen: 174114K->79779K(175104K)] 549116K->564470K(699392K), 0.0167773 secs] [Times: user=0.25 sys=0.01, real=0.02 secs] 
2016-09-24T00:28:43.091-0400: 290.809: [Full GC (Ergonomics) [PSYoungGen: 79779K->0K(175104K)] [ParOldGen: 484691K->55028K(524288K)] 564470K->55028K(699392K), [Metaspace: 44610K->44610K(1087488K)], 0.0563634 secs] [Times: user=0.35 sys=0.02, real=0.06 secs] 
2016-09-24T00:28:43.234-0400: 290.952: [GC (GCLocker Initiated GC) [PSYoungGen: 88064K->85982K(175104K)] 143097K->147090K(699392K), 0.0175193 secs] [Times: user=0.19 sys=0.00, real=0.01 secs] 
2016-09-24T00:28:43.358-0400: 291.076: [GC (Allocation Failure) [PSYoungGen: 174046K->80107K(175104K)] 235270K->208736K(699392K), 0.0120738 secs] [Times: user=0.16 sys=0.02, real=0.01 secs] 
2016-09-24T00:28:43.370-0400: 291.088: [GC (GCLocker Initiated GC) [PSYoungGen: 80120K->96K(175104K)] 208749K->214326K(699392K), 0.0100952 secs] [Times: user=0.05 sys=0.01, real=0.01 secs] 
2016-09-24T00:28:43.476-0400: 291.194: [GC (GCLocker Initiated GC) [PSYoungGen: 88160K->86274K(175104K)] 302396K->300510K(699392K), 0.0109880 secs] [Times: user=0.09 sys=0.00, real=0.01 secs] 
2016-09-24T00:28:43.595-0400: 291.313: [GC (GCLocker Initiated GC) [PSYoungGen: 174338K->67373K(175104K)] 394787K->319125K(699392K), 0.0093113 secs] [Times: user=0.07 sys=0.00, real=0.01 secs] 
2016-09-24T00:28:43.703-0400: 291.421: [GC (GCLocker Initiated GC) [PSYoungGen: 155437K->67565K(175104K)] 407360K->356065K(699392K), 0.0102024 secs] [Times: user=0.10 sys=0.00, real=0.00 secs] 
2016-09-24T00:28:43.823-0400: 291.541: [GC (GCLocker Initiated GC) [PSYoungGen: 155629K->85858K(175104K)] 444244K->405131K(699392K), 0.0119722 secs] [Times: user=0.12 sys=0.00, real=0.01 secs] 
2016-09-24T00:28:43.959-0400: 291.677: [GC (Allocation Failure) [PSYoungGen: 173922K->85562K(175104K)] 499424K->454037K(699392K), 0.0178835 secs] [Times: user=0.21 sys=0.01, real=0.02 secs] 
2016-09-24T00:28:44.081-0400: 291.800: [GC (GCLocker Initiated GC) [PSYoungGen: 173626K->85790K(175104K)] 542107K->509097K(699392K), 0.0128457 secs] [Times: user=0.20 sys=0.00, real=0.02 secs] 
2016-09-24T00:28:44.236-0400: 291.954: [GC (Allocation Failure) [PSYoungGen: 173854K->85790K(175104K)] 597326K->539921K(699392K), 0.0193599 secs] [Times: user=0.19 sys=0.00, real=0.02 secs] 
2016-09-24T00:28:44.255-0400: 291.974: [Full GC (Ergonomics) [PSYoungGen: 85790K->0K(175104K)] [ParOldGen: 454131K->48634K(524288K)] 539921K->48634K(699392K), [Metaspace: 44610K->44610K(1087488K)], 0.0500363 secs] [Times: user=0.37 sys=0.01, real=0.05 secs] 
2016-09-24T00:28:44.402-0400: 292.120: [GC (GCLocker Initiated GC) [PSYoungGen: 84147K->86210K(175104K)] 138857K->159144K(699392K), 0.0152328 secs] [Times: user=0.18 sys=0.01, real=0.02 secs] 
2016-09-24T00:28:44.522-0400: 292.241: [GC (Allocation Failure) [PSYoungGen: 174274K->49408K(175104K)] 247541K->183973K(699392K), 0.0282554 secs] [Times: user=0.26 sys=0.01, real=0.02 secs] 
2016-09-24T00:28:44.660-0400: 292.378: [GC (GCLocker Initiated GC) [PSYoungGen: 137472K->73772K(175104K)] 278112K->251177K(699392K), 0.0099214 secs] [Times: user=0.13 sys=0.00, real=0.01 secs] 
2016-09-24T00:28:44.811-0400: 292.529: [GC (GCLocker Initiated GC) [PSYoungGen: 161836K->43169K(175104K)] 351747K->251581K(699392K), 0.0230486 secs] [Times: user=0.27 sys=0.00, real=0.03 secs] 
2016-09-24T00:28:44.931-0400: 292.649: [GC (GCLocker Initiated GC) [PSYoungGen: 131233K->61654K(175104K)] 345918K->300939K(699392K), 0.0126885 secs] [Times: user=0.14 sys=0.00, real=0.02 secs] 
2016-09-24T00:28:45.059-0400: 292.777: [GC (Allocation Failure) [PSYoungGen: 149718K->42877K(175104K)] 389078K->312879K(699392K), 0.0211329 secs] [Times: user=0.21 sys=0.00, real=0.02 secs] 
2016-09-24T00:28:45.202-0400: 292.920: [GC (GCLocker Initiated GC) [PSYoungGen: 125278K->49248K(175104K)] 401356K->349713K(699392K), 0.0142780 secs] [Times: user=0.10 sys=0.01, real=0.02 secs] 
2016-09-24T00:28:45.338-0400: 293.056: [GC (Allocation Failure) [PSYoungGen: 137312K->49276K(175104K)] 437992K->362537K(699392K), 0.0092216 secs] [Times: user=0.08 sys=0.00, real=0.01 secs] 
2016-09-24T00:28:45.464-0400: 293.182: [GC (GCLocker Initiated GC) [PSYoungGen: 137340K->67597K(175104K)] 450607K->429592K(699392K), 0.0107678 secs] [Times: user=0.09 sys=0.00, real=0.01 secs] 
2016-09-24T00:28:45.597-0400: 293.316: [GC (Allocation Failure) [PSYoungGen: 155661K->73640K(175104K)] 517927K->454438K(699392K), 0.0177860 secs] [Times: user=0.24 sys=0.02, real=0.02 secs] 
2016-09-24T00:28:45.745-0400: 293.463: [GC (GCLocker Initiated GC) [PSYoungGen: 161704K->36998K(175104K)] 542508K->442346K(699392K), 0.0149722 secs] [Times: user=0.14 sys=0.00, real=0.01 secs] 
2016-09-24T00:28:45.893-0400: 293.611: [GC (Allocation Failure) [PSYoungGen: 125062K->55387K(175104K)] 542904K->473324K(699392K), 0.0300747 secs] [Times: user=0.29 sys=0.00, real=0.04 secs] 
2016-09-24T00:28:46.045-0400: 293.763: [GC (GCLocker Initiated GC) [PSYoungGen: 137567K->55351K(175104K)] 561579K->498051K(699392K), 0.0108601 secs] [Times: user=0.13 sys=0.00, real=0.01 secs] 
2016-09-24T00:28:46.192-0400: 293.911: [GC (GCLocker Initiated GC) [PSYoungGen: 143415K->55319K(175104K)] 586156K->516405K(699392K), 0.0188823 secs] [Times: user=0.23 sys=0.00, real=0.02 secs] 
2016-09-24T00:28:46.211-0400: 293.930: [Full GC (Ergonomics) [PSYoungGen: 55319K->0K(175104K)] [ParOldGen: 461086K->48885K(524288K)] 516405K->48885K(699392K), [Metaspace: 44610K->44610K(1087488K)], 0.0611646 secs] [Times: user=0.42 sys=0.01, real=0.06 secs] 
2016-09-24T00:28:46.375-0400: 294.093: [GC (GCLocker Initiated GC) [PSYoungGen: 88064K->86406K(175104K)] 137153K->147645K(699392K), 0.0078964 secs] [Times: user=0.07 sys=0.00, real=0.01 secs] 
2016-09-24T00:28:46.476-0400: 294.194: [GC (GCLocker Initiated GC) [PSYoungGen: 174470K->79911K(175104K)] 236070K->178884K(699392K), 0.0154963 secs] [Times: user=0.17 sys=0.01, real=0.01 secs] 
2016-09-24T00:28:46.575-0400: 294.294: [GC (GCLocker Initiated GC) [PSYoungGen: 167975K->55283K(175104K)] 267024K->252028K(699392K), 0.0181946 secs] [Times: user=0.21 sys=0.00, real=0.01 secs] 
2016-09-24T00:28:46.681-0400: 294.399: [GC (GCLocker Initiated GC) [PSYoungGen: 143347K->74100K(175104K)] 346271K->319676K(699392K), 0.0118326 secs] [Times: user=0.12 sys=0.00, real=0.01 secs] 
2016-09-24T00:28:46.784-0400: 294.502: [GC (GCLocker Initiated GC) [PSYoungGen: 162164K->61362K(175104K)] 407856K->374522K(699392K), 0.0097760 secs] [Times: user=0.10 sys=0.00, real=0.00 secs] 
2016-09-24T00:28:46.898-0400: 294.616: [GC (GCLocker Initiated GC) [PSYoungGen: 149426K->61526K(175104K)] 462785K->441814K(699392K), 0.0214446 secs] [Times: user=0.20 sys=0.00, real=0.02 secs] 
2016-09-24T00:28:47.051-0400: 294.769: [GC (GCLocker Initiated GC) [PSYoungGen: 149590K->55383K(175104K)] 536213K->490890K(699392K), 0.0088595 secs] [Times: user=0.10 sys=0.00, real=0.01 secs] 
2016-09-24T00:28:47.060-0400: 294.778: [Full GC (Ergonomics) [PSYoungGen: 55383K->0K(175104K)] [ParOldGen: 435507K->48672K(524288K)] 490890K->48672K(699392K), [Metaspace: 44610K->44610K(1087488K)], 0.0482361 secs] [Times: user=0.34 sys=0.00, real=0.05 secs] 
2016-09-24T00:28:47.225-0400: 294.943: [GC (GCLocker Initiated GC) [PSYoungGen: 88064K->86046K(175104K)] 136856K->146989K(699392K), 0.0090646 secs] [Times: user=0.11 sys=0.01, real=0.01 secs] 
2016-09-24T00:28:47.351-0400: 295.069: [GC (GCLocker Initiated GC) [PSYoungGen: 174110K->61362K(175104K)] 235369K->183934K(699392K), 0.0159134 secs] [Times: user=0.20 sys=0.00, real=0.02 secs] 
2016-09-24T00:28:47.495-0400: 295.213: [GC (GCLocker Initiated GC) [PSYoungGen: 149426K->73444K(175104K)] 272331K->214874K(699392K), 0.0110218 secs] [Times: user=0.17 sys=0.00, real=0.01 secs] 
2016-09-24T00:28:47.628-0400: 295.347: [GC (GCLocker Initiated GC) [PSYoungGen: 161508K->85854K(175104K)] 303378K->264326K(699392K), 0.0129088 secs] [Times: user=0.20 sys=0.00, real=0.01 secs] 
2016-09-24T00:28:47.744-0400: 295.462: [GC (Allocation Failure) [PSYoungGen: 173918K->55579K(175104K)] 352599K->270822K(699392K), 0.0107780 secs] [Times: user=0.16 sys=0.00, real=0.01 secs] 
2016-09-24T00:28:47.874-0400: 295.593: [GC (GCLocker Initiated GC) [PSYoungGen: 143417K->55775K(175104K)] 364736K->295641K(699392K), 0.0099624 secs] [Times: user=0.16 sys=0.00, real=0.01 secs] 
2016-09-24T00:28:47.995-0400: 295.714: [GC (GCLocker Initiated GC) [PSYoungGen: 143839K->74064K(175104K)] 384067K->314444K(699392K), 0.0108105 secs] [Times: user=0.16 sys=0.00, real=0.01 secs] 
2016-09-24T00:28:48.157-0400: 295.876: [GC (GCLocker Initiated GC) [PSYoungGen: 162128K->55974K(175104K)] 408753K->333127K(699392K), 0.0126690 secs] [Times: user=0.18 sys=0.00, real=0.01 secs] 
2016-09-24T00:28:48.357-0400: 296.075: [GC (GCLocker Initiated GC) [PSYoungGen: 144038K->55483K(175104K)] 421389K->333444K(699392K), 0.0085295 secs] [Times: user=0.08 sys=0.00, real=0.01 secs] 
2016-09-24T00:28:48.507-0400: 296.225: [GC (GCLocker Initiated GC) [PSYoungGen: 143547K->73580K(175104K)] 421639K->351759K(699392K), 0.0167405 secs] [Times: user=0.16 sys=0.00, real=0.02 secs] 
2016-09-24T00:28:48.670-0400: 296.388: [GC (GCLocker Initiated GC) [PSYoungGen: 161644K->55547K(175104K)] 445996K->340206K(699392K), 0.0097073 secs] [Times: user=0.13 sys=0.01, real=0.01 secs] 
2016-09-24T00:28:48.871-0400: 296.589: [GC (Allocation Failure) [PSYoungGen: 143611K->79327K(175104K)] 428317K->364293K(699392K), 0.0412569 secs] [Times: user=0.43 sys=0.00, real=0.04 secs] 
2016-09-24T00:28:49.050-0400: 296.768: [GC (GCLocker Initiated GC) [PSYoungGen: 164434K->55611K(175104K)] 455475K->401462K(699392K), 0.0115999 secs] [Times: user=0.18 sys=0.00, real=0.01 secs] 
2016-09-24T00:28:49.234-0400: 296.952: [GC (GCLocker Initiated GC) [PSYoungGen: 143675K->55743K(175104K)] 495660K->408151K(699392K), 0.0090290 secs] [Times: user=0.10 sys=0.01, real=0.02 secs] 
2016-09-24T00:28:49.410-0400: 297.128: [GC (GCLocker Initiated GC) [PSYoungGen: 143807K->79619K(175104K)] 496431K->450556K(699392K), 0.0102361 secs] [Times: user=0.08 sys=0.01, real=0.01 secs] 
2016-09-24T00:28:49.599-0400: 297.317: [GC (GCLocker Initiated GC) [PSYoungGen: 167683K->49280K(175104K)] 544781K->450774K(699392K), 0.0088662 secs] [Times: user=0.07 sys=0.00, real=0.01 secs] 
2016-09-24T00:28:49.771-0400: 297.489: [GC (Allocation Failure) [PSYoungGen: 137344K->55223K(175104K)] 539193K->493798K(699392K), 0.0336005 secs] [Times: user=0.33 sys=0.00, real=0.04 secs] 
2016-09-24T00:28:49.996-0400: 297.714: [GC (GCLocker Initiated GC) [PSYoungGen: 140521K->55679K(175104K)] 585171K->500604K(699392K), 0.0220308 secs] [Times: user=0.26 sys=0.00, real=0.02 secs] 
2016-09-24T00:28:50.162-0400: 297.880: [GC (GCLocker Initiated GC) [PSYoungGen: 143743K->73808K(175104K)] 589007K->519192K(699392K), 0.0095637 secs] [Times: user=0.10 sys=0.00, real=0.01 secs] 
2016-09-24T00:28:50.349-0400: 298.067: [GC (GCLocker Initiated GC) [PSYoungGen: 161872K->73676K(175104K)] 607258K->519330K(699392K), 0.0112440 secs] [Times: user=0.09 sys=0.00, real=0.01 secs] 
2016-09-24T00:28:50.521-0400: 298.239: [GC (GCLocker Initiated GC) [PSYoungGen: 161740K->73676K(175104K)] 607514K->519710K(699392K), 0.0138006 secs] [Times: user=0.12 sys=0.00, real=0.02 secs] 
2016-09-24T00:28:50.700-0400: 298.418: [GC (GCLocker Initiated GC) [PSYoungGen: 161740K->61398K(175104K)] 608123K->508017K(699392K), 0.0144293 secs] [Times: user=0.13 sys=0.00, real=0.02 secs] 
2016-09-24T00:28:50.871-0400: 298.589: [GC (GCLocker Initiated GC) [PSYoungGen: 149462K->73320K(175104K)] 596218K->520312K(699392K), 0.0168793 secs] [Times: user=0.14 sys=0.00, real=0.02 secs] 
2016-09-24T00:28:51.052-0400: 298.770: [GC (Allocation Failure) [PSYoungGen: 161384K->61366K(175104K)] 608653K->539121K(699392K), 0.0155828 secs] [Times: user=0.14 sys=0.00, real=0.02 secs] 
2016-09-24T00:28:51.068-0400: 298.786: [Full GC (Ergonomics) [PSYoungGen: 61366K->0K(175104K)] [ParOldGen: 477755K->49313K(524288K)] 539121K->49313K(699392K), [Metaspace: 44651K->44651K(1087488K)], 0.0616796 secs] [Times: user=0.35 sys=0.01, real=0.06 secs] 
2016-09-24T00:28:51.329-0400: 299.047: [GC (GCLocker Initiated GC) [PSYoungGen: 88064K->86022K(175104K)] 137383K->135341K(699392K), 0.0101032 secs] [Times: user=0.08 sys=0.01, real=0.01 secs] 
2016-09-24T00:28:51.510-0400: 299.228: [GC (GCLocker Initiated GC) [PSYoungGen: 174086K->73576K(175104K)] 223642K->141805K(699392K), 0.0155969 secs] [Times: user=0.16 sys=0.00, real=0.02 secs] 
2016-09-24T00:28:51.689-0400: 299.407: [GC (GCLocker Initiated GC) [PSYoungGen: 161640K->73608K(175104K)] 229904K->142139K(699392K), 0.0140466 secs] [Times: user=0.16 sys=0.00, real=0.02 secs] 
2016-09-24T00:28:51.902-0400: 299.620: [GC (GCLocker Initiated GC) [PSYoungGen: 161672K->73480K(175104K)] 230564K->142452K(699392K), 0.0338307 secs] [Times: user=0.31 sys=0.00, real=0.04 secs] 
2016-09-24T00:28:52.110-0400: 299.828: [GC (Allocation Failure) [PSYoungGen: 161544K->73804K(175104K)] 230815K->143186K(699392K), 0.0104760 secs] [Times: user=0.12 sys=0.00, real=0.01 secs] 
2016-09-24T00:28:52.308-0400: 300.026: [GC (GCLocker Initiated GC) [PSYoungGen: 161868K->61166K(175104K)] 231256K->130993K(699392K), 0.0376451 secs] [Times: user=0.36 sys=0.00, real=0.04 secs] 
2016-09-24T00:28:52.487-0400: 300.206: [GC (Allocation Failure) [PSYoungGen: 149230K->55483K(175104K)] 225471K->131851K(699392K), 0.0144115 secs] [Times: user=0.15 sys=0.00, real=0.01 secs] 
2016-09-24T00:28:52.502-0400: 300.220: [GC (GCLocker Initiated GC) [PSYoungGen: 55490K->96K(175104K)] 131858K->131647K(699392K), 0.0076838 secs] [Times: user=0.06 sys=0.00, real=0.00 secs] 
2016-09-24T00:28:52.677-0400: 300.395: [GC (GCLocker Initiated GC) [PSYoungGen: 88160K->86146K(175104K)] 219717K->217703K(699392K), 0.0149468 secs] [Times: user=0.15 sys=0.01, real=0.01 secs] 
2016-09-24T00:28:52.869-0400: 300.588: [GC (GCLocker Initiated GC) [PSYoungGen: 174210K->73708K(175104K)] 306039K->224449K(699392K), 0.0217060 secs] [Times: user=0.22 sys=0.01, real=0.02 secs] 
2016-09-24T00:28:53.078-0400: 300.797: [GC (GCLocker Initiated GC) [PSYoungGen: 161772K->61266K(175104K)] 312644K->212390K(699392K), 0.0206333 secs] [Times: user=0.22 sys=0.00, real=0.02 secs] 
2016-09-24T00:28:53.270-0400: 300.988: [GC (GCLocker Initiated GC) [PSYoungGen: 149330K->73480K(175104K)] 300568K->224961K(699392K), 0.0094912 secs] [Times: user=0.06 sys=0.00, real=0.01 secs] 
2016-09-24T00:28:53.465-0400: 301.183: [GC (GCLocker Initiated GC) [PSYoungGen: 161544K->73480K(175104K)] 319136K->231167K(699392K), 0.0237645 secs] [Times: user=0.20 sys=0.00, real=0.02 secs] 
2016-09-24T00:28:53.676-0400: 301.394: [GC (Allocation Failure) [PSYoungGen: 161544K->67505K(175104K)] 319345K->255941K(699392K), 0.0218288 secs] [Times: user=0.24 sys=0.00, real=0.02 secs] 
2016-09-24T00:28:53.698-0400: 301.416: [GC (GCLocker Initiated GC) [PSYoungGen: 67508K->64K(175104K)] 255944K->262088K(699392K), 0.0063106 secs] [Times: user=0.07 sys=0.00, real=0.01 secs] 
2016-09-24T00:28:53.895-0400: 301.613: [GC (GCLocker Initiated GC) [PSYoungGen: 83166K->68053K(175104K)] 351265K->336152K(699392K), 0.0157291 secs] [Times: user=0.15 sys=0.00, real=0.01 secs] 
2016-09-24T00:28:54.092-0400: 301.810: [GC (Allocation Failure) [PSYoungGen: 156117K->79751K(175104K)] 430395K->372785K(699392K), 0.0260661 secs] [Times: user=0.24 sys=0.00, real=0.03 secs] 
2016-09-24T00:28:54.284-0400: 302.002: [GC (GCLocker Initiated GC) [PSYoungGen: 167815K->61526K(175104K)] 460850K->403460K(699392K), 0.0099913 secs] [Times: user=0.09 sys=0.01, real=0.00 secs] 
2016-09-24T00:28:54.480-0400: 302.198: [GC (GCLocker Initiated GC) [PSYoungGen: 149590K->61430K(175104K)] 491599K->403854K(699392K), 0.0159673 secs] [Times: user=0.16 sys=0.00, real=0.02 secs] 
2016-09-24T00:28:54.659-0400: 302.377: [GC (GCLocker Initiated GC) [PSYoungGen: 149494K->73708K(175104K)] 492268K->416742K(699392K), 0.0131823 secs] [Times: user=0.14 sys=0.00, real=0.01 secs] 
2016-09-24T00:28:54.870-0400: 302.588: [GC (GCLocker Initiated GC) [PSYoungGen: 161772K->49180K(175104K)] 517205K->404864K(699392K), 0.0197740 secs] [Times: user=0.21 sys=0.01, real=0.02 secs] 
2016-09-24T00:28:55.036-0400: 302.754: [GC (Allocation Failure) [PSYoungGen: 137244K->55547K(175104K)] 492959K->441732K(699392K), 0.0097655 secs] [Times: user=0.11 sys=0.01, real=0.01 secs] 
2016-09-24T00:28:55.217-0400: 302.935: [GC (GCLocker Initiated GC) [PSYoungGen: 143611K->61266K(175104K)] 529802K->478107K(699392K), 0.0180782 secs] [Times: user=0.14 sys=0.00, real=0.02 secs] 
2016-09-24T00:28:55.394-0400: 303.113: [GC (GCLocker Initiated GC) [PSYoungGen: 149330K->80011K(175104K)] 566202K->497042K(699392K), 0.0090908 secs] [Times: user=0.11 sys=0.00, real=0.01 secs] 
2016-09-24T00:28:55.562-0400: 303.280: [GC (GCLocker Initiated GC) [PSYoungGen: 168075K->55515K(175104K)] 591452K->521733K(699392K), 0.0131671 secs] [Times: user=0.16 sys=0.01, real=0.02 secs] 
2016-09-24T00:28:55.575-0400: 303.293: [Full GC (Ergonomics) [PSYoungGen: 55515K->0K(175104K)] [ParOldGen: 466218K->49334K(524288K)] 521733K->49334K(699392K), [Metaspace: 44652K->44652K(1087488K)], 0.0585476 secs] [Times: user=0.44 sys=0.01, real=0.05 secs] 
2016-09-24T00:28:55.814-0400: 303.532: [GC (GCLocker Initiated GC) [PSYoungGen: 88064K->61981K(175104K)] 143609K->117527K(699392K), 0.0071554 secs] [Times: user=0.05 sys=0.00, real=0.01 secs] 
2016-09-24T00:28:56.000-0400: 303.718: [GC (GCLocker Initiated GC) [PSYoungGen: 150045K->18645K(175104K)] 224032K->129776K(699392K), 0.0196587 secs] [Times: user=0.16 sys=0.00, real=0.02 secs] 
2016-09-24T00:28:56.183-0400: 303.902: [GC (GCLocker Initiated GC) [PSYoungGen: 106709K->73544K(175104K)] 224041K->190963K(699392K), 0.0281777 secs] [Times: user=0.28 sys=0.00, real=0.02 secs] 
2016-09-24T00:28:56.397-0400: 304.115: [GC (GCLocker Initiated GC) [PSYoungGen: 161608K->24880K(175104K)] 279297K->185182K(699392K), 0.0207413 secs] [Times: user=0.24 sys=0.00, real=0.02 secs] 
2016-09-24T00:28:56.552-0400: 304.271: [GC (GCLocker Initiated GC) [PSYoungGen: 112944K->86150K(175104K)] 279374K->252731K(699392K), 0.0113818 secs] [Times: user=0.13 sys=0.00, real=0.02 secs] 
2016-09-24T00:28:56.730-0400: 304.448: [GC (GCLocker Initiated GC) [PSYoungGen: 174214K->73576K(175104K)] 340999K->313928K(699392K), 0.0141448 secs] [Times: user=0.18 sys=0.00, real=0.02 secs] 
2016-09-24T00:28:56.923-0400: 304.641: [GC (GCLocker Initiated GC) [PSYoungGen: 161640K->73580K(175104K)] 402258K->314442K(699392K), 0.0231289 secs] [Times: user=0.22 sys=0.01, real=0.02 secs] 
2016-09-24T00:28:57.119-0400: 304.838: [GC (GCLocker Initiated GC) [PSYoungGen: 161644K->67665K(175104K)] 402805K->309069K(699392K), 0.0263949 secs] [Times: user=0.28 sys=0.00, real=0.03 secs] 
2016-09-24T00:28:57.328-0400: 305.046: [GC (GCLocker Initiated GC) [PSYoungGen: 155729K->73512K(175104K)] 397393K->315444K(699392K), 0.0184330 secs] [Times: user=0.18 sys=0.00, real=0.02 secs] 
2016-09-24T00:28:57.540-0400: 305.258: [GC (Allocation Failure) [PSYoungGen: 161576K->73676K(175104K)] 403863K->316059K(699392K), 0.0156550 secs] [Times: user=0.14 sys=0.01, real=0.02 secs] 
2016-09-24T00:28:57.695-0400: 305.413: [GC (GCLocker Initiated GC) [PSYoungGen: 161740K->73512K(175104K)] 404123K->316170K(699392K), 0.0222542 secs] [Times: user=0.22 sys=0.01, real=0.02 secs] 
2016-09-24T00:28:57.880-0400: 305.598: [GC (GCLocker Initiated GC) [PSYoungGen: 161576K->85762K(175104K)] 404388K->328833K(699392K), 0.0145740 secs] [Times: user=0.15 sys=0.00, real=0.02 secs] 
2016-09-24T00:28:58.060-0400: 305.778: [GC (GCLocker Initiated GC) [PSYoungGen: 173826K->61330K(175104K)] 417102K->329150K(699392K), 0.0124811 secs] [Times: user=0.11 sys=0.00, real=0.01 secs] 
2016-09-24T00:28:58.264-0400: 305.982: [GC (GCLocker Initiated GC) [PSYoungGen: 149394K->61494K(175104K)] 417484K->360063K(699392K), 0.0183103 secs] [Times: user=0.19 sys=0.00, real=0.02 secs] 
2016-09-24T00:28:58.437-0400: 306.156: [GC (Allocation Failure) [PSYoungGen: 149558K->55191K(175104K)] 454406K->360290K(699392K), 0.0065657 secs] [Times: user=0.04 sys=0.00, real=0.01 secs] 
2016-09-24T00:28:58.610-0400: 306.329: [GC (GCLocker Initiated GC) [PSYoungGen: 140609K->37617K(175104K)] 451784K->349084K(699392K), 0.0099876 secs] [Times: user=0.10 sys=0.00, real=0.01 secs] 
2016-09-24T00:28:58.786-0400: 306.504: [GC (GCLocker Initiated GC) [PSYoungGen: 125681K->67729K(175104K)] 437379K->379686K(699392K), 0.0104805 secs] [Times: user=0.10 sys=0.00, real=0.01 secs] 
2016-09-24T00:28:58.947-0400: 306.665: [GC (GCLocker Initiated GC) [PSYoungGen: 155793K->43269K(175104K)] 467765K->373741K(699392K), 0.0369329 secs] [Times: user=0.39 sys=0.00, real=0.04 secs] 
2016-09-24T00:28:59.134-0400: 306.852: [GC (GCLocker Initiated GC) [PSYoungGen: 131333K->85630K(175104K)] 461846K->422486K(699392K), 0.0206937 secs] [Times: user=0.28 sys=0.00, real=0.03 secs] 
2016-09-24T00:28:59.288-0400: 307.006: [GC (GCLocker Initiated GC) [PSYoungGen: 173694K->61522K(175104K)] 510592K->453247K(699392K), 0.0125365 secs] [Times: user=0.14 sys=0.00, real=0.01 secs] 
2016-09-24T00:28:59.457-0400: 307.175: [GC (GCLocker Initiated GC) [PSYoungGen: 149586K->85822K(175104K)] 541364K->520432K(699392K), 0.0127257 secs] [Times: user=0.15 sys=0.00, real=0.01 secs] 
2016-09-24T00:28:59.668-0400: 307.386: [GC (GCLocker Initiated GC) [PSYoungGen: 173886K->55447K(175104K)] 614781K->557220K(699392K), 0.0112845 secs] [Times: user=0.16 sys=0.01, real=0.01 secs] 
2016-09-24T00:28:59.680-0400: 307.398: [Full GC (Ergonomics) [PSYoungGen: 55447K->0K(175104K)] [ParOldGen: 501772K->49375K(524288K)] 557220K->49375K(699392K), [Metaspace: 44652K->44652K(1087488K)], 0.0556197 secs] [Times: user=0.43 sys=0.00, real=0.06 secs] 
2016-09-24T00:28:59.891-0400: 307.609: [GC (GCLocker Initiated GC) [PSYoungGen: 88064K->85762K(175104K)] 137589K->141362K(699392K), 0.0093872 secs] [Times: user=0.08 sys=0.00, real=0.01 secs] 
2016-09-24T00:29:00.049-0400: 307.767: [GC (GCLocker Initiated GC) [PSYoungGen: 173826K->73644K(175104K)] 229540K->172331K(699392K), 0.0108475 secs] [Times: user=0.08 sys=0.00, real=0.01 secs] 
2016-09-24T00:29:00.223-0400: 307.942: [GC (Allocation Failure) [PSYoungGen: 161708K->49116K(175104K)] 260616K->178634K(699392K), 0.0200768 secs] [Times: user=0.18 sys=0.00, real=0.02 secs] 
2016-09-24T00:29:00.405-0400: 308.123: [GC (GCLocker Initiated GC) [PSYoungGen: 137180K->73676K(175104K)] 266698K->209389K(699392K), 0.0348512 secs] [Times: user=0.35 sys=0.00, real=0.03 secs] 
2016-09-24T00:29:00.623-0400: 308.341: [GC (GCLocker Initiated GC) [PSYoungGen: 161740K->73612K(175104K)] 297617K->234065K(699392K), 0.0088155 secs] [Times: user=0.08 sys=0.00, real=0.00 secs] 
2016-09-24T00:29:00.800-0400: 308.518: [GC (GCLocker Initiated GC) [PSYoungGen: 161676K->73708K(175104K)] 322405K->234729K(699392K), 0.0277603 secs] [Times: user=0.31 sys=0.00, real=0.03 secs] 
2016-09-24T00:29:01.007-0400: 308.725: [GC (GCLocker Initiated GC) [PSYoungGen: 161772K->67405K(175104K)] 322929K->228797K(699392K), 0.0099071 secs] [Times: user=0.11 sys=0.00, real=0.01 secs] 
2016-09-24T00:29:01.167-0400: 308.885: [GC (GCLocker Initiated GC) [PSYoungGen: 155469K->79587K(175104K)] 317099K->241321K(699392K), 0.0128124 secs] [Times: user=0.12 sys=0.00, real=0.01 secs] 
2016-09-24T00:29:01.357-0400: 309.076: [GC (Allocation Failure) [PSYoungGen: 167651K->61590K(175104K)] 329740K->260249K(699392K), 0.0170549 secs] [Times: user=0.19 sys=0.00, real=0.02 secs] 
2016-09-24T00:29:01.566-0400: 309.285: [GC (Allocation Failure) [PSYoungGen: 149654K->55027K(175104K)] 348313K->253937K(699392K), 0.0131732 secs] [Times: user=0.11 sys=0.00, real=0.01 secs] 
2016-09-24T00:29:01.713-0400: 309.431: [GC (GCLocker Initiated GC) [PSYoungGen: 143090K->73612K(175104K)] 342006K->272631K(699392K), 0.0136972 secs] [Times: user=0.13 sys=0.00, real=0.02 secs] 
2016-09-24T00:29:01.919-0400: 309.637: [GC (GCLocker Initiated GC) [PSYoungGen: 161676K->55155K(175104K)] 360866K->254784K(699392K), 0.0249885 secs] [Times: user=0.22 sys=0.00, real=0.03 secs] 
2016-09-24T00:29:02.110-0400: 309.829: [GC (GCLocker Initiated GC) [PSYoungGen: 143219K->73772K(175104K)] 343171K->334617K(699392K), 0.0103314 secs] [Times: user=0.10 sys=0.00, real=0.01 secs] 
2016-09-24T00:29:02.279-0400: 309.997: [GC (GCLocker Initiated GC) [PSYoungGen: 161836K->73576K(175104K)] 423048K->335071K(699392K), 0.0181541 secs] [Times: user=0.20 sys=0.01, real=0.02 secs] 
2016-09-24T00:29:02.461-0400: 310.180: [GC (GCLocker Initiated GC) [PSYoungGen: 161640K->73640K(175104K)] 423356K->335443K(699392K), 0.0152549 secs] [Times: user=0.17 sys=0.00, real=0.02 secs] 
2016-09-24T00:29:02.641-0400: 310.359: [GC (GCLocker Initiated GC) [PSYoungGen: 161704K->55319K(175104K)] 429658K->323361K(699392K), 0.0114936 secs] [Times: user=0.13 sys=0.00, real=0.01 secs] 
2016-09-24T00:29:02.827-0400: 310.545: [GC (GCLocker Initiated GC) [PSYoungGen: 143383K->74124K(175104K)] 411786K->360856K(699392K), 0.0085078 secs] [Times: user=0.08 sys=0.00, real=0.01 secs] 
2016-09-24T00:29:02.989-0400: 310.707: [GC (GCLocker Initiated GC) [PSYoungGen: 162188K->73544K(175104K)] 449181K->361052K(699392K), 0.0218773 secs] [Times: user=0.23 sys=0.00, real=0.02 secs] 
2016-09-24T00:29:03.209-0400: 310.928: [GC (GCLocker Initiated GC) [PSYoungGen: 161608K->61298K(175104K)] 449387K->349164K(699392K), 0.0100944 secs] [Times: user=0.10 sys=0.00, real=0.01 secs] 
2016-09-24T00:29:03.381-0400: 311.099: [GC (GCLocker Initiated GC) [PSYoungGen: 149362K->43073K(175104K)] 443395K->337193K(699392K), 0.0130732 secs] [Times: user=0.14 sys=0.00, real=0.01 secs] 
2016-09-24T00:29:03.586-0400: 311.305: [GC (Allocation Failure) [PSYoungGen: 131137K->49144K(175104K)] 431631K->349898K(699392K), 0.0202169 secs] [Times: user=0.24 sys=0.00, real=0.02 secs] 
2016-09-24T00:29:03.731-0400: 311.449: [GC (GCLocker Initiated GC) [PSYoungGen: 137208K->74164K(175104K)] 437962K->399377K(699392K), 0.0109492 secs] [Times: user=0.15 sys=0.00, real=0.01 secs] 
2016-09-24T00:29:03.909-0400: 311.627: [GC (GCLocker Initiated GC) [PSYoungGen: 162228K->79587K(175104K)] 487483K->423522K(699392K), 0.0128716 secs] [Times: user=0.13 sys=0.00, real=0.01 secs] 
2016-09-24T00:29:04.080-0400: 311.798: [GC (GCLocker Initiated GC) [PSYoungGen: 167651K->61590K(175104K)] 511689K->442213K(699392K), 0.0102480 secs] [Times: user=0.12 sys=0.00, real=0.01 secs] 
2016-09-24T00:29:04.252-0400: 311.970: [GC (GCLocker Initiated GC) [PSYoungGen: 149654K->79847K(175104K)] 530504K->460989K(699392K), 0.0103350 secs] [Times: user=0.14 sys=0.00, real=0.01 secs] 
2016-09-24T00:29:04.457-0400: 312.176: [GC (GCLocker Initiated GC) [PSYoungGen: 167911K->43205K(175104K)] 555348K->455186K(699392K), 0.0240278 secs] [Times: user=0.21 sys=0.00, real=0.02 secs] 
2016-09-24T00:29:04.663-0400: 312.381: [GC (Allocation Failure) [PSYoungGen: 131269K->67537K(175104K)] 549445K->485996K(699392K), 0.0177781 secs] [Times: user=0.14 sys=0.00, real=0.01 secs] 
2016-09-24T00:29:04.867-0400: 312.585: [GC (GCLocker Initiated GC) [PSYoungGen: 155601K->67405K(175104K)] 574066K->492236K(699392K), 0.0249232 secs] [Times: user=0.25 sys=0.00, real=0.02 secs] 
2016-09-24T00:29:05.051-0400: 312.769: [GC (GCLocker Initiated GC) [PSYoungGen: 155469K->73416K(175104K)] 580393K->498427K(699392K), 0.0298803 secs] [Times: user=0.29 sys=0.00, real=0.03 secs] 
2016-09-24T00:29:05.241-0400: 312.959: [GC (GCLocker Initiated GC) [PSYoungGen: 161480K->85858K(175104K)] 592821K->517483K(699392K), 0.0117693 secs] [Times: user=0.10 sys=0.01, real=0.01 secs] 
2016-09-24T00:29:05.400-0400: 313.119: [GC (Allocation Failure) [PSYoungGen: 173922K->30891K(175104K)] 611696K->517377K(699392K), 0.0086093 secs] [Times: user=0.09 sys=0.00, real=0.01 secs] 
2016-09-24T00:29:05.409-0400: 313.127: [Full GC (Ergonomics) [PSYoungGen: 30891K->0K(175104K)] [ParOldGen: 486486K->43143K(524288K)] 517377K->43143K(699392K), [Metaspace: 44660K->44660K(1087488K)], 0.0618650 secs] [Times: user=0.37 sys=0.00, real=0.06 secs] 
2016-09-24T00:29:05.636-0400: 313.354: [GC (GCLocker Initiated GC) [PSYoungGen: 88064K->86082K(175104K)] 131212K->129230K(699392K), 0.0097606 secs] [Times: user=0.10 sys=0.00, real=0.01 secs] 
2016-09-24T00:29:05.803-0400: 313.521: [GC (Allocation Failure) [PSYoungGen: 174146K->67401K(175104K)] 217459K->147891K(699392K), 0.0327748 secs] [Times: user=0.41 sys=0.00, real=0.03 secs] 
2016-09-24T00:29:05.987-0400: 313.705: [GC (Allocation Failure) [PSYoungGen: 150043K->43301K(175104K)] 230534K->154286K(699392K), 0.0087004 secs] [Times: user=0.09 sys=0.00, real=0.01 secs] 
2016-09-24T00:29:06.147-0400: 313.865: [GC (GCLocker Initiated GC) [PSYoungGen: 131365K->73772K(175104K)] 242355K->185086K(699392K), 0.0107321 secs] [Times: user=0.09 sys=0.01, real=0.01 secs] 
2016-09-24T00:29:06.324-0400: 314.042: [GC (Allocation Failure) [PSYoungGen: 161836K->67537K(175104K)] 273460K->197646K(699392K), 0.0223688 secs] [Times: user=0.21 sys=0.01, real=0.02 secs] 
2016-09-24T00:29:06.514-0400: 314.232: [GC (GCLocker Initiated GC) [PSYoungGen: 155601K->61330K(175104K)] 285715K->216004K(699392K), 0.0128997 secs] [Times: user=0.12 sys=0.00, real=0.02 secs] 
2016-09-24T00:29:06.700-0400: 314.418: [GC (GCLocker Initiated GC) [PSYoungGen: 149394K->85758K(175104K)] 304250K->246808K(699392K), 0.0171693 secs] [Times: user=0.17 sys=0.00, real=0.02 secs] 
2016-09-24T00:29:06.877-0400: 314.596: [GC (GCLocker Initiated GC) [PSYoungGen: 173822K->67341K(175104K)] 334915K->259060K(699392K), 0.0170514 secs] [Times: user=0.14 sys=0.01, real=0.02 secs] 
2016-09-24T00:29:07.090-0400: 314.809: [GC (GCLocker Initiated GC) [PSYoungGen: 155405K->49180K(175104K)] 353279K->271458K(699392K), 0.0437591 secs] [Times: user=0.48 sys=0.00, real=0.05 secs] 
2016-09-24T00:29:07.296-0400: 315.014: [GC (GCLocker Initiated GC) [PSYoungGen: 137244K->79683K(175104K)] 359743K->302325K(699392K), 0.0096223 secs] [Times: user=0.10 sys=0.00, real=0.01 secs] 
2016-09-24T00:29:07.467-0400: 315.185: [GC (GCLocker Initiated GC) [PSYoungGen: 167747K->61590K(175104K)] 390431K->333189K(699392K), 0.0198564 secs] [Times: user=0.23 sys=0.00, real=0.02 secs] 
2016-09-24T00:29:07.635-0400: 315.353: [GC (GCLocker Initiated GC) [PSYoungGen: 149654K->61558K(175104K)] 421367K->382163K(699392K), 0.0105470 secs] [Times: user=0.12 sys=0.01, real=0.01 secs] 
2016-09-24T00:29:07.840-0400: 315.558: [GC (Allocation Failure) [PSYoungGen: 149622K->49148K(175104K)] 476338K->382182K(699392K), 0.0165888 secs] [Times: user=0.13 sys=0.00, real=0.02 secs] 
2016-09-24T00:29:08.008-0400: 315.726: [GC (GCLocker Initiated GC) [PSYoungGen: 137212K->55547K(175104K)] 470252K->419065K(699392K), 0.0125059 secs] [Times: user=0.17 sys=0.00, real=0.01 secs] 
2016-09-24T00:29:08.196-0400: 315.914: [GC (GCLocker Initiated GC) [PSYoungGen: 143611K->55387K(175104K)] 507277K->419360K(699392K), 0.0102881 secs] [Times: user=0.12 sys=0.00, real=0.01 secs] 
2016-09-24T00:29:08.370-0400: 316.089: [GC (GCLocker Initiated GC) [PSYoungGen: 143451K->55487K(175104K)] 513687K->425842K(699392K), 0.0083864 secs] [Times: user=0.06 sys=0.00, real=0.01 secs] 
2016-09-24T00:29:08.567-0400: 316.286: [GC (Allocation Failure) [PSYoungGen: 143551K->43041K(175104K)] 519999K->438326K(699392K), 0.0134696 secs] [Times: user=0.14 sys=0.00, real=0.01 secs] 
2016-09-24T00:29:08.719-0400: 316.438: [GC (GCLocker Initiated GC) [PSYoungGen: 131105K->55059K(175104K)] 526390K->450619K(699392K), 0.0104139 secs] [Times: user=0.11 sys=0.01, real=0.01 secs] 
2016-09-24T00:29:08.917-0400: 316.636: [GC (Allocation Failure) [PSYoungGen: 143123K->18673K(175104K)] 551185K->426838K(699392K), 0.0061566 secs] [Times: user=0.05 sys=0.00, real=0.01 secs] 
2016-09-24T00:29:09.110-0400: 316.828: [GC (GCLocker Initiated GC) [PSYoungGen: 101596K->55415K(175104K)] 515836K->469766K(699392K), 0.0102707 secs] [Times: user=0.11 sys=0.00, real=0.01 secs] 
2016-09-24T00:29:09.330-0400: 317.048: [GC (GCLocker Initiated GC) [PSYoungGen: 143479K->37421K(175104K)] 570040K->464250K(699392K), 0.0072817 secs] [Times: user=0.06 sys=0.00, real=0.01 secs] 
2016-09-24T00:29:09.521-0400: 317.239: [GC (GCLocker Initiated GC) [PSYoungGen: 125485K->67145K(175104K)] 552474K->494392K(699392K), 0.0277614 secs] [Times: user=0.29 sys=0.00, real=0.03 secs] 
2016-09-24T00:29:09.716-0400: 317.434: [GC (GCLocker Initiated GC) [PSYoungGen: 155209K->49344K(175104K)] 588780K->513393K(699392K), 0.0215337 secs] [Times: user=0.22 sys=0.00, real=0.02 secs] 
2016-09-24T00:29:09.907-0400: 317.625: [GC (GCLocker Initiated GC) [PSYoungGen: 137408K->67405K(175104K)] 601617K->556166K(699392K), 0.0281686 secs] [Times: user=0.30 sys=0.00, real=0.03 secs] 
2016-09-24T00:29:09.935-0400: 317.654: [Full GC (Ergonomics) [PSYoungGen: 67405K->0K(175104K)] [ParOldGen: 488761K->41698K(524288K)] 556166K->41698K(699392K), [Metaspace: 44660K->44660K(1087488K)], 0.1117131 secs] [Times: user=1.03 sys=0.01, real=0.11 secs] 
2016-09-24T00:29:10.217-0400: 317.935: [GC (GCLocker Initiated GC) [PSYoungGen: 88064K->86342K(175104K)] 129966K->134319K(699392K), 0.0142275 secs] [Times: user=0.17 sys=0.00, real=0.01 secs] 
2016-09-24T00:29:10.399-0400: 318.117: [GC (GCLocker Initiated GC) [PSYoungGen: 174406K->67729K(175104K)] 222682K->171392K(699392K), 0.0276496 secs] [Times: user=0.31 sys=0.01, real=0.03 secs] 
2016-09-24T00:29:10.619-0400: 318.337: [GC (GCLocker Initiated GC) [PSYoungGen: 155793K->67601K(175104K)] 259474K->195857K(699392K), 0.0134920 secs] [Times: user=0.14 sys=0.00, real=0.01 secs] 
2016-09-24T00:29:10.826-0400: 318.544: [GC (GCLocker Initiated GC) [PSYoungGen: 155665K->43301K(175104K)] 290105K->196233K(699392K), 0.0177162 secs] [Times: user=0.17 sys=0.00, real=0.02 secs] 
2016-09-24T00:29:11.023-0400: 318.742: [GC (GCLocker Initiated GC) [PSYoungGen: 131365K->67601K(175104K)] 284384K->220879K(699392K), 0.0149045 secs] [Times: user=0.13 sys=0.00, real=0.01 secs] 
2016-09-24T00:29:11.199-0400: 318.917: [GC (GCLocker Initiated GC) [PSYoungGen: 155665K->85922K(175104K)] 309086K->264067K(699392K), 0.0151747 secs] [Times: user=0.14 sys=0.00, real=0.02 secs] 
2016-09-24T00:29:11.418-0400: 319.136: [GC (GCLocker Initiated GC) [PSYoungGen: 173986K->37162K(175104K)] 358342K->227852K(699392K), 0.0119970 secs] [Times: user=0.10 sys=0.00, real=0.01 secs] 
2016-09-24T00:29:11.596-0400: 319.315: [GC (GCLocker Initiated GC) [PSYoungGen: 125226K->55487K(175104K)] 315980K->246469K(699392K), 0.0230948 secs] [Times: user=0.22 sys=0.00, real=0.02 secs] 
2016-09-24T00:29:11.817-0400: 319.535: [GC (GCLocker Initiated GC) [PSYoungGen: 143551K->55547K(175104K)] 334753K->247041K(699392K), 0.0132444 secs] [Times: user=0.18 sys=0.00, real=0.01 secs] 
2016-09-24T00:29:12.003-0400: 319.721: [GC (GCLocker Initiated GC) [PSYoungGen: 143611K->61494K(175104K)] 341216K->259186K(699392K), 0.0267482 secs] [Times: user=0.29 sys=0.00, real=0.02 secs] 
2016-09-24T00:29:12.168-0400: 319.886: [GC (Allocation Failure) [PSYoungGen: 149558K->55187K(175104K)] 347982K->302495K(699392K), 0.0084511 secs] [Times: user=0.08 sys=0.01, real=0.01 secs] 
2016-09-24T00:29:12.177-0400: 319.895: [GC (GCLocker Initiated GC) [PSYoungGen: 55655K->128K(175104K)] 302963K->302273K(699392K), 0.0097854 secs] [Times: user=0.09 sys=0.00, real=0.01 secs] 
2016-09-24T00:29:12.332-0400: 320.050: [GC (GCLocker Initiated GC) [PSYoungGen: 88192K->74064K(175104K)] 390338K->376226K(699392K), 0.0108391 secs] [Times: user=0.10 sys=0.00, real=0.02 secs] 
2016-09-24T00:29:12.499-0400: 320.217: [GC (Allocation Failure) [PSYoungGen: 162128K->85890K(175104K)] 464343K->400763K(699392K), 0.0092569 secs] [Times: user=0.08 sys=0.00, real=0.01 secs] 
2016-09-24T00:29:12.675-0400: 320.393: [GC (GCLocker Initiated GC) [PSYoungGen: 173954K->61426K(175104K)] 488833K->413046K(699392K), 0.0105462 secs] [Times: user=0.07 sys=0.00, real=0.01 secs] 
2016-09-24T00:29:12.848-0400: 320.566: [GC (GCLocker Initiated GC) [PSYoungGen: 149490K->79523K(175104K)] 501264K->431533K(699392K), 0.0147041 secs] [Times: user=0.12 sys=0.00, real=0.02 secs] 
2016-09-24T00:29:13.040-0400: 320.758: [GC (GCLocker Initiated GC) [PSYoungGen: 167587K->30923K(175104K)] 519727K->419609K(699392K), 0.0203876 secs] [Times: user=0.20 sys=0.00, real=0.02 secs] 
2016-09-24T00:29:13.211-0400: 320.929: [GC (GCLocker Initiated GC) [PSYoungGen: 118987K->73872K(175104K)] 507855K->462867K(699392K), 0.0073437 secs] [Times: user=0.07 sys=0.00, real=0.01 secs] 
2016-09-24T00:29:13.392-0400: 321.110: [GC (GCLocker Initiated GC) [PSYoungGen: 161936K->61266K(175104K)] 550989K->450758K(699392K), 0.0280017 secs] [Times: user=0.30 sys=0.01, real=0.03 secs] 
2016-09-24T00:29:13.665-0400: 321.383: [GC (GCLocker Initiated GC) [PSYoungGen: 149330K->55223K(175104K)] 545118K->451254K(699392K), 0.0230173 secs] [Times: user=0.22 sys=0.00, real=0.02 secs] 
2016-09-24T00:29:13.877-0400: 321.595: [GC (GCLocker Initiated GC) [PSYoungGen: 143287K->85530K(175104K)] 539366K->499969K(699392K), 0.0084227 secs] [Times: user=0.09 sys=0.00, real=0.01 secs] 
2016-09-24T00:29:14.028-0400: 321.746: [GC (GCLocker Initiated GC) [PSYoungGen: 173594K->79911K(175104K)] 588182K->531092K(699392K), 0.0245330 secs] [Times: user=0.27 sys=0.00, real=0.02 secs] 
2016-09-24T00:29:14.209-0400: 321.927: [Full GC (Ergonomics) [PSYoungGen: 167975K->0K(175104K)] [ParOldGen: 469661K->42014K(524288K)] 637636K->42014K(699392K), [Metaspace: 44662K->44662K(1087488K)], 0.0674783 secs] [Times: user=0.45 sys=0.02, real=0.07 secs] 
2016-09-24T00:29:14.445-0400: 322.163: [GC (Allocation Failure) [PSYoungGen: 88064K->73676K(175104K)] 130304K->115917K(699392K), 0.0193571 secs] [Times: user=0.22 sys=0.00, real=0.02 secs] 
2016-09-24T00:29:14.630-0400: 322.348: [GC (GCLocker Initiated GC) [PSYoungGen: 161529K->37162K(175104K)] 209845K->104126K(699392K), 0.0071052 secs] [Times: user=0.05 sys=0.00, real=0.01 secs] 
2016-09-24T00:29:14.810-0400: 322.528: [GC (Allocation Failure) [PSYoungGen: 125226K->55059K(175104K)] 198615K->128692K(699392K), 0.0115112 secs] [Times: user=0.10 sys=0.00, real=0.01 secs] 
2016-09-24T00:29:14.995-0400: 322.713: [GC (GCLocker Initiated GC) [PSYoungGen: 143123K->55159K(175104K)] 216762K->128893K(699392K), 0.0198734 secs] [Times: user=0.20 sys=0.01, real=0.02 secs] 
2016-09-24T00:29:15.176-0400: 322.894: [GC (GCLocker Initiated GC) [PSYoungGen: 143223K->79651K(175104K)] 217015K->178027K(699392K), 0.0105420 secs] [Times: user=0.08 sys=0.00, real=0.01 secs] 
2016-09-24T00:29:15.360-0400: 323.078: [GC (GCLocker Initiated GC) [PSYoungGen: 167715K->24912K(175104K)] 278529K->178551K(699392K), 0.0188534 secs] [Times: user=0.19 sys=0.00, real=0.02 secs] 
2016-09-24T00:29:15.577-0400: 323.295: [GC (GCLocker Initiated GC) [PSYoungGen: 112976K->73448K(175104K)] 266695K->245652K(699392K), 0.0218368 secs] [Times: user=0.21 sys=0.00, real=0.02 secs] 
2016-09-24T00:29:15.765-0400: 323.483: [GC (Allocation Failure) [PSYoungGen: 161512K->55319K(175104K)] 340141K->234043K(699392K), 0.0226813 secs] [Times: user=0.24 sys=0.00, real=0.02 secs] 
2016-09-24T00:29:15.934-0400: 323.652: [GC (GCLocker Initiated GC) [PSYoungGen: 143383K->61298K(175104K)] 322107K->240281K(699392K), 0.0132487 secs] [Times: user=0.12 sys=0.00, real=0.01 secs] 
2016-09-24T00:29:16.114-0400: 323.832: [GC (GCLocker Initiated GC) [PSYoungGen: 149362K->67437K(175104K)] 328432K->246587K(699392K), 0.0152994 secs] [Times: user=0.14 sys=0.00, real=0.02 secs] 
2016-09-24T00:29:16.315-0400: 324.033: [GC (GCLocker Initiated GC) [PSYoungGen: 155501K->49084K(175104K)] 340829K->252725K(699392K), 0.0176015 secs] [Times: user=0.15 sys=0.01, real=0.01 secs] 
2016-09-24T00:29:16.525-0400: 324.243: [GC (GCLocker Initiated GC) [PSYoungGen: 137148K->37258K(175104K)] 353227K->295989K(699392K), 0.0404534 secs] [Times: user=0.43 sys=0.01, real=0.04 secs] 
2016-09-24T00:29:16.769-0400: 324.487: [GC (GCLocker Initiated GC) [PSYoungGen: 125322K->37062K(175104K)] 390276K->302308K(699392K), 0.0092643 secs] [Times: user=0.09 sys=0.00, real=0.01 secs] 
2016-09-24T00:29:16.934-0400: 324.652: [GC (GCLocker Initiated GC) [PSYoungGen: 125126K->55355K(175104K)] 396656K->327144K(699392K), 0.0216882 secs] [Times: user=0.22 sys=0.01, real=0.03 secs] 
2016-09-24T00:29:17.114-0400: 324.832: [GC (GCLocker Initiated GC) [PSYoungGen: 143419K->55187K(175104K)] 415211K->327255K(699392K), 0.0101546 secs] [Times: user=0.08 sys=0.00, real=0.02 secs] 
2016-09-24T00:29:17.601-0400: 325.319: [GC (GCLocker Initiated GC) [PSYoungGen: 143251K->18901K(175104K)] 415321K->309347K(699392K), 0.0115421 secs] [Times: user=0.12 sys=0.00, real=0.01 secs] 
