Java HotSpot(TM) 64-Bit Server VM (25.77-b03) for linux-amd64 JRE (1.8.0_77-b03), built on Mar 20 2016 22:00:46 by "java_re" with gcc 4.3.0 20080428 (Red Hat 4.3.0-8)
Memory: 4k page, physical 264122324k(96870704k free), swap 268399612k(268246124k free)
CommandLine flags: -XX:GCLogFileSize=1048576 -XX:+HeapDumpOnOutOfMemoryError -XX:HeapDumpPath=artifacts/heapdump -XX:InitialHeapSize=805306368 -XX:MaxHeapSize=805306368 -XX:NumberOfGCLogFiles=10 -XX:+PrintGC -XX:+PrintGCDateStamps -XX:+PrintGCDetails -XX:+PrintGCTimeStamps -XX:+UseCompressedClassPointers -XX:+UseCompressedOops -XX:+UseGCLogFileRotation -XX:+UseParallelGC 
2016-09-15T11:46:50.122-0400: 2.193: [GC (Metadata GC Threshold) [PSYoungGen: 125830K->15474K(229376K)] 125830K->15562K(753664K), 0.0214084 secs] [Times: user=0.13 sys=0.00, real=0.02 secs] 
2016-09-15T11:46:50.143-0400: 2.215: [Full GC (Metadata GC Threshold) [PSYoungGen: 15474K->0K(229376K)] [ParOldGen: 88K->14598K(341504K)] 15562K->14598K(570880K), [Metaspace: 21054K->21054K(1067008K)], 0.0403799 secs] [Times: user=0.24 sys=0.04, real=0.04 secs] 
2016-09-15T11:46:51.935-0400: 4.006: [GC (Metadata GC Threshold) [PSYoungGen: 117582K->14734K(229376K)] 132181K->29468K(570880K), 0.0164889 secs] [Times: user=0.06 sys=0.05, real=0.02 secs] 
2016-09-15T11:46:51.951-0400: 4.023: [Full GC (Metadata GC Threshold) [PSYoungGen: 14734K->0K(229376K)] [ParOldGen: 14734K->20286K(524288K)] 29468K->20286K(753664K), [Metaspace: 35081K->35081K(1079296K)], 0.0563453 secs] [Times: user=0.39 sys=0.02, real=0.06 secs] 
2016-09-15T11:46:53.745-0400: 5.817: [GC (GCLocker Initiated GC) [PSYoungGen: 195532K->23995K(229376K)] 221894K->50364K(753664K), 0.0161785 secs] [Times: user=0.18 sys=0.00, real=0.02 secs] 
2016-09-15T11:46:54.522-0400: 6.594: [GC (GCLocker Initiated GC) [PSYoungGen: 220603K->32747K(229376K)] 247333K->65913K(753664K), 0.0349740 secs] [Times: user=0.37 sys=0.01, real=0.04 secs] 
2016-09-15T11:46:55.620-0400: 7.692: [GC (GCLocker Initiated GC) [PSYoungGen: 229355K->21335K(218112K)] 268951K->60939K(742400K), 0.0128252 secs] [Times: user=0.11 sys=0.02, real=0.01 secs] 
2016-09-15T11:46:56.671-0400: 8.743: [GC (Allocation Failure) [PSYoungGen: 217943K->21269K(226816K)] 263972K->67306K(751104K), 0.0157317 secs] [Times: user=0.11 sys=0.00, real=0.01 secs] 
2016-09-15T11:46:57.682-0400: 9.754: [GC (Allocation Failure) [PSYoungGen: 210709K->33259K(222720K)] 256746K->85379K(747008K), 0.0197916 secs] [Times: user=0.20 sys=0.03, real=0.02 secs] 
2016-09-15T11:46:58.274-0400: 10.345: [GC (GCLocker Initiated GC) [PSYoungGen: 222015K->33911K(218112K)] 280210K->152864K(742400K), 0.0189672 secs] [Times: user=0.19 sys=0.01, real=0.02 secs] 
2016-09-15T11:46:58.516-0400: 10.588: [GC (GCLocker Initiated GC) [PSYoungGen: 213111K->40014K(219648K)] 332191K->189477K(743936K), 0.0328497 secs] [Times: user=0.35 sys=0.02, real=0.03 secs] 
2016-09-15T11:46:58.790-0400: 10.862: [GC (Allocation Failure) [PSYoungGen: 219214K->39818K(207360K)] 368965K->232102K(731648K), 0.0110873 secs] [Times: user=0.08 sys=0.02, real=0.01 secs] 
2016-09-15T11:46:59.032-0400: 11.104: [GC (GCLocker Initiated GC) [PSYoungGen: 198669K->45989K(210944K)] 397028K->286881K(735232K), 0.0275203 secs] [Times: user=0.29 sys=0.02, real=0.03 secs] 
2016-09-15T11:46:59.300-0400: 11.371: [GC (GCLocker Initiated GC) [PSYoungGen: 210853K->49688K(196608K)] 457907K->341549K(720896K), 0.0224701 secs] [Times: user=0.21 sys=0.02, real=0.02 secs] 
2016-09-15T11:46:59.495-0400: 11.567: [GC (Allocation Failure) [PSYoungGen: 195096K->55899K(201728K)] 487005K->451479K(726016K), 0.0157081 secs] [Times: user=0.14 sys=0.05, real=0.02 secs] 
2016-09-15T11:46:59.512-0400: 11.583: [GC (GCLocker Initiated GC) [PSYoungGen: 55914K->55707K(183296K)] 451495K->518520K(707584K), 0.0094123 secs] [Times: user=0.12 sys=0.02, real=0.01 secs] 
2016-09-15T11:46:59.521-0400: 11.593: [Full GC (Ergonomics) [PSYoungGen: 55707K->0K(183296K)] [ParOldGen: 462813K->50996K(524288K)] 518520K->50996K(707584K), [Metaspace: 43474K->43474K(1085440K)], 0.2119157 secs] [Times: user=2.98 sys=0.02, real=0.21 secs] 
2016-09-15T11:46:59.887-0400: 11.959: [GC (GCLocker Initiated GC) [PSYoungGen: 122880K->68049K(190976K)] 173881K->143359K(715264K), 0.0116614 secs] [Times: user=0.18 sys=0.00, real=0.02 secs] 
2016-09-15T11:47:00.063-0400: 12.135: [GC (GCLocker Initiated GC) [PSYoungGen: 190929K->67957K(164352K)] 272356K->149392K(688640K), 0.0104490 secs] [Times: user=0.08 sys=0.01, real=0.01 secs] 
2016-09-15T11:47:00.200-0400: 12.272: [GC (GCLocker Initiated GC) [PSYoungGen: 161141K->80495K(174080K)] 248666K->186253K(698368K), 0.0102818 secs] [Times: user=0.10 sys=0.00, real=0.01 secs] 
2016-09-15T11:47:00.345-0400: 12.417: [GC (GCLocker Initiated GC) [PSYoungGen: 173679K->79747K(175104K)] 279545K->241188K(699392K), 0.0200232 secs] [Times: user=0.29 sys=0.00, real=0.02 secs] 
2016-09-15T11:47:00.483-0400: 12.554: [GC (GCLocker Initiated GC) [PSYoungGen: 167811K->85790K(175104K)] 329344K->296090K(699392K), 0.0105470 secs] [Times: user=0.13 sys=0.00, real=0.01 secs] 
2016-09-15T11:47:00.616-0400: 12.688: [GC (GCLocker Initiated GC) [PSYoungGen: 173854K->85986K(175104K)] 384286K->381596K(699392K), 0.0131663 secs] [Times: user=0.19 sys=0.00, real=0.01 secs] 
2016-09-15T11:47:00.732-0400: 12.804: [GC (GCLocker Initiated GC) [PSYoungGen: 174050K->55479K(175104K)] 482070K->412398K(699392K), 0.0095970 secs] [Times: user=0.14 sys=0.00, real=0.01 secs] 
2016-09-15T11:47:00.878-0400: 12.950: [GC (Allocation Failure) [PSYoungGen: 143543K->55675K(175104K)] 506797K->455694K(699392K), 0.0089121 secs] [Times: user=0.14 sys=0.00, real=0.00 secs] 
2016-09-15T11:47:01.004-0400: 13.076: [GC (GCLocker Initiated GC) [PSYoungGen: 143739K->73708K(175104K)] 543764K->473853K(699392K), 0.0101096 secs] [Times: user=0.14 sys=0.00, real=0.01 secs] 
2016-09-15T11:47:01.128-0400: 13.199: [GC (Allocation Failure) [PSYoungGen: 161772K->85726K(175104K)] 561976K->504610K(699392K), 0.0108515 secs] [Times: user=0.13 sys=0.01, real=0.01 secs] 
2016-09-15T11:47:01.261-0400: 13.333: [GC (GCLocker Initiated GC) [PSYoungGen: 173790K->73348K(175104K)] 592675K->547183K(699392K), 0.0243058 secs] [Times: user=0.25 sys=0.01, real=0.02 secs] 
2016-09-15T11:47:01.286-0400: 13.357: [Full GC (Ergonomics) [PSYoungGen: 73348K->0K(175104K)] [ParOldGen: 473835K->51036K(524288K)] 547183K->51036K(699392K), [Metaspace: 43613K->43613K(1085440K)], 0.0531557 secs] [Times: user=0.35 sys=0.00, real=0.06 secs] 
2016-09-15T11:47:01.453-0400: 13.524: [GC (GCLocker Initiated GC) [PSYoungGen: 88064K->86502K(175104K)] 139215K->161953K(699392K), 0.0212593 secs] [Times: user=0.24 sys=0.00, real=0.02 secs] 
2016-09-15T11:47:01.588-0400: 13.660: [GC (GCLocker Initiated GC) [PSYoungGen: 174566K->61362K(175104K)] 250148K->168263K(699392K), 0.0117783 secs] [Times: user=0.10 sys=0.00, real=0.01 secs] 
2016-09-15T11:47:01.711-0400: 13.783: [GC (GCLocker Initiated GC) [PSYoungGen: 149426K->61654K(175104K)] 262511K->211325K(699392K), 0.0121636 secs] [Times: user=0.12 sys=0.00, real=0.01 secs] 
2016-09-15T11:47:01.870-0400: 13.942: [GC (GCLocker Initiated GC) [PSYoungGen: 149718K->36998K(175104K)] 299408K->199237K(699392K), 0.0102341 secs] [Times: user=0.08 sys=0.00, real=0.01 secs] 
2016-09-15T11:47:02.005-0400: 14.077: [GC (GCLocker Initiated GC) [PSYoungGen: 125062K->85854K(175104K)] 293418K->290835K(699392K), 0.0095220 secs] [Times: user=0.12 sys=0.01, real=0.01 secs] 
2016-09-15T11:47:02.122-0400: 14.193: [GC (GCLocker Initiated GC) [PSYoungGen: 173918K->79459K(175104K)] 378941K->315133K(699392K), 0.0181703 secs] [Times: user=0.16 sys=0.00, real=0.02 secs] 
2016-09-15T11:47:02.299-0400: 14.371: [GC (GCLocker Initiated GC) [PSYoungGen: 167523K->43133K(175104K)] 409627K->370579K(699392K), 0.0122770 secs] [Times: user=0.13 sys=0.01, real=0.01 secs] 
2016-09-15T11:47:02.454-0400: 14.526: [GC (Allocation Failure) [PSYoungGen: 131197K->49080K(175104K)] 465289K->383291K(699392K), 0.0099657 secs] [Times: user=0.10 sys=0.00, real=0.01 secs] 
2016-09-15T11:47:02.551-0400: 14.623: [GC (GCLocker Initiated GC) [PSYoungGen: 131590K->73640K(175104K)] 471876K->444437K(699392K), 0.0170799 secs] [Times: user=0.25 sys=0.00, real=0.02 secs] 
2016-09-15T11:47:02.686-0400: 14.757: [GC (GCLocker Initiated GC) [PSYoungGen: 161704K->85822K(175104K)] 532834K->463170K(699392K), 0.0106372 secs] [Times: user=0.13 sys=0.01, real=0.02 secs] 
2016-09-15T11:47:02.828-0400: 14.899: [GC (GCLocker Initiated GC) [PSYoungGen: 173886K->85626K(175104K)] 551478K->481742K(699392K), 0.0175779 secs] [Times: user=0.21 sys=0.00, real=0.01 secs] 
2016-09-15T11:47:02.963-0400: 15.034: [GC (Allocation Failure) [PSYoungGen: 173690K->73740K(175104K)] 575985K->512628K(699392K), 0.0098771 secs] [Times: user=0.12 sys=0.00, real=0.01 secs] 
2016-09-15T11:47:03.088-0400: 15.159: [GC (GCLocker Initiated GC) [PSYoungGen: 156955K->55447K(175104K)] 601919K->555417K(699392K), 0.0122509 secs] [Times: user=0.13 sys=0.01, real=0.01 secs] 
2016-09-15T11:47:03.100-0400: 15.172: [Full GC (Ergonomics) [PSYoungGen: 55447K->0K(175104K)] [ParOldGen: 499970K->45065K(524288K)] 555417K->45065K(699392K), [Metaspace: 43718K->43718K(1085440K)], 0.0534252 secs] [Times: user=0.35 sys=0.01, real=0.05 secs] 
2016-09-15T11:47:03.271-0400: 15.343: [GC (GCLocker Initiated GC) [PSYoungGen: 88064K->80103K(175104K)] 139481K->131520K(699392K), 0.0183990 secs] [Times: user=0.22 sys=0.00, real=0.02 secs] 
2016-09-15T11:47:03.411-0400: 15.482: [GC (GCLocker Initiated GC) [PSYoungGen: 168167K->73804K(175104K)] 219907K->162899K(699392K), 0.0155900 secs] [Times: user=0.19 sys=0.01, real=0.01 secs] 
2016-09-15T11:47:03.528-0400: 15.600: [GC (Allocation Failure) [PSYoungGen: 161868K->73772K(175104K)] 257348K->169380K(699392K), 0.0097341 secs] [Times: user=0.13 sys=0.00, real=0.01 secs] 
2016-09-15T11:47:03.674-0400: 15.746: [GC (GCLocker Initiated GC) [PSYoungGen: 161836K->55255K(175104K)] 257445K->187737K(699392K), 0.0114606 secs] [Times: user=0.11 sys=0.00, real=0.01 secs] 
2016-09-15T11:47:03.803-0400: 15.875: [GC (Allocation Failure) [PSYoungGen: 143319K->74132K(175104K)] 275876K->206801K(699392K), 0.0125004 secs] [Times: user=0.14 sys=0.01, real=0.02 secs] 
2016-09-15T11:47:03.924-0400: 15.996: [GC (GCLocker Initiated GC) [PSYoungGen: 162196K->85790K(175104K)] 294866K->243239K(699392K), 0.0119389 secs] [Times: user=0.15 sys=0.00, real=0.02 secs] 
2016-09-15T11:47:04.065-0400: 16.137: [GC (GCLocker Initiated GC) [PSYoungGen: 173854K->55579K(175104K)] 343752K->274197K(699392K), 0.0089626 secs] [Times: user=0.10 sys=0.01, real=0.01 secs] 
2016-09-15T11:47:04.207-0400: 16.279: [GC (GCLocker Initiated GC) [PSYoungGen: 143643K->79747K(175104K)] 368473K->304884K(699392K), 0.0088314 secs] [Times: user=0.11 sys=0.00, real=0.02 secs] 
2016-09-15T11:47:04.316-0400: 16.387: [GC (Allocation Failure) [PSYoungGen: 167811K->85986K(175104K)] 399149K->372135K(699392K), 0.0163352 secs] [Times: user=0.24 sys=0.00, real=0.02 secs] 
2016-09-15T11:47:04.447-0400: 16.518: [GC (Allocation Failure) [PSYoungGen: 174050K->55059K(175104K)] 460199K->396142K(699392K), 0.0153118 secs] [Times: user=0.10 sys=0.01, real=0.02 secs] 
2016-09-15T11:47:04.584-0400: 16.656: [GC (GCLocker Initiated GC) [PSYoungGen: 143123K->55451K(175104K)] 484206K->396630K(699392K), 0.0128900 secs] [Times: user=0.15 sys=0.00, real=0.02 secs] 
2016-09-15T11:47:04.702-0400: 16.773: [GC (GCLocker Initiated GC) [PSYoungGen: 143515K->55223K(175104K)] 497076K->427293K(699392K), 0.0106062 secs] [Times: user=0.08 sys=0.01, real=0.01 secs] 
2016-09-15T11:47:04.830-0400: 16.902: [GC (GCLocker Initiated GC) [PSYoungGen: 143287K->85890K(175104K)] 515723K->464529K(699392K), 0.0110236 secs] [Times: user=0.13 sys=0.00, real=0.01 secs] 
2016-09-15T11:47:04.996-0400: 17.068: [GC (GCLocker Initiated GC) [PSYoungGen: 173954K->85758K(175104K)] 552634K->489186K(699392K), 0.0091847 secs] [Times: user=0.13 sys=0.00, real=0.00 secs] 
2016-09-15T11:47:05.127-0400: 17.198: [GC (GCLocker Initiated GC) [PSYoungGen: 173822K->55123K(175104K)] 577757K->514064K(699392K), 0.0096271 secs] [Times: user=0.13 sys=0.00, real=0.02 secs] 
2016-09-15T11:47:05.137-0400: 17.208: [Full GC (Ergonomics) [PSYoungGen: 55123K->0K(175104K)] [ParOldGen: 458941K->39236K(524288K)] 514064K->39236K(699392K), [Metaspace: 43794K->43794K(1085440K)], 0.0520784 secs] [Times: user=0.39 sys=0.00, real=0.05 secs] 
2016-09-15T11:47:05.295-0400: 17.366: [GC (GCLocker Initiated GC) [PSYoungGen: 88064K->85594K(175104K)] 133528K->131067K(699392K), 0.0102867 secs] [Times: user=0.12 sys=0.00, real=0.01 secs] 
2016-09-15T11:47:05.417-0400: 17.489: [GC (Allocation Failure) [PSYoungGen: 173658K->79879K(175104K)] 219368K->180408K(699392K), 0.0109412 secs] [Times: user=0.12 sys=0.00, real=0.01 secs] 
2016-09-15T11:47:05.510-0400: 17.581: [GC (GCLocker Initiated GC) [PSYoungGen: 162331K->67793K(175104K)] 268936K->217746K(699392K), 0.0082333 secs] [Times: user=0.12 sys=0.00, real=0.01 secs] 
2016-09-15T11:47:05.635-0400: 17.707: [GC (GCLocker Initiated GC) [PSYoungGen: 155857K->85922K(175104K)] 306171K->272829K(699392K), 0.0099123 secs] [Times: user=0.12 sys=0.00, real=0.01 secs] 
2016-09-15T11:47:05.748-0400: 17.819: [GC (GCLocker Initiated GC) [PSYoungGen: 173986K->37158K(175104K)] 367228K->249097K(699392K), 0.0090043 secs] [Times: user=0.11 sys=0.00, real=0.01 secs] 
2016-09-15T11:47:05.873-0400: 17.945: [GC (GCLocker Initiated GC) [PSYoungGen: 125222K->85986K(175104K)] 337510K->304665K(699392K), 0.0098050 secs] [Times: user=0.15 sys=0.00, real=0.01 secs] 
2016-09-15T11:47:06.046-0400: 18.117: [GC (GCLocker Initiated GC) [PSYoungGen: 174050K->37094K(175104K)] 398806K->280374K(699392K), 0.0079841 secs] [Times: user=0.09 sys=0.01, real=0.01 secs] 
2016-09-15T11:47:06.180-0400: 18.251: [GC (GCLocker Initiated GC) [PSYoungGen: 125158K->85822K(175104K)] 368508K->353804K(699392K), 0.0098132 secs] [Times: user=0.14 sys=0.00, real=0.01 secs] 
2016-09-15T11:47:06.289-0400: 18.360: [GC (GCLocker Initiated GC) [PSYoungGen: 173886K->67629K(175104K)] 454110K->415010K(699392K), 0.0119221 secs] [Times: user=0.19 sys=0.01, real=0.01 secs] 
2016-09-15T11:47:06.421-0400: 18.493: [GC (GCLocker Initiated GC) [PSYoungGen: 155690K->85954K(175104K)] 503438K->470459K(699392K), 0.0139437 secs] [Times: user=0.16 sys=0.00, real=0.01 secs] 
2016-09-15T11:47:06.561-0400: 18.633: [GC (Allocation Failure) [PSYoungGen: 174018K->67469K(175104K)] 564685K->476684K(699392K), 0.0120485 secs] [Times: user=0.18 sys=0.00, real=0.01 secs] 
2016-09-15T11:47:06.678-0400: 18.749: [GC (GCLocker Initiated GC) [PSYoungGen: 152048K->73708K(175104K)] 567338K->531799K(699392K), 0.0171494 secs] [Times: user=0.19 sys=0.00, real=0.01 secs] 
2016-09-15T11:47:06.695-0400: 18.767: [Full GC (Ergonomics) [PSYoungGen: 73708K->0K(175104K)] [ParOldGen: 458091K->51427K(524288K)] 531799K->51427K(699392K), [Metaspace: 43829K->43829K(1087488K)], 0.0646546 secs] [Times: user=0.39 sys=0.02, real=0.07 secs] 
2016-09-15T11:47:06.866-0400: 18.938: [GC (GCLocker Initiated GC) [PSYoungGen: 88064K->86374K(175104K)] 139506K->143891K(699392K), 0.0126794 secs] [Times: user=0.17 sys=0.00, real=0.02 secs] 
2016-09-15T11:47:07.028-0400: 19.100: [GC (GCLocker Initiated GC) [PSYoungGen: 174438K->37098K(175104K)] 238157K->144035K(699392K), 0.0280933 secs] [Times: user=0.36 sys=0.00, real=0.03 secs] 
2016-09-15T11:47:07.166-0400: 19.238: [GC (GCLocker Initiated GC) [PSYoungGen: 125162K->85790K(175104K)] 232135K->205221K(699392K), 0.0115828 secs] [Times: user=0.15 sys=0.00, real=0.02 secs] 
2016-09-15T11:47:07.313-0400: 19.385: [GC (GCLocker Initiated GC) [PSYoungGen: 173854K->73640K(175104K)] 299469K->278553K(699392K), 0.0114610 secs] [Times: user=0.15 sys=0.00, real=0.01 secs] 
2016-09-15T11:47:07.447-0400: 19.519: [GC (GCLocker Initiated GC) [PSYoungGen: 161704K->73640K(175104K)] 366861K->315539K(699392K), 0.0103645 secs] [Times: user=0.14 sys=0.00, real=0.02 secs] 
2016-09-15T11:47:07.575-0400: 19.646: [GC (GCLocker Initiated GC) [PSYoungGen: 161704K->73704K(175104K)] 403908K->334432K(699392K), 0.0104848 secs] [Times: user=0.14 sys=0.01, real=0.01 secs] 
2016-09-15T11:47:07.707-0400: 19.779: [GC (GCLocker Initiated GC) [PSYoungGen: 161768K->55515K(175104K)] 422529K->352853K(699392K), 0.0108130 secs] [Times: user=0.10 sys=0.00, real=0.02 secs] 
2016-09-15T11:47:07.816-0400: 19.888: [GC (GCLocker Initiated GC) [PSYoungGen: 143579K->85726K(175104K)] 441278K->383709K(699392K), 0.0112660 secs] [Times: user=0.12 sys=0.01, real=0.00 secs] 
2016-09-15T11:47:07.941-0400: 20.013: [GC (Allocation Failure) [PSYoungGen: 173790K->85890K(175104K)] 478049K->408673K(699392K), 0.0094459 secs] [Times: user=0.09 sys=0.00, real=0.01 secs] 
2016-09-15T11:47:08.070-0400: 20.142: [GC (GCLocker Initiated GC) [PSYoungGen: 173954K->49212K(175104K)] 496743K->426959K(699392K), 0.0153401 secs] [Times: user=0.20 sys=0.00, real=0.01 secs] 
2016-09-15T11:47:08.213-0400: 20.284: [GC (GCLocker Initiated GC) [PSYoungGen: 137276K->73640K(175104K)] 515189K->494401K(699392K), 0.0090898 secs] [Times: user=0.11 sys=0.01, real=0.01 secs] 
2016-09-15T11:47:08.317-0400: 20.389: [GC (GCLocker Initiated GC) [PSYoungGen: 161704K->85986K(175104K)] 582647K->531568K(699392K), 0.0101289 secs] [Times: user=0.15 sys=0.00, real=0.00 secs] 
2016-09-15T11:47:08.457-0400: 20.529: [Full GC (Ergonomics) [PSYoungGen: 174050K->0K(175104K)] [ParOldGen: 452024K->51820K(524288K)] 626074K->51820K(699392K), [Metaspace: 43836K->43836K(1087488K)], 0.0467966 secs] [Times: user=0.30 sys=0.00, real=0.04 secs] 
2016-09-15T11:47:08.647-0400: 20.719: [GC (GCLocker Initiated GC) [PSYoungGen: 88064K->85890K(175104K)] 146056K->143882K(699392K), 0.0071001 secs] [Times: user=0.07 sys=0.00, real=0.01 secs] 
2016-09-15T11:47:08.767-0400: 20.838: [GC (GCLocker Initiated GC) [PSYoungGen: 173954K->73640K(175104K)] 232296K->186988K(699392K), 0.0134846 secs] [Times: user=0.18 sys=0.01, real=0.02 secs] 
2016-09-15T11:47:08.893-0400: 20.965: [GC (GCLocker Initiated GC) [PSYoungGen: 161704K->61558K(175104K)] 281276K->211601K(699392K), 0.0108648 secs] [Times: user=0.10 sys=0.01, real=0.01 secs] 
2016-09-15T11:47:09.012-0400: 21.084: [GC (GCLocker Initiated GC) [PSYoungGen: 149622K->85922K(175104K)] 300026K->260925K(699392K), 0.0143489 secs] [Times: user=0.18 sys=0.01, real=0.01 secs] 
2016-09-15T11:47:09.149-0400: 21.221: [GC (GCLocker Initiated GC) [PSYoungGen: 173986K->24752K(175104K)] 349193K->236661K(699392K), 0.0179353 secs] [Times: user=0.18 sys=0.00, real=0.01 secs] 
2016-09-15T11:47:09.288-0400: 21.360: [GC (GCLocker Initiated GC) [PSYoungGen: 112816K->43269K(175104K)] 331020K->279794K(699392K), 0.0172012 secs] [Times: user=0.14 sys=0.00, real=0.01 secs] 
2016-09-15T11:47:09.452-0400: 21.524: [GC (GCLocker Initiated GC) [PSYoungGen: 131333K->73316K(175104K)] 373986K->334469K(699392K), 0.0200139 secs] [Times: user=0.25 sys=0.01, real=0.02 secs] 
2016-09-15T11:47:09.589-0400: 21.661: [GC (GCLocker Initiated GC) [PSYoungGen: 161380K->61102K(175104K)] 422597K->334549K(699392K), 0.0181463 secs] [Times: user=0.18 sys=0.00, real=0.01 secs] 
2016-09-15T11:47:09.722-0400: 21.794: [GC (GCLocker Initiated GC) [PSYoungGen: 149166K->67633K(175104K)] 435012K->402263K(699392K), 0.0285983 secs] [Times: user=0.38 sys=0.00, real=0.03 secs] 
2016-09-15T11:47:09.864-0400: 21.935: [GC (GCLocker Initiated GC) [PSYoungGen: 155697K->74032K(175104K)] 496566K->445568K(699392K), 0.0186912 secs] [Times: user=0.24 sys=0.01, real=0.02 secs] 
2016-09-15T11:47:14.936-0400: 27.008: [GC (Allocation Failure) [PSYoungGen: 162096K->55703K(175104K)] 533633K->445740K(699392K), 4.9576256 secs] [Times: user=0.15 sys=0.05, real=4.95 secs] 
2016-09-15T11:47:20.036-0400: 32.107: [GC (GCLocker Initiated GC) [PSYoungGen: 143767K->49116K(175104K)] 533810K->457480K(699392K), 0.0230171 secs] [Times: user=0.22 sys=0.01, real=0.02 secs] 
2016-09-15T11:47:20.180-0400: 32.252: [GC (GCLocker Initiated GC) [PSYoungGen: 137180K->55387K(175104K)] 557843K->476309K(699392K), 0.0194864 secs] [Times: user=0.18 sys=0.00, real=0.02 secs] 
2016-09-15T11:47:20.318-0400: 32.389: [GC (GCLocker Initiated GC) [PSYoungGen: 143451K->85726K(175104K)] 564499K->561921K(699392K), 0.0210014 secs] [Times: user=0.23 sys=0.01, real=0.02 secs] 
2016-09-15T11:47:20.339-0400: 32.410: [Full GC (Ergonomics) [PSYoungGen: 85726K->0K(175104K)] [ParOldGen: 476194K->51863K(524288K)] 561921K->51863K(699392K), [Metaspace: 43892K->43892K(1087488K)], 0.0579837 secs] [Times: user=0.36 sys=0.01, real=0.06 secs] 
2016-09-15T11:47:20.527-0400: 32.598: [GC (GCLocker Initiated GC) [PSYoungGen: 88064K->86406K(175104K)] 152203K->174845K(699392K), 0.0091444 secs] [Times: user=0.12 sys=0.00, real=0.02 secs] 
2016-09-15T11:47:20.683-0400: 32.754: [GC (GCLocker Initiated GC) [PSYoungGen: 174470K->55351K(175104K)] 269031K->199240K(699392K), 0.0120461 secs] [Times: user=0.11 sys=0.02, real=0.01 secs] 
2016-09-15T11:47:20.822-0400: 32.894: [GC (GCLocker Initiated GC) [PSYoungGen: 143415K->61266K(175104K)] 287665K->217761K(699392K), 0.0206516 secs] [Times: user=0.26 sys=0.00, real=0.02 secs] 
2016-09-15T11:47:20.967-0400: 33.039: [GC (GCLocker Initiated GC) [PSYoungGen: 149330K->31378K(175104K)] 312211K->242971K(699392K), 0.0085187 secs] [Times: user=0.08 sys=0.00, real=0.02 secs] 
2016-09-15T11:47:21.091-0400: 33.163: [GC (GCLocker Initiated GC) [PSYoungGen: 119442K->55251K(175104K)] 337158K->315807K(699392K), 0.0144867 secs] [Times: user=0.15 sys=0.00, real=0.01 secs] 
2016-09-15T11:47:21.224-0400: 33.296: [GC (Allocation Failure) [PSYoungGen: 143313K->55938K(175104K)] 416363K->347366K(699392K), 0.0102468 secs] [Times: user=0.14 sys=0.00, real=0.01 secs] 
2016-09-15T11:47:21.359-0400: 33.430: [GC (GCLocker Initiated GC) [PSYoungGen: 143868K->36898K(175104K)] 435551K->347425K(699392K), 0.0109877 secs] [Times: user=0.10 sys=0.01, real=0.01 secs] 
2016-09-15T11:47:21.493-0400: 33.565: [GC (GCLocker Initiated GC) [PSYoungGen: 124962K->80079K(175104K)] 435616K->409069K(699392K), 0.0109412 secs] [Times: user=0.11 sys=0.01, real=0.01 secs] 
2016-09-15T11:47:21.627-0400: 33.699: [GC (GCLocker Initiated GC) [PSYoungGen: 168143K->61394K(175104K)] 497192K->427505K(699392K), 0.0152954 secs] [Times: user=0.18 sys=0.00, real=0.02 secs] 
2016-09-15T11:47:21.771-0400: 33.842: [GC (Allocation Failure) [PSYoungGen: 149458K->67665K(175104K)] 515627K->452210K(699392K), 0.0102459 secs] [Times: user=0.12 sys=0.00, real=0.01 secs] 
2016-09-15T11:47:21.896-0400: 33.967: [GC (GCLocker Initiated GC) [PSYoungGen: 155729K->73476K(175104K)] 540280K->494941K(699392K), 0.0136122 secs] [Times: user=0.18 sys=0.00, real=0.01 secs] 
2016-09-15T11:47:22.044-0400: 34.116: [GC (GCLocker Initiated GC) [PSYoungGen: 161540K->73968K(175104K)] 583273K->514077K(699392K), 0.0105676 secs] [Times: user=0.09 sys=0.00, real=0.01 secs] 
2016-09-15T11:47:22.169-0400: 34.241: [GC (GCLocker Initiated GC) [PSYoungGen: 162032K->67273K(175104K)] 608247K->531996K(699392K), 0.0108537 secs] [Times: user=0.08 sys=0.00, real=0.01 secs] 
2016-09-15T11:47:22.180-0400: 34.252: [Full GC (Ergonomics) [PSYoungGen: 67273K->0K(175104K)] [ParOldGen: 464723K->45663K(524288K)] 531996K->45663K(699392K), [Metaspace: 43914K->43914K(1087488K)], 0.0619285 secs] [Times: user=0.37 sys=0.02, real=0.06 secs] 
2016-09-15T11:47:22.353-0400: 34.424: [GC (GCLocker Initiated GC) [PSYoungGen: 88064K->74612K(175104K)] 146232K->132780K(699392K), 0.0071939 secs] [Times: user=0.08 sys=0.00, real=0.01 secs] 
2016-09-15T11:47:22.473-0400: 34.544: [GC (GCLocker Initiated GC) [PSYoungGen: 162676K->55419K(175104K)] 220930K->132841K(699392K), 0.0105724 secs] [Times: user=0.07 sys=0.00, real=0.01 secs] 
2016-09-15T11:47:22.616-0400: 34.687: [GC (GCLocker Initiated GC) [PSYoungGen: 143483K->61166K(175104K)] 221210K->157386K(699392K), 0.0303941 secs] [Times: user=0.36 sys=0.00, real=0.02 secs] 
2016-09-15T11:47:22.762-0400: 34.834: [GC (Allocation Failure) [PSYoungGen: 149230K->85954K(175104K)] 245800K->188726K(699392K), 0.0077093 secs] [Times: user=0.10 sys=0.00, real=0.01 secs] 
2016-09-15T11:47:22.900-0400: 34.972: [GC (GCLocker Initiated GC) [PSYoungGen: 170122K->37126K(175104K)] 278970K->182895K(699392K), 0.0092948 secs] [Times: user=0.09 sys=0.01, real=0.01 secs] 
2016-09-15T11:47:23.064-0400: 35.135: [GC (Allocation Failure) [PSYoungGen: 125190K->18901K(175104K)] 289824K->183655K(699392K), 0.0096962 secs] [Times: user=0.11 sys=0.00, real=0.01 secs] 
2016-09-15T11:47:23.202-0400: 35.274: [GC (GCLocker Initiated GC) [PSYoungGen: 103043K->55287K(175104K)] 273872K->226415K(699392K), 0.0084294 secs] [Times: user=0.08 sys=0.00, real=0.01 secs] 
2016-09-15T11:47:23.317-0400: 35.389: [GC (GCLocker Initiated GC) [PSYoungGen: 143351K->61522K(175104K)] 326682K->287686K(699392K), 0.0232004 secs] [Times: user=0.30 sys=0.00, real=0.02 secs] 
2016-09-15T11:47:23.444-0400: 35.516: [GC (GCLocker Initiated GC) [PSYoungGen: 149586K->61750K(175104K)] 382764K->350098K(699392K), 0.0124291 secs] [Times: user=0.15 sys=0.01, real=0.02 secs] 
2016-09-15T11:47:23.583-0400: 35.655: [GC (GCLocker Initiated GC) [PSYoungGen: 149814K->61326K(175104K)] 444352K->374568K(699392K), 0.0107149 secs] [Times: user=0.13 sys=0.01, real=0.01 secs] 
2016-09-15T11:47:23.692-0400: 35.764: [GC (GCLocker Initiated GC) [PSYoungGen: 149390K->67373K(175104K)] 462837K->399141K(699392K), 0.0138741 secs] [Times: user=0.11 sys=0.00, real=0.01 secs] 
2016-09-15T11:47:23.858-0400: 35.930: [GC (GCLocker Initiated GC) [PSYoungGen: 155437K->67765K(175104K)] 493535K->424371K(699392K), 0.0104730 secs] [Times: user=0.12 sys=0.00, real=0.01 secs] 
2016-09-15T11:47:23.988-0400: 36.060: [GC (GCLocker Initiated GC) [PSYoungGen: 155829K->55483K(175104K)] 518657K->449134K(699392K), 0.0289457 secs] [Times: user=0.31 sys=0.00, real=0.03 secs] 
2016-09-15T11:47:24.135-0400: 36.206: [GC (GCLocker Initiated GC) [PSYoungGen: 143547K->73576K(175104K)] 537262K->485840K(699392K), 0.0079369 secs] [Times: user=0.10 sys=0.00, real=0.01 secs] 
2016-09-15T11:47:24.279-0400: 36.351: [GC (Allocation Failure) [PSYoungGen: 161640K->49276K(175104K)] 573956K->510344K(699392K), 0.0135545 secs] [Times: user=0.14 sys=0.00, real=0.01 secs] 
2016-09-15T11:47:24.293-0400: 36.364: [Full GC (Ergonomics) [PSYoungGen: 49276K->0K(175104K)] [ParOldGen: 461068K->40020K(524288K)] 510344K->40020K(699392K), [Metaspace: 43921K->43921K(1087488K)], 0.0584332 secs] [Times: user=0.33 sys=0.00, real=0.06 secs] 
2016-09-15T11:47:24.459-0400: 36.530: [GC (GCLocker Initiated GC) [PSYoungGen: 88064K->86178K(175104K)] 128089K->150504K(699392K), 0.0114240 secs] [Times: user=0.13 sys=0.00, real=0.01 secs] 
2016-09-15T11:47:24.623-0400: 36.695: [GC (GCLocker Initiated GC) [PSYoungGen: 174242K->55807K(175104K)] 250962K->187741K(699392K), 0.0118532 secs] [Times: user=0.12 sys=0.00, real=0.01 secs] 
2016-09-15T11:47:24.760-0400: 36.832: [GC (GCLocker Initiated GC) [PSYoungGen: 143871K->49280K(175104K)] 282186K->187666K(699392K), 0.0136883 secs] [Times: user=0.13 sys=0.00, real=0.01 secs] 
2016-09-15T11:47:24.883-0400: 36.954: [GC (GCLocker Initiated GC) [PSYoungGen: 137344K->73840K(175104K)] 275996K->230828K(699392K), 0.0179551 secs] [Times: user=0.19 sys=0.01, real=0.02 secs] 
2016-09-15T11:47:25.012-0400: 37.083: [GC (GCLocker Initiated GC) [PSYoungGen: 161904K->49571K(175104K)] 331313K->255715K(699392K), 0.0086567 secs] [Times: user=0.09 sys=0.00, real=0.01 secs] 
2016-09-15T11:47:25.139-0400: 37.211: [GC (GCLocker Initiated GC) [PSYoungGen: 137635K->37713K(175104K)] 356093K->280787K(699392K), 0.0075633 secs] [Times: user=0.07 sys=0.00, real=0.00 secs] 
2016-09-15T11:47:25.263-0400: 37.335: [GC (GCLocker Initiated GC) [PSYoungGen: 125777K->61394K(175104K)] 381244K->354070K(699392K), 0.0194575 secs] [Times: user=0.21 sys=0.01, real=0.02 secs] 
2016-09-15T11:47:25.389-0400: 37.461: [GC (GCLocker Initiated GC) [PSYoungGen: 149458K->73576K(175104K)] 449153K->410029K(699392K), 0.0119374 secs] [Times: user=0.12 sys=0.01, real=0.01 secs] 
2016-09-15T11:47:25.491-0400: 37.562: [GC (GCLocker Initiated GC) [PSYoungGen: 161640K->42941K(175104K)] 504210K->440454K(699392K), 0.0182909 secs] [Times: user=0.19 sys=0.00, real=0.02 secs] 
2016-09-15T11:47:25.614-0400: 37.686: [GC (GCLocker Initiated GC) [PSYoungGen: 131005K->86118K(175104K)] 528727K->514343K(699392K), 0.0214698 secs] [Times: user=0.22 sys=0.01, real=0.03 secs] 
2016-09-15T11:47:25.737-0400: 37.809: [GC (GCLocker Initiated GC) [PSYoungGen: 174182K->55287K(175104K)] 602667K->502593K(699392K), 0.0259917 secs] [Times: user=0.30 sys=0.00, real=0.02 secs] 
2016-09-15T11:47:25.882-0400: 37.954: [GC (GCLocker Initiated GC) [PSYoungGen: 143351K->67569K(175104K)] 596796K->557747K(699392K), 0.0138612 secs] [Times: user=0.14 sys=0.00, real=0.02 secs] 
2016-09-15T11:47:25.896-0400: 37.968: [Full GC (Ergonomics) [PSYoungGen: 67569K->0K(175104K)] [ParOldGen: 490178K->52367K(524288K)] 557747K->52367K(699392K), [Metaspace: 43946K->43946K(1087488K)], 0.0598093 secs] [Times: user=0.26 sys=0.01, real=0.06 secs] 
2016-09-15T11:47:26.081-0400: 38.153: [GC (GCLocker Initiated GC) [PSYoungGen: 88064K->86470K(175104K)] 152937K->157418K(699392K), 0.0084133 secs] [Times: user=0.10 sys=0.00, real=0.01 secs] 
2016-09-15T11:47:26.223-0400: 38.295: [GC (GCLocker Initiated GC) [PSYoungGen: 174534K->73836K(175104K)] 245765K->200494K(699392K), 0.0103733 secs] [Times: user=0.15 sys=0.00, real=0.01 secs] 
2016-09-15T11:47:26.332-0400: 38.403: [GC (GCLocker Initiated GC) [PSYoungGen: 161900K->73640K(175104K)] 288633K->243026K(699392K), 0.0163927 secs] [Times: user=0.23 sys=0.01, real=0.02 secs] 
2016-09-15T11:47:26.485-0400: 38.557: [GC (Allocation Failure) [PSYoungGen: 161704K->49312K(175104K)] 343433K->261527K(699392K), 0.0162868 secs] [Times: user=0.18 sys=0.00, real=0.02 secs] 
2016-09-15T11:47:26.621-0400: 38.693: [GC (GCLocker Initiated GC) [PSYoungGen: 135325K->55515K(175104K)] 353616K->298732K(699392K), 0.0143209 secs] [Times: user=0.18 sys=0.00, real=0.02 secs] 
2016-09-15T11:47:26.751-0400: 38.823: [GC (GCLocker Initiated GC) [PSYoungGen: 143579K->37421K(175104K)] 392889K->287015K(699392K), 0.0060039 secs] [Times: user=0.07 sys=0.01, real=0.01 secs] 
2016-09-15T11:47:26.855-0400: 38.927: [GC (GCLocker Initiated GC) [PSYoungGen: 125485K->73804K(175104K)] 375228K->342422K(699392K), 0.0101820 secs] [Times: user=0.13 sys=0.00, real=0.01 secs] 
2016-09-15T11:47:26.980-0400: 39.052: [GC (GCLocker Initiated GC) [PSYoungGen: 161868K->79847K(175104K)] 436732K->373244K(699392K), 0.0158011 secs] [Times: user=0.21 sys=0.00, real=0.02 secs] 
2016-09-15T11:47:27.098-0400: 39.169: [GC (GCLocker Initiated GC) [PSYoungGen: 167911K->85822K(175104K)] 467475K->434645K(699392K), 0.0111236 secs] [Times: user=0.18 sys=0.00, real=0.01 secs] 
2016-09-15T11:47:27.249-0400: 39.320: [GC (GCLocker Initiated GC) [PSYoungGen: 173886K->43429K(175104K)] 535126K->471621K(699392K), 0.0099644 secs] [Times: user=0.12 sys=0.01, real=0.01 secs] 
2016-09-15T11:47:27.378-0400: 39.450: [GC (GCLocker Initiated GC) [PSYoungGen: 131493K->73576K(175104K)] 559963K->520579K(699392K), 0.0113125 secs] [Times: user=0.13 sys=0.00, real=0.01 secs] 
2016-09-15T11:47:27.507-0400: 39.578: [Full GC (Ergonomics) [PSYoungGen: 161640K->0K(175104K)] [ParOldGen: 459362K->51594K(524288K)] 621002K->51594K(699392K), [Metaspace: 43979K->43979K(1087488K)], 0.0656359 secs] [Times: user=0.36 sys=0.00, real=0.07 secs] 
2016-09-15T11:47:27.722-0400: 39.794: [GC (GCLocker Initiated GC) [PSYoungGen: 86329K->55123K(175104K)] 143998K->112792K(699392K), 0.0159188 secs] [Times: user=0.14 sys=0.00, real=0.02 secs] 
2016-09-15T11:47:27.881-0400: 39.953: [GC (GCLocker Initiated GC) [PSYoungGen: 143187K->73904K(175104K)] 206991K->156076K(699392K), 0.0094993 secs] [Times: user=0.08 sys=0.00, real=0.01 secs] 
2016-09-15T11:47:28.013-0400: 40.085: [GC (GCLocker Initiated GC) [PSYoungGen: 161968K->73348K(175104K)] 250290K->180531K(699392K), 0.0282927 secs] [Times: user=0.28 sys=0.00, real=0.03 secs] 
2016-09-15T11:47:28.126-0400: 40.198: [GC (GCLocker Initiated GC) [PSYoungGen: 161412K->67633K(175104K)] 268877K->223826K(699392K), 0.0185018 secs] [Times: user=0.18 sys=0.00, real=0.02 secs] 
2016-09-15T11:47:28.251-0400: 40.323: [GC (GCLocker Initiated GC) [PSYoungGen: 155697K->73708K(175104K)] 312039K->272858K(699392K), 0.0155284 secs] [Times: user=0.17 sys=0.00, real=0.01 secs] 
2016-09-15T11:47:28.392-0400: 40.463: [GC (GCLocker Initiated GC) [PSYoungGen: 161772K->55323K(175104K)] 367195K->279059K(699392K), 0.0111429 secs] [Times: user=0.11 sys=0.00, real=0.01 secs] 
2016-09-15T11:47:28.503-0400: 40.574: [GC (GCLocker Initiated GC) [PSYoungGen: 143387K->42941K(175104K)] 367249K->303505K(699392K), 0.0252414 secs] [Times: user=0.23 sys=0.00, real=0.03 secs] 
2016-09-15T11:47:28.649-0400: 40.720: [GC (GCLocker Initiated GC) [PSYoungGen: 131005K->86218K(175104K)] 391623K->383429K(699392K), 0.0154082 secs] [Times: user=0.21 sys=0.01, real=0.01 secs] 
2016-09-15T11:47:28.780-0400: 40.852: [GC (GCLocker Initiated GC) [PSYoungGen: 174282K->24979K(175104K)] 471574K->377378K(699392K), 0.0171373 secs] [Times: user=0.17 sys=0.00, real=0.02 secs] 
2016-09-15T11:47:28.900-0400: 40.971: [GC (Allocation Failure) [PSYoungGen: 113043K->73608K(175104K)] 465792K->444865K(699392K), 0.0111706 secs] [Times: user=0.13 sys=0.00, real=0.01 secs] 
2016-09-15T11:47:29.029-0400: 41.100: [GC (GCLocker Initiated GC) [PSYoungGen: 161672K->73836K(175104K)] 532934K->463443K(699392K), 0.0110784 secs] [Times: user=0.12 sys=0.00, real=0.01 secs] 
2016-09-15T11:47:29.146-0400: 41.218: [GC (GCLocker Initiated GC) [PSYoungGen: 161900K->55383K(175104K)] 557736K->487984K(699392K), 0.0121849 secs] [Times: user=0.14 sys=0.00, real=0.02 secs] 
2016-09-15T11:47:29.266-0400: 41.337: [GC (GCLocker Initiated GC) [PSYoungGen: 143447K->49344K(175104K)] 576303K->524844K(699392K), 0.0108770 secs] [Times: user=0.10 sys=0.00, real=0.02 secs] 
2016-09-15T11:47:29.277-0400: 41.348: [Full GC (Ergonomics) [PSYoungGen: 49344K->0K(175104K)] [ParOldGen: 475500K->51999K(524288K)] 524844K->51999K(699392K), [Metaspace: 44034K->44034K(1087488K)], 0.0974845 secs] [Times: user=0.53 sys=0.03, real=0.09 secs] 
2016-09-15T11:47:29.492-0400: 41.563: [GC (GCLocker Initiated GC) [PSYoungGen: 88064K->61654K(175104K)] 152506K->126096K(699392K), 0.0120372 secs] [Times: user=0.08 sys=0.00, real=0.01 secs] 
2016-09-15T11:47:29.618-0400: 41.690: [GC (GCLocker Initiated GC) [PSYoungGen: 149718K->79555K(175104K)] 220311K->193329K(699392K), 0.0379109 secs] [Times: user=0.39 sys=0.00, real=0.04 secs] 
2016-09-15T11:47:29.766-0400: 41.838: [GC (GCLocker Initiated GC) [PSYoungGen: 167619K->61426K(175104K)] 281568K->248419K(699392K), 0.0195033 secs] [Times: user=0.21 sys=0.01, real=0.02 secs] 
2016-09-15T11:47:29.903-0400: 41.975: [GC (GCLocker Initiated GC) [PSYoungGen: 149490K->61526K(175104K)] 336524K->285278K(699392K), 0.0115842 secs] [Times: user=0.10 sys=0.00, real=0.01 secs] 
2016-09-15T11:47:30.019-0400: 42.090: [GC (Allocation Failure) [PSYoungGen: 149590K->67405K(175104K)] 373697K->334313K(699392K), 0.0163230 secs] [Times: user=0.16 sys=0.01, real=0.01 secs] 
2016-09-15T11:47:30.135-0400: 42.207: [GC (GCLocker Initiated GC) [PSYoungGen: 155469K->73772K(175104K)] 422383K->365269K(699392K), 0.0120675 secs] [Times: user=0.12 sys=0.01, real=0.01 secs] 
2016-09-15T11:47:30.253-0400: 42.325: [GC (GCLocker Initiated GC) [PSYoungGen: 161836K->79815K(175104K)] 453403K->407951K(699392K), 0.0213532 secs] [Times: user=0.23 sys=0.00, real=0.02 secs] 
2016-09-15T11:47:30.418-0400: 42.490: [GC (GCLocker Initiated GC) [PSYoungGen: 167879K->73640K(175104K)] 502390K->457222K(699392K), 0.0102686 secs] [Times: user=0.12 sys=0.00, real=0.01 secs] 
2016-09-15T11:47:30.529-0400: 42.601: [GC (GCLocker Initiated GC) [PSYoungGen: 161704K->85986K(175104K)] 545457K->488271K(699392K), 0.0138695 secs] [Times: user=0.15 sys=0.00, real=0.01 secs] 
2016-09-15T11:47:30.665-0400: 42.737: [GC (GCLocker Initiated GC) [PSYoungGen: 174050K->61230K(175104K)] 576439K->536818K(699392K), 0.0238114 secs] [Times: user=0.31 sys=0.01, real=0.03 secs] 
2016-09-15T11:47:30.689-0400: 42.761: [Full GC (Ergonomics) [PSYoungGen: 61230K->0K(175104K)] [ParOldGen: 475588K->45560K(524288K)] 536818K->45560K(699392K), [Metaspace: 44053K->44053K(1087488K)], 0.1016629 secs] [Times: user=0.40 sys=0.04, real=0.10 secs] 
2016-09-15T11:47:30.893-0400: 42.965: [GC (GCLocker Initiated GC) [PSYoungGen: 88064K->86406K(175104K)] 139914K->162556K(699392K), 0.0123581 secs] [Times: user=0.16 sys=0.00, real=0.01 secs] 
2016-09-15T11:47:31.026-0400: 43.097: [GC (GCLocker Initiated GC) [PSYoungGen: 174470K->43201K(175104K)] 250852K->157096K(699392K), 0.0076474 secs] [Times: user=0.06 sys=0.01, real=0.01 secs] 
2016-09-15T11:47:31.127-0400: 43.199: [GC (GCLocker Initiated GC) [PSYoungGen: 131265K->67405K(175104K)] 245275K->212058K(699392K), 0.0107052 secs] [Times: user=0.07 sys=0.00, real=0.02 secs] 
2016-09-15T11:47:31.284-0400: 43.355: [GC (GCLocker Initiated GC) [PSYoungGen: 155469K->31246K(175104K)] 312599K->243179K(699392K), 0.0167116 secs] [Times: user=0.15 sys=0.00, real=0.02 secs] 
2016-09-15T11:47:31.409-0400: 43.480: [GC (GCLocker Initiated GC) [PSYoungGen: 119310K->85498K(175104K)] 331280K->315991K(699392K), 0.0110259 secs] [Times: user=0.15 sys=0.00, real=0.01 secs] 
2016-09-15T11:47:31.526-0400: 43.597: [GC (GCLocker Initiated GC) [PSYoungGen: 173562K->55643K(175104K)] 416555K->347380K(699392K), 0.0118661 secs] [Times: user=0.16 sys=0.00, real=0.02 secs] 
2016-09-15T11:47:31.649-0400: 43.721: [GC (GCLocker Initiated GC) [PSYoungGen: 143707K->73936K(175104K)] 441538K->390300K(699392K), 0.0205708 secs] [Times: user=0.27 sys=0.00, real=0.02 secs] 
2016-09-15T11:47:31.800-0400: 43.872: [GC (GCLocker Initiated GC) [PSYoungGen: 162000K->49408K(175104K)] 490533K->396450K(699392K), 0.0117947 secs] [Times: user=0.16 sys=0.00, real=0.01 secs] 
2016-09-15T11:47:31.918-0400: 43.990: [GC (GCLocker Initiated GC) [PSYoungGen: 137472K->85790K(175104K)] 484685K->463677K(699392K), 0.0102756 secs] [Times: user=0.12 sys=0.00, real=0.01 secs] 
2016-09-15T11:47:32.051-0400: 44.123: [GC (GCLocker Initiated GC) [PSYoungGen: 173854K->55547K(175104K)] 558032K->488601K(699392K), 0.0139269 secs] [Times: user=0.12 sys=0.00, real=0.01 secs] 
2016-09-15T11:47:32.197-0400: 44.269: [GC (GCLocker Initiated GC) [PSYoungGen: 143611K->85922K(175104K)] 576796K->525653K(699392K), 0.0101278 secs] [Times: user=0.12 sys=0.00, real=0.01 secs] 
2016-09-15T11:47:32.312-0400: 44.384: [GC (GCLocker Initiated GC) --[PSYoungGen: 173986K->173986K(175104K)] 619940K->692960K(699392K), 0.0159847 secs] [Times: user=0.15 sys=0.00, real=0.02 secs] 
2016-09-15T11:47:32.329-0400: 44.400: [Full GC (Ergonomics) [PSYoungGen: 173986K->0K(175104K)] [ParOldGen: 518974K->52066K(524288K)] 692960K->52066K(699392K), [Metaspace: 44120K->44120K(1087488K)], 0.0597878 secs] [Times: user=0.36 sys=0.01, real=0.06 secs] 
2016-09-15T11:47:32.530-0400: 44.602: [GC (GCLocker Initiated GC) [PSYoungGen: 88064K->79491K(175104K)] 146560K->137987K(699392K), 0.0111774 secs] [Times: user=0.06 sys=0.00, real=0.01 secs] 
2016-09-15T11:47:32.652-0400: 44.723: [GC (GCLocker Initiated GC) [PSYoungGen: 167555K->49340K(175104K)] 226742K->145456K(699392K), 0.0228440 secs] [Times: user=0.28 sys=0.01, real=0.02 secs] 
2016-09-15T11:47:32.812-0400: 44.884: [GC (GCLocker Initiated GC) [PSYoungGen: 137404K->43233K(175104K)] 246009K->170174K(699392K), 0.0087597 secs] [Times: user=0.07 sys=0.00, real=0.01 secs] 
2016-09-15T11:47:32.936-0400: 45.008: [GC (GCLocker Initiated GC) [PSYoungGen: 131297K->55679K(175104K)] 264658K->189135K(699392K), 0.0168217 secs] [Times: user=0.20 sys=0.01, real=0.01 secs] 
2016-09-15T11:47:33.071-0400: 45.143: [GC (GCLocker Initiated GC) [PSYoungGen: 143743K->85790K(175104K)] 277498K->244145K(699392K), 0.0114516 secs] [Times: user=0.10 sys=0.00, real=0.01 secs] 
2016-09-15T11:47:33.204-0400: 45.275: [GC (GCLocker Initiated GC) [PSYoungGen: 173854K->73772K(175104K)] 338433K->256711K(699392K), 0.0101220 secs] [Times: user=0.13 sys=0.01, real=0.01 secs] 
2016-09-15T11:47:33.342-0400: 45.414: [GC (GCLocker Initiated GC) [PSYoungGen: 161836K->37453K(175104K)] 344929K->299657K(699392K), 0.0131510 secs] [Times: user=0.13 sys=0.00, real=0.01 secs] 
2016-09-15T11:47:33.453-0400: 45.525: [GC (GCLocker Initiated GC) [PSYoungGen: 125517K->85986K(175104K)] 387932K->397315K(699392K), 0.0113781 secs] [Times: user=0.14 sys=0.01, real=0.01 secs] 
2016-09-15T11:47:33.572-0400: 45.643: [GC (Allocation Failure) [PSYoungGen: 174050K->37122K(175104K)] 485432K->403463K(699392K), 0.0109993 secs] [Times: user=0.12 sys=0.00, real=0.01 secs] 
2016-09-15T11:47:33.665-0400: 45.736: [GC (GCLocker Initiated GC) [PSYoungGen: 125186K->86182K(175104K)] 491532K->483039K(699392K), 0.0091696 secs] [Times: user=0.12 sys=0.00, real=0.01 secs] 
2016-09-15T11:47:33.818-0400: 45.889: [GC (Allocation Failure) [PSYoungGen: 174246K->67469K(175104K)] 583474K->495525K(699392K), 0.0105696 secs] [Times: user=0.11 sys=0.00, real=0.01 secs] 
2016-09-15T11:47:33.928-0400: 46.000: [GC (GCLocker Initiated GC) [PSYoungGen: 155533K->85498K(175104K)] 583595K->544070K(699392K), 0.0127150 secs] [Times: user=0.16 sys=0.00, real=0.01 secs] 
2016-09-15T11:47:33.941-0400: 46.012: [Full GC (Ergonomics) [PSYoungGen: 85498K->0K(175104K)] [ParOldGen: 458572K->52143K(524288K)] 544070K->52143K(699392K), [Metaspace: 44121K->44121K(1087488K)], 0.0559819 secs] [Times: user=0.43 sys=0.01, real=0.06 secs] 
2016-09-15T11:47:34.100-0400: 46.171: [GC (GCLocker Initiated GC) [PSYoungGen: 88064K->86466K(175104K)] 146347K->162974K(699392K), 0.0090060 secs] [Times: user=0.11 sys=0.00, real=0.01 secs] 
2016-09-15T11:47:34.224-0400: 46.296: [GC (GCLocker Initiated GC) [PSYoungGen: 174530K->85822K(175104K)] 251170K->224211K(699392K), 0.0107431 secs] [Times: user=0.15 sys=0.00, real=0.01 secs] 
2016-09-15T11:47:34.333-0400: 46.405: [GC (GCLocker Initiated GC) [PSYoungGen: 173886K->85822K(175104K)] 312452K->279395K(699392K), 0.0114161 secs] [Times: user=0.17 sys=0.00, real=0.01 secs] 
2016-09-15T11:47:34.466-0400: 46.537: [GC (Allocation Failure) [PSYoungGen: 173886K->55351K(175104K)] 373537K->291743K(699392K), 0.0071302 secs] [Times: user=0.09 sys=0.00, real=0.01 secs] 
2016-09-15T11:47:34.612-0400: 46.684: [GC (GCLocker Initiated GC) [PSYoungGen: 143415K->55123K(175104K)] 379814K->291805K(699392K), 0.0103622 secs] [Times: user=0.15 sys=0.00, real=0.01 secs] 
2016-09-15T11:47:34.725-0400: 46.797: [GC (GCLocker Initiated GC) [PSYoungGen: 143187K->85854K(175104K)] 379996K->341023K(699392K), 0.0109755 secs] [Times: user=0.12 sys=0.00, real=0.02 secs] 
2016-09-15T11:47:34.856-0400: 46.928: [GC (GCLocker Initiated GC) [PSYoungGen: 173918K->49340K(175104K)] 435495K->371803K(699392K), 0.0090205 secs] [Times: user=0.11 sys=0.00, real=0.00 secs] 
2016-09-15T11:47:34.996-0400: 47.068: [GC (Allocation Failure) [PSYoungGen: 137404K->55579K(175104K)] 459953K->396636K(699392K), 0.0110643 secs] [Times: user=0.13 sys=0.01, real=0.00 secs] 
2016-09-15T11:47:35.126-0400: 47.198: [GC (GCLocker Initiated GC) [PSYoungGen: 143643K->73576K(175104K)] 484701K->433010K(699392K), 0.0100140 secs] [Times: user=0.14 sys=0.01, real=0.02 secs] 
2016-09-15T11:47:35.241-0400: 47.313: [GC (GCLocker Initiated GC) [PSYoungGen: 161640K->85822K(175104K)] 521205K->476086K(699392K), 0.0113972 secs] [Times: user=0.15 sys=0.00, real=0.01 secs] 
2016-09-15T11:47:35.361-0400: 47.433: [GC (Allocation Failure) [PSYoungGen: 173886K->85854K(175104K)] 564438K->513179K(699392K), 0.0108495 secs] [Times: user=0.15 sys=0.00, real=0.01 secs] 
2016-09-15T11:47:35.487-0400: 47.559: [GC (GCLocker Initiated GC) [PSYoungGen: 172672K->61522K(175104K)] 606073K->543830K(699392K), 0.0098491 secs] [Times: user=0.10 sys=0.01, real=0.02 secs] 
2016-09-15T11:47:35.497-0400: 47.569: [Full GC (Ergonomics) [PSYoungGen: 61522K->0K(175104K)] [ParOldGen: 482308K->58058K(524288K)] 543830K->58058K(699392K), [Metaspace: 44124K->44124K(1087488K)], 0.0571565 secs] [Times: user=0.45 sys=0.01, real=0.05 secs] 
2016-09-15T11:47:35.660-0400: 47.731: [GC (GCLocker Initiated GC) [PSYoungGen: 88064K->86406K(175104K)] 146304K->162871K(699392K), 0.0090091 secs] [Times: user=0.11 sys=0.01, real=0.01 secs] 
2016-09-15T11:47:35.786-0400: 47.858: [GC (Allocation Failure) [PSYoungGen: 174470K->73380K(175104K)] 251072K->169083K(699392K), 0.0086572 secs] [Times: user=0.12 sys=0.00, real=0.01 secs] 
2016-09-15T11:47:35.896-0400: 47.968: [GC (GCLocker Initiated GC) [PSYoungGen: 161444K->73640K(175104K)] 257152K->218084K(699392K), 0.0112980 secs] [Times: user=0.12 sys=0.00, real=0.00 secs] 
2016-09-15T11:47:36.050-0400: 48.121: [GC (Allocation Failure) [PSYoungGen: 161704K->37258K(175104K)] 306150K->200228K(699392K), 0.0071787 secs] [Times: user=0.09 sys=0.00, real=0.01 secs] 
2016-09-15T11:47:36.204-0400: 48.276: [GC (GCLocker Initiated GC) [PSYoungGen: 120135K->36802K(175104K)] 289180K->206295K(699392K), 0.0093651 secs] [Times: user=0.10 sys=0.00, real=0.01 secs] 
2016-09-15T11:47:36.327-0400: 48.398: [GC (GCLocker Initiated GC) [PSYoungGen: 124866K->85594K(175104K)] 294568K->261523K(699392K), 0.0104418 secs] [Times: user=0.09 sys=0.00, real=0.02 secs] 
2016-09-15T11:47:36.479-0400: 48.551: [GC (GCLocker Initiated GC) [PSYoungGen: 173658K->55287K(175104K)] 355956K->298438K(699392K), 0.0290714 secs] [Times: user=0.31 sys=0.00, real=0.03 secs] 
2016-09-15T11:47:36.612-0400: 48.684: [GC (GCLocker Initiated GC) [PSYoungGen: 143351K->61590K(175104K)] 386573K->305087K(699392K), 0.0078859 secs] [Times: user=0.08 sys=0.00, real=0.01 secs] 
2016-09-15T11:47:36.735-0400: 48.807: [GC (GCLocker Initiated GC) [PSYoungGen: 149654K->85790K(175104K)] 393193K->402537K(699392K), 0.0200451 secs] [Times: user=0.22 sys=0.01, real=0.02 secs] 
2016-09-15T11:47:36.872-0400: 48.943: [GC (GCLocker Initiated GC) [PSYoungGen: 173854K->55351K(175104K)] 490828K->463617K(699392K), 0.0119479 secs] [Times: user=0.16 sys=0.01, real=0.01 secs] 
2016-09-15T11:47:37.029-0400: 49.100: [GC (GCLocker Initiated GC) [PSYoungGen: 143415K->55711K(175104K)] 557859K->488508K(699392K), 0.0125999 secs] [Times: user=0.16 sys=0.00, real=0.01 secs] 
2016-09-15T11:47:37.042-0400: 49.113: [Full GC (Ergonomics) [PSYoungGen: 55711K->0K(175104K)] [ParOldGen: 432797K->52663K(524288K)] 488508K->52663K(699392K), [Metaspace: 44130K->44130K(1087488K)], 0.0590913 secs] [Times: user=0.27 sys=0.01, real=0.06 secs] 
2016-09-15T11:47:37.202-0400: 49.274: [GC (GCLocker Initiated GC) [PSYoungGen: 88064K->85626K(175104K)] 140787K->162649K(699392K), 0.0103890 secs] [Times: user=0.11 sys=0.00, real=0.01 secs] 
2016-09-15T11:47:37.315-0400: 49.386: [GC (GCLocker Initiated GC) [PSYoungGen: 173690K->49504K(175104K)] 257088K->254554K(699392K), 0.0137722 secs] [Times: user=0.19 sys=0.00, real=0.02 secs] 
2016-09-15T11:47:37.464-0400: 49.536: [GC (GCLocker Initiated GC) [PSYoungGen: 137568K->43169K(175104K)] 361097K->285354K(699392K), 0.0108752 secs] [Times: user=0.09 sys=0.00, real=0.01 secs] 
2016-09-15T11:47:37.621-0400: 49.693: [GC (GCLocker Initiated GC) [PSYoungGen: 131233K->73704K(175104K)] 379541K->358778K(699392K), 0.0096651 secs] [Times: user=0.11 sys=0.00, real=0.01 secs] 
2016-09-15T11:47:37.763-0400: 49.834: [GC (Allocation Failure) [PSYoungGen: 161768K->55711K(175104K)] 447085K->359380K(699392K), 0.0083089 secs] [Times: user=0.10 sys=0.00, real=0.01 secs] 
2016-09-15T11:47:37.890-0400: 49.962: [GC (GCLocker Initiated GC) [PSYoungGen: 143775K->67533K(175104K)] 447444K->389695K(699392K), 0.0076952 secs] [Times: user=0.08 sys=0.00, real=0.01 secs] 
2016-09-15T11:47:38.003-0400: 50.075: [GC (GCLocker Initiated GC) [PSYoungGen: 155597K->85790K(175104K)] 477801K->420280K(699392K), 0.0104843 secs] [Times: user=0.11 sys=0.00, real=0.01 secs] 
2016-09-15T11:47:38.117-0400: 50.188: [GC (GCLocker Initiated GC) [PSYoungGen: 173854K->73608K(175104K)] 508407K->469226K(699392K), 0.0128814 secs] [Times: user=0.13 sys=0.00, real=0.01 secs] 
2016-09-15T11:47:38.274-0400: 50.346: [GC (GCLocker Initiated GC) [PSYoungGen: 161672K->55547K(175104K)] 569633K->500266K(699392K), 0.0138630 secs] [Times: user=0.16 sys=0.00, real=0.02 secs] 
2016-09-15T11:47:38.288-0400: 50.360: [Full GC (Ergonomics) [PSYoungGen: 55547K->0K(175104K)] [ParOldGen: 444719K->52315K(524288K)] 500266K->52315K(699392K), [Metaspace: 44131K->44131K(1087488K)], 0.0503796 secs] [Times: user=0.33 sys=0.00, real=0.05 secs] 
2016-09-15T11:47:38.467-0400: 50.539: [GC (GCLocker Initiated GC) [PSYoungGen: 88064K->85790K(175104K)] 152671K->150398K(699392K), 0.0076847 secs] [Times: user=0.08 sys=0.00, real=0.01 secs] 
2016-09-15T11:47:38.608-0400: 50.679: [GC (GCLocker Initiated GC) [PSYoungGen: 173854K->73804K(175104K)] 244803K->211894K(699392K), 0.0113367 secs] [Times: user=0.15 sys=0.00, real=0.01 secs] 
2016-09-15T11:47:38.739-0400: 50.811: [GC (Allocation Failure) [PSYoungGen: 161868K->55219K(175104K)] 300510K->248843K(699392K), 0.0108527 secs] [Times: user=0.14 sys=0.00, real=0.01 secs] 
2016-09-15T11:47:38.856-0400: 50.927: [GC (GCLocker Initiated GC) [PSYoungGen: 142685K->61558K(175104K)] 342385K->279594K(699392K), 0.0097124 secs] [Times: user=0.08 sys=0.00, real=0.00 secs] 
2016-09-15T11:47:39.007-0400: 51.079: [GC (Allocation Failure) [PSYoungGen: 149622K->55123K(175104K)] 373954K->279910K(699392K), 0.0072429 secs] [Times: user=0.08 sys=0.00, real=0.01 secs] 
2016-09-15T11:47:39.129-0400: 51.200: [GC (GCLocker Initiated GC) [PSYoungGen: 141124K->73804K(175104K)] 371986K->304810K(699392K), 0.0093469 secs] [Times: user=0.12 sys=0.00, real=0.01 secs] 
2016-09-15T11:47:39.301-0400: 51.372: [GC (GCLocker Initiated GC) [PSYoungGen: 161868K->67469K(175104K)] 399025K->341547K(699392K), 0.0102479 secs] [Times: user=0.14 sys=0.00, real=0.01 secs] 
2016-09-15T11:47:39.463-0400: 51.534: [GC (Allocation Failure) [PSYoungGen: 155533K->61294K(175104K)] 429624K->384277K(699392K), 0.0095304 secs] [Times: user=0.16 sys=0.00, real=0.01 secs] 
2016-09-15T11:47:39.606-0400: 51.677: [GC (GCLocker Initiated GC) [PSYoungGen: 148333K->73804K(175104K)] 477391K->427305K(699392K), 0.0095931 secs] [Times: user=0.14 sys=0.00, real=0.01 secs] 
2016-09-15T11:47:39.731-0400: 51.802: [GC (GCLocker Initiated GC) [PSYoungGen: 161868K->73444K(175104K)] 515568K->463745K(699392K), 0.0131671 secs] [Times: user=0.16 sys=0.00, real=0.01 secs] 
2016-09-15T11:47:39.854-0400: 51.926: [GC (GCLocker Initiated GC) [PSYoungGen: 161508K->74327K(175104K)] 558179K->525833K(699392K), 0.0110129 secs] [Times: user=0.15 sys=0.00, real=0.01 secs] 
2016-09-15T11:47:39.865-0400: 51.937: [Full GC (Ergonomics) [PSYoungGen: 74327K->0K(175104K)] [ParOldGen: 451506K->52534K(524288K)] 525833K->52534K(699392K), [Metaspace: 44144K->44144K(1087488K)], 0.0516811 secs] [Times: user=0.39 sys=0.00, real=0.06 secs] 
2016-09-15T11:47:40.025-0400: 52.097: [GC (GCLocker Initiated GC) [PSYoungGen: 88064K->86438K(175104K)] 140625K->163299K(699392K), 0.0096536 secs] [Times: user=0.14 sys=0.00, real=0.01 secs] 
2016-09-15T11:47:40.131-0400: 52.202: [GC (GCLocker Initiated GC) [PSYoungGen: 174502K->79811K(175104K)] 257731K->218451K(699392K), 0.0109107 secs] [Times: user=0.17 sys=0.00, real=0.01 secs] 
2016-09-15T11:47:40.292-0400: 52.363: [GC (GCLocker Initiated GC) [PSYoungGen: 167875K->55775K(175104K)] 312946K->237439K(699392K), 0.0088286 secs] [Times: user=0.13 sys=0.00, real=0.01 secs] 
2016-09-15T11:47:40.431-0400: 52.503: [GC (GCLocker Initiated GC) [PSYoungGen: 143839K->55351K(175104K)] 337958K->267978K(699392K), 0.0148677 secs] [Times: user=0.18 sys=0.00, real=0.01 secs] 
2016-09-15T11:47:40.586-0400: 52.658: [GC (Allocation Failure) [PSYoungGen: 143415K->19392K(175104K)] 368413K->244510K(699392K), 0.0054413 secs] [Times: user=0.07 sys=0.00, real=0.01 secs] 
2016-09-15T11:47:40.706-0400: 52.778: [GC (GCLocker Initiated GC) [PSYoungGen: 105308K->73968K(175104K)] 336501K->305476K(699392K), 0.0086341 secs] [Times: user=0.13 sys=0.00, real=0.01 secs] 
2016-09-15T11:47:40.849-0400: 52.921: [GC (GCLocker Initiated GC) [PSYoungGen: 162032K->79847K(175104K)] 393621K->323690K(699392K), 0.0105575 secs] [Times: user=0.10 sys=0.00, real=0.01 secs] 
2016-09-15T11:47:40.956-0400: 53.028: [GC (GCLocker Initiated GC) [PSYoungGen: 167911K->67597K(175104K)] 418063K->378807K(699392K), 0.0100072 secs] [Times: user=0.14 sys=0.00, real=0.00 secs] 
2016-09-15T11:47:41.092-0400: 53.163: [GC (GCLocker Initiated GC) [PSYoungGen: 155661K->74032K(175104K)] 466890K->421878K(699392K), 0.0088326 secs] [Times: user=0.13 sys=0.01, real=0.01 secs] 
2016-09-15T11:47:41.220-0400: 53.291: [GC (GCLocker Initiated GC) [PSYoungGen: 162096K->85886K(175104K)] 510125K->476755K(699392K), 0.0105233 secs] [Times: user=0.14 sys=0.00, real=0.01 secs] 
2016-09-15T11:47:41.357-0400: 53.429: [GC (GCLocker Initiated GC) [PSYoungGen: 173950K->55579K(175104K)] 571132K->513678K(699392K), 0.0100469 secs] [Times: user=0.15 sys=0.01, real=0.00 secs] 
2016-09-15T11:47:41.367-0400: 53.439: [Full GC (Ergonomics) [PSYoungGen: 55579K->0K(175104K)] [ParOldGen: 458099K->52529K(524288K)] 513678K->52529K(699392K), [Metaspace: 44148K->44148K(1087488K)], 0.0520245 secs] [Times: user=0.40 sys=0.00, real=0.06 secs] 
2016-09-15T11:47:41.525-0400: 53.597: [GC (GCLocker Initiated GC) [PSYoungGen: 88064K->55351K(175104K)] 152757K->120044K(699392K), 0.0085707 secs] [Times: user=0.12 sys=0.00, real=0.01 secs] 
2016-09-15T11:47:41.642-0400: 53.714: [GC (GCLocker Initiated GC) [PSYoungGen: 143415K->85986K(175104K)] 208317K->230351K(699392K), 0.0119093 secs] [Times: user=0.18 sys=0.00, real=0.01 secs] 
2016-09-15T11:47:41.775-0400: 53.847: [GC (GCLocker Initiated GC) [PSYoungGen: 174050K->49212K(175104K)] 318463K->236769K(699392K), 0.0125771 secs] [Times: user=0.14 sys=0.00, real=0.02 secs] 
2016-09-15T11:47:41.908-0400: 53.979: [GC (GCLocker Initiated GC) [PSYoungGen: 137276K->73836K(175104K)] 331213K->316705K(699392K), 0.0094647 secs] [Times: user=0.14 sys=0.00, real=0.02 secs] 
2016-09-15T11:47:42.055-0400: 54.126: [GC (GCLocker Initiated GC) [PSYoungGen: 161900K->73868K(175104K)] 405085K->353834K(699392K), 0.0101032 secs] [Times: user=0.16 sys=0.00, real=0.01 secs] 
2016-09-15T11:47:42.200-0400: 54.272: [GC (GCLocker Initiated GC) [PSYoungGen: 161932K->55647K(175104K)] 447981K->341816K(699392K), 0.0065334 secs] [Times: user=0.08 sys=0.00, real=0.00 secs] 
2016-09-15T11:47:42.328-0400: 54.400: [GC (GCLocker Initiated GC) [PSYoungGen: 143711K->85466K(175104K)] 429927K->390207K(699392K), 0.0116897 secs] [Times: user=0.13 sys=0.00, real=0.01 secs] 
2016-09-15T11:47:42.457-0400: 54.529: [GC (GCLocker Initiated GC) [PSYoungGen: 173530K->79551K(175104K)] 478312K->445226K(699392K), 0.0101444 secs] [Times: user=0.14 sys=0.00, real=0.00 secs] 
2016-09-15T11:47:42.607-0400: 54.679: [GC (Allocation Failure) [PSYoungGen: 167615K->55319K(175104K)] 539481K->475920K(699392K), 0.0085610 secs] [Times: user=0.13 sys=0.00, real=0.02 secs] 
2016-09-15T11:47:42.616-0400: 54.688: [GC (GCLocker Initiated GC) [PSYoungGen: 55329K->32K(175104K)] 475930K->475669K(699392K), 0.0063545 secs] [Times: user=0.08 sys=0.00, real=0.00 secs] 
2016-09-15T11:47:42.623-0400: 54.694: [Full GC (Ergonomics) [PSYoungGen: 32K->0K(175104K)] [ParOldGen: 475637K->46303K(524288K)] 475669K->46303K(699392K), [Metaspace: 44148K->44148K(1087488K)], 0.0522002 secs] [Times: user=0.34 sys=0.00, real=0.05 secs] 
2016-09-15T11:47:42.770-0400: 54.841: [GC (GCLocker Initiated GC) [PSYoungGen: 88064K->86274K(175104K)] 134373K->175108K(699392K), 0.0100912 secs] [Times: user=0.15 sys=0.00, real=0.01 secs] 
2016-09-15T11:47:42.888-0400: 54.960: [GC (GCLocker Initiated GC) [PSYoungGen: 174338K->86150K(175104K)] 263360K->236509K(699392K), 0.0121360 secs] [Times: user=0.17 sys=0.00, real=0.01 secs] 
2016-09-15T11:47:43.019-0400: 55.091: [GC (GCLocker Initiated GC) [PSYoungGen: 174214K->85658K(175104K)] 324632K->266743K(699392K), 0.0102550 secs] [Times: user=0.14 sys=0.00, real=0.01 secs] 
2016-09-15T11:47:43.144-0400: 55.215: [GC (GCLocker Initiated GC) [PSYoungGen: 173722K->61526K(175104K)] 360958K->279232K(699392K), 0.0326430 secs] [Times: user=0.41 sys=0.01, real=0.04 secs] 
2016-09-15T11:47:43.283-0400: 55.355: [GC (GCLocker Initiated GC) [PSYoungGen: 149590K->79683K(175104K)] 367473K->352540K(699392K), 0.0164654 secs] [Times: user=0.18 sys=0.01, real=0.02 secs] 
2016-09-15T11:47:43.411-0400: 55.482: [GC (GCLocker Initiated GC) [PSYoungGen: 167747K->73740K(175104K)] 446773K->383393K(699392K), 0.0187165 secs] [Times: user=0.18 sys=0.00, real=0.02 secs] 
2016-09-15T11:47:43.533-0400: 55.605: [GC (GCLocker Initiated GC) [PSYoungGen: 161804K->61490K(175104K)] 471824K->420597K(699392K), 0.0116272 secs] [Times: user=0.12 sys=0.00, real=0.01 secs] 
2016-09-15T11:47:43.664-0400: 55.735: [GC (GCLocker Initiated GC) [PSYoungGen: 149554K->85986K(175104K)] 509000K->470032K(699392K), 0.0105596 secs] [Times: user=0.11 sys=0.00, real=0.01 secs] 
2016-09-15T11:47:43.812-0400: 55.884: [GC (GCLocker Initiated GC) [PSYoungGen: 174050K->37649K(175104K)] 570439K->470936K(699392K), 0.0076980 secs] [Times: user=0.09 sys=0.00, real=0.01 secs] 
2016-09-15T11:47:43.935-0400: 56.007: [GC (Allocation Failure) [PSYoungGen: 125713K->61294K(175104K)] 559075K->513180K(699392K), 0.0143436 secs] [Times: user=0.18 sys=0.01, real=0.02 secs] 
2016-09-15T11:47:43.950-0400: 56.021: [Full GC (Ergonomics) [PSYoungGen: 61294K->0K(175104K)] [ParOldGen: 451886K->45123K(524288K)] 513180K->45123K(699392K), [Metaspace: 44183K->44183K(1087488K)], 0.0844514 secs] [Times: user=0.92 sys=0.00, real=0.08 secs] 
2016-09-15T11:47:44.112-0400: 56.184: [GC (GCLocker Initiated GC) [PSYoungGen: 83425K->86498K(175104K)] 134623K->155921K(699392K), 0.0186853 secs] [Times: user=0.25 sys=0.01, real=0.02 secs] 
2016-09-15T11:47:44.248-0400: 56.320: [GC (GCLocker Initiated GC) [PSYoungGen: 174562K->85790K(175104K)] 250108K->198794K(699392K), 0.0102321 secs] [Times: user=0.14 sys=0.00, real=0.01 secs] 
2016-09-15T11:47:44.418-0400: 56.490: [GC (GCLocker Initiated GC) [PSYoungGen: 173854K->49276K(175104K)] 299066K->241605K(699392K), 0.0114706 secs] [Times: user=0.15 sys=0.00, real=0.01 secs] 
2016-09-15T11:47:44.577-0400: 56.649: [GC (GCLocker Initiated GC) [PSYoungGen: 137340K->61134K(175104K)] 329811K->272105K(699392K), 0.0110738 secs] [Times: user=0.12 sys=0.01, real=0.01 secs] 
2016-09-15T11:47:44.701-0400: 56.772: [GC (GCLocker Initiated GC) [PSYoungGen: 149198K->67729K(175104K)] 366516K->309483K(699392K), 0.0183698 secs] [Times: user=0.22 sys=0.00, real=0.02 secs] 
2016-09-15T11:47:44.850-0400: 56.922: [GC (GCLocker Initiated GC) [PSYoungGen: 155793K->37290K(175104K)] 403653K->315816K(699392K), 0.0148993 secs] [Times: user=0.16 sys=0.00, real=0.01 secs] 
2016-09-15T11:47:45.001-0400: 57.073: [GC (GCLocker Initiated GC) [PSYoungGen: 125354K->37062K(175104K)] 422259K->352304K(699392K), 0.0075317 secs] [Times: user=0.07 sys=0.00, real=0.01 secs] 
2016-09-15T11:47:45.124-0400: 57.196: [GC (GCLocker Initiated GC) [PSYoungGen: 125126K->74196K(175104K)] 446635K->395864K(699392K), 0.0112325 secs] [Times: user=0.13 sys=0.00, real=0.01 secs] 
2016-09-15T11:47:45.256-0400: 57.328: [GC (GCLocker Initiated GC) [PSYoungGen: 162260K->67569K(175104K)] 490325K->432367K(699392K), 0.0358152 secs] [Times: user=0.38 sys=0.01, real=0.03 secs] 
2016-09-15T11:47:45.390-0400: 57.461: [GC (GCLocker Initiated GC) [PSYoungGen: 155633K->79523K(175104K)] 520485K->462851K(699392K), 0.0262626 secs] [Times: user=0.28 sys=0.00, real=0.03 secs] 
2016-09-15T11:47:45.542-0400: 57.613: [GC (Allocation Failure) [PSYoungGen: 167587K->55579K(175104K)] 550917K->481562K(699392K), 0.0156186 secs] [Times: user=0.19 sys=0.00, real=0.02 secs] 
2016-09-15T11:47:45.681-0400: 57.753: [GC (GCLocker Initiated GC) [PSYoungGen: 143643K->61166K(175104K)] 569633K->505804K(699392K), 0.0134649 secs] [Times: user=0.12 sys=0.00, real=0.01 secs] 
2016-09-15T11:47:45.805-0400: 57.877: [GC (GCLocker Initiated GC) [PSYoungGen: 149230K->85826K(175104K)] 594124K->555124K(699392K), 0.0210631 secs] [Times: user=0.22 sys=0.00, real=0.02 secs] 
2016-09-15T11:47:45.827-0400: 57.898: [Full GC (Ergonomics) [PSYoungGen: 85826K->0K(175104K)] [ParOldGen: 469298K->51816K(524288K)] 555124K->51816K(699392K), [Metaspace: 44183K->44183K(1087488K)], 0.0982967 secs] [Times: user=0.38 sys=0.04, real=0.10 secs] 
2016-09-15T11:47:46.027-0400: 58.098: [GC (Allocation Failure) [PSYoungGen: 88064K->86014K(175104K)] 140022K->156197K(699392K), 0.0097385 secs] [Times: user=0.12 sys=0.00, real=0.02 secs] 
2016-09-15T11:47:46.147-0400: 58.219: [GC (GCLocker Initiated GC) [PSYoungGen: 169517K->24979K(175104K)] 245776K->162519K(699392K), 0.0187653 secs] [Times: user=0.19 sys=0.00, real=0.02 secs] 
2016-09-15T11:47:46.266-0400: 58.338: [GC (GCLocker Initiated GC) [PSYoungGen: 113043K->85822K(175104K)] 250625K->248175K(699392K), 0.0105417 secs] [Times: user=0.13 sys=0.00, real=0.02 secs] 
2016-09-15T11:47:46.400-0400: 58.472: [GC (GCLocker Initiated GC) [PSYoungGen: 173886K->86018K(175104K)] 336242K->291222K(699392K), 0.0100939 secs] [Times: user=0.13 sys=0.00, real=0.01 secs] 
2016-09-15T11:47:46.528-0400: 58.599: [GC (GCLocker Initiated GC) [PSYoungGen: 174082K->67629K(175104K)] 385594K->328024K(699392K), 0.0136300 secs] [Times: user=0.18 sys=0.00, real=0.02 secs] 
2016-09-15T11:47:46.647-0400: 58.719: [GC (GCLocker Initiated GC) [PSYoungGen: 155693K->61522K(175104K)] 416728K->383451K(699392K), 0.0111268 secs] [Times: user=0.15 sys=0.00, real=0.02 secs] 
2016-09-15T11:47:46.818-0400: 58.890: [GC (Allocation Failure) [PSYoungGen: 149586K->37354K(175104K)] 483666K->426416K(699392K), 0.0199471 secs] [Times: user=0.24 sys=0.00, real=0.02 secs] 
2016-09-15T11:47:46.966-0400: 59.038: [GC (Allocation Failure) [PSYoungGen: 123047K->37062K(175104K)] 512110K->426580K(699392K), 0.0104727 secs] [Times: user=0.12 sys=0.00, real=0.02 secs] 
2016-09-15T11:47:47.098-0400: 59.170: [GC (GCLocker Initiated GC) [PSYoungGen: 125126K->67337K(175104K)] 514649K->469130K(699392K), 0.0130063 secs] [Times: user=0.13 sys=0.00, real=0.01 secs] 
2016-09-15T11:47:47.211-0400: 59.283: [GC (GCLocker Initiated GC) [PSYoungGen: 155401K->85986K(175104K)] 557270K->530523K(699392K), 0.0158164 secs] [Times: user=0.19 sys=0.00, real=0.01 secs] 
2016-09-15T11:47:47.227-0400: 59.299: [Full GC (Ergonomics) [PSYoungGen: 85986K->0K(175104K)] [ParOldGen: 444537K->57950K(524288K)] 530523K->57950K(699392K), [Metaspace: 44185K->44185K(1087488K)], 0.0582055 secs] [Times: user=0.31 sys=0.02, real=0.06 secs] 
2016-09-15T11:47:47.400-0400: 59.472: [GC (GCLocker Initiated GC) [PSYoungGen: 88064K->86498K(175104K)] 146341K->169075K(699392K), 0.0089764 secs] [Times: user=0.14 sys=0.00, real=0.01 secs] 
2016-09-15T11:47:47.523-0400: 59.594: [GC (GCLocker Initiated GC) [PSYoungGen: 174562K->79779K(175104K)] 257478K->236758K(699392K), 0.0115202 secs] [Times: user=0.18 sys=0.00, real=0.01 secs] 
2016-09-15T11:47:47.662-0400: 59.734: [GC (GCLocker Initiated GC) [PSYoungGen: 167843K->61686K(175104K)] 330934K->279603K(699392K), 0.0120663 secs] [Times: user=0.18 sys=0.00, real=0.01 secs] 
2016-09-15T11:47:47.800-0400: 59.872: [GC (GCLocker Initiated GC) [PSYoungGen: 149750K->73868K(175104K)] 373755K->340738K(699392K), 0.0095205 secs] [Times: user=0.14 sys=0.00, real=0.01 secs] 
2016-09-15T11:47:47.912-0400: 59.984: [GC (GCLocker Initiated GC) [PSYoungGen: 161932K->86346K(175104K)] 428991K->377848K(699392K), 0.0087477 secs] [Times: user=0.13 sys=0.00, real=0.01 secs] 
2016-09-15T11:47:48.051-0400: 60.123: [GC (GCLocker Initiated GC) [PSYoungGen: 174410K->55383K(175104K)] 472292K->390023K(699392K), 0.0098096 secs] [Times: user=0.14 sys=0.01, real=0.01 secs] 
2016-09-15T11:47:48.181-0400: 60.252: [GC (GCLocker Initiated GC) [PSYoungGen: 143447K->73740K(175104K)] 478240K->408809K(699392K), 0.0092214 secs] [Times: user=0.10 sys=0.00, real=0.01 secs] 
2016-09-15T11:47:48.303-0400: 60.375: [GC (GCLocker Initiated GC) [PSYoungGen: 161804K->49244K(175104K)] 503158K->427348K(699392K), 0.0109313 secs] [Times: user=0.10 sys=0.00, real=0.01 secs] 
2016-09-15T11:47:48.458-0400: 60.530: [GC (GCLocker Initiated GC) [PSYoungGen: 137308K->67829K(175104K)] 527609K->470556K(699392K), 0.0105285 secs] [Times: user=0.08 sys=0.00, real=0.01 secs] 
2016-09-15T11:47:48.616-0400: 60.688: [GC (Allocation Failure) [PSYoungGen: 155893K->43073K(175104K)] 565391K->501446K(699392K), 0.0111427 secs] [Times: user=0.07 sys=0.01, real=0.01 secs] 
2016-09-15T11:47:48.628-0400: 60.699: [Full GC (Ergonomics) [PSYoungGen: 43073K->0K(175104K)] [ParOldGen: 458373K->45754K(524288K)] 501446K->45754K(699392K), [Metaspace: 44186K->44186K(1087488K)], 0.0448894 secs] [Times: user=0.30 sys=0.00, real=0.04 secs] 
2016-09-15T11:47:48.807-0400: 60.878: [GC (GCLocker Initiated GC) [PSYoungGen: 88034K->85626K(175104K)] 133852K->137519K(699392K), 0.0156256 secs] [Times: user=0.22 sys=0.00, real=0.02 secs] 
2016-09-15T11:47:48.943-0400: 61.015: [GC (GCLocker Initiated GC) [PSYoungGen: 173690K->61850K(175104K)] 237893K->180863K(699392K), 0.0091699 secs] [Times: user=0.12 sys=0.00, real=0.01 secs] 
2016-09-15T11:47:49.070-0400: 61.142: [GC (GCLocker Initiated GC) [PSYoungGen: 149914K->67305K(175104K)] 269142K->223447K(699392K), 0.0197471 secs] [Times: user=0.20 sys=0.00, real=0.02 secs] 
2016-09-15T11:47:49.202-0400: 61.274: [GC (GCLocker Initiated GC) [PSYoungGen: 155369K->61458K(175104K)] 317774K->242215K(699392K), 0.0109999 secs] [Times: user=0.11 sys=0.00, real=0.01 secs] 
2016-09-15T11:47:49.329-0400: 61.401: [GC (GCLocker Initiated GC) [PSYoungGen: 149522K->61590K(175104K)] 336519K->291412K(699392K), 0.0125975 secs] [Times: user=0.12 sys=0.00, real=0.01 secs] 
2016-09-15T11:47:49.468-0400: 61.539: [GC (Allocation Failure) [PSYoungGen: 149654K->61102K(175104K)] 379646K->321737K(699392K), 0.0128811 secs] [Times: user=0.09 sys=0.00, real=0.01 secs] 
2016-09-15T11:47:49.602-0400: 61.674: [GC (GCLocker Initiated GC) [PSYoungGen: 145651K->43041K(175104K)] 412361K->328047K(699392K), 0.0122746 secs] [Times: user=0.09 sys=0.00, real=0.01 secs] 
2016-09-15T11:47:49.761-0400: 61.832: [GC (GCLocker Initiated GC) [PSYoungGen: 131105K->36966K(175104K)] 428482K->352827K(699392K), 0.0324767 secs] [Times: user=0.34 sys=0.00, real=0.03 secs] 
2016-09-15T11:47:49.919-0400: 61.991: [GC (GCLocker Initiated GC) [PSYoungGen: 125030K->73608K(175104K)] 440897K->389595K(699392K), 0.0083858 secs] [Times: user=0.08 sys=0.01, real=0.01 secs] 
2016-09-15T11:47:50.058-0400: 62.130: [GC (GCLocker Initiated GC) [PSYoungGen: 161672K->37158K(175104K)] 489811K->383813K(699392K), 0.0196045 secs] [Times: user=0.23 sys=0.01, real=0.02 secs] 
2016-09-15T11:47:50.212-0400: 62.284: [GC (GCLocker Initiated GC) [PSYoungGen: 125222K->55519K(175104K)] 478279K->408836K(699392K), 0.0216084 secs] [Times: user=0.22 sys=0.00, real=0.02 secs] 
2016-09-15T11:47:50.348-0400: 62.419: [GC (GCLocker Initiated GC) [PSYoungGen: 143583K->79491K(175104K)] 497272K->451665K(699392K), 0.0214187 secs] [Times: user=0.18 sys=0.00, real=0.03 secs] 
2016-09-15T11:47:50.494-0400: 62.566: [GC (GCLocker Initiated GC) [PSYoungGen: 167555K->55579K(175104K)] 545918K->488737K(699392K), 0.0150721 secs] [Times: user=0.16 sys=0.00, real=0.02 secs] 
2016-09-15T11:47:50.624-0400: 62.695: [GC (GCLocker Initiated GC) [PSYoungGen: 143643K->73740K(175104K)] 583063K->513452K(699392K), 0.0264979 secs] [Times: user=0.29 sys=0.00, real=0.03 secs] 
2016-09-15T11:47:50.752-0400: 62.824: [GC (GCLocker Initiated GC) [PSYoungGen: 161804K->86118K(175104K)] 601570K->544252K(699392K), 0.0127206 secs] [Times: user=0.16 sys=0.01, real=0.01 secs] 
2016-09-15T11:47:50.765-0400: 62.837: [Full GC (Ergonomics) [PSYoungGen: 86118K->0K(175104K)] [ParOldGen: 458134K->52355K(524288K)] 544252K->52355K(699392K), [Metaspace: 44228K->44228K(1087488K)], 0.0576218 secs] [Times: user=0.35 sys=0.01, real=0.06 secs] 
2016-09-15T11:47:50.980-0400: 63.052: [GC (GCLocker Initiated GC) [PSYoungGen: 88064K->86146K(175104K)] 140618K->144775K(699392K), 0.0092613 secs] [Times: user=0.08 sys=0.00, real=0.01 secs] 
2016-09-15T11:47:51.107-0400: 63.178: [GC (GCLocker Initiated GC) [PSYoungGen: 174210K->85626K(175104K)] 239063K->169283K(699392K), 0.0160981 secs] [Times: user=0.20 sys=0.01, real=0.02 secs] 
2016-09-15T11:47:51.260-0400: 63.332: [GC (GCLocker Initiated GC) [PSYoungGen: 173690K->31378K(175104K)] 269500K->194134K(699392K), 0.0152783 secs] [Times: user=0.16 sys=0.00, real=0.01 secs] 
2016-09-15T11:47:51.407-0400: 63.478: [GC (GCLocker Initiated GC) [PSYoungGen: 119442K->55223K(175104K)] 282286K->218333K(699392K), 0.0143294 secs] [Times: user=0.10 sys=0.00, real=0.02 secs] 
2016-09-15T11:47:51.557-0400: 63.629: [GC (GCLocker Initiated GC) [PSYoungGen: 143287K->85626K(175104K)] 312632K->267397K(699392K), 0.0327802 secs] [Times: user=0.37 sys=0.00, real=0.03 secs] 
2016-09-15T11:47:51.705-0400: 63.776: [GC (GCLocker Initiated GC) [PSYoungGen: 173690K->85858K(175104K)] 355620K->322590K(699392K), 0.0211780 secs] [Times: user=0.23 sys=0.00, real=0.02 secs] 
2016-09-15T11:47:51.837-0400: 63.909: [GC (Allocation Failure) [PSYoungGen: 173922K->73580K(175104K)] 410707K->341008K(699392K), 0.0114564 secs] [Times: user=0.09 sys=0.00, real=0.01 secs] 
2016-09-15T11:47:51.951-0400: 64.023: [GC (GCLocker Initiated GC) [PSYoungGen: 161644K->67629K(175104K)] 429077K->402203K(699392K), 0.0101782 secs] [Times: user=0.13 sys=0.00, real=0.01 secs] 
2016-09-15T11:47:52.082-0400: 64.154: [GC (Allocation Failure) [PSYoungGen: 155693K->85986K(175104K)] 490527K->457578K(699392K), 0.0098870 secs] [Times: user=0.14 sys=0.01, real=0.01 secs] 
2016-09-15T11:47:52.217-0400: 64.288: [GC (GCLocker Initiated GC) [PSYoungGen: 172705K->73640K(175104K)] 550372K->488080K(699392K), 0.0126275 secs] [Times: user=0.17 sys=0.00, real=0.01 secs] 
2016-09-15T11:47:52.347-0400: 64.418: [GC (GCLocker Initiated GC) [PSYoungGen: 161704K->73640K(175104K)] 576309K->488561K(699392K), 0.0093491 secs] [Times: user=0.12 sys=0.01, real=0.02 secs] 
2016-09-15T11:47:52.486-0400: 64.558: [GC (Allocation Failure) [PSYoungGen: 161704K->85922K(175104K)] 576806K->543857K(699392K), 0.0126525 secs] [Times: user=0.16 sys=0.00, real=0.02 secs] 
2016-09-15T11:47:52.499-0400: 64.571: [Full GC (Ergonomics) [PSYoungGen: 85922K->0K(175104K)] [ParOldGen: 457934K->52395K(524288K)] 543857K->52395K(699392K), [Metaspace: 44233K->44233K(1087488K)], 0.0666440 secs] [Times: user=0.42 sys=0.00, real=0.06 secs] 
2016-09-15T11:47:52.693-0400: 64.764: [GC (GCLocker Initiated GC) [PSYoungGen: 88064K->86014K(175104K)] 140465K->144490K(699392K), 0.0107254 secs] [Times: user=0.10 sys=0.00, real=0.01 secs] 
2016-09-15T11:47:52.823-0400: 64.894: [GC (GCLocker Initiated GC) [PSYoungGen: 174078K->61458K(175104K)] 232846K->169529K(699392K), 0.0110006 secs] [Times: user=0.11 sys=0.00, real=0.01 secs] 
2016-09-15T11:47:52.950-0400: 65.021: [GC (GCLocker Initiated GC) [PSYoungGen: 149522K->85790K(175104K)] 257898K->218618K(699392K), 0.0195444 secs] [Times: user=0.24 sys=0.00, real=0.02 secs] 
2016-09-15T11:47:53.098-0400: 65.169: [GC (GCLocker Initiated GC) [PSYoungGen: 173854K->67629K(175104K)] 306814K->237331K(699392K), 0.0109878 secs] [Times: user=0.11 sys=0.00, real=0.01 secs] 
2016-09-15T11:47:53.225-0400: 65.297: [GC (GCLocker Initiated GC) [PSYoungGen: 155693K->67633K(175104K)] 325526K->286374K(699392K), 0.0243701 secs] [Times: user=0.30 sys=0.00, real=0.03 secs] 
2016-09-15T11:47:53.369-0400: 65.441: [GC (GCLocker Initiated GC) [PSYoungGen: 155697K->67341K(175104K)] 374502K->310698K(699392K), 0.0166350 secs] [Times: user=0.18 sys=0.01, real=0.01 secs] 
2016-09-15T11:47:53.511-0400: 65.583: [GC (GCLocker Initiated GC) [PSYoungGen: 155405K->55351K(175104K)] 404951K->347706K(699392K), 0.0111823 secs] [Times: user=0.10 sys=0.00, real=0.01 secs] 
2016-09-15T11:47:53.661-0400: 65.733: [GC (Allocation Failure) [PSYoungGen: 143415K->55451K(175104K)] 435789K->366325K(699392K), 0.0238455 secs] [Times: user=0.29 sys=0.00, real=0.02 secs] 
2016-09-15T11:47:53.833-0400: 65.905: [GC (GCLocker Initiated GC) [PSYoungGen: 143507K->55383K(175104K)] 454397K->366721K(699392K), 0.0086827 secs] [Times: user=0.08 sys=0.00, real=0.01 secs] 
2016-09-15T11:47:53.969-0400: 66.041: [GC (GCLocker Initiated GC) [PSYoungGen: 143447K->85530K(175104K)] 454838K->397228K(699392K), 0.0112777 secs] [Times: user=0.12 sys=0.00, real=0.01 secs] 
2016-09-15T11:47:54.071-0400: 66.142: [GC (GCLocker Initiated GC) [PSYoungGen: 173594K->79911K(175104K)] 485569K->471005K(699392K), 0.0273688 secs] [Times: user=0.35 sys=0.01, real=0.03 secs] 
2016-09-15T11:47:54.209-0400: 66.281: [GC (GCLocker Initiated GC) [PSYoungGen: 167975K->79587K(175104K)] 565304K->477387K(699392K), 0.0122748 secs] [Times: user=0.08 sys=0.01, real=0.01 secs] 
2016-09-15T11:47:54.335-0400: 66.407: [GC (GCLocker Initiated GC) [PSYoungGen: 167651K->79715K(175104K)] 565493K->526449K(699392K), 0.0132348 secs] [Times: user=0.14 sys=0.00, real=0.02 secs] 
2016-09-15T11:47:54.348-0400: 66.420: [Full GC (Ergonomics) [PSYoungGen: 79715K->0K(175104K)] [ParOldGen: 446733K->52031K(524288K)] 526449K->52031K(699392K), [Metaspace: 44279K->44279K(1087488K)], 0.0633270 secs] [Times: user=0.40 sys=0.01, real=0.06 secs] 
2016-09-15T11:47:54.530-0400: 66.601: [GC (GCLocker Initiated GC) [PSYoungGen: 88064K->86078K(175104K)] 140379K->144468K(699392K), 0.0086078 secs] [Times: user=0.12 sys=0.00, real=0.01 secs] 
2016-09-15T11:47:54.653-0400: 66.724: [GC (GCLocker Initiated GC) [PSYoungGen: 174142K->80043K(175104K)] 238655K->181741K(699392K), 0.0094389 secs] [Times: user=0.13 sys=0.00, real=0.01 secs] 
2016-09-15T11:47:54.792-0400: 66.864: [GC (GCLocker Initiated GC) [PSYoungGen: 168102K->49212K(175104K)] 270162K->182086K(699392K), 0.0119048 secs] [Times: user=0.12 sys=0.00, real=0.01 secs] 
2016-09-15T11:47:54.906-0400: 66.978: [GC (GCLocker Initiated GC) [PSYoungGen: 137276K->85858K(175104K)] 270225K->231241K(699392K), 0.0175832 secs] [Times: user=0.19 sys=0.00, real=0.02 secs] 
2016-09-15T11:47:55.092-0400: 67.164: [GC (GCLocker Initiated GC) [PSYoungGen: 173922K->43041K(175104K)] 325416K->243403K(699392K), 0.0192142 secs] [Times: user=0.19 sys=0.00, real=0.02 secs] 
2016-09-15T11:47:55.274-0400: 67.346: [GC (GCLocker Initiated GC) [PSYoungGen: 131105K->37002K(175104K)] 331486K->268001K(699392K), 0.0283578 secs] [Times: user=0.26 sys=0.00, real=0.03 secs] 
2016-09-15T11:47:55.416-0400: 67.488: [GC (Allocation Failure) [PSYoungGen: 125066K->85626K(175104K)] 356190K->335267K(699392K), 0.0099761 secs] [Times: user=0.11 sys=0.01, real=0.00 secs] 
2016-09-15T11:47:55.558-0400: 67.630: [GC (GCLocker Initiated GC) [PSYoungGen: 173690K->73904K(175104K)] 423337K->396602K(699392K), 0.0378502 secs] [Times: user=0.44 sys=0.01, real=0.04 secs] 
2016-09-15T11:47:55.708-0400: 67.779: [GC (GCLocker Initiated GC) [PSYoungGen: 161968K->85790K(175104K)] 490811K->463869K(699392K), 0.0205921 secs] [Times: user=0.22 sys=0.01, real=0.02 secs] 
2016-09-15T11:47:55.851-0400: 67.923: [GC (GCLocker Initiated GC) [PSYoungGen: 173854K->61462K(175104K)] 552148K->476326K(699392K), 0.0255751 secs] [Times: user=0.24 sys=0.00, real=0.03 secs] 
2016-09-15T11:47:56.003-0400: 68.075: [GC (GCLocker Initiated GC) [PSYoungGen: 149526K->79783K(175104K)] 564852K->525939K(699392K), 0.0127140 secs] [Times: user=0.12 sys=0.00, real=0.02 secs] 
2016-09-15T11:47:56.110-0400: 68.182: [Full GC (Ergonomics) [PSYoungGen: 167847K->0K(175104K)] [ParOldGen: 446461K->58800K(524288K)] 614308K->58800K(699392K), [Metaspace: 44279K->44279K(1087488K)], 0.0859284 secs] [Times: user=0.60 sys=0.00, real=0.09 secs] 
2016-09-15T11:47:56.313-0400: 68.385: [GC (GCLocker Initiated GC) [PSYoungGen: 88064K->86218K(175104K)] 152939K->157168K(699392K), 0.0217039 secs] [Times: user=0.26 sys=0.00, real=0.02 secs] 
2016-09-15T11:47:56.462-0400: 68.533: [GC (GCLocker Initiated GC) [PSYoungGen: 174282K->85886K(175104K)] 245436K->200044K(699392K), 0.0144004 secs] [Times: user=0.18 sys=0.00, real=0.02 secs] 
2016-09-15T11:47:56.617-0400: 68.688: [GC (Allocation Failure) [PSYoungGen: 173950K->43201K(175104K)] 294185K->181945K(699392K), 0.0101437 secs] [Times: user=0.12 sys=0.00, real=0.00 secs] 
2016-09-15T11:47:56.728-0400: 68.799: [GC (GCLocker Initiated GC) [PSYoungGen: 131265K->67309K(175104K)] 270014K->206302K(699392K), 0.0132378 secs] [Times: user=0.10 sys=0.01, real=0.01 secs] 
2016-09-15T11:47:56.872-0400: 68.943: [GC (GCLocker Initiated GC) [PSYoungGen: 155373K->73704K(175104K)] 294727K->249847K(699392K), 0.0198290 secs] [Times: user=0.29 sys=0.01, real=0.02 secs] 
2016-09-15T11:47:57.018-0400: 69.090: [GC (GCLocker Initiated GC) [PSYoungGen: 161768K->85854K(175104K)] 338059K->286761K(699392K), 0.0092934 secs] [Times: user=0.12 sys=0.00, real=0.01 secs] 
2016-09-15T11:47:57.177-0400: 69.249: [GC (GCLocker Initiated GC) [PSYoungGen: 173918K->31022K(175104K)] 375007K->268657K(699392K), 0.0151180 secs] [Times: user=0.15 sys=0.00, real=0.01 secs] 
2016-09-15T11:47:57.285-0400: 69.357: [GC (GCLocker Initiated GC) [PSYoungGen: 119086K->85986K(175104K)] 356870K->366610K(699392K), 0.0140367 secs] [Times: user=0.18 sys=0.00, real=0.02 secs] 
2016-09-15T11:47:57.423-0400: 69.495: [GC (GCLocker Initiated GC) [PSYoungGen: 174050K->85890K(175104K)] 454717K->415292K(699392K), 0.0119264 secs] [Times: user=0.11 sys=0.00, real=0.01 secs] 
2016-09-15T11:47:57.540-0400: 69.612: [GC (GCLocker Initiated GC) [PSYoungGen: 173954K->61330K(175104K)] 503695K->421713K(699392K), 0.0191602 secs] [Times: user=0.22 sys=0.00, real=0.02 secs] 
2016-09-15T11:47:57.658-0400: 69.730: [GC (GCLocker Initiated GC) [PSYoungGen: 149394K->61458K(175104K)] 509881K->489054K(699392K), 0.0143172 secs] [Times: user=0.15 sys=0.00, real=0.01 secs] 
2016-09-15T11:47:57.808-0400: 69.880: [GC (GCLocker Initiated GC) [PSYoungGen: 149522K->49443K(175104K)] 583346K->501777K(699392K), 0.0120633 secs] [Times: user=0.11 sys=0.00, real=0.01 secs] 
2016-09-15T11:47:57.821-0400: 69.892: [Full GC (Ergonomics) [PSYoungGen: 49443K->0K(175104K)] [ParOldGen: 452333K->52361K(524288K)] 501777K->52361K(699392K), [Metaspace: 44300K->44300K(1087488K)], 0.0810367 secs] [Times: user=0.58 sys=0.01, real=0.08 secs] 
2016-09-15T11:47:58.030-0400: 70.101: [GC (GCLocker Initiated GC) [PSYoungGen: 88064K->86018K(175104K)] 140651K->162906K(699392K), 0.0108704 secs] [Times: user=0.14 sys=0.00, real=0.01 secs] 
2016-09-15T11:47:58.176-0400: 70.247: [GC (GCLocker Initiated GC) [PSYoungGen: 174082K->55807K(175104K)] 263469K->200357K(699392K), 0.0099425 secs] [Times: user=0.13 sys=0.00, real=0.00 secs] 
2016-09-15T11:47:58.327-0400: 70.399: [GC (Allocation Failure) [PSYoungGen: 143871K->871K(175104K)] 313014K->188352K(699392K), 0.0187363 secs] [Times: user=0.24 sys=0.00, real=0.02 secs] 
2016-09-15T11:47:58.464-0400: 70.536: [GC (GCLocker Initiated GC) [PSYoungGen: 86673K->55383K(175104K)] 280228K->249245K(699392K), 0.0115723 secs] [Times: user=0.14 sys=0.00, real=0.02 secs] 
2016-09-15T11:47:58.616-0400: 70.688: [GC (GCLocker Initiated GC) [PSYoungGen: 143447K->61426K(175104K)] 337362K->273694K(699392K), 0.0081534 secs] [Times: user=0.08 sys=0.00, real=0.00 secs] 
2016-09-15T11:47:58.734-0400: 70.806: [GC (GCLocker Initiated GC) [PSYoungGen: 149490K->61166K(175104K)] 361806K->291966K(699392K), 0.0125636 secs] [Times: user=0.10 sys=0.00, real=0.01 secs] 
2016-09-15T11:47:58.867-0400: 70.939: [GC (GCLocker Initiated GC) [PSYoungGen: 149230K->79687K(175104K)] 386153K->353171K(699392K), 0.0133212 secs] [Times: user=0.11 sys=0.01, real=0.02 secs] 
2016-09-15T11:47:59.002-0400: 71.074: [GC (GCLocker Initiated GC) [PSYoungGen: 167751K->43073K(175104K)] 447610K->365905K(699392K), 0.0234468 secs] [Times: user=0.23 sys=0.00, real=0.02 secs] 
2016-09-15T11:47:59.154-0400: 71.225: [GC (GCLocker Initiated GC) [PSYoungGen: 131137K->61398K(175104K)] 460092K->408853K(699392K), 0.0282435 secs] [Times: user=0.32 sys=0.01, real=0.03 secs] 
2016-09-15T11:47:59.308-0400: 71.379: [GC (GCLocker Initiated GC) [PSYoungGen: 149462K->49408K(175104K)] 503274K->439970K(699392K), 0.0158705 secs] [Times: user=0.16 sys=0.01, real=0.01 secs] 
2016-09-15T11:47:59.430-0400: 71.502: [GC (GCLocker Initiated GC) [PSYoungGen: 137472K->85562K(175104K)] 528143K->500817K(699392K), 0.0224816 secs] [Times: user=0.25 sys=0.01, real=0.02 secs] 
2016-09-15T11:47:59.598-0400: 71.670: [GC (GCLocker Initiated GC) [PSYoungGen: 173626K->49408K(175104K)] 595160K->525736K(699392K), 0.0124435 secs] [Times: user=0.12 sys=0.00, real=0.01 secs] 
2016-09-15T11:47:59.611-0400: 71.682: [Full GC (Ergonomics) [PSYoungGen: 49408K->0K(175104K)] [ParOldGen: 476328K->46512K(524288K)] 525736K->46512K(699392K), [Metaspace: 44303K->44303K(1087488K)], 0.0561854 secs] [Times: user=0.31 sys=0.02, real=0.05 secs] 
2016-09-15T11:47:59.778-0400: 71.850: [GC (GCLocker Initiated GC) [PSYoungGen: 88064K->86014K(175104K)] 140721K->144746K(699392K), 0.0105205 secs] [Times: user=0.11 sys=0.00, real=0.01 secs] 
2016-09-15T11:47:59.912-0400: 71.983: [GC (GCLocker Initiated GC) [PSYoungGen: 174078K->49507K(175104K)] 233166K->163795K(699392K), 0.0103545 secs] [Times: user=0.10 sys=0.00, real=0.01 secs] 
2016-09-15T11:48:00.031-0400: 72.103: [GC (GCLocker Initiated GC) [PSYoungGen: 137571K->73868K(175104K)] 258272K->213101K(699392K), 0.0083123 secs] [Times: user=0.11 sys=0.00, real=0.01 secs] 
2016-09-15T11:48:00.179-0400: 72.250: [GC (Allocation Failure) [PSYoungGen: 161932K->73836K(175104K)] 301520K->213592K(699392K), 0.0114810 secs] [Times: user=0.15 sys=0.00, real=0.01 secs] 
2016-09-15T11:48:00.301-0400: 72.372: [GC (GCLocker Initiated GC) [PSYoungGen: 161900K->73672K(175104K)] 301661K->250371K(699392K), 0.0108646 secs] [Times: user=0.15 sys=0.00, real=0.01 secs] 
2016-09-15T11:48:00.436-0400: 72.508: [GC (Allocation Failure) [PSYoungGen: 161736K->79651K(175104K)] 339215K->257250K(699392K), 0.0093873 secs] [Times: user=0.13 sys=0.00, real=0.00 secs] 
2016-09-15T11:48:00.554-0400: 72.626: [GC (GCLocker Initiated GC) [PSYoungGen: 167709K->86182K(175104K)] 345314K->288417K(699392K), 0.0120066 secs] [Times: user=0.16 sys=0.00, real=0.01 secs] 
2016-09-15T11:48:00.694-0400: 72.765: [GC (GCLocker Initiated GC) [PSYoungGen: 174246K->61882K(175104K)] 376657K->301051K(699392K), 0.0101487 secs] [Times: user=0.12 sys=0.00, real=0.01 secs] 
2016-09-15T11:48:00.827-0400: 72.898: [GC (GCLocker Initiated GC) [PSYoungGen: 149946K->73608K(175104K)] 395338K->337320K(699392K), 0.0112031 secs] [Times: user=0.10 sys=0.00, real=0.02 secs] 
2016-09-15T11:48:00.952-0400: 73.023: [GC (Allocation Failure) [PSYoungGen: 161672K->73576K(175104K)] 425510K->337549K(699392K), 0.0106917 secs] [Times: user=0.08 sys=0.00, real=0.01 secs] 
2016-09-15T11:48:01.086-0400: 73.158: [GC (GCLocker Initiated GC) [PSYoungGen: 161640K->86150K(175104K)] 425619K->386894K(699392K), 0.0112480 secs] [Times: user=0.14 sys=0.00, real=0.02 secs] 
2016-09-15T11:48:01.225-0400: 73.297: [GC (Allocation Failure) [PSYoungGen: 174214K->85690K(175104K)] 475141K->417604K(699392K), 0.0174290 secs] [Times: user=0.21 sys=0.00, real=0.02 secs] 
2016-09-15T11:48:01.243-0400: 73.315: [GC (GCLocker Initiated GC) [PSYoungGen: 85702K->64K(175104K)] 417616K->429400K(699392K), 0.0097291 secs] [Times: user=0.11 sys=0.00, real=0.01 secs] 
2016-09-15T11:48:01.364-0400: 73.436: [GC (GCLocker Initiated GC) [PSYoungGen: 88128K->86214K(175104K)] 517469K->515563K(699392K), 0.0218733 secs] [Times: user=0.23 sys=0.00, real=0.02 secs] 
2016-09-15T11:48:01.503-0400: 73.575: [GC (Allocation Failure) [PSYoungGen: 174278K->67533K(175104K)] 603664K->570670K(699392K), 0.0342674 secs] [Times: user=0.45 sys=0.00, real=0.04 secs] 
2016-09-15T11:48:01.538-0400: 73.609: [Full GC (Ergonomics) [PSYoungGen: 67533K->0K(175104K)] [ParOldGen: 503137K->46757K(524288K)] 570670K->46757K(699392K), [Metaspace: 44311K->44311K(1087488K)], 0.0596347 secs] [Times: user=0.43 sys=0.01, real=0.06 secs] 
2016-09-15T11:48:01.716-0400: 73.788: [GC (GCLocker Initiated GC) [PSYoungGen: 88064K->86110K(175104K)] 134822K->157168K(699392K), 0.0096870 secs] [Times: user=0.13 sys=0.00, real=0.00 secs] 
2016-09-15T11:48:01.841-0400: 73.912: [GC (GCLocker Initiated GC) [PSYoungGen: 174174K->67565K(175104K)] 245251K->175811K(699392K), 0.0247996 secs] [Times: user=0.31 sys=0.00, real=0.02 secs] 
2016-09-15T11:48:01.990-0400: 74.061: [GC (GCLocker Initiated GC) [PSYoungGen: 155629K->55447K(175104K)] 270244K->231112K(699392K), 0.0124513 secs] [Times: user=0.13 sys=0.00, real=0.01 secs] 
2016-09-15T11:48:02.125-0400: 74.197: [GC (GCLocker Initiated GC) [PSYoungGen: 143511K->73772K(175104K)] 319537K->268174K(699392K), 0.0088420 secs] [Times: user=0.12 sys=0.00, real=0.01 secs] 
2016-09-15T11:48:02.259-0400: 74.331: [GC (GCLocker Initiated GC) [PSYoungGen: 161836K->85954K(175104K)] 356392K->305118K(699392K), 0.0091569 secs] [Times: user=0.11 sys=0.02, real=0.01 secs] 
2016-09-15T11:48:02.425-0400: 74.497: [GC (GCLocker Initiated GC) [PSYoungGen: 174018K->55351K(175104K)] 393195K->323255K(699392K), 0.0115274 secs] [Times: user=0.16 sys=0.00, real=0.02 secs] 
2016-09-15T11:48:02.540-0400: 74.612: [GC (GCLocker Initiated GC) [PSYoungGen: 143415K->85594K(175104K)] 411330K->359876K(699392K), 0.0101781 secs] [Times: user=0.10 sys=0.00, real=0.01 secs] 
2016-09-15T11:48:02.711-0400: 74.782: [GC (Allocation Failure) [PSYoungGen: 173658K->37194K(175104K)] 460193K->360290K(699392K), 0.0146779 secs] [Times: user=0.13 sys=0.01, real=0.01 secs] 
2016-09-15T11:48:02.836-0400: 74.907: [GC (GCLocker Initiated GC) [PSYoungGen: 125258K->85626K(175104K)] 448360K->451569K(699392K), 0.0219106 secs] [Times: user=0.32 sys=0.00, real=0.02 secs] 
2016-09-15T11:48:02.965-0400: 75.036: [GC (GCLocker Initiated GC) [PSYoungGen: 173690K->73644K(175104K)] 539909K->458192K(699392K), 0.0144147 secs] [Times: user=0.15 sys=0.00, real=0.02 secs] 
2016-09-15T11:48:03.094-0400: 75.166: [GC (GCLocker Initiated GC) [PSYoungGen: 161708K->85922K(175104K)] 558566K->507388K(699392K), 0.0102663 secs] [Times: user=0.10 sys=0.01, real=0.01 secs] 
2016-09-15T11:48:03.211-0400: 75.282: [GC (GCLocker Initiated GC) [PSYoungGen: 173986K->79783K(175104K)] 595574K->525806K(699392K), 0.0125674 secs] [Times: user=0.14 sys=0.00, real=0.01 secs] 
2016-09-15T11:48:03.326-0400: 75.398: [GC (GCLocker Initiated GC) [PSYoungGen: 167847K->67373K(175104K)] 613935K->531765K(699392K), 0.0099438 secs] [Times: user=0.09 sys=0.01, real=0.02 secs] 
2016-09-15T11:48:03.336-0400: 75.408: [Full GC (Ergonomics) [PSYoungGen: 67373K->0K(175104K)] [ParOldGen: 464392K->46800K(524288K)] 531765K->46800K(699392K), [Metaspace: 44316K->44316K(1087488K)], 0.0609331 secs] [Times: user=0.30 sys=0.02, real=0.06 secs] 
2016-09-15T11:48:03.505-0400: 75.577: [GC (GCLocker Initiated GC) [PSYoungGen: 88064K->86078K(175104K)] 141121K->145210K(699392K), 0.0146832 secs] [Times: user=0.19 sys=0.00, real=0.02 secs] 
2016-09-15T11:48:03.645-0400: 75.716: [GC (GCLocker Initiated GC) [PSYoungGen: 174142K->85986K(175104K)] 233434K->170313K(699392K), 0.0091453 secs] [Times: user=0.13 sys=0.00, real=0.01 secs] 
2016-09-15T11:48:03.789-0400: 75.861: [GC (GCLocker Initiated GC) [PSYoungGen: 174050K->85854K(175104K)] 258481K->213133K(699392K), 0.0091217 secs] [Times: user=0.12 sys=0.00, real=0.01 secs] 
2016-09-15T11:48:03.911-0400: 75.983: [GC (GCLocker Initiated GC) [PSYoungGen: 173918K->61522K(175104K)] 301335K->274141K(699392K), 0.0111100 secs] [Times: user=0.14 sys=0.01, real=0.01 secs] 
2016-09-15T11:48:04.057-0400: 76.129: [GC (GCLocker Initiated GC) [PSYoungGen: 149586K->61558K(175104K)] 374593K->305065K(699392K), 0.0077770 secs] [Times: user=0.07 sys=0.00, real=0.00 secs] 
2016-09-15T11:48:04.197-0400: 76.268: [GC (GCLocker Initiated GC) [PSYoungGen: 149622K->79619K(175104K)] 393306K->348067K(699392K), 0.0213863 secs] [Times: user=0.26 sys=0.00, real=0.02 secs] 
2016-09-15T11:48:04.335-0400: 76.407: [GC (Allocation Failure) [PSYoungGen: 167683K->73576K(175104K)] 436486K->391271K(699392K), 0.0128868 secs] [Times: user=0.13 sys=0.00, real=0.02 secs] 
2016-09-15T11:48:04.461-0400: 76.533: [GC (GCLocker Initiated GC) [PSYoungGen: 161640K->73672K(175104K)] 479340K->427966K(699392K), 0.0134436 secs] [Times: user=0.17 sys=0.00, real=0.01 secs] 
2016-09-15T11:48:04.608-0400: 76.679: [GC (GCLocker Initiated GC) [PSYoungGen: 161736K->55483K(175104K)] 528429K->440504K(699392K), 0.0096899 secs] [Times: user=0.07 sys=0.00, real=0.01 secs] 
2016-09-15T11:48:04.738-0400: 76.809: [GC (GCLocker Initiated GC) [PSYoungGen: 143547K->73608K(175104K)] 528762K->459467K(699392K), 0.0098484 secs] [Times: user=0.14 sys=0.00, real=0.01 secs] 
2016-09-15T11:48:04.868-0400: 76.940: [GC (GCLocker Initiated GC) [PSYoungGen: 161672K->61526K(175104K)] 553939K->508775K(699392K), 0.0139477 secs] [Times: user=0.16 sys=0.00, real=0.01 secs] 
2016-09-15T11:48:04.882-0400: 76.954: [Full GC (Ergonomics) [PSYoungGen: 61526K->0K(175104K)] [ParOldGen: 447249K->52907K(524288K)] 508775K->52907K(699392K), [Metaspace: 44316K->44316K(1087488K)], 0.0606225 secs] [Times: user=0.32 sys=0.01, real=0.06 secs] 
2016-09-15T11:48:05.058-0400: 77.129: [GC (GCLocker Initiated GC) [PSYoungGen: 88064K->86110K(175104K)] 141169K->163515K(699392K), 0.0099760 secs] [Times: user=0.15 sys=0.00, real=0.01 secs] 
2016-09-15T11:48:05.182-0400: 77.254: [GC (GCLocker Initiated GC) [PSYoungGen: 174174K->86282K(175104K)] 251621K->212901K(699392K), 0.0270695 secs] [Times: user=0.38 sys=0.00, real=0.03 secs] 
2016-09-15T11:48:05.354-0400: 77.426: [GC (GCLocker Initiated GC) [PSYoungGen: 174346K->49048K(175104K)] 307041K->230619K(699392K), 0.0134110 secs] [Times: user=0.12 sys=0.01, real=0.02 secs] 
2016-09-15T11:48:05.501-0400: 77.573: [GC (GCLocker Initiated GC) [PSYoungGen: 137112K->67273K(175104K)] 319012K->249292K(699392K), 0.0098237 secs] [Times: user=0.10 sys=0.00, real=0.01 secs] 
2016-09-15T11:48:05.625-0400: 77.696: [GC (GCLocker Initiated GC) [PSYoungGen: 155337K->79487K(175104K)] 337498K->267835K(699392K), 0.0313369 secs] [Times: user=0.36 sys=0.00, real=0.04 secs] 
2016-09-15T11:48:05.813-0400: 77.885: [GC (Allocation Failure) [PSYoungGen: 167551K->37681K(175104K)] 368180K->256639K(699392K), 0.0138384 secs] [Times: user=0.18 sys=0.00, real=0.01 secs] 
2016-09-15T11:48:05.935-0400: 78.007: [GC (GCLocker Initiated GC) [PSYoungGen: 125745K->85822K(175104K)] 344714K->311345K(699392K), 0.0103038 secs] [Times: user=0.10 sys=0.01, real=0.01 secs] 
2016-09-15T11:48:06.069-0400: 78.141: [GC (GCLocker Initiated GC) [PSYoungGen: 173886K->79747K(175104K)] 399458K->360129K(699392K), 0.0098401 secs] [Times: user=0.15 sys=0.00, real=0.01 secs] 
2016-09-15T11:48:06.225-0400: 78.297: [GC (GCLocker Initiated GC) [PSYoungGen: 167811K->74032K(175104K)] 448363K->391202K(699392K), 0.0123586 secs] [Times: user=0.15 sys=0.00, real=0.02 secs] 
2016-09-15T11:48:06.344-0400: 78.415: [GC (GCLocker Initiated GC) [PSYoungGen: 162096K->85726K(175104K)] 485378K->427541K(699392K), 0.0129925 secs] [Times: user=0.14 sys=0.00, real=0.02 secs] 
2016-09-15T11:48:06.498-0400: 78.570: [GC (GCLocker Initiated GC) [PSYoungGen: 173790K->61526K(175104K)] 515837K->446209K(699392K), 0.0192558 secs] [Times: user=0.16 sys=0.00, real=0.02 secs] 
2016-09-15T11:48:06.631-0400: 78.703: [GC (Allocation Failure) [PSYoungGen: 149590K->67241K(175104K)] 534937K->471080K(699392K), 0.0341693 secs] [Times: user=0.39 sys=0.00, real=0.03 secs] 
2016-09-15T11:48:06.786-0400: 78.857: [GC (GCLocker Initiated GC) [PSYoungGen: 155305K->73772K(175104K)] 559151K->495970K(699392K), 0.0169095 secs] [Times: user=0.22 sys=0.00, real=0.02 secs] 
2016-09-15T11:48:06.891-0400: 78.963: [GC (GCLocker Initiated GC) [PSYoungGen: 161836K->86022K(175104K)] 584177K->557262K(699392K), 0.0165167 secs] [Times: user=0.16 sys=0.01, real=0.01 secs] 
2016-09-15T11:48:06.908-0400: 78.979: [Full GC (Ergonomics) [PSYoungGen: 86022K->0K(175104K)] [ParOldGen: 471240K->59810K(524288K)] 557262K->59810K(699392K), [Metaspace: 44319K->44319K(1087488K)], 0.0592404 secs] [Times: user=0.32 sys=0.01, real=0.06 secs] 
2016-09-15T11:48:07.078-0400: 79.150: [GC (GCLocker Initiated GC) [PSYoungGen: 88064K->86530K(175104K)] 148101K->170867K(699392K), 0.0102093 secs] [Times: user=0.11 sys=0.01, real=0.01 secs] 
2016-09-15T11:48:07.200-0400: 79.272: [GC (GCLocker Initiated GC) [PSYoungGen: 174594K->55223K(175104K)] 265273K->171130K(699392K), 0.0130296 secs] [Times: user=0.09 sys=0.01, real=0.01 secs] 
2016-09-15T11:48:07.333-0400: 79.405: [GC (GCLocker Initiated GC) [PSYoungGen: 143287K->61490K(175104K)] 259347K->226294K(699392K), 0.0087854 secs] [Times: user=0.10 sys=0.00, real=0.01 secs] 
2016-09-15T11:48:07.462-0400: 79.533: [GC (GCLocker Initiated GC) [PSYoungGen: 149554K->67729K(175104K)] 314370K->269326K(699392K), 0.0099941 secs] [Times: user=0.15 sys=0.00, real=0.01 secs] 
2016-09-15T11:48:07.585-0400: 79.656: [GC (GCLocker Initiated GC) [PSYoungGen: 155793K->85854K(175104K)] 363529K->330504K(699392K), 0.0102074 secs] [Times: user=0.14 sys=0.00, real=0.01 secs] 
2016-09-15T11:48:07.714-0400: 79.785: [GC (GCLocker Initiated GC) [PSYoungGen: 173918K->79815K(175104K)] 418616K->373420K(699392K), 0.0109202 secs] [Times: user=0.13 sys=0.00, real=0.01 secs] 
2016-09-15T11:48:07.858-0400: 79.930: [GC (GCLocker Initiated GC) [PSYoungGen: 167879K->55283K(175104K)] 467714K->416340K(699392K), 0.0099223 secs] [Times: user=0.13 sys=0.00, real=0.01 secs] 
2016-09-15T11:48:07.999-0400: 80.070: [GC (GCLocker Initiated GC) [PSYoungGen: 143347K->73608K(175104K)] 504445K->434810K(699392K), 0.0170721 secs] [Times: user=0.18 sys=0.00, real=0.02 secs] 
2016-09-15T11:48:08.120-0400: 80.192: [GC (GCLocker Initiated GC) [PSYoungGen: 161672K->73640K(175104K)] 523057K->471790K(699392K), 0.0195427 secs] [Times: user=0.23 sys=0.00, real=0.02 secs] 
2016-09-15T11:48:08.258-0400: 80.329: [GC (GCLocker Initiated GC) [PSYoungGen: 161704K->85854K(175104K)] 566061K->508579K(699392K), 0.0085145 secs] [Times: user=0.13 sys=0.00, real=0.00 secs] 
2016-09-15T11:48:08.400-0400: 80.472: [GC (GCLocker Initiated GC) [PSYoungGen: 173918K->55547K(175104K)] 596769K->545538K(699392K), 0.0106090 secs] [Times: user=0.14 sys=0.01, real=0.01 secs] 
2016-09-15T11:48:08.411-0400: 80.483: [Full GC (Ergonomics) [PSYoungGen: 55547K->0K(175104K)] [ParOldGen: 489991K->41035K(524288K)] 545538K->41035K(699392K), [Metaspace: 44319K->44319K(1087488K)], 0.0613051 secs] [Times: user=0.46 sys=0.00, real=0.06 secs] 
2016-09-15T11:48:08.587-0400: 80.658: [GC (GCLocker Initiated GC) [PSYoungGen: 88064K->86406K(175104K)] 135233K->163951K(699392K), 0.0086787 secs] [Times: user=0.11 sys=0.00, real=0.01 secs] 
2016-09-15T11:48:08.707-0400: 80.779: [GC (GCLocker Initiated GC) [PSYoungGen: 174470K->73704K(175104K)] 258332K->213164K(699392K), 0.0134071 secs] [Times: user=0.18 sys=0.00, real=0.02 secs] 
2016-09-15T11:48:08.852-0400: 80.924: [GC (GCLocker Initiated GC) [PSYoungGen: 161768K->55383K(175104K)] 307760K->201650K(699392K), 0.0115962 secs] [Times: user=0.13 sys=0.01, real=0.01 secs] 
2016-09-15T11:48:09.012-0400: 81.084: [GC (GCLocker Initiated GC) [PSYoungGen: 143447K->67501K(175104K)] 302220K->244790K(699392K), 0.0094314 secs] [Times: user=0.08 sys=0.00, real=0.01 secs] 
2016-09-15T11:48:09.142-0400: 81.214: [GC (GCLocker Initiated GC) [PSYoungGen: 155565K->61494K(175104K)] 332919K->257348K(699392K), 0.0110497 secs] [Times: user=0.10 sys=0.00, real=0.01 secs] 
2016-09-15T11:48:09.258-0400: 81.330: [GC (GCLocker Initiated GC) [PSYoungGen: 149558K->79747K(175104K)] 345475K->354947K(699392K), 0.0223653 secs] [Times: user=0.27 sys=0.00, real=0.02 secs] 
2016-09-15T11:48:09.405-0400: 81.477: [GC (Allocation Failure) [PSYoungGen: 167811K->67889K(175104K)] 449155K->385959K(699392K), 0.0098362 secs] [Times: user=0.11 sys=0.00, real=0.01 secs] 
2016-09-15T11:48:09.526-0400: 81.598: [GC (GCLocker Initiated GC) [PSYoungGen: 155953K->73576K(175104K)] 474028K->446906K(699392K), 0.0330188 secs] [Times: user=0.42 sys=0.00, real=0.04 secs] 
2016-09-15T11:48:09.692-0400: 81.763: [GC (Allocation Failure) [PSYoungGen: 161640K->79747K(175104K)] 541378K->496203K(699392K), 0.0118449 secs] [Times: user=0.13 sys=0.01, real=0.01 secs] 
2016-09-15T11:48:09.824-0400: 81.895: [GC (GCLocker Initiated GC) [PSYoungGen: 167811K->85922K(175104K)] 584272K->508757K(699392K), 0.0092454 secs] [Times: user=0.13 sys=0.00, real=0.01 secs] 
2016-09-15T11:48:09.966-0400: 82.038: [GC (Allocation Failure) [PSYoungGen: 173986K->67437K(175104K)] 603145K->515121K(699392K), 0.0112527 secs] [Times: user=0.15 sys=0.01, real=0.02 secs] 
2016-09-15T11:48:09.977-0400: 82.049: [Full GC (Ergonomics) [PSYoungGen: 67437K->0K(175104K)] [ParOldGen: 447684K->47154K(524288K)] 515121K->47154K(699392K), [Metaspace: 44319K->44319K(1087488K)], 0.0671706 secs] [Times: user=0.49 sys=0.01, real=0.06 secs] 
2016-09-15T11:48:10.150-0400: 82.222: [GC (GCLocker Initiated GC) [PSYoungGen: 85633K->74388K(175104K)] 138862K->127617K(699392K), 0.0091229 secs] [Times: user=0.12 sys=0.00, real=0.01 secs] 
2016-09-15T11:48:10.281-0400: 82.352: [GC (GCLocker Initiated GC) [PSYoungGen: 162452K->73640K(175104K)] 215907K->146196K(699392K), 0.0130738 secs] [Times: user=0.13 sys=0.01, real=0.01 secs] 
2016-09-15T11:48:10.432-0400: 82.503: [GC (GCLocker Initiated GC) [PSYoungGen: 161704K->73968K(175104K)] 240634K->171439K(699392K), 0.0098658 secs] [Times: user=0.12 sys=0.00, real=0.01 secs] 
2016-09-15T11:48:10.592-0400: 82.663: [GC (GCLocker Initiated GC) [PSYoungGen: 162032K->55351K(175104K)] 259701K->171544K(699392K), 0.0108275 secs] [Times: user=0.14 sys=0.00, real=0.01 secs] 
2016-09-15T11:48:10.718-0400: 82.790: [GC (GCLocker Initiated GC) [PSYoungGen: 143415K->85790K(175104K)] 259734K->232627K(699392K), 0.0103883 secs] [Times: user=0.14 sys=0.00, real=0.01 secs] 
2016-09-15T11:48:10.867-0400: 82.939: [GC (GCLocker Initiated GC) [PSYoungGen: 173854K->67697K(175104K)] 333085K->263497K(699392K), 0.0095608 secs] [Times: user=0.11 sys=0.00, real=0.02 secs] 
2016-09-15T11:48:11.005-0400: 83.077: [GC (GCLocker Initiated GC) [PSYoungGen: 155761K->85954K(175104K)] 357723K->336840K(699392K), 0.0206405 secs] [Times: user=0.27 sys=0.00, real=0.02 secs] 
2016-09-15T11:48:11.153-0400: 83.225: [GC (GCLocker Initiated GC) [PSYoungGen: 174018K->61490K(175104K)] 425051K->373573K(699392K), 0.0109794 secs] [Times: user=0.16 sys=0.00, real=0.01 secs] 
2016-09-15T11:48:11.298-0400: 83.369: [GC (GCLocker Initiated GC) [PSYoungGen: 149554K->61394K(175104K)] 461641K->391810K(699392K), 0.0131348 secs] [Times: user=0.13 sys=0.00, real=0.01 secs] 
2016-09-15T11:48:11.438-0400: 83.510: [GC (GCLocker Initiated GC) [PSYoungGen: 149458K->85690K(175104K)] 485996K->452927K(699392K), 0.0125150 secs] [Times: user=0.16 sys=0.00, real=0.01 secs] 
2016-09-15T11:48:11.579-0400: 83.650: [GC (GCLocker Initiated GC) [PSYoungGen: 173754K->61654K(175104K)] 541172K->477823K(699392K), 0.0108950 secs] [Times: user=0.13 sys=0.00, real=0.01 secs] 
2016-09-15T11:48:11.714-0400: 83.786: [GC (GCLocker Initiated GC) [PSYoungGen: 149718K->79455K(175104K)] 566097K->514335K(699392K), 0.0089649 secs] [Times: user=0.12 sys=0.00, real=0.01 secs] 
2016-09-15T11:48:11.842-0400: 83.914: [GC (GCLocker Initiated GC) [PSYoungGen: 167519K->85890K(175104K)] 602726K->557659K(699392K), 0.0159780 secs] [Times: user=0.14 sys=0.00, real=0.02 secs] 
2016-09-15T11:48:11.858-0400: 83.930: [Full GC (Ergonomics) [PSYoungGen: 85890K->0K(175104K)] [ParOldGen: 471769K->53487K(524288K)] 557659K->53487K(699392K), [Metaspace: 44330K->44330K(1087488K)], 0.0559736 secs] [Times: user=0.39 sys=0.01, real=0.05 secs] 
2016-09-15T11:48:12.032-0400: 84.103: [GC (GCLocker Initiated GC) [PSYoungGen: 88064K->86602K(175104K)] 141689K->176677K(699392K), 0.0116363 secs] [Times: user=0.17 sys=0.00, real=0.01 secs] 
2016-09-15T11:48:12.147-0400: 84.219: [GC (GCLocker Initiated GC) [PSYoungGen: 174666K->49244K(175104K)] 264996K->231443K(699392K), 0.0136975 secs] [Times: user=0.16 sys=0.02, real=0.02 secs] 
2016-09-15T11:48:12.253-0400: 84.325: [GC (GCLocker Initiated GC) [PSYoungGen: 137308K->85954K(175104K)] 319722K->347650K(699392K), 0.0129523 secs] [Times: user=0.16 sys=0.00, real=0.01 secs] 
2016-09-15T11:48:12.377-0400: 84.448: [GC (Allocation Failure) [PSYoungGen: 174018K->85986K(175104K)] 435801K->402728K(699392K), 0.0111633 secs] [Times: user=0.15 sys=0.01, real=0.01 secs] 
2016-09-15T11:48:12.388-0400: 84.460: [GC (GCLocker Initiated GC) [PSYoungGen: 85995K->32K(175104K)] 402737K->439004K(699392K), 0.0085282 secs] [Times: user=0.12 sys=0.01, real=0.01 secs] 
2016-09-15T11:48:12.397-0400: 84.469: [Full GC (Ergonomics) [PSYoungGen: 32K->0K(175104K)] [ParOldGen: 438972K->51825K(524288K)] 439004K->51825K(699392K), [Metaspace: 44330K->44330K(1087488K)], 0.0613406 secs] [Times: user=0.44 sys=0.01, real=0.06 secs] 
2016-09-15T11:48:12.571-0400: 84.642: [GC (GCLocker Initiated GC) [PSYoungGen: 88064K->86210K(175104K)] 139895K->144116K(699392K), 0.0099719 secs] [Times: user=0.14 sys=0.00, real=0.01 secs] 
2016-09-15T11:48:12.696-0400: 84.768: [GC (Allocation Failure) [PSYoungGen: 174274K->73836K(175104K)] 232418K->187218K(699392K), 0.0104140 secs] [Times: user=0.15 sys=0.00, real=0.00 secs] 
2016-09-15T11:48:12.830-0400: 84.902: [GC (GCLocker Initiated GC) [PSYoungGen: 161900K->74000K(175104K)] 275288K->205756K(699392K), 0.0090549 secs] [Times: user=0.15 sys=0.00, real=0.01 secs] 
2016-09-15T11:48:12.961-0400: 85.033: [GC (GCLocker Initiated GC) [PSYoungGen: 162064K->73736K(175104K)] 294086K->224447K(699392K), 0.0097559 secs] [Times: user=0.11 sys=0.01, real=0.01 secs] 
2016-09-15T11:48:13.108-0400: 85.179: [GC (GCLocker Initiated GC) [PSYoungGen: 161800K->12861K(175104K)] 324921K->212528K(699392K), 0.0157362 secs] [Times: user=0.17 sys=0.02, real=0.01 secs] 
2016-09-15T11:48:13.236-0400: 85.308: [GC (GCLocker Initiated GC) [PSYoungGen: 100925K->67565K(175104K)] 300652K->267559K(699392K), 0.0108908 secs] [Times: user=0.09 sys=0.00, real=0.00 secs] 
2016-09-15T11:48:13.355-0400: 85.427: [GC (GCLocker Initiated GC) [PSYoungGen: 155629K->86018K(175104K)] 355844K->310717K(699392K), 0.0129717 secs] [Times: user=0.18 sys=0.00, real=0.02 secs] 
2016-09-15T11:48:13.516-0400: 85.588: [GC (Allocation Failure) [PSYoungGen: 174082K->55059K(175104K)] 405071K->322766K(699392K), 0.0114003 secs] [Times: user=0.11 sys=0.01, real=0.01 secs] 
2016-09-15T11:48:13.655-0400: 85.727: [GC (GCLocker Initiated GC) [PSYoungGen: 143123K->79487K(175104K)] 410835K->347319K(699392K), 0.0218620 secs] [Times: user=0.23 sys=0.00, real=0.03 secs] 
2016-09-15T11:48:13.796-0400: 85.868: [GC (GCLocker Initiated GC) [PSYoungGen: 167551K->73708K(175104K)] 435677K->360186K(699392K), 0.0177117 secs] [Times: user=0.22 sys=0.01, real=0.01 secs] 
2016-09-15T11:48:13.918-0400: 85.989: [GC (GCLocker Initiated GC) [PSYoungGen: 161772K->55387K(175104K)] 460481K->354355K(699392K), 0.0225039 secs] [Times: user=0.25 sys=0.00, real=0.02 secs] 
2016-09-15T11:48:14.061-0400: 86.132: [GC (Allocation Failure) [PSYoungGen: 143451K->67629K(175104K)] 442483K->415585K(699392K), 0.0158708 secs] [Times: user=0.21 sys=0.00, real=0.02 secs] 
2016-09-15T11:48:14.202-0400: 86.274: [GC (GCLocker Initiated GC) [PSYoungGen: 155693K->67661K(175104K)] 503681K->470631K(699392K), 0.0145839 secs] [Times: user=0.19 sys=0.00, real=0.02 secs] 
2016-09-15T11:48:14.340-0400: 86.412: [GC (GCLocker Initiated GC) [PSYoungGen: 155725K->86182K(175104K)] 558889K->501795K(699392K), 0.0147497 secs] [Times: user=0.20 sys=0.00, real=0.01 secs] 
2016-09-15T11:48:14.489-0400: 86.561: [GC (GCLocker Initiated GC) [PSYoungGen: 174246K->55547K(175104K)] 596004K->514375K(699392K), 0.0101392 secs] [Times: user=0.11 sys=0.00, real=0.01 secs] 
2016-09-15T11:48:14.499-0400: 86.571: [Full GC (Ergonomics) [PSYoungGen: 55547K->0K(175104K)] [ParOldGen: 458828K->52111K(524288K)] 514375K->52111K(699392K), [Metaspace: 44334K->44334K(1087488K)], 0.0625445 secs] [Times: user=0.35 sys=0.02, real=0.06 secs] 
2016-09-15T11:48:14.696-0400: 86.768: [GC (Allocation Failure) [PSYoungGen: 88064K->85758K(175104K)] 152669K->156439K(699392K), 0.0117752 secs] [Times: user=0.13 sys=0.00, real=0.01 secs] 
2016-09-15T11:48:14.831-0400: 86.902: [GC (GCLocker Initiated GC) [PSYoungGen: 169312K->55611K(175104K)] 246068K->169272K(699392K), 0.0176939 secs] [Times: user=0.22 sys=0.00, real=0.02 secs] 
2016-09-15T11:48:14.993-0400: 87.064: [GC (GCLocker Initiated GC) [PSYoungGen: 143675K->37126K(175104K)] 275759K->187711K(699392K), 0.0093452 secs] [Times: user=0.12 sys=0.00, real=0.01 secs] 
2016-09-15T11:48:15.126-0400: 87.198: [GC (Allocation Failure) [PSYoungGen: 125190K->37158K(175104K)] 276340K->188428K(699392K), 0.0078364 secs] [Times: user=0.10 sys=0.00, real=0.01 secs] 
2016-09-15T11:48:15.247-0400: 87.318: [GC (GCLocker Initiated GC) [PSYoungGen: 123297K->73672K(175104K)] 280642K->231316K(699392K), 0.0108367 secs] [Times: user=0.14 sys=0.00, real=0.02 secs] 
2016-09-15T11:48:15.362-0400: 87.434: [GC (GCLocker Initiated GC) [PSYoungGen: 161736K->73672K(175104K)] 319597K->249901K(699392K), 0.0088218 secs] [Times: user=0.12 sys=0.00, real=0.01 secs] 
2016-09-15T11:48:15.493-0400: 87.565: [GC (Allocation Failure) [PSYoungGen: 161736K->73968K(175104K)] 344390K->275138K(699392K), 0.0169565 secs] [Times: user=0.21 sys=0.00, real=0.02 secs] 
2016-09-15T11:48:15.629-0400: 87.700: [GC (GCLocker Initiated GC) [PSYoungGen: 162032K->73380K(175104K)] 363208K->274856K(699392K), 0.0152797 secs] [Times: user=0.17 sys=0.00, real=0.01 secs] 
2016-09-15T11:48:15.758-0400: 87.830: [GC (GCLocker Initiated GC) [PSYoungGen: 161444K->67829K(175104K)] 363175K->287913K(699392K), 0.0102221 secs] [Times: user=0.09 sys=0.01, real=0.01 secs] 
2016-09-15T11:48:15.893-0400: 87.964: [GC (GCLocker Initiated GC) [PSYoungGen: 155893K->85690K(175104K)] 376086K->366925K(699392K), 0.0203036 secs] [Times: user=0.28 sys=0.00, real=0.02 secs] 
2016-09-15T11:48:16.057-0400: 88.128: [GC (GCLocker Initiated GC) [PSYoungGen: 173754K->37126K(175104K)] 473564K->367430K(699392K), 0.0118400 secs] [Times: user=0.12 sys=0.01, real=0.01 secs] 
2016-09-15T11:48:16.205-0400: 88.277: [GC (GCLocker Initiated GC) [PSYoungGen: 125190K->55711K(175104K)] 461740K->392576K(699392K), 0.0069055 secs] [Times: user=0.08 sys=0.00, real=0.01 secs] 
2016-09-15T11:48:16.327-0400: 88.399: [GC (GCLocker Initiated GC) [PSYoungGen: 143775K->73640K(175104K)] 480765K->429147K(699392K), 0.0123265 secs] [Times: user=0.17 sys=0.00, real=0.02 secs] 
2016-09-15T11:48:16.458-0400: 88.530: [GC (GCLocker Initiated GC) [PSYoungGen: 161704K->85854K(175104K)] 517511K->478442K(699392K), 0.0105273 secs] [Times: user=0.14 sys=0.00, real=0.01 secs] 
2016-09-15T11:48:16.600-0400: 88.672: [GC (GCLocker Initiated GC) [PSYoungGen: 173918K->73608K(175104K)] 566699K->515297K(699392K), 0.0107511 secs] [Times: user=0.16 sys=0.00, real=0.01 secs] 
2016-09-15T11:48:16.736-0400: 88.808: [GC (GCLocker Initiated GC) [PSYoungGen: 161672K->73640K(175104K)] 603958K->534427K(699392K), 0.0118172 secs] [Times: user=0.14 sys=0.01, real=0.01 secs] 
2016-09-15T11:48:16.749-0400: 88.820: [Full GC (Ergonomics) [PSYoungGen: 73640K->0K(175104K)] [ParOldGen: 460787K->46411K(524288K)] 534427K->46411K(699392K), [Metaspace: 44334K->44334K(1087488K)], 0.0588773 secs] [Times: user=0.35 sys=0.01, real=0.06 secs] 
2016-09-15T11:48:16.953-0400: 89.025: [GC (GCLocker Initiated GC) [PSYoungGen: 88064K->73836K(175104K)] 146846K->132618K(699392K), 0.0106973 secs] [Times: user=0.11 sys=0.00, real=0.01 secs] 
2016-09-15T11:48:17.088-0400: 89.159: [GC (GCLocker Initiated GC) [PSYoungGen: 161900K->85822K(175104K)] 226799K->181387K(699392K), 0.0095544 secs] [Times: user=0.13 sys=0.00, real=0.01 secs] 
2016-09-15T11:48:17.237-0400: 89.309: [GC (GCLocker Initiated GC) [PSYoungGen: 173886K->55675K(175104K)] 281856K->224547K(699392K), 0.0126391 secs] [Times: user=0.19 sys=0.00, real=0.01 secs] 
2016-09-15T11:48:17.344-0400: 89.416: [GC (GCLocker Initiated GC) [PSYoungGen: 143739K->79619K(175104K)] 312764K->267185K(699392K), 0.0115950 secs] [Times: user=0.13 sys=0.00, real=0.02 secs] 
2016-09-15T11:48:17.462-0400: 89.534: [GC (GCLocker Initiated GC) [PSYoungGen: 167683K->85986K(175104K)] 355436K->316392K(699392K), 0.0104487 secs] [Times: user=0.13 sys=0.00, real=0.01 secs] 
2016-09-15T11:48:17.612-0400: 89.683: [GC (GCLocker Initiated GC) [PSYoungGen: 174050K->73672K(175104K)] 410656K->328950K(699392K), 0.0101334 secs] [Times: user=0.12 sys=0.00, real=0.01 secs] 
2016-09-15T11:48:17.743-0400: 89.814: [GC (GCLocker Initiated GC) [PSYoungGen: 161736K->85986K(175104K)] 417252K->341793K(699392K), 0.0092149 secs] [Times: user=0.09 sys=0.00, real=0.01 secs] 
2016-09-15T11:48:17.876-0400: 89.947: [GC (GCLocker Initiated GC) [PSYoungGen: 174050K->61558K(175104K)] 429938K->366321K(699392K), 0.0460501 secs] [Times: user=0.60 sys=0.00, real=0.04 secs] 
2016-09-15T11:48:18.032-0400: 90.104: [GC (GCLocker Initiated GC) [PSYoungGen: 149622K->85954K(175104K)] 460569K->415254K(699392K), 0.0102697 secs] [Times: user=0.14 sys=0.00, real=0.01 secs] 
2016-09-15T11:48:18.200-0400: 90.271: [GC (Allocation Failure) [PSYoungGen: 174018K->19000K(175104K)] 521876K->434139K(699392K), 0.0095927 secs] [Times: user=0.12 sys=0.00, real=0.01 secs] 
2016-09-15T11:48:18.339-0400: 90.411: [GC (GCLocker Initiated GC) [PSYoungGen: 106929K->37194K(175104K)] 528142K->458691K(699392K), 0.0087493 secs] [Times: user=0.07 sys=0.00, real=0.01 secs] 
2016-09-15T11:48:18.457-0400: 90.529: [GC (GCLocker Initiated GC) [PSYoungGen: 125258K->79587K(175104K)] 546863K->501296K(699392K), 0.0123785 secs] [Times: user=0.12 sys=0.01, real=0.01 secs] 
2016-09-15T11:48:18.607-0400: 90.679: [GC (GCLocker Initiated GC) [PSYoungGen: 167651K->73672K(175104K)] 589451K->513997K(699392K), 0.0165577 secs] [Times: user=0.24 sys=0.00, real=0.02 secs] 
2016-09-15T11:48:18.735-0400: 90.806: [GC (GCLocker Initiated GC) [PSYoungGen: 161736K->85822K(175104K)] 602209K->550927K(699392K), 0.0107911 secs] [Times: user=0.13 sys=0.01, real=0.01 secs] 
2016-09-15T11:48:18.746-0400: 90.817: [Full GC (Ergonomics) [PSYoungGen: 85822K->0K(175104K)] [ParOldGen: 465105K->58477K(524288K)] 550927K->58477K(699392K), [Metaspace: 44347K->44347K(1087488K)], 0.0577481 secs] [Times: user=0.39 sys=0.00, real=0.06 secs] 
2016-09-15T11:48:18.940-0400: 91.012: [GC (Allocation Failure) [PSYoungGen: 88064K->55906K(175104K)] 159035K->126878K(699392K), 0.0063014 secs] [Times: user=0.07 sys=0.00, real=0.00 secs] 
2016-09-15T11:48:19.051-0400: 91.123: [GC (GCLocker Initiated GC) [PSYoungGen: 138885K->55775K(175104K)] 215932K->151830K(699392K), 0.0076932 secs] [Times: user=0.09 sys=0.00, real=0.01 secs] 
2016-09-15T11:48:19.177-0400: 91.248: [GC (GCLocker Initiated GC) [PSYoungGen: 143839K->85990K(175104K)] 246017K->188256K(699392K), 0.0107561 secs] [Times: user=0.10 sys=0.00, real=0.00 secs] 
2016-09-15T11:48:19.303-0400: 91.374: [GC (GCLocker Initiated GC) [PSYoungGen: 174054K->61362K(175104K)] 276490K->212829K(699392K), 0.0314082 secs] [Times: user=0.34 sys=0.00, real=0.03 secs] 
2016-09-15T11:48:19.454-0400: 91.526: [GC (GCLocker Initiated GC) [PSYoungGen: 149426K->61330K(175104K)] 301494K->231719K(699392K), 0.0123467 secs] [Times: user=0.10 sys=0.00, real=0.01 secs] 
2016-09-15T11:48:19.611-0400: 91.682: [GC (GCLocker Initiated GC) [PSYoungGen: 149394K->61362K(175104K)] 326051K->250264K(699392K), 0.0140427 secs] [Times: user=0.14 sys=0.00, real=0.01 secs] 
2016-09-15T11:48:19.738-0400: 91.809: [GC (GCLocker Initiated GC) [PSYoungGen: 149426K->43201K(175104K)] 338381K->305168K(699392K), 0.0139545 secs] [Times: user=0.14 sys=0.00, real=0.01 secs] 
2016-09-15T11:48:19.860-0400: 91.932: [GC (GCLocker Initiated GC) [PSYoungGen: 131265K->80434K(175104K)] 393295K->379082K(699392K), 0.0097962 secs] [Times: user=0.13 sys=0.00, real=0.01 secs] 
2016-09-15T11:48:20.028-0400: 92.100: [GC (Allocation Failure) [PSYoungGen: 168498K->85658K(175104K)] 467255K->403275K(699392K), 0.0116690 secs] [Times: user=0.13 sys=0.00, real=0.01 secs] 
2016-09-15T11:48:20.141-0400: 92.213: [GC (GCLocker Initiated GC) [PSYoungGen: 170840K->73508K(175104K)] 494532K->427718K(699392K), 0.0098233 secs] [Times: user=0.15 sys=0.00, real=0.01 secs] 
2016-09-15T11:48:20.268-0400: 92.339: [GC (GCLocker Initiated GC) [PSYoungGen: 161572K->74036K(175104K)] 521927K->440609K(699392K), 0.0103507 secs] [Times: user=0.12 sys=0.00, real=0.01 secs] 
2016-09-15T11:48:20.416-0400: 92.488: [GC (GCLocker Initiated GC) [PSYoungGen: 162100K->79655K(175104K)] 529034K->446865K(699392K), 0.0237198 secs] [Times: user=0.26 sys=0.00, real=0.02 secs] 
2016-09-15T11:48:20.577-0400: 92.649: [GC (Allocation Failure) [PSYoungGen: 167719K->49340K(175104K)] 534987K->453326K(699392K), 0.0121185 secs] [Times: user=0.11 sys=0.00, real=0.01 secs] 
2016-09-15T11:48:20.694-0400: 92.766: [GC (GCLocker Initiated GC) [PSYoungGen: 137404K->73672K(175104K)] 541397K->544626K(699392K), 0.0113389 secs] [Times: user=0.15 sys=0.00, real=0.01 secs] 
2016-09-15T11:48:20.706-0400: 92.777: [Full GC (Ergonomics) [PSYoungGen: 73672K->0K(175104K)] [ParOldGen: 470954K->51617K(524288K)] 544626K->51617K(699392K), [Metaspace: 44348K->44348K(1087488K)], 0.1892070 secs] [Times: user=2.41 sys=0.01, real=0.19 secs] 
2016-09-15T11:48:21.007-0400: 93.078: [GC (GCLocker Initiated GC) [PSYoungGen: 88064K->86466K(175104K)] 145910K->150387K(699392K), 0.0090744 secs] [Times: user=0.11 sys=0.01, real=0.02 secs] 
2016-09-15T11:48:21.136-0400: 93.208: [GC (GCLocker Initiated GC) [PSYoungGen: 174530K->73476K(175104K)] 238610K->199470K(699392K), 0.0119458 secs] [Times: user=0.16 sys=0.00, real=0.01 secs] 
2016-09-15T11:48:21.264-0400: 93.336: [GC (GCLocker Initiated GC) [PSYoungGen: 161540K->86018K(175104K)] 293742K->260888K(699392K), 0.0096803 secs] [Times: user=0.14 sys=0.00, real=0.01 secs] 
2016-09-15T11:48:21.427-0400: 93.499: [GC (Allocation Failure) [PSYoungGen: 174082K->61554K(175104K)] 355265K->303982K(699392K), 0.0097690 secs] [Times: user=0.12 sys=0.01, real=0.02 secs] 
2016-09-15T11:48:21.544-0400: 93.616: [GC (GCLocker Initiated GC) [PSYoungGen: 149618K->67437K(175104K)] 392052K->340373K(699392K), 0.0095043 secs] [Times: user=0.09 sys=0.00, real=0.01 secs] 
2016-09-15T11:48:21.671-0400: 93.742: [GC (GCLocker Initiated GC) [PSYoungGen: 155501K->49148K(175104K)] 434560K->364909K(699392K), 0.0183318 secs] [Times: user=0.14 sys=0.01, real=0.02 secs] 
2016-09-15T11:48:21.813-0400: 93.884: [GC (GCLocker Initiated GC) [PSYoungGen: 137212K->67433K(175104K)] 459073K->462501K(699392K), 0.0115768 secs] [Times: user=0.14 sys=0.00, real=0.01 secs] 
2016-09-15T11:48:21.943-0400: 94.015: [GC (GCLocker Initiated GC) [PSYoungGen: 155497K->79879K(175104K)] 550776K->536067K(699392K), 0.0140848 secs] [Times: user=0.20 sys=0.00, real=0.02 secs] 
2016-09-15T11:48:21.957-0400: 94.029: [Full GC (Ergonomics) [PSYoungGen: 79879K->0K(175104K)] [ParOldGen: 456188K->51974K(524288K)] 536067K->51974K(699392K), [Metaspace: 44348K->44348K(1087488K)], 0.0628638 secs] [Times: user=0.36 sys=0.01, real=0.06 secs] 
2016-09-15T11:48:22.127-0400: 94.199: [GC (GCLocker Initiated GC) [PSYoungGen: 88064K->86374K(175104K)] 146334K->150719K(699392K), 0.0135225 secs] [Times: user=0.18 sys=0.01, real=0.02 secs] 
2016-09-15T11:48:22.247-0400: 94.319: [GC (GCLocker Initiated GC) [PSYoungGen: 174438K->85986K(175104K)] 238893K->199776K(699392K), 0.0118974 secs] [Times: user=0.17 sys=0.00, real=0.02 secs] 
2016-09-15T11:48:22.394-0400: 94.466: [GC (Allocation Failure) [PSYoungGen: 174050K->61490K(175104K)] 288039K->236872K(699392K), 0.0091449 secs] [Times: user=0.15 sys=0.00, real=0.01 secs] 
2016-09-15T11:48:22.513-0400: 94.584: [GC (GCLocker Initiated GC) [PSYoungGen: 149554K->61622K(175104K)] 324942K->285910K(699392K), 0.0127778 secs] [Times: user=0.14 sys=0.00, real=0.01 secs] 
2016-09-15T11:48:22.665-0400: 94.737: [GC (GCLocker Initiated GC) [PSYoungGen: 149686K->67597K(175104K)] 386233K->322661K(699392K), 0.0119013 secs] [Times: user=0.12 sys=0.00, real=0.02 secs] 
2016-09-15T11:48:22.804-0400: 94.876: [GC (GCLocker Initiated GC) [PSYoungGen: 155661K->55547K(175104K)] 422937K->359401K(699392K), 0.0127673 secs] [Times: user=0.14 sys=0.00, real=0.02 secs] 
2016-09-15T11:48:22.952-0400: 95.024: [GC (Allocation Failure) [PSYoungGen: 143611K->61198K(175104K)] 447685K->383781K(699392K), 0.0104964 secs] [Times: user=0.10 sys=0.00, real=0.01 secs] 
2016-09-15T11:48:23.098-0400: 95.170: [GC (Allocation Failure) [PSYoungGen: 144652K->55283K(175104K)] 467235K->396210K(699392K), 0.0122728 secs] [Times: user=0.12 sys=0.01, real=0.01 secs] 
2016-09-15T11:48:23.234-0400: 95.306: [GC (GCLocker Initiated GC) [PSYoungGen: 143347K->55159K(175104K)] 484274K->396166K(699392K), 0.0351301 secs] [Times: user=0.35 sys=0.00, real=0.04 secs] 
2016-09-15T11:48:23.398-0400: 95.469: [GC (GCLocker Initiated GC) [PSYoungGen: 143223K->73512K(175104K)] 490425K->439223K(699392K), 0.0110689 secs] [Times: user=0.10 sys=0.01, real=0.01 secs] 
2016-09-15T11:48:23.516-0400: 95.588: [GC (GCLocker Initiated GC) [PSYoungGen: 161576K->61426K(175104K)] 527356K->494167K(699392K), 0.0228513 secs] [Times: user=0.25 sys=0.00, real=0.02 secs] 
2016-09-15T11:48:23.660-0400: 95.731: [Full GC (Ergonomics) [PSYoungGen: 149490K->0K(175104K)] [ParOldGen: 438925K->52047K(524288K)] 588415K->52047K(699392K), [Metaspace: 44350K->44350K(1087488K)], 0.0579313 secs] [Times: user=0.26 sys=0.01, real=0.06 secs] 
2016-09-15T11:48:23.859-0400: 95.930: [GC (GCLocker Initiated GC) [PSYoungGen: 88064K->86178K(175104K)] 152330K->156519K(699392K), 0.0106036 secs] [Times: user=0.09 sys=0.01, real=0.01 secs] 
2016-09-15T11:48:24.022-0400: 96.094: [GC (GCLocker Initiated GC) [PSYoungGen: 174242K->55547K(175104K)] 244709K->163175K(699392K), 0.0095641 secs] [Times: user=0.14 sys=0.00, real=0.01 secs] 
2016-09-15T11:48:24.131-0400: 96.203: [GC (GCLocker Initiated GC) [PSYoungGen: 143611K->73836K(175104K)] 257491K->188000K(699392K), 0.0142586 secs] [Times: user=0.15 sys=0.00, real=0.01 secs] 
2016-09-15T11:48:24.258-0400: 96.330: [GC (GCLocker Initiated GC) [PSYoungGen: 161900K->73836K(175104K)] 276425K->261428K(699392K), 0.0186489 secs] [Times: user=0.26 sys=0.01, real=0.02 secs] 
2016-09-15T11:48:24.410-0400: 96.482: [GC (GCLocker Initiated GC) [PSYoungGen: 161900K->61494K(175104K)] 355771K->292223K(699392K), 0.0131979 secs] [Times: user=0.13 sys=0.01, real=0.01 secs] 
2016-09-15T11:48:24.539-0400: 96.611: [GC (GCLocker Initiated GC) [PSYoungGen: 149558K->73576K(175104K)] 386672K->341209K(699392K), 0.0145008 secs] [Times: user=0.13 sys=0.00, real=0.01 secs] 
2016-09-15T11:48:24.700-0400: 96.771: [GC (Allocation Failure) [PSYoungGen: 161640K->61198K(175104K)] 435378K->371670K(699392K), 0.0121307 secs] [Times: user=0.13 sys=0.00, real=0.01 secs] 
2016-09-15T11:48:24.855-0400: 96.926: [GC (Allocation Failure) [PSYoungGen: 144256K->49212K(175104K)] 454728K->402320K(699392K), 0.0110970 secs] [Times: user=0.12 sys=0.00, real=0.01 secs] 
2016-09-15T11:48:25.002-0400: 97.074: [GC (GCLocker Initiated GC) [PSYoungGen: 131754K->73640K(175104K)] 490937K->432911K(699392K), 0.0104952 secs] [Times: user=0.13 sys=0.00, real=0.01 secs] 
2016-09-15T11:48:25.137-0400: 97.209: [GC (GCLocker Initiated GC) [PSYoungGen: 161704K->61390K(175104K)] 527226K->487830K(699392K), 0.0130109 secs] [Times: user=0.14 sys=0.00, real=0.01 secs] 
2016-09-15T11:48:25.263-0400: 97.335: [GC (GCLocker Initiated GC) [PSYoungGen: 149454K->49571K(175104K)] 582011K->524797K(699392K), 0.0137540 secs] [Times: user=0.13 sys=0.00, real=0.02 secs] 
2016-09-15T11:48:25.277-0400: 97.349: [Full GC (Ergonomics) [PSYoungGen: 49571K->0K(175104K)] [ParOldGen: 475225K->52082K(524288K)] 524797K->52082K(699392K), [Metaspace: 44351K->44351K(1087488K)], 0.0603466 secs] [Times: user=0.32 sys=0.01, real=0.06 secs] 
2016-09-15T11:48:25.435-0400: 97.506: [GC (GCLocker Initiated GC) [PSYoungGen: 88064K->86858K(175104K)] 140228K->175472K(699392K), 0.0100098 secs] [Times: user=0.12 sys=0.00, real=0.01 secs] 
2016-09-15T11:48:25.557-0400: 97.628: [GC (Allocation Failure) [PSYoungGen: 174922K->49408K(175104K)] 269815K->218152K(699392K), 0.0221232 secs] [Times: user=0.25 sys=0.01, real=0.02 secs] 
2016-09-15T11:48:25.579-0400: 97.651: [GC (GCLocker Initiated GC) [PSYoungGen: 49731K->64K(175104K)] 218476K->242243K(699392K), 0.0067947 secs] [Times: user=0.09 sys=0.00, real=0.00 secs] 
2016-09-15T11:48:25.676-0400: 97.748: [GC (GCLocker Initiated GC) [PSYoungGen: 83307K->79939K(175104K)] 331562K->328193K(699392K), 0.0106194 secs] [Times: user=0.11 sys=0.00, real=0.00 secs] 
2016-09-15T11:48:25.806-0400: 97.877: [GC (GCLocker Initiated GC) [PSYoungGen: 168003K->73772K(175104K)] 422508K->383524K(699392K), 0.0096474 secs] [Times: user=0.14 sys=0.00, real=0.01 secs] 
2016-09-15T11:48:25.931-0400: 98.003: [GC (GCLocker Initiated GC) [PSYoungGen: 161836K->85758K(175104K)] 471738K->456897K(699392K), 0.0131876 secs] [Times: user=0.21 sys=0.00, real=0.01 secs] 
2016-09-15T11:48:26.053-0400: 98.125: [GC (Allocation Failure) [PSYoungGen: 173822K->85726K(175104K)] 545216K->499928K(699392K), 0.0146752 secs] [Times: user=0.15 sys=0.00, real=0.02 secs] 
2016-09-15T11:48:26.203-0400: 98.275: [GC (GCLocker Initiated GC) [PSYoungGen: 173790K->61494K(175104K)] 588004K->494208K(699392K), 0.0115634 secs] [Times: user=0.09 sys=0.00, real=0.01 secs] 
2016-09-15T11:48:26.215-0400: 98.286: [Full GC (Ergonomics) [PSYoungGen: 61494K->0K(175104K)] [ParOldGen: 432714K->52056K(524288K)] 494208K->52056K(699392K), [Metaspace: 44351K->44351K(1087488K)], 0.0653468 secs] [Times: user=0.38 sys=0.01, real=0.07 secs] 
2016-09-15T11:48:26.404-0400: 98.476: [GC (GCLocker Initiated GC) [PSYoungGen: 88064K->85758K(175104K)] 140430K->150274K(699392K), 0.0162772 secs] [Times: user=0.20 sys=0.01, real=0.02 secs] 
2016-09-15T11:48:26.550-0400: 98.622: [GC (GCLocker Initiated GC) [PSYoungGen: 173822K->49308K(175104K)] 238694K->193455K(699392K), 0.0135250 secs] [Times: user=0.15 sys=0.00, real=0.01 secs] 
2016-09-15T11:48:26.680-0400: 98.752: [GC (GCLocker Initiated GC) [PSYoungGen: 137372K->67337K(175104K)] 287624K->236113K(699392K), 0.0105288 secs] [Times: user=0.12 sys=0.00, real=0.01 secs] 
2016-09-15T11:48:26.807-0400: 98.879: [GC (GCLocker Initiated GC) [PSYoungGen: 155401K->86282K(175104K)] 324545K->304177K(699392K), 0.0102080 secs] [Times: user=0.14 sys=0.00, real=0.02 secs] 
2016-09-15T11:48:26.950-0400: 99.022: [GC (GCLocker Initiated GC) [PSYoungGen: 174346K->61134K(175104K)] 392473K->297762K(699392K), 0.0127797 secs] [Times: user=0.13 sys=0.00, real=0.01 secs] 
2016-09-15T11:48:27.058-0400: 99.130: [GC (Allocation Failure) [PSYoungGen: 149198K->85886K(175104K)] 386097K->395845K(699392K), 0.0121738 secs] [Times: user=0.18 sys=0.00, real=0.01 secs] 
2016-09-15T11:48:27.206-0400: 99.277: [GC (GCLocker Initiated GC) [PSYoungGen: 173950K->55679K(175104K)] 483910K->402232K(699392K), 0.0115947 secs] [Times: user=0.16 sys=0.01, real=0.02 secs] 
2016-09-15T11:48:27.317-0400: 99.389: [GC (GCLocker Initiated GC) [PSYoungGen: 143743K->85694K(175104K)] 490371K->438853K(699392K), 0.0129309 secs] [Times: user=0.12 sys=0.00, real=0.01 secs] 
2016-09-15T11:48:27.444-0400: 99.516: [GC (GCLocker Initiated GC) [PSYoungGen: 173758K->85762K(175104K)] 527077K->469544K(699392K), 0.0288281 secs] [Times: user=0.30 sys=0.00, real=0.03 secs] 
2016-09-15T11:48:27.609-0400: 99.680: [GC (Allocation Failure) [PSYoungGen: 173826K->73480K(175104K)] 557857K->482086K(699392K), 0.0128820 secs] [Times: user=0.12 sys=0.00, real=0.01 secs] 
2016-09-15T11:48:27.780-0400: 99.852: [GC (GCLocker Initiated GC) [PSYoungGen: 161544K->30891K(175104K)] 570156K->457815K(699392K), 0.0228031 secs] [Times: user=0.23 sys=0.00, real=0.02 secs] 
2016-09-15T11:48:27.921-0400: 99.993: [Full GC (Ergonomics) [PSYoungGen: 118955K->0K(175104K)] [ParOldGen: 439207K->58063K(524288K)] 558162K->58063K(699392K), [Metaspace: 44352K->44352K(1087488K)], 0.0677919 secs] [Times: user=0.33 sys=0.01, real=0.07 secs] 
2016-09-15T11:48:28.110-0400: 100.182: [GC (GCLocker Initiated GC) [PSYoungGen: 88064K->73640K(175104K)] 146202K->131778K(699392K), 0.0148076 secs] [Times: user=0.10 sys=0.00, real=0.01 secs] 
2016-09-15T11:48:28.223-0400: 100.294: [GC (GCLocker Initiated GC) [PSYoungGen: 161704K->43400K(175104K)] 219997K->144726K(699392K), 0.0244528 secs] [Times: user=0.21 sys=0.01, real=0.02 secs] 
2016-09-15T11:48:28.357-0400: 100.428: [GC (GCLocker Initiated GC) [PSYoungGen: 131464K->85726K(175104K)] 233152K->224311K(699392K), 0.0289291 secs] [Times: user=0.29 sys=0.00, real=0.02 secs] 
2016-09-15T11:48:28.504-0400: 100.576: [GC (Allocation Failure) [PSYoungGen: 173790K->55387K(175104K)] 318698K->242924K(699392K), 0.0174692 secs] [Times: user=0.20 sys=0.00, real=0.02 secs] 
2016-09-15T11:48:28.644-0400: 100.715: [GC (GCLocker Initiated GC) [PSYoungGen: 143451K->79747K(175104K)] 330994K->285814K(699392K), 0.0193519 secs] [Times: user=0.22 sys=0.00, real=0.02 secs] 
2016-09-15T11:48:28.784-0400: 100.856: [GC (GCLocker Initiated GC) [PSYoungGen: 167811K->73512K(175104K)] 374134K->316553K(699392K), 0.0165992 secs] [Times: user=0.16 sys=0.01, real=0.02 secs] 
2016-09-15T11:48:28.905-0400: 100.977: [GC (GCLocker Initiated GC) [PSYoungGen: 161576K->85822K(175104K)] 410751K->377642K(699392K), 0.0128012 secs] [Times: user=0.15 sys=0.00, real=0.02 secs] 
2016-09-15T11:48:29.049-0400: 101.121: [GC (GCLocker Initiated GC) [PSYoungGen: 173886K->49180K(175104K)] 466022K->402365K(699392K), 0.0143992 secs] [Times: user=0.15 sys=0.00, real=0.01 secs] 
2016-09-15T11:48:29.181-0400: 101.252: [GC (GCLocker Initiated GC) [PSYoungGen: 137244K->55679K(175104K)] 490729K->427828K(699392K), 0.0160722 secs] [Times: user=0.18 sys=0.00, real=0.02 secs] 
2016-09-15T11:48:29.311-0400: 101.383: [GC (GCLocker Initiated GC) [PSYoungGen: 143743K->61522K(175104K)] 528280K->464412K(699392K), 0.0141217 secs] [Times: user=0.17 sys=0.00, real=0.01 secs] 
2016-09-15T11:48:29.455-0400: 101.527: [GC (GCLocker Initiated GC) [PSYoungGen: 149586K->67697K(175104K)] 558642K->501197K(699392K), 0.0097425 secs] [Times: user=0.12 sys=0.01, real=0.01 secs] 
2016-09-15T11:48:29.613-0400: 101.685: [GC (GCLocker Initiated GC) [PSYoungGen: 155761K->61426K(175104K)] 589595K->532009K(699392K), 0.0118134 secs] [Times: user=0.12 sys=0.00, real=0.01 secs] 
2016-09-15T11:48:29.625-0400: 101.697: [Full GC (Ergonomics) [PSYoungGen: 61426K->0K(175104K)] [ParOldGen: 470583K->52330K(524288K)] 532009K->52330K(699392K), [Metaspace: 44352K->44352K(1087488K)], 0.0680178 secs] [Times: user=0.39 sys=0.00, real=0.07 secs] 
2016-09-15T11:48:29.803-0400: 101.875: [GC (GCLocker Initiated GC) [PSYoungGen: 88064K->85662K(175104K)] 140565K->150313K(699392K), 0.0116208 secs] [Times: user=0.13 sys=0.00, real=0.01 secs] 
2016-09-15T11:48:29.924-0400: 101.995: [GC (GCLocker Initiated GC) [PSYoungGen: 173726K->73708K(175104K)] 238750K->193714K(699392K), 0.0174019 secs] [Times: user=0.15 sys=0.02, real=0.02 secs] 
2016-09-15T11:48:30.074-0400: 102.146: [GC (Allocation Failure) [PSYoungGen: 161772K->67437K(175104K)] 288001K->224317K(699392K), 0.0187397 secs] [Times: user=0.19 sys=0.00, real=0.02 secs] 
2016-09-15T11:48:30.211-0400: 102.282: [GC (GCLocker Initiated GC) [PSYoungGen: 155501K->85726K(175104K)] 312387K->297618K(699392K), 0.0285585 secs] [Times: user=0.41 sys=0.00, real=0.03 secs] 
2016-09-15T11:48:30.353-0400: 102.425: [GC (Allocation Failure) [PSYoungGen: 173790K->85630K(175104K)] 385769K->310034K(699392K), 0.0119320 secs] [Times: user=0.11 sys=0.02, real=0.01 secs] 
2016-09-15T11:48:30.467-0400: 102.539: [GC (GCLocker Initiated GC) [PSYoungGen: 173694K->79715K(175104K)] 398104K->353017K(699392K), 0.0175688 secs] [Times: user=0.21 sys=0.01, real=0.02 secs] 
2016-09-15T11:48:30.613-0400: 102.684: [GC (Allocation Failure) [PSYoungGen: 167779K->85726K(175104K)] 441419K->377867K(699392K), 0.0189825 secs] [Times: user=0.21 sys=0.01, real=0.02 secs] 
2016-09-15T11:48:30.745-0400: 102.817: [GC (GCLocker Initiated GC) [PSYoungGen: 173790K->73608K(175104K)] 465936K->402480K(699392K), 0.0155958 secs] [Times: user=0.17 sys=0.00, real=0.02 secs] 
2016-09-15T11:48:30.881-0400: 102.953: [GC (GCLocker Initiated GC) [PSYoungGen: 161672K->61430K(175104K)] 496874K->427110K(699392K), 0.0147682 secs] [Times: user=0.13 sys=0.00, real=0.02 secs] 
2016-09-15T11:48:31.019-0400: 103.091: [GC (GCLocker Initiated GC) [PSYoungGen: 149494K->85822K(175104K)] 515199K->476143K(699392K), 0.0113184 secs] [Times: user=0.14 sys=0.00, real=0.01 secs] 
2016-09-15T11:48:31.155-0400: 103.226: [GC (Allocation Failure) [PSYoungGen: 173886K->73836K(175104K)] 564282K->519246K(699392K), 0.0182243 secs] [Times: user=0.23 sys=0.00, real=0.02 secs] 
2016-09-15T11:48:31.299-0400: 103.370: [GC (GCLocker Initiated GC) [PSYoungGen: 156992K->36998K(175104K)] 608477K->555600K(699392K), 0.0145349 secs] [Times: user=0.19 sys=0.00, real=0.01 secs] 
2016-09-15T11:48:31.313-0400: 103.385: [Full GC (Ergonomics) [PSYoungGen: 36998K->0K(175104K)] [ParOldGen: 518602K->40006K(524288K)] 555600K->40006K(699392K), [Metaspace: 44354K->44354K(1087488K)], 0.0607202 secs] [Times: user=0.42 sys=0.01, real=0.06 secs] 
2016-09-15T11:48:31.481-0400: 103.553: [GC (GCLocker Initiated GC) [PSYoungGen: 88064K->86046K(175104K)] 128425K->144633K(699392K), 0.0092188 secs] [Times: user=0.14 sys=0.00, real=0.01 secs] 
2016-09-15T11:48:31.640-0400: 103.712: [GC (Allocation Failure) [PSYoungGen: 174110K->55611K(175104K)] 232811K->169722K(699392K), 0.0102755 secs] [Times: user=0.13 sys=0.00, real=0.01 secs] 
2016-09-15T11:48:31.753-0400: 103.825: [GC (Allocation Failure) [PSYoungGen: 143675K->79879K(175104K)] 257786K->212523K(699392K), 0.0100305 secs] [Times: user=0.11 sys=0.00, real=0.01 secs] 
2016-09-15T11:48:31.889-0400: 103.961: [GC (GCLocker Initiated GC) [PSYoungGen: 167943K->55547K(175104K)] 300588K->236879K(699392K), 0.0268019 secs] [Times: user=0.28 sys=0.00, real=0.03 secs] 
2016-09-15T11:48:32.035-0400: 104.107: [GC (GCLocker Initiated GC) [PSYoungGen: 143611K->79911K(175104K)] 325315K->279984K(699392K), 0.0127914 secs] [Times: user=0.16 sys=0.00, real=0.02 secs] 
2016-09-15T11:48:32.154-0400: 104.226: [GC (GCLocker Initiated GC) [PSYoungGen: 167975K->85922K(175104K)] 374215K->316770K(699392K), 0.0176081 secs] [Times: user=0.20 sys=0.00, real=0.02 secs] 
2016-09-15T11:48:32.281-0400: 104.352: [GC (GCLocker Initiated GC) [PSYoungGen: 173983K->85790K(175104K)] 405198K->396131K(699392K), 0.0121603 secs] [Times: user=0.18 sys=0.00, real=0.01 secs] 
2016-09-15T11:48:32.414-0400: 104.486: [GC (Allocation Failure) [PSYoungGen: 173854K->73804K(175104K)] 484693K->403151K(699392K), 0.0091128 secs] [Times: user=0.11 sys=0.00, real=0.01 secs] 
2016-09-15T11:48:32.543-0400: 104.614: [GC (GCLocker Initiated GC) [PSYoungGen: 159979K->55351K(175104K)] 495402K->409118K(699392K), 0.0188497 secs] [Times: user=0.20 sys=0.00, real=0.02 secs] 
2016-09-15T11:48:32.720-0400: 104.792: [GC (GCLocker Initiated GC) [PSYoungGen: 143415K->55419K(175104K)] 503534K->439925K(699392K), 0.0151753 secs] [Times: user=0.14 sys=0.00, real=0.01 secs] 
2016-09-15T11:48:32.852-0400: 104.924: [GC (Allocation Failure) [PSYoungGen: 143478K->73608K(175104K)] 528341K->476978K(699392K), 0.0118608 secs] [Times: user=0.12 sys=0.00, real=0.01 secs] 
2016-09-15T11:48:32.991-0400: 105.063: [GC (GCLocker Initiated GC) [PSYoungGen: 161672K->73704K(175104K)] 565048K->495440K(699392K), 0.0080366 secs] [Times: user=0.10 sys=0.00, real=0.01 secs] 
2016-09-15T11:48:33.111-0400: 105.182: [GC (GCLocker Initiated GC) [PSYoungGen: 161768K->49504K(175104K)] 583620K->520115K(699392K), 0.0106235 secs] [Times: user=0.12 sys=0.00, real=0.01 secs] 
2016-09-15T11:48:33.122-0400: 105.193: [Full GC (Ergonomics) [PSYoungGen: 49504K->0K(175104K)] [ParOldGen: 470611K->52377K(524288K)] 520115K->52377K(699392K), [Metaspace: 44354K->44354K(1087488K)], 0.0672534 secs] [Times: user=0.38 sys=0.01, real=0.07 secs] 
2016-09-15T11:48:33.287-0400: 105.358: [GC (GCLocker Initiated GC) [PSYoungGen: 88064K->86466K(175104K)] 140758K->151310K(699392K), 0.0088372 secs] [Times: user=0.09 sys=0.00, real=0.02 secs] 
2016-09-15T11:48:33.396-0400: 105.467: [GC (GCLocker Initiated GC) [PSYoungGen: 174530K->61558K(175104K)] 239398K->182077K(699392K), 0.0115921 secs] [Times: user=0.13 sys=0.00, real=0.00 secs] 
2016-09-15T11:48:33.512-0400: 105.584: [GC (Allocation Failure) [PSYoungGen: 149622K->67797K(175104K)] 270328K->243602K(699392K), 0.0332503 secs] [Times: user=0.27 sys=0.01, real=0.03 secs] 
2016-09-15T11:48:33.667-0400: 105.738: [GC (GCLocker Initiated GC) [PSYoungGen: 154135K->73704K(175104K)] 336015K->274116K(699392K), 0.0120134 secs] [Times: user=0.14 sys=0.00, real=0.02 secs] 
2016-09-15T11:48:33.807-0400: 105.879: [GC (Allocation Failure) [PSYoungGen: 161768K->80239K(175104K)] 368476K->287114K(699392K), 0.0093789 secs] [Times: user=0.13 sys=0.00, real=0.02 secs] 
2016-09-15T11:48:33.935-0400: 106.006: [GC (GCLocker Initiated GC) [PSYoungGen: 168303K->61262K(175104K)] 375184K->274658K(699392K), 0.0094109 secs] [Times: user=0.09 sys=0.00, real=0.01 secs] 
2016-09-15T11:48:34.055-0400: 106.127: [GC (GCLocker Initiated GC) [PSYoungGen: 149326K->73612K(175104K)] 362809K->305423K(699392K), 0.0217264 secs] [Times: user=0.17 sys=0.01, real=0.03 secs] 
2016-09-15T11:48:34.211-0400: 106.283: [GC (GCLocker Initiated GC) [PSYoungGen: 161676K->85726K(175104K)] 393535K->342364K(699392K), 0.0289768 secs] [Times: user=0.32 sys=0.00, real=0.03 secs] 
2016-09-15T11:48:34.354-0400: 106.426: [GC (GCLocker Initiated GC) [PSYoungGen: 173790K->49312K(175104K)] 430705K->330779K(699392K), 0.0208012 secs] [Times: user=0.19 sys=0.00, real=0.02 secs] 
2016-09-15T11:48:34.488-0400: 106.560: [GC (GCLocker Initiated GC) [PSYoungGen: 137376K->79619K(175104K)] 418996K->397973K(699392K), 0.0299627 secs] [Times: user=0.33 sys=0.02, real=0.03 secs] 
2016-09-15T11:48:34.669-0400: 106.740: [GC (GCLocker Initiated GC) [PSYoungGen: 167683K->55415K(175104K)] 492136K->404296K(699392K), 0.0136343 secs] [Times: user=0.13 sys=0.00, real=0.01 secs] 
2016-09-15T11:48:34.819-0400: 106.890: [GC (GCLocker Initiated GC) [PSYoungGen: 143479K->61358K(175104K)] 498465K->453125K(699392K), 0.0222906 secs] [Times: user=0.27 sys=0.01, real=0.02 secs] 
2016-09-15T11:48:34.971-0400: 107.043: [GC (GCLocker Initiated GC) [PSYoungGen: 149422K->73872K(175104K)] 541226K->465828K(699392K), 0.0106493 secs] [Times: user=0.13 sys=0.01, real=0.01 secs] 
2016-09-15T11:48:35.139-0400: 107.211: [GC (GCLocker Initiated GC) [PSYoungGen: 161936K->85594K(175104K)] 553934K->496108K(699392K), 0.0135966 secs] [Times: user=0.14 sys=0.01, real=0.01 secs] 
2016-09-15T11:48:35.273-0400: 107.344: [GC (GCLocker Initiated GC) [PSYoungGen: 173657K->85594K(175104K)] 584521K->514811K(699392K), 0.0125200 secs] [Times: user=0.12 sys=0.01, real=0.01 secs] 
2016-09-15T11:48:35.411-0400: 107.483: [GC (Allocation Failure) [PSYoungGen: 173658K->73804K(175104K)] 603056K->521538K(699392K), 0.0154928 secs] [Times: user=0.20 sys=0.00, real=0.01 secs] 
2016-09-15T11:48:35.519-0400: 107.590: [GC (GCLocker Initiated GC) [PSYoungGen: 161868K->85790K(175104K)] 609608K->558130K(699392K), 0.0112222 secs] [Times: user=0.14 sys=0.01, real=0.01 secs] 
2016-09-15T11:48:35.530-0400: 107.602: [Full GC (Ergonomics) [PSYoungGen: 85790K->0K(175104K)] [ParOldGen: 472340K->59201K(524288K)] 558130K->59201K(699392K), [Metaspace: 44360K->44360K(1087488K)], 0.0588062 secs] [Times: user=0.39 sys=0.00, real=0.06 secs] 
2016-09-15T11:48:35.694-0400: 107.766: [GC (GCLocker Initiated GC) [PSYoungGen: 88064K->86498K(175104K)] 153506K->182315K(699392K), 0.0114488 secs] [Times: user=0.16 sys=0.00, real=0.01 secs] 
2016-09-15T11:48:35.841-0400: 107.913: [GC (GCLocker Initiated GC) [PSYoungGen: 174562K->55579K(175104K)] 270678K->213577K(699392K), 0.0168690 secs] [Times: user=0.18 sys=0.00, real=0.02 secs] 
2016-09-15T11:48:35.975-0400: 108.046: [GC (GCLocker Initiated GC) [PSYoungGen: 143643K->73676K(175104K)] 301985K->232302K(699392K), 0.0159408 secs] [Times: user=0.19 sys=0.00, real=0.02 secs] 
2016-09-15T11:48:36.122-0400: 108.194: [GC (GCLocker Initiated GC) [PSYoungGen: 161740K->73672K(175104K)] 320586K->269136K(699392K), 0.0218272 secs] [Times: user=0.25 sys=0.01, real=0.02 secs] 
2016-09-15T11:48:36.267-0400: 108.338: [GC (GCLocker Initiated GC) [PSYoungGen: 161736K->73640K(175104K)] 357768K->306233K(699392K), 0.0345682 secs] [Times: user=0.38 sys=0.00, real=0.04 secs] 
2016-09-15T11:48:36.414-0400: 108.485: [GC (GCLocker Initiated GC) [PSYoungGen: 161704K->48952K(175104K)] 394334K->324218K(699392K), 0.0202625 secs] [Times: user=0.22 sys=0.01, real=0.02 secs] 
2016-09-15T11:48:36.552-0400: 108.623: [GC (GCLocker Initiated GC) [PSYoungGen: 137016K->55743K(175104K)] 424703K->373941K(699392K), 0.0092211 secs] [Times: user=0.08 sys=0.00, real=0.01 secs] 
2016-09-15T11:48:36.675-0400: 108.746: [GC (GCLocker Initiated GC) [PSYoungGen: 143807K->61298K(175104K)] 468139K->404278K(699392K), 0.0124590 secs] [Times: user=0.09 sys=0.00, real=0.01 secs] 
2016-09-15T11:48:36.811-0400: 108.882: [GC (GCLocker Initiated GC) [PSYoungGen: 149362K->61686K(175104K)] 492653K->465838K(699392K), 0.0148328 secs] [Times: user=0.13 sys=0.00, real=0.01 secs] 
2016-09-15T11:48:36.918-0400: 108.989: [GC (GCLocker Initiated GC) [PSYoungGen: 149750K->85822K(175104K)] 554107K->545169K(699392K), 0.0132731 secs] [Times: user=0.18 sys=0.01, real=0.01 secs] 
2016-09-15T11:48:36.931-0400: 109.003: [Full GC (Ergonomics) [PSYoungGen: 85822K->0K(175104K)] [ParOldGen: 459347K->58574K(524288K)] 545169K->58574K(699392K), [Metaspace: 44360K->44360K(1087488K)], 0.0602139 secs] [Times: user=0.33 sys=0.02, real=0.06 secs] 
2016-09-15T11:48:37.115-0400: 109.186: [GC (GCLocker Initiated GC) [PSYoungGen: 88064K->74256K(175104K)] 152867K->139059K(699392K), 0.0134581 secs] [Times: user=0.15 sys=0.00, real=0.02 secs] 
2016-09-15T11:48:37.242-0400: 109.314: [GC (GCLocker Initiated GC) [PSYoungGen: 162320K->85626K(175104K)] 227215K->169630K(699392K), 0.0099046 secs] [Times: user=0.14 sys=0.00, real=0.01 secs] 
2016-09-15T11:48:37.369-0400: 109.441: [GC (GCLocker Initiated GC) [PSYoungGen: 173690K->67501K(175104K)] 257764K->188144K(699392K), 0.0285678 secs] [Times: user=0.29 sys=0.00, real=0.03 secs] 
2016-09-15T11:48:37.507-0400: 109.579: [GC (Allocation Failure) [PSYoungGen: 155565K->55515K(175104K)] 276486K->261801K(699392K), 0.0159894 secs] [Times: user=0.18 sys=0.01, real=0.02 secs] 
2016-09-15T11:48:37.653-0400: 109.725: [GC (GCLocker Initiated GC) [PSYoungGen: 143579K->79715K(175104K)] 349871K->310902K(699392K), 0.0118071 secs] [Times: user=0.11 sys=0.00, real=0.01 secs] 
2016-09-15T11:48:37.805-0400: 109.877: [GC (GCLocker Initiated GC) [PSYoungGen: 167779K->49376K(175104K)] 405150K->305084K(699392K), 0.0251692 secs] [Times: user=0.30 sys=0.00, real=0.03 secs] 
2016-09-15T11:48:37.946-0400: 110.017: [GC (GCLocker Initiated GC) [PSYoungGen: 137440K->73772K(175104K)] 393436K->372592K(699392K), 0.0113548 secs] [Times: user=0.12 sys=0.00, real=0.02 secs] 
2016-09-15T11:48:38.095-0400: 110.167: [GC (Allocation Failure) [PSYoungGen: 161836K->55383K(175104K)] 460687K->390811K(699392K), 0.0139875 secs] [Times: user=0.14 sys=0.00, real=0.02 secs] 
2016-09-15T11:48:38.221-0400: 110.292: [GC (GCLocker Initiated GC) [PSYoungGen: 140267K->73672K(175104K)] 481771K->452073K(699392K), 0.0170135 secs] [Times: user=0.21 sys=0.00, real=0.02 secs] 
2016-09-15T11:48:38.356-0400: 110.428: [GC (Allocation Failure) [PSYoungGen: 161736K->73672K(175104K)] 540285K->470745K(699392K), 0.0154443 secs] [Times: user=0.20 sys=0.00, real=0.01 secs] 
2016-09-15T11:48:38.474-0400: 110.545: [GC (GCLocker Initiated GC) [PSYoungGen: 161736K->73608K(175104K)] 558815K->507280K(699392K), 0.0104172 secs] [Times: user=0.12 sys=0.00, real=0.01 secs] 
2016-09-15T11:48:38.598-0400: 110.670: [GC (GCLocker Initiated GC) [PSYoungGen: 161672K->86182K(175104K)] 595387K->562746K(699392K), 0.0113748 secs] [Times: user=0.16 sys=0.00, real=0.01 secs] 
2016-09-15T11:48:38.610-0400: 110.682: [Full GC (Ergonomics) [PSYoungGen: 86182K->0K(175104K)] [ParOldGen: 476564K->47083K(524288K)] 562746K->47083K(699392K), [Metaspace: 44363K->44363K(1087488K)], 0.0584845 secs] [Times: user=0.39 sys=0.00, real=0.06 secs] 
2016-09-15T11:48:38.772-0400: 110.844: [GC (GCLocker Initiated GC) [PSYoungGen: 88064K->86438K(175104K)] 135211K->139660K(699392K), 0.0108178 secs] [Times: user=0.15 sys=0.00, real=0.01 secs] 
2016-09-15T11:48:38.925-0400: 110.997: [GC (GCLocker Initiated GC) [PSYoungGen: 174502K->37485K(175104K)] 240202K->140167K(699392K), 0.0148285 secs] [Times: user=0.19 sys=0.00, real=0.02 secs] 
2016-09-15T11:48:39.079-0400: 111.150: [GC (GCLocker Initiated GC) [PSYoungGen: 125549K->55447K(175104K)] 240534K->170739K(699392K), 0.0070028 secs] [Times: user=0.06 sys=0.00, real=0.00 secs] 
2016-09-15T11:48:39.215-0400: 111.286: [GC (GCLocker Initiated GC) [PSYoungGen: 143511K->61690K(175104K)] 259024K->177290K(699392K), 0.0095742 secs] [Times: user=0.07 sys=0.00, real=0.01 secs] 
2016-09-15T11:48:39.348-0400: 111.419: [GC (Allocation Failure) [PSYoungGen: 149754K->73640K(175104K)] 271689K->214099K(699392K), 0.0342317 secs] [Times: user=0.36 sys=0.00, real=0.03 secs] 
2016-09-15T11:48:39.500-0400: 111.572: [GC (GCLocker Initiated GC) [PSYoungGen: 161704K->36930K(175104K)] 308239K->220011K(699392K), 0.0266089 secs] [Times: user=0.29 sys=0.00, real=0.02 secs] 
2016-09-15T11:48:39.647-0400: 111.719: [GC (GCLocker Initiated GC) [PSYoungGen: 124994K->86250K(175104K)] 308419K->294134K(699392K), 0.0212114 secs] [Times: user=0.26 sys=0.00, real=0.03 secs] 
2016-09-15T11:48:39.813-0400: 111.884: [GC (GCLocker Initiated GC) [PSYoungGen: 174314K->55383K(175104K)] 394457K->294534K(699392K), 0.0078960 secs] [Times: user=0.08 sys=0.00, real=0.01 secs] 
2016-09-15T11:48:39.956-0400: 112.028: [GC (GCLocker Initiated GC) [PSYoungGen: 143447K->37421K(175104K)] 388803K->301099K(699392K), 0.0124963 secs] [Times: user=0.13 sys=0.00, real=0.01 secs] 
2016-09-15T11:48:40.082-0400: 112.154: [GC (GCLocker Initiated GC) [PSYoungGen: 125485K->55223K(175104K)] 395565K->325570K(699392K), 0.0256833 secs] [Times: user=0.25 sys=0.00, real=0.03 secs] 
2016-09-15T11:48:40.227-0400: 112.299: [GC (Allocation Failure) [PSYoungGen: 143287K->73840K(175104K)] 413882K->344563K(699392K), 0.0119494 secs] [Times: user=0.10 sys=0.00, real=0.02 secs] 
2016-09-15T11:48:40.349-0400: 112.421: [GC (GCLocker Initiated GC) [PSYoungGen: 161904K->61330K(175104K)] 432632K->350551K(699392K), 0.0198211 secs] [Times: user=0.20 sys=0.00, real=0.02 secs] 
2016-09-15T11:48:40.487-0400: 112.559: [GC (GCLocker Initiated GC) [PSYoungGen: 149394K->85794K(175104K)] 444740K->393557K(699392K), 0.0113661 secs] [Times: user=0.10 sys=0.00, real=0.02 secs] 
2016-09-15T11:48:40.622-0400: 112.694: [GC (GCLocker Initiated GC) [PSYoungGen: 173858K->49084K(175104K)] 481703K->405960K(699392K), 0.0118693 secs] [Times: user=0.10 sys=0.01, real=0.01 secs] 
2016-09-15T11:48:40.748-0400: 112.819: [GC (GCLocker Initiated GC) [PSYoungGen: 137148K->43365K(175104K)] 500247K->461251K(699392K), 0.0266194 secs] [Times: user=0.31 sys=0.00, real=0.02 secs] 
2016-09-15T11:48:40.901-0400: 112.973: [GC (Allocation Failure) [PSYoungGen: 131429K->36866K(175104K)] 555470K->509791K(699392K), 0.0090184 secs] [Times: user=0.08 sys=0.00, real=0.01 secs] 
2016-09-15T11:48:40.910-0400: 112.982: [Full GC (Ergonomics) [PSYoungGen: 36866K->0K(175104K)] [ParOldGen: 472924K->46625K(524288K)] 509791K->46625K(699392K), [Metaspace: 44372K->44372K(1087488K)], 0.0620323 secs] [Times: user=0.37 sys=0.01, real=0.06 secs] 
2016-09-15T11:48:41.097-0400: 113.169: [GC (GCLocker Initiated GC) [PSYoungGen: 87872K->86406K(175104K)] 140573K->145181K(699392K), 0.0085714 secs] [Times: user=0.10 sys=0.00, real=0.00 secs] 
2016-09-15T11:48:41.250-0400: 113.322: [GC (GCLocker Initiated GC) [PSYoungGen: 174470K->67565K(175104K)] 239407K->169680K(699392K), 0.0170936 secs] [Times: user=0.17 sys=0.00, real=0.01 secs] 
2016-09-15T11:48:41.382-0400: 113.454: [GC (GCLocker Initiated GC) [PSYoungGen: 155629K->61458K(175104K)] 257926K->206415K(699392K), 0.0230886 secs] [Times: user=0.25 sys=0.00, real=0.02 secs] 
2016-09-15T11:48:41.531-0400: 113.603: [GC (GCLocker Initiated GC) [PSYoungGen: 149522K->55351K(175104K)] 300713K->261501K(699392K), 0.0101638 secs] [Times: user=0.12 sys=0.00, real=0.01 secs] 
2016-09-15T11:48:41.676-0400: 113.748: [GC (GCLocker Initiated GC) [PSYoungGen: 143415K->55187K(175104K)] 355670K->267702K(699392K), 0.0131429 secs] [Times: user=0.16 sys=0.00, real=0.01 secs] 
2016-09-15T11:48:41.826-0400: 113.898: [GC (Allocation Failure) [PSYoungGen: 143251K->80107K(175104K)] 362135K->329501K(699392K), 0.0098388 secs] [Times: user=0.13 sys=0.00, real=0.02 secs] 
2016-09-15T11:48:41.943-0400: 114.014: [GC (GCLocker Initiated GC) [PSYoungGen: 168171K->85822K(175104K)] 417565K->365931K(699392K), 0.0109605 secs] [Times: user=0.14 sys=0.00, real=0.01 secs] 
2016-09-15T11:48:42.088-0400: 114.160: [GC (GCLocker Initiated GC) [PSYoungGen: 173886K->73804K(175104K)] 460425K->409087K(699392K), 0.0129456 secs] [Times: user=0.14 sys=0.01, real=0.01 secs] 
2016-09-15T11:48:42.222-0400: 114.294: [GC (GCLocker Initiated GC) [PSYoungGen: 161865K->86150K(175104K)] 497509K->428176K(699392K), 0.0100464 secs] [Times: user=0.15 sys=0.01, real=0.01 secs] 
2016-09-15T11:48:42.355-0400: 114.427: [GC (Allocation Failure) [PSYoungGen: 174214K->61622K(175104K)] 528672K->416356K(699392K), 0.0089669 secs] [Times: user=0.11 sys=0.00, real=0.01 secs] 
2016-09-15T11:48:42.481-0400: 114.552: [GC (GCLocker Initiated GC) [PSYoungGen: 149457K->73672K(175104K)] 504448K->447015K(699392K), 0.0108393 secs] [Times: user=0.13 sys=0.00, real=0.01 secs] 
2016-09-15T11:48:42.618-0400: 114.689: [GC (GCLocker Initiated GC) [PSYoungGen: 161736K->85990K(175104K)] 535159K->484012K(699392K), 0.0199461 secs] [Times: user=0.23 sys=0.00, real=0.02 secs] 
2016-09-15T11:48:42.768-0400: 114.840: [GC (GCLocker Initiated GC) [PSYoungGen: 174054K->49344K(175104K)] 572437K->466368K(699392K), 0.0118113 secs] [Times: user=0.07 sys=0.00, real=0.01 secs] 
2016-09-15T11:48:42.894-0400: 114.965: [GC (GCLocker Initiated GC) [PSYoungGen: 137408K->85530K(175104K)] 554502K->545284K(699392K), 0.0156243 secs] [Times: user=0.18 sys=0.01, real=0.02 secs] 
2016-09-15T11:48:42.909-0400: 114.981: [Full GC (Ergonomics) [PSYoungGen: 85530K->0K(175104K)] [ParOldGen: 459754K->52771K(524288K)] 545284K->52771K(699392K), [Metaspace: 44377K->44377K(1087488K)], 0.0606988 secs] [Times: user=0.39 sys=0.00, real=0.06 secs] 
2016-09-15T11:48:43.087-0400: 115.159: [GC (GCLocker Initiated GC) [PSYoungGen: 88064K->86694K(175104K)] 140927K->145632K(699392K), 0.0120623 secs] [Times: user=0.12 sys=0.00, real=0.02 secs] 
2016-09-15T11:48:43.250-0400: 115.321: [GC (GCLocker Initiated GC) [PSYoungGen: 174758K->85922K(175104K)] 239941K->182464K(699392K), 0.0193237 secs] [Times: user=0.18 sys=0.01, real=0.02 secs] 
2016-09-15T11:48:43.381-0400: 115.453: [GC (GCLocker Initiated GC) [PSYoungGen: 173986K->43169K(175104K)] 270598K->188673K(699392K), 0.0261323 secs] [Times: user=0.34 sys=0.00, real=0.02 secs] 
2016-09-15T11:48:43.532-0400: 115.604: [GC (GCLocker Initiated GC) [PSYoungGen: 131233K->85822K(175104K)] 282904K->298575K(699392K), 0.0116892 secs] [Times: user=0.16 sys=0.00, real=0.01 secs] 
2016-09-15T11:48:43.653-0400: 115.725: [GC (GCLocker Initiated GC) [PSYoungGen: 173886K->79683K(175104K)] 393069K->360080K(699392K), 0.0133004 secs] [Times: user=0.17 sys=0.00, real=0.01 secs] 
2016-09-15T11:48:43.782-0400: 115.854: [GC (GCLocker Initiated GC) [PSYoungGen: 167747K->73672K(175104K)] 448303K->372769K(699392K), 0.0084835 secs] [Times: user=0.09 sys=0.00, real=0.01 secs] 
2016-09-15T11:48:43.913-0400: 115.985: [GC (GCLocker Initiated GC) [PSYoungGen: 161736K->67537K(175104K)] 467192K->403635K(699392K), 0.0292051 secs] [Times: user=0.29 sys=0.00, real=0.03 secs] 
2016-09-15T11:48:44.068-0400: 116.140: [GC (GCLocker Initiated GC) [PSYoungGen: 155601K->49112K(175104K)] 498130K->434777K(699392K), 0.0134059 secs] [Times: user=0.14 sys=0.00, real=0.01 secs] 
2016-09-15T11:48:44.203-0400: 116.274: [GC (GCLocker Initiated GC) [PSYoungGen: 137176K->86282K(175104K)] 522983K->478300K(699392K), 0.0225313 secs] [Times: user=0.29 sys=0.01, real=0.02 secs] 
2016-09-15T11:48:44.355-0400: 116.426: [GC (GCLocker Initiated GC) [PSYoungGen: 174346K->85562K(175104K)] 572537K->502246K(699392K), 0.0125617 secs] [Times: user=0.13 sys=0.00, real=0.01 secs] 
2016-09-15T11:48:44.487-0400: 116.558: [GC (GCLocker Initiated GC) [PSYoungGen: 173626K->79651K(175104K)] 590452K->545212K(699392K), 0.0150222 secs] [Times: user=0.16 sys=0.00, real=0.02 secs] 
2016-09-15T11:48:44.502-0400: 116.573: [Full GC (Ergonomics) [PSYoungGen: 79651K->0K(175104K)] [ParOldGen: 465561K->53377K(524288K)] 545212K->53377K(699392K), [Metaspace: 44377K->44377K(1087488K)], 0.0620433 secs] [Times: user=0.29 sys=0.03, real=0.06 secs] 
2016-09-15T11:48:44.688-0400: 116.760: [GC (GCLocker Initiated GC) [PSYoungGen: 88064K->85950K(175104K)] 141601K->163787K(699392K), 0.0246511 secs] [Times: user=0.26 sys=0.00, real=0.02 secs] 
2016-09-15T11:48:44.827-0400: 116.899: [GC (GCLocker Initiated GC) [PSYoungGen: 174014K->55743K(175104K)] 258249K->213425K(699392K), 0.0136148 secs] [Times: user=0.13 sys=0.01, real=0.02 secs] 
2016-09-15T11:48:44.965-0400: 117.036: [GC (Allocation Failure) [PSYoungGen: 143807K->61522K(175104K)] 307740K->286537K(699392K), 0.0106259 secs] [Times: user=0.15 sys=0.01, real=0.01 secs] 
2016-09-15T11:48:45.091-0400: 117.163: [GC (GCLocker Initiated GC) [PSYoungGen: 149586K->67629K(175104K)] 374602K->359778K(699392K), 0.0118218 secs] [Times: user=0.14 sys=0.00, real=0.01 secs] 
2016-09-15T11:48:45.220-0400: 117.292: [GC (GCLocker Initiated GC) [PSYoungGen: 155693K->61526K(175104K)] 453930K->378100K(699392K), 0.0109025 secs] [Times: user=0.11 sys=0.00, real=0.01 secs] 
2016-09-15T11:48:45.373-0400: 117.445: [GC (GCLocker Initiated GC) [PSYoungGen: 149590K->37194K(175104K)] 478450K->366526K(699392K), 0.0073855 secs] [Times: user=0.07 sys=0.00, real=0.01 secs] 
2016-09-15T11:48:45.510-0400: 117.582: [GC (GCLocker Initiated GC) [PSYoungGen: 125258K->55223K(175104K)] 454727K->403192K(699392K), 0.0156936 secs] [Times: user=0.16 sys=0.00, real=0.01 secs] 
2016-09-15T11:48:45.654-0400: 117.725: [GC (GCLocker Initiated GC) [PSYoungGen: 143287K->73708K(175104K)] 491539K->440288K(699392K), 0.0131533 secs] [Times: user=0.13 sys=0.01, real=0.01 secs] 
2016-09-15T11:48:45.799-0400: 117.870: [GC (GCLocker Initiated GC) [PSYoungGen: 161772K->49244K(175104K)] 540635K->446615K(699392K), 0.0101634 secs] [Times: user=0.08 sys=0.01, real=0.01 secs] 
2016-09-15T11:48:45.911-0400: 117.982: [GC (GCLocker Initiated GC) [PSYoungGen: 137308K->49244K(175104K)] 534771K->513668K(699392K), 0.0124574 secs] [Times: user=0.13 sys=0.00, real=0.01 secs] 
2016-09-15T11:48:45.923-0400: 117.995: [Full GC (Ergonomics) [PSYoungGen: 49244K->0K(175104K)] [ParOldGen: 464424K->53226K(524288K)] 513668K->53226K(699392K), [Metaspace: 44377K->44377K(1087488K)], 0.0616141 secs] [Times: user=0.40 sys=0.01, real=0.06 secs] 
2016-09-15T11:48:46.107-0400: 118.179: [GC (GCLocker Initiated GC) [PSYoungGen: 88064K->86694K(175104K)] 141578K->146283K(699392K), 0.0094816 secs] [Times: user=0.13 sys=0.01, real=0.02 secs] 
2016-09-15T11:48:46.255-0400: 118.327: [GC (GCLocker Initiated GC) [PSYoungGen: 174758K->73544K(175104K)] 240542K->158709K(699392K), 0.0098006 secs] [Times: user=0.10 sys=0.00, real=0.01 secs] 
2016-09-15T11:48:46.409-0400: 118.481: [GC (GCLocker Initiated GC) [PSYoungGen: 161608K->37258K(175104K)] 265348K->177763K(699392K), 0.0100465 secs] [Times: user=0.12 sys=0.01, real=0.01 secs] 
2016-09-15T11:48:46.540-0400: 118.611: [GC (GCLocker Initiated GC) [PSYoungGen: 125322K->55451K(175104K)] 271911K->202308K(699392K), 0.0111216 secs] [Times: user=0.12 sys=0.00, real=0.01 secs] 
2016-09-15T11:48:46.673-0400: 118.745: [GC (Allocation Failure) [PSYoungGen: 143515K->61362K(175104K)] 296511K->232866K(699392K), 0.0229559 secs] [Times: user=0.26 sys=0.00, real=0.03 secs] 
2016-09-15T11:48:46.825-0400: 118.897: [GC (GCLocker Initiated GC) [PSYoungGen: 149426K->73608K(175104K)] 320936K->275801K(699392K), 0.0104056 secs] [Times: user=0.11 sys=0.00, real=0.01 secs] 
2016-09-15T11:48:46.944-0400: 119.016: [GC (Allocation Failure) [PSYoungGen: 161672K->73936K(175104K)] 363958K->294770K(699392K), 0.0161685 secs] [Times: user=0.23 sys=0.00, real=0.02 secs] 
2016-09-15T11:48:47.107-0400: 119.178: [GC (GCLocker Initiated GC) [PSYoungGen: 161598K->55547K(175104K)] 388508K->300973K(699392K), 0.0216118 secs] [Times: user=0.21 sys=0.02, real=0.03 secs] 
2016-09-15T11:48:47.270-0400: 119.342: [GC (GCLocker Initiated GC) [PSYoungGen: 143611K->55287K(175104K)] 407359K->325541K(699392K), 0.0233464 secs] [Times: user=0.23 sys=0.01, real=0.02 secs] 
2016-09-15T11:48:47.455-0400: 119.526: [GC (GCLocker Initiated GC) [PSYoungGen: 143351K->37617K(175104K)] 425786K->320156K(699392K), 0.0148209 secs] [Times: user=0.18 sys=0.00, real=0.02 secs] 
2016-09-15T11:48:47.582-0400: 119.653: [GC (GCLocker Initiated GC) [PSYoungGen: 125681K->67469K(175104K)] 408441K->387281K(699392K), 0.0107371 secs] [Times: user=0.11 sys=0.00, real=0.01 secs] 
2016-09-15T11:48:47.698-0400: 119.770: [GC (GCLocker Initiated GC) [PSYoungGen: 155533K->86018K(175104K)] 475466K->497407K(699392K), 0.0160095 secs] [Times: user=0.24 sys=0.01, real=0.01 secs] 
2016-09-15T11:48:47.816-0400: 119.888: [GC (Allocation Failure) [PSYoungGen: 174082K->85822K(175104K)] 585636K->552523K(699392K), 0.0115448 secs] [Times: user=0.18 sys=0.01, real=0.01 secs] 
2016-09-15T11:48:47.828-0400: 119.899: [Full GC (Ergonomics) [PSYoungGen: 85822K->0K(175104K)] [ParOldGen: 466701K->53889K(524288K)] 552523K->53889K(699392K), [Metaspace: 44382K->44382K(1087488K)], 0.0614188 secs] [Times: user=0.45 sys=0.01, real=0.06 secs] 
2016-09-15T11:48:48.000-0400: 120.072: [GC (GCLocker Initiated GC) [PSYoungGen: 88064K->86274K(175104K)] 141953K->164463K(699392K), 0.0100276 secs] [Times: user=0.15 sys=0.00, real=0.01 secs] 
2016-09-15T11:48:48.134-0400: 120.206: [GC (GCLocker Initiated GC) [PSYoungGen: 174338K->74100K(175104K)] 258791K->213963K(699392K), 0.0146907 secs] [Times: user=0.15 sys=0.00, real=0.02 secs] 
2016-09-15T11:48:48.278-0400: 120.350: [GC (Allocation Failure) [PSYoungGen: 162164K->55319K(175104K)] 302846K->232890K(699392K), 0.0215783 secs] [Times: user=0.22 sys=0.01, real=0.02 secs] 
2016-09-15T11:48:48.433-0400: 120.505: [GC (GCLocker Initiated GC) [PSYoungGen: 139252K->61266K(175104K)] 322899K->251083K(699392K), 0.0105031 secs] [Times: user=0.07 sys=0.00, real=0.01 secs] 
2016-09-15T11:48:48.592-0400: 120.664: [GC (Allocation Failure) [PSYoungGen: 149330K->49052K(175104K)] 339412K->257603K(699392K), 0.0293255 secs] [Times: user=0.26 sys=0.00, real=0.03 secs] 
2016-09-15T11:48:48.747-0400: 120.818: [GC (GCLocker Initiated GC) [PSYoungGen: 133890K->61394K(175104K)] 348516K->306514K(699392K), 0.0098904 secs] [Times: user=0.10 sys=0.00, real=0.02 secs] 
2016-09-15T11:48:48.880-0400: 120.952: [GC (GCLocker Initiated GC) [PSYoungGen: 149458K->61526K(175104K)] 400886K->331266K(699392K), 0.0119880 secs] [Times: user=0.09 sys=0.00, real=0.01 secs] 
2016-09-15T11:48:49.028-0400: 121.100: [GC (GCLocker Initiated GC) [PSYoungGen: 149590K->49376K(175104K)] 431830K->350101K(699392K), 0.0105736 secs] [Times: user=0.09 sys=0.00, real=0.01 secs] 
2016-09-15T11:48:49.137-0400: 121.209: [GC (GCLocker Initiated GC) [PSYoungGen: 137440K->67373K(175104K)] 444601K->393191K(699392K), 0.0273835 secs] [Times: user=0.27 sys=0.00, real=0.02 secs] 
2016-09-15T11:48:49.277-0400: 121.349: [GC (GCLocker Initiated GC) [PSYoungGen: 155437K->73644K(175104K)] 481364K->442387K(699392K), 0.0206024 secs] [Times: user=0.21 sys=0.00, real=0.02 secs] 
2016-09-15T11:48:49.408-0400: 121.479: [GC (GCLocker Initiated GC) [PSYoungGen: 161708K->85726K(175104K)] 530661K->491569K(699392K), 0.0237618 secs] [Times: user=0.26 sys=0.00, real=0.02 secs] 
2016-09-15T11:48:49.569-0400: 121.641: [GC (Allocation Failure) [PSYoungGen: 173790K->37030K(175104K)] 598101K->491976K(699392K), 0.0155976 secs] [Times: user=0.14 sys=0.00, real=0.01 secs] 
2016-09-15T11:48:49.702-0400: 121.774: [Full GC (Ergonomics) [PSYoungGen: 125094K->0K(175104K)] [ParOldGen: 461021K->58323K(524288K)] 586115K->58323K(699392K), [Metaspace: 44382K->44382K(1087488K)], 0.0780070 secs] [Times: user=0.46 sys=0.02, real=0.08 secs] 
2016-09-15T11:48:49.899-0400: 121.971: [GC (GCLocker Initiated GC) [PSYoungGen: 88064K->74708K(175104K)] 152655K->139299K(699392K), 0.0078604 secs] [Times: user=0.10 sys=0.01, real=0.00 secs] 
2016-09-15T11:48:50.043-0400: 122.115: [GC (GCLocker Initiated GC) [PSYoungGen: 162772K->43201K(175104K)] 233490K->151493K(699392K), 0.0178009 secs] [Times: user=0.19 sys=0.00, real=0.02 secs] 
2016-09-15T11:48:50.205-0400: 122.276: [GC (GCLocker Initiated GC) [PSYoungGen: 131265K->37290K(175104K)] 257964K->164108K(699392K), 0.0135709 secs] [Times: user=0.15 sys=0.00, real=0.02 secs] 
2016-09-15T11:48:50.350-0400: 122.422: [GC (Allocation Failure) [PSYoungGen: 125354K->55615K(175104K)] 258434K->188963K(699392K), 0.0161112 secs] [Times: user=0.18 sys=0.00, real=0.01 secs] 
2016-09-15T11:48:50.472-0400: 122.544: [GC (Allocation Failure) [PSYoungGen: 138965K->55219K(175104K)] 272313K->231391K(699392K), 0.0149237 secs] [Times: user=0.18 sys=0.00, real=0.01 secs] 
2016-09-15T11:48:50.595-0400: 122.666: [GC (GCLocker Initiated GC) [PSYoungGen: 141175K->73936K(175104K)] 323423K->256311K(699392K), 0.0099018 secs] [Times: user=0.10 sys=0.00, real=0.01 secs] 
2016-09-15T11:48:50.716-0400: 122.788: [GC (Allocation Failure) [PSYoungGen: 162000K->67569K(175104K)] 350738K->275135K(699392K), 0.0288896 secs] [Times: user=0.34 sys=0.00, real=0.02 secs] 
2016-09-15T11:48:50.866-0400: 122.938: [GC (GCLocker Initiated GC) [PSYoungGen: 155633K->73672K(175104K)] 363199K->324219K(699392K), 0.0109474 secs] [Times: user=0.14 sys=0.00, real=0.02 secs] 
2016-09-15T11:48:51.000-0400: 123.072: [GC (GCLocker Initiated GC) [PSYoungGen: 161736K->73676K(175104K)] 412364K->324415K(699392K), 0.0091873 secs] [Times: user=0.12 sys=0.00, real=0.01 secs] 
2016-09-15T11:48:51.123-0400: 123.195: [GC (GCLocker Initiated GC) [PSYoungGen: 161740K->49180K(175104K)] 418651K->342981K(699392K), 0.0176083 secs] [Times: user=0.17 sys=0.00, real=0.02 secs] 
2016-09-15T11:48:51.266-0400: 123.338: [GC (Allocation Failure) [PSYoungGen: 137244K->67697K(175104K)] 437469K->386283K(699392K), 0.0173174 secs] [Times: user=0.21 sys=0.00, real=0.02 secs] 
2016-09-15T11:48:51.408-0400: 123.480: [GC (GCLocker Initiated GC) [PSYoungGen: 155761K->73608K(175104K)] 474353K->410732K(699392K), 0.0128002 secs] [Times: user=0.16 sys=0.00, real=0.01 secs] 
2016-09-15T11:48:51.540-0400: 123.611: [GC (GCLocker Initiated GC) [PSYoungGen: 161672K->73544K(175104K)] 499029K->417096K(699392K), 0.0088986 secs] [Times: user=0.09 sys=0.00, real=0.01 secs] 
2016-09-15T11:48:51.672-0400: 123.743: [GC (Allocation Failure) [PSYoungGen: 161608K->67569K(175104K)] 511288K->453966K(699392K), 0.0201010 secs] [Times: user=0.21 sys=0.00, real=0.02 secs] 
2016-09-15T11:48:51.822-0400: 123.893: [GC (GCLocker Initiated GC) [PSYoungGen: 155633K->55451K(175104K)] 548105K->478574K(699392K), 0.0180656 secs] [Times: user=0.18 sys=0.00, real=0.02 secs] 
2016-09-15T11:48:51.974-0400: 124.046: [GC (Allocation Failure) [PSYoungGen: 143515K->43009K(175104K)] 566645K->484631K(699392K), 0.0106619 secs] [Times: user=0.08 sys=0.01, real=0.01 secs] 
2016-09-15T11:48:52.099-0400: 124.170: [GC (GCLocker Initiated GC) [PSYoungGen: 130367K->61394K(175104K)] 578065K->533519K(699392K), 0.0180714 secs] [Times: user=0.16 sys=0.00, real=0.02 secs] 
2016-09-15T11:48:52.117-0400: 124.188: [Full GC (Ergonomics) [PSYoungGen: 61394K->0K(175104K)] [ParOldGen: 472125K->52738K(524288K)] 533519K->52738K(699392K), [Metaspace: 44384K->44384K(1087488K)], 0.0655359 secs] [Times: user=0.34 sys=0.02, real=0.06 secs] 
2016-09-15T11:48:52.303-0400: 124.375: [GC (GCLocker Initiated GC) [PSYoungGen: 88064K->86406K(175104K)] 140967K->145384K(699392K), 0.0131190 secs] [Times: user=0.16 sys=0.01, real=0.02 secs] 
2016-09-15T11:48:52.454-0400: 124.526: [GC (GCLocker Initiated GC) [PSYoungGen: 174470K->43265K(175104K)] 245959K->151932K(699392K), 0.0134966 secs] [Times: user=0.13 sys=0.00, real=0.02 secs] 
2016-09-15T11:48:52.620-0400: 124.692: [GC (GCLocker Initiated GC) [PSYoungGen: 131329K->55547K(175104K)] 252171K->176492K(699392K), 0.0180158 secs] [Times: user=0.21 sys=0.00, real=0.02 secs] 
2016-09-15T11:48:52.736-0400: 124.807: [GC (GCLocker Initiated GC) [PSYoungGen: 143611K->85726K(175104K)] 264608K->237382K(699392K), 0.0145681 secs] [Times: user=0.14 sys=0.00, real=0.01 secs] 
2016-09-15T11:48:52.874-0400: 124.945: [GC (GCLocker Initiated GC) [PSYoungGen: 173790K->79715K(175104K)] 325689K->268363K(699392K), 0.0255547 secs] [Times: user=0.28 sys=0.01, real=0.03 secs] 
2016-09-15T11:48:53.033-0400: 125.104: [GC (GCLocker Initiated GC) [PSYoungGen: 167779K->30923K(175104K)] 356749K->256595K(699392K), 0.0166433 secs] [Times: user=0.18 sys=0.01, real=0.02 secs] 
2016-09-15T11:48:53.154-0400: 125.226: [GC (GCLocker Initiated GC) [PSYoungGen: 118987K->73576K(175104K)] 344791K->317733K(699392K), 0.0083795 secs] [Times: user=0.09 sys=0.00, real=0.01 secs] 
2016-09-15T11:48:53.284-0400: 125.356: [GC (GCLocker Initiated GC) [PSYoungGen: 161640K->67797K(175104K)] 406051K->342915K(699392K), 0.0282475 secs] [Times: user=0.35 sys=0.00, real=0.03 secs] 
2016-09-15T11:48:53.433-0400: 125.505: [GC (GCLocker Initiated GC) [PSYoungGen: 155861K->85530K(175104K)] 431048K->391376K(699392K), 0.0174726 secs] [Times: user=0.22 sys=0.00, real=0.02 secs] 
2016-09-15T11:48:53.565-0400: 125.637: [GC (GCLocker Initiated GC) [PSYoungGen: 173594K->85790K(175104K)] 479679K->428500K(699392K), 0.0153028 secs] [Times: user=0.17 sys=0.00, real=0.02 secs] 
2016-09-15T11:48:53.709-0400: 125.781: [GC (GCLocker Initiated GC) [PSYoungGen: 173854K->55223K(175104K)] 516611K->434698K(699392K), 0.0213036 secs] [Times: user=0.19 sys=0.00, real=0.02 secs] 
2016-09-15T11:48:53.855-0400: 125.927: [GC (GCLocker Initiated GC) [PSYoungGen: 143287K->85758K(175104K)] 528958K->489945K(699392K), 0.0134508 secs] [Times: user=0.16 sys=0.00, real=0.02 secs] 
2016-09-15T11:48:54.014-0400: 126.086: [GC (GCLocker Initiated GC) [PSYoungGen: 173822K->36934K(175104K)] 584377K->484183K(699392K), 0.0291392 secs] [Times: user=0.29 sys=0.00, real=0.03 secs] 
2016-09-15T11:48:54.203-0400: 126.275: [GC (GCLocker Initiated GC) [PSYoungGen: 124998K->79519K(175104K)] 578366K->533178K(699392K), 0.0175866 secs] [Times: user=0.18 sys=0.00, real=0.02 secs] 
2016-09-15T11:48:54.351-0400: 126.422: [GC (GCLocker Initiated GC) [PSYoungGen: 167583K->79519K(175104K)] 621363K->557742K(699392K), 0.0260517 secs] [Times: user=0.30 sys=0.00, real=0.03 secs] 
2016-09-15T11:48:54.377-0400: 126.449: [Full GC (Ergonomics) [PSYoungGen: 79519K->0K(175104K)] [ParOldGen: 478223K->52812K(524288K)] 557742K->52812K(699392K), [Metaspace: 44392K->44392K(1087488K)], 0.0603842 secs] [Times: user=0.32 sys=0.01, real=0.06 secs] 
2016-09-15T11:48:54.551-0400: 126.623: [GC (GCLocker Initiated GC) [PSYoungGen: 88064K->86794K(175104K)] 141096K->145901K(699392K), 0.0232226 secs] [Times: user=0.27 sys=0.00, real=0.02 secs] 
2016-09-15T11:48:54.680-0400: 126.752: [GC (GCLocker Initiated GC) [PSYoungGen: 174858K->79783K(175104K)] 240397K->164515K(699392K), 0.0117401 secs] [Times: user=0.12 sys=0.00, real=0.01 secs] 
2016-09-15T11:48:54.790-0400: 126.862: [GC (GCLocker Initiated GC) [PSYoungGen: 167847K->73672K(175104K)] 252593K->195012K(699392K), 0.0100525 secs] [Times: user=0.08 sys=0.01, real=0.01 secs] 
2016-09-15T11:48:54.909-0400: 126.980: [GC (GCLocker Initiated GC) [PSYoungGen: 161736K->67697K(175104K)] 283308K->250294K(699392K), 0.0222146 secs] [Times: user=0.25 sys=0.00, real=0.02 secs] 
2016-09-15T11:48:55.044-0400: 127.115: [GC (GCLocker Initiated GC) [PSYoungGen: 155761K->61198K(175104K)] 344476K->268718K(699392K), 0.0102392 secs] [Times: user=0.10 sys=0.00, real=0.01 secs] 
2016-09-15T11:48:55.190-0400: 127.262: [GC (Allocation Failure) [PSYoungGen: 149262K->55191K(175104K)] 357363K->281629K(699392K), 0.0190512 secs] [Times: user=0.16 sys=0.01, real=0.02 secs] 
2016-09-15T11:48:55.309-0400: 127.381: [GC (GCLocker Initiated GC) [PSYoungGen: 137538K->61590K(175104K)] 370051K->312635K(699392K), 0.0085140 secs] [Times: user=0.07 sys=0.00, real=0.01 secs] 
2016-09-15T11:48:55.463-0400: 127.534: [GC (GCLocker Initiated GC) [PSYoungGen: 149654K->37130K(175104K)] 418948K->325065K(699392K), 0.0089259 secs] [Times: user=0.07 sys=0.00, real=0.01 secs] 
2016-09-15T11:48:55.607-0400: 127.679: [GC (GCLocker Initiated GC) [PSYoungGen: 125194K->61330K(175104K)] 413378K->349773K(699392K), 0.0149726 secs] [Times: user=0.15 sys=0.00, real=0.02 secs] 
2016-09-15T11:48:55.741-0400: 127.813: [GC (GCLocker Initiated GC) [PSYoungGen: 149394K->61590K(175104K)] 438153K->368842K(699392K), 0.0156351 secs] [Times: user=0.17 sys=0.01, real=0.02 secs] 
2016-09-15T11:48:55.874-0400: 127.946: [GC (GCLocker Initiated GC) [PSYoungGen: 149654K->85790K(175104K)] 457020K->436004K(699392K), 0.0147258 secs] [Times: user=0.19 sys=0.00, real=0.02 secs] 
2016-09-15T11:48:56.023-0400: 128.095: [GC (Allocation Failure) [PSYoungGen: 173854K->73640K(175104K)] 530820K->430742K(699392K), 0.0104827 secs] [Times: user=0.13 sys=0.00, real=0.01 secs] 
2016-09-15T11:48:56.034-0400: 128.106: [GC (GCLocker Initiated GC) [PSYoungGen: 73943K->160K(175104K)] 431046K->430530K(699392K), 0.0070436 secs] [Times: user=0.09 sys=0.00, real=0.01 secs] 
2016-09-15T11:48:56.158-0400: 128.229: [GC (GCLocker Initiated GC) [PSYoungGen: 88224K->85854K(175104K)] 518600K->540554K(699392K), 0.0103631 secs] [Times: user=0.14 sys=0.00, real=0.01 secs] 
2016-09-15T11:48:56.168-0400: 128.240: [Full GC (Ergonomics) [PSYoungGen: 85854K->0K(175104K)] [ParOldGen: 454700K->53355K(524288K)] 540554K->53355K(699392K), [Metaspace: 44392K->44392K(1087488K)], 0.0595869 secs] [Times: user=0.37 sys=0.00, real=0.06 secs] 
2016-09-15T11:48:56.357-0400: 128.429: [GC (GCLocker Initiated GC) [PSYoungGen: 88064K->86014K(175104K)] 147603K->151628K(699392K), 0.0129100 secs] [Times: user=0.15 sys=0.01, real=0.01 secs] 
2016-09-15T11:48:56.480-0400: 128.552: [GC (GCLocker Initiated GC) [PSYoungGen: 174078K->67501K(175104K)] 239879K->164193K(699392K), 0.0112722 secs] [Times: user=0.12 sys=0.00, real=0.01 secs] 
2016-09-15T11:48:56.615-0400: 128.687: [GC (GCLocker Initiated GC) [PSYoungGen: 155565K->43169K(175104K)] 258682K->189086K(699392K), 0.0154068 secs] [Times: user=0.13 sys=0.00, real=0.02 secs] 
2016-09-15T11:48:56.743-0400: 128.815: [GC (GCLocker Initiated GC) [PSYoungGen: 131233K->73704K(175104K)] 277399K->238419K(699392K), 0.0109811 secs] [Times: user=0.15 sys=0.00, real=0.01 secs] 
2016-09-15T11:48:56.875-0400: 128.947: [GC (Allocation Failure) [PSYoungGen: 161768K->73836K(175104K)] 332795K->275545K(699392K), 0.0153725 secs] [Times: user=0.18 sys=0.00, real=0.02 secs] 
2016-09-15T11:48:57.015-0400: 129.086: [GC (GCLocker Initiated GC) [PSYoungGen: 161140K->73740K(175104K)] 368925K->300369K(699392K), 0.0158341 secs] [Times: user=0.19 sys=0.01, real=0.02 secs] 
2016-09-15T11:48:57.159-0400: 129.230: [GC (Allocation Failure) [PSYoungGen: 161804K->61458K(175104K)] 394645K->312831K(699392K), 0.0102725 secs] [Times: user=0.12 sys=0.00, real=0.01 secs] 
2016-09-15T11:48:57.292-0400: 129.363: [GC (GCLocker Initiated GC) [PSYoungGen: 147746K->73804K(175104K)] 405194K->349793K(699392K), 0.0105790 secs] [Times: user=0.13 sys=0.00, real=0.01 secs] 
2016-09-15T11:48:57.432-0400: 129.504: [GC (GCLocker Initiated GC) [PSYoungGen: 161868K->85758K(175104K)] 437904K->392476K(699392K), 0.0111640 secs] [Times: user=0.13 sys=0.00, real=0.01 secs] 
2016-09-15T11:48:57.565-0400: 129.636: [GC (GCLocker Initiated GC) [PSYoungGen: 173822K->55287K(175104K)] 480593K->422920K(699392K), 0.0207207 secs] [Times: user=0.20 sys=0.00, real=0.02 secs] 
2016-09-15T11:48:57.709-0400: 129.780: [GC (GCLocker Initiated GC) [PSYoungGen: 143351K->43205K(175104K)] 523478K->484366K(699392K), 0.0278718 secs] [Times: user=0.28 sys=0.00, real=0.03 secs] 
2016-09-15T11:48:57.870-0400: 129.942: [GC (GCLocker Initiated GC) [PSYoungGen: 131269K->73512K(175104K)] 572567K->533466K(699392K), 0.0147839 secs] [Times: user=0.17 sys=0.00, real=0.01 secs] 
2016-09-15T11:48:57.885-0400: 129.957: [Full GC (Ergonomics) [PSYoungGen: 73512K->0K(175104K)] [ParOldGen: 459954K->58288K(524288K)] 533466K->58288K(699392K), [Metaspace: 44392K->44392K(1087488K)], 0.0687626 secs] [Times: user=0.42 sys=0.01, real=0.07 secs] 
2016-09-15T11:48:58.078-0400: 130.150: [GC (GCLocker Initiated GC) [PSYoungGen: 88064K->86566K(175104K)] 146390K->175267K(699392K), 0.0218675 secs] [Times: user=0.28 sys=0.00, real=0.02 secs] 
2016-09-15T11:48:58.227-0400: 130.299: [GC (GCLocker Initiated GC) [PSYoungGen: 174630K->55219K(175104K)] 269756K->224212K(699392K), 0.0183967 secs] [Times: user=0.23 sys=0.00, real=0.02 secs] 
2016-09-15T11:48:58.363-0400: 130.434: [GC (GCLocker Initiated GC) [PSYoungGen: 143283K->73772K(175104K)] 312637K->261487K(699392K), 0.0167565 secs] [Times: user=0.18 sys=0.00, real=0.02 secs] 
2016-09-15T11:48:58.491-0400: 130.563: [GC (GCLocker Initiated GC) [PSYoungGen: 161836K->61554K(175104K)] 355768K->280086K(699392K), 0.0129142 secs] [Times: user=0.12 sys=0.00, real=0.01 secs] 
2016-09-15T11:48:58.627-0400: 130.698: [GC (GCLocker Initiated GC) [PSYoungGen: 149618K->67537K(175104K)] 368360K->292449K(699392K), 0.0185781 secs] [Times: user=0.18 sys=0.01, real=0.02 secs] 
2016-09-15T11:48:58.760-0400: 130.832: [GC (GCLocker Initiated GC) [PSYoungGen: 155601K->79683K(175104K)] 380712K->311316K(699392K), 0.0147527 secs] [Times: user=0.17 sys=0.00, real=0.01 secs] 
2016-09-15T11:48:58.910-0400: 130.981: [GC (Allocation Failure) [PSYoungGen: 167747K->31150K(175104K)] 417753K->317719K(699392K), 0.0112231 secs] [Times: user=0.08 sys=0.00, real=0.01 secs] 
2016-09-15T11:48:59.052-0400: 131.123: [GC (GCLocker Initiated GC) [PSYoungGen: 115193K->30827K(175104K)] 407836K->342102K(699392K), 0.0265277 secs] [Times: user=0.23 sys=0.00, real=0.03 secs] 
2016-09-15T11:48:59.204-0400: 131.276: [GC (GCLocker Initiated GC) [PSYoungGen: 118891K->73708K(175104K)] 436530K->391451K(699392K), 0.0157787 secs] [Times: user=0.16 sys=0.00, real=0.02 secs] 
2016-09-15T11:48:59.357-0400: 131.428: [GC (GCLocker Initiated GC) [PSYoungGen: 161772K->49020K(175104K)] 479853K->391808K(699392K), 0.0461248 secs] [Times: user=0.43 sys=0.00, real=0.04 secs] 
2016-09-15T11:48:59.522-0400: 131.594: [GC (GCLocker Initiated GC) [PSYoungGen: 137084K->55323K(175104K)] 486112K->428730K(699392K), 0.0113328 secs] [Times: user=0.09 sys=0.00, real=0.01 secs] 
2016-09-15T11:48:59.665-0400: 131.736: [GC (GCLocker Initiated GC) [PSYoungGen: 143387K->73480K(175104K)] 523085K->471678K(699392K), 0.0096059 secs] [Times: user=0.08 sys=0.01, real=0.01 secs] 
2016-09-15T11:48:59.808-0400: 131.879: [GC (GCLocker Initiated GC) [PSYoungGen: 161544K->61686K(175104K)] 559890K->460119K(699392K), 0.0127726 secs] [Times: user=0.13 sys=0.00, real=0.01 secs] 
2016-09-15T11:48:59.941-0400: 132.013: [GC (GCLocker Initiated GC) [PSYoungGen: 149750K->49080K(175104K)] 548710K->484789K(699392K), 0.0088389 secs] [Times: user=0.10 sys=0.00, real=0.01 secs] 
2016-09-15T11:49:00.061-0400: 132.133: [GC (GCLocker Initiated GC) [PSYoungGen: 137144K->73936K(175104K)] 573186K->528323K(699392K), 0.0104293 secs] [Times: user=0.14 sys=0.00, real=0.01 secs] 
2016-09-15T11:49:00.221-0400: 132.293: [GC (GCLocker Initiated GC) [PSYoungGen: 162000K->85562K(175104K)] 622515K->564790K(699392K), 0.0100802 secs] [Times: user=0.13 sys=0.00, real=0.01 secs] 
2016-09-15T11:49:00.231-0400: 132.303: [Full GC (Ergonomics) [PSYoungGen: 85562K->0K(175104K)] [ParOldGen: 479228K->46091K(524288K)] 564790K->46091K(699392K), [Metaspace: 44396K->44396K(1087488K)], 0.0718903 secs] [Times: user=0.46 sys=0.03, real=0.07 secs] 
2016-09-15T11:49:00.406-0400: 132.478: [GC (GCLocker Initiated GC) [PSYoungGen: 88064K->86694K(175104K)] 134471K->163476K(699392K), 0.0090569 secs] [Times: user=0.12 sys=0.00, real=0.01 secs] 
2016-09-15T11:49:00.537-0400: 132.609: [GC (GCLocker Initiated GC) [PSYoungGen: 174758K->73476K(175104K)] 251594K->218128K(699392K), 0.0120524 secs] [Times: user=0.14 sys=0.00, real=0.01 secs] 
2016-09-15T11:49:00.654-0400: 132.726: [GC (GCLocker Initiated GC) [PSYoungGen: 161540K->67957K(175104K)] 312504K->334514K(699392K), 0.0134146 secs] [Times: user=0.19 sys=0.00, real=0.02 secs] 
2016-09-15T11:49:00.794-0400: 132.866: [GC (GCLocker Initiated GC) [PSYoungGen: 156021K->61558K(175104K)] 422872K->346901K(699392K), 0.0110795 secs] [Times: user=0.08 sys=0.00, real=0.01 secs] 
2016-09-15T11:49:00.931-0400: 133.003: [GC (GCLocker Initiated GC) [PSYoungGen: 149622K->73804K(175104K)] 441318K->384016K(699392K), 0.0092526 secs] [Times: user=0.14 sys=0.00, real=0.01 secs] 
2016-09-15T11:49:01.059-0400: 133.131: [GC (GCLocker Initiated GC) [PSYoungGen: 161868K->73804K(175104K)] 472245K->402542K(699392K), 0.0092218 secs] [Times: user=0.13 sys=0.01, real=0.01 secs] 
2016-09-15T11:49:01.208-0400: 133.279: [GC (GCLocker Initiated GC) [PSYoungGen: 161868K->73640K(175104K)] 502966K->433270K(699392K), 0.0130183 secs] [Times: user=0.17 sys=0.00, real=0.02 secs] 
2016-09-15T11:49:01.353-0400: 133.424: [GC (GCLocker Initiated GC) [PSYoungGen: 161704K->73608K(175104K)] 521544K->476109K(699392K), 0.0139439 secs] [Times: user=0.14 sys=0.00, real=0.01 secs] 
2016-09-15T11:49:01.501-0400: 133.573: [GC (GCLocker Initiated GC) [PSYoungGen: 161672K->49212K(175104K)] 570536K->494818K(699392K), 0.0118233 secs] [Times: user=0.10 sys=0.01, real=0.01 secs] 
2016-09-15T11:49:01.513-0400: 133.585: [Full GC (Ergonomics) [PSYoungGen: 49212K->0K(175104K)] [ParOldGen: 445606K->52337K(524288K)] 494818K->52337K(699392K), [Metaspace: 44396K->44396K(1087488K)], 0.0656310 secs] [Times: user=0.34 sys=0.01, real=0.07 secs] 
2016-09-15T11:49:01.711-0400: 133.782: [GC (GCLocker Initiated GC) [PSYoungGen: 88064K->79815K(175104K)] 140673K->132424K(699392K), 0.0192524 secs] [Times: user=0.23 sys=0.00, real=0.02 secs] 
2016-09-15T11:49:01.856-0400: 133.927: [GC (Allocation Failure) [PSYoungGen: 167879K->73772K(175104K)] 226879K->157355K(699392K), 0.0174174 secs] [Times: user=0.19 sys=0.00, real=0.01 secs] 
2016-09-15T11:49:02.014-0400: 134.086: [GC (GCLocker Initiated GC) [PSYoungGen: 161836K->73640K(175104K)] 245425K->175941K(699392K), 0.0097690 secs] [Times: user=0.11 sys=0.00, real=0.01 secs] 
2016-09-15T11:49:02.163-0400: 134.234: [GC (GCLocker Initiated GC) [PSYoungGen: 161704K->73512K(175104K)] 264064K->182051K(699392K), 0.0151102 secs] [Times: user=0.15 sys=0.00, real=0.02 secs] 
2016-09-15T11:49:02.313-0400: 134.384: [GC (GCLocker Initiated GC) [PSYoungGen: 161576K->31214K(175104K)] 276860K->231684K(699392K), 0.0105406 secs] [Times: user=0.10 sys=0.00, real=0.01 secs] 
2016-09-15T11:49:02.420-0400: 134.492: [GC (GCLocker Initiated GC) [PSYoungGen: 119278K->85790K(175104K)] 319908K->317102K(699392K), 0.0106584 secs] [Times: user=0.13 sys=0.00, real=0.01 secs] 
2016-09-15T11:49:02.530-0400: 134.602: [GC (GCLocker Initiated GC) [PSYoungGen: 173854K->85954K(175104K)] 405528K->378693K(699392K), 0.0106315 secs] [Times: user=0.13 sys=0.01, real=0.01 secs] 
2016-09-15T11:49:02.661-0400: 134.733: [GC (Allocation Failure) [PSYoungGen: 174018K->67601K(175104K)] 466899K->378983K(699392K), 0.0316047 secs] [Times: user=0.42 sys=0.00, real=0.03 secs] 
2016-09-15T11:49:02.805-0400: 134.877: [GC (GCLocker Initiated GC) [PSYoungGen: 155665K->85854K(175104K)] 467053K->440058K(699392K), 0.0107685 secs] [Times: user=0.16 sys=0.00, real=0.02 secs] 
2016-09-15T11:49:02.974-0400: 135.046: [GC (GCLocker Initiated GC) [PSYoungGen: 173918K->67501K(175104K)] 528192K->458540K(699392K), 0.0128979 secs] [Times: user=0.15 sys=0.00, real=0.01 secs] 
2016-09-15T11:49:03.118-0400: 135.190: [GC (GCLocker Initiated GC) [PSYoungGen: 155565K->55287K(175104K)] 558903K->495187K(699392K), 0.0217683 secs] [Times: user=0.24 sys=0.00, real=0.02 secs] 
2016-09-15T11:49:03.271-0400: 135.343: [GC (Allocation Failure) [PSYoungGen: 143351K->49472K(175104K)] 590036K->532734K(699392K), 0.0101830 secs] [Times: user=0.11 sys=0.00, real=0.01 secs] 
2016-09-15T11:49:03.282-0400: 135.353: [Full GC (Ergonomics) [PSYoungGen: 49472K->0K(175104K)] [ParOldGen: 483262K->52715K(524288K)] 532734K->52715K(699392K), [Metaspace: 44396K->44396K(1087488K)], 0.0605250 secs] [Times: user=0.38 sys=0.00, real=0.06 secs] 
2016-09-15T11:49:03.469-0400: 135.541: [GC (GCLocker Initiated GC) [PSYoungGen: 84401K->73476K(175104K)] 143192K->132266K(699392K), 0.0106288 secs] [Times: user=0.13 sys=0.00, real=0.01 secs] 
2016-09-15T11:49:03.600-0400: 135.671: [GC (GCLocker Initiated GC) [PSYoungGen: 161540K->79587K(175104K)] 220389K->187148K(699392K), 0.0140784 secs] [Times: user=0.12 sys=0.00, real=0.01 secs] 
2016-09-15T11:49:03.713-0400: 135.785: [GC (GCLocker Initiated GC) [PSYoungGen: 167651K->61558K(175104K)] 281330K->248608K(699392K), 0.0107379 secs] [Times: user=0.13 sys=0.01, real=0.01 secs] 
2016-09-15T11:49:03.861-0400: 135.933: [GC (GCLocker Initiated GC) [PSYoungGen: 149622K->61718K(175104K)] 342852K->322065K(699392K), 0.0138274 secs] [Times: user=0.18 sys=0.00, real=0.01 secs] 
2016-09-15T11:49:04.018-0400: 136.090: [GC (GCLocker Initiated GC) [PSYoungGen: 149782K->36962K(175104K)] 422634K->328354K(699392K), 0.0086367 secs] [Times: user=0.09 sys=0.00, real=0.00 secs] 
2016-09-15T11:49:04.139-0400: 136.211: [GC (GCLocker Initiated GC) [PSYoungGen: 125026K->67273K(175104K)] 416448K->358807K(699392K), 0.0190298 secs] [Times: user=0.18 sys=0.01, real=0.02 secs] 
2016-09-15T11:49:04.269-0400: 136.340: [GC (GCLocker Initiated GC) [PSYoungGen: 155337K->85986K(175104K)] 453107K->456807K(699392K), 0.0127882 secs] [Times: user=0.15 sys=0.00, real=0.01 secs] 
2016-09-15T11:49:04.390-0400: 136.462: [GC (GCLocker Initiated GC) [PSYoungGen: 174050K->43233K(175104K)] 544889K->499454K(699392K), 0.0093649 secs] [Times: user=0.14 sys=0.00, real=0.01 secs] 
2016-09-15T11:49:04.400-0400: 136.471: [Full GC (Ergonomics) [PSYoungGen: 43233K->0K(175104K)] [ParOldGen: 456221K->46730K(524288K)] 499454K->46730K(699392K), [Metaspace: 44396K->44396K(1087488K)], 0.0583289 secs] [Times: user=0.33 sys=0.01, real=0.06 secs] 
2016-09-15T11:49:04.569-0400: 136.641: [GC (GCLocker Initiated GC) [PSYoungGen: 88064K->74092K(175104K)] 141039K->127067K(699392K), 0.0081370 secs] [Times: user=0.08 sys=0.00, real=0.01 secs] 
2016-09-15T11:49:04.700-0400: 136.772: [GC (GCLocker Initiated GC) [PSYoungGen: 162156K->67601K(175104K)] 215312K->133430K(699392K), 0.0235031 secs] [Times: user=0.22 sys=0.00, real=0.02 secs] 
2016-09-15T11:49:04.861-0400: 136.933: [GC (Allocation Failure) [PSYoungGen: 155665K->49116K(175104K)] 221732K->152025K(699392K), 0.0217801 secs] [Times: user=0.18 sys=0.00, real=0.02 secs] 
2016-09-15T11:49:05.003-0400: 137.074: [GC (GCLocker Initiated GC) [PSYoungGen: 134118K->73512K(175104K)] 243102K->200832K(699392K), 0.0169687 secs] [Times: user=0.17 sys=0.00, real=0.02 secs] 
2016-09-15T11:49:05.139-0400: 137.211: [GC (GCLocker Initiated GC) [PSYoungGen: 161576K->43365K(175104K)] 295265K->207548K(699392K), 0.0182058 secs] [Times: user=0.17 sys=0.00, real=0.02 secs] 
2016-09-15T11:49:05.271-0400: 137.343: [GC (GCLocker Initiated GC) [PSYoungGen: 131429K->85922K(175104K)] 295788K->287030K(699392K), 0.0193758 secs] [Times: user=0.22 sys=0.00, real=0.02 secs] 
2016-09-15T11:49:05.408-0400: 137.480: [GC (GCLocker Initiated GC) [PSYoungGen: 173986K->85726K(175104K)] 381217K->311614K(699392K), 0.0182779 secs] [Times: user=0.22 sys=0.00, real=0.01 secs] 
2016-09-15T11:49:05.558-0400: 137.630: [GC (GCLocker Initiated GC) [PSYoungGen: 173790K->55515K(175104K)] 411944K->354539K(699392K), 0.0322518 secs] [Times: user=0.41 sys=0.01, real=0.03 secs] 
2016-09-15T11:49:05.712-0400: 137.784: [GC (Allocation Failure) [PSYoungGen: 143579K->61522K(175104K)] 448703K->403387K(699392K), 0.0098875 secs] [Times: user=0.11 sys=0.00, real=0.01 secs] 
2016-09-15T11:49:05.852-0400: 137.924: [GC (GCLocker Initiated GC) [PSYoungGen: 144248K->55515K(175104K)] 492189K->421800K(699392K), 0.0097589 secs] [Times: user=0.09 sys=0.00, real=0.01 secs] 
2016-09-15T11:49:05.991-0400: 138.062: [GC (Allocation Failure) [PSYoungGen: 143579K->73380K(175104K)] 510644K->459118K(699392K), 0.0119701 secs] [Times: user=0.13 sys=0.00, real=0.01 secs] 
2016-09-15T11:49:06.103-0400: 138.175: [GC (GCLocker Initiated GC) [PSYoungGen: 161444K->86314K(175104K)] 547187K->478292K(699392K), 0.0099630 secs] [Times: user=0.12 sys=0.00, real=0.01 secs] 
2016-09-15T11:49:06.231-0400: 138.303: [GC (GCLocker Initiated GC) [PSYoungGen: 174378K->73772K(175104K)] 566375K->484622K(699392K), 0.0230341 secs] [Times: user=0.29 sys=0.00, real=0.02 secs] 
2016-09-15T11:49:06.364-0400: 138.436: [GC (GCLocker Initiated GC) [PSYoungGen: 161836K->85726K(175104K)] 572772K->502856K(699392K), 0.0217977 secs] [Times: user=0.25 sys=0.00, real=0.02 secs] 
2016-09-15T11:49:06.502-0400: 138.573: [GC (GCLocker Initiated GC) [PSYoungGen: 173790K->73804K(175104K)] 591069K->533907K(699392K), 0.0150279 secs] [Times: user=0.16 sys=0.00, real=0.02 secs] 
2016-09-15T11:49:06.517-0400: 138.589: [Full GC (Ergonomics) [PSYoungGen: 73804K->0K(175104K)] [ParOldGen: 460103K->53051K(524288K)] 533907K->53051K(699392K), [Metaspace: 44404K->44404K(1087488K)], 0.0619826 secs] [Times: user=0.45 sys=0.02, real=0.06 secs] 
2016-09-15T11:49:06.691-0400: 138.763: [GC (GCLocker Initiated GC) [PSYoungGen: 88064K->86110K(175104K)] 147282K->175704K(699392K), 0.0105978 secs] [Times: user=0.14 sys=0.00, real=0.01 secs] 
2016-09-15T11:49:06.821-0400: 138.892: [GC (GCLocker Initiated GC) [PSYoungGen: 174174K->73672K(175104K)] 263798K->218527K(699392K), 0.0107023 secs] [Times: user=0.13 sys=0.00, real=0.01 secs] 
2016-09-15T11:49:06.957-0400: 139.029: [GC (Allocation Failure) [PSYoungGen: 161736K->61494K(175104K)] 312870K->249361K(699392K), 0.0137264 secs] [Times: user=0.11 sys=0.00, real=0.01 secs] 
2016-09-15T11:49:07.099-0400: 139.170: [GC (GCLocker Initiated GC) [PSYoungGen: 146779K->55451K(175104K)] 340721K->286299K(699392K), 0.0133913 secs] [Times: user=0.13 sys=0.00, real=0.01 secs] 
2016-09-15T11:49:07.265-0400: 139.337: [GC (Allocation Failure) [PSYoungGen: 143515K->73608K(175104K)] 374673K->317036K(699392K), 0.0187027 secs] [Times: user=0.20 sys=0.01, real=0.02 secs] 
2016-09-15T11:49:07.420-0400: 139.492: [GC (GCLocker Initiated GC) [PSYoungGen: 157663K->55287K(175104K)] 407166K->323094K(699392K), 0.0176140 secs] [Times: user=0.17 sys=0.01, real=0.02 secs] 
2016-09-15T11:49:07.555-0400: 139.626: [GC (GCLocker Initiated GC) [PSYoungGen: 143351K->73416K(175104K)] 411284K->359670K(699392K), 0.0126864 secs] [Times: user=0.09 sys=0.01, real=0.01 secs] 
2016-09-15T11:49:07.686-0400: 139.757: [GC (GCLocker Initiated GC) [PSYoungGen: 161480K->61458K(175104K)] 447871K->408758K(699392K), 0.0214638 secs] [Times: user=0.23 sys=0.00, real=0.02 secs] 
2016-09-15T11:49:07.804-0400: 139.875: [GC (GCLocker Initiated GC) [PSYoungGen: 149522K->73840K(175104K)] 497166K->458218K(699392K), 0.0264117 secs] [Times: user=0.31 sys=0.01, real=0.03 secs] 
2016-09-15T11:49:07.941-0400: 140.013: [GC (GCLocker Initiated GC) [PSYoungGen: 161904K->55287K(175104K)] 552528K->482957K(699392K), 0.0166609 secs] [Times: user=0.15 sys=0.00, real=0.02 secs] 
2016-09-15T11:49:08.059-0400: 140.131: [GC (GCLocker Initiated GC) [PSYoungGen: 143351K->85598K(175104K)] 571199K->543940K(699392K), 0.0346575 secs] [Times: user=0.40 sys=0.00, real=0.03 secs] 
2016-09-15T11:49:08.094-0400: 140.165: [Full GC (Ergonomics) [PSYoungGen: 85598K->0K(175104K)] [ParOldGen: 458342K->58602K(524288K)] 543940K->58602K(699392K), [Metaspace: 44405K->44405K(1087488K)], 0.0596843 secs] [Times: user=0.32 sys=0.00, real=0.06 secs] 
2016-09-15T11:49:08.264-0400: 140.336: [GC (GCLocker Initiated GC) [PSYoungGen: 88064K->86530K(175104K)] 146882K->175724K(699392K), 0.0120092 secs] [Times: user=0.16 sys=0.00, real=0.02 secs] 
2016-09-15T11:49:08.399-0400: 140.471: [GC (Allocation Failure) [PSYoungGen: 174594K->79715K(175104K)] 264025K->212819K(699392K), 0.0111600 secs] [Times: user=0.14 sys=0.01, real=0.01 secs] 
2016-09-15T11:49:08.512-0400: 140.583: [GC (GCLocker Initiated GC) [PSYoungGen: 167779K->86150K(175104K)] 300884K->262111K(699392K), 0.0105951 secs] [Times: user=0.15 sys=0.00, real=0.01 secs] 
2016-09-15T11:49:08.658-0400: 140.730: [GC (GCLocker Initiated GC) [PSYoungGen: 174214K->67337K(175104K)] 362384K->274195K(699392K), 0.0117741 secs] [Times: user=0.14 sys=0.00, real=0.01 secs] 
2016-09-15T11:49:08.802-0400: 140.873: [GC (GCLocker Initiated GC) [PSYoungGen: 155401K->85922K(175104K)] 368421K->341595K(699392K), 0.0110189 secs] [Times: user=0.13 sys=0.01, real=0.01 secs] 
2016-09-15T11:49:08.959-0400: 141.030: [GC (GCLocker Initiated GC) [PSYoungGen: 173986K->36966K(175104K)] 435894K->341674K(699392K), 0.0113705 secs] [Times: user=0.10 sys=0.01, real=0.01 secs] 
2016-09-15T11:49:09.094-0400: 141.165: [GC (GCLocker Initiated GC) [PSYoungGen: 125030K->85758K(175104K)] 429803K->427272K(699392K), 0.0132262 secs] [Times: user=0.16 sys=0.00, real=0.01 secs] 
2016-09-15T11:49:09.222-0400: 141.293: [GC (GCLocker Initiated GC) [PSYoungGen: 173822K->67501K(175104K)] 515675K->433929K(699392K), 0.0165706 secs] [Times: user=0.18 sys=0.00, real=0.02 secs] 
2016-09-15T11:49:09.356-0400: 141.428: [GC (GCLocker Initiated GC) [PSYoungGen: 155565K->73868K(175104K)] 522309K->477386K(699392K), 0.0106999 secs] [Times: user=0.15 sys=0.00, real=0.00 secs] 
2016-09-15T11:49:09.498-0400: 141.569: [GC (Allocation Failure) [PSYoungGen: 161932K->73968K(175104K)] 565805K->514451K(699392K), 0.0101437 secs] [Times: user=0.15 sys=0.00, real=0.01 secs] 
2016-09-15T11:49:09.644-0400: 141.715: [GC (GCLocker Initiated GC) [PSYoungGen: 156336K->55155K(175104K)] 602894K->502160K(699392K), 0.0071207 secs] [Times: user=0.10 sys=0.00, real=0.01 secs] 
2016-09-15T11:49:09.774-0400: 141.845: [GC (GCLocker Initiated GC) [PSYoungGen: 143219K->55351K(175104K)] 590597K->521105K(699392K), 0.0086435 secs] [Times: user=0.11 sys=0.00, real=0.01 secs] 
2016-09-15T11:49:09.782-0400: 141.854: [Full GC (Ergonomics) [PSYoungGen: 55351K->0K(175104K)] [ParOldGen: 465754K->52886K(524288K)] 521105K->52886K(699392K), [Metaspace: 44414K->44414K(1087488K)], 0.0560380 secs] [Times: user=0.45 sys=0.00, real=0.06 secs] 
2016-09-15T11:49:09.952-0400: 142.024: [GC (GCLocker Initiated GC) [PSYoungGen: 88064K->86538K(175104K)] 141065K->175989K(699392K), 0.0096647 secs] [Times: user=0.14 sys=0.01, real=0.01 secs] 
2016-09-15T11:49:10.077-0400: 142.149: [GC (GCLocker Initiated GC) [PSYoungGen: 174602K->55579K(175104K)] 276363K->188614K(699392K), 0.0089106 secs] [Times: user=0.13 sys=0.00, real=0.00 secs] 
2016-09-15T11:49:10.207-0400: 142.279: [GC (GCLocker Initiated GC) [PSYoungGen: 143643K->73968K(175104K)] 276950K->225651K(699392K), 0.0108077 secs] [Times: user=0.14 sys=0.00, real=0.02 secs] 
2016-09-15T11:49:10.352-0400: 142.423: [GC (Allocation Failure) [PSYoungGen: 162032K->73804K(175104K)] 314048K->244205K(699392K), 0.0098099 secs] [Times: user=0.13 sys=0.00, real=0.01 secs] 
2016-09-15T11:49:10.481-0400: 142.553: [GC (GCLocker Initiated GC) [PSYoungGen: 161395K->73704K(175104K)] 337871K->268900K(699392K), 0.0098185 secs] [Times: user=0.12 sys=0.00, real=0.01 secs] 
2016-09-15T11:49:10.603-0400: 142.674: [GC (GCLocker Initiated GC) [PSYoungGen: 161768K->85854K(175104K)] 357030K->336114K(699392K), 0.0103929 secs] [Times: user=0.15 sys=0.01, real=0.01 secs] 
2016-09-15T11:49:10.720-0400: 142.792: [GC (GCLocker Initiated GC) [PSYoungGen: 173918K->67957K(175104K)] 424506K->379454K(699392K), 0.0118146 secs] [Times: user=0.16 sys=0.01, real=0.01 secs] 
2016-09-15T11:49:10.884-0400: 142.956: [GC (Allocation Failure) [PSYoungGen: 156021K->55383K(175104K)] 467649K->385716K(699392K), 0.0085787 secs] [Times: user=0.11 sys=0.00, real=0.01 secs] 
2016-09-15T11:49:11.018-0400: 143.089: [GC (GCLocker Initiated GC) [PSYoungGen: 139967K->73444K(175104K)] 476375K->410175K(699392K), 0.0080607 secs] [Times: user=0.09 sys=0.00, real=0.00 secs] 
2016-09-15T11:49:11.143-0400: 143.215: [GC (GCLocker Initiated GC) [PSYoungGen: 161508K->67473K(175104K)] 498274K->404351K(699392K), 0.0348466 secs] [Times: user=0.33 sys=0.01, real=0.04 secs] 
2016-09-15T11:49:11.333-0400: 143.405: [GC (GCLocker Initiated GC) [PSYoungGen: 155537K->36998K(175104K)] 498752K->410848K(699392K), 0.0095330 secs] [Times: user=0.08 sys=0.00, real=0.01 secs] 
2016-09-15T11:49:11.479-0400: 143.551: [GC (GCLocker Initiated GC) [PSYoungGen: 125062K->67341K(175104K)] 505320K->447694K(699392K), 0.0189553 secs] [Times: user=0.18 sys=0.00, real=0.02 secs] 
2016-09-15T11:49:11.625-0400: 143.696: [GC (GCLocker Initiated GC) [PSYoungGen: 155405K->43105K(175104K)] 547954K->466281K(699392K), 0.0109078 secs] [Times: user=0.08 sys=0.00, real=0.02 secs] 
2016-09-15T11:49:11.769-0400: 143.840: [GC (Allocation Failure) [PSYoungGen: 131169K->37553K(175104K)] 566665K->491402K(699392K), 0.0089559 secs] [Times: user=0.08 sys=0.00, real=0.01 secs] 
2016-09-15T11:49:11.891-0400: 143.963: [GC (GCLocker Initiated GC) [PSYoungGen: 125617K->73608K(175104K)] 579472K->546307K(699392K), 0.0218230 secs] [Times: user=0.24 sys=0.00, real=0.02 secs] 
2016-09-15T11:49:11.913-0400: 143.985: [Full GC (Ergonomics) [PSYoungGen: 73608K->0K(175104K)] [ParOldGen: 472699K->59502K(524288K)] 546307K->59502K(699392K), [Metaspace: 44414K->44414K(1087488K)], 0.0697017 secs] [Times: user=0.35 sys=0.02, real=0.07 secs] 
2016-09-15T11:49:12.083-0400: 144.155: [GC (GCLocker Initiated GC) [PSYoungGen: 88064K->85982K(175104K)] 147923K->170149K(699392K), 0.0151459 secs] [Times: user=0.16 sys=0.01, real=0.02 secs] 
2016-09-15T11:49:12.213-0400: 144.285: [GC (GCLocker Initiated GC) [PSYoungGen: 174046K->73608K(175104K)] 264526K->201257K(699392K), 0.0173277 secs] [Times: user=0.18 sys=0.00, real=0.02 secs] 
2016-09-15T11:49:12.365-0400: 144.437: [GC (Allocation Failure) [PSYoungGen: 161672K->73544K(175104K)] 289402K->219775K(699392K), 0.0100021 secs] [Times: user=0.13 sys=0.00, real=0.01 secs] 
2016-09-15T11:49:12.492-0400: 144.564: [GC (GCLocker Initiated GC) [PSYoungGen: 161608K->67501K(175104K)] 307845K->274623K(699392K), 0.0133366 secs] [Times: user=0.15 sys=0.00, real=0.01 secs] 
2016-09-15T11:49:12.630-0400: 144.702: [GC (GCLocker Initiated GC) [PSYoungGen: 155565K->85726K(175104K)] 362734K->323562K(699392K), 0.0113778 secs] [Times: user=0.12 sys=0.01, real=0.01 secs] 
2016-09-15T11:49:12.754-0400: 144.826: [GC (GCLocker Initiated GC) [PSYoungGen: 173790K->67565K(175104K)] 411762K->348330K(699392K), 0.0255031 secs] [Times: user=0.30 sys=0.01, real=0.03 secs] 
2016-09-15T11:49:12.899-0400: 144.971: [GC (GCLocker Initiated GC) [PSYoungGen: 155629K->73804K(175104K)] 442710K->379238K(699392K), 0.0107642 secs] [Times: user=0.12 sys=0.00, real=0.01 secs] 
2016-09-15T11:49:13.050-0400: 145.121: [GC (GCLocker Initiated GC) [PSYoungGen: 161868K->79779K(175104K)] 473586K->428386K(699392K), 0.0108722 secs] [Times: user=0.11 sys=0.01, real=0.01 secs] 
2016-09-15T11:49:13.171-0400: 145.243: [GC (GCLocker Initiated GC) [PSYoungGen: 167843K->73612K(175104K)] 516783K->422664K(699392K), 0.0156446 secs] [Times: user=0.17 sys=0.00, real=0.01 secs] 
2016-09-15T11:49:13.307-0400: 145.379: [GC (Allocation Failure) [PSYoungGen: 161676K->85562K(175104K)] 516884K->459443K(699392K), 0.0175251 secs] [Times: user=0.20 sys=0.00, real=0.02 secs] 
2016-09-15T11:49:13.453-0400: 145.525: [GC (GCLocker Initiated GC) [PSYoungGen: 169744K->73708K(175104K)] 549700K->484134K(699392K), 0.0200933 secs] [Times: user=0.20 sys=0.00, real=0.02 secs] 
2016-09-15T11:49:13.605-0400: 145.677: [GC (GCLocker Initiated GC) [PSYoungGen: 161772K->85726K(175104K)] 572320K->521029K(699392K), 0.0096602 secs] [Times: user=0.12 sys=0.00, real=0.01 secs] 
2016-09-15T11:49:13.717-0400: 145.788: [GC (GCLocker Initiated GC) [PSYoungGen: 173790K->85822K(175104K)] 609164K->569964K(699392K), 0.0118288 secs] [Times: user=0.16 sys=0.00, real=0.01 secs] 
2016-09-15T11:49:13.729-0400: 145.800: [Full GC (Ergonomics) [PSYoungGen: 85822K->0K(175104K)] [ParOldGen: 484142K->52765K(524288K)] 569964K->52765K(699392K), [Metaspace: 44434K->44434K(1087488K)], 0.0640186 secs] [Times: user=0.41 sys=0.02, real=0.06 secs] 
2016-09-15T11:49:13.906-0400: 145.977: [GC (GCLocker Initiated GC) [PSYoungGen: 88064K->86662K(175104K)] 141201K->145874K(699392K), 0.0082338 secs] [Times: user=0.11 sys=0.00, real=0.01 secs] 
2016-09-15T11:49:14.034-0400: 146.106: [GC (GCLocker Initiated GC) [PSYoungGen: 174726K->79715K(175104K)] 234092K->158453K(699392K), 0.0100228 secs] [Times: user=0.14 sys=0.00, real=0.01 secs] 
2016-09-15T11:49:14.147-0400: 146.219: [GC (GCLocker Initiated GC) [PSYoungGen: 167779K->85986K(175104K)] 246593K->171182K(699392K), 0.0083743 secs] [Times: user=0.10 sys=0.00, real=0.01 secs] 
2016-09-15T11:49:14.322-0400: 146.393: [GC (GCLocker Initiated GC) [PSYoungGen: 174050K->37158K(175104K)] 271567K->189665K(699392K), 0.0191386 secs] [Times: user=0.24 sys=0.00, real=0.02 secs] 
2016-09-15T11:49:14.465-0400: 146.536: [GC (GCLocker Initiated GC) [PSYoungGen: 125222K->85626K(175104K)] 277777K->262789K(699392K), 0.0104226 secs] [Times: user=0.14 sys=0.00, real=0.01 secs] 
2016-09-15T11:49:14.616-0400: 146.688: [GC (GCLocker Initiated GC) [PSYoungGen: 173690K->61622K(175104K)] 357227K->281721K(699392K), 0.0198258 secs] [Times: user=0.24 sys=0.00, real=0.02 secs] 
2016-09-15T11:49:14.765-0400: 146.837: [GC (Allocation Failure) [PSYoungGen: 149686K->73412K(175104K)] 369809K->312083K(699392K), 0.0098566 secs] [Times: user=0.15 sys=0.00, real=0.01 secs] 
2016-09-15T11:49:14.891-0400: 146.963: [GC (GCLocker Initiated GC) [PSYoungGen: 161476K->73804K(175104K)] 400148K->330813K(699392K), 0.0135612 secs] [Times: user=0.16 sys=0.01, real=0.01 secs] 
2016-09-15T11:49:15.015-0400: 147.087: [GC (GCLocker Initiated GC) [PSYoungGen: 161868K->85822K(175104K)] 418992K->385786K(699392K), 0.0161160 secs] [Times: user=0.21 sys=0.00, real=0.02 secs] 
2016-09-15T11:49:15.135-0400: 147.207: [GC (GCLocker Initiated GC) [PSYoungGen: 173886K->73772K(175104K)] 473931K->434711K(699392K), 0.0167829 secs] [Times: user=0.20 sys=0.00, real=0.02 secs] 
2016-09-15T11:49:15.254-0400: 147.325: [GC (GCLocker Initiated GC) [PSYoungGen: 161836K->85822K(175104K)] 528948K->513984K(699392K), 0.0127747 secs] [Times: user=0.15 sys=0.00, real=0.01 secs] 
2016-09-15T11:49:15.391-0400: 147.463: [GC (Allocation Failure) [PSYoungGen: 173886K->67601K(175104K)] 608215K->532588K(699392K), 0.0261315 secs] [Times: user=0.35 sys=0.00, real=0.03 secs] 
2016-09-15T11:49:15.418-0400: 147.489: [Full GC (Ergonomics) [PSYoungGen: 67601K->0K(175104K)] [ParOldGen: 464987K->47273K(524288K)] 532588K->47273K(699392K), [Metaspace: 44434K->44434K(1087488K)], 0.0643694 secs] [Times: user=0.43 sys=0.01, real=0.06 secs] 
2016-09-15T11:49:15.610-0400: 147.682: [GC (GCLocker Initiated GC) [PSYoungGen: 86806K->74224K(175104K)] 140155K->127572K(699392K), 0.0086069 secs] [Times: user=0.11 sys=0.00, real=0.01 secs] 
2016-09-15T11:49:15.763-0400: 147.835: [GC (Allocation Failure) [PSYoungGen: 162288K->55383K(175104K)] 222005K->152605K(699392K), 0.0085950 secs] [Times: user=0.11 sys=0.00, real=0.01 secs] 
2016-09-15T11:49:15.902-0400: 147.974: [GC (GCLocker Initiated GC) [PSYoungGen: 143447K->74000K(175104K)] 240671K->189568K(699392K), 0.0133038 secs] [Times: user=0.15 sys=0.00, real=0.01 secs] 
2016-09-15T11:49:16.052-0400: 148.124: [GC (GCLocker Initiated GC) [PSYoungGen: 162064K->61458K(175104K)] 277708K->207620K(699392K), 0.0209573 secs] [Times: user=0.25 sys=0.00, real=0.02 secs] 
2016-09-15T11:49:16.208-0400: 148.280: [GC (GCLocker Initiated GC) [PSYoungGen: 149522K->73868K(175104K)] 307899K->299229K(699392K), 0.0118118 secs] [Times: user=0.15 sys=0.00, real=0.01 secs] 
2016-09-15T11:49:16.378-0400: 148.450: [GC (Allocation Failure) [PSYoungGen: 161932K->85986K(175104K)] 393405K->360299K(699392K), 0.0179719 secs] [Times: user=0.25 sys=0.00, real=0.02 secs] 
2016-09-15T11:49:16.500-0400: 148.572: [GC (GCLocker Initiated GC) [PSYoungGen: 168622K->73640K(175104K)] 449011K->409003K(699392K), 0.0104211 secs] [Times: user=0.15 sys=0.00, real=0.01 secs] 
2016-09-15T11:49:16.677-0400: 148.749: [GC (GCLocker Initiated GC) [PSYoungGen: 161704K->55287K(175104K)] 503503K->415430K(699392K), 0.0112161 secs] [Times: user=0.12 sys=0.01, real=0.01 secs] 
2016-09-15T11:49:16.836-0400: 148.908: [GC (Allocation Failure) [PSYoungGen: 143351K->55451K(175104K)] 515873K->428256K(699392K), 0.0096307 secs] [Times: user=0.09 sys=0.00, real=0.00 secs] 
2016-09-15T11:49:16.966-0400: 149.038: [GC (GCLocker Initiated GC) [PSYoungGen: 137629K->37162K(175104K)] 516510K->416294K(699392K), 0.0090819 secs] [Times: user=0.10 sys=0.00, real=0.01 secs] 
2016-09-15T11:49:17.081-0400: 149.153: [GC (GCLocker Initiated GC) [PSYoungGen: 125226K->67305K(175104K)] 504406K->483203K(699392K), 0.0205635 secs] [Times: user=0.20 sys=0.00, real=0.02 secs] 
2016-09-15T11:49:17.239-0400: 149.311: [GC (GCLocker Initiated GC) [PSYoungGen: 155369K->55743K(175104K)] 571360K->490094K(699392K), 0.0229698 secs] [Times: user=0.30 sys=0.00, real=0.02 secs] 
2016-09-15T11:49:17.376-0400: 149.447: [GC (Allocation Failure) [PSYoungGen: 143807K->79783K(175104K)] 584348K->520935K(699392K), 0.0094632 secs] [Times: user=0.09 sys=0.01, real=0.00 secs] 
2016-09-15T11:49:17.500-0400: 149.572: [GC (GCLocker Initiated GC) [PSYoungGen: 165750K->43137K(175104K)] 612978K->545331K(699392K), 0.0202742 secs] [Times: user=0.24 sys=0.01, real=0.02 secs] 
2016-09-15T11:49:17.521-0400: 149.592: [Full GC (Ergonomics) [PSYoungGen: 43137K->0K(175104K)] [ParOldGen: 502194K->52978K(524288K)] 545331K->52978K(699392K), [Metaspace: 44434K->44434K(1087488K)], 0.0631383 secs] [Times: user=0.39 sys=0.01, real=0.06 secs] 
2016-09-15T11:49:17.697-0400: 149.769: [GC (GCLocker Initiated GC) [PSYoungGen: 88064K->86242K(175104K)] 141163K->145416K(699392K), 0.0086859 secs] [Times: user=0.12 sys=0.00, real=0.00 secs] 
2016-09-15T11:49:17.831-0400: 149.903: [GC (GCLocker Initiated GC) [PSYoungGen: 174306K->74000K(175104K)] 233532K->170247K(699392K), 0.0126146 secs] [Times: user=0.19 sys=0.01, real=0.01 secs] 
2016-09-15T11:49:17.963-0400: 150.035: [GC (GCLocker Initiated GC) [PSYoungGen: 162064K->61882K(175104K)] 264630K->183153K(699392K), 0.0101868 secs] [Times: user=0.13 sys=0.00, real=0.01 secs] 
2016-09-15T11:49:18.087-0400: 150.159: [GC (GCLocker Initiated GC) [PSYoungGen: 149946K->85858K(175104K)] 271270K->237685K(699392K), 0.0183743 secs] [Times: user=0.22 sys=0.00, real=0.02 secs] 
2016-09-15T11:49:18.239-0400: 150.311: [GC (GCLocker Initiated GC) [PSYoungGen: 173922K->79391K(175104K)] 331944K->261965K(699392K), 0.0181177 secs] [Times: user=0.16 sys=0.00, real=0.02 secs] 
2016-09-15T11:49:18.384-0400: 150.456: [GC (Allocation Failure) [PSYoungGen: 167455K->49052K(175104K)] 356162K->256079K(699392K), 0.0292428 secs] [Times: user=0.28 sys=0.00, real=0.03 secs] 
2016-09-15T11:49:18.513-0400: 150.585: [GC (GCLocker Initiated GC) [PSYoungGen: 133447K->55319K(175104K)] 346550K->311230K(699392K), 0.0180456 secs] [Times: user=0.21 sys=0.00, real=0.02 secs] 
2016-09-15T11:49:18.647-0400: 150.719: [GC (GCLocker Initiated GC) [PSYoungGen: 143383K->79719K(175104K)] 399397K->336001K(699392K), 0.0106343 secs] [Times: user=0.09 sys=0.00, real=0.02 secs] 
2016-09-15T11:49:18.776-0400: 150.847: [GC (GCLocker Initiated GC) [PSYoungGen: 167783K->49180K(175104K)] 424252K->372930K(699392K), 0.0197671 secs] [Times: user=0.22 sys=0.00, real=0.01 secs] 
2016-09-15T11:49:18.909-0400: 150.981: [GC (GCLocker Initiated GC) [PSYoungGen: 137244K->37030K(175104K)] 467116K->415770K(699392K), 0.0120053 secs] [Times: user=0.11 sys=0.01, real=0.01 secs] 
2016-09-15T11:49:19.043-0400: 151.115: [GC (GCLocker Initiated GC) [PSYoungGen: 125094K->85662K(175104K)] 503910K->482970K(699392K), 0.0151700 secs] [Times: user=0.17 sys=0.01, real=0.02 secs] 
2016-09-15T11:49:19.171-0400: 151.243: [GC (GCLocker Initiated GC) [PSYoungGen: 173726K->55283K(175104K)] 571648K->508180K(699392K), 0.0099088 secs] [Times: user=0.13 sys=0.01, real=0.01 secs] 
2016-09-15T11:49:19.181-0400: 151.253: [Full GC (Ergonomics) [PSYoungGen: 55283K->0K(175104K)] [ParOldGen: 452897K->47267K(524288K)] 508180K->47267K(699392K), [Metaspace: 44434K->44434K(1087488K)], 0.0597483 secs] [Times: user=0.47 sys=0.00, real=0.06 secs] 
2016-09-15T11:49:19.353-0400: 151.425: [GC (GCLocker Initiated GC) [PSYoungGen: 88064K->86078K(175104K)] 141724K->145813K(699392K), 0.0156044 secs] [Times: user=0.23 sys=0.00, real=0.02 secs] 
2016-09-15T11:49:19.496-0400: 151.567: [GC (Allocation Failure) [PSYoungGen: 174142K->73804K(175104K)] 234232K->170900K(699392K), 0.0094230 secs] [Times: user=0.11 sys=0.00, real=0.01 secs] 
2016-09-15T11:49:19.623-0400: 151.695: [GC (GCLocker Initiated GC) [PSYoungGen: 161868K->85662K(175104K)] 258970K->207175K(699392K), 0.0192139 secs] [Times: user=0.21 sys=0.00, real=0.02 secs] 
2016-09-15T11:49:19.814-0400: 151.885: [GC (GCLocker Initiated GC) [PSYoungGen: 173726K->19456K(175104K)] 319799K->183875K(699392K), 0.0221203 secs] [Times: user=0.26 sys=0.00, real=0.03 secs] 
2016-09-15T11:49:19.974-0400: 152.045: [GC (GCLocker Initiated GC) [PSYoungGen: 107520K->55351K(175104K)] 272268K->220530K(699392K), 0.0101663 secs] [Times: user=0.08 sys=0.00, real=0.01 secs] 
2016-09-15T11:49:20.107-0400: 152.178: [GC (GCLocker Initiated GC) [PSYoungGen: 143415K->37194K(175104K)] 320964K->233072K(699392K), 0.0231638 secs] [Times: user=0.31 sys=0.00, real=0.03 secs] 
2016-09-15T11:49:20.258-0400: 152.330: [GC (GCLocker Initiated GC) [PSYoungGen: 125258K->61458K(175104K)] 333367K->288075K(699392K), 0.0096766 secs] [Times: user=0.08 sys=0.00, real=0.01 secs] 
2016-09-15T11:49:20.408-0400: 152.480: [GC (GCLocker Initiated GC) [PSYoungGen: 149522K->73772K(175104K)] 382306K->337247K(699392K), 0.0141913 secs] [Times: user=0.19 sys=0.01, real=0.01 secs] 
2016-09-15T11:49:20.543-0400: 152.615: [GC (GCLocker Initiated GC) [PSYoungGen: 161836K->67597K(175104K)] 425532K->368042K(699392K), 0.0101586 secs] [Times: user=0.12 sys=0.00, real=0.01 secs] 
2016-09-15T11:49:20.705-0400: 152.777: [GC (GCLocker Initiated GC) [PSYoungGen: 155661K->73804K(175104K)] 462492K->398988K(699392K), 0.0083652 secs] [Times: user=0.11 sys=0.00, real=0.01 secs] 
2016-09-15T11:49:20.862-0400: 152.934: [GC (Allocation Failure) [PSYoungGen: 161868K->55579K(175104K)] 499540K->411775K(699392K), 0.0086670 secs] [Times: user=0.12 sys=0.00, real=0.01 secs] 
2016-09-15T11:49:21.002-0400: 153.074: [GC (GCLocker Initiated GC) [PSYoungGen: 138651K->55547K(175104K)] 500922K->417954K(699392K), 0.0079780 secs] [Times: user=0.09 sys=0.00, real=0.01 secs] 
2016-09-15T11:49:21.109-0400: 153.181: [GC (GCLocker Initiated GC) [PSYoungGen: 143611K->55187K(175104K)] 512270K->484880K(699392K), 0.0099053 secs] [Times: user=0.11 sys=0.00, real=0.01 secs] 
2016-09-15T11:49:21.246-0400: 153.317: [GC (GCLocker Initiated GC) [PSYoungGen: 143251K->86445K(175104K)] 573240K->534803K(699392K), 0.0105241 secs] [Times: user=0.14 sys=0.00, real=0.02 secs] 
2016-09-15T11:49:21.391-0400: 153.462: [GC (Allocation Failure) [PSYoungGen: 174509K->18545K(175104K)] 629128K->491960K(699392K), 0.0109935 secs] [Times: user=0.11 sys=0.00, real=0.01 secs] 
2016-09-15T11:49:21.402-0400: 153.473: [Full GC (Ergonomics) [PSYoungGen: 18545K->0K(175104K)] [ParOldGen: 473415K->35097K(524288K)] 491960K->35097K(699392K), [Metaspace: 44450K->44450K(1087488K)], 0.0610832 secs] [Times: user=0.39 sys=0.02, real=0.06 secs] 
2016-09-15T11:49:21.563-0400: 153.635: [GC (GCLocker Initiated GC) [PSYoungGen: 88064K->79583K(175104K)] 123161K->114680K(699392K), 0.0099593 secs] [Times: user=0.13 sys=0.00, real=0.01 secs] 
2016-09-15T11:49:21.692-0400: 153.764: [GC (GCLocker Initiated GC) [PSYoungGen: 167647K->61526K(175104K)] 202927K->121217K(699392K), 0.0307940 secs] [Times: user=0.34 sys=0.00, real=0.03 secs] 
2016-09-15T11:49:21.838-0400: 153.910: [GC (GCLocker Initiated GC) [PSYoungGen: 149590K->85758K(175104K)] 209642K->152341K(699392K), 0.0175512 secs] [Times: user=0.22 sys=0.00, real=0.02 secs] 
2016-09-15T11:49:21.999-0400: 154.071: [GC (GCLocker Initiated GC) [PSYoungGen: 173822K->49472K(175104K)] 246527K->158723K(699392K), 0.0143948 secs] [Times: user=0.15 sys=0.02, real=0.01 secs] 
2016-09-15T11:49:22.109-0400: 154.181: [GC (GCLocker Initiated GC) [PSYoungGen: 137536K->73672K(175104K)] 247154K->220048K(699392K), 0.0104956 secs] [Times: user=0.11 sys=0.00, real=0.01 secs] 
2016-09-15T11:49:22.241-0400: 154.312: [GC (GCLocker Initiated GC) [PSYoungGen: 161736K->86250K(175104K)] 314263K->263196K(699392K), 0.0166517 secs] [Times: user=0.19 sys=0.00, real=0.02 secs] 
2016-09-15T11:49:22.411-0400: 154.482: [GC (GCLocker Initiated GC) [PSYoungGen: 174314K->55091K(175104K)] 357490K->281060K(699392K), 0.0203932 secs] [Times: user=0.22 sys=0.00, real=0.02 secs] 
2016-09-15T11:49:22.579-0400: 154.651: [GC (GCLocker Initiated GC) [PSYoungGen: 143155K->85498K(175104K)] 375397K->330026K(699392K), 0.0118793 secs] [Times: user=0.13 sys=0.00, real=0.01 secs] 
2016-09-15T11:49:22.700-0400: 154.771: [GC (Allocation Failure) [PSYoungGen: 173562K->61558K(175104K)] 418317K->355016K(699392K), 0.0119204 secs] [Times: user=0.10 sys=0.00, real=0.01 secs] 
2016-09-15T11:49:22.834-0400: 154.906: [GC (GCLocker Initiated GC) [PSYoungGen: 149622K->85954K(175104K)] 443086K->404189K(699392K), 0.0133880 secs] [Times: user=0.19 sys=0.00, real=0.01 secs] 
2016-09-15T11:49:22.955-0400: 155.026: [GC (GCLocker Initiated GC) [PSYoungGen: 174018K->43037K(175104K)] 498382K->422219K(699392K), 0.0151412 secs] [Times: user=0.19 sys=0.00, real=0.02 secs] 
2016-09-15T11:49:23.096-0400: 155.168: [GC (GCLocker Initiated GC) [PSYoungGen: 131101K->74359K(175104K)] 516529K->478164K(699392K), 0.0087357 secs] [Times: user=0.11 sys=0.00, real=0.00 secs] 
2016-09-15T11:49:23.253-0400: 155.325: [GC (GCLocker Initiated GC) [PSYoungGen: 162423K->43137K(175104K)] 578571K->478252K(699392K), 0.0274348 secs] [Times: user=0.34 sys=0.01, real=0.03 secs] 
2016-09-15T11:49:23.415-0400: 155.487: [GC (Allocation Failure) [PSYoungGen: 131201K->55223K(175104K)] 572450K->526966K(699392K), 0.0227705 secs] [Times: user=0.29 sys=0.01, real=0.03 secs] 
2016-09-15T11:49:23.438-0400: 155.510: [Full GC (Ergonomics) [PSYoungGen: 55223K->0K(175104K)] [ParOldGen: 471743K->47215K(524288K)] 526966K->47215K(699392K), [Metaspace: 44451K->44451K(1087488K)], 0.0620217 secs] [Times: user=0.41 sys=0.01, real=0.06 secs] 
2016-09-15T11:49:23.589-0400: 155.661: [GC (GCLocker Initiated GC) [PSYoungGen: 88061K->86498K(175104K)] 135282K->164093K(699392K), 0.0159461 secs] [Times: user=0.18 sys=0.01, real=0.01 secs] 
2016-09-15T11:49:23.706-0400: 155.778: [GC (GCLocker Initiated GC) [PSYoungGen: 174562K->67337K(175104K)] 252194K->194537K(699392K), 0.0138936 secs] [Times: user=0.15 sys=0.00, real=0.02 secs] 
2016-09-15T11:49:23.831-0400: 155.903: [GC (GCLocker Initiated GC) [PSYoungGen: 155401K->49376K(175104K)] 282823K->255908K(699392K), 0.0209385 secs] [Times: user=0.22 sys=0.02, real=0.02 secs] 
2016-09-15T11:49:23.986-0400: 156.057: [GC (GCLocker Initiated GC) [PSYoungGen: 137440K->43069K(175104K)] 350139K->298585K(699392K), 0.0093087 secs] [Times: user=0.09 sys=0.00, real=0.01 secs] 
2016-09-15T11:49:24.102-0400: 156.174: [GC (GCLocker Initiated GC) [PSYoungGen: 131133K->85630K(175104K)] 392771K->359546K(699392K), 0.0199026 secs] [Times: user=0.21 sys=0.00, real=0.02 secs] 
2016-09-15T11:49:24.261-0400: 156.333: [GC (Allocation Failure) [PSYoungGen: 173694K->24848K(175104K)] 466151K->366164K(699392K), 0.0207134 secs] [Times: user=0.24 sys=0.01, real=0.02 secs] 
2016-09-15T11:49:24.417-0400: 156.489: [GC (GCLocker Initiated GC) [PSYoungGen: 112912K->73512K(175104K)] 454234K->414938K(699392K), 0.0105579 secs] [Times: user=0.09 sys=0.01, real=0.01 secs] 
2016-09-15T11:49:24.570-0400: 156.642: [GC (GCLocker Initiated GC) [PSYoungGen: 161576K->37226K(175104K)] 515288K->391206K(699392K), 0.0113046 secs] [Times: user=0.11 sys=0.00, real=0.01 secs] 
2016-09-15T11:49:24.713-0400: 156.784: [GC (GCLocker Initiated GC) [PSYoungGen: 125290K->19032K(175104K)] 497654K->409889K(699392K), 0.0086881 secs] [Times: user=0.09 sys=0.00, real=0.01 secs] 
2016-09-15T11:49:24.851-0400: 156.922: [GC (GCLocker Initiated GC) [PSYoungGen: 107096K->73416K(175104K)] 510274K->476681K(699392K), 0.0180397 secs] [Times: user=0.18 sys=0.00, real=0.02 secs] 
2016-09-15T11:49:25.003-0400: 157.074: [GC (GCLocker Initiated GC) [PSYoungGen: 161480K->43201K(175104K)] 570862K->464852K(699392K), 0.0185425 secs] [Times: user=0.21 sys=0.00, real=0.02 secs] 
2016-09-15T11:49:25.141-0400: 157.213: [GC (Allocation Failure) [PSYoungGen: 131265K->73576K(175104K)] 552964K->513831K(699392K), 0.0153578 secs] [Times: user=0.19 sys=0.00, real=0.02 secs] 
2016-09-15T11:49:25.293-0400: 157.364: [GC (GCLocker Initiated GC) [PSYoungGen: 160011K->55091K(175104K)] 606341K->544206K(699392K), 0.0317895 secs] [Times: user=0.33 sys=0.00, real=0.03 secs] 
2016-09-15T11:49:25.325-0400: 157.396: [Full GC (Ergonomics) [PSYoungGen: 55091K->0K(175104K)] [ParOldGen: 489115K->47632K(524288K)] 544206K->47632K(699392K), [Metaspace: 44452K->44452K(1087488K)], 0.0640443 secs] [Times: user=0.48 sys=0.00, real=0.07 secs] 
2016-09-15T11:49:25.501-0400: 157.572: [GC (GCLocker Initiated GC) [PSYoungGen: 88064K->86110K(175104K)] 141824K->145945K(699392K), 0.0099934 secs] [Times: user=0.10 sys=0.00, real=0.01 secs] 
2016-09-15T11:49:25.604-0400: 157.676: [GC (GCLocker Initiated GC) [PSYoungGen: 174174K->85986K(175104K)] 234073K->195229K(699392K), 0.0128098 secs] [Times: user=0.16 sys=0.01, real=0.02 secs] 
2016-09-15T11:49:25.721-0400: 157.792: [GC (Allocation Failure) [PSYoungGen: 174050K->55515K(175104K)] 283497K->213837K(699392K), 0.0264268 secs] [Times: user=0.35 sys=0.00, real=0.02 secs] 
2016-09-15T11:49:25.856-0400: 157.927: [GC (GCLocker Initiated GC) [PSYoungGen: 143579K->61426K(175104K)] 301907K->268466K(699392K), 0.0114823 secs] [Times: user=0.12 sys=0.00, real=0.00 secs] 
2016-09-15T11:49:26.012-0400: 158.084: [GC (GCLocker Initiated GC) [PSYoungGen: 149490K->55679K(175104K)] 368850K->275323K(699392K), 0.0147334 secs] [Times: user=0.20 sys=0.00, real=0.01 secs] 
2016-09-15T11:49:26.160-0400: 158.231: [GC (GCLocker Initiated GC) [PSYoungGen: 143743K->79487K(175104K)] 369493K->323745K(699392K), 0.0159103 secs] [Times: user=0.17 sys=0.00, real=0.02 secs] 
2016-09-15T11:49:26.296-0400: 158.368: [GC (GCLocker Initiated GC) [PSYoungGen: 167551K->79779K(175104K)] 418049K->372937K(699392K), 0.0220633 secs] [Times: user=0.27 sys=0.00, real=0.02 secs] 
2016-09-15T11:49:26.457-0400: 158.528: [GC (GCLocker Initiated GC) [PSYoungGen: 167843K->49244K(175104K)] 473255K->403539K(699392K), 0.0102941 secs] [Times: user=0.09 sys=0.01, real=0.00 secs] 
2016-09-15T11:49:26.598-0400: 158.670: [GC (GCLocker Initiated GC) [PSYoungGen: 137308K->43041K(175104K)] 491657K->415858K(699392K), 0.0199633 secs] [Times: user=0.15 sys=0.01, real=0.02 secs] 
2016-09-15T11:49:26.725-0400: 158.797: [GC (GCLocker Initiated GC) [PSYoungGen: 131105K->73608K(175104K)] 504030K->483127K(699392K), 0.0139842 secs] [Times: user=0.15 sys=0.01, real=0.02 secs] 
2016-09-15T11:49:26.860-0400: 158.931: [GC (GCLocker Initiated GC) [PSYoungGen: 161672K->85562K(175104K)] 571272K->519769K(699392K), 0.0099030 secs] [Times: user=0.11 sys=0.00, real=0.01 secs] 
2016-09-15T11:49:26.995-0400: 159.066: [GC (Allocation Failure) [PSYoungGen: 173626K->67533K(175104K)] 608188K->520480K(699392K), 0.0107078 secs] [Times: user=0.12 sys=0.00, real=0.01 secs] 
2016-09-15T11:49:27.108-0400: 159.180: [Full GC (Ergonomics) [PSYoungGen: 154445K->0K(175104K)] [ParOldGen: 459022K->53930K(524288K)] 613467K->53930K(699392K), [Metaspace: 44462K->44462K(1087488K)], 0.0662352 secs] [Times: user=0.46 sys=0.01, real=0.06 secs] 
2016-09-15T11:49:27.284-0400: 159.356: [GC (Allocation Failure) [PSYoungGen: 88064K->86078K(175104K)] 142136K->146225K(699392K), 0.0133086 secs] [Times: user=0.12 sys=0.00, real=0.02 secs] 
2016-09-15T11:49:27.428-0400: 159.500: [GC (GCLocker Initiated GC) [PSYoungGen: 171345K->61522K(175104K)] 237568K->164750K(699392K), 0.0198868 secs] [Times: user=0.23 sys=0.00, real=0.02 secs] 
2016-09-15T11:49:27.556-0400: 159.628: [GC (Allocation Failure) [PSYoungGen: 149586K->73612K(175104K)] 253029K->177322K(699392K), 0.0098567 secs] [Times: user=0.06 sys=0.00, real=0.00 secs] 
2016-09-15T11:49:27.689-0400: 159.760: [GC (GCLocker Initiated GC) [PSYoungGen: 161676K->61490K(175104K)] 265392K->250744K(699392K), 0.0112606 secs] [Times: user=0.15 sys=0.01, real=0.01 secs] 
2016-09-15T11:49:27.822-0400: 159.894: [GC (GCLocker Initiated GC) [PSYoungGen: 149554K->86150K(175104K)] 339169K->281983K(699392K), 0.0091762 secs] [Times: user=0.11 sys=0.01, real=0.01 secs] 
2016-09-15T11:49:27.962-0400: 160.034: [GC (GCLocker Initiated GC) [PSYoungGen: 174214K->43105K(175104K)] 370375K->276139K(699392K), 0.0134315 secs] [Times: user=0.11 sys=0.00, real=0.02 secs] 
2016-09-15T11:49:28.098-0400: 160.170: [GC (GCLocker Initiated GC) [PSYoungGen: 131169K->73772K(175104K)] 364452K->325375K(699392K), 0.0086683 secs] [Times: user=0.09 sys=0.00, real=0.00 secs] 
2016-09-15T11:49:28.227-0400: 160.299: [GC (GCLocker Initiated GC) [PSYoungGen: 161836K->61622K(175104K)] 413701K->332011K(699392K), 0.0101818 secs] [Times: user=0.11 sys=0.00, real=0.02 secs] 
2016-09-15T11:49:28.350-0400: 160.421: [GC (GCLocker Initiated GC) [PSYoungGen: 149686K->85854K(175104K)] 420178K->386873K(699392K), 0.0080293 secs] [Times: user=0.11 sys=0.00, real=0.01 secs] 
2016-09-15T11:49:28.473-0400: 160.544: [GC (GCLocker Initiated GC) [PSYoungGen: 173918K->85790K(175104K)] 475270K->411757K(699392K), 0.0216407 secs] [Times: user=0.30 sys=0.00, real=0.02 secs] 
2016-09-15T11:49:28.644-0400: 160.715: [GC (GCLocker Initiated GC) [PSYoungGen: 173854K->37713K(175104K)] 518390K->400767K(699392K), 0.0081162 secs] [Times: user=0.10 sys=0.00, real=0.01 secs] 
2016-09-15T11:49:28.795-0400: 160.867: [GC (GCLocker Initiated GC) [PSYoungGen: 125777K->55127K(175104K)] 488873K->418481K(699392K), 0.0090789 secs] [Times: user=0.07 sys=0.01, real=0.01 secs] 
2016-09-15T11:49:28.918-0400: 160.989: [GC (GCLocker Initiated GC) [PSYoungGen: 143191K->79683K(175104K)] 506570K->497865K(699392K), 0.0108028 secs] [Times: user=0.12 sys=0.00, real=0.01 secs] 
2016-09-15T11:49:29.070-0400: 161.141: [GC (GCLocker Initiated GC) [PSYoungGen: 167747K->37190K(175104K)] 598367K->522792K(699392K), 0.0083452 secs] [Times: user=0.11 sys=0.00, real=0.01 secs] 
2016-09-15T11:49:29.078-0400: 161.150: [Full GC (Ergonomics) [PSYoungGen: 37190K->0K(175104K)] [ParOldGen: 485602K->47846K(524288K)] 522792K->47846K(699392K), [Metaspace: 44462K->44462K(1087488K)], 0.0669604 secs] [Times: user=0.54 sys=0.02, real=0.06 secs] 
2016-09-15T11:49:29.236-0400: 161.308: [GC (GCLocker Initiated GC) [PSYoungGen: 88064K->86078K(175104K)] 136042K->188732K(699392K), 0.0111093 secs] [Times: user=0.15 sys=0.00, real=0.01 secs] 
2016-09-15T11:49:29.368-0400: 161.440: [GC (GCLocker Initiated GC) [PSYoungGen: 174142K->55415K(175104K)] 277140K->244042K(699392K), 0.0114979 secs] [Times: user=0.16 sys=0.00, real=0.01 secs] 
2016-09-15T11:49:29.503-0400: 161.575: [GC (Allocation Failure) [PSYoungGen: 143479K->43201K(175104K)] 332400K->280997K(699392K), 0.0165802 secs] [Times: user=0.22 sys=0.00, real=0.02 secs] 
2016-09-15T11:49:29.640-0400: 161.711: [GC (GCLocker Initiated GC) [PSYoungGen: 126214K->74164K(175104K)] 370086K->318179K(699392K), 0.0078166 secs] [Times: user=0.10 sys=0.00, real=0.00 secs] 
2016-09-15T11:49:29.807-0400: 161.878: [GC (GCLocker Initiated GC) [PSYoungGen: 162228K->43105K(175104K)] 412572K->311926K(699392K), 0.0134066 secs] [Times: user=0.10 sys=0.01, real=0.02 secs] 
2016-09-15T11:49:29.928-0400: 162.000: [GC (GCLocker Initiated GC) [PSYoungGen: 131169K->85854K(175104K)] 400172K->379333K(699392K), 0.0115617 secs] [Times: user=0.16 sys=0.00, real=0.01 secs] 
2016-09-15T11:49:30.049-0400: 162.121: [GC (GCLocker Initiated GC) [PSYoungGen: 173918K->73904K(175104K)] 467690K->410297K(699392K), 0.0134778 secs] [Times: user=0.11 sys=0.00, real=0.01 secs] 
2016-09-15T11:49:30.199-0400: 162.270: [GC (GCLocker Initiated GC) [PSYoungGen: 161968K->73804K(175104K)] 498633K->410752K(699392K), 0.0083091 secs] [Times: user=0.08 sys=0.01, real=0.00 secs] 
2016-09-15T11:49:30.312-0400: 162.384: [GC (GCLocker Initiated GC) [PSYoungGen: 161868K->79583K(175104K)] 498937K->447326K(699392K), 0.0121660 secs] [Times: user=0.15 sys=0.01, real=0.01 secs] 
2016-09-15T11:49:30.438-0400: 162.509: [GC (GCLocker Initiated GC) [PSYoungGen: 167647K->86182K(175104K)] 541484K->508779K(699392K), 0.0110858 secs] [Times: user=0.13 sys=0.00, real=0.01 secs] 
2016-09-15T11:49:30.583-0400: 162.654: [GC (Allocation Failure) [PSYoungGen: 174246K->73804K(175104K)] 597069K->527653K(699392K), 0.0114156 secs] [Times: user=0.16 sys=0.00, real=0.01 secs] 
2016-09-15T11:49:30.594-0400: 162.666: [Full GC (Ergonomics) [PSYoungGen: 73804K->0K(175104K)] [ParOldGen: 453849K->48252K(524288K)] 527653K->48252K(699392K), [Metaspace: 44473K->44473K(1087488K)], 0.0584234 secs] [Times: user=0.39 sys=0.01, real=0.06 secs] 
2016-09-15T11:49:30.777-0400: 162.848: [GC (GCLocker Initiated GC) [PSYoungGen: 88064K->67501K(175104K)] 136322K->115759K(699392K), 0.0108572 secs] [Times: user=0.08 sys=0.00, real=0.01 secs] 
2016-09-15T11:49:30.895-0400: 162.967: [GC (GCLocker Initiated GC) [PSYoungGen: 155565K->85790K(175104K)] 204117K->171075K(699392K), 0.0196322 secs] [Times: user=0.23 sys=0.01, real=0.02 secs] 
2016-09-15T11:49:31.044-0400: 163.116: [GC (GCLocker Initiated GC) [PSYoungGen: 173854K->49440K(175104K)] 259400K->177607K(699392K), 0.0314309 secs] [Times: user=0.36 sys=0.00, real=0.03 secs] 
2016-09-15T11:49:31.171-0400: 163.242: [GC (GCLocker Initiated GC) [PSYoungGen: 137504K->73772K(175104K)] 272101K->208653K(699392K), 0.0083293 secs] [Times: user=0.10 sys=0.00, real=0.01 secs] 
2016-09-15T11:49:31.290-0400: 163.361: [GC (GCLocker Initiated GC) [PSYoungGen: 161836K->85822K(175104K)] 302895K->257563K(699392K), 0.0107399 secs] [Times: user=0.15 sys=0.00, real=0.01 secs] 
2016-09-15T11:49:31.445-0400: 163.517: [GC (GCLocker Initiated GC) [PSYoungGen: 173886K->49340K(175104K)] 345871K->282382K(699392K), 0.0105794 secs] [Times: user=0.12 sys=0.00, real=0.02 secs] 
2016-09-15T11:49:31.582-0400: 163.654: [GC (GCLocker Initiated GC) [PSYoungGen: 137404K->55159K(175104K)] 376821K->294827K(699392K), 0.0095990 secs] [Times: user=0.06 sys=0.01, real=0.01 secs] 
2016-09-15T11:49:31.697-0400: 163.769: [GC (GCLocker Initiated GC) [PSYoungGen: 143223K->73736K(175104K)] 383252K->332298K(699392K), 0.0086858 secs] [Times: user=0.13 sys=0.00, real=0.00 secs] 
2016-09-15T11:49:31.841-0400: 163.913: [GC (Allocation Failure) [PSYoungGen: 161800K->86182K(175104K)] 420583K->381558K(699392K), 0.0110701 secs] [Times: user=0.14 sys=0.01, real=0.01 secs] 
2016-09-15T11:49:31.981-0400: 164.052: [GC (GCLocker Initiated GC) [PSYoungGen: 174245K->49276K(175104K)] 469627K->393705K(699392K), 0.0110308 secs] [Times: user=0.14 sys=0.01, real=0.01 secs] 
2016-09-15T11:49:32.094-0400: 164.166: [GC (GCLocker Initiated GC) [PSYoungGen: 137340K->85822K(175104K)] 481817K->479215K(699392K), 0.0104621 secs] [Times: user=0.16 sys=0.00, real=0.01 secs] 
2016-09-15T11:49:32.231-0400: 164.303: [GC (Allocation Failure) [PSYoungGen: 173886K->79683K(175104K)] 567578K->491908K(699392K), 0.0111854 secs] [Times: user=0.14 sys=0.00, real=0.01 secs] 
2016-09-15T11:49:32.359-0400: 164.431: [GC (Allocation Failure) [PSYoungGen: 167691K->55479K(175104K)] 579916K->510724K(699392K), 0.0089904 secs] [Times: user=0.10 sys=0.00, real=0.01 secs] 
2016-09-15T11:49:32.368-0400: 164.440: [Full GC (Ergonomics) [PSYoungGen: 55479K->0K(175104K)] [ParOldGen: 455245K->48281K(524288K)] 510724K->48281K(699392K), [Metaspace: 44473K->44473K(1087488K)], 0.0648213 secs] [Times: user=0.49 sys=0.02, real=0.06 secs] 
2016-09-15T11:49:32.535-0400: 164.607: [GC (GCLocker Initiated GC) [PSYoungGen: 88064K->86374K(175104K)] 136351K->140736K(699392K), 0.0101160 secs] [Times: user=0.10 sys=0.01, real=0.01 secs] 
2016-09-15T11:49:32.699-0400: 164.771: [GC (GCLocker Initiated GC) [PSYoungGen: 174438K->37190K(175104K)] 241103K->123136K(699392K), 0.0094345 secs] [Times: user=0.10 sys=0.01, real=0.01 secs] 
2016-09-15T11:49:32.842-0400: 164.914: [GC (GCLocker Initiated GC) [PSYoungGen: 125254K->79683K(175104K)] 223397K->178110K(699392K), 0.0135402 secs] [Times: user=0.17 sys=0.01, real=0.01 secs] 
2016-09-15T11:49:32.963-0400: 165.034: [GC (GCLocker Initiated GC) [PSYoungGen: 167747K->55579K(175104K)] 272520K->203021K(699392K), 0.0092940 secs] [Times: user=0.11 sys=0.00, real=0.01 secs] 
2016-09-15T11:49:33.104-0400: 165.176: [GC (GCLocker Initiated GC) [PSYoungGen: 143643K->73608K(175104K)] 291339K->239804K(699392K), 0.0172345 secs] [Times: user=0.22 sys=0.01, real=0.02 secs] 
2016-09-15T11:49:33.272-0400: 165.344: [GC (GCLocker Initiated GC) [PSYoungGen: 161672K->55611K(175104K)] 340307K->252583K(699392K), 0.0128767 secs] [Times: user=0.13 sys=0.01, real=0.01 secs] 
2016-09-15T11:49:33.422-0400: 165.493: [GC (GCLocker Initiated GC) [PSYoungGen: 143675K->67533K(175104K)] 346965K->271303K(699392K), 0.0093228 secs] [Times: user=0.11 sys=0.00, real=0.01 secs] 
2016-09-15T11:49:33.546-0400: 165.618: [GC (Allocation Failure) [PSYoungGen: 155597K->37258K(175104K)] 365679K->277811K(699392K), 0.0092542 secs] [Times: user=0.07 sys=0.00, real=0.02 secs] 
2016-09-15T11:49:33.680-0400: 165.752: [GC (GCLocker Initiated GC) [PSYoungGen: 121218K->55679K(175104K)] 367846K->320987K(699392K), 0.0079646 secs] [Times: user=0.07 sys=0.00, real=0.01 secs] 
2016-09-15T11:49:33.813-0400: 165.885: [GC (Allocation Failure) [PSYoungGen: 143743K->86346K(175104K)] 409339K->358161K(699392K), 0.0163929 secs] [Times: user=0.21 sys=0.00, real=0.02 secs] 
2016-09-15T11:49:33.961-0400: 166.033: [GC (GCLocker Initiated GC) [PSYoungGen: 174410K->55547K(175104K)] 446230K->364273K(699392K), 0.0155108 secs] [Times: user=0.22 sys=0.01, real=0.02 secs] 
2016-09-15T11:49:34.070-0400: 166.142: [GC (GCLocker Initiated GC) [PSYoungGen: 143611K->85854K(175104K)] 452395K->449473K(699392K), 0.0105573 secs] [Times: user=0.15 sys=0.00, real=0.01 secs] 
2016-09-15T11:49:34.211-0400: 166.282: [GC (GCLocker Initiated GC) [PSYoungGen: 173918K->55479K(175104K)] 550015K->492641K(699392K), 0.0106139 secs] [Times: user=0.14 sys=0.00, real=0.01 secs] 
2016-09-15T11:49:34.332-0400: 166.403: [GC (Allocation Failure) [PSYoungGen: 143543K->73380K(175104K)] 580903K->511032K(699392K), 0.0130408 secs] [Times: user=0.13 sys=0.00, real=0.01 secs] 
2016-09-15T11:49:34.464-0400: 166.535: [GC (GCLocker Initiated GC) [PSYoungGen: 161444K->61430K(175104K)] 599102K->535641K(699392K), 0.0124162 secs] [Times: user=0.10 sys=0.00, real=0.02 secs] 
2016-09-15T11:49:34.476-0400: 166.548: [Full GC (Ergonomics) [PSYoungGen: 61430K->0K(175104K)] [ParOldGen: 474211K->54457K(524288K)] 535641K->54457K(699392K), [Metaspace: 44478K->44478K(1087488K)], 0.0677293 secs] [Times: user=0.38 sys=0.01, real=0.06 secs] 
2016-09-15T11:49:34.676-0400: 166.748: [GC (GCLocker Initiated GC) [PSYoungGen: 88064K->86046K(175104K)] 154808K->158865K(699392K), 0.0113644 secs] [Times: user=0.13 sys=0.00, real=0.00 secs] 
2016-09-15T11:49:34.830-0400: 166.902: [GC (GCLocker Initiated GC) [PSYoungGen: 174110K->85890K(175104K)] 253053K->201838K(699392K), 0.0129325 secs] [Times: user=0.16 sys=0.00, real=0.01 secs] 
2016-09-15T11:49:34.986-0400: 167.058: [GC (Allocation Failure) [PSYoungGen: 173954K->37126K(175104K)] 289972K->202208K(699392K), 0.0096216 secs] [Times: user=0.11 sys=0.00, real=0.01 secs] 
2016-09-15T11:49:35.094-0400: 167.166: [GC (GCLocker Initiated GC) [PSYoungGen: 120400K->55315K(175104K)] 291557K->281454K(699392K), 0.0183797 secs] [Times: user=0.21 sys=0.00, real=0.02 secs] 
2016-09-15T11:49:35.241-0400: 167.313: [GC (GCLocker Initiated GC) [PSYoungGen: 143379K->73740K(175104K)] 369762K->300258K(699392K), 0.0101123 secs] [Times: user=0.12 sys=0.00, real=0.01 secs] 
2016-09-15T11:49:35.399-0400: 167.471: [GC (GCLocker Initiated GC) [PSYoungGen: 161804K->37325K(175104K)] 400733K->294747K(699392K), 0.0119955 secs] [Times: user=0.09 sys=0.01, real=0.01 secs] 
2016-09-15T11:49:35.512-0400: 167.584: [GC (GCLocker Initiated GC) [PSYoungGen: 125389K->43005K(175104K)] 382931K->331361K(699392K), 0.0206267 secs] [Times: user=0.26 sys=0.00, real=0.02 secs] 
2016-09-15T11:49:35.672-0400: 167.744: [GC (GCLocker Initiated GC) [PSYoungGen: 131069K->55906K(175104K)] 431762K->374968K(699392K), 0.0140371 secs] [Times: user=0.18 sys=0.00, real=0.01 secs] 
2016-09-15T11:49:35.807-0400: 167.878: [GC (GCLocker Initiated GC) [PSYoungGen: 143970K->55123K(175104K)] 463315K->375079K(699392K), 0.0169986 secs] [Times: user=0.19 sys=0.01, real=0.02 secs] 
2016-09-15T11:49:35.969-0400: 168.040: [GC (GCLocker Initiated GC) [PSYoungGen: 143187K->37877K(175104K)] 469456K->382523K(699392K), 0.0146230 secs] [Times: user=0.16 sys=0.02, real=0.01 secs] 
2016-09-15T11:49:36.108-0400: 168.180: [GC (GCLocker Initiated GC) [PSYoungGen: 125941K->55383K(175104K)] 482963K->412828K(699392K), 0.0092096 secs] [Times: user=0.08 sys=0.01, real=0.01 secs] 
2016-09-15T11:49:36.266-0400: 168.338: [GC (GCLocker Initiated GC) [PSYoungGen: 143447K->74000K(175104K)] 500973K->449902K(699392K), 0.0093964 secs] [Times: user=0.13 sys=0.00, real=0.02 secs] 
2016-09-15T11:49:36.393-0400: 168.465: [GC (GCLocker Initiated GC) [PSYoungGen: 162064K->85790K(175104K)] 538271K->468387K(699392K), 0.0133801 secs] [Times: user=0.16 sys=0.02, real=0.01 secs] 
2016-09-15T11:49:36.540-0400: 168.612: [GC (GCLocker Initiated GC) [PSYoungGen: 173854K->55579K(175104K)] 556812K->493340K(699392K), 0.0155572 secs] [Times: user=0.19 sys=0.00, real=0.02 secs] 
2016-09-15T11:49:36.651-0400: 168.723: [GC (GCLocker Initiated GC) [PSYoungGen: 143643K->85790K(175104K)] 587988K->536534K(699392K), 0.0172389 secs] [Times: user=0.20 sys=0.00, real=0.02 secs] 
2016-09-15T11:49:36.811-0400: 168.883: [Full GC (Ergonomics) [PSYoungGen: 173854K->0K(175104K)] [ParOldGen: 456983K->46839K(524288K)] 630837K->46839K(699392K), [Metaspace: 44491K->44491K(1087488K)], 0.1223813 secs] [Times: user=1.26 sys=0.01, real=0.12 secs] 
2016-09-15T11:49:37.043-0400: 169.115: [GC (GCLocker Initiated GC) [PSYoungGen: 88064K->85982K(175104K)] 135102K->163395K(699392K), 0.0102360 secs] [Times: user=0.11 sys=0.01, real=0.01 secs] 
2016-09-15T11:49:37.178-0400: 169.249: [GC (GCLocker Initiated GC) [PSYoungGen: 174046K->43265K(175104K)] 257666K->200536K(699392K), 0.0181439 secs] [Times: user=0.22 sys=0.01, real=0.02 secs] 
2016-09-15T11:49:37.313-0400: 169.385: [GC (GCLocker Initiated GC) [PSYoungGen: 131329K->61654K(175104K)] 295002K->243680K(699392K), 0.0105053 secs] [Times: user=0.10 sys=0.01, real=0.01 secs] 
2016-09-15T11:49:37.420-0400: 169.492: [GC (GCLocker Initiated GC) [PSYoungGen: 149718K->61426K(175104K)] 332066K->268357K(699392K), 0.0134383 secs] [Times: user=0.08 sys=0.00, real=0.01 secs] 
2016-09-15T11:49:37.544-0400: 169.616: [GC (GCLocker Initiated GC) [PSYoungGen: 149490K->55515K(175104K)] 368872K->293193K(699392K), 0.0086892 secs] [Times: user=0.09 sys=0.00, real=0.01 secs] 
2016-09-15T11:49:37.684-0400: 169.756: [GC (GCLocker Initiated GC) [PSYoungGen: 143579K->67473K(175104K)] 387688K->330059K(699392K), 0.0120481 secs] [Times: user=0.09 sys=0.00, real=0.02 secs] 
2016-09-15T11:49:37.842-0400: 169.913: [GC (GCLocker Initiated GC) [PSYoungGen: 155537K->73804K(175104K)] 424564K->361363K(699392K), 0.0091772 secs] [Times: user=0.11 sys=0.00, real=0.01 secs] 
2016-09-15T11:49:37.985-0400: 170.057: [GC (GCLocker Initiated GC) [PSYoungGen: 161868K->37226K(175104K)] 449671K->343365K(699392K), 0.0076033 secs] [Times: user=0.06 sys=0.00, real=0.01 secs] 
2016-09-15T11:49:38.107-0400: 170.179: [GC (GCLocker Initiated GC) [PSYoungGen: 125290K->61330K(175104K)] 437528K->373836K(699392K), 0.0103705 secs] [Times: user=0.09 sys=0.01, real=0.02 secs] 
2016-09-15T11:49:38.255-0400: 170.327: [GC (GCLocker Initiated GC) [PSYoungGen: 149394K->85854K(175104K)] 462032K->447227K(699392K), 0.0121218 secs] [Times: user=0.15 sys=0.01, real=0.01 secs] 
2016-09-15T11:49:38.404-0400: 170.476: [GC (GCLocker Initiated GC) [PSYoungGen: 173918K->55419K(175104K)] 535842K->478181K(699392K), 0.0118419 secs] [Times: user=0.10 sys=0.00, real=0.02 secs] 
2016-09-15T11:49:38.529-0400: 170.601: [GC (GCLocker Initiated GC) [PSYoungGen: 143483K->85594K(175104K)] 566416K->514901K(699392K), 0.0110008 secs] [Times: user=0.10 sys=0.00, real=0.01 secs] 
2016-09-15T11:49:38.656-0400: 170.728: [GC (GCLocker Initiated GC) [PSYoungGen: 173658K->80011K(175104K)] 603326K->564482K(699392K), 0.0124173 secs] [Times: user=0.18 sys=0.00, real=0.01 secs] 
2016-09-15T11:49:38.669-0400: 170.741: [Full GC (Ergonomics) [PSYoungGen: 80011K->0K(175104K)] [ParOldGen: 484471K->46718K(524288K)] 564482K->46718K(699392K), [Metaspace: 44491K->44491K(1087488K)], 0.0671396 secs] [Times: user=0.49 sys=0.01, real=0.07 secs] 
2016-09-15T11:49:38.868-0400: 170.939: [GC (GCLocker Initiated GC) [PSYoungGen: 88064K->79715K(175104K)] 147125K->138776K(699392K), 0.0233210 secs] [Times: user=0.25 sys=0.00, real=0.03 secs] 
2016-09-15T11:49:39.035-0400: 171.107: [GC (GCLocker Initiated GC) [PSYoungGen: 167779K->43429K(175104K)] 233087K->163727K(699392K), 0.0123897 secs] [Times: user=0.15 sys=0.01, real=0.01 secs] 
2016-09-15T11:49:39.134-0400: 171.206: [GC (GCLocker Initiated GC) [PSYoungGen: 131493K->86182K(175104K)] 251839K->279768K(699392K), 0.0133242 secs] [Times: user=0.21 sys=0.00, real=0.01 secs] 
2016-09-15T11:49:39.265-0400: 171.337: [GC (GCLocker Initiated GC) [PSYoungGen: 174246K->73836K(175104K)] 367981K->353280K(699392K), 0.0133423 secs] [Times: user=0.22 sys=0.01, real=0.02 secs] 
2016-09-15T11:49:39.373-0400: 171.444: [GC (GCLocker Initiated GC) [PSYoungGen: 161900K->86182K(175104K)] 441481K->371997K(699392K), 0.0113338 secs] [Times: user=0.17 sys=0.00, real=0.01 secs] 
2016-09-15T11:49:39.489-0400: 171.561: [GC (GCLocker Initiated GC) [PSYoungGen: 174246K->85854K(175104K)] 460109K->426716K(699392K), 0.0134886 secs] [Times: user=0.18 sys=0.01, real=0.01 secs] 
2016-09-15T11:49:39.627-0400: 171.699: [GC (GCLocker Initiated GC) [PSYoungGen: 173918K->67729K(175104K)] 521109K->482084K(699392K), 0.0114908 secs] [Times: user=0.19 sys=0.00, real=0.02 secs] 
2016-09-15T11:49:39.639-0400: 171.710: [Full GC (Ergonomics) [PSYoungGen: 67729K->0K(175104K)] [ParOldGen: 414355K->52841K(524288K)] 482084K->52841K(699392K), [Metaspace: 44493K->44493K(1087488K)], 0.0634719 secs] [Times: user=0.47 sys=0.01, real=0.06 secs] 
2016-09-15T11:49:39.818-0400: 171.889: [GC (GCLocker Initiated GC) [PSYoungGen: 88064K->86274K(175104K)] 141104K->163614K(699392K), 0.0113874 secs] [Times: user=0.18 sys=0.00, real=0.01 secs] 
2016-09-15T11:49:39.943-0400: 172.015: [GC (GCLocker Initiated GC) [PSYoungGen: 174338K->74000K(175104K)] 257958K->206799K(699392K), 0.0105151 secs] [Times: user=0.14 sys=0.00, real=0.01 secs] 
2016-09-15T11:49:40.086-0400: 172.158: [GC (GCLocker Initiated GC) [PSYoungGen: 162064K->73476K(175104K)] 301272K->231512K(699392K), 0.0106082 secs] [Times: user=0.11 sys=0.00, real=0.02 secs] 
2016-09-15T11:49:40.244-0400: 172.316: [GC (GCLocker Initiated GC) [PSYoungGen: 161540K->79715K(175104K)] 319937K->238255K(699392K), 0.0081952 secs] [Times: user=0.07 sys=0.00, real=0.01 secs] 
2016-09-15T11:49:40.416-0400: 172.488: [GC (GCLocker Initiated GC) [PSYoungGen: 167779K->61458K(175104K)] 332577K->244764K(699392K), 0.0120254 secs] [Times: user=0.15 sys=0.00, real=0.01 secs] 
2016-09-15T11:49:40.547-0400: 172.619: [GC (GCLocker Initiated GC) [PSYoungGen: 149522K->73836K(175104K)] 332948K->281854K(699392K), 0.0097458 secs] [Times: user=0.11 sys=0.00, real=0.02 secs] 
2016-09-15T11:49:40.664-0400: 172.736: [GC (GCLocker Initiated GC) [PSYoungGen: 161900K->85822K(175104K)] 370017K->336787K(699392K), 0.0116233 secs] [Times: user=0.16 sys=0.00, real=0.02 secs] 
2016-09-15T11:49:40.806-0400: 172.878: [GC (Allocation Failure) [PSYoungGen: 173886K->55711K(175104K)] 437076K->319044K(699392K), 0.0089353 secs] [Times: user=0.13 sys=0.00, real=0.01 secs] 
2016-09-15T11:49:40.929-0400: 173.000: [GC (GCLocker Initiated GC) [PSYoungGen: 143775K->61362K(175104K)] 407108K->337285K(699392K), 0.0131331 secs] [Times: user=0.11 sys=0.00, real=0.01 secs] 
2016-09-15T11:49:41.064-0400: 173.136: [GC (GCLocker Initiated GC) [PSYoungGen: 149426K->67629K(175104K)] 425367K->380312K(699392K), 0.0102108 secs] [Times: user=0.11 sys=0.00, real=0.01 secs] 
2016-09-15T11:49:41.207-0400: 173.279: [GC (Allocation Failure) [PSYoungGen: 155693K->61786K(175104K)] 474722K->399339K(699392K), 0.0143396 secs] [Times: user=0.14 sys=0.00, real=0.02 secs] 
2016-09-15T11:49:41.328-0400: 173.400: [GC (GCLocker Initiated GC) [PSYoungGen: 149850K->55091K(175104K)] 487404K->399128K(699392K), 0.0124798 secs] [Times: user=0.07 sys=0.00, real=0.01 secs] 
2016-09-15T11:49:41.461-0400: 173.532: [GC (GCLocker Initiated GC) [PSYoungGen: 143155K->55615K(175104K)] 493354K->442399K(699392K), 0.0104820 secs] [Times: user=0.12 sys=0.00, real=0.01 secs] 
2016-09-15T11:49:41.616-0400: 173.687: [GC (GCLocker Initiated GC) [PSYoungGen: 143679K->61362K(175104K)] 536647K->485153K(699392K), 0.0191709 secs] [Times: user=0.20 sys=0.00, real=0.01 secs] 
2016-09-15T11:49:41.748-0400: 173.820: [GC (GCLocker Initiated GC) [PSYoungGen: 149426K->67501K(175104K)] 579496K->546487K(699392K), 0.0109154 secs] [Times: user=0.13 sys=0.00, real=0.01 secs] 
2016-09-15T11:49:41.759-0400: 173.831: [Full GC (Ergonomics) [PSYoungGen: 67501K->0K(175104K)] [ParOldGen: 478986K->46688K(524288K)] 546487K->46688K(699392K), [Metaspace: 44493K->44493K(1087488K)], 0.0615723 secs] [Times: user=0.42 sys=0.02, real=0.06 secs] 
2016-09-15T11:49:41.949-0400: 174.020: [GC (GCLocker Initiated GC) [PSYoungGen: 88064K->74092K(175104K)] 140964K->126992K(699392K), 0.0095397 secs] [Times: user=0.11 sys=0.00, real=0.01 secs] 
2016-09-15T11:49:42.088-0400: 174.160: [GC (GCLocker Initiated GC) [PSYoungGen: 162156K->67633K(175104K)] 215109K->157599K(699392K), 0.0100564 secs] [Times: user=0.09 sys=0.01, real=0.01 secs] 
2016-09-15T11:49:42.241-0400: 174.313: [GC (GCLocker Initiated GC) [PSYoungGen: 155697K->55191K(175104K)] 258028K->188321K(699392K), 0.0195175 secs] [Times: user=0.18 sys=0.01, real=0.02 secs] 
2016-09-15T11:49:42.413-0400: 174.485: [GC (GCLocker Initiated GC) [PSYoungGen: 143255K->55383K(175104K)] 276545K->188956K(699392K), 0.0072332 secs] [Times: user=0.06 sys=0.00, real=0.01 secs] 
2016-09-15T11:49:42.538-0400: 174.610: [GC (GCLocker Initiated GC) [PSYoungGen: 143447K->85822K(175104K)] 277302K->244129K(699392K), 0.0097303 secs] [Times: user=0.12 sys=0.00, real=0.01 secs] 
2016-09-15T11:49:42.696-0400: 174.767: [GC (Allocation Failure) [PSYoungGen: 173886K->55611K(175104K)] 332279K->268830K(699392K), 0.0127719 secs] [Times: user=0.17 sys=0.01, real=0.01 secs] 
2016-09-15T11:49:42.817-0400: 174.889: [GC (GCLocker Initiated GC) [PSYoungGen: 143675K->85854K(175104K)] 362969K->311515K(699392K), 0.0084186 secs] [Times: user=0.11 sys=0.00, real=0.00 secs] 
2016-09-15T11:49:42.960-0400: 175.031: [GC (GCLocker Initiated GC) [PSYoungGen: 173918K->37258K(175104K)] 405858K->287534K(699392K), 0.0083521 secs] [Times: user=0.09 sys=0.01, real=0.01 secs] 
2016-09-15T11:49:43.090-0400: 175.162: [GC (GCLocker Initiated GC) [PSYoungGen: 125322K->55287K(175104K)] 375960K->324410K(699392K), 0.0174381 secs] [Times: user=0.21 sys=0.00, real=0.01 secs] 
2016-09-15T11:49:43.215-0400: 175.287: [GC (GCLocker Initiated GC) [PSYoungGen: 143351K->55451K(175104K)] 418579K->349039K(699392K), 0.0089862 secs] [Times: user=0.08 sys=0.00, real=0.01 secs] 
2016-09-15T11:49:43.323-0400: 175.395: [GC (Allocation Failure) [PSYoungGen: 143515K->67437K(175104K)] 437464K->398112K(699392K), 0.0182235 secs] [Times: user=0.18 sys=0.01, real=0.02 secs] 
2016-09-15T11:49:43.342-0400: 175.414: [GC (GCLocker Initiated GC) [PSYoungGen: 67766K->96K(175104K)] 398441K->422602K(699392K), 0.0115024 secs] [Times: user=0.15 sys=0.01, real=0.01 secs] 
2016-09-15T11:49:43.466-0400: 175.538: [GC (GCLocker Initiated GC) [PSYoungGen: 84814K->86274K(175104K)] 513396K->520930K(699392K), 0.0096555 secs] [Times: user=0.13 sys=0.00, real=0.02 secs] 
2016-09-15T11:49:43.609-0400: 175.680: [GC (GCLocker Initiated GC) [PSYoungGen: 174338K->85758K(175104K)] 609148K->557910K(699392K), 0.0108606 secs] [Times: user=0.16 sys=0.01, real=0.01 secs] 
2016-09-15T11:49:43.620-0400: 175.691: [Full GC (Ergonomics) [PSYoungGen: 85758K->0K(175104K)] [ParOldGen: 472152K->52926K(524288K)] 557910K->52926K(699392K), [Metaspace: 44493K->44493K(1087488K)], 0.0639260 secs] [Times: user=0.48 sys=0.02, real=0.06 secs] 
2016-09-15T11:49:43.796-0400: 175.867: [GC (GCLocker Initiated GC) [PSYoungGen: 88064K->86110K(175104K)] 141071K->163417K(699392K), 0.0114307 secs] [Times: user=0.16 sys=0.00, real=0.00 secs] 
2016-09-15T11:49:43.916-0400: 175.987: [GC (Allocation Failure) [PSYoungGen: 174174K->74000K(175104K)] 251797K->207001K(699392K), 0.0144104 secs] [Times: user=0.16 sys=0.01, real=0.01 secs] 
2016-09-15T11:49:44.052-0400: 176.123: [GC (GCLocker Initiated GC) [PSYoungGen: 160602K->55287K(175104K)] 299678K->212864K(699392K), 0.0095686 secs] [Times: user=0.09 sys=0.00, real=0.01 secs] 
2016-09-15T11:49:44.192-0400: 176.264: [GC (Allocation Failure) [PSYoungGen: 143348K->73512K(175104K)] 301281K->231712K(699392K), 0.0208342 secs] [Times: user=0.18 sys=0.00, real=0.02 secs] 
2016-09-15T11:49:44.335-0400: 176.407: [GC (GCLocker Initiated GC) [PSYoungGen: 160676K->55447K(175104K)] 324951K->256455K(699392K), 0.0087732 secs] [Times: user=0.08 sys=0.01, real=0.01 secs] 
2016-09-15T11:49:44.463-0400: 176.535: [GC (GCLocker Initiated GC) [PSYoungGen: 143511K->85694K(175104K)] 344707K->287026K(699392K), 0.0121915 secs] [Times: user=0.12 sys=0.01, real=0.01 secs] 
2016-09-15T11:49:44.607-0400: 176.679: [GC (GCLocker Initiated GC) [PSYoungGen: 173758K->85986K(175104K)] 381493K->318305K(699392K), 0.0173519 secs] [Times: user=0.19 sys=0.00, real=0.02 secs] 
2016-09-15T11:49:44.758-0400: 176.830: [GC (GCLocker Initiated GC) [PSYoungGen: 174050K->43333K(175104K)] 412794K->288403K(699392K), 0.0146190 secs] [Times: user=0.14 sys=0.00, real=0.01 secs] 
2016-09-15T11:49:44.897-0400: 176.968: [GC (GCLocker Initiated GC) [PSYoungGen: 131397K->24748K(175104K)] 376514K->306411K(699392K), 0.0132948 secs] [Times: user=0.11 sys=0.00, real=0.01 secs] 
2016-09-15T11:49:45.007-0400: 177.079: [GC (GCLocker Initiated GC) [PSYoungGen: 112812K->85958K(175104K)] 394517K->386016K(699392K), 0.0128133 secs] [Times: user=0.12 sys=0.00, real=0.02 secs] 
2016-09-15T11:49:45.129-0400: 177.201: [GC (GCLocker Initiated GC) [PSYoungGen: 174022K->61394K(175104K)] 474121K->410557K(699392K), 0.0329272 secs] [Times: user=0.43 sys=0.00, real=0.03 secs] 
2016-09-15T11:49:45.280-0400: 177.351: [GC (GCLocker Initiated GC) [PSYoungGen: 149458K->85822K(175104K)] 504924K->496278K(699392K), 0.0124458 secs] [Times: user=0.16 sys=0.00, real=0.01 secs] 
2016-09-15T11:49:45.414-0400: 177.485: [GC (GCLocker Initiated GC) [PSYoungGen: 173886K->67469K(175104K)] 584480K->508729K(699392K), 0.0117630 secs] [Times: user=0.15 sys=0.00, real=0.01 secs] 
2016-09-15T11:49:45.540-0400: 177.612: [GC (GCLocker Initiated GC) [PSYoungGen: 155533K->67373K(175104K)] 596806K->508906K(699392K), 0.0099696 secs] [Times: user=0.12 sys=0.00, real=0.01 secs] 
2016-09-15T11:49:45.661-0400: 177.733: [GC (GCLocker Initiated GC) [PSYoungGen: 155437K->86018K(175104K)] 597151K->558415K(699392K), 0.0108884 secs] [Times: user=0.15 sys=0.00, real=0.01 secs] 
2016-09-15T11:49:45.672-0400: 177.744: [Full GC (Ergonomics) [PSYoungGen: 86018K->0K(175104K)] [ParOldGen: 472397K->53390K(524288K)] 558415K->53390K(699392K), [Metaspace: 44493K->44493K(1087488K)], 0.0664543 secs] [Times: user=0.52 sys=0.01, real=0.07 secs] 
2016-09-15T11:49:45.877-0400: 177.948: [GC (Allocation Failure) [PSYoungGen: 88064K->86146K(175104K)] 147560K->163867K(699392K), 0.0099801 secs] [Times: user=0.13 sys=0.00, real=0.00 secs] 
2016-09-15T11:49:46.023-0400: 178.095: [GC (GCLocker Initiated GC) [PSYoungGen: 170308K->43265K(175104K)] 254104K->188523K(699392K), 0.0142648 secs] [Times: user=0.15 sys=0.00, real=0.02 secs] 
2016-09-15T11:49:46.151-0400: 178.223: [GC (GCLocker Initiated GC) [PSYoungGen: 131329K->79423K(175104K)] 276791K->225169K(699392K), 0.0280799 secs] [Times: user=0.31 sys=0.00, real=0.03 secs] 
2016-09-15T11:49:46.308-0400: 178.380: [GC (GCLocker Initiated GC) [PSYoungGen: 167484K->37194K(175104K)] 325719K->256289K(699392K), 0.0145393 secs] [Times: user=0.12 sys=0.00, real=0.01 secs] 
2016-09-15T11:49:46.450-0400: 178.521: [GC (GCLocker Initiated GC) [PSYoungGen: 125258K->55091K(175104K)] 351009K->281125K(699392K), 0.0228171 secs] [Times: user=0.26 sys=0.00, real=0.02 secs] 
2016-09-15T11:49:46.589-0400: 178.660: [GC (GCLocker Initiated GC) [PSYoungGen: 143155K->67373K(175104K)] 375334K->317880K(699392K), 0.0274277 secs] [Times: user=0.27 sys=0.01, real=0.03 secs] 
2016-09-15T11:49:46.709-0400: 178.781: [GC (GCLocker Initiated GC) [PSYoungGen: 155437K->73740K(175104K)] 405992K->330497K(699392K), 0.0143184 secs] [Times: user=0.17 sys=0.00, real=0.01 secs] 
2016-09-15T11:49:46.842-0400: 178.914: [GC (GCLocker Initiated GC) [PSYoungGen: 161804K->86086K(175104K)] 424992K->355632K(699392K), 0.0102875 secs] [Times: user=0.13 sys=0.00, real=0.01 secs] 
2016-09-15T11:49:47.000-0400: 179.072: [GC (Allocation Failure) [PSYoungGen: 174150K->55415K(175104K)] 450020K->368027K(699392K), 0.0265615 secs] [Times: user=0.31 sys=0.00, real=0.02 secs] 
2016-09-15T11:49:47.150-0400: 179.221: [GC (GCLocker Initiated GC) [PSYoungGen: 143479K->85922K(175104K)] 456102K->422980K(699392K), 0.0123122 secs] [Times: user=0.14 sys=0.00, real=0.01 secs] 
2016-09-15T11:49:47.289-0400: 179.361: [GC (GCLocker Initiated GC) [PSYoungGen: 173986K->49148K(175104K)] 523410K->435257K(699392K), 0.0174042 secs] [Times: user=0.16 sys=0.00, real=0.01 secs] 
2016-09-15T11:49:47.426-0400: 179.498: [GC (GCLocker Initiated GC) [PSYoungGen: 137212K->73384K(175104K)] 523442K->459701K(699392K), 0.0118248 secs] [Times: user=0.08 sys=0.00, real=0.02 secs] 
2016-09-15T11:49:47.553-0400: 179.624: [GC (Allocation Failure) [PSYoungGen: 161448K->85922K(175104K)] 548025K->509249K(699392K), 0.0163310 secs] [Times: user=0.20 sys=0.00, real=0.02 secs] 
2016-09-15T11:49:47.713-0400: 179.784: [GC (GCLocker Initiated GC) [PSYoungGen: 168798K->43073K(175104K)] 598200K->521334K(699392K), 0.0118093 secs] [Times: user=0.09 sys=0.01, real=0.01 secs] 
2016-09-15T11:49:47.725-0400: 179.796: [Full GC (Ergonomics) [PSYoungGen: 43073K->0K(175104K)] [ParOldGen: 478261K->47316K(524288K)] 521334K->47316K(699392K), [Metaspace: 44497K->44497K(1087488K)], 0.0611692 secs] [Times: user=0.34 sys=0.01, real=0.06 secs] 
2016-09-15T11:49:47.927-0400: 179.999: [GC (GCLocker Initiated GC) [PSYoungGen: 88064K->85626K(175104K)] 141485K->157273K(699392K), 0.0103213 secs] [Times: user=0.15 sys=0.00, real=0.02 secs] 
2016-09-15T11:49:48.056-0400: 180.128: [GC (Allocation Failure) [PSYoungGen: 173690K->55611K(175104K)] 251722K->182394K(699392K), 0.0141309 secs] [Times: user=0.18 sys=0.01, real=0.01 secs] 
2016-09-15T11:49:48.184-0400: 180.255: [GC (GCLocker Initiated GC) [PSYoungGen: 143675K->79551K(175104K)] 270464K->206975K(699392K), 0.0096606 secs] [Times: user=0.10 sys=0.00, real=0.01 secs] 
2016-09-15T11:49:48.319-0400: 180.390: [GC (GCLocker Initiated GC) [PSYoungGen: 167615K->30795K(175104K)] 301218K->188770K(699392K), 0.0164035 secs] [Times: user=0.12 sys=0.01, real=0.01 secs] 
2016-09-15T11:49:48.487-0400: 180.559: [GC (Allocation Failure) [PSYoungGen: 118859K->55155K(175104K)] 276886K->262074K(699392K), 0.0205910 secs] [Times: user=0.26 sys=0.00, real=0.03 secs] 
2016-09-15T11:49:48.620-0400: 180.692: [GC (GCLocker Initiated GC) [PSYoungGen: 143219K->79487K(175104K)] 350144K->286523K(699392K), 0.0213273 secs] [Times: user=0.25 sys=0.01, real=0.02 secs] 
2016-09-15T11:49:48.764-0400: 180.836: [GC (GCLocker Initiated GC) [PSYoungGen: 167551K->55547K(175104K)] 374802K->281150K(699392K), 0.0204841 secs] [Times: user=0.20 sys=0.00, real=0.02 secs] 
2016-09-15T11:49:48.895-0400: 180.966: [GC (GCLocker Initiated GC) [PSYoungGen: 143611K->49212K(175104K)] 375572K->293566K(699392K), 0.0337012 secs] [Times: user=0.44 sys=0.00, real=0.04 secs] 
2016-09-15T11:49:49.038-0400: 181.110: [GC (GCLocker Initiated GC) [PSYoungGen: 137276K->67633K(175104K)] 381717K->318269K(699392K), 0.0107832 secs] [Times: user=0.08 sys=0.01, real=0.01 secs] 
2016-09-15T11:49:49.159-0400: 181.231: [GC (Allocation Failure) [PSYoungGen: 155697K->55515K(175104K)] 406430K->306679K(699392K), 0.0140840 secs] [Times: user=0.18 sys=0.00, real=0.01 secs] 
2016-09-15T11:49:49.265-0400: 181.336: [GC (GCLocker Initiated GC) [PSYoungGen: 143579K->85854K(175104K)] 394749K->349302K(699392K), 0.0094022 secs] [Times: user=0.12 sys=0.00, real=0.01 secs] 
2016-09-15T11:49:49.438-0400: 181.510: [GC (Allocation Failure) [PSYoungGen: 173918K->37453K(175104K)] 443774K->343855K(699392K), 0.0104036 secs] [Times: user=0.09 sys=0.00, real=0.01 secs] 
2016-09-15T11:49:49.570-0400: 181.641: [GC (GCLocker Initiated GC) [PSYoungGen: 125517K->49016K(175104K)] 432175K->380241K(699392K), 0.0214773 secs] [Times: user=0.26 sys=0.00, real=0.02 secs] 
2016-09-15T11:49:49.679-0400: 181.750: [GC (GCLocker Initiated GC) [PSYoungGen: 137080K->85890K(175104K)] 468347K->478043K(699392K), 0.0118267 secs] [Times: user=0.11 sys=0.01, real=0.01 secs] 
2016-09-15T11:49:49.818-0400: 181.889: [GC (GCLocker Initiated GC) [PSYoungGen: 173954K->61426K(175104K)] 566215K->484510K(699392K), 0.0136845 secs] [Times: user=0.14 sys=0.00, real=0.01 secs] 
2016-09-15T11:49:49.960-0400: 182.032: [GC (Allocation Failure) [PSYoungGen: 149490K->73544K(175104K)] 572733K->496915K(699392K), 0.0114464 secs] [Times: user=0.12 sys=0.00, real=0.01 secs] 
2016-09-15T11:49:50.135-0400: 182.207: [GC (GCLocker Initiated GC) [PSYoungGen: 155976K->55059K(175104K)] 585423K->527305K(699392K), 0.0296054 secs] [Times: user=0.25 sys=0.01, real=0.03 secs] 
2016-09-15T11:49:50.165-0400: 182.236: [Full GC (Ergonomics) [PSYoungGen: 55059K->0K(175104K)] [ParOldGen: 472246K->47280K(524288K)] 527305K->47280K(699392K), [Metaspace: 44502K->44502K(1087488K)], 0.0703971 secs] [Times: user=0.39 sys=0.02, real=0.07 secs] 
2016-09-15T11:49:50.376-0400: 182.448: [GC (GCLocker Initiated GC) [PSYoungGen: 88064K->43493K(175104K)] 135618K->91047K(699392K), 0.0091693 secs] [Times: user=0.10 sys=0.00, real=0.00 secs] 
2016-09-15T11:49:50.504-0400: 182.576: [GC (GCLocker Initiated GC) [PSYoungGen: 131557K->73316K(175104K)] 179164K->139680K(699392K), 0.0361476 secs] [Times: user=0.47 sys=0.00, real=0.04 secs] 
2016-09-15T11:49:50.652-0400: 182.724: [GC (GCLocker Initiated GC) [PSYoungGen: 161380K->74196K(175104K)] 227915K->195533K(699392K), 0.0109985 secs] [Times: user=0.16 sys=0.00, real=0.01 secs] 
2016-09-15T11:49:50.806-0400: 182.877: [GC (GCLocker Initiated GC) [PSYoungGen: 162260K->43269K(175104K)] 296036K->196013K(699392K), 0.0089699 secs] [Times: user=0.09 sys=0.00, real=0.01 secs] 
2016-09-15T11:49:50.908-0400: 182.980: [GC (GCLocker Initiated GC) [PSYoungGen: 131333K->73672K(175104K)] 296315K->263417K(699392K), 0.0182738 secs] [Times: user=0.25 sys=0.00, real=0.01 secs] 
2016-09-15T11:49:51.044-0400: 183.116: [GC (GCLocker Initiated GC) [PSYoungGen: 161736K->86314K(175104K)] 351663K->294617K(699392K), 0.0124962 secs] [Times: user=0.16 sys=0.00, real=0.02 secs] 
2016-09-15T11:49:51.157-0400: 183.228: [GC (GCLocker Initiated GC) [PSYoungGen: 174378K->61198K(175104K)] 382790K->312739K(699392K), 0.0201148 secs] [Times: user=0.19 sys=0.01, real=0.02 secs] 
2016-09-15T11:49:51.296-0400: 183.368: [GC (Allocation Failure) [PSYoungGen: 149262K->86150K(175104K)] 407093K->362358K(699392K), 0.0101831 secs] [Times: user=0.14 sys=0.00, real=0.00 secs] 
2016-09-15T11:49:51.429-0400: 183.500: [GC (GCLocker Initiated GC) [PSYoungGen: 173622K->61166K(175104K)] 455906K->350127K(699392K), 0.0128503 secs] [Times: user=0.14 sys=0.00, real=0.01 secs] 
2016-09-15T11:49:51.557-0400: 183.629: [GC (GCLocker Initiated GC) [PSYoungGen: 149230K->73740K(175104K)] 438457K->363118K(699392K), 0.0075892 secs] [Times: user=0.11 sys=0.00, real=0.00 secs] 
2016-09-15T11:49:51.710-0400: 183.781: [GC (GCLocker Initiated GC) [PSYoungGen: 161804K->55319K(175104K)] 457350K->387622K(699392K), 0.0096673 secs] [Times: user=0.11 sys=0.01, real=0.01 secs] 
2016-09-15T11:49:51.831-0400: 183.903: [GC (GCLocker Initiated GC) [PSYoungGen: 143383K->61326K(175104K)] 475751K->473117K(699392K), 0.0153090 secs] [Times: user=0.19 sys=0.00, real=0.01 secs] 
2016-09-15T11:49:51.956-0400: 184.028: [GC (Allocation Failure) [PSYoungGen: 149390K->73808K(175104K)] 561428K->504215K(699392K), 0.0091157 secs] [Times: user=0.10 sys=0.00, real=0.00 secs] 
2016-09-15T11:49:52.078-0400: 184.150: [GC (Allocation Failure) [PSYoungGen: 161872K->85790K(175104K)] 592279K->540960K(699392K), 0.0091885 secs] [Times: user=0.12 sys=0.00, real=0.00 secs] 
2016-09-15T11:49:52.087-0400: 184.159: [Full GC (Ergonomics) [PSYoungGen: 85790K->0K(175104K)] [ParOldGen: 455170K->53934K(524288K)] 540960K->53934K(699392K), [Metaspace: 44503K->44503K(1087488K)], 0.0719142 secs] [Times: user=0.55 sys=0.02, real=0.08 secs] 
2016-09-15T11:49:52.263-0400: 184.334: [GC (GCLocker Initiated GC) [PSYoungGen: 88064K->86274K(175104K)] 141998K->164509K(699392K), 0.0090520 secs] [Times: user=0.13 sys=0.01, real=0.01 secs] 
2016-09-15T11:49:52.396-0400: 184.468: [GC (Allocation Failure) [PSYoungGen: 174338K->55383K(175104K)] 258997K->158963K(699392K), 0.0127205 secs] [Times: user=0.13 sys=0.01, real=0.01 secs] 
2016-09-15T11:49:52.514-0400: 184.585: [GC (GCLocker Initiated GC) [PSYoungGen: 138782K->55775K(175104K)] 248438K->183971K(699392K), 0.0117953 secs] [Times: user=0.16 sys=0.00, real=0.01 secs] 
2016-09-15T11:49:52.654-0400: 184.726: [GC (GCLocker Initiated GC) [PSYoungGen: 143839K->86022K(175104K)] 272317K->220710K(699392K), 0.0131243 secs] [Times: user=0.13 sys=0.01, real=0.01 secs] 
2016-09-15T11:49:52.805-0400: 184.876: [GC (GCLocker Initiated GC) [PSYoungGen: 174086K->61298K(175104K)] 308850K->220589K(699392K), 0.0131418 secs] [Times: user=0.09 sys=0.00, real=0.02 secs] 
2016-09-15T11:49:52.940-0400: 185.012: [GC (GCLocker Initiated GC) [PSYoungGen: 149362K->61622K(175104K)] 321153K->233525K(699392K), 0.0298417 secs] [Times: user=0.42 sys=0.00, real=0.03 secs] 
2016-09-15T11:49:53.097-0400: 185.168: [GC (GCLocker Initiated GC) [PSYoungGen: 149686K->67501K(175104K)] 321619K->270257K(699392K), 0.0126427 secs] [Times: user=0.10 sys=0.00, real=0.01 secs] 
2016-09-15T11:49:53.237-0400: 185.308: [GC (Allocation Failure) [PSYoungGen: 155565K->74032K(175104K)] 364488K->319721K(699392K), 0.0102190 secs] [Times: user=0.16 sys=0.00, real=0.00 secs] 
2016-09-15T11:49:53.393-0400: 185.464: [GC (GCLocker Initiated GC) [PSYoungGen: 159762K->37190K(175104K)] 411526K->325899K(699392K), 0.0076770 secs] [Times: user=0.10 sys=0.00, real=0.01 secs] 
2016-09-15T11:49:53.504-0400: 185.575: [GC (GCLocker Initiated GC) [PSYoungGen: 125254K->85790K(175104K)] 414061K->417430K(699392K), 0.0137395 secs] [Times: user=0.19 sys=0.00, real=0.02 secs] 
2016-09-15T11:49:53.648-0400: 185.719: [GC (Allocation Failure) [PSYoungGen: 173854K->55287K(175104K)] 505849K->454391K(699392K), 0.0121176 secs] [Times: user=0.14 sys=0.00, real=0.01 secs] 
2016-09-15T11:49:53.765-0400: 185.837: [GC (GCLocker Initiated GC) [PSYoungGen: 143351K->43201K(175104K)] 542461K->479021K(699392K), 0.0113184 secs] [Times: user=0.10 sys=0.00, real=0.02 secs] 
2016-09-15T11:49:53.888-0400: 185.959: [GC (GCLocker Initiated GC) [PSYoungGen: 131265K->73904K(175104K)] 567284K->528267K(699392K), 0.0216404 secs] [Times: user=0.23 sys=0.00, real=0.02 secs] 
2016-09-15T11:49:53.909-0400: 185.981: [Full GC (Ergonomics) [PSYoungGen: 73904K->0K(175104K)] [ParOldGen: 454363K->53925K(524288K)] 528267K->53925K(699392K), [Metaspace: 44504K->44504K(1087488K)], 0.0665528 secs] [Times: user=0.35 sys=0.01, real=0.07 secs] 
2016-09-15T11:49:54.096-0400: 186.168: [GC (Allocation Failure) [PSYoungGen: 88064K->86078K(175104K)] 148341K->158505K(699392K), 0.0158854 secs] [Times: user=0.21 sys=0.00, real=0.01 secs] 
2016-09-15T11:49:54.218-0400: 186.290: [GC (GCLocker Initiated GC) [PSYoungGen: 170490K->74000K(175104K)] 248992K->213816K(699392K), 0.0149125 secs] [Times: user=0.17 sys=0.01, real=0.01 secs] 
2016-09-15T11:49:54.367-0400: 186.439: [GC (Allocation Failure) [PSYoungGen: 162064K->61294K(175104K)] 301927K->219674K(699392K), 0.0082807 secs] [Times: user=0.09 sys=0.00, real=0.02 secs] 
2016-09-15T11:49:54.506-0400: 186.578: [GC (GCLocker Initiated GC) [PSYoungGen: 149358K->67501K(175104K)] 307743K->268547K(699392K), 0.0134114 secs] [Times: user=0.16 sys=0.01, real=0.02 secs] 
2016-09-15T11:49:54.688-0400: 186.759: [GC (GCLocker Initiated GC) [PSYoungGen: 155565K->55483K(175104K)] 368881K->287299K(699392K), 0.0160048 secs] [Times: user=0.17 sys=0.01, real=0.01 secs] 
2016-09-15T11:49:54.836-0400: 186.907: [GC (GCLocker Initiated GC) [PSYoungGen: 143547K->79523K(175104K)] 375522K->311594K(699392K), 0.0212915 secs] [Times: user=0.20 sys=0.02, real=0.02 secs] 
2016-09-15T11:49:55.005-0400: 187.077: [GC (GCLocker Initiated GC) [PSYoungGen: 167587K->31118K(175104K)] 405786K->348397K(699392K), 0.0155120 secs] [Times: user=0.15 sys=0.01, real=0.02 secs] 
2016-09-15T11:49:55.142-0400: 187.214: [GC (GCLocker Initiated GC) [PSYoungGen: 119182K->55743K(175104K)] 442566K->440175K(699392K), 0.0120162 secs] [Times: user=0.14 sys=0.00, real=0.01 secs] 
2016-09-15T11:49:55.257-0400: 187.328: [GC (GCLocker Initiated GC) [PSYoungGen: 143807K->85658K(175104K)] 528573K->537713K(699392K), 0.0223348 secs] [Times: user=0.30 sys=0.01, real=0.02 secs] 
2016-09-15T11:49:55.279-0400: 187.351: [Full GC (Ergonomics) [PSYoungGen: 85658K->0K(175104K)] [ParOldGen: 452055K->54199K(524288K)] 537713K->54199K(699392K), [Metaspace: 44504K->44504K(1087488K)], 0.0637049 secs] [Times: user=0.42 sys=0.01, real=0.06 secs] 
2016-09-15T11:49:55.478-0400: 187.550: [GC (GCLocker Initiated GC) [PSYoungGen: 88064K->86374K(175104K)] 148554K->152939K(699392K), 0.0098053 secs] [Times: user=0.11 sys=0.00, real=0.01 secs] 
2016-09-15T11:49:55.614-0400: 187.686: [GC (GCLocker Initiated GC) [PSYoungGen: 174438K->55579K(175104K)] 247192K->184088K(699392K), 0.0105488 secs] [Times: user=0.14 sys=0.00, real=0.01 secs] 
2016-09-15T11:49:55.742-0400: 187.814: [GC (GCLocker Initiated GC) [PSYoungGen: 143643K->85790K(175104K)] 284450K->251229K(699392K), 0.0111957 secs] [Times: user=0.15 sys=0.00, real=0.01 secs] 
2016-09-15T11:49:55.868-0400: 187.940: [GC (GCLocker Initiated GC) [PSYoungGen: 173854K->49472K(175104K)] 339312K->294057K(699392K), 0.0263338 secs] [Times: user=0.31 sys=0.00, real=0.02 secs] 
2016-09-15T11:49:56.022-0400: 188.094: [GC (Allocation Failure) [PSYoungGen: 137536K->79911K(175104K)] 382190K->330963K(699392K), 0.0116179 secs] [Times: user=0.11 sys=0.00, real=0.01 secs] 
2016-09-15T11:49:56.157-0400: 188.229: [GC (GCLocker Initiated GC) [PSYoungGen: 164750K->55091K(175104K)] 421878K->349108K(699392K), 0.0138802 secs] [Times: user=0.16 sys=0.00, real=0.01 secs] 
2016-09-15T11:49:56.295-0400: 188.367: [GC (GCLocker Initiated GC) [PSYoungGen: 143155K->85690K(175104K)] 437231K->416359K(699392K), 0.0126739 secs] [Times: user=0.14 sys=0.01, real=0.02 secs] 
2016-09-15T11:49:56.437-0400: 188.508: [GC (Allocation Failure) [PSYoungGen: 173754K->79943K(175104K)] 504465K->471548K(699392K), 0.0109234 secs] [Times: user=0.15 sys=0.01, real=0.01 secs] 
2016-09-15T11:49:56.543-0400: 188.614: [GC (GCLocker Initiated GC) [PSYoungGen: 168007K->85954K(175104K)] 559618K->538638K(699392K), 0.0127434 secs] [Times: user=0.15 sys=0.01, real=0.01 secs] 
2016-09-15T11:49:56.556-0400: 188.627: [Full GC (Ergonomics) [PSYoungGen: 85954K->0K(175104K)] [ParOldGen: 452684K->60399K(524288K)] 538638K->60399K(699392K), [Metaspace: 44504K->44504K(1087488K)], 0.0625867 secs] [Times: user=0.42 sys=0.01, real=0.06 secs] 
2016-09-15T11:49:56.719-0400: 188.790: [GC (GCLocker Initiated GC) [PSYoungGen: 88064K->85822K(175104K)] 148622K->152455K(699392K), 0.0084909 secs] [Times: user=0.11 sys=0.00, real=0.00 secs] 
2016-09-15T11:49:56.825-0400: 188.897: [GC (GCLocker Initiated GC) [PSYoungGen: 173886K->85854K(175104K)] 240596K->225780K(699392K), 0.0132655 secs] [Times: user=0.19 sys=0.02, real=0.02 secs] 
2016-09-15T11:49:56.948-0400: 189.020: [GC (GCLocker Initiated GC) [PSYoungGen: 173918K->85858K(175104K)] 313886K->250425K(699392K), 0.0112690 secs] [Times: user=0.11 sys=0.00, real=0.01 secs] 
2016-09-15T11:49:57.076-0400: 189.147: [GC (GCLocker Initiated GC) [PSYoungGen: 173922K->79551K(175104K)] 338593K->305436K(699392K), 0.0137627 secs] [Times: user=0.16 sys=0.00, real=0.01 secs] 
2016-09-15T11:49:57.216-0400: 189.288: [GC (GCLocker Initiated GC) [PSYoungGen: 167615K->61426K(175104K)] 393670K->354457K(699392K), 0.0115630 secs] [Times: user=0.16 sys=0.01, real=0.01 secs] 
2016-09-15T11:49:57.359-0400: 189.431: [GC (Allocation Failure) [PSYoungGen: 149490K->85822K(175104K)] 442652K->385367K(699392K), 0.0117245 secs] [Times: user=0.15 sys=0.00, real=0.01 secs] 
2016-09-15T11:49:57.502-0400: 189.574: [GC (GCLocker Initiated GC) [PSYoungGen: 173886K->73444K(175104K)] 473437K->421902K(699392K), 0.0112770 secs] [Times: user=0.13 sys=0.00, real=0.01 secs] 
2016-09-15T11:49:57.632-0400: 189.704: [GC (GCLocker Initiated GC) [PSYoungGen: 161508K->85922K(175104K)] 510014K->440614K(699392K), 0.0100314 secs] [Times: user=0.11 sys=0.00, real=0.01 secs] 
2016-09-15T11:49:57.754-0400: 189.825: [GC (GCLocker Initiated GC) [PSYoungGen: 173986K->85726K(175104K)] 528860K->507905K(699392K), 0.0165310 secs] [Times: user=0.21 sys=0.00, real=0.02 secs] 
2016-09-15T11:49:57.771-0400: 189.842: [Full GC (Ergonomics) [PSYoungGen: 85726K->0K(175104K)] [ParOldGen: 422179K->60622K(524288K)] 507905K->60622K(699392K), [Metaspace: 44504K->44504K(1087488K)], 0.0648592 secs] [Times: user=0.39 sys=0.02, real=0.06 secs] 
2016-09-15T11:49:57.940-0400: 190.011: [GC (GCLocker Initiated GC) [PSYoungGen: 88064K->86630K(175104K)] 154898K->159539K(699392K), 0.0093628 secs] [Times: user=0.12 sys=0.01, real=0.01 secs] 
2016-09-15T11:49:58.059-0400: 190.130: [GC (GCLocker Initiated GC) [PSYoungGen: 174694K->73672K(175104K)] 247740K->184331K(699392K), 0.0097546 secs] [Times: user=0.12 sys=0.01, real=0.01 secs] 
2016-09-15T11:49:58.186-0400: 190.257: [GC (GCLocker Initiated GC) [PSYoungGen: 161736K->85954K(175104K)] 272454K->221287K(699392K), 0.0088388 secs] [Times: user=0.11 sys=0.00, real=0.01 secs] 
2016-09-15T11:49:58.309-0400: 190.380: [GC (GCLocker Initiated GC) [PSYoungGen: 174018K->85854K(175104K)] 309444K->294651K(699392K), 0.0118362 secs] [Times: user=0.17 sys=0.01, real=0.01 secs] 
2016-09-15T11:49:58.454-0400: 190.526: [GC (GCLocker Initiated GC) [PSYoungGen: 173918K->55775K(175104K)] 394979K->325744K(699392K), 0.0144352 secs] [Times: user=0.19 sys=0.00, real=0.02 secs] 
2016-09-15T11:49:58.611-0400: 190.683: [GC (GCLocker Initiated GC) [PSYoungGen: 143839K->85694K(175104K)] 426052K->392498K(699392K), 0.0117893 secs] [Times: user=0.13 sys=0.00, real=0.01 secs] 
2016-09-15T11:49:58.746-0400: 190.817: [GC (Allocation Failure) [PSYoungGen: 173758K->61526K(175104K)] 486981K->417565K(699392K), 0.0163216 secs] [Times: user=0.15 sys=0.00, real=0.02 secs] 
2016-09-15T11:49:58.888-0400: 190.959: [GC (GCLocker Initiated GC) [PSYoungGen: 149590K->49308K(175104K)] 505635K->442251K(699392K), 0.0109606 secs] [Times: user=0.10 sys=0.00, real=0.01 secs] 
2016-09-15T11:49:59.022-0400: 191.094: [GC (GCLocker Initiated GC) [PSYoungGen: 137372K->85794K(175104K)] 530429K->503271K(699392K), 0.0222303 secs] [Times: user=0.21 sys=0.01, real=0.02 secs] 
2016-09-15T11:49:59.192-0400: 191.263: [GC (GCLocker Initiated GC) [PSYoungGen: 173858K->37094K(175104K)] 603622K->528048K(699392K), 0.0170940 secs] [Times: user=0.18 sys=0.01, real=0.02 secs] 
2016-09-15T11:49:59.209-0400: 191.281: [Full GC (Ergonomics) [PSYoungGen: 37094K->0K(175104K)] [ParOldGen: 490954K->48295K(524288K)] 528048K->48295K(699392K), [Metaspace: 44504K->44504K(1087488K)], 0.0637342 secs] [Times: user=0.39 sys=0.01, real=0.06 secs] 
2016-09-15T11:49:59.410-0400: 191.482: [GC (GCLocker Initiated GC) [PSYoungGen: 88064K->73968K(175104K)] 142643K->128547K(699392K), 0.0096230 secs] [Times: user=0.10 sys=0.01, real=0.01 secs] 
2016-09-15T11:49:59.550-0400: 191.622: [GC (Allocation Failure) [PSYoungGen: 162032K->37322K(175104K)] 228920K->141132K(699392K), 0.0096184 secs] [Times: user=0.14 sys=0.00, real=0.01 secs] 
2016-09-15T11:49:59.683-0400: 191.755: [GC (Allocation Failure) [PSYoungGen: 125386K->61294K(175104K)] 229196K->201837K(699392K), 0.0260968 secs] [Times: user=0.33 sys=0.00, real=0.03 secs] 
2016-09-15T11:49:59.818-0400: 191.890: [GC (GCLocker Initiated GC) [PSYoungGen: 149358K->73968K(175104K)] 289907K->214644K(699392K), 0.0088568 secs] [Times: user=0.10 sys=0.00, real=0.00 secs] 
2016-09-15T11:49:59.967-0400: 192.039: [GC (Allocation Failure) [PSYoungGen: 162032K->49112K(175104K)] 302789K->208525K(699392K), 0.0117472 secs] [Times: user=0.14 sys=0.01, real=0.02 secs] 
2016-09-15T11:50:00.111-0400: 192.182: [GC (GCLocker Initiated GC) [PSYoungGen: 137176K->73804K(175104K)] 296595K->257643K(699392K), 0.0144891 secs] [Times: user=0.17 sys=0.00, real=0.01 secs] 
2016-09-15T11:50:00.257-0400: 192.329: [GC (GCLocker Initiated GC) [PSYoungGen: 161868K->36962K(175104K)] 358077K->251696K(699392K), 0.0058816 secs] [Times: user=0.07 sys=0.01, real=0.00 secs] 
2016-09-15T11:50:00.387-0400: 192.459: [GC (GCLocker Initiated GC) [PSYoungGen: 125026K->61262K(175104K)] 345932K->282304K(699392K), 0.0073088 secs] [Times: user=0.09 sys=0.00, real=0.01 secs] 
2016-09-15T11:50:00.502-0400: 192.574: [GC (GCLocker Initiated GC) [PSYoungGen: 149326K->86086K(175104K)] 370619K->337897K(699392K), 0.0241746 secs] [Times: user=0.30 sys=0.01, real=0.02 secs] 
2016-09-15T11:50:00.656-0400: 192.728: [GC (GCLocker Initiated GC) [PSYoungGen: 174150K->55319K(175104K)] 438231K->338237K(699392K), 0.0177526 secs] [Times: user=0.18 sys=0.00, real=0.01 secs] 
2016-09-15T11:50:00.796-0400: 192.868: [GC (Allocation Failure) [PSYoungGen: 143383K->73772K(175104K)] 426550K->357050K(699392K), 0.0168952 secs] [Times: user=0.20 sys=0.00, real=0.01 secs] 
2016-09-15T11:50:00.939-0400: 193.011: [GC (GCLocker Initiated GC) [PSYoungGen: 161836K->55415K(175104K)] 445120K->375596K(699392K), 0.0104173 secs] [Times: user=0.11 sys=0.00, real=0.01 secs] 
2016-09-15T11:50:01.068-0400: 193.140: [GC (GCLocker Initiated GC) [PSYoungGen: 143479K->55351K(175104K)] 463691K->424259K(699392K), 0.0161696 secs] [Times: user=0.15 sys=0.00, real=0.01 secs] 
2016-09-15T11:50:01.196-0400: 193.268: [GC (GCLocker Initiated GC) [PSYoungGen: 143415K->73676K(175104K)] 512511K->461296K(699392K), 0.0207573 secs] [Times: user=0.22 sys=0.00, real=0.02 secs] 
2016-09-15T11:50:01.345-0400: 193.417: [GC (GCLocker Initiated GC) [PSYoungGen: 161740K->49244K(175104K)] 549469K->474019K(699392K), 0.0202055 secs] [Times: user=0.20 sys=0.01, real=0.02 secs] 
2016-09-15T11:50:01.503-0400: 193.575: [GC (GCLocker Initiated GC) [PSYoungGen: 137308K->73676K(175104K)] 574455K->510918K(699392K), 0.0087665 secs] [Times: user=0.14 sys=0.00, real=0.01 secs] 
2016-09-15T11:50:01.661-0400: 193.733: [GC (GCLocker Initiated GC) [PSYoungGen: 161740K->73672K(175104K)] 605336K->554361K(699392K), 0.0106574 secs] [Times: user=0.14 sys=0.01, real=0.01 secs] 
2016-09-15T11:50:01.672-0400: 193.743: [Full GC (Ergonomics) [PSYoungGen: 73672K->0K(175104K)] [ParOldGen: 480689K->60569K(524288K)] 554361K->60569K(699392K), [Metaspace: 44506K->44506K(1087488K)], 0.0671385 secs] [Times: user=0.45 sys=0.03, real=0.07 secs] 
2016-09-15T11:50:01.866-0400: 193.938: [GC (GCLocker Initiated GC) [PSYoungGen: 88064K->86018K(175104K)] 148680K->170935K(699392K), 0.0098981 secs] [Times: user=0.15 sys=0.01, real=0.02 secs] 
2016-09-15T11:50:02.005-0400: 194.077: [GC (GCLocker Initiated GC) [PSYoungGen: 174082K->55319K(175104K)] 265318K->225978K(699392K), 0.0106795 secs] [Times: user=0.14 sys=0.00, real=0.02 secs] 
2016-09-15T11:50:02.146-0400: 194.218: [GC (GCLocker Initiated GC) [PSYoungGen: 143383K->73576K(175104K)] 314043K->244560K(699392K), 0.0080358 secs] [Times: user=0.12 sys=0.00, real=0.01 secs] 
2016-09-15T11:50:02.257-0400: 194.329: [GC (GCLocker Initiated GC) [PSYoungGen: 161640K->85986K(175104K)] 332678K->299816K(699392K), 0.0171735 secs] [Times: user=0.17 sys=0.00, real=0.01 secs] 
2016-09-15T11:50:02.407-0400: 194.479: [GC (GCLocker Initiated GC) [PSYoungGen: 174050K->49667K(175104K)] 394059K->288357K(699392K), 0.0102029 secs] [Times: user=0.08 sys=0.00, real=0.02 secs] 
2016-09-15T11:50:02.525-0400: 194.596: [GC (GCLocker Initiated GC) [PSYoungGen: 137731K->79619K(175104K)] 382684K->373626K(699392K), 0.0134692 secs] [Times: user=0.15 sys=0.00, real=0.02 secs] 
2016-09-15T11:50:02.667-0400: 194.739: [GC (GCLocker Initiated GC) [PSYoungGen: 167683K->67597K(175104K)] 461945K->416653K(699392K), 0.0176585 secs] [Times: user=0.18 sys=0.00, real=0.02 secs] 
2016-09-15T11:50:02.821-0400: 194.892: [GC (GCLocker Initiated GC) [PSYoungGen: 155661K->43237K(175104K)] 511132K->423260K(699392K), 0.0205969 secs] [Times: user=0.19 sys=0.01, real=0.02 secs] 
2016-09-15T11:50:02.951-0400: 195.023: [GC (GCLocker Initiated GC) [PSYoungGen: 131301K->85662K(175104K)] 511685K->472592K(699392K), 0.0255123 secs] [Times: user=0.32 sys=0.01, real=0.03 secs] 
2016-09-15T11:50:03.109-0400: 195.180: [GC (Allocation Failure) [PSYoungGen: 173726K->37386K(175104K)] 573060K->491719K(699392K), 0.0089866 secs] [Times: user=0.11 sys=0.00, real=0.01 secs] 
2016-09-15T11:50:03.118-0400: 195.190: [Full GC (Ergonomics) [PSYoungGen: 37386K->0K(175104K)] [ParOldGen: 454333K->53490K(524288K)] 491719K->53490K(699392K), [Metaspace: 44506K->44506K(1087488K)], 0.0686075 secs] [Times: user=0.49 sys=0.02, real=0.06 secs] 
2016-09-15T11:50:03.297-0400: 195.369: [GC (GCLocker Initiated GC) [PSYoungGen: 88064K->85986K(175104K)] 141560K->145557K(699392K), 0.0080145 secs] [Times: user=0.11 sys=0.00, real=0.00 secs] 
2016-09-15T11:50:03.438-0400: 195.510: [GC (GCLocker Initiated GC) [PSYoungGen: 174050K->55223K(175104K)] 233651K->145442K(699392K), 0.0137971 secs] [Times: user=0.08 sys=0.00, real=0.01 secs] 
2016-09-15T11:50:03.562-0400: 195.634: [GC (GCLocker Initiated GC) [PSYoungGen: 143287K->55251K(175104K)] 233543K->212648K(699392K), 0.0094260 secs] [Times: user=0.11 sys=0.00, real=0.01 secs] 
2016-09-15T11:50:03.682-0400: 195.753: [GC (GCLocker Initiated GC) [PSYoungGen: 143315K->86182K(175104K)] 300759K->280228K(699392K), 0.0125163 secs] [Times: user=0.17 sys=0.00, real=0.01 secs] 
2016-09-15T11:50:03.815-0400: 195.887: [GC (GCLocker Initiated GC) [PSYoungGen: 174246K->73640K(175104K)] 368428K->310811K(699392K), 0.0088434 secs] [Times: user=0.12 sys=0.00, real=0.01 secs] 
2016-09-15T11:50:03.934-0400: 196.005: [GC (GCLocker Initiated GC) [PSYoungGen: 161704K->79779K(175104K)] 399113K->359880K(699392K), 0.0108254 secs] [Times: user=0.16 sys=0.00, real=0.01 secs] 
2016-09-15T11:50:04.093-0400: 196.165: [GC (GCLocker Initiated GC) [PSYoungGen: 167843K->61622K(175104K)] 448115K->396696K(699392K), 0.0125565 secs] [Times: user=0.12 sys=0.00, real=0.01 secs] 
2016-09-15T11:50:04.237-0400: 196.309: [GC (GCLocker Initiated GC) [PSYoungGen: 149686K->67437K(175104K)] 491169K->427405K(699392K), 0.0111138 secs] [Times: user=0.11 sys=0.00, real=0.01 secs] 
2016-09-15T11:50:04.358-0400: 196.429: [GC (GCLocker Initiated GC) [PSYoungGen: 155501K->85726K(175104K)] 515645K->464238K(699392K), 0.0103753 secs] [Times: user=0.14 sys=0.00, real=0.01 secs] 
2016-09-15T11:50:04.493-0400: 196.565: [GC (GCLocker Initiated GC) [PSYoungGen: 173790K->55255K(175104K)] 552663K->501229K(699392K), 0.0136338 secs] [Times: user=0.14 sys=0.01, real=0.01 secs] 
2016-09-15T11:50:04.507-0400: 196.579: [Full GC (Ergonomics) [PSYoungGen: 55255K->0K(175104K)] [ParOldGen: 445974K->47255K(524288K)] 501229K->47255K(699392K), [Metaspace: 44506K->44506K(1087488K)], 0.0659443 secs] [Times: user=0.40 sys=0.00, real=0.07 secs] 
2016-09-15T11:50:04.680-0400: 196.751: [GC (GCLocker Initiated GC) [PSYoungGen: 88064K->85982K(175104K)] 135362K->200105K(699392K), 0.0140133 secs] [Times: user=0.19 sys=0.00, real=0.01 secs] 
2016-09-15T11:50:04.812-0400: 196.884: [GC (GCLocker Initiated GC) [PSYoungGen: 174046K->55479K(175104K)] 294325K->279620K(699392K), 0.0126571 secs] [Times: user=0.18 sys=0.00, real=0.01 secs] 
2016-09-15T11:50:04.940-0400: 197.012: [GC (GCLocker Initiated GC) [PSYoungGen: 143543K->79715K(175104K)] 367765K->346754K(699392K), 0.0103799 secs] [Times: user=0.14 sys=0.01, real=0.01 secs] 
2016-09-15T11:50:05.081-0400: 197.153: [GC (GCLocker Initiated GC) [PSYoungGen: 167779K->79879K(175104K)] 441041K->408124K(699392K), 0.0177949 secs] [Times: user=0.19 sys=0.01, real=0.02 secs] 
2016-09-15T11:50:05.224-0400: 197.296: [GC (Allocation Failure) [PSYoungGen: 167943K->73736K(175104K)] 496302K->463349K(699392K), 0.0095049 secs] [Times: user=0.15 sys=0.00, real=0.01 secs] 
2016-09-15T11:50:05.357-0400: 197.429: [GC (GCLocker Initiated GC) [PSYoungGen: 161800K->55547K(175104K)] 551418K->481743K(699392K), 0.0163297 secs] [Times: user=0.19 sys=0.00, real=0.01 secs] 
2016-09-15T11:50:05.374-0400: 197.445: [Full GC (Ergonomics) [PSYoungGen: 55547K->0K(175104K)] [ParOldGen: 426196K->53334K(524288K)] 481743K->53334K(699392K), [Metaspace: 44506K->44506K(1087488K)], 0.0624408 secs] [Times: user=0.41 sys=0.01, real=0.07 secs] 
2016-09-15T11:50:05.600-0400: 197.672: [GC (GCLocker Initiated GC) [PSYoungGen: 88064K->74032K(175104K)] 147485K->133453K(699392K), 0.0083188 secs] [Times: user=0.10 sys=0.01, real=0.01 secs] 
2016-09-15T11:50:05.749-0400: 197.821: [GC (GCLocker Initiated GC) [PSYoungGen: 162096K->55351K(175104K)] 233703K->163847K(699392K), 0.0102024 secs] [Times: user=0.13 sys=0.00, real=0.01 secs] 
2016-09-15T11:50:05.893-0400: 197.965: [GC (GCLocker Initiated GC) [PSYoungGen: 143415K->73836K(175104K)] 264187K->243352K(699392K), 0.0121457 secs] [Times: user=0.14 sys=0.01, real=0.01 secs] 
2016-09-15T11:50:06.040-0400: 198.112: [GC (Allocation Failure) [PSYoungGen: 161900K->43397K(175104K)] 343910K->286473K(699392K), 0.0146668 secs] [Times: user=0.15 sys=0.00, real=0.01 secs] 
2016-09-15T11:50:06.164-0400: 198.235: [GC (GCLocker Initiated GC) [PSYoungGen: 129740K->37094K(175104K)] 378891K->286528K(699392K), 0.0104455 secs] [Times: user=0.13 sys=0.00, real=0.01 secs] 
2016-09-15T11:50:06.304-0400: 198.376: [GC (GCLocker Initiated GC) [PSYoungGen: 125158K->37094K(175104K)] 387439K->317875K(699392K), 0.0083529 secs] [Times: user=0.09 sys=0.00, real=0.01 secs] 
2016-09-15T11:50:06.452-0400: 198.523: [GC (GCLocker Initiated GC) [PSYoungGen: 125158K->55547K(175104K)] 418293K->349138K(699392K), 0.0122855 secs] [Times: user=0.15 sys=0.00, real=0.01 secs] 
2016-09-15T11:50:06.597-0400: 198.668: [GC (GCLocker Initiated GC) [PSYoungGen: 143611K->85726K(175104K)] 437306K->398273K(699392K), 0.0108294 secs] [Times: user=0.13 sys=0.00, real=0.01 secs] 
2016-09-15T11:50:06.711-0400: 198.783: [GC (GCLocker Initiated GC) [PSYoungGen: 173790K->79555K(175104K)] 486418K->428785K(699392K), 0.0193775 secs] [Times: user=0.25 sys=0.01, real=0.02 secs] 
2016-09-15T11:50:06.850-0400: 198.922: [GC (GCLocker Initiated GC) [PSYoungGen: 167619K->67369K(175104K)] 523095K->471729K(699392K), 0.0128792 secs] [Times: user=0.13 sys=0.00, real=0.01 secs] 
2016-09-15T11:50:07.000-0400: 199.071: [GC (Allocation Failure) [PSYoungGen: 155433K->55778K(175104K)] 566218K->466691K(699392K), 0.0076335 secs] [Times: user=0.08 sys=0.00, real=0.00 secs] 
2016-09-15T11:50:07.122-0400: 199.193: [GC (GCLocker Initiated GC) [PSYoungGen: 143484K->55255K(175104K)] 560472K->490922K(699392K), 0.0088258 secs] [Times: user=0.11 sys=0.00, real=0.01 secs] 
2016-09-15T11:50:07.261-0400: 199.332: [Full GC (Ergonomics) [PSYoungGen: 143319K->0K(175104K)] [ParOldGen: 441982K->47302K(524288K)] 585301K->47302K(699392K), [Metaspace: 44506K->44506K(1087488K)], 0.0640551 secs] [Times: user=0.34 sys=0.02, real=0.06 secs] 
2016-09-15T11:50:07.474-0400: 199.545: [GC (GCLocker Initiated GC) [PSYoungGen: 88064K->85890K(175104K)] 147815K->151716K(699392K), 0.0084408 secs] [Times: user=0.10 sys=0.00, real=0.01 secs] 
2016-09-15T11:50:07.603-0400: 199.675: [GC (GCLocker Initiated GC) [PSYoungGen: 173954K->49180K(175104K)] 240007K->158010K(699392K), 0.0122735 secs] [Times: user=0.10 sys=0.00, real=0.02 secs] 
2016-09-15T11:50:07.748-0400: 199.819: [GC (GCLocker Initiated GC) [PSYoungGen: 137244K->86150K(175104K)] 246395K->219745K(699392K), 0.0092648 secs] [Times: user=0.12 sys=0.00, real=0.01 secs] 
2016-09-15T11:50:07.912-0400: 199.984: [GC (GCLocker Initiated GC) [PSYoungGen: 174214K->43137K(175104K)] 314060K->219840K(699392K), 0.0111201 secs] [Times: user=0.10 sys=0.00, real=0.01 secs] 
2016-09-15T11:50:08.053-0400: 200.125: [GC (GCLocker Initiated GC) [PSYoungGen: 131201K->85922K(175104K)] 314062K->305368K(699392K), 0.0106456 secs] [Times: user=0.16 sys=0.00, real=0.01 secs] 
2016-09-15T11:50:08.202-0400: 200.274: [GC (GCLocker Initiated GC) [PSYoungGen: 173986K->49568K(175104K)] 399611K->366470K(699392K), 0.0133762 secs] [Times: user=0.19 sys=0.00, real=0.01 secs] 
2016-09-15T11:50:08.317-0400: 200.389: [GC (GCLocker Initiated GC) [PSYoungGen: 137632K->67597K(175104K)] 454594K->463865K(699392K), 0.0101823 secs] [Times: user=0.13 sys=0.01, real=0.00 secs] 
2016-09-15T11:50:08.452-0400: 200.524: [GC (GCLocker Initiated GC) [PSYoungGen: 155661K->73968K(175104K)] 558164K->513213K(699392K), 0.0091801 secs] [Times: user=0.14 sys=0.00, real=0.01 secs] 
2016-09-15T11:50:08.461-0400: 200.533: [Full GC (Ergonomics) [PSYoungGen: 73968K->0K(175104K)] [ParOldGen: 439244K->53389K(524288K)] 513213K->53389K(699392K), [Metaspace: 44506K->44506K(1087488K)], 0.0710036 secs] [Times: user=0.58 sys=0.01, real=0.07 secs] 
2016-09-15T11:50:08.656-0400: 200.727: [GC (Allocation Failure) [PSYoungGen: 88064K->86438K(175104K)] 147604K->164203K(699392K), 0.0103356 secs] [Times: user=0.12 sys=0.00, real=0.00 secs] 
2016-09-15T11:50:08.667-0400: 200.738: [GC (GCLocker Initiated GC) [PSYoungGen: 86446K->256K(175104K)] 164211K->188381K(699392K), 0.0087041 secs] [Times: user=0.12 sys=0.00, real=0.01 secs] 
2016-09-15T11:50:08.814-0400: 200.886: [GC (GCLocker Initiated GC) [PSYoungGen: 88320K->86018K(175104K)] 276447K->280220K(699392K), 0.0194623 secs] [Times: user=0.21 sys=0.00, real=0.02 secs] 
2016-09-15T11:50:08.939-0400: 201.011: [GC (GCLocker Initiated GC) [PSYoungGen: 174082K->85854K(175104K)] 374436K->353777K(699392K), 0.0139315 secs] [Times: user=0.20 sys=0.00, real=0.01 secs] 
2016-09-15T11:50:09.075-0400: 201.147: [GC (GCLocker Initiated GC) [PSYoungGen: 173918K->49308K(175104K)] 454347K->390818K(699392K), 0.0100239 secs] [Times: user=0.13 sys=0.00, real=0.01 secs] 
2016-09-15T11:50:09.217-0400: 201.289: [GC (GCLocker Initiated GC) [PSYoungGen: 137372K->73772K(175104K)] 485307K->422006K(699392K), 0.0102187 secs] [Times: user=0.09 sys=0.00, real=0.01 secs] 
2016-09-15T11:50:09.354-0400: 201.426: [GC (GCLocker Initiated GC) [PSYoungGen: 161836K->67597K(175104K)] 516187K->434373K(699392K), 0.0094093 secs] [Times: user=0.08 sys=0.00, real=0.01 secs] 
2016-09-15T11:50:09.487-0400: 201.559: [GC (GCLocker Initiated GC) [PSYoungGen: 155661K->67665K(175104K)] 528817K->483506K(699392K), 0.0133203 secs] [Times: user=0.17 sys=0.00, real=0.02 secs] 
2016-09-15T11:50:09.500-0400: 201.572: [Full GC (Ergonomics) [PSYoungGen: 67665K->0K(175104K)] [ParOldGen: 415841K->53804K(524288K)] 483506K->53804K(699392K), [Metaspace: 44506K->44506K(1087488K)], 0.0679015 secs] [Times: user=0.45 sys=0.01, real=0.07 secs] 
2016-09-15T11:50:09.690-0400: 201.762: [GC (GCLocker Initiated GC) [PSYoungGen: 88064K->85922K(175104K)] 148001K->158009K(699392K), 0.0121191 secs] [Times: user=0.13 sys=0.00, real=0.01 secs] 
2016-09-15T11:50:09.837-0400: 201.909: [GC (GCLocker Initiated GC) [PSYoungGen: 173986K->12829K(175104K)] 258372K->164441K(699392K), 0.0180545 secs] [Times: user=0.13 sys=0.00, real=0.01 secs] 
2016-09-15T11:50:09.987-0400: 202.058: [GC (GCLocker Initiated GC) [PSYoungGen: 100893K->55479K(175104K)] 258813K->213705K(699392K), 0.0070074 secs] [Times: user=0.07 sys=0.00, real=0.01 secs] 
2016-09-15T11:50:10.140-0400: 202.212: [GC (GCLocker Initiated GC) [PSYoungGen: 143543K->74000K(175104K)] 302030K->250864K(699392K), 0.0109383 secs] [Times: user=0.15 sys=0.00, real=0.01 secs] 
2016-09-15T11:50:10.260-0400: 202.332: [GC (GCLocker Initiated GC) [PSYoungGen: 162064K->55219K(175104K)] 339538K->269427K(699392K), 0.0089718 secs] [Times: user=0.09 sys=0.00, real=0.01 secs] 
2016-09-15T11:50:10.368-0400: 202.440: [GC (GCLocker Initiated GC) [PSYoungGen: 143283K->79751K(175104K)] 357657K->312477K(699392K), 0.0157770 secs] [Times: user=0.16 sys=0.00, real=0.01 secs] 
2016-09-15T11:50:10.496-0400: 202.567: [GC (GCLocker Initiated GC) [PSYoungGen: 167815K->85822K(175104K)] 400746K->343508K(699392K), 0.0140130 secs] [Times: user=0.16 sys=0.00, real=0.01 secs] 
2016-09-15T11:50:10.640-0400: 202.712: [GC (GCLocker Initiated GC) [PSYoungGen: 173886K->85530K(175104K)] 431855K->361836K(699392K), 0.0126023 secs] [Times: user=0.12 sys=0.01, real=0.01 secs] 
2016-09-15T11:50:10.793-0400: 202.865: [GC (GCLocker Initiated GC) [PSYoungGen: 173594K->37062K(175104K)] 456100K->319663K(699392K), 0.0110643 secs] [Times: user=0.09 sys=0.00, real=0.01 secs] 
2016-09-15T11:50:10.908-0400: 202.980: [GC (GCLocker Initiated GC) [PSYoungGen: 125126K->73348K(175104K)] 407852K->356350K(699392K), 0.0182419 secs] [Times: user=0.14 sys=0.00, real=0.01 secs] 
2016-09-15T11:50:11.052-0400: 203.124: [GC (Allocation Failure) [PSYoungGen: 161412K->79783K(175104K)] 444736K->381435K(699392K), 0.0124979 secs] [Times: user=0.12 sys=0.01, real=0.01 secs] 
2016-09-15T11:50:11.186-0400: 203.258: [GC (GCLocker Initiated GC) [PSYoungGen: 167847K->55647K(175104K)] 469506K->394039K(699392K), 0.0164235 secs] [Times: user=0.16 sys=0.00, real=0.02 secs] 
2016-09-15T11:50:11.310-0400: 203.382: [GC (GCLocker Initiated GC) [PSYoungGen: 143711K->73512K(175104K)] 488651K->418540K(699392K), 0.0168279 secs] [Times: user=0.17 sys=0.00, real=0.01 secs] 
2016-09-15T11:50:11.464-0400: 203.535: [GC (GCLocker Initiated GC) [PSYoungGen: 161576K->55223K(175104K)] 512838K->461435K(699392K), 0.0223805 secs] [Times: user=0.22 sys=0.00, real=0.02 secs] 
2016-09-15T11:50:11.619-0400: 203.690: [GC (GCLocker Initiated GC) [PSYoungGen: 143287K->61362K(175104K)] 555930K->516790K(699392K), 0.0204230 secs] [Times: user=0.20 sys=0.00, real=0.02 secs] 
2016-09-15T11:50:11.639-0400: 203.711: [Full GC (Ergonomics) [PSYoungGen: 61362K->0K(175104K)] [ParOldGen: 455427K->52927K(524288K)] 516790K->52927K(699392K), [Metaspace: 44508K->44508K(1087488K)], 0.0690923 secs] [Times: user=0.43 sys=0.01, real=0.07 secs] 
2016-09-15T11:50:11.844-0400: 203.915: [GC (GCLocker Initiated GC) [PSYoungGen: 88064K->85954K(175104K)] 153859K->151749K(699392K), 0.0097714 secs] [Times: user=0.10 sys=0.00, real=0.01 secs] 
2016-09-15T11:50:11.959-0400: 204.030: [GC (GCLocker Initiated GC) [PSYoungGen: 174018K->85562K(175104K)] 239872K->212457K(699392K), 0.0201326 secs] [Times: user=0.25 sys=0.00, real=0.02 secs] 
2016-09-15T11:50:12.087-0400: 204.159: [GC (GCLocker Initiated GC) [PSYoungGen: 173626K->73640K(175104K)] 306705K->279754K(699392K), 0.0110257 secs] [Times: user=0.14 sys=0.01, real=0.02 secs] 
2016-09-15T11:50:12.236-0400: 204.308: [GC (GCLocker Initiated GC) [PSYoungGen: 161704K->85790K(175104K)] 367955K->298432K(699392K), 0.0090193 secs] [Times: user=0.11 sys=0.00, real=0.00 secs] 
2016-09-15T11:50:12.356-0400: 204.428: [GC (GCLocker Initiated GC) [PSYoungGen: 173854K->86150K(175104K)] 386695K->354021K(699392K), 0.0101664 secs] [Times: user=0.15 sys=0.00, real=0.00 secs] 
2016-09-15T11:50:12.493-0400: 204.565: [GC (GCLocker Initiated GC) [PSYoungGen: 174214K->79715K(175104K)] 448370K->390792K(699392K), 0.0204918 secs] [Times: user=0.28 sys=0.00, real=0.02 secs] 
2016-09-15T11:50:12.637-0400: 204.708: [GC (GCLocker Initiated GC) [PSYoungGen: 167779K->61462K(175104K)] 478993K->372943K(699392K), 0.0086771 secs] [Times: user=0.07 sys=0.00, real=0.00 secs] 
2016-09-15T11:50:12.779-0400: 204.851: [GC (GCLocker Initiated GC) [PSYoungGen: 149526K->43137K(175104K)] 467242K->403817K(699392K), 0.0104998 secs] [Times: user=0.09 sys=0.00, real=0.01 secs] 
2016-09-15T11:50:12.904-0400: 204.976: [GC (GCLocker Initiated GC) [PSYoungGen: 131201K->67665K(175104K)] 498123K->434870K(699392K), 0.0160642 secs] [Times: user=0.15 sys=0.01, real=0.02 secs] 
2016-09-15T11:50:13.061-0400: 205.133: [GC (GCLocker Initiated GC) [PSYoungGen: 155729K->73412K(175104K)] 522936K->459136K(699392K), 0.0094730 secs] [Times: user=0.11 sys=0.00, real=0.01 secs] 
2016-09-15T11:50:13.215-0400: 205.287: [GC (GCLocker Initiated GC) [PSYoungGen: 161476K->37130K(175104K)] 565769K->441510K(699392K), 0.0133060 secs] [Times: user=0.16 sys=0.00, real=0.02 secs] 
2016-09-15T11:50:13.335-0400: 205.407: [GC (GCLocker Initiated GC) [PSYoungGen: 125194K->73640K(175104K)] 529694K->478456K(699392K), 0.0083611 secs] [Times: user=0.12 sys=0.00, real=0.01 secs] 
2016-09-15T11:50:13.467-0400: 205.538: [GC (GCLocker Initiated GC) [PSYoungGen: 161704K->86086K(175104K)] 566574K->533780K(699392K), 0.0114651 secs] [Times: user=0.12 sys=0.01, real=0.02 secs] 
2016-09-15T11:50:13.478-0400: 205.550: [Full GC (Ergonomics) [PSYoungGen: 86086K->0K(175104K)] [ParOldGen: 447694K->52973K(524288K)] 533780K->52973K(699392K), [Metaspace: 44508K->44508K(1087488K)], 0.0662981 secs] [Times: user=0.48 sys=0.01, real=0.06 secs] 
2016-09-15T11:50:13.691-0400: 205.763: [GC (Allocation Failure) [PSYoungGen: 88064K->86110K(175104K)] 147221K->157417K(699392K), 0.0089488 secs] [Times: user=0.10 sys=0.00, real=0.01 secs] 
2016-09-15T11:50:13.845-0400: 205.917: [GC (GCLocker Initiated GC) [PSYoungGen: 174174K->73476K(175104K)] 245487K->206134K(699392K), 0.0092510 secs] [Times: user=0.14 sys=0.00, real=0.01 secs] 
2016-09-15T11:50:13.951-0400: 206.023: [GC (GCLocker Initiated GC) [PSYoungGen: 161540K->73540K(175104K)] 300562K->230939K(699392K), 0.0093226 secs] [Times: user=0.12 sys=0.00, real=0.01 secs] 
2016-09-15T11:50:14.085-0400: 206.157: [GC (GCLocker Initiated GC) [PSYoungGen: 161604K->74164K(175104K)] 319029K->249981K(699392K), 0.0087127 secs] [Times: user=0.14 sys=0.00, real=0.01 secs] 
2016-09-15T11:50:14.223-0400: 206.295: [GC (GCLocker Initiated GC) [PSYoungGen: 162228K->73672K(175104K)] 344262K->256358K(699392K), 0.0102503 secs] [Times: user=0.12 sys=0.00, real=0.01 secs] 
2016-09-15T11:50:14.337-0400: 206.409: [GC (GCLocker Initiated GC) [PSYoungGen: 161736K->79651K(175104K)] 344571K->280838K(699392K), 0.0148890 secs] [Times: user=0.17 sys=0.00, real=0.01 secs] 
2016-09-15T11:50:14.470-0400: 206.542: [GC (GCLocker Initiated GC) [PSYoungGen: 167715K->55319K(175104K)] 375339K->311787K(699392K), 0.0210489 secs] [Times: user=0.23 sys=0.01, real=0.02 secs] 
2016-09-15T11:50:14.617-0400: 206.689: [GC (GCLocker Initiated GC) [PSYoungGen: 143383K->73640K(175104K)] 399954K->330527K(699392K), 0.0082568 secs] [Times: user=0.10 sys=0.00, real=0.00 secs] 
2016-09-15T11:50:14.743-0400: 206.814: [GC (GCLocker Initiated GC) [PSYoungGen: 161704K->61690K(175104K)] 424881K->343367K(699392K), 0.0136047 secs] [Times: user=0.11 sys=0.01, real=0.02 secs] 
2016-09-15T11:50:14.878-0400: 206.949: [GC (GCLocker Initiated GC) [PSYoungGen: 149754K->73476K(175104K)] 431680K->374083K(699392K), 0.0094056 secs] [Times: user=0.12 sys=0.00, real=0.00 secs] 
2016-09-15T11:50:15.011-0400: 207.082: [GC (GCLocker Initiated GC) [PSYoungGen: 161540K->85954K(175104K)] 468280K->435371K(699392K), 0.0121899 secs] [Times: user=0.17 sys=0.02, real=0.01 secs] 
2016-09-15T11:50:15.152-0400: 207.224: [GC (GCLocker Initiated GC) [PSYoungGen: 174018K->73412K(175104K)] 523482K->447804K(699392K), 0.0115807 secs] [Times: user=0.13 sys=0.00, real=0.01 secs] 
2016-09-15T11:50:15.276-0400: 207.347: [GC (Allocation Failure) [PSYoungGen: 161476K->86182K(175104K)] 535955K->521570K(699392K), 0.0131838 secs] [Times: user=0.17 sys=0.00, real=0.01 secs] 
2016-09-15T11:50:15.413-0400: 207.485: [GC (GCLocker Initiated GC) [PSYoungGen: 174246K->85886K(175104K)] 609640K->570336K(699392K), 0.0136194 secs] [Times: user=0.15 sys=0.00, real=0.01 secs] 
2016-09-15T11:50:15.427-0400: 207.499: [Full GC (Ergonomics) [PSYoungGen: 85886K->0K(175104K)] [ParOldGen: 484449K->53253K(524288K)] 570336K->53253K(699392K), [Metaspace: 44510K->44510K(1087488K)], 0.0629472 secs] [Times: user=0.34 sys=0.01, real=0.07 secs] 
2016-09-15T11:50:15.620-0400: 207.692: [GC (GCLocker Initiated GC) [PSYoungGen: 88064K->86274K(175104K)] 147559K->163994K(699392K), 0.0129014 secs] [Times: user=0.17 sys=0.00, real=0.01 secs] 
2016-09-15T11:50:15.757-0400: 207.828: [GC (GCLocker Initiated GC) [PSYoungGen: 174338K->55223K(175104K)] 252083K->182240K(699392K), 0.0142468 secs] [Times: user=0.10 sys=0.01, real=0.01 secs] 
2016-09-15T11:50:15.873-0400: 207.945: [GC (GCLocker Initiated GC) [PSYoungGen: 143287K->67565K(175104K)] 270469K->249737K(699392K), 0.0137973 secs] [Times: user=0.18 sys=0.01, real=0.01 secs] 
2016-09-15T11:50:16.011-0400: 208.083: [GC (GCLocker Initiated GC) [PSYoungGen: 155629K->86182K(175104K)] 337860K->329486K(699392K), 0.0113249 secs] [Times: user=0.17 sys=0.01, real=0.01 secs] 
2016-09-15T11:50:16.151-0400: 208.223: [GC (GCLocker Initiated GC) [PSYoungGen: 174246K->61522K(175104K)] 417569K->359804K(699392K), 0.0203681 secs] [Times: user=0.25 sys=0.01, real=0.02 secs] 
2016-09-15T11:50:16.308-0400: 208.380: [GC (GCLocker Initiated GC) [PSYoungGen: 149586K->73804K(175104K)] 448207K->409143K(699392K), 0.0130813 secs] [Times: user=0.13 sys=0.01, real=0.01 secs] 
2016-09-15T11:50:16.447-0400: 208.518: [GC (GCLocker Initiated GC) [PSYoungGen: 161868K->67373K(175104K)] 497428K->421410K(699392K), 0.0146283 secs] [Times: user=0.11 sys=0.00, real=0.02 secs] 
2016-09-15T11:50:16.570-0400: 208.642: [GC (GCLocker Initiated GC) [PSYoungGen: 155437K->55906K(175104K)] 509744K->458974K(699392K), 0.0090832 secs] [Times: user=0.13 sys=0.00, real=0.01 secs] 
2016-09-15T11:50:16.706-0400: 208.778: [GC (GCLocker Initiated GC) [PSYoungGen: 143970K->85854K(175104K)] 547264K->507852K(699392K), 0.0101210 secs] [Times: user=0.12 sys=0.00, real=0.02 secs] 
2016-09-15T11:50:16.855-0400: 208.927: [GC (GCLocker Initiated GC) [PSYoungGen: 173918K->67565K(175104K)] 596103K->520408K(699392K), 0.0102716 secs] [Times: user=0.11 sys=0.00, real=0.01 secs] 
2016-09-15T11:50:16.866-0400: 208.938: [Full GC (Ergonomics) [PSYoungGen: 67565K->0K(175104K)] [ParOldGen: 452843K->53377K(524288K)] 520408K->53377K(699392K), [Metaspace: 44511K->44511K(1087488K)], 0.0689699 secs] [Times: user=0.52 sys=0.01, real=0.07 secs] 
2016-09-15T11:50:17.070-0400: 209.141: [GC (GCLocker Initiated GC) [PSYoungGen: 88064K->86046K(175104K)] 141612K->182119K(699392K), 0.0112033 secs] [Times: user=0.13 sys=0.01, real=0.01 secs] 
2016-09-15T11:50:17.188-0400: 209.260: [GC (GCLocker Initiated GC) [PSYoungGen: 174110K->49208K(175104K)] 276322K->230950K(699392K), 0.0233306 secs] [Times: user=0.31 sys=0.00, real=0.02 secs] 
2016-09-15T11:50:17.329-0400: 209.400: [GC (GCLocker Initiated GC) [PSYoungGen: 137272K->73772K(175104K)] 325445K->280345K(699392K), 0.0108523 secs] [Times: user=0.13 sys=0.00, real=0.01 secs] 
2016-09-15T11:50:17.464-0400: 209.536: [GC (GCLocker Initiated GC) [PSYoungGen: 161836K->61262K(175104K)] 369145K->287400K(699392K), 0.0102969 secs] [Times: user=0.12 sys=0.00, real=0.01 secs] 
2016-09-15T11:50:17.586-0400: 209.658: [GC (GCLocker Initiated GC) [PSYoungGen: 149326K->43073K(175104K)] 375651K->299885K(699392K), 0.0090706 secs] [Times: user=0.08 sys=0.01, real=0.01 secs] 
2016-09-15T11:50:17.710-0400: 209.782: [GC (GCLocker Initiated GC) [PSYoungGen: 131137K->86509K(175104K)] 388294K->368274K(699392K), 0.0128044 secs] [Times: user=0.15 sys=0.00, real=0.01 secs] 
2016-09-15T11:50:17.853-0400: 209.925: [GC (GCLocker Initiated GC) [PSYoungGen: 174573K->61490K(175104K)] 456498K->380148K(699392K), 0.0145443 secs] [Times: user=0.16 sys=0.00, real=0.02 secs] 
2016-09-15T11:50:17.995-0400: 210.067: [GC (Allocation Failure) [PSYoungGen: 149554K->55579K(175104K)] 474289K->429042K(699392K), 0.0092026 secs] [Times: user=0.12 sys=0.00, real=0.01 secs] 
2016-09-15T11:50:18.106-0400: 210.178: [GC (GCLocker Initiated GC) [PSYoungGen: 137716K->55807K(175104K)] 517254K->453893K(699392K), 0.0079699 secs] [Times: user=0.10 sys=0.00, real=0.01 secs] 
2016-09-15T11:50:18.244-0400: 210.316: [GC (GCLocker Initiated GC) [PSYoungGen: 143871K->85954K(175104K)] 542146K->496507K(699392K), 0.0108990 secs] [Times: user=0.11 sys=0.00, real=0.01 secs] 
2016-09-15T11:50:18.376-0400: 210.448: [GC (GCLocker Initiated GC) [PSYoungGen: 174018K->67437K(175104K)] 584781K->527083K(699392K), 0.0161818 secs] [Times: user=0.12 sys=0.01, real=0.01 secs] 
2016-09-15T11:50:18.393-0400: 210.464: [Full GC (Ergonomics) [PSYoungGen: 67437K->0K(175104K)] [ParOldGen: 459646K->53399K(524288K)] 527083K->53399K(699392K), [Metaspace: 44519K->44519K(1087488K)], 0.0676785 secs] [Times: user=0.42 sys=0.01, real=0.07 secs] 
2016-09-15T11:50:18.595-0400: 210.667: [GC (GCLocker Initiated GC) [PSYoungGen: 88064K->74420K(175104K)] 153683K->140039K(699392K), 0.0072754 secs] [Times: user=0.10 sys=0.00, real=0.01 secs] 
2016-09-15T11:50:18.739-0400: 210.811: [GC (GCLocker Initiated GC) [PSYoungGen: 162484K->37485K(175104K)] 234355K->146706K(699392K), 0.0182202 secs] [Times: user=0.25 sys=0.00, real=0.02 secs] 
2016-09-15T11:50:18.852-0400: 210.924: [GC (GCLocker Initiated GC) [PSYoungGen: 125549K->85854K(175104K)] 234979K->213652K(699392K), 0.0094084 secs] [Times: user=0.14 sys=0.00, real=0.01 secs] 
2016-09-15T11:50:18.997-0400: 211.069: [GC (GCLocker Initiated GC) [PSYoungGen: 173918K->55287K(175104K)] 308147K->208040K(699392K), 0.0083822 secs] [Times: user=0.11 sys=0.00, real=0.00 secs] 
2016-09-15T11:50:19.131-0400: 211.203: [GC (GCLocker Initiated GC) [PSYoungGen: 143351K->55807K(175104K)] 308447K->221210K(699392K), 0.0073548 secs] [Times: user=0.10 sys=0.00, real=0.01 secs] 
2016-09-15T11:50:19.299-0400: 211.371: [GC (GCLocker Initiated GC) [PSYoungGen: 143871K->73836K(175104K)] 309423K->257905K(699392K), 0.0100769 secs] [Times: user=0.11 sys=0.00, real=0.01 secs] 
2016-09-15T11:50:19.428-0400: 211.500: [GC (Allocation Failure) [PSYoungGen: 161900K->74196K(175104K)] 346184K->276840K(699392K), 0.0090320 secs] [Times: user=0.13 sys=0.00, real=0.01 secs] 
2016-09-15T11:50:19.549-0400: 211.621: [GC (GCLocker Initiated GC) [PSYoungGen: 158070K->61362K(175104K)] 366790K->282515K(699392K), 0.0093860 secs] [Times: user=0.08 sys=0.00, real=0.01 secs] 
2016-09-15T11:50:19.697-0400: 211.768: [GC (GCLocker Initiated GC) [PSYoungGen: 149426K->36966K(175104K)] 371266K->295352K(699392K), 0.0140213 secs] [Times: user=0.09 sys=0.01, real=0.01 secs] 
2016-09-15T11:50:19.843-0400: 211.914: [GC (GCLocker Initiated GC) [PSYoungGen: 125030K->85562K(175104K)] 383935K->350826K(699392K), 0.0126955 secs] [Times: user=0.13 sys=0.00, real=0.01 secs] 
2016-09-15T11:50:19.972-0400: 212.044: [GC (Allocation Failure) [PSYoungGen: 173626K->49116K(175104K)] 444989K->338792K(699392K), 0.0178401 secs] [Times: user=0.16 sys=0.00, real=0.02 secs] 
2016-09-15T11:50:20.102-0400: 212.174: [GC (GCLocker Initiated GC) [PSYoungGen: 134938K->73740K(175104K)] 430690K->406217K(699392K), 0.0226846 secs] [Times: user=0.24 sys=0.00, real=0.02 secs] 
2016-09-15T11:50:20.280-0400: 212.352: [GC (GCLocker Initiated GC) [PSYoungGen: 161804K->55287K(175104K)] 494290K->400190K(699392K), 0.0098361 secs] [Times: user=0.08 sys=0.01, real=0.01 secs] 
2016-09-15T11:50:20.423-0400: 212.494: [GC (GCLocker Initiated GC) [PSYoungGen: 143351K->43333K(175104K)] 494372K->425184K(699392K), 0.0114297 secs] [Times: user=0.08 sys=0.01, real=0.01 secs] 
2016-09-15T11:50:20.550-0400: 212.621: [GC (GCLocker Initiated GC) [PSYoungGen: 131397K->61558K(175104K)] 513396K->462074K(699392K), 0.0148443 secs] [Times: user=0.17 sys=0.01, real=0.01 secs] 
2016-09-15T11:50:20.661-0400: 212.732: [GC (GCLocker Initiated GC) [PSYoungGen: 149622K->86018K(175104K)] 550459K->566498K(699392K), 0.0118275 secs] [Times: user=0.18 sys=0.00, real=0.01 secs] 
2016-09-15T11:50:20.673-0400: 212.744: [Full GC (Ergonomics) [PSYoungGen: 86018K->0K(175104K)] [ParOldGen: 480480K->59987K(524288K)] 566498K->59987K(699392K), [Metaspace: 44519K->44519K(1087488K)], 0.0684696 secs] [Times: user=0.52 sys=0.01, real=0.07 secs] 
2016-09-15T11:50:20.865-0400: 212.937: [GC (Allocation Failure) [PSYoungGen: 88064K->86342K(175104K)] 154279K->164707K(699392K), 0.0113237 secs] [Times: user=0.14 sys=0.01, real=0.02 secs] 
2016-09-15T11:50:20.981-0400: 213.052: [GC (GCLocker Initiated GC) [PSYoungGen: 169616K->73640K(175104K)] 254057K->219730K(699392K), 0.0185133 secs] [Times: user=0.28 sys=0.00, real=0.02 secs] 
2016-09-15T11:50:21.131-0400: 213.203: [GC (GCLocker Initiated GC) [PSYoungGen: 161704K->67829K(175104K)] 320176K->244834K(699392K), 0.0086653 secs] [Times: user=0.12 sys=0.00, real=0.01 secs] 
2016-09-15T11:50:21.286-0400: 213.357: [GC (GCLocker Initiated GC) [PSYoungGen: 155893K->85594K(175104K)] 333040K->311633K(699392K), 0.0126821 secs] [Times: user=0.18 sys=0.00, real=0.02 secs] 
2016-09-15T11:50:21.425-0400: 213.496: [GC (GCLocker Initiated GC) [PSYoungGen: 173658K->61102K(175104K)] 405882K->329879K(699392K), 0.0329706 secs] [Times: user=0.32 sys=0.01, real=0.04 secs] 
2016-09-15T11:50:21.578-0400: 213.650: [GC (GCLocker Initiated GC) [PSYoungGen: 149166K->74000K(175104K)] 418025K->397694K(699392K), 0.0167826 secs] [Times: user=0.21 sys=0.00, real=0.01 secs] 
2016-09-15T11:50:21.719-0400: 213.791: [GC (GCLocker Initiated GC) [PSYoungGen: 162064K->49244K(175104K)] 485797K->409727K(699392K), 0.0173949 secs] [Times: user=0.15 sys=0.00, real=0.02 secs] 
2016-09-15T11:50:21.847-0400: 213.919: [GC (GCLocker Initiated GC) [PSYoungGen: 137308K->85626K(175104K)] 503913K->458770K(699392K), 0.0242007 secs] [Times: user=0.28 sys=0.00, real=0.03 secs] 
2016-09-15T11:50:21.980-0400: 214.052: [GC (GCLocker Initiated GC) [PSYoungGen: 173690K->49475K(175104K)] 546882K->483553K(699392K), 0.0254866 secs] [Times: user=0.25 sys=0.00, real=0.02 secs] 
2016-09-15T11:50:22.111-0400: 214.183: [GC (GCLocker Initiated GC) [PSYoungGen: 137539K->55415K(175104K)] 577718K->556954K(699392K), 0.0105102 secs] [Times: user=0.15 sys=0.02, real=0.01 secs] 
2016-09-15T11:50:22.122-0400: 214.194: [Full GC (Ergonomics) [PSYoungGen: 55415K->0K(175104K)] [ParOldGen: 501539K->47397K(524288K)] 556954K->47397K(699392K), [Metaspace: 44519K->44519K(1087488K)], 0.0674501 secs] [Times: user=0.55 sys=0.01, real=0.07 secs] 
2016-09-15T11:50:22.310-0400: 214.382: [GC (GCLocker Initiated GC) [PSYoungGen: 88064K->86306K(175104K)] 141751K->158219K(699392K), 0.0086154 secs] [Times: user=0.13 sys=0.00, real=0.01 secs] 
2016-09-15T11:50:22.437-0400: 214.509: [GC (GCLocker Initiated GC) [PSYoungGen: 174370K->86150K(175104K)] 246330K->207454K(699392K), 0.0160182 secs] [Times: user=0.20 sys=0.01, real=0.01 secs] 
2016-09-15T11:50:22.598-0400: 214.670: [GC (Allocation Failure) [PSYoungGen: 174214K->43137K(175104K)] 301847K->207496K(699392K), 0.0316579 secs] [Times: user=0.30 sys=0.00, real=0.03 secs] 
2016-09-15T11:50:22.745-0400: 214.817: [GC (GCLocker Initiated GC) [PSYoungGen: 128277K->73640K(175104K)] 298711K->244365K(699392K), 0.0156665 secs] [Times: user=0.21 sys=0.00, real=0.02 secs] 
2016-09-15T11:50:22.898-0400: 214.969: [GC (Allocation Failure) [PSYoungGen: 161704K->61558K(175104K)] 332655K->251002K(699392K), 0.0101826 secs] [Times: user=0.12 sys=0.00, real=0.01 secs] 
2016-09-15T11:50:23.045-0400: 215.116: [GC (GCLocker Initiated GC) [PSYoungGen: 147520K->55415K(175104K)] 343040K->251094K(699392K), 0.0112041 secs] [Times: user=0.16 sys=0.01, real=0.02 secs] 
2016-09-15T11:50:23.174-0400: 215.246: [GC (GCLocker Initiated GC) [PSYoungGen: 143479K->55219K(175104K)] 339200K->251264K(699392K), 0.0070759 secs] [Times: user=0.08 sys=0.00, real=0.01 secs] 
2016-09-15T11:50:23.283-0400: 215.355: [GC (GCLocker Initiated GC) [PSYoungGen: 143283K->86018K(175104K)] 339376K->336946K(699392K), 0.0113512 secs] [Times: user=0.17 sys=0.00, real=0.01 secs] 
2016-09-15T11:50:23.415-0400: 215.487: [GC (Allocation Failure) [PSYoungGen: 174082K->55415K(175104K)] 425287K->367825K(699392K), 0.0172878 secs] [Times: user=0.24 sys=0.01, real=0.02 secs] 
2016-09-15T11:50:23.539-0400: 215.610: [GC (GCLocker Initiated GC) [PSYoungGen: 143479K->85822K(175104K)] 455895K->416599K(699392K), 0.0104118 secs] [Times: user=0.10 sys=0.01, real=0.01 secs] 
2016-09-15T11:50:23.675-0400: 215.746: [GC (GCLocker Initiated GC) [PSYoungGen: 173886K->85954K(175104K)] 504811K->465638K(699392K), 0.0107153 secs] [Times: user=0.16 sys=0.00, real=0.01 secs] 
2016-09-15T11:50:23.794-0400: 215.865: [GC (GCLocker Initiated GC) [PSYoungGen: 174018K->67533K(175104K)] 553913K->502427K(699392K), 0.0094761 secs] [Times: user=0.13 sys=0.00, real=0.01 secs] 
2016-09-15T11:50:23.803-0400: 215.875: [Full GC (Ergonomics) [PSYoungGen: 67533K->0K(175104K)] [ParOldGen: 434894K->53886K(524288K)] 502427K->53886K(699392K), [Metaspace: 44522K->44522K(1087488K)], 0.0645681 secs] [Times: user=0.46 sys=0.01, real=0.07 secs] 
2016-09-15T11:50:23.974-0400: 216.045: [GC (GCLocker Initiated GC) [PSYoungGen: 88064K->86210K(175104K)] 142283K->146504K(699392K), 0.0100266 secs] [Times: user=0.14 sys=0.00, real=0.01 secs] 
2016-09-15T11:50:24.122-0400: 216.194: [GC (Allocation Failure) [PSYoungGen: 174274K->36866K(175104K)] 234756K->158949K(699392K), 0.0131134 secs] [Times: user=0.14 sys=0.00, real=0.02 secs] 
2016-09-15T11:50:24.136-0400: 216.208: [GC (GCLocker Initiated GC) [PSYoungGen: 37496K->160K(175104K)] 159580K->177133K(699392K), 0.0065728 secs] [Times: user=0.07 sys=0.01, real=0.00 secs] 
2016-09-15T11:50:24.250-0400: 216.322: [GC (GCLocker Initiated GC) [PSYoungGen: 83527K->86990K(175104K)] 266576K->276121K(699392K), 0.0077437 secs] [Times: user=0.10 sys=0.00, real=0.01 secs] 
2016-09-15T11:50:24.411-0400: 216.482: [GC (GCLocker Initiated GC) [PSYoungGen: 175054K->55483K(175104K)] 364361K->300784K(699392K), 0.0117841 secs] [Times: user=0.14 sys=0.00, real=0.01 secs] 
2016-09-15T11:50:24.535-0400: 216.606: [GC (GCLocker Initiated GC) [PSYoungGen: 143547K->73836K(175104K)] 388850K->319602K(699392K), 0.0074469 secs] [Times: user=0.10 sys=0.00, real=0.01 secs] 
2016-09-15T11:50:24.664-0400: 216.735: [GC (GCLocker Initiated GC) [PSYoungGen: 161900K->85758K(175104K)] 413874K->386656K(699392K), 0.0271284 secs] [Times: user=0.36 sys=0.00, real=0.03 secs] 
2016-09-15T11:50:24.808-0400: 216.880: [GC (GCLocker Initiated GC) [PSYoungGen: 173822K->73804K(175104K)] 474890K->417541K(699392K), 0.0112379 secs] [Times: user=0.13 sys=0.01, real=0.01 secs] 
2016-09-15T11:50:24.929-0400: 217.000: [GC (GCLocker Initiated GC) [PSYoungGen: 161868K->85854K(175104K)] 505675K->508983K(699392K), 0.0124032 secs] [Times: user=0.19 sys=0.00, real=0.01 secs] 
2016-09-15T11:50:24.941-0400: 217.013: [Full GC (Ergonomics) [PSYoungGen: 85854K->0K(175104K)] [ParOldGen: 423129K->59977K(524288K)] 508983K->59977K(699392K), [Metaspace: 44522K->44522K(1087488K)], 0.0638077 secs] [Times: user=0.52 sys=0.01, real=0.06 secs] 
2016-09-15T11:50:25.113-0400: 217.185: [GC (GCLocker Initiated GC) [PSYoungGen: 88064K->86438K(175104K)] 148183K->158707K(699392K), 0.0092395 secs] [Times: user=0.12 sys=0.00, real=0.01 secs] 
2016-09-15T11:50:25.229-0400: 217.300: [GC (GCLocker Initiated GC) [PSYoungGen: 174502K->67661K(175104K)] 253141K->189733K(699392K), 0.0096119 secs] [Times: user=0.13 sys=0.00, real=0.01 secs] 
2016-09-15T11:50:25.355-0400: 217.427: [GC (Allocation Failure) [PSYoungGen: 155725K->86349K(175104K)] 277978K->214961K(699392K), 0.0100810 secs] [Times: user=0.12 sys=0.01, real=0.01 secs] 
2016-09-15T11:50:25.500-0400: 217.572: [GC (GCLocker Initiated GC) [PSYoungGen: 169832K->55447K(175104K)] 304518K->245272K(699392K), 0.0097768 secs] [Times: user=0.14 sys=0.00, real=0.01 secs] 
2016-09-15T11:50:25.663-0400: 217.734: [GC (GCLocker Initiated GC) [PSYoungGen: 143511K->55711K(175104K)] 333546K->264075K(699392K), 0.0096987 secs] [Times: user=0.11 sys=0.00, real=0.01 secs] 
2016-09-15T11:50:25.786-0400: 217.857: [GC (GCLocker Initiated GC) [PSYoungGen: 143775K->61234K(175104K)] 352253K->269971K(699392K), 0.0107280 secs] [Times: user=0.08 sys=0.00, real=0.02 secs] 
2016-09-15T11:50:25.904-0400: 217.976: [GC (GCLocker Initiated GC) [PSYoungGen: 149298K->73704K(175104K)] 358274K->319265K(699392K), 0.0134025 secs] [Times: user=0.16 sys=0.00, real=0.02 secs] 
2016-09-15T11:50:26.041-0400: 218.112: [GC (GCLocker Initiated GC) [PSYoungGen: 161768K->61654K(175104K)] 407551K->344007K(699392K), 0.0142109 secs] [Times: user=0.18 sys=0.00, real=0.01 secs] 
2016-09-15T11:50:26.170-0400: 218.241: [GC (GCLocker Initiated GC) [PSYoungGen: 149718K->55451K(175104K)] 438390K->344422K(699392K), 0.0074583 secs] [Times: user=0.08 sys=0.00, real=0.01 secs] 
2016-09-15T11:50:26.303-0400: 218.374: [GC (GCLocker Initiated GC) [PSYoungGen: 143515K->37030K(175104K)] 451050K->363025K(699392K), 0.0103900 secs] [Times: user=0.11 sys=0.01, real=0.01 secs] 
2016-09-15T11:50:26.446-0400: 218.517: [GC (GCLocker Initiated GC) [PSYoungGen: 125094K->86018K(175104K)] 451259K->418386K(699392K), 0.0087989 secs] [Times: user=0.14 sys=0.00, real=0.01 secs] 
2016-09-15T11:50:26.578-0400: 218.650: [GC (GCLocker Initiated GC) [PSYoungGen: 174082K->79555K(175104K)] 506565K->448779K(699392K), 0.0119233 secs] [Times: user=0.13 sys=0.01, real=0.01 secs] 
2016-09-15T11:50:26.706-0400: 218.777: [GC (GCLocker Initiated GC) [PSYoungGen: 167619K->49344K(175104K)] 543235K->467581K(699392K), 0.0180546 secs] [Times: user=0.18 sys=0.00, real=0.02 secs] 
2016-09-15T11:50:26.858-0400: 218.930: [GC (GCLocker Initiated GC) [PSYoungGen: 137408K->73480K(175104K)] 555861K->510605K(699392K), 0.0147489 secs] [Times: user=0.14 sys=0.00, real=0.01 secs] 
2016-09-15T11:50:27.003-0400: 219.075: [GC (GCLocker Initiated GC) [PSYoungGen: 161544K->61394K(175104K)] 604948K->541516K(699392K), 0.0127449 secs] [Times: user=0.13 sys=0.00, real=0.02 secs] 
2016-09-15T11:50:27.016-0400: 219.087: [Full GC (Ergonomics) [PSYoungGen: 61394K->0K(175104K)] [ParOldGen: 480122K->53767K(524288K)] 541516K->53767K(699392K), [Metaspace: 44531K->44531K(1087488K)], 0.0690421 secs] [Times: user=0.38 sys=0.01, real=0.06 secs] 
2016-09-15T11:50:27.197-0400: 219.268: [GC (GCLocker Initiated GC) [PSYoungGen: 88064K->86566K(175104K)] 148205K->171008K(699392K), 0.0172152 secs] [Times: user=0.25 sys=0.01, real=0.01 secs] 
2016-09-15T11:50:27.350-0400: 219.422: [GC (GCLocker Initiated GC) [PSYoungGen: 174630K->37222K(175104K)] 277439K->196034K(699392K), 0.0076932 secs] [Times: user=0.11 sys=0.00, real=0.01 secs] 
2016-09-15T11:50:27.492-0400: 219.564: [GC (GCLocker Initiated GC) [PSYoungGen: 125286K->79747K(175104K)] 290238K->263075K(699392K), 0.0084851 secs] [Times: user=0.12 sys=0.00, real=0.01 secs] 
2016-09-15T11:50:27.630-0400: 219.702: [GC (GCLocker Initiated GC) [PSYoungGen: 167811K->73900K(175104K)] 357435K->300118K(699392K), 0.0116769 secs] [Times: user=0.17 sys=0.00, real=0.01 secs] 
2016-09-15T11:50:27.792-0400: 219.864: [GC (GCLocker Initiated GC) [PSYoungGen: 161964K->55447K(175104K)] 394428K->306467K(699392K), 0.0092191 secs] [Times: user=0.12 sys=0.01, real=0.01 secs] 
2016-09-15T11:50:27.944-0400: 220.015: [GC (Allocation Failure) [PSYoungGen: 143511K->42945K(175104K)] 394572K->306284K(699392K), 0.0293047 secs] [Times: user=0.38 sys=0.00, real=0.03 secs] 
2016-09-15T11:50:28.091-0400: 220.162: [GC (GCLocker Initiated GC) [PSYoungGen: 131009K->85658K(175104K)] 394365K->391823K(699392K), 0.0103607 secs] [Times: user=0.14 sys=0.00, real=0.01 secs] 
2016-09-15T11:50:28.211-0400: 220.282: [GC (GCLocker Initiated GC) [PSYoungGen: 173722K->85854K(175104K)] 480215K->416806K(699392K), 0.0098143 secs] [Times: user=0.15 sys=0.00, real=0.01 secs] 
2016-09-15T11:50:28.350-0400: 220.421: [GC (GCLocker Initiated GC) [PSYoungGen: 173918K->55579K(175104K)] 504985K->441636K(699392K), 0.0147598 secs] [Times: user=0.19 sys=0.00, real=0.01 secs] 
2016-09-15T11:50:28.460-0400: 220.531: [GC (GCLocker Initiated GC) [PSYoungGen: 143643K->85854K(175104K)] 529742K->551260K(699392K), 0.0125087 secs] [Times: user=0.19 sys=0.01, real=0.01 secs] 
2016-09-15T11:50:28.472-0400: 220.544: [Full GC (Ergonomics) [PSYoungGen: 85854K->0K(175104K)] [ParOldGen: 465406K->60707K(524288K)] 551260K->60707K(699392K), [Metaspace: 44531K->44531K(1087488K)], 0.0651195 secs] [Times: user=0.56 sys=0.01, real=0.07 secs] 
2016-09-15T11:50:28.644-0400: 220.716: [GC (GCLocker Initiated GC) [PSYoungGen: 88064K->86530K(175104K)] 149139K->171905K(699392K), 0.0107216 secs] [Times: user=0.11 sys=0.00, real=0.01 secs] 
2016-09-15T11:50:28.779-0400: 220.851: [GC (GCLocker Initiated GC) [PSYoungGen: 174594K->85790K(175104K)] 260011K->208797K(699392K), 0.0097798 secs] [Times: user=0.14 sys=0.00, real=0.01 secs] 
2016-09-15T11:50:28.901-0400: 220.973: [GC (GCLocker Initiated GC) [PSYoungGen: 173854K->55255K(175104K)] 309143K->251413K(699392K), 0.0117037 secs] [Times: user=0.11 sys=0.00, real=0.01 secs] 
2016-09-15T11:50:29.066-0400: 221.138: [GC (GCLocker Initiated GC) [PSYoungGen: 143319K->37094K(175104K)] 351775K->276232K(699392K), 0.0204338 secs] [Times: user=0.21 sys=0.00, real=0.02 secs] 
2016-09-15T11:50:29.215-0400: 221.287: [GC (GCLocker Initiated GC) [PSYoungGen: 125158K->85822K(175104K)] 364389K->361819K(699392K), 0.0121800 secs] [Times: user=0.17 sys=0.00, real=0.01 secs] 
2016-09-15T11:50:29.334-0400: 221.406: [GC (GCLocker Initiated GC) [PSYoungGen: 173886K->86018K(175104K)] 449931K->422996K(699392K), 0.0116958 secs] [Times: user=0.17 sys=0.00, real=0.01 secs] 
2016-09-15T11:50:29.475-0400: 221.547: [GC (GCLocker Initiated GC) [PSYoungGen: 174082K->61134K(175104K)] 511146K->453297K(699392K), 0.0130280 secs] [Times: user=0.09 sys=0.01, real=0.02 secs] 
2016-09-15T11:50:29.619-0400: 221.691: [GC (GCLocker Initiated GC) [PSYoungGen: 149198K->86054K(175104K)] 541566K->490715K(699392K), 0.0134289 secs] [Times: user=0.16 sys=0.01, real=0.01 secs] 
2016-09-15T11:50:29.784-0400: 221.856: [GC (GCLocker Initiated GC) [PSYoungGen: 174118K->49308K(175104K)] 584930K->502920K(699392K), 0.0090196 secs] [Times: user=0.10 sys=0.00, real=0.01 secs] 
2016-09-15T11:50:29.793-0400: 221.865: [Full GC (Ergonomics) [PSYoungGen: 49308K->0K(175104K)] [ParOldGen: 453612K->41683K(524288K)] 502920K->41683K(699392K), [Metaspace: 44531K->44531K(1087488K)], 0.0562430 secs] [Times: user=0.47 sys=0.01, real=0.06 secs] 
2016-09-15T11:50:29.974-0400: 222.045: [GC (GCLocker Initiated GC) [PSYoungGen: 88064K->86306K(175104K)] 136150K->140467K(699392K), 0.0088892 secs] [Times: user=0.12 sys=0.00, real=0.01 secs] 
2016-09-15T11:50:30.119-0400: 222.191: [GC (Allocation Failure) [PSYoungGen: 174370K->73640K(175104K)] 234944K->189633K(699392K), 0.0111706 secs] [Times: user=0.15 sys=0.00, real=0.01 secs] 
2016-09-15T11:50:30.251-0400: 222.322: [GC (GCLocker Initiated GC) [PSYoungGen: 156159K->37290K(175104K)] 278227K->195943K(699392K), 0.0099531 secs] [Times: user=0.11 sys=0.00, real=0.01 secs] 
2016-09-15T11:50:30.387-0400: 222.459: [GC (Allocation Failure) [PSYoungGen: 125354K->37098K(175104K)] 284194K->214431K(699392K), 0.0177484 secs] [Times: user=0.18 sys=0.00, real=0.02 secs] 
2016-09-15T11:50:30.510-0400: 222.582: [GC (GCLocker Initiated GC) [PSYoungGen: 125162K->67273K(175104K)] 302507K->281515K(699392K), 0.0178443 secs] [Times: user=0.20 sys=0.01, real=0.02 secs] 
2016-09-15T11:50:30.654-0400: 222.726: [GC (GCLocker Initiated GC) [PSYoungGen: 155337K->48888K(175104K)] 369761K->287691K(699392K), 0.0351537 secs] [Times: user=0.35 sys=0.01, real=0.04 secs] 
2016-09-15T11:50:30.814-0400: 222.885: [GC (GCLocker Initiated GC) [PSYoungGen: 136952K->73708K(175104K)] 382084K->318944K(699392K), 0.0128930 secs] [Times: user=0.14 sys=0.00, real=0.01 secs] 
2016-09-15T11:50:30.931-0400: 223.003: [GC (GCLocker Initiated GC) [PSYoungGen: 161772K->85658K(175104K)] 407057K->349483K(699392K), 0.0111895 secs] [Times: user=0.12 sys=0.00, real=0.01 secs] 
2016-09-15T11:50:31.055-0400: 223.127: [GC (Allocation Failure) [PSYoungGen: 173722K->86182K(175104K)] 437818K->435496K(699392K), 0.0135473 secs] [Times: user=0.20 sys=0.00, real=0.02 secs] 
2016-09-15T11:50:31.185-0400: 223.257: [GC (GCLocker Initiated GC) [PSYoungGen: 170982K->55383K(175104K)] 526372K->459688K(699392K), 0.0094619 secs] [Times: user=0.11 sys=0.00, real=0.01 secs] 
2016-09-15T11:50:31.315-0400: 223.386: [GC (GCLocker Initiated GC) [PSYoungGen: 143447K->85662K(175104K)] 547800K->520494K(699392K), 0.0121711 secs] [Times: user=0.15 sys=0.00, real=0.01 secs] 
2016-09-15T11:50:31.443-0400: 223.515: [GC (GCLocker Initiated GC) [PSYoungGen: 173726K->85790K(175104K)] 608668K->545152K(699392K), 0.0106375 secs] [Times: user=0.12 sys=0.00, real=0.01 secs] 
2016-09-15T11:50:31.454-0400: 223.526: [Full GC (Ergonomics) [PSYoungGen: 85790K->0K(175104K)] [ParOldGen: 459362K->54236K(524288K)] 545152K->54236K(699392K), [Metaspace: 44531K->44531K(1087488K)], 0.0691266 secs] [Times: user=0.55 sys=0.02, real=0.07 secs] 
2016-09-15T11:50:31.640-0400: 223.711: [GC (GCLocker Initiated GC) [PSYoungGen: 88064K->86498K(175104K)] 148423K->183307K(699392K), 0.0159852 secs] [Times: user=0.23 sys=0.00, real=0.02 secs] 
2016-09-15T11:50:31.769-0400: 223.840: [GC (GCLocker Initiated GC) [PSYoungGen: 174562K->61490K(175104K)] 271626K->238521K(699392K), 0.0187350 secs] [Times: user=0.26 sys=0.00, real=0.01 secs] 
2016-09-15T11:50:31.910-0400: 223.981: [GC (GCLocker Initiated GC) [PSYoungGen: 149554K->61554K(175104K)] 338828K->299915K(699392K), 0.0094896 secs] [Times: user=0.13 sys=0.00, real=0.01 secs] 
2016-09-15T11:50:32.067-0400: 224.138: [GC (GCLocker Initiated GC) [PSYoungGen: 149618K->61522K(175104K)] 394168K->354996K(699392K), 0.0094854 secs] [Times: user=0.11 sys=0.00, real=0.02 secs] 
2016-09-15T11:50:32.215-0400: 224.287: [GC (Allocation Failure) [PSYoungGen: 149586K->67633K(175104K)] 443415K->379970K(699392K), 0.0224574 secs] [Times: user=0.27 sys=0.01, real=0.03 secs] 
2016-09-15T11:50:32.337-0400: 224.409: [GC (GCLocker Initiated GC) [PSYoungGen: 155697K->73540K(175104K)] 468040K->422641K(699392K), 0.0100477 secs] [Times: user=0.14 sys=0.00, real=0.00 secs] 
2016-09-15T11:50:32.454-0400: 224.526: [GC (GCLocker Initiated GC) [PSYoungGen: 161604K->86018K(175104K)] 511463K->478569K(699392K), 0.0113180 secs] [Times: user=0.17 sys=0.00, real=0.01 secs] 
2016-09-15T11:50:32.601-0400: 224.672: [GC (GCLocker Initiated GC) [PSYoungGen: 174082K->55155K(175104K)] 572756K->472845K(699392K), 0.0106738 secs] [Times: user=0.10 sys=0.00, real=0.01 secs] 
2016-09-15T11:50:32.732-0400: 224.803: [GC (GCLocker Initiated GC) [PSYoungGen: 143219K->85922K(175104K)] 561253K->522309K(699392K), 0.0105767 secs] [Times: user=0.14 sys=0.00, real=0.01 secs] 
2016-09-15T11:50:32.877-0400: 224.948: [GC (GCLocker Initiated GC) [PSYoungGen: 173986K->67533K(175104K)] 616484K->546733K(699392K), 0.0138771 secs] [Times: user=0.18 sys=0.00, real=0.01 secs] 
2016-09-15T11:50:32.891-0400: 224.963: [Full GC (Ergonomics) [PSYoungGen: 67533K->0K(175104K)] [ParOldGen: 479199K->54417K(524288K)] 546733K->54417K(699392K), [Metaspace: 44531K->44531K(1087488K)], 0.0662145 secs] [Times: user=0.50 sys=0.01, real=0.07 secs] 
2016-09-15T11:50:33.091-0400: 225.163: [GC (Allocation Failure) [PSYoungGen: 88064K->86242K(175104K)] 142534K->177162K(699392K), 0.0091665 secs] [Times: user=0.13 sys=0.00, real=0.01 secs] 
2016-09-15T11:50:33.226-0400: 225.297: [GC (GCLocker Initiated GC) [PSYoungGen: 174306K->85626K(175104K)] 265232K->213549K(699392K), 0.0136410 secs] [Times: user=0.15 sys=0.00, real=0.02 secs] 
2016-09-15T11:50:33.351-0400: 225.422: [GC (Allocation Failure) [PSYoungGen: 173690K->86050K(175104K)] 301963K->220549K(699392K), 0.0098739 secs] [Times: user=0.13 sys=0.00, real=0.01 secs] 
2016-09-15T11:50:33.361-0400: 225.433: [GC (GCLocker Initiated GC) [PSYoungGen: 86397K->128K(175104K)] 220897K->226311K(699392K), 0.0098895 secs] [Times: user=0.14 sys=0.00, real=0.01 secs] 
2016-09-15T11:50:33.498-0400: 225.569: [GC (GCLocker Initiated GC) [PSYoungGen: 88192K->86438K(175104K)] 314375K->318705K(699392K), 0.0097748 secs] [Times: user=0.13 sys=0.00, real=0.01 secs] 
2016-09-15T11:50:33.634-0400: 225.706: [GC (GCLocker Initiated GC) [PSYoungGen: 174502K->73968K(175104K)] 407023K->325278K(699392K), 0.0091454 secs] [Times: user=0.13 sys=0.00, real=0.01 secs] 
2016-09-15T11:50:33.734-0400: 225.806: [GC (GCLocker Initiated GC) [PSYoungGen: 162032K->85986K(175104K)] 413496K->374895K(699392K), 0.0096907 secs] [Times: user=0.12 sys=0.00, real=0.01 secs] 
2016-09-15T11:50:33.862-0400: 225.934: [GC (GCLocker Initiated GC) [PSYoungGen: 174050K->61722K(175104K)] 463304K->405770K(699392K), 0.0110604 secs] [Times: user=0.13 sys=0.00, real=0.01 secs] 
2016-09-15T11:50:34.006-0400: 226.078: [GC (GCLocker Initiated GC) [PSYoungGen: 149786K->85562K(175104K)] 500080K->436148K(699392K), 0.0088929 secs] [Times: user=0.11 sys=0.00, real=0.01 secs] 
2016-09-15T11:50:34.133-0400: 226.205: [GC (GCLocker Initiated GC) [PSYoungGen: 173626K->73672K(175104K)] 524365K->473178K(699392K), 0.0125410 secs] [Times: user=0.20 sys=0.01, real=0.01 secs] 
2016-09-15T11:50:34.267-0400: 226.339: [GC (GCLocker Initiated GC) [PSYoungGen: 161736K->85886K(175104K)] 561480K->522396K(699392K), 0.0125059 secs] [Times: user=0.15 sys=0.01, real=0.02 secs] 
2016-09-15T11:50:34.422-0400: 226.494: [Full GC (Ergonomics) [PSYoungGen: 173950K->0K(175104K)] [ParOldGen: 442666K->54623K(524288K)] 616616K->54623K(699392K), [Metaspace: 44531K->44531K(1087488K)], 0.0672735 secs] [Times: user=0.43 sys=0.02, real=0.07 secs] 
2016-09-15T11:50:34.593-0400: 226.665: [GC (GCLocker Initiated GC) [PSYoungGen: 88064K->86306K(175104K)] 148910K->165377K(699392K), 0.0100470 secs] [Times: user=0.13 sys=0.00, real=0.01 secs] 
2016-09-15T11:50:34.713-0400: 226.785: [GC (GCLocker Initiated GC) [PSYoungGen: 174370K->86118K(175104K)] 253489K->251038K(699392K), 0.0119537 secs] [Times: user=0.18 sys=0.01, real=0.01 secs] 
2016-09-15T11:50:34.844-0400: 226.916: [GC (Allocation Failure) [PSYoungGen: 174182K->67597K(175104K)] 339424K->312294K(699392K), 0.0105973 secs] [Times: user=0.15 sys=0.00, real=0.01 secs] 
2016-09-15T11:50:34.976-0400: 227.048: [GC (GCLocker Initiated GC) [PSYoungGen: 155238K->55711K(175104K)] 406010K->330918K(699392K), 0.0083254 secs] [Times: user=0.11 sys=0.01, real=0.00 secs] 
2016-09-15T11:50:35.105-0400: 227.176: [GC (GCLocker Initiated GC) [PSYoungGen: 143775K->85954K(175104K)] 425106K->398131K(699392K), 0.0093351 secs] [Times: user=0.14 sys=0.00, real=0.01 secs] 
2016-09-15T11:50:35.255-0400: 227.327: [GC (GCLocker Initiated GC) [PSYoungGen: 174018K->55579K(175104K)] 498448K->440903K(699392K), 0.0135168 secs] [Times: user=0.18 sys=0.00, real=0.02 secs] 
2016-09-15T11:50:35.406-0400: 227.478: [GC (GCLocker Initiated GC) [PSYoungGen: 143643K->85630K(175104K)] 535106K->489683K(699392K), 0.0288555 secs] [Times: user=0.30 sys=0.01, real=0.03 secs] 
2016-09-15T11:50:35.557-0400: 227.629: [GC (Allocation Failure) [PSYoungGen: 173694K->79715K(175104K)] 583998K->538926K(699392K), 0.0153211 secs] [Times: user=0.20 sys=0.00, real=0.01 secs] 
2016-09-15T11:50:35.573-0400: 227.644: [Full GC (Ergonomics) [PSYoungGen: 79715K->0K(175104K)] [ParOldGen: 459211K->54433K(524288K)] 538926K->54433K(699392K), [Metaspace: 44532K->44532K(1087488K)], 0.0638520 secs] [Times: user=0.50 sys=0.01, real=0.07 secs] 
2016-09-15T11:50:35.755-0400: 227.827: [GC (GCLocker Initiated GC) [PSYoungGen: 88064K->79847K(175104K)] 142503K->134286K(699392K), 0.0344313 secs] [Times: user=0.42 sys=0.00, real=0.04 secs] 
2016-09-15T11:50:35.905-0400: 227.976: [GC (GCLocker Initiated GC) [PSYoungGen: 167911K->73836K(175104K)] 222526K->147420K(699392K), 0.0085046 secs] [Times: user=0.13 sys=0.00, real=0.01 secs] 
2016-09-15T11:50:36.047-0400: 228.119: [GC (GCLocker Initiated GC) [PSYoungGen: 161900K->67469K(175104K)] 247871K->172113K(699392K), 0.0138325 secs] [Times: user=0.18 sys=0.00, real=0.02 secs] 
2016-09-15T11:50:36.159-0400: 228.231: [GC (GCLocker Initiated GC) [PSYoungGen: 155533K->73704K(175104K)] 260375K->227478K(699392K), 0.0088861 secs] [Times: user=0.12 sys=0.00, real=0.01 secs] 
2016-09-15T11:50:36.295-0400: 228.366: [GC (GCLocker Initiated GC) [PSYoungGen: 161766K->74032K(175104K)] 321970K->271009K(699392K), 0.0108740 secs] [Times: user=0.15 sys=0.01, real=0.01 secs] 
2016-09-15T11:50:36.450-0400: 228.522: [GC (GCLocker Initiated GC) [PSYoungGen: 162096K->73708K(175104K)] 359243K->277370K(699392K), 0.0315192 secs] [Times: user=0.34 sys=0.00, real=0.03 secs] 
2016-09-15T11:50:36.602-0400: 228.673: [GC (Allocation Failure) [PSYoungGen: 161772K->79651K(175104K)] 365649K->302028K(699392K), 0.0127481 secs] [Times: user=0.10 sys=0.01, real=0.01 secs] 
2016-09-15T11:50:36.722-0400: 228.794: [GC (GCLocker Initiated GC) [PSYoungGen: 166355K->37062K(175104K)] 394808K->308119K(699392K), 0.0183699 secs] [Times: user=0.15 sys=0.01, real=0.02 secs] 
2016-09-15T11:50:36.864-0400: 228.936: [GC (GCLocker Initiated GC) [PSYoungGen: 125126K->37357K(175104K)] 414573K->345297K(699392K), 0.0121701 secs] [Times: user=0.10 sys=0.00, real=0.02 secs] 
2016-09-15T11:50:37.008-0400: 229.080: [GC (Allocation Failure) [PSYoungGen: 125421K->73676K(175104K)] 439673K->388539K(699392K), 0.0178409 secs] [Times: user=0.19 sys=0.00, real=0.01 secs] 
2016-09-15T11:50:37.149-0400: 229.220: [GC (Allocation Failure) [PSYoungGen: 159911K->55415K(175104K)] 474775K->407027K(699392K), 0.0187575 secs] [Times: user=0.22 sys=0.01, real=0.01 secs] 
2016-09-15T11:50:37.264-0400: 229.336: [GC (GCLocker Initiated GC) [PSYoungGen: 143479K->85758K(175104K)] 495097K->480037K(699392K), 0.0113258 secs] [Times: user=0.15 sys=0.00, real=0.02 secs] 
2016-09-15T11:50:37.405-0400: 229.477: [GC (GCLocker Initiated GC) [PSYoungGen: 173822K->55547K(175104K)] 580427K->492802K(699392K), 0.0107933 secs] [Times: user=0.13 sys=0.00, real=0.02 secs] 
2016-09-15T11:50:37.536-0400: 229.607: [GC (GCLocker Initiated GC) [PSYoungGen: 143611K->67305K(175104K)] 580903K->529205K(699392K), 0.0106369 secs] [Times: user=0.11 sys=0.00, real=0.00 secs] 
2016-09-15T11:50:37.547-0400: 229.618: [Full GC (Ergonomics) [PSYoungGen: 67305K->0K(175104K)] [ParOldGen: 461899K->54738K(524288K)] 529205K->54738K(699392K), [Metaspace: 44536K->44536K(1087488K)], 0.0665526 secs] [Times: user=0.37 sys=0.01, real=0.07 secs] 
2016-09-15T11:50:37.727-0400: 229.798: [GC (GCLocker Initiated GC) [PSYoungGen: 88064K->86662K(175104K)] 143040K->159863K(699392K), 0.0117420 secs] [Times: user=0.16 sys=0.00, real=0.02 secs] 
2016-09-15T11:50:37.861-0400: 229.933: [GC (GCLocker Initiated GC) [PSYoungGen: 174726K->55415K(175104K)] 254324K->184605K(699392K), 0.0107219 secs] [Times: user=0.13 sys=0.00, real=0.01 secs] 
2016-09-15T11:50:38.006-0400: 230.078: [GC (Allocation Failure) [PSYoungGen: 143479K->55515K(175104K)] 278936K->191256K(699392K), 0.0077525 secs] [Times: user=0.10 sys=0.00, real=0.01 secs] 
2016-09-15T11:50:38.128-0400: 230.200: [GC (GCLocker Initiated GC) [PSYoungGen: 140932K->73868K(175104K)] 282749K->234232K(699392K), 0.0081045 secs] [Times: user=0.10 sys=0.01, real=0.01 secs] 
2016-09-15T11:50:38.264-0400: 230.335: [GC (GCLocker Initiated GC) [PSYoungGen: 161932K->74032K(175104K)] 328603K->277305K(699392K), 0.0124072 secs] [Times: user=0.14 sys=0.00, real=0.02 secs] 
2016-09-15T11:50:38.406-0400: 230.478: [GC (Allocation Failure) [PSYoungGen: 162096K->73508K(175104K)] 371574K->301667K(699392K), 0.0106783 secs] [Times: user=0.12 sys=0.00, real=0.02 secs] 
2016-09-15T11:50:38.531-0400: 230.603: [GC (GCLocker Initiated GC) [PSYoungGen: 161572K->85954K(175104K)] 389731K->314248K(699392K), 0.0103086 secs] [Times: user=0.10 sys=0.00, real=0.01 secs] 
2016-09-15T11:50:38.695-0400: 230.767: [GC (Allocation Failure) [PSYoungGen: 174018K->67501K(175104K)] 402617K->326759K(699392K), 0.0280788 secs] [Times: user=0.31 sys=0.01, real=0.03 secs] 
2016-09-15T11:50:38.862-0400: 230.934: [GC (GCLocker Initiated GC) [PSYoungGen: 150311K->55187K(175104K)] 415645K->345103K(699392K), 0.0094018 secs] [Times: user=0.10 sys=0.01, real=0.01 secs] 
2016-09-15T11:50:39.010-0400: 231.082: [GC (GCLocker Initiated GC) [PSYoungGen: 143251K->55483K(175104K)] 445663K->357998K(699392K), 0.0216835 secs] [Times: user=0.16 sys=0.00, real=0.02 secs] 
2016-09-15T11:50:39.143-0400: 231.215: [GC (GCLocker Initiated GC) [PSYoungGen: 143547K->49408K(175104K)] 446079K->370448K(699392K), 0.0138733 secs] [Times: user=0.14 sys=0.00, real=0.02 secs] 
2016-09-15T11:50:39.267-0400: 231.338: [GC (GCLocker Initiated GC) [PSYoungGen: 137472K->80075K(175104K)] 464932K->444129K(699392K), 0.0084757 secs] [Times: user=0.11 sys=0.00, real=0.01 secs] 
2016-09-15T11:50:39.451-0400: 231.522: [GC (GCLocker Initiated GC) [PSYoungGen: 168139K->37158K(175104K)] 550762K->444553K(699392K), 0.0096096 secs] [Times: user=0.12 sys=0.00, real=0.01 secs] 
2016-09-15T11:50:39.606-0400: 231.678: [GC (GCLocker Initiated GC) [PSYoungGen: 125222K->55775K(175104K)] 538790K->469478K(699392K), 0.0099223 secs] [Times: user=0.14 sys=0.01, real=0.02 secs] 
2016-09-15T11:50:39.727-0400: 231.799: [GC (GCLocker Initiated GC) [PSYoungGen: 143839K->61490K(175104K)] 563967K->518172K(699392K), 0.0097107 secs] [Times: user=0.10 sys=0.01, real=0.02 secs] 
2016-09-15T11:50:39.867-0400: 231.939: [GC (Allocation Failure) [PSYoungGen: 149554K->55711K(175104K)] 612661K->555395K(699392K), 0.0095829 secs] [Times: user=0.13 sys=0.01, real=0.02 secs] 
2016-09-15T11:50:39.877-0400: 231.949: [Full GC (Ergonomics) [PSYoungGen: 55711K->0K(175104K)] [ParOldGen: 499684K->54922K(524288K)] 555395K->54922K(699392K), [Metaspace: 44536K->44536K(1087488K)], 0.0719641 secs] [Times: user=0.61 sys=0.01, real=0.07 secs] 
2016-09-15T11:50:40.043-0400: 232.115: [GC (GCLocker Initiated GC) [PSYoungGen: 86659K->85854K(175104K)] 147656K->171151K(699392K), 0.0092554 secs] [Times: user=0.13 sys=0.01, real=0.01 secs] 
2016-09-15T11:50:40.159-0400: 232.231: [GC (GCLocker Initiated GC) [PSYoungGen: 173918K->61458K(175104K)] 265297K->226052K(699392K), 0.0123651 secs] [Times: user=0.14 sys=0.00, real=0.01 secs] 
2016-09-15T11:50:40.272-0400: 232.344: [GC (GCLocker Initiated GC) [PSYoungGen: 149522K->85986K(175104K)] 314225K->287455K(699392K), 0.0112918 secs] [Times: user=0.14 sys=0.00, real=0.01 secs] 
2016-09-15T11:50:40.420-0400: 232.492: [GC (GCLocker Initiated GC) [PSYoungGen: 174050K->79683K(175104K)] 381815K->330273K(699392K), 0.0101118 secs] [Times: user=0.13 sys=0.00, real=0.01 secs] 
2016-09-15T11:50:40.543-0400: 232.615: [GC (GCLocker Initiated GC) [PSYoungGen: 167747K->79683K(175104K)] 418479K->361097K(699392K), 0.0112099 secs] [Times: user=0.11 sys=0.00, real=0.01 secs] 
2016-09-15T11:50:40.678-0400: 232.749: [GC (GCLocker Initiated GC) [PSYoungGen: 167747K->73508K(175104K)] 449282K->391784K(699392K), 0.0144048 secs] [Times: user=0.21 sys=0.00, real=0.01 secs] 
2016-09-15T11:50:40.804-0400: 232.876: [GC (GCLocker Initiated GC) [PSYoungGen: 161572K->86050K(175104K)] 480086K->410790K(699392K), 0.0098413 secs] [Times: user=0.14 sys=0.00, real=0.01 secs] 
2016-09-15T11:50:40.969-0400: 233.040: [GC (GCLocker Initiated GC) [PSYoungGen: 174114K->37126K(175104K)] 505083K->386775K(699392K), 0.0080315 secs] [Times: user=0.09 sys=0.00, real=0.01 secs] 
2016-09-15T11:50:41.106-0400: 233.178: [GC (GCLocker Initiated GC) [PSYoungGen: 125190K->85562K(175104K)] 474898K->459861K(699392K), 0.0095380 secs] [Times: user=0.14 sys=0.00, real=0.02 secs] 
2016-09-15T11:50:41.259-0400: 233.331: [GC (GCLocker Initiated GC) [PSYoungGen: 173626K->55643K(175104K)] 554361K->491197K(699392K), 0.0130115 secs] [Times: user=0.16 sys=0.00, real=0.01 secs] 
2016-09-15T11:50:41.382-0400: 233.454: [GC (GCLocker Initiated GC) [PSYoungGen: 143707K->85854K(175104K)] 579309K->546243K(699392K), 0.0106448 secs] [Times: user=0.16 sys=0.00, real=0.01 secs] 
2016-09-15T11:50:41.393-0400: 233.464: [Full GC (Ergonomics) [PSYoungGen: 85854K->0K(175104K)] [ParOldGen: 460389K->48976K(524288K)] 546243K->48976K(699392K), [Metaspace: 44539K->44539K(1087488K)], 0.0611201 secs] [Times: user=0.39 sys=0.01, real=0.06 secs] 
2016-09-15T11:50:41.548-0400: 233.619: [GC (GCLocker Initiated GC) [PSYoungGen: 88064K->86498K(175104K)] 137318K->160052K(699392K), 0.0095856 secs] [Times: user=0.13 sys=0.00, real=0.01 secs] 
2016-09-15T11:50:41.665-0400: 233.737: [GC (GCLocker Initiated GC) [PSYoungGen: 174562K->74196K(175104K)] 254553K->173395K(699392K), 0.0098596 secs] [Times: user=0.14 sys=0.00, real=0.01 secs] 
2016-09-15T11:50:41.808-0400: 233.880: [GC (GCLocker Initiated GC) [PSYoungGen: 162260K->73672K(175104K)] 273712K->203641K(699392K), 0.0092510 secs] [Times: user=0.12 sys=0.00, real=0.01 secs] 
2016-09-15T11:50:41.937-0400: 234.009: [GC (GCLocker Initiated GC) [PSYoungGen: 161736K->73868K(175104K)] 297978K->246704K(699392K), 0.0120351 secs] [Times: user=0.18 sys=0.00, real=0.01 secs] 
2016-09-15T11:50:42.080-0400: 234.151: [GC (GCLocker Initiated GC) [PSYoungGen: 161932K->67565K(175104K)] 335000K->277554K(699392K), 0.0184682 secs] [Times: user=0.24 sys=0.01, real=0.02 secs] 
2016-09-15T11:50:42.208-0400: 234.280: [GC (GCLocker Initiated GC) [PSYoungGen: 155629K->67661K(175104K)] 365631K->326415K(699392K), 0.0099976 secs] [Times: user=0.12 sys=0.00, real=0.01 secs] 
2016-09-15T11:50:42.327-0400: 234.398: [GC (GCLocker Initiated GC) [PSYoungGen: 155725K->73936K(175104K)] 414540K->375616K(699392K), 0.0216328 secs] [Times: user=0.28 sys=0.00, real=0.03 secs] 
2016-09-15T11:50:42.477-0400: 234.549: [GC (GCLocker Initiated GC) [PSYoungGen: 162000K->85854K(175104K)] 469981K->424666K(699392K), 0.0139265 secs] [Times: user=0.18 sys=0.00, real=0.01 secs] 
2016-09-15T11:50:42.617-0400: 234.689: [GC (Allocation Failure) [PSYoungGen: 173918K->85954K(175104K)] 513057K->449700K(699392K), 0.0121552 secs] [Times: user=0.15 sys=0.00, real=0.01 secs] 
2016-09-15T11:50:42.763-0400: 234.834: [GC (GCLocker Initiated GC) [PSYoungGen: 173455K->55351K(175104K)] 543276K->443681K(699392K), 0.0086451 secs] [Times: user=0.12 sys=0.00, real=0.01 secs] 
2016-09-15T11:50:42.912-0400: 234.983: [GC (Allocation Failure) [PSYoungGen: 143415K->49408K(175104K)] 544133K->450417K(699392K), 0.0245320 secs] [Times: user=0.35 sys=0.01, real=0.03 secs] 
2016-09-15T11:50:43.083-0400: 235.154: [GC (GCLocker Initiated GC) [PSYoungGen: 137472K->73576K(175104K)] 538482K->505441K(699392K), 0.0092876 secs] [Times: user=0.13 sys=0.00, real=0.01 secs] 
2016-09-15T11:50:43.215-0400: 235.287: [GC (GCLocker Initiated GC) [PSYoungGen: 161640K->73572K(175104K)] 599791K->530255K(699392K), 0.0088291 secs] [Times: user=0.13 sys=0.00, real=0.01 secs] 
2016-09-15T11:50:43.320-0400: 235.392: [GC (Allocation Failure) [PSYoungGen: 161636K->85790K(175104K)] 618495K->579251K(699392K), 0.0114257 secs] [Times: user=0.16 sys=0.00, real=0.01 secs] 
2016-09-15T11:50:43.332-0400: 235.403: [Full GC (Ergonomics) [PSYoungGen: 85790K->0K(175104K)] [ParOldGen: 493461K->61063K(524288K)] 579251K->61063K(699392K), [Metaspace: 44539K->44539K(1087488K)], 0.0615738 secs] [Times: user=0.41 sys=0.02, real=0.06 secs] 
2016-09-15T11:50:43.494-0400: 235.566: [GC (GCLocker Initiated GC) [PSYoungGen: 88064K->86602K(175104K)] 149129K->153742K(699392K), 0.0108265 secs] [Times: user=0.14 sys=0.00, real=0.01 secs] 
2016-09-15T11:50:43.635-0400: 235.706: [GC (GCLocker Initiated GC) [PSYoungGen: 174666K->61522K(175104K)] 241970K->166168K(699392K), 0.0106771 secs] [Times: user=0.13 sys=0.00, real=0.01 secs] 
2016-09-15T11:50:43.768-0400: 235.840: [GC (Allocation Failure) [PSYoungGen: 149586K->61554K(175104K)] 254307K->209100K(699392K), 0.0179810 secs] [Times: user=0.22 sys=0.00, real=0.01 secs] 
2016-09-15T11:50:43.893-0400: 235.964: [GC (GCLocker Initiated GC) [PSYoungGen: 149618K->79879K(175104K)] 297164K->264035K(699392K), 0.0098986 secs] [Times: user=0.13 sys=0.01, real=0.01 secs] 
2016-09-15T11:50:44.036-0400: 236.108: [GC (GCLocker Initiated GC) [PSYoungGen: 167943K->73672K(175104K)] 358383K->282981K(699392K), 0.0167923 secs] [Times: user=0.24 sys=0.00, real=0.01 secs] 
2016-09-15T11:50:44.179-0400: 236.251: [GC (GCLocker Initiated GC) [PSYoungGen: 161736K->85954K(175104K)] 371383K->301991K(699392K), 0.0086533 secs] [Times: user=0.09 sys=0.00, real=0.01 secs] 
2016-09-15T11:50:44.311-0400: 236.382: [GC (GCLocker Initiated GC) [PSYoungGen: 174018K->55219K(175104K)] 396390K->314505K(699392K), 0.0100084 secs] [Times: user=0.12 sys=0.02, real=0.01 secs] 
2016-09-15T11:50:44.462-0400: 236.534: [GC (Allocation Failure) [PSYoungGen: 143283K->73644K(175104K)] 408994K->339458K(699392K), 0.0084247 secs] [Times: user=0.08 sys=0.00, real=0.01 secs] 
2016-09-15T11:50:44.600-0400: 236.671: [GC (GCLocker Initiated GC) [PSYoungGen: 161708K->67469K(175104K)] 427528K->357872K(699392K), 0.0107591 secs] [Times: user=0.09 sys=0.01, real=0.01 secs] 
2016-09-15T11:50:44.723-0400: 236.794: [GC (GCLocker Initiated GC) [PSYoungGen: 155533K->79751K(175104K)] 446258K->370603K(699392K), 0.0091184 secs] [Times: user=0.09 sys=0.00, real=0.01 secs] 
2016-09-15T11:50:44.868-0400: 236.940: [GC (GCLocker Initiated GC) [PSYoungGen: 167815K->73868K(175104K)] 458860K->401819K(699392K), 0.0095000 secs] [Times: user=0.15 sys=0.00, real=0.01 secs] 
2016-09-15T11:50:45.000-0400: 237.072: [GC (GCLocker Initiated GC) [PSYoungGen: 161932K->55387K(175104K)] 495968K->389527K(699392K), 0.0069378 secs] [Times: user=0.06 sys=0.00, real=0.00 secs] 
2016-09-15T11:50:45.110-0400: 237.181: [GC (GCLocker Initiated GC) [PSYoungGen: 143451K->85822K(175104K)] 477785K->463168K(699392K), 0.0125199 secs] [Times: user=0.19 sys=0.00, real=0.01 secs] 
2016-09-15T11:50:45.262-0400: 237.334: [GC (Allocation Failure) [PSYoungGen: 173886K->55675K(175104K)] 563490K->512428K(699392K), 0.0096441 secs] [Times: user=0.14 sys=0.00, real=0.01 secs] 
2016-09-15T11:50:45.272-0400: 237.344: [Full GC (Ergonomics) [PSYoungGen: 55675K->0K(175104K)] [ParOldGen: 456753K->54989K(524288K)] 512428K->54989K(699392K), [Metaspace: 44539K->44539K(1087488K)], 0.0685819 secs] [Times: user=0.54 sys=0.01, real=0.07 secs] 
2016-09-15T11:50:45.477-0400: 237.549: [GC (GCLocker Initiated GC) [PSYoungGen: 85569K->86210K(175104K)] 146634K->153349K(699392K), 0.0088143 secs] [Times: user=0.09 sys=0.00, real=0.00 secs] 
2016-09-15T11:50:45.609-0400: 237.680: [GC (GCLocker Initiated GC) [PSYoungGen: 174274K->85790K(175104K)] 247620K->196321K(699392K), 0.0103144 secs] [Times: user=0.15 sys=0.00, real=0.01 secs] 
2016-09-15T11:50:45.747-0400: 237.819: [GC (GCLocker Initiated GC) [PSYoungGen: 173854K->73704K(175104K)] 284465K->251472K(699392K), 0.0114959 secs] [Times: user=0.18 sys=0.00, real=0.02 secs] 
2016-09-15T11:50:45.891-0400: 237.963: [GC (GCLocker Initiated GC) [PSYoungGen: 161768K->43461K(175104K)] 345759K->288494K(699392K), 0.0108833 secs] [Times: user=0.11 sys=0.01, real=0.01 secs] 
2016-09-15T11:50:46.031-0400: 238.103: [GC (GCLocker Initiated GC) [PSYoungGen: 131525K->73576K(175104K)] 382821K->343380K(699392K), 0.0125121 secs] [Times: user=0.13 sys=0.00, real=0.01 secs] 
2016-09-15T11:50:46.142-0400: 238.213: [GC (GCLocker Initiated GC) [PSYoungGen: 161640K->67925K(175104K)] 431492K->392604K(699392K), 0.0091958 secs] [Times: user=0.12 sys=0.00, real=0.01 secs] 
2016-09-15T11:50:46.269-0400: 238.340: [GC (GCLocker Initiated GC) [PSYoungGen: 155989K->80075K(175104K)] 481006K->441866K(699392K), 0.0106594 secs] [Times: user=0.13 sys=0.00, real=0.01 secs] 
2016-09-15T11:50:46.414-0400: 238.485: [GC (GCLocker Initiated GC) [PSYoungGen: 168139K->61426K(175104K)] 536204K->448311K(699392K), 0.0115087 secs] [Times: user=0.08 sys=0.01, real=0.01 secs] 
2016-09-15T11:50:46.539-0400: 238.611: [GC (GCLocker Initiated GC) [PSYoungGen: 149490K->86182K(175104K)] 536461K->479576K(699392K), 0.0101096 secs] [Times: user=0.14 sys=0.00, real=0.01 secs] 
2016-09-15T11:50:46.707-0400: 238.779: [GC (GCLocker Initiated GC) [PSYoungGen: 174246K->73380K(175104K)] 573752K->509644K(699392K), 0.0096445 secs] [Times: user=0.12 sys=0.01, real=0.02 secs] 
2016-09-15T11:50:46.867-0400: 238.939: [Full GC (Ergonomics) [PSYoungGen: 161444K->0K(175104K)] [ParOldGen: 448601K->53181K(524288K)] 610045K->53181K(699392K), [Metaspace: 44540K->44540K(1087488K)], 0.0740865 secs] [Times: user=0.55 sys=0.01, real=0.08 secs] 
2016-09-15T11:50:47.040-0400: 239.112: [GC (GCLocker Initiated GC) [PSYoungGen: 88064K->86662K(175104K)] 141246K->170220K(699392K), 0.0110682 secs] [Times: user=0.13 sys=0.00, real=0.01 secs] 
2016-09-15T11:50:47.171-0400: 239.242: [GC (GCLocker Initiated GC) [PSYoungGen: 174726K->49340K(175104K)] 264619K->176658K(699392K), 0.0174574 secs] [Times: user=0.20 sys=0.00, real=0.02 secs] 
2016-09-15T11:50:47.311-0400: 239.383: [GC (GCLocker Initiated GC) [PSYoungGen: 137404K->55415K(175104K)] 270878K->225631K(699392K), 0.0091192 secs] [Times: user=0.10 sys=0.01, real=0.01 secs] 
2016-09-15T11:50:47.444-0400: 239.515: [GC (GCLocker Initiated GC) [PSYoungGen: 143479K->85886K(175104K)] 313933K->287023K(699392K), 0.0114455 secs] [Times: user=0.14 sys=0.00, real=0.01 secs] 
2016-09-15T11:50:47.573-0400: 239.644: [GC (GCLocker Initiated GC) [PSYoungGen: 173950K->55351K(175104K)] 375408K->275334K(699392K), 0.0103225 secs] [Times: user=0.14 sys=0.00, real=0.01 secs] 
2016-09-15T11:50:47.697-0400: 239.769: [GC (GCLocker Initiated GC) [PSYoungGen: 143415K->73708K(175104K)] 369474K->299871K(699392K), 0.0088059 secs] [Times: user=0.12 sys=0.00, real=0.00 secs] 
2016-09-15T11:50:47.834-0400: 239.905: [GC (GCLocker Initiated GC) [PSYoungGen: 161772K->85690K(175104K)] 387994K->330600K(699392K), 0.0095658 secs] [Times: user=0.14 sys=0.00, real=0.01 secs] 
2016-09-15T11:50:47.959-0400: 240.031: [GC (GCLocker Initiated GC) [PSYoungGen: 173754K->55579K(175104K)] 424928K->349397K(699392K), 0.0106436 secs] [Times: user=0.11 sys=0.02, real=0.01 secs] 
2016-09-15T11:50:48.127-0400: 240.198: [GC (GCLocker Initiated GC) [PSYoungGen: 143643K->55383K(175104K)] 443545K->373981K(699392K), 0.0086795 secs] [Times: user=0.07 sys=0.01, real=0.01 secs] 
2016-09-15T11:50:48.295-0400: 240.366: [GC (GCLocker Initiated GC) [PSYoungGen: 143447K->67337K(175104K)] 462081K->386246K(699392K), 0.0103770 secs] [Times: user=0.07 sys=0.02, real=0.01 secs] 
2016-09-15T11:50:48.425-0400: 240.497: [GC (GCLocker Initiated GC) [PSYoungGen: 155401K->67665K(175104K)] 480511K->435420K(699392K), 0.0117541 secs] [Times: user=0.13 sys=0.00, real=0.02 secs] 
2016-09-15T11:50:48.547-0400: 240.618: [GC (GCLocker Initiated GC) [PSYoungGen: 155729K->73672K(175104K)] 523565K->502598K(699392K), 0.0114567 secs] [Times: user=0.15 sys=0.00, real=0.02 secs] 
2016-09-15T11:50:48.666-0400: 240.737: [GC (GCLocker Initiated GC) [PSYoungGen: 161736K->85986K(175104K)] 590984K->557919K(699392K), 0.0104723 secs] [Times: user=0.16 sys=0.01, real=0.02 secs] 
2016-09-15T11:50:48.676-0400: 240.748: [Full GC (Ergonomics) [PSYoungGen: 85986K->0K(175104K)] [ParOldGen: 471933K->53402K(524288K)] 557919K->53402K(699392K), [Metaspace: 44541K->44541K(1087488K)], 0.0728931 secs] [Times: user=0.60 sys=0.00, real=0.07 secs] 
2016-09-15T11:50:48.876-0400: 240.948: [GC (GCLocker Initiated GC) [PSYoungGen: 88064K->86118K(175104K)] 141704K->164058K(699392K), 0.0123850 secs] [Times: user=0.16 sys=0.00, real=0.01 secs] 
2016-09-15T11:50:49.019-0400: 241.091: [GC (Allocation Failure) [PSYoungGen: 174182K->55287K(175104K)] 258514K->182575K(699392K), 0.0276990 secs] [Times: user=0.28 sys=0.00, real=0.02 secs] 
2016-09-15T11:50:49.187-0400: 241.259: [GC (GCLocker Initiated GC) [PSYoungGen: 143351K->37389K(175104K)] 270645K->164795K(699392K), 0.0101960 secs] [Times: user=0.10 sys=0.00, real=0.02 secs] 
2016-09-15T11:50:49.340-0400: 241.412: [GC (GCLocker Initiated GC) [PSYoungGen: 125453K->55383K(175104K)] 265364K->213662K(699392K), 0.0134223 secs] [Times: user=0.18 sys=0.01, real=0.01 secs] 
2016-09-15T11:50:49.485-0400: 241.556: [GC (GCLocker Initiated GC) [PSYoungGen: 143447K->74032K(175104K)] 301924K->250877K(699392K), 0.0112307 secs] [Times: user=0.16 sys=0.01, real=0.02 secs] 
2016-09-15T11:50:49.623-0400: 241.694: [GC (GCLocker Initiated GC) [PSYoungGen: 162096K->61786K(175104K)] 339095K->257261K(699392K), 0.0124657 secs] [Times: user=0.15 sys=0.00, real=0.01 secs] 
2016-09-15T11:50:49.733-0400: 241.804: [GC (Allocation Failure) [PSYoungGen: 149850K->79583K(175104K)] 345479K->318052K(699392K), 0.0113389 secs] [Times: user=0.15 sys=0.01, real=0.01 secs] 
2016-09-15T11:50:49.851-0400: 241.923: [GC (GCLocker Initiated GC) [PSYoungGen: 164017K->55711K(175104K)] 408562K->348983K(699392K), 0.0115659 secs] [Times: user=0.12 sys=0.01, real=0.01 secs] 
2016-09-15T11:50:49.966-0400: 242.038: [GC (GCLocker Initiated GC) [PSYoungGen: 143775K->85986K(175104K)] 437106K->416591K(699392K), 0.0100651 secs] [Times: user=0.13 sys=0.00, real=0.02 secs] 
2016-09-15T11:50:50.082-0400: 242.154: [GC (GCLocker Initiated GC) [PSYoungGen: 174050K->67729K(175104K)] 510855K->459680K(699392K), 0.0101535 secs] [Times: user=0.13 sys=0.00, real=0.01 secs] 
2016-09-15T11:50:50.209-0400: 242.281: [GC (GCLocker Initiated GC) [PSYoungGen: 155793K->61394K(175104K)] 554176K->478113K(699392K), 0.0167023 secs] [Times: user=0.19 sys=0.00, real=0.01 secs] 
2016-09-15T11:50:50.328-0400: 242.400: [GC (GCLocker Initiated GC) [PSYoungGen: 149458K->79555K(175104K)] 566214K->514640K(699392K), 0.0182222 secs] [Times: user=0.14 sys=0.00, real=0.01 secs] 
2016-09-15T11:50:50.473-0400: 242.545: [GC (GCLocker Initiated GC) [PSYoungGen: 167619K->67729K(175104K)] 609100K->588509K(699392K), 0.0286827 secs] [Times: user=0.29 sys=0.00, real=0.03 secs] 
2016-09-15T11:50:50.502-0400: 242.573: [Full GC (Ergonomics) [PSYoungGen: 67729K->0K(175104K)] [ParOldGen: 520780K->53382K(524288K)] 588509K->53382K(699392K), [Metaspace: 44544K->44544K(1087488K)], 0.0629636 secs] [Times: user=0.30 sys=0.01, real=0.06 secs] 
2016-09-15T11:50:50.693-0400: 242.764: [GC (Allocation Failure) [PSYoungGen: 88064K->86118K(175104K)] 141728K->151932K(699392K), 0.0107864 secs] [Times: user=0.09 sys=0.00, real=0.01 secs] 
2016-09-15T11:50:50.827-0400: 242.898: [GC (GCLocker Initiated GC) [PSYoungGen: 170423K->55287K(175104K)] 242313K->182626K(699392K), 0.0254160 secs] [Times: user=0.27 sys=0.00, real=0.03 secs] 
2016-09-15T11:50:50.975-0400: 243.047: [GC (GCLocker Initiated GC) [PSYoungGen: 143351K->55451K(175104K)] 277126K->189478K(699392K), 0.0217724 secs] [Times: user=0.24 sys=0.00, real=0.03 secs] 
2016-09-15T11:50:51.117-0400: 243.189: [GC (GCLocker Initiated GC) [PSYoungGen: 143515K->37190K(175104K)] 283843K->214292K(699392K), 0.0159870 secs] [Times: user=0.18 sys=0.00, real=0.01 secs] 
2016-09-15T11:50:51.259-0400: 243.330: [GC (GCLocker Initiated GC) [PSYoungGen: 125254K->86118K(175104K)] 308523K->287896K(699392K), 0.0198991 secs] [Times: user=0.22 sys=0.00, real=0.02 secs] 
2016-09-15T11:50:51.396-0400: 243.467: [GC (GCLocker Initiated GC) [PSYoungGen: 174182K->31022K(175104K)] 382105K->269908K(699392K), 0.0215302 secs] [Times: user=0.23 sys=0.00, real=0.03 secs] 
2016-09-15T11:50:51.522-0400: 243.593: [GC (GCLocker Initiated GC) [PSYoungGen: 119086K->24780K(175104K)] 370181K->336736K(699392K), 0.0338893 secs] [Times: user=0.38 sys=0.01, real=0.04 secs] 
2016-09-15T11:50:51.672-0400: 243.743: [GC (GCLocker Initiated GC) [PSYoungGen: 112844K->85858K(175104K)] 424904K->398046K(699392K), 0.0117012 secs] [Times: user=0.11 sys=0.00, real=0.01 secs] 
2016-09-15T11:50:51.813-0400: 243.885: [GC (GCLocker Initiated GC) [PSYoungGen: 173922K->85694K(175104K)] 486146K->452877K(699392K), 0.0151470 secs] [Times: user=0.16 sys=0.00, real=0.02 secs] 
2016-09-15T11:50:51.939-0400: 244.011: [GC (GCLocker Initiated GC) [PSYoungGen: 173758K->43301K(175104K)] 547287K->447285K(699392K), 0.0174519 secs] [Times: user=0.17 sys=0.00, real=0.02 secs] 
2016-09-15T11:50:52.076-0400: 244.148: [GC (GCLocker Initiated GC) [PSYoungGen: 131365K->67501K(175104K)] 535564K->508613K(699392K), 0.0140235 secs] [Times: user=0.13 sys=0.01, real=0.01 secs] 
2016-09-15T11:50:52.219-0400: 244.290: [Full GC (Ergonomics) [PSYoungGen: 155565K->0K(175104K)] [ParOldGen: 447380K->53434K(524288K)] 602945K->53434K(699392K), [Metaspace: 44547K->44547K(1087488K)], 0.0650011 secs] [Times: user=0.33 sys=0.01, real=0.06 secs] 
2016-09-15T11:50:52.424-0400: 244.496: [GC (GCLocker Initiated GC) [PSYoungGen: 88064K->86114K(175104K)] 147603K->157803K(699392K), 0.0159627 secs] [Times: user=0.16 sys=0.00, real=0.02 secs] 
2016-09-15T11:50:52.541-0400: 244.612: [GC (GCLocker Initiated GC) [PSYoungGen: 174178K->55255K(175104K)] 245909K->194483K(699392K), 0.0224001 secs] [Times: user=0.20 sys=0.00, real=0.02 secs] 
2016-09-15T11:50:52.691-0400: 244.763: [GC (GCLocker Initiated GC) [PSYoungGen: 143319K->61458K(175104K)] 288792K->286197K(699392K), 0.0226234 secs] [Times: user=0.23 sys=0.00, real=0.02 secs] 
2016-09-15T11:50:52.855-0400: 244.926: [GC (GCLocker Initiated GC) [PSYoungGen: 149522K->37322K(175104K)] 386605K->292913K(699392K), 0.0134722 secs] [Times: user=0.13 sys=0.00, real=0.02 secs] 
2016-09-15T11:50:53.008-0400: 245.079: [GC (GCLocker Initiated GC) [PSYoungGen: 125386K->61330K(175104K)] 399335K->353607K(699392K), 0.0157591 secs] [Times: user=0.15 sys=0.00, real=0.01 secs] 
2016-09-15T11:50:53.145-0400: 245.217: [GC (GCLocker Initiated GC) [PSYoungGen: 149394K->85922K(175104K)] 441987K->415109K(699392K), 0.0347498 secs] [Times: user=0.41 sys=0.01, real=0.04 secs] 
2016-09-15T11:50:53.313-0400: 245.384: [GC (GCLocker Initiated GC) [PSYoungGen: 173986K->43169K(175104K)] 521456K->427340K(699392K), 0.0115015 secs] [Times: user=0.11 sys=0.00, real=0.01 secs] 
2016-09-15T11:50:53.450-0400: 245.521: [GC (GCLocker Initiated GC) [PSYoungGen: 131233K->85922K(175104K)] 521533K->506716K(699392K), 0.0093909 secs] [Times: user=0.14 sys=0.00, real=0.01 secs] 
2016-09-15T11:50:53.605-0400: 245.676: [GC (GCLocker Initiated GC) [PSYoungGen: 173985K->37194K(175104K)] 613355K->531522K(699392K), 0.0159370 secs] [Times: user=0.20 sys=0.00, real=0.02 secs] 
2016-09-15T11:50:53.621-0400: 245.692: [Full GC (Ergonomics) [PSYoungGen: 37194K->0K(175104K)] [ParOldGen: 494328K->53446K(524288K)] 531522K->53446K(699392K), [Metaspace: 44549K->44549K(1087488K)], 0.0707355 secs] [Times: user=0.50 sys=0.02, real=0.07 secs] 
2016-09-15T11:50:53.823-0400: 245.895: [GC (Allocation Failure) [PSYoungGen: 88064K->85854K(175104K)] 147706K->163721K(699392K), 0.0099723 secs] [Times: user=0.13 sys=0.01, real=0.01 secs] 
2016-09-15T11:50:53.939-0400: 246.011: [GC (GCLocker Initiated GC) [PSYoungGen: 173918K->73704K(175104K)] 251790K->224800K(699392K), 0.0117238 secs] [Times: user=0.17 sys=0.00, real=0.01 secs] 
2016-09-15T11:50:54.070-0400: 246.142: [GC (GCLocker Initiated GC) [PSYoungGen: 161768K->73708K(175104K)] 319109K->267767K(699392K), 0.0248666 secs] [Times: user=0.24 sys=0.00, real=0.02 secs] 
2016-09-15T11:50:54.221-0400: 246.293: [GC (GCLocker Initiated GC) [PSYoungGen: 161772K->67697K(175104K)] 356064K->298895K(699392K), 0.0117478 secs] [Times: user=0.12 sys=0.00, real=0.01 secs] 
2016-09-15T11:50:54.349-0400: 246.421: [GC (GCLocker Initiated GC) [PSYoungGen: 155761K->55283K(175104K)] 393182K->329257K(699392K), 0.0104114 secs] [Times: user=0.11 sys=0.00, real=0.01 secs] 
2016-09-15T11:50:54.484-0400: 246.556: [GC (Allocation Failure) [PSYoungGen: 143347K->55743K(175104K)] 417497K->348278K(699392K), 0.0116982 secs] [Times: user=0.18 sys=0.00, real=0.02 secs] 
2016-09-15T11:50:54.631-0400: 246.703: [GC (GCLocker Initiated GC) [PSYoungGen: 143807K->74164K(175104K)] 436347K->385564K(699392K), 0.0149267 secs] [Times: user=0.21 sys=0.00, real=0.01 secs] 
2016-09-15T11:50:54.789-0400: 246.861: [GC (Allocation Failure) [PSYoungGen: 162228K->73512K(175104K)] 473787K->397473K(699392K), 0.0162211 secs] [Times: user=0.16 sys=0.01, real=0.01 secs] 
2016-09-15T11:50:54.934-0400: 247.006: [GC (GCLocker Initiated GC) [PSYoungGen: 161264K->67761K(175104K)] 491300K->428323K(699392K), 0.0105914 secs] [Times: user=0.11 sys=0.00, real=0.01 secs] 
2016-09-15T11:50:55.049-0400: 247.121: [GC (GCLocker Initiated GC) [PSYoungGen: 155825K->73544K(175104K)] 516710K->465267K(699392K), 0.0135442 secs] [Times: user=0.11 sys=0.00, real=0.01 secs] 
2016-09-15T11:50:55.217-0400: 247.289: [GC (GCLocker Initiated GC) [PSYoungGen: 161608K->37389K(175104K)] 571788K->496290K(699392K), 0.0119573 secs] [Times: user=0.12 sys=0.00, real=0.01 secs] 
2016-09-15T11:50:55.229-0400: 247.301: [Full GC (Ergonomics) [PSYoungGen: 37389K->0K(175104K)] [ParOldGen: 458900K->54207K(524288K)] 496290K->54207K(699392K), [Metaspace: 44549K->44549K(1087488K)], 0.0807990 secs] [Times: user=0.60 sys=0.00, real=0.08 secs] 
2016-09-15T11:50:55.411-0400: 247.483: [GC (GCLocker Initiated GC) [PSYoungGen: 88064K->86274K(175104K)] 148410K->170928K(699392K), 0.0098209 secs] [Times: user=0.12 sys=0.01, real=0.01 secs] 
2016-09-15T11:50:55.557-0400: 247.629: [GC (GCLocker Initiated GC) [PSYoungGen: 174338K->25303K(175104K)] 265209K->219990K(699392K), 0.0132141 secs] [Times: user=0.13 sys=0.00, real=0.01 secs] 
2016-09-15T11:50:55.672-0400: 247.744: [GC (GCLocker Initiated GC) [PSYoungGen: 113367K->85790K(175104K)] 314401K->293158K(699392K), 0.0105300 secs] [Times: user=0.12 sys=0.00, real=0.01 secs] 
2016-09-15T11:50:55.812-0400: 247.883: [GC (Allocation Failure) [PSYoungGen: 173854K->73708K(175104K)] 381511K->293626K(699392K), 0.0145654 secs] [Times: user=0.10 sys=0.01, real=0.01 secs] 
2016-09-15T11:50:55.827-0400: 247.898: [GC (GCLocker Initiated GC) [PSYoungGen: 74080K->288K(175104K)] 293999K->293828K(699392K), 0.0084317 secs] [Times: user=0.11 sys=0.00, real=0.01 secs] 
2016-09-15T11:50:55.941-0400: 248.013: [GC (GCLocker Initiated GC) [PSYoungGen: 87567K->85722K(175104K)] 387183K->391436K(699392K), 0.0085592 secs] [Times: user=0.11 sys=0.00, real=0.01 secs] 
2016-09-15T11:50:56.060-0400: 248.132: [GC (GCLocker Initiated GC) [PSYoungGen: 173786K->86314K(175104K)] 479749K->447112K(699392K), 0.0111050 secs] [Times: user=0.16 sys=0.00, real=0.01 secs] 
2016-09-15T11:50:56.202-0400: 248.274: [GC (Allocation Failure) [PSYoungGen: 174378K->79551K(175104K)] 541382K->495971K(699392K), 0.0125851 secs] [Times: user=0.16 sys=0.00, real=0.01 secs] 
2016-09-15T11:50:56.331-0400: 248.402: [GC (GCLocker Initiated GC) [PSYoungGen: 167615K->73608K(175104K)] 584040K->557002K(699392K), 0.0194457 secs] [Times: user=0.24 sys=0.00, real=0.02 secs] 
2016-09-15T11:50:56.350-0400: 248.422: [Full GC (Ergonomics) [PSYoungGen: 73608K->0K(175104K)] [ParOldGen: 483394K->59951K(524288K)] 557002K->59951K(699392K), [Metaspace: 44551K->44551K(1087488K)], 0.0620505 secs] [Times: user=0.38 sys=0.01, real=0.06 secs] 
2016-09-15T11:50:56.535-0400: 248.606: [GC (GCLocker Initiated GC) [PSYoungGen: 88064K->86766K(175104K)] 148376K->153153K(699392K), 0.0132491 secs] [Times: user=0.18 sys=0.00, real=0.02 secs] 
2016-09-15T11:50:56.677-0400: 248.749: [GC (GCLocker Initiated GC) [PSYoungGen: 174830K->61490K(175104K)] 247447K->171409K(699392K), 0.0103252 secs] [Times: user=0.10 sys=0.01, real=0.01 secs] 
2016-09-15T11:50:56.810-0400: 248.881: [GC (GCLocker Initiated GC) [PSYoungGen: 149554K->61394K(175104K)] 259503K->195762K(699392K), 0.0146695 secs] [Times: user=0.09 sys=0.00, real=0.01 secs] 
2016-09-15T11:50:56.941-0400: 249.013: [GC (GCLocker Initiated GC) [PSYoungGen: 149458K->49308K(175104K)] 284193K->239002K(699392K), 0.0092026 secs] [Times: user=0.10 sys=0.01, real=0.01 secs] 
2016-09-15T11:50:57.099-0400: 249.171: [GC (GCLocker Initiated GC) [PSYoungGen: 137372K->37030K(175104K)] 339431K->257566K(699392K), 0.0095194 secs] [Times: user=0.08 sys=0.00, real=0.01 secs] 
2016-09-15T11:50:57.235-0400: 249.307: [GC (GCLocker Initiated GC) [PSYoungGen: 125094K->85954K(175104K)] 345862K->337396K(699392K), 0.0092118 secs] [Times: user=0.11 sys=0.00, real=0.01 secs] 
2016-09-15T11:50:57.344-0400: 249.416: [GC (GCLocker Initiated GC) [PSYoungGen: 174018K->79683K(175104K)] 425671K->368093K(699392K), 0.0161855 secs] [Times: user=0.20 sys=0.00, real=0.02 secs] 
2016-09-15T11:50:57.478-0400: 249.550: [GC (GCLocker Initiated GC) [PSYoungGen: 167747K->74000K(175104K)] 456307K->417379K(699392K), 0.0113306 secs] [Times: user=0.16 sys=0.00, real=0.01 secs] 
2016-09-15T11:50:57.603-0400: 249.675: [GC (GCLocker Initiated GC) [PSYoungGen: 162064K->85626K(175104K)] 505557K->472280K(699392K), 0.0091606 secs] [Times: user=0.11 sys=0.00, real=0.01 secs] 
2016-09-15T11:50:57.733-0400: 249.804: [GC (Allocation Failure) [PSYoungGen: 173690K->85726K(175104K)] 560458K->490862K(699392K), 0.0094694 secs] [Times: user=0.14 sys=0.00, real=0.01 secs] 
2016-09-15T11:50:57.854-0400: 249.925: [GC (GCLocker Initiated GC) [PSYoungGen: 173790K->73608K(175104K)] 578927K->545909K(699392K), 0.0158035 secs] [Times: user=0.21 sys=0.01, real=0.02 secs] 
2016-09-15T11:50:57.870-0400: 249.941: [Full GC (Ergonomics) [PSYoungGen: 73608K->0K(175104K)] [ParOldGen: 472301K->60037K(524288K)] 545909K->60037K(699392K), [Metaspace: 44552K->44552K(1087488K)], 0.0717089 secs] [Times: user=0.49 sys=0.03, real=0.07 secs] 
2016-09-15T11:50:58.078-0400: 250.150: [GC (GCLocker Initiated GC) [PSYoungGen: 88064K->80075K(175104K)] 154292K->146303K(699392K), 0.0105273 secs] [Times: user=0.11 sys=0.00, real=0.01 secs] 
2016-09-15T11:50:58.207-0400: 250.279: [GC (GCLocker Initiated GC) [PSYoungGen: 168139K->55447K(175104K)] 240803K->165033K(699392K), 0.0077106 secs] [Times: user=0.10 sys=0.00, real=0.01 secs] 
2016-09-15T11:50:58.322-0400: 250.393: [GC (GCLocker Initiated GC) [PSYoungGen: 143511K->86018K(175104K)] 253105K->220071K(699392K), 0.0125556 secs] [Times: user=0.18 sys=0.00, real=0.01 secs] 
2016-09-15T11:50:58.452-0400: 250.524: [GC (GCLocker Initiated GC) [PSYoungGen: 174082K->85822K(175104K)] 314421K->268986K(699392K), 0.0119537 secs] [Times: user=0.16 sys=0.01, real=0.01 secs] 
2016-09-15T11:50:58.596-0400: 250.668: [GC (GCLocker Initiated GC) [PSYoungGen: 173886K->73772K(175104K)] 357242K->293878K(699392K), 0.0105282 secs] [Times: user=0.13 sys=0.00, real=0.00 secs] 
2016-09-15T11:50:58.732-0400: 250.804: [GC (GCLocker Initiated GC) [PSYoungGen: 161836K->67597K(175104K)] 388244K->318604K(699392K), 0.0232535 secs] [Times: user=0.28 sys=0.00, real=0.02 secs] 
2016-09-15T11:50:58.892-0400: 250.963: [GC (GCLocker Initiated GC) [PSYoungGen: 155661K->55611K(175104K)] 413003K->331298K(699392K), 0.0097317 secs] [Times: user=0.10 sys=0.00, real=0.01 secs] 
2016-09-15T11:50:59.025-0400: 251.097: [GC (GCLocker Initiated GC) [PSYoungGen: 143675K->73508K(175104K)] 419600K->367966K(699392K), 0.0081042 secs] [Times: user=0.10 sys=0.00, real=0.01 secs] 
2016-09-15T11:50:59.143-0400: 251.214: [GC (Allocation Failure) [PSYoungGen: 161572K->73968K(175104K)] 456369K->387149K(699392K), 0.0092810 secs] [Times: user=0.13 sys=0.01, real=0.01 secs] 
2016-09-15T11:50:59.279-0400: 251.351: [GC (GCLocker Initiated GC) [PSYoungGen: 162027K->79715K(175104K)] 475215K->448517K(699392K), 0.0189587 secs] [Times: user=0.28 sys=0.00, real=0.02 secs] 
2016-09-15T11:50:59.414-0400: 251.486: [GC (GCLocker Initiated GC) [PSYoungGen: 167779K->73704K(175104K)] 536887K->491539K(699392K), 0.0095696 secs] [Times: user=0.14 sys=0.00, real=0.01 secs] 
2016-09-15T11:50:59.539-0400: 251.610: [GC (GCLocker Initiated GC) [PSYoungGen: 161768K->79979K(175104K)] 579921K->516476K(699392K), 0.0125767 secs] [Times: user=0.12 sys=0.00, real=0.01 secs] 
2016-09-15T11:50:59.682-0400: 251.754: [GC (Allocation Failure) [PSYoungGen: 168043K->79747K(175104K)] 610628K->577479K(699392K), 0.0136726 secs] [Times: user=0.19 sys=0.00, real=0.02 secs] 
2016-09-15T11:50:59.696-0400: 251.767: [Full GC (Ergonomics) [PSYoungGen: 79747K->0K(175104K)] [ParOldGen: 497732K->60039K(524288K)] 577479K->60039K(699392K), [Metaspace: 44552K->44552K(1087488K)], 0.0699510 secs] [Times: user=0.54 sys=0.01, real=0.06 secs] 
2016-09-15T11:50:59.889-0400: 251.960: [GC (GCLocker Initiated GC) [PSYoungGen: 86504K->74060K(175104K)] 152618K->140174K(699392K), 0.0072911 secs] [Times: user=0.10 sys=0.00, real=0.01 secs] 
2016-09-15T11:51:00.029-0400: 252.101: [GC (GCLocker Initiated GC) [PSYoungGen: 162124K->49571K(175104K)] 228263K->152709K(699392K), 0.0103071 secs] [Times: user=0.10 sys=0.00, real=0.01 secs] 
2016-09-15T11:51:00.143-0400: 252.215: [GC (GCLocker Initiated GC) [PSYoungGen: 137635K->85854K(175104K)] 240826K->262604K(699392K), 0.0130300 secs] [Times: user=0.17 sys=0.00, real=0.02 secs] 
2016-09-15T11:51:00.284-0400: 252.356: [GC (Allocation Failure) [PSYoungGen: 173918K->79943K(175104K)] 350855K->360322K(699392K), 0.0141446 secs] [Times: user=0.22 sys=0.00, real=0.02 secs] 
2016-09-15T11:51:00.411-0400: 252.483: [GC (GCLocker Initiated GC) [PSYoungGen: 163673K->73640K(175104K)] 450127K->378643K(699392K), 0.0085068 secs] [Times: user=0.12 sys=0.01, real=0.01 secs] 
2016-09-15T11:51:00.543-0400: 252.615: [GC (GCLocker Initiated GC) [PSYoungGen: 161704K->85986K(175104K)] 467080K->397760K(699392K), 0.0111332 secs] [Times: user=0.16 sys=0.00, real=0.01 secs] 
2016-09-15T11:51:00.690-0400: 252.762: [GC (GCLocker Initiated GC) [PSYoungGen: 174050K->73576K(175104K)] 485984K->422259K(699392K), 0.0154394 secs] [Times: user=0.19 sys=0.01, real=0.01 secs] 
2016-09-15T11:51:00.832-0400: 252.904: [GC (GCLocker Initiated GC) [PSYoungGen: 161640K->85626K(175104K)] 510382K->471118K(699392K), 0.0113921 secs] [Times: user=0.14 sys=0.00, real=0.01 secs] 
2016-09-15T11:51:00.967-0400: 253.039: [GC (GCLocker Initiated GC) [PSYoungGen: 173690K->61590K(175104K)] 565287K->526230K(699392K), 0.0122095 secs] [Times: user=0.17 sys=0.00, real=0.02 secs] 
2016-09-15T11:51:00.980-0400: 253.051: [Full GC (Ergonomics) [PSYoungGen: 61590K->0K(175104K)] [ParOldGen: 464640K->48435K(524288K)] 526230K->48435K(699392K), [Metaspace: 44553K->44553K(1087488K)], 0.0689878 secs] [Times: user=0.53 sys=0.02, real=0.07 secs] 
2016-09-15T11:51:01.150-0400: 253.222: [GC (Allocation Failure) [PSYoungGen: 88064K->73960K(175104K)] 142947K->128843K(699392K), 0.0091724 secs] [Times: user=0.13 sys=0.01, real=0.01 secs] 
2016-09-15T11:51:01.273-0400: 253.345: [GC (GCLocker Initiated GC) [PSYoungGen: 162024K->85822K(175104K)] 216913K->183823K(699392K), 0.0108282 secs] [Times: user=0.16 sys=0.00, real=0.01 secs] 
2016-09-15T11:51:01.415-0400: 253.486: [GC (GCLocker Initiated GC) [PSYoungGen: 173886K->85758K(175104K)] 271919K->214285K(699392K), 0.0118483 secs] [Times: user=0.15 sys=0.00, real=0.01 secs] 
2016-09-15T11:51:01.543-0400: 253.615: [GC (GCLocker Initiated GC) [PSYoungGen: 173822K->79847K(175104K)] 308696K->251454K(699392K), 0.0134147 secs] [Times: user=0.14 sys=0.02, real=0.02 secs] 
2016-09-15T11:51:01.701-0400: 253.773: [GC (GCLocker Initiated GC) [PSYoungGen: 167911K->67273K(175104K)] 339578K->287832K(699392K), 0.0140423 secs] [Times: user=0.13 sys=0.01, real=0.01 secs] 
2016-09-15T11:51:01.834-0400: 253.906: [GC (GCLocker Initiated GC) [PSYoungGen: 155337K->79811K(175104K)] 375971K->349196K(699392K), 0.0128513 secs] [Times: user=0.17 sys=0.00, real=0.01 secs] 
2016-09-15T11:51:01.942-0400: 254.013: [GC (GCLocker Initiated GC) [PSYoungGen: 167875K->73544K(175104K)] 437308K->361470K(699392K), 0.0129939 secs] [Times: user=0.14 sys=0.00, real=0.01 secs] 
2016-09-15T11:51:02.075-0400: 254.147: [GC (GCLocker Initiated GC) [PSYoungGen: 161608K->55383K(175104K)] 449907K->410790K(699392K), 0.0123362 secs] [Times: user=0.13 sys=0.01, real=0.02 secs] 
2016-09-15T11:51:02.216-0400: 254.287: [GC (GCLocker Initiated GC) [PSYoungGen: 143447K->85954K(175104K)] 498997K->472194K(699392K), 0.0109982 secs] [Times: user=0.15 sys=0.00, real=0.00 secs] 
2016-09-15T11:51:02.351-0400: 254.423: [GC (GCLocker Initiated GC) [PSYoungGen: 174018K->49148K(175104K)] 566353K->484432K(699392K), 0.0275071 secs] [Times: user=0.32 sys=0.00, real=0.03 secs] 
2016-09-15T11:51:02.513-0400: 254.584: [GC (GCLocker Initiated GC) [PSYoungGen: 137212K->73676K(175104K)] 572802K->527782K(699392K), 0.0118398 secs] [Times: user=0.12 sys=0.00, real=0.01 secs] 
2016-09-15T11:51:02.525-0400: 254.596: [Full GC (Ergonomics) [PSYoungGen: 73676K->0K(175104K)] [ParOldGen: 454106K->48303K(524288K)] 527782K->48303K(699392K), [Metaspace: 44553K->44553K(1087488K)], 0.0713339 secs] [Times: user=0.46 sys=0.00, real=0.08 secs] 
2016-09-15T11:51:02.707-0400: 254.778: [GC (GCLocker Initiated GC) [PSYoungGen: 88064K->85790K(175104K)] 136734K->176985K(699392K), 0.0118577 secs] [Times: user=0.16 sys=0.00, real=0.02 secs] 
2016-09-15T11:51:02.836-0400: 254.908: [GC (GCLocker Initiated GC) [PSYoungGen: 173854K->79943K(175104K)] 265231K->226311K(699392K), 0.0113239 secs] [Times: user=0.17 sys=0.00, real=0.01 secs] 
2016-09-15T11:51:02.962-0400: 255.034: [GC (GCLocker Initiated GC) [PSYoungGen: 168007K->85854K(175104K)] 314518K->287371K(699392K), 0.0113953 secs] [Times: user=0.19 sys=0.00, real=0.01 secs] 
2016-09-15T11:51:03.066-0400: 255.138: [GC (GCLocker Initiated GC) [PSYoungGen: 173918K->67597K(175104K)] 375702K->366913K(699392K), 0.0114667 secs] [Times: user=0.17 sys=0.00, real=0.02 secs] 
2016-09-15T11:51:03.211-0400: 255.282: [GC (GCLocker Initiated GC) [PSYoungGen: 155661K->74000K(175104K)] 467175K->404046K(699392K), 0.0081493 secs] [Times: user=0.13 sys=0.00, real=0.01 secs] 
2016-09-15T11:51:03.342-0400: 255.414: [GC (GCLocker Initiated GC) [PSYoungGen: 162064K->73540K(175104K)] 492360K->440610K(699392K), 0.0127597 secs] [Times: user=0.18 sys=0.00, real=0.01 secs] 
2016-09-15T11:51:03.480-0400: 255.551: [GC (GCLocker Initiated GC) [PSYoungGen: 161604K->61622K(175104K)] 534825K->471444K(699392K), 0.0103322 secs] [Times: user=0.11 sys=0.01, real=0.01 secs] 
2016-09-15T11:51:03.629-0400: 255.701: [GC (GCLocker Initiated GC) [PSYoungGen: 149686K->61654K(175104K)] 565631K->514684K(699392K), 0.0113131 secs] [Times: user=0.13 sys=0.00, real=0.01 secs] 
2016-09-15T11:51:03.640-0400: 255.712: [Full GC (Ergonomics) [PSYoungGen: 61654K->0K(175104K)] [ParOldGen: 453030K->54377K(524288K)] 514684K->54377K(699392K), [Metaspace: 44553K->44553K(1087488K)], 0.0623390 secs] [Times: user=0.40 sys=0.00, real=0.06 secs] 
2016-09-15T11:51:03.837-0400: 255.909: [GC (GCLocker Initiated GC) [PSYoungGen: 88064K->85790K(175104K)] 148810K->152612K(699392K), 0.0094515 secs] [Times: user=0.11 sys=0.01, real=0.00 secs] 
2016-09-15T11:51:03.961-0400: 256.033: [GC (GCLocker Initiated GC) [PSYoungGen: 173854K->55874K(175104K)] 252891K->190066K(699392K), 0.0111255 secs] [Times: user=0.13 sys=0.00, real=0.01 secs] 
2016-09-15T11:51:04.109-0400: 256.181: [GC (GCLocker Initiated GC) [PSYoungGen: 143938K->37517K(175104K)] 290369K->220877K(699392K), 0.0098621 secs] [Times: user=0.12 sys=0.00, real=0.01 secs] 
2016-09-15T11:51:04.244-0400: 256.315: [GC (GCLocker Initiated GC) [PSYoungGen: 125581K->85886K(175104K)] 309134K->275813K(699392K), 0.0090612 secs] [Times: user=0.11 sys=0.00, real=0.01 secs] 
2016-09-15T11:51:04.358-0400: 256.429: [GC (GCLocker Initiated GC) [PSYoungGen: 173950K->67729K(175104K)] 364182K->312968K(699392K), 0.0144221 secs] [Times: user=0.17 sys=0.00, real=0.01 secs] 
2016-09-15T11:51:04.495-0400: 256.567: [GC (GCLocker Initiated GC) [PSYoungGen: 155793K->73608K(175104K)] 401796K->374766K(699392K), 0.0111590 secs] [Times: user=0.12 sys=0.00, real=0.01 secs] 
2016-09-15T11:51:04.630-0400: 256.702: [GC (GCLocker Initiated GC) [PSYoungGen: 161672K->85790K(175104K)] 469042K->423679K(699392K), 0.0106142 secs] [Times: user=0.15 sys=0.02, real=0.01 secs] 
2016-09-15T11:51:04.773-0400: 256.845: [GC (Allocation Failure) [PSYoungGen: 173854K->55611K(175104K)] 518083K->442517K(699392K), 0.0172463 secs] [Times: user=0.23 sys=0.00, real=0.02 secs] 
2016-09-15T11:51:04.914-0400: 256.986: [GC (GCLocker Initiated GC) [PSYoungGen: 138998K->36998K(175104K)] 531979K->448479K(699392K), 0.0226680 secs] [Times: user=0.27 sys=0.00, real=0.03 secs] 
2016-09-15T11:51:05.055-0400: 257.127: [GC (GCLocker Initiated GC) [PSYoungGen: 125062K->55223K(175104K)] 542979K->473392K(699392K), 0.0304538 secs] [Times: user=0.34 sys=0.00, real=0.03 secs] 
2016-09-15T11:51:05.206-0400: 257.278: [GC (GCLocker Initiated GC) [PSYoungGen: 143287K->85986K(175104K)] 561711K->535108K(699392K), 0.0128489 secs] [Times: user=0.16 sys=0.00, real=0.02 secs] 
2016-09-15T11:51:05.219-0400: 257.291: [Full GC (Ergonomics) [PSYoungGen: 85986K->0K(175104K)] [ParOldGen: 449122K->54423K(524288K)] 535108K->54423K(699392K), [Metaspace: 44553K->44553K(1087488K)], 0.0700858 secs] [Times: user=0.51 sys=0.01, real=0.07 secs] 
2016-09-15T11:51:05.427-0400: 257.499: [GC (GCLocker Initiated GC) [PSYoungGen: 88064K->86110K(175104K)] 142541K->183112K(699392K), 0.0102566 secs] [Times: user=0.14 sys=0.00, real=0.02 secs] 
2016-09-15T11:51:05.578-0400: 257.649: [GC (GCLocker Initiated GC) [PSYoungGen: 174174K->49372K(175104K)] 277516K->244435K(699392K), 0.0118578 secs] [Times: user=0.18 sys=0.01, real=0.01 secs] 
2016-09-15T11:51:05.687-0400: 257.758: [GC (GCLocker Initiated GC) [PSYoungGen: 137436K->73508K(175104K)] 338868K->317781K(699392K), 0.0085816 secs] [Times: user=0.13 sys=0.00, real=0.01 secs] 
2016-09-15T11:51:05.811-0400: 257.883: [GC (GCLocker Initiated GC) [PSYoungGen: 161572K->86346K(175104K)] 405887K->361187K(699392K), 0.0096641 secs] [Times: user=0.14 sys=0.00, real=0.01 secs] 
2016-09-15T11:51:05.934-0400: 258.006: [GC (GCLocker Initiated GC) [PSYoungGen: 174410K->49308K(175104K)] 449372K->397641K(699392K), 0.0094350 secs] [Times: user=0.12 sys=0.00, real=0.01 secs] 
2016-09-15T11:51:06.063-0400: 258.135: [GC (Allocation Failure) [PSYoungGen: 137372K->85822K(175104K)] 485803K->482997K(699392K), 0.0112821 secs] [Times: user=0.16 sys=0.00, real=0.01 secs] 
2016-09-15T11:51:06.204-0400: 258.275: [GC (GCLocker Initiated GC) [PSYoungGen: 173886K->67565K(175104K)] 571067K->531886K(699392K), 0.0117263 secs] [Times: user=0.14 sys=0.02, real=0.02 secs] 
2016-09-15T11:51:06.216-0400: 258.287: [Full GC (Ergonomics) [PSYoungGen: 67565K->0K(175104K)] [ParOldGen: 464321K->54834K(524288K)] 531886K->54834K(699392K), [Metaspace: 44553K->44553K(1087488K)], 0.0664610 secs] [Times: user=0.44 sys=0.01, real=0.06 secs] 
2016-09-15T11:51:06.412-0400: 258.484: [GC (GCLocker Initiated GC) [PSYoungGen: 88064K->86078K(175104K)] 142979K->147068K(699392K), 0.0091195 secs] [Times: user=0.11 sys=0.00, real=0.01 secs] 
2016-09-15T11:51:06.529-0400: 258.601: [GC (GCLocker Initiated GC) [PSYoungGen: 174142K->67729K(175104K)] 235196K->220480K(699392K), 0.0161479 secs] [Times: user=0.24 sys=0.00, real=0.01 secs] 
2016-09-15T11:51:06.658-0400: 258.730: [GC (GCLocker Initiated GC) [PSYoungGen: 155793K->79811K(175104K)] 320775K->293717K(699392K), 0.0121709 secs] [Times: user=0.15 sys=0.00, real=0.01 secs] 
2016-09-15T11:51:06.811-0400: 258.883: [GC (GCLocker Initiated GC) [PSYoungGen: 167875K->73836K(175104K)] 393978K->373147K(699392K), 0.0126403 secs] [Times: user=0.17 sys=0.00, real=0.01 secs] 
2016-09-15T11:51:06.942-0400: 259.014: [GC (GCLocker Initiated GC) [PSYoungGen: 161900K->73640K(175104K)] 461292K->446247K(699392K), 0.0138067 secs] [Times: user=0.20 sys=0.00, real=0.02 secs] 
2016-09-15T11:51:07.071-0400: 259.143: [GC (GCLocker Initiated GC) [PSYoungGen: 161704K->73868K(175104K)] 540535K->495515K(699392K), 0.0181245 secs] [Times: user=0.21 sys=0.00, real=0.02 secs] 
2016-09-15T11:51:07.089-0400: 259.161: [Full GC (Ergonomics) [PSYoungGen: 73868K->0K(175104K)] [ParOldGen: 421647K->54447K(524288K)] 495515K->54447K(699392K), [Metaspace: 44553K->44553K(1087488K)], 0.0676874 secs] [Times: user=0.58 sys=0.00, real=0.07 secs] 
2016-09-15T11:51:07.287-0400: 259.359: [GC (Allocation Failure) [PSYoungGen: 88064K->79843K(175104K)] 142569K->134348K(699392K), 0.0112634 secs] [Times: user=0.12 sys=0.00, real=0.02 secs] 
2016-09-15T11:51:07.406-0400: 259.477: [GC (GCLocker Initiated GC) [PSYoungGen: 167904K->79715K(175104K)] 222415K->189472K(699392K), 0.0131372 secs] [Times: user=0.16 sys=0.00, real=0.02 secs] 
2016-09-15T11:51:07.551-0400: 259.623: [GC (GCLocker Initiated GC) [PSYoungGen: 167779K->55547K(175104K)] 283894K->208256K(699392K), 0.0292783 secs] [Times: user=0.36 sys=0.00, real=0.03 secs] 
2016-09-15T11:51:07.685-0400: 259.757: [GC (GCLocker Initiated GC) [PSYoungGen: 143611K->73704K(175104K)] 302459K->251061K(699392K), 0.0090335 secs] [Times: user=0.10 sys=0.00, real=0.01 secs] 
2016-09-15T11:51:07.826-0400: 259.898: [GC (Allocation Failure) [PSYoungGen: 161768K->86118K(175104K)] 339453K->264110K(699392K), 0.0098302 secs] [Times: user=0.12 sys=0.01, real=0.02 secs] 
2016-09-15T11:51:07.959-0400: 260.031: [GC (GCLocker Initiated GC) [PSYoungGen: 172396K->73640K(175104K)] 356463K->294620K(699392K), 0.0120406 secs] [Times: user=0.13 sys=0.01, real=0.01 secs] 
2016-09-15T11:51:08.099-0400: 260.170: [GC (GCLocker Initiated GC) [PSYoungGen: 161704K->67633K(175104K)] 383029K->307302K(699392K), 0.0269738 secs] [Times: user=0.29 sys=0.01, real=0.02 secs] 
2016-09-15T11:51:08.267-0400: 260.338: [GC (GCLocker Initiated GC) [PSYoungGen: 155697K->19064K(175104K)] 413733K->313967K(699392K), 0.0095473 secs] [Times: user=0.07 sys=0.00, real=0.02 secs] 
2016-09-15T11:51:08.415-0400: 260.487: [GC (Allocation Failure) [PSYoungGen: 107128K->55415K(175104K)] 414525K->362938K(699392K), 0.0083114 secs] [Times: user=0.09 sys=0.00, real=0.01 secs] 
2016-09-15T11:51:08.534-0400: 260.606: [GC (GCLocker Initiated GC) [PSYoungGen: 143479K->61298K(175104K)] 451008K->368923K(699392K), 0.0146074 secs] [Times: user=0.13 sys=0.00, real=0.02 secs] 
2016-09-15T11:51:08.670-0400: 260.741: [GC (GCLocker Initiated GC) [PSYoungGen: 149359K->74100K(175104K)] 463426K->412766K(699392K), 0.0090514 secs] [Times: user=0.11 sys=0.00, real=0.01 secs] 
2016-09-15T11:51:08.805-0400: 260.876: [GC (GCLocker Initiated GC) [PSYoungGen: 162164K->79683K(175104K)] 501539K->437739K(699392K), 0.0099674 secs] [Times: user=0.14 sys=0.00, real=0.01 secs] 
2016-09-15T11:51:08.937-0400: 261.009: [GC (GCLocker Initiated GC) [PSYoungGen: 167747K->61330K(175104K)] 525833K->437761K(699392K), 0.0148118 secs] [Times: user=0.15 sys=0.01, real=0.01 secs] 
2016-09-15T11:51:09.089-0400: 261.161: [GC (GCLocker Initiated GC) [PSYoungGen: 149394K->73640K(175104K)] 526006K->511294K(699392K), 0.0156888 secs] [Times: user=0.18 sys=0.00, real=0.01 secs] 
2016-09-15T11:51:09.230-0400: 261.301: [GC (GCLocker Initiated GC) [PSYoungGen: 161704K->85954K(175104K)] 599724K->530357K(699392K), 0.0115560 secs] [Times: user=0.14 sys=0.00, real=0.01 secs] 
2016-09-15T11:51:09.241-0400: 261.313: [Full GC (Ergonomics) [PSYoungGen: 85954K->0K(175104K)] [ParOldGen: 444403K->54908K(524288K)] 530357K->54908K(699392K), [Metaspace: 44553K->44553K(1087488K)], 0.0647869 secs] [Times: user=0.39 sys=0.01, real=0.06 secs] 
2016-09-15T11:51:09.431-0400: 261.502: [GC (GCLocker Initiated GC) [PSYoungGen: 88064K->85954K(175104K)] 143189K->171454K(699392K), 0.0105190 secs] [Times: user=0.10 sys=0.03, real=0.01 secs] 
2016-09-15T11:51:09.548-0400: 261.619: [GC (GCLocker Initiated GC) [PSYoungGen: 174018K->79715K(175104K)] 265746K->250890K(699392K), 0.0138340 secs] [Times: user=0.21 sys=0.00, real=0.01 secs] 
2016-09-15T11:51:09.683-0400: 261.755: [GC (GCLocker Initiated GC) [PSYoungGen: 167779K->61490K(175104K)] 345391K->281942K(699392K), 0.0095667 secs] [Times: user=0.12 sys=0.00, real=0.01 secs] 
2016-09-15T11:51:09.812-0400: 261.883: [GC (GCLocker Initiated GC) [PSYoungGen: 149554K->73608K(175104K)] 370016K->300429K(699392K), 0.0105827 secs] [Times: user=0.11 sys=0.00, real=0.01 secs] 
2016-09-15T11:51:09.930-0400: 262.001: [GC (GCLocker Initiated GC) [PSYoungGen: 161672K->85954K(175104K)] 388557K->361583K(699392K), 0.0216908 secs] [Times: user=0.24 sys=0.01, real=0.02 secs] 
2016-09-15T11:51:10.110-0400: 262.182: [GC (GCLocker Initiated GC) [PSYoungGen: 174018K->18773K(175104K)] 474291K->380220K(699392K), 0.0233481 secs] [Times: user=0.21 sys=0.01, real=0.02 secs] 
2016-09-15T11:51:10.281-0400: 262.353: [GC (GCLocker Initiated GC) [PSYoungGen: 106837K->67405K(175104K)] 474554K->435233K(699392K), 0.0188697 secs] [Times: user=0.19 sys=0.00, real=0.02 secs] 
2016-09-15T11:51:10.438-0400: 262.510: [GC (GCLocker Initiated GC) [PSYoungGen: 155469K->67601K(175104K)] 529514K->466050K(699392K), 0.0140071 secs] [Times: user=0.12 sys=0.01, real=0.01 secs] 
2016-09-15T11:51:10.586-0400: 262.658: [GC (GCLocker Initiated GC) [PSYoungGen: 155665K->67437K(175104K)] 560248K->490520K(699392K), 0.0108309 secs] [Times: user=0.10 sys=0.00, real=0.02 secs] 
2016-09-15T11:51:10.716-0400: 262.788: [GC (GCLocker Initiated GC) [PSYoungGen: 155501K->55611K(175104K)] 591051K->545956K(699392K), 0.0198737 secs] [Times: user=0.22 sys=0.00, real=0.02 secs] 
2016-09-15T11:51:10.736-0400: 262.808: [Full GC (Ergonomics) [PSYoungGen: 55611K->0K(175104K)] [ParOldGen: 490345K->54902K(524288K)] 545956K->54902K(699392K), [Metaspace: 44553K->44553K(1087488K)], 0.0722850 secs] [Times: user=0.45 sys=0.01, real=0.07 secs] 
2016-09-15T11:51:10.947-0400: 263.019: [GC (GCLocker Initiated GC) [PSYoungGen: 88064K->73868K(175104K)] 155381K->141185K(699392K), 0.0211523 secs] [Times: user=0.25 sys=0.01, real=0.03 secs] 
2016-09-15T11:51:11.099-0400: 263.171: [GC (GCLocker Initiated GC) [PSYoungGen: 161932K->43560K(175104K)] 229260K->147630K(699392K), 0.0097834 secs] [Times: user=0.06 sys=0.01, real=0.01 secs] 
2016-09-15T11:51:11.225-0400: 263.296: [GC (GCLocker Initiated GC) [PSYoungGen: 131624K->74000K(175104K)] 241850K->184508K(699392K), 0.0091143 secs] [Times: user=0.13 sys=0.00, real=0.01 secs] 
2016-09-15T11:51:11.389-0400: 263.460: [GC (Allocation Failure) [PSYoungGen: 162064K->19132K(175104K)] 284870K->178508K(699392K), 0.0071394 secs] [Times: user=0.07 sys=0.00, real=0.01 secs] 
2016-09-15T11:51:11.518-0400: 263.590: [GC (GCLocker Initiated GC) [PSYoungGen: 107196K->73608K(175104K)] 266574K->233448K(699392K), 0.0080310 secs] [Times: user=0.10 sys=0.00, real=0.00 secs] 
2016-09-15T11:51:11.662-0400: 263.733: [GC (GCLocker Initiated GC) [PSYoungGen: 161672K->61586K(175104K)] 340082K->276605K(699392K), 0.0085920 secs] [Times: user=0.12 sys=0.00, real=0.01 secs] 
2016-09-15T11:51:11.803-0400: 263.874: [GC (GCLocker Initiated GC) [PSYoungGen: 149650K->49475K(175104K)] 371004K->270917K(699392K), 0.0096365 secs] [Times: user=0.08 sys=0.00, real=0.01 secs] 
2016-09-15T11:51:11.913-0400: 263.984: [GC (GCLocker Initiated GC) [PSYoungGen: 137539K->73672K(175104K)] 359353K->332751K(699392K), 0.0098935 secs] [Times: user=0.13 sys=0.01, real=0.01 secs] 
2016-09-15T11:51:12.029-0400: 264.100: [GC (GCLocker Initiated GC) [PSYoungGen: 161736K->85986K(175104K)] 420937K->424306K(699392K), 0.0143439 secs] [Times: user=0.20 sys=0.00, real=0.01 secs] 
2016-09-15T11:51:12.162-0400: 264.233: [GC (GCLocker Initiated GC) [PSYoungGen: 174050K->79911K(175104K)] 512552K->467352K(699392K), 0.0115652 secs] [Times: user=0.15 sys=0.00, real=0.01 secs] 
2016-09-15T11:51:12.299-0400: 264.371: [GC (GCLocker Initiated GC) [PSYoungGen: 167975K->55319K(175104K)] 561591K->485848K(699392K), 0.0116547 secs] [Times: user=0.16 sys=0.01, real=0.01 secs] 
2016-09-15T11:51:12.459-0400: 264.530: [Full GC (Ergonomics) [PSYoungGen: 143383K->0K(175104K)] [ParOldGen: 448902K->53826K(524288K)] 592285K->53826K(699392K), [Metaspace: 44555K->44555K(1087488K)], 0.0573058 secs] [Times: user=0.46 sys=0.00, real=0.06 secs] 
2016-09-15T11:51:12.622-0400: 264.694: [GC (GCLocker Initiated GC) [PSYoungGen: 88064K->86110K(175104K)] 141895K->164242K(699392K), 0.0088635 secs] [Times: user=0.12 sys=0.00, real=0.01 secs] 
2016-09-15T11:51:12.758-0400: 264.829: [GC (GCLocker Initiated GC) [PSYoungGen: 174174K->85986K(175104K)] 252667K->219741K(699392K), 0.0120648 secs] [Times: user=0.16 sys=0.00, real=0.01 secs] 
2016-09-15T11:51:12.913-0400: 264.985: [GC (GCLocker Initiated GC) [PSYoungGen: 174050K->73672K(175104K)] 308144K->262733K(699392K), 0.0119872 secs] [Times: user=0.19 sys=0.00, real=0.01 secs] 
2016-09-15T11:51:13.051-0400: 265.123: [GC (GCLocker Initiated GC) [PSYoungGen: 161736K->73608K(175104K)] 357110K->287350K(699392K), 0.0113868 secs] [Times: user=0.13 sys=0.00, real=0.01 secs] 
2016-09-15T11:51:13.200-0400: 265.272: [GC (Allocation Failure) [PSYoungGen: 161672K->43464K(175104K)] 375596K->275685K(699392K), 0.0145767 secs] [Times: user=0.11 sys=0.00, real=0.01 secs] 
2016-09-15T11:51:13.313-0400: 265.385: [GC (GCLocker Initiated GC) [PSYoungGen: 131528K->85658K(175104K)] 363755K->373039K(699392K), 0.0160265 secs] [Times: user=0.19 sys=0.00, real=0.02 secs] 
2016-09-15T11:51:13.447-0400: 265.518: [GC (GCLocker Initiated GC) [PSYoungGen: 173722K->55323K(175104K)] 461178K->373250K(699392K), 0.0184209 secs] [Times: user=0.13 sys=0.01, real=0.02 secs] 
2016-09-15T11:51:13.571-0400: 265.643: [GC (GCLocker Initiated GC) [PSYoungGen: 143387K->73608K(175104K)] 461536K->434753K(699392K), 0.0150100 secs] [Times: user=0.19 sys=0.00, real=0.01 secs] 
2016-09-15T11:51:13.704-0400: 265.776: [GC (GCLocker Initiated GC) [PSYoungGen: 161672K->67437K(175104K)] 522961K->447242K(699392K), 0.0249920 secs] [Times: user=0.30 sys=0.00, real=0.03 secs] 
2016-09-15T11:51:13.877-0400: 265.948: [GC (GCLocker Initiated GC) [PSYoungGen: 155501K->73672K(175104K)] 535577K->472257K(699392K), 0.0168326 secs] [Times: user=0.21 sys=0.00, real=0.01 secs] 
2016-09-15T11:51:14.026-0400: 266.097: [GC (GCLocker Initiated GC) [PSYoungGen: 161736K->85822K(175104K)] 560543K->527305K(699392K), 0.0105803 secs] [Times: user=0.14 sys=0.00, real=0.02 secs] 
2016-09-15T11:51:14.173-0400: 266.245: [Full GC (Ergonomics) [PSYoungGen: 173886K->0K(175104K)] [ParOldGen: 447913K->47961K(524288K)] 621799K->47961K(699392K), [Metaspace: 44556K->44556K(1087488K)], 0.0898886 secs] [Times: user=0.79 sys=0.01, real=0.09 secs] 
2016-09-15T11:51:14.370-0400: 266.441: [GC (GCLocker Initiated GC) [PSYoungGen: 88064K->85822K(175104K)] 136341K->140174K(699392K), 0.0089348 secs] [Times: user=0.13 sys=0.00, real=0.01 secs] 
2016-09-15T11:51:14.492-0400: 266.563: [GC (GCLocker Initiated GC) [PSYoungGen: 173886K->31019K(175104K)] 228308K->122166K(699392K), 0.0190901 secs] [Times: user=0.20 sys=0.00, real=0.02 secs] 
2016-09-15T11:51:14.604-0400: 266.675: [GC (GCLocker Initiated GC) [PSYoungGen: 119083K->61558K(175104K)] 216386K->207753K(699392K), 0.0130887 secs] [Times: user=0.16 sys=0.00, real=0.02 secs] 
2016-09-15T11:51:14.718-0400: 266.790: [GC (GCLocker Initiated GC) [PSYoungGen: 149622K->67793K(175104K)] 308070K->299629K(699392K), 0.0117558 secs] [Times: user=0.16 sys=0.00, real=0.01 secs] 
2016-09-15T11:51:14.847-0400: 266.918: [GC (GCLocker Initiated GC) [PSYoungGen: 155857K->67761K(175104K)] 387790K->354684K(699392K), 0.0145242 secs] [Times: user=0.12 sys=0.00, real=0.02 secs] 
2016-09-15T11:51:14.973-0400: 267.045: [GC (GCLocker Initiated GC) [PSYoungGen: 155825K->49116K(175104K)] 449044K->360820K(699392K), 0.0091336 secs] [Times: user=0.09 sys=0.00, real=0.01 secs] 
2016-09-15T11:51:15.104-0400: 267.176: [GC (GCLocker Initiated GC) [PSYoungGen: 137180K->55547K(175104K)] 461311K->416412K(699392K), 0.0169667 secs] [Times: user=0.20 sys=0.00, real=0.02 secs] 
2016-09-15T11:51:15.282-0400: 267.353: [GC (GCLocker Initiated GC) [PSYoungGen: 143611K->55155K(175104K)] 504489K->434697K(699392K), 0.0115875 secs] [Times: user=0.11 sys=0.00, real=0.01 secs] 
2016-09-15T11:51:15.450-0400: 267.522: [GC (Allocation Failure) [PSYoungGen: 143219K->19232K(175104K)] 540999K->417101K(699392K), 0.0072402 secs] [Times: user=0.08 sys=0.00, real=0.01 secs] 
2016-09-15T11:51:15.586-0400: 267.658: [GC (GCLocker Initiated GC) [PSYoungGen: 107296K->73608K(175104K)] 505170K->471749K(699392K), 0.0093228 secs] [Times: user=0.08 sys=0.01, real=0.01 secs] 
2016-09-15T11:51:15.731-0400: 267.803: [GC (GCLocker Initiated GC) [PSYoungGen: 161672K->37517K(175104K)] 578354K->490785K(699392K), 0.0079852 secs] [Times: user=0.10 sys=0.00, real=0.01 secs] 
2016-09-15T11:51:15.739-0400: 267.811: [Full GC (Ergonomics) [PSYoungGen: 37517K->0K(175104K)] [ParOldGen: 453267K->60209K(524288K)] 490785K->60209K(699392K), [Metaspace: 44558K->44558K(1087488K)], 0.0675139 secs] [Times: user=0.50 sys=0.03, real=0.06 secs] 
2016-09-15T11:51:15.924-0400: 267.996: [GC (GCLocker Initiated GC) [PSYoungGen: 88064K->73864K(175104K)] 148310K->134110K(699392K), 0.0104260 secs] [Times: user=0.12 sys=0.00, real=0.01 secs] 
2016-09-15T11:51:16.042-0400: 268.113: [GC (Allocation Failure) [PSYoungGen: 161928K->79715K(175104K)] 222288K->177245K(699392K), 0.0117999 secs] [Times: user=0.14 sys=0.01, real=0.01 secs] 
2016-09-15T11:51:16.153-0400: 268.225: [GC (GCLocker Initiated GC) [PSYoungGen: 167779K->79651K(175104K)] 265314K->219995K(699392K), 0.0162866 secs] [Times: user=0.20 sys=0.00, real=0.02 secs] 
2016-09-15T11:51:16.276-0400: 268.348: [GC (GCLocker Initiated GC) [PSYoungGen: 167715K->73672K(175104K)] 308657K->269589K(699392K), 0.0153006 secs] [Times: user=0.17 sys=0.00, real=0.01 secs] 
2016-09-15T11:51:16.431-0400: 268.502: [GC (GCLocker Initiated GC) [PSYoungGen: 161736K->55351K(175104K)] 357666K->306084K(699392K), 0.0085743 secs] [Times: user=0.11 sys=0.00, real=0.01 secs] 
2016-09-15T11:51:16.591-0400: 268.663: [GC (GCLocker Initiated GC) [PSYoungGen: 143415K->36930K(175104K)] 400348K->318446K(699392K), 0.0074897 secs] [Times: user=0.11 sys=0.00, real=0.01 secs] 
2016-09-15T11:51:16.714-0400: 268.785: [GC (Allocation Failure) [PSYoungGen: 124994K->85530K(175104K)] 412666K->373346K(699392K), 0.0090088 secs] [Times: user=0.12 sys=0.01, real=0.01 secs] 
2016-09-15T11:51:16.839-0400: 268.911: [GC (GCLocker Initiated GC) [PSYoungGen: 173594K->86182K(175104K)] 461416K->434921K(699392K), 0.0119729 secs] [Times: user=0.18 sys=0.01, real=0.01 secs] 
2016-09-15T11:51:16.953-0400: 269.024: [GC (GCLocker Initiated GC) [PSYoungGen: 174246K->85822K(175104K)] 523139K->459299K(699392K), 0.0094411 secs] [Times: user=0.13 sys=0.00, real=0.01 secs] 
2016-09-15T11:51:17.071-0400: 269.142: [GC (GCLocker Initiated GC) [PSYoungGen: 173886K->85822K(175104K)] 547427K->532407K(699392K), 0.0118548 secs] [Times: user=0.18 sys=0.01, real=0.01 secs] 
2016-09-15T11:51:17.083-0400: 269.154: [Full GC (Ergonomics) [PSYoungGen: 85822K->0K(175104K)] [ParOldGen: 446585K->53807K(524288K)] 532407K->53807K(699392K), [Metaspace: 44564K->44564K(1087488K)], 0.0611733 secs] [Times: user=0.54 sys=0.00, real=0.06 secs] 
2016-09-15T11:51:17.266-0400: 269.338: [GC (Allocation Failure) [PSYoungGen: 88064K->86406K(175104K)] 142013K->164655K(699392K), 0.0089887 secs] [Times: user=0.13 sys=0.00, real=0.01 secs] 
2016-09-15T11:51:17.398-0400: 269.469: [GC (GCLocker Initiated GC) [PSYoungGen: 174470K->55447K(175104K)] 252725K->171028K(699392K), 0.0092270 secs] [Times: user=0.14 sys=0.00, real=0.00 secs] 
2016-09-15T11:51:17.513-0400: 269.585: [GC (GCLocker Initiated GC) [PSYoungGen: 143511K->55479K(175104K)] 265421K->195766K(699392K), 0.0095350 secs] [Times: user=0.13 sys=0.00, real=0.01 secs] 
2016-09-15T11:51:17.645-0400: 269.717: [GC (GCLocker Initiated GC) [PSYoungGen: 143543K->86054K(175104K)] 284040K->245075K(699392K), 0.0106160 secs] [Times: user=0.12 sys=0.00, real=0.02 secs] 
2016-09-15T11:51:17.776-0400: 269.848: [GC (GCLocker Initiated GC) [PSYoungGen: 174118K->55219K(175104K)] 333172K->269412K(699392K), 0.0086537 secs] [Times: user=0.12 sys=0.00, real=0.00 secs] 
2016-09-15T11:51:17.903-0400: 269.974: [GC (GCLocker Initiated GC) [PSYoungGen: 143283K->55775K(175104K)] 363673K->312766K(699392K), 0.0094162 secs] [Times: user=0.15 sys=0.00, real=0.01 secs] 
2016-09-15T11:51:18.042-0400: 270.114: [GC (GCLocker Initiated GC) [PSYoungGen: 143839K->85822K(175104K)] 400956K->361652K(699392K), 0.0082028 secs] [Times: user=0.12 sys=0.00, real=0.01 secs] 
2016-09-15T11:51:18.174-0400: 270.246: [GC (GCLocker Initiated GC) [PSYoungGen: 173885K->55711K(175104K)] 456078K->386843K(699392K), 0.0090835 secs] [Times: user=0.13 sys=0.00, real=0.01 secs] 
2016-09-15T11:51:18.303-0400: 270.375: [GC (GCLocker Initiated GC) [PSYoungGen: 143775K->55383K(175104K)] 481770K->412223K(699392K), 0.0069968 secs] [Times: user=0.09 sys=0.00, real=0.01 secs] 
2016-09-15T11:51:18.434-0400: 270.505: [GC (GCLocker Initiated GC) [PSYoungGen: 143447K->85854K(175104K)] 500321K->485413K(699392K), 0.0103073 secs] [Times: user=0.17 sys=0.00, real=0.01 secs] 
2016-09-15T11:51:18.559-0400: 270.631: [GC (GCLocker Initiated GC) [PSYoungGen: 173918K->55383K(175104K)] 573524K->473514K(699392K), 0.0087056 secs] [Times: user=0.12 sys=0.00, real=0.01 secs] 
2016-09-15T11:51:18.690-0400: 270.762: [GC (Allocation Failure) [PSYoungGen: 143447K->86018K(175104K)] 561681K->528884K(699392K), 0.0094128 secs] [Times: user=0.15 sys=0.01, real=0.01 secs] 
2016-09-15T11:51:18.831-0400: 270.903: [GC (GCLocker Initiated GC) [PSYoungGen: 169412K->55515K(175104K)] 618353K->553355K(699392K), 0.0095473 secs] [Times: user=0.12 sys=0.01, real=0.01 secs] 
2016-09-15T11:51:18.841-0400: 270.913: [Full GC (Ergonomics) [PSYoungGen: 55515K->0K(175104K)] [ParOldGen: 497840K->47546K(524288K)] 553355K->47546K(699392K), [Metaspace: 44584K->44584K(1087488K)], 0.0817853 secs] [Times: user=0.94 sys=0.00, real=0.08 secs] 
2016-09-15T11:51:19.060-0400: 271.132: [GC (Allocation Failure) [PSYoungGen: 88064K->86118K(175104K)] 141817K->158096K(699392K), 0.0090239 secs] [Times: user=0.14 sys=0.00, real=0.01 secs] 
2016-09-15T11:51:19.169-0400: 271.241: [GC (GCLocker Initiated GC) [PSYoungGen: 174182K->85822K(175104K)] 246165K->224954K(699392K), 0.0117412 secs] [Times: user=0.17 sys=0.00, real=0.01 secs] 
2016-09-15T11:51:19.288-0400: 271.359: [GC (GCLocker Initiated GC) [PSYoungGen: 173886K->85986K(175104K)] 313150K->298441K(699392K), 0.0147685 secs] [Times: user=0.20 sys=0.01, real=0.01 secs] 
2016-09-15T11:51:19.412-0400: 271.483: [GC (GCLocker Initiated GC) [PSYoungGen: 174050K->85822K(175104K)] 386642K->353405K(699392K), 0.0112389 secs] [Times: user=0.17 sys=0.00, real=0.01 secs] 
2016-09-15T11:51:19.532-0400: 271.604: [GC (GCLocker Initiated GC) [PSYoungGen: 173886K->73672K(175104K)] 441676K->359987K(699392K), 0.0106748 secs] [Times: user=0.11 sys=0.00, real=0.01 secs] 
2016-09-15T11:51:19.663-0400: 271.735: [GC (GCLocker Initiated GC) [PSYoungGen: 161736K->86182K(175104K)] 448086K->439689K(699392K), 0.0127363 secs] [Times: user=0.18 sys=0.01, real=0.02 secs] 
2016-09-15T11:51:19.807-0400: 271.878: [GC (Allocation Failure) [PSYoungGen: 174246K->85658K(175104K)] 533870K->512570K(699392K), 0.0122474 secs] [Times: user=0.18 sys=0.01, real=0.02 secs] 
2016-09-15T11:51:19.819-0400: 271.891: [Full GC (Ergonomics) [PSYoungGen: 85658K->0K(175104K)] [ParOldGen: 426912K->53645K(524288K)] 512570K->53645K(699392K), [Metaspace: 44585K->44585K(1087488K)], 0.0594055 secs] [Times: user=0.52 sys=0.00, real=0.06 secs] 
2016-09-15T11:51:20.003-0400: 272.075: [GC (GCLocker Initiated GC) [PSYoungGen: 88064K->86274K(175104K)] 141714K->164225K(699392K), 0.0102633 secs] [Times: user=0.13 sys=0.01, real=0.01 secs] 
2016-09-15T11:51:20.141-0400: 272.212: [GC (GCLocker Initiated GC) [PSYoungGen: 174338K->61394K(175104K)] 252347K->194790K(699392K), 0.0165909 secs] [Times: user=0.20 sys=0.00, real=0.02 secs] 
2016-09-15T11:51:20.290-0400: 272.362: [GC (GCLocker Initiated GC) [PSYoungGen: 149458K->73608K(175104K)] 282912K->261857K(699392K), 0.0117883 secs] [Times: user=0.12 sys=0.00, real=0.01 secs] 
2016-09-15T11:51:20.434-0400: 272.506: [GC (GCLocker Initiated GC) [PSYoungGen: 161672K->85626K(175104K)] 356045K->328906K(699392K), 0.0212311 secs] [Times: user=0.24 sys=0.00, real=0.02 secs] 
2016-09-15T11:51:20.590-0400: 272.661: [GC (GCLocker Initiated GC) [PSYoungGen: 173690K->55383K(175104K)] 417112K->353624K(699392K), 0.0100825 secs] [Times: user=0.14 sys=0.00, real=0.01 secs] 
2016-09-15T11:51:20.715-0400: 272.787: [GC (GCLocker Initiated GC) [PSYoungGen: 143447K->85690K(175104K)] 447811K->408594K(699392K), 0.0095969 secs] [Times: user=0.14 sys=0.01, real=0.01 secs] 
2016-09-15T11:51:20.855-0400: 272.927: [GC (GCLocker Initiated GC) [PSYoungGen: 173754K->67793K(175104K)] 509058K->445774K(699392K), 0.0187243 secs] [Times: user=0.23 sys=0.00, real=0.02 secs] 
2016-09-15T11:51:20.999-0400: 273.071: [GC (GCLocker Initiated GC) [PSYoungGen: 155857K->85758K(175104K)] 539982K->500558K(699392K), 0.0125696 secs] [Times: user=0.17 sys=0.01, real=0.01 secs] 
2016-09-15T11:51:21.132-0400: 273.203: [GC (GCLocker Initiated GC) [PSYoungGen: 173822K->55579K(175104K)] 601043K->543866K(699392K), 0.0151079 secs] [Times: user=0.19 sys=0.01, real=0.01 secs] 
2016-09-15T11:51:21.147-0400: 273.218: [Full GC (Ergonomics) [PSYoungGen: 55579K->0K(175104K)] [ParOldGen: 488287K->53868K(524288K)] 543866K->53868K(699392K), [Metaspace: 44585K->44585K(1087488K)], 0.0717407 secs] [Times: user=0.54 sys=0.01, real=0.08 secs] 
2016-09-15T11:51:21.367-0400: 273.439: [GC (GCLocker Initiated GC) [PSYoungGen: 88064K->86018K(175104K)] 148088K->152117K(699392K), 0.0094607 secs] [Times: user=0.11 sys=0.00, real=0.02 secs] 
2016-09-15T11:51:21.494-0400: 273.565: [GC (GCLocker Initiated GC) [PSYoungGen: 174082K->61590K(175104K)] 240335K->164608K(699392K), 0.0080814 secs] [Times: user=0.09 sys=0.00, real=0.01 secs] 
2016-09-15T11:51:21.607-0400: 273.679: [GC (GCLocker Initiated GC) [PSYoungGen: 149654K->61298K(175104K)] 252837K->182965K(699392K), 0.0107152 secs] [Times: user=0.11 sys=0.00, real=0.02 secs] 
2016-09-15T11:51:21.752-0400: 273.824: [GC (GCLocker Initiated GC) [PSYoungGen: 149362K->73672K(175104K)] 271194K->214005K(699392K), 0.0131794 secs] [Times: user=0.13 sys=0.00, real=0.01 secs] 
2016-09-15T11:51:21.910-0400: 273.982: [GC (GCLocker Initiated GC) [PSYoungGen: 161736K->61230K(175104K)] 302401K->238465K(699392K), 0.0096290 secs] [Times: user=0.11 sys=0.00, real=0.01 secs] 
2016-09-15T11:51:22.066-0400: 274.138: [GC (GCLocker Initiated GC) [PSYoungGen: 149294K->85658K(175104K)] 332646K->281303K(699392K), 0.0096723 secs] [Times: user=0.12 sys=0.00, real=0.02 secs] 
2016-09-15T11:51:22.203-0400: 274.275: [GC (GCLocker Initiated GC) [PSYoungGen: 173722K->55415K(175104K)] 375669K->306090K(699392K), 0.0144034 secs] [Times: user=0.12 sys=0.01, real=0.02 secs] 
2016-09-15T11:51:22.316-0400: 274.388: [GC (GCLocker Initiated GC) [PSYoungGen: 143479K->85986K(175104K)] 394196K->409927K(699392K), 0.0150365 secs] [Times: user=0.20 sys=0.00, real=0.01 secs] 
2016-09-15T11:51:22.454-0400: 274.526: [GC (GCLocker Initiated GC) [PSYoungGen: 174050K->73836K(175104K)] 510436K->471255K(699392K), 0.0222237 secs] [Times: user=0.28 sys=0.00, real=0.03 secs] 
2016-09-15T11:51:22.590-0400: 274.662: [GC (Allocation Failure) [PSYoungGen: 161900K->61462K(175104K)] 559529K->495972K(699392K), 0.0112900 secs] [Times: user=0.10 sys=0.00, real=0.01 secs] 
2016-09-15T11:51:22.703-0400: 274.775: [Full GC (Ergonomics) [PSYoungGen: 145153K->0K(175104K)] [ParOldGen: 440585K->59982K(524288K)] 585738K->59982K(699392K), [Metaspace: 44585K->44585K(1087488K)], 0.0665472 secs] [Times: user=0.34 sys=0.01, real=0.07 secs] 
2016-09-15T11:51:22.876-0400: 274.948: [GC (GCLocker Initiated GC) [PSYoungGen: 88064K->80263K(175104K)] 148155K->140354K(699392K), 0.0105229 secs] [Times: user=0.08 sys=0.00, real=0.00 secs] 
2016-09-15T11:51:22.991-0400: 275.062: [GC (GCLocker Initiated GC) [PSYoungGen: 168327K->37158K(175104K)] 228785K->171491K(699392K), 0.0145361 secs] [Times: user=0.14 sys=0.00, real=0.01 secs] 
2016-09-15T11:51:23.118-0400: 275.190: [GC (GCLocker Initiated GC) [PSYoungGen: 125222K->67537K(175104K)] 265835K->226650K(699392K), 0.0162699 secs] [Times: user=0.17 sys=0.00, real=0.01 secs] 
2016-09-15T11:51:23.266-0400: 275.338: [GC (GCLocker Initiated GC) [PSYoungGen: 155601K->43233K(175104K)] 320954K->263552K(699392K), 0.0168165 secs] [Times: user=0.17 sys=0.00, real=0.02 secs] 
2016-09-15T11:51:23.407-0400: 275.479: [GC (GCLocker Initiated GC) [PSYoungGen: 131297K->67569K(175104K)] 351860K->306632K(699392K), 0.0143570 secs] [Times: user=0.11 sys=0.00, real=0.02 secs] 
2016-09-15T11:51:23.543-0400: 275.615: [GC (GCLocker Initiated GC) [PSYoungGen: 155633K->67565K(175104K)] 394958K->355790K(699392K), 0.0131221 secs] [Times: user=0.13 sys=0.00, real=0.02 secs] 
2016-09-15T11:51:23.682-0400: 275.754: [GC (GCLocker Initiated GC) [PSYoungGen: 155629K->49507K(175104K)] 450021K->374535K(699392K), 0.0241358 secs] [Times: user=0.23 sys=0.00, real=0.02 secs] 
2016-09-15T11:51:23.858-0400: 275.929: [GC (GCLocker Initiated GC) [PSYoungGen: 137571K->43073K(175104K)] 468945K->423322K(699392K), 0.0132738 secs] [Times: user=0.09 sys=0.00, real=0.01 secs] 
2016-09-15T11:51:23.994-0400: 276.065: [GC (GCLocker Initiated GC) [PSYoungGen: 131137K->73284K(175104K)] 511529K->453951K(699392K), 0.0257471 secs] [Times: user=0.27 sys=0.00, real=0.03 secs] 
2016-09-15T11:51:24.128-0400: 276.199: [GC (GCLocker Initiated GC) [PSYoungGen: 161348K->55579K(175104K)] 554319K->503385K(699392K), 0.0226129 secs] [Times: user=0.29 sys=0.00, real=0.02 secs] 
2016-09-15T11:51:24.150-0400: 276.222: [Full GC (Ergonomics) [PSYoungGen: 55579K->0K(175104K)] [ParOldGen: 447806K->60221K(524288K)] 503385K->60221K(699392K), [Metaspace: 44585K->44585K(1087488K)], 0.0656168 secs] [Times: user=0.37 sys=0.01, real=0.07 secs] 
2016-09-15T11:51:24.318-0400: 276.390: [GC (GCLocker Initiated GC) [PSYoungGen: 88064K->86374K(175104K)] 148601K->152986K(699392K), 0.0200573 secs] [Times: user=0.24 sys=0.00, real=0.02 secs] 
2016-09-15T11:51:24.462-0400: 276.534: [GC (GCLocker Initiated GC) [PSYoungGen: 174438K->79847K(175104K)] 241407K->184158K(699392K), 0.0106509 secs] [Times: user=0.13 sys=0.00, real=0.01 secs] 
2016-09-15T11:51:24.604-0400: 276.676: [GC (GCLocker Initiated GC) [PSYoungGen: 167911K->55711K(175104K)] 278384K->190792K(699392K), 0.0083409 secs] [Times: user=0.09 sys=0.00, real=0.01 secs] 
2016-09-15T11:51:24.727-0400: 276.798: [GC (Allocation Failure) [PSYoungGen: 143775K->55059K(175104K)] 279004K->227169K(699392K), 0.0124097 secs] [Times: user=0.08 sys=0.00, real=0.02 secs] 
2016-09-15T11:51:24.865-0400: 276.937: [GC (GCLocker Initiated GC) [PSYoungGen: 143123K->55515K(175104K)] 315425K->306944K(699392K), 0.0114407 secs] [Times: user=0.13 sys=0.00, real=0.02 secs] 
2016-09-15T11:51:25.007-0400: 277.078: [GC (GCLocker Initiated GC) [PSYoungGen: 143579K->85954K(175104K)] 401282K->368444K(699392K), 0.0091676 secs] [Times: user=0.13 sys=0.00, real=0.02 secs] 
2016-09-15T11:51:25.124-0400: 277.196: [GC (GCLocker Initiated GC) [PSYoungGen: 174018K->73672K(175104K)] 462805K->435683K(699392K), 0.0155285 secs] [Times: user=0.18 sys=0.01, real=0.02 secs] 
2016-09-15T11:51:25.271-0400: 277.342: [GC (Allocation Failure) [PSYoungGen: 161736K->61594K(175104K)] 523878K->430086K(699392K), 0.0170049 secs] [Times: user=0.24 sys=0.00, real=0.02 secs] 
2016-09-15T11:51:25.418-0400: 277.490: [GC (GCLocker Initiated GC) [PSYoungGen: 149568K->73904K(175104K)] 518225K->461084K(699392K), 0.0085809 secs] [Times: user=0.10 sys=0.00, real=0.00 secs] 
2016-09-15T11:51:25.561-0400: 277.632: [GC (GCLocker Initiated GC) [PSYoungGen: 161968K->49208K(175104K)] 549886K->473711K(699392K), 0.0158440 secs] [Times: user=0.18 sys=0.02, real=0.02 secs] 
2016-09-15T11:51:25.669-0400: 277.741: [GC (GCLocker Initiated GC) [PSYoungGen: 137272K->85658K(175104K)] 561951K->546915K(699392K), 0.0114568 secs] [Times: user=0.15 sys=0.00, real=0.01 secs] 
2016-09-15T11:51:25.681-0400: 277.752: [Full GC (Ergonomics) [PSYoungGen: 85658K->0K(175104K)] [ParOldGen: 461257K->59917K(524288K)] 546915K->59917K(699392K), [Metaspace: 44585K->44585K(1087488K)], 0.0745872 secs] [Times: user=0.50 sys=0.02, real=0.07 secs] 
2016-09-15T11:51:25.863-0400: 277.935: [GC (GCLocker Initiated GC) [PSYoungGen: 88064K->81078K(175104K)] 148079K->171469K(699392K), 0.0097165 secs] [Times: user=0.12 sys=0.00, real=0.01 secs] 
2016-09-15T11:51:25.980-0400: 278.052: [GC (GCLocker Initiated GC) [PSYoungGen: 169142K->85854K(175104K)] 259693K->214346K(699392K), 0.0098955 secs] [Times: user=0.14 sys=0.00, real=0.01 secs] 
2016-09-15T11:51:26.107-0400: 278.179: [GC (GCLocker Initiated GC) [PSYoungGen: 173918K->55415K(175104K)] 308577K->269192K(699392K), 0.0101081 secs] [Times: user=0.13 sys=0.01, real=0.02 secs] 
2016-09-15T11:51:26.243-0400: 278.314: [GC (GCLocker Initiated GC) [PSYoungGen: 143479K->85954K(175104K)] 357293K->330435K(699392K), 0.0110453 secs] [Times: user=0.14 sys=0.00, real=0.01 secs] 
2016-09-15T11:51:26.407-0400: 278.479: [GC (GCLocker Initiated GC) [PSYoungGen: 174018K->31147K(175104K)] 436817K->324580K(699392K), 0.0134957 secs] [Times: user=0.11 sys=0.02, real=0.02 secs] 
2016-09-15T11:51:26.559-0400: 278.631: [GC (GCLocker Initiated GC) [PSYoungGen: 119211K->85662K(175104K)] 412692K->379262K(699392K), 0.0107539 secs] [Times: user=0.12 sys=0.00, real=0.01 secs] 
2016-09-15T11:51:26.703-0400: 278.774: [GC (GCLocker Initiated GC) [PSYoungGen: 173726K->43201K(175104K)] 473403K->409823K(699392K), 0.0109544 secs] [Times: user=0.12 sys=0.01, real=0.01 secs] 
2016-09-15T11:51:26.881-0400: 278.952: [GC (GCLocker Initiated GC) [PSYoungGen: 131265K->55027K(175104K)] 497913K->440167K(699392K), 0.0098108 secs] [Times: user=0.08 sys=0.00, real=0.01 secs] 
2016-09-15T11:51:27.026-0400: 279.098: [GC (Allocation Failure) [PSYoungGen: 143091K->49112K(175104K)] 528400K->470991K(699392K), 0.0095336 secs] [Times: user=0.10 sys=0.00, real=0.02 secs] 
2016-09-15T11:51:27.166-0400: 279.238: [GC (GCLocker Initiated GC) [PSYoungGen: 137089K->55803K(175104K)] 559132K->508340K(699392K), 0.0135414 secs] [Times: user=0.15 sys=0.01, real=0.02 secs] 
2016-09-15T11:51:27.180-0400: 279.251: [Full GC (Ergonomics) [PSYoungGen: 55803K->0K(175104K)] [ParOldGen: 452537K->42609K(524288K)] 508340K->42609K(699392K), [Metaspace: 44585K->44585K(1087488K)], 0.0673597 secs] [Times: user=0.48 sys=0.01, real=0.06 secs] 
2016-09-15T11:51:27.332-0400: 279.404: [GC (GCLocker Initiated GC) [PSYoungGen: 88064K->85626K(175104K)] 130725K->152588K(699392K), 0.0100065 secs] [Times: user=0.14 sys=0.00, real=0.01 secs] 
2016-09-15T11:51:27.449-0400: 279.521: [GC (GCLocker Initiated GC) [PSYoungGen: 173690K->73836K(175104K)] 240663K->201703K(699392K), 0.0100028 secs] [Times: user=0.16 sys=0.00, real=0.01 secs] 
2016-09-15T11:51:27.574-0400: 279.646: [GC (GCLocker Initiated GC) [PSYoungGen: 161900K->55938K(175104K)] 296130K->226926K(699392K), 0.0158788 secs] [Times: user=0.21 sys=0.00, real=0.02 secs] 
2016-09-15T11:51:27.689-0400: 279.761: [GC (GCLocker Initiated GC) [PSYoungGen: 144002K->85790K(175104K)] 315263K->263409K(699392K), 0.0193034 secs] [Times: user=0.23 sys=0.00, real=0.02 secs] 
2016-09-15T11:51:27.842-0400: 279.913: [GC (Allocation Failure) [PSYoungGen: 173854K->55383K(175104K)] 357886K->275969K(699392K), 0.0093267 secs] [Times: user=0.11 sys=0.00, real=0.01 secs] 
2016-09-15T11:51:27.965-0400: 280.037: [GC (GCLocker Initiated GC) [PSYoungGen: 143447K->73640K(175104K)] 364039K->294523K(699392K), 0.0095864 secs] [Times: user=0.13 sys=0.00, real=0.01 secs] 
2016-09-15T11:51:28.101-0400: 280.173: [GC (GCLocker Initiated GC) [PSYoungGen: 161704K->55611K(175104K)] 382692K->313177K(699392K), 0.0127252 secs] [Times: user=0.17 sys=0.00, real=0.01 secs] 
2016-09-15T11:51:28.238-0400: 280.310: [GC (GCLocker Initiated GC) [PSYoungGen: 143675K->85694K(175104K)] 401289K->361800K(699392K), 0.0108562 secs] [Times: user=0.13 sys=0.00, real=0.01 secs] 
2016-09-15T11:51:28.412-0400: 280.483: [GC (GCLocker Initiated GC) [PSYoungGen: 173758K->19128K(175104K)] 474342K->398807K(699392K), 0.0175882 secs] [Times: user=0.20 sys=0.00, real=0.02 secs] 
2016-09-15T11:51:28.560-0400: 280.632: [GC (GCLocker Initiated GC) [PSYoungGen: 107192K->67373K(175104K)] 493039K->453650K(699392K), 0.0096653 secs] [Times: user=0.08 sys=0.00, real=0.01 secs] 
2016-09-15T11:51:28.709-0400: 280.781: [GC (GCLocker Initiated GC) [PSYoungGen: 155437K->37226K(175104K)] 553974K->496657K(699392K), 0.0106296 secs] [Times: user=0.13 sys=0.00, real=0.01 secs] 
2016-09-15T11:51:28.720-0400: 280.791: [Full GC (Ergonomics) [PSYoungGen: 37226K->0K(175104K)] [ParOldGen: 459431K->54174K(524288K)] 496657K->54174K(699392K), [Metaspace: 44585K->44585K(1087488K)], 0.0700357 secs] [Times: user=0.50 sys=0.01, real=0.07 secs] 
2016-09-15T11:51:28.894-0400: 280.966: [GC (GCLocker Initiated GC) [PSYoungGen: 88064K->86438K(175104K)] 148658K->153107K(699392K), 0.0097617 secs] [Times: user=0.13 sys=0.00, real=0.01 secs] 
2016-09-15T11:51:29.025-0400: 281.096: [GC (Allocation Failure) [PSYoungGen: 174502K->49799K(175104K)] 241190K->153485K(699392K), 0.0112147 secs] [Times: user=0.14 sys=0.00, real=0.02 secs] 
2016-09-15T11:51:29.125-0400: 281.196: [GC (GCLocker Initiated GC) [PSYoungGen: 135747K->85790K(175104K)] 245508K->232316K(699392K), 0.0196655 secs] [Times: user=0.25 sys=0.01, real=0.02 secs] 
2016-09-15T11:51:29.270-0400: 281.341: [GC (GCLocker Initiated GC) [PSYoungGen: 173854K->85822K(175104K)] 326503K->287394K(699392K), 0.0119064 secs] [Times: user=0.16 sys=0.00, real=0.01 secs] 
2016-09-15T11:51:29.421-0400: 281.492: [GC (Allocation Failure) [PSYoungGen: 173886K->43265K(175104K)] 381773K->318293K(699392K), 0.0165426 secs] [Times: user=0.21 sys=0.02, real=0.02 secs] 
2016-09-15T11:51:29.565-0400: 281.637: [GC (Allocation Failure) [PSYoungGen: 131252K->55347K(175104K)] 406280K->330658K(699392K), 0.0119105 secs] [Times: user=0.15 sys=0.01, real=0.02 secs] 
2016-09-15T11:51:29.679-0400: 281.751: [GC (GCLocker Initiated GC) [PSYoungGen: 143411K->73804K(175104K)] 418728K->367505K(699392K), 0.0081736 secs] [Times: user=0.11 sys=0.00, real=0.00 secs] 
2016-09-15T11:51:29.812-0400: 281.884: [GC (GCLocker Initiated GC) [PSYoungGen: 161868K->85790K(175104K)] 455762K->398325K(699392K), 0.0110753 secs] [Times: user=0.10 sys=0.01, real=0.01 secs] 
2016-09-15T11:51:29.967-0400: 282.038: [GC (GCLocker Initiated GC) [PSYoungGen: 173854K->43592K(175104K)] 492634K->417355K(699392K), 0.0188740 secs] [Times: user=0.22 sys=0.00, real=0.02 secs] 
2016-09-15T11:51:30.114-0400: 282.186: [GC (Allocation Failure) [PSYoungGen: 131656K->37325K(175104K)] 511647K->417420K(699392K), 0.0117173 secs] [Times: user=0.12 sys=0.00, real=0.01 secs] 
2016-09-15T11:51:30.126-0400: 282.198: [GC (GCLocker Initiated GC) [PSYoungGen: 37571K->192K(175104K)] 417665K->417228K(699392K), 0.0107879 secs] [Times: user=0.11 sys=0.00, real=0.02 secs] 
2016-09-15T11:51:30.242-0400: 282.313: [GC (GCLocker Initiated GC) [PSYoungGen: 88256K->85630K(175104K)] 505293K->508750K(699392K), 0.0208343 secs] [Times: user=0.23 sys=0.00, real=0.02 secs] 
2016-09-15T11:51:30.370-0400: 282.441: [GC (GCLocker Initiated GC) [PSYoungGen: 173694K->67601K(175104K)] 597181K->540135K(699392K), 0.0200623 secs] [Times: user=0.20 sys=0.00, real=0.02 secs] 
2016-09-15T11:51:30.390-0400: 282.462: [Full GC (Ergonomics) [PSYoungGen: 67601K->0K(175104K)] [ParOldGen: 472534K->54537K(524288K)] 540135K->54537K(699392K), [Metaspace: 44593K->44593K(1087488K)], 0.0961966 secs] [Times: user=0.67 sys=0.01, real=0.09 secs] 
2016-09-15T11:51:30.605-0400: 282.677: [GC (GCLocker Initiated GC) [PSYoungGen: 88064K->85758K(175104K)] 142633K->146402K(699392K), 0.0116471 secs] [Times: user=0.12 sys=0.01, real=0.02 secs] 
2016-09-15T11:51:30.742-0400: 282.814: [GC (GCLocker Initiated GC) [PSYoungGen: 173822K->73804K(175104K)] 234581K->171320K(699392K), 0.0114943 secs] [Times: user=0.15 sys=0.00, real=0.01 secs] 
2016-09-15T11:51:30.870-0400: 282.941: [GC (GCLocker Initiated GC) [PSYoungGen: 161868K->85886K(175104K)] 259443K->286920K(699392K), 0.0145631 secs] [Times: user=0.20 sys=0.00, real=0.01 secs] 
2016-09-15T11:51:30.994-0400: 283.066: [GC (GCLocker Initiated GC) [PSYoungGen: 173950K->61522K(175104K)] 375133K->348235K(699392K), 0.0150991 secs] [Times: user=0.20 sys=0.00, real=0.02 secs] 
2016-09-15T11:51:31.109-0400: 283.181: [GC (GCLocker Initiated GC) [PSYoungGen: 149586K->85758K(175104K)] 436474K->397246K(699392K), 0.0096630 secs] [Times: user=0.11 sys=0.01, real=0.01 secs] 
2016-09-15T11:51:31.246-0400: 283.317: [GC (GCLocker Initiated GC) [PSYoungGen: 173822K->73704K(175104K)] 491712K->410127K(699392K), 0.0087947 secs] [Times: user=0.10 sys=0.00, real=0.01 secs] 
2016-09-15T11:51:31.367-0400: 283.439: [GC (GCLocker Initiated GC) [PSYoungGen: 161768K->55415K(175104K)] 498294K->410450K(699392K), 0.0130571 secs] [Times: user=0.14 sys=0.00, real=0.02 secs] 
2016-09-15T11:51:31.506-0400: 283.578: [GC (Allocation Failure) [PSYoungGen: 143479K->55551K(175104K)] 504731K->422990K(699392K), 0.0094538 secs] [Times: user=0.08 sys=0.00, real=0.01 secs] 
2016-09-15T11:51:31.653-0400: 283.725: [GC (GCLocker Initiated GC) [PSYoungGen: 143615K->61426K(175104K)] 511059K->465744K(699392K), 0.0144449 secs] [Times: user=0.15 sys=0.00, real=0.02 secs] 
2016-09-15T11:51:31.786-0400: 283.857: [GC (Allocation Failure) [PSYoungGen: 149490K->73740K(175104K)] 553972K->478350K(699392K), 0.0141940 secs] [Times: user=0.19 sys=0.00, real=0.02 secs] 
2016-09-15T11:51:31.914-0400: 283.985: [GC (GCLocker Initiated GC) [PSYoungGen: 160850K->55447K(175104K)] 571535K->503069K(699392K), 0.0097104 secs] [Times: user=0.12 sys=0.00, real=0.01 secs] 
2016-09-15T11:51:31.924-0400: 283.995: [Full GC (Ergonomics) [PSYoungGen: 55447K->0K(175104K)] [ParOldGen: 447622K->54377K(524288K)] 503069K->54377K(699392K), [Metaspace: 44593K->44593K(1087488K)], 0.0605714 secs] [Times: user=0.52 sys=0.00, real=0.06 secs] 
2016-09-15T11:51:32.127-0400: 284.198: [GC (GCLocker Initiated GC) [PSYoungGen: 88064K->56522K(175104K)] 160893K->129352K(699392K), 0.0084690 secs] [Times: user=0.11 sys=0.00, real=0.01 secs] 
2016-09-15T11:51:32.269-0400: 284.341: [GC (GCLocker Initiated GC) [PSYoungGen: 144586K->73704K(175104K)] 223689K->190000K(699392K), 0.0103446 secs] [Times: user=0.15 sys=0.00, real=0.01 secs] 
2016-09-15T11:51:32.405-0400: 284.477: [GC (GCLocker Initiated GC) [PSYoungGen: 161768K->85854K(175104K)] 278304K->238975K(699392K), 0.0124456 secs] [Times: user=0.17 sys=0.00, real=0.02 secs] 
2016-09-15T11:51:32.514-0400: 284.585: [GC (GCLocker Initiated GC) [PSYoungGen: 173918K->80107K(175104K)] 327104K->288276K(699392K), 0.0117732 secs] [Times: user=0.17 sys=0.01, real=0.01 secs] 
2016-09-15T11:51:32.661-0400: 284.733: [GC (GCLocker Initiated GC) [PSYoungGen: 168171K->85822K(175104K)] 388583K->373390K(699392K), 0.0115312 secs] [Times: user=0.17 sys=0.00, real=0.01 secs] 
2016-09-15T11:51:32.819-0400: 284.891: [GC (GCLocker Initiated GC) [PSYoungGen: 173886K->55383K(175104K)] 473786K->410109K(699392K), 0.0119028 secs] [Times: user=0.15 sys=0.01, real=0.01 secs] 
2016-09-15T11:51:32.951-0400: 285.023: [GC (GCLocker Initiated GC) [PSYoungGen: 143447K->85922K(175104K)] 498327K->447176K(699392K), 0.0124017 secs] [Times: user=0.14 sys=0.00, real=0.01 secs] 
2016-09-15T11:51:33.114-0400: 285.186: [GC (GCLocker Initiated GC) [PSYoungGen: 173986K->43137K(175104K)] 541671K->478094K(699392K), 0.0121568 secs] [Times: user=0.12 sys=0.00, real=0.01 secs] 
2016-09-15T11:51:33.127-0400: 285.198: [Full GC (Ergonomics) [PSYoungGen: 43137K->0K(175104K)] [ParOldGen: 434957K->48158K(524288K)] 478094K->48158K(699392K), [Metaspace: 44593K->44593K(1087488K)], 0.0814166 secs] [Times: user=0.60 sys=0.03, real=0.09 secs] 
2016-09-15T11:51:33.323-0400: 285.395: [GC (GCLocker Initiated GC) [PSYoungGen: 88064K->86110K(175104K)] 136275K->158621K(699392K), 0.0093598 secs] [Times: user=0.13 sys=0.00, real=0.01 secs] 
2016-09-15T11:51:33.438-0400: 285.510: [GC (GCLocker Initiated GC) [PSYoungGen: 174174K->85854K(175104K)] 246929K->183496K(699392K), 0.0094371 secs] [Times: user=0.13 sys=0.01, real=0.01 secs] 
2016-09-15T11:51:33.558-0400: 285.630: [GC (GCLocker Initiated GC) [PSYoungGen: 173918K->73672K(175104K)] 271697K->232517K(699392K), 0.0099683 secs] [Times: user=0.14 sys=0.00, real=0.01 secs] 
2016-09-15T11:51:33.695-0400: 285.767: [GC (GCLocker Initiated GC) [PSYoungGen: 161736K->55515K(175104K)] 320696K->244977K(699392K), 0.0109885 secs] [Times: user=0.14 sys=0.00, real=0.01 secs] 
2016-09-15T11:51:33.835-0400: 285.907: [GC (Allocation Failure) [PSYoungGen: 143579K->73704K(175104K)] 339351K->288001K(699392K), 0.0083892 secs] [Times: user=0.11 sys=0.00, real=0.01 secs] 
2016-09-15T11:51:33.844-0400: 285.916: [GC (GCLocker Initiated GC) [PSYoungGen: 73716K->64K(175104K)] 288013K->287673K(699392K), 0.0085704 secs] [Times: user=0.12 sys=0.00, real=0.01 secs] 
2016-09-15T11:51:33.953-0400: 286.025: [GC (GCLocker Initiated GC) [PSYoungGen: 88125K->86274K(175104K)] 375740K->398189K(699392K), 0.0099937 secs] [Times: user=0.14 sys=0.00, real=0.01 secs] 
2016-09-15T11:51:34.095-0400: 286.166: [GC (GCLocker Initiated GC) [PSYoungGen: 174338K->67437K(175104K)] 486485K->429076K(699392K), 0.0107950 secs] [Times: user=0.14 sys=0.00, real=0.01 secs] 
2016-09-15T11:51:34.227-0400: 286.299: [GC (GCLocker Initiated GC) [PSYoungGen: 155501K->85790K(175104K)] 523262K->472068K(699392K), 0.0123049 secs] [Times: user=0.15 sys=0.00, real=0.02 secs] 
2016-09-15T11:51:34.352-0400: 286.424: [GC (Allocation Failure) [PSYoungGen: 173854K->79715K(175104K)] 560181K->508874K(699392K), 0.0123119 secs] [Times: user=0.15 sys=0.00, real=0.01 secs] 
2016-09-15T11:51:34.490-0400: 286.562: [GC (GCLocker Initiated GC) [PSYoungGen: 167779K->79751K(175104K)] 596944K->515258K(699392K), 0.0153750 secs] [Times: user=0.18 sys=0.00, real=0.01 secs] 
2016-09-15T11:51:34.506-0400: 286.578: [Full GC (Ergonomics) [PSYoungGen: 79751K->0K(175104K)] [ParOldGen: 435507K->54444K(524288K)] 515258K->54444K(699392K), [Metaspace: 44593K->44593K(1087488K)], 0.0608916 secs] [Times: user=0.41 sys=0.01, real=0.06 secs] 
2016-09-15T11:51:34.696-0400: 286.767: [GC (Allocation Failure) [PSYoungGen: 88064K->73704K(175104K)] 154901K->140541K(699392K), 0.0122306 secs] [Times: user=0.16 sys=0.00, real=0.01 secs] 
2016-09-15T11:51:34.822-0400: 286.893: [GC (GCLocker Initiated GC) [PSYoungGen: 161768K->67437K(175104K)] 228611K->152765K(699392K), 0.0137757 secs] [Times: user=0.11 sys=0.01, real=0.01 secs] 
2016-09-15T11:51:34.951-0400: 287.022: [GC (GCLocker Initiated GC) [PSYoungGen: 155501K->86018K(175104K)] 240994K->214351K(699392K), 0.0105151 secs] [Times: user=0.14 sys=0.00, real=0.01 secs] 
2016-09-15T11:51:35.116-0400: 287.188: [GC (Allocation Failure) [PSYoungGen: 174082K->73672K(175104K)] 308526K->287735K(699392K), 0.0120412 secs] [Times: user=0.17 sys=0.01, real=0.01 secs] 
2016-09-15T11:51:35.280-0400: 287.351: [GC (GCLocker Initiated GC) [PSYoungGen: 159614K->67401K(175104K)] 379753K->342514K(699392K), 0.0134208 secs] [Times: user=0.16 sys=0.00, real=0.01 secs] 
2016-09-15T11:51:35.413-0400: 287.485: [GC (Allocation Failure) [PSYoungGen: 155465K->79687K(175104K)] 430686K->355019K(699392K), 0.0321869 secs] [Times: user=0.37 sys=0.00, real=0.03 secs] 
2016-09-15T11:51:35.583-0400: 287.655: [GC (GCLocker Initiated GC) [PSYoungGen: 167751K->67601K(175104K)] 443090K->361448K(699392K), 0.0123612 secs] [Times: user=0.11 sys=0.00, real=0.02 secs] 
2016-09-15T11:51:35.713-0400: 287.785: [GC (GCLocker Initiated GC) [PSYoungGen: 155665K->79747K(175104K)] 449801K->404410K(699392K), 0.0100907 secs] [Times: user=0.12 sys=0.00, real=0.01 secs] 
2016-09-15T11:51:35.871-0400: 287.943: [GC (GCLocker Initiated GC) [PSYoungGen: 167811K->55447K(175104K)] 504980K->429194K(699392K), 0.0093133 secs] [Times: user=0.11 sys=0.01, real=0.01 secs] 
2016-09-15T11:51:36.023-0400: 288.094: [GC (GCLocker Initiated GC) [PSYoungGen: 143511K->74000K(175104K)] 517474K->466331K(699392K), 0.0157613 secs] [Times: user=0.22 sys=0.01, real=0.02 secs] 
2016-09-15T11:51:36.162-0400: 288.234: [GC (GCLocker Initiated GC) [PSYoungGen: 162064K->67501K(175104K)] 554762K->496925K(699392K), 0.0115771 secs] [Times: user=0.14 sys=0.00, real=0.01 secs] 
2016-09-15T11:51:36.271-0400: 288.343: [GC (GCLocker Initiated GC) [PSYoungGen: 155565K->67761K(175104K)] 591156K->564230K(699392K), 0.0123944 secs] [Times: user=0.14 sys=0.00, real=0.01 secs] 
2016-09-15T11:51:36.283-0400: 288.355: [Full GC (Ergonomics) [PSYoungGen: 67761K->0K(175104K)] [ParOldGen: 496469K->60595K(524288K)] 564230K->60595K(699392K), [Metaspace: 44593K->44593K(1087488K)], 0.0674000 secs] [Times: user=0.44 sys=0.01, real=0.07 secs] 
2016-09-15T11:51:36.453-0400: 288.525: [GC (GCLocker Initiated GC) [PSYoungGen: 88064K->86598K(175104K)] 148902K->159586K(699392K), 0.0097347 secs] [Times: user=0.09 sys=0.00, real=0.01 secs] 
2016-09-15T11:51:36.581-0400: 288.653: [GC (Allocation Failure) [PSYoungGen: 174662K->55447K(175104K)] 253929K->172476K(699392K), 0.0096887 secs] [Times: user=0.12 sys=0.00, real=0.01 secs] 
2016-09-15T11:51:36.698-0400: 288.770: [GC (GCLocker Initiated GC) [PSYoungGen: 140100K->73704K(175104K)] 263204K->215176K(699392K), 0.0095101 secs] [Times: user=0.13 sys=0.00, real=0.01 secs] 
2016-09-15T11:51:36.855-0400: 288.927: [GC (GCLocker Initiated GC) [PSYoungGen: 161768K->55906K(175104K)] 303450K->234198K(699392K), 0.0107342 secs] [Times: user=0.15 sys=0.01, real=0.01 secs] 
2016-09-15T11:51:36.979-0400: 289.051: [GC (GCLocker Initiated GC) [PSYoungGen: 143970K->73672K(175104K)] 328474K->258490K(699392K), 0.0079662 secs] [Times: user=0.11 sys=0.00, real=0.00 secs] 
2016-09-15T11:51:37.115-0400: 289.187: [GC (GCLocker Initiated GC) [PSYoungGen: 161736K->55547K(175104K)] 352901K->265073K(699392K), 0.0082705 secs] [Times: user=0.10 sys=0.00, real=0.01 secs] 
2016-09-15T11:51:37.250-0400: 289.322: [GC (GCLocker Initiated GC) [PSYoungGen: 143611K->74132K(175104K)] 359366K->290187K(699392K), 0.0089275 secs] [Times: user=0.11 sys=0.00, real=0.01 secs] 
2016-09-15T11:51:37.381-0400: 289.452: [GC (GCLocker Initiated GC) [PSYoungGen: 162196K->36994K(175104K)] 384331K->295738K(699392K), 0.0091062 secs] [Times: user=0.13 sys=0.00, real=0.01 secs] 
2016-09-15T11:51:37.505-0400: 289.576: [GC (GCLocker Initiated GC) [PSYoungGen: 125058K->55743K(175104K)] 390104K->320948K(699392K), 0.0183411 secs] [Times: user=0.27 sys=0.00, real=0.02 secs] 
2016-09-15T11:51:37.652-0400: 289.723: [GC (GCLocker Initiated GC) [PSYoungGen: 143807K->55679K(175104K)] 421412K->333927K(699392K), 0.0064962 secs] [Times: user=0.09 sys=0.00, real=0.01 secs] 
2016-09-15T11:51:37.799-0400: 289.870: [GC (GCLocker Initiated GC) [PSYoungGen: 143743K->55451K(175104K)] 422352K->352733K(699392K), 0.0088001 secs] [Times: user=0.09 sys=0.00, real=0.01 secs] 
2016-09-15T11:51:37.926-0400: 289.997: [GC (GCLocker Initiated GC) [PSYoungGen: 143515K->73544K(175104K)] 447030K->389313K(699392K), 0.0122772 secs] [Times: user=0.15 sys=0.00, real=0.02 secs] 
2016-09-15T11:51:38.076-0400: 290.148: [GC (Allocation Failure) [PSYoungGen: 161608K->73804K(175104K)] 477564K->408096K(699392K), 0.0111382 secs] [Times: user=0.15 sys=0.00, real=0.01 secs] 
2016-09-15T11:51:38.208-0400: 290.280: [GC (GCLocker Initiated GC) [PSYoungGen: 161862K->85758K(175104K)] 496161K->438572K(699392K), 0.0131971 secs] [Times: user=0.14 sys=0.00, real=0.01 secs] 
2016-09-15T11:51:38.338-0400: 290.410: [GC (GCLocker Initiated GC) [PSYoungGen: 173822K->55219K(175104K)] 526667K->481116K(699392K), 0.0110800 secs] [Times: user=0.15 sys=0.00, real=0.01 secs] 
2016-09-15T11:51:38.476-0400: 290.547: [GC (GCLocker Initiated GC) [PSYoungGen: 143283K->56170K(175104K)] 575340K->524838K(699392K), 0.0103168 secs] [Times: user=0.14 sys=0.00, real=0.00 secs] 
2016-09-15T11:51:38.486-0400: 290.558: [Full GC (Ergonomics) [PSYoungGen: 56170K->0K(175104K)] [ParOldGen: 468667K->48780K(524288K)] 524838K->48780K(699392K), [Metaspace: 44593K->44593K(1087488K)], 0.0633061 secs] [Times: user=0.54 sys=0.01, real=0.07 secs] 
2016-09-15T11:51:38.684-0400: 290.756: [GC (Allocation Failure) [PSYoungGen: 88064K->85986K(175104K)] 137054K->159276K(699392K), 0.0266849 secs] [Times: user=0.37 sys=0.00, real=0.03 secs] 
2016-09-15T11:51:38.842-0400: 290.914: [GC (GCLocker Initiated GC) [PSYoungGen: 171195K->55415K(175104K)] 250560K->195829K(699392K), 0.0113634 secs] [Times: user=0.13 sys=0.00, real=0.01 secs] 
2016-09-15T11:51:38.954-0400: 291.025: [GC (GCLocker Initiated GC) [PSYoungGen: 143479K->73704K(175104K)] 284071K->232820K(699392K), 0.0112214 secs] [Times: user=0.16 sys=0.00, real=0.01 secs] 
2016-09-15T11:51:39.086-0400: 291.158: [GC (Allocation Failure) [PSYoungGen: 161768K->86509K(175104K)] 320908K->288515K(699392K), 0.0116189 secs] [Times: user=0.17 sys=0.00, real=0.02 secs] 
2016-09-15T11:51:39.213-0400: 291.284: [GC (GCLocker Initiated GC) [PSYoungGen: 174573K->79779K(175104K)] 376584K->319195K(699392K), 0.0097653 secs] [Times: user=0.13 sys=0.00, real=0.01 secs] 
2016-09-15T11:51:39.332-0400: 291.404: [GC (GCLocker Initiated GC) [PSYoungGen: 167843K->73508K(175104K)] 407330K->355639K(699392K), 0.0171602 secs] [Times: user=0.21 sys=0.00, real=0.02 secs] 
2016-09-15T11:51:39.490-0400: 291.561: [GC (GCLocker Initiated GC) [PSYoungGen: 161572K->61754K(175104K)] 443898K->380649K(699392K), 0.0133801 secs] [Times: user=0.12 sys=0.00, real=0.01 secs] 
2016-09-15T11:51:39.627-0400: 291.699: [GC (GCLocker Initiated GC) [PSYoungGen: 149818K->73640K(175104K)] 481062K->405668K(699392K), 0.0130744 secs] [Times: user=0.15 sys=0.00, real=0.02 secs] 
2016-09-15T11:51:39.761-0400: 291.832: [GC (GCLocker Initiated GC) [PSYoungGen: 161704K->55323K(175104K)] 494378K->406325K(699392K), 0.0181511 secs] [Times: user=0.17 sys=0.01, real=0.02 secs] 
2016-09-15T11:51:39.904-0400: 291.976: [GC (GCLocker Initiated GC) [PSYoungGen: 143387K->49340K(175104K)] 500701K->473787K(699392K), 0.0117089 secs] [Times: user=0.14 sys=0.00, real=0.02 secs] 
2016-09-15T11:51:40.057-0400: 292.128: [GC (Allocation Failure) [PSYoungGen: 137404K->37453K(175104K)] 574082K->492656K(699392K), 0.0082765 secs] [Times: user=0.09 sys=0.01, real=0.00 secs] 
2016-09-15T11:51:40.065-0400: 292.137: [Full GC (Ergonomics) [PSYoungGen: 37453K->0K(175104K)] [ParOldGen: 455202K->48810K(524288K)] 492656K->48810K(699392K), [Metaspace: 44593K->44593K(1087488K)], 0.0647929 secs] [Times: user=0.40 sys=0.01, real=0.07 secs] 
2016-09-15T11:51:40.266-0400: 292.338: [GC (GCLocker Initiated GC) [PSYoungGen: 86931K->85758K(175104K)] 141817K->164943K(699392K), 0.0229014 secs] [Times: user=0.30 sys=0.01, real=0.03 secs] 
2016-09-15T11:51:40.434-0400: 292.506: [GC (GCLocker Initiated GC) [PSYoungGen: 173822K->37058K(175104K)] 253072K->207764K(699392K), 0.0121626 secs] [Times: user=0.15 sys=0.00, real=0.01 secs] 
2016-09-15T11:51:40.524-0400: 292.596: [GC (GCLocker Initiated GC) [PSYoungGen: 125122K->85894K(175104K)] 295882K->275006K(699392K), 0.0138310 secs] [Times: user=0.12 sys=0.00, real=0.02 secs] 
2016-09-15T11:51:40.688-0400: 292.760: [GC (GCLocker Initiated GC) [PSYoungGen: 173958K->55839K(175104K)] 375547K->343310K(699392K), 0.0170537 secs] [Times: user=0.24 sys=0.01, real=0.01 secs] 
2016-09-15T11:51:40.802-0400: 292.874: [GC (GCLocker Initiated GC) [PSYoungGen: 143903K->73508K(175104K)] 437529K->403892K(699392K), 0.0146486 secs] [Times: user=0.16 sys=0.02, real=0.02 secs] 
2016-09-15T11:51:40.928-0400: 293.000: [GC (GCLocker Initiated GC) [PSYoungGen: 161572K->49504K(175104K)] 498079K->440829K(699392K), 0.0126752 secs] [Times: user=0.14 sys=0.00, real=0.01 secs] 
2016-09-15T11:51:41.066-0400: 293.138: [GC (GCLocker Initiated GC) [PSYoungGen: 137568K->85922K(175104K)] 528929K->508458K(699392K), 0.0106552 secs] [Times: user=0.14 sys=0.00, real=0.02 secs] 
2016-09-15T11:51:41.199-0400: 293.270: [GC (GCLocker Initiated GC) [PSYoungGen: 173986K->79619K(175104K)] 596654K->539037K(699392K), 0.0124881 secs] [Times: user=0.16 sys=0.00, real=0.01 secs] 
2016-09-15T11:51:41.211-0400: 293.283: [Full GC (Ergonomics) [PSYoungGen: 79619K->0K(175104K)] [ParOldGen: 459417K->48697K(524288K)] 539037K->48697K(699392K), [Metaspace: 44598K->44598K(1087488K)], 0.0638870 secs] [Times: user=0.50 sys=0.00, real=0.06 secs] 
2016-09-15T11:51:41.400-0400: 293.472: [GC (GCLocker Initiated GC) [PSYoungGen: 88064K->86694K(175104K)] 136813K->159743K(699392K), 0.0098139 secs] [Times: user=0.14 sys=0.00, real=0.01 secs] 
2016-09-15T11:51:41.524-0400: 293.596: [GC (GCLocker Initiated GC) [PSYoungGen: 174758K->61686K(175104K)] 247866K->221015K(699392K), 0.0100267 secs] [Times: user=0.15 sys=0.00, real=0.01 secs] 
2016-09-15T11:51:41.638-0400: 293.709: [GC (GCLocker Initiated GC) [PSYoungGen: 149750K->67697K(175104K)] 309115K->263672K(699392K), 0.0236953 secs] [Times: user=0.30 sys=0.01, real=0.02 secs] 
2016-09-15T11:51:41.768-0400: 293.839: [GC (GCLocker Initiated GC) [PSYoungGen: 155761K->73576K(175104K)] 358010K->294669K(699392K), 0.0242629 secs] [Times: user=0.28 sys=0.00, real=0.02 secs] 
2016-09-15T11:51:41.911-0400: 293.983: [GC (GCLocker Initiated GC) [PSYoungGen: 161640K->86018K(175104K)] 382848K->362201K(699392K), 0.0201212 secs] [Times: user=0.24 sys=0.01, real=0.02 secs] 
2016-09-15T11:51:42.068-0400: 294.140: [GC (GCLocker Initiated GC) [PSYoungGen: 174082K->61426K(175104K)] 450272K->399002K(699392K), 0.0132621 secs] [Times: user=0.15 sys=0.00, real=0.01 secs] 
2016-09-15T11:51:42.231-0400: 294.303: [GC (GCLocker Initiated GC) [PSYoungGen: 149490K->49116K(175104K)] 493171K->417365K(699392K), 0.0121502 secs] [Times: user=0.09 sys=0.01, real=0.01 secs] 
2016-09-15T11:51:42.400-0400: 294.472: [GC (Allocation Failure) [PSYoungGen: 137180K->18773K(175104K)] 505436K->435929K(699392K), 0.0099725 secs] [Times: user=0.11 sys=0.00, real=0.01 secs] 
2016-09-15T11:51:42.535-0400: 294.606: [GC (GCLocker Initiated GC) [PSYoungGen: 106837K->73380K(175104K)] 523993K->490655K(699392K), 0.0106118 secs] [Times: user=0.11 sys=0.00, real=0.01 secs] 
2016-09-15T11:51:42.671-0400: 294.743: [GC (GCLocker Initiated GC) [PSYoungGen: 161444K->85822K(175104K)] 578750K->564013K(699392K), 0.0140139 secs] [Times: user=0.17 sys=0.01, real=0.01 secs] 
2016-09-15T11:51:42.686-0400: 294.757: [Full GC (Ergonomics) [PSYoungGen: 85822K->0K(175104K)] [ParOldGen: 478191K->49161K(524288K)] 564013K->49161K(699392K), [Metaspace: 44602K->44602K(1087488K)], 0.0713149 secs] [Times: user=0.51 sys=0.01, real=0.08 secs] 
2016-09-15T11:51:42.851-0400: 294.922: [GC (GCLocker Initiated GC) [PSYoungGen: 88064K->86794K(175104K)] 137277K->178532K(699392K), 0.0166424 secs] [Times: user=0.25 sys=0.00, real=0.01 secs] 
2016-09-15T11:51:43.004-0400: 295.075: [GC (Allocation Failure) [PSYoungGen: 174858K->67633K(175104K)] 266750K->172610K(699392K), 0.0295307 secs] [Times: user=0.31 sys=0.00, real=0.03 secs] 
2016-09-15T11:51:43.155-0400: 295.226: [GC (GCLocker Initiated GC) [PSYoungGen: 153386K->31118K(175104K)] 264439K->184948K(699392K), 0.0143781 secs] [Times: user=0.08 sys=0.01, real=0.02 secs] 
2016-09-15T11:51:43.272-0400: 295.344: [GC (GCLocker Initiated GC) [PSYoungGen: 119182K->85822K(175104K)] 273082K->282710K(699392K), 0.0140293 secs] [Times: user=0.20 sys=0.00, real=0.01 secs] 
2016-09-15T11:51:43.412-0400: 295.483: [GC (GCLocker Initiated GC) [PSYoungGen: 173886K->43329K(175104K)] 377114K->307810K(699392K), 0.0106901 secs] [Times: user=0.11 sys=0.00, real=0.01 secs] 
2016-09-15T11:51:43.523-0400: 295.594: [GC (Allocation Failure) [PSYoungGen: 131393K->79815K(175104K)] 395995K->363097K(699392K), 0.0113253 secs] [Times: user=0.11 sys=0.01, real=0.01 secs] 
2016-09-15T11:51:43.624-0400: 295.696: [GC (GCLocker Initiated GC) [PSYoungGen: 167754K->85790K(175104K)] 451200K->473139K(699392K), 0.0160937 secs] [Times: user=0.21 sys=0.00, real=0.02 secs] 
2016-09-15T11:51:43.737-0400: 295.808: [GC (GCLocker Initiated GC) [PSYoungGen: 173854K->85658K(175104K)] 567480K->552335K(699392K), 0.0147372 secs] [Times: user=0.18 sys=0.02, real=0.01 secs] 
2016-09-15T11:51:43.752-0400: 295.823: [Full GC (Ergonomics) [PSYoungGen: 85658K->0K(175104K)] [ParOldGen: 466677K->61266K(524288K)] 552335K->61266K(699392K), [Metaspace: 44602K->44602K(1087488K)], 0.0634309 secs] [Times: user=0.43 sys=0.02, real=0.06 secs] 
2016-09-15T11:51:43.921-0400: 295.992: [GC (GCLocker Initiated GC) [PSYoungGen: 88064K->86242K(175104K)] 149468K->159796K(699392K), 0.0098810 secs] [Times: user=0.10 sys=0.01, real=0.01 secs] 
2016-09-15T11:51:44.037-0400: 296.108: [GC (GCLocker Initiated GC) [PSYoungGen: 174306K->49344K(175104K)] 247958K->178202K(699392K), 0.0187744 secs] [Times: user=0.17 sys=0.01, real=0.01 secs] 
2016-09-15T11:51:44.180-0400: 296.251: [GC (GCLocker Initiated GC) [PSYoungGen: 137408K->67597K(175104K)] 266308K->269869K(699392K), 0.0182359 secs] [Times: user=0.27 sys=0.00, real=0.02 secs] 
2016-09-15T11:51:44.321-0400: 296.392: [GC (GCLocker Initiated GC) [PSYoungGen: 155661K->73672K(175104K)] 358036K->336941K(699392K), 0.0173686 secs] [Times: user=0.17 sys=0.00, real=0.02 secs] 
2016-09-15T11:51:44.473-0400: 296.545: [GC (GCLocker Initiated GC) [PSYoungGen: 161736K->85954K(175104K)] 425322K->374139K(699392K), 0.0206232 secs] [Times: user=0.27 sys=0.00, real=0.02 secs] 
2016-09-15T11:51:44.638-0400: 296.710: [GC (GCLocker Initiated GC) [PSYoungGen: 174018K->85626K(175104K)] 468462K->392472K(699392K), 0.0108588 secs] [Times: user=0.10 sys=0.00, real=0.01 secs] 
2016-09-15T11:51:44.782-0400: 296.854: [GC (GCLocker Initiated GC) [PSYoungGen: 173690K->36998K(175104K)] 492784K->374429K(699392K), 0.0112255 secs] [Times: user=0.10 sys=0.01, real=0.01 secs] 
2016-09-15T11:51:44.909-0400: 296.981: [GC (GCLocker Initiated GC) [PSYoungGen: 125062K->55351K(175104K)] 468705K->417486K(699392K), 0.0106655 secs] [Times: user=0.11 sys=0.00, real=0.01 secs] 
2016-09-15T11:51:45.059-0400: 297.131: [GC (GCLocker Initiated GC) [PSYoungGen: 143415K->43397K(175104K)] 518033K->436539K(699392K), 0.0072195 secs] [Times: user=0.06 sys=0.00, real=0.00 secs] 
2016-09-15T11:51:45.215-0400: 297.287: [GC (GCLocker Initiated GC) [PSYoungGen: 131461K->55387K(175104K)] 536795K->461168K(699392K), 0.0085171 secs] [Times: user=0.12 sys=0.01, real=0.01 secs] 
2016-09-15T11:51:45.353-0400: 297.424: [GC (GCLocker Initiated GC) [PSYoungGen: 143451K->85758K(175104K)] 549342K->510157K(699392K), 0.0186596 secs] [Times: user=0.15 sys=0.01, real=0.02 secs] 
2016-09-15T11:51:45.487-0400: 297.559: [GC (GCLocker Initiated GC) [PSYoungGen: 173822K->61330K(175104K)] 598666K->516637K(699392K), 0.0171700 secs] [Times: user=0.14 sys=0.00, real=0.02 secs] 
2016-09-15T11:51:45.505-0400: 297.576: [Full GC (Ergonomics) [PSYoungGen: 61330K->0K(175104K)] [ParOldGen: 455307K->49316K(524288K)] 516637K->49316K(699392K), [Metaspace: 44602K->44602K(1087488K)], 0.0718797 secs] [Times: user=0.41 sys=0.02, real=0.08 secs] 
2016-09-15T11:51:45.705-0400: 297.776: [GC (Allocation Failure) [PSYoungGen: 88064K->85986K(175104K)] 143642K->147639K(699392K), 0.0144443 secs] [Times: user=0.14 sys=0.01, real=0.02 secs] 
2016-09-15T11:51:45.828-0400: 297.899: [GC (GCLocker Initiated GC) [PSYoungGen: 174050K->67501K(175104K)] 235705K->160070K(699392K), 0.0127251 secs] [Times: user=0.10 sys=0.00, real=0.01 secs] 
2016-09-15T11:51:45.960-0400: 298.032: [GC (Allocation Failure) [PSYoungGen: 155565K->85986K(175104K)] 248321K->203357K(699392K), 0.0116531 secs] [Times: user=0.14 sys=0.00, real=0.01 secs] 
2016-09-15T11:51:46.113-0400: 298.184: [GC (Allocation Failure) [PSYoungGen: 169353K->61394K(175104K)] 286725K->221550K(699392K), 0.0317135 secs] [Times: user=0.36 sys=0.00, real=0.03 secs] 
2016-09-15T11:51:46.262-0400: 298.333: [GC (GCLocker Initiated GC) [PSYoungGen: 147046K->55611K(175104K)] 313277K->240194K(699392K), 0.0100786 secs] [Times: user=0.12 sys=0.00, real=0.01 secs] 
2016-09-15T11:51:46.414-0400: 298.486: [GC (GCLocker Initiated GC) [PSYoungGen: 143675K->67373K(175104K)] 334409K->276583K(699392K), 0.0131116 secs] [Times: user=0.10 sys=0.00, real=0.01 secs] 
2016-09-15T11:51:46.620-0400: 298.691: [GC (Allocation Failure) [PSYoungGen: 155437K->43173K(175104K)] 364845K->289143K(699392K), 0.0135730 secs] [Times: user=0.12 sys=0.00, real=0.01 secs] 
2016-09-15T11:51:46.796-0400: 298.867: [GC (GCLocker Initiated GC) [PSYoungGen: 131237K->85694K(175104K)] 377208K->338195K(699392K), 0.0152336 secs] [Times: user=0.15 sys=0.00, real=0.01 secs] 
2016-09-15T11:51:46.971-0400: 299.043: [GC (GCLocker Initiated GC) [PSYoungGen: 173758K->73676K(175104K)] 432415K->332428K(699392K), 0.0093663 secs] [Times: user=0.08 sys=0.00, real=0.01 secs] 
2016-09-15T11:51:47.152-0400: 299.224: [GC (GCLocker Initiated GC) [PSYoungGen: 161740K->55191K(175104K)] 426711K->320429K(699392K), 0.0200206 secs] [Times: user=0.16 sys=0.01, real=0.02 secs] 
2016-09-15T11:51:47.349-0400: 299.420: [GC (GCLocker Initiated GC) [PSYoungGen: 143255K->37453K(175104K)] 420651K->315141K(699392K), 0.0146634 secs] [Times: user=0.16 sys=0.00, real=0.01 secs] 
2016-09-15T11:51:47.536-0400: 299.607: [GC (GCLocker Initiated GC) [PSYoungGen: 125517K->61330K(175104K)] 403549K->357870K(699392K), 0.0091005 secs] [Times: user=0.08 sys=0.00, real=0.00 secs] 
2016-09-15T11:51:47.734-0400: 299.806: [GC (GCLocker Initiated GC) [PSYoungGen: 149394K->73676K(175104K)] 446072K->370442K(699392K), 0.0096155 secs] [Times: user=0.08 sys=0.00, real=0.01 secs] 
2016-09-15T11:51:47.948-0400: 300.020: [GC (GCLocker Initiated GC) [PSYoungGen: 161740K->55483K(175104K)] 464672K->358674K(699392K), 0.0249312 secs] [Times: user=0.23 sys=0.00, real=0.02 secs] 
2016-09-15T11:51:48.156-0400: 300.228: [GC (GCLocker Initiated GC) [PSYoungGen: 143547K->85466K(175104K)] 446797K->388976K(699392K), 0.0144206 secs] [Times: user=0.14 sys=0.00, real=0.01 secs] 
2016-09-15T11:51:48.336-0400: 300.407: [GC (GCLocker Initiated GC) [PSYoungGen: 173530K->43432K(175104K)] 483296K->401942K(699392K), 0.0119495 secs] [Times: user=0.10 sys=0.00, real=0.01 secs] 
2016-09-15T11:51:48.505-0400: 300.577: [GC (GCLocker Initiated GC) [PSYoungGen: 131496K->24752K(175104K)] 496437K->420498K(699392K), 0.0179405 secs] [Times: user=0.15 sys=0.00, real=0.02 secs] 
2016-09-15T11:51:48.694-0400: 300.765: [GC (GCLocker Initiated GC) [PSYoungGen: 112816K->79619K(175104K)] 514679K->481609K(699392K), 0.0109119 secs] [Times: user=0.10 sys=0.01, real=0.01 secs] 
2016-09-15T11:51:48.886-0400: 300.958: [GC (GCLocker Initiated GC) [PSYoungGen: 167683K->73740K(175104K)] 575802K->506474K(699392K), 0.0115183 secs] [Times: user=0.11 sys=0.00, real=0.02 secs] 
2016-09-15T11:51:49.073-0400: 301.145: [GC (Allocation Failure) [PSYoungGen: 161804K->55419K(175104K)] 600963K->549536K(699392K), 0.0116807 secs] [Times: user=0.12 sys=0.00, real=0.01 secs] 
2016-09-15T11:51:49.085-0400: 301.156: [Full GC (Ergonomics) [PSYoungGen: 55419K->0K(175104K)] [ParOldGen: 494117K->49527K(524288K)] 549536K->49527K(699392K), [Metaspace: 44639K->44639K(1087488K)], 0.0702101 secs] [Times: user=0.54 sys=0.00, real=0.07 secs] 
2016-09-15T11:51:49.311-0400: 301.383: [GC (GCLocker Initiated GC) [PSYoungGen: 82174K->85854K(175104K)] 137777K->147531K(699392K), 0.0117953 secs] [Times: user=0.18 sys=0.00, real=0.01 secs] 
2016-09-15T11:51:49.493-0400: 301.565: [GC (GCLocker Initiated GC) [PSYoungGen: 173918K->55383K(175104K)] 241790K->141951K(699392K), 0.0079159 secs] [Times: user=0.11 sys=0.00, real=0.01 secs] 
2016-09-15T11:51:49.687-0400: 301.758: [GC (GCLocker Initiated GC) [PSYoungGen: 143447K->37258K(175104K)] 242487K->136550K(699392K), 0.0060680 secs] [Times: user=0.06 sys=0.02, real=0.01 secs] 
2016-09-15T11:51:49.883-0400: 301.955: [GC (GCLocker Initiated GC) [PSYoungGen: 125322K->49376K(175104K)] 230881K->155186K(699392K), 0.0220816 secs] [Times: user=0.25 sys=0.01, real=0.02 secs] 
2016-09-15T11:51:50.110-0400: 302.182: [GC (GCLocker Initiated GC) [PSYoungGen: 137440K->37258K(175104K)] 255559K->155637K(699392K), 0.0065750 secs] [Times: user=0.07 sys=0.00, real=0.01 secs] 
2016-09-15T11:51:50.295-0400: 302.367: [GC (GCLocker Initiated GC) [PSYoungGen: 125322K->37130K(175104K)] 249832K->161916K(699392K), 0.0066141 secs] [Times: user=0.05 sys=0.00, real=0.01 secs] 
2016-09-15T11:51:50.488-0400: 302.560: [GC (GCLocker Initiated GC) [PSYoungGen: 125194K->55287K(175104K)] 250038K->180578K(699392K), 0.0288226 secs] [Times: user=0.33 sys=0.00, real=0.03 secs] 
2016-09-15T11:51:50.695-0400: 302.767: [GC (GCLocker Initiated GC) [PSYoungGen: 143351K->49312K(175104K)] 268796K->217549K(699392K), 0.0288330 secs] [Times: user=0.22 sys=0.01, real=0.03 secs] 
2016-09-15T11:51:50.903-0400: 302.975: [GC (GCLocker Initiated GC) [PSYoungGen: 137376K->61494K(175104K)] 305974K->254692K(699392K), 0.0099880 secs] [Times: user=0.08 sys=0.00, real=0.01 secs] 
2016-09-15T11:51:51.090-0400: 303.161: [GC (GCLocker Initiated GC) [PSYoungGen: 149558K->73480K(175104K)] 342881K->267079K(699392K), 0.0113299 secs] [Times: user=0.10 sys=0.01, real=0.01 secs] 
2016-09-15T11:51:51.281-0400: 303.353: [GC (GCLocker Initiated GC) [PSYoungGen: 161544K->67209K(175104K)] 361266K->267057K(699392K), 0.0148486 secs] [Times: user=0.12 sys=0.00, real=0.02 secs] 
2016-09-15T11:51:51.450-0400: 303.522: [GC (GCLocker Initiated GC) [PSYoungGen: 155273K->73772K(175104K)] 361294K->310320K(699392K), 0.0232133 secs] [Times: user=0.24 sys=0.00, real=0.02 secs] 
2016-09-15T11:51:51.642-0400: 303.713: [GC (GCLocker Initiated GC) [PSYoungGen: 161836K->48920K(175104K)] 404511K->316326K(699392K), 0.0176475 secs] [Times: user=0.12 sys=0.00, real=0.02 secs] 
2016-09-15T11:51:51.901-0400: 303.972: [GC (GCLocker Initiated GC) [PSYoungGen: 136984K->18837K(175104K)] 416677K->322926K(699392K), 0.0357322 secs] [Times: user=0.44 sys=0.01, real=0.04 secs] 
2016-09-15T11:51:52.103-0400: 304.174: [GC (Allocation Failure) [PSYoungGen: 106901K->85694K(175104K)] 411132K->402203K(699392K), 0.0107275 secs] [Times: user=0.13 sys=0.00, real=0.01 secs] 
2016-09-15T11:51:52.270-0400: 304.341: [GC (GCLocker Initiated GC) [PSYoungGen: 173758K->55583K(175104K)] 490272K->414726K(699392K), 0.0156342 secs] [Times: user=0.16 sys=0.00, real=0.01 secs] 
2016-09-15T11:51:52.423-0400: 304.495: [GC (GCLocker Initiated GC) [PSYoungGen: 143647K->49248K(175104K)] 502848K->408872K(699392K), 0.0151332 secs] [Times: user=0.15 sys=0.00, real=0.02 secs] 
2016-09-15T11:51:52.621-0400: 304.693: [GC (GCLocker Initiated GC) [PSYoungGen: 137312K->37130K(175104K)] 509156K->409085K(699392K), 0.0247249 secs] [Times: user=0.26 sys=0.01, real=0.02 secs] 
2016-09-15T11:51:52.843-0400: 304.915: [GC (GCLocker Initiated GC) [PSYoungGen: 125194K->55583K(175104K)] 497369K->428010K(699392K), 0.0293533 secs] [Times: user=0.37 sys=0.00, real=0.03 secs] 
2016-09-15T11:51:53.010-0400: 305.082: [GC (GCLocker Initiated GC) [PSYoungGen: 143647K->85886K(175104K)] 516172K->470884K(699392K), 0.0090384 secs] [Times: user=0.10 sys=0.00, real=0.01 secs] 
2016-09-15T11:51:53.175-0400: 305.247: [GC (Allocation Failure) [PSYoungGen: 173950K->55583K(175104K)] 559185K->465230K(699392K), 0.0120152 secs] [Times: user=0.08 sys=0.00, real=0.01 secs] 
2016-09-15T11:51:53.318-0400: 305.390: [GC (GCLocker Initiated GC) [PSYoungGen: 139466K->55287K(175104K)] 555188K->501879K(699392K), 0.0269253 secs] [Times: user=0.29 sys=0.02, real=0.02 secs] 
2016-09-15T11:51:53.522-0400: 305.594: [GC (GCLocker Initiated GC) [PSYoungGen: 143351K->73284K(175104K)] 590019K->538288K(699392K), 0.0155298 secs] [Times: user=0.15 sys=0.02, real=0.02 secs] 
2016-09-15T11:51:53.692-0400: 305.764: [GC (GCLocker Initiated GC) [PSYoungGen: 161348K->43528K(175104K)] 632564K->563497K(699392K), 0.0197908 secs] [Times: user=0.22 sys=0.01, real=0.02 secs] 
2016-09-15T11:51:53.712-0400: 305.784: [Full GC (Ergonomics) [PSYoungGen: 43528K->0K(175104K)] [ParOldGen: 519968K->43355K(524288K)] 563497K->43355K(699392K), [Metaspace: 44650K->44650K(1087488K)], 0.0638745 secs] [Times: user=0.36 sys=0.01, real=0.07 secs] 
2016-09-15T11:51:53.975-0400: 306.046: [GC (GCLocker Initiated GC) [PSYoungGen: 88064K->68149K(175104K)] 149988K->130073K(699392K), 0.0095876 secs] [Times: user=0.10 sys=0.00, real=0.01 secs] 
2016-09-15T11:51:54.162-0400: 306.234: [GC (GCLocker Initiated GC) [PSYoungGen: 156213K->37354K(175104K)] 224224K->136303K(699392K), 0.0105425 secs] [Times: user=0.09 sys=0.00, real=0.01 secs] 
2016-09-15T11:51:54.359-0400: 306.431: [GC (GCLocker Initiated GC) [PSYoungGen: 125418K->73740K(175104K)] 224728K->173505K(699392K), 0.0142234 secs] [Times: user=0.15 sys=0.00, real=0.01 secs] 
2016-09-15T11:51:54.613-0400: 306.685: [GC (GCLocker Initiated GC) [PSYoungGen: 161804K->55059K(175104K)] 267786K->161137K(699392K), 0.0123289 secs] [Times: user=0.11 sys=0.00, real=0.01 secs] 
2016-09-15T11:51:54.783-0400: 306.854: [GC (Allocation Failure) [PSYoungGen: 143123K->55583K(175104K)] 255547K->174193K(699392K), 0.0105652 secs] [Times: user=0.09 sys=0.00, real=0.01 secs] 
2016-09-15T11:51:54.934-0400: 307.005: [GC (GCLocker Initiated GC) [PSYoungGen: 143647K->67473K(175104K)] 262263K->186364K(699392K), 0.0250264 secs] [Times: user=0.29 sys=0.00, real=0.03 secs] 
2016-09-15T11:51:55.109-0400: 307.181: [GC (GCLocker Initiated GC) [PSYoungGen: 155537K->79879K(175104K)] 280556K->223422K(699392K), 0.0113062 secs] [Times: user=0.11 sys=0.01, real=0.01 secs] 
2016-09-15T11:51:55.325-0400: 307.397: [GC (GCLocker Initiated GC) [PSYoungGen: 167943K->67501K(175104K)] 311546K->253928K(699392K), 0.0131559 secs] [Times: user=0.11 sys=0.00, real=0.02 secs] 
2016-09-15T11:51:55.493-0400: 307.565: [GC (GCLocker Initiated GC) [PSYoungGen: 155565K->68024K(175104K)] 342336K->273265K(699392K), 0.0113468 secs] [Times: user=0.12 sys=0.00, real=0.01 secs] 
2016-09-15T11:51:55.707-0400: 307.779: [GC (GCLocker Initiated GC) [PSYoungGen: 156088K->55123K(175104K)] 367681K->266974K(699392K), 0.0083015 secs] [Times: user=0.06 sys=0.00, real=0.02 secs] 
2016-09-15T11:51:55.872-0400: 307.943: [GC (GCLocker Initiated GC) [PSYoungGen: 143187K->37226K(175104K)] 361278K->279761K(699392K), 0.0156695 secs] [Times: user=0.15 sys=0.00, real=0.02 secs] 
2016-09-15T11:51:56.050-0400: 308.122: [GC (GCLocker Initiated GC) [PSYoungGen: 125290K->61102K(175104K)] 367951K->304194K(699392K), 0.0112344 secs] [Times: user=0.09 sys=0.00, real=0.01 secs] 
2016-09-15T11:51:56.204-0400: 308.276: [GC (GCLocker Initiated GC) [PSYoungGen: 149166K->61594K(175104K)] 392305K->329160K(699392K), 0.0105667 secs] [Times: user=0.09 sys=0.00, real=0.01 secs] 
2016-09-15T11:51:56.378-0400: 308.450: [GC (GCLocker Initiated GC) [PSYoungGen: 149658K->85758K(175104K)] 417266K->402453K(699392K), 0.0137919 secs] [Times: user=0.21 sys=0.00, real=0.01 secs] 
2016-09-15T11:51:56.562-0400: 308.634: [GC (GCLocker Initiated GC) [PSYoungGen: 173822K->61490K(175104K)] 490654K->439199K(699392K), 0.0125166 secs] [Times: user=0.13 sys=0.00, real=0.01 secs] 
2016-09-15T11:51:56.742-0400: 308.813: [GC (GCLocker Initiated GC) [PSYoungGen: 149554K->73608K(175104K)] 527271K->451413K(699392K), 0.0084782 secs] [Times: user=0.09 sys=0.00, real=0.01 secs] 
2016-09-15T11:51:56.928-0400: 309.000: [GC (GCLocker Initiated GC) [PSYoungGen: 161672K->73544K(175104K)] 539568K->451560K(699392K), 0.0103369 secs] [Times: user=0.13 sys=0.00, real=0.01 secs] 
2016-09-15T11:51:57.132-0400: 309.203: [GC (GCLocker Initiated GC) [PSYoungGen: 161608K->85826K(175104K)] 545746K->470044K(699392K), 0.0079524 secs] [Times: user=0.10 sys=0.00, real=0.01 secs] 
2016-09-15T11:51:57.361-0400: 309.433: [GC (Allocation Failure) [PSYoungGen: 173890K->55515K(175104K)] 564499K->488932K(699392K), 0.0174277 secs] [Times: user=0.20 sys=0.00, real=0.02 secs] 
2016-09-15T11:51:57.556-0400: 309.628: [GC (GCLocker Initiated GC) [PSYoungGen: 138760K->55287K(175104K)] 578253K->495086K(699392K), 0.0156396 secs] [Times: user=0.20 sys=0.00, real=0.01 secs] 
2016-09-15T11:51:57.734-0400: 309.806: [GC (GCLocker Initiated GC) [PSYoungGen: 143351K->61298K(175104K)] 589581K->507803K(699392K), 0.0205645 secs] [Times: user=0.19 sys=0.00, real=0.02 secs] 
2016-09-15T11:51:57.920-0400: 309.991: [GC (Allocation Failure) [PSYoungGen: 149362K->73548K(175104K)] 596066K->520339K(699392K), 0.0134980 secs] [Times: user=0.10 sys=0.00, real=0.01 secs] 
2016-09-15T11:51:58.119-0400: 310.190: [GC (GCLocker Initiated GC) [PSYoungGen: 160652K->36770K(175104K)] 613519K->489871K(699392K), 0.0127264 secs] [Times: user=0.12 sys=0.00, real=0.01 secs] 
2016-09-15T11:51:58.309-0400: 310.381: [GC (GCLocker Initiated GC) [PSYoungGen: 124834K->73840K(175104K)] 584192K->533309K(699392K), 0.0117690 secs] [Times: user=0.11 sys=0.00, real=0.01 secs] 
2016-09-15T11:51:58.482-0400: 310.554: [GC (GCLocker Initiated GC) [PSYoungGen: 161904K->67409K(175104K)] 621432K->527032K(699392K), 0.0184793 secs] [Times: user=0.19 sys=0.00, real=0.02 secs] 
2016-09-15T11:51:58.674-0400: 310.745: [GC (Allocation Failure) [PSYoungGen: 155473K->79715K(175104K)] 615160K->588450K(699392K), 0.0219240 secs] [Times: user=0.24 sys=0.00, real=0.02 secs] 
2016-09-15T11:51:58.696-0400: 310.767: [Full GC (Ergonomics) [PSYoungGen: 79715K->0K(175104K)] [ParOldGen: 508735K->35522K(524288K)] 588450K->35522K(699392K), [Metaspace: 44650K->44650K(1087488K)], 0.1109810 secs] [Times: user=0.95 sys=0.01, real=0.10 secs] 
2016-09-15T11:51:58.988-0400: 311.059: [GC (GCLocker Initiated GC) [PSYoungGen: 88062K->86114K(175104K)] 123713K->121765K(699392K), 0.0178057 secs] [Times: user=0.21 sys=0.00, real=0.01 secs] 
2016-09-15T11:51:59.169-0400: 311.241: [GC (GCLocker Initiated GC) [PSYoungGen: 174178K->73612K(175104K)] 209955K->128161K(699392K), 0.0097654 secs] [Times: user=0.10 sys=0.00, real=0.01 secs] 
2016-09-15T11:51:59.326-0400: 311.398: [GC (GCLocker Initiated GC) [PSYoungGen: 161676K->67633K(175104K)] 216424K->122633K(699392K), 0.0104078 secs] [Times: user=0.09 sys=0.00, real=0.02 secs] 
2016-09-15T11:51:59.541-0400: 311.613: [GC (GCLocker Initiated GC) [PSYoungGen: 155697K->18805K(175104K)] 223633K->87180K(699392K), 0.0055884 secs] [Times: user=0.05 sys=0.00, real=0.00 secs] 
2016-09-15T11:51:59.735-0400: 311.807: [GC (GCLocker Initiated GC) [PSYoungGen: 106869K->86182K(175104K)] 175543K->161215K(699392K), 0.0175843 secs] [Times: user=0.20 sys=0.01, real=0.02 secs] 
2016-09-15T11:51:59.931-0400: 312.003: [GC (GCLocker Initiated GC) [PSYoungGen: 174246K->85954K(175104K)] 255519K->167534K(699392K), 0.0098105 secs] [Times: user=0.10 sys=0.00, real=0.01 secs] 
2016-09-15T11:52:00.081-0400: 312.153: [GC (GCLocker Initiated GC) [PSYoungGen: 174018K->85562K(175104K)] 255640K->203957K(699392K), 0.0211305 secs] [Times: user=0.24 sys=0.00, real=0.02 secs] 
2016-09-15T11:52:00.278-0400: 312.350: [GC (GCLocker Initiated GC) [PSYoungGen: 173626K->67273K(175104K)] 292360K->228635K(699392K), 0.0104935 secs] [Times: user=0.10 sys=0.00, real=0.01 secs] 
2016-09-15T11:52:00.472-0400: 312.544: [GC (GCLocker Initiated GC) [PSYoungGen: 155337K->55515K(175104K)] 322777K->223058K(699392K), 0.0131152 secs] [Times: user=0.11 sys=0.00, real=0.01 secs] 
2016-09-15T11:52:00.672-0400: 312.744: [GC (GCLocker Initiated GC) [PSYoungGen: 143579K->55679K(175104K)] 311282K->223649K(699392K), 0.0075604 secs] [Times: user=0.07 sys=0.00, real=0.01 secs] 
2016-09-15T11:52:00.918-0400: 312.990: [GC (GCLocker Initiated GC) [PSYoungGen: 143743K->55123K(175104K)] 311928K->223428K(699392K), 0.0097521 secs] [Times: user=0.08 sys=0.00, real=0.01 secs] 
2016-09-15T11:52:01.096-0400: 313.167: [GC (GCLocker Initiated GC) [PSYoungGen: 143187K->73512K(175104K)] 317965K->248393K(699392K), 0.0259868 secs] [Times: user=0.31 sys=0.00, real=0.03 secs] 
2016-09-15T11:52:01.297-0400: 313.369: [GC (GCLocker Initiated GC) [PSYoungGen: 161576K->55583K(175104K)] 342675K->236794K(699392K), 0.0074236 secs] [Times: user=0.07 sys=0.00, real=0.00 secs] 
2016-09-15T11:52:01.492-0400: 313.564: [GC (GCLocker Initiated GC) [PSYoungGen: 143647K->61262K(175104K)] 330963K->248837K(699392K), 0.0174925 secs] [Times: user=0.18 sys=0.00, real=0.02 secs] 
2016-09-15T11:52:01.683-0400: 313.754: [GC (GCLocker Initiated GC) [PSYoungGen: 149326K->55743K(175104K)] 349368K->280204K(699392K), 0.0207406 secs] [Times: user=0.23 sys=0.01, real=0.02 secs] 
2016-09-15T11:52:01.874-0400: 313.946: [GC (GCLocker Initiated GC) [PSYoungGen: 143807K->49344K(175104K)] 380616K->286413K(699392K), 0.0356440 secs] [Times: user=0.41 sys=0.00, real=0.04 secs] 
2016-09-15T11:52:02.081-0400: 314.153: [GC (GCLocker Initiated GC) [PSYoungGen: 137408K->73448K(175104K)] 380593K->316745K(699392K), 0.0181951 secs] [Times: user=0.19 sys=0.00, real=0.02 secs] 
2016-09-15T11:52:02.305-0400: 314.377: [GC (Allocation Failure) [PSYoungGen: 161512K->18808K(175104K)] 417225K->323381K(699392K), 0.0198716 secs] [Times: user=0.20 sys=0.01, real=0.02 secs] 
2016-09-15T11:52:02.541-0400: 314.612: [GC (GCLocker Initiated GC) [PSYoungGen: 106872K->73316K(175104K)] 411450K->378177K(699392K), 0.0101416 secs] [Times: user=0.10 sys=0.00, real=0.01 secs] 
2016-09-15T11:52:02.731-0400: 314.802: [GC (GCLocker Initiated GC) [PSYoungGen: 161380K->67797K(175104K)] 472542K->379086K(699392K), 0.0216450 secs] [Times: user=0.23 sys=0.00, real=0.02 secs] 
2016-09-15T11:52:02.931-0400: 315.003: [GC (Allocation Failure) [PSYoungGen: 155861K->43304K(175104K)] 479442K->367129K(699392K), 0.0071077 secs] [Times: user=0.04 sys=0.00, real=0.01 secs] 
2016-09-15T11:52:03.096-0400: 315.168: [GC (GCLocker Initiated GC) [PSYoungGen: 127877K->55355K(175104K)] 457777K->385513K(699392K), 0.0085707 secs] [Times: user=0.08 sys=0.00, real=0.00 secs] 
2016-09-15T11:52:03.279-0400: 315.350: [GC (GCLocker Initiated GC) [PSYoungGen: 143419K->43205K(175104K)] 479677K->379715K(699392K), 0.0234081 secs] [Times: user=0.22 sys=0.00, real=0.02 secs] 
2016-09-15T11:52:03.471-0400: 315.543: [GC (GCLocker Initiated GC) [PSYoungGen: 131269K->61462K(175104K)] 473957K->422829K(699392K), 0.0189675 secs] [Times: user=0.19 sys=0.02, real=0.02 secs] 
2016-09-15T11:52:03.660-0400: 315.731: [GC (Allocation Failure) [PSYoungGen: 149526K->67469K(175104K)] 517189K->435400K(699392K), 0.0149931 secs] [Times: user=0.16 sys=0.00, real=0.01 secs] 
2016-09-15T11:52:03.853-0400: 315.925: [GC (GCLocker Initiated GC) [PSYoungGen: 155533K->55451K(175104K)] 529539K->460123K(699392K), 0.0240375 secs] [Times: user=0.23 sys=0.00, real=0.03 secs] 
2016-09-15T11:52:04.133-0400: 316.205: [GC (Allocation Failure) [PSYoungGen: 143515K->55091K(175104K)] 548514K->460366K(699392K), 0.0192880 secs] [Times: user=0.18 sys=0.00, real=0.02 secs] 
2016-09-15T11:52:04.320-0400: 316.392: [GC (GCLocker Initiated GC) [PSYoungGen: 138723K->55323K(143872K)] 550073K->466768K(668160K), 0.0184257 secs] [Times: user=0.14 sys=0.00, real=0.02 secs] 
2016-09-15T11:52:04.499-0400: 316.571: [GC (GCLocker Initiated GC) [PSYoungGen: 143387K->55419K(176128K)] 561263K->473538K(700416K), 0.0161590 secs] [Times: user=0.12 sys=0.00, real=0.01 secs] 
2016-09-15T11:52:04.668-0400: 316.740: [GC (GCLocker Initiated GC) [PSYoungGen: 146043K->73516K(173568K)] 564204K->491764K(697856K), 0.0272684 secs] [Times: user=0.28 sys=0.00, real=0.02 secs] 
2016-09-15T11:52:04.871-0400: 316.942: [GC (GCLocker Initiated GC) [PSYoungGen: 164140K->73644K(174592K)] 588505K->522429K(698880K), 0.0241369 secs] [Times: user=0.23 sys=0.00, real=0.02 secs] 
2016-09-15T11:52:05.095-0400: 317.167: [GC (GCLocker Initiated GC) [PSYoungGen: 161708K->36966K(175104K)] 622729K->540796K(699392K), 0.0100765 secs] [Times: user=0.11 sys=0.00, real=0.01 secs] 
2016-09-15T11:52:05.105-0400: 317.177: [Full GC (Ergonomics) [PSYoungGen: 36966K->0K(175104K)] [ParOldGen: 503830K->41804K(524288K)] 540796K->41804K(699392K), [Metaspace: 44650K->44650K(1087488K)], 0.0765548 secs] [Times: user=0.58 sys=0.00, real=0.08 secs] 
2016-09-15T11:52:05.385-0400: 317.457: [GC (GCLocker Initiated GC) [PSYoungGen: 88064K->86242K(175104K)] 136001K->140254K(699392K), 0.0177047 secs] [Times: user=0.18 sys=0.01, real=0.02 secs] 
2016-09-15T11:52:05.599-0400: 317.670: [GC (GCLocker Initiated GC) [PSYoungGen: 174306K->37290K(175104K)] 240785K->195784K(699392K), 0.0193855 secs] [Times: user=0.26 sys=0.00, real=0.02 secs] 
2016-09-15T11:52:05.851-0400: 317.923: [GC (Allocation Failure) [PSYoungGen: 125354K->36802K(175104K)] 290049K->201608K(699392K), 0.0065411 secs] [Times: user=0.06 sys=0.01, real=0.01 secs] 
2016-09-15T11:52:06.016-0400: 318.087: [GC (GCLocker Initiated GC) [PSYoungGen: 121110K->55547K(175104K)] 291991K->226579K(699392K), 0.0146238 secs] [Times: user=0.16 sys=0.00, real=0.01 secs] 
2016-09-15T11:52:06.177-0400: 318.248: [GC (GCLocker Initiated GC) [PSYoungGen: 143611K->43205K(175104K)] 314903K->232958K(699392K), 0.0099568 secs] [Times: user=0.07 sys=0.00, real=0.00 secs] 
2016-09-15T11:52:06.341-0400: 318.413: [GC (GCLocker Initiated GC) [PSYoungGen: 131269K->55743K(175104K)] 321029K->269939K(699392K), 0.0149933 secs] [Times: user=0.17 sys=0.00, real=0.02 secs] 
2016-09-15T11:52:06.506-0400: 318.577: [GC (GCLocker Initiated GC) [PSYoungGen: 143807K->73772K(175104K)] 358017K->288290K(699392K), 0.0079361 secs] [Times: user=0.08 sys=0.00, real=0.01 secs] 
2016-09-15T11:52:06.660-0400: 318.732: [GC (GCLocker Initiated GC) [PSYoungGen: 161836K->79947K(175104K)] 376384K->325326K(699392K), 0.0242632 secs] [Times: user=0.30 sys=0.00, real=0.02 secs] 
2016-09-15T11:52:06.851-0400: 318.922: [GC (GCLocker Initiated GC) [PSYoungGen: 168011K->61102K(175104K)] 413437K->343417K(699392K), 0.0308576 secs] [Times: user=0.34 sys=0.00, real=0.03 secs] 
2016-09-15T11:52:07.045-0400: 319.117: [GC (GCLocker Initiated GC) [PSYoungGen: 149166K->73544K(175104K)] 431546K->386410K(699392K), 0.0104578 secs] [Times: user=0.09 sys=0.01, real=0.02 secs] 
2016-09-15T11:52:07.213-0400: 319.285: [GC (GCLocker Initiated GC) [PSYoungGen: 161608K->85694K(175104K)] 474661K->417232K(699392K), 0.0228879 secs] [Times: user=0.23 sys=0.01, real=0.03 secs] 
2016-09-15T11:52:07.413-0400: 319.484: [GC (Allocation Failure) [PSYoungGen: 173758K->54995K(175104K)] 511491K->417295K(699392K), 0.0199502 secs] [Times: user=0.21 sys=0.00, real=0.02 secs] 
2016-09-15T11:52:07.599-0400: 319.671: [GC (GCLocker Initiated GC) [PSYoungGen: 143059K->49180K(175104K)] 505365K->435905K(699392K), 0.0153284 secs] [Times: user=0.16 sys=0.00, real=0.01 secs] 
2016-09-15T11:52:07.795-0400: 319.867: [GC (GCLocker Initiated GC) [PSYoungGen: 137244K->55159K(175104K)] 524106K->442288K(699392K), 0.0241883 secs] [Times: user=0.26 sys=0.01, real=0.03 secs] 
2016-09-15T11:52:08.048-0400: 320.120: [GC (Allocation Failure) [PSYoungGen: 143223K->67533K(175104K)] 542560K->467170K(699392K), 0.0162198 secs] [Times: user=0.17 sys=0.00, real=0.01 secs] 
2016-09-15T11:52:08.230-0400: 320.301: [GC (GCLocker Initiated GC) [PSYoungGen: 151762K->43237K(175104K)] 557474K->485682K(699392K), 0.0325870 secs] [Times: user=0.39 sys=0.00, real=0.03 secs] 
2016-09-15T11:52:08.431-0400: 320.502: [GC (GCLocker Initiated GC) [PSYoungGen: 131301K->85626K(175104K)] 573855K->546541K(699392K), 0.0103610 secs] [Times: user=0.14 sys=0.00, real=0.01 secs] 
2016-09-15T11:52:08.613-0400: 320.685: [Full GC (Ergonomics) [PSYoungGen: 173690K->0K(175104K)] [ParOldGen: 473319K->48016K(524288K)] 647009K->48016K(699392K), [Metaspace: 44650K->44650K(1087488K)], 0.0753715 secs] [Times: user=0.58 sys=0.01, real=0.08 secs] 
2016-09-15T11:52:08.832-0400: 320.903: [GC (Allocation Failure) [PSYoungGen: 88064K->86274K(175104K)] 136436K->158946K(699392K), 0.0134284 secs] [Times: user=0.18 sys=0.00, real=0.01 secs] 
2016-09-15T11:52:09.017-0400: 321.089: [GC (GCLocker Initiated GC) [PSYoungGen: 173399K->55483K(175104K)] 252146K->153306K(699392K), 0.0078774 secs] [Times: user=0.07 sys=0.00, real=0.00 secs] 
2016-09-15T11:52:09.215-0400: 321.287: [GC (GCLocker Initiated GC) [PSYoungGen: 143547K->55515K(175104K)] 241546K->153665K(699392K), 0.0096595 secs] [Times: user=0.12 sys=0.00, real=0.01 secs] 
2016-09-15T11:52:09.376-0400: 321.447: [GC (GCLocker Initiated GC) [PSYoungGen: 143576K->73508K(175104K)] 248167K->178242K(699392K), 0.0079776 secs] [Times: user=0.10 sys=0.00, real=0.00 secs] 
2016-09-15T11:52:09.520-0400: 321.592: [GC (Allocation Failure) [PSYoungGen: 161572K->85922K(175104K)] 266454K->203114K(699392K), 0.0096612 secs] [Times: user=0.14 sys=0.00, real=0.01 secs] 
2016-09-15T11:52:09.697-0400: 321.768: [GC (GCLocker Initiated GC) [PSYoungGen: 173986K->67565K(175104K)] 291183K->227759K(699392K), 0.0112665 secs] [Times: user=0.16 sys=0.00, real=0.01 secs] 
2016-09-15T11:52:09.874-0400: 321.945: [GC (GCLocker Initiated GC) [PSYoungGen: 155629K->73672K(175104K)] 316184K->234378K(699392K), 0.0085916 secs] [Times: user=0.11 sys=0.00, real=0.01 secs] 
2016-09-15T11:52:10.063-0400: 322.135: [GC (GCLocker Initiated GC) [PSYoungGen: 161736K->55515K(175104K)] 322450K->216340K(699392K), 0.0099061 secs] [Times: user=0.14 sys=0.00, real=0.01 secs] 
2016-09-15T11:52:10.258-0400: 322.330: [GC (GCLocker Initiated GC) [PSYoungGen: 143579K->55483K(175104K)] 310560K->222771K(699392K), 0.0091941 secs] [Times: user=0.10 sys=0.00, real=0.01 secs] 
2016-09-15T11:52:10.437-0400: 322.509: [GC (GCLocker Initiated GC) [PSYoungGen: 143547K->73740K(175104K)] 317153K->277856K(699392K), 0.0108501 secs] [Times: user=0.10 sys=0.00, real=0.01 secs] 
2016-09-15T11:52:10.630-0400: 322.702: [GC (GCLocker Initiated GC) [PSYoungGen: 161804K->79719K(175104K)] 372104K->290279K(699392K), 0.0452651 secs] [Times: user=0.49 sys=0.00, real=0.04 secs] 
2016-09-15T11:52:10.841-0400: 322.912: [GC (GCLocker Initiated GC) [PSYoungGen: 167783K->85562K(175104K)] 384459K->326846K(699392K), 0.0172064 secs] [Times: user=0.20 sys=0.00, real=0.02 secs] 
2016-09-15T11:52:11.065-0400: 323.137: [GC (GCLocker Initiated GC) [PSYoungGen: 173626K->73448K(175104K)] 414985K->345301K(699392K), 0.0162720 secs] [Times: user=0.16 sys=0.00, real=0.02 secs] 
2016-09-15T11:52:11.258-0400: 323.330: [GC (GCLocker Initiated GC) [PSYoungGen: 161512K->73480K(175104K)] 433519K->376153K(699392K), 0.0140502 secs] [Times: user=0.13 sys=0.00, real=0.01 secs] 
2016-09-15T11:52:11.438-0400: 323.510: [GC (Allocation Failure) [PSYoungGen: 161544K->61134K(175104K)] 464501K->376525K(699392K), 0.0087739 secs] [Times: user=0.07 sys=0.01, real=0.00 secs] 
2016-09-15T11:52:11.448-0400: 323.519: [GC (GCLocker Initiated GC) [PSYoungGen: 61154K->64K(175104K)] 376545K->388543K(699392K), 0.0080109 secs] [Times: user=0.07 sys=0.00, real=0.01 secs] 
2016-09-15T11:52:11.613-0400: 323.685: [GC (GCLocker Initiated GC) [PSYoungGen: 83586K->61882K(175104K)] 478141K->456436K(699392K), 0.0130194 secs] [Times: user=0.12 sys=0.00, real=0.01 secs] 
2016-09-15T11:52:11.824-0400: 323.895: [GC (GCLocker Initiated GC) [PSYoungGen: 149946K->37130K(175104K)] 556876K->463121K(699392K), 0.0266577 secs] [Times: user=0.30 sys=0.00, real=0.03 secs] 
2016-09-15T11:52:12.054-0400: 324.126: [GC (GCLocker Initiated GC) [PSYoungGen: 125194K->73252K(175104K)] 551239K->499556K(699392K), 0.0149730 secs] [Times: user=0.13 sys=0.00, real=0.02 secs] 
2016-09-15T11:52:12.206-0400: 324.278: [GC (GCLocker Initiated GC) [PSYoungGen: 161316K->85958K(175104K)] 587735K->591495K(699392K), 0.0212243 secs] [Times: user=0.21 sys=0.00, real=0.02 secs] 
2016-09-15T11:52:12.227-0400: 324.299: [Full GC (Ergonomics) [PSYoungGen: 85958K->0K(175104K)] [ParOldGen: 505537K->42329K(524288K)] 591495K->42329K(699392K), [Metaspace: 44655K->44655K(1087488K)], 0.0778848 secs] [Times: user=0.48 sys=0.01, real=0.08 secs] 
2016-09-15T11:52:12.452-0400: 324.523: [GC (GCLocker Initiated GC) [PSYoungGen: 88064K->74092K(175104K)] 130430K->116458K(699392K), 0.0294009 secs] [Times: user=0.28 sys=0.00, real=0.03 secs] 
2016-09-15T11:52:12.637-0400: 324.709: [GC (GCLocker Initiated GC) [PSYoungGen: 162156K->61330K(175104K)] 204625K->159449K(699392K), 0.0117093 secs] [Times: user=0.12 sys=0.00, real=0.01 secs] 
2016-09-15T11:52:12.820-0400: 324.892: [GC (GCLocker Initiated GC) [PSYoungGen: 149394K->85466K(175104K)] 247555K->183918K(699392K), 0.0097222 secs] [Times: user=0.08 sys=0.00, real=0.01 secs] 
2016-09-15T11:52:13.005-0400: 325.077: [GC (GCLocker Initiated GC) [PSYoungGen: 173530K->55287K(175104K)] 278104K->196415K(699392K), 0.0096971 secs] [Times: user=0.11 sys=0.00, real=0.01 secs] 
2016-09-15T11:52:13.215-0400: 325.287: [GC (GCLocker Initiated GC) [PSYoungGen: 143351K->54995K(175104K)] 284543K->196266K(699392K), 0.0099263 secs] [Times: user=0.08 sys=0.01, real=0.01 secs] 
2016-09-15T11:52:13.406-0400: 325.478: [GC (Allocation Failure) [PSYoungGen: 143059K->55351K(175104K)] 290525K->257628K(699392K), 0.0154274 secs] [Times: user=0.19 sys=0.00, real=0.02 secs] 
2016-09-15T11:52:13.566-0400: 325.638: [GC (GCLocker Initiated GC) [PSYoungGen: 143415K->74164K(175104K)] 345692K->313238K(699392K), 0.0121758 secs] [Times: user=0.20 sys=0.00, real=0.02 secs] 
2016-09-15T11:52:13.724-0400: 325.796: [GC (GCLocker Initiated GC) [PSYoungGen: 162228K->37190K(175104K)] 413597K->288819K(699392K), 0.0095042 secs] [Times: user=0.10 sys=0.00, real=0.01 secs] 
2016-09-15T11:52:13.917-0400: 325.989: [GC (GCLocker Initiated GC) [PSYoungGen: 125254K->67501K(175104K)] 376907K->319445K(699392K), 0.0219769 secs] [Times: user=0.21 sys=0.00, real=0.02 secs] 
2016-09-15T11:52:14.156-0400: 326.228: [GC (Allocation Failure) [PSYoungGen: 155565K->49276K(175104K)] 413621K->338062K(699392K), 0.0167074 secs] [Times: user=0.16 sys=0.00, real=0.01 secs] 
2016-09-15T11:52:14.335-0400: 326.406: [GC (GCLocker Initiated GC) [PSYoungGen: 137340K->67473K(175104K)] 426132K->368526K(699392K), 0.0321271 secs] [Times: user=0.32 sys=0.00, real=0.03 secs] 
2016-09-15T11:52:14.518-0400: 326.590: [GC (GCLocker Initiated GC) [PSYoungGen: 155537K->55775K(175104K)] 462823K->363517K(699392K), 0.0141073 secs] [Times: user=0.16 sys=0.00, real=0.01 secs] 
2016-09-15T11:52:14.701-0400: 326.773: [GC (Allocation Failure) [PSYoungGen: 143839K->67569K(175104K)] 451936K->375934K(699392K), 0.0165940 secs] [Times: user=0.17 sys=0.00, real=0.02 secs] 
2016-09-15T11:52:14.881-0400: 326.952: [GC (GCLocker Initiated GC) [PSYoungGen: 155633K->73608K(175104K)] 463998K->382272K(699392K), 0.0071946 secs] [Times: user=0.08 sys=0.01, real=0.01 secs] 
2016-09-15T11:52:15.068-0400: 327.140: [GC (GCLocker Initiated GC) [PSYoungGen: 161672K->36834K(175104K)] 476464K->351721K(699392K), 0.0209735 secs] [Times: user=0.21 sys=0.00, real=0.02 secs] 
2016-09-15T11:52:15.267-0400: 327.338: [GC (GCLocker Initiated GC) [PSYoungGen: 124898K->79587K(175104K)] 439872K->394680K(699392K), 0.0106487 secs] [Times: user=0.10 sys=0.00, real=0.02 secs] 
2016-09-15T11:52:15.470-0400: 327.541: [GC (GCLocker Initiated GC) [PSYoungGen: 167651K->73644K(175104K)] 482785K->388874K(699392K), 0.0352814 secs] [Times: user=0.38 sys=0.00, real=0.03 secs] 
2016-09-15T11:52:15.693-0400: 327.765: [GC (GCLocker Initiated GC) [PSYoungGen: 161708K->19064K(175104K)] 489089K->401421K(699392K), 0.0141239 secs] [Times: user=0.17 sys=0.00, real=0.01 secs] 
2016-09-15T11:52:16.112-0400: 328.184: [GC (Allocation Failure) [PSYoungGen: 107128K->18609K(175104K)] 495561K->407333K(699392K), 0.0134832 secs] [Times: user=0.11 sys=0.00, real=0.01 secs] 
2016-09-15T11:52:16.718-0400: 328.790: [GC (Allocation Failure) [PSYoungGen: 105197K->544K(175104K)] 493921K->407699K(699392K), 0.0105276 secs] [Times: user=0.11 sys=0.01, real=0.01 secs] 
