Java HotSpot(TM) 64-Bit Server VM (25.101-b13) for linux-amd64 JRE (1.8.0_101-b13), built on Jun 22 2016 02:59:44 by "java_re" with gcc 4.3.0 20080428 (Red Hat 4.3.0-8)
Memory: 4k page, physical 264122320k(93932808k free), swap 268399612k(268399612k free)
CommandLine flags: -XX:GCLogFileSize=1048576 -XX:+HeapDumpOnOutOfMemoryError -XX:HeapDumpPath=artifacts/heapdump -XX:InitialHeapSize=805306368 -XX:MaxHeapSize=805306368 -XX:NumberOfGCLogFiles=10 -XX:+PrintGC -XX:+PrintGCDateStamps -XX:+PrintGCDetails -XX:+PrintGCTimeStamps -XX:+UseCompressedClassPointers -XX:+UseCompressedOops -XX:+UseGCLogFileRotation -XX:+UseParallelGC 
2016-09-25T22:29:20.942-0400: 2.205: [GC (Metadata GC Threshold) [PSYoungGen: 125830K->15621K(229376K)] 125830K->15701K(753664K), 0.0245113 secs] [Times: user=0.19 sys=0.03, real=0.03 secs] 
2016-09-25T22:29:20.967-0400: 2.229: [Full GC (Metadata GC Threshold) [PSYoungGen: 15621K->0K(229376K)] [ParOldGen: 80K->14601K(346112K)] 15701K->14601K(575488K), [Metaspace: 21068K->21068K(1067008K)], 0.0519239 secs] [Times: user=0.47 sys=0.01, real=0.05 secs] 
2016-09-25T22:29:22.796-0400: 4.059: [GC (Metadata GC Threshold) [PSYoungGen: 121513K->15235K(229376K)] 136115K->29973K(575488K), 0.0170324 secs] [Times: user=0.12 sys=0.01, real=0.01 secs] 
2016-09-25T22:29:22.814-0400: 4.076: [Full GC (Metadata GC Threshold) [PSYoungGen: 15235K->0K(229376K)] [ParOldGen: 14737K->20663K(524288K)] 29973K->20663K(753664K), [Metaspace: 35049K->35049K(1079296K)], 0.0679774 secs] [Times: user=0.51 sys=0.02, real=0.07 secs] 
2016-09-25T22:29:24.503-0400: 5.765: [GC (GCLocker Initiated GC) [PSYoungGen: 196608K->32742K(229376K)] 217275K->86434K(753664K), 0.0136083 secs] [Times: user=0.13 sys=0.04, real=0.01 secs] 
2016-09-25T22:29:24.683-0400: 5.946: [GC (GCLocker Initiated GC) [PSYoungGen: 229350K->32749K(229376K)] 292592K->120530K(753664K), 0.0109705 secs] [Times: user=0.12 sys=0.03, real=0.00 secs] 
2016-09-25T22:29:24.791-0400: 6.053: [GC (GCLocker Initiated GC) [PSYoungGen: 229357K->32757K(229376K)] 322575K->164145K(753664K), 0.0083182 secs] [Times: user=0.11 sys=0.02, real=0.01 secs] 
2016-09-25T22:29:24.906-0400: 6.168: [GC (GCLocker Initiated GC) [PSYoungGen: 229365K->32761K(120832K)] 364862K->199698K(645120K), 0.0092167 secs] [Times: user=0.12 sys=0.00, real=0.01 secs] 
2016-09-25T22:29:24.953-0400: 6.216: [GC (GCLocker Initiated GC) [PSYoungGen: 120825K->84591K(175104K)] 287858K->275932K(699392K), 0.0099919 secs] [Times: user=0.16 sys=0.01, real=0.02 secs] 
2016-09-25T22:29:25.003-0400: 6.266: [GC (GCLocker Initiated GC) [PSYoungGen: 172655K->84860K(175104K)] 369860K->298417K(699392K), 0.0112649 secs] [Times: user=0.15 sys=0.03, real=0.01 secs] 
2016-09-25T22:29:25.056-0400: 6.318: [GC (GCLocker Initiated GC) [PSYoungGen: 172924K->54830K(175104K)] 389285K->301119K(699392K), 0.0107450 secs] [Times: user=0.14 sys=0.01, real=0.01 secs] 
2016-09-25T22:29:25.106-0400: 6.369: [GC (GCLocker Initiated GC) [PSYoungGen: 142894K->68419K(175104K)] 389423K->350406K(699392K), 0.0120822 secs] [Times: user=0.15 sys=0.02, real=0.01 secs] 
2016-09-25T22:29:25.177-0400: 6.440: [GC (GCLocker Initiated GC) [PSYoungGen: 156483K->28914K(175104K)] 450676K->342355K(699392K), 0.0065939 secs] [Times: user=0.06 sys=0.03, real=0.01 secs] 
2016-09-25T22:29:25.224-0400: 6.487: [GC (GCLocker Initiated GC) [PSYoungGen: 116978K->66950K(175104K)] 438771K->402533K(699392K), 0.0075675 secs] [Times: user=0.09 sys=0.03, real=0.00 secs] 
2016-09-25T22:29:25.269-0400: 6.532: [GC (GCLocker Initiated GC) [PSYoungGen: 155014K->80470K(175104K)] 496094K->425860K(699392K), 0.0079955 secs] [Times: user=0.14 sys=0.00, real=0.01 secs] 
2016-09-25T22:29:25.323-0400: 6.586: [GC (GCLocker Initiated GC) [PSYoungGen: 168534K->54786K(175104K)] 523583K->420882K(699392K), 0.0071668 secs] [Times: user=0.10 sys=0.01, real=0.00 secs] 
2016-09-25T22:29:25.367-0400: 6.629: [GC (GCLocker Initiated GC) [PSYoungGen: 142850K->65603K(175104K)] 511776K->446993K(699392K), 0.0083945 secs] [Times: user=0.11 sys=0.02, real=0.01 secs] 
2016-09-25T22:29:25.414-0400: 6.677: [GC (GCLocker Initiated GC) [PSYoungGen: 153667K->60122K(175104K)] 545916K->476885K(699392K), 0.0183443 secs] [Times: user=0.22 sys=0.01, real=0.02 secs] 
2016-09-25T22:29:25.474-0400: 6.737: [GC (GCLocker Initiated GC) [PSYoungGen: 148186K->65618K(175104K)] 567696K->498909K(699392K), 0.0080569 secs] [Times: user=0.11 sys=0.02, real=0.01 secs] 
2016-09-25T22:29:25.524-0400: 6.787: [GC (GCLocker Initiated GC) [PSYoungGen: 153682K->60057K(175104K)] 587047K->503116K(699392K), 0.0074333 secs] [Times: user=0.08 sys=0.04, real=0.00 secs] 
2016-09-25T22:29:25.562-0400: 6.825: [GC (GCLocker Initiated GC) [PSYoungGen: 148121K->69636K(175104K)] 593905K->534574K(699392K), 0.0091853 secs] [Times: user=0.10 sys=0.01, real=0.01 secs] 
2016-09-25T22:29:25.613-0400: 6.876: [GC (GCLocker Initiated GC) [PSYoungGen: 157700K->60168K(175104K)] 625513K->547197K(699392K), 0.0078069 secs] [Times: user=0.09 sys=0.04, real=0.01 secs] 
2016-09-25T22:29:25.621-0400: 6.883: [Full GC (Ergonomics) [PSYoungGen: 60168K->0K(175104K)] [ParOldGen: 487028K->60075K(524288K)] 547197K->60075K(699392K), [Metaspace: 42868K->42864K(1085440K)], 0.1831068 secs] [Times: user=2.60 sys=0.06, real=0.19 secs] 
2016-09-25T22:29:25.846-0400: 7.109: [GC (GCLocker Initiated GC) [PSYoungGen: 88064K->73686K(175104K)] 148241K->133871K(699392K), 0.0062373 secs] [Times: user=0.09 sys=0.01, real=0.00 secs] 
2016-09-25T22:29:25.877-0400: 7.140: [GC (GCLocker Initiated GC) [PSYoungGen: 161750K->64268K(175104K)] 222411K->161761K(699392K), 0.0099704 secs] [Times: user=0.13 sys=0.01, real=0.01 secs] 
2016-09-25T22:29:25.927-0400: 7.189: [GC (GCLocker Initiated GC) [PSYoungGen: 152332K->56072K(175104K)] 253994K->168879K(699392K), 0.0060856 secs] [Times: user=0.09 sys=0.00, real=0.00 secs] 
2016-09-25T22:29:25.965-0400: 7.228: [GC (GCLocker Initiated GC) [PSYoungGen: 144136K->69602K(175104K)] 257126K->185531K(699392K), 0.0058467 secs] [Times: user=0.09 sys=0.00, real=0.00 secs] 
2016-09-25T22:29:26.006-0400: 7.269: [GC (GCLocker Initiated GC) [PSYoungGen: 157666K->69636K(175104K)] 273666K->191330K(699392K), 0.0060060 secs] [Times: user=0.07 sys=0.00, real=0.00 secs] 
2016-09-25T22:29:26.053-0400: 7.315: [GC (GCLocker Initiated GC) [PSYoungGen: 157700K->57518K(175104K)] 284911K->202546K(699392K), 0.0066958 secs] [Times: user=0.08 sys=0.00, real=0.01 secs] 
2016-09-25T22:29:26.098-0400: 7.360: [GC (GCLocker Initiated GC) [PSYoungGen: 145582K->76400K(175104K)] 293356K->227122K(699392K), 0.0063695 secs] [Times: user=0.08 sys=0.00, real=0.01 secs] 
2016-09-25T22:29:26.138-0400: 7.400: [GC (GCLocker Initiated GC) [PSYoungGen: 164464K->68300K(175104K)] 320901K->235844K(699392K), 0.0103466 secs] [Times: user=0.16 sys=0.00, real=0.01 secs] 
2016-09-25T22:29:26.184-0400: 7.447: [GC (GCLocker Initiated GC) [PSYoungGen: 156364K->73743K(175104K)] 326765K->247140K(699392K), 0.0071613 secs] [Times: user=0.10 sys=0.00, real=0.00 secs] 
2016-09-25T22:29:26.228-0400: 7.491: [GC (GCLocker Initiated GC) [PSYoungGen: 161807K->60320K(175104K)] 339489K->255887K(699392K), 0.0069213 secs] [Times: user=0.09 sys=0.00, real=0.01 secs] 
2016-09-25T22:29:26.274-0400: 7.537: [GC (GCLocker Initiated GC) [PSYoungGen: 148384K->39906K(175104K)] 352238K->253645K(699392K), 0.0139146 secs] [Times: user=0.18 sys=0.00, real=0.01 secs] 
2016-09-25T22:29:26.326-0400: 7.589: [GC (GCLocker Initiated GC) [PSYoungGen: 127970K->75152K(175104K)] 344656K->313858K(699392K), 0.0195213 secs] [Times: user=0.26 sys=0.01, real=0.02 secs] 
2016-09-25T22:29:26.386-0400: 7.648: [GC (GCLocker Initiated GC) [PSYoungGen: 163216K->50834K(175104K)] 404770K->308966K(699392K), 0.0060548 secs] [Times: user=0.08 sys=0.00, real=0.00 secs] 
2016-09-25T22:29:26.431-0400: 7.693: [GC (GCLocker Initiated GC) [PSYoungGen: 138898K->63016K(175104K)] 402463K->329717K(699392K), 0.0086387 secs] [Times: user=0.13 sys=0.00, real=0.01 secs] 
2016-09-25T22:29:26.478-0400: 7.741: [GC (GCLocker Initiated GC) [PSYoungGen: 151080K->37366K(175104K)] 424262K->331222K(699392K), 0.0068943 secs] [Times: user=0.06 sys=0.00, real=0.01 secs] 
2016-09-25T22:29:26.526-0400: 7.789: [GC (GCLocker Initiated GC) [PSYoungGen: 125430K->61574K(175104K)] 422052K->361396K(699392K), 0.0057055 secs] [Times: user=0.07 sys=0.00, real=0.00 secs] 
2016-09-25T22:29:26.565-0400: 7.828: [GC (GCLocker Initiated GC) [PSYoungGen: 149638K->68321K(175104K)] 452253K->375394K(699392K), 0.0068766 secs] [Times: user=0.06 sys=0.00, real=0.00 secs] 
2016-09-25T22:29:26.604-0400: 7.867: [GC (GCLocker Initiated GC) [PSYoungGen: 156385K->86063K(175104K)] 466287K->408543K(699392K), 0.0073524 secs] [Times: user=0.11 sys=0.00, real=0.00 secs] 
2016-09-25T22:29:26.653-0400: 7.916: [GC (GCLocker Initiated GC) [PSYoungGen: 174127K->54930K(175104K)] 507612K->413144K(699392K), 0.0065291 secs] [Times: user=0.09 sys=0.01, real=0.01 secs] 
2016-09-25T22:29:26.704-0400: 7.967: [GC (GCLocker Initiated GC) [PSYoungGen: 142994K->57584K(175104K)] 505421K->433977K(699392K), 0.0065153 secs] [Times: user=0.08 sys=0.00, real=0.00 secs] 
2016-09-25T22:29:26.747-0400: 8.010: [GC (GCLocker Initiated GC) [PSYoungGen: 145648K->68498K(175104K)] 527489K->454792K(699392K), 0.0064816 secs] [Times: user=0.08 sys=0.00, real=0.00 secs] 
2016-09-25T22:29:26.794-0400: 8.056: [GC (GCLocker Initiated GC) [PSYoungGen: 156562K->65734K(175104K)] 542898K->458028K(699392K), 0.0069181 secs] [Times: user=0.09 sys=0.00, real=0.01 secs] 
2016-09-25T22:29:26.833-0400: 8.096: [GC (GCLocker Initiated GC) [PSYoungGen: 153798K->67112K(175104K)] 547590K->469377K(699392K), 0.0104280 secs] [Times: user=0.14 sys=0.00, real=0.02 secs] 
2016-09-25T22:29:26.890-0400: 8.152: [GC (GCLocker Initiated GC) [PSYoungGen: 155176K->48165K(175104K)] 568422K->486241K(699392K), 0.0073450 secs] [Times: user=0.08 sys=0.00, real=0.01 secs] 
2016-09-25T22:29:26.933-0400: 8.195: [GC (GCLocker Initiated GC) [PSYoungGen: 136229K->67020K(175104K)] 574508K->528700K(699392K), 0.0070598 secs] [Times: user=0.12 sys=0.00, real=0.01 secs] 
2016-09-25T22:29:26.981-0400: 8.244: [GC (GCLocker Initiated GC) [PSYoungGen: 155084K->69830K(175104K)] 619489K->558961K(699392K), 0.0072472 secs] [Times: user=0.10 sys=0.00, real=0.01 secs] 
2016-09-25T22:29:26.988-0400: 8.251: [Full GC (Ergonomics) [PSYoungGen: 69830K->0K(175104K)] [ParOldGen: 489131K->70016K(524288K)] 558961K->70016K(699392K), [Metaspace: 43194K->43194K(1085440K)], 0.0508056 secs] [Times: user=0.48 sys=0.00, real=0.05 secs] 
2016-09-25T22:29:27.091-0400: 8.354: [GC (GCLocker Initiated GC) [PSYoungGen: 88064K->61986K(150528K)] 163734K->137657K(674816K), 0.0061327 secs] [Times: user=0.08 sys=0.00, real=0.01 secs] 
2016-09-25T22:29:27.142-0400: 8.404: [GC (GCLocker Initiated GC) [PSYoungGen: 150050K->61762K(175616K)] 229463K->155426K(699904K), 0.0065482 secs] [Times: user=0.09 sys=0.00, real=0.01 secs] 
2016-09-25T22:29:27.184-0400: 8.446: [GC (GCLocker Initiated GC) [PSYoungGen: 151874K->50884K(173568K)] 246717K->162499K(697856K), 0.0061196 secs] [Times: user=0.07 sys=0.00, real=0.00 secs] 
2016-09-25T22:29:27.223-0400: 8.485: [GC (GCLocker Initiated GC) [PSYoungGen: 140996K->79344K(171520K)] 255357K->196835K(695808K), 0.0101245 secs] [Times: user=0.14 sys=0.00, real=0.00 secs] 
2016-09-25T22:29:27.272-0400: 8.534: [GC (GCLocker Initiated GC) [PSYoungGen: 167408K->65702K(175104K)] 284949K->194505K(699392K), 0.0062595 secs] [Times: user=0.08 sys=0.00, real=0.01 secs] 
2016-09-25T22:29:27.315-0400: 8.578: [GC (GCLocker Initiated GC) [PSYoungGen: 153766K->72562K(174592K)] 282820K->227676K(698880K), 0.0076579 secs] [Times: user=0.10 sys=0.00, real=0.01 secs] 
2016-09-25T22:29:27.357-0400: 8.620: [GC (GCLocker Initiated GC) [PSYoungGen: 160626K->79280K(175104K)] 315887K->241755K(699392K), 0.0070925 secs] [Times: user=0.10 sys=0.00, real=0.01 secs] 
2016-09-25T22:29:27.417-0400: 8.679: [GC (GCLocker Initiated GC) [PSYoungGen: 167344K->45576K(175104K)] 347599K->265477K(699392K), 0.0071702 secs] [Times: user=0.10 sys=0.00, real=0.01 secs] 
2016-09-25T22:29:27.466-0400: 8.729: [GC (GCLocker Initiated GC) [PSYoungGen: 133640K->72452K(175104K)] 353577K->298327K(699392K), 0.0065087 secs] [Times: user=0.09 sys=0.00, real=0.00 secs] 
2016-09-25T22:29:27.512-0400: 8.775: [GC (GCLocker Initiated GC) [PSYoungGen: 160516K->68449K(175104K)] 386572K->307116K(699392K), 0.0068412 secs] [Times: user=0.10 sys=0.00, real=0.01 secs] 
2016-09-25T22:29:27.564-0400: 8.827: [GC (GCLocker Initiated GC) [PSYoungGen: 156513K->52056K(175104K)] 410247K->314343K(699392K), 0.0071076 secs] [Times: user=0.05 sys=0.00, real=0.00 secs] 
2016-09-25T22:29:27.611-0400: 8.874: [GC (GCLocker Initiated GC) [PSYoungGen: 140120K->81838K(175104K)] 402585K->347431K(699392K), 0.0067607 secs] [Times: user=0.09 sys=0.00, real=0.01 secs] 
2016-09-25T22:29:27.655-0400: 8.918: [GC (GCLocker Initiated GC) [PSYoungGen: 169902K->68402K(175104K)] 438200K->354616K(699392K), 0.0069312 secs] [Times: user=0.07 sys=0.01, real=0.00 secs] 
2016-09-25T22:29:27.701-0400: 8.964: [GC (GCLocker Initiated GC) [PSYoungGen: 156466K->82026K(175104K)] 451021K->379710K(699392K), 0.0061230 secs] [Times: user=0.08 sys=0.00, real=0.01 secs] 
2016-09-25T22:29:27.783-0400: 9.045: [GC (GCLocker Initiated GC) [PSYoungGen: 170090K->69954K(175104K)] 471886K->372239K(699392K), 0.0071795 secs] [Times: user=0.06 sys=0.00, real=0.00 secs] 
2016-09-25T22:29:27.830-0400: 9.093: [GC (GCLocker Initiated GC) [PSYoungGen: 158018K->46801K(175104K)] 470902K->371023K(699392K), 0.0056092 secs] [Times: user=0.07 sys=0.00, real=0.01 secs] 
2016-09-25T22:29:27.874-0400: 9.137: [GC (GCLocker Initiated GC) [PSYoungGen: 134865K->69614K(175104K)] 459108K->401016K(699392K), 0.0065752 secs] [Times: user=0.10 sys=0.00, real=0.00 secs] 
2016-09-25T22:29:27.916-0400: 9.179: [GC (GCLocker Initiated GC) [PSYoungGen: 157678K->72576K(175104K)] 497386K->417920K(699392K), 0.0069355 secs] [Times: user=0.06 sys=0.01, real=0.01 secs] 
2016-09-25T22:29:27.968-0400: 9.231: [GC (GCLocker Initiated GC) [PSYoungGen: 160640K->77898K(175104K)] 511432K->431936K(699392K), 0.0072865 secs] [Times: user=0.11 sys=0.00, real=0.01 secs] 
2016-09-25T22:29:28.019-0400: 9.282: [GC (GCLocker Initiated GC) [PSYoungGen: 165962K->60206K(175104K)] 520081K->432270K(699392K), 0.0085274 secs] [Times: user=0.08 sys=0.00, real=0.01 secs] 
2016-09-25T22:29:28.069-0400: 9.331: [GC (GCLocker Initiated GC) [PSYoungGen: 148270K->68430K(175104K)] 528529K->478787K(699392K), 0.0069449 secs] [Times: user=0.10 sys=0.00, real=0.01 secs] 
2016-09-25T22:29:28.116-0400: 9.379: [GC (GCLocker Initiated GC) [PSYoungGen: 156494K->72420K(175104K)] 569806K->498371K(699392K), 0.0065780 secs] [Times: user=0.08 sys=0.00, real=0.01 secs] 
2016-09-25T22:29:28.169-0400: 9.431: [GC (GCLocker Initiated GC) [PSYoungGen: 160484K->81980K(175104K)] 589245K->512481K(699392K), 0.0064649 secs] [Times: user=0.10 sys=0.00, real=0.01 secs] 
2016-09-25T22:29:28.211-0400: 9.474: [GC (GCLocker Initiated GC) [PSYoungGen: 170044K->58902K(175104K)] 600698K->514288K(699392K), 0.0071325 secs] [Times: user=0.07 sys=0.00, real=0.01 secs] 
2016-09-25T22:29:28.261-0400: 9.524: [GC (GCLocker Initiated GC) [PSYoungGen: 146966K->56188K(175104K)] 602379K->532298K(699392K), 0.0062957 secs] [Times: user=0.08 sys=0.00, real=0.01 secs] 
2016-09-25T22:29:28.308-0400: 9.571: [GC (GCLocker Initiated GC) [PSYoungGen: 144252K->41590K(175104K)] 627260K->553386K(699392K), 0.0064911 secs] [Times: user=0.05 sys=0.03, real=0.01 secs] 
2016-09-25T22:29:28.314-0400: 9.577: [Full GC (Ergonomics) [PSYoungGen: 41590K->0K(175104K)] [ParOldGen: 511796K->66089K(524288K)] 553386K->66089K(699392K), [Metaspace: 43297K->43297K(1085440K)], 0.0507615 secs] [Times: user=0.36 sys=0.01, real=0.05 secs] 
2016-09-25T22:29:28.407-0400: 9.669: [GC (GCLocker Initiated GC) [PSYoungGen: 88064K->71404K(175104K)] 166385K->149726K(699392K), 0.0060515 secs] [Times: user=0.08 sys=0.00, real=0.00 secs] 
2016-09-25T22:29:28.450-0400: 9.713: [GC (GCLocker Initiated GC) [PSYoungGen: 159468K->64334K(175104K)] 238901K->164758K(699392K), 0.0075437 secs] [Times: user=0.11 sys=0.01, real=0.01 secs] 
2016-09-25T22:29:28.498-0400: 9.761: [GC (GCLocker Initiated GC) [PSYoungGen: 152398K->66988K(175104K)] 261040K->178742K(699392K), 0.0059842 secs] [Times: user=0.08 sys=0.00, real=0.01 secs] 
2016-09-25T22:29:28.534-0400: 9.797: [GC (GCLocker Initiated GC) [PSYoungGen: 155052K->79202K(175104K)] 266905K->214395K(699392K), 0.0136891 secs] [Times: user=0.16 sys=0.00, real=0.02 secs] 
2016-09-25T22:29:28.585-0400: 9.847: [GC (GCLocker Initiated GC) [PSYoungGen: 167266K->57616K(175104K)] 310700K->225772K(699392K), 0.0072135 secs] [Times: user=0.09 sys=0.00, real=0.00 secs] 
2016-09-25T22:29:28.629-0400: 9.891: [GC (GCLocker Initiated GC) [PSYoungGen: 145680K->65748K(175104K)] 316646K->241184K(699392K), 0.0096416 secs] [Times: user=0.14 sys=0.00, real=0.01 secs] 
2016-09-25T22:29:28.676-0400: 9.939: [GC (GCLocker Initiated GC) [PSYoungGen: 153812K->41334K(175104K)] 342987K->236344K(699392K), 0.0058656 secs] [Times: user=0.04 sys=0.01, real=0.01 secs] 
2016-09-25T22:29:28.729-0400: 9.992: [GC (GCLocker Initiated GC) [PSYoungGen: 129398K->61588K(175104K)] 327164K->263946K(699392K), 0.0063017 secs] [Times: user=0.05 sys=0.00, real=0.01 secs] 
2016-09-25T22:29:28.780-0400: 10.043: [GC (GCLocker Initiated GC) [PSYoungGen: 149652K->54966K(175104K)] 352113K->271301K(699392K), 0.0192119 secs] [Times: user=0.28 sys=0.01, real=0.02 secs] 
2016-09-25T22:29:28.840-0400: 10.102: [GC (GCLocker Initiated GC) [PSYoungGen: 143030K->65652K(173056K)] 359439K->298695K(697344K), 0.0084761 secs] [Times: user=0.07 sys=0.00, real=0.01 secs] 
2016-09-25T22:29:28.889-0400: 10.152: [GC (GCLocker Initiated GC) [PSYoungGen: 153716K->75230K(174080K)] 386877K->321053K(698368K), 0.0103212 secs] [Times: user=0.11 sys=0.01, real=0.01 secs] 
2016-09-25T22:29:28.938-0400: 10.201: [GC (GCLocker Initiated GC) [PSYoungGen: 163294K->50801K(175104K)] 410597K->303948K(699392K), 0.0093890 secs] [Times: user=0.06 sys=0.00, real=0.01 secs] 
2016-09-25T22:29:28.985-0400: 10.248: [GC (GCLocker Initiated GC) [PSYoungGen: 138865K->52248K(175104K)] 392996K->316312K(699392K), 0.0221910 secs] [Times: user=0.29 sys=0.00, real=0.02 secs] 
2016-09-25T22:29:29.046-0400: 10.308: [GC (GCLocker Initiated GC) [PSYoungGen: 140312K->72562K(175104K)] 409859K->345317K(699392K), 0.0066975 secs] [Times: user=0.08 sys=0.00, real=0.00 secs] 
2016-09-25T22:29:29.086-0400: 10.349: [GC (GCLocker Initiated GC) [PSYoungGen: 160626K->75152K(175104K)] 434187K->350571K(699392K), 0.0062517 secs] [Times: user=0.09 sys=0.00, real=0.00 secs] 
2016-09-25T22:29:29.127-0400: 10.390: [GC (GCLocker Initiated GC) [PSYoungGen: 163216K->77898K(175104K)] 445001K->384388K(699392K), 0.0068454 secs] [Times: user=0.09 sys=0.00, real=0.00 secs] 
2016-09-25T22:29:29.174-0400: 10.437: [GC (GCLocker Initiated GC) [PSYoungGen: 165962K->73816K(175104K)] 481979K->391626K(699392K), 0.0067308 secs] [Times: user=0.08 sys=0.01, real=0.01 secs] 
2016-09-25T22:29:29.221-0400: 10.483: [GC (GCLocker Initiated GC) [PSYoungGen: 161880K->73784K(175104K)] 486603K->404342K(699392K), 0.0067613 secs] [Times: user=0.10 sys=0.00, real=0.01 secs] 
2016-09-25T22:29:29.256-0400: 10.518: [GC (GCLocker Initiated GC) [PSYoungGen: 161848K->80552K(175104K)] 495238K->423851K(699392K), 0.0067895 secs] [Times: user=0.10 sys=0.00, real=0.01 secs] 
2016-09-25T22:29:29.304-0400: 10.567: [GC (GCLocker Initiated GC) [PSYoungGen: 168616K->68338K(175104K)] 511957K->435035K(699392K), 0.0084182 secs] [Times: user=0.11 sys=0.00, real=0.00 secs] 
2016-09-25T22:29:29.359-0400: 10.621: [GC (GCLocker Initiated GC) [PSYoungGen: 156402K->39987K(175104K)] 523130K->421939K(699392K), 0.0063256 secs] [Times: user=0.06 sys=0.00, real=0.01 secs] 
2016-09-25T22:29:29.408-0400: 10.670: [GC (GCLocker Initiated GC) [PSYoungGen: 128051K->56389K(175104K)] 514171K->461854K(699392K), 0.0061779 secs] [Times: user=0.07 sys=0.00, real=0.00 secs] 
2016-09-25T22:29:29.448-0400: 10.711: [GC (GCLocker Initiated GC) [PSYoungGen: 144453K->68355K(175104K)] 550028K->490785K(699392K), 0.0068928 secs] [Times: user=0.10 sys=0.00, real=0.01 secs] 
2016-09-25T22:29:29.489-0400: 10.752: [GC (GCLocker Initiated GC) [PSYoungGen: 156419K->79357K(175104K)] 587040K->510297K(699392K), 0.0066673 secs] [Times: user=0.09 sys=0.00, real=0.01 secs] 
2016-09-25T22:29:29.537-0400: 10.799: [GC (GCLocker Initiated GC) [PSYoungGen: 167421K->73847K(175104K)] 605258K->524335K(699392K), 0.0065505 secs] [Times: user=0.08 sys=0.01, real=0.01 secs] 
2016-09-25T22:29:29.591-0400: 10.854: [GC (GCLocker Initiated GC) [PSYoungGen: 161911K->56329K(175104K)] 620553K->538344K(699392K), 0.0067374 secs] [Times: user=0.09 sys=0.00, real=0.01 secs] 
2016-09-25T22:29:29.634-0400: 10.897: [GC (GCLocker Initiated GC) [PSYoungGen: 144393K->68433K(175104K)] 626609K->563259K(699392K), 0.0118886 secs] [Times: user=0.14 sys=0.00, real=0.02 secs] 
2016-09-25T22:29:29.646-0400: 10.909: [Full GC (Ergonomics) [PSYoungGen: 68433K->0K(175104K)] [ParOldGen: 494825K->81523K(524288K)] 563259K->81523K(699392K), [Metaspace: 43299K->43299K(1085440K)], 0.0456258 secs] [Times: user=0.37 sys=0.00, real=0.04 secs] 
2016-09-25T22:29:29.726-0400: 10.989: [GC (GCLocker Initiated GC) [PSYoungGen: 88064K->75549K(175104K)] 173280K->160766K(699392K), 0.0059451 secs] [Times: user=0.07 sys=0.01, real=0.00 secs] 
2016-09-25T22:29:29.773-0400: 11.036: [GC (GCLocker Initiated GC) [PSYoungGen: 163613K->49515K(175104K)] 258299K->155764K(699392K), 0.0052633 secs] [Times: user=0.07 sys=0.00, real=0.01 secs] 
2016-09-25T22:29:29.815-0400: 11.078: [GC (GCLocker Initiated GC) [PSYoungGen: 137579K->83375K(175104K)] 248021K->197048K(699392K), 0.0067154 secs] [Times: user=0.09 sys=0.00, real=0.00 secs] 
2016-09-25T22:29:29.864-0400: 11.127: [GC (GCLocker Initiated GC) [PSYoungGen: 171439K->45433K(175104K)] 289223K->192082K(699392K), 0.0072414 secs] [Times: user=0.10 sys=0.00, real=0.00 secs] 
2016-09-25T22:29:29.911-0400: 11.174: [GC (GCLocker Initiated GC) [PSYoungGen: 133497K->67111K(175104K)] 291188K->226571K(699392K), 0.0058892 secs] [Times: user=0.08 sys=0.00, real=0.01 secs] 
2016-09-25T22:29:29.957-0400: 11.220: [GC (GCLocker Initiated GC) [PSYoungGen: 155175K->57569K(175104K)] 324205K->237827K(699392K), 0.0066956 secs] [Times: user=0.09 sys=0.00, real=0.01 secs] 
2016-09-25T22:29:30.003-0400: 11.266: [GC (GCLocker Initiated GC) [PSYoungGen: 145633K->72497K(175104K)] 332735K->261346K(699392K), 0.0062566 secs] [Times: user=0.09 sys=0.00, real=0.00 secs] 
2016-09-25T22:29:30.047-0400: 11.310: [GC (GCLocker Initiated GC) [PSYoungGen: 160561K->60393K(175104K)] 359091K->278258K(699392K), 0.0073877 secs] [Times: user=0.07 sys=0.00, real=0.01 secs] 
2016-09-25T22:29:30.091-0400: 11.354: [GC (GCLocker Initiated GC) [PSYoungGen: 148457K->75244K(175104K)] 380073K->307340K(699392K), 0.0062814 secs] [Times: user=0.09 sys=0.00, real=0.01 secs] 
2016-09-25T22:29:30.137-0400: 11.400: [GC (GCLocker Initiated GC) [PSYoungGen: 163308K->62969K(175104K)] 398127K->314466K(699392K), 0.0064273 secs] [Times: user=0.09 sys=0.00, real=0.01 secs] 
2016-09-25T22:29:30.180-0400: 11.442: [GC (GCLocker Initiated GC) [PSYoungGen: 151033K->75275K(175104K)] 405489K->332812K(699392K), 0.0097974 secs] [Times: user=0.14 sys=0.00, real=0.01 secs] 
2016-09-25T22:29:30.229-0400: 11.492: [GC (GCLocker Initiated GC) [PSYoungGen: 163339K->65670K(175104K)] 426454K->334785K(699392K), 0.0059891 secs] [Times: user=0.09 sys=0.00, real=0.01 secs] 
2016-09-25T22:29:30.276-0400: 11.538: [GC (GCLocker Initiated GC) [PSYoungGen: 153734K->61807K(175104K)] 439250K->353113K(699392K), 0.0069928 secs] [Times: user=0.07 sys=0.01, real=0.01 secs] 
2016-09-25T22:29:30.326-0400: 11.589: [GC (GCLocker Initiated GC) [PSYoungGen: 149871K->73756K(175104K)] 441254K->384568K(699392K), 0.0075210 secs] [Times: user=0.10 sys=0.00, real=0.00 secs] 
2016-09-25T22:29:30.375-0400: 11.638: [GC (GCLocker Initiated GC) [PSYoungGen: 161820K->62983K(175104K)] 478123K->390446K(699392K), 0.0059422 secs] [Times: user=0.08 sys=0.00, real=0.00 secs] 
2016-09-25T22:29:30.416-0400: 11.679: [GC (GCLocker Initiated GC) [PSYoungGen: 151047K->80694K(175104K)] 478592K->414057K(699392K), 0.0077267 secs] [Times: user=0.10 sys=0.00, real=0.01 secs] 
2016-09-25T22:29:30.462-0400: 11.725: [GC (GCLocker Initiated GC) [PSYoungGen: 168758K->71102K(175104K)] 502253K->425322K(699392K), 0.0071334 secs] [Times: user=0.08 sys=0.00, real=0.00 secs] 
2016-09-25T22:29:30.498-0400: 11.761: [GC (GCLocker Initiated GC) [PSYoungGen: 159166K->59062K(175104K)] 518884K->447548K(699392K), 0.0092043 secs] [Times: user=0.12 sys=0.00, real=0.01 secs] 
2016-09-25T22:29:30.548-0400: 11.811: [GC (GCLocker Initiated GC) [PSYoungGen: 147126K->60379K(175104K)] 543848K->494095K(699392K), 0.0068206 secs] [Times: user=0.10 sys=0.00, real=0.01 secs] 
2016-09-25T22:29:30.598-0400: 11.861: [GC (GCLocker Initiated GC) [PSYoungGen: 148443K->68493K(156672K)] 590440K->523107K(680960K), 0.0223901 secs] [Times: user=0.33 sys=0.00, real=0.02 secs] 
2016-09-25T22:29:30.663-0400: 11.926: [GC (GCLocker Initiated GC) [PSYoungGen: 156557K->41273K(174080K)] 618100K->516797K(698368K), 0.0127275 secs] [Times: user=0.15 sys=0.00, real=0.01 secs] 
2016-09-25T22:29:30.712-0400: 11.974: [GC (GCLocker Initiated GC) [PSYoungGen: 128825K->81824K(174592K)] 604377K->563161K(698880K), 0.0096837 secs] [Times: user=0.14 sys=0.00, real=0.01 secs] 
2016-09-25T22:29:30.761-0400: 12.024: [Full GC (Ergonomics) [PSYoungGen: 169376K->0K(174592K)] [ParOldGen: 494869K->91825K(524288K)] 664245K->91825K(698880K), [Metaspace: 43324K->43324K(1085440K)], 0.0488416 secs] [Times: user=0.43 sys=0.00, real=0.05 secs] 
2016-09-25T22:29:30.849-0400: 12.111: [GC (GCLocker Initiated GC) [PSYoungGen: 87552K->71435K(175104K)] 182284K->166167K(699392K), 0.0093897 secs] [Times: user=0.10 sys=0.00, real=0.01 secs] 
2016-09-25T22:29:30.897-0400: 12.160: [GC (GCLocker Initiated GC) [PSYoungGen: 159499K->61711K(175104K)] 261097K->180288K(699392K), 0.0224746 secs] [Times: user=0.34 sys=0.00, real=0.02 secs] 
2016-09-25T22:29:30.962-0400: 12.225: [GC (GCLocker Initiated GC) [PSYoungGen: 149775K->52169K(175104K)] 275173K->203710K(699392K), 0.0058780 secs] [Times: user=0.09 sys=0.00, real=0.01 secs] 
2016-09-25T22:29:31.004-0400: 12.267: [GC (GCLocker Initiated GC) [PSYoungGen: 140233K->59107K(175104K)] 294609K->239514K(699392K), 0.0069185 secs] [Times: user=0.09 sys=0.00, real=0.00 secs] 
2016-09-25T22:29:31.049-0400: 12.312: [GC (GCLocker Initiated GC) [PSYoungGen: 147171K->48023K(175104K)] 338487K->270918K(699392K), 0.0070305 secs] [Times: user=0.09 sys=0.00, real=0.01 secs] 
2016-09-25T22:29:31.100-0400: 12.363: [GC (GCLocker Initiated GC) [PSYoungGen: 136087K->53611K(175104K)] 370021K->309510K(699392K), 0.0071379 secs] [Times: user=0.09 sys=0.00, real=0.01 secs] 
2016-09-25T22:29:31.146-0400: 12.408: [GC (GCLocker Initiated GC) [PSYoungGen: 141675K->64320K(174080K)] 405963K->341230K(698368K), 0.0066258 secs] [Times: user=0.09 sys=0.00, real=0.00 secs] 
2016-09-25T22:29:31.189-0400: 12.452: [GC (GCLocker Initiated GC) [PSYoungGen: 152384K->58983K(147456K)] 436207K->344546K(671744K), 0.0057359 secs] [Times: user=0.07 sys=0.00, real=0.01 secs] 
2016-09-25T22:29:31.230-0400: 12.492: [GC (GCLocker Initiated GC) [PSYoungGen: 147047K->65702K(174592K)] 435431K->355897K(698880K), 0.0060298 secs] [Times: user=0.08 sys=0.00, real=0.01 secs] 
2016-09-25T22:29:31.276-0400: 12.539: [GC (GCLocker Initiated GC) [PSYoungGen: 155814K->61665K(174080K)] 447425K->357724K(698368K), 0.0095204 secs] [Times: user=0.12 sys=0.01, real=0.01 secs] 
2016-09-25T22:29:31.322-0400: 12.585: [GC (GCLocker Initiated GC) [PSYoungGen: 151777K->50883K(175104K)] 447856K->381163K(699392K), 0.0066820 secs] [Times: user=0.08 sys=0.00, real=0.00 secs] 
2016-09-25T22:29:31.380-0400: 12.643: [GC (GCLocker Initiated GC) [PSYoungGen: 144579K->67221K(175104K)] 488451K->422314K(699392K), 0.0071804 secs] [Times: user=0.10 sys=0.00, real=0.01 secs] 
2016-09-25T22:29:31.443-0400: 12.706: [GC (GCLocker Initiated GC) [PSYoungGen: 160917K->60219K(177152K)] 521521K->455167K(701440K), 0.0076291 secs] [Times: user=0.09 sys=0.00, real=0.00 secs] 
2016-09-25T22:29:31.496-0400: 12.758: [GC (GCLocker Initiated GC) [PSYoungGen: 159035K->65715K(178688K)] 556722K->467851K(702976K), 0.0102538 secs] [Times: user=0.10 sys=0.00, real=0.01 secs] 
2016-09-25T22:29:31.567-0400: 12.830: [GC (GCLocker Initiated GC) [PSYoungGen: 164531K->71239K(179200K)] 581611K->498244K(703488K), 0.0061422 secs] [Times: user=0.07 sys=0.00, real=0.00 secs] 
2016-09-25T22:29:31.627-0400: 12.889: [GC (GCLocker Initiated GC) [PSYoungGen: 170567K->67161K(180736K)] 599001K->511052K(705024K), 0.0086139 secs] [Times: user=0.10 sys=0.00, real=0.01 secs] 
2016-09-25T22:29:31.683-0400: 12.946: [GC (GCLocker Initiated GC) [PSYoungGen: 166489K->62997K(176640K)] 611959K->514293K(700928K), 0.0061740 secs] [Times: user=0.07 sys=0.00, real=0.00 secs] 
2016-09-25T22:29:31.740-0400: 13.002: [GC (GCLocker Initiated GC) [PSYoungGen: 162325K->67193K(178688K)] 619267K->536775K(702976K), 0.0068226 secs] [Times: user=0.07 sys=0.01, real=0.01 secs] 
2016-09-25T22:29:31.794-0400: 13.057: [GC (GCLocker Initiated GC) [PSYoungGen: 166521K->77961K(174592K)] 638881K->560198K(698880K), 0.0074506 secs] [Times: user=0.10 sys=0.01, real=0.01 secs] 
2016-09-25T22:29:31.837-0400: 13.100: [GC (GCLocker Initiated GC) [PSYoungGen: 173193K->73907K(169472K)] 655543K->564759K(693760K), 0.0073094 secs] [Times: user=0.07 sys=0.00, real=0.01 secs] 
2016-09-25T22:29:31.845-0400: 13.108: [Full GC (Ergonomics) [PSYoungGen: 73907K->0K(169472K)] [ParOldGen: 490852K->97403K(524288K)] 564759K->97403K(693760K), [Metaspace: 43328K->43328K(1085440K)], 0.0521034 secs] [Times: user=0.38 sys=0.00, real=0.05 secs] 
2016-09-25T22:29:31.944-0400: 13.207: [GC (GCLocker Initiated GC) [PSYoungGen: 95232K->83508K(172544K)] 198201K->186477K(696832K), 0.0081776 secs] [Times: user=0.10 sys=0.00, real=0.00 secs] 
2016-09-25T22:29:31.998-0400: 13.261: [GC (GCLocker Initiated GC) [PSYoungGen: 171572K->46801K(175104K)] 274620K->193732K(699392K), 0.0092157 secs] [Times: user=0.11 sys=0.00, real=0.01 secs] 
2016-09-25T22:29:32.057-0400: 13.320: [GC (GCLocker Initiated GC) [PSYoungGen: 134865K->44115K(175104K)] 283174K->221251K(699392K), 0.0084183 secs] [Times: user=0.10 sys=0.00, real=0.01 secs] 
2016-09-25T22:29:32.096-0400: 13.359: [GC (GCLocker Initiated GC) [PSYoungGen: 132179K->80726K(175104K)] 312142K->280080K(699392K), 0.0073583 secs] [Times: user=0.10 sys=0.00, real=0.01 secs] 
2016-09-25T22:29:32.153-0400: 13.415: [GC (GCLocker Initiated GC) [PSYoungGen: 168790K->76548K(175104K)] 373891K->299771K(699392K), 0.0062079 secs] [Times: user=0.08 sys=0.00, real=0.01 secs] 
2016-09-25T22:29:32.204-0400: 13.467: [GC (GCLocker Initiated GC) [PSYoungGen: 164612K->64160K(175104K)] 390625K->294602K(699392K), 0.0109644 secs] [Times: user=0.06 sys=0.01, real=0.01 secs] 
2016-09-25T22:29:32.260-0400: 13.523: [GC (GCLocker Initiated GC) [PSYoungGen: 152224K->58901K(175104K)] 388179K->324958K(699392K), 0.0066974 secs] [Times: user=0.09 sys=0.01, real=0.01 secs] 
2016-09-25T22:29:32.305-0400: 13.568: [GC (GCLocker Initiated GC) [PSYoungGen: 146965K->67161K(175104K)] 420003K->363580K(699392K), 0.0078151 secs] [Times: user=0.11 sys=0.00, real=0.00 secs] 
2016-09-25T22:29:32.363-0400: 13.626: [GC (GCLocker Initiated GC) [PSYoungGen: 155225K->60315K(175104K)] 463869K->380218K(699392K), 0.0058651 secs] [Times: user=0.08 sys=0.00, real=0.00 secs] 
2016-09-25T22:29:32.419-0400: 13.682: [GC (GCLocker Initiated GC) [PSYoungGen: 148379K->56251K(175104K)] 473800K->395592K(699392K), 0.0089954 secs] [Times: user=0.12 sys=0.00, real=0.01 secs] 
2016-09-25T22:29:32.470-0400: 13.733: [GC (GCLocker Initiated GC) [PSYoungGen: 144315K->64507K(173056K)] 495833K->417788K(697344K), 0.0058320 secs] [Times: user=0.08 sys=0.00, real=0.01 secs] 
2016-09-25T22:29:32.528-0400: 13.791: [GC (GCLocker Initiated GC) [PSYoungGen: 152571K->68324K(174080K)] 505970K->433116K(698368K), 0.0063201 secs] [Times: user=0.07 sys=0.00, real=0.01 secs] 
2016-09-25T22:29:32.572-0400: 13.835: [GC (GCLocker Initiated GC) [PSYoungGen: 156388K->60457K(174080K)] 526590K->449927K(698368K), 0.0086549 secs] [Times: user=0.11 sys=0.00, real=0.01 secs] 
2016-09-25T22:29:32.621-0400: 13.884: [GC (GCLocker Initiated GC) [PSYoungGen: 151593K->72433K(175104K)] 543985K->468022K(699392K), 0.0073450 secs] [Times: user=0.05 sys=0.00, real=0.01 secs] 
2016-09-25T22:29:32.682-0400: 13.945: [GC (GCLocker Initiated GC) [PSYoungGen: 163569K->50865K(176128K)] 567323K->476672K(700416K), 0.0095491 secs] [Times: user=0.09 sys=0.00, real=0.01 secs] 
2016-09-25T22:29:32.733-0400: 13.996: [GC (GCLocker Initiated GC) [PSYoungGen: 142001K->52343K(176640K)] 573342K->519227K(700928K), 0.0061502 secs] [Times: user=0.09 sys=0.00, real=0.01 secs] 
2016-09-25T22:29:32.775-0400: 14.038: [GC (GCLocker Initiated GC) [PSYoungGen: 143479K->72498K(174080K)] 613081K->558822K(698368K), 0.0065922 secs] [Times: user=0.08 sys=0.00, real=0.00 secs] 
2016-09-25T22:29:32.782-0400: 14.044: [Full GC (Ergonomics) [PSYoungGen: 72498K->0K(174080K)] [ParOldGen: 486324K->101633K(524288K)] 558822K->101633K(698368K), [Metaspace: 43331K->43331K(1085440K)], 0.0544621 secs] [Times: user=0.42 sys=0.01, real=0.06 secs] 
2016-09-25T22:29:32.885-0400: 14.148: [GC (GCLocker Initiated GC) [PSYoungGen: 89088K->75549K(164864K)] 196197K->182659K(689152K), 0.0057007 secs] [Times: user=0.08 sys=0.00, real=0.00 secs] 
2016-09-25T22:29:32.934-0400: 14.196: [GC (GCLocker Initiated GC) [PSYoungGen: 164637K->63048K(175616K)] 271980K->175284K(699904K), 0.0084982 secs] [Times: user=0.07 sys=0.00, real=0.02 secs] 
2016-09-25T22:29:32.982-0400: 14.245: [GC (GCLocker Initiated GC) [PSYoungGen: 151624K->79280K(175104K)] 264067K->194891K(699392K), 0.0075307 secs] [Times: user=0.08 sys=0.01, real=0.01 secs] 
2016-09-25T22:29:33.028-0400: 14.291: [GC (GCLocker Initiated GC) [PSYoungGen: 167856K->81870K(175104K)] 293058K->208921K(699392K), 0.0061585 secs] [Times: user=0.08 sys=0.00, real=0.00 secs] 
2016-09-25T22:29:33.082-0400: 14.345: [GC (GCLocker Initiated GC) [PSYoungGen: 169934K->71070K(175104K)] 302536K->216220K(699392K), 0.0062684 secs] [Times: user=0.08 sys=0.00, real=0.01 secs] 
2016-09-25T22:29:33.129-0400: 14.392: [GC (GCLocker Initiated GC) [PSYoungGen: 159134K->65844K(175104K)] 320595K->246595K(699392K), 0.0084405 secs] [Times: user=0.09 sys=0.00, real=0.01 secs] 
2016-09-25T22:29:33.177-0400: 14.440: [GC (GCLocker Initiated GC) [PSYoungGen: 153908K->68370K(175104K)] 348248K->263194K(699392K), 0.0079757 secs] [Times: user=0.10 sys=0.01, real=0.01 secs] 
2016-09-25T22:29:33.227-0400: 14.490: [GC (GCLocker Initiated GC) [PSYoungGen: 156434K->79202K(175104K)] 359397K->283905K(699392K), 0.0061424 secs] [Times: user=0.08 sys=0.00, real=0.00 secs] 
2016-09-25T22:29:33.273-0400: 14.536: [GC (GCLocker Initiated GC) [PSYoungGen: 167266K->53426K(175104K)] 378516K->288029K(699392K), 0.0080228 secs] [Times: user=0.12 sys=0.00, real=0.01 secs] 
2016-09-25T22:29:33.320-0400: 14.583: [GC (GCLocker Initiated GC) [PSYoungGen: 141490K->75234K(175104K)] 387061K->321157K(699392K), 0.0082580 secs] [Times: user=0.09 sys=0.00, real=0.01 secs] 
2016-09-25T22:29:33.364-0400: 14.627: [GC (GCLocker Initiated GC) [PSYoungGen: 163298K->65669K(175104K)] 417373K->321528K(699392K), 0.0082173 secs] [Times: user=0.08 sys=0.00, real=0.00 secs] 
2016-09-25T22:29:33.417-0400: 14.680: [GC (GCLocker Initiated GC) [PSYoungGen: 153733K->45437K(175104K)] 420552K->330219K(699392K), 0.0067606 secs] [Times: user=0.08 sys=0.00, real=0.01 secs] 
2016-09-25T22:29:33.471-0400: 14.734: [GC (GCLocker Initiated GC) [PSYoungGen: 133501K->50682K(175104K)] 423775K->367055K(699392K), 0.0091407 secs] [Times: user=0.12 sys=0.01, real=0.01 secs] 
2016-09-25T22:29:33.524-0400: 14.786: [GC (GCLocker Initiated GC) [PSYoungGen: 138746K->68328K(175104K)] 464664K->395849K(699392K), 0.0099180 secs] [Times: user=0.14 sys=0.00, real=0.00 secs] 
2016-09-25T22:29:33.580-0400: 14.843: [GC (GCLocker Initiated GC) [PSYoungGen: 156392K->43962K(175104K)] 498864K->416430K(699392K), 0.0130859 secs] [Times: user=0.15 sys=0.00, real=0.01 secs] 
2016-09-25T22:29:33.637-0400: 14.900: [GC (GCLocker Initiated GC) [PSYoungGen: 132026K->62896K(175104K)] 504629K->439946K(699392K), 0.0063052 secs] [Times: user=0.07 sys=0.01, real=0.01 secs] 
2016-09-25T22:29:33.678-0400: 14.941: [GC (GCLocker Initiated GC) [PSYoungGen: 150960K->84565K(175104K)] 530867K->467424K(699392K), 0.0090453 secs] [Times: user=0.11 sys=0.01, real=0.01 secs] 
2016-09-25T22:29:33.729-0400: 14.991: [GC (GCLocker Initiated GC) [PSYoungGen: 172629K->85851K(175104K)] 562277K->481209K(699392K), 0.0093878 secs] [Times: user=0.14 sys=0.00, real=0.01 secs] 
2016-09-25T22:29:33.791-0400: 15.054: [GC (GCLocker Initiated GC) [PSYoungGen: 173915K->53354K(175104K)] 569374K->490930K(699392K), 0.0067046 secs] [Times: user=0.09 sys=0.01, real=0.01 secs] 
2016-09-25T22:29:33.843-0400: 15.106: [GC (GCLocker Initiated GC) [PSYoungGen: 141418K->53260K(175104K)] 579106K->507332K(699392K), 0.0096335 secs] [Times: user=0.10 sys=0.00, real=0.00 secs] 
2016-09-25T22:29:33.897-0400: 15.160: [GC (GCLocker Initiated GC) [PSYoungGen: 141324K->71032K(175104K)] 600947K->549889K(699392K), 0.0072695 secs] [Times: user=0.11 sys=0.01, real=0.01 secs] 
2016-09-25T22:29:33.946-0400: 15.209: [Full GC (Ergonomics) [PSYoungGen: 159096K->0K(175104K)] [ParOldGen: 484339K->115233K(524288K)] 643436K->115233K(699392K), [Metaspace: 43341K->43341K(1085440K)], 0.0562644 secs] [Times: user=0.46 sys=0.00, real=0.06 secs] 
2016-09-25T22:29:34.054-0400: 15.317: [GC (GCLocker Initiated GC) [PSYoungGen: 88064K->68428K(175104K)] 212547K->192912K(699392K), 0.0058807 secs] [Times: user=0.07 sys=0.00, real=0.01 secs] 
2016-09-25T22:29:34.101-0400: 15.364: [GC (GCLocker Initiated GC) [PSYoungGen: 156492K->64204K(175104K)] 291943K->202786K(699392K), 0.0097713 secs] [Times: user=0.14 sys=0.00, real=0.01 secs] 
2016-09-25T22:29:34.151-0400: 15.414: [GC (GCLocker Initiated GC) [PSYoungGen: 152268K->58580K(175104K)] 293687K->205623K(699392K), 0.0073798 secs] [Times: user=0.05 sys=0.01, real=0.01 secs] 
2016-09-25T22:29:34.206-0400: 15.469: [GC (GCLocker Initiated GC) [PSYoungGen: 146644K->42557K(175104K)] 307244K->220946K(699392K), 0.0075993 secs] [Times: user=0.09 sys=0.00, real=0.00 secs] 
2016-09-25T22:29:34.255-0400: 15.518: [GC (GCLocker Initiated GC) [PSYoungGen: 130621K->64154K(175104K)] 309085K->245612K(699392K), 0.0053352 secs] [Times: user=0.07 sys=0.00, real=0.00 secs] 
2016-09-25T22:29:34.303-0400: 15.566: [GC (GCLocker Initiated GC) [PSYoungGen: 152218K->85786K(175104K)] 336567K->270406K(699392K), 0.0076393 secs] [Times: user=0.09 sys=0.00, real=0.00 secs] 
2016-09-25T22:29:34.354-0400: 15.616: [GC (GCLocker Initiated GC) [PSYoungGen: 173850K->76336K(175104K)] 361428K->279078K(699392K), 0.0064706 secs] [Times: user=0.09 sys=0.00, real=0.01 secs] 
2016-09-25T22:29:34.401-0400: 15.664: [GC (GCLocker Initiated GC) [PSYoungGen: 164400K->72336K(175104K)] 367312K->287637K(699392K), 0.0093131 secs] [Times: user=0.12 sys=0.00, real=0.01 secs] 
2016-09-25T22:29:34.444-0400: 15.707: [GC (GCLocker Initiated GC) [PSYoungGen: 160400K->81818K(175104K)] 378476K->301500K(699392K), 0.0087338 secs] [Times: user=0.13 sys=0.00, real=0.00 secs] 
2016-09-25T22:29:34.493-0400: 15.755: [GC (GCLocker Initiated GC) [PSYoungGen: 169882K->68254K(175104K)] 392323K->294997K(699392K), 0.0080880 secs] [Times: user=0.11 sys=0.00, real=0.01 secs] 
2016-09-25T22:29:34.541-0400: 15.804: [GC (GCLocker Initiated GC) [PSYoungGen: 156318K->71003K(175104K)] 386011K->303637K(699392K), 0.0101066 secs] [Times: user=0.14 sys=0.00, real=0.01 secs] 
2016-09-25T22:29:34.591-0400: 15.854: [GC (GCLocker Initiated GC) [PSYoungGen: 159067K->68222K(175104K)] 391907K->305379K(699392K), 0.0062430 secs] [Times: user=0.09 sys=0.01, real=0.01 secs] 
2016-09-25T22:29:34.633-0400: 15.896: [GC (GCLocker Initiated GC) [PSYoungGen: 156286K->62836K(175104K)] 405707K->312490K(699392K), 0.0054584 secs] [Times: user=0.07 sys=0.00, real=0.01 secs] 
2016-09-25T22:29:34.689-0400: 15.952: [GC (GCLocker Initiated GC) [PSYoungGen: 150900K->50607K(175104K)] 406096K->319580K(699392K), 0.0054684 secs] [Times: user=0.07 sys=0.00, real=0.01 secs] 
2016-09-25T22:29:34.741-0400: 16.004: [GC (GCLocker Initiated GC) [PSYoungGen: 138671K->57308K(175104K)] 411773K->345524K(699392K), 0.0094328 secs] [Times: user=0.13 sys=0.00, real=0.01 secs] 
2016-09-25T22:29:34.796-0400: 16.059: [GC (GCLocker Initiated GC) [PSYoungGen: 145372K->70936K(175104K)] 433832K->379934K(699392K), 0.0089738 secs] [Times: user=0.13 sys=0.00, real=0.01 secs] 
2016-09-25T22:29:34.846-0400: 16.109: [GC (GCLocker Initiated GC) [PSYoungGen: 159000K->57500K(175104K)] 477544K->389819K(699392K), 0.0060246 secs] [Times: user=0.07 sys=0.00, real=0.00 secs] 
2016-09-25T22:29:34.892-0400: 16.154: [GC (GCLocker Initiated GC) [PSYoungGen: 145564K->61454K(175104K)] 491539K->418543K(699392K), 0.0061387 secs] [Times: user=0.09 sys=0.00, real=0.01 secs] 
2016-09-25T22:29:34.939-0400: 16.202: [GC (GCLocker Initiated GC) [PSYoungGen: 149518K->38536K(175104K)] 517422K->428339K(699392K), 0.0068052 secs] [Times: user=0.08 sys=0.00, real=0.01 secs] 
2016-09-25T22:29:34.978-0400: 16.240: [GC (GCLocker Initiated GC) [PSYoungGen: 126600K->71018K(175104K)] 519550K->465517K(699392K), 0.0109152 secs] [Times: user=0.12 sys=0.00, real=0.01 secs] 
2016-09-25T22:29:35.050-0400: 16.313: [GC (GCLocker Initiated GC) [PSYoungGen: 159082K->41175K(175104K)] 571280K->469807K(699392K), 0.0100441 secs] [Times: user=0.08 sys=0.00, real=0.01 secs] 
2016-09-25T22:29:35.118-0400: 16.381: [GC (GCLocker Initiated GC) [PSYoungGen: 129239K->54736K(175104K)] 566083K->510753K(699392K), 0.0063551 secs] [Times: user=0.09 sys=0.00, real=0.01 secs] 
2016-09-25T22:29:35.161-0400: 16.424: [GC (GCLocker Initiated GC) [PSYoungGen: 142800K->66886K(175104K)] 607621K->544114K(699392K), 0.0068415 secs] [Times: user=0.10 sys=0.00, real=0.01 secs] 
2016-09-25T22:29:35.206-0400: 16.469: [GC (GCLocker Initiated GC) [PSYoungGen: 154950K->64186K(175104K)] 633732K->547288K(699392K), 0.0065474 secs] [Times: user=0.09 sys=0.00, real=0.00 secs] 
2016-09-25T22:29:35.280-0400: 16.543: [GC (GCLocker Initiated GC) [PSYoungGen: 152250K->57486K(171008K)] 646212K->553020K(695296K), 0.0119696 secs] [Times: user=0.16 sys=0.00, real=0.01 secs] 
2016-09-25T22:29:35.292-0400: 16.555: [Full GC (Ergonomics) [PSYoungGen: 57486K->0K(171008K)] [ParOldGen: 495534K->102768K(524288K)] 553020K->102768K(695296K), [Metaspace: 43345K->43345K(1085440K)], 0.0634071 secs] [Times: user=0.45 sys=0.00, real=0.07 secs] 
2016-09-25T22:29:35.391-0400: 16.653: [GC (GCLocker Initiated GC) [PSYoungGen: 88064K->64218K(173056K)] 190861K->167016K(697344K), 0.0051324 secs] [Times: user=0.06 sys=0.00, real=0.01 secs] 
2016-09-25T22:29:35.423-0400: 16.686: [GC (GCLocker Initiated GC) [PSYoungGen: 152282K->80354K(172032K)] 255223K->199862K(696320K), 0.0076171 secs] [Times: user=0.11 sys=0.00, real=0.00 secs] 
2016-09-25T22:29:35.485-0400: 16.748: [GC (GCLocker Initiated GC) [PSYoungGen: 168418K->66886K(175104K)] 290660K->202908K(699392K), 0.0104705 secs] [Times: user=0.15 sys=0.00, real=0.01 secs] 
2016-09-25T22:29:35.556-0400: 16.819: [GC (GCLocker Initiated GC) [PSYoungGen: 154950K->69746K(175104K)] 301893K->238528K(699392K), 0.0108712 secs] [Times: user=0.15 sys=0.00, real=0.01 secs] 
2016-09-25T22:29:35.612-0400: 16.875: [GC (GCLocker Initiated GC) [PSYoungGen: 157810K->58818K(146944K)] 334904K->247009K(671232K), 0.0064086 secs] [Times: user=0.08 sys=0.01, real=0.01 secs] 
2016-09-25T22:29:35.653-0400: 16.915: [GC (GCLocker Initiated GC) [PSYoungGen: 146882K->57372K(175104K)] 339311K->263575K(699392K), 0.0064492 secs] [Times: user=0.07 sys=0.00, real=0.01 secs] 
2016-09-25T22:29:35.721-0400: 16.984: [GC (GCLocker Initiated GC) [PSYoungGen: 146460K->47882K(174080K)] 358087K->269174K(698368K), 0.0141053 secs] [Times: user=0.12 sys=0.02, real=0.02 secs] 
2016-09-25T22:29:35.802-0400: 17.065: [GC (GCLocker Initiated GC) [PSYoungGen: 136970K->56189K(174592K)] 358297K->287243K(698880K), 0.0063259 secs] [Times: user=0.09 sys=0.00, real=0.00 secs] 
2016-09-25T22:29:35.842-0400: 17.104: [GC (GCLocker Initiated GC) [PSYoungGen: 147837K->61440K(175616K)] 381684K->298301K(699904K), 0.0127795 secs] [Times: user=0.17 sys=0.01, real=0.02 secs] 
2016-09-25T22:29:35.897-0400: 17.160: [GC (GCLocker Initiated GC) [PSYoungGen: 153088K->50656K(177664K)] 392744K->308112K(701952K), 0.0096467 secs] [Times: user=0.15 sys=0.01, real=0.01 secs] 
2016-09-25T22:29:35.983-0400: 17.245: [GC (GCLocker Initiated GC) [PSYoungGen: 146400K->76457K(172544K)] 413493K->351907K(696832K), 0.0078953 secs] [Times: user=0.12 sys=0.00, real=0.00 secs] 
2016-09-25T22:29:36.043-0400: 17.306: [GC (GCLocker Initiated GC) [PSYoungGen: 172201K->68217K(176640K)] 458697K->354990K(700928K), 0.0057567 secs] [Times: user=0.08 sys=0.00, real=0.00 secs] 
2016-09-25T22:29:36.098-0400: 17.360: [GC (GCLocker Initiated GC) [PSYoungGen: 159353K->54521K(145920K)] 446239K->344372K(670208K), 0.0075252 secs] [Times: user=0.07 sys=0.00, real=0.01 secs] 
2016-09-25T22:29:36.167-0400: 17.430: [GC (GCLocker Initiated GC) [PSYoungGen: 145657K->71027K(174080K)] 438253K->365244K(698368K), 0.0105779 secs] [Times: user=0.10 sys=0.00, real=0.01 secs] 
2016-09-25T22:29:36.249-0400: 17.511: [GC (GCLocker Initiated GC) [PSYoungGen: 160627K->56167K(175616K)] 464427K->381899K(699904K), 0.0065052 secs] [Times: user=0.08 sys=0.01, real=0.01 secs] 
2016-09-25T22:29:36.296-0400: 17.559: [GC (GCLocker Initiated GC) [PSYoungGen: 145767K->68392K(175616K)] 477339K->408436K(699904K), 0.0066586 secs] [Times: user=0.09 sys=0.00, real=0.01 secs] 
2016-09-25T22:29:36.349-0400: 17.612: [GC (GCLocker Initiated GC) [PSYoungGen: 159528K->58962K(150528K)] 510536K->410314K(674816K), 0.0123206 secs] [Times: user=0.11 sys=0.00, real=0.02 secs] 
2016-09-25T22:29:36.447-0400: 17.709: [GC (GCLocker Initiated GC) [PSYoungGen: 150098K->66977K(175616K)] 508043K->426653K(699904K), 0.0129201 secs] [Times: user=0.12 sys=0.00, real=0.01 secs] 
2016-09-25T22:29:36.521-0400: 17.784: [GC (GCLocker Initiated GC) [PSYoungGen: 159649K->56040K(175616K)] 522085K->431002K(699904K), 0.0069499 secs] [Times: user=0.07 sys=0.00, real=0.01 secs] 
2016-09-25T22:29:36.572-0400: 17.835: [GC (GCLocker Initiated GC) [PSYoungGen: 148712K->52188K(178176K)] 526477K->466779K(702464K), 0.0073880 secs] [Times: user=0.11 sys=0.00, real=0.01 secs] 
2016-09-25T22:29:36.632-0400: 17.895: [GC (GCLocker Initiated GC) [PSYoungGen: 148444K->49351K(178176K)] 565741K->481866K(702464K), 0.0087640 secs] [Times: user=0.04 sys=0.00, real=0.01 secs] 
2016-09-25T22:29:36.690-0400: 17.952: [GC (GCLocker Initiated GC) [PSYoungGen: 145607K->77939K(171520K)] 578219K->512336K(695808K), 0.0090246 secs] [Times: user=0.13 sys=0.00, real=0.01 secs] 
2016-09-25T22:29:36.743-0400: 18.006: [GC (GCLocker Initiated GC) [PSYoungGen: 168051K->72492K(162816K)] 602575K->520964K(687104K), 0.0089126 secs] [Times: user=0.12 sys=0.00, real=0.00 secs] 
2016-09-25T22:29:36.802-0400: 18.065: [GC (GCLocker Initiated GC) [PSYoungGen: 162604K->64372K(176128K)] 611165K->524262K(700416K), 0.0068979 secs] [Times: user=0.07 sys=0.01, real=0.01 secs] 
2016-09-25T22:29:36.858-0400: 18.121: [GC (GCLocker Initiated GC) [PSYoungGen: 153460K->72629K(175104K)] 622865K->547947K(699392K), 0.0092113 secs] [Times: user=0.13 sys=0.00, real=0.01 secs] 
2016-09-25T22:29:36.918-0400: 18.181: [GC (GCLocker Initiated GC) [PSYoungGen: 161717K->72461K(175104K)] 637071K->571379K(699392K), 0.0068344 secs] [Times: user=0.09 sys=0.00, real=0.01 secs] 
2016-09-25T22:29:36.925-0400: 18.188: [Full GC (Ergonomics) [PSYoungGen: 72461K->0K(175104K)] [ParOldGen: 498918K->119810K(524288K)] 571379K->119810K(699392K), [Metaspace: 43362K->43362K(1085440K)], 0.0609084 secs] [Times: user=0.39 sys=0.00, real=0.06 secs] 
2016-09-25T22:29:37.026-0400: 18.289: [GC (GCLocker Initiated GC) [PSYoungGen: 88064K->85038K(175104K)] 214727K->214402K(699392K), 0.0146029 secs] [Times: user=0.21 sys=0.00, real=0.01 secs] 
2016-09-25T22:29:37.091-0400: 18.353: [GC (GCLocker Initiated GC) [PSYoungGen: 173102K->75249K(175104K)] 310686K->220411K(699392K), 0.0103409 secs] [Times: user=0.15 sys=0.00, real=0.01 secs] 
2016-09-25T22:29:37.146-0400: 18.409: [GC (GCLocker Initiated GC) [PSYoungGen: 163313K->57604K(175104K)] 308660K->223708K(699392K), 0.0076155 secs] [Times: user=0.10 sys=0.00, real=0.01 secs] 
2016-09-25T22:29:37.206-0400: 18.468: [GC (GCLocker Initiated GC) [PSYoungGen: 145668K->65889K(175104K)] 320314K->265315K(699392K), 0.0089012 secs] [Times: user=0.14 sys=0.00, real=0.01 secs] 
2016-09-25T22:29:37.263-0400: 18.526: [GC (GCLocker Initiated GC) [PSYoungGen: 153953K->56194K(175104K)] 364400K->267194K(699392K), 0.0126016 secs] [Times: user=0.17 sys=0.00, real=0.01 secs] 
2016-09-25T22:29:37.327-0400: 18.590: [GC (GCLocker Initiated GC) [PSYoungGen: 144258K->54899K(175104K)] 366240K->277309K(699392K), 0.0099530 secs] [Times: user=0.06 sys=0.00, real=0.01 secs] 
2016-09-25T22:29:37.386-0400: 18.648: [GC (GCLocker Initiated GC) [PSYoungGen: 142963K->56235K(175104K)] 370885K->285982K(699392K), 0.0103257 secs] [Times: user=0.10 sys=0.00, real=0.01 secs] 
2016-09-25T22:29:37.437-0400: 18.700: [GC (GCLocker Initiated GC) [PSYoungGen: 144299K->46673K(175104K)] 387773K->306720K(699392K), 0.0073359 secs] [Times: user=0.06 sys=0.00, real=0.01 secs] 
2016-09-25T22:29:37.494-0400: 18.757: [GC (GCLocker Initiated GC) [PSYoungGen: 134737K->50797K(175104K)] 400297K->319557K(699392K), 0.0072965 secs] [Times: user=0.05 sys=0.00, real=0.01 secs] 
2016-09-25T22:29:37.552-0400: 18.815: [GC (GCLocker Initiated GC) [PSYoungGen: 138861K->39966K(175104K)] 410897K->336776K(699392K), 0.0069839 secs] [Times: user=0.05 sys=0.00, real=0.01 secs] 
2016-09-25T22:29:37.605-0400: 18.868: [GC (GCLocker Initiated GC) [PSYoungGen: 128030K->67104K(175104K)] 424920K->368500K(699392K), 0.0081540 secs] [Times: user=0.10 sys=0.00, real=0.00 secs] 
2016-09-25T22:29:37.654-0400: 18.917: [GC (GCLocker Initiated GC) [PSYoungGen: 155168K->69827K(175104K)] 456597K->381148K(699392K), 0.0064369 secs] [Times: user=0.07 sys=0.00, real=0.01 secs] 
2016-09-25T22:29:37.708-0400: 18.971: [GC (GCLocker Initiated GC) [PSYoungGen: 157891K->58900K(175104K)] 473003K->378527K(699392K), 0.0094054 secs] [Times: user=0.08 sys=0.00, real=0.01 secs] 
2016-09-25T22:29:37.768-0400: 19.031: [GC (GCLocker Initiated GC) [PSYoungGen: 146964K->64365K(173056K)] 469332K->403407K(697344K), 0.0096265 secs] [Times: user=0.10 sys=0.00, real=0.01 secs] 
2016-09-25T22:29:37.828-0400: 19.091: [GC (GCLocker Initiated GC) [PSYoungGen: 152429K->64374K(174080K)] 494302K->408120K(698368K), 0.0110639 secs] [Times: user=0.09 sys=0.00, real=0.01 secs] 
2016-09-25T22:29:37.893-0400: 19.155: [GC (GCLocker Initiated GC) [PSYoungGen: 152438K->73876K(173056K)] 503042K->432999K(697344K), 0.0068203 secs] [Times: user=0.08 sys=0.00, real=0.01 secs] 
2016-09-25T22:29:37.950-0400: 19.213: [GC (GCLocker Initiated GC) [PSYoungGen: 161940K->49463K(175104K)] 523823K->429440K(699392K), 0.0080414 secs] [Times: user=0.09 sys=0.00, real=0.01 secs] 
2016-09-25T22:29:38.000-0400: 19.263: [GC (GCLocker Initiated GC) [PSYoungGen: 137527K->60199K(169984K)] 520470K->447599K(694272K), 0.0091303 secs] [Times: user=0.07 sys=0.00, real=0.01 secs] 
2016-09-25T22:29:38.056-0400: 19.318: [GC (GCLocker Initiated GC) [PSYoungGen: 148263K->72503K(172544K)] 539433K->464104K(696832K), 0.0128802 secs] [Times: user=0.14 sys=0.00, real=0.01 secs] 
2016-09-25T22:29:38.123-0400: 19.386: [GC (GCLocker Initiated GC) [PSYoungGen: 160567K->41292K(174592K)] 565734K->446916K(698880K), 0.0074386 secs] [Times: user=0.05 sys=0.00, real=0.00 secs] 
2016-09-25T22:29:38.176-0400: 19.439: [GC (GCLocker Initiated GC) [PSYoungGen: 129356K->52133K(140288K)] 536427K->477242K(664576K), 0.0091664 secs] [Times: user=0.11 sys=0.00, real=0.01 secs] 
2016-09-25T22:29:38.238-0400: 19.501: [GC (GCLocker Initiated GC) [PSYoungGen: 140197K->69752K(173568K)] 576174K->514325K(697856K), 0.0094855 secs] [Times: user=0.09 sys=0.00, real=0.01 secs] 
2016-09-25T22:29:38.300-0400: 19.563: [GC (GCLocker Initiated GC) [PSYoungGen: 157304K->38640K(174592K)] 607441K->514956K(698880K), 0.0091666 secs] [Times: user=0.14 sys=0.00, real=0.01 secs] 
2016-09-25T22:29:38.351-0400: 19.613: [GC (GCLocker Initiated GC) [PSYoungGen: 126192K->41339K(175104K)] 610694K->547865K(699392K), 0.0104944 secs] [Times: user=0.12 sys=0.00, real=0.01 secs] 
2016-09-25T22:29:38.361-0400: 19.624: [Full GC (Ergonomics) [PSYoungGen: 41339K->0K(175104K)] [ParOldGen: 506526K->129188K(524288K)] 547865K->129188K(699392K), [Metaspace: 43363K->43363K(1085440K)], 0.0539998 secs] [Times: user=0.35 sys=0.00, real=0.06 secs] 
2016-09-25T22:29:38.465-0400: 19.728: [GC (GCLocker Initiated GC) [PSYoungGen: 88064K->82257K(175104K)] 222738K->216931K(699392K), 0.0147971 secs] [Times: user=0.18 sys=0.00, real=0.01 secs] 
2016-09-25T22:29:38.518-0400: 19.781: [GC (GCLocker Initiated GC) [PSYoungGen: 170321K->76579K(175104K)] 305115K->235180K(699392K), 0.0091589 secs] [Times: user=0.13 sys=0.01, real=0.01 secs] 
2016-09-25T22:29:38.571-0400: 19.834: [GC (GCLocker Initiated GC) [PSYoungGen: 164643K->63109K(175104K)] 326132K->254789K(699392K), 0.0116202 secs] [Times: user=0.14 sys=0.01, real=0.02 secs] 
2016-09-25T22:29:38.639-0400: 19.902: [GC (GCLocker Initiated GC) [PSYoungGen: 151173K->52411K(175104K)] 346975K->274412K(699392K), 0.0060335 secs] [Times: user=0.09 sys=0.00, real=0.01 secs] 
2016-09-25T22:29:38.689-0400: 19.951: [GC (GCLocker Initiated GC) [PSYoungGen: 140475K->73921K(175104K)] 362660K->298103K(699392K), 0.0083827 secs] [Times: user=0.13 sys=0.00, real=0.01 secs] 
2016-09-25T22:29:38.743-0400: 20.006: [GC (GCLocker Initiated GC) [PSYoungGen: 161985K->75363K(175104K)] 386338K->320503K(699392K), 0.0101330 secs] [Times: user=0.08 sys=0.01, real=0.00 secs] 
2016-09-25T22:29:38.801-0400: 20.064: [GC (GCLocker Initiated GC) [PSYoungGen: 163427K->62001K(175104K)] 413996K->321271K(699392K), 0.0066085 secs] [Times: user=0.07 sys=0.01, real=0.01 secs] 
2016-09-25T22:29:38.862-0400: 20.125: [GC (GCLocker Initiated GC) [PSYoungGen: 150065K->49564K(175104K)] 416126K->325798K(699392K), 0.0089853 secs] [Times: user=0.08 sys=0.00, real=0.01 secs] 
2016-09-25T22:29:38.923-0400: 20.186: [GC (GCLocker Initiated GC) [PSYoungGen: 137628K->48285K(175104K)] 423392K->341238K(699392K), 0.0072834 secs] [Times: user=0.05 sys=0.00, real=0.00 secs] 
2016-09-25T22:29:38.980-0400: 20.243: [GC (GCLocker Initiated GC) [PSYoungGen: 136349K->78090K(175104K)] 431053K->374787K(699392K), 0.0070397 secs] [Times: user=0.08 sys=0.00, real=0.01 secs] 
2016-09-25T22:29:39.047-0400: 20.310: [GC (GCLocker Initiated GC) [PSYoungGen: 166154K->48312K(175104K)] 472471K->379570K(699392K), 0.0063738 secs] [Times: user=0.08 sys=0.01, real=0.00 secs] 
2016-09-25T22:29:39.105-0400: 20.368: [GC (GCLocker Initiated GC) [PSYoungGen: 136376K->57797K(175104K)] 478561K->401890K(699392K), 0.0080042 secs] [Times: user=0.09 sys=0.00, real=0.00 secs] 
2016-09-25T22:29:39.171-0400: 20.433: [GC (GCLocker Initiated GC) [PSYoungGen: 145861K->46602K(175104K)] 494335K->397010K(699392K), 0.0081716 secs] [Times: user=0.07 sys=0.01, real=0.01 secs] 
2016-09-25T22:29:39.224-0400: 20.487: [GC (GCLocker Initiated GC) [PSYoungGen: 134666K->64608K(175104K)] 488628K->440681K(699392K), 0.0088643 secs] [Times: user=0.10 sys=0.01, real=0.00 secs] 
2016-09-25T22:29:39.266-0400: 20.529: [GC (GCLocker Initiated GC) [PSYoungGen: 152672K->79319K(175104K)] 532917K->471002K(699392K), 0.0132331 secs] [Times: user=0.16 sys=0.01, real=0.01 secs] 
2016-09-25T22:29:39.332-0400: 20.594: [GC (GCLocker Initiated GC) [PSYoungGen: 167383K->71189K(175104K)] 561847K->486522K(699392K), 0.0069190 secs] [Times: user=0.10 sys=0.00, real=0.01 secs] 
2016-09-25T22:29:39.394-0400: 20.656: [GC (GCLocker Initiated GC) [PSYoungGen: 159253K->67244K(175104K)] 580413K->498363K(699392K), 0.0062268 secs] [Times: user=0.08 sys=0.00, real=0.01 secs] 
2016-09-25T22:29:39.453-0400: 20.715: [GC (GCLocker Initiated GC) [PSYoungGen: 155308K->56338K(175104K)] 593288K->524745K(699392K), 0.0071283 secs] [Times: user=0.09 sys=0.00, real=0.01 secs] 
2016-09-25T22:29:39.505-0400: 20.767: [GC (GCLocker Initiated GC) [PSYoungGen: 144402K->84800K(175104K)] 612911K->580857K(699392K), 0.0121713 secs] [Times: user=0.17 sys=0.00, real=0.01 secs] 
2016-09-25T22:29:39.517-0400: 20.780: [Full GC (Ergonomics) [PSYoungGen: 84800K->0K(175104K)] [ParOldGen: 496056K->137776K(524288K)] 580857K->137776K(699392K), [Metaspace: 43372K->43372K(1085440K)], 0.0573699 secs] [Times: user=0.43 sys=0.01, real=0.06 secs] 
2016-09-25T22:29:39.624-0400: 20.887: [GC (GCLocker Initiated GC) [PSYoungGen: 88064K->82698K(175104K)] 228599K->223233K(699392K), 0.0085895 secs] [Times: user=0.11 sys=0.02, real=0.00 secs] 
2016-09-25T22:29:39.676-0400: 20.939: [GC (GCLocker Initiated GC) [PSYoungGen: 170762K->69961K(175104K)] 314238K->228143K(699392K), 0.0090543 secs] [Times: user=0.11 sys=0.01, real=0.01 secs] 
2016-09-25T22:29:39.730-0400: 20.993: [GC (GCLocker Initiated GC) [PSYoungGen: 158025K->72828K(175104K)] 316291K->238494K(699392K), 0.0074660 secs] [Times: user=0.09 sys=0.01, real=0.01 secs] 
2016-09-25T22:29:39.785-0400: 21.048: [GC (GCLocker Initiated GC) [PSYoungGen: 160892K->64650K(175104K)] 326746K->244769K(699392K), 0.0096053 secs] [Times: user=0.13 sys=0.01, real=0.01 secs] 
2016-09-25T22:29:39.836-0400: 21.098: [GC (GCLocker Initiated GC) [PSYoungGen: 152714K->86169K(175104K)] 333036K->280679K(699392K), 0.0135651 secs] [Times: user=0.19 sys=0.00, real=0.01 secs] 
2016-09-25T22:29:39.911-0400: 21.174: [GC (GCLocker Initiated GC) [PSYoungGen: 174233K->56590K(175104K)] 375555K->258479K(699392K), 0.0124763 secs] [Times: user=0.16 sys=0.00, real=0.02 secs] 
2016-09-25T22:29:39.966-0400: 21.229: [GC (GCLocker Initiated GC) [PSYoungGen: 144654K->60374K(175104K)] 346608K->281948K(699392K), 0.0063935 secs] [Times: user=0.09 sys=0.00, real=0.00 secs] 
2016-09-25T22:29:40.010-0400: 21.272: [GC (GCLocker Initiated GC) [PSYoungGen: 148438K->84751K(175104K)] 370105K->324446K(699392K), 0.0086879 secs] [Times: user=0.08 sys=0.00, real=0.01 secs] 
2016-09-25T22:29:40.063-0400: 21.325: [GC (Allocation Failure) [PSYoungGen: 172815K->48418K(175104K)] 415249K->311685K(699392K), 0.0238893 secs] [Times: user=0.30 sys=0.00, real=0.02 secs] 
2016-09-25T22:29:40.088-0400: 21.351: [GC (GCLocker Initiated GC) [PSYoungGen: 48502K->224K(175104K)] 311769K->335837K(699392K), 0.0101327 secs] [Times: user=0.10 sys=0.00, real=0.01 secs] 
2016-09-25T22:29:40.165-0400: 21.428: [GC (GCLocker Initiated GC) [PSYoungGen: 88288K->69168K(175104K)] 423906K->404803K(699392K), 0.0115764 secs] [Times: user=0.15 sys=0.00, real=0.01 secs] 
2016-09-25T22:29:40.216-0400: 21.478: [GC (GCLocker Initiated GC) [PSYoungGen: 157232K->84981K(175104K)] 495652K->427289K(699392K), 0.0104712 secs] [Times: user=0.07 sys=0.00, real=0.01 secs] 
2016-09-25T22:29:40.265-0400: 21.527: [GC (GCLocker Initiated GC) [PSYoungGen: 173045K->82218K(175104K)] 518255K->455372K(699392K), 0.0123640 secs] [Times: user=0.15 sys=0.01, real=0.01 secs] 
2016-09-25T22:29:40.352-0400: 21.615: [GC (GCLocker Initiated GC) [PSYoungGen: 170282K->61803K(175104K)] 554307K->449153K(699392K), 0.0195526 secs] [Times: user=0.21 sys=0.00, real=0.02 secs] 
2016-09-25T22:29:40.428-0400: 21.690: [GC (GCLocker Initiated GC) [PSYoungGen: 149867K->65933K(175104K)] 546843K->464976K(699392K), 0.0082338 secs] [Times: user=0.12 sys=0.00, real=0.01 secs] 
2016-09-25T22:29:40.491-0400: 21.754: [GC (GCLocker Initiated GC) [PSYoungGen: 153997K->50895K(175104K)] 561261K->468230K(699392K), 0.0105245 secs] [Times: user=0.10 sys=0.00, real=0.01 secs] 
2016-09-25T22:29:40.587-0400: 21.849: [GC (GCLocker Initiated GC) [PSYoungGen: 138959K->37701K(175104K)] 572547K->482666K(699392K), 0.0128009 secs] [Times: user=0.07 sys=0.01, real=0.01 secs] 
2016-09-25T22:29:40.648-0400: 21.911: [GC (GCLocker Initiated GC) [PSYoungGen: 125765K->61755K(175104K)] 575597K->512438K(699392K), 0.0091934 secs] [Times: user=0.08 sys=0.00, real=0.01 secs] 
2016-09-25T22:29:40.703-0400: 21.966: [GC (GCLocker Initiated GC) [PSYoungGen: 149819K->62869K(175104K)] 600937K->522708K(699392K), 0.0147386 secs] [Times: user=0.13 sys=0.00, real=0.01 secs] 
2016-09-25T22:29:40.794-0400: 22.056: [GC (GCLocker Initiated GC) [PSYoungGen: 150933K->40096K(175104K)] 617671K->518107K(699392K), 0.0132306 secs] [Times: user=0.09 sys=0.01, real=0.02 secs] 
2016-09-25T22:29:40.867-0400: 22.130: [Full GC (Ergonomics) [PSYoungGen: 128160K->0K(175104K)] [ParOldGen: 492963K->143063K(524288K)] 621124K->143063K(699392K), [Metaspace: 43373K->43373K(1085440K)], 0.0675903 secs] [Times: user=0.40 sys=0.01, real=0.07 secs] 
2016-09-25T22:29:41.013-0400: 22.276: [GC (GCLocker Initiated GC) [PSYoungGen: 88064K->73391K(175104K)] 236670K->221998K(699392K), 0.0103957 secs] [Times: user=0.14 sys=0.00, real=0.02 secs] 
2016-09-25T22:29:41.075-0400: 22.337: [GC (GCLocker Initiated GC) [PSYoungGen: 161455K->52334K(175104K)] 322428K->217296K(699392K), 0.0117619 secs] [Times: user=0.10 sys=0.01, real=0.01 secs] 
2016-09-25T22:29:41.134-0400: 22.397: [GC (GCLocker Initiated GC) [PSYoungGen: 140398K->59112K(175104K)] 316403K->257495K(699392K), 0.0112041 secs] [Times: user=0.12 sys=0.00, real=0.02 secs] 
2016-09-25T22:29:41.217-0400: 22.480: [GC (GCLocker Initiated GC) [PSYoungGen: 147176K->71422K(175104K)] 348487K->276023K(699392K), 0.0099423 secs] [Times: user=0.12 sys=0.01, real=0.01 secs] 
2016-09-25T22:29:41.284-0400: 22.547: [GC (GCLocker Initiated GC) [PSYoungGen: 159486K->68628K(175104K)] 366915K->278060K(699392K), 0.0063615 secs] [Times: user=0.09 sys=0.00, real=0.00 secs] 
2016-09-25T22:29:41.334-0400: 22.597: [GC (GCLocker Initiated GC) [PSYoungGen: 156692K->50798K(175104K)] 368896K->270360K(699392K), 0.0132333 secs] [Times: user=0.14 sys=0.00, real=0.02 secs] 
2016-09-25T22:29:41.403-0400: 22.666: [GC (GCLocker Initiated GC) [PSYoungGen: 138862K->45581K(175104K)] 359875K->279215K(699392K), 0.0109487 secs] [Times: user=0.07 sys=0.01, real=0.00 secs] 
2016-09-25T22:29:41.470-0400: 22.733: [GC (GCLocker Initiated GC) [PSYoungGen: 133645K->64415K(175104K)] 367351K->300182K(699392K), 0.0148055 secs] [Times: user=0.14 sys=0.00, real=0.02 secs] 
2016-09-25T22:29:41.531-0400: 22.793: [GC (GCLocker Initiated GC) [PSYoungGen: 152479K->50770K(175104K)] 394354K->294543K(699392K), 0.0066055 secs] [Times: user=0.05 sys=0.01, real=0.01 secs] 
2016-09-25T22:29:41.578-0400: 22.840: [GC (GCLocker Initiated GC) [PSYoungGen: 138834K->62948K(175104K)] 382655K->313995K(699392K), 0.0071843 secs] [Times: user=0.06 sys=0.00, real=0.01 secs] 
2016-09-25T22:29:41.630-0400: 22.893: [GC (GCLocker Initiated GC) [PSYoungGen: 151012K->46839K(174080K)] 410229K->322647K(698368K), 0.0069170 secs] [Times: user=0.07 sys=0.01, real=0.01 secs] 
2016-09-25T22:29:41.689-0400: 22.952: [GC (GCLocker Initiated GC) [PSYoungGen: 134903K->80523K(174592K)] 413455K->360963K(698880K), 0.0144024 secs] [Times: user=0.16 sys=0.01, real=0.02 secs] 
2016-09-25T22:29:41.757-0400: 23.019: [GC (GCLocker Initiated GC) [PSYoungGen: 168587K->42773K(175104K)] 454494K->358793K(699392K), 0.0136640 secs] [Times: user=0.14 sys=0.00, real=0.01 secs] 
2016-09-25T22:29:41.814-0400: 23.077: [GC (GCLocker Initiated GC) [PSYoungGen: 130837K->69897K(175104K)] 446953K->389252K(699392K), 0.0140749 secs] [Times: user=0.17 sys=0.00, real=0.01 secs] 
2016-09-25T22:29:41.875-0400: 23.138: [GC (GCLocker Initiated GC) [PSYoungGen: 157961K->54850K(175104K)] 482836K->414018K(699392K), 0.0086401 secs] [Times: user=0.09 sys=0.00, real=0.01 secs] 
2016-09-25T22:29:41.939-0400: 23.201: [GC (GCLocker Initiated GC) [PSYoungGen: 142914K->68235K(175104K)] 502099K->441374K(699392K), 0.0180897 secs] [Times: user=0.20 sys=0.01, real=0.02 secs] 
2016-09-25T22:29:42.003-0400: 23.266: [GC (GCLocker Initiated GC) [PSYoungGen: 156299K->65700K(175104K)] 535631K->445432K(699392K), 0.0088051 secs] [Times: user=0.10 sys=0.00, real=0.00 secs] 
2016-09-25T22:29:42.067-0400: 23.330: [GC (GCLocker Initiated GC) [PSYoungGen: 153764K->62880K(175104K)] 533537K->454066K(699392K), 0.0084063 secs] [Times: user=0.12 sys=0.00, real=0.01 secs] 
2016-09-25T22:29:42.125-0400: 23.388: [GC (GCLocker Initiated GC) [PSYoungGen: 150944K->57714K(172032K)] 544921K->479056K(696320K), 0.0066324 secs] [Times: user=0.10 sys=0.00, real=0.00 secs] 
2016-09-25T22:29:42.177-0400: 23.440: [GC (GCLocker Initiated GC) [PSYoungGen: 145778K->81947K(173568K)] 567163K->520151K(697856K), 0.0122069 secs] [Times: user=0.19 sys=0.00, real=0.01 secs] 
2016-09-25T22:29:42.250-0400: 23.512: [GC (GCLocker Initiated GC) [PSYoungGen: 170011K->41261K(175104K)] 611032K->489435K(699392K), 0.0097110 secs] [Times: user=0.08 sys=0.00, real=0.01 secs] 
2016-09-25T22:29:42.310-0400: 23.572: [GC (GCLocker Initiated GC) [PSYoungGen: 129325K->72511K(175104K)] 580395K->528129K(699392K), 0.0092822 secs] [Times: user=0.11 sys=0.00, real=0.01 secs] 
2016-09-25T22:29:42.380-0400: 23.642: [GC (GCLocker Initiated GC) [PSYoungGen: 160575K->31721K(175104K)] 616205K->516165K(699392K), 0.0221199 secs] [Times: user=0.31 sys=0.00, real=0.02 secs] 
2016-09-25T22:29:42.444-0400: 23.707: [Full GC (Ergonomics) [PSYoungGen: 119785K->0K(175104K)] [ParOldGen: 487257K->153036K(524288K)] 607042K->153036K(699392K), [Metaspace: 43383K->43383K(1085440K)], 0.0502462 secs] [Times: user=0.47 sys=0.01, real=0.05 secs] 
2016-09-25T22:29:42.552-0400: 23.815: [GC (GCLocker Initiated GC) [PSYoungGen: 88064K->67502K(175104K)] 250788K->230227K(699392K), 0.0056147 secs] [Times: user=0.07 sys=0.00, real=0.01 secs] 
2016-09-25T22:29:42.607-0400: 23.870: [GC (GCLocker Initiated GC) [PSYoungGen: 155566K->68364K(175104K)] 321080K->252332K(699392K), 0.0084935 secs] [Times: user=0.13 sys=0.00, real=0.01 secs] 
2016-09-25T22:29:42.664-0400: 23.927: [GC (GCLocker Initiated GC) [PSYoungGen: 156428K->69941K(175104K)] 351334K->294955K(699392K), 0.0087212 secs] [Times: user=0.15 sys=0.00, real=0.00 secs] 
2016-09-25T22:29:42.727-0400: 23.990: [GC (GCLocker Initiated GC) [PSYoungGen: 158005K->75142K(175104K)] 385972K->325272K(699392K), 0.0065657 secs] [Times: user=0.09 sys=0.00, real=0.00 secs] 
2016-09-25T22:29:42.777-0400: 24.040: [GC (GCLocker Initiated GC) [PSYoungGen: 163206K->73991K(175104K)] 424272K->346261K(699392K), 0.0088157 secs] [Times: user=0.14 sys=0.00, real=0.01 secs] 
2016-09-25T22:29:42.836-0400: 24.099: [GC (GCLocker Initiated GC) [PSYoungGen: 162055K->68492K(175104K)] 441144K->348160K(699392K), 0.0068725 secs] [Times: user=0.08 sys=0.01, real=0.01 secs] 
2016-09-25T22:29:42.905-0400: 24.167: [GC (GCLocker Initiated GC) [PSYoungGen: 156556K->64247K(175104K)] 441751K->352631K(699392K), 0.0174497 secs] [Times: user=0.22 sys=0.00, real=0.02 secs] 
2016-09-25T22:29:42.966-0400: 24.229: [GC (GCLocker Initiated GC) [PSYoungGen: 152311K->35980K(175104K)] 444763K->363937K(699392K), 0.0074706 secs] [Times: user=0.10 sys=0.00, real=0.00 secs] 
2016-09-25T22:29:43.019-0400: 24.282: [GC (GCLocker Initiated GC) [PSYoungGen: 124044K->58689K(175104K)] 457653K->394123K(699392K), 0.0094855 secs] [Times: user=0.07 sys=0.00, real=0.01 secs] 
2016-09-25T22:29:43.080-0400: 24.343: [GC (GCLocker Initiated GC) [PSYoungGen: 146753K->67213K(175104K)] 490800K->419750K(699392K), 0.0100488 secs] [Times: user=0.14 sys=0.00, real=0.01 secs] 
2016-09-25T22:29:43.152-0400: 24.415: [GC (GCLocker Initiated GC) [PSYoungGen: 155277K->33130K(175104K)] 510948K->390633K(699392K), 0.0159477 secs] [Times: user=0.19 sys=0.00, real=0.02 secs] 
2016-09-25T22:29:43.207-0400: 24.470: [GC (GCLocker Initiated GC) [PSYoungGen: 121194K->64424K(175104K)] 478763K->433195K(699392K), 0.0058419 secs] [Times: user=0.08 sys=0.00, real=0.00 secs] 
2016-09-25T22:29:43.257-0400: 24.520: [GC (GCLocker Initiated GC) [PSYoungGen: 152488K->75189K(175104K)] 521381K->460808K(699392K), 0.0107734 secs] [Times: user=0.15 sys=0.01, real=0.01 secs] 
2016-09-25T22:29:43.319-0400: 24.582: [GC (GCLocker Initiated GC) [PSYoungGen: 163253K->61787K(175104K)] 557016K->487035K(699392K), 0.0074469 secs] [Times: user=0.08 sys=0.00, real=0.01 secs] 
2016-09-25T22:29:43.373-0400: 24.636: [GC (GCLocker Initiated GC) [PSYoungGen: 149851K->73794K(175104K)] 575158K->514395K(699392K), 0.0070322 secs] [Times: user=0.09 sys=0.00, real=0.01 secs] 
2016-09-25T22:29:43.424-0400: 24.687: [GC (GCLocker Initiated GC) [PSYoungGen: 161858K->84692K(175104K)] 605253K->533893K(699392K), 0.0067106 secs] [Times: user=0.09 sys=0.00, real=0.00 secs] 
2016-09-25T22:29:43.479-0400: 24.741: [GC (GCLocker Initiated GC) [PSYoungGen: 172756K->49498K(175104K)] 630118K->530294K(699392K), 0.0172946 secs] [Times: user=0.24 sys=0.00, real=0.02 secs] 
2016-09-25T22:29:43.550-0400: 24.813: [Full GC (Ergonomics) [PSYoungGen: 137562K->0K(175104K)] [ParOldGen: 489004K->159427K(524288K)] 626566K->159427K(699392K), [Metaspace: 43385K->43385K(1085440K)], 0.0550114 secs] [Times: user=0.34 sys=0.01, real=0.06 secs] 
2016-09-25T22:29:43.656-0400: 24.919: [GC (GCLocker Initiated GC) [PSYoungGen: 88064K->74111K(175104K)] 255623K->241670K(699392K), 0.0109052 secs] [Times: user=0.16 sys=0.00, real=0.01 secs] 
2016-09-25T22:29:43.714-0400: 24.977: [GC (GCLocker Initiated GC) [PSYoungGen: 162175K->72551K(175104K)] 343392K->258556K(699392K), 0.0086631 secs] [Times: user=0.13 sys=0.00, real=0.02 secs] 
2016-09-25T22:29:43.771-0400: 25.034: [GC (GCLocker Initiated GC) [PSYoungGen: 160615K->60345K(175104K)] 352625K->279851K(699392K), 0.0084272 secs] [Times: user=0.12 sys=0.01, real=0.01 secs] 
2016-09-25T22:29:43.823-0400: 25.085: [GC (GCLocker Initiated GC) [PSYoungGen: 148409K->45497K(175104K)] 380260K->302113K(699392K), 0.0067955 secs] [Times: user=0.06 sys=0.00, real=0.00 secs] 
2016-09-25T22:29:43.879-0400: 25.142: [GC (GCLocker Initiated GC) [PSYoungGen: 133561K->56244K(175104K)] 396955K->333589K(699392K), 0.0069540 secs] [Times: user=0.09 sys=0.00, real=0.01 secs] 
2016-09-25T22:29:44.855-0400: 26.117: [GC (GCLocker Initiated GC) [PSYoungGen: 144308K->41542K(175104K)] 442119K->347863K(699392K), 0.0255540 secs] [Times: user=0.30 sys=0.00, real=0.02 secs] 
2016-09-25T22:29:44.959-0400: 26.221: [GC (GCLocker Initiated GC) [PSYoungGen: 129606K->61664K(175104K)] 449535K->386196K(699392K), 0.0070253 secs] [Times: user=0.06 sys=0.00, real=0.01 secs] 
2016-09-25T22:29:45.011-0400: 26.273: [GC (GCLocker Initiated GC) [PSYoungGen: 149728K->67111K(175104K)] 474319K->408344K(699392K), 0.0099385 secs] [Times: user=0.11 sys=0.00, real=0.01 secs] 
2016-09-25T22:29:45.061-0400: 26.324: [GC (GCLocker Initiated GC) [PSYoungGen: 155175K->64439K(175104K)] 501893K->433250K(699392K), 0.0073771 secs] [Times: user=0.11 sys=0.00, real=0.01 secs] 
2016-09-25T22:29:45.125-0400: 26.388: [GC (GCLocker Initiated GC) [PSYoungGen: 152503K->68550K(175104K)] 524268K->452934K(699392K), 0.0111895 secs] [Times: user=0.12 sys=0.00, real=0.01 secs] 
2016-09-25T22:29:45.212-0400: 26.475: [GC (GCLocker Initiated GC) [PSYoungGen: 156614K->61685K(173056K)] 541053K->462846K(697344K), 0.0099751 secs] [Times: user=0.10 sys=0.00, real=0.01 secs] 
2016-09-25T22:29:45.260-0400: 26.523: [GC (GCLocker Initiated GC) [PSYoungGen: 149749K->40004K(174080K)] 555022K->452478K(698368K), 0.0075322 secs] [Times: user=0.06 sys=0.00, real=0.01 secs] 
2016-09-25T22:29:45.292-0400: 26.555: [GC (GCLocker Initiated GC) [PSYoungGen: 128068K->77968K(175104K)] 540783K->497959K(699392K), 0.0168928 secs] [Times: user=0.19 sys=0.00, real=0.02 secs] 
2016-09-25T22:29:45.375-0400: 26.637: [GC (GCLocker Initiated GC) [PSYoungGen: 166031K->61592K(175104K)] 594360K->493103K(699392K), 0.0142939 secs] [Times: user=0.10 sys=0.01, real=0.01 secs] 
2016-09-25T22:29:45.450-0400: 26.713: [GC (GCLocker Initiated GC) [PSYoungGen: 149656K->68307K(175104K)] 585230K->507086K(699392K), 0.0246186 secs] [Times: user=0.30 sys=0.00, real=0.03 secs] 
2016-09-25T22:29:45.517-0400: 26.780: [GC (GCLocker Initiated GC) [PSYoungGen: 156371K->64093K(152576K)] 595255K->508753K(676864K), 0.0089351 secs] [Times: user=0.07 sys=0.00, real=0.01 secs] 
2016-09-25T22:29:45.590-0400: 26.852: [GC (GCLocker Initiated GC) [PSYoungGen: 152157K->64376K(176128K)] 596884K->527064K(700416K), 0.0149327 secs] [Times: user=0.16 sys=0.00, real=0.02 secs] 
2016-09-25T22:29:45.663-0400: 26.926: [GC (GCLocker Initiated GC) [PSYoungGen: 153976K->60410K(150016K)] 619445K->560108K(674304K), 0.0117815 secs] [Times: user=0.15 sys=0.00, real=0.01 secs] 
2016-09-25T22:29:45.675-0400: 26.938: [Full GC (Ergonomics) [PSYoungGen: 60410K->0K(150016K)] [ParOldGen: 499697K->173912K(524288K)] 560108K->173912K(674304K), [Metaspace: 43402K->43402K(1085440K)], 0.0488871 secs] [Times: user=0.40 sys=0.00, real=0.05 secs] 
2016-09-25T22:29:45.789-0400: 27.052: [GC (GCLocker Initiated GC) [PSYoungGen: 89600K->76840K(169984K)] 266322K->253563K(694272K), 0.0118153 secs] [Times: user=0.16 sys=0.01, real=0.01 secs] 
2016-09-25T22:29:45.874-0400: 27.136: [GC (GCLocker Initiated GC) [PSYoungGen: 163880K->42811K(173568K)] 340761K->262318K(697856K), 0.0082704 secs] [Times: user=0.07 sys=0.00, real=0.01 secs] 
2016-09-25T22:29:45.926-0400: 27.189: [GC (GCLocker Initiated GC) [PSYoungGen: 129851K->30454K(175104K)] 357535K->268009K(699392K), 0.0069272 secs] [Times: user=0.04 sys=0.00, real=0.00 secs] 
2016-09-25T22:29:45.988-0400: 27.251: [GC (GCLocker Initiated GC) [PSYoungGen: 118518K->38776K(175104K)] 365701K->305429K(699392K), 0.0094749 secs] [Times: user=0.11 sys=0.00, real=0.01 secs] 
2016-09-25T22:29:46.056-0400: 27.319: [GC (GCLocker Initiated GC) [PSYoungGen: 126840K->75136K(175104K)] 396355K->345124K(699392K), 0.0196464 secs] [Times: user=0.23 sys=0.00, real=0.02 secs] 
2016-09-25T22:29:46.128-0400: 27.391: [GC (GCLocker Initiated GC) [PSYoungGen: 163200K->50967K(175104K)] 445508K->351199K(699392K), 0.0058748 secs] [Times: user=0.07 sys=0.00, real=0.00 secs] 
2016-09-25T22:29:46.176-0400: 27.438: [GC (GCLocker Initiated GC) [PSYoungGen: 139031K->84664K(175104K)] 442081K->388235K(699392K), 0.0071395 secs] [Times: user=0.09 sys=0.00, real=0.01 secs] 
2016-09-25T22:29:46.242-0400: 27.505: [GC (GCLocker Initiated GC) [PSYoungGen: 172728K->48088K(175104K)] 479085K->358915K(699392K), 0.0177796 secs] [Times: user=0.17 sys=0.00, real=0.01 secs] 
2016-09-25T22:29:46.326-0400: 27.588: [GC (GCLocker Initiated GC) [PSYoungGen: 136152K->49485K(175104K)] 452554K->397383K(699392K), 0.0095195 secs] [Times: user=0.08 sys=0.00, real=0.01 secs] 
2016-09-25T22:29:46.378-0400: 27.641: [GC (GCLocker Initiated GC) [PSYoungGen: 137549K->56261K(175104K)] 485499K->411422K(699392K), 0.0082858 secs] [Times: user=0.10 sys=0.01, real=0.01 secs] 
2016-09-25T22:29:46.429-0400: 27.692: [GC (GCLocker Initiated GC) [PSYoungGen: 144325K->69895K(175104K)] 510456K->437847K(699392K), 0.0105010 secs] [Times: user=0.16 sys=0.00, real=0.01 secs] 
2016-09-25T22:29:46.510-0400: 27.773: [GC (Allocation Failure) [PSYoungGen: 157959K->73915K(175104K)] 528721K->445218K(699392K), 0.0096453 secs] [Times: user=0.15 sys=0.01, real=0.01 secs] 
2016-09-25T22:29:46.579-0400: 27.842: [GC (GCLocker Initiated GC) [PSYoungGen: 161471K->61628K(175104K)] 534124K->456432K(699392K), 0.0070569 secs] [Times: user=0.10 sys=0.00, real=0.01 secs] 
2016-09-25T22:29:46.622-0400: 27.885: [GC (GCLocker Initiated GC) [PSYoungGen: 149692K->58971K(175104K)] 547276K->466387K(699392K), 0.0071366 secs] [Times: user=0.07 sys=0.00, real=0.00 secs] 
2016-09-25T22:29:46.677-0400: 27.940: [GC (GCLocker Initiated GC) [PSYoungGen: 147035K->50791K(175104K)] 560025K->472326K(699392K), 0.0058035 secs] [Times: user=0.04 sys=0.01, real=0.01 secs] 
2016-09-25T22:29:46.729-0400: 27.992: [GC (GCLocker Initiated GC) [PSYoungGen: 138855K->60366K(148480K)] 568570K->512170K(672768K), 0.0101471 secs] [Times: user=0.08 sys=0.01, real=0.01 secs] 
2016-09-25T22:29:46.792-0400: 28.055: [GC (GCLocker Initiated GC) [PSYoungGen: 148430K->67145K(172544K)] 603002K->547957K(696832K), 0.0099124 secs] [Times: user=0.10 sys=0.02, real=0.02 secs] 
2016-09-25T22:29:46.857-0400: 28.119: [Full GC (Ergonomics) [PSYoungGen: 154697K->0K(172544K)] [ParOldGen: 493099K->180298K(524288K)] 647797K->180298K(696832K), [Metaspace: 43408K->43408K(1085440K)], 0.0643557 secs] [Times: user=0.46 sys=0.01, real=0.06 secs] 
2016-09-25T22:29:46.976-0400: 28.238: [GC (GCLocker Initiated GC) [PSYoungGen: 87552K->80981K(173056K)] 276128K->269558K(697344K), 0.0096437 secs] [Times: user=0.11 sys=0.02, real=0.01 secs] 
2016-09-25T22:29:47.046-0400: 28.309: [GC (GCLocker Initiated GC) [PSYoungGen: 168533K->67066K(175104K)] 357179K->268693K(699392K), 0.0113330 secs] [Times: user=0.13 sys=0.00, real=0.01 secs] 
2016-09-25T22:29:47.101-0400: 28.364: [GC (GCLocker Initiated GC) [PSYoungGen: 155130K->63122K(175104K)] 359581K->269298K(699392K), 0.0085556 secs] [Times: user=0.10 sys=0.01, real=0.01 secs] 
2016-09-25T22:29:47.165-0400: 28.427: [GC (GCLocker Initiated GC) [PSYoungGen: 151186K->72497K(175104K)] 362940K->290189K(699392K), 0.0080498 secs] [Times: user=0.08 sys=0.00, real=0.00 secs] 
2016-09-25T22:29:47.219-0400: 28.481: [GC (GCLocker Initiated GC) [PSYoungGen: 160561K->76656K(175104K)] 382622K->304585K(699392K), 0.0087324 secs] [Times: user=0.12 sys=0.00, real=0.01 secs] 
2016-09-25T22:29:47.284-0400: 28.547: [GC (GCLocker Initiated GC) [PSYoungGen: 164720K->53538K(175104K)] 396735K->303663K(699392K), 0.0076277 secs] [Times: user=0.08 sys=0.00, real=0.00 secs] 
2016-09-25T22:29:47.334-0400: 28.597: [GC (GCLocker Initiated GC) [PSYoungGen: 141602K->56207K(175104K)] 397177K->312130K(699392K), 0.0055080 secs] [Times: user=0.05 sys=0.00, real=0.00 secs] 
2016-09-25T22:29:47.385-0400: 28.648: [GC (GCLocker Initiated GC) [PSYoungGen: 144271K->77892K(175104K)] 403970K->342122K(699392K), 0.0080678 secs] [Times: user=0.08 sys=0.00, real=0.00 secs] 
2016-09-25T22:29:47.451-0400: 28.713: [GC (GCLocker Initiated GC) [PSYoungGen: 165956K->37246K(175104K)] 446612K->329139K(699392K), 0.0059672 secs] [Times: user=0.04 sys=0.00, real=0.01 secs] 
2016-09-25T22:29:47.505-0400: 28.768: [GC (GCLocker Initiated GC) [PSYoungGen: 125310K->35861K(175104K)] 421377K->333786K(699392K), 0.0061623 secs] [Times: user=0.04 sys=0.00, real=0.00 secs] 
2016-09-25T22:29:47.554-0400: 28.817: [GC (GCLocker Initiated GC) [PSYoungGen: 123925K->79347K(175104K)] 427480K->383328K(699392K), 0.0094867 secs] [Times: user=0.10 sys=0.00, real=0.02 secs] 
2016-09-25T22:29:47.616-0400: 28.878: [GC (GCLocker Initiated GC) [PSYoungGen: 167411K->67078K(175104K)] 476857K->397281K(699392K), 0.0072306 secs] [Times: user=0.08 sys=0.00, real=0.01 secs] 
2016-09-25T22:29:47.680-0400: 28.943: [GC (GCLocker Initiated GC) [PSYoungGen: 155142K->54921K(175104K)] 493574K->411383K(699392K), 0.0110916 secs] [Times: user=0.15 sys=0.01, real=0.01 secs] 
2016-09-25T22:29:47.739-0400: 29.002: [GC (GCLocker Initiated GC) [PSYoungGen: 142985K->83461K(175104K)] 499570K->454043K(699392K), 0.0178095 secs] [Times: user=0.23 sys=0.00, real=0.02 secs] 
2016-09-25T22:29:47.809-0400: 29.071: [GC (GCLocker Initiated GC) [PSYoungGen: 171525K->56137K(175104K)] 547667K->434171K(699392K), 0.0075173 secs] [Times: user=0.05 sys=0.00, real=0.01 secs] 
2016-09-25T22:29:47.867-0400: 29.129: [GC (GCLocker Initiated GC) [PSYoungGen: 144201K->68298K(175104K)] 524941K->454873K(699392K), 0.0077434 secs] [Times: user=0.09 sys=0.00, real=0.01 secs] 
2016-09-25T22:29:47.922-0400: 29.184: [GC (GCLocker Initiated GC) [PSYoungGen: 156362K->38388K(175104K)] 545821K->428197K(699392K), 0.0083512 secs] [Times: user=0.05 sys=0.00, real=0.01 secs] 
2016-09-25T22:29:47.971-0400: 29.234: [GC (GCLocker Initiated GC) [PSYoungGen: 126452K->54711K(175104K)] 516396K->449109K(699392K), 0.0061248 secs] [Times: user=0.05 sys=0.00, real=0.01 secs] 
2016-09-25T22:29:48.036-0400: 29.298: [GC (GCLocker Initiated GC) [PSYoungGen: 142775K->42723K(175104K)] 544168K->448553K(699392K), 0.0054218 secs] [Times: user=0.05 sys=0.00, real=0.00 secs] 
2016-09-25T22:29:48.085-0400: 29.347: [GC (GCLocker Initiated GC) [PSYoungGen: 130787K->86117K(175104K)] 539423K->506010K(699392K), 0.0101902 secs] [Times: user=0.11 sys=0.00, real=0.01 secs] 
2016-09-25T22:29:48.142-0400: 29.405: [GC (GCLocker Initiated GC) [PSYoungGen: 174181K->54972K(175104K)] 602270K->495725K(699392K), 0.0084551 secs] [Times: user=0.09 sys=0.01, real=0.00 secs] 
2016-09-25T22:29:48.205-0400: 29.467: [GC (GCLocker Initiated GC) [PSYoungGen: 143036K->64302K(175104K)] 583883K->511041K(699392K), 0.0067884 secs] [Times: user=0.08 sys=0.00, real=0.00 secs] 
2016-09-25T22:29:48.255-0400: 29.518: [GC (GCLocker Initiated GC) [PSYoungGen: 152366K->61711K(175104K)] 601928K->529203K(699392K), 0.0114381 secs] [Times: user=0.11 sys=0.00, real=0.01 secs] 
2016-09-25T22:29:48.324-0400: 29.586: [GC (GCLocker Initiated GC) [PSYoungGen: 149775K->43858K(175104K)] 617322K->534900K(699392K), 0.0138686 secs] [Times: user=0.12 sys=0.00, real=0.01 secs] 
2016-09-25T22:29:48.382-0400: 29.645: [Full GC (Ergonomics) [PSYoungGen: 131922K->0K(175104K)] [ParOldGen: 495238K->183786K(524288K)] 627160K->183786K(699392K), [Metaspace: 43414K->43414K(1085440K)], 0.0837210 secs] [Times: user=0.54 sys=0.01, real=0.09 secs] 
2016-09-25T22:29:48.520-0400: 29.783: [GC (GCLocker Initiated GC) [PSYoungGen: 88064K->48158K(175104K)] 277369K->237464K(699392K), 0.0058385 secs] [Times: user=0.04 sys=0.00, real=0.01 secs] 
2016-09-25T22:29:48.578-0400: 29.841: [GC (GCLocker Initiated GC) [PSYoungGen: 136222K->56257K(175104K)] 336469K->259872K(699392K), 0.0086806 secs] [Times: user=0.06 sys=0.01, real=0.01 secs] 
2016-09-25T22:29:48.636-0400: 29.899: [GC (GCLocker Initiated GC) [PSYoungGen: 144321K->64179K(175104K)] 349325K->287195K(699392K), 0.0120084 secs] [Times: user=0.11 sys=0.01, real=0.01 secs] 
2016-09-25T22:29:48.697-0400: 29.960: [GC (GCLocker Initiated GC) [PSYoungGen: 152243K->49413K(173056K)] 378074K->279663K(697344K), 0.0072136 secs] [Times: user=0.06 sys=0.00, real=0.01 secs] 
2016-09-25T22:29:48.756-0400: 30.018: [GC (GCLocker Initiated GC) [PSYoungGen: 137477K->41373K(174080K)] 374611K->300548K(698368K), 0.0142473 secs] [Times: user=0.16 sys=0.00, real=0.01 secs] 
2016-09-25T22:29:48.813-0400: 30.075: [GC (GCLocker Initiated GC) [PSYoungGen: 129437K->65788K(175104K)] 394101K->340412K(699392K), 0.0062830 secs] [Times: user=0.08 sys=0.01, real=0.01 secs] 
2016-09-25T22:29:48.861-0400: 30.124: [GC (GCLocker Initiated GC) [PSYoungGen: 154876K->57670K(146944K)] 432285K->357195K(671232K), 0.0062027 secs] [Times: user=0.07 sys=0.00, real=0.01 secs] 
2016-09-25T22:29:48.911-0400: 30.174: [GC (GCLocker Initiated GC) [PSYoungGen: 146758K->73916K(170496K)] 452006K->382346K(694784K), 0.0083230 secs] [Times: user=0.12 sys=0.00, real=0.01 secs] 
2016-09-25T22:29:48.967-0400: 30.229: [GC (GCLocker Initiated GC) [PSYoungGen: 160444K->54850K(173568K)] 471733K->367993K(697856K), 0.0049778 secs] [Times: user=0.05 sys=0.00, real=0.00 secs] 
2016-09-25T22:29:49.022-0400: 30.285: [GC (GCLocker Initiated GC) [PSYoungGen: 141378K->58965K(168448K)] 458343K->393914K(692736K), 0.0062511 secs] [Times: user=0.07 sys=0.00, real=0.01 secs] 
2016-09-25T22:29:49.070-0400: 30.333: [GC (GCLocker Initiated GC) [PSYoungGen: 148565K->53417K(172544K)] 486307K->407771K(696832K), 0.0094491 secs] [Times: user=0.08 sys=0.00, real=0.01 secs] 
2016-09-25T22:29:49.126-0400: 30.389: [GC (GCLocker Initiated GC) [PSYoungGen: 143017K->46666K(176640K)] 504193K->418993K(700928K), 0.0080680 secs] [Times: user=0.07 sys=0.00, real=0.01 secs] 
2016-09-25T22:29:49.199-0400: 30.462: [GC (GCLocker Initiated GC) [PSYoungGen: 144458K->46668K(178688K)] 519535K->439757K(702976K), 0.0132887 secs] [Times: user=0.15 sys=0.01, real=0.02 secs] 
2016-09-25T22:29:49.261-0400: 30.524: [GC (GCLocker Initiated GC) [PSYoungGen: 144460K->72490K(174592K)] 537594K->482208K(698880K), 0.0068298 secs] [Times: user=0.10 sys=0.00, real=0.01 secs] 
2016-09-25T22:29:49.311-0400: 30.574: [GC (GCLocker Initiated GC) [PSYoungGen: 166698K->83367K(177664K)] 579310K->499115K(701952K), 0.0102027 secs] [Times: user=0.14 sys=0.01, real=0.01 secs] 
2016-09-25T22:29:49.374-0400: 30.637: [GC (GCLocker Initiated GC) [PSYoungGen: 177575K->59003K(172544K)] 601593K->499685K(696832K), 0.0079391 secs] [Times: user=0.06 sys=0.00, real=0.01 secs] 
2016-09-25T22:29:49.436-0400: 30.699: [GC (GCLocker Initiated GC) [PSYoungGen: 147067K->76540K(175104K)] 589152K->521814K(699392K), 0.0066925 secs] [Times: user=0.09 sys=0.00, real=0.01 secs] 
2016-09-25T22:29:49.490-0400: 30.753: [GC (GCLocker Initiated GC) [PSYoungGen: 164604K->53513K(175104K)] 612623K->526276K(699392K), 0.0064599 secs] [Times: user=0.09 sys=0.00, real=0.01 secs] 
2016-09-25T22:29:49.538-0400: 30.800: [GC (GCLocker Initiated GC) [PSYoungGen: 141577K->60359K(175104K)] 614383K->545707K(699392K), 0.0063104 secs] [Times: user=0.08 sys=0.00, real=0.01 secs] 
2016-09-25T22:29:49.583-0400: 30.845: [GC (GCLocker Initiated GC) [PSYoungGen: 148423K->75286K(175104K)] 639304K->570676K(699392K), 0.0067963 secs] [Times: user=0.08 sys=0.00, real=0.00 secs] 
2016-09-25T22:29:49.590-0400: 30.852: [Full GC (Ergonomics) [PSYoungGen: 75286K->0K(175104K)] [ParOldGen: 495389K->193160K(524288K)] 570676K->193160K(699392K), [Metaspace: 43414K->43414K(1085440K)], 0.0537413 secs] [Times: user=0.44 sys=0.01, real=0.06 secs] 
2016-09-25T22:29:49.694-0400: 30.956: [GC (GCLocker Initiated GC) [PSYoungGen: 88064K->59291K(175104K)] 288135K->259362K(699392K), 0.0095349 secs] [Times: user=0.10 sys=0.00, real=0.02 secs] 
2016-09-25T22:29:49.757-0400: 31.020: [GC (GCLocker Initiated GC) [PSYoungGen: 147355K->54831K(173056K)] 354271K->281416K(697344K), 0.0062376 secs] [Times: user=0.08 sys=0.01, real=0.01 secs] 
2016-09-25T22:29:49.804-0400: 31.067: [GC (GCLocker Initiated GC) [PSYoungGen: 142895K->71140K(174080K)] 369919K->314763K(698368K), 0.0061938 secs] [Times: user=0.08 sys=0.00, real=0.00 secs] 
2016-09-25T22:29:49.862-0400: 31.125: [GC (GCLocker Initiated GC) [PSYoungGen: 159204K->65740K(175104K)] 409816K->316748K(699392K), 0.0077992 secs] [Times: user=0.12 sys=0.00, real=0.00 secs] 
2016-09-25T22:29:49.905-0400: 31.167: [GC (GCLocker Initiated GC) [PSYoungGen: 154828K->84562K(175104K)] 405999K->337543K(699392K), 0.0061923 secs] [Times: user=0.08 sys=0.00, real=0.00 secs] 
2016-09-25T22:29:49.953-0400: 31.216: [GC (GCLocker Initiated GC) [PSYoungGen: 173650K->64420K(175104K)] 436308K->340944K(699392K), 0.0075436 secs] [Times: user=0.09 sys=0.00, real=0.01 secs] 
2016-09-25T22:29:50.000-0400: 31.262: [GC (Allocation Failure) [PSYoungGen: 152484K->68449K(175104K)] 438632K->355031K(699392K), 0.0082300 secs] [Times: user=0.12 sys=0.00, real=0.01 secs] 
2016-09-25T22:29:50.053-0400: 31.316: [GC (GCLocker Initiated GC) [PSYoungGen: 155082K->56192K(175104K)] 444364K->345895K(699392K), 0.0096641 secs] [Times: user=0.11 sys=0.00, real=0.02 secs] 
2016-09-25T22:29:50.127-0400: 31.390: [GC (GCLocker Initiated GC) [PSYoungGen: 144256K->68360K(156672K)] 436915K->372254K(680960K), 0.0134608 secs] [Times: user=0.12 sys=0.01, real=0.01 secs] 
2016-09-25T22:29:50.190-0400: 31.453: [GC (GCLocker Initiated GC) [PSYoungGen: 156424K->65694K(176128K)] 460381K->372706K(700416K), 0.0128180 secs] [Times: user=0.17 sys=0.01, real=0.02 secs] 
2016-09-25T22:29:50.240-0400: 31.502: [GC (GCLocker Initiated GC) [PSYoungGen: 155294K->47975K(174592K)] 469232K->375811K(698880K), 0.0144105 secs] [Times: user=0.15 sys=0.00, real=0.02 secs] 
2016-09-25T22:29:50.321-0400: 31.584: [GC (GCLocker Initiated GC) [PSYoungGen: 137575K->67010K(176128K)] 465498K->412980K(700416K), 0.0108720 secs] [Times: user=0.12 sys=0.00, real=0.01 secs] 
2016-09-25T22:29:50.391-0400: 31.653: [GC (GCLocker Initiated GC) [PSYoungGen: 158146K->61782K(153088K)] 504297K->438025K(677376K), 0.0071705 secs] [Times: user=0.10 sys=0.01, real=0.01 secs] 
2016-09-25T22:29:50.438-0400: 31.701: [GC (GCLocker Initiated GC) [PSYoungGen: 152918K->77873K(171520K)] 529292K->473635K(695808K), 0.0072885 secs] [Times: user=0.10 sys=0.00, real=0.01 secs] 
2016-09-25T22:29:50.478-0400: 31.741: [GC (GCLocker Initiated GC) [PSYoungGen: 166449K->72613K(175104K)] 562278K->501313K(699392K), 0.0111304 secs] [Times: user=0.16 sys=0.00, real=0.01 secs] 
2016-09-25T22:29:50.558-0400: 31.820: [GC (GCLocker Initiated GC) [PSYoungGen: 161189K->64459K(173056K)] 602072K->535521K(697344K), 0.0112680 secs] [Times: user=0.18 sys=0.00, real=0.01 secs] 
2016-09-25T22:29:50.632-0400: 31.895: [Full GC (Ergonomics) [PSYoungGen: 153035K->0K(173056K)] [ParOldGen: 482103K->201287K(524288K)] 635139K->201287K(697344K), [Metaspace: 43421K->43421K(1085440K)], 0.0619955 secs] [Times: user=0.41 sys=0.01, real=0.07 secs] 
2016-09-25T22:29:50.768-0400: 32.030: [GC (GCLocker Initiated GC) [PSYoungGen: 88576K->70071K(174080K)] 296703K->278198K(698368K), 0.0087323 secs] [Times: user=0.13 sys=0.00, real=0.01 secs] 
2016-09-25T22:29:50.839-0400: 32.101: [GC (GCLocker Initiated GC) [PSYoungGen: 158647K->61663K(174080K)] 373760K->280200K(698368K), 0.0056416 secs] [Times: user=0.07 sys=0.00, real=0.01 secs] 
2016-09-25T22:29:50.890-0400: 32.153: [GC (GCLocker Initiated GC) [PSYoungGen: 153311K->64351K(175616K)] 382732K->300943K(699904K), 0.0066394 secs] [Times: user=0.09 sys=0.01, real=0.01 secs] 
2016-09-25T22:29:50.964-0400: 32.226: [GC (GCLocker Initiated GC) [PSYoungGen: 155999K->56284K(178176K)] 392602K->308165K(702464K), 0.0103528 secs] [Times: user=0.15 sys=0.00, real=0.00 secs] 
2016-09-25T22:29:51.052-0400: 32.314: [GC (GCLocker Initiated GC) [PSYoungGen: 152028K->53552K(178176K)] 409395K->323483K(702464K), 0.0065774 secs] [Times: user=0.06 sys=0.01, real=0.01 secs] 
2016-09-25T22:29:51.103-0400: 32.366: [GC (GCLocker Initiated GC) [PSYoungGen: 149296K->68371K(179712K)] 419402K->359149K(704000K), 0.0095805 secs] [Times: user=0.14 sys=0.00, real=0.00 secs] 
2016-09-25T22:29:51.169-0400: 32.432: [GC (GCLocker Initiated GC) [PSYoungGen: 165651K->60259K(157696K)] 459160K->358257K(681984K), 0.0137272 secs] [Times: user=0.20 sys=0.00, real=0.02 secs] 
2016-09-25T22:29:51.259-0400: 32.522: [GC (GCLocker Initiated GC) [PSYoungGen: 157539K->75197K(175616K)] 458418K->376447K(699904K), 0.0079979 secs] [Times: user=0.10 sys=0.01, real=0.01 secs] 
2016-09-25T22:29:51.312-0400: 32.575: [GC (GCLocker Initiated GC) [PSYoungGen: 169917K->69754K(178176K)] 479304K->390428K(702464K), 0.0069337 secs] [Times: user=0.10 sys=0.00, real=0.01 secs] 
2016-09-25T22:29:51.361-0400: 32.624: [GC (GCLocker Initiated GC) [PSYoungGen: 164474K->69894K(178688K)] 493440K->410076K(702976K), 0.0108340 secs] [Times: user=0.12 sys=0.01, real=0.01 secs] 
2016-09-25T22:29:51.435-0400: 32.698: [GC (GCLocker Initiated GC) [PSYoungGen: 165126K->72466K(167936K)] 506164K->414020K(692224K), 0.0125072 secs] [Times: user=0.12 sys=0.00, real=0.01 secs] 
2016-09-25T22:29:51.509-0400: 32.771: [GC (GCLocker Initiated GC) [PSYoungGen: 167698K->65812K(179712K)] 517441K->424103K(704000K), 0.0196650 secs] [Times: user=0.23 sys=0.00, real=0.02 secs] 
2016-09-25T22:29:51.584-0400: 32.847: [GC (GCLocker Initiated GC) [PSYoungGen: 161044K->50855K(177664K)] 530180K->436595K(701952K), 0.0217319 secs] [Times: user=0.28 sys=0.01, real=0.02 secs] 
2016-09-25T22:29:51.656-0400: 32.919: [GC (GCLocker Initiated GC) [PSYoungGen: 146087K->72519K(176640K)] 531840K->460103K(700928K), 0.0252375 secs] [Times: user=0.37 sys=0.00, real=0.02 secs] 
2016-09-25T22:29:51.733-0400: 32.996: [GC (GCLocker Initiated GC) [PSYoungGen: 165703K->58826K(177664K)] 564268K->469982K(701952K), 0.0105329 secs] [Times: user=0.10 sys=0.00, real=0.02 secs] 
2016-09-25T22:29:51.801-0400: 33.064: [GC (GCLocker Initiated GC) [PSYoungGen: 152010K->65717K(174080K)] 571389K->515224K(698368K), 0.0132866 secs] [Times: user=0.16 sys=0.00, real=0.02 secs] 
2016-09-25T22:29:51.867-0400: 33.130: [GC (GCLocker Initiated GC) [PSYoungGen: 159413K->75200K(176128K)] 615765K->552231K(700416K), 0.0199241 secs] [Times: user=0.22 sys=0.01, real=0.02 secs] 
2016-09-25T22:29:51.952-0400: 33.215: [GC (GCLocker Initiated GC) [PSYoungGen: 168896K->45200K(174592K)] 648651K->533480K(698880K), 0.0128321 secs] [Times: user=0.13 sys=0.01, real=0.02 secs] 
2016-09-25T22:29:52.014-0400: 33.277: [Full GC (Ergonomics) [PSYoungGen: 135312K->0K(174592K)] [ParOldGen: 495276K->196656K(524288K)] 630588K->196656K(698880K), [Metaspace: 43440K->43440K(1085440K)], 0.0694791 secs] [Times: user=0.49 sys=0.01, real=0.08 secs] 
2016-09-25T22:29:52.143-0400: 33.405: [GC (GCLocker Initiated GC) [PSYoungGen: 90112K->45636K(136192K)] 292212K->247736K(660480K), 0.0102425 secs] [Times: user=0.09 sys=0.00, real=0.00 secs] 
2016-09-25T22:29:52.199-0400: 33.461: [GC (GCLocker Initiated GC) [PSYoungGen: 135748K->47997K(175104K)] 338442K->274339K(699392K), 0.0086685 secs] [Times: user=0.07 sys=0.00, real=0.01 secs] 
2016-09-25T22:29:52.255-0400: 33.518: [GC (GCLocker Initiated GC) [PSYoungGen: 136061K->54971K(143360K)] 368612K->310883K(667648K), 0.0091126 secs] [Times: user=0.11 sys=0.01, real=0.01 secs] 
2016-09-25T22:29:52.319-0400: 33.582: [GC (GCLocker Initiated GC) [PSYoungGen: 143035K->48061K(174080K)] 408450K->326117K(698368K), 0.0091466 secs] [Times: user=0.10 sys=0.00, real=0.01 secs] 
2016-09-25T22:29:52.384-0400: 33.646: [GC (GCLocker Initiated GC) [PSYoungGen: 136637K->48093K(173568K)] 426867K->338694K(697856K), 0.0162519 secs] [Times: user=0.20 sys=0.01, real=0.01 secs] 
2016-09-25T22:29:52.449-0400: 33.711: [GC (GCLocker Initiated GC) [PSYoungGen: 136669K->66950K(174592K)] 427359K->359481K(698880K), 0.0112091 secs] [Times: user=0.16 sys=0.01, real=0.01 secs] 
2016-09-25T22:29:52.507-0400: 33.770: [GC (GCLocker Initiated GC) [PSYoungGen: 157574K->65612K(175616K)] 450240K->365384K(699904K), 0.0096951 secs] [Times: user=0.11 sys=0.00, real=0.01 secs] 
2016-09-25T22:29:52.576-0400: 33.839: [GC (GCLocker Initiated GC) [PSYoungGen: 156236K->38753K(175104K)] 470934K->380915K(699392K), 0.0069503 secs] [Times: user=0.09 sys=0.01, real=0.01 secs] 
2016-09-25T22:29:52.640-0400: 33.903: [GC (GCLocker Initiated GC) [PSYoungGen: 128865K->67110K(157696K)] 471181K->420755K(681984K), 0.0095927 secs] [Times: user=0.14 sys=0.00, real=0.01 secs] 
2016-09-25T22:29:52.697-0400: 33.960: [GC (GCLocker Initiated GC) [PSYoungGen: 157222K->80757K(174592K)] 516375K->470059K(698880K), 0.0114631 secs] [Times: user=0.16 sys=0.00, real=0.01 secs] 
2016-09-25T22:29:52.762-0400: 34.024: [GC (GCLocker Initiated GC) [PSYoungGen: 168821K->60232K(175104K)] 558376K->485385K(699392K), 0.0148835 secs] [Times: user=0.24 sys=0.01, real=0.02 secs] 
2016-09-25T22:29:52.827-0400: 34.090: [GC (GCLocker Initiated GC) [PSYoungGen: 148296K->48115K(175104K)] 573565K->514292K(699392K), 0.0091683 secs] [Times: user=0.12 sys=0.00, real=0.01 secs] 
2016-09-25T22:29:52.881-0400: 34.143: [GC (GCLocker Initiated GC) [PSYoungGen: 136179K->65914K(175104K)] 607873K->552883K(699392K), 0.0092676 secs] [Times: user=0.12 sys=0.00, real=0.01 secs] 
2016-09-25T22:29:52.890-0400: 34.153: [Full GC (Ergonomics) [PSYoungGen: 65914K->0K(175104K)] [ParOldGen: 486969K->186507K(524288K)] 552883K->186507K(699392K), [Metaspace: 43450K->43450K(1085440K)], 0.1746431 secs] [Times: user=2.64 sys=0.02, real=0.18 secs] 
2016-09-25T22:29:53.124-0400: 34.387: [GC (GCLocker Initiated GC) [PSYoungGen: 88064K->60779K(172032K)] 282912K->255635K(696320K), 0.0079111 secs] [Times: user=0.11 sys=0.00, real=0.00 secs] 
2016-09-25T22:29:53.194-0400: 34.457: [GC (GCLocker Initiated GC) [PSYoungGen: 148843K->40027K(173568K)] 348536K->245886K(697856K), 0.0054796 secs] [Times: user=0.06 sys=0.00, real=0.00 secs] 
2016-09-25T22:29:53.241-0400: 34.504: [GC (GCLocker Initiated GC) [PSYoungGen: 128091K->47954K(175616K)] 336733K->267805K(699904K), 0.0098339 secs] [Times: user=0.08 sys=0.00, real=0.01 secs] 
2016-09-25T22:29:53.299-0400: 34.562: [GC (GCLocker Initiated GC) [PSYoungGen: 138066K->48127K(138240K)] 360877K->317243K(662528K), 0.0098422 secs] [Times: user=0.11 sys=0.00, real=0.01 secs] 
2016-09-25T22:29:53.357-0400: 34.620: [GC (GCLocker Initiated GC) [PSYoungGen: 138239K->75223K(172032K)] 410149K->357032K(696320K), 0.0071008 secs] [Times: user=0.11 sys=0.00, real=0.01 secs] 
2016-09-25T22:29:53.414-0400: 34.677: [GC (GCLocker Initiated GC) [PSYoungGen: 163287K->50891K(175104K)] 449298K->360321K(699392K), 0.0068894 secs] [Times: user=0.08 sys=0.00, real=0.00 secs] 
2016-09-25T22:29:53.468-0400: 34.731: [GC (GCLocker Initiated GC) [PSYoungGen: 138955K->72427K(174592K)] 451341K->402848K(698880K), 0.0198082 secs] [Times: user=0.27 sys=0.00, real=0.02 secs] 
2016-09-25T22:29:53.548-0400: 34.811: [GC (GCLocker Initiated GC) [PSYoungGen: 160491K->67014K(175104K)] 493685K->415463K(699392K), 0.0232757 secs] [Times: user=0.32 sys=0.01, real=0.02 secs] 
2016-09-25T22:29:53.624-0400: 34.887: [GC (GCLocker Initiated GC) [PSYoungGen: 155078K->72427K(175104K)] 506315K->433502K(699392K), 0.0075856 secs] [Times: user=0.10 sys=0.00, real=0.00 secs] 
2016-09-25T22:29:53.680-0400: 34.943: [GC (GCLocker Initiated GC) [PSYoungGen: 160491K->84673K(175104K)] 524408K->461161K(699392K), 0.0103581 secs] [Times: user=0.15 sys=0.00, real=0.01 secs] 
2016-09-25T22:29:53.749-0400: 35.012: [GC (GCLocker Initiated GC) [PSYoungGen: 172737K->48223K(175104K)] 557537K->449684K(699392K), 0.0063183 secs] [Times: user=0.07 sys=0.00, real=0.01 secs] 
2016-09-25T22:29:53.803-0400: 35.066: [GC (GCLocker Initiated GC) [PSYoungGen: 136287K->57577K(175104K)] 551311K->486578K(699392K), 0.0267891 secs] [Times: user=0.34 sys=0.00, real=0.02 secs] 
2016-09-25T22:29:53.888-0400: 35.151: [GC (GCLocker Initiated GC) [PSYoungGen: 145641K->41312K(175104K)] 584164K->488345K(699392K), 0.0075311 secs] [Times: user=0.05 sys=0.00, real=0.01 secs] 
2016-09-25T22:29:53.946-0400: 35.208: [GC (GCLocker Initiated GC) [PSYoungGen: 129376K->79318K(175104K)] 577836K->529580K(699392K), 0.0096358 secs] [Times: user=0.10 sys=0.00, real=0.01 secs] 
2016-09-25T22:29:54.004-0400: 35.266: [GC (GCLocker Initiated GC) [PSYoungGen: 167382K->65683K(175104K)] 619088K->540869K(699392K), 0.0090218 secs] [Times: user=0.13 sys=0.00, real=0.00 secs] 
2016-09-25T22:29:54.071-0400: 35.334: [GC (GCLocker Initiated GC) [PSYoungGen: 153747K->57641K(175104K)] 629008K->562941K(699392K), 0.0067567 secs] [Times: user=0.10 sys=0.00, real=0.01 secs] 
2016-09-25T22:29:54.078-0400: 35.341: [Full GC (Ergonomics) [PSYoungGen: 57641K->0K(175104K)] [ParOldGen: 505300K->179490K(524288K)] 562941K->179490K(699392K), [Metaspace: 43575K->43575K(1085440K)], 0.0735256 secs] [Times: user=0.42 sys=0.01, real=0.07 secs] 
2016-09-25T22:29:54.191-0400: 35.454: [GC (GCLocker Initiated GC) [PSYoungGen: 88064K->84993K(175104K)] 273107K->270036K(699392K), 0.0082745 secs] [Times: user=0.12 sys=0.00, real=0.01 secs] 
2016-09-25T22:29:54.243-0400: 35.506: [GC (GCLocker Initiated GC) [PSYoungGen: 173057K->68408K(175104K)] 365038K->276059K(699392K), 0.0086781 secs] [Times: user=0.11 sys=0.01, real=0.00 secs] 
2016-09-25T22:29:54.298-0400: 35.560: [GC (GCLocker Initiated GC) [PSYoungGen: 156472K->67110K(175104K)] 368322K->280721K(699392K), 0.0072632 secs] [Times: user=0.07 sys=0.00, real=0.01 secs] 
2016-09-25T22:29:54.353-0400: 35.616: [GC (GCLocker Initiated GC) [PSYoungGen: 155174K->52176K(175104K)] 372898K->277086K(699392K), 0.0145159 secs] [Times: user=0.17 sys=0.00, real=0.02 secs] 
2016-09-25T22:29:54.417-0400: 35.680: [GC (GCLocker Initiated GC) [PSYoungGen: 140240K->68472K(175104K)] 370579K->307315K(699392K), 0.0061769 secs] [Times: user=0.07 sys=0.00, real=0.01 secs] 
2016-09-25T22:29:54.475-0400: 35.738: [GC (GCLocker Initiated GC) [PSYoungGen: 156536K->84653K(175104K)] 404897K->336182K(699392K), 0.0069921 secs] [Times: user=0.08 sys=0.00, real=0.00 secs] 
2016-09-25T22:29:54.534-0400: 35.796: [GC (GCLocker Initiated GC) [PSYoungGen: 172717K->63010K(175104K)] 429891K->335494K(699392K), 0.0068378 secs] [Times: user=0.08 sys=0.00, real=0.01 secs] 
2016-09-25T22:29:54.589-0400: 35.852: [GC (GCLocker Initiated GC) [PSYoungGen: 151074K->61833K(175104K)] 435827K->346952K(699392K), 0.0078425 secs] [Times: user=0.10 sys=0.01, real=0.01 secs] 
2016-09-25T22:29:54.649-0400: 35.912: [GC (GCLocker Initiated GC) [PSYoungGen: 149897K->61506K(175104K)] 440486K->376934K(699392K), 0.0070074 secs] [Times: user=0.10 sys=0.00, real=0.01 secs] 
2016-09-25T22:29:54.694-0400: 35.956: [GC (GCLocker Initiated GC) [PSYoungGen: 149570K->63071K(175104K)] 465103K->391086K(699392K), 0.0086352 secs] [Times: user=0.12 sys=0.00, real=0.02 secs] 
2016-09-25T22:29:54.751-0400: 36.013: [GC (GCLocker Initiated GC) [PSYoungGen: 151135K->50624K(175104K)] 479236K->384576K(699392K), 0.0136601 secs] [Times: user=0.16 sys=0.00, real=0.02 secs] 
2016-09-25T22:29:54.806-0400: 36.069: [GC (GCLocker Initiated GC) [PSYoungGen: 138688K->53656K(175104K)] 475441K->439459K(699392K), 0.0299906 secs] [Times: user=0.42 sys=0.00, real=0.03 secs] 
2016-09-25T22:29:54.881-0400: 36.144: [GC (GCLocker Initiated GC) [PSYoungGen: 141720K->65679K(173056K)] 531778K->468381K(697344K), 0.0068042 secs] [Times: user=0.08 sys=0.01, real=0.01 secs] 
2016-09-25T22:29:54.931-0400: 36.194: [GC (GCLocker Initiated GC) [PSYoungGen: 153743K->79072K(174080K)] 556631K->491857K(698368K), 0.0152739 secs] [Times: user=0.14 sys=0.00, real=0.02 secs] 
2016-09-25T22:29:54.985-0400: 36.248: [GC (GCLocker Initiated GC) [PSYoungGen: 167136K->42567K(175104K)] 585448K->481465K(699392K), 0.0082459 secs] [Times: user=0.06 sys=0.01, real=0.00 secs] 
2016-09-25T22:29:55.046-0400: 36.309: [GC (GCLocker Initiated GC) [PSYoungGen: 130631K->46704K(175104K)] 569601K->506413K(699392K), 0.0103218 secs] [Times: user=0.11 sys=0.00, real=0.01 secs] 
2016-09-25T22:29:55.129-0400: 36.391: [GC (GCLocker Initiated GC) [PSYoungGen: 134768K->58951K(175104K)] 597294K->525923K(699392K), 0.0119471 secs] [Times: user=0.12 sys=0.00, real=0.01 secs] 
2016-09-25T22:29:55.191-0400: 36.454: [Full GC (Ergonomics) [PSYoungGen: 147015K->0K(175104K)] [ParOldGen: 486029K->197332K(524288K)] 633045K->197332K(699392K), [Metaspace: 43576K->43576K(1085440K)], 0.0529031 secs] [Times: user=0.33 sys=0.00, real=0.06 secs] 
2016-09-25T22:29:55.313-0400: 36.575: [GC (GCLocker Initiated GC) [PSYoungGen: 88064K->37211K(175104K)] 295129K->244276K(699392K), 0.0176537 secs] [Times: user=0.18 sys=0.01, real=0.02 secs] 
2016-09-25T22:29:55.386-0400: 36.649: [GC (GCLocker Initiated GC) [PSYoungGen: 125275K->38552K(175104K)] 333726K->248818K(699392K), 0.0120418 secs] [Times: user=0.14 sys=0.00, real=0.01 secs] 
2016-09-25T22:29:55.428-0400: 36.690: [GC (GCLocker Initiated GC) [PSYoungGen: 126616K->60219K(175104K)] 336977K->292637K(699392K), 0.0081995 secs] [Times: user=0.07 sys=0.00, real=0.01 secs] 
2016-09-25T22:29:55.490-0400: 36.753: [GC (GCLocker Initiated GC) [PSYoungGen: 148283K->61738K(174080K)] 383487K->317583K(698368K), 0.0096142 secs] [Times: user=0.12 sys=0.00, real=0.01 secs] 
2016-09-25T22:29:55.568-0400: 36.831: [GC (GCLocker Initiated GC) [PSYoungGen: 149802K->60389K(174592K)] 409732K->351893K(698880K), 0.0120693 secs] [Times: user=0.13 sys=0.02, real=0.01 secs] 
2016-09-25T22:29:55.629-0400: 36.892: [GC (GCLocker Initiated GC) [PSYoungGen: 148453K->65773K(174080K)] 444124K->370029K(698368K), 0.0079883 secs] [Times: user=0.09 sys=0.01, real=0.01 secs] 
2016-09-25T22:29:55.684-0400: 36.947: [GC (GCLocker Initiated GC) [PSYoungGen: 154861K->60337K(174592K)] 464593K->374612K(698880K), 0.0092747 secs] [Times: user=0.10 sys=0.01, real=0.00 secs] 
2016-09-25T22:29:55.780-0400: 37.043: [GC (GCLocker Initiated GC) [PSYoungGen: 149425K->45475K(175616K)] 470519K->400731K(699904K), 0.0153263 secs] [Times: user=0.18 sys=0.01, real=0.02 secs] 
2016-09-25T22:29:55.848-0400: 37.110: [GC (GCLocker Initiated GC) [PSYoungGen: 137635K->71238K(175104K)] 499936K->444792K(699392K), 0.0081491 secs] [Times: user=0.10 sys=0.00, real=0.01 secs] 
2016-09-25T22:29:55.901-0400: 37.164: [GC (GCLocker Initiated GC) [PSYoungGen: 163398K->73829K(173568K)] 539822K->450681K(697856K), 0.0096842 secs] [Times: user=0.13 sys=0.00, real=0.01 secs] 
2016-09-25T22:29:55.977-0400: 37.240: [GC (GCLocker Initiated GC) [PSYoungGen: 161893K->73796K(175104K)] 545611K->459312K(699392K), 0.0114334 secs] [Times: user=0.08 sys=0.00, real=0.01 secs] 
2016-09-25T22:29:56.059-0400: 37.322: [GC (GCLocker Initiated GC) [PSYoungGen: 161860K->48094K(175104K)] 552951K->472025K(699392K), 0.0087246 secs] [Times: user=0.12 sys=0.00, real=0.01 secs] 
2016-09-25T22:29:56.109-0400: 37.371: [GC (GCLocker Initiated GC) [PSYoungGen: 136158K->79240K(175104K)] 564268K->518554K(699392K), 0.0080883 secs] [Times: user=0.12 sys=0.00, real=0.01 secs] 
2016-09-25T22:29:56.173-0400: 37.436: [GC (GCLocker Initiated GC) [PSYoungGen: 167304K->64340K(175104K)] 613481K->513693K(699392K), 0.0163256 secs] [Times: user=0.20 sys=0.00, real=0.02 secs] 
2016-09-25T22:29:56.262-0400: 37.524: [GC (GCLocker Initiated GC) [PSYoungGen: 152404K->65702K(175104K)] 601790K->546605K(699392K), 0.0093092 secs] [Times: user=0.13 sys=0.00, real=0.01 secs] 
2016-09-25T22:29:56.271-0400: 37.534: [Full GC (Ergonomics) [PSYoungGen: 65702K->0K(175104K)] [ParOldGen: 480902K->199667K(524288K)] 546605K->199667K(699392K), [Metaspace: 43578K->43578K(1085440K)], 0.0563970 secs] [Times: user=0.36 sys=0.01, real=0.06 secs] 
2016-09-25T22:29:56.387-0400: 37.650: [GC (GCLocker Initiated GC) [PSYoungGen: 88064K->74248K(175104K)] 295933K->282118K(699392K), 0.0071389 secs] [Times: user=0.11 sys=0.00, real=0.01 secs] 
2016-09-25T22:29:56.468-0400: 37.731: [GC (GCLocker Initiated GC) [PSYoungGen: 162312K->42709K(175104K)] 372977K->292002K(699392K), 0.0097084 secs] [Times: user=0.13 sys=0.00, real=0.01 secs] 
2016-09-25T22:29:56.535-0400: 37.798: [GC (GCLocker Initiated GC) [PSYoungGen: 130773K->49543K(175104K)] 393786K->315603K(699392K), 0.0059928 secs] [Times: user=0.05 sys=0.00, real=0.00 secs] 
2016-09-25T22:29:56.583-0400: 37.846: [GC (GCLocker Initiated GC) [PSYoungGen: 137607K->41323K(175104K)] 406753K->327197K(699392K), 0.0059011 secs] [Times: user=0.06 sys=0.00, real=0.00 secs] 
2016-09-25T22:29:56.624-0400: 37.887: [GC (GCLocker Initiated GC) [PSYoungGen: 129387K->72469K(175104K)] 418036K->364194K(699392K), 0.0089927 secs] [Times: user=0.11 sys=0.00, real=0.00 secs] 
2016-09-25T22:29:56.691-0400: 37.954: [GC (GCLocker Initiated GC) [PSYoungGen: 160533K->48191K(175104K)] 463169K->382260K(699392K), 0.0057516 secs] [Times: user=0.07 sys=0.01, real=0.01 secs] 
2016-09-25T22:29:56.732-0400: 37.995: [GC (GCLocker Initiated GC) [PSYoungGen: 136255K->81856K(175104K)] 470398K->419183K(699392K), 0.0130184 secs] [Times: user=0.20 sys=0.01, real=0.02 secs] 
2016-09-25T22:29:56.798-0400: 38.061: [GC (Allocation Failure) [PSYoungGen: 169920K->63126K(175104K)] 512847K->437499K(699392K), 0.0089471 secs] [Times: user=0.13 sys=0.00, real=0.01 secs] 
2016-09-25T22:29:56.808-0400: 38.070: [GC (GCLocker Initiated GC) [PSYoungGen: 63228K->32K(175104K)] 437602K->449314K(699392K), 0.0052489 secs] [Times: user=0.07 sys=0.00, real=0.00 secs] 
2016-09-25T22:29:56.857-0400: 38.120: [GC (GCLocker Initiated GC) [PSYoungGen: 88034K->75576K(175104K)] 537691K->525233K(699392K), 0.0105712 secs] [Times: user=0.16 sys=0.00, real=0.01 secs] 
2016-09-25T22:29:56.917-0400: 38.180: [GC (GCLocker Initiated GC) [PSYoungGen: 163640K->60256K(175104K)] 618808K->520392K(699392K), 0.0161033 secs] [Times: user=0.22 sys=0.00, real=0.01 secs] 
2016-09-25T22:29:56.934-0400: 38.196: [Full GC (Ergonomics) [PSYoungGen: 60256K->0K(175104K)] [ParOldGen: 460136K->205441K(524288K)] 520392K->205441K(699392K), [Metaspace: 43578K->43578K(1085440K)], 0.0527111 secs] [Times: user=0.49 sys=0.02, real=0.06 secs] 
2016-09-25T22:29:57.030-0400: 38.293: [GC (GCLocker Initiated GC) [PSYoungGen: 88064K->55090K(175104K)] 305850K->272877K(699392K), 0.0104739 secs] [Times: user=0.13 sys=0.00, real=0.01 secs] 
2016-09-25T22:29:57.092-0400: 38.355: [GC (GCLocker Initiated GC) [PSYoungGen: 143154K->50816K(175104K)] 368019K->280329K(699392K), 0.0052986 secs] [Times: user=0.07 sys=0.00, real=0.01 secs] 
2016-09-25T22:29:57.144-0400: 38.406: [GC (GCLocker Initiated GC) [PSYoungGen: 138880K->68387K(175104K)] 371290K->302605K(699392K), 0.0058426 secs] [Times: user=0.07 sys=0.00, real=0.00 secs] 
2016-09-25T22:29:57.191-0400: 38.454: [GC (GCLocker Initiated GC) [PSYoungGen: 156451K->66866K(175104K)] 390825K->316497K(699392K), 0.0095253 secs] [Times: user=0.10 sys=0.00, real=0.01 secs] 
2016-09-25T22:29:57.250-0400: 38.513: [GC (GCLocker Initiated GC) [PSYoungGen: 154930K->67069K(175104K)] 410019K->329256K(699392K), 0.0344798 secs] [Times: user=0.35 sys=0.00, real=0.04 secs] 
2016-09-25T22:29:57.331-0400: 38.594: [GC (GCLocker Initiated GC) [PSYoungGen: 155133K->71109K(175104K)] 417382K->341897K(699392K), 0.0196146 secs] [Times: user=0.16 sys=0.00, real=0.02 secs] 
2016-09-25T22:29:57.394-0400: 38.657: [GC (GCLocker Initiated GC) [PSYoungGen: 159173K->57564K(175104K)] 432757K->349134K(699392K), 0.0095411 secs] [Times: user=0.10 sys=0.01, real=0.02 secs] 
2016-09-25T22:29:57.449-0400: 38.712: [GC (GCLocker Initiated GC) [PSYoungGen: 145628K->57538K(175104K)] 443078K->358080K(699392K), 0.0072229 secs] [Times: user=0.07 sys=0.00, real=0.01 secs] 
2016-09-25T22:29:57.497-0400: 38.759: [GC (GCLocker Initiated GC) [PSYoungGen: 145602K->66879K(175104K)] 446177K->373204K(699392K), 0.0056173 secs] [Times: user=0.07 sys=0.00, real=0.01 secs] 
2016-09-25T22:29:57.540-0400: 38.802: [GC (GCLocker Initiated GC) [PSYoungGen: 154943K->60404K(174080K)] 464102K->398238K(698368K), 0.0077616 secs] [Times: user=0.09 sys=0.00, real=0.01 secs] 
2016-09-25T22:29:57.594-0400: 38.856: [GC (GCLocker Initiated GC) [PSYoungGen: 148468K->64448K(174592K)] 497321K->430025K(698880K), 0.0094856 secs] [Times: user=0.13 sys=0.00, real=0.02 secs] 
2016-09-25T22:29:57.648-0400: 38.911: [GC (GCLocker Initiated GC) [PSYoungGen: 152512K->69675K(173568K)] 518161K->438558K(697856K), 0.0090623 secs] [Times: user=0.08 sys=0.01, real=0.01 secs] 
2016-09-25T22:29:57.702-0400: 38.965: [GC (GCLocker Initiated GC) [PSYoungGen: 158251K->58774K(174592K)] 527311K->430823K(698880K), 0.0167901 secs] [Times: user=0.18 sys=0.00, real=0.01 secs] 
2016-09-25T22:29:57.776-0400: 39.039: [GC (GCLocker Initiated GC) [PSYoungGen: 147350K->42719K(174080K)] 520899K->465376K(698368K), 0.0067251 secs] [Times: user=0.08 sys=0.00, real=0.01 secs] 
2016-09-25T22:29:57.834-0400: 39.096: [GC (GCLocker Initiated GC) [PSYoungGen: 132831K->57856K(175104K)] 560957K->503993K(699392K), 0.0088816 secs] [Times: user=0.10 sys=0.00, real=0.02 secs] 
2016-09-25T22:29:57.892-0400: 39.155: [GC (GCLocker Initiated GC) [PSYoungGen: 147968K->75291K(172032K)] 605010K->533016K(696320K), 0.0066765 secs] [Times: user=0.08 sys=0.01, real=0.01 secs] 
2016-09-25T22:29:57.954-0400: 39.217: [GC (GCLocker Initiated GC) [PSYoungGen: 164379K->50886K(175616K)] 631629K->534905K(699904K), 0.0093659 secs] [Times: user=0.08 sys=0.00, real=0.01 secs] 
2016-09-25T22:29:57.964-0400: 39.226: [Full GC (Ergonomics) [PSYoungGen: 50886K->0K(175616K)] [ParOldGen: 484019K->211319K(524288K)] 534905K->211319K(699904K), [Metaspace: 43584K->43584K(1085440K)], 0.0523753 secs] [Times: user=0.37 sys=0.01, real=0.05 secs] 
2016-09-25T22:29:58.074-0400: 39.337: [GC (GCLocker Initiated GC) [PSYoungGen: 89088K->69111K(174592K)] 303189K->283212K(698880K), 0.0075687 secs] [Times: user=0.08 sys=0.00, real=0.01 secs] 
2016-09-25T22:29:58.131-0400: 39.393: [GC (GCLocker Initiated GC) [PSYoungGen: 158199K->66083K(175616K)] 372463K->300418K(699904K), 0.0107311 secs] [Times: user=0.09 sys=0.00, real=0.01 secs] 
2016-09-25T22:29:58.199-0400: 39.462: [GC (GCLocker Initiated GC) [PSYoungGen: 155171K->64872K(172032K)] 392400K->308344K(696320K), 0.0069616 secs] [Times: user=0.05 sys=0.01, real=0.01 secs] 
2016-09-25T22:29:58.259-0400: 39.521: [GC (GCLocker Initiated GC) [PSYoungGen: 154472K->72617K(174080K)] 400784K->331802K(698368K), 0.0104144 secs] [Times: user=0.09 sys=0.00, real=0.01 secs] 
2016-09-25T22:29:58.321-0400: 39.584: [GC (GCLocker Initiated GC) [PSYoungGen: 162217K->56581K(176128K)] 427799K->348551K(700416K), 0.0076275 secs] [Times: user=0.10 sys=0.00, real=0.01 secs] 
2016-09-25T22:29:58.382-0400: 39.645: [GC (GCLocker Initiated GC) [PSYoungGen: 147205K->44242K(175616K)] 452734K->366682K(699904K), 0.0086022 secs] [Times: user=0.06 sys=0.01, real=0.00 secs] 
2016-09-25T22:29:58.443-0400: 39.706: [GC (GCLocker Initiated GC) [PSYoungGen: 134866K->63106K(175104K)] 460121K->393125K(699392K), 0.0201350 secs] [Times: user=0.22 sys=0.00, real=0.02 secs] 
2016-09-25T22:29:58.520-0400: 39.783: [GC (GCLocker Initiated GC) [PSYoungGen: 154242K->68641K(175616K)] 487092K->416991K(699904K), 0.0126606 secs] [Times: user=0.10 sys=0.00, real=0.01 secs] 
2016-09-25T22:29:58.586-0400: 39.849: [GC (GCLocker Initiated GC) [PSYoungGen: 159777K->70220K(175104K)] 517590K->431458K(699392K), 0.1049579 secs] [Times: user=0.25 sys=0.00, real=0.10 secs] 
2016-09-25T22:29:58.750-0400: 40.012: [GC (GCLocker Initiated GC) [PSYoungGen: 160332K->60418K(151040K)] 524334K->429412K(675328K), 0.0069843 secs] [Times: user=0.07 sys=0.00, real=0.01 secs] 
2016-09-25T22:29:58.816-0400: 40.079: [GC (GCLocker Initiated GC) [PSYoungGen: 150530K->52604K(175616K)] 526517K->450946K(699904K), 0.0253801 secs] [Times: user=0.36 sys=0.00, real=0.02 secs] 
2016-09-25T22:29:58.895-0400: 40.158: [GC (GCLocker Initiated GC) [PSYoungGen: 144252K->46946K(175104K)] 543040K->470882K(699392K), 0.0124132 secs] [Times: user=0.11 sys=0.00, real=0.01 secs] 
2016-09-25T22:29:58.967-0400: 40.230: [GC (GCLocker Initiated GC) [PSYoungGen: 138594K->80823K(171520K)] 565414K->523139K(695808K), 0.0097449 secs] [Times: user=0.09 sys=0.00, real=0.01 secs] 
2016-09-25T22:29:59.035-0400: 40.298: [GC (GCLocker Initiated GC) [PSYoungGen: 168887K->57945K(175104K)] 614025K->526686K(699392K), 0.0139608 secs] [Times: user=0.18 sys=0.00, real=0.01 secs] 
2016-09-25T22:29:59.102-0400: 40.365: [GC (GCLocker Initiated GC) [PSYoungGen: 146009K->59169K(171008K)] 623015K->546362K(695296K), 0.0190827 secs] [Times: user=0.18 sys=0.00, real=0.01 secs] 
2016-09-25T22:29:59.122-0400: 40.384: [Full GC (Ergonomics) [PSYoungGen: 59169K->0K(171008K)] [ParOldGen: 487193K->226229K(524288K)] 546362K->226229K(695296K), [Metaspace: 43585K->43585K(1085440K)], 0.0545142 secs] [Times: user=0.43 sys=0.01, real=0.06 secs] 
2016-09-25T22:29:59.234-0400: 40.497: [GC (GCLocker Initiated GC) [PSYoungGen: 88064K->69125K(173056K)] 314322K->295383K(697344K), 0.0062859 secs] [Times: user=0.07 sys=0.00, real=0.01 secs] 
2016-09-25T22:29:59.288-0400: 40.550: [GC (GCLocker Initiated GC) [PSYoungGen: 157189K->55016K(175616K)] 383532K->305462K(699904K), 0.0094401 secs] [Times: user=0.06 sys=0.00, real=0.01 secs] 
2016-09-25T22:29:59.353-0400: 40.616: [GC (GCLocker Initiated GC) [PSYoungGen: 146664K->50311K(176128K)] 401319K->305614K(700416K), 0.0054328 secs] [Times: user=0.05 sys=0.00, real=0.01 secs] 
2016-09-25T22:29:59.406-0400: 40.669: [GC (GCLocker Initiated GC) [PSYoungGen: 141959K->83627K(172032K)] 401420K->346805K(696320K), 0.0085451 secs] [Times: user=0.14 sys=0.00, real=0.01 secs] 
2016-09-25T22:29:59.474-0400: 40.737: [GC (GCLocker Initiated GC) [PSYoungGen: 171691K->61861K(175104K)] 435006K->361081K(699392K), 0.0093797 secs] [Times: user=0.13 sys=0.00, real=0.01 secs] 
2016-09-25T22:29:59.548-0400: 40.810: [GC (GCLocker Initiated GC) [PSYoungGen: 149925K->55238K(174080K)] 452229K->367599K(698368K), 0.0090297 secs] [Times: user=0.05 sys=0.00, real=0.01 secs] 
2016-09-25T22:29:59.608-0400: 40.871: [GC (GCLocker Initiated GC) [PSYoungGen: 143302K->62051K(150528K)] 457121K->378106K(674816K), 0.0056314 secs] [Times: user=0.06 sys=0.00, real=0.00 secs] 
2016-09-25T22:29:59.651-0400: 40.914: [GC (GCLocker Initiated GC) [PSYoungGen: 150115K->75523K(170496K)] 468946K->419450K(694784K), 0.0115852 secs] [Times: user=0.12 sys=0.01, real=0.02 secs] 
2016-09-25T22:29:59.707-0400: 40.970: [GC (GCLocker Initiated GC) [PSYoungGen: 162051K->64626K(173568K)] 511461K->456667K(697856K), 0.0075438 secs] [Times: user=0.11 sys=0.00, real=0.01 secs] 
2016-09-25T22:29:59.763-0400: 41.026: [GC (GCLocker Initiated GC) [PSYoungGen: 151154K->72950K(174080K)] 549225K->486623K(698368K), 0.0085367 secs] [Times: user=0.12 sys=0.00, real=0.00 secs] 
2016-09-25T22:29:59.824-0400: 41.087: [GC (GCLocker Initiated GC) [PSYoungGen: 162038K->59222K(175616K)] 580382K->504104K(699904K), 0.0086445 secs] [Times: user=0.10 sys=0.00, real=0.00 secs] 
2016-09-25T22:29:59.888-0400: 41.150: [GC (GCLocker Initiated GC) [PSYoungGen: 148310K->37584K(173056K)] 598625K->495253K(697344K), 0.0059579 secs] [Times: user=0.04 sys=0.00, real=0.00 secs] 
2016-09-25T22:29:59.933-0400: 41.196: [GC (GCLocker Initiated GC) [PSYoungGen: 125648K->48358K(175104K)] 583333K->509430K(699392K), 0.0058791 secs] [Times: user=0.04 sys=0.00, real=0.01 secs] 
2016-09-25T22:29:59.977-0400: 41.240: [GC (GCLocker Initiated GC) [PSYoungGen: 136422K->83571K(175104K)] 600275K->559024K(699392K), 0.0071590 secs] [Times: user=0.09 sys=0.00, real=0.01 secs] 
2016-09-25T22:30:00.033-0400: 41.295: [Full GC (Ergonomics) [PSYoungGen: 171635K->0K(175104K)] [ParOldGen: 482532K->230077K(524288K)] 654167K->230077K(699392K), [Metaspace: 43586K->43586K(1085440K)], 0.0635888 secs] [Times: user=0.40 sys=0.00, real=0.07 secs] 
2016-09-25T22:30:00.168-0400: 41.431: [GC (GCLocker Initiated GC) [PSYoungGen: 88064K->80035K(175104K)] 326312K->318284K(699392K), 0.0065459 secs] [Times: user=0.09 sys=0.00, real=0.01 secs] 
2016-09-25T22:30:00.220-0400: 41.483: [GC (GCLocker Initiated GC) [PSYoungGen: 168099K->59111K(175104K)] 412161K->313886K(699392K), 0.0057787 secs] [Times: user=0.08 sys=0.00, real=0.01 secs] 
2016-09-25T22:30:00.265-0400: 41.528: [GC (GCLocker Initiated GC) [PSYoungGen: 147175K->67045K(175104K)] 404703K->342688K(699392K), 0.0200463 secs] [Times: user=0.25 sys=0.00, real=0.02 secs] 
2016-09-25T22:30:00.343-0400: 41.606: [GC (GCLocker Initiated GC) [PSYoungGen: 155109K->67327K(175104K)] 432319K->373446K(699392K), 0.0123196 secs] [Times: user=0.15 sys=0.01, real=0.01 secs] 
2016-09-25T22:30:00.410-0400: 41.673: [GC (GCLocker Initiated GC) [PSYoungGen: 155391K->63128K(175104K)] 461542K->375306K(699392K), 0.0073364 secs] [Times: user=0.06 sys=0.01, real=0.01 secs] 
2016-09-25T22:30:00.455-0400: 41.718: [GC (GCLocker Initiated GC) [PSYoungGen: 151192K->70115K(175104K)] 463545K->403188K(699392K), 0.0065060 secs] [Times: user=0.10 sys=0.00, real=0.00 secs] 
2016-09-25T22:30:00.518-0400: 41.781: [GC (GCLocker Initiated GC) [PSYoungGen: 158179K->75408K(175104K)] 491451K->421519K(699392K), 0.0105414 secs] [Times: user=0.12 sys=0.00, real=0.01 secs] 
2016-09-25T22:30:00.610-0400: 41.873: [GC (Allocation Failure) [PSYoungGen: 163472K->49642K(175104K)] 509656K->419368K(699392K), 0.0059755 secs] [Times: user=0.08 sys=0.00, real=0.01 secs] 
2016-09-25T22:30:00.663-0400: 41.926: [GC (GCLocker Initiated GC) [PSYoungGen: 135773K->63206K(175104K)] 510899K->456412K(699392K), 0.0114268 secs] [Times: user=0.13 sys=0.00, real=0.01 secs] 
2016-09-25T22:30:00.755-0400: 42.018: [GC (GCLocker Initiated GC) [PSYoungGen: 151270K->50803K(175104K)] 552627K->460831K(699392K), 0.0102925 secs] [Times: user=0.11 sys=0.00, real=0.01 secs] 
2016-09-25T22:30:00.838-0400: 42.101: [GC (GCLocker Initiated GC) [PSYoungGen: 138867K->69944K(175104K)] 554335K->487255K(699392K), 0.0091375 secs] [Times: user=0.10 sys=0.01, real=0.01 secs] 
2016-09-25T22:30:00.902-0400: 42.165: [GC (GCLocker Initiated GC) [PSYoungGen: 158008K->48041K(175104K)] 579406K->484855K(699392K), 0.0107645 secs] [Times: user=0.10 sys=0.00, real=0.00 secs] 
2016-09-25T22:30:00.984-0400: 42.247: [GC (GCLocker Initiated GC) [PSYoungGen: 136105K->56204K(144384K)] 577091K->512543K(668672K), 0.0320645 secs] [Times: user=0.35 sys=0.00, real=0.03 secs] 
2016-09-25T22:30:01.066-0400: 42.329: [GC (GCLocker Initiated GC) [PSYoungGen: 144268K->52028K(175616K)] 602390K->513304K(699904K), 0.0076632 secs] [Times: user=0.05 sys=0.01, real=0.00 secs] 
2016-09-25T22:30:01.118-0400: 42.381: [GC (GCLocker Initiated GC) [PSYoungGen: 141116K->43960K(174592K)] 611655K->520307K(698880K), 0.0263285 secs] [Times: user=0.27 sys=0.01, real=0.03 secs] 
2016-09-25T22:30:01.205-0400: 42.468: [GC (GCLocker Initiated GC) [PSYoungGen: 133048K->60387K(173056K)] 609495K->542707K(697344K), 0.0100557 secs] [Times: user=0.10 sys=0.01, real=0.01 secs] 
2016-09-25T22:30:01.269-0400: 42.531: [GC (GCLocker Initiated GC) [PSYoungGen: 151011K->63178K(174592K)] 636683K->569615K(698880K), 0.0069111 secs] [Times: user=0.09 sys=0.00, real=0.01 secs] 
2016-09-25T22:30:01.276-0400: 42.538: [Full GC (Ergonomics) [PSYoungGen: 63178K->0K(174592K)] [ParOldGen: 506437K->230594K(524288K)] 569615K->230594K(698880K), [Metaspace: 43586K->43586K(1085440K)], 0.0452810 secs] [Times: user=0.36 sys=0.00, real=0.04 secs] 
2016-09-25T22:30:01.377-0400: 42.639: [GC (GCLocker Initiated GC) [PSYoungGen: 90624K->71443K(175104K)] 321282K->302102K(699392K), 0.0126991 secs] [Times: user=0.08 sys=0.01, real=0.01 secs] 
2016-09-25T22:30:01.462-0400: 42.724: [GC (GCLocker Initiated GC) [PSYoungGen: 163603K->65818K(177152K)] 397151K->309706K(701440K), 0.0246226 secs] [Times: user=0.34 sys=0.01, real=0.03 secs] 
2016-09-25T22:30:01.538-0400: 42.801: [GC (GCLocker Initiated GC) [PSYoungGen: 157978K->50966K(175616K)] 404738K->310402K(699904K), 0.0066544 secs] [Times: user=0.06 sys=0.00, real=0.01 secs] 
2016-09-25T22:30:01.611-0400: 42.874: [GC (GCLocker Initiated GC) [PSYoungGen: 143638K->49682K(176640K)] 405873K->323277K(700928K), 0.0102436 secs] [Times: user=0.09 sys=0.01, real=0.01 secs] 
2016-09-25T22:30:01.685-0400: 42.947: [GC (GCLocker Initiated GC) [PSYoungGen: 142354K->65856K(177664K)] 418820K->360546K(701952K), 0.0103921 secs] [Times: user=0.14 sys=0.01, real=0.01 secs] 
2016-09-25T22:30:01.754-0400: 43.016: [GC (GCLocker Initiated GC) [PSYoungGen: 160576K->69879K(164864K)] 460815K->388219K(689152K), 0.0068662 secs] [Times: user=0.10 sys=0.01, real=0.01 secs] 
2016-09-25T22:30:01.802-0400: 43.064: [GC (GCLocker Initiated GC) [PSYoungGen: 164599K->75377K(173056K)] 489779K->411890K(697344K), 0.0069882 secs] [Times: user=0.11 sys=0.00, real=0.01 secs] 
2016-09-25T22:30:01.850-0400: 43.112: [GC (GCLocker Initiated GC) [PSYoungGen: 163441K->65834K(175104K)] 502778K->427458K(699392K), 0.0081097 secs] [Times: user=0.09 sys=0.00, real=0.01 secs] 
2016-09-25T22:30:01.905-0400: 43.168: [GC (GCLocker Initiated GC) [PSYoungGen: 153898K->65864K(172544K)] 518336K->455071K(696832K), 0.0127141 secs] [Times: user=0.14 sys=0.01, real=0.01 secs] 
2016-09-25T22:30:01.964-0400: 43.227: [GC (GCLocker Initiated GC) [PSYoungGen: 154440K->67253K(174080K)] 553255K->480271K(698368K), 0.0078599 secs] [Times: user=0.10 sys=0.00, real=0.00 secs] 
2016-09-25T22:30:02.022-0400: 43.285: [GC (GCLocker Initiated GC) [PSYoungGen: 155829K->64439K(173056K)] 571648K->506483K(697344K), 0.0087185 secs] [Times: user=0.10 sys=0.01, real=0.01 secs] 
2016-09-25T22:30:02.080-0400: 43.343: [GC (GCLocker Initiated GC) [PSYoungGen: 156087K->46859K(175104K)] 603641K->509740K(699392K), 0.0145342 secs] [Times: user=0.16 sys=0.00, real=0.02 secs] 
2016-09-25T22:30:02.145-0400: 43.408: [GC (GCLocker Initiated GC) [PSYoungGen: 138507K->50909K(178176K)] 606032K->524361K(702464K), 0.0082778 secs] [Times: user=0.09 sys=0.00, real=0.00 secs] 
2016-09-25T22:30:02.203-0400: 43.466: [GC (GCLocker Initiated GC) [PSYoungGen: 145117K->60376K(154624K)] 621710K->541586K(678912K), 0.0069540 secs] [Times: user=0.08 sys=0.00, real=0.00 secs] 
2016-09-25T22:30:02.264-0400: 43.527: [GC (GCLocker Initiated GC) [PSYoungGen: 154584K->67304K(175104K)] 642634K->563990K(699392K), 0.0070873 secs] [Times: user=0.08 sys=0.01, real=0.00 secs] 
2016-09-25T22:30:02.271-0400: 43.534: [Full GC (Ergonomics) [PSYoungGen: 67304K->0K(175104K)] [ParOldGen: 496685K->241525K(524288K)] 563990K->241525K(699392K), [Metaspace: 43586K->43586K(1085440K)], 0.0498870 secs] [Times: user=0.45 sys=0.02, real=0.05 secs] 
2016-09-25T22:30:02.371-0400: 43.633: [GC (GCLocker Initiated GC) [PSYoungGen: 93696K->51782K(175616K)] 338817K->296904K(699904K), 0.0101892 secs] [Times: user=0.11 sys=0.00, real=0.01 secs] 
2016-09-25T22:30:02.442-0400: 43.704: [GC (GCLocker Initiated GC) [PSYoungGen: 145478K->57842K(177152K)] 402818K->343670K(701440K), 0.0098266 secs] [Times: user=0.15 sys=0.00, real=0.01 secs] 
2016-09-25T22:30:02.509-0400: 43.772: [GC (GCLocker Initiated GC) [PSYoungGen: 156658K->52279K(178688K)] 445476K->343085K(702976K), 0.0067002 secs] [Times: user=0.06 sys=0.00, real=0.01 secs] 
2016-09-25T22:30:02.561-0400: 43.824: [GC (GCLocker Initiated GC) [PSYoungGen: 151095K->76882K(173568K)] 446106K->379140K(697856K), 0.0067693 secs] [Times: user=0.09 sys=0.01, real=0.01 secs] 
2016-09-25T22:30:02.616-0400: 43.878: [GC (GCLocker Initiated GC) [PSYoungGen: 171090K->80817K(175104K)] 476209K->405614K(699392K), 0.0074515 secs] [Times: user=0.11 sys=0.01, real=0.01 secs] 
2016-09-25T22:30:02.671-0400: 43.933: [GC (GCLocker Initiated GC) [PSYoungGen: 175025K->74152K(175104K)] 503964K->403737K(699392K), 0.0086868 secs] [Times: user=0.09 sys=0.00, real=0.01 secs] 
2016-09-25T22:30:02.762-0400: 44.025: [GC (GCLocker Initiated GC) [PSYoungGen: 162216K->68554K(175104K)] 494853K->414097K(699392K), 0.0101265 secs] [Times: user=0.15 sys=0.01, real=0.00 secs] 
2016-09-25T22:30:02.864-0400: 44.127: [GC (GCLocker Initiated GC) [PSYoungGen: 156618K->77826K(175104K)] 505006K->437564K(699392K), 0.0114909 secs] [Times: user=0.12 sys=0.00, real=0.01 secs] 
2016-09-25T22:30:02.973-0400: 44.236: [GC (GCLocker Initiated GC) [PSYoungGen: 165890K->34773K(175104K)] 525714K->409883K(699392K), 0.0073060 secs] [Times: user=0.08 sys=0.01, real=0.01 secs] 
2016-09-25T22:30:03.021-0400: 44.284: [GC (GCLocker Initiated GC) [PSYoungGen: 122837K->68625K(175104K)] 498027K->453964K(699392K), 0.0241423 secs] [Times: user=0.34 sys=0.02, real=0.03 secs] 
2016-09-25T22:30:03.126-0400: 44.389: [GC (GCLocker Initiated GC) [PSYoungGen: 156689K->40243K(175104K)] 551964K->436112K(699392K), 0.0076186 secs] [Times: user=0.07 sys=0.01, real=0.00 secs] 
2016-09-25T22:30:03.198-0400: 44.460: [GC (GCLocker Initiated GC) [PSYoungGen: 128307K->53501K(175104K)] 535226K->472041K(699392K), 0.0075128 secs] [Times: user=0.11 sys=0.00, real=0.01 secs] 
2016-09-25T22:30:03.284-0400: 44.547: [GC (GCLocker Initiated GC) [PSYoungGen: 141565K->49566K(175104K)] 568309K->476896K(699392K), 0.0074431 secs] [Times: user=0.08 sys=0.01, real=0.00 secs] 
2016-09-25T22:30:03.350-0400: 44.612: [GC (GCLocker Initiated GC) [PSYoungGen: 137630K->35784K(175104K)] 570431K->470590K(699392K), 0.0070581 secs] [Times: user=0.05 sys=0.01, real=0.01 secs] 
2016-09-25T22:30:03.418-0400: 44.681: [GC (GCLocker Initiated GC) [PSYoungGen: 123848K->48217K(175104K)] 572210K->499715K(699392K), 0.0059165 secs] [Times: user=0.06 sys=0.00, real=0.01 secs] 
2016-09-25T22:30:03.517-0400: 44.780: [GC (GCLocker Initiated GC) [PSYoungGen: 136281K->48428K(175104K)] 587895K->519653K(699392K), 0.0111265 secs] [Times: user=0.10 sys=0.01, real=0.01 secs] 
2016-09-25T22:30:04.716-0400: 45.978: [GC (GCLocker Initiated GC) [PSYoungGen: 136492K->45331K(133632K)] 612059K->525587K(657920K), 0.0075540 secs] [Times: user=0.10 sys=0.01, real=0.01 secs] 
2016-09-25T22:30:04.786-0400: 46.049: [GC (GCLocker Initiated GC) [PSYoungGen: 133395K->57609K(176640K)] 620435K->565405K(700928K), 0.0091863 secs] [Times: user=0.12 sys=0.02, real=0.01 secs] 
2016-09-25T22:30:04.795-0400: 46.058: [Full GC (Ergonomics) [PSYoungGen: 57609K->0K(176640K)] [ParOldGen: 507795K->248458K(524288K)] 565405K->248458K(700928K), [Metaspace: 43601K->43601K(1085440K)], 0.0689415 secs] [Times: user=0.72 sys=0.06, real=0.07 secs] 
2016-09-25T22:30:04.913-0400: 46.175: [GC (GCLocker Initiated GC) [PSYoungGen: 90112K->82940K(174592K)] 338685K->336914K(698880K), 0.0070467 secs] [Times: user=0.10 sys=0.01, real=0.01 secs] 
2016-09-25T22:30:04.978-0400: 46.240: [GC (GCLocker Initiated GC) [PSYoungGen: 173052K->57891K(175104K)] 436569K->339064K(699392K), 0.0115192 secs] [Times: user=0.18 sys=0.01, real=0.01 secs] 
2016-09-25T22:30:05.041-0400: 46.304: [GC (GCLocker Initiated GC) [PSYoungGen: 145955K->59267K(147456K)] 429898K->346562K(671744K), 0.0067643 secs] [Times: user=0.07 sys=0.00, real=0.01 secs] 
2016-09-25T22:30:05.090-0400: 46.352: [GC (GCLocker Initiated GC) [PSYoungGen: 147331K->69991K(173056K)] 434846K->375781K(697344K), 0.0076814 secs] [Times: user=0.11 sys=0.00, real=0.01 secs] 
2016-09-25T22:30:05.140-0400: 46.403: [GC (GCLocker Initiated GC) [PSYoungGen: 157031K->62114K(174080K)] 468319K->388905K(698368K), 0.0070535 secs] [Times: user=0.12 sys=0.00, real=0.01 secs] 
2016-09-25T22:30:05.199-0400: 46.462: [GC (GCLocker Initiated GC) [PSYoungGen: 149154K->63356K(173056K)] 492287K->435644K(697344K), 0.0078652 secs] [Times: user=0.12 sys=0.00, real=0.01 secs] 
2016-09-25T22:30:05.252-0400: 46.515: [GC (GCLocker Initiated GC) [PSYoungGen: 152444K->68525K(174080K)] 525046K->455371K(698368K), 0.0128395 secs] [Times: user=0.19 sys=0.01, real=0.02 secs] 
2016-09-25T22:30:05.315-0400: 46.577: [GC (GCLocker Initiated GC) [PSYoungGen: 157613K->61724K(174080K)] 547231K->472188K(698368K), 0.0084315 secs] [Times: user=0.12 sys=0.00, real=0.01 secs] 
2016-09-25T22:30:05.366-0400: 46.629: [GC (GCLocker Initiated GC) [PSYoungGen: 152860K->55429K(175104K)] 566211K->503021K(699392K), 0.0071343 secs] [Times: user=0.10 sys=0.00, real=0.00 secs] 
2016-09-25T22:30:05.417-0400: 46.679: [GC (GCLocker Initiated GC) [PSYoungGen: 146565K->81003K(170496K)] 601049K->544479K(694784K), 0.0080407 secs] [Times: user=0.12 sys=0.00, real=0.01 secs] 
2016-09-25T22:30:05.479-0400: 46.741: [GC (GCLocker Initiated GC) [PSYoungGen: 169067K->60573K(175104K)] 636659K->568204K(699392K), 0.0080677 secs] [Times: user=0.10 sys=0.00, real=0.01 secs] 
2016-09-25T22:30:05.487-0400: 46.750: [Full GC (Ergonomics) [PSYoungGen: 60573K->0K(175104K)] [ParOldGen: 507630K->250626K(524288K)] 568204K->250626K(699392K), [Metaspace: 43604K->43604K(1085440K)], 0.0509895 secs] [Times: user=0.43 sys=0.00, real=0.05 secs] 
2016-09-25T22:30:05.592-0400: 46.854: [GC (GCLocker Initiated GC) [PSYoungGen: 88064K->57067K(170496K)] 348160K->317164K(694784K), 0.0131277 secs] [Times: user=0.17 sys=0.00, real=0.02 secs] 
2016-09-25T22:30:05.656-0400: 46.918: [GC (GCLocker Initiated GC) [PSYoungGen: 146667K->42715K(173568K)] 406771K->313514K(697856K), 0.0052102 secs] [Times: user=0.04 sys=0.00, real=0.00 secs] 
2016-09-25T22:30:05.702-0400: 46.965: [GC (GCLocker Initiated GC) [PSYoungGen: 132315K->84809K(173056K)] 403193K->368339K(697344K), 0.0104189 secs] [Times: user=0.14 sys=0.02, real=0.01 secs] 
2016-09-25T22:30:05.762-0400: 47.025: [GC (GCLocker Initiated GC) [PSYoungGen: 172873K->64771K(175104K)] 464581K->373323K(699392K), 0.0083540 secs] [Times: user=0.10 sys=0.00, real=0.01 secs] 
2016-09-25T22:30:05.837-0400: 47.100: [GC (GCLocker Initiated GC) [PSYoungGen: 152835K->72642K(175104K)] 473775K->395805K(699392K), 0.0070114 secs] [Times: user=0.09 sys=0.00, real=0.01 secs] 
2016-09-25T22:30:05.907-0400: 47.169: [GC (GCLocker Initiated GC) [PSYoungGen: 160706K->53807K(175104K)] 494712K->400591K(699392K), 0.0051167 secs] [Times: user=0.06 sys=0.00, real=0.00 secs] 
2016-09-25T22:30:05.954-0400: 47.217: [GC (GCLocker Initiated GC) [PSYoungGen: 141871K->63160K(175104K)] 495734K->421718K(699392K), 0.0118667 secs] [Times: user=0.12 sys=0.01, real=0.01 secs] 
2016-09-25T22:30:06.013-0400: 47.275: [GC (GCLocker Initiated GC) [PSYoungGen: 151224K->75216K(175104K)] 512570K->437150K(699392K), 0.0106520 secs] [Times: user=0.12 sys=0.01, real=0.02 secs] 
2016-09-25T22:30:06.074-0400: 47.337: [GC (GCLocker Initiated GC) [PSYoungGen: 163280K->65977K(175104K)] 536252K->462505K(699392K), 0.0221697 secs] [Times: user=0.34 sys=0.00, real=0.03 secs] 
2016-09-25T22:30:06.152-0400: 47.414: [GC (GCLocker Initiated GC) [PSYoungGen: 154041K->64401K(152576K)] 558817K->471101K(676864K), 0.0117509 secs] [Times: user=0.07 sys=0.00, real=0.02 secs] 
2016-09-25T22:30:06.224-0400: 47.487: [GC (GCLocker Initiated GC) [PSYoungGen: 152465K->41531K(172032K)] 570203K->481436K(696320K), 0.0192431 secs] [Times: user=0.25 sys=0.00, real=0.02 secs] 
2016-09-25T22:30:06.297-0400: 47.559: [GC (GCLocker Initiated GC) [PSYoungGen: 128059K->72689K(173568K)] 570786K->518720K(697856K), 0.0064789 secs] [Times: user=0.06 sys=0.01, real=0.01 secs] 
2016-09-25T22:30:06.343-0400: 47.606: [GC (GCLocker Initiated GC) [PSYoungGen: 159217K->59173K(175104K)] 605343K->534309K(699392K), 0.0069707 secs] [Times: user=0.09 sys=0.00, real=0.00 secs] 
2016-09-25T22:30:06.393-0400: 47.656: [GC (GCLocker Initiated GC) [PSYoungGen: 147237K->75431K(175104K)] 622461K->553998K(699392K), 0.0074232 secs] [Times: user=0.08 sys=0.00, real=0.01 secs] 
2016-09-25T22:30:06.465-0400: 47.728: [Full GC (Ergonomics) [PSYoungGen: 163495K->0K(175104K)] [ParOldGen: 486830K->267463K(524288K)] 650326K->267463K(699392K), [Metaspace: 43612K->43612K(1085440K)], 0.0577560 secs] [Times: user=0.48 sys=0.01, real=0.06 secs] 
2016-09-25T22:30:06.576-0400: 47.839: [GC (GCLocker Initiated GC) [PSYoungGen: 88064K->68931K(175104K)] 363721K->344588K(699392K), 0.0148136 secs] [Times: user=0.22 sys=0.00, real=0.01 secs] 
2016-09-25T22:30:06.647-0400: 47.910: [GC (GCLocker Initiated GC) [PSYoungGen: 156995K->68420K(175104K)] 435424K->355972K(699392K), 0.0070419 secs] [Times: user=0.07 sys=0.00, real=0.01 secs] 
2016-09-25T22:30:06.707-0400: 47.970: [GC (GCLocker Initiated GC) [PSYoungGen: 156484K->52261K(175104K)] 457597K->364614K(699392K), 0.0121305 secs] [Times: user=0.10 sys=0.00, real=0.01 secs] 
2016-09-25T22:30:06.784-0400: 48.046: [GC (GCLocker Initiated GC) [PSYoungGen: 140325K->67203K(155648K)] 458374K->390054K(679936K), 0.0062929 secs] [Times: user=0.09 sys=0.00, real=0.00 secs] 
2016-09-25T22:30:06.841-0400: 48.104: [GC (GCLocker Initiated GC) [PSYoungGen: 155267K->61830K(176640K)] 483735K->405721K(700928K), 0.0086520 secs] [Times: user=0.12 sys=0.00, real=0.01 secs] 
2016-09-25T22:30:06.908-0400: 48.170: [GC (GCLocker Initiated GC) [PSYoungGen: 151942K->71324K(174592K)] 504121K->423991K(698880K), 0.0057891 secs] [Times: user=0.08 sys=0.00, real=0.00 secs] 
2016-09-25T22:30:06.972-0400: 48.234: [GC (GCLocker Initiated GC) [PSYoungGen: 161436K->49459K(175616K)] 517063K->417848K(699904K), 0.0092757 secs] [Times: user=0.06 sys=0.00, real=0.01 secs] 
2016-09-25T22:30:07.036-0400: 48.299: [GC (GCLocker Initiated GC) [PSYoungGen: 139571K->59043K(149504K)] 513717K->433615K(673792K), 0.0063403 secs] [Times: user=0.06 sys=0.00, real=0.01 secs] 
2016-09-25T22:30:07.096-0400: 48.359: [GC (GCLocker Initiated GC) [PSYoungGen: 149155K->56205K(176128K)] 529198K->458409K(700416K), 0.0066521 secs] [Times: user=0.07 sys=0.00, real=0.01 secs] 
2016-09-25T22:30:07.158-0400: 48.420: [GC (GCLocker Initiated GC) [PSYoungGen: 147853K->58985K(175104K)] 558298K->475220K(699392K), 0.0256954 secs] [Times: user=0.26 sys=0.00, real=0.03 secs] 
2016-09-25T22:30:07.234-0400: 48.497: [GC (GCLocker Initiated GC) [PSYoungGen: 150633K->58974K(177152K)] 566965K->485386K(701440K), 0.0116999 secs] [Times: user=0.12 sys=0.00, real=0.01 secs] 
2016-09-25T22:30:07.300-0400: 48.562: [GC (GCLocker Initiated GC) [PSYoungGen: 154718K->60298K(175616K)] 581195K->498107K(699904K), 0.0118505 secs] [Times: user=0.11 sys=0.01, real=0.01 secs] 
2016-09-25T22:30:07.359-0400: 48.622: [GC (GCLocker Initiated GC) [PSYoungGen: 156042K->66088K(179200K)] 598088K->533004K(703488K), 0.0112154 secs] [Times: user=0.16 sys=0.00, real=0.01 secs] 
2016-09-25T22:30:07.424-0400: 48.687: [GC (GCLocker Initiated GC) [PSYoungGen: 166952K->76691K(179200K)] 634040K->560747K(703488K), 0.0068533 secs] [Times: user=0.10 sys=0.00, real=0.00 secs] 
2016-09-25T22:30:07.497-0400: 48.760: [GC (GCLocker Initiated GC) [PSYoungGen: 177555K->78079K(172544K)] 669885K->570988K(696832K), 0.0067611 secs] [Times: user=0.09 sys=0.00, real=0.01 secs] 
2016-09-25T22:30:07.504-0400: 48.767: [Full GC (Ergonomics) [PSYoungGen: 78079K->0K(172544K)] [ParOldGen: 492909K->277150K(524288K)] 570988K->277150K(696832K), [Metaspace: 43614K->43614K(1085440K)], 0.0688746 secs] [Times: user=0.51 sys=0.01, real=0.06 secs] 
2016-09-25T22:30:07.622-0400: 48.885: [GC (GCLocker Initiated GC) [PSYoungGen: 90112K->77331K(167936K)] 375676K->362896K(692224K), 0.0068366 secs] [Times: user=0.09 sys=0.00, real=0.00 secs] 
2016-09-25T22:30:07.682-0400: 48.945: [GC (GCLocker Initiated GC) [PSYoungGen: 167443K->61740K(175104K)] 458515K->355393K(699392K), 0.0067852 secs] [Times: user=0.08 sys=0.00, real=0.01 secs] 
2016-09-25T22:30:07.740-0400: 49.002: [GC (GCLocker Initiated GC) [PSYoungGen: 149804K->52519K(175104K)] 457124K->361683K(699392K), 0.0054679 secs] [Times: user=0.08 sys=0.01, real=0.01 secs] 
2016-09-25T22:30:07.799-0400: 49.061: [GC (GCLocker Initiated GC) [PSYoungGen: 140583K->75246K(175104K)] 455340K->392076K(699392K), 0.0061891 secs] [Times: user=0.08 sys=0.01, real=0.01 secs] 
2016-09-25T22:30:07.864-0400: 49.127: [GC (GCLocker Initiated GC) [PSYoungGen: 163310K->56276K(175104K)] 485637K->389967K(699392K), 0.0057357 secs] [Times: user=0.07 sys=0.00, real=0.00 secs] 
2016-09-25T22:30:07.923-0400: 49.185: [GC (GCLocker Initiated GC) [PSYoungGen: 144340K->57990K(175104K)] 490344K->423404K(699392K), 0.0065804 secs] [Times: user=0.09 sys=0.01, real=0.00 secs] 
2016-09-25T22:30:07.985-0400: 49.248: [GC (GCLocker Initiated GC) [PSYoungGen: 146054K->65899K(154112K)] 525077K->451084K(678400K), 0.0140564 secs] [Times: user=0.10 sys=0.00, real=0.01 secs] 
2016-09-25T22:30:08.058-0400: 49.320: [GC (GCLocker Initiated GC) [PSYoungGen: 153963K->53781K(174080K)] 558126K->472038K(698368K), 0.0057547 secs] [Times: user=0.08 sys=0.00, real=0.01 secs] 
2016-09-25T22:30:08.119-0400: 49.382: [GC (GCLocker Initiated GC) [PSYoungGen: 142357K->61842K(173568K)] 574266K->494370K(697856K), 0.0101510 secs] [Times: user=0.16 sys=0.00, real=0.01 secs] 
2016-09-25T22:30:08.187-0400: 49.450: [GC (GCLocker Initiated GC) [PSYoungGen: 150418K->60390K(175616K)] 585981K->499216K(699904K), 0.0087161 secs] [Times: user=0.13 sys=0.00, real=0.01 secs] 
2016-09-25T22:30:08.247-0400: 49.509: [GC (GCLocker Initiated GC) [PSYoungGen: 153574K->71293K(174592K)] 595175K->526912K(698880K), 0.0074466 secs] [Times: user=0.10 sys=0.01, real=0.01 secs] 
2016-09-25T22:30:08.321-0400: 49.584: [GC (GCLocker Initiated GC) [PSYoungGen: 164477K->50939K(179200K)] 620116K->542198K(703488K), 0.0114073 secs] [Times: user=0.15 sys=0.01, real=0.01 secs] 
2016-09-25T22:30:08.333-0400: 49.595: [Full GC (Ergonomics) [PSYoungGen: 50939K->0K(179200K)] [ParOldGen: 491258K->274752K(524288K)] 542198K->274752K(703488K), [Metaspace: 43614K->43614K(1085440K)], 0.0541291 secs] [Times: user=0.38 sys=0.00, real=0.06 secs] 
2016-09-25T22:30:08.444-0400: 49.707: [GC (GCLocker Initiated GC) [PSYoungGen: 96256K->81643K(178176K)] 371582K->362370K(702464K), 0.0068750 secs] [Times: user=0.09 sys=0.00, real=0.00 secs] 
2016-09-25T22:30:08.513-0400: 49.776: [GC (GCLocker Initiated GC) [PSYoungGen: 177899K->68565K(172032K)] 465603K->360474K(696320K), 0.0070655 secs] [Times: user=0.09 sys=0.00, real=0.01 secs] 
2016-09-25T22:30:08.587-0400: 49.850: [GC (GCLocker Initiated GC) [PSYoungGen: 156629K->75244K(175104K)] 455387K->384058K(699392K), 0.0127739 secs] [Times: user=0.12 sys=0.00, real=0.01 secs] 
2016-09-25T22:30:08.662-0400: 49.925: [GC (GCLocker Initiated GC) [PSYoungGen: 163308K->30790K(175104K)] 483349K->371620K(699392K), 0.0086177 secs] [Times: user=0.09 sys=0.00, real=0.00 secs] 
2016-09-25T22:30:08.730-0400: 49.992: [GC (GCLocker Initiated GC) [PSYoungGen: 118854K->64331K(175104K)] 462492K->414100K(699392K), 0.0069410 secs] [Times: user=0.08 sys=0.01, real=0.01 secs] 
2016-09-25T22:30:08.780-0400: 50.043: [GC (GCLocker Initiated GC) [PSYoungGen: 152395K->45587K(175104K)] 505006K->409347K(699392K), 0.0081913 secs] [Times: user=0.06 sys=0.00, real=0.01 secs] 
2016-09-25T22:30:08.832-0400: 50.095: [GC (GCLocker Initiated GC) [PSYoungGen: 133651K->70151K(175104K)] 502885K->441427K(699392K), 0.0071581 secs] [Times: user=0.09 sys=0.00, real=0.01 secs] 
2016-09-25T22:30:08.911-0400: 50.174: [GC (GCLocker Initiated GC) [PSYoungGen: 158215K->67138K(175104K)] 532337K->442033K(699392K), 0.0143943 secs] [Times: user=0.14 sys=0.02, real=0.02 secs] 
2016-09-25T22:30:08.983-0400: 50.246: [GC (GCLocker Initiated GC) [PSYoungGen: 155202K->69869K(175104K)] 535588K->471005K(699392K), 0.0171373 secs] [Times: user=0.25 sys=0.00, real=0.01 secs] 
2016-09-25T22:30:09.052-0400: 50.314: [GC (GCLocker Initiated GC) [PSYoungGen: 157933K->52365K(175104K)] 561865K->482542K(699392K), 0.0115827 secs] [Times: user=0.17 sys=0.00, real=0.02 secs] 
2016-09-25T22:30:09.144-0400: 50.407: [GC (GCLocker Initiated GC) [PSYoungGen: 140429K->64622K(175104K)] 573334K->522456K(699392K), 0.0125496 secs] [Times: user=0.17 sys=0.01, real=0.01 secs] 
2016-09-25T22:30:09.210-0400: 50.473: [GC (GCLocker Initiated GC) [PSYoungGen: 152686K->48170K(175104K)] 613266K->529653K(699392K), 0.0077365 secs] [Times: user=0.07 sys=0.01, real=0.01 secs] 
2016-09-25T22:30:09.258-0400: 50.520: [GC (GCLocker Initiated GC) [PSYoungGen: 136234K->74128K(175104K)] 617764K->579281K(699392K), 0.0234540 secs] [Times: user=0.29 sys=0.03, real=0.02 secs] 
2016-09-25T22:30:09.281-0400: 50.544: [Full GC (Ergonomics) [PSYoungGen: 74128K->0K(175104K)] [ParOldGen: 505152K->291834K(524288K)] 579281K->291834K(699392K), [Metaspace: 43614K->43614K(1085440K)], 0.1027912 secs] [Times: user=0.62 sys=0.03, real=0.11 secs] 
2016-09-25T22:30:09.430-0400: 50.693: [GC (GCLocker Initiated GC) [PSYoungGen: 88064K->51710K(175104K)] 379980K->343627K(699392K), 0.0068406 secs] [Times: user=0.05 sys=0.00, real=0.01 secs] 
2016-09-25T22:30:09.498-0400: 50.761: [GC (GCLocker Initiated GC) [PSYoungGen: 139774K->59279K(147456K)] 435820K->381017K(671744K), 0.0169314 secs] [Times: user=0.18 sys=0.02, real=0.02 secs] 
2016-09-25T22:30:09.587-0400: 50.849: [GC (GCLocker Initiated GC) [PSYoungGen: 147343K->38635K(174080K)] 474588K->373435K(698368K), 0.0068889 secs] [Times: user=0.06 sys=0.00, real=0.00 secs] 
2016-09-25T22:30:09.637-0400: 50.900: [GC (GCLocker Initiated GC) [PSYoungGen: 126187K->52326K(174592K)] 463723K->391751K(698880K), 0.0148369 secs] [Times: user=0.11 sys=0.00, real=0.01 secs] 
2016-09-25T22:30:09.717-0400: 50.980: [GC (GCLocker Initiated GC) [PSYoungGen: 139878K->53741K(171520K)] 484983K->411690K(695808K), 0.0103004 secs] [Times: user=0.11 sys=0.00, real=0.01 secs] 
2016-09-25T22:30:09.803-0400: 51.065: [GC (GCLocker Initiated GC) [PSYoungGen: 142829K->61996K(173056K)] 504899K->447666K(697344K), 0.0086236 secs] [Times: user=0.09 sys=0.01, real=0.00 secs] 
2016-09-25T22:30:09.855-0400: 51.117: [GC (GCLocker Initiated GC) [PSYoungGen: 151084K->70025K(175104K)] 539527K->459170K(699392K), 0.0067397 secs] [Times: user=0.08 sys=0.00, real=0.00 secs] 
2016-09-25T22:30:09.917-0400: 51.179: [GC (GCLocker Initiated GC) [PSYoungGen: 162185K->61939K(177152K)] 556972K->469583K(701440K), 0.0100196 secs] [Times: user=0.15 sys=0.00, real=0.01 secs] 
2016-09-25T22:30:10.007-0400: 51.269: [GC (GCLocker Initiated GC) [PSYoungGen: 154099K->76901K(171520K)] 564535K->489408K(695808K), 0.0125002 secs] [Times: user=0.14 sys=0.00, real=0.01 secs] 
2016-09-25T22:30:10.074-0400: 51.337: [GC (GCLocker Initiated GC) [PSYoungGen: 164965K->49725K(175104K)] 585814K->491621K(699392K), 0.0090881 secs] [Times: user=0.07 sys=0.00, real=0.01 secs] 
2016-09-25T22:30:10.161-0400: 51.424: [GC (GCLocker Initiated GC) [PSYoungGen: 137789K->53683K(171520K)] 587927K->508716K(695808K), 0.0145861 secs] [Times: user=0.13 sys=0.01, real=0.02 secs] 
2016-09-25T22:30:10.254-0400: 51.517: [GC (GCLocker Initiated GC) [PSYoungGen: 142259K->38935K(173568K)] 600767K->518342K(697856K), 0.0076197 secs] [Times: user=0.06 sys=0.00, real=0.01 secs] 
2016-09-25T22:30:10.313-0400: 51.576: [Full GC (Ergonomics) [PSYoungGen: 127511K->0K(173568K)] [ParOldGen: 490841K->285767K(524288K)] 618352K->285767K(697856K), [Metaspace: 43616K->43616K(1085440K)], 0.0527458 secs] [Times: user=0.48 sys=0.01, real=0.06 secs] 
2016-09-25T22:30:10.417-0400: 51.679: [GC (GCLocker Initiated GC) [PSYoungGen: 88576K->73075K(174080K)] 374384K->358883K(698368K), 0.0107260 secs] [Times: user=0.13 sys=0.00, real=0.01 secs] 
2016-09-25T22:30:10.487-0400: 51.750: [GC (GCLocker Initiated GC) [PSYoungGen: 161139K->57944K(175104K)] 453771K->390827K(699392K), 0.0144428 secs] [Times: user=0.21 sys=0.00, real=0.01 secs] 
2016-09-25T22:30:10.567-0400: 51.830: [GC (GCLocker Initiated GC) [PSYoungGen: 146008K->80887K(174592K)] 481656K->421301K(698880K), 0.0098974 secs] [Times: user=0.14 sys=0.00, real=0.01 secs] 
2016-09-25T22:30:10.633-0400: 51.896: [GC (GCLocker Initiated GC) [PSYoungGen: 168951K->55240K(175104K)] 512424K->419696K(699392K), 0.0179753 secs] [Times: user=0.24 sys=0.01, real=0.02 secs] 
2016-09-25T22:30:10.718-0400: 51.981: [GC (GCLocker Initiated GC) [PSYoungGen: 143304K->60648K(175104K)] 513552K->435750K(699392K), 0.0064071 secs] [Times: user=0.08 sys=0.00, real=0.01 secs] 
2016-09-25T22:30:10.767-0400: 52.030: [GC (GCLocker Initiated GC) [PSYoungGen: 148712K->76912K(175104K)] 529252K->459554K(699392K), 0.0104695 secs] [Times: user=0.15 sys=0.00, real=0.01 secs] 
2016-09-25T22:30:10.832-0400: 52.094: [GC (GCLocker Initiated GC) [PSYoungGen: 164976K->42841K(175104K)] 547665K->439806K(699392K), 0.0095118 secs] [Times: user=0.09 sys=0.00, real=0.01 secs] 
2016-09-25T22:30:10.902-0400: 52.164: [GC (GCLocker Initiated GC) [PSYoungGen: 130905K->39166K(175104K)] 540252K->449112K(699392K), 0.0067561 secs] [Times: user=0.05 sys=0.00, real=0.01 secs] 
2016-09-25T22:30:10.970-0400: 52.233: [GC (GCLocker Initiated GC) [PSYoungGen: 127230K->71489K(175104K)] 550873K->498833K(699392K), 0.0066539 secs] [Times: user=0.08 sys=0.00, real=0.01 secs] 
2016-09-25T22:30:11.040-0400: 52.303: [GC (GCLocker Initiated GC) [PSYoungGen: 159553K->56476K(175104K)] 589663K->503558K(699392K), 0.0064467 secs] [Times: user=0.08 sys=0.00, real=0.01 secs] 
2016-09-25T22:30:11.098-0400: 52.361: [GC (GCLocker Initiated GC) [PSYoungGen: 144540K->48487K(175104K)] 598574K->503135K(699392K), 0.0101355 secs] [Times: user=0.06 sys=0.01, real=0.01 secs] 
2016-09-25T22:30:11.167-0400: 52.430: [GC (GCLocker Initiated GC) [PSYoungGen: 136551K->59282K(147456K)] 603815K->539709K(671744K), 0.0083121 secs] [Times: user=0.11 sys=0.00, real=0.01 secs] 
2016-09-25T22:30:11.237-0400: 52.500: [GC (GCLocker Initiated GC) [PSYoungGen: 147346K->45751K(175616K)] 636013K->537878K(699904K), 0.0095510 secs] [Times: user=0.07 sys=0.00, real=0.01 secs] 
2016-09-25T22:30:11.247-0400: 52.510: [Full GC (Ergonomics) [PSYoungGen: 45751K->0K(175616K)] [ParOldGen: 492126K->299516K(524288K)] 537878K->299516K(699904K), [Metaspace: 43617K->43617K(1085440K)], 0.0613109 secs] [Times: user=0.50 sys=0.02, real=0.06 secs] 
2016-09-25T22:30:11.368-0400: 52.630: [GC (GCLocker Initiated GC) [PSYoungGen: 89088K->47852K(174592K)] 396902K->355667K(698880K), 0.0078465 secs] [Times: user=0.10 sys=0.00, real=0.01 secs] 
2016-09-25T22:30:11.450-0400: 52.712: [GC (GCLocker Initiated GC) [PSYoungGen: 136940K->53703K(173568K)] 457243K->384953K(697856K), 0.0057399 secs] [Times: user=0.07 sys=0.01, real=0.01 secs] 
2016-09-25T22:30:11.520-0400: 52.782: [GC (GCLocker Initiated GC) [PSYoungGen: 145863K->63438K(174080K)] 492027K->411557K(698368K), 0.0081303 secs] [Times: user=0.10 sys=0.00, real=0.01 secs] 
2016-09-25T22:30:11.586-0400: 52.848: [GC (GCLocker Initiated GC) [PSYoungGen: 155598K->49785K(178176K)] 513256K->419054K(702464K), 0.0132835 secs] [Times: user=0.18 sys=0.00, real=0.01 secs] 
2016-09-25T22:30:11.654-0400: 52.917: [GC (GCLocker Initiated GC) [PSYoungGen: 148089K->64440K(179200K)] 520209K->438599K(703488K), 0.0084612 secs] [Times: user=0.08 sys=0.00, real=0.01 secs] 
2016-09-25T22:30:11.712-0400: 52.975: [GC (GCLocker Initiated GC) [PSYoungGen: 162744K->64809K(179712K)] 539739K->455918K(704000K), 0.0087794 secs] [Times: user=0.11 sys=0.00, real=0.01 secs] 
2016-09-25T22:30:11.779-0400: 53.042: [GC (GCLocker Initiated GC) [PSYoungGen: 163113K->56397K(155136K)] 559800K->459231K(679424K), 0.0079479 secs] [Times: user=0.06 sys=0.00, real=0.01 secs] 
2016-09-25T22:30:11.841-0400: 53.104: [GC (GCLocker Initiated GC) [PSYoungGen: 154701K->71549K(175616K)] 560388K->479184K(699904K), 0.0127845 secs] [Times: user=0.14 sys=0.01, real=0.02 secs] 
2016-09-25T22:30:11.913-0400: 53.175: [GC (GCLocker Initiated GC) [PSYoungGen: 167293K->63165K(178688K)] 585968K->500210K(702976K), 0.0075837 secs] [Times: user=0.07 sys=0.00, real=0.01 secs] 
2016-09-25T22:30:11.988-0400: 53.250: [GC (GCLocker Initiated GC) [PSYoungGen: 158909K->68653K(177152K)] 607001K->517473K(701440K), 0.0087322 secs] [Times: user=0.13 sys=0.00, real=0.01 secs] 
2016-09-25T22:30:12.043-0400: 53.306: [GC (GCLocker Initiated GC) [PSYoungGen: 163885K->77920K(173568K)] 615466K->535605K(697856K), 0.0080107 secs] [Times: user=0.09 sys=0.00, real=0.00 secs] 
2016-09-25T22:30:12.106-0400: 53.369: [GC (GCLocker Initiated GC) [PSYoungGen: 173152K->44300K(175104K)] 641503K->534693K(699392K), 0.0094113 secs] [Times: user=0.08 sys=0.00, real=0.01 secs] 
2016-09-25T22:30:12.165-0400: 53.428: [GC (GCLocker Initiated GC) [PSYoungGen: 132364K->54881K(143360K)] 625488K->548586K(667648K), 0.0217541 secs] [Times: user=0.25 sys=0.00, real=0.02 secs] 
2016-09-25T22:30:12.234-0400: 53.497: [Full GC (Ergonomics) [PSYoungGen: 142945K->0K(143360K)] [ParOldGen: 496426K->304810K(524288K)] 639371K->304810K(667648K), [Metaspace: 43617K->43617K(1085440K)], 0.0582312 secs] [Times: user=0.42 sys=0.00, real=0.05 secs] 
2016-09-25T22:30:12.336-0400: 53.599: [GC (GCLocker Initiated GC) [PSYoungGen: 88064K->77450K(173056K)] 392942K->382329K(697344K), 0.0088406 secs] [Times: user=0.12 sys=0.00, real=0.01 secs] 
2016-09-25T22:30:12.394-0400: 53.657: [GC (GCLocker Initiated GC) [PSYoungGen: 164490K->67293K(174080K)] 474866K->397883K(698368K), 0.0099559 secs] [Times: user=0.10 sys=0.00, real=0.02 secs] 
2016-09-25T22:30:12.452-0400: 53.715: [GC (GCLocker Initiated GC) [PSYoungGen: 154333K->77925K(175104K)] 485899K->422383K(699392K), 0.0068568 secs] [Times: user=0.09 sys=0.01, real=0.01 secs] 
2016-09-25T22:30:12.505-0400: 53.767: [GC (GCLocker Initiated GC) [PSYoungGen: 165989K->56257K(175104K)] 511986K->431155K(699392K), 0.0070173 secs] [Times: user=0.10 sys=0.00, real=0.00 secs] 
2016-09-25T22:30:12.556-0400: 53.819: [GC (GCLocker Initiated GC) [PSYoungGen: 144321K->73874K(175104K)] 521931K->462703K(699392K), 0.0081367 secs] [Times: user=0.10 sys=0.00, real=0.01 secs] 
2016-09-25T22:30:12.616-0400: 53.878: [GC (GCLocker Initiated GC) [PSYoungGen: 161938K->64583K(175104K)] 551913K->459078K(699392K), 0.0116702 secs] [Times: user=0.15 sys=0.01, real=0.01 secs] 
2016-09-25T22:30:12.691-0400: 53.954: [GC (GCLocker Initiated GC) [PSYoungGen: 152647K->33181K(175104K)] 562041K->451320K(699392K), 0.0109118 secs] [Times: user=0.08 sys=0.01, real=0.02 secs] 
2016-09-25T22:30:12.752-0400: 54.014: [GC (GCLocker Initiated GC) [PSYoungGen: 121245K->49538K(175104K)] 539451K->487177K(699392K), 0.0062386 secs] [Times: user=0.07 sys=0.00, real=0.01 secs] 
2016-09-25T22:30:12.792-0400: 54.054: [GC (GCLocker Initiated GC) [PSYoungGen: 137602K->86183K(175104K)] 575330K->537909K(699392K), 0.0080871 secs] [Times: user=0.11 sys=0.00, real=0.01 secs] 
2016-09-25T22:30:12.858-0400: 54.121: [GC (GCLocker Initiated GC) [PSYoungGen: 174247K->68503K(175104K)] 634300K->545376K(699392K), 0.0101905 secs] [Times: user=0.11 sys=0.00, real=0.01 secs] 
2016-09-25T22:30:12.924-0400: 54.187: [GC (GCLocker Initiated GC) [PSYoungGen: 156567K->65896K(175104K)] 643020K->556967K(699392K), 0.0091607 secs] [Times: user=0.13 sys=0.00, real=0.00 secs] 
2016-09-25T22:30:12.978-0400: 54.241: [GC (GCLocker Initiated GC) [PSYoungGen: 153960K->80779K(175104K)] 647831K->578022K(699392K), 0.0197792 secs] [Times: user=0.26 sys=0.00, real=0.02 secs] 
2016-09-25T22:30:12.998-0400: 54.261: [Full GC (Ergonomics) [PSYoungGen: 80779K->0K(175104K)] [ParOldGen: 497243K->311447K(524288K)] 578022K->311447K(699392K), [Metaspace: 43617K->43617K(1085440K)], 0.0565166 secs] [Times: user=0.44 sys=0.01, real=0.06 secs] 
2016-09-25T22:30:13.109-0400: 54.372: [GC (GCLocker Initiated GC) [PSYoungGen: 88064K->73031K(175104K)] 409071K->394039K(699392K), 0.0110179 secs] [Times: user=0.14 sys=0.01, real=0.01 secs] 
2016-09-25T22:30:13.174-0400: 54.437: [GC (GCLocker Initiated GC) [PSYoungGen: 161095K->80650K(175104K)] 486566K->411220K(699392K), 0.0102287 secs] [Times: user=0.12 sys=0.00, real=0.02 secs] 
2016-09-25T22:30:13.242-0400: 54.504: [GC (GCLocker Initiated GC) [PSYoungGen: 168714K->41433K(175104K)] 516996K->417200K(699392K), 0.0106510 secs] [Times: user=0.17 sys=0.00, real=0.01 secs] 
2016-09-25T22:30:13.304-0400: 54.566: [GC (GCLocker Initiated GC) [PSYoungGen: 129497K->69781K(175104K)] 513520K->455695K(699392K), 0.0079484 secs] [Times: user=0.11 sys=0.00, real=0.00 secs] 
2016-09-25T22:30:13.361-0400: 54.624: [GC (GCLocker Initiated GC) [PSYoungGen: 157845K->65830K(175104K)] 547558K->460051K(699392K), 0.0063729 secs] [Times: user=0.09 sys=0.00, real=0.01 secs] 
2016-09-25T22:30:13.406-0400: 54.669: [GC (GCLocker Initiated GC) [PSYoungGen: 153894K->79244K(175104K)] 553635K->489021K(699392K), 0.0092199 secs] [Times: user=0.14 sys=0.00, real=0.01 secs] 
2016-09-25T22:30:13.465-0400: 54.728: [GC (GCLocker Initiated GC) [PSYoungGen: 167308K->71198K(175104K)] 579844K->499047K(699392K), 0.0070860 secs] [Times: user=0.10 sys=0.00, real=0.00 secs] 
2016-09-25T22:30:13.511-0400: 54.774: [GC (GCLocker Initiated GC) [PSYoungGen: 159262K->81873K(175104K)] 587226K->513039K(699392K), 0.0107503 secs] [Times: user=0.09 sys=0.00, real=0.02 secs] 
2016-09-25T22:30:13.572-0400: 54.835: [GC (GCLocker Initiated GC) [PSYoungGen: 169937K->68448K(175104K)] 603865K->520427K(699392K), 0.0117860 secs] [Times: user=0.17 sys=0.00, real=0.02 secs] 
2016-09-25T22:30:13.628-0400: 54.891: [GC (GCLocker Initiated GC) [PSYoungGen: 156512K->69933K(175104K)] 608656K->553642K(699392K), 0.0098158 secs] [Times: user=0.14 sys=0.00, real=0.01 secs] 
2016-09-25T22:30:13.675-0400: 54.938: [Full GC (Ergonomics) [PSYoungGen: 157997K->0K(175104K)] [ParOldGen: 489275K->322715K(524288K)] 647272K->322715K(699392K), [Metaspace: 43617K->43617K(1085440K)], 0.0483384 secs] [Times: user=0.41 sys=0.00, real=0.05 secs] 
2016-09-25T22:30:13.777-0400: 55.040: [GC (GCLocker Initiated GC) [PSYoungGen: 88064K->57818K(175104K)] 413628K->383383K(699392K), 0.0059048 secs] [Times: user=0.04 sys=0.01, real=0.01 secs] 
2016-09-25T22:30:13.854-0400: 55.116: [GC (GCLocker Initiated GC) [PSYoungGen: 145882K->63185K(175104K)] 471502K->408382K(699392K), 0.0124517 secs] [Times: user=0.18 sys=0.00, real=0.02 secs] 
2016-09-25T22:30:13.928-0400: 55.191: [GC (GCLocker Initiated GC) [PSYoungGen: 151249K->52398K(175104K)] 501901K->432029K(699392K), 0.0088925 secs] [Times: user=0.09 sys=0.00, real=0.01 secs] 
2016-09-25T22:30:13.984-0400: 55.247: [GC (GCLocker Initiated GC) [PSYoungGen: 140460K->64393K(175104K)] 528436K->459717K(699392K), 0.0101395 secs] [Times: user=0.14 sys=0.00, real=0.00 secs] 
2016-09-25T22:30:14.060-0400: 55.323: [GC (GCLocker Initiated GC) [PSYoungGen: 152457K->69882K(175104K)] 547882K->469836K(699392K), 0.0108469 secs] [Times: user=0.15 sys=0.00, real=0.01 secs] 
2016-09-25T22:30:14.146-0400: 55.409: [GC (GCLocker Initiated GC) [PSYoungGen: 157946K->48321K(175104K)] 563424K->481289K(699392K), 0.0063817 secs] [Times: user=0.09 sys=0.00, real=0.00 secs] 
2016-09-25T22:30:14.189-0400: 55.452: [GC (GCLocker Initiated GC) [PSYoungGen: 136385K->52254K(175104K)] 569553K->506186K(699392K), 0.0073026 secs] [Times: user=0.07 sys=0.00, real=0.01 secs] 
2016-09-25T22:30:14.239-0400: 55.501: [GC (GCLocker Initiated GC) [PSYoungGen: 140318K->69638K(175104K)] 598438K->532342K(699392K), 0.0108827 secs] [Times: user=0.13 sys=0.00, real=0.01 secs] 
2016-09-25T22:30:14.314-0400: 55.577: [GC (GCLocker Initiated GC) [PSYoungGen: 157702K->38587K(175104K)] 629897K->528720K(699392K), 0.0340501 secs] [Times: user=0.36 sys=0.01, real=0.04 secs] 
2016-09-25T22:30:14.348-0400: 55.611: [Full GC (Ergonomics) [PSYoungGen: 38587K->0K(175104K)] [ParOldGen: 490133K->306176K(524288K)] 528720K->306176K(699392K), [Metaspace: 43617K->43617K(1085440K)], 0.2107028 secs] [Times: user=3.18 sys=0.02, real=0.21 secs] 
2016-09-25T22:30:14.603-0400: 55.866: [GC (GCLocker Initiated GC) [PSYoungGen: 88064K->68582K(175104K)] 397019K->377537K(699392K), 0.0079460 secs] [Times: user=0.09 sys=0.00, real=0.00 secs] 
2016-09-25T22:30:14.673-0400: 55.935: [GC (GCLocker Initiated GC) [PSYoungGen: 156646K->45547K(175104K)] 476569K->368844K(699392K), 0.0107083 secs] [Times: user=0.13 sys=0.00, real=0.02 secs] 
2016-09-25T22:30:14.755-0400: 56.018: [GC (GCLocker Initiated GC) [PSYoungGen: 133611K->58914K(175104K)] 471831K->397635K(699392K), 0.0143278 secs] [Times: user=0.21 sys=0.00, real=0.01 secs] 
2016-09-25T22:30:14.818-0400: 56.081: [GC (GCLocker Initiated GC) [PSYoungGen: 146978K->69757K(175104K)] 488513K->414408K(699392K), 0.0067001 secs] [Times: user=0.09 sys=0.00, real=0.01 secs] 
2016-09-25T22:30:14.871-0400: 56.133: [GC (GCLocker Initiated GC) [PSYoungGen: 157821K->53493K(175104K)] 505529K->419146K(699392K), 0.0087625 secs] [Times: user=0.13 sys=0.00, real=0.01 secs] 
2016-09-25T22:30:14.940-0400: 56.202: [GC (GCLocker Initiated GC) [PSYoungGen: 141557K->68495K(175104K)] 512630K->441353K(699392K), 0.0103265 secs] [Times: user=0.15 sys=0.01, real=0.01 secs] 
2016-09-25T22:30:15.039-0400: 56.302: [GC (GCLocker Initiated GC) [PSYoungGen: 156559K->45440K(175104K)] 541707K->447241K(699392K), 0.0077593 secs] [Times: user=0.11 sys=0.00, real=0.01 secs] 
2016-09-25T22:30:15.083-0400: 56.346: [GC (GCLocker Initiated GC) [PSYoungGen: 133504K->69708K(175104K)] 535535K->484309K(699392K), 0.0073336 secs] [Times: user=0.10 sys=0.00, real=0.00 secs] 
2016-09-25T22:30:15.150-0400: 56.413: [GC (GCLocker Initiated GC) [PSYoungGen: 157772K->53591K(175104K)] 584761K->494484K(699392K), 0.0099643 secs] [Times: user=0.15 sys=0.00, real=0.01 secs] 
2016-09-25T22:30:15.237-0400: 56.500: [GC (GCLocker Initiated GC) [PSYoungGen: 141655K->54737K(171008K)] 594776K->508295K(695296K), 0.0132529 secs] [Times: user=0.09 sys=0.00, real=0.01 secs] 
2016-09-25T22:30:15.301-0400: 56.564: [GC (GCLocker Initiated GC) [PSYoungGen: 142801K->68340K(173056K)] 596527K->542785K(697344K), 0.0078632 secs] [Times: user=0.09 sys=0.01, real=0.01 secs] 
2016-09-25T22:30:15.344-0400: 56.607: [GC (GCLocker Initiated GC) [PSYoungGen: 156404K->63062K(175104K)] 630968K->572997K(699392K), 0.0146381 secs] [Times: user=0.19 sys=0.00, real=0.01 secs] 
2016-09-25T22:30:15.359-0400: 56.622: [Full GC (Ergonomics) [PSYoungGen: 63062K->0K(175104K)] [ParOldGen: 509935K->312600K(524288K)] 572997K->312600K(699392K), [Metaspace: 43617K->43617K(1085440K)], 0.0649157 secs] [Times: user=0.27 sys=0.01, real=0.07 secs] 
2016-09-25T22:30:15.472-0400: 56.735: [GC (GCLocker Initiated GC) [PSYoungGen: 91136K->71380K(175616K)] 404803K->385048K(699904K), 0.0164574 secs] [Times: user=0.22 sys=0.00, real=0.02 secs] 
2016-09-25T22:30:15.545-0400: 56.808: [GC (GCLocker Initiated GC) [PSYoungGen: 162516K->47941K(176128K)] 476273K->384013K(700416K), 0.0145294 secs] [Times: user=0.21 sys=0.00, real=0.01 secs] 
2016-09-25T22:30:15.611-0400: 56.874: [GC (GCLocker Initiated GC) [PSYoungGen: 138053K->58842K(148992K)] 474210K->422287K(673280K), 0.0070009 secs] [Times: user=0.09 sys=0.00, real=0.01 secs] 
2016-09-25T22:30:15.661-0400: 56.923: [GC (GCLocker Initiated GC) [PSYoungGen: 148954K->57585K(175104K)] 512490K->449813K(699392K), 0.0090920 secs] [Times: user=0.14 sys=0.00, real=0.01 secs] 
2016-09-25T22:30:15.711-0400: 56.974: [GC (GCLocker Initiated GC) [PSYoungGen: 149233K->72479K(173568K)] 541584K->489558K(697856K), 0.0110646 secs] [Times: user=0.11 sys=0.00, real=0.02 secs] 
2016-09-25T22:30:15.762-0400: 57.025: [GC (GCLocker Initiated GC) [PSYoungGen: 164127K->69794K(176640K)] 590891K->519850K(700928K), 0.0072146 secs] [Times: user=0.10 sys=0.00, real=0.00 secs] 
2016-09-25T22:30:15.816-0400: 57.078: [GC (GCLocker Initiated GC) [PSYoungGen: 161954K->69651K(162304K)] 616243K->524376K(686592K), 0.0061086 secs] [Times: user=0.06 sys=0.01, real=0.00 secs] 
2016-09-25T22:30:15.873-0400: 57.136: [GC (GCLocker Initiated GC) [PSYoungGen: 161811K->58818K(178176K)] 631629K->543772K(702464K), 0.0062032 secs] [Times: user=0.09 sys=0.00, real=0.01 secs] 
2016-09-25T22:30:15.879-0400: 57.142: [Full GC (Ergonomics) [PSYoungGen: 58818K->0K(178176K)] [ParOldGen: 484953K->317016K(524288K)] 543772K->317016K(702464K), [Metaspace: 43617K->43617K(1085440K)], 0.0569310 secs] [Times: user=0.54 sys=0.00, real=0.06 secs] 
2016-09-25T22:30:15.985-0400: 57.248: [GC (GCLocker Initiated GC) [PSYoungGen: 92672K->65600K(158720K)] 419169K->392098K(683008K), 0.0060414 secs] [Times: user=0.08 sys=0.00, real=0.00 secs] 
2016-09-25T22:30:16.036-0400: 57.299: [GC (GCLocker Initiated GC) [PSYoungGen: 158272K->61518K(177152K)] 487560K->414150K(701440K), 0.0093012 secs] [Times: user=0.12 sys=0.00, real=0.01 secs] 
2016-09-25T22:30:16.085-0400: 57.348: [GC (GCLocker Initiated GC) [PSYoungGen: 155726K->68232K(175616K)] 509958K->438879K(699904K), 0.0079807 secs] [Times: user=0.10 sys=0.00, real=0.01 secs] 
2016-09-25T22:30:16.139-0400: 57.402: [GC (GCLocker Initiated GC) [PSYoungGen: 162440K->71011K(178176K)] 540011K->448878K(702464K), 0.0082057 secs] [Times: user=0.08 sys=0.00, real=0.01 secs] 
2016-09-25T22:30:16.200-0400: 57.462: [GC (GCLocker Initiated GC) [PSYoungGen: 167779K->39730K(136704K)] 551123K->423346K(660992K), 0.0117959 secs] [Times: user=0.11 sys=0.00, real=0.01 secs] 
2016-09-25T22:30:16.257-0400: 57.520: [GC (GCLocker Initiated GC) [PSYoungGen: 136498K->71012K(175104K)] 521313K->472372K(699392K), 0.0164690 secs] [Times: user=0.21 sys=0.00, real=0.01 secs] 
2016-09-25T22:30:16.323-0400: 57.586: [GC (GCLocker Initiated GC) [PSYoungGen: 161124K->49323K(176128K)] 572122K->482325K(700416K), 0.0094495 secs] [Times: user=0.11 sys=0.00, real=0.00 secs] 
2016-09-25T22:30:16.382-0400: 57.644: [GC (GCLocker Initiated GC) [PSYoungGen: 139435K->45379K(176128K)] 577896K->497609K(700416K), 0.0119177 secs] [Times: user=0.11 sys=0.00, real=0.01 secs] 
2016-09-25T22:30:16.433-0400: 57.695: [GC (GCLocker Initiated GC) [PSYoungGen: 135491K->73802K(164352K)] 590437K->554837K(688640K), 0.0086177 secs] [Times: user=0.10 sys=0.00, real=0.01 secs] 
2016-09-25T22:30:16.482-0400: 57.745: [GC (GCLocker Initiated GC) [PSYoungGen: 163914K->72444K(175104K)] 646673K->559686K(699392K), 0.0128870 secs] [Times: user=0.12 sys=0.01, real=0.01 secs] 
2016-09-25T22:30:16.495-0400: 57.758: [Full GC (Ergonomics) [PSYoungGen: 72444K->0K(175104K)] [ParOldGen: 487241K->313633K(524288K)] 559686K->313633K(699392K), [Metaspace: 43617K->43617K(1085440K)], 0.0764240 secs] [Times: user=0.45 sys=0.01, real=0.07 secs] 
2016-09-25T22:30:16.627-0400: 57.890: [GC (GCLocker Initiated GC) [PSYoungGen: 88064K->56259K(175104K)] 408625K->376820K(699392K), 0.0058838 secs] [Times: user=0.07 sys=0.00, real=0.00 secs] 
2016-09-25T22:30:16.677-0400: 57.939: [GC (GCLocker Initiated GC) [PSYoungGen: 144323K->48022K(175104K)] 464928K->377263K(699392K), 0.0130201 secs] [Times: user=0.15 sys=0.00, real=0.01 secs] 
2016-09-25T22:30:16.731-0400: 57.994: [GC (GCLocker Initiated GC) [PSYoungGen: 136086K->61556K(150016K)] 468194K->407587K(674304K), 0.0150991 secs] [Times: user=0.19 sys=0.01, real=0.02 secs] 
2016-09-25T22:30:16.798-0400: 58.061: [GC (GCLocker Initiated GC) [PSYoungGen: 149620K->52155K(175104K)] 499729K->417538K(699392K), 0.0098174 secs] [Times: user=0.13 sys=0.01, real=0.01 secs] 
2016-09-25T22:30:16.863-0400: 58.126: [GC (GCLocker Initiated GC) [PSYoungGen: 141243K->42564K(174080K)] 516178K->417851K(698368K), 0.0099692 secs] [Times: user=0.09 sys=0.00, real=0.00 secs] 
2016-09-25T22:30:16.925-0400: 58.188: [GC (GCLocker Initiated GC) [PSYoungGen: 131652K->64556K(176128K)] 508465K->445950K(700416K), 0.0093996 secs] [Times: user=0.08 sys=0.00, real=0.01 secs] 
2016-09-25T22:30:16.988-0400: 58.251: [GC (GCLocker Initiated GC) [PSYoungGen: 155692K->56271K(147456K)] 542878K->456116K(671744K), 0.0094457 secs] [Times: user=0.11 sys=0.00, real=0.01 secs] 
2016-09-25T22:30:17.049-0400: 58.312: [GC (Allocation Failure) [PSYoungGen: 147407K->68549K(174080K)] 556753K->482434K(698368K), 0.0066294 secs] [Times: user=0.09 sys=0.00, real=0.01 secs] 
2016-09-25T22:30:17.105-0400: 58.368: [GC (GCLocker Initiated GC) [PSYoungGen: 158766K->56336K(175104K)] 575351K->493748K(699392K), 0.0082625 secs] [Times: user=0.12 sys=0.00, real=0.00 secs] 
2016-09-25T22:30:17.151-0400: 58.413: [GC (Allocation Failure) [PSYoungGen: 147472K->80611K(169984K)] 584909K->521261K(694272K), 0.0109279 secs] [Times: user=0.15 sys=0.01, real=0.01 secs] 
2016-09-25T22:30:17.210-0400: 58.473: [GC (GCLocker Initiated GC) [PSYoungGen: 167131K->56144K(175104K)] 610481K->503997K(699392K), 0.0094142 secs] [Times: user=0.09 sys=0.00, real=0.01 secs] 
2016-09-25T22:30:17.281-0400: 58.544: [GC (GCLocker Initiated GC) [PSYoungGen: 144208K->61646K(169984K)] 595253K->519931K(694272K), 0.0087231 secs] [Times: user=0.10 sys=0.00, real=0.01 secs] 
2016-09-25T22:30:17.331-0400: 58.594: [GC (GCLocker Initiated GC) [PSYoungGen: 150734K->65760K(173056K)] 611774K->528622K(697344K), 0.0064289 secs] [Times: user=0.08 sys=0.00, real=0.01 secs] 
2016-09-25T22:30:17.384-0400: 58.646: [GC (GCLocker Initiated GC) [PSYoungGen: 154848K->64558K(175616K)] 622244K->556782K(699904K), 0.0099856 secs] [Times: user=0.16 sys=0.01, real=0.00 secs] 
2016-09-25T22:30:17.394-0400: 58.656: [Full GC (Ergonomics) [PSYoungGen: 64558K->0K(175616K)] [ParOldGen: 492223K->314512K(524288K)] 556782K->314512K(699904K), [Metaspace: 43634K->43634K(1085440K)], 0.0577490 secs] [Times: user=0.53 sys=0.00, real=0.06 secs] 
2016-09-25T22:30:17.508-0400: 58.770: [GC (GCLocker Initiated GC) [PSYoungGen: 94720K->75249K(169984K)] 409486K->390015K(694272K), 0.0213024 secs] [Times: user=0.32 sys=0.00, real=0.02 secs] 
2016-09-25T22:30:17.585-0400: 58.848: [GC (GCLocker Initiated GC) [PSYoungGen: 169969K->27826K(173568K)] 491593K->368892K(697856K), 0.0281188 secs] [Times: user=0.37 sys=0.00, real=0.02 secs] 
2016-09-25T22:30:17.660-0400: 58.923: [GC (GCLocker Initiated GC) [PSYoungGen: 115890K->80636K(175104K)] 462462K->427738K(699392K), 0.0093472 secs] [Times: user=0.14 sys=0.00, real=0.01 secs] 
2016-09-25T22:30:17.726-0400: 58.989: [GC (GCLocker Initiated GC) [PSYoungGen: 168700K->56362K(175104K)] 521227K->412038K(699392K), 0.0116429 secs] [Times: user=0.11 sys=0.00, real=0.01 secs] 
2016-09-25T22:30:17.798-0400: 59.061: [GC (GCLocker Initiated GC) [PSYoungGen: 144426K->54865K(175104K)] 504236K->421977K(699392K), 0.0064044 secs] [Times: user=0.08 sys=0.00, real=0.01 secs] 
2016-09-25T22:30:17.855-0400: 59.117: [GC (GCLocker Initiated GC) [PSYoungGen: 142929K->68301K(175104K)] 512879K->444068K(699392K), 0.0093038 secs] [Times: user=0.06 sys=0.00, real=0.01 secs] 
2016-09-25T22:30:17.916-0400: 59.179: [GC (GCLocker Initiated GC) [PSYoungGen: 156365K->69837K(175104K)] 534944K->471879K(699392K), 0.0082583 secs] [Times: user=0.10 sys=0.00, real=0.01 secs] 
2016-09-25T22:30:17.976-0400: 59.239: [GC (GCLocker Initiated GC) [PSYoungGen: 157901K->49753K(175104K)] 568140K->469878K(699392K), 0.0158927 secs] [Times: user=0.14 sys=0.00, real=0.01 secs] 
2016-09-25T22:30:18.051-0400: 59.314: [GC (GCLocker Initiated GC) [PSYoungGen: 137817K->50879K(175104K)] 563376K->490550K(699392K), 0.0141284 secs] [Times: user=0.15 sys=0.01, real=0.02 secs] 
2016-09-25T22:30:18.122-0400: 59.385: [GC (GCLocker Initiated GC) [PSYoungGen: 138943K->42843K(175104K)] 578945K->504990K(699392K), 0.0086059 secs] [Times: user=0.08 sys=0.01, real=0.01 secs] 
2016-09-25T22:30:18.175-0400: 59.437: [GC (GCLocker Initiated GC) [PSYoungGen: 130907K->71410K(175104K)] 593114K->538260K(699392K), 0.0082998 secs] [Times: user=0.07 sys=0.00, real=0.01 secs] 
2016-09-25T22:30:18.238-0400: 59.500: [GC (GCLocker Initiated GC) [PSYoungGen: 159474K->61960K(175104K)] 631959K->559347K(699392K), 0.0098941 secs] [Times: user=0.15 sys=0.00, real=0.01 secs] 
2016-09-25T22:30:18.248-0400: 59.510: [Full GC (Ergonomics) [PSYoungGen: 61960K->0K(175104K)] [ParOldGen: 497387K->328845K(524288K)] 559347K->328845K(699392K), [Metaspace: 43637K->43637K(1085440K)], 0.0674371 secs] [Times: user=0.48 sys=0.01, real=0.07 secs] 
2016-09-25T22:30:18.370-0400: 59.632: [GC (GCLocker Initiated GC) [PSYoungGen: 88064K->41126K(175104K)] 425157K->378220K(699392K), 0.0087689 secs] [Times: user=0.09 sys=0.01, real=0.01 secs] 
2016-09-25T22:30:18.444-0400: 59.706: [GC (GCLocker Initiated GC) [PSYoungGen: 129190K->55317K(173056K)] 466298K->410393K(697344K), 0.0067369 secs] [Times: user=0.09 sys=0.00, real=0.00 secs] 
2016-09-25T22:30:18.499-0400: 59.762: [GC (GCLocker Initiated GC) [PSYoungGen: 143381K->75840K(174080K)] 498515K->449373K(698368K), 0.0095246 secs] [Times: user=0.14 sys=0.00, real=0.01 secs] 
2016-09-25T22:30:18.558-0400: 59.821: [GC (GCLocker Initiated GC) [PSYoungGen: 163904K->63468K(175104K)] 540323K->450491K(699392K), 0.0095779 secs] [Times: user=0.13 sys=0.00, real=0.01 secs] 
2016-09-25T22:30:18.616-0400: 59.879: [GC (GCLocker Initiated GC) [PSYoungGen: 151532K->55397K(143872K)] 545591K->463787K(668160K), 0.0072604 secs] [Times: user=0.12 sys=0.00, real=0.01 secs] 
2016-09-25T22:30:18.666-0400: 59.929: [GC (GCLocker Initiated GC) [PSYoungGen: 143461K->72641K(173056K)] 551893K->488844K(697344K), 0.0154511 secs] [Times: user=0.18 sys=0.00, real=0.01 secs] 
2016-09-25T22:30:18.753-0400: 60.016: [GC (GCLocker Initiated GC) [PSYoungGen: 159681K->36284K(174080K)] 581397K->489606K(698368K), 0.0142183 secs] [Times: user=0.12 sys=0.00, real=0.02 secs] 
2016-09-25T22:30:18.833-0400: 60.096: [GC (GCLocker Initiated GC) [PSYoungGen: 123324K->58223K(174080K)] 576724K->547739K(698368K), 0.0111564 secs] [Times: user=0.16 sys=0.00, real=0.02 secs] 
2016-09-25T22:30:18.845-0400: 60.108: [Full GC (Ergonomics) [PSYoungGen: 58223K->0K(174080K)] [ParOldGen: 489516K->328829K(524288K)] 547739K->328829K(698368K), [Metaspace: 43637K->43637K(1085440K)], 0.0502022 secs] [Times: user=0.43 sys=0.00, real=0.05 secs] 
2016-09-25T22:30:18.966-0400: 60.229: [GC (GCLocker Initiated GC) [PSYoungGen: 88064K->53935K(142336K)] 419684K->385555K(666624K), 0.0099076 secs] [Times: user=0.10 sys=0.00, real=0.01 secs] 
2016-09-25T22:30:19.053-0400: 60.315: [GC (GCLocker Initiated GC) [PSYoungGen: 141999K->64901K(174080K)] 473724K->405670K(698368K), 0.0157639 secs] [Times: user=0.20 sys=0.00, real=0.02 secs] 
2016-09-25T22:30:19.122-0400: 60.385: [GC (GCLocker Initiated GC) [PSYoungGen: 154501K->33969K(174080K)] 502761K->403642K(698368K), 0.0107228 secs] [Times: user=0.10 sys=0.00, real=0.01 secs] 
2016-09-25T22:30:19.224-0400: 60.487: [GC (GCLocker Initiated GC) [PSYoungGen: 123569K->46979K(176640K)] 494656K->431497K(700928K), 0.0113174 secs] [Times: user=0.13 sys=0.01, real=0.01 secs] 
2016-09-25T22:30:19.283-0400: 60.546: [GC (GCLocker Initiated GC) [PSYoungGen: 138115K->79967K(171520K)] 522684K->476087K(695808K), 0.0091787 secs] [Times: user=0.10 sys=0.00, real=0.00 secs] 
2016-09-25T22:30:19.341-0400: 60.603: [GC (GCLocker Initiated GC) [PSYoungGen: 171103K->80011K(175104K)] 570022K->498993K(699392K), 0.0179863 secs] [Times: user=0.20 sys=0.01, real=0.02 secs] 
2016-09-25T22:30:19.443-0400: 60.705: [GC (GCLocker Initiated GC) [PSYoungGen: 168075K->49965K(175104K)] 595196K->491773K(699392K), 0.0163517 secs] [Times: user=0.22 sys=0.01, real=0.01 secs] 
2016-09-25T22:30:19.518-0400: 60.780: [GC (Allocation Failure) [PSYoungGen: 138029K->37770K(175104K)] 585261K->491391K(699392K), 0.0112895 secs] [Times: user=0.11 sys=0.00, real=0.01 secs] 
2016-09-25T22:30:19.604-0400: 60.866: [GC (GCLocker Initiated GC) [PSYoungGen: 124112K->51525K(175104K)] 580433K->525166K(699392K), 0.0107120 secs] [Times: user=0.12 sys=0.00, real=0.01 secs] 
2016-09-25T22:30:19.685-0400: 60.947: [GC (GCLocker Initiated GC) [PSYoungGen: 139589K->65022K(175104K)] 616100K->545367K(699392K), 0.0068974 secs] [Times: user=0.07 sys=0.00, real=0.00 secs] 
2016-09-25T22:30:19.741-0400: 61.004: [GC (GCLocker Initiated GC) [PSYoungGen: 153086K->66143K(175104K)] 636274K->565313K(699392K), 0.0097462 secs] [Times: user=0.09 sys=0.00, real=0.01 secs] 
2016-09-25T22:30:19.751-0400: 61.014: [Full GC (Ergonomics) [PSYoungGen: 66143K->0K(175104K)] [ParOldGen: 499169K->341031K(524288K)] 565313K->341031K(699392K), [Metaspace: 43637K->43637K(1085440K)], 0.0988963 secs] [Times: user=0.57 sys=0.03, real=0.10 secs] 
2016-09-25T22:30:19.910-0400: 61.172: [GC (GCLocker Initiated GC) [PSYoungGen: 88064K->80989K(175104K)] 429816K->422749K(699392K), 0.0073836 secs] [Times: user=0.10 sys=0.00, real=0.01 secs] 
2016-09-25T22:30:19.963-0400: 61.225: [GC (GCLocker Initiated GC) [PSYoungGen: 169053K->69165K(175104K)] 513584K->446963K(699392K), 0.0120446 secs] [Times: user=0.19 sys=0.01, real=0.01 secs] 
2016-09-25T22:30:20.057-0400: 61.320: [GC (GCLocker Initiated GC) [PSYoungGen: 157229K->56951K(175104K)] 535042K->462928K(699392K), 0.0110198 secs] [Times: user=0.11 sys=0.00, real=0.01 secs] 
2016-09-25T22:30:20.125-0400: 61.388: [GC (GCLocker Initiated GC) [PSYoungGen: 145015K->67929K(175104K)] 553856K->499535K(699392K), 0.0072641 secs] [Times: user=0.09 sys=0.00, real=0.00 secs] 
2016-09-25T22:30:20.184-0400: 61.446: [GC (GCLocker Initiated GC) [PSYoungGen: 155993K->74537K(175104K)] 587743K->521054K(699392K), 0.0070331 secs] [Times: user=0.08 sys=0.00, real=0.00 secs] 
2016-09-25T22:30:20.239-0400: 61.501: [GC (GCLocker Initiated GC) [PSYoungGen: 162601K->69399K(175104K)] 609217K->523926K(699392K), 0.0064094 secs] [Times: user=0.08 sys=0.00, real=0.01 secs] 
2016-09-25T22:30:20.308-0400: 61.571: [GC (GCLocker Initiated GC) [PSYoungGen: 157463K->51884K(175104K)] 621517K->544248K(699392K), 0.0069605 secs] [Times: user=0.11 sys=0.00, real=0.01 secs] 
2016-09-25T22:30:20.315-0400: 61.578: [Full GC (Ergonomics) [PSYoungGen: 51884K->0K(175104K)] [ParOldGen: 492364K->347284K(524288K)] 544248K->347284K(699392K), [Metaspace: 43653K->43653K(1087488K)], 0.0622351 secs] [Times: user=0.57 sys=0.01, real=0.06 secs] 
2016-09-25T22:30:20.442-0400: 61.704: [GC (GCLocker Initiated GC) [PSYoungGen: 88064K->69803K(175104K)] 439746K->421486K(699392K), 0.0082577 secs] [Times: user=0.12 sys=0.00, real=0.01 secs] 
2016-09-25T22:30:20.506-0400: 61.769: [GC (GCLocker Initiated GC) [PSYoungGen: 157867K->56808K(175104K)] 509603K->425078K(699392K), 0.0094545 secs] [Times: user=0.13 sys=0.00, real=0.01 secs] 
2016-09-25T22:30:20.573-0400: 61.836: [GC (GCLocker Initiated GC) [PSYoungGen: 144872K->67941K(175104K)] 516030K->449551K(699392K), 0.0108319 secs] [Times: user=0.14 sys=0.01, real=0.02 secs] 
2016-09-25T22:30:20.640-0400: 61.903: [GC (GCLocker Initiated GC) [PSYoungGen: 156005K->55978K(175104K)] 543163K->460634K(699392K), 0.0112959 secs] [Times: user=0.13 sys=0.00, real=0.01 secs] 
2016-09-25T22:30:20.715-0400: 61.978: [GC (GCLocker Initiated GC) [PSYoungGen: 144042K->61318K(149504K)] 556855K->484901K(673792K), 0.0129709 secs] [Times: user=0.17 sys=0.00, real=0.01 secs] 
2016-09-25T22:30:20.804-0400: 62.067: [GC (GCLocker Initiated GC) [PSYoungGen: 149382K->59635K(176128K)] 578418K->498087K(700416K), 0.0102988 secs] [Times: user=0.08 sys=0.02, real=0.01 secs] 
2016-09-25T22:30:20.872-0400: 62.134: [GC (GCLocker Initiated GC) [PSYoungGen: 149747K->37186K(174080K)] 594097K->515081K(698368K), 0.0067287 secs] [Times: user=0.08 sys=0.00, real=0.01 secs] 
2016-09-25T22:30:20.938-0400: 62.200: [GC (GCLocker Initiated GC) [PSYoungGen: 127298K->83710K(174080K)] 605446K->578283K(698368K), 0.0080567 secs] [Times: user=0.10 sys=0.01, real=0.01 secs] 
2016-09-25T22:30:20.946-0400: 62.209: [Full GC (Ergonomics) [PSYoungGen: 83710K->0K(174080K)] [ParOldGen: 494572K->354304K(524288K)] 578283K->354304K(698368K), [Metaspace: 43653K->43653K(1087488K)], 0.0686475 secs] [Times: user=0.48 sys=0.02, real=0.07 secs] 
2016-09-25T22:30:21.077-0400: 62.339: [GC (GCLocker Initiated GC) [PSYoungGen: 88064K->72020K(175104K)] 450369K->434325K(699392K), 0.0072388 secs] [Times: user=0.08 sys=0.00, real=0.01 secs] 
2016-09-25T22:30:21.146-0400: 62.409: [GC (GCLocker Initiated GC) [PSYoungGen: 160084K->57969K(175104K)] 524251K->434307K(699392K), 0.0150959 secs] [Times: user=0.15 sys=0.00, real=0.01 secs] 
2016-09-25T22:30:21.212-0400: 62.475: [GC (GCLocker Initiated GC) [PSYoungGen: 146033K->59673K(175104K)] 525220K->450418K(699392K), 0.0123326 secs] [Times: user=0.16 sys=0.00, real=0.02 secs] 
2016-09-25T22:30:21.291-0400: 62.554: [GC (GCLocker Initiated GC) [PSYoungGen: 147737K->45991K(175104K)] 541428K->462477K(699392K), 0.0104939 secs] [Times: user=0.12 sys=0.01, real=0.01 secs] 
2016-09-25T22:30:21.368-0400: 62.631: [GC (GCLocker Initiated GC) [PSYoungGen: 134055K->64244K(175104K)] 553456K->491312K(699392K), 0.0063438 secs] [Times: user=0.09 sys=0.00, real=0.01 secs] 
2016-09-25T22:30:21.427-0400: 62.690: [GC (GCLocker Initiated GC) [PSYoungGen: 152308K->61036K(171008K)] 579442K->500574K(695296K), 0.0078518 secs] [Times: user=0.10 sys=0.00, real=0.01 secs] 
2016-09-25T22:30:21.485-0400: 62.748: [GC (GCLocker Initiated GC) [PSYoungGen: 149100K->40920K(173056K)] 591542K->516926K(697344K), 0.0095400 secs] [Times: user=0.10 sys=0.00, real=0.01 secs] 
2016-09-25T22:30:21.574-0400: 62.836: [GC (GCLocker Initiated GC) [PSYoungGen: 128984K->70626K(174080K)] 605227K->550761K(698368K), 0.0065814 secs] [Times: user=0.09 sys=0.00, real=0.01 secs] 
2016-09-25T22:30:21.647-0400: 62.910: [GC (GCLocker Initiated GC) [PSYoungGen: 158690K->58185K(146432K)] 638928K->561383K(670720K), 0.0094248 secs] [Times: user=0.10 sys=0.00, real=0.01 secs] 
2016-09-25T22:30:21.657-0400: 62.920: [Full GC (Ergonomics) [PSYoungGen: 58185K->0K(146432K)] [ParOldGen: 503197K->356890K(524288K)] 561383K->356890K(670720K), [Metaspace: 43657K->43657K(1087488K)], 0.0565096 secs] [Times: user=0.47 sys=0.00, real=0.05 secs] 
2016-09-25T22:30:21.769-0400: 63.032: [GC (GCLocker Initiated GC) [PSYoungGen: 88064K->71542K(172032K)] 445047K->428525K(696320K), 0.0078356 secs] [Times: user=0.12 sys=0.00, real=0.01 secs] 
2016-09-25T22:30:21.839-0400: 63.102: [GC (GCLocker Initiated GC) [PSYoungGen: 158582K->42016K(174080K)] 522414K->429664K(698368K), 0.0081143 secs] [Times: user=0.11 sys=0.00, real=0.01 secs] 
2016-09-25T22:30:21.907-0400: 63.169: [GC (GCLocker Initiated GC) [PSYoungGen: 129056K->70652K(175104K)] 518282K->463670K(699392K), 0.0072837 secs] [Times: user=0.11 sys=0.00, real=0.01 secs] 
2016-09-25T22:30:21.974-0400: 63.237: [GC (GCLocker Initiated GC) [PSYoungGen: 158716K->75665K(175104K)] 554595K->482380K(699392K), 0.0110333 secs] [Times: user=0.17 sys=0.00, real=0.01 secs] 
2016-09-25T22:30:22.047-0400: 63.310: [GC (GCLocker Initiated GC) [PSYoungGen: 163729K->68013K(175104K)] 577596K->509838K(699392K), 0.0099227 secs] [Times: user=0.12 sys=0.00, real=0.01 secs] 
2016-09-25T22:30:22.124-0400: 63.387: [GC (GCLocker Initiated GC) [PSYoungGen: 156077K->59560K(175104K)] 605400K->510202K(699392K), 0.0087657 secs] [Times: user=0.12 sys=0.00, real=0.00 secs] 
2016-09-25T22:30:22.203-0400: 63.466: [GC (GCLocker Initiated GC) [PSYoungGen: 147624K->59695K(174080K)] 606519K->522368K(698368K), 0.0072705 secs] [Times: user=0.10 sys=0.00, real=0.00 secs] 
2016-09-25T22:30:22.267-0400: 63.530: [GC (GCLocker Initiated GC) [PSYoungGen: 147759K->54159K(174592K)] 620171K->528731K(698880K), 0.0064008 secs] [Times: user=0.07 sys=0.00, real=0.00 secs] 
2016-09-25T22:30:22.337-0400: 63.600: [GC (GCLocker Initiated GC) [PSYoungGen: 142223K->41634K(174080K)] 622491K->536431K(698368K), 0.0111749 secs] [Times: user=0.09 sys=0.00, real=0.01 secs] 
2016-09-25T22:30:22.348-0400: 63.611: [Full GC (Ergonomics) [PSYoungGen: 41634K->0K(174080K)] [ParOldGen: 494796K->365643K(524288K)] 536431K->365643K(698368K), [Metaspace: 43657K->43657K(1087488K)], 0.0720732 secs] [Times: user=0.45 sys=0.01, real=0.07 secs] 
2016-09-25T22:30:22.485-0400: 63.747: [GC (GCLocker Initiated GC) [PSYoungGen: 88576K->83419K(175104K)] 456938K->451782K(699392K), 0.0073948 secs] [Times: user=0.11 sys=0.00, real=0.00 secs] 
2016-09-25T22:30:22.549-0400: 63.812: [GC (GCLocker Initiated GC) [PSYoungGen: 171995K->63713K(175104K)] 540737K->450650K(699392K), 0.0082944 secs] [Times: user=0.11 sys=0.01, real=0.01 secs] 
2016-09-25T22:30:22.608-0400: 63.871: [GC (GCLocker Initiated GC) [PSYoungGen: 151777K->70364K(175104K)] 544222K->463902K(699392K), 0.0088003 secs] [Times: user=0.12 sys=0.00, real=0.01 secs] 
2016-09-25T22:30:22.681-0400: 63.944: [GC (GCLocker Initiated GC) [PSYoungGen: 158428K->63649K(175104K)] 560072K->482447K(699392K), 0.0072398 secs] [Times: user=0.10 sys=0.00, real=0.01 secs] 
2016-09-25T22:30:22.748-0400: 64.011: [GC (GCLocker Initiated GC) [PSYoungGen: 151713K->70779K(175104K)] 580062K->500180K(699392K), 0.0115839 secs] [Times: user=0.14 sys=0.01, real=0.01 secs] 
2016-09-25T22:30:22.836-0400: 64.098: [GC (GCLocker Initiated GC) [PSYoungGen: 158843K->46035K(175104K)] 604689K->504146K(699392K), 0.0069375 secs] [Times: user=0.08 sys=0.00, real=0.01 secs] 
2016-09-25T22:30:22.925-0400: 64.188: [GC (GCLocker Initiated GC) [PSYoungGen: 134099K->37398K(175104K)] 595024K->520988K(699392K), 0.0090577 secs] [Times: user=0.10 sys=0.00, real=0.01 secs] 
2016-09-25T22:30:22.975-0400: 64.238: [GC (GCLocker Initiated GC) [PSYoungGen: 125462K->69303K(175104K)] 609077K->568412K(699392K), 0.0111098 secs] [Times: user=0.11 sys=0.01, real=0.01 secs] 
2016-09-25T22:30:22.986-0400: 64.249: [Full GC (Ergonomics) [PSYoungGen: 69303K->0K(175104K)] [ParOldGen: 499109K->381044K(524288K)] 568412K->381044K(699392K), [Metaspace: 43662K->43662K(1087488K)], 0.0682835 secs] [Times: user=0.57 sys=0.00, real=0.07 secs] 
2016-09-25T22:30:23.107-0400: 64.370: [GC (GCLocker Initiated GC) [PSYoungGen: 88064K->80065K(175104K)] 469245K->461247K(699392K), 0.0081112 secs] [Times: user=0.10 sys=0.00, real=0.01 secs] 
2016-09-25T22:30:23.183-0400: 64.446: [GC (GCLocker Initiated GC) [PSYoungGen: 168129K->66572K(175104K)] 558947K->461351K(699392K), 0.0062973 secs] [Times: user=0.08 sys=0.00, real=0.00 secs] 
2016-09-25T22:30:23.254-0400: 64.517: [GC (GCLocker Initiated GC) [PSYoungGen: 154636K->52658K(175104K)] 550868K->473204K(699392K), 0.0097693 secs] [Times: user=0.08 sys=0.00, real=0.02 secs] 
2016-09-25T22:30:23.321-0400: 64.583: [GC (GCLocker Initiated GC) [PSYoungGen: 140722K->68022K(175104K)] 572121K->508486K(699392K), 0.0071303 secs] [Times: user=0.10 sys=0.00, real=0.01 secs] 
2016-09-25T22:30:23.371-0400: 64.634: [GC (GCLocker Initiated GC) [PSYoungGen: 156086K->59533K(175104K)] 596688K->517539K(699392K), 0.0088096 secs] [Times: user=0.08 sys=0.01, real=0.01 secs] 
2016-09-25T22:30:23.424-0400: 64.687: [GC (GCLocker Initiated GC) [PSYoungGen: 147597K->73138K(175104K)] 608554K->551241K(699392K), 0.0085129 secs] [Times: user=0.12 sys=0.00, real=0.00 secs] 
2016-09-25T22:30:23.485-0400: 64.748: [GC (GCLocker Initiated GC) [PSYoungGen: 161202K->67845K(175104K)] 643018K->553352K(699392K), 0.0106188 secs] [Times: user=0.12 sys=0.00, real=0.01 secs] 
2016-09-25T22:30:23.582-0400: 64.845: [Full GC (Ergonomics) [PSYoungGen: 155909K->0K(175104K)] [ParOldGen: 496601K->379612K(524288K)] 652511K->379612K(699392K), [Metaspace: 43662K->43662K(1087488K)], 0.0583341 secs] [Times: user=0.57 sys=0.00, real=0.06 secs] 
2016-09-25T22:30:23.702-0400: 64.965: [GC (GCLocker Initiated GC) [PSYoungGen: 88064K->65098K(175104K)] 467765K->444799K(699392K), 0.0108174 secs] [Times: user=0.11 sys=0.01, real=0.00 secs] 
2016-09-25T22:30:23.803-0400: 65.066: [GC (GCLocker Initiated GC) [PSYoungGen: 153162K->60937K(149504K)] 539776K->448663K(673792K), 0.0065484 secs] [Times: user=0.06 sys=0.00, real=0.00 secs] 
2016-09-25T22:30:23.854-0400: 65.117: [GC (GCLocker Initiated GC) [PSYoungGen: 149001K->49844K(173056K)] 544953K->471185K(697344K), 0.0160954 secs] [Times: user=0.19 sys=0.00, real=0.02 secs] 
2016-09-25T22:30:23.938-0400: 65.200: [GC (GCLocker Initiated GC) [PSYoungGen: 137396K->52296K(173568K)] 570959K->489319K(697856K), 0.0136128 secs] [Times: user=0.12 sys=0.00, real=0.01 secs] 
2016-09-25T22:30:24.020-0400: 65.283: [GC (GCLocker Initiated GC) [PSYoungGen: 139848K->34913K(173056K)] 578250K->475149K(697344K), 0.0150900 secs] [Times: user=0.12 sys=0.01, real=0.02 secs] 
2016-09-25T22:30:24.079-0400: 65.342: [GC (GCLocker Initiated GC) [PSYoungGen: 122977K->63177K(175104K)] 563337K->513867K(699392K), 0.0105425 secs] [Times: user=0.10 sys=0.01, real=0.01 secs] 
2016-09-25T22:30:24.147-0400: 65.410: [GC (GCLocker Initiated GC) [PSYoungGen: 151241K->59086K(168960K)] 604707K->538927K(693248K), 0.0120371 secs] [Times: user=0.18 sys=0.00, real=0.01 secs] 
2016-09-25T22:30:24.233-0400: 65.496: [Full GC (Ergonomics) [PSYoungGen: 148174K->0K(168960K)] [ParOldGen: 492053K->386785K(524288K)] 640228K->386785K(693248K), [Metaspace: 43706K->43706K(1087488K)], 0.0571647 secs] [Times: user=0.47 sys=0.00, real=0.06 secs] 
2016-09-25T22:30:24.359-0400: 65.622: [GC (GCLocker Initiated GC) [PSYoungGen: 88073K->40033K(172544K)] 477558K->429518K(696832K), 0.0132792 secs] [Times: user=0.08 sys=0.01, real=0.01 secs] 
2016-09-25T22:30:24.421-0400: 65.684: [GC (GCLocker Initiated GC) [PSYoungGen: 129121K->64244K(177664K)] 518793K->457363K(701952K), 0.0144631 secs] [Times: user=0.16 sys=0.01, real=0.02 secs] 
2016-09-25T22:30:24.485-0400: 65.747: [GC (GCLocker Initiated GC) [PSYoungGen: 157428K->68623K(162304K)] 554714K->479755K(686592K), 0.0077760 secs] [Times: user=0.10 sys=0.00, real=0.00 secs] 
2016-09-25T22:30:24.541-0400: 65.804: [GC (GCLocker Initiated GC) [PSYoungGen: 161807K->68503K(174592K)] 579781K->489779K(698880K), 0.0137256 secs] [Times: user=0.13 sys=0.01, real=0.02 secs] 
2016-09-25T22:30:24.632-0400: 65.895: [GC (GCLocker Initiated GC) [PSYoungGen: 157591K->72436K(161792K)] 588106K->506102K(686080K), 0.0110474 secs] [Times: user=0.12 sys=0.00, real=0.02 secs] 
2016-09-25T22:30:24.692-0400: 65.955: [GC (GCLocker Initiated GC) [PSYoungGen: 161524K->46719K(175104K)] 599326K->506627K(699392K), 0.0064131 secs] [Times: user=0.09 sys=0.00, real=0.01 secs] 
2016-09-25T22:30:24.738-0400: 66.001: [GC (GCLocker Initiated GC) [PSYoungGen: 134783K->65776K(175104K)] 604335K->549224K(699392K), 0.0073540 secs] [Times: user=0.10 sys=0.00, real=0.01 secs] 
2016-09-25T22:30:24.807-0400: 66.070: [GC (GCLocker Initiated GC) [PSYoungGen: 153840K->84646K(175104K)] 637412K->582237K(699392K), 0.0147138 secs] [Times: user=0.18 sys=0.01, real=0.01 secs] 
2016-09-25T22:30:24.822-0400: 66.084: [Full GC (Ergonomics) [PSYoungGen: 84646K->0K(175104K)] [ParOldGen: 497591K->389764K(524288K)] 582237K->389764K(699392K), [Metaspace: 43706K->43706K(1087488K)], 0.0727451 secs] [Times: user=0.62 sys=0.01, real=0.08 secs] 
2016-09-25T22:30:24.938-0400: 66.201: [GC (GCLocker Initiated GC) [PSYoungGen: 88064K->44115K(175104K)] 484736K->440787K(699392K), 0.0134450 secs] [Times: user=0.13 sys=0.00, real=0.01 secs] 
2016-09-25T22:30:25.000-0400: 66.262: [GC (GCLocker Initiated GC) [PSYoungGen: 132179K->44129K(175104K)] 532923K->467208K(699392K), 0.0075367 secs] [Times: user=0.09 sys=0.00, real=0.01 secs] 
2016-09-25T22:30:25.050-0400: 66.312: [GC (GCLocker Initiated GC) [PSYoungGen: 132193K->77840K(175104K)] 560797K->506924K(699392K), 0.0113296 secs] [Times: user=0.09 sys=0.00, real=0.01 secs] 
2016-09-25T22:30:25.108-0400: 66.371: [GC (GCLocker Initiated GC) [PSYoungGen: 165904K->64458K(175104K)] 601752K->508856K(699392K), 0.0087254 secs] [Times: user=0.09 sys=0.00, real=0.01 secs] 
2016-09-25T22:30:25.167-0400: 66.430: [GC (GCLocker Initiated GC) [PSYoungGen: 152522K->65673K(175104K)] 599783K->514788K(699392K), 0.0074937 secs] [Times: user=0.07 sys=0.00, real=0.01 secs] 
2016-09-25T22:30:25.226-0400: 66.489: [GC (GCLocker Initiated GC) [PSYoungGen: 153737K->48014K(175104K)] 604345K->503049K(699392K), 0.0104269 secs] [Times: user=0.08 sys=0.00, real=0.01 secs] 
2016-09-25T22:30:25.284-0400: 66.547: [GC (GCLocker Initiated GC) [PSYoungGen: 136078K->71173K(175104K)] 593832K->548304K(699392K), 0.0114631 secs] [Times: user=0.17 sys=0.00, real=0.01 secs] 
2016-09-25T22:30:25.349-0400: 66.612: [GC (GCLocker Initiated GC) [PSYoungGen: 159237K->60273K(175104K)] 636634K->550289K(699392K), 0.0073403 secs] [Times: user=0.10 sys=0.00, real=0.01 secs] 
2016-09-25T22:30:25.404-0400: 66.667: [GC (GCLocker Initiated GC) [PSYoungGen: 148337K->77738K(175104K)] 638520K->581846K(699392K), 0.0096751 secs] [Times: user=0.13 sys=0.00, real=0.00 secs] 
2016-09-25T22:30:25.414-0400: 66.677: [Full GC (Ergonomics) [PSYoungGen: 77738K->0K(175104K)] [ParOldGen: 504107K->392510K(524288K)] 581846K->392510K(699392K), [Metaspace: 43706K->43706K(1087488K)], 0.0711747 secs] [Times: user=0.47 sys=0.02, real=0.08 secs] 
2016-09-25T22:30:25.528-0400: 66.791: [GC (GCLocker Initiated GC) [PSYoungGen: 88064K->63528K(175104K)] 488883K->464347K(699392K), 0.0085297 secs] [Times: user=0.11 sys=0.01, real=0.01 secs] 
2016-09-25T22:30:25.592-0400: 66.855: [GC (GCLocker Initiated GC) [PSYoungGen: 151592K->62995K(175104K)] 560749K->475791K(699392K), 0.0071094 secs] [Times: user=0.08 sys=0.02, real=0.01 secs] 
2016-09-25T22:30:25.665-0400: 66.928: [GC (GCLocker Initiated GC) [PSYoungGen: 151059K->57574K(174080K)] 570803K->481807K(698368K), 0.0078092 secs] [Times: user=0.10 sys=0.00, real=0.00 secs] 
2016-09-25T22:30:25.725-0400: 66.988: [GC (GCLocker Initiated GC) [PSYoungGen: 145638K->60356K(148480K)] 575312K->494498K(672768K), 0.0111088 secs] [Times: user=0.12 sys=0.00, real=0.01 secs] 
2016-09-25T22:30:25.796-0400: 67.059: [GC (GCLocker Initiated GC) [PSYoungGen: 148420K->48218K(174080K)] 593428K->500486K(698368K), 0.0089500 secs] [Times: user=0.13 sys=0.00, real=0.01 secs] 
2016-09-25T22:30:25.853-0400: 67.115: [GC (GCLocker Initiated GC) [PSYoungGen: 137818K->65738K(174080K)] 590142K->522704K(698368K), 0.0067607 secs] [Times: user=0.09 sys=0.00, real=0.01 secs] 
2016-09-25T22:30:25.914-0400: 67.177: [GC (GCLocker Initiated GC) [PSYoungGen: 155338K->64522K(176128K)] 615032K->524682K(700416K), 0.0067194 secs] [Times: user=0.10 sys=0.00, real=0.01 secs] 
2016-09-25T22:30:25.982-0400: 67.244: [GC (GCLocker Initiated GC) [PSYoungGen: 158218K->56463K(176640K)] 625136K->529397K(700928K), 0.0094619 secs] [Times: user=0.14 sys=0.00, real=0.01 secs] 
2016-09-25T22:30:26.059-0400: 67.322: [GC (GCLocker Initiated GC) [PSYoungGen: 150159K->73970K(175104K)] 623126K->548903K(699392K), 0.0063462 secs] [Times: user=0.10 sys=0.00, real=0.01 secs] 
2016-09-25T22:30:26.121-0400: 67.383: [GC (GCLocker Initiated GC) [PSYoungGen: 167154K->68742K(177664K)] 648893K->567254K(701952K), 0.0082007 secs] [Times: user=0.12 sys=0.00, real=0.01 secs] 
2016-09-25T22:30:26.197-0400: 67.460: [Full GC (Ergonomics) [PSYoungGen: 161926K->0K(177664K)] [ParOldGen: 504354K->393103K(524288K)] 666280K->393103K(701952K), [Metaspace: 43707K->43707K(1087488K)], 0.0658594 secs] [Times: user=0.58 sys=0.00, real=0.07 secs] 
2016-09-25T22:30:26.320-0400: 67.583: [GC (GCLocker Initiated GC) [PSYoungGen: 93184K->56618K(175616K)] 489014K->452449K(699904K), 0.0058617 secs] [Times: user=0.07 sys=0.01, real=0.01 secs] 
2016-09-25T22:30:26.385-0400: 67.648: [GC (GCLocker Initiated GC) [PSYoungGen: 149802K->71232K(176640K)] 545674K->481416K(700928K), 0.0093249 secs] [Times: user=0.13 sys=0.00, real=0.01 secs] 
2016-09-25T22:30:26.443-0400: 67.706: [GC (GCLocker Initiated GC) [PSYoungGen: 164416K->72963K(174592K)] 574757K->516263K(698880K), 0.0090288 secs] [Times: user=0.13 sys=0.00, real=0.00 secs] 
2016-09-25T22:30:26.523-0400: 67.785: [GC (GCLocker Initiated GC) [PSYoungGen: 163075K->72666K(162816K)] 609245K->529147K(687104K), 0.0112988 secs] [Times: user=0.12 sys=0.01, real=0.00 secs] 
2016-09-25T22:30:26.594-0400: 67.857: [GC (GCLocker Initiated GC) [PSYoungGen: 162778K->62143K(176640K)] 633005K->537058K(700928K), 0.0186141 secs] [Times: user=0.25 sys=0.00, real=0.01 secs] 
2016-09-25T22:30:26.673-0400: 67.936: [GC (GCLocker Initiated GC) [PSYoungGen: 151743K->69882K(175104K)] 629517K->563320K(699392K), 0.0114535 secs] [Times: user=0.15 sys=0.01, real=0.02 secs] 
2016-09-25T22:30:26.742-0400: 68.005: [Full GC (Ergonomics) [PSYoungGen: 159482K->0K(175104K)] [ParOldGen: 498930K->400392K(524288K)] 658413K->400392K(699392K), [Metaspace: 43707K->43707K(1087488K)], 0.0715796 secs] [Times: user=0.62 sys=0.02, real=0.07 secs] 
2016-09-25T22:30:26.878-0400: 68.141: [GC (GCLocker Initiated GC) [PSYoungGen: 89600K->65195K(174080K)] 496779K->472374K(698368K), 0.0097024 secs] [Times: user=0.11 sys=0.01, real=0.01 secs] 
2016-09-25T22:30:26.936-0400: 68.199: [GC (GCLocker Initiated GC) [PSYoungGen: 156331K->82273K(174592K)] 563549K->501564K(698880K), 0.0100556 secs] [Times: user=0.15 sys=0.00, real=0.01 secs] 
2016-09-25T22:30:27.001-0400: 68.263: [GC (GCLocker Initiated GC) [PSYoungGen: 173409K->66044K(176128K)] 598140K->517181K(700416K), 0.0098641 secs] [Times: user=0.15 sys=0.00, real=0.01 secs] 
2016-09-25T22:30:27.068-0400: 68.331: [GC (GCLocker Initiated GC) [PSYoungGen: 155132K->63440K(152576K)] 609061K->527543K(676864K), 0.0067254 secs] [Times: user=0.09 sys=0.00, real=0.01 secs] 
2016-09-25T22:30:27.127-0400: 68.390: [GC (GCLocker Initiated GC) [PSYoungGen: 152528K->77035K(171520K)] 624833K->550176K(695808K), 0.0111391 secs] [Times: user=0.17 sys=0.00, real=0.01 secs] 
2016-09-25T22:30:27.195-0400: 68.458: [GC (GCLocker Initiated GC) [PSYoungGen: 164075K->51036K(173568K)] 639421K->536632K(697856K), 0.0107709 secs] [Times: user=0.08 sys=0.00, real=0.01 secs] 
2016-09-25T22:30:27.261-0400: 68.524: [GC (GCLocker Initiated GC) [PSYoungGen: 138076K->60582K(175104K)] 629220K->578130K(699392K), 0.0098013 secs] [Times: user=0.14 sys=0.02, real=0.01 secs] 
2016-09-25T22:30:27.272-0400: 68.534: [Full GC (Ergonomics) [PSYoungGen: 60582K->0K(175104K)] [ParOldGen: 517548K->404606K(524288K)] 578130K->404606K(699392K), [Metaspace: 43714K->43714K(1087488K)], 0.0705159 secs] [Times: user=0.56 sys=0.00, real=0.08 secs] 
2016-09-25T22:30:27.403-0400: 68.666: [GC (GCLocker Initiated GC) [PSYoungGen: 88576K->46021K(175104K)] 497598K->455044K(699392K), 0.0103208 secs] [Times: user=0.11 sys=0.00, real=0.00 secs] 
2016-09-25T22:30:27.463-0400: 68.726: [GC (GCLocker Initiated GC) [PSYoungGen: 134597K->63347K(173056K)] 545061K->476376K(697344K), 0.0202272 secs] [Times: user=0.27 sys=0.00, real=0.02 secs] 
2016-09-25T22:30:27.528-0400: 68.791: [GC (GCLocker Initiated GC) [PSYoungGen: 151923K->82312K(174080K)] 567750K->512422K(698368K), 0.0144187 secs] [Times: user=0.19 sys=0.01, real=0.02 secs] 
2016-09-25T22:30:27.587-0400: 68.849: [GC (GCLocker Initiated GC) [PSYoungGen: 170888K->85044K(175104K)] 603751K->533508K(699392K), 0.0114318 secs] [Times: user=0.12 sys=0.02, real=0.01 secs] 
2016-09-25T22:30:27.653-0400: 68.915: [GC (GCLocker Initiated GC) [PSYoungGen: 173108K->70097K(175104K)] 628541K->545150K(699392K), 0.0092074 secs] [Times: user=0.12 sys=0.00, real=0.01 secs] 
2016-09-25T22:30:27.723-0400: 68.985: [GC (GCLocker Initiated GC) [PSYoungGen: 158161K->67206K(175104K)] 635935K->549757K(699392K), 0.0104434 secs] [Times: user=0.17 sys=0.00, real=0.00 secs] 
2016-09-25T22:30:27.795-0400: 69.057: [GC (GCLocker Initiated GC) [PSYoungGen: 155270K->55184K(175104K)] 647415K->549263K(699392K), 0.0064228 secs] [Times: user=0.08 sys=0.00, real=0.00 secs] 
2016-09-25T22:30:27.801-0400: 69.064: [Full GC (Ergonomics) [PSYoungGen: 55184K->0K(175104K)] [ParOldGen: 494078K->408776K(524288K)] 549263K->408776K(699392K), [Metaspace: 43714K->43714K(1087488K)], 0.0623319 secs] [Times: user=0.55 sys=0.01, real=0.07 secs] 
2016-09-25T22:30:27.928-0400: 69.191: [GC (GCLocker Initiated GC) [PSYoungGen: 88064K->61063K(175104K)] 502459K->475458K(699392K), 0.0159065 secs] [Times: user=0.21 sys=0.01, real=0.02 secs] 
2016-09-25T22:30:27.993-0400: 69.255: [GC (GCLocker Initiated GC) [PSYoungGen: 149127K->74213K(175104K)] 566322K->503359K(699392K), 0.0104502 secs] [Times: user=0.16 sys=0.00, real=0.02 secs] 
2016-09-25T22:30:28.058-0400: 69.321: [GC (GCLocker Initiated GC) [PSYoungGen: 162277K->72635K(175104K)] 596982K->510874K(699392K), 0.0102375 secs] [Times: user=0.10 sys=0.00, real=0.01 secs] 
2016-09-25T22:30:28.117-0400: 69.380: [GC (GCLocker Initiated GC) [PSYoungGen: 160699K->64601K(175104K)] 598981K->518442K(699392K), 0.0076099 secs] [Times: user=0.09 sys=0.00, real=0.01 secs] 
2016-09-25T22:30:28.186-0400: 69.448: [GC (GCLocker Initiated GC) [PSYoungGen: 152665K->55339K(175104K)] 606677K->532936K(699392K), 0.0126581 secs] [Times: user=0.19 sys=0.01, real=0.01 secs] 
2016-09-25T22:30:28.258-0400: 69.521: [GC (GCLocker Initiated GC) [PSYoungGen: 143403K->38981K(175104K)] 621645K->545058K(699392K), 0.0142115 secs] [Times: user=0.18 sys=0.00, real=0.01 secs] 
2016-09-25T22:30:28.273-0400: 69.536: [Full GC (Ergonomics) [PSYoungGen: 38981K->0K(175104K)] [ParOldGen: 506077K->393844K(524288K)] 545058K->393844K(699392K), [Metaspace: 43717K->43717K(1087488K)], 0.2759623 secs] [Times: user=4.19 sys=0.03, real=0.28 secs] 
2016-09-25T22:30:28.603-0400: 69.866: [GC (GCLocker Initiated GC) [PSYoungGen: 88064K->68131K(175104K)] 487397K->467465K(699392K), 0.0116160 secs] [Times: user=0.14 sys=0.01, real=0.01 secs] 
2016-09-25T22:30:28.705-0400: 69.968: [GC (GCLocker Initiated GC) [PSYoungGen: 156195K->52381K(175104K)] 563075K->460761K(699392K), 0.0073063 secs] [Times: user=0.09 sys=0.00, real=0.00 secs] 
2016-09-25T22:30:28.760-0400: 70.023: [GC (GCLocker Initiated GC) [PSYoungGen: 140445K->57720K(175104K)] 551570K->473472K(699392K), 0.0069281 secs] [Times: user=0.06 sys=0.02, real=0.01 secs] 
2016-09-25T22:30:28.834-0400: 70.096: [GC (GCLocker Initiated GC) [PSYoungGen: 145784K->71818K(175104K)] 565616K->491649K(699392K), 0.0087807 secs] [Times: user=0.12 sys=0.01, real=0.02 secs] 
2016-09-25T22:30:28.916-0400: 70.179: [GC (GCLocker Initiated GC) [PSYoungGen: 159882K->42803K(175104K)] 582645K->499112K(699392K), 0.0067703 secs] [Times: user=0.07 sys=0.00, real=0.01 secs] 
2016-09-25T22:30:28.964-0400: 70.227: [GC (GCLocker Initiated GC) [PSYoungGen: 130867K->65842K(175104K)] 589924K->526854K(699392K), 0.0067381 secs] [Times: user=0.08 sys=0.01, real=0.00 secs] 
2016-09-25T22:30:29.041-0400: 70.304: [GC (GCLocker Initiated GC) [PSYoungGen: 153906K->61925K(172032K)] 620379K->531684K(696320K), 0.0096290 secs] [Times: user=0.10 sys=0.00, real=0.01 secs] 
2016-09-25T22:30:29.125-0400: 70.388: [GC (GCLocker Initiated GC) [PSYoungGen: 149989K->57218K(173568K)] 626630K->533858K(697856K), 0.0084186 secs] [Times: user=0.07 sys=0.01, real=0.00 secs] 
2016-09-25T22:30:29.191-0400: 70.454: [GC (GCLocker Initiated GC) [PSYoungGen: 145282K->53484K(174592K)] 627572K->535774K(698880K), 0.0057303 secs] [Times: user=0.06 sys=0.00, real=0.01 secs] 
2016-09-25T22:30:29.275-0400: 70.538: [GC (GCLocker Initiated GC) [PSYoungGen: 146156K->52509K(175616K)] 631183K->537535K(699904K), 0.0108250 secs] [Times: user=0.09 sys=0.00, real=0.01 secs] 
2016-09-25T22:30:29.345-0400: 70.608: [GC (GCLocker Initiated GC) [PSYoungGen: 145181K->81586K(169984K)] 634300K->581505K(694272K), 0.0077954 secs] [Times: user=0.10 sys=0.00, real=0.00 secs] 
2016-09-25T22:30:29.353-0400: 70.616: [Full GC (Ergonomics) [PSYoungGen: 81586K->0K(169984K)] [ParOldGen: 499919K->411476K(524288K)] 581505K->411476K(694272K), [Metaspace: 43719K->43719K(1087488K)], 0.0486896 secs] [Times: user=0.38 sys=0.01, real=0.05 secs] 
2016-09-25T22:30:29.460-0400: 70.723: [GC (GCLocker Initiated GC) [PSYoungGen: 88064K->70539K(175104K)] 510476K->492952K(699392K), 0.0104987 secs] [Times: user=0.14 sys=0.00, real=0.01 secs] 
2016-09-25T22:30:29.560-0400: 70.823: [GC (GCLocker Initiated GC) [PSYoungGen: 158603K->73740K(175104K)] 590626K->505762K(699392K), 0.0070467 secs] [Times: user=0.10 sys=0.00, real=0.01 secs] 
2016-09-25T22:30:29.611-0400: 70.874: [GC (GCLocker Initiated GC) [PSYoungGen: 161804K->64966K(175104K)] 597332K->515156K(699392K), 0.0076834 secs] [Times: user=0.10 sys=0.00, real=0.01 secs] 
2016-09-25T22:30:29.655-0400: 70.917: [GC (GCLocker Initiated GC) [PSYoungGen: 153030K->57620K(174080K)] 603282K->522312K(698368K), 0.0110847 secs] [Times: user=0.09 sys=0.00, real=0.01 secs] 
2016-09-25T22:30:29.739-0400: 71.002: [GC (GCLocker Initiated GC) [PSYoungGen: 145684K->64708K(174592K)] 613483K->532507K(698880K), 0.0108835 secs] [Times: user=0.10 sys=0.00, real=0.01 secs] 
2016-09-25T22:30:29.813-0400: 71.076: [GC (GCLocker Initiated GC) [PSYoungGen: 152772K->69230K(174592K)] 628913K->545371K(698880K), 0.0064132 secs] [Times: user=0.09 sys=0.01, real=0.01 secs] 
2016-09-25T22:30:29.859-0400: 71.121: [GC (GCLocker Initiated GC) [PSYoungGen: 158830K->62857K(174592K)] 634995K->539022K(698880K), 0.0065860 secs] [Times: user=0.06 sys=0.00, real=0.01 secs] 
2016-09-25T22:30:29.915-0400: 71.178: [GC (GCLocker Initiated GC) [PSYoungGen: 152457K->57704K(175616K)] 628679K->533926K(699904K), 0.0126082 secs] [Times: user=0.12 sys=0.00, real=0.01 secs] 
2016-09-25T22:30:29.977-0400: 71.240: [GC (GCLocker Initiated GC) [PSYoungGen: 150376K->82068K(175104K)] 626694K->558875K(699392K), 0.0076345 secs] [Times: user=0.07 sys=0.00, real=0.01 secs] 
2016-09-25T22:30:30.049-0400: 71.311: [GC (GCLocker Initiated GC) [PSYoungGen: 174740K->73664K(175104K)] 657079K->556717K(699392K), 0.0074589 secs] [Times: user=0.06 sys=0.00, real=0.01 secs] 
2016-09-25T22:30:30.113-0400: 71.376: [GC (GCLocker Initiated GC) [PSYoungGen: 161728K->55648K(175104K)] 644874K->539554K(699392K), 0.0067862 secs] [Times: user=0.04 sys=0.01, real=0.01 secs] 
2016-09-25T22:30:30.170-0400: 71.432: [GC (GCLocker Initiated GC) [PSYoungGen: 143712K->84974K(175104K)] 633086K->586038K(699392K), 0.0101146 secs] [Times: user=0.09 sys=0.00, real=0.01 secs] 
2016-09-25T22:30:30.224-0400: 71.487: [Full GC (Ergonomics) [PSYoungGen: 173038K->0K(175104K)] [ParOldGen: 503822K->419188K(524288K)] 676860K->419188K(699392K), [Metaspace: 43719K->43719K(1087488K)], 0.0607580 secs] [Times: user=0.55 sys=0.00, real=0.06 secs] 
2016-09-25T22:30:30.330-0400: 71.593: [GC (GCLocker Initiated GC) [PSYoungGen: 88064K->73051K(175104K)] 514327K->499314K(699392K), 0.0093952 secs] [Times: user=0.13 sys=0.00, real=0.01 secs] 
2016-09-25T22:30:30.390-0400: 71.652: [GC (GCLocker Initiated GC) [PSYoungGen: 161115K->79195K(175104K)] 587470K->515981K(699392K), 0.0097411 secs] [Times: user=0.14 sys=0.01, real=0.01 secs] 
2016-09-25T22:30:30.440-0400: 71.703: [GC (GCLocker Initiated GC) [PSYoungGen: 167259K->71350K(175104K)] 614958K->519432K(699392K), 0.0195075 secs] [Times: user=0.23 sys=0.00, real=0.02 secs] 
2016-09-25T22:30:30.513-0400: 71.775: [GC (GCLocker Initiated GC) [PSYoungGen: 159414K->69872K(175104K)] 613008K->545727K(699392K), 0.0101815 secs] [Times: user=0.09 sys=0.00, real=0.02 secs] 
2016-09-25T22:30:30.575-0400: 71.838: [GC (GCLocker Initiated GC) [PSYoungGen: 157936K->65758K(175104K)] 643065K->552755K(699392K), 0.0102061 secs] [Times: user=0.10 sys=0.00, real=0.01 secs] 
2016-09-25T22:30:30.651-0400: 71.914: [Full GC (Ergonomics) [PSYoungGen: 153822K->0K(175104K)] [ParOldGen: 503436K->419104K(524288K)] 657259K->419104K(699392K), [Metaspace: 43719K->43719K(1087488K)], 0.0605609 secs] [Times: user=0.57 sys=0.00, real=0.06 secs] 
2016-09-25T22:30:30.763-0400: 72.025: [GC (GCLocker Initiated GC) [PSYoungGen: 88064K->80993K(175104K)] 512696K->505625K(699392K), 0.0077527 secs] [Times: user=0.12 sys=0.01, real=0.00 secs] 
2016-09-25T22:30:30.823-0400: 72.086: [GC (GCLocker Initiated GC) [PSYoungGen: 169057K->36090K(175104K)] 608618K->514379K(699392K), 0.0070540 secs] [Times: user=0.09 sys=0.00, real=0.00 secs] 
2016-09-25T22:30:30.888-0400: 72.151: [GC (GCLocker Initiated GC) [PSYoungGen: 124154K->42776K(175104K)] 613401K->532549K(699392K), 0.0118835 secs] [Times: user=0.16 sys=0.01, real=0.01 secs] 
2016-09-25T22:30:30.953-0400: 72.216: [Full GC (Ergonomics) [PSYoungGen: 130840K->0K(175104K)] [ParOldGen: 492568K->420583K(524288K)] 623408K->420583K(699392K), [Metaspace: 43719K->43719K(1087488K)], 0.0666600 secs] [Times: user=0.54 sys=0.00, real=0.07 secs] 
2016-09-25T22:30:31.070-0400: 72.333: [GC (GCLocker Initiated GC) [PSYoungGen: 88064K->86457K(175104K)] 508796K->509890K(699392K), 0.0102941 secs] [Times: user=0.09 sys=0.01, real=0.01 secs] 
2016-09-25T22:30:31.134-0400: 72.397: [GC (GCLocker Initiated GC) [PSYoungGen: 174521K->55025K(175104K)] 603450K->514601K(699392K), 0.0098847 secs] [Times: user=0.13 sys=0.00, real=0.01 secs] 
2016-09-25T22:30:31.187-0400: 72.450: [GC (GCLocker Initiated GC) [PSYoungGen: 143089K->78071K(175104K)] 605458K->553127K(699392K), 0.0074170 secs] [Times: user=0.11 sys=0.00, real=0.01 secs] 
2016-09-25T22:30:31.252-0400: 72.514: [GC (GCLocker Initiated GC) [PSYoungGen: 166135K->36063K(175104K)] 646804K->557881K(699392K), 0.0067772 secs] [Times: user=0.09 sys=0.00, real=0.01 secs] 
2016-09-25T22:30:31.259-0400: 72.521: [Full GC (Ergonomics) [PSYoungGen: 36063K->0K(175104K)] [ParOldGen: 521818K->416810K(524288K)] 557881K->416810K(699392K), [Metaspace: 43719K->43719K(1087488K)], 0.0623920 secs] [Times: user=0.57 sys=0.00, real=0.06 secs] 
2016-09-25T22:30:31.370-0400: 72.633: [GC (GCLocker Initiated GC) [PSYoungGen: 88064K->70389K(175104K)] 504939K->487265K(699392K), 0.0067423 secs] [Times: user=0.08 sys=0.00, real=0.01 secs] 
2016-09-25T22:30:31.428-0400: 72.691: [GC (GCLocker Initiated GC) [PSYoungGen: 158453K->66054K(175104K)] 584815K->504274K(699392K), 0.0111008 secs] [Times: user=0.14 sys=0.00, real=0.01 secs] 
2016-09-25T22:30:31.491-0400: 72.753: [GC (GCLocker Initiated GC) [PSYoungGen: 154118K->50900K(175104K)] 598557K->496009K(699392K), 0.0119871 secs] [Times: user=0.10 sys=0.00, real=0.02 secs] 
2016-09-25T22:30:31.555-0400: 72.818: [GC (GCLocker Initiated GC) [PSYoungGen: 138964K->60236K(175104K)] 586855K->511425K(699392K), 0.0119459 secs] [Times: user=0.14 sys=0.01, real=0.01 secs] 
2016-09-25T22:30:31.598-0400: 72.861: [GC (GCLocker Initiated GC) [PSYoungGen: 148300K->84794K(175104K)] 602353K->554061K(699392K), 0.0084806 secs] [Times: user=0.13 sys=0.01, real=0.01 secs] 
2016-09-25T22:30:31.654-0400: 72.917: [GC (GCLocker Initiated GC) [PSYoungGen: 172858K->67375K(175104K)] 647664K->550839K(699392K), 0.0080633 secs] [Times: user=0.09 sys=0.01, real=0.02 secs] 
2016-09-25T22:30:31.720-0400: 72.983: [GC (GCLocker Initiated GC) [PSYoungGen: 155439K->72517K(175104K)] 641949K->571791K(699392K), 0.0105906 secs] [Times: user=0.15 sys=0.00, real=0.01 secs] 
2016-09-25T22:30:31.731-0400: 72.994: [Full GC (Ergonomics) [PSYoungGen: 72517K->0K(175104K)] [ParOldGen: 499274K->427712K(524288K)] 571791K->427712K(699392K), [Metaspace: 43720K->43720K(1087488K)], 0.0614023 secs] [Times: user=0.52 sys=0.01, real=0.06 secs] 
2016-09-25T22:30:31.845-0400: 73.108: [GC (GCLocker Initiated GC) [PSYoungGen: 88064K->72995K(175104K)] 523918K->508849K(699392K), 0.0070736 secs] [Times: user=0.09 sys=0.00, real=0.00 secs] 
2016-09-25T22:30:31.902-0400: 73.164: [GC (GCLocker Initiated GC) [PSYoungGen: 161059K->57697K(175104K)] 605218K->536555K(699392K), 0.0105687 secs] [Times: user=0.15 sys=0.00, real=0.01 secs] 
2016-09-25T22:30:31.962-0400: 73.224: [Full GC (Ergonomics) [PSYoungGen: 145761K->0K(175104K)] [ParOldGen: 484331K->426001K(524288K)] 630093K->426001K(699392K), [Metaspace: 43720K->43720K(1087488K)], 0.0608110 secs] [Times: user=0.54 sys=0.00, real=0.07 secs] 
2016-09-25T22:30:32.066-0400: 73.328: [GC (GCLocker Initiated GC) [PSYoungGen: 88064K->61005K(175104K)] 519772K->492714K(699392K), 0.0196713 secs] [Times: user=0.26 sys=0.00, real=0.02 secs] 
2016-09-25T22:30:32.143-0400: 73.406: [GC (GCLocker Initiated GC) [PSYoungGen: 149069K->57538K(175104K)] 587579K->503899K(699392K), 0.0116196 secs] [Times: user=0.13 sys=0.00, real=0.01 secs] 
2016-09-25T22:30:32.201-0400: 73.464: [GC (GCLocker Initiated GC) [PSYoungGen: 145602K->59141K(175104K)] 592014K->539782K(699392K), 0.0072723 secs] [Times: user=0.10 sys=0.00, real=0.01 secs] 
2016-09-25T22:30:32.255-0400: 73.518: [Full GC (Ergonomics) [PSYoungGen: 147205K->0K(175104K)] [ParOldGen: 483413K->433008K(524288K)] 630618K->433008K(699392K), [Metaspace: 43720K->43720K(1087488K)], 0.0661605 secs] [Times: user=0.55 sys=0.01, real=0.06 secs] 
2016-09-25T22:30:32.384-0400: 73.647: [GC (GCLocker Initiated GC) [PSYoungGen: 88064K->69139K(175104K)] 527867K->508942K(699392K), 0.0060587 secs] [Times: user=0.08 sys=0.01, real=0.00 secs] 
2016-09-25T22:30:32.448-0400: 73.710: [GC (GCLocker Initiated GC) [PSYoungGen: 157203K->61782K(175104K)] 603601K->509362K(699392K), 0.0064040 secs] [Times: user=0.07 sys=0.00, real=0.00 secs] 
2016-09-25T22:30:32.506-0400: 73.769: [GC (GCLocker Initiated GC) [PSYoungGen: 149846K->51213K(175104K)] 601828K->503196K(699392K), 0.0123636 secs] [Times: user=0.11 sys=0.00, real=0.01 secs] 
2016-09-25T22:30:32.565-0400: 73.828: [GC (GCLocker Initiated GC) [PSYoungGen: 139277K->78702K(175104K)] 595347K->534772K(699392K), 0.0240436 secs] [Times: user=0.31 sys=0.00, real=0.02 secs] 
2016-09-25T22:30:32.638-0400: 73.901: [GC (GCLocker Initiated GC) [PSYoungGen: 166766K->79597K(175104K)] 625617K->552787K(699392K), 0.0132519 secs] [Times: user=0.18 sys=0.00, real=0.01 secs] 
2016-09-25T22:30:32.703-0400: 73.966: [GC (GCLocker Initiated GC) [PSYoungGen: 167661K->60500K(175104K)] 650466K->571154K(699392K), 0.0097689 secs] [Times: user=0.13 sys=0.00, real=0.00 secs] 
2016-09-25T22:30:32.713-0400: 73.976: [Full GC (Ergonomics) [PSYoungGen: 60500K->0K(175104K)] [ParOldGen: 510654K->432712K(524288K)] 571154K->432712K(699392K), [Metaspace: 43720K->43720K(1087488K)], 0.0641815 secs] [Times: user=0.57 sys=0.00, real=0.07 secs] 
2016-09-25T22:30:32.829-0400: 74.092: [GC (GCLocker Initiated GC) [PSYoungGen: 88064K->78562K(175104K)] 527651K->518150K(699392K), 0.0096355 secs] [Times: user=0.11 sys=0.01, real=0.01 secs] 
2016-09-25T22:30:32.889-0400: 74.152: [GC (GCLocker Initiated GC) [PSYoungGen: 166626K->69917K(175104K)] 613121K->518820K(699392K), 0.0067106 secs] [Times: user=0.09 sys=0.00, real=0.01 secs] 
2016-09-25T22:30:32.946-0400: 74.209: [GC (GCLocker Initiated GC) [PSYoungGen: 157981K->75250K(175104K)] 609617K->528815K(699392K), 0.0068841 secs] [Times: user=0.08 sys=0.00, real=0.00 secs] 
2016-09-25T22:30:33.004-0400: 74.267: [GC (GCLocker Initiated GC) [PSYoungGen: 163314K->59117K(175104K)] 618290K->536172K(699392K), 0.0092379 secs] [Times: user=0.14 sys=0.01, real=0.00 secs] 
2016-09-25T22:30:33.063-0400: 74.326: [Full GC (Ergonomics) [PSYoungGen: 147181K->0K(175104K)] [ParOldGen: 487997K->432067K(524288K)] 635178K->432067K(699392K), [Metaspace: 43720K->43720K(1087488K)], 0.0699051 secs] [Times: user=0.51 sys=0.01, real=0.06 secs] 
2016-09-25T22:30:33.179-0400: 74.441: [GC (GCLocker Initiated GC) [PSYoungGen: 88064K->69046K(175104K)] 520376K->501359K(699392K), 0.0103402 secs] [Times: user=0.15 sys=0.00, real=0.01 secs] 
2016-09-25T22:30:33.226-0400: 74.489: [GC (GCLocker Initiated GC) [PSYoungGen: 157110K->67154K(175104K)] 599116K->512998K(699392K), 0.0073848 secs] [Times: user=0.08 sys=0.00, real=0.00 secs] 
2016-09-25T22:30:33.298-0400: 74.561: [GC (GCLocker Initiated GC) [PSYoungGen: 155218K->49572K(175104K)] 607072K->503356K(699392K), 0.0226376 secs] [Times: user=0.31 sys=0.02, real=0.02 secs] 
2016-09-25T22:30:33.400-0400: 74.663: [GC (GCLocker Initiated GC) [PSYoungGen: 137636K->51049K(175104K)] 602296K->516224K(699392K), 0.0112431 secs] [Times: user=0.16 sys=0.01, real=0.01 secs] 
2016-09-25T22:30:33.465-0400: 74.728: [GC (GCLocker Initiated GC) [PSYoungGen: 139113K->63101K(151552K)] 611188K->552059K(675840K), 0.0071566 secs] [Times: user=0.10 sys=0.00, real=0.00 secs] 
2016-09-25T22:30:33.538-0400: 74.801: [GC (GCLocker Initiated GC) [PSYoungGen: 151165K->82362K(174080K)] 640158K->571355K(698368K), 0.0134633 secs] [Times: user=0.11 sys=0.01, real=0.01 secs] 
2016-09-25T22:30:33.618-0400: 74.881: [Full GC (Ergonomics) [PSYoungGen: 169914K->0K(174080K)] [ParOldGen: 491774K->432237K(524288K)] 661689K->432237K(698368K), [Metaspace: 43720K->43720K(1087488K)], 0.0693966 secs] [Times: user=0.48 sys=0.01, real=0.07 secs] 
2016-09-25T22:30:33.749-0400: 75.012: [GC (GCLocker Initiated GC) [PSYoungGen: 87552K->86660K(174592K)] 519834K->518942K(698880K), 0.0200017 secs] [Times: user=0.24 sys=0.01, real=0.02 secs] 
2016-09-25T22:30:33.838-0400: 75.101: [GC (GCLocker Initiated GC) [PSYoungGen: 174212K->60663K(175104K)] 618818K->509091K(699392K), 0.0064494 secs] [Times: user=0.09 sys=0.00, real=0.01 secs] 
2016-09-25T22:30:33.889-0400: 75.152: [GC (GCLocker Initiated GC) [PSYoungGen: 148727K->46940K(175104K)] 606677K->519125K(699392K), 0.0065551 secs] [Times: user=0.08 sys=0.00, real=0.01 secs] 
2016-09-25T22:30:33.965-0400: 75.228: [GC (GCLocker Initiated GC) [PSYoungGen: 135004K->63270K(175104K)] 623428K->571209K(699392K), 0.0134128 secs] [Times: user=0.18 sys=0.01, real=0.01 secs] 
2016-09-25T22:30:33.979-0400: 75.242: [Full GC (Ergonomics) [PSYoungGen: 63270K->0K(175104K)] [ParOldGen: 507939K->442137K(524288K)] 571209K->442137K(699392K), [Metaspace: 43720K->43720K(1087488K)], 0.0704168 secs] [Times: user=0.64 sys=0.00, real=0.07 secs] 
2016-09-25T22:30:34.103-0400: 75.366: [GC (GCLocker Initiated GC) [PSYoungGen: 88064K->65995K(175104K)] 532997K->510929K(699392K), 0.0063285 secs] [Times: user=0.09 sys=0.00, real=0.00 secs] 
2016-09-25T22:30:34.186-0400: 75.449: [GC (GCLocker Initiated GC) [PSYoungGen: 154059K->60504K(175104K)] 604411K->523689K(699392K), 0.0106300 secs] [Times: user=0.10 sys=0.01, real=0.01 secs] 
2016-09-25T22:30:34.261-0400: 75.524: [GC (GCLocker Initiated GC) [PSYoungGen: 148568K->53722K(175104K)] 614550K->523052K(699392K), 0.0102830 secs] [Times: user=0.11 sys=0.00, real=0.01 secs] 
2016-09-25T22:30:34.318-0400: 75.581: [GC (GCLocker Initiated GC) [PSYoungGen: 141786K->46941K(175104K)] 620265K->542284K(699392K), 0.0071151 secs] [Times: user=0.05 sys=0.00, real=0.01 secs] 
2016-09-25T22:30:34.328-0400: 75.591: [Full GC (Ergonomics) [PSYoungGen: 46941K->0K(175104K)] [ParOldGen: 495343K->434515K(524288K)] 542284K->434515K(699392K), [Metaspace: 43720K->43720K(1087488K)], 0.0980516 secs] [Times: user=0.78 sys=0.01, real=0.10 secs] 
2016-09-25T22:30:34.487-0400: 75.750: [GC (GCLocker Initiated GC) [PSYoungGen: 88064K->49958K(175104K)] 526660K->488555K(699392K), 0.0062791 secs] [Times: user=0.08 sys=0.00, real=0.00 secs] 
2016-09-25T22:30:34.526-0400: 75.789: [GC (GCLocker Initiated GC) [PSYoungGen: 138022K->70001K(175104K)] 579390K->513581K(699392K), 0.0106707 secs] [Times: user=0.15 sys=0.00, real=0.01 secs] 
2016-09-25T22:30:34.633-0400: 75.896: [GC (GCLocker Initiated GC) [PSYoungGen: 158065K->50923K(175104K)] 609835K->527681K(699392K), 0.0107635 secs] [Times: user=0.12 sys=0.00, real=0.02 secs] 
2016-09-25T22:30:34.696-0400: 75.959: [GC (GCLocker Initiated GC) [PSYoungGen: 138987K->61820K(172032K)] 617779K->542526K(696320K), 0.0067097 secs] [Times: user=0.10 sys=0.01, real=0.01 secs] 
2016-09-25T22:30:34.759-0400: 76.021: [GC (GCLocker Initiated GC) [PSYoungGen: 149884K->67452K(173568K)] 632426K->549994K(697856K), 0.0080213 secs] [Times: user=0.09 sys=0.01, real=0.01 secs] 
2016-09-25T22:30:34.828-0400: 76.091: [GC (GCLocker Initiated GC) [PSYoungGen: 155516K->85494K(173568K)] 640846K->573525K(697856K), 0.0125487 secs] [Times: user=0.18 sys=0.02, real=0.01 secs] 
2016-09-25T22:30:34.902-0400: 76.165: [GC (GCLocker Initiated GC) [PSYoungGen: 173558K->72981K(175104K)] 661735K->580848K(699392K), 0.0127161 secs] [Times: user=0.20 sys=0.02, real=0.01 secs] 
2016-09-25T22:30:34.915-0400: 76.178: [Full GC (Ergonomics) [PSYoungGen: 72981K->0K(175104K)] [ParOldGen: 507866K->438325K(524288K)] 580848K->438325K(699392K), [Metaspace: 43720K->43720K(1087488K)], 0.0695170 secs] [Times: user=0.63 sys=0.03, real=0.07 secs] 
2016-09-25T22:30:35.044-0400: 76.306: [GC (GCLocker Initiated GC) [PSYoungGen: 88064K->65255K(175104K)] 530455K->507646K(699392K), 0.0062523 secs] [Times: user=0.09 sys=0.01, real=0.00 secs] 
2016-09-25T22:30:35.103-0400: 76.365: [GC (GCLocker Initiated GC) [PSYoungGen: 153319K->59242K(175104K)] 595887K->507217K(699392K), 0.0059842 secs] [Times: user=0.08 sys=0.00, real=0.00 secs] 
2016-09-25T22:30:35.160-0400: 76.422: [GC (GCLocker Initiated GC) [PSYoungGen: 147306K->72744K(175104K)] 598137K->533748K(699392K), 0.0071450 secs] [Times: user=0.10 sys=0.00, real=0.01 secs] 
2016-09-25T22:30:35.214-0400: 76.477: [GC (GCLocker Initiated GC) [PSYoungGen: 160808K->60821K(175104K)] 625916K->529358K(699392K), 0.0066825 secs] [Times: user=0.08 sys=0.00, real=0.00 secs] 
2016-09-25T22:30:35.263-0400: 76.525: [GC (GCLocker Initiated GC) [PSYoungGen: 148885K->55068K(175104K)] 617599K->542305K(699392K), 0.0068812 secs] [Times: user=0.08 sys=0.00, real=0.00 secs] 
2016-09-25T22:30:35.313-0400: 76.575: [GC (GCLocker Initiated GC) [PSYoungGen: 143132K->81735K(175104K)] 638624K->577228K(699392K), 0.0072647 secs] [Times: user=0.11 sys=0.00, real=0.01 secs] 
2016-09-25T22:30:35.365-0400: 76.627: [Full GC (Ergonomics) [PSYoungGen: 169799K->0K(175104K)] [ParOldGen: 498277K->448145K(524288K)] 668077K->448145K(699392K), [Metaspace: 43764K->43764K(1087488K)], 0.0574722 secs] [Times: user=0.52 sys=0.01, real=0.06 secs] 
2016-09-25T22:30:35.468-0400: 76.731: [GC (GCLocker Initiated GC) [PSYoungGen: 88064K->58728K(175104K)] 536256K->506921K(699392K), 0.0061220 secs] [Times: user=0.06 sys=0.00, real=0.01 secs] 
2016-09-25T22:30:35.522-0400: 76.784: [GC (GCLocker Initiated GC) [PSYoungGen: 146792K->64559K(175104K)] 597713K->530656K(699392K), 0.0063514 secs] [Times: user=0.09 sys=0.00, real=0.01 secs] 
2016-09-25T22:30:35.570-0400: 76.833: [GC (GCLocker Initiated GC) [PSYoungGen: 152623K->51274K(175104K)] 621594K->534398K(699392K), 0.0066266 secs] [Times: user=0.08 sys=0.00, real=0.01 secs] 
2016-09-25T22:30:35.620-0400: 76.883: [GC (GCLocker Initiated GC) [PSYoungGen: 139338K->83750K(175104K)] 623920K->570694K(699392K), 0.0070665 secs] [Times: user=0.10 sys=0.00, real=0.01 secs] 
2016-09-25T22:30:35.685-0400: 76.948: [GC (GCLocker Initiated GC) [PSYoungGen: 171814K->64776K(175104K)] 666905K->576994K(699392K), 0.0100652 secs] [Times: user=0.13 sys=0.02, real=0.01 secs] 
2016-09-25T22:30:35.695-0400: 76.958: [Full GC (Ergonomics) [PSYoungGen: 64776K->0K(175104K)] [ParOldGen: 512218K->448862K(524288K)] 576994K->448862K(699392K), [Metaspace: 43782K->43782K(1087488K)], 0.0536842 secs] [Times: user=0.52 sys=0.00, real=0.05 secs] 
2016-09-25T22:30:35.800-0400: 77.063: [GC (GCLocker Initiated GC) [PSYoungGen: 88064K->72110K(175104K)] 539713K->523759K(699392K), 0.0063676 secs] [Times: user=0.08 sys=0.00, real=0.01 secs] 
2016-09-25T22:30:35.857-0400: 77.120: [GC (GCLocker Initiated GC) [PSYoungGen: 160174K->55420K(175104K)] 614674K->516786K(699392K), 0.0057156 secs] [Times: user=0.07 sys=0.00, real=0.01 secs] 
2016-09-25T22:30:35.906-0400: 77.169: [GC (GCLocker Initiated GC) [PSYoungGen: 143484K->77115K(175104K)] 610266K->546203K(699392K), 0.0067726 secs] [Times: user=0.10 sys=0.00, real=0.00 secs] 
2016-09-25T22:30:35.959-0400: 77.222: [GC (GCLocker Initiated GC) [PSYoungGen: 165179K->72981K(175104K)] 639748K->552630K(699392K), 0.0071668 secs] [Times: user=0.10 sys=0.00, real=0.01 secs] 
2016-09-25T22:30:36.014-0400: 77.277: [GC (GCLocker Initiated GC) [PSYoungGen: 161045K->74385K(175104K)] 643543K->568689K(699392K), 0.0072096 secs] [Times: user=0.11 sys=0.00, real=0.00 secs] 
2016-09-25T22:30:36.074-0400: 77.337: [GC (GCLocker Initiated GC) [PSYoungGen: 162449K->52718K(175104K)] 662179K->565583K(699392K), 0.0189709 secs] [Times: user=0.25 sys=0.00, real=0.02 secs] 
2016-09-25T22:30:36.093-0400: 77.356: [Full GC (Ergonomics) [PSYoungGen: 52718K->0K(175104K)] [ParOldGen: 512864K->450953K(524288K)] 565583K->450953K(699392K), [Metaspace: 43785K->43785K(1087488K)], 0.0628398 secs] [Times: user=0.46 sys=0.02, real=0.07 secs] 
2016-09-25T22:30:36.207-0400: 77.469: [GC (GCLocker Initiated GC) [PSYoungGen: 88064K->64535K(175104K)] 552726K->529198K(699392K), 0.0125431 secs] [Times: user=0.10 sys=0.00, real=0.01 secs] 
2016-09-25T22:30:36.273-0400: 77.535: [GC (GCLocker Initiated GC) [PSYoungGen: 152599K->33841K(175104K)] 630356K->517547K(699392K), 0.0068683 secs] [Times: user=0.07 sys=0.00, real=0.01 secs] 
2016-09-25T22:30:36.334-0400: 77.597: [GC (GCLocker Initiated GC) [PSYoungGen: 121905K->52630K(175104K)] 617840K->560477K(699392K), 0.0077158 secs] [Times: user=0.10 sys=0.00, real=0.01 secs] 
2016-09-25T22:30:36.342-0400: 77.605: [Full GC (Ergonomics) [PSYoungGen: 52630K->0K(175104K)] [ParOldGen: 507847K->456095K(524288K)] 560477K->456095K(699392K), [Metaspace: 43785K->43785K(1087488K)], 0.0464908 secs] [Times: user=0.38 sys=0.03, real=0.05 secs] 
2016-09-25T22:30:36.429-0400: 77.692: [GC (GCLocker Initiated GC) [PSYoungGen: 88064K->68231K(175104K)] 546934K->527101K(699392K), 0.0068578 secs] [Times: user=0.09 sys=0.00, real=0.01 secs] 
2016-09-25T22:30:36.485-0400: 77.748: [GC (GCLocker Initiated GC) [PSYoungGen: 156295K->58043K(175104K)] 615242K->545591K(699392K), 0.0077821 secs] [Times: user=0.11 sys=0.01, real=0.00 secs] 
2016-09-25T22:30:36.547-0400: 77.810: [GC (GCLocker Initiated GC) [PSYoungGen: 146107K->56523K(175104K)] 639149K->559898K(699392K), 0.0077499 secs] [Times: user=0.07 sys=0.01, real=0.01 secs] 
2016-09-25T22:30:36.555-0400: 77.818: [Full GC (Ergonomics) [PSYoungGen: 56523K->0K(175104K)] [ParOldGen: 503374K->455673K(524288K)] 559898K->455673K(699392K), [Metaspace: 43785K->43785K(1087488K)], 0.0542832 secs] [Times: user=0.49 sys=0.01, real=0.05 secs] 
2016-09-25T22:30:36.656-0400: 77.919: [GC (GCLocker Initiated GC) [PSYoungGen: 88064K->74917K(175104K)] 543962K->530816K(699392K), 0.0133854 secs] [Times: user=0.19 sys=0.00, real=0.01 secs] 
2016-09-25T22:30:36.721-0400: 77.984: [GC (GCLocker Initiated GC) [PSYoungGen: 162981K->66176K(175104K)] 618986K->553498K(699392K), 0.0080407 secs] [Times: user=0.12 sys=0.00, real=0.01 secs] 
2016-09-25T22:30:36.769-0400: 78.032: [GC (GCLocker Initiated GC) [PSYoungGen: 154240K->81401K(175104K)] 641743K->576534K(699392K), 0.0077689 secs] [Times: user=0.09 sys=0.01, real=0.01 secs] 
2016-09-25T22:30:36.777-0400: 78.039: [Full GC (Ergonomics) [PSYoungGen: 81401K->0K(175104K)] [ParOldGen: 495132K->463611K(524288K)] 576534K->463611K(699392K), [Metaspace: 43786K->43786K(1087488K)], 0.0535233 secs] [Times: user=0.52 sys=0.00, real=0.05 secs] 
2016-09-25T22:30:36.875-0400: 78.138: [GC (GCLocker Initiated GC) [PSYoungGen: 88064K->69656K(175104K)] 557212K->538805K(699392K), 0.0146652 secs] [Times: user=0.20 sys=0.00, real=0.01 secs] 
2016-09-25T22:30:36.954-0400: 78.216: [GC (GCLocker Initiated GC) [PSYoungGen: 157720K->58087K(175104K)] 635199K->542679K(699392K), 0.0197673 secs] [Times: user=0.25 sys=0.00, real=0.02 secs] 
2016-09-25T22:30:37.030-0400: 78.293: [GC (GCLocker Initiated GC) [PSYoungGen: 146151K->58204K(175104K)] 633514K->551998K(699392K), 0.0067822 secs] [Times: user=0.08 sys=0.00, real=0.01 secs] 
2016-09-25T22:30:37.082-0400: 78.345: [Full GC (Ergonomics) [PSYoungGen: 146268K->0K(175104K)] [ParOldGen: 496672K->460692K(524288K)] 642941K->460692K(699392K), [Metaspace: 43787K->43787K(1087488K)], 0.1296385 secs] [Times: user=1.75 sys=0.01, real=0.13 secs] 
2016-09-25T22:30:37.273-0400: 78.536: [GC (GCLocker Initiated GC) [PSYoungGen: 88064K->72613K(175104K)] 551634K->536183K(699392K), 0.0064817 secs] [Times: user=0.09 sys=0.00, real=0.01 secs] 
2016-09-25T22:30:37.325-0400: 78.588: [GC (GCLocker Initiated GC) [PSYoungGen: 160677K->56900K(175104K)] 625463K->539810K(699392K), 0.0065489 secs] [Times: user=0.09 sys=0.00, real=0.00 secs] 
2016-09-25T22:30:37.379-0400: 78.642: [GC (GCLocker Initiated GC) [PSYoungGen: 144964K->60700K(148992K)] 627969K->566462K(673280K), 0.0069545 secs] [Times: user=0.09 sys=0.00, real=0.01 secs] 
2016-09-25T22:30:37.387-0400: 78.649: [Full GC (Ergonomics) [PSYoungGen: 60700K->0K(148992K)] [ParOldGen: 505762K->460502K(524288K)] 566462K->460502K(673280K), [Metaspace: 43787K->43787K(1087488K)], 0.0585751 secs] [Times: user=0.51 sys=0.00, real=0.06 secs] 
2016-09-25T22:30:37.496-0400: 78.758: [GC (GCLocker Initiated GC) [PSYoungGen: 88064K->61687K(176640K)] 549574K->523197K(700928K), 0.0099153 secs] [Times: user=0.10 sys=0.00, real=0.01 secs] 
2016-09-25T22:30:37.550-0400: 78.813: [GC (GCLocker Initiated GC) [PSYoungGen: 151799K->54516K(174592K)] 616061K->518778K(698880K), 0.0174972 secs] [Times: user=0.17 sys=0.01, real=0.02 secs] 
2016-09-25T22:30:37.618-0400: 78.881: [GC (GCLocker Initiated GC) [PSYoungGen: 144628K->74263K(172544K)] 614516K->544151K(696832K), 0.0108504 secs] [Times: user=0.16 sys=0.00, real=0.01 secs] 
2016-09-25T22:30:37.673-0400: 78.936: [GC (GCLocker Initiated GC) [PSYoungGen: 162839K->75237K(175104K)] 635514K->547913K(699392K), 0.0062981 secs] [Times: user=0.08 sys=0.00, real=0.01 secs] 
2016-09-25T22:30:37.728-0400: 78.991: [GC (GCLocker Initiated GC) [PSYoungGen: 163813K->52613K(175104K)] 644600K->545966K(699392K), 0.0066343 secs] [Times: user=0.07 sys=0.00, real=0.01 secs] 
2016-09-25T22:30:37.792-0400: 79.055: [Full GC (Ergonomics) [PSYoungGen: 140677K->0K(175104K)] [ParOldGen: 500109K->460294K(524288K)] 640786K->460294K(699392K), [Metaspace: 43798K->43798K(1087488K)], 0.0580443 secs] [Times: user=0.49 sys=0.02, real=0.06 secs] 
2016-09-25T22:30:37.889-0400: 79.152: [GC (GCLocker Initiated GC) [PSYoungGen: 88064K->85749K(175104K)] 548445K->551530K(699392K), 0.0144217 secs] [Times: user=0.21 sys=0.00, real=0.02 secs] 
2016-09-25T22:30:37.950-0400: 79.212: [GC (GCLocker Initiated GC) [PSYoungGen: 173813K->77350K(175104K)] 649177K->552714K(699392K), 0.0082016 secs] [Times: user=0.09 sys=0.00, real=0.01 secs] 
2016-09-25T22:30:38.015-0400: 79.278: [GC (GCLocker Initiated GC) [PSYoungGen: 165414K->53951K(175104K)] 640861K->550822K(699392K), 0.0070152 secs] [Times: user=0.09 sys=0.00, real=0.00 secs] 
2016-09-25T22:30:38.022-0400: 79.285: [Full GC (Ergonomics) [PSYoungGen: 53951K->0K(175104K)] [ParOldGen: 496870K->465477K(524288K)] 550822K->465477K(699392K), [Metaspace: 43798K->43798K(1087488K)], 0.0533718 secs] [Times: user=0.55 sys=0.00, real=0.06 secs] 
2016-09-25T22:30:38.116-0400: 79.379: [GC (GCLocker Initiated GC) [PSYoungGen: 88064K->75455K(175104K)] 555010K->542410K(699392K), 0.0106270 secs] [Times: user=0.16 sys=0.00, real=0.01 secs] 
2016-09-25T22:30:38.177-0400: 79.440: [GC (GCLocker Initiated GC) [PSYoungGen: 163519K->51359K(175104K)] 633244K->541999K(699392K), 0.0060359 secs] [Times: user=0.08 sys=0.00, real=0.01 secs] 
2016-09-25T22:30:38.229-0400: 79.491: [Full GC (Ergonomics) [PSYoungGen: 139423K->0K(175104K)] [ParOldGen: 497463K->473696K(524288K)] 636886K->473696K(699392K), [Metaspace: 43809K->43809K(1087488K)], 0.0506336 secs] [Times: user=0.43 sys=0.00, real=0.05 secs] 
2016-09-25T22:30:38.317-0400: 79.580: [GC (GCLocker Initiated GC) [PSYoungGen: 88064K->83299K(175104K)] 563132K->558368K(699392K), 0.0078978 secs] [Times: user=0.12 sys=0.00, real=0.01 secs] 
2016-09-25T22:30:38.371-0400: 79.634: [GC (GCLocker Initiated GC) [PSYoungGen: 171363K->64860K(175104K)] 649189K->549796K(699392K), 0.0064990 secs] [Times: user=0.10 sys=0.00, real=0.01 secs] 
2016-09-25T22:30:38.422-0400: 79.684: [GC (GCLocker Initiated GC) [PSYoungGen: 152924K->65001K(175104K)] 641992K->556405K(699392K), 0.0074795 secs] [Times: user=0.11 sys=0.00, real=0.01 secs] 
2016-09-25T22:30:38.476-0400: 79.739: [GC (GCLocker Initiated GC) [PSYoungGen: 153065K->64782K(175104K)] 644544K->570847K(699392K), 0.0069107 secs] [Times: user=0.10 sys=0.01, real=0.01 secs] 
2016-09-25T22:30:38.483-0400: 79.746: [Full GC (Ergonomics) [PSYoungGen: 64782K->0K(175104K)] [ParOldGen: 506065K->474201K(524288K)] 570847K->474201K(699392K), [Metaspace: 43809K->43809K(1087488K)], 0.0505210 secs] [Times: user=0.46 sys=0.00, real=0.04 secs] 
2016-09-25T22:30:38.584-0400: 79.847: [GC (GCLocker Initiated GC) [PSYoungGen: 88064K->83710K(175104K)] 570449K->566096K(699392K), 0.0079540 secs] [Times: user=0.11 sys=0.00, real=0.00 secs] 
2016-09-25T22:30:38.645-0400: 79.907: [GC (GCLocker Initiated GC) [PSYoungGen: 171774K->55422K(175104K)] 661086K->566940K(699392K), 0.0070487 secs] [Times: user=0.10 sys=0.00, real=0.00 secs] 
2016-09-25T22:30:38.652-0400: 79.915: [Full GC (Ergonomics) [PSYoungGen: 55422K->0K(175104K)] [ParOldGen: 511517K->478610K(524288K)] 566940K->478610K(699392K), [Metaspace: 43809K->43809K(1087488K)], 0.0545261 secs] [Times: user=0.52 sys=0.00, real=0.06 secs] 
2016-09-25T22:30:38.757-0400: 80.020: [GC (GCLocker Initiated GC) [PSYoungGen: 88064K->57380K(175104K)] 579021K->548337K(699392K), 0.0062714 secs] [Times: user=0.08 sys=0.00, real=0.01 secs] 
2016-09-25T22:30:38.809-0400: 80.072: [Full GC (Ergonomics) [PSYoungGen: 145444K->0K(175104K)] [ParOldGen: 495117K->477798K(524288K)] 640561K->477798K(699392K), [Metaspace: 43809K->43809K(1087488K)], 0.0559272 secs] [Times: user=0.51 sys=0.00, real=0.06 secs] 
2016-09-25T22:30:38.911-0400: 80.173: [GC (GCLocker Initiated GC) [PSYoungGen: 88064K->69453K(175104K)] 566027K->547416K(699392K), 0.0103821 secs] [Times: user=0.15 sys=0.00, real=0.01 secs] 
2016-09-25T22:30:38.977-0400: 80.240: [GC (Allocation Failure) [PSYoungGen: 157517K->69210K(175104K)] 638283K->573137K(699392K), 0.0084323 secs] [Times: user=0.13 sys=0.00, real=0.01 secs] 
2016-09-25T22:30:38.986-0400: 80.249: [Full GC (Ergonomics) [PSYoungGen: 69210K->0K(175104K)] [ParOldGen: 503927K->482205K(524288K)] 573137K->482205K(699392K), [Metaspace: 43809K->43809K(1087488K)], 0.0602630 secs] [Times: user=0.52 sys=0.01, real=0.06 secs] 
2016-09-25T22:30:39.099-0400: 80.362: [GC (GCLocker Initiated GC) [PSYoungGen: 87372K->72277K(175104K)] 572277K->557182K(699392K), 0.0075716 secs] [Times: user=0.10 sys=0.01, real=0.01 secs] 
2016-09-25T22:30:39.149-0400: 80.412: [GC (GCLocker Initiated GC) [PSYoungGen: 160341K->74254K(175104K)] 648034K->564918K(699392K), 0.0144173 secs] [Times: user=0.22 sys=0.00, real=0.02 secs] 
2016-09-25T22:30:39.212-0400: 80.475: [GC (GCLocker Initiated GC) [PSYoungGen: 162318K->69124K(175104K)] 656022K->588050K(699392K), 0.0092123 secs] [Times: user=0.11 sys=0.01, real=0.01 secs] 
2016-09-25T22:30:39.221-0400: 80.484: [Full GC (Ergonomics) [PSYoungGen: 69124K->0K(175104K)] [ParOldGen: 518925K->489010K(524288K)] 588050K->489010K(699392K), [Metaspace: 43811K->43811K(1087488K)], 0.0587027 secs] [Times: user=0.55 sys=0.00, real=0.06 secs] 
2016-09-25T22:30:39.343-0400: 80.606: [Full GC (Ergonomics) [PSYoungGen: 88064K->0K(175104K)] [ParOldGen: 498575K->485698K(524288K)] 586639K->485698K(699392K), [Metaspace: 43815K->43815K(1087488K)], 0.0473692 secs] [Times: user=0.38 sys=0.00, real=0.04 secs] 
2016-09-25T22:30:39.436-0400: 80.699: [GC (GCLocker Initiated GC) [PSYoungGen: 88064K->73327K(175104K)] 573768K->559032K(699392K), 0.0075056 secs] [Times: user=0.09 sys=0.02, real=0.01 secs] 
2016-09-25T22:30:39.491-0400: 80.754: [GC (GCLocker Initiated GC) [PSYoungGen: 161391K->51433K(175104K)] 650800K->561083K(699392K), 0.0068736 secs] [Times: user=0.09 sys=0.00, real=0.01 secs] 
2016-09-25T22:30:39.498-0400: 80.761: [Full GC (Ergonomics) [PSYoungGen: 51433K->0K(175104K)] [ParOldGen: 509649K->480497K(524288K)] 561083K->480497K(699392K), [Metaspace: 43819K->43819K(1087488K)], 0.0551121 secs] [Times: user=0.52 sys=0.01, real=0.05 secs] 
2016-09-25T22:30:39.596-0400: 80.858: [GC (GCLocker Initiated GC) [PSYoungGen: 88064K->59968K(175104K)] 568628K->540533K(699392K), 0.0078535 secs] [Times: user=0.08 sys=0.00, real=0.01 secs] 
2016-09-25T22:30:39.643-0400: 80.906: [GC (GCLocker Initiated GC) [PSYoungGen: 148031K->67684K(175104K)] 630310K->573129K(699392K), 0.0083364 secs] [Times: user=0.14 sys=0.00, real=0.00 secs] 
2016-09-25T22:30:39.652-0400: 80.915: [Full GC (Ergonomics) [PSYoungGen: 67684K->0K(175104K)] [ParOldGen: 505444K->488938K(524288K)] 573129K->488938K(699392K), [Metaspace: 43819K->43819K(1087488K)], 0.0487697 secs] [Times: user=0.44 sys=0.00, real=0.05 secs] 
2016-09-25T22:30:39.762-0400: 81.024: [Full GC (Ergonomics) [PSYoungGen: 88064K->0K(175104K)] [ParOldGen: 490328K->487139K(524288K)] 578392K->487139K(699392K), [Metaspace: 43819K->43819K(1087488K)], 0.0527214 secs] [Times: user=0.52 sys=0.00, real=0.06 secs] 
2016-09-25T22:30:39.856-0400: 81.119: [Full GC (Ergonomics) [PSYoungGen: 88064K->0K(175104K)] [ParOldGen: 487147K->490507K(524288K)] 575211K->490507K(699392K), [Metaspace: 43819K->43819K(1087488K)], 0.0521891 secs] [Times: user=0.48 sys=0.00, real=0.05 secs] 
2016-09-25T22:30:39.956-0400: 81.219: [Full GC (Ergonomics) [PSYoungGen: 88064K->0K(175104K)] [ParOldGen: 490635K->494079K(524288K)] 578699K->494079K(699392K), [Metaspace: 43819K->43819K(1087488K)], 0.0589409 secs] [Times: user=0.61 sys=0.01, real=0.06 secs] 
2016-09-25T22:30:40.062-0400: 81.325: [Full GC (Ergonomics) [PSYoungGen: 88064K->0K(175104K)] [ParOldGen: 494105K->489448K(524288K)] 582169K->489448K(699392K), [Metaspace: 43819K->43819K(1087488K)], 0.0573737 secs] [Times: user=0.55 sys=0.00, real=0.06 secs] 
2016-09-25T22:30:40.169-0400: 81.432: [Full GC (Ergonomics) [PSYoungGen: 88064K->0K(175104K)] [ParOldGen: 495018K->490225K(524288K)] 583082K->490225K(699392K), [Metaspace: 43819K->43819K(1087488K)], 0.0619331 secs] [Times: user=0.56 sys=0.00, real=0.06 secs] 
2016-09-25T22:30:40.288-0400: 81.551: [Full GC (Ergonomics) [PSYoungGen: 88064K->0K(175104K)] [ParOldGen: 490306K->491046K(524288K)] 578370K->491046K(699392K), [Metaspace: 43819K->43819K(1087488K)], 0.0554487 secs] [Times: user=0.50 sys=0.01, real=0.06 secs] 
2016-09-25T22:30:40.388-0400: 81.651: [Full GC (Ergonomics) [PSYoungGen: 88064K->0K(175104K)] [ParOldGen: 497875K->492065K(524288K)] 585939K->492065K(699392K), [Metaspace: 43819K->43819K(1087488K)], 0.0559250 secs] [Times: user=0.51 sys=0.00, real=0.06 secs] 
2016-09-25T22:30:40.492-0400: 81.755: [Full GC (Ergonomics) [PSYoungGen: 88064K->0K(175104K)] [ParOldGen: 492217K->495517K(524288K)] 580281K->495517K(699392K), [Metaspace: 43819K->43819K(1087488K)], 0.0564738 secs] [Times: user=0.54 sys=0.00, real=0.06 secs] 
2016-09-25T22:30:40.596-0400: 81.859: [Full GC (Ergonomics) [PSYoungGen: 88064K->0K(175104K)] [ParOldGen: 503910K->491248K(524288K)] 591974K->491248K(699392K), [Metaspace: 43819K->43819K(1087488K)], 0.1041463 secs] [Times: user=1.24 sys=0.01, real=0.10 secs] 
2016-09-25T22:30:40.753-0400: 82.016: [Full GC (Ergonomics) [PSYoungGen: 88064K->0K(175104K)] [ParOldGen: 499472K->492031K(524288K)] 587536K->492031K(699392K), [Metaspace: 43819K->43819K(1087488K)], 0.0558176 secs] [Times: user=0.50 sys=0.00, real=0.06 secs] 
2016-09-25T22:30:40.861-0400: 82.124: [Full GC (Ergonomics) [PSYoungGen: 88064K->0K(175104K)] [ParOldGen: 494797K->487434K(524288K)] 582861K->487434K(699392K), [Metaspace: 43819K->43819K(1087488K)], 0.0518159 secs] [Times: user=0.40 sys=0.01, real=0.05 secs] 
2016-09-25T22:30:40.959-0400: 82.221: [Full GC (Ergonomics) [PSYoungGen: 88064K->0K(175104K)] [ParOldGen: 490420K->484326K(524288K)] 578484K->484326K(699392K), [Metaspace: 43819K->43819K(1087488K)], 0.0542341 secs] [Times: user=0.53 sys=0.00, real=0.05 secs] 
2016-09-25T22:30:41.058-0400: 82.321: [Full GC (Ergonomics) [PSYoungGen: 88064K->0K(175104K)] [ParOldGen: 493797K->494559K(524288K)] 581861K->494559K(699392K), [Metaspace: 43819K->43819K(1087488K)], 0.0539566 secs] [Times: user=0.44 sys=0.00, real=0.05 secs] 
2016-09-25T22:30:41.161-0400: 82.424: [Full GC (Ergonomics) [PSYoungGen: 88064K->0K(175104K)] [ParOldGen: 494605K->489772K(524288K)] 582669K->489772K(699392K), [Metaspace: 43824K->43824K(1087488K)], 0.0565725 secs] [Times: user=0.57 sys=0.01, real=0.06 secs] 
2016-09-25T22:30:41.255-0400: 82.518: [Full GC (Ergonomics) [PSYoungGen: 88064K->0K(175104K)] [ParOldGen: 495304K->504217K(524288K)] 583368K->504217K(699392K), [Metaspace: 43832K->43832K(1087488K)], 0.0567286 secs] [Times: user=0.52 sys=0.00, real=0.05 secs] 
2016-09-25T22:30:41.361-0400: 82.624: [Full GC (Ergonomics) [PSYoungGen: 88064K->0K(175104K)] [ParOldGen: 504300K->494100K(524288K)] 592364K->494100K(699392K), [Metaspace: 43862K->43862K(1087488K)], 0.0503898 secs] [Times: user=0.43 sys=0.00, real=0.05 secs] 
2016-09-25T22:30:41.459-0400: 82.722: [Full GC (Ergonomics) [PSYoungGen: 88064K->0K(175104K)] [ParOldGen: 504947K->503203K(524288K)] 593011K->503203K(699392K), [Metaspace: 43862K->43862K(1087488K)], 0.0542351 secs] [Times: user=0.50 sys=0.00, real=0.05 secs] 
2016-09-25T22:30:41.564-0400: 82.826: [Full GC (Ergonomics) [PSYoungGen: 88064K->0K(175104K)] [ParOldGen: 503286K->498505K(524288K)] 591350K->498505K(699392K), [Metaspace: 43862K->43862K(1087488K)], 0.0579148 secs] [Times: user=0.55 sys=0.00, real=0.05 secs] 
2016-09-25T22:30:41.677-0400: 82.940: [Full GC (Ergonomics) [PSYoungGen: 88064K->0K(175104K)] [ParOldGen: 506607K->499342K(524288K)] 594671K->499342K(699392K), [Metaspace: 43862K->43862K(1087488K)], 0.0556267 secs] [Times: user=0.57 sys=0.00, real=0.05 secs] 
2016-09-25T22:30:41.784-0400: 83.047: [Full GC (Ergonomics) [PSYoungGen: 88064K->0K(175104K)] [ParOldGen: 510237K->497639K(524288K)] 598301K->497639K(699392K), [Metaspace: 43862K->43862K(1087488K)], 0.0537091 secs] [Times: user=0.52 sys=0.01, real=0.05 secs] 
2016-09-25T22:30:41.882-0400: 83.145: [Full GC (Ergonomics) [PSYoungGen: 88064K->0K(175104K)] [ParOldGen: 500805K->494427K(524288K)] 588869K->494427K(699392K), [Metaspace: 43862K->43862K(1087488K)], 0.0588833 secs] [Times: user=0.58 sys=0.01, real=0.05 secs] 
2016-09-25T22:30:41.992-0400: 83.255: [Full GC (Ergonomics) [PSYoungGen: 88064K->0K(175104K)] [ParOldGen: 499862K->496261K(524288K)] 587926K->496261K(699392K), [Metaspace: 43862K->43862K(1087488K)], 0.0613254 secs] [Times: user=0.54 sys=0.01, real=0.06 secs] 
2016-09-25T22:30:42.096-0400: 83.358: [Full GC (Ergonomics) [PSYoungGen: 88064K->0K(175104K)] [ParOldGen: 502310K->501483K(524288K)] 590374K->501483K(699392K), [Metaspace: 43862K->43862K(1087488K)], 0.0636915 secs] [Times: user=0.51 sys=0.02, real=0.06 secs] 
2016-09-25T22:30:42.209-0400: 83.472: [Full GC (Ergonomics) [PSYoungGen: 88064K->0K(175104K)] [ParOldGen: 506992K->500752K(524288K)] 595056K->500752K(699392K), [Metaspace: 43862K->43862K(1087488K)], 0.0566939 secs] [Times: user=0.55 sys=0.00, real=0.06 secs] 
2016-09-25T22:30:42.312-0400: 83.575: [Full GC (Ergonomics) [PSYoungGen: 88064K->0K(175104K)] [ParOldGen: 503527K->504285K(524288K)] 591591K->504285K(699392K), [Metaspace: 43862K->43862K(1087488K)], 0.0547442 secs] [Times: user=0.56 sys=0.00, real=0.06 secs] 
2016-09-25T22:30:42.417-0400: 83.680: [Full GC (Ergonomics) [PSYoungGen: 88064K->0K(175104K)] [ParOldGen: 504342K->505083K(524288K)] 592406K->505083K(699392K), [Metaspace: 43862K->43862K(1087488K)], 0.0556417 secs] [Times: user=0.58 sys=0.00, real=0.05 secs] 
2016-09-25T22:30:42.516-0400: 83.779: [Full GC (Ergonomics) [PSYoungGen: 88064K->0K(175104K)] [ParOldGen: 511962K->508666K(524288K)] 600026K->508666K(699392K), [Metaspace: 43862K->43862K(1087488K)], 0.0537752 secs] [Times: user=0.53 sys=0.00, real=0.05 secs] 
2016-09-25T22:30:42.616-0400: 83.879: [Full GC (Ergonomics) [PSYoungGen: 88064K->0K(175104K)] [ParOldGen: 511412K->508097K(524288K)] 599476K->508097K(699392K), [Metaspace: 43862K->43862K(1087488K)], 0.0527542 secs] [Times: user=0.52 sys=0.00, real=0.05 secs] 
2016-09-25T22:30:42.719-0400: 83.981: [Full GC (Ergonomics) [PSYoungGen: 88064K->0K(175104K)] [ParOldGen: 518974K->510147K(524288K)] 607038K->510147K(699392K), [Metaspace: 43862K->43862K(1087488K)], 0.0496097 secs] [Times: user=0.35 sys=0.00, real=0.05 secs] 
2016-09-25T22:30:42.820-0400: 84.083: [Full GC (Ergonomics) [PSYoungGen: 88064K->0K(175104K)] [ParOldGen: 512880K->499161K(524288K)] 600944K->499161K(699392K), [Metaspace: 43862K->43862K(1087488K)], 0.0838733 secs] [Times: user=1.04 sys=0.00, real=0.09 secs] 
2016-09-25T22:30:42.952-0400: 84.215: [Full GC (Ergonomics) [PSYoungGen: 88064K->0K(175104K)] [ParOldGen: 506072K->499954K(524288K)] 594136K->499954K(699392K), [Metaspace: 43862K->43862K(1087488K)], 0.0508516 secs] [Times: user=0.47 sys=0.00, real=0.06 secs] 
2016-09-25T22:30:43.051-0400: 84.314: [Full GC (Ergonomics) [PSYoungGen: 88064K->0K(175104K)] [ParOldGen: 500081K->497936K(524288K)] 588145K->497936K(699392K), [Metaspace: 43862K->43862K(1087488K)], 0.0548979 secs] [Times: user=0.49 sys=0.00, real=0.06 secs] 
2016-09-25T22:30:43.144-0400: 84.407: [Full GC (Ergonomics) [PSYoungGen: 88064K->0K(175104K)] [ParOldGen: 506247K->515012K(524288K)] 594311K->515012K(699392K), [Metaspace: 43862K->43862K(1087488K)], 0.0531842 secs] [Times: user=0.48 sys=0.01, real=0.05 secs] 
2016-09-25T22:30:43.246-0400: 84.509: [Full GC (Ergonomics) [PSYoungGen: 88064K->0K(175104K)] [ParOldGen: 517950K->507620K(524288K)] 606014K->507620K(699392K), [Metaspace: 43862K->43862K(1087488K)], 0.0574390 secs] [Times: user=0.57 sys=0.00, real=0.06 secs] 
2016-09-25T22:30:43.364-0400: 84.627: [Full GC (Ergonomics) [PSYoungGen: 88064K->0K(175104K)] [ParOldGen: 513269K->511114K(524288K)] 601333K->511114K(699392K), [Metaspace: 43862K->43862K(1087488K)], 0.0570821 secs] [Times: user=0.58 sys=0.00, real=0.05 secs] 
2016-09-25T22:30:43.474-0400: 84.736: [Full GC (Ergonomics) [PSYoungGen: 88064K->0K(175104K)] [ParOldGen: 511125K->503781K(524288K)] 599189K->503781K(699392K), [Metaspace: 43862K->43862K(1087488K)], 0.0516246 secs] [Times: user=0.49 sys=0.01, real=0.06 secs] 
2016-09-25T22:30:43.567-0400: 84.829: [Full GC (Ergonomics) [PSYoungGen: 88064K->0K(175104K)] [ParOldGen: 503883K->507164K(524288K)] 591947K->507164K(699392K), [Metaspace: 43862K->43862K(1087488K)], 0.0556861 secs] [Times: user=0.48 sys=0.00, real=0.06 secs] 
2016-09-25T22:30:43.672-0400: 84.935: [Full GC (Ergonomics) [PSYoungGen: 88064K->0K(175104K)] [ParOldGen: 512684K->510665K(524288K)] 600748K->510665K(699392K), [Metaspace: 43862K->43862K(1087488K)], 0.0592646 secs] [Times: user=0.53 sys=0.01, real=0.06 secs] 
2016-09-25T22:30:43.784-0400: 85.046: [Full GC (Ergonomics) [PSYoungGen: 88064K->0K(175104K)] [ParOldGen: 519767K->510348K(524288K)] 607831K->510348K(699392K), [Metaspace: 43862K->43862K(1087488K)], 0.0527466 secs] [Times: user=0.50 sys=0.01, real=0.05 secs] 
2016-09-25T22:30:43.879-0400: 85.142: [Full GC (Ergonomics) [PSYoungGen: 88064K->0K(175104K)] [ParOldGen: 510472K->509395K(524288K)] 598536K->509395K(699392K), [Metaspace: 43862K->43862K(1087488K)], 0.0558582 secs] [Times: user=0.51 sys=0.00, real=0.06 secs] 
2016-09-25T22:30:43.979-0400: 85.242: [Full GC (Ergonomics) [PSYoungGen: 88064K->0K(175104K)] [ParOldGen: 512170K->512865K(524288K)] 600234K->512865K(699392K), [Metaspace: 43862K->43862K(1087488K)], 0.0539136 secs] [Times: user=0.53 sys=0.01, real=0.05 secs] 
2016-09-25T22:30:44.073-0400: 85.336: [Full GC (Ergonomics) [PSYoungGen: 88064K->0K(175104K)] [ParOldGen: 515701K->516320K(524288K)] 603765K->516320K(699392K), [Metaspace: 43862K->43862K(1087488K)], 0.0541516 secs] [Times: user=0.51 sys=0.00, real=0.06 secs] 
2016-09-25T22:30:44.184-0400: 85.447: [Full GC (Ergonomics) [PSYoungGen: 88064K->0K(175104K)] [ParOldGen: 523319K->507914K(524288K)] 611383K->507914K(699392K), [Metaspace: 43864K->43864K(1087488K)], 0.0543596 secs] [Times: user=0.47 sys=0.02, real=0.05 secs] 
2016-09-25T22:30:44.282-0400: 85.545: [Full GC (Ergonomics) [PSYoungGen: 88064K->0K(175104K)] [ParOldGen: 507971K->512290K(524288K)] 596035K->512290K(699392K), [Metaspace: 43865K->43865K(1087488K)], 0.0485229 secs] [Times: user=0.41 sys=0.00, real=0.04 secs] 
2016-09-25T22:30:44.367-0400: 85.630: [Full GC (Ergonomics) [PSYoungGen: 88064K->0K(175104K)] [ParOldGen: 512334K->518444K(524288K)] 600398K->518444K(699392K), [Metaspace: 43865K->43865K(1087488K)], 0.0542121 secs] [Times: user=0.51 sys=0.01, real=0.05 secs] 
2016-09-25T22:30:44.463-0400: 85.725: [Full GC (Ergonomics) [PSYoungGen: 88064K->1350K(175104K)] [ParOldGen: 523904K->523283K(524288K)] 611968K->524633K(699392K), [Metaspace: 43865K->43865K(1087488K)], 0.0526827 secs] [Times: user=0.47 sys=0.00, real=0.05 secs] 
2016-09-25T22:30:44.571-0400: 85.834: [Full GC (Ergonomics) [PSYoungGen: 88064K->0K(175104K)] [ParOldGen: 524245K->503706K(524288K)] 612309K->503706K(699392K), [Metaspace: 43865K->43865K(1087488K)], 0.0550913 secs] [Times: user=0.56 sys=0.00, real=0.06 secs] 
2016-09-25T22:30:44.665-0400: 85.928: [Full GC (Ergonomics) [PSYoungGen: 88064K->0K(175104K)] [ParOldGen: 510594K->515078K(524288K)] 598658K->515078K(699392K), [Metaspace: 43865K->43865K(1087488K)], 0.0549262 secs] [Times: user=0.55 sys=0.00, real=0.05 secs] 
2016-09-25T22:30:44.765-0400: 86.028: [Full GC (Ergonomics) [PSYoungGen: 88064K->0K(175104K)] [ParOldGen: 515126K->515715K(524288K)] 603190K->515715K(699392K), [Metaspace: 43865K->43865K(1087488K)], 0.0594083 secs] [Times: user=0.63 sys=0.00, real=0.06 secs] 
2016-09-25T22:30:44.874-0400: 86.136: [Full GC (Ergonomics) [PSYoungGen: 88064K->0K(175104K)] [ParOldGen: 523984K->511196K(524288K)] 612048K->511196K(699392K), [Metaspace: 43865K->43865K(1087488K)], 0.0567170 secs] [Times: user=0.58 sys=0.01, real=0.06 secs] 
2016-09-25T22:30:44.976-0400: 86.239: [Full GC (Ergonomics) [PSYoungGen: 86822K->0K(175104K)] [ParOldGen: 513896K->515316K(524288K)] 600719K->515316K(699392K), [Metaspace: 43865K->43865K(1087488K)], 0.0833059 secs] [Times: user=1.02 sys=0.01, real=0.08 secs] 
2016-09-25T22:30:45.102-0400: 86.365: [Full GC (Ergonomics) [PSYoungGen: 88064K->0K(175104K)] [ParOldGen: 515404K->511746K(524288K)] 603468K->511746K(699392K), [Metaspace: 43865K->43865K(1087488K)], 0.0544274 secs] [Times: user=0.55 sys=0.01, real=0.06 secs] 
2016-09-25T22:30:45.194-0400: 86.457: [Full GC (Ergonomics) [PSYoungGen: 88064K->0K(175104K)] [ParOldGen: 518657K->523276K(524288K)] 606721K->523276K(699392K), [Metaspace: 43865K->43865K(1087488K)], 0.0563379 secs] [Times: user=0.54 sys=0.00, real=0.05 secs] 
2016-09-25T22:30:45.304-0400: 86.566: [Full GC (Ergonomics) [PSYoungGen: 86392K->0K(175104K)] [ParOldGen: 523276K->513044K(524288K)] 609668K->513044K(699392K), [Metaspace: 43865K->43865K(1087488K)], 0.0686673 secs] [Times: user=0.71 sys=0.00, real=0.06 secs] 
2016-09-25T22:30:45.418-0400: 86.681: [Full GC (Ergonomics) [PSYoungGen: 88064K->0K(175104K)] [ParOldGen: 515826K->513564K(524288K)] 603890K->513564K(699392K), [Metaspace: 43865K->43865K(1087488K)], 0.0663312 secs] [Times: user=0.66 sys=0.03, real=0.07 secs] 
2016-09-25T22:30:45.528-0400: 86.791: [Full GC (Ergonomics) [PSYoungGen: 88064K->0K(175104K)] [ParOldGen: 513644K->511445K(524288K)] 601708K->511445K(699392K), [Metaspace: 43865K->43865K(1087488K)], 0.0582972 secs] [Times: user=0.63 sys=0.00, real=0.06 secs] 
2016-09-25T22:30:45.627-0400: 86.890: [Full GC (Ergonomics) [PSYoungGen: 88064K->0K(175104K)] [ParOldGen: 511488K->520236K(524288K)] 599552K->520236K(699392K), [Metaspace: 43865K->43865K(1087488K)], 0.0573239 secs] [Times: user=0.58 sys=0.01, real=0.06 secs] 
2016-09-25T22:30:45.731-0400: 86.993: [Full GC (Ergonomics) [PSYoungGen: 87481K->0K(175104K)] [ParOldGen: 524286K->510108K(524288K)] 611768K->510108K(699392K), [Metaspace: 43865K->43865K(1087488K)], 0.0599995 secs] [Times: user=0.54 sys=0.00, real=0.06 secs] 
2016-09-25T22:30:45.832-0400: 87.095: [Full GC (Ergonomics) [PSYoungGen: 88064K->0K(175104K)] [ParOldGen: 515575K->521508K(524288K)] 603639K->521508K(699392K), [Metaspace: 43865K->43865K(1087488K)], 0.0492563 secs] [Times: user=0.45 sys=0.01, real=0.05 secs] 
2016-09-25T22:30:45.926-0400: 87.189: [Full GC (Ergonomics) [PSYoungGen: 88064K->0K(175104K)] [ParOldGen: 521529K->522082K(524288K)] 609593K->522082K(699392K), [Metaspace: 43881K->43881K(1087488K)], 0.0564628 secs] [Times: user=0.56 sys=0.01, real=0.06 secs] 
2016-09-25T22:30:46.027-0400: 87.290: [Full GC (Ergonomics) [PSYoungGen: 88064K->0K(175104K)] [ParOldGen: 523830K->516024K(524288K)] 611894K->516024K(699392K), [Metaspace: 43906K->43906K(1087488K)], 0.0564818 secs] [Times: user=0.56 sys=0.01, real=0.06 secs] 
2016-09-25T22:30:46.130-0400: 87.393: [Full GC (Ergonomics) [PSYoungGen: 88064K->2700K(175104K)] [ParOldGen: 520467K->523300K(524288K)] 608531K->526000K(699392K), [Metaspace: 43906K->43906K(1087488K)], 0.0500357 secs] [Times: user=0.43 sys=0.02, real=0.05 secs] 
2016-09-25T22:30:46.225-0400: 87.488: [Full GC (Ergonomics) [PSYoungGen: 86836K->0K(175104K)] [ParOldGen: 523300K->518299K(524288K)] 610137K->518299K(699392K), [Metaspace: 43906K->43906K(1087488K)], 0.0542020 secs] [Times: user=0.55 sys=0.00, real=0.05 secs] 
2016-09-25T22:30:46.320-0400: 87.582: [Full GC (Ergonomics) [PSYoungGen: 88064K->0K(175104K)] [ParOldGen: 522417K->519004K(524288K)] 610481K->519004K(699392K), [Metaspace: 43910K->43910K(1087488K)], 0.0561618 secs] [Times: user=0.60 sys=0.00, real=0.06 secs] 
2016-09-25T22:30:46.420-0400: 87.683: [Full GC (Ergonomics) [PSYoungGen: 88064K->0K(175104K)] [ParOldGen: 521832K->522360K(524288K)] 609896K->522360K(699392K), [Metaspace: 43910K->43910K(1087488K)], 0.0573149 secs] [Times: user=0.57 sys=0.00, real=0.06 secs] 
2016-09-25T22:30:46.527-0400: 87.789: [Full GC (Ergonomics) [PSYoungGen: 88064K->0K(175104K)] [ParOldGen: 523742K->517627K(524288K)] 611806K->517627K(699392K), [Metaspace: 43910K->43910K(1087488K)], 0.0635059 secs] [Times: user=0.62 sys=0.00, real=0.06 secs] 
2016-09-25T22:30:46.641-0400: 87.904: [Full GC (Ergonomics) [PSYoungGen: 88064K->0K(175104K)] [ParOldGen: 521827K->515437K(524288K)] 609891K->515437K(699392K), [Metaspace: 43910K->43910K(1087488K)], 0.0564820 secs] [Times: user=0.60 sys=0.01, real=0.06 secs] 
2016-09-25T22:30:46.735-0400: 87.997: [Full GC (Ergonomics) [PSYoungGen: 88064K->0K(175104K)] [ParOldGen: 517032K->524056K(524288K)] 605096K->524056K(699392K), [Metaspace: 43910K->43910K(1087488K)], 0.0579827 secs] [Times: user=0.64 sys=0.01, real=0.05 secs] 
2016-09-25T22:30:46.834-0400: 88.097: [Full GC (Ergonomics) [PSYoungGen: 87952K->2705K(175104K)] [ParOldGen: 524056K->523261K(524288K)] 612009K->525967K(699392K), [Metaspace: 43910K->43910K(1087488K)], 0.0578145 secs] [Times: user=0.54 sys=0.02, real=0.06 secs] 
2016-09-25T22:30:46.936-0400: 88.199: [Full GC (Ergonomics) [PSYoungGen: 88064K->2700K(175104K)] [ParOldGen: 523265K->522189K(524288K)] 611329K->524889K(699392K), [Metaspace: 43910K->43910K(1087488K)], 0.1082324 secs] [Times: user=1.45 sys=0.02, real=0.11 secs] 
2016-09-25T22:30:47.088-0400: 88.351: [Full GC (Ergonomics) [PSYoungGen: 88052K->0K(175104K)] [ParOldGen: 522189K->522683K(524288K)] 610242K->522683K(699392K), [Metaspace: 43910K->43910K(1087488K)], 0.0571483 secs] [Times: user=0.56 sys=0.02, real=0.06 secs] 
2016-09-25T22:30:47.193-0400: 88.456: [Full GC (Ergonomics) [PSYoungGen: 88064K->0K(175104K)] [ParOldGen: 522683K->515016K(524288K)] 610747K->515016K(699392K), [Metaspace: 43910K->43910K(1087488K)], 0.0578476 secs] [Times: user=0.51 sys=0.03, real=0.06 secs] 
2016-09-25T22:30:47.287-0400: 88.549: [Full GC (Ergonomics) [PSYoungGen: 88064K->2793K(175104K)] [ParOldGen: 515025K->523187K(524288K)] 603089K->525981K(699392K), [Metaspace: 43916K->43916K(1087488K)], 0.1678055 secs] [Times: user=2.62 sys=0.02, real=0.17 secs] 
2016-09-25T22:30:47.495-0400: 88.758: [Full GC (Ergonomics) [PSYoungGen: 88064K->2700K(175104K)] [ParOldGen: 524287K->523778K(524288K)] 612351K->526478K(699392K), [Metaspace: 43917K->43917K(1087488K)], 0.1804261 secs] [Times: user=2.51 sys=0.02, real=0.18 secs] 
2016-09-25T22:30:47.730-0400: 88.993: [Full GC (Ergonomics) [PSYoungGen: 88064K->0K(175104K)] [ParOldGen: 523900K->521318K(524288K)] 611964K->521318K(699392K), [Metaspace: 43917K->43917K(1087488K)], 0.0553554 secs] [Times: user=0.59 sys=0.02, real=0.06 secs] 
2016-09-25T22:30:47.828-0400: 89.091: [Full GC (Ergonomics) [PSYoungGen: 88064K->0K(175104K)] [ParOldGen: 522750K->516495K(524288K)] 610814K->516495K(699392K), [Metaspace: 43917K->43917K(1087488K)], 0.0557637 secs] [Times: user=0.56 sys=0.01, real=0.06 secs] 
2016-09-25T22:30:47.912-0400: 89.175: [Full GC (Ergonomics) [PSYoungGen: 88064K->4050K(175104K)] [ParOldGen: 516612K->523415K(524288K)] 604676K->527465K(699392K), [Metaspace: 43917K->43917K(1087488K)], 0.1584041 secs] [Times: user=2.48 sys=0.01, real=0.16 secs] 
2016-09-25T22:30:48.115-0400: 89.378: [Full GC (Ergonomics) [PSYoungGen: 85545K->0K(175104K)] [ParOldGen: 523415K->522507K(524288K)] 608960K->522507K(699392K), [Metaspace: 43917K->43917K(1087488K)], 0.0558523 secs] [Times: user=0.56 sys=0.00, real=0.05 secs] 
2016-09-25T22:30:48.214-0400: 89.477: [Full GC (Ergonomics) [PSYoungGen: 87673K->0K(175104K)] [ParOldGen: 523857K->520295K(524288K)] 611531K->520295K(699392K), [Metaspace: 43917K->43917K(1087488K)], 0.0609176 secs] [Times: user=0.61 sys=0.00, real=0.06 secs] 
2016-09-25T22:30:48.315-0400: 89.578: [Full GC (Ergonomics) [PSYoungGen: 88064K->2795K(175104K)] [ParOldGen: 523027K->523104K(524288K)] 611091K->525899K(699392K), [Metaspace: 43917K->43917K(1087488K)], 0.1686353 secs] [Times: user=2.46 sys=0.02, real=0.17 secs] 
2016-09-25T22:30:48.526-0400: 89.789: [Full GC (Ergonomics) [PSYoungGen: 87646K->6823K(175104K)] [ParOldGen: 523104K->522218K(524288K)] 610751K->529042K(699392K), [Metaspace: 43925K->43925K(1087488K)], 0.1638668 secs] [Times: user=2.23 sys=0.03, real=0.16 secs] 
2016-09-25T22:30:48.740-0400: 90.003: [Full GC (Ergonomics) [PSYoungGen: 87672K->0K(175104K)] [ParOldGen: 523568K->524179K(524288K)] 611240K->524179K(699392K), [Metaspace: 43925K->43925K(1087488K)], 0.0555404 secs] [Times: user=0.54 sys=0.01, real=0.06 secs] 
2016-09-25T22:30:48.857-0400: 90.120: [Full GC (Ergonomics) [PSYoungGen: 88064K->0K(175104K)] [ParOldGen: 524236K->520685K(524288K)] 612300K->520685K(699392K), [Metaspace: 43925K->43925K(1087488K)], 0.0574966 secs] [Times: user=0.56 sys=0.01, real=0.06 secs] 
2016-09-25T22:30:48.956-0400: 90.219: [Full GC (Ergonomics) [PSYoungGen: 88064K->2700K(175104K)] [ParOldGen: 522059K->522071K(524288K)] 610123K->524772K(699392K), [Metaspace: 43925K->43925K(1087488K)], 0.1636091 secs] [Times: user=2.39 sys=0.01, real=0.16 secs] 
2016-09-25T22:30:49.155-0400: 90.418: [Full GC (Ergonomics) [PSYoungGen: 87062K->6814K(175104K)] [ParOldGen: 522071K->523795K(524288K)] 609134K->530609K(699392K), [Metaspace: 43932K->43932K(1087488K)], 0.1560871 secs] [Times: user=2.28 sys=0.01, real=0.15 secs] 
2016-09-25T22:30:49.363-0400: 90.626: [Full GC (Ergonomics) [PSYoungGen: 86536K->0K(175104K)] [ParOldGen: 523795K->518979K(524288K)] 610331K->518979K(699392K), [Metaspace: 43932K->43932K(1087488K)], 0.0524664 secs] [Times: user=0.48 sys=0.00, real=0.05 secs] 
2016-09-25T22:30:49.448-0400: 90.710: [Full GC (Ergonomics) [PSYoungGen: 88064K->13726K(175104K)] [ParOldGen: 521812K->523049K(524288K)] 609876K->536775K(699392K), [Metaspace: 43932K->43932K(1087488K)], 0.1687835 secs] [Times: user=2.53 sys=0.00, real=0.17 secs] 
2016-09-25T22:30:49.649-0400: 90.912: [Full GC (Ergonomics) [PSYoungGen: 88064K->10875K(175104K)] [ParOldGen: 523167K->523513K(524288K)] 611231K->534389K(699392K), [Metaspace: 43938K->43938K(1087488K)], 0.1679396 secs] [Times: user=2.47 sys=0.01, real=0.17 secs] 
2016-09-25T22:30:49.866-0400: 91.129: [Full GC (Ergonomics) [PSYoungGen: 86839K->0K(175104K)] [ParOldGen: 523513K->522708K(524288K)] 610352K->522708K(699392K), [Metaspace: 43938K->43938K(1087488K)], 0.0648505 secs] [Times: user=0.57 sys=0.02, real=0.06 secs] 
2016-09-25T22:30:49.981-0400: 91.243: [Full GC (Ergonomics) [PSYoungGen: 87211K->1350K(175104K)] [ParOldGen: 522708K->522975K(524288K)] 609920K->524325K(699392K), [Metaspace: 43938K->43938K(1087488K)], 0.2047887 secs] [Times: user=2.45 sys=0.05, real=0.21 secs] 
2016-09-25T22:30:50.226-0400: 91.489: [Full GC (Ergonomics) [PSYoungGen: 86831K->5488K(175104K)] [ParOldGen: 522975K->521890K(524288K)] 609806K->527378K(699392K), [Metaspace: 43938K->43938K(1087488K)], 0.1577530 secs] [Times: user=2.30 sys=0.00, real=0.16 secs] 
2016-09-25T22:30:50.432-0400: 91.695: [Full GC (Ergonomics) [PSYoungGen: 86173K->0K(175104K)] [ParOldGen: 521890K->522498K(524288K)] 608064K->522498K(699392K), [Metaspace: 43938K->43938K(1087488K)], 0.0575774 secs] [Times: user=0.56 sys=0.00, real=0.06 secs] 
2016-09-25T22:30:50.527-0400: 91.789: [Full GC (Ergonomics) [PSYoungGen: 88064K->5401K(175104K)] [ParOldGen: 522592K->524164K(524288K)] 610656K->529565K(699392K), [Metaspace: 43938K->43938K(1087488K)], 0.1555536 secs] [Times: user=2.30 sys=0.01, real=0.16 secs] 
2016-09-25T22:30:50.720-0400: 91.983: [Full GC (Ergonomics) [PSYoungGen: 88064K->9511K(175104K)] [ParOldGen: 524204K->523184K(524288K)] 612268K->532696K(699392K), [Metaspace: 43938K->43938K(1087488K)], 0.1685453 secs] [Times: user=2.06 sys=0.02, real=0.17 secs] 
2016-09-25T22:30:50.936-0400: 92.199: [Full GC (Ergonomics) [PSYoungGen: 88064K->2700K(175104K)] [ParOldGen: 523272K->523557K(524288K)] 611336K->526257K(699392K), [Metaspace: 43938K->43938K(1087488K)], 0.1545938 secs] [Times: user=2.31 sys=0.01, real=0.15 secs] 
2016-09-25T22:30:51.134-0400: 92.397: [Full GC (Ergonomics) [PSYoungGen: 88064K->5400K(175104K)] [ParOldGen: 523588K->523847K(524288K)] 611652K->529247K(699392K), [Metaspace: 43938K->43938K(1087488K)], 0.1507295 secs] [Times: user=2.23 sys=0.01, real=0.16 secs] 
2016-09-25T22:30:51.325-0400: 92.588: [Full GC (Ergonomics) [PSYoungGen: 88064K->9602K(175104K)] [ParOldGen: 523851K->522756K(524288K)] 611915K->532359K(699392K), [Metaspace: 43938K->43938K(1087488K)], 0.1563166 secs] [Times: user=2.26 sys=0.03, real=0.15 secs] 
2016-09-25T22:30:51.516-0400: 92.778: [Full GC (Ergonomics) [PSYoungGen: 88064K->12221K(175104K)] [ParOldGen: 522810K->523268K(524288K)] 610874K->535490K(699392K), [Metaspace: 43938K->43938K(1087488K)], 0.1483513 secs] [Times: user=2.14 sys=0.01, real=0.15 secs] 
2016-09-25T22:30:51.715-0400: 92.977: [Full GC (Ergonomics) [PSYoungGen: 88064K->5469K(175104K)] [ParOldGen: 523358K->522188K(524288K)] 611422K->527657K(699392K), [Metaspace: 43938K->43938K(1087488K)], 0.1735672 secs] [Times: user=2.45 sys=0.02, real=0.17 secs] 
2016-09-25T22:30:51.924-0400: 93.187: [Full GC (Ergonomics) [PSYoungGen: 85751K->12216K(175104K)] [ParOldGen: 522188K->523645K(524288K)] 607939K->535862K(699392K), [Metaspace: 43938K->43938K(1087488K)], 0.1707528 secs] [Times: user=2.60 sys=0.00, real=0.17 secs] 
2016-09-25T22:30:52.151-0400: 93.413: [Full GC (Ergonomics) [PSYoungGen: 87403K->5462K(175104K)] [ParOldGen: 523645K->522632K(524288K)] 611049K->528095K(699392K), [Metaspace: 43938K->43938K(1087488K)], 0.1560073 secs] [Times: user=2.24 sys=0.01, real=0.16 secs] 
2016-09-25T22:30:52.340-0400: 93.603: [Full GC (Ergonomics) [PSYoungGen: 88064K->10932K(175104K)] [ParOldGen: 522643K->522991K(524288K)] 610707K->533924K(699392K), [Metaspace: 43938K->43938K(1087488K)], 0.1546312 secs] [Times: user=2.28 sys=0.00, real=0.16 secs] 
2016-09-25T22:30:52.530-0400: 93.792: [Full GC (Ergonomics) [PSYoungGen: 86536K->10865K(175104K)] [ParOldGen: 522991K->523557K(524288K)] 609528K->534422K(699392K), [Metaspace: 43938K->43938K(1087488K)], 0.1475787 secs] [Times: user=2.18 sys=0.01, real=0.15 secs] 
2016-09-25T22:30:52.717-0400: 93.980: [Full GC (Ergonomics) [PSYoungGen: 87442K->2833K(175104K)] [ParOldGen: 523557K->522391K(524288K)] 611000K->525224K(699392K), [Metaspace: 43938K->43938K(1087488K)], 0.1589909 secs] [Times: user=2.37 sys=0.01, real=0.16 secs] 
2016-09-25T22:30:52.912-0400: 94.175: [Full GC (Ergonomics) [PSYoungGen: 88064K->12276K(175104K)] [ParOldGen: 523823K->522976K(524288K)] 611887K->535253K(699392K), [Metaspace: 43938K->43938K(1087488K)], 0.1589690 secs] [Times: user=2.40 sys=0.00, real=0.16 secs] 
2016-09-25T22:30:53.111-0400: 94.373: [Full GC (Ergonomics) [PSYoungGen: 87337K->8252K(175104K)] [ParOldGen: 522976K->521944K(524288K)] 610313K->530196K(699392K), [Metaspace: 43938K->43938K(1087488K)], 0.1456719 secs] [Times: user=2.13 sys=0.00, real=0.15 secs] 
2016-09-25T22:30:53.288-0400: 94.551: [Full GC (Ergonomics) [PSYoungGen: 88064K->23086K(175104K)] [ParOldGen: 522032K->523778K(524288K)] 610096K->546865K(699392K), [Metaspace: 43938K->43938K(1087488K)], 0.1460951 secs] [Times: user=2.12 sys=0.02, real=0.15 secs] 
2016-09-25T22:30:53.474-0400: 94.736: [Full GC (Ergonomics) [PSYoungGen: 88064K->15016K(175104K)] [ParOldGen: 523946K->524086K(524288K)] 612010K->539103K(699392K), [Metaspace: 43938K->43938K(1087488K)], 0.1540502 secs] [Times: user=2.23 sys=0.02, real=0.16 secs] 
2016-09-25T22:30:53.674-0400: 94.936: [Full GC (Ergonomics) [PSYoungGen: 88064K->16361K(175104K)] [ParOldGen: 524179K->523126K(524288K)] 612243K->539488K(699392K), [Metaspace: 43938K->43938K(1087488K)], 0.1765401 secs] [Times: user=2.22 sys=0.04, real=0.18 secs] 
2016-09-25T22:30:53.892-0400: 95.155: [Full GC (Ergonomics) [PSYoungGen: 86056K->13688K(175104K)] [ParOldGen: 523126K->523572K(524288K)] 609183K->537261K(699392K), [Metaspace: 43938K->43938K(1087488K)], 0.1613498 secs] [Times: user=2.38 sys=0.00, real=0.16 secs] 
2016-09-25T22:30:54.101-0400: 95.363: [Full GC (Ergonomics) [PSYoungGen: 87426K->6811K(175104K)] [ParOldGen: 523572K->524134K(524288K)] 610999K->530945K(699392K), [Metaspace: 43938K->43938K(1087488K)], 0.1468349 secs] [Times: user=2.08 sys=0.02, real=0.15 secs] 
2016-09-25T22:30:54.288-0400: 95.551: [Full GC (Ergonomics) [PSYoungGen: 88064K->6966K(175104K)] [ParOldGen: 524175K->523054K(524288K)] 612239K->530020K(699392K), [Metaspace: 43938K->43938K(1087488K)], 0.1527476 secs] [Times: user=2.26 sys=0.01, real=0.15 secs] 
2016-09-25T22:30:54.475-0400: 95.737: [Full GC (Ergonomics) [PSYoungGen: 88064K->16430K(175104K)] [ParOldGen: 523110K->522162K(524288K)] 611174K->538593K(699392K), [Metaspace: 43938K->43938K(1087488K)], 0.1513783 secs] [Times: user=2.24 sys=0.01, real=0.15 secs] 
2016-09-25T22:30:54.669-0400: 95.932: [Full GC (Ergonomics) [PSYoungGen: 86916K->19248K(175104K)] [ParOldGen: 523512K->522698K(524288K)] 610429K->541947K(699392K), [Metaspace: 43941K->43941K(1087488K)], 0.1613180 secs] [Times: user=2.38 sys=0.00, real=0.16 secs] 
2016-09-25T22:30:54.880-0400: 96.142: [Full GC (Ergonomics) [PSYoungGen: 88041K->11172K(175104K)] [ParOldGen: 522886K->521893K(524288K)] 610928K->533066K(699392K), [Metaspace: 43941K->43941K(1087488K)], 0.1573189 secs] [Times: user=2.32 sys=0.00, real=0.16 secs] 
2016-09-25T22:30:55.062-0400: 96.325: [Full GC (Ergonomics) [PSYoungGen: 88064K->23207K(175104K)] [ParOldGen: 522098K->522280K(524288K)] 610162K->545488K(699392K), [Metaspace: 43941K->43941K(1087488K)], 0.1577314 secs] [Times: user=2.24 sys=0.02, real=0.15 secs] 
2016-09-25T22:30:55.259-0400: 96.522: [Full GC (Ergonomics) [PSYoungGen: 85925K->20619K(175104K)] [ParOldGen: 522280K->522541K(524288K)] 608206K->543160K(699392K), [Metaspace: 43941K->43941K(1087488K)], 0.1637757 secs] [Times: user=2.36 sys=0.02, real=0.17 secs] 
2016-09-25T22:30:55.459-0400: 96.722: [Full GC (Ergonomics) [PSYoungGen: 88064K->16576K(175104K)] [ParOldGen: 522734K->524268K(524288K)] 610798K->540845K(699392K), [Metaspace: 43943K->43943K(1087488K)], 0.1547665 secs] [Times: user=2.29 sys=0.02, real=0.15 secs] 
2016-09-25T22:30:55.649-0400: 96.912: [Full GC (Ergonomics) [PSYoungGen: 88019K->21817K(175104K)] [ParOldGen: 524268K->522307K(524288K)] 612288K->544124K(699392K), [Metaspace: 43943K->43943K(1087488K)], 0.1556490 secs] [Times: user=2.30 sys=0.01, real=0.16 secs] 
2016-09-25T22:30:55.849-0400: 97.111: [Full GC (Ergonomics) [PSYoungGen: 88064K->11042K(175104K)] [ParOldGen: 522330K->522520K(524288K)] 610394K->533563K(699392K), [Metaspace: 43943K->43943K(1087488K)], 0.1509648 secs] [Times: user=2.25 sys=0.01, real=0.15 secs] 
2016-09-25T22:30:56.023-0400: 97.286: [Full GC (Ergonomics) [PSYoungGen: 87526K->25953K(175104K)] [ParOldGen: 522520K->521871K(524288K)] 610047K->547825K(699392K), [Metaspace: 43943K->43943K(1087488K)], 0.1577137 secs] [Times: user=2.34 sys=0.01, real=0.15 secs] 
2016-09-25T22:30:56.223-0400: 97.486: [Full GC (Ergonomics) [PSYoungGen: 86625K->9656K(175104K)] [ParOldGen: 521871K->523669K(524288K)] 608497K->533325K(699392K), [Metaspace: 43944K->43944K(1087488K)], 0.1534869 secs] [Times: user=2.25 sys=0.01, real=0.15 secs] 
2016-09-25T22:30:56.413-0400: 97.676: [Full GC (Ergonomics) [PSYoungGen: 88064K->12472K(175104K)] [ParOldGen: 523690K->523975K(524288K)] 611754K->536447K(699392K), [Metaspace: 43944K->43944K(1087488K)], 0.1533184 secs] [Times: user=2.27 sys=0.01, real=0.16 secs] 
2016-09-25T22:30:56.598-0400: 97.860: [Full GC (Ergonomics) [PSYoungGen: 86905K->20641K(175104K)] [ParOldGen: 523975K->523116K(524288K)] 610880K->543757K(699392K), [Metaspace: 43944K->43944K(1087488K)], 0.1649429 secs] [Times: user=2.35 sys=0.01, real=0.17 secs] 
2016-09-25T22:30:56.807-0400: 98.070: [Full GC (Ergonomics) [PSYoungGen: 87661K->16562K(175104K)] [ParOldGen: 523116K->523547K(524288K)] 610777K->540109K(699392K), [Metaspace: 43944K->43944K(1087488K)], 0.1604221 secs] [Times: user=2.29 sys=0.02, real=0.16 secs] 
2016-09-25T22:30:57.003-0400: 98.266: [Full GC (Ergonomics) [PSYoungGen: 88064K->23372K(175104K)] [ParOldGen: 523608K->523961K(524288K)] 611672K->547334K(699392K), [Metaspace: 43944K->43944K(1087488K)], 0.1647545 secs] [Times: user=2.49 sys=0.00, real=0.16 secs] 
2016-09-25T22:30:57.206-0400: 98.469: [Full GC (Ergonomics) [PSYoungGen: 88064K->21974K(175104K)] [ParOldGen: 524092K->523113K(524288K)] 612156K->545088K(699392K), [Metaspace: 43944K->43944K(1087488K)], 0.1482936 secs] [Times: user=2.20 sys=0.00, real=0.15 secs] 
2016-09-25T22:30:57.393-0400: 98.655: [Full GC (Ergonomics) [PSYoungGen: 87072K->20748K(175104K)] [ParOldGen: 523113K->522034K(524288K)] 610185K->542782K(699392K), [Metaspace: 43944K->43944K(1087488K)], 0.1596445 secs] [Times: user=2.38 sys=0.01, real=0.16 secs] 
2016-09-25T22:30:57.586-0400: 98.849: [Full GC (Ergonomics) [PSYoungGen: 88064K->26079K(175104K)] [ParOldGen: 522119K->522520K(524288K)] 610183K->548599K(699392K), [Metaspace: 43944K->43944K(1087488K)], 0.1596647 secs] [Times: user=2.37 sys=0.00, real=0.16 secs] 
2016-09-25T22:30:57.781-0400: 99.044: [Full GC (Ergonomics) [PSYoungGen: 88064K->26093K(175104K)] [ParOldGen: 522639K->523012K(524288K)] 610703K->549105K(699392K), [Metaspace: 43944K->43944K(1087488K)], 0.1525169 secs] [Times: user=2.24 sys=0.01, real=0.15 secs] 
2016-09-25T22:30:57.971-0400: 99.234: [Full GC (Ergonomics) [PSYoungGen: 87924K->21021K(175104K)] [ParOldGen: 523012K->522114K(524288K)] 610936K->543136K(699392K), [Metaspace: 43944K->43944K(1087488K)], 0.1624184 secs] [Times: user=2.36 sys=0.02, real=0.16 secs] 
2016-09-25T22:30:58.174-0400: 99.436: [Full GC (Ergonomics) [PSYoungGen: 88064K->20737K(175104K)] [ParOldGen: 522216K->523994K(524288K)] 610280K->544731K(699392K), [Metaspace: 43944K->43944K(1087488K)], 0.1538996 secs] [Times: user=2.25 sys=0.01, real=0.16 secs] 
2016-09-25T22:30:58.360-0400: 99.623: [Full GC (Ergonomics) [PSYoungGen: 86553K->24824K(175104K)] [ParOldGen: 523994K->523066K(524288K)] 610548K->547890K(699392K), [Metaspace: 43945K->43945K(1087488K)], 0.1585638 secs] [Times: user=2.36 sys=0.02, real=0.16 secs] 
2016-09-25T22:30:58.569-0400: 99.832: [Full GC (Ergonomics) [PSYoungGen: 88064K->27777K(175104K)] [ParOldGen: 523158K->523205K(524288K)] 611222K->550982K(699392K), [Metaspace: 43945K->43945K(1087488K)], 0.1754082 secs] [Times: user=2.50 sys=0.00, real=0.18 secs] 
2016-09-25T22:30:58.780-0400: 100.042: [Full GC (Ergonomics) [PSYoungGen: 88064K->19268K(175104K)] [ParOldGen: 523422K->522948K(524288K)] 611486K->542216K(699392K), [Metaspace: 43945K->43945K(1087488K)], 0.1627317 secs] [Times: user=2.47 sys=0.02, real=0.17 secs] 
2016-09-25T22:30:58.991-0400: 100.253: [Full GC (Ergonomics) [PSYoungGen: 88064K->23492K(175104K)] [ParOldGen: 522985K->523125K(524288K)] 611049K->546617K(699392K), [Metaspace: 43945K->43945K(1087488K)], 0.1526505 secs] [Times: user=2.23 sys=0.01, real=0.16 secs] 
2016-09-25T22:30:59.181-0400: 100.443: [Full GC (Ergonomics) [PSYoungGen: 88064K->26078K(175104K)] [ParOldGen: 523207K->522513K(524288K)] 611271K->548591K(699392K), [Metaspace: 43945K->43945K(1087488K)], 0.1569649 secs] [Times: user=2.32 sys=0.02, real=0.16 secs] 
2016-09-25T22:30:59.377-0400: 100.639: [Full GC (Ergonomics) [PSYoungGen: 87664K->24877K(175104K)] [ParOldGen: 522513K->522655K(524288K)] 610178K->547532K(699392K), [Metaspace: 43951K->43951K(1087488K)], 0.1669233 secs] [Times: user=2.53 sys=0.02, real=0.17 secs] 
2016-09-25T22:30:59.570-0400: 100.833: [Full GC (Ergonomics) [PSYoungGen: 86961K->30327K(175104K)] [ParOldGen: 522655K->523302K(524288K)] 609616K->553630K(699392K), [Metaspace: 43951K->43951K(1087488K)], 0.1553111 secs] [Times: user=2.32 sys=0.00, real=0.16 secs] 
2016-09-25T22:30:59.763-0400: 101.026: [Full GC (Ergonomics) [PSYoungGen: 87776K->25111K(175104K)] [ParOldGen: 523302K->523628K(524288K)] 611078K->548739K(699392K), [Metaspace: 43951K->43951K(1087488K)], 0.1558522 secs] [Times: user=2.28 sys=0.01, real=0.15 secs] 
2016-09-25T22:30:59.950-0400: 101.213: [Full GC (Ergonomics) [PSYoungGen: 86856K->23614K(175104K)] [ParOldGen: 523628K->524275K(524288K)] 610485K->547890K(699392K), [Metaspace: 43951K->43951K(1087488K)], 0.1611613 secs] [Times: user=2.34 sys=0.01, real=0.16 secs] 
2016-09-25T22:31:00.158-0400: 101.421: [Full GC (Ergonomics) [PSYoungGen: 88064K->27690K(175104K)] [ParOldGen: 524287K->521865K(524288K)] 612351K->549556K(699392K), [Metaspace: 43951K->43951K(1087488K)], 0.1665589 secs] [Times: user=2.31 sys=0.02, real=0.17 secs] 
2016-09-25T22:31:00.358-0400: 101.621: [Full GC (Ergonomics) [PSYoungGen: 87795K->34595K(175104K)] [ParOldGen: 521865K->523737K(524288K)] 609660K->558332K(699392K), [Metaspace: 43953K->43953K(1087488K)], 0.1722816 secs] [Times: user=2.35 sys=0.01, real=0.17 secs] 
2016-09-25T22:31:00.569-0400: 101.832: [Full GC (Ergonomics) [PSYoungGen: 88064K->23825K(175104K)] [ParOldGen: 523756K->523913K(524288K)] 611820K->547738K(699392K), [Metaspace: 43953K->43953K(1087488K)], 0.1566998 secs] [Times: user=2.31 sys=0.01, real=0.16 secs] 
2016-09-25T22:31:00.760-0400: 102.023: [Full GC (Ergonomics) [PSYoungGen: 85565K->30617K(175104K)] [ParOldGen: 523913K->521911K(524288K)] 609478K->552529K(699392K), [Metaspace: 43953K->43953K(1087488K)], 0.1560078 secs] [Times: user=2.31 sys=0.01, real=0.16 secs] 
2016-09-25T22:31:00.951-0400: 102.214: [Full GC (Ergonomics) [PSYoungGen: 86208K->25371K(175104K)] [ParOldGen: 521911K->522406K(524288K)] 608120K->547777K(699392K), [Metaspace: 43953K->43953K(1087488K)], 0.1642079 secs] [Times: user=1.91 sys=0.02, real=0.17 secs] 
2016-09-25T22:31:01.146-0400: 102.409: [Full GC (Ergonomics) [PSYoungGen: 88064K->30544K(175104K)] [ParOldGen: 522568K->524208K(524288K)] 610632K->554752K(699392K), [Metaspace: 43953K->43953K(1087488K)], 0.1508815 secs] [Times: user=2.24 sys=0.02, real=0.15 secs] 
2016-09-25T22:31:01.335-0400: 102.597: [Full GC (Ergonomics) [PSYoungGen: 87350K->29290K(175104K)] [ParOldGen: 524208K->523227K(524288K)] 611559K->552517K(699392K), [Metaspace: 43953K->43953K(1087488K)], 0.1601279 secs] [Times: user=2.30 sys=0.00, real=0.16 secs] 
2016-09-25T22:31:01.523-0400: 102.786: [Full GC (Ergonomics) [PSYoungGen: 85692K->34666K(175104K)] [ParOldGen: 523227K->523767K(524288K)] 608919K->558433K(699392K), [Metaspace: 43956K->43956K(1087488K)], 0.1617264 secs] [Times: user=2.39 sys=0.01, real=0.16 secs] 
2016-09-25T22:31:01.720-0400: 102.983: [Full GC (Ergonomics) [PSYoungGen: 86968K->26626K(175104K)] [ParOldGen: 523767K->524093K(524288K)] 610736K->550719K(699392K), [Metaspace: 43956K->43956K(1087488K)], 0.1738943 secs] [Times: user=2.50 sys=0.01, real=0.18 secs] 
2016-09-25T22:31:01.916-0400: 103.179: [Full GC (Ergonomics) [PSYoungGen: 86654K->38963K(175104K)] [ParOldGen: 524093K->523168K(524288K)] 610747K->562131K(699392K), [Metaspace: 43956K->43956K(1087488K)], 0.1601676 secs] [Times: user=2.30 sys=0.01, real=0.16 secs] 
2016-09-25T22:31:02.111-0400: 103.374: [Full GC (Ergonomics) [PSYoungGen: 88062K->25261K(175104K)] [ParOldGen: 523168K->523695K(524288K)] 611231K->548957K(699392K), [Metaspace: 43956K->43956K(1087488K)], 0.1610544 secs] [Times: user=2.33 sys=0.01, real=0.16 secs] 
2016-09-25T22:31:02.297-0400: 103.559: [Full GC (Ergonomics) [PSYoungGen: 87213K->32051K(175104K)] [ParOldGen: 523695K->524222K(524288K)] 610909K->556273K(699392K), [Metaspace: 43956K->43956K(1087488K)], 0.1676351 secs] [Times: user=2.47 sys=0.01, real=0.17 secs] 
2016-09-25T22:31:02.505-0400: 103.768: [Full GC (Ergonomics) [PSYoungGen: 86633K->29449K(175104K)] [ParOldGen: 524222K->521796K(524288K)] 610855K->551246K(699392K), [Metaspace: 43956K->43956K(1087488K)], 0.1621646 secs] [Times: user=2.39 sys=0.02, real=0.16 secs] 
2016-09-25T22:31:02.694-0400: 103.956: [Full GC (Ergonomics) [PSYoungGen: 88064K->37518K(175104K)] [ParOldGen: 522941K->522265K(524288K)] 611005K->559783K(699392K), [Metaspace: 43956K->43956K(1087488K)], 0.1651391 secs] [Times: user=2.49 sys=0.01, real=0.17 secs] 
2016-09-25T22:31:02.891-0400: 104.154: [Full GC (Ergonomics) [PSYoungGen: 88064K->33512K(175104K)] [ParOldGen: 522390K->522330K(524288K)] 610454K->555842K(699392K), [Metaspace: 43957K->43957K(1087488K)], 0.1533917 secs] [Times: user=2.27 sys=0.00, real=0.16 secs] 
2016-09-25T22:31:03.073-0400: 104.336: [Full GC (Ergonomics) [PSYoungGen: 86956K->36093K(175104K)] [ParOldGen: 522330K->522905K(524288K)] 609287K->558999K(699392K), [Metaspace: 43957K->43957K(1087488K)], 0.1593390 secs] [Times: user=2.30 sys=0.02, real=0.16 secs] 
2016-09-25T22:31:03.269-0400: 104.532: [Full GC (Ergonomics) [PSYoungGen: 85514K->33537K(175104K)] [ParOldGen: 522905K->523034K(524288K)] 608420K->556571K(699392K), [Metaspace: 43957K->43957K(1087488K)], 0.1648379 secs] [Times: user=2.34 sys=0.01, real=0.17 secs] 
2016-09-25T22:31:03.461-0400: 104.724: [Full GC (Ergonomics) [PSYoungGen: 87824K->40315K(175104K)] [ParOldGen: 523034K->523666K(524288K)] 610858K->563982K(699392K), [Metaspace: 43957K->43957K(1087488K)], 0.1624414 secs] [Times: user=2.42 sys=0.00, real=0.17 secs] 
2016-09-25T22:31:03.659-0400: 104.922: [Full GC (Ergonomics) [PSYoungGen: 88064K->30972K(175104K)] [ParOldGen: 523777K->523708K(524288K)] 611841K->554680K(699392K), [Metaspace: 43957K->43957K(1087488K)], 0.1590279 secs] [Times: user=2.34 sys=0.01, real=0.16 secs] 
2016-09-25T22:31:03.845-0400: 105.107: [Full GC (Ergonomics) [PSYoungGen: 85413K->32479K(175104K)] [ParOldGen: 523708K->524239K(524288K)] 609121K->556719K(699392K), [Metaspace: 43957K->43957K(1087488K)], 0.1568998 secs] [Times: user=2.34 sys=0.01, real=0.15 secs] 
2016-09-25T22:31:04.034-0400: 105.297: [Full GC (Ergonomics) [PSYoungGen: 88020K->32268K(175104K)] [ParOldGen: 524239K->523514K(524288K)] 612259K->555782K(699392K), [Metaspace: 43957K->43957K(1087488K)], 0.1612269 secs] [Times: user=2.34 sys=0.01, real=0.17 secs] 
2016-09-25T22:31:04.224-0400: 105.486: [Full GC (Ergonomics) [PSYoungGen: 88064K->36301K(175104K)] [ParOldGen: 524156K->524059K(524288K)] 612220K->560361K(699392K), [Metaspace: 43957K->43957K(1087488K)], 0.1630688 secs] [Times: user=2.36 sys=0.01, real=0.16 secs] 
2016-09-25T22:31:04.415-0400: 105.678: [Full GC (Ergonomics) [PSYoungGen: 87247K->40718K(175104K)] [ParOldGen: 524059K->524000K(524288K)] 611307K->564719K(699392K), [Metaspace: 43957K->43957K(1087488K)], 0.1638716 secs] [Times: user=2.44 sys=0.01, real=0.16 secs] 
2016-09-25T22:31:04.602-0400: 105.864: [Full GC (Ergonomics) [PSYoungGen: 88064K->43675K(175104K)] [ParOldGen: 524065K->524140K(524288K)] 612129K->567816K(699392K), [Metaspace: 43957K->43957K(1087488K)], 0.1530563 secs] [Times: user=2.28 sys=0.00, real=0.16 secs] 
2016-09-25T22:31:04.785-0400: 106.048: [Full GC (Ergonomics) [PSYoungGen: 86802K->36061K(175104K)] [ParOldGen: 524140K->524034K(524288K)] 610942K->560096K(699392K), [Metaspace: 43957K->43957K(1087488K)], 0.1620137 secs] [Times: user=2.45 sys=0.00, real=0.16 secs] 
2016-09-25T22:31:04.986-0400: 106.248: [Full GC (Ergonomics) [PSYoungGen: 88064K->35297K(175104K)] [ParOldGen: 524038K->523890K(524288K)] 612102K->559188K(699392K), [Metaspace: 43960K->43960K(1087488K)], 0.1735561 secs] [Times: user=2.48 sys=0.02, real=0.17 secs] 
2016-09-25T22:31:05.182-0400: 106.444: [Full GC (Ergonomics) [PSYoungGen: 87525K->48113K(175104K)] [ParOldGen: 523890K->523795K(524288K)] 611416K->571909K(699392K), [Metaspace: 43961K->43961K(1087488K)], 0.1636707 secs] [Times: user=2.36 sys=0.01, real=0.17 secs] 
2016-09-25T22:31:05.377-0400: 106.639: [Full GC (Ergonomics) [PSYoungGen: 85776K->30296K(175104K)] [ParOldGen: 523795K->524251K(524288K)] 609572K->554547K(699392K), [Metaspace: 43961K->43961K(1087488K)], 0.1494840 secs] [Times: user=2.18 sys=0.01, real=0.15 secs] 
2016-09-25T22:31:05.547-0400: 106.810: [Full GC (Ergonomics) [PSYoungGen: 87645K->43178K(175104K)] [ParOldGen: 524251K->524158K(524288K)] 611896K->567336K(699392K), [Metaspace: 43961K->43961K(1087488K)], 0.1522574 secs] [Times: user=2.29 sys=0.00, real=0.15 secs] 
2016-09-25T22:31:05.726-0400: 106.988: [Full GC (Ergonomics) [PSYoungGen: 88064K->40692K(175104K)] [ParOldGen: 524232K->524063K(524288K)] 612296K->564756K(699392K), [Metaspace: 43961K->43961K(1087488K)], 0.1563949 secs] [Times: user=2.31 sys=0.02, real=0.16 secs] 
2016-09-25T22:31:05.906-0400: 107.168: [Full GC (Ergonomics) [PSYoungGen: 87952K->41343K(175104K)] [ParOldGen: 524063K->524014K(524288K)] 612015K->565357K(699392K), [Metaspace: 43969K->43969K(1087488K)], 0.1630605 secs] [Times: user=2.44 sys=0.00, real=0.16 secs] 
2016-09-25T22:31:06.089-0400: 107.352: [Full GC (Ergonomics) [PSYoungGen: 86456K->44484K(175104K)] [ParOldGen: 524014K->523920K(524288K)] 610471K->568405K(699392K), [Metaspace: 43969K->43969K(1087488K)], 0.1621684 secs] [Times: user=2.41 sys=0.01, real=0.16 secs] 
2016-09-25T22:31:06.283-0400: 107.545: [Full GC (Ergonomics) [PSYoungGen: 87912K->39382K(175104K)] [ParOldGen: 523920K->523821K(524288K)] 611833K->563203K(699392K), [Metaspace: 43969K->43969K(1087488K)], 0.1667585 secs] [Times: user=2.51 sys=0.01, real=0.16 secs] 
2016-09-25T22:31:06.472-0400: 107.735: [Full GC (Ergonomics) [PSYoungGen: 88064K->45321K(175104K)] [ParOldGen: 523911K->523775K(524288K)] 611975K->569096K(699392K), [Metaspace: 43969K->43969K(1087488K)], 0.1569464 secs] [Times: user=2.33 sys=0.00, real=0.16 secs] 
2016-09-25T22:31:06.660-0400: 107.923: [Full GC (Ergonomics) [PSYoungGen: 87802K->45707K(175104K)] [ParOldGen: 523775K->523725K(524288K)] 611577K->569433K(699392K), [Metaspace: 43969K->43969K(1087488K)], 0.1638383 secs] [Times: user=2.38 sys=0.00, real=0.17 secs] 
2016-09-25T22:31:06.867-0400: 108.129: [Full GC (Ergonomics) [PSYoungGen: 88064K->40129K(175104K)] [ParOldGen: 524118K->524280K(524288K)] 612182K->564409K(699392K), [Metaspace: 43969K->43969K(1087488K)], 0.1724395 secs] [Times: user=2.52 sys=0.01, real=0.17 secs] 
2016-09-25T22:31:07.061-0400: 108.324: [Full GC (Ergonomics) [PSYoungGen: 85657K->43234K(175104K)] [ParOldGen: 524280K->524233K(524288K)] 609938K->567468K(699392K), [Metaspace: 43969K->43969K(1087488K)], 0.1588771 secs] [Times: user=2.36 sys=0.01, real=0.16 secs] 
2016-09-25T22:31:07.252-0400: 108.515: [Full GC (Ergonomics) [PSYoungGen: 86042K->35654K(175104K)] [ParOldGen: 524233K->524090K(524288K)] 610275K->559744K(699392K), [Metaspace: 43969K->43969K(1087488K)], 0.1590699 secs] [Times: user=2.31 sys=0.02, real=0.16 secs] 
2016-09-25T22:31:07.438-0400: 108.700: [Full GC (Ergonomics) [PSYoungGen: 86388K->46934K(175104K)] [ParOldGen: 524090K->524042K(524288K)] 610478K->570977K(699392K), [Metaspace: 43969K->43969K(1087488K)], 0.1655794 secs] [Times: user=2.43 sys=0.03, real=0.17 secs] 
2016-09-25T22:31:07.627-0400: 108.890: [Full GC (Ergonomics) [PSYoungGen: 88064K->44621K(175104K)] [ParOldGen: 524162K->523948K(524288K)] 612226K->568569K(699392K), [Metaspace: 43969K->43969K(1087488K)], 0.1572270 secs] [Times: user=2.25 sys=0.01, real=0.16 secs] 
2016-09-25T22:31:07.813-0400: 109.076: [Full GC (Ergonomics) [PSYoungGen: 87298K->37092K(175104K)] [ParOldGen: 523948K->523851K(524288K)] 611246K->560944K(699392K), [Metaspace: 43969K->43969K(1087488K)], 0.1580957 secs] [Times: user=2.26 sys=0.04, real=0.16 secs] 
2016-09-25T22:31:07.993-0400: 109.256: [Full GC (Ergonomics) [PSYoungGen: 85794K->45628K(175104K)] [ParOldGen: 523851K->523757K(524288K)] 609645K->569386K(699392K), [Metaspace: 43969K->43969K(1087488K)], 0.1847091 secs] [Times: user=2.60 sys=0.01, real=0.19 secs] 
2016-09-25T22:31:08.217-0400: 109.480: [Full GC (Ergonomics) [PSYoungGen: 88064K->43197K(175104K)] [ParOldGen: 523846K->523708K(524288K)] 611910K->566906K(699392K), [Metaspace: 43969K->43969K(1087488K)], 0.1763894 secs] [Times: user=2.29 sys=0.01, real=0.17 secs] 
2016-09-25T22:31:08.418-0400: 109.681: [Full GC (Ergonomics) [PSYoungGen: 86855K->43202K(175104K)] [ParOldGen: 523708K->524243K(524288K)] 610564K->567446K(699392K), [Metaspace: 43969K->43969K(1087488K)], 0.1625516 secs] [Times: user=2.32 sys=0.02, real=0.16 secs] 
2016-09-25T22:31:08.610-0400: 109.873: [Full GC (Ergonomics) [PSYoungGen: 86375K->44973K(175104K)] [ParOldGen: 524243K->524103K(524288K)] 610619K->569077K(699392K), [Metaspace: 43969K->43969K(1087488K)], 0.1546943 secs] [Times: user=2.19 sys=0.03, real=0.16 secs] 
2016-09-25T22:31:08.785-0400: 110.048: [Full GC (Ergonomics) [PSYoungGen: 88064K->46628K(175104K)] [ParOldGen: 524276K->524054K(524288K)] 612340K->570682K(699392K), [Metaspace: 43969K->43969K(1087488K)], 0.1739350 secs] [Times: user=2.48 sys=0.01, real=0.17 secs] 
2016-09-25T22:31:08.994-0400: 110.256: [Full GC (Ergonomics) [PSYoungGen: 88064K->41765K(175104K)] [ParOldGen: 524118K->523959K(524288K)] 612182K->565724K(699392K), [Metaspace: 43969K->43969K(1087488K)], 0.1583272 secs] [Times: user=2.35 sys=0.01, real=0.16 secs] 
2016-09-25T22:31:09.180-0400: 110.443: [Full GC (Ergonomics) [PSYoungGen: 86768K->50430K(175104K)] [ParOldGen: 523959K->523912K(524288K)] 610727K->574342K(699392K), [Metaspace: 43969K->43969K(1087488K)], 0.1714557 secs] [Times: user=2.06 sys=0.01, real=0.17 secs] 
2016-09-25T22:31:09.377-0400: 110.640: [Full GC (Ergonomics) [PSYoungGen: 87504K->47846K(175104K)] [ParOldGen: 523912K->523817K(524288K)] 611416K->571664K(699392K), [Metaspace: 43971K->43971K(1087488K)], 0.1654366 secs] [Times: user=2.20 sys=0.01, real=0.17 secs] 
2016-09-25T22:31:09.573-0400: 110.836: [Full GC (Ergonomics) [PSYoungGen: 87816K->40180K(175104K)] [ParOldGen: 523817K->523722K(524288K)] 611634K->563902K(699392K), [Metaspace: 43972K->43972K(1087488K)], 0.1761452 secs] [Times: user=2.45 sys=0.02, real=0.18 secs] 
2016-09-25T22:31:09.772-0400: 111.035: [Full GC (Ergonomics) [PSYoungGen: 88064K->46919K(175104K)] [ParOldGen: 523854K->524205K(524288K)] 611918K->571124K(699392K), [Metaspace: 43972K->43972K(1087488K)], 0.1906367 secs] [Times: user=2.64 sys=0.03, real=0.20 secs] 
2016-09-25T22:31:09.996-0400: 111.259: [Full GC (Ergonomics) [PSYoungGen: 88064K->39134K(175104K)] [ParOldGen: 524250K->524111K(524288K)] 612314K->563246K(699392K), [Metaspace: 43972K->43972K(1087488K)], 0.1557979 secs] [Times: user=2.19 sys=0.01, real=0.15 secs] 
2016-09-25T22:31:10.169-0400: 111.431: [Full GC (Ergonomics) [PSYoungGen: 85973K->51702K(175104K)] [ParOldGen: 524111K->524064K(524288K)] 610085K->575766K(699392K), [Metaspace: 43972K->43972K(1087488K)], 0.1504847 secs] [Times: user=2.13 sys=0.01, real=0.15 secs] 
2016-09-25T22:31:10.338-0400: 111.600: [Full GC (Ergonomics) [PSYoungGen: 88064K->49248K(175104K)] [ParOldGen: 524232K->524015K(524288K)] 612296K->573264K(699392K), [Metaspace: 43972K->43972K(1087488K)], 0.1728804 secs] [Times: user=2.25 sys=0.01, real=0.17 secs] 
2016-09-25T22:31:10.543-0400: 111.806: [Full GC (Ergonomics) [PSYoungGen: 86938K->46966K(175104K)] [ParOldGen: 524015K->523920K(524288K)] 610954K->570887K(699392K), [Metaspace: 43972K->43972K(1087488K)], 0.1735217 secs] [Times: user=2.10 sys=0.01, real=0.17 secs] 
2016-09-25T22:31:10.729-0400: 111.992: [Full GC (Ergonomics) [PSYoungGen: 87952K->51439K(175104K)] [ParOldGen: 523920K->523873K(524288K)] 611873K->575313K(699392K), [Metaspace: 43972K->43972K(1087488K)], 0.1689209 secs] [Times: user=2.22 sys=0.01, real=0.17 secs] 
2016-09-25T22:31:10.913-0400: 112.176: [Full GC (Ergonomics) [PSYoungGen: 88064K->55695K(175104K)] [ParOldGen: 523926K->523826K(524288K)] 611990K->579521K(699392K), [Metaspace: 43972K->43972K(1087488K)], 0.1696919 secs] [Times: user=2.22 sys=0.01, real=0.18 secs] 
2016-09-25T22:31:11.116-0400: 112.379: [Full GC (Ergonomics) [PSYoungGen: 88064K->45137K(175104K)] [ParOldGen: 523918K->523730K(524288K)] 611982K->568868K(699392K), [Metaspace: 43972K->43972K(1087488K)], 0.1564824 secs] [Times: user=2.04 sys=0.01, real=0.15 secs] 
2016-09-25T22:31:11.292-0400: 112.555: [Full GC (Ergonomics) [PSYoungGen: 88064K->49613K(175104K)] [ParOldGen: 524165K->523805K(524288K)] 612229K->573419K(699392K), [Metaspace: 43972K->43972K(1087488K)], 0.1587901 secs] [Times: user=2.15 sys=0.01, real=0.16 secs] 
2016-09-25T22:31:11.478-0400: 112.741: [Full GC (Ergonomics) [PSYoungGen: 85964K->48473K(175104K)] [ParOldGen: 523805K->523710K(524288K)] 609769K->572183K(699392K), [Metaspace: 43972K->43972K(1087488K)], 0.1550095 secs] [Times: user=1.76 sys=0.02, real=0.15 secs] 
2016-09-25T22:31:11.657-0400: 112.920: [Full GC (Ergonomics) [PSYoungGen: 87224K->48231K(175104K)] [ParOldGen: 523710K->524240K(524288K)] 610934K->572472K(699392K), [Metaspace: 43972K->43972K(1087488K)], 0.1640948 secs] [Times: user=2.11 sys=0.01, real=0.16 secs] 
2016-09-25T22:31:11.843-0400: 113.105: [Full GC (Ergonomics) [PSYoungGen: 86199K->51221K(175104K)] [ParOldGen: 524240K->524192K(524288K)] 610439K->575414K(699392K), [Metaspace: 43972K->43972K(1087488K)], 0.1624961 secs] [Times: user=2.23 sys=0.01, real=0.16 secs] 
2016-09-25T22:31:12.028-0400: 113.291: [Full GC (Ergonomics) [PSYoungGen: 88064K->48893K(175104K)] [ParOldGen: 524287K->524100K(524288K)] 612351K->572993K(699392K), [Metaspace: 43972K->43972K(1087488K)], 0.1607212 secs] [Times: user=2.22 sys=0.03, real=0.16 secs] 
2016-09-25T22:31:12.213-0400: 113.476: [Full GC (Ergonomics) [PSYoungGen: 87164K->48002K(175104K)] [ParOldGen: 524100K->524051K(524288K)] 611264K->572053K(699392K), [Metaspace: 43972K->43972K(1087488K)], 0.1637218 secs] [Times: user=2.16 sys=0.01, real=0.17 secs] 
2016-09-25T22:31:12.391-0400: 113.654: [Full GC (Ergonomics) [PSYoungGen: 87152K->60391K(175104K)] [ParOldGen: 524051K->524003K(524288K)] 611203K->584394K(699392K), [Metaspace: 43972K->43972K(1087488K)], 0.1549712 secs] [Times: user=2.19 sys=0.02, real=0.16 secs] 
2016-09-25T22:31:12.567-0400: 113.830: [Full GC (Ergonomics) [PSYoungGen: 85888K->49718K(175104K)] [ParOldGen: 524003K->523908K(524288K)] 609891K->573627K(699392K), [Metaspace: 43972K->43972K(1087488K)], 0.1564556 secs] [Times: user=2.18 sys=0.01, real=0.16 secs] 
2016-09-25T22:31:12.743-0400: 114.006: [Full GC (Ergonomics) [PSYoungGen: 87054K->48740K(175104K)] [ParOldGen: 523908K->523861K(524288K)] 610963K->572601K(699392K), [Metaspace: 43974K->43974K(1087488K)], 0.1707904 secs] [Times: user=2.13 sys=0.02, real=0.17 secs] 
2016-09-25T22:31:12.936-0400: 114.199: [Full GC (Ergonomics) [PSYoungGen: 86438K->46323K(175104K)] [ParOldGen: 523861K->523767K(524288K)] 610299K->570090K(699392K), [Metaspace: 43974K->43974K(1087488K)], 0.1678552 secs] [Times: user=2.22 sys=0.01, real=0.17 secs] 
2016-09-25T22:31:13.118-0400: 114.381: [Full GC (Ergonomics) [PSYoungGen: 88064K->56094K(175104K)] [ParOldGen: 523922K->523719K(524288K)] 611986K->579814K(699392K), [Metaspace: 43974K->43974K(1087488K)], 0.1542700 secs] [Times: user=2.25 sys=0.02, real=0.15 secs] 
2016-09-25T22:31:13.295-0400: 114.558: [Full GC (Ergonomics) [PSYoungGen: 88064K->53015K(175104K)] [ParOldGen: 523743K->524242K(524288K)] 611807K->577258K(699392K), [Metaspace: 43974K->43974K(1087488K)], 0.1673878 secs] [Times: user=2.27 sys=0.02, real=0.17 secs] 
2016-09-25T22:31:13.483-0400: 114.746: [Full GC (Ergonomics) [PSYoungGen: 88064K->53354K(175104K)] [ParOldGen: 524282K->524148K(524288K)] 612346K->577503K(699392K), [Metaspace: 43974K->43974K(1087488K)], 0.1670964 secs] [Times: user=1.93 sys=0.01, real=0.16 secs] 
2016-09-25T22:31:13.673-0400: 114.936: [Full GC (Ergonomics) [PSYoungGen: 88064K->46999K(175104K)] [ParOldGen: 524174K->524101K(524288K)] 612238K->571100K(699392K), [Metaspace: 43974K->43974K(1087488K)], 0.1720568 secs] [Times: user=2.34 sys=0.00, real=0.18 secs] 
2016-09-25T22:31:13.862-0400: 115.125: [Full GC (Ergonomics) [PSYoungGen: 87731K->51277K(175104K)] [ParOldGen: 524101K->524053K(524288K)] 611832K->575331K(699392K), [Metaspace: 43974K->43974K(1087488K)], 0.1624022 secs] [Times: user=2.13 sys=0.03, real=0.17 secs] 
2016-09-25T22:31:14.052-0400: 115.314: [Full GC (Ergonomics) [PSYoungGen: 85542K->46004K(175104K)] [ParOldGen: 524053K->524005K(524288K)] 609596K->570010K(699392K), [Metaspace: 43974K->43974K(1087488K)], 0.1628225 secs] [Times: user=1.98 sys=0.01, real=0.17 secs] 
2016-09-25T22:31:14.232-0400: 115.495: [Full GC (Ergonomics) [PSYoungGen: 88064K->57182K(175104K)] [ParOldGen: 524217K->523958K(524288K)] 612281K->581141K(699392K), [Metaspace: 43974K->43974K(1087488K)], 0.1651317 secs] [Times: user=2.42 sys=0.01, real=0.17 secs] 
2016-09-25T22:31:14.415-0400: 115.678: [Full GC (Ergonomics) [PSYoungGen: 86345K->52052K(175104K)] [ParOldGen: 523958K->523864K(524288K)] 610304K->575916K(699392K), [Metaspace: 43982K->43982K(1087488K)], 0.1879553 secs] [Times: user=2.84 sys=0.02, real=0.19 secs] 
2016-09-25T22:31:14.625-0400: 115.888: [Full GC (Ergonomics) [PSYoungGen: 86827K->52270K(175104K)] [ParOldGen: 523864K->523816K(524288K)] 610691K->576086K(699392K), [Metaspace: 43982K->43982K(1087488K)], 0.1645455 secs] [Times: user=2.42 sys=0.02, real=0.16 secs] 
2016-09-25T22:31:14.802-0400: 116.065: [Full GC (Ergonomics) [PSYoungGen: 86324K->55205K(175104K)] [ParOldGen: 523816K->523768K(524288K)] 610141K->578973K(699392K), [Metaspace: 43982K->43982K(1087488K)], 0.1653124 secs] [Times: user=2.40 sys=0.01, real=0.16 secs] 
2016-09-25T22:31:14.983-0400: 116.246: [Full GC (Ergonomics) [PSYoungGen: 86860K->58174K(175104K)] [ParOldGen: 523768K->523722K(524288K)] 610629K->581896K(699392K), [Metaspace: 43982K->43982K(1087488K)], 0.1553524 secs] [Times: user=2.24 sys=0.00, real=0.15 secs] 
2016-09-25T22:31:15.535-0400: 116.798: [Full GC (Ergonomics) [PSYoungGen: 88064K->19757K(175104K)] [ParOldGen: 523725K->523919K(524288K)] 611789K->543677K(699392K), [Metaspace: 44015K->44015K(1087488K)], 0.1698918 secs] [Times: user=1.92 sys=0.01, real=0.17 secs] 
2016-09-25T22:31:19.053-0400: 120.316: [Full GC (Ergonomics) [PSYoungGen: 88025K->0K(175104K)] [ParOldGen: 523919K->519539K(524288K)] 611945K->519539K(699392K), [Metaspace: 44017K->44017K(1087488K)], 0.1027009 secs] [Times: user=0.93 sys=0.03, real=0.11 secs] 
2016-09-25T22:31:24.428-0400: 125.691: [Full GC (Ergonomics) [PSYoungGen: 88064K->1922K(175104K)] [ParOldGen: 519539K->524163K(524288K)] 607603K->526086K(699392K), [Metaspace: 44023K->44023K(1087488K)], 0.1197270 secs] [Times: user=1.18 sys=0.02, real=0.12 secs] 
2016-09-25T22:31:29.537-0400: 130.800: [Full GC (Ergonomics) [PSYoungGen: 88064K->0K(175104K)] [ParOldGen: 524163K->520572K(524288K)] 612227K->520572K(699392K), [Metaspace: 44030K->44030K(1087488K)], 0.1044929 secs] [Times: user=0.91 sys=0.01, real=0.10 secs] 
2016-09-25T22:31:34.606-0400: 135.868: [Full GC (Ergonomics) [PSYoungGen: 88064K->0K(175104K)] [ParOldGen: 520572K->517402K(524288K)] 608636K->517402K(699392K), [Metaspace: 44041K->44041K(1087488K)], 0.0881848 secs] [Times: user=0.71 sys=0.04, real=0.08 secs] 
2016-09-25T22:31:39.753-0400: 141.016: [Full GC (Ergonomics) [PSYoungGen: 88064K->0K(175104K)] [ParOldGen: 517402K->502184K(524288K)] 605466K->502184K(699392K), [Metaspace: 44058K->44058K(1087488K)], 0.1041702 secs] [Times: user=0.72 sys=0.03, real=0.11 secs] 
2016-09-25T22:31:45.059-0400: 146.322: [Full GC (Ergonomics) [PSYoungGen: 88064K->0K(175104K)] [ParOldGen: 502184K->496259K(524288K)] 590248K->496259K(699392K), [Metaspace: 44105K->44105K(1087488K)], 0.1010665 secs] [Times: user=0.95 sys=0.00, real=0.10 secs] 
