Java HotSpot(TM) 64-Bit Server VM (25.101-b13) for linux-amd64 JRE (1.8.0_101-b13), built on Jun 22 2016 02:59:44 by "java_re" with gcc 4.3.0 20080428 (Red Hat 4.3.0-8)
Memory: 4k page, physical 264122320k(255013060k free), swap 268399612k(268399612k free)
CommandLine flags: -XX:GCLogFileSize=1048576 -XX:+HeapDumpOnOutOfMemoryError -XX:HeapDumpPath=artifacts/heapdump -XX:InitialHeapSize=805306368 -XX:MaxHeapSize=805306368 -XX:NumberOfGCLogFiles=10 -XX:+PrintGC -XX:+PrintGCDateStamps -XX:+PrintGCDetails -XX:+PrintGCTimeStamps -XX:+UseCompressedClassPointers -XX:+UseCompressedOops -XX:+UseGCLogFileRotation -XX:+UseParallelGC 
2016-09-24T00:37:11.147-0400: 2.213: [GC (Metadata GC Threshold) [PSYoungGen: 121898K->15494K(229376K)] 121898K->15582K(753664K), 0.0236261 secs] [Times: user=0.13 sys=0.02, real=0.02 secs] 
2016-09-24T00:37:11.171-0400: 2.237: [Full GC (Metadata GC Threshold) [PSYoungGen: 15494K->0K(229376K)] [ParOldGen: 88K->14601K(338432K)] 15582K->14601K(567808K), [Metaspace: 21078K->21078K(1067008K)], 0.0418267 secs] [Times: user=0.38 sys=0.00, real=0.04 secs] 
2016-09-24T00:37:13.068-0400: 4.134: [GC (Metadata GC Threshold) [PSYoungGen: 117785K->14831K(229376K)] 132386K->29568K(567808K), 0.0151901 secs] [Times: user=0.10 sys=0.05, real=0.02 secs] 
2016-09-24T00:37:13.083-0400: 4.149: [Full GC (Metadata GC Threshold) [PSYoungGen: 14831K->0K(229376K)] [ParOldGen: 14737K->20239K(524288K)] 29568K->20239K(753664K), [Metaspace: 35084K->35084K(1079296K)], 0.0569016 secs] [Times: user=0.49 sys=0.01, real=0.05 secs] 
2016-09-24T00:37:14.868-0400: 5.934: [GC (Allocation Failure) [PSYoungGen: 196608K->32747K(229376K)] 216847K->62397K(753664K), 0.0091148 secs] [Times: user=0.08 sys=0.03, real=0.01 secs] 
2016-09-24T00:37:15.690-0400: 6.756: [GC (GCLocker Initiated GC) [PSYoungGen: 228969K->20821K(229376K)] 264694K->56554K(753664K), 0.0080458 secs] [Times: user=0.08 sys=0.01, real=0.01 secs] 
2016-09-24T00:37:16.718-0400: 7.784: [GC (GCLocker Initiated GC) [PSYoungGen: 217429K->27282K(224256K)] 253523K->75534K(748544K), 0.0076341 secs] [Times: user=0.07 sys=0.00, real=0.01 secs] 
2016-09-24T00:37:17.839-0400: 8.905: [GC (Allocation Failure) [PSYoungGen: 223890K->21141K(225280K)] 278567K->75826K(749568K), 0.0064018 secs] [Times: user=0.04 sys=0.01, real=0.01 secs] 
2016-09-24T00:37:18.839-0400: 9.905: [GC (Allocation Failure) [PSYoungGen: 208533K->33131K(220672K)] 263218K->93899K(744960K), 0.0131367 secs] [Times: user=0.14 sys=0.01, real=0.01 secs] 
2016-09-24T00:37:19.837-0400: 10.903: [GC (Allocation Failure) [PSYoungGen: 220523K->39270K(212992K)] 281291K->100046K(737280K), 0.0204944 secs] [Times: user=0.24 sys=0.02, real=0.02 secs] 
2016-09-24T00:37:20.721-0400: 11.787: [GC (Allocation Failure) [PSYoungGen: 212326K->39238K(212480K)] 273102K->100022K(736768K), 0.0123162 secs] [Times: user=0.11 sys=0.01, real=0.01 secs] 
2016-09-24T00:37:21.721-0400: 12.787: [GC (GCLocker Initiated GC) [PSYoungGen: 212294K->39366K(210432K)] 273078K->100158K(734720K), 0.0113457 secs] [Times: user=0.13 sys=0.00, real=0.01 secs] 
2016-09-24T00:37:22.535-0400: 13.601: [GC (GCLocker Initiated GC) [PSYoungGen: 202182K->39558K(202752K)] 262976K->100360K(727040K), 0.0074552 secs] [Times: user=0.07 sys=0.00, real=0.01 secs] 
2016-09-24T00:37:23.454-0400: 14.520: [GC (Allocation Failure) [PSYoungGen: 202374K->21269K(210944K)] 269365K->88268K(735232K), 0.0073073 secs] [Times: user=0.05 sys=0.00, real=0.00 secs] 
2016-09-24T00:37:24.301-0400: 15.367: [GC (Allocation Failure) [PSYoungGen: 176626K->21141K(180736K)] 243625K->88148K(705024K), 0.0144796 secs] [Times: user=0.16 sys=0.02, real=0.02 secs] 
2016-09-24T00:37:25.117-0400: 16.183: [GC (Allocation Failure) [PSYoungGen: 180373K->39526K(207360K)] 247380K->106541K(731648K), 0.0096160 secs] [Times: user=0.10 sys=0.02, real=0.01 secs] 
2016-09-24T00:37:26.002-0400: 17.068: [GC (Allocation Failure) [PSYoungGen: 191165K->21333K(209408K)] 258179K->88348K(733696K), 0.0386088 secs] [Times: user=0.26 sys=0.06, real=0.04 secs] 
2016-09-24T00:37:26.705-0400: 17.771: [GC (Allocation Failure) [PSYoungGen: 178517K->45741K(202752K)] 245532K->112756K(727040K), 0.0098063 secs] [Times: user=0.09 sys=0.00, real=0.01 secs] 
2016-09-24T00:37:27.093-0400: 18.159: [GC (GCLocker Initiated GC) [PSYoungGen: 197290K->52124K(203776K)] 264311K->143453K(728064K), 0.0187235 secs] [Times: user=0.20 sys=0.03, real=0.02 secs] 
2016-09-24T00:37:27.327-0400: 18.393: [GC (GCLocker Initiated GC) [PSYoungGen: 203676K->56411K(186368K)] 295360K->180752K(710656K), 0.0109088 secs] [Times: user=0.11 sys=0.01, real=0.01 secs] 
2016-09-24T00:37:27.499-0400: 18.565: [GC (GCLocker Initiated GC) [PSYoungGen: 184411K->62166K(190464K)] 308922K->223564K(714752K), 0.0105218 secs] [Times: user=0.14 sys=0.02, real=0.01 secs] 
2016-09-24T00:37:27.722-0400: 18.788: [GC (GCLocker Initiated GC) [PSYoungGen: 190166K->68437K(171008K)] 351663K->248255K(695296K), 0.0099284 secs] [Times: user=0.10 sys=0.00, real=0.01 secs] 
2016-09-24T00:37:27.864-0400: 18.930: [GC (GCLocker Initiated GC) [PSYoungGen: 167765K->73896K(173568K)] 354329K->260548K(697856K), 0.0175171 secs] [Times: user=0.19 sys=0.00, real=0.01 secs] 
2016-09-24T00:37:28.030-0400: 19.096: [GC (GCLocker Initiated GC) [PSYoungGen: 173224K->86698K(175104K)] 372376K->328511K(699392K), 0.0194864 secs] [Times: user=0.29 sys=0.01, real=0.02 secs] 
2016-09-24T00:37:28.155-0400: 19.221: [GC (GCLocker Initiated GC) [PSYoungGen: 174762K->86042K(175104K)] 422692K->340168K(699392K), 0.0098511 secs] [Times: user=0.14 sys=0.01, real=0.01 secs] 
2016-09-24T00:37:28.286-0400: 19.352: [GC (GCLocker Initiated GC) [PSYoungGen: 174106K->86374K(175104K)] 428552K->365200K(699392K), 0.0113125 secs] [Times: user=0.13 sys=0.00, real=0.01 secs] 
2016-09-24T00:37:28.422-0400: 19.488: [GC (GCLocker Initiated GC) [PSYoungGen: 174438K->85854K(175104K)] 459593K->413942K(699392K), 0.0125822 secs] [Times: user=0.16 sys=0.02, real=0.01 secs] 
2016-09-24T00:37:28.535-0400: 19.601: [GC (GCLocker Initiated GC) [PSYoungGen: 173918K->85886K(175104K)] 502082K->462762K(699392K), 0.0117338 secs] [Times: user=0.15 sys=0.01, real=0.01 secs] 
2016-09-24T00:37:28.663-0400: 19.729: [GC (GCLocker Initiated GC) [PSYoungGen: 173950K->85822K(175104K)] 557173K->542057K(699392K), 0.0122349 secs] [Times: user=0.15 sys=0.04, real=0.01 secs] 
2016-09-24T00:37:28.676-0400: 19.742: [Full GC (Ergonomics) [PSYoungGen: 85822K->0K(175104K)] [ParOldGen: 456235K->44965K(524288K)] 542057K->44965K(699392K), [Metaspace: 43723K->43723K(1087488K)], 0.1941116 secs] [Times: user=2.53 sys=0.05, real=0.19 secs] 
2016-09-24T00:37:28.990-0400: 20.056: [GC (GCLocker Initiated GC) [PSYoungGen: 88064K->86210K(175104K)] 139303K->143524K(699392K), 0.0085281 secs] [Times: user=0.10 sys=0.01, real=0.01 secs] 
2016-09-24T00:37:29.104-0400: 20.170: [GC (GCLocker Initiated GC) [PSYoungGen: 174274K->86110K(175104K)] 231702K->173914K(699392K), 0.0151443 secs] [Times: user=0.15 sys=0.00, real=0.01 secs] 
2016-09-24T00:37:29.226-0400: 20.292: [GC (GCLocker Initiated GC) [PSYoungGen: 174174K->86470K(175104K)] 274484K->235388K(699392K), 0.0161236 secs] [Times: user=0.22 sys=0.01, real=0.02 secs] 
2016-09-24T00:37:29.363-0400: 20.429: [GC (GCLocker Initiated GC) [PSYoungGen: 174534K->55611K(175104K)] 335924K->272411K(699392K), 0.0095892 secs] [Times: user=0.12 sys=0.00, real=0.00 secs] 
2016-09-24T00:37:29.512-0400: 20.578: [GC (GCLocker Initiated GC) [PSYoungGen: 143675K->73672K(175104K)] 360718K->291031K(699392K), 0.0075237 secs] [Times: user=0.11 sys=0.00, real=0.01 secs] 
2016-09-24T00:37:29.645-0400: 20.711: [GC (GCLocker Initiated GC) [PSYoungGen: 161736K->55419K(175104K)] 385273K->285258K(699392K), 0.0191011 secs] [Times: user=0.16 sys=0.00, real=0.02 secs] 
2016-09-24T00:37:29.805-0400: 20.871: [GC (GCLocker Initiated GC) [PSYoungGen: 143483K->73836K(175104K)] 379612K->328498K(699392K), 0.0090778 secs] [Times: user=0.11 sys=0.00, real=0.00 secs] 
2016-09-24T00:37:29.929-0400: 20.995: [GC (GCLocker Initiated GC) [PSYoungGen: 161900K->74228K(175104K)] 416702K->347358K(699392K), 0.0106982 secs] [Times: user=0.14 sys=0.00, real=0.01 secs] 
2016-09-24T00:37:30.058-0400: 21.124: [GC (GCLocker Initiated GC) [PSYoungGen: 162292K->85854K(175104K)] 435515K->426218K(699392K), 0.0113618 secs] [Times: user=0.14 sys=0.01, real=0.01 secs] 
2016-09-24T00:37:30.209-0400: 21.275: [GC (GCLocker Initiated GC) [PSYoungGen: 173918K->37290K(175104K)] 532795K->463112K(699392K), 0.0090950 secs] [Times: user=0.12 sys=0.00, real=0.01 secs] 
2016-09-24T00:37:30.346-0400: 21.412: [GC (Allocation Failure) [PSYoungGen: 125354K->73608K(175104K)] 551218K->530342K(699392K), 0.0096119 secs] [Times: user=0.13 sys=0.01, real=0.01 secs] 
2016-09-24T00:37:30.356-0400: 21.422: [Full GC (Ergonomics) [PSYoungGen: 73608K->0K(175104K)] [ParOldGen: 456734K->32879K(524288K)] 530342K->32879K(699392K), [Metaspace: 43764K->43764K(1087488K)], 0.0552640 secs] [Times: user=0.29 sys=0.01, real=0.05 secs] 
2016-09-24T00:37:30.510-0400: 21.576: [GC (GCLocker Initiated GC) [PSYoungGen: 86124K->86078K(175104K)] 125078K->131107K(699392K), 0.0110747 secs] [Times: user=0.14 sys=0.00, real=0.01 secs] 
2016-09-24T00:37:30.643-0400: 21.709: [GC (Allocation Failure) [PSYoungGen: 174142K->73708K(175104K)] 219269K->119366K(699392K), 0.0129741 secs] [Times: user=0.12 sys=0.01, real=0.01 secs] 
2016-09-24T00:37:30.756-0400: 21.822: [GC (GCLocker Initiated GC) [PSYoungGen: 157985K->55219K(175104K)] 209718K->107251K(699392K), 0.0106566 secs] [Times: user=0.10 sys=0.00, real=0.01 secs] 
2016-09-24T00:37:30.884-0400: 21.950: [GC (GCLocker Initiated GC) [PSYoungGen: 143283K->85954K(175104K)] 195403K->144292K(699392K), 0.0087690 secs] [Times: user=0.11 sys=0.00, real=0.00 secs] 
2016-09-24T00:37:31.037-0400: 22.103: [GC (GCLocker Initiated GC) [PSYoungGen: 174018K->55611K(175104K)] 244862K->144948K(699392K), 0.0077448 secs] [Times: user=0.08 sys=0.00, real=0.01 secs] 
2016-09-24T00:37:31.184-0400: 22.250: [GC (GCLocker Initiated GC) [PSYoungGen: 143675K->49667K(175104K)] 239308K->145600K(699392K), 0.0119985 secs] [Times: user=0.15 sys=0.00, real=0.01 secs] 
2016-09-24T00:37:31.311-0400: 22.377: [GC (Allocation Failure) [PSYoungGen: 137731K->73608K(175104K)] 239792K->200120K(699392K), 0.0151367 secs] [Times: user=0.17 sys=0.01, real=0.02 secs] 
2016-09-24T00:37:31.443-0400: 22.509: [GC (Allocation Failure) [PSYoungGen: 157895K->24816K(175104K)] 284407K->194128K(699392K), 0.0153397 secs] [Times: user=0.13 sys=0.00, real=0.01 secs] 
2016-09-24T00:37:31.602-0400: 22.668: [GC (GCLocker Initiated GC) [PSYoungGen: 109359K->36902K(175104K)] 284746K->212533K(699392K), 0.0275979 secs] [Times: user=0.36 sys=0.00, real=0.02 secs] 
2016-09-24T00:37:31.764-0400: 22.830: [GC (GCLocker Initiated GC) [PSYoungGen: 124966K->49280K(175104K)] 312968K->237557K(699392K), 0.0131002 secs] [Times: user=0.09 sys=0.00, real=0.01 secs] 
2016-09-24T00:37:31.913-0400: 22.980: [GC (GCLocker Initiated GC) [PSYoungGen: 137344K->61394K(175104K)] 325752K->280272K(699392K), 0.0212974 secs] [Times: user=0.21 sys=0.00, real=0.03 secs] 
2016-09-24T00:37:32.057-0400: 23.123: [GC (GCLocker Initiated GC) [PSYoungGen: 149458K->85758K(175104K)] 368401K->341270K(699392K), 0.0193529 secs] [Times: user=0.20 sys=0.00, real=0.02 secs] 
2016-09-24T00:37:32.184-0400: 23.250: [GC (GCLocker Initiated GC) [PSYoungGen: 173822K->43301K(175104K)] 429538K->365962K(699392K), 0.0207953 secs] [Times: user=0.25 sys=0.01, real=0.02 secs] 
2016-09-24T00:37:34.299-0400: 25.365: [GC (Allocation Failure) [PSYoungGen: 131365K->43397K(175104K)] 454235K->409044K(699392K), 0.0405130 secs] [Times: user=0.52 sys=0.01, real=0.04 secs] 
2016-09-24T00:37:34.441-0400: 25.507: [GC (GCLocker Initiated GC) [PSYoungGen: 127600K->85986K(175104K)] 499323K->500729K(699392K), 0.0125824 secs] [Times: user=0.19 sys=0.00, real=0.01 secs] 
2016-09-24T00:37:34.569-0400: 25.635: [GC (GCLocker Initiated GC) [PSYoungGen: 174050K->85986K(175104K)] 588807K->586116K(699392K), 0.0145523 secs] [Times: user=0.20 sys=0.02, real=0.02 secs] 
2016-09-24T00:37:34.583-0400: 25.649: [Full GC (Ergonomics) [PSYoungGen: 85986K->0K(175104K)] [ParOldGen: 500130K->45938K(524288K)] 586116K->45938K(699392K), [Metaspace: 43820K->43820K(1087488K)], 0.0597833 secs] [Times: user=0.40 sys=0.01, real=0.06 secs] 
2016-09-24T00:37:34.766-0400: 25.832: [GC (GCLocker Initiated GC) [PSYoungGen: 88064K->86150K(175104K)] 140265K->174801K(699392K), 0.0129277 secs] [Times: user=0.18 sys=0.00, real=0.01 secs] 
2016-09-24T00:37:34.910-0400: 25.976: [GC (GCLocker Initiated GC) [PSYoungGen: 174214K->61622K(175104K)] 263209K->242222K(699392K), 0.0137450 secs] [Times: user=0.19 sys=0.00, real=0.02 secs] 
2016-09-24T00:37:35.038-0400: 26.104: [GC (GCLocker Initiated GC) [PSYoungGen: 149686K->86118K(175104K)] 336498K->346302K(699392K), 0.0192841 secs] [Times: user=0.23 sys=0.00, real=0.02 secs] 
2016-09-24T00:37:35.166-0400: 26.232: [GC (Allocation Failure) [PSYoungGen: 174182K->67533K(175104K)] 440785K->395350K(699392K), 0.0104409 secs] [Times: user=0.13 sys=0.00, real=0.01 secs] 
2016-09-24T00:37:35.294-0400: 26.360: [GC (GCLocker Initiated GC) [PSYoungGen: 155597K->67501K(175104K)] 483415K->425969K(699392K), 0.0365308 secs] [Times: user=0.37 sys=0.00, real=0.04 secs] 
2016-09-24T00:37:35.443-0400: 26.509: [GC (GCLocker Initiated GC) [PSYoungGen: 155565K->85922K(175104K)] 520167K->523731K(699392K), 0.0351069 secs] [Times: user=0.43 sys=0.00, real=0.03 secs] 
2016-09-24T00:37:35.478-0400: 26.544: [Full GC (Ergonomics) [PSYoungGen: 85922K->0K(175104K)] [ParOldGen: 437809K->51417K(524288K)] 523731K->51417K(699392K), [Metaspace: 43832K->43832K(1087488K)], 0.0602454 secs] [Times: user=0.28 sys=0.02, real=0.06 secs] 
2016-09-24T00:37:35.700-0400: 26.767: [GC (GCLocker Initiated GC) [PSYoungGen: 88064K->86242K(175104K)] 151718K->162046K(699392K), 0.0108801 secs] [Times: user=0.12 sys=0.00, real=0.01 secs] 
2016-09-24T00:37:35.852-0400: 26.918: [GC (Allocation Failure) [PSYoungGen: 174306K->79519K(175104K)] 256350K->247176K(699392K), 0.0242936 secs] [Times: user=0.28 sys=0.00, real=0.03 secs] 
2016-09-24T00:37:35.966-0400: 27.032: [GC (GCLocker Initiated GC) [PSYoungGen: 163087K->55219K(175104K)] 336820K->320204K(699392K), 0.0140092 secs] [Times: user=0.15 sys=0.00, real=0.01 secs] 
2016-09-24T00:37:36.099-0400: 27.165: [GC (GCLocker Initiated GC) [PSYoungGen: 143283K->86086K(175104K)] 414463K->399951K(699392K), 0.0126903 secs] [Times: user=0.15 sys=0.01, real=0.01 secs] 
2016-09-24T00:37:36.221-0400: 27.287: [GC (GCLocker Initiated GC) [PSYoungGen: 174150K->67533K(175104K)] 488297K->473285K(699392K), 0.0132837 secs] [Times: user=0.17 sys=0.00, real=0.02 secs] 
2016-09-24T00:37:36.235-0400: 27.301: [Full GC (Ergonomics) [PSYoungGen: 67533K->0K(175104K)] [ParOldGen: 405752K->45653K(524288K)] 473285K->45653K(699392K), [Metaspace: 43832K->43832K(1087488K)], 0.0731899 secs] [Times: user=0.41 sys=0.02, real=0.07 secs] 
2016-09-24T00:37:36.429-0400: 27.495: [GC (GCLocker Initiated GC) [PSYoungGen: 88064K->86242K(175104K)] 146021K->174574K(699392K), 0.0122080 secs] [Times: user=0.14 sys=0.00, real=0.01 secs] 
2016-09-24T00:37:36.565-0400: 27.632: [GC (GCLocker Initiated GC) [PSYoungGen: 174306K->43233K(175104K)] 274919K->199092K(699392K), 0.0132007 secs] [Times: user=0.16 sys=0.00, real=0.01 secs] 
2016-09-24T00:37:36.702-0400: 27.768: [GC (GCLocker Initiated GC) [PSYoungGen: 131297K->61522K(175104K)] 299488K->260396K(699392K), 0.0142715 secs] [Times: user=0.16 sys=0.00, real=0.01 secs] 
2016-09-24T00:37:36.841-0400: 27.907: [GC (GCLocker Initiated GC) [PSYoungGen: 149586K->67601K(175104K)] 348787K->303527K(699392K), 0.0130296 secs] [Times: user=0.10 sys=0.00, real=0.02 secs] 
2016-09-24T00:37:36.981-0400: 28.047: [GC (GCLocker Initiated GC) [PSYoungGen: 155665K->73576K(175104K)] 397950K->370959K(699392K), 0.0275927 secs] [Times: user=0.29 sys=0.00, real=0.03 secs] 
2016-09-24T00:37:37.146-0400: 28.212: [GC (GCLocker Initiated GC) [PSYoungGen: 161640K->67765K(175104K)] 465375K->420212K(699392K), 0.0305386 secs] [Times: user=0.27 sys=0.01, real=0.03 secs] 
2016-09-24T00:37:37.286-0400: 28.352: [GC (GCLocker Initiated GC) [PSYoungGen: 155829K->79715K(175104K)] 514550K->487311K(699392K), 0.0316672 secs] [Times: user=0.37 sys=0.00, real=0.03 secs] 
2016-09-24T00:37:37.432-0400: 28.498: [GC (GCLocker Initiated GC) [PSYoungGen: 167779K->67597K(175104K)] 575451K->548313K(699392K), 0.0114211 secs] [Times: user=0.16 sys=0.01, real=0.02 secs] 
2016-09-24T00:37:37.443-0400: 28.509: [Full GC (Ergonomics) [PSYoungGen: 67597K->0K(175104K)] [ParOldGen: 480716K->51624K(524288K)] 548313K->51624K(699392K), [Metaspace: 43859K->43859K(1087488K)], 0.0573555 secs] [Times: user=0.28 sys=0.02, real=0.05 secs] 
2016-09-24T00:37:37.626-0400: 28.692: [GC (Allocation Failure) [PSYoungGen: 88064K->86242K(175104K)] 146068K->168546K(699392K), 0.0121927 secs] [Times: user=0.13 sys=0.01, real=0.01 secs] 
2016-09-24T00:37:37.768-0400: 28.834: [GC (GCLocker Initiated GC) [PSYoungGen: 170796K->85822K(175104K)] 259175K->217454K(699392K), 0.0335641 secs] [Times: user=0.40 sys=0.00, real=0.03 secs] 
2016-09-24T00:37:37.922-0400: 28.988: [GC (GCLocker Initiated GC) [PSYoungGen: 173886K->85954K(175104K)] 305811K->272706K(699392K), 0.0146105 secs] [Times: user=0.18 sys=0.00, real=0.02 secs] 
2016-09-24T00:37:38.057-0400: 29.123: [GC (GCLocker Initiated GC) [PSYoungGen: 174018K->61522K(175104K)] 373270K->333982K(699392K), 0.0131347 secs] [Times: user=0.18 sys=0.00, real=0.01 secs] 
2016-09-24T00:37:38.183-0400: 29.249: [GC (GCLocker Initiated GC) [PSYoungGen: 149586K->85822K(175104K)] 422222K->388985K(699392K), 0.0107930 secs] [Times: user=0.13 sys=0.00, real=0.00 secs] 
2016-09-24T00:37:38.307-0400: 29.373: [GC (GCLocker Initiated GC) [PSYoungGen: 173886K->86086K(175104K)] 477321K->444511K(699392K), 0.0125847 secs] [Times: user=0.17 sys=0.00, real=0.01 secs] 
2016-09-24T00:37:38.467-0400: 29.533: [GC (GCLocker Initiated GC) [PSYoungGen: 174150K->67597K(175104K)] 538894K->493546K(699392K), 0.0180523 secs] [Times: user=0.17 sys=0.00, real=0.02 secs] 
2016-09-24T00:37:38.614-0400: 29.680: [GC (GCLocker Initiated GC) [PSYoungGen: 155661K->61330K(175104K)] 581837K->548375K(699392K), 0.0223633 secs] [Times: user=0.23 sys=0.00, real=0.03 secs] 
2016-09-24T00:37:38.636-0400: 29.702: [Full GC (Ergonomics) [PSYoungGen: 61330K->0K(175104K)] [ParOldGen: 487045K->57909K(524288K)] 548375K->57909K(699392K), [Metaspace: 43869K->43869K(1087488K)], 0.0789985 secs] [Times: user=0.34 sys=0.02, real=0.08 secs] 
2016-09-24T00:37:38.835-0400: 29.902: [GC (GCLocker Initiated GC) [PSYoungGen: 88064K->86242K(175104K)] 146145K->180773K(699392K), 0.0201038 secs] [Times: user=0.26 sys=0.00, real=0.02 secs] 
2016-09-24T00:37:38.963-0400: 30.029: [GC (GCLocker Initiated GC) [PSYoungGen: 174306K->61426K(175104K)] 269108K->229996K(699392K), 0.0125938 secs] [Times: user=0.14 sys=0.00, real=0.01 secs] 
2016-09-24T00:37:39.106-0400: 30.172: [GC (GCLocker Initiated GC) [PSYoungGen: 149490K->55191K(175104K)] 336591K->266843K(699392K), 0.0186157 secs] [Times: user=0.19 sys=0.00, real=0.02 secs] 
2016-09-24T00:37:39.254-0400: 30.320: [GC (GCLocker Initiated GC) [PSYoungGen: 143255K->36998K(175104K)] 361282K->297833K(699392K), 0.0103556 secs] [Times: user=0.09 sys=0.00, real=0.02 secs] 
2016-09-24T00:37:39.373-0400: 30.439: [GC (GCLocker Initiated GC) [PSYoungGen: 125062K->79555K(175104K)] 392243K->389357K(699392K), 0.0212343 secs] [Times: user=0.23 sys=0.00, real=0.03 secs] 
2016-09-24T00:37:39.505-0400: 30.571: [GC (GCLocker Initiated GC) [PSYoungGen: 167619K->86018K(175104K)] 477536K->463100K(699392K), 0.0124789 secs] [Times: user=0.18 sys=0.00, real=0.01 secs] 
2016-09-24T00:37:39.671-0400: 30.737: [GC (GCLocker Initiated GC) [PSYoungGen: 174082K->73672K(175104K)] 557297K->554550K(699392K), 0.0246628 secs] [Times: user=0.29 sys=0.01, real=0.03 secs] 
2016-09-24T00:37:39.695-0400: 30.762: [Full GC (Ergonomics) [PSYoungGen: 73672K->0K(175104K)] [ParOldGen: 480878K->45593K(524288K)] 554550K->45593K(699392K), [Metaspace: 43884K->43884K(1087488K)], 0.0590747 secs] [Times: user=0.26 sys=0.03, real=0.06 secs] 
2016-09-24T00:37:39.880-0400: 30.946: [GC (GCLocker Initiated GC) [PSYoungGen: 88064K->86114K(175104K)] 133711K->174286K(699392K), 0.0116788 secs] [Times: user=0.13 sys=0.00, real=0.01 secs] 
2016-09-24T00:37:40.013-0400: 31.079: [GC (GCLocker Initiated GC) [PSYoungGen: 174178K->73836K(175104K)] 274537K->284116K(699392K), 0.0181998 secs] [Times: user=0.23 sys=0.01, real=0.02 secs] 
2016-09-24T00:37:40.132-0400: 31.198: [GC (GCLocker Initiated GC) [PSYoungGen: 161900K->61522K(175104K)] 372297K->363344K(699392K), 0.0137248 secs] [Times: user=0.19 sys=0.00, real=0.02 secs] 
2016-09-24T00:37:40.263-0400: 31.329: [GC (GCLocker Initiated GC) [PSYoungGen: 149586K->85986K(175104K)] 451606K->454990K(699392K), 0.0195725 secs] [Times: user=0.23 sys=0.01, real=0.02 secs] 
2016-09-24T00:37:40.412-0400: 31.478: [GC (Allocation Failure) [PSYoungGen: 174050K->49340K(175104K)] 549474K->498103K(699392K), 0.0110430 secs] [Times: user=0.13 sys=0.00, real=0.02 secs] 
2016-09-24T00:37:40.423-0400: 31.489: [Full GC (Ergonomics) [PSYoungGen: 49340K->0K(175104K)] [ParOldGen: 448763K->51869K(524288K)] 498103K->51869K(699392K), [Metaspace: 43889K->43889K(1087488K)], 0.0503678 secs] [Times: user=0.35 sys=0.01, real=0.04 secs] 
2016-09-24T00:37:40.609-0400: 31.675: [GC (Allocation Failure) [PSYoungGen: 83978K->74192K(175104K)] 135847K->126061K(699392K), 0.0118262 secs] [Times: user=0.16 sys=0.00, real=0.01 secs] 
2016-09-24T00:37:40.729-0400: 31.795: [GC (GCLocker Initiated GC) [PSYoungGen: 158590K->85626K(175104K)] 216534K->217042K(699392K), 0.0163220 secs] [Times: user=0.19 sys=0.00, real=0.02 secs] 
2016-09-24T00:37:40.854-0400: 31.920: [GC (GCLocker Initiated GC) [PSYoungGen: 173690K->85922K(175104K)] 305170K->272197K(699392K), 0.0156913 secs] [Times: user=0.14 sys=0.00, real=0.02 secs] 
2016-09-24T00:37:40.977-0400: 32.043: [GC (GCLocker Initiated GC) [PSYoungGen: 173986K->85822K(175104K)] 360380K->357918K(699392K), 0.0129678 secs] [Times: user=0.19 sys=0.00, real=0.01 secs] 
2016-09-24T00:37:41.097-0400: 32.163: [GC (GCLocker Initiated GC) [PSYoungGen: 173886K->73740K(175104K)] 446327K->413157K(699392K), 0.0135656 secs] [Times: user=0.16 sys=0.01, real=0.01 secs] 
2016-09-24T00:37:41.227-0400: 32.293: [GC (GCLocker Initiated GC) [PSYoungGen: 161804K->85594K(175104K)] 513391K->467856K(699392K), 0.0175092 secs] [Times: user=0.22 sys=0.00, real=0.02 secs] 
2016-09-24T00:37:41.355-0400: 32.421: [GC (GCLocker Initiated GC) [PSYoungGen: 173658K->85790K(175104K)] 555984K->516851K(699392K), 0.0326097 secs] [Times: user=0.37 sys=0.00, real=0.03 secs] 
2016-09-24T00:37:41.388-0400: 32.454: [Full GC (Ergonomics) [PSYoungGen: 85790K->0K(175104K)] [ParOldGen: 431061K->52291K(524288K)] 516851K->52291K(699392K), [Metaspace: 43895K->43895K(1087488K)], 0.0640243 secs] [Times: user=0.39 sys=0.01, real=0.06 secs] 
2016-09-24T00:37:41.573-0400: 32.639: [GC (GCLocker Initiated GC) [PSYoungGen: 88064K->86210K(175104K)] 140622K->163069K(699392K), 0.0173333 secs] [Times: user=0.19 sys=0.00, real=0.02 secs] 
2016-09-24T00:37:41.728-0400: 32.794: [GC (GCLocker Initiated GC) [PSYoungGen: 174274K->55419K(175104K)] 263554K->187748K(699392K), 0.0128940 secs] [Times: user=0.12 sys=0.00, real=0.01 secs] 
2016-09-24T00:37:41.884-0400: 32.950: [GC (Allocation Failure) [PSYoungGen: 143483K->55287K(175104K)] 288143K->261145K(699392K), 0.0188069 secs] [Times: user=0.20 sys=0.01, real=0.02 secs] 
2016-09-24T00:37:42.016-0400: 33.082: [GC (GCLocker Initiated GC) [PSYoungGen: 143351K->61490K(175104K)] 349214K->328239K(699392K), 0.0147547 secs] [Times: user=0.15 sys=0.00, real=0.01 secs] 
2016-09-24T00:37:42.147-0400: 33.213: [GC (GCLocker Initiated GC) [PSYoungGen: 149554K->73644K(175104K)] 416535K->371284K(699392K), 0.0248662 secs] [Times: user=0.22 sys=0.01, real=0.02 secs] 
2016-09-24T00:37:42.308-0400: 33.374: [GC (GCLocker Initiated GC) [PSYoungGen: 161708K->79715K(175104K)] 465565K->462839K(699392K), 0.0197681 secs] [Times: user=0.23 sys=0.00, real=0.02 secs] 
2016-09-24T00:37:42.451-0400: 33.517: [GC (Allocation Failure) [PSYoungGen: 167778K->85922K(175104K)] 551258K->512210K(699392K), 0.0210328 secs] [Times: user=0.22 sys=0.00, real=0.02 secs] 
2016-09-24T00:37:42.472-0400: 33.538: [Full GC (Ergonomics) [PSYoungGen: 85922K->0K(175104K)] [ParOldGen: 426288K->52303K(524288K)] 512210K->52303K(699392K), [Metaspace: 43924K->43924K(1087488K)], 0.0762747 secs] [Times: user=0.32 sys=0.01, real=0.08 secs] 
2016-09-24T00:37:42.677-0400: 33.743: [GC (Allocation Failure) [PSYoungGen: 87033K->85822K(175104K)] 139337K->144200K(699392K), 0.0096251 secs] [Times: user=0.14 sys=0.00, real=0.01 secs] 
2016-09-24T00:37:42.798-0400: 33.864: [GC (GCLocker Initiated GC) [PSYoungGen: 173886K->79683K(175104K)] 232269K->211462K(699392K), 0.0180652 secs] [Times: user=0.21 sys=0.02, real=0.02 secs] 
2016-09-24T00:37:42.940-0400: 34.006: [GC (GCLocker Initiated GC) [PSYoungGen: 167747K->85530K(175104K)] 299585K->278409K(699392K), 0.0562986 secs] [Times: user=0.61 sys=0.01, real=0.06 secs] 
2016-09-24T00:37:43.145-0400: 34.211: [GC (GCLocker Initiated GC) [PSYoungGen: 173594K->73836K(175104K)] 378901K->376510K(699392K), 0.0132903 secs] [Times: user=0.20 sys=0.01, real=0.01 secs] 
2016-09-24T00:37:43.315-0400: 34.381: [GC (GCLocker Initiated GC) [PSYoungGen: 161900K->61198K(175104K)] 470803K->425051K(699392K), 0.0152334 secs] [Times: user=0.14 sys=0.00, real=0.01 secs] 
2016-09-24T00:37:43.476-0400: 34.543: [GC (GCLocker Initiated GC) [PSYoungGen: 149262K->85530K(175104K)] 519203K->492025K(699392K), 0.0152112 secs] [Times: user=0.14 sys=0.03, real=0.01 secs] 
2016-09-24T00:37:43.608-0400: 34.674: [GC (GCLocker Initiated GC) [PSYoungGen: 173594K->85626K(175104K)] 580142K->577368K(699392K), 0.0165318 secs] [Times: user=0.20 sys=0.01, real=0.02 secs] 
2016-09-24T00:37:43.624-0400: 34.690: [Full GC (Ergonomics) [PSYoungGen: 85626K->0K(175104K)] [ParOldGen: 491742K->46116K(524288K)] 577368K->46116K(699392K), [Metaspace: 43945K->43945K(1087488K)], 0.0594996 secs] [Times: user=0.35 sys=0.02, real=0.06 secs] 
2016-09-24T00:37:43.790-0400: 34.856: [GC (GCLocker Initiated GC) [PSYoungGen: 88064K->86662K(175104K)] 134340K->169388K(699392K), 0.0195116 secs] [Times: user=0.18 sys=0.05, real=0.02 secs] 
2016-09-24T00:37:43.936-0400: 35.003: [GC (GCLocker Initiated GC) [PSYoungGen: 174726K->73836K(175104K)] 276021K->242964K(699392K), 0.0189191 secs] [Times: user=0.26 sys=0.01, real=0.02 secs] 
2016-09-24T00:37:44.055-0400: 35.121: [GC (GCLocker Initiated GC) [PSYoungGen: 161899K->85758K(175104K)] 331394K->279844K(699392K), 0.0125796 secs] [Times: user=0.13 sys=0.01, real=0.01 secs] 
2016-09-24T00:37:44.180-0400: 35.246: [GC (Allocation Failure) [PSYoungGen: 173822K->67797K(175104K)] 380402K->310923K(699392K), 0.0275098 secs] [Times: user=0.30 sys=0.00, real=0.03 secs] 
2016-09-24T00:37:44.315-0400: 35.381: [GC (GCLocker Initiated GC) [PSYoungGen: 155861K->85726K(175104K)] 398987K->383975K(699392K), 0.0247744 secs] [Times: user=0.28 sys=0.01, real=0.02 secs] 
2016-09-24T00:37:44.457-0400: 35.523: [GC (GCLocker Initiated GC) [PSYoungGen: 173790K->61490K(175104K)] 484438K->426949K(699392K), 0.0121708 secs] [Times: user=0.14 sys=0.02, real=0.01 secs] 
2016-09-24T00:37:44.606-0400: 35.672: [GC (GCLocker Initiated GC) [PSYoungGen: 149554K->55383K(175104K)] 527368K->469931K(699392K), 0.0154897 secs] [Times: user=0.16 sys=0.01, real=0.01 secs] 
2016-09-24T00:37:44.756-0400: 35.822: [GC (GCLocker Initiated GC) [PSYoungGen: 143447K->67469K(175104K)] 564218K->524973K(699392K), 0.0264201 secs] [Times: user=0.29 sys=0.00, real=0.03 secs] 
2016-09-24T00:37:44.782-0400: 35.848: [Full GC (Ergonomics) [PSYoungGen: 67469K->0K(175104K)] [ParOldGen: 457504K->45875K(524288K)] 524973K->45875K(699392K), [Metaspace: 43947K->43947K(1087488K)], 0.0712936 secs] [Times: user=0.30 sys=0.01, real=0.06 secs] 
2016-09-24T00:37:44.964-0400: 36.030: [GC (GCLocker Initiated GC) [PSYoungGen: 88064K->86110K(175104K)] 140117K->168539K(699392K), 0.0183785 secs] [Times: user=0.21 sys=0.00, real=0.01 secs] 
2016-09-24T00:37:45.093-0400: 36.159: [GC (GCLocker Initiated GC) [PSYoungGen: 174174K->85790K(175104K)] 262838K->272233K(699392K), 0.0202726 secs] [Times: user=0.24 sys=0.01, real=0.02 secs] 
2016-09-24T00:37:45.232-0400: 36.298: [GC (GCLocker Initiated GC) [PSYoungGen: 173854K->55287K(175104K)] 360590K->315207K(699392K), 0.0126833 secs] [Times: user=0.14 sys=0.01, real=0.02 secs] 
2016-09-24T00:37:45.387-0400: 36.453: [GC (GCLocker Initiated GC) [PSYoungGen: 143351K->67697K(175104K)] 409371K->370467K(699392K), 0.0165160 secs] [Times: user=0.16 sys=0.01, real=0.02 secs] 
2016-09-24T00:37:45.531-0400: 36.597: [GC (GCLocker Initiated GC) [PSYoungGen: 155761K->85758K(175104K)] 458695K->437600K(699392K), 0.0123006 secs] [Times: user=0.16 sys=0.01, real=0.02 secs] 
2016-09-24T00:37:45.631-0400: 36.697: [GC (GCLocker Initiated GC) [PSYoungGen: 173822K->79715K(175104K)] 525728K->516815K(699392K), 0.0163691 secs] [Times: user=0.19 sys=0.01, real=0.02 secs] 
2016-09-24T00:37:45.648-0400: 36.714: [Full GC (Ergonomics) [PSYoungGen: 79715K->0K(175104K)] [ParOldGen: 437100K->58382K(524288K)] 516815K->58382K(699392K), [Metaspace: 43953K->43953K(1087488K)], 0.0613982 secs] [Times: user=0.30 sys=0.02, real=0.06 secs] 
2016-09-24T00:37:45.820-0400: 36.886: [GC (GCLocker Initiated GC) [PSYoungGen: 88064K->86342K(175104K)] 146672K->169251K(699392K), 0.0126389 secs] [Times: user=0.14 sys=0.00, real=0.01 secs] 
2016-09-24T00:37:45.950-0400: 37.016: [GC (GCLocker Initiated GC) [PSYoungGen: 174406K->55319K(175104K)] 257676K->194279K(699392K), 0.0133559 secs] [Times: user=0.13 sys=0.01, real=0.02 secs] 
2016-09-24T00:37:46.097-0400: 37.163: [GC (GCLocker Initiated GC) [PSYoungGen: 143383K->85858K(175104K)] 294759K->280067K(699392K), 0.0157175 secs] [Times: user=0.19 sys=0.00, real=0.01 secs] 
2016-09-24T00:37:46.230-0400: 37.296: [GC (GCLocker Initiated GC) [PSYoungGen: 173922K->61358K(175104K)] 368262K->328921K(699392K), 0.0133976 secs] [Times: user=0.20 sys=0.00, real=0.02 secs] 
2016-09-24T00:37:46.349-0400: 37.415: [GC (GCLocker Initiated GC) [PSYoungGen: 149422K->85922K(175104K)] 423131K->456975K(699392K), 0.0186795 secs] [Times: user=0.21 sys=0.02, real=0.02 secs] 
2016-09-24T00:37:46.490-0400: 37.556: [GC (GCLocker Initiated GC) [PSYoungGen: 173986K->73580K(175104K)] 545317K->475741K(699392K), 0.0456081 secs] [Times: user=0.49 sys=0.00, real=0.05 secs] 
2016-09-24T00:37:46.668-0400: 37.734: [GC (Allocation Failure) [PSYoungGen: 161644K->79651K(175104K)] 570129K->561328K(699392K), 0.0169569 secs] [Times: user=0.16 sys=0.01, real=0.02 secs] 
2016-09-24T00:37:46.685-0400: 37.751: [Full GC (Ergonomics) [PSYoungGen: 79651K->0K(175104K)] [ParOldGen: 481676K->52306K(524288K)] 561328K->52306K(699392K), [Metaspace: 43962K->43962K(1087488K)], 0.0671358 secs] [Times: user=0.51 sys=0.00, real=0.06 secs] 
2016-09-24T00:37:46.863-0400: 37.929: [GC (GCLocker Initiated GC) [PSYoungGen: 88062K->86046K(175104K)] 140374K->162658K(699392K), 0.0105374 secs] [Times: user=0.14 sys=0.01, real=0.00 secs] 
2016-09-24T00:37:46.987-0400: 38.053: [GC (GCLocker Initiated GC) [PSYoungGen: 174110K->85954K(175104K)] 250893K->224206K(699392K), 0.0142579 secs] [Times: user=0.16 sys=0.00, real=0.01 secs] 
2016-09-24T00:37:47.125-0400: 38.191: [GC (GCLocker Initiated GC) [PSYoungGen: 174018K->67369K(175104K)] 312272K->260762K(699392K), 0.0103071 secs] [Times: user=0.14 sys=0.00, real=0.01 secs] 
2016-09-24T00:37:47.239-0400: 38.306: [GC (GCLocker Initiated GC) [PSYoungGen: 155433K->85790K(175104K)] 348912K->327997K(699392K), 0.0161821 secs] [Times: user=0.17 sys=0.00, real=0.02 secs] 
2016-09-24T00:37:47.367-0400: 38.433: [GC (GCLocker Initiated GC) [PSYoungGen: 173854K->67601K(175104K)] 416198K->346678K(699392K), 0.0132347 secs] [Times: user=0.13 sys=0.01, real=0.01 secs] 
2016-09-24T00:37:47.505-0400: 38.572: [GC (GCLocker Initiated GC) [PSYoungGen: 155665K->85726K(175104K)] 440965K->419926K(699392K), 0.0273317 secs] [Times: user=0.24 sys=0.00, real=0.02 secs] 
2016-09-24T00:37:47.650-0400: 38.716: [GC (GCLocker Initiated GC) [PSYoungGen: 173790K->61494K(175104K)] 508267K->444839K(699392K), 0.0185795 secs] [Times: user=0.17 sys=0.00, real=0.02 secs] 
2016-09-24T00:37:47.789-0400: 38.855: [GC (GCLocker Initiated GC) [PSYoungGen: 149558K->67437K(175104K)] 533198K->512110K(699392K), 0.0122262 secs] [Times: user=0.11 sys=0.01, real=0.01 secs] 
2016-09-24T00:37:47.801-0400: 38.867: [Full GC (Ergonomics) [PSYoungGen: 67437K->0K(175104K)] [ParOldGen: 444673K->46247K(524288K)] 512110K->46247K(699392K), [Metaspace: 43968K->43968K(1087488K)], 0.0769417 secs] [Times: user=0.41 sys=0.01, real=0.08 secs] 
2016-09-24T00:37:47.995-0400: 39.061: [GC (GCLocker Initiated GC) [PSYoungGen: 88064K->85790K(175104K)] 140510K->162545K(699392K), 0.0262511 secs] [Times: user=0.31 sys=0.00, real=0.02 secs] 
2016-09-24T00:37:48.125-0400: 39.191: [GC (GCLocker Initiated GC) [PSYoungGen: 173854K->85986K(175104K)] 250981K->193795K(699392K), 0.0176345 secs] [Times: user=0.20 sys=0.01, real=0.02 secs] 
2016-09-24T00:37:48.265-0400: 39.331: [GC (GCLocker Initiated GC) [PSYoungGen: 174050K->79523K(175104K)] 281867K->224214K(699392K), 0.0231373 secs] [Times: user=0.24 sys=0.00, real=0.02 secs] 
2016-09-24T00:37:48.403-0400: 39.469: [GC (GCLocker Initiated GC) [PSYoungGen: 167587K->67565K(175104K)] 312387K->279474K(699392K), 0.0301901 secs] [Times: user=0.29 sys=0.01, real=0.02 secs] 
2016-09-24T00:37:48.552-0400: 39.618: [GC (GCLocker Initiated GC) [PSYoungGen: 155629K->73708K(175104K)] 367669K->358800K(699392K), 0.0126547 secs] [Times: user=0.13 sys=0.00, real=0.02 secs] 
2016-09-24T00:37:48.681-0400: 39.747: [GC (GCLocker Initiated GC) [PSYoungGen: 161772K->73348K(175104K)] 446989K->413640K(699392K), 0.0197864 secs] [Times: user=0.19 sys=0.00, real=0.02 secs] 
2016-09-24T00:37:48.810-0400: 39.876: [GC (GCLocker Initiated GC) [PSYoungGen: 161412K->85598K(175104K)] 501712K->474666K(699392K), 0.0291961 secs] [Times: user=0.35 sys=0.01, real=0.03 secs] 
2016-09-24T00:37:48.960-0400: 40.026: [GC (GCLocker Initiated GC) [PSYoungGen: 173662K->85822K(175104K)] 562816K->560514K(699392K), 0.0176299 secs] [Times: user=0.22 sys=0.00, real=0.02 secs] 
2016-09-24T00:37:48.977-0400: 40.043: [Full GC (Ergonomics) [PSYoungGen: 85822K->0K(175104K)] [ParOldGen: 474691K->52406K(524288K)] 560514K->52406K(699392K), [Metaspace: 43996K->43996K(1087488K)], 0.0647521 secs] [Times: user=0.37 sys=0.02, real=0.07 secs] 
2016-09-24T00:37:49.169-0400: 40.235: [GC (GCLocker Initiated GC) [PSYoungGen: 88064K->86014K(175104K)] 140480K->168806K(699392K), 0.0126158 secs] [Times: user=0.17 sys=0.00, real=0.01 secs] 
2016-09-24T00:37:49.292-0400: 40.358: [GC (GCLocker Initiated GC) [PSYoungGen: 174078K->73672K(175104K)] 257045K->217944K(699392K), 0.0133875 secs] [Times: user=0.16 sys=0.00, real=0.02 secs] 
2016-09-24T00:37:49.418-0400: 40.484: [GC (GCLocker Initiated GC) [PSYoungGen: 161736K->85790K(175104K)] 306065K->284930K(699392K), 0.0160310 secs] [Times: user=0.20 sys=0.01, real=0.02 secs] 
2016-09-24T00:37:49.557-0400: 40.624: [GC (GCLocker Initiated GC) [PSYoungGen: 173854K->67373K(175104K)] 379149K->327471K(699392K), 0.0242180 secs] [Times: user=0.23 sys=0.00, real=0.02 secs] 
2016-09-24T00:37:49.690-0400: 40.756: [GC (GCLocker Initiated GC) [PSYoungGen: 155437K->86086K(175104K)] 415722K->419547K(699392K), 0.0221481 secs] [Times: user=0.22 sys=0.00, real=0.02 secs] 
2016-09-24T00:37:49.838-0400: 40.904: [GC (GCLocker Initiated GC) [PSYoungGen: 174150K->79619K(175104K)] 513724K->492548K(699392K), 0.0144220 secs] [Times: user=0.16 sys=0.01, real=0.01 secs] 
2016-09-24T00:37:50.011-0400: 41.077: [GC (GCLocker Initiated GC) [PSYoungGen: 167683K->61266K(175104K)] 587459K->560285K(699392K), 0.0331910 secs] [Times: user=0.36 sys=0.00, real=0.04 secs] 
2016-09-24T00:37:50.044-0400: 41.110: [Full GC (Ergonomics) [PSYoungGen: 61266K->0K(175104K)] [ParOldGen: 499019K->46665K(524288K)] 560285K->46665K(699392K), [Metaspace: 44001K->44001K(1087488K)], 0.0612701 secs] [Times: user=0.41 sys=0.01, real=0.06 secs] 
2016-09-24T00:37:50.235-0400: 41.301: [GC (GCLocker Initiated GC) [PSYoungGen: 88064K->85434K(175104K)] 134888K->138341K(699392K), 0.0110294 secs] [Times: user=0.12 sys=0.00, real=0.01 secs] 
2016-09-24T00:37:50.348-0400: 41.414: [GC (GCLocker Initiated GC) [PSYoungGen: 173498K->55191K(175104K)] 226592K->163056K(699392K), 0.0336253 secs] [Times: user=0.27 sys=0.00, real=0.03 secs] 
2016-09-24T00:37:50.477-0400: 41.543: [GC (GCLocker Initiated GC) [PSYoungGen: 143255K->67597K(175104K)] 251218K->248776K(699392K), 0.0264106 secs] [Times: user=0.26 sys=0.01, real=0.03 secs] 
2016-09-24T00:37:50.612-0400: 41.678: [GC (GCLocker Initiated GC) [PSYoungGen: 155661K->86018K(175104K)] 342957K->364622K(699392K), 0.0183382 secs] [Times: user=0.23 sys=0.00, real=0.02 secs] 
2016-09-24T00:37:50.737-0400: 41.803: [GC (GCLocker Initiated GC) [PSYoungGen: 174082K->67597K(175104K)] 452957K->419680K(699392K), 0.0199446 secs] [Times: user=0.28 sys=0.00, real=0.02 secs] 
2016-09-24T00:37:50.858-0400: 41.924: [GC (GCLocker Initiated GC) [PSYoungGen: 155661K->86018K(175104K)] 520048K->499157K(699392K), 0.0103620 secs] [Times: user=0.16 sys=0.00, real=0.01 secs] 
2016-09-24T00:37:50.974-0400: 42.040: [GC (GCLocker Initiated GC) [PSYoungGen: 174082K->49180K(175104K)] 587342K->560111K(699392K), 0.0141653 secs] [Times: user=0.16 sys=0.01, real=0.02 secs] 
2016-09-24T00:37:50.988-0400: 42.054: [Full GC (Ergonomics) [PSYoungGen: 49180K->0K(175104K)] [ParOldGen: 510931K->52799K(524288K)] 560111K->52799K(699392K), [Metaspace: 44028K->44028K(1087488K)], 0.0509253 secs] [Times: user=0.40 sys=0.00, real=0.05 secs] 
2016-09-24T00:37:51.151-0400: 42.217: [GC (GCLocker Initiated GC) [PSYoungGen: 88064K->86078K(175104K)] 141073K->163387K(699392K), 0.0098058 secs] [Times: user=0.09 sys=0.00, real=0.01 secs] 
2016-09-24T00:37:51.261-0400: 42.327: [GC (GCLocker Initiated GC) [PSYoungGen: 174142K->85922K(175104K)] 251802K->218844K(699392K), 0.0260382 secs] [Times: user=0.33 sys=0.00, real=0.03 secs] 
2016-09-24T00:37:51.408-0400: 42.474: [GC (GCLocker Initiated GC) [PSYoungGen: 173986K->85658K(175104K)] 313115K->292092K(699392K), 0.0158983 secs] [Times: user=0.24 sys=0.00, real=0.02 secs] 
2016-09-24T00:37:52.827-0400: 43.893: [GC (GCLocker Initiated GC) [PSYoungGen: 173722K->67501K(175104K)] 380192K->316623K(699392K), 0.0255952 secs] [Times: user=0.26 sys=0.00, real=0.02 secs] 
2016-09-24T00:37:52.964-0400: 44.030: [GC (Allocation Failure) [PSYoungGen: 155565K->85822K(175104K)] 411112K->408494K(699392K), 0.0120369 secs] [Times: user=0.16 sys=0.00, real=0.01 secs] 
2016-09-24T00:37:53.110-0400: 44.176: [GC (GCLocker Initiated GC) [PSYoungGen: 173886K->73608K(175104K)] 496563K->451244K(699392K), 0.0191529 secs] [Times: user=0.20 sys=0.00, real=0.02 secs] 
2016-09-24T00:37:53.238-0400: 44.304: [GC (GCLocker Initiated GC) [PSYoungGen: 161672K->61394K(175104K)] 539585K->524453K(699392K), 0.0219421 secs] [Times: user=0.24 sys=0.00, real=0.02 secs] 
2016-09-24T00:37:53.260-0400: 44.326: [Full GC (Ergonomics) [PSYoungGen: 61394K->0K(175104K)] [ParOldGen: 463058K->64654K(524288K)] 524453K->64654K(699392K), [Metaspace: 44048K->44048K(1087488K)], 0.0667898 secs] [Times: user=0.48 sys=0.01, real=0.07 secs] 
2016-09-24T00:37:53.471-0400: 44.537: [GC (GCLocker Initiated GC) [PSYoungGen: 88064K->86506K(175104K)] 153085K->157602K(699392K), 0.0111579 secs] [Times: user=0.13 sys=0.00, real=0.02 secs] 
2016-09-24T00:37:53.588-0400: 44.654: [GC (Allocation Failure) [PSYoungGen: 174570K->73612K(175104K)] 245798K->200203K(699392K), 0.0349697 secs] [Times: user=0.40 sys=0.01, real=0.04 secs] 
2016-09-24T00:37:53.624-0400: 44.690: [GC (GCLocker Initiated GC) [PSYoungGen: 73631K->160K(175104K)] 200222K->218534K(699392K), 0.0112052 secs] [Times: user=0.11 sys=0.00, real=0.01 secs] 
2016-09-24T00:37:53.741-0400: 44.807: [GC (GCLocker Initiated GC) [PSYoungGen: 88224K->79811K(175104K)] 306604K->298207K(699392K), 0.0228633 secs] [Times: user=0.25 sys=0.00, real=0.03 secs] 
2016-09-24T00:37:53.878-0400: 44.944: [GC (Allocation Failure) [PSYoungGen: 167875K->85790K(175104K)] 386571K->384024K(699392K), 0.0156510 secs] [Times: user=0.22 sys=0.00, real=0.01 secs] 
2016-09-24T00:37:54.022-0400: 45.088: [GC (GCLocker Initiated GC) [PSYoungGen: 168972K->85790K(175104K)] 473282K->475457K(699392K), 0.0155592 secs] [Times: user=0.22 sys=0.00, real=0.02 secs] 
2016-09-24T00:37:54.178-0400: 45.245: [GC (GCLocker Initiated GC) [PSYoungGen: 173854K->85694K(175104K)] 569677K->554716K(699392K), 0.0252196 secs] [Times: user=0.31 sys=0.00, real=0.03 secs] 
2016-09-24T00:37:54.204-0400: 45.270: [Full GC (Ergonomics) [PSYoungGen: 85694K->0K(175104K)] [ParOldGen: 469022K->58892K(524288K)] 554716K->58892K(699392K), [Metaspace: 44092K->44092K(1087488K)], 0.0622662 secs] [Times: user=0.41 sys=0.00, real=0.06 secs] 
2016-09-24T00:37:54.381-0400: 45.447: [GC (GCLocker Initiated GC) [PSYoungGen: 88064K->86406K(175104K)] 159411K->163828K(699392K), 0.0113176 secs] [Times: user=0.17 sys=0.00, real=0.01 secs] 
2016-09-24T00:37:54.497-0400: 45.563: [GC (GCLocker Initiated GC) [PSYoungGen: 174470K->85954K(175104K)] 251922K->219144K(699392K), 0.0121395 secs] [Times: user=0.18 sys=0.00, real=0.01 secs] 
2016-09-24T00:37:54.624-0400: 45.690: [GC (GCLocker Initiated GC) [PSYoungGen: 174018K->79587K(175104K)] 307258K->273853K(699392K), 0.0229950 secs] [Times: user=0.26 sys=0.00, real=0.02 secs] 
2016-09-24T00:37:54.789-0400: 45.855: [GC (GCLocker Initiated GC) [PSYoungGen: 167651K->73512K(175104K)] 368129K->328785K(699392K), 0.0118691 secs] [Times: user=0.12 sys=0.00, real=0.01 secs] 
2016-09-24T00:37:54.914-0400: 45.980: [GC (GCLocker Initiated GC) [PSYoungGen: 161576K->73316K(175104K)] 416885K->383583K(699392K), 0.0174589 secs] [Times: user=0.18 sys=0.00, real=0.01 secs] 
2016-09-24T00:37:55.047-0400: 46.113: [GC (GCLocker Initiated GC) [PSYoungGen: 161380K->55451K(175104K)] 472020K->420886K(699392K), 0.0187239 secs] [Times: user=0.15 sys=0.01, real=0.02 secs] 
2016-09-24T00:37:55.182-0400: 46.248: [GC (GCLocker Initiated GC) [PSYoungGen: 143515K->86150K(175104K)] 515253K->537194K(699392K), 0.0140775 secs] [Times: user=0.20 sys=0.00, real=0.02 secs] 
2016-09-24T00:37:55.196-0400: 46.262: [Full GC (Ergonomics) [PSYoungGen: 86150K->0K(175104K)] [ParOldGen: 451044K->51621K(524288K)] 537194K->51621K(699392K), [Metaspace: 44096K->44096K(1087488K)], 0.1301596 secs] [Times: user=1.04 sys=0.05, real=0.13 secs] 
2016-09-24T00:37:55.452-0400: 46.518: [GC (GCLocker Initiated GC) [PSYoungGen: 88064K->85986K(175104K)] 146115K->168337K(699392K), 0.0096236 secs] [Times: user=0.15 sys=0.00, real=0.01 secs] 
2016-09-24T00:37:55.573-0400: 46.639: [GC (GCLocker Initiated GC) [PSYoungGen: 174050K->61718K(175104K)] 262485K->205299K(699392K), 0.0112078 secs] [Times: user=0.15 sys=0.00, real=0.02 secs] 
2016-09-24T00:37:55.697-0400: 46.763: [GC (GCLocker Initiated GC) [PSYoungGen: 149782K->79911K(175104K)] 299569K->284885K(699392K), 0.0107540 secs] [Times: user=0.16 sys=0.00, real=0.01 secs] 
2016-09-24T00:37:55.818-0400: 46.884: [GC (GCLocker Initiated GC) [PSYoungGen: 167975K->79619K(175104K)] 379066K->339758K(699392K), 0.0203608 secs] [Times: user=0.20 sys=0.00, real=0.02 secs] 
2016-09-24T00:37:55.966-0400: 47.032: [GC (GCLocker Initiated GC) [PSYoungGen: 167683K->61398K(175104K)] 428138K->352331K(699392K), 0.0178302 secs] [Times: user=0.18 sys=0.00, real=0.02 secs] 
2016-09-24T00:37:56.141-0400: 47.207: [GC (GCLocker Initiated GC) [PSYoungGen: 149462K->79651K(175104K)] 440750K->432137K(699392K), 0.0210900 secs] [Times: user=0.22 sys=0.00, real=0.03 secs] 
2016-09-24T00:37:56.287-0400: 47.353: [GC (Allocation Failure) [PSYoungGen: 167715K->73576K(175104K)] 520405K->474985K(699392K), 0.0124134 secs] [Times: user=0.12 sys=0.00, real=0.01 secs] 
2016-09-24T00:37:56.419-0400: 47.485: [GC (GCLocker Initiated GC) [PSYoungGen: 161640K->73612K(175104K)] 563055K->554098K(699392K), 0.0359207 secs] [Times: user=0.38 sys=0.01, real=0.04 secs] 
2016-09-24T00:37:56.455-0400: 47.522: [Full GC (Ergonomics) [PSYoungGen: 73612K->0K(175104K)] [ParOldGen: 480486K->45833K(524288K)] 554098K->45833K(699392K), [Metaspace: 44105K->44105K(1087488K)], 0.0603331 secs] [Times: user=0.25 sys=0.02, real=0.06 secs] 
2016-09-24T00:37:56.633-0400: 47.699: [GC (Allocation Failure) [PSYoungGen: 88064K->85886K(175104K)] 146200K->144031K(699392K), 0.0215051 secs] [Times: user=0.22 sys=0.00, real=0.03 secs] 
2016-09-24T00:37:56.787-0400: 47.853: [GC (Allocation Failure) [PSYoungGen: 173950K->79883K(175104K)] 232095K->217542K(699392K), 0.0165866 secs] [Times: user=0.13 sys=0.00, real=0.02 secs] 
2016-09-24T00:37:56.922-0400: 47.988: [GC (GCLocker Initiated GC) [PSYoungGen: 167947K->61234K(175104K)] 305612K->223442K(699392K), 0.0378694 secs] [Times: user=0.37 sys=0.00, real=0.03 secs] 
2016-09-24T00:37:57.104-0400: 48.170: [GC (GCLocker Initiated GC) [PSYoungGen: 149298K->67505K(175104K)] 317942K->284829K(699392K), 0.0234780 secs] [Times: user=0.21 sys=0.00, real=0.02 secs] 
2016-09-24T00:37:57.245-0400: 48.311: [GC (GCLocker Initiated GC) [PSYoungGen: 155569K->55255K(175104K)] 373254K->327874K(699392K), 0.0122353 secs] [Times: user=0.11 sys=0.00, real=0.01 secs] 
2016-09-24T00:37:57.404-0400: 48.470: [GC (GCLocker Initiated GC) [PSYoungGen: 143319K->85726K(175104K)] 422206K->431558K(699392K), 0.0237619 secs] [Times: user=0.25 sys=0.00, real=0.02 secs] 
2016-09-24T00:37:57.546-0400: 48.612: [GC (Allocation Failure) [PSYoungGen: 173790K->85754K(175104K)] 519687K->498587K(699392K), 0.0125109 secs] [Times: user=0.14 sys=0.01, real=0.01 secs] 
2016-09-24T00:37:57.664-0400: 48.730: [GC (GCLocker Initiated GC) [PSYoungGen: 173818K->61690K(175104K)] 586652K->547552K(699392K), 0.0112329 secs] [Times: user=0.11 sys=0.01, real=0.01 secs] 
2016-09-24T00:37:57.676-0400: 48.742: [Full GC (Ergonomics) [PSYoungGen: 61690K->0K(175104K)] [ParOldGen: 485862K->51811K(524288K)] 547552K->51811K(699392K), [Metaspace: 44161K->44161K(1087488K)], 0.0571629 secs] [Times: user=0.33 sys=0.01, real=0.05 secs] 
2016-09-24T00:37:57.834-0400: 48.900: [GC (GCLocker Initiated GC) [PSYoungGen: 88064K->86402K(175104K)] 152095K->156508K(699392K), 0.0099179 secs] [Times: user=0.09 sys=0.00, real=0.01 secs] 
2016-09-24T00:37:57.939-0400: 49.005: [GC (GCLocker Initiated GC) [PSYoungGen: 174466K->85986K(175104K)] 244945K->218174K(699392K), 0.0147860 secs] [Times: user=0.15 sys=0.00, real=0.01 secs] 
2016-09-24T00:37:58.071-0400: 49.137: [GC (Allocation Failure) [PSYoungGen: 174050K->85854K(175104K)] 312663K->285345K(699392K), 0.0122492 secs] [Times: user=0.14 sys=0.00, real=0.02 secs] 
2016-09-24T00:37:58.204-0400: 49.270: [GC (GCLocker Initiated GC) [PSYoungGen: 169814K->43169K(175104K)] 375380K->309589K(699392K), 0.0122462 secs] [Times: user=0.11 sys=0.00, real=0.01 secs] 
2016-09-24T00:37:58.315-0400: 49.381: [GC (GCLocker Initiated GC) [PSYoungGen: 131233K->85598K(175104K)] 397740K->394741K(699392K), 0.0299686 secs] [Times: user=0.32 sys=0.00, real=0.03 secs] 
2016-09-24T00:37:58.462-0400: 49.528: [GC (Allocation Failure) [PSYoungGen: 173662K->55383K(175104K)] 495115K->437869K(699392K), 0.0300939 secs] [Times: user=0.38 sys=0.01, real=0.03 secs] 
2016-09-24T00:37:58.594-0400: 49.660: [GC (GCLocker Initiated GC) [PSYoungGen: 143447K->85854K(175104K)] 526062K->541693K(699392K), 0.0120432 secs] [Times: user=0.19 sys=0.00, real=0.02 secs] 
2016-09-24T00:37:58.606-0400: 49.672: [Full GC (Ergonomics) [PSYoungGen: 85854K->0K(175104K)] [ParOldGen: 455839K->51948K(524288K)] 541693K->51948K(699392K), [Metaspace: 44161K->44161K(1087488K)], 0.0570877 secs] [Times: user=0.40 sys=0.02, real=0.06 secs] 
2016-09-24T00:37:58.771-0400: 49.837: [GC (GCLocker Initiated GC) [PSYoungGen: 88064K->86178K(175104K)] 146448K->150637K(699392K), 0.0126976 secs] [Times: user=0.16 sys=0.00, real=0.02 secs] 
2016-09-24T00:37:58.928-0400: 49.994: [GC (Allocation Failure) [PSYoungGen: 174242K->85854K(175104K)] 238793K->193657K(699392K), 0.0119383 secs] [Times: user=0.17 sys=0.01, real=0.01 secs] 
2016-09-24T00:37:59.045-0400: 50.111: [GC (GCLocker Initiated GC) [PSYoungGen: 173308K->86150K(175104K)] 287187K->248920K(699392K), 0.0165593 secs] [Times: user=0.20 sys=0.01, real=0.01 secs] 
2016-09-24T00:37:59.184-0400: 50.250: [GC (Allocation Failure) [PSYoungGen: 174214K->43137K(175104K)] 337283K->261173K(699392K), 0.0234985 secs] [Times: user=0.25 sys=0.00, real=0.02 secs] 
2016-09-24T00:37:59.316-0400: 50.382: [GC (GCLocker Initiated GC) [PSYoungGen: 125567K->61558K(175104K)] 349678K->334372K(699392K), 0.0150674 secs] [Times: user=0.17 sys=0.00, real=0.01 secs] 
2016-09-24T00:37:59.430-0400: 50.496: [GC (GCLocker Initiated GC) [PSYoungGen: 149622K->55091K(175104K)] 422653K->389140K(699392K), 0.0218154 secs] [Times: user=0.24 sys=0.00, real=0.02 secs] 
2016-09-24T00:37:59.565-0400: 50.631: [GC (GCLocker Initiated GC) [PSYoungGen: 143155K->85890K(175104K)] 483438K->487050K(699392K), 0.0222915 secs] [Times: user=0.25 sys=0.02, real=0.02 secs] 
2016-09-24T00:37:59.744-0400: 50.810: [GC (GCLocker Initiated GC) [PSYoungGen: 173954K->55387K(175104K)] 593638K->524103K(699392K), 0.0414947 secs] [Times: user=0.45 sys=0.00, real=0.04 secs] 
2016-09-24T00:37:59.785-0400: 50.851: [Full GC (Ergonomics) [PSYoungGen: 55387K->0K(175104K)] [ParOldGen: 468716K->45731K(524288K)] 524103K->45731K(699392K), [Metaspace: 44161K->44161K(1087488K)], 0.0552680 secs] [Times: user=0.41 sys=0.00, real=0.05 secs] 
2016-09-24T00:37:59.970-0400: 51.037: [GC (GCLocker Initiated GC) [PSYoungGen: 88064K->85822K(175104K)] 140236K->162295K(699392K), 0.0113412 secs] [Times: user=0.16 sys=0.00, real=0.01 secs] 
2016-09-24T00:38:00.105-0400: 51.171: [GC (GCLocker Initiated GC) [PSYoungGen: 173886K->67597K(175104K)] 256604K->187245K(699392K), 0.0098269 secs] [Times: user=0.12 sys=0.00, real=0.01 secs] 
2016-09-24T00:38:00.221-0400: 51.287: [GC (GCLocker Initiated GC) [PSYoungGen: 155661K->67729K(175104K)] 281599K->224153K(699392K), 0.0233559 secs] [Times: user=0.24 sys=0.01, real=0.03 secs] 
2016-09-24T00:38:00.363-0400: 51.429: [GC (Allocation Failure) [PSYoungGen: 155793K->36934K(175104K)] 318322K->236189K(699392K), 0.0206250 secs] [Times: user=0.24 sys=0.00, real=0.02 secs] 
2016-09-24T00:38:00.501-0400: 51.567: [GC (GCLocker Initiated GC) [PSYoungGen: 124998K->73544K(175104K)] 324258K->297224K(699392K), 0.0155516 secs] [Times: user=0.15 sys=0.00, real=0.02 secs] 
2016-09-24T00:38:00.635-0400: 51.701: [GC (GCLocker Initiated GC) [PSYoungGen: 161608K->85530K(175104K)] 385459K->315731K(699392K), 0.0216749 secs] [Times: user=0.24 sys=0.00, real=0.02 secs] 
2016-09-24T00:38:00.750-0400: 51.816: [GC (GCLocker Initiated GC) [PSYoungGen: 173594K->79651K(175104K)] 403893K->358654K(699392K), 0.0178206 secs] [Times: user=0.19 sys=0.01, real=0.02 secs] 
2016-09-24T00:38:00.874-0400: 51.940: [GC (GCLocker Initiated GC) [PSYoungGen: 167715K->43133K(175104K)] 446900K->383360K(699392K), 0.0129035 secs] [Times: user=0.11 sys=0.00, real=0.01 secs] 
2016-09-24T00:38:01.010-0400: 52.076: [GC (GCLocker Initiated GC) [PSYoungGen: 131197K->73776K(175104K)] 471589K->432512K(699392K), 0.0224457 secs] [Times: user=0.24 sys=0.00, real=0.02 secs] 
2016-09-24T00:38:01.159-0400: 52.226: [GC (Allocation Failure) [PSYoungGen: 161840K->42941K(175104K)] 526973K->426566K(699392K), 0.0183351 secs] [Times: user=0.18 sys=0.00, real=0.02 secs] 
2016-09-24T00:38:01.296-0400: 52.362: [GC (GCLocker Initiated GC) [PSYoungGen: 131005K->79555K(175104K)] 514636K->463297K(699392K), 0.0104125 secs] [Times: user=0.09 sys=0.00, real=0.01 secs] 
2016-09-24T00:38:01.450-0400: 52.516: [GC (GCLocker Initiated GC) [PSYoungGen: 167619K->73508K(175104K)] 557640K->482022K(699392K), 0.0112120 secs] [Times: user=0.12 sys=0.01, real=0.01 secs] 
2016-09-24T00:38:01.578-0400: 52.645: [GC (Allocation Failure) [PSYoungGen: 161572K->36902K(175104K)] 570363K->445789K(699392K), 0.0137897 secs] [Times: user=0.13 sys=0.00, real=0.01 secs] 
2016-09-24T00:38:01.710-0400: 52.776: [GC (GCLocker Initiated GC) [PSYoungGen: 124966K->61590K(175104K)] 533864K->489005K(699392K), 0.0094544 secs] [Times: user=0.10 sys=0.00, real=0.01 secs] 
2016-09-24T00:38:01.865-0400: 52.931: [GC (GCLocker Initiated GC) [PSYoungGen: 149654K->73348K(175104K)] 577205K->519227K(699392K), 0.0183762 secs] [Times: user=0.17 sys=0.00, real=0.02 secs] 
2016-09-24T00:38:02.009-0400: 53.075: [GC (GCLocker Initiated GC) [PSYoungGen: 161412K->73772K(175104K)] 607429K->519916K(699392K), 0.0107489 secs] [Times: user=0.14 sys=0.00, real=0.01 secs] 
2016-09-24T00:38:02.108-0400: 53.174: [GC (GCLocker Initiated GC) [PSYoungGen: 161836K->85758K(175104K)] 608039K->562807K(699392K), 0.0198715 secs] [Times: user=0.22 sys=0.00, real=0.02 secs] 
2016-09-24T00:38:02.128-0400: 53.194: [Full GC (Ergonomics) [PSYoungGen: 85758K->0K(175104K)] [ParOldGen: 477049K->58235K(524288K)] 562807K->58235K(699392K), [Metaspace: 44161K->44161K(1087488K)], 0.0584807 secs] [Times: user=0.39 sys=0.00, real=0.06 secs] 
2016-09-24T00:38:02.303-0400: 53.369: [GC (GCLocker Initiated GC) [PSYoungGen: 88064K->80295K(175104K)] 152433K->144664K(699392K), 0.0085318 secs] [Times: user=0.08 sys=0.00, real=0.00 secs] 
2016-09-24T00:38:02.456-0400: 53.522: [GC (GCLocker Initiated GC) [PSYoungGen: 168359K->55251K(175104K)] 238962K->175773K(699392K), 0.0123880 secs] [Times: user=0.14 sys=0.00, real=0.01 secs] 
2016-09-24T00:38:02.608-0400: 53.674: [GC (GCLocker Initiated GC) [PSYoungGen: 143315K->79487K(175104K)] 276080K->212355K(699392K), 0.0103860 secs] [Times: user=0.10 sys=0.01, real=0.01 secs] 
2016-09-24T00:38:02.735-0400: 53.801: [GC (GCLocker Initiated GC) [PSYoungGen: 167551K->31019K(175104K)] 300775K->219038K(699392K), 0.0207474 secs] [Times: user=0.19 sys=0.00, real=0.02 secs] 
2016-09-24T00:38:02.878-0400: 53.944: [GC (GCLocker Initiated GC) [PSYoungGen: 119083K->61202K(175104K)] 307138K->273808K(699392K), 0.0218236 secs] [Times: user=0.19 sys=0.01, real=0.02 secs] 
2016-09-24T00:38:03.013-0400: 54.079: [GC (GCLocker Initiated GC) [PSYoungGen: 149266K->43169K(175104K)] 374345K->298899K(699392K), 0.0192288 secs] [Times: user=0.16 sys=0.00, real=0.02 secs] 
2016-09-24T00:38:03.156-0400: 54.222: [GC (GCLocker Initiated GC) [PSYoungGen: 131233K->73448K(175104K)] 387008K->329514K(699392K), 0.0161247 secs] [Times: user=0.17 sys=0.00, real=0.01 secs] 
2016-09-24T00:38:03.284-0400: 54.350: [GC (GCLocker Initiated GC) [PSYoungGen: 161512K->55255K(175104K)] 423762K->342048K(699392K), 0.0220938 secs] [Times: user=0.21 sys=0.00, real=0.02 secs] 
2016-09-24T00:38:03.428-0400: 54.494: [GC (GCLocker Initiated GC) [PSYoungGen: 143319K->67537K(175104K)] 430172K->372726K(699392K), 0.0247724 secs] [Times: user=0.23 sys=0.00, real=0.02 secs] 
2016-09-24T00:38:03.567-0400: 54.633: [GC (Allocation Failure) [PSYoungGen: 155601K->55191K(175104K)] 460983K->409604K(699392K), 0.0165605 secs] [Times: user=0.16 sys=0.01, real=0.02 secs] 
2016-09-24T00:38:03.702-0400: 54.768: [GC (GCLocker Initiated GC) [PSYoungGen: 138114K->55647K(175104K)] 498603K->465011K(699392K), 0.0309355 secs] [Times: user=0.35 sys=0.00, real=0.02 secs] 
2016-09-24T00:38:03.865-0400: 54.931: [GC (GCLocker Initiated GC) [PSYoungGen: 143711K->73448K(175104K)] 559404K->501559K(699392K), 0.0085504 secs] [Times: user=0.08 sys=0.01, real=0.00 secs] 
2016-09-24T00:38:04.000-0400: 55.066: [GC (GCLocker Initiated GC) [PSYoungGen: 161512K->43205K(175104K)] 589731K->489729K(699392K), 0.0119856 secs] [Times: user=0.11 sys=0.00, real=0.01 secs] 
2016-09-24T00:38:04.106-0400: 55.172: [GC (Allocation Failure) [PSYoungGen: 131269K->79491K(175104K)] 578143K->544857K(699392K), 0.0109605 secs] [Times: user=0.09 sys=0.00, real=0.01 secs] 
2016-09-24T00:38:04.117-0400: 55.184: [Full GC (Ergonomics) [PSYoungGen: 79491K->0K(175104K)] [ParOldGen: 465366K->52349K(524288K)] 544857K->52349K(699392K), [Metaspace: 44161K->44161K(1087488K)], 0.0512495 secs] [Times: user=0.31 sys=0.00, real=0.05 secs] 
2016-09-24T00:38:04.293-0400: 55.359: [GC (GCLocker Initiated GC) [PSYoungGen: 85826K->73804K(175104K)] 144250K->132228K(699392K), 0.0128794 secs] [Times: user=0.19 sys=0.00, real=0.02 secs] 
2016-09-24T00:38:04.447-0400: 55.513: [GC (GCLocker Initiated GC) [PSYoungGen: 161868K->73640K(175104K)] 226515K->156960K(699392K), 0.0149839 secs] [Times: user=0.18 sys=0.00, real=0.01 secs] 
2016-09-24T00:38:04.578-0400: 55.644: [GC (GCLocker Initiated GC) [PSYoungGen: 161704K->85530K(175104K)] 245077K->223901K(699392K), 0.0119307 secs] [Times: user=0.18 sys=0.00, real=0.01 secs] 
2016-09-24T00:38:04.693-0400: 55.760: [GC (GCLocker Initiated GC) [PSYoungGen: 173594K->55611K(175104K)] 324427K->261270K(699392K), 0.0107016 secs] [Times: user=0.15 sys=0.00, real=0.02 secs] 
2016-09-24T00:38:04.854-0400: 55.920: [GC (Allocation Failure) [PSYoungGen: 143675K->73316K(175104K)] 349578K->297883K(699392K), 0.0103269 secs] [Times: user=0.10 sys=0.00, real=0.01 secs] 
2016-09-24T00:38:05.002-0400: 56.068: [GC (GCLocker Initiated GC) [PSYoungGen: 158820K->55059K(175104K)] 389462K->304029K(699392K), 0.0075179 secs] [Times: user=0.07 sys=0.00, real=0.00 secs] 
2016-09-24T00:38:05.109-0400: 56.175: [GC (GCLocker Initiated GC) [PSYoungGen: 143123K->85922K(175104K)] 398239K->371541K(699392K), 0.0111525 secs] [Times: user=0.10 sys=0.01, real=0.01 secs] 
2016-09-24T00:38:05.234-0400: 56.300: [GC (GCLocker Initiated GC) [PSYoungGen: 173986K->85662K(175104K)] 459675K->444542K(699392K), 0.0213343 secs] [Times: user=0.22 sys=0.00, real=0.02 secs] 
2016-09-24T00:38:05.376-0400: 56.442: [GC (GCLocker Initiated GC) [PSYoungGen: 173726K->43137K(175104K)] 538863K->438916K(699392K), 0.0219602 secs] [Times: user=0.24 sys=0.00, real=0.02 secs] 
2016-09-24T00:38:05.520-0400: 56.586: [GC (Allocation Failure) [PSYoungGen: 131201K->55387K(175104K)] 533299K->457596K(699392K), 0.0213086 secs] [Times: user=0.24 sys=0.00, real=0.02 secs] 
2016-09-24T00:38:05.684-0400: 56.750: [GC (GCLocker Initiated GC) [PSYoungGen: 141838K->31086K(175104K)] 550123K->458012K(699392K), 0.0116852 secs] [Times: user=0.14 sys=0.01, real=0.01 secs] 
2016-09-24T00:38:05.824-0400: 56.890: [GC (GCLocker Initiated GC) [PSYoungGen: 119150K->79587K(175104K)] 552350K->513217K(699392K), 0.0351611 secs] [Times: user=0.41 sys=0.01, real=0.03 secs] 
2016-09-24T00:38:05.989-0400: 57.055: [Full GC (Ergonomics) [PSYoungGen: 167651K->0K(175104K)] [ParOldGen: 452199K->46291K(524288K)] 619850K->46291K(699392K), [Metaspace: 44167K->44167K(1087488K)], 0.0598842 secs] [Times: user=0.43 sys=0.00, real=0.06 secs] 
2016-09-24T00:38:06.159-0400: 57.225: [GC (GCLocker Initiated GC) [PSYoungGen: 88064K->85758K(175104K)] 134637K->132331K(699392K), 0.0262865 secs] [Times: user=0.35 sys=0.01, real=0.03 secs] 
2016-09-24T00:38:06.298-0400: 57.364: [GC (GCLocker Initiated GC) [PSYoungGen: 173822K->37453K(175104K)] 232704K->133070K(699392K), 0.0090619 secs] [Times: user=0.10 sys=0.00, real=0.01 secs] 
2016-09-24T00:38:06.452-0400: 57.518: [GC (GCLocker Initiated GC) [PSYoungGen: 125517K->43009K(175104K)] 233538K->163430K(699392K), 0.0235414 secs] [Times: user=0.23 sys=0.00, real=0.03 secs] 
2016-09-24T00:38:06.647-0400: 57.713: [GC (Allocation Failure) [PSYoungGen: 131073K->61198K(175104K)] 257802K->188030K(699392K), 0.0090399 secs] [Times: user=0.08 sys=0.00, real=0.01 secs] 
2016-09-24T00:38:06.797-0400: 57.863: [GC (GCLocker Initiated GC) [PSYoungGen: 149262K->36966K(175104K)] 276110K->194292K(699392K), 0.0162207 secs] [Times: user=0.19 sys=0.00, real=0.01 secs] 
2016-09-24T00:38:06.900-0400: 57.966: [GC (GCLocker Initiated GC) [PSYoungGen: 125030K->79651K(175104K)] 288513K->243237K(699392K), 0.0148412 secs] [Times: user=0.18 sys=0.00, real=0.02 secs] 
2016-09-24T00:38:07.034-0400: 58.100: [GC (GCLocker Initiated GC) [PSYoungGen: 167715K->86250K(175104K)] 331405K->274695K(699392K), 0.0161476 secs] [Times: user=0.18 sys=0.01, real=0.01 secs] 
2016-09-24T00:38:07.159-0400: 58.226: [GC (Allocation Failure) [PSYoungGen: 174314K->67601K(175104K)] 363070K->293254K(699392K), 0.0293805 secs] [Times: user=0.34 sys=0.01, real=0.03 secs] 
2016-09-24T00:38:07.283-0400: 58.349: [GC (GCLocker Initiated GC) [PSYoungGen: 152070K->73640K(175104K)] 383799K->348193K(699392K), 0.0134042 secs] [Times: user=0.19 sys=0.00, real=0.01 secs] 
2016-09-24T00:38:07.402-0400: 58.468: [GC (GCLocker Initiated GC) [PSYoungGen: 161704K->49116K(175104K)] 442435K->348332K(699392K), 0.0074166 secs] [Times: user=0.06 sys=0.00, real=0.01 secs] 
2016-09-24T00:38:07.512-0400: 58.578: [GC (GCLocker Initiated GC) [PSYoungGen: 137180K->73804K(175104K)] 436567K->391543K(699392K), 0.0228802 secs] [Times: user=0.26 sys=0.00, real=0.03 secs] 
2016-09-24T00:38:07.673-0400: 58.739: [GC (GCLocker Initiated GC) [PSYoungGen: 161868K->48888K(175104K)] 479723K->385367K(699392K), 0.0099994 secs] [Times: user=0.06 sys=0.00, real=0.02 secs] 
2016-09-24T00:38:07.789-0400: 58.855: [GC (GCLocker Initiated GC) [PSYoungGen: 136952K->85922K(175104K)] 473518K->452991K(699392K), 0.0173065 secs] [Times: user=0.17 sys=0.01, real=0.02 secs] 
2016-09-24T00:38:07.902-0400: 58.968: [GC (GCLocker Initiated GC) [PSYoungGen: 173986K->73804K(175104K)] 541371K->502230K(699392K), 0.0126923 secs] [Times: user=0.13 sys=0.01, real=0.02 secs] 
2016-09-24T00:38:08.040-0400: 59.106: [GC (Allocation Failure) [PSYoungGen: 161868K->61526K(175104K)] 590499K->508665K(699392K), 0.0178500 secs] [Times: user=0.20 sys=0.00, real=0.02 secs] 
2016-09-24T00:38:08.157-0400: 59.223: [GC (GCLocker Initiated GC) [PSYoungGen: 149590K->55447K(175104K)] 596729K->539524K(699392K), 0.0092138 secs] [Times: user=0.10 sys=0.00, real=0.01 secs] 
2016-09-24T00:38:08.167-0400: 59.233: [Full GC (Ergonomics) [PSYoungGen: 55447K->0K(175104K)] [ParOldGen: 484076K->40086K(524288K)] 539524K->40086K(699392K), [Metaspace: 44173K->44173K(1087488K)], 0.0475805 secs] [Times: user=0.23 sys=0.01, real=0.05 secs] 
2016-09-24T00:38:08.337-0400: 59.403: [GC (GCLocker Initiated GC) [PSYoungGen: 88064K->73704K(175104K)] 134301K->119941K(699392K), 0.0109316 secs] [Times: user=0.09 sys=0.01, real=0.01 secs] 
2016-09-24T00:38:08.461-0400: 59.527: [GC (GCLocker Initiated GC) [PSYoungGen: 161768K->67533K(175104K)] 208164K->163085K(699392K), 0.0112711 secs] [Times: user=0.13 sys=0.00, real=0.01 secs] 
2016-09-24T00:38:08.576-0400: 59.642: [GC (GCLocker Initiated GC) [PSYoungGen: 155597K->85790K(175104K)] 251297K->200022K(699392K), 0.0147273 secs] [Times: user=0.20 sys=0.01, real=0.01 secs] 
2016-09-24T00:38:08.688-0400: 59.754: [GC (GCLocker Initiated GC) [PSYoungGen: 173854K->74000K(175104K)] 294500K->255564K(699392K), 0.0137379 secs] [Times: user=0.17 sys=0.00, real=0.01 secs] 
2016-09-24T00:38:08.860-0400: 59.926: [GC (GCLocker Initiated GC) [PSYoungGen: 162064K->42813K(175104K)] 349739K->248980K(699392K), 0.0138867 secs] [Times: user=0.12 sys=0.00, real=0.02 secs] 
2016-09-24T00:38:09.014-0400: 60.080: [GC (GCLocker Initiated GC) [PSYoungGen: 130877K->43041K(175104K)] 349538K->286090K(699392K), 0.0141905 secs] [Times: user=0.13 sys=0.00, real=0.01 secs] 
2016-09-24T00:38:09.143-0400: 60.209: [GC (GCLocker Initiated GC) [PSYoungGen: 131105K->37066K(175104K)] 380298K->286322K(699392K), 0.0363113 secs] [Times: user=0.39 sys=0.00, real=0.03 secs] 
2016-09-24T00:38:09.317-0400: 60.383: [GC (Allocation Failure) [PSYoungGen: 125130K->43105K(175104K)] 374613K->311252K(699392K), 0.0149803 secs] [Times: user=0.15 sys=0.00, real=0.01 secs] 
2016-09-24T00:38:09.432-0400: 60.498: [GC (GCLocker Initiated GC) [PSYoungGen: 131169K->85726K(175104K)] 399322K->366124K(699392K), 0.0374876 secs] [Times: user=0.41 sys=0.00, real=0.04 secs] 
2016-09-24T00:38:09.620-0400: 60.686: [GC (GCLocker Initiated GC) [PSYoungGen: 173790K->55906K(175104K)] 454264K->391176K(699392K), 0.0237013 secs] [Times: user=0.28 sys=0.00, real=0.03 secs] 
2016-09-24T00:38:09.754-0400: 60.820: [GC (Allocation Failure) [PSYoungGen: 143970K->55415K(175104K)] 485502K->415634K(699392K), 0.0106572 secs] [Times: user=0.12 sys=0.00, real=0.02 secs] 
2016-09-24T00:38:09.889-0400: 60.955: [GC (GCLocker Initiated GC) [PSYoungGen: 143479K->61590K(175104K)] 503699K->440162K(699392K), 0.0227403 secs] [Times: user=0.25 sys=0.01, real=0.02 secs] 
2016-09-24T00:38:10.023-0400: 61.089: [GC (GCLocker Initiated GC) [PSYoungGen: 149654K->61330K(175104K)] 528279K->470762K(699392K), 0.0199788 secs] [Times: user=0.19 sys=0.01, real=0.02 secs] 
2016-09-24T00:38:10.130-0400: 61.196: [GC (GCLocker Initiated GC) [PSYoungGen: 149394K->79651K(175104K)] 565088K->519960K(699392K), 0.0221703 secs] [Times: user=0.22 sys=0.00, real=0.02 secs] 
2016-09-24T00:38:10.266-0400: 61.332: [GC (Allocation Failure) [PSYoungGen: 167715K->61722K(175104K)] 608245K->533074K(699392K), 0.0341185 secs] [Times: user=0.37 sys=0.01, real=0.03 secs] 
2016-09-24T00:38:10.300-0400: 61.366: [Full GC (Ergonomics) [PSYoungGen: 61722K->0K(175104K)] [ParOldGen: 471352K->53343K(524288K)] 533074K->53343K(699392K), [Metaspace: 44212K->44212K(1087488K)], 0.0500078 secs] [Times: user=0.33 sys=0.00, real=0.05 secs] 
2016-09-24T00:38:10.447-0400: 61.513: [GC (GCLocker Initiated GC) [PSYoungGen: 87316K->85658K(175104K)] 146735K->151151K(699392K), 0.0112377 secs] [Times: user=0.13 sys=0.01, real=0.01 secs] 
2016-09-24T00:38:10.559-0400: 61.625: [GC (Allocation Failure) [PSYoungGen: 173722K->73804K(175104K)] 245422K->218579K(699392K), 0.0133364 secs] [Times: user=0.19 sys=0.00, real=0.01 secs] 
2016-09-24T00:38:10.688-0400: 61.754: [GC (GCLocker Initiated GC) [PSYoungGen: 159039K->55283K(175104K)] 309889K->267347K(699392K), 0.0112676 secs] [Times: user=0.16 sys=0.00, real=0.01 secs] 
2016-09-24T00:38:10.812-0400: 61.878: [GC (GCLocker Initiated GC) [PSYoungGen: 143347K->85694K(175104K)] 355475K->316167K(699392K), 0.0096767 secs] [Times: user=0.11 sys=0.00, real=0.01 secs] 
2016-09-24T00:38:10.929-0400: 61.995: [GC (GCLocker Initiated GC) [PSYoungGen: 173758K->49344K(175104K)] 404317K->347019K(699392K), 0.0172323 secs] [Times: user=0.20 sys=0.00, real=0.02 secs] 
2016-09-24T00:38:11.060-0400: 62.126: [GC (GCLocker Initiated GC) [PSYoungGen: 137408K->85790K(175104K)] 441307K->432342K(699392K), 0.0119997 secs] [Times: user=0.13 sys=0.00, real=0.01 secs] 
2016-09-24T00:38:11.219-0400: 62.285: [GC (GCLocker Initiated GC) [PSYoungGen: 173854K->19004K(175104K)] 533142K->396613K(699392K), 0.0215994 secs] [Times: user=0.22 sys=0.00, real=0.02 secs] 
2016-09-24T00:38:11.340-0400: 62.406: [GC (GCLocker Initiated GC) [PSYoungGen: 107068K->85562K(175104K)] 484741K->463698K(699392K), 0.0140512 secs] [Times: user=0.14 sys=0.00, real=0.01 secs] 
2016-09-24T00:38:11.445-0400: 62.511: [GC (GCLocker Initiated GC) [PSYoungGen: 173626K->79815K(175104K)] 551916K->555440K(699392K), 0.0192190 secs] [Times: user=0.23 sys=0.00, real=0.02 secs] 
2016-09-24T00:38:11.465-0400: 62.531: [Full GC (Ergonomics) [PSYoungGen: 79815K->0K(175104K)] [ParOldGen: 475625K->52835K(524288K)] 555440K->52835K(699392K), [Metaspace: 44212K->44212K(1087488K)], 0.0505696 secs] [Times: user=0.30 sys=0.01, real=0.05 secs] 
2016-09-24T00:38:11.650-0400: 62.716: [GC (Allocation Failure) [PSYoungGen: 88064K->86014K(175104K)] 146993K->151019K(699392K), 0.0138414 secs] [Times: user=0.18 sys=0.01, real=0.02 secs] 
2016-09-24T00:38:11.802-0400: 62.868: [GC (GCLocker Initiated GC) [PSYoungGen: 168085K->37585K(175104K)] 239165K->182285K(699392K), 0.0123539 secs] [Times: user=0.14 sys=0.00, real=0.01 secs] 
2016-09-24T00:38:11.938-0400: 63.004: [GC (GCLocker Initiated GC) [PSYoungGen: 125649K->30759K(175104K)] 270487K->212306K(699392K), 0.0068012 secs] [Times: user=0.06 sys=0.00, real=0.01 secs] 
2016-09-24T00:38:12.049-0400: 63.115: [GC (GCLocker Initiated GC) [PSYoungGen: 118823K->85858K(175104K)] 300406K->328310K(699392K), 0.0260210 secs] [Times: user=0.32 sys=0.00, real=0.03 secs] 
2016-09-24T00:38:12.195-0400: 63.261: [GC (GCLocker Initiated GC) [PSYoungGen: 173922K->85790K(175104K)] 416444K->383623K(699392K), 0.0130528 secs] [Times: user=0.20 sys=0.00, real=0.01 secs] 
2016-09-24T00:38:12.325-0400: 63.391: [GC (GCLocker Initiated GC) [PSYoungGen: 173854K->61326K(175104K)] 477821K->432269K(699392K), 0.0117318 secs] [Times: user=0.17 sys=0.00, real=0.01 secs] 
2016-09-24T00:38:12.452-0400: 63.518: [GC (GCLocker Initiated GC) [PSYoungGen: 149390K->73644K(175104K)] 520358K->456857K(699392K), 0.0096780 secs] [Times: user=0.07 sys=0.00, real=0.01 secs] 
2016-09-24T00:38:12.604-0400: 63.670: [GC (GCLocker Initiated GC) [PSYoungGen: 161708K->55219K(175104K)] 551161K->481437K(699392K), 0.0121810 secs] [Times: user=0.15 sys=0.00, real=0.01 secs] 
2016-09-24T00:38:12.616-0400: 63.682: [Full GC (Ergonomics) [PSYoungGen: 55219K->0K(175104K)] [ParOldGen: 426218K->46597K(524288K)] 481437K->46597K(699392K), [Metaspace: 44222K->44222K(1087488K)], 0.0531486 secs] [Times: user=0.36 sys=0.01, real=0.05 secs] 
2016-09-24T00:38:12.785-0400: 63.851: [GC (GCLocker Initiated GC) [PSYoungGen: 88064K->86374K(175104K)] 141001K->139311K(699392K), 0.0089176 secs] [Times: user=0.09 sys=0.00, real=0.00 secs] 
2016-09-24T00:38:12.912-0400: 63.978: [GC (GCLocker Initiated GC) [PSYoungGen: 174438K->85658K(175104K)] 227451K->182079K(699392K), 0.0232707 secs] [Times: user=0.27 sys=0.01, real=0.03 secs] 
2016-09-24T00:38:13.058-0400: 64.124: [GC (GCLocker Initiated GC) [PSYoungGen: 173722K->67305K(175104K)] 270488K->194518K(699392K), 0.0169916 secs] [Times: user=0.18 sys=0.01, real=0.02 secs] 
2016-09-24T00:38:13.204-0400: 64.270: [GC (GCLocker Initiated GC) [PSYoungGen: 155369K->73872K(175104K)] 288772K->231710K(699392K), 0.0170312 secs] [Times: user=0.18 sys=0.00, real=0.01 secs] 
2016-09-24T00:38:13.337-0400: 64.403: [GC (GCLocker Initiated GC) [PSYoungGen: 161936K->61266K(175104K)] 319860K->225533K(699392K), 0.0210079 secs] [Times: user=0.20 sys=0.01, real=0.02 secs] 
2016-09-24T00:38:13.478-0400: 64.544: [GC (GCLocker Initiated GC) [PSYoungGen: 149330K->42909K(175104K)] 319837K->256225K(699392K), 0.0366891 secs] [Times: user=0.33 sys=0.00, real=0.04 secs] 
2016-09-24T00:38:13.620-0400: 64.686: [GC (GCLocker Initiated GC) [PSYoungGen: 130973K->55515K(175104K)] 344382K->305509K(699392K), 0.0145244 secs] [Times: user=0.17 sys=0.00, real=0.02 secs] 
2016-09-24T00:38:13.741-0400: 64.807: [GC (GCLocker Initiated GC) [PSYoungGen: 143579K->85662K(175104K)] 393906K->342644K(699392K), 0.0166204 secs] [Times: user=0.16 sys=0.00, real=0.02 secs] 
2016-09-24T00:38:13.892-0400: 64.958: [GC (Allocation Failure) [PSYoungGen: 173726K->49148K(175104K)] 430828K->367095K(699392K), 0.0392648 secs] [Times: user=0.40 sys=0.00, real=0.04 secs] 
2016-09-24T00:38:14.046-0400: 65.112: [GC (GCLocker Initiated GC) [PSYoungGen: 137212K->85854K(175104K)] 455165K->452535K(699392K), 0.0158472 secs] [Times: user=0.20 sys=0.01, real=0.01 secs] 
2016-09-24T00:38:14.186-0400: 65.252: [GC (Allocation Failure) [PSYoungGen: 173918K->55355K(175104K)] 540674K->440619K(699392K), 0.0083536 secs] [Times: user=0.08 sys=0.01, real=0.00 secs] 
2016-09-24T00:38:14.304-0400: 65.370: [GC (GCLocker Initiated GC) [PSYoungGen: 143419K->55123K(175104K)] 528684K->471195K(699392K), 0.0111008 secs] [Times: user=0.10 sys=0.00, real=0.01 secs] 
2016-09-24T00:38:14.458-0400: 65.524: [GC (GCLocker Initiated GC) [PSYoungGen: 143187K->55187K(175104K)] 571484K->501813K(699392K), 0.0156594 secs] [Times: user=0.16 sys=0.01, real=0.01 secs] 
2016-09-24T00:38:14.474-0400: 65.540: [Full GC (Ergonomics) [PSYoungGen: 55187K->0K(175104K)] [ParOldGen: 446625K->52811K(524288K)] 501813K->52811K(699392K), [Metaspace: 44268K->44268K(1087488K)], 0.0564456 secs] [Times: user=0.30 sys=0.00, real=0.06 secs] 
2016-09-24T00:38:14.639-0400: 65.705: [GC (GCLocker Initiated GC) [PSYoungGen: 88064K->86698K(175104K)] 141080K->139714K(699392K), 0.0101813 secs] [Times: user=0.11 sys=0.00, real=0.01 secs] 
2016-09-24T00:38:14.773-0400: 65.839: [GC (GCLocker Initiated GC) [PSYoungGen: 174762K->61102K(175104K)] 227820K->139403K(699392K), 0.0148621 secs] [Times: user=0.15 sys=0.01, real=0.02 secs] 
2016-09-24T00:38:14.887-0400: 65.953: [GC (GCLocker Initiated GC) [PSYoungGen: 149166K->55223K(175104K)] 233803K->170339K(699392K), 0.0261199 secs] [Times: user=0.26 sys=0.00, real=0.02 secs] 
2016-09-24T00:38:15.075-0400: 66.141: [GC (Allocation Failure) [PSYoungGen: 143284K->55223K(175104K)] 270895K->183101K(699392K), 0.0091465 secs] [Times: user=0.08 sys=0.00, real=0.01 secs] 
2016-09-24T00:38:15.202-0400: 66.268: [GC (GCLocker Initiated GC) [PSYoungGen: 141808K->73968K(175104K)] 275761K->226305K(699392K), 0.0165846 secs] [Times: user=0.19 sys=0.01, real=0.01 secs] 
2016-09-24T00:38:15.324-0400: 66.390: [GC (GCLocker Initiated GC) [PSYoungGen: 162032K->67341K(175104K)] 314388K->231943K(699392K), 0.0098443 secs] [Times: user=0.07 sys=0.00, real=0.00 secs] 
2016-09-24T00:38:15.467-0400: 66.533: [GC (GCLocker Initiated GC) [PSYoungGen: 155405K->43041K(175104K)] 326185K->268756K(699392K), 0.0328434 secs] [Times: user=0.38 sys=0.00, real=0.03 secs] 
2016-09-24T00:38:15.618-0400: 66.684: [GC (GCLocker Initiated GC) [PSYoungGen: 131105K->86018K(175104K)] 357074K->348745K(699392K), 0.0118775 secs] [Times: user=0.16 sys=0.00, real=0.01 secs] 
2016-09-24T00:38:15.755-0400: 66.821: [GC (GCLocker Initiated GC) [PSYoungGen: 174082K->55515K(175104K)] 442921K->361259K(699392K), 0.0105500 secs] [Times: user=0.13 sys=0.00, real=0.01 secs] 
2016-09-24T00:38:15.885-0400: 66.951: [GC (GCLocker Initiated GC) [PSYoungGen: 143579K->85954K(175104K)] 449517K->422371K(699392K), 0.0175992 secs] [Times: user=0.20 sys=0.01, real=0.02 secs] 
2016-09-24T00:38:16.038-0400: 67.104: [GC (GCLocker Initiated GC) [PSYoungGen: 174018K->30891K(175104K)] 510796K->404370K(699392K), 0.0093556 secs] [Times: user=0.07 sys=0.01, real=0.01 secs] 
2016-09-24T00:38:16.159-0400: 67.225: [GC (Allocation Failure) [PSYoungGen: 118955K->43333K(175104K)] 498662K->441385K(699392K), 0.0123292 secs] [Times: user=0.15 sys=0.00, real=0.01 secs] 
2016-09-24T00:38:16.281-0400: 67.347: [GC (GCLocker Initiated GC) [PSYoungGen: 131397K->73512K(175104K)] 529451K->514374K(699392K), 0.0168081 secs] [Times: user=0.20 sys=0.00, real=0.02 secs] 
2016-09-24T00:38:16.419-0400: 67.485: [GC (Allocation Failure) [PSYoungGen: 161576K->61330K(175104K)] 608813K->508826K(699392K), 0.0152719 secs] [Times: user=0.14 sys=0.01, real=0.02 secs] 
2016-09-24T00:38:16.553-0400: 67.619: [GC (GCLocker Initiated GC) [PSYoungGen: 149047K->37158K(175104K)] 602619K->509238K(699392K), 0.0101554 secs] [Times: user=0.14 sys=0.00, real=0.02 secs] 
2016-09-24T00:38:16.563-0400: 67.629: [Full GC (Ergonomics) [PSYoungGen: 37158K->0K(175104K)] [ParOldGen: 472080K->47270K(524288K)] 509238K->47270K(699392K), [Metaspace: 44291K->44291K(1087488K)], 0.0486786 secs] [Times: user=0.26 sys=0.00, real=0.04 secs] 
2016-09-24T00:38:16.721-0400: 67.787: [GC (GCLocker Initiated GC) [PSYoungGen: 88064K->73800K(175104K)] 141416K->127152K(699392K), 0.0095736 secs] [Times: user=0.09 sys=0.00, real=0.01 secs] 
2016-09-24T00:38:16.848-0400: 67.914: [GC (Allocation Failure) [PSYoungGen: 161864K->86054K(175104K)] 215443K->164652K(699392K), 0.0372159 secs] [Times: user=0.42 sys=0.01, real=0.04 secs] 
2016-09-24T00:38:16.886-0400: 67.952: [GC (GCLocker Initiated GC) [PSYoungGen: 86061K->96K(175104K)] 164660K->170501K(699392K), 0.0208072 secs] [Times: user=0.22 sys=0.00, real=0.02 secs] 
2016-09-24T00:38:17.044-0400: 68.110: [GC (Allocation Failure) [PSYoungGen: 84717K->73608K(175104K)] 255122K->244013K(699392K), 0.0074529 secs] [Times: user=0.08 sys=0.01, real=0.00 secs] 
2016-09-24T00:38:17.150-0400: 68.216: [GC (GCLocker Initiated GC) [PSYoungGen: 161672K->61458K(175104K)] 332077K->262562K(699392K), 0.0115693 secs] [Times: user=0.09 sys=0.00, real=0.01 secs] 
2016-09-24T00:38:17.284-0400: 68.350: [GC (GCLocker Initiated GC) [PSYoungGen: 149522K->85758K(175104K)] 350657K->317575K(699392K), 0.0097300 secs] [Times: user=0.12 sys=0.00, real=0.00 secs] 
2016-09-24T00:38:17.422-0400: 68.488: [GC (GCLocker Initiated GC) [PSYoungGen: 173822K->43397K(175104K)] 417948K->330307K(699392K), 0.0105714 secs] [Times: user=0.07 sys=0.00, real=0.00 secs] 
2016-09-24T00:38:17.565-0400: 68.631: [GC (GCLocker Initiated GC) [PSYoungGen: 131461K->36738K(175104K)] 424617K->330138K(699392K), 0.0064408 secs] [Times: user=0.04 sys=0.00, real=0.00 secs] 
2016-09-24T00:38:17.678-0400: 68.744: [GC (GCLocker Initiated GC) [PSYoungGen: 124802K->73480K(175104K)] 424515K->373272K(699392K), 0.0153793 secs] [Times: user=0.14 sys=0.00, real=0.01 secs] 
2016-09-24T00:38:17.833-0400: 68.899: [GC (GCLocker Initiated GC) [PSYoungGen: 161544K->85986K(175104K)] 461591K->404581K(699392K), 0.0106126 secs] [Times: user=0.12 sys=0.01, real=0.02 secs] 
2016-09-24T00:38:17.958-0400: 69.024: [GC (GCLocker Initiated GC) [PSYoungGen: 174050K->85694K(175104K)] 492681K->422702K(699392K), 0.0101198 secs] [Times: user=0.09 sys=0.01, real=0.01 secs] 
2016-09-24T00:38:18.078-0400: 69.144: [GC (Allocation Failure) [PSYoungGen: 173758K->30987K(175104K)] 511076K->453647K(699392K), 0.0220255 secs] [Times: user=0.23 sys=0.01, real=0.02 secs] 
2016-09-24T00:38:18.222-0400: 69.288: [GC (GCLocker Initiated GC) [PSYoungGen: 119051K->73836K(175104K)] 541717K->515018K(699392K), 0.0100417 secs] [Times: user=0.12 sys=0.00, real=0.01 secs] 
2016-09-24T00:38:18.346-0400: 69.412: [GC (GCLocker Initiated GC) [PSYoungGen: 161900K->79619K(175104K)] 603342K->539414K(699392K), 0.0097517 secs] [Times: user=0.08 sys=0.00, real=0.01 secs] 
2016-09-24T00:38:18.356-0400: 69.422: [Full GC (Ergonomics) [PSYoungGen: 79619K->0K(175104K)] [ParOldGen: 459795K->53380K(524288K)] 539414K->53380K(699392K), [Metaspace: 44301K->44301K(1087488K)], 0.0546185 secs] [Times: user=0.33 sys=0.01, real=0.05 secs] 
2016-09-24T00:38:18.525-0400: 69.591: [GC (GCLocker Initiated GC) [PSYoungGen: 88064K->55483K(175104K)] 147882K->115301K(699392K), 0.0093615 secs] [Times: user=0.11 sys=0.01, real=0.01 secs] 
2016-09-24T00:38:18.653-0400: 69.719: [GC (GCLocker Initiated GC) [PSYoungGen: 143547K->85790K(175104K)] 209538K->176365K(699392K), 0.0161129 secs] [Times: user=0.18 sys=0.00, real=0.02 secs] 
2016-09-24T00:38:18.808-0400: 69.874: [GC (GCLocker Initiated GC) [PSYoungGen: 173854K->49308K(175104K)] 264432K->188621K(699392K), 0.0092581 secs] [Times: user=0.11 sys=0.00, real=0.01 secs] 
2016-09-24T00:38:18.909-0400: 69.975: [GC (Allocation Failure) [PSYoungGen: 137372K->79683K(175104K)] 276951K->219537K(699392K), 0.0097602 secs] [Times: user=0.10 sys=0.01, real=0.01 secs] 
2016-09-24T00:38:19.067-0400: 70.133: [GC (GCLocker Initiated GC) [PSYoungGen: 167747K->49276K(175104K)] 307602K->244097K(699392K), 0.0170507 secs] [Times: user=0.16 sys=0.00, real=0.02 secs] 
2016-09-24T00:38:19.209-0400: 70.275: [GC (GCLocker Initiated GC) [PSYoungGen: 137340K->73612K(175104K)] 338312K->292897K(699392K), 0.0172653 secs] [Times: user=0.16 sys=0.00, real=0.02 secs] 
2016-09-24T00:38:19.349-0400: 70.415: [GC (GCLocker Initiated GC) [PSYoungGen: 161676K->61330K(175104K)] 381002K->311471K(699392K), 0.0081173 secs] [Times: user=0.08 sys=0.01, real=0.01 secs] 
2016-09-24T00:38:19.479-0400: 70.545: [GC (GCLocker Initiated GC) [PSYoungGen: 149394K->49312K(175104K)] 405836K->342300K(699392K), 0.0140168 secs] [Times: user=0.13 sys=0.00, real=0.01 secs] 
2016-09-24T00:38:19.631-0400: 70.697: [GC (GCLocker Initiated GC) [PSYoungGen: 137376K->49376K(175104K)] 430731K->361387K(699392K), 0.0307759 secs] [Times: user=0.31 sys=0.00, real=0.03 secs] 
2016-09-24T00:38:19.769-0400: 70.835: [GC (Allocation Failure) [PSYoungGen: 137440K->55515K(175104K)] 449756K->386160K(699392K), 0.0096380 secs] [Times: user=0.10 sys=0.00, real=0.01 secs] 
2016-09-24T00:38:19.886-0400: 70.952: [GC (GCLocker Initiated GC) [PSYoungGen: 138040K->61298K(175104K)] 474760K->416502K(699392K), 0.0197784 secs] [Times: user=0.23 sys=0.01, real=0.02 secs] 
2016-09-24T00:38:20.043-0400: 71.109: [GC (GCLocker Initiated GC) [PSYoungGen: 149362K->19000K(175104K)] 504673K->392632K(699392K), 0.0198557 secs] [Times: user=0.21 sys=0.01, real=0.02 secs] 
2016-09-24T00:38:20.138-0400: 71.204: [GC (GCLocker Initiated GC) [PSYoungGen: 107064K->79523K(175104K)] 480906K->465790K(699392K), 0.0316399 secs] [Times: user=0.28 sys=0.00, real=0.03 secs] 
2016-09-24T00:38:20.289-0400: 71.355: [GC (GCLocker Initiated GC) [PSYoungGen: 167587K->55615K(175104K)] 560017K->496928K(699392K), 0.0156873 secs] [Times: user=0.18 sys=0.00, real=0.02 secs] 
2016-09-24T00:38:20.452-0400: 71.518: [GC (GCLocker Initiated GC) [PSYoungGen: 143679K->49016K(175104K)] 597285K->551473K(699392K), 0.0110683 secs] [Times: user=0.08 sys=0.01, real=0.02 secs] 
2016-09-24T00:38:20.463-0400: 71.529: [Full GC (Ergonomics) [PSYoungGen: 49016K->0K(175104K)] [ParOldGen: 502457K->53298K(524288K)] 551473K->53298K(699392K), [Metaspace: 44305K->44305K(1087488K)], 0.0539789 secs] [Times: user=0.24 sys=0.01, real=0.05 secs] 
2016-09-24T00:38:20.642-0400: 71.708: [GC (GCLocker Initiated GC) [PSYoungGen: 88064K->86402K(175104K)] 147988K->152401K(699392K), 0.0127073 secs] [Times: user=0.14 sys=0.01, real=0.02 secs] 
2016-09-24T00:38:20.739-0400: 71.805: [GC (GCLocker Initiated GC) [PSYoungGen: 174466K->67369K(175104K)] 240552K->177112K(699392K), 0.0168043 secs] [Times: user=0.19 sys=0.00, real=0.02 secs] 
2016-09-24T00:38:20.859-0400: 71.925: [GC (Allocation Failure) [PSYoungGen: 155433K->49347K(175104K)] 265346K->207940K(699392K), 0.0094087 secs] [Times: user=0.05 sys=0.00, real=0.01 secs] 
2016-09-24T00:38:20.868-0400: 71.934: [GC (GCLocker Initiated GC) [PSYoungGen: 49357K->32K(175104K)] 207950K->256350K(699392K), 0.0148771 secs] [Times: user=0.14 sys=0.00, real=0.02 secs] 
2016-09-24T00:38:21.000-0400: 72.066: [GC (Allocation Failure) [PSYoungGen: 83340K->86146K(175104K)] 339659K->348540K(699392K), 0.0123945 secs] [Times: user=0.14 sys=0.01, real=0.01 secs] 
2016-09-24T00:38:21.099-0400: 72.165: [GC (GCLocker Initiated GC) [PSYoungGen: 171834K->74000K(175104K)] 440303K->367348K(699392K), 0.0190987 secs] [Times: user=0.20 sys=0.00, real=0.02 secs] 
2016-09-24T00:38:21.235-0400: 72.301: [GC (Allocation Failure) [PSYoungGen: 162062K->79491K(175104K)] 461835K->379500K(699392K), 0.0162033 secs] [Times: user=0.13 sys=0.00, real=0.01 secs] 
2016-09-24T00:38:21.365-0400: 72.431: [GC (GCLocker Initiated GC) [PSYoungGen: 163065K->43073K(175104K)] 469149K->385882K(699392K), 0.0147905 secs] [Times: user=0.15 sys=0.00, real=0.01 secs] 
2016-09-24T00:38:21.495-0400: 72.561: [GC (GCLocker Initiated GC) [PSYoungGen: 131137K->55842K(175104K)] 474234K->417268K(699392K), 0.0224970 secs] [Times: user=0.29 sys=0.00, real=0.02 secs] 
2016-09-24T00:38:21.627-0400: 72.693: [GC (GCLocker Initiated GC) [PSYoungGen: 143906K->73608K(175104K)] 505386K->435354K(699392K), 0.0220204 secs] [Times: user=0.26 sys=0.00, real=0.02 secs] 
2016-09-24T00:38:21.769-0400: 72.835: [GC (GCLocker Initiated GC) [PSYoungGen: 161672K->55579K(175104K)] 535767K->490551K(699392K), 0.0127934 secs] [Times: user=0.16 sys=0.00, real=0.01 secs] 
2016-09-24T00:38:21.782-0400: 72.848: [Full GC (Ergonomics) [PSYoungGen: 55579K->0K(175104K)] [ParOldGen: 434972K->46971K(524288K)] 490551K->46971K(699392K), [Metaspace: 44326K->44326K(1087488K)], 0.0490462 secs] [Times: user=0.28 sys=0.01, real=0.05 secs] 
2016-09-24T00:38:21.952-0400: 73.018: [GC (GCLocker Initiated GC) [PSYoungGen: 88064K->67469K(175104K)] 135346K->114751K(699392K), 0.0101544 secs] [Times: user=0.08 sys=0.00, real=0.01 secs] 
2016-09-24T00:38:22.078-0400: 73.144: [GC (GCLocker Initiated GC) [PSYoungGen: 155533K->25107K(175104K)] 209200K->115493K(699392K), 0.0166417 secs] [Times: user=0.13 sys=0.01, real=0.02 secs] 
2016-09-24T00:38:22.210-0400: 73.276: [GC (GCLocker Initiated GC) [PSYoungGen: 113171K->61330K(175104K)] 203845K->152262K(699392K), 0.0163809 secs] [Times: user=0.13 sys=0.00, real=0.02 secs] 
2016-09-24T00:38:22.345-0400: 73.412: [GC (GCLocker Initiated GC) [PSYoungGen: 149394K->85758K(175104K)] 246449K->207397K(699392K), 0.0303942 secs] [Times: user=0.31 sys=0.00, real=0.03 secs] 
2016-09-24T00:38:22.495-0400: 73.561: [GC (GCLocker Initiated GC) [PSYoungGen: 173822K->86018K(175104K)] 295777K->281188K(699392K), 0.0135446 secs] [Times: user=0.18 sys=0.00, real=0.01 secs] 
2016-09-24T00:38:22.636-0400: 73.702: [GC (GCLocker Initiated GC) [PSYoungGen: 174082K->73508K(175104K)] 375419K->317662K(699392K), 0.0133284 secs] [Times: user=0.16 sys=0.00, real=0.01 secs] 
2016-09-24T00:38:22.756-0400: 73.822: [GC (GCLocker Initiated GC) [PSYoungGen: 161572K->79587K(175104K)] 405908K->324066K(699392K), 0.0081285 secs] [Times: user=0.08 sys=0.00, real=0.01 secs] 
2016-09-24T00:38:22.894-0400: 73.960: [GC (GCLocker Initiated GC) [PSYoungGen: 167651K->55123K(175104K)] 418442K->348699K(699392K), 0.0091558 secs] [Times: user=0.09 sys=0.01, real=0.02 secs] 
2016-09-24T00:38:23.033-0400: 74.099: [GC (GCLocker Initiated GC) [PSYoungGen: 143187K->85890K(175104K)] 436961K->410159K(699392K), 0.0342223 secs] [Times: user=0.38 sys=0.00, real=0.04 secs] 
2016-09-24T00:38:23.194-0400: 74.260: [GC (GCLocker Initiated GC) [PSYoungGen: 173954K->37130K(175104K)] 498410K->380242K(699392K), 0.0067084 secs] [Times: user=0.05 sys=0.00, real=0.01 secs] 
2016-09-24T00:38:23.308-0400: 74.374: [GC (GCLocker Initiated GC) [PSYoungGen: 125194K->73476K(175104K)] 468343K->434978K(699392K), 0.0223670 secs] [Times: user=0.31 sys=0.00, real=0.02 secs] 
2016-09-24T00:38:23.467-0400: 74.533: [GC (GCLocker Initiated GC) [PSYoungGen: 161540K->67473K(175104K)] 523239K->465734K(699392K), 0.0112399 secs] [Times: user=0.10 sys=0.00, real=0.01 secs] 
2016-09-24T00:38:23.612-0400: 74.678: [GC (GCLocker Initiated GC) [PSYoungGen: 155537K->43073K(175104K)] 566236K->472412K(699392K), 0.0159392 secs] [Times: user=0.16 sys=0.00, real=0.02 secs] 
2016-09-24T00:38:23.754-0400: 74.820: [GC (GCLocker Initiated GC) [PSYoungGen: 131137K->73512K(175104K)] 560585K->503236K(699392K), 0.0324508 secs] [Times: user=0.36 sys=0.00, real=0.04 secs] 
2016-09-24T00:38:23.931-0400: 74.997: [GC (GCLocker Initiated GC) [PSYoungGen: 161576K->49180K(175104K)] 604356K->540827K(699392K), 0.0102777 secs] [Times: user=0.10 sys=0.00, real=0.01 secs] 
2016-09-24T00:38:23.941-0400: 75.007: [Full GC (Ergonomics) [PSYoungGen: 49180K->0K(175104K)] [ParOldGen: 491647K->53358K(524288K)] 540827K->53358K(699392K), [Metaspace: 44336K->44336K(1087488K)], 0.0479876 secs] [Times: user=0.31 sys=0.01, real=0.05 secs] 
2016-09-24T00:38:24.105-0400: 75.171: [GC (Allocation Failure) [PSYoungGen: 88064K->85822K(175104K)] 141609K->145442K(699392K), 0.0098286 secs] [Times: user=0.11 sys=0.00, real=0.01 secs] 
2016-09-24T00:38:24.235-0400: 75.301: [GC (GCLocker Initiated GC) [PSYoungGen: 173886K->67501K(175104K)] 233511K->164040K(699392K), 0.0265082 secs] [Times: user=0.35 sys=0.01, real=0.02 secs] 
2016-09-24T00:38:24.359-0400: 75.425: [GC (GCLocker Initiated GC) [PSYoungGen: 155565K->85762K(175104K)] 252152K->182444K(699392K), 0.0090444 secs] [Times: user=0.07 sys=0.00, real=0.01 secs] 
2016-09-24T00:38:24.505-0400: 75.571: [GC (GCLocker Initiated GC) [PSYoungGen: 173826K->37090K(175104K)] 282975K->243746K(699392K), 0.0114770 secs] [Times: user=0.15 sys=0.00, real=0.01 secs] 
2016-09-24T00:38:24.646-0400: 75.712: [GC (GCLocker Initiated GC) [PSYoungGen: 125154K->85986K(175104K)] 331857K->329259K(699392K), 0.0105335 secs] [Times: user=0.11 sys=0.00, real=0.01 secs] 
2016-09-24T00:38:24.810-0400: 75.876: [GC (Allocation Failure) [PSYoungGen: 174050K->18936K(175104K)] 441804K->341634K(699392K), 0.0254786 secs] [Times: user=0.25 sys=0.00, real=0.03 secs] 
2016-09-24T00:38:25.000-0400: 76.066: [GC (GCLocker Initiated GC) [PSYoungGen: 107000K->37098K(175104K)] 429698K->360054K(699392K), 0.0097182 secs] [Times: user=0.09 sys=0.01, real=0.01 secs] 
2016-09-24T00:38:25.102-0400: 76.168: [GC (GCLocker Initiated GC) [PSYoungGen: 125162K->79683K(175104K)] 448143K->414917K(699392K), 0.0232055 secs] [Times: user=0.23 sys=0.01, real=0.02 secs] 
2016-09-24T00:38:25.258-0400: 76.324: [GC (GCLocker Initiated GC) [PSYoungGen: 167747K->85890K(175104K)] 503063K->469933K(699392K), 0.0132049 secs] [Times: user=0.14 sys=0.00, real=0.01 secs] 
2016-09-24T00:38:25.387-0400: 76.453: [GC (Allocation Failure) [PSYoungGen: 173954K->55059K(175104K)] 558212K->494260K(699392K), 0.0144908 secs] [Times: user=0.13 sys=0.01, real=0.01 secs] 
2016-09-24T00:38:25.402-0400: 76.468: [Full GC (Ergonomics) [PSYoungGen: 55059K->0K(175104K)] [ParOldGen: 439201K->40994K(524288K)] 494260K->40994K(699392K), [Metaspace: 44337K->44337K(1087488K)], 0.0531281 secs] [Times: user=0.28 sys=0.01, real=0.06 secs] 
2016-09-24T00:38:25.571-0400: 76.637: [GC (GCLocker Initiated GC) [PSYoungGen: 88064K->73804K(175104K)] 129064K->114804K(699392K), 0.0160022 secs] [Times: user=0.15 sys=0.00, real=0.02 secs] 
2016-09-24T00:38:25.715-0400: 76.781: [GC (Allocation Failure) [PSYoungGen: 161868K->55351K(175104K)] 215110K->145731K(699392K), 0.0137531 secs] [Times: user=0.12 sys=0.00, real=0.01 secs] 
2016-09-24T00:38:25.857-0400: 76.923: [GC (GCLocker Initiated GC) [PSYoungGen: 142572K->49440K(175104K)] 239027K->200697K(699392K), 0.0095959 secs] [Times: user=0.11 sys=0.00, real=0.01 secs] 
2016-09-24T00:38:26.010-0400: 77.076: [GC (GCLocker Initiated GC) [PSYoungGen: 137503K->55351K(175104K)] 295191K->213306K(699392K), 0.0091566 secs] [Times: user=0.10 sys=0.00, real=0.01 secs] 
2016-09-24T00:38:26.143-0400: 77.209: [GC (Allocation Failure) [PSYoungGen: 143415K->37162K(175104K)] 307699K->213872K(699392K), 0.0106576 secs] [Times: user=0.09 sys=0.01, real=0.00 secs] 
2016-09-24T00:38:26.281-0400: 77.348: [GC (Allocation Failure) [PSYoungGen: 125226K->85822K(175104K)] 301936K->287115K(699392K), 0.0108860 secs] [Times: user=0.13 sys=0.00, real=0.01 secs] 
2016-09-24T00:38:26.410-0400: 77.476: [GC (Allocation Failure) [PSYoungGen: 173886K->55451K(175104K)] 375179K->275065K(699392K), 0.0180543 secs] [Times: user=0.14 sys=0.00, real=0.02 secs] 
2016-09-24T00:38:26.531-0400: 77.598: [GC (GCLocker Initiated GC) [PSYoungGen: 143515K->85822K(175104K)] 363129K->317885K(699392K), 0.0112193 secs] [Times: user=0.11 sys=0.00, real=0.02 secs] 
2016-09-24T00:38:26.674-0400: 77.740: [GC (GCLocker Initiated GC) [PSYoungGen: 173886K->55223K(175104K)] 406310K->342426K(699392K), 0.0175812 secs] [Times: user=0.12 sys=0.00, real=0.02 secs] 
2016-09-24T00:38:26.819-0400: 77.885: [GC (GCLocker Initiated GC) [PSYoungGen: 143287K->61626K(175104K)] 430705K->367536K(699392K), 0.0090923 secs] [Times: user=0.09 sys=0.00, real=0.01 secs] 
2016-09-24T00:38:26.921-0400: 77.987: [GC (GCLocker Initiated GC) [PSYoungGen: 149690K->85822K(175104K)] 455704K->452918K(699392K), 0.0184756 secs] [Times: user=0.24 sys=0.00, real=0.02 secs] 
2016-09-24T00:38:27.089-0400: 78.155: [GC (GCLocker Initiated GC) [PSYoungGen: 173886K->55479K(175104K)] 559500K->483894K(699392K), 0.0085318 secs] [Times: user=0.08 sys=0.00, real=0.01 secs] 
2016-09-24T00:38:27.230-0400: 78.296: [GC (GCLocker Initiated GC) [PSYoungGen: 143543K->85854K(175104K)] 572112K->545113K(699392K), 0.0151314 secs] [Times: user=0.17 sys=0.00, real=0.02 secs] 
2016-09-24T00:38:27.245-0400: 78.311: [Full GC (Ergonomics) [PSYoungGen: 85854K->0K(175104K)] [ParOldGen: 459259K->59489K(524288K)] 545113K->59489K(699392K), [Metaspace: 44341K->44341K(1087488K)], 0.0526936 secs] [Times: user=0.32 sys=0.02, real=0.05 secs] 
2016-09-24T00:38:27.411-0400: 78.477: [GC (Allocation Failure) [PSYoungGen: 88064K->86670K(175104K)] 147824K->170730K(699392K), 0.0096132 secs] [Times: user=0.11 sys=0.01, real=0.01 secs] 
2016-09-24T00:38:27.516-0400: 78.582: [GC (GCLocker Initiated GC) [PSYoungGen: 174734K->79651K(175104K)] 258802K->219270K(699392K), 0.0105032 secs] [Times: user=0.10 sys=0.00, real=0.01 secs] 
2016-09-24T00:38:27.660-0400: 78.726: [GC (GCLocker Initiated GC) [PSYoungGen: 167715K->43041K(175104K)] 313619K->225483K(699392K), 0.0332112 secs] [Times: user=0.32 sys=0.01, real=0.03 secs] 
2016-09-24T00:38:27.816-0400: 78.882: [GC (GCLocker Initiated GC) [PSYoungGen: 131105K->85890K(175104K)] 313588K->280823K(699392K), 0.0193567 secs] [Times: user=0.19 sys=0.00, real=0.02 secs] 
2016-09-24T00:38:27.957-0400: 79.023: [GC (GCLocker Initiated GC) [PSYoungGen: 173954K->43201K(175104K)] 369225K->299678K(699392K), 0.0320107 secs] [Times: user=0.36 sys=0.00, real=0.03 secs] 
2016-09-24T00:38:28.099-0400: 79.165: [GC (GCLocker Initiated GC) [PSYoungGen: 131265K->61366K(175104K)] 388103K->318448K(699392K), 0.0233664 secs] [Times: user=0.23 sys=0.01, real=0.03 secs] 
2016-09-24T00:38:28.253-0400: 79.319: [GC (Allocation Failure) [PSYoungGen: 149430K->79555K(175104K)] 406867K->355641K(699392K), 0.0222841 secs] [Times: user=0.25 sys=0.00, real=0.03 secs] 
2016-09-24T00:38:28.405-0400: 79.471: [GC (GCLocker Initiated GC) [PSYoungGen: 166463K->73576K(175104K)] 448624K->386395K(699392K), 0.0099986 secs] [Times: user=0.11 sys=0.00, real=0.01 secs] 
2016-09-24T00:38:28.523-0400: 79.590: [GC (GCLocker Initiated GC) [PSYoungGen: 161640K->79623K(175104K)] 474558K->392808K(699392K), 0.0290803 secs] [Times: user=0.30 sys=0.00, real=0.02 secs] 
2016-09-24T00:38:28.701-0400: 79.767: [GC (Allocation Failure) [PSYoungGen: 167687K->36834K(175104K)] 481025K->405287K(699392K), 0.0117448 secs] [Times: user=0.13 sys=0.01, real=0.01 secs] 
2016-09-24T00:38:28.841-0400: 79.907: [GC (GCLocker Initiated GC) [PSYoungGen: 124898K->67177K(175104K)] 493357K->441790K(699392K), 0.0329006 secs] [Times: user=0.37 sys=0.00, real=0.03 secs] 
2016-09-24T00:38:28.993-0400: 80.060: [GC (GCLocker Initiated GC) [PSYoungGen: 155241K->85826K(175104K)] 535971K->478842K(699392K), 0.0216225 secs] [Times: user=0.23 sys=0.00, real=0.03 secs] 
2016-09-24T00:38:29.121-0400: 80.187: [GC (GCLocker Initiated GC) [PSYoungGen: 173890K->67665K(175104K)] 566911K->509602K(699392K), 0.0235589 secs] [Times: user=0.26 sys=0.00, real=0.03 secs] 
2016-09-24T00:38:29.261-0400: 80.327: [GC (GCLocker Initiated GC) [PSYoungGen: 155729K->85598K(175104K)] 597725K->546102K(699392K), 0.0189371 secs] [Times: user=0.18 sys=0.00, real=0.02 secs] 
2016-09-24T00:38:29.280-0400: 80.346: [Full GC (Ergonomics) [PSYoungGen: 85598K->0K(175104K)] [ParOldGen: 460504K->53886K(524288K)] 546102K->53886K(699392K), [Metaspace: 44341K->44341K(1087488K)], 0.0486764 secs] [Times: user=0.24 sys=0.01, real=0.05 secs] 
2016-09-24T00:38:29.465-0400: 80.531: [GC (GCLocker Initiated GC) [PSYoungGen: 88064K->73932K(175104K)] 148032K->133900K(699392K), 0.0154554 secs] [Times: user=0.16 sys=0.00, real=0.01 secs] 
2016-09-24T00:38:29.600-0400: 80.666: [GC (GCLocker Initiated GC) [PSYoungGen: 161996K->85986K(175104K)] 222012K->213407K(699392K), 0.0134931 secs] [Times: user=0.21 sys=0.00, real=0.01 secs] 
2016-09-24T00:38:29.737-0400: 80.803: [GC (GCLocker Initiated GC) [PSYoungGen: 174050K->73576K(175104K)] 301548K->262123K(699392K), 0.0110395 secs] [Times: user=0.14 sys=0.00, real=0.01 secs] 
2016-09-24T00:38:29.895-0400: 80.961: [GC (GCLocker Initiated GC) [PSYoungGen: 161640K->49048K(175104K)] 356393K->262294K(699392K), 0.0254067 secs] [Times: user=0.25 sys=0.00, real=0.02 secs] 
2016-09-24T00:38:30.061-0400: 81.127: [GC (GCLocker Initiated GC) [PSYoungGen: 137112K->85722K(175104K)] 356536K->335656K(699392K), 0.0117854 secs] [Times: user=0.16 sys=0.00, real=0.01 secs] 
2016-09-24T00:38:30.210-0400: 81.276: [GC (GCLocker Initiated GC) [PSYoungGen: 173784K->36934K(175104K)] 424079K->317723K(699392K), 0.0121184 secs] [Times: user=0.08 sys=0.01, real=0.01 secs] 
2016-09-24T00:38:30.310-0400: 81.376: [GC (Allocation Failure) [PSYoungGen: 124998K->55127K(175104K)] 405992K->348522K(699392K), 0.0242793 secs] [Times: user=0.22 sys=0.01, real=0.02 secs] 
2016-09-24T00:38:30.423-0400: 81.489: [GC (GCLocker Initiated GC) [PSYoungGen: 143191K->85890K(175104K)] 436592K->409786K(699392K), 0.0213432 secs] [Times: user=0.23 sys=0.00, real=0.02 secs] 
2016-09-24T00:38:30.549-0400: 81.615: [GC (GCLocker Initiated GC) [PSYoungGen: 173954K->67405K(175104K)] 498155K->422264K(699392K), 0.0110050 secs] [Times: user=0.09 sys=0.00, real=0.01 secs] 
2016-09-24T00:38:30.703-0400: 81.769: [GC (GCLocker Initiated GC) [PSYoungGen: 155469K->43073K(175104K)] 516433K->440575K(699392K), 0.0125676 secs] [Times: user=0.11 sys=0.00, real=0.01 secs] 
2016-09-24T00:38:30.850-0400: 81.916: [GC (GCLocker Initiated GC) [PSYoungGen: 131137K->43173K(175104K)] 540966K->477554K(699392K), 0.0145873 secs] [Times: user=0.12 sys=0.01, real=0.02 secs] 
2016-09-24T00:38:31.014-0400: 82.080: [GC (Allocation Failure) [PSYoungGen: 131237K->61362K(175104K)] 565844K->544860K(699392K), 0.0135230 secs] [Times: user=0.13 sys=0.00, real=0.01 secs] 
2016-09-24T00:38:31.028-0400: 82.094: [Full GC (Ergonomics) [PSYoungGen: 61362K->0K(175104K)] [ParOldGen: 483498K->45630K(524288K)] 544860K->45630K(699392K), [Metaspace: 44345K->44345K(1087488K)], 0.1460266 secs] [Times: user=1.77 sys=0.03, real=0.15 secs] 
2016-09-24T00:38:31.282-0400: 82.348: [GC (GCLocker Initiated GC) [PSYoungGen: 88064K->86014K(175104K)] 133700K->155950K(699392K), 0.0110500 secs] [Times: user=0.14 sys=0.00, real=0.01 secs] 
2016-09-24T00:38:31.393-0400: 82.459: [GC (GCLocker Initiated GC) [PSYoungGen: 174078K->85790K(175104K)] 250137K->229229K(699392K), 0.0212643 secs] [Times: user=0.30 sys=0.00, real=0.03 secs] 
2016-09-24T00:38:31.537-0400: 82.603: [GC (GCLocker Initiated GC) [PSYoungGen: 173854K->73476K(175104K)] 323411K->302324K(699392K), 0.0137980 secs] [Times: user=0.17 sys=0.00, real=0.01 secs] 
2016-09-24T00:38:31.656-0400: 82.722: [GC (GCLocker Initiated GC) [PSYoungGen: 161540K->85758K(175104K)] 390547K->339177K(699392K), 0.0130967 secs] [Times: user=0.15 sys=0.00, real=0.01 secs] 
2016-09-24T00:38:31.814-0400: 82.880: [GC (Allocation Failure) [PSYoungGen: 173822K->36998K(175104K)] 433934K->333835K(699392K), 0.0080508 secs] [Times: user=0.06 sys=0.01, real=0.02 secs] 
2016-09-24T00:38:31.923-0400: 82.989: [GC (GCLocker Initiated GC) [PSYoungGen: 125062K->73284K(175104K)] 421905K->370223K(699392K), 0.0326833 secs] [Times: user=0.32 sys=0.01, real=0.03 secs] 
2016-09-24T00:38:32.061-0400: 83.127: [GC (GCLocker Initiated GC) [PSYoungGen: 161348K->55419K(175104K)] 458379K->389003K(699392K), 0.0222926 secs] [Times: user=0.21 sys=0.00, real=0.03 secs] 
2016-09-24T00:38:32.208-0400: 83.274: [GC (GCLocker Initiated GC) [PSYoungGen: 143483K->79555K(175104K)] 483191K->431845K(699392K), 0.0099888 secs] [Times: user=0.08 sys=0.00, real=0.01 secs] 
2016-09-24T00:38:32.322-0400: 83.388: [GC (GCLocker Initiated GC) [PSYoungGen: 167619K->73608K(175104K)] 526345K->511608K(699392K), 0.0175881 secs] [Times: user=0.18 sys=0.01, real=0.02 secs] 
2016-09-24T00:38:32.340-0400: 83.406: [Full GC (Ergonomics) [PSYoungGen: 73608K->0K(175104K)] [ParOldGen: 438000K->51867K(524288K)] 511608K->51867K(699392K), [Metaspace: 44345K->44345K(1087488K)], 0.0508096 secs] [Times: user=0.23 sys=0.00, real=0.05 secs] 
2016-09-24T00:38:32.502-0400: 83.568: [GC (GCLocker Initiated GC) [PSYoungGen: 88064K->73900K(175104K)] 139984K->125820K(699392K), 0.0178702 secs] [Times: user=0.20 sys=0.00, real=0.02 secs] 
2016-09-24T00:38:32.639-0400: 83.705: [GC (GCLocker Initiated GC) [PSYoungGen: 161964K->85890K(175104K)] 214122K->175038K(699392K), 0.0320788 secs] [Times: user=0.35 sys=0.01, real=0.03 secs] 
2016-09-24T00:38:32.798-0400: 83.864: [GC (Allocation Failure) [PSYoungGen: 173954K->43265K(175104K)] 263340K->199955K(699392K), 0.0214089 secs] [Times: user=0.28 sys=0.00, real=0.02 secs] 
2016-09-24T00:38:32.908-0400: 83.974: [GC (GCLocker Initiated GC) [PSYoungGen: 125985K->73868K(175104K)] 288750K->267323K(699392K), 0.0093095 secs] [Times: user=0.12 sys=0.00, real=0.01 secs] 
2016-09-24T00:38:33.049-0400: 84.115: [GC (GCLocker Initiated GC) [PSYoungGen: 161932K->55223K(175104K)] 361594K->291742K(699392K), 0.0101207 secs] [Times: user=0.11 sys=0.00, real=0.01 secs] 
2016-09-24T00:38:33.170-0400: 84.236: [GC (GCLocker Initiated GC) [PSYoungGen: 143286K->73868K(175104K)] 380156K->347339K(699392K), 0.0114286 secs] [Times: user=0.15 sys=0.00, real=0.01 secs] 
2016-09-24T00:38:33.306-0400: 84.372: [GC (GCLocker Initiated GC) [PSYoungGen: 161932K->67405K(175104K)] 435574K->359531K(699392K), 0.0097428 secs] [Times: user=0.08 sys=0.00, real=0.01 secs] 
2016-09-24T00:38:33.442-0400: 84.508: [GC (GCLocker Initiated GC) [PSYoungGen: 155469K->49148K(175104K)] 453730K->378020K(699392K), 0.0333891 secs] [Times: user=0.38 sys=0.00, real=0.03 secs] 
2016-09-24T00:38:33.603-0400: 84.669: [GC (Allocation Failure) [PSYoungGen: 137212K->67565K(175104K)] 472340K->403009K(699392K), 0.0074417 secs] [Times: user=0.09 sys=0.00, real=0.00 secs] 
2016-09-24T00:38:33.722-0400: 84.788: [GC (GCLocker Initiated GC) [PSYoungGen: 153001K->73512K(175104K)] 494520K->445689K(699392K), 0.0105885 secs] [Times: user=0.08 sys=0.00, real=0.01 secs] 
2016-09-24T00:38:33.866-0400: 84.932: [GC (GCLocker Initiated GC) [PSYoungGen: 161576K->55679K(175104K)] 540088K->470956K(699392K), 0.0107527 secs] [Times: user=0.14 sys=0.01, real=0.01 secs] 
2016-09-24T00:38:34.002-0400: 85.068: [GC (Allocation Failure) [PSYoungGen: 143743K->61430K(175104K)] 559163K->476946K(699392K), 0.0190581 secs] [Times: user=0.15 sys=0.01, real=0.02 secs] 
2016-09-24T00:38:34.121-0400: 85.187: [GC (GCLocker Initiated GC) [PSYoungGen: 149494K->85758K(175104K)] 565016K->556286K(699392K), 0.0138573 secs] [Times: user=0.22 sys=0.00, real=0.02 secs] 
2016-09-24T00:38:34.135-0400: 85.201: [Full GC (Ergonomics) [PSYoungGen: 85758K->0K(175104K)] [ParOldGen: 470528K->52315K(524288K)] 556286K->52315K(699392K), [Metaspace: 44346K->44346K(1087488K)], 0.0566711 secs] [Times: user=0.47 sys=0.00, real=0.05 secs] 
2016-09-24T00:38:34.317-0400: 85.383: [GC (Allocation Failure) [PSYoungGen: 88064K->79939K(175104K)] 146596K->138471K(699392K), 0.0155473 secs] [Times: user=0.19 sys=0.00, real=0.01 secs] 
2016-09-24T00:38:34.444-0400: 85.510: [GC (GCLocker Initiated GC) [PSYoungGen: 162378K->73772K(175104K)] 226985K->187543K(699392K), 0.0139242 secs] [Times: user=0.17 sys=0.00, real=0.01 secs] 
2016-09-24T00:38:34.613-0400: 85.679: [GC (GCLocker Initiated GC) [PSYoungGen: 161836K->61230K(175104K)] 281965K->200047K(699392K), 0.0096518 secs] [Times: user=0.09 sys=0.00, real=0.02 secs] 
2016-09-24T00:38:34.730-0400: 85.796: [GC (GCLocker Initiated GC) [PSYoungGen: 149294K->61198K(175104K)] 288158K->236616K(699392K), 0.0282711 secs] [Times: user=0.29 sys=0.00, real=0.03 secs] 
2016-09-24T00:38:34.882-0400: 85.949: [GC (GCLocker Initiated GC) [PSYoungGen: 149262K->55451K(175104K)] 324772K->297921K(699392K), 0.0163727 secs] [Times: user=0.16 sys=0.01, real=0.01 secs] 
2016-09-24T00:38:35.030-0400: 86.096: [GC (GCLocker Initiated GC) [PSYoungGen: 143515K->61330K(175104K)] 386156K->322611K(699392K), 0.0320674 secs] [Times: user=0.30 sys=0.00, real=0.04 secs] 
2016-09-24T00:38:35.192-0400: 86.258: [GC (Allocation Failure) [PSYoungGen: 149394K->85794K(175104K)] 410723K->371714K(699392K), 0.0158273 secs] [Times: user=0.16 sys=0.00, real=0.02 secs] 
2016-09-24T00:38:35.317-0400: 86.383: [GC (GCLocker Initiated GC) [PSYoungGen: 172210K->36962K(175104K)] 464206K->396058K(699392K), 0.0313559 secs] [Times: user=0.35 sys=0.00, real=0.03 secs] 
2016-09-24T00:38:35.498-0400: 86.564: [GC (GCLocker Initiated GC) [PSYoungGen: 125026K->55191K(175104K)] 484680K->414933K(699392K), 0.0129753 secs] [Times: user=0.10 sys=0.01, real=0.01 secs] 
2016-09-24T00:38:35.636-0400: 86.702: [GC (GCLocker Initiated GC) [PSYoungGen: 143255K->67373K(175104K)] 503223K->445841K(699392K), 0.0086751 secs] [Times: user=0.08 sys=0.00, real=0.01 secs] 
2016-09-24T00:38:35.750-0400: 86.816: [GC (GCLocker Initiated GC) [PSYoungGen: 155437K->61234K(175104K)] 540128K->476560K(699392K), 0.0243119 secs] [Times: user=0.22 sys=0.00, real=0.02 secs] 
2016-09-24T00:38:35.891-0400: 86.957: [GC (GCLocker Initiated GC) [PSYoungGen: 149298K->73576K(175104K)] 570724K->501352K(699392K), 0.0151994 secs] [Times: user=0.15 sys=0.00, real=0.02 secs] 
2016-09-24T00:38:36.057-0400: 87.123: [GC (Allocation Failure) [PSYoungGen: 161640K->48984K(175104K)] 595830K->525950K(699392K), 0.0157111 secs] [Times: user=0.15 sys=0.00, real=0.01 secs] 
2016-09-24T00:38:36.073-0400: 87.139: [Full GC (Ergonomics) [PSYoungGen: 48984K->0K(175104K)] [ParOldGen: 476966K->52231K(524288K)] 525950K->52231K(699392K), [Metaspace: 44351K->44351K(1087488K)], 0.0530105 secs] [Times: user=0.26 sys=0.01, real=0.06 secs] 
2016-09-24T00:38:36.242-0400: 87.308: [GC (GCLocker Initiated GC) [PSYoungGen: 88064K->86178K(175104K)] 140300K->144489K(699392K), 0.0134388 secs] [Times: user=0.14 sys=0.00, real=0.02 secs] 
2016-09-24T00:38:36.417-0400: 87.483: [GC (GCLocker Initiated GC) [PSYoungGen: 174242K->18737K(175104K)] 245138K->126950K(699392K), 0.0295535 secs] [Times: user=0.31 sys=0.00, real=0.03 secs] 
2016-09-24T00:38:36.575-0400: 87.641: [GC (GCLocker Initiated GC) [PSYoungGen: 106801K->61102K(175104K)] 215214K->169626K(699392K), 0.0069924 secs] [Times: user=0.05 sys=0.00, real=0.00 secs] 
2016-09-24T00:38:36.692-0400: 87.758: [GC (GCLocker Initiated GC) [PSYoungGen: 149166K->49344K(175104K)] 264081K->200829K(699392K), 0.0164624 secs] [Times: user=0.19 sys=0.00, real=0.02 secs] 
2016-09-24T00:38:36.821-0400: 87.887: [GC (GCLocker Initiated GC) [PSYoungGen: 137408K->85854K(175104K)] 289103K->238004K(699392K), 0.0150738 secs] [Times: user=0.19 sys=0.00, real=0.02 secs] 
2016-09-24T00:38:37.005-0400: 88.071: [GC (GCLocker Initiated GC) [PSYoungGen: 173918K->37030K(175104K)] 338422K->220026K(699392K), 0.0243700 secs] [Times: user=0.23 sys=0.00, real=0.02 secs] 
2016-09-24T00:38:37.132-0400: 88.198: [GC (GCLocker Initiated GC) [PSYoungGen: 125094K->85434K(175104K)] 308257K->274956K(699392K), 0.0234092 secs] [Times: user=0.22 sys=0.00, real=0.03 secs] 
2016-09-24T00:38:37.272-0400: 88.338: [GC (Allocation Failure) [PSYoungGen: 173498K->85986K(175104K)] 363062K->366810K(699392K), 0.0280523 secs] [Times: user=0.40 sys=0.00, real=0.03 secs] 
2016-09-24T00:38:37.407-0400: 88.473: [GC (GCLocker Initiated GC) [PSYoungGen: 171143K->55479K(175104K)] 458043K->415594K(699392K), 0.0115463 secs] [Times: user=0.14 sys=0.00, real=0.01 secs] 
2016-09-24T00:38:37.524-0400: 88.590: [GC (GCLocker Initiated GC) [PSYoungGen: 143543K->79719K(175104K)] 503700K->440151K(699392K), 0.0218744 secs] [Times: user=0.20 sys=0.01, real=0.02 secs] 
2016-09-24T00:38:37.677-0400: 88.744: [GC (GCLocker Initiated GC) [PSYoungGen: 167783K->49084K(175104K)] 528258K->464494K(699392K), 0.0419531 secs] [Times: user=0.42 sys=0.00, real=0.04 secs] 
2016-09-24T00:38:37.820-0400: 88.886: [GC (GCLocker Initiated GC) [PSYoungGen: 137148K->85662K(175104K)] 552919K->538151K(699392K), 0.0130828 secs] [Times: user=0.12 sys=0.00, real=0.01 secs] 
2016-09-24T00:38:37.833-0400: 88.899: [Full GC (Ergonomics) [PSYoungGen: 85662K->0K(175104K)] [ParOldGen: 452489K->52412K(524288K)] 538151K->52412K(699392K), [Metaspace: 44368K->44368K(1087488K)], 0.0604584 secs] [Times: user=0.34 sys=0.00, real=0.06 secs] 
2016-09-24T00:38:38.013-0400: 89.079: [GC (GCLocker Initiated GC) [PSYoungGen: 88064K->73672K(175104K)] 146609K->132217K(699392K), 0.0103932 secs] [Times: user=0.11 sys=0.00, real=0.02 secs] 
2016-09-24T00:38:38.155-0400: 89.221: [GC (GCLocker Initiated GC) [PSYoungGen: 161736K->43105K(175104K)] 226393K->162704K(699392K), 0.0147229 secs] [Times: user=0.13 sys=0.01, real=0.01 secs] 
2016-09-24T00:38:38.285-0400: 89.351: [GC (Allocation Failure) [PSYoungGen: 131169K->79683K(175104K)] 250939K->254427K(699392K), 0.0126343 secs] [Times: user=0.17 sys=0.00, real=0.01 secs] 
2016-09-24T00:38:38.447-0400: 89.513: [GC (GCLocker Initiated GC) [PSYoungGen: 165717K->55383K(175104K)] 346536K->291177K(699392K), 0.0111294 secs] [Times: user=0.12 sys=0.00, real=0.01 secs] 
2016-09-24T00:38:38.584-0400: 89.650: [GC (Allocation Failure) [PSYoungGen: 143447K->61266K(175104K)] 379580K->297658K(699392K), 0.0088263 secs] [Times: user=0.06 sys=0.00, real=0.00 secs] 
2016-09-24T00:38:38.731-0400: 89.797: [GC (GCLocker Initiated GC) [PSYoungGen: 149330K->67437K(175104K)] 385728K->328418K(699392K), 0.0178694 secs] [Times: user=0.17 sys=0.00, real=0.02 secs] 
2016-09-24T00:38:38.908-0400: 89.974: [GC (GCLocker Initiated GC) [PSYoungGen: 155501K->55255K(175104K)] 416687K->334761K(699392K), 0.0183112 secs] [Times: user=0.17 sys=0.01, real=0.02 secs] 
2016-09-24T00:38:39.042-0400: 90.108: [GC (GCLocker Initiated GC) [PSYoungGen: 143319K->55387K(175104K)] 423198K->353571K(699392K), 0.0260884 secs] [Times: user=0.27 sys=0.00, real=0.02 secs] 
2016-09-24T00:38:39.184-0400: 90.250: [GC (GCLocker Initiated GC) [PSYoungGen: 143451K->61494K(175104K)] 441698K->396475K(699392K), 0.0168564 secs] [Times: user=0.17 sys=0.00, real=0.01 secs] 
2016-09-24T00:38:39.303-0400: 90.369: [GC (Allocation Failure) [PSYoungGen: 149558K->73740K(175104K)] 490907K->433426K(699392K), 0.0151325 secs] [Times: user=0.15 sys=0.00, real=0.01 secs] 
2016-09-24T00:38:39.439-0400: 90.505: [GC (GCLocker Initiated GC) [PSYoungGen: 160551K->73836K(175104K)] 526312K->439905K(699392K), 0.0113782 secs] [Times: user=0.13 sys=0.00, real=0.01 secs] 
2016-09-24T00:38:39.564-0400: 90.630: [GC (GCLocker Initiated GC) [PSYoungGen: 161900K->24752K(175104K)] 527974K->409302K(699392K), 0.0112742 secs] [Times: user=0.10 sys=0.00, real=0.01 secs] 
2016-09-24T00:38:39.694-0400: 90.760: [GC (GCLocker Initiated GC) [PSYoungGen: 112816K->37098K(175104K)] 521899K->446425K(699392K), 0.0126509 secs] [Times: user=0.09 sys=0.00, real=0.02 secs] 
2016-09-24T00:38:39.853-0400: 90.919: [GC (GCLocker Initiated GC) [PSYoungGen: 125162K->43137K(175104K)] 540919K->477378K(699392K), 0.0110467 secs] [Times: user=0.11 sys=0.00, real=0.02 secs] 
2016-09-24T00:38:40.003-0400: 91.069: [GC (GCLocker Initiated GC) [PSYoungGen: 131201K->36934K(175104K)] 577780K->483569K(699392K), 0.0396408 secs] [Times: user=0.40 sys=0.00, real=0.04 secs] 
2016-09-24T00:38:40.153-0400: 91.219: [GC (GCLocker Initiated GC) [PSYoungGen: 124998K->85726K(175104K)] 571994K->539112K(699392K), 0.0219818 secs] [Times: user=0.27 sys=0.00, real=0.03 secs] 
2016-09-24T00:38:40.299-0400: 91.365: [GC (GCLocker Initiated GC) [PSYoungGen: 173790K->61526K(175104K)] 627537K->570068K(699392K), 0.0111399 secs] [Times: user=0.12 sys=0.00, real=0.01 secs] 
2016-09-24T00:38:40.311-0400: 91.377: [Full GC (Ergonomics) [PSYoungGen: 61526K->0K(175104K)] [ParOldGen: 508542K->53004K(524288K)] 570068K->53004K(699392K), [Metaspace: 44373K->44373K(1087488K)], 0.0549837 secs] [Times: user=0.33 sys=0.01, real=0.06 secs] 
2016-09-24T00:38:40.471-0400: 91.537: [GC (GCLocker Initiated GC) [PSYoungGen: 88064K->85630K(175104K)] 141104K->138670K(699392K), 0.0081444 secs] [Times: user=0.06 sys=0.00, real=0.01 secs] 
2016-09-24T00:38:40.610-0400: 91.676: [GC (GCLocker Initiated GC) [PSYoungGen: 173694K->67405K(175104K)] 226776K->193639K(699392K), 0.0330703 secs] [Times: user=0.33 sys=0.01, real=0.04 secs] 
2016-09-24T00:38:40.750-0400: 91.816: [GC (Allocation Failure) [PSYoungGen: 155469K->55355K(175104K)] 288032K->224620K(699392K), 0.0102757 secs] [Times: user=0.07 sys=0.00, real=0.01 secs] 
2016-09-24T00:38:40.896-0400: 91.962: [GC (GCLocker Initiated GC) [PSYoungGen: 143419K->55219K(175104K)] 312684K->261421K(699392K), 0.0090779 secs] [Times: user=0.10 sys=0.00, real=0.01 secs] 
2016-09-24T00:38:41.035-0400: 92.101: [GC (GCLocker Initiated GC) [PSYoungGen: 143283K->85434K(175104K)] 349538K->303927K(699392K), 0.0165531 secs] [Times: user=0.15 sys=0.00, real=0.01 secs] 
2016-09-24T00:38:41.176-0400: 92.242: [GC (Allocation Failure) [PSYoungGen: 173498K->43333K(175104K)] 392021K->353133K(699392K), 0.0136696 secs] [Times: user=0.14 sys=0.00, real=0.01 secs] 
2016-09-24T00:38:41.285-0400: 92.351: [GC (GCLocker Initiated GC) [PSYoungGen: 131219K->61198K(175104K)] 447094K->413798K(699392K), 0.0106722 secs] [Times: user=0.09 sys=0.00, real=0.01 secs] 
2016-09-24T00:38:41.442-0400: 92.508: [GC (Allocation Failure) [PSYoungGen: 149262K->67601K(175104K)] 502060K->438744K(699392K), 0.0142589 secs] [Times: user=0.18 sys=0.00, real=0.02 secs] 
2016-09-24T00:38:41.549-0400: 92.615: [GC (GCLocker Initiated GC) [PSYoungGen: 155665K->61102K(175104K)] 526814K->456810K(699392K), 0.0097122 secs] [Times: user=0.09 sys=0.00, real=0.01 secs] 
2016-09-24T00:38:41.682-0400: 92.748: [GC (Allocation Failure) [PSYoungGen: 149166K->85758K(175104K)] 545174K->506201K(699392K), 0.0186161 secs] [Times: user=0.21 sys=0.01, real=0.02 secs] 
2016-09-24T00:38:41.825-0400: 92.891: [GC (GCLocker Initiated GC) [PSYoungGen: 173822K->73672K(175104K)] 594271K->530855K(699392K), 0.0190505 secs] [Times: user=0.23 sys=0.00, real=0.02 secs] 
2016-09-24T00:38:41.844-0400: 92.911: [Full GC (Ergonomics) [PSYoungGen: 73672K->0K(175104K)] [ParOldGen: 457183K->58993K(524288K)] 530855K->58993K(699392K), [Metaspace: 44373K->44373K(1087488K)], 0.0538980 secs] [Times: user=0.39 sys=0.01, real=0.05 secs] 
2016-09-24T00:38:42.008-0400: 93.074: [GC (GCLocker Initiated GC) [PSYoungGen: 88064K->86022K(175104K)] 147127K->151160K(699392K), 0.0114938 secs] [Times: user=0.10 sys=0.01, real=0.01 secs] 
2016-09-24T00:38:42.128-0400: 93.194: [GC (GCLocker Initiated GC) [PSYoungGen: 174086K->67533K(175104K)] 239535K->194203K(699392K), 0.0134456 secs] [Times: user=0.15 sys=0.00, real=0.01 secs] 
2016-09-24T00:38:42.268-0400: 93.334: [GC (Allocation Failure) [PSYoungGen: 155597K->49472K(175104K)] 288501K->231268K(699392K), 0.0157959 secs] [Times: user=0.18 sys=0.00, real=0.02 secs] 
2016-09-24T00:38:42.408-0400: 93.474: [GC (GCLocker Initiated GC) [PSYoungGen: 137536K->73480K(175104K)] 319332K->255543K(699392K), 0.0142365 secs] [Times: user=0.15 sys=0.00, real=0.02 secs] 
2016-09-24T00:38:42.542-0400: 93.608: [GC (GCLocker Initiated GC) [PSYoungGen: 161544K->49116K(175104K)] 343963K->249848K(699392K), 0.0181653 secs] [Times: user=0.18 sys=0.00, real=0.02 secs] 
2016-09-24T00:38:42.669-0400: 93.735: [GC (Allocation Failure) [PSYoungGen: 137180K->55223K(175104K)] 338211K->286872K(699392K), 0.0108778 secs] [Times: user=0.07 sys=0.00, real=0.01 secs] 
2016-09-24T00:38:42.811-0400: 93.877: [GC (GCLocker Initiated GC) [PSYoungGen: 143287K->61426K(175104K)] 374937K->317667K(699392K), 0.0155695 secs] [Times: user=0.15 sys=0.01, real=0.02 secs] 
2016-09-24T00:38:42.925-0400: 93.991: [GC (Allocation Failure) [PSYoungGen: 149490K->85958K(175104K)] 411915K->354545K(699392K), 0.0130638 secs] [Times: user=0.11 sys=0.00, real=0.01 secs] 
2016-09-24T00:38:43.069-0400: 94.135: [GC (GCLocker Initiated GC) [PSYoungGen: 174022K->67405K(175104K)] 442610K->366635K(699392K), 0.0138953 secs] [Times: user=0.13 sys=0.00, real=0.02 secs] 
2016-09-24T00:38:43.206-0400: 94.272: [GC (GCLocker Initiated GC) [PSYoungGen: 155469K->61526K(175104K)] 461119K->367451K(699392K), 0.0067005 secs] [Times: user=0.05 sys=0.00, real=0.00 secs] 
2016-09-24T00:38:43.335-0400: 94.401: [GC (GCLocker Initiated GC) [PSYoungGen: 149590K->55447K(175104K)] 455781K->398387K(699392K), 0.0110006 secs] [Times: user=0.10 sys=0.01, real=0.01 secs] 
2016-09-24T00:38:43.466-0400: 94.532: [GC (GCLocker Initiated GC) [PSYoungGen: 143511K->73772K(175104K)] 486819K->453821K(699392K), 0.0190143 secs] [Times: user=0.20 sys=0.00, real=0.02 secs] 
2016-09-24T00:38:43.617-0400: 94.683: [GC (GCLocker Initiated GC) [PSYoungGen: 161836K->48952K(175104K)] 541944K->447536K(699392K), 0.0197552 secs] [Times: user=0.18 sys=0.00, real=0.02 secs] 
2016-09-24T00:38:43.776-0400: 94.842: [GC (GCLocker Initiated GC) [PSYoungGen: 137016K->37421K(175104K)] 547965K->491024K(699392K), 0.0102811 secs] [Times: user=0.11 sys=0.00, real=0.01 secs] 
2016-09-24T00:38:43.917-0400: 94.983: [GC (GCLocker Initiated GC) [PSYoungGen: 125484K->73480K(175104K)] 579447K->527874K(699392K), 0.0101350 secs] [Times: user=0.10 sys=0.00, real=0.01 secs] 
2016-09-24T00:38:44.046-0400: 95.112: [Full GC (Ergonomics) [PSYoungGen: 161544K->0K(175104K)] [ParOldGen: 454553K->53072K(524288K)] 616097K->53072K(699392K), [Metaspace: 44375K->44375K(1087488K)], 0.0590148 secs] [Times: user=0.31 sys=0.02, real=0.06 secs] 
2016-09-24T00:38:44.256-0400: 95.322: [GC (GCLocker Initiated GC) [PSYoungGen: 88064K->73444K(175104K)] 147788K->133168K(699392K), 0.0112410 secs] [Times: user=0.11 sys=0.00, real=0.01 secs] 
2016-09-24T00:38:44.410-0400: 95.476: [GC (GCLocker Initiated GC) [PSYoungGen: 161508K->31282K(175104K)] 239577K->164130K(699392K), 0.0321491 secs] [Times: user=0.32 sys=0.00, real=0.04 secs] 
2016-09-24T00:38:44.559-0400: 95.625: [GC (GCLocker Initiated GC) [PSYoungGen: 119346K->79327K(175104K)] 252236K->230717K(699392K), 0.0148164 secs] [Times: user=0.16 sys=0.00, real=0.01 secs] 
2016-09-24T00:38:44.684-0400: 95.750: [GC (Allocation Failure) [PSYoungGen: 167391K->55579K(175104K)] 318856K->280079K(699392K), 0.0114215 secs] [Times: user=0.13 sys=0.00, real=0.01 secs] 
2016-09-24T00:38:44.822-0400: 95.888: [GC (GCLocker Initiated GC) [PSYoungGen: 143643K->67273K(175104K)] 368150K->310460K(699392K), 0.0247402 secs] [Times: user=0.23 sys=0.00, real=0.02 secs] 
2016-09-24T00:38:44.969-0400: 96.035: [GC (Allocation Failure) [PSYoungGen: 155337K->37325K(175104K)] 404949K->305251K(699392K), 0.0181268 secs] [Times: user=0.17 sys=0.00, real=0.02 secs] 
2016-09-24T00:38:45.092-0400: 96.158: [GC (GCLocker Initiated GC) [PSYoungGen: 121324K->54995K(175104K)] 395324K->329410K(699392K), 0.0144856 secs] [Times: user=0.13 sys=0.00, real=0.02 secs] 
2016-09-24T00:38:45.242-0400: 96.308: [GC (GCLocker Initiated GC) [PSYoungGen: 143059K->85794K(175104K)] 417528K->360374K(699392K), 0.0148828 secs] [Times: user=0.16 sys=0.00, real=0.02 secs] 
2016-09-24T00:38:45.381-0400: 96.447: [GC (GCLocker Initiated GC) [PSYoungGen: 173858K->49276K(175104K)] 454633K->373024K(699392K), 0.0086339 secs] [Times: user=0.08 sys=0.01, real=0.01 secs] 
2016-09-24T00:38:45.494-0400: 96.561: [GC (GCLocker Initiated GC) [PSYoungGen: 137340K->79783K(175104K)] 461416K->440600K(699392K), 0.0177973 secs] [Times: user=0.17 sys=0.00, real=0.01 secs] 
2016-09-24T00:38:45.653-0400: 96.719: [GC (GCLocker Initiated GC) [PSYoungGen: 167847K->48984K(175104K)] 541537K->441315K(699392K), 0.0251325 secs] [Times: user=0.26 sys=0.00, real=0.03 secs] 
2016-09-24T00:38:45.815-0400: 96.881: [GC (GCLocker Initiated GC) [PSYoungGen: 137048K->85566K(175104K)] 529421K->508441K(699392K), 0.0175778 secs] [Times: user=0.15 sys=0.00, real=0.01 secs] 
2016-09-24T00:38:45.968-0400: 97.034: [GC (GCLocker Initiated GC) [PSYoungGen: 173630K->36998K(175104K)] 608966K->509044K(699392K), 0.0363084 secs] [Times: user=0.36 sys=0.00, real=0.04 secs] 
2016-09-24T00:38:46.004-0400: 97.070: [Full GC (Ergonomics) [PSYoungGen: 36998K->0K(175104K)] [ParOldGen: 472046K->46064K(524288K)] 509044K->46064K(699392K), [Metaspace: 44378K->44378K(1087488K)], 0.0604135 secs] [Times: user=0.39 sys=0.01, real=0.06 secs] 
2016-09-24T00:38:46.184-0400: 97.250: [GC (GCLocker Initiated GC) [PSYoungGen: 88064K->79911K(175104K)] 134310K->126158K(699392K), 0.0066607 secs] [Times: user=0.08 sys=0.01, real=0.00 secs] 
2016-09-24T00:38:46.301-0400: 97.368: [GC (GCLocker Initiated GC) [PSYoungGen: 167975K->85726K(175104K)] 214286K->156620K(699392K), 0.0116683 secs] [Times: user=0.14 sys=0.00, real=0.01 secs] 
2016-09-24T00:38:46.459-0400: 97.525: [GC (GCLocker Initiated GC) [PSYoungGen: 173790K->55383K(175104K)] 250795K->199513K(699392K), 0.0181010 secs] [Times: user=0.22 sys=0.00, real=0.02 secs] 
2016-09-24T00:38:46.608-0400: 97.674: [GC (GCLocker Initiated GC) [PSYoungGen: 143447K->55255K(175104K)] 299758K->242216K(699392K), 0.0214313 secs] [Times: user=0.24 sys=0.00, real=0.02 secs] 
2016-09-24T00:38:46.741-0400: 97.807: [GC (GCLocker Initiated GC) [PSYoungGen: 143316K->61526K(175104K)] 336708K->297742K(699392K), 0.0161226 secs] [Times: user=0.18 sys=0.00, real=0.02 secs] 
2016-09-24T00:38:46.890-0400: 97.956: [GC (GCLocker Initiated GC) [PSYoungGen: 149590K->37094K(175104K)] 398036K->322258K(699392K), 0.0253015 secs] [Times: user=0.23 sys=0.01, real=0.03 secs] 
2016-09-24T00:38:47.040-0400: 98.106: [GC (GCLocker Initiated GC) [PSYoungGen: 125158K->85954K(175104K)] 410476K->383714K(699392K), 0.0118570 secs] [Times: user=0.15 sys=0.00, real=0.01 secs] 
2016-09-24T00:38:47.208-0400: 98.274: [GC (Allocation Failure) [PSYoungGen: 174018K->18869K(175104K)] 496349K->390239K(699392K), 0.0199282 secs] [Times: user=0.20 sys=0.00, real=0.02 secs] 
2016-09-24T00:38:47.352-0400: 98.418: [GC (GCLocker Initiated GC) [PSYoungGen: 106933K->55351K(175104K)] 478303K->426857K(699392K), 0.0072518 secs] [Times: user=0.09 sys=0.00, real=0.01 secs] 
2016-09-24T00:38:47.493-0400: 98.559: [GC (Allocation Failure) [PSYoungGen: 143415K->37357K(175104K)] 527348K->439627K(699392K), 0.0085012 secs] [Times: user=0.08 sys=0.01, real=0.01 secs] 
2016-09-24T00:38:47.634-0400: 98.700: [GC (GCLocker Initiated GC) [PSYoungGen: 121454K->55191K(175104K)] 529799K->463786K(699392K), 0.0330197 secs] [Times: user=0.30 sys=0.02, real=0.04 secs] 
2016-09-24T00:38:47.788-0400: 98.854: [GC (GCLocker Initiated GC) [PSYoungGen: 143255K->49248K(175104K)] 558090K->464179K(699392K), 0.0143321 secs] [Times: user=0.11 sys=0.00, real=0.02 secs] 
2016-09-24T00:38:47.923-0400: 98.989: [GC (GCLocker Initiated GC) [PSYoungGen: 137312K->43041K(175104K)] 564647K->489016K(699392K), 0.0106359 secs] [Times: user=0.10 sys=0.00, real=0.00 secs] 
2016-09-24T00:38:48.052-0400: 99.118: [GC (GCLocker Initiated GC) [PSYoungGen: 131105K->49507K(175104K)] 583314K->526129K(699392K), 0.0161002 secs] [Times: user=0.14 sys=0.00, real=0.02 secs] 
2016-09-24T00:38:48.068-0400: 99.134: [Full GC (Ergonomics) [PSYoungGen: 49507K->0K(175104K)] [ParOldGen: 476621K->52330K(524288K)] 526129K->52330K(699392K), [Metaspace: 44381K->44381K(1087488K)], 0.0501821 secs] [Times: user=0.22 sys=0.00, real=0.05 secs] 
2016-09-24T00:38:48.285-0400: 99.351: [GC (Allocation Failure) [PSYoungGen: 88064K->85698K(175104K)] 140424K->144134K(699392K), 0.0223103 secs] [Times: user=0.22 sys=0.01, real=0.02 secs] 
2016-09-24T00:38:48.398-0400: 99.464: [GC (GCLocker Initiated GC) [PSYoungGen: 173762K->61330K(175104K)] 232205K->144349K(699392K), 0.0227826 secs] [Times: user=0.21 sys=0.01, real=0.02 secs] 
2016-09-24T00:38:48.527-0400: 99.593: [GC (GCLocker Initiated GC) [PSYoungGen: 149394K->85726K(175104K)] 232667K->181456K(699392K), 0.0103740 secs] [Times: user=0.11 sys=0.00, real=0.01 secs] 
2016-09-24T00:38:48.681-0400: 99.747: [GC (GCLocker Initiated GC) [PSYoungGen: 173790K->55515K(175104K)] 269627K->188086K(699392K), 0.0219257 secs] [Times: user=0.27 sys=0.00, real=0.03 secs] 
2016-09-24T00:38:48.828-0400: 99.894: [GC (GCLocker Initiated GC) [PSYoungGen: 143578K->67601K(175104K)] 282540K->206830K(699392K), 0.0150893 secs] [Times: user=0.16 sys=0.00, real=0.02 secs] 
2016-09-24T00:38:48.996-0400: 100.062: [GC (GCLocker Initiated GC) [PSYoungGen: 155665K->37421K(175104K)] 295115K->195389K(699392K), 0.0266397 secs] [Times: user=0.33 sys=0.01, real=0.03 secs] 
2016-09-24T00:38:49.124-0400: 100.190: [GC (GCLocker Initiated GC) [PSYoungGen: 125485K->67405K(175104K)] 283701K->225888K(699392K), 0.0137376 secs] [Times: user=0.12 sys=0.00, real=0.01 secs] 
2016-09-24T00:38:49.248-0400: 100.314: [GC (Allocation Failure) [PSYoungGen: 155469K->79555K(175104K)] 320287K->244625K(699392K), 0.0251292 secs] [Times: user=0.25 sys=0.00, real=0.02 secs] 
2016-09-24T00:38:49.410-0400: 100.476: [GC (GCLocker Initiated GC) [PSYoungGen: 167619K->67533K(175104K)] 332695K->281508K(699392K), 0.0151035 secs] [Times: user=0.14 sys=0.00, real=0.02 secs] 
2016-09-24T00:38:49.528-0400: 100.594: [GC (Allocation Failure) [PSYoungGen: 155597K->61266K(175104K)] 376003K->281899K(699392K), 0.0090671 secs] [Times: user=0.05 sys=0.00, real=0.01 secs] 
2016-09-24T00:38:49.537-0400: 100.603: [GC (GCLocker Initiated GC) [PSYoungGen: 61273K->32K(175104K)] 281907K->293967K(699392K), 0.0199498 secs] [Times: user=0.27 sys=0.01, real=0.02 secs] 
2016-09-24T00:38:49.689-0400: 100.755: [GC (GCLocker Initiated GC) [PSYoungGen: 84291K->55739K(175104K)] 384301K->355749K(699392K), 0.0075462 secs] [Times: user=0.10 sys=0.00, real=0.01 secs] 
2016-09-24T00:38:49.833-0400: 100.899: [GC (GCLocker Initiated GC) [PSYoungGen: 143803K->85858K(175104K)] 449930K->410742K(699392K), 0.0139143 secs] [Times: user=0.13 sys=0.00, real=0.02 secs] 
2016-09-24T00:38:49.974-0400: 101.040: [GC (GCLocker Initiated GC) [PSYoungGen: 173922K->48952K(175104K)] 498966K->410721K(699392K), 0.0254615 secs] [Times: user=0.28 sys=0.00, real=0.02 secs] 
2016-09-24T00:38:50.112-0400: 101.178: [GC (GCLocker Initiated GC) [PSYoungGen: 137016K->55579K(175104K)] 505114K->460247K(699392K), 0.0172846 secs] [Times: user=0.20 sys=0.01, real=0.02 secs] 
2016-09-24T00:38:50.277-0400: 101.343: [GC (GCLocker Initiated GC) [PSYoungGen: 143643K->73448K(175104K)] 554398K->484471K(699392K), 0.0097545 secs] [Times: user=0.09 sys=0.01, real=0.01 secs] 
2016-09-24T00:38:50.406-0400: 101.472: [GC (GCLocker Initiated GC) [PSYoungGen: 161512K->85758K(175104K)] 572582K->527315K(699392K), 0.0138808 secs] [Times: user=0.15 sys=0.00, real=0.01 secs] 
2016-09-24T00:38:50.525-0400: 101.591: [GC (GCLocker Initiated GC) [PSYoungGen: 173822K->86118K(175104K)] 615701K->540266K(699392K), 0.0098093 secs] [Times: user=0.10 sys=0.00, real=0.01 secs] 
2016-09-24T00:38:50.661-0400: 101.727: [GC (GCLocker Initiated GC) [PSYoungGen: 174182K->73316K(175104K)] 628416K->564440K(699392K), 0.0149062 secs] [Times: user=0.14 sys=0.01, real=0.02 secs] 
2016-09-24T00:38:50.676-0400: 101.742: [Full GC (Ergonomics) [PSYoungGen: 73316K->0K(175104K)] [ParOldGen: 491124K->46163K(524288K)] 564440K->46163K(699392K), [Metaspace: 44381K->44381K(1087488K)], 0.0583891 secs] [Times: user=0.34 sys=0.00, real=0.06 secs] 
2016-09-24T00:38:50.844-0400: 101.910: [GC (GCLocker Initiated GC) [PSYoungGen: 88064K->86214K(175104K)] 134577K->157027K(699392K), 0.0171022 secs] [Times: user=0.17 sys=0.00, real=0.01 secs] 
2016-09-24T00:38:51.000-0400: 102.066: [GC (GCLocker Initiated GC) [PSYoungGen: 174278K->55059K(175104K)] 245093K->169087K(699392K), 0.0097628 secs] [Times: user=0.10 sys=0.00, real=0.01 secs] 
2016-09-24T00:38:51.130-0400: 102.196: [GC (GCLocker Initiated GC) [PSYoungGen: 143123K->61330K(175104K)] 269527K->187830K(699392K), 0.0138788 secs] [Times: user=0.11 sys=0.01, real=0.02 secs] 
2016-09-24T00:38:51.278-0400: 102.344: [GC (GCLocker Initiated GC) [PSYoungGen: 149394K->55287K(175104K)] 276115K->206576K(699392K), 0.0305491 secs] [Times: user=0.30 sys=0.00, real=0.03 secs] 
2016-09-24T00:38:51.423-0400: 102.489: [GC (GCLocker Initiated GC) [PSYoungGen: 143351K->73676K(175104K)] 295012K->243666K(699392K), 0.0182725 secs] [Times: user=0.21 sys=0.00, real=0.01 secs] 
2016-09-24T00:38:51.578-0400: 102.644: [GC (Allocation Failure) [PSYoungGen: 161740K->37062K(175104K)] 343977K->237815K(699392K), 0.0127093 secs] [Times: user=0.12 sys=0.00, real=0.01 secs] 
2016-09-24T00:38:51.686-0400: 102.752: [GC (GCLocker Initiated GC) [PSYoungGen: 125126K->61362K(175104K)] 331954K->268326K(699392K), 0.0341221 secs] [Times: user=0.36 sys=0.00, real=0.03 secs] 
2016-09-24T00:38:51.856-0400: 102.922: [GC (GCLocker Initiated GC) [PSYoungGen: 149426K->55839K(175104K)] 362612K->287518K(699392K), 0.0152938 secs] [Times: user=0.19 sys=0.00, real=0.01 secs] 
2016-09-24T00:38:52.021-0400: 103.087: [GC (GCLocker Initiated GC) [PSYoungGen: 143903K->37258K(175104K)] 387857K->281488K(699392K), 0.0061670 secs] [Times: user=0.06 sys=0.00, real=0.01 secs] 
2016-09-24T00:38:52.145-0400: 103.211: [GC (GCLocker Initiated GC) [PSYoungGen: 125322K->73576K(175104K)] 375747K->324285K(699392K), 0.0086205 secs] [Times: user=0.08 sys=0.00, real=0.00 secs] 
2016-09-24T00:38:52.284-0400: 103.350: [GC (GCLocker Initiated GC) [PSYoungGen: 161640K->43496K(175104K)] 412659K->355394K(699392K), 0.0197277 secs] [Times: user=0.21 sys=0.00, real=0.02 secs] 
2016-09-24T00:38:52.437-0400: 103.503: [GC (Allocation Failure) [PSYoungGen: 131560K->48984K(175104K)] 449827K->385734K(699392K), 0.0086298 secs] [Times: user=0.07 sys=0.00, real=0.01 secs] 
2016-09-24T00:38:52.446-0400: 103.512: [GC (GCLocker Initiated GC) [PSYoungGen: 48988K->32K(175104K)] 385739K->397713K(699392K), 0.0084045 secs] [Times: user=0.07 sys=0.00, real=0.01 secs] 
2016-09-24T00:38:52.601-0400: 103.667: [GC (GCLocker Initiated GC) [PSYoungGen: 85650K->80007K(175104K)] 489406K->483763K(699392K), 0.0086747 secs] [Times: user=0.08 sys=0.00, real=0.01 secs] 
2016-09-24T00:38:52.709-0400: 103.775: [GC (GCLocker Initiated GC) [PSYoungGen: 168071K->42877K(175104K)] 572194K->508257K(699392K), 0.0196853 secs] [Times: user=0.21 sys=0.00, real=0.02 secs] 
2016-09-24T00:38:52.729-0400: 103.795: [Full GC (Ergonomics) [PSYoungGen: 42877K->0K(175104K)] [ParOldGen: 465380K->52267K(524288K)] 508257K->52267K(699392K), [Metaspace: 44389K->44389K(1087488K)], 0.0507608 secs] [Times: user=0.23 sys=0.00, real=0.05 secs] 
2016-09-24T00:38:52.896-0400: 103.962: [GC (Allocation Failure) [PSYoungGen: 88064K->62266K(175104K)] 146756K->120958K(699392K), 0.0168289 secs] [Times: user=0.15 sys=0.00, real=0.01 secs] 
2016-09-24T00:38:53.029-0400: 104.095: [GC (GCLocker Initiated GC) [PSYoungGen: 150330K->67533K(175104K)] 209027K->145571K(699392K), 0.0096988 secs] [Times: user=0.08 sys=0.00, real=0.01 secs] 
2016-09-24T00:38:53.151-0400: 104.217: [GC (GCLocker Initiated GC) [PSYoungGen: 155597K->67501K(175104K)] 233822K->182304K(699392K), 0.0217433 secs] [Times: user=0.26 sys=0.00, real=0.02 secs] 
2016-09-24T00:38:53.293-0400: 104.359: [GC (GCLocker Initiated GC) [PSYoungGen: 155565K->67505K(175104K)] 270549K->225282K(699392K), 0.0105620 secs] [Times: user=0.08 sys=0.00, real=0.02 secs] 
2016-09-24T00:38:53.428-0400: 104.495: [GC (Allocation Failure) [PSYoungGen: 155569K->73512K(175104K)] 313662K->262403K(699392K), 0.0221171 secs] [Times: user=0.24 sys=0.00, real=0.02 secs] 
2016-09-24T00:38:53.560-0400: 104.626: [GC (GCLocker Initiated GC) [PSYoungGen: 157421K->67601K(175104K)] 352388K->262671K(699392K), 0.0223490 secs] [Times: user=0.22 sys=0.00, real=0.03 secs] 
2016-09-24T00:38:53.710-0400: 104.776: [GC (GCLocker Initiated GC) [PSYoungGen: 155665K->67469K(175104K)] 351096K->293722K(699392K), 0.0102442 secs] [Times: user=0.09 sys=0.00, real=0.01 secs] 
2016-09-24T00:38:53.863-0400: 104.929: [GC (GCLocker Initiated GC) [PSYoungGen: 155533K->49376K(175104K)] 388152K->318525K(699392K), 0.0157280 secs] [Times: user=0.15 sys=0.00, real=0.01 secs] 
2016-09-24T00:38:54.014-0400: 105.080: [GC (GCLocker Initiated GC) [PSYoungGen: 137440K->55451K(175104K)] 419083K->337197K(699392K), 0.0223267 secs] [Times: user=0.26 sys=0.01, real=0.02 secs] 
2016-09-24T00:38:54.150-0400: 105.216: [GC (GCLocker Initiated GC) [PSYoungGen: 143515K->55351K(175104K)] 437570K->349690K(699392K), 0.0115806 secs] [Times: user=0.12 sys=0.01, real=0.01 secs] 
2016-09-24T00:38:54.301-0400: 105.367: [GC (Allocation Failure) [PSYoungGen: 143415K->55095K(175104K)] 443871K->373863K(699392K), 0.0218403 secs] [Times: user=0.20 sys=0.00, real=0.03 secs] 
2016-09-24T00:38:54.444-0400: 105.510: [GC (GCLocker Initiated GC) [PSYoungGen: 141110K->73576K(175104K)] 465953K->416920K(699392K), 0.0088928 secs] [Times: user=0.09 sys=0.00, real=0.00 secs] 
2016-09-24T00:38:54.578-0400: 105.644: [GC (GCLocker Initiated GC) [PSYoungGen: 161640K->79751K(175104K)] 505172K->441799K(699392K), 0.0193417 secs] [Times: user=0.21 sys=0.00, real=0.02 secs] 
2016-09-24T00:38:54.699-0400: 105.765: [GC (GCLocker Initiated GC) [PSYoungGen: 167815K->61102K(175104K)] 536299K->460244K(699392K), 0.0217991 secs] [Times: user=0.19 sys=0.00, real=0.02 secs] 
2016-09-24T00:38:54.852-0400: 105.918: [GC (GCLocker Initiated GC) [PSYoungGen: 149166K->73708K(175104K)] 548356K->497294K(699392K), 0.0225435 secs] [Times: user=0.24 sys=0.00, real=0.03 secs] 
2016-09-24T00:38:55.013-0400: 106.079: [GC (GCLocker Initiated GC) [PSYoungGen: 161772K->37098K(175104K)] 597607K->503575K(699392K), 0.0415155 secs] [Times: user=0.46 sys=0.00, real=0.05 secs] 
2016-09-24T00:38:55.165-0400: 106.231: [Full GC (Ergonomics) [PSYoungGen: 125162K->0K(175104K)] [ParOldGen: 472913K->52895K(524288K)] 598075K->52895K(699392K), [Metaspace: 44389K->44389K(1087488K)], 0.0662120 secs] [Times: user=0.47 sys=0.00, real=0.06 secs] 
2016-09-24T00:38:55.356-0400: 106.422: [GC (GCLocker Initiated GC) [PSYoungGen: 88064K->80035K(175104K)] 147222K->139193K(699392K), 0.0092543 secs] [Times: user=0.11 sys=0.00, real=0.01 secs] 
2016-09-24T00:38:55.478-0400: 106.544: [GC (Allocation Failure) [PSYoungGen: 168099K->61718K(175104K)] 233547K->170254K(699392K), 0.0261766 secs] [Times: user=0.31 sys=0.00, real=0.03 secs] 
2016-09-24T00:38:55.617-0400: 106.683: [GC (GCLocker Initiated GC) [PSYoungGen: 149782K->67505K(175104K)] 258320K->176294K(699392K), 0.0179668 secs] [Times: user=0.14 sys=0.00, real=0.02 secs] 
2016-09-24T00:38:55.738-0400: 106.804: [GC (GCLocker Initiated GC) [PSYoungGen: 155569K->86118K(175104K)] 264545K->237779K(699392K), 0.0187209 secs] [Times: user=0.24 sys=0.00, real=0.02 secs] 
2016-09-24T00:38:55.901-0400: 106.967: [GC (GCLocker Initiated GC) [PSYoungGen: 174182K->19160K(175104K)] 350483K->262547K(699392K), 0.0222067 secs] [Times: user=0.26 sys=0.00, real=0.03 secs] 
2016-09-24T00:38:56.061-0400: 107.128: [GC (GCLocker Initiated GC) [PSYoungGen: 107224K->61298K(175104K)] 350754K->305094K(699392K), 0.0179431 secs] [Times: user=0.17 sys=0.00, real=0.02 secs] 
2016-09-24T00:38:56.206-0400: 107.272: [GC (GCLocker Initiated GC) [PSYoungGen: 149362K->79555K(175104K)] 393244K->341766K(699392K), 0.0183376 secs] [Times: user=0.18 sys=0.00, real=0.02 secs] 
2016-09-24T00:38:56.337-0400: 107.403: [GC (GCLocker Initiated GC) [PSYoungGen: 167619K->31118K(175104K)] 441987K->354354K(699392K), 0.0288776 secs] [Times: user=0.30 sys=0.00, real=0.03 secs] 
2016-09-24T00:38:56.489-0400: 107.555: [GC (GCLocker Initiated GC) [PSYoungGen: 119182K->37130K(175104K)] 454727K->391142K(699392K), 0.0154607 secs] [Times: user=0.16 sys=0.00, real=0.02 secs] 
2016-09-24T00:38:56.647-0400: 107.713: [GC (GCLocker Initiated GC) [PSYoungGen: 125194K->79587K(175104K)] 479304K->452190K(699392K), 0.0086585 secs] [Times: user=0.09 sys=0.00, real=0.01 secs] 
2016-09-24T00:38:56.783-0400: 107.849: [GC (GCLocker Initiated GC) [PSYoungGen: 167651K->67341K(175104K)] 540923K->483257K(699392K), 0.0158557 secs] [Times: user=0.15 sys=0.00, real=0.01 secs] 
2016-09-24T00:38:56.924-0400: 107.990: [GC (GCLocker Initiated GC) [PSYoungGen: 155405K->42977K(175104K)] 577724K->495922K(699392K), 0.0248698 secs] [Times: user=0.22 sys=0.00, real=0.02 secs] 
2016-09-24T00:38:57.076-0400: 108.142: [Full GC (Ergonomics) [PSYoungGen: 131041K->0K(175104K)] [ParOldGen: 459353K->52897K(524288K)] 590394K->52897K(699392K), [Metaspace: 44391K->44391K(1087488K)], 0.0505452 secs] [Times: user=0.20 sys=0.01, real=0.05 secs] 
2016-09-24T00:38:57.251-0400: 108.317: [GC (GCLocker Initiated GC) [PSYoungGen: 82847K->67473K(175104K)] 147895K->132521K(699392K), 0.0322633 secs] [Times: user=0.29 sys=0.00, real=0.04 secs] 
2016-09-24T00:38:57.383-0400: 108.449: [GC (GCLocker Initiated GC) [PSYoungGen: 155537K->85790K(175104K)] 220716K->212042K(699392K), 0.0210429 secs] [Times: user=0.28 sys=0.00, real=0.02 secs] 
2016-09-24T00:38:57.516-0400: 108.582: [GC (GCLocker Initiated GC) [PSYoungGen: 173854K->79747K(175104K)] 300171K->273204K(699392K), 0.0130803 secs] [Times: user=0.19 sys=0.01, real=0.01 secs] 
2016-09-24T00:38:57.663-0400: 108.729: [GC (GCLocker Initiated GC) [PSYoungGen: 167811K->61262K(175104K)] 367374K->315792K(699392K), 0.0101115 secs] [Times: user=0.12 sys=0.00, real=0.00 secs] 
2016-09-24T00:38:57.806-0400: 108.872: [GC (GCLocker Initiated GC) [PSYoungGen: 149326K->85790K(175104K)] 403892K->389139K(699392K), 0.0227444 secs] [Times: user=0.25 sys=0.00, real=0.02 secs] 
2016-09-24T00:38:57.933-0400: 108.999: [GC (Allocation Failure) [PSYoungGen: 173854K->43073K(175104K)] 477256K->407484K(699392K), 0.0233652 secs] [Times: user=0.23 sys=0.00, real=0.03 secs] 
2016-09-24T00:38:58.091-0400: 109.157: [GC (GCLocker Initiated GC) [PSYoungGen: 131137K->73284K(175104K)] 495550K->456182K(699392K), 0.0101424 secs] [Times: user=0.08 sys=0.00, real=0.01 secs] 
2016-09-24T00:38:58.248-0400: 109.314: [GC (Allocation Failure) [PSYoungGen: 161348K->55287K(175104K)] 562580K->474871K(699392K), 0.0215014 secs] [Times: user=0.19 sys=0.00, real=0.02 secs] 
2016-09-24T00:38:58.387-0400: 109.453: [GC (GCLocker Initiated GC) [PSYoungGen: 143351K->73804K(175104K)] 563080K->524075K(699392K), 0.0113807 secs] [Times: user=0.17 sys=0.00, real=0.01 secs] 
2016-09-24T00:38:58.398-0400: 109.464: [Full GC (Ergonomics) [PSYoungGen: 73804K->0K(175104K)] [ParOldGen: 450271K->47321K(524288K)] 524075K->47321K(699392K), [Metaspace: 44396K->44396K(1087488K)], 0.0521248 secs] [Times: user=0.40 sys=0.01, real=0.05 secs] 
2016-09-24T00:38:58.570-0400: 109.636: [GC (GCLocker Initiated GC) [PSYoungGen: 88064K->79715K(175104K)] 147606K->139257K(699392K), 0.0162824 secs] [Times: user=0.22 sys=0.00, real=0.02 secs] 
2016-09-24T00:38:58.694-0400: 109.760: [GC (GCLocker Initiated GC) [PSYoungGen: 167779K->43297K(175104K)] 233667K->176349K(699392K), 0.0123941 secs] [Times: user=0.16 sys=0.00, real=0.02 secs] 
2016-09-24T00:38:58.849-0400: 109.915: [GC (GCLocker Initiated GC) [PSYoungGen: 131361K->67537K(175104K)] 270592K->207027K(699392K), 0.0105947 secs] [Times: user=0.06 sys=0.00, real=0.01 secs] 
2016-09-24T00:38:58.990-0400: 110.056: [GC (GCLocker Initiated GC) [PSYoungGen: 155601K->85626K(175104K)] 295172K->274269K(699392K), 0.0118046 secs] [Times: user=0.18 sys=0.00, real=0.01 secs] 
2016-09-24T00:38:59.094-0400: 110.160: [GC (GCLocker Initiated GC) [PSYoungGen: 173690K->79683K(175104K)] 362414K->280701K(699392K), 0.0105282 secs] [Times: user=0.10 sys=0.00, real=0.01 secs] 
2016-09-24T00:38:59.269-0400: 110.335: [GC (GCLocker Initiated GC) [PSYoungGen: 167747K->79487K(175104K)] 368840K->341614K(699392K), 0.0108177 secs] [Times: user=0.10 sys=0.01, real=0.01 secs] 
2016-09-24T00:38:59.423-0400: 110.489: [GC (GCLocker Initiated GC) [PSYoungGen: 167547K->55255K(175104K)] 442118K->372462K(699392K), 0.0165498 secs] [Times: user=0.15 sys=0.00, real=0.01 secs] 
2016-09-24T00:38:59.546-0400: 110.612: [GC (GCLocker Initiated GC) [PSYoungGen: 143319K->61398K(175104K)] 466794K->384944K(699392K), 0.0437943 secs] [Times: user=0.42 sys=0.01, real=0.04 secs] 
2016-09-24T00:38:59.689-0400: 110.755: [GC (GCLocker Initiated GC) [PSYoungGen: 149462K->55255K(175104K)] 479170K->433863K(699392K), 0.0183938 secs] [Times: user=0.18 sys=0.00, real=0.02 secs] 
2016-09-24T00:38:59.849-0400: 110.915: [GC (GCLocker Initiated GC) [PSYoungGen: 143319K->55191K(175104K)] 521974K->452323K(699392K), 0.0405592 secs] [Times: user=0.41 sys=0.00, real=0.04 secs] 
2016-09-24T00:39:00.000-0400: 111.066: [GC (GCLocker Initiated GC) [PSYoungGen: 143255K->61266K(175104K)] 540398K->489059K(699392K), 0.0211489 secs] [Times: user=0.22 sys=0.00, real=0.02 secs] 
2016-09-24T00:39:00.119-0400: 111.185: [Full GC (Ergonomics) [PSYoungGen: 149330K->0K(175104K)] [ParOldGen: 439980K->58893K(524288K)] 589310K->58893K(699392K), [Metaspace: 44396K->44396K(1087488K)], 0.0905019 secs] [Times: user=0.70 sys=0.00, real=0.09 secs] 
2016-09-24T00:39:00.323-0400: 111.389: [GC (GCLocker Initiated GC) [PSYoungGen: 88064K->86374K(175104K)] 146994K->169604K(699392K), 0.0097945 secs] [Times: user=0.12 sys=0.00, real=0.00 secs] 
2016-09-24T00:39:00.487-0400: 111.553: [GC (GCLocker Initiated GC) [PSYoungGen: 174438K->37126K(175104K)] 263942K->188100K(699392K), 0.0120073 secs] [Times: user=0.12 sys=0.02, real=0.01 secs] 
2016-09-24T00:39:00.642-0400: 111.709: [GC (GCLocker Initiated GC) [PSYoungGen: 125190K->37581K(175104K)] 294554K->207222K(699392K), 0.0062285 secs] [Times: user=0.08 sys=0.00, real=0.00 secs] 
2016-09-24T00:39:00.775-0400: 111.841: [GC (Allocation Failure) [PSYoungGen: 125645K->37030K(175104K)] 302040K->213535K(699392K), 0.0060961 secs] [Times: user=0.04 sys=0.00, real=0.00 secs] 
2016-09-24T00:39:00.888-0400: 111.954: [GC (GCLocker Initiated GC) [PSYoungGen: 119137K->67469K(175104K)] 301718K->268573K(699392K), 0.0276599 secs] [Times: user=0.32 sys=0.00, real=0.03 secs] 
2016-09-24T00:39:01.048-0400: 112.114: [GC (GCLocker Initiated GC) [PSYoungGen: 155533K->67665K(175104K)] 356791K->299378K(699392K), 0.0177794 secs] [Times: user=0.15 sys=0.01, real=0.02 secs] 
2016-09-24T00:39:01.186-0400: 112.252: [GC (GCLocker Initiated GC) [PSYoungGen: 155729K->55451K(175104K)] 387539K->305606K(699392K), 0.0189046 secs] [Times: user=0.23 sys=0.00, real=0.02 secs] 
2016-09-24T00:39:01.301-0400: 112.367: [GC (GCLocker Initiated GC) [PSYoungGen: 143515K->55223K(175104K)] 399797K->329982K(699392K), 0.0093584 secs] [Times: user=0.08 sys=0.00, real=0.01 secs] 
2016-09-24T00:39:01.442-0400: 112.509: [GC (GCLocker Initiated GC) [PSYoungGen: 143287K->61394K(175104K)] 418184K->360874K(699392K), 0.0239448 secs] [Times: user=0.23 sys=0.00, real=0.02 secs] 
2016-09-24T00:39:01.579-0400: 112.645: [GC (Allocation Failure) [PSYoungGen: 149458K->43137K(175104K)] 455184K->367371K(699392K), 0.0064415 secs] [Times: user=0.06 sys=0.00, real=0.01 secs] 
2016-09-24T00:39:01.691-0400: 112.757: [GC (Allocation Failure) [PSYoungGen: 131201K->61554K(175104K)] 455435K->428637K(699392K), 0.0126068 secs] [Times: user=0.15 sys=0.01, real=0.02 secs] 
2016-09-24T00:39:01.855-0400: 112.921: [GC (GCLocker Initiated GC) [PSYoungGen: 149618K->55287K(175104K)] 516701K->440871K(699392K), 0.0132722 secs] [Times: user=0.15 sys=0.00, real=0.01 secs] 
2016-09-24T00:39:01.982-0400: 113.048: [GC (GCLocker Initiated GC) [PSYoungGen: 143351K->79587K(175104K)] 528971K->465483K(699392K), 0.0135551 secs] [Times: user=0.13 sys=0.00, real=0.02 secs] 
2016-09-24T00:39:02.100-0400: 113.166: [GC (GCLocker Initiated GC) [PSYoungGen: 167651K->61458K(175104K)] 559776K->496415K(699392K), 0.0143139 secs] [Times: user=0.16 sys=0.01, real=0.01 secs] 
2016-09-24T00:39:02.253-0400: 113.319: [GC (GCLocker Initiated GC) [PSYoungGen: 149522K->48984K(175104K)] 590775K->508713K(699392K), 0.0081191 secs] [Times: user=0.07 sys=0.00, real=0.01 secs] 
2016-09-24T00:39:02.390-0400: 113.456: [GC (Allocation Failure) [PSYoungGen: 137048K->73384K(175104K)] 596808K->533239K(699392K), 0.0106648 secs] [Times: user=0.08 sys=0.00, real=0.01 secs] 
2016-09-24T00:39:02.522-0400: 113.589: [Full GC (Ergonomics) [PSYoungGen: 156511K->0K(175104K)] [ParOldGen: 465930K->46627K(524288K)] 622442K->46627K(699392K), [Metaspace: 44398K->44398K(1087488K)], 0.0719737 secs] [Times: user=0.49 sys=0.01, real=0.07 secs] 
2016-09-24T00:39:02.729-0400: 113.795: [GC (GCLocker Initiated GC) [PSYoungGen: 88064K->86082K(175104K)] 134755K->138848K(699392K), 0.0094793 secs] [Times: user=0.10 sys=0.00, real=0.01 secs] 
2016-09-24T00:39:02.864-0400: 113.930: [GC (GCLocker Initiated GC) [PSYoungGen: 174146K->61490K(175104K)] 239200K->175691K(699392K), 0.0149530 secs] [Times: user=0.17 sys=0.00, real=0.01 secs] 
2016-09-24T00:39:03.004-0400: 114.070: [GC (GCLocker Initiated GC) [PSYoungGen: 149554K->61426K(175104K)] 269883K->218340K(699392K), 0.0162606 secs] [Times: user=0.17 sys=0.00, real=0.01 secs] 
2016-09-24T00:39:03.125-0400: 114.191: [GC (GCLocker Initiated GC) [PSYoungGen: 149490K->67373K(175104K)] 306446K->242830K(699392K), 0.0177297 secs] [Times: user=0.19 sys=0.01, real=0.02 secs] 
2016-09-24T00:39:03.292-0400: 114.358: [GC (Allocation Failure) [PSYoungGen: 155437K->18741K(175104K)] 349440K->237280K(699392K), 0.0190444 secs] [Times: user=0.23 sys=0.01, real=0.02 secs] 
2016-09-24T00:39:03.449-0400: 114.515: [GC (GCLocker Initiated GC) [PSYoungGen: 106805K->55319K(175104K)] 325350K->273959K(699392K), 0.0266546 secs] [Times: user=0.30 sys=0.01, real=0.03 secs] 
2016-09-24T00:39:03.615-0400: 114.681: [GC (GCLocker Initiated GC) [PSYoungGen: 143383K->73316K(175104K)] 362255K->292300K(699392K), 0.0335901 secs] [Times: user=0.36 sys=0.00, real=0.03 secs] 
2016-09-24T00:39:03.803-0400: 114.869: [GC (GCLocker Initiated GC) [PSYoungGen: 161380K->67241K(175104K)] 386587K->310808K(699392K), 0.0106959 secs] [Times: user=0.10 sys=0.00, real=0.00 secs] 
2016-09-24T00:39:03.931-0400: 114.997: [GC (GCLocker Initiated GC) [PSYoungGen: 155305K->48952K(175104K)] 398937K->316963K(699392K), 0.0165780 secs] [Times: user=0.14 sys=0.00, real=0.02 secs] 
2016-09-24T00:39:04.068-0400: 115.134: [GC (GCLocker Initiated GC) [PSYoungGen: 137016K->86150K(175104K)] 405136K->409097K(699392K), 0.0199014 secs] [Times: user=0.24 sys=0.01, real=0.02 secs] 
2016-09-24T00:39:04.207-0400: 115.273: [GC (GCLocker Initiated GC) [PSYoungGen: 174214K->37098K(175104K)] 503395K->409236K(699392K), 0.0316700 secs] [Times: user=0.32 sys=0.00, real=0.03 secs] 
2016-09-24T00:39:04.337-0400: 115.403: [GC (GCLocker Initiated GC) [PSYoungGen: 125162K->73872K(175104K)] 497363K->464754K(699392K), 0.0142725 secs] [Times: user=0.15 sys=0.00, real=0.01 secs] 
2016-09-24T00:39:04.463-0400: 115.529: [GC (GCLocker Initiated GC) [PSYoungGen: 161936K->61298K(175104K)] 559035K->482785K(699392K), 0.0202576 secs] [Times: user=0.19 sys=0.00, real=0.02 secs] 
2016-09-24T00:39:04.595-0400: 115.661: [GC (GCLocker Initiated GC) [PSYoungGen: 149362K->49180K(175104K)] 576978K->507291K(699392K), 0.0139896 secs] [Times: user=0.14 sys=0.00, real=0.01 secs] 
2016-09-24T00:39:04.713-0400: 115.779: [Full GC (Ergonomics) [PSYoungGen: 137244K->0K(175104K)] [ParOldGen: 470560K->53129K(524288K)] 607804K->53129K(699392K), [Metaspace: 44405K->44405K(1087488K)], 0.0786145 secs] [Times: user=0.56 sys=0.00, real=0.08 secs] 
2016-09-24T00:39:04.915-0400: 115.981: [GC (GCLocker Initiated GC) [PSYoungGen: 88064K->85758K(175104K)] 141397K->145166K(699392K), 0.0084671 secs] [Times: user=0.09 sys=0.01, real=0.01 secs] 
2016-09-24T00:39:05.067-0400: 116.133: [GC (GCLocker Initiated GC) [PSYoungGen: 173822K->18869K(175104K)] 252090K->115621K(699392K), 0.0099136 secs] [Times: user=0.12 sys=0.00, real=0.01 secs] 
2016-09-24T00:39:05.233-0400: 116.299: [GC (GCLocker Initiated GC) [PSYoungGen: 106933K->85726K(175104K)] 204047K->189198K(699392K), 0.0109993 secs] [Times: user=0.16 sys=0.00, real=0.02 secs] 
2016-09-24T00:39:05.367-0400: 116.433: [GC (Allocation Failure) [PSYoungGen: 173790K->73640K(175104K)] 277449K->214017K(699392K), 0.0139709 secs] [Times: user=0.17 sys=0.00, real=0.01 secs] 
2016-09-24T00:39:05.487-0400: 116.553: [GC (GCLocker Initiated GC) [PSYoungGen: 159507K->73868K(175104K)] 305959K->275139K(699392K), 0.0127329 secs] [Times: user=0.17 sys=0.01, real=0.01 secs] 
2016-09-24T00:39:05.677-0400: 116.743: [GC (GCLocker Initiated GC) [PSYoungGen: 161932K->30695K(175104K)] 375491K->262730K(699392K), 0.0079054 secs] [Times: user=0.04 sys=0.00, real=0.01 secs] 
2016-09-24T00:39:05.820-0400: 116.886: [GC (GCLocker Initiated GC) [PSYoungGen: 118759K->49376K(175104K)] 363176K->324296K(699392K), 0.0145321 secs] [Times: user=0.15 sys=0.00, real=0.02 secs] 
2016-09-24T00:39:05.953-0400: 117.020: [GC (GCLocker Initiated GC) [PSYoungGen: 137440K->37617K(175104K)] 418695K->319132K(699392K), 0.0081206 secs] [Times: user=0.08 sys=0.00, real=0.01 secs] 
2016-09-24T00:39:06.084-0400: 117.150: [GC (GCLocker Initiated GC) [PSYoungGen: 125681K->55191K(175104K)] 413448K->361449K(699392K), 0.0160421 secs] [Times: user=0.16 sys=0.01, real=0.01 secs] 
2016-09-24T00:39:06.221-0400: 117.287: [GC (GCLocker Initiated GC) [PSYoungGen: 143255K->55191K(175104K)] 449729K->367819K(699392K), 0.0172835 secs] [Times: user=0.13 sys=0.00, real=0.02 secs] 
2016-09-24T00:39:06.337-0400: 117.403: [GC (Allocation Failure) [PSYoungGen: 143255K->67473K(175104K)] 455919K->386307K(699392K), 0.0202915 secs] [Times: user=0.17 sys=0.00, real=0.02 secs] 
2016-09-24T00:39:06.475-0400: 117.541: [GC (GCLocker Initiated GC) [PSYoungGen: 155537K->73608K(175104K)] 474377K->459753K(699392K), 0.0155950 secs] [Times: user=0.20 sys=0.00, real=0.01 secs] 
2016-09-24T00:39:06.617-0400: 117.683: [GC (GCLocker Initiated GC) [PSYoungGen: 161672K->67505K(175104K)] 548133K->454210K(699392K), 0.0157549 secs] [Times: user=0.15 sys=0.00, real=0.01 secs] 
2016-09-24T00:39:06.757-0400: 117.823: [GC (GCLocker Initiated GC) [PSYoungGen: 155569K->61362K(175104K)] 548508K->491034K(699392K), 0.0226757 secs] [Times: user=0.23 sys=0.00, real=0.02 secs] 
2016-09-24T00:39:06.895-0400: 117.961: [GC (GCLocker Initiated GC) [PSYoungGen: 149426K->73676K(175104K)] 585512K->546316K(699392K), 0.0187578 secs] [Times: user=0.20 sys=0.00, real=0.01 secs] 
2016-09-24T00:39:06.914-0400: 117.980: [Full GC (Ergonomics) [PSYoungGen: 73676K->0K(175104K)] [ParOldGen: 472640K->52904K(524288K)] 546316K->52904K(699392K), [Metaspace: 44406K->44406K(1087488K)], 0.0558632 secs] [Times: user=0.31 sys=0.01, real=0.06 secs] 
2016-09-24T00:39:07.109-0400: 118.175: [GC (GCLocker Initiated GC) [PSYoungGen: 88064K->79651K(175104K)] 141004K->132591K(699392K), 0.0096754 secs] [Times: user=0.10 sys=0.00, real=0.01 secs] 
2016-09-24T00:39:07.246-0400: 118.312: [GC (GCLocker Initiated GC) [PSYoungGen: 167715K->55383K(175104K)] 226799K->163375K(699392K), 0.0112134 secs] [Times: user=0.16 sys=0.01, real=0.01 secs] 
2016-09-24T00:39:07.379-0400: 118.445: [GC (Allocation Failure) [PSYoungGen: 143445K->61202K(175104K)] 251793K->188041K(699392K), 0.0143386 secs] [Times: user=0.15 sys=0.00, real=0.01 secs] 
2016-09-24T00:39:07.502-0400: 118.568: [GC (GCLocker Initiated GC) [PSYoungGen: 145782K->37517K(175104K)] 278697K->188769K(699392K), 0.0099262 secs] [Times: user=0.13 sys=0.00, real=0.01 secs] 
2016-09-24T00:39:07.632-0400: 118.698: [GC (GCLocker Initiated GC) [PSYoungGen: 125581K->73804K(175104K)] 289031K->255933K(699392K), 0.0138847 secs] [Times: user=0.16 sys=0.00, real=0.02 secs] 
2016-09-24T00:39:07.744-0400: 118.810: [GC (GCLocker Initiated GC) [PSYoungGen: 161868K->49212K(175104K)] 344143K->292356K(699392K), 0.0098690 secs] [Times: user=0.09 sys=0.01, real=0.01 secs] 
2016-09-24T00:39:07.875-0400: 118.941: [GC (GCLocker Initiated GC) [PSYoungGen: 137276K->85954K(175104K)] 380597K->372115K(699392K), 0.0246423 secs] [Times: user=0.34 sys=0.01, real=0.02 secs] 
2016-09-24T00:39:08.049-0400: 119.115: [GC (GCLocker Initiated GC) [PSYoungGen: 174018K->67405K(175104K)] 466302K->372435K(699392K), 0.0159083 secs] [Times: user=0.16 sys=0.00, real=0.02 secs] 
2016-09-24T00:39:08.206-0400: 119.272: [GC (Allocation Failure) [PSYoungGen: 155469K->55251K(175104K)] 467151K->415840K(699392K), 0.0133920 secs] [Times: user=0.16 sys=0.00, real=0.01 secs] 
2016-09-24T00:39:08.316-0400: 119.382: [GC (GCLocker Initiated GC) [PSYoungGen: 143315K->85986K(175104K)] 503910K->452807K(699392K), 0.0102838 secs] [Times: user=0.16 sys=0.00, real=0.01 secs] 
2016-09-24T00:39:08.449-0400: 119.515: [GC (Allocation Failure) [PSYoungGen: 174050K->61654K(175104K)] 547100K->489678K(699392K), 0.0125599 secs] [Times: user=0.16 sys=0.00, real=0.01 secs] 
2016-09-24T00:39:08.462-0400: 119.528: [GC (GCLocker Initiated GC) [PSYoungGen: 62000K->64K(175104K)] 490025K->489379K(699392K), 0.0090912 secs] [Times: user=0.10 sys=0.01, real=0.00 secs] 
2016-09-24T00:39:08.471-0400: 119.538: [Full GC (Ergonomics) [PSYoungGen: 64K->0K(175104K)] [ParOldGen: 489315K->46866K(524288K)] 489379K->46866K(699392K), [Metaspace: 44406K->44406K(1087488K)], 0.0517795 secs] [Times: user=0.35 sys=0.02, real=0.06 secs] 
2016-09-24T00:39:08.616-0400: 119.682: [GC (GCLocker Initiated GC) [PSYoungGen: 88064K->86046K(175104K)] 134935K->169368K(699392K), 0.0102139 secs] [Times: user=0.13 sys=0.00, real=0.01 secs] 
2016-09-24T00:39:08.748-0400: 119.814: [GC (GCLocker Initiated GC) [PSYoungGen: 174110K->55743K(175104K)] 257535K->212655K(699392K), 0.0101811 secs] [Times: user=0.12 sys=0.00, real=0.01 secs] 
2016-09-24T00:39:08.855-0400: 119.921: [GC (GCLocker Initiated GC) [PSYoungGen: 143807K->79783K(175104K)] 300795K->255247K(699392K), 0.0328871 secs] [Times: user=0.39 sys=0.00, real=0.03 secs] 
2016-09-24T00:39:09.012-0400: 120.078: [GC (GCLocker Initiated GC) [PSYoungGen: 167847K->61558K(175104K)] 349535K->279808K(699392K), 0.0253247 secs] [Times: user=0.27 sys=0.00, real=0.03 secs] 
2016-09-24T00:39:09.193-0400: 120.259: [GC (GCLocker Initiated GC) [PSYoungGen: 149622K->48952K(175104K)] 373967K->291789K(699392K), 0.0133408 secs] [Times: user=0.14 sys=0.00, real=0.02 secs] 
2016-09-24T00:39:09.310-0400: 120.376: [GC (GCLocker Initiated GC) [PSYoungGen: 137016K->79747K(175104K)] 379950K->371425K(699392K), 0.0112594 secs] [Times: user=0.13 sys=0.00, real=0.01 secs] 
2016-09-24T00:39:09.445-0400: 120.511: [GC (GCLocker Initiated GC) [PSYoungGen: 167811K->67765K(175104K)] 459615K->396131K(699392K), 0.0221614 secs] [Times: user=0.25 sys=0.01, real=0.02 secs] 
2016-09-24T00:39:09.572-0400: 120.638: [GC (Allocation Failure) [PSYoungGen: 155829K->37126K(175104K)] 496403K->414442K(699392K), 0.0214524 secs] [Times: user=0.24 sys=0.00, real=0.02 secs] 
2016-09-24T00:39:09.708-0400: 120.774: [GC (GCLocker Initiated GC) [PSYoungGen: 125190K->73708K(175104K)] 502511K->451149K(699392K), 0.0103848 secs] [Times: user=0.11 sys=0.00, real=0.01 secs] 
2016-09-24T00:39:09.861-0400: 120.927: [GC (GCLocker Initiated GC) [PSYoungGen: 161772K->55351K(175104K)] 551701K->463601K(699392K), 0.0134567 secs] [Times: user=0.12 sys=0.00, real=0.01 secs] 
2016-09-24T00:39:10.010-0400: 121.076: [GC (GCLocker Initiated GC) [PSYoungGen: 143415K->55287K(175104K)] 557793K->488157K(699392K), 0.0457144 secs] [Times: user=0.45 sys=0.01, real=0.05 secs] 
2016-09-24T00:39:10.186-0400: 121.252: [GC (GCLocker Initiated GC) [PSYoungGen: 143351K->67469K(175104K)] 576532K->543287K(699392K), 0.0223120 secs] [Times: user=0.23 sys=0.00, real=0.02 secs] 
2016-09-24T00:39:10.208-0400: 121.274: [Full GC (Ergonomics) [PSYoungGen: 67469K->0K(175104K)] [ParOldGen: 475818K->53155K(524288K)] 543287K->53155K(699392K), [Metaspace: 44406K->44406K(1087488K)], 0.0600567 secs] [Times: user=0.36 sys=0.01, real=0.06 secs] 
2016-09-24T00:39:10.371-0400: 121.437: [GC (GCLocker Initiated GC) [PSYoungGen: 88064K->86602K(175104K)] 141474K->164312K(699392K), 0.0114336 secs] [Times: user=0.16 sys=0.00, real=0.02 secs] 
2016-09-24T00:39:10.509-0400: 121.575: [GC (Allocation Failure) [PSYoungGen: 174666K->61490K(175104K)] 258549K->200932K(699392K), 0.0099390 secs] [Times: user=0.10 sys=0.00, real=0.01 secs] 
2016-09-24T00:39:10.629-0400: 121.695: [GC (GCLocker Initiated GC) [PSYoungGen: 149554K->73644K(175104K)] 289001K->243734K(699392K), 0.0109358 secs] [Times: user=0.07 sys=0.00, real=0.01 secs] 
2016-09-24T00:39:10.772-0400: 121.838: [GC (GCLocker Initiated GC) [PSYoungGen: 161708K->36966K(175104K)] 337959K->250091K(699392K), 0.0140820 secs] [Times: user=0.14 sys=0.01, real=0.02 secs] 
2016-09-24T00:39:10.908-0400: 121.974: [GC (GCLocker Initiated GC) [PSYoungGen: 125030K->86054K(175104K)] 344350K->335868K(699392K), 0.0103090 secs] [Times: user=0.10 sys=0.00, real=0.01 secs] 
2016-09-24T00:39:11.045-0400: 122.111: [GC (Allocation Failure) [PSYoungGen: 174118K->43137K(175104K)] 430156K->348230K(699392K), 0.0499354 secs] [Times: user=0.54 sys=0.01, real=0.05 secs] 
2016-09-24T00:39:11.218-0400: 122.284: [GC (GCLocker Initiated GC) [PSYoungGen: 129021K->61266K(175104K)] 440189K->396994K(699392K), 0.0170042 secs] [Times: user=0.14 sys=0.01, real=0.02 secs] 
2016-09-24T00:39:11.382-0400: 122.448: [GC (Allocation Failure) [PSYoungGen: 149330K->49116K(175104K)] 485217K->403471K(699392K), 0.0325490 secs] [Times: user=0.31 sys=0.00, real=0.04 secs] 
2016-09-24T00:39:11.415-0400: 122.481: [GC (GCLocker Initiated GC) [PSYoungGen: 49715K->192K(175104K)] 404071K->421685K(699392K), 0.0066195 secs] [Times: user=0.05 sys=0.01, real=0.00 secs] 
2016-09-24T00:39:11.554-0400: 122.620: [GC (GCLocker Initiated GC) [PSYoungGen: 86555K->55807K(175104K)] 514123K->483383K(699392K), 0.0142716 secs] [Times: user=0.15 sys=0.00, real=0.02 secs] 
2016-09-24T00:39:11.685-0400: 122.751: [GC (GCLocker Initiated GC) [PSYoungGen: 143871K->73316K(175104K)] 571495K->507687K(699392K), 0.0237778 secs] [Times: user=0.25 sys=0.00, real=0.02 secs] 
2016-09-24T00:39:11.836-0400: 122.903: [GC (Allocation Failure) [PSYoungGen: 161380K->49312K(175104K)] 602041K->550850K(699392K), 0.0219917 secs] [Times: user=0.24 sys=0.01, real=0.02 secs] 
2016-09-24T00:39:11.859-0400: 122.925: [Full GC (Ergonomics) [PSYoungGen: 49312K->0K(175104K)] [ParOldGen: 501538K->46026K(524288K)] 550850K->46026K(699392K), [Metaspace: 44409K->44409K(1087488K)], 0.0774475 secs] [Times: user=0.65 sys=0.00, real=0.08 secs] 
2016-09-24T00:39:12.052-0400: 123.118: [GC (GCLocker Initiated GC) [PSYoungGen: 86321K->86146K(175104K)] 138422K->144322K(699392K), 0.0159054 secs] [Times: user=0.20 sys=0.00, real=0.02 secs] 
2016-09-24T00:39:12.189-0400: 123.255: [GC (GCLocker Initiated GC) [PSYoungGen: 174210K->79879K(175104K)] 232697K->193932K(699392K), 0.0133592 secs] [Times: user=0.16 sys=0.00, real=0.01 secs] 
2016-09-24T00:39:12.302-0400: 123.368: [GC (GCLocker Initiated GC) [PSYoungGen: 167943K->67469K(175104K)] 282280K->230533K(699392K), 0.0223829 secs] [Times: user=0.26 sys=0.00, real=0.03 secs] 
2016-09-24T00:39:12.451-0400: 123.517: [GC (Allocation Failure) [PSYoungGen: 155533K->67633K(175104K)] 324881K->237077K(699392K), 0.0310605 secs] [Times: user=0.36 sys=0.00, real=0.03 secs] 
2016-09-24T00:39:12.601-0400: 123.667: [GC (GCLocker Initiated GC) [PSYoungGen: 150598K->55447K(175104K)] 326117K->267739K(699392K), 0.0099211 secs] [Times: user=0.13 sys=0.00, real=0.01 secs] 
2016-09-24T00:39:12.717-0400: 123.783: [GC (Allocation Failure) [PSYoungGen: 143511K->73640K(175104K)] 356103K->310676K(699392K), 0.0112391 secs] [Times: user=0.12 sys=0.00, real=0.01 secs] 
2016-09-24T00:39:12.855-0400: 123.921: [GC (GCLocker Initiated GC) [PSYoungGen: 161704K->86150K(175104K)] 398745K->366039K(699392K), 0.0127855 secs] [Times: user=0.17 sys=0.00, real=0.01 secs] 
2016-09-24T00:39:12.995-0400: 124.061: [GC (GCLocker Initiated GC) [PSYoungGen: 174214K->55351K(175104K)] 460360K->359998K(699392K), 0.0067341 secs] [Times: user=0.07 sys=0.00, real=0.00 secs] 
2016-09-24T00:39:13.124-0400: 124.190: [GC (Allocation Failure) [PSYoungGen: 143415K->61362K(175104K)] 448378K->384669K(699392K), 0.0216493 secs] [Times: user=0.24 sys=0.00, real=0.02 secs] 
2016-09-24T00:39:13.279-0400: 124.345: [GC (GCLocker Initiated GC) [PSYoungGen: 144212K->73672K(175104K)] 473594K->427622K(699392K), 0.0149540 secs] [Times: user=0.14 sys=0.00, real=0.01 secs] 
2016-09-24T00:39:13.429-0400: 124.495: [GC (GCLocker Initiated GC) [PSYoungGen: 161736K->55159K(175104K)] 521774K->415285K(699392K), 0.0438929 secs] [Times: user=0.47 sys=0.00, real=0.04 secs] 
2016-09-24T00:39:13.579-0400: 124.645: [GC (GCLocker Initiated GC) [PSYoungGen: 143223K->55091K(175104K)] 509617K->421753K(699392K), 0.0179937 secs] [Times: user=0.15 sys=0.00, real=0.02 secs] 
2016-09-24T00:39:13.714-0400: 124.780: [GC (GCLocker Initiated GC) [PSYoungGen: 143155K->73480K(175104K)] 510082K->440535K(699392K), 0.0214657 secs] [Times: user=0.24 sys=0.01, real=0.03 secs] 
2016-09-24T00:39:13.835-0400: 124.902: [GC (GCLocker Initiated GC) [PSYoungGen: 161544K->61362K(175104K)] 534731K->440908K(699392K), 0.0218608 secs] [Times: user=0.21 sys=0.00, real=0.02 secs] 
2016-09-24T00:39:13.955-0400: 125.021: [GC (GCLocker Initiated GC) [PSYoungGen: 149426K->67633K(175104K)] 529316K->447635K(699392K), 0.0071019 secs] [Times: user=0.06 sys=0.00, real=0.01 secs] 
2016-09-24T00:39:14.101-0400: 125.167: [GC (GCLocker Initiated GC) [PSYoungGen: 155697K->36998K(175104K)] 541979K->454078K(699392K), 0.0334565 secs] [Times: user=0.35 sys=0.00, real=0.04 secs] 
2016-09-24T00:39:14.273-0400: 125.339: [GC (GCLocker Initiated GC) [PSYoungGen: 125062K->61134K(175104K)] 548281K->484620K(699392K), 0.0303515 secs] [Times: user=0.30 sys=0.00, real=0.04 secs] 
2016-09-24T00:39:14.415-0400: 125.481: [GC (GCLocker Initiated GC) [PSYoungGen: 149198K->61266K(175104K)] 572994K->509458K(699392K), 0.0099821 secs] [Times: user=0.08 sys=0.00, real=0.01 secs] 
2016-09-24T00:39:14.525-0400: 125.591: [GC (GCLocker Initiated GC) [PSYoungGen: 149330K->85434K(175104K)] 597670K->552275K(699392K), 0.0184775 secs] [Times: user=0.24 sys=0.00, real=0.02 secs] 
2016-09-24T00:39:14.543-0400: 125.609: [Full GC (Ergonomics) [PSYoungGen: 85434K->0K(175104K)] [ParOldGen: 466841K->52257K(524288K)] 552275K->52257K(699392K), [Metaspace: 44414K->44414K(1087488K)], 0.0505557 secs] [Times: user=0.31 sys=0.00, real=0.04 secs] 
2016-09-24T00:39:14.699-0400: 125.765: [GC (GCLocker Initiated GC) [PSYoungGen: 88064K->86498K(175104K)] 146427K->157011K(699392K), 0.0162830 secs] [Times: user=0.21 sys=0.00, real=0.02 secs] 
2016-09-24T00:39:14.864-0400: 125.930: [GC (Allocation Failure) [PSYoungGen: 174562K->85658K(175104K)] 245172K->206180K(699392K), 0.0157439 secs] [Times: user=0.19 sys=0.00, real=0.01 secs] 
2016-09-24T00:39:15.014-0400: 126.080: [GC (GCLocker Initiated GC) [PSYoungGen: 173721K->55123K(175104K)] 294249K->212212K(699392K), 0.0249762 secs] [Times: user=0.27 sys=0.01, real=0.02 secs] 
2016-09-24T00:39:15.118-0400: 126.184: [GC (Allocation Failure) [PSYoungGen: 143187K->85630K(175104K)] 300335K->242897K(699392K), 0.0391883 secs] [Times: user=0.45 sys=0.00, real=0.04 secs] 
2016-09-24T00:39:15.258-0400: 126.324: [GC (GCLocker Initiated GC) [PSYoungGen: 171110K->67469K(175104K)] 334453K->291845K(699392K), 0.0171471 secs] [Times: user=0.20 sys=0.01, real=0.02 secs] 
2016-09-24T00:39:15.426-0400: 126.492: [GC (GCLocker Initiated GC) [PSYoungGen: 155533K->49148K(175104K)] 386340K->298431K(699392K), 0.0296956 secs] [Times: user=0.34 sys=0.00, real=0.03 secs] 
2016-09-24T00:39:15.581-0400: 126.647: [GC (GCLocker Initiated GC) [PSYoungGen: 137211K->43105K(175104K)] 392925K->299062K(699392K), 0.0071072 secs] [Times: user=0.04 sys=0.00, real=0.01 secs] 
2016-09-24T00:39:15.697-0400: 126.763: [GC (GCLocker Initiated GC) [PSYoungGen: 131169K->79747K(175104K)] 393327K->360429K(699392K), 0.0214931 secs] [Times: user=0.31 sys=0.01, real=0.02 secs] 
2016-09-24T00:39:15.840-0400: 126.906: [GC (Allocation Failure) [PSYoungGen: 167811K->73772K(175104K)] 448837K->391360K(699392K), 0.0148941 secs] [Times: user=0.15 sys=0.02, real=0.02 secs] 
2016-09-24T00:39:15.988-0400: 127.054: [GC (GCLocker Initiated GC) [PSYoungGen: 161836K->43201K(175104K)] 485499K->403605K(699392K), 0.0163536 secs] [Times: user=0.18 sys=0.01, real=0.02 secs] 
2016-09-24T00:39:16.109-0400: 127.175: [GC (Allocation Failure) [PSYoungGen: 131265K->73644K(175104K)] 492025K->452732K(699392K), 0.0101990 secs] [Times: user=0.10 sys=0.00, real=0.01 secs] 
2016-09-24T00:39:16.226-0400: 127.292: [GC (GCLocker Initiated GC) [PSYoungGen: 161708K->85854K(175104K)] 540802K->483465K(699392K), 0.0111206 secs] [Times: user=0.13 sys=0.00, real=0.01 secs] 
2016-09-24T00:39:16.339-0400: 127.405: [GC (Allocation Failure) [PSYoungGen: 173918K->67601K(175104K)] 577797K->471568K(699392K), 0.0133127 secs] [Times: user=0.12 sys=0.00, real=0.01 secs] 
2016-09-24T00:39:16.492-0400: 127.558: [GC (GCLocker Initiated GC) [PSYoungGen: 155665K->37126K(175104K)] 559637K->477856K(699392K), 0.0080871 secs] [Times: user=0.07 sys=0.00, real=0.01 secs] 
2016-09-24T00:39:16.612-0400: 127.678: [GC (GCLocker Initiated GC) [PSYoungGen: 125190K->73448K(175104K)] 566073K->514583K(699392K), 0.0112318 secs] [Times: user=0.09 sys=0.00, real=0.02 secs] 
2016-09-24T00:39:16.730-0400: 127.796: [GC (GCLocker Initiated GC) [PSYoungGen: 161512K->61298K(175104K)] 603003K->551680K(699392K), 0.0129565 secs] [Times: user=0.12 sys=0.00, real=0.02 secs] 
2016-09-24T00:39:16.743-0400: 127.809: [Full GC (Ergonomics) [PSYoungGen: 61298K->0K(175104K)] [ParOldGen: 490382K->46595K(524288K)] 551680K->46595K(699392K), [Metaspace: 44418K->44418K(1087488K)], 0.0523813 secs] [Times: user=0.35 sys=0.01, real=0.05 secs] 
2016-09-24T00:39:16.914-0400: 127.980: [GC (GCLocker Initiated GC) [PSYoungGen: 88064K->86046K(175104K)] 134813K->157096K(699392K), 0.0135782 secs] [Times: user=0.15 sys=0.01, real=0.01 secs] 
2016-09-24T00:39:17.059-0400: 128.125: [GC (GCLocker Initiated GC) [PSYoungGen: 174110K->61522K(175104K)] 251490K->175884K(699392K), 0.0260606 secs] [Times: user=0.30 sys=0.00, real=0.03 secs] 
2016-09-24T00:39:17.212-0400: 128.278: [GC (GCLocker Initiated GC) [PSYoungGen: 149586K->37226K(175104K)] 276245K->182394K(699392K), 0.0096100 secs] [Times: user=0.10 sys=0.00, real=0.01 secs] 
2016-09-24T00:39:17.324-0400: 128.390: [GC (GCLocker Initiated GC) [PSYoungGen: 125290K->85790K(175104K)] 270707K->249747K(699392K), 0.0089498 secs] [Times: user=0.12 sys=0.00, real=0.00 secs] 
2016-09-24T00:39:17.482-0400: 128.548: [GC (GCLocker Initiated GC) [PSYoungGen: 173854K->67437K(175104K)] 337830K->274026K(699392K), 0.0134154 secs] [Times: user=0.12 sys=0.01, real=0.02 secs] 
2016-09-24T00:39:17.623-0400: 128.689: [GC (GCLocker Initiated GC) [PSYoungGen: 155501K->73508K(175104K)] 362093K->316850K(699392K), 0.0117749 secs] [Times: user=0.14 sys=0.01, real=0.01 secs] 
2016-09-24T00:39:17.727-0400: 128.793: [GC (Allocation Failure) [PSYoungGen: 161572K->86018K(175104K)] 405263K->335952K(699392K), 0.0106577 secs] [Times: user=0.18 sys=0.00, real=0.01 secs] 
2016-09-24T00:39:17.852-0400: 128.918: [GC (GCLocker Initiated GC) [PSYoungGen: 172056K->85854K(175104K)] 428065K->366447K(699392K), 0.0128643 secs] [Times: user=0.20 sys=0.00, real=0.02 secs] 
2016-09-24T00:39:18.011-0400: 129.077: [GC (GCLocker Initiated GC) [PSYoungGen: 173918K->55611K(175104K)] 467017K->385304K(699392K), 0.0108411 secs] [Times: user=0.15 sys=0.00, real=0.01 secs] 
2016-09-24T00:39:18.135-0400: 129.201: [GC (GCLocker Initiated GC) [PSYoungGen: 143675K->85986K(175104K)] 473398K->446236K(699392K), 0.0124975 secs] [Times: user=0.18 sys=0.01, real=0.01 secs] 
2016-09-24T00:39:18.263-0400: 129.329: [GC (GCLocker Initiated GC) [PSYoungGen: 174050K->55415K(175104K)] 534454K->489018K(699392K), 0.0132149 secs] [Times: user=0.17 sys=0.00, real=0.01 secs] 
2016-09-24T00:39:18.408-0400: 129.474: [GC (Allocation Failure) [PSYoungGen: 143479K->73672K(175104K)] 583507K->526142K(699392K), 0.0106370 secs] [Times: user=0.14 sys=0.00, real=0.01 secs] 
2016-09-24T00:39:18.419-0400: 129.485: [Full GC (Ergonomics) [PSYoungGen: 73672K->0K(175104K)] [ParOldGen: 452470K->52457K(524288K)] 526142K->52457K(699392K), [Metaspace: 44418K->44418K(1087488K)], 0.0452400 secs] [Times: user=0.38 sys=0.01, real=0.05 secs] 
2016-09-24T00:39:18.583-0400: 129.649: [GC (GCLocker Initiated GC) [PSYoungGen: 88063K->85790K(175104K)] 140526K->162553K(699392K), 0.0144480 secs] [Times: user=0.22 sys=0.00, real=0.01 secs] 
2016-09-24T00:39:18.695-0400: 129.761: [GC (GCLocker Initiated GC) [PSYoungGen: 173854K->61850K(175104K)] 250978K->212182K(699392K), 0.0130426 secs] [Times: user=0.21 sys=0.00, real=0.01 secs] 
2016-09-24T00:39:18.843-0400: 129.909: [GC (GCLocker Initiated GC) [PSYoungGen: 149914K->73640K(175104K)] 300579K->242846K(699392K), 0.0107153 secs] [Times: user=0.17 sys=0.00, real=0.00 secs] 
2016-09-24T00:39:18.979-0400: 130.045: [GC (GCLocker Initiated GC) [PSYoungGen: 161704K->55743K(175104K)] 331131K->243530K(699392K), 0.0096377 secs] [Times: user=0.14 sys=0.00, real=0.01 secs] 
2016-09-24T00:39:19.087-0400: 130.154: [GC (GCLocker Initiated GC) [PSYoungGen: 143807K->73508K(175104K)] 331630K->328472K(699392K), 0.0130040 secs] [Times: user=0.20 sys=0.00, real=0.01 secs] 
2016-09-24T00:39:19.219-0400: 130.285: [GC (GCLocker Initiated GC) [PSYoungGen: 161572K->80011K(175104K)] 416578K->353345K(699392K), 0.0096533 secs] [Times: user=0.13 sys=0.00, real=0.01 secs] 
2016-09-24T00:39:19.357-0400: 130.423: [GC (GCLocker Initiated GC) [PSYoungGen: 168075K->49116K(175104K)] 442195K->341885K(699392K), 0.0127452 secs] [Times: user=0.09 sys=0.00, real=0.01 secs] 
2016-09-24T00:39:19.464-0400: 130.530: [GC (GCLocker Initiated GC) [PSYoungGen: 137180K->85630K(175104K)] 430064K->415240K(699392K), 0.0124466 secs] [Times: user=0.11 sys=0.00, real=0.01 secs] 
2016-09-24T00:39:19.599-0400: 130.665: [GC (GCLocker Initiated GC) [PSYoungGen: 173694K->61526K(175104K)] 503468K->433937K(699392K), 0.0287315 secs] [Times: user=0.27 sys=0.01, real=0.03 secs] 
2016-09-24T00:39:19.749-0400: 130.815: [GC (Allocation Failure) [PSYoungGen: 149590K->49276K(175104K)] 522328K->458764K(699392K), 0.0340283 secs] [Times: user=0.38 sys=0.00, real=0.04 secs] 
2016-09-24T00:39:19.926-0400: 130.992: [GC (GCLocker Initiated GC) [PSYoungGen: 137340K->55319K(175104K)] 546833K->483141K(699392K), 0.0095100 secs] [Times: user=0.10 sys=0.02, real=0.01 secs] 
2016-09-24T00:39:20.068-0400: 131.134: [GC (GCLocker Initiated GC) [PSYoungGen: 143383K->73576K(175104K)] 577473K->507933K(699392K), 0.0122309 secs] [Times: user=0.13 sys=0.00, real=0.01 secs] 
2016-09-24T00:39:20.219-0400: 131.285: [GC (GCLocker Initiated GC) [PSYoungGen: 161640K->61134K(175104K)] 596252K->526225K(699392K), 0.0112344 secs] [Times: user=0.07 sys=0.00, real=0.01 secs] 
2016-09-24T00:39:20.230-0400: 131.297: [Full GC (Ergonomics) [PSYoungGen: 61134K->0K(175104K)] [ParOldGen: 465091K->58786K(524288K)] 526225K->58786K(699392K), [Metaspace: 44426K->44426K(1087488K)], 0.0518738 secs] [Times: user=0.30 sys=0.00, real=0.06 secs] 
2016-09-24T00:39:20.377-0400: 131.443: [GC (GCLocker Initiated GC) [PSYoungGen: 88064K->86990K(175104K)] 146998K->176556K(699392K), 0.0188293 secs] [Times: user=0.26 sys=0.00, real=0.02 secs] 
2016-09-24T00:39:20.503-0400: 131.569: [GC (GCLocker Initiated GC) [PSYoungGen: 175054K->55479K(175104K)] 264842K->207516K(699392K), 0.0101276 secs] [Times: user=0.13 sys=0.00, real=0.00 secs] 
2016-09-24T00:39:20.658-0400: 131.724: [GC (Allocation Failure) [PSYoungGen: 143543K->79391K(175104K)] 301815K->237767K(699392K), 0.0071292 secs] [Times: user=0.06 sys=0.00, real=0.01 secs] 
2016-09-24T00:39:20.802-0400: 131.868: [GC (GCLocker Initiated GC) [PSYoungGen: 163003K->42845K(175104K)] 327454K->249924K(699392K), 0.0179752 secs] [Times: user=0.16 sys=0.01, real=0.02 secs] 
2016-09-24T00:39:20.919-0400: 131.985: [GC (GCLocker Initiated GC) [PSYoungGen: 130909K->73580K(175104K)] 338312K->281094K(699392K), 0.0332693 secs] [Times: user=0.33 sys=0.00, real=0.03 secs] 
2016-09-24T00:39:21.072-0400: 132.138: [GC (GCLocker Initiated GC) [PSYoungGen: 161644K->49635K(175104K)] 375533K->300258K(699392K), 0.0272135 secs] [Times: user=0.27 sys=0.00, real=0.03 secs] 
2016-09-24T00:39:21.205-0400: 132.271: [GC (GCLocker Initiated GC) [PSYoungGen: 137699K->73672K(175104K)] 394708K->349213K(699392K), 0.0173028 secs] [Times: user=0.19 sys=0.00, real=0.02 secs] 
2016-09-24T00:39:21.331-0400: 132.397: [GC (GCLocker Initiated GC) [PSYoungGen: 161736K->80011K(175104K)] 437632K->356026K(699392K), 0.0133124 secs] [Times: user=0.14 sys=0.00, real=0.02 secs] 
2016-09-24T00:39:21.487-0400: 132.553: [GC (Allocation Failure) [PSYoungGen: 168075K->24880K(175104K)] 456886K->368625K(699392K), 0.0143747 secs] [Times: user=0.13 sys=0.00, real=0.01 secs] 
2016-09-24T00:39:21.643-0400: 132.709: [GC (GCLocker Initiated GC) [PSYoungGen: 110849K->55615K(175104K)] 460670K->423796K(699392K), 0.0233824 secs] [Times: user=0.24 sys=0.00, real=0.02 secs] 
2016-09-24T00:39:21.777-0400: 132.843: [GC (GCLocker Initiated GC) [PSYoungGen: 143679K->55287K(175104K)] 517971K->429683K(699392K), 0.0162347 secs] [Times: user=0.16 sys=0.00, real=0.01 secs] 
2016-09-24T00:39:21.903-0400: 132.969: [GC (GCLocker Initiated GC) [PSYoungGen: 143351K->67437K(175104K)] 524038K->466796K(699392K), 0.0189594 secs] [Times: user=0.18 sys=0.00, real=0.02 secs] 
2016-09-24T00:39:22.048-0400: 133.114: [GC (GCLocker Initiated GC) [PSYoungGen: 155501K->67305K(175104K)] 555020K->497458K(699392K), 0.0222894 secs] [Times: user=0.22 sys=0.01, real=0.02 secs] 
2016-09-24T00:39:22.184-0400: 133.250: [GC (Allocation Failure) [PSYoungGen: 155369K->55355K(175104K)] 585788K->504094K(699392K), 0.0224560 secs] [Times: user=0.20 sys=0.00, real=0.02 secs] 
2016-09-24T00:39:22.322-0400: 133.388: [GC (Allocation Failure) [PSYoungGen: 143419K->55223K(175104K)] 592158K->522455K(699392K), 0.0210977 secs] [Times: user=0.23 sys=0.00, real=0.02 secs] 
2016-09-24T00:39:22.344-0400: 133.410: [Full GC (Ergonomics) [PSYoungGen: 55223K->0K(175104K)] [ParOldGen: 467232K->40559K(524288K)] 522455K->40559K(699392K), [Metaspace: 44433K->44433K(1087488K)], 0.0518672 secs] [Times: user=0.28 sys=0.01, real=0.05 secs] 
2016-09-24T00:39:22.495-0400: 133.561: [GC (GCLocker Initiated GC) [PSYoungGen: 85926K->86046K(175104K)] 132561K->138756K(699392K), 0.0081927 secs] [Times: user=0.11 sys=0.00, real=0.01 secs] 
2016-09-24T00:39:22.635-0400: 133.701: [GC (GCLocker Initiated GC) [PSYoungGen: 174110K->73672K(175104K)] 233149K->169913K(699392K), 0.0125234 secs] [Times: user=0.15 sys=0.01, real=0.01 secs] 
2016-09-24T00:39:22.767-0400: 133.833: [GC (GCLocker Initiated GC) [PSYoungGen: 161736K->55223K(175104K)] 264374K->176353K(699392K), 0.0087077 secs] [Times: user=0.07 sys=0.00, real=0.01 secs] 
2016-09-24T00:39:22.888-0400: 133.954: [GC (GCLocker Initiated GC) [PSYoungGen: 143287K->74000K(175104K)] 264638K->213719K(699392K), 0.0154360 secs] [Times: user=0.23 sys=0.00, real=0.02 secs] 
2016-09-24T00:39:23.019-0400: 134.085: [GC (GCLocker Initiated GC) [PSYoungGen: 162064K->73804K(175104K)] 308174K->220026K(699392K), 0.0137892 secs] [Times: user=0.21 sys=0.00, real=0.01 secs] 
2016-09-24T00:39:23.167-0400: 134.233: [GC (Allocation Failure) [PSYoungGen: 161868K->30631K(175104K)] 314352K->201756K(699392K), 0.0134780 secs] [Times: user=0.11 sys=0.00, real=0.01 secs] 
2016-09-24T00:39:23.296-0400: 134.362: [GC (GCLocker Initiated GC) [PSYoungGen: 118695K->49112K(175104K)] 289825K->244638K(699392K), 0.0090371 secs] [Times: user=0.08 sys=0.00, real=0.01 secs] 
2016-09-24T00:39:23.429-0400: 134.495: [GC (GCLocker Initiated GC) [PSYoungGen: 137176K->49216K(175104K)] 332963K->257232K(699392K), 0.0313346 secs] [Times: user=0.32 sys=0.00, real=0.03 secs] 
2016-09-24T00:39:23.554-0400: 134.620: [GC (GCLocker Initiated GC) [PSYoungGen: 137280K->85790K(175104K)] 345489K->312671K(699392K), 0.0164491 secs] [Times: user=0.16 sys=0.00, real=0.02 secs] 
2016-09-24T00:39:23.683-0400: 134.749: [GC (GCLocker Initiated GC) [PSYoungGen: 173854K->73448K(175104K)] 401069K->337388K(699392K), 0.0360538 secs] [Times: user=0.39 sys=0.00, real=0.03 secs] 
2016-09-24T00:39:23.877-0400: 134.943: [GC (Allocation Failure) [PSYoungGen: 161512K->48952K(175104K)] 431854K->337763K(699392K), 0.0188197 secs] [Times: user=0.19 sys=0.00, real=0.02 secs] 
2016-09-24T00:39:24.028-0400: 135.094: [GC (GCLocker Initiated GC) [PSYoungGen: 137016K->85530K(175104K)] 425833K->386640K(699392K), 0.0121817 secs] [Times: user=0.13 sys=0.00, real=0.01 secs] 
2016-09-24T00:39:24.149-0400: 135.215: [GC (GCLocker Initiated GC) [PSYoungGen: 173594K->43105K(175104K)] 481039K->368879K(699392K), 0.0078231 secs] [Times: user=0.08 sys=0.00, real=0.01 secs] 
2016-09-24T00:39:24.276-0400: 135.342: [GC (GCLocker Initiated GC) [PSYoungGen: 131169K->61394K(175104K)] 463379K->418164K(699392K), 0.0249383 secs] [Times: user=0.27 sys=0.00, real=0.02 secs] 
2016-09-24T00:39:24.426-0400: 135.492: [GC (GCLocker Initiated GC) [PSYoungGen: 149458K->67337K(175104K)] 506303K->442526K(699392K), 0.0104414 secs] [Times: user=0.11 sys=0.00, real=0.01 secs] 
2016-09-24T00:39:24.554-0400: 135.620: [GC (GCLocker Initiated GC) [PSYoungGen: 155401K->43041K(175104K)] 530660K->454845K(699392K), 0.0213904 secs] [Times: user=0.23 sys=0.00, real=0.03 secs] 
2016-09-24T00:39:24.697-0400: 135.763: [GC (GCLocker Initiated GC) [PSYoungGen: 131105K->55355K(175104K)] 549088K->491862K(699392K), 0.0097572 secs] [Times: user=0.09 sys=0.00, real=0.01 secs] 
2016-09-24T00:39:24.847-0400: 135.913: [GC (GCLocker Initiated GC) [PSYoungGen: 143419K->43269K(175104K)] 592321K->559435K(699392K), 0.0301784 secs] [Times: user=0.33 sys=0.00, real=0.03 secs] 
2016-09-24T00:39:24.877-0400: 135.943: [Full GC (Ergonomics) [PSYoungGen: 43269K->0K(175104K)] [ParOldGen: 516166K->52996K(524288K)] 559435K->52996K(699392K), [Metaspace: 44442K->44442K(1087488K)], 0.0555610 secs] [Times: user=0.32 sys=0.00, real=0.05 secs] 
2016-09-24T00:39:25.056-0400: 136.122: [GC (Allocation Failure) [PSYoungGen: 88064K->85854K(175104K)] 141107K->175348K(699392K), 0.0123301 secs] [Times: user=0.18 sys=0.00, real=0.01 secs] 
2016-09-24T00:39:25.202-0400: 136.268: [GC (GCLocker Initiated GC) [PSYoungGen: 169111K->37386K(175104K)] 264680K->212253K(699392K), 0.0112039 secs] [Times: user=0.14 sys=0.00, real=0.01 secs] 
2016-09-24T00:39:25.336-0400: 136.402: [GC (GCLocker Initiated GC) [PSYoungGen: 125450K->55255K(175104K)] 312789K->243033K(699392K), 0.0071114 secs] [Times: user=0.06 sys=0.00, real=0.01 secs] 
2016-09-24T00:39:25.476-0400: 136.542: [GC (GCLocker Initiated GC) [PSYoungGen: 143319K->55579K(175104K)] 337337K->267942K(699392K), 0.0097124 secs] [Times: user=0.11 sys=0.00, real=0.01 secs] 
2016-09-24T00:39:25.602-0400: 136.668: [GC (GCLocker Initiated GC) [PSYoungGen: 143643K->49244K(175104K)] 362386K->274306K(699392K), 0.0097303 secs] [Times: user=0.06 sys=0.00, real=0.01 secs] 
2016-09-24T00:39:25.744-0400: 136.810: [GC (GCLocker Initiated GC) [PSYoungGen: 137308K->43265K(175104K)] 368649K->292966K(699392K), 0.0133899 secs] [Times: user=0.13 sys=0.01, real=0.01 secs] 
2016-09-24T00:39:25.869-0400: 136.935: [GC (Allocation Failure) [PSYoungGen: 131329K->61626K(175104K)] 381072K->329885K(699392K), 0.0199165 secs] [Times: user=0.18 sys=0.00, real=0.02 secs] 
2016-09-24T00:39:26.015-0400: 137.081: [GC (GCLocker Initiated GC) [PSYoungGen: 149690K->55255K(175104K)] 417961K->372549K(699392K), 0.0280029 secs] [Times: user=0.24 sys=0.00, real=0.03 secs] 
2016-09-24T00:39:26.177-0400: 137.244: [GC (GCLocker Initiated GC) [PSYoungGen: 143319K->31118K(175104K)] 473108K->379244K(699392K), 0.0179474 secs] [Times: user=0.17 sys=0.00, real=0.02 secs] 
2016-09-24T00:39:26.294-0400: 137.360: [GC (GCLocker Initiated GC) [PSYoungGen: 119182K->55643K(143872K)] 473436K->410212K(668160K), 0.0094102 secs] [Times: user=0.12 sys=0.00, real=0.02 secs] 
2016-09-24T00:39:26.441-0400: 137.507: [GC (GCLocker Initiated GC) [PSYoungGen: 143707K->79943K(172032K)] 498542K->447055K(696320K), 0.0115859 secs] [Times: user=0.16 sys=0.00, real=0.01 secs] 
2016-09-24T00:39:26.579-0400: 137.645: [GC (Allocation Failure) [PSYoungGen: 166471K->37094K(173568K)] 546066K->417105K(697856K), 0.0122181 secs] [Times: user=0.15 sys=0.00, real=0.01 secs] 
2016-09-24T00:39:26.712-0400: 137.778: [GC (GCLocker Initiated GC) [PSYoungGen: 118553K->55383K(175104K)] 504639K->459837K(699392K), 0.0153699 secs] [Times: user=0.18 sys=0.00, real=0.02 secs] 
2016-09-24T00:39:26.857-0400: 137.923: [GC (Allocation Failure) [PSYoungGen: 143447K->49312K(137728K)] 548536K->454465K(662016K), 0.0088316 secs] [Times: user=0.06 sys=0.00, real=0.01 secs] 
2016-09-24T00:39:26.969-0400: 138.035: [GC (GCLocker Initiated GC) [PSYoungGen: 134015K->55775K(176640K)] 545243K->485543K(700928K), 0.0104110 secs] [Times: user=0.16 sys=0.00, real=0.01 secs] 
2016-09-24T00:39:27.090-0400: 138.156: [GC (GCLocker Initiated GC) [PSYoungGen: 146399K->55479K(146432K)] 582603K->510060K(670720K), 0.0107849 secs] [Times: user=0.16 sys=0.00, real=0.01 secs] 
2016-09-24T00:39:27.238-0400: 138.304: [GC (GCLocker Initiated GC) [PSYoungGen: 146103K->79715K(167424K)] 600984K->559211K(691712K), 0.0126230 secs] [Times: user=0.17 sys=0.01, real=0.01 secs] 
2016-09-24T00:39:27.251-0400: 138.317: [Full GC (Ergonomics) [PSYoungGen: 79715K->0K(167424K)] [ParOldGen: 479496K->47124K(524288K)] 559211K->47124K(691712K), [Metaspace: 44442K->44442K(1087488K)], 0.0460059 secs] [Times: user=0.38 sys=0.00, real=0.05 secs] 
2016-09-24T00:39:27.421-0400: 138.487: [GC (GCLocker Initiated GC) [PSYoungGen: 86528K->86438K(173568K)] 139840K->164051K(697856K), 0.0142966 secs] [Times: user=0.22 sys=0.00, real=0.02 secs] 
2016-09-24T00:39:27.555-0400: 138.621: [GC (GCLocker Initiated GC) [PSYoungGen: 172966K->73672K(175104K)] 250928K->188984K(699392K), 0.0110645 secs] [Times: user=0.15 sys=0.01, real=0.01 secs] 
2016-09-24T00:39:27.681-0400: 138.747: [GC (GCLocker Initiated GC) [PSYoungGen: 161736K->73704K(175104K)] 277409K->225954K(699392K), 0.0115308 secs] [Times: user=0.19 sys=0.00, real=0.01 secs] 
2016-09-24T00:39:27.811-0400: 138.877: [GC (GCLocker Initiated GC) [PSYoungGen: 161768K->86050K(175104K)] 320191K->244617K(699392K), 0.0087945 secs] [Times: user=0.10 sys=0.00, real=0.01 secs] 
2016-09-24T00:39:27.945-0400: 139.011: [GC (GCLocker Initiated GC) [PSYoungGen: 174114K->36898K(175104K)] 339061K->250892K(699392K), 0.0153599 secs] [Times: user=0.14 sys=0.00, real=0.01 secs] 
2016-09-24T00:39:28.066-0400: 139.132: [GC (GCLocker Initiated GC) [PSYoungGen: 124962K->86018K(175104K)] 339003K->324519K(699392K), 0.0162051 secs] [Times: user=0.23 sys=0.00, real=0.01 secs] 
2016-09-24T00:39:28.216-0400: 139.282: [GC (GCLocker Initiated GC) [PSYoungGen: 174082K->85594K(175104K)] 412658K->379325K(699392K), 0.0115215 secs] [Times: user=0.17 sys=0.00, real=0.01 secs] 
2016-09-24T00:39:28.334-0400: 139.400: [GC (GCLocker Initiated GC) [PSYoungGen: 173658K->86018K(175104K)] 467745K->410591K(699392K), 0.0125244 secs] [Times: user=0.15 sys=0.00, real=0.02 secs] 
2016-09-24T00:39:28.478-0400: 139.544: [GC (Allocation Failure) [PSYoungGen: 174082K->73704K(175104K)] 499005K->441639K(699392K), 0.0116290 secs] [Times: user=0.14 sys=0.00, real=0.01 secs] 
2016-09-24T00:39:28.608-0400: 139.674: [GC (GCLocker Initiated GC) [PSYoungGen: 161768K->61590K(175104K)] 529709K->447828K(699392K), 0.0110271 secs] [Times: user=0.07 sys=0.00, real=0.01 secs] 
2016-09-24T00:39:28.732-0400: 139.798: [GC (GCLocker Initiated GC) [PSYoungGen: 149654K->61330K(175104K)] 535893K->466086K(699392K), 0.0298306 secs] [Times: user=0.26 sys=0.00, real=0.03 secs] 
2016-09-24T00:39:28.886-0400: 139.952: [GC (GCLocker Initiated GC) [PSYoungGen: 149394K->55611K(175104K)] 560447K->503413K(699392K), 0.0113261 secs] [Times: user=0.15 sys=0.01, real=0.01 secs] 
2016-09-24T00:39:29.041-0400: 140.107: [GC (GCLocker Initiated GC) [PSYoungGen: 143675K->49276K(175104K)] 597728K->503753K(699392K), 0.0093628 secs] [Times: user=0.09 sys=0.00, real=0.01 secs] 
2016-09-24T00:39:29.169-0400: 140.235: [GC (GCLocker Initiated GC) [PSYoungGen: 137340K->55547K(175104K)] 592060K->528791K(699392K), 0.0227421 secs] [Times: user=0.29 sys=0.00, real=0.02 secs] 
2016-09-24T00:39:29.191-0400: 140.258: [Full GC (Ergonomics) [PSYoungGen: 55547K->0K(175104K)] [ParOldGen: 473244K->47462K(524288K)] 528791K->47462K(699392K), [Metaspace: 44442K->44442K(1087488K)], 0.0496088 secs] [Times: user=0.39 sys=0.00, real=0.05 secs] 
2016-09-24T00:39:29.361-0400: 140.428: [GC (GCLocker Initiated GC) [PSYoungGen: 88064K->85790K(175104K)] 141643K->181894K(699392K), 0.0109162 secs] [Times: user=0.16 sys=0.01, real=0.01 secs] 
2016-09-24T00:39:29.483-0400: 140.549: [GC (GCLocker Initiated GC) [PSYoungGen: 173854K->55447K(175104K)] 270191K->188557K(699392K), 0.0085609 secs] [Times: user=0.13 sys=0.00, real=0.00 secs] 
2016-09-24T00:39:29.607-0400: 140.673: [GC (GCLocker Initiated GC) [PSYoungGen: 143511K->85822K(175104K)] 277177K->244095K(699392K), 0.0116556 secs] [Times: user=0.18 sys=0.00, real=0.01 secs] 
2016-09-24T00:39:29.722-0400: 140.788: [GC (GCLocker Initiated GC) [PSYoungGen: 173886K->85854K(175104K)] 338315K->293280K(699392K), 0.0108937 secs] [Times: user=0.17 sys=0.00, real=0.00 secs] 
2016-09-24T00:39:29.855-0400: 140.921: [GC (GCLocker Initiated GC) [PSYoungGen: 173918K->79975K(175104K)] 381537K->324319K(699392K), 0.0217088 secs] [Times: user=0.20 sys=0.00, real=0.02 secs] 
2016-09-24T00:39:30.017-0400: 141.083: [GC (GCLocker Initiated GC) [PSYoungGen: 168039K->55159K(175104K)] 412414K->323921K(699392K), 0.0185173 secs] [Times: user=0.16 sys=0.01, real=0.02 secs] 
2016-09-24T00:39:30.161-0400: 141.227: [GC (Allocation Failure) [PSYoungGen: 143220K->37354K(175104K)] 424471K->361265K(699392K), 0.0104781 secs] [Times: user=0.15 sys=0.00, real=0.01 secs] 
2016-09-24T00:39:30.289-0400: 141.355: [GC (GCLocker Initiated GC) [PSYoungGen: 125418K->73608K(175104K)] 449335K->416049K(699392K), 0.0099073 secs] [Times: user=0.13 sys=0.00, real=0.01 secs] 
2016-09-24T00:39:30.432-0400: 141.498: [GC (Allocation Failure) [PSYoungGen: 161672K->73936K(175104K)] 504458K->435058K(699392K), 0.0107739 secs] [Times: user=0.17 sys=0.00, real=0.02 secs] 
2016-09-24T00:39:30.547-0400: 141.613: [GC (GCLocker Initiated GC) [PSYoungGen: 162000K->73968K(175104K)] 523133K->453625K(699392K), 0.0104816 secs] [Times: user=0.15 sys=0.01, real=0.01 secs] 
2016-09-24T00:39:30.685-0400: 141.751: [GC (Allocation Failure) [PSYoungGen: 162032K->55743K(175104K)] 547957K->460036K(699392K), 0.0103671 secs] [Times: user=0.15 sys=0.00, real=0.01 secs] 
2016-09-24T00:39:30.807-0400: 141.873: [GC (GCLocker Initiated GC) [PSYoungGen: 143807K->79651K(175104K)] 548106K->502442K(699392K), 0.0158633 secs] [Times: user=0.14 sys=0.01, real=0.02 secs] 
2016-09-24T00:39:30.922-0400: 141.988: [GC (GCLocker Initiated GC) [PSYoungGen: 167715K->73672K(175104K)] 590660K->533179K(699392K), 0.0182268 secs] [Times: user=0.19 sys=0.01, real=0.01 secs] 
2016-09-24T00:39:31.043-0400: 142.109: [GC (GCLocker Initiated GC) [PSYoungGen: 161736K->85890K(175104K)] 621353K->588331K(699392K), 0.0245069 secs] [Times: user=0.30 sys=0.00, real=0.02 secs] 
2016-09-24T00:39:31.068-0400: 142.134: [Full GC (Ergonomics) [PSYoungGen: 85890K->0K(175104K)] [ParOldGen: 502441K->53417K(524288K)] 588331K->53417K(699392K), [Metaspace: 44442K->44442K(1087488K)], 0.0518886 secs] [Times: user=0.50 sys=0.00, real=0.05 secs] 
2016-09-24T00:39:31.232-0400: 142.298: [GC (GCLocker Initiated GC) [PSYoungGen: 88063K->86078K(175104K)] 142373K->164688K(699392K), 0.0121961 secs] [Times: user=0.19 sys=0.00, real=0.02 secs] 
2016-09-24T00:39:31.341-0400: 142.407: [GC (GCLocker Initiated GC) [PSYoungGen: 174142K->85986K(175104K)] 252950K->232339K(699392K), 0.0122927 secs] [Times: user=0.19 sys=0.00, real=0.01 secs] 
2016-09-24T00:39:31.484-0400: 142.550: [GC (Allocation Failure) [PSYoungGen: 174050K->55255K(175104K)] 326715K->250729K(699392K), 0.0394159 secs] [Times: user=0.45 sys=0.00, real=0.04 secs] 
2016-09-24T00:39:31.630-0400: 142.696: [GC (GCLocker Initiated GC) [PSYoungGen: 143319K->85986K(175104K)] 338798K->318223K(699392K), 0.0173193 secs] [Times: user=0.22 sys=0.01, real=0.02 secs] 
2016-09-24T00:39:31.780-0400: 142.846: [GC (GCLocker Initiated GC) [PSYoungGen: 174050K->37190K(175104K)] 412521K->294201K(699392K), 0.0089059 secs] [Times: user=0.14 sys=0.00, real=0.01 secs] 
2016-09-24T00:39:31.912-0400: 142.978: [GC (GCLocker Initiated GC) [PSYoungGen: 125254K->55451K(175104K)] 394731K->325220K(699392K), 0.0067920 secs] [Times: user=0.09 sys=0.00, real=0.01 secs] 
2016-09-24T00:39:32.068-0400: 143.134: [GC (GCLocker Initiated GC) [PSYoungGen: 143515K->37258K(175104K)] 425789K->338025K(699392K), 0.0458415 secs] [Times: user=0.52 sys=0.00, real=0.04 secs] 
2016-09-24T00:39:32.242-0400: 143.309: [GC (GCLocker Initiated GC) [PSYoungGen: 125322K->61622K(175104K)] 438403K->374823K(699392K), 0.0135707 secs] [Times: user=0.16 sys=0.00, real=0.01 secs] 
2016-09-24T00:39:32.395-0400: 143.461: [GC (GCLocker Initiated GC) [PSYoungGen: 149686K->19360K(175104K)] 475343K->369438K(699392K), 0.0075201 secs] [Times: user=0.07 sys=0.01, real=0.01 secs] 
2016-09-24T00:39:32.523-0400: 143.589: [GC (GCLocker Initiated GC) [PSYoungGen: 107424K->85722K(175104K)] 463669K->442454K(699392K), 0.0092857 secs] [Times: user=0.12 sys=0.00, real=0.00 secs] 
2016-09-24T00:39:32.650-0400: 143.716: [GC (GCLocker Initiated GC) [PSYoungGen: 173786K->67925K(175104K)] 530873K->461589K(699392K), 0.0142037 secs] [Times: user=0.13 sys=0.00, real=0.02 secs] 
2016-09-24T00:39:32.769-0400: 143.835: [GC (GCLocker Initiated GC) [PSYoungGen: 155989K->55287K(175104K)] 555877K->467928K(699392K), 0.0393672 secs] [Times: user=0.38 sys=0.00, real=0.04 secs] 
2016-09-24T00:39:32.935-0400: 144.001: [GC (GCLocker Initiated GC) [PSYoungGen: 143351K->79719K(175104K)] 556174K->510886K(699392K), 0.0103846 secs] [Times: user=0.09 sys=0.00, real=0.01 secs] 
2016-09-24T00:39:33.090-0400: 144.156: [GC (Allocation Failure) [PSYoungGen: 167783K->42909K(175104K)] 611405K->505172K(699392K), 0.0217559 secs] [Times: user=0.21 sys=0.00, real=0.02 secs] 
2016-09-24T00:39:33.218-0400: 144.284: [GC (GCLocker Initiated GC) [PSYoungGen: 127579K->73612K(175104K)] 595917K->542029K(699392K), 0.0106447 secs] [Times: user=0.09 sys=0.00, real=0.01 secs] 
2016-09-24T00:39:33.229-0400: 144.295: [Full GC (Ergonomics) [PSYoungGen: 73612K->0K(175104K)] [ParOldGen: 468417K->53849K(524288K)] 542029K->53849K(699392K), [Metaspace: 44442K->44442K(1087488K)], 0.0566664 secs] [Times: user=0.33 sys=0.01, real=0.06 secs] 
2016-09-24T00:39:33.402-0400: 144.468: [GC (GCLocker Initiated GC) [PSYoungGen: 88064K->85758K(175104K)] 148018K->163937K(699392K), 0.0217084 secs] [Times: user=0.24 sys=0.01, real=0.03 secs] 
2016-09-24T00:39:33.568-0400: 144.634: [GC (GCLocker Initiated GC) [PSYoungGen: 173822K->43265K(175104K)] 252006K->206799K(699392K), 0.0106986 secs] [Times: user=0.11 sys=0.00, real=0.01 secs] 
2016-09-24T00:39:33.688-0400: 144.754: [GC (GCLocker Initiated GC) [PSYoungGen: 131329K->85594K(175104K)] 301010K->255598K(699392K), 0.0089754 secs] [Times: user=0.09 sys=0.00, real=0.01 secs] 
2016-09-24T00:39:33.819-0400: 144.885: [GC (GCLocker Initiated GC) [PSYoungGen: 173658K->73608K(175104K)] 343753K->304589K(699392K), 0.0126472 secs] [Times: user=0.18 sys=0.01, real=0.01 secs] 
2016-09-24T00:39:33.927-0400: 144.993: [GC (GCLocker Initiated GC) [PSYoungGen: 161672K->86182K(175104K)] 392701K->335751K(699392K), 0.0112973 secs] [Times: user=0.16 sys=0.00, real=0.01 secs] 
2016-09-24T00:39:34.095-0400: 145.161: [GC (GCLocker Initiated GC) [PSYoungGen: 174246K->42973K(175104K)] 430016K->365851K(699392K), 0.0151025 secs] [Times: user=0.14 sys=0.01, real=0.01 secs] 
2016-09-24T00:39:34.259-0400: 145.325: [GC (GCLocker Initiated GC) [PSYoungGen: 131037K->43105K(175104K)] 460234K->408887K(699392K), 0.0210816 secs] [Times: user=0.22 sys=0.00, real=0.02 secs] 
2016-09-24T00:39:34.380-0400: 145.446: [GC (GCLocker Initiated GC) [PSYoungGen: 131169K->67373K(175104K)] 497284K->433756K(699392K), 0.0249439 secs] [Times: user=0.25 sys=0.00, real=0.03 secs] 
2016-09-24T00:39:34.497-0400: 145.563: [GC (GCLocker Initiated GC) [PSYoungGen: 155437K->67469K(175104K)] 521990K->470755K(699392K), 0.0269992 secs] [Times: user=0.33 sys=0.00, real=0.03 secs] 
2016-09-24T00:39:34.648-0400: 145.714: [GC (GCLocker Initiated GC) [PSYoungGen: 155533K->43333K(175104K)] 571274K->495644K(699392K), 0.0071122 secs] [Times: user=0.10 sys=0.00, real=0.01 secs] 
2016-09-24T00:39:34.656-0400: 145.722: [Full GC (Ergonomics) [PSYoungGen: 43333K->0K(175104K)] [ParOldGen: 452311K->46865K(524288K)] 495644K->46865K(699392K), [Metaspace: 44442K->44442K(1087488K)], 0.0525988 secs] [Times: user=0.31 sys=0.02, real=0.05 secs] 
2016-09-24T00:39:34.815-0400: 145.881: [GC (GCLocker Initiated GC) [PSYoungGen: 88064K->86242K(175104K)] 135279K->169907K(699392K), 0.0140654 secs] [Times: user=0.16 sys=0.00, real=0.01 secs] 
2016-09-24T00:39:34.956-0400: 146.023: [GC (Allocation Failure) [PSYoungGen: 174306K->61458K(175104K)] 264228K->206962K(699392K), 0.0248759 secs] [Times: user=0.35 sys=0.01, real=0.02 secs] 
2016-09-24T00:39:35.085-0400: 146.151: [GC (GCLocker Initiated GC) [PSYoungGen: 143753K->55383K(175104K)] 295333K->261765K(699392K), 0.0089444 secs] [Times: user=0.11 sys=0.00, real=0.00 secs] 
2016-09-24T00:39:35.226-0400: 146.292: [GC (GCLocker Initiated GC) [PSYoungGen: 143447K->85922K(175104K)] 349923K->310922K(699392K), 0.0110814 secs] [Times: user=0.12 sys=0.00, real=0.01 secs] 
2016-09-24T00:39:35.399-0400: 146.465: [GC (GCLocker Initiated GC) [PSYoungGen: 173986K->12861K(175104K)] 399261K->305401K(699392K), 0.0188778 secs] [Times: user=0.25 sys=0.00, real=0.02 secs] 
2016-09-24T00:39:35.509-0400: 146.575: [GC (GCLocker Initiated GC) [PSYoungGen: 100925K->85626K(175104K)] 393502K->402965K(699392K), 0.0090421 secs] [Times: user=0.11 sys=0.00, real=0.01 secs] 
2016-09-24T00:39:35.631-0400: 146.697: [GC (GCLocker Initiated GC) [PSYoungGen: 173690K->37162K(175104K)] 491347K->433889K(699392K), 0.0437644 secs] [Times: user=0.45 sys=0.00, real=0.05 secs] 
2016-09-24T00:39:35.806-0400: 146.872: [GC (GCLocker Initiated GC) [PSYoungGen: 125226K->55255K(175104K)] 534307K->464768K(699392K), 0.0087391 secs] [Times: user=0.08 sys=0.00, real=0.01 secs] 
2016-09-24T00:39:35.934-0400: 147.000: [GC (GCLocker Initiated GC) [PSYoungGen: 143319K->61362K(175104K)] 552986K->489381K(699392K), 0.0111108 secs] [Times: user=0.12 sys=0.01, real=0.01 secs] 
2016-09-24T00:39:36.096-0400: 147.162: [Full GC (Ergonomics) [PSYoungGen: 149426K->0K(175104K)] [ParOldGen: 440678K->47224K(524288K)] 590104K->47224K(699392K), [Metaspace: 44442K->44442K(1087488K)], 0.0605884 secs] [Times: user=0.33 sys=0.01, real=0.06 secs] 
2016-09-24T00:39:36.277-0400: 147.343: [GC (GCLocker Initiated GC) [PSYoungGen: 88064K->85822K(175104K)] 135294K->139127K(699392K), 0.0100091 secs] [Times: user=0.13 sys=0.01, real=0.01 secs] 
2016-09-24T00:39:36.437-0400: 147.503: [GC (GCLocker Initiated GC) [PSYoungGen: 173886K->55515K(175104K)] 239590K->157937K(699392K), 0.0186806 secs] [Times: user=0.22 sys=0.00, real=0.02 secs] 
2016-09-24T00:39:36.591-0400: 147.657: [GC (GCLocker Initiated GC) [PSYoungGen: 143579K->67925K(175104K)] 252106K->176923K(699392K), 0.0109007 secs] [Times: user=0.12 sys=0.00, real=0.02 secs] 
2016-09-24T00:39:36.721-0400: 147.787: [GC (GCLocker Initiated GC) [PSYoungGen: 155989K->37258K(175104K)] 277498K->195345K(699392K), 0.0100081 secs] [Times: user=0.09 sys=0.00, real=0.01 secs] 
2016-09-24T00:39:36.855-0400: 147.921: [GC (GCLocker Initiated GC) [PSYoungGen: 125322K->61330K(175104K)] 283585K->238249K(699392K), 0.0173313 secs] [Times: user=0.14 sys=0.00, real=0.01 secs] 
2016-09-24T00:39:37.003-0400: 148.069: [GC (GCLocker Initiated GC) [PSYoungGen: 149394K->73708K(175104K)] 338511K->262952K(699392K), 0.0226225 secs] [Times: user=0.24 sys=0.00, real=0.02 secs] 
2016-09-24T00:39:37.163-0400: 148.229: [GC (GCLocker Initiated GC) [PSYoungGen: 161772K->24816K(175104K)] 357346K->251196K(699392K), 0.0158955 secs] [Times: user=0.15 sys=0.00, real=0.01 secs] 
2016-09-24T00:39:37.300-0400: 148.366: [GC (GCLocker Initiated GC) [PSYoungGen: 112880K->73612K(175104K)] 351603K->312603K(699392K), 0.0240809 secs] [Times: user=0.26 sys=0.01, real=0.03 secs] 
2016-09-24T00:39:37.467-0400: 148.533: [GC (GCLocker Initiated GC) [PSYoungGen: 161676K->61458K(175104K)] 400950K->349787K(699392K), 0.0242959 secs] [Times: user=0.34 sys=0.00, real=0.02 secs] 
2016-09-24T00:39:37.628-0400: 148.694: [GC (GCLocker Initiated GC) [PSYoungGen: 149522K->67469K(175104K)] 444287K->386810K(699392K), 0.0093015 secs] [Times: user=0.10 sys=0.00, real=0.01 secs] 
2016-09-24T00:39:37.771-0400: 148.837: [GC (Allocation Failure) [PSYoungGen: 155533K->13253K(175104K)] 481158K->357419K(699392K), 0.0213366 secs] [Times: user=0.30 sys=0.01, real=0.02 secs] 
2016-09-24T00:39:37.907-0400: 148.973: [GC (GCLocker Initiated GC) [PSYoungGen: 98002K->55287K(175104K)] 448243K->405623K(699392K), 0.0113759 secs] [Times: user=0.14 sys=0.00, real=0.01 secs] 
2016-09-24T00:39:38.062-0400: 149.128: [GC (GCLocker Initiated GC) [PSYoungGen: 143351K->37258K(175104K)] 512138K->424537K(699392K), 0.0072281 secs] [Times: user=0.08 sys=0.00, real=0.01 secs] 
2016-09-24T00:39:38.196-0400: 149.262: [GC (GCLocker Initiated GC) [PSYoungGen: 125322K->73776K(175104K)] 512749K->461462K(699392K), 0.0164983 secs] [Times: user=0.13 sys=0.00, real=0.01 secs] 
2016-09-24T00:39:38.346-0400: 149.412: [GC (Allocation Failure) [PSYoungGen: 161840K->49148K(175104K)] 555783K->461436K(699392K), 0.0103340 secs] [Times: user=0.11 sys=0.00, real=0.01 secs] 
2016-09-24T00:39:38.486-0400: 149.552: [GC (GCLocker Initiated GC) [PSYoungGen: 132232K->55123K(175104K)] 550595K->498069K(699392K), 0.0098646 secs] [Times: user=0.07 sys=0.00, real=0.01 secs] 
2016-09-24T00:39:38.621-0400: 149.687: [GC (GCLocker Initiated GC) [PSYoungGen: 143187K->73704K(175104K)] 592278K->565456K(699392K), 0.0136812 secs] [Times: user=0.16 sys=0.00, real=0.02 secs] 
2016-09-24T00:39:38.635-0400: 149.701: [Full GC (Ergonomics) [PSYoungGen: 73704K->0K(175104K)] [ParOldGen: 491752K->59516K(524288K)] 565456K->59516K(699392K), [Metaspace: 44474K->44474K(1087488K)], 0.0600763 secs] [Times: user=0.37 sys=0.01, real=0.06 secs] 
2016-09-24T00:39:38.803-0400: 149.869: [GC (GCLocker Initiated GC) [PSYoungGen: 88064K->86242K(175104K)] 153955K->164284K(699392K), 0.0218594 secs] [Times: user=0.30 sys=0.00, real=0.02 secs] 
2016-09-24T00:39:38.952-0400: 150.018: [GC (GCLocker Initiated GC) [PSYoungGen: 174306K->67533K(175104K)] 252418K->225175K(699392K), 0.0111406 secs] [Times: user=0.13 sys=0.01, real=0.02 secs] 
2016-09-24T00:39:39.083-0400: 150.149: [GC (GCLocker Initiated GC) [PSYoungGen: 155597K->79811K(175104K)] 313600K->311194K(699392K), 0.0133588 secs] [Times: user=0.19 sys=0.00, real=0.01 secs] 
2016-09-24T00:39:39.229-0400: 150.295: [GC (GCLocker Initiated GC) [PSYoungGen: 167875K->73868K(175104K)] 405689K->330042K(699392K), 0.0105910 secs] [Times: user=0.12 sys=0.00, real=0.01 secs] 
2016-09-24T00:39:39.410-0400: 150.476: [GC (GCLocker Initiated GC) [PSYoungGen: 161932K->42909K(175104K)] 430432K->311676K(699392K), 0.0086604 secs] [Times: user=0.06 sys=0.01, real=0.01 secs] 
2016-09-24T00:39:39.548-0400: 150.614: [GC (GCLocker Initiated GC) [PSYoungGen: 130973K->49112K(175104K)] 399782K->342357K(699392K), 0.0097001 secs] [Times: user=0.11 sys=0.00, real=0.01 secs] 
2016-09-24T00:39:39.670-0400: 150.736: [GC (GCLocker Initiated GC) [PSYoungGen: 137176K->61490K(175104K)] 436571K->415664K(699392K), 0.0158665 secs] [Times: user=0.15 sys=0.00, real=0.02 secs] 
2016-09-24T00:39:39.806-0400: 150.872: [GC (GCLocker Initiated GC) [PSYoungGen: 149554K->36902K(175104K)] 509952K->446323K(699392K), 0.0112847 secs] [Times: user=0.08 sys=0.00, real=0.01 secs] 
2016-09-24T00:39:39.912-0400: 150.978: [GC (GCLocker Initiated GC) [PSYoungGen: 124966K->61949K(175104K)] 540566K->501970K(699392K), 0.0092943 secs] [Times: user=0.10 sys=0.00, real=0.01 secs] 
2016-09-24T00:39:40.042-0400: 151.108: [Full GC (Ergonomics) [PSYoungGen: 150013K->0K(175104K)] [ParOldGen: 446142K->60328K(524288K)] 596156K->60328K(699392K), [Metaspace: 44474K->44474K(1087488K)], 0.0716844 secs] [Times: user=0.50 sys=0.00, real=0.07 secs] 
2016-09-24T00:39:40.209-0400: 151.275: [GC (GCLocker Initiated GC) [PSYoungGen: 88064K->86210K(175104K)] 154727K->177173K(699392K), 0.0124932 secs] [Times: user=0.18 sys=0.00, real=0.01 secs] 
2016-09-24T00:39:40.309-0400: 151.376: [GC (Allocation Failure) [PSYoungGen: 174274K->61266K(175104K)] 265318K->201426K(699392K), 0.0115419 secs] [Times: user=0.09 sys=0.01, real=0.01 secs] 
2016-09-24T00:39:40.439-0400: 151.505: [GC (GCLocker Initiated GC) [PSYoungGen: 143392K->55415K(175104K)] 289627K->268759K(699392K), 0.0144055 secs] [Times: user=0.16 sys=0.00, real=0.01 secs] 
2016-09-24T00:39:40.585-0400: 151.651: [GC (Allocation Failure) [PSYoungGen: 143479K->43005K(175104K)] 363034K->299277K(699392K), 0.0142645 secs] [Times: user=0.14 sys=0.00, real=0.01 secs] 
2016-09-24T00:39:40.703-0400: 151.769: [GC (GCLocker Initiated GC) [PSYoungGen: 126912K->55323K(175104K)] 395335K->323849K(699392K), 0.0171784 secs] [Times: user=0.16 sys=0.01, real=0.01 secs] 
2016-09-24T00:39:40.860-0400: 151.926: [GC (GCLocker Initiated GC) [PSYoungGen: 143387K->49052K(175104K)] 418046K->324102K(699392K), 0.0165905 secs] [Times: user=0.13 sys=0.00, real=0.02 secs] 
2016-09-24T00:39:41.004-0400: 152.070: [GC (GCLocker Initiated GC) [PSYoungGen: 137116K->85730K(175104K)] 418294K->379318K(699392K), 0.0196340 secs] [Times: user=0.18 sys=0.00, real=0.02 secs] 
2016-09-24T00:39:41.138-0400: 152.204: [GC (Allocation Failure) [PSYoungGen: 173794K->67277K(175104K)] 467676K->410026K(699392K), 0.0338667 secs] [Times: user=0.35 sys=0.00, real=0.03 secs] 
2016-09-24T00:39:41.284-0400: 152.350: [GC (GCLocker Initiated GC) [PSYoungGen: 150892K->49180K(175104K)] 499717K->434714K(699392K), 0.0095967 secs] [Times: user=0.09 sys=0.00, real=0.00 secs] 
2016-09-24T00:39:41.430-0400: 152.496: [GC (GCLocker Initiated GC) [PSYoungGen: 137244K->73544K(175104K)] 529002K->471653K(699392K), 0.0263613 secs] [Times: user=0.29 sys=0.01, real=0.03 secs] 
2016-09-24T00:39:41.576-0400: 152.642: [GC (Allocation Failure) [PSYoungGen: 161608K->43269K(175104K)] 566141K->484356K(699392K), 0.0095185 secs] [Times: user=0.09 sys=0.00, real=0.01 secs] 
2016-09-24T00:39:41.701-0400: 152.767: [Full GC (Ergonomics) [PSYoungGen: 125441K->0K(175104K)] [ParOldGen: 447162K->53438K(524288K)] 572603K->53438K(699392K), [Metaspace: 44474K->44474K(1087488K)], 0.0667812 secs] [Times: user=0.43 sys=0.01, real=0.07 secs] 
2016-09-24T00:39:41.882-0400: 152.948: [GC (Allocation Failure) [PSYoungGen: 88064K->79911K(175104K)] 141751K->133598K(699392K), 0.0243629 secs] [Times: user=0.21 sys=0.01, real=0.03 secs] 
2016-09-24T00:39:42.025-0400: 153.091: [GC (GCLocker Initiated GC) [PSYoungGen: 165347K->73704K(175104K)] 225109K->152246K(699392K), 0.0126192 secs] [Times: user=0.14 sys=0.00, real=0.01 secs] 
2016-09-24T00:39:42.141-0400: 153.207: [GC (GCLocker Initiated GC) [PSYoungGen: 161768K->55319K(175104K)] 240487K->152530K(699392K), 0.0168178 secs] [Times: user=0.19 sys=0.01, real=0.02 secs] 
2016-09-24T00:39:42.275-0400: 153.341: [GC (GCLocker Initiated GC) [PSYoungGen: 143383K->85986K(175104K)] 240967K->183853K(699392K), 0.0163470 secs] [Times: user=0.16 sys=0.00, real=0.01 secs] 
2016-09-24T00:39:42.450-0400: 153.516: [GC (GCLocker Initiated GC) [PSYoungGen: 174050K->49048K(175104K)] 284098K->177580K(699392K), 0.0114394 secs] [Times: user=0.10 sys=0.01, real=0.01 secs] 
2016-09-24T00:39:42.611-0400: 153.677: [GC (Allocation Failure) [PSYoungGen: 137112K->49016K(175104K)] 271789K->195946K(699392K), 0.0231848 secs] [Times: user=0.22 sys=0.01, real=0.03 secs] 
2016-09-24T00:39:42.719-0400: 153.785: [GC (GCLocker Initiated GC) [PSYoungGen: 136728K->79751K(175104K)] 289734K->263267K(699392K), 0.0121583 secs] [Times: user=0.10 sys=0.00, real=0.01 secs] 
2016-09-24T00:39:42.859-0400: 153.925: [GC (Allocation Failure) [PSYoungGen: 167815K->49244K(175104K)] 363736K->281906K(699392K), 0.0142836 secs] [Times: user=0.16 sys=0.00, real=0.01 secs] 
2016-09-24T00:39:42.988-0400: 154.054: [GC (GCLocker Initiated GC) [PSYoungGen: 137308K->67305K(175104K)] 369976K->330631K(699392K), 0.0173101 secs] [Times: user=0.18 sys=0.00, real=0.02 secs] 
2016-09-24T00:39:43.101-0400: 154.167: [GC (Allocation Failure) [PSYoungGen: 155369K->43205K(175104K)] 424807K->367421K(699392K), 0.0178508 secs] [Times: user=0.16 sys=0.00, real=0.02 secs] 
2016-09-24T00:39:43.223-0400: 154.289: [GC (GCLocker Initiated GC) [PSYoungGen: 131269K->61394K(175104K)] 455491K->416282K(699392K), 0.0179754 secs] [Times: user=0.18 sys=0.00, real=0.01 secs] 
2016-09-24T00:39:43.351-0400: 154.417: [GC (GCLocker Initiated GC) [PSYoungGen: 149458K->67633K(175104K)] 510469K->447160K(699392K), 0.0145106 secs] [Times: user=0.16 sys=0.00, real=0.02 secs] 
2016-09-24T00:39:43.468-0400: 154.534: [GC (GCLocker Initiated GC) [PSYoungGen: 155697K->37030K(175104K)] 535445K->477960K(699392K), 0.0229754 secs] [Times: user=0.25 sys=0.01, real=0.02 secs] 
2016-09-24T00:39:43.612-0400: 154.678: [GC (GCLocker Initiated GC) [PSYoungGen: 125094K->55287K(175104K)] 566035K->514721K(699392K), 0.0102214 secs] [Times: user=0.10 sys=0.00, real=0.02 secs] 
2016-09-24T00:39:43.622-0400: 154.688: [Full GC (Ergonomics) [PSYoungGen: 55287K->0K(175104K)] [ParOldGen: 459434K->41562K(524288K)] 514721K->41562K(699392K), [Metaspace: 44474K->44474K(1087488K)], 0.0551252 secs] [Times: user=0.35 sys=0.01, real=0.05 secs] 
2016-09-24T00:39:43.804-0400: 154.870: [GC (GCLocker Initiated GC) [PSYoungGen: 88063K->85982K(175104K)] 142114K->140033K(699392K), 0.0278694 secs] [Times: user=0.28 sys=0.00, real=0.02 secs] 
2016-09-24T00:39:43.943-0400: 155.009: [GC (GCLocker Initiated GC) [PSYoungGen: 174046K->55287K(175104K)] 228340K->152841K(699392K), 0.0173258 secs] [Times: user=0.17 sys=0.00, real=0.01 secs] 
2016-09-24T00:39:44.095-0400: 155.161: [GC (GCLocker Initiated GC) [PSYoungGen: 143351K->61230K(175104K)] 253142K->207755K(699392K), 0.0244306 secs] [Times: user=0.26 sys=0.00, real=0.02 secs] 
2016-09-24T00:39:44.263-0400: 155.329: [GC (GCLocker Initiated GC) [PSYoungGen: 149294K->61526K(175104K)] 301896K->250689K(699392K), 0.0243473 secs] [Times: user=0.25 sys=0.00, real=0.02 secs] 
2016-09-24T00:39:44.447-0400: 155.513: [GC (Allocation Failure) [PSYoungGen: 149590K->55187K(175104K)] 344853K->268942K(699392K), 0.0097089 secs] [Times: user=0.10 sys=0.00, real=0.01 secs] 
2016-09-24T00:39:44.587-0400: 155.653: [GC (GCLocker Initiated GC) [PSYoungGen: 138922K->55291K(143360K)] 358753K->305576K(667648K), 0.0176552 secs] [Times: user=0.14 sys=0.00, real=0.02 secs] 
2016-09-24T00:39:44.727-0400: 155.793: [GC (GCLocker Initiated GC) [PSYoungGen: 143355K->55223K(176640K)] 405916K->336292K(700928K), 0.0156663 secs] [Times: user=0.14 sys=0.00, real=0.02 secs] 
2016-09-24T00:39:44.864-0400: 155.930: [GC (GCLocker Initiated GC) [PSYoungGen: 145335K->79847K(174592K)] 426693K->416015K(698880K), 0.0255618 secs] [Times: user=0.31 sys=0.01, real=0.02 secs] 
2016-09-24T00:39:45.024-0400: 156.090: [GC (GCLocker Initiated GC) [PSYoungGen: 169959K->49212K(175104K)] 512563K->428510K(699392K), 0.0097345 secs] [Times: user=0.07 sys=0.01, real=0.00 secs] 
2016-09-24T00:39:45.159-0400: 156.225: [GC (GCLocker Initiated GC) [PSYoungGen: 137276K->73612K(175104K)] 516621K->471294K(699392K), 0.0245114 secs] [Times: user=0.27 sys=0.00, real=0.03 secs] 
2016-09-24T00:39:45.300-0400: 156.366: [GC (GCLocker Initiated GC) [PSYoungGen: 161676K->30891K(175104K)] 565475K->471415K(699392K), 0.0162045 secs] [Times: user=0.18 sys=0.00, real=0.02 secs] 
2016-09-24T00:39:45.472-0400: 156.538: [GC (GCLocker Initiated GC) [PSYoungGen: 118955K->55155K(175104K)] 565764K->526524K(699392K), 0.0110286 secs] [Times: user=0.08 sys=0.01, real=0.02 secs] 
2016-09-24T00:39:45.483-0400: 156.549: [Full GC (Ergonomics) [PSYoungGen: 55155K->0K(175104K)] [ParOldGen: 471369K->47637K(524288K)] 526524K->47637K(699392K), [Metaspace: 44477K->44477K(1087488K)], 0.0684537 secs] [Times: user=0.46 sys=0.00, real=0.06 secs] 
2016-09-24T00:39:45.671-0400: 156.737: [GC (GCLocker Initiated GC) [PSYoungGen: 88064K->74064K(175104K)] 141980K->127980K(699392K), 0.0133587 secs] [Times: user=0.14 sys=0.00, real=0.02 secs] 
2016-09-24T00:39:45.774-0400: 156.840: [GC (GCLocker Initiated GC) [PSYoungGen: 162128K->73512K(175104K)] 216260K->158707K(699392K), 0.0183434 secs] [Times: user=0.18 sys=0.02, real=0.02 secs] 
2016-09-24T00:39:45.899-0400: 156.965: [GC (GCLocker Initiated GC) [PSYoungGen: 161576K->49276K(175104K)] 252999K->183343K(699392K), 0.0097345 secs] [Times: user=0.09 sys=0.00, real=0.01 secs] 
2016-09-24T00:39:46.050-0400: 157.116: [GC (GCLocker Initiated GC) [PSYoungGen: 137340K->37162K(175104K)] 289904K->208187K(699392K), 0.0150313 secs] [Times: user=0.14 sys=0.00, real=0.02 secs] 
2016-09-24T00:39:46.217-0400: 157.283: [GC (Allocation Failure) [PSYoungGen: 125226K->73576K(175104K)] 302496K->251130K(699392K), 0.0234898 secs] [Times: user=0.26 sys=0.01, real=0.02 secs] 
2016-09-24T00:39:46.347-0400: 157.413: [GC (GCLocker Initiated GC) [PSYoungGen: 161640K->67405K(175104K)] 339199K->281674K(699392K), 0.0221706 secs] [Times: user=0.19 sys=0.00, real=0.02 secs] 
2016-09-24T00:39:46.498-0400: 157.564: [GC (GCLocker Initiated GC) [PSYoungGen: 155469K->36998K(175104K)] 375956K->312436K(699392K), 0.0344088 secs] [Times: user=0.32 sys=0.00, real=0.03 secs] 
2016-09-24T00:39:46.660-0400: 157.726: [GC (GCLocker Initiated GC) [PSYoungGen: 125062K->73704K(175104K)] 406790K->398109K(699392K), 0.0115310 secs] [Times: user=0.15 sys=0.00, real=0.01 secs] 
2016-09-24T00:39:46.809-0400: 157.875: [GC (GCLocker Initiated GC) [PSYoungGen: 161768K->55223K(175104K)] 492273K->386011K(699392K), 0.0174388 secs] [Times: user=0.19 sys=0.00, real=0.02 secs] 
2016-09-24T00:39:46.957-0400: 158.023: [GC (GCLocker Initiated GC) [PSYoungGen: 143287K->55159K(175104K)] 474123K->422705K(699392K), 0.0140824 secs] [Times: user=0.14 sys=0.00, real=0.01 secs] 
2016-09-24T00:39:47.093-0400: 158.159: [GC (GCLocker Initiated GC) [PSYoungGen: 143223K->49116K(175104K)] 510783K->471618K(699392K), 0.0144870 secs] [Times: user=0.14 sys=0.00, real=0.02 secs] 
2016-09-24T00:39:47.211-0400: 158.277: [GC (GCLocker Initiated GC) [PSYoungGen: 137180K->85922K(175104K)] 559736K->532889K(699392K), 0.0251119 secs] [Times: user=0.29 sys=0.01, real=0.03 secs] 
2016-09-24T00:39:47.343-0400: 158.409: [Full GC (Ergonomics) [PSYoungGen: 173986K->0K(175104K)] [ParOldGen: 453326K->53943K(524288K)] 627312K->53943K(699392K), [Metaspace: 44478K->44478K(1087488K)], 0.0578538 secs] [Times: user=0.35 sys=0.00, real=0.05 secs] 
2016-09-24T00:39:47.522-0400: 158.588: [GC (GCLocker Initiated GC) [PSYoungGen: 88064K->85986K(175104K)] 142122K->146119K(699392K), 0.0105633 secs] [Times: user=0.09 sys=0.01, real=0.00 secs] 
2016-09-24T00:39:47.677-0400: 158.743: [GC (GCLocker Initiated GC) [PSYoungGen: 174050K->73444K(175104K)] 240317K->182751K(699392K), 0.0198439 secs] [Times: user=0.18 sys=0.00, real=0.02 secs] 
2016-09-24T00:39:47.810-0400: 158.876: [GC (GCLocker Initiated GC) [PSYoungGen: 161508K->43041K(175104K)] 270964K->189058K(699392K), 0.0300387 secs] [Times: user=0.26 sys=0.02, real=0.03 secs] 
2016-09-24T00:39:48.006-0400: 159.072: [GC (GCLocker Initiated GC) [PSYoungGen: 131105K->43009K(175104K)] 283273K->213661K(699392K), 0.0309691 secs] [Times: user=0.26 sys=0.01, real=0.03 secs] 
2016-09-24T00:39:48.148-0400: 159.214: [GC (GCLocker Initiated GC) [PSYoungGen: 131073K->67273K(175104K)] 301767K->262558K(699392K), 0.0083788 secs] [Times: user=0.07 sys=0.00, real=0.01 secs] 
2016-09-24T00:39:48.275-0400: 159.341: [GC (GCLocker Initiated GC) [PSYoungGen: 155337K->37030K(175104K)] 356751K->299289K(699392K), 0.0155265 secs] [Times: user=0.14 sys=0.00, real=0.01 secs] 
2016-09-24T00:39:48.407-0400: 159.473: [GC (GCLocker Initiated GC) [PSYoungGen: 125094K->61330K(175104K)] 387535K->354381K(699392K), 0.0210301 secs] [Times: user=0.20 sys=0.00, real=0.02 secs] 
2016-09-24T00:39:48.565-0400: 159.631: [GC (GCLocker Initiated GC) [PSYoungGen: 149394K->73544K(175104K)] 442689K->403400K(699392K), 0.0102336 secs] [Times: user=0.10 sys=0.00, real=0.01 secs] 
2016-09-24T00:39:48.688-0400: 159.754: [GC (GCLocker Initiated GC) [PSYoungGen: 161608K->49180K(175104K)] 491747K->421931K(699392K), 0.0146811 secs] [Times: user=0.13 sys=0.00, real=0.02 secs] 
2016-09-24T00:39:48.810-0400: 159.876: [GC (GCLocker Initiated GC) [PSYoungGen: 137244K->67569K(175104K)] 510043K->458704K(699392K), 0.0143427 secs] [Times: user=0.14 sys=0.00, real=0.02 secs] 
2016-09-24T00:39:48.937-0400: 160.003: [GC (GCLocker Initiated GC) [PSYoungGen: 155633K->61394K(175104K)] 546978K->508026K(699392K), 0.0161609 secs] [Times: user=0.15 sys=0.01, real=0.01 secs] 
2016-09-24T00:39:49.061-0400: 160.127: [GC (GCLocker Initiated GC) [PSYoungGen: 149458K->73676K(175104K)] 596272K->538999K(699392K), 0.0248882 secs] [Times: user=0.27 sys=0.00, real=0.03 secs] 
2016-09-24T00:39:49.086-0400: 160.152: [Full GC (Ergonomics) [PSYoungGen: 73676K->0K(175104K)] [ParOldGen: 465322K->54388K(524288K)] 538999K->54388K(699392K), [Metaspace: 44478K->44478K(1087488K)], 0.0604251 secs] [Times: user=0.32 sys=0.02, real=0.06 secs] 
2016-09-24T00:39:49.271-0400: 160.337: [GC (GCLocker Initiated GC) [PSYoungGen: 88064K->85982K(175104K)] 142543K->146536K(699392K), 0.0095281 secs] [Times: user=0.09 sys=0.00, real=0.01 secs] 
2016-09-24T00:39:49.416-0400: 160.482: [GC (Allocation Failure) [PSYoungGen: 174046K->73476K(175104K)] 240723K->164992K(699392K), 0.0532685 secs] [Times: user=0.61 sys=0.00, real=0.05 secs] 
2016-09-24T00:39:49.573-0400: 160.639: [GC (GCLocker Initiated GC) [PSYoungGen: 161540K->79911K(175104K)] 253056K->177646K(699392K), 0.0221052 secs] [Times: user=0.30 sys=0.00, real=0.03 secs] 
2016-09-24T00:39:49.718-0400: 160.784: [GC (GCLocker Initiated GC) [PSYoungGen: 167975K->67597K(175104K)] 271821K->208389K(699392K), 0.0254989 secs] [Times: user=0.33 sys=0.00, real=0.03 secs] 
2016-09-24T00:39:49.852-0400: 160.918: [GC (GCLocker Initiated GC) [PSYoungGen: 155661K->73804K(175104K)] 302559K->263503K(699392K), 0.0141873 secs] [Times: user=0.17 sys=0.00, real=0.02 secs] 
2016-09-24T00:39:50.025-0400: 161.091: [GC (GCLocker Initiated GC) [PSYoungGen: 161868K->37322K(175104K)] 369979K->306647K(699392K), 0.0114205 secs] [Times: user=0.13 sys=0.00, real=0.01 secs] 
2016-09-24T00:39:50.166-0400: 161.232: [GC (GCLocker Initiated GC) [PSYoungGen: 125386K->73904K(175104K)] 400828K->349653K(699392K), 0.0102008 secs] [Times: user=0.12 sys=0.01, real=0.01 secs] 
2016-09-24T00:39:50.275-0400: 161.341: [GC (GCLocker Initiated GC) [PSYoungGen: 161968K->61494K(175104K)] 437769K->367758K(699392K), 0.0120077 secs] [Times: user=0.10 sys=0.01, real=0.01 secs] 
2016-09-24T00:39:50.411-0400: 161.478: [GC (GCLocker Initiated GC) [PSYoungGen: 149558K->67277K(175104K)] 455918K->392285K(699392K), 0.0135590 secs] [Times: user=0.11 sys=0.00, real=0.02 secs] 
2016-09-24T00:39:50.540-0400: 161.606: [GC (GCLocker Initiated GC) [PSYoungGen: 155341K->55255K(175104K)] 480866K->380892K(699392K), 0.0142686 secs] [Times: user=0.15 sys=0.00, real=0.02 secs] 
2016-09-24T00:39:50.670-0400: 161.736: [GC (GCLocker Initiated GC) [PSYoungGen: 143319K->79651K(175104K)] 469250K->424067K(699392K), 0.0180498 secs] [Times: user=0.16 sys=0.01, real=0.02 secs] 
2016-09-24T00:39:50.828-0400: 161.894: [GC (GCLocker Initiated GC) [PSYoungGen: 167715K->67565K(175104K)] 512307K->466983K(699392K), 0.0106672 secs] [Times: user=0.11 sys=0.01, real=0.01 secs] 
2016-09-24T00:39:50.969-0400: 162.035: [GC (GCLocker Initiated GC) [PSYoungGen: 155629K->37098K(175104K)] 561128K->473247K(699392K), 0.0184891 secs] [Times: user=0.16 sys=0.00, real=0.02 secs] 
2016-09-24T00:39:51.103-0400: 162.169: [GC (GCLocker Initiated GC) [PSYoungGen: 125161K->61234K(175104K)] 567741K->504049K(699392K), 0.0144194 secs] [Times: user=0.13 sys=0.00, real=0.01 secs] 
2016-09-24T00:39:51.246-0400: 162.312: [GC (GCLocker Initiated GC) [PSYoungGen: 149298K->55191K(175104K)] 592326K->516547K(699392K), 0.0160756 secs] [Times: user=0.15 sys=0.00, real=0.02 secs] 
2016-09-24T00:39:51.263-0400: 162.329: [Full GC (Ergonomics) [PSYoungGen: 55191K->0K(175104K)] [ParOldGen: 461356K->48504K(524288K)] 516547K->48504K(699392K), [Metaspace: 44479K->44479K(1087488K)], 0.0605486 secs] [Times: user=0.29 sys=0.01, real=0.06 secs] 
2016-09-24T00:39:51.413-0400: 162.479: [GC (GCLocker Initiated GC) [PSYoungGen: 88064K->85886K(175104K)] 136918K->140815K(699392K), 0.0153382 secs] [Times: user=0.12 sys=0.00, real=0.02 secs] 
2016-09-24T00:39:51.529-0400: 162.595: [GC (GCLocker Initiated GC) [PSYoungGen: 173950K->43205K(175104K)] 229384K->178333K(699392K), 0.0208384 secs] [Times: user=0.21 sys=0.00, real=0.02 secs] 
2016-09-24T00:39:51.641-0400: 162.707: [GC (GCLocker Initiated GC) [PSYoungGen: 131269K->85890K(175104K)] 266591K->233646K(699392K), 0.0086904 secs] [Times: user=0.08 sys=0.01, real=0.01 secs] 
2016-09-24T00:39:51.753-0400: 162.819: [GC (GCLocker Initiated GC) [PSYoungGen: 173954K->85922K(175104K)] 322076K->271098K(699392K), 0.0299286 secs] [Times: user=0.29 sys=0.00, real=0.04 secs] 
2016-09-24T00:39:51.897-0400: 162.963: [GC (GCLocker Initiated GC) [PSYoungGen: 173986K->73380K(175104K)] 359310K->307439K(699392K), 0.0124296 secs] [Times: user=0.15 sys=0.00, real=0.01 secs] 
2016-09-24T00:39:52.030-0400: 163.096: [GC (GCLocker Initiated GC) [PSYoungGen: 161444K->67765K(175104K)] 401878K->320444K(699392K), 0.0092897 secs] [Times: user=0.08 sys=0.00, real=0.01 secs] 
2016-09-24T00:39:52.148-0400: 163.214: [GC (GCLocker Initiated GC) [PSYoungGen: 155829K->79687K(175104K)] 408680K->332977K(699392K), 0.0102156 secs] [Times: user=0.06 sys=0.00, real=0.01 secs] 
2016-09-24T00:39:52.301-0400: 163.367: [GC (Allocation Failure) [PSYoungGen: 167751K->37418K(175104K)] 433507K->358093K(699392K), 0.0248887 secs] [Times: user=0.25 sys=0.00, real=0.03 secs] 
2016-09-24T00:39:52.451-0400: 163.517: [GC (GCLocker Initiated GC) [PSYoungGen: 125482K->73640K(175104K)] 446157K->394863K(699392K), 0.0168484 secs] [Times: user=0.20 sys=0.00, real=0.02 secs] 
2016-09-24T00:39:52.614-0400: 163.680: [GC (GCLocker Initiated GC) [PSYoungGen: 161704K->67469K(175104K)] 483036K->407294K(699392K), 0.0209928 secs] [Times: user=0.21 sys=0.01, real=0.03 secs] 
2016-09-24T00:39:52.737-0400: 163.803: [GC (Allocation Failure) [PSYoungGen: 155533K->85630K(175104K)] 495550K->444148K(699392K), 0.0185919 secs] [Times: user=0.18 sys=0.01, real=0.02 secs] 
2016-09-24T00:39:52.887-0400: 163.953: [GC (GCLocker Initiated GC) [PSYoungGen: 172961K->37194K(175104K)] 537554K->456737K(699392K), 0.0160194 secs] [Times: user=0.16 sys=0.00, real=0.02 secs] 
2016-09-24T00:39:53.033-0400: 164.099: [GC (GCLocker Initiated GC) [PSYoungGen: 125258K->85598K(175104K)] 544938K->517524K(699392K), 0.0105940 secs] [Times: user=0.09 sys=0.00, real=0.02 secs] 
2016-09-24T00:39:53.169-0400: 164.235: [GC (GCLocker Initiated GC) [PSYoungGen: 173662K->55287K(175104K)] 611778K->530152K(699392K), 0.0119627 secs] [Times: user=0.13 sys=0.00, real=0.01 secs] 
2016-09-24T00:39:53.181-0400: 164.248: [Full GC (Ergonomics) [PSYoungGen: 55287K->0K(175104K)] [ParOldGen: 474865K->46655K(524288K)] 530152K->46655K(699392K), [Metaspace: 44495K->44495K(1087488K)], 0.1084148 secs] [Times: user=1.08 sys=0.01, real=0.11 secs] 
2016-09-24T00:39:53.400-0400: 164.466: [GC (GCLocker Initiated GC) [PSYoungGen: 88064K->74256K(175104K)] 146888K->133080K(699392K), 0.0087026 secs] [Times: user=0.12 sys=0.00, real=0.01 secs] 
2016-09-24T00:39:53.531-0400: 164.597: [GC (Allocation Failure) [PSYoungGen: 162320K->61786K(175104K)] 227255K->158143K(699392K), 0.0089653 secs] [Times: user=0.09 sys=0.00, real=0.01 secs] 
2016-09-24T00:39:53.672-0400: 164.738: [GC (GCLocker Initiated GC) [PSYoungGen: 149850K->49180K(175104K)] 246213K->182097K(699392K), 0.0331770 secs] [Times: user=0.36 sys=0.00, real=0.04 secs] 
2016-09-24T00:39:53.839-0400: 164.905: [GC (GCLocker Initiated GC) [PSYoungGen: 137244K->73348K(175104K)] 270243K->224855K(699392K), 0.0094292 secs] [Times: user=0.10 sys=0.00, real=0.01 secs] 
2016-09-24T00:39:53.951-0400: 165.017: [GC (GCLocker Initiated GC) [PSYoungGen: 161412K->85630K(175104K)] 312961K->255516K(699392K), 0.0101853 secs] [Times: user=0.08 sys=0.01, real=0.01 secs] 
2016-09-24T00:39:54.062-0400: 165.128: [GC (GCLocker Initiated GC) [PSYoungGen: 173694K->85626K(175104K)] 343621K->347002K(699392K), 0.0135221 secs] [Times: user=0.19 sys=0.01, real=0.01 secs] 
2016-09-24T00:39:54.194-0400: 165.260: [GC (GCLocker Initiated GC) [PSYoungGen: 173690K->67565K(175104K)] 435388K->396247K(699392K), 0.0185624 secs] [Times: user=0.25 sys=0.00, real=0.02 secs] 
2016-09-24T00:39:54.313-0400: 165.379: [GC (GCLocker Initiated GC) [PSYoungGen: 155629K->73576K(175104K)] 490541K->408771K(699392K), 0.0147182 secs] [Times: user=0.18 sys=0.00, real=0.02 secs] 
2016-09-24T00:39:54.481-0400: 165.547: [GC (GCLocker Initiated GC) [PSYoungGen: 161640K->55351K(175104K)] 503132K->415343K(699392K), 0.0159474 secs] [Times: user=0.17 sys=0.01, real=0.02 secs] 
2016-09-24T00:39:54.652-0400: 165.718: [GC (GCLocker Initiated GC) [PSYoungGen: 143415K->55027K(175104K)] 503460K->415323K(699392K), 0.0095867 secs] [Times: user=0.09 sys=0.00, real=0.01 secs] 
2016-09-24T00:39:54.806-0400: 165.872: [GC (GCLocker Initiated GC) [PSYoungGen: 143091K->55091K(175104K)] 509694K->421797K(699392K), 0.0426799 secs] [Times: user=0.48 sys=0.00, real=0.04 secs] 
2016-09-24T00:39:54.956-0400: 166.023: [GC (GCLocker Initiated GC) [PSYoungGen: 143155K->73444K(175104K)] 509915K->476773K(699392K), 0.0102648 secs] [Times: user=0.11 sys=0.00, real=0.01 secs] 
2016-09-24T00:39:55.092-0400: 166.158: [GC (GCLocker Initiated GC) [PSYoungGen: 161508K->55679K(175104K)] 571043K->501816K(699392K), 0.0227837 secs] [Times: user=0.24 sys=0.01, real=0.03 secs] 
2016-09-24T00:39:55.115-0400: 166.181: [Full GC (Ergonomics) [PSYoungGen: 55679K->0K(175104K)] [ParOldGen: 446137K->46807K(524288K)] 501816K->46807K(699392K), [Metaspace: 44495K->44495K(1087488K)], 0.0549681 secs] [Times: user=0.37 sys=0.01, real=0.05 secs] 
2016-09-24T00:39:55.257-0400: 166.323: [GC (Allocation Failure) [PSYoungGen: 88064K->86438K(175104K)] 134952K->175851K(699392K), 0.0108196 secs] [Times: user=0.16 sys=0.01, real=0.01 secs] 
2016-09-24T00:39:55.402-0400: 166.468: [GC (GCLocker Initiated GC) [PSYoungGen: 169419K->55283K(175104K)] 264908K->230622K(699392K), 0.0171846 secs] [Times: user=0.24 sys=0.00, real=0.02 secs] 
2016-09-24T00:39:55.517-0400: 166.583: [GC (GCLocker Initiated GC) [PSYoungGen: 143347K->79747K(175104K)] 324954K->279707K(699392K), 0.0173148 secs] [Times: user=0.18 sys=0.01, real=0.02 secs] 
2016-09-24T00:39:55.661-0400: 166.727: [GC (GCLocker Initiated GC) [PSYoungGen: 167811K->37130K(175104K)] 373921K->285885K(699392K), 0.0143776 secs] [Times: user=0.17 sys=0.00, real=0.02 secs] 
2016-09-24T00:39:55.808-0400: 166.874: [GC (Allocation Failure) [PSYoungGen: 125194K->73708K(175104K)] 380205K->335094K(699392K), 0.0168274 secs] [Times: user=0.17 sys=0.00, real=0.02 secs] 
2016-09-24T00:39:55.926-0400: 166.992: [GC (GCLocker Initiated GC) [PSYoungGen: 161771K->61394K(175104K)] 423163K->359527K(699392K), 0.0194652 secs] [Times: user=0.23 sys=0.00, real=0.02 secs] 
2016-09-24T00:39:56.036-0400: 167.102: [GC (GCLocker Initiated GC) [PSYoungGen: 149458K->79751K(175104K)] 447633K->408413K(699392K), 0.0102576 secs] [Times: user=0.11 sys=0.00, real=0.01 secs] 
2016-09-24T00:39:56.185-0400: 167.251: [GC (Allocation Failure) [PSYoungGen: 167815K->55714K(175104K)] 496765K->421554K(699392K), 0.0181157 secs] [Times: user=0.19 sys=0.00, real=0.02 secs] 
2016-09-24T00:39:56.294-0400: 167.360: [GC (GCLocker Initiated GC) [PSYoungGen: 141571K->73512K(175104K)] 513486K->482316K(699392K), 0.0104502 secs] [Times: user=0.10 sys=0.01, real=0.02 secs] 
2016-09-24T00:39:56.416-0400: 167.482: [GC (GCLocker Initiated GC) [PSYoungGen: 161576K->85690K(175104K)] 571107K->556254K(699392K), 0.0127861 secs] [Times: user=0.18 sys=0.01, real=0.01 secs] 
2016-09-24T00:39:56.429-0400: 167.495: [Full GC (Ergonomics) [PSYoungGen: 85690K->0K(175104K)] [ParOldGen: 470564K->52914K(524288K)] 556254K->52914K(699392K), [Metaspace: 44498K->44498K(1087488K)], 0.0529358 secs] [Times: user=0.36 sys=0.01, real=0.06 secs] 
2016-09-24T00:39:56.589-0400: 167.655: [GC (GCLocker Initiated GC) [PSYoungGen: 88064K->87022K(175104K)] 147111K->152144K(699392K), 0.0119769 secs] [Times: user=0.17 sys=0.01, real=0.01 secs] 
2016-09-24T00:39:56.702-0400: 167.768: [GC (GCLocker Initiated GC) [PSYoungGen: 175086K->61622K(175104K)] 252574K->182619K(699392K), 0.0117628 secs] [Times: user=0.14 sys=0.00, real=0.01 secs] 
2016-09-24T00:39:56.818-0400: 167.884: [GC (GCLocker Initiated GC) [PSYoungGen: 149686K->73968K(175104K)] 277331K->220162K(699392K), 0.0106931 secs] [Times: user=0.12 sys=0.00, real=0.01 secs] 
2016-09-24T00:39:56.929-0400: 167.995: [GC (GCLocker Initiated GC) [PSYoungGen: 162032K->85790K(175104K)] 308279K->268623K(699392K), 0.0179751 secs] [Times: user=0.22 sys=0.00, real=0.02 secs] 
2016-09-24T00:39:57.081-0400: 168.147: [GC (GCLocker Initiated GC) [PSYoungGen: 173854K->73608K(175104K)] 356728K->317360K(699392K), 0.0189117 secs] [Times: user=0.23 sys=0.00, real=0.02 secs] 
2016-09-24T00:39:57.231-0400: 168.297: [GC (GCLocker Initiated GC) [PSYoungGen: 161672K->55223K(175104K)] 411642K->305452K(699392K), 0.0203287 secs] [Times: user=0.18 sys=0.01, real=0.02 secs] 
2016-09-24T00:39:57.405-0400: 168.471: [GC (GCLocker Initiated GC) [PSYoungGen: 143287K->36866K(175104K)] 405853K->330106K(699392K), 0.0301389 secs] [Times: user=0.35 sys=0.00, real=0.03 secs] 
2016-09-24T00:39:57.553-0400: 168.619: [GC (GCLocker Initiated GC) [PSYoungGen: 124930K->67633K(175104K)] 424371K->367170K(699392K), 0.0106456 secs] [Times: user=0.10 sys=0.00, real=0.02 secs] 
2016-09-24T00:39:57.699-0400: 168.765: [GC (GCLocker Initiated GC) [PSYoungGen: 155697K->85466K(175104K)] 455293K->409653K(699392K), 0.0372736 secs] [Times: user=0.39 sys=0.00, real=0.04 secs] 
2016-09-24T00:39:57.868-0400: 168.934: [GC (GCLocker Initiated GC) [PSYoungGen: 173530K->85630K(175104K)] 497765K->458569K(699392K), 0.0146674 secs] [Times: user=0.12 sys=0.00, real=0.02 secs] 
2016-09-24T00:39:57.988-0400: 169.054: [GC (GCLocker Initiated GC) [PSYoungGen: 173694K->73480K(175104K)] 546697K->471074K(699392K), 0.0104214 secs] [Times: user=0.09 sys=0.01, real=0.01 secs] 
2016-09-24T00:39:58.136-0400: 169.202: [GC (GCLocker Initiated GC) [PSYoungGen: 161544K->36998K(175104K)] 577713K->489877K(699392K), 0.0079344 secs] [Times: user=0.07 sys=0.00, real=0.01 secs] 
2016-09-24T00:39:58.144-0400: 169.210: [Full GC (Ergonomics) [PSYoungGen: 36998K->0K(175104K)] [ParOldGen: 452879K->52942K(524288K)] 489877K->52942K(699392K), [Metaspace: 44501K->44501K(1087488K)], 0.0709649 secs] [Times: user=0.42 sys=0.02, real=0.07 secs] 
2016-09-24T00:39:58.334-0400: 169.400: [GC (GCLocker Initiated GC) [PSYoungGen: 88064K->85694K(175104K)] 141054K->138684K(699392K), 0.0103009 secs] [Times: user=0.09 sys=0.00, real=0.02 secs] 
2016-09-24T00:39:58.463-0400: 169.529: [GC (Allocation Failure) [PSYoungGen: 173758K->79619K(175104K)] 226885K->169676K(699392K), 0.0136357 secs] [Times: user=0.15 sys=0.00, real=0.01 secs] 
2016-09-24T00:39:58.602-0400: 169.668: [GC (GCLocker Initiated GC) [PSYoungGen: 161727K->73740K(175104K)] 257859K->188372K(699392K), 0.0136604 secs] [Times: user=0.11 sys=0.00, real=0.02 secs] 
2016-09-24T00:39:58.739-0400: 169.805: [GC (GCLocker Initiated GC) [PSYoungGen: 161804K->43041K(175104K)] 276719K->194837K(699392K), 0.0297741 secs] [Times: user=0.31 sys=0.00, real=0.03 secs] 
2016-09-24T00:39:58.893-0400: 169.959: [GC (GCLocker Initiated GC) [PSYoungGen: 131105K->55415K(175104K)] 283123K->268334K(699392K), 0.0108008 secs] [Times: user=0.13 sys=0.01, real=0.02 secs] 
2016-09-24T00:39:59.041-0400: 170.107: [GC (GCLocker Initiated GC) [PSYoungGen: 143479K->55775K(175104K)] 356679K->287327K(699392K), 0.0088136 secs] [Times: user=0.08 sys=0.01, real=0.01 secs] 
2016-09-24T00:39:59.147-0400: 170.213: [GC (Allocation Failure) [PSYoungGen: 143839K->67405K(175104K)] 375534K->299532K(699392K), 0.0156088 secs] [Times: user=0.15 sys=0.01, real=0.02 secs] 
2016-09-24T00:39:59.291-0400: 170.357: [GC (GCLocker Initiated GC) [PSYoungGen: 155469K->55191K(175104K)] 387601K->324041K(699392K), 0.0242010 secs] [Times: user=0.22 sys=0.00, real=0.03 secs] 
2016-09-24T00:39:59.412-0400: 170.478: [GC (GCLocker Initiated GC) [PSYoungGen: 143255K->85826K(175104K)] 412258K->355097K(699392K), 0.0097177 secs] [Times: user=0.09 sys=0.01, real=0.02 secs] 
2016-09-24T00:39:59.516-0400: 170.582: [GC (Allocation Failure) [PSYoungGen: 173890K->67469K(175104K)] 443415K->361562K(699392K), 0.0143608 secs] [Times: user=0.12 sys=0.00, real=0.01 secs] 
2016-09-24T00:39:59.649-0400: 170.716: [GC (GCLocker Initiated GC) [PSYoungGen: 155533K->55287K(175104K)] 449632K->422553K(699392K), 0.0224746 secs] [Times: user=0.24 sys=0.00, real=0.02 secs] 
2016-09-24T00:39:59.789-0400: 170.855: [GC (GCLocker Initiated GC) [PSYoungGen: 143351K->73676K(175104K)] 510950K->441395K(699392K), 0.0073937 secs] [Times: user=0.07 sys=0.00, real=0.01 secs] 
2016-09-24T00:39:59.905-0400: 170.971: [GC (GCLocker Initiated GC) [PSYoungGen: 161740K->37389K(175104K)] 529697K->442244K(699392K), 0.0305914 secs] [Times: user=0.33 sys=0.00, real=0.03 secs] 
2016-09-24T00:40:00.051-0400: 171.117: [GC (GCLocker Initiated GC) [PSYoungGen: 125453K->25011K(175104K)] 542465K->460312K(699392K), 0.0161697 secs] [Times: user=0.15 sys=0.00, real=0.02 secs] 
2016-09-24T00:40:00.161-0400: 171.227: [GC (GCLocker Initiated GC) [PSYoungGen: 113075K->85726K(175104K)] 554543K->557876K(699392K), 0.0169615 secs] [Times: user=0.16 sys=0.00, real=0.02 secs] 
2016-09-24T00:40:00.179-0400: 171.245: [Full GC (Ergonomics) [PSYoungGen: 85726K->0K(175104K)] [ParOldGen: 472150K->53365K(524288K)] 557876K->53365K(699392K), [Metaspace: 44508K->44508K(1087488K)], 0.0569621 secs] [Times: user=0.29 sys=0.02, real=0.06 secs] 
2016-09-24T00:40:00.340-0400: 171.406: [GC (GCLocker Initiated GC) [PSYoungGen: 88064K->73996K(175104K)] 141774K->127706K(699392K), 0.0082788 secs] [Times: user=0.10 sys=0.00, real=0.01 secs] 
2016-09-24T00:40:00.467-0400: 171.533: [GC (GCLocker Initiated GC) [PSYoungGen: 162060K->85822K(175104K)] 215845K->182829K(699392K), 0.0140392 secs] [Times: user=0.20 sys=0.00, real=0.01 secs] 
2016-09-24T00:40:00.603-0400: 171.670: [GC (GCLocker Initiated GC) [PSYoungGen: 173886K->85854K(175104K)] 270934K->274351K(699392K), 0.0145735 secs] [Times: user=0.22 sys=0.00, real=0.01 secs] 
2016-09-24T00:40:00.722-0400: 171.788: [GC (Allocation Failure) [PSYoungGen: 173918K->85986K(175104K)] 362658K->329732K(699392K), 0.0118938 secs] [Times: user=0.18 sys=0.01, real=0.01 secs] 
2016-09-24T00:40:00.851-0400: 171.917: [GC (GCLocker Initiated GC) [PSYoungGen: 174050K->79811K(175104K)] 417802K->378546K(699392K), 0.0111324 secs] [Times: user=0.15 sys=0.00, real=0.02 secs] 
2016-09-24T00:40:00.988-0400: 172.054: [GC (Allocation Failure) [PSYoungGen: 167875K->73740K(175104K)] 472749K->378693K(699392K), 0.0091405 secs] [Times: user=0.09 sys=0.00, real=0.01 secs] 
2016-09-24T00:40:00.998-0400: 172.064: [GC (GCLocker Initiated GC) [PSYoungGen: 74190K->96K(175104K)] 379144K->384565K(699392K), 0.0097452 secs] [Times: user=0.12 sys=0.00, real=0.01 secs] 
2016-09-24T00:40:01.093-0400: 172.159: [GC (GCLocker Initiated GC) [PSYoungGen: 88160K->86242K(175104K)] 472640K->476797K(699392K), 0.0115548 secs] [Times: user=0.18 sys=0.00, real=0.02 secs] 
2016-09-24T00:40:01.220-0400: 172.286: [GC (GCLocker Initiated GC) [PSYoungGen: 174306K->74032K(175104K)] 571247K->489965K(699392K), 0.0096051 secs] [Times: user=0.14 sys=0.00, real=0.01 secs] 
2016-09-24T00:40:01.335-0400: 172.401: [GC (GCLocker Initiated GC) [PSYoungGen: 162096K->67469K(175104K)] 578188K->502242K(699392K), 0.0150313 secs] [Times: user=0.16 sys=0.00, real=0.01 secs] 
2016-09-24T00:40:01.350-0400: 172.416: [Full GC (Ergonomics) [PSYoungGen: 67469K->0K(175104K)] [ParOldGen: 434773K->59034K(524288K)] 502242K->59034K(699392K), [Metaspace: 44508K->44508K(1087488K)], 0.0657784 secs] [Times: user=0.43 sys=0.02, real=0.07 secs] 
2016-09-24T00:40:01.509-0400: 172.575: [GC (GCLocker Initiated GC) [PSYoungGen: 88064K->68473K(175104K)] 153433K->133842K(699392K), 0.0261175 secs] [Times: user=0.26 sys=0.01, real=0.03 secs] 
2016-09-24T00:40:01.657-0400: 172.723: [GC (GCLocker Initiated GC) [PSYoungGen: 156537K->73448K(175104K)] 222066K->158146K(699392K), 0.0172876 secs] [Times: user=0.16 sys=0.01, real=0.02 secs] 
2016-09-24T00:40:01.797-0400: 172.863: [GC (GCLocker Initiated GC) [PSYoungGen: 161512K->49344K(175104K)] 252523K->170989K(699392K), 0.0117861 secs] [Times: user=0.10 sys=0.00, real=0.01 secs] 
2016-09-24T00:40:01.904-0400: 172.970: [GC (GCLocker Initiated GC) [PSYoungGen: 137408K->61266K(175104K)] 259360K->201710K(699392K), 0.0180645 secs] [Times: user=0.15 sys=0.00, real=0.02 secs] 
2016-09-24T00:40:02.043-0400: 173.109: [GC (Allocation Failure) [PSYoungGen: 149330K->61526K(175104K)] 289866K->220407K(699392K), 0.0097227 secs] [Times: user=0.09 sys=0.00, real=0.00 secs] 
2016-09-24T00:40:02.177-0400: 173.243: [GC (Allocation Failure) [PSYoungGen: 149590K->36898K(175104K)] 308471K->238595K(699392K), 0.0182580 secs] [Times: user=0.18 sys=0.01, real=0.02 secs] 
2016-09-24T00:40:02.287-0400: 173.353: [GC (GCLocker Initiated GC) [PSYoungGen: 121017K->61362K(175104K)] 328789K->269246K(699392K), 0.0221300 secs] [Times: user=0.22 sys=0.01, real=0.02 secs] 
2016-09-24T00:40:02.418-0400: 173.484: [GC (GCLocker Initiated GC) [PSYoungGen: 149426K->73608K(175104K)] 357536K->300219K(699392K), 0.0299934 secs] [Times: user=0.35 sys=0.00, real=0.03 secs] 
2016-09-24T00:40:02.548-0400: 173.614: [GC (GCLocker Initiated GC) [PSYoungGen: 161672K->79655K(175104K)] 394388K->312623K(699392K), 0.0102994 secs] [Times: user=0.07 sys=0.00, real=0.01 secs] 
2016-09-24T00:40:02.666-0400: 173.732: [GC (GCLocker Initiated GC) [PSYoungGen: 167719K->43137K(175104K)] 400879K->349489K(699392K), 0.0181665 secs] [Times: user=0.18 sys=0.00, real=0.02 secs] 
2016-09-24T00:40:02.804-0400: 173.870: [GC (GCLocker Initiated GC) [PSYoungGen: 131201K->61590K(175104K)] 443972K->374644K(699392K), 0.0180457 secs] [Times: user=0.19 sys=0.00, real=0.02 secs] 
2016-09-24T00:40:02.965-0400: 174.031: [GC (GCLocker Initiated GC) [PSYoungGen: 149654K->36802K(175104K)] 462711K->368532K(699392K), 0.0129384 secs] [Times: user=0.13 sys=0.00, real=0.01 secs] 
2016-09-24T00:40:03.086-0400: 174.152: [GC (GCLocker Initiated GC) [PSYoungGen: 124866K->61426K(175104K)] 456690K->393370K(699392K), 0.0090510 secs] [Times: user=0.07 sys=0.00, real=0.01 secs] 
2016-09-24T00:40:03.205-0400: 174.271: [GC (Allocation Failure) [PSYoungGen: 149490K->79715K(175104K)] 481756K->454813K(699392K), 0.0112118 secs] [Times: user=0.12 sys=0.00, real=0.01 secs] 
2016-09-24T00:40:03.313-0400: 174.379: [GC (GCLocker Initiated GC) [PSYoungGen: 167779K->61622K(175104K)] 542883K->479542K(699392K), 0.0141929 secs] [Times: user=0.16 sys=0.00, real=0.02 secs] 
2016-09-24T00:40:03.446-0400: 174.512: [GC (GCLocker Initiated GC) [PSYoungGen: 149686K->79683K(175104K)] 567867K->528522K(699392K), 0.0125554 secs] [Times: user=0.15 sys=0.00, real=0.01 secs] 
2016-09-24T00:40:03.459-0400: 174.525: [Full GC (Ergonomics) [PSYoungGen: 79683K->0K(175104K)] [ParOldGen: 448839K->47349K(524288K)] 528522K->47349K(699392K), [Metaspace: 44510K->44510K(1087488K)], 0.0521672 secs] [Times: user=0.28 sys=0.02, real=0.05 secs] 
2016-09-24T00:40:03.635-0400: 174.701: [GC (GCLocker Initiated GC) [PSYoungGen: 88064K->86178K(175104K)] 135444K->163933K(699392K), 0.0145911 secs] [Times: user=0.18 sys=0.00, real=0.01 secs] 
2016-09-24T00:40:03.777-0400: 174.843: [GC (Allocation Failure) [PSYoungGen: 174242K->49244K(175104K)] 252346K->206863K(699392K), 0.0178850 secs] [Times: user=0.18 sys=0.01, real=0.02 secs] 
2016-09-24T00:40:03.914-0400: 174.980: [GC (GCLocker Initiated GC) [PSYoungGen: 133651K->37190K(175104K)] 297346K->237470K(699392K), 0.0321848 secs] [Times: user=0.38 sys=0.01, real=0.04 secs] 
2016-09-24T00:40:04.079-0400: 175.145: [GC (GCLocker Initiated GC) [PSYoungGen: 125254K->55191K(175104K)] 325682K->255870K(699392K), 0.0218168 secs] [Times: user=0.23 sys=0.01, real=0.02 secs] 
2016-09-24T00:40:04.222-0400: 175.288: [GC (GCLocker Initiated GC) [PSYoungGen: 143255K->55287K(175104K)] 350482K->281030K(699392K), 0.0185177 secs] [Times: user=0.19 sys=0.00, real=0.02 secs] 
2016-09-24T00:40:04.333-0400: 175.400: [GC (Allocation Failure) [PSYoungGen: 143351K->79651K(175104K)] 375362K->318029K(699392K), 0.0196918 secs] [Times: user=0.19 sys=0.00, real=0.02 secs] 
2016-09-24T00:40:04.469-0400: 175.535: [GC (GCLocker Initiated GC) [PSYoungGen: 167715K->85758K(175104K)] 406099K->385223K(699392K), 0.0210753 secs] [Times: user=0.26 sys=0.00, real=0.02 secs] 
2016-09-24T00:40:04.615-0400: 175.681: [GC (GCLocker Initiated GC) [PSYoungGen: 173822K->55351K(175104K)] 479684K->379713K(699392K), 0.0066642 secs] [Times: user=0.07 sys=0.00, real=0.00 secs] 
2016-09-24T00:40:04.740-0400: 175.806: [GC (GCLocker Initiated GC) [PSYoungGen: 143415K->73608K(175104K)] 467981K->398302K(699392K), 0.0087119 secs] [Times: user=0.11 sys=0.01, real=0.01 secs] 
2016-09-24T00:40:04.885-0400: 175.951: [GC (GCLocker Initiated GC) [PSYoungGen: 161672K->43265K(175104K)] 498822K->417148K(699392K), 0.0159605 secs] [Times: user=0.16 sys=0.00, real=0.01 secs] 
2016-09-24T00:40:05.039-0400: 176.105: [GC (Allocation Failure) [PSYoungGen: 131329K->55127K(175104K)] 505293K->429342K(699392K), 0.0099054 secs] [Times: user=0.08 sys=0.00, real=0.01 secs] 
2016-09-24T00:40:05.181-0400: 176.247: [GC (GCLocker Initiated GC) [PSYoungGen: 142273K->37126K(175104K)] 522563K->460053K(699392K), 0.0193851 secs] [Times: user=0.21 sys=0.01, real=0.02 secs] 
2016-09-24T00:40:05.293-0400: 176.359: [GC (GCLocker Initiated GC) [PSYoungGen: 125190K->55155K(175104K)] 554463K->484719K(699392K), 0.0067051 secs] [Times: user=0.09 sys=0.00, real=0.01 secs] 
2016-09-24T00:40:05.413-0400: 176.479: [GC (GCLocker Initiated GC) [PSYoungGen: 143219K->85798K(175104K)] 572988K->515639K(699392K), 0.0353617 secs] [Times: user=0.34 sys=0.00, real=0.04 secs] 
2016-09-24T00:40:05.548-0400: 176.614: [GC (Allocation Failure) [PSYoungGen: 173862K->30827K(175104K)] 609825K->521889K(699392K), 0.0162465 secs] [Times: user=0.14 sys=0.00, real=0.02 secs] 
2016-09-24T00:40:05.565-0400: 176.631: [Full GC (Ergonomics) [PSYoungGen: 30827K->0K(175104K)] [ParOldGen: 491061K->47323K(524288K)] 521889K->47323K(699392K), [Metaspace: 44511K->44511K(1087488K)], 0.0598719 secs] [Times: user=0.36 sys=0.00, real=0.06 secs] 
2016-09-24T00:40:05.744-0400: 176.810: [GC (GCLocker Initiated GC) [PSYoungGen: 88064K->43429K(175104K)] 141462K->96827K(699392K), 0.0145034 secs] [Times: user=0.13 sys=0.01, real=0.01 secs] 
2016-09-24T00:40:05.883-0400: 176.949: [GC (GCLocker Initiated GC) [PSYoungGen: 131493K->67373K(175104K)] 185078K->139871K(699392K), 0.0132792 secs] [Times: user=0.11 sys=0.00, real=0.01 secs] 
2016-09-24T00:40:06.024-0400: 177.090: [GC (GCLocker Initiated GC) [PSYoungGen: 155437K->73704K(175104K)] 228088K->201150K(699392K), 0.0170747 secs] [Times: user=0.24 sys=0.00, real=0.01 secs] 
2016-09-24T00:40:06.161-0400: 177.227: [GC (GCLocker Initiated GC) [PSYoungGen: 161768K->73936K(175104K)] 289513K->220049K(699392K), 0.0090006 secs] [Times: user=0.11 sys=0.00, real=0.01 secs] 
2016-09-24T00:40:06.276-0400: 177.342: [GC (Allocation Failure) [PSYoungGen: 162000K->85790K(175104K)] 314241K->280872K(699392K), 0.0171914 secs] [Times: user=0.26 sys=0.00, real=0.01 secs] 
2016-09-24T00:40:06.413-0400: 177.479: [GC (GCLocker Initiated GC) [PSYoungGen: 173854K->80139K(175104K)] 368942K->311984K(699392K), 0.0113978 secs] [Times: user=0.19 sys=0.00, real=0.02 secs] 
2016-09-24T00:40:06.547-0400: 177.613: [GC (Allocation Failure) [PSYoungGen: 168203K->37549K(175104K)] 406321K->312450K(699392K), 0.0099370 secs] [Times: user=0.17 sys=0.00, real=0.01 secs] 
2016-09-24T00:40:06.677-0400: 177.743: [GC (GCLocker Initiated GC) [PSYoungGen: 119897K->74132K(175104K)] 400872K->355234K(699392K), 0.0100314 secs] [Times: user=0.14 sys=0.00, real=0.01 secs] 
2016-09-24T00:40:06.810-0400: 177.876: [GC (GCLocker Initiated GC) [PSYoungGen: 162196K->79747K(175104K)] 443345K->379421K(699392K), 0.0095270 secs] [Times: user=0.15 sys=0.00, real=0.01 secs] 
2016-09-24T00:40:06.918-0400: 177.984: [GC (GCLocker Initiated GC) [PSYoungGen: 167811K->49276K(175104K)] 467717K->410215K(699392K), 0.0221968 secs] [Times: user=0.28 sys=0.01, real=0.02 secs] 
2016-09-24T00:40:07.050-0400: 178.116: [GC (GCLocker Initiated GC) [PSYoungGen: 137340K->86182K(175104K)] 498327K->502184K(699392K), 0.0125457 secs] [Times: user=0.19 sys=0.01, real=0.02 secs] 
2016-09-24T00:40:07.181-0400: 178.248: [GC (GCLocker Initiated GC) [PSYoungGen: 174246K->55219K(175104K)] 590765K->533132K(699392K), 0.0105727 secs] [Times: user=0.16 sys=0.01, real=0.01 secs] 
2016-09-24T00:40:07.192-0400: 178.258: [Full GC (Ergonomics) [PSYoungGen: 55219K->0K(175104K)] [ParOldGen: 477913K->41639K(524288K)] 533132K->41639K(699392K), [Metaspace: 44520K->44520K(1087488K)], 0.0441666 secs] [Times: user=0.37 sys=0.00, real=0.05 secs] 
2016-09-24T00:40:07.331-0400: 178.397: [GC (GCLocker Initiated GC) [PSYoungGen: 88064K->85790K(175104K)] 130047K->133848K(699392K), 0.0108871 secs] [Times: user=0.14 sys=0.01, real=0.01 secs] 
2016-09-24T00:40:07.455-0400: 178.521: [GC (GCLocker Initiated GC) [PSYoungGen: 173854K->79747K(175104K)] 222088K->146686K(699392K), 0.0111368 secs] [Times: user=0.18 sys=0.01, real=0.01 secs] 
2016-09-24T00:40:07.598-0400: 178.664: [GC (GCLocker Initiated GC) [PSYoungGen: 167811K->55906K(175104K)] 240854K->129250K(699392K), 0.0086850 secs] [Times: user=0.12 sys=0.01, real=0.01 secs] 
2016-09-24T00:40:07.714-0400: 178.780: [GC (GCLocker Initiated GC) [PSYoungGen: 143970K->55743K(175104K)] 218022K->148490K(699392K), 0.0086217 secs] [Times: user=0.13 sys=0.01, real=0.02 secs] 
2016-09-24T00:40:07.845-0400: 178.911: [GC (GCLocker Initiated GC) [PSYoungGen: 143807K->85986K(175104K)] 248740K->215371K(699392K), 0.0121063 secs] [Times: user=0.12 sys=0.00, real=0.01 secs] 
2016-09-24T00:40:07.968-0400: 179.034: [GC (GCLocker Initiated GC) [PSYoungGen: 174050K->49180K(175104K)] 303504K->221427K(699392K), 0.0264754 secs] [Times: user=0.26 sys=0.00, real=0.03 secs] 
2016-09-24T00:40:08.096-0400: 179.162: [GC (GCLocker Initiated GC) [PSYoungGen: 137244K->85954K(175104K)] 315614K->288931K(699392K), 0.0242153 secs] [Times: user=0.34 sys=0.00, real=0.02 secs] 
2016-09-24T00:40:08.253-0400: 179.319: [GC (GCLocker Initiated GC) [PSYoungGen: 174018K->73380K(175104K)] 377250K->301196K(699392K), 0.0100912 secs] [Times: user=0.09 sys=0.00, real=0.02 secs] 
2016-09-24T00:40:08.375-0400: 179.441: [GC (GCLocker Initiated GC) [PSYoungGen: 161444K->73804K(175104K)] 389278K->338224K(699392K), 0.0115197 secs] [Times: user=0.18 sys=0.01, real=0.01 secs] 
2016-09-24T00:40:08.496-0400: 179.562: [GC (GCLocker Initiated GC) [PSYoungGen: 161868K->55383K(175104K)] 432522K->344757K(699392K), 0.0100204 secs] [Times: user=0.16 sys=0.00, real=0.01 secs] 
2016-09-24T00:40:08.623-0400: 179.689: [GC (Allocation Failure) [PSYoungGen: 143447K->85986K(175104K)] 432986K->387974K(699392K), 0.0109160 secs] [Times: user=0.17 sys=0.00, real=0.00 secs] 
2016-09-24T00:40:08.763-0400: 179.829: [GC (GCLocker Initiated GC) [PSYoungGen: 174050K->55447K(175104K)] 476039K->400293K(699392K), 0.0113302 secs] [Times: user=0.17 sys=0.00, real=0.01 secs] 
2016-09-24T00:40:08.893-0400: 179.959: [GC (GCLocker Initiated GC) [PSYoungGen: 143511K->73608K(175104K)] 488601K->419013K(699392K), 0.0094482 secs] [Times: user=0.15 sys=0.00, real=0.02 secs] 
2016-09-24T00:40:09.022-0400: 180.088: [GC (GCLocker Initiated GC) [PSYoungGen: 161672K->86018K(175104K)] 507399K->438128K(699392K), 0.0122133 secs] [Times: user=0.18 sys=0.00, real=0.01 secs] 
2016-09-24T00:40:09.124-0400: 180.190: [GC (GCLocker Initiated GC) [PSYoungGen: 174082K->85790K(175104K)] 526273K->523534K(699392K), 0.0172456 secs] [Times: user=0.28 sys=0.00, real=0.01 secs] 
2016-09-24T00:40:09.258-0400: 180.324: [Full GC (Ergonomics) [PSYoungGen: 173854K->0K(175104K)] [ParOldGen: 444012K->47250K(524288K)] 617866K->47250K(699392K), [Metaspace: 44520K->44520K(1087488K)], 0.0530194 secs] [Times: user=0.39 sys=0.00, real=0.05 secs] 
2016-09-24T00:40:09.453-0400: 180.519: [GC (GCLocker Initiated GC) [PSYoungGen: 88064K->86178K(175104K)] 135334K->145598K(699392K), 0.0082643 secs] [Times: user=0.10 sys=0.00, real=0.01 secs] 
2016-09-24T00:40:09.585-0400: 180.651: [GC (Allocation Failure) [PSYoungGen: 174242K->43169K(175104K)] 245949K->182238K(699392K), 0.0184164 secs] [Times: user=0.18 sys=0.00, real=0.02 secs] 
2016-09-24T00:40:09.714-0400: 180.780: [GC (GCLocker Initiated GC) [PSYoungGen: 131233K->49376K(175104K)] 270302K->231074K(699392K), 0.0221374 secs] [Times: user=0.25 sys=0.00, real=0.03 secs] 
2016-09-24T00:40:09.851-0400: 180.917: [GC (GCLocker Initiated GC) [PSYoungGen: 137440K->37453K(175104K)] 337612K->238034K(699392K), 0.0102252 secs] [Times: user=0.10 sys=0.00, real=0.01 secs] 
2016-09-24T00:40:10.008-0400: 181.074: [GC (GCLocker Initiated GC) [PSYoungGen: 125517K->43137K(175104K)] 338390K->274509K(699392K), 0.0138430 secs] [Times: user=0.13 sys=0.00, real=0.01 secs] 
2016-09-24T00:40:10.121-0400: 181.187: [GC (GCLocker Initiated GC) [PSYoungGen: 131201K->79619K(175104K)] 362659K->329438K(699392K), 0.0166859 secs] [Times: user=0.16 sys=0.01, real=0.02 secs] 
2016-09-24T00:40:10.263-0400: 181.329: [GC (GCLocker Initiated GC) [PSYoungGen: 167683K->43333K(175104K)] 429694K->372444K(699392K), 0.0101187 secs] [Times: user=0.10 sys=0.00, real=0.00 secs] 
2016-09-24T00:40:10.407-0400: 181.473: [GC (GCLocker Initiated GC) [PSYoungGen: 131397K->37130K(175104K)] 472772K->396982K(699392K), 0.0214058 secs] [Times: user=0.19 sys=0.00, real=0.02 secs] 
2016-09-24T00:40:10.574-0400: 181.640: [GC (GCLocker Initiated GC) [PSYoungGen: 125194K->19228K(175104K)] 503274K->415825K(699392K), 0.0213254 secs] [Times: user=0.18 sys=0.00, real=0.03 secs] 
2016-09-24T00:40:10.718-0400: 181.784: [GC (GCLocker Initiated GC) [PSYoungGen: 107292K->55191K(175104K)] 510140K->458134K(699392K), 0.0124951 secs] [Times: user=0.10 sys=0.00, real=0.01 secs] 
2016-09-24T00:40:10.878-0400: 181.944: [GC (GCLocker Initiated GC) [PSYoungGen: 143255K->36902K(175104K)] 552449K->464556K(699392K), 0.0116539 secs] [Times: user=0.10 sys=0.00, real=0.01 secs] 
2016-09-24T00:40:11.003-0400: 182.070: [GC (GCLocker Initiated GC) [PSYoungGen: 124966K->67469K(175104K)] 553426K->514297K(699392K), 0.0082656 secs] [Times: user=0.08 sys=0.00, real=0.00 secs] 
2016-09-24T00:40:11.133-0400: 182.199: [Full GC (Ergonomics) [PSYoungGen: 155533K->0K(175104K)] [ParOldGen: 453018K->47611K(524288K)] 608551K->47611K(699392K), [Metaspace: 44520K->44520K(1087488K)], 0.0665976 secs] [Times: user=0.42 sys=0.01, real=0.07 secs] 
2016-09-24T00:40:11.332-0400: 182.398: [GC (Allocation Failure) [PSYoungGen: 88064K->74551K(175104K)] 142100K->128588K(699392K), 0.0132690 secs] [Times: user=0.15 sys=0.00, real=0.02 secs] 
2016-09-24T00:40:11.430-0400: 182.496: [GC (GCLocker Initiated GC) [PSYoungGen: 162615K->85630K(175104K)] 216652K->158619K(699392K), 0.0192233 secs] [Times: user=0.22 sys=0.01, real=0.02 secs] 
2016-09-24T00:40:11.548-0400: 182.614: [GC (Allocation Failure) [PSYoungGen: 173694K->73608K(175104K)] 246976K->183476K(699392K), 0.0127766 secs] [Times: user=0.17 sys=0.00, real=0.01 secs] 
2016-09-24T00:40:11.688-0400: 182.754: [GC (Allocation Failure) [PSYoungGen: 161672K->49212K(175104K)] 271540K->220106K(699392K), 0.0179183 secs] [Times: user=0.22 sys=0.00, real=0.02 secs] 
2016-09-24T00:40:11.828-0400: 182.894: [GC (GCLocker Initiated GC) [PSYoungGen: 137276K->85694K(175104K)] 308298K->263067K(699392K), 0.0176681 secs] [Times: user=0.18 sys=0.00, real=0.02 secs] 
2016-09-24T00:40:11.950-0400: 183.016: [GC (GCLocker Initiated GC) [PSYoungGen: 173758K->55191K(175104K)] 357348K->257273K(699392K), 0.0246766 secs] [Times: user=0.25 sys=0.01, real=0.03 secs] 
2016-09-24T00:40:12.098-0400: 183.164: [GC (GCLocker Initiated GC) [PSYoungGen: 143255K->49344K(175104K)] 357590K->282172K(699392K), 0.0456569 secs] [Times: user=0.48 sys=0.00, real=0.05 secs] 
2016-09-24T00:40:12.293-0400: 183.359: [GC (GCLocker Initiated GC) [PSYoungGen: 137408K->73252K(175104K)] 376359K->312462K(699392K), 0.0247606 secs] [Times: user=0.26 sys=0.00, real=0.03 secs] 
2016-09-24T00:40:12.449-0400: 183.515: [GC (GCLocker Initiated GC) [PSYoungGen: 161316K->43301K(175104K)] 412785K->331324K(699392K), 0.0145786 secs] [Times: user=0.15 sys=0.00, real=0.02 secs] 
2016-09-24T00:40:12.604-0400: 183.670: [GC (GCLocker Initiated GC) [PSYoungGen: 131365K->61198K(175104K)] 419542K->380041K(699392K), 0.0262423 secs] [Times: user=0.26 sys=0.00, real=0.02 secs] 
2016-09-24T00:40:12.739-0400: 183.805: [GC (Allocation Failure) [PSYoungGen: 149262K->55351K(175104K)] 468259K->416985K(699392K), 0.0129831 secs] [Times: user=0.14 sys=0.00, real=0.01 secs] 
2016-09-24T00:40:12.874-0400: 183.940: [GC (GCLocker Initiated GC) [PSYoungGen: 143415K->67501K(175104K)] 505056K->453561K(699392K), 0.0188199 secs] [Times: user=0.24 sys=0.00, real=0.02 secs] 
2016-09-24T00:40:13.035-0400: 184.101: [GC (GCLocker Initiated GC) [PSYoungGen: 155565K->55319K(175104K)] 553968K->460064K(699392K), 0.0140813 secs] [Times: user=0.15 sys=0.00, real=0.01 secs] 
2016-09-24T00:40:13.204-0400: 184.270: [GC (GCLocker Initiated GC) [PSYoungGen: 143383K->55159K(175104K)] 554536K->466572K(699392K), 0.0226068 secs] [Times: user=0.20 sys=0.00, real=0.02 secs] 
2016-09-24T00:40:13.353-0400: 184.419: [GC (Allocation Failure) [PSYoungGen: 143223K->43205K(175104K)] 554805K->473099K(699392K), 0.0167251 secs] [Times: user=0.18 sys=0.00, real=0.02 secs] 
2016-09-24T00:40:13.471-0400: 184.537: [GC (GCLocker Initiated GC) [PSYoungGen: 131269K->85566K(175104K)] 561169K->527875K(699392K), 0.0251640 secs] [Times: user=0.23 sys=0.00, real=0.03 secs] 
2016-09-24T00:40:13.627-0400: 184.693: [GC (GCLocker Initiated GC) [PSYoungGen: 173630K->61362K(175104K)] 616162K->540580K(699392K), 0.0118606 secs] [Times: user=0.13 sys=0.01, real=0.01 secs] 
2016-09-24T00:40:13.639-0400: 184.705: [Full GC (Ergonomics) [PSYoungGen: 61362K->0K(175104K)] [ParOldGen: 479218K->47863K(524288K)] 540580K->47863K(699392K), [Metaspace: 44520K->44520K(1087488K)], 0.0531542 secs] [Times: user=0.32 sys=0.00, real=0.05 secs] 
2016-09-24T00:40:13.823-0400: 184.890: [GC (GCLocker Initiated GC) [PSYoungGen: 88064K->86210K(175104K)] 142329K->158700K(699392K), 0.0119895 secs] [Times: user=0.14 sys=0.00, real=0.01 secs] 
2016-09-24T00:40:13.932-0400: 184.998: [GC (GCLocker Initiated GC) [PSYoungGen: 174274K->86018K(175104K)] 246862K->238184K(699392K), 0.0145282 secs] [Times: user=0.20 sys=0.00, real=0.02 secs] 
2016-09-24T00:40:14.095-0400: 185.161: [GC (GCLocker Initiated GC) [PSYoungGen: 174082K->43265K(175104K)] 332685K->281151K(699392K), 0.0136661 secs] [Times: user=0.17 sys=0.00, real=0.01 secs] 
2016-09-24T00:40:14.233-0400: 185.299: [GC (GCLocker Initiated GC) [PSYoungGen: 131329K->79551K(175104K)] 369581K->318095K(699392K), 0.0177457 secs] [Times: user=0.19 sys=0.00, real=0.02 secs] 
2016-09-24T00:40:14.358-0400: 185.424: [GC (GCLocker Initiated GC) [PSYoungGen: 167615K->55483K(175104K)] 412511K->318707K(699392K), 0.0257008 secs] [Times: user=0.30 sys=0.01, real=0.03 secs] 
2016-09-24T00:40:14.508-0400: 185.574: [GC (GCLocker Initiated GC) [PSYoungGen: 143547K->73676K(175104K)] 412939K->343351K(699392K), 0.0154884 secs] [Times: user=0.14 sys=0.00, real=0.02 secs] 
2016-09-24T00:40:14.660-0400: 185.726: [GC (Allocation Failure) [PSYoungGen: 161740K->55479K(175104K)] 443730K->356125K(699392K), 0.0160273 secs] [Times: user=0.16 sys=0.00, real=0.02 secs] 
2016-09-24T00:40:14.800-0400: 185.866: [GC (GCLocker Initiated GC) [PSYoungGen: 143543K->55319K(175104K)] 444190K->356249K(699392K), 0.0065202 secs] [Times: user=0.05 sys=0.00, real=0.01 secs] 
2016-09-24T00:40:14.918-0400: 185.984: [GC (Allocation Failure) [PSYoungGen: 143383K->55287K(175104K)] 456692K->368863K(699392K), 0.0182727 secs] [Times: user=0.18 sys=0.00, real=0.02 secs] 
2016-09-24T00:40:15.070-0400: 186.136: [GC (GCLocker Initiated GC) [PSYoungGen: 143351K->55319K(175104K)] 456927K->387420K(699392K), 0.0225207 secs] [Times: user=0.27 sys=0.00, real=0.02 secs] 
2016-09-24T00:40:15.217-0400: 186.283: [GC (Allocation Failure) [PSYoungGen: 143383K->55483K(175104K)] 487978K->400329K(699392K), 0.0141246 secs] [Times: user=0.15 sys=0.00, real=0.01 secs] 
2016-09-24T00:40:15.350-0400: 186.416: [GC (GCLocker Initiated GC) [PSYoungGen: 142408K->36866K(175104K)] 493329K->388218K(699392K), 0.0069915 secs] [Times: user=0.07 sys=0.00, real=0.01 secs] 
2016-09-24T00:40:15.479-0400: 186.545: [GC (GCLocker Initiated GC) [PSYoungGen: 124930K->79655K(175104K)] 476531K->431352K(699392K), 0.0103871 secs] [Times: user=0.08 sys=0.00, real=0.01 secs] 
2016-09-24T00:40:15.615-0400: 186.681: [GC (Allocation Failure) [PSYoungGen: 167719K->67565K(175104K)] 519676K->456435K(699392K), 0.0172514 secs] [Times: user=0.19 sys=0.00, real=0.01 secs] 
2016-09-24T00:40:15.743-0400: 186.809: [GC (GCLocker Initiated GC) [PSYoungGen: 155629K->61362K(175104K)] 544505K->492891K(699392K), 0.0326927 secs] [Times: user=0.32 sys=0.01, real=0.03 secs] 
2016-09-24T00:40:15.893-0400: 186.959: [GC (GCLocker Initiated GC) [PSYoungGen: 149426K->43237K(175104K)] 593444K->523972K(699392K), 0.0312643 secs] [Times: user=0.30 sys=0.00, real=0.04 secs] 
2016-09-24T00:40:15.924-0400: 186.991: [Full GC (Ergonomics) [PSYoungGen: 43237K->0K(175104K)] [ParOldGen: 480735K->53980K(524288K)] 523972K->53980K(699392K), [Metaspace: 44521K->44521K(1087488K)], 0.0564700 secs] [Times: user=0.35 sys=0.01, real=0.05 secs] 
2016-09-24T00:40:16.099-0400: 187.165: [GC (GCLocker Initiated GC) [PSYoungGen: 88058K->61850K(175104K)] 148474K->122266K(699392K), 0.0259903 secs] [Times: user=0.28 sys=0.00, real=0.03 secs] 
2016-09-24T00:40:16.257-0400: 187.323: [GC (GCLocker Initiated GC) [PSYoungGen: 149914K->36866K(175104K)] 223206K->140964K(699392K), 0.0084503 secs] [Times: user=0.06 sys=0.00, real=0.01 secs] 
2016-09-24T00:40:16.373-0400: 187.439: [GC (Allocation Failure) [PSYoungGen: 124930K->73804K(175104K)] 229338K->202632K(699392K), 0.0098121 secs] [Times: user=0.13 sys=0.00, real=0.02 secs] 
2016-09-24T00:40:16.495-0400: 187.561: [GC (GCLocker Initiated GC) [PSYoungGen: 161868K->43137K(175104K)] 290702K->196702K(699392K), 0.0097041 secs] [Times: user=0.07 sys=0.00, real=0.01 secs] 
2016-09-24T00:40:16.645-0400: 187.711: [GC (GCLocker Initiated GC) [PSYoungGen: 131201K->37322K(175104K)] 303184K->227618K(699392K), 0.0112311 secs] [Times: user=0.14 sys=0.01, real=0.01 secs] 
2016-09-24T00:40:16.812-0400: 187.878: [GC (GCLocker Initiated GC) [PSYoungGen: 125386K->55255K(175104K)] 321972K->252124K(699392K), 0.0237079 secs] [Times: user=0.24 sys=0.00, real=0.03 secs] 
2016-09-24T00:40:16.934-0400: 188.000: [GC (Allocation Failure) [PSYoungGen: 143319K->73968K(175104K)] 346523K->277448K(699392K), 0.0096670 secs] [Times: user=0.12 sys=0.00, real=0.01 secs] 
2016-09-24T00:40:17.071-0400: 188.137: [GC (GCLocker Initiated GC) [PSYoungGen: 162032K->74032K(175104K)] 365517K->314290K(699392K), 0.0129316 secs] [Times: user=0.18 sys=0.01, real=0.02 secs] 
2016-09-24T00:40:17.214-0400: 188.280: [GC (GCLocker Initiated GC) [PSYoungGen: 162096K->67569K(175104K)] 414665K->320242K(699392K), 0.0095643 secs] [Times: user=0.09 sys=0.00, real=0.02 secs] 
2016-09-24T00:40:17.328-0400: 188.394: [GC (GCLocker Initiated GC) [PSYoungGen: 155633K->73444K(175104K)] 408436K->381426K(699392K), 0.0130281 secs] [Times: user=0.18 sys=0.00, real=0.01 secs] 
2016-09-24T00:40:17.456-0400: 188.522: [GC (GCLocker Initiated GC) [PSYoungGen: 161508K->85922K(175104K)] 469672K->418522K(699392K), 0.0113758 secs] [Times: user=0.16 sys=0.01, real=0.01 secs] 
2016-09-24T00:40:17.607-0400: 188.673: [GC (GCLocker Initiated GC) [PSYoungGen: 173986K->48856K(175104K)] 506818K->400164K(699392K), 0.0264888 secs] [Times: user=0.24 sys=0.00, real=0.02 secs] 
2016-09-24T00:40:17.736-0400: 188.802: [GC (Allocation Failure) [PSYoungGen: 136920K->49280K(175104K)] 488314K->418995K(699392K), 0.0205898 secs] [Times: user=0.21 sys=0.00, real=0.02 secs] 
2016-09-24T00:40:17.862-0400: 188.928: [GC (GCLocker Initiated GC) [PSYoungGen: 137344K->85758K(175104K)] 507070K->492242K(699392K), 0.0161146 secs] [Times: user=0.19 sys=0.00, real=0.01 secs] 
2016-09-24T00:40:18.013-0400: 189.079: [GC (GCLocker Initiated GC) [PSYoungGen: 173822K->67537K(175104K)] 580336K->480197K(699392K), 0.0088036 secs] [Times: user=0.07 sys=0.00, real=0.01 secs] 
2016-09-24T00:40:18.152-0400: 189.218: [GC (GCLocker Initiated GC) [PSYoungGen: 155601K->49080K(175104K)] 568314K->492624K(699392K), 0.0166042 secs] [Times: user=0.19 sys=0.01, real=0.02 secs] 
2016-09-24T00:40:18.267-0400: 189.333: [GC (GCLocker Initiated GC) [PSYoungGen: 137144K->79687K(175104K)] 581000K->560112K(699392K), 0.0173660 secs] [Times: user=0.17 sys=0.00, real=0.02 secs] 
2016-09-24T00:40:18.284-0400: 189.350: [Full GC (Ergonomics) [PSYoungGen: 79687K->0K(175104K)] [ParOldGen: 480425K->54403K(524288K)] 560112K->54403K(699392K), [Metaspace: 44522K->44522K(1087488K)], 0.0561150 secs] [Times: user=0.34 sys=0.01, real=0.05 secs] 
2016-09-24T00:40:18.441-0400: 189.507: [GC (GCLocker Initiated GC) [PSYoungGen: 88064K->86182K(175104K)] 148774K->152967K(699392K), 0.0097911 secs] [Times: user=0.09 sys=0.00, real=0.01 secs] 
2016-09-24T00:40:18.594-0400: 189.660: [GC (GCLocker Initiated GC) [PSYoungGen: 174246K->61426K(175104K)] 247220K->171578K(699392K), 0.0088810 secs] [Times: user=0.10 sys=0.00, real=0.02 secs] 
2016-09-24T00:40:18.699-0400: 189.765: [GC (GCLocker Initiated GC) [PSYoungGen: 149490K->55547K(175104K)] 259795K->214751K(699392K), 0.0240903 secs] [Times: user=0.28 sys=0.00, real=0.03 secs] 
2016-09-24T00:40:18.863-0400: 189.929: [GC (GCLocker Initiated GC) [PSYoungGen: 143611K->85854K(175104K)] 302891K->300312K(699392K), 0.0119682 secs] [Times: user=0.17 sys=0.01, real=0.01 secs] 
2016-09-24T00:40:19.013-0400: 190.079: [GC (GCLocker Initiated GC) [PSYoungGen: 173918K->73640K(175104K)] 394605K->361475K(699392K), 0.0119578 secs] [Times: user=0.17 sys=0.01, real=0.02 secs] 
2016-09-24T00:40:19.133-0400: 190.199: [GC (Allocation Failure) [PSYoungGen: 161704K->86118K(175104K)] 449844K->386732K(699392K), 0.0104118 secs] [Times: user=0.13 sys=0.00, real=0.02 secs] 
2016-09-24T00:40:19.269-0400: 190.335: [GC (GCLocker Initiated GC) [PSYoungGen: 174182K->61166K(175104K)] 474796K->392414K(699392K), 0.0183090 secs] [Times: user=0.17 sys=0.01, real=0.02 secs] 
2016-09-24T00:40:19.415-0400: 190.481: [GC (GCLocker Initiated GC) [PSYoungGen: 149230K->79883K(175104K)] 486623K->417348K(699392K), 0.0111601 secs] [Times: user=0.11 sys=0.00, real=0.01 secs] 
2016-09-24T00:40:19.532-0400: 190.598: [GC (Allocation Failure) [PSYoungGen: 167947K->48984K(175104K)] 505437K->429258K(699392K), 0.0175213 secs] [Times: user=0.16 sys=0.00, real=0.02 secs] 
2016-09-24T00:40:19.656-0400: 190.722: [GC (GCLocker Initiated GC) [PSYoungGen: 137048K->73676K(175104K)] 517328K->496592K(699392K), 0.0263795 secs] [Times: user=0.31 sys=0.01, real=0.03 secs] 
2016-09-24T00:40:19.815-0400: 190.881: [GC (Allocation Failure) [PSYoungGen: 161740K->61202K(175104K)] 584804K->502742K(699392K), 0.0294232 secs] [Times: user=0.26 sys=0.01, real=0.03 secs] 
2016-09-24T00:40:19.964-0400: 191.030: [GC (GCLocker Initiated GC) [PSYoungGen: 148664K->55419K(175104K)] 596279K->503310K(699392K), 0.0237580 secs] [Times: user=0.28 sys=0.00, real=0.02 secs] 
2016-09-24T00:40:20.123-0400: 191.189: [Full GC (Ergonomics) [PSYoungGen: 143483K->0K(175104K)] [ParOldGen: 460083K->54068K(524288K)] 603566K->54068K(699392K), [Metaspace: 44523K->44523K(1087488K)], 0.0648250 secs] [Times: user=0.41 sys=0.00, real=0.06 secs] 
2016-09-24T00:40:20.302-0400: 191.368: [GC (GCLocker Initiated GC) [PSYoungGen: 88064K->80399K(175104K)] 148562K->140897K(699392K), 0.0219564 secs] [Times: user=0.20 sys=0.01, real=0.02 secs] 
2016-09-24T00:40:20.450-0400: 191.516: [GC (GCLocker Initiated GC) [PSYoungGen: 168463K->79651K(175104K)] 229053K->159349K(699392K), 0.0098772 secs] [Times: user=0.09 sys=0.00, real=0.01 secs] 
2016-09-24T00:40:20.587-0400: 191.653: [GC (GCLocker Initiated GC) [PSYoungGen: 167715K->25139K(175104K)] 259756K->166073K(699392K), 0.0124297 secs] [Times: user=0.09 sys=0.01, real=0.01 secs] 
2016-09-24T00:40:20.708-0400: 191.774: [GC (GCLocker Initiated GC) [PSYoungGen: 113203K->49084K(175104K)] 254240K->190536K(699392K), 0.0186524 secs] [Times: user=0.17 sys=0.01, real=0.02 secs] 
2016-09-24T00:40:20.870-0400: 191.936: [GC (GCLocker Initiated GC) [PSYoungGen: 137148K->55319K(175104K)] 284768K->245559K(699392K), 0.0146048 secs] [Times: user=0.15 sys=0.00, real=0.02 secs] 
2016-09-24T00:40:21.008-0400: 192.074: [GC (GCLocker Initiated GC) [PSYoungGen: 143383K->55319K(175104K)] 333789K->288541K(699392K), 0.0101600 secs] [Times: user=0.11 sys=0.00, real=0.01 secs] 
2016-09-24T00:40:21.126-0400: 192.192: [GC (GCLocker Initiated GC) [PSYoungGen: 143383K->79391K(175104K)] 376653K->312920K(699392K), 0.0189546 secs] [Times: user=0.17 sys=0.00, real=0.02 secs] 
2016-09-24T00:40:21.253-0400: 192.319: [GC (GCLocker Initiated GC) [PSYoungGen: 167455K->67505K(175104K)] 401341K->344003K(699392K), 0.0222925 secs] [Times: user=0.20 sys=0.00, real=0.03 secs] 
2016-09-24T00:40:21.411-0400: 192.477: [GC (GCLocker Initiated GC) [PSYoungGen: 155569K->67241K(175104K)] 432103K->362275K(699392K), 0.0244616 secs] [Times: user=0.25 sys=0.00, real=0.03 secs] 
2016-09-24T00:40:21.556-0400: 192.622: [GC (GCLocker Initiated GC) [PSYoungGen: 155305K->85922K(175104K)] 450498K->387310K(699392K), 0.0097293 secs] [Times: user=0.11 sys=0.00, real=0.01 secs] 
2016-09-24T00:40:21.684-0400: 192.750: [GC (GCLocker Initiated GC) [PSYoungGen: 173986K->49244K(175104K)] 481558K->411790K(699392K), 0.0215148 secs] [Times: user=0.26 sys=0.00, real=0.02 secs] 
2016-09-24T00:40:21.824-0400: 192.890: [GC (GCLocker Initiated GC) [PSYoungGen: 137308K->85762K(175104K)] 506189K->460814K(699392K), 0.0184145 secs] [Times: user=0.19 sys=0.01, real=0.02 secs] 
2016-09-24T00:40:21.996-0400: 193.062: [GC (GCLocker Initiated GC) [PSYoungGen: 173826K->24912K(175104K)] 555280K->455258K(699392K), 0.0102213 secs] [Times: user=0.06 sys=0.00, real=0.01 secs] 
2016-09-24T00:40:22.118-0400: 193.184: [Full GC (Ergonomics) [PSYoungGen: 112976K->0K(175104K)] [ParOldGen: 442683K->54394K(524288K)] 555659K->54394K(699392K), [Metaspace: 44526K->44526K(1087488K)], 0.0551091 secs] [Times: user=0.26 sys=0.01, real=0.05 secs] 
2016-09-24T00:40:22.294-0400: 193.360: [GC (GCLocker Initiated GC) [PSYoungGen: 88064K->79619K(175104K)] 142505K->134060K(699392K), 0.0173795 secs] [Times: user=0.16 sys=0.00, real=0.02 secs] 
2016-09-24T00:40:22.448-0400: 193.514: [GC (GCLocker Initiated GC) [PSYoungGen: 167683K->49116K(175104K)] 222430K->146640K(699392K), 0.0255432 secs] [Times: user=0.23 sys=0.01, real=0.02 secs] 
2016-09-24T00:40:22.591-0400: 193.657: [GC (Allocation Failure) [PSYoungGen: 137180K->61266K(175104K)] 234902K->159224K(699392K), 0.0121595 secs] [Times: user=0.10 sys=0.00, real=0.02 secs] 
2016-09-24T00:40:22.703-0400: 193.769: [GC (GCLocker Initiated GC) [PSYoungGen: 143336K->55287K(175104K)] 247369K->208195K(699392K), 0.0127496 secs] [Times: user=0.14 sys=0.00, real=0.01 secs] 
2016-09-24T00:40:22.839-0400: 193.905: [GC (GCLocker Initiated GC) [PSYoungGen: 143351K->73612K(175104K)] 296570K->227090K(699392K), 0.0177428 secs] [Times: user=0.17 sys=0.00, real=0.02 secs] 
2016-09-24T00:40:22.959-0400: 194.025: [GC (GCLocker Initiated GC) [PSYoungGen: 161676K->49084K(175104K)] 315174K->214999K(699392K), 0.0217961 secs] [Times: user=0.21 sys=0.01, real=0.02 secs] 
2016-09-24T00:40:23.101-0400: 194.167: [GC (GCLocker Initiated GC) [PSYoungGen: 137148K->85954K(175104K)] 309174K->288819K(699392K), 0.0146265 secs] [Times: user=0.18 sys=0.01, real=0.02 secs] 
2016-09-24T00:40:23.238-0400: 194.304: [GC (GCLocker Initiated GC) [PSYoungGen: 174018K->61230K(175104K)] 376919K->313022K(699392K), 0.0162966 secs] [Times: user=0.20 sys=0.00, real=0.01 secs] 
2016-09-24T00:40:23.367-0400: 194.433: [GC (GCLocker Initiated GC) [PSYoungGen: 149294K->55743K(175104K)] 407371K->313972K(699392K), 0.0122965 secs] [Times: user=0.18 sys=0.01, real=0.01 secs] 
2016-09-24T00:40:23.496-0400: 194.562: [GC (GCLocker Initiated GC) [PSYoungGen: 143807K->79715K(175104K)] 402318K->356751K(699392K), 0.0088176 secs] [Times: user=0.11 sys=0.00, real=0.01 secs] 
2016-09-24T00:40:23.651-0400: 194.717: [GC (GCLocker Initiated GC) [PSYoungGen: 167779K->55255K(175104K)] 451094K->381183K(699392K), 0.0111052 secs] [Times: user=0.07 sys=0.00, real=0.01 secs] 
2016-09-24T00:40:23.779-0400: 194.845: [GC (GCLocker Initiated GC) [PSYoungGen: 143319K->73608K(175104K)] 469513K->436567K(699392K), 0.0108781 secs] [Times: user=0.15 sys=0.00, real=0.01 secs] 
2016-09-24T00:40:23.900-0400: 194.966: [GC (GCLocker Initiated GC) [PSYoungGen: 161672K->55451K(175104K)] 536963K->437092K(699392K), 0.0221568 secs] [Times: user=0.23 sys=0.00, real=0.02 secs] 
2016-09-24T00:40:24.080-0400: 195.146: [GC (GCLocker Initiated GC) [PSYoungGen: 143515K->55091K(175104K)] 525158K->437001K(699392K), 0.0062136 secs] [Times: user=0.06 sys=0.00, real=0.01 secs] 
2016-09-24T00:40:24.224-0400: 195.290: [GC (GCLocker Initiated GC) [PSYoungGen: 143155K->61102K(175104K)] 525242K->443276K(699392K), 0.0120446 secs] [Times: user=0.10 sys=0.00, real=0.01 secs] 
2016-09-24T00:40:24.351-0400: 195.417: [GC (GCLocker Initiated GC) [PSYoungGen: 149166K->73772K(175104K)] 531606K->486723K(699392K), 0.0105525 secs] [Times: user=0.15 sys=0.00, real=0.01 secs] 
2016-09-24T00:40:24.483-0400: 195.549: [GC (GCLocker Initiated GC) [PSYoungGen: 161836K->73544K(175104K)] 581060K->523395K(699392K), 0.0118086 secs] [Times: user=0.07 sys=0.00, real=0.01 secs] 
2016-09-24T00:40:24.610-0400: 195.676: [Full GC (Ergonomics) [PSYoungGen: 161608K->0K(175104K)] [ParOldGen: 456191K->48215K(524288K)] 617799K->48215K(699392K), [Metaspace: 44527K->44527K(1087488K)], 0.0835589 secs] [Times: user=0.58 sys=0.01, real=0.08 secs] 
2016-09-24T00:40:24.812-0400: 195.878: [GC (GCLocker Initiated GC) [PSYoungGen: 88064K->86210K(175104K)] 142591K->152887K(699392K), 0.0152634 secs] [Times: user=0.17 sys=0.00, real=0.02 secs] 
2016-09-24T00:40:24.935-0400: 196.001: [GC (GCLocker Initiated GC) [PSYoungGen: 174274K->37030K(175104K)] 241307K->165508K(699392K), 0.0106757 secs] [Times: user=0.09 sys=0.00, real=0.01 secs] 
2016-09-24T00:40:25.051-0400: 196.117: [GC (GCLocker Initiated GC) [PSYoungGen: 125094K->79651K(175104K)] 253760K->238820K(699392K), 0.0198988 secs] [Times: user=0.18 sys=0.00, real=0.02 secs] 
2016-09-24T00:40:25.186-0400: 196.252: [GC (GCLocker Initiated GC) [PSYoungGen: 167715K->73676K(175104K)] 327015K->269709K(699392K), 0.0163465 secs] [Times: user=0.14 sys=0.01, real=0.02 secs] 
2016-09-24T00:40:25.317-0400: 196.383: [GC (GCLocker Initiated GC) [PSYoungGen: 161740K->67405K(175104K)] 357860K->300235K(699392K), 0.0133609 secs] [Times: user=0.13 sys=0.00, real=0.01 secs] 
2016-09-24T00:40:25.463-0400: 196.529: [GC (Allocation Failure) [PSYoungGen: 155469K->73804K(175104K)] 394673K->361720K(699392K), 0.0145147 secs] [Times: user=0.17 sys=0.00, real=0.01 secs] 
2016-09-24T00:40:25.601-0400: 196.667: [GC (GCLocker Initiated GC) [PSYoungGen: 157478K->55223K(175104K)] 451470K->367706K(699392K), 0.0095238 secs] [Times: user=0.09 sys=0.00, real=0.01 secs] 
2016-09-24T00:40:25.759-0400: 196.825: [GC (GCLocker Initiated GC) [PSYoungGen: 143287K->37290K(175104K)] 468164K->362278K(699392K), 0.0211239 secs] [Times: user=0.27 sys=0.00, real=0.02 secs] 
2016-09-24T00:40:25.891-0400: 196.957: [GC (GCLocker Initiated GC) [PSYoungGen: 125354K->67373K(175104K)] 450530K->411042K(699392K), 0.0321092 secs] [Times: user=0.35 sys=0.00, real=0.04 secs] 
2016-09-24T00:40:26.084-0400: 197.150: [GC (GCLocker Initiated GC) [PSYoungGen: 155437K->37130K(175104K)] 511437K->429667K(699392K), 0.0149265 secs] [Times: user=0.14 sys=0.00, real=0.01 secs] 
2016-09-24T00:40:26.207-0400: 197.273: [GC (GCLocker Initiated GC) [PSYoungGen: 125194K->73544K(175104K)] 518455K->467073K(699392K), 0.0093840 secs] [Times: user=0.11 sys=0.00, real=0.01 secs] 
2016-09-24T00:40:26.318-0400: 197.384: [GC (GCLocker Initiated GC) [PSYoungGen: 161608K->79943K(175104K)] 555335K->510427K(699392K), 0.0134117 secs] [Times: user=0.16 sys=0.00, real=0.01 secs] 
2016-09-24T00:40:26.453-0400: 197.519: [GC (GCLocker Initiated GC) [PSYoungGen: 168007K->43205K(175104K)] 610829K->528804K(699392K), 0.0182073 secs] [Times: user=0.17 sys=0.00, real=0.02 secs] 
2016-09-24T00:40:26.472-0400: 197.538: [Full GC (Ergonomics) [PSYoungGen: 43205K->0K(175104K)] [ParOldGen: 485599K->54436K(524288K)] 528804K->54436K(699392K), [Metaspace: 44527K->44527K(1087488K)], 0.0593285 secs] [Times: user=0.39 sys=0.01, real=0.06 secs] 
2016-09-24T00:40:26.649-0400: 197.715: [GC (GCLocker Initiated GC) [PSYoungGen: 88064K->86210K(175104K)] 148651K->152872K(699392K), 0.0091213 secs] [Times: user=0.10 sys=0.00, real=0.01 secs] 
2016-09-24T00:40:26.783-0400: 197.849: [GC (Allocation Failure) [PSYoungGen: 174274K->67533K(175104K)] 241006K->183452K(699392K), 0.0143943 secs] [Times: user=0.18 sys=0.01, real=0.01 secs] 
2016-09-24T00:40:26.902-0400: 197.968: [GC (GCLocker Initiated GC) [PSYoungGen: 155029K->55415K(175104K)] 277024K->256872K(699392K), 0.0100602 secs] [Times: user=0.12 sys=0.01, real=0.01 secs] 
2016-09-24T00:40:27.059-0400: 198.126: [GC (GCLocker Initiated GC) [PSYoungGen: 143479K->43141K(175104K)] 357228K->256978K(699392K), 0.0090936 secs] [Times: user=0.06 sys=0.00, real=0.01 secs] 
2016-09-24T00:40:27.194-0400: 198.260: [GC (GCLocker Initiated GC) [PSYoungGen: 131205K->49148K(175104K)] 345341K->294255K(699392K), 0.0342607 secs] [Times: user=0.32 sys=0.00, real=0.03 secs] 
2016-09-24T00:40:27.349-0400: 198.416: [GC (Allocation Failure) [PSYoungGen: 137212K->49084K(175104K)] 382366K->318774K(699392K), 0.0105511 secs] [Times: user=0.05 sys=0.01, real=0.01 secs] 
2016-09-24T00:40:27.457-0400: 198.523: [GC (GCLocker Initiated GC) [PSYoungGen: 137148K->67405K(175104K)] 406843K->385796K(699392K), 0.0106448 secs] [Times: user=0.09 sys=0.01, real=0.01 secs] 
2016-09-24T00:40:27.599-0400: 198.665: [GC (GCLocker Initiated GC) [PSYoungGen: 155469K->43041K(175104K)] 480128K->386192K(699392K), 0.0144580 secs] [Times: user=0.15 sys=0.00, real=0.01 secs] 
2016-09-24T00:40:27.732-0400: 198.798: [GC (Allocation Failure) [PSYoungGen: 131105K->79587K(175104K)] 480423K->429157K(699392K), 0.0196327 secs] [Times: user=0.18 sys=0.00, real=0.02 secs] 
2016-09-24T00:40:27.752-0400: 198.818: [GC (GCLocker Initiated GC) [PSYoungGen: 79917K->96K(175104K)] 429487K->435274K(699392K), 0.0085118 secs] [Times: user=0.09 sys=0.00, real=0.01 secs] 
2016-09-24T00:40:27.761-0400: 198.827: [Full GC (Ergonomics) [PSYoungGen: 96K->0K(175104K)] [ParOldGen: 435178K->53480K(524288K)] 435274K->53480K(699392K), [Metaspace: 44527K->44527K(1087488K)], 0.0584115 secs] [Times: user=0.31 sys=0.01, real=0.06 secs] 
2016-09-24T00:40:27.938-0400: 199.004: [GC (GCLocker Initiated GC) [PSYoungGen: 88064K->67729K(175104K)] 141550K->121223K(699392K), 0.0258159 secs] [Times: user=0.25 sys=0.00, real=0.03 secs] 
2016-09-24T00:40:28.095-0400: 199.161: [GC (GCLocker Initiated GC) [PSYoungGen: 155793K->85854K(175104K)] 215443K->188773K(699392K), 0.0146874 secs] [Times: user=0.23 sys=0.00, real=0.01 secs] 
2016-09-24T00:40:28.224-0400: 199.290: [GC (GCLocker Initiated GC) [PSYoungGen: 173918K->61358K(175104K)] 276839K->219270K(699392K), 0.0107359 secs] [Times: user=0.16 sys=0.00, real=0.01 secs] 
2016-09-24T00:40:28.343-0400: 199.409: [GC (GCLocker Initiated GC) [PSYoungGen: 149422K->37162K(175104K)] 313428K->219504K(699392K), 0.0064308 secs] [Times: user=0.05 sys=0.01, real=0.00 secs] 
2016-09-24T00:40:28.476-0400: 199.542: [GC (GCLocker Initiated GC) [PSYoungGen: 125226K->61526K(175104K)] 307711K->292887K(699392K), 0.0100113 secs] [Times: user=0.08 sys=0.00, real=0.01 secs] 
2016-09-24T00:40:28.612-0400: 199.678: [GC (GCLocker Initiated GC) [PSYoungGen: 149590K->67337K(175104K)] 387281K->347836K(699392K), 0.0317560 secs] [Times: user=0.35 sys=0.01, real=0.04 secs] 
2016-09-24T00:40:28.778-0400: 199.844: [GC (GCLocker Initiated GC) [PSYoungGen: 155401K->43141K(175104K)] 442291K->360518K(699392K), 0.0104591 secs] [Times: user=0.08 sys=0.00, real=0.01 secs] 
2016-09-24T00:40:28.932-0400: 199.998: [GC (GCLocker Initiated GC) [PSYoungGen: 131205K->49180K(175104K)] 448948K->385580K(699392K), 0.0221877 secs] [Times: user=0.25 sys=0.00, real=0.03 secs] 
2016-09-24T00:40:29.070-0400: 200.137: [GC (GCLocker Initiated GC) [PSYoungGen: 137244K->85822K(175104K)] 473809K->440740K(699392K), 0.0214587 secs] [Times: user=0.26 sys=0.00, real=0.02 secs] 
2016-09-24T00:40:29.228-0400: 200.294: [GC (GCLocker Initiated GC) [PSYoungGen: 173886K->49603K(175104K)] 534910K->483655K(699392K), 0.0146875 secs] [Times: user=0.16 sys=0.00, real=0.02 secs] 
2016-09-24T00:40:29.243-0400: 200.309: [Full GC (Ergonomics) [PSYoungGen: 49603K->0K(175104K)] [ParOldGen: 434051K->54026K(524288K)] 483655K->54026K(699392K), [Metaspace: 44528K->44528K(1087488K)], 0.0529697 secs] [Times: user=0.31 sys=0.00, real=0.05 secs] 
2016-09-24T00:40:29.407-0400: 200.473: [GC (GCLocker Initiated GC) [PSYoungGen: 88064K->85950K(175104K)] 148214K->170400K(699392K), 0.0160343 secs] [Times: user=0.20 sys=0.00, real=0.02 secs] 
2016-09-24T00:40:29.534-0400: 200.600: [GC (GCLocker Initiated GC) [PSYoungGen: 174014K->85626K(175104K)] 258523K->249658K(699392K), 0.0120231 secs] [Times: user=0.15 sys=0.00, real=0.01 secs] 
2016-09-24T00:40:29.660-0400: 200.726: [GC (GCLocker Initiated GC) [PSYoungGen: 173690K->49180K(175104K)] 344001K->280353K(699392K), 0.0228200 secs] [Times: user=0.24 sys=0.01, real=0.03 secs] 
2016-09-24T00:40:29.805-0400: 200.871: [GC (GCLocker Initiated GC) [PSYoungGen: 137244K->79587K(175104K)] 374540K->347533K(699392K), 0.0263564 secs] [Times: user=0.27 sys=0.00, real=0.02 secs] 
2016-09-24T00:40:29.959-0400: 201.025: [GC (GCLocker Initiated GC) [PSYoungGen: 167651K->37030K(175104K)] 435600K->384285K(699392K), 0.0108687 secs] [Times: user=0.16 sys=0.00, real=0.01 secs] 
2016-09-24T00:40:30.101-0400: 201.167: [GC (GCLocker Initiated GC) [PSYoungGen: 125094K->85758K(175104K)] 472542K->433490K(699392K), 0.0149092 secs] [Times: user=0.21 sys=0.00, real=0.02 secs] 
2016-09-24T00:40:30.236-0400: 201.302: [GC (Allocation Failure) [PSYoungGen: 173822K->73868K(175104K)] 527760K->476713K(699392K), 0.0117109 secs] [Times: user=0.17 sys=0.00, real=0.01 secs] 
2016-09-24T00:40:30.352-0400: 201.418: [GC (GCLocker Initiated GC) [PSYoungGen: 161932K->55415K(175104K)] 564783K->507010K(699392K), 0.0131328 secs] [Times: user=0.16 sys=0.00, real=0.02 secs] 
2016-09-24T00:40:30.366-0400: 201.432: [Full GC (Ergonomics) [PSYoungGen: 55415K->0K(175104K)] [ParOldGen: 451595K->47612K(524288K)] 507010K->47612K(699392K), [Metaspace: 44529K->44529K(1087488K)], 0.0569979 secs] [Times: user=0.38 sys=0.02, real=0.06 secs] 
2016-09-24T00:40:30.518-0400: 201.584: [GC (GCLocker Initiated GC) [PSYoungGen: 88064K->86406K(175104K)] 135987K->146479K(699392K), 0.0117566 secs] [Times: user=0.18 sys=0.00, real=0.01 secs] 
2016-09-24T00:40:30.656-0400: 201.722: [GC (GCLocker Initiated GC) [PSYoungGen: 174470K->73672K(175104K)] 234624K->152951K(699392K), 0.0100891 secs] [Times: user=0.16 sys=0.00, real=0.01 secs] 
2016-09-24T00:40:30.789-0400: 201.855: [GC (GCLocker Initiated GC) [PSYoungGen: 161736K->85790K(175104K)] 241039K->171468K(699392K), 0.0100724 secs] [Times: user=0.12 sys=0.00, real=0.01 secs] 
2016-09-24T00:40:30.904-0400: 201.970: [GC (GCLocker Initiated GC) [PSYoungGen: 173854K->67533K(175104K)] 259580K->208257K(699392K), 0.0125531 secs] [Times: user=0.14 sys=0.00, real=0.01 secs] 
2016-09-24T00:40:31.057-0400: 202.123: [GC (GCLocker Initiated GC) [PSYoungGen: 155597K->55287K(175104K)] 302505K->226747K(699392K), 0.0159903 secs] [Times: user=0.16 sys=0.00, real=0.01 secs] 
2016-09-24T00:40:31.220-0400: 202.286: [GC (Allocation Failure) [PSYoungGen: 143351K->18709K(175104K)] 333754K->239739K(699392K), 0.0094608 secs] [Times: user=0.08 sys=0.00, real=0.01 secs] 
2016-09-24T00:40:31.357-0400: 202.423: [GC (GCLocker Initiated GC) [PSYoungGen: 106773K->55127K(175104K)] 327808K->276398K(699392K), 0.0110633 secs] [Times: user=0.07 sys=0.00, real=0.01 secs] 
2016-09-24T00:40:31.482-0400: 202.548: [GC (GCLocker Initiated GC) [PSYoungGen: 143191K->61394K(175104K)] 364723K->319487K(699392K), 0.0120796 secs] [Times: user=0.13 sys=0.00, real=0.01 secs] 
2016-09-24T00:40:31.610-0400: 202.676: [GC (GCLocker Initiated GC) [PSYoungGen: 149458K->67569K(175104K)] 413763K->356262K(699392K), 0.0106204 secs] [Times: user=0.06 sys=0.00, real=0.01 secs] 
2016-09-24T00:40:31.758-0400: 202.824: [GC (GCLocker Initiated GC) [PSYoungGen: 155633K->19292K(175104K)] 456624K->387400K(699392K), 0.0159195 secs] [Times: user=0.19 sys=0.00, real=0.01 secs] 
2016-09-24T00:40:31.893-0400: 202.959: [GC (GCLocker Initiated GC) [PSYoungGen: 107356K->73676K(175104K)] 475472K->442043K(699392K), 0.0087239 secs] [Times: user=0.07 sys=0.00, real=0.01 secs] 
2016-09-24T00:40:32.033-0400: 203.099: [GC (GCLocker Initiated GC) [PSYoungGen: 161740K->55415K(175104K)] 530154K->448240K(699392K), 0.0194424 secs] [Times: user=0.23 sys=0.00, real=0.02 secs] 
2016-09-24T00:40:32.153-0400: 203.219: [GC (Allocation Failure) [PSYoungGen: 143479K->73708K(175104K)] 542567K->515497K(699392K), 0.0103567 secs] [Times: user=0.11 sys=0.00, real=0.02 secs] 
2016-09-24T00:40:32.164-0400: 203.230: [Full GC (Ergonomics) [PSYoungGen: 73708K->0K(175104K)] [ParOldGen: 441788K->47035K(524288K)] 515497K->47035K(699392K), [Metaspace: 44537K->44537K(1087488K)], 0.0653935 secs] [Times: user=0.47 sys=0.00, real=0.06 secs] 
2016-09-24T00:40:32.325-0400: 203.391: [GC (Allocation Failure) [PSYoungGen: 83771K->73800K(175104K)] 130807K->120835K(699392K), 0.0222057 secs] [Times: user=0.29 sys=0.01, real=0.02 secs] 
2016-09-24T00:40:32.465-0400: 203.531: [GC (GCLocker Initiated GC) [PSYoungGen: 161864K->79427K(175104K)] 208905K->133050K(699392K), 0.0134991 secs] [Times: user=0.11 sys=0.01, real=0.01 secs] 
2016-09-24T00:40:32.580-0400: 203.646: [GC (GCLocker Initiated GC) [PSYoungGen: 167491K->55743K(175104K)] 227354K->152379K(699392K), 0.0211198 secs] [Times: user=0.26 sys=0.00, real=0.02 secs] 
2016-09-24T00:40:32.700-0400: 203.766: [GC (GCLocker Initiated GC) [PSYoungGen: 143807K->55415K(175104K)] 246683K->158919K(699392K), 0.0062412 secs] [Times: user=0.07 sys=0.00, real=0.01 secs] 
2016-09-24T00:40:32.848-0400: 203.914: [GC (GCLocker Initiated GC) [PSYoungGen: 143479K->67829K(175104K)] 253284K->177950K(699392K), 0.0088608 secs] [Times: user=0.12 sys=0.00, real=0.01 secs] 
2016-09-24T00:40:32.994-0400: 204.060: [GC (Allocation Failure) [PSYoungGen: 155890K->37613K(175104K)] 278506K->191035K(699392K), 0.0109092 secs] [Times: user=0.10 sys=0.00, real=0.01 secs] 
2016-09-24T00:40:33.111-0400: 204.177: [GC (GCLocker Initiated GC) [PSYoungGen: 121070K->55611K(175104K)] 280567K->215267K(699392K), 0.0056362 secs] [Times: user=0.07 sys=0.00, real=0.01 secs] 
2016-09-24T00:40:33.247-0400: 204.313: [GC (GCLocker Initiated GC) [PSYoungGen: 143675K->85890K(175104K)] 303389K->257898K(699392K), 0.0132837 secs] [Times: user=0.14 sys=0.00, real=0.01 secs] 
2016-09-24T00:40:33.399-0400: 204.465: [GC (GCLocker Initiated GC) [PSYoungGen: 173954K->67305K(175104K)] 346037K->276138K(699392K), 0.0103771 secs] [Times: user=0.08 sys=0.00, real=0.01 secs] 
2016-09-24T00:40:33.530-0400: 204.596: [GC (GCLocker Initiated GC) [PSYoungGen: 155369K->67369K(175104K)] 370374K->325035K(699392K), 0.0317196 secs] [Times: user=0.34 sys=0.01, real=0.03 secs] 
2016-09-24T00:40:33.709-0400: 204.776: [GC (GCLocker Initiated GC) [PSYoungGen: 155433K->19000K(175104K)] 431438K->313318K(699392K), 0.0057453 secs] [Times: user=0.06 sys=0.00, real=0.01 secs] 
2016-09-24T00:40:33.848-0400: 204.914: [GC (GCLocker Initiated GC) [PSYoungGen: 107064K->55319K(175104K)] 401450K->349971K(699392K), 0.0087368 secs] [Times: user=0.07 sys=0.00, real=0.01 secs] 
2016-09-24T00:40:33.990-0400: 205.056: [GC (Allocation Failure) [PSYoungGen: 143383K->61458K(175104K)] 438194K->374614K(699392K), 0.0106007 secs] [Times: user=0.14 sys=0.00, real=0.01 secs] 
2016-09-24T00:40:34.091-0400: 205.157: [GC (GCLocker Initiated GC) [PSYoungGen: 149522K->67401K(175104K)] 462683K->399055K(699392K), 0.0174446 secs] [Times: user=0.22 sys=0.00, real=0.02 secs] 
2016-09-24T00:40:34.260-0400: 205.327: [GC (GCLocker Initiated GC) [PSYoungGen: 155465K->37062K(175104K)] 493246K->393179K(699392K), 0.0073615 secs] [Times: user=0.06 sys=0.00, real=0.01 secs] 
2016-09-24T00:40:34.399-0400: 205.465: [GC (GCLocker Initiated GC) [PSYoungGen: 125126K->85690K(175104K)] 481454K->448564K(699392K), 0.0266710 secs] [Times: user=0.31 sys=0.00, real=0.03 secs] 
2016-09-24T00:40:34.522-0400: 205.588: [GC (Allocation Failure) [PSYoungGen: 173754K->55223K(175104K)] 536664K->454695K(699392K), 0.0260856 secs] [Times: user=0.26 sys=0.00, real=0.03 secs] 
2016-09-24T00:40:34.658-0400: 205.724: [GC (GCLocker Initiated GC) [PSYoungGen: 143287K->55347K(175104K)] 542922K->503882K(699392K), 0.0136381 secs] [Times: user=0.13 sys=0.00, real=0.01 secs] 
2016-09-24T00:40:34.794-0400: 205.860: [GC (Allocation Failure) [PSYoungGen: 143411K->67341K(175104K)] 591988K->534230K(699392K), 0.0254200 secs] [Times: user=0.24 sys=0.00, real=0.02 secs] 
2016-09-24T00:40:34.820-0400: 205.886: [Full GC (Ergonomics) [PSYoungGen: 67341K->0K(175104K)] [ParOldGen: 466889K->47338K(524288K)] 534230K->47338K(699392K), [Metaspace: 44538K->44538K(1087488K)], 0.0627807 secs] [Times: user=0.33 sys=0.01, real=0.07 secs] 
2016-09-24T00:40:34.981-0400: 206.047: [GC (GCLocker Initiated GC) [PSYoungGen: 88064K->86078K(175104K)] 135408K->139497K(699392K), 0.0110318 secs] [Times: user=0.17 sys=0.00, real=0.01 secs] 
2016-09-24T00:40:35.096-0400: 206.162: [GC (GCLocker Initiated GC) [PSYoungGen: 174142K->73704K(175104K)] 227577K->182542K(699392K), 0.0122448 secs] [Times: user=0.18 sys=0.00, real=0.01 secs] 
2016-09-24T00:40:35.217-0400: 206.283: [GC (GCLocker Initiated GC) [PSYoungGen: 161768K->86182K(175104K)] 270693K->249958K(699392K), 0.0118074 secs] [Times: user=0.19 sys=0.00, real=0.01 secs] 
2016-09-24T00:40:35.360-0400: 206.426: [GC (GCLocker Initiated GC) [PSYoungGen: 174246K->73576K(175104K)] 344144K->292350K(699392K), 0.0212328 secs] [Times: user=0.22 sys=0.00, real=0.02 secs] 
2016-09-24T00:40:35.487-0400: 206.553: [GC (GCLocker Initiated GC) [PSYoungGen: 161640K->55223K(175104K)] 386816K->329275K(699392K), 0.0235812 secs] [Times: user=0.22 sys=0.00, real=0.02 secs] 
2016-09-24T00:40:35.656-0400: 206.722: [GC (GCLocker Initiated GC) [PSYoungGen: 143287K->85598K(175104K)] 417426K->402522K(699392K), 0.0119841 secs] [Times: user=0.11 sys=0.00, real=0.01 secs] 
2016-09-24T00:40:35.822-0400: 206.888: [GC (GCLocker Initiated GC) [PSYoungGen: 173662K->55451K(175104K)] 502974K->415405K(699392K), 0.0162670 secs] [Times: user=0.12 sys=0.00, real=0.02 secs] 
2016-09-24T00:40:35.953-0400: 207.019: [GC (GCLocker Initiated GC) [PSYoungGen: 143515K->85922K(175104K)] 503523K->470529K(699392K), 0.0179734 secs] [Times: user=0.19 sys=0.00, real=0.02 secs] 
2016-09-24T00:40:36.092-0400: 207.158: [GC (GCLocker Initiated GC) [PSYoungGen: 173986K->61718K(175104K)] 570791K->531543K(699392K), 0.0196591 secs] [Times: user=0.26 sys=0.00, real=0.02 secs] 
2016-09-24T00:40:36.111-0400: 207.177: [Full GC (Ergonomics) [PSYoungGen: 61718K->0K(175104K)] [ParOldGen: 469825K->53547K(524288K)] 531543K->53547K(699392K), [Metaspace: 44538K->44538K(1087488K)], 0.0546412 secs] [Times: user=0.34 sys=0.01, real=0.06 secs] 
2016-09-24T00:40:36.265-0400: 207.331: [GC (GCLocker Initiated GC) [PSYoungGen: 88064K->73768K(175104K)] 141691K->127396K(699392K), 0.0074344 secs] [Times: user=0.06 sys=0.00, real=0.00 secs] 
2016-09-24T00:40:36.405-0400: 207.471: [GC (GCLocker Initiated GC) [PSYoungGen: 161832K->85986K(175104K)] 215613K->201213K(699392K), 0.0131151 secs] [Times: user=0.19 sys=0.00, real=0.01 secs] 
2016-09-24T00:40:36.544-0400: 207.610: [GC (Allocation Failure) [PSYoungGen: 174050K->55447K(175104K)] 289368K->225935K(699392K), 0.0128077 secs] [Times: user=0.21 sys=0.00, real=0.01 secs] 
2016-09-24T00:40:36.676-0400: 207.742: [GC (GCLocker Initiated GC) [PSYoungGen: 143511K->73904K(175104K)] 314001K->250549K(699392K), 0.0103287 secs] [Times: user=0.11 sys=0.00, real=0.01 secs] 
2016-09-24T00:40:36.800-0400: 207.866: [GC (GCLocker Initiated GC) [PSYoungGen: 161968K->61426K(175104K)] 338616K->256591K(699392K), 0.0138171 secs] [Times: user=0.17 sys=0.00, real=0.01 secs] 
2016-09-24T00:40:36.920-0400: 207.986: [GC (GCLocker Initiated GC) [PSYoungGen: 149490K->85822K(175104K)] 344666K->305426K(699392K), 0.0116756 secs] [Times: user=0.11 sys=0.00, real=0.01 secs] 
2016-09-24T00:40:37.043-0400: 208.109: [GC (Allocation Failure) [PSYoungGen: 173886K->73936K(175104K)] 399819K->336634K(699392K), 0.0105299 secs] [Times: user=0.13 sys=0.00, real=0.00 secs] 
2016-09-24T00:40:37.195-0400: 208.261: [GC (GCLocker Initiated GC) [PSYoungGen: 162000K->73544K(175104K)] 424704K->354749K(699392K), 0.0209094 secs] [Times: user=0.24 sys=0.00, real=0.02 secs] 
2016-09-24T00:40:37.305-0400: 208.371: [GC (GCLocker Initiated GC) [PSYoungGen: 161608K->85630K(175104K)] 443017K->367307K(699392K), 0.0145764 secs] [Times: user=0.16 sys=0.00, real=0.01 secs] 
2016-09-24T00:40:37.475-0400: 208.541: [GC (GCLocker Initiated GC) [PSYoungGen: 173694K->73512K(175104K)] 455396K->373715K(699392K), 0.0133856 secs] [Times: user=0.13 sys=0.00, real=0.01 secs] 
2016-09-24T00:40:37.634-0400: 208.700: [GC (GCLocker Initiated GC) [PSYoungGen: 161576K->37258K(175104K)] 480201K->392609K(699392K), 0.0176677 secs] [Times: user=0.21 sys=0.00, real=0.02 secs] 
2016-09-24T00:40:37.759-0400: 208.825: [GC (Allocation Failure) [PSYoungGen: 125322K->55355K(175104K)] 481028K->411344K(699392K), 0.0153007 secs] [Times: user=0.18 sys=0.00, real=0.02 secs] 
2016-09-24T00:40:37.885-0400: 208.951: [GC (GCLocker Initiated GC) [PSYoungGen: 143419K->67305K(175104K)] 499536K->454089K(699392K), 0.0242845 secs] [Times: user=0.23 sys=0.00, real=0.02 secs] 
2016-09-24T00:40:38.048-0400: 209.114: [GC (Allocation Failure) [PSYoungGen: 155369K->37261K(175104K)] 548904K->449109K(699392K), 0.0147728 secs] [Times: user=0.13 sys=0.00, real=0.02 secs] 
2016-09-24T00:40:38.180-0400: 209.246: [GC (GCLocker Initiated GC) [PSYoungGen: 125325K->55191K(175104K)] 543248K->473505K(699392K), 0.0083224 secs] [Times: user=0.06 sys=0.00, real=0.01 secs] 
2016-09-24T00:40:38.289-0400: 209.355: [GC (GCLocker Initiated GC) [PSYoungGen: 143255K->73608K(175104K)] 561574K->510287K(699392K), 0.0105523 secs] [Times: user=0.12 sys=0.01, real=0.01 secs] 
2016-09-24T00:40:38.409-0400: 209.475: [GC (GCLocker Initiated GC) [PSYoungGen: 161672K->85826K(175104K)] 598701K->529246K(699392K), 0.0096723 secs] [Times: user=0.09 sys=0.00, real=0.01 secs] 
2016-09-24T00:40:38.557-0400: 209.623: [GC (Allocation Failure) [PSYoungGen: 173890K->48984K(175104K)] 623426K->505051K(699392K), 0.0168754 secs] [Times: user=0.15 sys=0.00, real=0.02 secs] 
2016-09-24T00:40:38.686-0400: 209.752: [GC (GCLocker Initiated GC) [PSYoungGen: 136113K->61362K(175104K)] 598255K->541832K(699392K), 0.0219324 secs] [Times: user=0.19 sys=0.00, real=0.02 secs] 
2016-09-24T00:40:38.708-0400: 209.774: [Full GC (Ergonomics) [PSYoungGen: 61362K->0K(175104K)] [ParOldGen: 480470K->53314K(524288K)] 541832K->53314K(699392K), [Metaspace: 44538K->44538K(1087488K)], 0.0623743 secs] [Times: user=0.45 sys=0.00, real=0.06 secs] 
2016-09-24T00:40:38.879-0400: 209.945: [GC (Allocation Failure) [PSYoungGen: 88064K->74644K(175104K)] 141410K->127990K(699392K), 0.0071410 secs] [Times: user=0.08 sys=0.02, real=0.01 secs] 
2016-09-24T00:40:39.020-0400: 210.086: [GC (GCLocker Initiated GC) [PSYoungGen: 159335K->73544K(175104K)] 218756K->152155K(699392K), 0.0093358 secs] [Times: user=0.09 sys=0.00, real=0.01 secs] 
2016-09-24T00:40:39.151-0400: 210.217: [GC (GCLocker Initiated GC) [PSYoungGen: 161608K->61426K(175104K)] 246426K->182993K(699392K), 0.0097166 secs] [Times: user=0.15 sys=0.00, real=0.01 secs] 
2016-09-24T00:40:39.271-0400: 210.337: [GC (GCLocker Initiated GC) [PSYoungGen: 149490K->79911K(175104K)] 271194K->219952K(699392K), 0.0206836 secs] [Times: user=0.24 sys=0.00, real=0.02 secs] 
2016-09-24T00:40:39.415-0400: 210.481: [GC (GCLocker Initiated GC) [PSYoungGen: 167975K->61590K(175104K)] 314441K->256947K(699392K), 0.0108577 secs] [Times: user=0.10 sys=0.00, real=0.01 secs] 
2016-09-24T00:40:39.534-0400: 210.600: [GC (GCLocker Initiated GC) [PSYoungGen: 149654K->55223K(175104K)] 351178K->257031K(699392K), 0.0144054 secs] [Times: user=0.15 sys=0.00, real=0.01 secs] 
2016-09-24T00:40:39.669-0400: 210.735: [GC (Allocation Failure) [PSYoungGen: 143287K->73416K(175104K)] 345444K->287983K(699392K), 0.0115740 secs] [Times: user=0.10 sys=0.00, real=0.01 secs] 
2016-09-24T00:40:39.832-0400: 210.898: [GC (GCLocker Initiated GC) [PSYoungGen: 159914K->55515K(175104K)] 380556K->294485K(699392K), 0.0177366 secs] [Times: user=0.20 sys=0.00, real=0.02 secs] 
2016-09-24T00:40:39.974-0400: 211.040: [GC (GCLocker Initiated GC) [PSYoungGen: 143579K->85758K(175104K)] 388851K->331314K(699392K), 0.0311425 secs] [Times: user=0.34 sys=0.00, real=0.04 secs] 
2016-09-24T00:40:40.105-0400: 211.171: [GC (GCLocker Initiated GC) [PSYoungGen: 173822K->37062K(175104K)] 419650K->349795K(699392K), 0.0304653 secs] [Times: user=0.28 sys=0.01, real=0.03 secs] 
2016-09-24T00:40:40.249-0400: 211.315: [GC (GCLocker Initiated GC) [PSYoungGen: 125126K->55451K(175104K)] 444092K->423381K(699392K), 0.0540292 secs] [Times: user=0.57 sys=0.00, real=0.06 secs] 
2016-09-24T00:40:40.424-0400: 211.490: [GC (GCLocker Initiated GC) [PSYoungGen: 143515K->73380K(175104K)] 517601K->453785K(699392K), 0.0104003 secs] [Times: user=0.09 sys=0.00, real=0.01 secs] 
2016-09-24T00:40:40.555-0400: 211.621: [GC (GCLocker Initiated GC) [PSYoungGen: 161444K->55387K(175104K)] 541874K->478461K(699392K), 0.0325751 secs] [Times: user=0.36 sys=0.00, real=0.03 secs] 
2016-09-24T00:40:40.698-0400: 211.764: [GC (GCLocker Initiated GC) [PSYoungGen: 143451K->49308K(175104K)] 578885K->539717K(699392K), 0.0102785 secs] [Times: user=0.11 sys=0.00, real=0.01 secs] 
2016-09-24T00:40:40.709-0400: 211.775: [Full GC (Ergonomics) [PSYoungGen: 49308K->0K(175104K)] [ParOldGen: 490408K->53957K(524288K)] 539717K->53957K(699392K), [Metaspace: 44542K->44542K(1087488K)], 0.0669792 secs] [Times: user=0.34 sys=0.02, real=0.07 secs] 
2016-09-24T00:40:40.916-0400: 211.982: [GC (GCLocker Initiated GC) [PSYoungGen: 88064K->67957K(175104K)] 154503K->134397K(699392K), 0.0257179 secs] [Times: user=0.25 sys=0.00, real=0.02 secs] 
2016-09-24T00:40:41.096-0400: 212.162: [GC (GCLocker Initiated GC) [PSYoungGen: 156021K->37030K(175104K)] 228790K->146944K(699392K), 0.0156402 secs] [Times: user=0.15 sys=0.00, real=0.01 secs] 
2016-09-24T00:40:41.235-0400: 212.302: [GC (GCLocker Initiated GC) [PSYoungGen: 125094K->67177K(175104K)] 235073K->177236K(699392K), 0.0209346 secs] [Times: user=0.15 sys=0.01, real=0.02 secs] 
2016-09-24T00:40:41.393-0400: 212.459: [GC (GCLocker Initiated GC) [PSYoungGen: 155241K->31022K(175104K)] 271539K->189933K(699392K), 0.0257516 secs] [Times: user=0.23 sys=0.00, real=0.03 secs] 
2016-09-24T00:40:41.539-0400: 212.605: [GC (GCLocker Initiated GC) [PSYoungGen: 119086K->73284K(175104K)] 278124K->232604K(699392K), 0.0162203 secs] [Times: user=0.16 sys=0.00, real=0.02 secs] 
2016-09-24T00:40:41.672-0400: 212.738: [GC (GCLocker Initiated GC) [PSYoungGen: 161348K->73348K(175104K)] 320716K->251012K(699392K), 0.0218425 secs] [Times: user=0.23 sys=0.00, real=0.02 secs] 
2016-09-24T00:40:41.807-0400: 212.873: [GC (GCLocker Initiated GC) [PSYoungGen: 161412K->80011K(175104K)] 339303K->288396K(699392K), 0.0116379 secs] [Times: user=0.11 sys=0.00, real=0.01 secs] 
2016-09-24T00:40:41.935-0400: 213.001: [GC (GCLocker Initiated GC) [PSYoungGen: 168075K->73412K(175104K)] 382690K->306559K(699392K), 0.0097540 secs] [Times: user=0.10 sys=0.00, real=0.01 secs] 
2016-09-24T00:40:42.080-0400: 213.146: [GC (GCLocker Initiated GC) [PSYoungGen: 161476K->55287K(175104K)] 400728K->337167K(699392K), 0.0106513 secs] [Times: user=0.09 sys=0.00, real=0.01 secs] 
2016-09-24T00:40:42.198-0400: 213.264: [GC (GCLocker Initiated GC) [PSYoungGen: 143351K->43041K(175104K)] 425390K->349656K(699392K), 0.0215941 secs] [Times: user=0.24 sys=0.00, real=0.02 secs] 
2016-09-24T00:40:42.314-0400: 213.380: [GC (GCLocker Initiated GC) [PSYoungGen: 131105K->85854K(175104K)] 437941K->441606K(699392K), 0.0232643 secs] [Times: user=0.28 sys=0.00, real=0.02 secs] 
2016-09-24T00:40:42.447-0400: 213.513: [GC (GCLocker Initiated GC) [PSYoungGen: 173918K->79811K(175104K)] 535877K->502640K(699392K), 0.0178771 secs] [Times: user=0.24 sys=0.00, real=0.02 secs] 
2016-09-24T00:40:42.614-0400: 213.680: [GC (GCLocker Initiated GC) [PSYoungGen: 167875K->31051K(175104K)] 609184K->509093K(699392K), 0.0095992 secs] [Times: user=0.10 sys=0.00, real=0.01 secs] 
2016-09-24T00:40:42.624-0400: 213.690: [Full GC (Ergonomics) [PSYoungGen: 31051K->0K(175104K)] [ParOldGen: 478042K->53606K(524288K)] 509093K->53606K(699392K), [Metaspace: 44542K->44542K(1087488K)], 0.0674747 secs] [Times: user=0.55 sys=0.00, real=0.06 secs] 
2016-09-24T00:40:42.826-0400: 213.892: [GC (GCLocker Initiated GC) [PSYoungGen: 88064K->85790K(175104K)] 142031K->164057K(699392K), 0.0151511 secs] [Times: user=0.19 sys=0.00, real=0.01 secs] 
2016-09-24T00:40:42.951-0400: 214.017: [GC (GCLocker Initiated GC) [PSYoungGen: 173854K->43201K(175104K)] 252137K->194668K(699392K), 0.0177402 secs] [Times: user=0.19 sys=0.00, real=0.02 secs] 
2016-09-24T00:40:43.086-0400: 214.152: [GC (GCLocker Initiated GC) [PSYoungGen: 131265K->61526K(175104K)] 288882K->219246K(699392K), 0.0103341 secs] [Times: user=0.09 sys=0.00, real=0.01 secs] 
2016-09-24T00:40:43.261-0400: 214.327: [GC (GCLocker Initiated GC) [PSYoungGen: 149590K->61198K(175104K)] 319609K->231500K(699392K), 0.0223275 secs] [Times: user=0.22 sys=0.01, real=0.03 secs] 
2016-09-24T00:40:43.421-0400: 214.487: [GC (GCLocker Initiated GC) [PSYoungGen: 149262K->61198K(175104K)] 319618K->255981K(699392K), 0.0140212 secs] [Times: user=0.13 sys=0.00, real=0.02 secs] 
2016-09-24T00:40:43.545-0400: 214.611: [GC (GCLocker Initiated GC) [PSYoungGen: 149262K->79815K(175104K)] 350212K->329477K(699392K), 0.0441353 secs] [Times: user=0.52 sys=0.01, real=0.04 secs] 
2016-09-24T00:40:43.698-0400: 214.764: [GC (Allocation Failure) [PSYoungGen: 167879K->55451K(175104K)] 423955K->342177K(699392K), 0.0090822 secs] [Times: user=0.09 sys=0.01, real=0.01 secs] 
2016-09-24T00:40:43.843-0400: 214.909: [GC (Allocation Failure) [PSYoungGen: 143515K->43137K(175104K)] 430241K->348364K(699392K), 0.0188125 secs] [Times: user=0.21 sys=0.01, real=0.01 secs] 
2016-09-24T00:40:43.969-0400: 215.035: [GC (GCLocker Initiated GC) [PSYoungGen: 126535K->55287K(175104K)] 437838K->385105K(699392K), 0.0079475 secs] [Times: user=0.06 sys=0.01, real=0.01 secs] 
2016-09-24T00:40:44.089-0400: 215.155: [GC (GCLocker Initiated GC) [PSYoungGen: 143351K->85986K(175104K)] 479309K->440493K(699392K), 0.0099289 secs] [Times: user=0.13 sys=0.00, real=0.01 secs] 
2016-09-24T00:40:44.239-0400: 215.305: [GC (GCLocker Initiated GC) [PSYoungGen: 174050K->85658K(175104K)] 528727K->501549K(699392K), 0.0117272 secs] [Times: user=0.14 sys=0.00, real=0.01 secs] 
2016-09-24T00:40:44.365-0400: 215.431: [GC (GCLocker Initiated GC) [PSYoungGen: 173722K->85726K(175104K)] 589772K->507987K(699392K), 0.0121172 secs] [Times: user=0.14 sys=0.01, real=0.01 secs] 
2016-09-24T00:40:44.493-0400: 215.560: [GC (GCLocker Initiated GC) [PSYoungGen: 173790K->49052K(175104K)] 602212K->508093K(699392K), 0.0101802 secs] [Times: user=0.07 sys=0.00, real=0.02 secs] 
2016-09-24T00:40:44.504-0400: 215.570: [Full GC (Ergonomics) [PSYoungGen: 49052K->0K(175104K)] [ParOldGen: 459041K->47598K(524288K)] 508093K->47598K(699392K), [Metaspace: 44542K->44542K(1087488K)], 0.0578087 secs] [Times: user=0.35 sys=0.01, real=0.05 secs] 
2016-09-24T00:40:44.666-0400: 215.732: [GC (GCLocker Initiated GC) [PSYoungGen: 88064K->86374K(175104K)] 141824K->140134K(699392K), 0.0135198 secs] [Times: user=0.17 sys=0.00, real=0.01 secs] 
2016-09-24T00:40:44.813-0400: 215.879: [GC (GCLocker Initiated GC) [PSYoungGen: 174438K->73540K(175104K)] 234382K->194978K(699392K), 0.0284524 secs] [Times: user=0.31 sys=0.00, real=0.03 secs] 
2016-09-24T00:40:44.949-0400: 216.015: [GC (GCLocker Initiated GC) [PSYoungGen: 161604K->49116K(175104K)] 289164K->213229K(699392K), 0.0452342 secs] [Times: user=0.50 sys=0.00, real=0.05 secs] 
2016-09-24T00:40:45.088-0400: 216.154: [GC (GCLocker Initiated GC) [PSYoungGen: 137180K->55319K(175104K)] 301570K->280743K(699392K), 0.0104452 secs] [Times: user=0.12 sys=0.00, real=0.01 secs] 
2016-09-24T00:40:45.219-0400: 216.285: [GC (Allocation Failure) [PSYoungGen: 143383K->85758K(175104K)] 368955K->323772K(699392K), 0.0175593 secs] [Times: user=0.21 sys=0.01, real=0.02 secs] 
2016-09-24T00:40:45.354-0400: 216.420: [GC (GCLocker Initiated GC) [PSYoungGen: 171308K->24848K(175104K)] 415397K->311753K(699392K), 0.0073046 secs] [Times: user=0.06 sys=0.00, real=0.01 secs] 
2016-09-24T00:40:45.482-0400: 216.548: [GC (GCLocker Initiated GC) [PSYoungGen: 112912K->86050K(175104K)] 400178K->373592K(699392K), 0.0171720 secs] [Times: user=0.16 sys=0.00, real=0.01 secs] 
2016-09-24T00:40:45.643-0400: 216.709: [GC (GCLocker Initiated GC) [PSYoungGen: 174114K->67373K(175104K)] 461726K->391866K(699392K), 0.0106127 secs] [Times: user=0.08 sys=0.00, real=0.00 secs] 
2016-09-24T00:40:45.746-0400: 216.812: [GC (Allocation Failure) [PSYoungGen: 155437K->55255K(175104K)] 480235K->410547K(699392K), 0.0092205 secs] [Times: user=0.10 sys=0.00, real=0.01 secs] 
2016-09-24T00:40:45.874-0400: 216.940: [GC (GCLocker Initiated GC) [PSYoungGen: 143319K->55191K(175104K)] 498617K->435025K(699392K), 0.0391932 secs] [Times: user=0.39 sys=0.00, real=0.04 secs] 
2016-09-24T00:40:46.034-0400: 217.100: [GC (GCLocker Initiated GC) [PSYoungGen: 143255K->55451K(175104K)] 523433K->472347K(699392K), 0.0172851 secs] [Times: user=0.19 sys=0.00, real=0.01 secs] 
2016-09-24T00:40:46.159-0400: 217.225: [GC (GCLocker Initiated GC) [PSYoungGen: 143515K->73352K(175104K)] 560756K->490836K(699392K), 0.0142605 secs] [Times: user=0.14 sys=0.00, real=0.01 secs] 
2016-09-24T00:40:46.313-0400: 217.379: [GC (GCLocker Initiated GC) [PSYoungGen: 161416K->18904K(175104K)] 597363K->473164K(699392K), 0.0058363 secs] [Times: user=0.07 sys=0.00, real=0.01 secs] 
2016-09-24T00:40:46.459-0400: 217.525: [GC (GCLocker Initiated GC) [PSYoungGen: 106968K->61330K(175104K)] 561382K->515979K(699392K), 0.0097758 secs] [Times: user=0.07 sys=0.00, real=0.01 secs] 
2016-09-24T00:40:46.600-0400: 217.666: [GC (GCLocker Initiated GC) [PSYoungGen: 149394K->55643K(175104K)] 604281K->547115K(699392K), 0.0113889 secs] [Times: user=0.15 sys=0.00, real=0.01 secs] 
2016-09-24T00:40:46.612-0400: 217.678: [Full GC (Ergonomics) [PSYoungGen: 55643K->0K(175104K)] [ParOldGen: 491472K->47984K(524288K)] 547115K->47984K(699392K), [Metaspace: 44542K->44542K(1087488K)], 0.0543022 secs] [Times: user=0.40 sys=0.00, real=0.06 secs] 
2016-09-24T00:40:46.781-0400: 217.847: [GC (GCLocker Initiated GC) [PSYoungGen: 88064K->85690K(175104K)] 136090K->151942K(699392K), 0.0094797 secs] [Times: user=0.11 sys=0.00, real=0.01 secs] 
2016-09-24T00:40:46.913-0400: 217.979: [GC (GCLocker Initiated GC) [PSYoungGen: 173754K->49280K(175104K)] 246105K->152094K(699392K), 0.0172847 secs] [Times: user=0.15 sys=0.00, real=0.02 secs] 
2016-09-24T00:40:47.049-0400: 218.115: [GC (GCLocker Initiated GC) [PSYoungGen: 137344K->55059K(175104K)] 240295K->188801K(699392K), 0.0141208 secs] [Times: user=0.11 sys=0.00, real=0.02 secs] 
2016-09-24T00:40:47.173-0400: 218.239: [GC (Allocation Failure) [PSYoungGen: 143123K->36966K(175104K)] 283183K->195362K(699392K), 0.0429105 secs] [Times: user=0.45 sys=0.00, real=0.05 secs] 
2016-09-24T00:40:47.321-0400: 218.387: [GC (GCLocker Initiated GC) [PSYoungGen: 123401K->73576K(175104K)] 287873K->238331K(699392K), 0.0234334 secs] [Times: user=0.26 sys=0.00, real=0.03 secs] 
2016-09-24T00:40:47.455-0400: 218.521: [GC (GCLocker Initiated GC) [PSYoungGen: 161640K->55223K(175104K)] 326560K->238628K(699392K), 0.0148516 secs] [Times: user=0.14 sys=0.01, real=0.01 secs] 
2016-09-24T00:40:47.628-0400: 218.694: [GC (Allocation Failure) [PSYoungGen: 143287K->79587K(175104K)] 326812K->281597K(699392K), 0.0184255 secs] [Times: user=0.19 sys=0.00, real=0.02 secs] 
2016-09-24T00:40:47.751-0400: 218.817: [GC (GCLocker Initiated GC) [PSYoungGen: 166025K->55155K(175104K)] 374110K->312147K(699392K), 0.0179538 secs] [Times: user=0.21 sys=0.00, real=0.02 secs] 
2016-09-24T00:40:47.877-0400: 218.943: [GC (GCLocker Initiated GC) [PSYoungGen: 143219K->73936K(175104K)] 400472K->349573K(699392K), 0.0098246 secs] [Times: user=0.11 sys=0.00, real=0.01 secs] 
2016-09-24T00:40:47.997-0400: 219.063: [GC (Allocation Failure) [PSYoungGen: 162000K->61558K(175104K)] 437797K->355871K(699392K), 0.0247143 secs] [Times: user=0.25 sys=0.00, real=0.02 secs] 
2016-09-24T00:40:48.143-0400: 219.209: [GC (GCLocker Initiated GC) [PSYoungGen: 149622K->55383K(175104K)] 443940K->392658K(699392K), 0.0094496 secs] [Times: user=0.11 sys=0.01, real=0.00 secs] 
2016-09-24T00:40:48.269-0400: 219.335: [GC (GCLocker Initiated GC) [PSYoungGen: 143447K->85630K(175104K)] 480810K->423261K(699392K), 0.0183468 secs] [Times: user=0.18 sys=0.01, real=0.02 secs] 
2016-09-24T00:40:48.419-0400: 219.485: [GC (GCLocker Initiated GC) [PSYoungGen: 173694K->79719K(175104K)] 511518K->454277K(699392K), 0.0167564 secs] [Times: user=0.18 sys=0.00, real=0.02 secs] 
2016-09-24T00:40:48.564-0400: 219.630: [GC (GCLocker Initiated GC) [PSYoungGen: 167783K->36998K(175104K)] 554808K->442491K(699392K), 0.0230313 secs] [Times: user=0.24 sys=0.00, real=0.02 secs] 
2016-09-24T00:40:48.702-0400: 219.768: [GC (GCLocker Initiated GC) [PSYoungGen: 125062K->85630K(175104K)] 530592K->491271K(699392K), 0.0135725 secs] [Times: user=0.13 sys=0.00, real=0.02 secs] 
2016-09-24T00:40:48.861-0400: 219.927: [GC (GCLocker Initiated GC) [PSYoungGen: 173694K->67405K(175104K)] 579383K->509647K(699392K), 0.0179896 secs] [Times: user=0.19 sys=0.01, real=0.02 secs] 
2016-09-24T00:40:49.003-0400: 220.069: [GC (GCLocker Initiated GC) [PSYoungGen: 155469K->55187K(175104K)] 597765K->522075K(699392K), 0.0205958 secs] [Times: user=0.20 sys=0.01, real=0.02 secs] 
2016-09-24T00:40:49.024-0400: 220.090: [Full GC (Ergonomics) [PSYoungGen: 55187K->0K(175104K)] [ParOldGen: 466887K->47780K(524288K)] 522075K->47780K(699392K), [Metaspace: 44544K->44544K(1087488K)], 0.0650402 secs] [Times: user=0.49 sys=0.01, real=0.06 secs] 
2016-09-24T00:40:49.190-0400: 220.256: [GC (Allocation Failure) [PSYoungGen: 88064K->86826K(175104K)] 136098K->171310K(699392K), 0.0134505 secs] [Times: user=0.18 sys=0.01, real=0.02 secs] 
2016-09-24T00:40:49.299-0400: 220.365: [GC (GCLocker Initiated GC) [PSYoungGen: 174890K->79683K(175104K)] 259380K->256602K(699392K), 0.0127425 secs] [Times: user=0.15 sys=0.00, real=0.01 secs] 
2016-09-24T00:40:49.417-0400: 220.483: [GC (GCLocker Initiated GC) [PSYoungGen: 167747K->85986K(175104K)] 344775K->305674K(699392K), 0.0239338 secs] [Times: user=0.30 sys=0.00, real=0.02 secs] 
2016-09-24T00:40:49.592-0400: 220.658: [GC (Allocation Failure) [PSYoungGen: 174050K->49340K(175104K)] 393762K->336349K(699392K), 0.0140780 secs] [Times: user=0.16 sys=0.00, real=0.02 secs] 
2016-09-24T00:40:49.706-0400: 220.772: [GC (GCLocker Initiated GC) [PSYoungGen: 132891K->73540K(175104K)] 425975K->366964K(699392K), 0.0115243 secs] [Times: user=0.15 sys=0.00, real=0.01 secs] 
2016-09-24T00:40:49.839-0400: 220.905: [GC (GCLocker Initiated GC) [PSYoungGen: 161604K->85854K(175104K)] 455120K->428130K(699392K), 0.0132728 secs] [Times: user=0.18 sys=0.00, real=0.01 secs] 
2016-09-24T00:40:49.966-0400: 221.032: [GC (Allocation Failure) [PSYoungGen: 173918K->43137K(175104K)] 516906K->441084K(699392K), 0.0088149 secs] [Times: user=0.09 sys=0.00, real=0.01 secs] 
2016-09-24T00:40:50.088-0400: 221.154: [GC (GCLocker Initiated GC) [PSYoungGen: 127910K->67405K(175104K)] 531932K->483836K(699392K), 0.0157396 secs] [Times: user=0.15 sys=0.00, real=0.02 secs] 
2016-09-24T00:40:50.241-0400: 221.307: [GC (GCLocker Initiated GC) [PSYoungGen: 155469K->73772K(175104K)] 578342K->515154K(699392K), 0.0094537 secs] [Times: user=0.10 sys=0.00, real=0.01 secs] 
2016-09-24T00:40:50.251-0400: 221.317: [Full GC (Ergonomics) [PSYoungGen: 73772K->0K(175104K)] [ParOldGen: 441382K->54343K(524288K)] 515154K->54343K(699392K), [Metaspace: 44544K->44544K(1087488K)], 0.0616695 secs] [Times: user=0.30 sys=0.00, real=0.06 secs] 
2016-09-24T00:40:50.439-0400: 221.505: [GC (GCLocker Initiated GC) [PSYoungGen: 88064K->85726K(175104K)] 142650K->152462K(699392K), 0.0217077 secs] [Times: user=0.22 sys=0.00, real=0.02 secs] 
2016-09-24T00:40:50.609-0400: 221.675: [GC (GCLocker Initiated GC) [PSYoungGen: 173790K->18837K(175104K)] 265035K->158926K(699392K), 0.0239078 secs] [Times: user=0.23 sys=0.00, real=0.02 secs] 
2016-09-24T00:40:50.772-0400: 221.838: [GC (GCLocker Initiated GC) [PSYoungGen: 106901K->55223K(175104K)] 253426K->202007K(699392K), 0.0216296 secs] [Times: user=0.25 sys=0.01, real=0.03 secs] 
2016-09-24T00:40:50.901-0400: 221.967: [GC (GCLocker Initiated GC) [PSYoungGen: 143287K->55447K(175104K)] 296221K->244943K(699392K), 0.0096442 secs] [Times: user=0.12 sys=0.01, real=0.01 secs] 
2016-09-24T00:40:51.065-0400: 222.131: [GC (GCLocker Initiated GC) [PSYoungGen: 143511K->61626K(175104K)] 339409K->257627K(699392K), 0.0171444 secs] [Times: user=0.21 sys=0.00, real=0.02 secs] 
2016-09-24T00:40:51.213-0400: 222.279: [GC (GCLocker Initiated GC) [PSYoungGen: 149690K->61394K(175104K)] 352071K->282448K(699392K), 0.0085507 secs] [Times: user=0.08 sys=0.00, real=0.01 secs] 
2016-09-24T00:40:51.336-0400: 222.402: [GC (GCLocker Initiated GC) [PSYoungGen: 149458K->61658K(175104K)] 370738K->325559K(699392K), 0.0304823 secs] [Times: user=0.35 sys=0.01, real=0.03 secs] 
2016-09-24T00:40:51.462-0400: 222.529: [GC (GCLocker Initiated GC) [PSYoungGen: 149722K->73704K(175104K)] 413670K->392666K(699392K), 0.0115488 secs] [Times: user=0.17 sys=0.00, real=0.00 secs] 
2016-09-24T00:40:51.614-0400: 222.680: [GC (GCLocker Initiated GC) [PSYoungGen: 161768K->79751K(175104K)] 481086K->417397K(699392K), 0.0088606 secs] [Times: user=0.08 sys=0.01, real=0.01 secs] 
2016-09-24T00:40:51.766-0400: 222.832: [GC (GCLocker Initiated GC) [PSYoungGen: 167815K->48984K(175104K)] 511589K->411251K(699392K), 0.0081450 secs] [Times: user=0.08 sys=0.01, real=0.01 secs] 
2016-09-24T00:40:51.890-0400: 222.956: [GC (GCLocker Initiated GC) [PSYoungGen: 137048K->61654K(175104K)] 505600K->472874K(699392K), 0.0110217 secs] [Times: user=0.14 sys=0.01, real=0.01 secs] 
2016-09-24T00:40:52.055-0400: 223.121: [GC (GCLocker Initiated GC) [PSYoungGen: 149718K->79619K(175104K)] 561115K->515771K(699392K), 0.0115160 secs] [Times: user=0.11 sys=0.01, real=0.01 secs] 
2016-09-24T00:40:52.170-0400: 223.236: [GC (Allocation Failure) [PSYoungGen: 167683K->73644K(175104K)] 604191K->534571K(699392K), 0.0115803 secs] [Times: user=0.11 sys=0.00, real=0.01 secs] 
2016-09-24T00:40:52.182-0400: 223.248: [Full GC (Ergonomics) [PSYoungGen: 73644K->0K(175104K)] [ParOldGen: 460927K->48266K(524288K)] 534571K->48266K(699392K), [Metaspace: 44554K->44554K(1087488K)], 0.0538410 secs] [Times: user=0.25 sys=0.00, real=0.06 secs] 
2016-09-24T00:40:52.350-0400: 223.416: [GC (GCLocker Initiated GC) [PSYoungGen: 88064K->73772K(175104K)] 136330K->122038K(699392K), 0.0176205 secs] [Times: user=0.20 sys=0.00, real=0.02 secs] 
2016-09-24T00:40:52.495-0400: 223.561: [GC (GCLocker Initiated GC) [PSYoungGen: 161836K->85694K(175104K)] 210194K->152553K(699392K), 0.0096281 secs] [Times: user=0.10 sys=0.00, real=0.01 secs] 
2016-09-24T00:40:52.616-0400: 223.682: [GC (GCLocker Initiated GC) [PSYoungGen: 173758K->55287K(175104K)] 240787K->134710K(699392K), 0.0209679 secs] [Times: user=0.20 sys=0.00, real=0.02 secs] 
2016-09-24T00:40:52.767-0400: 223.833: [GC (GCLocker Initiated GC) [PSYoungGen: 143351K->85758K(175104K)] 222905K->189912K(699392K), 0.0150880 secs] [Times: user=0.18 sys=0.01, real=0.02 secs] 
2016-09-24T00:40:52.884-0400: 223.950: [GC (GCLocker Initiated GC) [PSYoungGen: 173822K->61458K(175104K)] 278711K->233456K(699392K), 0.0199523 secs] [Times: user=0.20 sys=0.00, real=0.02 secs] 
2016-09-24T00:40:53.038-0400: 224.104: [GC (GCLocker Initiated GC) [PSYoungGen: 149522K->55775K(175104K)] 328160K->252945K(699392K), 0.0072627 secs] [Times: user=0.10 sys=0.00, real=0.01 secs] 
2016-09-24T00:40:53.153-0400: 224.219: [GC (GCLocker Initiated GC) [PSYoungGen: 143839K->85626K(175104K)] 341034K->289204K(699392K), 0.0268572 secs] [Times: user=0.39 sys=0.00, real=0.03 secs] 
2016-09-24T00:40:53.295-0400: 224.361: [GC (GCLocker Initiated GC) [PSYoungGen: 173690K->55775K(175104K)] 383698K->302377K(699392K), 0.0116594 secs] [Times: user=0.16 sys=0.00, real=0.01 secs] 
2016-09-24T00:40:53.442-0400: 224.508: [GC (GCLocker Initiated GC) [PSYoungGen: 143839K->85594K(175104K)] 390489K->369314K(699392K), 0.0100243 secs] [Times: user=0.14 sys=0.00, real=0.01 secs] 
2016-09-24T00:40:53.574-0400: 224.640: [GC (GCLocker Initiated GC) [PSYoungGen: 173658K->55615K(175104K)] 457459K->400293K(699392K), 0.0120550 secs] [Times: user=0.13 sys=0.00, real=0.02 secs] 
2016-09-24T00:40:53.684-0400: 224.750: [GC (GCLocker Initiated GC) [PSYoungGen: 143676K->79715K(175104K)] 489317K->480314K(699392K), 0.0197660 secs] [Times: user=0.20 sys=0.00, real=0.02 secs] 
2016-09-24T00:40:53.811-0400: 224.877: [GC (GCLocker Initiated GC) [PSYoungGen: 167779K->85694K(175104K)] 568660K->511150K(699392K), 0.0139421 secs] [Times: user=0.14 sys=0.00, real=0.02 secs] 
2016-09-24T00:40:53.972-0400: 225.038: [GC (GCLocker Initiated GC) [PSYoungGen: 173758K->19196K(175104K)] 617615K->481398K(699392K), 0.0140631 secs] [Times: user=0.14 sys=0.00, real=0.02 secs] 
2016-09-24T00:40:53.986-0400: 225.052: [Full GC (Ergonomics) [PSYoungGen: 19196K->0K(175104K)] [ParOldGen: 462202K->47966K(524288K)] 481398K->47966K(699392K), [Metaspace: 44554K->44554K(1087488K)], 0.0540397 secs] [Times: user=0.31 sys=0.00, real=0.05 secs] 
2016-09-24T00:40:54.172-0400: 225.238: [GC (GCLocker Initiated GC) [PSYoungGen: 88064K->85922K(175104K)] 136090K->146098K(699392K), 0.0087986 secs] [Times: user=0.09 sys=0.00, real=0.01 secs] 
2016-09-24T00:40:54.308-0400: 225.374: [GC (Allocation Failure) [PSYoungGen: 173986K->67341K(175104K)] 234299K->158288K(699392K), 0.0328226 secs] [Times: user=0.31 sys=0.00, real=0.03 secs] 
2016-09-24T00:40:54.444-0400: 225.510: [GC (GCLocker Initiated GC) [PSYoungGen: 152174K->43301K(175104K)] 249196K->183100K(699392K), 0.0094925 secs] [Times: user=0.10 sys=0.00, real=0.00 secs] 
2016-09-24T00:40:54.585-0400: 225.651: [GC (GCLocker Initiated GC) [PSYoungGen: 131365K->37062K(175104K)] 277391K->201572K(699392K), 0.0152953 secs] [Times: user=0.18 sys=0.01, real=0.01 secs] 
2016-09-24T00:40:54.704-0400: 225.770: [GC (Allocation Failure) [PSYoungGen: 125126K->73772K(175104K)] 295853K->263171K(699392K), 0.0100703 secs] [Times: user=0.11 sys=0.00, real=0.00 secs] 
2016-09-24T00:40:54.844-0400: 225.910: [GC (GCLocker Initiated GC) [PSYoungGen: 158169K->55223K(175104K)] 353644K->269346K(699392K), 0.0221788 secs] [Times: user=0.22 sys=0.00, real=0.02 secs] 
2016-09-24T00:40:54.994-0400: 226.060: [GC (GCLocker Initiated GC) [PSYoungGen: 143287K->73676K(175104K)] 363645K->294146K(699392K), 0.0142695 secs] [Times: user=0.15 sys=0.00, real=0.02 secs] 
2016-09-24T00:40:55.124-0400: 226.190: [GC (GCLocker Initiated GC) [PSYoungGen: 161740K->55223K(175104K)] 382212K->306517K(699392K), 0.0261922 secs] [Times: user=0.28 sys=0.00, real=0.02 secs] 
2016-09-24T00:40:55.277-0400: 226.343: [GC (GCLocker Initiated GC) [PSYoungGen: 143287K->73644K(175104K)] 406840K->337464K(699392K), 0.0228661 secs] [Times: user=0.23 sys=0.00, real=0.02 secs] 
2016-09-24T00:40:55.435-0400: 226.501: [GC (Allocation Failure) [PSYoungGen: 161708K->73284K(175104K)] 425884K->356320K(699392K), 0.0186892 secs] [Times: user=0.20 sys=0.00, real=0.01 secs] 
2016-09-24T00:40:55.569-0400: 226.635: [GC (GCLocker Initiated GC) [PSYoungGen: 158930K->55159K(175104K)] 448041K->344366K(699392K), 0.0141876 secs] [Times: user=0.13 sys=0.00, real=0.02 secs] 
2016-09-24T00:40:55.705-0400: 226.771: [GC (GCLocker Initiated GC) [PSYoungGen: 143223K->49276K(175104K)] 444784K->369337K(699392K), 0.0134337 secs] [Times: user=0.14 sys=0.01, real=0.01 secs] 
2016-09-24T00:40:55.847-0400: 226.913: [GC (GCLocker Initiated GC) [PSYoungGen: 137340K->79815K(175104K)] 457622K->418450K(699392K), 0.0186872 secs] [Times: user=0.21 sys=0.00, real=0.02 secs] 
2016-09-24T00:40:56.011-0400: 227.077: [GC (GCLocker Initiated GC) [PSYoungGen: 167879K->37062K(175104K)] 518768K->406607K(699392K), 0.0106427 secs] [Times: user=0.11 sys=0.00, real=0.01 secs] 
2016-09-24T00:40:56.157-0400: 227.223: [GC (Allocation Failure) [PSYoungGen: 125126K->37226K(175104K)] 494949K->425557K(699392K), 0.0104100 secs] [Times: user=0.09 sys=0.00, real=0.01 secs] 
2016-09-24T00:40:56.279-0400: 227.345: [GC (GCLocker Initiated GC) [PSYoungGen: 122819K->73448K(175104K)] 517226K->468122K(699392K), 0.0216103 secs] [Times: user=0.24 sys=0.00, real=0.02 secs] 
2016-09-24T00:40:56.404-0400: 227.470: [GC (GCLocker Initiated GC) [PSYoungGen: 161512K->85694K(175104K)] 556245K->517168K(699392K), 0.0323590 secs] [Times: user=0.37 sys=0.00, real=0.03 secs] 
2016-09-24T00:40:56.544-0400: 227.610: [GC (GCLocker Initiated GC) [PSYoungGen: 173758K->67505K(175104K)] 605234K->523541K(699392K), 0.0198777 secs] [Times: user=0.16 sys=0.00, real=0.02 secs] 
2016-09-24T00:40:56.690-0400: 227.756: [GC (GCLocker Initiated GC) [PSYoungGen: 155569K->79455K(175104K)] 611966K->572765K(699392K), 0.0111741 secs] [Times: user=0.10 sys=0.00, real=0.01 secs] 
2016-09-24T00:40:56.702-0400: 227.768: [Full GC (Ergonomics) [PSYoungGen: 79455K->0K(175104K)] [ParOldGen: 493310K->54265K(524288K)] 572765K->54265K(699392K), [Metaspace: 44557K->44557K(1087488K)], 0.0644377 secs] [Times: user=0.37 sys=0.01, real=0.07 secs] 
2016-09-24T00:40:56.884-0400: 227.950: [GC (GCLocker Initiated GC) [PSYoungGen: 88064K->86474K(175104K)] 142405K->146890K(699392K), 0.0169172 secs] [Times: user=0.18 sys=0.00, real=0.01 secs] 
2016-09-24T00:40:57.015-0400: 228.081: [GC (GCLocker Initiated GC) [PSYoungGen: 174538K->61266K(175104K)] 235287K->147307K(699392K), 0.0096238 secs] [Times: user=0.06 sys=0.00, real=0.01 secs] 
2016-09-24T00:40:57.154-0400: 228.220: [GC (GCLocker Initiated GC) [PSYoungGen: 149330K->85790K(175104K)] 241533K->196501K(699392K), 0.0116734 secs] [Times: user=0.16 sys=0.00, real=0.02 secs] 
2016-09-24T00:40:57.280-0400: 228.346: [GC (GCLocker Initiated GC) [PSYoungGen: 173854K->85854K(175104K)] 284719K->257784K(699392K), 0.0115772 secs] [Times: user=0.15 sys=0.00, real=0.01 secs] 
2016-09-24T00:40:57.434-0400: 228.500: [GC (GCLocker Initiated GC) [PSYoungGen: 173918K->67597K(175104K)] 352111K->282516K(699392K), 0.0117505 secs] [Times: user=0.09 sys=0.01, real=0.02 secs] 
2016-09-24T00:40:57.553-0400: 228.619: [GC (GCLocker Initiated GC) [PSYoungGen: 155661K->61622K(175104K)] 370739K->319532K(699392K), 0.0287692 secs] [Times: user=0.31 sys=0.00, real=0.03 secs] 
2016-09-24T00:40:57.717-0400: 228.784: [GC (GCLocker Initiated GC) [PSYoungGen: 149686K->61230K(175104K)] 413882K->343927K(699392K), 0.0084903 secs] [Times: user=0.09 sys=0.00, real=0.01 secs] 
2016-09-24T00:40:57.847-0400: 228.913: [GC (GCLocker Initiated GC) [PSYoungGen: 149294K->61362K(175104K)] 438113K->386727K(699392K), 0.0171277 secs] [Times: user=0.16 sys=0.00, real=0.02 secs] 
2016-09-24T00:40:58.011-0400: 229.077: [GC (GCLocker Initiated GC) [PSYoungGen: 149426K->61298K(175104K)] 474839K->411286K(699392K), 0.0180452 secs] [Times: user=0.17 sys=0.00, real=0.02 secs] 
2016-09-24T00:40:58.136-0400: 229.202: [GC (GCLocker Initiated GC) [PSYoungGen: 149362K->61330K(175104K)] 499392K->466303K(699392K), 0.0230604 secs] [Times: user=0.22 sys=0.01, real=0.02 secs] 
2016-09-24T00:40:58.284-0400: 229.350: [GC (GCLocker Initiated GC) [PSYoungGen: 149394K->37030K(175104K)] 560505K->509175K(699392K), 0.0106201 secs] [Times: user=0.11 sys=0.00, real=0.01 secs] 
2016-09-24T00:40:58.295-0400: 229.361: [Full GC (Ergonomics) [PSYoungGen: 37030K->0K(175104K)] [ParOldGen: 472145K->54433K(524288K)] 509175K->54433K(699392K), [Metaspace: 44557K->44557K(1087488K)], 0.0666660 secs] [Times: user=0.49 sys=0.00, real=0.06 secs] 
2016-09-24T00:40:58.477-0400: 229.543: [GC (GCLocker Initiated GC) [PSYoungGen: 88064K->86210K(175104K)] 149332K->153553K(699392K), 0.0087307 secs] [Times: user=0.10 sys=0.00, real=0.01 secs] 
2016-09-24T00:40:58.614-0400: 229.680: [GC (GCLocker Initiated GC) [PSYoungGen: 174274K->85790K(175104K)] 241748K->190262K(699392K), 0.0115235 secs] [Times: user=0.13 sys=0.01, real=0.02 secs] 
2016-09-24T00:40:58.745-0400: 229.811: [GC (GCLocker Initiated GC) [PSYoungGen: 173854K->85822K(175104K)] 284442K->226929K(699392K), 0.0269975 secs] [Times: user=0.36 sys=0.00, real=0.02 secs] 
2016-09-24T00:40:58.919-0400: 229.986: [GC (GCLocker Initiated GC) [PSYoungGen: 173886K->49312K(175104K)] 321317K->221302K(699392K), 0.0294716 secs] [Times: user=0.27 sys=0.00, real=0.03 secs] 
2016-09-24T00:40:59.075-0400: 230.141: [GC (GCLocker Initiated GC) [PSYoungGen: 137376K->48952K(175104K)] 315930K->227750K(699392K), 0.0163895 secs] [Times: user=0.20 sys=0.00, real=0.01 secs] 
2016-09-24T00:40:59.208-0400: 230.274: [GC (GCLocker Initiated GC) [PSYoungGen: 137015K->74100K(175104K)] 316175K->289869K(699392K), 0.0140293 secs] [Times: user=0.18 sys=0.00, real=0.01 secs] 
2016-09-24T00:40:59.338-0400: 230.404: [GC (GCLocker Initiated GC) [PSYoungGen: 162164K->73672K(175104K)] 378070K->338665K(699392K), 0.0188429 secs] [Times: user=0.24 sys=0.01, real=0.02 secs] 
2016-09-24T00:40:59.471-0400: 230.538: [GC (GCLocker Initiated GC) [PSYoungGen: 161736K->79879K(175104K)] 439028K->394092K(699392K), 0.0101768 secs] [Times: user=0.13 sys=0.00, real=0.01 secs] 
2016-09-24T00:40:59.592-0400: 230.658: [GC (GCLocker Initiated GC) [PSYoungGen: 167943K->86118K(175104K)] 482220K->461649K(699392K), 0.0118524 secs] [Times: user=0.18 sys=0.00, real=0.02 secs] 
2016-09-24T00:40:59.719-0400: 230.785: [GC (GCLocker Initiated GC) [PSYoungGen: 174182K->55611K(175104K)] 562134K->462080K(699392K), 0.0249982 secs] [Times: user=0.32 sys=0.00, real=0.03 secs] 
2016-09-24T00:40:59.865-0400: 230.931: [GC (GCLocker Initiated GC) [PSYoungGen: 143675K->55415K(175104K)] 556283K->468283K(699392K), 0.0124993 secs] [Times: user=0.16 sys=0.01, real=0.01 secs] 
2016-09-24T00:41:00.004-0400: 231.070: [GC (GCLocker Initiated GC) [PSYoungGen: 143479K->85630K(175104K)] 562515K->504917K(699392K), 0.0157072 secs] [Times: user=0.13 sys=0.01, real=0.01 secs] 
2016-09-24T00:41:00.136-0400: 231.202: [GC (GCLocker Initiated GC) [PSYoungGen: 173694K->73444K(175104K)] 593130K->547886K(699392K), 0.0214539 secs] [Times: user=0.27 sys=0.00, real=0.02 secs] 
2016-09-24T00:41:00.158-0400: 231.224: [Full GC (Ergonomics) [PSYoungGen: 73444K->0K(175104K)] [ParOldGen: 474442K->54339K(524288K)] 547886K->54339K(699392K), [Metaspace: 44558K->44558K(1087488K)], 0.0588136 secs] [Times: user=0.37 sys=0.01, real=0.06 secs] 
2016-09-24T00:41:00.317-0400: 231.383: [GC (GCLocker Initiated GC) [PSYoungGen: 88064K->86374K(175104K)] 142680K->140990K(699392K), 0.0099788 secs] [Times: user=0.12 sys=0.00, real=0.01 secs] 
2016-09-24T00:41:00.467-0400: 231.533: [GC (GCLocker Initiated GC) [PSYoungGen: 174438K->73508K(175104K)] 229281K->147615K(699392K), 0.0104496 secs] [Times: user=0.14 sys=0.00, real=0.01 secs] 
2016-09-24T00:41:00.606-0400: 231.672: [GC (GCLocker Initiated GC) [PSYoungGen: 161572K->67177K(175104K)] 235733K->141449K(699392K), 0.0162288 secs] [Times: user=0.16 sys=0.00, real=0.02 secs] 
2016-09-24T00:41:00.720-0400: 231.786: [GC (GCLocker Initiated GC) [PSYoungGen: 155241K->79715K(175104K)] 229700K->245443K(699392K), 0.0119377 secs] [Times: user=0.18 sys=0.01, real=0.01 secs] 
2016-09-24T00:41:00.853-0400: 231.919: [GC (GCLocker Initiated GC) [PSYoungGen: 167779K->43333K(175104K)] 333599K->251922K(699392K), 0.0134767 secs] [Times: user=0.08 sys=0.00, real=0.02 secs] 
2016-09-24T00:41:01.003-0400: 232.069: [GC (GCLocker Initiated GC) [PSYoungGen: 131397K->55579K(175104K)] 352441K->331457K(699392K), 0.0120646 secs] [Times: user=0.16 sys=0.01, real=0.01 secs] 
2016-09-24T00:41:01.128-0400: 232.194: [GC (GCLocker Initiated GC) [PSYoungGen: 143643K->61330K(175104K)] 425744K->361915K(699392K), 0.0158604 secs] [Times: user=0.18 sys=0.00, real=0.02 secs] 
2016-09-24T00:41:01.263-0400: 232.329: [GC (GCLocker Initiated GC) [PSYoungGen: 149394K->73640K(175104K)] 456131K->435188K(699392K), 0.0120384 secs] [Times: user=0.14 sys=0.01, real=0.01 secs] 
2016-09-24T00:41:01.383-0400: 232.449: [GC (Allocation Failure) [PSYoungGen: 161704K->74196K(175104K)] 523439K->454479K(699392K), 0.0080816 secs] [Times: user=0.10 sys=0.00, real=0.00 secs] 
2016-09-24T00:41:01.527-0400: 232.593: [GC (GCLocker Initiated GC) [PSYoungGen: 159563K->55219K(175104K)] 545921K->460406K(699392K), 0.0078825 secs] [Times: user=0.11 sys=0.00, real=0.01 secs] 
2016-09-24T00:41:01.693-0400: 232.759: [GC (GCLocker Initiated GC) [PSYoungGen: 143283K->55123K(175104K)] 548473K->460416K(699392K), 0.0119029 secs] [Times: user=0.13 sys=0.00, real=0.02 secs] 
2016-09-24T00:41:01.829-0400: 232.895: [GC (GCLocker Initiated GC) [PSYoungGen: 143187K->79423K(175104K)] 548662K->484994K(699392K), 0.0146527 secs] [Times: user=0.15 sys=0.00, real=0.02 secs] 
2016-09-24T00:41:01.933-0400: 232.999: [GC (GCLocker Initiated GC) [PSYoungGen: 167487K->85662K(175104K)] 573173K->503633K(699392K), 0.0181844 secs] [Times: user=0.20 sys=0.01, real=0.02 secs] 
2016-09-24T00:41:02.076-0400: 233.142: [GC (GCLocker Initiated GC) [PSYoungGen: 173726K->36998K(175104K)] 604012K->516136K(699392K), 0.0112688 secs] [Times: user=0.08 sys=0.00, real=0.01 secs] 
2016-09-24T00:41:02.087-0400: 233.153: [Full GC (Ergonomics) [PSYoungGen: 36998K->0K(175104K)] [ParOldGen: 479138K->54550K(524288K)] 516136K->54550K(699392K), [Metaspace: 44558K->44558K(1087488K)], 0.0660222 secs] [Times: user=0.41 sys=0.02, real=0.06 secs] 
2016-09-24T00:41:02.271-0400: 233.337: [GC (GCLocker Initiated GC) [PSYoungGen: 88064K->86046K(175104K)] 142779K->158987K(699392K), 0.0108931 secs] [Times: user=0.10 sys=0.01, real=0.01 secs] 
2016-09-24T00:41:02.389-0400: 233.455: [GC (GCLocker Initiated GC) [PSYoungGen: 174110K->79715K(175104K)] 247160K->226401K(699392K), 0.0231029 secs] [Times: user=0.29 sys=0.00, real=0.02 secs] 
2016-09-24T00:41:02.556-0400: 233.622: [GC (GCLocker Initiated GC) [PSYoungGen: 167779K->24748K(175104K)] 314534K->232521K(699392K), 0.0160968 secs] [Times: user=0.16 sys=0.00, real=0.01 secs] 
2016-09-24T00:41:02.678-0400: 233.744: [GC (GCLocker Initiated GC) [PSYoungGen: 112812K->85562K(175104K)] 320750K->293596K(699392K), 0.0192707 secs] [Times: user=0.22 sys=0.00, real=0.02 secs] 
2016-09-24T00:41:02.810-0400: 233.876: [GC (GCLocker Initiated GC) [PSYoungGen: 173626K->61362K(175104K)] 381875K->330481K(699392K), 0.0174037 secs] [Times: user=0.16 sys=0.00, real=0.02 secs] 
2016-09-24T00:41:02.951-0400: 234.017: [GC (GCLocker Initiated GC) [PSYoungGen: 149426K->37258K(175104K)] 430860K->343283K(699392K), 0.0127470 secs] [Times: user=0.15 sys=0.01, real=0.02 secs] 
2016-09-24T00:41:03.101-0400: 234.167: [GC (GCLocker Initiated GC) [PSYoungGen: 125322K->55351K(175104K)] 443853K->392366K(699392K), 0.0135126 secs] [Times: user=0.12 sys=0.00, real=0.02 secs] 
2016-09-24T00:41:03.273-0400: 234.339: [GC (GCLocker Initiated GC) [PSYoungGen: 143415K->55387K(175104K)] 480573K->410873K(699392K), 0.0132819 secs] [Times: user=0.13 sys=0.00, real=0.02 secs] 
2016-09-24T00:41:03.413-0400: 234.479: [GC (GCLocker Initiated GC) [PSYoungGen: 143451K->73480K(175104K)] 505373K->435670K(699392K), 0.0287411 secs] [Times: user=0.31 sys=0.00, real=0.03 secs] 
2016-09-24T00:41:03.549-0400: 234.615: [GC (GCLocker Initiated GC) [PSYoungGen: 161544K->67665K(175104K)] 523804K->466502K(699392K), 0.0196894 secs] [Times: user=0.21 sys=0.01, real=0.02 secs] 
2016-09-24T00:41:03.683-0400: 234.749: [GC (GCLocker Initiated GC) [PSYoungGen: 155729K->43269K(175104K)] 554882K->497193K(699392K), 0.0107399 secs] [Times: user=0.09 sys=0.00, real=0.00 secs] 
2016-09-24T00:41:03.694-0400: 234.760: [Full GC (Ergonomics) [PSYoungGen: 43269K->0K(175104K)] [ParOldGen: 453924K->61145K(524288K)] 497193K->61145K(699392K), [Metaspace: 44560K->44560K(1087488K)], 0.0561824 secs] [Times: user=0.30 sys=0.00, real=0.06 secs] 
2016-09-24T00:41:03.845-0400: 234.911: [GC (GCLocker Initiated GC) [PSYoungGen: 88064K->67569K(175104K)] 149453K->128958K(699392K), 0.0445710 secs] [Times: user=0.47 sys=0.01, real=0.04 secs] 
2016-09-24T00:41:03.991-0400: 235.057: [GC (GCLocker Initiated GC) [PSYoungGen: 155633K->67601K(175104K)] 217075K->171852K(699392K), 0.0288209 secs] [Times: user=0.34 sys=0.00, real=0.03 secs] 
2016-09-24T00:41:04.122-0400: 235.188: [GC (GCLocker Initiated GC) [PSYoungGen: 155665K->61326K(175104K)] 260204K->233325K(699392K), 0.0100795 secs] [Times: user=0.13 sys=0.00, real=0.01 secs] 
2016-09-24T00:41:04.258-0400: 235.324: [GC (GCLocker Initiated GC) [PSYoungGen: 149390K->55223K(175104K)] 333631K->257785K(699392K), 0.0195163 secs] [Times: user=0.21 sys=0.00, real=0.02 secs] 
2016-09-24T00:41:04.421-0400: 235.487: [GC (Allocation Failure) [PSYoungGen: 143287K->73480K(175104K)] 345873K->276349K(699392K), 0.0089441 secs] [Times: user=0.09 sys=0.01, real=0.01 secs] 
2016-09-24T00:41:04.524-0400: 235.590: [GC (GCLocker Initiated GC) [PSYoungGen: 161544K->67533K(175104K)] 364414K->301077K(699392K), 0.0083034 secs] [Times: user=0.09 sys=0.00, real=0.00 secs] 
2016-09-24T00:41:04.648-0400: 235.714: [GC (GCLocker Initiated GC) [PSYoungGen: 155597K->85854K(175104K)] 389435K->362541K(699392K), 0.0155509 secs] [Times: user=0.21 sys=0.00, real=0.02 secs] 
2016-09-24T00:41:04.808-0400: 235.874: [GC (GCLocker Initiated GC) [PSYoungGen: 173918K->73480K(175104K)] 456710K->374765K(699392K), 0.0117463 secs] [Times: user=0.08 sys=0.02, real=0.01 secs] 
2016-09-24T00:41:04.928-0400: 235.994: [GC (Allocation Failure) [PSYoungGen: 161544K->86018K(175104K)] 463105K->430436K(699392K), 0.0127095 secs] [Times: user=0.16 sys=0.00, real=0.01 secs] 
2016-09-24T00:41:05.068-0400: 236.134: [GC (GCLocker Initiated GC) [PSYoungGen: 169313K->61198K(175104K)] 519806K->448400K(699392K), 0.0178331 secs] [Times: user=0.20 sys=0.00, real=0.02 secs] 
2016-09-24T00:41:05.211-0400: 236.277: [GC (GCLocker Initiated GC) [PSYoungGen: 149262K->61394K(175104K)] 548718K->460977K(699392K), 0.0086952 secs] [Times: user=0.09 sys=0.00, real=0.01 secs] 
2016-09-24T00:41:05.325-0400: 236.391: [GC (GCLocker Initiated GC) [PSYoungGen: 149458K->73380K(175104K)] 549184K->503788K(699392K), 0.0166528 secs] [Times: user=0.22 sys=0.00, real=0.01 secs] 
2016-09-24T00:41:05.457-0400: 236.523: [GC (GCLocker Initiated GC) [PSYoungGen: 161444K->85954K(175104K)] 591900K->546928K(699392K), 0.0144737 secs] [Times: user=0.17 sys=0.00, real=0.01 secs] 
2016-09-24T00:41:05.472-0400: 236.538: [Full GC (Ergonomics) [PSYoungGen: 85954K->0K(175104K)] [ParOldGen: 460974K->54954K(524288K)] 546928K->54954K(699392K), [Metaspace: 44561K->44561K(1087488K)], 0.0559680 secs] [Times: user=0.35 sys=0.01, real=0.06 secs] 
2016-09-24T00:41:05.654-0400: 236.720: [GC (GCLocker Initiated GC) [PSYoungGen: 88064K->85982K(175104K)] 155378K->165446K(699392K), 0.0137970 secs] [Times: user=0.16 sys=0.00, real=0.01 secs] 
2016-09-24T00:41:05.807-0400: 236.873: [GC (GCLocker Initiated GC) [PSYoungGen: 174046K->49340K(175104K)] 265735K->202359K(699392K), 0.0220158 secs] [Times: user=0.21 sys=0.00, real=0.02 secs] 
2016-09-24T00:41:05.931-0400: 236.997: [GC (GCLocker Initiated GC) [PSYoungGen: 137404K->85790K(175104K)] 290537K->312155K(699392K), 0.0119144 secs] [Times: user=0.14 sys=0.00, real=0.02 secs] 
2016-09-24T00:41:06.064-0400: 237.130: [GC (GCLocker Initiated GC) [PSYoungGen: 173854K->55615K(175104K)] 406556K->318772K(699392K), 0.0196592 secs] [Times: user=0.18 sys=0.01, real=0.02 secs] 
2016-09-24T00:41:06.211-0400: 237.277: [GC (GCLocker Initiated GC) [PSYoungGen: 143679K->37354K(175104K)] 413165K->337531K(699392K), 0.0123694 secs] [Times: user=0.16 sys=0.00, real=0.02 secs] 
2016-09-24T00:41:06.326-0400: 237.392: [GC (GCLocker Initiated GC) [PSYoungGen: 125418K->85790K(175104K)] 431930K->398700K(699392K), 0.0093580 secs] [Times: user=0.13 sys=0.01, real=0.01 secs] 
2016-09-24T00:41:06.463-0400: 237.529: [GC (GCLocker Initiated GC) [PSYoungGen: 173854K->55938K(175104K)] 493167K->411853K(699392K), 0.0085612 secs] [Times: user=0.11 sys=0.01, real=0.00 secs] 
2016-09-24T00:41:06.604-0400: 237.670: [GC (GCLocker Initiated GC) [PSYoungGen: 144002K->73772K(175104K)] 506218K->436279K(699392K), 0.0078238 secs] [Times: user=0.12 sys=0.00, real=0.00 secs] 
2016-09-24T00:41:06.718-0400: 237.784: [GC (GCLocker Initiated GC) [PSYoungGen: 161836K->49280K(175104K)] 530448K->430129K(699392K), 0.0170758 secs] [Times: user=0.19 sys=0.00, real=0.02 secs] 
2016-09-24T00:41:06.852-0400: 237.918: [GC (GCLocker Initiated GC) [PSYoungGen: 137344K->55451K(175104K)] 530609K->485606K(699392K), 0.0131019 secs] [Times: user=0.16 sys=0.00, real=0.02 secs] 
2016-09-24T00:41:07.008-0400: 238.074: [GC (GCLocker Initiated GC) [PSYoungGen: 143515K->61490K(175104K)] 579776K->516416K(699392K), 0.0242037 secs] [Times: user=0.34 sys=0.00, real=0.02 secs] 
2016-09-24T00:41:07.032-0400: 238.098: [Full GC (Ergonomics) [PSYoungGen: 61490K->0K(175104K)] [ParOldGen: 454925K->54944K(524288K)] 516416K->54944K(699392K), [Metaspace: 44564K->44564K(1087488K)], 0.0686010 secs] [Times: user=0.65 sys=0.02, real=0.07 secs] 
2016-09-24T00:41:07.207-0400: 238.273: [GC (GCLocker Initiated GC) [PSYoungGen: 88064K->86274K(175104K)] 143123K->196008K(699392K), 0.0102459 secs] [Times: user=0.14 sys=0.01, real=0.01 secs] 
2016-09-24T00:41:07.326-0400: 238.393: [GC (Allocation Failure) [PSYoungGen: 174338K->67629K(175104K)] 290183K->281270K(699392K), 0.0203887 secs] [Times: user=0.24 sys=0.00, real=0.02 secs] 
2016-09-24T00:41:07.458-0400: 238.524: [GC (GCLocker Initiated GC) [PSYoungGen: 155693K->48920K(175104K)] 369335K->299247K(699392K), 0.0170378 secs] [Times: user=0.15 sys=0.00, real=0.02 secs] 
2016-09-24T00:41:07.590-0400: 238.656: [GC (GCLocker Initiated GC) [PSYoungGen: 136984K->85858K(175104K)] 387465K->336451K(699392K), 0.0135010 secs] [Times: user=0.12 sys=0.01, real=0.02 secs] 
2016-09-24T00:41:07.693-0400: 238.759: [GC (GCLocker Initiated GC) [PSYoungGen: 173922K->55351K(175104K)] 424887K->373417K(699392K), 0.0156287 secs] [Times: user=0.13 sys=0.01, real=0.02 secs] 
2016-09-24T00:41:07.829-0400: 238.896: [GC (GCLocker Initiated GC) [PSYoungGen: 143415K->85954K(175104K)] 461819K->404502K(699392K), 0.0288374 secs] [Times: user=0.42 sys=0.00, real=0.03 secs] 
2016-09-24T00:41:07.997-0400: 239.063: [GC (Allocation Failure) [PSYoungGen: 174018K->49116K(175104K)] 492781K->386379K(699392K), 0.0277441 secs] [Times: user=0.32 sys=0.00, real=0.03 secs] 
2016-09-24T00:41:08.121-0400: 239.187: [GC (GCLocker Initiated GC) [PSYoungGen: 137180K->73576K(175104K)] 474445K->447591K(699392K), 0.0226719 secs] [Times: user=0.26 sys=0.00, real=0.03 secs] 
2016-09-24T00:41:08.266-0400: 239.332: [GC (GCLocker Initiated GC) [PSYoungGen: 161640K->55483K(175104K)] 541906K->454093K(699392K), 0.0086477 secs] [Times: user=0.09 sys=0.00, real=0.01 secs] 
2016-09-24T00:41:08.381-0400: 239.447: [GC (GCLocker Initiated GC) [PSYoungGen: 143547K->85758K(175104K)] 542199K->484882K(699392K), 0.0127823 secs] [Times: user=0.15 sys=0.00, real=0.01 secs] 
2016-09-24T00:41:08.488-0400: 239.554: [GC (GCLocker Initiated GC) [PSYoungGen: 173822K->73576K(175104K)] 573032K->515618K(699392K), 0.0181294 secs] [Times: user=0.20 sys=0.00, real=0.02 secs] 
2016-09-24T00:41:08.507-0400: 239.573: [Full GC (Ergonomics) [PSYoungGen: 73576K->0K(175104K)] [ParOldGen: 442042K->49314K(524288K)] 515618K->49314K(699392K), [Metaspace: 44565K->44565K(1087488K)], 0.0606519 secs] [Times: user=0.37 sys=0.01, real=0.06 secs] 
2016-09-24T00:41:08.687-0400: 239.753: [GC (GCLocker Initiated GC) [PSYoungGen: 88064K->55999K(175104K)] 155768K->123703K(699392K), 0.0097939 secs] [Times: user=0.14 sys=0.00, real=0.01 secs] 
2016-09-24T00:41:08.818-0400: 239.885: [GC (GCLocker Initiated GC) [PSYoungGen: 144063K->49244K(175104K)] 211972K->136097K(699392K), 0.0133510 secs] [Times: user=0.16 sys=0.00, real=0.01 secs] 
2016-09-24T00:41:08.941-0400: 240.008: [GC (GCLocker Initiated GC) [PSYoungGen: 137308K->85822K(175104K)] 224270K->239769K(699392K), 0.0145197 secs] [Times: user=0.20 sys=0.01, real=0.02 secs] 
2016-09-24T00:41:09.075-0400: 240.141: [GC (GCLocker Initiated GC) [PSYoungGen: 173886K->73868K(175104K)] 328020K->295143K(699392K), 0.0138028 secs] [Times: user=0.20 sys=0.02, real=0.01 secs] 
2016-09-24T00:41:09.193-0400: 240.259: [GC (GCLocker Initiated GC) [PSYoungGen: 161932K->73772K(175104K)] 384015K->296334K(699392K), 0.0078993 secs] [Times: user=0.11 sys=0.00, real=0.01 secs] 
2016-09-24T00:41:09.321-0400: 240.387: [GC (Allocation Failure) [PSYoungGen: 161836K->55255K(175104K)] 396820K->308747K(699392K), 0.0109408 secs] [Times: user=0.11 sys=0.00, real=0.01 secs] 
2016-09-24T00:41:09.332-0400: 240.398: [GC (GCLocker Initiated GC) [PSYoungGen: 55626K->320K(175104K)] 309118K->308881K(699392K), 0.0090503 secs] [Times: user=0.13 sys=0.00, real=0.01 secs] 
2016-09-24T00:41:09.445-0400: 240.511: [GC (GCLocker Initiated GC) [PSYoungGen: 88384K->86210K(175104K)] 396946K->400864K(699392K), 0.0082334 secs] [Times: user=0.11 sys=0.00, real=0.00 secs] 
2016-09-24T00:41:09.575-0400: 240.641: [GC (GCLocker Initiated GC) [PSYoungGen: 174274K->37322K(175104K)] 495162K->395199K(699392K), 0.0077572 secs] [Times: user=0.09 sys=0.00, real=0.01 secs] 
2016-09-24T00:41:09.696-0400: 240.762: [GC (GCLocker Initiated GC) [PSYoungGen: 125386K->67633K(175104K)] 495454K->438109K(699392K), 0.0177605 secs] [Times: user=0.18 sys=0.00, real=0.01 secs] 
2016-09-24T00:41:09.857-0400: 240.923: [GC (GCLocker Initiated GC) [PSYoungGen: 155697K->79647K(175104K)] 532396K->511321K(699392K), 0.0261653 secs] [Times: user=0.31 sys=0.00, real=0.03 secs] 
2016-09-24T00:41:09.884-0400: 240.950: [Full GC (Ergonomics) [PSYoungGen: 79647K->0K(175104K)] [ParOldGen: 431674K->54841K(524288K)] 511321K->54841K(699392K), [Metaspace: 44567K->44567K(1087488K)], 0.0580960 secs] [Times: user=0.34 sys=0.01, real=0.05 secs] 
2016-09-24T00:41:10.040-0400: 241.107: [GC (Allocation Failure) [PSYoungGen: 88064K->86406K(175104K)] 149016K->202034K(699392K), 0.0176465 secs] [Times: user=0.23 sys=0.01, real=0.02 secs] 
2016-09-24T00:41:10.177-0400: 241.243: [GC (GCLocker Initiated GC) [PSYoungGen: 174470K->55319K(175104K)] 290103K->232422K(699392K), 0.0190939 secs] [Times: user=0.24 sys=0.01, real=0.02 secs] 
2016-09-24T00:41:10.309-0400: 241.375: [GC (Allocation Failure) [PSYoungGen: 143383K->55579K(175104K)] 332980K->263701K(699392K), 0.0096670 secs] [Times: user=0.11 sys=0.00, real=0.01 secs] 
2016-09-24T00:41:10.469-0400: 241.535: [GC (GCLocker Initiated GC) [PSYoungGen: 143643K->73576K(175104K)] 351770K->300392K(699392K), 0.0162403 secs] [Times: user=0.18 sys=0.00, real=0.02 secs] 
2016-09-24T00:41:10.614-0400: 241.680: [GC (GCLocker Initiated GC) [PSYoungGen: 161640K->61266K(175104K)] 388626K->306573K(699392K), 0.0209930 secs] [Times: user=0.19 sys=0.00, real=0.03 secs] 
2016-09-24T00:41:10.766-0400: 241.832: [GC (Allocation Failure) [PSYoungGen: 149330K->1199K(175104K)] 407007K->307605K(699392K), 0.0184868 secs] [Times: user=0.20 sys=0.00, real=0.02 secs] 
2016-09-24T00:41:10.886-0400: 241.952: [GC (GCLocker Initiated GC) [PSYoungGen: 87729K->73348K(175104K)] 400209K->386291K(699392K), 0.0216488 secs] [Times: user=0.22 sys=0.01, real=0.02 secs] 
2016-09-24T00:41:11.014-0400: 242.080: [GC (GCLocker Initiated GC) [PSYoungGen: 161412K->85762K(175104K)] 474504K->411083K(699392K), 0.0204885 secs] [Times: user=0.19 sys=0.00, real=0.02 secs] 
2016-09-24T00:41:11.128-0400: 242.195: [GC (GCLocker Initiated GC) [PSYoungGen: 173826K->49116K(175104K)] 505292K->435665K(699392K), 0.0294101 secs] [Times: user=0.28 sys=0.01, real=0.03 secs] 
2016-09-24T00:41:11.278-0400: 242.344: [GC (GCLocker Initiated GC) [PSYoungGen: 137180K->43792K(175104K)] 536105K->491438K(699392K), 0.0151316 secs] [Times: user=0.14 sys=0.01, real=0.01 secs] 
2016-09-24T00:41:11.293-0400: 242.359: [Full GC (Ergonomics) [PSYoungGen: 43792K->0K(175104K)] [ParOldGen: 447645K->53872K(524288K)] 491438K->53872K(699392K), [Metaspace: 44567K->44567K(1087488K)], 0.0707858 secs] [Times: user=0.49 sys=0.01, real=0.08 secs] 
2016-09-24T00:41:11.463-0400: 242.529: [GC (GCLocker Initiated GC) [PSYoungGen: 88064K->85594K(175104K)] 148065K->194195K(699392K), 0.0258933 secs] [Times: user=0.38 sys=0.00, real=0.02 secs] 
2016-09-24T00:41:11.607-0400: 242.673: [GC (GCLocker Initiated GC) [PSYoungGen: 173658K->61558K(175104K)] 282558K->219170K(699392K), 0.0239575 secs] [Times: user=0.31 sys=0.00, real=0.02 secs] 
2016-09-24T00:41:11.724-0400: 242.791: [GC (GCLocker Initiated GC) [PSYoungGen: 149622K->85726K(175104K)] 307282K->280471K(699392K), 0.0110176 secs] [Times: user=0.11 sys=0.00, real=0.01 secs] 
2016-09-24T00:41:11.854-0400: 242.920: [GC (GCLocker Initiated GC) [PSYoungGen: 173790K->49600K(175104K)] 380968K->324082K(699392K), 0.0103471 secs] [Times: user=0.10 sys=0.00, real=0.02 secs] 
2016-09-24T00:41:11.990-0400: 243.056: [GC (GCLocker Initiated GC) [PSYoungGen: 137664K->79619K(175104K)] 412232K->354511K(699392K), 0.0077018 secs] [Times: user=0.12 sys=0.00, real=0.01 secs] 
2016-09-24T00:41:12.122-0400: 243.188: [GC (GCLocker Initiated GC) [PSYoungGen: 167683K->55319K(175104K)] 448709K->373071K(699392K), 0.0217196 secs] [Times: user=0.24 sys=0.00, real=0.03 secs] 
2016-09-24T00:41:12.270-0400: 243.336: [GC (Allocation Failure) [PSYoungGen: 143383K->73804K(175104K)] 467486K->440708K(699392K), 0.0140165 secs] [Times: user=0.15 sys=0.00, real=0.02 secs] 
2016-09-24T00:41:12.406-0400: 243.472: [GC (GCLocker Initiated GC) [PSYoungGen: 161868K->73704K(175104K)] 528778K->459130K(699392K), 0.0175696 secs] [Times: user=0.22 sys=0.01, real=0.02 secs] 
2016-09-24T00:41:12.523-0400: 243.589: [GC (GCLocker Initiated GC) [PSYoungGen: 161768K->86282K(175104K)] 547550K->478439K(699392K), 0.0089663 secs] [Times: user=0.14 sys=0.00, real=0.00 secs] 
2016-09-24T00:41:12.681-0400: 243.747: [GC (GCLocker Initiated GC) [PSYoungGen: 174346K->73772K(175104K)] 566763K->503110K(699392K), 0.0113862 secs] [Times: user=0.16 sys=0.00, real=0.01 secs] 
2016-09-24T00:41:12.815-0400: 243.881: [GC (GCLocker Initiated GC) [PSYoungGen: 161836K->85790K(175104K)] 591238K->563928K(699392K), 0.0157981 secs] [Times: user=0.19 sys=0.01, real=0.01 secs] 
2016-09-24T00:41:12.831-0400: 243.897: [Full GC (Ergonomics) [PSYoungGen: 85790K->0K(175104K)] [ParOldGen: 478138K->59962K(524288K)] 563928K->59962K(699392K), [Metaspace: 44567K->44567K(1087488K)], 0.0562197 secs] [Times: user=0.40 sys=0.00, real=0.06 secs] 
2016-09-24T00:41:13.006-0400: 244.072: [GC (Allocation Failure) [PSYoungGen: 88064K->86442K(175104K)] 154238K->158691K(699392K), 0.0099742 secs] [Times: user=0.10 sys=0.00, real=0.01 secs] 
2016-09-24T00:41:13.116-0400: 244.182: [GC (GCLocker Initiated GC) [PSYoungGen: 174506K->55191K(175104K)] 246766K->182822K(699392K), 0.0162609 secs] [Times: user=0.14 sys=0.00, real=0.01 secs] 
2016-09-24T00:41:13.276-0400: 244.342: [GC (GCLocker Initiated GC) [PSYoungGen: 143255K->79551K(175104K)] 277166K->250203K(699392K), 0.0086920 secs] [Times: user=0.11 sys=0.00, real=0.01 secs] 
2016-09-24T00:41:13.409-0400: 244.475: [GC (GCLocker Initiated GC) [PSYoungGen: 167615K->42813K(175104K)] 344390K->250050K(699392K), 0.0156530 secs] [Times: user=0.12 sys=0.00, real=0.02 secs] 
2016-09-24T00:41:13.513-0400: 244.579: [GC (Allocation Failure) [PSYoungGen: 130877K->61494K(175104K)] 350597K->305626K(699392K), 0.0097013 secs] [Times: user=0.08 sys=0.00, real=0.02 secs] 
2016-09-24T00:41:13.642-0400: 244.708: [GC (GCLocker Initiated GC) [PSYoungGen: 144551K->43041K(175104K)] 394758K->293671K(699392K), 0.0097581 secs] [Times: user=0.06 sys=0.00, real=0.00 secs] 
2016-09-24T00:41:13.773-0400: 244.839: [GC (GCLocker Initiated GC) [PSYoungGen: 131105K->37261K(175104K)] 394168K->300576K(699392K), 0.0089678 secs] [Times: user=0.06 sys=0.00, real=0.02 secs] 
2016-09-24T00:41:13.890-0400: 244.956: [GC (GCLocker Initiated GC) [PSYoungGen: 125325K->49116K(175104K)] 388716K->330990K(699392K), 0.0271599 secs] [Times: user=0.25 sys=0.01, real=0.03 secs] 
2016-09-24T00:41:14.036-0400: 245.102: [GC (Allocation Failure) [PSYoungGen: 137180K->61266K(175104K)] 419091K->343265K(699392K), 0.0134583 secs] [Times: user=0.14 sys=0.01, real=0.01 secs] 
2016-09-24T00:41:14.150-0400: 245.216: [GC (GCLocker Initiated GC) [PSYoungGen: 143887K->55287K(175104K)] 431961K->367944K(699392K), 0.0127105 secs] [Times: user=0.13 sys=0.00, real=0.02 secs] 
2016-09-24T00:41:14.278-0400: 245.344: [GC (GCLocker Initiated GC) [PSYoungGen: 143351K->61430K(175104K)] 456240K->392639K(699392K), 0.0446522 secs] [Times: user=0.45 sys=0.00, real=0.05 secs] 
2016-09-24T00:41:14.439-0400: 245.505: [GC (GCLocker Initiated GC) [PSYoungGen: 149494K->49376K(175104K)] 486938K->447838K(699392K), 0.0478667 secs] [Times: user=0.54 sys=0.00, real=0.05 secs] 
2016-09-24T00:41:14.594-0400: 245.660: [GC (GCLocker Initiated GC) [PSYoungGen: 137440K->85990K(175104K)] 536274K->491191K(699392K), 0.0225917 secs] [Times: user=0.25 sys=0.00, real=0.02 secs] 
2016-09-24T00:41:14.709-0400: 245.775: [GC (GCLocker Initiated GC) [PSYoungGen: 174054K->36834K(175104K)] 585539K->503574K(699392K), 0.0141080 secs] [Times: user=0.11 sys=0.00, real=0.02 secs] 
2016-09-24T00:41:14.723-0400: 245.789: [Full GC (Ergonomics) [PSYoungGen: 36834K->0K(175104K)] [ParOldGen: 466740K->60042K(524288K)] 503574K->60042K(699392K), [Metaspace: 44568K->44568K(1087488K)], 0.0567732 secs] [Times: user=0.43 sys=0.02, real=0.05 secs] 
2016-09-24T00:41:14.888-0400: 245.954: [GC (Allocation Failure) [PSYoungGen: 88064K->74092K(175104K)] 154531K->140559K(699392K), 0.0094866 secs] [Times: user=0.08 sys=0.00, real=0.01 secs] 
2016-09-24T00:41:15.009-0400: 246.075: [GC (GCLocker Initiated GC) [PSYoungGen: 162156K->74196K(175104K)] 228630K->159878K(699392K), 0.0106341 secs] [Times: user=0.14 sys=0.01, real=0.01 secs] 
2016-09-24T00:41:15.129-0400: 246.195: [GC (GCLocker Initiated GC) [PSYoungGen: 162260K->55743K(175104K)] 260195K->172218K(699392K), 0.0094314 secs] [Times: user=0.12 sys=0.01, real=0.01 secs] 
2016-09-24T00:41:15.248-0400: 246.314: [GC (GCLocker Initiated GC) [PSYoungGen: 143807K->85986K(175104K)] 260441K->227056K(699392K), 0.0108968 secs] [Times: user=0.14 sys=0.00, real=0.01 secs] 
2016-09-24T00:41:15.383-0400: 246.449: [GC (Allocation Failure) [PSYoungGen: 174050K->67337K(175104K)] 315240K->227036K(699392K), 0.0270737 secs] [Times: user=0.31 sys=0.00, real=0.02 secs] 
2016-09-24T00:41:15.521-0400: 246.587: [GC (GCLocker Initiated GC) [PSYoungGen: 151183K->55547K(175104K)] 316957K->270064K(699392K), 0.0098043 secs] [Times: user=0.12 sys=0.00, real=0.01 secs] 
2016-09-24T00:41:15.650-0400: 246.716: [GC (GCLocker Initiated GC) [PSYoungGen: 143611K->85854K(175104K)] 358304K->337477K(699392K), 0.0117301 secs] [Times: user=0.17 sys=0.00, real=0.01 secs] 
2016-09-24T00:41:15.784-0400: 246.850: [GC (GCLocker Initiated GC) [PSYoungGen: 173918K->79715K(175104K)] 425610K->380151K(699392K), 0.0110563 secs] [Times: user=0.13 sys=0.01, real=0.01 secs] 
2016-09-24T00:41:15.905-0400: 246.971: [GC (Allocation Failure) [PSYoungGen: 167779K->43397K(175104K)] 480524K->429366K(699392K), 0.0094399 secs] [Times: user=0.12 sys=0.00, real=0.01 secs] 
2016-09-24T00:41:16.040-0400: 247.106: [GC (GCLocker Initiated GC) [PSYoungGen: 131461K->85890K(175104K)] 517435K->478379K(699392K), 0.0147658 secs] [Times: user=0.12 sys=0.00, real=0.02 secs] 
2016-09-24T00:41:16.216-0400: 247.282: [GC (GCLocker Initiated GC) [PSYoungGen: 173954K->55415K(175104K)] 572879K->491105K(699392K), 0.0287674 secs] [Times: user=0.32 sys=0.00, real=0.03 secs] 
2016-09-24T00:41:16.355-0400: 247.421: [GC (GCLocker Initiated GC) [PSYoungGen: 143479K->55287K(175104K)] 579201K->509337K(699392K), 0.0096935 secs] [Times: user=0.09 sys=0.00, real=0.01 secs] 
2016-09-24T00:41:16.365-0400: 247.431: [Full GC (Ergonomics) [PSYoungGen: 55287K->0K(175104K)] [ParOldGen: 454050K->53945K(524288K)] 509337K->53945K(699392K), [Metaspace: 44568K->44568K(1087488K)], 0.0647011 secs] [Times: user=0.50 sys=0.02, real=0.06 secs] 
2016-09-24T00:41:16.552-0400: 247.618: [GC (GCLocker Initiated GC) [PSYoungGen: 88064K->86406K(175104K)] 154212K->158629K(699392K), 0.0079670 secs] [Times: user=0.09 sys=0.00, real=0.01 secs] 
2016-09-24T00:41:16.676-0400: 247.742: [GC (GCLocker Initiated GC) [PSYoungGen: 174470K->73836K(175104K)] 246958K->207998K(699392K), 0.0107468 secs] [Times: user=0.16 sys=0.00, real=0.01 secs] 
2016-09-24T00:41:16.797-0400: 247.863: [GC (GCLocker Initiated GC) [PSYoungGen: 161900K->85594K(175104K)] 296115K->250656K(699392K), 0.0149438 secs] [Times: user=0.21 sys=0.00, real=0.01 secs] 
2016-09-24T00:41:16.905-0400: 247.971: [GC (GCLocker Initiated GC) [PSYoungGen: 173658K->86050K(175104K)] 338919K->318295K(699392K), 0.0135206 secs] [Times: user=0.20 sys=0.00, real=0.01 secs] 
2016-09-24T00:41:17.040-0400: 248.106: [GC (GCLocker Initiated GC) [PSYoungGen: 174114K->55775K(175104K)] 412789K->349441K(699392K), 0.0140843 secs] [Times: user=0.17 sys=0.01, real=0.01 secs] 
2016-09-24T00:41:17.150-0400: 248.216: [GC (GCLocker Initiated GC) [PSYoungGen: 143839K->79391K(175104K)] 437598K->391806K(699392K), 0.0114003 secs] [Times: user=0.10 sys=0.00, real=0.01 secs] 
2016-09-24T00:41:17.253-0400: 248.319: [GC (GCLocker Initiated GC) [PSYoungGen: 167455K->86118K(175104K)] 479969K->471667K(699392K), 0.0124458 secs] [Times: user=0.17 sys=0.00, real=0.02 secs] 
2016-09-24T00:41:17.411-0400: 248.477: [GC (GCLocker Initiated GC) [PSYoungGen: 174182K->37485K(175104K)] 578065K->490612K(699392K), 0.0097044 secs] [Times: user=0.14 sys=0.00, real=0.01 secs] 
2016-09-24T00:41:17.421-0400: 248.487: [Full GC (Ergonomics) [PSYoungGen: 37485K->0K(175104K)] [ParOldGen: 453126K->53952K(524288K)] 490612K->53952K(699392K), [Metaspace: 44569K->44569K(1087488K)], 0.0703700 secs] [Times: user=0.66 sys=0.01, real=0.07 secs] 
2016-09-24T00:41:17.609-0400: 248.675: [GC (GCLocker Initiated GC) [PSYoungGen: 88064K->85790K(175104K)] 148212K->182388K(699392K), 0.0110913 secs] [Times: user=0.18 sys=0.00, real=0.01 secs] 
2016-09-24T00:41:17.710-0400: 248.776: [GC (GCLocker Initiated GC) [PSYoungGen: 173854K->55447K(175104K)] 276569K->249595K(699392K), 0.0135086 secs] [Times: user=0.19 sys=0.00, real=0.02 secs] 
2016-09-24T00:41:17.858-0400: 248.924: [GC (GCLocker Initiated GC) [PSYoungGen: 143511K->43528K(175104K)] 349979K->268537K(699392K), 0.0073043 secs] [Times: user=0.11 sys=0.00, real=0.01 secs] 
2016-09-24T00:41:17.987-0400: 249.053: [GC (Allocation Failure) [PSYoungGen: 131592K->73608K(175104K)] 356884K->323843K(699392K), 0.0162364 secs] [Times: user=0.22 sys=0.00, real=0.02 secs] 
2016-09-24T00:41:18.099-0400: 249.165: [GC (GCLocker Initiated GC) [PSYoungGen: 161672K->73576K(175104K)] 411912K->360582K(699392K), 0.0168464 secs] [Times: user=0.20 sys=0.00, real=0.02 secs] 
2016-09-24T00:41:18.241-0400: 249.307: [GC (Allocation Failure) [PSYoungGen: 161640K->85854K(175104K)] 448967K->379352K(699392K), 0.0226339 secs] [Times: user=0.21 sys=0.01, real=0.03 secs] 
2016-09-24T00:41:18.387-0400: 249.453: [GC (GCLocker Initiated GC) [PSYoungGen: 171379K->55255K(175104K)] 470952K->391561K(699392K), 0.0120280 secs] [Times: user=0.10 sys=0.00, real=0.01 secs] 
2016-09-24T00:41:18.501-0400: 249.567: [GC (GCLocker Initiated GC) [PSYoungGen: 143319K->49116K(175104K)] 485798K->409923K(699392K), 0.0199286 secs] [Times: user=0.17 sys=0.00, real=0.02 secs] 
2016-09-24T00:41:18.651-0400: 249.717: [GC (GCLocker Initiated GC) [PSYoungGen: 137180K->55191K(175104K)] 510425K->471213K(699392K), 0.0191755 secs] [Times: user=0.16 sys=0.00, real=0.02 secs] 
2016-09-24T00:41:18.819-0400: 249.885: [GC (Allocation Failure) [PSYoungGen: 143255K->37030K(175104K)] 571586K->483869K(699392K), 0.0204062 secs] [Times: user=0.22 sys=0.00, real=0.02 secs] 
2016-09-24T00:41:18.839-0400: 249.905: [Full GC (Ergonomics) [PSYoungGen: 37030K->0K(175104K)] [ParOldGen: 446839K->53826K(524288K)] 483869K->53826K(699392K), [Metaspace: 44569K->44569K(1087488K)], 0.0446339 secs] [Times: user=0.26 sys=0.00, real=0.05 secs] 
2016-09-24T00:41:18.965-0400: 250.031: [GC (GCLocker Initiated GC) [PSYoungGen: 88064K->86530K(175104K)] 141896K->182887K(699392K), 0.0112072 secs] [Times: user=0.16 sys=0.00, real=0.01 secs] 
2016-09-24T00:41:19.073-0400: 250.139: [GC (GCLocker Initiated GC) [PSYoungGen: 174594K->85822K(175104K)] 271077K->256353K(699392K), 0.0115593 secs] [Times: user=0.17 sys=0.00, real=0.02 secs] 
2016-09-24T00:41:19.225-0400: 250.291: [GC (GCLocker Initiated GC) [PSYoungGen: 173886K->37517K(175104K)] 362914K->281348K(699392K), 0.0075081 secs] [Times: user=0.11 sys=0.00, real=0.00 secs] 
2016-09-24T00:41:19.357-0400: 250.423: [GC (Allocation Failure) [PSYoungGen: 125581K->55287K(175104K)] 369739K->299580K(699392K), 0.0098715 secs] [Times: user=0.13 sys=0.00, real=0.01 secs] 
2016-09-24T00:41:19.476-0400: 250.542: [GC (Allocation Failure) [PSYoungGen: 143351K->73872K(175104K)] 387644K->336469K(699392K), 0.0301135 secs] [Times: user=0.38 sys=0.00, real=0.03 secs] 
2016-09-24T00:41:19.607-0400: 250.673: [GC (GCLocker Initiated GC) [PSYoungGen: 161936K->73540K(175104K)] 424539K->372909K(699392K), 0.0083882 secs] [Times: user=0.11 sys=0.01, real=0.01 secs] 
2016-09-24T00:41:19.713-0400: 250.779: [GC (GCLocker Initiated GC) [PSYoungGen: 161604K->74032K(175104K)] 467252K->416297K(699392K), 0.0100011 secs] [Times: user=0.16 sys=0.00, real=0.02 secs] 
2016-09-24T00:41:19.841-0400: 250.907: [GC (GCLocker Initiated GC) [PSYoungGen: 162096K->85986K(175104K)] 504431K->459184K(699392K), 0.0099931 secs] [Times: user=0.14 sys=0.01, real=0.01 secs] 
2016-09-24T00:41:19.998-0400: 251.064: [GC (GCLocker Initiated GC) [PSYoungGen: 174050K->18901K(175104K)] 559416K->453323K(699392K), 0.0070596 secs] [Times: user=0.10 sys=0.00, real=0.01 secs] 
2016-09-24T00:41:20.114-0400: 251.180: [GC (Allocation Failure) [PSYoungGen: 106965K->49084K(175104K)] 547761K->489967K(699392K), 0.0111865 secs] [Times: user=0.06 sys=0.01, real=0.02 secs] 
2016-09-24T00:41:20.239-0400: 251.305: [GC (GCLocker Initiated GC) [PSYoungGen: 137148K->49344K(175104K)] 578037K->520695K(699392K), 0.0196589 secs] [Times: user=0.18 sys=0.00, real=0.02 secs] 
2016-09-24T00:41:20.259-0400: 251.325: [Full GC (Ergonomics) [PSYoungGen: 49344K->0K(175104K)] [ParOldGen: 471351K->54523K(524288K)] 520695K->54523K(699392K), [Metaspace: 44569K->44569K(1087488K)], 0.0582940 secs] [Times: user=0.31 sys=0.01, real=0.06 secs] 
2016-09-24T00:41:20.427-0400: 251.493: [GC (GCLocker Initiated GC) [PSYoungGen: 88064K->86078K(175104K)] 142690K->140704K(699392K), 0.0219054 secs] [Times: user=0.25 sys=0.00, real=0.02 secs] 
2016-09-24T00:41:20.552-0400: 251.618: [GC (GCLocker Initiated GC) [PSYoungGen: 174142K->43265K(175104K)] 235014K->195825K(699392K), 0.0173402 secs] [Times: user=0.20 sys=0.00, real=0.02 secs] 
2016-09-24T00:41:20.672-0400: 251.738: [GC (GCLocker Initiated GC) [PSYoungGen: 131329K->61266K(175104K)] 290191K->250763K(699392K), 0.0195329 secs] [Times: user=0.21 sys=0.00, real=0.02 secs] 
2016-09-24T00:41:20.811-0400: 251.877: [GC (GCLocker Initiated GC) [PSYoungGen: 149330K->49244K(175104K)] 344969K->245166K(699392K), 0.0220641 secs] [Times: user=0.25 sys=0.00, real=0.02 secs] 
2016-09-24T00:41:20.954-0400: 252.020: [GC (GCLocker Initiated GC) [PSYoungGen: 137308K->37258K(175104K)] 345691K->245752K(699392K), 0.0066807 secs] [Times: user=0.05 sys=0.01, real=0.01 secs] 
2016-09-24T00:41:21.087-0400: 252.153: [GC (GCLocker Initiated GC) [PSYoungGen: 125322K->73576K(175104K)] 334172K->319019K(699392K), 0.0116360 secs] [Times: user=0.13 sys=0.00, real=0.01 secs] 
2016-09-24T00:41:21.211-0400: 252.277: [GC (GCLocker Initiated GC) [PSYoungGen: 161640K->85822K(175104K)] 407294K->361970K(699392K), 0.0138839 secs] [Times: user=0.16 sys=0.00, real=0.02 secs] 
2016-09-24T00:41:21.346-0400: 252.412: [GC (GCLocker Initiated GC) [PSYoungGen: 173886K->73836K(175104K)] 450210K->417161K(699392K), 0.0130745 secs] [Times: user=0.19 sys=0.01, real=0.01 secs] 
2016-09-24T00:41:21.457-0400: 252.523: [GC (GCLocker Initiated GC) [PSYoungGen: 161900K->55515K(175104K)] 511453K->441810K(699392K), 0.0108597 secs] [Times: user=0.11 sys=0.00, real=0.01 secs] 
2016-09-24T00:41:21.593-0400: 252.659: [GC (GCLocker Initiated GC) [PSYoungGen: 143579K->37649K(175104K)] 542374K->454813K(699392K), 0.0148825 secs] [Times: user=0.16 sys=0.01, real=0.02 secs] 
2016-09-24T00:41:21.720-0400: 252.786: [GC (GCLocker Initiated GC) [PSYoungGen: 125713K->55415K(175104K)] 555310K->485483K(699392K), 0.0091305 secs] [Times: user=0.12 sys=0.00, real=0.01 secs] 
2016-09-24T00:41:21.848-0400: 252.914: [GC (GCLocker Initiated GC) [PSYoungGen: 143479K->67341K(175104K)] 573823K->516014K(699392K), 0.0157677 secs] [Times: user=0.19 sys=0.00, real=0.02 secs] 
2016-09-24T00:41:21.864-0400: 252.930: [Full GC (Ergonomics) [PSYoungGen: 67341K->0K(175104K)] [ParOldGen: 448673K->54393K(524288K)] 516014K->54393K(699392K), [Metaspace: 44569K->44569K(1087488K)], 0.0590847 secs] [Times: user=0.48 sys=0.02, real=0.06 secs] 
2016-09-24T00:41:22.040-0400: 253.106: [GC (Allocation Failure) [PSYoungGen: 88064K->67889K(175104K)] 154923K->134748K(699392K), 0.0356947 secs] [Times: user=0.32 sys=0.01, real=0.04 secs] 
2016-09-24T00:41:22.194-0400: 253.260: [GC (GCLocker Initiated GC) [PSYoungGen: 155953K->49276K(175104K)] 222818K->153310K(699392K), 0.0116142 secs] [Times: user=0.10 sys=0.00, real=0.02 secs] 
2016-09-24T00:41:22.336-0400: 253.402: [GC (GCLocker Initiated GC) [PSYoungGen: 137340K->54995K(175104K)] 241573K->171458K(699392K), 0.0142955 secs] [Times: user=0.11 sys=0.00, real=0.01 secs] 
2016-09-24T00:41:22.463-0400: 253.529: [GC (GCLocker Initiated GC) [PSYoungGen: 143059K->49180K(175104K)] 259541K->183990K(699392K), 0.0097086 secs] [Times: user=0.06 sys=0.00, real=0.00 secs] 
2016-09-24T00:41:22.555-0400: 253.621: [GC (GCLocker Initiated GC) [PSYoungGen: 137244K->85822K(175104K)] 272225K->245411K(699392K), 0.0204442 secs] [Times: user=0.25 sys=0.00, real=0.02 secs] 
2016-09-24T00:41:22.698-0400: 253.764: [GC (GCLocker Initiated GC) [PSYoungGen: 173886K->73640K(175104K)] 339821K->276333K(699392K), 0.0103988 secs] [Times: user=0.13 sys=0.00, real=0.01 secs] 
2016-09-24T00:41:22.822-0400: 253.888: [GC (GCLocker Initiated GC) [PSYoungGen: 161704K->67533K(175104K)] 364506K->288851K(699392K), 0.0136837 secs] [Times: user=0.14 sys=0.00, real=0.01 secs] 
2016-09-24T00:41:22.967-0400: 254.033: [GC (GCLocker Initiated GC) [PSYoungGen: 155597K->37813K(175104K)] 383083K->283652K(699392K), 0.0093735 secs] [Times: user=0.10 sys=0.00, real=0.01 secs] 
2016-09-24T00:41:23.102-0400: 254.168: [GC (GCLocker Initiated GC) [PSYoungGen: 125877K->37030K(175104K)] 384217K->295816K(699392K), 0.0414914 secs] [Times: user=0.44 sys=0.00, real=0.05 secs] 
2016-09-24T00:41:23.268-0400: 254.334: [GC (GCLocker Initiated GC) [PSYoungGen: 125094K->55323K(175104K)] 389962K->320443K(699392K), 0.0332173 secs] [Times: user=0.32 sys=0.00, real=0.03 secs] 
2016-09-24T00:41:23.420-0400: 254.486: [GC (GCLocker Initiated GC) [PSYoungGen: 143387K->73476K(175104K)] 414625K->363247K(699392K), 0.0083169 secs] [Times: user=0.11 sys=0.00, real=0.01 secs] 
2016-09-24T00:41:23.515-0400: 254.581: [GC (GCLocker Initiated GC) [PSYoungGen: 161540K->79455K(175104K)] 457730K->412223K(699392K), 0.0106841 secs] [Times: user=0.13 sys=0.01, real=0.01 secs] 
2016-09-24T00:41:23.641-0400: 254.707: [GC (GCLocker Initiated GC) [PSYoungGen: 167519K->80011K(175104K)] 500547K->449633K(699392K), 0.0194452 secs] [Times: user=0.21 sys=0.00, real=0.02 secs] 
2016-09-24T00:41:23.764-0400: 254.830: [GC (GCLocker Initiated GC) [PSYoungGen: 168075K->73480K(175104K)] 544138K->456206K(699392K), 0.0296475 secs] [Times: user=0.32 sys=0.00, real=0.02 secs] 
2016-09-24T00:41:23.914-0400: 254.980: [GC (GCLocker Initiated GC) [PSYoungGen: 161544K->37258K(175104K)] 556725K->450783K(699392K), 0.0084035 secs] [Times: user=0.08 sys=0.00, real=0.01 secs] 
2016-09-24T00:41:24.029-0400: 255.095: [GC (GCLocker Initiated GC) [PSYoungGen: 125322K->85854K(175104K)] 539085K->518314K(699392K), 0.0098021 secs] [Times: user=0.10 sys=0.00, real=0.01 secs] 
2016-09-24T00:41:24.143-0400: 255.209: [GC (GCLocker Initiated GC) [PSYoungGen: 173918K->55419K(175104K)] 606660K->512737K(699392K), 0.0201095 secs] [Times: user=0.20 sys=0.00, real=0.02 secs] 
2016-09-24T00:41:24.299-0400: 255.365: [GC (GCLocker Initiated GC) [PSYoungGen: 143483K->49148K(175104K)] 606923K->543386K(699392K), 0.0203373 secs] [Times: user=0.20 sys=0.00, real=0.02 secs] 
2016-09-24T00:41:24.320-0400: 255.386: [Full GC (Ergonomics) [PSYoungGen: 49148K->0K(175104K)] [ParOldGen: 494238K->48258K(524288K)] 543386K->48258K(699392K), [Metaspace: 44569K->44569K(1087488K)], 0.0571101 secs] [Times: user=0.28 sys=0.02, real=0.06 secs] 
2016-09-24T00:41:24.481-0400: 255.547: [GC (GCLocker Initiated GC) [PSYoungGen: 88064K->85950K(175104K)] 136375K->140336K(699392K), 0.0166106 secs] [Times: user=0.16 sys=0.00, real=0.02 secs] 
2016-09-24T00:41:24.594-0400: 255.660: [GC (GCLocker Initiated GC) [PSYoungGen: 174014K->61458K(175104K)] 234551K->237992K(699392K), 0.0155497 secs] [Times: user=0.18 sys=0.00, real=0.02 secs] 
2016-09-24T00:41:24.724-0400: 255.790: [GC (GCLocker Initiated GC) [PSYoungGen: 149522K->61622K(175104K)] 332386K->263010K(699392K), 0.0113949 secs] [Times: user=0.11 sys=0.00, real=0.01 secs] 
2016-09-24T00:41:24.862-0400: 255.928: [GC (GCLocker Initiated GC) [PSYoungGen: 149686K->67533K(175104K)] 351378K->293777K(699392K), 0.0236186 secs] [Times: user=0.25 sys=0.01, real=0.02 secs] 
2016-09-24T00:41:25.004-0400: 256.070: [GC (GCLocker Initiated GC) [PSYoungGen: 155597K->61818K(175104K)] 382208K->300706K(699392K), 0.0201878 secs] [Times: user=0.23 sys=0.00, real=0.02 secs] 
2016-09-24T00:41:25.126-0400: 256.192: [GC (GCLocker Initiated GC) [PSYoungGen: 149882K->61490K(175104K)] 388924K->343357K(699392K), 0.0095881 secs] [Times: user=0.11 sys=0.01, real=0.01 secs] 
2016-09-24T00:41:25.263-0400: 256.329: [GC (GCLocker Initiated GC) [PSYoungGen: 149554K->73772K(175104K)] 431614K->392418K(699392K), 0.0332163 secs] [Times: user=0.46 sys=0.00, real=0.03 secs] 
2016-09-24T00:41:25.386-0400: 256.452: [GC (GCLocker Initiated GC) [PSYoungGen: 161836K->67369K(175104K)] 480653K->435070K(699392K), 0.0132905 secs] [Times: user=0.15 sys=0.00, real=0.01 secs] 
2016-09-24T00:41:25.523-0400: 256.589: [GC (GCLocker Initiated GC) [PSYoungGen: 155433K->55938K(175104K)] 535471K->454361K(699392K), 0.0082028 secs] [Times: user=0.10 sys=0.00, real=0.00 secs] 
2016-09-24T00:41:25.645-0400: 256.711: [GC (GCLocker Initiated GC) [PSYoungGen: 144002K->61462K(175104K)] 548828K->466858K(699392K), 0.0135162 secs] [Times: user=0.12 sys=0.01, real=0.01 secs] 
2016-09-24T00:41:25.757-0400: 256.823: [GC (GCLocker Initiated GC) [PSYoungGen: 149526K->67305K(175104K)] 555109K->503375K(699392K), 0.0131683 secs] [Times: user=0.13 sys=0.00, real=0.01 secs] 
2016-09-24T00:41:25.880-0400: 256.946: [GC (GCLocker Initiated GC) [PSYoungGen: 155369K->55874K(174080K)] 603777K->522635K(698368K), 0.0130343 secs] [Times: user=0.14 sys=0.00, real=0.01 secs] 
2016-09-24T00:41:25.893-0400: 256.959: [Full GC (Ergonomics) [PSYoungGen: 55874K->0K(174080K)] [ParOldGen: 466760K->54475K(524288K)] 522635K->54475K(698368K), [Metaspace: 44570K->44570K(1087488K)], 0.0577433 secs] [Times: user=0.30 sys=0.02, real=0.06 secs] 
2016-09-24T00:41:26.075-0400: 257.141: [GC (GCLocker Initiated GC) [PSYoungGen: 88064K->79815K(174592K)] 154938K->146689K(698880K), 0.0082470 secs] [Times: user=0.09 sys=0.00, real=0.01 secs] 
2016-09-24T00:41:26.195-0400: 257.261: [GC (GCLocker Initiated GC) [PSYoungGen: 167879K->55611K(175104K)] 240870K->189832K(699392K), 0.0114682 secs] [Times: user=0.14 sys=0.00, real=0.01 secs] 
2016-09-24T00:41:26.311-0400: 257.377: [GC (GCLocker Initiated GC) [PSYoungGen: 143675K->55251K(175104K)] 284165K->238565K(699392K), 0.0117055 secs] [Times: user=0.13 sys=0.00, real=0.02 secs] 
2016-09-24T00:41:26.444-0400: 257.510: [GC (GCLocker Initiated GC) [PSYoungGen: 143315K->85954K(175104K)] 326895K->275729K(699392K), 0.0094157 secs] [Times: user=0.10 sys=0.00, real=0.00 secs] 
2016-09-24T00:41:26.580-0400: 257.646: [GC (GCLocker Initiated GC) [PSYoungGen: 174018K->79551K(175104K)] 363846K->306292K(699392K), 0.0152752 secs] [Times: user=0.22 sys=0.01, real=0.02 secs] 
2016-09-24T00:41:26.709-0400: 257.775: [GC (GCLocker Initiated GC) [PSYoungGen: 167615K->55479K(175104K)] 406677K->349344K(699392K), 0.0147985 secs] [Times: user=0.20 sys=0.01, real=0.02 secs] 
2016-09-24T00:41:26.851-0400: 257.917: [GC (GCLocker Initiated GC) [PSYoungGen: 143543K->85822K(175104K)] 449662K->416557K(699392K), 0.0095620 secs] [Times: user=0.13 sys=0.00, real=0.01 secs] 
2016-09-24T00:41:27.000-0400: 258.066: [GC (GCLocker Initiated GC) [PSYoungGen: 173886K->37322K(175104K)] 510765K->416870K(699392K), 0.0118641 secs] [Times: user=0.12 sys=0.00, real=0.01 secs] 
2016-09-24T00:41:27.132-0400: 258.198: [GC (GCLocker Initiated GC) [PSYoungGen: 125386K->61490K(175104K)] 517394K->478066K(699392K), 0.0192806 secs] [Times: user=0.20 sys=0.00, real=0.02 secs] 
2016-09-24T00:41:27.299-0400: 258.365: [GC (GCLocker Initiated GC) [PSYoungGen: 149554K->37162K(175104K)] 578641K->496695K(699392K), 0.0208818 secs] [Times: user=0.20 sys=0.01, real=0.02 secs] 
2016-09-24T00:41:27.320-0400: 258.386: [Full GC (Ergonomics) [PSYoungGen: 37162K->0K(175104K)] [ParOldGen: 459533K->54643K(524288K)] 496695K->54643K(699392K), [Metaspace: 44571K->44571K(1087488K)], 0.0672368 secs] [Times: user=0.37 sys=0.01, real=0.07 secs] 
2016-09-24T00:41:27.504-0400: 258.571: [GC (GCLocker Initiated GC) [PSYoungGen: 88064K->85658K(175104K)] 148919K->152589K(699392K), 0.0125683 secs] [Times: user=0.12 sys=0.01, real=0.01 secs] 
2016-09-24T00:41:27.610-0400: 258.676: [GC (GCLocker Initiated GC) [PSYoungGen: 173722K->55515K(175104K)] 240778K->165224K(699392K), 0.0167180 secs] [Times: user=0.14 sys=0.01, real=0.02 secs] 
2016-09-24T00:41:27.720-0400: 258.787: [GC (GCLocker Initiated GC) [PSYoungGen: 143579K->85794K(175104K)] 253509K->220456K(699392K), 0.0197516 secs] [Times: user=0.21 sys=0.00, real=0.02 secs] 
2016-09-24T00:41:27.872-0400: 258.938: [GC (Allocation Failure) [PSYoungGen: 173858K->61134K(175104K)] 314642K->281176K(699392K), 0.0371006 secs] [Times: user=0.41 sys=0.00, real=0.04 secs] 
2016-09-24T00:41:28.024-0400: 259.090: [GC (GCLocker Initiated GC) [PSYoungGen: 149198K->85790K(175104K)] 369246K->348499K(699392K), 0.0145224 secs] [Times: user=0.15 sys=0.02, real=0.01 secs] 
2016-09-24T00:41:28.149-0400: 259.215: [GC (GCLocker Initiated GC) [PSYoungGen: 173851K->55515K(175104K)] 442996K->343200K(699392K), 0.0149043 secs] [Times: user=0.17 sys=0.00, real=0.02 secs] 
2016-09-24T00:41:28.277-0400: 259.343: [GC (GCLocker Initiated GC) [PSYoungGen: 143579K->85922K(175104K)] 431339K->410424K(699392K), 0.0195114 secs] [Times: user=0.23 sys=0.00, real=0.02 secs] 
2016-09-24T00:41:28.406-0400: 259.472: [GC (Allocation Failure) [PSYoungGen: 173986K->85790K(175104K)] 504689K->477574K(699392K), 0.0139009 secs] [Times: user=0.19 sys=0.00, real=0.01 secs] 
2016-09-24T00:41:28.533-0400: 259.599: [GC (GCLocker Initiated GC) [PSYoungGen: 169021K->43269K(175104K)] 566881K->483929K(699392K), 0.0118373 secs] [Times: user=0.13 sys=0.00, real=0.02 secs] 
2016-09-24T00:41:28.665-0400: 259.731: [GC (GCLocker Initiated GC) [PSYoungGen: 131333K->55383K(175104K)] 571995K->532966K(699392K), 0.0094000 secs] [Times: user=0.10 sys=0.01, real=0.01 secs] 
2016-09-24T00:41:28.675-0400: 259.741: [Full GC (Ergonomics) [PSYoungGen: 55383K->0K(175104K)] [ParOldGen: 477583K->48774K(524288K)] 532966K->48774K(699392K), [Metaspace: 44574K->44574K(1087488K)], 0.0541070 secs] [Times: user=0.41 sys=0.01, real=0.05 secs] 
2016-09-24T00:41:28.836-0400: 259.902: [GC (GCLocker Initiated GC) [PSYoungGen: 88064K->86110K(175104K)] 143269K->165615K(699392K), 0.0087254 secs] [Times: user=0.11 sys=0.00, real=0.01 secs] 
2016-09-24T00:41:28.959-0400: 260.025: [GC (GCLocker Initiated GC) [PSYoungGen: 174174K->55351K(175104K)] 253765K->153870K(699392K), 0.0079099 secs] [Times: user=0.07 sys=0.00, real=0.01 secs] 
2016-09-24T00:41:29.090-0400: 260.156: [GC (GCLocker Initiated GC) [PSYoungGen: 143415K->73608K(175104K)] 242205K->190931K(699392K), 0.0097632 secs] [Times: user=0.12 sys=0.00, real=0.01 secs] 
2016-09-24T00:41:29.230-0400: 260.296: [GC (GCLocker Initiated GC) [PSYoungGen: 161671K->73480K(175104K)] 279372K->215584K(699392K), 0.0267790 secs] [Times: user=0.34 sys=0.00, real=0.03 secs] 
2016-09-24T00:41:29.363-0400: 260.429: [GC (GCLocker Initiated GC) [PSYoungGen: 161544K->86314K(175104K)] 303807K->253044K(699392K), 0.0094336 secs] [Times: user=0.13 sys=0.00, real=0.00 secs] 
2016-09-24T00:41:29.485-0400: 260.551: [GC (Allocation Failure) [PSYoungGen: 174378K->67597K(175104K)] 347231K->301524K(699392K), 0.0135026 secs] [Times: user=0.13 sys=0.01, real=0.01 secs] 
2016-09-24T00:41:29.590-0400: 260.656: [GC (GCLocker Initiated GC) [PSYoungGen: 155661K->86182K(175104K)] 389593K->356748K(699392K), 0.0083386 secs] [Times: user=0.12 sys=0.00, real=0.01 secs] 
2016-09-24T00:41:29.704-0400: 260.770: [GC (Allocation Failure) [PSYoungGen: 174246K->55515K(175104K)] 445071K->363262K(699392K), 0.0122230 secs] [Times: user=0.18 sys=0.00, real=0.01 secs] 
2016-09-24T00:41:29.822-0400: 260.889: [GC (GCLocker Initiated GC) [PSYoungGen: 143579K->85758K(175104K)] 451332K->399706K(699392K), 0.0138524 secs] [Times: user=0.14 sys=0.00, real=0.01 secs] 
2016-09-24T00:41:29.961-0400: 261.027: [GC (GCLocker Initiated GC) [PSYoungGen: 173822K->55515K(175104K)] 487838K->406124K(699392K), 0.0187046 secs] [Times: user=0.21 sys=0.00, real=0.02 secs] 
2016-09-24T00:41:30.087-0400: 261.153: [GC (GCLocker Initiated GC) [PSYoungGen: 143579K->55483K(175104K)] 506538K->418701K(699392K), 0.0161197 secs] [Times: user=0.17 sys=0.00, real=0.02 secs] 
2016-09-24T00:41:30.226-0400: 261.292: [GC (GCLocker Initiated GC) [PSYoungGen: 143547K->55319K(175104K)] 519093K->449177K(699392K), 0.0224348 secs] [Times: user=0.23 sys=0.00, real=0.02 secs] 
2016-09-24T00:41:30.379-0400: 261.445: [GC (GCLocker Initiated GC) [PSYoungGen: 143380K->18936K(175104K)] 555808K->462006K(699392K), 0.0142418 secs] [Times: user=0.14 sys=0.01, real=0.01 secs] 
2016-09-24T00:41:30.505-0400: 261.571: [GC (GCLocker Initiated GC) [PSYoungGen: 107000K->37130K(175104K)] 562486K->492851K(699392K), 0.0308926 secs] [Times: user=0.33 sys=0.00, real=0.03 secs] 
2016-09-24T00:41:30.661-0400: 261.727: [Full GC (Ergonomics) [PSYoungGen: 125194K->0K(175104K)] [ParOldGen: 467918K->54915K(524288K)] 593112K->54915K(699392K), [Metaspace: 44581K->44581K(1087488K)], 0.0682101 secs] [Times: user=0.38 sys=0.03, real=0.07 secs] 
2016-09-24T00:41:30.822-0400: 261.888: [GC (GCLocker Initiated GC) [PSYoungGen: 88064K->86242K(175104K)] 143150K->159554K(699392K), 0.0173238 secs] [Times: user=0.19 sys=0.01, real=0.02 secs] 
2016-09-24T00:41:30.946-0400: 262.012: [GC (GCLocker Initiated GC) [PSYoungGen: 174306K->61398K(175104K)] 247816K->165978K(699392K), 0.0538487 secs] [Times: user=0.45 sys=0.00, real=0.05 secs] 
2016-09-24T00:41:31.114-0400: 262.180: [GC (GCLocker Initiated GC) [PSYoungGen: 149462K->67597K(175104K)] 260383K->215432K(699392K), 0.0115686 secs] [Times: user=0.12 sys=0.00, real=0.01 secs] 
2016-09-24T00:41:31.249-0400: 262.315: [GC (GCLocker Initiated GC) [PSYoungGen: 155661K->74032K(175104K)] 303705K->264760K(699392K), 0.0141770 secs] [Times: user=0.22 sys=0.01, real=0.02 secs] 
2016-09-24T00:41:31.370-0400: 262.436: [GC (Allocation Failure) [PSYoungGen: 162096K->55355K(175104K)] 359176K->252703K(699392K), 0.0086834 secs] [Times: user=0.07 sys=0.01, real=0.01 secs] 
2016-09-24T00:41:31.485-0400: 262.551: [GC (GCLocker Initiated GC) [PSYoungGen: 143419K->73608K(175104K)] 340772K->289486K(699392K), 0.0109255 secs] [Times: user=0.14 sys=0.00, real=0.01 secs] 
2016-09-24T00:41:31.628-0400: 262.694: [GC (GCLocker Initiated GC) [PSYoungGen: 161672K->85790K(175104K)] 377788K->302026K(699392K), 0.0096549 secs] [Times: user=0.13 sys=0.00, real=0.01 secs] 
2016-09-24T00:41:31.752-0400: 262.818: [GC (GCLocker Initiated GC) [PSYoungGen: 173854K->67369K(175104K)] 390126K->332564K(699392K), 0.0138000 secs] [Times: user=0.16 sys=0.00, real=0.02 secs] 
2016-09-24T00:41:31.870-0400: 262.936: [GC (Allocation Failure) [PSYoungGen: 155433K->55383K(175104K)] 420910K->369604K(699392K), 0.0210246 secs] [Times: user=0.25 sys=0.00, real=0.02 secs] 
2016-09-24T00:41:32.031-0400: 263.097: [GC (GCLocker Initiated GC) [PSYoungGen: 139917K->73412K(175104K)] 460213K->412240K(699392K), 0.0171282 secs] [Times: user=0.20 sys=0.00, real=0.02 secs] 
2016-09-24T00:41:32.146-0400: 263.212: [GC (GCLocker Initiated GC) [PSYoungGen: 161476K->85726K(175104K)] 501164K->449849K(699392K), 0.0153035 secs] [Times: user=0.17 sys=0.00, real=0.01 secs] 
2016-09-24T00:41:32.280-0400: 263.346: [GC (Allocation Failure) [PSYoungGen: 173790K->85986K(175104K)] 538016K->492825K(699392K), 0.0110299 secs] [Times: user=0.13 sys=0.00, real=0.01 secs] 
2016-09-24T00:41:32.379-0400: 263.445: [GC (GCLocker Initiated GC) [PSYoungGen: 174050K->73576K(175104K)] 580895K->517327K(699392K), 0.0293029 secs] [Times: user=0.32 sys=0.00, real=0.03 secs] 
2016-09-24T00:41:32.507-0400: 263.573: [GC (GCLocker Initiated GC) [PSYoungGen: 161640K->85986K(175104K)] 605432K->603002K(699392K), 0.0140552 secs] [Times: user=0.21 sys=0.01, real=0.01 secs] 
2016-09-24T00:41:32.521-0400: 263.587: [Full GC (Ergonomics) [PSYoungGen: 85986K->0K(175104K)] [ParOldGen: 517016K->55139K(524288K)] 603002K->55139K(699392K), [Metaspace: 44594K->44594K(1087488K)], 0.0574834 secs] [Times: user=0.41 sys=0.01, real=0.06 secs] 
2016-09-24T00:41:32.681-0400: 263.747: [GC (GCLocker Initiated GC) [PSYoungGen: 88064K->86046K(175104K)] 149404K->189911K(699392K), 0.0100790 secs] [Times: user=0.12 sys=0.00, real=0.01 secs] 
2016-09-24T00:41:32.800-0400: 263.866: [GC (GCLocker Initiated GC) [PSYoungGen: 174110K->43265K(175104K)] 278142K->227008K(699392K), 0.0099539 secs] [Times: user=0.12 sys=0.00, real=0.01 secs] 
2016-09-24T00:41:32.921-0400: 263.987: [GC (GCLocker Initiated GC) [PSYoungGen: 131329K->61490K(175104K)] 321246K->269751K(699392K), 0.0102764 secs] [Times: user=0.10 sys=0.00, real=0.01 secs] 
2016-09-24T00:41:33.048-0400: 264.114: [GC (Allocation Failure) [PSYoungGen: 149554K->55191K(175104K)] 357817K->281758K(699392K), 0.0346062 secs] [Times: user=0.40 sys=0.00, real=0.04 secs] 
2016-09-24T00:41:33.213-0400: 264.280: [GC (GCLocker Initiated GC) [PSYoungGen: 141848K->67373K(175104K)] 374491K->300127K(699392K), 0.0196333 secs] [Times: user=0.27 sys=0.01, real=0.02 secs] 
2016-09-24T00:41:33.334-0400: 264.401: [GC (GCLocker Initiated GC) [PSYoungGen: 155437K->85790K(175104K)] 388238K->379501K(699392K), 0.0114460 secs] [Times: user=0.15 sys=0.00, real=0.01 secs] 
2016-09-24T00:41:33.458-0400: 264.524: [GC (Allocation Failure) [PSYoungGen: 173854K->86018K(175104K)] 467820K->416709K(699392K), 0.0134289 secs] [Times: user=0.17 sys=0.00, real=0.01 secs] 
2016-09-24T00:41:33.608-0400: 264.674: [GC (GCLocker Initiated GC) [PSYoungGen: 173438K->43137K(175104K)] 510205K->416637K(699392K), 0.0235817 secs] [Times: user=0.24 sys=0.01, real=0.02 secs] 
2016-09-24T00:41:33.744-0400: 264.810: [GC (GCLocker Initiated GC) [PSYoungGen: 131201K->79719K(175104K)] 505056K->453662K(699392K), 0.0140290 secs] [Times: user=0.14 sys=0.01, real=0.01 secs] 
2016-09-24T00:41:33.887-0400: 264.953: [GC (GCLocker Initiated GC) [PSYoungGen: 167783K->55611K(175104K)] 553980K->496806K(699392K), 0.0105297 secs] [Times: user=0.12 sys=0.00, real=0.01 secs] 
2016-09-24T00:41:33.898-0400: 264.964: [Full GC (Ergonomics) [PSYoungGen: 55611K->0K(175104K)] [ParOldGen: 441195K->54950K(524288K)] 496806K->54950K(699392K), [Metaspace: 44594K->44594K(1087488K)], 0.0590465 secs] [Times: user=0.47 sys=0.02, real=0.06 secs] 
2016-09-24T00:41:34.079-0400: 265.145: [GC (GCLocker Initiated GC) [PSYoungGen: 88064K->86210K(175104K)] 149142K->159439K(699392K), 0.0095368 secs] [Times: user=0.13 sys=0.00, real=0.01 secs] 
2016-09-24T00:41:34.205-0400: 265.271: [GC (GCLocker Initiated GC) [PSYoungGen: 174274K->43333K(175104K)] 259986K->196441K(699392K), 0.0210274 secs] [Times: user=0.19 sys=0.00, real=0.02 secs] 
2016-09-24T00:41:34.339-0400: 265.405: [GC (GCLocker Initiated GC) [PSYoungGen: 131397K->55387K(175104K)] 290840K->239577K(699392K), 0.0164027 secs] [Times: user=0.16 sys=0.00, real=0.02 secs] 
2016-09-24T00:41:34.479-0400: 265.545: [GC (GCLocker Initiated GC) [PSYoungGen: 143451K->55451K(175104K)] 339939K->282533K(699392K), 0.0363502 secs] [Times: user=0.29 sys=0.01, real=0.04 secs] 
2016-09-24T00:41:34.636-0400: 265.702: [GC (GCLocker Initiated GC) [PSYoungGen: 143515K->73544K(175104K)] 376714K->306863K(699392K), 0.0224568 secs] [Times: user=0.18 sys=0.01, real=0.02 secs] 
2016-09-24T00:41:34.751-0400: 265.817: [GC (GCLocker Initiated GC) [PSYoungGen: 161608K->85758K(175104K)] 395143K->337637K(699392K), 0.0221451 secs] [Times: user=0.23 sys=0.01, real=0.02 secs] 
2016-09-24T00:41:34.881-0400: 265.947: [GC (GCLocker Initiated GC) [PSYoungGen: 173822K->67861K(175104K)] 425776K->380873K(699392K), 0.0162746 secs] [Times: user=0.18 sys=0.00, real=0.02 secs] 
2016-09-24T00:41:35.024-0400: 266.090: [GC (GCLocker Initiated GC) [PSYoungGen: 155925K->73608K(175104K)] 475367K->411747K(699392K), 0.0116685 secs] [Times: user=0.14 sys=0.00, real=0.01 secs] 
2016-09-24T00:41:35.165-0400: 266.231: [GC (GCLocker Initiated GC) [PSYoungGen: 161672K->43009K(175104K)] 499835K->399657K(699392K), 0.0171353 secs] [Times: user=0.16 sys=0.00, real=0.01 secs] 
2016-09-24T00:41:35.295-0400: 266.361: [GC (GCLocker Initiated GC) [PSYoungGen: 131073K->67533K(175104K)] 500002K->473024K(699392K), 0.0106202 secs] [Times: user=0.14 sys=0.00, real=0.01 secs] 
2016-09-24T00:41:35.450-0400: 266.516: [GC (GCLocker Initiated GC) [PSYoungGen: 155597K->55319K(175104K)] 567205K->503652K(699392K), 0.0251383 secs] [Times: user=0.27 sys=0.01, real=0.03 secs] 
2016-09-24T00:41:35.476-0400: 266.542: [Full GC (Ergonomics) [PSYoungGen: 55319K->0K(175104K)] [ParOldGen: 448333K->43044K(524288K)] 503652K->43044K(699392K), [Metaspace: 44594K->44594K(1087488K)], 0.0598210 secs] [Times: user=0.36 sys=0.00, real=0.06 secs] 
2016-09-24T00:41:35.634-0400: 266.700: [GC (GCLocker Initiated GC) [PSYoungGen: 88064K->86078K(175104K)] 131167K->153481K(699392K), 0.0129933 secs] [Times: user=0.12 sys=0.01, real=0.01 secs] 
2016-09-24T00:41:35.757-0400: 266.823: [GC (GCLocker Initiated GC) [PSYoungGen: 174142K->61490K(175104K)] 241699K->190360K(699392K), 0.0205399 secs] [Times: user=0.26 sys=0.00, real=0.02 secs] 
2016-09-24T00:41:35.870-0400: 266.936: [GC (GCLocker Initiated GC) [PSYoungGen: 149554K->85690K(175104K)] 278506K->269617K(699392K), 0.0132648 secs] [Times: user=0.19 sys=0.00, real=0.02 secs] 
2016-09-24T00:41:35.996-0400: 267.062: [GC (GCLocker Initiated GC) [PSYoungGen: 173754K->67829K(175104K)] 357846K->294589K(699392K), 0.0094518 secs] [Times: user=0.11 sys=0.00, real=0.01 secs] 
2016-09-24T00:41:36.100-0400: 267.166: [GC (Allocation Failure) [PSYoungGen: 155893K->55447K(175104K)] 388888K->362010K(699392K), 0.0093502 secs] [Times: user=0.15 sys=0.00, real=0.01 secs] 
2016-09-24T00:41:36.110-0400: 267.176: [GC (GCLocker Initiated GC) [PSYoungGen: 55782K->160K(175104K)] 362345K->361924K(699392K), 0.0067346 secs] [Times: user=0.08 sys=0.01, real=0.01 secs] 
2016-09-24T00:41:36.241-0400: 267.307: [GC (GCLocker Initiated GC) [PSYoungGen: 88224K->86438K(175104K)] 449993K->472508K(699392K), 0.0088018 secs] [Times: user=0.13 sys=0.00, real=0.01 secs] 
2016-09-24T00:41:36.379-0400: 267.445: [GC (GCLocker Initiated GC) [PSYoungGen: 174502K->36998K(175104K)] 560833K->460466K(699392K), 0.0224238 secs] [Times: user=0.20 sys=0.00, real=0.02 secs] 
2016-09-24T00:41:36.509-0400: 267.575: [GC (GCLocker Initiated GC) [PSYoungGen: 125062K->49344K(175104K)] 554814K->509731K(699392K), 0.0189518 secs] [Times: user=0.16 sys=0.00, real=0.02 secs] 
2016-09-24T00:41:36.528-0400: 267.594: [Full GC (Ergonomics) [PSYoungGen: 49344K->0K(175104K)] [ParOldGen: 460387K->55398K(524288K)] 509731K->55398K(699392K), [Metaspace: 44594K->44594K(1087488K)], 0.0629730 secs] [Times: user=0.48 sys=0.02, real=0.06 secs] 
2016-09-24T00:41:36.719-0400: 267.785: [GC (GCLocker Initiated GC) [PSYoungGen: 88064K->55383K(175104K)] 149587K->116906K(699392K), 0.0061577 secs] [Times: user=0.07 sys=0.00, real=0.01 secs] 
2016-09-24T00:41:36.840-0400: 267.907: [GC (Allocation Failure) [PSYoungGen: 143447K->85790K(175104K)] 205892K->172999K(699392K), 0.0146939 secs] [Times: user=0.17 sys=0.02, real=0.02 secs] 
2016-09-24T00:41:36.971-0400: 268.037: [GC (GCLocker Initiated GC) [PSYoungGen: 173854K->73640K(175104K)] 261069K->197628K(699392K), 0.0130658 secs] [Times: user=0.17 sys=0.02, real=0.02 secs] 
2016-09-24T00:41:37.101-0400: 268.167: [GC (Allocation Failure) [PSYoungGen: 161704K->73608K(175104K)] 291937K->222202K(699392K), 0.0096388 secs] [Times: user=0.14 sys=0.00, real=0.01 secs] 
2016-09-24T00:41:37.246-0400: 268.312: [GC (GCLocker Initiated GC) [PSYoungGen: 158015K->55679K(175104K)] 312684K->210655K(699392K), 0.0138614 secs] [Times: user=0.18 sys=0.01, real=0.01 secs] 
2016-09-24T00:41:37.364-0400: 268.430: [GC (GCLocker Initiated GC) [PSYoungGen: 143743K->74000K(175104K)] 299086K->247884K(699392K), 0.0099885 secs] [Times: user=0.13 sys=0.00, real=0.00 secs] 
2016-09-24T00:41:37.504-0400: 268.570: [GC (Allocation Failure) [PSYoungGen: 162064K->43592K(175104K)] 348442K->260481K(699392K), 0.0102670 secs] [Times: user=0.10 sys=0.00, real=0.01 secs] 
2016-09-24T00:41:37.627-0400: 268.693: [GC (GCLocker Initiated GC) [PSYoungGen: 131656K->79715K(175104K)] 348551K->296916K(699392K), 0.0308006 secs] [Times: user=0.34 sys=0.00, real=0.03 secs] 
2016-09-24T00:41:37.777-0400: 268.843: [GC (GCLocker Initiated GC) [PSYoungGen: 167779K->55319K(175104K)] 391069K->297125K(699392K), 0.0136556 secs] [Times: user=0.16 sys=0.00, real=0.01 secs] 
2016-09-24T00:41:37.938-0400: 269.004: [GC (GCLocker Initiated GC) [PSYoungGen: 143383K->73412K(175104K)] 385393K->321781K(699392K), 0.0098174 secs] [Times: user=0.09 sys=0.00, real=0.01 secs] 
2016-09-24T00:41:38.106-0400: 269.172: [GC (GCLocker Initiated GC) [PSYoungGen: 161476K->36834K(175104K)] 422143K->334047K(699392K), 0.0166194 secs] [Times: user=0.20 sys=0.00, real=0.02 secs] 
2016-09-24T00:41:38.234-0400: 269.300: [GC (GCLocker Initiated GC) [PSYoungGen: 124898K->85858K(175104K)] 422180K->395426K(699392K), 0.0134422 secs] [Times: user=0.14 sys=0.00, real=0.02 secs] 
2016-09-24T00:41:38.336-0400: 269.402: [GC (GCLocker Initiated GC) [PSYoungGen: 173922K->79583K(175104K)] 483543K->450286K(699392K), 0.0143686 secs] [Times: user=0.18 sys=0.01, real=0.01 secs] 
2016-09-24T00:41:38.462-0400: 269.528: [GC (GCLocker Initiated GC) [PSYoungGen: 167647K->49735K(175104K)] 544758K->463392K(699392K), 0.0176840 secs] [Times: user=0.17 sys=0.01, real=0.02 secs] 
2016-09-24T00:41:38.576-0400: 269.642: [GC (GCLocker Initiated GC) [PSYoungGen: 137799K->73704K(175104K)] 551604K->506541K(699392K), 0.0102987 secs] [Times: user=0.14 sys=0.00, real=0.01 secs] 
2016-09-24T00:41:38.700-0400: 269.766: [GC (GCLocker Initiated GC) [PSYoungGen: 161768K->61590K(175104K)] 600850K->519017K(699392K), 0.0095292 secs] [Times: user=0.10 sys=0.00, real=0.01 secs] 
2016-09-24T00:41:38.710-0400: 269.776: [Full GC (Ergonomics) [PSYoungGen: 61590K->0K(175104K)] [ParOldGen: 457426K->55665K(524288K)] 519017K->55665K(699392K), [Metaspace: 44594K->44594K(1087488K)], 0.0571720 secs] [Times: user=0.41 sys=0.00, real=0.06 secs] 
2016-09-24T00:41:38.883-0400: 269.949: [GC (GCLocker Initiated GC) [PSYoungGen: 88064K->79651K(175104K)] 155954K->147541K(699392K), 0.0098782 secs] [Times: user=0.11 sys=0.00, real=0.00 secs] 
2016-09-24T00:41:39.007-0400: 270.073: [GC (GCLocker Initiated GC) [PSYoungGen: 167715K->68088K(175104K)] 247819K->197101K(699392K), 0.0171135 secs] [Times: user=0.17 sys=0.00, real=0.02 secs] 
2016-09-24T00:41:39.130-0400: 270.196: [GC (GCLocker Initiated GC) [PSYoungGen: 156152K->85562K(175104K)] 285268K->269652K(699392K), 0.0123296 secs] [Times: user=0.16 sys=0.01, real=0.02 secs] 
2016-09-24T00:41:39.249-0400: 270.315: [GC (GCLocker Initiated GC) [PSYoungGen: 173626K->85858K(175104K)] 357826K->312695K(699392K), 0.0213614 secs] [Times: user=0.26 sys=0.00, real=0.02 secs] 
2016-09-24T00:41:39.405-0400: 270.471: [GC (Allocation Failure) [PSYoungGen: 173922K->85726K(175104K)] 401025K->386200K(699392K), 0.0201241 secs] [Times: user=0.27 sys=0.00, real=0.02 secs] 
2016-09-24T00:41:39.534-0400: 270.600: [GC (GCLocker Initiated GC) [PSYoungGen: 172365K->73608K(175104K)] 478915K->410824K(699392K), 0.0155583 secs] [Times: user=0.18 sys=0.00, real=0.02 secs] 
2016-09-24T00:41:39.673-0400: 270.739: [GC (GCLocker Initiated GC) [PSYoungGen: 161672K->43137K(175104K)] 505189K->411197K(699392K), 0.0258006 secs] [Times: user=0.24 sys=0.01, real=0.03 secs] 
2016-09-24T00:41:39.834-0400: 270.900: [GC (GCLocker Initiated GC) [PSYoungGen: 131201K->73740K(175104K)] 505692K->448350K(699392K), 0.0296998 secs] [Times: user=0.35 sys=0.00, real=0.04 secs] 
2016-09-24T00:41:39.983-0400: 271.049: [GC (GCLocker Initiated GC) [PSYoungGen: 161804K->73448K(175104K)] 536483K->466784K(699392K), 0.0145263 secs] [Times: user=0.14 sys=0.00, real=0.01 secs] 
2016-09-24T00:41:40.096-0400: 271.162: [GC (GCLocker Initiated GC) [PSYoungGen: 161512K->61522K(175104K)] 554934K->515806K(699392K), 0.0118878 secs] [Times: user=0.10 sys=0.00, real=0.01 secs] 
2016-09-24T00:41:40.108-0400: 271.174: [Full GC (Ergonomics) [PSYoungGen: 61522K->0K(175104K)] [ParOldGen: 454284K->61190K(524288K)] 515806K->61190K(699392K), [Metaspace: 44594K->44594K(1087488K)], 0.0606436 secs] [Times: user=0.34 sys=0.01, real=0.06 secs] 
2016-09-24T00:41:40.284-0400: 271.350: [GC (GCLocker Initiated GC) [PSYoungGen: 88064K->86566K(175104K)] 155365K->172092K(699392K), 0.0315618 secs] [Times: user=0.35 sys=0.00, real=0.03 secs] 
2016-09-24T00:41:40.436-0400: 271.502: [GC (GCLocker Initiated GC) [PSYoungGen: 174630K->79551K(175104K)] 260182K->214703K(699392K), 0.0114303 secs] [Times: user=0.16 sys=0.00, real=0.01 secs] 
2016-09-24T00:41:40.603-0400: 271.669: [GC (GCLocker Initiated GC) [PSYoungGen: 167615K->37485K(175104K)] 321325K->239923K(699392K), 0.0181922 secs] [Times: user=0.20 sys=0.00, real=0.01 secs] 
2016-09-24T00:41:40.740-0400: 271.807: [GC (GCLocker Initiated GC) [PSYoungGen: 125549K->55711K(175104K)] 340487K->270955K(699392K), 0.0166742 secs] [Times: user=0.19 sys=0.01, real=0.02 secs] 
2016-09-24T00:41:40.896-0400: 271.962: [GC (GCLocker Initiated GC) [PSYoungGen: 143775K->1267K(175104K)] 377331K->253129K(699392K), 0.0097041 secs] [Times: user=0.07 sys=0.00, real=0.01 secs] 
2016-09-24T00:41:41.022-0400: 272.088: [GC (GCLocker Initiated GC) [PSYoungGen: 89331K->85594K(175104K)] 341493K->356639K(699392K), 0.0099313 secs] [Times: user=0.14 sys=0.01, real=0.01 secs] 
2016-09-24T00:41:41.126-0400: 272.192: [GC (GCLocker Initiated GC) [PSYoungGen: 173658K->67697K(175104K)] 445026K->412132K(699392K), 0.0200571 secs] [Times: user=0.25 sys=0.00, real=0.02 secs] 
2016-09-24T00:41:41.260-0400: 272.326: [GC (GCLocker Initiated GC) [PSYoungGen: 155761K->67601K(175104K)] 512365K->436950K(699392K), 0.0144490 secs] [Times: user=0.14 sys=0.01, real=0.02 secs] 
2016-09-24T00:41:41.392-0400: 272.458: [GC (GCLocker Initiated GC) [PSYoungGen: 155665K->61558K(175104K)] 525045K->479673K(699392K), 0.0228444 secs] [Times: user=0.25 sys=0.01, real=0.03 secs] 
2016-09-24T00:41:41.521-0400: 272.587: [GC (GCLocker Initiated GC) [PSYoungGen: 149622K->73576K(175104K)] 567953K->540775K(699392K), 0.0165488 secs] [Times: user=0.15 sys=0.01, real=0.02 secs] 
2016-09-24T00:41:41.538-0400: 272.604: [Full GC (Ergonomics) [PSYoungGen: 73576K->0K(175104K)] [ParOldGen: 467199K->55373K(524288K)] 540775K->55373K(699392K), [Metaspace: 44594K->44594K(1087488K)], 0.0648936 secs] [Times: user=0.39 sys=0.01, real=0.07 secs] 
2016-09-24T00:41:41.717-0400: 272.783: [GC (GCLocker Initiated GC) [PSYoungGen: 88064K->85954K(175104K)] 149734K->165849K(699392K), 0.0129599 secs] [Times: user=0.15 sys=0.00, real=0.01 secs] 
2016-09-24T00:41:41.827-0400: 272.893: [GC (GCLocker Initiated GC) [PSYoungGen: 174018K->49344K(175104K)] 254274K->172400K(699392K), 0.0226585 secs] [Times: user=0.18 sys=0.00, real=0.02 secs] 
2016-09-24T00:41:41.986-0400: 273.052: [GC (GCLocker Initiated GC) [PSYoungGen: 137408K->18936K(175104K)] 272617K->172770K(699392K), 0.0155550 secs] [Times: user=0.14 sys=0.01, real=0.01 secs] 
2016-09-24T00:41:42.109-0400: 273.175: [GC (GCLocker Initiated GC) [PSYoungGen: 107000K->79487K(175104K)] 261061K->233978K(699392K), 0.0105933 secs] [Times: user=0.11 sys=0.00, real=0.01 secs] 
2016-09-24T00:41:42.235-0400: 273.301: [GC (Allocation Failure) [PSYoungGen: 167551K->61526K(175104K)] 322297K->258900K(699392K), 0.0136216 secs] [Times: user=0.15 sys=0.00, real=0.01 secs] 
2016-09-24T00:41:42.340-0400: 273.406: [GC (GCLocker Initiated GC) [PSYoungGen: 149587K->79879K(175104K)] 346967K->277870K(699392K), 0.0079781 secs] [Times: user=0.09 sys=0.00, real=0.01 secs] 
2016-09-24T00:41:42.478-0400: 273.544: [GC (GCLocker Initiated GC) [PSYoungGen: 167943K->73608K(175104K)] 366184K->314658K(699392K), 0.0125380 secs] [Times: user=0.13 sys=0.00, real=0.01 secs] 
2016-09-24T00:41:42.603-0400: 273.669: [GC (GCLocker Initiated GC) [PSYoungGen: 161672K->67569K(175104K)] 402831K->327024K(699392K), 0.0102098 secs] [Times: user=0.08 sys=0.00, real=0.00 secs] 
2016-09-24T00:41:42.722-0400: 273.788: [GC (GCLocker Initiated GC) [PSYoungGen: 155633K->55415K(175104K)] 415142K->375989K(699392K), 0.0113098 secs] [Times: user=0.16 sys=0.00, real=0.01 secs] 
2016-09-24T00:41:42.854-0400: 273.920: [GC (GCLocker Initiated GC) [PSYoungGen: 143479K->73672K(175104K)] 470299K->437406K(699392K), 0.0142507 secs] [Times: user=0.18 sys=0.00, real=0.02 secs] 
2016-09-24T00:41:43.000-0400: 274.066: [GC (GCLocker Initiated GC) [PSYoungGen: 161736K->67537K(175104K)] 525506K->449808K(699392K), 0.0102171 secs] [Times: user=0.10 sys=0.00, real=0.01 secs] 
2016-09-24T00:41:43.104-0400: 274.170: [GC (Allocation Failure) [PSYoungGen: 155601K->49148K(175104K)] 537952K->480359K(699392K), 0.0107066 secs] [Times: user=0.07 sys=0.00, real=0.01 secs] 
2016-09-24T00:41:43.246-0400: 274.312: [GC (GCLocker Initiated GC) [PSYoungGen: 135183K->61458K(175104K)] 572469K->553702K(699392K), 0.0221351 secs] [Times: user=0.25 sys=0.00, real=0.02 secs] 
2016-09-24T00:41:43.269-0400: 274.335: [Full GC (Ergonomics) [PSYoungGen: 61458K->0K(175104K)] [ParOldGen: 492244K->55437K(524288K)] 553702K->55437K(699392K), [Metaspace: 44596K->44596K(1087488K)], 0.0545276 secs] [Times: user=0.26 sys=0.01, real=0.06 secs] 
2016-09-24T00:41:43.441-0400: 274.507: [GC (GCLocker Initiated GC) [PSYoungGen: 88064K->85986K(175104K)] 143694K->153767K(699392K), 0.0307767 secs] [Times: user=0.37 sys=0.00, real=0.03 secs] 
2016-09-24T00:41:43.599-0400: 274.665: [GC (GCLocker Initiated GC) [PSYoungGen: 174050K->43432K(175104K)] 248003K->172318K(699392K), 0.0392473 secs] [Times: user=0.44 sys=0.01, real=0.04 secs] 
2016-09-24T00:41:43.741-0400: 274.807: [GC (GCLocker Initiated GC) [PSYoungGen: 131496K->85854K(175104K)] 266594K->251650K(699392K), 0.0096001 secs] [Times: user=0.12 sys=0.00, real=0.01 secs] 
2016-09-24T00:41:43.863-0400: 274.929: [GC (GCLocker Initiated GC) [PSYoungGen: 173918K->43429K(175104K)] 339812K->276423K(699392K), 0.0155655 secs] [Times: user=0.17 sys=0.00, real=0.01 secs] 
2016-09-24T00:41:43.983-0400: 275.049: [GC (GCLocker Initiated GC) [PSYoungGen: 131493K->55187K(175104K)] 370828K->343422K(699392K), 0.0185471 secs] [Times: user=0.23 sys=0.00, real=0.01 secs] 
2016-09-24T00:41:44.122-0400: 275.188: [GC (GCLocker Initiated GC) [PSYoungGen: 143251K->73836K(175104K)] 431740K->380718K(699392K), 0.0088543 secs] [Times: user=0.09 sys=0.01, real=0.01 secs] 
2016-09-24T00:41:44.245-0400: 275.311: [GC (GCLocker Initiated GC) [PSYoungGen: 161900K->55251K(175104K)] 475139K->387359K(699392K), 0.0303073 secs] [Times: user=0.35 sys=0.00, real=0.03 secs] 
2016-09-24T00:41:44.389-0400: 275.455: [GC (GCLocker Initiated GC) [PSYoungGen: 143315K->73836K(175104K)] 481657K->430578K(699392K), 0.0114189 secs] [Times: user=0.19 sys=0.00, real=0.01 secs] 
2016-09-24T00:41:44.508-0400: 275.574: [GC (GCLocker Initiated GC) [PSYoungGen: 161900K->73672K(175104K)] 518885K->467595K(699392K), 0.0125929 secs] [Times: user=0.20 sys=0.00, real=0.01 secs] 
2016-09-24T00:41:44.637-0400: 275.703: [GC (GCLocker Initiated GC) [PSYoungGen: 161736K->85954K(175104K)] 555796K->504473K(699392K), 0.0118062 secs] [Times: user=0.14 sys=0.01, real=0.01 secs] 
2016-09-24T00:41:44.776-0400: 275.842: [GC (GCLocker Initiated GC) [PSYoungGen: 174018K->43493K(175104K)] 598748K->504941K(699392K), 0.0102355 secs] [Times: user=0.11 sys=0.00, real=0.01 secs] 
2016-09-24T00:41:44.787-0400: 275.853: [Full GC (Ergonomics) [PSYoungGen: 43493K->0K(175104K)] [ParOldGen: 461448K->53892K(524288K)] 504941K->53892K(699392K), [Metaspace: 44596K->44596K(1087488K)], 0.0668845 secs] [Times: user=0.44 sys=0.01, real=0.06 secs] 
2016-09-24T00:41:44.974-0400: 276.040: [GC (GCLocker Initiated GC) [PSYoungGen: 88064K->68056K(175104K)] 148213K->128206K(699392K), 0.0099673 secs] [Times: user=0.10 sys=0.01, real=0.01 secs] 
2016-09-24T00:41:45.079-0400: 276.145: [GC (GCLocker Initiated GC) [PSYoungGen: 156120K->73512K(175104K)] 216637K->152873K(699392K), 0.0137995 secs] [Times: user=0.15 sys=0.00, real=0.01 secs] 
2016-09-24T00:41:45.207-0400: 276.273: [GC (GCLocker Initiated GC) [PSYoungGen: 161576K->73416K(175104K)] 241024K->159018K(699392K), 0.0123118 secs] [Times: user=0.11 sys=0.00, real=0.01 secs] 
2016-09-24T00:41:45.336-0400: 276.402: [GC (GCLocker Initiated GC) [PSYoungGen: 161480K->73968K(175104K)] 247426K->196688K(699392K), 0.0115035 secs] [Times: user=0.14 sys=0.01, real=0.01 secs] 
2016-09-24T00:41:45.460-0400: 276.526: [GC (GCLocker Initiated GC) [PSYoungGen: 162032K->86082K(175104K)] 284844K->251727K(699392K), 0.0122745 secs] [Times: user=0.16 sys=0.00, real=0.01 secs] 
2016-09-24T00:41:45.590-0400: 276.657: [GC (GCLocker Initiated GC) [PSYoungGen: 174146K->85986K(175104K)] 340051K->288484K(699392K), 0.0121502 secs] [Times: user=0.15 sys=0.01, real=0.02 secs] 
2016-09-24T00:41:45.691-0400: 276.757: [GC (GCLocker Initiated GC) [PSYoungGen: 174050K->85986K(175104K)] 376630K->337473K(699392K), 0.0140788 secs] [Times: user=0.17 sys=0.00, real=0.02 secs] 
2016-09-24T00:41:45.822-0400: 276.888: [GC (GCLocker Initiated GC) [PSYoungGen: 174050K->55515K(175104K)] 431666K->374172K(699392K), 0.0270326 secs] [Times: user=0.27 sys=0.00, real=0.03 secs] 
2016-09-24T00:41:45.984-0400: 277.050: [GC (GCLocker Initiated GC) [PSYoungGen: 143579K->61590K(175104K)] 462430K->423102K(699392K), 0.0106707 secs] [Times: user=0.11 sys=0.00, real=0.01 secs] 
2016-09-24T00:41:46.119-0400: 277.185: [GC (GCLocker Initiated GC) [PSYoungGen: 149654K->61362K(175104K)] 517434K->459776K(699392K), 0.0117180 secs] [Times: user=0.10 sys=0.00, real=0.01 secs] 
2016-09-24T00:41:46.263-0400: 277.329: [GC (GCLocker Initiated GC) [PSYoungGen: 149426K->61298K(175104K)] 547966K->478190K(699392K), 0.0097494 secs] [Times: user=0.08 sys=0.00, real=0.00 secs] 
2016-09-24T00:41:46.415-0400: 277.481: [GC (GCLocker Initiated GC) [PSYoungGen: 149362K->31054K(175104K)] 584651K->503053K(699392K), 0.0349165 secs] [Times: user=0.33 sys=0.01, real=0.03 secs] 
2016-09-24T00:41:46.450-0400: 277.516: [Full GC (Ergonomics) [PSYoungGen: 31054K->0K(175104K)] [ParOldGen: 471998K->53931K(524288K)] 503053K->53931K(699392K), [Metaspace: 44596K->44596K(1087488K)], 0.0660488 secs] [Times: user=0.38 sys=0.02, real=0.07 secs] 
2016-09-24T00:41:46.657-0400: 277.723: [GC (GCLocker Initiated GC) [PSYoungGen: 88064K->74128K(175104K)] 160564K->146628K(699392K), 0.0184613 secs] [Times: user=0.18 sys=0.01, real=0.02 secs] 
2016-09-24T00:41:46.812-0400: 277.878: [GC (GCLocker Initiated GC) [PSYoungGen: 162189K->31051K(175104K)] 247195K->171279K(699392K), 0.0098522 secs] [Times: user=0.09 sys=0.01, real=0.01 secs] 
2016-09-24T00:41:46.932-0400: 277.998: [GC (GCLocker Initiated GC) [PSYoungGen: 119115K->55283K(175104K)] 259787K->214324K(699392K), 0.0176854 secs] [Times: user=0.20 sys=0.00, real=0.02 secs] 
2016-09-24T00:41:47.063-0400: 278.129: [GC (GCLocker Initiated GC) [PSYoungGen: 143347K->49312K(175104K)] 308499K->251017K(699392K), 0.0161557 secs] [Times: user=0.13 sys=0.00, real=0.01 secs] 
2016-09-24T00:41:47.170-0400: 278.236: [GC (GCLocker Initiated GC) [PSYoungGen: 137376K->37130K(175104K)] 345388K->300257K(699392K), 0.0109096 secs] [Times: user=0.10 sys=0.00, real=0.01 secs] 
2016-09-24T00:41:47.273-0400: 278.339: [GC (GCLocker Initiated GC) [PSYoungGen: 125194K->85758K(175104K)] 394831K->392293K(699392K), 0.0162856 secs] [Times: user=0.16 sys=0.00, real=0.02 secs] 
2016-09-24T00:41:47.400-0400: 278.466: [GC (Allocation Failure) [PSYoungGen: 173822K->61234K(175104K)] 480455K->392270K(699392K), 0.0176977 secs] [Times: user=0.16 sys=0.00, real=0.02 secs] 
2016-09-24T00:41:47.514-0400: 278.580: [GC (GCLocker Initiated GC) [PSYoungGen: 145704K->55191K(175104K)] 482815K->398636K(699392K), 0.0278288 secs] [Times: user=0.24 sys=0.00, real=0.03 secs] 
2016-09-24T00:41:47.676-0400: 278.742: [GC (Allocation Failure) [PSYoungGen: 143255K->79783K(175104K)] 492823K->453926K(699392K), 0.0223830 secs] [Times: user=0.22 sys=0.00, real=0.02 secs] 
2016-09-24T00:41:47.699-0400: 278.765: [GC (GCLocker Initiated GC) [PSYoungGen: 80390K->96K(175104K)] 454534K->423342K(699392K), 0.0171670 secs] [Times: user=0.18 sys=0.00, real=0.02 secs] 
2016-09-24T00:41:47.822-0400: 278.888: [GC (GCLocker Initiated GC) [PSYoungGen: 86906K->86438K(175104K)] 516227K->515775K(699392K), 0.0174539 secs] [Times: user=0.21 sys=0.00, real=0.02 secs] 
2016-09-24T00:41:47.969-0400: 279.035: [GC (Allocation Failure) [PSYoungGen: 174502K->55319K(175104K)] 604088K->522510K(699392K), 0.0168038 secs] [Times: user=0.20 sys=0.00, real=0.02 secs] 
2016-09-24T00:41:47.986-0400: 279.052: [Full GC (Ergonomics) [PSYoungGen: 55319K->0K(175104K)] [ParOldGen: 467191K->42176K(524288K)] 522510K->42176K(699392K), [Metaspace: 44596K->44596K(1087488K)], 0.0795591 secs] [Times: user=0.53 sys=0.01, real=0.08 secs] 
2016-09-24T00:41:48.170-0400: 279.236: [GC (GCLocker Initiated GC) [PSYoungGen: 83258K->86150K(175104K)] 131509K->140476K(699392K), 0.0085379 secs] [Times: user=0.10 sys=0.01, real=0.01 secs] 
2016-09-24T00:41:48.302-0400: 279.368: [GC (GCLocker Initiated GC) [PSYoungGen: 174214K->61754K(175104K)] 228845K->165268K(699392K), 0.0095514 secs] [Times: user=0.10 sys=0.00, real=0.01 secs] 
2016-09-24T00:41:48.408-0400: 279.475: [GC (GCLocker Initiated GC) [PSYoungGen: 149818K->85790K(175104K)] 253581K->208054K(699392K), 0.0120466 secs] [Times: user=0.18 sys=0.00, real=0.01 secs] 
2016-09-24T00:41:48.524-0400: 279.590: [GC (GCLocker Initiated GC) [PSYoungGen: 173854K->73740K(175104K)] 296485K->214707K(699392K), 0.0110826 secs] [Times: user=0.14 sys=0.00, real=0.01 secs] 
2016-09-24T00:41:48.704-0400: 279.770: [GC (GCLocker Initiated GC) [PSYoungGen: 161804K->37158K(175104K)] 321127K->233206K(699392K), 0.0127321 secs] [Times: user=0.13 sys=0.01, real=0.01 secs] 
2016-09-24T00:41:48.832-0400: 279.898: [GC (GCLocker Initiated GC) [PSYoungGen: 125222K->73740K(175104K)] 321418K->270064K(699392K), 0.0101547 secs] [Times: user=0.09 sys=0.00, real=0.02 secs] 
2016-09-24T00:41:48.958-0400: 280.024: [GC (GCLocker Initiated GC) [PSYoungGen: 161804K->67405K(175104K)] 358293K->300775K(699392K), 0.0090826 secs] [Times: user=0.09 sys=0.00, real=0.01 secs] 
2016-09-24T00:41:49.062-0400: 280.128: [GC (GCLocker Initiated GC) [PSYoungGen: 155469K->85790K(175104K)] 389058K->380444K(699392K), 0.0138555 secs] [Times: user=0.20 sys=0.00, real=0.02 secs] 
2016-09-24T00:41:49.192-0400: 280.258: [GC (GCLocker Initiated GC) [PSYoungGen: 173851K->55579K(175104K)] 474937K->362990K(699392K), 0.0075648 secs] [Times: user=0.06 sys=0.00, real=0.01 secs] 
2016-09-24T00:41:49.304-0400: 280.370: [GC (GCLocker Initiated GC) [PSYoungGen: 143643K->73480K(175104K)] 457356K->387452K(699392K), 0.0073682 secs] [Times: user=0.06 sys=0.00, real=0.00 secs] 
2016-09-24T00:41:49.453-0400: 280.519: [GC (GCLocker Initiated GC) [PSYoungGen: 161544K->73640K(175104K)] 475720K->406177K(699392K), 0.0129299 secs] [Times: user=0.16 sys=0.00, real=0.02 secs] 
2016-09-24T00:41:49.603-0400: 280.669: [GC (GCLocker Initiated GC) [PSYoungGen: 161704K->67533K(175104K)] 506623K->430796K(699392K), 0.0146651 secs] [Times: user=0.16 sys=0.00, real=0.01 secs] 
2016-09-24T00:41:49.737-0400: 280.803: [GC (GCLocker Initiated GC) [PSYoungGen: 155597K->73708K(175104K)] 525297K->473910K(699392K), 0.0194166 secs] [Times: user=0.20 sys=0.00, real=0.02 secs] 
2016-09-24T00:41:49.855-0400: 280.921: [GC (GCLocker Initiated GC) [PSYoungGen: 161772K->73768K(175104K)] 568405K->517183K(699392K), 0.0109660 secs] [Times: user=0.12 sys=0.00, real=0.01 secs] 
2016-09-24T00:41:49.993-0400: 281.059: [GC (GCLocker Initiated GC) [PSYoungGen: 161832K->67505K(175104K)] 605324K->529342K(699392K), 0.0334738 secs] [Times: user=0.34 sys=0.00, real=0.04 secs] 
2016-09-24T00:41:50.027-0400: 281.093: [Full GC (Ergonomics) [PSYoungGen: 67505K->0K(175104K)] [ParOldGen: 461837K->54175K(524288K)] 529342K->54175K(699392K), [Metaspace: 44596K->44596K(1087488K)], 0.0555806 secs] [Times: user=0.34 sys=0.01, real=0.06 secs] 
2016-09-24T00:41:50.180-0400: 281.246: [GC (GCLocker Initiated GC) [PSYoungGen: 88064K->49792K(175104K)] 154722K->116450K(699392K), 0.0100713 secs] [Times: user=0.04 sys=0.00, real=0.01 secs] 
2016-09-24T00:41:50.309-0400: 281.375: [GC (GCLocker Initiated GC) [PSYoungGen: 137856K->37226K(175104K)] 216823K->135518K(699392K), 0.0263931 secs] [Times: user=0.33 sys=0.00, real=0.03 secs] 
2016-09-24T00:41:50.474-0400: 281.540: [GC (GCLocker Initiated GC) [PSYoungGen: 125290K->61326K(175104K)] 223870K->178438K(699392K), 0.0080294 secs] [Times: user=0.08 sys=0.00, real=0.01 secs] 
2016-09-24T00:41:50.614-0400: 281.680: [GC (GCLocker Initiated GC) [PSYoungGen: 149390K->73936K(175104K)] 272737K->221726K(699392K), 0.0085902 secs] [Times: user=0.09 sys=0.01, real=0.02 secs] 
2016-09-24T00:41:50.730-0400: 281.796: [GC (GCLocker Initiated GC) [PSYoungGen: 162000K->42877K(175104K)] 310000K->215609K(699392K), 0.0095761 secs] [Times: user=0.08 sys=0.00, real=0.01 secs] 
2016-09-24T00:41:50.870-0400: 281.936: [GC (Allocation Failure) [PSYoungGen: 130941K->61494K(175104K)] 303782K->264813K(699392K), 0.0212078 secs] [Times: user=0.20 sys=0.01, real=0.02 secs] 
2016-09-24T00:41:51.014-0400: 282.080: [GC (GCLocker Initiated GC) [PSYoungGen: 144570K->30631K(175104K)] 353964K->264561K(699392K), 0.0159588 secs] [Times: user=0.13 sys=0.01, real=0.02 secs] 
2016-09-24T00:41:51.153-0400: 282.219: [GC (GCLocker Initiated GC) [PSYoungGen: 118695K->61298K(175104K)] 358854K->301560K(699392K), 0.0096029 secs] [Times: user=0.07 sys=0.00, real=0.02 secs] 
2016-09-24T00:41:51.272-0400: 282.338: [GC (GCLocker Initiated GC) [PSYoungGen: 149362K->67177K(175104K)] 389672K->344204K(699392K), 0.0196142 secs] [Times: user=0.18 sys=0.01, real=0.02 secs] 
2016-09-24T00:41:51.388-0400: 282.454: [GC (GCLocker Initiated GC) [PSYoungGen: 155241K->79751K(175104K)] 432529K->387517K(699392K), 0.0141092 secs] [Times: user=0.12 sys=0.00, real=0.02 secs] 
2016-09-24T00:41:51.496-0400: 282.562: [GC (GCLocker Initiated GC) [PSYoungGen: 167815K->79815K(175104K)] 475864K->473206K(699392K), 0.0233644 secs] [Times: user=0.25 sys=0.01, real=0.02 secs] 
2016-09-24T00:41:51.626-0400: 282.692: [GC (GCLocker Initiated GC) [PSYoungGen: 167879K->55323K(175104K)] 567493K->467323K(699392K), 0.0285838 secs] [Times: user=0.28 sys=0.00, real=0.03 secs] 
2016-09-24T00:41:51.758-0400: 282.824: [GC (GCLocker Initiated GC) [PSYoungGen: 143387K->49016K(175104K)] 567658K->509996K(699392K), 0.0200967 secs] [Times: user=0.18 sys=0.00, real=0.02 secs] 
2016-09-24T00:41:51.778-0400: 282.844: [Full GC (Ergonomics) [PSYoungGen: 49016K->0K(175104K)] [ParOldGen: 460980K->66292K(524288K)] 509996K->66292K(699392K), [Metaspace: 44596K->44596K(1087488K)], 0.0582897 secs] [Times: user=0.33 sys=0.01, real=0.06 secs] 
2016-09-24T00:41:51.950-0400: 283.016: [GC (GCLocker Initiated GC) [PSYoungGen: 88064K->74320K(175104K)] 154724K->140980K(699392K), 0.0171337 secs] [Times: user=0.20 sys=0.00, real=0.02 secs] 
2016-09-24T00:41:52.095-0400: 283.162: [GC (GCLocker Initiated GC) [PSYoungGen: 162384K->67437K(175104K)] 229344K->159804K(699392K), 0.0153737 secs] [Times: user=0.16 sys=0.01, real=0.01 secs] 
2016-09-24T00:41:52.228-0400: 283.294: [GC (Allocation Failure) [PSYoungGen: 155501K->18904K(175104K)] 247922K->160013K(699392K), 0.0190792 secs] [Times: user=0.19 sys=0.01, real=0.02 secs] 
2016-09-24T00:41:52.342-0400: 283.408: [GC (GCLocker Initiated GC) [PSYoungGen: 106965K->79655K(175104K)] 248079K->221052K(699392K), 0.0158253 secs] [Times: user=0.15 sys=0.00, real=0.02 secs] 
2016-09-24T00:41:52.447-0400: 283.513: [GC (GCLocker Initiated GC) [PSYoungGen: 167719K->73640K(175104K)] 315480K->258150K(699392K), 0.0134987 secs] [Times: user=0.14 sys=0.00, real=0.01 secs] 
2016-09-24T00:41:52.561-0400: 283.627: [GC (Allocation Failure) [PSYoungGen: 161704K->37094K(175104K)] 352376K->288783K(699392K), 0.0106654 secs] [Times: user=0.08 sys=0.00, real=0.01 secs] 
2016-09-24T00:41:52.686-0400: 283.752: [GC (GCLocker Initiated GC) [PSYoungGen: 122784K->30695K(175104K)] 380549K->318930K(699392K), 0.0170530 secs] [Times: user=0.18 sys=0.00, real=0.02 secs] 
2016-09-24T00:41:52.823-0400: 283.889: [GC (GCLocker Initiated GC) [PSYoungGen: 118759K->61266K(175104K)] 407232K->349819K(699392K), 0.0359094 secs] [Times: user=0.39 sys=0.01, real=0.03 secs] 
2016-09-24T00:41:52.976-0400: 284.042: [GC (GCLocker Initiated GC) [PSYoungGen: 149330K->55351K(175104K)] 438123K->362669K(699392K), 0.0100259 secs] [Times: user=0.10 sys=0.00, real=0.01 secs] 
2016-09-24T00:41:53.086-0400: 284.152: [GC (GCLocker Initiated GC) [PSYoungGen: 143415K->73672K(175104K)] 450750K->417617K(699392K), 0.0144203 secs] [Times: user=0.20 sys=0.00, real=0.01 secs] 
2016-09-24T00:41:53.231-0400: 284.297: [GC (Allocation Failure) [PSYoungGen: 161736K->67597K(175104K)] 512015K->436401K(699392K), 0.0084105 secs] [Times: user=0.09 sys=0.00, real=0.01 secs] 
2016-09-24T00:41:53.347-0400: 284.413: [GC (GCLocker Initiated GC) [PSYoungGen: 155661K->73476K(175104K)] 524466K->460805K(699392K), 0.0094581 secs] [Times: user=0.13 sys=0.01, real=0.01 secs] 
2016-09-24T00:41:53.462-0400: 284.528: [GC (GCLocker Initiated GC) [PSYoungGen: 161540K->85822K(175104K)] 549146K->497880K(699392K), 0.0117199 secs] [Times: user=0.15 sys=0.01, real=0.01 secs] 
2016-09-24T00:41:53.591-0400: 284.657: [GC (Allocation Failure) [PSYoungGen: 173886K->85694K(175104K)] 592049K->516267K(699392K), 0.0162748 secs] [Times: user=0.20 sys=0.00, real=0.02 secs] 
2016-09-24T00:41:53.703-0400: 284.769: [GC (GCLocker Initiated GC) [PSYoungGen: 173754K->61458K(175104K)] 604333K->546995K(699392K), 0.0165785 secs] [Times: user=0.17 sys=0.00, real=0.01 secs] 
2016-09-24T00:41:53.720-0400: 284.786: [Full GC (Ergonomics) [PSYoungGen: 61458K->0K(175104K)] [ParOldGen: 485537K->54425K(524288K)] 546995K->54425K(699392K), [Metaspace: 44596K->44596K(1087488K)], 0.0605543 secs] [Times: user=0.41 sys=0.00, real=0.06 secs] 
2016-09-24T00:41:53.886-0400: 284.952: [GC (GCLocker Initiated GC) [PSYoungGen: 88064K->86929K(175104K)] 142738K->147679K(699392K), 0.0109980 secs] [Times: user=0.16 sys=0.01, real=0.01 secs] 
2016-09-24T00:41:54.012-0400: 285.078: [GC (GCLocker Initiated GC) [PSYoungGen: 174993K->85758K(175104K)] 235930K->189955K(699392K), 0.0134227 secs] [Times: user=0.18 sys=0.00, real=0.02 secs] 
2016-09-24T00:41:54.141-0400: 285.207: [GC (Allocation Failure) [PSYoungGen: 173822K->55611K(175104K)] 284441K->215122K(699392K), 0.0123506 secs] [Times: user=0.16 sys=0.00, real=0.01 secs] 
2016-09-24T00:41:54.268-0400: 285.334: [GC (GCLocker Initiated GC) [PSYoungGen: 143550K->73804K(175104K)] 309136K->258086K(699392K), 0.0195385 secs] [Times: user=0.24 sys=0.02, real=0.02 secs] 
2016-09-24T00:41:54.412-0400: 285.478: [GC (GCLocker Initiated GC) [PSYoungGen: 161868K->73836K(175104K)] 352485K->264769K(699392K), 0.0101545 secs] [Times: user=0.13 sys=0.00, real=0.02 secs] 
2016-09-24T00:41:54.555-0400: 285.621: [GC (GCLocker Initiated GC) [PSYoungGen: 161900K->67469K(175104K)] 352926K->277003K(699392K), 0.0108664 secs] [Times: user=0.11 sys=0.00, real=0.01 secs] 
2016-09-24T00:41:54.701-0400: 285.767: [GC (GCLocker Initiated GC) [PSYoungGen: 155533K->55155K(175104K)] 365114K->283072K(699392K), 0.0136606 secs] [Times: user=0.14 sys=0.00, real=0.02 secs] 
2016-09-24T00:41:54.859-0400: 285.925: [GC (GCLocker Initiated GC) [PSYoungGen: 143219K->67145K(175104K)] 377421K->301435K(699392K), 0.0074458 secs] [Times: user=0.06 sys=0.00, real=0.01 secs] 
2016-09-24T00:41:54.994-0400: 286.060: [GC (GCLocker Initiated GC) [PSYoungGen: 155209K->36966K(175104K)] 395744K->314047K(699392K), 0.0173284 secs] [Times: user=0.16 sys=0.00, real=0.02 secs] 
2016-09-24T00:41:55.117-0400: 286.183: [GC (GCLocker Initiated GC) [PSYoungGen: 125030K->55451K(175104K)] 414616K->345328K(699392K), 0.0163458 secs] [Times: user=0.17 sys=0.00, real=0.01 secs] 
2016-09-24T00:41:55.248-0400: 286.314: [GC (Allocation Failure) [PSYoungGen: 143515K->55611K(175104K)] 451832K->364187K(699392K), 0.0235975 secs] [Times: user=0.24 sys=0.01, real=0.02 secs] 
2016-09-24T00:41:55.272-0400: 286.338: [GC (GCLocker Initiated GC) [PSYoungGen: 56019K->128K(175104K)] 364596K->363948K(699392K), 0.0073307 secs] [Times: user=0.06 sys=0.01, real=0.01 secs] 
2016-09-24T00:41:55.376-0400: 286.442: [GC (GCLocker Initiated GC) [PSYoungGen: 85600K->74060K(175104K)] 455495K->443971K(699392K), 0.0095790 secs] [Times: user=0.10 sys=0.00, real=0.01 secs] 
2016-09-24T00:41:55.486-0400: 286.552: [GC (GCLocker Initiated GC) [PSYoungGen: 162124K->79815K(175104K)] 532094K->492889K(699392K), 0.0172262 secs] [Times: user=0.19 sys=0.00, real=0.02 secs] 
2016-09-24T00:41:55.598-0400: 286.664: [GC (GCLocker Initiated GC) [PSYoungGen: 167879K->85498K(175104K)] 581012K->535693K(699392K), 0.0238571 secs] [Times: user=0.33 sys=0.00, real=0.03 secs] 
2016-09-24T00:41:55.622-0400: 286.688: [Full GC (Ergonomics) [PSYoungGen: 85498K->0K(175104K)] [ParOldGen: 450195K->42086K(524288K)] 535693K->42086K(699392K), [Metaspace: 44596K->44596K(1087488K)], 0.0565562 secs] [Times: user=0.33 sys=0.02, real=0.05 secs] 
2016-09-24T00:41:55.770-0400: 286.836: [GC (GCLocker Initiated GC) [PSYoungGen: 88064K->86630K(175104K)] 136507K->141148K(699392K), 0.0146574 secs] [Times: user=0.22 sys=0.00, real=0.02 secs] 
2016-09-24T00:41:55.872-0400: 286.938: [GC (GCLocker Initiated GC) [PSYoungGen: 174694K->85922K(175104K)] 229248K->165760K(699392K), 0.0191931 secs] [Times: user=0.28 sys=0.00, real=0.02 secs] 
2016-09-24T00:41:56.007-0400: 287.073: [GC (GCLocker Initiated GC) [PSYoungGen: 173986K->85758K(175104K)] 253961K->196407K(699392K), 0.0120462 secs] [Times: user=0.16 sys=0.00, real=0.01 secs] 
2016-09-24T00:41:56.124-0400: 287.190: [GC (GCLocker Initiated GC) [PSYoungGen: 173822K->73576K(175104K)] 290846K->239328K(699392K), 0.0104969 secs] [Times: user=0.11 sys=0.00, real=0.01 secs] 
2016-09-24T00:41:56.283-0400: 287.349: [GC (GCLocker Initiated GC) [PSYoungGen: 161640K->43041K(175104K)] 333582K->233451K(699392K), 0.0106900 secs] [Times: user=0.08 sys=0.00, real=0.00 secs] 
2016-09-24T00:41:56.442-0400: 287.508: [GC (GCLocker Initiated GC) [PSYoungGen: 131105K->55319K(175104K)] 333820K->258317K(699392K), 0.0215217 secs] [Times: user=0.23 sys=0.00, real=0.03 secs] 
2016-09-24T00:41:56.593-0400: 287.659: [GC (GCLocker Initiated GC) [PSYoungGen: 143383K->37322K(175104K)] 352554K->264789K(699392K), 0.0259090 secs] [Times: user=0.29 sys=0.01, real=0.03 secs] 
2016-09-24T00:41:56.771-0400: 287.837: [GC (GCLocker Initiated GC) [PSYoungGen: 125386K->36998K(175104K)] 365174K->276882K(699392K), 0.0068568 secs] [Times: user=0.07 sys=0.00, real=0.01 secs] 
2016-09-24T00:41:56.905-0400: 287.971: [GC (Allocation Failure) [PSYoungGen: 125062K->61558K(175104K)] 365032K->301859K(699392K), 0.0150198 secs] [Times: user=0.19 sys=0.00, real=0.01 secs] 
2016-09-24T00:41:57.021-0400: 288.087: [GC (GCLocker Initiated GC) [PSYoungGen: 149622K->85822K(175104K)] 389936K->351079K(699392K), 0.0133311 secs] [Times: user=0.17 sys=0.00, real=0.02 secs] 
2016-09-24T00:41:57.138-0400: 288.204: [GC (GCLocker Initiated GC) [PSYoungGen: 173886K->85858K(175104K)] 439510K->375901K(699392K), 0.0111275 secs] [Times: user=0.10 sys=0.00, real=0.01 secs] 
2016-09-24T00:41:57.284-0400: 288.350: [GC (GCLocker Initiated GC) [PSYoungGen: 173922K->55515K(175104K)] 476409K->394704K(699392K), 0.0169508 secs] [Times: user=0.18 sys=0.00, real=0.01 secs] 
2016-09-24T00:41:57.422-0400: 288.488: [GC (GCLocker Initiated GC) [PSYoungGen: 143579K->61266K(175104K)] 495027K->412817K(699392K), 0.0255829 secs] [Times: user=0.23 sys=0.01, real=0.03 secs] 
2016-09-24T00:41:57.556-0400: 288.622: [GC (GCLocker Initiated GC) [PSYoungGen: 149330K->37226K(175104K)] 513134K->437568K(699392K), 0.0203139 secs] [Times: user=0.17 sys=0.00, real=0.02 secs] 
2016-09-24T00:41:57.703-0400: 288.769: [GC (GCLocker Initiated GC) [PSYoungGen: 125290K->24784K(175104K)] 537824K->468108K(699392K), 0.0215421 secs] [Times: user=0.19 sys=0.00, real=0.02 secs] 
2016-09-24T00:41:57.818-0400: 288.884: [GC (GCLocker Initiated GC) [PSYoungGen: 112848K->73740K(175104K)] 562467K->566012K(699392K), 0.0143383 secs] [Times: user=0.13 sys=0.00, real=0.01 secs] 
2016-09-24T00:41:57.833-0400: 288.899: [Full GC (Ergonomics) [PSYoungGen: 73740K->0K(175104K)] [ParOldGen: 492272K->60774K(524288K)] 566012K->60774K(699392K), [Metaspace: 44596K->44596K(1087488K)], 0.0633361 secs] [Times: user=0.38 sys=0.01, real=0.07 secs] 
2016-09-24T00:41:57.999-0400: 289.065: [GC (GCLocker Initiated GC) [PSYoungGen: 88064K->86990K(175104K)] 148935K->160011K(699392K), 0.0097950 secs] [Times: user=0.12 sys=0.00, real=0.01 secs] 
2016-09-24T00:41:58.101-0400: 289.167: [GC (GCLocker Initiated GC) [PSYoungGen: 175054K->67597K(175104K)] 248364K->227137K(699392K), 0.0142511 secs] [Times: user=0.21 sys=0.00, real=0.02 secs] 
2016-09-24T00:41:58.216-0400: 289.282: [GC (GCLocker Initiated GC) [PSYoungGen: 155661K->86150K(175104K)] 321381K->282529K(699392K), 0.0106057 secs] [Times: user=0.13 sys=0.00, real=0.01 secs] 
2016-09-24T00:41:58.328-0400: 289.394: [GC (GCLocker Initiated GC) [PSYoungGen: 174214K->49244K(175104K)] 370797K->313272K(699392K), 0.0107662 secs] [Times: user=0.11 sys=0.00, real=0.01 secs] 
2016-09-24T00:41:58.462-0400: 289.528: [GC (GCLocker Initiated GC) [PSYoungGen: 137308K->79911K(175104K)] 401624K->392971K(699392K), 0.0106267 secs] [Times: user=0.13 sys=0.00, real=0.01 secs] 
2016-09-24T00:41:58.623-0400: 289.689: [GC (GCLocker Initiated GC) [PSYoungGen: 167975K->55447K(175104K)] 481195K->405572K(699392K), 0.0079705 secs] [Times: user=0.10 sys=0.00, real=0.00 secs] 
2016-09-24T00:41:58.721-0400: 289.787: [GC (GCLocker Initiated GC) [PSYoungGen: 143511K->85790K(175104K)] 493902K->454558K(699392K), 0.0202294 secs] [Times: user=0.27 sys=0.00, real=0.02 secs] 
2016-09-24T00:41:58.859-0400: 289.925: [GC (GCLocker Initiated GC) [PSYoungGen: 173854K->55255K(175104K)] 548857K->491267K(699392K), 0.0177725 secs] [Times: user=0.17 sys=0.00, real=0.02 secs] 
2016-09-24T00:41:58.999-0400: 290.065: [GC (Allocation Failure) [PSYoungGen: 143319K->61430K(175104K)] 579681K->540585K(699392K), 0.0178612 secs] [Times: user=0.17 sys=0.00, real=0.02 secs] 
2016-09-24T00:41:59.017-0400: 290.083: [Full GC (Ergonomics) [PSYoungGen: 61430K->0K(175104K)] [ParOldGen: 479155K->48762K(524288K)] 540585K->48762K(699392K), [Metaspace: 44596K->44596K(1087488K)], 0.0542719 secs] [Times: user=0.30 sys=0.01, real=0.05 secs] 
2016-09-24T00:41:59.180-0400: 290.247: [GC (GCLocker Initiated GC) [PSYoungGen: 88064K->67537K(175104K)] 136828K->116301K(699392K), 0.0110824 secs] [Times: user=0.07 sys=0.00, real=0.01 secs] 
2016-09-24T00:41:59.307-0400: 290.373: [GC (GCLocker Initiated GC) [PSYoungGen: 155599K->31051K(175104K)] 210793K->141180K(699392K), 0.0247713 secs] [Times: user=0.29 sys=0.00, real=0.02 secs] 
2016-09-24T00:41:59.444-0400: 290.510: [GC (GCLocker Initiated GC) [PSYoungGen: 119115K->55679K(175104K)] 241592K->196829K(699392K), 0.0099711 secs] [Times: user=0.11 sys=0.00, real=0.01 secs] 
2016-09-24T00:41:59.565-0400: 290.631: [GC (GCLocker Initiated GC) [PSYoungGen: 143743K->73740K(175104K)] 285052K->270023K(699392K), 0.0135514 secs] [Times: user=0.16 sys=0.00, real=0.01 secs] 
2016-09-24T00:41:59.691-0400: 290.757: [GC (GCLocker Initiated GC) [PSYoungGen: 161804K->74000K(175104K)] 364400K->295128K(699392K), 0.0094874 secs] [Times: user=0.12 sys=0.00, real=0.01 secs] 
2016-09-24T00:41:59.825-0400: 290.891: [GC (GCLocker Initiated GC) [PSYoungGen: 162064K->49440K(175104K)] 389466K->276921K(699392K), 0.0122496 secs] [Times: user=0.11 sys=0.00, real=0.01 secs] 
2016-09-24T00:41:59.943-0400: 291.009: [GC (GCLocker Initiated GC) [PSYoungGen: 137504K->37162K(175104K)] 371416K->271357K(699392K), 0.0174502 secs] [Times: user=0.21 sys=0.00, real=0.01 secs] 
2016-09-24T00:42:00.091-0400: 291.157: [GC (GCLocker Initiated GC) [PSYoungGen: 125226K->37325K(175104K)] 371859K->284078K(699392K), 0.0122628 secs] [Times: user=0.12 sys=0.00, real=0.02 secs] 
2016-09-24T00:42:00.221-0400: 291.287: [GC (GCLocker Initiated GC) [PSYoungGen: 125389K->85630K(175104K)] 372330K->332986K(699392K), 0.0263883 secs] [Times: user=0.28 sys=0.00, real=0.03 secs] 
2016-09-24T00:42:00.406-0400: 291.472: [GC (GCLocker Initiated GC) [PSYoungGen: 173694K->19164K(175104K)] 433203K->339535K(699392K), 0.0088956 secs] [Times: user=0.06 sys=0.00, real=0.01 secs] 
2016-09-24T00:42:00.528-0400: 291.594: [GC (Allocation Failure) [PSYoungGen: 107228K->55027K(175104K)] 427943K->382388K(699392K), 0.0291016 secs] [Times: user=0.36 sys=0.00, real=0.03 secs] 
2016-09-24T00:42:00.682-0400: 291.748: [GC (GCLocker Initiated GC) [PSYoungGen: 137731K->55515K(175104K)] 471167K->455871K(699392K), 0.0176546 secs] [Times: user=0.17 sys=0.01, real=0.02 secs] 
2016-09-24T00:42:00.807-0400: 291.873: [GC (GCLocker Initiated GC) [PSYoungGen: 143579K->73476K(175104K)] 544039K->510834K(699392K), 0.0121185 secs] [Times: user=0.18 sys=0.00, real=0.01 secs] 
2016-09-24T00:42:00.819-0400: 291.885: [Full GC (Ergonomics) [PSYoungGen: 73476K->0K(175104K)] [ParOldGen: 437358K->60442K(524288K)] 510834K->60442K(699392K), [Metaspace: 44601K->44601K(1087488K)], 0.0525971 secs] [Times: user=0.28 sys=0.01, real=0.05 secs] 
2016-09-24T00:42:00.974-0400: 292.040: [GC (Allocation Failure) [PSYoungGen: 88064K->86958K(175104K)] 154818K->159787K(699392K), 0.0116103 secs] [Times: user=0.13 sys=0.00, real=0.01 secs] 
2016-09-24T00:42:01.106-0400: 292.172: [GC (GCLocker Initiated GC) [PSYoungGen: 175022K->61622K(175104K)] 247857K->172022K(699392K), 0.0129850 secs] [Times: user=0.11 sys=0.00, real=0.01 secs] 
2016-09-24T00:42:01.228-0400: 292.294: [GC (GCLocker Initiated GC) [PSYoungGen: 149686K->67893K(175104K)] 260122K->196673K(699392K), 0.0199154 secs] [Times: user=0.23 sys=0.00, real=0.02 secs] 
2016-09-24T00:42:01.364-0400: 292.431: [GC (GCLocker Initiated GC) [PSYoungGen: 155957K->55223K(175104K)] 284756K->202522K(699392K), 0.0119858 secs] [Times: user=0.16 sys=0.00, real=0.01 secs] 
2016-09-24T00:42:01.488-0400: 292.554: [GC (GCLocker Initiated GC) [PSYoungGen: 143287K->67533K(175104K)] 290696K->227163K(699392K), 0.0171413 secs] [Times: user=0.16 sys=0.00, real=0.02 secs] 
2016-09-24T00:42:01.619-0400: 292.685: [GC (GCLocker Initiated GC) [PSYoungGen: 155597K->55547K(175104K)] 315364K->276184K(699392K), 0.0098758 secs] [Times: user=0.10 sys=0.00, real=0.01 secs] 
2016-09-24T00:42:01.727-0400: 292.793: [GC (GCLocker Initiated GC) [PSYoungGen: 143611K->42945K(175104K)] 364479K->294432K(699392K), 0.0137111 secs] [Times: user=0.11 sys=0.00, real=0.01 secs] 
2016-09-24T00:42:01.864-0400: 292.930: [GC (GCLocker Initiated GC) [PSYoungGen: 131009K->73740K(175104K)] 388608K->355751K(699392K), 0.0248417 secs] [Times: user=0.28 sys=0.00, real=0.02 secs] 
2016-09-24T00:42:02.008-0400: 293.074: [GC (GCLocker Initiated GC) [PSYoungGen: 161804K->37354K(175104K)] 462244K->386677K(699392K), 0.0196075 secs] [Times: user=0.21 sys=0.01, real=0.02 secs] 
2016-09-24T00:42:02.151-0400: 293.217: [GC (GCLocker Initiated GC) [PSYoungGen: 125418K->55351K(175104K)] 480881K->429338K(699392K), 0.0156404 secs] [Times: user=0.18 sys=0.01, real=0.02 secs] 
2016-09-24T00:42:02.297-0400: 293.363: [GC (GCLocker Initiated GC) [PSYoungGen: 143415K->55579K(175104K)] 523496K->454004K(699392K), 0.0167263 secs] [Times: user=0.21 sys=0.00, real=0.01 secs] 
2016-09-24T00:42:02.428-0400: 293.494: [GC (GCLocker Initiated GC) [PSYoungGen: 143643K->67341K(175104K)] 542166K->484341K(699392K), 0.0122501 secs] [Times: user=0.11 sys=0.01, real=0.01 secs] 
2016-09-24T00:42:02.576-0400: 293.643: [GC (Allocation Failure) [PSYoungGen: 155405K->55451K(175104K)] 578807K->478949K(699392K), 0.0199591 secs] [Times: user=0.16 sys=0.01, real=0.02 secs] 
2016-09-24T00:42:02.705-0400: 293.771: [GC (GCLocker Initiated GC) [PSYoungGen: 139580K->37126K(175104K)] 569153K->485207K(699392K), 0.0105762 secs] [Times: user=0.14 sys=0.00, real=0.01 secs] 
2016-09-24T00:42:02.820-0400: 293.887: [GC (GCLocker Initiated GC) [PSYoungGen: 125190K->85790K(175104K)] 573402K->534302K(699392K), 0.0099694 secs] [Times: user=0.16 sys=0.00, real=0.01 secs] 
2016-09-24T00:42:02.938-0400: 294.004: [GC (GCLocker Initiated GC) [PSYoungGen: 173854K->55483K(175104K)] 622615K->553159K(699392K), 0.0099407 secs] [Times: user=0.11 sys=0.00, real=0.01 secs] 
2016-09-24T00:42:02.948-0400: 294.014: [Full GC (Ergonomics) [PSYoungGen: 55483K->0K(175104K)] [ParOldGen: 497676K->48802K(524288K)] 553159K->48802K(699392K), [Metaspace: 44601K->44601K(1087488K)], 0.0647185 secs] [Times: user=0.46 sys=0.01, real=0.06 secs] 
2016-09-24T00:42:03.102-0400: 294.168: [GC (GCLocker Initiated GC) [PSYoungGen: 88064K->86114K(175104K)] 143117K->147242K(699392K), 0.0183485 secs] [Times: user=0.18 sys=0.00, real=0.02 secs] 
2016-09-24T00:42:03.256-0400: 294.322: [GC (GCLocker Initiated GC) [PSYoungGen: 174178K->61426K(175104K)] 241473K->165711K(699392K), 0.0123584 secs] [Times: user=0.11 sys=0.01, real=0.01 secs] 
2016-09-24T00:42:03.363-0400: 294.429: [GC (GCLocker Initiated GC) [PSYoungGen: 149490K->61522K(175104K)] 253845K->226919K(699392K), 0.0324052 secs] [Times: user=0.39 sys=0.00, real=0.03 secs] 
2016-09-24T00:42:03.489-0400: 294.555: [GC (GCLocker Initiated GC) [PSYoungGen: 149586K->49440K(175104K)] 315098K->251701K(699392K), 0.0110737 secs] [Times: user=0.11 sys=0.00, real=0.01 secs] 
2016-09-24T00:42:03.632-0400: 294.698: [GC (GCLocker Initiated GC) [PSYoungGen: 137504K->85626K(175104K)] 340082K->300949K(699392K), 0.0233254 secs] [Times: user=0.32 sys=0.00, real=0.03 secs] 
2016-09-24T00:42:03.781-0400: 294.847: [GC (Allocation Failure) [PSYoungGen: 173685K->55483K(175104K)] 401502K->283428K(699392K), 0.0080297 secs] [Times: user=0.07 sys=0.00, real=0.01 secs] 
2016-09-24T00:42:03.886-0400: 294.952: [GC (GCLocker Initiated GC) [PSYoungGen: 140691K->37158K(175104K)] 374711K->277684K(699392K), 0.0132985 secs] [Times: user=0.11 sys=0.00, real=0.01 secs] 
2016-09-24T00:42:04.050-0400: 295.116: [GC (GCLocker Initiated GC) [PSYoungGen: 125222K->49248K(175104K)] 371954K->302323K(699392K), 0.0154889 secs] [Times: user=0.15 sys=0.01, real=0.02 secs] 
2016-09-24T00:42:04.211-0400: 295.277: [GC (Allocation Failure) [PSYoungGen: 137312K->43237K(175104K)] 402842K->327416K(699392K), 0.0252529 secs] [Times: user=0.26 sys=0.00, real=0.03 secs] 
2016-09-24T00:42:04.365-0400: 295.431: [GC (GCLocker Initiated GC) [PSYoungGen: 131301K->42945K(175104K)] 415485K->327373K(699392K), 0.0105198 secs] [Times: user=0.08 sys=0.00, real=0.01 secs] 
2016-09-24T00:42:04.485-0400: 295.551: [GC (GCLocker Initiated GC) [PSYoungGen: 131009K->67633K(175104K)] 415803K->370928K(699392K), 0.0117245 secs] [Times: user=0.13 sys=0.00, real=0.01 secs] 
2016-09-24T00:42:04.632-0400: 295.698: [GC (GCLocker Initiated GC) [PSYoungGen: 155697K->73672K(175104K)] 465271K->401786K(699392K), 0.0093084 secs] [Times: user=0.12 sys=0.00, real=0.01 secs] 
2016-09-24T00:42:04.761-0400: 295.827: [GC (GCLocker Initiated GC) [PSYoungGen: 161736K->74064K(175104K)] 490200K->420872K(699392K), 0.0229222 secs] [Times: user=0.18 sys=0.00, real=0.03 secs] 
2016-09-24T00:42:04.893-0400: 295.959: [GC (GCLocker Initiated GC) [PSYoungGen: 162128K->55191K(175104K)] 515199K->444988K(699392K), 0.0147214 secs] [Times: user=0.14 sys=0.00, real=0.02 secs] 
2016-09-24T00:42:05.065-0400: 296.131: [GC (GCLocker Initiated GC) [PSYoungGen: 143255K->55415K(175104K)] 533216K->481922K(699392K), 0.0145174 secs] [Times: user=0.15 sys=0.01, real=0.01 secs] 
2016-09-24T00:42:05.213-0400: 296.279: [GC (GCLocker Initiated GC) [PSYoungGen: 143479K->79391K(175104K)] 570119K->506158K(699392K), 0.0122097 secs] [Times: user=0.13 sys=0.00, real=0.02 secs] 
2016-09-24T00:42:05.320-0400: 296.386: [GC (GCLocker Initiated GC) [PSYoungGen: 167455K->73740K(175104K)] 594465K->549494K(699392K), 0.0108056 secs] [Times: user=0.10 sys=0.00, real=0.01 secs] 
2016-09-24T00:42:05.331-0400: 296.397: [Full GC (Ergonomics) [PSYoungGen: 73740K->0K(175104K)] [ParOldGen: 475754K->61232K(524288K)] 549494K->61232K(699392K), [Metaspace: 44616K->44616K(1087488K)], 0.0565573 secs] [Times: user=0.32 sys=0.01, real=0.06 secs] 
2016-09-24T00:42:05.489-0400: 296.555: [GC (GCLocker Initiated GC) [PSYoungGen: 88064K->86078K(175104K)] 149591K->159755K(699392K), 0.0253765 secs] [Times: user=0.31 sys=0.01, real=0.03 secs] 
2016-09-24T00:42:05.613-0400: 296.679: [GC (GCLocker Initiated GC) [PSYoungGen: 174142K->85986K(175104K)] 248102K->209109K(699392K), 0.0158351 secs] [Times: user=0.22 sys=0.00, real=0.02 secs] 
2016-09-24T00:42:05.774-0400: 296.840: [GC (GCLocker Initiated GC) [PSYoungGen: 174050K->79619K(175104K)] 297277K->221510K(699392K), 0.0093935 secs] [Times: user=0.11 sys=0.00, real=0.01 secs] 
2016-09-24T00:42:05.961-0400: 297.027: [GC (GCLocker Initiated GC) [PSYoungGen: 167683K->55191K(175104K)] 309706K->209459K(699392K), 0.0107691 secs] [Times: user=0.08 sys=0.00, real=0.01 secs] 
2016-09-24T00:42:06.115-0400: 297.181: [GC (Allocation Failure) [PSYoungGen: 143255K->49440K(175104K)] 303640K->246574K(699392K), 0.0130800 secs] [Times: user=0.14 sys=0.00, real=0.01 secs] 
2016-09-24T00:42:06.277-0400: 297.343: [GC (GCLocker Initiated GC) [PSYoungGen: 137504K->55255K(175104K)] 340713K->277144K(699392K), 0.0149126 secs] [Times: user=0.16 sys=0.00, real=0.01 secs] 
2016-09-24T00:42:06.437-0400: 297.504: [GC (GCLocker Initiated GC) [PSYoungGen: 143319K->79847K(175104K)] 371404K->308067K(699392K), 0.0099685 secs] [Times: user=0.13 sys=0.00, real=0.01 secs] 
2016-09-24T00:42:06.596-0400: 297.662: [GC (GCLocker Initiated GC) [PSYoungGen: 167911K->73608K(175104K)] 396312K->351113K(699392K), 0.0113818 secs] [Times: user=0.17 sys=0.00, real=0.01 secs] 
2016-09-24T00:42:06.779-0400: 297.845: [GC (GCLocker Initiated GC) [PSYoungGen: 161672K->55579K(175104K)] 451620K->345646K(699392K), 0.0098358 secs] [Times: user=0.12 sys=0.00, real=0.01 secs] 
2016-09-24T00:42:06.943-0400: 298.009: [GC (GCLocker Initiated GC) [PSYoungGen: 143643K->55515K(175104K)] 440487K->352674K(699392K), 0.0099969 secs] [Times: user=0.16 sys=0.00, real=0.00 secs] 
2016-09-24T00:42:07.158-0400: 298.224: [GC (GCLocker Initiated GC) [PSYoungGen: 143579K->18840K(175104K)] 459296K->334793K(699392K), 0.0136292 secs] [Times: user=0.13 sys=0.00, real=0.01 secs] 
2016-09-24T00:42:07.329-0400: 298.395: [GC (GCLocker Initiated GC) [PSYoungGen: 106904K->67501K(175104K)] 422983K->383854K(699392K), 0.0102468 secs] [Times: user=0.10 sys=0.00, real=0.01 secs] 
2016-09-24T00:42:07.510-0400: 298.576: [GC (GCLocker Initiated GC) [PSYoungGen: 155565K->61622K(175104K)] 471988K->396569K(699392K), 0.0102247 secs] [Times: user=0.09 sys=0.01, real=0.01 secs] 
2016-09-24T00:42:07.727-0400: 298.794: [GC (GCLocker Initiated GC) [PSYoungGen: 149686K->61490K(175104K)] 496937K->408993K(699392K), 0.0084273 secs] [Times: user=0.09 sys=0.00, real=0.01 secs] 
2016-09-24T00:42:07.891-0400: 298.957: [GC (Allocation Failure) [PSYoungGen: 149554K->67373K(175104K)] 497228K->457691K(699392K), 0.0138418 secs] [Times: user=0.14 sys=0.02, real=0.02 secs] 
2016-09-24T00:42:08.053-0400: 299.120: [GC (GCLocker Initiated GC) [PSYoungGen: 155437K->61330K(175104K)] 545761K->470146K(699392K), 0.0188371 secs] [Times: user=0.17 sys=0.01, real=0.02 secs] 
2016-09-24T00:42:08.218-0400: 299.284: [GC (Allocation Failure) [PSYoungGen: 149394K->61202K(175104K)] 558554K->470622K(699392K), 0.0341028 secs] [Times: user=0.32 sys=0.00, real=0.03 secs] 
2016-09-24T00:42:08.403-0400: 299.469: [GC (GCLocker Initiated GC) [PSYoungGen: 146099K->49116K(175104K)] 561594K->464706K(699392K), 0.0077086 secs] [Times: user=0.06 sys=0.00, real=0.00 secs] 
2016-09-24T00:42:08.563-0400: 299.629: [GC (GCLocker Initiated GC) [PSYoungGen: 137180K->61234K(172032K)] 553086K->477407K(696320K), 0.0148501 secs] [Times: user=0.14 sys=0.01, real=0.01 secs] 
2016-09-24T00:42:08.742-0400: 299.808: [GC (GCLocker Initiated GC) [PSYoungGen: 149298K->85502K(173568K)] 565620K->501935K(697856K), 0.0221578 secs] [Times: user=0.19 sys=0.00, real=0.02 secs] 
2016-09-24T00:42:08.949-0400: 300.015: [GC (GCLocker Initiated GC) [PSYoungGen: 173566K->43041K(175104K)] 590018K->514451K(699392K), 0.0097556 secs] [Times: user=0.09 sys=0.00, real=0.01 secs] 
2016-09-24T00:42:08.959-0400: 300.025: [Full GC (Ergonomics) [PSYoungGen: 43041K->0K(175104K)] [ParOldGen: 471410K->43084K(524288K)] 514451K->43084K(699392K), [Metaspace: 44647K->44647K(1087488K)], 0.0586704 secs] [Times: user=0.29 sys=0.01, real=0.06 secs] 
2016-09-24T00:42:09.213-0400: 300.279: [GC (GCLocker Initiated GC) [PSYoungGen: 88064K->86018K(175104K)] 131153K->135182K(699392K), 0.0177152 secs] [Times: user=0.18 sys=0.00, real=0.02 secs] 
2016-09-24T00:42:09.388-0400: 300.454: [GC (GCLocker Initiated GC) [PSYoungGen: 174082K->55387K(175104K)] 223288K->123489K(699392K), 0.0221997 secs] [Times: user=0.19 sys=0.01, real=0.02 secs] 
2016-09-24T00:42:09.591-0400: 300.657: [GC (GCLocker Initiated GC) [PSYoungGen: 143451K->67633K(175104K)] 211870K->178892K(699392K), 0.0188484 secs] [Times: user=0.18 sys=0.00, real=0.02 secs] 
2016-09-24T00:42:09.775-0400: 300.841: [GC (GCLocker Initiated GC) [PSYoungGen: 155697K->73644K(175104K)] 267037K->185236K(699392K), 0.0140018 secs] [Times: user=0.13 sys=0.00, real=0.01 secs] 
2016-09-24T00:42:09.968-0400: 301.034: [GC (Allocation Failure) [PSYoungGen: 161708K->67469K(175104K)] 273313K->197746K(699392K), 0.0085739 secs] [Times: user=0.08 sys=0.00, real=0.01 secs] 
2016-09-24T00:42:10.158-0400: 301.224: [GC (GCLocker Initiated GC) [PSYoungGen: 149882K->43205K(175104K)] 286234K->203953K(699392K), 0.0177500 secs] [Times: user=0.21 sys=0.00, real=0.02 secs] 
2016-09-24T00:42:10.338-0400: 301.404: [GC (GCLocker Initiated GC) [PSYoungGen: 131269K->74164K(175104K)] 292322K->235476K(699392K), 0.0099973 secs] [Times: user=0.14 sys=0.00, real=0.01 secs] 
2016-09-24T00:42:10.545-0400: 301.611: [GC (GCLocker Initiated GC) [PSYoungGen: 162228K->37158K(175104K)] 335692K->210874K(699392K), 0.0100086 secs] [Times: user=0.09 sys=0.01, real=0.01 secs] 
2016-09-24T00:42:10.711-0400: 301.777: [GC (GCLocker Initiated GC) [PSYoungGen: 125222K->55415K(175104K)] 305117K->235406K(699392K), 0.0088747 secs] [Times: user=0.12 sys=0.00, real=0.01 secs] 
2016-09-24T00:42:10.929-0400: 301.995: [GC (GCLocker Initiated GC) [PSYoungGen: 143479K->24716K(175104K)] 329550K->253595K(699392K), 0.0102858 secs] [Times: user=0.08 sys=0.01, real=0.01 secs] 
2016-09-24T00:42:11.082-0400: 302.148: [GC (GCLocker Initiated GC) [PSYoungGen: 112780K->61590K(175104K)] 341831K->290800K(699392K), 0.0131743 secs] [Times: user=0.12 sys=0.00, real=0.01 secs] 
2016-09-24T00:42:11.253-0400: 302.319: [GC (GCLocker Initiated GC) [PSYoungGen: 149654K->55383K(175104K)] 378872K->302922K(699392K), 0.0105874 secs] [Times: user=0.15 sys=0.00, real=0.02 secs] 
2016-09-24T00:42:11.441-0400: 302.507: [GC (GCLocker Initiated GC) [PSYoungGen: 143447K->18869K(175104K)] 409428K->285117K(699392K), 0.0056423 secs] [Times: user=0.05 sys=0.00, real=0.01 secs] 
2016-09-24T00:42:11.633-0400: 302.699: [GC (GCLocker Initiated GC) [PSYoungGen: 106933K->79423K(175104K)] 373223K->346004K(699392K), 0.0129884 secs] [Times: user=0.14 sys=0.00, real=0.02 secs] 
2016-09-24T00:42:11.820-0400: 302.886: [GC (GCLocker Initiated GC) [PSYoungGen: 167487K->49408K(175104K)] 440380K->334531K(699392K), 0.0191767 secs] [Times: user=0.22 sys=0.00, real=0.02 secs] 
2016-09-24T00:42:12.005-0400: 303.071: [GC (GCLocker Initiated GC) [PSYoungGen: 137472K->85662K(175104K)] 428768K->377233K(699392K), 0.0166597 secs] [Times: user=0.20 sys=0.01, real=0.01 secs] 
2016-09-24T00:42:12.177-0400: 303.243: [GC (Allocation Failure) [PSYoungGen: 173726K->73576K(175104K)] 465512K->408195K(699392K), 0.0146395 secs] [Times: user=0.16 sys=0.00, real=0.01 secs] 
2016-09-24T00:42:12.346-0400: 303.412: [GC (Allocation Failure) [PSYoungGen: 161640K->73740K(175104K)] 496259K->408470K(699392K), 0.0073665 secs] [Times: user=0.08 sys=0.00, real=0.00 secs] 
2016-09-24T00:42:12.548-0400: 303.614: [GC (GCLocker Initiated GC) [PSYoungGen: 161804K->61494K(175104K)] 496540K->396333K(699392K), 0.0085457 secs] [Times: user=0.06 sys=0.01, real=0.01 secs] 
2016-09-24T00:42:12.711-0400: 303.777: [GC (GCLocker Initiated GC) [PSYoungGen: 149558K->73512K(175104K)] 484596K->408801K(699392K), 0.0108544 secs] [Times: user=0.10 sys=0.00, real=0.01 secs] 
2016-09-24T00:42:12.870-0400: 303.936: [GC (GCLocker Initiated GC) [PSYoungGen: 161576K->73544K(175104K)] 497057K->409293K(699392K), 0.0142412 secs] [Times: user=0.16 sys=0.01, real=0.02 secs] 
2016-09-24T00:42:13.059-0400: 304.125: [GC (Allocation Failure) [PSYoungGen: 161608K->67601K(175104K)] 497432K->403676K(699392K), 0.0145028 secs] [Times: user=0.15 sys=0.00, real=0.01 secs] 
2016-09-24T00:42:13.307-0400: 304.373: [GC (Allocation Failure) [PSYoungGen: 150915K->36966K(175104K)] 486991K->373277K(699392K), 0.0150852 secs] [Times: user=0.15 sys=0.00, real=0.01 secs] 
2016-09-24T00:42:13.464-0400: 304.530: [GC (GCLocker Initiated GC) [PSYoungGen: 125030K->73512K(175104K)] 461347K->409940K(699392K), 0.0276698 secs] [Times: user=0.33 sys=0.00, real=0.02 secs] 
2016-09-24T00:42:13.656-0400: 304.723: [GC (GCLocker Initiated GC) [PSYoungGen: 161576K->43368K(175104K)] 510270K->392134K(699392K), 0.0133289 secs] [Times: user=0.14 sys=0.00, real=0.01 secs] 
2016-09-24T00:42:13.794-0400: 304.860: [GC (GCLocker Initiated GC) [PSYoungGen: 131432K->85822K(175104K)] 480234K->489630K(699392K), 0.0128802 secs] [Times: user=0.17 sys=0.00, real=0.02 secs] 
2016-09-24T00:42:13.985-0400: 305.051: [GC (Allocation Failure) [PSYoungGen: 173886K->36870K(175104K)] 577858K->489538K(699392K), 0.0180908 secs] [Times: user=0.13 sys=0.01, real=0.02 secs] 
2016-09-24T00:42:14.158-0400: 305.224: [GC (GCLocker Initiated GC) [PSYoungGen: 122261K->55583K(175104K)] 581004K->514437K(699392K), 0.0196164 secs] [Times: user=0.20 sys=0.00, real=0.02 secs] 
2016-09-24T00:42:14.327-0400: 305.393: [GC (GCLocker Initiated GC) [PSYoungGen: 143647K->67569K(175104K)] 602863K->527028K(699392K), 0.0070060 secs] [Times: user=0.06 sys=0.00, real=0.00 secs] 
2016-09-24T00:42:14.500-0400: 305.567: [GC (Allocation Failure) [PSYoungGen: 155633K->61266K(175104K)] 615200K->521100K(699392K), 0.0332812 secs] [Times: user=0.34 sys=0.01, real=0.03 secs] 
2016-09-24T00:42:14.711-0400: 305.777: [GC (GCLocker Initiated GC) [PSYoungGen: 149330K->67601K(175104K)] 609170K->527700K(699392K), 0.0094825 secs] [Times: user=0.09 sys=0.00, real=0.01 secs] 
2016-09-24T00:42:14.921-0400: 305.987: [GC (GCLocker Initiated GC) [PSYoungGen: 155665K->73612K(175104K)] 616125K->534323K(699392K), 0.0116916 secs] [Times: user=0.11 sys=0.00, real=0.01 secs] 
2016-09-24T00:42:15.083-0400: 306.149: [GC (GCLocker Initiated GC) [PSYoungGen: 161676K->73384K(175104K)] 622574K->534526K(699392K), 0.0216409 secs] [Times: user=0.18 sys=0.00, real=0.02 secs] 
2016-09-24T00:42:15.326-0400: 306.392: [GC (Allocation Failure) [PSYoungGen: 161448K->36998K(175104K)] 635016K->510802K(699392K), 0.0217358 secs] [Times: user=0.22 sys=0.00, real=0.02 secs] 
2016-09-24T00:42:15.349-0400: 306.415: [GC (GCLocker Initiated GC) [PSYoungGen: 37017K->96K(175104K)] 510821K->510678K(699392K), 0.0046434 secs] [Times: user=0.04 sys=0.00, real=0.00 secs] 
2016-09-24T00:42:15.353-0400: 306.420: [Full GC (Ergonomics) [PSYoungGen: 96K->0K(175104K)] [ParOldGen: 510582K->48974K(524288K)] 510678K->48974K(699392K), [Metaspace: 44655K->44655K(1087488K)], 0.0626967 secs] [Times: user=0.34 sys=0.01, real=0.07 secs] 
2016-09-24T00:42:15.632-0400: 306.698: [GC (GCLocker Initiated GC) [PSYoungGen: 84472K->55583K(175104K)] 139522K->110632K(699392K), 0.0159460 secs] [Times: user=0.18 sys=0.00, real=0.02 secs] 
2016-09-24T00:42:15.774-0400: 306.840: [GC (GCLocker Initiated GC) [PSYoungGen: 143647K->86022K(175104K)] 199057K->147970K(699392K), 0.0253202 secs] [Times: user=0.28 sys=0.00, real=0.03 secs] 
2016-09-24T00:42:15.954-0400: 307.020: [GC (GCLocker Initiated GC) [PSYoungGen: 174086K->37553K(175104K)] 248377K->130509K(699392K), 0.0060633 secs] [Times: user=0.05 sys=0.00, real=0.01 secs] 
2016-09-24T00:42:16.095-0400: 307.161: [GC (GCLocker Initiated GC) [PSYoungGen: 125617K->73416K(175104K)] 224865K->172914K(699392K), 0.0368423 secs] [Times: user=0.34 sys=0.00, real=0.03 secs] 
2016-09-24T00:42:16.313-0400: 307.379: [GC (GCLocker Initiated GC) [PSYoungGen: 161480K->79587K(175104K)] 261020K->179238K(699392K), 0.0099166 secs] [Times: user=0.09 sys=0.00, real=0.02 secs] 
2016-09-24T00:42:16.473-0400: 307.540: [GC (Allocation Failure) [PSYoungGen: 167651K->61362K(175104K)] 273475K->197853K(699392K), 0.0137531 secs] [Times: user=0.13 sys=0.00, real=0.02 secs] 
2016-09-24T00:42:16.635-0400: 307.701: [GC (GCLocker Initiated GC) [PSYoungGen: 145635K->37126K(175104K)] 288201K->228607K(699392K), 0.0264634 secs] [Times: user=0.30 sys=0.00, real=0.02 secs] 
2016-09-24T00:42:16.839-0400: 307.905: [GC (GCLocker Initiated GC) [PSYoungGen: 125190K->36998K(175104K)] 329053K->241128K(699392K), 0.0066373 secs] [Times: user=0.06 sys=0.00, real=0.01 secs] 
2016-09-24T00:42:17.012-0400: 308.078: [GC (GCLocker Initiated GC) [PSYoungGen: 125062K->73804K(175104K)] 329328K->278174K(699392K), 0.0197770 secs] [Times: user=0.23 sys=0.00, real=0.02 secs] 
2016-09-24T00:42:17.199-0400: 308.265: [GC (GCLocker Initiated GC) [PSYoungGen: 161868K->61230K(175104K)] 366257K->265887K(699392K), 0.0112726 secs] [Times: user=0.08 sys=0.01, real=0.01 secs] 
2016-09-24T00:42:17.329-0400: 308.395: [GC (Allocation Failure) [PSYoungGen: 149294K->85926K(175104K)] 354060K->321186K(699392K), 0.0146472 secs] [Times: user=0.14 sys=0.00, real=0.02 secs] 
2016-09-24T00:42:17.491-0400: 308.557: [GC (GCLocker Initiated GC) [PSYoungGen: 173990K->73476K(175104K)] 409252K->370131K(699392K), 0.0129414 secs] [Times: user=0.18 sys=0.00, real=0.02 secs] 
2016-09-24T00:42:17.698-0400: 308.764: [GC (Allocation Failure) [PSYoungGen: 161540K->18808K(175104K)] 470689K->328022K(699392K), 0.0106875 secs] [Times: user=0.12 sys=0.00, real=0.01 secs] 
2016-09-24T00:42:17.850-0400: 308.916: [GC (GCLocker Initiated GC) [PSYoungGen: 106872K->55095K(175104K)] 416086K->364543K(699392K), 0.0219272 secs] [Times: user=0.15 sys=0.00, real=0.02 secs] 
2016-09-24T00:42:18.024-0400: 309.090: [GC (GCLocker Initiated GC) [PSYoungGen: 143159K->73840K(175104K)] 452934K->383719K(699392K), 0.0386836 secs] [Times: user=0.43 sys=0.00, real=0.04 secs] 
2016-09-24T00:42:18.191-0400: 309.257: [GC (Allocation Failure) [PSYoungGen: 161904K->61526K(175104K)] 478028K->378105K(699392K), 0.0182372 secs] [Times: user=0.19 sys=0.00, real=0.02 secs] 
2016-09-24T00:42:18.335-0400: 309.401: [GC (GCLocker Initiated GC) [PSYoungGen: 149590K->49280K(175104K)] 466169K->396338K(699392K), 0.0252501 secs] [Times: user=0.24 sys=0.00, real=0.02 secs] 
2016-09-24T00:42:18.522-0400: 309.588: [GC (GCLocker Initiated GC) [PSYoungGen: 137344K->67537K(175104K)] 484662K->433363K(699392K), 0.0104746 secs] [Times: user=0.09 sys=0.00, real=0.00 secs] 
2016-09-24T00:42:18.681-0400: 309.747: [GC (Allocation Failure) [PSYoungGen: 155601K->73512K(175104K)] 521637K->439807K(699392K), 0.0182007 secs] [Times: user=0.17 sys=0.01, real=0.02 secs] 
2016-09-24T00:42:18.876-0400: 309.943: [GC (GCLocker Initiated GC) [PSYoungGen: 161576K->73708K(175104K)] 527872K->458356K(699392K), 0.0155428 secs] [Times: user=0.17 sys=0.00, real=0.01 secs] 
2016-09-24T00:42:19.070-0400: 310.136: [GC (GCLocker Initiated GC) [PSYoungGen: 161772K->85598K(175104K)] 546546K->476730K(699392K), 0.0123652 secs] [Times: user=0.11 sys=0.01, real=0.01 secs] 
2016-09-24T00:42:19.251-0400: 310.317: [GC (GCLocker Initiated GC) [PSYoungGen: 173662K->61298K(175104K)] 565155K->483458K(699392K), 0.0188804 secs] [Times: user=0.17 sys=0.00, real=0.02 secs] 
2016-09-24T00:42:19.428-0400: 310.494: [GC (GCLocker Initiated GC) [PSYoungGen: 149362K->85630K(175104K)] 571569K->526314K(699392K), 0.0389084 secs] [Times: user=0.37 sys=0.01, real=0.04 secs] 
2016-09-24T00:42:19.629-0400: 310.695: [GC (Allocation Failure) [PSYoungGen: 173694K->85858K(175104K)] 614464K->575364K(699392K), 0.0124902 secs] [Times: user=0.18 sys=0.00, real=0.01 secs] 
2016-09-24T00:42:19.642-0400: 310.708: [Full GC (Ergonomics) [PSYoungGen: 85858K->0K(175104K)] [ParOldGen: 489506K->49323K(524288K)] 575364K->49323K(699392K), [Metaspace: 44656K->44656K(1087488K)], 0.0613740 secs] [Times: user=0.41 sys=0.01, real=0.07 secs] 
2016-09-24T00:42:19.888-0400: 310.954: [GC (GCLocker Initiated GC) [PSYoungGen: 88064K->74032K(175104K)] 137392K->123360K(699392K), 0.0072967 secs] [Times: user=0.06 sys=0.01, real=0.01 secs] 
2016-09-24T00:42:20.062-0400: 311.128: [GC (Allocation Failure) [PSYoungGen: 162096K->73640K(175104K)] 211780K->142236K(699392K), 0.0119759 secs] [Times: user=0.12 sys=0.01, real=0.01 secs] 
2016-09-24T00:42:20.271-0400: 311.337: [GC (GCLocker Initiated GC) [PSYoungGen: 161704K->73412K(175104K)] 230300K->142128K(699392K), 0.0205562 secs] [Times: user=0.28 sys=0.00, real=0.02 secs] 
2016-09-24T00:42:20.441-0400: 311.507: [GC (Allocation Failure) [PSYoungGen: 161476K->73836K(175104K)] 230547K->143050K(699392K), 0.0103872 secs] [Times: user=0.16 sys=0.00, real=0.01 secs] 
2016-09-24T00:42:20.620-0400: 311.686: [GC (GCLocker Initiated GC) [PSYoungGen: 161900K->73576K(175104K)] 231120K->143251K(699392K), 0.0127143 secs] [Times: user=0.17 sys=0.00, real=0.01 secs] 
2016-09-24T00:42:20.826-0400: 311.892: [GC (GCLocker Initiated GC) [PSYoungGen: 161640K->55155K(175104K)] 231363K->124981K(699392K), 0.0111479 secs] [Times: user=0.09 sys=0.00, real=0.01 secs] 
2016-09-24T00:42:20.980-0400: 312.046: [GC (Allocation Failure) [PSYoungGen: 143219K->73772K(175104K)] 213350K->168330K(699392K), 0.0262391 secs] [Times: user=0.35 sys=0.00, real=0.03 secs] 
2016-09-24T00:42:21.165-0400: 312.231: [GC (GCLocker Initiated GC) [PSYoungGen: 160434K->55711K(175104K)] 261067K->156831K(699392K), 0.0094539 secs] [Times: user=0.14 sys=0.00, real=0.01 secs] 
2016-09-24T00:42:21.362-0400: 312.428: [GC (GCLocker Initiated GC) [PSYoungGen: 143775K->73476K(175104K)] 244902K->174730K(699392K), 0.0096597 secs] [Times: user=0.12 sys=0.00, real=0.00 secs] 
2016-09-24T00:42:21.502-0400: 312.568: [GC (Allocation Failure) [PSYoungGen: 161540K->73872K(175104K)] 263037K->175497K(699392K), 0.0091686 secs] [Times: user=0.10 sys=0.01, real=0.01 secs] 
2016-09-24T00:42:21.675-0400: 312.741: [GC (GCLocker Initiated GC) [PSYoungGen: 161936K->61394K(175104K)] 263566K->163432K(699392K), 0.0082580 secs] [Times: user=0.09 sys=0.00, real=0.01 secs] 
2016-09-24T00:42:21.856-0400: 312.922: [GC (GCLocker Initiated GC) [PSYoungGen: 149458K->73840K(175104K)] 251712K->176181K(699392K), 0.0071387 secs] [Times: user=0.07 sys=0.00, real=0.01 secs] 
2016-09-24T00:42:22.028-0400: 313.094: [GC (Allocation Failure) [PSYoungGen: 161904K->55419K(175104K)] 270322K->163932K(699392K), 0.0142535 secs] [Times: user=0.13 sys=0.00, real=0.02 secs] 
2016-09-24T00:42:22.235-0400: 313.301: [GC (GCLocker Initiated GC) [PSYoungGen: 142669K->49248K(175104K)] 257258K->164079K(699392K), 0.0245686 secs] [Times: user=0.24 sys=0.00, real=0.02 secs] 
2016-09-24T00:42:22.423-0400: 313.489: [GC (Allocation Failure) [PSYoungGen: 137312K->79879K(175104K)] 252331K->195157K(699392K), 0.0143203 secs] [Times: user=0.14 sys=0.00, real=0.01 secs] 
2016-09-24T00:42:22.600-0400: 313.666: [GC (GCLocker Initiated GC) [PSYoungGen: 167943K->73448K(175104K)] 283222K->195069K(699392K), 0.0157263 secs] [Times: user=0.15 sys=0.00, real=0.02 secs] 
2016-09-24T00:42:22.817-0400: 313.883: [GC (Allocation Failure) [PSYoungGen: 161512K->73640K(175104K)] 283309K->195697K(699392K), 0.0179680 secs] [Times: user=0.22 sys=0.00, real=0.02 secs] 
2016-09-24T00:42:22.988-0400: 314.054: [GC (GCLocker Initiated GC) [PSYoungGen: 156951K->55351K(175104K)] 285083K->183610K(699392K), 0.0094255 secs] [Times: user=0.14 sys=0.00, real=0.01 secs] 
2016-09-24T00:42:23.179-0400: 314.245: [GC (Allocation Failure) [PSYoungGen: 143415K->61170K(175104K)] 271878K->189868K(699392K), 0.0282559 secs] [Times: user=0.26 sys=0.00, real=0.03 secs] 
2016-09-24T00:42:23.344-0400: 314.410: [GC (GCLocker Initiated GC) [PSYoungGen: 149234K->61526K(175104K)] 277933K->245152K(699392K), 0.0142253 secs] [Times: user=0.14 sys=0.00, real=0.01 secs] 
2016-09-24T00:42:23.534-0400: 314.600: [GC (GCLocker Initiated GC) [PSYoungGen: 149590K->61330K(175104K)] 339461K->251445K(699392K), 0.0485693 secs] [Times: user=0.53 sys=0.01, real=0.06 secs] 
2016-09-24T00:42:23.799-0400: 314.865: [GC (GCLocker Initiated GC) [PSYoungGen: 149394K->61430K(175104K)] 339729K->288303K(699392K), 0.0110519 secs] [Times: user=0.08 sys=0.00, real=0.01 secs] 
2016-09-24T00:42:24.011-0400: 315.077: [GC (GCLocker Initiated GC) [PSYoungGen: 149494K->85562K(175104K)] 376426K->318861K(699392K), 0.0133954 secs] [Times: user=0.18 sys=0.00, real=0.02 secs] 
2016-09-24T00:42:24.162-0400: 315.228: [GC (GCLocker Initiated GC) [PSYoungGen: 173626K->61426K(175104K)] 407084K->331501K(699392K), 0.0108134 secs] [Times: user=0.09 sys=0.00, real=0.01 secs] 
2016-09-24T00:42:24.329-0400: 315.395: [GC (GCLocker Initiated GC) [PSYoungGen: 149490K->55387K(175104K)] 425683K->350096K(699392K), 0.0155457 secs] [Times: user=0.14 sys=0.00, real=0.02 secs] 
2016-09-24T00:42:24.502-0400: 315.568: [GC (Allocation Failure) [PSYoungGen: 143451K->55159K(175104K)] 438173K->374409K(699392K), 0.0135992 secs] [Times: user=0.12 sys=0.00, real=0.01 secs] 
2016-09-24T00:42:24.733-0400: 315.799: [GC (GCLocker Initiated GC) [PSYoungGen: 143223K->55159K(175104K)] 462478K->374666K(699392K), 0.0180965 secs] [Times: user=0.17 sys=0.00, real=0.02 secs] 
2016-09-24T00:42:24.918-0400: 315.984: [GC (GCLocker Initiated GC) [PSYoungGen: 143223K->55091K(175104K)] 468998K->380993K(699392K), 0.0190797 secs] [Times: user=0.21 sys=0.00, real=0.02 secs] 
2016-09-24T00:42:25.079-0400: 316.145: [GC (GCLocker Initiated GC) [PSYoungGen: 143155K->49280K(175104K)] 475420K->381640K(699392K), 0.0096977 secs] [Times: user=0.08 sys=0.01, real=0.01 secs] 
2016-09-24T00:42:25.241-0400: 316.307: [GC (GCLocker Initiated GC) [PSYoungGen: 137344K->49084K(175104K)] 469925K->382096K(699392K), 0.0122070 secs] [Times: user=0.12 sys=0.00, real=0.01 secs] 
2016-09-24T00:42:25.428-0400: 316.494: [GC (GCLocker Initiated GC) [PSYoungGen: 137148K->73512K(175104K)] 470212K->412763K(699392K), 0.0130077 secs] [Times: user=0.12 sys=0.00, real=0.01 secs] 
2016-09-24T00:42:25.596-0400: 316.662: [GC (Allocation Failure) [PSYoungGen: 161576K->67473K(175104K)] 500869K->406861K(699392K), 0.0123275 secs] [Times: user=0.11 sys=0.00, real=0.01 secs] 
2016-09-24T00:42:25.785-0400: 316.851: [GC (GCLocker Initiated GC) [PSYoungGen: 155537K->73640K(175104K)] 494925K->462084K(699392K), 0.0126434 secs] [Times: user=0.17 sys=0.00, real=0.01 secs] 
2016-09-24T00:42:25.964-0400: 317.030: [GC (Allocation Failure) [PSYoungGen: 161704K->61462K(175104K)] 550470K->450331K(699392K), 0.0309483 secs] [Times: user=0.30 sys=0.00, real=0.03 secs] 
2016-09-24T00:42:26.169-0400: 317.235: [GC (GCLocker Initiated GC) [PSYoungGen: 149526K->48920K(175104K)] 538395K->438025K(699392K), 0.0154562 secs] [Times: user=0.14 sys=0.00, real=0.02 secs] 
2016-09-24T00:42:26.381-0400: 317.447: [GC (GCLocker Initiated GC) [PSYoungGen: 136984K->67633K(175104K)] 526405K->457142K(699392K), 0.0109605 secs] [Times: user=0.10 sys=0.00, real=0.01 secs] 
2016-09-24T00:42:26.547-0400: 317.613: [GC (GCLocker Initiated GC) [PSYoungGen: 155697K->61462K(172032K)] 545472K->451332K(696320K), 0.0269845 secs] [Times: user=0.27 sys=0.00, real=0.03 secs] 
2016-09-24T00:42:26.767-0400: 317.833: [GC (GCLocker Initiated GC) [PSYoungGen: 149526K->73708K(173568K)] 539712K->464318K(697856K), 0.0279530 secs] [Times: user=0.30 sys=0.01, real=0.03 secs] 
2016-09-24T00:42:26.990-0400: 318.056: [GC (GCLocker Initiated GC) [PSYoungGen: 161772K->73740K(175104K)] 552440K->464715K(699392K), 0.0085806 secs] [Times: user=0.07 sys=0.00, real=0.01 secs] 
2016-09-24T00:42:27.162-0400: 318.228: [GC (GCLocker Initiated GC) [PSYoungGen: 161804K->73580K(175104K)] 552994K->465178K(699392K), 0.0096320 secs] [Times: user=0.07 sys=0.00, real=0.00 secs] 
2016-09-24T00:42:27.364-0400: 318.430: [GC (GCLocker Initiated GC) [PSYoungGen: 161644K->74132K(175104K)] 553507K->466263K(699392K), 0.0101561 secs] [Times: user=0.13 sys=0.00, real=0.01 secs] 
2016-09-24T00:42:27.578-0400: 318.645: [GC (GCLocker Initiated GC) [PSYoungGen: 162196K->48984K(175104K)] 554379K->441434K(699392K), 0.0111631 secs] [Times: user=0.08 sys=0.00, real=0.01 secs] 
2016-09-24T00:42:27.720-0400: 318.786: [GC (GCLocker Initiated GC) [PSYoungGen: 137048K->79687K(175104K)] 529714K->472457K(699392K), 0.0230946 secs] [Times: user=0.24 sys=0.01, real=0.03 secs] 
2016-09-24T00:42:27.942-0400: 319.008: [GC (GCLocker Initiated GC) [PSYoungGen: 167751K->85562K(175104K)] 560687K->527569K(699392K), 0.0340256 secs] [Times: user=0.49 sys=0.00, real=0.04 secs] 
2016-09-24T00:42:28.120-0400: 319.186: [GC (GCLocker Initiated GC) [PSYoungGen: 173626K->67697K(175104K)] 615859K->552543K(699392K), 0.0107857 secs] [Times: user=0.13 sys=0.00, real=0.01 secs] 
2016-09-24T00:42:28.131-0400: 319.197: [Full GC (Ergonomics) [PSYoungGen: 67697K->0K(175104K)] [ParOldGen: 484846K->49497K(524288K)] 552543K->49497K(699392K), [Metaspace: 44658K->44658K(1087488K)], 0.0572310 secs] [Times: user=0.34 sys=0.02, real=0.06 secs] 
2016-09-24T00:42:28.377-0400: 319.443: [GC (Allocation Failure) [PSYoungGen: 88064K->86118K(175104K)] 137911K->142040K(699392K), 0.0131698 secs] [Times: user=0.14 sys=0.00, real=0.01 secs] 
2016-09-24T00:42:28.560-0400: 319.627: [GC (GCLocker Initiated GC) [PSYoungGen: 174182K->73576K(175104K)] 230109K->148356K(699392K), 0.0097523 secs] [Times: user=0.10 sys=0.00, real=0.01 secs] 
2016-09-24T00:42:28.745-0400: 319.811: [GC (GCLocker Initiated GC) [PSYoungGen: 161640K->55223K(175104K)] 242851K->136685K(699392K), 0.0239974 secs] [Times: user=0.21 sys=0.00, real=0.02 secs] 
2016-09-24T00:42:28.966-0400: 320.032: [GC (GCLocker Initiated GC) [PSYoungGen: 143287K->73580K(175104K)] 224862K->155227K(699392K), 0.0168453 secs] [Times: user=0.14 sys=0.00, real=0.02 secs] 
2016-09-24T00:42:29.156-0400: 320.222: [GC (GCLocker Initiated GC) [PSYoungGen: 161644K->55191K(175104K)] 249413K->143211K(699392K), 0.0398169 secs] [Times: user=0.43 sys=0.00, real=0.04 secs] 
2016-09-24T00:42:29.402-0400: 320.468: [GC (GCLocker Initiated GC) [PSYoungGen: 143255K->49312K(175104K)] 237706K->144006K(699392K), 0.0137946 secs] [Times: user=0.11 sys=0.00, real=0.01 secs] 
2016-09-24T00:42:29.575-0400: 320.641: [GC (Allocation Failure) [PSYoungGen: 137376K->55483K(175104K)] 232269K->150635K(699392K), 0.0167354 secs] [Times: user=0.18 sys=0.00, real=0.01 secs] 
2016-09-24T00:42:29.732-0400: 320.798: [GC (GCLocker Initiated GC) [PSYoungGen: 143547K->73740K(175104K)] 238699K->169191K(699392K), 0.0146133 secs] [Times: user=0.15 sys=0.01, real=0.02 secs] 
2016-09-24T00:42:29.915-0400: 320.981: [GC (GCLocker Initiated GC) [PSYoungGen: 161804K->61234K(175104K)] 257616K->175547K(699392K), 0.0088075 secs] [Times: user=0.08 sys=0.00, real=0.01 secs] 
2016-09-24T00:42:30.144-0400: 321.210: [GC (GCLocker Initiated GC) [PSYoungGen: 149298K->55711K(175104K)] 270041K->176730K(699392K), 0.0114611 secs] [Times: user=0.16 sys=0.01, real=0.01 secs] 
2016-09-24T00:42:30.322-0400: 321.388: [GC (GCLocker Initiated GC) [PSYoungGen: 143775K->73412K(175104K)] 271095K->200859K(699392K), 0.0193275 secs] [Times: user=0.19 sys=0.00, real=0.01 secs] 
2016-09-24T00:42:30.491-0400: 321.557: [GC (GCLocker Initiated GC) [PSYoungGen: 161476K->61654K(175104K)] 295152K->195449K(699392K), 0.0055875 secs] [Times: user=0.05 sys=0.00, real=0.01 secs] 
2016-09-24T00:42:30.663-0400: 321.729: [GC (GCLocker Initiated GC) [PSYoungGen: 149718K->55251K(175104K)] 283812K->214093K(699392K), 0.0105993 secs] [Times: user=0.11 sys=0.00, real=0.00 secs] 
2016-09-24T00:42:30.849-0400: 321.915: [GC (GCLocker Initiated GC) [PSYoungGen: 143315K->19132K(175104K)] 320547K->196468K(699392K), 0.0043617 secs] [Times: user=0.03 sys=0.00, real=0.00 secs] 
2016-09-24T00:42:31.018-0400: 322.084: [GC (GCLocker Initiated GC) [PSYoungGen: 107196K->61234K(175104K)] 284629K->238925K(699392K), 0.0079093 secs] [Times: user=0.05 sys=0.01, real=0.01 secs] 
2016-09-24T00:42:31.227-0400: 322.293: [GC (GCLocker Initiated GC) [PSYoungGen: 149298K->48920K(175104K)] 326991K->226856K(699392K), 0.0369826 secs] [Times: user=0.33 sys=0.00, real=0.04 secs] 
2016-09-24T00:42:31.429-0400: 322.496: [GC (Allocation Failure) [PSYoungGen: 136984K->55419K(175104K)] 315276K->233822K(699392K), 0.0151951 secs] [Times: user=0.15 sys=0.00, real=0.02 secs] 
2016-09-24T00:42:31.624-0400: 322.690: [GC (GCLocker Initiated GC) [PSYoungGen: 143483K->73348K(175104K)] 321892K->252180K(699392K), 0.0110238 secs] [Times: user=0.11 sys=0.00, real=0.01 secs] 
2016-09-24T00:42:31.830-0400: 322.896: [GC (GCLocker Initiated GC) [PSYoungGen: 161412K->37258K(175104K)] 352744K->228709K(699392K), 0.0248374 secs] [Times: user=0.28 sys=0.00, real=0.03 secs] 
2016-09-24T00:42:32.055-0400: 323.121: [GC (Allocation Failure) [PSYoungGen: 125322K->67601K(175104K)] 316954K->259493K(699392K), 0.0201786 secs] [Times: user=0.18 sys=0.00, real=0.02 secs] 
2016-09-24T00:42:32.249-0400: 323.315: [GC (GCLocker Initiated GC) [PSYoungGen: 153095K->55351K(175104K)] 351062K->253593K(699392K), 0.0135031 secs] [Times: user=0.13 sys=0.00, real=0.02 secs] 
2016-09-24T00:42:32.426-0400: 323.492: [GC (Allocation Failure) [PSYoungGen: 143415K->79751K(175104K)] 341727K->278315K(699392K), 0.0376592 secs] [Times: user=0.43 sys=0.00, real=0.04 secs] 
2016-09-24T00:42:32.642-0400: 323.708: [GC (Allocation Failure) [PSYoungGen: 167815K->73704K(175104K)] 366379K->309009K(699392K), 0.0118113 secs] [Times: user=0.17 sys=0.00, real=0.00 secs] 
2016-09-24T00:42:32.840-0400: 323.906: [GC (GCLocker Initiated GC) [PSYoungGen: 158785K->55319K(175104K)] 400166K->296803K(699392K), 0.0351101 secs] [Times: user=0.38 sys=0.01, real=0.04 secs] 
2016-09-24T00:42:33.031-0400: 324.097: [GC (GCLocker Initiated GC) [PSYoungGen: 143383K->79751K(175104K)] 385043K->321514K(699392K), 0.0235874 secs] [Times: user=0.23 sys=0.01, real=0.03 secs] 
2016-09-24T00:42:33.244-0400: 324.310: [GC (GCLocker Initiated GC) [PSYoungGen: 167815K->73512K(175104K)] 409722K->321926K(699392K), 0.0151441 secs] [Times: user=0.13 sys=0.00, real=0.01 secs] 
2016-09-24T00:42:33.427-0400: 324.493: [GC (GCLocker Initiated GC) [PSYoungGen: 161576K->61266K(175104K)] 410222K->309983K(699392K), 0.0217021 secs] [Times: user=0.20 sys=0.00, real=0.02 secs] 
2016-09-24T00:42:33.636-0400: 324.702: [GC (GCLocker Initiated GC) [PSYoungGen: 149330K->73576K(175104K)] 398318K->322652K(699392K), 0.0211556 secs] [Times: user=0.26 sys=0.00, real=0.02 secs] 
2016-09-24T00:42:33.835-0400: 324.901: [GC (GCLocker Initiated GC) [PSYoungGen: 161640K->73740K(175104K)] 411083K->323294K(699392K), 0.0073709 secs] [Times: user=0.07 sys=0.00, real=0.00 secs] 
2016-09-24T00:42:33.998-0400: 325.065: [GC (GCLocker Initiated GC) [PSYoungGen: 161804K->73416K(175104K)] 411484K->323347K(699392K), 0.0325167 secs] [Times: user=0.27 sys=0.01, real=0.03 secs] 
2016-09-24T00:42:34.229-0400: 325.295: [GC (GCLocker Initiated GC) [PSYoungGen: 161480K->73644K(175104K)] 411772K->324211K(699392K), 0.0156246 secs] [Times: user=0.16 sys=0.00, real=0.02 secs] 
2016-09-24T00:42:34.460-0400: 325.526: [GC (Allocation Failure) [PSYoungGen: 161708K->73708K(175104K)] 412609K->324868K(699392K), 0.0068814 secs] [Times: user=0.06 sys=0.00, real=0.01 secs] 
2016-09-24T00:42:34.644-0400: 325.710: [GC (GCLocker Initiated GC) [PSYoungGen: 161772K->61070K(175104K)] 412932K->312286K(699392K), 0.0120006 secs] [Times: user=0.11 sys=0.00, real=0.01 secs] 
2016-09-24T00:42:34.796-0400: 325.862: [GC (GCLocker Initiated GC) [PSYoungGen: 149134K->86054K(175104K)] 400419K->343533K(699392K), 0.0099821 secs] [Times: user=0.10 sys=0.00, real=0.01 secs] 
2016-09-24T00:42:34.981-0400: 326.047: [GC (GCLocker Initiated GC) [PSYoungGen: 174118K->85858K(175104K)] 437714K->349769K(699392K), 0.0231203 secs] [Times: user=0.20 sys=0.01, real=0.03 secs] 
2016-09-24T00:42:35.251-0400: 326.317: [GC (Allocation Failure) [PSYoungGen: 173922K->18577K(175104K)] 444146K->331585K(699392K), 0.0310359 secs] [Times: user=0.41 sys=0.00, real=0.04 secs] 
2016-09-24T00:42:35.829-0400: 326.895: [GC (GCLocker Initiated GC) [PSYoungGen: 106641K->18705K(175104K)] 419650K->344007K(699392K), 0.0093891 secs] [Times: user=0.08 sys=0.00, real=0.01 secs] 
