Java HotSpot(TM) 64-Bit Server VM (25.101-b13) for linux-amd64 JRE (1.8.0_101-b13), built on Jun 22 2016 02:59:44 by "java_re" with gcc 4.3.0 20080428 (Red Hat 4.3.0-8)
Memory: 4k page, physical 264122320k(92176140k free), swap 268399612k(268399612k free)
CommandLine flags: -XX:GCLogFileSize=1048576 -XX:+HeapDumpOnOutOfMemoryError -XX:HeapDumpPath=artifacts/heapdump -XX:InitialHeapSize=805306368 -XX:MaxHeapSize=805306368 -XX:NumberOfGCLogFiles=10 -XX:+PrintGC -XX:+PrintGCDateStamps -XX:+PrintGCDetails -XX:+PrintGCTimeStamps -XX:+UseCompressedClassPointers -XX:+UseCompressedOops -XX:+UseGCLogFileRotation -XX:+UseParallelGC 
2016-09-25T22:44:07.415-0400: 2.230: [GC (Metadata GC Threshold) [PSYoungGen: 121898K->15511K(229376K)] 121898K->15599K(753664K), 0.0214847 secs] [Times: user=0.09 sys=0.04, real=0.02 secs] 
2016-09-25T22:44:07.437-0400: 2.252: [Full GC (Metadata GC Threshold) [PSYoungGen: 15511K->0K(229376K)] [ParOldGen: 88K->14601K(348160K)] 15599K->14601K(577536K), [Metaspace: 21070K->21070K(1067008K)], 0.0474623 secs] [Times: user=0.38 sys=0.01, real=0.05 secs] 
2016-09-25T22:44:09.286-0400: 4.101: [GC (Metadata GC Threshold) [PSYoungGen: 120290K->15136K(229376K)] 134891K->29873K(577536K), 0.0139451 secs] [Times: user=0.10 sys=0.01, real=0.01 secs] 
2016-09-25T22:44:09.300-0400: 4.115: [Full GC (Metadata GC Threshold) [PSYoungGen: 15136K->0K(229376K)] [ParOldGen: 14737K->20692K(524288K)] 29873K->20692K(753664K), [Metaspace: 35006K->35006K(1079296K)], 0.0548863 secs] [Times: user=0.52 sys=0.02, real=0.06 secs] 
2016-09-25T22:44:10.893-0400: 5.708: [GC (Allocation Failure) [PSYoungGen: 195253K->32762K(229376K)] 215945K->72498K(753664K), 0.0135502 secs] [Times: user=0.18 sys=0.00, real=0.02 secs] 
2016-09-25T22:44:11.194-0400: 6.009: [GC (GCLocker Initiated GC) [PSYoungGen: 229370K->32749K(229376K)] 269110K->114931K(753664K), 0.0156867 secs] [Times: user=0.12 sys=0.07, real=0.02 secs] 
2016-09-25T22:44:11.308-0400: 6.123: [GC (GCLocker Initiated GC) [PSYoungGen: 229357K->32756K(229376K)] 319862K->164269K(753664K), 0.0169212 secs] [Times: user=0.20 sys=0.03, real=0.02 secs] 
2016-09-25T22:44:11.444-0400: 6.259: [GC (GCLocker Initiated GC) [PSYoungGen: 229364K->32743K(120832K)] 375794K->201273K(645120K), 0.0113554 secs] [Times: user=0.10 sys=0.04, real=0.01 secs] 
2016-09-25T22:44:11.503-0400: 6.318: [GC (GCLocker Initiated GC) [PSYoungGen: 120807K->66830K(175104K)] 292186K->238209K(699392K), 0.0150947 secs] [Times: user=0.22 sys=0.00, real=0.01 secs] 
2016-09-25T22:44:11.561-0400: 6.376: [GC (GCLocker Initiated GC) [PSYoungGen: 154894K->67439K(175104K)] 334568K->250653K(699392K), 0.0109333 secs] [Times: user=0.09 sys=0.03, real=0.01 secs] 
2016-09-25T22:44:11.619-0400: 6.434: [GC (GCLocker Initiated GC) [PSYoungGen: 155503K->61782K(175104K)] 338936K->267418K(699392K), 0.0088160 secs] [Times: user=0.13 sys=0.00, real=0.01 secs] 
2016-09-25T22:44:11.668-0400: 6.483: [GC (GCLocker Initiated GC) [PSYoungGen: 149846K->67069K(175104K)] 359681K->306951K(699392K), 0.0085134 secs] [Times: user=0.12 sys=0.02, real=0.01 secs] 
2016-09-25T22:44:11.708-0400: 6.523: [GC (GCLocker Initiated GC) [PSYoungGen: 155133K->68268K(175104K)] 395126K->338416K(699392K), 0.0094557 secs] [Times: user=0.12 sys=0.03, real=0.01 secs] 
2016-09-25T22:44:11.758-0400: 6.573: [GC (GCLocker Initiated GC) [PSYoungGen: 156332K->49290K(175104K)] 426569K->354887K(699392K), 0.0103450 secs] [Times: user=0.13 sys=0.02, real=0.01 secs] 
2016-09-25T22:44:11.800-0400: 6.615: [GC (GCLocker Initiated GC) [PSYoungGen: 137354K->60186K(175104K)] 447131K->382372K(699392K), 0.0075161 secs] [Times: user=0.08 sys=0.00, real=0.01 secs] 
2016-09-25T22:44:11.844-0400: 6.659: [GC (GCLocker Initiated GC) [PSYoungGen: 148250K->53340K(175104K)] 472042K->395019K(699392K), 0.0085765 secs] [Times: user=0.09 sys=0.01, real=0.00 secs] 
2016-09-25T22:44:11.887-0400: 6.702: [GC (GCLocker Initiated GC) [PSYoungGen: 141404K->84486K(175104K)] 485905K->438758K(699392K), 0.0103883 secs] [Times: user=0.17 sys=0.00, real=0.01 secs] 
2016-09-25T22:44:11.938-0400: 6.753: [GC (GCLocker Initiated GC) [PSYoungGen: 172550K->53362K(175104K)] 529772K->439206K(699392K), 0.0118314 secs] [Times: user=0.16 sys=0.01, real=0.01 secs] 
2016-09-25T22:44:12.007-0400: 6.822: [GC (GCLocker Initiated GC) [PSYoungGen: 141426K->42606K(175104K)] 548924K->458501K(699392K), 0.0063310 secs] [Times: user=0.10 sys=0.00, real=0.00 secs] 
2016-09-25T22:44:12.052-0400: 6.867: [GC (GCLocker Initiated GC) [PSYoungGen: 130670K->53258K(175104K)] 546625K->473515K(699392K), 0.0061798 secs] [Times: user=0.07 sys=0.01, real=0.01 secs] 
2016-09-25T22:44:12.093-0400: 6.908: [GC (GCLocker Initiated GC) [PSYoungGen: 141322K->49435K(175104K)] 567163K->521462K(699392K), 0.0087295 secs] [Times: user=0.12 sys=0.03, real=0.01 secs] 
2016-09-25T22:44:12.102-0400: 6.917: [Full GC (Ergonomics) [PSYoungGen: 49435K->0K(175104K)] [ParOldGen: 472026K->69551K(524288K)] 521462K->69551K(699392K), [Metaspace: 42911K->42892K(1085440K)], 0.1902881 secs] [Times: user=2.93 sys=0.03, real=0.18 secs] 
2016-09-25T22:44:12.339-0400: 7.154: [GC (GCLocker Initiated GC) [PSYoungGen: 88064K->65682K(175104K)] 161909K->139535K(699392K), 0.0075710 secs] [Times: user=0.07 sys=0.02, real=0.01 secs] 
2016-09-25T22:44:12.378-0400: 7.193: [GC (GCLocker Initiated GC) [PSYoungGen: 153746K->65571K(175104K)] 227627K->173641K(699392K), 0.0091225 secs] [Times: user=0.12 sys=0.00, real=0.01 secs] 
2016-09-25T22:44:12.426-0400: 7.241: [GC (GCLocker Initiated GC) [PSYoungGen: 153635K->69618K(175104K)] 265910K->187542K(699392K), 0.0114337 secs] [Times: user=0.17 sys=0.01, real=0.01 secs] 
2016-09-25T22:44:12.475-0400: 7.290: [GC (GCLocker Initiated GC) [PSYoungGen: 157682K->56232K(175104K)] 275683K->205594K(699392K), 0.0073717 secs] [Times: user=0.11 sys=0.00, real=0.00 secs] 
2016-09-25T22:44:12.516-0400: 7.331: [GC (GCLocker Initiated GC) [PSYoungGen: 144296K->70968K(175104K)] 293772K->239653K(699392K), 0.0077678 secs] [Times: user=0.12 sys=0.00, real=0.01 secs] 
2016-09-25T22:44:12.564-0400: 7.379: [GC (GCLocker Initiated GC) [PSYoungGen: 159032K->53468K(175104K)] 333996K->258409K(699392K), 0.0070834 secs] [Times: user=0.10 sys=0.00, real=0.00 secs] 
2016-09-25T22:44:12.606-0400: 7.421: [GC (GCLocker Initiated GC) [PSYoungGen: 141532K->76418K(175104K)] 346518K->284488K(699392K), 0.0068998 secs] [Times: user=0.11 sys=0.00, real=0.00 secs] 
2016-09-25T22:44:12.652-0400: 7.467: [GC (GCLocker Initiated GC) [PSYoungGen: 164482K->71099K(175104K)] 379390K->290304K(699392K), 0.0089713 secs] [Times: user=0.14 sys=0.00, real=0.01 secs] 
2016-09-25T22:44:12.699-0400: 7.514: [GC (GCLocker Initiated GC) [PSYoungGen: 159163K->50462K(175104K)] 381184K->282247K(699392K), 0.0146829 secs] [Times: user=0.19 sys=0.01, real=0.01 secs] 
2016-09-25T22:44:12.751-0400: 7.566: [GC (GCLocker Initiated GC) [PSYoungGen: 138526K->61422K(175104K)] 370454K->300338K(699392K), 0.0068774 secs] [Times: user=0.07 sys=0.00, real=0.01 secs] 
2016-09-25T22:44:12.794-0400: 7.609: [GC (GCLocker Initiated GC) [PSYoungGen: 149486K->73668K(175104K)] 388467K->325102K(699392K), 0.0081556 secs] [Times: user=0.10 sys=0.00, real=0.01 secs] 
2016-09-25T22:44:12.843-0400: 7.658: [GC (GCLocker Initiated GC) [PSYoungGen: 161732K->68332K(175104K)] 413180K->332226K(699392K), 0.0063622 secs] [Times: user=0.10 sys=0.00, real=0.00 secs] 
2016-09-25T22:44:12.880-0400: 7.695: [GC (GCLocker Initiated GC) [PSYoungGen: 156396K->85836K(175104K)] 420416K->362276K(699392K), 0.0076284 secs] [Times: user=0.09 sys=0.00, real=0.01 secs] 
2016-09-25T22:44:12.927-0400: 7.742: [GC (GCLocker Initiated GC) [PSYoungGen: 173900K->61486K(175104K)] 450457K->376159K(699392K), 0.0077817 secs] [Times: user=0.11 sys=0.00, real=0.01 secs] 
2016-09-25T22:44:12.971-0400: 7.787: [GC (GCLocker Initiated GC) [PSYoungGen: 149550K->59049K(175104K)] 466987K->394377K(699392K), 0.0072168 secs] [Times: user=0.09 sys=0.00, real=0.01 secs] 
2016-09-25T22:44:13.016-0400: 7.831: [GC (GCLocker Initiated GC) [PSYoungGen: 147113K->69817K(175104K)] 482507K->421955K(699392K), 0.0083901 secs] [Times: user=0.11 sys=0.00, real=0.01 secs] 
2016-09-25T22:44:13.062-0400: 7.877: [GC (GCLocker Initiated GC) [PSYoungGen: 157881K->57634K(175104K)] 515532K->437326K(699392K), 0.0082430 secs] [Times: user=0.11 sys=0.00, real=0.01 secs] 
2016-09-25T22:44:13.108-0400: 7.923: [GC (GCLocker Initiated GC) [PSYoungGen: 145698K->74022K(175104K)] 533620K->488041K(699392K), 0.0097835 secs] [Times: user=0.15 sys=0.00, real=0.01 secs] 
2016-09-25T22:44:13.161-0400: 7.976: [GC (GCLocker Initiated GC) [PSYoungGen: 162086K->42670K(175104K)] 584350K->481640K(699392K), 0.0064478 secs] [Times: user=0.05 sys=0.00, real=0.01 secs] 
2016-09-25T22:44:13.212-0400: 8.027: [GC (GCLocker Initiated GC) [PSYoungGen: 130734K->68558K(175104K)] 580671K->524323K(699392K), 0.0066118 secs] [Times: user=0.10 sys=0.01, real=0.01 secs] 
2016-09-25T22:44:13.254-0400: 8.069: [GC (GCLocker Initiated GC) [PSYoungGen: 156622K->49474K(175104K)] 617843K->546333K(699392K), 0.0071803 secs] [Times: user=0.11 sys=0.00, real=0.01 secs] 
2016-09-25T22:44:13.261-0400: 8.076: [Full GC (Ergonomics) [PSYoungGen: 49474K->0K(175104K)] [ParOldGen: 496858K->63476K(524288K)] 546333K->63476K(699392K), [Metaspace: 43120K->43120K(1085440K)], 0.0538869 secs] [Times: user=0.58 sys=0.00, real=0.06 secs] 
2016-09-25T22:44:13.352-0400: 8.167: [GC (GCLocker Initiated GC) [PSYoungGen: 88064K->85000K(175104K)] 157109K->156746K(699392K), 0.0079572 secs] [Times: user=0.13 sys=0.00, real=0.01 secs] 
2016-09-25T22:44:13.402-0400: 8.217: [GC (GCLocker Initiated GC) [PSYoungGen: 173064K->63034K(175104K)] 246278K->149242K(699392K), 0.0062295 secs] [Times: user=0.09 sys=0.00, real=0.01 secs] 
2016-09-25T22:44:13.445-0400: 8.260: [GC (GCLocker Initiated GC) [PSYoungGen: 151098K->80630K(175104K)] 240652K->184170K(699392K), 0.0074575 secs] [Times: user=0.11 sys=0.00, real=0.00 secs] 
2016-09-25T22:44:13.485-0400: 8.300: [GC (GCLocker Initiated GC) [PSYoungGen: 168694K->64353K(175104K)] 275075K->200981K(699392K), 0.0075215 secs] [Times: user=0.11 sys=0.00, real=0.00 secs] 
2016-09-25T22:44:13.530-0400: 8.345: [GC (GCLocker Initiated GC) [PSYoungGen: 152417K->61794K(175104K)] 291967K->257174K(699392K), 0.0090427 secs] [Times: user=0.14 sys=0.01, real=0.01 secs] 
2016-09-25T22:44:13.578-0400: 8.393: [GC (GCLocker Initiated GC) [PSYoungGen: 149858K->57712K(175104K)] 352034K->282080K(699392K), 0.0062789 secs] [Times: user=0.08 sys=0.00, real=0.01 secs] 
2016-09-25T22:44:13.620-0400: 8.435: [GC (GCLocker Initiated GC) [PSYoungGen: 145776K->65844K(175104K)] 372971K->320611K(699392K), 0.0072485 secs] [Times: user=0.09 sys=0.01, real=0.01 secs] 
2016-09-25T22:44:13.669-0400: 8.484: [GC (GCLocker Initiated GC) [PSYoungGen: 153908K->71226K(175104K)] 418264K->346954K(699392K), 0.0067777 secs] [Times: user=0.10 sys=0.00, real=0.01 secs] 
2016-09-25T22:44:13.708-0400: 8.523: [GC (GCLocker Initiated GC) [PSYoungGen: 159290K->86062K(175104K)] 440512K->377250K(699392K), 0.0076626 secs] [Times: user=0.10 sys=0.00, real=0.01 secs] 
2016-09-25T22:44:13.754-0400: 8.569: [GC (GCLocker Initiated GC) [PSYoungGen: 174126K->71148K(175104K)] 472154K->391291K(699392K), 0.0074094 secs] [Times: user=0.11 sys=0.00, real=0.00 secs] 
2016-09-25T22:44:13.797-0400: 8.612: [GC (GCLocker Initiated GC) [PSYoungGen: 159212K->72402K(175104K)] 482228K->405272K(699392K), 0.0082489 secs] [Times: user=0.06 sys=0.00, real=0.01 secs] 
2016-09-25T22:44:13.845-0400: 8.660: [GC (GCLocker Initiated GC) [PSYoungGen: 160466K->53676K(175104K)] 505687K->421016K(699392K), 0.0062569 secs] [Times: user=0.08 sys=0.00, real=0.00 secs] 
2016-09-25T22:44:13.883-0400: 8.699: [GC (GCLocker Initiated GC) [PSYoungGen: 141740K->84698K(175104K)] 509179K->466203K(699392K), 0.0073487 secs] [Times: user=0.10 sys=0.00, real=0.00 secs] 
2016-09-25T22:44:13.928-0400: 8.743: [GC (GCLocker Initiated GC) [PSYoungGen: 172762K->54916K(175104K)] 560766K->478506K(699392K), 0.0067679 secs] [Times: user=0.09 sys=0.00, real=0.01 secs] 
2016-09-25T22:44:13.973-0400: 8.788: [GC (GCLocker Initiated GC) [PSYoungGen: 142980K->52408K(175104K)] 576165K->502221K(699392K), 0.0062972 secs] [Times: user=0.07 sys=0.02, real=0.01 secs] 
2016-09-25T22:44:14.009-0400: 8.824: [GC (GCLocker Initiated GC) [PSYoungGen: 140472K->69830K(175104K)] 597120K->558168K(699392K), 0.0078603 secs] [Times: user=0.10 sys=0.00, real=0.01 secs] 
2016-09-25T22:44:14.017-0400: 8.832: [Full GC (Ergonomics) [PSYoungGen: 69830K->0K(175104K)] [ParOldGen: 488338K->82552K(524288K)] 558168K->82552K(699392K), [Metaspace: 43267K->43267K(1085440K)], 0.0561153 secs] [Times: user=0.43 sys=0.01, real=0.05 secs] 
2016-09-25T22:44:14.111-0400: 8.926: [GC (GCLocker Initiated GC) [PSYoungGen: 88064K->78250K(175104K)] 177070K->167257K(699392K), 0.0069051 secs] [Times: user=0.09 sys=0.01, real=0.01 secs] 
2016-09-25T22:44:14.156-0400: 8.971: [GC (GCLocker Initiated GC) [PSYoungGen: 166314K->50774K(175104K)] 258246K->166491K(699392K), 0.0065689 secs] [Times: user=0.08 sys=0.00, real=0.01 secs] 
2016-09-25T22:44:14.195-0400: 9.010: [GC (GCLocker Initiated GC) [PSYoungGen: 138838K->60202K(175104K)] 262720K->196642K(699392K), 0.0078524 secs] [Times: user=0.06 sys=0.00, real=0.01 secs] 
2016-09-25T22:44:14.248-0400: 9.063: [GC (GCLocker Initiated GC) [PSYoungGen: 148266K->58934K(175104K)] 286186K->202784K(699392K), 0.0061489 secs] [Times: user=0.08 sys=0.00, real=0.01 secs] 
2016-09-25T22:44:14.284-0400: 9.099: [GC (GCLocker Initiated GC) [PSYoungGen: 146998K->72452K(175104K)] 290873K->232987K(699392K), 0.0079998 secs] [Times: user=0.11 sys=0.00, real=0.00 secs] 
2016-09-25T22:44:14.334-0400: 9.149: [GC (GCLocker Initiated GC) [PSYoungGen: 160516K->53566K(175104K)] 329231K->238927K(699392K), 0.0058579 secs] [Times: user=0.08 sys=0.00, real=0.01 secs] 
2016-09-25T22:44:14.410-0400: 9.225: [GC (GCLocker Initiated GC) [PSYoungGen: 141630K->56363K(175104K)] 332428K->269276K(699392K), 0.0072251 secs] [Times: user=0.09 sys=0.00, real=0.01 secs] 
2016-09-25T22:44:14.456-0400: 9.271: [GC (GCLocker Initiated GC) [PSYoungGen: 144427K->84790K(175104K)] 365676K->324223K(699392K), 0.0080408 secs] [Times: user=0.13 sys=0.00, real=0.01 secs] 
2016-09-25T22:44:14.510-0400: 9.325: [GC (GCLocker Initiated GC) [PSYoungGen: 172854K->64384K(175104K)] 417939K->334375K(699392K), 0.0072959 secs] [Times: user=0.12 sys=0.00, real=0.01 secs] 
2016-09-25T22:44:14.548-0400: 9.363: [GC (GCLocker Initiated GC) [PSYoungGen: 152448K->84634K(175104K)] 422569K->363274K(699392K), 0.0077616 secs] [Times: user=0.11 sys=0.00, real=0.01 secs] 
2016-09-25T22:44:14.596-0400: 9.411: [GC (GCLocker Initiated GC) [PSYoungGen: 172698K->48262K(175104K)] 459659K->378913K(699392K), 0.0071391 secs] [Times: user=0.12 sys=0.01, real=0.01 secs] 
2016-09-25T22:44:14.640-0400: 9.455: [GC (GCLocker Initiated GC) [PSYoungGen: 136326K->72594K(175104K)] 469701K->422697K(699392K), 0.0066686 secs] [Times: user=0.11 sys=0.00, real=0.01 secs] 
2016-09-25T22:44:14.681-0400: 9.496: [GC (GCLocker Initiated GC) [PSYoungGen: 160658K->65844K(175104K)] 517675K->435567K(699392K), 0.0073570 secs] [Times: user=0.12 sys=0.00, real=0.01 secs] 
2016-09-25T22:44:14.728-0400: 9.543: [GC (GCLocker Initiated GC) [PSYoungGen: 153908K->76566K(175104K)] 526426K->479420K(699392K), 0.0083222 secs] [Times: user=0.12 sys=0.00, real=0.01 secs] 
2016-09-25T22:44:14.771-0400: 9.586: [GC (GCLocker Initiated GC) [PSYoungGen: 164630K->56490K(175104K)] 571204K->494583K(699392K), 0.0076564 secs] [Times: user=0.09 sys=0.00, real=0.01 secs] 
2016-09-25T22:44:14.806-0400: 9.621: [GC (GCLocker Initiated GC) [PSYoungGen: 144554K->76612K(175104K)] 588192K->530402K(699392K), 0.0082506 secs] [Times: user=0.11 sys=0.02, real=0.01 secs] 
2016-09-25T22:44:14.852-0400: 9.667: [GC (GCLocker Initiated GC) [PSYoungGen: 164676K->61684K(175104K)] 623951K->545835K(699392K), 0.0071116 secs] [Times: user=0.10 sys=0.00, real=0.01 secs] 
2016-09-25T22:44:14.859-0400: 9.674: [Full GC (Ergonomics) [PSYoungGen: 61684K->0K(175104K)] [ParOldGen: 484150K->77112K(524288K)] 545835K->77112K(699392K), [Metaspace: 43323K->43323K(1085440K)], 0.0463035 secs] [Times: user=0.39 sys=0.01, real=0.05 secs] 
2016-09-25T22:44:14.949-0400: 9.764: [GC (GCLocker Initiated GC) [PSYoungGen: 88064K->56522K(175104K)] 174797K->143255K(699392K), 0.0053338 secs] [Times: user=0.05 sys=0.01, real=0.01 secs] 
2016-09-25T22:44:14.987-0400: 9.802: [GC (GCLocker Initiated GC) [PSYoungGen: 144586K->54902K(175104K)] 231502K->164150K(699392K), 0.0063186 secs] [Times: user=0.05 sys=0.01, real=0.00 secs] 
2016-09-25T22:44:15.027-0400: 9.842: [GC (GCLocker Initiated GC) [PSYoungGen: 142966K->68462K(175104K)] 254985K->187737K(699392K), 0.0064857 secs] [Times: user=0.06 sys=0.00, real=0.00 secs] 
2016-09-25T22:44:15.069-0400: 9.884: [GC (GCLocker Initiated GC) [PSYoungGen: 156526K->61684K(175104K)] 278759K->215537K(699392K), 0.0077599 secs] [Times: user=0.12 sys=0.00, real=0.01 secs] 
2016-09-25T22:44:15.107-0400: 9.922: [GC (GCLocker Initiated GC) [PSYoungGen: 149748K->83394K(175104K)] 306495K->248690K(699392K), 0.0074632 secs] [Times: user=0.10 sys=0.01, real=0.01 secs] 
2016-09-25T22:44:15.160-0400: 9.975: [GC (GCLocker Initiated GC) [PSYoungGen: 171458K->64508K(175104K)] 350334K->261490K(699392K), 0.0068919 secs] [Times: user=0.08 sys=0.00, real=0.01 secs] 
2016-09-25T22:44:15.205-0400: 10.020: [GC (GCLocker Initiated GC) [PSYoungGen: 152572K->83316K(175104K)] 349629K->287661K(699392K), 0.0076757 secs] [Times: user=0.08 sys=0.00, real=0.00 secs] 
2016-09-25T22:44:15.256-0400: 10.071: [GC (GCLocker Initiated GC) [PSYoungGen: 171380K->49576K(175104K)] 386694K->288270K(699392K), 0.0068053 secs] [Times: user=0.05 sys=0.00, real=0.01 secs] 
2016-09-25T22:44:15.307-0400: 10.122: [GC (GCLocker Initiated GC) [PSYoungGen: 137640K->63034K(175104K)] 376439K->319952K(699392K), 0.0076259 secs] [Times: user=0.07 sys=0.00, real=0.01 secs] 
2016-09-25T22:44:15.359-0400: 10.174: [GC (GCLocker Initiated GC) [PSYoungGen: 151098K->62892K(175104K)] 408126K->339238K(699392K), 0.0076361 secs] [Times: user=0.09 sys=0.00, real=0.01 secs] 
2016-09-25T22:44:15.396-0400: 10.211: [GC (GCLocker Initiated GC) [PSYoungGen: 150956K->80805K(175104K)] 432919K->386106K(699392K), 0.0078527 secs] [Times: user=0.12 sys=0.00, real=0.01 secs] 
2016-09-25T22:44:15.439-0400: 10.254: [GC (GCLocker Initiated GC) [PSYoungGen: 168869K->73880K(175104K)] 476962K->401436K(699392K), 0.0087994 secs] [Times: user=0.08 sys=0.00, real=0.01 secs] 
2016-09-25T22:44:15.492-0400: 10.307: [GC (GCLocker Initiated GC) [PSYoungGen: 161944K->64398K(175104K)] 493376K->400316K(699392K), 0.0059789 secs] [Times: user=0.09 sys=0.00, real=0.01 secs] 
2016-09-25T22:44:15.527-0400: 10.342: [GC (GCLocker Initiated GC) [PSYoungGen: 152462K->69674K(175104K)] 488464K->426451K(699392K), 0.0078931 secs] [Times: user=0.08 sys=0.01, real=0.01 secs] 
2016-09-25T22:44:15.575-0400: 10.390: [GC (GCLocker Initiated GC) [PSYoungGen: 157738K->71148K(175104K)] 515313K->438548K(699392K), 0.0073011 secs] [Times: user=0.09 sys=0.00, real=0.01 secs] 
2016-09-25T22:44:15.623-0400: 10.438: [GC (GCLocker Initiated GC) [PSYoungGen: 159212K->78040K(175104K)] 544287K->478401K(699392K), 0.0069018 secs] [Times: user=0.10 sys=0.01, real=0.00 secs] 
2016-09-25T22:44:15.685-0400: 10.500: [GC (GCLocker Initiated GC) [PSYoungGen: 166104K->64430K(175104K)] 573279K->496421K(699392K), 0.0068796 secs] [Times: user=0.10 sys=0.00, real=0.00 secs] 
2016-09-25T22:44:15.723-0400: 10.538: [GC (GCLocker Initiated GC) [PSYoungGen: 152494K->75184K(175104K)] 584726K->521424K(699392K), 0.0076486 secs] [Times: user=0.10 sys=0.00, real=0.00 secs] 
2016-09-25T22:44:15.772-0400: 10.587: [GC (GCLocker Initiated GC) [PSYoungGen: 163248K->63112K(175104K)] 615059K->541058K(699392K), 0.0069376 secs] [Times: user=0.10 sys=0.01, real=0.01 secs] 
2016-09-25T22:44:15.811-0400: 10.626: [GC (GCLocker Initiated GC) [PSYoungGen: 151176K->60412K(175104K)] 629184K->556469K(699392K), 0.0079120 secs] [Times: user=0.08 sys=0.00, real=0.01 secs] 
2016-09-25T22:44:15.819-0400: 10.634: [Full GC (Ergonomics) [PSYoungGen: 60412K->0K(175104K)] [ParOldGen: 496057K->86622K(524288K)] 556469K->86622K(699392K), [Metaspace: 43345K->43345K(1085440K)], 0.0457998 secs] [Times: user=0.37 sys=0.01, real=0.05 secs] 
2016-09-25T22:44:15.904-0400: 10.719: [GC (GCLocker Initiated GC) [PSYoungGen: 88064K->79710K(175104K)] 182996K->174642K(699392K), 0.0065155 secs] [Times: user=0.09 sys=0.00, real=0.00 secs] 
2016-09-25T22:44:15.949-0400: 10.764: [GC (GCLocker Initiated GC) [PSYoungGen: 167774K->65638K(175104K)] 268219K->191329K(699392K), 0.0072940 secs] [Times: user=0.10 sys=0.01, real=0.01 secs] 
2016-09-25T22:44:15.991-0400: 10.806: [GC (GCLocker Initiated GC) [PSYoungGen: 153702K->73880K(175104K)] 279457K->221633K(699392K), 0.0074327 secs] [Times: user=0.11 sys=0.00, real=0.01 secs] 
2016-09-25T22:44:16.038-0400: 10.853: [GC (GCLocker Initiated GC) [PSYoungGen: 161944K->50880K(175104K)] 323334K->238404K(699392K), 0.0089020 secs] [Times: user=0.11 sys=0.00, real=0.01 secs] 
2016-09-25T22:44:16.090-0400: 10.905: [GC (GCLocker Initiated GC) [PSYoungGen: 138944K->64288K(175104K)] 330582K->267272K(699392K), 0.0060920 secs] [Times: user=0.08 sys=0.00, real=0.01 secs] 
2016-09-25T22:44:16.122-0400: 10.937: [GC (GCLocker Initiated GC) [PSYoungGen: 152352K->68526K(175104K)] 366253K->297658K(699392K), 0.0068699 secs] [Times: user=0.10 sys=0.00, real=0.01 secs] 
2016-09-25T22:44:16.173-0400: 10.988: [GC (GCLocker Initiated GC) [PSYoungGen: 156590K->58934K(174080K)] 392528K->298118K(698368K), 0.0050981 secs] [Times: user=0.07 sys=0.00, real=0.01 secs] 
2016-09-25T22:44:16.205-0400: 11.020: [GC (GCLocker Initiated GC) [PSYoungGen: 146998K->72580K(174592K)] 386819K->327683K(698880K), 0.0068358 secs] [Times: user=0.09 sys=0.00, real=0.00 secs] 
2016-09-25T22:44:16.243-0400: 11.058: [GC (GCLocker Initiated GC) [PSYoungGen: 160644K->76502K(174592K)] 415849K->351178K(698880K), 0.0151498 secs] [Times: user=0.20 sys=0.00, real=0.01 secs] 
2016-09-25T22:44:16.287-0400: 11.102: [GC (GCLocker Initiated GC) [PSYoungGen: 164566K->71276K(175104K)] 444891K->377741K(699392K), 0.0078993 secs] [Times: user=0.12 sys=0.00, real=0.01 secs] 
2016-09-25T22:44:16.337-0400: 11.152: [GC (GCLocker Initiated GC) [PSYoungGen: 159340K->57698K(175104K)] 471287K->391840K(699392K), 0.0063765 secs] [Times: user=0.09 sys=0.00, real=0.01 secs] 
2016-09-25T22:44:16.379-0400: 11.194: [GC (GCLocker Initiated GC) [PSYoungGen: 145762K->75372K(175104K)] 488220K->427757K(699392K), 0.0071554 secs] [Times: user=0.11 sys=0.00, real=0.01 secs] 
2016-09-25T22:44:16.425-0400: 11.240: [GC (GCLocker Initiated GC) [PSYoungGen: 163436K->60187K(175104K)] 518763K->421492K(699392K), 0.0062789 secs] [Times: user=0.06 sys=0.00, real=0.00 secs] 
2016-09-25T22:44:16.470-0400: 11.285: [GC (GCLocker Initiated GC) [PSYoungGen: 148251K->61638K(150016K)] 509624K->436937K(674304K), 0.0064234 secs] [Times: user=0.09 sys=0.00, real=0.01 secs] 
2016-09-25T22:44:16.507-0400: 11.322: [GC (GCLocker Initiated GC) [PSYoungGen: 149702K->72561K(174080K)] 526544K->463347K(698368K), 0.0075370 secs] [Times: user=0.08 sys=0.00, real=0.01 secs] 
2016-09-25T22:44:16.553-0400: 11.368: [GC (GCLocker Initiated GC) [PSYoungGen: 160113K->64493K(152064K)] 555042K->484257K(676352K), 0.0070708 secs] [Times: user=0.10 sys=0.00, real=0.01 secs] 
2016-09-25T22:44:16.596-0400: 11.411: [GC (GCLocker Initiated GC) [PSYoungGen: 152045K->71275K(174592K)] 580109K->528220K(698880K), 0.0074412 secs] [Times: user=0.10 sys=0.00, real=0.01 secs] 
2016-09-25T22:44:16.638-0400: 11.453: [GC (GCLocker Initiated GC) [PSYoungGen: 160363K->72561K(174080K)] 617420K->539615K(698368K), 0.0079230 secs] [Times: user=0.08 sys=0.01, real=0.01 secs] 
2016-09-25T22:44:16.676-0400: 11.491: [GC (GCLocker Initiated GC) [PSYoungGen: 161649K->80675K(173568K)] 631457K->572553K(697856K), 0.0075282 secs] [Times: user=0.11 sys=0.00, real=0.01 secs] 
2016-09-25T22:44:16.684-0400: 11.499: [Full GC (Ergonomics) [PSYoungGen: 80675K->0K(173568K)] [ParOldGen: 491877K->95917K(524288K)] 572553K->95917K(697856K), [Metaspace: 43358K->43358K(1085440K)], 0.0457220 secs] [Times: user=0.35 sys=0.00, real=0.04 secs] 
2016-09-25T22:44:16.778-0400: 11.593: [GC (GCLocker Initiated GC) [PSYoungGen: 88064K->70163K(175104K)] 196236K->178335K(699392K), 0.0063941 secs] [Times: user=0.08 sys=0.01, real=0.01 secs] 
2016-09-25T22:44:16.817-0400: 11.632: [GC (GCLocker Initiated GC) [PSYoungGen: 158227K->79311K(174592K)] 274749K->202060K(698880K), 0.0063045 secs] [Times: user=0.08 sys=0.01, real=0.01 secs] 
2016-09-25T22:44:16.860-0400: 11.675: [GC (GCLocker Initiated GC) [PSYoungGen: 167375K->68511K(175104K)] 294269K->205366K(699392K), 0.0067578 secs] [Times: user=0.09 sys=0.00, real=0.01 secs] 
2016-09-25T22:44:16.903-0400: 11.718: [GC (GCLocker Initiated GC) [PSYoungGen: 156575K->59061K(175104K)] 301599K->226136K(699392K), 0.0064061 secs] [Times: user=0.08 sys=0.00, real=0.00 secs] 
2016-09-25T22:44:16.942-0400: 11.757: [GC (GCLocker Initiated GC) [PSYoungGen: 147125K->72483K(175104K)] 314265K->264377K(699392K), 0.0073086 secs] [Times: user=0.10 sys=0.00, real=0.01 secs] 
2016-09-25T22:44:16.978-0400: 11.793: [GC (GCLocker Initiated GC) [PSYoungGen: 160547K->69752K(172032K)] 357858K->287726K(696320K), 0.0074223 secs] [Times: user=0.11 sys=0.00, real=0.01 secs] 
2016-09-25T22:44:17.015-0400: 11.830: [GC (GCLocker Initiated GC) [PSYoungGen: 157816K->76707K(173568K)] 384071K->310126K(697856K), 0.0078118 secs] [Times: user=0.11 sys=0.01, real=0.01 secs] 
2016-09-25T22:44:17.060-0400: 11.875: [GC (GCLocker Initiated GC) [PSYoungGen: 164771K->71179K(174592K)] 398267K->332267K(698880K), 0.0084126 secs] [Times: user=0.11 sys=0.00, real=0.01 secs] 
2016-09-25T22:44:17.108-0400: 11.923: [GC (GCLocker Initiated GC) [PSYoungGen: 161291K->45717K(175104K)] 433256K->330274K(699392K), 0.0076552 secs] [Times: user=0.08 sys=0.00, real=0.01 secs] 
2016-09-25T22:44:17.154-0400: 11.969: [GC (GCLocker Initiated GC) [PSYoungGen: 135829K->72575K(175104K)] 436625K->375331K(699392K), 0.0074787 secs] [Times: user=0.10 sys=0.00, real=0.00 secs] 
2016-09-25T22:44:17.203-0400: 12.018: [GC (GCLocker Initiated GC) [PSYoungGen: 160639K->42765K(175104K)] 472987K->360972K(699392K), 0.0113546 secs] [Times: user=0.13 sys=0.01, real=0.00 secs] 
2016-09-25T22:44:17.255-0400: 12.070: [GC (GCLocker Initiated GC) [PSYoungGen: 130829K->44083K(175104K)] 457213K->392550K(699392K), 0.0102587 secs] [Times: user=0.12 sys=0.00, real=0.01 secs] 
2016-09-25T22:44:17.302-0400: 12.117: [GC (GCLocker Initiated GC) [PSYoungGen: 132147K->71257K(175104K)] 492872K->449951K(699392K), 0.0080598 secs] [Times: user=0.11 sys=0.00, real=0.01 secs] 
2016-09-25T22:44:17.348-0400: 12.163: [GC (GCLocker Initiated GC) [PSYoungGen: 159321K->67065K(175104K)] 544985K->474942K(699392K), 0.0069494 secs] [Times: user=0.10 sys=0.00, real=0.01 secs] 
2016-09-25T22:44:17.388-0400: 12.203: [GC (GCLocker Initiated GC) [PSYoungGen: 155129K->80744K(175104K)] 565798K->506698K(699392K), 0.0076601 secs] [Times: user=0.10 sys=0.00, real=0.01 secs] 
2016-09-25T22:44:17.427-0400: 12.242: [GC (GCLocker Initiated GC) [PSYoungGen: 168808K->71116K(175104K)] 594919K->516669K(699392K), 0.0070583 secs] [Times: user=0.10 sys=0.00, real=0.01 secs] 
2016-09-25T22:44:17.473-0400: 12.288: [GC (GCLocker Initiated GC) [PSYoungGen: 159180K->50993K(175104K)] 611661K->514714K(699392K), 0.0057772 secs] [Times: user=0.07 sys=0.00, real=0.01 secs] 
2016-09-25T22:44:17.514-0400: 12.329: [GC (GCLocker Initiated GC) [PSYoungGen: 139057K->54760K(175104K)] 604488K->526154K(699392K), 0.0072642 secs] [Times: user=0.07 sys=0.00, real=0.01 secs] 
2016-09-25T22:44:17.555-0400: 12.370: [GC (GCLocker Initiated GC) [PSYoungGen: 142824K->67212K(175104K)] 616940K->563368K(699392K), 0.0070170 secs] [Times: user=0.10 sys=0.00, real=0.00 secs] 
2016-09-25T22:44:17.562-0400: 12.377: [Full GC (Ergonomics) [PSYoungGen: 67212K->0K(175104K)] [ParOldGen: 496156K->96912K(524288K)] 563368K->96912K(699392K), [Metaspace: 43360K->43360K(1085440K)], 0.0475861 secs] [Times: user=0.39 sys=0.01, real=0.05 secs] 
2016-09-25T22:44:17.647-0400: 12.462: [GC (GCLocker Initiated GC) [PSYoungGen: 88064K->74264K(175104K)] 187856K->174056K(699392K), 0.0063603 secs] [Times: user=0.08 sys=0.00, real=0.00 secs] 
2016-09-25T22:44:17.689-0400: 12.504: [GC (GCLocker Initiated GC) [PSYoungGen: 162328K->69875K(175104K)] 267750K->189693K(699392K), 0.0078679 secs] [Times: user=0.11 sys=0.00, real=0.01 secs] 
2016-09-25T22:44:17.734-0400: 12.549: [GC (GCLocker Initiated GC) [PSYoungGen: 157939K->80707K(175104K)] 287333K->232228K(699392K), 0.0080298 secs] [Times: user=0.11 sys=0.00, real=0.01 secs] 
2016-09-25T22:44:17.781-0400: 12.596: [GC (GCLocker Initiated GC) [PSYoungGen: 168771K->68415K(175104K)] 331343K->239624K(699392K), 0.0063605 secs] [Times: user=0.08 sys=0.00, real=0.01 secs] 
2016-09-25T22:44:17.824-0400: 12.639: [GC (GCLocker Initiated GC) [PSYoungGen: 156479K->68351K(175104K)] 335841K->257674K(699392K), 0.0065181 secs] [Times: user=0.09 sys=0.00, real=0.00 secs] 
2016-09-25T22:44:17.865-0400: 12.680: [GC (GCLocker Initiated GC) [PSYoungGen: 156415K->79297K(175104K)] 348591K->292158K(699392K), 0.0082683 secs] [Times: user=0.12 sys=0.00, real=0.00 secs] 
2016-09-25T22:44:17.908-0400: 12.723: [GC (GCLocker Initiated GC) [PSYoungGen: 167361K->72511K(175104K)] 392501K->317052K(699392K), 0.0152606 secs] [Times: user=0.16 sys=0.01, real=0.02 secs] 
2016-09-25T22:44:17.961-0400: 12.776: [GC (GCLocker Initiated GC) [PSYoungGen: 160575K->64319K(175104K)] 408022K->347347K(699392K), 0.0083597 secs] [Times: user=0.13 sys=0.00, real=0.01 secs] 
2016-09-25T22:44:18.002-0400: 12.817: [GC (GCLocker Initiated GC) [PSYoungGen: 152383K->77819K(175104K)] 438391K->377724K(699392K), 0.0076480 secs] [Times: user=0.11 sys=0.00, real=0.01 secs] 
2016-09-25T22:44:18.049-0400: 12.864: [GC (GCLocker Initiated GC) [PSYoungGen: 165883K->60365K(175104K)] 471425K->375730K(699392K), 0.0065904 secs] [Times: user=0.09 sys=0.00, real=0.01 secs] 
2016-09-25T22:44:18.085-0400: 12.900: [GC (GCLocker Initiated GC) [PSYoungGen: 148429K->69687K(175104K)] 463928K->399155K(699392K), 0.0073507 secs] [Times: user=0.12 sys=0.00, real=0.00 secs] 
2016-09-25T22:44:18.129-0400: 12.944: [GC (GCLocker Initiated GC) [PSYoungGen: 157751K->73850K(175104K)] 487288K->424062K(699392K), 0.0069248 secs] [Times: user=0.11 sys=0.00, real=0.01 secs] 
2016-09-25T22:44:18.167-0400: 12.982: [GC (GCLocker Initiated GC) [PSYoungGen: 161914K->71289K(175104K)] 519294K->449405K(699392K), 0.0070957 secs] [Times: user=0.10 sys=0.00, real=0.01 secs] 
2016-09-25T22:44:18.222-0400: 13.037: [GC (GCLocker Initiated GC) [PSYoungGen: 159353K->68539K(156672K)] 559138K->471665K(680960K), 0.0066301 secs] [Times: user=0.08 sys=0.00, real=0.01 secs] 
2016-09-25T22:44:18.273-0400: 13.088: [GC (GCLocker Initiated GC) [PSYoungGen: 156603K->69829K(175104K)] 564058K->496641K(699392K), 0.0100530 secs] [Times: user=0.15 sys=0.00, real=0.02 secs] 
2016-09-25T22:44:18.327-0400: 13.142: [GC (GCLocker Initiated GC) [PSYoungGen: 159429K->46801K(173568K)] 591742K->514660K(697856K), 0.0084458 secs] [Times: user=0.10 sys=0.00, real=0.01 secs] 
2016-09-25T22:44:18.381-0400: 13.196: [GC (GCLocker Initiated GC) [PSYoungGen: 136401K->65967K(176640K)] 612617K->568249K(700928K), 0.0109314 secs] [Times: user=0.10 sys=0.05, real=0.01 secs] 
2016-09-25T22:44:18.392-0400: 13.207: [Full GC (Ergonomics) [PSYoungGen: 65967K->0K(176640K)] [ParOldGen: 502282K->110749K(524288K)] 568249K->110749K(700928K), [Metaspace: 43367K->43367K(1085440K)], 0.0529353 secs] [Times: user=0.39 sys=0.00, real=0.06 secs] 
2016-09-25T22:44:18.498-0400: 13.313: [GC (GCLocker Initiated GC) [PSYoungGen: 90624K->45689K(175616K)] 210895K->165960K(699904K), 0.0220686 secs] [Times: user=0.25 sys=0.00, real=0.02 secs] 
2016-09-25T22:44:18.565-0400: 13.380: [GC (GCLocker Initiated GC) [PSYoungGen: 136313K->78067K(174592K)] 262201K->233124K(698880K), 0.0160618 secs] [Times: user=0.20 sys=0.00, real=0.01 secs] 
2016-09-25T22:44:18.628-0400: 13.443: [GC (GCLocker Initiated GC) [PSYoungGen: 166131K->48165K(175104K)] 328186K->247192K(699392K), 0.0090742 secs] [Times: user=0.10 sys=0.00, real=0.01 secs] 
2016-09-25T22:44:18.691-0400: 13.506: [GC (GCLocker Initiated GC) [PSYoungGen: 136229K->53725K(175104K)] 347441K->277476K(699392K), 0.0083149 secs] [Times: user=0.07 sys=0.01, real=0.01 secs] 
2016-09-25T22:44:18.734-0400: 13.549: [GC (GCLocker Initiated GC) [PSYoungGen: 141789K->82011K(175104K)] 368435K->321406K(699392K), 0.0107002 secs] [Times: user=0.11 sys=0.01, real=0.02 secs] 
2016-09-25T22:44:18.790-0400: 13.605: [GC (GCLocker Initiated GC) [PSYoungGen: 170075K->71115K(175104K)] 415003K->335482K(699392K), 0.0098550 secs] [Times: user=0.10 sys=0.01, real=0.01 secs] 
2016-09-25T22:44:18.840-0400: 13.655: [GC (GCLocker Initiated GC) [PSYoungGen: 159179K->68497K(175104K)] 423654K->355015K(699392K), 0.0128476 secs] [Times: user=0.17 sys=0.01, real=0.01 secs] 
2016-09-25T22:44:18.888-0400: 13.703: [GC (GCLocker Initiated GC) [PSYoungGen: 156561K->72607K(175104K)] 448606K->374559K(699392K), 0.0090600 secs] [Times: user=0.11 sys=0.00, real=0.01 secs] 
2016-09-25T22:44:18.943-0400: 13.758: [GC (GCLocker Initiated GC) [PSYoungGen: 160671K->57679K(175104K)] 469576K->386037K(699392K), 0.0125944 secs] [Times: user=0.15 sys=0.01, real=0.01 secs] 
2016-09-25T22:44:18.997-0400: 13.812: [GC (GCLocker Initiated GC) [PSYoungGen: 145743K->69751K(175104K)] 479558K->435148K(699392K), 0.0110972 secs] [Times: user=0.11 sys=0.00, real=0.01 secs] 
2016-09-25T22:44:19.047-0400: 13.862: [GC (GCLocker Initiated GC) [PSYoungGen: 157815K->45717K(175104K)] 532390K->461201K(699392K), 0.0097780 secs] [Times: user=0.13 sys=0.01, real=0.01 secs] 
2016-09-25T22:44:19.102-0400: 13.917: [GC (GCLocker Initiated GC) [PSYoungGen: 133781K->64351K(175104K)] 557521K->502264K(699392K), 0.0067547 secs] [Times: user=0.07 sys=0.01, real=0.00 secs] 
2016-09-25T22:44:19.148-0400: 13.963: [GC (GCLocker Initiated GC) [PSYoungGen: 152415K->65893K(154112K)] 593197K->528752K(678400K), 0.0076332 secs] [Times: user=0.08 sys=0.00, real=0.01 secs] 
2016-09-25T22:44:19.190-0400: 14.005: [GC (GCLocker Initiated GC) [PSYoungGen: 153957K->73847K(174080K)] 617082K->563184K(698368K), 0.0113369 secs] [Times: user=0.16 sys=0.00, real=0.01 secs] 
2016-09-25T22:44:19.201-0400: 14.016: [Full GC (Ergonomics) [PSYoungGen: 73847K->0K(174080K)] [ParOldGen: 489336K->115394K(524288K)] 563184K->115394K(698368K), [Metaspace: 43370K->43370K(1085440K)], 0.0573381 secs] [Times: user=0.55 sys=0.00, real=0.06 secs] 
2016-09-25T22:44:19.305-0400: 14.120: [GC (GCLocker Initiated GC) [PSYoungGen: 87552K->62095K(174592K)] 215250K->189793K(698880K), 0.0106203 secs] [Times: user=0.07 sys=0.00, real=0.01 secs] 
2016-09-25T22:44:19.368-0400: 14.183: [GC (GCLocker Initiated GC) [PSYoungGen: 149647K->46866K(173568K)] 282804K->183620K(697856K), 0.0132395 secs] [Times: user=0.13 sys=0.00, real=0.01 secs] 
2016-09-25T22:44:19.422-0400: 14.237: [GC (GCLocker Initiated GC) [PSYoungGen: 134418K->76658K(174592K)] 275247K->220657K(698880K), 0.0139252 secs] [Times: user=0.12 sys=0.00, real=0.02 secs] 
2016-09-25T22:44:19.471-0400: 14.286: [GC (GCLocker Initiated GC) [PSYoungGen: 164210K->75151K(175104K)] 311164K->238839K(699392K), 0.0067620 secs] [Times: user=0.10 sys=0.00, real=0.01 secs] 
2016-09-25T22:44:19.515-0400: 14.330: [GC (GCLocker Initiated GC) [PSYoungGen: 163215K->48307K(175104K)] 339050K->247473K(699392K), 0.0063220 secs] [Times: user=0.06 sys=0.00, real=0.00 secs] 
2016-09-25T22:44:19.562-0400: 14.377: [GC (GCLocker Initiated GC) [PSYoungGen: 136371K->85952K(175104K)] 340995K->297871K(699392K), 0.0076223 secs] [Times: user=0.10 sys=0.01, real=0.01 secs] 
2016-09-25T22:44:19.624-0400: 14.439: [GC (GCLocker Initiated GC) [PSYoungGen: 174016K->52151K(175104K)] 394200K->298411K(699392K), 0.0064034 secs] [Times: user=0.08 sys=0.00, real=0.00 secs] 
2016-09-25T22:44:19.678-0400: 14.493: [GC (GCLocker Initiated GC) [PSYoungGen: 140215K->59015K(175104K)] 386577K->334147K(699392K), 0.0099180 secs] [Times: user=0.12 sys=0.00, real=0.01 secs] 
2016-09-25T22:44:19.722-0400: 14.537: [GC (Allocation Failure) [PSYoungGen: 147079K->80754K(175104K)] 423706K->365974K(699392K), 0.0084025 secs] [Times: user=0.08 sys=0.00, real=0.00 secs] 
2016-09-25T22:44:19.732-0400: 14.547: [GC (GCLocker Initiated GC) [PSYoungGen: 86562K->5624K(175104K)] 371782K->373974K(699392K), 0.0105903 secs] [Times: user=0.09 sys=0.00, real=0.02 secs] 
2016-09-25T22:44:19.794-0400: 14.609: [GC (GCLocker Initiated GC) [PSYoungGen: 93154K->56380K(175104K)] 469604K->440978K(699392K), 0.0117621 secs] [Times: user=0.17 sys=0.01, real=0.02 secs] 
2016-09-25T22:44:19.849-0400: 14.664: [GC (GCLocker Initiated GC) [PSYoungGen: 144444K->75307K(175104K)] 532825K->469638K(699392K), 0.0107201 secs] [Times: user=0.15 sys=0.00, real=0.01 secs] 
2016-09-25T22:44:19.902-0400: 14.717: [GC (GCLocker Initiated GC) [PSYoungGen: 163371K->56361K(175104K)] 561847K->489151K(699392K), 0.0071872 secs] [Times: user=0.11 sys=0.00, real=0.00 secs] 
2016-09-25T22:44:19.942-0400: 14.757: [GC (GCLocker Initiated GC) [PSYoungGen: 144425K->53392K(175104K)] 582665K->505558K(699392K), 0.0096968 secs] [Times: user=0.09 sys=0.00, real=0.00 secs] 
2016-09-25T22:44:19.987-0400: 14.802: [GC (GCLocker Initiated GC) [PSYoungGen: 141456K->69783K(175104K)] 596342K->546732K(699392K), 0.0161042 secs] [Times: user=0.19 sys=0.00, real=0.02 secs] 
2016-09-25T22:44:20.004-0400: 14.819: [Full GC (Ergonomics) [PSYoungGen: 69783K->0K(175104K)] [ParOldGen: 476948K->119970K(524288K)] 546732K->119970K(699392K), [Metaspace: 43390K->43390K(1085440K)], 0.0580525 secs] [Times: user=0.48 sys=0.01, real=0.05 secs] 
2016-09-25T22:44:20.106-0400: 14.921: [GC (GCLocker Initiated GC) [PSYoungGen: 88064K->81059K(175104K)] 217655K->210651K(699392K), 0.0096750 secs] [Times: user=0.09 sys=0.01, real=0.01 secs] 
2016-09-25T22:44:20.162-0400: 14.977: [GC (GCLocker Initiated GC) [PSYoungGen: 169123K->75197K(175104K)] 301624K->223421K(699392K), 0.0093700 secs] [Times: user=0.11 sys=0.01, real=0.00 secs] 
2016-09-25T22:44:20.220-0400: 15.035: [GC (GCLocker Initiated GC) [PSYoungGen: 163261K->86062K(175104K)] 315647K->261836K(699392K), 0.0095648 secs] [Times: user=0.12 sys=0.00, real=0.01 secs] 
2016-09-25T22:44:20.280-0400: 15.095: [GC (GCLocker Initiated GC) [PSYoungGen: 174126K->46865K(175104K)] 355415K->236741K(699392K), 0.0089848 secs] [Times: user=0.10 sys=0.00, real=0.01 secs] 
2016-09-25T22:44:20.329-0400: 15.144: [GC (GCLocker Initiated GC) [PSYoungGen: 134929K->77993K(175104K)] 330305K->276554K(699392K), 0.0093718 secs] [Times: user=0.13 sys=0.00, real=0.01 secs] 
2016-09-25T22:44:20.384-0400: 15.199: [GC (GCLocker Initiated GC) [PSYoungGen: 166057K->58998K(175104K)] 370284K->277239K(699392K), 0.0142140 secs] [Times: user=0.19 sys=0.00, real=0.01 secs] 
2016-09-25T22:44:20.440-0400: 15.255: [GC (GCLocker Initiated GC) [PSYoungGen: 147062K->75152K(175104K)] 372159K->312891K(699392K), 0.0071205 secs] [Times: user=0.10 sys=0.00, real=0.01 secs] 
2016-09-25T22:44:20.492-0400: 15.307: [GC (GCLocker Initiated GC) [PSYoungGen: 163216K->45260K(175104K)] 401060K->313162K(699392K), 0.0083890 secs] [Times: user=0.09 sys=0.00, real=0.01 secs] 
2016-09-25T22:44:20.540-0400: 15.355: [GC (GCLocker Initiated GC) [PSYoungGen: 133324K->60188K(175104K)] 404037K->342131K(699392K), 0.0114695 secs] [Times: user=0.11 sys=0.00, real=0.01 secs] 
2016-09-25T22:44:20.598-0400: 15.413: [GC (GCLocker Initiated GC) [PSYoungGen: 148252K->71212K(175104K)] 437157K->382221K(699392K), 0.0096641 secs] [Times: user=0.14 sys=0.00, real=0.01 secs] 
2016-09-25T22:44:20.649-0400: 15.464: [GC (GCLocker Initiated GC) [PSYoungGen: 159276K->73866K(175104K)] 473195K->403119K(699392K), 0.0102452 secs] [Times: user=0.07 sys=0.01, real=0.01 secs] 
2016-09-25T22:44:20.696-0400: 15.511: [GC (GCLocker Initiated GC) [PSYoungGen: 161930K->68511K(175104K)] 492638K->411815K(699392K), 0.0088901 secs] [Times: user=0.11 sys=0.00, real=0.01 secs] 
2016-09-25T22:44:20.749-0400: 15.564: [GC (GCLocker Initiated GC) [PSYoungGen: 156575K->49451K(175104K)] 504344K->408539K(699392K), 0.0080348 secs] [Times: user=0.08 sys=0.01, real=0.01 secs] 
2016-09-25T22:44:20.790-0400: 15.605: [GC (GCLocker Initiated GC) [PSYoungGen: 137515K->61510K(175104K)] 496775K->445521K(699392K), 0.0093100 secs] [Times: user=0.09 sys=0.00, real=0.01 secs] 
2016-09-25T22:44:20.839-0400: 15.654: [GC (GCLocker Initiated GC) [PSYoungGen: 149574K->82122K(175104K)] 541828K->484246K(699392K), 0.0110443 secs] [Times: user=0.14 sys=0.00, real=0.01 secs] 
2016-09-25T22:44:20.890-0400: 15.705: [GC (GCLocker Initiated GC) [PSYoungGen: 170186K->68434K(175104K)] 575095K->482053K(699392K), 0.0075972 secs] [Times: user=0.10 sys=0.00, real=0.01 secs] 
2016-09-25T22:44:20.933-0400: 15.748: [GC (GCLocker Initiated GC) [PSYoungGen: 156498K->59029K(175104K)] 572819K->501446K(699392K), 0.0090933 secs] [Times: user=0.13 sys=0.01, real=0.02 secs] 
2016-09-25T22:44:20.991-0400: 15.806: [GC (GCLocker Initiated GC) [PSYoungGen: 147093K->60283K(175104K)] 600398K->531613K(699392K), 0.0076669 secs] [Times: user=0.07 sys=0.00, real=0.01 secs] 
2016-09-25T22:44:21.041-0400: 15.856: [GC (GCLocker Initiated GC) [PSYoungGen: 148347K->61670K(175104K)] 625178K->545717K(699392K), 0.0119027 secs] [Times: user=0.15 sys=0.00, real=0.01 secs] 
2016-09-25T22:44:21.090-0400: 15.905: [GC (GCLocker Initiated GC) --[PSYoungGen: 149734K->149734K(175104K)] 633907K->673523K(699392K), 0.0122436 secs] [Times: user=0.11 sys=0.01, real=0.02 secs] 
2016-09-25T22:44:21.103-0400: 15.918: [Full GC (Ergonomics) [PSYoungGen: 149734K->0K(175104K)] [ParOldGen: 523789K->118510K(524288K)] 673523K->118510K(699392K), [Metaspace: 43392K->43392K(1085440K)], 0.0578172 secs] [Times: user=0.47 sys=0.01, real=0.05 secs] 
2016-09-25T22:44:21.203-0400: 16.018: [GC (GCLocker Initiated GC) [PSYoungGen: 88064K->71220K(175104K)] 209368K->192524K(699392K), 0.0096441 secs] [Times: user=0.14 sys=0.00, real=0.00 secs] 
2016-09-25T22:44:21.244-0400: 16.059: [GC (GCLocker Initiated GC) [PSYoungGen: 159284K->77888K(175104K)] 280820K->212172K(699392K), 0.0096199 secs] [Times: user=0.14 sys=0.00, real=0.00 secs] 
2016-09-25T22:44:21.295-0400: 16.110: [GC (GCLocker Initiated GC) [PSYoungGen: 165952K->70982K(175104K)] 303035K->230093K(699392K), 0.0099109 secs] [Times: user=0.13 sys=0.01, real=0.01 secs] 
2016-09-25T22:44:21.345-0400: 16.160: [GC (GCLocker Initiated GC) [PSYoungGen: 159046K->69713K(175104K)] 318245K->246756K(699392K), 0.0093511 secs] [Times: user=0.14 sys=0.00, real=0.01 secs] 
2016-09-25T22:44:21.390-0400: 16.205: [GC (GCLocker Initiated GC) [PSYoungGen: 157777K->77859K(175104K)] 352524K->275683K(699392K), 0.0064726 secs] [Times: user=0.09 sys=0.00, real=0.01 secs] 
2016-09-25T22:44:21.443-0400: 16.258: [GC (GCLocker Initiated GC) [PSYoungGen: 165923K->72267K(175104K)] 369222K->286742K(699392K), 0.0065462 secs] [Times: user=0.08 sys=0.00, real=0.00 secs] 
2016-09-25T22:44:21.490-0400: 16.305: [GC (GCLocker Initiated GC) [PSYoungGen: 160331K->72351K(175104K)] 377753K->307650K(699392K), 0.0095549 secs] [Times: user=0.14 sys=0.00, real=0.01 secs] 
2016-09-25T22:44:21.540-0400: 16.355: [GC (GCLocker Initiated GC) [PSYoungGen: 160415K->72240K(175104K)] 409330K->336320K(699392K), 0.0097358 secs] [Times: user=0.12 sys=0.01, real=0.01 secs] 
2016-09-25T22:44:21.599-0400: 16.414: [GC (GCLocker Initiated GC) [PSYoungGen: 160304K->61550K(175104K)] 435341K->359792K(699392K), 0.0091336 secs] [Times: user=0.12 sys=0.00, real=0.01 secs] 
2016-09-25T22:44:21.645-0400: 16.460: [GC (GCLocker Initiated GC) [PSYoungGen: 149614K->66918K(174080K)] 453334K->384442K(698368K), 0.0069020 secs] [Times: user=0.10 sys=0.00, real=0.00 secs] 
2016-09-25T22:44:21.688-0400: 16.503: [GC (GCLocker Initiated GC) [PSYoungGen: 154982K->83168K(174592K)] 478215K->409346K(698880K), 0.0078206 secs] [Times: user=0.11 sys=0.00, real=0.01 secs] 
2016-09-25T22:44:21.734-0400: 16.549: [GC (GCLocker Initiated GC) [PSYoungGen: 171232K->54736K(175104K)] 501540K->419127K(699392K), 0.0068647 secs] [Times: user=0.09 sys=0.01, real=0.01 secs] 
2016-09-25T22:44:21.791-0400: 16.606: [GC (GCLocker Initiated GC) [PSYoungGen: 142800K->57532K(175104K)] 526146K->465433K(699392K), 0.0133655 secs] [Times: user=0.15 sys=0.01, real=0.02 secs] 
2016-09-25T22:44:21.868-0400: 16.683: [GC (GCLocker Initiated GC) [PSYoungGen: 145596K->68317K(175104K)] 558921K->498171K(699392K), 0.0133069 secs] [Times: user=0.16 sys=0.00, real=0.01 secs] 
2016-09-25T22:44:21.917-0400: 16.732: [GC (GCLocker Initiated GC) [PSYoungGen: 156381K->73636K(175104K)] 589834K->511450K(699392K), 0.0074734 secs] [Times: user=0.09 sys=0.01, real=0.01 secs] 
2016-09-25T22:44:21.951-0400: 16.766: [GC (GCLocker Initiated GC) [PSYoungGen: 161700K->80482K(175104K)] 602280K->538899K(699392K), 0.0078213 secs] [Times: user=0.11 sys=0.00, real=0.01 secs] 
2016-09-25T22:44:22.009-0400: 16.824: [GC (GCLocker Initiated GC) [PSYoungGen: 168546K->56185K(175104K)] 644759K->550240K(699392K), 0.0109312 secs] [Times: user=0.12 sys=0.00, real=0.01 secs] 
2016-09-25T22:44:22.020-0400: 16.835: [Full GC (Ergonomics) [PSYoungGen: 56185K->0K(175104K)] [ParOldGen: 494055K->135059K(524288K)] 550240K->135059K(699392K), [Metaspace: 43396K->43396K(1085440K)], 0.0839789 secs] [Times: user=0.55 sys=0.00, real=0.09 secs] 
2016-09-25T22:44:22.143-0400: 16.958: [GC (GCLocker Initiated GC) [PSYoungGen: 88064K->84532K(175104K)] 229986K->229155K(699392K), 0.0064417 secs] [Times: user=0.09 sys=0.00, real=0.00 secs] 
2016-09-25T22:44:22.190-0400: 17.005: [GC (GCLocker Initiated GC) [PSYoungGen: 172596K->50689K(175104K)] 326717K->228152K(699392K), 0.0096603 secs] [Times: user=0.14 sys=0.00, real=0.01 secs] 
2016-09-25T22:44:22.253-0400: 17.068: [GC (GCLocker Initiated GC) [PSYoungGen: 138753K->70922K(175104K)] 317616K->255481K(699392K), 0.0160573 secs] [Times: user=0.24 sys=0.00, real=0.02 secs] 
2016-09-25T22:44:22.311-0400: 17.126: [GC (GCLocker Initiated GC) [PSYoungGen: 158986K->84486K(175104K)] 343671K->287041K(699392K), 0.0116131 secs] [Times: user=0.17 sys=0.00, real=0.02 secs] 
2016-09-25T22:44:22.375-0400: 17.190: [GC (GCLocker Initiated GC) [PSYoungGen: 172550K->77783K(175104K)] 383358K->317242K(699392K), 0.0086119 secs] [Times: user=0.10 sys=0.00, real=0.01 secs] 
2016-09-25T22:44:22.424-0400: 17.239: [GC (GCLocker Initiated GC) [PSYoungGen: 165847K->43936K(175104K)] 406808K->318990K(699392K), 0.0068534 secs] [Times: user=0.10 sys=0.00, real=0.00 secs] 
2016-09-25T22:44:22.464-0400: 17.279: [GC (GCLocker Initiated GC) [PSYoungGen: 132000K->80389K(175104K)] 408569K->373457K(699392K), 0.0122817 secs] [Times: user=0.19 sys=0.00, real=0.01 secs] 
2016-09-25T22:44:22.525-0400: 17.340: [GC (GCLocker Initiated GC) [PSYoungGen: 168453K->65618K(175104K)] 461699K->382169K(699392K), 0.0103765 secs] [Times: user=0.18 sys=0.00, real=0.01 secs] 
2016-09-25T22:44:22.592-0400: 17.409: [GC (GCLocker Initiated GC) [PSYoungGen: 153682K->57311K(175104K)] 470949K->389716K(699392K), 0.0153033 secs] [Times: user=0.12 sys=0.01, real=0.02 secs] 
2016-09-25T22:44:22.646-0400: 17.461: [GC (GCLocker Initiated GC) [PSYoungGen: 145375K->53197K(175104K)] 484678K->400840K(699392K), 0.0377098 secs] [Times: user=0.44 sys=0.00, real=0.04 secs] 
2016-09-25T22:44:22.734-0400: 17.549: [GC (GCLocker Initiated GC) [PSYoungGen: 141261K->61312K(175104K)] 489144K->433788K(699392K), 0.0245325 secs] [Times: user=0.31 sys=0.01, real=0.03 secs] 
2016-09-25T22:44:22.819-0400: 17.634: [GC (GCLocker Initiated GC) [PSYoungGen: 149376K->58821K(175104K)] 534137K->450571K(699392K), 0.0400843 secs] [Times: user=0.48 sys=0.00, real=0.04 secs] 
2016-09-25T22:44:22.904-0400: 17.719: [GC (GCLocker Initiated GC) [PSYoungGen: 146885K->52068K(175104K)] 549471K->473900K(699392K), 0.0078989 secs] [Times: user=0.09 sys=0.00, real=0.00 secs] 
2016-09-25T22:44:22.954-0400: 17.769: [GC (GCLocker Initiated GC) [PSYoungGen: 140132K->60122K(175104K)] 570173K->501263K(699392K), 0.0107392 secs] [Times: user=0.14 sys=0.00, real=0.01 secs] 
2016-09-25T22:44:23.015-0400: 17.830: [GC (GCLocker Initiated GC) [PSYoungGen: 148186K->65554K(175104K)] 592059K->520483K(699392K), 0.0147290 secs] [Times: user=0.12 sys=0.00, real=0.01 secs] 
2016-09-25T22:44:23.083-0400: 17.898: [GC (GCLocker Initiated GC) [PSYoungGen: 153618K->58789K(175104K)] 618049K->524875K(699392K), 0.0064859 secs] [Times: user=0.07 sys=0.00, real=0.00 secs] 
2016-09-25T22:44:23.131-0400: 17.946: [GC (GCLocker Initiated GC) [PSYoungGen: 146853K->54753K(173056K)] 614448K->534801K(697344K), 0.0066955 secs] [Times: user=0.06 sys=0.01, real=0.01 secs] 
2016-09-25T22:44:23.164-0400: 17.979: [GC (GCLocker Initiated GC) [PSYoungGen: 142817K->57343K(174080K)] 622930K->575511K(698368K), 0.0104322 secs] [Times: user=0.12 sys=0.00, real=0.01 secs] 
2016-09-25T22:44:23.175-0400: 17.990: [Full GC (Ergonomics) [PSYoungGen: 57343K->0K(174080K)] [ParOldGen: 518168K->129858K(524288K)] 575511K->129858K(698368K), [Metaspace: 43401K->43401K(1085440K)], 0.0801417 secs] [Times: user=0.65 sys=0.00, real=0.08 secs] 
2016-09-25T22:44:23.306-0400: 18.121: [GC (GCLocker Initiated GC) [PSYoungGen: 88064K->83392K(172544K)] 231666K->229694K(696832K), 0.0066099 secs] [Times: user=0.09 sys=0.00, real=0.00 secs] 
2016-09-25T22:44:23.354-0400: 18.169: [GC (GCLocker Initiated GC) [PSYoungGen: 171456K->75036K(175104K)] 320493K->234055K(699392K), 0.0083490 secs] [Times: user=0.08 sys=0.00, real=0.01 secs] 
2016-09-25T22:44:23.403-0400: 18.218: [GC (GCLocker Initiated GC) [PSYoungGen: 163100K->53322K(175104K)] 322298K->235758K(699392K), 0.0080452 secs] [Times: user=0.09 sys=0.00, real=0.00 secs] 
2016-09-25T22:44:23.449-0400: 18.264: [GC (GCLocker Initiated GC) [PSYoungGen: 141386K->58789K(175104K)] 326649K->263184K(699392K), 0.0074186 secs] [Times: user=0.09 sys=0.00, real=0.01 secs] 
2016-09-25T22:44:23.491-0400: 18.306: [GC (GCLocker Initiated GC) [PSYoungGen: 146853K->85915K(175104K)] 354031K->306907K(699392K), 0.0099338 secs] [Times: user=0.14 sys=0.00, real=0.01 secs] 
2016-09-25T22:44:23.547-0400: 18.362: [GC (GCLocker Initiated GC) [PSYoungGen: 173979K->68306K(175104K)] 405942K->324868K(699392K), 0.0126611 secs] [Times: user=0.11 sys=0.01, real=0.01 secs] 
2016-09-25T22:44:23.604-0400: 18.419: [GC (GCLocker Initiated GC) [PSYoungGen: 156370K->58690K(175104K)] 414363K->341289K(699392K), 0.0099035 secs] [Times: user=0.07 sys=0.00, real=0.00 secs] 
2016-09-25T22:44:23.653-0400: 18.468: [GC (GCLocker Initiated GC) [PSYoungGen: 146754K->69586K(175104K)] 432255K->368843K(699392K), 0.0073351 secs] [Times: user=0.08 sys=0.00, real=0.01 secs] 
2016-09-25T22:44:23.702-0400: 18.517: [GC (GCLocker Initiated GC) [PSYoungGen: 157650K->64218K(175104K)] 472331K->404822K(699392K), 0.0085888 secs] [Times: user=0.12 sys=0.00, real=0.00 secs] 
2016-09-25T22:44:23.753-0400: 18.568: [GC (GCLocker Initiated GC) [PSYoungGen: 152282K->56104K(175104K)] 495655K->421382K(699392K), 0.0063665 secs] [Times: user=0.08 sys=0.00, real=0.01 secs] 
2016-09-25T22:44:23.802-0400: 18.617: [GC (GCLocker Initiated GC) [PSYoungGen: 144168K->66822K(173056K)] 509552K->448681K(697344K), 0.0068226 secs] [Times: user=0.09 sys=0.00, real=0.01 secs] 
2016-09-25T22:44:23.842-0400: 18.657: [GC (GCLocker Initiated GC) [PSYoungGen: 154886K->61600K(174080K)] 542197K->488344K(698368K), 0.0072485 secs] [Times: user=0.10 sys=0.00, real=0.01 secs] 
2016-09-25T22:44:23.892-0400: 18.707: [GC (GCLocker Initiated GC) [PSYoungGen: 149664K->73764K(174080K)] 583316K->514501K(698368K), 0.0072147 secs] [Times: user=0.09 sys=0.00, real=0.01 secs] 
2016-09-25T22:44:23.941-0400: 18.756: [GC (GCLocker Initiated GC) [PSYoungGen: 163364K->81832K(171520K)] 606907K->533781K(695808K), 0.0070408 secs] [Times: user=0.11 sys=0.00, real=0.01 secs] 
2016-09-25T22:44:23.990-0400: 18.805: [GC (GCLocker Initiated GC) [PSYoungGen: 171432K->68236K(175104K)] 626128K->540763K(699392K), 0.0097723 secs] [Times: user=0.14 sys=0.00, real=0.01 secs] 
2016-09-25T22:44:24.038-0400: 18.853: [GC (GCLocker Initiated GC) [PSYoungGen: 156300K->68332K(156672K)] 631696K->569670K(680960K), 0.0098960 secs] [Times: user=0.14 sys=0.00, real=0.01 secs] 
2016-09-25T22:44:24.049-0400: 18.864: [Full GC (Ergonomics) [PSYoungGen: 68332K->0K(156672K)] [ParOldGen: 501337K->126919K(524288K)] 569670K->126919K(680960K), [Metaspace: 43403K->43403K(1085440K)], 0.0517526 secs] [Times: user=0.42 sys=0.00, real=0.05 secs] 
2016-09-25T22:44:24.152-0400: 18.967: [GC (GCLocker Initiated GC) [PSYoungGen: 88064K->68382K(176128K)] 220446K->200764K(700416K), 0.0076466 secs] [Times: user=0.12 sys=0.00, real=0.01 secs] 
2016-09-25T22:44:24.194-0400: 19.009: [GC (GCLocker Initiated GC) [PSYoungGen: 157982K->79122K(174592K)] 293230K->228256K(698880K), 0.0095562 secs] [Times: user=0.12 sys=0.00, real=0.02 secs] 
2016-09-25T22:44:24.250-0400: 19.065: [GC (GCLocker Initiated GC) [PSYoungGen: 168722K->52132K(175104K)] 331443K->238184K(699392K), 0.0059298 secs] [Times: user=0.09 sys=0.00, real=0.01 secs] 
2016-09-25T22:44:24.299-0400: 19.114: [GC (GCLocker Initiated GC) [PSYoungGen: 140196K->68299K(175104K)] 326346K->272298K(699392K), 0.0078325 secs] [Times: user=0.08 sys=0.00, real=0.01 secs] 
2016-09-25T22:44:24.336-0400: 19.151: [GC (GCLocker Initiated GC) [PSYoungGen: 156363K->79174K(175104K)] 363150K->297096K(699392K), 0.0068824 secs] [Times: user=0.09 sys=0.01, real=0.01 secs] 
2016-09-25T22:44:24.388-0400: 19.203: [GC (GCLocker Initiated GC) [PSYoungGen: 167238K->60193K(175104K)] 392023K->321807K(699392K), 0.0091541 secs] [Times: user=0.11 sys=0.00, real=0.01 secs] 
2016-09-25T22:44:24.439-0400: 19.254: [GC (GCLocker Initiated GC) [PSYoungGen: 148257K->67162K(174080K)] 418170K->348213K(698368K), 0.0068046 secs] [Times: user=0.10 sys=0.00, real=0.01 secs] 
2016-09-25T22:44:24.491-0400: 19.306: [GC (GCLocker Initiated GC) [PSYoungGen: 155226K->71060K(174592K)] 439047K->364793K(698880K), 0.0071541 secs] [Times: user=0.10 sys=0.00, real=0.01 secs] 
2016-09-25T22:44:24.532-0400: 19.347: [GC (GCLocker Initiated GC) [PSYoungGen: 159124K->71163K(174592K)] 461105K->407273K(698880K), 0.0110862 secs] [Times: user=0.16 sys=0.00, real=0.02 secs] 
2016-09-25T22:44:24.591-0400: 19.406: [GC (GCLocker Initiated GC) [PSYoungGen: 160763K->79276K(175104K)] 510479K->429414K(699392K), 0.0095297 secs] [Times: user=0.11 sys=0.00, real=0.01 secs] 
2016-09-25T22:44:24.655-0400: 19.470: [GC (GCLocker Initiated GC) [PSYoungGen: 168876K->66940K(175616K)] 531333K->432523K(699904K), 0.0067212 secs] [Times: user=0.07 sys=0.01, real=0.00 secs] 
2016-09-25T22:44:24.707-0400: 19.522: [GC (GCLocker Initiated GC) [PSYoungGen: 155516K->42585K(175104K)] 536137K->443771K(699392K), 0.0093299 secs] [Times: user=0.08 sys=0.00, real=0.01 secs] 
2016-09-25T22:44:24.761-0400: 19.576: [GC (GCLocker Initiated GC) [PSYoungGen: 131161K->42528K(175104K)] 540554K->471233K(699392K), 0.0133988 secs] [Times: user=0.12 sys=0.00, real=0.02 secs] 
2016-09-25T22:44:24.812-0400: 19.627: [GC (GCLocker Initiated GC) [PSYoungGen: 130592K->83239K(175104K)] 559424K->516531K(699392K), 0.0104154 secs] [Times: user=0.12 sys=0.00, real=0.01 secs] 
2016-09-25T22:44:24.879-0400: 19.694: [GC (GCLocker Initiated GC) [PSYoungGen: 171303K->57606K(175104K)] 611416K->525215K(699392K), 0.0097198 secs] [Times: user=0.11 sys=0.01, real=0.01 secs] 
2016-09-25T22:44:24.933-0400: 19.748: [GC (GCLocker Initiated GC) [PSYoungGen: 145670K->67054K(175104K)] 618903K->551529K(699392K), 0.0089593 secs] [Times: user=0.12 sys=0.00, real=0.01 secs] 
2016-09-25T22:44:24.942-0400: 19.757: [Full GC (Ergonomics) [PSYoungGen: 67054K->0K(175104K)] [ParOldGen: 484475K->136352K(524288K)] 551529K->136352K(699392K), [Metaspace: 43405K->43405K(1085440K)], 0.0587770 secs] [Times: user=0.38 sys=0.01, real=0.06 secs] 
2016-09-25T22:44:25.048-0400: 19.863: [GC (GCLocker Initiated GC) [PSYoungGen: 88064K->70120K(175104K)] 232651K->214707K(699392K), 0.0097740 secs] [Times: user=0.13 sys=0.00, real=0.01 secs] 
2016-09-25T22:44:25.104-0400: 19.919: [GC (GCLocker Initiated GC) [PSYoungGen: 158184K->57579K(175104K)] 308350K->226102K(699392K), 0.0068552 secs] [Times: user=0.07 sys=0.01, real=0.00 secs] 
2016-09-25T22:44:25.151-0400: 19.966: [GC (GCLocker Initiated GC) [PSYoungGen: 145643K->75338K(175104K)] 319640K->263322K(699392K), 0.0093865 secs] [Times: user=0.08 sys=0.02, real=0.01 secs] 
2016-09-25T22:44:25.205-0400: 20.020: [GC (GCLocker Initiated GC) [PSYoungGen: 163402K->53493K(175104K)] 351653K->269364K(699392K), 0.0102128 secs] [Times: user=0.09 sys=0.00, real=0.01 secs] 
2016-09-25T22:44:25.252-0400: 20.067: [GC (GCLocker Initiated GC) [PSYoungGen: 141557K->64566K(175104K)] 363156K->302869K(699392K), 0.0074695 secs] [Times: user=0.12 sys=0.00, real=0.01 secs] 
2016-09-25T22:44:25.304-0400: 20.119: [GC (GCLocker Initiated GC) [PSYoungGen: 152630K->78013K(175104K)] 397796K->326523K(699392K), 0.0073085 secs] [Times: user=0.10 sys=0.00, real=0.00 secs] 
2016-09-25T22:44:25.370-0400: 20.185: [GC (GCLocker Initiated GC) [PSYoungGen: 166077K->56307K(175104K)] 429601K->321724K(699392K), 0.0062878 secs] [Times: user=0.05 sys=0.00, real=0.01 secs] 
2016-09-25T22:44:25.426-0400: 20.241: [GC (GCLocker Initiated GC) [PSYoungGen: 144371K->52215K(175104K)] 417958K->330360K(699392K), 0.0129228 secs] [Times: user=0.11 sys=0.01, real=0.01 secs] 
2016-09-25T22:44:25.488-0400: 20.303: [GC (GCLocker Initiated GC) [PSYoungGen: 140279K->67324K(175104K)] 425244K->356859K(699392K), 0.0093278 secs] [Times: user=0.15 sys=0.00, real=0.01 secs] 
2016-09-25T22:44:25.548-0400: 20.363: [GC (GCLocker Initiated GC) [PSYoungGen: 155388K->64492K(152576K)] 451768K->379022K(676864K), 0.0123276 secs] [Times: user=0.17 sys=0.00, real=0.01 secs] 
2016-09-25T22:44:25.603-0400: 20.418: [GC (GCLocker Initiated GC) [PSYoungGen: 152556K->76596K(174080K)] 476749K->405305K(698368K), 0.0083687 secs] [Times: user=0.06 sys=0.00, real=0.00 secs] 
2016-09-25T22:44:25.665-0400: 20.480: [GC (GCLocker Initiated GC) [PSYoungGen: 164148K->68514K(174592K)] 495679K->416865K(698880K), 0.0075148 secs] [Times: user=0.11 sys=0.01, real=0.00 secs] 
2016-09-25T22:44:25.725-0400: 20.540: [GC (GCLocker Initiated GC) [PSYoungGen: 156066K->36161K(175104K)] 513972K->409383K(699392K), 0.0063437 secs] [Times: user=0.07 sys=0.00, real=0.00 secs] 
2016-09-25T22:44:25.778-0400: 20.593: [GC (GCLocker Initiated GC) [PSYoungGen: 124225K->79347K(175104K)] 503010K->473539K(699392K), 0.0092749 secs] [Times: user=0.12 sys=0.00, real=0.01 secs] 
2016-09-25T22:44:25.848-0400: 20.663: [GC (GCLocker Initiated GC) [PSYoungGen: 167411K->48113K(175104K)] 564502K->478127K(699392K), 0.0085302 secs] [Times: user=0.11 sys=0.00, real=0.01 secs] 
2016-09-25T22:44:25.890-0400: 20.705: [GC (GCLocker Initiated GC) [PSYoungGen: 136177K->79380K(175104K)] 566328K->542323K(699392K), 0.0099360 secs] [Times: user=0.12 sys=0.00, real=0.01 secs] 
2016-09-25T22:44:25.952-0400: 20.767: [GC (GCLocker Initiated GC) [PSYoungGen: 167444K->61904K(175104K)] 642752K->559292K(699392K), 0.0108799 secs] [Times: user=0.15 sys=0.01, real=0.02 secs] 
2016-09-25T22:44:25.963-0400: 20.778: [Full GC (Ergonomics) [PSYoungGen: 61904K->0K(175104K)] [ParOldGen: 497388K->145683K(524288K)] 559292K->145683K(699392K), [Metaspace: 43412K->43412K(1085440K)], 0.0559518 secs] [Times: user=0.48 sys=0.00, real=0.05 secs] 
2016-09-25T22:44:26.071-0400: 20.886: [GC (GCLocker Initiated GC) [PSYoungGen: 88064K->68430K(175104K)] 244568K->224934K(699392K), 0.0063730 secs] [Times: user=0.09 sys=0.00, real=0.01 secs] 
2016-09-25T22:44:26.130-0400: 20.945: [GC (GCLocker Initiated GC) [PSYoungGen: 156494K->33322K(175104K)] 313019K->202408K(699392K), 0.0058370 secs] [Times: user=0.04 sys=0.00, real=0.01 secs] 
2016-09-25T22:44:26.170-0400: 20.985: [GC (GCLocker Initiated GC) [PSYoungGen: 121386K->80717K(175104K)] 290654K->255920K(699392K), 0.0134610 secs] [Times: user=0.18 sys=0.00, real=0.02 secs] 
2016-09-25T22:44:26.236-0400: 21.051: [GC (GCLocker Initiated GC) [PSYoungGen: 168781K->56298K(175104K)] 345384K->241516K(699392K), 0.0134921 secs] [Times: user=0.15 sys=0.00, real=0.01 secs] 
2016-09-25T22:44:26.299-0400: 21.114: [GC (GCLocker Initiated GC) [PSYoungGen: 144362K->63023K(175104K)] 333949K->257184K(699392K), 0.0094637 secs] [Times: user=0.08 sys=0.01, real=0.01 secs] 
2016-09-25T22:44:26.348-0400: 21.163: [GC (GCLocker Initiated GC) [PSYoungGen: 151087K->48230K(175104K)] 353516K->279532K(699392K), 0.0074558 secs] [Times: user=0.08 sys=0.01, real=0.01 secs] 
2016-09-25T22:44:26.411-0400: 21.226: [GC (GCLocker Initiated GC) [PSYoungGen: 136294K->53600K(175104K)] 373131K->307173K(699392K), 0.0087220 secs] [Times: user=0.10 sys=0.03, real=0.01 secs] 
2016-09-25T22:44:26.468-0400: 21.283: [GC (GCLocker Initiated GC) [PSYoungGen: 141664K->61829K(175104K)] 396795K->336350K(699392K), 0.0069147 secs] [Times: user=0.10 sys=0.00, real=0.01 secs] 
2016-09-25T22:44:26.518-0400: 21.333: [GC (GCLocker Initiated GC) [PSYoungGen: 149893K->72546K(175104K)] 424567K->368061K(699392K), 0.0071827 secs] [Times: user=0.11 sys=0.00, real=0.01 secs] 
2016-09-25T22:44:26.569-0400: 21.384: [GC (GCLocker Initiated GC) [PSYoungGen: 160610K->72543K(175104K)] 456231K->383535K(699392K), 0.0069266 secs] [Times: user=0.11 sys=0.00, real=0.01 secs] 
2016-09-25T22:44:26.616-0400: 21.431: [GC (GCLocker Initiated GC) [PSYoungGen: 160607K->80823K(175104K)] 479352K->414923K(699392K), 0.0109218 secs] [Times: user=0.12 sys=0.00, real=0.01 secs] 
2016-09-25T22:44:26.680-0400: 21.495: [GC (GCLocker Initiated GC) [PSYoungGen: 168887K->72516K(175104K)] 505901K->423803K(699392K), 0.0138821 secs] [Times: user=0.23 sys=0.00, real=0.01 secs] 
2016-09-25T22:44:26.750-0400: 21.565: [GC (GCLocker Initiated GC) [PSYoungGen: 160580K->41473K(175104K)] 517518K->432623K(699392K), 0.0243165 secs] [Times: user=0.36 sys=0.00, real=0.03 secs] 
2016-09-25T22:44:26.818-0400: 21.633: [GC (GCLocker Initiated GC) [PSYoungGen: 129537K->65736K(175104K)] 527561K->485829K(699392K), 0.0095272 secs] [Times: user=0.13 sys=0.00, real=0.01 secs] 
2016-09-25T22:44:26.859-0400: 21.674: [GC (GCLocker Initiated GC) [PSYoungGen: 153800K->68506K(175104K)] 573943K->513449K(699392K), 0.0074285 secs] [Times: user=0.10 sys=0.00, real=0.01 secs] 
2016-09-25T22:44:26.924-0400: 21.739: [GC (GCLocker Initiated GC) [PSYoungGen: 156570K->82286K(175104K)] 615228K->549522K(699392K), 0.0139475 secs] [Times: user=0.17 sys=0.01, real=0.01 secs] 
2016-09-25T22:44:27.010-0400: 21.825: [GC (GCLocker Initiated GC) [PSYoungGen: 170350K->58966K(175104K)] 637628K->543229K(699392K), 0.0109141 secs] [Times: user=0.14 sys=0.00, real=0.01 secs] 
2016-09-25T22:44:27.052-0400: 21.867: [GC (GCLocker Initiated GC) [PSYoungGen: 147030K->78088K(175104K)] 634146K->580470K(699392K), 0.0076454 secs] [Times: user=0.08 sys=0.00, real=0.01 secs] 
2016-09-25T22:44:27.060-0400: 21.875: [Full GC (Ergonomics) [PSYoungGen: 78088K->0K(175104K)] [ParOldGen: 502382K->149903K(524288K)] 580470K->149903K(699392K), [Metaspace: 43414K->43414K(1085440K)], 0.0607766 secs] [Times: user=0.36 sys=0.00, real=0.06 secs] 
2016-09-25T22:44:27.180-0400: 21.995: [GC (GCLocker Initiated GC) [PSYoungGen: 88064K->78441K(175104K)] 238092K->228469K(699392K), 0.0119779 secs] [Times: user=0.17 sys=0.00, real=0.01 secs] 
2016-09-25T22:44:27.259-0400: 22.074: [GC (GCLocker Initiated GC) [PSYoungGen: 166505K->40291K(175104K)] 326023K->238548K(699392K), 0.0068781 secs] [Times: user=0.08 sys=0.00, real=0.01 secs] 
2016-09-25T22:44:27.309-0400: 22.124: [GC (GCLocker Initiated GC) [PSYoungGen: 128355K->53862K(175104K)] 340357K->280050K(699392K), 0.0108263 secs] [Times: user=0.16 sys=0.00, real=0.01 secs] 
2016-09-25T22:44:27.384-0400: 22.199: [GC (GCLocker Initiated GC) [PSYoungGen: 141926K->67048K(175104K)] 373614K->302168K(699392K), 0.0135365 secs] [Times: user=0.16 sys=0.01, real=0.01 secs] 
2016-09-25T22:44:27.462-0400: 22.277: [GC (GCLocker Initiated GC) [PSYoungGen: 155112K->59015K(175104K)] 397117K->310944K(699392K), 0.0134158 secs] [Times: user=0.18 sys=0.00, real=0.02 secs] 
2016-09-25T22:44:27.519-0400: 22.334: [GC (GCLocker Initiated GC) [PSYoungGen: 147079K->59090K(175104K)] 401769K->330536K(699392K), 0.0068169 secs] [Times: user=0.09 sys=0.00, real=0.01 secs] 
2016-09-25T22:44:27.583-0400: 22.398: [GC (GCLocker Initiated GC) [PSYoungGen: 147154K->66000K(175104K)] 426782K->367797K(699392K), 0.0147241 secs] [Times: user=0.17 sys=0.03, real=0.01 secs] 
2016-09-25T22:44:27.670-0400: 22.485: [GC (GCLocker Initiated GC) [PSYoungGen: 154064K->49647K(175104K)] 456029K->379308K(699392K), 0.0121636 secs] [Times: user=0.13 sys=0.00, real=0.02 secs] 
2016-09-25T22:44:27.722-0400: 22.537: [GC (GCLocker Initiated GC) [PSYoungGen: 137711K->44228K(175104K)] 478415K->403038K(699392K), 0.0150373 secs] [Times: user=0.16 sys=0.02, real=0.02 secs] 
2016-09-25T22:44:27.779-0400: 22.594: [GC (GCLocker Initiated GC) [PSYoungGen: 132292K->50909K(175104K)] 491189K->425204K(699392K), 0.0091512 secs] [Times: user=0.10 sys=0.01, real=0.01 secs] 
2016-09-25T22:44:27.851-0400: 22.666: [GC (GCLocker Initiated GC) [PSYoungGen: 138973K->41545K(175104K)] 523168K->433085K(699392K), 0.0125493 secs] [Times: user=0.10 sys=0.00, real=0.02 secs] 
2016-09-25T22:44:27.924-0400: 22.739: [GC (GCLocker Initiated GC) [PSYoungGen: 129609K->50782K(174080K)] 521275K->468875K(698368K), 0.0078461 secs] [Times: user=0.08 sys=0.00, real=0.00 secs] 
2016-09-25T22:44:27.965-0400: 22.780: [GC (GCLocker Initiated GC) [PSYoungGen: 138846K->59189K(147456K)] 557053K->486044K(671744K), 0.0088444 secs] [Times: user=0.08 sys=0.01, real=0.01 secs] 
2016-09-25T22:44:28.013-0400: 22.828: [GC (GCLocker Initiated GC) [PSYoungGen: 147253K->56268K(176640K)] 574201K->494827K(700928K), 0.0147887 secs] [Times: user=0.15 sys=0.00, real=0.02 secs] 
2016-09-25T22:44:28.088-0400: 22.903: [GC (GCLocker Initiated GC) [PSYoungGen: 148428K->64701K(174080K)] 587435K->554360K(698368K), 0.0199332 secs] [Times: user=0.27 sys=0.02, real=0.02 secs] 
2016-09-25T22:44:28.109-0400: 22.924: [Full GC (Ergonomics) [PSYoungGen: 64701K->0K(174080K)] [ParOldGen: 489659K->156851K(524288K)] 554360K->156851K(698368K), [Metaspace: 43419K->43419K(1085440K)], 0.0587792 secs] [Times: user=0.59 sys=0.01, real=0.06 secs] 
2016-09-25T22:44:28.216-0400: 23.031: [GC (GCLocker Initiated GC) [PSYoungGen: 92160K->54060K(178176K)] 251798K->213698K(702464K), 0.0147180 secs] [Times: user=0.15 sys=0.00, real=0.01 secs] 
2016-09-25T22:44:28.318-0400: 23.133: [GC (GCLocker Initiated GC) [PSYoungGen: 151852K->66227K(178176K)] 311738K->242021K(702464K), 0.0138121 secs] [Times: user=0.13 sys=0.02, real=0.01 secs] 
2016-09-25T22:44:28.383-0400: 23.198: [GC (GCLocker Initiated GC) [PSYoungGen: 164019K->75304K(172544K)] 339943K->268289K(696832K), 0.0088412 secs] [Times: user=0.10 sys=0.00, real=0.00 secs] 
2016-09-25T22:44:28.441-0400: 23.256: [GC (GCLocker Initiated GC) [PSYoungGen: 166440K->76913K(168448K)] 362211K->284042K(692736K), 0.0073954 secs] [Times: user=0.09 sys=0.01, real=0.01 secs] 
2016-09-25T22:44:28.501-0400: 23.316: [GC (GCLocker Initiated GC) [PSYoungGen: 168049K->51043K(175104K)] 375304K->276591K(699392K), 0.0089735 secs] [Times: user=0.10 sys=0.00, real=0.01 secs] 
2016-09-25T22:44:28.562-0400: 23.377: [GC (GCLocker Initiated GC) [PSYoungGen: 139107K->59355K(147456K)] 367506K->303325K(671744K), 0.0245139 secs] [Times: user=0.31 sys=0.00, real=0.03 secs] 
2016-09-25T22:44:28.633-0400: 23.448: [GC (GCLocker Initiated GC) [PSYoungGen: 147419K->66142K(174592K)] 396849K->347504K(698880K), 0.0101840 secs] [Times: user=0.13 sys=0.01, real=0.02 secs] 
2016-09-25T22:44:28.700-0400: 23.515: [GC (GCLocker Initiated GC) [PSYoungGen: 154718K->49892K(174080K)] 445493K->369923K(698368K), 0.0115078 secs] [Times: user=0.14 sys=0.00, real=0.01 secs] 
2016-09-25T22:44:28.757-0400: 23.572: [GC (GCLocker Initiated GC) [PSYoungGen: 138468K->71431K(174080K)] 461424K->408755K(698368K), 0.0096235 secs] [Times: user=0.11 sys=0.00, real=0.01 secs] 
2016-09-25T22:44:28.813-0400: 23.628: [GC (GCLocker Initiated GC) [PSYoungGen: 160519K->57894K(147456K)] 503388K->424432K(671744K), 0.0091247 secs] [Times: user=0.14 sys=0.00, real=0.02 secs] 
2016-09-25T22:44:28.875-0400: 23.690: [GC (GCLocker Initiated GC) [PSYoungGen: 146982K->63274K(176128K)] 513634K->457741K(700416K), 0.0078360 secs] [Times: user=0.12 sys=0.00, real=0.01 secs] 
2016-09-25T22:44:28.921-0400: 23.736: [GC (GCLocker Initiated GC) [PSYoungGen: 154922K->63396K(175104K)] 552171K->478893K(699392K), 0.0186954 secs] [Times: user=0.24 sys=0.00, real=0.02 secs] 
2016-09-25T22:44:28.989-0400: 23.804: [GC (GCLocker Initiated GC) [PSYoungGen: 155044K->71624K(174592K)] 570709K->501709K(698880K), 0.0097583 secs] [Times: user=0.13 sys=0.00, real=0.01 secs] 
2016-09-25T22:44:29.054-0400: 23.869: [GC (GCLocker Initiated GC) [PSYoungGen: 164296K->52590K(176128K)] 599816K->498456K(700416K), 0.0132348 secs] [Times: user=0.14 sys=0.00, real=0.01 secs] 
2016-09-25T22:44:29.126-0400: 23.941: [GC (GCLocker Initiated GC) [PSYoungGen: 145262K->68820K(177664K)] 607507K->531814K(701952K), 0.0139364 secs] [Times: user=0.17 sys=0.01, real=0.01 secs] 
2016-09-25T22:44:29.211-0400: 24.026: [GC (GCLocker Initiated GC) [PSYoungGen: 163028K->41557K(136192K)] 633425K->526341K(660480K), 0.0092787 secs] [Times: user=0.09 sys=0.00, real=0.01 secs] 
2016-09-25T22:44:29.271-0400: 24.086: [GC (GCLocker Initiated GC) [PSYoungGen: 135765K->35896K(173056K)] 620601K->541635K(697344K), 0.0061024 secs] [Times: user=0.05 sys=0.00, real=0.01 secs] 
2016-09-25T22:44:29.280-0400: 24.095: [Full GC (Ergonomics) [PSYoungGen: 35896K->0K(173056K)] [ParOldGen: 505738K->155075K(524288K)] 541635K->155075K(697344K), [Metaspace: 43424K->43424K(1085440K)], 0.0586844 secs] [Times: user=0.41 sys=0.01, real=0.06 secs] 
2016-09-25T22:44:32.599-0400: 27.414: [GC (GCLocker Initiated GC) [PSYoungGen: 88064K->84739K(175104K)] 245870K->242553K(699392K), 0.0121402 secs] [Times: user=0.14 sys=0.00, real=0.01 secs] 
2016-09-25T22:44:32.696-0400: 27.511: [GC (GCLocker Initiated GC) [PSYoungGen: 172803K->52343K(175104K)] 341607K->233832K(699392K), 0.0082232 secs] [Times: user=0.13 sys=0.01, real=0.01 secs] 
2016-09-25T22:44:32.784-0400: 27.599: [GC (GCLocker Initiated GC) [PSYoungGen: 140407K->63304K(175104K)] 324637K->250813K(699392K), 0.0067680 secs] [Times: user=0.07 sys=0.00, real=0.00 secs] 
2016-09-25T22:44:32.832-0400: 27.647: [GC (GCLocker Initiated GC) [PSYoungGen: 151368K->80818K(175104K)] 344534K->285516K(699392K), 0.0089826 secs] [Times: user=0.10 sys=0.00, real=0.01 secs] 
2016-09-25T22:44:32.909-0400: 27.724: [GC (GCLocker Initiated GC) [PSYoungGen: 168882K->61974K(175104K)] 380557K->285105K(699392K), 0.0133179 secs] [Times: user=0.15 sys=0.01, real=0.02 secs] 
2016-09-25T22:44:33.009-0400: 27.824: [GC (GCLocker Initiated GC) [PSYoungGen: 150038K->52323K(175104K)] 381496K->300765K(699392K), 0.0083292 secs] [Times: user=0.08 sys=0.00, real=0.01 secs] 
2016-09-25T22:44:33.067-0400: 27.882: [GC (GCLocker Initiated GC) [PSYoungGen: 140387K->49746K(175104K)] 388874K->321690K(699392K), 0.0170313 secs] [Times: user=0.18 sys=0.00, real=0.02 secs] 
2016-09-25T22:44:33.121-0400: 27.936: [GC (GCLocker Initiated GC) [PSYoungGen: 137810K->64844K(175104K)] 409834K->370046K(699392K), 0.0160904 secs] [Times: user=0.16 sys=0.00, real=0.02 secs] 
2016-09-25T22:44:33.216-0400: 28.031: [GC (GCLocker Initiated GC) [PSYoungGen: 152908K->58126K(146432K)] 462319K->384723K(670720K), 0.0132750 secs] [Times: user=0.09 sys=0.01, real=0.01 secs] 
2016-09-25T22:44:33.299-0400: 28.114: [GC (GCLocker Initiated GC) [PSYoungGen: 146190K->55458K(176128K)] 487866K->399447K(700416K), 0.0071508 secs] [Times: user=0.07 sys=0.00, real=0.01 secs] 
2016-09-25T22:44:33.353-0400: 28.168: [GC (GCLocker Initiated GC) [PSYoungGen: 145570K->67264K(174080K)] 493732K->423138K(698368K), 0.0068238 secs] [Times: user=0.08 sys=0.00, real=0.01 secs] 
2016-09-25T22:44:33.425-0400: 28.240: [GC (GCLocker Initiated GC) [PSYoungGen: 157376K->78152K(172544K)] 518809K->446937K(696832K), 0.0152264 secs] [Times: user=0.12 sys=0.01, real=0.01 secs] 
2016-09-25T22:44:33.524-0400: 28.339: [GC (GCLocker Initiated GC) [PSYoungGen: 166216K->43038K(175104K)] 541854K->431620K(699392K), 0.0089369 secs] [Times: user=0.10 sys=0.00, real=0.00 secs] 
2016-09-25T22:44:33.584-0400: 28.399: [GC (GCLocker Initiated GC) [PSYoungGen: 131102K->48382K(175104K)] 535988K->455454K(699392K), 0.0073201 secs] [Times: user=0.08 sys=0.00, real=0.00 secs] 
2016-09-25T22:44:33.658-0400: 28.473: [GC (GCLocker Initiated GC) [PSYoungGen: 136446K->27877K(175104K)] 549912K->455608K(699392K), 0.0257736 secs] [Times: user=0.28 sys=0.01, real=0.03 secs] 
2016-09-25T22:44:33.746-0400: 28.561: [GC (GCLocker Initiated GC) [PSYoungGen: 115941K->57923K(175104K)] 543826K->504000K(699392K), 0.0098776 secs] [Times: user=0.07 sys=0.01, real=0.01 secs] 
2016-09-25T22:44:33.807-0400: 28.622: [GC (GCLocker Initiated GC) [PSYoungGen: 145987K->65884K(175104K)] 597537K->523661K(699392K), 0.0077528 secs] [Times: user=0.08 sys=0.00, real=0.01 secs] 
2016-09-25T22:44:33.851-0400: 28.666: [GC (GCLocker Initiated GC) [PSYoungGen: 153948K->76703K(175104K)] 614538K->545973K(699392K), 0.0073868 secs] [Times: user=0.08 sys=0.00, real=0.01 secs] 
2016-09-25T22:44:33.905-0400: 28.720: [GC (GCLocker Initiated GC) [PSYoungGen: 164767K->84764K(175104K)] 639669K->579245K(699392K), 0.0114905 secs] [Times: user=0.12 sys=0.00, real=0.01 secs] 
2016-09-25T22:44:33.917-0400: 28.732: [Full GC (Ergonomics) [PSYoungGen: 84764K->0K(175104K)] [ParOldGen: 494480K->178971K(524288K)] 579245K->178971K(699392K), [Metaspace: 43439K->43439K(1085440K)], 0.0661889 secs] [Times: user=0.53 sys=0.01, real=0.07 secs] 
2016-09-25T22:44:34.040-0400: 28.855: [GC (GCLocker Initiated GC) [PSYoungGen: 88064K->86422K(175104K)] 270965K->272023K(699392K), 0.0097212 secs] [Times: user=0.14 sys=0.01, real=0.01 secs] 
2016-09-25T22:44:34.094-0400: 28.909: [GC (GCLocker Initiated GC) [PSYoungGen: 174486K->52360K(175104K)] 363036K->255230K(699392K), 0.0137757 secs] [Times: user=0.18 sys=0.00, real=0.01 secs] 
2016-09-25T22:44:34.162-0400: 28.977: [GC (GCLocker Initiated GC) [PSYoungGen: 140424K->38437K(175104K)] 351567K->263620K(699392K), 0.0090377 secs] [Times: user=0.08 sys=0.01, real=0.00 secs] 
2016-09-25T22:44:34.220-0400: 29.035: [GC (GCLocker Initiated GC) [PSYoungGen: 126501K->67161K(175104K)] 355781K->310362K(699392K), 0.0068125 secs] [Times: user=0.10 sys=0.01, real=0.01 secs] 
2016-09-25T22:44:34.281-0400: 29.096: [GC (GCLocker Initiated GC) [PSYoungGen: 155225K->48111K(175104K)] 405292K->320318K(699392K), 0.0093869 secs] [Times: user=0.14 sys=0.00, real=0.01 secs] 
2016-09-25T22:44:34.337-0400: 29.152: [GC (GCLocker Initiated GC) [PSYoungGen: 136175K->43986K(175104K)] 414853K->343288K(699392K), 0.0067266 secs] [Times: user=0.07 sys=0.00, real=0.01 secs] 
2016-09-25T22:44:34.399-0400: 29.214: [GC (GCLocker Initiated GC) [PSYoungGen: 132050K->67029K(175104K)] 431408K->391245K(699392K), 0.0079784 secs] [Times: user=0.10 sys=0.00, real=0.01 secs] 
2016-09-25T22:44:34.458-0400: 29.273: [GC (GCLocker Initiated GC) [PSYoungGen: 155093K->52364K(175104K)] 487608K->417622K(699392K), 0.0118898 secs] [Times: user=0.10 sys=0.00, real=0.01 secs] 
2016-09-25T22:44:34.633-0400: 29.448: [GC (GCLocker Initiated GC) [PSYoungGen: 140428K->52250K(175104K)] 512396K->442452K(699392K), 0.0096218 secs] [Times: user=0.11 sys=0.00, real=0.02 secs] 
2016-09-25T22:44:34.686-0400: 29.501: [GC (GCLocker Initiated GC) [PSYoungGen: 140314K->55059K(175104K)] 536070K->464857K(699392K), 0.0092584 secs] [Times: user=0.10 sys=0.01, real=0.01 secs] 
2016-09-25T22:44:34.749-0400: 29.564: [GC (GCLocker Initiated GC) [PSYoungGen: 143123K->64546K(175104K)] 557083K->481834K(699392K), 0.0096882 secs] [Times: user=0.13 sys=0.00, real=0.01 secs] 
2016-09-25T22:44:34.820-0400: 29.635: [GC (GCLocker Initiated GC) [PSYoungGen: 152610K->31833K(175104K)] 569950K->491619K(699392K), 0.0074511 secs] [Times: user=0.08 sys=0.00, real=0.01 secs] 
2016-09-25T22:44:34.876-0400: 29.691: [GC (GCLocker Initiated GC) [PSYoungGen: 119897K->59032K(175104K)] 579737K->555701K(699392K), 0.0158046 secs] [Times: user=0.19 sys=0.01, real=0.01 secs] 
2016-09-25T22:44:34.892-0400: 29.707: [Full GC (Ergonomics) [PSYoungGen: 59032K->0K(175104K)] [ParOldGen: 496669K->175508K(524288K)] 555701K->175508K(699392K), [Metaspace: 43451K->43451K(1085440K)], 0.0898306 secs] [Times: user=0.68 sys=0.00, real=0.09 secs] 
2016-09-25T22:44:35.033-0400: 29.848: [GC (GCLocker Initiated GC) [PSYoungGen: 88064K->78304K(175104K)] 270406K->260646K(699392K), 0.0072243 secs] [Times: user=0.10 sys=0.00, real=0.01 secs] 
2016-09-25T22:44:35.100-0400: 29.915: [GC (GCLocker Initiated GC) [PSYoungGen: 166368K->52364K(175104K)] 364198K->263274K(699392K), 0.0127683 secs] [Times: user=0.12 sys=0.00, real=0.01 secs] 
2016-09-25T22:44:35.168-0400: 29.984: [GC (GCLocker Initiated GC) [PSYoungGen: 140428K->57627K(175104K)] 354073K->301541K(699392K), 0.0101631 secs] [Times: user=0.12 sys=0.00, real=0.01 secs] 
2016-09-25T22:44:35.222-0400: 30.037: [GC (GCLocker Initiated GC) [PSYoungGen: 145691K->79300K(175104K)] 392499K->329139K(699392K), 0.0109525 secs] [Times: user=0.10 sys=0.01, real=0.00 secs] 
2016-09-25T22:44:35.291-0400: 30.106: [GC (GCLocker Initiated GC) [PSYoungGen: 167364K->61645K(175104K)] 417382K->335289K(699392K), 0.0138181 secs] [Times: user=0.19 sys=0.01, real=0.02 secs] 
2016-09-25T22:44:35.355-0400: 30.170: [GC (GCLocker Initiated GC) [PSYoungGen: 149709K->50943K(175104K)] 428833K->353440K(699392K), 0.0125026 secs] [Times: user=0.16 sys=0.01, real=0.01 secs] 
2016-09-25T22:44:35.410-0400: 30.225: [GC (GCLocker Initiated GC) [PSYoungGen: 139007K->86186K(175104K)] 444350K->400212K(699392K), 0.0127482 secs] [Times: user=0.14 sys=0.00, real=0.02 secs] 
2016-09-25T22:44:35.468-0400: 30.283: [GC (GCLocker Initiated GC) [PSYoungGen: 174250K->69891K(175104K)] 489841K->422540K(699392K), 0.0102558 secs] [Times: user=0.15 sys=0.01, real=0.01 secs] 
2016-09-25T22:44:35.527-0400: 30.342: [GC (GCLocker Initiated GC) [PSYoungGen: 157955K->58996K(175104K)] 522598K->451188K(699392K), 0.0113483 secs] [Times: user=0.17 sys=0.00, real=0.01 secs] 
2016-09-25T22:44:35.583-0400: 30.398: [GC (GCLocker Initiated GC) [PSYoungGen: 147060K->61592K(175104K)] 539327K->482783K(699392K), 0.0066810 secs] [Times: user=0.09 sys=0.00, real=0.00 secs] 
2016-09-25T22:44:35.634-0400: 30.449: [GC (GCLocker Initiated GC) [PSYoungGen: 149656K->63205K(175104K)] 573611K->513204K(699392K), 0.0096318 secs] [Times: user=0.13 sys=0.00, real=0.02 secs] 
2016-09-25T22:44:35.688-0400: 30.503: [GC (GCLocker Initiated GC) [PSYoungGen: 151269K->64442K(172032K)] 607193K->523666K(696320K), 0.0089553 secs] [Times: user=0.10 sys=0.00, real=0.01 secs] 
2016-09-25T22:44:35.738-0400: 30.553: [GC (GCLocker Initiated GC) [PSYoungGen: 152506K->65745K(173568K)] 617234K->551348K(697856K), 0.0083786 secs] [Times: user=0.08 sys=0.00, real=0.01 secs] 
2016-09-25T22:44:35.747-0400: 30.562: [Full GC (Ergonomics) [PSYoungGen: 65745K->0K(173568K)] [ParOldGen: 485602K->165902K(524288K)] 551348K->165902K(697856K), [Metaspace: 43454K->43454K(1085440K)], 0.1867607 secs] [Times: user=2.59 sys=0.03, real=0.18 secs] 
2016-09-25T22:44:35.982-0400: 30.797: [GC (GCLocker Initiated GC) [PSYoungGen: 88064K->66063K(174080K)] 259513K->237512K(698368K), 0.0057440 secs] [Times: user=0.09 sys=0.00, real=0.01 secs] 
2016-09-25T22:44:36.031-0400: 30.846: [GC (GCLocker Initiated GC) [PSYoungGen: 158223K->60542K(175616K)] 341972K->278816K(699904K), 0.0066496 secs] [Times: user=0.08 sys=0.00, real=0.01 secs] 
2016-09-25T22:44:36.090-0400: 30.905: [GC (GCLocker Initiated GC) [PSYoungGen: 152702K->68491K(178176K)] 380517K->298210K(702464K), 0.0062978 secs] [Times: user=0.07 sys=0.00, real=0.01 secs] 
2016-09-25T22:44:36.145-0400: 30.960: [GC (GCLocker Initiated GC) [PSYoungGen: 164747K->66978K(178688K)] 394506K->304014K(702976K), 0.0098823 secs] [Times: user=0.13 sys=0.01, real=0.01 secs] 
2016-09-25T22:44:36.200-0400: 31.015: [GC (GCLocker Initiated GC) [PSYoungGen: 163234K->80686K(172032K)] 400418K->326366K(696320K), 0.0070730 secs] [Times: user=0.10 sys=0.00, real=0.01 secs] 
2016-09-25T22:44:36.254-0400: 31.069: [GC (GCLocker Initiated GC) [PSYoungGen: 170798K->71174K(176128K)] 419249K->339057K(700416K), 0.0109963 secs] [Times: user=0.11 sys=0.00, real=0.02 secs] 
2016-09-25T22:44:36.314-0400: 31.129: [GC (GCLocker Initiated GC) [PSYoungGen: 161286K->59138K(175104K)] 438439K->357055K(699392K), 0.0063808 secs] [Times: user=0.08 sys=0.00, real=0.01 secs] 
2016-09-25T22:44:36.375-0400: 31.190: [GC (GCLocker Initiated GC) [PSYoungGen: 149250K->53539K(175616K)] 449907K->366894K(699904K), 0.0082574 secs] [Times: user=0.10 sys=0.00, real=0.01 secs] 
2016-09-25T22:44:36.429-0400: 31.244: [GC (GCLocker Initiated GC) [PSYoungGen: 143651K->68503K(175616K)] 459950K->404151K(699904K), 0.0200483 secs] [Times: user=0.21 sys=0.00, real=0.02 secs] 
2016-09-25T22:44:36.494-0400: 31.309: [GC (GCLocker Initiated GC) [PSYoungGen: 159637K->54865K(176128K)] 500510K->409705K(700416K), 0.0125236 secs] [Times: user=0.10 sys=0.00, real=0.02 secs] 
2016-09-25T22:44:36.550-0400: 31.365: [GC (GCLocker Initiated GC) [PSYoungGen: 146001K->83241K(172544K)] 500913K->442796K(696832K), 0.0098451 secs] [Times: user=0.14 sys=0.00, real=0.01 secs] 
2016-09-25T22:44:36.612-0400: 31.427: [GC (GCLocker Initiated GC) [PSYoungGen: 171305K->35897K(175104K)] 544423K->413436K(699392K), 0.0060656 secs] [Times: user=0.05 sys=0.00, real=0.01 secs] 
2016-09-25T22:44:36.672-0400: 31.487: [GC (GCLocker Initiated GC) [PSYoungGen: 123961K->48110K(175104K)] 505678K->461387K(699392K), 0.0116770 secs] [Times: user=0.16 sys=0.02, real=0.02 secs] 
2016-09-25T22:44:36.732-0400: 31.547: [GC (GCLocker Initiated GC) [PSYoungGen: 136174K->58975K(175104K)] 554863K->484817K(699392K), 0.0089663 secs] [Times: user=0.12 sys=0.00, real=0.01 secs] 
2016-09-25T22:44:36.789-0400: 31.604: [GC (GCLocker Initiated GC) [PSYoungGen: 147039K->72419K(175104K)] 573342K->504707K(699392K), 0.0088240 secs] [Times: user=0.08 sys=0.01, real=0.01 secs] 
2016-09-25T22:44:36.834-0400: 31.649: [GC (GCLocker Initiated GC) [PSYoungGen: 160483K->71289K(175104K)] 592856K->517548K(699392K), 0.0091405 secs] [Times: user=0.14 sys=0.01, real=0.01 secs] 
2016-09-25T22:44:36.893-0400: 31.708: [GC (GCLocker Initiated GC) [PSYoungGen: 159353K->80866K(175104K)] 617955K->542720K(699392K), 0.0082503 secs] [Times: user=0.09 sys=0.00, real=0.01 secs] 
2016-09-25T22:44:36.941-0400: 31.756: [GC (GCLocker Initiated GC) [PSYoungGen: 168930K->54894K(175104K)] 633617K->522896K(699392K), 0.0070159 secs] [Times: user=0.08 sys=0.00, real=0.01 secs] 
2016-09-25T22:44:36.988-0400: 31.803: [GC (GCLocker Initiated GC) [PSYoungGen: 142958K->83330K(175104K)] 616546K->560032K(699392K), 0.0123845 secs] [Times: user=0.18 sys=0.00, real=0.01 secs] 
2016-09-25T22:44:37.046-0400: 31.861: [GC (GCLocker Initiated GC) [PSYoungGen: 171394K->84749K(175104K)] 650897K->587662K(699392K), 0.0087361 secs] [Times: user=0.11 sys=0.00, real=0.01 secs] 
2016-09-25T22:44:37.055-0400: 31.870: [Full GC (Ergonomics) [PSYoungGen: 84749K->0K(175104K)] [ParOldGen: 502912K->173038K(524288K)] 587662K->173038K(699392K), [Metaspace: 43461K->43461K(1085440K)], 0.0668953 secs] [Times: user=0.48 sys=0.02, real=0.07 secs] 
2016-09-25T22:44:37.165-0400: 31.980: [GC (GCLocker Initiated GC) [PSYoungGen: 88064K->74211K(175104K)] 272149K->258296K(699392K), 0.0064291 secs] [Times: user=0.09 sys=0.00, real=0.00 secs] 
2016-09-25T22:44:37.209-0400: 32.024: [GC (GCLocker Initiated GC) [PSYoungGen: 162275K->68537K(175104K)] 346397K->264246K(699392K), 0.0066266 secs] [Times: user=0.09 sys=0.00, real=0.01 secs] 
2016-09-25T22:44:37.252-0400: 32.067: [GC (GCLocker Initiated GC) [PSYoungGen: 156601K->51034K(175104K)] 357875K->274509K(699392K), 0.0062486 secs] [Times: user=0.08 sys=0.01, real=0.01 secs] 
2016-09-25T22:44:37.324-0400: 32.139: [GC (GCLocker Initiated GC) [PSYoungGen: 139098K->76687K(175104K)] 368122K->325143K(699392K), 0.0158179 secs] [Times: user=0.22 sys=0.00, real=0.01 secs] 
2016-09-25T22:44:37.399-0400: 32.214: [GC (GCLocker Initiated GC) [PSYoungGen: 164751K->67084K(175104K)] 415942K->339132K(699392K), 0.0087341 secs] [Times: user=0.08 sys=0.00, real=0.01 secs] 
2016-09-25T22:44:37.447-0400: 32.262: [GC (GCLocker Initiated GC) [PSYoungGen: 155148K->75266K(175104K)] 427728K->355074K(699392K), 0.0157161 secs] [Times: user=0.21 sys=0.01, real=0.02 secs] 
2016-09-25T22:44:37.500-0400: 32.315: [GC (GCLocker Initiated GC) [PSYoungGen: 163330K->57657K(175104K)] 451204K->366301K(699392K), 0.0087032 secs] [Times: user=0.08 sys=0.00, real=0.01 secs] 
2016-09-25T22:44:37.570-0400: 32.385: [GC (GCLocker Initiated GC) [PSYoungGen: 145721K->61715K(175104K)] 458601K->391279K(699392K), 0.0110991 secs] [Times: user=0.13 sys=0.00, real=0.01 secs] 
2016-09-25T22:44:37.637-0400: 32.452: [GC (GCLocker Initiated GC) [PSYoungGen: 149779K->81952K(175104K)] 479406K->425560K(699392K), 0.0070452 secs] [Times: user=0.10 sys=0.00, real=0.01 secs] 
2016-09-25T22:44:37.684-0400: 32.499: [GC (GCLocker Initiated GC) [PSYoungGen: 170016K->58924K(175104K)] 519119K->443628K(699392K), 0.0098001 secs] [Times: user=0.12 sys=0.00, real=0.00 secs] 
2016-09-25T22:44:37.730-0400: 32.545: [GC (GCLocker Initiated GC) [PSYoungGen: 146988K->74073K(175104K)] 531875K->481034K(699392K), 0.0104877 secs] [Times: user=0.15 sys=0.00, real=0.01 secs] 
2016-09-25T22:44:37.805-0400: 32.620: [GC (GCLocker Initiated GC) [PSYoungGen: 162137K->56155K(175104K)] 574545K->492147K(699392K), 0.0109662 secs] [Times: user=0.13 sys=0.00, real=0.01 secs] 
2016-09-25T22:44:37.867-0400: 32.682: [GC (GCLocker Initiated GC) [PSYoungGen: 144219K->74039K(175104K)] 580400K->526841K(699392K), 0.0065975 secs] [Times: user=0.09 sys=0.01, real=0.00 secs] 
2016-09-25T22:44:37.913-0400: 32.728: [GC (GCLocker Initiated GC) [PSYoungGen: 162103K->71134K(175104K)] 616441K->535522K(699392K), 0.0071688 secs] [Times: user=0.09 sys=0.00, real=0.01 secs] 
2016-09-25T22:44:37.971-0400: 32.786: [GC (GCLocker Initiated GC) [PSYoungGen: 159198K->52267K(175104K)] 637299K->549773K(699392K), 0.0190616 secs] [Times: user=0.26 sys=0.00, real=0.02 secs] 
2016-09-25T22:44:37.991-0400: 32.806: [Full GC (Ergonomics) [PSYoungGen: 52267K->0K(175104K)] [ParOldGen: 497506K->178303K(524288K)] 549773K->178303K(699392K), [Metaspace: 43465K->43465K(1085440K)], 0.0725919 secs] [Times: user=0.60 sys=0.00, real=0.08 secs] 
2016-09-25T22:44:38.109-0400: 32.924: [GC (GCLocker Initiated GC) [PSYoungGen: 88064K->64629K(175104K)] 271951K->248517K(699392K), 0.0105767 secs] [Times: user=0.15 sys=0.00, real=0.01 secs] 
2016-09-25T22:44:38.149-0400: 32.964: [GC (GCLocker Initiated GC) [PSYoungGen: 152693K->71066K(175104K)] 336688K->269236K(699392K), 0.0064572 secs] [Times: user=0.07 sys=0.01, real=0.01 secs] 
2016-09-25T22:44:38.211-0400: 33.026: [GC (GCLocker Initiated GC) [PSYoungGen: 159130K->63147K(175104K)] 369700K->299837K(699392K), 0.0112631 secs] [Times: user=0.14 sys=0.00, real=0.02 secs] 
2016-09-25T22:44:38.292-0400: 33.107: [GC (GCLocker Initiated GC) [PSYoungGen: 151211K->64397K(174080K)] 390936K->310089K(698368K), 0.0091682 secs] [Times: user=0.14 sys=0.00, real=0.01 secs] 
2016-09-25T22:44:38.342-0400: 33.157: [GC (GCLocker Initiated GC) [PSYoungGen: 152461K->53438K(174592K)] 399571K->322603K(698880K), 0.0063361 secs] [Times: user=0.08 sys=0.00, real=0.01 secs] 
2016-09-25T22:44:38.379-0400: 33.194: [GC (GCLocker Initiated GC) [PSYoungGen: 141502K->62982K(171520K)] 413386K->373066K(695808K), 0.0216965 secs] [Times: user=0.28 sys=0.00, real=0.02 secs] 
2016-09-25T22:44:38.457-0400: 33.272: [GC (GCLocker Initiated GC) [PSYoungGen: 152070K->78088K(173568K)] 468288K->396090K(697856K), 0.0139173 secs] [Times: user=0.15 sys=0.00, real=0.01 secs] 
2016-09-25T22:44:38.536-0400: 33.351: [GC (GCLocker Initiated GC) [PSYoungGen: 167176K->48050K(175104K)] 490766K->385727K(699392K), 0.0093740 secs] [Times: user=0.09 sys=0.01, real=0.01 secs] 
2016-09-25T22:44:38.582-0400: 33.397: [GC (GCLocker Initiated GC) [PSYoungGen: 136114K->69714K(175104K)] 476785K->424374K(699392K), 0.0069923 secs] [Times: user=0.10 sys=0.00, real=0.01 secs] 
2016-09-25T22:44:38.626-0400: 33.441: [GC (GCLocker Initiated GC) [PSYoungGen: 157778K->69654K(175104K)] 512534K->432874K(699392K), 0.0097356 secs] [Times: user=0.08 sys=0.01, real=0.01 secs] 
2016-09-25T22:44:38.692-0400: 33.507: [GC (GCLocker Initiated GC) [PSYoungGen: 157718K->42612K(175104K)] 521151K->432027K(699392K), 0.0117826 secs] [Times: user=0.13 sys=0.00, real=0.02 secs] 
2016-09-25T22:44:38.763-0400: 33.578: [GC (Allocation Failure) [PSYoungGen: 130676K->64339K(175104K)] 520180K->469175K(699392K), 0.0100378 secs] [Times: user=0.10 sys=0.00, real=0.00 secs] 
2016-09-25T22:44:38.774-0400: 33.589: [GC (GCLocker Initiated GC) [PSYoungGen: 64730K->416K(175104K)] 469566K->485491K(699392K), 0.0062119 secs] [Times: user=0.07 sys=0.00, real=0.01 secs] 
2016-09-25T22:44:38.780-0400: 33.595: [Full GC (Ergonomics) [PSYoungGen: 416K->0K(175104K)] [ParOldGen: 485075K->174119K(524288K)] 485491K->174119K(699392K), [Metaspace: 43465K->43465K(1085440K)], 0.0571227 secs] [Times: user=0.36 sys=0.01, real=0.06 secs] 
2016-09-25T22:44:38.870-0400: 33.686: [GC (GCLocker Initiated GC) [PSYoungGen: 87982K->70259K(175104K)] 267502K->249779K(699392K), 0.0084771 secs] [Times: user=0.11 sys=0.01, real=0.01 secs] 
2016-09-25T22:44:38.933-0400: 33.748: [GC (GCLocker Initiated GC) [PSYoungGen: 158323K->58938K(175104K)] 343363K->276017K(699392K), 0.0062836 secs] [Times: user=0.09 sys=0.00, real=0.01 secs] 
2016-09-25T22:44:38.989-0400: 33.804: [GC (GCLocker Initiated GC) [PSYoungGen: 147002K->67232K(175104K)] 372969K->298999K(699392K), 0.0108425 secs] [Times: user=0.15 sys=0.00, real=0.01 secs] 
2016-09-25T22:44:39.051-0400: 33.866: [GC (GCLocker Initiated GC) [PSYoungGen: 155296K->71153K(175104K)] 392616K->323950K(699392K), 0.0090589 secs] [Times: user=0.10 sys=0.00, real=0.01 secs] 
2016-09-25T22:44:39.108-0400: 33.923: [GC (GCLocker Initiated GC) [PSYoungGen: 159217K->68417K(175104K)] 414845K->351478K(699392K), 0.0093507 secs] [Times: user=0.14 sys=0.00, real=0.01 secs] 
2016-09-25T22:44:39.170-0400: 33.985: [GC (Allocation Failure) [PSYoungGen: 156481K->63144K(175104K)] 447951K->368566K(699392K), 0.0084712 secs] [Times: user=0.10 sys=0.00, real=0.01 secs] 
2016-09-25T22:44:39.230-0400: 34.045: [GC (GCLocker Initiated GC) [PSYoungGen: 149603K->53455K(175104K)] 457726K->387835K(699392K), 0.0077689 secs] [Times: user=0.12 sys=0.00, real=0.01 secs] 
2016-09-25T22:44:39.277-0400: 34.092: [GC (GCLocker Initiated GC) [PSYoungGen: 141519K->83476K(175104K)] 478855K->423829K(699392K), 0.0093699 secs] [Times: user=0.14 sys=0.00, real=0.01 secs] 
2016-09-25T22:44:39.339-0400: 34.154: [GC (GCLocker Initiated GC) [PSYoungGen: 171540K->65729K(175104K)] 518694K->440525K(699392K), 0.0092386 secs] [Times: user=0.14 sys=0.00, real=0.01 secs] 
2016-09-25T22:44:39.402-0400: 34.217: [GC (GCLocker Initiated GC) [PSYoungGen: 153793K->53503K(175104K)] 529078K->450865K(699392K), 0.0092161 secs] [Times: user=0.09 sys=0.01, real=0.01 secs] 
2016-09-25T22:44:39.447-0400: 34.262: [GC (GCLocker Initiated GC) [PSYoungGen: 141567K->77994K(175104K)] 541694K->484062K(699392K), 0.0085216 secs] [Times: user=0.11 sys=0.00, real=0.01 secs] 
2016-09-25T22:44:39.510-0400: 34.325: [GC (GCLocker Initiated GC) [PSYoungGen: 166058K->65952K(175104K)] 577684K->487545K(699392K), 0.0093200 secs] [Times: user=0.06 sys=0.00, real=0.01 secs] 
2016-09-25T22:44:39.566-0400: 34.381: [GC (GCLocker Initiated GC) [PSYoungGen: 154016K->60397K(175104K)] 582456K->529907K(699392K), 0.0102812 secs] [Times: user=0.12 sys=0.01, real=0.01 secs] 
2016-09-25T22:44:39.628-0400: 34.443: [Full GC (Ergonomics) [PSYoungGen: 148461K->0K(175104K)] [ParOldGen: 473698K->182208K(524288K)] 622160K->182208K(699392K), [Metaspace: 43469K->43469K(1085440K)], 0.0521441 secs] [Times: user=0.41 sys=0.01, real=0.05 secs] 
2016-09-25T22:44:39.730-0400: 34.545: [GC (GCLocker Initiated GC) [PSYoungGen: 88064K->75390K(175104K)] 273071K->260398K(699392K), 0.0124288 secs] [Times: user=0.15 sys=0.00, real=0.02 secs] 
2016-09-25T22:44:39.780-0400: 34.595: [GC (GCLocker Initiated GC) [PSYoungGen: 163454K->71355K(175104K)] 348592K->288259K(699392K), 0.0095770 secs] [Times: user=0.12 sys=0.00, real=0.01 secs] 
2016-09-25T22:44:39.826-0400: 34.641: [GC (GCLocker Initiated GC) [PSYoungGen: 159419K->75252K(175104K)] 387230K->311740K(699392K), 0.0092131 secs] [Times: user=0.12 sys=0.00, real=0.01 secs] 
2016-09-25T22:44:39.896-0400: 34.711: [GC (GCLocker Initiated GC) [PSYoungGen: 163316K->61710K(175104K)] 402696K->331372K(699392K), 0.0101552 secs] [Times: user=0.14 sys=0.01, real=0.01 secs] 
2016-09-25T22:44:39.948-0400: 34.763: [GC (GCLocker Initiated GC) [PSYoungGen: 149774K->76696K(175104K)] 419465K->368435K(699392K), 0.0067633 secs] [Times: user=0.10 sys=0.00, real=0.01 secs] 
2016-09-25T22:44:39.996-0400: 34.811: [GC (GCLocker Initiated GC) [PSYoungGen: 164760K->67288K(175104K)] 464740K->379990K(699392K), 0.0064074 secs] [Times: user=0.09 sys=0.00, real=0.01 secs] 
2016-09-25T22:44:40.064-0400: 34.879: [GC (GCLocker Initiated GC) [PSYoungGen: 155352K->63167K(175104K)] 483030K->402231K(699392K), 0.0116985 secs] [Times: user=0.17 sys=0.00, real=0.01 secs] 
2016-09-25T22:44:40.121-0400: 34.936: [GC (GCLocker Initiated GC) [PSYoungGen: 151231K->35825K(175104K)] 498401K->387561K(699392K), 0.0065057 secs] [Times: user=0.06 sys=0.00, real=0.01 secs] 
2016-09-25T22:44:40.174-0400: 34.989: [GC (GCLocker Initiated GC) [PSYoungGen: 123889K->42719K(175104K)] 478443K->419366K(699392K), 0.0074343 secs] [Times: user=0.10 sys=0.00, real=0.00 secs] 
2016-09-25T22:44:40.221-0400: 35.036: [GC (GCLocker Initiated GC) [PSYoungGen: 130783K->68558K(175104K)] 511579K->452471K(699392K), 0.0111551 secs] [Times: user=0.11 sys=0.00, real=0.01 secs] 
2016-09-25T22:44:40.280-0400: 35.095: [GC (GCLocker Initiated GC) [PSYoungGen: 156622K->62947K(175104K)] 544787K->462533K(699392K), 0.0106363 secs] [Times: user=0.09 sys=0.00, real=0.01 secs] 
2016-09-25T22:44:40.333-0400: 35.148: [GC (GCLocker Initiated GC) [PSYoungGen: 151011K->69807K(175104K)] 553392K->492965K(699392K), 0.0106622 secs] [Times: user=0.15 sys=0.00, real=0.02 secs] 
2016-09-25T22:44:40.396-0400: 35.211: [GC (GCLocker Initiated GC) [PSYoungGen: 157871K->58955K(175104K)] 589203K->515044K(699392K), 0.0074973 secs] [Times: user=0.06 sys=0.01, real=0.01 secs] 
2016-09-25T22:44:40.453-0400: 35.268: [GC (GCLocker Initiated GC) [PSYoungGen: 147019K->56302K(173056K)] 603175K->539987K(697344K), 0.0088392 secs] [Times: user=0.10 sys=0.00, real=0.01 secs] 
2016-09-25T22:44:40.462-0400: 35.277: [Full GC (Ergonomics) [PSYoungGen: 56302K->0K(173056K)] [ParOldGen: 483684K->187067K(524288K)] 539987K->187067K(697344K), [Metaspace: 43487K->43487K(1085440K)], 0.0577609 secs] [Times: user=0.41 sys=0.00, real=0.05 secs] 
2016-09-25T22:44:40.555-0400: 35.370: [GC (GCLocker Initiated GC) [PSYoungGen: 88064K->83848K(174080K)] 277962K->281847K(698368K), 0.0068495 secs] [Times: user=0.09 sys=0.00, real=0.01 secs] 
2016-09-25T22:44:40.603-0400: 35.418: [GC (GCLocker Initiated GC) [PSYoungGen: 171912K->69737K(175104K)] 370033K->299878K(699392K), 0.0074343 secs] [Times: user=0.10 sys=0.01, real=0.00 secs] 
2016-09-25T22:44:40.656-0400: 35.471: [GC (GCLocker Initiated GC) [PSYoungGen: 157801K->61798K(175104K)] 397510K->303272K(699392K), 0.0101406 secs] [Times: user=0.14 sys=0.00, real=0.01 secs] 
2016-09-25T22:44:40.715-0400: 35.530: [GC (GCLocker Initiated GC) [PSYoungGen: 149862K->63016K(174080K)] 400969K->336300K(698368K), 0.0068999 secs] [Times: user=0.10 sys=0.00, real=0.00 secs] 
2016-09-25T22:44:40.769-0400: 35.584: [GC (GCLocker Initiated GC) [PSYoungGen: 151080K->64332K(152576K)] 424455K->340771K(676864K), 0.0094375 secs] [Times: user=0.07 sys=0.00, real=0.01 secs] 
2016-09-25T22:44:40.819-0400: 35.634: [GC (GCLocker Initiated GC) [PSYoungGen: 152396K->52066K(174080K)] 431620K->362799K(698368K), 0.0106163 secs] [Times: user=0.10 sys=0.00, real=0.01 secs] 
2016-09-25T22:44:40.878-0400: 35.693: [GC (Allocation Failure) [PSYoungGen: 141666K->63071K(174080K)] 457864K->401339K(698368K), 0.0092454 secs] [Times: user=0.13 sys=0.01, real=0.01 secs] 
2016-09-25T22:44:40.931-0400: 35.746: [GC (GCLocker Initiated GC) [PSYoungGen: 151566K->62980K(175616K)] 491184K->411245K(699904K), 0.0061792 secs] [Times: user=0.06 sys=0.00, real=0.01 secs] 
2016-09-25T22:44:40.991-0400: 35.806: [GC (GCLocker Initiated GC) [PSYoungGen: 158212K->61645K(175616K)] 509299K->434792K(699904K), 0.0073200 secs] [Times: user=0.09 sys=0.00, real=0.01 secs] 
2016-09-25T22:44:41.051-0400: 35.866: [GC (GCLocker Initiated GC) [PSYoungGen: 156877K->75462K(177664K)] 531589K->452043K(701952K), 0.0072418 secs] [Times: user=0.10 sys=0.00, real=0.01 secs] 
2016-09-25T22:44:41.111-0400: 35.926: [GC (GCLocker Initiated GC) [PSYoungGen: 173766K->80726K(179200K)] 555816K->471499K(703488K), 0.0103322 secs] [Times: user=0.15 sys=0.00, real=0.01 secs] 
2016-09-25T22:44:41.177-0400: 35.992: [GC (GCLocker Initiated GC) [PSYoungGen: 179030K->80678K(171008K)] 574134K->480269K(695296K), 0.0085907 secs] [Times: user=0.10 sys=0.01, real=0.01 secs] 
2016-09-25T22:44:41.239-0400: 36.054: [GC (GCLocker Initiated GC) [PSYoungGen: 168742K->65864K(175104K)] 572526K->476942K(699392K), 0.0060751 secs] [Times: user=0.09 sys=0.00, real=0.01 secs] 
2016-09-25T22:44:41.291-0400: 36.106: [GC (GCLocker Initiated GC) [PSYoungGen: 153928K->42666K(175104K)] 573744K->480442K(699392K), 0.0300248 secs] [Times: user=0.34 sys=0.01, real=0.03 secs] 
2016-09-25T22:44:41.357-0400: 36.172: [GC (GCLocker Initiated GC) [PSYoungGen: 130730K->58904K(175104K)] 568628K->510791K(699392K), 0.0107332 secs] [Times: user=0.14 sys=0.00, real=0.01 secs] 
2016-09-25T22:44:41.421-0400: 36.236: [GC (GCLocker Initiated GC) [PSYoungGen: 146968K->50804K(175104K)] 612490K->528894K(699392K), 0.0087125 secs] [Times: user=0.08 sys=0.00, real=0.01 secs] 
2016-09-25T22:44:41.484-0400: 36.299: [GC (GCLocker Initiated GC) [PSYoungGen: 138868K->59055K(147456K)] 622742K->550101K(671744K), 0.0086298 secs] [Times: user=0.08 sys=0.00, real=0.00 secs] 
2016-09-25T22:44:41.493-0400: 36.308: [Full GC (Ergonomics) [PSYoungGen: 59055K->0K(147456K)] [ParOldGen: 491046K->189017K(524288K)] 550101K->189017K(671744K), [Metaspace: 43609K->43609K(1087488K)], 0.0483625 secs] [Times: user=0.44 sys=0.01, real=0.05 secs] 
2016-09-25T22:44:41.581-0400: 36.396: [GC (GCLocker Initiated GC) [PSYoungGen: 88064K->63252K(176640K)] 279897K->255086K(700928K), 0.0063207 secs] [Times: user=0.07 sys=0.01, real=0.01 secs] 
2016-09-25T22:44:41.629-0400: 36.444: [GC (GCLocker Initiated GC) [PSYoungGen: 153364K->82103K(174592K)] 345303K->284212K(698880K), 0.0063154 secs] [Times: user=0.09 sys=0.00, real=0.01 secs] 
2016-09-25T22:44:41.689-0400: 36.504: [GC (GCLocker Initiated GC) [PSYoungGen: 172215K->71191K(175104K)] 388048K->301107K(699392K), 0.0091470 secs] [Times: user=0.10 sys=0.00, real=0.01 secs] 
2016-09-25T22:44:41.748-0400: 36.563: [GC (GCLocker Initiated GC) [PSYoungGen: 159255K->76496K(175104K)] 391993K->315133K(699392K), 0.0083202 secs] [Times: user=0.09 sys=0.00, real=0.01 secs] 
2016-09-25T22:44:41.804-0400: 36.619: [GC (GCLocker Initiated GC) [PSYoungGen: 164560K->38548K(175104K)] 411549K->310205K(699392K), 0.0101481 secs] [Times: user=0.10 sys=0.00, real=0.00 secs] 
2016-09-25T22:44:41.862-0400: 36.677: [GC (GCLocker Initiated GC) [PSYoungGen: 126612K->83322K(175104K)] 405152K->373146K(699392K), 0.0105507 secs] [Times: user=0.12 sys=0.01, real=0.01 secs] 
2016-09-25T22:44:41.911-0400: 36.726: [GC (GCLocker Initiated GC) [PSYoungGen: 171386K->71204K(175104K)] 464063K->384647K(699392K), 0.0092529 secs] [Times: user=0.13 sys=0.00, real=0.01 secs] 
2016-09-25T22:44:41.968-0400: 36.783: [GC (GCLocker Initiated GC) [PSYoungGen: 159268K->60372K(175104K)] 481040K->408274K(699392K), 0.0101766 secs] [Times: user=0.13 sys=0.00, real=0.01 secs] 
2016-09-25T22:44:42.016-0400: 36.831: [GC (GCLocker Initiated GC) [PSYoungGen: 148436K->75145K(175104K)] 501820K->434413K(699392K), 0.0069793 secs] [Times: user=0.09 sys=0.00, real=0.01 secs] 
2016-09-25T22:44:42.073-0400: 36.888: [GC (GCLocker Initiated GC) [PSYoungGen: 163209K->52188K(175104K)] 534762K->430922K(699392K), 0.0095288 secs] [Times: user=0.08 sys=0.00, real=0.02 secs] 
2016-09-25T22:44:42.125-0400: 36.940: [GC (GCLocker Initiated GC) [PSYoungGen: 140252K->76560K(175104K)] 521794K->464021K(699392K), 0.0102981 secs] [Times: user=0.15 sys=0.01, real=0.01 secs] 
2016-09-25T22:44:42.179-0400: 36.994: [GC (GCLocker Initiated GC) [PSYoungGen: 164624K->73795K(175104K)] 557780K->483615K(699392K), 0.0098668 secs] [Times: user=0.13 sys=0.00, real=0.01 secs] 
2016-09-25T22:44:42.230-0400: 37.045: [GC (GCLocker Initiated GC) [PSYoungGen: 161859K->68395K(175104K)] 577175K->508438K(699392K), 0.0068737 secs] [Times: user=0.10 sys=0.00, real=0.01 secs] 
2016-09-25T22:44:42.282-0400: 37.097: [GC (GCLocker Initiated GC) [PSYoungGen: 156459K->53590K(175104K)] 601965K->522449K(699392K), 0.0062354 secs] [Times: user=0.08 sys=0.01, real=0.01 secs] 
2016-09-25T22:44:42.322-0400: 37.137: [GC (GCLocker Initiated GC) [PSYoungGen: 141654K->86086K(175104K)] 613385K->571805K(699392K), 0.0086182 secs] [Times: user=0.08 sys=0.00, real=0.01 secs] 
2016-09-25T22:44:42.370-0400: 37.185: [Full GC (Ergonomics) [PSYoungGen: 174150K->0K(175104K)] [ParOldGen: 493963K->198110K(524288K)] 668113K->198110K(699392K), [Metaspace: 43609K->43609K(1087488K)], 0.0993708 secs] [Times: user=0.63 sys=0.04, real=0.10 secs] 
2016-09-25T22:44:42.523-0400: 37.338: [GC (GCLocker Initiated GC) [PSYoungGen: 88064K->61772K(175104K)] 294449K->268157K(699392K), 0.0066637 secs] [Times: user=0.07 sys=0.00, real=0.00 secs] 
2016-09-25T22:44:42.569-0400: 37.384: [GC (GCLocker Initiated GC) [PSYoungGen: 149836K->56224K(175104K)] 361710K->285013K(699392K), 0.0065283 secs] [Times: user=0.06 sys=0.00, real=0.01 secs] 
2016-09-25T22:44:42.630-0400: 37.445: [GC (GCLocker Initiated GC) [PSYoungGen: 144288K->56237K(175104K)] 381276K->305869K(699392K), 0.0156823 secs] [Times: user=0.15 sys=0.00, real=0.02 secs] 
2016-09-25T22:44:42.720-0400: 37.535: [GC (GCLocker Initiated GC) [PSYoungGen: 144301K->30542K(175104K)] 402081K->306387K(699392K), 0.0092086 secs] [Times: user=0.10 sys=0.00, real=0.01 secs] 
2016-09-25T22:44:42.762-0400: 37.577: [GC (GCLocker Initiated GC) [PSYoungGen: 118606K->68350K(175104K)] 394543K->363709K(699392K), 0.0068853 secs] [Times: user=0.08 sys=0.01, real=0.01 secs] 
2016-09-25T22:44:42.803-0400: 37.618: [GC (GCLocker Initiated GC) [PSYoungGen: 156414K->71263K(175104K)] 451898K->394158K(699392K), 0.0078513 secs] [Times: user=0.08 sys=0.00, real=0.00 secs] 
2016-09-25T22:44:42.862-0400: 37.677: [GC (GCLocker Initiated GC) [PSYoungGen: 159327K->75219K(175104K)] 482312K->416273K(699392K), 0.0124455 secs] [Times: user=0.16 sys=0.01, real=0.01 secs] 
2016-09-25T22:44:42.933-0400: 37.748: [GC (GCLocker Initiated GC) [PSYoungGen: 163283K->71201K(175104K)] 508399K->430290K(699392K), 0.0112404 secs] [Times: user=0.16 sys=0.01, real=0.02 secs] 
2016-09-25T22:44:42.993-0400: 37.808: [GC (GCLocker Initiated GC) [PSYoungGen: 159265K->80522K(175104K)] 527929K->451089K(699392K), 0.0069874 secs] [Times: user=0.09 sys=0.00, real=0.01 secs] 
2016-09-25T22:44:43.041-0400: 37.856: [GC (GCLocker Initiated GC) [PSYoungGen: 168586K->61731K(175104K)] 548230K->463411K(699392K), 0.0088302 secs] [Times: user=0.10 sys=0.00, real=0.01 secs] 
2016-09-25T22:44:43.096-0400: 37.911: [GC (GCLocker Initiated GC) [PSYoungGen: 149795K->69722K(175104K)] 557593K->480648K(699392K), 0.0104674 secs] [Times: user=0.11 sys=0.00, real=0.01 secs] 
2016-09-25T22:44:43.182-0400: 37.998: [GC (GCLocker Initiated GC) [PSYoungGen: 157786K->54857K(175104K)] 576955K->496114K(699392K), 0.0098797 secs] [Times: user=0.09 sys=0.01, real=0.00 secs] 
2016-09-25T22:44:43.234-0400: 38.049: [GC (GCLocker Initiated GC) [PSYoungGen: 142921K->65689K(175104K)] 584403K->526456K(699392K), 0.0066779 secs] [Times: user=0.07 sys=0.00, real=0.01 secs] 
2016-09-25T22:44:43.282-0400: 38.097: [GC (GCLocker Initiated GC) [PSYoungGen: 153753K->64384K(175104K)] 622766K->562196K(699392K), 0.0070985 secs] [Times: user=0.09 sys=0.00, real=0.01 secs] 
2016-09-25T22:44:43.289-0400: 38.104: [Full GC (Ergonomics) [PSYoungGen: 64384K->0K(175104K)] [ParOldGen: 497812K->205094K(524288K)] 562196K->205094K(699392K), [Metaspace: 43617K->43617K(1087488K)], 0.0591419 secs] [Times: user=0.50 sys=0.00, real=0.06 secs] 
2016-09-25T22:44:43.414-0400: 38.229: [GC (GCLocker Initiated GC) [PSYoungGen: 88064K->84983K(175104K)] 293417K->290336K(699392K), 0.0109018 secs] [Times: user=0.12 sys=0.01, real=0.02 secs] 
2016-09-25T22:44:43.475-0400: 38.290: [GC (GCLocker Initiated GC) [PSYoungGen: 173047K->58907K(175104K)] 386596K->293485K(699392K), 0.0060718 secs] [Times: user=0.08 sys=0.00, real=0.00 secs] 
2016-09-25T22:44:43.512-0400: 38.327: [GC (GCLocker Initiated GC) [PSYoungGen: 146971K->83412K(175104K)] 381660K->321242K(699392K), 0.0075110 secs] [Times: user=0.10 sys=0.00, real=0.01 secs] 
2016-09-25T22:44:43.566-0400: 38.381: [GC (GCLocker Initiated GC) [PSYoungGen: 171476K->76641K(175104K)] 412073K->346174K(699392K), 0.0113274 secs] [Times: user=0.15 sys=0.00, real=0.01 secs] 
2016-09-25T22:44:43.644-0400: 38.459: [GC (Allocation Failure) [PSYoungGen: 164705K->55041K(175104K)] 450223K->351820K(699392K), 0.0100459 secs] [Times: user=0.11 sys=0.00, real=0.00 secs] 
2016-09-25T22:44:43.655-0400: 38.470: [GC (GCLocker Initiated GC) [PSYoungGen: 55540K->160K(175104K)] 352318K->355702K(699392K), 0.0094798 secs] [Times: user=0.12 sys=0.00, real=0.01 secs] 
2016-09-25T22:44:43.714-0400: 38.529: [GC (GCLocker Initiated GC) [PSYoungGen: 87509K->60387K(175104K)] 449802K->422704K(699392K), 0.0071968 secs] [Times: user=0.06 sys=0.00, real=0.01 secs] 
2016-09-25T22:44:43.757-0400: 38.572: [GC (GCLocker Initiated GC) [PSYoungGen: 148451K->67168K(175104K)] 513550K->444981K(699392K), 0.0063421 secs] [Times: user=0.09 sys=0.00, real=0.01 secs] 
2016-09-25T22:44:43.816-0400: 38.631: [GC (GCLocker Initiated GC) [PSYoungGen: 155232K->76643K(175104K)] 535824K->472599K(699392K), 0.0106454 secs] [Times: user=0.17 sys=0.00, real=0.01 secs] 
2016-09-25T22:44:43.901-0400: 38.716: [GC (GCLocker Initiated GC) [PSYoungGen: 164707K->57731K(175104K)] 563633K->478760K(699392K), 0.0097913 secs] [Times: user=0.15 sys=0.00, real=0.01 secs] 
2016-09-25T22:44:43.945-0400: 38.760: [GC (GCLocker Initiated GC) [PSYoungGen: 145795K->73887K(175104K)] 572429K->513151K(699392K), 0.0066879 secs] [Times: user=0.09 sys=0.00, real=0.00 secs] 
2016-09-25T22:44:43.988-0400: 38.803: [GC (GCLocker Initiated GC) [PSYoungGen: 161951K->67021K(175104K)] 606797K->528494K(699392K), 0.0082735 secs] [Times: user=0.11 sys=0.00, real=0.01 secs] 
2016-09-25T22:44:44.045-0400: 38.860: [GC (GCLocker Initiated GC) [PSYoungGen: 155085K->56178K(175104K)] 623592K->546724K(699392K), 0.0092932 secs] [Times: user=0.09 sys=0.01, real=0.01 secs] 
2016-09-25T22:44:44.055-0400: 38.870: [Full GC (Ergonomics) [PSYoungGen: 56178K->0K(175104K)] [ParOldGen: 490546K->200711K(524288K)] 546724K->200711K(699392K), [Metaspace: 43621K->43621K(1087488K)], 0.0589330 secs] [Times: user=0.35 sys=0.00, real=0.05 secs] 
2016-09-25T22:44:44.153-0400: 38.968: [GC (GCLocker Initiated GC) [PSYoungGen: 88064K->78162K(175104K)] 294321K->284420K(699392K), 0.0103808 secs] [Times: user=0.10 sys=0.02, real=0.02 secs] 
2016-09-25T22:44:44.219-0400: 39.034: [GC (GCLocker Initiated GC) [PSYoungGen: 166226K->53586K(175104K)] 378056K->295868K(699392K), 0.0081937 secs] [Times: user=0.12 sys=0.01, real=0.01 secs] 
2016-09-25T22:44:44.271-0400: 39.086: [GC (GCLocker Initiated GC) [PSYoungGen: 141650K->72519K(175104K)] 390625K->342255K(699392K), 0.0072915 secs] [Times: user=0.09 sys=0.00, real=0.01 secs] 
2016-09-25T22:44:44.325-0400: 39.140: [GC (GCLocker Initiated GC) [PSYoungGen: 160583K->71157K(175104K)] 433131K->356360K(699392K), 0.0146304 secs] [Times: user=0.20 sys=0.00, real=0.01 secs] 
2016-09-25T22:44:44.383-0400: 39.198: [GC (GCLocker Initiated GC) [PSYoungGen: 159221K->69658K(175104K)] 444619K->370352K(699392K), 0.0092928 secs] [Times: user=0.09 sys=0.00, real=0.00 secs] 
2016-09-25T22:44:44.439-0400: 39.254: [GC (GCLocker Initiated GC) [PSYoungGen: 157722K->49473K(175104K)] 465282K->373685K(699392K), 0.0081603 secs] [Times: user=0.10 sys=0.00, real=0.01 secs] 
2016-09-25T22:44:44.490-0400: 39.305: [GC (GCLocker Initiated GC) [PSYoungGen: 137537K->53587K(175104K)] 463225K->402714K(699392K), 0.0095869 secs] [Times: user=0.08 sys=0.00, real=0.01 secs] 
2016-09-25T22:44:44.533-0400: 39.348: [GC (GCLocker Initiated GC) [PSYoungGen: 141651K->79173K(175104K)] 490973K->435809K(699392K), 0.0107122 secs] [Times: user=0.11 sys=0.00, real=0.02 secs] 
2016-09-25T22:44:44.591-0400: 39.406: [GC (GCLocker Initiated GC) [PSYoungGen: 167237K->65782K(175104K)] 534917K->450151K(699392K), 0.0093505 secs] [Times: user=0.10 sys=0.00, real=0.01 secs] 
2016-09-25T22:44:44.656-0400: 39.471: [GC (GCLocker Initiated GC) [PSYoungGen: 153846K->48252K(175104K)] 554643K->450885K(699392K), 0.0112813 secs] [Times: user=0.13 sys=0.01, real=0.01 secs] 
2016-09-25T22:44:44.714-0400: 39.529: [GC (GCLocker Initiated GC) [PSYoungGen: 136316K->54828K(175104K)] 545799K->486414K(699392K), 0.0129469 secs] [Times: user=0.17 sys=0.01, real=0.01 secs] 
2016-09-25T22:44:44.778-0400: 39.593: [GC (GCLocker Initiated GC) [PSYoungGen: 142892K->38533K(175104K)] 582772K->490876K(699392K), 0.0070288 secs] [Times: user=0.05 sys=0.00, real=0.01 secs] 
2016-09-25T22:44:44.827-0400: 39.642: [GC (GCLocker Initiated GC) [PSYoungGen: 126597K->77940K(175104K)] 585794K->544332K(699392K), 0.0069040 secs] [Times: user=0.09 sys=0.00, real=0.00 secs] 
2016-09-25T22:44:44.880-0400: 39.695: [GC (GCLocker Initiated GC) [PSYoungGen: 166004K->59129K(175104K)] 644691K->559878K(699392K), 0.0117797 secs] [Times: user=0.16 sys=0.00, real=0.01 secs] 
2016-09-25T22:44:44.892-0400: 39.707: [Full GC (Ergonomics) [PSYoungGen: 59129K->0K(175104K)] [ParOldGen: 500748K->213282K(524288K)] 559878K->213282K(699392K), [Metaspace: 43622K->43622K(1087488K)], 0.0597706 secs] [Times: user=0.55 sys=0.00, real=0.06 secs] 
2016-09-25T22:44:44.995-0400: 39.810: [GC (GCLocker Initiated GC) [PSYoungGen: 88064K->71492K(175104K)] 306904K->290332K(699392K), 0.0127002 secs] [Times: user=0.12 sys=0.00, real=0.01 secs] 
2016-09-25T22:44:45.058-0400: 39.873: [GC (GCLocker Initiated GC) [PSYoungGen: 159556K->46602K(175104K)] 379797K->295998K(699392K), 0.0110081 secs] [Times: user=0.10 sys=0.00, real=0.01 secs] 
2016-09-25T22:44:45.117-0400: 39.932: [GC (GCLocker Initiated GC) [PSYoungGen: 134666K->46923K(175104K)] 390869K->333265K(699392K), 0.0088611 secs] [Times: user=0.14 sys=0.00, real=0.01 secs] 
2016-09-25T22:44:45.160-0400: 39.975: [GC (GCLocker Initiated GC) [PSYoungGen: 134987K->76584K(175104K)] 425632K->379995K(699392K), 0.0090402 secs] [Times: user=0.12 sys=0.01, real=0.01 secs] 
2016-09-25T22:44:45.224-0400: 40.039: [GC (GCLocker Initiated GC) [PSYoungGen: 164648K->71153K(175104K)] 480350K->388724K(699392K), 0.0082373 secs] [Times: user=0.12 sys=0.00, real=0.00 secs] 
2016-09-25T22:44:45.268-0400: 40.083: [GC (GCLocker Initiated GC) [PSYoungGen: 159217K->71063K(175104K)] 486278K->401298K(699392K), 0.0114217 secs] [Times: user=0.17 sys=0.00, real=0.01 secs] 
2016-09-25T22:44:45.327-0400: 40.142: [GC (GCLocker Initiated GC) [PSYoungGen: 159127K->67154K(175104K)] 497657K->406043K(699392K), 0.0060294 secs] [Times: user=0.07 sys=0.00, real=0.00 secs] 
2016-09-25T22:44:45.376-0400: 40.191: [GC (GCLocker Initiated GC) [PSYoungGen: 155218K->71051K(175104K)] 494397K->418787K(699392K), 0.0065538 secs] [Times: user=0.09 sys=0.00, real=0.01 secs] 
2016-09-25T22:44:45.431-0400: 40.246: [GC (GCLocker Initiated GC) [PSYoungGen: 159115K->48242K(175104K)] 512370K->438314K(699392K), 0.0067109 secs] [Times: user=0.09 sys=0.00, real=0.01 secs] 
2016-09-25T22:44:45.478-0400: 40.293: [GC (GCLocker Initiated GC) [PSYoungGen: 136306K->72619K(175104K)] 527989K->487700K(699392K), 0.0090671 secs] [Times: user=0.14 sys=0.01, real=0.01 secs] 
2016-09-25T22:44:45.535-0400: 40.350: [GC (GCLocker Initiated GC) [PSYoungGen: 160683K->61678K(175104K)] 575872K->493612K(699392K), 0.0083000 secs] [Times: user=0.12 sys=0.01, real=0.01 secs] 
2016-09-25T22:44:45.590-0400: 40.405: [GC (GCLocker Initiated GC) [PSYoungGen: 149742K->69932K(175104K)] 589811K->519935K(699392K), 0.0089309 secs] [Times: user=0.13 sys=0.00, real=0.01 secs] 
2016-09-25T22:44:45.649-0400: 40.464: [GC (GCLocker Initiated GC) [PSYoungGen: 157996K->59023K(175104K)] 616222K->531391K(699392K), 0.0063197 secs] [Times: user=0.09 sys=0.00, real=0.01 secs] 
2016-09-25T22:44:45.697-0400: 40.512: [GC (GCLocker Initiated GC) [PSYoungGen: 147087K->61551K(175104K)] 619488K->543855K(699392K), 0.0077051 secs] [Times: user=0.07 sys=0.00, real=0.01 secs] 
2016-09-25T22:44:45.733-0400: 40.548: [GC (GCLocker Initiated GC) [PSYoungGen: 149615K->80796K(175104K)] 634659K->589331K(699392K), 0.0101809 secs] [Times: user=0.14 sys=0.01, real=0.02 secs] 
2016-09-25T22:44:45.744-0400: 40.559: [Full GC (Ergonomics) [PSYoungGen: 80796K->0K(175104K)] [ParOldGen: 508535K->226246K(524288K)] 589331K->226246K(699392K), [Metaspace: 43630K->43630K(1087488K)], 0.0596848 secs] [Times: user=0.57 sys=0.00, real=0.06 secs] 
2016-09-25T22:44:45.856-0400: 40.671: [GC (GCLocker Initiated GC) [PSYoungGen: 88064K->65997K(175104K)] 323524K->301458K(699392K), 0.0110806 secs] [Times: user=0.15 sys=0.00, real=0.01 secs] 
2016-09-25T22:44:45.926-0400: 40.741: [GC (GCLocker Initiated GC) [PSYoungGen: 154061K->50942K(175104K)] 393227K->323281K(699392K), 0.0082884 secs] [Times: user=0.12 sys=0.01, real=0.01 secs] 
2016-09-25T22:44:45.968-0400: 40.783: [GC (GCLocker Initiated GC) [PSYoungGen: 139006K->60360K(175104K)] 416771K->361560K(699392K), 0.0063137 secs] [Times: user=0.07 sys=0.01, real=0.01 secs] 
2016-09-25T22:44:46.021-0400: 40.836: [GC (GCLocker Initiated GC) [PSYoungGen: 148424K->79382K(175104K)] 453884K->392048K(699392K), 0.0083368 secs] [Times: user=0.12 sys=0.00, real=0.01 secs] 
2016-09-25T22:44:46.080-0400: 40.895: [GC (GCLocker Initiated GC) [PSYoungGen: 167446K->54896K(175104K)] 482934K->393940K(699392K), 0.0089089 secs] [Times: user=0.09 sys=0.01, real=0.01 secs] 
2016-09-25T22:44:46.129-0400: 40.944: [GC (GCLocker Initiated GC) [PSYoungGen: 142960K->83342K(175104K)] 482236K->435200K(699392K), 0.0098703 secs] [Times: user=0.12 sys=0.00, real=0.01 secs] 
2016-09-25T22:44:46.183-0400: 40.998: [GC (GCLocker Initiated GC) [PSYoungGen: 171406K->48114K(175104K)] 523476K->442518K(699392K), 0.0066675 secs] [Times: user=0.09 sys=0.01, real=0.00 secs] 
2016-09-25T22:44:46.229-0400: 41.044: [GC (GCLocker Initiated GC) [PSYoungGen: 136178K->70073K(175104K)] 534784K->469062K(699392K), 0.0085593 secs] [Times: user=0.10 sys=0.00, real=0.01 secs] 
2016-09-25T22:44:46.287-0400: 41.102: [GC (GCLocker Initiated GC) [PSYoungGen: 158137K->57609K(175104K)] 566692K->499315K(699392K), 0.0081336 secs] [Times: user=0.09 sys=0.00, real=0.01 secs] 
2016-09-25T22:44:46.338-0400: 41.153: [GC (GCLocker Initiated GC) [PSYoungGen: 145673K->68428K(175104K)] 587414K->532174K(699392K), 0.0109011 secs] [Times: user=0.11 sys=0.01, real=0.01 secs] 
2016-09-25T22:44:46.396-0400: 41.211: [GC (GCLocker Initiated GC) [PSYoungGen: 156492K->84737K(175104K)] 625720K->558447K(699392K), 0.0098726 secs] [Times: user=0.14 sys=0.01, real=0.01 secs] 
2016-09-25T22:44:46.456-0400: 41.271: [Full GC (Ergonomics) [PSYoungGen: 172801K->0K(175104K)] [ParOldGen: 479225K->221825K(524288K)] 652027K->221825K(699392K), [Metaspace: 43630K->43630K(1087488K)], 0.0647599 secs] [Times: user=0.41 sys=0.00, real=0.06 secs] 
2016-09-25T22:44:46.571-0400: 41.386: [GC (GCLocker Initiated GC) [PSYoungGen: 88064K->53802K(175104K)] 312641K->278379K(699392K), 0.0054136 secs] [Times: user=0.07 sys=0.00, real=0.01 secs] 
2016-09-25T22:44:46.618-0400: 41.433: [GC (GCLocker Initiated GC) [PSYoungGen: 141866K->63041K(175104K)] 366514K->292479K(699392K), 0.0157894 secs] [Times: user=0.22 sys=0.00, real=0.01 secs] 
2016-09-25T22:44:46.681-0400: 41.496: [GC (GCLocker Initiated GC) [PSYoungGen: 151105K->49355K(175104K)] 380709K->301027K(699392K), 0.0077906 secs] [Times: user=0.07 sys=0.00, real=0.01 secs] 
2016-09-25T22:44:46.723-0400: 41.538: [GC (GCLocker Initiated GC) [PSYoungGen: 137419K->50967K(175104K)] 391874K->313945K(699392K), 0.0126550 secs] [Times: user=0.10 sys=0.00, real=0.01 secs] 
2016-09-25T22:44:46.778-0400: 41.593: [GC (GCLocker Initiated GC) [PSYoungGen: 139031K->69919K(175104K)] 407643K->347131K(699392K), 0.0082763 secs] [Times: user=0.11 sys=0.01, real=0.01 secs] 
2016-09-25T22:44:46.834-0400: 41.649: [GC (GCLocker Initiated GC) [PSYoungGen: 157983K->48286K(175104K)] 439364K->332884K(699392K), 0.0086142 secs] [Times: user=0.09 sys=0.01, real=0.02 secs] 
2016-09-25T22:44:46.886-0400: 41.701: [GC (GCLocker Initiated GC) [PSYoungGen: 136350K->64249K(175104K)] 426525K->383274K(699392K), 0.0099251 secs] [Times: user=0.11 sys=0.00, real=0.01 secs] 
2016-09-25T22:44:46.938-0400: 41.753: [GC (GCLocker Initiated GC) [PSYoungGen: 152313K->46668K(175104K)] 471412K->397192K(699392K), 0.0088872 secs] [Times: user=0.09 sys=0.00, real=0.01 secs] 
2016-09-25T22:44:46.993-0400: 41.808: [GC (GCLocker Initiated GC) [PSYoungGen: 134732K->69822K(175104K)] 488046K->469512K(699392K), 0.0075385 secs] [Times: user=0.09 sys=0.01, real=0.01 secs] 
2016-09-25T22:44:47.039-0400: 41.854: [GC (GCLocker Initiated GC) [PSYoungGen: 157886K->79401K(175104K)] 560363K->494536K(699392K), 0.0085308 secs] [Times: user=0.09 sys=0.00, real=0.01 secs] 
2016-09-25T22:44:47.096-0400: 41.911: [GC (GCLocker Initiated GC) [PSYoungGen: 167465K->54814K(175104K)] 582721K->493573K(699392K), 0.0077834 secs] [Times: user=0.06 sys=0.01, real=0.01 secs] 
2016-09-25T22:44:47.147-0400: 41.962: [GC (GCLocker Initiated GC) [PSYoungGen: 142878K->61756K(175104K)] 587326K->521516K(699392K), 0.0101413 secs] [Times: user=0.09 sys=0.00, real=0.01 secs] 
2016-09-25T22:44:47.203-0400: 42.018: [GC (GCLocker Initiated GC) [PSYoungGen: 149820K->69854K(175104K)] 619104K->542403K(699392K), 0.0081146 secs] [Times: user=0.11 sys=0.01, real=0.00 secs] 
2016-09-25T22:44:47.254-0400: 42.069: [Full GC (Ergonomics) [PSYoungGen: 157918K->0K(175104K)] [ParOldGen: 480788K->229007K(524288K)] 638707K->229007K(699392K), [Metaspace: 43632K->43632K(1087488K)], 0.0546619 secs] [Times: user=0.42 sys=0.01, real=0.06 secs] 
2016-09-25T22:44:47.353-0400: 42.168: [GC (GCLocker Initiated GC) [PSYoungGen: 88064K->82438K(175104K)] 323990K->318364K(699392K), 0.0064184 secs] [Times: user=0.09 sys=0.00, real=0.01 secs] 
2016-09-25T22:44:47.405-0400: 42.220: [GC (GCLocker Initiated GC) [PSYoungGen: 170502K->60326K(175104K)] 425392K->322891K(699392K), 0.0060045 secs] [Times: user=0.07 sys=0.00, real=0.00 secs] 
2016-09-25T22:44:47.472-0400: 42.287: [GC (GCLocker Initiated GC) [PSYoungGen: 148389K->67019K(175104K)] 419558K->350776K(699392K), 0.0103132 secs] [Times: user=0.14 sys=0.01, real=0.01 secs] 
2016-09-25T22:44:47.542-0400: 42.357: [GC (GCLocker Initiated GC) [PSYoungGen: 155083K->73738K(175104K)] 441735K->370236K(699392K), 0.0100849 secs] [Times: user=0.15 sys=0.00, real=0.01 secs] 
2016-09-25T22:44:47.608-0400: 42.423: [GC (GCLocker Initiated GC) [PSYoungGen: 161802K->59026K(175104K)] 466646K->387173K(699392K), 0.0062833 secs] [Times: user=0.08 sys=0.00, real=0.00 secs] 
2016-09-25T22:44:47.652-0400: 42.467: [GC (GCLocker Initiated GC) [PSYoungGen: 147090K->45291K(175104K)] 483461K->391601K(699392K), 0.0057587 secs] [Times: user=0.05 sys=0.00, real=0.01 secs] 
2016-09-25T22:44:47.689-0400: 42.504: [GC (GCLocker Initiated GC) [PSYoungGen: 133355K->75249K(175104K)] 479893K->437050K(699392K), 0.0085528 secs] [Times: user=0.12 sys=0.00, real=0.01 secs] 
2016-09-25T22:44:47.753-0400: 42.568: [GC (GCLocker Initiated GC) [PSYoungGen: 163313K->77914K(175104K)] 531340K->457212K(699392K), 0.0117460 secs] [Times: user=0.09 sys=0.01, real=0.02 secs] 
2016-09-25T22:44:47.832-0400: 42.647: [GC (GCLocker Initiated GC) [PSYoungGen: 165978K->46805K(175104K)] 548156K->442864K(699392K), 0.0066468 secs] [Times: user=0.05 sys=0.01, real=0.01 secs] 
2016-09-25T22:44:47.875-0400: 42.690: [GC (GCLocker Initiated GC) [PSYoungGen: 134869K->59021K(175104K)] 531153K->478792K(699392K), 0.0085351 secs] [Times: user=0.08 sys=0.00, real=0.01 secs] 
2016-09-25T22:44:47.929-0400: 42.744: [GC (GCLocker Initiated GC) [PSYoungGen: 147085K->65826K(175104K)] 575147K->499751K(699392K), 0.0120975 secs] [Times: user=0.12 sys=0.02, real=0.01 secs] 
2016-09-25T22:44:48.009-0400: 42.824: [GC (GCLocker Initiated GC) [PSYoungGen: 153890K->64325K(175104K)] 594634K->519131K(699392K), 0.0111790 secs] [Times: user=0.11 sys=0.00, real=0.01 secs] 
2016-09-25T22:44:48.081-0400: 42.896: [GC (GCLocker Initiated GC) [PSYoungGen: 152389K->48109K(175104K)] 610043K->530465K(699392K), 0.0069908 secs] [Times: user=0.08 sys=0.00, real=0.01 secs] 
2016-09-25T22:44:48.117-0400: 42.932: [GC (Allocation Failure) [PSYoungGen: 136173K->73976K(175104K)] 624092K->593405K(699392K), 0.0091555 secs] [Times: user=0.12 sys=0.00, real=0.01 secs] 
2016-09-25T22:44:48.127-0400: 42.942: [Full GC (Ergonomics) [PSYoungGen: 73976K->0K(175104K)] [ParOldGen: 519428K->241723K(524288K)] 593405K->241723K(699392K), [Metaspace: 43632K->43632K(1087488K)], 0.0820397 secs] [Times: user=0.51 sys=0.01, real=0.08 secs] 
2016-09-25T22:44:48.276-0400: 43.091: [GC (GCLocker Initiated GC) [PSYoungGen: 87938K->75469K(175104K)] 335061K->322592K(699392K), 0.0068225 secs] [Times: user=0.07 sys=0.01, real=0.01 secs] 
2016-09-25T22:44:48.329-0400: 43.144: [GC (GCLocker Initiated GC) [PSYoungGen: 163533K->68497K(175104K)] 419011K->331536K(699392K), 0.0064919 secs] [Times: user=0.08 sys=0.00, real=0.01 secs] 
2016-09-25T22:44:48.376-0400: 43.191: [GC (GCLocker Initiated GC) [PSYoungGen: 156561K->68387K(175104K)] 425126K->349595K(699392K), 0.0105021 secs] [Times: user=0.15 sys=0.01, real=0.01 secs] 
2016-09-25T22:44:48.466-0400: 43.281: [GC (GCLocker Initiated GC) [PSYoungGen: 156451K->54951K(175104K)] 449880K->362351K(699392K), 0.0098217 secs] [Times: user=0.14 sys=0.01, real=0.01 secs] 
2016-09-25T22:44:48.516-0400: 43.331: [GC (GCLocker Initiated GC) [PSYoungGen: 143015K->79417K(175104K)] 450490K->404936K(699392K), 0.0081516 secs] [Times: user=0.10 sys=0.00, real=0.01 secs] 
2016-09-25T22:44:48.565-0400: 43.380: [GC (GCLocker Initiated GC) [PSYoungGen: 167481K->62985K(175104K)] 498555K->424348K(699392K), 0.0069885 secs] [Times: user=0.08 sys=0.00, real=0.00 secs] 
2016-09-25T22:44:48.635-0400: 43.450: [GC (GCLocker Initiated GC) [PSYoungGen: 151049K->40024K(175104K)] 513010K->436164K(699392K), 0.0181705 secs] [Times: user=0.19 sys=0.00, real=0.01 secs] 
2016-09-25T22:44:48.704-0400: 43.519: [GC (GCLocker Initiated GC) [PSYoungGen: 128088K->54862K(175104K)] 524373K->458376K(699392K), 0.0193197 secs] [Times: user=0.20 sys=0.01, real=0.02 secs] 
2016-09-25T22:44:48.767-0400: 43.582: [GC (GCLocker Initiated GC) [PSYoungGen: 142926K->64466K(175104K)] 550047K->493745K(699392K), 0.0074565 secs] [Times: user=0.09 sys=0.00, real=0.01 secs] 
2016-09-25T22:44:48.817-0400: 43.632: [GC (GCLocker Initiated GC) [PSYoungGen: 152530K->68562K(175104K)] 591386K->524130K(699392K), 0.0094958 secs] [Times: user=0.14 sys=0.00, real=0.01 secs] 
2016-09-25T22:44:48.888-0400: 43.703: [GC (GCLocker Initiated GC) [PSYoungGen: 156626K->61702K(150016K)] 613802K->534254K(674304K), 0.0108031 secs] [Times: user=0.14 sys=0.00, real=0.01 secs] 
2016-09-25T22:44:48.957-0400: 43.772: [GC (GCLocker Initiated GC) [PSYoungGen: 149766K->68411K(174592K)] 625185K->560493K(698880K), 0.0069429 secs] [Times: user=0.09 sys=0.00, real=0.01 secs] 
2016-09-25T22:44:48.964-0400: 43.779: [Full GC (Ergonomics) [PSYoungGen: 68411K->0K(174592K)] [ParOldGen: 492082K->229350K(524288K)] 560493K->229350K(698880K), [Metaspace: 43632K->43632K(1087488K)], 0.0487061 secs] [Times: user=0.40 sys=0.05, real=0.04 secs] 
2016-09-25T22:44:49.056-0400: 43.871: [GC (GCLocker Initiated GC) [PSYoungGen: 88576K->78398K(174080K)] 326161K->315983K(698368K), 0.0112118 secs] [Times: user=0.12 sys=0.01, real=0.01 secs] 
2016-09-25T22:44:49.131-0400: 43.946: [GC (GCLocker Initiated GC) [PSYoungGen: 166974K->60356K(175104K)] 404627K->319235K(699392K), 0.0097447 secs] [Times: user=0.12 sys=0.01, real=0.01 secs] 
2016-09-25T22:44:49.196-0400: 44.011: [GC (GCLocker Initiated GC) [PSYoungGen: 148420K->48285K(175104K)] 412766K->340072K(699392K), 0.0105757 secs] [Times: user=0.10 sys=0.02, real=0.01 secs] 
2016-09-25T22:44:49.255-0400: 44.070: [GC (GCLocker Initiated GC) [PSYoungGen: 136349K->76548K(175104K)] 433593K->383816K(699392K), 0.0099651 secs] [Times: user=0.15 sys=0.01, real=0.01 secs] 
2016-09-25T22:44:49.303-0400: 44.118: [GC (GCLocker Initiated GC) [PSYoungGen: 164612K->80654K(175104K)] 474695K->396628K(699392K), 0.0096087 secs] [Times: user=0.09 sys=0.00, real=0.00 secs] 
2016-09-25T22:44:49.357-0400: 44.172: [GC (GCLocker Initiated GC) [PSYoungGen: 168718K->81913K(175104K)] 496948K->424127K(699392K), 0.0065223 secs] [Times: user=0.09 sys=0.01, real=0.01 secs] 
2016-09-25T22:44:49.405-0400: 44.220: [GC (GCLocker Initiated GC) [PSYoungGen: 169977K->57587K(175104K)] 512286K->423295K(699392K), 0.0067971 secs] [Times: user=0.10 sys=0.00, real=0.00 secs] 
2016-09-25T22:44:49.452-0400: 44.267: [GC (GCLocker Initiated GC) [PSYoungGen: 145651K->65602K(175104K)] 516983K->438628K(699392K), 0.0117033 secs] [Times: user=0.09 sys=0.00, real=0.02 secs] 
2016-09-25T22:44:49.508-0400: 44.323: [GC (GCLocker Initiated GC) [PSYoungGen: 153666K->62924K(175104K)] 532121K->455265K(699392K), 0.0078337 secs] [Times: user=0.08 sys=0.00, real=0.01 secs] 
2016-09-25T22:44:49.557-0400: 44.372: [GC (GCLocker Initiated GC) [PSYoungGen: 150988K->61672K(175104K)] 546163K->462623K(699392K), 0.0114558 secs] [Times: user=0.17 sys=0.01, real=0.01 secs] 
2016-09-25T22:44:49.615-0400: 44.430: [GC (GCLocker Initiated GC) [PSYoungGen: 149736K->57555K(175104K)] 556139K->473843K(699392K), 0.0077718 secs] [Times: user=0.08 sys=0.00, real=0.01 secs] 
2016-09-25T22:44:49.678-0400: 44.493: [GC (GCLocker Initiated GC) [PSYoungGen: 145619K->31693K(175104K)] 572458K->460225K(699392K), 0.0055965 secs] [Times: user=0.05 sys=0.00, real=0.01 secs] 
2016-09-25T22:44:49.732-0400: 44.547: [GC (GCLocker Initiated GC) [PSYoungGen: 119757K->39923K(175104K)] 553812K->500151K(699392K), 0.0114252 secs] [Times: user=0.11 sys=0.00, real=0.02 secs] 
2016-09-25T22:44:49.788-0400: 44.603: [GC (GCLocker Initiated GC) [PSYoungGen: 127987K->65666K(175104K)] 591009K->535764K(699392K), 0.0071019 secs] [Times: user=0.08 sys=0.00, real=0.01 secs] 
2016-09-25T22:44:49.838-0400: 44.653: [GC (GCLocker Initiated GC) [PSYoungGen: 153730K->33140K(175104K)] 623835K->548234K(699392K), 0.0074639 secs] [Times: user=0.08 sys=0.00, real=0.01 secs] 
2016-09-25T22:44:49.846-0400: 44.661: [Full GC (Ergonomics) [PSYoungGen: 33140K->0K(175104K)] [ParOldGen: 515094K->228535K(524288K)] 548234K->228535K(699392K), [Metaspace: 43632K->43632K(1087488K)], 0.0602342 secs] [Times: user=0.31 sys=0.01, real=0.06 secs] 
2016-09-25T22:44:49.951-0400: 44.766: [GC (GCLocker Initiated GC) [PSYoungGen: 88064K->54067K(175104K)] 322078K->288081K(699392K), 0.0124139 secs] [Times: user=0.16 sys=0.01, real=0.02 secs] 
2016-09-25T22:44:50.008-0400: 44.823: [GC (GCLocker Initiated GC) [PSYoungGen: 142131K->71013K(175104K)] 378888K->315521K(699392K), 0.0153937 secs] [Times: user=0.22 sys=0.01, real=0.02 secs] 
2016-09-25T22:44:50.064-0400: 44.879: [GC (GCLocker Initiated GC) [PSYoungGen: 159077K->63008K(175104K)] 406386K->322791K(699392K), 0.0078697 secs] [Times: user=0.09 sys=0.01, real=0.00 secs] 
2016-09-25T22:44:50.116-0400: 44.931: [GC (GCLocker Initiated GC) [PSYoungGen: 151072K->56359K(175104K)] 413614K->342375K(699392K), 0.0084140 secs] [Times: user=0.09 sys=0.00, real=0.01 secs] 
2016-09-25T22:44:50.174-0400: 44.989: [GC (GCLocker Initiated GC) [PSYoungGen: 144423K->26636K(175104K)] 439963K->367280K(699392K), 0.0090206 secs] [Times: user=0.08 sys=0.02, real=0.02 secs] 
2016-09-25T22:44:50.226-0400: 45.041: [GC (GCLocker Initiated GC) [PSYoungGen: 114700K->68826K(175104K)] 462187K->442465K(699392K), 0.0069923 secs] [Times: user=0.10 sys=0.00, real=0.00 secs] 
2016-09-25T22:44:50.273-0400: 45.088: [GC (GCLocker Initiated GC) [PSYoungGen: 156890K->53741K(175104K)] 533310K->462040K(699392K), 0.0130095 secs] [Times: user=0.12 sys=0.00, real=0.02 secs] 
2016-09-25T22:44:50.333-0400: 45.148: [GC (GCLocker Initiated GC) [PSYoungGen: 141805K->53462K(141824K)] 555873K->472112K(666112K), 0.0170207 secs] [Times: user=0.24 sys=0.00, real=0.02 secs] 
2016-09-25T22:44:50.383-0400: 45.198: [GC (GCLocker Initiated GC) [PSYoungGen: 141526K->54802K(176640K)] 560393K->499943K(700928K), 0.0122062 secs] [Times: user=0.11 sys=0.00, real=0.01 secs] 
2016-09-25T22:44:50.436-0400: 45.251: [GC (GCLocker Initiated GC) [PSYoungGen: 145426K->46975K(174080K)] 590671K->526357K(698368K), 0.0090268 secs] [Times: user=0.09 sys=0.00, real=0.01 secs] 
2016-09-25T22:44:50.445-0400: 45.260: [Full GC (Ergonomics) [PSYoungGen: 46975K->0K(174080K)] [ParOldGen: 479381K->240217K(524288K)] 526357K->240217K(698368K), [Metaspace: 43632K->43632K(1087488K)], 0.0580448 secs] [Times: user=0.47 sys=0.06, real=0.06 secs] 
2016-09-25T22:44:50.575-0400: 45.390: [GC (GCLocker Initiated GC) [PSYoungGen: 90624K->77078K(169472K)] 330908K->317363K(693760K), 0.0064455 secs] [Times: user=0.10 sys=0.01, real=0.00 secs] 
2016-09-25T22:44:50.668-0400: 45.483: [GC (GCLocker Initiated GC) [PSYoungGen: 164630K->78215K(174592K)] 409268K->338665K(698880K), 0.0124223 secs] [Times: user=0.16 sys=0.01, real=0.01 secs] 
2016-09-25T22:44:50.769-0400: 45.584: [GC (GCLocker Initiated GC) [PSYoungGen: 165767K->49587K(175104K)] 429042K->343351K(699392K), 0.0081255 secs] [Times: user=0.14 sys=0.00, real=0.01 secs] 
2016-09-25T22:44:50.883-0400: 45.698: [GC (GCLocker Initiated GC) [PSYoungGen: 137651K->52566K(175104K)] 450517K->382123K(699392K), 0.0117687 secs] [Times: user=0.17 sys=0.01, real=0.01 secs] 
2016-09-25T22:44:50.958-0400: 45.773: [GC (Allocation Failure) [PSYoungGen: 140630K->69867K(175104K)] 473121K->404525K(699392K), 0.0097135 secs] [Times: user=0.14 sys=0.01, real=0.01 secs] 
2016-09-25T22:44:50.979-0400: 45.794: [GC (GCLocker Initiated GC) [PSYoungGen: 73028K->2892K(175104K)] 407686K->385462K(699392K), 0.0240856 secs] [Times: user=0.41 sys=0.01, real=0.03 secs] 
2016-09-25T22:44:51.075-0400: 45.890: [GC (GCLocker Initiated GC) [PSYoungGen: 90341K->63462K(175104K)] 493161K->466306K(699392K), 0.0066583 secs] [Times: user=0.08 sys=0.00, real=0.00 secs] 
2016-09-25T22:44:51.149-0400: 45.964: [GC (GCLocker Initiated GC) [PSYoungGen: 151526K->35752K(175104K)] 565224K->466476K(699392K), 0.0187951 secs] [Times: user=0.29 sys=0.01, real=0.02 secs] 
2016-09-25T22:44:51.223-0400: 46.038: [GC (GCLocker Initiated GC) [PSYoungGen: 123816K->46769K(175104K)] 554616K->483353K(699392K), 0.0100879 secs] [Times: user=0.12 sys=0.01, real=0.00 secs] 
2016-09-25T22:44:51.419-0400: 46.234: [GC (GCLocker Initiated GC) [PSYoungGen: 134833K->74065K(175104K)] 572953K->530252K(699392K), 0.0171193 secs] [Times: user=0.25 sys=0.02, real=0.02 secs] 
2016-09-25T22:44:51.537-0400: 46.352: [GC (GCLocker Initiated GC) [PSYoungGen: 162129K->61535K(175104K)] 618433K->541422K(699392K), 0.0193362 secs] [Times: user=0.23 sys=0.02, real=0.02 secs] 
2016-09-25T22:44:51.556-0400: 46.371: [Full GC (Ergonomics) [PSYoungGen: 61535K->0K(175104K)] [ParOldGen: 479886K->246865K(524288K)] 541422K->246865K(699392K), [Metaspace: 43633K->43633K(1087488K)], 0.0655723 secs] [Times: user=0.61 sys=0.08, real=0.06 secs] 
2016-09-25T22:44:51.683-0400: 46.498: [GC (GCLocker Initiated GC) [PSYoungGen: 88064K->53236K(175104K)] 344473K->309645K(699392K), 0.0118599 secs] [Times: user=0.13 sys=0.01, real=0.01 secs] 
2016-09-25T22:44:51.794-0400: 46.609: [GC (GCLocker Initiated GC) [PSYoungGen: 141300K->40377K(175104K)] 400577K->305272K(699392K), 0.0268549 secs] [Times: user=0.35 sys=0.00, real=0.02 secs] 
2016-09-25T22:44:51.878-0400: 46.693: [GC (GCLocker Initiated GC) [PSYoungGen: 128441K->61983K(175104K)] 400227K->346747K(699392K), 0.0081834 secs] [Times: user=0.11 sys=0.00, real=0.01 secs] 
2016-09-25T22:44:51.979-0400: 46.794: [GC (GCLocker Initiated GC) [PSYoungGen: 150047K->55065K(173056K)] 436288K->370286K(697344K), 0.0793799 secs] [Times: user=0.28 sys=0.08, real=0.08 secs] 
2016-09-25T22:44:52.168-0400: 46.983: [GC (GCLocker Initiated GC) [PSYoungGen: 143129K->45590K(174080K)] 462357K->400595K(698368K), 0.0093891 secs] [Times: user=0.11 sys=0.01, real=0.01 secs] 
2016-09-25T22:44:52.218-0400: 47.033: [GC (GCLocker Initiated GC) [PSYoungGen: 133654K->48482K(172544K)] 489656K->410480K(696832K), 0.0101886 secs] [Times: user=0.10 sys=0.00, real=0.01 secs] 
2016-09-25T22:44:52.289-0400: 47.104: [GC (GCLocker Initiated GC) [PSYoungGen: 140130K->52437K(174080K)] 508940K->434388K(698368K), 0.0073554 secs] [Times: user=0.11 sys=0.00, real=0.01 secs] 
2016-09-25T22:44:52.349-0400: 47.164: [GC (GCLocker Initiated GC) [PSYoungGen: 144085K->44110K(178688K)] 526131K->441676K(702976K), 0.0071949 secs] [Times: user=0.09 sys=0.00, real=0.01 secs] 
2016-09-25T22:44:52.429-0400: 47.244: [GC (GCLocker Initiated GC) [PSYoungGen: 143950K->77324K(177664K)] 546975K->510607K(701952K), 0.0169718 secs] [Times: user=0.25 sys=0.05, real=0.02 secs] 
2016-09-25T22:44:53.777-0400: 48.592: [GC (GCLocker Initiated GC) [PSYoungGen: 177164K->74199K(172544K)] 616076K->518317K(696832K), 0.0106413 secs] [Times: user=0.07 sys=0.02, real=0.01 secs] 
2016-09-25T22:44:53.839-0400: 48.654: [GC (GCLocker Initiated GC) [PSYoungGen: 162263K->63340K(175104K)] 611892K->538064K(699392K), 0.0077542 secs] [Times: user=0.10 sys=0.00, real=0.01 secs] 
2016-09-25T22:44:53.886-0400: 48.701: [GC (GCLocker Initiated GC) [PSYoungGen: 151404K->71663K(175104K)] 626239K->558033K(699392K), 0.0071672 secs] [Times: user=0.08 sys=0.01, real=0.00 secs] 
2016-09-25T22:44:53.893-0400: 48.708: [Full GC (Ergonomics) [PSYoungGen: 71663K->0K(175104K)] [ParOldGen: 486370K->254370K(524288K)] 558033K->254370K(699392K), [Metaspace: 43646K->43646K(1087488K)], 0.0598429 secs] [Times: user=0.42 sys=0.03, real=0.06 secs] 
2016-09-25T22:44:53.999-0400: 48.814: [GC (GCLocker Initiated GC) [PSYoungGen: 88064K->77542K(175104K)] 345278K->334756K(699392K), 0.0073548 secs] [Times: user=0.11 sys=0.00, real=0.01 secs] 
2016-09-25T22:44:54.045-0400: 48.860: [GC (GCLocker Initiated GC) [PSYoungGen: 165606K->75843K(175104K)] 428485K->348331K(699392K), 0.0077233 secs] [Times: user=0.09 sys=0.01, real=0.00 secs] 
2016-09-25T22:44:54.112-0400: 48.927: [GC (GCLocker Initiated GC) [PSYoungGen: 163907K->64792K(175104K)] 453132K->356375K(699392K), 0.0067868 secs] [Times: user=0.09 sys=0.01, real=0.01 secs] 
2016-09-25T22:44:54.173-0400: 48.988: [GC (GCLocker Initiated GC) [PSYoungGen: 152856K->72622K(175104K)] 449902K->374596K(699392K), 0.0063412 secs] [Times: user=0.09 sys=0.00, real=0.01 secs] 
2016-09-25T22:44:54.226-0400: 49.041: [GC (GCLocker Initiated GC) [PSYoungGen: 160686K->63473K(175104K)] 466888K->391843K(699392K), 0.0093879 secs] [Times: user=0.13 sys=0.00, real=0.01 secs] 
2016-09-25T22:44:54.289-0400: 49.104: [GC (GCLocker Initiated GC) [PSYoungGen: 151537K->75590K(175104K)] 485501K->418554K(699392K), 0.0068398 secs] [Times: user=0.08 sys=0.02, real=0.01 secs] 
2016-09-25T22:44:54.343-0400: 49.158: [GC (GCLocker Initiated GC) [PSYoungGen: 163654K->59418K(175104K)] 506744K->433108K(699392K), 0.0068661 secs] [Times: user=0.10 sys=0.00, real=0.00 secs] 
2016-09-25T22:44:54.403-0400: 49.218: [GC (GCLocker Initiated GC) [PSYoungGen: 147482K->64925K(175104K)] 530723K->477352K(699392K), 0.0084109 secs] [Times: user=0.11 sys=0.00, real=0.00 secs] 
2016-09-25T22:44:54.459-0400: 49.274: [GC (GCLocker Initiated GC) [PSYoungGen: 152989K->70021K(175104K)] 565711K->498588K(699392K), 0.0070312 secs] [Times: user=0.10 sys=0.00, real=0.01 secs] 
2016-09-25T22:44:54.498-0400: 49.313: [GC (GCLocker Initiated GC) [PSYoungGen: 158085K->86291K(175104K)] 586795K->527867K(699392K), 0.0077815 secs] [Times: user=0.11 sys=0.00, real=0.01 secs] 
2016-09-25T22:44:54.565-0400: 49.380: [GC (GCLocker Initiated GC) [PSYoungGen: 174355K->44401K(175104K)] 624214K->519245K(699392K), 0.0073288 secs] [Times: user=0.08 sys=0.00, real=0.00 secs] 
2016-09-25T22:44:54.628-0400: 49.443: [GC (GCLocker Initiated GC) [PSYoungGen: 132465K->53998K(175104K)] 609328K->561403K(699392K), 0.0072895 secs] [Times: user=0.09 sys=0.01, real=0.01 secs] 
2016-09-25T22:44:54.636-0400: 49.451: [Full GC (Ergonomics) [PSYoungGen: 53998K->0K(175104K)] [ParOldGen: 507404K->256413K(524288K)] 561403K->256413K(699392K), [Metaspace: 43646K->43646K(1087488K)], 0.0790022 secs] [Times: user=0.54 sys=0.03, real=0.08 secs] 
2016-09-25T22:44:54.760-0400: 49.575: [GC (GCLocker Initiated GC) [PSYoungGen: 88064K->81712K(175104K)] 354035K->347683K(699392K), 0.0070185 secs] [Times: user=0.10 sys=0.00, real=0.01 secs] 
2016-09-25T22:44:54.831-0400: 49.646: [GC (GCLocker Initiated GC) [PSYoungGen: 169776K->61912K(175104K)] 438453K->364599K(699392K), 0.0077252 secs] [Times: user=0.11 sys=0.00, real=0.01 secs] 
2016-09-25T22:44:54.904-0400: 49.719: [GC (GCLocker Initiated GC) [PSYoungGen: 149976K->56543K(175104K)] 455456K->376221K(699392K), 0.0087773 secs] [Times: user=0.13 sys=0.00, real=0.00 secs] 
2016-09-25T22:44:54.951-0400: 49.766: [GC (GCLocker Initiated GC) [PSYoungGen: 144607K->71468K(175104K)] 464364K->401392K(699392K), 0.0080761 secs] [Times: user=0.09 sys=0.00, real=0.01 secs] 
2016-09-25T22:44:55.009-0400: 49.824: [GC (GCLocker Initiated GC) [PSYoungGen: 159532K->51307K(175104K)] 492244K->430744K(699392K), 0.0121746 secs] [Times: user=0.14 sys=0.00, real=0.01 secs] 
2016-09-25T22:44:55.076-0400: 49.891: [GC (GCLocker Initiated GC) [PSYoungGen: 139371K->56703K(175104K)] 518834K->457322K(699392K), 0.0093712 secs] [Times: user=0.10 sys=0.00, real=0.01 secs] 
2016-09-25T22:44:55.131-0400: 49.946: [GC (GCLocker Initiated GC) [PSYoungGen: 144767K->66322K(175104K)] 545575K->478811K(699392K), 0.0093217 secs] [Times: user=0.10 sys=0.00, real=0.01 secs] 
2016-09-25T22:44:55.195-0400: 50.010: [GC (GCLocker Initiated GC) [PSYoungGen: 154386K->61911K(175104K)] 572417K->494484K(699392K), 0.0217899 secs] [Times: user=0.24 sys=0.00, real=0.02 secs] 
2016-09-25T22:44:55.270-0400: 50.085: [GC (GCLocker Initiated GC) [PSYoungGen: 149975K->79359K(175104K)] 585306K->534295K(699392K), 0.0166175 secs] [Times: user=0.11 sys=0.00, real=0.02 secs] 
2016-09-25T22:44:55.337-0400: 50.152: [GC (GCLocker Initiated GC) [PSYoungGen: 167423K->74323K(175104K)] 622576K->545088K(699392K), 0.0105892 secs] [Times: user=0.12 sys=0.01, real=0.01 secs] 
2016-09-25T22:44:55.396-0400: 50.211: [GC (GCLocker Initiated GC) [PSYoungGen: 162387K->71546K(175104K)] 635947K->559514K(699392K), 0.0075617 secs] [Times: user=0.11 sys=0.00, real=0.01 secs] 
2016-09-25T22:44:55.404-0400: 50.219: [Full GC (Ergonomics) [PSYoungGen: 71546K->0K(175104K)] [ParOldGen: 487967K->256610K(524288K)] 559514K->256610K(699392K), [Metaspace: 43648K->43648K(1087488K)], 0.1861936 secs] [Times: user=2.54 sys=0.01, real=0.18 secs] 
2016-09-25T22:44:55.645-0400: 50.460: [GC (GCLocker Initiated GC) [PSYoungGen: 88064K->84052K(175104K)] 347427K->343415K(699392K), 0.0090278 secs] [Times: user=0.12 sys=0.01, real=0.00 secs] 
2016-09-25T22:44:55.710-0400: 50.525: [GC (GCLocker Initiated GC) [PSYoungGen: 172116K->33451K(175104K)] 443806K->318397K(699392K), 0.0060036 secs] [Times: user=0.05 sys=0.00, real=0.01 secs] 
2016-09-25T22:44:55.771-0400: 50.586: [GC (GCLocker Initiated GC) [PSYoungGen: 121515K->59438K(175104K)] 410668K->364284K(699392K), 0.0068507 secs] [Times: user=0.08 sys=0.00, real=0.01 secs] 
2016-09-25T22:44:55.814-0400: 50.629: [GC (GCLocker Initiated GC) [PSYoungGen: 147502K->68588K(175104K)] 455166K->396060K(699392K), 0.0093865 secs] [Times: user=0.13 sys=0.00, real=0.01 secs] 
2016-09-25T22:44:55.878-0400: 50.693: [GC (GCLocker Initiated GC) [PSYoungGen: 156652K->42906K(175104K)] 486927K->403553K(699392K), 0.0093435 secs] [Times: user=0.08 sys=0.01, real=0.01 secs] 
2016-09-25T22:44:55.933-0400: 50.748: [GC (GCLocker Initiated GC) [PSYoungGen: 130970K->70061K(175104K)] 501130K->442203K(699392K), 0.0096566 secs] [Times: user=0.16 sys=0.00, real=0.02 secs] 
2016-09-25T22:44:55.991-0400: 50.806: [GC (GCLocker Initiated GC) [PSYoungGen: 158125K->63112K(175104K)] 533119K->457737K(699392K), 0.0088383 secs] [Times: user=0.12 sys=0.00, real=0.01 secs] 
2016-09-25T22:44:56.051-0400: 50.866: [GC (GCLocker Initiated GC) [PSYoungGen: 151176K->62004K(175104K)] 558126K->480237K(699392K), 0.0125665 secs] [Times: user=0.14 sys=0.00, real=0.02 secs] 
2016-09-25T22:44:56.119-0400: 50.934: [GC (GCLocker Initiated GC) [PSYoungGen: 150068K->69795K(175104K)] 576519K->511862K(699392K), 0.0071212 secs] [Times: user=0.10 sys=0.01, real=0.01 secs] 
2016-09-25T22:44:56.174-0400: 50.989: [GC (GCLocker Initiated GC) [PSYoungGen: 157859K->65911K(175104K)] 606069K->533493K(699392K), 0.0075034 secs] [Times: user=0.10 sys=0.01, real=0.01 secs] 
2016-09-25T22:44:56.229-0400: 51.044: [GC (GCLocker Initiated GC) [PSYoungGen: 153975K->77965K(175104K)] 621649K->559746K(699392K), 0.0085399 secs] [Times: user=0.09 sys=0.00, real=0.01 secs] 
2016-09-25T22:44:56.288-0400: 51.103: [Full GC (Ergonomics) [PSYoungGen: 166029K->0K(175104K)] [ParOldGen: 495561K->255692K(524288K)] 661591K->255692K(699392K), [Metaspace: 43648K->43648K(1087488K)], 0.0601671 secs] [Times: user=0.42 sys=0.00, real=0.06 secs] 
2016-09-25T22:44:56.402-0400: 51.217: [GC (GCLocker Initiated GC) [PSYoungGen: 88064K->71476K(175104K)] 347977K->331390K(699392K), 0.0061965 secs] [Times: user=0.09 sys=0.00, real=0.01 secs] 
2016-09-25T22:44:56.456-0400: 51.271: [GC (GCLocker Initiated GC) [PSYoungGen: 159540K->48238K(175104K)] 424901K->349503K(699392K), 0.0092436 secs] [Times: user=0.09 sys=0.01, real=0.01 secs] 
2016-09-25T22:44:56.506-0400: 51.321: [GC (GCLocker Initiated GC) [PSYoungGen: 136302K->79391K(175104K)] 437825K->385429K(699392K), 0.0067956 secs] [Times: user=0.08 sys=0.00, real=0.00 secs] 
2016-09-25T22:44:56.563-0400: 51.378: [GC (GCLocker Initiated GC) [PSYoungGen: 167455K->64567K(175104K)] 474938K->396968K(699392K), 0.0070619 secs] [Times: user=0.08 sys=0.00, real=0.00 secs] 
2016-09-25T22:44:56.614-0400: 51.429: [GC (GCLocker Initiated GC) [PSYoungGen: 152631K->66050K(175104K)] 492236K->419712K(699392K), 0.0077786 secs] [Times: user=0.05 sys=0.00, real=0.00 secs] 
2016-09-25T22:44:56.673-0400: 51.488: [GC (GCLocker Initiated GC) [PSYoungGen: 154114K->50852K(175104K)] 514862K->442134K(699392K), 0.0071370 secs] [Times: user=0.09 sys=0.01, real=0.01 secs] 
2016-09-25T22:44:56.725-0400: 51.540: [GC (GCLocker Initiated GC) [PSYoungGen: 138916K->60354K(175104K)] 533040K->488663K(699392K), 0.0090319 secs] [Times: user=0.12 sys=0.00, real=0.00 secs] 
2016-09-25T22:44:56.782-0400: 51.597: [GC (GCLocker Initiated GC) [PSYoungGen: 148418K->64713K(171008K)] 579547K->515268K(695296K), 0.0087585 secs] [Times: user=0.10 sys=0.00, real=0.01 secs] 
2016-09-25T22:44:56.835-0400: 51.650: [GC (GCLocker Initiated GC) [PSYoungGen: 152777K->64729K(173056K)] 607682K->533913K(697344K), 0.0071243 secs] [Times: user=0.10 sys=0.01, real=0.01 secs] 
2016-09-25T22:44:56.896-0400: 51.711: [GC (GCLocker Initiated GC) [PSYoungGen: 152793K->71174K(177152K)] 622376K->569890K(701440K), 0.0074871 secs] [Times: user=0.10 sys=0.00, real=0.01 secs] 
2016-09-25T22:44:56.903-0400: 51.718: [Full GC (Ergonomics) [PSYoungGen: 71174K->0K(177152K)] [ParOldGen: 498715K->261260K(524288K)] 569890K->261260K(701440K), [Metaspace: 43654K->43654K(1087488K)], 0.0637992 secs] [Times: user=0.53 sys=0.00, real=0.06 secs] 
2016-09-25T22:44:57.015-0400: 51.830: [GC (GCLocker Initiated GC) [PSYoungGen: 93696K->73126K(166912K)] 360496K->339926K(691200K), 0.0060641 secs] [Times: user=0.07 sys=0.00, real=0.00 secs] 
2016-09-25T22:44:57.072-0400: 51.887: [GC (GCLocker Initiated GC) [PSYoungGen: 166822K->72731K(175616K)] 436353K->346018K(699904K), 0.0060568 secs] [Times: user=0.08 sys=0.00, real=0.01 secs] 
2016-09-25T22:44:57.116-0400: 51.931: [GC (GCLocker Initiated GC) [PSYoungGen: 162843K->83569K(174080K)] 441776K->372645K(698368K), 0.0073401 secs] [Times: user=0.11 sys=0.00, real=0.01 secs] 
2016-09-25T22:44:57.173-0400: 51.988: [GC (GCLocker Initiated GC) [PSYoungGen: 173681K->49560K(175104K)] 465696K->388183K(699392K), 0.0099812 secs] [Times: user=0.13 sys=0.01, real=0.02 secs] 
2016-09-25T22:44:57.235-0400: 52.050: [GC (GCLocker Initiated GC) [PSYoungGen: 137624K->57772K(175104K)] 481758K->407787K(699392K), 0.0098771 secs] [Times: user=0.11 sys=0.00, real=0.01 secs] 
2016-09-25T22:44:57.295-0400: 52.110: [GC (GCLocker Initiated GC) [PSYoungGen: 145836K->67310K(175104K)] 499635K->424449K(699392K), 0.0065047 secs] [Times: user=0.07 sys=0.01, real=0.00 secs] 
2016-09-25T22:44:57.363-0400: 52.178: [GC (GCLocker Initiated GC) [PSYoungGen: 155374K->67294K(175104K)] 520778K->444194K(699392K), 0.0075282 secs] [Times: user=0.08 sys=0.00, real=0.00 secs] 
2016-09-25T22:44:57.424-0400: 52.239: [GC (Allocation Failure) [PSYoungGen: 155358K->64449K(171008K)] 540427K->469058K(695296K), 0.0090534 secs] [Times: user=0.12 sys=0.00, real=0.00 secs] 
2016-09-25T22:44:57.434-0400: 52.249: [GC (GCLocker Initiated GC) [PSYoungGen: 67596K->2892K(173056K)] 472205K->481049K(697344K), 0.0102426 secs] [Times: user=0.08 sys=0.01, real=0.02 secs] 
2016-09-25T22:44:57.444-0400: 52.259: [Full GC (Ergonomics) [PSYoungGen: 2892K->0K(173056K)] [ParOldGen: 478157K->272921K(524288K)] 481049K->272921K(697344K), [Metaspace: 43654K->43654K(1087488K)], 0.0509576 secs] [Times: user=0.38 sys=0.00, real=0.05 secs] 
2016-09-25T22:44:57.545-0400: 52.360: [GC (GCLocker Initiated GC) [PSYoungGen: 85757K->67858K(175104K)] 364079K->346179K(699392K), 0.0062047 secs] [Times: user=0.08 sys=0.01, real=0.00 secs] 
2016-09-25T22:44:57.590-0400: 52.405: [GC (GCLocker Initiated GC) [PSYoungGen: 155922K->40053K(175104K)] 434348K->333175K(699392K), 0.0092266 secs] [Times: user=0.05 sys=0.01, real=0.01 secs] 
2016-09-25T22:44:57.647-0400: 52.462: [GC (GCLocker Initiated GC) [PSYoungGen: 128117K->64746K(175104K)] 424828K->394347K(699392K), 0.0089378 secs] [Times: user=0.11 sys=0.00, real=0.01 secs] 
2016-09-25T22:44:57.699-0400: 52.514: [GC (GCLocker Initiated GC) [PSYoungGen: 152810K->55250K(175104K)] 487940K->418149K(699392K), 0.0108993 secs] [Times: user=0.10 sys=0.00, real=0.01 secs] 
2016-09-25T22:44:57.757-0400: 52.572: [GC (GCLocker Initiated GC) [PSYoungGen: 143314K->75468K(175104K)] 509021K->445875K(699392K), 0.0076578 secs] [Times: user=0.08 sys=0.00, real=0.01 secs] 
2016-09-25T22:44:57.816-0400: 52.631: [GC (GCLocker Initiated GC) [PSYoungGen: 163532K->69956K(175104K)] 534203K->461602K(699392K), 0.0082867 secs] [Times: user=0.12 sys=0.00, real=0.01 secs] 
2016-09-25T22:44:57.873-0400: 52.688: [GC (GCLocker Initiated GC) [PSYoungGen: 158020K->53899K(175104K)] 555096K->477299K(699392K), 0.0071222 secs] [Times: user=0.10 sys=0.00, real=0.01 secs] 
2016-09-25T22:44:57.933-0400: 52.748: [GC (GCLocker Initiated GC) [PSYoungGen: 141963K->79550K(175104K)] 565478K->513340K(699392K), 0.0119518 secs] [Times: user=0.17 sys=0.01, real=0.02 secs] 
2016-09-25T22:44:58.008-0400: 52.823: [GC (GCLocker Initiated GC) [PSYoungGen: 167614K->70140K(175104K)] 606865K->527735K(699392K), 0.0154724 secs] [Times: user=0.19 sys=0.00, real=0.02 secs] 
2016-09-25T22:44:58.069-0400: 52.884: [GC (GCLocker Initiated GC) [PSYoungGen: 158204K->74071K(175104K)] 624348K->543709K(699392K), 0.0084818 secs] [Times: user=0.11 sys=0.01, real=0.01 secs] 
2016-09-25T22:44:58.129-0400: 52.944: [GC (GCLocker Initiated GC) [PSYoungGen: 162135K->69861K(175104K)] 637247K->548452K(699392K), 0.0126085 secs] [Times: user=0.13 sys=0.01, real=0.01 secs] 
2016-09-25T22:44:58.141-0400: 52.956: [Full GC (Ergonomics) [PSYoungGen: 69861K->0K(175104K)] [ParOldGen: 478591K->267287K(524288K)] 548452K->267287K(699392K), [Metaspace: 43656K->43656K(1087488K)], 0.0863286 secs] [Times: user=0.59 sys=0.01, real=0.09 secs] 
2016-09-25T22:44:58.274-0400: 53.089: [GC (GCLocker Initiated GC) [PSYoungGen: 88064K->69242K(175104K)] 358398K->339577K(699392K), 0.0076477 secs] [Times: user=0.08 sys=0.00, real=0.01 secs] 
2016-09-25T22:44:58.325-0400: 53.140: [GC (GCLocker Initiated GC) [PSYoungGen: 157306K->56166K(175104K)] 430742K->355084K(699392K), 0.0175901 secs] [Times: user=0.19 sys=0.01, real=0.02 secs] 
2016-09-25T22:44:58.422-0400: 53.237: [GC (GCLocker Initiated GC) [PSYoungGen: 144230K->41361K(175104K)] 452814K->363965K(699392K), 0.0135133 secs] [Times: user=0.09 sys=0.00, real=0.01 secs] 
2016-09-25T22:44:58.491-0400: 53.306: [GC (GCLocker Initiated GC) [PSYoungGen: 129425K->60556K(175104K)] 469675K->401355K(699392K), 0.0063006 secs] [Times: user=0.06 sys=0.00, real=0.01 secs] 
2016-09-25T22:44:58.550-0400: 53.365: [GC (GCLocker Initiated GC) [PSYoungGen: 148620K->59303K(175104K)] 494850K->417072K(699392K), 0.0134082 secs] [Times: user=0.14 sys=0.01, real=0.02 secs] 
2016-09-25T22:44:58.646-0400: 53.461: [GC (GCLocker Initiated GC) [PSYoungGen: 147367K->60226K(172032K)] 505726K->424694K(696320K), 0.0075970 secs] [Times: user=0.07 sys=0.00, real=0.00 secs] 
2016-09-25T22:44:58.685-0400: 53.500: [GC (GCLocker Initiated GC) [PSYoungGen: 148290K->63154K(173568K)] 515575K->452461K(697856K), 0.0078672 secs] [Times: user=0.11 sys=0.00, real=0.00 secs] 
2016-09-25T22:44:58.744-0400: 53.559: [GC (GCLocker Initiated GC) [PSYoungGen: 151218K->59330K(172544K)] 540594K->469562K(696832K), 0.0126583 secs] [Times: user=0.16 sys=0.00, real=0.01 secs] 
2016-09-25T22:44:58.818-0400: 53.633: [GC (GCLocker Initiated GC) [PSYoungGen: 152002K->73156K(174592K)] 567746K->500544K(698880K), 0.0122235 secs] [Times: user=0.16 sys=0.00, real=0.01 secs] 
2016-09-25T22:44:58.891-0400: 53.706: [GC (GCLocker Initiated GC) [PSYoungGen: 165828K->59336K(178688K)] 604165K->505552K(702976K), 0.0069524 secs] [Times: user=0.07 sys=0.01, real=0.01 secs] 
2016-09-25T22:44:58.946-0400: 53.761: [GC (GCLocker Initiated GC) [PSYoungGen: 154056K->56502K(151552K)] 605731K->532001K(675840K), 0.0104524 secs] [Times: user=0.14 sys=0.00, real=0.01 secs] 
2016-09-25T22:44:59.031-0400: 53.846: [GC (GCLocker Initiated GC) [PSYoungGen: 151222K->64801K(178176K)] 635298K->571173K(702464K), 0.0131496 secs] [Times: user=0.16 sys=0.01, real=0.02 secs] 
2016-09-25T22:44:59.044-0400: 53.859: [Full GC (Ergonomics) [PSYoungGen: 64801K->0K(178176K)] [ParOldGen: 506372K->273935K(524288K)] 571173K->273935K(702464K), [Metaspace: 43656K->43656K(1087488K)], 0.0712646 secs] [Times: user=0.65 sys=0.01, real=0.07 secs] 
2016-09-25T22:44:59.171-0400: 53.986: [GC (GCLocker Initiated GC) [PSYoungGen: 96256K->78551K(177152K)] 377060K->359355K(701440K), 0.0073344 secs] [Times: user=0.11 sys=0.00, real=0.01 secs] 
2016-09-25T22:44:59.246-0400: 54.061: [GC (GCLocker Initiated GC) [PSYoungGen: 174807K->80982K(173056K)] 458415K->375161K(697344K), 0.0112428 secs] [Times: user=0.15 sys=0.01, real=0.01 secs] 
2016-09-25T22:44:59.324-0400: 54.139: [GC (GCLocker Initiated GC) [PSYoungGen: 169046K->71455K(175104K)] 472753K->405646K(699392K), 0.0094613 secs] [Times: user=0.08 sys=0.01, real=0.00 secs] 
2016-09-25T22:44:59.377-0400: 54.192: [GC (GCLocker Initiated GC) [PSYoungGen: 159519K->60552K(175104K)] 493795K->421333K(699392K), 0.0076602 secs] [Times: user=0.09 sys=0.01, real=0.01 secs] 
2016-09-25T22:44:59.428-0400: 54.243: [GC (GCLocker Initiated GC) [PSYoungGen: 148616K->78250K(175104K)] 517623K->456109K(699392K), 0.0077589 secs] [Times: user=0.11 sys=0.00, real=0.01 secs] 
2016-09-25T22:44:59.488-0400: 54.303: [GC (GCLocker Initiated GC) [PSYoungGen: 166314K->63544K(175104K)] 549752K->474761K(699392K), 0.0071152 secs] [Times: user=0.09 sys=0.00, real=0.01 secs] 
2016-09-25T22:44:59.543-0400: 54.358: [GC (GCLocker Initiated GC) [PSYoungGen: 151608K->74040K(175104K)] 565787K->509393K(699392K), 0.0080303 secs] [Times: user=0.10 sys=0.00, real=0.00 secs] 
2016-09-25T22:44:59.612-0400: 54.427: [GC (GCLocker Initiated GC) [PSYoungGen: 162104K->71536K(175104K)] 615072K->534618K(699392K), 0.0100233 secs] [Times: user=0.11 sys=0.00, real=0.02 secs] 
2016-09-25T22:44:59.670-0400: 54.485: [GC (GCLocker Initiated GC) [PSYoungGen: 159600K->84985K(175104K)] 628974K->556565K(699392K), 0.0094796 secs] [Times: user=0.15 sys=0.00, real=0.01 secs] 
2016-09-25T22:44:59.724-0400: 54.539: [GC (GCLocker Initiated GC) [PSYoungGen: 173049K->68608K(175104K)] 651434K->563998K(699392K), 0.0086323 secs] [Times: user=0.14 sys=0.00, real=0.00 secs] 
2016-09-25T22:44:59.733-0400: 54.548: [Full GC (Ergonomics) [PSYoungGen: 68608K->0K(175104K)] [ParOldGen: 495389K->284747K(524288K)] 563998K->284747K(699392K), [Metaspace: 43656K->43656K(1087488K)], 0.0563633 secs] [Times: user=0.53 sys=0.01, real=0.06 secs] 
2016-09-25T22:44:59.835-0400: 54.650: [GC (GCLocker Initiated GC) [PSYoungGen: 88064K->80130K(175104K)] 383698K->375772K(699392K), 0.0092139 secs] [Times: user=0.15 sys=0.00, real=0.01 secs] 
2016-09-25T22:44:59.896-0400: 54.711: [GC (GCLocker Initiated GC) [PSYoungGen: 168194K->60638K(175104K)] 466777K->387531K(699392K), 0.0100341 secs] [Times: user=0.15 sys=0.00, real=0.01 secs] 
2016-09-25T22:44:59.958-0400: 54.773: [GC (GCLocker Initiated GC) [PSYoungGen: 148702K->60326K(175104K)] 479881K->405779K(699392K), 0.0085425 secs] [Times: user=0.09 sys=0.01, real=0.01 secs] 
2016-09-25T22:45:00.002-0400: 54.817: [GC (GCLocker Initiated GC) [PSYoungGen: 148390K->78221K(175104K)] 496774K->448683K(699392K), 0.0105179 secs] [Times: user=0.11 sys=0.00, real=0.01 secs] 
2016-09-25T22:45:00.065-0400: 54.880: [GC (GCLocker Initiated GC) [PSYoungGen: 166285K->53853K(175104K)] 536767K->449398K(699392K), 0.0068034 secs] [Times: user=0.08 sys=0.00, real=0.00 secs] 
2016-09-25T22:45:00.115-0400: 54.930: [GC (GCLocker Initiated GC) [PSYoungGen: 141917K->79719K(175104K)] 547006K->486849K(699392K), 0.0063839 secs] [Times: user=0.08 sys=0.00, real=0.00 secs] 
2016-09-25T22:45:00.185-0400: 55.000: [GC (GCLocker Initiated GC) [PSYoungGen: 167783K->69956K(175104K)] 575121K->494441K(699392K), 0.0097420 secs] [Times: user=0.10 sys=0.00, real=0.01 secs] 
2016-09-25T22:45:00.238-0400: 55.053: [GC (GCLocker Initiated GC) [PSYoungGen: 158020K->60411K(175104K)] 584176K->507411K(699392K), 0.0091196 secs] [Times: user=0.14 sys=0.00, real=0.01 secs] 
2016-09-25T22:45:00.300-0400: 55.115: [GC (GCLocker Initiated GC) [PSYoungGen: 148475K->61874K(175104K)] 598330K->536617K(699392K), 0.0097989 secs] [Times: user=0.15 sys=0.00, real=0.01 secs] 
2016-09-25T22:45:00.358-0400: 55.173: [GC (GCLocker Initiated GC) [PSYoungGen: 149938K->53968K(175104K)] 634347K->562020K(699392K), 0.0089492 secs] [Times: user=0.10 sys=0.00, real=0.01 secs] 
2016-09-25T22:45:00.367-0400: 55.182: [Full GC (Ergonomics) [PSYoungGen: 53968K->0K(175104K)] [ParOldGen: 508051K->287215K(524288K)] 562020K->287215K(699392K), [Metaspace: 43662K->43662K(1087488K)], 0.0699716 secs] [Times: user=0.46 sys=0.00, real=0.07 secs] 
2016-09-25T22:45:00.490-0400: 55.305: [GC (GCLocker Initiated GC) [PSYoungGen: 88064K->85140K(175104K)] 375619K->378095K(699392K), 0.0081569 secs] [Times: user=0.12 sys=0.00, real=0.01 secs] 
2016-09-25T22:45:00.538-0400: 55.353: [GC (GCLocker Initiated GC) [PSYoungGen: 173204K->60672K(175104K)] 466277K->389857K(699392K), 0.0136226 secs] [Times: user=0.20 sys=0.00, real=0.01 secs] 
2016-09-25T22:45:00.599-0400: 55.414: [GC (GCLocker Initiated GC) [PSYoungGen: 148736K->70354K(175104K)] 483429K->421983K(699392K), 0.0094869 secs] [Times: user=0.12 sys=0.01, real=0.01 secs] 
2016-09-25T22:45:00.664-0400: 55.479: [GC (GCLocker Initiated GC) [PSYoungGen: 158418K->59177K(175104K)] 527178K->442453K(699392K), 0.0075151 secs] [Times: user=0.09 sys=0.00, real=0.00 secs] 
2016-09-25T22:45:00.726-0400: 55.541: [GC (GCLocker Initiated GC) [PSYoungGen: 147241K->49694K(175104K)] 531491K->460257K(699392K), 0.0107093 secs] [Times: user=0.08 sys=0.01, real=0.01 secs] 
2016-09-25T22:45:00.775-0400: 55.590: [GC (GCLocker Initiated GC) [PSYoungGen: 137758K->75653K(175104K)] 549850K->508502K(699392K), 0.0094187 secs] [Times: user=0.14 sys=0.00, real=0.01 secs] 
2016-09-25T22:45:00.834-0400: 55.649: [GC (GCLocker Initiated GC) [PSYoungGen: 163717K->73817K(175104K)] 596705K->521076K(699392K), 0.0188029 secs] [Times: user=0.25 sys=0.01, real=0.02 secs] 
2016-09-25T22:45:00.909-0400: 55.724: [GC (GCLocker Initiated GC) [PSYoungGen: 161881K->50171K(175104K)] 618755K->541335K(699392K), 0.0095926 secs] [Times: user=0.12 sys=0.00, real=0.01 secs] 
2016-09-25T22:45:00.919-0400: 55.734: [Full GC (Ergonomics) [PSYoungGen: 50171K->0K(175104K)] [ParOldGen: 491164K->291129K(524288K)] 541335K->291129K(699392K), [Metaspace: 43666K->43666K(1087488K)], 0.0571226 secs] [Times: user=0.54 sys=0.00, real=0.06 secs] 
2016-09-25T22:45:01.029-0400: 55.844: [GC (GCLocker Initiated GC) [PSYoungGen: 88064K->55672K(175104K)] 382021K->349629K(699392K), 0.0076319 secs] [Times: user=0.08 sys=0.00, real=0.01 secs] 
2016-09-25T22:45:01.080-0400: 55.895: [GC (GCLocker Initiated GC) [PSYoungGen: 143736K->52359K(175104K)] 437752K->364986K(699392K), 0.0069116 secs] [Times: user=0.07 sys=0.00, real=0.01 secs] 
2016-09-25T22:45:01.122-0400: 55.937: [GC (GCLocker Initiated GC) [PSYoungGen: 140423K->60624K(175104K)] 455933K->399764K(699392K), 0.0096658 secs] [Times: user=0.10 sys=0.00, real=0.00 secs] 
2016-09-25T22:45:01.185-0400: 56.000: [GC (GCLocker Initiated GC) [PSYoungGen: 148688K->55193K(175104K)] 496015K->414040K(699392K), 0.0084230 secs] [Times: user=0.12 sys=0.00, real=0.00 secs] 
2016-09-25T22:45:01.245-0400: 56.060: [GC (GCLocker Initiated GC) [PSYoungGen: 143257K->40425K(175104K)] 502267K->425794K(699392K), 0.0102531 secs] [Times: user=0.09 sys=0.01, real=0.01 secs] 
2016-09-25T22:45:01.299-0400: 56.114: [GC (GCLocker Initiated GC) [PSYoungGen: 128489K->68890K(175104K)] 523440K->478084K(699392K), 0.0105094 secs] [Times: user=0.11 sys=0.00, real=0.01 secs] 
2016-09-25T22:45:01.360-0400: 56.175: [GC (GCLocker Initiated GC) [PSYoungGen: 156954K->73917K(175104K)] 566244K->500317K(699392K), 0.0121152 secs] [Times: user=0.14 sys=0.00, real=0.01 secs] 
2016-09-25T22:45:01.418-0400: 56.233: [GC (GCLocker Initiated GC) [PSYoungGen: 161981K->51112K(175104K)] 596584K->506450K(699392K), 0.0118228 secs] [Times: user=0.08 sys=0.01, real=0.01 secs] 
2016-09-25T22:45:01.483-0400: 56.298: [GC (GCLocker Initiated GC) [PSYoungGen: 139176K->64697K(175104K)] 604157K->542670K(699392K), 0.0066294 secs] [Times: user=0.09 sys=0.01, real=0.00 secs] 
2016-09-25T22:45:01.529-0400: 56.344: [GC (GCLocker Initiated GC) [PSYoungGen: 152761K->71217K(175104K)] 633611K->560950K(699392K), 0.0068067 secs] [Times: user=0.09 sys=0.01, real=0.01 secs] 
2016-09-25T22:45:01.537-0400: 56.352: [Full GC (Ergonomics) [PSYoungGen: 71217K->0K(175104K)] [ParOldGen: 489732K->301113K(524288K)] 560950K->301113K(699392K), [Metaspace: 43666K->43666K(1087488K)], 0.0555502 secs] [Times: user=0.46 sys=0.00, real=0.05 secs] 
2016-09-25T22:45:01.643-0400: 56.458: [GC (GCLocker Initiated GC) [PSYoungGen: 88064K->74620K(175104K)] 391988K->378545K(699392K), 0.0163349 secs] [Times: user=0.24 sys=0.01, real=0.01 secs] 
2016-09-25T22:45:01.702-0400: 56.517: [GC (GCLocker Initiated GC) [PSYoungGen: 162684K->68713K(175104K)] 466862K->398388K(699392K), 0.0116816 secs] [Times: user=0.16 sys=0.00, real=0.01 secs] 
2016-09-25T22:45:01.768-0400: 56.583: [GC (GCLocker Initiated GC) [PSYoungGen: 156777K->63443K(175104K)] 492879K->421862K(699392K), 0.0100759 secs] [Times: user=0.14 sys=0.00, real=0.01 secs] 
2016-09-25T22:45:01.824-0400: 56.639: [GC (GCLocker Initiated GC) [PSYoungGen: 151507K->60515K(174080K)] 512690K->444136K(698368K), 0.0088383 secs] [Times: user=0.13 sys=0.00, real=0.00 secs] 
2016-09-25T22:45:01.877-0400: 56.692: [GC (GCLocker Initiated GC) [PSYoungGen: 148579K->75433K(174592K)] 532389K->474745K(698880K), 0.0138733 secs] [Times: user=0.16 sys=0.01, real=0.01 secs] 
2016-09-25T22:45:01.946-0400: 56.761: [GC (GCLocker Initiated GC) [PSYoungGen: 163497K->68621K(175104K)] 573769K->499854K(699392K), 0.0070180 secs] [Times: user=0.09 sys=0.00, real=0.00 secs] 
2016-09-25T22:45:02.002-0400: 56.817: [GC (GCLocker Initiated GC) [PSYoungGen: 156685K->51103K(175104K)] 592037K->527560K(699392K), 0.0072224 secs] [Times: user=0.10 sys=0.01, real=0.00 secs] 
2016-09-25T22:45:02.052-0400: 56.867: [GC (GCLocker Initiated GC) [PSYoungGen: 139167K->64725K(172032K)] 615810K->570479K(696320K), 0.0098474 secs] [Times: user=0.10 sys=0.00, real=0.01 secs] 
2016-09-25T22:45:02.062-0400: 56.877: [Full GC (Ergonomics) [PSYoungGen: 64725K->0K(172032K)] [ParOldGen: 505754K->304692K(524288K)] 570479K->304692K(696320K), [Metaspace: 43667K->43667K(1087488K)], 0.0613595 secs] [Times: user=0.50 sys=0.01, real=0.07 secs] 
2016-09-25T22:45:02.172-0400: 56.987: [GC (GCLocker Initiated GC) [PSYoungGen: 88064K->85493K(173568K)] 395711K->395849K(697856K), 0.0092778 secs] [Times: user=0.14 sys=0.00, real=0.01 secs] 
2016-09-25T22:45:02.246-0400: 57.061: [GC (GCLocker Initiated GC) [PSYoungGen: 173557K->52492K(175104K)] 486618K->373651K(699392K), 0.0059246 secs] [Times: user=0.07 sys=0.00, real=0.00 secs] 
2016-09-25T22:45:02.295-0400: 57.110: [GC (GCLocker Initiated GC) [PSYoungGen: 140556K->65916K(175104K)] 464542K->396028K(699392K), 0.0093937 secs] [Times: user=0.07 sys=0.00, real=0.01 secs] 
2016-09-25T22:45:02.365-0400: 57.180: [GC (GCLocker Initiated GC) [PSYoungGen: 153980K->63382K(175104K)] 484331K->413281K(699392K), 0.0077113 secs] [Times: user=0.08 sys=0.01, real=0.00 secs] 
2016-09-25T22:45:02.411-0400: 57.226: [GC (GCLocker Initiated GC) [PSYoungGen: 151446K->60677K(148992K)] 501852K->444306K(673280K), 0.0081034 secs] [Times: user=0.10 sys=0.01, real=0.01 secs] 
2016-09-25T22:45:02.465-0400: 57.280: [GC (GCLocker Initiated GC) [PSYoungGen: 148741K->61643K(175616K)] 532395K->456854K(699904K), 0.0117990 secs] [Times: user=0.10 sys=0.00, real=0.01 secs] 
2016-09-25T22:45:02.523-0400: 57.338: [GC (GCLocker Initiated GC) [PSYoungGen: 151243K->75596K(174080K)] 550788K->479828K(698368K), 0.0096210 secs] [Times: user=0.14 sys=0.00, real=0.00 secs] 
2016-09-25T22:45:02.592-0400: 57.407: [GC (GCLocker Initiated GC) [PSYoungGen: 165196K->50869K(174592K)] 569440K->487009K(698880K), 0.0081429 secs] [Times: user=0.11 sys=0.01, real=0.01 secs] 
2016-09-25T22:45:02.643-0400: 57.458: [GC (GCLocker Initiated GC) [PSYoungGen: 138933K->70324K(175104K)] 579314K->513844K(699392K), 0.0072853 secs] [Times: user=0.08 sys=0.01, real=0.00 secs] 
2016-09-25T22:45:02.682-0400: 57.497: [GC (GCLocker Initiated GC) [PSYoungGen: 158388K->79300K(175104K)] 605279K->533907K(699392K), 0.0073347 secs] [Times: user=0.09 sys=0.01, real=0.00 secs] 
2016-09-25T22:45:02.731-0400: 57.546: [GC (GCLocker Initiated GC) [PSYoungGen: 167364K->57849K(175104K)] 623428K->561708K(699392K), 0.0145027 secs] [Times: user=0.20 sys=0.00, real=0.02 secs] 
2016-09-25T22:45:02.746-0400: 57.561: [Full GC (Ergonomics) [PSYoungGen: 57849K->0K(175104K)] [ParOldGen: 503858K->304185K(524288K)] 561708K->304185K(699392K), [Metaspace: 43667K->43667K(1087488K)], 0.0623207 secs] [Times: user=0.42 sys=0.01, real=0.06 secs] 
2016-09-25T22:45:02.875-0400: 57.690: [GC (GCLocker Initiated GC) [PSYoungGen: 88064K->81523K(175104K)] 395023K->388482K(699392K), 0.0127574 secs] [Times: user=0.16 sys=0.00, real=0.01 secs] 
2016-09-25T22:45:02.937-0400: 57.752: [GC (GCLocker Initiated GC) [PSYoungGen: 169587K->49789K(175104K)] 478752K->384631K(699392K), 0.0077763 secs] [Times: user=0.08 sys=0.01, real=0.01 secs] 
2016-09-25T22:45:02.985-0400: 57.800: [GC (GCLocker Initiated GC) [PSYoungGen: 137853K->68484K(175104K)] 472737K->416223K(699392K), 0.0094160 secs] [Times: user=0.11 sys=0.00, real=0.01 secs] 
2016-09-25T22:45:03.067-0400: 57.882: [GC (GCLocker Initiated GC) [PSYoungGen: 156548K->60545K(175104K)] 512435K->427768K(699392K), 0.0145858 secs] [Times: user=0.17 sys=0.00, real=0.01 secs] 
2016-09-25T22:45:03.139-0400: 57.954: [GC (GCLocker Initiated GC) [PSYoungGen: 148609K->60556K(175104K)] 524148K->443582K(699392K), 0.0072185 secs] [Times: user=0.07 sys=0.00, real=0.01 secs] 
2016-09-25T22:45:03.189-0400: 58.004: [GC (GCLocker Initiated GC) [PSYoungGen: 148620K->70006K(175104K)] 544000K->466086K(699392K), 0.0063945 secs] [Times: user=0.08 sys=0.00, real=0.01 secs] 
2016-09-25T22:45:03.265-0400: 58.080: [GC (GCLocker Initiated GC) [PSYoungGen: 158070K->59082K(174080K)] 556982K->482930K(698368K), 0.0145098 secs] [Times: user=0.17 sys=0.00, real=0.01 secs] 
2016-09-25T22:45:03.340-0400: 58.155: [GC (GCLocker Initiated GC) [PSYoungGen: 147146K->59302K(174592K)] 577854K->497280K(698880K), 0.0073825 secs] [Times: user=0.06 sys=0.00, real=0.01 secs] 
2016-09-25T22:45:03.399-0400: 58.214: [GC (GCLocker Initiated GC) [PSYoungGen: 147366K->50830K(175104K)] 597689K->503280K(699392K), 0.0080048 secs] [Times: user=0.06 sys=0.01, real=0.01 secs] 
2016-09-25T22:45:03.482-0400: 58.297: [GC (GCLocker Initiated GC) [PSYoungGen: 140430K->41376K(175104K)] 598459K->501275K(699392K), 0.0168636 secs] [Times: user=0.15 sys=0.00, real=0.02 secs] 
2016-09-25T22:45:03.550-0400: 58.365: [GC (GCLocker Initiated GC) [PSYoungGen: 130976K->75361K(175104K)] 593824K->559143K(699392K), 0.0077009 secs] [Times: user=0.12 sys=0.00, real=0.01 secs] 
2016-09-25T22:45:03.558-0400: 58.373: [Full GC (Ergonomics) [PSYoungGen: 75361K->0K(175104K)] [ParOldGen: 483782K->312228K(524288K)] 559143K->312228K(699392K), [Metaspace: 43667K->43667K(1087488K)], 0.0584404 secs] [Times: user=0.45 sys=0.00, real=0.06 secs] 
2016-09-25T22:45:03.668-0400: 58.483: [GC (GCLocker Initiated GC) [PSYoungGen: 88064K->66382K(175104K)] 400466K->378784K(699392K), 0.0133812 secs] [Times: user=0.13 sys=0.00, real=0.01 secs] 
2016-09-25T22:45:03.748-0400: 58.563: [GC (GCLocker Initiated GC) [PSYoungGen: 154446K->51088K(175104K)] 475177K->393235K(699392K), 0.0112315 secs] [Times: user=0.09 sys=0.01, real=0.01 secs] 
2016-09-25T22:45:03.802-0400: 58.617: [GC (GCLocker Initiated GC) [PSYoungGen: 139152K->53772K(142336K)] 487255K->403947K(666624K), 0.0069046 secs] [Times: user=0.07 sys=0.00, real=0.01 secs] 
2016-09-25T22:45:03.849-0400: 58.664: [GC (GCLocker Initiated GC) [PSYoungGen: 141836K->67127K(174592K)] 494811K->437192K(698880K), 0.0101001 secs] [Times: user=0.12 sys=0.02, real=0.01 secs] 
2016-09-25T22:45:03.927-0400: 58.742: [GC (GCLocker Initiated GC) [PSYoungGen: 155191K->55015K(143360K)] 525537K->465021K(667648K), 0.0116158 secs] [Times: user=0.18 sys=0.00, real=0.01 secs] 
2016-09-25T22:45:03.995-0400: 58.810: [GC (GCLocker Initiated GC) [PSYoungGen: 143079K->60643K(176640K)] 555920K->492923K(700928K), 0.0075920 secs] [Times: user=0.09 sys=0.01, real=0.01 secs] 
2016-09-25T22:45:04.042-0400: 58.857: [GC (GCLocker Initiated GC) [PSYoungGen: 152291K->57859K(174080K)] 584762K->509992K(698368K), 0.0091347 secs] [Times: user=0.09 sys=0.00, real=0.01 secs] 
2016-09-25T22:45:04.105-0400: 58.920: [GC (GCLocker Initiated GC) [PSYoungGen: 149507K->63334K(176640K)] 604443K->535301K(700928K), 0.0149446 secs] [Times: user=0.19 sys=0.01, real=0.01 secs] 
2016-09-25T22:45:04.190-0400: 59.005: [GC (GCLocker Initiated GC) [PSYoungGen: 159078K->48430K(175616K)] 631062K->558989K(699904K), 0.0279292 secs] [Times: user=0.43 sys=0.04, real=0.03 secs] 
2016-09-25T22:45:04.219-0400: 59.034: [Full GC (Ergonomics) [PSYoungGen: 48430K->0K(175616K)] [ParOldGen: 510558K->305716K(524288K)] 558989K->305716K(699904K), [Metaspace: 43668K->43668K(1087488K)], 0.0569814 secs] [Times: user=0.45 sys=0.01, real=0.06 secs] 
2016-09-25T22:45:04.317-0400: 59.132: [GC (Allocation Failure) [PSYoungGen: 95744K->77901K(172544K)] 410950K->403907K(696832K), 0.0079684 secs] [Times: user=0.12 sys=0.00, real=0.01 secs] 
2016-09-25T22:45:04.377-0400: 59.192: [GC (GCLocker Initiated GC) [PSYoungGen: 169352K->76728K(168960K)] 498058K->427472K(693248K), 0.0107451 secs] [Times: user=0.17 sys=0.00, real=0.01 secs] 
2016-09-25T22:45:04.437-0400: 59.252: [GC (GCLocker Initiated GC) [PSYoungGen: 168888K->76726K(175104K)] 519770K->440374K(699392K), 0.0071061 secs] [Times: user=0.11 sys=0.00, real=0.01 secs] 
2016-09-25T22:45:04.496-0400: 59.311: [GC (GCLocker Initiated GC) [PSYoungGen: 164790K->52532K(175104K)] 533890K->460042K(699392K), 0.0084481 secs] [Times: user=0.13 sys=0.00, real=0.01 secs] 
2016-09-25T22:45:04.555-0400: 59.370: [GC (GCLocker Initiated GC) [PSYoungGen: 140596K->41830K(175104K)] 553566K->470322K(699392K), 0.0062633 secs] [Times: user=0.05 sys=0.00, real=0.00 secs] 
2016-09-25T22:45:04.605-0400: 59.420: [GC (GCLocker Initiated GC) [PSYoungGen: 129894K->57793K(175104K)] 558562K->531944K(699392K), 0.0104295 secs] [Times: user=0.18 sys=0.00, real=0.01 secs] 
2016-09-25T22:45:04.616-0400: 59.431: [Full GC (Ergonomics) [PSYoungGen: 57793K->0K(175104K)] [ParOldGen: 474151K->317028K(524288K)] 531944K->317028K(699392K), [Metaspace: 43668K->43668K(1087488K)], 0.0615783 secs] [Times: user=0.60 sys=0.01, real=0.06 secs] 
2016-09-25T22:45:04.732-0400: 59.547: [GC (GCLocker Initiated GC) [PSYoungGen: 88064K->70798K(175104K)] 405261K->387996K(699392K), 0.0070021 secs] [Times: user=0.10 sys=0.00, real=0.01 secs] 
2016-09-25T22:45:04.779-0400: 59.594: [GC (GCLocker Initiated GC) [PSYoungGen: 158862K->67454K(175104K)] 476163K->411857K(699392K), 0.0079053 secs] [Times: user=0.10 sys=0.01, real=0.01 secs] 
2016-09-25T22:45:04.835-0400: 59.650: [GC (GCLocker Initiated GC) [PSYoungGen: 155518K->79670K(175104K)] 500116K->448122K(699392K), 0.0095362 secs] [Times: user=0.14 sys=0.00, real=0.01 secs] 
2016-09-25T22:45:04.893-0400: 59.708: [GC (GCLocker Initiated GC) [PSYoungGen: 167734K->61004K(175104K)] 539030K->466969K(699392K), 0.0073950 secs] [Times: user=0.11 sys=0.00, real=0.01 secs] 
2016-09-25T22:45:04.948-0400: 59.763: [GC (GCLocker Initiated GC) [PSYoungGen: 149068K->59456K(175104K)] 565988K->481446K(699392K), 0.0090338 secs] [Times: user=0.09 sys=0.00, real=0.01 secs] 
2016-09-25T22:45:05.013-0400: 59.828: [GC (GCLocker Initiated GC) [PSYoungGen: 147520K->63288K(151552K)] 575361K->497595K(675840K), 0.0097201 secs] [Times: user=0.09 sys=0.00, real=0.02 secs] 
2016-09-25T22:45:05.077-0400: 59.892: [GC (GCLocker Initiated GC) [PSYoungGen: 151352K->52735K(174592K)] 597051K->508572K(698880K), 0.0062511 secs] [Times: user=0.09 sys=0.00, real=0.01 secs] 
2016-09-25T22:45:05.134-0400: 59.949: [GC (GCLocker Initiated GC) [PSYoungGen: 141311K->57893K(174080K)] 597303K->529739K(698368K), 0.0089380 secs] [Times: user=0.08 sys=0.00, real=0.02 secs] 
2016-09-25T22:45:05.184-0400: 59.999: [GC (GCLocker Initiated GC) [PSYoungGen: 146469K->81002K(171520K)] 618434K->567181K(695808K), 0.0077502 secs] [Times: user=0.11 sys=0.00, real=0.00 secs] 
2016-09-25T22:45:05.192-0400: 60.007: [Full GC (Ergonomics) [PSYoungGen: 81002K->0K(171520K)] [ParOldGen: 486178K->327496K(524288K)] 567181K->327496K(695808K), [Metaspace: 43668K->43668K(1087488K)], 0.0691591 secs] [Times: user=0.55 sys=0.00, real=0.07 secs] 
2016-09-25T22:45:05.315-0400: 60.130: [GC (GCLocker Initiated GC) [PSYoungGen: 87552K->70811K(174592K)] 420574K->403834K(698880K), 0.0092176 secs] [Times: user=0.13 sys=0.00, real=0.01 secs] 
2016-09-25T22:45:05.375-0400: 60.190: [GC (GCLocker Initiated GC) [PSYoungGen: 158363K->75708K(175104K)] 492883K->417109K(699392K), 0.0070275 secs] [Times: user=0.10 sys=0.00, real=0.00 secs] 
2016-09-25T22:45:05.441-0400: 60.256: [GC (GCLocker Initiated GC) [PSYoungGen: 163772K->59330K(175104K)] 509311K->420689K(699392K), 0.0066685 secs] [Times: user=0.11 sys=0.00, real=0.01 secs] 
2016-09-25T22:45:05.478-0400: 60.293: [GC (GCLocker Initiated GC) [PSYoungGen: 147394K->84790K(175104K)] 508800K->461938K(699392K), 0.0115805 secs] [Times: user=0.16 sys=0.00, real=0.01 secs] 
2016-09-25T22:45:05.539-0400: 60.354: [GC (GCLocker Initiated GC) [PSYoungGen: 172854K->74216K(175104K)] 558342K->480532K(699392K), 0.0106706 secs] [Times: user=0.14 sys=0.00, real=0.01 secs] 
2016-09-25T22:45:05.607-0400: 60.422: [GC (GCLocker Initiated GC) [PSYoungGen: 162280K->46957K(175104K)] 583550K->498744K(699392K), 0.0087994 secs] [Times: user=0.12 sys=0.00, real=0.01 secs] 
2016-09-25T22:45:05.671-0400: 60.486: [GC (GCLocker Initiated GC) [PSYoungGen: 135021K->56596K(175104K)] 589581K->530665K(699392K), 0.0167302 secs] [Times: user=0.24 sys=0.00, real=0.02 secs] 
2016-09-25T22:45:05.725-0400: 60.540: [GC (GCLocker Initiated GC) [PSYoungGen: 144660K->60490K(175104K)] 618850K->557106K(699392K), 0.0170442 secs] [Times: user=0.15 sys=0.01, real=0.02 secs] 
2016-09-25T22:45:05.743-0400: 60.558: [Full GC (Ergonomics) [PSYoungGen: 60490K->0K(175104K)] [ParOldGen: 496615K->340245K(524288K)] 557106K->340245K(699392K), [Metaspace: 43670K->43670K(1087488K)], 0.0740453 secs] [Times: user=0.64 sys=0.01, real=0.07 secs] 
2016-09-25T22:45:05.879-0400: 60.694: [GC (GCLocker Initiated GC) [PSYoungGen: 88064K->84029K(175104K)] 431121K->427094K(699392K), 0.0078107 secs] [Times: user=0.11 sys=0.00, real=0.01 secs] 
2016-09-25T22:45:05.947-0400: 60.762: [GC (GCLocker Initiated GC) [PSYoungGen: 172093K->66017K(175104K)] 515248K->433313K(699392K), 0.0099357 secs] [Times: user=0.12 sys=0.01, real=0.01 secs] 
2016-09-25T22:45:05.988-0400: 60.803: [GC (GCLocker Initiated GC) [PSYoungGen: 154081K->85363K(175104K)] 526927K->485978K(699392K), 0.0097072 secs] [Times: user=0.13 sys=0.00, real=0.01 secs] 
2016-09-25T22:45:06.048-0400: 60.863: [GC (GCLocker Initiated GC) [PSYoungGen: 173427K->82416K(175104K)] 582219K->504581K(699392K), 0.0106111 secs] [Times: user=0.11 sys=0.02, real=0.01 secs] 
2016-09-25T22:45:06.114-0400: 60.929: [GC (GCLocker Initiated GC) [PSYoungGen: 170480K->49677K(175104K)] 597072K->485074K(699392K), 0.0224525 secs] [Times: user=0.29 sys=0.00, real=0.03 secs] 
2016-09-25T22:45:06.173-0400: 60.988: [GC (GCLocker Initiated GC) [PSYoungGen: 137741K->80663K(175104K)] 573305K->541168K(699392K), 0.0108782 secs] [Times: user=0.12 sys=0.01, real=0.02 secs] 
2016-09-25T22:45:06.236-0400: 61.051: [GC (GCLocker Initiated GC) [PSYoungGen: 168727K->75734K(175104K)] 634737K->562534K(699392K), 0.0133476 secs] [Times: user=0.15 sys=0.00, real=0.01 secs] 
2016-09-25T22:45:06.250-0400: 61.065: [Full GC (Ergonomics) [PSYoungGen: 75734K->0K(175104K)] [ParOldGen: 486800K->336389K(524288K)] 562534K->336389K(699392K), [Metaspace: 43678K->43678K(1087488K)], 0.0647096 secs] [Times: user=0.60 sys=0.00, real=0.07 secs] 
2016-09-25T22:45:06.376-0400: 61.191: [GC (GCLocker Initiated GC) [PSYoungGen: 88064K->62052K(175104K)] 424571K->398559K(699392K), 0.0119720 secs] [Times: user=0.13 sys=0.00, real=0.01 secs] 
2016-09-25T22:45:06.436-0400: 61.251: [GC (GCLocker Initiated GC) [PSYoungGen: 150116K->67727K(175104K)] 486754K->436321K(699392K), 0.0121076 secs] [Times: user=0.14 sys=0.00, real=0.01 secs] 
2016-09-25T22:45:06.491-0400: 61.306: [GC (GCLocker Initiated GC) [PSYoungGen: 155791K->48595K(175104K)] 525851K->442754K(699392K), 0.0138093 secs] [Times: user=0.17 sys=0.01, real=0.02 secs] 
2016-09-25T22:45:06.552-0400: 61.367: [GC (GCLocker Initiated GC) [PSYoungGen: 136659K->86464K(175104K)] 536310K->493843K(699392K), 0.0085301 secs] [Times: user=0.12 sys=0.00, real=0.01 secs] 
2016-09-25T22:45:06.615-0400: 61.430: [GC (GCLocker Initiated GC) [PSYoungGen: 174528K->78408K(175104K)] 586015K->510982K(699392K), 0.0171654 secs] [Times: user=0.24 sys=0.01, real=0.01 secs] 
2016-09-25T22:45:06.693-0400: 61.508: [GC (GCLocker Initiated GC) [PSYoungGen: 166472K->35931K(175104K)] 610309K->496890K(699392K), 0.0205009 secs] [Times: user=0.18 sys=0.01, real=0.02 secs] 
2016-09-25T22:45:06.756-0400: 61.571: [GC (GCLocker Initiated GC) [PSYoungGen: 123995K->76773K(175104K)] 585160K->557486K(699392K), 0.0078320 secs] [Times: user=0.08 sys=0.00, real=0.01 secs] 
2016-09-25T22:45:06.812-0400: 61.627: [GC (GCLocker Initiated GC) [PSYoungGen: 164837K->75535K(175104K)] 645640K->588049K(699392K), 0.0102747 secs] [Times: user=0.12 sys=0.00, real=0.01 secs] 
2016-09-25T22:45:06.822-0400: 61.637: [Full GC (Ergonomics) [PSYoungGen: 75535K->0K(175104K)] [ParOldGen: 512514K->338270K(524288K)] 588049K->338270K(699392K), [Metaspace: 43678K->43678K(1087488K)], 0.0659870 secs] [Times: user=0.34 sys=0.01, real=0.06 secs] 
2016-09-25T22:45:06.934-0400: 61.749: [GC (GCLocker Initiated GC) [PSYoungGen: 88064K->53129K(175104K)] 435870K->400936K(699392K), 0.0117943 secs] [Times: user=0.08 sys=0.00, real=0.02 secs] 
2016-09-25T22:45:06.999-0400: 61.814: [GC (GCLocker Initiated GC) [PSYoungGen: 141193K->64601K(175104K)] 496006K->422249K(699392K), 0.0071754 secs] [Times: user=0.08 sys=0.00, real=0.01 secs] 
2016-09-25T22:45:07.061-0400: 61.876: [GC (GCLocker Initiated GC) [PSYoungGen: 152665K->52383K(175104K)] 510940K->433033K(699392K), 0.0069925 secs] [Times: user=0.09 sys=0.00, real=0.01 secs] 
2016-09-25T22:45:07.118-0400: 61.933: [GC (GCLocker Initiated GC) [PSYoungGen: 140447K->66413K(175104K)] 526552K->465291K(699392K), 0.0067934 secs] [Times: user=0.09 sys=0.00, real=0.01 secs] 
2016-09-25T22:45:07.173-0400: 61.988: [GC (GCLocker Initiated GC) [PSYoungGen: 154477K->68714K(175104K)] 560196K->487572K(699392K), 0.0072113 secs] [Times: user=0.10 sys=0.01, real=0.01 secs] 
2016-09-25T22:45:07.232-0400: 62.047: [GC (GCLocker Initiated GC) [PSYoungGen: 156778K->64622K(175104K)] 575832K->518239K(699392K), 0.0111977 secs] [Times: user=0.12 sys=0.00, real=0.02 secs] 
2016-09-25T22:45:07.290-0400: 62.105: [GC (GCLocker Initiated GC) [PSYoungGen: 152686K->70159K(175104K)] 606445K->548870K(699392K), 0.0070698 secs] [Times: user=0.12 sys=0.00, real=0.01 secs] 
2016-09-25T22:45:07.343-0400: 62.158: [Full GC (Ergonomics) [PSYoungGen: 158223K->0K(175104K)] [ParOldGen: 484173K->345470K(524288K)] 642396K->345470K(699392K), [Metaspace: 43678K->43678K(1087488K)], 0.0649671 secs] [Times: user=0.61 sys=0.00, real=0.06 secs] 
2016-09-25T22:45:07.465-0400: 62.280: [GC (GCLocker Initiated GC) [PSYoungGen: 88064K->47661K(175104K)] 437675K->397272K(699392K), 0.0090135 secs] [Times: user=0.08 sys=0.00, real=0.00 secs] 
2016-09-25T22:45:07.522-0400: 62.337: [GC (GCLocker Initiated GC) [PSYoungGen: 135725K->67286K(175104K)] 485534K->434740K(699392K), 0.0087707 secs] [Times: user=0.12 sys=0.00, real=0.01 secs] 
2016-09-25T22:45:07.583-0400: 62.398: [GC (GCLocker Initiated GC) [PSYoungGen: 155350K->75715K(175104K)] 529800K->450789K(699392K), 0.0079474 secs] [Times: user=0.09 sys=0.00, real=0.00 secs] 
2016-09-25T22:45:07.636-0400: 62.451: [GC (GCLocker Initiated GC) [PSYoungGen: 163779K->67086K(175104K)] 541618K->468885K(699392K), 0.0076265 secs] [Times: user=0.10 sys=0.00, real=0.01 secs] 
2016-09-25T22:45:07.700-0400: 62.515: [GC (GCLocker Initiated GC) [PSYoungGen: 155150K->67216K(175104K)] 557798K->485191K(699392K), 0.0072383 secs] [Times: user=0.11 sys=0.00, real=0.01 secs] 
2016-09-25T22:45:07.755-0400: 62.570: [GC (GCLocker Initiated GC) [PSYoungGen: 155280K->53781K(175104K)] 582923K->494168K(699392K), 0.0094953 secs] [Times: user=0.10 sys=0.01, real=0.01 secs] 
2016-09-25T22:45:07.832-0400: 62.647: [GC (GCLocker Initiated GC) [PSYoungGen: 141845K->77886K(175104K)] 582388K->524508K(699392K), 0.0103464 secs] [Times: user=0.14 sys=0.00, real=0.02 secs] 
2016-09-25T22:45:07.903-0400: 62.718: [GC (GCLocker Initiated GC) [PSYoungGen: 165950K->50064K(175104K)] 619359K->517365K(699392K), 0.0090571 secs] [Times: user=0.12 sys=0.00, real=0.00 secs] 
2016-09-25T22:45:07.955-0400: 62.770: [GC (GCLocker Initiated GC) [PSYoungGen: 138128K->64363K(175104K)] 605603K->544984K(699392K), 0.0073740 secs] [Times: user=0.09 sys=0.00, real=0.00 secs] 
2016-09-25T22:45:08.015-0400: 62.830: [GC (GCLocker Initiated GC) [PSYoungGen: 152427K->75519K(175104K)] 637030K->563239K(699392K), 0.0102302 secs] [Times: user=0.15 sys=0.00, real=0.01 secs] 
2016-09-25T22:45:08.103-0400: 62.918: [Full GC (Ergonomics) [PSYoungGen: 163583K->0K(175104K)] [ParOldGen: 496427K->343749K(524288K)] 660011K->343749K(699392K), [Metaspace: 43678K->43678K(1087488K)], 0.0605127 secs] [Times: user=0.59 sys=0.00, real=0.06 secs] 
2016-09-25T22:45:08.213-0400: 63.028: [GC (GCLocker Initiated GC) [PSYoungGen: 88064K->69126K(175104K)] 442723K->423786K(699392K), 0.0109348 secs] [Times: user=0.12 sys=0.02, real=0.02 secs] 
2016-09-25T22:45:08.282-0400: 63.097: [GC (GCLocker Initiated GC) [PSYoungGen: 157190K->79283K(175104K)] 511920K->443227K(699392K), 0.0135606 secs] [Times: user=0.13 sys=0.01, real=0.02 secs] 
2016-09-25T22:45:08.356-0400: 63.171: [GC (GCLocker Initiated GC) [PSYoungGen: 167347K->73945K(175104K)] 531432K->454701K(699392K), 0.0081203 secs] [Times: user=0.11 sys=0.00, real=0.01 secs] 
2016-09-25T22:45:08.418-0400: 63.233: [GC (GCLocker Initiated GC) [PSYoungGen: 162009K->43987K(175104K)] 542920K->452436K(699392K), 0.0273292 secs] [Times: user=0.33 sys=0.02, real=0.03 secs] 
2016-09-25T22:45:08.512-0400: 63.327: [GC (GCLocker Initiated GC) [PSYoungGen: 132051K->64614K(175104K)] 543333K->505995K(699392K), 0.0310803 secs] [Times: user=0.32 sys=0.01, real=0.04 secs] 
2016-09-25T22:45:08.579-0400: 63.394: [GC (GCLocker Initiated GC) [PSYoungGen: 152678K->63109K(175104K)] 594170K->514847K(699392K), 0.0090595 secs] [Times: user=0.06 sys=0.00, real=0.01 secs] 
2016-09-25T22:45:08.648-0400: 63.463: [GC (GCLocker Initiated GC) [PSYoungGen: 151173K->57775K(175104K)] 612432K->545313K(699392K), 0.0237966 secs] [Times: user=0.25 sys=0.01, real=0.02 secs] 
2016-09-25T22:45:08.672-0400: 63.487: [Full GC (Ergonomics) [PSYoungGen: 57775K->0K(175104K)] [ParOldGen: 487537K->341351K(524288K)] 545313K->341351K(699392K), [Metaspace: 43678K->43678K(1087488K)], 0.1697411 secs] [Times: user=2.03 sys=0.03, real=0.18 secs] 
2016-09-25T22:45:08.900-0400: 63.715: [GC (GCLocker Initiated GC) [PSYoungGen: 88064K->73401K(175104K)] 432246K->417591K(699392K), 0.0101043 secs] [Times: user=0.10 sys=0.00, real=0.01 secs] 
2016-09-25T22:45:08.975-0400: 63.790: [GC (GCLocker Initiated GC) [PSYoungGen: 161465K->65728K(154112K)] 508591K->424855K(678400K), 0.0147720 secs] [Times: user=0.21 sys=0.00, real=0.01 secs] 
2016-09-25T22:45:09.030-0400: 63.845: [GC (GCLocker Initiated GC) [PSYoungGen: 153792K->57608K(175616K)] 515708K->429422K(699904K), 0.0074820 secs] [Times: user=0.07 sys=0.00, real=0.01 secs] 
2016-09-25T22:45:09.078-0400: 63.893: [GC (GCLocker Initiated GC) [PSYoungGen: 146696K->49650K(174592K)] 518767K->439739K(698880K), 0.0189379 secs] [Times: user=0.26 sys=0.00, real=0.02 secs] 
2016-09-25T22:45:09.142-0400: 63.957: [GC (GCLocker Initiated GC) [PSYoungGen: 138738K->69913K(175104K)] 531555K->491670K(699392K), 0.0332378 secs] [Times: user=0.35 sys=0.00, real=0.04 secs] 
2016-09-25T22:45:09.227-0400: 64.042: [GC (GCLocker Initiated GC) [PSYoungGen: 159001K->56283K(145408K)] 580851K->489540K(669696K), 0.0168479 secs] [Times: user=0.16 sys=0.01, real=0.02 secs] 
2016-09-25T22:45:09.289-0400: 64.104: [GC (GCLocker Initiated GC) [PSYoungGen: 145371K->49694K(175104K)] 588310K->504030K(699392K), 0.0082262 secs] [Times: user=0.08 sys=0.00, real=0.01 secs] 
2016-09-25T22:45:09.341-0400: 64.156: [GC (GCLocker Initiated GC) [PSYoungGen: 139294K->84732K(175104K)] 593735K->544022K(699392K), 0.0099740 secs] [Times: user=0.15 sys=0.00, real=0.01 secs] 
2016-09-25T22:45:09.398-0400: 64.213: [GC (GCLocker Initiated GC) [PSYoungGen: 174332K->57667K(175104K)] 636699K->555714K(699392K), 0.0073595 secs] [Times: user=0.11 sys=0.01, real=0.01 secs] 
2016-09-25T22:45:09.406-0400: 64.221: [Full GC (Ergonomics) [PSYoungGen: 57667K->0K(175104K)] [ParOldGen: 498046K->344758K(524288K)] 555714K->344758K(699392K), [Metaspace: 43682K->43682K(1087488K)], 0.0635205 secs] [Times: user=0.54 sys=0.01, real=0.06 secs] 
2016-09-25T22:45:09.509-0400: 64.324: [GC (GCLocker Initiated GC) [PSYoungGen: 88064K->85259K(175104K)] 435635K->438230K(699392K), 0.0103115 secs] [Times: user=0.11 sys=0.01, real=0.01 secs] 
2016-09-25T22:45:09.567-0400: 64.382: [GC (GCLocker Initiated GC) [PSYoungGen: 173323K->60483K(175104K)] 529108K->455083K(699392K), 0.0102365 secs] [Times: user=0.17 sys=0.00, real=0.01 secs] 
2016-09-25T22:45:09.627-0400: 64.442: [GC (GCLocker Initiated GC) [PSYoungGen: 148547K->60510K(175104K)] 543333K->476125K(699392K), 0.0086297 secs] [Times: user=0.08 sys=0.00, real=0.01 secs] 
2016-09-25T22:45:09.685-0400: 64.500: [GC (GCLocker Initiated GC) [PSYoungGen: 148574K->84668K(175104K)] 567332K->520316K(699392K), 0.0111572 secs] [Times: user=0.13 sys=0.00, real=0.01 secs] 
2016-09-25T22:45:09.750-0400: 64.565: [GC (GCLocker Initiated GC) [PSYoungGen: 172732K->49521K(175104K)] 608438K->500617K(699392K), 0.0100299 secs] [Times: user=0.12 sys=0.00, real=0.01 secs] 
2016-09-25T22:45:09.794-0400: 64.609: [GC (GCLocker Initiated GC) [PSYoungGen: 137585K->86290K(175104K)] 594233K->557016K(699392K), 0.0108707 secs] [Times: user=0.15 sys=0.01, real=0.02 secs] 
2016-09-25T22:45:09.856-0400: 64.671: [GC (GCLocker Initiated GC) [PSYoungGen: 174354K->60329K(175104K)] 645149K->565648K(699392K), 0.0077764 secs] [Times: user=0.12 sys=0.00, real=0.01 secs] 
2016-09-25T22:45:09.864-0400: 64.679: [Full GC (Ergonomics) [PSYoungGen: 60329K->0K(175104K)] [ParOldGen: 505319K->347341K(524288K)] 565648K->347341K(699392K), [Metaspace: 43682K->43682K(1087488K)], 0.0652260 secs] [Times: user=0.60 sys=0.00, real=0.06 secs] 
2016-09-25T22:45:09.973-0400: 64.788: [GC (GCLocker Initiated GC) [PSYoungGen: 88064K->70254K(175104K)] 442473K->424663K(699392K), 0.0100981 secs] [Times: user=0.13 sys=0.01, real=0.02 secs] 
2016-09-25T22:45:10.028-0400: 64.843: [GC (GCLocker Initiated GC) [PSYoungGen: 158318K->46811K(175104K)] 515559K->438687K(699392K), 0.0096030 secs] [Times: user=0.12 sys=0.00, real=0.01 secs] 
2016-09-25T22:45:10.085-0400: 64.900: [GC (GCLocker Initiated GC) [PSYoungGen: 134875K->75232K(175104K)] 532433K->479979K(699392K), 0.0101121 secs] [Times: user=0.12 sys=0.00, real=0.01 secs] 
2016-09-25T22:45:10.142-0400: 64.957: [GC (GCLocker Initiated GC) [PSYoungGen: 163296K->69780K(175104K)] 568149K->500837K(699392K), 0.0096020 secs] [Times: user=0.10 sys=0.00, real=0.01 secs] 
2016-09-25T22:45:10.204-0400: 65.019: [GC (GCLocker Initiated GC) [PSYoungGen: 157844K->53752K(175104K)] 588963K->505551K(699392K), 0.0082576 secs] [Times: user=0.12 sys=0.00, real=0.00 secs] 
2016-09-25T22:45:10.255-0400: 65.070: [GC (GCLocker Initiated GC) [PSYoungGen: 141816K->84773K(175104K)] 593734K->545342K(699392K), 0.0075820 secs] [Times: user=0.10 sys=0.00, real=0.01 secs] 
2016-09-25T22:45:10.311-0400: 65.126: [GC (GCLocker Initiated GC) [PSYoungGen: 172837K->49513K(175104K)] 636341K->563588K(699392K), 0.0102315 secs] [Times: user=0.13 sys=0.01, real=0.01 secs] 
2016-09-25T22:45:10.321-0400: 65.136: [Full GC (Ergonomics) [PSYoungGen: 49513K->0K(175104K)] [ParOldGen: 514075K->344182K(524288K)] 563588K->344182K(699392K), [Metaspace: 43730K->43730K(1087488K)], 0.0624182 secs] [Times: user=0.58 sys=0.00, real=0.07 secs] 
2016-09-25T22:45:10.429-0400: 65.244: [GC (GCLocker Initiated GC) [PSYoungGen: 88064K->74094K(175104K)] 436069K->422099K(699392K), 0.0072594 secs] [Times: user=0.10 sys=0.00, real=0.01 secs] 
2016-09-25T22:45:10.491-0400: 65.306: [GC (GCLocker Initiated GC) [PSYoungGen: 162158K->38635K(175104K)] 511543K->429275K(699392K), 0.0086096 secs] [Times: user=0.13 sys=0.01, real=0.01 secs] 
2016-09-25T22:45:10.526-0400: 65.341: [GC (GCLocker Initiated GC) [PSYoungGen: 126699K->86162K(175104K)] 520146K->512437K(699392K), 0.0133451 secs] [Times: user=0.20 sys=0.00, real=0.01 secs] 
2016-09-25T22:45:10.589-0400: 65.404: [GC (GCLocker Initiated GC) [PSYoungGen: 174226K->72418K(175104K)] 605929K->518158K(699392K), 0.0128688 secs] [Times: user=0.15 sys=0.01, real=0.01 secs] 
2016-09-25T22:45:10.649-0400: 65.464: [GC (GCLocker Initiated GC) [PSYoungGen: 160482K->60283K(175104K)] 608977K->530820K(699392K), 0.0099971 secs] [Times: user=0.13 sys=0.01, real=0.01 secs] 
2016-09-25T22:45:10.703-0400: 65.518: [Full GC (Ergonomics) [PSYoungGen: 148347K->0K(175104K)] [ParOldGen: 474642K->345739K(524288K)] 622990K->345739K(699392K), [Metaspace: 43730K->43730K(1087488K)], 0.0726020 secs] [Times: user=0.78 sys=0.00, real=0.07 secs] 
2016-09-25T22:45:10.824-0400: 65.639: [GC (GCLocker Initiated GC) [PSYoungGen: 88064K->66082K(175104K)] 451455K->429473K(699392K), 0.0080152 secs] [Times: user=0.12 sys=0.00, real=0.00 secs] 
2016-09-25T22:45:10.881-0400: 65.696: [GC (GCLocker Initiated GC) [PSYoungGen: 154146K->49425K(175104K)] 522979K->423032K(699392K), 0.0097950 secs] [Times: user=0.12 sys=0.00, real=0.01 secs] 
2016-09-25T22:45:10.928-0400: 65.743: [GC (GCLocker Initiated GC) [PSYoungGen: 137489K->66936K(175104K)] 511263K->456060K(699392K), 0.0063980 secs] [Times: user=0.08 sys=0.00, real=0.01 secs] 
2016-09-25T22:45:10.967-0400: 65.782: [GC (GCLocker Initiated GC) [PSYoungGen: 155000K->83420K(175104K)] 545715K->490617K(699392K), 0.0222889 secs] [Times: user=0.23 sys=0.00, real=0.02 secs] 
2016-09-25T22:45:11.041-0400: 65.856: [GC (GCLocker Initiated GC) [PSYoungGen: 171484K->60330K(175104K)] 582974K->508870K(699392K), 0.0116121 secs] [Times: user=0.10 sys=0.00, real=0.01 secs] 
2016-09-25T22:45:11.101-0400: 65.916: [GC (GCLocker Initiated GC) [PSYoungGen: 148394K->75247K(175104K)] 605162K->539217K(699392K), 0.0099529 secs] [Times: user=0.10 sys=0.00, real=0.01 secs] 
2016-09-25T22:45:11.166-0400: 65.981: [Full GC (Ergonomics) [PSYoungGen: 163311K->0K(175104K)] [ParOldGen: 476136K->347820K(524288K)] 639448K->347820K(699392K), [Metaspace: 43730K->43730K(1087488K)], 0.0617171 secs] [Times: user=0.50 sys=0.00, real=0.06 secs] 
2016-09-25T22:45:11.271-0400: 66.086: [GC (GCLocker Initiated GC) [PSYoungGen: 88064K->65998K(175104K)] 435995K->413930K(699392K), 0.0056665 secs] [Times: user=0.07 sys=0.00, real=0.01 secs] 
2016-09-25T22:45:11.317-0400: 66.132: [GC (GCLocker Initiated GC) [PSYoungGen: 154062K->73872K(175104K)] 502076K->449601K(699392K), 0.0103838 secs] [Times: user=0.13 sys=0.00, real=0.01 secs] 
2016-09-25T22:45:11.370-0400: 66.185: [GC (GCLocker Initiated GC) [PSYoungGen: 161936K->65855K(175104K)] 541876K->470616K(699392K), 0.0094109 secs] [Times: user=0.14 sys=0.01, real=0.01 secs] 
2016-09-25T22:45:11.422-0400: 66.237: [GC (GCLocker Initiated GC) [PSYoungGen: 153919K->72598K(175104K)] 566860K->496883K(699392K), 0.0085618 secs] [Times: user=0.09 sys=0.00, real=0.01 secs] 
2016-09-25T22:45:11.473-0400: 66.288: [GC (GCLocker Initiated GC) [PSYoungGen: 160662K->69733K(175104K)] 587741K->501439K(699392K), 0.0068165 secs] [Times: user=0.07 sys=0.00, real=0.01 secs] 
2016-09-25T22:45:11.526-0400: 66.341: [GC (GCLocker Initiated GC) [PSYoungGen: 157797K->47927K(175104K)] 590907K->507072K(699392K), 0.0096373 secs] [Times: user=0.11 sys=0.00, real=0.01 secs] 
2016-09-25T22:45:11.569-0400: 66.384: [GC (GCLocker Initiated GC) [PSYoungGen: 135991K->81978K(175104K)] 595374K->553808K(699392K), 0.0114274 secs] [Times: user=0.12 sys=0.00, real=0.01 secs] 
2016-09-25T22:45:11.634-0400: 66.449: [Full GC (Ergonomics) [PSYoungGen: 170042K->0K(175104K)] [ParOldGen: 480035K->350113K(524288K)] 650077K->350113K(699392K), [Metaspace: 43730K->43730K(1087488K)], 0.0666053 secs] [Times: user=0.43 sys=0.01, real=0.07 secs] 
2016-09-25T22:45:11.745-0400: 66.560: [GC (GCLocker Initiated GC) [PSYoungGen: 88064K->60250K(175104K)] 438194K->410380K(699392K), 0.0106790 secs] [Times: user=0.10 sys=0.00, real=0.01 secs] 
2016-09-25T22:45:11.799-0400: 66.614: [GC (GCLocker Initiated GC) [PSYoungGen: 148314K->79236K(175104K)] 506621K->450181K(699392K), 0.0098551 secs] [Times: user=0.13 sys=0.00, real=0.01 secs] 
2016-09-25T22:45:11.852-0400: 66.667: [GC (GCLocker Initiated GC) [PSYoungGen: 167300K->58981K(175104K)] 543804K->449443K(699392K), 0.0065172 secs] [Times: user=0.09 sys=0.00, real=0.01 secs] 
2016-09-25T22:45:11.889-0400: 66.704: [GC (GCLocker Initiated GC) [PSYoungGen: 147045K->79118K(175104K)] 537666K->489102K(699392K), 0.0079893 secs] [Times: user=0.11 sys=0.00, real=0.01 secs] 
2016-09-25T22:45:11.935-0400: 66.750: [GC (GCLocker Initiated GC) [PSYoungGen: 167182K->72565K(175104K)] 590760K->520732K(699392K), 0.0101928 secs] [Times: user=0.15 sys=0.00, real=0.01 secs] 
2016-09-25T22:45:11.989-0400: 66.804: [GC (GCLocker Initiated GC) [PSYoungGen: 160629K->61570K(175104K)] 611505K->552051K(699392K), 0.0100857 secs] [Times: user=0.15 sys=0.00, real=0.01 secs] 
2016-09-25T22:45:11.999-0400: 66.814: [Full GC (Ergonomics) [PSYoungGen: 61570K->0K(175104K)] [ParOldGen: 490480K->359297K(524288K)] 552051K->359297K(699392K), [Metaspace: 43730K->43730K(1087488K)], 0.0597056 secs] [Times: user=0.49 sys=0.01, real=0.06 secs] 
2016-09-25T22:45:12.112-0400: 66.927: [GC (GCLocker Initiated GC) [PSYoungGen: 88064K->65955K(175104K)] 458313K->436204K(699392K), 0.0061251 secs] [Times: user=0.08 sys=0.00, real=0.01 secs] 
2016-09-25T22:45:12.162-0400: 66.977: [GC (GCLocker Initiated GC) [PSYoungGen: 154019K->52072K(175104K)] 529728K->451348K(699392K), 0.0068926 secs] [Times: user=0.06 sys=0.01, real=0.00 secs] 
2016-09-25T22:45:12.209-0400: 67.024: [GC (GCLocker Initiated GC) [PSYoungGen: 140136K->61665K(175104K)] 548936K->492431K(699392K), 0.0094180 secs] [Times: user=0.12 sys=0.00, real=0.01 secs] 
2016-09-25T22:45:12.250-0400: 67.065: [GC (GCLocker Initiated GC) [PSYoungGen: 149729K->68268K(175104K)] 583282K->523937K(699392K), 0.0093271 secs] [Times: user=0.10 sys=0.00, real=0.01 secs] 
2016-09-25T22:45:12.305-0400: 67.120: [GC (GCLocker Initiated GC) [PSYoungGen: 156332K->71011K(175104K)] 612154K->558168K(699392K), 0.0092225 secs] [Times: user=0.13 sys=0.00, real=0.01 secs] 
2016-09-25T22:45:12.315-0400: 67.130: [Full GC (Ergonomics) [PSYoungGen: 71011K->0K(175104K)] [ParOldGen: 487156K->352094K(524288K)] 558168K->352094K(699392K), [Metaspace: 43730K->43730K(1087488K)], 0.0518604 secs] [Times: user=0.51 sys=0.00, real=0.05 secs] 
2016-09-25T22:45:12.408-0400: 67.223: [GC (GCLocker Initiated GC) [PSYoungGen: 88064K->63225K(174080K)] 444408K->419569K(698368K), 0.0061513 secs] [Times: user=0.06 sys=0.01, real=0.01 secs] 
2016-09-25T22:45:12.459-0400: 67.274: [GC (GCLocker Initiated GC) [PSYoungGen: 151289K->62975K(174592K)] 518563K->457971K(698880K), 0.0083837 secs] [Times: user=0.11 sys=0.01, real=0.01 secs] 
2016-09-25T22:45:12.518-0400: 67.333: [GC (GCLocker Initiated GC) [PSYoungGen: 151039K->64295K(173568K)] 552982K->470533K(697856K), 0.0091936 secs] [Times: user=0.13 sys=0.00, real=0.01 secs] 
2016-09-25T22:45:12.566-0400: 67.381: [GC (GCLocker Initiated GC) [PSYoungGen: 154919K->69733K(174080K)] 564035K->494140K(698368K), 0.0072635 secs] [Times: user=0.10 sys=0.00, real=0.00 secs] 
2016-09-25T22:45:12.612-0400: 67.427: [GC (GCLocker Initiated GC) [PSYoungGen: 160357K->79273K(172032K)] 584918K->517693K(696320K), 0.0081795 secs] [Times: user=0.11 sys=0.00, real=0.01 secs] 
2016-09-25T22:45:12.660-0400: 67.475: [GC (GCLocker Initiated GC) [PSYoungGen: 168361K->41179K(130560K)] 610961K->503063K(654848K), 0.0123102 secs] [Times: user=0.11 sys=0.01, real=0.01 secs] 
2016-09-25T22:45:12.719-0400: 67.534: [GC (GCLocker Initiated GC) [PSYoungGen: 130267K->45243K(175104K)] 592865K->528592K(699392K), 0.0101401 secs] [Times: user=0.10 sys=0.00, real=0.01 secs] 
2016-09-25T22:45:12.789-0400: 67.604: [Full GC (Ergonomics) [PSYoungGen: 133307K->0K(175104K)] [ParOldGen: 486189K->362251K(524288K)] 619497K->362251K(699392K), [Metaspace: 43730K->43730K(1087488K)], 0.0618278 secs] [Times: user=0.63 sys=0.00, real=0.06 secs] 
2016-09-25T22:45:12.895-0400: 67.710: [GC (GCLocker Initiated GC) [PSYoungGen: 88064K->82118K(175104K)] 450336K->444390K(699392K), 0.0192014 secs] [Times: user=0.25 sys=0.01, real=0.02 secs] 
2016-09-25T22:45:12.981-0400: 67.796: [GC (GCLocker Initiated GC) [PSYoungGen: 170182K->56374K(175104K)] 536676K->428887K(699392K), 0.0172186 secs] [Times: user=0.13 sys=0.01, real=0.02 secs] 
2016-09-25T22:45:13.051-0400: 67.866: [GC (GCLocker Initiated GC) [PSYoungGen: 144438K->65760K(175104K)] 523810K->452488K(699392K), 0.0071312 secs] [Times: user=0.09 sys=0.00, real=0.01 secs] 
2016-09-25T22:45:13.096-0400: 67.911: [GC (GCLocker Initiated GC) [PSYoungGen: 153824K->75248K(175104K)] 540659K->489619K(699392K), 0.0085473 secs] [Times: user=0.14 sys=0.00, real=0.01 secs] 
2016-09-25T22:45:13.169-0400: 67.984: [GC (GCLocker Initiated GC) [PSYoungGen: 163312K->41415K(175104K)] 593967K->491369K(699392K), 0.0159466 secs] [Times: user=0.13 sys=0.00, real=0.02 secs] 
2016-09-25T22:45:13.261-0400: 68.076: [GC (GCLocker Initiated GC) [PSYoungGen: 129479K->62945K(175104K)] 579646K->532632K(699392K), 0.0123145 secs] [Times: user=0.14 sys=0.00, real=0.01 secs] 
2016-09-25T22:45:13.323-0400: 68.138: [GC (GCLocker Initiated GC) [PSYoungGen: 151009K->45637K(175104K)] 626204K->533324K(699392K), 0.0077962 secs] [Times: user=0.09 sys=0.01, real=0.00 secs] 
2016-09-25T22:45:13.331-0400: 68.146: [Full GC (Ergonomics) [PSYoungGen: 45637K->0K(175104K)] [ParOldGen: 487686K->361627K(524288K)] 533324K->361627K(699392K), [Metaspace: 43730K->43730K(1087488K)], 0.0888533 secs] [Times: user=0.51 sys=0.01, real=0.09 secs] 
2016-09-25T22:45:13.478-0400: 68.294: [GC (GCLocker Initiated GC) [PSYoungGen: 88064K->56910K(175104K)] 451152K->419999K(699392K), 0.0079675 secs] [Times: user=0.07 sys=0.00, real=0.01 secs] 
2016-09-25T22:45:13.539-0400: 68.354: [GC (GCLocker Initiated GC) [PSYoungGen: 144974K->62957K(151040K)] 513572K->447565K(675328K), 0.0113011 secs] [Times: user=0.13 sys=0.00, real=0.01 secs] 
2016-09-25T22:45:13.622-0400: 68.437: [GC (GCLocker Initiated GC) [PSYoungGen: 151021K->47013K(174592K)] 535662K->437511K(698880K), 0.0138163 secs] [Times: user=0.12 sys=0.00, real=0.01 secs] 
2016-09-25T22:45:13.708-0400: 68.523: [GC (GCLocker Initiated GC) [PSYoungGen: 135077K->50877K(139264K)] 527137K->447828K(663552K), 0.0058661 secs] [Times: user=0.07 sys=0.00, real=0.01 secs] 
2016-09-25T22:45:13.754-0400: 68.569: [GC (GCLocker Initiated GC) [PSYoungGen: 138941K->78357K(172032K)] 541407K->480824K(696320K), 0.0071808 secs] [Times: user=0.09 sys=0.00, real=0.00 secs] 
2016-09-25T22:45:13.845-0400: 68.660: [GC (GCLocker Initiated GC) [PSYoungGen: 165397K->46922K(174080K)] 570603K->474583K(698368K), 0.0109076 secs] [Times: user=0.16 sys=0.00, real=0.01 secs] 
2016-09-25T22:45:13.909-0400: 68.724: [GC (GCLocker Initiated GC) [PSYoungGen: 133962K->69993K(175104K)] 564434K->514539K(699392K), 0.0078639 secs] [Times: user=0.13 sys=0.00, real=0.01 secs] 
2016-09-25T22:45:13.964-0400: 68.779: [GC (GCLocker Initiated GC) [PSYoungGen: 158057K->61678K(175104K)] 602653K->525866K(699392K), 0.0080078 secs] [Times: user=0.12 sys=0.00, real=0.00 secs] 
2016-09-25T22:45:14.027-0400: 68.842: [GC (GCLocker Initiated GC) [PSYoungGen: 149742K->52635K(174080K)] 616709K->539022K(698368K), 0.0146052 secs] [Times: user=0.16 sys=0.00, real=0.01 secs] 
2016-09-25T22:45:14.100-0400: 68.915: [GC (GCLocker Initiated GC) [PSYoungGen: 140699K->67292K(174592K)] 627373K->572443K(698880K), 0.0197802 secs] [Times: user=0.21 sys=0.01, real=0.02 secs] 
2016-09-25T22:45:14.120-0400: 68.935: [Full GC (Ergonomics) [PSYoungGen: 67292K->0K(174592K)] [ParOldGen: 505150K->366046K(524288K)] 572443K->366046K(698880K), [Metaspace: 43734K->43734K(1087488K)], 0.0527559 secs] [Times: user=0.38 sys=0.01, real=0.05 secs] 
2016-09-25T22:45:14.215-0400: 69.030: [GC (Allocation Failure) [PSYoungGen: 88064K->67648K(175616K)] 458297K->437881K(699904K), 0.0109444 secs] [Times: user=0.11 sys=0.01, real=0.01 secs] 
2016-09-25T22:45:14.227-0400: 69.042: [GC (GCLocker Initiated GC) [PSYoungGen: 68016K->64K(89600K)] 438249K->422831K(613888K), 0.0146153 secs] [Times: user=0.15 sys=0.00, real=0.01 secs] 
2016-09-25T22:45:14.290-0400: 69.105: [GC (GCLocker Initiated GC) [PSYoungGen: 89152K->75781K(175104K)] 511927K->498557K(699392K), 0.0101875 secs] [Times: user=0.13 sys=0.00, real=0.01 secs] 
2016-09-25T22:45:14.350-0400: 69.165: [GC (GCLocker Initiated GC) [PSYoungGen: 163845K->52407K(175104K)] 586661K->491132K(699392K), 0.0102174 secs] [Times: user=0.10 sys=0.00, real=0.01 secs] 
2016-09-25T22:45:14.407-0400: 69.222: [GC (GCLocker Initiated GC) [PSYoungGen: 140471K->69995K(175104K)] 579270K->514925K(699392K), 0.0096108 secs] [Times: user=0.09 sys=0.00, real=0.01 secs] 
2016-09-25T22:45:14.463-0400: 69.278: [GC (Allocation Failure) [PSYoungGen: 158059K->50993K(175104K)] 611315K->515713K(699392K), 0.0245889 secs] [Times: user=0.33 sys=0.01, real=0.02 secs] 
2016-09-25T22:45:14.534-0400: 69.349: [GC (GCLocker Initiated GC) [PSYoungGen: 138605K->78320K(175104K)] 606026K->551807K(699392K), 0.0121994 secs] [Times: user=0.14 sys=0.00, real=0.02 secs] 
2016-09-25T22:45:14.604-0400: 69.419: [GC (GCLocker Initiated GC) [PSYoungGen: 166384K->60417K(175104K)] 645386K->549719K(699392K), 0.0090890 secs] [Times: user=0.14 sys=0.00, real=0.00 secs] 
2016-09-25T22:45:14.613-0400: 69.428: [Full GC (Ergonomics) [PSYoungGen: 60417K->0K(175104K)] [ParOldGen: 489301K->366513K(524288K)] 549719K->366513K(699392K), [Metaspace: 43734K->43734K(1087488K)], 0.0503894 secs] [Times: user=0.47 sys=0.00, real=0.06 secs] 
2016-09-25T22:45:14.708-0400: 69.523: [GC (GCLocker Initiated GC) [PSYoungGen: 88064K->77289K(175104K)] 460478K->449703K(699392K), 0.0089620 secs] [Times: user=0.10 sys=0.01, real=0.01 secs] 
2016-09-25T22:45:14.768-0400: 69.583: [GC (GCLocker Initiated GC) [PSYoungGen: 165353K->46634K(175104K)] 542103K->442099K(699392K), 0.0073493 secs] [Times: user=0.07 sys=0.00, real=0.01 secs] 
2016-09-25T22:45:14.828-0400: 69.643: [GC (GCLocker Initiated GC) [PSYoungGen: 134698K->49523K(175104K)] 534278K->456358K(699392K), 0.0069551 secs] [Times: user=0.06 sys=0.00, real=0.01 secs] 
2016-09-25T22:45:14.884-0400: 69.699: [GC (GCLocker Initiated GC) [PSYoungGen: 137587K->67492K(175104K)] 547350K->500808K(699392K), 0.0112892 secs] [Times: user=0.13 sys=0.01, real=0.01 secs] 
2016-09-25T22:45:14.936-0400: 69.751: [GC (GCLocker Initiated GC) [PSYoungGen: 155556K->79718K(175104K)] 591825K->520839K(699392K), 0.0113168 secs] [Times: user=0.12 sys=0.00, real=0.01 secs] 
2016-09-25T22:45:15.021-0400: 69.836: [GC (GCLocker Initiated GC) [PSYoungGen: 167782K->46849K(175104K)] 621120K->514673K(699392K), 0.0243646 secs] [Times: user=0.35 sys=0.01, real=0.03 secs] 
2016-09-25T22:45:15.097-0400: 69.912: [GC (GCLocker Initiated GC) [PSYoungGen: 134913K->63702K(175104K)] 602827K->537693K(699392K), 0.0074076 secs] [Times: user=0.08 sys=0.01, real=0.01 secs] 
2016-09-25T22:45:15.145-0400: 69.960: [GC (GCLocker Initiated GC) [PSYoungGen: 151766K->75505K(175104K)] 629895K->579056K(699392K), 0.0135398 secs] [Times: user=0.12 sys=0.00, real=0.01 secs] 
2016-09-25T22:45:15.159-0400: 69.974: [Full GC (Ergonomics) [PSYoungGen: 75505K->0K(175104K)] [ParOldGen: 503550K->376085K(524288K)] 579056K->376085K(699392K), [Metaspace: 43737K->43737K(1087488K)], 0.0692903 secs] [Times: user=0.47 sys=0.02, real=0.07 secs] 
2016-09-25T22:45:15.283-0400: 70.098: [GC (GCLocker Initiated GC) [PSYoungGen: 88064K->74717K(175104K)] 464281K->450934K(699392K), 0.0083520 secs] [Times: user=0.08 sys=0.00, real=0.00 secs] 
2016-09-25T22:45:15.338-0400: 70.153: [GC (GCLocker Initiated GC) [PSYoungGen: 162781K->67933K(175104K)] 539117K->459122K(699392K), 0.0075318 secs] [Times: user=0.08 sys=0.01, real=0.01 secs] 
2016-09-25T22:45:15.402-0400: 70.217: [GC (GCLocker Initiated GC) [PSYoungGen: 155997K->56680K(175104K)] 547417K->485918K(699392K), 0.0114744 secs] [Times: user=0.16 sys=0.00, real=0.01 secs] 
2016-09-25T22:45:15.460-0400: 70.275: [GC (GCLocker Initiated GC) [PSYoungGen: 144744K->53370K(175104K)] 578071K->510477K(699392K), 0.0124655 secs] [Times: user=0.14 sys=0.00, real=0.01 secs] 
2016-09-25T22:45:15.529-0400: 70.344: [GC (GCLocker Initiated GC) [PSYoungGen: 141434K->62679K(175104K)] 598688K->531145K(699392K), 0.0095422 secs] [Times: user=0.12 sys=0.01, real=0.01 secs] 
2016-09-25T22:45:15.582-0400: 70.397: [GC (GCLocker Initiated GC) [PSYoungGen: 150743K->72162K(175104K)] 619436K->547569K(699392K), 0.0104172 secs] [Times: user=0.15 sys=0.00, real=0.01 secs] 
2016-09-25T22:45:15.639-0400: 70.454: [GC (GCLocker Initiated GC) [PSYoungGen: 160226K->85685K(175104K)] 638523K->581656K(699392K), 0.0106858 secs] [Times: user=0.15 sys=0.01, real=0.01 secs] 
2016-09-25T22:45:15.650-0400: 70.465: [Full GC (Ergonomics) [PSYoungGen: 85685K->0K(175104K)] [ParOldGen: 495971K->383880K(524288K)] 581656K->383880K(699392K), [Metaspace: 43737K->43737K(1087488K)], 0.0701105 secs] [Times: user=0.63 sys=0.01, real=0.07 secs] 
2016-09-25T22:45:15.782-0400: 70.597: [GC (GCLocker Initiated GC) [PSYoungGen: 88064K->60878K(175104K)] 480304K->453119K(699392K), 0.0104850 secs] [Times: user=0.15 sys=0.01, real=0.01 secs] 
2016-09-25T22:45:15.849-0400: 70.664: [GC (GCLocker Initiated GC) [PSYoungGen: 148942K->42933K(175104K)] 542566K->456419K(699392K), 0.0074421 secs] [Times: user=0.06 sys=0.01, real=0.01 secs] 
2016-09-25T22:45:15.899-0400: 70.714: [GC (GCLocker Initiated GC) [PSYoungGen: 130997K->77624K(175104K)] 547307K->506855K(699392K), 0.0080421 secs] [Times: user=0.10 sys=0.01, real=0.01 secs] 
2016-09-25T22:45:15.972-0400: 70.787: [GC (GCLocker Initiated GC) [PSYoungGen: 165688K->47546K(175104K)] 599688K->522279K(699392K), 0.0097903 secs] [Times: user=0.14 sys=0.00, real=0.01 secs] 
2016-09-25T22:45:16.033-0400: 70.848: [GC (GCLocker Initiated GC) [PSYoungGen: 135610K->65061K(175104K)] 613132K->551857K(699392K), 0.0070509 secs] [Times: user=0.12 sys=0.00, real=0.02 secs] 
2016-09-25T22:45:16.043-0400: 70.858: [Full GC (Ergonomics) [PSYoungGen: 65061K->0K(175104K)] [ParOldGen: 486795K->377344K(524288K)] 551857K->377344K(699392K), [Metaspace: 43737K->43737K(1087488K)], 0.0617986 secs] [Times: user=0.59 sys=0.00, real=0.06 secs] 
2016-09-25T22:45:16.159-0400: 70.974: [GC (GCLocker Initiated GC) [PSYoungGen: 88064K->76920K(175104K)] 468259K->457116K(699392K), 0.0064481 secs] [Times: user=0.09 sys=0.00, real=0.01 secs] 
2016-09-25T22:45:16.215-0400: 71.030: [GC (GCLocker Initiated GC) [PSYoungGen: 164984K->69376K(175104K)] 552173K->474967K(699392K), 0.0097628 secs] [Times: user=0.15 sys=0.00, real=0.01 secs] 
2016-09-25T22:45:16.282-0400: 71.097: [GC (GCLocker Initiated GC) [PSYoungGen: 157440K->66466K(175104K)] 566161K->490139K(699392K), 0.0082427 secs] [Times: user=0.10 sys=0.00, real=0.00 secs] 
2016-09-25T22:45:16.346-0400: 71.161: [GC (GCLocker Initiated GC) [PSYoungGen: 154530K->66528K(175104K)] 581155K->501069K(699392K), 0.0115685 secs] [Times: user=0.16 sys=0.00, real=0.01 secs] 
2016-09-25T22:45:16.409-0400: 71.224: [GC (GCLocker Initiated GC) [PSYoungGen: 154592K->73193K(175104K)] 592049K->522629K(699392K), 0.0096713 secs] [Times: user=0.10 sys=0.01, real=0.01 secs] 
2016-09-25T22:45:16.474-0400: 71.289: [GC (GCLocker Initiated GC) [PSYoungGen: 161257K->55891K(175104K)] 614854K->538985K(699392K), 0.0073874 secs] [Times: user=0.12 sys=0.00, real=0.01 secs] 
2016-09-25T22:45:16.527-0400: 71.342: [Full GC (Ergonomics) [PSYoungGen: 143955K->0K(175104K)] [ParOldGen: 485943K->388946K(524288K)] 629898K->388946K(699392K), [Metaspace: 43737K->43737K(1087488K)], 0.0685986 secs] [Times: user=0.62 sys=0.00, real=0.07 secs] 
2016-09-25T22:45:16.667-0400: 71.482: [GC (GCLocker Initiated GC) [PSYoungGen: 88064K->74959K(175104K)] 487067K->473970K(699392K), 0.0072478 secs] [Times: user=0.09 sys=0.01, real=0.01 secs] 
2016-09-25T22:45:16.735-0400: 71.550: [GC (GCLocker Initiated GC) [PSYoungGen: 163023K->44168K(175104K)] 570160K->461016K(699392K), 0.0090523 secs] [Times: user=0.10 sys=0.00, real=0.01 secs] 
2016-09-25T22:45:16.790-0400: 71.605: [GC (GCLocker Initiated GC) [PSYoungGen: 132232K->82720K(175104K)] 549304K->504490K(699392K), 0.0206579 secs] [Times: user=0.29 sys=0.00, real=0.02 secs] 
2016-09-25T22:45:16.859-0400: 71.674: [GC (GCLocker Initiated GC) [PSYoungGen: 170784K->77703K(175104K)] 602248K->534775K(699392K), 0.0141288 secs] [Times: user=0.16 sys=0.00, real=0.01 secs] 
2016-09-25T22:45:16.934-0400: 71.749: [GC (GCLocker Initiated GC) [PSYoungGen: 165767K->54292K(175104K)] 625641K->521269K(699392K), 0.0152650 secs] [Times: user=0.20 sys=0.00, real=0.01 secs] 
2016-09-25T22:45:17.008-0400: 71.823: [GC (GCLocker Initiated GC) [PSYoungGen: 142356K->55553K(175104K)] 609487K->556282K(699392K), 0.0075942 secs] [Times: user=0.11 sys=0.00, real=0.01 secs] 
2016-09-25T22:45:17.016-0400: 71.831: [Full GC (Ergonomics) [PSYoungGen: 55553K->0K(175104K)] [ParOldGen: 500729K->385957K(524288K)] 556282K->385957K(699392K), [Metaspace: 43741K->43741K(1087488K)], 0.0664053 secs] [Times: user=0.65 sys=0.00, real=0.07 secs] 
2016-09-25T22:45:17.123-0400: 71.938: [GC (GCLocker Initiated GC) [PSYoungGen: 88064K->76035K(175104K)] 474152K->462132K(699392K), 0.0263387 secs] [Times: user=0.42 sys=0.03, real=0.02 secs] 
2016-09-25T22:45:17.221-0400: 72.036: [GC (GCLocker Initiated GC) [PSYoungGen: 164099K->46786K(175104K)] 559817K->478873K(699392K), 0.0068429 secs] [Times: user=0.11 sys=0.01, real=0.01 secs] 
2016-09-25T22:45:17.282-0400: 72.097: [GC (GCLocker Initiated GC) [PSYoungGen: 134850K->69210K(175104K)] 567023K->515261K(699392K), 0.0068372 secs] [Times: user=0.10 sys=0.00, real=0.00 secs] 
2016-09-25T22:45:17.335-0400: 72.150: [GC (GCLocker Initiated GC) [PSYoungGen: 157274K->54578K(175104K)] 603558K->529120K(699392K), 0.0106871 secs] [Times: user=0.09 sys=0.00, real=0.01 secs] 
2016-09-25T22:45:17.403-0400: 72.218: [Full GC (Ergonomics) [PSYoungGen: 142642K->0K(175104K)] [ParOldGen: 480620K->398924K(524288K)] 623262K->398924K(699392K), [Metaspace: 43748K->43748K(1087488K)], 0.0630252 secs] [Times: user=0.47 sys=0.00, real=0.06 secs] 
2016-09-25T22:45:17.515-0400: 72.330: [GC (GCLocker Initiated GC) [PSYoungGen: 88064K->60784K(175104K)] 492439K->465160K(699392K), 0.0098240 secs] [Times: user=0.09 sys=0.00, real=0.01 secs] 
2016-09-25T22:45:17.581-0400: 72.396: [GC (GCLocker Initiated GC) [PSYoungGen: 148848K->64993K(175104K)] 558776K->488088K(699392K), 0.0076162 secs] [Times: user=0.11 sys=0.00, real=0.01 secs] 
2016-09-25T22:45:17.636-0400: 72.451: [GC (GCLocker Initiated GC) [PSYoungGen: 153057K->55775K(175104K)] 580274K->509581K(699392K), 0.0075845 secs] [Times: user=0.13 sys=0.00, real=0.01 secs] 
2016-09-25T22:45:17.738-0400: 72.553: [GC (GCLocker Initiated GC) [PSYoungGen: 143839K->59896K(147968K)] 602036K->523462K(672256K), 0.0078078 secs] [Times: user=0.11 sys=0.00, real=0.01 secs] 
2016-09-25T22:45:17.816-0400: 72.631: [GC (GCLocker Initiated GC) [PSYoungGen: 147960K->78339K(173056K)] 621111K->551490K(697344K), 0.0078969 secs] [Times: user=0.10 sys=0.01, real=0.01 secs] 
2016-09-25T22:45:17.860-0400: 72.675: [GC (GCLocker Initiated GC) [PSYoungGen: 165379K->67547K(174080K)] 638593K->579465K(698368K), 0.0093461 secs] [Times: user=0.14 sys=0.00, real=0.01 secs] 
2016-09-25T22:45:17.870-0400: 72.685: [Full GC (Ergonomics) [PSYoungGen: 67547K->0K(174080K)] [ParOldGen: 511918K->404009K(524288K)] 579465K->404009K(698368K), [Metaspace: 43748K->43748K(1087488K)], 0.0879023 secs] [Times: user=0.77 sys=0.02, real=0.09 secs] 
2016-09-25T22:45:18.019-0400: 72.834: [GC (GCLocker Initiated GC) [PSYoungGen: 87040K->82177K(175104K)] 499394K->494539K(699392K), 0.0085407 secs] [Times: user=0.14 sys=0.00, real=0.01 secs] 
2016-09-25T22:45:18.079-0400: 72.894: [GC (GCLocker Initiated GC) [PSYoungGen: 170241K->75438K(175104K)] 582683K->502117K(699392K), 0.0069417 secs] [Times: user=0.10 sys=0.00, real=0.01 secs] 
2016-09-25T22:45:18.136-0400: 72.951: [GC (GCLocker Initiated GC) [PSYoungGen: 163502K->65012K(175104K)] 590231K->511301K(699392K), 0.0092726 secs] [Times: user=0.14 sys=0.00, real=0.01 secs] 
2016-09-25T22:45:18.225-0400: 73.040: [GC (GCLocker Initiated GC) [PSYoungGen: 153076K->70764K(175104K)] 599500K->530423K(699392K), 0.0117298 secs] [Times: user=0.13 sys=0.00, real=0.01 secs] 
2016-09-25T22:45:18.290-0400: 73.105: [GC (GCLocker Initiated GC) [PSYoungGen: 158828K->51803K(175104K)] 618742K->548267K(699392K), 0.0088026 secs] [Times: user=0.11 sys=0.01, real=0.01 secs] 
2016-09-25T22:45:18.299-0400: 73.114: [Full GC (Ergonomics) [PSYoungGen: 51803K->0K(175104K)] [ParOldGen: 496463K->396292K(524288K)] 548267K->396292K(699392K), [Metaspace: 43766K->43766K(1087488K)], 0.0968469 secs] [Times: user=0.52 sys=0.02, real=0.10 secs] 
2016-09-25T22:45:18.441-0400: 73.256: [GC (GCLocker Initiated GC) [PSYoungGen: 88064K->81026K(175104K)] 487126K->480088K(699392K), 0.0282668 secs] [Times: user=0.37 sys=0.00, real=0.03 secs] 
2016-09-25T22:45:18.512-0400: 73.327: [GC (GCLocker Initiated GC) [PSYoungGen: 169090K->66840K(175104K)] 570937K->493875K(699392K), 0.0141189 secs] [Times: user=0.14 sys=0.00, real=0.02 secs] 
2016-09-25T22:45:18.611-0400: 73.426: [GC (GCLocker Initiated GC) [PSYoungGen: 154904K->34219K(175104K)] 586077K->483156K(699392K), 0.0285312 secs] [Times: user=0.27 sys=0.01, real=0.03 secs] 
2016-09-25T22:45:18.686-0400: 73.501: [GC (GCLocker Initiated GC) [PSYoungGen: 122283K->45029K(175104K)] 576496K->502123K(699392K), 0.0223329 secs] [Times: user=0.25 sys=0.00, real=0.02 secs] 
2016-09-25T22:45:18.763-0400: 73.578: [GC (GCLocker Initiated GC) [PSYoungGen: 133093K->51206K(175104K)] 592960K->524812K(699392K), 0.0147639 secs] [Times: user=0.14 sys=0.01, real=0.01 secs] 
2016-09-25T22:45:18.861-0400: 73.676: [GC (GCLocker Initiated GC) [PSYoungGen: 139270K->74733K(175104K)] 615623K->569596K(699392K), 0.0096095 secs] [Times: user=0.14 sys=0.00, real=0.01 secs] 
2016-09-25T22:45:18.871-0400: 73.686: [Full GC (Ergonomics) [PSYoungGen: 74733K->0K(175104K)] [ParOldGen: 494862K->409525K(524288K)] 569596K->409525K(699392K), [Metaspace: 43766K->43766K(1087488K)], 0.2443730 secs] [Times: user=3.85 sys=0.03, real=0.25 secs] 
2016-09-25T22:45:19.179-0400: 73.994: [GC (GCLocker Initiated GC) [PSYoungGen: 88064K->48474K(175104K)] 498588K->458998K(699392K), 0.0101312 secs] [Times: user=0.11 sys=0.00, real=0.01 secs] 
2016-09-25T22:45:19.223-0400: 74.038: [GC (GCLocker Initiated GC) [PSYoungGen: 136538K->72665K(175104K)] 550014K->492438K(699392K), 0.0076348 secs] [Times: user=0.09 sys=0.00, real=0.00 secs] 
2016-09-25T22:45:19.293-0400: 74.108: [GC (GCLocker Initiated GC) [PSYoungGen: 160729K->71623K(175104K)] 583304K->505417K(699392K), 0.0101684 secs] [Times: user=0.13 sys=0.00, real=0.02 secs] 
2016-09-25T22:45:19.360-0400: 74.175: [GC (GCLocker Initiated GC) [PSYoungGen: 159687K->54462K(175104K)] 595206K->513866K(699392K), 0.0073315 secs] [Times: user=0.07 sys=0.00, real=0.01 secs] 
2016-09-25T22:45:19.421-0400: 74.236: [GC (GCLocker Initiated GC) [PSYoungGen: 142526K->81328K(175104K)] 602001K->569287K(699392K), 0.0168460 secs] [Times: user=0.22 sys=0.00, real=0.02 secs] 
2016-09-25T22:45:19.438-0400: 74.253: [Full GC (Ergonomics) [PSYoungGen: 81328K->0K(175104K)] [ParOldGen: 487959K->411306K(524288K)] 569287K->411306K(699392K), [Metaspace: 43766K->43766K(1087488K)], 0.0573695 secs] [Times: user=0.49 sys=0.00, real=0.06 secs] 
2016-09-25T22:45:19.560-0400: 74.375: [GC (GCLocker Initiated GC) [PSYoungGen: 88064K->81518K(175104K)] 506565K->500019K(699392K), 0.0072975 secs] [Times: user=0.10 sys=0.00, real=0.01 secs] 
2016-09-25T22:45:19.623-0400: 74.438: [GC (GCLocker Initiated GC) [PSYoungGen: 169582K->58979K(175104K)] 591241K->494184K(699392K), 0.0122138 secs] [Times: user=0.16 sys=0.00, real=0.01 secs] 
2016-09-25T22:45:19.685-0400: 74.500: [GC (GCLocker Initiated GC) [PSYoungGen: 147043K->77296K(175104K)] 585193K->533545K(699392K), 0.0106363 secs] [Times: user=0.15 sys=0.00, real=0.01 secs] 
2016-09-25T22:45:19.746-0400: 74.561: [GC (GCLocker Initiated GC) [PSYoungGen: 165360K->72356K(175104K)] 627058K->539145K(699392K), 0.0068372 secs] [Times: user=0.08 sys=0.00, real=0.00 secs] 
2016-09-25T22:45:19.815-0400: 74.630: [GC (GCLocker Initiated GC) [PSYoungGen: 160420K->66235K(175104K)] 630032K->561767K(699392K), 0.0107788 secs] [Times: user=0.16 sys=0.00, real=0.01 secs] 
2016-09-25T22:45:19.826-0400: 74.641: [Full GC (Ergonomics) [PSYoungGen: 66235K->0K(175104K)] [ParOldGen: 495532K->415582K(524288K)] 561767K->415582K(699392K), [Metaspace: 43766K->43766K(1087488K)], 0.0753528 secs] [Times: user=0.60 sys=0.02, real=0.07 secs] 
2016-09-25T22:45:19.956-0400: 74.771: [GC (GCLocker Initiated GC) [PSYoungGen: 88064K->68551K(175104K)] 509175K->489663K(699392K), 0.0060172 secs] [Times: user=0.07 sys=0.00, real=0.01 secs] 
2016-09-25T22:45:20.006-0400: 74.821: [GC (GCLocker Initiated GC) [PSYoungGen: 156615K->63857K(175104K)] 577851K->514075K(699392K), 0.0097053 secs] [Times: user=0.14 sys=0.00, real=0.01 secs] 
2016-09-25T22:45:20.068-0400: 74.883: [GC (GCLocker Initiated GC) [PSYoungGen: 151921K->55915K(175104K)] 603596K->518281K(699392K), 0.0075301 secs] [Times: user=0.08 sys=0.00, real=0.01 secs] 
2016-09-25T22:45:20.127-0400: 74.942: [GC (GCLocker Initiated GC) [PSYoungGen: 143979K->78399K(175104K)] 611926K->558556K(699392K), 0.0095264 secs] [Times: user=0.13 sys=0.00, real=0.01 secs] 
2016-09-25T22:45:20.196-0400: 75.011: [GC (GCLocker Initiated GC) [PSYoungGen: 166463K->62355K(175104K)] 646710K->569225K(699392K), 0.0076584 secs] [Times: user=0.11 sys=0.00, real=0.01 secs] 
2016-09-25T22:45:20.204-0400: 75.019: [Full GC (Ergonomics) [PSYoungGen: 62355K->0K(175104K)] [ParOldGen: 506869K->419470K(524288K)] 569225K->419470K(699392K), [Metaspace: 43766K->43766K(1087488K)], 0.0696242 secs] [Times: user=0.60 sys=0.02, real=0.07 secs] 
2016-09-25T22:45:20.336-0400: 75.151: [GC (GCLocker Initiated GC) [PSYoungGen: 88064K->85496K(175104K)] 510364K->507797K(699392K), 0.0115944 secs] [Times: user=0.14 sys=0.00, real=0.01 secs] 
2016-09-25T22:45:20.409-0400: 75.224: [GC (GCLocker Initiated GC) [PSYoungGen: 173560K->54442K(175104K)] 605404K->514578K(699392K), 0.0097069 secs] [Times: user=0.13 sys=0.00, real=0.01 secs] 
2016-09-25T22:45:20.468-0400: 75.283: [GC (GCLocker Initiated GC) [PSYoungGen: 142506K->63874K(175104K)] 603395K->538137K(699392K), 0.0089234 secs] [Times: user=0.10 sys=0.00, real=0.01 secs] 
2016-09-25T22:45:20.530-0400: 75.345: [GC (GCLocker Initiated GC) [PSYoungGen: 151938K->60759K(175104K)] 633597K->554464K(699392K), 0.0068834 secs] [Times: user=0.10 sys=0.01, real=0.01 secs] 
2016-09-25T22:45:20.537-0400: 75.352: [Full GC (Ergonomics) [PSYoungGen: 60759K->0K(175104K)] [ParOldGen: 493704K->416206K(524288K)] 554464K->416206K(699392K), [Metaspace: 43766K->43766K(1087488K)], 0.0567742 secs] [Times: user=0.49 sys=0.00, real=0.06 secs] 
2016-09-25T22:45:20.633-0400: 75.448: [GC (GCLocker Initiated GC) [PSYoungGen: 88064K->78844K(175104K)] 504442K->495222K(699392K), 0.0099775 secs] [Times: user=0.11 sys=0.01, real=0.02 secs] 
2016-09-25T22:45:20.705-0400: 75.520: [GC (GCLocker Initiated GC) [PSYoungGen: 166908K->62240K(175104K)] 586468K->510073K(699392K), 0.0072771 secs] [Times: user=0.10 sys=0.00, real=0.00 secs] 
2016-09-25T22:45:20.777-0400: 75.592: [GC (GCLocker Initiated GC) [PSYoungGen: 150304K->66273K(175104K)] 600910K->539421K(699392K), 0.0107335 secs] [Times: user=0.17 sys=0.00, real=0.01 secs] 
2016-09-25T22:45:20.839-0400: 75.654: [GC (GCLocker Initiated GC) [PSYoungGen: 154337K->62626K(175104K)] 634893K->558937K(699392K), 0.0075628 secs] [Times: user=0.12 sys=0.00, real=0.01 secs] 
2016-09-25T22:45:20.847-0400: 75.662: [Full GC (Ergonomics) [PSYoungGen: 62626K->0K(175104K)] [ParOldGen: 496310K->425689K(524288K)] 558937K->425689K(699392K), [Metaspace: 43766K->43766K(1087488K)], 0.0600566 secs] [Times: user=0.65 sys=0.01, real=0.06 secs] 
2016-09-25T22:45:20.954-0400: 75.769: [GC (GCLocker Initiated GC) [PSYoungGen: 88064K->63046K(174080K)] 517873K->492856K(698368K), 0.0078172 secs] [Times: user=0.05 sys=0.01, real=0.00 secs] 
2016-09-25T22:45:21.024-0400: 75.839: [GC (GCLocker Initiated GC) [PSYoungGen: 151110K->84093K(174592K)] 592077K->525060K(698880K), 0.0102281 secs] [Times: user=0.13 sys=0.00, real=0.01 secs] 
2016-09-25T22:45:21.084-0400: 75.899: [GC (Allocation Failure) [PSYoungGen: 172157K->56681K(175104K)] 613258K->543575K(699392K), 0.0087003 secs] [Times: user=0.13 sys=0.00, real=0.01 secs] 
2016-09-25T22:45:21.095-0400: 75.910: [Full GC (Ergonomics) [PSYoungGen: 56681K->0K(175104K)] [ParOldGen: 486894K->422277K(524288K)] 543575K->422277K(699392K), [Metaspace: 43766K->43766K(1087488K)], 0.0615309 secs] [Times: user=0.49 sys=0.03, real=0.06 secs] 
2016-09-25T22:45:21.193-0400: 76.009: [GC (GCLocker Initiated GC) [PSYoungGen: 87113K->85318K(175104K)] 512090K->515696K(699392K), 0.0103871 secs] [Times: user=0.16 sys=0.00, real=0.02 secs] 
2016-09-25T22:45:21.264-0400: 76.079: [GC (GCLocker Initiated GC) [PSYoungGen: 173382K->71775K(175104K)] 609279K->519614K(699392K), 0.0101310 secs] [Times: user=0.12 sys=0.00, real=0.01 secs] 
2016-09-25T22:45:21.331-0400: 76.146: [GC (GCLocker Initiated GC) [PSYoungGen: 159839K->54348K(175104K)] 618663K->535875K(699392K), 0.0071978 secs] [Times: user=0.08 sys=0.00, real=0.01 secs] 
2016-09-25T22:45:21.338-0400: 76.153: [Full GC (Ergonomics) [PSYoungGen: 54348K->0K(175104K)] [ParOldGen: 481527K->430124K(524288K)] 535875K->430124K(699392K), [Metaspace: 43766K->43766K(1087488K)], 0.0609378 secs] [Times: user=0.56 sys=0.02, real=0.06 secs] 
2016-09-25T22:45:21.456-0400: 76.271: [GC (GCLocker Initiated GC) [PSYoungGen: 88064K->84461K(175104K)] 521138K->520236K(699392K), 0.0081361 secs] [Times: user=0.12 sys=0.00, real=0.01 secs] 
2016-09-25T22:45:21.513-0400: 76.328: [GC (GCLocker Initiated GC) [PSYoungGen: 172525K->71689K(175104K)] 608359K->522578K(699392K), 0.0145580 secs] [Times: user=0.12 sys=0.01, real=0.02 secs] 
2016-09-25T22:45:21.581-0400: 76.396: [GC (GCLocker Initiated GC) [PSYoungGen: 159753K->58369K(175104K)] 616070K->546722K(699392K), 0.0184482 secs] [Times: user=0.12 sys=0.02, real=0.02 secs] 
2016-09-25T22:45:21.599-0400: 76.414: [Full GC (Ergonomics) [PSYoungGen: 58369K->0K(175104K)] [ParOldGen: 488352K->431794K(524288K)] 546722K->431794K(699392K), [Metaspace: 43766K->43766K(1087488K)], 0.0682806 secs] [Times: user=0.65 sys=0.01, real=0.07 secs] 
2016-09-25T22:45:21.712-0400: 76.527: [GC (GCLocker Initiated GC) [PSYoungGen: 88064K->83387K(175104K)] 529483K->524806K(699392K), 0.0072208 secs] [Times: user=0.10 sys=0.00, real=0.01 secs] 
2016-09-25T22:45:21.763-0400: 76.578: [GC (GCLocker Initiated GC) [PSYoungGen: 171451K->71077K(175104K)] 612946K->530631K(699392K), 0.0108699 secs] [Times: user=0.13 sys=0.00, real=0.00 secs] 
2016-09-25T22:45:21.819-0400: 76.634: [GC (GCLocker Initiated GC) [PSYoungGen: 159141K->71432K(175104K)] 624144K->559790K(699392K), 0.0089218 secs] [Times: user=0.11 sys=0.01, real=0.01 secs] 
2016-09-25T22:45:21.828-0400: 76.643: [Full GC (Ergonomics) [PSYoungGen: 71432K->0K(175104K)] [ParOldGen: 488358K->438634K(524288K)] 559790K->438634K(699392K), [Metaspace: 43766K->43766K(1087488K)], 0.0592136 secs] [Times: user=0.52 sys=0.00, real=0.06 secs] 
2016-09-25T22:45:21.945-0400: 76.760: [GC (GCLocker Initiated GC) [PSYoungGen: 88064K->59195K(175104K)] 534959K->506090K(699392K), 0.0112745 secs] [Times: user=0.15 sys=0.01, real=0.01 secs] 
2016-09-25T22:45:22.003-0400: 76.818: [GC (GCLocker Initiated GC) [PSYoungGen: 147259K->75981K(175104K)] 600979K->550648K(699392K), 0.0115140 secs] [Times: user=0.15 sys=0.00, real=0.01 secs] 
2016-09-25T22:45:22.064-0400: 76.879: [GC (GCLocker Initiated GC) [PSYoungGen: 164045K->42707K(175104K)] 642901K->555118K(699392K), 0.0113691 secs] [Times: user=0.11 sys=0.01, real=0.01 secs] 
2016-09-25T22:45:22.076-0400: 76.891: [Full GC (Ergonomics) [PSYoungGen: 42707K->0K(175104K)] [ParOldGen: 512410K->426249K(524288K)] 555118K->426249K(699392K), [Metaspace: 43766K->43766K(1087488K)], 0.0679591 secs] [Times: user=0.62 sys=0.00, real=0.07 secs] 
2016-09-25T22:45:22.179-0400: 76.994: [GC (GCLocker Initiated GC) [PSYoungGen: 88064K->85560K(175104K)] 516040K->521636K(699392K), 0.0106386 secs] [Times: user=0.12 sys=0.01, real=0.01 secs] 
2016-09-25T22:45:22.237-0400: 77.052: [GC (GCLocker Initiated GC) [PSYoungGen: 173624K->69993K(175104K)] 613817K->537011K(699392K), 0.0198605 secs] [Times: user=0.29 sys=0.00, real=0.02 secs] 
2016-09-25T22:45:22.308-0400: 77.123: [GC (GCLocker Initiated GC) [PSYoungGen: 158057K->33364K(175104K)] 633904K->520650K(699392K), 0.0088436 secs] [Times: user=0.07 sys=0.00, real=0.01 secs] 
2016-09-25T22:45:22.317-0400: 77.132: [Full GC (Ergonomics) [PSYoungGen: 33364K->0K(175104K)] [ParOldGen: 487285K->430375K(524288K)] 520650K->430375K(699392K), [Metaspace: 43766K->43766K(1087488K)], 0.0623611 secs] [Times: user=0.55 sys=0.00, real=0.06 secs] 
2016-09-25T22:45:22.420-0400: 77.235: [GC (GCLocker Initiated GC) [PSYoungGen: 88064K->82126K(175104K)] 521300K->515362K(699392K), 0.0103152 secs] [Times: user=0.15 sys=0.01, real=0.01 secs] 
2016-09-25T22:45:22.484-0400: 77.299: [GC (GCLocker Initiated GC) [PSYoungGen: 170190K->57876K(175104K)] 611648K->526952K(699392K), 0.0080112 secs] [Times: user=0.12 sys=0.00, real=0.00 secs] 
2016-09-25T22:45:22.534-0400: 77.349: [Full GC (Ergonomics) [PSYoungGen: 145940K->0K(175104K)] [ParOldGen: 481332K->442341K(524288K)] 627273K->442341K(699392K), [Metaspace: 43766K->43766K(1087488K)], 0.0563685 secs] [Times: user=0.54 sys=0.00, real=0.05 secs] 
2016-09-25T22:45:22.643-0400: 77.458: [GC (GCLocker Initiated GC) [PSYoungGen: 88064K->72419K(175104K)] 542699K->527055K(699392K), 0.0176593 secs] [Times: user=0.23 sys=0.00, real=0.01 secs] 
2016-09-25T22:45:22.723-0400: 77.538: [GC (GCLocker Initiated GC) [PSYoungGen: 160483K->69889K(175104K)] 615221K->537207K(699392K), 0.0088556 secs] [Times: user=0.12 sys=0.00, real=0.00 secs] 
2016-09-25T22:45:22.785-0400: 77.600: [GC (GCLocker Initiated GC) [PSYoungGen: 157953K->48352K(175104K)] 630783K->532565K(699392K), 0.0100183 secs] [Times: user=0.09 sys=0.01, real=0.01 secs] 
2016-09-25T22:45:22.795-0400: 77.610: [Full GC (Ergonomics) [PSYoungGen: 48352K->0K(175104K)] [ParOldGen: 484213K->440586K(524288K)] 532565K->440586K(699392K), [Metaspace: 43766K->43766K(1087488K)], 0.0586651 secs] [Times: user=0.43 sys=0.01, real=0.06 secs] 
2016-09-25T22:45:22.922-0400: 77.737: [GC (GCLocker Initiated GC) [PSYoungGen: 88064K->71638K(175104K)] 534184K->517758K(699392K), 0.0121674 secs] [Times: user=0.13 sys=0.00, real=0.02 secs] 
2016-09-25T22:45:22.998-0400: 77.813: [GC (GCLocker Initiated GC) [PSYoungGen: 159702K->61834K(175104K)] 606439K->523029K(699392K), 0.0082481 secs] [Times: user=0.08 sys=0.00, real=0.01 secs] 
2016-09-25T22:45:23.056-0400: 77.871: [GC (GCLocker Initiated GC) [PSYoungGen: 149898K->48125K(175104K)] 619424K->534459K(699392K), 0.0080701 secs] [Times: user=0.08 sys=0.00, real=0.01 secs] 
2016-09-25T22:45:23.108-0400: 77.923: [GC (GCLocker Initiated GC) [PSYoungGen: 136189K->83388K(175104K)] 622639K->579812K(699392K), 0.0144616 secs] [Times: user=0.17 sys=0.00, real=0.02 secs] 
2016-09-25T22:45:23.123-0400: 77.938: [Full GC (Ergonomics) [PSYoungGen: 83388K->0K(175104K)] [ParOldGen: 496423K->439298K(524288K)] 579812K->439298K(699392K), [Metaspace: 43766K->43766K(1087488K)], 0.0926622 secs] [Times: user=0.61 sys=0.02, real=0.09 secs] 
2016-09-25T22:45:23.251-0400: 78.066: [GC (GCLocker Initiated GC) [PSYoungGen: 88064K->86793K(175104K)] 532886K->550515K(699392K), 0.0110361 secs] [Times: user=0.12 sys=0.00, real=0.01 secs] 
2016-09-25T22:45:23.335-0400: 78.150: [GC (GCLocker Initiated GC) [PSYoungGen: 174857K->45369K(175104K)] 638692K->538813K(699392K), 0.0135328 secs] [Times: user=0.13 sys=0.01, real=0.01 secs] 
2016-09-25T22:45:23.348-0400: 78.163: [Full GC (Ergonomics) [PSYoungGen: 45369K->0K(175104K)] [ParOldGen: 493443K->437208K(524288K)] 538813K->437208K(699392K), [Metaspace: 43766K->43766K(1087488K)], 0.0673319 secs] [Times: user=0.64 sys=0.01, real=0.07 secs] 
2016-09-25T22:45:23.454-0400: 78.269: [GC (GCLocker Initiated GC) [PSYoungGen: 88064K->70264K(175104K)] 525865K->508066K(699392K), 0.0074013 secs] [Times: user=0.08 sys=0.00, real=0.01 secs] 
2016-09-25T22:45:23.521-0400: 78.336: [GC (GCLocker Initiated GC) [PSYoungGen: 158328K->80746K(175104K)] 601734K->526452K(699392K), 0.0127678 secs] [Times: user=0.20 sys=0.01, real=0.01 secs] 
2016-09-25T22:45:23.607-0400: 78.422: [GC (GCLocker Initiated GC) [PSYoungGen: 168810K->56306K(175104K)] 614660K->512182K(699392K), 0.0077267 secs] [Times: user=0.07 sys=0.00, real=0.01 secs] 
2016-09-25T22:45:23.652-0400: 78.467: [GC (GCLocker Initiated GC) [PSYoungGen: 144370K->71189K(175104K)] 600341K->545218K(699392K), 0.0102266 secs] [Times: user=0.14 sys=0.00, real=0.02 secs] 
2016-09-25T22:45:23.695-0400: 78.510: [GC (GCLocker Initiated GC) [PSYoungGen: 159253K->67159K(175104K)] 633407K->551297K(699392K), 0.0122938 secs] [Times: user=0.09 sys=0.00, real=0.01 secs] 
2016-09-25T22:45:23.779-0400: 78.594: [GC (GCLocker Initiated GC) [PSYoungGen: 155223K->72594K(175104K)] 639466K->587226K(699392K), 0.0129708 secs] [Times: user=0.20 sys=0.00, real=0.01 secs] 
2016-09-25T22:45:23.792-0400: 78.607: [Full GC (Ergonomics) [PSYoungGen: 72594K->0K(175104K)] [ParOldGen: 514632K->442308K(524288K)] 587226K->442308K(699392K), [Metaspace: 43768K->43768K(1087488K)], 0.0690550 secs] [Times: user=0.65 sys=0.00, real=0.07 secs] 
2016-09-25T22:45:23.908-0400: 78.723: [GC (GCLocker Initiated GC) [PSYoungGen: 88064K->61008K(175104K)] 545350K->518295K(699392K), 0.0082046 secs] [Times: user=0.11 sys=0.00, real=0.01 secs] 
2016-09-25T22:45:23.984-0400: 78.799: [GC (GCLocker Initiated GC) [PSYoungGen: 149072K->55150K(175104K)] 612938K->521534K(699392K), 0.0136429 secs] [Times: user=0.18 sys=0.00, real=0.01 secs] 
2016-09-25T22:45:24.060-0400: 78.875: [GC (GCLocker Initiated GC) [PSYoungGen: 143214K->60232K(175104K)] 609651K->538130K(699392K), 0.0070215 secs] [Times: user=0.09 sys=0.01, real=0.01 secs] 
2016-09-25T22:45:24.106-0400: 78.921: [GC (GCLocker Initiated GC) [PSYoungGen: 148296K->63378K(175104K)] 627678K->556637K(699392K), 0.0080795 secs] [Times: user=0.12 sys=0.01, real=0.01 secs] 
2016-09-25T22:45:24.115-0400: 78.930: [Full GC (Ergonomics) [PSYoungGen: 63378K->0K(175104K)] [ParOldGen: 493258K->435651K(524288K)] 556637K->435651K(699392K), [Metaspace: 43768K->43768K(1087488K)], 0.0618639 secs] [Times: user=0.63 sys=0.06, real=0.06 secs] 
2016-09-25T22:45:24.246-0400: 79.061: [GC (GCLocker Initiated GC) [PSYoungGen: 88064K->67802K(175104K)] 533268K->513006K(699392K), 0.0114411 secs] [Times: user=0.12 sys=0.02, real=0.01 secs] 
2016-09-25T22:45:24.331-0400: 79.146: [GC (GCLocker Initiated GC) [PSYoungGen: 155866K->69905K(175104K)] 613388K->532563K(699392K), 0.0086703 secs] [Times: user=0.12 sys=0.01, real=0.01 secs] 
2016-09-25T22:45:24.384-0400: 79.199: [GC (GCLocker Initiated GC) [PSYoungGen: 157969K->64495K(152576K)] 630199K->538613K(676864K), 0.0067512 secs] [Times: user=0.09 sys=0.01, real=0.00 secs] 
2016-09-25T22:45:24.441-0400: 79.256: [GC (GCLocker Initiated GC) [PSYoungGen: 152559K->85296K(172032K)] 633543K->568980K(696320K), 0.0096230 secs] [Times: user=0.14 sys=0.00, real=0.01 secs] 
2016-09-25T22:45:24.505-0400: 79.320: [GC (GCLocker Initiated GC) [PSYoungGen: 171824K->56616K(173568K)] 655662K->564416K(697856K), 0.0075914 secs] [Times: user=0.10 sys=0.00, real=0.00 secs] 
2016-09-25T22:45:24.513-0400: 79.328: [Full GC (Ergonomics) [PSYoungGen: 56616K->0K(173568K)] [ParOldGen: 507799K->440762K(524288K)] 564416K->440762K(697856K), [Metaspace: 43803K->43803K(1087488K)], 0.0562201 secs] [Times: user=0.49 sys=0.00, real=0.06 secs] 
2016-09-25T22:45:24.601-0400: 79.416: [GC (GCLocker Initiated GC) [PSYoungGen: 86528K->73594K(175104K)] 530102K->517169K(699392K), 0.0083138 secs] [Times: user=0.11 sys=0.00, real=0.01 secs] 
2016-09-25T22:45:24.668-0400: 79.483: [GC (GCLocker Initiated GC) [PSYoungGen: 161658K->55311K(175104K)] 612023K->535574K(699392K), 0.0116557 secs] [Times: user=0.14 sys=0.00, real=0.01 secs] 
2016-09-25T22:45:24.723-0400: 79.538: [GC (GCLocker Initiated GC) [PSYoungGen: 143375K->59621K(175104K)] 627773K->579982K(699392K), 0.0085114 secs] [Times: user=0.13 sys=0.00, real=0.00 secs] 
2016-09-25T22:45:24.732-0400: 79.547: [Full GC (Ergonomics) [PSYoungGen: 59621K->0K(175104K)] [ParOldGen: 520361K->448241K(524288K)] 579982K->448241K(699392K), [Metaspace: 43807K->43807K(1087488K)], 0.0495558 secs] [Times: user=0.42 sys=0.01, real=0.05 secs] 
2016-09-25T22:45:24.829-0400: 79.644: [GC (GCLocker Initiated GC) [PSYoungGen: 88064K->77206K(175104K)] 539552K->528694K(699392K), 0.0093210 secs] [Times: user=0.13 sys=0.00, real=0.01 secs] 
2016-09-25T22:45:24.885-0400: 79.700: [GC (GCLocker Initiated GC) [PSYoungGen: 165270K->51150K(175104K)] 616910K->525560K(699392K), 0.0103976 secs] [Times: user=0.13 sys=0.00, real=0.01 secs] 
2016-09-25T22:45:24.932-0400: 79.747: [GC (GCLocker Initiated GC) [PSYoungGen: 139214K->77216K(175104K)] 613736K->574034K(699392K), 0.0087933 secs] [Times: user=0.13 sys=0.00, real=0.01 secs] 
2016-09-25T22:45:24.941-0400: 79.756: [Full GC (Ergonomics) [PSYoungGen: 77216K->0K(175104K)] [ParOldGen: 496818K->455655K(524288K)] 574034K->455655K(699392K), [Metaspace: 43812K->43812K(1087488K)], 0.0510935 secs] [Times: user=0.45 sys=0.00, real=0.05 secs] 
2016-09-25T22:45:25.038-0400: 79.853: [GC (GCLocker Initiated GC) [PSYoungGen: 88064K->70841K(175104K)] 547931K->530709K(699392K), 0.0075515 secs] [Times: user=0.12 sys=0.01, real=0.01 secs] 
2016-09-25T22:45:25.091-0400: 79.906: [GC (GCLocker Initiated GC) [PSYoungGen: 158905K->73037K(175104K)] 621990K->557898K(699392K), 0.0085052 secs] [Times: user=0.13 sys=0.01, real=0.01 secs] 
2016-09-25T22:45:25.099-0400: 79.914: [Full GC (Ergonomics) [PSYoungGen: 73037K->0K(175104K)] [ParOldGen: 484861K->448593K(524288K)] 557898K->448593K(699392K), [Metaspace: 43820K->43820K(1087488K)], 0.1983043 secs] [Times: user=3.04 sys=0.00, real=0.20 secs] 
2016-09-25T22:45:25.341-0400: 80.156: [GC (GCLocker Initiated GC) [PSYoungGen: 88064K->78737K(175104K)] 536796K->527470K(699392K), 0.0075773 secs] [Times: user=0.10 sys=0.01, real=0.01 secs] 
2016-09-25T22:45:25.389-0400: 80.204: [GC (GCLocker Initiated GC) [PSYoungGen: 166801K->70531K(175104K)] 623810K->543713K(699392K), 0.0080615 secs] [Times: user=0.11 sys=0.00, real=0.01 secs] 
2016-09-25T22:45:25.439-0400: 80.254: [GC (GCLocker Initiated GC) [PSYoungGen: 158595K->67444K(175104K)] 631920K->547346K(699392K), 0.0083489 secs] [Times: user=0.12 sys=0.00, real=0.01 secs] 
2016-09-25T22:45:25.486-0400: 80.301: [GC (GCLocker Initiated GC) [PSYoungGen: 155508K->73072K(175104K)] 639552K->578244K(699392K), 0.0084833 secs] [Times: user=0.13 sys=0.01, real=0.01 secs] 
2016-09-25T22:45:25.495-0400: 80.310: [Full GC (Ergonomics) [PSYoungGen: 73072K->0K(175104K)] [ParOldGen: 505172K->449938K(524288K)] 578244K->449938K(699392K), [Metaspace: 43831K->43831K(1087488K)], 0.0523653 secs] [Times: user=0.48 sys=0.00, real=0.05 secs] 
2016-09-25T22:45:25.580-0400: 80.395: [GC (GCLocker Initiated GC) [PSYoungGen: 88064K->74813K(175104K)] 540770K->527519K(699392K), 0.0073154 secs] [Times: user=0.11 sys=0.00, real=0.01 secs] 
2016-09-25T22:45:25.638-0400: 80.453: [GC (GCLocker Initiated GC) [PSYoungGen: 162877K->58221K(175104K)] 616337K->537319K(699392K), 0.0078795 secs] [Times: user=0.08 sys=0.01, real=0.01 secs] 
2016-09-25T22:45:25.691-0400: 80.506: [Full GC (Ergonomics) [PSYoungGen: 146285K->0K(175104K)] [ParOldGen: 488668K->454835K(524288K)] 634954K->454835K(699392K), [Metaspace: 43833K->43833K(1087488K)], 0.0523285 secs] [Times: user=0.47 sys=0.01, real=0.06 secs] 
2016-09-25T22:45:25.790-0400: 80.605: [GC (GCLocker Initiated GC) [PSYoungGen: 88064K->61190K(175104K)] 548439K->521565K(699392K), 0.0064857 secs] [Times: user=0.08 sys=0.00, real=0.01 secs] 
2016-09-25T22:45:25.843-0400: 80.658: [GC (GCLocker Initiated GC) [PSYoungGen: 149254K->65205K(175104K)] 623196K->562121K(699392K), 0.0077897 secs] [Times: user=0.11 sys=0.00, real=0.00 secs] 
2016-09-25T22:45:25.851-0400: 80.666: [Full GC (Ergonomics) [PSYoungGen: 65205K->0K(175104K)] [ParOldGen: 496916K->464463K(524288K)] 562121K->464463K(699392K), [Metaspace: 43833K->43833K(1087488K)], 0.0550088 secs] [Times: user=0.54 sys=0.00, real=0.06 secs] 
2016-09-25T22:45:25.958-0400: 80.773: [GC (GCLocker Initiated GC) [PSYoungGen: 88064K->77420K(175104K)] 559373K->548729K(699392K), 0.0083838 secs] [Times: user=0.11 sys=0.01, real=0.01 secs] 
2016-09-25T22:45:26.012-0400: 80.827: [GC (GCLocker Initiated GC) [PSYoungGen: 165484K->68937K(175104K)] 643621K->580838K(699392K), 0.0091327 secs] [Times: user=0.15 sys=0.00, real=0.01 secs] 
2016-09-25T22:45:26.022-0400: 80.837: [Full GC (Ergonomics) [PSYoungGen: 68937K->0K(175104K)] [ParOldGen: 511901K->458016K(524288K)] 580838K->458016K(699392K), [Metaspace: 43833K->43833K(1087488K)], 0.0595976 secs] [Times: user=0.53 sys=0.01, real=0.06 secs] 
2016-09-25T22:45:26.126-0400: 80.941: [GC (GCLocker Initiated GC) [PSYoungGen: 88064K->87032K(175104K)] 546141K->547810K(699392K), 0.0093178 secs] [Times: user=0.13 sys=0.01, real=0.01 secs] 
2016-09-25T22:45:26.176-0400: 80.991: [GC (GCLocker Initiated GC) [PSYoungGen: 175096K->63506K(175104K)] 638701K->559647K(699392K), 0.0079664 secs] [Times: user=0.10 sys=0.00, real=0.01 secs] 
2016-09-25T22:45:26.185-0400: 81.000: [Full GC (Ergonomics) [PSYoungGen: 63506K->0K(175104K)] [ParOldGen: 496141K->459524K(524288K)] 559647K->459524K(699392K), [Metaspace: 43833K->43833K(1087488K)], 0.0509641 secs] [Times: user=0.41 sys=0.00, real=0.05 secs] 
2016-09-25T22:45:26.283-0400: 81.098: [GC (GCLocker Initiated GC) [PSYoungGen: 88064K->70927K(175104K)] 547617K->530481K(699392K), 0.0072986 secs] [Times: user=0.11 sys=0.00, real=0.00 secs] 
2016-09-25T22:45:26.323-0400: 81.138: [GC (GCLocker Initiated GC) [PSYoungGen: 158991K->81183K(175104K)] 621343K->558648K(699392K), 0.0088351 secs] [Times: user=0.14 sys=0.00, real=0.00 secs] 
2016-09-25T22:45:26.379-0400: 81.194: [Full GC (Ergonomics) [PSYoungGen: 169247K->0K(175104K)] [ParOldGen: 483348K->463186K(524288K)] 652596K->463186K(699392K), [Metaspace: 43833K->43833K(1087488K)], 0.0557041 secs] [Times: user=0.51 sys=0.01, real=0.06 secs] 
2016-09-25T22:45:26.479-0400: 81.294: [GC (GCLocker Initiated GC) [PSYoungGen: 88064K->73053K(175104K)] 551316K->536306K(699392K), 0.0072242 secs] [Times: user=0.10 sys=0.01, real=0.01 secs] 
2016-09-25T22:45:26.520-0400: 81.335: [GC (GCLocker Initiated GC) [PSYoungGen: 161117K->81440K(175104K)] 629870K->576838K(699392K), 0.0098487 secs] [Times: user=0.13 sys=0.00, real=0.01 secs] 
2016-09-25T22:45:26.530-0400: 81.345: [Full GC (Ergonomics) [PSYoungGen: 81440K->0K(175104K)] [ParOldGen: 495398K->471265K(524288K)] 576838K->471265K(699392K), [Metaspace: 43833K->43833K(1087488K)], 0.0522418 secs] [Times: user=0.44 sys=0.01, real=0.05 secs] 
2016-09-25T22:45:26.626-0400: 81.441: [GC (GCLocker Initiated GC) [PSYoungGen: 88064K->85746K(175104K)] 561080K->561462K(699392K), 0.0092558 secs] [Times: user=0.10 sys=0.01, real=0.01 secs] 
2016-09-25T22:45:26.683-0400: 81.498: [Full GC (Ergonomics) [PSYoungGen: 173810K->0K(175104K)] [ParOldGen: 479946K->464625K(524288K)] 653757K->464625K(699392K), [Metaspace: 43834K->43834K(1087488K)], 0.0547753 secs] [Times: user=0.49 sys=0.01, real=0.05 secs] 
2016-09-25T22:45:26.781-0400: 81.596: [GC (GCLocker Initiated GC) [PSYoungGen: 88064K->62766K(175104K)] 556783K->531485K(699392K), 0.0092727 secs] [Times: user=0.10 sys=0.00, real=0.01 secs] 
2016-09-25T22:45:26.831-0400: 81.646: [GC (GCLocker Initiated GC) [PSYoungGen: 150830K->79862K(175104K)] 624999K->560903K(699392K), 0.0086807 secs] [Times: user=0.11 sys=0.01, real=0.01 secs] 
2016-09-25T22:45:26.884-0400: 81.699: [GC (GCLocker Initiated GC) [PSYoungGen: 167926K->56951K(175104K)] 649581K->566680K(699392K), 0.0096075 secs] [Times: user=0.12 sys=0.00, real=0.01 secs] 
2016-09-25T22:45:26.894-0400: 81.709: [Full GC (Ergonomics) [PSYoungGen: 56951K->0K(175104K)] [ParOldGen: 509729K->460211K(524288K)] 566680K->460211K(699392K), [Metaspace: 43834K->43834K(1087488K)], 0.0552617 secs] [Times: user=0.51 sys=0.02, real=0.05 secs] 
2016-09-25T22:45:26.987-0400: 81.802: [GC (GCLocker Initiated GC) [PSYoungGen: 88064K->61290K(175104K)] 550990K->524217K(699392K), 0.0131123 secs] [Times: user=0.18 sys=0.00, real=0.01 secs] 
2016-09-25T22:45:27.037-0400: 81.852: [GC (GCLocker Initiated GC) [PSYoungGen: 149354K->74403K(175104K)] 612403K->554957K(699392K), 0.0088213 secs] [Times: user=0.12 sys=0.00, real=0.01 secs] 
2016-09-25T22:45:27.099-0400: 81.914: [Full GC (Ergonomics) [PSYoungGen: 162467K->0K(175104K)] [ParOldGen: 490233K->465178K(524288K)] 652701K->465178K(699392K), [Metaspace: 43840K->43840K(1087488K)], 0.0508591 secs] [Times: user=0.40 sys=0.00, real=0.05 secs] 
2016-09-25T22:45:27.193-0400: 82.008: [GC (GCLocker Initiated GC) [PSYoungGen: 88064K->86681K(175104K)] 556020K->557337K(699392K), 0.0082844 secs] [Times: user=0.12 sys=0.01, real=0.01 secs] 
2016-09-25T22:45:27.240-0400: 82.055: [GC (GCLocker Initiated GC) [PSYoungGen: 174745K->55245K(175104K)] 645508K->570359K(699392K), 0.0122388 secs] [Times: user=0.17 sys=0.00, real=0.01 secs] 
2016-09-25T22:45:27.252-0400: 82.067: [Full GC (Ergonomics) [PSYoungGen: 55245K->0K(175104K)] [ParOldGen: 515113K->470176K(524288K)] 570359K->470176K(699392K), [Metaspace: 43840K->43840K(1087488K)], 0.0491346 secs] [Times: user=0.43 sys=0.00, real=0.05 secs] 
2016-09-25T22:45:27.345-0400: 82.160: [Full GC (Ergonomics) [PSYoungGen: 88064K->0K(175104K)] [ParOldGen: 478316K->479045K(524288K)] 566380K->479045K(699392K), [Metaspace: 43840K->43840K(1087488K)], 0.0591906 secs] [Times: user=0.57 sys=0.00, real=0.06 secs] 
2016-09-25T22:45:27.446-0400: 82.261: [Full GC (Ergonomics) [PSYoungGen: 88064K->0K(175104K)] [ParOldGen: 479104K->464902K(524288K)] 567168K->464902K(699392K), [Metaspace: 43840K->43840K(1087488K)], 0.0569823 secs] [Times: user=0.54 sys=0.00, real=0.06 secs] 
2016-09-25T22:45:27.544-0400: 82.359: [GC (GCLocker Initiated GC) [PSYoungGen: 88064K->77519K(175104K)] 556429K->545885K(699392K), 0.0077198 secs] [Times: user=0.13 sys=0.00, real=0.00 secs] 
2016-09-25T22:45:27.592-0400: 82.407: [GC (GCLocker Initiated GC) [PSYoungGen: 165583K->70158K(175104K)] 634346K->560617K(699392K), 0.0101097 secs] [Times: user=0.15 sys=0.00, real=0.02 secs] 
2016-09-25T22:45:27.603-0400: 82.418: [Full GC (Ergonomics) [PSYoungGen: 70158K->0K(175104K)] [ParOldGen: 490459K->470316K(524288K)] 560617K->470316K(699392K), [Metaspace: 43841K->43841K(1087488K)], 0.0503198 secs] [Times: user=0.46 sys=0.00, real=0.04 secs] 
2016-09-25T22:45:27.693-0400: 82.508: [GC (GCLocker Initiated GC) [PSYoungGen: 88064K->76040K(175104K)] 561203K->549188K(699392K), 0.0094724 secs] [Times: user=0.14 sys=0.00, real=0.02 secs] 
2016-09-25T22:45:27.739-0400: 82.554: [Full GC (Ergonomics) [PSYoungGen: 164104K->0K(175104K)] [ParOldGen: 477279K->477059K(524288K)] 641383K->477059K(699392K), [Metaspace: 43856K->43856K(1087488K)], 0.0602322 secs] [Times: user=0.53 sys=0.01, real=0.06 secs] 
2016-09-25T22:45:27.852-0400: 82.667: [Full GC (Ergonomics) [PSYoungGen: 88064K->0K(175104K)] [ParOldGen: 483991K->472250K(524288K)] 572055K->472250K(699392K), [Metaspace: 43856K->43856K(1087488K)], 0.0595895 secs] [Times: user=0.51 sys=0.01, real=0.06 secs] 
2016-09-25T22:45:27.956-0400: 82.771: [Full GC (Ergonomics) [PSYoungGen: 88064K->0K(175104K)] [ParOldGen: 476584K->467436K(524288K)] 564648K->467436K(699392K), [Metaspace: 43856K->43856K(1087488K)], 0.0544287 secs] [Times: user=0.50 sys=0.00, real=0.05 secs] 
2016-09-25T22:45:28.046-0400: 82.861: [GC (GCLocker Initiated GC) [PSYoungGen: 88064K->86512K(175104K)] 558280K->556728K(699392K), 0.0079602 secs] [Times: user=0.07 sys=0.00, real=0.01 secs] 
2016-09-25T22:45:28.108-0400: 82.923: [Full GC (Ergonomics) [PSYoungGen: 174576K->0K(175104K)] [ParOldGen: 479883K->482269K(524288K)] 654459K->482269K(699392K), [Metaspace: 43856K->43856K(1087488K)], 0.0486070 secs] [Times: user=0.42 sys=0.00, real=0.05 secs] 
2016-09-25T22:45:28.204-0400: 83.019: [Full GC (Ergonomics) [PSYoungGen: 88064K->0K(175104K)] [ParOldGen: 487790K->468030K(524288K)] 575854K->468030K(699392K), [Metaspace: 43856K->43856K(1087488K)], 0.0508083 secs] [Times: user=0.46 sys=0.00, real=0.05 secs] 
2016-09-25T22:45:28.297-0400: 83.112: [GC (GCLocker Initiated GC) [PSYoungGen: 88064K->77005K(175104K)] 561513K->550454K(699392K), 0.0094293 secs] [Times: user=0.13 sys=0.01, real=0.01 secs] 
2016-09-25T22:45:28.341-0400: 83.156: [GC (GCLocker Initiated GC) [PSYoungGen: 165069K->70123K(175104K)] 644169K->569076K(699392K), 0.0083360 secs] [Times: user=0.10 sys=0.01, real=0.01 secs] 
2016-09-25T22:45:28.350-0400: 83.165: [Full GC (Ergonomics) [PSYoungGen: 70123K->0K(175104K)] [ParOldGen: 498952K->486710K(524288K)] 569076K->486710K(699392K), [Metaspace: 43857K->43857K(1087488K)], 0.0565625 secs] [Times: user=0.59 sys=0.00, real=0.06 secs] 
2016-09-25T22:45:28.451-0400: 83.266: [Full GC (Ergonomics) [PSYoungGen: 88064K->0K(175104K)] [ParOldGen: 488128K->475916K(524288K)] 576192K->475916K(699392K), [Metaspace: 43857K->43857K(1087488K)], 0.1327036 secs] [Times: user=1.87 sys=0.00, real=0.14 secs] 
2016-09-25T22:45:28.633-0400: 83.448: [Full GC (Ergonomics) [PSYoungGen: 88064K->0K(175104K)] [ParOldGen: 482741K->476507K(524288K)] 570805K->476507K(699392K), [Metaspace: 43857K->43857K(1087488K)], 0.0545843 secs] [Times: user=0.53 sys=0.00, real=0.06 secs] 
2016-09-25T22:45:28.724-0400: 83.539: [GC (GCLocker Initiated GC) [PSYoungGen: 88064K->83945K(175104K)] 564635K->560517K(699392K), 0.0079680 secs] [Times: user=0.11 sys=0.00, real=0.00 secs] 
2016-09-25T22:45:28.783-0400: 83.598: [Full GC (Ergonomics) [PSYoungGen: 172009K->0K(175104K)] [ParOldGen: 488824K->477799K(524288K)] 660834K->477799K(699392K), [Metaspace: 43857K->43857K(1087488K)], 0.0602302 secs] [Times: user=0.61 sys=0.00, real=0.06 secs] 
2016-09-25T22:45:28.883-0400: 83.698: [GC (GCLocker Initiated GC) [PSYoungGen: 88064K->67555K(175104K)] 565979K->545471K(699392K), 0.0067557 secs] [Times: user=0.09 sys=0.00, real=0.00 secs] 
2016-09-25T22:45:28.921-0400: 83.736: [GC (GCLocker Initiated GC) [PSYoungGen: 155619K->66109K(175104K)] 633570K->572045K(699392K), 0.0090188 secs] [Times: user=0.13 sys=0.00, real=0.01 secs] 
2016-09-25T22:45:28.931-0400: 83.746: [Full GC (Ergonomics) [PSYoungGen: 66109K->0K(175104K)] [ParOldGen: 505935K->478940K(524288K)] 572045K->478940K(699392K), [Metaspace: 43857K->43857K(1087488K)], 0.0595903 secs] [Times: user=0.63 sys=0.00, real=0.06 secs] 
2016-09-25T22:45:29.032-0400: 83.847: [Full GC (Ergonomics) [PSYoungGen: 88064K->0K(175104K)] [ParOldGen: 484581K->482205K(524288K)] 572645K->482205K(699392K), [Metaspace: 43857K->43857K(1087488K)], 0.0504789 secs] [Times: user=0.47 sys=0.00, real=0.06 secs] 
2016-09-25T22:45:29.128-0400: 83.943: [Full GC (Ergonomics) [PSYoungGen: 88064K->0K(175104K)] [ParOldGen: 486261K->471928K(524288K)] 574325K->471928K(699392K), [Metaspace: 43857K->43857K(1087488K)], 0.0538729 secs] [Times: user=0.41 sys=0.00, real=0.05 secs] 
2016-09-25T22:45:29.211-0400: 84.026: [GC (GCLocker Initiated GC) [PSYoungGen: 88064K->85357K(175104K)] 560100K->570894K(699392K), 0.0096269 secs] [Times: user=0.14 sys=0.00, real=0.01 secs] 
2016-09-25T22:45:29.221-0400: 84.036: [Full GC (Ergonomics) [PSYoungGen: 85357K->0K(175104K)] [ParOldGen: 485537K->488810K(524288K)] 570894K->488810K(699392K), [Metaspace: 43857K->43857K(1087488K)], 0.0497859 secs] [Times: user=0.45 sys=0.00, real=0.05 secs] 
2016-09-25T22:45:29.320-0400: 84.135: [Full GC (Ergonomics) [PSYoungGen: 88064K->0K(175104K)] [ParOldGen: 494837K->482769K(524288K)] 582901K->482769K(699392K), [Metaspace: 43862K->43862K(1087488K)], 0.0554133 secs] [Times: user=0.48 sys=0.00, real=0.06 secs] 
2016-09-25T22:45:29.421-0400: 84.236: [Full GC (Ergonomics) [PSYoungGen: 88064K->0K(175104K)] [ParOldGen: 484288K->473654K(524288K)] 572352K->473654K(699392K), [Metaspace: 43863K->43863K(1087488K)], 0.0591807 secs] [Times: user=0.54 sys=0.00, real=0.06 secs] 
2016-09-25T22:45:29.518-0400: 84.333: [GC (GCLocker Initiated GC) [PSYoungGen: 88064K->82406K(175104K)] 561777K->556119K(699392K), 0.0073348 secs] [Times: user=0.11 sys=0.00, real=0.01 secs] 
2016-09-25T22:45:29.560-0400: 84.375: [GC (GCLocker Initiated GC) [PSYoungGen: 170470K->83724K(175104K)] 649762K->574778K(699392K), 0.0081755 secs] [Times: user=0.13 sys=0.00, real=0.01 secs] 
2016-09-25T22:45:29.569-0400: 84.384: [Full GC (Ergonomics) [PSYoungGen: 83724K->0K(175104K)] [ParOldGen: 491054K->493720K(524288K)] 574778K->493720K(699392K), [Metaspace: 43863K->43863K(1087488K)], 0.0631149 secs] [Times: user=0.58 sys=0.00, real=0.06 secs] 
2016-09-25T22:45:29.682-0400: 84.497: [Full GC (Ergonomics) [PSYoungGen: 88064K->0K(175104K)] [ParOldGen: 499434K->486232K(524288K)] 587498K->486232K(699392K), [Metaspace: 43863K->43863K(1087488K)], 0.0493147 secs] [Times: user=0.45 sys=0.00, real=0.05 secs] 
2016-09-25T22:45:29.782-0400: 84.597: [Full GC (Ergonomics) [PSYoungGen: 88064K->0K(175104K)] [ParOldGen: 493049K->478514K(524288K)] 581113K->478514K(699392K), [Metaspace: 43864K->43864K(1087488K)], 0.0541251 secs] [Times: user=0.45 sys=0.00, real=0.05 secs] 
2016-09-25T22:45:29.875-0400: 84.690: [GC (GCLocker Initiated GC) [PSYoungGen: 88064K->86679K(175104K)] 566727K->570743K(699392K), 0.0100534 secs] [Times: user=0.15 sys=0.00, real=0.01 secs] 
2016-09-25T22:45:29.931-0400: 84.746: [GC (GCLocker Initiated GC) [PSYoungGen: 174743K->51101K(175104K)] 659125K->574444K(699392K), 0.0081590 secs] [Times: user=0.11 sys=0.01, real=0.01 secs] 
2016-09-25T22:45:29.939-0400: 84.754: [Full GC (Ergonomics) [PSYoungGen: 51101K->0K(175104K)] [ParOldGen: 523342K->479637K(524288K)] 574444K->479637K(699392K), [Metaspace: 43864K->43864K(1087488K)], 0.0565446 secs] [Times: user=0.53 sys=0.01, real=0.06 secs] 
2016-09-25T22:45:30.035-0400: 84.850: [Full GC (Ergonomics) [PSYoungGen: 88064K->0K(175104K)] [ParOldGen: 479694K->482825K(524288K)] 567758K->482825K(699392K), [Metaspace: 43864K->43864K(1087488K)], 0.0542921 secs] [Times: user=0.50 sys=0.00, real=0.05 secs] 
2016-09-25T22:45:30.128-0400: 84.943: [Full GC (Ergonomics) [PSYoungGen: 88064K->0K(175104K)] [ParOldGen: 488352K->486159K(524288K)] 576416K->486159K(699392K), [Metaspace: 43864K->43864K(1087488K)], 0.0525734 secs] [Times: user=0.48 sys=0.00, real=0.05 secs] 
2016-09-25T22:45:30.230-0400: 85.045: [Full GC (Ergonomics) [PSYoungGen: 88064K->0K(175104K)] [ParOldGen: 493063K->486749K(524288K)] 581127K->486749K(699392K), [Metaspace: 43864K->43864K(1087488K)], 0.0573318 secs] [Times: user=0.60 sys=0.00, real=0.06 secs] 
2016-09-25T22:45:30.331-0400: 85.146: [Full GC (Ergonomics) [PSYoungGen: 88064K->0K(175104K)] [ParOldGen: 489556K->484520K(524288K)] 577620K->484520K(699392K), [Metaspace: 43864K->43864K(1087488K)], 0.0557798 secs] [Times: user=0.56 sys=0.00, real=0.06 secs] 
2016-09-25T22:45:30.435-0400: 85.250: [Full GC (Ergonomics) [PSYoungGen: 88064K->0K(175104K)] [ParOldGen: 484550K->479610K(524288K)] 572614K->479610K(699392K), [Metaspace: 43866K->43866K(1087488K)], 0.0559910 secs] [Times: user=0.49 sys=0.00, real=0.05 secs] 
2016-09-25T22:45:30.519-0400: 85.334: [Full GC (Ergonomics) [PSYoungGen: 88064K->0K(175104K)] [ParOldGen: 479802K->493762K(524288K)] 567866K->493762K(699392K), [Metaspace: 43866K->43866K(1087488K)], 0.0494292 secs] [Times: user=0.37 sys=0.01, real=0.05 secs] 
2016-09-25T22:45:30.611-0400: 85.426: [Full GC (Ergonomics) [PSYoungGen: 88064K->0K(175104K)] [ParOldGen: 494495K->486264K(524288K)] 582559K->486264K(699392K), [Metaspace: 43866K->43866K(1087488K)], 0.0518670 secs] [Times: user=0.40 sys=0.00, real=0.06 secs] 
2016-09-25T22:45:30.703-0400: 85.518: [Full GC (Ergonomics) [PSYoungGen: 88064K->0K(175104K)] [ParOldGen: 493066K->489406K(524288K)] 581130K->489406K(699392K), [Metaspace: 43866K->43866K(1087488K)], 0.0566957 secs] [Times: user=0.50 sys=0.00, real=0.05 secs] 
2016-09-25T22:45:30.811-0400: 85.626: [Full GC (Ergonomics) [PSYoungGen: 88064K->0K(175104K)] [ParOldGen: 492156K->482399K(524288K)] 580220K->482399K(699392K), [Metaspace: 43866K->43866K(1087488K)], 0.1198355 secs] [Times: user=1.64 sys=0.01, real=0.12 secs] 
2016-09-25T22:45:30.965-0400: 85.780: [Full GC (Ergonomics) [PSYoungGen: 88064K->0K(175104K)] [ParOldGen: 482513K->485612K(524288K)] 570577K->485612K(699392K), [Metaspace: 43866K->43866K(1087488K)], 0.0594942 secs] [Times: user=0.54 sys=0.01, real=0.06 secs] 
2016-09-25T22:45:31.067-0400: 85.882: [Full GC (Ergonomics) [PSYoungGen: 88064K->0K(175104K)] [ParOldGen: 488348K->494320K(524288K)] 576412K->494320K(699392K), [Metaspace: 43866K->43866K(1087488K)], 0.0609192 secs] [Times: user=0.56 sys=0.00, real=0.06 secs] 
2016-09-25T22:45:31.172-0400: 85.987: [Full GC (Ergonomics) [PSYoungGen: 88064K->0K(175104K)] [ParOldGen: 494441K->484013K(524288K)] 582505K->484013K(699392K), [Metaspace: 43866K->43866K(1087488K)], 0.0545215 secs] [Times: user=0.44 sys=0.00, real=0.06 secs] 
2016-09-25T22:45:31.257-0400: 86.072: [Full GC (Ergonomics) [PSYoungGen: 88064K->0K(175104K)] [ParOldGen: 484130K->495417K(524288K)] 572194K->495417K(699392K), [Metaspace: 43866K->43866K(1087488K)], 0.0588568 secs] [Times: user=0.55 sys=0.01, real=0.06 secs] 
2016-09-25T22:45:31.362-0400: 86.177: [Full GC (Ergonomics) [PSYoungGen: 88064K->0K(175104K)] [ParOldGen: 513061K->498829K(524288K)] 601125K->498829K(699392K), [Metaspace: 43866K->43866K(1087488K)], 0.0589092 secs] [Times: user=0.57 sys=0.00, real=0.06 secs] 
2016-09-25T22:45:31.476-0400: 86.291: [Full GC (Ergonomics) [PSYoungGen: 88064K->0K(175104K)] [ParOldGen: 505937K->483151K(524288K)] 594001K->483151K(699392K), [Metaspace: 43866K->43866K(1087488K)], 0.0572545 secs] [Times: user=0.52 sys=0.01, real=0.05 secs] 
2016-09-25T22:45:31.577-0400: 86.392: [Full GC (Ergonomics) [PSYoungGen: 88064K->0K(175104K)] [ParOldGen: 491462K->489027K(524288K)] 579526K->489027K(699392K), [Metaspace: 43866K->43866K(1087488K)], 0.0565290 secs] [Times: user=0.51 sys=0.00, real=0.05 secs] 
2016-09-25T22:45:31.668-0400: 86.483: [Full GC (Ergonomics) [PSYoungGen: 88064K->0K(175104K)] [ParOldGen: 489072K->492336K(524288K)] 577136K->492336K(699392K), [Metaspace: 43866K->43866K(1087488K)], 0.0507172 secs] [Times: user=0.48 sys=0.00, real=0.05 secs] 
2016-09-25T22:45:31.763-0400: 86.578: [Full GC (Ergonomics) [PSYoungGen: 88064K->0K(175104K)] [ParOldGen: 493759K->490215K(524288K)] 581823K->490215K(699392K), [Metaspace: 43866K->43866K(1087488K)], 0.0523076 secs] [Times: user=0.47 sys=0.00, real=0.05 secs] 
2016-09-25T22:45:31.852-0400: 86.667: [Full GC (Ergonomics) [PSYoungGen: 88064K->0K(175104K)] [ParOldGen: 498418K->498859K(524288K)] 586482K->498859K(699392K), [Metaspace: 43866K->43866K(1087488K)], 0.0526420 secs] [Times: user=0.49 sys=0.00, real=0.06 secs] 
2016-09-25T22:45:31.946-0400: 86.761: [Full GC (Ergonomics) [PSYoungGen: 88064K->0K(175104K)] [ParOldGen: 498948K->494004K(524288K)] 587012K->494004K(699392K), [Metaspace: 43871K->43871K(1087488K)], 0.0610621 secs] [Times: user=0.65 sys=0.00, real=0.06 secs] 
2016-09-25T22:45:32.053-0400: 86.868: [Full GC (Ergonomics) [PSYoungGen: 88064K->0K(175104K)] [ParOldGen: 505060K->493283K(524288K)] 593124K->493283K(699392K), [Metaspace: 43871K->43871K(1087488K)], 0.0540015 secs] [Times: user=0.52 sys=0.00, real=0.06 secs] 
2016-09-25T22:45:32.143-0400: 86.958: [Full GC (Ergonomics) [PSYoungGen: 88064K->0K(175104K)] [ParOldGen: 493312K->486954K(524288K)] 581376K->486954K(699392K), [Metaspace: 43900K->43900K(1087488K)], 0.0523165 secs] [Times: user=0.46 sys=0.00, real=0.05 secs] 
2016-09-25T22:45:32.236-0400: 87.051: [Full GC (Ergonomics) [PSYoungGen: 87004K->0K(175104K)] [ParOldGen: 489654K->498477K(524288K)] 576658K->498477K(699392K), [Metaspace: 43900K->43900K(1087488K)], 0.0579175 secs] [Times: user=0.57 sys=0.01, real=0.05 secs] 
2016-09-25T22:45:32.338-0400: 87.153: [Full GC (Ergonomics) [PSYoungGen: 88064K->0K(175104K)] [ParOldGen: 503932K->496019K(524288K)] 591996K->496019K(699392K), [Metaspace: 43900K->43900K(1087488K)], 0.0479189 secs] [Times: user=0.43 sys=0.01, real=0.05 secs] 
2016-09-25T22:45:32.425-0400: 87.240: [Full GC (Ergonomics) [PSYoungGen: 88064K->0K(175104K)] [ParOldGen: 498803K->502066K(524288K)] 586867K->502066K(699392K), [Metaspace: 43900K->43900K(1087488K)], 0.0566520 secs] [Times: user=0.56 sys=0.01, real=0.06 secs] 
2016-09-25T22:45:32.525-0400: 87.340: [Full GC (Ergonomics) [PSYoungGen: 88064K->0K(175104K)] [ParOldGen: 503550K->491760K(524288K)] 591614K->491760K(699392K), [Metaspace: 43900K->43900K(1087488K)], 0.0539766 secs] [Times: user=0.46 sys=0.00, real=0.05 secs] 
2016-09-25T22:45:32.623-0400: 87.438: [Full GC (Ergonomics) [PSYoungGen: 88064K->0K(175104K)] [ParOldGen: 494560K->492253K(524288K)] 582624K->492253K(699392K), [Metaspace: 43900K->43900K(1087488K)], 0.0561022 secs] [Times: user=0.58 sys=0.00, real=0.05 secs] 
2016-09-25T22:45:32.714-0400: 87.529: [Full GC (Ergonomics) [PSYoungGen: 88064K->0K(175104K)] [ParOldGen: 493614K->492922K(524288K)] 581678K->492922K(699392K), [Metaspace: 43900K->43900K(1087488K)], 0.0599403 secs] [Times: user=0.50 sys=0.00, real=0.06 secs] 
2016-09-25T22:45:32.814-0400: 87.629: [Full GC (Ergonomics) [PSYoungGen: 88064K->0K(175104K)] [ParOldGen: 502531K->507027K(524288K)] 590595K->507027K(699392K), [Metaspace: 43900K->43900K(1087488K)], 0.0536741 secs] [Times: user=0.48 sys=0.00, real=0.06 secs] 
2016-09-25T22:45:32.918-0400: 87.733: [Full GC (Ergonomics) [PSYoungGen: 88064K->0K(175104K)] [ParOldGen: 508463K->493909K(524288K)] 596527K->493909K(699392K), [Metaspace: 43900K->43900K(1087488K)], 0.0852386 secs] [Times: user=1.01 sys=0.01, real=0.09 secs] 
2016-09-25T22:45:33.046-0400: 87.861: [Full GC (Ergonomics) [PSYoungGen: 88064K->0K(175104K)] [ParOldGen: 496661K->494500K(524288K)] 584725K->494500K(699392K), [Metaspace: 43900K->43900K(1087488K)], 0.0552166 secs] [Times: user=0.52 sys=0.02, real=0.05 secs] 
2016-09-25T22:45:33.138-0400: 87.953: [Full GC (Ergonomics) [PSYoungGen: 88064K->0K(175104K)] [ParOldGen: 501369K->495050K(524288K)] 589433K->495050K(699392K), [Metaspace: 43900K->43900K(1087488K)], 0.0537491 secs] [Times: user=0.51 sys=0.00, real=0.05 secs] 
2016-09-25T22:45:33.233-0400: 88.048: [Full GC (Ergonomics) [PSYoungGen: 88064K->0K(175104K)] [ParOldGen: 497801K->495675K(524288K)] 585865K->495675K(699392K), [Metaspace: 43902K->43902K(1087488K)], 0.0520976 secs] [Times: user=0.47 sys=0.00, real=0.06 secs] 
2016-09-25T22:45:33.330-0400: 88.145: [Full GC (Ergonomics) [PSYoungGen: 88064K->0K(175104K)] [ParOldGen: 499827K->490799K(524288K)] 587891K->490799K(699392K), [Metaspace: 43902K->43902K(1087488K)], 0.0558316 secs] [Times: user=0.55 sys=0.01, real=0.06 secs] 
2016-09-25T22:45:33.424-0400: 88.239: [Full GC (Ergonomics) [PSYoungGen: 88064K->0K(175104K)] [ParOldGen: 496336K->499518K(524288K)] 584400K->499518K(699392K), [Metaspace: 43902K->43902K(1087488K)], 0.0578151 secs] [Times: user=0.55 sys=0.00, real=0.05 secs] 
2016-09-25T22:45:33.528-0400: 88.343: [Full GC (Ergonomics) [PSYoungGen: 88064K->0K(175104K)] [ParOldGen: 505059K->501559K(524288K)] 593123K->501559K(699392K), [Metaspace: 43902K->43902K(1087488K)], 0.0592393 secs] [Times: user=0.56 sys=0.01, real=0.06 secs] 
2016-09-25T22:45:33.631-0400: 88.446: [Full GC (Ergonomics) [PSYoungGen: 88064K->0K(175104K)] [ParOldGen: 504308K->492481K(524288K)] 592372K->492481K(699392K), [Metaspace: 43902K->43902K(1087488K)], 0.0547466 secs] [Times: user=0.53 sys=0.00, real=0.06 secs] 
2016-09-25T22:45:33.723-0400: 88.538: [Full GC (Ergonomics) [PSYoungGen: 88064K->0K(175104K)] [ParOldGen: 492613K->499858K(524288K)] 580677K->499858K(699392K), [Metaspace: 43902K->43902K(1087488K)], 0.0541606 secs] [Times: user=0.54 sys=0.01, real=0.05 secs] 
2016-09-25T22:45:33.821-0400: 88.636: [Full GC (Ergonomics) [PSYoungGen: 88064K->0K(175104K)] [ParOldGen: 510759K->504478K(524288K)] 598823K->504478K(699392K), [Metaspace: 43913K->43913K(1087488K)], 0.0576137 secs] [Times: user=0.54 sys=0.01, real=0.06 secs] 
2016-09-25T22:45:33.923-0400: 88.738: [Full GC (Ergonomics) [PSYoungGen: 88064K->0K(175104K)] [ParOldGen: 519429K->513182K(524288K)] 607493K->513182K(699392K), [Metaspace: 43913K->43913K(1087488K)], 0.0530983 secs] [Times: user=0.45 sys=0.01, real=0.05 secs] 
2016-09-25T22:45:34.022-0400: 88.837: [Full GC (Ergonomics) [PSYoungGen: 88064K->0K(175104K)] [ParOldGen: 522632K->497627K(524288K)] 610696K->497627K(699392K), [Metaspace: 43913K->43913K(1087488K)], 0.0598671 secs] [Times: user=0.54 sys=0.02, real=0.06 secs] 
2016-09-25T22:45:34.130-0400: 88.946: [Full GC (Ergonomics) [PSYoungGen: 88064K->0K(175104K)] [ParOldGen: 507174K->495445K(524288K)] 595238K->495445K(699392K), [Metaspace: 43913K->43913K(1087488K)], 0.0566986 secs] [Times: user=0.51 sys=0.00, real=0.06 secs] 
2016-09-25T22:45:34.222-0400: 89.037: [Full GC (Ergonomics) [PSYoungGen: 88064K->0K(175104K)] [ParOldGen: 495590K->501380K(524288K)] 583654K->501380K(699392K), [Metaspace: 43913K->43913K(1087488K)], 0.0524840 secs] [Times: user=0.49 sys=0.00, real=0.06 secs] 
2016-09-25T22:45:34.322-0400: 89.137: [Full GC (Ergonomics) [PSYoungGen: 88064K->0K(175104K)] [ParOldGen: 501754K->502051K(524288K)] 589818K->502051K(699392K), [Metaspace: 43913K->43913K(1087488K)], 0.0594386 secs] [Times: user=0.59 sys=0.02, real=0.06 secs] 
2016-09-25T22:45:34.421-0400: 89.236: [Full GC (Ergonomics) [PSYoungGen: 88064K->0K(175104K)] [ParOldGen: 504806K->505313K(524288K)] 592870K->505313K(699392K), [Metaspace: 43913K->43913K(1087488K)], 0.0677458 secs] [Times: user=0.59 sys=0.01, real=0.07 secs] 
2016-09-25T22:45:34.529-0400: 89.344: [Full GC (Ergonomics) [PSYoungGen: 88064K->0K(175104K)] [ParOldGen: 512121K->508682K(524288K)] 600185K->508682K(699392K), [Metaspace: 43913K->43913K(1087488K)], 0.0585698 secs] [Times: user=0.48 sys=0.00, real=0.06 secs] 
2016-09-25T22:45:34.632-0400: 89.447: [Full GC (Ergonomics) [PSYoungGen: 88064K->0K(175104K)] [ParOldGen: 512851K->498407K(524288K)] 600915K->498407K(699392K), [Metaspace: 43913K->43913K(1087488K)], 0.0549744 secs] [Times: user=0.40 sys=0.01, real=0.06 secs] 
2016-09-25T22:45:34.723-0400: 89.538: [Full GC (Ergonomics) [PSYoungGen: 88064K->0K(175104K)] [ParOldGen: 501185K->509825K(524288K)] 589249K->509825K(699392K), [Metaspace: 43913K->43913K(1087488K)], 0.0577688 secs] [Times: user=0.54 sys=0.00, real=0.05 secs] 
2016-09-25T22:45:34.826-0400: 89.641: [Full GC (Ergonomics) [PSYoungGen: 88064K->0K(175104K)] [ParOldGen: 514026K->513192K(524288K)] 602090K->513192K(699392K), [Metaspace: 43913K->43913K(1087488K)], 0.0530524 secs] [Times: user=0.46 sys=0.01, real=0.05 secs] 
2016-09-25T22:45:34.926-0400: 89.741: [Full GC (Ergonomics) [PSYoungGen: 88064K->0K(175104K)] [ParOldGen: 515992K->510991K(524288K)] 604056K->510991K(699392K), [Metaspace: 43913K->43913K(1087488K)], 0.0581493 secs] [Times: user=0.53 sys=0.01, real=0.06 secs] 
2016-09-25T22:45:35.020-0400: 89.835: [Full GC (Ergonomics) [PSYoungGen: 88064K->0K(175104K)] [ParOldGen: 511031K->508777K(524288K)] 599095K->508777K(699392K), [Metaspace: 43913K->43913K(1087488K)], 0.0927357 secs] [Times: user=1.15 sys=0.02, real=0.09 secs] 
2016-09-25T22:45:35.148-0400: 89.963: [Full GC (Ergonomics) [PSYoungGen: 88064K->0K(175104K)] [ParOldGen: 518357K->517538K(524288K)] 606421K->517538K(699392K), [Metaspace: 43913K->43913K(1087488K)], 0.0579904 secs] [Times: user=0.52 sys=0.00, real=0.06 secs] 
2016-09-25T22:45:35.263-0400: 90.078: [Full GC (Ergonomics) [PSYoungGen: 88064K->0K(175104K)] [ParOldGen: 523173K->504642K(524288K)] 611237K->504642K(699392K), [Metaspace: 43913K->43913K(1087488K)], 0.0527511 secs] [Times: user=0.48 sys=0.00, real=0.05 secs] 
2016-09-25T22:45:35.354-0400: 90.169: [Full GC (Ergonomics) [PSYoungGen: 88064K->0K(175104K)] [ParOldGen: 504669K->502411K(524288K)] 592733K->502411K(699392K), [Metaspace: 43913K->43913K(1087488K)], 0.0565187 secs] [Times: user=0.59 sys=0.01, real=0.06 secs] 
2016-09-25T22:45:35.447-0400: 90.262: [Full GC (Ergonomics) [PSYoungGen: 88064K->0K(175104K)] [ParOldGen: 505298K->516657K(524288K)] 593362K->516657K(699392K), [Metaspace: 43913K->43913K(1087488K)], 0.0537029 secs] [Times: user=0.50 sys=0.00, real=0.05 secs] 
2016-09-25T22:45:35.546-0400: 90.361: [Full GC (Ergonomics) [PSYoungGen: 88064K->0K(175104K)] [ParOldGen: 522243K->514534K(524288K)] 610307K->514534K(699392K), [Metaspace: 43913K->43913K(1087488K)], 0.0539591 secs] [Times: user=0.53 sys=0.00, real=0.05 secs] 
2016-09-25T22:45:35.646-0400: 90.461: [Full GC (Ergonomics) [PSYoungGen: 88064K->0K(175104K)] [ParOldGen: 515939K->506971K(524288K)] 604003K->506971K(699392K), [Metaspace: 43913K->43913K(1087488K)], 0.0587210 secs] [Times: user=0.61 sys=0.00, real=0.06 secs] 
2016-09-25T22:45:35.747-0400: 90.562: [Full GC (Ergonomics) [PSYoungGen: 88064K->0K(175104K)] [ParOldGen: 509946K->498176K(524288K)] 598010K->498176K(699392K), [Metaspace: 43913K->43913K(1087488K)], 0.0531742 secs] [Times: user=0.48 sys=0.00, real=0.05 secs] 
2016-09-25T22:45:35.845-0400: 90.660: [Full GC (Ergonomics) [PSYoungGen: 88064K->0K(175104K)] [ParOldGen: 500929K->505379K(524288K)] 588993K->505379K(699392K), [Metaspace: 43913K->43913K(1087488K)], 0.0530439 secs] [Times: user=0.48 sys=0.00, real=0.05 secs] 
2016-09-25T22:45:35.935-0400: 90.750: [Full GC (Ergonomics) [PSYoungGen: 88064K->0K(175104K)] [ParOldGen: 512238K->511510K(524288K)] 600302K->511510K(699392K), [Metaspace: 43913K->43913K(1087488K)], 0.0606529 secs] [Times: user=0.56 sys=0.00, real=0.06 secs] 
2016-09-25T22:45:36.034-0400: 90.849: [Full GC (Ergonomics) [PSYoungGen: 88064K->0K(175104K)] [ParOldGen: 511573K->509366K(524288K)] 599637K->509366K(699392K), [Metaspace: 43913K->43913K(1087488K)], 0.0677548 secs] [Times: user=0.61 sys=0.00, real=0.07 secs] 
2016-09-25T22:45:36.147-0400: 90.962: [Full GC (Ergonomics) [PSYoungGen: 88064K->0K(175104K)] [ParOldGen: 518920K->515493K(524288K)] 606984K->515493K(699392K), [Metaspace: 43913K->43913K(1087488K)], 0.0555291 secs] [Times: user=0.50 sys=0.01, real=0.06 secs] 
2016-09-25T22:45:36.243-0400: 91.058: [Full GC (Ergonomics) [PSYoungGen: 88064K->0K(175104K)] [ParOldGen: 523289K->508299K(524288K)] 611353K->508299K(699392K), [Metaspace: 43913K->43913K(1087488K)], 0.0522394 secs] [Times: user=0.46 sys=0.00, real=0.05 secs] 
2016-09-25T22:45:36.355-0400: 91.170: [Full GC (Ergonomics) [PSYoungGen: 88064K->0K(175104K)] [ParOldGen: 515100K->511284K(524288K)] 603164K->511284K(699392K), [Metaspace: 43913K->43913K(1087488K)], 0.0573803 secs] [Times: user=0.54 sys=0.01, real=0.05 secs] 
2016-09-25T22:45:36.450-0400: 91.265: [Full GC (Ergonomics) [PSYoungGen: 88064K->0K(175104K)] [ParOldGen: 511427K->514530K(524288K)] 599491K->514530K(699392K), [Metaspace: 43913K->43913K(1087488K)], 0.0559360 secs] [Times: user=0.55 sys=0.01, real=0.06 secs] 
2016-09-25T22:45:36.550-0400: 91.365: [Full GC (Ergonomics) [PSYoungGen: 88064K->0K(175104K)] [ParOldGen: 518972K->509623K(524288K)] 607036K->509623K(699392K), [Metaspace: 43913K->43913K(1087488K)], 0.0570602 secs] [Times: user=0.57 sys=0.01, real=0.06 secs] 
2016-09-25T22:45:36.642-0400: 91.457: [Full GC (Ergonomics) [PSYoungGen: 88064K->0K(175104K)] [ParOldGen: 512504K->518260K(524288K)] 600568K->518260K(699392K), [Metaspace: 43913K->43913K(1087488K)], 0.0602013 secs] [Times: user=0.63 sys=0.01, real=0.06 secs] 
2016-09-25T22:45:36.746-0400: 91.561: [Full GC (Ergonomics) [PSYoungGen: 88064K->0K(175104K)] [ParOldGen: 521172K->516216K(524288K)] 609236K->516216K(699392K), [Metaspace: 43913K->43913K(1087488K)], 0.0577817 secs] [Times: user=0.51 sys=0.01, real=0.06 secs] 
2016-09-25T22:45:36.846-0400: 91.661: [Full GC (Ergonomics) [PSYoungGen: 88064K->0K(175104K)] [ParOldGen: 521731K->511390K(524288K)] 609795K->511390K(699392K), [Metaspace: 43913K->43913K(1087488K)], 0.0541707 secs] [Times: user=0.54 sys=0.00, real=0.05 secs] 
2016-09-25T22:45:36.946-0400: 91.761: [Full GC (Ergonomics) [PSYoungGen: 88064K->0K(175104K)] [ParOldGen: 514173K->514637K(524288K)] 602237K->514637K(699392K), [Metaspace: 43922K->43922K(1087488K)], 0.0524693 secs] [Times: user=0.47 sys=0.00, real=0.05 secs] 
2016-09-25T22:45:37.047-0400: 91.862: [Full GC (Ergonomics) [PSYoungGen: 88064K->0K(175104K)] [ParOldGen: 521496K->515331K(524288K)] 609560K->515331K(699392K), [Metaspace: 43922K->43922K(1087488K)], 0.0524294 secs] [Times: user=0.48 sys=0.01, real=0.05 secs] 
2016-09-25T22:45:37.137-0400: 91.952: [Full GC (Ergonomics) [PSYoungGen: 88064K->0K(175104K)] [ParOldGen: 515418K->515704K(524288K)] 603482K->515704K(699392K), [Metaspace: 43922K->43922K(1087488K)], 0.0838339 secs] [Times: user=1.01 sys=0.00, real=0.08 secs] 
2016-09-25T22:45:37.263-0400: 92.078: [Full GC (Ergonomics) [PSYoungGen: 88064K->0K(175104K)] [ParOldGen: 518470K->519071K(524288K)] 606534K->519071K(699392K), [Metaspace: 43922K->43922K(1087488K)], 0.0597895 secs] [Times: user=0.61 sys=0.00, real=0.06 secs] 
2016-09-25T22:45:37.370-0400: 92.185: [Full GC (Ergonomics) [PSYoungGen: 88064K->0K(175104K)] [ParOldGen: 521832K->511519K(524288K)] 609896K->511519K(699392K), [Metaspace: 43922K->43922K(1087488K)], 0.0584219 secs] [Times: user=0.58 sys=0.00, real=0.06 secs] 
2016-09-25T22:45:37.465-0400: 92.280: [Full GC (Ergonomics) [PSYoungGen: 86958K->0K(175104K)] [ParOldGen: 512869K->514802K(524288K)] 599828K->514802K(699392K), [Metaspace: 43922K->43922K(1087488K)], 0.0540983 secs] [Times: user=0.49 sys=0.00, real=0.05 secs] 
2016-09-25T22:45:37.561-0400: 92.376: [Full GC (Ergonomics) [PSYoungGen: 88064K->0K(175104K)] [ParOldGen: 519106K->520890K(524288K)] 607170K->520890K(699392K), [Metaspace: 43923K->43923K(1087488K)], 0.0554270 secs] [Times: user=0.49 sys=0.01, real=0.06 secs] 
2016-09-25T22:45:37.661-0400: 92.476: [Full GC (Ergonomics) [PSYoungGen: 88064K->0K(175104K)] [ParOldGen: 521004K->518793K(524288K)] 609068K->518793K(699392K), [Metaspace: 43923K->43923K(1087488K)], 0.0594026 secs] [Times: user=0.52 sys=0.01, real=0.06 secs] 
2016-09-25T22:45:37.765-0400: 92.580: [Full GC (Ergonomics) [PSYoungGen: 88064K->0K(175104K)] [ParOldGen: 523153K->516987K(524288K)] 611217K->516987K(699392K), [Metaspace: 43923K->43923K(1087488K)], 0.0585054 secs] [Times: user=0.53 sys=0.00, real=0.06 secs] 
2016-09-25T22:45:37.867-0400: 92.682: [Full GC (Ergonomics) [PSYoungGen: 88064K->0K(175104K)] [ParOldGen: 519704K->514646K(524288K)] 607768K->514646K(699392K), [Metaspace: 43923K->43923K(1087488K)], 0.0569324 secs] [Times: user=0.53 sys=0.00, real=0.06 secs] 
2016-09-25T22:45:37.965-0400: 92.780: [Full GC (Ergonomics) [PSYoungGen: 88064K->0K(175104K)] [ParOldGen: 524206K->518217K(524288K)] 612270K->518217K(699392K), [Metaspace: 43923K->43923K(1087488K)], 0.0551759 secs] [Times: user=0.50 sys=0.00, real=0.05 secs] 
2016-09-25T22:45:38.068-0400: 92.883: [Full GC (Ergonomics) [PSYoungGen: 88064K->0K(175104K)] [ParOldGen: 522362K->516267K(524288K)] 610426K->516267K(699392K), [Metaspace: 43923K->43923K(1087488K)], 0.0578573 secs] [Times: user=0.46 sys=0.01, real=0.06 secs] 
2016-09-25T22:45:38.175-0400: 92.990: [Full GC (Ergonomics) [PSYoungGen: 88064K->0K(175104K)] [ParOldGen: 523133K->519550K(524288K)] 611197K->519550K(699392K), [Metaspace: 43923K->43923K(1087488K)], 0.0560141 secs] [Times: user=0.52 sys=0.00, real=0.05 secs] 
2016-09-25T22:45:38.269-0400: 93.084: [Full GC (Ergonomics) [PSYoungGen: 88064K->0K(175104K)] [ParOldGen: 519619K->517584K(524288K)] 607683K->517584K(699392K), [Metaspace: 43923K->43923K(1087488K)], 0.0522942 secs] [Times: user=0.46 sys=0.01, real=0.05 secs] 
2016-09-25T22:45:38.360-0400: 93.175: [Full GC (Ergonomics) [PSYoungGen: 88064K->4118K(175104K)] [ParOldGen: 523065K->523525K(524288K)] 611129K->527644K(699392K), [Metaspace: 43923K->43923K(1087488K)], 0.0981781 secs] [Times: user=1.26 sys=0.01, real=0.10 secs] 
2016-09-25T22:45:38.506-0400: 93.321: [Full GC (Ergonomics) [PSYoungGen: 88064K->0K(175104K)] [ParOldGen: 523903K->517507K(524288K)] 611967K->517507K(699392K), [Metaspace: 43923K->43923K(1087488K)], 0.0586563 secs] [Times: user=0.55 sys=0.00, real=0.06 secs] 
2016-09-25T22:45:38.609-0400: 93.424: [Full GC (Ergonomics) [PSYoungGen: 88063K->0K(175104K)] [ParOldGen: 517564K->518233K(524288K)] 605628K->518233K(699392K), [Metaspace: 43923K->43923K(1087488K)], 0.0518009 secs] [Times: user=0.50 sys=0.00, real=0.05 secs] 
2016-09-25T22:45:38.698-0400: 93.513: [Full GC (Ergonomics) [PSYoungGen: 88064K->6750K(175104K)] [ParOldGen: 521103K->522646K(524288K)] 609167K->529397K(699392K), [Metaspace: 43923K->43923K(1087488K)], 0.1531362 secs] [Times: user=2.22 sys=0.02, real=0.15 secs] 
2016-09-25T22:45:38.906-0400: 93.721: [Full GC (Ergonomics) [PSYoungGen: 87319K->0K(175104K)] [ParOldGen: 522646K->516584K(524288K)] 609966K->516584K(699392K), [Metaspace: 43923K->43923K(1087488K)], 0.0593765 secs] [Times: user=0.55 sys=0.01, real=0.06 secs] 
2016-09-25T22:45:39.001-0400: 93.816: [Full GC (Ergonomics) [PSYoungGen: 88064K->1350K(175104K)] [ParOldGen: 522039K->523821K(524288K)] 610103K->525171K(699392K), [Metaspace: 43923K->43923K(1087488K)], 0.1606259 secs] [Times: user=2.32 sys=0.01, real=0.17 secs] 
2016-09-25T22:45:39.212-0400: 94.027: [Full GC (Ergonomics) [PSYoungGen: 88064K->2706K(175104K)] [ParOldGen: 524179K->523286K(524288K)] 612243K->525993K(699392K), [Metaspace: 43923K->43923K(1087488K)], 0.1553468 secs] [Times: user=2.18 sys=0.02, real=0.16 secs] 
2016-09-25T22:45:39.415-0400: 94.230: [Full GC (Ergonomics) [PSYoungGen: 87492K->0K(175104K)] [ParOldGen: 523286K->519911K(524288K)] 610778K->519911K(699392K), [Metaspace: 43923K->43923K(1087488K)], 0.0566580 secs] [Times: user=0.57 sys=0.01, real=0.05 secs] 
2016-09-25T22:45:39.515-0400: 94.330: [Full GC (Ergonomics) [PSYoungGen: 88029K->0K(175104K)] [ParOldGen: 523961K->522090K(524288K)] 611991K->522090K(699392K), [Metaspace: 43923K->43923K(1087488K)], 0.0596436 secs] [Times: user=0.58 sys=0.00, real=0.06 secs] 
2016-09-25T22:45:39.627-0400: 94.442: [Full GC (Ergonomics) [PSYoungGen: 87953K->2877K(175104K)] [ParOldGen: 523440K->522244K(524288K)] 611394K->525122K(699392K), [Metaspace: 43928K->43928K(1087488K)], 0.1586632 secs] [Times: user=2.32 sys=0.02, real=0.16 secs] 
2016-09-25T22:45:39.832-0400: 94.647: [Full GC (Ergonomics) [PSYoungGen: 88064K->0K(175104K)] [ParOldGen: 523100K->518999K(524288K)] 611164K->518999K(699392K), [Metaspace: 43928K->43928K(1087488K)], 0.0557802 secs] [Times: user=0.56 sys=0.00, real=0.06 secs] 
2016-09-25T22:45:39.921-0400: 94.736: [Full GC (Ergonomics) [PSYoungGen: 88064K->12222K(175104K)] [ParOldGen: 521866K->522220K(524288K)] 609930K->534443K(699392K), [Metaspace: 43928K->43928K(1087488K)], 0.1530313 secs] [Times: user=2.24 sys=0.01, real=0.15 secs] 
2016-09-25T22:45:40.119-0400: 94.934: [Full GC (Ergonomics) [PSYoungGen: 88064K->2809K(175104K)] [ParOldGen: 523716K->524107K(524288K)] 611780K->526916K(699392K), [Metaspace: 43928K->43928K(1087488K)], 0.1551877 secs] [Times: user=2.30 sys=0.02, real=0.16 secs] 
2016-09-25T22:45:40.318-0400: 95.133: [Full GC (Ergonomics) [PSYoungGen: 86980K->0K(175104K)] [ParOldGen: 524107K->522221K(524288K)] 611088K->522221K(699392K), [Metaspace: 43928K->43928K(1087488K)], 0.0553456 secs] [Times: user=0.51 sys=0.00, real=0.05 secs] 
2016-09-25T22:45:40.420-0400: 95.235: [Full GC (Ergonomics) [PSYoungGen: 88064K->5401K(175104K)] [ParOldGen: 522227K->522666K(524288K)] 610291K->528067K(699392K), [Metaspace: 43970K->43970K(1087488K)], 0.1981732 secs] [Times: user=3.05 sys=0.02, real=0.20 secs] 
2016-09-25T22:45:40.674-0400: 95.489: [Full GC (Ergonomics) [PSYoungGen: 87126K->0K(175104K)] [ParOldGen: 522666K->511697K(524288K)] 609792K->511697K(699392K), [Metaspace: 43970K->43970K(1087488K)], 0.0706008 secs] [Times: user=0.56 sys=0.00, real=0.07 secs] 
2016-09-25T22:45:40.775-0400: 95.590: [Full GC (Ergonomics) [PSYoungGen: 88064K->10931K(175104K)] [ParOldGen: 517316K->523906K(524288K)] 605380K->534838K(699392K), [Metaspace: 43974K->43974K(1087488K)], 0.1926653 secs] [Times: user=3.02 sys=0.04, real=0.19 secs] 
2016-09-25T22:45:41.012-0400: 95.827: [Full GC (Ergonomics) [PSYoungGen: 86743K->4050K(175104K)] [ParOldGen: 523906K->523210K(524288K)] 610649K->527261K(699392K), [Metaspace: 43974K->43974K(1087488K)], 0.1566541 secs] [Times: user=2.33 sys=0.01, real=0.16 secs] 
2016-09-25T22:45:41.204-0400: 96.019: [Full GC (Ergonomics) [PSYoungGen: 88064K->9563K(175104K)] [ParOldGen: 523268K->523626K(524288K)] 611332K->533189K(699392K), [Metaspace: 43974K->43974K(1087488K)], 0.1559091 secs] [Times: user=2.23 sys=0.02, real=0.15 secs] 
2016-09-25T22:45:41.404-0400: 96.219: [Full GC (Ergonomics) [PSYoungGen: 88064K->9566K(175104K)] [ParOldGen: 523706K->524225K(524288K)] 611770K->533792K(699392K), [Metaspace: 43974K->43974K(1087488K)], 0.1786625 secs] [Times: user=2.86 sys=0.03, real=0.18 secs] 
2016-09-25T22:45:41.618-0400: 96.433: [Full GC (Ergonomics) [PSYoungGen: 88064K->10901K(175104K)] [ParOldGen: 524286K->523446K(524288K)] 612350K->534347K(699392K), [Metaspace: 43978K->43978K(1087488K)], 0.1644309 secs] [Times: user=2.60 sys=0.03, real=0.17 secs] 
2016-09-25T22:45:41.828-0400: 96.643: [Full GC (Ergonomics) [PSYoungGen: 88064K->8215K(175104K)] [ParOldGen: 523483K->524065K(524288K)] 611547K->532281K(699392K), [Metaspace: 43983K->43983K(1087488K)], 0.1620992 secs] [Times: user=2.38 sys=0.04, real=0.16 secs] 
2016-09-25T22:45:42.034-0400: 96.849: [Full GC (Ergonomics) [PSYoungGen: 88064K->6832K(175104K)] [ParOldGen: 524159K->523101K(524288K)] 612223K->529933K(699392K), [Metaspace: 43983K->43983K(1087488K)], 0.1702596 secs] [Times: user=2.60 sys=0.03, real=0.18 secs] 
2016-09-25T22:45:42.241-0400: 97.056: [Full GC (Ergonomics) [PSYoungGen: 87798K->6751K(175104K)] [ParOldGen: 523101K->524007K(524288K)] 610900K->530758K(699392K), [Metaspace: 43983K->43983K(1087488K)], 0.1565440 secs] [Times: user=2.28 sys=0.01, real=0.16 secs] 
2016-09-25T22:45:42.437-0400: 97.252: [Full GC (Ergonomics) [PSYoungGen: 86387K->10823K(175104K)] [ParOldGen: 524007K->522991K(524288K)] 610394K->533815K(699392K), [Metaspace: 43983K->43983K(1087488K)], 0.1529081 secs] [Times: user=2.22 sys=0.00, real=0.15 secs] 
2016-09-25T22:45:42.627-0400: 97.442: [Full GC (Ergonomics) [PSYoungGen: 85633K->9635K(175104K)] [ParOldGen: 522991K->523235K(524288K)] 608625K->532871K(699392K), [Metaspace: 43983K->43983K(1087488K)], 0.1737153 secs] [Times: user=2.53 sys=0.01, real=0.17 secs] 
2016-09-25T22:45:42.844-0400: 97.659: [Full GC (Ergonomics) [PSYoungGen: 88064K->8219K(175104K)] [ParOldGen: 523235K->523755K(524288K)] 611299K->531974K(699392K), [Metaspace: 43983K->43983K(1087488K)], 0.1857419 secs] [Times: user=2.59 sys=0.05, real=0.18 secs] 
2016-09-25T22:45:43.064-0400: 97.880: [Full GC (Ergonomics) [PSYoungGen: 88064K->13732K(175104K)] [ParOldGen: 523768K->524191K(524288K)] 611832K->537923K(699392K), [Metaspace: 43983K->43983K(1087488K)], 0.1624328 secs] [Times: user=2.51 sys=0.02, real=0.16 secs] 
2016-09-25T22:45:43.260-0400: 98.075: [Full GC (Ergonomics) [PSYoungGen: 87674K->16397K(175104K)] [ParOldGen: 524191K->522082K(524288K)] 611866K->538480K(699392K), [Metaspace: 43983K->43983K(1087488K)], 0.1764382 secs] [Times: user=2.64 sys=0.02, real=0.18 secs] 
2016-09-25T22:45:43.470-0400: 98.285: [Full GC (Ergonomics) [PSYoungGen: 87985K->8326K(175104K)] [ParOldGen: 522082K->522604K(524288K)] 610068K->530930K(699392K), [Metaspace: 43983K->43983K(1087488K)], 0.1355374 secs] [Times: user=1.91 sys=0.01, real=0.14 secs] 
2016-09-25T22:45:43.647-0400: 98.462: [Full GC (Ergonomics) [PSYoungGen: 85601K->14972K(175104K)] [ParOldGen: 522604K->521968K(524288K)] 608206K->536941K(699392K), [Metaspace: 43983K->43983K(1087488K)], 0.1617608 secs] [Times: user=2.47 sys=0.02, real=0.16 secs] 
2016-09-25T22:45:43.840-0400: 98.655: [Full GC (Ergonomics) [PSYoungGen: 88064K->13708K(175104K)] [ParOldGen: 522038K->522412K(524288K)] 610102K->536120K(699392K), [Metaspace: 43983K->43983K(1087488K)], 0.1626845 secs] [Times: user=2.46 sys=0.00, real=0.17 secs] 
2016-09-25T22:45:44.049-0400: 98.864: [Full GC (Ergonomics) [PSYoungGen: 88064K->12285K(175104K)] [ParOldGen: 523923K->522968K(524288K)] 611987K->535253K(699392K), [Metaspace: 43983K->43983K(1087488K)], 0.1597329 secs] [Times: user=2.35 sys=0.01, real=0.16 secs] 
2016-09-25T22:45:44.246-0400: 99.061: [Full GC (Ergonomics) [PSYoungGen: 85874K->15166K(175104K)] [ParOldGen: 522968K->523429K(524288K)] 608843K->538595K(699392K), [Metaspace: 43983K->43983K(1087488K)], 0.1598624 secs] [Times: user=2.40 sys=0.01, real=0.16 secs] 
2016-09-25T22:45:44.449-0400: 99.264: [Full GC (Ergonomics) [PSYoungGen: 88064K->16378K(175104K)] [ParOldGen: 524120K->521648K(524288K)] 612184K->538026K(699392K), [Metaspace: 43983K->43983K(1087488K)], 0.1555790 secs] [Times: user=2.28 sys=0.01, real=0.16 secs] 
2016-09-25T22:45:44.648-0400: 99.463: [Full GC (Ergonomics) [PSYoungGen: 88064K->12473K(175104K)] [ParOldGen: 523050K->521757K(524288K)] 611114K->534230K(699392K), [Metaspace: 43983K->43983K(1087488K)], 0.1744548 secs] [Times: user=2.36 sys=0.03, real=0.17 secs] 
2016-09-25T22:45:44.858-0400: 99.673: [Full GC (Ergonomics) [PSYoungGen: 88064K->19242K(175104K)] [ParOldGen: 522454K->522383K(524288K)] 610518K->541625K(699392K), [Metaspace: 43983K->43983K(1087488K)], 0.1597140 secs] [Times: user=2.36 sys=0.02, real=0.16 secs] 
2016-09-25T22:45:45.051-0400: 99.866: [Full GC (Ergonomics) [PSYoungGen: 86065K->16504K(175104K)] [ParOldGen: 522383K->524198K(524288K)] 608448K->540703K(699392K), [Metaspace: 43983K->43983K(1087488K)], 0.1670320 secs] [Times: user=2.51 sys=0.01, real=0.17 secs] 
2016-09-25T22:45:45.246-0400: 100.061: [Full GC (Ergonomics) [PSYoungGen: 87763K->27402K(175104K)] [ParOldGen: 524198K->522014K(524288K)] 611962K->549416K(699392K), [Metaspace: 43983K->43983K(1087488K)], 0.1474106 secs] [Times: user=2.17 sys=0.01, real=0.14 secs] 
2016-09-25T22:45:45.438-0400: 100.253: [Full GC (Ergonomics) [PSYoungGen: 87360K->12455K(175104K)] [ParOldGen: 522014K->523921K(524288K)] 609374K->536376K(699392K), [Metaspace: 43983K->43983K(1087488K)], 0.1622095 secs] [Times: user=2.35 sys=0.03, real=0.16 secs] 
2016-09-25T22:45:45.653-0400: 100.468: [Full GC (Ergonomics) [PSYoungGen: 88064K->13978K(175104K)] [ParOldGen: 524066K->522828K(524288K)] 612130K->536806K(699392K), [Metaspace: 43983K->43983K(1087488K)], 0.1732993 secs] [Times: user=2.27 sys=0.02, real=0.18 secs] 
2016-09-25T22:45:45.862-0400: 100.677: [Full GC (Ergonomics) [PSYoungGen: 88064K->23381K(175104K)] [ParOldGen: 523030K->522158K(524288K)] 611094K->545540K(699392K), [Metaspace: 43983K->43983K(1087488K)], 0.1583941 secs] [Times: user=2.32 sys=0.00, real=0.15 secs] 
2016-09-25T22:45:46.061-0400: 100.876: [Full GC (Ergonomics) [PSYoungGen: 88064K->12565K(175104K)] [ParOldGen: 523540K->524153K(524288K)] 611604K->536719K(699392K), [Metaspace: 43983K->43983K(1087488K)], 0.1674489 secs] [Times: user=2.41 sys=0.00, real=0.17 secs] 
2016-09-25T22:45:46.258-0400: 101.073: [Full GC (Ergonomics) [PSYoungGen: 88064K->20564K(175104K)] [ParOldGen: 524213K->523273K(524288K)] 612277K->543837K(699392K), [Metaspace: 43983K->43983K(1087488K)], 0.1617077 secs] [Times: user=2.26 sys=0.01, real=0.16 secs] 
2016-09-25T22:45:46.458-0400: 101.273: [Full GC (Ergonomics) [PSYoungGen: 85703K->20788K(175104K)] [ParOldGen: 523273K->523723K(524288K)] 608976K->544511K(699392K), [Metaspace: 43983K->43983K(1087488K)], 0.1649639 secs] [Times: user=2.32 sys=0.02, real=0.17 secs] 
2016-09-25T22:45:46.659-0400: 101.474: [Full GC (Ergonomics) [PSYoungGen: 88064K->23188K(175104K)] [ParOldGen: 524028K->523058K(524288K)] 612092K->546247K(699392K), [Metaspace: 43983K->43983K(1087488K)], 0.1683704 secs] [Times: user=2.44 sys=0.01, real=0.17 secs] 
2016-09-25T22:45:46.867-0400: 101.682: [Full GC (Ergonomics) [PSYoungGen: 88064K->16623K(175104K)] [ParOldGen: 523267K->522115K(524288K)] 611331K->538738K(699392K), [Metaspace: 43983K->43983K(1087488K)], 0.1570188 secs] [Times: user=2.23 sys=0.01, real=0.16 secs] 
2016-09-25T22:45:47.054-0400: 101.869: [Full GC (Ergonomics) [PSYoungGen: 86739K->26045K(175104K)] [ParOldGen: 522115K->522552K(524288K)] 608854K->548598K(699392K), [Metaspace: 43983K->43983K(1087488K)], 0.1626118 secs] [Times: user=2.41 sys=0.02, real=0.17 secs] 
2016-09-25T22:45:47.244-0400: 102.059: [Full GC (Ergonomics) [PSYoungGen: 88064K->26304K(175104K)] [ParOldGen: 523971K->522776K(524288K)] 612035K->549080K(699392K), [Metaspace: 43983K->43983K(1087488K)], 0.1662133 secs] [Times: user=2.44 sys=0.01, real=0.16 secs] 
2016-09-25T22:45:47.441-0400: 102.256: [Full GC (Ergonomics) [PSYoungGen: 88064K->20603K(175104K)] [ParOldGen: 523167K->522181K(524288K)] 611231K->542785K(699392K), [Metaspace: 43983K->43983K(1087488K)], 0.1559470 secs] [Times: user=2.31 sys=0.00, real=0.16 secs] 
2016-09-25T22:45:47.635-0400: 102.450: [Full GC (Ergonomics) [PSYoungGen: 86541K->16653K(175104K)] [ParOldGen: 522181K->523905K(524288K)] 608722K->540559K(699392K), [Metaspace: 43983K->43983K(1087488K)], 0.1509815 secs] [Times: user=2.21 sys=0.00, real=0.15 secs] 
2016-09-25T22:45:47.826-0400: 102.641: [Full GC (Ergonomics) [PSYoungGen: 88064K->24755K(175104K)] [ParOldGen: 523931K->523075K(524288K)] 611995K->547830K(699392K), [Metaspace: 43983K->43983K(1087488K)], 0.1626349 secs] [Times: user=2.37 sys=0.02, real=0.16 secs] 
2016-09-25T22:45:48.014-0400: 102.829: [Full GC (Ergonomics) [PSYoungGen: 88064K->27344K(175104K)] [ParOldGen: 523176K->523660K(524288K)] 611240K->551004K(699392K), [Metaspace: 43983K->43983K(1087488K)], 0.1644902 secs] [Times: user=2.28 sys=0.04, real=0.17 secs] 
2016-09-25T22:45:48.215-0400: 103.030: [Full GC (Ergonomics) [PSYoungGen: 87469K->26396K(175104K)] [ParOldGen: 523660K->522491K(524288K)] 611130K->548887K(699392K), [Metaspace: 43983K->43983K(1087488K)], 0.1683688 secs] [Times: user=2.43 sys=0.01, real=0.17 secs] 
2016-09-25T22:45:48.416-0400: 103.231: [Full GC (Ergonomics) [PSYoungGen: 87379K->22357K(175104K)] [ParOldGen: 523841K->521562K(524288K)] 611220K->543920K(699392K), [Metaspace: 43983K->43983K(1087488K)], 0.1649312 secs] [Times: user=2.41 sys=0.00, real=0.16 secs] 
2016-09-25T22:45:48.613-0400: 103.428: [Full GC (Ergonomics) [PSYoungGen: 86701K->31883K(175104K)] [ParOldGen: 524263K->523237K(524288K)] 610964K->555121K(699392K), [Metaspace: 43983K->43983K(1087488K)], 0.1622359 secs] [Times: user=2.41 sys=0.02, real=0.17 secs] 
2016-09-25T22:45:48.807-0400: 103.622: [Full GC (Ergonomics) [PSYoungGen: 88003K->16776K(175104K)] [ParOldGen: 523517K->522873K(524288K)] 611520K->539650K(699392K), [Metaspace: 43983K->43983K(1087488K)], 0.1588315 secs] [Times: user=2.33 sys=0.00, real=0.16 secs] 
2016-09-25T22:45:49.002-0400: 103.817: [Full GC (Ergonomics) [PSYoungGen: 87552K->23519K(175104K)] [ParOldGen: 522873K->521776K(524288K)] 610426K->545296K(699392K), [Metaspace: 43984K->43984K(1087488K)], 0.1688006 secs] [Times: user=2.51 sys=0.01, real=0.17 secs] 
2016-09-25T22:45:49.202-0400: 104.017: [Full GC (Ergonomics) [PSYoungGen: 87743K->26313K(175104K)] [ParOldGen: 521776K->523535K(524288K)] 609520K->549848K(699392K), [Metaspace: 43984K->43984K(1087488K)], 0.1574675 secs] [Times: user=2.32 sys=0.01, real=0.16 secs] 
2016-09-25T22:45:49.394-0400: 104.209: [Full GC (Ergonomics) [PSYoungGen: 88064K->25023K(175104K)] [ParOldGen: 523546K->523813K(524288K)] 611610K->548836K(699392K), [Metaspace: 43984K->43984K(1087488K)], 0.1776450 secs] [Times: user=2.56 sys=0.03, real=0.18 secs] 
2016-09-25T22:45:49.599-0400: 104.414: [Full GC (Ergonomics) [PSYoungGen: 87994K->38450K(175104K)] [ParOldGen: 523813K->523127K(524288K)] 611807K->561578K(699392K), [Metaspace: 43984K->43984K(1087488K)], 0.1996932 secs] [Times: user=2.31 sys=0.05, real=0.20 secs] 
2016-09-25T22:45:49.831-0400: 104.646: [Full GC (Ergonomics) [PSYoungGen: 87208K->26245K(175104K)] [ParOldGen: 523127K->523372K(524288K)] 610336K->549618K(699392K), [Metaspace: 43984K->43984K(1087488K)], 0.1603458 secs] [Times: user=2.24 sys=0.01, real=0.16 secs] 
2016-09-25T22:45:50.029-0400: 104.844: [Full GC (Ergonomics) [PSYoungGen: 87017K->30482K(175104K)] [ParOldGen: 523372K->522345K(524288K)] 610389K->552828K(699392K), [Metaspace: 43984K->43984K(1087488K)], 0.1660913 secs] [Times: user=2.67 sys=0.01, real=0.17 secs] 
2016-09-25T22:45:50.218-0400: 105.033: [Full GC (Ergonomics) [PSYoungGen: 87907K->39935K(175104K)] [ParOldGen: 522345K->524279K(524288K)] 610253K->564214K(699392K), [Metaspace: 43987K->43987K(1087488K)], 0.1611116 secs] [Times: user=2.44 sys=0.03, real=0.16 secs] 
2016-09-25T22:45:50.409-0400: 105.224: [Full GC (Ergonomics) [PSYoungGen: 86896K->30380K(175104K)] [ParOldGen: 524279K->521874K(524288K)] 611175K->552255K(699392K), [Metaspace: 43987K->43987K(1087488K)], 0.1635128 secs] [Times: user=2.56 sys=0.03, real=0.16 secs] 
2016-09-25T22:45:50.599-0400: 105.414: [Full GC (Ergonomics) [PSYoungGen: 88031K->33375K(175104K)] [ParOldGen: 523224K->522157K(524288K)] 611256K->555532K(699392K), [Metaspace: 43987K->43987K(1087488K)], 0.1499413 secs] [Times: user=2.01 sys=0.02, real=0.15 secs] 
2016-09-25T22:45:50.780-0400: 105.595: [Full GC (Ergonomics) [PSYoungGen: 87528K->26355K(175104K)] [ParOldGen: 523507K->522719K(524288K)] 611035K->549075K(699392K), [Metaspace: 43987K->43987K(1087488K)], 0.1507309 secs] [Times: user=2.04 sys=0.00, real=0.15 secs] 
2016-09-25T22:45:50.968-0400: 105.783: [Full GC (Ergonomics) [PSYoungGen: 88064K->26528K(175104K)] [ParOldGen: 524074K->523064K(524288K)] 612138K->549593K(699392K), [Metaspace: 43987K->43987K(1087488K)], 0.1512630 secs] [Times: user=2.23 sys=0.00, real=0.15 secs] 
2016-09-25T22:45:51.158-0400: 105.973: [Full GC (Ergonomics) [PSYoungGen: 88064K->33253K(175104K)] [ParOldGen: 523107K->522074K(524288K)] 611171K->555327K(699392K), [Metaspace: 43989K->43989K(1087488K)], 0.1687075 secs] [Times: user=2.39 sys=0.03, real=0.17 secs] 
2016-09-25T22:45:51.360-0400: 106.175: [Full GC (Ergonomics) [PSYoungGen: 88064K->26574K(175104K)] [ParOldGen: 522086K->523863K(524288K)] 610150K->550438K(699392K), [Metaspace: 43989K->43989K(1087488K)], 0.1629431 secs] [Times: user=2.39 sys=0.00, real=0.17 secs] 
2016-09-25T22:45:51.559-0400: 106.374: [Full GC (Ergonomics) [PSYoungGen: 88064K->29237K(175104K)] [ParOldGen: 523967K->524152K(524288K)] 612031K->553390K(699392K), [Metaspace: 43989K->43989K(1087488K)], 0.1609457 secs] [Times: user=2.35 sys=0.02, real=0.16 secs] 
2016-09-25T22:45:51.743-0400: 106.558: [Full GC (Ergonomics) [PSYoungGen: 86735K->35971K(175104K)] [ParOldGen: 524152K->523419K(524288K)] 610887K->559391K(699392K), [Metaspace: 43989K->43989K(1087488K)], 0.1476545 secs] [Times: user=2.14 sys=0.01, real=0.14 secs] 
2016-09-25T22:45:51.915-0400: 106.730: [Full GC (Ergonomics) [PSYoungGen: 88064K->32192K(175104K)] [ParOldGen: 523485K->523610K(524288K)] 611549K->555802K(699392K), [Metaspace: 43997K->43997K(1087488K)], 0.1685682 secs] [Times: user=2.54 sys=0.01, real=0.17 secs] 
2016-09-25T22:45:52.111-0400: 106.926: [Full GC (Ergonomics) [PSYoungGen: 88064K->31868K(175104K)] [ParOldGen: 523637K->524195K(524288K)] 611701K->556063K(699392K), [Metaspace: 43997K->43997K(1087488K)], 0.1663783 secs] [Times: user=2.46 sys=0.02, real=0.17 secs] 
2016-09-25T22:45:52.309-0400: 107.124: [Full GC (Ergonomics) [PSYoungGen: 87081K->36200K(175104K)] [ParOldGen: 524195K->521548K(524288K)] 611277K->557748K(699392K), [Metaspace: 43997K->43997K(1087488K)], 0.1627414 secs] [Times: user=2.41 sys=0.01, real=0.16 secs] 
2016-09-25T22:45:52.501-0400: 107.316: [Full GC (Ergonomics) [PSYoungGen: 88064K->33650K(175104K)] [ParOldGen: 524286K->523249K(524288K)] 612350K->556900K(699392K), [Metaspace: 43997K->43997K(1087488K)], 0.1682119 secs] [Times: user=2.44 sys=0.00, real=0.17 secs] 
2016-09-25T22:45:52.700-0400: 107.515: [Full GC (Ergonomics) [PSYoungGen: 85540K->32149K(175104K)] [ParOldGen: 523249K->523726K(524288K)] 608789K->555876K(699392K), [Metaspace: 43997K->43997K(1087488K)], 0.1656313 secs] [Times: user=2.47 sys=0.02, real=0.17 secs] 
2016-09-25T22:45:52.900-0400: 107.715: [Full GC (Ergonomics) [PSYoungGen: 88064K->38870K(175104K)] [ParOldGen: 523861K->522786K(524288K)] 611925K->561656K(699392K), [Metaspace: 44000K->44000K(1087488K)], 0.1718806 secs] [Times: user=2.50 sys=0.02, real=0.17 secs] 
2016-09-25T22:45:53.102-0400: 107.917: [Full GC (Ergonomics) [PSYoungGen: 87240K->36168K(175104K)] [ParOldGen: 522786K->523114K(524288K)] 610026K->559283K(699392K), [Metaspace: 44000K->44000K(1087488K)], 0.1615070 secs] [Times: user=2.31 sys=0.02, real=0.16 secs] 
2016-09-25T22:45:53.294-0400: 108.109: [Full GC (Ergonomics) [PSYoungGen: 88064K->33317K(175104K)] [ParOldGen: 523114K->523747K(524288K)] 611178K->557064K(699392K), [Metaspace: 44000K->44000K(1087488K)], 0.1590005 secs] [Times: user=2.32 sys=0.03, real=0.16 secs] 
2016-09-25T22:45:53.472-0400: 108.287: [Full GC (Ergonomics) [PSYoungGen: 88064K->44226K(175104K)] [ParOldGen: 523895K->524020K(524288K)] 611959K->568246K(699392K), [Metaspace: 44000K->44000K(1087488K)], 0.1612610 secs] [Times: user=2.37 sys=0.02, real=0.16 secs] 
2016-09-25T22:45:53.662-0400: 108.477: [Full GC (Ergonomics) [PSYoungGen: 87519K->33409K(175104K)] [ParOldGen: 524020K->524245K(524288K)] 611540K->557654K(699392K), [Metaspace: 44000K->44000K(1087488K)], 0.1685112 secs] [Times: user=2.50 sys=0.01, real=0.17 secs] 
2016-09-25T22:45:53.863-0400: 108.678: [Full GC (Ergonomics) [PSYoungGen: 88064K->41743K(175104K)] [ParOldGen: 524287K->521823K(524288K)] 612351K->563567K(699392K), [Metaspace: 44002K->44002K(1087488K)], 0.1606039 secs] [Times: user=2.29 sys=0.00, real=0.16 secs] 
2016-09-25T22:45:54.046-0400: 108.861: [Full GC (Ergonomics) [PSYoungGen: 87267K->39047K(175104K)] [ParOldGen: 523173K->522190K(524288K)] 610440K->561237K(699392K), [Metaspace: 44002K->44002K(1087488K)], 0.1702803 secs] [Times: user=2.47 sys=0.01, real=0.17 secs] 
2016-09-25T22:45:54.244-0400: 109.059: [Full GC (Ergonomics) [PSYoungGen: 87824K->36349K(175104K)] [ParOldGen: 522190K->522509K(524288K)] 610014K->558858K(699392K), [Metaspace: 44002K->44002K(1087488K)], 0.1616256 secs] [Times: user=2.32 sys=0.01, real=0.16 secs] 
2016-09-25T22:45:54.434-0400: 109.249: [Full GC (Ergonomics) [PSYoungGen: 87489K->32300K(175104K)] [ParOldGen: 523859K->522981K(524288K)] 611348K->555281K(699392K), [Metaspace: 44002K->44002K(1087488K)], 0.1576029 secs] [Times: user=2.29 sys=0.01, real=0.15 secs] 
2016-09-25T22:45:54.620-0400: 109.435: [Full GC (Ergonomics) [PSYoungGen: 87940K->36235K(175104K)] [ParOldGen: 522981K->523448K(524288K)] 610922K->559684K(699392K), [Metaspace: 44002K->44002K(1087488K)], 0.1714052 secs] [Times: user=2.47 sys=0.01, real=0.17 secs] 
2016-09-25T22:45:54.823-0400: 109.638: [Full GC (Ergonomics) [PSYoungGen: 87687K->33685K(175104K)] [ParOldGen: 523448K->523499K(524288K)] 611136K->557185K(699392K), [Metaspace: 44002K->44002K(1087488K)], 0.1670822 secs] [Times: user=2.46 sys=0.01, real=0.16 secs] 
2016-09-25T22:45:55.013-0400: 109.828: [Full GC (Ergonomics) [PSYoungGen: 87111K->40269K(175104K)] [ParOldGen: 523499K->523961K(524288K)] 610610K->564231K(699392K), [Metaspace: 44002K->44002K(1087488K)], 0.1692094 secs] [Times: user=2.46 sys=0.01, real=0.18 secs] 
2016-09-25T22:45:55.211-0400: 110.026: [Full GC (Ergonomics) [PSYoungGen: 86996K->35061K(175104K)] [ParOldGen: 523961K->522732K(524288K)] 610958K->557793K(699392K), [Metaspace: 44006K->44006K(1087488K)], 0.1647819 secs] [Times: user=2.37 sys=0.00, real=0.17 secs] 
2016-09-25T22:45:55.402-0400: 110.217: [Full GC (Ergonomics) [PSYoungGen: 86539K->43015K(175104K)] [ParOldGen: 522732K->523163K(524288K)] 609272K->566179K(699392K), [Metaspace: 44006K->44006K(1087488K)], 0.1657333 secs] [Times: user=2.38 sys=0.00, real=0.17 secs] 
2016-09-25T22:45:55.599-0400: 110.414: [Full GC (Ergonomics) [PSYoungGen: 88064K->40427K(175104K)] [ParOldGen: 523206K->523378K(524288K)] 611270K->563805K(699392K), [Metaspace: 44006K->44006K(1087488K)], 0.1668914 secs] [Times: user=2.49 sys=0.00, real=0.17 secs] 
2016-09-25T22:45:55.795-0400: 110.610: [Full GC (Ergonomics) [PSYoungGen: 86363K->37700K(175104K)] [ParOldGen: 523378K->523771K(524288K)] 609742K->561472K(699392K), [Metaspace: 44006K->44006K(1087488K)], 0.1633977 secs] [Times: user=2.18 sys=0.01, real=0.16 secs] 
2016-09-25T22:45:55.982-0400: 110.797: [Full GC (Ergonomics) [PSYoungGen: 86882K->39156K(175104K)] [ParOldGen: 523771K->524233K(524288K)] 610654K->563389K(699392K), [Metaspace: 44006K->44006K(1087488K)], 0.1774483 secs] [Times: user=2.36 sys=0.04, real=0.17 secs] 
2016-09-25T22:45:56.198-0400: 111.013: [Full GC (Ergonomics) [PSYoungGen: 88064K->38966K(175104K)] [ParOldGen: 524287K->523110K(524288K)] 612351K->562077K(699392K), [Metaspace: 44006K->44006K(1087488K)], 0.1885718 secs] [Times: user=2.57 sys=0.04, real=0.19 secs] 
2016-09-25T22:45:56.411-0400: 111.226: [Full GC (Ergonomics) [PSYoungGen: 87738K->44628K(175104K)] [ParOldGen: 523110K->523335K(524288K)] 610848K->567964K(699392K), [Metaspace: 44006K->44006K(1087488K)], 0.1755495 secs] [Times: user=1.98 sys=0.01, real=0.18 secs] 
2016-09-25T22:45:56.621-0400: 111.436: [Full GC (Ergonomics) [PSYoungGen: 87773K->44413K(175104K)] [ParOldGen: 523335K->523903K(524288K)] 611108K->568316K(699392K), [Metaspace: 44006K->44006K(1087488K)], 0.1840613 secs] [Times: user=2.29 sys=0.00, real=0.19 secs] 
2016-09-25T22:45:56.830-0400: 111.645: [Full GC (Ergonomics) [PSYoungGen: 88064K->44704K(175104K)] [ParOldGen: 524043K->523822K(524288K)] 612107K->568526K(699392K), [Metaspace: 44006K->44006K(1087488K)], 0.1644869 secs] [Times: user=2.16 sys=0.00, real=0.17 secs] 
2016-09-25T22:45:57.020-0400: 111.835: [Full GC (Ergonomics) [PSYoungGen: 88064K->40644K(175104K)] [ParOldGen: 524230K->524168K(524288K)] 612294K->564812K(699392K), [Metaspace: 44006K->44006K(1087488K)], 0.1650405 secs] [Times: user=2.03 sys=0.01, real=0.17 secs] 
2016-09-25T22:45:57.214-0400: 112.029: [Full GC (Ergonomics) [PSYoungGen: 88011K->38091K(175104K)] [ParOldGen: 524168K->524280K(524288K)] 612179K->562372K(699392K), [Metaspace: 44006K->44006K(1087488K)], 0.1686865 secs] [Times: user=2.24 sys=0.02, real=0.18 secs] 
2016-09-25T22:45:57.403-0400: 112.218: [Full GC (Ergonomics) [PSYoungGen: 87450K->46795K(175104K)] [ParOldGen: 524280K->524175K(524288K)] 611730K->570971K(699392K), [Metaspace: 44008K->44008K(1087488K)], 0.1609238 secs] [Times: user=2.30 sys=0.01, real=0.16 secs] 
2016-09-25T22:45:57.604-0400: 112.419: [Full GC (Ergonomics) [PSYoungGen: 87106K->33562K(175104K)] [ParOldGen: 524175K->524075K(524288K)] 611281K->557638K(699392K), [Metaspace: 44008K->44008K(1087488K)], 0.1801760 secs] [Times: user=2.36 sys=0.01, real=0.18 secs] 
2016-09-25T22:45:57.805-0400: 112.620: [Full GC (Ergonomics) [PSYoungGen: 86587K->48869K(175104K)] [ParOldGen: 524075K->524028K(524288K)] 610662K->572898K(699392K), [Metaspace: 44008K->44008K(1087488K)], 0.1622437 secs] [Times: user=2.17 sys=0.00, real=0.16 secs] 
2016-09-25T22:45:57.982-0400: 112.797: [Full GC (Ergonomics) [PSYoungGen: 88064K->51999K(175104K)] [ParOldGen: 524133K->523979K(524288K)] 612197K->575979K(699392K), [Metaspace: 44008K->44008K(1087488K)], 0.1627425 secs] [Times: user=2.26 sys=0.01, real=0.17 secs] 
2016-09-25T22:45:58.182-0400: 112.997: [Full GC (Ergonomics) [PSYoungGen: 85549K->33310K(175104K)] [ParOldGen: 523979K->523882K(524288K)] 609529K->557192K(699392K), [Metaspace: 44008K->44008K(1087488K)], 0.1691612 secs] [Times: user=2.03 sys=0.01, real=0.17 secs] 
2016-09-25T22:45:58.376-0400: 113.191: [Full GC (Ergonomics) [PSYoungGen: 86769K->43590K(175104K)] [ParOldGen: 523882K->523835K(524288K)] 610651K->567425K(699392K), [Metaspace: 44008K->44008K(1087488K)], 0.1613707 secs] [Times: user=1.85 sys=0.02, real=0.16 secs] 
2016-09-25T22:45:58.570-0400: 113.385: [Full GC (Ergonomics) [PSYoungGen: 86810K->41053K(175104K)] [ParOldGen: 523835K->523740K(524288K)] 610645K->564793K(699392K), [Metaspace: 44008K->44008K(1087488K)], 0.1651809 secs] [Times: user=2.29 sys=0.02, real=0.17 secs] 
2016-09-25T22:45:58.767-0400: 113.582: [Full GC (Ergonomics) [PSYoungGen: 87457K->42132K(175104K)] [ParOldGen: 523740K->524168K(524288K)] 611197K->566301K(699392K), [Metaspace: 44008K->44008K(1087488K)], 0.1635041 secs] [Times: user=2.28 sys=0.01, real=0.16 secs] 
2016-09-25T22:45:58.954-0400: 113.769: [Full GC (Ergonomics) [PSYoungGen: 86467K->41293K(175104K)] [ParOldGen: 524168K->524120K(524288K)] 610636K->565414K(699392K), [Metaspace: 44008K->44008K(1087488K)], 0.1567689 secs] [Times: user=2.11 sys=0.03, real=0.16 secs] 
2016-09-25T22:45:59.134-0400: 113.949: [Full GC (Ergonomics) [PSYoungGen: 88064K->51064K(175104K)] [ParOldGen: 524258K->524027K(524288K)] 612322K->575092K(699392K), [Metaspace: 44008K->44008K(1087488K)], 0.1763984 secs] [Times: user=2.31 sys=0.01, real=0.17 secs] 
2016-09-25T22:45:59.338-0400: 114.153: [Full GC (Ergonomics) [PSYoungGen: 87954K->40569K(175104K)] [ParOldGen: 524027K->523977K(524288K)] 611981K->564547K(699392K), [Metaspace: 44008K->44008K(1087488K)], 0.1678070 secs] [Times: user=2.02 sys=0.02, real=0.17 secs] 
2016-09-25T22:45:59.533-0400: 114.348: [Full GC (Ergonomics) [PSYoungGen: 85622K->43787K(175104K)] [ParOldGen: 523977K->523884K(524288K)] 609600K->567671K(699392K), [Metaspace: 44008K->44008K(1087488K)], 0.1572019 secs] [Times: user=2.25 sys=0.02, real=0.16 secs] 
2016-09-25T22:45:59.713-0400: 114.528: [Full GC (Ergonomics) [PSYoungGen: 88064K->54922K(175104K)] [ParOldGen: 523995K->523837K(524288K)] 612059K->578759K(699392K), [Metaspace: 44008K->44008K(1087488K)], 0.1670582 secs] [Times: user=2.29 sys=0.01, real=0.17 secs] 
2016-09-25T22:45:59.902-0400: 114.717: [Full GC (Ergonomics) [PSYoungGen: 86532K->47121K(175104K)] [ParOldGen: 523837K->523788K(524288K)] 610370K->570909K(699392K), [Metaspace: 44008K->44008K(1087488K)], 0.1612583 secs] [Times: user=2.26 sys=0.01, real=0.16 secs] 
2016-09-25T22:46:00.094-0400: 114.909: [Full GC (Ergonomics) [PSYoungGen: 86812K->37886K(175104K)] [ParOldGen: 523788K->523694K(524288K)] 610601K->561580K(699392K), [Metaspace: 44008K->44008K(1087488K)], 0.1598795 secs] [Times: user=2.22 sys=0.01, real=0.16 secs] 
2016-09-25T22:46:00.272-0400: 115.087: [Full GC (Ergonomics) [PSYoungGen: 88064K->49878K(175104K)] [ParOldGen: 523781K->524261K(524288K)] 611845K->574139K(699392K), [Metaspace: 44008K->44008K(1087488K)], 0.1613538 secs] [Times: user=2.12 sys=0.01, real=0.16 secs] 
2016-09-25T22:46:00.451-0400: 115.266: [Full GC (Ergonomics) [PSYoungGen: 86036K->52885K(175104K)] [ParOldGen: 524261K->524261K(524288K)] 610297K->577146K(699392K), [Metaspace: 44008K->44008K(1087488K)], 0.1375857 secs] [Times: user=1.82 sys=0.01, real=0.14 secs] 
2016-09-25T22:46:00.618-0400: 115.433: [Full GC (Ergonomics) [PSYoungGen: 88064K->50401K(175104K)] [ParOldGen: 524287K->524167K(524288K)] 612351K->574569K(699392K), [Metaspace: 44008K->44008K(1087488K)], 0.1783764 secs] [Times: user=2.31 sys=0.02, real=0.18 secs] 
2016-09-25T22:46:00.821-0400: 115.636: [Full GC (Ergonomics) [PSYoungGen: 88064K->44154K(175104K)] [ParOldGen: 524175K->524074K(524288K)] 612239K->568228K(699392K), [Metaspace: 44008K->44008K(1087488K)], 0.1611098 secs] [Times: user=2.31 sys=0.01, real=0.16 secs] 
2016-09-25T22:46:01.010-0400: 115.825: [Full GC (Ergonomics) [PSYoungGen: 87376K->45732K(175104K)] [ParOldGen: 524074K->524025K(524288K)] 611451K->569758K(699392K), [Metaspace: 44010K->44010K(1087488K)], 0.1682936 secs] [Times: user=2.36 sys=0.01, real=0.17 secs] 
2016-09-25T22:46:01.200-0400: 116.015: [Full GC (Ergonomics) [PSYoungGen: 88064K->48776K(175104K)] [ParOldGen: 524118K->523930K(524288K)] 612182K->572706K(699392K), [Metaspace: 44010K->44010K(1087488K)], 0.1778735 secs] [Times: user=2.28 sys=0.02, real=0.18 secs] 
2016-09-25T22:46:01.399-0400: 116.214: [Full GC (Ergonomics) [PSYoungGen: 86798K->43834K(175104K)] [ParOldGen: 523930K->523882K(524288K)] 610728K->567716K(699392K), [Metaspace: 44010K->44010K(1087488K)], 0.1987915 secs] [Times: user=2.72 sys=0.01, real=0.20 secs] 
2016-09-25T22:46:01.623-0400: 116.438: [Full GC (Ergonomics) [PSYoungGen: 88064K->46862K(175104K)] [ParOldGen: 523882K->523785K(524288K)] 611946K->570647K(699392K), [Metaspace: 44010K->44010K(1087488K)], 0.1666623 secs] [Times: user=2.20 sys=0.02, real=0.16 secs] 
2016-09-25T22:46:01.810-0400: 116.625: [Full GC (Ergonomics) [PSYoungGen: 88064K->55329K(175104K)] [ParOldGen: 523805K->523738K(524288K)] 611869K->579068K(699392K), [Metaspace: 44019K->44019K(1087488K)], 0.1658962 secs] [Times: user=1.98 sys=0.01, real=0.17 secs] 
2016-09-25T22:46:01.999-0400: 116.814: [Full GC (Ergonomics) [PSYoungGen: 88064K->49507K(175104K)] [ParOldGen: 523851K->524254K(524288K)] 611915K->573762K(699392K), [Metaspace: 44020K->44020K(1087488K)], 0.1613120 secs] [Times: user=2.31 sys=0.01, real=0.16 secs] 
2016-09-25T22:46:02.187-0400: 117.002: [Full GC (Ergonomics) [PSYoungGen: 87567K->44412K(175104K)] [ParOldGen: 524254K->524159K(524288K)] 611822K->568572K(699392K), [Metaspace: 44027K->44027K(1087488K)], 0.1977969 secs] [Times: user=2.99 sys=0.01, real=0.20 secs] 
2016-09-25T22:46:02.400-0400: 117.215: [Full GC (Ergonomics) [PSYoungGen: 88064K->50201K(175104K)] [ParOldGen: 524167K->524159K(524288K)] 612231K->574360K(699392K), [Metaspace: 44027K->44027K(1087488K)], 0.1538474 secs] [Times: user=2.22 sys=0.01, real=0.15 secs] 
2016-09-25T22:46:02.572-0400: 117.387: [Full GC (Ergonomics) [PSYoungGen: 87860K->57200K(175104K)] [ParOldGen: 524159K->524112K(524288K)] 612020K->581313K(699392K), [Metaspace: 44027K->44027K(1087488K)], 0.1593084 secs] [Times: user=2.30 sys=0.00, real=0.16 secs] 
2016-09-25T22:46:02.753-0400: 117.568: [Full GC (Ergonomics) [PSYoungGen: 88064K->47974K(175104K)] [ParOldGen: 524258K->524015K(524288K)] 612322K->571990K(699392K), [Metaspace: 44027K->44027K(1087488K)], 0.1720409 secs] [Times: user=2.46 sys=0.03, real=0.18 secs] 
2016-09-25T22:46:02.946-0400: 117.761: [Full GC (Ergonomics) [PSYoungGen: 86745K->47052K(175104K)] [ParOldGen: 524015K->523913K(524288K)] 610761K->570966K(699392K), [Metaspace: 44057K->44057K(1087488K)], 0.2104517 secs] [Times: user=3.21 sys=0.00, real=0.21 secs] 
2016-09-25T22:46:04.546-0400: 119.361: [Full GC (Ergonomics) [PSYoungGen: 88064K->12892K(175104K)] [ParOldGen: 523979K->523906K(524288K)] 612043K->536798K(699392K), [Metaspace: 44061K->44061K(1087488K)], 0.1501852 secs] [Times: user=1.72 sys=0.03, real=0.15 secs] 
2016-09-25T22:46:08.382-0400: 123.197: [Full GC (Ergonomics) [PSYoungGen: 88022K->0K(175104K)] [ParOldGen: 523906K->513396K(524288K)] 611929K->513396K(699392K), [Metaspace: 44073K->44073K(1087488K)], 0.0984541 secs] [Times: user=1.05 sys=0.02, real=0.10 secs] 
2016-09-25T22:46:13.239-0400: 128.054: [Full GC (Ergonomics) [PSYoungGen: 88064K->0K(175104K)] [ParOldGen: 513396K->514832K(524288K)] 601460K->514832K(699392K), [Metaspace: 44074K->44074K(1087488K)], 0.1085286 secs] [Times: user=0.78 sys=0.01, real=0.11 secs] 
2016-09-25T22:46:18.651-0400: 133.466: [Full GC (Ergonomics) [PSYoungGen: 88064K->0K(175104K)] [ParOldGen: 514832K->509172K(524288K)] 602896K->509172K(699392K), [Metaspace: 44075K->44075K(1087488K)], 0.1014071 secs] [Times: user=0.71 sys=0.01, real=0.10 secs] 
2016-09-25T22:46:23.851-0400: 138.666: [Full GC (Ergonomics) [PSYoungGen: 88064K->0K(175104K)] [ParOldGen: 509172K->512511K(524288K)] 597236K->512511K(699392K), [Metaspace: 44080K->44080K(1087488K)], 0.1134451 secs] [Times: user=1.10 sys=0.03, real=0.12 secs] 
2016-09-25T22:46:29.193-0400: 144.008: [Full GC (Ergonomics) [PSYoungGen: 88064K->0K(175104K)] [ParOldGen: 512511K->425056K(524288K)] 600575K->425056K(699392K), [Metaspace: 44096K->44096K(1087488K)], 0.1128663 secs] [Times: user=0.92 sys=0.00, real=0.12 secs] 
