Java HotSpot(TM) 64-Bit Server VM (25.77-b03) for linux-amd64 JRE (1.8.0_77-b03), built on Mar 20 2016 22:00:46 by "java_re" with gcc 4.3.0 20080428 (Red Hat 4.3.0-8)
Memory: 4k page, physical 264122324k(97705720k free), swap 268399612k(268246080k free)
CommandLine flags: -XX:GCLogFileSize=1048576 -XX:+HeapDumpOnOutOfMemoryError -XX:HeapDumpPath=artifacts/heapdump -XX:InitialHeapSize=805306368 -XX:MaxHeapSize=805306368 -XX:NumberOfGCLogFiles=10 -XX:+PrintGC -XX:+PrintGCDateStamps -XX:+PrintGCDetails -XX:+PrintGCTimeStamps -XX:+UseCompressedClassPointers -XX:+UseCompressedOops -XX:+UseGCLogFileRotation -XX:+UseParallelGC 
2016-09-13T20:37:49.382-0400: 2.101: [GC (Metadata GC Threshold) [PSYoungGen: 125830K->15494K(229376K)] 125830K->15582K(753664K), 0.0212225 secs] [Times: user=0.13 sys=0.00, real=0.02 secs] 
2016-09-13T20:37:49.403-0400: 2.122: [Full GC (Metadata GC Threshold) [PSYoungGen: 15494K->0K(229376K)] [ParOldGen: 88K->14596K(339968K)] 15582K->14596K(569344K), [Metaspace: 21041K->21041K(1067008K)], 0.0387273 secs] [Times: user=0.30 sys=0.02, real=0.04 secs] 
2016-09-13T20:37:50.983-0400: 3.702: [GC (Metadata GC Threshold) [PSYoungGen: 122332K->14802K(229376K)] 136928K->29535K(569344K), 0.0210365 secs] [Times: user=0.17 sys=0.05, real=0.02 secs] 
2016-09-13T20:37:51.004-0400: 3.723: [Full GC (Metadata GC Threshold) [PSYoungGen: 14802K->0K(229376K)] [ParOldGen: 14732K->20206K(524288K)] 29535K->20206K(753664K), [Metaspace: 34901K->34901K(1079296K)], 0.0455967 secs] [Times: user=0.34 sys=0.00, real=0.05 secs] 
2016-09-13T20:37:52.634-0400: 5.352: [GC (GCLocker Initiated GC) [PSYoungGen: 195573K->32744K(229376K)] 217299K->76792K(753664K), 0.0124701 secs] [Times: user=0.15 sys=0.00, real=0.01 secs] 
2016-09-13T20:37:52.960-0400: 5.678: [GC (GCLocker Initiated GC) [PSYoungGen: 229352K->29466K(229376K)] 275275K->99696K(753664K), 0.0106579 secs] [Times: user=0.09 sys=0.02, real=0.01 secs] 
2016-09-13T20:37:53.303-0400: 6.022: [GC (GCLocker Initiated GC) [PSYoungGen: 226074K->29844K(226816K)] 311842K->133845K(751104K), 0.0271444 secs] [Times: user=0.24 sys=0.01, real=0.03 secs] 
2016-09-13T20:37:53.733-0400: 6.451: [GC (GCLocker Initiated GC) [PSYoungGen: 226452K->34870K(203264K)] 330777K->151352K(727552K), 0.0173311 secs] [Times: user=0.16 sys=0.01, real=0.02 secs] 
2016-09-13T20:37:54.102-0400: 6.820: [GC (GCLocker Initiated GC) [PSYoungGen: 202806K->45922K(214016K)] 319649K->180999K(738304K), 0.0149594 secs] [Times: user=0.14 sys=0.01, real=0.02 secs] 
2016-09-13T20:37:54.505-0400: 7.224: [GC (GCLocker Initiated GC) [PSYoungGen: 213858K->2069K(197632K)] 362948K->154568K(721920K), 0.0286227 secs] [Times: user=0.36 sys=0.02, real=0.03 secs] 
2016-09-13T20:37:54.863-0400: 7.582: [GC (GCLocker Initiated GC) [PSYoungGen: 151573K->20088K(205824K)] 310339K->179838K(730112K), 0.0101771 secs] [Times: user=0.08 sys=0.00, real=0.01 secs] 
2016-09-13T20:37:55.208-0400: 7.926: [GC (GCLocker Initiated GC) [PSYoungGen: 169592K->1509K(204288K)] 336958K->169641K(728576K), 0.0098951 secs] [Times: user=0.07 sys=0.01, real=0.02 secs] 
2016-09-13T20:37:55.580-0400: 8.299: [GC (Allocation Failure) [PSYoungGen: 151013K->37159K(186880K)] 319494K->206662K(711168K), 0.0118289 secs] [Times: user=0.14 sys=0.00, real=0.01 secs] 
2016-09-13T20:37:55.891-0400: 8.609: [GC (GCLocker Initiated GC) [PSYoungGen: 186663K->37191K(202240K)] 357685K->208570K(726528K), 0.0229520 secs] [Times: user=0.25 sys=0.01, real=0.02 secs] 
2016-09-13T20:37:56.251-0400: 8.970: [GC (Allocation Failure) [PSYoungGen: 181575K->18774K(163328K)] 359379K->196919K(687616K), 0.0115151 secs] [Times: user=0.13 sys=0.01, real=0.01 secs] 
2016-09-13T20:37:56.524-0400: 9.243: [GC (GCLocker Initiated GC) [PSYoungGen: 163158K->41625K(199680K)] 341309K->220133K(723968K), 0.0119224 secs] [Times: user=0.15 sys=0.00, real=0.02 secs] 
2016-09-13T20:37:56.891-0400: 9.610: [GC (GCLocker Initiated GC) [PSYoungGen: 184473K->37378K(202240K)] 363310K->216578K(726528K), 0.0177428 secs] [Times: user=0.22 sys=0.03, real=0.02 secs] 
2016-09-13T20:37:57.187-0400: 9.905: [GC (GCLocker Initiated GC) [PSYoungGen: 180226K->1024K(199168K)] 368708K->189923K(723456K), 0.0103705 secs] [Times: user=0.13 sys=0.02, real=0.02 secs] 
2016-09-13T20:37:57.379-0400: 10.098: [GC (GCLocker Initiated GC) [PSYoungGen: 140288K->49858K(189440K)] 329374K->239283K(713728K), 0.0138074 secs] [Times: user=0.15 sys=0.00, real=0.01 secs] 
2016-09-13T20:37:57.545-0400: 10.263: [GC (GCLocker Initiated GC) [PSYoungGen: 189122K->38848K(195072K)] 380088K->230428K(719360K), 0.0090109 secs] [Times: user=0.10 sys=0.01, real=0.01 secs] 
2016-09-13T20:37:57.717-0400: 10.435: [GC (GCLocker Initiated GC) [PSYoungGen: 166848K->58501K(186880K)] 361705K->256674K(711168K), 0.0102699 secs] [Times: user=0.10 sys=0.01, real=0.00 secs] 
2016-09-13T20:37:57.903-0400: 10.621: [GC (GCLocker Initiated GC) [PSYoungGen: 186501K->23691K(190976K)] 401499K->238887K(715264K), 0.0063538 secs] [Times: user=0.03 sys=0.02, real=0.01 secs] 
2016-09-13T20:37:58.065-0400: 10.783: [GC (GCLocker Initiated GC) [PSYoungGen: 140939K->46314K(188416K)] 356344K->262086K(712704K), 0.0117806 secs] [Times: user=0.13 sys=0.00, real=0.02 secs] 
2016-09-13T20:37:58.238-0400: 10.957: [GC (GCLocker Initiated GC) [PSYoungGen: 163562K->44513K(188416K)] 379480K->260654K(712704K), 0.0062001 secs] [Times: user=0.04 sys=0.00, real=0.00 secs] 
2016-09-13T20:37:58.387-0400: 11.106: [GC (GCLocker Initiated GC) [PSYoungGen: 160225K->53880K(169984K)] 377917K->279403K(694272K), 0.0077380 secs] [Times: user=0.07 sys=0.00, real=0.01 secs] 
2016-09-13T20:37:58.538-0400: 11.256: [GC (GCLocker Initiated GC) [PSYoungGen: 169592K->32587K(188928K)] 395141K->272088K(713216K), 0.0157575 secs] [Times: user=0.15 sys=0.01, real=0.01 secs] 
2016-09-13T20:37:58.701-0400: 11.420: [GC (GCLocker Initiated GC) [PSYoungGen: 145227K->26473K(139264K)] 391032K->275521K(663552K), 0.0116996 secs] [Times: user=0.13 sys=0.00, real=0.01 secs] 
2016-09-13T20:37:58.850-0400: 11.569: [GC (GCLocker Initiated GC) [PSYoungGen: 139113K->41661K(184832K)] 388345K->301891K(709120K), 0.0295825 secs] [Times: user=0.30 sys=0.01, real=0.03 secs] 
2016-09-13T20:37:59.021-0400: 11.740: [GC (GCLocker Initiated GC) [PSYoungGen: 155325K->58441K(183808K)] 415682K->319046K(708096K), 0.0156423 secs] [Times: user=0.17 sys=0.01, real=0.02 secs] 
2016-09-13T20:37:59.172-0400: 11.891: [GC (GCLocker Initiated GC) [PSYoungGen: 172105K->12836K(185344K)] 440434K->285947K(709632K), 0.0044494 secs] [Times: user=0.02 sys=0.00, real=0.01 secs] 
2016-09-13T20:37:59.309-0400: 12.028: [GC (GCLocker Initiated GC) [PSYoungGen: 123428K->43343K(186368K)] 399773K->320015K(710656K), 0.0073238 secs] [Times: user=0.08 sys=0.00, real=0.01 secs] 
2016-09-13T20:37:59.477-0400: 12.196: [GC (GCLocker Initiated GC) [PSYoungGen: 153935K->40175K(181248K)] 432218K->320315K(705536K), 0.0253972 secs] [Times: user=0.26 sys=0.00, real=0.02 secs] 
2016-09-13T20:37:59.650-0400: 12.369: [GC (GCLocker Initiated GC) [PSYoungGen: 151791K->52207K(183808K)] 433489K->338709K(708096K), 0.0144183 secs] [Times: user=0.08 sys=0.02, real=0.01 secs] 
2016-09-13T20:37:59.810-0400: 12.529: [GC (Allocation Failure) [PSYoungGen: 163823K->37137K(185856K)] 450375K->326952K(710144K), 0.0247929 secs] [Times: user=0.29 sys=0.02, real=0.02 secs] 
2016-09-13T20:37:59.957-0400: 12.676: [GC (GCLocker Initiated GC) [PSYoungGen: 152336K->23532K(186880K)] 443670K->327296K(711168K), 0.0065631 secs] [Times: user=0.06 sys=0.00, real=0.00 secs] 
2016-09-13T20:38:00.100-0400: 12.818: [GC (GCLocker Initiated GC) [PSYoungGen: 139244K->55495K(184832K)] 449389K->366007K(709120K), 0.0098553 secs] [Times: user=0.11 sys=0.00, real=0.01 secs] 
2016-09-13T20:38:00.266-0400: 12.985: [GC (Allocation Failure) [PSYoungGen: 170183K->46186K(188416K)] 480915K->357186K(712704K), 0.0161847 secs] [Times: user=0.19 sys=0.00, real=0.02 secs] 
2016-09-13T20:38:00.428-0400: 13.147: [GC (GCLocker Initiated GC) [PSYoungGen: 160874K->29607K(184832K)] 471877K->346933K(709120K), 0.0069406 secs] [Times: user=0.06 sys=0.00, real=0.00 secs] 
2016-09-13T20:38:00.599-0400: 13.317: [GC (GCLocker Initiated GC) [PSYoungGen: 144807K->14456K(186880K)] 468369K->338377K(711168K), 0.0084127 secs] [Times: user=0.08 sys=0.03, real=0.00 secs] 
2016-09-13T20:38:00.733-0400: 13.452: [GC (GCLocker Initiated GC) [PSYoungGen: 129656K->50907K(185856K)] 453689K->375216K(710144K), 0.0102818 secs] [Times: user=0.12 sys=0.01, real=0.01 secs] 
2016-09-13T20:38:00.902-0400: 13.621: [GC (GCLocker Initiated GC) [PSYoungGen: 164571K->31099K(144896K)] 496688K->363438K(669184K), 0.0085826 secs] [Times: user=0.09 sys=0.00, real=0.01 secs] 
2016-09-13T20:38:01.051-0400: 13.770: [GC (GCLocker Initiated GC) [PSYoungGen: 144763K->27961K(189440K)] 483202K->366605K(713728K), 0.0100067 secs] [Times: user=0.11 sys=0.00, real=0.01 secs] 
2016-09-13T20:38:01.225-0400: 13.943: [GC (Allocation Failure) [PSYoungGen: 145721K->46254K(187392K)] 484574K->397521K(711680K), 0.0119795 secs] [Times: user=0.14 sys=0.00, real=0.02 secs] 
2016-09-13T20:38:01.369-0400: 14.088: [GC (GCLocker Initiated GC) [PSYoungGen: 164014K->19013K(191488K)] 515281K->370565K(715776K), 0.0115003 secs] [Times: user=0.12 sys=0.00, real=0.01 secs] 
2016-09-13T20:38:01.508-0400: 14.227: [GC (GCLocker Initiated GC) [PSYoungGen: 140357K->49291K(171008K)] 492097K->401212K(695296K), 0.0089123 secs] [Times: user=0.06 sys=0.00, real=0.01 secs] 
2016-09-13T20:38:01.695-0400: 14.414: [GC (GCLocker Initiated GC) [PSYoungGen: 170635K->44794K(190976K)] 524343K->398699K(715264K), 0.0139941 secs] [Times: user=0.16 sys=0.00, real=0.02 secs] 
2016-09-13T20:38:01.852-0400: 14.570: [GC (GCLocker Initiated GC) [PSYoungGen: 164090K->63088K(182784K)] 519583K->418861K(707072K), 0.0079820 secs] [Times: user=0.07 sys=0.00, real=0.01 secs] 
2016-09-13T20:38:02.005-0400: 14.724: [GC (GCLocker Initiated GC) [PSYoungGen: 182384K->32645K(187392K)] 539930K->390379K(711680K), 0.0117051 secs] [Times: user=0.12 sys=0.00, real=0.02 secs] 
2016-09-13T20:38:02.163-0400: 14.882: [GC (GCLocker Initiated GC) [PSYoungGen: 142725K->25151K(135680K)] 502003K->384774K(659968K), 0.0035678 secs] [Times: user=0.04 sys=0.00, real=0.00 secs] 
2016-09-13T20:38:02.297-0400: 15.016: [GC (GCLocker Initiated GC) [PSYoungGen: 135231K->63025K(177152K)] 494910K->424522K(701440K), 0.0079607 secs] [Times: user=0.08 sys=0.00, real=0.00 secs] 
2016-09-13T20:38:02.449-0400: 15.168: [GC (GCLocker Initiated GC) [PSYoungGen: 166449K->32746K(182784K)] 528018K->403752K(707072K), 0.0067773 secs] [Times: user=0.06 sys=0.02, real=0.01 secs] 
2016-09-13T20:38:02.584-0400: 15.303: [GC (GCLocker Initiated GC) [PSYoungGen: 136170K->29703K(176128K)] 507190K->410120K(700416K), 0.0103366 secs] [Times: user=0.12 sys=0.01, real=0.01 secs] 
2016-09-13T20:38:02.726-0400: 15.444: [GC (GCLocker Initiated GC) [PSYoungGen: 135687K->40308K(180736K)] 522232K->427211K(705024K), 0.0104573 secs] [Times: user=0.15 sys=0.01, real=0.02 secs] 
2016-09-13T20:38:02.891-0400: 15.610: [GC (Allocation Failure) [PSYoungGen: 146292K->9932K(186368K)] 546874K->421414K(710656K), 0.0099667 secs] [Times: user=0.09 sys=0.00, real=0.01 secs] 
2016-09-13T20:38:03.055-0400: 15.773: [GC (GCLocker Initiated GC) [PSYoungGen: 120602K->44673K(188416K)] 538159K->470179K(712704K), 0.0110375 secs] [Times: user=0.11 sys=0.00, real=0.01 secs] 
2016-09-13T20:38:03.212-0400: 15.931: [GC (GCLocker Initiated GC) [PSYoungGen: 159361K->26473K(183808K)] 585029K->452314K(708096K), 0.0160922 secs] [Times: user=0.19 sys=0.00, real=0.02 secs] 
2016-09-13T20:38:03.379-0400: 16.098: [GC (GCLocker Initiated GC) [PSYoungGen: 141673K->27940K(186368K)] 567610K->454252K(710656K), 0.0070617 secs] [Times: user=0.08 sys=0.00, real=0.00 secs] 
2016-09-13T20:38:03.504-0400: 16.222: [GC (GCLocker Initiated GC) [PSYoungGen: 143140K->37451K(185344K)] 569558K->464005K(709632K), 0.0065735 secs] [Times: user=0.09 sys=0.00, real=0.01 secs] 
2016-09-13T20:38:03.700-0400: 16.419: [GC (GCLocker Initiated GC) [PSYoungGen: 159307K->41630K(188416K)] 585998K->471583K(712704K), 0.0093905 secs] [Times: user=0.11 sys=0.00, real=0.01 secs] 
2016-09-13T20:38:03.903-0400: 16.622: [GC (GCLocker Initiated GC) [PSYoungGen: 163486K->27865K(190976K)] 605750K->470227K(715264K), 0.0071195 secs] [Times: user=0.05 sys=0.00, real=0.01 secs] 
2016-09-13T20:38:04.101-0400: 16.820: [GC (GCLocker Initiated GC) [PSYoungGen: 157401K->61409K(190976K)] 599982K->505714K(715264K), 0.0087195 secs] [Times: user=0.06 sys=0.00, real=0.01 secs] 
2016-09-13T20:38:04.300-0400: 17.018: [GC (GCLocker Initiated GC) [PSYoungGen: 190945K->70613K(173568K)] 635280K->515245K(697856K), 0.0137810 secs] [Times: user=0.17 sys=0.00, real=0.01 secs] 
2016-09-13T20:38:04.475-0400: 17.194: [GC (Allocation Failure) [PSYoungGen: 173013K->43313K(182272K)] 617739K->495940K(706560K), 0.0067811 secs] [Times: user=0.07 sys=0.00, real=0.01 secs] 
2016-09-13T20:38:04.645-0400: 17.364: [GC (GCLocker Initiated GC) [PSYoungGen: 145713K->27928K(177152K)] 598340K->480706K(701440K), 0.0123027 secs] [Times: user=0.12 sys=0.00, real=0.02 secs] 
2016-09-13T20:38:04.818-0400: 17.536: [GC (Allocation Failure) [PSYoungGen: 133400K->32713K(181248K)] 586204K->485804K(705536K), 0.0064884 secs] [Times: user=0.06 sys=0.01, real=0.00 secs] 
2016-09-13T20:38:05.010-0400: 17.728: [GC (GCLocker Initiated GC) [PSYoungGen: 135456K->28087K(181760K)] 594622K->487478K(706048K), 0.0093876 secs] [Times: user=0.12 sys=0.00, real=0.01 secs] 
2016-09-13T20:38:05.213-0400: 17.932: [GC (Allocation Failure) [PSYoungGen: 141239K->6703K(184832K)] 612914K->483218K(709120K), 0.0040653 secs] [Times: user=0.02 sys=0.01, real=0.01 secs] 
2016-09-13T20:38:05.369-0400: 18.088: [GC (GCLocker Initiated GC) [PSYoungGen: 119855K->37333K(186368K)] 596373K->514046K(710656K), 0.0235631 secs] [Times: user=0.37 sys=0.01, real=0.02 secs] 
2016-09-13T20:38:06.721-0400: 19.439: [GC (GCLocker Initiated GC) [PSYoungGen: 154069K->44762K(187392K)] 630893K->521811K(711680K), 0.0130113 secs] [Times: user=0.13 sys=0.00, real=0.01 secs] 
2016-09-13T20:38:06.910-0400: 19.629: [GC (GCLocker Initiated GC) [PSYoungGen: 161498K->46319K(190464K)] 640128K->525232K(714752K), 0.0112995 secs] [Times: user=0.13 sys=0.00, real=0.01 secs] 
2016-09-13T20:38:07.074-0400: 19.793: [GC (GCLocker Initiated GC) [PSYoungGen: 166127K->70900K(190976K)] 646777K->585236K(715264K), 0.0102974 secs] [Times: user=0.12 sys=0.01, real=0.01 secs] 
2016-09-13T20:38:07.085-0400: 19.804: [Full GC (Ergonomics) [PSYoungGen: 70900K->0K(190976K)] [ParOldGen: 514335K->38115K(524288K)] 585236K->38115K(715264K), [Metaspace: 44143K->44143K(1087488K)], 0.1909130 secs] [Times: user=2.51 sys=0.03, real=0.20 secs] 
2016-09-13T20:38:07.429-0400: 20.147: [GC (GCLocker Initiated GC) [PSYoungGen: 119808K->70778K(159232K)] 164056K->145410K(683520K), 0.0092656 secs] [Times: user=0.12 sys=0.01, real=0.01 secs] 
2016-09-13T20:38:07.542-0400: 20.260: [GC (GCLocker Initiated GC) [PSYoungGen: 158842K->67645K(175104K)] 235144K->177806K(699392K), 0.0097522 secs] [Times: user=0.12 sys=0.02, real=0.01 secs] 
2016-09-13T20:38:07.678-0400: 20.397: [GC (GCLocker Initiated GC) [PSYoungGen: 155709K->73842K(175104K)] 268930K->208665K(699392K), 0.0100987 secs] [Times: user=0.14 sys=0.00, real=0.01 secs] 
2016-09-13T20:38:07.805-0400: 20.523: [GC (GCLocker Initiated GC) [PSYoungGen: 161906K->85965K(175104K)] 296731K->266670K(699392K), 0.0133070 secs] [Times: user=0.18 sys=0.01, real=0.02 secs] 
2016-09-13T20:38:07.961-0400: 20.679: [GC (GCLocker Initiated GC) [PSYoungGen: 174029K->61507K(175104K)] 362576K->286718K(699392K), 0.0072899 secs] [Times: user=0.11 sys=0.00, real=0.01 secs] 
2016-09-13T20:38:08.067-0400: 20.786: [GC (GCLocker Initiated GC) [PSYoungGen: 149571K->81346K(175104K)] 374870K->349498K(699392K), 0.0104070 secs] [Times: user=0.16 sys=0.00, real=0.02 secs] 
2016-09-13T20:38:08.209-0400: 20.928: [GC (GCLocker Initiated GC) [PSYoungGen: 169410K->55554K(175104K)] 440647K->368063K(699392K), 0.0106263 secs] [Times: user=0.14 sys=0.00, real=0.01 secs] 
2016-09-13T20:38:08.330-0400: 21.048: [GC (GCLocker Initiated GC) [PSYoungGen: 143618K->69248K(175104K)] 456179K->423097K(699392K), 0.0137188 secs] [Times: user=0.18 sys=0.02, real=0.01 secs] 
2016-09-13T20:38:08.453-0400: 21.171: [GC (GCLocker Initiated GC) [PSYoungGen: 157312K->49291K(175104K)] 512943K->441573K(699392K), 0.0108636 secs] [Times: user=0.07 sys=0.00, real=0.01 secs] 
2016-09-13T20:38:08.575-0400: 21.294: [GC (GCLocker Initiated GC) [PSYoungGen: 137355K->75207K(175104K)] 542002K->516554K(699392K), 0.0184543 secs] [Times: user=0.24 sys=0.00, real=0.02 secs] 
2016-09-13T20:38:08.724-0400: 21.443: [GC (GCLocker Initiated GC) [PSYoungGen: 163271K->81341K(175104K)] 606156K->560922K(699392K), 0.0198854 secs] [Times: user=0.28 sys=0.02, real=0.02 secs] 
2016-09-13T20:38:08.744-0400: 21.463: [Full GC (Ergonomics) [PSYoungGen: 81341K->0K(175104K)] [ParOldGen: 479580K->39769K(524288K)] 560922K->39769K(699392K), [Metaspace: 44179K->44179K(1087488K)], 0.0589035 secs] [Times: user=0.41 sys=0.00, real=0.06 secs] 
2016-09-13T20:38:08.885-0400: 21.603: [GC (GCLocker Initiated GC) [PSYoungGen: 88064K->82897K(175104K)] 127853K->122686K(699392K), 0.0093915 secs] [Times: user=0.14 sys=0.00, real=0.01 secs] 
2016-09-13T20:38:08.990-0400: 21.708: [GC (GCLocker Initiated GC) [PSYoungGen: 170961K->84473K(175104K)] 210819K->187018K(699392K), 0.0107527 secs] [Times: user=0.16 sys=0.01, real=0.01 secs] 
2016-09-13T20:38:09.124-0400: 21.843: [GC (GCLocker Initiated GC) [PSYoungGen: 172537K->43245K(175104K)] 287327K->206911K(699392K), 0.0099930 secs] [Times: user=0.12 sys=0.00, real=0.01 secs] 
2016-09-13T20:38:09.241-0400: 21.960: [GC (GCLocker Initiated GC) [PSYoungGen: 131309K->64703K(175104K)] 295147K->265236K(699392K), 0.0162708 secs] [Times: user=0.21 sys=0.00, real=0.02 secs] 
2016-09-13T20:38:09.385-0400: 22.104: [GC (GCLocker Initiated GC) [PSYoungGen: 152767K->84197K(175104K)] 365546K->336779K(699392K), 0.0101887 secs] [Times: user=0.12 sys=0.01, real=0.01 secs] 
2016-09-13T20:38:09.505-0400: 22.224: [GC (GCLocker Initiated GC) [PSYoungGen: 172261K->66185K(175104K)] 426549K->369338K(699392K), 0.0099346 secs] [Times: user=0.15 sys=0.00, real=0.01 secs] 
2016-09-13T20:38:09.617-0400: 22.336: [GC (GCLocker Initiated GC) [PSYoungGen: 154249K->64824K(175104K)] 458927K->406382K(699392K), 0.0115519 secs] [Times: user=0.17 sys=0.00, real=0.01 secs] 
2016-09-13T20:38:09.730-0400: 22.449: [GC (GCLocker Initiated GC) [PSYoungGen: 152888K->64675K(175104K)] 497623K->446287K(699392K), 0.0098597 secs] [Times: user=0.14 sys=0.01, real=0.01 secs] 
2016-09-13T20:38:09.850-0400: 22.569: [GC (GCLocker Initiated GC) [PSYoungGen: 152739K->66153K(175104K)] 548077K->502786K(699392K), 0.0094565 secs] [Times: user=0.12 sys=0.00, real=0.01 secs] 
2016-09-13T20:38:09.979-0400: 22.698: [GC (GCLocker Initiated GC) [PSYoungGen: 154217K->52544K(175104K)] 590959K->535130K(699392K), 0.0101848 secs] [Times: user=0.14 sys=0.01, real=0.01 secs] 
2016-09-13T20:38:09.990-0400: 22.708: [Full GC (Ergonomics) [PSYoungGen: 52544K->0K(175104K)] [ParOldGen: 482586K->38246K(524288K)] 535130K->38246K(699392K), [Metaspace: 44183K->44183K(1087488K)], 0.0538178 secs] [Times: user=0.35 sys=0.00, real=0.05 secs] 
2016-09-13T20:38:10.149-0400: 22.867: [GC (Allocation Failure) [PSYoungGen: 88064K->69322K(175104K)] 138737K->120003K(699392K), 0.0081160 secs] [Times: user=0.10 sys=0.00, real=0.01 secs] 
2016-09-13T20:38:10.251-0400: 22.970: [GC (GCLocker Initiated GC) [PSYoungGen: 153743K->67523K(175104K)] 210499K->170359K(699392K), 0.0153792 secs] [Times: user=0.20 sys=0.00, real=0.01 secs] 
2016-09-13T20:38:10.383-0400: 23.102: [GC (GCLocker Initiated GC) [PSYoungGen: 155587K->84474K(175104K)] 258431K->225474K(699392K), 0.0122159 secs] [Times: user=0.16 sys=0.02, real=0.01 secs] 
2016-09-13T20:38:10.507-0400: 23.226: [GC (GCLocker Initiated GC) [PSYoungGen: 172538K->61475K(175104K)] 315166K->240944K(699392K), 0.0097671 secs] [Times: user=0.13 sys=0.00, real=0.02 secs] 
2016-09-13T20:38:10.621-0400: 23.340: [GC (GCLocker Initiated GC) [PSYoungGen: 149539K->66094K(175104K)] 342850K->296090K(699392K), 0.0097399 secs] [Times: user=0.13 sys=0.00, real=0.01 secs] 
2016-09-13T20:38:10.742-0400: 23.461: [GC (GCLocker Initiated GC) [PSYoungGen: 154157K->49537K(175104K)] 384317K->316428K(699392K), 0.0098180 secs] [Times: user=0.13 sys=0.02, real=0.01 secs] 
2016-09-13T20:38:10.859-0400: 23.577: [GC (GCLocker Initiated GC) [PSYoungGen: 137601K->78243K(175104K)] 406158K->383602K(699392K), 0.0109636 secs] [Times: user=0.14 sys=0.00, real=0.01 secs] 
2016-09-13T20:38:10.995-0400: 23.714: [GC (GCLocker Initiated GC) [PSYoungGen: 166307K->47806K(175104K)] 483841K->402193K(699392K), 0.0100220 secs] [Times: user=0.14 sys=0.00, real=0.01 secs] 
2016-09-13T20:38:11.096-0400: 23.814: [GC (GCLocker Initiated GC) [PSYoungGen: 135870K->50874K(175104K)] 496400K->449591K(699392K), 0.0089528 secs] [Times: user=0.10 sys=0.00, real=0.00 secs] 
2016-09-13T20:38:11.225-0400: 23.943: [GC (GCLocker Initiated GC) [PSYoungGen: 138938K->61315K(175104K)] 539315K->498368K(699392K), 0.0251909 secs] [Times: user=0.27 sys=0.01, real=0.03 secs] 
2016-09-13T20:38:11.365-0400: 24.084: [GC (GCLocker Initiated GC) [PSYoungGen: 149379K->47927K(175104K)] 587976K->524753K(699392K), 0.0095427 secs] [Times: user=0.09 sys=0.00, real=0.01 secs] 
2016-09-13T20:38:11.375-0400: 24.094: [Full GC (Ergonomics) [PSYoungGen: 47927K->0K(175104K)] [ParOldGen: 476826K->38269K(524288K)] 524753K->38269K(699392K), [Metaspace: 44263K->44263K(1087488K)], 0.0539420 secs] [Times: user=0.35 sys=0.01, real=0.06 secs] 
2016-09-13T20:38:11.557-0400: 24.275: [GC (GCLocker Initiated GC) [PSYoungGen: 88064K->63216K(175104K)] 126457K->101609K(699392K), 0.0090936 secs] [Times: user=0.13 sys=0.00, real=0.00 secs] 
2016-09-13T20:38:11.672-0400: 24.390: [GC (GCLocker Initiated GC) [PSYoungGen: 151280K->61629K(150016K)] 189765K->153800K(674304K), 0.0088116 secs] [Times: user=0.12 sys=0.00, real=0.01 secs] 
2016-09-13T20:38:11.775-0400: 24.493: [GC (GCLocker Initiated GC) [PSYoungGen: 149693K->81187K(173056K)] 248004K->216331K(697344K), 0.0107769 secs] [Times: user=0.14 sys=0.00, real=0.01 secs] 
2016-09-13T20:38:11.907-0400: 24.625: [GC (GCLocker Initiated GC) [PSYoungGen: 168227K->61601K(174080K)] 306618K->262514K(698368K), 0.0112081 secs] [Times: user=0.16 sys=0.01, real=0.02 secs] 
2016-09-13T20:38:12.014-0400: 24.733: [GC (GCLocker Initiated GC) [PSYoungGen: 148641K->75180K(175104K)] 349574K->317472K(699392K), 0.0106232 secs] [Times: user=0.16 sys=0.01, real=0.01 secs] 
2016-09-13T20:38:12.139-0400: 24.858: [GC (GCLocker Initiated GC) [PSYoungGen: 163244K->81405K(175104K)] 413241K->377304K(699392K), 0.0107552 secs] [Times: user=0.17 sys=0.00, real=0.01 secs] 
2016-09-13T20:38:12.246-0400: 24.964: [GC (GCLocker Initiated GC) [PSYoungGen: 169469K->81314K(175104K)] 465678K->421974K(699392K), 0.0113315 secs] [Times: user=0.16 sys=0.00, real=0.02 secs] 
2016-09-13T20:38:12.619-0400: 25.338: [GC (GCLocker Initiated GC) [PSYoungGen: 169378K->62994K(175104K)] 511579K->441918K(699392K), 0.0107460 secs] [Times: user=0.13 sys=0.01, real=0.01 secs] 
2016-09-13T20:38:16.161-0400: 28.879: [GC (GCLocker Initiated GC) [PSYoungGen: 151058K->53943K(175104K)] 530188K->483371K(699392K), 0.0111325 secs] [Times: user=0.12 sys=0.01, real=0.01 secs] 
2016-09-13T20:38:16.268-0400: 28.987: [GC (GCLocker Initiated GC) [PSYoungGen: 142007K->63152K(175104K)] 576237K->534089K(699392K), 0.0104527 secs] [Times: user=0.14 sys=0.02, real=0.01 secs] 
2016-09-13T20:38:16.279-0400: 28.998: [Full GC (Ergonomics) [PSYoungGen: 63152K->0K(175104K)] [ParOldGen: 470937K->40230K(524288K)] 534089K->40230K(699392K), [Metaspace: 44272K->44272K(1087488K)], 0.0571970 secs] [Times: user=0.38 sys=0.00, real=0.06 secs] 
2016-09-13T20:38:16.432-0400: 29.151: [GC (GCLocker Initiated GC) [PSYoungGen: 88064K->84346K(175104K)] 128331K->148914K(699392K), 0.0102870 secs] [Times: user=0.12 sys=0.01, real=0.01 secs] 
2016-09-13T20:38:16.529-0400: 29.248: [GC (GCLocker Initiated GC) [PSYoungGen: 172410K->57078K(175104K)] 243138K->192006K(699392K), 0.0100663 secs] [Times: user=0.15 sys=0.01, real=0.01 secs] 
2016-09-13T20:38:16.634-0400: 29.353: [GC (GCLocker Initiated GC) [PSYoungGen: 145142K->64729K(175104K)] 281944K->235265K(699392K), 0.0086336 secs] [Times: user=0.13 sys=0.00, real=0.01 secs] 
2016-09-13T20:38:16.727-0400: 29.446: [GC (GCLocker Initiated GC) [PSYoungGen: 152793K->70705K(175104K)] 329448K->284177K(699392K), 0.0094059 secs] [Times: user=0.13 sys=0.01, real=0.02 secs] 
2016-09-13T20:38:16.859-0400: 29.578: [GC (Allocation Failure) [PSYoungGen: 158769K->64671K(175104K)] 372353K->322544K(699392K), 0.0138503 secs] [Times: user=0.20 sys=0.01, real=0.01 secs] 
2016-09-13T20:38:16.968-0400: 29.686: [GC (GCLocker Initiated GC) [PSYoungGen: 151880K->85684K(175104K)] 411272K->398569K(699392K), 0.0112267 secs] [Times: user=0.15 sys=0.01, real=0.02 secs] 
2016-09-13T20:38:17.094-0400: 29.813: [GC (GCLocker Initiated GC) [PSYoungGen: 173748K->84474K(175104K)] 494283K->452269K(699392K), 0.0140459 secs] [Times: user=0.18 sys=0.01, real=0.02 secs] 
2016-09-13T20:38:17.204-0400: 29.922: [GC (GCLocker Initiated GC) [PSYoungGen: 172538K->49409K(175104K)] 540393K->475261K(699392K), 0.0208930 secs] [Times: user=0.24 sys=0.01, real=0.02 secs] 
2016-09-13T20:38:17.317-0400: 30.035: [GC (Allocation Failure) [PSYoungGen: 137473K->61505K(175104K)] 563464K->525749K(699392K), 0.0106740 secs] [Times: user=0.14 sys=0.00, real=0.00 secs] 
2016-09-13T20:38:17.328-0400: 30.046: [Full GC (Ergonomics) [PSYoungGen: 61505K->0K(175104K)] [ParOldGen: 464244K->37213K(524288K)] 525749K->37213K(699392K), [Metaspace: 44279K->44279K(1087488K)], 0.0465156 secs] [Times: user=0.34 sys=0.01, real=0.04 secs] 
2016-09-13T20:38:17.537-0400: 30.256: [GC (GCLocker Initiated GC) [PSYoungGen: 88064K->61575K(175104K)] 125280K->98791K(699392K), 0.0086337 secs] [Times: user=0.12 sys=0.00, real=0.00 secs] 
2016-09-13T20:38:17.647-0400: 30.365: [GC (GCLocker Initiated GC) [PSYoungGen: 149639K->61777K(175104K)] 199319K->161960K(699392K), 0.0099849 secs] [Times: user=0.13 sys=0.00, real=0.02 secs] 
2016-09-13T20:38:17.749-0400: 30.468: [GC (GCLocker Initiated GC) [PSYoungGen: 149841K->81405K(175104K)] 256393K->230790K(699392K), 0.0149644 secs] [Times: user=0.22 sys=0.00, real=0.01 secs] 
2016-09-13T20:38:17.866-0400: 30.585: [GC (GCLocker Initiated GC) [PSYoungGen: 169469K->70646K(175104K)] 318882K->256680K(699392K), 0.0086422 secs] [Times: user=0.12 sys=0.01, real=0.01 secs] 
2016-09-13T20:38:17.954-0400: 30.673: [GC (GCLocker Initiated GC) [PSYoungGen: 158710K->52525K(175104K)] 344828K->283030K(699392K), 0.0090191 secs] [Times: user=0.13 sys=0.01, real=0.01 secs] 
2016-09-13T20:38:18.066-0400: 30.785: [GC (GCLocker Initiated GC) [PSYoungGen: 140589K->24960K(175104K)] 375854K->298471K(699392K), 0.0093818 secs] [Times: user=0.10 sys=0.00, real=0.02 secs] 
2016-09-13T20:38:18.166-0400: 30.885: [GC (GCLocker Initiated GC) [PSYoungGen: 113024K->73747K(175104K)] 386561K->384003K(699392K), 0.0094543 secs] [Times: user=0.12 sys=0.00, real=0.02 secs] 
2016-09-13T20:38:18.275-0400: 30.994: [GC (GCLocker Initiated GC) [PSYoungGen: 161811K->79858K(175104K)] 473764K->433091K(699392K), 0.0139079 secs] [Times: user=0.19 sys=0.01, real=0.02 secs] 
2016-09-13T20:38:18.444-0400: 31.163: [GC (Allocation Failure) [PSYoungGen: 167922K->59924K(175104K)] 522816K->469759K(699392K), 0.0132725 secs] [Times: user=0.18 sys=0.00, real=0.02 secs] 
2016-09-13T20:38:18.578-0400: 31.297: [GC (GCLocker Initiated GC) [PSYoungGen: 147975K->70561K(175104K)] 557906K->504962K(699392K), 0.0201479 secs] [Times: user=0.24 sys=0.01, real=0.02 secs] 
2016-09-13T20:38:18.681-0400: 31.400: [GC (GCLocker Initiated GC) [PSYoungGen: 158625K->64603K(175104K)] 599330K->560186K(699392K), 0.0109284 secs] [Times: user=0.15 sys=0.01, real=0.01 secs] 
2016-09-13T20:38:18.692-0400: 31.411: [Full GC (Ergonomics) [PSYoungGen: 64603K->0K(175104K)] [ParOldGen: 495582K->45967K(524288K)] 560186K->45967K(699392K), [Metaspace: 44284K->44284K(1087488K)], 0.0508837 secs] [Times: user=0.31 sys=0.02, real=0.05 secs] 
2016-09-13T20:38:18.853-0400: 31.572: [GC (GCLocker Initiated GC) [PSYoungGen: 88064K->86093K(175104K)] 140353K->145977K(699392K), 0.0095866 secs] [Times: user=0.14 sys=0.01, real=0.01 secs] 
2016-09-13T20:38:18.964-0400: 31.683: [GC (GCLocker Initiated GC) [PSYoungGen: 174157K->63152K(175104K)] 235648K->184373K(699392K), 0.0103411 secs] [Times: user=0.11 sys=0.00, real=0.01 secs] 
2016-09-13T20:38:19.065-0400: 31.784: [GC (GCLocker Initiated GC) [PSYoungGen: 151216K->50934K(175104K)] 272563K->218223K(699392K), 0.0211755 secs] [Times: user=0.32 sys=0.00, real=0.02 secs] 
2016-09-13T20:38:19.182-0400: 31.901: [GC (GCLocker Initiated GC) [PSYoungGen: 138998K->76789K(175104K)] 306383K->284076K(699392K), 0.0105242 secs] [Times: user=0.15 sys=0.01, real=0.01 secs] 
2016-09-13T20:38:19.303-0400: 32.021: [GC (GCLocker Initiated GC) [PSYoungGen: 164853K->49514K(175104K)] 373869K->310468K(699392K), 0.0101407 secs] [Times: user=0.14 sys=0.00, real=0.01 secs] 
2016-09-13T20:38:19.390-0400: 32.109: [GC (GCLocker Initiated GC) [PSYoungGen: 137578K->84504K(175104K)] 400062K->376346K(699392K), 0.0130481 secs] [Times: user=0.20 sys=0.00, real=0.01 secs] 
2016-09-13T20:38:19.497-0400: 32.216: [GC (GCLocker Initiated GC) [PSYoungGen: 172568K->63301K(175104K)] 467561K->396500K(699392K), 0.0103499 secs] [Times: user=0.15 sys=0.00, real=0.01 secs] 
2016-09-13T20:38:19.602-0400: 32.321: [GC (GCLocker Initiated GC) [PSYoungGen: 151365K->66153K(175104K)] 496901K->448529K(699392K), 0.0107339 secs] [Times: user=0.17 sys=0.01, real=0.01 secs] 
2016-09-13T20:38:19.712-0400: 32.430: [GC (GCLocker Initiated GC) [PSYoungGen: 154217K->26542K(175104K)] 536806K->464003K(699392K), 0.0114806 secs] [Times: user=0.11 sys=0.00, real=0.01 secs] 
2016-09-13T20:38:19.827-0400: 32.545: [GC (GCLocker Initiated GC) [PSYoungGen: 114606K->49324K(175104K)] 553669K->529726K(699392K), 0.0104681 secs] [Times: user=0.15 sys=0.01, real=0.02 secs] 
2016-09-13T20:38:19.837-0400: 32.556: [Full GC (Ergonomics) [PSYoungGen: 49324K->0K(175104K)] [ParOldGen: 480401K->35816K(524288K)] 529726K->35816K(699392K), [Metaspace: 44285K->44285K(1087488K)], 0.0502136 secs] [Times: user=0.36 sys=0.01, real=0.04 secs] 
2016-09-13T20:38:19.984-0400: 32.703: [GC (GCLocker Initiated GC) [PSYoungGen: 88064K->70958K(175104K)] 130128K->113023K(699392K), 0.0086093 secs] [Times: user=0.10 sys=0.00, real=0.96 secs] 
2016-09-13T20:38:21.053-0400: 33.771: [GC (Allocation Failure) [PSYoungGen: 159022K->41693K(175104K)] 214965K->136060K(699392K), 0.0103075 secs] [Times: user=0.10 sys=0.00, real=0.01 secs] 
2016-09-13T20:38:21.161-0400: 33.879: [GC (GCLocker Initiated GC) [PSYoungGen: 128714K->85780K(175104K)] 224600K->218369K(699392K), 0.0100143 secs] [Times: user=0.16 sys=0.00, real=0.01 secs] 
2016-09-13T20:38:21.290-0400: 34.009: [GC (GCLocker Initiated GC) [PSYoungGen: 173844K->63148K(175104K)] 314203K->240143K(699392K), 0.0089198 secs] [Times: user=0.13 sys=0.00, real=0.01 secs] 
2016-09-13T20:38:21.405-0400: 34.124: [GC (GCLocker Initiated GC) [PSYoungGen: 151212K->61633K(175104K)] 341898K->289102K(699392K), 0.0091668 secs] [Times: user=0.13 sys=0.01, real=0.01 secs] 
2016-09-13T20:38:21.515-0400: 34.234: [GC (GCLocker Initiated GC) [PSYoungGen: 149697K->64571K(175104K)] 377318K->338134K(699392K), 0.0093217 secs] [Times: user=0.14 sys=0.00, real=0.01 secs] 
2016-09-13T20:38:21.607-0400: 34.326: [GC (GCLocker Initiated GC) [PSYoungGen: 152635K->78123K(175104K)] 427748K->389973K(699392K), 0.0101920 secs] [Times: user=0.15 sys=0.00, real=0.02 secs] 
2016-09-13T20:38:21.712-0400: 34.430: [GC (GCLocker Initiated GC) [PSYoungGen: 166187K->72229K(175104K)] 478059K->420762K(699392K), 0.0088646 secs] [Times: user=0.13 sys=0.01, real=0.01 secs] 
2016-09-13T20:38:21.818-0400: 34.537: [GC (GCLocker Initiated GC) [PSYoungGen: 160293K->78371K(175104K)] 509072K->470085K(699392K), 0.0110621 secs] [Times: user=0.17 sys=0.00, real=0.01 secs] 
2016-09-13T20:38:21.952-0400: 34.671: [GC (GCLocker Initiated GC) [PSYoungGen: 166435K->43309K(175104K)] 576550K->494727K(699392K), 0.0101815 secs] [Times: user=0.14 sys=0.00, real=0.01 secs] 
2016-09-13T20:38:22.095-0400: 34.813: [GC (GCLocker Initiated GC) [PSYoungGen: 131373K->63025K(175104K)] 589117K->557464K(699392K), 0.0086629 secs] [Times: user=0.09 sys=0.00, real=0.01 secs] 
2016-09-13T20:38:22.104-0400: 34.822: [Full GC (Ergonomics) [PSYoungGen: 63025K->0K(175104K)] [ParOldGen: 494439K->43253K(524288K)] 557464K->43253K(699392K), [Metaspace: 44310K->44310K(1087488K)], 0.0531749 secs] [Times: user=0.36 sys=0.01, real=0.06 secs] 
2016-09-13T20:38:22.266-0400: 34.984: [GC (GCLocker Initiated GC) [PSYoungGen: 88064K->66067K(175104K)] 131470K->109474K(699392K), 0.0093457 secs] [Times: user=0.13 sys=0.00, real=0.01 secs] 
2016-09-13T20:38:22.363-0400: 35.082: [GC (GCLocker Initiated GC) [PSYoungGen: 154131K->73747K(175104K)] 199081K->164588K(699392K), 0.0107873 secs] [Times: user=0.15 sys=0.00, real=0.01 secs] 
2016-09-13T20:38:22.493-0400: 35.211: [GC (GCLocker Initiated GC) [PSYoungGen: 161811K->64698K(175104K)] 252814K->204672K(699392K), 0.0119330 secs] [Times: user=0.16 sys=0.00, real=0.01 secs] 
2016-09-13T20:38:22.610-0400: 35.328: [GC (GCLocker Initiated GC) [PSYoungGen: 152762K->67708K(175104K)] 292969K->250721K(699392K), 0.0090328 secs] [Times: user=0.13 sys=0.00, real=0.01 secs] 
2016-09-13T20:38:22.713-0400: 35.431: [GC (GCLocker Initiated GC) [PSYoungGen: 155772K->84325K(175104K)] 340351K->305571K(699392K), 0.0098116 secs] [Times: user=0.15 sys=0.00, real=0.01 secs] 
2016-09-13T20:38:22.820-0400: 35.538: [GC (GCLocker Initiated GC) [PSYoungGen: 172389K->64538K(175104K)] 393674K->340635K(699392K), 0.0105909 secs] [Times: user=0.14 sys=0.01, real=0.01 secs] 
2016-09-13T20:38:22.941-0400: 35.659: [GC (GCLocker Initiated GC) [PSYoungGen: 152602K->72080K(175104K)] 428780K->385058K(699392K), 0.0096405 secs] [Times: user=0.14 sys=0.00, real=0.01 secs] 
2016-09-13T20:38:23.058-0400: 35.777: [GC (GCLocker Initiated GC) [PSYoungGen: 160144K->66216K(175104K)] 485381K->434213K(699392K), 0.0098203 secs] [Times: user=0.13 sys=0.01, real=0.01 secs] 
2016-09-13T20:38:23.172-0400: 35.891: [GC (Allocation Failure) [PSYoungGen: 154280K->81251K(175104K)] 522539K->492407K(699392K), 0.0106656 secs] [Times: user=0.17 sys=0.01, real=0.01 secs] 
2016-09-13T20:38:23.275-0400: 35.994: [GC (GCLocker Initiated GC) [PSYoungGen: 168276K->75302K(175104K)] 580951K->524664K(699392K), 0.0146500 secs] [Times: user=0.20 sys=0.03, real=0.02 secs] 
2016-09-13T20:38:23.388-0400: 36.107: [GC (GCLocker Initiated GC) [PSYoungGen: 163366K->64730K(175104K)] 618842K->556993K(699392K), 0.0104648 secs] [Times: user=0.16 sys=0.00, real=0.01 secs] 
2016-09-13T20:38:23.398-0400: 36.117: [Full GC (Ergonomics) [PSYoungGen: 64730K->0K(175104K)] [ParOldGen: 492262K->44866K(524288K)] 556993K->44866K(699392K), [Metaspace: 44317K->44317K(1087488K)], 0.0564443 secs] [Times: user=0.43 sys=0.01, real=0.05 secs] 
2016-09-13T20:38:23.562-0400: 36.281: [GC (GCLocker Initiated GC) [PSYoungGen: 88064K->67708K(175104K)] 133114K->112759K(699392K), 0.0084124 secs] [Times: user=0.12 sys=0.00, real=0.01 secs] 
2016-09-13T20:38:23.674-0400: 36.393: [GC (GCLocker Initiated GC) [PSYoungGen: 155772K->43376K(175104K)] 200891K->142054K(699392K), 0.0080683 secs] [Times: user=0.10 sys=0.01, real=0.01 secs] 
2016-09-13T20:38:23.784-0400: 36.502: [GC (GCLocker Initiated GC) [PSYoungGen: 131440K->61474K(175104K)] 230382K->203233K(699392K), 0.0211554 secs] [Times: user=0.30 sys=0.00, real=0.02 secs] 
2016-09-13T20:38:23.971-0400: 36.690: [GC (GCLocker Initiated GC) [PSYoungGen: 149538K->52399K(175104K)] 297381K->236897K(699392K), 0.0091549 secs] [Times: user=0.12 sys=0.01, real=0.01 secs] 
2016-09-13T20:38:24.085-0400: 36.804: [GC (GCLocker Initiated GC) [PSYoungGen: 140463K->81341K(175104K)] 326732K->308905K(699392K), 0.0108814 secs] [Times: user=0.15 sys=0.01, real=0.02 secs] 
2016-09-13T20:38:24.192-0400: 36.911: [GC (GCLocker Initiated GC) [PSYoungGen: 169405K->79886K(175104K)] 398587K->345756K(699392K), 0.0119931 secs] [Times: user=0.14 sys=0.00, real=0.01 secs] 
2016-09-13T20:38:24.302-0400: 37.021: [GC (GCLocker Initiated GC) [PSYoungGen: 167950K->85997K(175104K)] 433904K->391829K(699392K), 0.0118089 secs] [Times: user=0.14 sys=0.02, real=0.01 secs] 
2016-09-13T20:38:24.429-0400: 37.148: [GC (GCLocker Initiated GC) [PSYoungGen: 174061K->49325K(175104K)] 479957K->393510K(699392K), 0.0084096 secs] [Times: user=0.12 sys=0.00, real=0.01 secs] 
2016-09-13T20:38:24.523-0400: 37.241: [GC (GCLocker Initiated GC) [PSYoungGen: 137389K->64670K(175104K)] 483235K->454778K(699392K), 0.0108840 secs] [Times: user=0.16 sys=0.00, real=0.01 secs] 
2016-09-13T20:38:24.638-0400: 37.357: [GC (GCLocker Initiated GC) [PSYoungGen: 152734K->60141K(175104K)] 556528K->500933K(699392K), 0.0076683 secs] [Times: user=0.11 sys=0.00, real=0.00 secs] 
2016-09-13T20:38:24.752-0400: 37.470: [GC (GCLocker Initiated GC) [PSYoungGen: 148205K->85812K(175104K)] 589068K->563464K(699392K), 0.0123450 secs] [Times: user=0.14 sys=0.00, real=0.01 secs] 
2016-09-13T20:38:24.764-0400: 37.483: [Full GC (Ergonomics) [PSYoungGen: 85812K->0K(175104K)] [ParOldGen: 477652K->47848K(524288K)] 563464K->47848K(699392K), [Metaspace: 44326K->44326K(1087488K)], 0.0591606 secs] [Times: user=0.33 sys=0.01, real=0.06 secs] 
2016-09-13T20:38:24.938-0400: 37.656: [GC (GCLocker Initiated GC) [PSYoungGen: 88064K->63465K(175104K)] 135937K->111339K(699392K), 0.0083170 secs] [Times: user=0.11 sys=0.01, real=0.00 secs] 
2016-09-13T20:38:25.044-0400: 37.763: [GC (GCLocker Initiated GC) [PSYoungGen: 151529K->79635K(175104K)] 199452K->172176K(699392K), 0.0266286 secs] [Times: user=0.39 sys=0.00, real=0.03 secs] 
2016-09-13T20:38:25.202-0400: 37.920: [GC (GCLocker Initiated GC) [PSYoungGen: 167699K->61502K(175104K)] 260373K->209183K(699392K), 0.0099018 secs] [Times: user=0.13 sys=0.00, real=0.01 secs] 
2016-09-13T20:38:25.322-0400: 38.041: [GC (GCLocker Initiated GC) [PSYoungGen: 149566K->78494K(175104K)] 298829K->268966K(699392K), 0.0098416 secs] [Times: user=0.12 sys=0.00, real=0.01 secs] 
2016-09-13T20:38:25.441-0400: 38.160: [GC (GCLocker Initiated GC) [PSYoungGen: 166558K->59898K(175104K)] 363164K->311563K(699392K), 0.0133374 secs] [Times: user=0.16 sys=0.01, real=0.01 secs] 
2016-09-13T20:38:25.568-0400: 38.287: [GC (GCLocker Initiated GC) [PSYoungGen: 147962K->44955K(175104K)] 405942K->362353K(699392K), 0.0124427 secs] [Times: user=0.16 sys=0.02, real=0.01 secs] 
2016-09-13T20:38:25.677-0400: 38.396: [GC (GCLocker Initiated GC) [PSYoungGen: 133019K->61660K(175104K)] 456517K->425037K(699392K), 0.0164374 secs] [Times: user=0.23 sys=0.00, real=0.01 secs] 
2016-09-13T20:38:25.803-0400: 38.522: [GC (GCLocker Initiated GC) [PSYoungGen: 149724K->85806K(175104K)] 514855K->477087K(699392K), 0.0125956 secs] [Times: user=0.16 sys=0.01, real=0.02 secs] 
2016-09-13T20:38:25.923-0400: 38.642: [GC (GCLocker Initiated GC) [PSYoungGen: 173870K->72201K(175104K)] 574280K->513835K(699392K), 0.0135389 secs] [Times: user=0.16 sys=0.00, real=0.02 secs] 
2016-09-13T20:38:26.079-0400: 38.798: [GC (Allocation Failure) [PSYoungGen: 160265K->41757K(175104K)] 609753K->521877K(699392K), 0.0135907 secs] [Times: user=0.17 sys=0.01, real=0.01 secs] 
2016-09-13T20:38:26.093-0400: 38.811: [Full GC (Ergonomics) [PSYoungGen: 41757K->0K(175104K)] [ParOldGen: 480119K->37193K(524288K)] 521877K->37193K(699392K), [Metaspace: 44329K->44329K(1087488K)], 0.0573477 secs] [Times: user=0.34 sys=0.01, real=0.06 secs] 
2016-09-13T20:38:26.279-0400: 38.997: [GC (GCLocker Initiated GC) [PSYoungGen: 86476K->73534K(175104K)] 129744K->116802K(699392K), 0.0093167 secs] [Times: user=0.09 sys=0.00, real=0.01 secs] 
2016-09-13T20:38:26.376-0400: 39.094: [GC (GCLocker Initiated GC) [PSYoungGen: 161598K->76758K(175104K)] 206562K->163025K(699392K), 0.0117696 secs] [Times: user=0.14 sys=0.00, real=0.00 secs] 
2016-09-13T20:38:26.477-0400: 39.196: [GC (GCLocker Initiated GC) [PSYoungGen: 164822K->49447K(175104K)] 257217K->198426K(699392K), 0.0091685 secs] [Times: user=0.11 sys=0.00, real=0.00 secs] 
2016-09-13T20:38:26.569-0400: 39.288: [GC (GCLocker Initiated GC) [PSYoungGen: 137511K->73747K(175104K)] 286527K->252018K(699392K), 0.0088232 secs] [Times: user=0.14 sys=0.00, real=0.01 secs] 
2016-09-13T20:38:26.682-0400: 39.401: [GC (GCLocker Initiated GC) [PSYoungGen: 161811K->46446K(175104K)] 340190K->244877K(699392K), 0.0157178 secs] [Times: user=0.17 sys=0.00, real=0.02 secs] 
2016-09-13T20:38:26.817-0400: 39.536: [GC (Allocation Failure) [PSYoungGen: 134510K->47837K(175104K)] 333222K->283225K(699392K), 0.0105986 secs] [Times: user=0.11 sys=0.00, real=0.01 secs] 
2016-09-13T20:38:26.828-0400: 39.547: [GC (GCLocker Initiated GC) [PSYoungGen: 47845K->32K(175104K)] 283232K->285953K(699392K), 0.0058858 secs] [Times: user=0.07 sys=0.01, real=0.00 secs] 
2016-09-13T20:38:26.928-0400: 39.646: [GC (GCLocker Initiated GC) [PSYoungGen: 84700K->74005K(175104K)] 376697K->366002K(699392K), 0.0072528 secs] [Times: user=0.11 sys=0.00, real=0.00 secs] 
2016-09-13T20:38:27.059-0400: 39.778: [GC (GCLocker Initiated GC) [PSYoungGen: 162069K->47924K(175104K)] 460281K->392227K(699392K), 0.0084589 secs] [Times: user=0.11 sys=0.01, real=0.01 secs] 
2016-09-13T20:38:27.176-0400: 39.894: [GC (Allocation Failure) [PSYoungGen: 135988K->64513K(175104K)] 480602K->450394K(699392K), 0.0099952 secs] [Times: user=0.14 sys=0.00, real=0.00 secs] 
2016-09-13T20:38:27.287-0400: 40.005: [GC (GCLocker Initiated GC) [PSYoungGen: 152577K->81255K(175104K)] 538463K->505289K(699392K), 0.0101607 secs] [Times: user=0.15 sys=0.00, real=0.02 secs] 
2016-09-13T20:38:27.389-0400: 40.108: [GC (GCLocker Initiated GC) [PSYoungGen: 169319K->84351K(175104K)] 593641K->557456K(699392K), 0.0117633 secs] [Times: user=0.15 sys=0.03, real=0.01 secs] 
2016-09-13T20:38:27.401-0400: 40.120: [Full GC (Ergonomics) [PSYoungGen: 84351K->0K(175104K)] [ParOldGen: 473104K->44814K(524288K)] 557456K->44814K(699392K), [Metaspace: 44333K->44333K(1087488K)], 0.0463729 secs] [Times: user=0.36 sys=0.01, real=0.04 secs] 
2016-09-13T20:38:27.549-0400: 40.268: [GC (GCLocker Initiated GC) [PSYoungGen: 88064K->63387K(175104K)] 139101K->114424K(699392K), 0.0093384 secs] [Times: user=0.13 sys=0.00, real=0.01 secs] 
2016-09-13T20:38:27.666-0400: 40.385: [GC (GCLocker Initiated GC) [PSYoungGen: 151451K->66131K(175104K)] 202658K->151205K(699392K), 0.0094433 secs] [Times: user=0.13 sys=0.00, real=0.02 secs] 
2016-09-13T20:38:27.801-0400: 40.520: [GC (GCLocker Initiated GC) [PSYoungGen: 154195K->67358K(175104K)] 251711K->201514K(699392K), 0.0129272 secs] [Times: user=0.12 sys=0.00, real=0.01 secs] 
2016-09-13T20:38:27.910-0400: 40.629: [GC (GCLocker Initiated GC) [PSYoungGen: 155422K->67731K(175104K)] 295817K->244747K(699392K), 0.0084359 secs] [Times: user=0.11 sys=0.00, real=0.01 secs] 
2016-09-13T20:38:28.018-0400: 40.737: [GC (GCLocker Initiated GC) [PSYoungGen: 155795K->63243K(175104K)] 334352K->261886K(699392K), 0.0076778 secs] [Times: user=0.09 sys=0.00, real=0.00 secs] 
2016-09-13T20:38:28.113-0400: 40.831: [GC (GCLocker Initiated GC) [PSYoungGen: 151307K->75270K(175104K)] 350028K->312297K(699392K), 0.0092846 secs] [Times: user=0.14 sys=0.00, real=0.01 secs] 
2016-09-13T20:38:28.206-0400: 40.925: [GC (GCLocker Initiated GC) [PSYoungGen: 163334K->79764K(175104K)] 401929K->359631K(699392K), 0.0098864 secs] [Times: user=0.15 sys=0.00, real=0.02 secs] 
2016-09-13T20:38:28.317-0400: 41.036: [GC (GCLocker Initiated GC) [PSYoungGen: 167828K->50928K(175104K)] 449333K->369022K(699392K), 0.0114546 secs] [Times: user=0.08 sys=0.01, real=0.01 secs] 
2016-09-13T20:38:28.426-0400: 41.145: [GC (GCLocker Initiated GC) [PSYoungGen: 138992K->75084K(175104K)] 463184K->440665K(699392K), 0.0176584 secs] [Times: user=0.23 sys=0.01, real=0.02 secs] 
2016-09-13T20:38:28.531-0400: 41.250: [GC (GCLocker Initiated GC) [PSYoungGen: 163148K->82896K(175104K)] 528858K->498990K(699392K), 0.0111448 secs] [Times: user=0.14 sys=0.01, real=0.01 secs] 
2016-09-13T20:38:28.645-0400: 41.363: [GC (GCLocker Initiated GC) [PSYoungGen: 170960K->67641K(175104K)] 588907K->529897K(699392K), 0.0105908 secs] [Times: user=0.17 sys=0.02, real=0.01 secs] 
2016-09-13T20:38:28.655-0400: 41.374: [Full GC (Ergonomics) [PSYoungGen: 67641K->0K(175104K)] [ParOldGen: 462256K->40754K(524288K)] 529897K->40754K(699392K), [Metaspace: 44335K->44335K(1087488K)], 0.0502162 secs] [Times: user=0.45 sys=0.00, real=0.05 secs] 
2016-09-13T20:38:28.807-0400: 41.525: [GC (GCLocker Initiated GC) [PSYoungGen: 88064K->81536K(175104K)] 130401K->123874K(699392K), 0.0091212 secs] [Times: user=0.14 sys=0.00, real=0.02 secs] 
2016-09-13T20:38:28.907-0400: 41.625: [GC (Allocation Failure) [PSYoungGen: 169600K->55463K(175104K)] 211991K->151639K(699392K), 0.0103514 secs] [Times: user=0.16 sys=0.00, real=0.02 secs] 
2016-09-13T20:38:28.918-0400: 41.636: [GC (GCLocker Initiated GC) [PSYoungGen: 55468K->64K(175104K)] 151644K->163526K(699392K), 0.0066813 secs] [Times: user=0.09 sys=0.00, real=0.00 secs] 
2016-09-13T20:38:29.020-0400: 41.738: [GC (GCLocker Initiated GC) [PSYoungGen: 88128K->60518K(175104K)] 251593K->223984K(699392K), 0.0075170 secs] [Times: user=0.11 sys=0.00, real=0.00 secs] 
2016-09-13T20:38:29.161-0400: 41.880: [GC (GCLocker Initiated GC) [PSYoungGen: 148582K->56790K(175104K)] 324413K->258986K(699392K), 0.0121397 secs] [Times: user=0.10 sys=0.01, real=0.01 secs] 
2016-09-13T20:38:29.298-0400: 42.017: [GC (GCLocker Initiated GC) [PSYoungGen: 144854K->29676K(175104K)] 356333K->277930K(699392K), 0.0149958 secs] [Times: user=0.20 sys=0.00, real=0.01 secs] 
2016-09-13T20:38:29.417-0400: 42.136: [GC (GCLocker Initiated GC) [PSYoungGen: 117740K->54003K(175104K)] 367660K->328512K(699392K), 0.0133791 secs] [Times: user=0.21 sys=0.00, real=0.01 secs] 
2016-09-13T20:38:29.532-0400: 42.251: [GC (GCLocker Initiated GC) [PSYoungGen: 142067K->82859K(175104K)] 418164K->397215K(699392K), 0.0124810 secs] [Times: user=0.17 sys=0.01, real=0.01 secs] 
2016-09-13T20:38:29.640-0400: 42.359: [GC (GCLocker Initiated GC) [PSYoungGen: 170923K->82865K(175104K)] 497669K->461572K(699392K), 0.0197965 secs] [Times: user=0.29 sys=0.03, real=0.02 secs] 
2016-09-13T20:38:29.774-0400: 42.493: [GC (GCLocker Initiated GC) [PSYoungGen: 170929K->49352K(175104K)] 549673K->460195K(699392K), 0.0122743 secs] [Times: user=0.08 sys=0.00, real=0.01 secs] 
2016-09-13T20:38:29.883-0400: 42.602: [GC (GCLocker Initiated GC) [PSYoungGen: 137416K->64421K(175104K)] 548386K->521266K(699392K), 0.0116615 secs] [Times: user=0.15 sys=0.00, real=0.01 secs] 
2016-09-13T20:38:29.895-0400: 42.613: [Full GC (Ergonomics) [PSYoungGen: 64421K->0K(175104K)] [ParOldGen: 456844K->39305K(524288K)] 521266K->39305K(699392K), [Metaspace: 44337K->44337K(1087488K)], 0.0565033 secs] [Times: user=0.44 sys=0.03, real=0.06 secs] 
2016-09-13T20:38:30.033-0400: 42.751: [GC (GCLocker Initiated GC) [PSYoungGen: 88064K->82932K(175104K)] 127415K->128359K(699392K), 0.0107254 secs] [Times: user=0.15 sys=0.00, real=0.01 secs] 
2016-09-13T20:38:30.140-0400: 42.859: [GC (GCLocker Initiated GC) [PSYoungGen: 170996K->81405K(175104K)] 216529K->176010K(699392K), 0.0130303 secs] [Times: user=0.20 sys=0.00, real=0.01 secs] 
2016-09-13T20:38:30.263-0400: 42.981: [GC (GCLocker Initiated GC) [PSYoungGen: 169469K->44922K(175104K)] 270340K->193148K(699392K), 0.0105536 secs] [Times: user=0.14 sys=0.00, real=0.01 secs] 
2016-09-13T20:38:30.389-0400: 43.108: [GC (GCLocker Initiated GC) [PSYoungGen: 132986K->64576K(175104K)] 281489K->249868K(699392K), 0.0112934 secs] [Times: user=0.16 sys=0.00, real=0.01 secs] 
2016-09-13T20:38:30.511-0400: 43.230: [GC (GCLocker Initiated GC) [PSYoungGen: 152638K->63026K(175104K)] 338179K->285251K(699392K), 0.0103518 secs] [Times: user=0.15 sys=0.01, real=0.01 secs] 
2016-09-13T20:38:30.640-0400: 43.359: [GC (GCLocker Initiated GC) [PSYoungGen: 151090K->63058K(175104K)] 379541K->328105K(699392K), 0.0089653 secs] [Times: user=0.12 sys=0.00, real=0.01 secs] 
2016-09-13T20:38:30.774-0400: 43.492: [GC (GCLocker Initiated GC) [PSYoungGen: 151122K->61633K(175104K)] 422322K->378556K(699392K), 0.0103471 secs] [Times: user=0.14 sys=0.00, real=0.01 secs] 
2016-09-13T20:38:30.883-0400: 43.602: [GC (GCLocker Initiated GC) [PSYoungGen: 149697K->72137K(175104K)] 466694K->425927K(699392K), 0.0132637 secs] [Times: user=0.18 sys=0.01, real=0.02 secs] 
2016-09-13T20:38:30.997-0400: 43.716: [GC (GCLocker Initiated GC) [PSYoungGen: 160201K->53912K(175104K)] 514229K->438540K(699392K), 0.0116022 secs] [Times: user=0.10 sys=0.00, real=0.01 secs] 
2016-09-13T20:38:31.149-0400: 43.868: [GC (GCLocker Initiated GC) [PSYoungGen: 141976K->52516K(175104K)] 532709K->481483K(699392K), 0.0116282 secs] [Times: user=0.18 sys=0.00, real=0.01 secs] 
2016-09-13T20:38:31.249-0400: 43.967: [GC (GCLocker Initiated GC) [PSYoungGen: 140580K->81223K(175104K)] 569661K->566889K(699392K), 0.0113516 secs] [Times: user=0.18 sys=0.00, real=0.01 secs] 
2016-09-13T20:38:31.260-0400: 43.979: [Full GC (Ergonomics) [PSYoungGen: 81223K->0K(175104K)] [ParOldGen: 485665K->45252K(524288K)] 566889K->45252K(699392K), [Metaspace: 44359K->44359K(1087488K)], 0.0536950 secs] [Times: user=0.38 sys=0.01, real=0.05 secs] 
2016-09-13T20:38:31.412-0400: 44.131: [GC (GCLocker Initiated GC) [PSYoungGen: 88064K->64985K(175104K)] 133450K->110371K(699392K), 0.0081743 secs] [Times: user=0.10 sys=0.01, real=0.01 secs] 
2016-09-13T20:38:31.533-0400: 44.252: [GC (GCLocker Initiated GC) [PSYoungGen: 153049K->78181K(175104K)] 204699K->173056K(699392K), 0.0121338 secs] [Times: user=0.19 sys=0.00, real=0.01 secs] 
2016-09-13T20:38:31.670-0400: 44.388: [GC (GCLocker Initiated GC) [PSYoungGen: 166245K->81315K(175104K)] 262688K->232619K(699392K), 0.0137244 secs] [Times: user=0.21 sys=0.00, real=0.01 secs] 
2016-09-13T20:38:31.807-0400: 44.526: [GC (GCLocker Initiated GC) [PSYoungGen: 169379K->31254K(175104K)] 320812K->223954K(699392K), 0.0118313 secs] [Times: user=0.14 sys=0.01, real=0.02 secs] 
2016-09-13T20:38:31.928-0400: 44.647: [GC (Allocation Failure) [PSYoungGen: 119318K->67427K(175104K)] 312149K->286394K(699392K), 0.0102631 secs] [Times: user=0.12 sys=0.00, real=0.01 secs] 
2016-09-13T20:38:32.041-0400: 44.759: [GC (GCLocker Initiated GC) [PSYoungGen: 155491K->63120K(175104K)] 374464K->341566K(699392K), 0.0118367 secs] [Times: user=0.16 sys=0.01, real=0.01 secs] 
2016-09-13T20:38:32.166-0400: 44.885: [GC (Allocation Failure) [PSYoungGen: 151184K->58496K(175104K)] 441872K->386013K(699392K), 0.0106258 secs] [Times: user=0.11 sys=0.00, real=0.02 secs] 
2016-09-13T20:38:32.302-0400: 45.020: [GC (GCLocker Initiated GC) [PSYoungGen: 146150K->43250K(175104K)] 475186K->409032K(699392K), 0.0200299 secs] [Times: user=0.23 sys=0.00, real=0.02 secs] 
2016-09-13T20:38:32.426-0400: 45.144: [GC (GCLocker Initiated GC) [PSYoungGen: 131314K->76698K(175104K)] 497252K->479281K(699392K), 0.0120137 secs] [Times: user=0.14 sys=0.00, real=0.02 secs] 
2016-09-13T20:38:32.538-0400: 45.257: [GC (GCLocker Initiated GC) [PSYoungGen: 164762K->50838K(175104K)] 567462K->490197K(699392K), 0.0127094 secs] [Times: user=0.10 sys=0.01, real=0.01 secs] 
2016-09-13T20:38:32.634-0400: 45.353: [GC (GCLocker Initiated GC) [PSYoungGen: 138902K->52106K(175104K)] 578309K->528248K(699392K), 0.0168155 secs] [Times: user=0.15 sys=0.00, real=0.02 secs] 
2016-09-13T20:38:32.651-0400: 45.370: [Full GC (Ergonomics) [PSYoungGen: 52106K->0K(175104K)] [ParOldGen: 476141K->43844K(524288K)] 528248K->43844K(699392K), [Metaspace: 44360K->44360K(1087488K)], 0.0554499 secs] [Times: user=0.40 sys=0.02, real=0.05 secs] 
2016-09-13T20:38:32.803-0400: 45.522: [GC (GCLocker Initiated GC) [PSYoungGen: 88064K->86119K(175104K)] 138152K->148357K(699392K), 0.0102077 secs] [Times: user=0.15 sys=0.00, real=0.01 secs] 
2016-09-13T20:38:32.914-0400: 45.633: [GC (GCLocker Initiated GC) [PSYoungGen: 174183K->76821K(175104K)] 238124K->205024K(699392K), 0.0153031 secs] [Times: user=0.24 sys=0.00, real=0.02 secs] 
2016-09-13T20:38:33.025-0400: 45.744: [GC (GCLocker Initiated GC) [PSYoungGen: 164885K->58623K(175104K)] 293266K->228296K(699392K), 0.0131563 secs] [Times: user=0.14 sys=0.00, real=0.02 secs] 
2016-09-13T20:38:33.138-0400: 45.857: [GC (GCLocker Initiated GC) [PSYoungGen: 146687K->85992K(175104K)] 318058K->294203K(699392K), 0.0140643 secs] [Times: user=0.19 sys=0.01, real=0.01 secs] 
2016-09-13T20:38:33.277-0400: 45.996: [GC (GCLocker Initiated GC) [PSYoungGen: 174056K->84416K(175104K)] 383834K->336991K(699392K), 0.0121751 secs] [Times: user=0.16 sys=0.01, real=0.01 secs] 
2016-09-13T20:38:33.387-0400: 46.106: [GC (GCLocker Initiated GC) [PSYoungGen: 172480K->82865K(175104K)] 425123K->379825K(699392K), 0.0108793 secs] [Times: user=0.15 sys=0.01, real=0.02 secs] 
2016-09-13T20:38:33.512-0400: 46.231: [GC (GCLocker Initiated GC) [PSYoungGen: 170929K->69223K(175104K)] 473995K->416540K(699392K), 0.0121556 secs] [Times: user=0.19 sys=0.01, real=0.01 secs] 
2016-09-13T20:38:33.631-0400: 46.349: [GC (GCLocker Initiated GC) [PSYoungGen: 157287K->81377K(175104K)] 504701K->476205K(699392K), 0.0135834 secs] [Times: user=0.22 sys=0.00, real=0.01 secs] 
2016-09-13T20:38:33.743-0400: 46.462: [GC (GCLocker Initiated GC) [PSYoungGen: 169439K->82796K(175104K)] 570529K->538889K(699392K), 0.0135612 secs] [Times: user=0.22 sys=0.00, real=0.02 secs] 
2016-09-13T20:38:33.855-0400: 46.574: [GC (GCLocker Initiated GC) [PSYoungGen: 170859K->76879K(175104K)] 627240K->588180K(699392K), 0.0109488 secs] [Times: user=0.17 sys=0.00, real=0.01 secs] 
2016-09-13T20:38:33.866-0400: 46.585: [Full GC (Ergonomics) [PSYoungGen: 76879K->0K(175104K)] [ParOldGen: 511301K->43810K(524288K)] 588180K->43810K(699392K), [Metaspace: 44364K->44364K(1087488K)], 0.0532033 secs] [Times: user=0.37 sys=0.00, real=0.06 secs] 
2016-09-13T20:38:34.019-0400: 46.738: [GC (GCLocker Initiated GC) [PSYoungGen: 88064K->81440K(175104K)] 135087K->140614K(699392K), 0.0098072 secs] [Times: user=0.14 sys=0.00, real=0.01 secs] 
2016-09-13T20:38:34.132-0400: 46.850: [GC (GCLocker Initiated GC) [PSYoungGen: 169504K->81250K(175104K)] 228883K->183686K(699392K), 0.0098687 secs] [Times: user=0.13 sys=0.00, real=0.01 secs] 
2016-09-13T20:38:34.246-0400: 46.965: [GC (GCLocker Initiated GC) [PSYoungGen: 169314K->81410K(175104K)] 273354K->228354K(699392K), 0.0121066 secs] [Times: user=0.17 sys=0.01, real=0.02 secs] 
2016-09-13T20:38:34.372-0400: 47.091: [GC (GCLocker Initiated GC) [PSYoungGen: 169474K->41975K(175104K)] 316583K->242603K(699392K), 0.0099995 secs] [Times: user=0.13 sys=0.00, real=0.01 secs] 
2016-09-13T20:38:34.476-0400: 47.194: [GC (Allocation Failure) [PSYoungGen: 130039K->69009K(175104K)] 330675K->309359K(699392K), 0.0096936 secs] [Times: user=0.10 sys=0.00, real=0.00 secs] 
2016-09-13T20:38:34.596-0400: 47.315: [GC (GCLocker Initiated GC) [PSYoungGen: 157073K->82828K(175104K)] 397426K->370457K(699392K), 0.0104334 secs] [Times: user=0.16 sys=0.00, real=0.00 secs] 
2016-09-13T20:38:34.715-0400: 47.434: [GC (GCLocker Initiated GC) [PSYoungGen: 170892K->60205K(175104K)] 466254K->410561K(699392K), 0.0110941 secs] [Times: user=0.17 sys=0.00, real=0.01 secs] 
2016-09-13T20:38:34.829-0400: 47.548: [GC (GCLocker Initiated GC) [PSYoungGen: 148269K->84288K(175104K)] 498936K->471734K(699392K), 0.0122266 secs] [Times: user=0.20 sys=0.00, real=0.01 secs] 
2016-09-13T20:38:34.938-0400: 47.657: [GC (GCLocker Initiated GC) [PSYoungGen: 172352K->64608K(175104K)] 561342K->494915K(699392K), 0.0111712 secs] [Times: user=0.17 sys=0.00, real=0.01 secs] 
2016-09-13T20:38:35.043-0400: 47.762: [GC (GCLocker Initiated GC) [PSYoungGen: 152672K->69255K(175104K)] 583222K->542627K(699392K), 0.0127328 secs] [Times: user=0.21 sys=0.00, real=0.02 secs] 
2016-09-13T20:38:35.056-0400: 47.775: [Full GC (Ergonomics) [PSYoungGen: 69255K->0K(175104K)] [ParOldGen: 473372K->39346K(524288K)] 542627K->39346K(699392K), [Metaspace: 44368K->44368K(1087488K)], 0.0569715 secs] [Times: user=0.41 sys=0.01, real=0.05 secs] 
2016-09-13T20:38:35.222-0400: 47.940: [GC (GCLocker Initiated GC) [PSYoungGen: 88064K->56917K(175104K)] 127624K->96478K(699392K), 0.0141547 secs] [Times: user=0.16 sys=0.00, real=0.02 secs] 
2016-09-13T20:38:35.358-0400: 48.077: [GC (GCLocker Initiated GC) [PSYoungGen: 144981K->55527K(175104K)] 184645K->139638K(699392K), 0.0106027 secs] [Times: user=0.13 sys=0.00, real=0.01 secs] 
2016-09-13T20:38:35.485-0400: 48.203: [GC (GCLocker Initiated GC) [PSYoungGen: 143591K->65966K(175104K)] 233879K->197502K(699392K), 0.0225474 secs] [Times: user=0.27 sys=0.00, real=0.02 secs] 
2016-09-13T20:38:35.609-0400: 48.327: [GC (GCLocker Initiated GC) [PSYoungGen: 154030K->40148K(175104K)] 285820K->229893K(699392K), 0.0100437 secs] [Times: user=0.10 sys=0.00, real=0.01 secs] 
2016-09-13T20:38:35.730-0400: 48.448: [GC (GCLocker Initiated GC) [PSYoungGen: 128212K->43212K(175104K)] 324146K->257524K(699392K), 0.0142911 secs] [Times: user=0.14 sys=0.00, real=0.01 secs] 
2016-09-13T20:38:35.835-0400: 48.554: [GC (GCLocker Initiated GC) [PSYoungGen: 131276K->60023K(175104K)] 347322K->312878K(699392K), 0.0233710 secs] [Times: user=0.27 sys=0.00, real=0.03 secs] 
2016-09-13T20:38:35.961-0400: 48.680: [GC (GCLocker Initiated GC) [PSYoungGen: 148087K->46281K(175104K)] 413207K->348148K(699392K), 0.0103256 secs] [Times: user=0.08 sys=0.00, real=0.01 secs] 
2016-09-13T20:38:36.084-0400: 48.803: [GC (GCLocker Initiated GC) [PSYoungGen: 134345K->34190K(175104K)] 436222K->336343K(699392K), 0.0068186 secs] [Times: user=0.06 sys=0.00, real=0.01 secs] 
2016-09-13T20:38:36.211-0400: 48.929: [GC (GCLocker Initiated GC) [PSYoungGen: 122254K->31066K(175104K)] 424415K->339570K(699392K), 0.0061812 secs] [Times: user=0.05 sys=0.01, real=0.01 secs] 
2016-09-13T20:38:36.354-0400: 49.073: [GC (GCLocker Initiated GC) [PSYoungGen: 119130K->28116K(175104K)] 433927K->350681K(699392K), 0.0065332 secs] [Times: user=0.05 sys=0.00, real=0.01 secs] 
2016-09-13T20:38:36.492-0400: 49.210: [GC (GCLocker Initiated GC) [PSYoungGen: 116180K->40084K(175104K)] 438840K->381142K(699392K), 0.0178985 secs] [Times: user=0.19 sys=0.00, real=0.02 secs] 
2016-09-13T20:38:36.655-0400: 49.374: [GC (GCLocker Initiated GC) [PSYoungGen: 128148K->31007K(175104K)] 469348K->380035K(699392K), 0.0116159 secs] [Times: user=0.13 sys=0.00, real=0.01 secs] 
2016-09-13T20:38:36.800-0400: 49.519: [GC (GCLocker Initiated GC) [PSYoungGen: 119071K->41502K(175104K)] 468105K->390678K(699392K), 0.0157273 secs] [Times: user=0.17 sys=0.00, real=0.02 secs] 
2016-09-13T20:38:36.934-0400: 49.653: [GC (GCLocker Initiated GC) [PSYoungGen: 129566K->50906K(175104K)] 478803K->400408K(699392K), 0.0222005 secs] [Times: user=0.27 sys=0.00, real=0.03 secs] 
2016-09-13T20:38:37.080-0400: 49.799: [GC (GCLocker Initiated GC) [PSYoungGen: 138970K->46256K(134656K)] 494600K->422048K(658944K), 0.0218560 secs] [Times: user=0.25 sys=0.00, real=0.02 secs] 
2016-09-13T20:38:37.270-0400: 49.988: [GC (GCLocker Initiated GC) [PSYoungGen: 134320K->37206K(174592K)] 516333K->419406K(698880K), 0.0248302 secs] [Times: user=0.30 sys=0.00, real=0.02 secs] 
2016-09-13T20:38:37.444-0400: 50.163: [GC (GCLocker Initiated GC) [PSYoungGen: 126806K->6666K(173056K)] 515172K->399832K(697344K), 0.0102542 secs] [Times: user=0.07 sys=0.00, real=0.01 secs] 
2016-09-13T20:38:37.568-0400: 50.287: [GC (GCLocker Initiated GC) [PSYoungGen: 96266K->27902K(176640K)] 489569K->421515K(700928K), 0.0246586 secs] [Times: user=0.23 sys=0.00, real=0.02 secs] 
2016-09-13T20:38:37.714-0400: 50.433: [GC (GCLocker Initiated GC) [PSYoungGen: 118014K->50624K(140800K)] 514694K->447506K(665088K), 0.0178865 secs] [Times: user=0.16 sys=0.00, real=0.02 secs] 
2016-09-13T20:38:37.857-0400: 50.576: [GC (GCLocker Initiated GC) [PSYoungGen: 140736K->34137K(177152K)] 543804K->451056K(701440K), 0.0108059 secs] [Times: user=0.10 sys=0.00, real=0.01 secs] 
2016-09-13T20:38:37.989-0400: 50.708: [GC (GCLocker Initiated GC) [PSYoungGen: 127321K->14232K(174592K)] 544346K->436026K(698880K), 0.0326571 secs] [Times: user=0.32 sys=0.00, real=0.03 secs] 
2016-09-13T20:38:38.132-0400: 50.850: [GC (GCLocker Initiated GC) [PSYoungGen: 107416K->43216K(176128K)] 530915K->468452K(700416K), 0.0135711 secs] [Times: user=0.12 sys=0.01, real=0.01 secs] 
2016-09-13T20:38:38.279-0400: 50.997: [GC (Allocation Failure) [PSYoungGen: 141520K->41565K(177664K)] 566870K->467124K(701952K), 0.0296070 secs] [Times: user=0.28 sys=0.01, real=0.03 secs] 
2016-09-13T20:38:38.444-0400: 51.163: [GC (GCLocker Initiated GC) [PSYoungGen: 134688K->27870K(181248K)] 566321K->459740K(705536K), 0.0236494 secs] [Times: user=0.26 sys=0.00, real=0.03 secs] 
2016-09-13T20:38:38.608-0400: 51.327: [GC (GCLocker Initiated GC) [PSYoungGen: 134366K->47582K(181248K)] 567919K->481412K(705536K), 0.0164241 secs] [Times: user=0.14 sys=0.01, real=0.01 secs] 
2016-09-13T20:38:38.812-0400: 51.530: [GC (Allocation Failure) [PSYoungGen: 154078K->5115K(182784K)] 600402K->457652K(707072K), 0.0269349 secs] [Times: user=0.27 sys=0.00, real=0.03 secs] 
2016-09-13T20:38:39.001-0400: 51.720: [GC (Allocation Failure) [PSYoungGen: 113433K->41657K(185344K)] 565970K->494403K(709632K), 0.0252082 secs] [Times: user=0.27 sys=0.00, real=0.02 secs] 
2016-09-13T20:38:39.168-0400: 51.887: [GC (GCLocker Initiated GC) [PSYoungGen: 150201K->26409K(180736K)] 602962K->479344K(705024K), 0.0097342 secs] [Times: user=0.08 sys=0.00, real=0.01 secs] 
2016-09-13T20:38:39.299-0400: 52.018: [GC (GCLocker Initiated GC) [PSYoungGen: 137001K->67607K(178688K)] 591501K->528556K(702976K), 0.0085850 secs] [Times: user=0.08 sys=0.00, real=0.01 secs] 
2016-09-13T20:38:39.482-0400: 52.201: [GC (GCLocker Initiated GC) [PSYoungGen: 178199K->49383K(181248K)] 639416K->515339K(705536K), 0.0102951 secs] [Times: user=0.11 sys=0.00, real=0.01 secs] 
2016-09-13T20:38:39.651-0400: 52.370: [GC (GCLocker Initiated GC) [PSYoungGen: 149735K->28125K(128512K)] 623517K->509793K(652800K), 0.0117107 secs] [Times: user=0.12 sys=0.00, real=0.01 secs] 
2016-09-13T20:38:39.829-0400: 52.547: [GC (GCLocker Initiated GC) [PSYoungGen: 128477K->27833K(180736K)] 610187K->509729K(705024K), 0.0149814 secs] [Times: user=0.13 sys=0.00, real=0.01 secs] 
2016-09-13T20:38:40.012-0400: 52.731: [GC (GCLocker Initiated GC) [PSYoungGen: 130233K->46223K(178688K)] 613754K->529999K(702976K), 0.0220407 secs] [Times: user=0.26 sys=0.00, real=0.02 secs] 
2016-09-13T20:38:40.181-0400: 52.899: [GC (GCLocker Initiated GC) [PSYoungGen: 148623K->44576K(184320K)] 632586K->537951K(708608K), 0.0318766 secs] [Times: user=0.32 sys=0.01, real=0.03 secs] 
2016-09-13T20:38:40.347-0400: 53.066: [GC (GCLocker Initiated GC) [PSYoungGen: 153632K->32427K(183296K)] 647105K->526109K(707584K), 0.0260247 secs] [Times: user=0.29 sys=0.00, real=0.03 secs] 
2016-09-13T20:38:40.518-0400: 53.237: [GC (Allocation Failure) [PSYoungGen: 141483K->44507K(186368K)] 635266K->542911K(710656K), 0.0094786 secs] [Times: user=0.06 sys=0.00, real=0.01 secs] 
2016-09-13T20:38:40.699-0400: 53.418: [Full GC (Ergonomics) [PSYoungGen: 154374K->0K(186368K)] [ParOldGen: 504478K->42697K(524288K)] 658852K->42697K(710656K), [Metaspace: 44376K->44376K(1087488K)], 0.0680617 secs] [Times: user=0.34 sys=0.01, real=0.06 secs] 
2016-09-13T20:38:40.899-0400: 53.617: [GC (GCLocker Initiated GC) [PSYoungGen: 114176K->64703K(184832K)] 156896K->125648K(709120K), 0.0215334 secs] [Times: user=0.26 sys=0.00, real=0.02 secs] 
2016-09-13T20:38:41.081-0400: 53.800: [GC (GCLocker Initiated GC) [PSYoungGen: 178879K->40555K(187904K)] 241418K->126215K(712192K), 0.0106753 secs] [Times: user=0.11 sys=0.00, real=0.01 secs] 
2016-09-13T20:38:41.267-0400: 53.986: [GC (Allocation Failure) [PSYoungGen: 151659K->37137K(148480K)] 237588K->123380K(672768K), 0.0168121 secs] [Times: user=0.15 sys=0.00, real=0.02 secs] 
2016-09-13T20:38:41.447-0400: 54.165: [GC (GCLocker Initiated GC) [PSYoungGen: 142606K->46345K(183808K)] 234925K->138830K(708096K), 0.0272591 secs] [Times: user=0.32 sys=0.00, real=0.03 secs] 
2016-09-13T20:38:41.643-0400: 54.361: [GC (Allocation Failure) [PSYoungGen: 158985K->46377K(182784K)] 251627K->139165K(707072K), 0.0218981 secs] [Times: user=0.27 sys=0.00, real=0.02 secs] 
2016-09-13T20:38:41.812-0400: 54.531: [GC (GCLocker Initiated GC) [PSYoungGen: 159017K->46345K(190976K)] 251806K->139410K(715264K), 0.0132380 secs] [Times: user=0.12 sys=0.00, real=0.01 secs] 
2016-09-13T20:38:42.012-0400: 54.731: [GC (GCLocker Initiated GC) [PSYoungGen: 168201K->37207K(189952K)] 267352K->136568K(714240K), 0.0084932 secs] [Times: user=0.09 sys=0.00, real=0.01 secs] 
2016-09-13T20:38:42.206-0400: 54.924: [GC (GCLocker Initiated GC) [PSYoungGen: 159063K->44822K(192512K)] 258463K->150451K(716800K), 0.0070536 secs] [Times: user=0.05 sys=0.01, real=0.01 secs] 
2016-09-13T20:38:42.419-0400: 55.137: [GC (GCLocker Initiated GC) [PSYoungGen: 171286K->49388K(191488K)] 277073K->166028K(715776K), 0.0073823 secs] [Times: user=0.08 sys=0.01, real=0.00 secs] 
2016-09-13T20:38:42.635-0400: 55.354: [GC (GCLocker Initiated GC) [PSYoungGen: 175852K->46287K(195584K)] 295721K->167841K(719872K), 0.0070243 secs] [Times: user=0.06 sys=0.00, real=0.01 secs] 
2016-09-13T20:38:42.846-0400: 55.565: [GC (GCLocker Initiated GC) [PSYoungGen: 177871K->11286K(143360K)] 311751K->145297K(667648K), 0.0040441 secs] [Times: user=0.03 sys=0.00, real=0.01 secs] 
2016-09-13T20:38:43.064-0400: 55.782: [GC (GCLocker Initiated GC) [PSYoungGen: 142870K->66024K(180736K)] 276944K->200331K(705024K), 0.0213971 secs] [Times: user=0.18 sys=0.01, real=0.02 secs] 
2016-09-13T20:38:43.283-0400: 56.002: [GC (GCLocker Initiated GC) [PSYoungGen: 178664K->43122K(187392K)] 313115K->183968K(711680K), 0.0140882 secs] [Times: user=0.13 sys=0.00, real=0.02 secs] 
2016-09-13T20:38:43.448-0400: 56.166: [GC (GCLocker Initiated GC) [PSYoungGen: 155762K->34313K(181248K)] 296703K->175416K(705536K), 0.0052565 secs] [Times: user=0.05 sys=0.00, real=0.00 secs] 
2016-09-13T20:38:43.613-0400: 56.331: [GC (GCLocker Initiated GC) [PSYoungGen: 150025K->46185K(185856K)] 291397K->187818K(710144K), 0.0096086 secs] [Times: user=0.09 sys=0.00, real=0.01 secs] 
2016-09-13T20:38:43.810-0400: 56.529: [GC (GCLocker Initiated GC) [PSYoungGen: 161897K->40244K(185856K)] 309630K->192899K(710144K), 0.0107191 secs] [Times: user=0.09 sys=0.00, real=0.01 secs] 
2016-09-13T20:38:44.013-0400: 56.732: [GC (GCLocker Initiated GC) [PSYoungGen: 163124K->14547K(189440K)] 323470K->190288K(713728K), 0.0097480 secs] [Times: user=0.13 sys=0.00, real=0.01 secs] 
2016-09-13T20:38:44.225-0400: 56.944: [GC (GCLocker Initiated GC) [PSYoungGen: 137427K->46351K(193536K)] 314830K->223987K(717824K), 0.0116784 secs] [Times: user=0.14 sys=0.00, real=0.02 secs] 
2016-09-13T20:38:44.424-0400: 57.142: [GC (GCLocker Initiated GC) [PSYoungGen: 170767K->34169K(158720K)] 350053K->213633K(683008K), 0.0072170 secs] [Times: user=0.08 sys=0.01, real=0.01 secs] 
2016-09-13T20:38:44.638-0400: 57.357: [GC (GCLocker Initiated GC) [PSYoungGen: 158585K->31147K(192000K)] 338072K->212350K(716288K), 0.0192545 secs] [Times: user=0.22 sys=0.00, real=0.02 secs] 
2016-09-13T20:38:44.837-0400: 57.556: [GC (GCLocker Initiated GC) [PSYoungGen: 156587K->40148K(190976K)] 338017K->223372K(715264K), 0.0075750 secs] [Times: user=0.04 sys=0.00, real=0.00 secs] 
2016-09-13T20:38:45.042-0400: 57.761: [GC (GCLocker Initiated GC) [PSYoungGen: 165588K->29571K(194560K)] 348837K->212947K(718848K), 0.0108826 secs] [Times: user=0.13 sys=0.01, real=0.01 secs] 
2016-09-13T20:38:45.252-0400: 57.971: [GC (GCLocker Initiated GC) [PSYoungGen: 160643K->41666K(193536K)] 350259K->237586K(717824K), 0.0090942 secs] [Times: user=0.06 sys=0.00, real=0.01 secs] 
2016-09-13T20:38:45.461-0400: 58.179: [GC (GCLocker Initiated GC) [PSYoungGen: 172738K->61283K(188416K)] 368878K->257550K(712704K), 0.0122026 secs] [Times: user=0.12 sys=0.00, real=0.01 secs] 
2016-09-13T20:38:45.674-0400: 58.392: [GC (Allocation Failure) [PSYoungGen: 188259K->47645K(194560K)] 384853K->244397K(718848K), 0.0493460 secs] [Times: user=0.49 sys=0.00, real=0.05 secs] 
2016-09-13T20:38:45.891-0400: 58.609: [GC (GCLocker Initiated GC) [PSYoungGen: 174621K->49404K(193536K)] 371376K->246239K(717824K), 0.0129789 secs] [Times: user=0.16 sys=0.00, real=0.01 secs] 
2016-09-13T20:38:46.071-0400: 58.789: [GC (GCLocker Initiated GC) [PSYoungGen: 175356K->46376K(172544K)] 372278K->243511K(696832K), 0.0061829 secs] [Times: user=0.06 sys=0.00, real=0.01 secs] 
2016-09-13T20:38:46.266-0400: 58.985: [GC (GCLocker Initiated GC) [PSYoungGen: 172328K->41720K(195584K)] 369776K->242486K(719872K), 0.0317699 secs] [Times: user=0.35 sys=0.00, real=0.04 secs] 
2016-09-13T20:38:46.481-0400: 59.200: [GC (GCLocker Initiated GC) [PSYoungGen: 170232K->43276K(172032K)] 372615K->245755K(696320K), 0.0262979 secs] [Times: user=0.29 sys=0.00, real=0.02 secs] 
2016-09-13T20:38:46.683-0400: 59.402: [GC (GCLocker Initiated GC) [PSYoungGen: 171788K->44635K(194560K)] 374294K->247410K(718848K), 0.0072959 secs] [Times: user=0.06 sys=0.00, real=0.01 secs] 
2016-09-13T20:38:46.895-0400: 59.613: [GC (GCLocker Initiated GC) [PSYoungGen: 176219K->49222K(193024K)] 379206K->255353K(717312K), 0.0097790 secs] [Times: user=0.06 sys=0.00, real=0.01 secs] 
2016-09-13T20:38:47.092-0400: 59.811: [GC (Allocation Failure) [PSYoungGen: 180806K->58432K(192000K)] 387138K->271041K(716288K), 0.0175342 secs] [Times: user=0.18 sys=0.00, real=0.02 secs] 
2016-09-13T20:38:47.305-0400: 60.024: [GC (GCLocker Initiated GC) [PSYoungGen: 188480K->62738K(193024K)] 402609K->276989K(717312K), 0.0218375 secs] [Times: user=0.18 sys=0.01, real=0.02 secs] 
2016-09-13T20:38:47.536-0400: 60.255: [GC (GCLocker Initiated GC) [PSYoungGen: 192786K->31370K(189952K)] 407062K->245793K(714240K), 0.0065801 secs] [Times: user=0.05 sys=0.00, real=0.00 secs] 
2016-09-13T20:38:47.726-0400: 60.445: [GC (Allocation Failure) [PSYoungGen: 152202K->44609K(165888K)] 366887K->264130K(690176K), 0.0149411 secs] [Times: user=0.17 sys=0.01, real=0.02 secs] 
2016-09-13T20:38:47.905-0400: 60.624: [GC (GCLocker Initiated GC) [PSYoungGen: 165123K->62993K(184832K)] 386163K->284156K(709120K), 0.0099302 secs] [Times: user=0.10 sys=0.00, real=0.01 secs] 
2016-09-13T20:38:48.120-0400: 60.838: [GC (GCLocker Initiated GC) [PSYoungGen: 179729K->37073K(189440K)] 400967K->258563K(713728K), 0.0195910 secs] [Times: user=0.16 sys=0.01, real=0.02 secs] 
2016-09-13T20:38:48.299-0400: 61.017: [GC (GCLocker Initiated GC) [PSYoungGen: 153809K->67385K(179200K)] 375610K->293959K(703488K), 0.0090457 secs] [Times: user=0.07 sys=0.00, real=0.01 secs] 
2016-09-13T20:38:48.476-0400: 61.194: [GC (Allocation Failure) [PSYoungGen: 174905K->46344K(184832K)] 401725K->283934K(709120K), 0.0146556 secs] [Times: user=0.13 sys=0.00, real=0.01 secs] 
2016-09-13T20:38:48.646-0400: 61.364: [GC (GCLocker Initiated GC) [PSYoungGen: 151674K->25046K(184320K)] 395339K->269122K(708608K), 0.0183645 secs] [Times: user=0.19 sys=0.00, real=0.02 secs] 
2016-09-13T20:38:48.840-0400: 61.558: [GC (GCLocker Initiated GC) [PSYoungGen: 135126K->28062K(185856K)] 379216K->272274K(710144K), 0.0099798 secs] [Times: user=0.11 sys=0.01, real=0.01 secs] 
2016-09-13T20:38:49.018-0400: 61.737: [GC (GCLocker Initiated GC) [PSYoungGen: 138142K->24890K(186368K)] 384021K->275476K(710656K), 0.0343611 secs] [Times: user=0.39 sys=0.00, real=0.03 secs] 
2016-09-13T20:38:49.227-0400: 61.945: [GC (GCLocker Initiated GC) [PSYoungGen: 135482K->61474K(172544K)] 387790K->314087K(696832K), 0.0086203 secs] [Times: user=0.08 sys=0.00, real=0.01 secs] 
2016-09-13T20:38:49.374-0400: 62.092: [GC (GCLocker Initiated GC) [PSYoungGen: 172066K->38787K(185344K)] 424721K->291749K(709632K), 0.0112147 secs] [Times: user=0.14 sys=0.00, real=0.01 secs] 
2016-09-13T20:38:49.520-0400: 62.239: [GC (GCLocker Initiated GC) [PSYoungGen: 144259K->49377K(155136K)] 397232K->308592K(679424K), 0.0155005 secs] [Times: user=0.16 sys=0.00, real=0.01 secs] 
2016-09-13T20:38:49.711-0400: 62.429: [GC (Allocation Failure) [PSYoungGen: 154849K->40020K(183808K)] 415591K->303987K(708096K), 0.0099750 secs] [Times: user=0.06 sys=0.00, real=0.01 secs] 
2016-09-13T20:38:49.885-0400: 62.604: [GC (Allocation Failure) [PSYoungGen: 143281K->29512K(181248K)] 407248K->293697K(705536K), 0.0154325 secs] [Times: user=0.14 sys=0.00, real=0.02 secs] 
2016-09-13T20:38:50.059-0400: 62.778: [GC (Allocation Failure) [PSYoungGen: 133463K->23471K(185856K)] 397648K->287779K(710144K), 0.0155328 secs] [Times: user=0.15 sys=0.00, real=0.01 secs] 
2016-09-13T20:38:50.233-0400: 62.952: [GC (GCLocker Initiated GC) [PSYoungGen: 136623K->30998K(185856K)] 400934K->295510K(710144K), 0.0278267 secs] [Times: user=0.33 sys=0.01, real=0.03 secs] 
2016-09-13T20:38:50.426-0400: 63.145: [GC (GCLocker Initiated GC) [PSYoungGen: 144150K->29416K(187904K)] 410203K->295533K(712192K), 0.0058847 secs] [Times: user=0.04 sys=0.00, real=0.01 secs] 
2016-09-13T20:38:50.604-0400: 63.323: [GC (GCLocker Initiated GC) [PSYoungGen: 147688K->38628K(187904K)] 413830K->308111K(712192K), 0.0125807 secs] [Times: user=0.11 sys=0.00, real=0.02 secs] 
2016-09-13T20:38:50.800-0400: 63.519: [GC (GCLocker Initiated GC) [PSYoungGen: 156900K->6699K(186368K)] 426390K->279514K(710656K), 0.0222071 secs] [Times: user=0.22 sys=0.00, real=0.02 secs] 
2016-09-13T20:38:51.004-0400: 63.723: [GC (GCLocker Initiated GC) [PSYoungGen: 126507K->60046K(180224K)] 399331K->333100K(704512K), 0.0171371 secs] [Times: user=0.20 sys=0.00, real=0.02 secs] 
2016-09-13T20:38:51.212-0400: 63.931: [GC (Allocation Failure) [PSYoungGen: 179854K->23404K(188416K)] 459070K->321062K(712704K), 0.0066488 secs] [Times: user=0.06 sys=0.00, real=0.01 secs] 
2016-09-13T20:38:51.381-0400: 64.099: [GC (Allocation Failure) [PSYoungGen: 135428K->44513K(157696K)] 433086K->342322K(681984K), 0.0098395 secs] [Times: user=0.07 sys=0.00, real=0.01 secs] 
2016-09-13T20:38:51.549-0400: 64.268: [GC (GCLocker Initiated GC) [PSYoungGen: 154015K->31039K(188928K)] 457899K->335053K(713216K), 0.0207950 secs] [Times: user=0.21 sys=0.00, real=0.02 secs] 
2016-09-13T20:38:51.750-0400: 64.468: [GC (GCLocker Initiated GC) [PSYoungGen: 146751K->34009K(150016K)] 450857K->338293K(674304K), 0.0341480 secs] [Times: user=0.39 sys=0.00, real=0.03 secs] 
2016-09-13T20:38:51.960-0400: 64.679: [GC (GCLocker Initiated GC) [PSYoungGen: 149721K->31003K(187904K)] 454022K->343131K(712192K), 0.0249854 secs] [Times: user=0.29 sys=0.00, real=0.02 secs] 
2016-09-13T20:38:52.116-0400: 64.834: [GC (GCLocker Initiated GC) [PSYoungGen: 151323K->46414K(185856K)] 463767K->359029K(710144K), 0.0140956 secs] [Times: user=0.17 sys=0.00, real=0.01 secs] 
2016-09-13T20:38:52.302-0400: 65.020: [GC (GCLocker Initiated GC) [PSYoungGen: 166734K->29702K(193536K)] 479353K->342708K(717824K), 0.0067929 secs] [Times: user=0.06 sys=0.00, real=0.01 secs] 
2016-09-13T20:38:52.518-0400: 65.237: [GC (GCLocker Initiated GC) [PSYoungGen: 159750K->37019K(194560K)] 472926K->350405K(718848K), 0.0221368 secs] [Times: user=0.22 sys=0.00, real=0.02 secs] 
2016-09-13T20:38:52.795-0400: 65.514: [GC (GCLocker Initiated GC) [PSYoungGen: 167067K->5147K(194048K)] 486556K->329263K(718336K), 0.0129501 secs] [Times: user=0.11 sys=0.01, real=0.02 secs] 
2016-09-13T20:38:53.012-0400: 65.731: [GC (GCLocker Initiated GC) [PSYoungGen: 136731K->11376K(196608K)] 474706K->349603K(720896K), 0.0114532 secs] [Times: user=0.12 sys=0.00, real=0.01 secs] 
2016-09-13T20:38:53.206-0400: 65.925: [GC (GCLocker Initiated GC) [PSYoungGen: 142960K->49261K(190464K)] 481223K->393833K(714752K), 0.0364322 secs] [Times: user=0.43 sys=0.00, real=0.04 secs] 
2016-09-13T20:38:53.411-0400: 66.130: [GC (GCLocker Initiated GC) [PSYoungGen: 174189K->65997K(190976K)] 519020K->415614K(715264K), 0.0258435 secs] [Times: user=0.30 sys=0.00, real=0.03 secs] 
2016-09-13T20:38:53.604-0400: 66.323: [GC (GCLocker Initiated GC) [PSYoungGen: 190925K->44922K(179712K)] 540811K->395187K(704000K), 0.0118109 secs] [Times: user=0.13 sys=0.00, real=0.02 secs] 
2016-09-13T20:38:53.789-0400: 66.507: [GC (GCLocker Initiated GC) [PSYoungGen: 153466K->17302K(185344K)] 503751K->367812K(709632K), 0.0062594 secs] [Times: user=0.05 sys=0.00, real=0.00 secs] 
2016-09-13T20:38:53.949-0400: 66.668: [GC (GCLocker Initiated GC) [PSYoungGen: 125846K->28306K(178688K)] 482546K->397347K(702976K), 0.0221512 secs] [Times: user=0.24 sys=0.00, real=0.02 secs] 
2016-09-13T20:38:54.136-0400: 66.855: [GC (Allocation Failure) [PSYoungGen: 137362K->5083K(182272K)] 514344K->382360K(706560K), 0.0205953 secs] [Times: user=0.19 sys=0.01, real=0.02 secs] 
2016-09-13T20:38:54.324-0400: 67.043: [GC (GCLocker Initiated GC) [PSYoungGen: 114139K->62801K(173568K)] 491427K->440416K(697856K), 0.0311168 secs] [Times: user=0.34 sys=0.00, real=0.03 secs] 
2016-09-13T20:38:54.497-0400: 67.215: [GC (GCLocker Initiated GC) [PSYoungGen: 162129K->49096K(148480K)] 539870K->427022K(672768K), 0.0159748 secs] [Times: user=0.14 sys=0.00, real=0.01 secs] 
2016-09-13T20:38:54.654-0400: 67.373: [GC (GCLocker Initiated GC) [PSYoungGen: 148424K->9672K(179712K)] 538619K->401626K(704000K), 0.0184478 secs] [Times: user=0.18 sys=0.01, real=0.02 secs] 
2016-09-13T20:38:54.826-0400: 67.545: [GC (GCLocker Initiated GC) [PSYoungGen: 106952K->46344K(143872K)] 500572K->440162K(668160K), 0.0216797 secs] [Times: user=0.21 sys=0.00, real=0.03 secs] 
2016-09-13T20:38:54.998-0400: 67.716: [GC (GCLocker Initiated GC) [PSYoungGen: 143624K->23277K(181760K)] 537479K->417338K(706048K), 0.0355374 secs] [Times: user=0.37 sys=0.01, real=0.03 secs] 
2016-09-13T20:38:55.161-0400: 67.880: [GC (GCLocker Initiated GC) [PSYoungGen: 123117K->50592K(179200K)] 517208K->444881K(703488K), 0.0072124 secs] [Times: user=0.06 sys=0.00, real=0.01 secs] 
2016-09-13T20:38:55.300-0400: 68.019: [GC (GCLocker Initiated GC) [PSYoungGen: 150432K->20403K(180224K)] 555578K->437924K(704512K), 0.0078406 secs] [Times: user=0.07 sys=0.00, real=0.01 secs] 
2016-09-13T20:38:55.476-0400: 68.195: [GC (GCLocker Initiated GC) [PSYoungGen: 122291K->50843K(180736K)] 540044K->468888K(705024K), 0.0132158 secs] [Times: user=0.13 sys=0.00, real=0.01 secs] 
2016-09-13T20:38:55.656-0400: 68.375: [GC (GCLocker Initiated GC) [PSYoungGen: 152731K->26473K(179200K)] 577085K->451024K(703488K), 0.0097566 secs] [Times: user=0.08 sys=0.00, real=0.00 secs] 
2016-09-13T20:38:55.808-0400: 68.527: [GC (GCLocker Initiated GC) [PSYoungGen: 128873K->35591K(180224K)] 553494K->460543K(704512K), 0.0107984 secs] [Times: user=0.10 sys=0.00, real=0.01 secs] 
2016-09-13T20:38:56.018-0400: 68.736: [GC (GCLocker Initiated GC) [PSYoungGen: 137991K->32331K(181248K)] 562960K->458969K(705536K), 0.0076184 secs] [Times: user=0.05 sys=0.00, real=0.00 secs] 
2016-09-13T20:38:56.193-0400: 68.911: [GC (GCLocker Initiated GC) [PSYoungGen: 142923K->50864K(181248K)] 569730K->479353K(705536K), 0.0250581 secs] [Times: user=0.26 sys=0.00, real=0.03 secs] 
2016-09-13T20:38:56.341-0400: 69.060: [GC (GCLocker Initiated GC) [PSYoungGen: 161456K->44666K(189440K)] 589973K->473411K(713728K), 0.0371399 secs] [Times: user=0.37 sys=0.01, real=0.04 secs] 
2016-09-13T20:38:56.507-0400: 69.226: [GC (Allocation Failure) [PSYoungGen: 160890K->50748K(167424K)] 589694K->484357K(691712K), 0.0176777 secs] [Times: user=0.20 sys=0.00, real=0.02 secs] 
2016-09-13T20:38:56.698-0400: 69.417: [GC (GCLocker Initiated GC) [PSYoungGen: 163737K->47773K(187904K)] 603421K->493761K(712192K), 0.0073414 secs] [Times: user=0.06 sys=0.00, real=0.00 secs] 
2016-09-13T20:38:56.899-0400: 69.618: [GC (GCLocker Initiated GC) [PSYoungGen: 161437K->50780K(164864K)] 607473K->497009K(689152K), 0.0133271 secs] [Times: user=0.16 sys=0.00, real=0.01 secs] 
2016-09-13T20:38:57.091-0400: 69.809: [GC (GCLocker Initiated GC) [PSYoungGen: 164444K->46404K(188416K)] 610728K->492851K(712704K), 0.0074777 secs] [Times: user=0.11 sys=0.00, real=0.01 secs] 
2016-09-13T20:38:57.269-0400: 69.988: [GC (GCLocker Initiated GC) [PSYoungGen: 160068K->49346K(187392K)] 606537K->496065K(711680K), 0.0120296 secs] [Times: user=0.11 sys=0.00, real=0.01 secs] 
2016-09-13T20:38:57.451-0400: 70.170: [GC (Allocation Failure) [PSYoungGen: 163010K->31062K(186368K)] 615859K->485576K(710656K), 0.0171790 secs] [Times: user=0.23 sys=0.00, real=0.02 secs] 
2016-09-13T20:38:57.652-0400: 70.370: [GC (GCLocker Initiated GC) [PSYoungGen: 142999K->42994K(186880K)] 603588K->509911K(711168K), 0.0136385 secs] [Times: user=0.14 sys=0.00, real=0.01 secs] 
2016-09-13T20:38:57.834-0400: 70.552: [GC (Allocation Failure) [PSYoungGen: 157682K->34291K(188416K)] 624621K->501350K(712704K), 0.0103963 secs] [Times: user=0.14 sys=0.01, real=0.01 secs] 
2016-09-13T20:38:58.029-0400: 70.748: [GC (GCLocker Initiated GC) [PSYoungGen: 154099K->49197K(187904K)] 621163K->518032K(712192K), 0.0085180 secs] [Times: user=0.08 sys=0.00, real=0.01 secs] 
2016-09-13T20:38:58.219-0400: 70.938: [GC (GCLocker Initiated GC) [PSYoungGen: 169005K->41858K(189440K)] 637983K->510963K(713728K), 0.0114599 secs] [Times: user=0.15 sys=0.00, real=0.01 secs] 
2016-09-13T20:38:58.429-0400: 71.147: [GC (GCLocker Initiated GC) [PSYoungGen: 167298K->47800K(191488K)] 636598K->521796K(715776K), 0.0109609 secs] [Times: user=0.09 sys=0.00, real=0.01 secs] 
2016-09-13T20:38:58.642-0400: 71.360: [GC (Allocation Failure) [PSYoungGen: 173240K->23372K(194048K)] 648877K->499277K(718336K), 0.0176925 secs] [Times: user=0.16 sys=0.00, real=0.02 secs] 
2016-09-13T20:38:58.836-0400: 71.555: [GC (GCLocker Initiated GC) [PSYoungGen: 151372K->26473K(195072K)] 627279K->502708K(719360K), 0.0184732 secs] [Times: user=0.19 sys=0.00, real=0.01 secs] 
2016-09-13T20:38:59.070-0400: 71.788: [GC (GCLocker Initiated GC) [PSYoungGen: 154473K->5115K(189440K)] 644409K->495236K(713728K), 0.0168412 secs] [Times: user=0.16 sys=0.00, real=0.01 secs] 
2016-09-13T20:38:59.269-0400: 71.988: [GC (Allocation Failure) [PSYoungGen: 127995K->43085K(192512K)] 618264K->533543K(716800K), 0.0081202 secs] [Times: user=0.07 sys=0.00, real=0.01 secs] 
2016-09-13T20:38:59.469-0400: 72.188: [GC (GCLocker Initiated GC) [PSYoungGen: 165965K->64480K(178688K)] 656429K->555098K(702976K), 0.0204870 secs] [Times: user=0.21 sys=0.00, real=0.02 secs] 
2016-09-13T20:38:59.644-0400: 72.363: [GC (GCLocker Initiated GC) [PSYoungGen: 174048K->9795K(119808K)] 677012K->512901K(644096K), 0.0071609 secs] [Times: user=0.07 sys=0.00, real=0.01 secs] 
2016-09-13T20:38:59.824-0400: 72.542: [GC (Allocation Failure) [PSYoungGen: 119363K->30934K(187904K)] 622497K->534175K(712192K), 0.0177565 secs] [Times: user=0.17 sys=0.00, real=0.02 secs] 
2016-09-13T20:39:00.035-0400: 72.753: [GC (GCLocker Initiated GC) [PSYoungGen: 141526K->38502K(149504K)] 644767K->543514K(673792K), 0.0141493 secs] [Times: user=0.13 sys=0.00, real=0.02 secs] 
2016-09-13T20:39:00.198-0400: 72.916: [GC (GCLocker Initiated GC) [PSYoungGen: 149094K->12842K(182272K)] 657160K->521130K(706560K), 0.0046628 secs] [Times: user=0.04 sys=0.00, real=0.00 secs] 
2016-09-13T20:39:00.354-0400: 73.073: [GC (GCLocker Initiated GC) [PSYoungGen: 123434K->44673K(182272K)] 631895K->559514K(706560K), 0.0102230 secs] [Times: user=0.08 sys=0.01, real=0.01 secs] 
2016-09-13T20:39:00.525-0400: 73.244: [GC (Allocation Failure) [PSYoungGen: 155265K->41634K(188928K)] 670256K->556764K(713216K), 0.0062465 secs] [Times: user=0.05 sys=0.00, real=0.01 secs] 
2016-09-13T20:39:00.719-0400: 73.438: [GC (GCLocker Initiated GC) [PSYoungGen: 159906K->43088K(189440K)] 675038K->558390K(713728K), 0.0205622 secs] [Times: user=0.17 sys=0.00, real=0.02 secs] 
2016-09-13T20:39:00.902-0400: 73.620: [GC (GCLocker Initiated GC) [PSYoungGen: 161360K->46127K(189952K)] 676903K->561804K(714240K), 0.0079377 secs] [Times: user=0.07 sys=0.00, real=0.01 secs] 
2016-09-13T20:39:01.125-0400: 73.844: [GC (GCLocker Initiated GC) [PSYoungGen: 165935K->27902K(190464K)] 681801K->544004K(714752K), 0.0131004 secs] [Times: user=0.13 sys=0.00, real=0.02 secs] 
2016-09-13T20:39:01.301-0400: 74.020: [GC (GCLocker Initiated GC) [PSYoungGen: 147710K->47645K(189952K)] 663828K->563949K(714240K), 0.0119255 secs] [Times: user=0.10 sys=0.00, real=0.01 secs] 
2016-09-13T20:39:01.488-0400: 74.206: [GC (GCLocker Initiated GC) [PSYoungGen: 168477K->69221K(190464K)] 685036K->585926K(714752K), 0.0168693 secs] [Times: user=0.17 sys=0.00, real=0.02 secs] 
2016-09-13T20:39:01.711-0400: 74.430: [GC (GCLocker Initiated GC) --[PSYoungGen: 190053K->190053K(190464K)] 708427K->713150K(714752K), 0.0241129 secs] [Times: user=0.22 sys=0.00, real=0.02 secs] 
2016-09-13T20:39:01.735-0400: 74.454: [Full GC (Ergonomics) [PSYoungGen: 190053K->0K(190464K)] [ParOldGen: 523097K->34457K(524288K)] 713150K->34457K(714752K), [Metaspace: 44474K->44474K(1087488K)], 0.0526962 secs] [Times: user=0.21 sys=0.01, real=0.06 secs] 
2016-09-13T20:39:01.922-0400: 74.641: [GC (GCLocker Initiated GC) [PSYoungGen: 120832K->47986K(179200K)] 155375K->82529K(703488K), 0.0067039 secs] [Times: user=0.05 sys=0.00, real=0.01 secs] 
2016-09-13T20:39:02.088-0400: 74.806: [GC (GCLocker Initiated GC) [PSYoungGen: 155506K->26288K(184832K)] 196306K->72090K(709120K), 0.0097458 secs] [Times: user=0.08 sys=0.00, real=0.02 secs] 
2016-09-13T20:39:02.248-0400: 74.967: [GC (GCLocker Initiated GC) [PSYoungGen: 133808K->51029K(184832K)] 179635K->97069K(709120K), 0.0109581 secs] [Times: user=0.16 sys=0.00, real=0.01 secs] 
2016-09-13T20:39:02.461-0400: 75.179: [GC (GCLocker Initiated GC) [PSYoungGen: 159573K->43089K(152064K)] 205873K->94273K(676352K), 0.0066385 secs] [Times: user=0.07 sys=0.01, real=0.00 secs] 
2016-09-13T20:39:02.635-0400: 75.354: [GC (GCLocker Initiated GC) [PSYoungGen: 151633K->46314K(184832K)] 202819K->97674K(709120K), 0.0069573 secs] [Times: user=0.08 sys=0.01, real=0.01 secs] 
2016-09-13T20:39:02.808-0400: 75.527: [GC (Allocation Failure) [PSYoungGen: 156906K->26601K(183296K)] 214378K->84328K(707584K), 0.0068682 secs] [Times: user=0.05 sys=0.00, real=0.00 secs] 
2016-09-13T20:39:02.815-0400: 75.534: [GC (GCLocker Initiated GC) [PSYoungGen: 26785K->32K(182784K)] 84512K->82555K(707072K), 0.0052705 secs] [Times: user=0.05 sys=0.00, real=0.01 secs] 
2016-09-13T20:39:02.974-0400: 75.693: [GC (GCLocker Initiated GC) [PSYoungGen: 110624K->72330K(183296K)] 193150K->160931K(707584K), 0.0100340 secs] [Times: user=0.12 sys=0.00, real=0.01 secs] 
2016-09-13T20:39:03.161-0400: 75.880: [GC (Allocation Failure) [PSYoungGen: 182922K->28158K(175104K)] 271718K->167493K(699392K), 0.0099685 secs] [Times: user=0.13 sys=0.00, real=0.01 secs] 
2016-09-13T20:39:03.328-0400: 76.047: [GC (GCLocker Initiated GC) [PSYoungGen: 124414K->27966K(179200K)] 263750K->167594K(703488K), 0.0203445 secs] [Times: user=0.24 sys=0.00, real=0.02 secs] 
2016-09-13T20:39:03.490-0400: 76.209: [GC (GCLocker Initiated GC) [PSYoungGen: 124222K->44730K(174592K)] 265499K->186176K(698880K), 0.0097339 secs] [Times: user=0.07 sys=0.00, real=0.01 secs] 
2016-09-13T20:39:03.652-0400: 76.371: [GC (Allocation Failure) [PSYoungGen: 143546K->5455K(177664K)] 297237K->159431K(701952K), 0.0059787 secs] [Times: user=0.06 sys=0.00, real=0.01 secs] 
2016-09-13T20:39:03.802-0400: 76.520: [GC (GCLocker Initiated GC) [PSYoungGen: 102012K->14329K(182272K)] 262063K->174546K(706560K), 0.0031144 secs] [Times: user=0.03 sys=0.00, real=0.00 secs] 
2016-09-13T20:39:03.954-0400: 76.673: [GC (Allocation Failure) [PSYoungGen: 116729K->28030K(130560K)] 278744K->190239K(654848K), 0.0047463 secs] [Times: user=0.04 sys=0.00, real=0.01 secs] 
2016-09-13T20:39:04.124-0400: 76.842: [GC (Allocation Failure) [PSYoungGen: 130430K->41758K(178688K)] 292639K->204177K(702976K), 0.0086709 secs] [Times: user=0.09 sys=0.01, real=0.01 secs] 
2016-09-13T20:39:04.288-0400: 77.006: [GC (GCLocker Initiated GC) [PSYoungGen: 142073K->50939K(178176K)] 310566K->219595K(702464K), 0.0084823 secs] [Times: user=0.10 sys=0.00, real=0.02 secs] 
2016-09-13T20:39:04.477-0400: 77.196: [GC (GCLocker Initiated GC) [PSYoungGen: 154363K->41725K(185856K)] 323290K->210783K(710144K), 0.0327740 secs] [Times: user=0.36 sys=0.01, real=0.03 secs] 
2016-09-13T20:39:04.698-0400: 77.417: [GC (GCLocker Initiated GC) [PSYoungGen: 151805K->63057K(173568K)] 322583K->234032K(697856K), 0.0342760 secs] [Times: user=0.39 sys=0.01, real=0.03 secs] 
2016-09-13T20:39:04.914-0400: 77.633: [GC (Allocation Failure) [PSYoungGen: 173137K->23469K(182272K)] 356606K->207073K(706560K), 0.0342012 secs] [Times: user=0.35 sys=0.01, real=0.04 secs] 
2016-09-13T20:39:05.097-0400: 77.816: [GC (GCLocker Initiated GC) [PSYoungGen: 124333K->29511K(130560K)] 307938K->213290K(654848K), 0.0210286 secs] [Times: user=0.22 sys=0.00, real=0.02 secs] 
2016-09-13T20:39:05.223-0400: 77.942: [GC (GCLocker Initiated GC) [PSYoungGen: 130375K->46131K(178176K)] 315830K->231886K(702464K), 0.0066442 secs] [Times: user=0.06 sys=0.00, real=0.01 secs] 
2016-09-13T20:39:05.364-0400: 78.082: [GC (GCLocker Initiated GC) [PSYoungGen: 147507K->44630K(177664K)] 333431K->236925K(701952K), 0.0066078 secs] [Times: user=0.04 sys=0.00, real=0.01 secs] 
2016-09-13T20:39:05.499-0400: 78.217: [GC (GCLocker Initiated GC) [PSYoungGen: 146006K->46224K(184832K)] 344602K->249679K(709120K), 0.0075005 secs] [Times: user=0.07 sys=0.00, real=0.00 secs] 
2016-09-13T20:39:05.699-0400: 78.417: [GC (GCLocker Initiated GC) [PSYoungGen: 155792K->23313K(184320K)] 374565K->242143K(708608K), 0.0064615 secs] [Times: user=0.04 sys=0.00, real=0.00 secs] 
2016-09-13T20:39:05.891-0400: 78.610: [GC (GCLocker Initiated GC) [PSYoungGen: 132881K->44704K(186368K)] 357941K->269945K(710656K), 0.0228653 secs] [Times: user=0.22 sys=0.00, real=0.02 secs] 
2016-09-13T20:39:06.107-0400: 78.826: [GC (GCLocker Initiated GC) [PSYoungGen: 157856K->9831K(185856K)] 390786K->242907K(710144K), 0.0032561 secs] [Times: user=0.02 sys=0.00, real=0.01 secs] 
2016-09-13T20:39:06.285-0400: 79.004: [GC (GCLocker Initiated GC) [PSYoungGen: 122983K->43244K(188416K)] 357691K->278225K(712704K), 0.0158425 secs] [Times: user=0.15 sys=0.00, real=0.02 secs] 
2016-09-13T20:39:06.476-0400: 79.194: [GC (GCLocker Initiated GC) [PSYoungGen: 157932K->44667K(187904K)] 393201K->280184K(712192K), 0.0195656 secs] [Times: user=0.17 sys=0.00, real=0.01 secs] 
2016-09-13T20:39:06.651-0400: 79.369: [GC (GCLocker Initiated GC) [PSYoungGen: 159355K->46341K(187904K)] 395115K->282196K(712192K), 0.0177826 secs] [Times: user=0.19 sys=0.00, real=0.02 secs] 
2016-09-13T20:39:06.846-0400: 79.565: [GC (GCLocker Initiated GC) [PSYoungGen: 161541K->32522K(147968K)] 397419K->268606K(672256K), 0.0294319 secs] [Times: user=0.30 sys=0.00, real=0.03 secs] 
2016-09-13T20:39:07.070-0400: 79.789: [GC (Allocation Failure) [PSYoungGen: 147722K->41507K(188416K)] 390000K->286982K(712704K), 0.0163287 secs] [Times: user=0.15 sys=0.01, real=0.01 secs] 
2016-09-13T20:39:07.244-0400: 79.963: [GC (GCLocker Initiated GC) [PSYoungGen: 158396K->23595K(186880K)] 405389K->270735K(711168K), 0.0116523 secs] [Times: user=0.10 sys=0.00, real=0.02 secs] 
2016-09-13T20:39:07.436-0400: 80.155: [GC (GCLocker Initiated GC) [PSYoungGen: 141867K->24769K(192000K)] 390551K->273784K(716288K), 0.0047228 secs] [Times: user=0.03 sys=0.00, real=0.00 secs] 
2016-09-13T20:39:07.657-0400: 80.376: [GC (GCLocker Initiated GC) [PSYoungGen: 149185K->28210K(190976K)] 405849K->285087K(715264K), 0.0216078 secs] [Times: user=0.23 sys=0.00, real=0.02 secs] 
2016-09-13T20:39:07.861-0400: 80.580: [GC (GCLocker Initiated GC) [PSYoungGen: 152626K->27960K(194048K)] 415686K->291277K(718336K), 0.0156457 secs] [Times: user=0.18 sys=0.00, real=0.02 secs] 
2016-09-13T20:39:08.090-0400: 80.809: [GC (Allocation Failure) [PSYoungGen: 157496K->5285K(192512K)] 434640K->282634K(716800K), 0.0155073 secs] [Times: user=0.17 sys=0.00, real=0.01 secs] 
2016-09-13T20:39:08.106-0400: 80.825: [GC (GCLocker Initiated GC) [PSYoungGen: 5879K->160K(193536K)] 283228K->282611K(717824K), 0.0023593 secs] [Times: user=0.02 sys=0.00, real=0.01 secs] 
2016-09-13T20:39:08.286-0400: 81.005: [GC (GCLocker Initiated GC) [PSYoungGen: 123899K->38624K(195584K)] 412426K->327150K(719872K), 0.0058407 secs] [Times: user=0.04 sys=0.00, real=0.01 secs] 
2016-09-13T20:39:08.485-0400: 81.204: [GC (Allocation Failure) [PSYoungGen: 167648K->29510K(188416K)] 456182K->325972K(712704K), 0.0435506 secs] [Times: user=0.42 sys=0.00, real=0.05 secs] 
2016-09-13T20:39:08.699-0400: 81.418: [GC (GCLocker Initiated GC) [PSYoungGen: 158534K->61507K(190976K)] 455072K->364401K(715264K), 0.0092285 secs] [Times: user=0.07 sys=0.00, real=0.01 secs] 
2016-09-13T20:39:08.899-0400: 81.618: [GC (GCLocker Initiated GC) [PSYoungGen: 190531K->44730K(187904K)] 499802K->354115K(712192K), 0.0229289 secs] [Times: user=0.24 sys=0.00, real=0.02 secs] 
2016-09-13T20:39:09.098-0400: 81.817: [GC (GCLocker Initiated GC) [PSYoungGen: 161466K->50934K(167936K)] 477083K->366865K(692224K), 0.0065639 secs] [Times: user=0.06 sys=0.00, real=0.00 secs] 
2016-09-13T20:39:09.312-0400: 82.031: [GC (GCLocker Initiated GC) [PSYoungGen: 167670K->6675K(185856K)] 489700K->344130K(710144K), 0.0118918 secs] [Times: user=0.12 sys=0.00, real=0.01 secs] 
2016-09-13T20:39:09.499-0400: 82.217: [GC (GCLocker Initiated GC) [PSYoungGen: 117267K->47645K(158720K)] 456487K->387079K(683008K), 0.0123439 secs] [Times: user=0.13 sys=0.00, real=0.01 secs] 
2016-09-13T20:39:09.685-0400: 82.404: [GC (GCLocker Initiated GC) [PSYoungGen: 158237K->46254K(184832K)] 499385K->387524K(709120K), 0.0487158 secs] [Times: user=0.54 sys=0.00, real=0.05 secs] 
2016-09-13T20:39:09.889-0400: 82.608: [GC (GCLocker Initiated GC) [PSYoungGen: 153774K->47614K(155136K)] 495080K->389138K(679424K), 0.0153780 secs] [Times: user=0.18 sys=0.01, real=0.01 secs] 
2016-09-13T20:39:10.058-0400: 82.776: [GC (Allocation Failure) [PSYoungGen: 155134K->60045K(175104K)] 496932K->408096K(699392K), 0.0242823 secs] [Times: user=0.26 sys=0.01, real=0.02 secs] 
2016-09-13T20:39:10.210-0400: 82.929: [GC (GCLocker Initiated GC) [PSYoungGen: 157325K->47828K(179712K)] 505385K->396223K(704000K), 0.0077596 secs] [Times: user=0.08 sys=0.00, real=0.01 secs] 
2016-09-13T20:39:10.341-0400: 83.060: [GC (Allocation Failure) [PSYoungGen: 145108K->43243K(173568K)] 493569K->391874K(697856K), 0.0188502 secs] [Times: user=0.18 sys=0.00, real=0.02 secs] 
2016-09-13T20:39:10.504-0400: 83.223: [GC (GCLocker Initiated GC) [PSYoungGen: 137729K->29388K(177152K)] 492436K->402490K(701440K), 0.0100527 secs] [Times: user=0.08 sys=0.00, real=0.01 secs] 
2016-09-13T20:39:10.660-0400: 83.379: [GC (GCLocker Initiated GC) [PSYoungGen: 127692K->47677K(180736K)] 500819K->421056K(705024K), 0.0089220 secs] [Times: user=0.06 sys=0.00, real=0.01 secs] 
2016-09-13T20:39:10.848-0400: 83.567: [GC (Allocation Failure) [PSYoungGen: 154173K->6756K(182784K)] 539897K->397296K(707072K), 0.0124029 secs] [Times: user=0.11 sys=0.00, real=0.01 secs] 
2016-09-13T20:39:11.046-0400: 83.765: [GC (GCLocker Initiated GC) [PSYoungGen: 108356K->41603K(182784K)] 504971K->438510K(707072K), 0.0238615 secs] [Times: user=0.23 sys=0.00, real=0.03 secs] 
2016-09-13T20:39:11.236-0400: 83.954: [GC (GCLocker Initiated GC) [PSYoungGen: 149123K->35746K(183296K)] 546043K->432888K(707584K), 0.0154340 secs] [Times: user=0.16 sys=0.00, real=0.01 secs] 
2016-09-13T20:39:11.373-0400: 84.092: [GC (GCLocker Initiated GC) [PSYoungGen: 143266K->29680K(184320K)] 541960K->430282K(708608K), 0.0097665 secs] [Times: user=0.11 sys=0.01, real=0.01 secs] 
2016-09-13T20:39:11.532-0400: 84.251: [GC (GCLocker Initiated GC) [PSYoungGen: 142832K->38656K(183296K)] 543453K->453235K(707584K), 0.0169939 secs] [Times: user=0.13 sys=0.01, real=0.02 secs] 
2016-09-13T20:39:11.726-0400: 84.445: [GC (GCLocker Initiated GC) [PSYoungGen: 151808K->41725K(189440K)] 566389K->456518K(713728K), 0.0091307 secs] [Times: user=0.11 sys=0.00, real=0.01 secs] 
2016-09-13T20:39:11.972-0400: 84.690: [GC (GCLocker Initiated GC) [PSYoungGen: 163581K->9709K(188416K)] 584571K->430951K(712704K), 0.0044278 secs] [Times: user=0.03 sys=0.00, real=0.01 secs] 
2016-09-13T20:39:12.148-0400: 84.866: [GC (GCLocker Initiated GC) [PSYoungGen: 131565K->41539K(194560K)] 556132K->466308K(718848K), 0.0334521 secs] [Times: user=0.33 sys=0.00, real=0.04 secs] 
2016-09-13T20:39:12.372-0400: 85.090: [GC (GCLocker Initiated GC) [PSYoungGen: 168003K->27960K(154624K)] 599027K->459131K(678912K), 0.0251242 secs] [Times: user=0.26 sys=0.00, real=0.03 secs] 
2016-09-13T20:39:12.589-0400: 85.308: [GC (Allocation Failure) [PSYoungGen: 154424K->9640K(190976K)] 585829K->441305K(715264K), 0.0053591 secs] [Times: user=0.04 sys=0.00, real=0.00 secs] 
2016-09-13T20:39:12.746-0400: 85.465: [GC (GCLocker Initiated GC) [PSYoungGen: 135080K->34072K(192000K)] 566748K->465804K(716288K), 0.0193925 secs] [Times: user=0.18 sys=0.00, real=0.02 secs] 
2016-09-13T20:39:12.955-0400: 85.673: [GC (GCLocker Initiated GC) [PSYoungGen: 159512K->50742K(190464K)] 591425K->482873K(714752K), 0.0122449 secs] [Times: user=0.11 sys=0.01, real=0.01 secs] 
2016-09-13T20:39:13.184-0400: 85.902: [GC (GCLocker Initiated GC) [PSYoungGen: 177206K->23404K(194048K)] 609345K->455641K(718336K), 0.0239731 secs] [Times: user=0.25 sys=0.00, real=0.03 secs] 
2016-09-13T20:39:13.386-0400: 86.105: [GC (GCLocker Initiated GC) [PSYoungGen: 149868K->29606K(187904K)] 582255K->462269K(712192K), 0.0056615 secs] [Times: user=0.05 sys=0.00, real=0.01 secs] 
2016-09-13T20:39:13.586-0400: 86.304: [GC (GCLocker Initiated GC) [PSYoungGen: 158118K->11196K(192000K)] 593844K->447053K(716288K), 0.0052664 secs] [Times: user=0.04 sys=0.00, real=0.01 secs] 
2016-09-13T20:39:13.791-0400: 86.510: [GC (GCLocker Initiated GC) [PSYoungGen: 139708K->9704K(198144K)] 575587K->453265K(722432K), 0.0081582 secs] [Times: user=0.07 sys=0.00, real=0.01 secs] 
2016-09-13T20:39:14.037-0400: 86.755: [GC (GCLocker Initiated GC) [PSYoungGen: 143848K->43089K(177664K)] 587590K->488605K(701952K), 0.0155831 secs] [Times: user=0.15 sys=0.00, real=0.01 secs] 
2016-09-13T20:39:14.246-0400: 86.965: [GC (GCLocker Initiated GC) [PSYoungGen: 177233K->28020K(199168K)] 622769K->473698K(723456K), 0.0058545 secs] [Times: user=0.04 sys=0.00, real=0.01 secs] 
2016-09-13T20:39:14.450-0400: 87.169: [GC (GCLocker Initiated GC) [PSYoungGen: 161140K->14737K(147968K)] 619206K->476035K(672256K), 0.0153192 secs] [Times: user=0.17 sys=0.00, real=0.01 secs] 
2016-09-13T20:39:14.683-0400: 87.401: [GC (Allocation Failure) [PSYoungGen: 147857K->46352K(191488K)] 609474K->508340K(715776K), 0.0127464 secs] [Times: user=0.15 sys=0.00, real=0.01 secs] 
2016-09-13T20:39:14.885-0400: 87.603: [GC (Allocation Failure) [PSYoungGen: 175888K->47806K(177664K)] 637876K->509906K(701952K), 0.0137918 secs] [Times: user=0.19 sys=0.00, real=0.02 secs] 
2016-09-13T20:39:15.100-0400: 87.818: [GC (GCLocker Initiated GC) [PSYoungGen: 176088K->44544K(191488K)] 644263K->512834K(715776K), 0.0336214 secs] [Times: user=0.29 sys=0.00, real=0.03 secs] 
2016-09-13T20:39:15.310-0400: 88.029: [GC (GCLocker Initiated GC) [PSYoungGen: 167424K->49192K(172544K)] 638777K->520711K(696832K), 0.0096270 secs] [Times: user=0.08 sys=0.00, real=0.01 secs] 
2016-09-13T20:39:15.500-0400: 88.218: [GC (GCLocker Initiated GC) [PSYoungGen: 172072K->50805K(185344K)] 645135K->536173K(709632K), 0.0137932 secs] [Times: user=0.13 sys=0.00, real=0.01 secs] 
2016-09-13T20:39:15.706-0400: 88.425: [GC (GCLocker Initiated GC) [PSYoungGen: 164469K->23255K(187904K)] 652955K->516628K(712192K), 0.0100581 secs] [Times: user=0.07 sys=0.00, real=0.02 secs] 
2016-09-13T20:39:15.883-0400: 88.602: [GC (Allocation Failure) [PSYoungGen: 136919K->46435K(187904K)] 631995K->541702K(712192K), 0.0291642 secs] [Times: user=0.31 sys=0.00, real=0.03 secs] 
2016-09-13T20:39:16.081-0400: 88.800: [GC (GCLocker Initiated GC) [PSYoungGen: 161635K->50875K(166400K)] 656905K->546448K(690688K), 0.0071752 secs] [Times: user=0.07 sys=0.00, real=0.01 secs] 
2016-09-13T20:39:16.249-0400: 88.968: [GC (GCLocker Initiated GC) [PSYoungGen: 166075K->49287K(185344K)] 661671K->545045K(709632K), 0.0114466 secs] [Times: user=0.11 sys=0.00, real=0.01 secs] 
2016-09-13T20:39:16.454-0400: 89.172: [GC (Allocation Failure) [PSYoungGen: 159879K->9895K(120832K)] 668131K->524441K(645120K), 0.0205970 secs] [Times: user=0.18 sys=0.01, real=0.02 secs] 
2016-09-13T20:39:16.475-0400: 89.193: [Full GC (Ergonomics) [PSYoungGen: 9895K->0K(120832K)] [ParOldGen: 514545K->36984K(524288K)] 524441K->36984K(645120K), [Metaspace: 44518K->44518K(1087488K)], 0.1796649 secs] [Times: user=1.82 sys=0.02, real=0.18 secs] 
2016-09-13T20:39:16.806-0400: 89.525: [GC (GCLocker Initiated GC) [PSYoungGen: 110592K->57072K(178176K)] 147640K->94121K(702464K), 0.0123209 secs] [Times: user=0.15 sys=0.00, real=0.02 secs] 
2016-09-13T20:39:16.941-0400: 89.659: [GC (GCLocker Initiated GC) [PSYoungGen: 158448K->64639K(166400K)] 198733K->135718K(690688K), 0.0085171 secs] [Times: user=0.10 sys=0.00, real=0.01 secs] 
2016-09-13T20:39:17.054-0400: 89.772: [GC (GCLocker Initiated GC) [PSYoungGen: 166015K->79886K(174080K)] 238833K->171238K(698368K), 0.0178920 secs] [Times: user=0.23 sys=0.00, real=0.02 secs] 
2016-09-13T20:39:17.175-0400: 89.894: [GC (Allocation Failure) [PSYoungGen: 167950K->63026K(175104K)] 259584K->173209K(699392K), 0.0083190 secs] [Times: user=0.10 sys=0.01, real=0.01 secs] 
2016-09-13T20:39:17.290-0400: 90.009: [GC (GCLocker Initiated GC) [PSYoungGen: 150497K->70620K(175104K)] 262199K->200741K(699392K), 0.0080146 secs] [Times: user=0.11 sys=0.00, real=0.01 secs] 
2016-09-13T20:39:17.410-0400: 90.129: [GC (GCLocker Initiated GC) [PSYoungGen: 158684K->46499K(175104K)] 288839K->176883K(699392K), 0.0076008 secs] [Times: user=0.07 sys=0.00, real=0.01 secs] 
2016-09-13T20:39:17.532-0400: 90.250: [GC (GCLocker Initiated GC) [PSYoungGen: 134563K->44517K(175104K)] 264977K->176593K(699392K), 0.0096008 secs] [Times: user=0.10 sys=0.00, real=0.01 secs] 
2016-09-13T20:39:17.694-0400: 90.412: [GC (GCLocker Initiated GC) [PSYoungGen: 132581K->31003K(175104K)] 270754K->187532K(699392K), 0.0063293 secs] [Times: user=0.05 sys=0.00, real=0.01 secs] 
2016-09-13T20:39:17.853-0400: 90.572: [GC (GCLocker Initiated GC) [PSYoungGen: 119067K->5052K(175104K)] 289460K->177137K(699392K), 0.0194496 secs] [Times: user=0.23 sys=0.00, real=0.02 secs] 
2016-09-13T20:39:18.009-0400: 90.727: [GC (GCLocker Initiated GC) [PSYoungGen: 93116K->18982K(175104K)] 272867K->198879K(699392K), 0.0112339 secs] [Times: user=0.15 sys=0.01, real=0.01 secs] 
2016-09-13T20:39:18.153-0400: 90.872: [GC (GCLocker Initiated GC) [PSYoungGen: 107046K->20494K(175104K)] 294552K->215706K(699392K), 0.0076072 secs] [Times: user=0.06 sys=0.01, real=0.01 secs] 
2016-09-13T20:39:18.324-0400: 91.043: [GC (GCLocker Initiated GC) [PSYoungGen: 108558K->27992K(175104K)] 316253K->235931K(699392K), 0.0123220 secs] [Times: user=0.13 sys=0.00, real=0.02 secs] 
2016-09-13T20:39:18.474-0400: 91.192: [GC (GCLocker Initiated GC) [PSYoungGen: 116056K->49224K(174080K)] 324017K->257418K(698368K), 0.0241081 secs] [Times: user=0.26 sys=0.00, real=0.03 secs] 
2016-09-13T20:39:18.624-0400: 91.343: [GC (GCLocker Initiated GC) [PSYoungGen: 137288K->49069K(174592K)] 345633K->262093K(698880K), 0.0068645 secs] [Times: user=0.06 sys=0.00, real=0.01 secs] 
2016-09-13T20:39:18.760-0400: 91.479: [GC (Allocation Failure) [PSYoungGen: 137133K->26446K(170496K)] 350369K->247547K(694784K), 0.0077812 secs] [Times: user=0.06 sys=0.00, real=0.01 secs] 
2016-09-13T20:39:18.893-0400: 91.612: [GC (GCLocker Initiated GC) [PSYoungGen: 116046K->64543K(173056K)] 337150K->285927K(697344K), 0.0109715 secs] [Times: user=0.10 sys=0.00, real=0.01 secs] 
2016-09-13T20:39:19.052-0400: 91.770: [GC (Allocation Failure) [PSYoungGen: 154143K->28051K(176128K)] 381904K->256014K(700416K), 0.0219010 secs] [Times: user=0.23 sys=0.01, real=0.02 secs] 
2016-09-13T20:39:19.244-0400: 91.962: [GC (GCLocker Initiated GC) [PSYoungGen: 116543K->58155K(175104K)] 346026K->287980K(699392K), 0.0334623 secs] [Times: user=0.39 sys=0.00, real=0.04 secs] 
2016-09-13T20:39:19.392-0400: 92.111: [GC (Allocation Failure) [PSYoungGen: 147243K->32773K(173056K)] 378709K->264386K(697344K), 0.0061387 secs] [Times: user=0.07 sys=0.00, real=0.01 secs] 
2016-09-13T20:39:19.505-0400: 92.223: [GC (GCLocker Initiated GC) [PSYoungGen: 121861K->46414K(174080K)] 353479K->278328K(698368K), 0.0061159 secs] [Times: user=0.07 sys=0.01, real=0.01 secs] 
2016-09-13T20:39:19.658-0400: 92.376: [GC (GCLocker Initiated GC) [PSYoungGen: 135502K->14455K(175616K)] 375135K->254302K(699904K), 0.0110308 secs] [Times: user=0.12 sys=0.01, real=0.01 secs] 
2016-09-13T20:39:19.803-0400: 92.522: [GC (Allocation Failure) [PSYoungGen: 107127K->32671K(125440K)] 353166K->278932K(649728K), 0.0067193 secs] [Times: user=0.07 sys=0.00, real=0.01 secs] 
2016-09-13T20:39:19.963-0400: 92.681: [GC (GCLocker Initiated GC) [PSYoungGen: 124261K->27908K(178176K)] 372041K->281937K(702464K), 0.0062327 secs] [Times: user=0.05 sys=0.01, real=0.01 secs] 
2016-09-13T20:39:20.135-0400: 92.854: [GC (GCLocker Initiated GC) [PSYoungGen: 126212K->11414K(175616K)] 389515K->274880K(699904K), 0.0182095 secs] [Times: user=0.19 sys=0.00, real=0.02 secs] 
2016-09-13T20:39:20.304-0400: 93.022: [GC (GCLocker Initiated GC) [PSYoungGen: 109718K->31253K(178688K)] 380818K->302728K(702976K), 0.0100808 secs] [Times: user=0.10 sys=0.00, real=0.01 secs] 
2016-09-13T20:39:20.467-0400: 93.186: [GC (GCLocker Initiated GC) [PSYoungGen: 138261K->52320K(180736K)] 409755K->336253K(705024K), 0.0091458 secs] [Times: user=0.07 sys=0.00, real=0.02 secs] 
2016-09-13T20:39:20.654-0400: 93.372: [GC (GCLocker Initiated GC) [PSYoungGen: 159328K->3564K(183296K)] 455442K->307437K(707584K), 0.0194862 secs] [Times: user=0.17 sys=0.00, real=0.02 secs] 
2016-09-13T20:39:20.827-0400: 93.546: [GC (GCLocker Initiated GC) [PSYoungGen: 110060K->26437K(133120K)] 414087K->335206K(657408K), 0.0125751 secs] [Times: user=0.12 sys=0.00, real=0.02 secs] 
2016-09-13T20:39:21.002-0400: 93.721: [GC (GCLocker Initiated GC) [PSYoungGen: 132933K->47646K(180736K)] 441773K->356683K(705024K), 0.0280892 secs] [Times: user=0.30 sys=0.00, real=0.03 secs] 
2016-09-13T20:39:21.219-0400: 93.937: [GC (GCLocker Initiated GC) [PSYoungGen: 153630K->12837K(182272K)] 468744K->332684K(706560K), 0.0036111 secs] [Times: user=0.02 sys=0.00, real=0.00 secs] 
2016-09-13T20:39:21.363-0400: 94.082: [GC (GCLocker Initiated GC) [PSYoungGen: 118821K->50710K(180736K)] 440353K->372402K(705024K), 0.0155507 secs] [Times: user=0.16 sys=0.00, real=0.02 secs] 
2016-09-13T20:39:21.544-0400: 94.263: [GC (GCLocker Initiated GC) [PSYoungGen: 156182K->25176K(183808K)] 477947K->354657K(708096K), 0.0256810 secs] [Times: user=0.28 sys=0.00, real=0.03 secs] 
2016-09-13T20:39:21.718-0400: 94.436: [GC (GCLocker Initiated GC) [PSYoungGen: 130648K->43239K(182784K)] 460185K->374779K(707072K), 0.0057026 secs] [Times: user=0.04 sys=0.00, real=0.00 secs] 
2016-09-13T20:39:21.878-0400: 94.597: [GC (GCLocker Initiated GC) [PSYoungGen: 151783K->55586K(183296K)] 484867K->388907K(707584K), 0.0066736 secs] [Times: user=0.08 sys=0.00, real=0.00 secs] 
2016-09-13T20:39:22.081-0400: 94.799: [GC (GCLocker Initiated GC) [PSYoungGen: 164130K->28025K(184320K)] 503618K->370760K(708608K), 0.0173961 secs] [Times: user=0.13 sys=0.01, real=0.02 secs] 
2016-09-13T20:39:22.272-0400: 94.991: [GC (GCLocker Initiated GC) [PSYoungGen: 135545K->5302K(183296K)] 492085K->369516K(707584K), 0.0214136 secs] [Times: user=0.24 sys=0.00, real=0.02 secs] 
2016-09-13T20:39:22.440-0400: 95.159: [GC (GCLocker Initiated GC) [PSYoungGen: 112822K->31002K(179200K)] 477217K->395775K(703488K), 0.0255193 secs] [Times: user=0.30 sys=0.00, real=0.02 secs] 
2016-09-13T20:39:22.611-0400: 95.330: [GC (GCLocker Initiated GC) [PSYoungGen: 140570K->49192K(182272K)] 505453K->414209K(706560K), 0.0065862 secs] [Times: user=0.04 sys=0.01, real=0.01 secs] 
2016-09-13T20:39:22.803-0400: 95.522: [GC (GCLocker Initiated GC) [PSYoungGen: 158760K->58213K(177152K)] 524060K->428234K(701440K), 0.0163540 secs] [Times: user=0.11 sys=0.00, real=0.02 secs] 
2016-09-13T20:39:22.957-0400: 95.676: [GC (GCLocker Initiated GC) [PSYoungGen: 160613K->29416K(182272K)] 536756K->405761K(706560K), 0.0062180 secs] [Times: user=0.05 sys=0.00, real=0.00 secs] 
2016-09-13T20:39:23.115-0400: 95.833: [GC (GCLocker Initiated GC) [PSYoungGen: 131816K->26733K(175104K)] 508186K->413987K(699392K), 0.0098667 secs] [Times: user=0.13 sys=0.01, real=0.01 secs] 
2016-09-13T20:39:23.288-0400: 96.007: [GC (GCLocker Initiated GC) [PSYoungGen: 132205K->26633K(179712K)] 525624K->430851K(704000K), 0.0071766 secs] [Times: user=0.07 sys=0.01, real=0.00 secs] 
2016-09-13T20:39:23.478-0400: 96.197: [GC (Allocation Failure) [PSYoungGen: 132105K->41624K(183808K)] 536606K->446376K(708096K), 0.0071990 secs] [Times: user=0.06 sys=0.00, real=0.00 secs] 
2016-09-13T20:39:23.646-0400: 96.365: [GC (GCLocker Initiated GC) [PSYoungGen: 154743K->28151K(186880K)] 565571K->439164K(711168K), 0.0063833 secs] [Times: user=0.06 sys=0.00, real=0.01 secs] 
2016-09-13T20:39:23.858-0400: 96.577: [GC (GCLocker Initiated GC) [PSYoungGen: 144375K->62738K(179712K)] 556947K->475566K(704000K), 0.0190471 secs] [Times: user=0.17 sys=0.00, real=0.02 secs] 
2016-09-13T20:39:24.039-0400: 96.758: [GC (GCLocker Initiated GC) [PSYoungGen: 174354K->32804K(186880K)] 587408K->455141K(711168K), 0.0076531 secs] [Times: user=0.08 sys=0.00, real=0.00 secs] 
2016-09-13T20:39:24.225-0400: 96.943: [GC (GCLocker Initiated GC) [PSYoungGen: 144420K->50710K(185856K)] 566820K->473363K(710144K), 0.0083370 secs] [Times: user=0.05 sys=0.00, real=0.01 secs] 
2016-09-13T20:39:24.410-0400: 97.129: [GC (Allocation Failure) [PSYoungGen: 164374K->28274K(187904K)] 594881K->472652K(712192K), 0.0112793 secs] [Times: user=0.13 sys=0.00, real=0.01 secs] 
2016-09-13T20:39:24.627-0400: 97.346: [GC (GCLocker Initiated GC) [PSYoungGen: 141938K->32617K(181760K)] 586319K->477274K(706048K), 0.0116329 secs] [Times: user=0.10 sys=0.01, real=0.02 secs] 
2016-09-13T20:39:24.797-0400: 97.515: [GC (GCLocker Initiated GC) [PSYoungGen: 148329K->32645K(184832K)] 594762K->479208K(709120K), 0.0082412 secs] [Times: user=0.08 sys=0.00, real=0.00 secs] 
2016-09-13T20:39:24.992-0400: 97.710: [GC (GCLocker Initiated GC) [PSYoungGen: 148357K->41724K(190464K)] 594971K->490133K(714752K), 0.0059125 secs] [Times: user=0.05 sys=0.00, real=0.01 secs] 
2016-09-13T20:39:25.200-0400: 97.918: [GC (GCLocker Initiated GC) [PSYoungGen: 168188K->17271K(192000K)] 616623K->465995K(716288K), 0.0249762 secs] [Times: user=0.25 sys=0.00, real=0.02 secs] 
2016-09-13T20:39:25.427-0400: 98.146: [GC (Allocation Failure) [PSYoungGen: 143735K->46245K(194048K)] 592634K->505913K(718336K), 0.0100096 secs] [Times: user=0.09 sys=0.01, real=0.02 secs] 
2016-09-13T20:39:25.608-0400: 98.327: [GC (GCLocker Initiated GC) [PSYoungGen: 171722K->58335K(186368K)] 637465K->524209K(710656K), 0.0292567 secs] [Times: user=0.28 sys=0.00, real=0.03 secs] 
2016-09-13T20:39:25.842-0400: 98.561: [GC (GCLocker Initiated GC) [PSYoungGen: 186335K->38693K(193024K)] 652226K->504817K(717312K), 0.0196763 secs] [Times: user=0.23 sys=0.00, real=0.02 secs] 
2016-09-13T20:39:26.005-0400: 98.723: [GC (GCLocker Initiated GC) [PSYoungGen: 159013K->50864K(189440K)] 626720K->527885K(713728K), 0.0072808 secs] [Times: user=0.07 sys=0.00, real=0.01 secs] 
2016-09-13T20:39:26.168-0400: 98.887: [GC (GCLocker Initiated GC) [PSYoungGen: 171184K->32522K(191488K)] 648387K->523693K(715776K), 0.0174736 secs] [Times: user=0.23 sys=0.00, real=0.01 secs] 
2016-09-13T20:39:26.361-0400: 99.080: [GC (GCLocker Initiated GC) [PSYoungGen: 154378K->32576K(154624K)] 645694K->524051K(678912K), 0.0099459 secs] [Times: user=0.10 sys=0.01, real=0.01 secs] 
2016-09-13T20:39:26.558-0400: 99.277: [GC (Allocation Failure) [PSYoungGen: 154432K->28110K(191488K)] 647542K->521442K(715776K), 0.0373509 secs] [Times: user=0.42 sys=0.00, real=0.03 secs] 
2016-09-13T20:39:26.783-0400: 99.501: [GC (GCLocker Initiated GC) [PSYoungGen: 152526K->46064K(190464K)] 647379K->541113K(714752K), 0.0142685 secs] [Times: user=0.15 sys=0.00, real=0.02 secs] 
2016-09-13T20:39:26.978-0400: 99.697: [GC (GCLocker Initiated GC) [PSYoungGen: 170480K->27961K(193536K)] 665683K->523261K(717824K), 0.0060205 secs] [Times: user=0.06 sys=0.00, real=0.00 secs] 
2016-09-13T20:39:27.188-0400: 99.907: [GC (GCLocker Initiated GC) [PSYoungGen: 157497K->11163K(194560K)] 654379K->508160K(718848K), 0.0211135 secs] [Times: user=0.23 sys=0.00, real=0.02 secs] 
2016-09-13T20:39:27.405-0400: 100.123: [GC (Allocation Failure) [PSYoungGen: 140699K->12836K(195072K)] 645401K->517762K(719360K), 0.0180990 secs] [Times: user=0.16 sys=0.00, real=0.02 secs] 
2016-09-13T20:39:27.623-0400: 100.342: [GC (GCLocker Initiated GC) [PSYoungGen: 140836K->46288K(174592K)] 645768K->559047K(698880K), 0.0226854 secs] [Times: user=0.30 sys=0.02, real=0.02 secs] 
2016-09-13T20:39:27.646-0400: 100.365: [Full GC (Ergonomics) [PSYoungGen: 46288K->0K(174592K)] [ParOldGen: 512759K->37490K(524288K)] 559047K->37490K(698880K), [Metaspace: 44542K->44542K(1087488K)], 0.0530004 secs] [Times: user=0.30 sys=0.01, real=0.06 secs] 
2016-09-13T20:39:27.894-0400: 100.613: [GC (Allocation Failure) [PSYoungGen: 128000K->68993K(174592K)] 165845K->106839K(698880K), 0.0095764 secs] [Times: user=0.09 sys=0.00, real=0.01 secs] 
2016-09-13T20:39:28.058-0400: 100.776: [GC (GCLocker Initiated GC) [PSYoungGen: 174409K->64575K(170496K)] 213773K->137806K(694784K), 0.0221423 secs] [Times: user=0.30 sys=0.00, real=0.02 secs] 
2016-09-13T20:39:28.253-0400: 100.972: [GC (GCLocker Initiated GC) [PSYoungGen: 170047K->23378K(179200K)] 255777K->109346K(703488K), 0.0108785 secs] [Times: user=0.12 sys=0.00, real=0.01 secs] 
2016-09-13T20:39:28.406-0400: 101.125: [GC (GCLocker Initiated GC) [PSYoungGen: 118098K->51055K(177664K)] 204074K->137170K(701952K), 0.0227407 secs] [Times: user=0.28 sys=0.00, real=0.03 secs] 
2016-09-13T20:39:28.577-0400: 101.296: [GC (GCLocker Initiated GC) [PSYoungGen: 145775K->28179K(175104K)] 239730K->122363K(699392K), 0.0065811 secs] [Times: user=0.06 sys=0.00, real=0.00 secs] 
2016-09-13T20:39:28.690-0400: 101.408: [GC (GCLocker Initiated GC) [PSYoungGen: 123923K->47815K(176640K)] 219896K->144080K(700928K), 0.0069987 secs] [Times: user=0.08 sys=0.00, real=0.01 secs] 
2016-09-13T20:39:28.843-0400: 101.562: [GC (GCLocker Initiated GC) [PSYoungGen: 143559K->43527K(176640K)] 239847K->144569K(700928K), 0.0123778 secs] [Times: user=0.15 sys=0.00, real=0.01 secs] 
2016-09-13T20:39:29.005-0400: 101.724: [GC (GCLocker Initiated GC) [PSYoungGen: 144903K->25084K(179200K)] 252255K->152512K(703488K), 0.0144321 secs] [Times: user=0.16 sys=0.01, real=0.02 secs] 
2016-09-13T20:39:29.156-0400: 101.875: [GC (GCLocker Initiated GC) [PSYoungGen: 126460K->50846K(183808K)] 255443K->179976K(708096K), 0.0131714 secs] [Times: user=0.13 sys=0.00, real=0.01 secs] 
2016-09-13T20:39:29.330-0400: 102.049: [GC (GCLocker Initiated GC) [PSYoungGen: 158366K->66121K(174080K)] 287665K->195646K(698368K), 0.0124066 secs] [Times: user=0.13 sys=0.00, real=0.01 secs] 
2016-09-13T20:39:29.488-0400: 102.207: [GC (GCLocker Initiated GC) [PSYoungGen: 173641K->53848K(178688K)] 303400K->183950K(702976K), 0.0117350 secs] [Times: user=0.09 sys=0.00, real=0.01 secs] 
2016-09-13T20:39:29.653-0400: 102.371: [GC (GCLocker Initiated GC) [PSYoungGen: 149080K->40046K(135680K)] 279195K->170362K(659968K), 0.0245160 secs] [Times: user=0.22 sys=0.01, real=0.03 secs] 
2016-09-13T20:39:29.822-0400: 102.541: [GC (GCLocker Initiated GC) [PSYoungGen: 135278K->44927K(177664K)] 265722K->178676K(701952K), 0.0156988 secs] [Times: user=0.17 sys=0.00, real=0.02 secs] 
2016-09-13T20:39:30.004-0400: 102.723: [GC (GCLocker Initiated GC) [PSYoungGen: 142719K->11255K(175104K)] 282546K->151354K(699392K), 0.0038386 secs] [Times: user=0.02 sys=0.00, real=0.01 secs] 
2016-09-13T20:39:30.145-0400: 102.864: [GC (GCLocker Initiated GC) [PSYoungGen: 109047K->22002K(183808K)] 258442K->171527K(708096K), 0.0342637 secs] [Times: user=0.34 sys=0.01, real=0.04 secs] 
2016-09-13T20:39:30.332-0400: 103.050: [GC (GCLocker Initiated GC) [PSYoungGen: 126450K->9704K(182784K)] 282207K->165675K(707072K), 0.0213712 secs] [Times: user=0.21 sys=0.00, real=0.02 secs] 
2016-09-13T20:39:30.536-0400: 103.254: [GC (GCLocker Initiated GC) [PSYoungGen: 114152K->47555K(182784K)] 271714K->205306K(707072K), 0.0180384 secs] [Times: user=0.17 sys=0.01, real=0.01 secs] 
2016-09-13T20:39:30.718-0400: 103.437: [GC (GCLocker Initiated GC) [PSYoungGen: 150979K->44912K(148480K)] 308947K->209189K(672768K), 0.0122037 secs] [Times: user=0.12 sys=0.00, real=0.01 secs] 
2016-09-13T20:39:30.890-0400: 103.609: [GC (Allocation Failure) [PSYoungGen: 148336K->14291K(182272K)] 318747K->185021K(706560K), 0.0066701 secs] [Times: user=0.04 sys=0.00, real=0.01 secs] 
2016-09-13T20:39:31.066-0400: 103.784: [GC (GCLocker Initiated GC) [PSYoungGen: 118227K->43158K(181760K)] 288963K->218655K(706048K), 0.0283933 secs] [Times: user=0.26 sys=0.00, real=0.03 secs] 
2016-09-13T20:39:31.252-0400: 103.970: [GC (Allocation Failure) [PSYoungGen: 147094K->6692K(181760K)] 335054K->194810K(706048K), 0.0320048 secs] [Times: user=0.34 sys=0.00, real=0.03 secs] 
2016-09-13T20:39:31.433-0400: 104.152: [GC (GCLocker Initiated GC) [PSYoungGen: 111652K->46128K(182784K)] 299773K->234442K(707072K), 0.0073087 secs] [Times: user=0.07 sys=0.00, real=0.01 secs] 
2016-09-13T20:39:31.562-0400: 104.281: [GC (Allocation Failure) [PSYoungGen: 151088K->46462K(183808K)] 339667K->235196K(708096K), 0.0094606 secs] [Times: user=0.09 sys=0.00, real=0.01 secs] 
2016-09-13T20:39:31.704-0400: 104.423: [GC (GCLocker Initiated GC) [PSYoungGen: 151515K->44827K(150528K)] 341768K->235290K(674816K), 0.0059700 secs] [Times: user=0.05 sys=0.00, real=0.01 secs] 
2016-09-13T20:39:31.871-0400: 104.590: [GC (Allocation Failure) [PSYoungGen: 150299K->41809K(184832K)] 342521K->234169K(709120K), 0.0129639 secs] [Times: user=0.09 sys=0.00, real=0.01 secs] 
2016-09-13T20:39:32.065-0400: 104.783: [GC (GCLocker Initiated GC) [PSYoungGen: 148122K->64385K(172032K)] 342001K->258587K(696320K), 0.0096344 secs] [Times: user=0.08 sys=0.00, real=0.01 secs] 
2016-09-13T20:39:32.245-0400: 104.963: [GC (GCLocker Initiated GC) [PSYoungGen: 171905K->34136K(183808K)] 366288K->228657K(708096K), 0.0358979 secs] [Times: user=0.39 sys=0.01, real=0.04 secs] 
2016-09-13T20:39:32.405-0400: 105.124: [GC (GCLocker Initiated GC) [PSYoungGen: 136024K->46341K(148480K)] 330657K->241215K(672768K), 0.0095907 secs] [Times: user=0.10 sys=0.00, real=0.01 secs] 
2016-09-13T20:39:32.569-0400: 105.287: [GC (Allocation Failure) [PSYoungGen: 148229K->41698K(182272K)] 343274K->236940K(706560K), 0.0060501 secs] [Times: user=0.04 sys=0.00, real=0.00 secs] 
2016-09-13T20:39:32.708-0400: 105.427: [GC (GCLocker Initiated GC) [PSYoungGen: 146658K->49447K(179200K)] 341901K->244966K(703488K), 0.0136899 secs] [Times: user=0.15 sys=0.00, real=0.01 secs] 
2016-09-13T20:39:32.915-0400: 105.633: [GC (GCLocker Initiated GC) [PSYoungGen: 154407K->46217K(186368K)] 349960K->241975K(710656K), 0.0151388 secs] [Times: user=0.16 sys=0.00, real=0.02 secs] 
2016-09-13T20:39:33.099-0400: 105.818: [GC (GCLocker Initiated GC) [PSYoungGen: 158345K->29703K(184832K)] 369327K->242472K(709120K), 0.0201167 secs] [Times: user=0.19 sys=0.00, real=0.02 secs] 
2016-09-13T20:39:33.287-0400: 106.006: [GC (GCLocker Initiated GC) [PSYoungGen: 141831K->28183K(187904K)] 362370K->255039K(712192K), 0.0076021 secs] [Times: user=0.06 sys=0.00, real=0.01 secs] 
2016-09-13T20:39:33.491-0400: 106.209: [GC (GCLocker Initiated GC) [PSYoungGen: 144407K->37196K(186880K)] 371483K->264505K(711168K), 0.0062519 secs] [Times: user=0.05 sys=0.00, real=0.01 secs] 
2016-09-13T20:39:33.675-0400: 106.394: [GC (GCLocker Initiated GC) [PSYoungGen: 153420K->46313K(188416K)] 380950K->273989K(712704K), 0.0175943 secs] [Times: user=0.19 sys=0.00, real=0.02 secs] 
2016-09-13T20:39:33.885-0400: 106.604: [GC (GCLocker Initiated GC) [PSYoungGen: 166633K->44784K(187904K)] 394519K->272925K(712192K), 0.0091884 secs] [Times: user=0.07 sys=0.01, real=0.01 secs] 
2016-09-13T20:39:34.067-0400: 106.786: [GC (GCLocker Initiated GC) [PSYoungGen: 165104K->29579K(193536K)] 399465K->273278K(717824K), 0.0197015 secs] [Times: user=0.22 sys=0.00, real=0.02 secs] 
2016-09-13T20:39:34.300-0400: 107.018: [GC (GCLocker Initiated GC) [PSYoungGen: 157067K->28025K(193536K)] 408600K->279866K(717824K), 0.0050987 secs] [Times: user=0.04 sys=0.00, real=0.00 secs] 
2016-09-13T20:39:34.488-0400: 107.207: [GC (GCLocker Initiated GC) [PSYoungGen: 155513K->26383K(195584K)] 413432K->284483K(719872K), 0.0083981 secs] [Times: user=0.06 sys=0.00, real=0.01 secs] 
2016-09-13T20:39:34.690-0400: 107.409: [GC (GCLocker Initiated GC) [PSYoungGen: 156943K->63025K(194048K)] 415149K->321432K(718336K), 0.0175316 secs] [Times: user=0.18 sys=0.00, real=0.02 secs] 
2016-09-13T20:39:34.914-0400: 107.633: [GC (GCLocker Initiated GC) [PSYoungGen: 193585K->24896K(188928K)] 451994K->297242K(713216K), 0.0223669 secs] [Times: user=0.23 sys=0.00, real=0.03 secs] 
2016-09-13T20:39:35.117-0400: 107.835: [GC (Allocation Failure) [PSYoungGen: 145728K->38688K(159744K)] 418094K->311303K(684032K), 0.0055398 secs] [Times: user=0.04 sys=0.00, real=0.00 secs] 
2016-09-13T20:39:35.337-0400: 108.055: [GC (GCLocker Initiated GC) [PSYoungGen: 159520K->47804K(189952K)] 432150K->325070K(714240K), 0.0085978 secs] [Times: user=0.06 sys=0.00, real=0.00 secs] 
2016-09-13T20:39:35.532-0400: 108.251: [GC (GCLocker Initiated GC) [PSYoungGen: 170172K->46058K(190976K)] 447464K->323520K(715264K), 0.0134908 secs] [Times: user=0.12 sys=0.00, real=0.01 secs] 
2016-09-13T20:39:35.708-0400: 108.427: [GC (GCLocker Initiated GC) [PSYoungGen: 168426K->56980K(186880K)] 446125K->339408K(711168K), 0.0167190 secs] [Times: user=0.17 sys=0.00, real=0.01 secs] 
2016-09-13T20:39:35.890-0400: 108.609: [GC (Allocation Failure) [PSYoungGen: 175764K->56753K(175616K)] 458268K->339455K(699904K), 0.0262110 secs] [Times: user=0.24 sys=0.00, real=0.03 secs] 
2016-09-13T20:39:36.086-0400: 108.805: [GC (Allocation Failure) [PSYoungGen: 169506K->20308K(185856K)] 452208K->307696K(710144K), 0.0082634 secs] [Times: user=0.06 sys=0.00, real=0.01 secs] 
2016-09-13T20:39:36.265-0400: 108.984: [GC (GCLocker Initiated GC) [PSYoungGen: 131924K->41602K(153600K)] 419315K->329171K(677888K), 0.0111378 secs] [Times: user=0.11 sys=0.00, real=0.02 secs] 
2016-09-13T20:39:36.459-0400: 109.178: [GC (Allocation Failure) [PSYoungGen: 153218K->8152K(182784K)] 453017K->308094K(707072K), 0.0055850 secs] [Times: user=0.04 sys=0.00, real=0.00 secs] 
2016-09-13T20:39:36.643-0400: 109.362: [GC (Allocation Failure) [PSYoungGen: 113415K->30876K(184832K)] 413357K->330940K(709120K), 0.0189911 secs] [Times: user=0.15 sys=0.01, real=0.02 secs] 
2016-09-13T20:39:36.818-0400: 109.537: [GC (GCLocker Initiated GC) [PSYoungGen: 140330K->29607K(184320K)] 441913K->331329K(708608K), 0.0219683 secs] [Times: user=0.24 sys=0.00, real=0.02 secs] 
2016-09-13T20:39:37.006-0400: 109.725: [GC (GCLocker Initiated GC) [PSYoungGen: 145831K->55272K(185856K)] 447578K->357221K(710144K), 0.0116605 secs] [Times: user=0.15 sys=0.00, real=0.02 secs] 
2016-09-13T20:39:37.182-0400: 109.901: [GC (GCLocker Initiated GC) [PSYoungGen: 171496K->32735K(189952K)] 473663K->344216K(714240K), 0.0095000 secs] [Times: user=0.11 sys=0.00, real=0.01 secs] 
2016-09-13T20:39:37.392-0400: 110.111: [GC (GCLocker Initiated GC) [PSYoungGen: 151007K->41853K(188928K)] 464098K->355169K(713216K), 0.0178334 secs] [Times: user=0.23 sys=0.00, real=0.02 secs] 
2016-09-13T20:39:37.566-0400: 110.284: [GC (GCLocker Initiated GC) [PSYoungGen: 160125K->46440K(188928K)] 473469K->360061K(713216K), 0.0212803 secs] [Times: user=0.21 sys=0.00, real=0.02 secs] 
2016-09-13T20:39:37.751-0400: 110.469: [GC (GCLocker Initiated GC) [PSYoungGen: 166248K->12714K(188928K)] 480000K->328390K(713216K), 0.0123546 secs] [Times: user=0.11 sys=0.00, real=0.01 secs] 
2016-09-13T20:39:37.952-0400: 110.671: [GC (GCLocker Initiated GC) [PSYoungGen: 132522K->28020K(190464K)] 448208K->351491K(714752K), 0.0226330 secs] [Times: user=0.22 sys=0.00, real=0.02 secs] 
2016-09-13T20:39:38.154-0400: 110.873: [GC (GCLocker Initiated GC) [PSYoungGen: 150388K->25018K(190976K)] 480080K->354875K(715264K), 0.0474622 secs] [Times: user=0.45 sys=0.00, real=0.05 secs] 
2016-09-13T20:39:38.385-0400: 111.103: [GC (Allocation Failure) [PSYoungGen: 147386K->9709K(191488K)] 478890K->346145K(715776K), 0.0257159 secs] [Times: user=0.29 sys=0.00, real=0.03 secs] 
2016-09-13T20:39:38.573-0400: 111.292: [GC (GCLocker Initiated GC) [PSYoungGen: 134125K->51051K(175616K)] 470567K->387730K(699904K), 0.0100384 secs] [Times: user=0.12 sys=0.00, real=0.01 secs] 
2016-09-13T20:39:38.780-0400: 111.499: [GC (GCLocker Initiated GC) [PSYoungGen: 175467K->32709K(194048K)] 512300K->369767K(718336K), 0.0129504 secs] [Times: user=0.16 sys=0.00, real=0.01 secs] 
2016-09-13T20:39:38.961-0400: 111.680: [GC (Allocation Failure) [PSYoungGen: 155077K->43149K(190464K)] 492363K->380586K(714752K), 0.0090807 secs] [Times: user=0.09 sys=0.00, real=0.01 secs] 
2016-09-13T20:39:39.160-0400: 111.879: [GC (GCLocker Initiated GC) [PSYoungGen: 164122K->27934K(192000K)] 503078K->367004K(716288K), 0.0208401 secs] [Times: user=0.19 sys=0.01, real=0.02 secs] 
2016-09-13T20:39:39.371-0400: 112.089: [GC (GCLocker Initiated GC) [PSYoungGen: 152350K->34066K(190464K)] 491615K->373584K(714752K), 0.0152624 secs] [Times: user=0.14 sys=0.00, real=0.01 secs] 
2016-09-13T20:39:39.562-0400: 112.280: [GC (GCLocker Initiated GC) [PSYoungGen: 158482K->44603K(190464K)] 501217K->387531K(714752K), 0.0154906 secs] [Times: user=0.12 sys=0.00, real=0.02 secs] 
2016-09-13T20:39:39.748-0400: 112.466: [GC (GCLocker Initiated GC) [PSYoungGen: 172091K->23536K(191488K)] 518254K->374461K(715776K), 0.0199611 secs] [Times: user=0.22 sys=0.00, real=0.02 secs] 
2016-09-13T20:39:39.969-0400: 112.688: [GC (Allocation Failure) [PSYoungGen: 151024K->24828K(195072K)] 502194K->376278K(719360K), 0.0106386 secs] [Times: user=0.08 sys=0.00, real=0.01 secs] 
2016-09-13T20:39:40.202-0400: 112.921: [GC (GCLocker Initiated GC) [PSYoungGen: 159996K->43148K(196608K)] 511449K->394731K(720896K), 0.0157416 secs] [Times: user=0.14 sys=0.00, real=0.02 secs] 
2016-09-13T20:39:40.433-0400: 113.152: [GC (GCLocker Initiated GC) [PSYoungGen: 178316K->32485K(196608K)] 530017K->384412K(720896K), 0.0106364 secs] [Times: user=0.09 sys=0.00, real=0.01 secs] 
2016-09-13T20:39:40.648-0400: 113.367: [GC (GCLocker Initiated GC) [PSYoungGen: 170725K->9799K(198144K)] 528736K->377135K(722432K), 0.0187437 secs] [Times: user=0.18 sys=0.00, real=0.01 secs] 
2016-09-13T20:39:40.868-0400: 113.587: [GC (GCLocker Initiated GC) [PSYoungGen: 148039K->40175K(199680K)] 515397K->409253K(723968K), 0.0160225 secs] [Times: user=0.14 sys=0.01, real=0.01 secs] 
2016-09-13T20:39:41.098-0400: 113.817: [GC (GCLocker Initiated GC) [PSYoungGen: 178415K->29544K(167936K)] 553624K->407929K(692224K), 0.0250598 secs] [Times: user=0.28 sys=0.00, real=0.02 secs] 
2016-09-13T20:39:41.334-0400: 114.052: [GC (GCLocker Initiated GC) [PSYoungGen: 167784K->41715K(197632K)] 546176K->420238K(721920K), 0.0380268 secs] [Times: user=0.39 sys=0.00, real=0.04 secs] 
2016-09-13T20:39:41.564-0400: 114.282: [GC (GCLocker Initiated GC) [PSYoungGen: 179955K->52542K(190976K)] 558500K->431309K(715264K), 0.0106733 secs] [Times: user=0.11 sys=0.00, real=0.01 secs] 
2016-09-13T20:39:41.774-0400: 114.493: [GC (Allocation Failure) [PSYoungGen: 190782K->9709K(194560K)] 569571K->400886K(718848K), 0.0048255 secs] [Times: user=0.04 sys=0.00, real=0.01 secs] 
2016-09-13T20:39:42.002-0400: 114.720: [GC (GCLocker Initiated GC) [PSYoungGen: 134207K->14323K(196096K)] 531459K->417789K(720384K), 0.0071615 secs] [Times: user=0.08 sys=0.00, real=0.01 secs] 
2016-09-13T20:39:42.193-0400: 114.912: [GC (Allocation Failure) [PSYoungGen: 144371K->32389K(190464K)] 547909K->436070K(714752K), 0.0079547 secs] [Times: user=0.06 sys=0.00, real=0.01 secs] 
2016-09-13T20:39:42.401-0400: 115.119: [GC (Allocation Failure) [PSYoungGen: 162450K->26701K(193536K)] 566131K->442761K(717824K), 0.0088816 secs] [Times: user=0.10 sys=0.00, real=0.01 secs] 
2016-09-13T20:39:42.602-0400: 115.320: [GC (GCLocker Initiated GC) [PSYoungGen: 153148K->14483K(198656K)] 575283K->436808K(722944K), 0.0125077 secs] [Times: user=0.13 sys=0.00, real=0.01 secs] 
2016-09-13T20:39:42.849-0400: 115.568: [GC (Allocation Failure) [PSYoungGen: 153235K->20521K(199168K)] 581985K->449476K(723456K), 0.0068197 secs] [Times: user=0.08 sys=0.00, real=0.01 secs] 
2016-09-13T20:39:43.054-0400: 115.772: [GC (GCLocker Initiated GC) [PSYoungGen: 159035K->46441K(195584K)] 589509K->477124K(719872K), 0.0096693 secs] [Times: user=0.09 sys=0.00, real=0.01 secs] 
2016-09-13T20:39:43.306-0400: 116.024: [GC (GCLocker Initiated GC) [PSYoungGen: 183657K->23341K(199680K)] 623633K->463577K(723968K), 0.0223587 secs] [Times: user=0.24 sys=0.00, real=0.03 secs] 
2016-09-13T20:39:43.532-0400: 116.250: [GC (GCLocker Initiated GC) [PSYoungGen: 160557K->41630K(199168K)] 602521K->483650K(723456K), 0.0162724 secs] [Times: user=0.16 sys=0.00, real=0.02 secs] 
2016-09-13T20:39:43.754-0400: 116.473: [GC (GCLocker Initiated GC) [PSYoungGen: 180894K->28087K(167424K)] 630524K->477915K(691712K), 0.0236551 secs] [Times: user=0.25 sys=0.00, real=0.03 secs] 
2016-09-13T20:39:43.990-0400: 116.708: [GC (Allocation Failure) [PSYoungGen: 167351K->24860K(201728K)] 617254K->475019K(726016K), 0.0105158 secs] [Times: user=0.08 sys=0.01, real=0.01 secs] 
2016-09-13T20:39:44.240-0400: 116.959: [GC (GCLocker Initiated GC) [PSYoungGen: 167708K->35458K(199680K)] 617873K->487273K(723968K), 0.0170810 secs] [Times: user=0.13 sys=0.00, real=0.02 secs] 
2016-09-13T20:39:44.447-0400: 117.165: [GC (GCLocker Initiated GC) [PSYoungGen: 178306K->31216K(203264K)] 637737K->490849K(727552K), 0.0125982 secs] [Times: user=0.11 sys=0.00, real=0.02 secs] 
2016-09-13T20:39:44.698-0400: 117.416: [GC (GCLocker Initiated GC) [PSYoungGen: 179696K->28178K(202752K)] 651551K->503339K(727040K), 0.0234391 secs] [Times: user=0.26 sys=0.00, real=0.02 secs] 
2016-09-13T20:39:44.952-0400: 117.671: [GC (Allocation Failure) [PSYoungGen: 176658K->11255K(204288K)] 651972K->492932K(728576K), 0.0201240 secs] [Times: user=0.21 sys=0.00, real=0.02 secs] 
2016-09-13T20:39:45.194-0400: 117.913: [GC (GCLocker Initiated GC) [PSYoungGen: 163319K->14233K(205312K)] 644999K->496043K(729600K), 0.0115866 secs] [Times: user=0.12 sys=0.00, real=0.01 secs] 
2016-09-13T20:39:45.465-0400: 118.184: [GC (GCLocker Initiated GC) [PSYoungGen: 166297K->32485K(207872K)] 648135K->514387K(732160K), 0.0143796 secs] [Times: user=0.13 sys=0.01, real=0.02 secs] 
2016-09-13T20:39:45.702-0400: 118.421: [GC (GCLocker Initiated GC) [PSYoungGen: 188133K->5057K(208384K)] 677645K->505403K(732672K), 0.0143298 secs] [Times: user=0.14 sys=0.00, real=0.02 secs] 
2016-09-13T20:39:45.952-0400: 118.670: [GC (GCLocker Initiated GC) [PSYoungGen: 160705K->32427K(208384K)] 661196K->540650K(732672K), 0.0226870 secs] [Times: user=0.24 sys=0.00, real=0.02 secs] 
2016-09-13T20:39:46.206-0400: 118.925: [Full GC (Ergonomics) [PSYoungGen: 187051K->0K(208384K)] [ParOldGen: 514364K->32868K(524288K)] 701416K->32868K(732672K), [Metaspace: 44567K->44567K(1087488K)], 0.0666592 secs] [Times: user=0.37 sys=0.00, real=0.07 secs] 
2016-09-13T20:39:46.509-0400: 119.227: [GC (GCLocker Initiated GC) [PSYoungGen: 154624K->51177K(205824K)] 193674K->102377K(730112K), 0.0130257 secs] [Times: user=0.14 sys=0.00, real=0.01 secs] 
2016-09-13T20:39:46.709-0400: 119.428: [GC (GCLocker Initiated GC) [PSYoungGen: 205801K->46404K(190464K)] 257027K->117824K(714752K), 0.0113214 secs] [Times: user=0.11 sys=0.00, real=0.01 secs] 
2016-09-13T20:39:46.920-0400: 119.639: [GC (GCLocker Initiated GC) [PSYoungGen: 180548K->41698K(176128K)] 251970K->116418K(700416K), 0.0189210 secs] [Times: user=0.20 sys=0.00, real=0.02 secs] 
2016-09-13T20:39:47.162-0400: 119.880: [GC (GCLocker Initiated GC) [PSYoungGen: 175842K->14446K(197632K)] 252190K->91027K(721920K), 0.0111650 secs] [Times: user=0.10 sys=0.01, real=0.01 secs] 
2016-09-13T20:39:47.405-0400: 120.123: [GC (GCLocker Initiated GC) [PSYoungGen: 147054K->5338K(197120K)] 235982K->97545K(721408K), 0.0217467 secs] [Times: user=0.23 sys=0.01, real=0.02 secs] 
2016-09-13T20:39:47.616-0400: 120.334: [GC (Allocation Failure) [PSYoungGen: 137946K->32622K(195072K)] 230273K->129825K(719360K), 0.0061671 secs] [Times: user=0.04 sys=0.00, real=0.00 secs] 
2016-09-13T20:39:47.817-0400: 120.535: [GC (GCLocker Initiated GC) [PSYoungGen: 165230K->24795K(196096K)] 262436K->126766K(720384K), 0.0117742 secs] [Times: user=0.11 sys=0.00, real=0.01 secs] 
2016-09-13T20:39:48.074-0400: 120.793: [GC (GCLocker Initiated GC) [PSYoungGen: 157403K->14196K(197632K)] 271597K->128576K(721920K), 0.0232828 secs] [Times: user=0.28 sys=0.01, real=0.03 secs] 
2016-09-13T20:39:48.283-0400: 121.002: [GC (GCLocker Initiated GC) [PSYoungGen: 151412K->41565K(196608K)] 267361K->162126K(720896K), 0.0496797 secs] [Times: user=0.53 sys=0.00, real=0.05 secs] 
2016-09-13T20:39:48.507-0400: 121.225: [GC (Allocation Failure) [PSYoungGen: 178781K->47928K(192512K)] 299529K->169093K(716800K), 0.0059438 secs] [Times: user=0.05 sys=0.01, real=0.01 secs] 
2016-09-13T20:39:48.706-0400: 121.424: [GC (GCLocker Initiated GC) [PSYoungGen: 179000K->41570K(173056K)] 300165K->162834K(697344K), 0.0112040 secs] [Times: user=0.11 sys=0.00, real=0.02 secs] 
2016-09-13T20:39:48.912-0400: 121.630: [GC (GCLocker Initiated GC) [PSYoungGen: 172642K->55522K(184320K)] 293918K->176998K(708608K), 0.0209663 secs] [Times: user=0.21 sys=0.00, real=0.02 secs] 
2016-09-13T20:39:49.145-0400: 121.864: [GC (Allocation Failure) [PSYoungGen: 173282K->25105K(189952K)] 300937K->153013K(714240K), 0.0091798 secs] [Times: user=0.09 sys=0.00, real=0.01 secs] 
2016-09-13T20:39:49.311-0400: 122.030: [GC (GCLocker Initiated GC) [PSYoungGen: 142865K->52235K(185344K)] 270776K->180343K(709632K), 0.0242055 secs] [Times: user=0.25 sys=0.01, real=0.02 secs] 
2016-09-13T20:39:49.516-0400: 122.235: [GC (GCLocker Initiated GC) [PSYoungGen: 167947K->46340K(162304K)] 297795K->181013K(686592K), 0.0192467 secs] [Times: user=0.20 sys=0.00, real=0.01 secs] 
2016-09-13T20:39:49.721-0400: 122.440: [GC (GCLocker Initiated GC) [PSYoungGen: 162052K->34349K(192000K)] 302943K->175434K(716288K), 0.0150801 secs] [Times: user=0.16 sys=0.00, real=0.02 secs] 
2016-09-13T20:39:49.898-0400: 122.617: [GC (GCLocker Initiated GC) [PSYoungGen: 152621K->29661K(147968K)] 301549K->178822K(672256K), 0.0064121 secs] [Times: user=0.05 sys=0.00, real=0.00 secs] 
2016-09-13T20:39:50.117-0400: 122.835: [GC (Allocation Failure) [PSYoungGen: 147933K->41601K(186368K)] 297449K->191405K(710656K), 0.0321560 secs] [Times: user=0.31 sys=0.00, real=0.03 secs] 
2016-09-13T20:39:50.298-0400: 123.016: [GC (GCLocker Initiated GC) [PSYoungGen: 159950K->58336K(185856K)] 311272K->209923K(710144K), 0.0216688 secs] [Times: user=0.22 sys=0.00, real=0.02 secs] 
2016-09-13T20:39:50.499-0400: 123.217: [GC (GCLocker Initiated GC) [PSYoungGen: 177120K->23751K(190976K)] 344077K->190787K(715264K), 0.0278932 secs] [Times: user=0.32 sys=0.01, real=0.02 secs] 
2016-09-13T20:39:50.699-0400: 123.418: [GC (GCLocker Initiated GC) [PSYoungGen: 142535K->41725K(160768K)] 318816K->218333K(685056K), 0.0098377 secs] [Times: user=0.08 sys=0.00, real=0.01 secs] 
2016-09-13T20:39:50.908-0400: 123.627: [GC (GCLocker Initiated GC) [PSYoungGen: 160509K->46250K(187904K)] 337307K->223297K(712192K), 0.0105419 secs] [Times: user=0.09 sys=0.00, real=0.01 secs] 
2016-09-13T20:39:51.107-0400: 123.825: [GC (GCLocker Initiated GC) [PSYoungGen: 164522K->61533K(180224K)] 341728K->238885K(704512K), 0.0302924 secs] [Times: user=0.30 sys=0.01, real=0.04 secs] 
2016-09-13T20:39:51.305-0400: 124.024: [GC (GCLocker Initiated GC) [PSYoungGen: 179805K->46445K(187904K)] 357410K->224366K(712192K), 0.0120846 secs] [Times: user=0.13 sys=0.00, real=0.02 secs] 
2016-09-13T20:39:51.483-0400: 124.201: [GC (GCLocker Initiated GC) [PSYoungGen: 159085K->47795K(160768K)] 337093K->225938K(685056K), 0.0072624 secs] [Times: user=0.06 sys=0.00, real=0.01 secs] 
2016-09-13T20:39:51.658-0400: 124.377: [GC (Allocation Failure) [PSYoungGen: 160435K->43244K(188928K)] 338812K->223341K(713216K), 0.0080496 secs] [Times: user=0.07 sys=0.00, real=0.00 secs] 
2016-09-13T20:39:51.854-0400: 124.573: [GC (GCLocker Initiated GC) [PSYoungGen: 156986K->26405K(186368K)] 338603K->208164K(710656K), 0.0055521 secs] [Times: user=0.05 sys=0.00, real=0.01 secs] 
2016-09-13T20:39:52.047-0400: 124.765: [GC (GCLocker Initiated GC) [PSYoungGen: 141605K->9618K(185856K)] 335516K->203675K(710144K), 0.0104898 secs] [Times: user=0.09 sys=0.00, real=0.02 secs] 
2016-09-13T20:39:52.232-0400: 124.950: [GC (GCLocker Initiated GC) [PSYoungGen: 124818K->27992K(187904K)] 320414K->223739K(712192K), 0.0054777 secs] [Times: user=0.04 sys=0.01, real=0.01 secs] 
2016-09-13T20:39:52.404-0400: 125.123: [GC (GCLocker Initiated GC) [PSYoungGen: 143192K->31062K(184320K)] 339117K->230300K(708608K), 0.0189784 secs] [Times: user=0.20 sys=0.00, real=0.02 secs] 
2016-09-13T20:39:52.634-0400: 125.352: [GC (Allocation Failure) [PSYoungGen: 149846K->41507K(186880K)] 349232K->241056K(711168K), 0.0190322 secs] [Times: user=0.21 sys=0.00, real=0.02 secs] 
2016-09-13T20:39:52.813-0400: 125.531: [GC (GCLocker Initiated GC) [PSYoungGen: 154890K->27897K(189952K)] 360513K->233585K(714240K), 0.0051564 secs] [Times: user=0.03 sys=0.00, real=0.01 secs] 
2016-09-13T20:39:53.040-0400: 125.758: [GC (GCLocker Initiated GC) [PSYoungGen: 154873K->43184K(192512K)] 360756K->249190K(716800K), 0.0203041 secs] [Times: user=0.18 sys=0.00, real=0.02 secs] 
2016-09-13T20:39:53.237-0400: 125.955: [GC (GCLocker Initiated GC) [PSYoungGen: 170160K->29539K(192512K)] 376191K->235705K(716800K), 0.0083363 secs] [Times: user=0.07 sys=0.00, real=0.00 secs] 
2016-09-13T20:39:53.424-0400: 126.143: [GC (Allocation Failure) [PSYoungGen: 160611K->31034K(194560K)] 366983K->242102K(718848K), 0.0455931 secs] [Times: user=0.52 sys=0.00, real=0.05 secs] 
2016-09-13T20:39:53.681-0400: 126.400: [GC (GCLocker Initiated GC) [PSYoungGen: 162106K->27929K(196608K)] 373177K->243876K(720896K), 0.0166988 secs] [Times: user=0.17 sys=0.00, real=0.02 secs] 
2016-09-13T20:39:53.866-0400: 126.585: [GC (GCLocker Initiated GC) [PSYoungGen: 165145K->49601K(197632K)] 382727K->267345K(721920K), 0.0074831 secs] [Times: user=0.06 sys=0.00, real=0.01 secs] 
2016-09-13T20:39:54.081-0400: 126.800: [GC (GCLocker Initiated GC) [PSYoungGen: 186817K->44859K(197632K)] 404603K->263008K(721920K), 0.0159659 secs] [Times: user=0.15 sys=0.00, real=0.02 secs] 
2016-09-13T20:39:54.299-0400: 127.018: [GC (GCLocker Initiated GC) [PSYoungGen: 179003K->41847K(176128K)] 407940K->270922K(700416K), 0.0257785 secs] [Times: user=0.24 sys=0.02, real=0.02 secs] 
2016-09-13T20:39:54.503-0400: 127.222: [GC (GCLocker Initiated GC) [PSYoungGen: 175991K->44763K(197120K)] 405092K->274082K(721408K), 0.0220418 secs] [Times: user=0.21 sys=0.02, real=0.02 secs] 
2016-09-13T20:39:54.723-0400: 127.442: [GC (GCLocker Initiated GC) [PSYoungGen: 178907K->41601K(197632K)] 408242K->275615K(721920K), 0.0101251 secs] [Times: user=0.06 sys=0.00, real=0.01 secs] 
2016-09-13T20:39:54.955-0400: 127.674: [GC (GCLocker Initiated GC) [PSYoungGen: 175745K->11190K(195072K)] 409862K->245484K(719360K), 0.0140434 secs] [Times: user=0.12 sys=0.00, real=0.02 secs] 
2016-09-13T20:39:55.183-0400: 127.902: [GC (Allocation Failure) [PSYoungGen: 144310K->46223K(179712K)] 378746K->282618K(704000K), 0.0219474 secs] [Times: user=0.21 sys=0.01, real=0.02 secs] 
2016-09-13T20:39:55.395-0400: 128.114: [GC (GCLocker Initiated GC) [PSYoungGen: 179343K->32741K(198656K)] 415741K->269314K(722944K), 0.0234816 secs] [Times: user=0.25 sys=0.00, real=0.03 secs] 
2016-09-13T20:39:55.608-0400: 128.326: [GC (GCLocker Initiated GC) [PSYoungGen: 165861K->32613K(165888K)] 405533K->272432K(690176K), 0.0152810 secs] [Times: user=0.17 sys=0.00, real=0.01 secs] 
2016-09-13T20:39:55.849-0400: 128.568: [GC (GCLocker Initiated GC) [PSYoungGen: 165733K->6575K(192000K)] 417818K->260301K(716288K), 0.0307606 secs] [Times: user=0.33 sys=0.00, real=0.03 secs] 
2016-09-13T20:39:56.064-0400: 128.782: [GC (GCLocker Initiated GC) [PSYoungGen: 137135K->41758K(194560K)] 392614K->297404K(718848K), 0.0062228 secs] [Times: user=0.09 sys=0.00, real=0.01 secs] 
2016-09-13T20:39:56.259-0400: 128.978: [GC (GCLocker Initiated GC) [PSYoungGen: 172318K->43439K(197120K)] 427972K->299255K(721408K), 0.0224703 secs] [Times: user=0.21 sys=0.01, real=0.02 secs] 
2016-09-13T20:39:56.484-0400: 129.203: [GC (GCLocker Initiated GC) [PSYoungGen: 176559K->41693K(197632K)] 432380K->297708K(721920K), 0.0178425 secs] [Times: user=0.18 sys=0.00, real=0.02 secs] 
2016-09-13T20:39:56.686-0400: 129.404: [GC (Allocation Failure) [PSYoungGen: 174813K->43270K(197632K)] 431031K->299749K(721920K), 0.0129836 secs] [Times: user=0.12 sys=0.00, real=0.02 secs] 
2016-09-13T20:39:56.912-0400: 129.631: [GC (GCLocker Initiated GC) [PSYoungGen: 176888K->24796K(197632K)] 434885K->283010K(721920K), 0.0121440 secs] [Times: user=0.11 sys=0.00, real=0.01 secs] 
2016-09-13T20:39:57.139-0400: 129.857: [GC (Allocation Failure) [PSYoungGen: 158428K->9734K(195584K)] 422856K->274277K(719872K), 0.0162438 secs] [Times: user=0.15 sys=0.00, real=0.01 secs] 
2016-09-13T20:39:57.338-0400: 130.057: [GC (GCLocker Initiated GC) [PSYoungGen: 141830K->44671K(177152K)] 406379K->309496K(701440K), 0.0152374 secs] [Times: user=0.14 sys=0.00, real=0.01 secs] 
2016-09-13T20:39:57.583-0400: 130.301: [GC (GCLocker Initiated GC) [PSYoungGen: 176767K->14351K(196096K)] 443133K->285483K(720384K), 0.0223062 secs] [Times: user=0.25 sys=0.00, real=0.02 secs] 
2016-09-13T20:39:57.767-0400: 130.486: [GC (Allocation Failure) [PSYoungGen: 144399K->32585K(162816K)] 417329K->313247K(687104K), 0.0172887 secs] [Times: user=0.17 sys=0.00, real=0.02 secs] 
2016-09-13T20:39:58.001-0400: 130.720: [GC (GCLocker Initiated GC) [PSYoungGen: 162564K->24859K(194560K)] 444745K->308802K(718848K), 0.0103456 secs] [Times: user=0.09 sys=0.00, real=0.01 secs] 
2016-09-13T20:39:58.205-0400: 130.924: [GC (GCLocker Initiated GC) [PSYoungGen: 156443K->46095K(193024K)] 441999K->331786K(717312K), 0.0077470 secs] [Times: user=0.05 sys=0.01, real=0.01 secs] 
2016-09-13T20:39:58.426-0400: 131.145: [GC (GCLocker Initiated GC) [PSYoungGen: 177679K->27902K(198656K)] 465104K->315367K(722944K), 0.0389654 secs] [Times: user=0.36 sys=0.01, real=0.04 secs] 
2016-09-13T20:39:58.662-0400: 131.380: [GC (GCLocker Initiated GC) [PSYoungGen: 165118K->56848K(194560K)] 454308K->346177K(718848K), 0.0112286 secs] [Times: user=0.09 sys=0.00, real=0.01 secs] 
2016-09-13T20:39:58.863-0400: 131.581: [GC (GCLocker Initiated GC) [PSYoungGen: 194064K->41603K(195072K)] 483758K->331514K(719360K), 0.0137512 secs] [Times: user=0.12 sys=0.00, real=0.02 secs] 
2016-09-13T20:39:59.080-0400: 131.799: [GC (GCLocker Initiated GC) [PSYoungGen: 169091K->46228K(194560K)] 459231K->336490K(718848K), 0.0100377 secs] [Times: user=0.08 sys=0.00, real=0.01 secs] 
2016-09-13T20:39:59.276-0400: 131.994: [GC (GCLocker Initiated GC) [PSYoungGen: 173716K->41593K(193536K)] 465787K->335310K(717824K), 0.0130480 secs] [Times: user=0.10 sys=0.01, real=0.01 secs] 
2016-09-13T20:39:59.474-0400: 132.192: [GC (GCLocker Initiated GC) [PSYoungGen: 169081K->41538K(194048K)] 462814K->335488K(718336K), 0.0110465 secs] [Times: user=0.07 sys=0.01, real=0.01 secs] 
2016-09-13T20:39:59.680-0400: 132.399: [GC (GCLocker Initiated GC) [PSYoungGen: 169026K->50684K(192512K)] 462998K->350881K(716800K), 0.0254515 secs] [Times: user=0.27 sys=0.00, real=0.02 secs] 
2016-09-13T20:39:59.916-0400: 132.635: [GC (Allocation Failure) [PSYoungGen: 177660K->11418K(138752K)] 491730K->336215K(663040K), 0.0091131 secs] [Times: user=0.09 sys=0.00, real=0.00 secs] 
2016-09-13T20:40:00.130-0400: 132.848: [GC (GCLocker Initiated GC) [PSYoungGen: 138394K->55430K(184832K)] 463233K->380478K(709120K), 0.0221131 secs] [Times: user=0.26 sys=0.00, real=0.02 secs] 
2016-09-13T20:40:00.323-0400: 133.042: [GC (GCLocker Initiated GC) [PSYoungGen: 171142K->43147K(188928K)] 496440K->368645K(713216K), 0.0219406 secs] [Times: user=0.27 sys=0.00, real=0.02 secs] 
2016-09-13T20:40:00.500-0400: 133.218: [GC (GCLocker Initiated GC) [PSYoungGen: 158859K->65957K(177152K)] 484493K->396423K(701440K), 0.0102454 secs] [Times: user=0.08 sys=0.01, real=0.01 secs] 
2016-09-13T20:40:00.657-0400: 133.375: [GC (Allocation Failure) [PSYoungGen: 171429K->41696K(183808K)] 502088K->372471K(708096K), 0.0124991 secs] [Times: user=0.13 sys=0.00, real=0.01 secs] 
2016-09-13T20:40:00.843-0400: 133.561: [GC (Allocation Failure) [PSYoungGen: 141772K->9768K(183296K)] 472546K->340815K(707584K), 0.0034017 secs] [Times: user=0.01 sys=0.00, real=0.00 secs] 
2016-09-13T20:40:01.001-0400: 133.720: [GC (GCLocker Initiated GC) [PSYoungGen: 115585K->18822K(185344K)] 452707K->356067K(709632K), 0.0196489 secs] [Times: user=0.21 sys=0.00, real=0.02 secs] 
2016-09-13T20:40:01.217-0400: 133.936: [GC (GCLocker Initiated GC) [PSYoungGen: 127366K->43435K(182784K)] 464633K->380963K(707072K), 0.0067534 secs] [Times: user=0.09 sys=0.00, real=0.00 secs] 
2016-09-13T20:40:01.370-0400: 134.089: [GC (GCLocker Initiated GC) [PSYoungGen: 152491K->34202K(184320K)] 490044K->381211K(708608K), 0.0111920 secs] [Times: user=0.15 sys=0.00, real=0.01 secs] 
2016-09-13T20:40:01.530-0400: 134.248: [GC (Allocation Failure) [PSYoungGen: 143258K->32581K(183808K)] 496365K->387459K(708096K), 0.0162962 secs] [Times: user=0.17 sys=0.01, real=0.01 secs] 
2016-09-13T20:40:01.709-0400: 134.428: [GC (GCLocker Initiated GC) [PSYoungGen: 147781K->50870K(184320K)] 502665K->415159K(708608K), 0.0209914 secs] [Times: user=0.23 sys=0.00, real=0.02 secs] 
2016-09-13T20:40:01.902-0400: 134.621: [GC (GCLocker Initiated GC) [PSYoungGen: 166070K->31125K(190976K)] 538132K->403341K(715264K), 0.0354737 secs] [Times: user=0.36 sys=0.00, real=0.04 secs] 
2016-09-13T20:40:02.122-0400: 134.840: [GC (Allocation Failure) [PSYoungGen: 152981K->41534K(190976K)] 525368K->417223K(715264K), 0.0095763 secs] [Times: user=0.08 sys=0.01, real=0.01 secs] 
2016-09-13T20:40:02.298-0400: 135.017: [GC (GCLocker Initiated GC) [PSYoungGen: 163390K->65934K(180224K)] 539088K->441771K(704512K), 0.0228998 secs] [Times: user=0.23 sys=0.01, real=0.02 secs] 
2016-09-13T20:40:02.502-0400: 135.221: [GC (GCLocker Initiated GC) [PSYoungGen: 178574K->35623K(187392K)] 566575K->423842K(711680K), 0.0136268 secs] [Times: user=0.15 sys=0.00, real=0.02 secs] 
2016-09-13T20:40:02.693-0400: 135.412: [GC (GCLocker Initiated GC) [PSYoungGen: 148263K->46217K(183808K)] 542654K->442278K(708096K), 0.0246178 secs] [Times: user=0.22 sys=0.00, real=0.03 secs] 
2016-09-13T20:40:02.898-0400: 135.617: [GC (GCLocker Initiated GC) [PSYoungGen: 161417K->44703K(186880K)] 565152K->454710K(711168K), 0.0172327 secs] [Times: user=0.17 sys=0.00, real=0.01 secs] 
2016-09-13T20:40:03.100-0400: 135.818: [GC (GCLocker Initiated GC) [PSYoungGen: 159903K->26378K(187904K)] 582190K->448863K(712192K), 0.0173496 secs] [Times: user=0.15 sys=0.00, real=0.02 secs] 
2016-09-13T20:40:03.299-0400: 136.018: [GC (GCLocker Initiated GC) [PSYoungGen: 146698K->64602K(185344K)] 570757K->491854K(709632K), 0.0164400 secs] [Times: user=0.14 sys=0.00, real=0.02 secs] 
2016-09-13T20:40:03.520-0400: 136.239: [GC (GCLocker Initiated GC) [PSYoungGen: 184922K->52387K(185344K)] 612414K->480163K(709632K), 0.0154373 secs] [Times: user=0.13 sys=0.00, real=0.02 secs] 
2016-09-13T20:40:03.699-0400: 136.417: [GC (GCLocker Initiated GC) [PSYoungGen: 161955K->49069K(158720K)] 591285K->478576K(683008K), 0.0114422 secs] [Times: user=0.09 sys=0.00, real=0.01 secs] 
2016-09-13T20:40:03.865-0400: 136.584: [GC (GCLocker Initiated GC) [PSYoungGen: 158637K->46153K(187392K)] 588166K->480361K(711680K), 0.0235033 secs] [Times: user=0.21 sys=0.00, real=0.03 secs] 
2016-09-13T20:40:04.060-0400: 136.778: [GC (GCLocker Initiated GC) [PSYoungGen: 158281K->5211K(185344K)] 604678K->459486K(709632K), 0.0250724 secs] [Times: user=0.26 sys=0.01, real=0.02 secs] 
2016-09-13T20:40:04.267-0400: 136.986: [GC (GCLocker Initiated GC) [PSYoungGen: 117339K->28185K(186880K)] 577779K->491896K(711168K), 0.0106774 secs] [Times: user=0.11 sys=0.00, real=0.02 secs] 
2016-09-13T20:40:04.455-0400: 137.174: [GC (Allocation Failure) [PSYoungGen: 138265K->9767K(185344K)] 614414K->486070K(709632K), 0.0296339 secs] [Times: user=0.31 sys=0.00, real=0.03 secs] 
2016-09-13T20:40:04.643-0400: 137.361: [GC (Allocation Failure) [PSYoungGen: 117104K->5201K(182784K)] 593407K->481682K(707072K), 0.0245416 secs] [Times: user=0.26 sys=0.00, real=0.02 secs] 
2016-09-13T20:40:04.818-0400: 137.537: [GC (GCLocker Initiated GC) [PSYoungGen: 111697K->40052K(146944K)] 588184K->516728K(671232K), 0.0086052 secs] [Times: user=0.07 sys=0.01, real=0.00 secs] 
2016-09-13T20:40:04.964-0400: 137.683: [GC (GCLocker Initiated GC) [PSYoungGen: 146548K->32682K(187904K)] 624921K->511206K(712192K), 0.0133186 secs] [Times: user=0.14 sys=0.00, real=0.02 secs] 
2016-09-13T20:40:05.141-0400: 137.860: [GC (GCLocker Initiated GC) [PSYoungGen: 144810K->38565K(183808K)] 623361K->517337K(708096K), 0.0065685 secs] [Times: user=0.07 sys=0.00, real=0.01 secs] 
2016-09-13T20:40:05.321-0400: 138.040: [GC (GCLocker Initiated GC) [PSYoungGen: 150693K->43153K(184320K)] 631162K->529939K(708608K), 0.0145532 secs] [Times: user=0.14 sys=0.00, real=0.02 secs] 
2016-09-13T20:40:05.515-0400: 138.234: [GC (GCLocker Initiated GC) [PSYoungGen: 157841K->62961K(184320K)] 644831K->550124K(708608K), 0.0154357 secs] [Times: user=0.17 sys=0.01, real=0.02 secs] 
2016-09-13T20:40:05.699-0400: 138.417: [GC (GCLocker Initiated GC) [PSYoungGen: 177649K->49163K(185344K)] 671135K->542877K(709632K), 0.0195618 secs] [Times: user=0.19 sys=0.00, real=0.02 secs] 
2016-09-13T20:40:05.893-0400: 138.611: [GC (GCLocker Initiated GC) [PSYoungGen: 157707K->27966K(136704K)] 663901K->534386K(660992K), 0.0147345 secs] [Times: user=0.16 sys=0.00, real=0.02 secs] 
2016-09-13T20:40:06.075-0400: 138.793: [GC (GCLocker Initiated GC) [PSYoungGen: 136510K->47768K(183808K)] 643114K->554435K(708096K), 0.0185068 secs] [Times: user=0.18 sys=0.00, real=0.02 secs] 
2016-09-13T20:40:06.269-0400: 138.987: [GC (GCLocker Initiated GC) [PSYoungGen: 156312K->43276K(183808K)] 664529K->551706K(708096K), 0.0154627 secs] [Times: user=0.12 sys=0.01, real=0.01 secs] 
2016-09-13T20:40:06.453-0400: 139.172: [GC (GCLocker Initiated GC) [PSYoungGen: 151820K->64544K(176640K)] 660379K->573310K(700928K), 0.0267868 secs] [Times: user=0.31 sys=0.00, real=0.03 secs] 
2016-09-13T20:40:06.615-0400: 139.333: [GC (GCLocker Initiated GC) [PSYoungGen: 167968K->37201K(182784K)] 676918K->546369K(707072K), 0.0099759 secs] [Times: user=0.11 sys=0.01, real=0.01 secs] 
2016-09-13T20:40:06.793-0400: 139.511: [GC (GCLocker Initiated GC) [PSYoungGen: 140625K->17457K(180736K)] 655890K->532885K(705024K), 0.0102779 secs] [Times: user=0.13 sys=0.00, real=0.01 secs] 
2016-09-13T20:40:06.950-0400: 139.669: [Full GC (Ergonomics) [PSYoungGen: 123953K->0K(180736K)] [ParOldGen: 523121K->34970K(524288K)] 647075K->34970K(705024K), [Metaspace: 44609K->44609K(1087488K)], 0.0589652 secs] [Times: user=0.29 sys=0.00, real=0.06 secs] 
2016-09-13T20:40:07.146-0400: 139.865: [GC (GCLocker Initiated GC) [PSYoungGen: 106496K->51029K(183296K)] 141567K->86108K(707584K), 0.0289305 secs] [Times: user=0.29 sys=0.00, real=0.03 secs] 
2016-09-13T20:40:07.319-0400: 140.037: [GC (GCLocker Initiated GC) [PSYoungGen: 157525K->44641K(181760K)] 192627K->96999K(706048K), 0.0062338 secs] [Times: user=0.06 sys=0.00, real=0.00 secs] 
2016-09-13T20:40:07.484-0400: 140.203: [GC (GCLocker Initiated GC) [PSYoungGen: 152673K->41884K(183296K)] 206598K->97506K(707584K), 0.0062653 secs] [Times: user=0.05 sys=0.01, real=0.01 secs] 
2016-09-13T20:40:07.666-0400: 140.384: [GC (GCLocker Initiated GC) [PSYoungGen: 149916K->44641K(183808K)] 205557K->105119K(708096K), 0.0086228 secs] [Times: user=0.07 sys=0.00, real=0.01 secs] 
2016-09-13T20:40:07.850-0400: 140.569: [GC (GCLocker Initiated GC) [PSYoungGen: 158817K->12869K(184832K)] 231637K->91918K(709120K), 0.0201752 secs] [Times: user=0.20 sys=0.00, real=0.02 secs] 
2016-09-13T20:40:08.059-0400: 140.778: [GC (GCLocker Initiated GC) [PSYoungGen: 127045K->23591K(190464K)] 213863K->110662K(714752K), 0.0095141 secs] [Times: user=0.07 sys=0.01, real=0.01 secs] 
2016-09-13T20:40:08.251-0400: 140.970: [GC (GCLocker Initiated GC) [PSYoungGen: 141351K->28024K(145920K)] 236239K->123087K(670208K), 0.0136682 secs] [Times: user=0.14 sys=0.00, real=0.01 secs] 
2016-09-13T20:40:08.450-0400: 141.169: [GC (Allocation Failure) [PSYoungGen: 145784K->41757K(188416K)] 242396K->141608K(712704K), 0.0230836 secs] [Times: user=0.25 sys=0.00, real=0.02 secs] 
2016-09-13T20:40:08.650-0400: 141.368: [GC (GCLocker Initiated GC) [PSYoungGen: 160536K->26601K(187392K)] 260393K->135781K(711680K), 0.0099176 secs] [Times: user=0.09 sys=0.00, real=0.01 secs] 
2016-09-13T20:40:08.845-0400: 141.564: [GC (GCLocker Initiated GC) [PSYoungGen: 145385K->12805K(190464K)] 268261K->135917K(714752K), 0.0121269 secs] [Times: user=0.11 sys=0.00, real=0.02 secs] 
2016-09-13T20:40:09.051-0400: 141.770: [GC (GCLocker Initiated GC) [PSYoungGen: 136197K->29606K(190976K)] 265562K->160700K(715264K), 0.0064914 secs] [Times: user=0.04 sys=0.00, real=0.01 secs] 
2016-09-13T20:40:09.261-0400: 141.980: [GC (GCLocker Initiated GC) [PSYoungGen: 152998K->43403K(192000K)] 284093K->174822K(716288K), 0.0214151 secs] [Times: user=0.24 sys=0.00, real=0.02 secs] 
2016-09-13T20:40:09.499-0400: 142.217: [GC (GCLocker Initiated GC) [PSYoungGen: 170379K->59828K(186880K)] 302046K->191662K(711168K), 0.0071654 secs] [Times: user=0.05 sys=0.00, real=0.00 secs] 
2016-09-13T20:40:09.692-0400: 142.410: [GC (GCLocker Initiated GC) [PSYoungGen: 186804K->41884K(191488K)] 320160K->175320K(715776K), 0.0091269 secs] [Times: user=0.10 sys=0.00, real=0.01 secs] 
2016-09-13T20:40:09.877-0400: 142.596: [GC (GCLocker Initiated GC) [PSYoungGen: 161180K->47800K(189952K)] 294641K->181509K(714240K), 0.0154517 secs] [Times: user=0.15 sys=0.00, real=0.01 secs] 
2016-09-13T20:40:10.049-0400: 142.768: [GC (GCLocker Initiated GC) [PSYoungGen: 167096K->44927K(190976K)] 302456K->189625K(715264K), 0.0067083 secs] [Times: user=0.07 sys=0.00, real=0.01 secs] 
2016-09-13T20:40:10.249-0400: 142.968: [GC (GCLocker Initiated GC) [PSYoungGen: 164735K->24895K(144896K)] 315763K->176117K(669184K), 0.0396874 secs] [Times: user=0.40 sys=0.00, real=0.04 secs] 
2016-09-13T20:40:10.463-0400: 143.182: [GC (GCLocker Initiated GC) [PSYoungGen: 144703K->46313K(189952K)] 296098K->197992K(714240K), 0.0098293 secs] [Times: user=0.10 sys=0.00, real=0.01 secs] 
2016-09-13T20:40:10.653-0400: 143.372: [GC (Allocation Failure) [PSYoungGen: 166633K->28054K(189952K)] 326028K->187626K(714240K), 0.0233357 secs] [Times: user=0.26 sys=0.00, real=0.03 secs] 
2016-09-13T20:40:10.862-0400: 143.580: [GC (GCLocker Initiated GC) [PSYoungGen: 148374K->43175K(191488K)] 307952K->202967K(715776K), 0.0093869 secs] [Times: user=0.09 sys=0.00, real=0.01 secs] 
2016-09-13T20:40:11.067-0400: 143.786: [GC (GCLocker Initiated GC) [PSYoungGen: 167079K->41569K(191488K)] 328498K->203162K(715776K), 0.0156464 secs] [Times: user=0.15 sys=0.00, real=0.02 secs] 
2016-09-13T20:40:11.262-0400: 143.981: [GC (GCLocker Initiated GC) [PSYoungGen: 165473K->52516K(190464K)] 328659K->216077K(714752K), 0.0097408 secs] [Times: user=0.12 sys=0.00, real=0.01 secs] 
2016-09-13T20:40:11.469-0400: 144.188: [GC (Allocation Failure) [PSYoungGen: 176932K->41693K(193024K)] 340495K->206941K(717312K), 0.0132125 secs] [Times: user=0.11 sys=0.01, real=0.01 secs] 
2016-09-13T20:40:11.694-0400: 144.412: [GC (GCLocker Initiated GC) [PSYoungGen: 164979K->50710K(193024K)] 336301K->222234K(717312K), 0.0306812 secs] [Times: user=0.35 sys=0.01, real=0.03 secs] 
2016-09-13T20:40:11.899-0400: 144.617: [GC (GCLocker Initiated GC) [PSYoungGen: 177174K->46376K(194048K)] 348794K->218134K(718336K), 0.0054448 secs] [Times: user=0.04 sys=0.00, real=0.00 secs] 
2016-09-13T20:40:12.091-0400: 144.809: [GC (GCLocker Initiated GC) [PSYoungGen: 172840K->43181K(189952K)] 350759K->221376K(714240K), 0.0105445 secs] [Times: user=0.08 sys=0.00, real=0.01 secs] 
2016-09-13T20:40:12.290-0400: 145.008: [GC (GCLocker Initiated GC) [PSYoungGen: 170669K->43334K(192512K)] 355199K->227960K(716800K), 0.0188910 secs] [Times: user=0.20 sys=0.00, real=0.02 secs] 
2016-09-13T20:40:12.500-0400: 145.218: [GC (GCLocker Initiated GC) [PSYoungGen: 170822K->43089K(193024K)] 355491K->227935K(717312K), 0.0086456 secs] [Times: user=0.06 sys=0.00, real=0.01 secs] 
2016-09-13T20:40:12.708-0400: 145.426: [GC (GCLocker Initiated GC) [PSYoungGen: 176721K->40391K(195584K)] 363188K->231553K(719872K), 0.0074931 secs] [Times: user=0.05 sys=0.00, real=0.00 secs] 
2016-09-13T20:40:12.946-0400: 145.665: [GC (GCLocker Initiated GC) [PSYoungGen: 174023K->23186K(199168K)] 372843K->222329K(723456K), 0.0058757 secs] [Times: user=0.04 sys=0.00, real=0.01 secs] 
2016-09-13T20:40:13.184-0400: 145.902: [GC (GCLocker Initiated GC) [PSYoungGen: 162450K->27993K(200704K)] 361606K->227213K(724992K), 0.0150917 secs] [Times: user=0.14 sys=0.00, real=0.02 secs] 
2016-09-13T20:40:13.417-0400: 146.136: [GC (GCLocker Initiated GC) [PSYoungGen: 167257K->43243K(199680K)] 369661K->248882K(723968K), 0.0097346 secs] [Times: user=0.07 sys=0.00, real=0.00 secs] 
2016-09-13T20:40:13.644-0400: 146.363: [GC (GCLocker Initiated GC) [PSYoungGen: 182507K->29819K(200192K)] 388223K->235686K(724480K), 0.0073643 secs] [Times: user=0.06 sys=0.00, real=0.01 secs] 
2016-09-13T20:40:13.887-0400: 146.606: [GC (GCLocker Initiated GC) [PSYoungGen: 169083K->5121K(195584K)] 387104K->223434K(719872K), 0.0162586 secs] [Times: user=0.18 sys=0.00, real=0.02 secs] 
2016-09-13T20:40:14.107-0400: 146.826: [GC (GCLocker Initiated GC) [PSYoungGen: 140289K->18944K(198656K)] 370930K->249640K(722944K), 0.0141197 secs] [Times: user=0.14 sys=0.00, real=0.02 secs] 
2016-09-13T20:40:14.344-0400: 147.063: [GC (GCLocker Initiated GC) [PSYoungGen: 154112K->8152K(195584K)] 387856K->242239K(719872K), 0.0160036 secs] [Times: user=0.13 sys=0.00, real=0.02 secs] 
2016-09-13T20:40:14.547-0400: 147.266: [GC (GCLocker Initiated GC) [PSYoungGen: 140248K->41715K(174080K)] 374433K->283636K(698368K), 0.0216012 secs] [Times: user=0.23 sys=0.00, real=0.03 secs] 
2016-09-13T20:40:14.808-0400: 147.527: [GC (GCLocker Initiated GC) [PSYoungGen: 173811K->9768K(195584K)] 423635K->259722K(719872K), 0.0248215 secs] [Times: user=0.24 sys=0.00, real=0.02 secs] 
2016-09-13T20:40:15.068-0400: 147.787: [GC (GCLocker Initiated GC) [PSYoungGen: 139816K->43211K(173568K)] 391398K->294990K(697856K), 0.0280364 secs] [Times: user=0.27 sys=0.00, real=0.03 secs] 
2016-09-13T20:40:15.266-0400: 147.985: [GC (GCLocker Initiated GC) [PSYoungGen: 173259K->54003K(185344K)] 426607K->307655K(709632K), 0.0427227 secs] [Times: user=0.49 sys=0.00, real=0.05 secs] 
2016-09-13T20:40:15.452-0400: 148.171: [GC (GCLocker Initiated GC) [PSYoungGen: 171763K->20653K(189952K)] 437568K->297406K(714240K), 0.0100361 secs] [Times: user=0.10 sys=0.00, real=0.01 secs] 
2016-09-13T20:40:15.628-0400: 148.347: [GC (GCLocker Initiated GC) [PSYoungGen: 138413K->54036K(183296K)] 415291K->336083K(707584K), 0.0174236 secs] [Times: user=0.22 sys=0.00, real=0.01 secs] 
2016-09-13T20:40:15.804-0400: 148.522: [GC (GCLocker Initiated GC) [PSYoungGen: 166676K->49293K(162304K)] 448778K->340620K(686592K), 0.0183004 secs] [Times: user=0.24 sys=0.00, real=0.02 secs] 
2016-09-13T20:40:16.008-0400: 148.726: [GC (Allocation Failure) [PSYoungGen: 161933K->6916K(183808K)] 465602K->318243K(708096K), 0.0039280 secs] [Times: user=0.04 sys=0.00, real=0.00 secs] 
2016-09-13T20:40:16.168-0400: 148.887: [GC (GCLocker Initiated GC) [PSYoungGen: 113523K->9863K(184832K)] 426369K->323044K(709120K), 0.0057974 secs] [Times: user=0.04 sys=0.00, real=0.00 secs] 
2016-09-13T20:40:16.343-0400: 149.062: [GC (GCLocker Initiated GC) [PSYoungGen: 117383K->43185K(184320K)] 430650K->356677K(708608K), 0.0143643 secs] [Times: user=0.14 sys=0.01, real=0.02 secs] 
2016-09-13T20:40:16.529-0400: 149.248: [GC (GCLocker Initiated GC) [PSYoungGen: 151217K->62801K(171008K)] 466446K->381190K(695296K), 0.0176418 secs] [Times: user=0.16 sys=0.00, real=0.01 secs] 
2016-09-13T20:40:16.705-0400: 149.424: [GC (GCLocker Initiated GC) [PSYoungGen: 170833K->28029K(182272K)] 503139K->360540K(706560K), 0.0116343 secs] [Times: user=0.10 sys=0.00, real=0.02 secs] 
2016-09-13T20:40:16.863-0400: 149.581: [GC (GCLocker Initiated GC) [PSYoungGen: 126333K->50870K(178176K)] 459045K->383870K(702464K), 0.0109270 secs] [Times: user=0.10 sys=0.01, real=0.01 secs] 
2016-09-13T20:40:17.053-0400: 149.772: [GC (GCLocker Initiated GC) [PSYoungGen: 149174K->23464K(179200K)] 483764K->358264K(703488K), 0.0185566 secs] [Times: user=0.17 sys=0.00, real=0.02 secs] 
2016-09-13T20:40:17.211-0400: 149.930: [GC (GCLocker Initiated GC) [PSYoungGen: 123816K->50848K(179712K)] 458837K->386107K(704000K), 0.0083955 secs] [Times: user=0.08 sys=0.00, real=0.01 secs] 
2016-09-13T20:40:17.368-0400: 150.087: [GC (GCLocker Initiated GC) [PSYoungGen: 151200K->5483K(180224K)] 495753K->350284K(704512K), 0.0046975 secs] [Times: user=0.04 sys=0.00, real=0.00 secs] 
2016-09-13T20:40:17.562-0400: 150.280: [GC (GCLocker Initiated GC) [PSYoungGen: 104811K->23436K(122880K)] 456043K->374929K(647168K), 0.0084319 secs] [Times: user=0.09 sys=0.01, real=0.01 secs] 
2016-09-13T20:40:17.729-0400: 150.448: [GC (GCLocker Initiated GC) [PSYoungGen: 122764K->6667K(178176K)] 487964K->372111K(702464K), 0.0116198 secs] [Times: user=0.15 sys=0.00, real=0.01 secs] 
2016-09-13T20:40:17.899-0400: 150.618: [GC (GCLocker Initiated GC) [PSYoungGen: 106507K->28087K(178176K)] 479806K->403134K(702464K), 0.0062632 secs] [Times: user=0.07 sys=0.00, real=0.00 secs] 
2016-09-13T20:40:18.058-0400: 150.777: [GC (GCLocker Initiated GC) [PSYoungGen: 127927K->44731K(178176K)] 503112K->420168K(702464K), 0.0111855 secs] [Times: user=0.07 sys=0.00, real=0.01 secs] 
2016-09-13T20:40:18.246-0400: 150.965: [GC (Allocation Failure) [PSYoungGen: 149179K->5398K(179200K)] 538528K->407091K(703488K), 0.0077567 secs] [Times: user=0.08 sys=0.00, real=0.01 secs] 
2016-09-13T20:40:18.406-0400: 151.124: [GC (GCLocker Initiated GC) [PSYoungGen: 109846K->37265K(185344K)] 511542K->439107K(709632K), 0.0230596 secs] [Times: user=0.32 sys=0.00, real=0.03 secs] 
2016-09-13T20:40:18.627-0400: 151.346: [GC (GCLocker Initiated GC) [PSYoungGen: 149905K->41720K(186368K)] 551773K->443813K(710656K), 0.0111949 secs] [Times: user=0.09 sys=0.00, real=0.02 secs] 
2016-09-13T20:40:18.794-0400: 151.513: [GC (GCLocker Initiated GC) [PSYoungGen: 154360K->28023K(180224K)] 556804K->439891K(704512K), 0.0136806 secs] [Times: user=0.14 sys=0.00, real=0.02 secs] 
2016-09-13T20:40:18.967-0400: 151.686: [GC (GCLocker Initiated GC) [PSYoungGen: 142711K->24955K(184320K)] 554672K->441892K(708608K), 0.0138450 secs] [Times: user=0.12 sys=0.00, real=0.02 secs] 
2016-09-13T20:40:19.161-0400: 151.880: [GC (GCLocker Initiated GC) [PSYoungGen: 139643K->37201K(188928K)] 562926K->460784K(713216K), 0.0224219 secs] [Times: user=0.26 sys=0.01, real=0.02 secs] 
2016-09-13T20:40:19.374-0400: 152.093: [GC (GCLocker Initiated GC) [PSYoungGen: 162641K->34035K(191488K)] 586253K->462554K(715776K), 0.0321864 secs] [Times: user=0.36 sys=0.00, real=0.03 secs] 
2016-09-13T20:40:19.579-0400: 152.298: [GC (Allocation Failure) [PSYoungGen: 159475K->11281K(195584K)] 594124K->455251K(719872K), 0.0046476 secs] [Times: user=0.03 sys=0.00, real=0.00 secs] 
2016-09-13T20:40:19.805-0400: 152.523: [GC (GCLocker Initiated GC) [PSYoungGen: 141300K->49101K(181248K)] 591346K->499278K(705536K), 0.0323117 secs] [Times: user=0.34 sys=0.00, real=0.04 secs] 
2016-09-13T20:40:20.043-0400: 152.762: [GC (GCLocker Initiated GC) [PSYoungGen: 181197K->46090K(190464K)] 633087K->498153K(714752K), 0.0138752 secs] [Times: user=0.14 sys=0.00, real=0.02 secs] 
2016-09-13T20:40:20.231-0400: 152.950: [GC (GCLocker Initiated GC) [PSYoungGen: 168970K->56854K(180224K)] 621076K->509157K(704512K), 0.0096189 secs] [Times: user=0.10 sys=0.00, real=0.01 secs] 
2016-09-13T20:40:20.405-0400: 153.124: [GC (GCLocker Initiated GC) [PSYoungGen: 179734K->35688K(190976K)] 632062K->503403K(715264K), 0.0098776 secs] [Times: user=0.12 sys=0.00, real=0.01 secs] 
2016-09-13T20:40:20.613-0400: 153.332: [GC (Allocation Failure) [PSYoungGen: 151400K->26638K(142848K)] 625335K->514502K(667136K), 0.0059767 secs] [Times: user=0.08 sys=0.00, real=0.01 secs] 
2016-09-13T20:40:20.807-0400: 153.525: [GC (GCLocker Initiated GC) [PSYoungGen: 141520K->52389K(181760K)] 630903K->541947K(706048K), 0.0119710 secs] [Times: user=0.14 sys=0.00, real=0.02 secs] 
2016-09-13T20:40:20.965-0400: 153.684: [GC (Allocation Failure) [PSYoungGen: 165029K->28030K(184832K)] 656360K->519523K(709120K), 0.0063172 secs] [Times: user=0.08 sys=0.00, real=0.01 secs] 
2016-09-13T20:40:21.127-0400: 153.846: [GC (Allocation Failure) [PSYoungGen: 139375K->23537K(185856K)] 630868K->515280K(710144K), 0.0058596 secs] [Times: user=0.07 sys=0.00, real=0.01 secs] 
2016-09-13T20:40:21.332-0400: 154.050: [GC (GCLocker Initiated GC) [PSYoungGen: 143227K->20149K(188416K)] 641045K->518136K(712704K), 0.0114418 secs] [Times: user=0.12 sys=0.00, real=0.01 secs] 
2016-09-13T20:40:21.539-0400: 154.258: [GC (Allocation Failure) [PSYoungGen: 139957K->23495K(188416K)] 644313K->527899K(712704K), 0.0157361 secs] [Times: user=0.14 sys=0.00, real=0.01 secs] 
2016-09-13T20:40:21.742-0400: 154.460: [GC (GCLocker Initiated GC) [PSYoungGen: 149447K->41443K(191488K)] 653856K->546089K(715776K), 0.0309532 secs] [Times: user=0.39 sys=0.00, real=0.03 secs] 
2016-09-13T20:40:21.978-0400: 154.697: [GC (Allocation Failure) [PSYoungGen: 167395K->15970K(196096K)] 672200K->520929K(720384K), 0.0110748 secs] [Times: user=0.09 sys=0.00, real=0.01 secs] 
2016-09-13T20:40:22.161-0400: 154.879: [Full GC (Ergonomics) [PSYoungGen: 143692K->0K(196096K)] [ParOldGen: 511034K->32145K(524288K)] 654727K->32145K(720384K), [Metaspace: 44649K->44649K(1087488K)], 0.0866406 secs] [Times: user=0.59 sys=0.01, real=0.08 secs] 
2016-09-13T20:40:22.413-0400: 155.132: [GC (GCLocker Initiated GC) [PSYoungGen: 130560K->63152K(194048K)] 163098K->101766K(718336K), 0.0178291 secs] [Times: user=0.19 sys=0.00, real=0.02 secs] 
2016-09-13T20:40:22.624-0400: 155.343: [GC (GCLocker Initiated GC) [PSYoungGen: 193712K->38624K(186880K)] 235411K->89712K(711168K), 0.0177407 secs] [Times: user=0.16 sys=0.00, real=0.02 secs] 
2016-09-13T20:40:22.816-0400: 155.535: [GC (GCLocker Initiated GC) [PSYoungGen: 157408K->44954K(190464K)] 210353K->116405K(714752K), 0.0095646 secs] [Times: user=0.10 sys=0.00, real=0.00 secs] 
2016-09-13T20:40:23.042-0400: 155.760: [GC (GCLocker Initiated GC) [PSYoungGen: 163738K->28057K(186368K)] 235214K->99733K(710656K), 0.0138744 secs] [Times: user=0.15 sys=0.00, real=0.02 secs] 
2016-09-13T20:40:23.217-0400: 155.935: [GC (GCLocker Initiated GC) [PSYoungGen: 146841K->46217K(188416K)] 218570K->119569K(712704K), 0.0068934 secs] [Times: user=0.05 sys=0.00, real=0.00 secs] 
2016-09-13T20:40:23.391-0400: 156.109: [GC (GCLocker Initiated GC) [PSYoungGen: 164999K->8520K(188928K)] 244603K->92816K(713216K), 0.0102162 secs] [Times: user=0.09 sys=0.00, real=0.01 secs] 
2016-09-13T20:40:23.566-0400: 156.285: [GC (Allocation Failure) [PSYoungGen: 127304K->24859K(143872K)] 211869K->109822K(668160K), 0.0184367 secs] [Times: user=0.18 sys=0.00, real=0.02 secs] 
2016-09-13T20:40:23.740-0400: 156.459: [GC (GCLocker Initiated GC) [PSYoungGen: 143643K->44857K(188416K)] 228612K->129945K(712704K), 0.0199440 secs] [Times: user=0.21 sys=0.00, real=0.02 secs] 
2016-09-13T20:40:23.963-0400: 156.682: [GC (Allocation Failure) [PSYoungGen: 164153K->23654K(189440K)] 250955K->110646K(713728K), 0.0173191 secs] [Times: user=0.14 sys=0.00, real=0.02 secs] 
2016-09-13T20:40:24.146-0400: 156.865: [GC (GCLocker Initiated GC) [PSYoungGen: 142251K->41566K(190976K)] 230761K->130365K(715264K), 0.0093851 secs] [Times: user=0.07 sys=0.01, real=0.02 secs] 
2016-09-13T20:40:24.350-0400: 157.069: [GC (Allocation Failure) [PSYoungGen: 164446K->24928K(190976K)] 253502K->114064K(715264K), 0.0305597 secs] [Times: user=0.35 sys=0.00, real=0.03 secs] 
2016-09-13T20:40:24.548-0400: 157.267: [GC (GCLocker Initiated GC) [PSYoungGen: 147808K->30871K(189952K)] 236947K->120163K(714240K), 0.0107390 secs] [Times: user=0.06 sys=0.00, real=0.01 secs] 
2016-09-13T20:40:24.735-0400: 157.454: [GC (GCLocker Initiated GC) [PSYoungGen: 158871K->45044K(190976K)] 248445K->134741K(715264K), 0.0081363 secs] [Times: user=0.08 sys=0.00, real=0.01 secs] 
2016-09-13T20:40:24.952-0400: 157.670: [GC (GCLocker Initiated GC) [PSYoungGen: 173044K->9608K(195584K)] 269082K->105823K(719872K), 0.0185764 secs] [Times: user=0.17 sys=0.00, real=0.02 secs] 
2016-09-13T20:40:25.203-0400: 157.922: [GC (GCLocker Initiated GC) [PSYoungGen: 140680K->50742K(182272K)] 242983K->156187K(706560K), 0.0140136 secs] [Times: user=0.15 sys=0.01, real=0.02 secs] 
2016-09-13T20:40:25.407-0400: 158.126: [GC (GCLocker Initiated GC) [PSYoungGen: 181814K->55491K(183296K)] 287407K->162707K(707584K), 0.0209886 secs] [Times: user=0.26 sys=0.01, real=0.03 secs] 
2016-09-13T20:40:25.600-0400: 158.319: [GC (Allocation Failure) [PSYoungGen: 169155K->26410K(187904K)] 276382K->139835K(712192K), 0.0159854 secs] [Times: user=0.17 sys=0.01, real=0.02 secs] 
2016-09-13T20:40:25.769-0400: 158.488: [GC (GCLocker Initiated GC) [PSYoungGen: 134518K->27870K(180736K)] 254017K->147492K(705024K), 0.0089322 secs] [Times: user=0.08 sys=0.00, real=0.01 secs] 
2016-09-13T20:40:25.946-0400: 158.664: [GC (Allocation Failure) [PSYoungGen: 144094K->5185K(185344K)] 271432K->151057K(709632K), 0.0121060 secs] [Times: user=0.12 sys=0.00, real=0.02 secs] 
2016-09-13T20:40:26.141-0400: 158.859: [GC (GCLocker Initiated GC) [PSYoungGen: 119542K->24832K(188416K)] 271489K->176968K(712704K), 0.0098381 secs] [Times: user=0.08 sys=0.00, real=0.01 secs] 
2016-09-13T20:40:26.346-0400: 159.065: [GC (GCLocker Initiated GC) [PSYoungGen: 147200K->14451K(189952K)] 306958K->174450K(714240K), 0.0077780 secs] [Times: user=0.07 sys=0.00, real=0.01 secs] 
2016-09-13T20:40:26.588-0400: 159.307: [GC (Allocation Failure) [PSYoungGen: 136819K->23436K(188928K)] 297174K->194713K(713216K), 0.0258630 secs] [Times: user=0.29 sys=0.00, real=0.02 secs] 
2016-09-13T20:40:26.793-0400: 159.512: [GC (Allocation Failure) [PSYoungGen: 151436K->28024K(192000K)] 322713K->199546K(716288K), 0.0117225 secs] [Times: user=0.12 sys=0.00, real=0.01 secs] 
2016-09-13T20:40:26.968-0400: 159.687: [GC (GCLocker Initiated GC) [PSYoungGen: 155752K->24928K(193536K)] 328793K->198229K(717824K), 0.0254946 secs] [Times: user=0.21 sys=0.00, real=0.02 secs] 
2016-09-13T20:40:27.206-0400: 159.924: [GC (GCLocker Initiated GC) [PSYoungGen: 162656K->9985K(195584K)] 342261K->189741K(719872K), 0.0095374 secs] [Times: user=0.10 sys=0.00, real=0.01 secs] 
2016-09-13T20:40:27.446-0400: 160.165: [GC (GCLocker Initiated GC) [PSYoungGen: 147713K->11350K(203264K)] 341282K->205070K(727552K), 0.0338324 secs] [Times: user=0.40 sys=0.00, real=0.04 secs] 
2016-09-13T20:40:27.703-0400: 160.422: [GC (GCLocker Initiated GC) [PSYoungGen: 157782K->49255K(196096K)] 359262K->252442K(720384K), 0.0208548 secs] [Times: user=0.18 sys=0.00, real=0.02 secs] 
2016-09-13T20:40:27.937-0400: 160.656: [GC (Allocation Failure) [PSYoungGen: 195687K->23372K(201728K)] 398986K->228418K(726016K), 0.0115863 secs] [Times: user=0.10 sys=0.01, real=0.01 secs] 
2016-09-13T20:40:28.174-0400: 160.893: [GC (GCLocker Initiated GC) [PSYoungGen: 162124K->28206K(167424K)] 367173K->237970K(691712K), 0.0121287 secs] [Times: user=0.12 sys=0.00, real=0.01 secs] 
2016-09-13T20:40:28.393-0400: 161.112: [GC (GCLocker Initiated GC) [PSYoungGen: 166958K->34073K(196608K)] 376747K->244001K(720896K), 0.0171232 secs] [Times: user=0.18 sys=0.00, real=0.02 secs] 
2016-09-13T20:40:28.628-0400: 161.347: [GC (GCLocker Initiated GC) [PSYoungGen: 173337K->26441K(196096K)] 383271K->244105K(720384K), 0.0345848 secs] [Times: user=0.36 sys=0.01, real=0.03 secs] 
2016-09-13T20:40:28.854-0400: 161.573: [GC (GCLocker Initiated GC) [PSYoungGen: 165705K->14298K(202752K)] 397057K->245875K(727040K), 0.0140870 secs] [Times: user=0.14 sys=0.00, real=0.02 secs] 
2016-09-13T20:40:29.092-0400: 161.811: [GC (GCLocker Initiated GC) [PSYoungGen: 162778K->44703K(202240K)] 400605K->288744K(726528K), 0.0122233 secs] [Times: user=0.11 sys=0.00, real=0.01 secs] 
2016-09-13T20:40:29.323-0400: 162.042: [GC (GCLocker Initiated GC) [PSYoungGen: 193183K->41688K(200192K)] 437402K->286166K(724480K), 0.0267240 secs] [Times: user=0.26 sys=0.00, real=0.03 secs] 
2016-09-13T20:40:29.574-0400: 162.292: [GC (GCLocker Initiated GC) [PSYoungGen: 184024K->46186K(188928K)] 430234K->292680K(713216K), 0.0079411 secs] [Times: user=0.08 sys=0.00, real=0.01 secs] 
2016-09-13T20:40:29.819-0400: 162.537: [GC (GCLocker Initiated GC) [PSYoungGen: 188522K->34227K(200704K)] 442640K->288425K(724992K), 0.0098932 secs] [Times: user=0.10 sys=0.01, real=0.01 secs] 
2016-09-13T20:40:30.050-0400: 162.768: [GC (GCLocker Initiated GC) [PSYoungGen: 171443K->12991K(198656K)] 437816K->287242K(722944K), 0.0111471 secs] [Times: user=0.12 sys=0.00, real=0.01 secs] 
2016-09-13T20:40:30.266-0400: 162.985: [GC (GCLocker Initiated GC) [PSYoungGen: 150207K->46255K(194560K)] 424486K->334436K(718848K), 0.0215142 secs] [Times: user=0.26 sys=0.00, real=0.03 secs] 
2016-09-13T20:40:30.509-0400: 163.227: [GC (GCLocker Initiated GC) [PSYoungGen: 179375K->6730K(140288K)] 475170K->307290K(664576K), 0.0079213 secs] [Times: user=0.06 sys=0.00, real=0.01 secs] 
2016-09-13T20:40:30.746-0400: 163.465: [GC (GCLocker Initiated GC) [PSYoungGen: 139850K->12869K(197632K)] 446507K->327410K(721920K), 0.0268183 secs] [Times: user=0.30 sys=0.01, real=0.03 secs] 
2016-09-13T20:40:30.939-0400: 163.658: [GC (GCLocker Initiated GC) [PSYoungGen: 144965K->32581K(164864K)] 465612K->359604K(689152K), 0.0159771 secs] [Times: user=0.15 sys=0.00, real=0.01 secs] 
2016-09-13T20:40:31.191-0400: 163.909: [GC (GCLocker Initiated GC) [PSYoungGen: 164677K->14297K(195584K)] 491728K->349130K(719872K), 0.0039123 secs] [Times: user=0.02 sys=0.00, real=0.00 secs] 
2016-09-13T20:40:31.399-0400: 164.118: [GC (GCLocker Initiated GC) [PSYoungGen: 147417K->23522K(194560K)] 485427K->369375K(718848K), 0.0101915 secs] [Times: user=0.10 sys=0.00, real=0.01 secs] 
2016-09-13T20:40:31.619-0400: 164.338: [GC (Allocation Failure) [PSYoungGen: 156642K->41506K(194048K)] 502850K->387845K(718336K), 0.0390477 secs] [Times: user=0.37 sys=0.00, real=0.04 secs] 
2016-09-13T20:40:31.844-0400: 164.563: [GC (GCLocker Initiated GC) [PSYoungGen: 174666K->9816K(196608K)] 527080K->362399K(720896K), 0.0111743 secs] [Times: user=0.09 sys=0.00, real=0.01 secs] 
2016-09-13T20:40:32.051-0400: 164.769: [GC (GCLocker Initiated GC) [PSYoungGen: 145496K->8221K(200192K)] 510603K->373525K(724480K), 0.0116428 secs] [Times: user=0.11 sys=0.00, real=0.01 secs] 
2016-09-13T20:40:32.284-0400: 165.003: [GC (GCLocker Initiated GC) [PSYoungGen: 148509K->43117K(183808K)] 514140K->408946K(708096K), 0.0131595 secs] [Times: user=0.14 sys=0.00, real=0.02 secs] 
2016-09-13T20:40:32.497-0400: 165.215: [GC (GCLocker Initiated GC) [PSYoungGen: 183405K->62897K(178176K)] 549266K->441113K(702464K), 0.0147288 secs] [Times: user=0.14 sys=0.01, real=0.01 secs] 
2016-09-13T20:40:32.699-0400: 165.418: [GC (GCLocker Initiated GC) [PSYoungGen: 177585K->50780K(165888K)] 562061K->439979K(690176K), 0.0140605 secs] [Times: user=0.14 sys=0.00, real=0.01 secs] 
2016-09-13T20:40:32.897-0400: 165.616: [GC (GCLocker Initiated GC) [PSYoungGen: 165468K->27838K(188928K)] 566854K->429354K(713216K), 0.0223493 secs] [Times: user=0.21 sys=0.00, real=0.02 secs] 
2016-09-13T20:40:33.098-0400: 165.817: [GC (GCLocker Initiated GC) [PSYoungGen: 139966K->43434K(185344K)] 550811K->466706K(709632K), 0.0216862 secs] [Times: user=0.25 sys=0.00, real=0.02 secs] 
2016-09-13T20:40:33.298-0400: 166.017: [GC (GCLocker Initiated GC) [PSYoungGen: 155562K->27870K(184832K)] 592521K->465063K(709120K), 0.0131324 secs] [Times: user=0.15 sys=0.00, real=0.01 secs] 
2016-09-13T20:40:33.485-0400: 166.204: [GC (Allocation Failure) [PSYoungGen: 143070K->46308K(185344K)] 580269K->483629K(709632K), 0.0071926 secs] [Times: user=0.06 sys=0.00, real=0.01 secs] 
2016-09-13T20:40:33.687-0400: 166.405: [GC (GCLocker Initiated GC) [PSYoungGen: 158882K->23314K(189440K)] 602278K->467002K(713728K), 0.0151436 secs] [Times: user=0.13 sys=0.00, real=0.02 secs] 
2016-09-13T20:40:33.903-0400: 166.622: [GC (GCLocker Initiated GC) [PSYoungGen: 143634K->43125K(189952K)] 596653K->496243K(714240K), 0.0174289 secs] [Times: user=0.18 sys=0.00, real=0.02 secs] 
2016-09-13T20:40:34.099-0400: 166.818: [GC (GCLocker Initiated GC) [PSYoungGen: 163445K->34190K(185856K)] 628887K->499798K(710144K), 0.0095997 secs] [Times: user=0.09 sys=0.00, real=0.01 secs] 
2016-09-13T20:40:34.317-0400: 167.035: [GC (GCLocker Initiated GC) [PSYoungGen: 156558K->41416K(188928K)] 622264K->507358K(713216K), 0.0201804 secs] [Times: user=0.15 sys=0.00, real=0.02 secs] 
2016-09-13T20:40:34.536-0400: 167.255: [GC (GCLocker Initiated GC) [PSYoungGen: 163784K->31030K(189952K)] 635837K->503147K(714240K), 0.0216179 secs] [Times: user=0.21 sys=0.00, real=0.02 secs] 
2016-09-13T20:40:34.757-0400: 167.475: [GC (GCLocker Initiated GC) [PSYoungGen: 160566K->41411K(193024K)] 638872K->524526K(717312K), 0.0166982 secs] [Times: user=0.15 sys=0.00, real=0.01 secs] 
2016-09-13T20:40:34.976-0400: 167.695: [GC (GCLocker Initiated GC) [PSYoungGen: 170947K->46414K(195584K)] 657124K->532745K(719872K), 0.0078179 secs] [Times: user=0.08 sys=0.00, real=0.00 secs] 
2016-09-13T20:40:35.162-0400: 167.881: [GC (GCLocker Initiated GC) [PSYoungGen: 178510K->15784K(147968K)] 665019K->525284K(672256K), 0.0146993 secs] [Times: user=0.17 sys=0.00, real=0.02 secs] 
2016-09-13T20:40:35.178-0400: 167.897: [Full GC (Ergonomics) [PSYoungGen: 15784K->0K(147968K)] [ParOldGen: 509500K->29465K(524288K)] 525284K->29465K(672256K), [Metaspace: 44651K->44651K(1087488K)], 0.0597267 secs] [Times: user=0.45 sys=0.00, real=0.06 secs] 
2016-09-13T20:40:35.427-0400: 168.145: [GC (GCLocker Initiated GC) [PSYoungGen: 132096K->28273K(198656K)] 170790K->66968K(722944K), 0.0061742 secs] [Times: user=0.04 sys=0.00, real=0.01 secs] 
2016-09-13T20:40:35.604-0400: 168.323: [GC (GCLocker Initiated GC) [PSYoungGen: 161393K->29698K(163328K)] 200146K->73583K(687616K), 0.0089549 secs] [Times: user=0.09 sys=0.01, real=0.01 secs] 
2016-09-13T20:40:35.843-0400: 168.562: [GC (GCLocker Initiated GC) [PSYoungGen: 162818K->23596K(195072K)] 208228K->82901K(719360K), 0.0068454 secs] [Times: user=0.09 sys=0.00, real=0.01 secs] 
2016-09-13T20:40:36.048-0400: 168.766: [GC (Allocation Failure) [PSYoungGen: 157740K->5398K(194048K)] 230903K->78762K(718336K), 0.0085578 secs] [Times: user=0.06 sys=0.01, real=0.02 secs] 
2016-09-13T20:40:36.289-0400: 169.008: [GC (GCLocker Initiated GC) [PSYoungGen: 139542K->46440K(194560K)] 212909K->120178K(718848K), 0.0081450 secs] [Times: user=0.10 sys=0.00, real=0.01 secs] 
2016-09-13T20:40:36.483-0400: 169.202: [GC (GCLocker Initiated GC) [PSYoungGen: 179560K->46224K(179712K)] 253301K->120131K(704000K), 0.0309927 secs] [Times: user=0.40 sys=0.01, real=0.03 secs] 
2016-09-13T20:40:36.700-0400: 169.419: [GC (GCLocker Initiated GC) [PSYoungGen: 179344K->49132K(189952K)] 259485K->129404K(714240K), 0.0245244 secs] [Times: user=0.21 sys=0.01, real=0.02 secs] 
2016-09-13T20:40:36.902-0400: 169.621: [GC (GCLocker Initiated GC) [PSYoungGen: 172012K->28030K(192512K)] 259911K->116068K(716800K), 0.0044657 secs] [Times: user=0.04 sys=0.00, real=0.00 secs] 
2016-09-13T20:40:37.099-0400: 169.818: [GC (GCLocker Initiated GC) [PSYoungGen: 150910K->66094K(177664K)] 239112K->154504K(701952K), 0.0066787 secs] [Times: user=0.05 sys=0.01, real=0.00 secs] 
2016-09-13T20:40:37.298-0400: 170.016: [GC (GCLocker Initiated GC) [PSYoungGen: 176686K->44545K(186368K)] 271277K->139329K(710656K), 0.0066505 secs] [Times: user=0.04 sys=0.00, real=0.00 secs] 
2016-09-13T20:40:37.482-0400: 170.200: [GC (GCLocker Initiated GC) [PSYoungGen: 155137K->41758K(181248K)] 249946K->141238K(705536K), 0.0234567 secs] [Times: user=0.23 sys=0.00, real=0.02 secs] 
2016-09-13T20:40:37.674-0400: 170.392: [GC (GCLocker Initiated GC) [PSYoungGen: 153374K->46350K(184320K)] 252904K->155138K(708608K), 0.0082422 secs] [Times: user=0.09 sys=0.00, real=0.01 secs] 
2016-09-13T20:40:37.850-0400: 170.569: [GC (GCLocker Initiated GC) [PSYoungGen: 157966K->46186K(187904K)] 266843K->155207K(712192K), 0.0174382 secs] [Times: user=0.16 sys=0.00, real=0.02 secs] 
2016-09-13T20:40:38.049-0400: 170.768: [GC (Allocation Failure) [PSYoungGen: 163434K->11510K(188928K)] 286324K->134613K(713216K), 0.0084209 secs] [Times: user=0.08 sys=0.00, real=0.01 secs] 
2016-09-13T20:40:38.245-0400: 170.964: [GC (GCLocker Initiated GC) [PSYoungGen: 128518K->26506K(187904K)] 257696K->155942K(712192K), 0.0179163 secs] [Times: user=0.16 sys=0.00, real=0.02 secs] 
2016-09-13T20:40:38.470-0400: 171.189: [GC (GCLocker Initiated GC) [PSYoungGen: 143754K->9831K(188416K)] 287035K->153267K(712704K), 0.0099225 secs] [Times: user=0.09 sys=0.01, real=0.01 secs] 
2016-09-13T20:40:38.657-0400: 171.375: [GC (GCLocker Initiated GC) [PSYoungGen: 127079K->41566K(190464K)] 270540K->185271K(714752K), 0.0077443 secs] [Times: user=0.06 sys=0.01, real=0.00 secs] 
2016-09-13T20:40:38.865-0400: 171.583: [GC (Allocation Failure) [PSYoungGen: 159838K->23596K(142336K)] 309887K->176813K(666624K), 0.0084728 secs] [Times: user=0.08 sys=0.00, real=0.01 secs] 
2016-09-13T20:40:39.045-0400: 171.764: [GC (GCLocker Initiated GC) [PSYoungGen: 136269K->29453K(190976K)] 295561K->189003K(715264K), 0.0232972 secs] [Times: user=0.23 sys=0.00, real=0.03 secs] 
2016-09-13T20:40:39.255-0400: 171.974: [GC (GCLocker Initiated GC) [PSYoungGen: 150797K->32831K(187904K)] 316500K->198713K(712192K), 0.0110607 secs] [Times: user=0.12 sys=0.00, real=0.01 secs] 
2016-09-13T20:40:39.456-0400: 172.174: [GC (Allocation Failure) [PSYoungGen: 154175K->28178K(190976K)] 326428K->206747K(715264K), 0.0129814 secs] [Times: user=0.14 sys=0.01, real=0.02 secs] 
2016-09-13T20:40:39.697-0400: 172.416: [GC (GCLocker Initiated GC) [PSYoungGen: 155225K->44571K(188928K)] 339870K->229425K(713216K), 0.0500996 secs] [Times: user=0.54 sys=0.00, real=0.04 secs] 
2016-09-13T20:40:39.913-0400: 172.632: [GC (GCLocker Initiated GC) [PSYoungGen: 172571K->41565K(198656K)] 365205K->234322K(722944K), 0.0139166 secs] [Times: user=0.12 sys=0.00, real=0.01 secs] 
2016-09-13T20:40:40.108-0400: 172.827: [GC (GCLocker Initiated GC) [PSYoungGen: 177757K->57067K(193536K)] 372173K->257810K(717824K), 0.0262079 secs] [Times: user=0.29 sys=0.00, real=0.02 secs] 
2016-09-13T20:40:40.357-0400: 173.076: [GC (Allocation Failure) [PSYoungGen: 193259K->28055K(195584K)] 394268K->229281K(719872K), 0.0141015 secs] [Times: user=0.14 sys=0.00, real=0.01 secs] 
2016-09-13T20:40:40.570-0400: 173.288: [GC (GCLocker Initiated GC) [PSYoungGen: 155031K->29448K(156672K)] 356268K->230902K(680960K), 0.0057239 secs] [Times: user=0.04 sys=0.00, real=0.00 secs] 
2016-09-13T20:40:40.755-0400: 173.474: [GC (GCLocker Initiated GC) [PSYoungGen: 156424K->43247K(191488K)] 359638K->246618K(715776K), 0.0348362 secs] [Times: user=0.37 sys=0.00, real=0.04 secs] 
2016-09-13T20:40:40.986-0400: 173.705: [GC (GCLocker Initiated GC) [PSYoungGen: 170223K->5201K(191488K)] 375115K->210323K(715776K), 0.0089798 secs] [Times: user=0.07 sys=0.00, real=0.01 secs] 
2016-09-13T20:40:41.183-0400: 173.902: [GC (GCLocker Initiated GC) [PSYoungGen: 132177K->26442K(195584K)] 337487K->231906K(719872K), 0.0356653 secs] [Times: user=0.37 sys=0.00, real=0.04 secs] 
2016-09-13T20:40:41.388-0400: 174.107: [GC (GCLocker Initiated GC) [PSYoungGen: 156490K->28146K(158208K)] 363563K->235432K(682496K), 0.0169862 secs] [Times: user=0.18 sys=0.00, real=0.01 secs] 
2016-09-13T20:40:41.591-0400: 174.309: [GC (GCLocker Initiated GC) [PSYoungGen: 158194K->26468K(196608K)] 365505K->234008K(720896K), 0.0177964 secs] [Times: user=0.15 sys=0.00, real=0.02 secs] 
2016-09-13T20:40:41.804-0400: 174.523: [GC (GCLocker Initiated GC) [PSYoungGen: 160612K->43181K(194048K)] 368182K->254080K(718336K), 0.0222780 secs] [Times: user=0.26 sys=0.00, real=0.02 secs] 
2016-09-13T20:40:42.058-0400: 174.776: [GC (GCLocker Initiated GC) [PSYoungGen: 177325K->23437K(201216K)] 400589K->251420K(725504K), 0.0066393 secs] [Times: user=0.06 sys=0.00, real=0.00 secs] 
2016-09-13T20:40:42.261-0400: 174.980: [GC (Allocation Failure) [PSYoungGen: 163725K->41661K(200704K)] 391941K->270023K(724992K), 0.0183398 secs] [Times: user=0.15 sys=0.00, real=0.02 secs] 
2016-09-13T20:40:42.487-0400: 175.205: [GC (GCLocker Initiated GC) [PSYoungGen: 181949K->44734K(197632K)] 410314K->277895K(721920K), 0.0151863 secs] [Times: user=0.13 sys=0.00, real=0.02 secs] 
2016-09-13T20:40:42.707-0400: 175.426: [GC (GCLocker Initiated GC) [PSYoungGen: 180926K->50806K(187392K)] 414179K->284316K(711680K), 0.0101860 secs] [Times: user=0.07 sys=0.00, real=0.02 secs] 
2016-09-13T20:40:42.904-0400: 175.623: [GC (GCLocker Initiated GC) [PSYoungGen: 186998K->49228K(192000K)] 420533K->288992K(716288K), 0.0093845 secs] [Times: user=0.09 sys=0.00, real=0.01 secs] 
2016-09-13T20:40:43.107-0400: 175.825: [GC (GCLocker Initiated GC) [PSYoungGen: 175180K->43116K(194048K)] 414975K->286078K(718336K), 0.0075838 secs] [Times: user=0.06 sys=0.01, real=0.01 secs] 
2016-09-13T20:40:43.304-0400: 176.023: [GC (GCLocker Initiated GC) [PSYoungGen: 169068K->44607K(192512K)] 412248K->291077K(716800K), 0.0165213 secs] [Times: user=0.11 sys=0.00, real=0.02 secs] 
2016-09-13T20:40:43.510-0400: 176.229: [GC (GCLocker Initiated GC) [PSYoungGen: 171071K->52387K(179200K)] 417583K->299167K(703488K), 0.0167605 secs] [Times: user=0.16 sys=0.01, real=0.01 secs] 
2016-09-13T20:40:43.725-0400: 176.444: [GC (GCLocker Initiated GC) [PSYoungGen: 178851K->41726K(194560K)] 425717K->290336K(718848K), 0.0244740 secs] [Times: user=0.31 sys=0.00, real=0.03 secs] 
2016-09-13T20:40:43.938-0400: 176.657: [GC (GCLocker Initiated GC) [PSYoungGen: 166654K->41662K(166912K)] 415442K->290565K(691200K), 0.0156071 secs] [Times: user=0.17 sys=0.01, real=0.01 secs] 
2016-09-13T20:40:44.137-0400: 176.855: [GC (GCLocker Initiated GC) [PSYoungGen: 166590K->44831K(191488K)] 415733K->294120K(715776K), 0.0096482 secs] [Times: user=0.10 sys=0.00, real=0.00 secs] 
2016-09-13T20:40:44.352-0400: 177.070: [GC (Allocation Failure) [PSYoungGen: 170783K->23468K(190464K)] 426446K->279349K(714752K), 0.0324177 secs] [Times: user=0.38 sys=0.00, real=0.03 secs] 
2016-09-13T20:40:44.552-0400: 177.270: [GC (GCLocker Initiated GC) [PSYoungGen: 149388K->47645K(196096K)] 406788K->305313K(720384K), 0.0191032 secs] [Times: user=0.20 sys=0.00, real=0.02 secs] 
2016-09-13T20:40:44.770-0400: 177.488: [GC (GCLocker Initiated GC) [PSYoungGen: 178717K->44481K(196608K)] 436659K->302529K(720896K), 0.0097818 secs] [Times: user=0.08 sys=0.00, real=0.01 secs] 
2016-09-13T20:40:45.004-0400: 177.722: [GC (GCLocker Initiated GC) [PSYoungGen: 175553K->28211K(195584K)] 439779K->292608K(719872K), 0.0169602 secs] [Times: user=0.19 sys=0.00, real=0.02 secs] 
2016-09-13T20:40:45.242-0400: 177.960: [GC (GCLocker Initiated GC) [PSYoungGen: 159795K->38720K(170496K)] 424384K->303594K(694784K), 0.0160953 secs] [Times: user=0.18 sys=0.00, real=0.02 secs] 
2016-09-13T20:40:45.453-0400: 178.172: [GC (GCLocker Initiated GC) [PSYoungGen: 170304K->21826K(195072K)] 447622K->299266K(719360K), 0.0112870 secs] [Times: user=0.09 sys=0.00, real=0.01 secs] 
2016-09-13T20:40:45.665-0400: 178.384: [GC (GCLocker Initiated GC) [PSYoungGen: 154946K->41661K(195584K)] 434111K->321035K(719872K), 0.0150217 secs] [Times: user=0.15 sys=0.00, real=0.02 secs] 
2016-09-13T20:40:45.880-0400: 178.599: [GC (Allocation Failure) [PSYoungGen: 174781K->41757K(197632K)] 454412K->321582K(721920K), 0.0170594 secs] [Times: user=0.20 sys=0.00, real=0.02 secs] 
2016-09-13T20:40:46.104-0400: 178.822: [GC (GCLocker Initiated GC) [PSYoungGen: 173896K->28215K(198656K)] 459796K->320424K(722944K), 0.0134083 secs] [Times: user=0.17 sys=0.00, real=0.02 secs] 
2016-09-13T20:40:46.310-0400: 179.028: [GC (GCLocker Initiated GC) [PSYoungGen: 165943K->58278K(190464K)] 459796K->358399K(714752K), 0.0180222 secs] [Times: user=0.20 sys=0.00, real=0.02 secs] 
2016-09-13T20:40:46.531-0400: 179.250: [GC (GCLocker Initiated GC) [PSYoungGen: 188326K->34162K(196096K)] 488545K->334578K(720384K), 0.0146914 secs] [Times: user=0.11 sys=0.00, real=0.01 secs] 
2016-09-13T20:40:46.719-0400: 179.438: [GC (GCLocker Initiated GC) [PSYoungGen: 164210K->46159K(195072K)] 464783K->346996K(719360K), 0.0145326 secs] [Times: user=0.11 sys=0.00, real=0.01 secs] 
2016-09-13T20:40:46.943-0400: 179.662: [GC (GCLocker Initiated GC) [PSYoungGen: 178255K->32682K(196608K)] 485261K->350511K(720896K), 0.0099144 secs] [Times: user=0.11 sys=0.00, real=0.01 secs] 
2016-09-13T20:40:47.185-0400: 179.903: [GC (GCLocker Initiated GC) [PSYoungGen: 164778K->31281K(195584K)] 482746K->363160K(719872K), 0.0089782 secs] [Times: user=0.13 sys=0.00, real=0.01 secs] 
2016-09-13T20:40:47.402-0400: 180.121: [GC (GCLocker Initiated GC) [PSYoungGen: 165937K->21890K(196608K)] 505571K->361720K(720896K), 0.0194482 secs] [Times: user=0.20 sys=0.00, real=0.02 secs] 
2016-09-13T20:40:47.639-0400: 180.357: [GC (Allocation Failure) [PSYoungGen: 156546K->23309K(199680K)] 496709K->363568K(723968K), 0.0076521 secs] [Times: user=0.05 sys=0.00, real=0.00 secs] 
2016-09-13T20:40:47.846-0400: 180.564: [GC (GCLocker Initiated GC) [PSYoungGen: 159933K->28110K(165888K)] 506266K->374524K(690176K), 0.0064816 secs] [Times: user=0.07 sys=0.00, real=0.01 secs] 
2016-09-13T20:40:48.089-0400: 180.808: [GC (Allocation Failure) [PSYoungGen: 165838K->43243K(198144K)] 512501K->390020K(722432K), 0.0278189 secs] [Times: user=0.30 sys=0.00, real=0.03 secs] 
2016-09-13T20:40:48.302-0400: 181.020: [GC (GCLocker Initiated GC) [PSYoungGen: 180971K->47992K(198656K)] 527749K->394988K(722944K), 0.0070579 secs] [Times: user=0.08 sys=0.00, real=0.01 secs] 
2016-09-13T20:40:48.501-0400: 181.220: [GC (GCLocker Initiated GC) [PSYoungGen: 185720K->43154K(199168K)] 534313K->391960K(723456K), 0.0137109 secs] [Times: user=0.14 sys=0.00, real=0.01 secs] 
2016-09-13T20:40:48.742-0400: 181.461: [GC (Allocation Failure) [PSYoungGen: 178834K->41826K(177664K)] 527995K->391126K(701952K), 0.0116652 secs] [Times: user=0.12 sys=0.00, real=0.01 secs] 
2016-09-13T20:40:48.957-0400: 181.676: [GC (GCLocker Initiated GC) [PSYoungGen: 177506K->53784K(193536K)] 526809K->403305K(717824K), 0.0128119 secs] [Times: user=0.12 sys=0.00, real=0.01 secs] 
2016-09-13T20:40:49.196-0400: 181.914: [GC (Allocation Failure) [PSYoungGen: 184856K->19130K(150528K)] 535918K->376441K(674816K), 0.0052075 secs] [Times: user=0.04 sys=0.00, real=0.01 secs] 
2016-09-13T20:40:49.375-0400: 182.094: [GC (GCLocker Initiated GC) [PSYoungGen: 148780K->44801K(195584K)] 507610K->417615K(719872K), 0.0091908 secs] [Times: user=0.08 sys=0.00, real=0.01 secs] 
2016-09-13T20:40:49.586-0400: 182.305: [GC (GCLocker Initiated GC) [PSYoungGen: 173825K->17462K(146944K)] 546665K->390366K(671232K), 0.0070282 secs] [Times: user=0.06 sys=0.00, real=0.01 secs] 
2016-09-13T20:40:49.822-0400: 182.541: [GC (GCLocker Initiated GC) [PSYoungGen: 146486K->49388K(190976K)] 520952K->434825K(715264K), 0.0088585 secs] [Times: user=0.10 sys=0.01, real=0.01 secs] 
2016-09-13T20:40:50.025-0400: 182.744: [GC (GCLocker Initiated GC) [PSYoungGen: 173292K->49288K(173568K)] 560280K->437986K(697856K), 0.0120695 secs] [Times: user=0.17 sys=0.00, real=0.02 secs] 
2016-09-13T20:40:50.235-0400: 182.954: [GC (GCLocker Initiated GC) [PSYoungGen: 173192K->38500K(195072K)] 563495K->436594K(719360K), 0.0193333 secs] [Times: user=0.22 sys=0.00, real=0.02 secs] 
2016-09-13T20:40:50.438-0400: 183.157: [GC (GCLocker Initiated GC) [PSYoungGen: 163428K->51124K(192000K)] 563118K->451190K(716288K), 0.0086064 secs] [Times: user=0.13 sys=0.00, real=0.00 secs] 
2016-09-13T20:40:50.634-0400: 183.353: [GC (GCLocker Initiated GC) [PSYoungGen: 176052K->34068K(193024K)] 576252K->439081K(717312K), 0.0085937 secs] [Times: user=0.08 sys=0.00, real=0.01 secs] 
2016-09-13T20:40:50.833-0400: 183.552: [GC (GCLocker Initiated GC) [PSYoungGen: 160020K->29702K(193024K)] 565044K->444017K(717312K), 0.0087003 secs] [Times: user=0.11 sys=0.00, real=0.01 secs] 
2016-09-13T20:40:51.043-0400: 183.762: [GC (GCLocker Initiated GC) [PSYoungGen: 155654K->20302K(194048K)] 571817K->436682K(718336K), 0.0192468 secs] [Times: user=0.17 sys=0.00, real=0.02 secs] 
2016-09-13T20:40:51.256-0400: 183.974: [GC (GCLocker Initiated GC) [PSYoungGen: 148302K->12901K(194048K)] 578524K->443340K(718336K), 0.0094289 secs] [Times: user=0.11 sys=0.01, real=0.00 secs] 
2016-09-13T20:40:51.459-0400: 184.178: [GC (GCLocker Initiated GC) [PSYoungGen: 140901K->41598K(195584K)] 571342K->472249K(719872K), 0.0104495 secs] [Times: user=0.10 sys=0.01, real=0.01 secs] 
2016-09-13T20:40:51.657-0400: 184.376: [GC (GCLocker Initiated GC) [PSYoungGen: 170110K->41725K(170496K)] 602382K->474226K(694784K), 0.0176676 secs] [Times: user=0.21 sys=0.00, real=0.01 secs] 
2016-09-13T20:40:51.861-0400: 184.579: [GC (GCLocker Initiated GC) [PSYoungGen: 170237K->41660K(195072K)] 604428K->476118K(719360K), 0.0182906 secs] [Times: user=0.20 sys=0.00, real=0.02 secs] 
2016-09-13T20:40:52.100-0400: 184.818: [GC (GCLocker Initiated GC) [PSYoungGen: 170684K->34126K(163328K)] 617500K->481202K(687616K), 0.0120124 secs] [Times: user=0.14 sys=0.00, real=0.01 secs] 
2016-09-13T20:40:52.300-0400: 185.018: [GC (GCLocker Initiated GC) [PSYoungGen: 163150K->34067K(196096K)] 617821K->488980K(720384K), 0.0145557 secs] [Times: user=0.09 sys=0.00, real=0.01 secs] 
2016-09-13T20:40:52.534-0400: 185.252: [GC (Allocation Failure) [PSYoungGen: 167187K->27934K(193536K)] 628416K->489422K(717824K), 0.0153445 secs] [Times: user=0.14 sys=0.01, real=0.02 secs] 
2016-09-13T20:40:52.757-0400: 185.476: [GC (GCLocker Initiated GC) [PSYoungGen: 161054K->50747K(194560K)] 622545K->512393K(718848K), 0.0078140 secs] [Times: user=0.06 sys=0.00, real=0.00 secs] 
2016-09-13T20:40:53.004-0400: 185.723: [GC (GCLocker Initiated GC) [PSYoungGen: 185915K->20457K(198144K)] 655352K->489942K(722432K), 0.0256836 secs] [Times: user=0.22 sys=0.01, real=0.03 secs] 
2016-09-13T20:40:53.214-0400: 185.932: [GC (GCLocker Initiated GC) [PSYoungGen: 155625K->30998K(195072K)] 625144K->500851K(719360K), 0.0211893 secs] [Times: user=0.18 sys=0.01, real=0.02 secs] 
2016-09-13T20:40:53.462-0400: 186.180: [GC (GCLocker Initiated GC) [PSYoungGen: 167190K->43244K(197120K)] 637224K->514947K(721408K), 0.0110519 secs] [Times: user=0.11 sys=0.00, real=0.01 secs] 
2016-09-13T20:40:53.648-0400: 186.367: [GC (GCLocker Initiated GC) [PSYoungGen: 179436K->47709K(196608K)] 651453K->519928K(720896K), 0.0066736 secs] [Times: user=0.06 sys=0.00, real=0.00 secs] 
2016-09-13T20:40:53.859-0400: 186.578: [GC (GCLocker Initiated GC) [PSYoungGen: 182877K->40015K(198656K)] 655457K->512658K(722944K), 0.0134381 secs] [Times: user=0.12 sys=0.01, real=0.01 secs] 
2016-09-13T20:40:54.075-0400: 186.794: [GC (GCLocker Initiated GC) [PSYoungGen: 175183K->49250K(196096K)] 647907K->522097K(720384K), 0.0456417 secs] [Times: user=0.47 sys=0.00, real=0.05 secs] 
2016-09-13T20:40:54.306-0400: 187.024: [GC (GCLocker Initiated GC) [PSYoungGen: 183394K->46159K(180736K)] 662611K->533174K(705024K), 0.0234320 secs] [Times: user=0.22 sys=0.00, real=0.03 secs] 
2016-09-13T20:40:54.522-0400: 187.241: [GC (GCLocker Initiated GC) [PSYoungGen: 180303K->46346K(197632K)] 667558K->533878K(721920K), 0.0198148 secs] [Times: user=0.22 sys=0.00, real=0.02 secs] 
2016-09-13T20:40:54.747-0400: 187.466: [GC (GCLocker Initiated GC) [PSYoungGen: 179466K->23435K(156672K)] 670343K->514466K(680960K), 0.0096098 secs] [Times: user=0.08 sys=0.00, real=0.02 secs] 
2016-09-13T20:40:54.964-0400: 187.683: [GC (Allocation Failure) [PSYoungGen: 156555K->5206K(190976K)] 655386K->504168K(715264K), 0.0136356 secs] [Times: user=0.11 sys=0.00, real=0.02 secs] 
2016-09-13T20:40:55.197-0400: 187.916: [GC (Allocation Failure) [PSYoungGen: 128702K->6606K(132608K)] 627663K->505733K(656896K), 0.0174490 secs] [Times: user=0.17 sys=0.00, real=0.01 secs] 
2016-09-13T20:40:55.372-0400: 188.091: [GC (GCLocker Initiated GC) [PSYoungGen: 132558K->31158K(196096K)] 631686K->530468K(720384K), 0.0240381 secs] [Times: user=0.27 sys=0.00, real=0.03 secs] 
2016-09-13T20:40:55.559-0400: 188.278: [GC (GCLocker Initiated GC) [PSYoungGen: 157622K->37201K(163840K)] 656968K->536760K(688128K), 0.0072053 secs] [Times: user=0.05 sys=0.00, real=0.00 secs] 
2016-09-13T20:40:55.817-0400: 188.536: [GC (GCLocker Initiated GC) [PSYoungGen: 163660K->5115K(189440K)] 675719K->518937K(713728K), 0.0096522 secs] [Times: user=0.07 sys=0.01, real=0.00 secs] 
2016-09-13T20:40:56.013-0400: 188.732: [GC (GCLocker Initiated GC) [PSYoungGen: 130043K->34099K(190976K)] 643890K->548239K(715264K), 0.0144481 secs] [Times: user=0.14 sys=0.00, real=0.01 secs] 
2016-09-13T20:40:56.207-0400: 188.926: [GC (Allocation Failure) [PSYoungGen: 159027K->28028K(190464K)] 674805K->547119K(714752K), 0.0312409 secs] [Times: user=0.30 sys=0.00, real=0.04 secs] 
2016-09-13T20:40:56.238-0400: 188.957: [Full GC (Ergonomics) [PSYoungGen: 28028K->0K(190464K)] [ParOldGen: 519091K->34771K(524288K)] 547119K->34771K(714752K), [Metaspace: 44663K->44663K(1087488K)], 0.0567620 secs] [Times: user=0.38 sys=0.01, real=0.05 secs] 
2016-09-13T20:40:56.472-0400: 189.191: [GC (GCLocker Initiated GC) [PSYoungGen: 131058K->58494K(193024K)] 171905K->111491K(717312K), 0.0140465 secs] [Times: user=0.11 sys=0.00, real=0.01 secs] 
2016-09-13T20:40:56.654-0400: 189.373: [GC (GCLocker Initiated GC) [PSYoungGen: 190590K->19008K(195072K)] 249688K->118038K(719360K), 0.0103675 secs] [Times: user=0.05 sys=0.00, real=0.01 secs] 
2016-09-13T20:40:56.855-0400: 189.574: [GC (GCLocker Initiated GC) [PSYoungGen: 145472K->43026K(193536K)] 244743K->144033K(717824K), 0.0283703 secs] [Times: user=0.27 sys=0.00, real=0.03 secs] 
2016-09-13T20:40:57.062-0400: 189.781: [GC (GCLocker Initiated GC) [PSYoungGen: 169490K->41629K(194560K)] 272315K->144635K(718848K), 0.0130523 secs] [Times: user=0.11 sys=0.00, real=0.01 secs] 
2016-09-13T20:40:57.258-0400: 189.976: [GC (GCLocker Initiated GC) [PSYoungGen: 168093K->47932K(174592K)] 271367K->151374K(698880K), 0.0220088 secs] [Times: user=0.25 sys=0.00, real=0.02 secs] 
2016-09-13T20:40:57.466-0400: 190.184: [GC (GCLocker Initiated GC) [PSYoungGen: 174396K->46249K(190464K)] 277849K->149774K(714752K), 0.0052164 secs] [Times: user=0.04 sys=0.00, real=0.01 secs] 
2016-09-13T20:40:57.664-0400: 190.383: [GC (GCLocker Initiated GC) [PSYoungGen: 167081K->43057K(191488K)] 270608K->146852K(715776K), 0.0149631 secs] [Times: user=0.13 sys=0.00, real=0.02 secs] 
2016-09-13T20:40:57.850-0400: 190.569: [GC (GCLocker Initiated GC) [PSYoungGen: 163889K->44799K(190464K)] 267761K->150375K(714752K), 0.0064440 secs] [Times: user=0.03 sys=0.01, real=0.01 secs] 
2016-09-13T20:40:58.058-0400: 190.777: [GC (GCLocker Initiated GC) [PSYoungGen: 166655K->46213K(190976K)] 272260K->151944K(715264K), 0.0223305 secs] [Times: user=0.21 sys=0.02, real=0.02 secs] 
2016-09-13T20:40:58.263-0400: 190.982: [GC (Allocation Failure) [PSYoungGen: 168069K->41788K(189440K)] 274061K->158640K(713728K), 0.0099892 secs] [Times: user=0.10 sys=0.00, real=0.01 secs] 
2016-09-13T20:40:58.460-0400: 191.178: [GC (GCLocker Initiated GC) [PSYoungGen: 164823K->64481K(187904K)] 283195K->183148K(712192K), 0.0065717 secs] [Times: user=0.05 sys=0.00, real=0.00 secs] 
2016-09-13T20:40:58.653-0400: 191.372: [GC (GCLocker Initiated GC) [PSYoungGen: 187873K->46313K(189440K)] 306812K->165390K(713728K), 0.0080323 secs] [Times: user=0.05 sys=0.01, real=0.01 secs] 
2016-09-13T20:40:58.867-0400: 191.586: [GC (GCLocker Initiated GC) [PSYoungGen: 161513K->26575K(141824K)] 286813K->153571K(666112K), 0.0063196 secs] [Times: user=0.06 sys=0.00, real=0.01 secs] 
2016-09-13T20:40:59.056-0400: 191.774: [GC (GCLocker Initiated GC) [PSYoungGen: 141775K->23660K(187392K)] 275095K->163305K(711680K), 0.0118009 secs] [Times: user=0.15 sys=0.00, real=0.01 secs] 
2016-09-13T20:40:59.278-0400: 191.997: [GC (GCLocker Initiated GC) [PSYoungGen: 138860K->27810K(187392K)] 286143K->175287K(711680K), 0.0433411 secs] [Times: user=0.37 sys=0.00, real=0.04 secs] 
2016-09-13T20:40:59.491-0400: 192.210: [GC (GCLocker Initiated GC) [PSYoungGen: 143010K->32463K(186368K)] 292028K->181683K(710656K), 0.0073742 secs] [Times: user=0.03 sys=0.01, real=0.01 secs] 
2016-09-13T20:40:59.647-0400: 192.366: [GC (GCLocker Initiated GC) [PSYoungGen: 151759K->26628K(187392K)] 308598K->186611K(711680K), 0.0055712 secs] [Times: user=0.02 sys=0.01, real=0.01 secs] 
2016-09-13T20:40:59.834-0400: 192.552: [GC (GCLocker Initiated GC) [PSYoungGen: 145924K->29730K(191488K)] 306021K->196201K(715776K), 0.0195708 secs] [Times: user=0.25 sys=0.00, real=0.02 secs] 
2016-09-13T20:41:00.045-0400: 192.764: [GC (GCLocker Initiated GC) [PSYoungGen: 157218K->26346K(192512K)] 323706K->193020K(716800K), 0.0264428 secs] [Times: user=0.34 sys=0.00, real=0.03 secs] 
2016-09-13T20:41:00.257-0400: 192.975: [GC (GCLocker Initiated GC) [PSYoungGen: 153834K->14355K(196096K)] 332680K->194792K(720384K), 0.0146069 secs] [Times: user=0.15 sys=0.01, real=0.01 secs] 
2016-09-13T20:41:00.485-0400: 193.203: [GC (GCLocker Initiated GC) [PSYoungGen: 146963K->43243K(196608K)] 327576K->228613K(720896K), 0.0217525 secs] [Times: user=0.24 sys=0.00, real=0.02 secs] 
2016-09-13T20:41:00.715-0400: 193.434: [GC (GCLocker Initiated GC) [PSYoungGen: 175851K->9735K(195072K)] 374909K->208979K(719360K), 0.0175146 secs] [Times: user=0.18 sys=0.00, real=0.02 secs] 
2016-09-13T20:41:00.915-0400: 193.634: [GC (GCLocker Initiated GC) [PSYoungGen: 139783K->46031K(176128K)] 339088K->251600K(700416K), 0.0319098 secs] [Times: user=0.29 sys=0.01, real=0.03 secs] 
2016-09-13T20:41:01.130-0400: 193.849: [GC (GCLocker Initiated GC) [PSYoungGen: 176079K->63019K(178688K)] 381685K->268730K(702976K), 0.0096154 secs] [Times: user=0.07 sys=0.00, real=0.01 secs] 
2016-09-13T20:41:01.290-0400: 194.008: [GC (GCLocker Initiated GC) [PSYoungGen: 173611K->49196K(160256K)] 379582K->258356K(684544K), 0.0232891 secs] [Times: user=0.22 sys=0.00, real=0.02 secs] 
2016-09-13T20:41:01.496-0400: 194.215: [GC (Allocation Failure) [PSYoungGen: 159788K->40143K(188416K)] 375187K->255657K(712704K), 0.0119761 secs] [Times: user=0.09 sys=0.00, real=0.01 secs] 
2016-09-13T20:41:01.681-0400: 194.400: [GC (GCLocker Initiated GC) [PSYoungGen: 151471K->43153K(155136K)] 368504K->260391K(679424K), 0.0091124 secs] [Times: user=0.09 sys=0.00, real=0.01 secs] 
2016-09-13T20:41:01.857-0400: 194.575: [GC (GCLocker Initiated GC) [PSYoungGen: 154769K->46217K(183808K)] 372076K->263713K(708096K), 0.0165580 secs] [Times: user=0.14 sys=0.00, real=0.01 secs] 
2016-09-13T20:41:02.051-0400: 194.770: [GC (GCLocker Initiated GC) [PSYoungGen: 157833K->24929K(183808K)] 376873K->251788K(708096K), 0.0054084 secs] [Times: user=0.04 sys=0.00, real=0.01 secs] 
2016-09-13T20:41:02.225-0400: 194.943: [GC (GCLocker Initiated GC) [PSYoungGen: 136545K->23807K(188928K)] 366617K->253975K(713216K), 0.0099264 secs] [Times: user=0.10 sys=0.00, real=0.01 secs] 
2016-09-13T20:41:02.440-0400: 195.159: [GC (Allocation Failure) [PSYoungGen: 142591K->41571K(188928K)] 372946K->272064K(713216K), 0.0062390 secs] [Times: user=0.04 sys=0.00, real=0.00 secs] 
2016-09-13T20:41:02.618-0400: 195.337: [GC (Allocation Failure) [PSYoungGen: 160215K->41602K(190976K)] 390708K->272202K(715264K), 0.0069776 secs] [Times: user=0.09 sys=0.00, real=0.00 secs] 
2016-09-13T20:41:02.836-0400: 195.555: [GC (GCLocker Initiated GC) [PSYoungGen: 164482K->41784K(190464K)] 395083K->272664K(714752K), 0.0092761 secs] [Times: user=0.08 sys=0.00, real=0.00 secs] 
2016-09-13T20:41:03.025-0400: 195.744: [GC (GCLocker Initiated GC) [PSYoungGen: 164664K->46341K(192000K)] 395727K->277563K(716288K), 0.0109421 secs] [Times: user=0.10 sys=0.00, real=0.02 secs] 
2016-09-13T20:41:03.220-0400: 195.939: [GC (Allocation Failure) [PSYoungGen: 172293K->30966K(192512K)] 403537K->262383K(716800K), 0.0238595 secs] [Times: user=0.21 sys=0.00, real=0.02 secs] 
2016-09-13T20:41:03.426-0400: 196.144: [GC (GCLocker Initiated GC) [PSYoungGen: 156918K->35687K(191488K)] 388338K->276545K(715776K), 0.0107499 secs] [Times: user=0.10 sys=0.01, real=0.02 secs] 
2016-09-13T20:41:03.624-0400: 196.342: [GC (GCLocker Initiated GC) [PSYoungGen: 166247K->27928K(193024K)] 407261K->269175K(717312K), 0.0231338 secs] [Times: user=0.23 sys=0.00, real=0.02 secs] 
2016-09-13T20:41:03.853-0400: 196.572: [GC (Allocation Failure) [PSYoungGen: 158488K->11349K(197120K)] 412103K->265211K(721408K), 0.0261963 secs] [Times: user=0.29 sys=0.01, real=0.03 secs] 
2016-09-13T20:41:04.079-0400: 196.798: [GC (GCLocker Initiated GC) [PSYoungGen: 146517K->44725K(180224K)] 400382K->298815K(704512K), 0.0099906 secs] [Times: user=0.08 sys=0.00, real=0.01 secs] 
2016-09-13T20:41:04.291-0400: 197.010: [GC (GCLocker Initiated GC) [PSYoungGen: 179893K->47864K(193536K)] 434167K->302356K(717824K), 0.0113941 secs] [Times: user=0.11 sys=0.00, real=0.01 secs] 
2016-09-13T20:41:04.499-0400: 197.217: [GC (GCLocker Initiated GC) [PSYoungGen: 176888K->46314K(175616K)] 437560K->307287K(699904K), 0.0171326 secs] [Times: user=0.18 sys=0.00, real=0.02 secs] 
2016-09-13T20:41:04.707-0400: 197.425: [GC (GCLocker Initiated GC) [PSYoungGen: 175338K->53972K(188928K)] 442443K->321208K(713216K), 0.0097535 secs] [Times: user=0.11 sys=0.00, real=0.02 secs] 
2016-09-13T20:41:04.899-0400: 197.618: [GC (GCLocker Initiated GC) [PSYoungGen: 175828K->50843K(173056K)] 450735K->328966K(697344K), 0.0094240 secs] [Times: user=0.10 sys=0.00, real=0.01 secs] 
2016-09-13T20:41:05.105-0400: 197.824: [GC (GCLocker Initiated GC) [PSYoungGen: 172699K->69136K(175104K)] 450981K->347581K(699392K), 0.0185319 secs] [Times: user=0.26 sys=0.00, real=0.02 secs] 
2016-09-13T20:41:05.292-0400: 198.010: [GC (GCLocker Initiated GC) [PSYoungGen: 172560K->46405K(182784K)] 457336K->331387K(707072K), 0.0094209 secs] [Times: user=0.12 sys=0.00, real=0.01 secs] 
2016-09-13T20:41:05.469-0400: 198.187: [GC (GCLocker Initiated GC) [PSYoungGen: 149829K->46377K(176128K)] 434836K->331622K(700416K), 0.0279317 secs] [Times: user=0.28 sys=0.01, real=0.03 secs] 
2016-09-13T20:41:05.655-0400: 198.373: [GC (GCLocker Initiated GC) [PSYoungGen: 152361K->28151K(180736K)] 443881K->333617K(705024K), 0.0101187 secs] [Times: user=0.08 sys=0.01, real=0.01 secs] 
2016-09-13T20:41:05.843-0400: 198.562: [GC (GCLocker Initiated GC) [PSYoungGen: 134135K->23213K(186880K)] 439603K->328987K(711168K), 0.0448403 secs] [Times: user=0.37 sys=0.02, real=0.05 secs] 
2016-09-13T20:41:06.048-0400: 198.767: [GC (GCLocker Initiated GC) [PSYoungGen: 136365K->27965K(141312K)] 454450K->346188K(665600K), 0.0098602 secs] [Times: user=0.08 sys=0.00, real=0.01 secs] 
2016-09-13T20:41:06.234-0400: 198.953: [GC (GCLocker Initiated GC) [PSYoungGen: 141117K->43143K(188416K)] 459738K->361958K(712704K), 0.0184827 secs] [Times: user=0.16 sys=0.00, real=0.02 secs] 
2016-09-13T20:41:06.421-0400: 199.140: [GC (GCLocker Initiated GC) [PSYoungGen: 158855K->46276K(186880K)] 477683K->365274K(711168K), 0.0064242 secs] [Times: user=0.05 sys=0.00, real=0.00 secs] 
2016-09-13T20:41:06.599-0400: 199.318: [GC (GCLocker Initiated GC) [PSYoungGen: 161988K->23400K(189440K)] 481008K->344116K(713728K), 0.0201641 secs] [Times: user=0.16 sys=0.00, real=0.02 secs] 
2016-09-13T20:41:06.780-0400: 199.499: [GC (GCLocker Initiated GC) [PSYoungGen: 142184K->35618K(188928K)] 462929K->358103K(713216K), 0.0217753 secs] [Times: user=0.23 sys=0.00, real=0.02 secs] 
2016-09-13T20:41:06.985-0400: 199.703: [GC (Allocation Failure) [PSYoungGen: 154402K->14297K(187904K)] 478425K->343043K(712192K), 0.0103236 secs] [Times: user=0.10 sys=0.00, real=0.01 secs] 
2016-09-13T20:41:07.163-0400: 199.882: [GC (GCLocker Initiated GC) [PSYoungGen: 134240K->40147K(188928K)] 464505K->379726K(713216K), 0.0094985 secs] [Times: user=0.07 sys=0.00, real=0.01 secs] 
2016-09-13T20:41:07.377-0400: 200.096: [GC (GCLocker Initiated GC) [PSYoungGen: 160467K->23372K(192000K)] 503168K->366333K(716288K), 0.0328010 secs] [Times: user=0.36 sys=0.00, real=0.03 secs] 
2016-09-13T20:41:07.589-0400: 200.308: [GC (GCLocker Initiated GC) [PSYoungGen: 149836K->23590K(192512K)] 494318K->368273K(716800K), 0.0112326 secs] [Times: user=0.11 sys=0.00, real=0.01 secs] 
2016-09-13T20:41:07.811-0400: 200.530: [GC (Allocation Failure) [PSYoungGen: 150054K->17271K(195584K)] 500871K->368262K(719872K), 0.0129473 secs] [Times: user=0.13 sys=0.00, real=0.01 secs] 
2016-09-13T20:41:08.008-0400: 200.727: [GC (GCLocker Initiated GC) [PSYoungGen: 141783K->24860K(155648K)] 498849K->386561K(679936K), 0.0091589 secs] [Times: user=0.09 sys=0.00, real=0.01 secs] 
2016-09-13T20:41:08.229-0400: 200.948: [GC (GCLocker Initiated GC) [PSYoungGen: 155420K->44539K(193536K)] 518811K->408045K(717824K), 0.0199486 secs] [Times: user=0.23 sys=0.00, real=0.02 secs] 
2016-09-13T20:41:08.427-0400: 201.146: [GC (Allocation Failure) [PSYoungGen: 175099K->32900K(195072K)] 540213K->398250K(719360K), 0.0117183 secs] [Times: user=0.14 sys=0.00, real=0.02 secs] 
2016-09-13T20:41:08.440-0400: 201.158: [GC (GCLocker Initiated GC) [PSYoungGen: 32909K->32K(193536K)] 398260K->397926K(717824K), 0.0049183 secs] [Times: user=0.05 sys=0.00, real=0.00 secs] 
2016-09-13T20:41:08.634-0400: 201.352: [GC (GCLocker Initiated GC) [PSYoungGen: 132128K->58708K(190976K)] 530025K->462680K(715264K), 0.0116759 secs] [Times: user=0.15 sys=0.00, real=0.01 secs] 
2016-09-13T20:41:08.849-0400: 201.568: [GC (GCLocker Initiated GC) [PSYoungGen: 190804K->44736K(188928K)] 596583K->489012K(713216K), 0.0218555 secs] [Times: user=0.20 sys=0.00, real=0.02 secs] 
2016-09-13T20:41:09.074-0400: 201.792: [GC (GCLocker Initiated GC) [PSYoungGen: 162496K->14319K(189952K)] 618947K->470897K(714240K), 0.0072182 secs] [Times: user=0.06 sys=0.00, real=0.01 secs] 
2016-09-13T20:41:09.253-0400: 201.971: [GC (Allocation Failure) [PSYoungGen: 132079K->26415K(183296K)] 588718K->493957K(707584K), 0.0124288 secs] [Times: user=0.12 sys=0.00, real=0.01 secs] 
2016-09-13T20:41:09.266-0400: 201.984: [GC (GCLocker Initiated GC) [PSYoungGen: 26421K->64K(186880K)] 493963K->499971K(711168K), 0.0097786 secs] [Times: user=0.12 sys=0.00, real=0.01 secs] 
2016-09-13T20:41:09.276-0400: 201.994: [Full GC (Ergonomics) [PSYoungGen: 64K->0K(186880K)] [ParOldGen: 499907K->33424K(524288K)] 499971K->33424K(711168K), [Metaspace: 44678K->44678K(1087488K)], 0.0553736 secs] [Times: user=0.32 sys=0.02, real=0.05 secs] 
2016-09-13T20:41:09.473-0400: 202.191: [GC (GCLocker Initiated GC) [PSYoungGen: 118272K->69467K(169472K)] 151696K->118079K(693760K), 0.0101433 secs] [Times: user=0.12 sys=0.01, real=0.01 secs] 
2016-09-13T20:41:09.624-0400: 202.343: [GC (GCLocker Initiated GC) [PSYoungGen: 168795K->41848K(180736K)] 217432K->109121K(705024K), 0.0167571 secs] [Times: user=0.18 sys=0.00, real=0.02 secs] 
2016-09-13T20:41:09.759-0400: 202.478: [GC (GCLocker Initiated GC) [PSYoungGen: 141176K->46095K(179200K)] 208476K->118211K(703488K), 0.0179413 secs] [Times: user=0.20 sys=0.00, real=0.02 secs] 
2016-09-13T20:41:09.910-0400: 202.629: [GC (GCLocker Initiated GC) [PSYoungGen: 146959K->34290K(135168K)] 219100K->115837K(659456K), 0.0237939 secs] [Times: user=0.29 sys=0.00, real=0.02 secs] 
2016-09-13T20:41:10.089-0400: 202.808: [GC (GCLocker Initiated GC) [PSYoungGen: 135154K->50902K(177664K)] 216985K->137594K(701952K), 0.0176683 secs] [Times: user=0.23 sys=0.00, real=0.01 secs] 
2016-09-13T20:41:10.260-0400: 202.979: [GC (GCLocker Initiated GC) [PSYoungGen: 152790K->28392K(179712K)] 245730K->121518K(704000K), 0.0097907 secs] [Times: user=0.12 sys=0.00, real=0.01 secs] 
2016-09-13T20:41:10.456-0400: 203.175: [GC (GCLocker Initiated GC) [PSYoungGen: 130280K->23595K(181248K)] 237107K->130682K(705536K), 0.0093156 secs] [Times: user=0.11 sys=0.00, real=0.00 secs] 
2016-09-13T20:41:10.629-0400: 203.348: [GC (GCLocker Initiated GC) [PSYoungGen: 133163K->34163K(182272K)] 240421K->141709K(706560K), 0.0107469 secs] [Times: user=0.12 sys=0.00, real=0.01 secs] 
2016-09-13T20:41:10.807-0400: 203.525: [GC (GCLocker Initiated GC) [PSYoungGen: 143731K->32523K(185856K)] 257380K->149340K(710144K), 0.0048552 secs] [Times: user=0.03 sys=0.00, real=0.01 secs] 
2016-09-13T20:41:11.014-0400: 203.733: [GC (GCLocker Initiated GC) [PSYoungGen: 152843K->24827K(186368K)] 275824K->152495K(710656K), 0.0174944 secs] [Times: user=0.16 sys=0.00, real=0.02 secs] 
2016-09-13T20:41:11.212-0400: 203.931: [GC (GCLocker Initiated GC) [PSYoungGen: 145147K->12742K(194048K)] 278915K->148223K(718336K), 0.0206171 secs] [Times: user=0.19 sys=0.01, real=0.02 secs] 
2016-09-13T20:41:11.441-0400: 204.160: [GC (GCLocker Initiated GC) [PSYoungGen: 142790K->23504K(194560K)] 282830K->171317K(718848K), 0.0218264 secs] [Times: user=0.22 sys=0.00, real=0.02 secs] 
2016-09-13T20:41:11.652-0400: 204.371: [GC (GCLocker Initiated GC) [PSYoungGen: 153552K->14505K(196608K)] 307618K->168714K(720896K), 0.0061274 secs] [Times: user=0.05 sys=0.00, real=0.01 secs] 
2016-09-13T20:41:11.853-0400: 204.571: [GC (GCLocker Initiated GC) [PSYoungGen: 148649K->32741K(196096K)] 309176K->193485K(720384K), 0.0170490 secs] [Times: user=0.18 sys=0.01, real=0.02 secs] 
2016-09-13T20:41:12.100-0400: 204.819: [GC (GCLocker Initiated GC) [PSYoungGen: 166885K->43217K(196096K)] 327648K->204170K(720384K), 0.0125988 secs] [Times: user=0.13 sys=0.00, real=0.01 secs] 
2016-09-13T20:41:12.316-0400: 205.034: [GC (GCLocker Initiated GC) [PSYoungGen: 178897K->27838K(198144K)] 340073K->190651K(722432K), 0.0135083 secs] [Times: user=0.11 sys=0.00, real=0.01 secs] 
2016-09-13T20:41:12.519-0400: 205.238: [GC (GCLocker Initiated GC) [PSYoungGen: 163518K->58213K(187392K)] 326387K->227264K(711680K), 0.0127863 secs] [Times: user=0.10 sys=0.01, real=0.01 secs] 
2016-09-13T20:41:12.707-0400: 205.426: [GC (GCLocker Initiated GC) [PSYoungGen: 186213K->44672K(173056K)] 355277K->223059K(697344K), 0.0059352 secs] [Times: user=0.04 sys=0.00, real=0.01 secs] 
2016-09-13T20:41:12.917-0400: 205.636: [GC (GCLocker Initiated GC) [PSYoungGen: 172672K->47801K(190976K)] 351238K->232600K(715264K), 0.0430417 secs] [Times: user=0.48 sys=0.01, real=0.04 secs] 
2016-09-13T20:41:13.150-0400: 205.869: [GC (GCLocker Initiated GC) [PSYoungGen: 170681K->55459K(178688K)] 355511K->241963K(702976K), 0.0068212 secs] [Times: user=0.06 sys=0.00, real=0.01 secs] 
2016-09-13T20:41:13.337-0400: 206.056: [GC (Allocation Failure) [PSYoungGen: 178339K->21821K(189440K)] 365083K->216364K(713728K), 0.0093638 secs] [Times: user=0.08 sys=0.00, real=0.00 secs] 
2016-09-13T20:41:13.511-0400: 206.230: [GC (GCLocker Initiated GC) [PSYoungGen: 137533K->27870K(143872K)] 332082K->222654K(668160K), 0.0138810 secs] [Times: user=0.11 sys=0.00, real=0.01 secs] 
2016-09-13T20:41:13.707-0400: 206.426: [GC (GCLocker Initiated GC) [PSYoungGen: 143582K->43085K(186880K)] 338577K->238239K(711168K), 0.0085587 secs] [Times: user=0.06 sys=0.00, real=0.02 secs] 
2016-09-13T20:41:13.899-0400: 206.617: [GC (GCLocker Initiated GC) [PSYoungGen: 159309K->53907K(186368K)] 360592K->255356K(710656K), 0.0102406 secs] [Times: user=0.09 sys=0.00, real=0.01 secs] 
2016-09-13T20:41:14.078-0400: 206.797: [GC (Allocation Failure) [PSYoungGen: 170131K->44666K(189952K)] 371728K->253985K(714240K), 0.0201202 secs] [Times: user=0.19 sys=0.00, real=0.02 secs] 
2016-09-13T20:41:14.280-0400: 206.999: [GC (GCLocker Initiated GC) [PSYoungGen: 161402K->43308K(160256K)] 370723K->262041K(684544K), 0.0187207 secs] [Times: user=0.20 sys=0.00, real=0.02 secs] 
2016-09-13T20:41:14.467-0400: 207.186: [GC (GCLocker Initiated GC) [PSYoungGen: 160044K->43084K(188928K)] 378816K->262050K(713216K), 0.0093907 secs] [Times: user=0.07 sys=0.00, real=0.02 secs] 
2016-09-13T20:41:14.652-0400: 207.371: [GC (GCLocker Initiated GC) [PSYoungGen: 161356K->41598K(187392K)] 380556K->271647K(711680K), 0.0130802 secs] [Times: user=0.12 sys=0.01, real=0.01 secs] 
2016-09-13T20:41:14.899-0400: 207.618: [GC (GCLocker Initiated GC) [PSYoungGen: 159870K->23345K(189440K)] 396046K->259620K(713728K), 0.0217096 secs] [Times: user=0.21 sys=0.00, real=0.02 secs] 
2016-09-13T20:41:15.081-0400: 207.799: [GC (GCLocker Initiated GC) [PSYoungGen: 145713K->49383K(189440K)] 388123K->291986K(713728K), 0.0102806 secs] [Times: user=0.10 sys=0.00, real=0.01 secs] 
2016-09-13T20:41:15.262-0400: 207.981: [GC (GCLocker Initiated GC) [PSYoungGen: 171751K->37168K(190976K)] 415937K->295208K(715264K), 0.0080521 secs] [Times: user=0.05 sys=0.00, real=0.01 secs] 
2016-09-13T20:41:15.497-0400: 208.216: [GC (GCLocker Initiated GC) [PSYoungGen: 164144K->41699K(192512K)] 428284K->307753K(716800K), 0.0217860 secs] [Times: user=0.30 sys=0.00, real=0.02 secs] 
2016-09-13T20:41:15.700-0400: 208.419: [GC (Allocation Failure) [PSYoungGen: 168675K->24769K(196608K)] 448700K->312460K(720896K), 0.0250052 secs] [Times: user=0.23 sys=0.00, real=0.02 secs] 
2016-09-13T20:41:15.900-0400: 208.619: [GC (GCLocker Initiated GC) [PSYoungGen: 156944K->62928K(195584K)] 446153K->358327K(719872K), 0.0098136 secs] [Times: user=0.08 sys=0.00, real=0.01 secs] 
2016-09-13T20:41:16.123-0400: 208.842: [GC (Allocation Failure) [PSYoungGen: 195536K->44735K(189440K)] 492641K->342179K(713728K), 0.0373818 secs] [Times: user=0.38 sys=0.00, real=0.04 secs] 
2016-09-13T20:41:16.339-0400: 209.057: [GC (GCLocker Initiated GC) [PSYoungGen: 166234K->26464K(192512K)] 469753K->330118K(716800K), 0.0269059 secs] [Times: user=0.28 sys=0.00, real=0.02 secs] 
2016-09-13T20:41:16.541-0400: 209.260: [GC (GCLocker Initiated GC) [PSYoungGen: 149344K->45103K(189952K)] 459202K->355214K(714240K), 0.0090589 secs] [Times: user=0.14 sys=0.01, real=0.01 secs] 
2016-09-13T20:41:16.758-0400: 209.477: [GC (Allocation Failure) [PSYoungGen: 168495K->23750K(191488K)] 478650K->346297K(715776K), 0.0097911 secs] [Times: user=0.13 sys=0.00, real=0.01 secs] 
2016-09-13T20:41:16.950-0400: 209.668: [GC (GCLocker Initiated GC) [PSYoungGen: 142340K->32827K(189952K)] 470962K->361961K(714240K), 0.0051268 secs] [Times: user=0.06 sys=0.00, real=0.00 secs] 
2016-09-13T20:41:17.151-0400: 209.869: [GC (GCLocker Initiated GC) [PSYoungGen: 158779K->5184K(192000K)] 491127K->337596K(716288K), 0.0031904 secs] [Times: user=0.02 sys=0.00, real=0.00 secs] 
2016-09-13T20:41:17.341-0400: 210.060: [GC (GCLocker Initiated GC) [PSYoungGen: 131136K->41443K(194048K)] 463891K->374360K(718336K), 0.0442655 secs] [Times: user=0.43 sys=0.00, real=0.04 secs] 
2016-09-13T20:41:17.550-0400: 210.268: [GC (GCLocker Initiated GC) [PSYoungGen: 166883K->46096K(193536K)] 500062K->379381K(717824K), 0.0066134 secs] [Times: user=0.05 sys=0.00, real=0.01 secs] 
2016-09-13T20:41:17.768-0400: 210.486: [GC (GCLocker Initiated GC) [PSYoungGen: 171536K->9826K(190464K)] 510960K->349439K(714752K), 0.0261284 secs] [Times: user=0.29 sys=0.01, real=0.03 secs] 
2016-09-13T20:41:17.975-0400: 210.693: [GC (Allocation Failure) [PSYoungGen: 131682K->24859K(146944K)] 471501K->364856K(671232K), 0.0136420 secs] [Times: user=0.11 sys=0.00, real=0.02 secs] 
2016-09-13T20:41:18.202-0400: 210.921: [GC (GCLocker Initiated GC) [PSYoungGen: 146697K->14329K(192000K)] 492769K->360634K(716288K), 0.0127864 secs] [Times: user=0.11 sys=0.00, real=0.01 secs] 
2016-09-13T20:41:18.407-0400: 211.125: [GC (GCLocker Initiated GC) [PSYoungGen: 138233K->26346K(150528K)] 490736K->379017K(674816K), 0.0090980 secs] [Times: user=0.06 sys=0.01, real=0.02 secs] 
2016-09-13T20:41:18.595-0400: 211.314: [GC (GCLocker Initiated GC) [PSYoungGen: 150250K->30939K(194048K)] 502949K->383834K(718336K), 0.0055340 secs] [Times: user=0.05 sys=0.00, real=0.01 secs] 
2016-09-13T20:41:18.804-0400: 211.523: [GC (GCLocker Initiated GC) [PSYoungGen: 160475K->40200K(190976K)] 513375K->400829K(715264K), 0.0077905 secs] [Times: user=0.05 sys=0.00, real=0.01 secs] 
2016-09-13T20:41:19.018-0400: 211.737: [GC (GCLocker Initiated GC) [PSYoungGen: 169736K->41538K(197632K)] 532132K->404187K(721920K), 0.0099126 secs] [Times: user=0.07 sys=0.00, real=0.01 secs] 
2016-09-13T20:41:19.229-0400: 211.947: [GC (GCLocker Initiated GC) [PSYoungGen: 177216K->25044K(198144K)] 540046K->388142K(722432K), 0.0098689 secs] [Times: user=0.07 sys=0.00, real=0.01 secs] 
2016-09-13T20:41:19.452-0400: 212.171: [GC (GCLocker Initiated GC) [PSYoungGen: 160724K->9836K(197632K)] 537737K->387171K(721920K), 0.0102554 secs] [Times: user=0.09 sys=0.00, real=0.01 secs] 
2016-09-13T20:41:19.681-0400: 212.399: [GC (GCLocker Initiated GC) [PSYoungGen: 146540K->47773K(184832K)] 523925K->425384K(709120K), 0.0281014 secs] [Times: user=0.34 sys=0.00, real=0.03 secs] 
2016-09-13T20:41:19.899-0400: 212.618: [GC (GCLocker Initiated GC) [PSYoungGen: 184477K->49480K(190464K)] 568457K->442829K(714752K), 0.0103099 secs] [Times: user=0.14 sys=0.00, real=0.01 secs] 
2016-09-13T20:41:20.123-0400: 212.841: [GC (GCLocker Initiated GC) [PSYoungGen: 174408K->23472K(193536K)] 573835K->429153K(717824K), 0.0115990 secs] [Times: user=0.13 sys=0.00, real=0.01 secs] 
2016-09-13T20:41:20.313-0400: 213.032: [GC (GCLocker Initiated GC) [PSYoungGen: 148400K->47586K(190464K)] 554103K->453546K(714752K), 0.0111177 secs] [Times: user=0.07 sys=0.00, real=0.01 secs] 
2016-09-13T20:41:20.518-0400: 213.236: [GC (GCLocker Initiated GC) [PSYoungGen: 171490K->41538K(193024K)] 577648K->450927K(717312K), 0.0181855 secs] [Times: user=0.12 sys=0.00, real=0.02 secs] 
2016-09-13T20:41:20.745-0400: 213.463: [GC (GCLocker Initiated GC) [PSYoungGen: 165442K->41661K(190464K)] 576375K->452791K(714752K), 0.0156996 secs] [Times: user=0.18 sys=0.00, real=0.02 secs] 
2016-09-13T20:41:20.947-0400: 213.666: [GC (Allocation Failure) [PSYoungGen: 166077K->30939K(192000K)] 577283K->442413K(716288K), 0.0107176 secs] [Times: user=0.10 sys=0.00, real=0.02 secs] 
2016-09-13T20:41:21.122-0400: 213.841: [GC (GCLocker Initiated GC) [PSYoungGen: 155355K->43153K(193024K)] 566830K->456321K(717312K), 0.0188435 secs] [Times: user=0.21 sys=0.00, real=0.02 secs] 
2016-09-13T20:41:21.321-0400: 214.040: [GC (GCLocker Initiated GC) [PSYoungGen: 171153K->44640K(193536K)] 584582K->458199K(717824K), 0.0135837 secs] [Times: user=0.14 sys=0.00, real=0.01 secs] 
2016-09-13T20:41:21.556-0400: 214.275: [GC (Allocation Failure) [PSYoungGen: 172640K->27742K(194560K)] 592483K->447779K(718848K), 0.0241139 secs] [Times: user=0.24 sys=0.01, real=0.02 secs] 
2016-09-13T20:41:21.775-0400: 214.493: [GC (GCLocker Initiated GC) [PSYoungGen: 156092K->9921K(195584K)] 582204K->436222K(719872K), 0.0106832 secs] [Times: user=0.10 sys=0.00, real=0.01 secs] 
2016-09-13T20:41:21.991-0400: 214.710: [GC (GCLocker Initiated GC) [PSYoungGen: 140993K->31004K(193024K)] 567316K->457608K(717312K), 0.0108673 secs] [Times: user=0.09 sys=0.00, real=0.01 secs] 
2016-09-13T20:41:22.206-0400: 214.924: [GC (GCLocker Initiated GC) [PSYoungGen: 162588K->28028K(194560K)] 595448K->462537K(718848K), 0.0110040 secs] [Times: user=0.09 sys=0.01, real=0.02 secs] 
2016-09-13T20:41:22.424-0400: 215.143: [GC (GCLocker Initiated GC) [PSYoungGen: 159612K->34130K(194560K)] 595746K->470553K(718848K), 0.0056017 secs] [Times: user=0.05 sys=0.00, real=0.01 secs] 
2016-09-13T20:41:22.660-0400: 215.379: [GC (Allocation Failure) [PSYoungGen: 172370K->2051K(196608K)] 621253K->458705K(720896K), 0.0278807 secs] [Times: user=0.30 sys=0.01, real=0.03 secs] 
2016-09-13T20:41:22.914-0400: 215.633: [GC (GCLocker Initiated GC) [PSYoungGen: 140291K->43116K(197632K)] 598464K->501416K(721920K), 0.0438844 secs] [Times: user=0.45 sys=0.00, real=0.05 secs] 
2016-09-13T20:41:23.107-0400: 215.825: [GC (GCLocker Initiated GC) [PSYoungGen: 179308K->49319K(185856K)] 637658K->507867K(710144K), 0.0095034 secs] [Times: user=0.08 sys=0.00, real=0.02 secs] 
2016-09-13T20:41:23.316-0400: 216.035: [GC (GCLocker Initiated GC) [PSYoungGen: 185511K->41512K(195584K)] 644426K->502245K(719872K), 0.0103716 secs] [Times: user=0.10 sys=0.00, real=0.00 secs] 
2016-09-13T20:41:23.519-0400: 216.238: [GC (GCLocker Initiated GC) [PSYoungGen: 170536K->38501K(167936K)] 631461K->499546K(692224K), 0.0096907 secs] [Times: user=0.07 sys=0.00, real=0.01 secs] 
2016-09-13T20:41:23.788-0400: 216.507: [GC (GCLocker Initiated GC) [PSYoungGen: 167525K->23340K(195072K)] 631702K->487695K(719360K), 0.0162591 secs] [Times: user=0.17 sys=0.00, real=0.01 secs] 
2016-09-13T20:41:24.002-0400: 216.721: [GC (Allocation Failure) [PSYoungGen: 153388K->9736K(194048K)] 630105K->486646K(718336K), 0.0225882 secs] [Times: user=0.26 sys=0.00, real=0.02 secs] 
2016-09-13T20:41:24.202-0400: 216.921: [GC (Allocation Failure) [PSYoungGen: 139784K->35710K(196096K)] 616694K->512740K(720384K), 0.0223833 secs] [Times: user=0.28 sys=0.00, real=0.02 secs] 
2016-09-13T20:41:24.430-0400: 217.148: [GC (GCLocker Initiated GC) [PSYoungGen: 168830K->43152K(196608K)] 645863K->520324K(720896K), 0.0261396 secs] [Times: user=0.25 sys=0.00, real=0.03 secs] 
2016-09-13T20:41:24.663-0400: 217.381: [GC (GCLocker Initiated GC) [PSYoungGen: 176272K->6725K(195584K)] 659526K->490138K(719872K), 0.0191216 secs] [Times: user=0.19 sys=0.00, real=0.02 secs] 
2016-09-13T20:41:24.884-0400: 217.603: [GC (GCLocker Initiated GC) [PSYoungGen: 137797K->49133K(180224K)] 621241K->532716K(704512K), 0.0073640 secs] [Times: user=0.06 sys=0.00, real=0.01 secs] 
2016-09-13T20:41:25.064-0400: 217.782: [GC (GCLocker Initiated GC) [PSYoungGen: 180205K->32543K(196096K)] 663969K->519467K(720384K), 0.0213086 secs] [Times: user=0.17 sys=0.00, real=0.02 secs] 
2016-09-13T20:41:25.281-0400: 218.000: [GC (GCLocker Initiated GC) [PSYoungGen: 159519K->49133K(193024K)] 646530K->536412K(717312K), 0.0183830 secs] [Times: user=0.19 sys=0.00, real=0.02 secs] 
2016-09-13T20:41:25.481-0400: 218.200: [GC (GCLocker Initiated GC) [PSYoungGen: 176109K->43212K(192512K)] 663419K->533706K(716800K), 0.0083037 secs] [Times: user=0.07 sys=0.01, real=0.01 secs] 
2016-09-13T20:41:25.682-0400: 218.401: [GC (GCLocker Initiated GC) [PSYoungGen: 167116K->46058K(169984K)] 657811K->538458K(694272K), 0.0116212 secs] [Times: user=0.12 sys=0.00, real=0.01 secs] 
2016-09-13T20:41:25.887-0400: 218.605: [GC (GCLocker Initiated GC) [PSYoungGen: 169962K->23563K(193536K)] 664022K->517777K(717824K), 0.0103140 secs] [Times: user=0.14 sys=0.00, real=0.02 secs] 
2016-09-13T20:41:26.075-0400: 218.794: [GC (GCLocker Initiated GC) [PSYoungGen: 147467K->53940K(178176K)] 643225K->550003K(702464K), 0.0221091 secs] [Times: user=0.25 sys=0.00, real=0.03 secs] 
2016-09-13T20:41:26.282-0400: 219.001: [GC (GCLocker Initiated GC) [PSYoungGen: 177844K->41665K(191488K)] 675643K->554881K(715776K), 0.0067847 secs] [Times: user=0.07 sys=0.00, real=0.01 secs] 
2016-09-13T20:41:26.464-0400: 219.182: [GC (Allocation Failure) [PSYoungGen: 160961K->44703K(164352K)] 674482K->558425K(688640K), 0.0156696 secs] [Times: user=0.14 sys=0.01, real=0.02 secs] 
2016-09-13T20:41:26.664-0400: 219.383: [GC (GCLocker Initiated GC) [PSYoungGen: 163999K->41561K(190976K)] 677724K->555420K(715264K), 0.0131027 secs] [Times: user=0.12 sys=0.00, real=0.02 secs] 
2016-09-13T20:41:26.864-0400: 219.583: [GC (GCLocker Initiated GC) [PSYoungGen: 162393K->62865K(183808K)] 676444K->577097K(708096K), 0.0124966 secs] [Times: user=0.12 sys=0.00, real=0.02 secs] 
2016-09-13T20:41:27.049-0400: 219.768: [GC (GCLocker Initiated GC) [PSYoungGen: 183697K->41720K(190464K)] 698059K->556275K(714752K), 0.0096033 secs] [Times: user=0.10 sys=0.00, real=0.01 secs] 
2016-09-13T20:41:27.245-0400: 219.963: [Full GC (Ergonomics) [PSYoungGen: 156124K->0K(190464K)] [ParOldGen: 520630K->32705K(524288K)] 676755K->32705K(714752K), [Metaspace: 44678K->44678K(1087488K)], 0.0697592 secs] [Times: user=0.41 sys=0.00, real=0.07 secs] 
2016-09-13T20:41:27.316-0400: 220.034: [GC (GCLocker Initiated GC) [PSYoungGen: 6265K->6139K(187392K)] 38971K->38844K(711680K), 0.0035112 secs] [Times: user=0.02 sys=0.01, real=0.00 secs] 
2016-09-13T20:41:27.476-0400: 220.195: [GC (GCLocker Initiated GC) [PSYoungGen: 121851K->73847K(167424K)] 154559K->124781K(691712K), 0.0097148 secs] [Times: user=0.09 sys=0.00, real=0.00 secs] 
2016-09-13T20:41:27.611-0400: 220.330: [GC (GCLocker Initiated GC) [PSYoungGen: 167031K->20553K(177664K)] 222574K->102291K(701952K), 0.0066190 secs] [Times: user=0.04 sys=0.00, real=0.01 secs] 
2016-09-13T20:41:27.798-0400: 220.516: [GC (GCLocker Initiated GC) [PSYoungGen: 113737K->23377K(172544K)] 203275K->113274K(696832K), 0.0061666 secs] [Times: user=0.05 sys=0.00, real=0.00 secs] 
2016-09-13T20:41:27.932-0400: 220.651: [GC (GCLocker Initiated GC) [PSYoungGen: 117585K->47582K(175616K)] 207537K->137653K(699904K), 0.0198589 secs] [Times: user=0.20 sys=0.01, real=0.02 secs] 
2016-09-13T20:41:28.103-0400: 220.821: [GC (GCLocker Initiated GC) [PSYoungGen: 141790K->44890K(177152K)] 245761K->149173K(701440K), 0.0254142 secs] [Times: user=0.23 sys=0.00, real=0.03 secs] 
2016-09-13T20:41:28.279-0400: 220.997: [GC (GCLocker Initiated GC) [PSYoungGen: 144730K->25113K(179200K)] 255280K->135930K(703488K), 0.0050009 secs] [Times: user=0.02 sys=0.00, real=0.00 secs] 
2016-09-13T20:41:28.460-0400: 221.179: [GC (GCLocker Initiated GC) [PSYoungGen: 124953K->44513K(180736K)] 237326K->157268K(705024K), 0.0067281 secs] [Times: user=0.05 sys=0.00, real=0.00 secs] 
2016-09-13T20:41:28.608-0400: 221.327: [GC (GCLocker Initiated GC) [PSYoungGen: 149985K->40141K(181760K)] 262784K->154582K(706048K), 0.0099859 secs] [Times: user=0.09 sys=0.00, real=0.01 secs] 
2016-09-13T20:41:28.768-0400: 221.486: [GC (GCLocker Initiated GC) [PSYoungGen: 145613K->39988K(181760K)] 260235K->154808K(706048K), 0.0267870 secs] [Times: user=0.26 sys=0.00, real=0.02 secs] 
2016-09-13T20:41:28.957-0400: 221.676: [GC (GCLocker Initiated GC) [PSYoungGen: 152628K->27897K(182784K)] 269004K->144387K(707072K), 0.0048177 secs] [Times: user=0.03 sys=0.00, real=0.00 secs] 
2016-09-13T20:41:29.139-0400: 221.857: [GC (GCLocker Initiated GC) [PSYoungGen: 140537K->5241K(188928K)] 269364K->137302K(713216K), 0.0147428 secs] [Times: user=0.13 sys=0.01, real=0.01 secs] 
2016-09-13T20:41:29.325-0400: 222.043: [GC (GCLocker Initiated GC) [PSYoungGen: 125049K->44666K(164864K)] 257508K->177457K(689152K), 0.0240134 secs] [Times: user=0.24 sys=0.00, real=0.03 secs] 
2016-09-13T20:41:29.511-0400: 222.229: [GC (GCLocker Initiated GC) [PSYoungGen: 164474K->46382K(190464K)] 297333K->179473K(714752K), 0.0096357 secs] [Times: user=0.10 sys=0.00, real=0.01 secs] 
2016-09-13T20:41:29.717-0400: 222.436: [GC (GCLocker Initiated GC) [PSYoungGen: 165166K->43244K(162304K)] 299788K->178147K(686592K), 0.0273872 secs] [Times: user=0.32 sys=0.01, real=0.02 secs] 
2016-09-13T20:41:29.911-0400: 222.630: [GC (GCLocker Initiated GC) [PSYoungGen: 162028K->68999K(174592K)] 297169K->208867K(698880K), 0.0100192 secs] [Times: user=0.08 sys=0.01, real=0.01 secs] 
2016-09-13T20:41:30.084-0400: 222.803: [GC (GCLocker Initiated GC) [PSYoungGen: 172423K->41506K(182784K)] 312295K->183150K(707072K), 0.0340432 secs] [Times: user=0.33 sys=0.00, real=0.04 secs] 
2016-09-13T20:41:30.250-0400: 222.969: [GC (Allocation Failure) [PSYoungGen: 144930K->44705K(175104K)] 286596K->186564K(699392K), 0.0196628 secs] [Times: user=0.20 sys=0.00, real=0.02 secs] 
2016-09-13T20:41:30.426-0400: 223.144: [GC (GCLocker Initiated GC) [PSYoungGen: 151444K->25226K(180736K)] 294821K->174884K(705024K), 0.0076734 secs] [Times: user=0.08 sys=0.00, real=0.01 secs] 
2016-09-13T20:41:30.609-0400: 223.328: [GC (GCLocker Initiated GC) [PSYoungGen: 132234K->32522K(183808K)] 288187K->188693K(708096K), 0.0224846 secs] [Times: user=0.23 sys=0.00, real=0.02 secs] 
2016-09-13T20:41:30.826-0400: 223.545: [GC (GCLocker Initiated GC) [PSYoungGen: 147722K->28241K(186368K)] 310020K->190752K(710656K), 0.0157879 secs] [Times: user=0.15 sys=0.00, real=0.02 secs] 
2016-09-13T20:41:31.010-0400: 223.728: [GC (Allocation Failure) [PSYoungGen: 143441K->15906K(190976K)] 312116K->184920K(715264K), 0.0088115 secs] [Times: user=0.08 sys=0.00, real=0.01 secs] 
2016-09-13T20:41:31.195-0400: 223.914: [GC (GCLocker Initiated GC) [PSYoungGen: 137032K->14542K(191488K)] 307565K->185308K(715776K), 0.0252413 secs] [Times: user=0.28 sys=0.01, real=0.03 secs] 
2016-09-13T20:41:31.405-0400: 224.124: [GC (GCLocker Initiated GC) [PSYoungGen: 135886K->41689K(190976K)] 306661K->212705K(715264K), 0.0060441 secs] [Times: user=0.06 sys=0.00, real=0.01 secs] 
2016-09-13T20:41:31.612-0400: 224.330: [GC (GCLocker Initiated GC) [PSYoungGen: 163545K->32548K(154624K)] 340742K->209958K(678912K), 0.0220055 secs] [Times: user=0.22 sys=0.01, real=0.02 secs] 
2016-09-13T20:41:31.812-0400: 224.530: [GC (GCLocker Initiated GC) [PSYoungGen: 154404K->44730K(189440K)] 332004K->225700K(713728K), 0.0136387 secs] [Times: user=0.14 sys=0.00, real=0.01 secs] 
2016-09-13T20:41:32.006-0400: 224.725: [GC (GCLocker Initiated GC) [PSYoungGen: 167610K->32581K(189952K)] 354704K->219893K(714240K), 0.0216175 secs] [Times: user=0.27 sys=0.01, real=0.03 secs] 
2016-09-13T20:41:32.215-0400: 224.933: [GC (GCLocker Initiated GC) [PSYoungGen: 155461K->9926K(192000K)] 351934K->211185K(716288K), 0.0380871 secs] [Times: user=0.47 sys=0.01, real=0.04 secs] 
2016-09-13T20:41:32.450-0400: 225.169: [GC (GCLocker Initiated GC) [PSYoungGen: 137414K->41571K(193024K)] 344766K->249204K(717312K), 0.0173793 secs] [Times: user=0.18 sys=0.01, real=0.02 secs] 
2016-09-13T20:41:32.659-0400: 225.377: [GC (GCLocker Initiated GC) [PSYoungGen: 169059K->11350K(195072K)] 388864K->231269K(719360K), 0.0105612 secs] [Times: user=0.10 sys=0.00, real=0.01 secs] 
2016-09-13T20:41:32.862-0400: 225.581: [GC (GCLocker Initiated GC) [PSYoungGen: 140374K->46160K(175616K)] 360428K->269452K(699904K), 0.0211581 secs] [Times: user=0.22 sys=0.00, real=0.02 secs] 
2016-09-13T20:41:33.068-0400: 225.787: [GC (GCLocker Initiated GC) [PSYoungGen: 175184K->46372K(190464K)] 400176K->273037K(714752K), 0.0100173 secs] [Times: user=0.09 sys=0.00, real=0.01 secs] 
2016-09-13T20:41:33.266-0400: 225.985: [GC (Allocation Failure) [PSYoungGen: 168228K->40206K(192000K)] 396648K->268706K(716288K), 0.0099277 secs] [Times: user=0.08 sys=0.00, real=0.02 secs] 
2016-09-13T20:41:33.277-0400: 225.995: [GC (GCLocker Initiated GC) [PSYoungGen: 40218K->64K(188416K)] 268718K->270012K(712704K), 0.0067086 secs] [Times: user=0.05 sys=0.00, real=0.00 secs] 
2016-09-13T20:41:33.491-0400: 226.209: [GC (Allocation Failure) [PSYoungGen: 119714K->69003K(188928K)] 389662K->338951K(713216K), 0.0230055 secs] [Times: user=0.20 sys=0.02, real=0.02 secs] 
2016-09-13T20:41:33.684-0400: 226.402: [GC (GCLocker Initiated GC) [PSYoungGen: 182960K->23591K(178688K)] 458984K->321078K(702976K), 0.0070396 secs] [Times: user=0.06 sys=0.00, real=0.01 secs] 
2016-09-13T20:41:33.853-0400: 226.571: [GC (GCLocker Initiated GC) [PSYoungGen: 129063K->19103K(183808K)] 438728K->329068K(708096K), 0.0087134 secs] [Times: user=0.10 sys=0.00, real=0.01 secs] 
2016-09-13T20:41:34.017-0400: 226.736: [GC (GCLocker Initiated GC) [PSYoungGen: 124575K->32740K(173056K)] 434595K->342927K(697344K), 0.0095224 secs] [Times: user=0.11 sys=0.00, real=0.00 secs] 
2016-09-13T20:41:34.208-0400: 226.927: [GC (GCLocker Initiated GC) [PSYoungGen: 139748K->28088K(179200K)] 457764K->346542K(703488K), 0.0252215 secs] [Times: user=0.26 sys=0.00, real=0.02 secs] 
2016-09-13T20:41:34.404-0400: 227.123: [GC (GCLocker Initiated GC) [PSYoungGen: 135096K->43025K(187904K)] 453748K->361757K(712192K), 0.0156946 secs] [Times: user=0.14 sys=0.00, real=0.02 secs] 
2016-09-13T20:41:34.594-0400: 227.313: [GC (GCLocker Initiated GC) [PSYoungGen: 163857K->69121K(190464K)] 484340K->400370K(714752K), 0.0172708 secs] [Times: user=0.12 sys=0.01, real=0.02 secs] 
2016-09-13T20:41:34.816-0400: 227.535: [GC (GCLocker Initiated GC) [PSYoungGen: 189953K->6826K(174080K)] 527362K->399186K(698368K), 0.0156098 secs] [Times: user=0.15 sys=0.00, real=0.01 secs] 
2016-09-13T20:41:34.998-0400: 227.717: [GC (GCLocker Initiated GC) [PSYoungGen: 109226K->32489K(182272K)] 503198K->434390K(706560K), 0.0102323 secs] [Times: user=0.08 sys=0.00, real=0.01 secs] 
2016-09-13T20:41:35.116-0400: 227.835: [GC (GCLocker Initiated GC) [PSYoungGen: 134889K->49415K(181248K)] 536815K->469807K(705536K), 0.0183789 secs] [Times: user=0.20 sys=0.01, real=0.01 secs] 
2016-09-13T20:41:35.288-0400: 228.006: [GC (GCLocker Initiated GC) [PSYoungGen: 155911K->49164K(183808K)] 576371K->477501K(708096K), 0.0362729 secs] [Times: user=0.34 sys=0.01, real=0.03 secs] 
2016-09-13T20:41:35.460-0400: 228.178: [GC (GCLocker Initiated GC) [PSYoungGen: 155660K->46217K(184320K)] 584162K->476447K(708608K), 0.0067972 secs] [Times: user=0.05 sys=0.00, real=0.00 secs] 
2016-09-13T20:41:35.643-0400: 228.362: [GC (Allocation Failure) [PSYoungGen: 152201K->9799K(183808K)] 588665K->446460K(708096K), 0.0036545 secs] [Times: user=0.02 sys=0.00, real=0.00 secs] 
2016-09-13T20:41:35.801-0400: 228.520: [GC (GCLocker Initiated GC) [PSYoungGen: 114668K->15783K(182784K)] 557404K->458704K(707072K), 0.0158926 secs] [Times: user=0.17 sys=0.00, real=0.02 secs] 
2016-09-13T20:41:35.995-0400: 228.714: [GC (GCLocker Initiated GC) [PSYoungGen: 121767K->32331K(138752K)] 564704K->475419K(663040K), 0.0118622 secs] [Times: user=0.11 sys=0.00, real=0.01 secs] 
2016-09-13T20:41:36.155-0400: 228.874: [GC (GCLocker Initiated GC) [PSYoungGen: 138315K->5179K(180736K)] 590652K->465240K(705024K), 0.0087669 secs] [Times: user=0.08 sys=0.00, real=0.01 secs] 
2016-09-13T20:41:36.352-0400: 229.071: [GC (Allocation Failure) [PSYoungGen: 112699K->32495K(181248K)] 574567K->494623K(705536K), 0.0243645 secs] [Times: user=0.26 sys=0.00, real=0.03 secs] 
2016-09-13T20:41:36.513-0400: 229.232: [GC (GCLocker Initiated GC) [PSYoungGen: 140015K->44634K(183808K)] 603662K->510002K(708096K), 0.0148474 secs] [Times: user=0.14 sys=0.00, real=0.02 secs] 
2016-09-13T20:41:36.699-0400: 229.418: [GC (GCLocker Initiated GC) [PSYoungGen: 158298K->49441K(185344K)] 629876K->521286K(709632K), 0.0111253 secs] [Times: user=0.10 sys=0.00, real=0.01 secs] 
2016-09-13T20:41:36.890-0400: 229.609: [GC (GCLocker Initiated GC) [PSYoungGen: 163105K->44673K(187904K)] 635019K->519995K(712192K), 0.0186676 secs] [Times: user=0.21 sys=0.00, real=0.02 secs] 
2016-09-13T20:41:37.100-0400: 229.818: [GC (GCLocker Initiated GC) [PSYoungGen: 158337K->37073K(151040K)] 639760K->518544K(675328K), 0.0130960 secs] [Times: user=0.12 sys=0.00, real=0.01 secs] 
2016-09-13T20:41:37.279-0400: 229.998: [GC (GCLocker Initiated GC) [PSYoungGen: 150737K->44698K(184832K)] 632272K->532651K(709120K), 0.0363155 secs] [Times: user=0.38 sys=0.01, real=0.03 secs] 
2016-09-13T20:41:37.488-0400: 230.206: [GC (GCLocker Initiated GC) [PSYoungGen: 158362K->59855K(184832K)] 648032K->554306K(709120K), 0.0078341 secs] [Times: user=0.06 sys=0.01, real=0.01 secs] 
2016-09-13T20:41:37.665-0400: 230.383: [GC (GCLocker Initiated GC) [PSYoungGen: 173519K->35719K(187392K)] 667992K->530355K(711680K), 0.0098704 secs] [Times: user=0.11 sys=0.00, real=0.01 secs] 
2016-09-13T20:41:37.846-0400: 230.565: [Full GC (Ergonomics) [PSYoungGen: 147847K->0K(187392K)] [ParOldGen: 506933K->38331K(524288K)] 654780K->38331K(711680K), [Metaspace: 44692K->44692K(1087488K)], 0.0673522 secs] [Times: user=0.45 sys=0.00, real=0.07 secs] 
2016-09-13T20:41:38.071-0400: 230.790: [GC (GCLocker Initiated GC) [PSYoungGen: 112128K->70650K(182784K)] 150561K->115158K(707072K), 0.0120879 secs] [Times: user=0.09 sys=0.00, real=0.01 secs] 
2016-09-13T20:41:38.233-0400: 230.951: [GC (GCLocker Initiated GC) [PSYoungGen: 182778K->44858K(182784K)] 227314K->127775K(707072K), 0.0297360 secs] [Times: user=0.32 sys=0.00, real=0.03 secs] 
2016-09-13T20:41:38.416-0400: 231.135: [GC (GCLocker Initiated GC) [PSYoungGen: 148282K->50721K(154624K)] 237378K->153719K(678912K), 0.0140426 secs] [Times: user=0.15 sys=0.00, real=0.01 secs] 
2016-09-13T20:41:38.570-0400: 231.288: [GC (GCLocker Initiated GC) [PSYoungGen: 154145K->48140K(183808K)] 258684K->152842K(708096K), 0.0062822 secs] [Times: user=0.06 sys=0.00, real=0.01 secs] 
2016-09-13T20:41:38.709-0400: 231.428: [GC (GCLocker Initiated GC) [PSYoungGen: 153100K->44672K(150016K)] 259504K->159001K(674304K), 0.0102815 secs] [Times: user=0.09 sys=0.00, real=0.01 secs] 
2016-09-13T20:41:38.886-0400: 231.604: [GC (Allocation Failure) [PSYoungGen: 149632K->29448K(180736K)] 270046K->150029K(705024K), 0.0123531 secs] [Times: user=0.12 sys=0.00, real=0.02 secs] 
2016-09-13T20:41:39.073-0400: 231.791: [GC (GCLocker Initiated GC) [PSYoungGen: 135944K->41661K(180224K)] 256525K->168440K(704512K), 0.0241959 secs] [Times: user=0.24 sys=0.00, real=0.03 secs] 
2016-09-13T20:41:39.247-0400: 231.966: [GC (GCLocker Initiated GC) [PSYoungGen: 148157K->46186K(186368K)] 275162K->173483K(710656K), 0.0058190 secs] [Times: user=0.04 sys=0.01, real=0.01 secs] 
2016-09-13T20:41:39.440-0400: 232.159: [GC (GCLocker Initiated GC) [PSYoungGen: 161898K->29611K(184832K)] 289360K->157305K(709120K), 0.0248070 secs] [Times: user=0.24 sys=0.01, real=0.02 secs] 
2016-09-13T20:41:39.625-0400: 232.344: [GC (GCLocker Initiated GC) [PSYoungGen: 145323K->32554K(192000K)] 273105K->163669K(716288K), 0.0070031 secs] [Times: user=0.06 sys=0.00, real=0.01 secs] 
2016-09-13T20:41:39.830-0400: 232.549: [GC (GCLocker Initiated GC) [PSYoungGen: 155946K->43026K(190976K)] 287108K->174377K(715264K), 0.0304892 secs] [Times: user=0.33 sys=0.00, real=0.03 secs] 
2016-09-13T20:41:40.025-0400: 232.744: [GC (GCLocker Initiated GC) [PSYoungGen: 166418K->32586K(193024K)] 299396K->165702K(717312K), 0.0101348 secs] [Times: user=0.11 sys=0.00, real=0.01 secs] 
2016-09-13T20:41:40.231-0400: 232.950: [GC (GCLocker Initiated GC) [PSYoungGen: 160074K->34286K(192000K)] 294734K->169117K(716288K), 0.0108319 secs] [Times: user=0.12 sys=0.01, real=0.01 secs] 
2016-09-13T20:41:40.442-0400: 233.161: [GC (GCLocker Initiated GC) [PSYoungGen: 161774K->31036K(196096K)] 296630K->172193K(720384K), 0.0084953 secs] [Times: user=0.08 sys=0.00, real=0.01 secs] 
2016-09-13T20:41:40.653-0400: 233.371: [GC (GCLocker Initiated GC) [PSYoungGen: 164156K->6920K(195072K)] 317688K->166658K(719360K), 0.0287877 secs] [Times: user=0.29 sys=0.00, real=0.03 secs] 
2016-09-13T20:41:40.890-0400: 233.609: [GC (GCLocker Initiated GC) [PSYoungGen: 140040K->41629K(197632K)] 299884K->201871K(721920K), 0.0146718 secs] [Times: user=0.14 sys=0.00, real=0.01 secs] 
2016-09-13T20:41:41.099-0400: 233.818: [GC (GCLocker Initiated GC) [PSYoungGen: 174237K->43184K(197120K)] 334631K->208261K(721408K), 0.0217831 secs] [Times: user=0.20 sys=0.00, real=0.02 secs] 
2016-09-13T20:41:41.311-0400: 234.029: [GC (GCLocker Initiated GC) [PSYoungGen: 175792K->28126K(195072K)] 340892K->193514K(719360K), 0.0236519 secs] [Times: user=0.27 sys=0.00, real=0.02 secs] 
2016-09-13T20:41:41.526-0400: 234.244: [GC (GCLocker Initiated GC) [PSYoungGen: 161246K->44794K(196096K)] 328178K->224118K(720384K), 0.0182698 secs] [Times: user=0.20 sys=0.00, real=0.02 secs] 
2016-09-13T20:41:41.721-0400: 234.440: [GC (GCLocker Initiated GC) [PSYoungGen: 177914K->44703K(197632K)] 357449K->225950K(721920K), 0.0070843 secs] [Times: user=0.05 sys=0.00, real=0.01 secs] 
2016-09-13T20:41:41.975-0400: 234.694: [GC (GCLocker Initiated GC) [PSYoungGen: 178847K->26500K(198144K)] 361805K->209718K(722432K), 0.0138969 secs] [Times: user=0.12 sys=0.00, real=0.02 secs] 
2016-09-13T20:41:42.187-0400: 234.905: [GC (GCLocker Initiated GC) [PSYoungGen: 160644K->27961K(195072K)] 344043K->211561K(719360K), 0.0174848 secs] [Times: user=0.16 sys=0.01, real=0.02 secs] 
2016-09-13T20:41:42.416-0400: 235.135: [GC (GCLocker Initiated GC) [PSYoungGen: 162617K->26355K(196608K)] 353949K->217869K(720896K), 0.0321808 secs] [Times: user=0.33 sys=0.00, real=0.03 secs] 
2016-09-13T20:41:42.644-0400: 235.363: [GC (Allocation Failure) [PSYoungGen: 161011K->9916K(198144K)] 364840K->213912K(722432K), 0.0163605 secs] [Times: user=0.17 sys=0.00, real=0.02 secs] 
2016-09-13T20:41:42.851-0400: 235.570: [GC (GCLocker Initiated GC) [PSYoungGen: 145751K->43184K(180736K)] 351265K->248863K(705024K), 0.0098818 secs] [Times: user=0.07 sys=0.00, real=0.01 secs] 
2016-09-13T20:41:43.107-0400: 235.826: [GC (GCLocker Initiated GC) [PSYoungGen: 180400K->50716K(191488K)] 386107K->256640K(715776K), 0.0129978 secs] [Times: user=0.09 sys=0.01, real=0.02 secs] 
2016-09-13T20:41:43.335-0400: 236.054: [GC (GCLocker Initiated GC) [PSYoungGen: 178716K->41789K(195072K)] 392438K->261808K(719360K), 0.0219243 secs] [Times: user=0.23 sys=0.00, real=0.03 secs] 
2016-09-13T20:41:43.519-0400: 236.238: [GC (GCLocker Initiated GC) [PSYoungGen: 169789K->66243K(179200K)] 390208K->290042K(703488K), 0.0239947 secs] [Times: user=0.28 sys=0.02, real=0.02 secs] 
2016-09-13T20:41:43.698-0400: 236.417: [GC (GCLocker Initiated GC) [PSYoungGen: 178883K->49286K(162304K)] 410381K->281075K(686592K), 0.0159251 secs] [Times: user=0.15 sys=0.00, real=0.01 secs] 
2016-09-13T20:41:43.887-0400: 236.605: [GC (Allocation Failure) [PSYoungGen: 161926K->41816K(189952K)] 393903K->278633K(714240K), 0.0122670 secs] [Times: user=0.15 sys=0.00, real=0.02 secs] 
2016-09-13T20:41:44.085-0400: 236.803: [GC (GCLocker Initiated GC) [PSYoungGen: 156504K->49229K(186880K)] 393327K->286211K(711168K), 0.0077318 secs] [Times: user=0.05 sys=0.00, real=0.01 secs] 
2016-09-13T20:41:44.257-0400: 236.975: [GC (GCLocker Initiated GC) [PSYoungGen: 163917K->50939K(186880K)] 401058K->288274K(711168K), 0.0231627 secs] [Times: user=0.30 sys=0.00, real=0.02 secs] 
2016-09-13T20:41:44.461-0400: 237.180: [GC (GCLocker Initiated GC) [PSYoungGen: 165115K->6698K(121344K)] 416293K->265714K(645632K), 0.0159426 secs] [Times: user=0.16 sys=0.00, real=0.02 secs] 
2016-09-13T20:41:44.657-0400: 237.375: [GC (Allocation Failure) [PSYoungGen: 120874K->29639K(188416K)] 386099K->301181K(712704K), 0.0097751 secs] [Times: user=0.10 sys=0.00, real=0.00 secs] 
2016-09-13T20:41:44.851-0400: 237.569: [GC (GCLocker Initiated GC) [PSYoungGen: 141484K->28179K(141312K)] 414544K->310503K(665600K), 0.0106053 secs] [Times: user=0.12 sys=0.00, real=0.01 secs] 
2016-09-13T20:41:45.032-0400: 237.751: [GC (GCLocker Initiated GC) [PSYoungGen: 140819K->37270K(187392K)] 423192K->319968K(711680K), 0.0067972 secs] [Times: user=0.10 sys=0.00, real=0.01 secs] 
2016-09-13T20:41:45.211-0400: 237.930: [GC (Allocation Failure) [PSYoungGen: 152982K->5488K(184320K)] 443497K->296205K(708608K), 0.0036486 secs] [Times: user=0.03 sys=0.00, real=0.00 secs] 
2016-09-13T20:41:45.401-0400: 238.120: [GC (GCLocker Initiated GC) [PSYoungGen: 118045K->19108K(192512K)] 414837K->316169K(716800K), 0.0102467 secs] [Times: user=0.14 sys=0.00, real=0.01 secs] 
2016-09-13T20:41:45.603-0400: 238.322: [GC (GCLocker Initiated GC) [PSYoungGen: 140964K->38937K(161280K)] 439622K->337852K(685568K), 0.0111268 secs] [Times: user=0.13 sys=0.00, real=0.01 secs] 
2016-09-13T20:41:45.802-0400: 238.521: [GC (GCLocker Initiated GC) [PSYoungGen: 160793K->23601K(192000K)] 461296K->336504K(716288K), 0.0077154 secs] [Times: user=0.07 sys=0.00, real=0.01 secs] 
2016-09-13T20:41:46.009-0400: 238.728: [GC (GCLocker Initiated GC) [PSYoungGen: 147505K->19293K(189952K)] 466661K->338561K(714240K), 0.0134417 secs] [Times: user=0.19 sys=0.00, real=0.01 secs] 
2016-09-13T20:41:46.249-0400: 238.968: [GC (Allocation Failure) [PSYoungGen: 143197K->23314K(194048K)] 476253K->356643K(718336K), 0.0115900 secs] [Times: user=0.14 sys=0.00, real=0.01 secs] 
2016-09-13T20:41:46.470-0400: 239.189: [GC (GCLocker Initiated GC) [PSYoungGen: 151779K->28184K(193024K)] 491183K->367758K(717312K), 0.0146302 secs] [Times: user=0.17 sys=0.00, real=0.01 secs] 
2016-09-13T20:41:46.702-0400: 239.421: [GC (GCLocker Initiated GC) [PSYoungGen: 158232K->52325K(189952K)] 505586K->399897K(714240K), 0.0083900 secs] [Times: user=0.08 sys=0.00, real=0.01 secs] 
2016-09-13T20:41:46.902-0400: 239.621: [GC (GCLocker Initiated GC) [PSYoungGen: 182373K->41885K(195072K)] 537808K->397450K(719360K), 0.0095579 secs] [Times: user=0.10 sys=0.00, real=0.01 secs] 
2016-09-13T20:41:47.108-0400: 239.827: [GC (GCLocker Initiated GC) [PSYoungGen: 171933K->61629K(182272K)] 527699K->417737K(706560K), 0.0123314 secs] [Times: user=0.13 sys=0.01, real=0.01 secs] 
2016-09-13T20:41:47.299-0400: 240.018: [GC (GCLocker Initiated GC) [PSYoungGen: 178365K->26410K(189440K)] 546676K->394974K(713728K), 0.0175826 secs] [Times: user=0.18 sys=0.00, real=0.02 secs] 
2016-09-13T20:41:47.528-0400: 240.246: [GC (GCLocker Initiated GC) [PSYoungGen: 143146K->44640K(187392K)] 511973K->418201K(711680K), 0.0140859 secs] [Times: user=0.14 sys=0.00, real=0.01 secs] 
2016-09-13T20:41:47.699-0400: 240.417: [GC (GCLocker Initiated GC) [PSYoungGen: 163424K->67763K(186880K)] 537017K->447697K(711168K), 0.0088702 secs] [Times: user=0.11 sys=0.00, real=0.00 secs] 
2016-09-13T20:41:47.899-0400: 240.618: [GC (GCLocker Initiated GC) [PSYoungGen: 186547K->32645K(184832K)] 578809K->429602K(709120K), 0.0098992 secs] [Times: user=0.10 sys=0.00, real=0.01 secs] 
2016-09-13T20:41:48.099-0400: 240.817: [GC (GCLocker Initiated GC) [PSYoungGen: 142213K->5179K(115200K)] 552961K->415990K(639488K), 0.0106875 secs] [Times: user=0.16 sys=0.00, real=0.01 secs] 
2016-09-13T20:41:48.276-0400: 240.995: [GC (GCLocker Initiated GC) [PSYoungGen: 114747K->46192K(184320K)] 525639K->457352K(708608K), 0.0114756 secs] [Times: user=0.12 sys=0.00, real=0.01 secs] 
2016-09-13T20:41:48.479-0400: 241.198: [GC (GCLocker Initiated GC) [PSYoungGen: 152176K->20308K(126464K)] 571184K->450118K(650752K), 0.0060547 secs] [Times: user=0.04 sys=0.01, real=0.00 secs] 
2016-09-13T20:41:48.680-0400: 241.399: [GC (Allocation Failure) [PSYoungGen: 126292K->1924K(181760K)] 568590K->444392K(706048K), 0.0116091 secs] [Times: user=0.13 sys=0.00, real=0.01 secs] 
2016-09-13T20:41:48.846-0400: 241.565: [GC (GCLocker Initiated GC) [PSYoungGen: 104516K->32708K(137728K)] 553060K->481398K(662016K), 0.0121063 secs] [Times: user=0.11 sys=0.00, real=0.02 secs] 
2016-09-13T20:41:49.003-0400: 241.722: [GC (GCLocker Initiated GC) [PSYoungGen: 137668K->32639K(184832K)] 586691K->481915K(709120K), 0.0079992 secs] [Times: user=0.06 sys=0.01, real=0.01 secs] 
2016-09-13T20:41:49.203-0400: 241.922: [GC (GCLocker Initiated GC) [PSYoungGen: 143743K->37046K(181248K)] 599126K->492655K(705536K), 0.0187657 secs] [Times: user=0.22 sys=0.00, real=0.02 secs] 
2016-09-13T20:41:49.398-0400: 242.117: [GC (Allocation Failure) [PSYoungGen: 148150K->26665K(188928K)] 603828K->499241K(713216K), 0.0105705 secs] [Times: user=0.12 sys=0.00, real=0.01 secs] 
2016-09-13T20:41:49.581-0400: 242.300: [GC (Allocation Failure) [PSYoungGen: 146879K->23613K(186368K)] 619455K->497917K(710656K), 0.0108145 secs] [Times: user=0.11 sys=0.01, real=0.01 secs] 
2016-09-13T20:41:49.744-0400: 242.463: [GC (GCLocker Initiated GC) [PSYoungGen: 144445K->27833K(194048K)] 618765K->502193K(718336K), 0.0146835 secs] [Times: user=0.15 sys=0.00, real=0.02 secs] 
2016-09-13T20:41:49.958-0400: 242.677: [GC (GCLocker Initiated GC) [PSYoungGen: 158905K->24992K(192000K)] 634830K->501032K(716288K), 0.0095383 secs] [Times: user=0.06 sys=0.01, real=0.01 secs] 
2016-09-13T20:41:50.186-0400: 242.905: [GC (GCLocker Initiated GC) [PSYoungGen: 156064K->14484K(197632K)] 633648K->498401K(721920K), 0.0135107 secs] [Times: user=0.16 sys=0.00, real=0.02 secs] 
2016-09-13T20:41:50.437-0400: 243.156: [GC (GCLocker Initiated GC) [PSYoungGen: 153236K->46532K(197120K)] 637410K->530892K(721408K), 0.0123182 secs] [Times: user=0.13 sys=0.00, real=0.01 secs] 
2016-09-13T20:41:50.649-0400: 243.367: [GC (GCLocker Initiated GC) [PSYoungGen: 185284K->38660K(200192K)] 669714K->523366K(724480K), 0.0242761 secs] [Times: user=0.23 sys=0.00, real=0.02 secs] 
2016-09-13T20:41:50.871-0400: 243.590: [GC (GCLocker Initiated GC) [PSYoungGen: 176388K->40015K(199680K)] 661328K->526609K(723968K), 0.0174325 secs] [Times: user=0.15 sys=0.01, real=0.02 secs] 
2016-09-13T20:41:51.092-0400: 243.811: [GC (GCLocker Initiated GC) [PSYoungGen: 177743K->47768K(194560K)] 670434K->540558K(718848K), 0.0263829 secs] [Times: user=0.25 sys=0.00, real=0.03 secs] 
2016-09-13T20:41:51.299-0400: 244.017: [GC (GCLocker Initiated GC) [PSYoungGen: 179864K->47614K(179712K)] 678758K->557357K(704000K), 0.0077807 secs] [Times: user=0.06 sys=0.00, real=0.00 secs] 
2016-09-13T20:41:51.509-0400: 244.227: [GC (GCLocker Initiated GC) [PSYoungGen: 179710K->43026K(195072K)] 689716K->559163K(719360K), 0.0199095 secs] [Times: user=0.18 sys=0.00, real=0.02 secs] 
2016-09-13T20:41:51.529-0400: 244.247: [Full GC (Ergonomics) [PSYoungGen: 43026K->0K(195072K)] [ParOldGen: 516137K->38594K(524288K)] 559163K->38594K(719360K), [Metaspace: 44700K->44700K(1087488K)], 0.0713254 secs] [Times: user=0.43 sys=0.01, real=0.07 secs] 
2016-09-13T20:41:51.772-0400: 244.491: [GC (GCLocker Initiated GC) [PSYoungGen: 128000K->55607K(183808K)] 168286K->95894K(708096K), 0.0208876 secs] [Times: user=0.23 sys=0.00, real=0.02 secs] 
2016-09-13T20:41:51.954-0400: 244.672: [GC (GCLocker Initiated GC) [PSYoungGen: 183607K->5306K(185856K)] 223896K->61228K(710144K), 0.0070789 secs] [Times: user=0.07 sys=0.00, real=0.01 secs] 
2016-09-13T20:41:52.141-0400: 244.859: [GC (GCLocker Initiated GC) [PSYoungGen: 119994K->9671K(188416K)] 188298K->78165K(712704K), 0.0267467 secs] [Times: user=0.32 sys=0.00, real=0.02 secs] 
2016-09-13T20:41:52.322-0400: 245.041: [GC (GCLocker Initiated GC) [PSYoungGen: 124359K->43238K(188416K)] 193100K->112176K(712704K), 0.0134262 secs] [Times: user=0.16 sys=0.00, real=0.02 secs] 
2016-09-13T20:41:52.498-0400: 245.217: [GC (GCLocker Initiated GC) [PSYoungGen: 157926K->62998K(178176K)] 228621K->133926K(702464K), 0.0109464 secs] [Times: user=0.11 sys=0.00, real=0.01 secs] 
2016-09-13T20:41:52.707-0400: 245.426: [GC (GCLocker Initiated GC) [PSYoungGen: 177686K->49287K(180224K)] 248770K->120493K(704512K), 0.0069782 secs] [Times: user=0.03 sys=0.01, real=0.01 secs] 
2016-09-13T20:41:52.869-0400: 245.588: [GC (GCLocker Initiated GC) [PSYoungGen: 148615K->41597K(141312K)] 220053K->113353K(665600K), 0.0199279 secs] [Times: user=0.19 sys=0.00, real=0.02 secs] 
2016-09-13T20:41:53.055-0400: 245.774: [GC (Allocation Failure) [PSYoungGen: 140925K->9767K(177152K)] 225038K->94085K(701440K), 0.0060380 secs] [Times: user=0.06 sys=0.00, real=0.01 secs] 
2016-09-13T20:41:53.237-0400: 245.956: [GC (GCLocker Initiated GC) [PSYoungGen: 107131K->41603K(178176K)] 192967K->127641K(702464K), 0.0236924 secs] [Times: user=0.25 sys=0.01, real=0.02 secs] 
2016-09-13T20:41:53.399-0400: 246.118: [GC (GCLocker Initiated GC) [PSYoungGen: 140419K->23336K(179712K)] 226459K->109490K(704000K), 0.0063699 secs] [Times: user=0.05 sys=0.00, real=0.00 secs] 
2016-09-13T20:41:53.535-0400: 246.254: [GC (GCLocker Initiated GC) [PSYoungGen: 128808K->50779K(180736K)] 214988K->137172K(705024K), 0.0137538 secs] [Times: user=0.17 sys=0.01, real=0.02 secs] 
2016-09-13T20:41:53.716-0400: 246.435: [GC (GCLocker Initiated GC) [PSYoungGen: 156251K->25056K(183808K)] 244182K->125461K(708096K), 0.0082208 secs] [Times: user=0.09 sys=0.00, real=0.00 secs] 
2016-09-13T20:41:53.899-0400: 246.618: [GC (GCLocker Initiated GC) [PSYoungGen: 134624K->29702K(184320K)] 248895K->144250K(708608K), 0.0128151 secs] [Times: user=0.11 sys=0.01, real=0.01 secs] 
2016-09-13T20:41:54.087-0400: 246.806: [GC (GCLocker Initiated GC) [PSYoungGen: 139270K->50998K(182272K)] 253868K->165836K(706560K), 0.0208980 secs] [Times: user=0.21 sys=0.00, real=0.03 secs] 
2016-09-13T20:41:54.266-0400: 246.985: [GC (GCLocker Initiated GC) [PSYoungGen: 161590K->47928K(184832K)] 278034K->170732K(709120K), 0.0077875 secs] [Times: user=0.07 sys=0.00, real=0.01 secs] 
2016-09-13T20:41:54.449-0400: 247.168: [GC (GCLocker Initiated GC) [PSYoungGen: 158520K->12873K(186368K)] 293650K->154279K(710656K), 0.0116797 secs] [Times: user=0.12 sys=0.00, real=0.01 secs] 
2016-09-13T20:41:54.656-0400: 247.374: [GC (Allocation Failure) [PSYoungGen: 124489K->26282K(138240K)] 272222K->174142K(662528K), 0.0146008 secs] [Times: user=0.14 sys=0.01, real=0.01 secs] 
2016-09-13T20:41:54.845-0400: 247.563: [GC (GCLocker Initiated GC) [PSYoungGen: 135975K->9735K(184320K)] 289909K->163725K(708608K), 0.0153041 secs] [Times: user=0.15 sys=0.00, real=0.02 secs] 
2016-09-13T20:41:55.038-0400: 247.756: [GC (GCLocker Initiated GC) [PSYoungGen: 121351K->23500K(184832K)] 277038K->179471K(709120K), 0.0074445 secs] [Times: user=0.06 sys=0.00, real=0.00 secs] 
2016-09-13T20:41:55.221-0400: 247.940: [GC (GCLocker Initiated GC) [PSYoungGen: 135116K->24801K(186368K)] 294161K->184082K(710656K), 0.0046264 secs] [Times: user=0.03 sys=0.00, real=0.00 secs] 
2016-09-13T20:41:55.413-0400: 248.132: [GC (GCLocker Initiated GC) [PSYoungGen: 143585K->11286K(186368K)] 310468K->182887K(710656K), 0.0071698 secs] [Times: user=0.07 sys=0.00, real=0.01 secs] 
2016-09-13T20:41:55.616-0400: 248.334: [GC (GCLocker Initiated GC) [PSYoungGen: 130070K->5083K(194048K)] 307807K->190658K(718336K), 0.0220696 secs] [Times: user=0.22 sys=0.00, real=0.02 secs] 
2016-09-13T20:41:55.841-0400: 248.560: [GC (GCLocker Initiated GC) [PSYoungGen: 132059K->43053K(170496K)] 319443K->230672K(694784K), 0.0144640 secs] [Times: user=0.15 sys=0.00, real=0.01 secs] 
2016-09-13T20:41:56.043-0400: 248.761: [GC (GCLocker Initiated GC) [PSYoungGen: 170029K->24865K(196608K)] 359192K->214175K(720896K), 0.0157616 secs] [Times: user=0.19 sys=0.00, real=0.02 secs] 
2016-09-13T20:41:56.252-0400: 248.971: [GC (GCLocker Initiated GC) [PSYoungGen: 152353K->39988K(193024K)] 347987K->235761K(717312K), 0.0143016 secs] [Times: user=0.14 sys=0.01, real=0.01 secs] 
2016-09-13T20:41:56.460-0400: 249.178: [GC (Allocation Failure) [PSYoungGen: 167476K->25051K(193024K)] 369424K->227136K(717312K), 0.0300210 secs] [Times: user=0.31 sys=0.00, real=0.03 secs] 
2016-09-13T20:41:56.682-0400: 249.401: [GC (Allocation Failure) [PSYoungGen: 155099K->36981K(193536K)] 357184K->239240K(717824K), 0.0238278 secs] [Times: user=0.21 sys=0.00, real=0.02 secs] 
2016-09-13T20:41:56.881-0400: 249.599: [GC (GCLocker Initiated GC) [PSYoungGen: 167029K->47868K(192000K)] 369293K->250334K(716288K), 0.0167648 secs] [Times: user=0.18 sys=0.00, real=0.02 secs] 
2016-09-13T20:41:57.107-0400: 249.826: [GC (GCLocker Initiated GC) [PSYoungGen: 176892K->47582K(176640K)] 379393K->250225K(700928K), 0.0178973 secs] [Times: user=0.15 sys=0.00, real=0.02 secs] 
2016-09-13T20:41:57.325-0400: 250.043: [GC (GCLocker Initiated GC) [PSYoungGen: 176606K->46186K(189952K)] 379454K->256740K(714240K), 0.0268837 secs] [Times: user=0.27 sys=0.00, real=0.03 secs] 
2016-09-13T20:41:57.496-0400: 250.215: [GC (GCLocker Initiated GC) [PSYoungGen: 167018K->69345K(190464K)] 377790K->281889K(714752K), 0.0088467 secs] [Times: user=0.12 sys=0.00, real=0.00 secs] 
2016-09-13T20:41:57.678-0400: 250.396: [GC (Allocation Failure) [PSYoungGen: 190177K->46377K(176128K)] 403076K->264058K(700416K), 0.0233078 secs] [Times: user=0.26 sys=0.00, real=0.02 secs] 
2016-09-13T20:41:57.862-0400: 250.581: [GC (GCLocker Initiated GC) [PSYoungGen: 146309K->29512K(183296K)] 370065K->253501K(707584K), 0.0151511 secs] [Times: user=0.13 sys=0.00, real=0.02 secs] 
2016-09-13T20:41:58.051-0400: 250.770: [GC (GCLocker Initiated GC) [PSYoungGen: 133960K->2328K(180736K)] 370224K->238731K(705024K), 0.0028020 secs] [Times: user=0.01 sys=0.00, real=0.00 secs] 
2016-09-13T20:41:58.207-0400: 250.925: [GC (GCLocker Initiated GC) [PSYoungGen: 106776K->17397K(183296K)] 343187K->254037K(707584K), 0.0092488 secs] [Times: user=0.05 sys=0.00, real=0.02 secs] 
2016-09-13T20:41:58.394-0400: 251.112: [GC (GCLocker Initiated GC) [PSYoungGen: 121845K->26384K(176640K)] 361549K->270873K(700928K), 0.0055954 secs] [Times: user=0.05 sys=0.00, real=0.01 secs] 
2016-09-13T20:41:58.555-0400: 251.274: [GC (GCLocker Initiated GC) [PSYoungGen: 132880K->11228K(180224K)] 377500K->268204K(704512K), 0.0079051 secs] [Times: user=0.08 sys=0.00, real=0.01 secs] 
2016-09-13T20:41:58.732-0400: 251.450: [GC (GCLocker Initiated GC) [PSYoungGen: 117724K->5115K(187392K)] 380781K->275821K(711680K), 0.0331255 secs] [Times: user=0.27 sys=0.00, real=0.03 secs] 
2016-09-13T20:41:58.928-0400: 251.647: [GC (GCLocker Initiated GC) [PSYoungGen: 120827K->23341K(139264K)] 393121K->300326K(663552K), 0.0095315 secs] [Times: user=0.07 sys=0.01, real=0.01 secs] 
2016-09-13T20:41:59.131-0400: 251.850: [GC (GCLocker Initiated GC) [PSYoungGen: 139053K->34290K(188416K)] 416061K->311578K(712704K), 0.0483046 secs] [Times: user=0.57 sys=0.01, real=0.05 secs] 
2016-09-13T20:41:59.328-0400: 252.047: [GC (GCLocker Initiated GC) [PSYoungGen: 153586K->43181K(186880K)] 432471K->325448K(711168K), 0.0101297 secs] [Times: user=0.08 sys=0.00, real=0.01 secs] 
2016-09-13T20:41:59.499-0400: 252.218: [GC (GCLocker Initiated GC) [PSYoungGen: 162477K->55680K(180736K)] 451017K->344474K(705024K), 0.0128436 secs] [Times: user=0.16 sys=0.00, real=0.01 secs] 
2016-09-13T20:41:59.708-0400: 252.426: [GC (GCLocker Initiated GC) [PSYoungGen: 167296K->32709K(186880K)] 462303K->327949K(711168K), 0.0210258 secs] [Times: user=0.26 sys=0.00, real=0.02 secs] 
2016-09-13T20:41:59.893-0400: 252.612: [GC (GCLocker Initiated GC) [PSYoungGen: 144325K->70746K(170496K)] 439782K->366379K(694784K), 0.0099096 secs] [Times: user=0.14 sys=0.00, real=0.01 secs] 
2016-09-13T20:42:00.046-0400: 252.765: [GC (Allocation Failure) [PSYoungGen: 170074K->15934K(180736K)] 465719K->334578K(705024K), 0.0100240 secs] [Times: user=0.09 sys=0.01, real=0.02 secs] 
2016-09-13T20:42:00.203-0400: 252.921: [GC (GCLocker Initiated GC) [PSYoungGen: 109660K->14574K(176640K)] 434379K->344130K(700928K), 0.0160416 secs] [Times: user=0.19 sys=0.00, real=0.02 secs] 
2016-09-13T20:42:00.396-0400: 253.115: [GC (GCLocker Initiated GC) [PSYoungGen: 114926K->46064K(179200K)] 446177K->377568K(703488K), 0.0212361 secs] [Times: user=0.23 sys=0.00, real=0.02 secs] 
2016-09-13T20:42:00.532-0400: 253.251: [GC (GCLocker Initiated GC) [PSYoungGen: 146416K->53748K(177152K)] 477968K->385407K(701440K), 0.0069525 secs] [Times: user=0.06 sys=0.00, real=0.01 secs] 
2016-09-13T20:42:00.690-0400: 253.408: [GC (Allocation Failure) [PSYoungGen: 151028K->44671K(179712K)] 482821K->379765K(704000K), 0.0160699 secs] [Times: user=0.14 sys=0.00, real=0.01 secs] 
2016-09-13T20:42:00.852-0400: 253.570: [GC (GCLocker Initiated GC) [PSYoungGen: 141666K->23277K(173568K)] 482835K->370778K(697856K), 0.0296631 secs] [Times: user=0.28 sys=0.01, real=0.03 secs] 
2016-09-13T20:42:01.035-0400: 253.754: [GC (GCLocker Initiated GC) [PSYoungGen: 121581K->40051K(177152K)] 469263K->387848K(701440K), 0.0142192 secs] [Times: user=0.12 sys=0.00, real=0.02 secs] 
2016-09-13T20:42:01.184-0400: 253.902: [GC (GCLocker Initiated GC) [PSYoungGen: 138355K->32554K(174592K)] 487871K->382312K(698880K), 0.0056114 secs] [Times: user=0.05 sys=0.00, real=0.01 secs] 
2016-09-13T20:42:01.347-0400: 254.065: [GC (GCLocker Initiated GC) [PSYoungGen: 139050K->23372K(179712K)] 496444K->381042K(704000K), 0.0049478 secs] [Times: user=0.04 sys=0.01, real=0.01 secs] 
2016-09-13T20:42:01.527-0400: 254.245: [GC (GCLocker Initiated GC) [PSYoungGen: 129868K->4992K(187904K)] 493705K->368983K(712192K), 0.0040936 secs] [Times: user=0.02 sys=0.01, real=0.01 secs] 
2016-09-13T20:42:01.721-0400: 254.440: [GC (GCLocker Initiated GC) [PSYoungGen: 121728K->43062K(189440K)] 485808K->411834K(713728K), 0.0170889 secs] [Times: user=0.18 sys=0.00, real=0.02 secs] 
2016-09-13T20:42:01.927-0400: 254.646: [GC (GCLocker Initiated GC) [PSYoungGen: 159798K->44634K(188416K)] 528592K->416651K(712704K), 0.0147128 secs] [Times: user=0.11 sys=0.00, real=0.02 secs] 
2016-09-13T20:42:02.107-0400: 254.826: [GC (GCLocker Initiated GC) [PSYoungGen: 160346K->27992K(143872K)] 538622K->417246K(668160K), 0.0173706 secs] [Times: user=0.16 sys=0.01, real=0.02 secs] 
2016-09-13T20:42:02.327-0400: 255.045: [GC (GCLocker Initiated GC) [PSYoungGen: 143704K->44640K(185344K)] 533208K->440444K(709632K), 0.0376030 secs] [Times: user=0.42 sys=0.00, real=0.04 secs] 
2016-09-13T20:42:02.532-0400: 255.251: [GC (GCLocker Initiated GC) [PSYoungGen: 159840K->32649K(186368K)] 567965K->440963K(710656K), 0.0099341 secs] [Times: user=0.11 sys=0.00, real=0.01 secs] 
2016-09-13T20:42:02.732-0400: 255.451: [GC (GCLocker Initiated GC) [PSYoungGen: 147849K->46318K(187392K)] 562409K->461103K(711680K), 0.0218127 secs] [Times: user=0.22 sys=0.01, real=0.02 secs] 
2016-09-13T20:42:02.948-0400: 255.667: [GC (GCLocker Initiated GC) [PSYoungGen: 166126K->50902K(188416K)] 587044K->472039K(712704K), 0.0111319 secs] [Times: user=0.14 sys=0.00, real=0.01 secs] 
2016-09-13T20:42:03.114-0400: 255.832: [GC (GCLocker Initiated GC) [PSYoungGen: 170710K->28088K(191488K)] 593468K->458696K(715776K), 0.0243736 secs] [Times: user=0.25 sys=0.00, real=0.03 secs] 
2016-09-13T20:42:03.333-0400: 256.051: [GC (GCLocker Initiated GC) [PSYoungGen: 149944K->44762K(190976K)] 586848K->486455K(715264K), 0.0078974 secs] [Times: user=0.08 sys=0.00, real=0.01 secs] 
2016-09-13T20:42:03.516-0400: 256.234: [GC (GCLocker Initiated GC) [PSYoungGen: 166618K->61342K(180736K)] 611454K->506438K(705024K), 0.0216273 secs] [Times: user=0.20 sys=0.00, real=0.02 secs] 
2016-09-13T20:42:03.712-0400: 256.431: [GC (GCLocker Initiated GC) [PSYoungGen: 172958K->47773K(186880K)] 618146K->494560K(711168K), 0.0066171 secs] [Times: user=0.05 sys=0.01, real=0.01 secs] 
2016-09-13T20:42:03.881-0400: 256.600: [GC (Allocation Failure) [PSYoungGen: 159389K->44822K(183296K)] 606405K->502687K(707584K), 0.0216132 secs] [Times: user=0.26 sys=0.00, real=0.02 secs] 
2016-09-13T20:42:04.046-0400: 256.765: [GC (GCLocker Initiated GC) [PSYoungGen: 152852K->29420K(185344K)] 616791K->493549K(709632K), 0.0055716 secs] [Times: user=0.04 sys=0.00, real=0.01 secs] 
2016-09-13T20:42:04.241-0400: 256.959: [GC (GCLocker Initiated GC) [PSYoungGen: 141548K->34063K(184320K)] 607215K->500038K(708608K), 0.0072106 secs] [Times: user=0.06 sys=0.00, real=0.01 secs] 
2016-09-13T20:42:04.438-0400: 257.157: [GC (GCLocker Initiated GC) [PSYoungGen: 151311K->23282K(186880K)] 617458K->495651K(711168K), 0.0193908 secs] [Times: user=0.21 sys=0.00, real=0.02 secs] 
2016-09-13T20:42:04.637-0400: 257.355: [GC (GCLocker Initiated GC) [PSYoungGen: 140530K->46340K(192000K)] 614595K->520543K(716288K), 0.0103562 secs] [Times: user=0.09 sys=0.00, real=0.00 secs] 
2016-09-13T20:42:04.814-0400: 257.532: [GC (GCLocker Initiated GC) [PSYoungGen: 169732K->35713K(159232K)] 643949K->510199K(683520K), 0.0122180 secs] [Times: user=0.13 sys=0.00, real=0.01 secs] 
2016-09-13T20:42:05.037-0400: 257.755: [GC (Allocation Failure) [PSYoungGen: 159105K->46409K(190464K)] 633783K->530595K(714752K), 0.0078265 secs] [Times: user=0.09 sys=0.00, real=0.00 secs] 
2016-09-13T20:42:05.215-0400: 257.933: [GC (GCLocker Initiated GC) [PSYoungGen: 170313K->37483K(190976K)] 654502K->521833K(715264K), 0.0143606 secs] [Times: user=0.18 sys=0.00, real=0.02 secs] 
2016-09-13T20:42:05.418-0400: 258.137: [GC (GCLocker Initiated GC) [PSYoungGen: 161387K->32677K(193536K)] 645935K->517458K(717824K), 0.0066763 secs] [Times: user=0.08 sys=0.00, real=0.00 secs] 
2016-09-13T20:42:05.634-0400: 258.352: [GC (GCLocker Initiated GC) [PSYoungGen: 162725K->28115K(193024K)] 647682K->517988K(717312K), 0.0151731 secs] [Times: user=0.19 sys=0.00, real=0.02 secs] 
2016-09-13T20:42:05.847-0400: 258.565: [GC (GCLocker Initiated GC) [PSYoungGen: 158163K->17330K(196608K)] 660373K->519824K(720896K), 0.0095788 secs] [Times: user=0.08 sys=0.00, real=0.02 secs] 
2016-09-13T20:42:06.072-0400: 258.791: [GC (GCLocker Initiated GC) [PSYoungGen: 151986K->44634K(197632K)] 654583K->550325K(721920K), 0.0127841 secs] [Times: user=0.10 sys=0.00, real=0.01 secs] 
2016-09-13T20:42:06.277-0400: 258.996: [GC (Allocation Failure) [PSYoungGen: 179290K->44698K(197632K)] 685006K->556733K(721920K), 0.0099606 secs] [Times: user=0.09 sys=0.00, real=0.00 secs] 
2016-09-13T20:42:06.486-0400: 259.205: [GC (Allocation Failure) --[PSYoungGen: 172793K->172793K(197632K)] 684829K->695748K(721920K), 0.0215058 secs] [Times: user=0.23 sys=0.00, real=0.02 secs] 
2016-09-13T20:42:06.508-0400: 259.226: [Full GC (Ergonomics) [PSYoungGen: 172793K->0K(197632K)] [ParOldGen: 522955K->31535K(524288K)] 695748K->31535K(721920K), [Metaspace: 44712K->44712K(1087488K)], 0.0605611 secs] [Times: user=0.35 sys=0.01, real=0.07 secs] 
2016-09-13T20:42:06.741-0400: 259.460: [GC (GCLocker Initiated GC) [PSYoungGen: 131902K->57094K(191488K)] 169512K->94704K(715776K), 0.0124835 secs] [Times: user=0.11 sys=0.00, real=0.01 secs] 
2016-09-13T20:42:06.917-0400: 259.636: [GC (GCLocker Initiated GC) [PSYoungGen: 191238K->43184K(194560K)] 229075K->107190K(718848K), 0.0174231 secs] [Times: user=0.15 sys=0.00, real=0.01 secs] 
2016-09-13T20:42:07.109-0400: 259.827: [GC (GCLocker Initiated GC) [PSYoungGen: 168624K->43190K(168960K)] 232864K->107687K(693248K), 0.0124233 secs] [Times: user=0.13 sys=0.00, real=0.01 secs] 
2016-09-13T20:42:07.325-0400: 260.044: [GC (GCLocker Initiated GC) [PSYoungGen: 168630K->49133K(190464K)] 233156K->113821K(714752K), 0.0169943 secs] [Times: user=0.14 sys=0.00, real=0.02 secs] 
2016-09-13T20:42:07.529-0400: 260.248: [GC (Allocation Failure) [PSYoungGen: 173549K->46339K(191488K)] 238512K->112885K(715776K), 0.0301368 secs] [Times: user=0.30 sys=0.00, real=0.03 secs] 
2016-09-13T20:42:07.740-0400: 260.459: [GC (GCLocker Initiated GC) [PSYoungGen: 170755K->43281K(190464K)] 237301K->110198K(714752K), 0.0102819 secs] [Times: user=0.10 sys=0.00, real=0.01 secs] 
2016-09-13T20:42:07.954-0400: 260.673: [GC (GCLocker Initiated GC) [PSYoungGen: 171793K->32709K(193024K)] 244888K->105891K(717312K), 0.0124553 secs] [Times: user=0.15 sys=0.00, real=0.01 secs] 
2016-09-13T20:42:08.208-0400: 260.926: [GC (Allocation Failure) [PSYoungGen: 161221K->17580K(195072K)] 242019K->98533K(719360K), 0.0095903 secs] [Times: user=0.12 sys=0.00, real=0.01 secs] 
2016-09-13T20:42:08.401-0400: 261.120: [GC (GCLocker Initiated GC) [PSYoungGen: 143954K->29762K(196608K)] 230982K->129288K(720896K), 0.0161397 secs] [Times: user=0.22 sys=0.01, real=0.02 secs] 
2016-09-13T20:42:08.644-0400: 261.363: [GC (GCLocker Initiated GC) [PSYoungGen: 160834K->5339K(192512K)] 272515K->117100K(716800K), 0.0078779 secs] [Times: user=0.11 sys=0.00, real=0.01 secs] 
2016-09-13T20:42:08.835-0400: 261.554: [GC (Allocation Failure) [PSYoungGen: 133339K->32773K(161280K)] 245312K->145022K(685568K), 0.0055777 secs] [Times: user=0.06 sys=0.00, real=0.01 secs] 
2016-09-13T20:42:09.040-0400: 261.758: [GC (GCLocker Initiated GC) [PSYoungGen: 160773K->28062K(196608K)] 273022K->142047K(720896K), 0.0122334 secs] [Times: user=0.12 sys=0.00, real=0.01 secs] 
2016-09-13T20:42:09.262-0400: 261.981: [GC (GCLocker Initiated GC) [PSYoungGen: 160670K->8349K(194560K)] 286814K->134703K(718848K), 0.0036333 secs] [Times: user=0.02 sys=0.00, real=0.00 secs] 
2016-09-13T20:42:09.469-0400: 262.188: [GC (GCLocker Initiated GC) [PSYoungGen: 140957K->46405K(193536K)] 268846K->174559K(717824K), 0.0115037 secs] [Times: user=0.13 sys=0.01, real=0.01 secs] 
2016-09-13T20:42:09.698-0400: 262.417: [GC (GCLocker Initiated GC) [PSYoungGen: 176453K->29639K(159744K)] 318480K->173300K(684032K), 0.0056827 secs] [Times: user=0.05 sys=0.00, real=0.00 secs] 
2016-09-13T20:42:09.912-0400: 262.631: [GC (GCLocker Initiated GC) [PSYoungGen: 159687K->27940K(197632K)] 303349K->171894K(721920K), 0.0058989 secs] [Times: user=0.07 sys=0.00, real=0.01 secs] 
2016-09-13T20:42:10.129-0400: 262.848: [GC (Allocation Failure) [PSYoungGen: 162596K->41533K(195584K)] 306738K->185781K(719872K), 0.0066959 secs] [Times: user=0.05 sys=0.01, real=0.01 secs] 
2016-09-13T20:42:10.346-0400: 263.064: [GC (GCLocker Initiated GC) [PSYoungGen: 173067K->28121K(198656K)] 323391K->178702K(722944K), 0.0105369 secs] [Times: user=0.10 sys=0.00, real=0.02 secs] 
2016-09-13T20:42:10.629-0400: 263.348: [GC (Allocation Failure) [PSYoungGen: 167897K->26627K(199168K)] 320105K->178907K(723456K), 0.0208078 secs] [Times: user=0.15 sys=0.00, real=0.02 secs] 
2016-09-13T20:42:10.845-0400: 263.564: [GC (GCLocker Initiated GC) [PSYoungGen: 164421K->46313K(199168K)] 322776K->204893K(723456K), 0.0113516 secs] [Times: user=0.10 sys=0.01, real=0.02 secs] 
2016-09-13T20:42:11.054-0400: 263.773: [GC (GCLocker Initiated GC) [PSYoungGen: 187625K->10017K(151552K)] 358526K->181177K(675840K), 0.0035725 secs] [Times: user=0.02 sys=0.00, real=0.01 secs] 
2016-09-13T20:42:11.298-0400: 264.017: [GC (GCLocker Initiated GC) [PSYoungGen: 151329K->43120K(197120K)] 325716K->217841K(721408K), 0.0343862 secs] [Times: user=0.35 sys=0.01, real=0.03 secs] 
2016-09-13T20:42:11.522-0400: 264.240: [GC (GCLocker Initiated GC) [PSYoungGen: 178288K->32523K(167936K)] 353026K->207387K(692224K), 0.0052295 secs] [Times: user=0.04 sys=0.00, real=0.00 secs] 
2016-09-13T20:42:11.728-0400: 264.447: [GC (Allocation Failure) [PSYoungGen: 167691K->46277K(194560K)] 342739K->227603K(718848K), 0.0221081 secs] [Times: user=0.25 sys=0.00, real=0.02 secs] 
2016-09-13T20:42:11.945-0400: 264.663: [GC (GCLocker Initiated GC) [PSYoungGen: 180421K->9948K(197120K)] 361747K->191471K(721408K), 0.0138454 secs] [Times: user=0.13 sys=0.00, real=0.02 secs] 
2016-09-13T20:42:12.200-0400: 264.919: [GC (GCLocker Initiated GC) [PSYoungGen: 144092K->9709K(197120K)] 327159K->193233K(721408K), 0.0368107 secs] [Times: user=0.40 sys=0.00, real=0.04 secs] 
2016-09-13T20:42:12.405-0400: 265.123: [GC (GCLocker Initiated GC) [PSYoungGen: 142829K->46372K(179712K)] 326537K->230242K(704000K), 0.0060607 secs] [Times: user=0.05 sys=0.00, real=0.01 secs] 
2016-09-13T20:42:12.611-0400: 265.330: [GC (GCLocker Initiated GC) [PSYoungGen: 179492K->29512K(198144K)] 364892K->215046K(722432K), 0.0414731 secs] [Times: user=0.46 sys=0.00, real=0.04 secs] 
2016-09-13T20:42:12.859-0400: 265.578: [GC (Allocation Failure) [PSYoungGen: 160584K->32703K(163840K)] 353776K->233628K(688128K), 0.0242615 secs] [Times: user=0.26 sys=0.00, real=0.02 secs] 
2016-09-13T20:42:13.046-0400: 265.764: [GC (GCLocker Initiated GC) [PSYoungGen: 158802K->34255K(194560K)] 365801K->252162K(718848K), 0.0112146 secs] [Times: user=0.11 sys=0.01, real=0.02 secs] 
2016-09-13T20:42:13.250-0400: 265.969: [GC (GCLocker Initiated GC) [PSYoungGen: 167375K->32522K(192512K)] 391535K->256961K(716800K), 0.0415990 secs] [Times: user=0.46 sys=0.01, real=0.04 secs] 
2016-09-13T20:42:13.481-0400: 266.199: [GC (GCLocker Initiated GC) [PSYoungGen: 165642K->49356K(194560K)] 390241K->274051K(718848K), 0.0226786 secs] [Times: user=0.23 sys=0.00, real=0.02 secs] 
2016-09-13T20:42:13.703-0400: 266.421: [GC (GCLocker Initiated GC) [PSYoungGen: 186572K->23527K(198656K)] 414463K->251555K(722944K), 0.0121229 secs] [Times: user=0.11 sys=0.00, real=0.01 secs] 
2016-09-13T20:42:13.928-0400: 266.646: [GC (GCLocker Initiated GC) [PSYoungGen: 160743K->5120K(198144K)] 394849K->239471K(722432K), 0.0296878 secs] [Times: user=0.33 sys=0.00, real=0.03 secs] 
2016-09-13T20:42:14.153-0400: 266.871: [GC (GCLocker Initiated GC) [PSYoungGen: 143360K->46128K(184832K)] 377884K->280844K(709120K), 0.0096806 secs] [Times: user=0.08 sys=0.01, real=0.01 secs] 
2016-09-13T20:42:14.368-0400: 267.087: [GC (GCLocker Initiated GC) [PSYoungGen: 184368K->30940K(200704K)] 419169K->270428K(724992K), 0.0188550 secs] [Times: user=0.17 sys=0.01, real=0.01 secs] 
2016-09-13T20:42:14.610-0400: 267.329: [GC (Allocation Failure) [PSYoungGen: 166620K->5275K(197120K)] 412415K->252777K(721408K), 0.0395150 secs] [Times: user=0.36 sys=0.01, real=0.04 secs] 
2016-09-13T20:42:14.845-0400: 267.563: [GC (GCLocker Initiated GC) [PSYoungGen: 139746K->31130K(197632K)] 388767K->280417K(721920K), 0.0111049 secs] [Times: user=0.11 sys=0.00, real=0.02 secs] 
2016-09-13T20:42:15.051-0400: 267.769: [GC (GCLocker Initiated GC) [PSYoungGen: 168858K->29819K(198144K)] 424320K->285440K(722432K), 0.0265078 secs] [Times: user=0.28 sys=0.00, real=0.03 secs] 
2016-09-13T20:42:15.308-0400: 268.027: [GC (GCLocker Initiated GC) [PSYoungGen: 167547K->23341K(199680K)] 432517K->288570K(723968K), 0.0077435 secs] [Times: user=0.06 sys=0.00, real=0.01 secs] 
2016-09-13T20:42:15.517-0400: 268.236: [GC (GCLocker Initiated GC) [PSYoungGen: 167213K->49265K(199680K)] 434048K->316156K(723968K), 0.0119845 secs] [Times: user=0.12 sys=0.01, real=0.01 secs] 
2016-09-13T20:42:15.779-0400: 268.498: [GC (Allocation Failure) [PSYoungGen: 193137K->6970K(199168K)] 466172K->290846K(723456K), 0.0258922 secs] [Times: user=0.27 sys=0.00, real=0.02 secs] 
2016-09-13T20:42:16.002-0400: 268.720: [GC (GCLocker Initiated GC) [PSYoungGen: 140586K->14228K(200192K)] 430538K->305900K(724480K), 0.0104372 secs] [Times: user=0.12 sys=0.00, real=0.01 secs] 
2016-09-13T20:42:16.247-0400: 268.966: [GC (GCLocker Initiated GC) [PSYoungGen: 152468K->5174K(200192K)] 457960K->310804K(724480K), 0.0062626 secs] [Times: user=0.03 sys=0.00, real=0.01 secs] 
2016-09-13T20:42:16.482-0400: 269.201: [GC (Allocation Failure) [PSYoungGen: 144438K->46223K(185856K)] 450257K->352420K(710144K), 0.0167168 secs] [Times: user=0.19 sys=0.00, real=0.02 secs] 
2016-09-13T20:42:16.687-0400: 269.406: [GC (GCLocker Initiated GC) [PSYoungGen: 179911K->26532K(200704K)] 492183K->338958K(724992K), 0.0220918 secs] [Times: user=0.23 sys=0.01, real=0.03 secs] 
2016-09-13T20:42:16.918-0400: 269.636: [GC (GCLocker Initiated GC) [PSYoungGen: 161700K->50678K(185856K)] 474384K->363606K(710144K), 0.0316851 secs] [Times: user=0.27 sys=0.00, real=0.03 secs] 
2016-09-13T20:42:17.155-0400: 269.874: [GC (Allocation Failure) [PSYoungGen: 185846K->23590K(198144K)] 499017K->336954K(722432K), 0.0126950 secs] [Times: user=0.13 sys=0.00, real=0.02 secs] 
2016-09-13T20:42:17.383-0400: 270.101: [GC (GCLocker Initiated GC) [PSYoungGen: 154662K->14228K(145408K)] 468029K->327922K(669696K), 0.0048808 secs] [Times: user=0.04 sys=0.00, real=0.00 secs] 
2016-09-13T20:42:17.558-0400: 270.277: [GC (GCLocker Initiated GC) [PSYoungGen: 145300K->50906K(187904K)] 459187K->364912K(712192K), 0.0098449 secs] [Times: user=0.10 sys=0.00, real=0.01 secs] 
2016-09-13T20:42:17.748-0400: 270.467: [GC (Allocation Failure) [PSYoungGen: 175834K->46217K(171520K)] 490083K->360652K(695808K), 0.0077545 secs] [Times: user=0.07 sys=0.00, real=0.01 secs] 
2016-09-13T20:42:17.941-0400: 270.659: [GC (Allocation Failure) [PSYoungGen: 171145K->44577K(189440K)] 485580K->359296K(713728K), 0.0097707 secs] [Times: user=0.09 sys=0.00, real=0.01 secs] 
2016-09-13T20:42:18.138-0400: 270.857: [GC (Allocation Failure) [PSYoungGen: 160056K->23468K(142336K)] 474775K->338325K(666624K), 0.0069663 secs] [Times: user=0.06 sys=0.00, real=0.00 secs] 
2016-09-13T20:42:18.314-0400: 271.033: [GC (Allocation Failure) [PSYoungGen: 142252K->47837K(186368K)] 457109K->362944K(710656K), 0.0084998 secs] [Times: user=0.08 sys=0.00, real=0.01 secs] 
2016-09-13T20:42:18.523-0400: 271.242: [GC (GCLocker Initiated GC) [PSYoungGen: 165085K->59918K(177664K)] 480202K->375190K(701952K), 0.0097120 secs] [Times: user=0.06 sys=0.00, real=0.01 secs] 
2016-09-13T20:42:18.698-0400: 271.417: [GC (GCLocker Initiated GC) [PSYoungGen: 177166K->64538K(172032K)] 492695K->380284K(696320K), 0.0141017 secs] [Times: user=0.18 sys=0.00, real=0.01 secs] 
2016-09-13T20:42:18.856-0400: 271.575: [GC (GCLocker Initiated GC) [PSYoungGen: 158746K->46249K(178176K)] 474598K->362318K(702464K), 0.0152300 secs] [Times: user=0.17 sys=0.00, real=0.01 secs] 
2016-09-13T20:42:19.032-0400: 271.751: [GC (GCLocker Initiated GC) [PSYoungGen: 140457K->44800K(171520K)] 456709K->361206K(695808K), 0.0060941 secs] [Times: user=0.06 sys=0.00, real=0.01 secs] 
2016-09-13T20:42:19.188-0400: 271.906: [GC (GCLocker Initiated GC) [PSYoungGen: 140544K->44832K(175616K)] 458694K->363200K(699904K), 0.0153989 secs] [Times: user=0.19 sys=0.00, real=0.02 secs] 
2016-09-13T20:42:19.320-0400: 272.038: [GC (GCLocker Initiated GC) [PSYoungGen: 140576K->57105K(179200K)] 458972K->375766K(703488K), 0.0285526 secs] [Times: user=0.38 sys=0.00, real=0.03 secs] 
2016-09-13T20:42:19.501-0400: 272.219: [GC (GCLocker Initiated GC) [PSYoungGen: 158481K->28062K(181760K)] 489414K->372956K(706048K), 0.0125172 secs] [Times: user=0.16 sys=0.00, real=0.01 secs] 
2016-09-13T20:42:19.675-0400: 272.394: [GC (GCLocker Initiated GC) [PSYoungGen: 129438K->41821K(173568K)] 474337K->391495K(697856K), 0.0185896 secs] [Times: user=0.20 sys=0.00, real=0.02 secs] 
2016-09-13T20:42:19.854-0400: 272.573: [GC (GCLocker Initiated GC) [PSYoungGen: 144733K->37206K(178176K)] 500554K->393391K(702464K), 0.0113450 secs] [Times: user=0.11 sys=0.00, real=0.01 secs] 
2016-09-13T20:42:20.017-0400: 272.735: [GC (GCLocker Initiated GC) [PSYoungGen: 140118K->37014K(179712K)] 496337K->399565K(704000K), 0.0128499 secs] [Times: user=0.12 sys=0.00, real=0.01 secs] 
2016-09-13T20:42:20.212-0400: 272.930: [GC (GCLocker Initiated GC) [PSYoungGen: 151190K->44634K(184320K)] 513922K->412061K(708608K), 0.0219917 secs] [Times: user=0.22 sys=0.00, real=0.02 secs] 
2016-09-13T20:42:20.452-0400: 273.170: [GC (GCLocker Initiated GC) [PSYoungGen: 158810K->9645K(188416K)] 538540K->389555K(712704K), 0.0036980 secs] [Times: user=0.02 sys=0.00, real=0.00 secs] 
2016-09-13T20:42:20.617-0400: 273.336: [GC (GCLocker Initiated GC) [PSYoungGen: 129453K->23463K(190976K)] 510917K->411196K(715264K), 0.0074534 secs] [Times: user=0.06 sys=0.00, real=0.00 secs] 
2016-09-13T20:42:20.811-0400: 273.529: [GC (GCLocker Initiated GC) [PSYoungGen: 143271K->31063K(184832K)] 538668K->426736K(709120K), 0.0105723 secs] [Times: user=0.09 sys=0.01, real=0.01 secs] 
2016-09-13T20:42:21.010-0400: 273.729: [GC (Allocation Failure) [PSYoungGen: 151895K->15997K(188416K)] 553819K->418016K(712704K), 0.0093207 secs] [Times: user=0.09 sys=0.00, real=0.01 secs] 
2016-09-13T20:42:21.215-0400: 273.934: [GC (GCLocker Initiated GC) [PSYoungGen: 136827K->29416K(188928K)] 538910K->431768K(713216K), 0.0239516 secs] [Times: user=0.23 sys=0.00, real=0.03 secs] 
2016-09-13T20:42:21.422-0400: 274.140: [GC (GCLocker Initiated GC) [PSYoungGen: 155880K->32580K(191488K)] 558271K->435117K(715776K), 0.0195809 secs] [Times: user=0.19 sys=0.00, real=0.02 secs] 
2016-09-13T20:42:21.638-0400: 274.357: [GC (Allocation Failure) [PSYoungGen: 159044K->25012K(194560K)] 561600K->433896K(718848K), 0.0148274 secs] [Times: user=0.13 sys=0.00, real=0.01 secs] 
2016-09-13T20:42:21.854-0400: 274.573: [GC (GCLocker Initiated GC) [PSYoungGen: 158180K->14228K(195584K)] 573139K->429455K(719872K), 0.0268508 secs] [Times: user=0.28 sys=0.00, real=0.03 secs] 
2016-09-13T20:42:22.057-0400: 274.776: [GC (GCLocker Initiated GC) [PSYoungGen: 149396K->50833K(192000K)] 564676K->466201K(716288K), 0.0117070 secs] [Times: user=0.13 sys=0.00, real=0.01 secs] 
2016-09-13T20:42:22.261-0400: 274.979: [GC (GCLocker Initiated GC) [PSYoungGen: 181905K->41724K(196608K)] 598903K->463409K(720896K), 0.0133713 secs] [Times: user=0.11 sys=0.00, real=0.01 secs] 
2016-09-13T20:42:22.497-0400: 275.216: [GC (GCLocker Initiated GC) [PSYoungGen: 172796K->46191K(193536K)] 594735K->468308K(717824K), 0.0159901 secs] [Times: user=0.17 sys=0.00, real=0.01 secs] 
2016-09-13T20:42:22.698-0400: 275.417: [GC (GCLocker Initiated GC) [PSYoungGen: 174191K->41443K(195072K)] 604148K->479196K(719360K), 0.0078768 secs] [Times: user=0.05 sys=0.00, real=0.00 secs] 
2016-09-13T20:42:22.920-0400: 275.639: [GC (GCLocker Initiated GC) [PSYoungGen: 169443K->46376K(193536K)] 613558K->490594K(717824K), 0.0125141 secs] [Times: user=0.13 sys=0.00, real=0.01 secs] 
2016-09-13T20:42:23.113-0400: 275.832: [GC (GCLocker Initiated GC) [PSYoungGen: 173352K->52330K(179712K)] 617581K->496834K(704000K), 0.0068172 secs] [Times: user=0.05 sys=0.00, real=0.01 secs] 
2016-09-13T20:42:23.333-0400: 276.052: [GC (GCLocker Initiated GC) [PSYoungGen: 179306K->60050K(181760K)] 625370K->510774K(706048K), 0.0115564 secs] [Times: user=0.10 sys=0.00, real=0.01 secs] 
2016-09-13T20:42:23.501-0400: 276.219: [GC (GCLocker Initiated GC) [PSYoungGen: 171666K->61373K(173056K)] 622701K->512728K(697344K), 0.0155586 secs] [Times: user=0.16 sys=0.00, real=0.02 secs] 
2016-09-13T20:42:23.699-0400: 276.418: [GC (GCLocker Initiated GC) [PSYoungGen: 172989K->24737K(183296K)] 638051K->490059K(707584K), 0.0053944 secs] [Times: user=0.04 sys=0.00, real=0.00 secs] 
2016-09-13T20:42:23.877-0400: 276.596: [GC (GCLocker Initiated GC) [PSYoungGen: 128673K->47831K(152064K)] 594023K->522433K(676352K), 0.0135639 secs] [Times: user=0.15 sys=0.00, real=0.01 secs] 
2016-09-13T20:42:24.057-0400: 276.775: [GC (GCLocker Initiated GC) [PSYoungGen: 151767K->26319K(182784K)] 632473K->510240K(707072K), 0.0208622 secs] [Times: user=0.20 sys=0.00, real=0.02 secs] 
2016-09-13T20:42:24.257-0400: 276.976: [GC (GCLocker Initiated GC) [PSYoungGen: 131279K->3873K(181760K)] 629165K->512551K(706048K), 0.0117686 secs] [Times: user=0.11 sys=0.01, real=0.01 secs] 
2016-09-13T20:42:24.441-0400: 277.159: [GC (GCLocker Initiated GC) [PSYoungGen: 108833K->53816K(178176K)] 617596K->562839K(702464K), 0.0064028 secs] [Times: user=0.05 sys=0.00, real=0.00 secs] 
2016-09-13T20:42:24.592-0400: 277.311: [GC (GCLocker Initiated GC) [PSYoungGen: 153144K->23468K(180736K)] 663864K->534416K(705024K), 0.0213392 secs] [Times: user=0.23 sys=0.00, real=0.02 secs] 
2016-09-13T20:42:24.747-0400: 277.466: [Full GC (Ergonomics) [PSYoungGen: 122796K->0K(180736K)] [ParOldGen: 517271K->38915K(524288K)] 640068K->38915K(705024K), [Metaspace: 44749K->44749K(1087488K)], 0.0749168 secs] [Times: user=0.45 sys=0.02, real=0.08 secs] 
2016-09-13T20:42:24.952-0400: 277.671: [GC (Allocation Failure) [PSYoungGen: 99328K->58660K(174592K)] 141418K->100751K(698880K), 0.0229024 secs] [Times: user=0.27 sys=0.00, real=0.02 secs] 
2016-09-13T20:42:25.095-0400: 277.814: [GC (GCLocker Initiated GC) [PSYoungGen: 153892K->40116K(178688K)] 195986K->93172K(702976K), 0.0491883 secs] [Times: user=0.51 sys=0.01, real=0.05 secs] 
2016-09-13T20:42:25.268-0400: 277.986: [GC (Allocation Failure) [PSYoungGen: 135348K->64571K(171520K)] 188624K->118081K(695808K), 0.0125074 secs] [Times: user=0.16 sys=0.01, real=0.01 secs] 
2016-09-13T20:42:25.402-0400: 278.120: [GC (GCLocker Initiated GC) [PSYoungGen: 152507K->28246K(177152K)] 212092K->88111K(701440K), 0.0095740 secs] [Times: user=0.12 sys=0.00, real=0.01 secs] 
2016-09-13T20:42:25.547-0400: 278.265: [GC (GCLocker Initiated GC) [PSYoungGen: 120406K->12928K(176128K)] 192549K->85431K(700416K), 0.0109468 secs] [Times: user=0.13 sys=0.00, real=0.02 secs] 
2016-09-13T20:42:25.698-0400: 278.417: [GC (GCLocker Initiated GC) [PSYoungGen: 107136K->47900K(177664K)] 181340K->129869K(701952K), 0.0132738 secs] [Times: user=0.16 sys=0.00, real=0.01 secs] 
2016-09-13T20:42:25.863-0400: 278.581: [GC (GCLocker Initiated GC) [PSYoungGen: 142108K->72074K(170496K)] 224154K->154400K(694784K), 0.0069923 secs] [Times: user=0.07 sys=0.00, real=0.01 secs] 
2016-09-13T20:42:26.005-0400: 278.723: [GC (GCLocker Initiated GC) [PSYoungGen: 160138K->41788K(175104K)] 243999K->136410K(699392K), 0.0136728 secs] [Times: user=0.14 sys=0.00, real=0.02 secs] 
2016-09-13T20:42:26.139-0400: 278.858: [GC (GCLocker Initiated GC) [PSYoungGen: 129852K->46341K(168448K)] 224521K->141294K(692736K), 0.0216118 secs] [Times: user=0.22 sys=0.01, real=0.02 secs] 
2016-09-13T20:42:26.285-0400: 279.004: [GC (GCLocker Initiated GC) [PSYoungGen: 135941K->25209K(172544K)] 237110K->153925K(696832K), 0.0102751 secs] [Times: user=0.11 sys=0.00, real=0.01 secs] 
2016-09-13T20:42:26.449-0400: 279.168: [GC (GCLocker Initiated GC) [PSYoungGen: 114809K->15937K(178176K)] 255781K->157174K(702464K), 0.0062027 secs] [Times: user=0.05 sys=0.00, real=0.00 secs] 
2016-09-13T20:42:26.626-0400: 279.345: [GC (GCLocker Initiated GC) [PSYoungGen: 113217K->24988K(179200K)] 254574K->172645K(703488K), 0.0350647 secs] [Times: user=0.40 sys=0.00, real=0.04 secs] 
2016-09-13T20:42:26.810-0400: 279.529: [GC (GCLocker Initiated GC) [PSYoungGen: 122268K->44639K(178176K)] 269954K->192514K(702464K), 0.0187642 secs] [Times: user=0.15 sys=0.00, real=0.02 secs] 
2016-09-13T20:42:26.963-0400: 279.682: [GC (GCLocker Initiated GC) [PSYoungGen: 144991K->24956K(178688K)] 300643K->190008K(702976K), 0.0141096 secs] [Times: user=0.13 sys=0.01, real=0.02 secs] 
2016-09-13T20:42:27.105-0400: 279.824: [GC (GCLocker Initiated GC) [PSYoungGen: 125308K->34201K(176640K)] 291904K->201026K(700928K), 0.0213698 secs] [Times: user=0.25 sys=0.00, real=0.02 secs] 
2016-09-13T20:42:27.301-0400: 280.020: [GC (GCLocker Initiated GC) [PSYoungGen: 141209K->46381K(179712K)] 314329K->225901K(704000K), 0.0131580 secs] [Times: user=0.14 sys=0.00, real=0.01 secs] 
2016-09-13T20:42:27.475-0400: 280.193: [GC (GCLocker Initiated GC) [PSYoungGen: 153389K->46185K(188928K)] 332939K->225992K(713216K), 0.0087761 secs] [Times: user=0.08 sys=0.00, real=0.01 secs] 
2016-09-13T20:42:27.671-0400: 280.389: [GC (GCLocker Initiated GC) [PSYoungGen: 162409K->21821K(188928K)] 348472K->218725K(713216K), 0.0211220 secs] [Times: user=0.20 sys=0.00, real=0.02 secs] 
2016-09-13T20:42:27.864-0400: 280.583: [GC (GCLocker Initiated GC) [PSYoungGen: 138045K->46255K(188928K)] 336562K->245047K(713216K), 0.0187618 secs] [Times: user=0.22 sys=0.00, real=0.02 secs] 
2016-09-13T20:42:28.070-0400: 280.788: [GC (GCLocker Initiated GC) [PSYoungGen: 162991K->44698K(188928K)] 362208K->244043K(713216K), 0.0297220 secs] [Times: user=0.32 sys=0.00, real=0.03 secs] 
2016-09-13T20:42:28.264-0400: 280.983: [GC (GCLocker Initiated GC) [PSYoungGen: 161434K->27929K(187392K)] 360801K->227513K(711680K), 0.0134621 secs] [Times: user=0.13 sys=0.00, real=0.02 secs] 
2016-09-13T20:42:28.446-0400: 281.165: [GC (GCLocker Initiated GC) [PSYoungGen: 146201K->18944K(188416K)] 352077K->231049K(712704K), 0.0236406 secs] [Times: user=0.27 sys=0.00, real=0.03 secs] 
2016-09-13T20:42:28.641-0400: 281.360: [GC (GCLocker Initiated GC) [PSYoungGen: 137216K->49354K(188416K)] 349513K->268026K(712704K), 0.0160358 secs] [Times: user=0.16 sys=0.00, real=0.02 secs] 
2016-09-13T20:42:28.822-0400: 281.540: [GC (GCLocker Initiated GC) [PSYoungGen: 168138K->27965K(190464K)] 386830K->246807K(714752K), 0.0241705 secs] [Times: user=0.24 sys=0.00, real=0.02 secs] 
2016-09-13T20:42:29.031-0400: 281.749: [GC (Allocation Failure) [PSYoungGen: 146749K->49447K(188928K)] 365619K->274546K(713216K), 0.0142469 secs] [Times: user=0.15 sys=0.00, real=0.01 secs] 
2016-09-13T20:42:29.242-0400: 281.960: [GC (GCLocker Initiated GC) [PSYoungGen: 165828K->24864K(190464K)] 397002K->257716K(714752K), 0.0085250 secs] [Times: user=0.05 sys=0.01, real=0.01 secs] 
2016-09-13T20:42:29.415-0400: 282.134: [GC (GCLocker Initiated GC) [PSYoungGen: 144160K->14291K(190464K)] 383143K->253331K(714752K), 0.0415796 secs] [Times: user=0.37 sys=0.01, real=0.05 secs] 
2016-09-13T20:42:29.646-0400: 282.365: [GC (GCLocker Initiated GC) [PSYoungGen: 135123K->23281K(190976K)] 380302K->277836K(715264K), 0.0290146 secs] [Times: user=0.30 sys=0.00, real=0.03 secs] 
2016-09-13T20:42:29.853-0400: 282.571: [GC (GCLocker Initiated GC) [PSYoungGen: 144113K->50896K(187392K)] 401737K->310249K(711680K), 0.0068184 secs] [Times: user=0.05 sys=0.00, real=0.01 secs] 
2016-09-13T20:42:30.017-0400: 282.736: [GC (GCLocker Initiated GC) [PSYoungGen: 169680K->6947K(125952K)] 436827K->281917K(650240K), 0.0258706 secs] [Times: user=0.29 sys=0.00, real=0.02 secs] 
2016-09-13T20:42:30.213-0400: 282.931: [GC (GCLocker Initiated GC) [PSYoungGen: 125731K->24892K(192512K)] 402284K->301646K(716800K), 0.0097424 secs] [Times: user=0.10 sys=0.00, real=0.01 secs] 
2016-09-13T20:42:30.401-0400: 283.120: [GC (Allocation Failure) [PSYoungGen: 144700K->14323K(134144K)] 427540K->298786K(658432K), 0.0059792 secs] [Times: user=0.06 sys=0.00, real=0.00 secs] 
2016-09-13T20:42:30.618-0400: 283.337: [GC (GCLocker Initiated GC) [PSYoungGen: 134131K->46404K(185856K)] 418600K->331074K(710144K), 0.0146804 secs] [Times: user=0.19 sys=0.00, real=0.01 secs] 
2016-09-13T20:42:30.804-0400: 283.523: [GC (GCLocker Initiated GC) [PSYoungGen: 163652K->14457K(188416K)] 455938K->311525K(712704K), 0.0157503 secs] [Times: user=0.21 sys=0.00, real=0.02 secs] 
2016-09-13T20:42:31.005-0400: 283.724: [GC (GCLocker Initiated GC) [PSYoungGen: 131705K->25056K(182784K)] 434871K->328578K(707072K), 0.0039157 secs] [Times: user=0.04 sys=0.00, real=0.01 secs] 
2016-09-13T20:42:31.207-0400: 283.926: [GC (GCLocker Initiated GC) [PSYoungGen: 145888K->46383K(187392K)] 449661K->360970K(711680K), 0.0083584 secs] [Times: user=0.10 sys=0.01, real=0.02 secs] 
2016-09-13T20:42:31.414-0400: 284.133: [GC (GCLocker Initiated GC) [PSYoungGen: 167215K->14330K(194048K)] 489421K->336707K(718336K), 0.0097088 secs] [Times: user=0.11 sys=0.00, real=0.01 secs] 
2016-09-13T20:42:31.611-0400: 284.330: [GC (GCLocker Initiated GC) [PSYoungGen: 138746K->42127K(192512K)] 464384K->367935K(716800K), 0.0222773 secs] [Times: user=0.26 sys=0.00, real=0.02 secs] 
2016-09-13T20:42:31.822-0400: 284.541: [GC (GCLocker Initiated GC) [PSYoungGen: 166543K->32549K(188928K)] 492377K->358715K(713216K), 0.0096648 secs] [Times: user=0.09 sys=0.00, real=0.01 secs] 
2016-09-13T20:42:32.010-0400: 284.729: [GC (GCLocker Initiated GC) [PSYoungGen: 157477K->30998K(190976K)] 483827K->365087K(715264K), 0.0426396 secs] [Times: user=0.44 sys=0.00, real=0.04 secs] 
2016-09-13T20:42:32.247-0400: 284.966: [GC (GCLocker Initiated GC) [PSYoungGen: 155926K->55421K(187904K)] 490176K->389963K(712192K), 0.0138419 secs] [Times: user=0.11 sys=0.01, real=0.02 secs] 
2016-09-13T20:42:32.452-0400: 285.171: [GC (GCLocker Initiated GC) [PSYoungGen: 180349K->26409K(193536K)] 515072K->361337K(717824K), 0.0124474 secs] [Times: user=0.12 sys=0.00, real=0.01 secs] 
2016-09-13T20:42:32.636-0400: 285.354: [GC (GCLocker Initiated GC) [PSYoungGen: 151337K->26505K(186368K)] 489425K->364821K(710656K), 0.0139726 secs] [Times: user=0.12 sys=0.00, real=0.01 secs] 
2016-09-13T20:42:32.859-0400: 285.578: [GC (GCLocker Initiated GC) [PSYoungGen: 153481K->9789K(190976K)] 504241K->360767K(715264K), 0.0335802 secs] [Times: user=0.36 sys=0.00, real=0.03 secs] 
2016-09-13T20:42:33.059-0400: 285.778: [GC (GCLocker Initiated GC) [PSYoungGen: 136765K->43181K(194560K)] 489287K->395833K(718848K), 0.0062702 secs] [Times: user=0.05 sys=0.00, real=0.00 secs] 
2016-09-13T20:42:33.254-0400: 285.973: [GC (Allocation Failure) [PSYoungGen: 173229K->44512K(174592K)] 526028K->399020K(698880K), 0.0327935 secs] [Times: user=0.30 sys=0.00, real=0.03 secs] 
2016-09-13T20:42:33.479-0400: 286.198: [GC (GCLocker Initiated GC) [PSYoungGen: 174560K->46372K(191488K)] 529068K->401027K(715776K), 0.0070978 secs] [Times: user=0.08 sys=0.00, real=0.00 secs] 
2016-09-13T20:42:33.687-0400: 286.406: [GC (GCLocker Initiated GC) [PSYoungGen: 170276K->46319K(170496K)] 525101K->401417K(694784K), 0.0089433 secs] [Times: user=0.11 sys=0.00, real=0.02 secs] 
2016-09-13T20:42:33.878-0400: 286.597: [GC (Allocation Failure) [PSYoungGen: 170223K->40109K(193536K)] 525415K->395480K(717824K), 0.0186319 secs] [Times: user=0.13 sys=0.02, real=0.02 secs] 
2016-09-13T20:42:33.897-0400: 286.616: [GC (GCLocker Initiated GC) [PSYoungGen: 40292K->128K(123392K)] 395663K->401715K(647680K), 0.0085825 secs] [Times: user=0.07 sys=0.00, real=0.00 secs] 
2016-09-13T20:42:34.085-0400: 286.803: [GC (GCLocker Initiated GC) [PSYoungGen: 123008K->67736K(172032K)] 524597K->475409K(696320K), 0.0172205 secs] [Times: user=0.19 sys=0.01, real=0.02 secs] 
2016-09-13T20:42:34.255-0400: 286.973: [GC (GCLocker Initiated GC) [PSYoungGen: 168088K->40211K(181248K)] 583603K->486475K(705536K), 0.0084442 secs] [Times: user=0.07 sys=0.01, real=0.01 secs] 
2016-09-13T20:42:34.409-0400: 287.127: [GC (GCLocker Initiated GC) [PSYoungGen: 140563K->26351K(173056K)] 588496K->474506K(697344K), 0.0136022 secs] [Times: user=0.15 sys=0.00, real=0.01 secs] 
2016-09-13T20:42:34.575-0400: 287.294: [GC (GCLocker Initiated GC) [PSYoungGen: 129774K->26537K(178688K)] 579615K->482675K(702976K), 0.0070374 secs] [Times: user=0.05 sys=0.00, real=0.01 secs] 
2016-09-13T20:42:34.751-0400: 287.469: [GC (Allocation Failure) [PSYoungGen: 129961K->20398K(182272K)] 586185K->476839K(706560K), 0.0161669 secs] [Times: user=0.20 sys=0.01, real=0.01 secs] 
2016-09-13T20:42:34.930-0400: 287.649: [GC (GCLocker Initiated GC) [PSYoungGen: 134574K->27988K(185856K)] 591021K->484762K(710144K), 0.0166837 secs] [Times: user=0.16 sys=0.01, real=0.01 secs] 
2016-09-13T20:42:35.112-0400: 287.831: [GC (GCLocker Initiated GC) [PSYoungGen: 142164K->30940K(182784K)] 598960K->487906K(707072K), 0.0177692 secs] [Times: user=0.19 sys=0.00, real=0.02 secs] 
2016-09-13T20:42:35.317-0400: 288.036: [GC (GCLocker Initiated GC) [PSYoungGen: 152796K->29420K(186880K)] 609779K->488135K(711168K), 0.0167487 secs] [Times: user=0.17 sys=0.00, real=0.01 secs] 
2016-09-13T20:42:35.519-0400: 288.238: [GC (GCLocker Initiated GC) [PSYoungGen: 151276K->49224K(193536K)] 616217K->520417K(717824K), 0.0210032 secs] [Times: user=0.19 sys=0.00, real=0.02 secs] 
2016-09-13T20:42:35.707-0400: 288.426: [GC (GCLocker Initiated GC) [PSYoungGen: 180296K->41625K(196608K)] 651520K->519039K(720896K), 0.0074976 secs] [Times: user=0.03 sys=0.01, real=0.01 secs] 
2016-09-13T20:42:35.933-0400: 288.652: [GC (Allocation Failure) [PSYoungGen: 172697K->23308K(194560K)] 650432K->502736K(718848K), 0.0286737 secs] [Times: user=0.32 sys=0.00, real=0.03 secs] 
2016-09-13T20:42:36.149-0400: 288.867: [GC (GCLocker Initiated GC) [PSYoungGen: 154380K->33940K(195584K)] 633808K->513538K(719872K), 0.0149970 secs] [Times: user=0.13 sys=0.00, real=0.01 secs] 
2016-09-13T20:42:36.355-0400: 289.074: [GC (GCLocker Initiated GC) [PSYoungGen: 165012K->38628K(196608K)] 647773K->521511K(720896K), 0.0149500 secs] [Times: user=0.10 sys=0.00, real=0.02 secs] 
2016-09-13T20:42:36.591-0400: 289.310: [GC (GCLocker Initiated GC) [PSYoungGen: 173796K->23500K(195584K)] 658432K->508443K(719872K), 0.0231686 secs] [Times: user=0.23 sys=0.00, real=0.02 secs] 
2016-09-13T20:42:36.822-0400: 289.541: [GC (GCLocker Initiated GC) [PSYoungGen: 158668K->27960K(199168K)] 645313K->514822K(723456K), 0.0216178 secs] [Times: user=0.20 sys=0.00, real=0.02 secs] 
2016-09-13T20:42:37.054-0400: 289.773: [GC (GCLocker Initiated GC) [PSYoungGen: 169784K->29421K(199680K)] 662766K->527169K(723968K), 0.0123124 secs] [Times: user=0.12 sys=0.00, real=0.01 secs] 
2016-09-13T20:42:37.276-0400: 289.995: [GC (Allocation Failure) [PSYoungGen: 171245K->43153K(200704K)] 669213K->542829K(724992K), 0.0273007 secs] [Times: user=0.30 sys=0.00, real=0.02 secs] 
2016-09-13T20:42:37.531-0400: 290.250: [GC (GCLocker Initiated GC) [PSYoungGen: 188049K->47801K(193024K)] 687733K->547660K(717312K), 0.0090215 secs] [Times: user=0.10 sys=0.01, real=0.01 secs] 
2016-09-13T20:42:37.757-0400: 290.475: [GC (GCLocker Initiated GC) [PSYoungGen: 192697K->20308K(201728K)] 700355K->528057K(726016K), 0.0220723 secs] [Times: user=0.26 sys=0.00, real=0.02 secs] 
2016-09-13T20:42:38.031-0400: 290.750: [Full GC (Ergonomics) [PSYoungGen: 161620K->0K(201728K)] [ParOldGen: 513837K->39329K(524288K)] 675457K->39329K(726016K), [Metaspace: 44752K->44752K(1087488K)], 0.0601813 secs] [Times: user=0.34 sys=0.01, real=0.06 secs] 
2016-09-13T20:42:38.291-0400: 291.010: [GC (GCLocker Initiated GC) [PSYoungGen: 141312K->56906K(198656K)] 188454K->104049K(722944K), 0.0177815 secs] [Times: user=0.15 sys=0.00, real=0.02 secs] 
2016-09-13T20:42:38.484-0400: 291.203: [GC (GCLocker Initiated GC) [PSYoungGen: 198218K->43584K(192512K)] 247048K->133871K(716800K), 0.0126250 secs] [Times: user=0.16 sys=0.00, real=0.02 secs] 
2016-09-13T20:42:38.688-0400: 291.407: [GC (Allocation Failure) [PSYoungGen: 172608K->38470K(195584K)] 262941K->132085K(719872K), 0.0113242 secs] [Times: user=0.13 sys=0.00, real=0.01 secs] 
2016-09-13T20:42:38.887-0400: 291.606: [GC (GCLocker Initiated GC) [PSYoungGen: 165441K->23405K(194048K)] 265130K->123201K(718336K), 0.0128993 secs] [Times: user=0.12 sys=0.01, real=0.02 secs] 
2016-09-13T20:42:39.096-0400: 291.814: [GC (Allocation Failure) [PSYoungGen: 154989K->47928K(195072K)] 261058K->154085K(719360K), 0.0125682 secs] [Times: user=0.16 sys=0.00, real=0.01 secs] 
2016-09-13T20:42:39.339-0400: 292.058: [GC (GCLocker Initiated GC) [PSYoungGen: 178877K->9805K(193536K)] 286553K->117722K(717824K), 0.0171578 secs] [Times: user=0.17 sys=0.00, real=0.02 secs] 
2016-09-13T20:42:39.541-0400: 292.260: [GC (GCLocker Initiated GC) [PSYoungGen: 137805K->23490K(195072K)] 251913K->137687K(719360K), 0.0106594 secs] [Times: user=0.07 sys=0.00, real=0.01 secs] 
2016-09-13T20:42:39.747-0400: 292.465: [GC (GCLocker Initiated GC) [PSYoungGen: 151490K->5530K(193536K)] 270419K->124696K(717824K), 0.0098859 secs] [Times: user=0.08 sys=0.01, real=0.02 secs] 
2016-09-13T20:42:39.948-0400: 292.667: [GC (GCLocker Initiated GC) [PSYoungGen: 133530K->27710K(156160K)] 252947K->147313K(680448K), 0.0305966 secs] [Times: user=0.16 sys=0.01, real=0.03 secs] 
2016-09-13T20:42:40.215-0400: 292.934: [GC (GCLocker Initiated GC) [PSYoungGen: 155710K->41602K(192512K)] 277013K->163020K(716800K), 0.0059660 secs] [Times: user=0.04 sys=0.01, real=0.01 secs] 
2016-09-13T20:42:40.397-0400: 293.116: [GC (GCLocker Initiated GC) [PSYoungGen: 170114K->28246K(193536K)] 291537K->149911K(717824K), 0.0099092 secs] [Times: user=0.13 sys=0.00, real=0.00 secs] 
2016-09-13T20:42:40.617-0400: 293.336: [GC (GCLocker Initiated GC) [PSYoungGen: 156758K->53817K(188928K)] 286169K->183351K(713216K), 0.0124674 secs] [Times: user=0.16 sys=0.00, real=0.01 secs] 
2016-09-13T20:42:40.812-0400: 293.531: [GC (GCLocker Initiated GC) [PSYoungGen: 180793K->32741K(194560K)] 312037K->164089K(718848K), 0.0097329 secs] [Times: user=0.10 sys=0.00, real=0.01 secs] 
2016-09-13T20:42:41.042-0400: 293.761: [GC (GCLocker Initiated GC) [PSYoungGen: 159717K->38937K(190464K)] 292832K->172183K(714752K), 0.0345787 secs] [Times: user=0.35 sys=0.00, real=0.04 secs] 
2016-09-13T20:42:41.243-0400: 293.962: [GC (GCLocker Initiated GC) [PSYoungGen: 169497K->37270K(193536K)] 302823K->170983K(717824K), 0.0059464 secs] [Times: user=0.07 sys=0.01, real=0.01 secs] 
2016-09-13T20:42:41.457-0400: 294.176: [GC (GCLocker Initiated GC) [PSYoungGen: 167830K->5142K(196608K)] 315401K->152760K(720896K), 0.0273438 secs] [Times: user=0.19 sys=0.01, real=0.02 secs] 
2016-09-13T20:42:41.694-0400: 294.413: [GC (GCLocker Initiated GC) [PSYoungGen: 140310K->43344K(178688K)] 288185K->191446K(702976K), 0.0230243 secs] [Times: user=0.26 sys=0.01, real=0.03 secs] 
2016-09-13T20:42:41.895-0400: 294.613: [GC (GCLocker Initiated GC) [PSYoungGen: 178512K->54003K(187904K)] 328163K->203832K(712192K), 0.0069103 secs] [Times: user=0.03 sys=0.00, real=0.01 secs] 
2016-09-13T20:42:42.102-0400: 294.821: [GC (GCLocker Initiated GC) [PSYoungGen: 176883K->32714K(192512K)] 340419K->210191K(716800K), 0.0068770 secs] [Times: user=0.09 sys=0.00, real=0.01 secs] 
2016-09-13T20:42:42.324-0400: 295.043: [GC (GCLocker Initiated GC) [PSYoungGen: 155594K->29292K(185856K)] 333117K->210006K(710144K), 0.0153036 secs] [Times: user=0.09 sys=0.00, real=0.02 secs] 
2016-09-13T20:42:42.533-0400: 295.251: [GC (GCLocker Initiated GC) [PSYoungGen: 155244K->37106K(189952K)] 335981K->222690K(714240K), 0.0065618 secs] [Times: user=0.06 sys=0.00, real=0.01 secs] 
2016-09-13T20:42:42.709-0400: 295.428: [GC (GCLocker Initiated GC) [PSYoungGen: 163058K->60291K(186368K)] 348671K->247583K(710656K), 0.0085887 secs] [Times: user=0.10 sys=0.00, real=0.01 secs] 
2016-09-13T20:42:42.909-0400: 295.628: [GC (GCLocker Initiated GC) [PSYoungGen: 184195K->66031K(189952K)] 371685K->261497K(714240K), 0.0107173 secs] [Times: user=0.15 sys=0.00, real=0.01 secs] 
2016-09-13T20:43:06.442-0400: 319.161: [GC (Allocation Failure) [PSYoungGen: 189935K->5062K(176640K)] 385403K->200660K(700928K), 0.0253070 secs] [Times: user=0.21 sys=0.01, real=0.02 secs] 
