Java HotSpot(TM) 64-Bit Server VM (25.77-b03) for linux-amd64 JRE (1.8.0_77-b03), built on Mar 20 2016 22:00:46 by "java_re" with gcc 4.3.0 20080428 (Red Hat 4.3.0-8)
Memory: 4k page, physical 264122324k(97706844k free), swap 268399612k(268246072k free)
CommandLine flags: -XX:GCLogFileSize=1048576 -XX:+HeapDumpOnOutOfMemoryError -XX:HeapDumpPath=artifacts/heapdump -XX:InitialHeapSize=805306368 -XX:MaxHeapSize=805306368 -XX:NumberOfGCLogFiles=10 -XX:+PrintGC -XX:+PrintGCDateStamps -XX:+PrintGCDetails -XX:+PrintGCTimeStamps -XX:+UseCompressedClassPointers -XX:+UseCompressedOops -XX:+UseGCLogFileRotation -XX:+UseParallelGC 
2016-09-13T19:40:41.760-0400: 2.235: [GC (Metadata GC Threshold) [PSYoungGen: 121898K->15590K(229376K)] 121898K->15678K(753664K), 0.0192419 secs] [Times: user=0.11 sys=0.01, real=0.02 secs] 
2016-09-13T19:40:41.779-0400: 2.254: [Full GC (Metadata GC Threshold) [PSYoungGen: 15590K->0K(229376K)] [ParOldGen: 88K->14598K(349184K)] 15678K->14598K(578560K), [Metaspace: 21054K->21054K(1067008K)], 0.0437450 secs] [Times: user=0.24 sys=0.05, real=0.04 secs] 
2016-09-13T19:40:50.737-0400: 11.213: [GC (Metadata GC Threshold) [PSYoungGen: 121278K->14807K(229376K)] 135877K->29542K(578560K), 0.0311701 secs] [Times: user=0.24 sys=0.01, real=0.03 secs] 
2016-09-13T19:40:50.769-0400: 11.244: [Full GC (Metadata GC Threshold) [PSYoungGen: 14807K->0K(229376K)] [ParOldGen: 14734K->20209K(524288K)] 29542K->20209K(753664K), [Metaspace: 34906K->34906K(1079296K)], 0.0516884 secs] [Times: user=0.31 sys=0.02, real=0.05 secs] 
2016-09-13T19:40:52.326-0400: 12.801: [GC (GCLocker Initiated GC) [PSYoungGen: 191293K->30758K(229376K)] 217578K->75275K(753664K), 0.0400508 secs] [Times: user=0.51 sys=0.00, real=0.04 secs] 
2016-09-13T19:40:52.743-0400: 13.218: [GC (GCLocker Initiated GC) [PSYoungGen: 227366K->29658K(229376K)] 272250K->98850K(753664K), 0.0230751 secs] [Times: user=0.31 sys=0.00, real=0.02 secs] 
2016-09-13T19:40:53.099-0400: 13.574: [GC (GCLocker Initiated GC) [PSYoungGen: 226266K->28357K(225280K)] 297337K->117662K(749568K), 0.0293589 secs] [Times: user=0.31 sys=0.01, real=0.03 secs] 
2016-09-13T19:40:53.476-0400: 13.951: [GC (GCLocker Initiated GC) [PSYoungGen: 224965K->34971K(216064K)] 316144K->150458K(740352K), 0.0187405 secs] [Times: user=0.22 sys=0.01, real=0.01 secs] 
2016-09-13T19:40:53.759-0400: 14.235: [GC (GCLocker Initiated GC) [PSYoungGen: 214171K->36751K(216064K)] 331479K->160143K(740352K), 0.0161690 secs] [Times: user=0.17 sys=0.01, real=0.02 secs] 
2016-09-13T19:40:54.105-0400: 14.580: [GC (GCLocker Initiated GC) [PSYoungGen: 215951K->20230K(218112K)] 347020K->172921K(742400K), 0.0408333 secs] [Times: user=0.40 sys=0.03, real=0.04 secs] 
2016-09-13T19:40:54.504-0400: 14.979: [GC (GCLocker Initiated GC) [PSYoungGen: 193286K->19729K(193024K)] 353596K->180932K(717312K), 0.0091293 secs] [Times: user=0.08 sys=0.00, real=0.01 secs] 
2016-09-13T19:40:54.902-0400: 15.377: [GC (GCLocker Initiated GC) [PSYoungGen: 192785K->39506K(211456K)] 360162K->207675K(735744K), 0.0150817 secs] [Times: user=0.13 sys=0.01, real=0.02 secs] 
2016-09-13T19:40:55.358-0400: 15.833: [GC (Allocation Failure) [PSYoungGen: 207442K->691K(168960K)] 383289K->177597K(693248K), 0.0069717 secs] [Times: user=0.02 sys=0.02, real=0.00 secs] 
2016-09-13T19:40:55.703-0400: 16.179: [GC (GCLocker Initiated GC) [PSYoungGen: 168405K->38608K(206848K)] 346831K->217450K(731136K), 0.0268136 secs] [Times: user=0.22 sys=0.02, real=0.03 secs] 
2016-09-13T19:40:56.073-0400: 16.548: [GC (GCLocker Initiated GC) [PSYoungGen: 196304K->767K(158720K)] 387511K->192390K(683008K), 0.0081105 secs] [Times: user=0.07 sys=0.01, real=0.01 secs] 
2016-09-13T19:40:56.426-0400: 16.901: [GC (Allocation Failure) [PSYoungGen: 158463K->18929K(210432K)] 350222K->211119K(734720K), 0.0158259 secs] [Times: user=0.16 sys=0.01, real=0.02 secs] 
2016-09-13T19:40:56.807-0400: 17.282: [GC (GCLocker Initiated GC) [PSYoungGen: 175601K->21945K(178688K)] 367797K->214605K(702976K), 0.0081614 secs] [Times: user=0.07 sys=0.00, real=0.01 secs] 
2016-09-13T19:40:57.108-0400: 17.584: [GC (GCLocker Initiated GC) [PSYoungGen: 178617K->46724K(198656K)] 371425K->239855K(722944K), 0.0055953 secs] [Times: user=0.04 sys=0.01, real=0.00 secs] 
2016-09-13T19:40:57.272-0400: 17.747: [GC (GCLocker Initiated GC) [PSYoungGen: 196740K->50964K(201216K)] 390064K->252428K(725504K), 0.0095814 secs] [Times: user=0.06 sys=0.00, real=0.01 secs] 
2016-09-13T19:40:57.460-0400: 17.935: [GC (GCLocker Initiated GC) [PSYoungGen: 200980K->47832K(192000K)] 402488K->249739K(716288K), 0.0240193 secs] [Times: user=0.29 sys=0.00, real=0.02 secs] 
2016-09-13T19:40:57.649-0400: 18.124: [GC (GCLocker Initiated GC) [PSYoungGen: 178904K->8562K(196608K)] 393139K->236738K(720896K), 0.0051488 secs] [Times: user=0.04 sys=0.00, real=0.00 secs] 
2016-09-13T19:40:57.831-0400: 18.306: [GC (Allocation Failure) [PSYoungGen: 139634K->30971K(192512K)] 368061K->259768K(716800K), 0.0108160 secs] [Times: user=0.12 sys=0.00, real=0.01 secs] 
2016-09-13T19:40:58.002-0400: 18.478: [GC (GCLocker Initiated GC) [PSYoungGen: 161874K->17175K(194560K)] 396746K->252244K(718848K), 0.0121546 secs] [Times: user=0.11 sys=0.00, real=0.01 secs] 
2016-09-13T19:40:58.176-0400: 18.651: [GC (GCLocker Initiated GC) [PSYoungGen: 148247K->37169K(198144K)] 383455K->272598K(722432K), 0.0092989 secs] [Times: user=0.09 sys=0.00, real=0.00 secs] 
2016-09-13T19:40:58.373-0400: 18.848: [GC (GCLocker Initiated GC) [PSYoungGen: 173873K->34035K(198656K)] 410846K->271272K(722944K), 0.0098725 secs] [Times: user=0.09 sys=0.00, real=0.01 secs] 
2016-09-13T19:40:58.542-0400: 19.017: [GC (GCLocker Initiated GC) [PSYoungGen: 170739K->28056K(194560K)] 408163K->281034K(718848K), 0.0092727 secs] [Times: user=0.08 sys=0.00, real=0.01 secs] 
2016-09-13T19:40:58.729-0400: 19.204: [GC (GCLocker Initiated GC) [PSYoungGen: 167320K->54131K(197120K)] 420321K->312038K(721408K), 0.0145035 secs] [Times: user=0.18 sys=0.04, real=0.01 secs] 
2016-09-13T19:40:58.926-0400: 19.401: [GC (GCLocker Initiated GC) [PSYoungGen: 193395K->61601K(182272K)] 451386K->329079K(706560K), 0.0072137 secs] [Times: user=0.10 sys=0.00, real=0.01 secs] 
2016-09-13T19:40:59.091-0400: 19.566: [GC (Allocation Failure) [PSYoungGen: 179361K->32709K(189952K)] 452934K->306566K(714240K), 0.0193435 secs] [Times: user=0.30 sys=0.00, real=0.02 secs] 
2016-09-13T19:40:59.264-0400: 19.739: [GC (GCLocker Initiated GC) [PSYoungGen: 150467K->50998K(187392K)] 424327K->334258K(711680K), 0.0079334 secs] [Times: user=0.10 sys=0.00, real=0.01 secs] 
2016-09-13T19:40:59.420-0400: 19.895: [GC (GCLocker Initiated GC) [PSYoungGen: 169782K->37238K(190464K)] 453091K->325416K(714752K), 0.0101020 secs] [Times: user=0.14 sys=0.01, real=0.01 secs] 
2016-09-13T19:40:59.587-0400: 20.062: [GC (GCLocker Initiated GC) [PSYoungGen: 156022K->51065K(187904K)] 445931K->341290K(712192K), 0.0069473 secs] [Times: user=0.10 sys=0.00, real=0.01 secs] 
2016-09-13T19:40:59.725-0400: 20.200: [GC (GCLocker Initiated GC) [PSYoungGen: 170361K->52389K(172032K)] 460768K->342993K(696320K), 0.0096242 secs] [Times: user=0.10 sys=0.00, real=0.01 secs] 
2016-09-13T19:40:59.900-0400: 20.376: [GC (GCLocker Initiated GC) [PSYoungGen: 171685K->43312K(190464K)] 470071K->344992K(714752K), 0.0121653 secs] [Times: user=0.15 sys=0.00, real=0.01 secs] 
2016-09-13T19:41:00.058-0400: 20.533: [GC (GCLocker Initiated GC) [PSYoungGen: 160560K->50966K(188928K)] 462464K->353138K(713216K), 0.0070730 secs] [Times: user=0.09 sys=0.00, real=0.00 secs] 
2016-09-13T19:41:00.216-0400: 20.691: [GC (GCLocker Initiated GC) [PSYoungGen: 168214K->24828K(189952K)] 470407K->328786K(714240K), 0.0097563 secs] [Times: user=0.09 sys=0.00, real=0.00 secs] 
2016-09-13T19:41:00.371-0400: 20.846: [GC (GCLocker Initiated GC) [PSYoungGen: 142076K->34079K(151552K)] 446065K->347477K(675840K), 0.0180702 secs] [Times: user=0.26 sys=0.00, real=0.02 secs] 
2016-09-13T19:41:00.536-0400: 21.011: [GC (GCLocker Initiated GC) [PSYoungGen: 151327K->52427K(184832K)] 464781K->373692K(709120K), 0.0082696 secs] [Times: user=0.12 sys=0.00, real=0.00 secs] 
2016-09-13T19:41:00.700-0400: 21.175: [GC (GCLocker Initiated GC) [PSYoungGen: 167627K->28311K(186880K)] 504333K->374367K(711168K), 0.0059637 secs] [Times: user=0.08 sys=0.00, real=0.00 secs] 
2016-09-13T19:41:00.858-0400: 21.333: [GC (GCLocker Initiated GC) [PSYoungGen: 143511K->47992K(189440K)] 489788K->394612K(713728K), 0.0084509 secs] [Times: user=0.09 sys=0.01, real=0.00 secs] 
2016-09-13T19:41:01.021-0400: 21.496: [GC (GCLocker Initiated GC) [PSYoungGen: 167800K->35719K(155648K)] 514445K->382684K(679936K), 0.0060914 secs] [Times: user=0.06 sys=0.00, real=0.00 secs] 
2016-09-13T19:41:01.173-0400: 21.649: [GC (GCLocker Initiated GC) [PSYoungGen: 155527K->30971K(190976K)] 502736K->383051K(715264K), 0.0065980 secs] [Times: user=0.06 sys=0.00, real=0.01 secs] 
2016-09-13T19:41:01.344-0400: 21.819: [GC (GCLocker Initiated GC) [PSYoungGen: 153851K->23658K(189952K)] 516766K->386841K(714240K), 0.0052026 secs] [Times: user=0.05 sys=0.00, real=0.01 secs] 
2016-09-13T19:41:01.510-0400: 21.985: [GC (GCLocker Initiated GC) [PSYoungGen: 146538K->37141K(190464K)] 509771K->400638K(714752K), 0.0058607 secs] [Times: user=0.05 sys=0.01, real=0.01 secs] 
2016-09-13T19:41:03.931-0400: 24.407: [GC (GCLocker Initiated GC) [PSYoungGen: 165653K->49415K(192000K)] 529170K->417764K(716288K), 0.0123457 secs] [Times: user=0.14 sys=0.01, real=0.01 secs] 
2016-09-13T19:41:04.104-0400: 24.579: [GC (GCLocker Initiated GC) [PSYoungGen: 177927K->38784K(195584K)] 552376K->419700K(719872K), 0.0075015 secs] [Times: user=0.08 sys=0.00, real=0.01 secs] 
2016-09-13T19:41:04.267-0400: 24.742: [GC (Allocation Failure) [PSYoungGen: 171904K->38533K(196096K)] 552945K->439573K(720384K), 0.0222480 secs] [Times: user=0.19 sys=0.00, real=0.03 secs] 
2016-09-13T19:41:04.455-0400: 24.931: [GC (GCLocker Initiated GC) [PSYoungGen: 171653K->58654K(190976K)] 572702K->540529K(715264K), 0.0148472 secs] [Times: user=0.17 sys=0.02, real=0.02 secs] 
2016-09-13T19:41:04.470-0400: 24.946: [Full GC (Ergonomics) [PSYoungGen: 58654K->0K(190976K)] [ParOldGen: 481874K->48239K(524288K)] 540529K->48239K(715264K), [Metaspace: 44089K->44089K(1087488K)], 0.2450361 secs] [Times: user=2.77 sys=0.06, real=0.24 secs] 
2016-09-13T19:41:04.851-0400: 25.326: [GC (GCLocker Initiated GC) [PSYoungGen: 130048K->64889K(195072K)] 178407K->143623K(719360K), 0.0103932 secs] [Times: user=0.10 sys=0.03, real=0.01 secs] 
2016-09-13T19:41:05.008-0400: 25.483: [GC (GCLocker Initiated GC) [PSYoungGen: 194937K->66185K(172544K)] 273893K->214010K(696832K), 0.0165827 secs] [Times: user=0.20 sys=0.02, real=0.01 secs] 
2016-09-13T19:41:05.148-0400: 25.623: [GC (GCLocker Initiated GC) [PSYoungGen: 171657K->61474K(167424K)] 321026K->236981K(691712K), 0.0132190 secs] [Times: user=0.10 sys=0.00, real=0.01 secs] 
2016-09-13T19:41:05.292-0400: 25.767: [GC (GCLocker Initiated GC) [PSYoungGen: 166946K->61597K(177152K)] 350180K->278552K(701440K), 0.0100962 secs] [Times: user=0.08 sys=0.01, real=0.01 secs] 
2016-09-13T19:41:05.426-0400: 25.901: [GC (GCLocker Initiated GC) [PSYoungGen: 157853K->37301K(179200K)] 374867K->313858K(703488K), 0.0206586 secs] [Times: user=0.21 sys=0.01, real=0.02 secs] 
2016-09-13T19:41:05.540-0400: 26.015: [GC (GCLocker Initiated GC) [PSYoungGen: 133557K->50656K(174592K)] 410324K->364220K(698880K), 0.0103282 secs] [Times: user=0.09 sys=0.00, real=0.01 secs] 
2016-09-13T19:41:05.663-0400: 26.138: [GC (GCLocker Initiated GC) [PSYoungGen: 148448K->49510K(177152K)] 463609K->407359K(701440K), 0.0227619 secs] [Times: user=0.23 sys=0.00, real=0.02 secs] 
2016-09-13T19:41:05.820-0400: 26.295: [GC (GCLocker Initiated GC) [PSYoungGen: 147302K->49319K(178688K)] 512906K->453227K(702976K), 0.0266548 secs] [Times: user=0.25 sys=0.00, real=0.02 secs] 
2016-09-13T19:41:05.985-0400: 26.460: [GC (GCLocker Initiated GC) [PSYoungGen: 155303K->38667K(180736K)] 560785K->505291K(705024K), 0.0259417 secs] [Times: user=0.26 sys=0.02, real=0.03 secs] 
2016-09-13T19:41:06.011-0400: 26.486: [Full GC (Ergonomics) [PSYoungGen: 38667K->0K(180736K)] [ParOldGen: 466623K->35347K(524288K)] 505291K->35347K(705024K), [Metaspace: 44103K->44103K(1087488K)], 0.0634858 secs] [Times: user=0.39 sys=0.01, real=0.06 secs] 
2016-09-13T19:41:06.191-0400: 26.666: [GC (GCLocker Initiated GC) [PSYoungGen: 105984K->68086K(178176K)] 141490K->140043K(702464K), 0.0105654 secs] [Times: user=0.12 sys=0.00, real=0.01 secs] 
2016-09-13T19:41:06.343-0400: 26.818: [GC (GCLocker Initiated GC) [PSYoungGen: 172534K->40213K(183296K)] 258399K->169310K(707584K), 0.0214633 secs] [Times: user=0.19 sys=0.00, real=0.02 secs] 
2016-09-13T19:41:06.488-0400: 26.963: [GC (GCLocker Initiated GC) [PSYoungGen: 144661K->72131K(172544K)] 273977K->213802K(696832K), 0.0181746 secs] [Times: user=0.19 sys=0.01, real=0.01 secs] 
2016-09-13T19:41:06.634-0400: 27.109: [GC (GCLocker Initiated GC) [PSYoungGen: 167363K->66221K(161792K)] 310582K->246274K(686080K), 0.0098915 secs] [Times: user=0.14 sys=0.00, real=0.01 secs] 
2016-09-13T19:41:06.774-0400: 27.250: [GC (GCLocker Initiated GC) [PSYoungGen: 161453K->64639K(174080K)] 346247K->286215K(698368K), 0.0120125 secs] [Times: user=0.13 sys=0.00, real=0.01 secs] 
2016-09-13T19:41:07.564-0400: 28.039: [GC (GCLocker Initiated GC) [PSYoungGen: 152703K->82927K(175104K)] 382116K->336948K(699392K), 0.0225802 secs] [Times: user=0.20 sys=0.01, real=0.02 secs] 
2016-09-13T19:41:07.717-0400: 28.193: [GC (GCLocker Initiated GC) [PSYoungGen: 170991K->34099K(175104K)] 431193K->343169K(699392K), 0.0099569 secs] [Times: user=0.08 sys=0.00, real=0.00 secs] 
2016-09-13T19:41:07.844-0400: 28.319: [GC (GCLocker Initiated GC) [PSYoungGen: 122163K->53725K(175104K)] 431339K->382908K(699392K), 0.0136890 secs] [Times: user=0.13 sys=0.00, real=0.02 secs] 
2016-09-13T19:41:07.970-0400: 28.445: [GC (GCLocker Initiated GC) [PSYoungGen: 141789K->56982K(175104K)] 471127K->422988K(699392K), 0.0103831 secs] [Times: user=0.11 sys=0.00, real=0.01 secs] 
2016-09-13T19:41:08.079-0400: 28.555: [GC (GCLocker Initiated GC) [PSYoungGen: 145046K->67644K(175104K)] 511113K->471965K(699392K), 0.0104299 secs] [Times: user=0.12 sys=0.00, real=0.01 secs] 
2016-09-13T19:41:08.193-0400: 28.668: [GC (GCLocker Initiated GC) [PSYoungGen: 155708K->55394K(174080K)] 560210K->492144K(698368K), 0.0095837 secs] [Times: user=0.09 sys=0.00, real=0.01 secs] 
2016-09-13T19:41:08.281-0400: 28.756: [GC (GCLocker Initiated GC) [PSYoungGen: 143458K->67426K(174592K)] 581808K->542522K(698880K), 0.0108191 secs] [Times: user=0.10 sys=0.00, real=0.01 secs] 
2016-09-13T19:41:08.292-0400: 28.767: [Full GC (Ergonomics) [PSYoungGen: 67426K->0K(174592K)] [ParOldGen: 475095K->45945K(524288K)] 542522K->45945K(698880K), [Metaspace: 44117K->44117K(1087488K)], 0.0497163 secs] [Times: user=0.25 sys=0.01, real=0.05 secs] 
2016-09-13T19:41:08.441-0400: 28.916: [GC (GCLocker Initiated GC) [PSYoungGen: 88064K->82927K(175104K)] 134051K->128914K(699392K), 0.0123947 secs] [Times: user=0.10 sys=0.00, real=0.01 secs] 
2016-09-13T19:41:08.538-0400: 29.013: [GC (GCLocker Initiated GC) [PSYoungGen: 170991K->70651K(175104K)] 217006K->161295K(699392K), 0.0101411 secs] [Times: user=0.10 sys=0.01, real=0.01 secs] 
2016-09-13T19:41:08.637-0400: 29.112: [GC (GCLocker Initiated GC) [PSYoungGen: 158715K->84474K(175104K)] 249653K->216765K(699392K), 0.0198558 secs] [Times: user=0.27 sys=0.00, real=0.02 secs] 
2016-09-13T19:41:08.743-0400: 29.218: [GC (GCLocker Initiated GC) [PSYoungGen: 172538K->81346K(175104K)] 304999K->253673K(699392K), 0.0156134 secs] [Times: user=0.23 sys=0.01, real=0.02 secs] 
2016-09-13T19:41:08.854-0400: 29.329: [GC (GCLocker Initiated GC) [PSYoungGen: 169410K->81346K(175104K)] 341946K->290585K(699392K), 0.0118036 secs] [Times: user=0.19 sys=0.00, real=0.01 secs] 
2016-09-13T19:41:08.985-0400: 29.460: [GC (GCLocker Initiated GC) [PSYoungGen: 169410K->47805K(175104K)] 390821K->312066K(699392K), 0.0100191 secs] [Times: user=0.14 sys=0.00, real=0.01 secs] 
2016-09-13T19:41:09.108-0400: 29.583: [GC (GCLocker Initiated GC) [PSYoungGen: 135869K->52458K(175104K)] 400169K->361117K(699392K), 0.0104143 secs] [Times: user=0.14 sys=0.01, real=0.01 secs] 
2016-09-13T19:41:09.222-0400: 29.697: [GC (GCLocker Initiated GC) [PSYoungGen: 140522K->60205K(175104K)] 464483K->413362K(699392K), 0.0098618 secs] [Times: user=0.13 sys=0.00, real=0.01 secs] 
2016-09-13T19:41:09.335-0400: 29.810: [GC (GCLocker Initiated GC) [PSYoungGen: 148269K->73465K(175104K)] 501537K->451333K(699392K), 0.0120219 secs] [Times: user=0.15 sys=0.00, real=0.01 secs] 
2016-09-13T19:41:09.449-0400: 29.924: [GC (GCLocker Initiated GC) [PSYoungGen: 161529K->61442K(175104K)] 539714K->476298K(699392K), 0.0191657 secs] [Times: user=0.22 sys=0.01, real=0.02 secs] 
2016-09-13T19:41:09.569-0400: 30.044: [GC (Allocation Failure) [PSYoungGen: 149506K->47868K(175104K)] 566177K->501281K(699392K), 0.0174808 secs] [Times: user=0.17 sys=0.00, real=0.01 secs] 
2016-09-13T19:41:09.709-0400: 30.184: [GC (GCLocker Initiated GC) [PSYoungGen: 132897K->75143K(175104K)] 592384K->571322K(699392K), 0.0122757 secs] [Times: user=0.15 sys=0.00, real=0.01 secs] 
2016-09-13T19:41:09.721-0400: 30.197: [Full GC (Ergonomics) [PSYoungGen: 75143K->0K(175104K)] [ParOldGen: 496178K->42676K(524288K)] 571322K->42676K(699392K), [Metaspace: 44163K->44163K(1087488K)], 0.0541613 secs] [Times: user=0.36 sys=0.01, real=0.06 secs] 
2016-09-13T19:41:09.897-0400: 30.372: [GC (GCLocker Initiated GC) [PSYoungGen: 88064K->76752K(175104K)] 132387K->121084K(699392K), 0.0158493 secs] [Times: user=0.22 sys=0.00, real=0.01 secs] 
2016-09-13T19:41:10.022-0400: 30.497: [GC (GCLocker Initiated GC) [PSYoungGen: 164816K->50714K(175104K)] 215266K->143970K(699392K), 0.0119371 secs] [Times: user=0.14 sys=0.00, real=0.01 secs] 
2016-09-13T19:41:10.134-0400: 30.609: [GC (GCLocker Initiated GC) [PSYoungGen: 138778K->46441K(175104K)] 244318K->191859K(699392K), 0.0191024 secs] [Times: user=0.25 sys=0.00, real=0.02 secs] 
2016-09-13T19:41:10.252-0400: 30.727: [GC (GCLocker Initiated GC) [PSYoungGen: 134505K->82770K(175104K)] 280149K->257593K(699392K), 0.0115936 secs] [Times: user=0.18 sys=0.01, real=0.01 secs] 
2016-09-13T19:41:10.371-0400: 30.846: [GC (GCLocker Initiated GC) [PSYoungGen: 170834K->63396K(175104K)] 347387K->278195K(699392K), 0.0106462 secs] [Times: user=0.15 sys=0.01, real=0.01 secs] 
2016-09-13T19:41:10.485-0400: 30.960: [GC (GCLocker Initiated GC) [PSYoungGen: 151460K->67453K(175104K)] 366366K->319167K(699392K), 0.0313039 secs] [Times: user=0.40 sys=0.00, real=0.04 secs] 
2016-09-13T19:41:10.624-0400: 31.099: [GC (GCLocker Initiated GC) [PSYoungGen: 155517K->11100K(175104K)] 407319K->301096K(699392K), 0.0134939 secs] [Times: user=0.11 sys=0.00, real=0.02 secs] 
2016-09-13T19:41:10.747-0400: 31.222: [GC (GCLocker Initiated GC) [PSYoungGen: 99164K->46255K(175104K)] 389207K->354701K(699392K), 0.0132008 secs] [Times: user=0.17 sys=0.01, real=0.02 secs] 
2016-09-13T19:41:10.875-0400: 31.350: [GC (GCLocker Initiated GC) [PSYoungGen: 134319K->82743K(175104K)] 448864K->446083K(699392K), 0.0135787 secs] [Times: user=0.24 sys=0.00, real=0.02 secs] 
2016-09-13T19:41:10.992-0400: 31.468: [GC (GCLocker Initiated GC) [PSYoungGen: 170807K->66122K(175104K)] 534186K->475298K(699392K), 0.0133323 secs] [Times: user=0.20 sys=0.00, real=0.01 secs] 
2016-09-13T19:41:11.107-0400: 31.582: [GC (GCLocker Initiated GC) [PSYoungGen: 154186K->66126K(175104K)] 564908K->504504K(699392K), 0.0124891 secs] [Times: user=0.16 sys=0.00, real=0.02 secs] 
2016-09-13T19:41:11.216-0400: 31.691: [GC (GCLocker Initiated GC) [PSYoungGen: 154190K->61374K(175104K)] 592626K->510667K(699392K), 0.0109166 secs] [Times: user=0.12 sys=0.01, real=0.00 secs] 
2016-09-13T19:41:11.326-0400: 31.802: [GC (GCLocker Initiated GC) [PSYoungGen: 149438K->29606K(175104K)] 600273K->480670K(699392K), 0.0056746 secs] [Times: user=0.07 sys=0.00, real=0.01 secs] 
2016-09-13T19:41:11.455-0400: 31.930: [GC (GCLocker Initiated GC) [PSYoungGen: 117670K->23623K(175104K)] 574877K->505486K(699392K), 0.0064601 secs] [Times: user=0.05 sys=0.01, real=0.01 secs] 
2016-09-13T19:41:11.461-0400: 31.936: [Full GC (Ergonomics) [PSYoungGen: 23623K->0K(175104K)] [ParOldGen: 481862K->35222K(524288K)] 505486K->35222K(699392K), [Metaspace: 44260K->44260K(1087488K)], 0.0499960 secs] [Times: user=0.33 sys=0.01, real=0.05 secs] 
2016-09-13T19:41:11.635-0400: 32.111: [GC (GCLocker Initiated GC) [PSYoungGen: 88064K->82837K(175104K)] 123304K->124152K(699392K), 0.0101983 secs] [Times: user=0.09 sys=0.00, real=0.01 secs] 
2016-09-13T19:41:11.751-0400: 32.226: [GC (GCLocker Initiated GC) [PSYoungGen: 170901K->20365K(175104K)] 215471K->87989K(699392K), 0.0137038 secs] [Times: user=0.11 sys=0.01, real=0.01 secs] 
2016-09-13T19:41:11.891-0400: 32.366: [GC (GCLocker Initiated GC) [PSYoungGen: 108429K->23468K(175104K)] 188205K->103571K(699392K), 0.0378089 secs] [Times: user=0.37 sys=0.01, real=0.04 secs] 
2016-09-13T19:41:12.074-0400: 32.549: [GC (Allocation Failure) [PSYoungGen: 111532K->58342K(175104K)] 191889K->139006K(699392K), 0.0171267 secs] [Times: user=0.20 sys=0.00, real=0.02 secs] 
2016-09-13T19:41:12.218-0400: 32.693: [GC (GCLocker Initiated GC) [PSYoungGen: 146406K->32798K(175104K)] 227070K->113601K(699392K), 0.0099700 secs] [Times: user=0.11 sys=0.00, real=0.01 secs] 
2016-09-13T19:41:12.363-0400: 32.838: [GC (GCLocker Initiated GC) [PSYoungGen: 120862K->12555K(175104K)] 207771K->99728K(699392K), 0.0134100 secs] [Times: user=0.13 sys=0.01, real=0.02 secs] 
2016-09-13T19:41:12.503-0400: 32.978: [GC (GCLocker Initiated GC) [PSYoungGen: 100619K->32581K(175104K)] 201499K->141143K(699392K), 0.0110894 secs] [Times: user=0.11 sys=0.00, real=0.01 secs] 
2016-09-13T19:41:12.663-0400: 33.138: [GC (GCLocker Initiated GC) [PSYoungGen: 120645K->11350K(175104K)] 241382K->136869K(699392K), 0.0133991 secs] [Times: user=0.13 sys=0.00, real=0.02 secs] 
2016-09-13T19:41:12.816-0400: 33.291: [GC (GCLocker Initiated GC) [PSYoungGen: 99414K->47614K(175104K)] 225252K->182849K(699392K), 0.0099247 secs] [Times: user=0.11 sys=0.00, real=0.00 secs] 
2016-09-13T19:41:12.950-0400: 33.425: [GC (GCLocker Initiated GC) [PSYoungGen: 135678K->26596K(175104K)] 271073K->168228K(699392K), 0.0268036 secs] [Times: user=0.30 sys=0.01, real=0.03 secs] 
2016-09-13T19:41:13.106-0400: 33.581: [GC (GCLocker Initiated GC) [PSYoungGen: 114660K->44481K(175104K)] 256320K->186263K(699392K), 0.0141166 secs] [Times: user=0.12 sys=0.00, real=0.02 secs] 
2016-09-13T19:41:13.250-0400: 33.725: [GC (GCLocker Initiated GC) [PSYoungGen: 132545K->23526K(175104K)] 280605K->177800K(699392K), 0.0132693 secs] [Times: user=0.11 sys=0.00, real=0.01 secs] 
2016-09-13T19:41:13.390-0400: 33.865: [GC (GCLocker Initiated GC) [PSYoungGen: 111590K->29420K(171008K)] 267405K->185558K(695296K), 0.0102416 secs] [Times: user=0.09 sys=0.00, real=0.01 secs] 
2016-09-13T19:41:13.529-0400: 34.005: [GC (GCLocker Initiated GC) [PSYoungGen: 117484K->27924K(173056K)] 279722K->199433K(697344K), 0.0094835 secs] [Times: user=0.09 sys=0.00, real=0.01 secs] 
2016-09-13T19:41:13.689-0400: 34.164: [GC (GCLocker Initiated GC) [PSYoungGen: 115988K->41884K(173056K)] 290592K->228844K(697344K), 0.0192246 secs] [Times: user=0.20 sys=0.00, real=0.02 secs] 
2016-09-13T19:41:13.855-0400: 34.330: [GC (GCLocker Initiated GC) [PSYoungGen: 137116K->64576K(174592K)] 325830K->253456K(698880K), 0.0227389 secs] [Times: user=0.25 sys=0.00, real=0.03 secs] 
2016-09-13T19:41:14.042-0400: 34.517: [GC (GCLocker Initiated GC) [PSYoungGen: 159808K->61282K(173056K)] 350277K->251948K(697344K), 0.0413344 secs] [Times: user=0.43 sys=0.00, real=0.04 secs] 
2016-09-13T19:41:14.212-0400: 34.687: [GC (Allocation Failure) [PSYoungGen: 149346K->32889K(175104K)] 340126K->231520K(699392K), 0.0056135 secs] [Times: user=0.05 sys=0.00, real=0.01 secs] 
2016-09-13T19:41:14.329-0400: 34.804: [GC (GCLocker Initiated GC) [PSYoungGen: 116549K->41730K(166400K)] 321255K->249928K(690688K), 0.0239964 secs] [Times: user=0.32 sys=0.01, real=0.02 secs] 
2016-09-13T19:41:14.459-0400: 34.935: [GC (GCLocker Initiated GC) [PSYoungGen: 131330K->43376K(171008K)] 339639K->270160K(695296K), 0.0097246 secs] [Times: user=0.13 sys=0.00, real=0.01 secs] 
2016-09-13T19:41:14.590-0400: 35.065: [GC (GCLocker Initiated GC) [PSYoungGen: 132976K->31159K(176640K)] 359791K->273442K(700928K), 0.0068302 secs] [Times: user=0.08 sys=0.01, real=0.01 secs] 
2016-09-13T19:41:14.712-0400: 35.188: [GC (GCLocker Initiated GC) [PSYoungGen: 134071K->50879K(179200K)] 376385K->295067K(703488K), 0.0108815 secs] [Times: user=0.13 sys=0.00, real=0.01 secs] 
2016-09-13T19:41:14.897-0400: 35.372: [GC (Allocation Failure) [PSYoungGen: 153791K->41948K(179712K)] 399587K->301718K(704000K), 0.0202153 secs] [Times: user=0.23 sys=0.00, real=0.02 secs] 
2016-09-13T19:41:15.077-0400: 35.552: [GC (GCLocker Initiated GC) [PSYoungGen: 151516K->43153K(182784K)] 411286K->321432K(707072K), 0.0100594 secs] [Times: user=0.08 sys=0.00, real=0.00 secs] 
2016-09-13T19:41:15.262-0400: 35.737: [GC (Allocation Failure) [PSYoungGen: 152721K->28083K(187392K)] 437312K->312809K(711680K), 0.0108764 secs] [Times: user=0.14 sys=0.00, real=0.01 secs] 
2016-09-13T19:41:15.459-0400: 35.934: [GC (Allocation Failure) [PSYoungGen: 146355K->46435K(188416K)] 431081K->331433K(712704K), 0.0148317 secs] [Times: user=0.14 sys=0.00, real=0.01 secs] 
2016-09-13T19:41:15.645-0400: 36.121: [GC (Allocation Failure) [PSYoungGen: 161009K->28116K(190976K)] 446007K->313352K(715264K), 0.0100782 secs] [Times: user=0.10 sys=0.00, real=0.01 secs] 
2016-09-13T19:41:15.862-0400: 36.337: [GC (GCLocker Initiated GC) [PSYoungGen: 146208K->31067K(191488K)] 437519K->322485K(715776K), 0.0188844 secs] [Times: user=0.18 sys=0.00, real=0.02 secs] 
2016-09-13T19:41:16.051-0400: 36.526: [GC (Allocation Failure) [PSYoungGen: 153947K->21758K(192000K)] 451593K->319581K(716288K), 0.0094019 secs] [Times: user=0.06 sys=0.01, real=0.01 secs] 
2016-09-13T19:41:16.245-0400: 36.720: [GC (GCLocker Initiated GC) [PSYoungGen: 146686K->27938K(192512K)] 444509K->325876K(716800K), 0.0273282 secs] [Times: user=0.33 sys=0.00, real=0.03 secs] 
2016-09-13T19:41:16.453-0400: 36.928: [GC (Allocation Failure) [PSYoungGen: 152866K->41662K(193536K)] 452540K->341625K(717824K), 0.0222348 secs] [Times: user=0.23 sys=0.00, real=0.02 secs] 
2016-09-13T19:41:16.674-0400: 37.149: [GC (GCLocker Initiated GC) [PSYoungGen: 170174K->43212K(193536K)] 470137K->343329K(717824K), 0.0097792 secs] [Times: user=0.10 sys=0.01, real=0.01 secs] 
2016-09-13T19:41:16.871-0400: 37.346: [GC (GCLocker Initiated GC) [PSYoungGen: 171724K->41758K(195584K)] 471893K->342113K(719872K), 0.0118108 secs] [Times: user=0.10 sys=0.00, real=0.01 secs] 
2016-09-13T19:41:17.082-0400: 37.557: [GC (GCLocker Initiated GC) [PSYoungGen: 174366K->46631K(196096K)] 476418K->348905K(720384K), 0.0138203 secs] [Times: user=0.16 sys=0.00, real=0.02 secs] 
2016-09-13T19:41:17.313-0400: 37.789: [GC (GCLocker Initiated GC) [PSYoungGen: 179239K->34035K(196096K)] 483060K->338085K(720384K), 0.0061942 secs] [Times: user=0.04 sys=0.00, real=0.01 secs] 
2016-09-13T19:41:17.501-0400: 37.976: [GC (GCLocker Initiated GC) [PSYoungGen: 168691K->46192K(197120K)] 474460K->361201K(721408K), 0.0069536 secs] [Times: user=0.08 sys=0.00, real=0.01 secs] 
2016-09-13T19:41:17.736-0400: 38.211: [GC (GCLocker Initiated GC) [PSYoungGen: 180848K->47709K(197120K)] 495929K->362972K(721408K), 0.0162741 secs] [Times: user=0.11 sys=0.00, real=0.01 secs] 
2016-09-13T19:41:17.962-0400: 38.437: [GC (GCLocker Initiated GC) [PSYoungGen: 181853K->28025K(198144K)] 503429K->349755K(722432K), 0.0053108 secs] [Times: user=0.04 sys=0.00, real=0.00 secs] 
2016-09-13T19:41:18.172-0400: 38.647: [GC (Allocation Failure) [PSYoungGen: 162169K->32331K(194560K)] 483974K->354242K(718848K), 0.0134623 secs] [Times: user=0.12 sys=0.00, real=0.01 secs] 
2016-09-13T19:41:18.393-0400: 38.868: [GC (GCLocker Initiated GC) [PSYoungGen: 166987K->26505K(196608K)] 488898K->357675K(720896K), 0.0180793 secs] [Times: user=0.15 sys=0.01, real=0.02 secs] 
2016-09-13T19:41:18.607-0400: 39.082: [GC (GCLocker Initiated GC) [PSYoungGen: 161161K->32581K(196096K)] 494023K->365629K(720384K), 0.0061713 secs] [Times: user=0.06 sys=0.00, real=0.01 secs] 
2016-09-13T19:41:18.857-0400: 39.332: [GC (Allocation Failure) [PSYoungGen: 170821K->9640K(198144K)] 516256K->355269K(722432K), 0.0311209 secs] [Times: user=0.33 sys=0.01, real=0.03 secs] 
2016-09-13T19:41:19.087-0400: 39.562: [GC (GCLocker Initiated GC) [PSYoungGen: 144876K->27960K(200192K)] 496580K->379779K(724480K), 0.0259880 secs] [Times: user=0.26 sys=0.00, real=0.03 secs] 
2016-09-13T19:41:19.301-0400: 39.776: [GC (GCLocker Initiated GC) [PSYoungGen: 167224K->52297K(192000K)] 519255K->404497K(716288K), 0.0166100 secs] [Times: user=0.18 sys=0.00, real=0.02 secs] 
2016-09-13T19:41:19.520-0400: 39.995: [GC (GCLocker Initiated GC) [PSYoungGen: 191561K->49229K(193024K)] 543787K->401614K(717312K), 0.0195665 secs] [Times: user=0.22 sys=0.00, real=0.02 secs] 
2016-09-13T19:41:19.752-0400: 40.227: [GC (Allocation Failure) [PSYoungGen: 177229K->23437K(195072K)] 529649K->391232K(719360K), 0.0259496 secs] [Times: user=0.26 sys=0.00, real=0.03 secs] 
2016-09-13T19:41:19.968-0400: 40.443: [GC (GCLocker Initiated GC) [PSYoungGen: 151437K->46276K(194048K)] 519237K->414207K(718336K), 0.0098981 secs] [Times: user=0.09 sys=0.00, real=0.01 secs] 
2016-09-13T19:41:20.152-0400: 40.627: [GC (GCLocker Initiated GC) [PSYoungGen: 174276K->46566K(174592K)] 542377K->414991K(698880K), 0.0067384 secs] [Times: user=0.09 sys=0.00, real=0.01 secs] 
2016-09-13T19:41:20.366-0400: 40.841: [GC (GCLocker Initiated GC) [PSYoungGen: 174566K->32491K(196608K)] 550701K->408938K(720896K), 0.0158758 secs] [Times: user=0.16 sys=0.00, real=0.02 secs] 
2016-09-13T19:41:20.561-0400: 41.036: [GC (GCLocker Initiated GC) [PSYoungGen: 161003K->31312K(160256K)] 539120K->409591K(684544K), 0.0048145 secs] [Times: user=0.05 sys=0.00, real=0.00 secs] 
2016-09-13T19:41:20.814-0400: 41.289: [GC (Allocation Failure) [PSYoungGen: 159824K->27902K(194048K)] 538123K->414047K(718336K), 0.0267826 secs] [Times: user=0.25 sys=0.00, real=0.03 secs] 
2016-09-13T19:41:21.012-0400: 41.487: [GC (GCLocker Initiated GC) [PSYoungGen: 157950K->43148K(192512K)] 544099K->434070K(716800K), 0.0152214 secs] [Times: user=0.15 sys=0.00, real=0.01 secs] 
2016-09-13T19:41:21.228-0400: 41.703: [GC (GCLocker Initiated GC) [PSYoungGen: 173196K->23439K(199168K)] 565645K->416078K(723456K), 0.0233345 secs] [Times: user=0.22 sys=0.01, real=0.03 secs] 
2016-09-13T19:41:21.471-0400: 41.946: [GC (GCLocker Initiated GC) [PSYoungGen: 159631K->5270K(141824K)] 564478K->410260K(666112K), 0.0325828 secs] [Times: user=0.36 sys=0.00, real=0.03 secs] 
2016-09-13T19:41:21.692-0400: 42.167: [GC (GCLocker Initiated GC) [PSYoungGen: 141462K->41821K(196608K)] 548129K->448650K(720896K), 0.0252812 secs] [Times: user=0.30 sys=0.00, real=0.03 secs] 
2016-09-13T19:41:21.905-0400: 42.380: [GC (GCLocker Initiated GC) [PSYoungGen: 173917K->61314K(193536K)] 585618K->479284K(717824K), 0.0150489 secs] [Times: user=0.14 sys=0.00, real=0.02 secs] 
2016-09-13T19:41:22.110-0400: 42.585: [GC (GCLocker Initiated GC) [PSYoungGen: 193410K->28238K(190464K)] 612981K->447960K(714752K), 0.0125413 secs] [Times: user=0.13 sys=0.00, real=0.01 secs] 
2016-09-13T19:41:22.306-0400: 42.781: [GC (GCLocker Initiated GC) [PSYoungGen: 150094K->61495K(183808K)] 572932K->484693K(708096K), 0.0187988 secs] [Times: user=0.19 sys=0.00, real=0.02 secs] 
2016-09-13T19:41:22.499-0400: 42.974: [GC (GCLocker Initiated GC) [PSYoungGen: 183351K->55363K(180736K)] 606584K->478683K(705024K), 0.0124789 secs] [Times: user=0.14 sys=0.00, real=0.01 secs] 
2016-09-13T19:41:22.691-0400: 43.166: [GC (GCLocker Initiated GC) [PSYoungGen: 159811K->22011K(183296K)] 595558K->462594K(707584K), 0.0060779 secs] [Times: user=0.06 sys=0.00, real=0.01 secs] 
2016-09-13T19:41:22.864-0400: 43.339: [GC (GCLocker Initiated GC) [PSYoungGen: 126459K->43085K(178176K)] 567342K->484290K(702464K), 0.0259071 secs] [Times: user=0.27 sys=0.01, real=0.03 secs] 
2016-09-13T19:41:23.051-0400: 43.526: [GC (Allocation Failure) [PSYoungGen: 148557K->9799K(181248K)] 602094K->469656K(705536K), 0.0105920 secs] [Times: user=0.10 sys=0.00, real=0.01 secs] 
2016-09-13T19:41:23.238-0400: 43.713: [GC (GCLocker Initiated GC) [PSYoungGen: 114297K->23468K(182784K)] 575673K->485038K(707072K), 0.0226375 secs] [Times: user=0.26 sys=0.00, real=0.02 secs] 
2016-09-13T19:41:23.415-0400: 43.891: [GC (GCLocker Initiated GC) [PSYoungGen: 132524K->9772K(183808K)] 603328K->480801K(708096K), 0.0094143 secs] [Times: user=0.09 sys=0.00, real=0.01 secs] 
2016-09-13T19:41:23.614-0400: 44.089: [GC (GCLocker Initiated GC) [PSYoungGen: 118828K->23566K(181760K)] 596002K->501052K(706048K), 0.0118870 secs] [Times: user=0.11 sys=0.00, real=0.01 secs] 
2016-09-13T19:41:23.812-0400: 44.287: [GC (GCLocker Initiated GC) [PSYoungGen: 135694K->41662K(184320K)] 613362K->524186K(708608K), 0.0123189 secs] [Times: user=0.13 sys=0.01, real=0.01 secs] 
2016-09-13T19:41:23.964-0400: 44.439: [GC (GCLocker Initiated GC) [PSYoungGen: 153790K->51002K(183808K)] 636468K->533901K(708096K), 0.0062524 secs] [Times: user=0.08 sys=0.00, real=0.01 secs] 
2016-09-13T19:41:24.128-0400: 44.603: [GC (GCLocker Initiated GC) [PSYoungGen: 162618K->47736K(159744K)] 645717K->531044K(684032K), 0.0069887 secs] [Times: user=0.08 sys=0.00, real=0.01 secs] 
2016-09-13T19:41:24.299-0400: 44.774: [GC (GCLocker Initiated GC) [PSYoungGen: 159352K->50843K(182784K)] 642968K->537697K(707072K), 0.0165054 secs] [Times: user=0.13 sys=0.00, real=0.02 secs] 
2016-09-13T19:41:24.501-0400: 44.976: [GC (GCLocker Initiated GC) [PSYoungGen: 157339K->42994K(149504K)] 645832K->531739K(673792K), 0.0152183 secs] [Times: user=0.14 sys=0.00, real=0.02 secs] 
2016-09-13T19:41:24.698-0400: 45.173: [GC (GCLocker Initiated GC) [PSYoungGen: 149490K->34168K(186880K)] 647381K->532299K(711168K), 0.0364078 secs] [Times: user=0.41 sys=0.00, real=0.03 secs] 
2016-09-13T19:41:24.899-0400: 45.375: [GC (GCLocker Initiated GC) [PSYoungGen: 145272K->46436K(183808K)] 645021K->555627K(708096K), 0.0264474 secs] [Times: user=0.39 sys=0.01, real=0.02 secs] 
2016-09-13T19:41:25.091-0400: 45.566: [GC (GCLocker Initiated GC) [PSYoungGen: 157540K->47869K(186368K)] 666958K->566649K(710656K), 0.0103442 secs] [Times: user=0.14 sys=0.00, real=0.01 secs] 
2016-09-13T19:41:25.101-0400: 45.576: [Full GC (Ergonomics) [PSYoungGen: 47869K->0K(186368K)] [ParOldGen: 518779K->38993K(524288K)] 566649K->38993K(710656K), [Metaspace: 44320K->44320K(1087488K)], 0.0506760 secs] [Times: user=0.30 sys=0.00, real=0.05 secs] 
2016-09-13T19:41:25.289-0400: 45.764: [GC (GCLocker Initiated GC) [PSYoungGen: 113664K->57199K(171008K)] 152775K->96310K(695296K), 0.0147300 secs] [Times: user=0.20 sys=0.00, real=0.01 secs] 
2016-09-13T19:41:27.030-0400: 47.505: [GC (GCLocker Initiated GC) [PSYoungGen: 170863K->40148K(189440K)] 216377K->108766K(713728K), 0.0391914 secs] [Times: user=0.39 sys=0.01, real=0.04 secs] 
2016-09-13T19:41:27.219-0400: 47.695: [GC (GCLocker Initiated GC) [PSYoungGen: 153300K->47891K(161280K)] 222035K->135178K(685568K), 0.0335653 secs] [Times: user=0.34 sys=0.00, real=0.03 secs] 
2016-09-13T19:41:27.375-0400: 47.850: [GC (GCLocker Initiated GC) [PSYoungGen: 161043K->67645K(176640K)] 248644K->196479K(700928K), 0.0248581 secs] [Times: user=0.25 sys=0.02, real=0.03 secs] 
2016-09-13T19:41:27.509-0400: 47.984: [GC (GCLocker Initiated GC) [PSYoungGen: 172093K->78148K(182784K)] 307137K->274242K(707072K), 0.0207437 secs] [Times: user=0.22 sys=0.00, real=0.02 secs] 
2016-09-13T19:41:27.634-0400: 48.109: [GC (GCLocker Initiated GC) [PSYoungGen: 182596K->64569K(167424K)] 378712K->298808K(691712K), 0.0114366 secs] [Times: user=0.12 sys=0.00, real=0.01 secs] 
2016-09-13T19:41:27.737-0400: 48.212: [GC (GCLocker Initiated GC) [PSYoungGen: 152633K->61724K(175104K)] 387054K->339052K(699392K), 0.0242193 secs] [Times: user=0.26 sys=0.00, real=0.02 secs] 
2016-09-13T19:41:27.861-0400: 48.336: [GC (GCLocker Initiated GC) [PSYoungGen: 149788K->64547K(175104K)] 427154K->374154K(699392K), 0.0169406 secs] [Times: user=0.17 sys=0.00, real=0.02 secs] 
2016-09-13T19:41:27.972-0400: 48.448: [GC (GCLocker Initiated GC) [PSYoungGen: 152611K->66217K(175104K)] 463883K->427822K(699392K), 0.0187392 secs] [Times: user=0.21 sys=0.00, real=0.02 secs] 
2016-09-13T19:41:28.095-0400: 48.570: [GC (GCLocker Initiated GC) [PSYoungGen: 154281K->49312K(175104K)] 519052K->434150K(699392K), 0.0216530 secs] [Times: user=0.24 sys=0.00, real=0.03 secs] 
2016-09-13T19:41:28.207-0400: 48.682: [GC (Allocation Failure) [PSYoungGen: 137376K->64639K(175104K)] 522461K->491064K(699392K), 0.0106724 secs] [Times: user=0.13 sys=0.00, real=0.02 secs] 
2016-09-13T19:41:28.318-0400: 48.793: [GC (GCLocker Initiated GC) [PSYoungGen: 152703K->81191K(175104K)] 579144K->568640K(699392K), 0.0143873 secs] [Times: user=0.22 sys=0.00, real=0.01 secs] 
2016-09-13T19:41:28.332-0400: 48.807: [Full GC (Ergonomics) [PSYoungGen: 81191K->0K(175104K)] [ParOldGen: 487448K->45268K(524288K)] 568640K->45268K(699392K), [Metaspace: 44352K->44352K(1087488K)], 0.0490624 secs] [Times: user=0.31 sys=0.00, real=0.05 secs] 
2016-09-13T19:41:28.474-0400: 48.949: [GC (GCLocker Initiated GC) [PSYoungGen: 88064K->81282K(175104K)] 133402K->126620K(699392K), 0.0144055 secs] [Times: user=0.20 sys=0.00, real=0.02 secs] 
2016-09-13T19:41:28.587-0400: 49.062: [GC (GCLocker Initiated GC) [PSYoungGen: 169346K->61624K(175104K)] 222578K->165307K(699392K), 0.0118778 secs] [Times: user=0.14 sys=0.00, real=0.02 secs] 
2016-09-13T19:41:28.687-0400: 49.162: [GC (GCLocker Initiated GC) [PSYoungGen: 149688K->67767K(175104K)] 253427K->208208K(699392K), 0.0097933 secs] [Times: user=0.12 sys=0.00, real=0.02 secs] 
2016-09-13T19:41:28.810-0400: 49.285: [GC (GCLocker Initiated GC) [PSYoungGen: 155831K->82833K(175104K)] 297870K->269239K(699392K), 0.0141967 secs] [Times: user=0.20 sys=0.01, real=0.01 secs] 
2016-09-13T19:41:28.922-0400: 49.398: [GC (GCLocker Initiated GC) [PSYoungGen: 170897K->67736K(175104K)] 357549K->294165K(699392K), 0.0137767 secs] [Times: user=0.22 sys=0.00, real=0.02 secs] 
2016-09-13T19:41:29.025-0400: 49.500: [GC (GCLocker Initiated GC) [PSYoungGen: 155800K->67799K(175104K)] 382452K->331225K(699392K), 0.0112789 secs] [Times: user=0.14 sys=0.00, real=0.02 secs] 
2016-09-13T19:41:29.157-0400: 49.633: [GC (GCLocker Initiated GC) [PSYoungGen: 155863K->72137K(175104K)] 419426K->372401K(699392K), 0.0131314 secs] [Times: user=0.20 sys=0.00, real=0.01 secs] 
2016-09-13T19:41:29.279-0400: 49.754: [GC (GCLocker Initiated GC) [PSYoungGen: 160201K->64416K(175104K)] 460604K->403012K(699392K), 0.0135250 secs] [Times: user=0.13 sys=0.01, real=0.01 secs] 
2016-09-13T19:41:29.403-0400: 49.879: [GC (GCLocker Initiated GC) [PSYoungGen: 152480K->62924K(175104K)] 491161K->432241K(699392K), 0.0216684 secs] [Times: user=0.20 sys=0.00, real=0.02 secs] 
2016-09-13T19:41:29.536-0400: 50.012: [GC (GCLocker Initiated GC) [PSYoungGen: 150988K->52360K(175104K)] 520565K->452556K(699392K), 0.0177607 secs] [Times: user=0.14 sys=0.01, real=0.01 secs] 
2016-09-13T19:41:29.666-0400: 50.142: [GC (GCLocker Initiated GC) [PSYoungGen: 140424K->75079K(175104K)] 540715K->512152K(699392K), 0.0213099 secs] [Times: user=0.23 sys=0.01, real=0.03 secs] 
2016-09-13T19:41:29.795-0400: 50.270: [GC (GCLocker Initiated GC) [PSYoungGen: 163143K->67580K(175104K)] 601989K->543110K(699392K), 0.0157121 secs] [Times: user=0.19 sys=0.00, real=0.02 secs] 
2016-09-13T19:41:29.811-0400: 50.286: [Full GC (Ergonomics) [PSYoungGen: 67580K->0K(175104K)] [ParOldGen: 475529K->45277K(524288K)] 543110K->45277K(699392K), [Metaspace: 44352K->44352K(1087488K)], 0.0579583 secs] [Times: user=0.38 sys=0.01, real=0.06 secs] 
2016-09-13T19:41:29.992-0400: 50.467: [GC (GCLocker Initiated GC) [PSYoungGen: 88064K->75329K(175104K)] 133522K->120787K(699392K), 0.0138387 secs] [Times: user=0.18 sys=0.00, real=0.01 secs] 
2016-09-13T19:41:30.123-0400: 50.598: [GC (GCLocker Initiated GC) [PSYoungGen: 163393K->78244K(175104K)] 208980K->168321K(699392K), 0.0119301 secs] [Times: user=0.16 sys=0.00, real=0.01 secs] 
2016-09-13T19:41:30.239-0400: 50.714: [GC (GCLocker Initiated GC) [PSYoungGen: 166308K->55586K(175104K)] 264127K->190095K(699392K), 0.0107430 secs] [Times: user=0.07 sys=0.00, real=0.01 secs] 
2016-09-13T19:41:30.351-0400: 50.826: [GC (GCLocker Initiated GC) [PSYoungGen: 143650K->50747K(175104K)] 284255K->215995K(699392K), 0.0250963 secs] [Times: user=0.25 sys=0.00, real=0.03 secs] 
2016-09-13T19:41:30.474-0400: 50.950: [GC (GCLocker Initiated GC) [PSYoungGen: 138811K->67609K(175104K)] 304283K->281978K(699392K), 0.0110150 secs] [Times: user=0.12 sys=0.00, real=0.01 secs] 
2016-09-13T19:41:30.600-0400: 51.075: [GC (Allocation Failure) [PSYoungGen: 155673K->69163K(175104K)] 371636K->324808K(699392K), 0.0143106 secs] [Times: user=0.20 sys=0.00, real=0.01 secs] 
2016-09-13T19:41:30.724-0400: 51.199: [GC (GCLocker Initiated GC) [PSYoungGen: 157227K->64544K(175104K)] 412875K->350851K(699392K), 0.0090109 secs] [Times: user=0.10 sys=0.00, real=0.01 secs] 
2016-09-13T19:41:30.831-0400: 51.307: [GC (GCLocker Initiated GC) [PSYoungGen: 152608K->64666K(173056K)] 445185K->413683K(697344K), 0.0128478 secs] [Times: user=0.21 sys=0.01, real=0.01 secs] 
2016-09-13T19:41:30.932-0400: 51.407: [GC (GCLocker Initiated GC) [PSYoungGen: 152730K->73630K(174080K)] 501778K->459486K(698368K), 0.0140340 secs] [Times: user=0.17 sys=0.00, real=0.01 secs] 
2016-09-13T19:41:31.039-0400: 51.514: [GC (GCLocker Initiated GC) [PSYoungGen: 161694K->69381K(175616K)] 553770K->504272K(699904K), 0.0186359 secs] [Times: user=0.25 sys=0.00, real=0.02 secs] 
2016-09-13T19:41:31.145-0400: 51.620: [GC (GCLocker Initiated GC) [PSYoungGen: 157957K->84505K(175104K)] 592999K->563989K(699392K), 0.0143457 secs] [Times: user=0.24 sys=0.01, real=0.02 secs] 
2016-09-13T19:41:31.159-0400: 51.634: [Full GC (Ergonomics) [PSYoungGen: 84505K->0K(175104K)] [ParOldGen: 479484K->46955K(524288K)] 563989K->46955K(699392K), [Metaspace: 44353K->44353K(1087488K)], 0.0465538 secs] [Times: user=0.32 sys=0.03, real=0.04 secs] 
2016-09-13T19:41:31.298-0400: 51.773: [GC (GCLocker Initiated GC) [PSYoungGen: 88576K->84447K(175104K)] 135592K->131463K(699392K), 0.0113661 secs] [Times: user=0.18 sys=0.00, real=0.01 secs] 
2016-09-13T19:41:31.411-0400: 51.886: [GC (GCLocker Initiated GC) [PSYoungGen: 172511K->84447K(175104K)] 219753K->195970K(699392K), 0.0156923 secs] [Times: user=0.26 sys=0.01, real=0.01 secs] 
2016-09-13T19:41:31.518-0400: 51.993: [GC (GCLocker Initiated GC) [PSYoungGen: 172511K->79859K(175104K)] 285578K->229630K(699392K), 0.0118687 secs] [Times: user=0.20 sys=0.00, real=0.01 secs] 
2016-09-13T19:41:31.641-0400: 52.117: [GC (GCLocker Initiated GC) [PSYoungGen: 167923K->64640K(175104K)] 330080K->277205K(699392K), 0.0128896 secs] [Times: user=0.21 sys=0.00, real=0.01 secs] 
2016-09-13T19:41:31.744-0400: 52.219: [GC (GCLocker Initiated GC) [PSYoungGen: 152704K->82738K(175104K)] 366884K->335136K(699392K), 0.0129948 secs] [Times: user=0.21 sys=0.00, real=0.02 secs] 
2016-09-13T19:41:31.848-0400: 52.323: [GC (GCLocker Initiated GC) [PSYoungGen: 170802K->81346K(175104K)] 423415K->376647K(699392K), 0.0120972 secs] [Times: user=0.19 sys=0.00, real=0.02 secs] 
2016-09-13T19:41:31.964-0400: 52.439: [GC (GCLocker Initiated GC) [PSYoungGen: 169410K->61819K(175104K)] 473945K->407613K(699392K), 0.0091689 secs] [Times: user=0.11 sys=0.00, real=0.01 secs] 
2016-09-13T19:41:32.065-0400: 52.540: [GC (GCLocker Initiated GC) [PSYoungGen: 149883K->64609K(175104K)] 495761K->447276K(699392K), 0.0100889 secs] [Times: user=0.15 sys=0.00, real=0.01 secs] 
2016-09-13T19:41:32.177-0400: 52.652: [GC (GCLocker Initiated GC) [PSYoungGen: 152673K->50906K(175104K)] 537024K->471886K(699392K), 0.0092192 secs] [Times: user=0.07 sys=0.00, real=0.00 secs] 
2016-09-13T19:41:32.289-0400: 52.765: [GC (GCLocker Initiated GC) [PSYoungGen: 138970K->29452K(175104K)] 560011K->479654K(699392K), 0.0135423 secs] [Times: user=0.14 sys=0.00, real=0.01 secs] 
2016-09-13T19:41:32.422-0400: 52.897: [GC (GCLocker Initiated GC) [PSYoungGen: 117516K->44571K(175104K)] 577015K->542233K(699392K), 0.0151270 secs] [Times: user=0.17 sys=0.00, real=0.02 secs] 
2016-09-13T19:41:32.437-0400: 52.912: [Full GC (Ergonomics) [PSYoungGen: 44571K->0K(175104K)] [ParOldGen: 497661K->37977K(524288K)] 542233K->37977K(699392K), [Metaspace: 44357K->44357K(1087488K)], 0.0541242 secs] [Times: user=0.36 sys=0.00, real=0.05 secs] 
2016-09-13T19:41:32.587-0400: 53.062: [GC (GCLocker Initiated GC) [PSYoungGen: 88064K->78217K(175104K)] 132160K->122313K(699392K), 0.0097898 secs] [Times: user=0.12 sys=0.01, real=0.02 secs] 
2016-09-13T19:41:32.695-0400: 53.170: [GC (GCLocker Initiated GC) [PSYoungGen: 166281K->61687K(175104K)] 210399K->151737K(699392K), 0.0132401 secs] [Times: user=0.20 sys=0.01, real=0.02 secs] 
2016-09-13T19:41:32.799-0400: 53.274: [GC (GCLocker Initiated GC) [PSYoungGen: 149751K->63057K(175104K)] 241458K->193040K(699392K), 0.0100818 secs] [Times: user=0.14 sys=0.01, real=0.01 secs] 
2016-09-13T19:41:32.918-0400: 53.393: [GC (GCLocker Initiated GC) [PSYoungGen: 151121K->59987K(175104K)] 287394K->234432K(699392K), 0.0147837 secs] [Times: user=0.19 sys=0.00, real=0.01 secs] 
2016-09-13T19:41:33.023-0400: 53.498: [GC (GCLocker Initiated GC) [PSYoungGen: 148051K->61474K(175104K)] 324042K->292448K(699392K), 0.0098425 secs] [Times: user=0.11 sys=0.02, real=0.01 secs] 
2016-09-13T19:41:33.134-0400: 53.609: [GC (GCLocker Initiated GC) [PSYoungGen: 149538K->81472K(175104K)] 380715K->360055K(699392K), 0.0114172 secs] [Times: user=0.16 sys=0.00, real=0.01 secs] 
2016-09-13T19:41:33.237-0400: 53.712: [GC (GCLocker Initiated GC) [PSYoungGen: 169536K->66153K(175104K)] 448124K->381577K(699392K), 0.0121580 secs] [Times: user=0.18 sys=0.01, real=0.01 secs] 
2016-09-13T19:41:33.359-0400: 53.834: [GC (GCLocker Initiated GC) [PSYoungGen: 154217K->85929K(175104K)] 475750K->445779K(699392K), 0.0133431 secs] [Times: user=0.17 sys=0.01, real=0.01 secs] 
2016-09-13T19:41:33.466-0400: 53.941: [GC (GCLocker Initiated GC) [PSYoungGen: 173993K->82801K(175104K)] 533981K->493240K(699392K), 0.0130459 secs] [Times: user=0.20 sys=0.00, real=0.02 secs] 
2016-09-13T19:41:33.572-0400: 54.047: [GC (GCLocker Initiated GC) [PSYoungGen: 170865K->66185K(175104K)] 581494K->515107K(699392K), 0.0117186 secs] [Times: user=0.15 sys=0.00, real=0.01 secs] 
2016-09-13T19:41:33.672-0400: 54.148: [GC (GCLocker Initiated GC) [PSYoungGen: 154249K->82986K(175104K)] 603253K->561187K(699392K), 0.0131086 secs] [Times: user=0.17 sys=0.00, real=0.01 secs] 
2016-09-13T19:41:33.686-0400: 54.161: [Full GC (Ergonomics) [PSYoungGen: 82986K->0K(175104K)] [ParOldGen: 478200K->44372K(524288K)] 561187K->44372K(699392K), [Metaspace: 44361K->44361K(1087488K)], 0.0499974 secs] [Times: user=0.31 sys=0.01, real=0.06 secs] 
2016-09-13T19:41:33.838-0400: 54.314: [GC (Allocation Failure) [PSYoungGen: 88064K->66190K(175104K)] 132620K->110746K(699392K), 0.0088516 secs] [Times: user=0.11 sys=0.00, real=0.00 secs] 
2016-09-13T19:41:33.946-0400: 54.421: [GC (GCLocker Initiated GC) [PSYoungGen: 154254K->29580K(175104K)] 198813K->127703K(699392K), 0.0080985 secs] [Times: user=0.12 sys=0.00, real=0.01 secs] 
2016-09-13T19:41:34.043-0400: 54.518: [GC (GCLocker Initiated GC) [PSYoungGen: 117644K->64666K(175104K)] 217336K->182915K(699392K), 0.0090961 secs] [Times: user=0.12 sys=0.00, real=0.01 secs] 
2016-09-13T19:41:34.153-0400: 54.628: [GC (GCLocker Initiated GC) [PSYoungGen: 152730K->31094K(175104K)] 277093K->177035K(699392K), 0.0062841 secs] [Times: user=0.06 sys=0.00, real=0.01 secs] 
2016-09-13T19:41:34.277-0400: 54.753: [GC (GCLocker Initiated GC) [PSYoungGen: 119158K->53976K(175104K)] 265120K->209352K(699392K), 0.0081475 secs] [Times: user=0.08 sys=0.00, real=0.00 secs] 
2016-09-13T19:41:34.431-0400: 54.906: [GC (GCLocker Initiated GC) [PSYoungGen: 142040K->23373K(175104K)] 297421K->183585K(699392K), 0.0132134 secs] [Times: user=0.17 sys=0.00, real=0.01 secs] 
2016-09-13T19:41:34.562-0400: 55.037: [GC (GCLocker Initiated GC) [PSYoungGen: 111437K->40152K(175104K)] 271844K->202323K(699392K), 0.0075160 secs] [Times: user=0.06 sys=0.00, real=0.01 secs] 
2016-09-13T19:41:34.714-0400: 55.189: [GC (GCLocker Initiated GC) [PSYoungGen: 128216K->27966K(175104K)] 302704K->202629K(699392K), 0.0105988 secs] [Times: user=0.11 sys=0.00, real=0.01 secs] 
2016-09-13T19:41:34.870-0400: 55.345: [GC (GCLocker Initiated GC) [PSYoungGen: 116030K->51024K(175104K)] 290784K->225967K(699392K), 0.0080613 secs] [Times: user=0.11 sys=0.00, real=0.01 secs] 
2016-09-13T19:41:35.026-0400: 55.501: [GC (GCLocker Initiated GC) [PSYoungGen: 139088K->52395K(175104K)] 315617K->229275K(699392K), 0.0090920 secs] [Times: user=0.11 sys=0.01, real=0.01 secs] 
2016-09-13T19:41:35.151-0400: 55.626: [GC (GCLocker Initiated GC) [PSYoungGen: 140459K->32555K(175104K)] 323646K->226658K(699392K), 0.0072596 secs] [Times: user=0.08 sys=0.01, real=0.01 secs] 
2016-09-13T19:41:35.298-0400: 55.774: [GC (GCLocker Initiated GC) [PSYoungGen: 120619K->52516K(175104K)] 315024K->250153K(699392K), 0.0063618 secs] [Times: user=0.07 sys=0.01, real=0.00 secs] 
2016-09-13T19:41:35.466-0400: 55.941: [GC (GCLocker Initiated GC) [PSYoungGen: 140580K->23655K(175104K)] 350392K->238287K(699392K), 0.0123363 secs] [Times: user=0.17 sys=0.01, real=0.02 secs] 
2016-09-13T19:41:35.625-0400: 56.100: [GC (GCLocker Initiated GC) [PSYoungGen: 111719K->44863K(133120K)] 326493K->276660K(657408K), 0.0140421 secs] [Times: user=0.20 sys=0.00, real=0.02 secs] 
2016-09-13T19:41:35.785-0400: 56.261: [GC (GCLocker Initiated GC) [PSYoungGen: 132927K->23408K(173056K)] 374080K->264755K(697344K), 0.0116617 secs] [Times: user=0.09 sys=0.00, real=0.02 secs] 
2016-09-13T19:41:35.910-0400: 56.385: [GC (Allocation Failure) [PSYoungGen: 110960K->41794K(129536K)] 353960K->284932K(653824K), 0.0133883 secs] [Times: user=0.15 sys=0.00, real=0.01 secs] 
2016-09-13T19:41:36.048-0400: 56.523: [GC (GCLocker Initiated GC) [PSYoungGen: 129346K->51115K(174592K)] 372485K->294561K(698880K), 0.0071519 secs] [Times: user=0.10 sys=0.00, real=0.00 secs] 
2016-09-13T19:41:36.207-0400: 56.682: [GC (GCLocker Initiated GC) [PSYoungGen: 143275K->27966K(173056K)] 394511K->279395K(697344K), 0.0181662 secs] [Times: user=0.14 sys=0.00, real=0.02 secs] 
2016-09-13T19:41:36.393-0400: 56.868: [GC (GCLocker Initiated GC) [PSYoungGen: 120126K->23464K(179200K)] 379379K->282805K(703488K), 0.0101247 secs] [Times: user=0.09 sys=0.01, real=0.01 secs] 
2016-09-13T19:41:36.522-0400: 56.997: [GC (GCLocker Initiated GC) [PSYoungGen: 122280K->50716K(179200K)] 383162K->311803K(703488K), 0.0097290 secs] [Times: user=0.08 sys=0.00, real=0.01 secs] 
2016-09-13T19:41:36.682-0400: 57.157: [GC (GCLocker Initiated GC) [PSYoungGen: 149532K->43053K(175104K)] 410672K->311909K(699392K), 0.0224663 secs] [Times: user=0.19 sys=0.01, real=0.02 secs] 
2016-09-13T19:41:36.879-0400: 57.354: [GC (GCLocker Initiated GC) [PSYoungGen: 144941K->41725K(178176K)] 413827K->310726K(702464K), 0.0284446 secs] [Times: user=0.30 sys=0.00, real=0.02 secs] 
2016-09-13T19:41:37.048-0400: 57.523: [GC (Allocation Failure) [PSYoungGen: 143613K->14266K(184320K)] 426355K->297260K(708608K), 0.0035475 secs] [Times: user=0.02 sys=0.00, real=0.00 secs] 
2016-09-13T19:41:37.240-0400: 57.715: [GC (GCLocker Initiated GC) [PSYoungGen: 125370K->40244K(185856K)] 408367K->333999K(710144K), 0.0155917 secs] [Times: user=0.12 sys=0.01, real=0.02 secs] 
2016-09-13T19:41:37.410-0400: 57.885: [GC (GCLocker Initiated GC) [PSYoungGen: 151348K->47764K(186368K)] 446739K->343275K(710656K), 0.0122384 secs] [Times: user=0.12 sys=0.00, real=0.01 secs] 
2016-09-13T19:41:37.581-0400: 58.056: [GC (Allocation Failure) [PSYoungGen: 162452K->24891K(185856K)] 458169K->328391K(710144K), 0.0242329 secs] [Times: user=0.26 sys=0.00, real=0.02 secs] 
2016-09-13T19:41:37.783-0400: 58.258: [GC (GCLocker Initiated GC) [PSYoungGen: 139579K->46128K(190464K)] 443080K->349772K(714752K), 0.0077398 secs] [Times: user=0.07 sys=0.00, real=0.01 secs] 
2016-09-13T19:41:37.948-0400: 58.423: [GC (GCLocker Initiated GC) [PSYoungGen: 165936K->23472K(190464K)] 474314K->331997K(714752K), 0.0188568 secs] [Times: user=0.23 sys=0.00, real=0.01 secs] 
2016-09-13T19:41:38.175-0400: 58.650: [GC (GCLocker Initiated GC) [PSYoungGen: 143280K->9948K(188928K)] 457933K->324826K(713216K), 0.0135462 secs] [Times: user=0.16 sys=0.00, real=0.02 secs] 
2016-09-13T19:41:38.405-0400: 58.880: [GC (GCLocker Initiated GC) [PSYoungGen: 128732K->14356K(190464K)] 449892K->335717K(714752K), 0.0435468 secs] [Times: user=0.49 sys=0.00, real=0.05 secs] 
2016-09-13T19:41:38.605-0400: 59.081: [GC (GCLocker Initiated GC) [PSYoungGen: 133140K->65961K(174080K)] 456072K->389055K(698368K), 0.0090908 secs] [Times: user=0.09 sys=0.01, real=0.01 secs] 
2016-09-13T19:41:38.738-0400: 59.213: [GC (GCLocker Initiated GC) [PSYoungGen: 168361K->50842K(153600K)] 491617K->374374K(677888K), 0.0097150 secs] [Times: user=0.07 sys=0.00, real=0.01 secs] 
2016-09-13T19:41:38.900-0400: 59.375: [GC (GCLocker Initiated GC) [PSYoungGen: 153242K->64735K(169984K)] 478463K->408430K(694272K), 0.0157337 secs] [Times: user=0.17 sys=0.00, real=0.02 secs] 
2016-09-13T19:41:39.063-0400: 59.538: [GC (GCLocker Initiated GC) [PSYoungGen: 153823K->29580K(175616K)] 497792K->373791K(699904K), 0.0114040 secs] [Times: user=0.11 sys=0.00, real=0.01 secs] 
2016-09-13T19:41:39.203-0400: 59.678: [GC (GCLocker Initiated GC) [PSYoungGen: 118668K->46218K(168960K)] 462937K->392165K(693248K), 0.0174196 secs] [Times: user=0.19 sys=0.00, real=0.02 secs] 
2016-09-13T19:41:39.343-0400: 59.818: [GC (Allocation Failure) [PSYoungGen: 137866K->49133K(173568K)] 483885K->395325K(697856K), 0.0196408 secs] [Times: user=0.20 sys=0.00, real=0.02 secs] 
2016-09-13T19:41:39.486-0400: 59.961: [GC (GCLocker Initiated GC) [PSYoungGen: 138282K->23346K(177664K)] 490549K->403122K(701952K), 0.0063646 secs] [Times: user=0.04 sys=0.00, real=0.01 secs] 
2016-09-13T19:41:39.660-0400: 60.135: [GC (GCLocker Initiated GC) [PSYoungGen: 122162K->64417K(163328K)] 502134K->444476K(687616K), 0.0196381 secs] [Times: user=0.19 sys=0.00, real=0.02 secs] 
2016-09-13T19:41:39.829-0400: 60.304: [GC (Allocation Failure) [PSYoungGen: 163233K->46222K(179200K)] 545062K->428216K(703488K), 0.0317887 secs] [Times: user=0.33 sys=0.01, real=0.03 secs] 
2016-09-13T19:41:39.994-0400: 60.470: [GC (GCLocker Initiated GC) [PSYoungGen: 139918K->44609K(138752K)] 521915K->426858K(663040K), 0.0150984 secs] [Times: user=0.15 sys=0.00, real=0.02 secs] 
2016-09-13T19:41:40.137-0400: 60.612: [GC (GCLocker Initiated GC) [PSYoungGen: 138305K->37206K(175616K)] 520640K->419661K(699904K), 0.0109406 secs] [Times: user=0.13 sys=0.00, real=0.01 secs] 
2016-09-13T19:41:40.284-0400: 60.759: [GC (GCLocker Initiated GC) [PSYoungGen: 133462K->46277K(173056K)] 516211K->429180K(697344K), 0.0214233 secs] [Times: user=0.24 sys=0.00, real=0.02 secs] 
2016-09-13T19:41:40.449-0400: 60.924: [GC (GCLocker Initiated GC) [PSYoungGen: 142533K->64633K(175616K)] 525710K->448008K(699904K), 0.0083937 secs] [Times: user=0.08 sys=0.01, real=0.01 secs] 
2016-09-13T19:41:40.603-0400: 61.078: [GC (GCLocker Initiated GC) [PSYoungGen: 165497K->33978K(180736K)] 548953K->417642K(705024K), 0.0055510 secs] [Times: user=0.05 sys=0.00, real=0.01 secs] 
2016-09-13T19:41:40.772-0400: 61.247: [GC (GCLocker Initiated GC) [PSYoungGen: 134842K->5120K(177664K)] 521719K->401339K(701952K), 0.0146279 secs] [Times: user=0.15 sys=0.00, real=0.01 secs] 
2016-09-13T19:41:40.917-0400: 61.392: [GC (Allocation Failure) [PSYoungGen: 104448K->64384K(163840K)] 500918K->461056K(688128K), 0.0320068 secs] [Times: user=0.35 sys=0.01, real=0.03 secs] 
2016-09-13T19:41:41.086-0400: 61.561: [GC (GCLocker Initiated GC) [PSYoungGen: 162199K->26441K(177664K)] 564945K->429405K(701952K), 0.0056135 secs] [Times: user=0.05 sys=0.00, real=0.01 secs] 
2016-09-13T19:41:41.233-0400: 61.708: [GC (GCLocker Initiated GC) [PSYoungGen: 117577K->27960K(119296K)] 520585K->431212K(643584K), 0.0164708 secs] [Times: user=0.16 sys=0.01, real=0.02 secs] 
2016-09-13T19:41:41.379-0400: 61.854: [GC (GCLocker Initiated GC) [PSYoungGen: 119096K->32368K(176640K)] 522470K->436018K(700928K), 0.0061587 secs] [Times: user=0.05 sys=0.00, real=0.00 secs] 
2016-09-13T19:41:41.511-0400: 61.986: [GC (GCLocker Initiated GC) [PSYoungGen: 126576K->38719K(173568K)] 533318K->450120K(697856K), 0.0102324 secs] [Times: user=0.09 sys=0.00, real=0.01 secs] 
2016-09-13T19:41:41.697-0400: 62.172: [GC (Allocation Failure) [PSYoungGen: 132927K->43121K(177664K)] 544568K->455015K(701952K), 0.0415213 secs] [Times: user=0.44 sys=0.00, real=0.04 secs] 
2016-09-13T19:41:41.878-0400: 62.353: [GC (GCLocker Initiated GC) [PSYoungGen: 144618K->43149K(175616K)] 558030K->456755K(699904K), 0.0105767 secs] [Times: user=0.11 sys=0.00, real=0.01 secs] 
2016-09-13T19:41:42.065-0400: 62.540: [GC (Allocation Failure) [PSYoungGen: 145549K->28147K(185856K)] 565410K->448147K(710144K), 0.0059276 secs] [Times: user=0.05 sys=0.00, real=0.01 secs] 
2016-09-13T19:41:42.218-0400: 62.693: [GC (GCLocker Initiated GC) [PSYoungGen: 142835K->31094K(184832K)] 562835K->451370K(709120K), 0.0235608 secs] [Times: user=0.24 sys=0.01, real=0.02 secs] 
2016-09-13T19:41:42.410-0400: 62.885: [GC (GCLocker Initiated GC) [PSYoungGen: 145782K->53944K(185856K)] 566083K->474586K(710144K), 0.0100016 secs] [Times: user=0.14 sys=0.00, real=0.01 secs] 
2016-09-13T19:41:42.633-0400: 63.108: [GC (GCLocker Initiated GC) [PSYoungGen: 171704K->23744K(188928K)] 600082K->462936K(713216K), 0.0128928 secs] [Times: user=0.16 sys=0.00, real=0.01 secs] 
2016-09-13T19:41:42.803-0400: 63.278: [GC (Allocation Failure) [PSYoungGen: 141504K->29447K(186368K)] 580754K->468898K(710656K), 0.0074411 secs] [Times: user=0.04 sys=0.00, real=0.01 secs] 
2016-09-13T19:41:42.973-0400: 63.448: [GC (Allocation Failure) [PSYoungGen: 149767K->27960K(188928K)] 589218K->467624K(713216K), 0.0157546 secs] [Times: user=0.14 sys=0.00, real=0.02 secs] 
2016-09-13T19:41:43.198-0400: 63.673: [GC (GCLocker Initiated GC) [PSYoungGen: 148280K->46249K(193024K)] 587956K->486150K(717312K), 0.0234403 secs] [Times: user=0.24 sys=0.00, real=0.02 secs] 
2016-09-13T19:41:43.406-0400: 63.881: [GC (GCLocker Initiated GC) [PSYoungGen: 172201K->46000K(194048K)] 615231K->489258K(718336K), 0.0269170 secs] [Times: user=0.25 sys=0.00, real=0.03 secs] 
2016-09-13T19:41:43.616-0400: 64.091: [GC (GCLocker Initiated GC) [PSYoungGen: 171952K->64693K(179712K)] 622875K->521788K(704000K), 0.0125458 secs] [Times: user=0.14 sys=0.01, real=0.01 secs] 
2016-09-13T19:41:43.808-0400: 64.283: [GC (GCLocker Initiated GC) [PSYoungGen: 176309K->28243K(186880K)] 635079K->535953K(711168K), 0.0086673 secs] [Times: user=0.12 sys=0.01, real=0.01 secs] 
2016-09-13T19:41:43.817-0400: 64.292: [Full GC (Ergonomics) [PSYoungGen: 28243K->0K(186880K)] [ParOldGen: 507709K->32418K(524288K)] 535953K->32418K(711168K), [Metaspace: 44376K->44376K(1087488K)], 0.0499303 secs] [Times: user=0.34 sys=0.01, real=0.04 secs] 
2016-09-13T19:41:44.013-0400: 64.489: [GC (GCLocker Initiated GC) [PSYoungGen: 111616K->72445K(171008K)] 150458K->143182K(695296K), 0.0123281 secs] [Times: user=0.17 sys=0.00, real=0.01 secs] 
2016-09-13T19:41:44.148-0400: 64.623: [GC (GCLocker Initiated GC) [PSYoungGen: 169725K->64545K(162304K)] 240565K->184392K(686592K), 0.0103265 secs] [Times: user=0.13 sys=0.00, real=0.01 secs] 
2016-09-13T19:41:44.300-0400: 64.775: [GC (GCLocker Initiated GC) [PSYoungGen: 161825K->32804K(177664K)] 293925K->187915K(701952K), 0.0101256 secs] [Times: user=0.14 sys=0.00, real=0.01 secs] 
2016-09-13T19:41:44.461-0400: 64.936: [GC (GCLocker Initiated GC) [PSYoungGen: 123940K->52489K(143872K)] 280593K->209391K(668160K), 0.0068175 secs] [Times: user=0.08 sys=0.00, real=0.01 secs] 
2016-09-13T19:41:44.622-0400: 65.098: [GC (GCLocker Initiated GC) [PSYoungGen: 143625K->52452K(176128K)] 300556K->226364K(700416K), 0.0090154 secs] [Times: user=0.11 sys=0.00, real=0.01 secs] 
2016-09-13T19:41:44.772-0400: 65.247: [GC (GCLocker Initiated GC) [PSYoungGen: 144612K->23537K(175104K)] 326360K->220788K(699392K), 0.0070422 secs] [Times: user=0.10 sys=0.00, real=0.01 secs] 
2016-09-13T19:41:44.904-0400: 65.380: [GC (GCLocker Initiated GC) [PSYoungGen: 115697K->38816K(173056K)] 312993K->236370K(697344K), 0.0075470 secs] [Times: user=0.09 sys=0.00, real=0.01 secs] 
2016-09-13T19:41:45.086-0400: 65.561: [GC (GCLocker Initiated GC) [PSYoungGen: 135072K->43430K(175616K)] 334376K->253551K(699904K), 0.0108383 secs] [Times: user=0.11 sys=0.00, real=0.02 secs] 
2016-09-13T19:41:45.269-0400: 65.745: [GC (GCLocker Initiated GC) [PSYoungGen: 139686K->5270K(179200K)] 362090K->227931K(703488K), 0.0229469 secs] [Times: user=0.24 sys=0.01, real=0.02 secs] 
2016-09-13T19:41:45.463-0400: 65.938: [GC (Allocation Failure) [PSYoungGen: 108182K->23282K(182272K)] 343045K->258339K(706560K), 0.0062829 secs] [Times: user=0.06 sys=0.00, real=0.01 secs] 
2016-09-13T19:41:45.469-0400: 65.944: [GC (GCLocker Initiated GC) [PSYoungGen: 23300K->32K(179200K)] 258357K->258302K(703488K), 0.0074190 secs] [Times: user=0.07 sys=0.00, real=0.01 secs] 
2016-09-13T19:41:45.648-0400: 66.124: [GC (GCLocker Initiated GC) [PSYoungGen: 100982K->56757K(158208K)] 360771K->316546K(682496K), 0.0061116 secs] [Times: user=0.04 sys=0.00, real=0.00 secs] 
2016-09-13T19:41:45.836-0400: 66.312: [GC (GCLocker Initiated GC) [PSYoungGen: 158133K->41761K(180736K)] 418120K->335579K(705024K), 0.0255930 secs] [Times: user=0.26 sys=0.00, real=0.02 secs] 
2016-09-13T19:41:46.002-0400: 66.478: [GC (GCLocker Initiated GC) [PSYoungGen: 138529K->35683K(132608K)] 444550K->341996K(656896K), 0.0083084 secs] [Times: user=0.11 sys=0.00, real=0.01 secs] 
2016-09-13T19:41:46.139-0400: 66.614: [GC (GCLocker Initiated GC) [PSYoungGen: 132451K->69191K(165888K)] 440368K->383467K(690176K), 0.0143798 secs] [Times: user=0.16 sys=0.00, real=0.01 secs] 
2016-09-13T19:41:46.251-0400: 66.727: [GC (GCLocker Initiated GC) [PSYoungGen: 157767K->35750K(174080K)] 472180K->374732K(698368K), 0.0177751 secs] [Times: user=0.18 sys=0.00, real=0.02 secs] 
2016-09-13T19:41:46.400-0400: 66.876: [GC (GCLocker Initiated GC) [PSYoungGen: 124326K->24768K(169472K)] 463319K->371516K(693760K), 0.0097491 secs] [Times: user=0.08 sys=0.00, real=0.01 secs] 
2016-09-13T19:41:46.526-0400: 67.001: [GC (GCLocker Initiated GC) [PSYoungGen: 120000K->53816K(175104K)] 466826K->400860K(699392K), 0.0192203 secs] [Times: user=0.23 sys=0.00, real=0.02 secs] 
2016-09-13T19:41:46.681-0400: 67.156: [GC (Allocation Failure) [PSYoungGen: 149048K->44922K(179712K)] 496304K->418231K(704000K), 0.0112736 secs] [Times: user=0.11 sys=0.00, real=0.01 secs] 
2016-09-13T19:41:46.849-0400: 67.324: [GC (GCLocker Initiated GC) [PSYoungGen: 144887K->38496K(139776K)] 519714K->413446K(664064K), 0.0145087 secs] [Times: user=0.14 sys=0.00, real=0.01 secs] 
2016-09-13T19:41:47.014-0400: 67.489: [GC (GCLocker Initiated GC) [PSYoungGen: 139360K->31125K(181760K)] 514338K->406308K(706048K), 0.0242315 secs] [Times: user=0.25 sys=0.00, real=0.03 secs] 
2016-09-13T19:41:47.191-0400: 67.666: [GC (Allocation Failure) [PSYoungGen: 137109K->27801K(179712K)] 512574K->403546K(704000K), 0.0259123 secs] [Times: user=0.22 sys=0.00, real=0.03 secs] 
2016-09-13T19:41:47.378-0400: 67.853: [GC (GCLocker Initiated GC) [PSYoungGen: 133133K->23500K(185856K)] 510397K->405483K(710144K), 0.0213329 secs] [Times: user=0.26 sys=0.00, real=0.02 secs] 
2016-09-13T19:41:47.608-0400: 68.083: [GC (GCLocker Initiated GC) [PSYoungGen: 137164K->24827K(184832K)] 525428K->413218K(709120K), 0.0164943 secs] [Times: user=0.14 sys=0.00, real=0.01 secs] 
2016-09-13T19:41:47.839-0400: 68.314: [GC (GCLocker Initiated GC) [PSYoungGen: 138491K->50838K(185856K)] 526987K->439448K(710144K), 0.0174113 secs] [Times: user=0.18 sys=0.01, real=0.02 secs] 
2016-09-13T19:41:48.006-0400: 68.481: [GC (GCLocker Initiated GC) [PSYoungGen: 167062K->33971K(188416K)] 557257K->424368K(712704K), 0.0071938 secs] [Times: user=0.06 sys=0.00, real=0.01 secs] 
2016-09-13T19:41:48.140-0400: 68.615: [GC (GCLocker Initiated GC) [PSYoungGen: 150195K->65902K(177664K)] 540868K->481168K(701952K), 0.0235817 secs] [Times: user=0.21 sys=0.00, real=0.02 secs] 
2016-09-13T19:41:48.315-0400: 68.790: [GC (GCLocker Initiated GC) [PSYoungGen: 174446K->32389K(185344K)] 589804K->484332K(709632K), 0.0297427 secs] [Times: user=0.29 sys=0.01, real=0.03 secs] 
2016-09-13T19:41:48.491-0400: 68.967: [GC (GCLocker Initiated GC) [PSYoungGen: 140933K->46657K(181760K)] 592885K->511012K(706048K), 0.0087268 secs] [Times: user=0.13 sys=0.00, real=0.01 secs] 
2016-09-13T19:41:48.654-0400: 69.129: [GC (GCLocker Initiated GC) [PSYoungGen: 157761K->17589K(184832K)] 634291K->494470K(709120K), 0.0104111 secs] [Times: user=0.13 sys=0.00, real=0.01 secs] 
2016-09-13T19:41:48.856-0400: 69.331: [Full GC (Ergonomics) [PSYoungGen: 128693K->0K(184832K)] [ParOldGen: 492187K->38349K(524288K)] 620881K->38349K(709120K), [Metaspace: 44382K->44382K(1087488K)], 0.0610112 secs] [Times: user=0.32 sys=0.00, real=0.06 secs] 
2016-09-13T19:41:49.084-0400: 69.559: [GC (GCLocker Initiated GC) [PSYoungGen: 111104K->46473K(188416K)] 149526K->84896K(712704K), 0.0118676 secs] [Times: user=0.12 sys=0.00, real=0.02 secs] 
2016-09-13T19:41:49.254-0400: 69.729: [GC (GCLocker Initiated GC) [PSYoungGen: 161161K->17452K(188416K)] 211765K->98786K(712704K), 0.0301910 secs] [Times: user=0.34 sys=0.00, real=0.03 secs] 
2016-09-13T19:41:49.452-0400: 69.927: [GC (GCLocker Initiated GC) [PSYoungGen: 132140K->41570K(185344K)] 219590K->133763K(709632K), 0.0279681 secs] [Times: user=0.29 sys=0.00, real=0.03 secs] 
2016-09-13T19:41:49.634-0400: 70.109: [GC (GCLocker Initiated GC) [PSYoungGen: 156258K->31067K(186880K)] 248630K->123573K(711168K), 0.0100668 secs] [Times: user=0.10 sys=0.00, real=0.01 secs] 
2016-09-13T19:41:49.808-0400: 70.283: [GC (Allocation Failure) [PSYoungGen: 145755K->28151K(186880K)] 239787K->122314K(711168K), 0.0137750 secs] [Times: user=0.14 sys=0.00, real=0.01 secs] 
2016-09-13T19:41:50.033-0400: 70.508: [GC (GCLocker Initiated GC) [PSYoungGen: 148471K->40137K(187904K)] 242640K->140606K(712192K), 0.0375651 secs] [Times: user=0.42 sys=0.00, real=0.04 secs] 
2016-09-13T19:41:50.236-0400: 70.711: [GC (GCLocker Initiated GC) [PSYoungGen: 160457K->24956K(193024K)] 262573K->127265K(717312K), 0.0095282 secs] [Times: user=0.07 sys=0.00, real=0.00 secs] 
2016-09-13T19:41:50.423-0400: 70.898: [GC (GCLocker Initiated GC) [PSYoungGen: 153468K->51061K(193536K)] 255948K->161365K(717824K), 0.0094374 secs] [Times: user=0.12 sys=0.01, real=0.01 secs] 
2016-09-13T19:41:50.664-0400: 71.139: [GC (Allocation Failure) [PSYoungGen: 179573K->23437K(195072K)] 303780K->147854K(719360K), 0.0219237 secs] [Times: user=0.21 sys=0.00, real=0.02 secs] 
2016-09-13T19:41:50.861-0400: 71.336: [GC (GCLocker Initiated GC) [PSYoungGen: 150411K->47796K(175104K)] 274833K->172357K(699392K), 0.0201080 secs] [Times: user=0.18 sys=0.01, real=0.02 secs] 
2016-09-13T19:41:51.065-0400: 71.540: [GC (GCLocker Initiated GC) [PSYoungGen: 174772K->59987K(182272K)] 301164K->186562K(706560K), 0.0337420 secs] [Times: user=0.38 sys=0.00, real=0.04 secs] 
2016-09-13T19:41:51.251-0400: 71.726: [GC (GCLocker Initiated GC) [PSYoungGen: 173651K->10108K(123904K)] 312529K->149236K(648192K), 0.0104991 secs] [Times: user=0.15 sys=0.00, real=0.01 secs] 
2016-09-13T19:41:51.459-0400: 71.934: [GC (GCLocker Initiated GC) [PSYoungGen: 123772K->46256K(186880K)] 270659K->193435K(711168K), 0.0076170 secs] [Times: user=0.09 sys=0.01, real=0.00 secs] 
2016-09-13T19:41:51.655-0400: 72.130: [GC (GCLocker Initiated GC) [PSYoungGen: 157872K->34073K(145920K)] 305070K->181441K(670208K), 0.0300477 secs] [Times: user=0.37 sys=0.00, real=0.03 secs] 
2016-09-13T19:41:51.875-0400: 72.350: [GC (GCLocker Initiated GC) [PSYoungGen: 145689K->27961K(185856K)] 306749K->199969K(710144K), 0.0185505 secs] [Times: user=0.20 sys=0.00, real=0.02 secs] 
2016-09-13T19:41:52.053-0400: 72.528: [GC (GCLocker Initiated GC) [PSYoungGen: 141625K->15842K(183808K)] 319733K->200230K(708096K), 0.0116337 secs] [Times: user=0.13 sys=0.01, real=0.01 secs] 
2016-09-13T19:41:52.208-0400: 72.683: [GC (GCLocker Initiated GC) [PSYoungGen: 129506K->35651K(187904K)] 315482K->224914K(712192K), 0.0133738 secs] [Times: user=0.14 sys=0.00, real=0.01 secs] 
2016-09-13T19:41:52.406-0400: 72.881: [GC (GCLocker Initiated GC) [PSYoungGen: 157507K->35623K(188928K)] 346792K->234250K(713216K), 0.0101521 secs] [Times: user=0.09 sys=0.00, real=0.02 secs] 
2016-09-13T19:41:52.604-0400: 73.080: [GC (GCLocker Initiated GC) [PSYoungGen: 157479K->26378K(193536K)] 357636K->234397K(717824K), 0.0200368 secs] [Times: user=0.22 sys=0.00, real=0.02 secs] 
2016-09-13T19:41:52.828-0400: 73.303: [GC (GCLocker Initiated GC) [PSYoungGen: 156938K->29515K(193536K)] 365183K->245583K(717824K), 0.0101358 secs] [Times: user=0.10 sys=0.00, real=0.01 secs] 
2016-09-13T19:41:53.030-0400: 73.505: [GC (GCLocker Initiated GC) [PSYoungGen: 160075K->27960K(197120K)] 376168K->244172K(721408K), 0.0223051 secs] [Times: user=0.21 sys=0.00, real=0.02 secs] 
2016-09-13T19:41:53.256-0400: 73.731: [GC (GCLocker Initiated GC) [PSYoungGen: 166200K->44916K(196608K)] 384255K->263161K(720896K), 0.0067689 secs] [Times: user=0.06 sys=0.00, real=0.00 secs] 
2016-09-13T19:41:53.464-0400: 73.939: [GC (GCLocker Initiated GC) [PSYoungGen: 183156K->41539K(200704K)] 401613K->260256K(724992K), 0.0063362 secs] [Times: user=0.05 sys=0.00, real=0.01 secs] 
2016-09-13T19:41:53.704-0400: 74.179: [GC (GCLocker Initiated GC) [PSYoungGen: 181827K->30907K(171520K)] 400616K->249767K(695808K), 0.0053675 secs] [Times: user=0.03 sys=0.00, real=0.01 secs] 
2016-09-13T19:41:53.957-0400: 74.432: [GC (GCLocker Initiated GC) [PSYoungGen: 171195K->15997K(199168K)] 396149K->241114K(723456K), 0.0347464 secs] [Times: user=0.37 sys=0.00, real=0.03 secs] 
2016-09-13T19:41:54.181-0400: 74.656: [GC (GCLocker Initiated GC) [PSYoungGen: 156285K->28084K(199680K)] 382946K->264141K(723968K), 0.0160764 secs] [Times: user=0.18 sys=0.00, real=0.02 secs] 
2016-09-13T19:41:54.387-0400: 74.863: [GC (GCLocker Initiated GC) [PSYoungGen: 168372K->26256K(201216K)] 404456K->267011K(725504K), 0.0308221 secs] [Times: user=0.28 sys=0.00, real=0.04 secs] 
2016-09-13T19:41:54.649-0400: 75.124: [GC (GCLocker Initiated GC) [PSYoungGen: 171664K->43121K(201216K)] 414223K->291926K(725504K), 0.0201767 secs] [Times: user=0.18 sys=0.00, real=0.02 secs] 
2016-09-13T19:41:54.859-0400: 75.334: [GC (GCLocker Initiated GC) [PSYoungGen: 188529K->46218K(199168K)] 437574K->295465K(723456K), 0.0282726 secs] [Times: user=0.31 sys=0.00, real=0.02 secs] 
2016-09-13T19:41:55.098-0400: 75.573: [GC (GCLocker Initiated GC) [PSYoungGen: 187530K->28263K(201728K)] 444389K->285178K(726016K), 0.0059482 secs] [Times: user=0.06 sys=0.00, real=0.00 secs] 
2016-09-13T19:41:55.329-0400: 75.804: [GC (Allocation Failure) [PSYoungGen: 169575K->25108K(198656K)] 432685K->288647K(722944K), 0.0175466 secs] [Times: user=0.18 sys=0.00, real=0.01 secs] 
2016-09-13T19:41:55.580-0400: 76.055: [GC (Allocation Failure) [PSYoungGen: 167118K->8089K(200704K)] 430656K->271754K(724992K), 0.0088895 secs] [Times: user=0.07 sys=0.00, real=0.01 secs] 
2016-09-13T19:41:55.824-0400: 76.299: [GC (GCLocker Initiated GC) [PSYoungGen: 146803K->28119K(200704K)] 416543K->297998K(724992K), 0.0059595 secs] [Times: user=0.06 sys=0.00, real=0.01 secs] 
2016-09-13T19:41:56.062-0400: 76.537: [GC (GCLocker Initiated GC) [PSYoungGen: 173015K->9889K(201728K)] 455047K->292106K(726016K), 0.0182828 secs] [Times: user=0.17 sys=0.00, real=0.02 secs] 
2016-09-13T19:41:56.313-0400: 76.788: [GC (GCLocker Initiated GC) [PSYoungGen: 154785K->23596K(201728K)] 450833K->319920K(726016K), 0.0123197 secs] [Times: user=0.12 sys=0.00, real=0.01 secs] 
2016-09-13T19:41:56.563-0400: 77.038: [GC (Allocation Failure) [PSYoungGen: 171564K->23218K(203264K)] 474296K->326144K(727552K), 0.0102234 secs] [Times: user=0.09 sys=0.02, real=0.01 secs] 
2016-09-13T19:41:56.815-0400: 77.290: [GC (GCLocker Initiated GC) [PSYoungGen: 171186K->46250K(199680K)] 474116K->349244K(723968K), 0.0070963 secs] [Times: user=0.05 sys=0.00, real=0.01 secs] 
2016-09-13T19:41:57.034-0400: 77.509: [GC (Allocation Failure) [PSYoungGen: 192682K->34169K(204288K)] 495698K->337414K(728576K), 0.0181488 secs] [Times: user=0.19 sys=0.00, real=0.02 secs] 
2016-09-13T19:41:57.295-0400: 77.770: [GC (GCLocker Initiated GC) [PSYoungGen: 180598K->23377K(200192K)] 483846K->342023K(724480K), 0.0173689 secs] [Times: user=0.16 sys=0.01, real=0.02 secs] 
2016-09-13T19:41:57.512-0400: 77.987: [GC (GCLocker Initiated GC) [PSYoungGen: 170833K->49413K(197120K)] 491062K->369852K(721408K), 0.0132485 secs] [Times: user=0.13 sys=0.00, real=0.01 secs] 
2016-09-13T19:41:57.741-0400: 78.216: [GC (GCLocker Initiated GC) [PSYoungGen: 196869K->23494K(203776K)] 525021K->351831K(728064K), 0.0145405 secs] [Times: user=0.13 sys=0.00, real=0.02 secs] 
2016-09-13T19:41:58.023-0400: 78.498: [GC (Allocation Failure) [PSYoungGen: 167366K->37019K(202240K)] 495725K->365518K(726528K), 0.0217305 secs] [Times: user=0.18 sys=0.00, real=0.02 secs] 
2016-09-13T19:41:58.232-0400: 78.707: [GC (GCLocker Initiated GC) [PSYoungGen: 180891K->31057K(200192K)] 509393K->368743K(724480K), 0.0170007 secs] [Times: user=0.16 sys=0.00, real=0.02 secs] 
2016-09-13T19:41:58.477-0400: 78.952: [GC (GCLocker Initiated GC) [PSYoungGen: 176465K->24954K(201216K)] 514182K->362875K(725504K), 0.0071793 secs] [Times: user=0.05 sys=0.00, real=0.00 secs] 
2016-09-13T19:41:58.699-0400: 79.174: [GC (GCLocker Initiated GC) [PSYoungGen: 170362K->24896K(203776K)] 516079K->378487K(728064K), 0.0273586 secs] [Times: user=0.26 sys=0.00, real=0.02 secs] 
2016-09-13T19:41:58.939-0400: 79.414: [GC (Allocation Failure) [PSYoungGen: 176960K->31129K(204800K)] 536863K->391171K(729088K), 0.0361894 secs] [Times: user=0.40 sys=0.00, real=0.03 secs] 
2016-09-13T19:41:59.201-0400: 79.676: [GC (GCLocker Initiated GC) [PSYoungGen: 177487K->28093K(205824K)] 543604K->398951K(730112K), 0.0231585 secs] [Times: user=0.28 sys=0.01, real=0.02 secs] 
2016-09-13T19:41:59.448-0400: 79.923: [GC (GCLocker Initiated GC) [PSYoungGen: 186301K->47832K(207360K)] 557221K->424978K(731648K), 0.0340769 secs] [Times: user=0.37 sys=0.00, real=0.03 secs] 
2016-09-13T19:41:59.719-0400: 80.194: [GC (GCLocker Initiated GC) [PSYoungGen: 206040K->49383K(199168K)] 583230K->446566K(723456K), 0.0284221 secs] [Times: user=0.33 sys=0.00, real=0.02 secs] 
2016-09-13T19:41:59.945-0400: 80.420: [GC (GCLocker Initiated GC) [PSYoungGen: 194791K->29571K(203776K)] 598085K->433090K(728064K), 0.0144121 secs] [Times: user=0.14 sys=0.00, real=0.02 secs] 
2016-09-13T19:42:00.204-0400: 80.679: [GC (GCLocker Initiated GC) [PSYoungGen: 174979K->34104K(198656K)] 578631K->448592K(722944K), 0.0156674 secs] [Times: user=0.15 sys=0.01, real=0.02 secs] 
2016-09-13T19:42:00.450-0400: 80.926: [GC (GCLocker Initiated GC) [PSYoungGen: 181560K->43249K(202240K)] 609866K->476376K(726528K), 0.0267134 secs] [Times: user=0.31 sys=0.00, real=0.03 secs] 
2016-09-13T19:42:00.699-0400: 81.174: [GC (GCLocker Initiated GC) [PSYoungGen: 190705K->23467K(206336K)] 637667K->507168K(730624K), 0.0292308 secs] [Times: user=0.27 sys=0.01, real=0.03 secs] 
2016-09-13T19:42:00.942-0400: 81.417: [GC (GCLocker Initiated GC) [PSYoungGen: 173483K->27838K(178176K)] 663574K->518099K(702464K), 0.0108183 secs] [Times: user=0.10 sys=0.00, real=0.01 secs] 
2016-09-13T19:42:01.213-0400: 81.688: [GC (GCLocker Initiated GC) [PSYoungGen: 177854K->29512K(205824K)] 669656K->521444K(730112K), 0.0094574 secs] [Times: user=0.09 sys=0.00, real=0.01 secs] 
2016-09-13T19:42:01.451-0400: 81.926: [Full GC (Ergonomics) [PSYoungGen: 181064K->0K(205824K)] [ParOldGen: 499629K->39159K(524288K)] 680693K->39159K(730112K), [Metaspace: 44472K->44472K(1087488K)], 0.0717857 secs] [Times: user=0.41 sys=0.01, real=0.07 secs] 
2016-09-13T19:42:01.740-0400: 82.215: [GC (GCLocker Initiated GC) [PSYoungGen: 151552K->49441K(204288K)] 190982K->107096K(728576K), 0.0087006 secs] [Times: user=0.07 sys=0.00, real=0.01 secs] 
2016-09-13T19:42:01.971-0400: 82.446: [GC (GCLocker Initiated GC) [PSYoungGen: 200993K->9699K(201728K)] 264745K->101176K(726016K), 0.0151817 secs] [Times: user=0.09 sys=0.00, real=0.01 secs] 
2016-09-13T19:42:02.187-0400: 82.663: [GC (GCLocker Initiated GC) [PSYoungGen: 154083K->5488K(150016K)] 247101K->110910K(674304K), 0.0093641 secs] [Times: user=0.11 sys=0.00, real=0.02 secs] 
2016-09-13T19:42:02.427-0400: 82.902: [GC (Allocation Failure) [PSYoungGen: 149872K->28115K(204288K)] 255307K->135228K(728576K), 0.0078201 secs] [Times: user=0.07 sys=0.00, real=0.01 secs] 
2016-09-13T19:42:02.688-0400: 83.163: [GC (GCLocker Initiated GC) [PSYoungGen: 171475K->41598K(201216K)] 278591K->154974K(725504K), 0.0110800 secs] [Times: user=0.07 sys=0.00, real=0.01 secs] 
2016-09-13T19:42:02.898-0400: 83.374: [GC (GCLocker Initiated GC) [PSYoungGen: 184958K->50710K(193536K)] 304442K->170259K(717824K), 0.0121797 secs] [Times: user=0.13 sys=0.01, real=0.01 secs] 
2016-09-13T19:42:03.107-0400: 83.582: [GC (GCLocker Initiated GC) [PSYoungGen: 184854K->61533K(196096K)] 304428K->190365K(720384K), 0.0218368 secs] [Times: user=0.24 sys=0.00, real=0.03 secs] 
2016-09-13T19:42:03.326-0400: 83.801: [GC (GCLocker Initiated GC) [PSYoungGen: 195677K->47864K(181760K)] 324688K->190793K(706048K), 0.0072500 secs] [Times: user=0.10 sys=0.00, real=0.01 secs] 
2016-09-13T19:42:03.505-0400: 83.980: [GC (GCLocker Initiated GC) [PSYoungGen: 163576K->69069K(184832K)] 306531K->212292K(709120K), 0.0101159 secs] [Times: user=0.13 sys=0.00, real=0.01 secs] 
2016-09-13T19:42:03.704-0400: 84.179: [GC (GCLocker Initiated GC) [PSYoungGen: 184781K->47676K(178688K)] 332772K->201798K(702976K), 0.0204290 secs] [Times: user=0.18 sys=0.00, real=0.02 secs] 
2016-09-13T19:42:03.888-0400: 84.363: [GC (GCLocker Initiated GC) [PSYoungGen: 149052K->38559K(140288K)] 304903K->194545K(664576K), 0.0300960 secs] [Times: user=0.34 sys=0.00, real=0.03 secs] 
2016-09-13T19:42:04.103-0400: 84.578: [GC (GCLocker Initiated GC) [PSYoungGen: 139935K->23377K(182272K)] 305232K->188847K(706560K), 0.0110165 secs] [Times: user=0.11 sys=0.00, real=0.01 secs] 
2016-09-13T19:42:04.295-0400: 84.770: [GC (GCLocker Initiated GC) [PSYoungGen: 128849K->46032K(181248K)] 294452K->211761K(705536K), 0.0260210 secs] [Times: user=0.27 sys=0.00, real=0.03 secs] 
2016-09-13T19:42:04.469-0400: 84.944: [GC (GCLocker Initiated GC) [PSYoungGen: 151504K->62929K(176128K)] 317411K->233539K(700416K), 0.0072313 secs] [Times: user=0.07 sys=0.00, real=0.01 secs] 
2016-09-13T19:42:04.603-0400: 85.078: [GC (Allocation Failure) [PSYoungGen: 164305K->58399K(160256K)] 335181K->229464K(684544K), 0.0099410 secs] [Times: user=0.09 sys=0.00, real=0.01 secs] 
2016-09-13T19:42:04.734-0400: 85.209: [GC (GCLocker Initiated GC) [PSYoungGen: 158783K->64544K(171520K)] 331367K->237345K(695808K), 0.0299397 secs] [Times: user=0.33 sys=0.01, real=0.03 secs] 
2016-09-13T19:42:04.886-0400: 85.362: [GC (GCLocker Initiated GC) [PSYoungGen: 153632K->43457K(175616K)] 326561K->234829K(699904K), 0.0096095 secs] [Times: user=0.10 sys=0.00, real=0.02 secs] 
2016-09-13T19:42:05.017-0400: 85.492: [GC (GCLocker Initiated GC) [PSYoungGen: 132545K->32713K(171008K)] 325597K->226049K(695296K), 0.0240835 secs] [Times: user=0.31 sys=0.00, real=0.02 secs] 
2016-09-13T19:42:05.187-0400: 85.662: [GC (GCLocker Initiated GC) [PSYoungGen: 125385K->44673K(173568K)] 318964K->238517K(697856K), 0.0095132 secs] [Times: user=0.08 sys=0.01, real=0.02 secs] 
2016-09-13T19:42:05.313-0400: 85.789: [GC (GCLocker Initiated GC) [PSYoungGen: 137345K->46128K(176640K)] 332915K->241902K(700928K), 0.0098385 secs] [Times: user=0.08 sys=0.00, real=0.01 secs] 
2016-09-13T19:42:05.471-0400: 85.946: [GC (GCLocker Initiated GC) [PSYoungGen: 149552K->42012K(178688K)] 345489K->238261K(702976K), 0.0233826 secs] [Times: user=0.24 sys=0.00, real=0.02 secs] 
2016-09-13T19:42:05.657-0400: 86.132: [GC (Allocation Failure) [PSYoungGen: 145436K->29816K(186368K)] 349384K->234116K(710656K), 0.0256063 secs] [Times: user=0.28 sys=0.00, real=0.02 secs] 
2016-09-13T19:42:05.849-0400: 86.325: [GC (GCLocker Initiated GC) [PSYoungGen: 143992K->44917K(186368K)] 348295K->249383K(710656K), 0.0156131 secs] [Times: user=0.17 sys=0.00, real=0.01 secs] 
2016-09-13T19:42:06.053-0400: 86.528: [GC (GCLocker Initiated GC) [PSYoungGen: 159093K->5510K(184320K)] 377400K->224085K(708608K), 0.0265128 secs] [Times: user=0.33 sys=0.02, real=0.03 secs] 
2016-09-13T19:42:06.249-0400: 86.725: [GC (GCLocker Initiated GC) [PSYoungGen: 119686K->50934K(165376K)] 338274K->269764K(689664K), 0.0057524 secs] [Times: user=0.06 sys=0.00, real=0.00 secs] 
2016-09-13T19:42:06.435-0400: 86.910: [GC (GCLocker Initiated GC) [PSYoungGen: 165110K->34136K(189952K)] 384032K->254802K(714240K), 0.0101059 secs] [Times: user=0.09 sys=0.00, real=0.01 secs] 
2016-09-13T19:42:06.625-0400: 87.100: [GC (GCLocker Initiated GC) [PSYoungGen: 149336K->29511K(144896K)] 370005K->257999K(669184K), 0.0214140 secs] [Times: user=0.17 sys=0.00, real=0.02 secs] 
2016-09-13T19:42:06.816-0400: 87.291: [GC (GCLocker Initiated GC) [PSYoungGen: 144711K->46351K(186368K)] 373308K->275256K(710656K), 0.0138885 secs] [Times: user=0.16 sys=0.01, real=0.01 secs] 
2016-09-13T19:42:07.021-0400: 87.496: [GC (GCLocker Initiated GC) [PSYoungGen: 162063K->23309K(185856K)] 398601K->261575K(710144K), 0.0047592 secs] [Times: user=0.03 sys=0.00, real=0.00 secs] 
2016-09-13T19:42:07.175-0400: 87.650: [GC (Allocation Failure) [PSYoungGen: 139021K->29580K(188416K)] 378917K->269630K(712704K), 0.0053993 secs] [Times: user=0.04 sys=0.01, real=0.01 secs] 
2016-09-13T19:42:07.368-0400: 87.843: [GC (GCLocker Initiated GC) [PSYoungGen: 151436K->26505K(189952K)] 391489K->271390K(714240K), 0.0149316 secs] [Times: user=0.16 sys=0.00, real=0.01 secs] 
2016-09-13T19:42:07.586-0400: 88.061: [GC (GCLocker Initiated GC) [PSYoungGen: 148361K->41629K(191488K)] 396434K->289836K(715776K), 0.0062813 secs] [Times: user=0.05 sys=0.00, real=0.01 secs] 
2016-09-13T19:42:07.773-0400: 88.248: [GC (Allocation Failure) [PSYoungGen: 168605K->23496K(193024K)] 418548K->273625K(717312K), 0.0046093 secs] [Times: user=0.04 sys=0.00, real=0.01 secs] 
2016-09-13T19:42:08.010-0400: 88.485: [GC (GCLocker Initiated GC) [PSYoungGen: 146484K->23717K(193536K)] 402688K->280193K(717824K), 0.0191195 secs] [Times: user=0.18 sys=0.00, real=0.02 secs] 
2016-09-13T19:42:08.218-0400: 88.693: [GC (Allocation Failure) [PSYoungGen: 154789K->24859K(195072K)] 412898K->283228K(719360K), 0.0075124 secs] [Times: user=0.06 sys=0.00, real=0.00 secs] 
2016-09-13T19:42:08.406-0400: 88.881: [GC (GCLocker Initiated GC) [PSYoungGen: 155931K->31061K(192512K)] 414301K->295791K(716800K), 0.0270787 secs] [Times: user=0.30 sys=0.00, real=0.03 secs] 
2016-09-13T19:42:08.658-0400: 89.133: [GC (GCLocker Initiated GC) [PSYoungGen: 166229K->23522K(195584K)] 437344K->294847K(719872K), 0.0264288 secs] [Times: user=0.27 sys=0.02, real=0.02 secs] 
2016-09-13T19:42:08.864-0400: 89.339: [GC (GCLocker Initiated GC) [PSYoungGen: 158690K->52357K(193024K)] 430028K->323818K(717312K), 0.0075822 secs] [Times: user=0.07 sys=0.00, real=0.01 secs] 
2016-09-13T19:42:09.083-0400: 89.558: [GC (Allocation Failure) [PSYoungGen: 186501K->41629K(198144K)] 459743K->316446K(722432K), 0.0294771 secs] [Times: user=0.32 sys=0.00, real=0.03 secs] 
2016-09-13T19:42:09.303-0400: 89.778: [GC (GCLocker Initiated GC) [PSYoungGen: 175773K->34041K(192000K)] 450592K->309069K(716288K), 0.0144899 secs] [Times: user=0.14 sys=0.00, real=0.02 secs] 
2016-09-13T19:42:09.512-0400: 89.988: [GC (GCLocker Initiated GC) [PSYoungGen: 168185K->29415K(195072K)] 443239K->304534K(719360K), 0.0205172 secs] [Times: user=0.18 sys=0.00, real=0.02 secs] 
2016-09-13T19:42:09.712-0400: 90.187: [GC (GCLocker Initiated GC) [PSYoungGen: 163559K->43212K(200704K)] 438700K->324720K(724992K), 0.0060547 secs] [Times: user=0.04 sys=0.00, real=0.01 secs] 
2016-09-13T19:42:09.964-0400: 90.439: [GC (GCLocker Initiated GC) [PSYoungGen: 184524K->41628K(201728K)] 466098K->329463K(726016K), 0.0258646 secs] [Times: user=0.28 sys=0.00, real=0.03 secs] 
2016-09-13T19:42:10.211-0400: 90.686: [GC (GCLocker Initiated GC) [PSYoungGen: 182940K->32704K(198144K)] 478493K->328466K(722432K), 0.0122103 secs] [Times: user=0.14 sys=0.00, real=0.01 secs] 
2016-09-13T19:42:10.426-0400: 90.901: [GC (GCLocker Initiated GC) [PSYoungGen: 174528K->32576K(200192K)] 470484K->328663K(724480K), 0.0086112 secs] [Times: user=0.07 sys=0.00, real=0.01 secs] 
2016-09-13T19:42:10.656-0400: 91.131: [GC (GCLocker Initiated GC) [PSYoungGen: 174400K->40079K(203776K)] 470659K->341076K(728064K), 0.0131563 secs] [Times: user=0.14 sys=0.00, real=0.01 secs] 
2016-09-13T19:42:10.899-0400: 91.375: [GC (GCLocker Initiated GC) [PSYoungGen: 187535K->52229K(200192K)] 494639K->359413K(724480K), 0.0175032 secs] [Times: user=0.15 sys=0.00, real=0.02 secs] 
2016-09-13T19:42:11.115-0400: 91.591: [GC (GCLocker Initiated GC) [PSYoungGen: 199685K->46223K(199680K)] 507101K->356806K(723968K), 0.0061578 secs] [Times: user=0.05 sys=0.00, real=0.01 secs] 
2016-09-13T19:42:11.352-0400: 91.828: [GC (GCLocker Initiated GC) [PSYoungGen: 185487K->46160K(185856K)] 496285K->357120K(710144K), 0.0130121 secs] [Times: user=0.14 sys=0.00, real=0.01 secs] 
2016-09-13T19:42:11.586-0400: 92.061: [GC (GCLocker Initiated GC) [PSYoungGen: 185424K->15720K(197120K)] 497925K->328352K(721408K), 0.0114084 secs] [Times: user=0.10 sys=0.00, real=0.02 secs] 
2016-09-13T19:42:11.815-0400: 92.290: [GC (GCLocker Initiated GC) [PSYoungGen: 150888K->44928K(180224K)] 465215K->379206K(704512K), 0.0098714 secs] [Times: user=0.12 sys=0.00, real=0.01 secs] 
2016-09-13T19:42:12.056-0400: 92.531: [GC (GCLocker Initiated GC) [PSYoungGen: 180096K->9917K(194048K)] 526689K->365703K(718336K), 0.0202284 secs] [Times: user=0.23 sys=0.00, real=0.02 secs] 
2016-09-13T19:42:12.257-0400: 92.733: [GC (GCLocker Initiated GC) [PSYoungGen: 139965K->43244K(196096K)] 497510K->400927K(720384K), 0.0057990 secs] [Times: user=0.04 sys=0.00, real=0.00 secs] 
2016-09-13T19:42:12.466-0400: 92.941: [GC (GCLocker Initiated GC) [PSYoungGen: 173292K->41848K(195072K)] 532731K->401521K(719360K), 0.0187185 secs] [Times: user=0.24 sys=0.00, real=0.02 secs] 
2016-09-13T19:42:12.712-0400: 93.188: [GC (GCLocker Initiated GC) [PSYoungGen: 171896K->46249K(195584K)] 531733K->406288K(719872K), 0.0060496 secs] [Times: user=0.06 sys=0.00, real=0.01 secs] 
2016-09-13T19:42:12.920-0400: 93.395: [GC (Allocation Failure) [PSYoungGen: 176297K->34126K(193024K)] 542498K->400398K(717312K), 0.0077258 secs] [Times: user=0.05 sys=0.00, real=0.01 secs] 
2016-09-13T19:42:12.928-0400: 93.404: [GC (GCLocker Initiated GC) [PSYoungGen: 34691K->160K(194560K)] 400963K->401936K(718848K), 0.0049474 secs] [Times: user=0.06 sys=0.00, real=0.00 secs] 
2016-09-13T19:42:13.119-0400: 93.594: [GC (GCLocker Initiated GC) [PSYoungGen: 125415K->32830K(194560K)] 533267K->440690K(718848K), 0.0125043 secs] [Times: user=0.12 sys=0.01, real=0.01 secs] 
2016-09-13T19:42:13.324-0400: 93.799: [GC (GCLocker Initiated GC) [PSYoungGen: 163390K->44698K(194560K)] 571431K->459414K(718848K), 0.0094037 secs] [Times: user=0.08 sys=0.00, real=0.01 secs] 
2016-09-13T19:42:13.537-0400: 94.012: [GC (Allocation Failure) [PSYoungGen: 175258K->23340K(196608K)] 590268K->438468K(720896K), 0.0314280 secs] [Times: user=0.29 sys=0.01, real=0.03 secs] 
2016-09-13T19:42:13.742-0400: 94.217: [GC (GCLocker Initiated GC) [PSYoungGen: 155948K->43307K(196608K)] 571079K->458722K(720896K), 0.0059030 secs] [Times: user=0.05 sys=0.00, real=0.00 secs] 
2016-09-13T19:42:14.000-0400: 94.475: [GC (GCLocker Initiated GC) [PSYoungGen: 175915K->12587K(196096K)] 591333K->428191K(720384K), 0.0066438 secs] [Times: user=0.04 sys=0.00, real=0.00 secs] 
2016-09-13T19:42:14.212-0400: 94.687: [GC (GCLocker Initiated GC) [PSYoungGen: 143659K->46244K(177664K)] 565595K->468319K(701952K), 0.0134094 secs] [Times: user=0.10 sys=0.00, real=0.01 secs] 
2016-09-13T19:42:14.415-0400: 94.890: [GC (GCLocker Initiated GC) [PSYoungGen: 177316K->49260K(190464K)] 600937K->491382K(714752K), 0.0082003 secs] [Times: user=0.07 sys=0.00, real=0.01 secs] 
2016-09-13T19:42:14.622-0400: 95.097: [GC (Allocation Failure) [PSYoungGen: 172140K->46343K(169472K)] 614494K->491952K(693760K), 0.0067260 secs] [Times: user=0.07 sys=0.00, real=0.01 secs] 
2016-09-13T19:42:14.799-0400: 95.274: [GC (GCLocker Initiated GC) [PSYoungGen: 169223K->15837K(191488K)] 614835K->461764K(715776K), 0.0181148 secs] [Times: user=0.16 sys=0.00, real=0.02 secs] 
2016-09-13T19:42:15.005-0400: 95.480: [GC (GCLocker Initiated GC) [PSYoungGen: 136669K->24924K(145920K)] 588690K->477112K(670208K), 0.0124875 secs] [Times: user=0.14 sys=0.00, real=0.02 secs] 
2016-09-13T19:42:15.203-0400: 95.678: [GC (GCLocker Initiated GC) [PSYoungGen: 145756K->6826K(188416K)] 605554K->475832K(712704K), 0.0287551 secs] [Times: user=0.29 sys=0.00, real=0.03 secs] 
2016-09-13T19:42:15.437-0400: 95.912: [GC (GCLocker Initiated GC) [PSYoungGen: 126634K->53935K(174080K)] 597247K->524848K(698368K), 0.0131180 secs] [Times: user=0.15 sys=0.00, real=0.01 secs] 
2016-09-13T19:42:15.619-0400: 96.094: [GC (GCLocker Initiated GC) [PSYoungGen: 173743K->43276K(187904K)] 646468K->531327K(712192K), 0.0216170 secs] [Times: user=0.25 sys=0.01, real=0.02 secs] 
2016-09-13T19:42:15.791-0400: 96.266: [GC (GCLocker Initiated GC) [PSYoungGen: 156940K->26442K(140288K)] 645024K->514685K(664576K), 0.0236844 secs] [Times: user=0.30 sys=0.01, real=0.02 secs] 
2016-09-13T19:42:15.987-0400: 96.462: [GC (Allocation Failure) [PSYoungGen: 140106K->8211K(184320K)] 634505K->502767K(708608K), 0.0137088 secs] [Times: user=0.12 sys=0.00, real=0.02 secs] 
2016-09-13T19:42:16.162-0400: 96.637: [GC (Allocation Failure) [PSYoungGen: 121363K->38438K(184832K)] 615919K->540879K(709120K), 0.0098260 secs] [Times: user=0.08 sys=0.00, real=0.01 secs] 
2016-09-13T19:42:16.321-0400: 96.797: [GC (GCLocker Initiated GC) [PSYoungGen: 151590K->43147K(189440K)] 654031K->545711K(713728K), 0.0138534 secs] [Times: user=0.12 sys=0.01, real=0.01 secs] 
2016-09-13T19:42:16.526-0400: 97.001: [GC (GCLocker Initiated GC) [PSYoungGen: 161931K->41534K(189952K)] 664637K->544492K(714240K), 0.0215833 secs] [Times: user=0.20 sys=0.01, real=0.02 secs] 
2016-09-13T19:42:16.731-0400: 97.206: [Full GC (Ergonomics) [PSYoungGen: 160318K->0K(189952K)] [ParOldGen: 510766K->38190K(524288K)] 671085K->38190K(714240K), [Metaspace: 44513K->44513K(1087488K)], 0.0743847 secs] [Times: user=0.50 sys=0.00, real=0.07 secs] 
2016-09-13T19:42:16.951-0400: 97.426: [GC (GCLocker Initiated GC) [PSYoungGen: 118784K->41762K(188928K)] 163082K->86060K(713216K), 0.0066087 secs] [Times: user=0.05 sys=0.00, real=0.01 secs] 
2016-09-13T19:42:17.117-0400: 97.592: [GC (GCLocker Initiated GC) [PSYoungGen: 162082K->41665K(189952K)] 208032K->100137K(714240K), 0.0065446 secs] [Times: user=0.04 sys=0.00, real=0.00 secs] 
2016-09-13T19:42:17.310-0400: 97.786: [GC (GCLocker Initiated GC) [PSYoungGen: 161985K->46260K(192000K)] 222275K->108270K(716288K), 0.0053875 secs] [Times: user=0.04 sys=0.00, real=0.01 secs] 
2016-09-13T19:42:17.514-0400: 97.989: [GC (GCLocker Initiated GC) [PSYoungGen: 169140K->65812K(188928K)] 231424K->128167K(713216K), 0.0241522 secs] [Times: user=0.23 sys=0.00, real=0.03 secs] 
2016-09-13T19:42:17.711-0400: 98.186: [GC (Allocation Failure) [PSYoungGen: 188692K->47859K(181760K)] 251083K->110314K(706048K), 0.0150560 secs] [Times: user=0.12 sys=0.00, real=0.01 secs] 
2016-09-13T19:42:17.727-0400: 98.202: [GC (GCLocker Initiated GC) [PSYoungGen: 47996K->32K(109056K)] 110452K->107029K(633344K), 0.0128471 secs] [Times: user=0.12 sys=0.00, real=0.02 secs] 
2016-09-13T19:42:17.907-0400: 98.382: [GC (GCLocker Initiated GC) [PSYoungGen: 103521K->35995K(186368K)] 216593K->149067K(710656K), 0.0100711 secs] [Times: user=0.08 sys=0.00, real=0.02 secs] 
2016-09-13T19:42:18.081-0400: 98.556: [GC (GCLocker Initiated GC) [PSYoungGen: 142491K->40243K(146944K)] 257323K->160184K(671232K), 0.0191368 secs] [Times: user=0.19 sys=0.00, real=0.02 secs] 
2016-09-13T19:42:18.282-0400: 98.757: [GC (GCLocker Initiated GC) [PSYoungGen: 146739K->34010K(182784K)] 266705K->154170K(707072K), 0.0097935 secs] [Times: user=0.10 sys=0.00, real=0.01 secs] 
2016-09-13T19:42:18.465-0400: 98.940: [GC (GCLocker Initiated GC) [PSYoungGen: 143578K->52521K(179712K)] 263867K->179072K(704000K), 0.0163902 secs] [Times: user=0.21 sys=0.00, real=0.02 secs] 
2016-09-13T19:42:18.653-0400: 99.128: [GC (GCLocker Initiated GC) [PSYoungGen: 162089K->47582K(189440K)] 290195K->175874K(713728K), 0.0175495 secs] [Times: user=0.17 sys=0.00, real=0.02 secs] 
2016-09-13T19:42:18.812-0400: 99.287: [GC (GCLocker Initiated GC) [PSYoungGen: 164318K->43244K(160256K)] 292843K->179567K(684544K), 0.0059679 secs] [Times: user=0.06 sys=0.00, real=0.01 secs] 
2016-09-13T19:42:18.995-0400: 99.471: [GC (GCLocker Initiated GC) [PSYoungGen: 159980K->35778K(190464K)] 296319K->172425K(714752K), 0.0095206 secs] [Times: user=0.13 sys=0.01, real=0.01 secs] 
2016-09-13T19:42:19.200-0400: 99.675: [GC (GCLocker Initiated GC) [PSYoungGen: 155074K->5552K(187904K)] 299318K->162270K(712192K), 0.0111436 secs] [Times: user=0.16 sys=0.00, real=0.01 secs] 
2016-09-13T19:42:19.392-0400: 99.867: [GC (GCLocker Initiated GC) [PSYoungGen: 124848K->40143K(192000K)] 281741K->197191K(716288K), 0.0129270 secs] [Times: user=0.12 sys=0.00, real=0.01 secs] 
2016-09-13T19:42:19.568-0400: 100.043: [GC (Allocation Failure) [PSYoungGen: 161487K->28152K(149504K)] 318775K->203836K(673792K), 0.0100514 secs] [Times: user=0.14 sys=0.00, real=0.01 secs] 
2016-09-13T19:42:19.763-0400: 100.238: [GC (Allocation Failure) [PSYoungGen: 143896K->10050K(188416K)] 319579K->186026K(712704K), 0.0030651 secs] [Times: user=0.03 sys=0.00, real=0.00 secs] 
2016-09-13T19:42:19.962-0400: 100.437: [GC (GCLocker Initiated GC) [PSYoungGen: 130000K->28089K(189440K)] 307494K->205891K(713728K), 0.0073447 secs] [Times: user=0.07 sys=0.00, real=0.01 secs] 
2016-09-13T19:42:20.160-0400: 100.635: [GC (GCLocker Initiated GC) [PSYoungGen: 148921K->44576K(189952K)] 327031K->222734K(714240K), 0.0162418 secs] [Times: user=0.14 sys=0.00, real=0.02 secs] 
2016-09-13T19:42:20.352-0400: 100.827: [GC (GCLocker Initiated GC) [PSYoungGen: 168992K->31003K(191488K)] 347415K->209482K(715776K), 0.0127333 secs] [Times: user=0.10 sys=0.00, real=0.01 secs] 
2016-09-13T19:42:20.574-0400: 101.049: [GC (Allocation Failure) [PSYoungGen: 155419K->23532K(193536K)] 335590K->203908K(717824K), 0.0142789 secs] [Times: user=0.15 sys=0.00, real=0.02 secs] 
2016-09-13T19:42:20.771-0400: 101.247: [GC (GCLocker Initiated GC) [PSYoungGen: 154457K->29570K(193536K)] 336352K->211666K(717824K), 0.0219958 secs] [Times: user=0.22 sys=0.00, real=0.02 secs] 
2016-09-13T19:42:20.966-0400: 101.441: [GC (GCLocker Initiated GC) [PSYoungGen: 160642K->28024K(197632K)] 343001K->210592K(721920K), 0.0146490 secs] [Times: user=0.12 sys=0.00, real=0.02 secs] 
2016-09-13T19:42:21.211-0400: 101.686: [GC (GCLocker Initiated GC) [PSYoungGen: 167288K->35715K(197120K)] 349980K->218698K(721408K), 0.0060757 secs] [Times: user=0.07 sys=0.01, real=0.01 secs] 
2016-09-13T19:42:21.455-0400: 101.930: [GC (GCLocker Initiated GC) [PSYoungGen: 174979K->41601K(201728K)] 364290K->234139K(726016K), 0.0277964 secs] [Times: user=0.22 sys=0.01, real=0.03 secs] 
2016-09-13T19:42:21.680-0400: 102.155: [GC (Allocation Failure) [PSYoungGen: 186497K->46404K(191488K)] 379125K->239237K(715776K), 0.0259442 secs] [Times: user=0.26 sys=0.00, real=0.02 secs] 
2016-09-13T19:42:21.908-0400: 102.383: [GC (GCLocker Initiated GC) [PSYoungGen: 191300K->60137K(187392K)] 384144K->266966K(711680K), 0.0105639 secs] [Times: user=0.09 sys=0.00, real=0.02 secs] 
2016-09-13T19:42:22.094-0400: 102.570: [GC (GCLocker Initiated GC) [PSYoungGen: 187113K->65961K(193024K)] 394136K->273170K(717312K), 0.0071326 secs] [Times: user=0.05 sys=0.00, real=0.01 secs] 
2016-09-13T19:42:22.300-0400: 102.775: [GC (GCLocker Initiated GC) [PSYoungGen: 192937K->64481K(169472K)] 400266K->273627K(693760K), 0.0085505 secs] [Times: user=0.09 sys=0.00, real=0.01 secs] 
2016-09-13T19:42:22.468-0400: 102.943: [GC (GCLocker Initiated GC) [PSYoungGen: 164833K->47959K(181248K)] 374160K->268081K(705536K), 0.0229976 secs] [Times: user=0.32 sys=0.01, real=0.02 secs] 
2016-09-13T19:42:22.657-0400: 103.132: [GC (GCLocker Initiated GC) [PSYoungGen: 148311K->23591K(179200K)] 374713K->250293K(703488K), 0.0256696 secs] [Times: user=0.34 sys=0.00, real=0.02 secs] 
2016-09-13T19:42:22.847-0400: 103.322: [GC (GCLocker Initiated GC) [PSYoungGen: 125991K->34073K(181248K)] 352712K->261161K(705536K), 0.0116167 secs] [Times: user=0.11 sys=0.00, real=0.02 secs] 
2016-09-13T19:42:23.034-0400: 103.509: [GC (Allocation Failure) [PSYoungGen: 136473K->32522K(178688K)] 363583K->272074K(702976K), 0.0239993 secs] [Times: user=0.26 sys=0.00, real=0.03 secs] 
2016-09-13T19:42:23.184-0400: 103.659: [GC (GCLocker Initiated GC) [PSYoungGen: 138212K->41657K(180736K)] 379283K->295154K(705024K), 0.0254187 secs] [Times: user=0.31 sys=0.00, real=0.03 secs] 
2016-09-13T19:42:23.333-0400: 103.809: [GC (GCLocker Initiated GC) [PSYoungGen: 148665K->47613K(187904K)] 402270K->301408K(712192K), 0.0080092 secs] [Times: user=0.05 sys=0.00, real=0.01 secs] 
2016-09-13T19:42:23.501-0400: 103.976: [GC (GCLocker Initiated GC) [PSYoungGen: 164349K->64513K(181760K)] 418409K->318830K(706048K), 0.0313162 secs] [Times: user=0.37 sys=0.00, real=0.03 secs] 
2016-09-13T19:42:23.699-0400: 104.174: [GC (GCLocker Initiated GC) [PSYoungGen: 181249K->47895K(186880K)] 441786K->308571K(711168K), 0.0104898 secs] [Times: user=0.09 sys=0.00, real=0.01 secs] 
2016-09-13T19:42:23.907-0400: 104.382: [GC (GCLocker Initiated GC) [PSYoungGen: 157975K->50960K(185344K)] 418754K->311914K(709632K), 0.0218314 secs] [Times: user=0.29 sys=0.00, real=0.03 secs] 
2016-09-13T19:42:24.082-0400: 104.557: [GC (GCLocker Initiated GC) [PSYoungGen: 161040K->49132K(185344K)] 422179K->316673K(709632K), 0.0322181 secs] [Times: user=0.30 sys=0.00, real=0.03 secs] 
2016-09-13T19:42:24.286-0400: 104.762: [GC (GCLocker Initiated GC) [PSYoungGen: 160748K->40015K(185344K)] 428291K->315361K(709632K), 0.0074850 secs] [Times: user=0.06 sys=0.00, real=0.01 secs] 
2016-09-13T19:42:24.465-0400: 104.940: [GC (Allocation Failure) [PSYoungGen: 151631K->5142K(182272K)] 439336K->292945K(706560K), 0.0156068 secs] [Times: user=0.14 sys=0.00, real=0.02 secs] 
2016-09-13T19:42:24.637-0400: 105.112: [GC (GCLocker Initiated GC) [PSYoungGen: 115734K->27998K(186368K)] 403538K->316003K(710656K), 0.0126229 secs] [Times: user=0.13 sys=0.00, real=0.01 secs] 
2016-09-13T19:42:24.808-0400: 105.283: [GC (GCLocker Initiated GC) [PSYoungGen: 138590K->17329K(184832K)] 432684K->311562K(709120K), 0.0218731 secs] [Times: user=0.23 sys=0.00, real=0.02 secs] 
2016-09-13T19:42:25.010-0400: 105.485: [GC (GCLocker Initiated GC) [PSYoungGen: 129457K->52298K(164864K)] 423796K->354546K(689152K), 0.0332559 secs] [Times: user=0.38 sys=0.00, real=0.03 secs] 
2016-09-13T19:42:25.212-0400: 105.687: [GC (GCLocker Initiated GC) [PSYoungGen: 164426K->46376K(186368K)] 468304K->358058K(710656K), 0.0095749 secs] [Times: user=0.08 sys=0.00, real=0.01 secs] 
2016-09-13T19:42:25.360-0400: 105.836: [GC (GCLocker Initiated GC) [PSYoungGen: 156456K->34132K(144384K)] 471206K->349269K(668672K), 0.0309449 secs] [Times: user=0.34 sys=0.00, real=0.03 secs] 
2016-09-13T19:42:25.589-0400: 106.064: [GC (Allocation Failure) [PSYoungGen: 144212K->6639K(180736K)] 465658K->337318K(705024K), 0.0095113 secs] [Times: user=0.08 sys=0.00, real=0.01 secs] 
2016-09-13T19:42:25.733-0400: 106.208: [GC (Allocation Failure) [PSYoungGen: 114671K->41625K(182784K)] 445350K->372422K(707072K), 0.0407180 secs] [Times: user=0.47 sys=0.01, real=0.04 secs] 
2016-09-13T19:42:25.911-0400: 106.386: [GC (GCLocker Initiated GC) [PSYoungGen: 149657K->61442K(177664K)] 480460K->392451K(701952K), 0.0180388 secs] [Times: user=0.20 sys=0.00, real=0.02 secs] 
2016-09-13T19:42:26.076-0400: 106.551: [GC (GCLocker Initiated GC) [PSYoungGen: 165890K->46185K(183296K)] 496970K->377491K(707584K), 0.0150369 secs] [Times: user=0.14 sys=0.00, real=0.01 secs] 
2016-09-13T19:42:26.235-0400: 106.710: [GC (Allocation Failure) [PSYoungGen: 150633K->26405K(179200K)] 482117K->358074K(703488K), 0.0110474 secs] [Times: user=0.12 sys=0.00, real=0.01 secs] 
2016-09-13T19:42:26.402-0400: 106.877: [GC (GCLocker Initiated GC) [PSYoungGen: 127080K->17398K(181760K)] 464824K->355422K(706048K), 0.0237798 secs] [Times: user=0.24 sys=0.00, real=0.02 secs] 
2016-09-13T19:42:26.584-0400: 107.060: [GC (GCLocker Initiated GC) [PSYoungGen: 122870K->29452K(180224K)] 460977K->367782K(704512K), 0.0129919 secs] [Times: user=0.13 sys=0.00, real=0.02 secs] 
2016-09-13T19:42:26.736-0400: 107.211: [GC (Allocation Failure) [PSYoungGen: 139532K->46281K(183296K)] 478071K->385037K(707584K), 0.0104477 secs] [Times: user=0.10 sys=0.01, real=0.00 secs] 
2016-09-13T19:42:26.928-0400: 107.403: [GC (GCLocker Initiated GC) [PSYoungGen: 156361K->41662K(185856K)] 495118K->380636K(710144K), 0.0292730 secs] [Times: user=0.33 sys=0.00, real=0.03 secs] 
2016-09-13T19:42:27.127-0400: 107.602: [GC (Allocation Failure) [PSYoungGen: 157374K->56854K(173056K)] 498073K->397708K(697344K), 0.0080424 secs] [Times: user=0.06 sys=0.00, real=0.01 secs] 
2016-09-13T19:42:27.321-0400: 107.796: [GC (GCLocker Initiated GC) [PSYoungGen: 171545K->46185K(187392K)] 513917K->388677K(711680K), 0.0238615 secs] [Times: user=0.23 sys=0.01, real=0.02 secs] 
2016-09-13T19:42:27.501-0400: 107.976: [GC (GCLocker Initiated GC) [PSYoungGen: 158313K->59955K(172544K)] 500833K->402654K(696832K), 0.0111191 secs] [Times: user=0.10 sys=0.00, real=0.01 secs] 
2016-09-13T19:42:27.673-0400: 108.148: [GC (GCLocker Initiated GC) [PSYoungGen: 172083K->43174K(186880K)] 514804K->389102K(711168K), 0.0089832 secs] [Times: user=0.09 sys=0.00, real=0.01 secs] 
2016-09-13T19:42:27.855-0400: 108.330: [GC (GCLocker Initiated GC) [PSYoungGen: 151718K->9827K(183808K)] 509838K->377476K(708096K), 0.0213724 secs] [Times: user=0.22 sys=0.01, real=0.03 secs] 
2016-09-13T19:42:28.046-0400: 108.521: [GC (GCLocker Initiated GC) [PSYoungGen: 118371K->59891K(177152K)] 486176K->429319K(701440K), 0.0068379 secs] [Times: user=0.05 sys=0.00, real=0.01 secs] 
2016-09-13T19:42:28.211-0400: 108.686: [GC (GCLocker Initiated GC) [PSYoungGen: 159219K->12619K(112128K)] 534747K->388317K(636416K), 0.0038715 secs] [Times: user=0.01 sys=0.01, real=0.00 secs] 
2016-09-13T19:42:28.369-0400: 108.845: [GC (GCLocker Initiated GC) [PSYoungGen: 111947K->44544K(181760K)] 487775K->423614K(706048K), 0.0210711 secs] [Times: user=0.21 sys=0.01, real=0.02 secs] 
2016-09-13T19:42:28.524-0400: 108.999: [GC (GCLocker Initiated GC) [PSYoungGen: 143872K->50774K(179712K)] 522975K->430138K(704000K), 0.0220920 secs] [Times: user=0.26 sys=0.00, real=0.02 secs] 
2016-09-13T19:42:28.699-0400: 109.174: [GC (GCLocker Initiated GC) [PSYoungGen: 150102K->26473K(179200K)] 541799K->425852K(703488K), 0.0336719 secs] [Times: user=0.39 sys=0.00, real=0.03 secs] 
2016-09-13T19:42:28.873-0400: 109.348: [GC (GCLocker Initiated GC) [PSYoungGen: 127337K->54062K(179712K)] 526813K->453830K(704000K), 0.0124039 secs] [Times: user=0.18 sys=0.00, real=0.01 secs] 
2016-09-13T19:42:29.032-0400: 109.507: [GC (GCLocker Initiated GC) [PSYoungGen: 154926K->26569K(181760K)] 554697K->437205K(706048K), 0.0115031 secs] [Times: user=0.14 sys=0.00, real=0.01 secs] 
2016-09-13T19:42:29.203-0400: 109.678: [GC (Allocation Failure) [PSYoungGen: 129481K->12619K(181760K)] 546380K->429696K(706048K), 0.0044637 secs] [Times: user=0.04 sys=0.00, real=0.00 secs] 
2016-09-13T19:42:29.355-0400: 109.830: [GC (GCLocker Initiated GC) [PSYoungGen: 115531K->32619K(176640K)] 532610K->449826K(700928K), 0.0118175 secs] [Times: user=0.12 sys=0.00, real=0.01 secs] 
2016-09-13T19:42:29.527-0400: 110.002: [GC (GCLocker Initiated GC) [PSYoungGen: 136555K->23596K(179712K)] 553898K->441153K(704000K), 0.0059209 secs] [Times: user=0.08 sys=0.00, real=0.01 secs] 
2016-09-13T19:42:29.699-0400: 110.174: [GC (GCLocker Initiated GC) [PSYoungGen: 127532K->50620K(184320K)] 545126K->468399K(708608K), 0.0109347 secs] [Times: user=0.12 sys=0.00, real=0.01 secs] 
2016-09-13T19:42:29.892-0400: 110.367: [GC (GCLocker Initiated GC) [PSYoungGen: 161212K->41937K(186368K)] 585332K->481333K(710656K), 0.0129495 secs] [Times: user=0.18 sys=0.00, real=0.01 secs] 
2016-09-13T19:42:30.076-0400: 110.551: [GC (Allocation Failure) [PSYoungGen: 152529K->46256K(184832K)] 592143K->486134K(709120K), 0.0069129 secs] [Times: user=0.06 sys=0.00, real=0.00 secs] 
2016-09-13T19:42:30.246-0400: 110.721: [GC (GCLocker Initiated GC) [PSYoungGen: 152782K->24924K(185856K)] 598735K->471042K(710144K), 0.0230019 secs] [Times: user=0.30 sys=0.00, real=0.03 secs] 
2016-09-13T19:42:30.451-0400: 110.926: [GC (GCLocker Initiated GC) [PSYoungGen: 137052K->14382K(187392K)] 595502K->472963K(711680K), 0.0096205 secs] [Times: user=0.10 sys=0.00, real=0.01 secs] 
2016-09-13T19:42:30.662-0400: 111.137: [GC (GCLocker Initiated GC) [PSYoungGen: 129582K->23436K(187904K)] 595774K->494452K(712192K), 0.0313954 secs] [Times: user=0.29 sys=0.00, real=0.03 secs] 
2016-09-13T19:42:30.887-0400: 111.362: [GC (Allocation Failure) [PSYoungGen: 138636K->26320K(185856K)] 609714K->502112K(710144K), 0.0063474 secs] [Times: user=0.05 sys=0.00, real=0.01 secs] 
2016-09-13T19:42:31.046-0400: 111.521: [GC (GCLocker Initiated GC) [PSYoungGen: 143103K->29452K(186880K)] 624971K->516007K(711168K), 0.0171320 secs] [Times: user=0.15 sys=0.00, real=0.02 secs] 
2016-09-13T19:42:31.252-0400: 111.728: [GC (Allocation Failure) [PSYoungGen: 148236K->26537K(190976K)] 634835K->514922K(715264K), 0.0275066 secs] [Times: user=0.28 sys=0.00, real=0.03 secs] 
2016-09-13T19:42:31.445-0400: 111.920: [GC (GCLocker Initiated GC) [PSYoungGen: 151691K->29547K(191488K)] 646152K->533354K(715776K), 0.0154909 secs] [Times: user=0.14 sys=0.00, real=0.02 secs] 
2016-09-13T19:42:31.661-0400: 112.136: [Full GC (Ergonomics) [PSYoungGen: 158571K->0K(191488K)] [ParOldGen: 516046K->39105K(524288K)] 674618K->39105K(715776K), [Metaspace: 44541K->44541K(1087488K)], 0.0629099 secs] [Times: user=0.34 sys=0.00, real=0.06 secs] 
2016-09-13T19:42:31.908-0400: 112.383: [GC (GCLocker Initiated GC) [PSYoungGen: 129024K->53997K(190976K)] 174232K->105281K(715264K), 0.0075586 secs] [Times: user=0.06 sys=0.00, real=0.01 secs] 
2016-09-13T19:42:32.101-0400: 112.576: [GC (GCLocker Initiated GC) [PSYoungGen: 185069K->40425K(196608K)] 245662K->133267K(720896K), 0.0184446 secs] [Times: user=0.23 sys=0.00, real=0.02 secs] 
2016-09-13T19:42:32.317-0400: 112.792: [GC (Allocation Failure) [PSYoungGen: 171497K->32894K(189952K)] 264372K->125849K(714240K), 0.0110097 secs] [Times: user=0.13 sys=0.00, real=0.01 secs] 
2016-09-13T19:42:32.535-0400: 113.010: [GC (GCLocker Initiated GC) [PSYoungGen: 163449K->32587K(193536K)] 262478K->131940K(717824K), 0.0104815 secs] [Times: user=0.13 sys=0.01, real=0.01 secs] 
2016-09-13T19:42:32.748-0400: 113.223: [GC (GCLocker Initiated GC) [PSYoungGen: 164171K->5142K(197632K)] 271434K->112535K(721920K), 0.0156712 secs] [Times: user=0.18 sys=0.00, real=0.01 secs] 
2016-09-13T19:42:32.995-0400: 113.470: [GC (GCLocker Initiated GC) [PSYoungGen: 143382K->32795K(200192K)] 250855K->140561K(724480K), 0.0098740 secs] [Times: user=0.13 sys=0.00, real=0.01 secs] 
2016-09-13T19:42:33.230-0400: 113.705: [GC (GCLocker Initiated GC) [PSYoungGen: 171035K->46377K(196608K)] 278991K->154488K(720896K), 0.0137626 secs] [Times: user=0.14 sys=0.00, real=0.01 secs] 
2016-09-13T19:42:33.446-0400: 113.921: [GC (GCLocker Initiated GC) [PSYoungGen: 183593K->14547K(199680K)] 303971K->135165K(723968K), 0.0108918 secs] [Times: user=0.12 sys=0.01, real=0.02 secs] 
2016-09-13T19:42:33.656-0400: 114.131: [GC (GCLocker Initiated GC) [PSYoungGen: 151763K->47804K(193536K)] 272573K->168742K(717824K), 0.0272167 secs] [Times: user=0.30 sys=0.00, real=0.03 secs] 
2016-09-13T19:42:33.899-0400: 114.374: [GC (GCLocker Initiated GC) [PSYoungGen: 178876K->24800K(196608K)] 312251K->158344K(720896K), 0.0129769 secs] [Times: user=0.14 sys=0.00, real=0.01 secs] 
2016-09-13T19:42:34.098-0400: 114.573: [GC (GCLocker Initiated GC) [PSYoungGen: 155872K->63296K(181248K)] 289450K->198661K(705536K), 0.0098448 secs] [Times: user=0.09 sys=0.01, real=0.01 secs] 
2016-09-13T19:42:34.292-0400: 114.767: [GC (Allocation Failure) [PSYoungGen: 181056K->59892K(177664K)] 316491K->203308K(701952K), 0.0114132 secs] [Times: user=0.10 sys=0.00, real=0.01 secs] 
2016-09-13T19:42:34.486-0400: 114.961: [GC (GCLocker Initiated GC) [PSYoungGen: 176483K->26569K(186880K)] 325973K->176281K(711168K), 0.0256701 secs] [Times: user=0.27 sys=0.00, real=0.03 secs] 
2016-09-13T19:42:34.700-0400: 115.176: [GC (Allocation Failure) [PSYoungGen: 135625K->26569K(135680K)] 297839K->189082K(659968K), 0.0103047 secs] [Times: user=0.08 sys=0.00, real=0.01 secs] 
2016-09-13T19:42:34.884-0400: 115.359: [GC (GCLocker Initiated GC) [PSYoungGen: 135625K->43116K(183296K)] 298143K->211974K(707584K), 0.0175615 secs] [Times: user=0.16 sys=0.00, real=0.02 secs] 
2016-09-13T19:42:35.047-0400: 115.522: [GC (GCLocker Initiated GC) [PSYoungGen: 153196K->46250K(182272K)] 322065K->215345K(706560K), 0.0110197 secs] [Times: user=0.09 sys=0.00, real=0.02 secs] 
2016-09-13T19:42:35.245-0400: 115.720: [GC (GCLocker Initiated GC) [PSYoungGen: 156330K->17526K(189440K)] 333038K->194439K(713728K), 0.0135215 secs] [Times: user=0.14 sys=0.00, real=0.02 secs] 
2016-09-13T19:42:35.455-0400: 115.931: [GC (Allocation Failure) [PSYoungGen: 134774K->9800K(127488K)] 323971K->211412K(651776K), 0.0171859 secs] [Times: user=0.20 sys=0.00, real=0.02 secs] 
2016-09-13T19:42:35.646-0400: 116.121: [GC (GCLocker Initiated GC) [PSYoungGen: 125307K->28052K(192512K)] 332993K->235893K(716800K), 0.0062977 secs] [Times: user=0.05 sys=0.00, real=0.01 secs] 
2016-09-13T19:42:35.847-0400: 116.322: [GC (GCLocker Initiated GC) [PSYoungGen: 147348K->12655K(132096K)] 367513K->232935K(656384K), 0.0119165 secs] [Times: user=0.13 sys=0.00, real=0.02 secs] 
2016-09-13T19:42:36.049-0400: 116.524: [GC (Allocation Failure) [PSYoungGen: 131951K->28056K(191488K)] 360059K->256268K(715776K), 0.0318438 secs] [Times: user=0.36 sys=0.00, real=0.03 secs] 
2016-09-13T19:42:36.264-0400: 116.739: [GC (GCLocker Initiated GC) [PSYoungGen: 150424K->46216K(188416K)] 378636K->274609K(712704K), 0.0064718 secs] [Times: user=0.05 sys=0.00, real=0.01 secs] 
2016-09-13T19:42:36.456-0400: 116.931: [GC (GCLocker Initiated GC) [PSYoungGen: 168584K->41789K(193024K)] 396997K->270431K(717312K), 0.0064852 secs] [Times: user=0.05 sys=0.00, real=0.00 secs] 
2016-09-13T19:42:36.665-0400: 117.140: [GC (GCLocker Initiated GC) [PSYoungGen: 166717K->47645K(173056K)] 395421K->278045K(697344K), 0.0096570 secs] [Times: user=0.07 sys=0.00, real=0.01 secs] 
2016-09-13T19:42:36.863-0400: 117.338: [GC (Allocation Failure) [PSYoungGen: 172573K->49101K(187904K)] 403074K->281279K(712192K), 0.0287307 secs] [Times: user=0.31 sys=0.00, real=0.03 secs] 
2016-09-13T19:42:37.086-0400: 117.562: [GC (GCLocker Initiated GC) [PSYoungGen: 166157K->8280K(126464K)] 404410K->254364K(650752K), 0.0143020 secs] [Times: user=0.12 sys=0.00, real=0.02 secs] 
2016-09-13T19:42:37.296-0400: 117.772: [GC (GCLocker Initiated GC) [PSYoungGen: 126040K->5361K(186880K)] 385943K->265407K(711168K), 0.0175717 secs] [Times: user=0.17 sys=0.00, real=0.01 secs] 
2016-09-13T19:42:37.500-0400: 117.975: [GC (GCLocker Initiated GC) [PSYoungGen: 119025K->36950K(151040K)] 386944K->304992K(675328K), 0.0104178 secs] [Times: user=0.08 sys=0.00, real=0.01 secs] 
2016-09-13T19:42:37.672-0400: 118.147: [GC (GCLocker Initiated GC) [PSYoungGen: 150614K->44698K(185856K)] 418670K->312971K(710144K), 0.0216696 secs] [Times: user=0.20 sys=0.00, real=0.02 secs] 
2016-09-13T19:42:37.861-0400: 118.336: [GC (GCLocker Initiated GC) [PSYoungGen: 158362K->53880K(167936K)] 434339K->330140K(692224K), 0.0098857 secs] [Times: user=0.10 sys=0.00, real=0.01 secs] 
2016-09-13T19:42:38.050-0400: 118.525: [GC (Allocation Failure) [PSYoungGen: 167544K->5334K(183808K)] 457654K->300152K(708096K), 0.0137776 secs] [Times: user=0.13 sys=0.01, real=0.01 secs] 
2016-09-13T19:42:38.231-0400: 118.706: [GC (GCLocker Initiated GC) [PSYoungGen: 111830K->30876K(137728K)] 406650K->325883K(662016K), 0.0181527 secs] [Times: user=0.18 sys=0.00, real=0.02 secs] 
2016-09-13T19:42:38.415-0400: 118.890: [GC (GCLocker Initiated GC) [PSYoungGen: 137372K->44666K(179200K)] 432404K->339927K(703488K), 0.0100812 secs] [Times: user=0.09 sys=0.00, real=0.01 secs] 
2016-09-13T19:42:38.578-0400: 119.053: [GC (Allocation Failure) [PSYoungGen: 150650K->11317K(180224K)] 452161K->320690K(704512K), 0.0097566 secs] [Times: user=0.08 sys=0.00, real=0.01 secs] 
2016-09-13T19:42:38.732-0400: 119.207: [GC (GCLocker Initiated GC) [PSYoungGen: 117301K->43185K(187392K)] 426679K->352816K(711680K), 0.0209388 secs] [Times: user=0.17 sys=0.00, real=0.02 secs] 
2016-09-13T19:42:38.933-0400: 119.409: [GC (Allocation Failure) [PSYoungGen: 157361K->9831K(187904K)] 473301K->326004K(712192K), 0.0388391 secs] [Times: user=0.44 sys=0.00, real=0.04 secs] 
2016-09-13T19:42:39.140-0400: 119.615: [GC (GCLocker Initiated GC) [PSYoungGen: 124007K->44758K(186368K)] 440186K->361170K(710656K), 0.0095234 secs] [Times: user=0.09 sys=0.00, real=0.01 secs] 
2016-09-13T19:42:39.300-0400: 119.775: [GC (GCLocker Initiated GC) [PSYoungGen: 157398K->46126K(159232K)] 480095K->368988K(683520K), 0.0078360 secs] [Times: user=0.04 sys=0.01, real=0.00 secs] 
2016-09-13T19:42:39.500-0400: 119.975: [GC (GCLocker Initiated GC) [PSYoungGen: 158766K->41534K(187392K)] 483234K->366290K(711680K), 0.0442658 secs] [Times: user=0.53 sys=0.00, real=0.04 secs] 
2016-09-13T19:42:39.694-0400: 120.169: [GC (GCLocker Initiated GC) [PSYoungGen: 153150K->56726K(168448K)] 477908K->381724K(692736K), 0.0083644 secs] [Times: user=0.07 sys=0.00, real=0.01 secs] 
2016-09-13T19:42:39.856-0400: 120.332: [GC (GCLocker Initiated GC) [PSYoungGen: 168342K->49383K(181760K)] 493516K->376317K(706048K), 0.0204991 secs] [Times: user=0.25 sys=0.00, real=0.02 secs] 
2016-09-13T19:42:40.038-0400: 120.514: [GC (GCLocker Initiated GC) [PSYoungGen: 151783K->44955K(147456K)] 478737K->376831K(671744K), 0.0066942 secs] [Times: user=0.07 sys=0.00, real=0.00 secs] 
2016-09-13T19:42:40.209-0400: 120.684: [GC (GCLocker Initiated GC) [PSYoungGen: 147355K->25116K(183808K)] 486892K->372437K(708096K), 0.0082609 secs] [Times: user=0.08 sys=0.01, real=0.01 secs] 
2016-09-13T19:42:40.397-0400: 120.872: [GC (GCLocker Initiated GC) [PSYoungGen: 130076K->47831K(181760K)] 479153K->398616K(706048K), 0.0085251 secs] [Times: user=0.07 sys=0.00, real=0.00 secs] 
2016-09-13T19:42:40.550-0400: 121.025: [GC (GCLocker Initiated GC) [PSYoungGen: 152791K->24923K(183808K)] 511287K->383601K(708096K), 0.0150330 secs] [Times: user=0.16 sys=0.00, real=0.01 secs] 
2016-09-13T19:42:40.711-0400: 121.186: [GC (GCLocker Initiated GC) [PSYoungGen: 132955K->46191K(183296K)] 491664K->412746K(707584K), 0.0152869 secs] [Times: user=0.16 sys=0.00, real=0.01 secs] 
2016-09-13T19:42:40.900-0400: 121.375: [GC (GCLocker Initiated GC) [PSYoungGen: 154223K->44641K(185856K)] 528537K->422159K(710144K), 0.0153693 secs] [Times: user=0.17 sys=0.00, real=0.01 secs] 
2016-09-13T19:42:41.091-0400: 121.567: [GC (GCLocker Initiated GC) [PSYoungGen: 156769K->46281K(185856K)] 540692K->430359K(710144K), 0.0213578 secs] [Times: user=0.23 sys=0.00, real=0.02 secs] 
2016-09-13T19:42:41.314-0400: 121.789: [GC (GCLocker Initiated GC) [PSYoungGen: 158409K->41821K(184832K)] 545723K->429371K(709120K), 0.0113591 secs] [Times: user=0.12 sys=0.00, real=0.01 secs] 
2016-09-13T19:42:41.492-0400: 121.967: [GC (GCLocker Initiated GC) [PSYoungGen: 157021K->28210K(186368K)] 556986K->428417K(710656K), 0.0236649 secs] [Times: user=0.26 sys=0.00, real=0.03 secs] 
2016-09-13T19:42:41.699-0400: 122.174: [GC (GCLocker Initiated GC) [PSYoungGen: 143410K->27997K(187904K)] 556004K->440894K(712192K), 0.0063928 secs] [Times: user=0.04 sys=0.00, real=0.00 secs] 
2016-09-13T19:42:41.907-0400: 122.382: [GC (GCLocker Initiated GC) [PSYoungGen: 149341K->26505K(189440K)] 570024K->447460K(713728K), 0.0212640 secs] [Times: user=0.22 sys=0.00, real=0.03 secs] 
2016-09-13T19:42:42.103-0400: 122.578: [GC (GCLocker Initiated GC) [PSYoungGen: 147849K->47769K(193024K)] 570574K->470720K(717312K), 0.0074562 secs] [Times: user=0.06 sys=0.00, real=0.01 secs] 
2016-09-13T19:42:42.308-0400: 122.784: [GC (GCLocker Initiated GC) [PSYoungGen: 173721K->35650K(161792K)] 596689K->458714K(686080K), 0.0166442 secs] [Times: user=0.15 sys=0.00, real=0.01 secs] 
2016-09-13T19:42:42.515-0400: 122.991: [GC (GCLocker Initiated GC) [PSYoungGen: 161602K->59890K(185344K)] 586453K->494146K(709632K), 0.0103120 secs] [Times: user=0.09 sys=0.00, real=0.01 secs] 
2016-09-13T19:42:42.737-0400: 123.212: [GC (GCLocker Initiated GC) [PSYoungGen: 179698K->12900K(133120K)] 626127K->459522K(657408K), 0.0250608 secs] [Times: user=0.26 sys=0.00, real=0.02 secs] 
2016-09-13T19:42:42.930-0400: 123.405: [GC (GCLocker Initiated GC) [PSYoungGen: 132708K->69032K(173056K)] 579414K->522117K(697344K), 0.0104725 secs] [Times: user=0.09 sys=0.00, real=0.01 secs] 
2016-09-13T19:42:43.095-0400: 123.570: [GC (GCLocker Initiated GC) [PSYoungGen: 169384K->49383K(181248K)] 622491K->502578K(705536K), 0.0070346 secs] [Times: user=0.07 sys=0.00, real=0.01 secs] 
2016-09-13T19:42:43.258-0400: 123.733: [GC (GCLocker Initiated GC) [PSYoungGen: 149735K->23626K(178688K)] 610621K->490864K(702976K), 0.0245337 secs] [Times: user=0.25 sys=0.00, real=0.02 secs] 
2016-09-13T19:42:43.448-0400: 123.923: [GC (GCLocker Initiated GC) [PSYoungGen: 124490K->34009K(180224K)] 591851K->501650K(704512K), 0.0098962 secs] [Times: user=0.08 sys=0.01, real=0.02 secs] 
2016-09-13T19:42:43.598-0400: 124.073: [GC (Allocation Failure) [PSYoungGen: 134873K->28179K(180224K)] 602581K->499173K(704512K), 0.0122014 secs] [Times: user=0.10 sys=0.01, real=0.01 secs] 
2016-09-13T19:42:43.767-0400: 124.242: [GC (GCLocker Initiated GC) [PSYoungGen: 130144K->27870K(180736K)] 607213K->506694K(705024K), 0.0398379 secs] [Times: user=0.40 sys=0.00, real=0.04 secs] 
2016-09-13T19:42:43.936-0400: 124.411: [GC (GCLocker Initiated GC) [PSYoungGen: 134366K->56663K(181760K)] 613299K->535782K(706048K), 0.0232082 secs] [Times: user=0.20 sys=0.00, real=0.03 secs] 
2016-09-13T19:42:44.118-0400: 124.593: [GC (GCLocker Initiated GC) [PSYoungGen: 166231K->29579K(185856K)] 645441K->510408K(710144K), 0.0076640 secs] [Times: user=0.05 sys=0.00, real=0.00 secs] 
2016-09-13T19:42:44.320-0400: 124.795: [GC (GCLocker Initiated GC) [PSYoungGen: 139147K->23345K(182272K)] 633657K->524267K(706560K), 0.0193490 secs] [Times: user=0.18 sys=0.01, real=0.02 secs] 
2016-09-13T19:42:44.500-0400: 124.975: [GC (GCLocker Initiated GC) [PSYoungGen: 135473K->50684K(184832K)] 636431K->551784K(709120K), 0.0094919 secs] [Times: user=0.09 sys=0.00, real=0.01 secs] 
2016-09-13T19:42:44.672-0400: 125.147: [GC (Allocation Failure) [PSYoungGen: 162812K->43269K(187392K)] 664144K->549356K(711680K), 0.0317731 secs] [Times: user=0.33 sys=0.00, real=0.03 secs] 
2016-09-13T19:42:44.867-0400: 125.342: [GC (GCLocker Initiated GC) [PSYoungGen: 157957K->44704K(187392K)] 664052K->557303K(711680K), 0.0302534 secs] [Times: user=0.34 sys=0.00, real=0.04 secs] 
2016-09-13T19:42:45.068-0400: 125.543: [GC (GCLocker Initiated GC) [PSYoungGen: 159392K->56790K(183296K)] 672245K->569778K(707584K), 0.0216114 secs] [Times: user=0.21 sys=0.00, real=0.03 secs] 
2016-09-13T19:42:45.245-0400: 125.720: [Full GC (Ergonomics) [PSYoungGen: 163700K->0K(183296K)] [ParOldGen: 519063K->39235K(524288K)] 682763K->39235K(707584K), [Metaspace: 44561K->44561K(1087488K)], 0.0528730 secs] [Times: user=0.26 sys=0.00, real=0.06 secs] 
2016-09-13T19:42:45.438-0400: 125.914: [GC (GCLocker Initiated GC) [PSYoungGen: 111616K->70773K(182784K)] 151026K->134483K(707072K), 0.0310422 secs] [Times: user=0.37 sys=0.00, real=0.03 secs] 
2016-09-13T19:42:45.619-0400: 126.094: [GC (GCLocker Initiated GC) [PSYoungGen: 182389K->67613K(167424K)] 247780K->180572K(691712K), 0.0104952 secs] [Times: user=0.11 sys=0.01, real=0.01 secs] 
2016-09-13T19:42:45.738-0400: 126.213: [GC (GCLocker Initiated GC) [PSYoungGen: 155677K->52420K(175104K)] 268831K->167268K(699392K), 0.0191409 secs] [Times: user=0.21 sys=0.00, real=0.02 secs] 
2016-09-13T19:42:45.880-0400: 126.355: [GC (GCLocker Initiated GC) [PSYoungGen: 140484K->34067K(171008K)] 256895K->168818K(695296K), 0.0198643 secs] [Times: user=0.24 sys=0.00, real=0.02 secs] 
2016-09-13T19:42:46.036-0400: 126.511: [GC (GCLocker Initiated GC) [PSYoungGen: 123155K->24959K(173568K)] 260963K->172178K(697856K), 0.0056878 secs] [Times: user=0.06 sys=0.00, real=0.00 secs] 
2016-09-13T19:42:46.179-0400: 126.654: [GC (Allocation Failure) [PSYoungGen: 114047K->8094K(174080K)] 268954K->163194K(698368K), 0.0057522 secs] [Times: user=0.03 sys=0.01, real=0.00 secs] 
2016-09-13T19:42:46.317-0400: 126.792: [GC (GCLocker Initiated GC) [PSYoungGen: 98005K->24895K(176128K)] 254624K->181700K(700416K), 0.0196144 secs] [Times: user=0.22 sys=0.00, real=0.02 secs] 
2016-09-13T19:42:46.474-0400: 126.949: [GC (GCLocker Initiated GC) [PSYoungGen: 115007K->50710K(176128K)] 271972K->207935K(700416K), 0.0111188 secs] [Times: user=0.11 sys=0.00, real=0.01 secs] 
2016-09-13T19:42:46.617-0400: 127.092: [GC (GCLocker Initiated GC) [PSYoungGen: 142870K->48054K(176128K)] 301795K->216238K(700416K), 0.0327318 secs] [Times: user=0.38 sys=0.00, real=0.03 secs] 
2016-09-13T19:42:46.802-0400: 127.278: [GC (GCLocker Initiated GC) [PSYoungGen: 140214K->43122K(173568K)] 314657K->217716K(697856K), 0.0064197 secs] [Times: user=0.05 sys=0.01, real=0.01 secs] 
2016-09-13T19:42:46.947-0400: 127.423: [GC (GCLocker Initiated GC) [PSYoungGen: 138866K->41474K(175104K)] 313588K->216311K(699392K), 0.0061754 secs] [Times: user=0.03 sys=0.01, real=0.01 secs] 
2016-09-13T19:42:47.101-0400: 127.576: [GC (Allocation Failure) [PSYoungGen: 137218K->28142K(181760K)] 324294K->219977K(706048K), 0.0329730 secs] [Times: user=0.37 sys=0.01, real=0.03 secs] 
2016-09-13T19:42:47.134-0400: 127.609: [GC (GCLocker Initiated GC) [PSYoungGen: 28320K->64K(180736K)] 220154K->227249K(705024K), 0.0085214 secs] [Times: user=0.09 sys=0.00, real=0.01 secs] 
2016-09-13T19:42:47.291-0400: 127.766: [GC (GCLocker Initiated GC) [PSYoungGen: 101277K->32580K(183296K)] 334538K->265849K(707584K), 0.0136037 secs] [Times: user=0.13 sys=0.00, real=0.01 secs] 
2016-09-13T19:42:47.457-0400: 127.932: [GC (GCLocker Initiated GC) [PSYoungGen: 142148K->43211K(183808K)] 375659K->283267K(708096K), 0.0419306 secs] [Times: user=0.48 sys=0.00, real=0.04 secs] 
2016-09-13T19:42:47.647-0400: 128.123: [GC (GCLocker Initiated GC) [PSYoungGen: 152779K->31003K(182272K)] 400451K->278845K(706560K), 0.0104394 secs] [Times: user=0.07 sys=0.00, real=0.02 secs] 
2016-09-13T19:42:47.850-0400: 128.325: [GC (GCLocker Initiated GC) [PSYoungGen: 145691K->21944K(184832K)] 393711K->276240K(709120K), 0.0141525 secs] [Times: user=0.13 sys=0.00, real=0.01 secs] 
2016-09-13T19:42:48.051-0400: 128.526: [GC (Allocation Failure) [PSYoungGen: 136632K->42994K(190976K)] 391076K->297624K(715264K), 0.0112948 secs] [Times: user=0.07 sys=0.01, real=0.01 secs] 
2016-09-13T19:42:48.235-0400: 128.710: [GC (GCLocker Initiated GC) [PSYoungGen: 165874K->26601K(192000K)] 420507K->281405K(716288K), 0.0079515 secs] [Times: user=0.09 sys=0.01, real=0.01 secs] 
2016-09-13T19:42:48.420-0400: 128.895: [GC (Allocation Failure) [PSYoungGen: 149481K->41660K(192512K)] 404475K->296796K(716800K), 0.0289453 secs] [Times: user=0.29 sys=0.01, real=0.03 secs] 
2016-09-13T19:42:48.642-0400: 129.117: [GC (GCLocker Initiated GC) [PSYoungGen: 167100K->46159K(192000K)] 422242K->301573K(716288K), 0.0117828 secs] [Times: user=0.09 sys=0.00, real=0.01 secs] 
2016-09-13T19:42:48.841-0400: 129.316: [GC (GCLocker Initiated GC) [PSYoungGen: 171599K->46409K(193536K)] 427094K->302067K(717824K), 0.0070020 secs] [Times: user=0.06 sys=0.00, real=0.01 secs] 
2016-09-13T19:42:49.039-0400: 129.514: [GC (GCLocker Initiated GC) [PSYoungGen: 172361K->41753K(167936K)] 428023K->297749K(692224K), 0.0338603 secs] [Times: user=0.40 sys=0.00, real=0.03 secs] 
2016-09-13T19:42:49.240-0400: 129.716: [GC (GCLocker Initiated GC) [PSYoungGen: 167705K->28056K(195072K)] 423703K->284208K(719360K), 0.0051717 secs] [Times: user=0.04 sys=0.00, real=0.00 secs] 
2016-09-13T19:42:49.450-0400: 129.925: [GC (GCLocker Initiated GC) [PSYoungGen: 156056K->44576K(193536K)] 412233K->300867K(717824K), 0.0305746 secs] [Times: user=0.29 sys=0.01, real=0.03 secs] 
2016-09-13T19:42:49.658-0400: 130.133: [GC (GCLocker Initiated GC) [PSYoungGen: 172576K->47805K(194048K)] 436686K->319660K(718336K), 0.0120913 secs] [Times: user=0.11 sys=0.00, real=0.01 secs] 
2016-09-13T19:42:49.884-0400: 130.360: [GC (GCLocker Initiated GC) [PSYoungGen: 176317K->27934K(195072K)] 448188K->299951K(719360K), 0.0199353 secs] [Times: user=0.18 sys=0.00, real=0.02 secs] 
2016-09-13T19:42:50.069-0400: 130.544: [GC (GCLocker Initiated GC) [PSYoungGen: 156445K->43398K(194560K)] 428643K->320320K(718848K), 0.0067769 secs] [Times: user=0.07 sys=0.01, real=0.01 secs] 
2016-09-13T19:42:50.283-0400: 130.758: [GC (GCLocker Initiated GC) [PSYoungGen: 173446K->47705K(195072K)] 450396K->324906K(719360K), 0.0175559 secs] [Times: user=0.15 sys=0.00, real=0.02 secs] 
2016-09-13T19:42:50.507-0400: 130.983: [GC (GCLocker Initiated GC) [PSYoungGen: 177753K->43056K(196096K)] 456518K->328003K(720384K), 0.0123728 secs] [Times: user=0.11 sys=0.00, real=0.02 secs] 
2016-09-13T19:42:50.713-0400: 131.188: [GC (GCLocker Initiated GC) [PSYoungGen: 174128K->50864K(182272K)] 459194K->337650K(706560K), 0.0211064 secs] [Times: user=0.23 sys=0.00, real=0.02 secs] 
2016-09-13T19:42:50.910-0400: 131.386: [GC (GCLocker Initiated GC) [PSYoungGen: 181936K->63020K(184320K)] 470281K->362143K(708608K), 0.0093487 secs] [Times: user=0.10 sys=0.00, real=0.01 secs] 
2016-09-13T19:42:51.099-0400: 131.574: [GC (GCLocker Initiated GC) [PSYoungGen: 180780K->28030K(189952K)] 486002K->341055K(714240K), 0.0217394 secs] [Times: user=0.21 sys=0.00, real=0.02 secs] 
2016-09-13T19:42:51.299-0400: 131.774: [GC (GCLocker Initiated GC) [PSYoungGen: 145790K->46345K(187392K)] 466458K->368750K(711680K), 0.0102756 secs] [Times: user=0.11 sys=0.00, real=0.01 secs] 
2016-09-13T19:42:51.499-0400: 131.974: [GC (GCLocker Initiated GC) [PSYoungGen: 164617K->31093K(188928K)] 499348K->366037K(713216K), 0.0261650 secs] [Times: user=0.24 sys=0.00, real=0.02 secs] 
2016-09-13T19:42:51.711-0400: 132.186: [GC (GCLocker Initiated GC) [PSYoungGen: 149365K->47742K(190976K)] 484435K->387681K(715264K), 0.0102945 secs] [Times: user=0.11 sys=0.00, real=0.01 secs] 
2016-09-13T19:42:51.898-0400: 132.373: [GC (GCLocker Initiated GC) [PSYoungGen: 169598K->53810K(176128K)] 509778K->395580K(700416K), 0.0190056 secs] [Times: user=0.17 sys=0.00, real=0.02 secs] 
2016-09-13T19:42:52.099-0400: 132.575: [GC (GCLocker Initiated GC) [PSYoungGen: 175666K->9799K(185856K)] 531233K->365544K(710144K), 0.0468180 secs] [Times: user=0.43 sys=0.00, real=0.04 secs] 
2016-09-13T19:42:52.326-0400: 132.801: [GC (GCLocker Initiated GC) [PSYoungGen: 124487K->23405K(188416K)] 486662K->385801K(712704K), 0.0076327 secs] [Times: user=0.07 sys=0.00, real=0.01 secs] 
2016-09-13T19:42:52.504-0400: 132.980: [GC (GCLocker Initiated GC) [PSYoungGen: 138093K->44545K(185856K)] 506587K->413094K(710144K), 0.0223068 secs] [Times: user=0.22 sys=0.00, real=0.02 secs] 
2016-09-13T19:42:52.723-0400: 133.198: [GC (GCLocker Initiated GC) [PSYoungGen: 159745K->12958K(187392K)] 534380K->390762K(711680K), 0.0074151 secs] [Times: user=0.06 sys=0.00, real=0.01 secs] 
2016-09-13T19:42:52.902-0400: 133.377: [GC (GCLocker Initiated GC) [PSYoungGen: 128158K->6608K(186880K)] 513575K->398446K(711168K), 0.0039347 secs] [Times: user=0.03 sys=0.00, real=0.00 secs] 
2016-09-13T19:42:53.131-0400: 133.607: [GC (GCLocker Initiated GC) [PSYoungGen: 120272K->24891K(138752K)] 519942K->430782K(663040K), 0.0117157 secs] [Times: user=0.09 sys=0.00, real=0.01 secs] 
2016-09-13T19:42:53.310-0400: 133.785: [GC (GCLocker Initiated GC) [PSYoungGen: 138555K->44662K(185856K)] 547522K->453814K(710144K), 0.0155816 secs] [Times: user=0.14 sys=0.00, real=0.01 secs] 
2016-09-13T19:42:53.484-0400: 133.959: [GC (GCLocker Initiated GC) [PSYoungGen: 158838K->49192K(186368K)] 568019K->461599K(710656K), 0.0159138 secs] [Times: user=0.15 sys=0.00, real=0.02 secs] 
2016-09-13T19:42:53.656-0400: 134.131: [GC (GCLocker Initiated GC) [PSYoungGen: 163368K->47614K(185856K)] 576011K->470961K(710144K), 0.0218614 secs] [Times: user=0.25 sys=0.00, real=0.02 secs] 
2016-09-13T19:42:53.861-0400: 134.337: [GC (GCLocker Initiated GC) [PSYoungGen: 159230K->5210K(117248K)] 596275K->442459K(641536K), 0.0177966 secs] [Times: user=0.17 sys=0.00, real=0.02 secs] 
2016-09-13T19:42:54.082-0400: 134.558: [GC (GCLocker Initiated GC) [PSYoungGen: 116826K->44481K(185856K)] 554248K->482025K(710144K), 0.0197806 secs] [Times: user=0.18 sys=0.00, real=0.02 secs] 
2016-09-13T19:42:54.252-0400: 134.727: [GC (GCLocker Initiated GC) [PSYoungGen: 153537K->46312K(185344K)] 597293K->490266K(709632K), 0.0101611 secs] [Times: user=0.10 sys=0.00, real=0.01 secs] 
2016-09-13T19:42:54.412-0400: 134.887: [GC (GCLocker Initiated GC) [PSYoungGen: 155368K->41601K(182272K)] 600919K->495085K(706560K), 0.0169298 secs] [Times: user=0.15 sys=0.00, real=0.02 secs] 
2016-09-13T19:42:54.608-0400: 135.083: [GC (GCLocker Initiated GC) [PSYoungGen: 150657K->41602K(183808K)] 605936K->497149K(708096K), 0.0132794 secs] [Times: user=0.14 sys=0.00, real=0.01 secs] 
2016-09-13T19:42:54.775-0400: 135.250: [GC (Allocation Failure) [PSYoungGen: 150658K->14393K(187392K)] 607880K->471781K(711680K), 0.0042304 secs] [Times: user=0.03 sys=0.00, real=0.01 secs] 
2016-09-13T19:42:54.949-0400: 135.424: [GC (GCLocker Initiated GC) [PSYoungGen: 126191K->20361K(187392K)] 589654K->484029K(711680K), 0.0225481 secs] [Times: user=0.22 sys=0.01, real=0.02 secs] 
2016-09-13T19:42:55.139-0400: 135.614: [GC (Allocation Failure) [PSYoungGen: 134537K->46217K(186368K)] 598479K->510294K(710656K), 0.0208370 secs] [Times: user=0.23 sys=0.01, real=0.02 secs] 
2016-09-13T19:42:55.320-0400: 135.795: [GC (GCLocker Initiated GC) [PSYoungGen: 158843K->27960K(187392K)] 628994K->498226K(711680K), 0.0161344 secs] [Times: user=0.14 sys=0.00, real=0.02 secs] 
2016-09-13T19:42:55.519-0400: 135.995: [GC (GCLocker Initiated GC) [PSYoungGen: 142648K->26509K(185856K)] 612925K->497046K(710144K), 0.0234538 secs] [Times: user=0.19 sys=0.00, real=0.02 secs] 
2016-09-13T19:42:55.701-0400: 136.176: [GC (GCLocker Initiated GC) [PSYoungGen: 145805K->61374K(186880K)] 616401K->535197K(711168K), 0.0162995 secs] [Times: user=0.14 sys=0.00, real=0.02 secs] 
2016-09-13T19:42:55.899-0400: 136.374: [GC (GCLocker Initiated GC) [PSYoungGen: 180670K->31098K(190464K)] 660576K->520354K(714752K), 0.0243091 secs] [Times: user=0.28 sys=0.00, real=0.02 secs] 
2016-09-13T19:42:56.099-0400: 136.575: [GC (GCLocker Initiated GC) [PSYoungGen: 146810K->46217K(187392K)] 636253K->543503K(711680K), 0.0075172 secs] [Times: user=0.06 sys=0.00, real=0.00 secs] 
2016-09-13T19:42:56.286-0400: 136.761: [GC (Allocation Failure) [PSYoungGen: 161929K->26473K(188416K)] 665457K->530185K(712704K), 0.0189438 secs] [Times: user=0.17 sys=0.00, real=0.02 secs] 
2016-09-13T19:42:56.493-0400: 136.968: [GC (GCLocker Initiated GC) [PSYoungGen: 144112K->46185K(187904K)] 649344K->551634K(712192K), 0.0277068 secs] [Times: user=0.23 sys=0.01, real=0.03 secs] 
2016-09-13T19:42:56.690-0400: 137.166: [Full GC (Ergonomics) [PSYoungGen: 163945K->0K(187904K)] [ParOldGen: 517621K->44177K(524288K)] 681566K->44177K(712192K), [Metaspace: 44576K->44576K(1087488K)], 0.0537944 secs] [Times: user=0.25 sys=0.01, real=0.05 secs] 
2016-09-13T19:42:56.908-0400: 137.383: [GC (GCLocker Initiated GC) [PSYoungGen: 117760K->37227K(186368K)] 174116K->93583K(710656K), 0.0064589 secs] [Times: user=0.04 sys=0.00, real=0.00 secs] 
2016-09-13T19:42:57.133-0400: 137.608: [GC (GCLocker Initiated GC) [PSYoungGen: 158571K->29575K(188928K)] 228629K->116774K(713216K), 0.0551551 secs] [Times: user=0.56 sys=0.00, real=0.06 secs] 
2016-09-13T19:42:57.380-0400: 137.855: [GC (GCLocker Initiated GC) [PSYoungGen: 150919K->21758K(193024K)] 244307K->121415K(717312K), 0.0051839 secs] [Times: user=0.04 sys=0.00, real=0.00 secs] 
2016-09-13T19:42:57.528-0400: 138.003: [GC (GCLocker Initiated GC) [PSYoungGen: 150782K->47863K(194048K)] 250525K->147803K(718336K), 0.0210775 secs] [Times: user=0.22 sys=0.00, real=0.02 secs] 
2016-09-13T19:42:57.727-0400: 138.202: [GC (Allocation Failure) [PSYoungGen: 176887K->46254K(193024K)] 277098K->146716K(717312K), 0.0056310 secs] [Times: user=0.05 sys=0.00, real=0.01 secs] 
2016-09-13T19:42:57.935-0400: 138.410: [GC (GCLocker Initiated GC) [PSYoungGen: 172206K->46255K(194048K)] 272674K->146948K(718336K), 0.0276080 secs] [Times: user=0.31 sys=0.00, real=0.03 secs] 
2016-09-13T19:42:58.180-0400: 138.655: [GC (Allocation Failure) [PSYoungGen: 172207K->46430K(193024K)] 272997K->147343K(717312K), 0.0067167 secs] [Times: user=0.06 sys=0.00, real=0.00 secs] 
2016-09-13T19:42:58.187-0400: 138.662: [GC (GCLocker Initiated GC) [PSYoungGen: 46439K->32K(125440K)] 147353K->147145K(649728K), 0.0116498 secs] [Times: user=0.12 sys=0.00, real=0.02 secs] 
2016-09-13T19:42:58.378-0400: 138.853: [GC (GCLocker Initiated GC) [PSYoungGen: 123778K->34347K(193536K)] 272411K->182980K(717824K), 0.0116645 secs] [Times: user=0.11 sys=0.00, real=0.01 secs] 
2016-09-13T19:42:58.553-0400: 139.028: [GC (GCLocker Initiated GC) [PSYoungGen: 155691K->32735K(154112K)] 310439K->197041K(678400K), 0.0079727 secs] [Times: user=0.07 sys=0.00, real=0.01 secs] 
2016-09-13T19:42:58.742-0400: 139.217: [GC (GCLocker Initiated GC) [PSYoungGen: 154079K->27959K(188928K)] 318575K->200242K(713216K), 0.0223570 secs] [Times: user=0.19 sys=0.01, real=0.02 secs] 
2016-09-13T19:42:58.937-0400: 139.412: [GC (GCLocker Initiated GC) [PSYoungGen: 151351K->46308K(186880K)] 323728K->218918K(711168K), 0.0072726 secs] [Times: user=0.07 sys=0.00, real=0.00 secs] 
2016-09-13T19:42:59.159-0400: 139.634: [GC (GCLocker Initiated GC) [PSYoungGen: 169700K->23623K(197632K)] 350102K->204195K(721920K), 0.0055646 secs] [Times: user=0.06 sys=0.00, real=0.00 secs] 
2016-09-13T19:42:59.351-0400: 139.826: [GC (GCLocker Initiated GC) [PSYoungGen: 156743K->29420K(162816K)] 337399K->210411K(687104K), 0.0084779 secs] [Times: user=0.06 sys=0.01, real=0.01 secs] 
2016-09-13T19:42:59.594-0400: 140.069: [GC (GCLocker Initiated GC) [PSYoungGen: 162540K->20405K(196096K)] 345078K->203109K(720384K), 0.0247762 secs] [Times: user=0.26 sys=0.01, real=0.03 secs] 
2016-09-13T19:42:59.811-0400: 140.286: [GC (GCLocker Initiated GC) [PSYoungGen: 154549K->34066K(195584K)] 337276K->219977K(719872K), 0.0063800 secs] [Times: user=0.04 sys=0.01, real=0.01 secs] 
2016-09-13T19:43:00.011-0400: 140.486: [GC (GCLocker Initiated GC) [PSYoungGen: 168210K->31158K(198656K)] 354330K->225207K(722944K), 0.0161345 secs] [Times: user=0.19 sys=0.00, real=0.01 secs] 
2016-09-13T19:43:00.255-0400: 140.730: [GC (GCLocker Initiated GC) [PSYoungGen: 171958K->23606K(197632K)] 367682K->219551K(721920K), 0.0059528 secs] [Times: user=0.05 sys=0.00, real=0.01 secs] 
2016-09-13T19:43:00.482-0400: 140.957: [GC (GCLocker Initiated GC) [PSYoungGen: 164406K->55325K(194048K)] 360652K->251699K(718336K), 0.0146112 secs] [Times: user=0.13 sys=0.01, real=0.02 secs] 
2016-09-13T19:43:00.698-0400: 141.173: [GC (GCLocker Initiated GC) [PSYoungGen: 193565K->29692K(200192K)] 402278K->243100K(724480K), 0.0063471 secs] [Times: user=0.05 sys=0.00, real=0.00 secs] 
2016-09-13T19:43:00.920-0400: 141.395: [GC (GCLocker Initiated GC) [PSYoungGen: 167932K->41715K(199168K)] 381347K->259970K(723456K), 0.0302695 secs] [Times: user=0.34 sys=0.00, real=0.03 secs] 
2016-09-13T19:43:01.162-0400: 141.637: [GC (GCLocker Initiated GC) [PSYoungGen: 182003K->41789K(200704K)] 401868K->261859K(724992K), 0.0104869 secs] [Times: user=0.10 sys=0.00, real=0.01 secs] 
2016-09-13T19:43:01.394-0400: 141.869: [GC (GCLocker Initiated GC) [PSYoungGen: 182077K->11200K(199168K)] 402418K->231675K(723456K), 0.0034165 secs] [Times: user=0.02 sys=0.00, real=0.01 secs] 
2016-09-13T19:43:01.603-0400: 142.078: [GC (GCLocker Initiated GC) [PSYoungGen: 149440K->29452K(167936K)] 369958K->250097K(692224K), 0.0340664 secs] [Times: user=0.32 sys=0.00, real=0.04 secs] 
2016-09-13T19:43:01.853-0400: 142.328: [GC (GCLocker Initiated GC) [PSYoungGen: 167692K->30972K(201728K)] 394434K->259376K(726016K), 0.0201681 secs] [Times: user=0.18 sys=0.01, real=0.02 secs] 
2016-09-13T19:43:02.110-0400: 142.585: [GC (GCLocker Initiated GC) [PSYoungGen: 172796K->23627K(199168K)] 418133K->276654K(723456K), 0.0072125 secs] [Times: user=0.05 sys=0.00, real=0.01 secs] 
2016-09-13T19:43:02.315-0400: 142.790: [GC (GCLocker Initiated GC) [PSYoungGen: 165451K->44709K(198656K)] 418732K->298275K(722944K), 0.0111833 secs] [Times: user=0.10 sys=0.00, real=0.01 secs] 
2016-09-13T19:43:02.547-0400: 143.023: [GC (Allocation Failure) [PSYoungGen: 187045K->28115K(201216K)] 442305K->283505K(725504K), 0.0130835 secs] [Times: user=0.12 sys=0.00, real=0.02 secs] 
2016-09-13T19:43:02.809-0400: 143.284: [GC (GCLocker Initiated GC) [PSYoungGen: 167735K->29606K(198656K)] 429201K->291445K(722944K), 0.0062216 secs] [Times: user=0.04 sys=0.00, real=0.00 secs] 
2016-09-13T19:43:03.052-0400: 143.528: [GC (GCLocker Initiated GC) [PSYoungGen: 176038K->14419K(201216K)] 450147K->288714K(725504K), 0.0216161 secs] [Times: user=0.22 sys=0.01, real=0.02 secs] 
2016-09-13T19:43:03.306-0400: 143.782: [GC (GCLocker Initiated GC) [PSYoungGen: 160851K->32395K(204288K)] 448905K->320583K(728576K), 0.0102179 secs] [Times: user=0.09 sys=0.01, real=0.02 secs] 
2016-09-13T19:43:03.546-0400: 144.021: [GC (GCLocker Initiated GC) [PSYoungGen: 183947K->23377K(205312K)] 473803K->322485K(729600K), 0.0194039 secs] [Times: user=0.18 sys=0.00, real=0.02 secs] 
2016-09-13T19:43:03.804-0400: 144.279: [GC (GCLocker Initiated GC) [PSYoungGen: 174929K->12778K(207872K)] 480318K->318400K(732160K), 0.0213909 secs] [Times: user=0.21 sys=0.00, real=0.02 secs] 
2016-09-13T19:43:04.094-0400: 144.569: [GC (GCLocker Initiated GC) [PSYoungGen: 167914K->24959K(180224K)] 485963K->343146K(704512K), 0.0098601 secs] [Times: user=0.07 sys=0.00, real=0.01 secs] 
2016-09-13T19:43:04.335-0400: 144.810: [GC (Allocation Failure) [PSYoungGen: 180095K->23431K(208896K)] 504690K->348144K(733184K), 0.0114047 secs] [Times: user=0.14 sys=0.00, real=0.01 secs] 
2016-09-13T19:43:04.628-0400: 145.104: [GC (GCLocker Initiated GC) [PSYoungGen: 181127K->41597K(207360K)] 505846K->366561K(731648K), 0.0148247 secs] [Times: user=0.13 sys=0.00, real=0.01 secs] 
2016-09-13T19:43:04.868-0400: 145.343: [GC (GCLocker Initiated GC) [PSYoungGen: 199293K->43266K(203264K)] 524497K->368738K(727552K), 0.0101296 secs] [Times: user=0.10 sys=0.00, real=0.01 secs] 
2016-09-13T19:43:05.108-0400: 145.583: [GC (GCLocker Initiated GC) [PSYoungGen: 193794K->29515K(206336K)] 519285K->355113K(730624K), 0.0194438 secs] [Times: user=0.18 sys=0.00, real=0.02 secs] 
2016-09-13T19:43:05.351-0400: 145.826: [GC (GCLocker Initiated GC) [PSYoungGen: 180043K->46281K(200704K)] 505720K->376794K(724992K), 0.0141749 secs] [Times: user=0.13 sys=0.00, real=0.01 secs] 
2016-09-13T19:43:05.615-0400: 146.090: [GC (GCLocker Initiated GC) [PSYoungGen: 193737K->32485K(204800K)] 531884K->372443K(729088K), 0.0376124 secs] [Times: user=0.35 sys=0.01, real=0.04 secs] 
2016-09-13T19:43:05.854-0400: 146.329: [GC (GCLocker Initiated GC) [PSYoungGen: 179941K->23442K(201216K)] 526293K->382256K(725504K), 0.0254927 secs] [Times: user=0.33 sys=0.00, real=0.03 secs] 
2016-09-13T19:43:06.099-0400: 146.574: [GC (GCLocker Initiated GC) [PSYoungGen: 173458K->27988K(203776K)] 539974K->394633K(728064K), 0.0216949 secs] [Times: user=0.25 sys=0.01, real=0.02 secs] 
2016-09-13T19:43:06.325-0400: 146.800: [GC (GCLocker Initiated GC) [PSYoungGen: 178004K->50932K(198656K)] 544817K->433087K(722944K), 0.0163169 secs] [Times: user=0.15 sys=0.00, real=0.02 secs] 
2016-09-13T19:43:06.565-0400: 147.040: [GC (GCLocker Initiated GC) [PSYoungGen: 197364K->20335K(204288K)] 581235K->427198K(728576K), 0.0257817 secs] [Times: user=0.27 sys=0.00, real=0.03 secs] 
2016-09-13T19:43:06.828-0400: 147.303: [GC (GCLocker Initiated GC) [PSYoungGen: 166767K->43212K(201728K)] 575315K->451913K(726016K), 0.0108370 secs] [Times: user=0.10 sys=0.00, real=0.01 secs] 
2016-09-13T19:43:07.077-0400: 147.552: [GC (GCLocker Initiated GC) [PSYoungGen: 187596K->34099K(178688K)] 602400K->449089K(702976K), 0.0448881 secs] [Times: user=0.47 sys=0.00, real=0.04 secs] 
2016-09-13T19:43:07.311-0400: 147.786: [GC (GCLocker Initiated GC) [PSYoungGen: 178483K->35683K(203776K)] 593499K->458526K(728064K), 0.0299587 secs] [Times: user=0.35 sys=0.00, real=0.03 secs] 
2016-09-13T19:43:07.540-0400: 148.015: [GC (GCLocker Initiated GC) [PSYoungGen: 182627K->49223K(202752K)] 605534K->478351K(727040K), 0.0077066 secs] [Times: user=0.06 sys=0.00, real=0.01 secs] 
2016-09-13T19:43:07.773-0400: 148.248: [GC (GCLocker Initiated GC) [PSYoungGen: 196167K->28019K(204288K)] 625474K->466616K(728576K), 0.0341227 secs] [Times: user=0.30 sys=0.00, real=0.03 secs] 
2016-09-13T19:43:08.025-0400: 148.500: [GC (GCLocker Initiated GC) [PSYoungGen: 172915K->46287K(191488K)] 613181K->486786K(715776K), 0.0095410 secs] [Times: user=0.09 sys=0.00, real=0.01 secs] 
2016-09-13T19:43:08.258-0400: 148.733: [GC (GCLocker Initiated GC) [PSYoungGen: 191183K->47709K(197632K)] 637882K->494555K(721920K), 0.0071352 secs] [Times: user=0.06 sys=0.00, real=0.00 secs] 
2016-09-13T19:43:08.463-0400: 148.938: [GC (GCLocker Initiated GC) [PSYoungGen: 184925K->44921K(182272K)] 633471K->493609K(706560K), 0.0072089 secs] [Times: user=0.06 sys=0.00, real=0.01 secs] 
2016-09-13T19:43:08.700-0400: 149.175: [GC (GCLocker Initiated GC) [PSYoungGen: 182137K->47709K(197120K)] 637101K->502938K(721408K), 0.0078995 secs] [Times: user=0.08 sys=0.00, real=0.01 secs] 
2016-09-13T19:43:08.911-0400: 149.386: [GC (GCLocker Initiated GC) [PSYoungGen: 181853K->62956K(197120K)] 637267K->518484K(721408K), 0.0319298 secs] [Times: user=0.32 sys=0.01, real=0.03 secs] 
2016-09-13T19:43:09.165-0400: 149.640: [GC (GCLocker Initiated GC) [PSYoungGen: 197100K->23404K(185856K)] 660498K->487004K(710144K), 0.0191701 secs] [Times: user=0.20 sys=0.00, real=0.02 secs] 
2016-09-13T19:43:09.362-0400: 149.837: [GC (GCLocker Initiated GC) [PSYoungGen: 144236K->31211K(191488K)] 609371K->496527K(715776K), 0.0187633 secs] [Times: user=0.19 sys=0.00, real=0.02 secs] 
2016-09-13T19:43:09.549-0400: 150.024: [GC (GCLocker Initiated GC) [PSYoungGen: 152043K->24923K(187904K)] 623526K->504217K(712192K), 0.0222263 secs] [Times: user=0.22 sys=0.00, real=0.02 secs] 
2016-09-13T19:43:09.747-0400: 150.222: [GC (GCLocker Initiated GC) [PSYoungGen: 147291K->14164K(190464K)] 634196K->501272K(714752K), 0.0106631 secs] [Times: user=0.07 sys=0.00, real=0.02 secs] 
2016-09-13T19:43:09.953-0400: 150.428: [GC (GCLocker Initiated GC) [PSYoungGen: 136532K->12714K(193024K)] 631317K->510682K(717312K), 0.0148169 secs] [Times: user=0.13 sys=0.00, real=0.02 secs] 
2016-09-13T19:43:10.200-0400: 150.675: [GC (Allocation Failure) [PSYoungGen: 136618K->5301K(129536K)] 642261K->515627K(653824K), 0.0155791 secs] [Times: user=0.14 sys=0.00, real=0.01 secs] 
2016-09-13T19:43:10.429-0400: 150.904: [GC (GCLocker Initiated GC) [PSYoungGen: 129205K->26256K(195072K)] 639534K->536861K(719360K), 0.0152713 secs] [Times: user=0.14 sys=0.00, real=0.01 secs] 
2016-09-13T19:43:10.615-0400: 151.090: [Full GC (Ergonomics) [PSYoungGen: 151184K->0K(195072K)] [ParOldGen: 518374K->35586K(524288K)] 669558K->35586K(719360K), [Metaspace: 44626K->44626K(1087488K)], 0.0766028 secs] [Times: user=0.51 sys=0.03, real=0.08 secs] 
2016-09-13T19:43:10.854-0400: 151.329: [GC (GCLocker Initiated GC) [PSYoungGen: 124928K->66285K(191488K)] 166865K->129484K(715776K), 0.0123057 secs] [Times: user=0.13 sys=0.00, real=0.01 secs] 
2016-09-13T19:43:11.033-0400: 151.508: [GC (Allocation Failure) [PSYoungGen: 191213K->25236K(185344K)] 254636K->127031K(709632K), 0.0176203 secs] [Times: user=0.15 sys=0.01, real=0.02 secs] 
2016-09-13T19:43:11.221-0400: 151.697: [GC (GCLocker Initiated GC) [PSYoungGen: 139924K->38756K(188416K)] 243238K->165135K(712704K), 0.0072416 secs] [Times: user=0.06 sys=0.00, real=0.01 secs] 
2016-09-13T19:43:11.396-0400: 151.871: [GC (GCLocker Initiated GC) [PSYoungGen: 153444K->11194K(185856K)] 283036K->140956K(710144K), 0.0293721 secs] [Times: user=0.30 sys=0.00, real=0.02 secs] 
2016-09-13T19:43:11.577-0400: 152.052: [GC (GCLocker Initiated GC) [PSYoungGen: 127418K->31093K(187904K)] 257361K->161261K(712192K), 0.0112680 secs] [Times: user=0.10 sys=0.00, real=0.01 secs] 
2016-09-13T19:43:11.745-0400: 152.220: [GC (Allocation Failure) [PSYoungGen: 147317K->32458K(185856K)] 279032K->164563K(710144K), 0.0168476 secs] [Times: user=0.16 sys=0.00, real=0.02 secs] 
2016-09-13T19:43:11.942-0400: 152.417: [GC (GCLocker Initiated GC) [PSYoungGen: 149272K->29574K(187392K)] 287452K->173967K(711680K), 0.0128164 secs] [Times: user=0.13 sys=0.00, real=0.01 secs] 
2016-09-13T19:43:12.155-0400: 152.630: [GC (GCLocker Initiated GC) [PSYoungGen: 151942K->14138K(195072K)] 296368K->158690K(719360K), 0.0295580 secs] [Times: user=0.29 sys=0.00, real=0.03 secs] 
2016-09-13T19:43:12.385-0400: 152.860: [GC (GCLocker Initiated GC) [PSYoungGen: 147770K->27934K(195072K)] 294002K->174298K(719360K), 0.0098476 secs] [Times: user=0.11 sys=0.00, real=0.01 secs] 
2016-09-13T19:43:12.584-0400: 153.059: [GC (GCLocker Initiated GC) [PSYoungGen: 161566K->35459K(198144K)] 309468K->183433K(722432K), 0.0210427 secs] [Times: user=0.20 sys=0.00, real=0.02 secs] 
2016-09-13T19:43:12.842-0400: 153.317: [GC (Allocation Failure) [PSYoungGen: 175235K->29703K(197632K)] 326368K->196218K(721920K), 0.0139750 secs] [Times: user=0.18 sys=0.00, real=0.02 secs] 
2016-09-13T19:43:13.054-0400: 153.529: [GC (GCLocker Initiated GC) [PSYoungGen: 167431K->28116K(201728K)] 340022K->200916K(726016K), 0.0051154 secs] [Times: user=0.05 sys=0.00, real=0.01 secs] 
2016-09-13T19:43:13.300-0400: 153.775: [GC (GCLocker Initiated GC) [PSYoungGen: 176596K->27838K(201216K)] 363690K->215122K(725504K), 0.0137136 secs] [Times: user=0.11 sys=0.01, real=0.01 secs] 
2016-09-13T19:43:13.548-0400: 154.023: [GC (GCLocker Initiated GC) [PSYoungGen: 176318K->5025K(204800K)] 372755K->209143K(729088K), 0.0205981 secs] [Times: user=0.18 sys=0.00, real=0.02 secs] 
2016-09-13T19:43:13.851-0400: 154.327: [GC (GCLocker Initiated GC) [PSYoungGen: 159137K->40084K(206848K)] 366425K->247576K(731136K), 0.0244923 secs] [Times: user=0.21 sys=0.00, real=0.03 secs] 
2016-09-13T19:43:14.086-0400: 154.561: [GC (GCLocker Initiated GC) [PSYoungGen: 194196K->24927K(207360K)] 407771K->238696K(731648K), 0.0146104 secs] [Times: user=0.12 sys=0.01, real=0.02 secs] 
2016-09-13T19:43:14.352-0400: 154.827: [GC (GCLocker Initiated GC) [PSYoungGen: 178527K->9827K(206848K)] 404639K->236066K(731136K), 0.0192280 secs] [Times: user=0.21 sys=0.02, real=0.02 secs] 
2016-09-13T19:43:14.607-0400: 155.082: [GC (GCLocker Initiated GC) [PSYoungGen: 163427K->11322K(208384K)] 397488K->250180K(732672K), 0.0096854 secs] [Times: user=0.09 sys=0.00, real=0.02 secs] 
2016-09-13T19:43:14.867-0400: 155.343: [GC (GCLocker Initiated GC) [PSYoungGen: 166458K->46185K(201728K)] 405677K->285563K(726016K), 0.0273137 secs] [Times: user=0.25 sys=0.00, real=0.03 secs] 
2016-09-13T19:43:15.130-0400: 155.605: [GC (GCLocker Initiated GC) [PSYoungGen: 201321K->30966K(205312K)] 440721K->270650K(729600K), 0.0116766 secs] [Times: user=0.12 sys=0.00, real=0.01 secs] 
2016-09-13T19:43:15.375-0400: 155.850: [GC (GCLocker Initiated GC) [PSYoungGen: 177910K->27960K(175104K)] 417619K->272419K(699392K), 0.0283771 secs] [Times: user=0.31 sys=0.01, real=0.03 secs] 
2016-09-13T19:43:15.611-0400: 156.086: [GC (GCLocker Initiated GC) [PSYoungGen: 174904K->26442K(203776K)] 425464K->286332K(728064K), 0.0247817 secs] [Times: user=0.23 sys=0.00, real=0.03 secs] 
2016-09-13T19:43:15.847-0400: 156.322: [GC (Allocation Failure) [PSYoungGen: 175946K->26659K(201216K)] 443603K->300580K(725504K), 0.0057147 secs] [Times: user=0.04 sys=0.00, real=0.01 secs] 
2016-09-13T19:43:15.853-0400: 156.328: [GC (GCLocker Initiated GC) [PSYoungGen: 26911K->128K(203776K)] 300832K->300487K(728064K), 0.0131024 secs] [Times: user=0.12 sys=0.00, real=0.01 secs] 
2016-09-13T19:43:16.087-0400: 156.562: [GC (GCLocker Initiated GC) [PSYoungGen: 150347K->50838K(205312K)] 456782K->366400K(729600K), 0.0154314 secs] [Times: user=0.14 sys=0.00, real=0.02 secs] 
2016-09-13T19:43:16.341-0400: 156.816: [GC (GCLocker Initiated GC) [PSYoungGen: 204950K->24800K(205824K)] 520646K->365056K(730112K), 0.0128741 secs] [Times: user=0.12 sys=0.00, real=0.01 secs] 
2016-09-13T19:43:16.613-0400: 157.088: [GC (GCLocker Initiated GC) [PSYoungGen: 173792K->28087K(177152K)] 520152K->379197K(701440K), 0.0068428 secs] [Times: user=0.06 sys=0.01, real=0.01 secs] 
2016-09-13T19:43:16.856-0400: 157.331: [GC (GCLocker Initiated GC) [PSYoungGen: 177079K->27992K(205312K)] 534438K->391789K(729600K), 0.0247275 secs] [Times: user=0.30 sys=0.00, real=0.02 secs] 
2016-09-13T19:43:17.092-0400: 157.567: [GC (GCLocker Initiated GC) [PSYoungGen: 179544K->46472K(202752K)] 551169K->418330K(727040K), 0.0154241 secs] [Times: user=0.19 sys=0.01, real=0.01 secs] 
2016-09-13T19:43:17.376-0400: 157.852: [GC (GCLocker Initiated GC) [PSYoungGen: 198024K->23436K(207872K)] 576313K->401788K(732160K), 0.0139913 secs] [Times: user=0.16 sys=0.01, real=0.01 secs] 
2016-09-13T19:43:17.609-0400: 158.084: [GC (GCLocker Initiated GC) [PSYoungGen: 174988K->32517K(184320K)] 553360K->411083K(708608K), 0.0109527 secs] [Times: user=0.08 sys=0.00, real=0.01 secs] 
2016-09-13T19:43:17.860-0400: 158.335: [GC (GCLocker Initiated GC) [PSYoungGen: 184069K->38559K(203776K)] 564385K->422118K(728064K), 0.0107072 secs] [Times: user=0.12 sys=0.00, real=0.01 secs] 
2016-09-13T19:43:18.099-0400: 158.575: [GC (GCLocker Initiated GC) [PSYoungGen: 189087K->23659K(204800K)] 582017K->416747K(729088K), 0.0132241 secs] [Times: user=0.18 sys=0.00, real=0.01 secs] 
2016-09-13T19:43:18.345-0400: 158.820: [GC (GCLocker Initiated GC) [PSYoungGen: 174187K->30999K(203776K)] 568861K->425874K(728064K), 0.0205211 secs] [Times: user=0.18 sys=0.00, real=0.02 secs] 
2016-09-13T19:43:18.600-0400: 159.075: [GC (GCLocker Initiated GC) [PSYoungGen: 185623K->14350K(205824K)] 580521K->412366K(730112K), 0.0130365 secs] [Times: user=0.10 sys=0.00, real=0.01 secs] 
2016-09-13T19:43:18.854-0400: 159.329: [GC (GCLocker Initiated GC) [PSYoungGen: 168974K->44671K(202240K)] 573294K->449297K(726528K), 0.0302111 secs] [Times: user=0.30 sys=0.00, real=0.03 secs] 
2016-09-13T19:43:19.136-0400: 159.611: [GC (GCLocker Initiated GC) [PSYoungGen: 195199K->30939K(206336K)] 606015K->460099K(730624K), 0.0170818 secs] [Times: user=0.16 sys=0.00, real=0.01 secs] 
2016-09-13T19:43:19.387-0400: 159.862: [GC (GCLocker Initiated GC) [PSYoungGen: 181467K->48076K(200192K)] 610873K->477637K(724480K), 0.0306354 secs] [Times: user=0.30 sys=0.00, real=0.04 secs] 
2016-09-13T19:43:19.606-0400: 160.081: [GC (GCLocker Initiated GC) [PSYoungGen: 194508K->46249K(193024K)] 624091K->476187K(717312K), 0.0296157 secs] [Times: user=0.34 sys=0.00, real=0.03 secs] 
2016-09-13T19:43:19.874-0400: 160.349: [GC (Allocation Failure) [PSYoungGen: 192681K->6944K(198144K)] 634972K->456988K(722432K), 0.0124728 secs] [Times: user=0.15 sys=0.00, real=0.01 secs] 
2016-09-13T19:43:20.098-0400: 160.573: [GC (GCLocker Initiated GC) [PSYoungGen: 143828K->61506K(199168K)] 595391K->517796K(723456K), 0.0096747 secs] [Times: user=0.12 sys=0.00, real=0.00 secs] 
2016-09-13T19:43:20.309-0400: 160.784: [GC (GCLocker Initiated GC) [PSYoungGen: 198722K->49696K(178688K)] 655242K->506426K(702976K), 0.0287275 secs] [Times: user=0.33 sys=0.01, real=0.03 secs] 
2016-09-13T19:43:20.499-0400: 160.974: [GC (GCLocker Initiated GC) [PSYoungGen: 165408K->55608K(171520K)] 628311K->518949K(695808K), 0.0100660 secs] [Times: user=0.14 sys=0.00, real=0.01 secs] 
2016-09-13T19:43:20.672-0400: 161.147: [GC (GCLocker Initiated GC) [PSYoungGen: 171320K->46344K(185856K)] 634842K->511547K(710144K), 0.0174570 secs] [Times: user=0.17 sys=0.00, real=0.02 secs] 
2016-09-13T19:43:20.866-0400: 161.342: [GC (GCLocker Initiated GC) [PSYoungGen: 155400K->40015K(149504K)] 622278K->507157K(673792K), 0.0141313 secs] [Times: user=0.12 sys=0.00, real=0.02 secs] 
2016-09-13T19:43:21.048-0400: 161.523: [GC (GCLocker Initiated GC) [PSYoungGen: 149071K->61441K(177152K)] 616414K->528907K(701440K), 0.0155339 secs] [Times: user=0.18 sys=0.01, real=0.01 secs] 
2016-09-13T19:43:21.237-0400: 161.713: [GC (Allocation Failure) [PSYoungGen: 165377K->41693K(182272K)] 636149K->512686K(706560K), 0.0060703 secs] [Times: user=0.05 sys=0.01, real=0.00 secs] 
2016-09-13T19:43:21.244-0400: 161.719: [GC (GCLocker Initiated GC) [PSYoungGen: 41707K->160K(180736K)] 512700K->512708K(705024K), 0.0059922 secs] [Times: user=0.08 sys=0.00, real=0.01 secs] 
2016-09-13T19:43:21.250-0400: 161.725: [Full GC (Ergonomics) [PSYoungGen: 160K->0K(180736K)] [ParOldGen: 512548K->39367K(524288K)] 512708K->39367K(705024K), [Metaspace: 44644K->44644K(1087488K)], 0.0570716 secs] [Times: user=0.44 sys=0.00, real=0.05 secs] 
2016-09-13T19:43:21.426-0400: 161.901: [GC (GCLocker Initiated GC) [PSYoungGen: 105472K->73874K(179712K)] 144845K->149697K(704000K), 0.0127032 secs] [Times: user=0.19 sys=0.00, real=0.02 secs] 
2016-09-13T19:43:21.609-0400: 162.084: [GC (GCLocker Initiated GC) [PSYoungGen: 179346K->41885K(176640K)] 258385K->165339K(700928K), 0.0123693 secs] [Times: user=0.11 sys=0.00, real=0.01 secs] 
2016-09-13T19:43:21.759-0400: 162.234: [GC (Allocation Failure) [PSYoungGen: 136093K->38470K(133120K)] 259796K->162245K(657408K), 0.0119059 secs] [Times: user=0.11 sys=0.00, real=0.01 secs] 
2016-09-13T19:43:21.903-0400: 162.378: [GC (GCLocker Initiated GC) [PSYoungGen: 130087K->37111K(178688K)] 259937K->167084K(702976K), 0.0217352 secs] [Times: user=0.29 sys=0.01, real=0.02 secs] 
2016-09-13T19:43:22.081-0400: 162.556: [GC (GCLocker Initiated GC) [PSYoungGen: 135927K->23743K(175616K)] 273750K->161753K(699904K), 0.0101878 secs] [Times: user=0.11 sys=0.00, real=0.01 secs] 
2016-09-13T19:43:22.235-0400: 162.710: [GC (Allocation Failure) [PSYoungGen: 122559K->46160K(182272K)] 260616K->184505K(706560K), 0.0287300 secs] [Times: user=0.34 sys=0.00, real=0.03 secs] 
2016-09-13T19:43:22.405-0400: 162.880: [GC (GCLocker Initiated GC) [PSYoungGen: 150956K->28279K(181248K)] 295376K->177392K(705536K), 0.0111389 secs] [Times: user=0.12 sys=0.00, real=0.02 secs] 
2016-09-13T19:43:22.571-0400: 163.046: [GC (GCLocker Initiated GC) [PSYoungGen: 134775K->44486K(185856K)] 286959K->196930K(710144K), 0.0137861 secs] [Times: user=0.14 sys=0.00, real=0.01 secs] 
2016-09-13T19:43:22.761-0400: 163.236: [GC (GCLocker Initiated GC) [PSYoungGen: 157126K->26569K(184832K)] 309671K->185324K(709120K), 0.0051054 secs] [Times: user=0.04 sys=0.00, real=0.00 secs] 
2016-09-13T19:43:22.969-0400: 163.445: [GC (GCLocker Initiated GC) [PSYoungGen: 139209K->43185K(188416K)] 298068K->211433K(712704K), 0.0241101 secs] [Times: user=0.26 sys=0.00, real=0.02 secs] 
2016-09-13T19:43:23.145-0400: 163.620: [GC (GCLocker Initiated GC) [PSYoungGen: 160945K->32702K(187392K)] 335514K->207481K(711680K), 0.0069192 secs] [Times: user=0.05 sys=0.00, real=0.01 secs] 
2016-09-13T19:43:23.332-0400: 163.807: [GC (GCLocker Initiated GC) [PSYoungGen: 150462K->32555K(190464K)] 325371K->207748K(714752K), 0.0327856 secs] [Times: user=0.36 sys=0.01, real=0.03 secs] 
2016-09-13T19:43:23.505-0400: 163.980: [GC (Allocation Failure) [PSYoungGen: 156459K->49473K(189440K)] 331852K->225022K(713728K), 0.0225088 secs] [Times: user=0.24 sys=0.00, real=0.03 secs] 
2016-09-13T19:43:23.698-0400: 164.173: [GC (GCLocker Initiated GC) [PSYoungGen: 173377K->43148K(195584K)] 348943K->218973K(719872K), 0.0097112 secs] [Times: user=0.08 sys=0.00, real=0.01 secs] 
2016-09-13T19:43:23.900-0400: 164.375: [GC (GCLocker Initiated GC) [PSYoungGen: 172172K->58342K(187392K)] 349702K->236065K(711680K), 0.0123328 secs] [Times: user=0.11 sys=0.00, real=0.01 secs] 
2016-09-13T19:43:24.100-0400: 164.575: [GC (GCLocker Initiated GC) [PSYoungGen: 187366K->41851K(194048K)] 368138K->227303K(718336K), 0.0238876 secs] [Times: user=0.26 sys=0.00, real=0.02 secs] 
2016-09-13T19:43:24.305-0400: 164.780: [GC (GCLocker Initiated GC) [PSYoungGen: 165243K->52325K(191488K)] 350728K->238091K(715776K), 0.0280289 secs] [Times: user=0.31 sys=0.00, real=0.03 secs] 
2016-09-13T19:43:24.503-0400: 164.978: [GC (GCLocker Initiated GC) [PSYoungGen: 175717K->47769K(193024K)] 361612K->245984K(717312K), 0.0330118 secs] [Times: user=0.38 sys=0.00, real=0.04 secs] 
2016-09-13T19:43:24.756-0400: 165.231: [GC (Allocation Failure) [PSYoungGen: 171161K->5279K(129024K)] 377117K->223548K(653312K), 0.0097067 secs] [Times: user=0.10 sys=0.00, real=0.00 secs] 
2016-09-13T19:43:24.963-0400: 165.438: [GC (GCLocker Initiated GC) [PSYoungGen: 128671K->34009K(192000K)] 346952K->252483K(716288K), 0.0132749 secs] [Times: user=0.12 sys=0.00, real=0.02 secs] 
2016-09-13T19:43:25.131-0400: 165.606: [GC (Allocation Failure) [PSYoungGen: 153305K->28114K(147456K)] 371966K->246992K(671744K), 0.0098772 secs] [Times: user=0.09 sys=0.00, real=0.01 secs] 
2016-09-13T19:43:25.331-0400: 165.806: [GC (GCLocker Initiated GC) [PSYoungGen: 145468K->9736K(186368K)] 370421K->235162K(710656K), 0.0294384 secs] [Times: user=0.30 sys=0.01, real=0.03 secs] 
2016-09-13T19:43:25.523-0400: 165.999: [GC (Allocation Failure) [PSYoungGen: 127496K->61379K(179200K)] 353176K->287248K(703488K), 0.0360775 secs] [Times: user=0.39 sys=0.00, real=0.04 secs] 
2016-09-13T19:43:25.560-0400: 166.035: [GC (GCLocker Initiated GC) [PSYoungGen: 61395K->96K(181248K)] 287264K->293134K(705536K), 0.0077323 secs] [Times: user=0.07 sys=0.00, real=0.01 secs] 
2016-09-13T19:43:25.698-0400: 166.173: [GC (GCLocker Initiated GC) [PSYoungGen: 104544K->78302K(182784K)] 397595K->383504K(707072K), 0.0111735 secs] [Times: user=0.09 sys=0.00, real=0.01 secs] 
2016-09-13T19:43:25.861-0400: 166.336: [GC (GCLocker Initiated GC) [PSYoungGen: 182750K->41944K(167424K)] 487994K->361365K(691712K), 0.0120707 secs] [Times: user=0.16 sys=0.00, real=0.01 secs] 
2016-09-13T19:43:26.015-0400: 166.490: [GC (GCLocker Initiated GC) [PSYoungGen: 130008K->53727K(175104K)] 450983K->379617K(699392K), 0.0121418 secs] [Times: user=0.14 sys=0.00, real=0.01 secs] 
2016-09-13T19:43:26.157-0400: 166.632: [GC (GCLocker Initiated GC) [PSYoungGen: 141791K->34003K(169984K)] 475314K->375248K(694272K), 0.0060345 secs] [Times: user=0.05 sys=0.01, real=0.00 secs] 
2016-09-13T19:43:26.299-0400: 166.774: [GC (GCLocker Initiated GC) [PSYoungGen: 122067K->31131K(172544K)] 475571K->395551K(696832K), 0.0192198 secs] [Times: user=0.26 sys=0.00, real=0.02 secs] 
2016-09-13T19:43:26.475-0400: 166.950: [GC (GCLocker Initiated GC) [PSYoungGen: 119195K->35623K(169984K)] 483632K->400235K(694272K), 0.0152877 secs] [Times: user=0.18 sys=0.00, real=0.02 secs] 
2016-09-13T19:43:26.636-0400: 167.111: [GC (GCLocker Initiated GC) [PSYoungGen: 131879K->27961K(173568K)] 496499K->400392K(697856K), 0.0174470 secs] [Times: user=0.16 sys=0.00, real=0.01 secs] 
2016-09-13T19:43:26.788-0400: 167.264: [GC (GCLocker Initiated GC) [PSYoungGen: 124217K->9884K(184832K)] 502859K->396193K(709120K), 0.0126187 secs] [Times: user=0.14 sys=0.00, real=0.01 secs] 
2016-09-13T19:43:26.960-0400: 167.435: [GC (GCLocker Initiated GC) [PSYoungGen: 119452K->32585K(142336K)] 513613K->427021K(666624K), 0.0237632 secs] [Times: user=0.27 sys=0.00, real=0.02 secs] 
2016-09-13T19:43:27.140-0400: 167.615: [GC (GCLocker Initiated GC) [PSYoungGen: 142153K->29506K(185344K)] 544221K->431834K(709632K), 0.0064277 secs] [Times: user=0.06 sys=0.00, real=0.00 secs] 
2016-09-13T19:43:27.326-0400: 167.801: [GC (GCLocker Initiated GC) [PSYoungGen: 142658K->44549K(182784K)] 545008K->450165K(707072K), 0.0101082 secs] [Times: user=0.09 sys=0.00, real=0.02 secs] 
2016-09-13T19:43:27.533-0400: 168.008: [GC (Allocation Failure) [PSYoungGen: 157701K->23500K(190976K)] 571032K->450642K(715264K), 0.0116958 secs] [Times: user=0.15 sys=0.00, real=0.01 secs] 
2016-09-13T19:43:27.733-0400: 168.208: [GC (GCLocker Initiated GC) [PSYoungGen: 145356K->63084K(185344K)] 572504K->492010K(709632K), 0.0138129 secs] [Times: user=0.18 sys=0.00, real=0.01 secs] 
2016-09-13T19:43:27.911-0400: 168.386: [GC (GCLocker Initiated GC) [PSYoungGen: 184940K->49224K(185344K)] 615426K->479935K(709632K), 0.0092904 secs] [Times: user=0.08 sys=0.01, real=0.01 secs] 
2016-09-13T19:43:28.088-0400: 168.563: [GC (GCLocker Initiated GC) [PSYoungGen: 158792K->46376K(185856K)] 595651K->487915K(710144K), 0.0207217 secs] [Times: user=0.21 sys=0.01, real=0.02 secs] 
2016-09-13T19:43:28.298-0400: 168.774: [GC (GCLocker Initiated GC) [PSYoungGen: 155944K->29485K(181760K)] 603742K->486692K(706048K), 0.0065297 secs] [Times: user=0.05 sys=0.01, real=0.00 secs] 
2016-09-13T19:43:28.477-0400: 168.952: [GC (GCLocker Initiated GC) [PSYoungGen: 139565K->44693K(183808K)] 598466K->503716K(708096K), 0.0161374 secs] [Times: user=0.16 sys=0.01, real=0.01 secs] 
2016-09-13T19:43:28.658-0400: 169.134: [GC (GCLocker Initiated GC) [PSYoungGen: 154773K->49223K(188416K)] 613818K->508449K(712704K), 0.0094753 secs] [Times: user=0.07 sys=0.00, real=0.01 secs] 
2016-09-13T19:43:28.859-0400: 169.334: [GC (GCLocker Initiated GC) [PSYoungGen: 164935K->27774K(143872K)] 624183K->493350K(668160K), 0.0139194 secs] [Times: user=0.12 sys=0.01, real=0.01 secs] 
2016-09-13T19:43:29.053-0400: 169.529: [GC (GCLocker Initiated GC) [PSYoungGen: 143486K->29480K(189440K)] 609085K->505805K(713728K), 0.0195478 secs] [Times: user=0.20 sys=0.01, real=0.02 secs] 
2016-09-13T19:43:29.241-0400: 169.716: [GC (GCLocker Initiated GC) [PSYoungGen: 147240K->26414K(187904K)] 623585K->509073K(712192K), 0.0129047 secs] [Times: user=0.12 sys=0.00, real=0.01 secs] 
2016-09-13T19:43:29.418-0400: 169.893: [GC (GCLocker Initiated GC) [PSYoungGen: 144174K->31190K(189952K)] 626859K->526329K(714240K), 0.0231814 secs] [Times: user=0.27 sys=0.01, real=0.02 secs] 
2016-09-13T19:43:29.614-0400: 170.089: [GC (GCLocker Initiated GC) [PSYoungGen: 153558K->29394K(188928K)] 648880K->532644K(713216K), 0.0218394 secs] [Times: user=0.23 sys=0.00, real=0.03 secs] 
2016-09-13T19:43:29.810-0400: 170.285: [Full GC (Ergonomics) [PSYoungGen: 151762K->0K(188928K)] [ParOldGen: 506335K->35041K(524288K)] 658097K->35041K(713216K), [Metaspace: 44645K->44645K(1087488K)], 0.0609516 secs] [Times: user=0.32 sys=0.01, real=0.06 secs] 
2016-09-13T19:43:30.088-0400: 170.563: [GC (GCLocker Initiated GC) [PSYoungGen: 122368K->61818K(183296K)] 171203K->110653K(707584K), 0.0234688 secs] [Times: user=0.22 sys=0.01, real=0.02 secs] 
2016-09-13T19:43:30.285-0400: 170.760: [GC (GCLocker Initiated GC) [PSYoungGen: 180602K->26319K(190464K)] 230981K->109059K(714752K), 0.0156209 secs] [Times: user=0.12 sys=0.00, real=0.02 secs] 
2016-09-13T19:43:30.441-0400: 170.916: [GC (GCLocker Initiated GC) [PSYoungGen: 145103K->27928K(184832K)] 229512K->114049K(709120K), 0.0261963 secs] [Times: user=0.25 sys=0.00, real=0.02 secs] 
2016-09-13T19:43:30.645-0400: 171.120: [GC (Allocation Failure) [PSYoungGen: 148248K->23437K(188416K)] 242187K->122142K(712704K), 0.0093728 secs] [Times: user=0.08 sys=0.00, real=0.01 secs] 
2016-09-13T19:43:30.837-0400: 171.312: [GC (GCLocker Initiated GC) [PSYoungGen: 143757K->29634K(188928K)] 242464K->128448K(713216K), 0.0054119 secs] [Times: user=0.04 sys=0.00, real=0.00 secs] 
2016-09-13T19:43:31.012-0400: 171.487: [GC (GCLocker Initiated GC) [PSYoungGen: 156610K->26627K(192000K)] 255432K->125725K(716288K), 0.0097288 secs] [Times: user=0.11 sys=0.00, real=0.01 secs] 
2016-09-13T19:43:31.225-0400: 171.700: [GC (GCLocker Initiated GC) [PSYoungGen: 153603K->27865K(192000K)] 252726K->127123K(716288K), 0.0327661 secs] [Times: user=0.34 sys=0.00, real=0.04 secs] 
2016-09-13T19:43:31.497-0400: 171.972: [GC (GCLocker Initiated GC) [PSYoungGen: 162009K->40052K(195072K)] 269168K->154936K(719360K), 0.0236521 secs] [Times: user=0.23 sys=0.01, real=0.02 secs] 
2016-09-13T19:43:31.736-0400: 172.211: [GC (GCLocker Initiated GC) [PSYoungGen: 174196K->14292K(200192K)] 295314K->135482K(724480K), 0.0247243 secs] [Times: user=0.28 sys=0.00, real=0.02 secs] 
2016-09-13T19:43:31.923-0400: 172.398: [GC (GCLocker Initiated GC) [PSYoungGen: 153556K->44789K(184320K)] 277812K->169200K(708608K), 0.0068943 secs] [Times: user=0.06 sys=0.00, real=0.01 secs] 
2016-09-13T19:43:32.127-0400: 172.602: [GC (GCLocker Initiated GC) [PSYoungGen: 184053K->40172K(199168K)] 308506K->166333K(723456K), 0.0127025 secs] [Times: user=0.09 sys=0.01, real=0.02 secs] 
2016-09-13T19:43:32.345-0400: 172.820: [GC (GCLocker Initiated GC) [PSYoungGen: 175852K->41721K(198656K)] 303699K->169935K(722944K), 0.0100831 secs] [Times: user=0.08 sys=0.01, real=0.01 secs] 
2016-09-13T19:43:32.578-0400: 173.054: [GC (GCLocker Initiated GC) [PSYoungGen: 177401K->27902K(196608K)] 307419K->158067K(720896K), 0.0308124 secs] [Times: user=0.36 sys=0.00, real=0.03 secs] 
2016-09-13T19:43:32.803-0400: 173.279: [GC (GCLocker Initiated GC) [PSYoungGen: 164094K->55549K(192000K)] 294384K->185993K(716288K), 0.0095169 secs] [Times: user=0.09 sys=0.01, real=0.01 secs] 
2016-09-13T19:43:33.024-0400: 173.499: [GC (GCLocker Initiated GC) [PSYoungGen: 191741K->23282K(196096K)] 325497K->166369K(720384K), 0.0243723 secs] [Times: user=0.22 sys=0.01, real=0.03 secs] 
2016-09-13T19:43:33.255-0400: 173.730: [GC (GCLocker Initiated GC) [PSYoungGen: 152818K->38623K(168448K)] 302246K->188107K(692736K), 0.0145194 secs] [Times: user=0.12 sys=0.00, real=0.02 secs] 
2016-09-13T19:43:33.463-0400: 173.938: [GC (GCLocker Initiated GC) [PSYoungGen: 168159K->62860K(182784K)] 317696K->214176K(707072K), 0.0102876 secs] [Times: user=0.08 sys=0.00, real=0.01 secs] 
2016-09-13T19:43:33.645-0400: 174.121: [GC (GCLocker Initiated GC) [PSYoungGen: 181644K->30876K(190464K)] 332982K->191531K(714752K), 0.0087328 secs] [Times: user=0.06 sys=0.00, real=0.01 secs] 
2016-09-13T19:43:33.850-0400: 174.325: [GC (GCLocker Initiated GC) [PSYoungGen: 149660K->5084K(188416K)] 322519K->184073K(712704K), 0.0190235 secs] [Times: user=0.19 sys=0.00, real=0.02 secs] 
2016-09-13T19:43:34.070-0400: 174.545: [GC (GCLocker Initiated GC) [PSYoungGen: 123868K->29484K(148480K)] 302883K->213186K(672768K), 0.0120053 secs] [Times: user=0.14 sys=0.00, real=0.01 secs] 
2016-09-13T19:43:34.287-0400: 174.762: [GC (GCLocker Initiated GC) [PSYoungGen: 148268K->23537K(190976K)] 339688K->227405K(715264K), 0.0140465 secs] [Times: user=0.14 sys=0.00, real=0.02 secs] 
2016-09-13T19:43:34.475-0400: 174.950: [GC (GCLocker Initiated GC) [PSYoungGen: 145905K->50838K(189440K)] 351317K->256468K(713728K), 0.0083110 secs] [Times: user=0.05 sys=0.00, real=0.01 secs] 
2016-09-13T19:43:34.657-0400: 175.132: [GC (GCLocker Initiated GC) [PSYoungGen: 173206K->44826K(190976K)] 378962K->255358K(715264K), 0.0318620 secs] [Times: user=0.32 sys=0.00, real=0.03 secs] 
2016-09-13T19:43:34.864-0400: 175.339: [GC (GCLocker Initiated GC) [PSYoungGen: 165658K->35810K(156672K)] 376408K->246924K(680960K), 0.0113868 secs] [Times: user=0.13 sys=0.00, real=0.01 secs] 
2016-09-13T19:43:35.058-0400: 175.533: [GC (GCLocker Initiated GC) [PSYoungGen: 156642K->28056K(189952K)] 374009K->245578K(714240K), 0.0075203 secs] [Times: user=0.07 sys=0.00, real=0.00 secs] 
2016-09-13T19:43:35.268-0400: 175.743: [GC (GCLocker Initiated GC) [PSYoungGen: 150936K->26320K(188416K)] 368480K->244049K(712704K), 0.0104176 secs] [Times: user=0.10 sys=0.00, real=0.01 secs] 
2016-09-13T19:43:35.457-0400: 175.932: [GC (GCLocker Initiated GC) [PSYoungGen: 149200K->24860K(194048K)] 373054K->251807K(718336K), 0.0057204 secs] [Times: user=0.04 sys=0.00, real=0.00 secs] 
2016-09-13T19:43:35.671-0400: 176.146: [GC (Allocation Failure) [PSYoungGen: 155420K->41784K(193024K)] 382456K->270512K(717312K), 0.0143083 secs] [Times: user=0.11 sys=0.00, real=0.01 secs] 
2016-09-13T19:43:35.880-0400: 176.355: [GC (GCLocker Initiated GC) [PSYoungGen: 171478K->41725K(198656K)] 401725K->278296K(722944K), 0.0152495 secs] [Times: user=0.15 sys=0.01, real=0.01 secs] 
2016-09-13T19:43:36.099-0400: 176.574: [GC (GCLocker Initiated GC) [PSYoungGen: 177917K->27966K(164352K)] 428409K->278581K(688640K), 0.0247247 secs] [Times: user=0.27 sys=0.00, real=0.02 secs] 
2016-09-13T19:43:36.318-0400: 176.793: [GC (GCLocker Initiated GC) [PSYoungGen: 164158K->44831K(196608K)] 416355K->301805K(720896K), 0.0132845 secs] [Times: user=0.11 sys=0.00, real=0.01 secs] 
2016-09-13T19:43:36.563-0400: 177.038: [GC (Allocation Failure) [PSYoungGen: 180511K->29639K(198144K)] 439353K->288715K(722432K), 0.0100748 secs] [Times: user=0.02 sys=0.00, real=0.01 secs] 
2016-09-13T19:43:36.769-0400: 177.244: [GC (GCLocker Initiated GC) [PSYoungGen: 165319K->32799K(196096K)] 424397K->292186K(720384K), 0.0083796 secs] [Times: user=0.10 sys=0.00, real=0.01 secs] 
2016-09-13T19:43:37.017-0400: 177.492: [GC (Allocation Failure) [PSYoungGen: 172063K->5334K(197632K)] 437863K->271335K(721920K), 0.0041733 secs] [Times: user=0.03 sys=0.00, real=0.00 secs] 
2016-09-13T19:43:37.245-0400: 177.720: [GC (GCLocker Initiated GC) [PSYoungGen: 140336K->6667K(199168K)] 412412K->278905K(723456K), 0.0037532 secs] [Times: user=0.02 sys=0.00, real=0.01 secs] 
2016-09-13T19:43:37.448-0400: 177.923: [GC (GCLocker Initiated GC) [PSYoungGen: 144907K->46408K(184832K)] 417185K->318841K(709120K), 0.0130279 secs] [Times: user=0.13 sys=0.00, real=0.01 secs] 
2016-09-13T19:43:37.682-0400: 178.158: [GC (GCLocker Initiated GC) [PSYoungGen: 184648K->47613K(191488K)] 457431K->320581K(715776K), 0.0093405 secs] [Times: user=0.06 sys=0.00, real=0.01 secs] 
2016-09-13T19:43:37.886-0400: 178.361: [GC (GCLocker Initiated GC) [PSYoungGen: 173565K->35842K(194048K)] 452631K->319639K(718336K), 0.0102042 secs] [Times: user=0.12 sys=0.01, real=0.02 secs] 
2016-09-13T19:43:38.109-0400: 178.585: [GC (GCLocker Initiated GC) [PSYoungGen: 161794K->38569K(190464K)] 454948K->347253K(714752K), 0.0174250 secs] [Times: user=0.14 sys=0.00, real=0.01 secs] 
2016-09-13T19:43:38.356-0400: 178.832: [GC (GCLocker Initiated GC) [PSYoungGen: 166569K->9857K(192512K)] 481490K->324921K(716800K), 0.0097096 secs] [Times: user=0.08 sys=0.00, real=0.00 secs] 
2016-09-13T19:43:38.595-0400: 179.070: [GC (GCLocker Initiated GC) [PSYoungGen: 137857K->38528K(197120K)] 454680K->355702K(721408K), 0.0302680 secs] [Times: user=0.29 sys=0.01, real=0.03 secs] 
2016-09-13T19:43:38.791-0400: 179.267: [GC (GCLocker Initiated GC) [PSYoungGen: 170112K->40147K(196608K)] 488924K->359096K(720896K), 0.0214428 secs] [Times: user=0.22 sys=0.02, real=0.02 secs] 
2016-09-13T19:43:39.020-0400: 179.495: [GC (GCLocker Initiated GC) [PSYoungGen: 171731K->50716K(190976K)] 490859K->370045K(715264K), 0.0069403 secs] [Times: user=0.07 sys=0.00, real=0.00 secs] 
2016-09-13T19:43:39.219-0400: 179.694: [GC (Allocation Failure) [PSYoungGen: 176668K->23501K(194048K)] 503725K->350704K(718336K), 0.0096773 secs] [Times: user=0.07 sys=0.01, real=0.01 secs] 
2016-09-13T19:43:39.407-0400: 179.882: [GC (GCLocker Initiated GC) [PSYoungGen: 145326K->28215K(188416K)] 478604K->361648K(712704K), 0.0068632 secs] [Times: user=0.07 sys=0.00, real=0.01 secs] 
2016-09-13T19:43:39.599-0400: 180.074: [GC (GCLocker Initiated GC) [PSYoungGen: 155703K->21982K(192000K)] 489167K->355589K(716288K), 0.0265179 secs] [Times: user=0.27 sys=0.00, real=0.02 secs] 
2016-09-13T19:43:39.811-0400: 180.287: [GC (GCLocker Initiated GC) [PSYoungGen: 149470K->43147K(197120K)] 483097K->384572K(721408K), 0.0236145 secs] [Times: user=0.22 sys=0.01, real=0.02 secs] 
2016-09-13T19:43:40.023-0400: 180.498: [GC (GCLocker Initiated GC) [PSYoungGen: 177291K->31126K(165376K)] 518727K->383447K(689664K), 0.0260517 secs] [Times: user=0.33 sys=0.00, real=0.03 secs] 
2016-09-13T19:43:40.284-0400: 180.759: [GC (Allocation Failure) [PSYoungGen: 165270K->43313K(195584K)] 517764K->402162K(719872K), 0.0101192 secs] [Times: user=0.10 sys=0.00, real=0.01 secs] 
2016-09-13T19:43:40.459-0400: 180.934: [GC (GCLocker Initiated GC) [PSYoungGen: 177457K->39033K(196608K)] 536311K->398136K(720896K), 0.0156495 secs] [Times: user=0.16 sys=0.00, real=0.01 secs] 
2016-09-13T19:43:40.664-0400: 181.139: [GC (GCLocker Initiated GC) [PSYoungGen: 173177K->47804K(195584K)] 532354K->407183K(719872K), 0.0238907 secs] [Times: user=0.32 sys=0.00, real=0.03 secs] 
2016-09-13T19:43:40.876-0400: 181.351: [GC (Allocation Failure) [PSYoungGen: 181948K->50998K(185344K)] 541502K->410777K(709632K), 0.0147119 secs] [Times: user=0.19 sys=0.00, real=0.01 secs] 
2016-09-13T19:43:41.092-0400: 181.567: [GC (GCLocker Initiated GC) [PSYoungGen: 184581K->50938K(190464K)] 550435K->416896K(714752K), 0.0085195 secs] [Times: user=0.10 sys=0.00, real=0.01 secs] 
2016-09-13T19:43:41.307-0400: 181.782: [GC (GCLocker Initiated GC) [PSYoungGen: 174842K->64634K(188928K)] 540998K->431016K(713216K), 0.0159330 secs] [Times: user=0.21 sys=0.00, real=0.02 secs] 
2016-09-13T19:43:41.498-0400: 181.973: [GC (GCLocker Initiated GC) [PSYoungGen: 188538K->50966K(183808K)] 561120K->423789K(708096K), 0.0108402 secs] [Times: user=0.11 sys=0.00, real=0.01 secs] 
2016-09-13T19:43:41.699-0400: 182.174: [GC (GCLocker Initiated GC) [PSYoungGen: 161558K->46192K(186368K)] 542226K->427014K(710656K), 0.0105191 secs] [Times: user=0.11 sys=0.00, real=0.01 secs] 
2016-09-13T19:43:41.894-0400: 182.369: [GC (GCLocker Initiated GC) [PSYoungGen: 156784K->46436K(182784K)] 537849K->427648K(707072K), 0.0075259 secs] [Times: user=0.08 sys=0.00, real=0.01 secs] 
2016-09-13T19:43:42.092-0400: 182.567: [GC (GCLocker Initiated GC) [PSYoungGen: 159076K->41666K(184832K)] 541916K->424700K(709120K), 0.0221768 secs] [Times: user=0.21 sys=0.00, real=0.02 secs] 
2016-09-13T19:43:42.295-0400: 182.770: [GC (GCLocker Initiated GC) [PSYoungGen: 154306K->38533K(186368K)] 545109K->429567K(710656K), 0.0187872 secs] [Times: user=0.15 sys=0.01, real=0.02 secs] 
2016-09-13T19:43:42.464-0400: 182.939: [GC (GCLocker Initiated GC) [PSYoungGen: 158853K->49345K(187904K)] 550068K->440664K(712192K), 0.0135872 secs] [Times: user=0.13 sys=0.00, real=0.02 secs] 
2016-09-13T19:43:42.694-0400: 183.169: [GC (GCLocker Initiated GC) [PSYoungGen: 169665K->14138K(189440K)] 567084K->411808K(713728K), 0.0101572 secs] [Times: user=0.07 sys=0.00, real=0.01 secs] 
2016-09-13T19:43:42.892-0400: 183.367: [GC (GCLocker Initiated GC) [PSYoungGen: 135994K->50715K(173056K)] 540050K->457939K(697344K), 0.0365735 secs] [Times: user=0.39 sys=0.00, real=0.04 secs] 
2016-09-13T19:43:43.102-0400: 183.577: [GC (GCLocker Initiated GC) [PSYoungGen: 172571K->28087K(192000K)] 592012K->447722K(716288K), 0.0051259 secs] [Times: user=0.05 sys=0.00, real=0.00 secs] 
2016-09-13T19:43:43.275-0400: 183.750: [GC (GCLocker Initiated GC) [PSYoungGen: 148919K->47804K(190976K)] 568625K->467845K(715264K), 0.0096435 secs] [Times: user=0.08 sys=0.00, real=0.01 secs] 
2016-09-13T19:43:43.465-0400: 183.940: [GC (GCLocker Initiated GC) [PSYoungGen: 168636K->44827K(190976K)] 588788K->469756K(715264K), 0.0190071 secs] [Times: user=0.18 sys=0.00, real=0.02 secs] 
2016-09-13T19:43:43.674-0400: 184.149: [GC (GCLocker Initiated GC) [PSYoungGen: 166683K->46159K(190976K)] 591827K->471643K(715264K), 0.0459026 secs] [Times: user=0.51 sys=0.00, real=0.05 secs] 
2016-09-13T19:43:43.915-0400: 184.390: [GC (GCLocker Initiated GC) [PSYoungGen: 168015K->27998K(192512K)] 595085K->455230K(716800K), 0.0063965 secs] [Times: user=0.09 sys=0.00, real=0.01 secs] 
2016-09-13T19:43:44.090-0400: 184.565: [GC (GCLocker Initiated GC) [PSYoungGen: 152414K->43174K(192000K)] 579744K->470568K(716288K), 0.0227304 secs] [Times: user=0.25 sys=0.00, real=0.02 secs] 
2016-09-13T19:43:44.285-0400: 184.760: [GC (GCLocker Initiated GC) [PSYoungGen: 167590K->37287K(192512K)] 595030K->469501K(716800K), 0.0083394 secs] [Times: user=0.06 sys=0.00, real=0.01 secs] 
2016-09-13T19:43:44.483-0400: 184.958: [GC (GCLocker Initiated GC) [PSYoungGen: 165799K->41853K(192512K)] 598032K->486398K(716800K), 0.0073798 secs] [Times: user=0.08 sys=0.00, real=0.01 secs] 
2016-09-13T19:43:44.682-0400: 185.157: [GC (Allocation Failure) [PSYoungGen: 170365K->44832K(197120K)] 614933K->489833K(721408K), 0.0090006 secs] [Times: user=0.10 sys=0.00, real=0.01 secs] 
2016-09-13T19:43:44.904-0400: 185.379: [GC (GCLocker Initiated GC) [PSYoungGen: 179488K->43249K(196608K)] 624491K->496139K(720896K), 0.0143487 secs] [Times: user=0.16 sys=0.00, real=0.02 secs] 
2016-09-13T19:43:45.105-0400: 185.580: [GC (GCLocker Initiated GC) [PSYoungGen: 177905K->49510K(196608K)] 631029K->502875K(720896K), 0.0097562 secs] [Times: user=0.14 sys=0.00, real=0.01 secs] 
2016-09-13T19:43:45.343-0400: 185.818: [GC (Allocation Failure) [PSYoungGen: 185702K->46409K(198144K)] 639170K->500063K(722432K), 0.0133891 secs] [Times: user=0.15 sys=0.00, real=0.02 secs] 
2016-09-13T19:43:45.357-0400: 185.832: [GC (GCLocker Initiated GC) [PSYoungGen: 46422K->32K(189440K)] 500076K->493589K(713728K), 0.0070076 secs] [Times: user=0.07 sys=0.00, real=0.00 secs] 
2016-09-13T19:43:45.539-0400: 186.014: [GC (GCLocker Initiated GC) [PSYoungGen: 126863K->35868K(195072K)] 621940K->530944K(719360K), 0.0064854 secs] [Times: user=0.07 sys=0.00, real=0.00 secs] 
2016-09-13T19:43:45.773-0400: 186.248: [GC (GCLocker Initiated GC) [PSYoungGen: 163868K->41570K(189440K)] 660585K->544883K(713728K), 0.0315340 secs] [Times: user=0.28 sys=0.00, real=0.03 secs] 
2016-09-13T19:43:45.805-0400: 186.280: [Full GC (Ergonomics) [PSYoungGen: 41570K->0K(189440K)] [ParOldGen: 503312K->37382K(524288K)] 544883K->37382K(713728K), [Metaspace: 44648K->44648K(1087488K)], 0.1778990 secs] [Times: user=1.94 sys=0.01, real=0.18 secs] 
2016-09-13T19:43:46.164-0400: 186.639: [GC (GCLocker Initiated GC) [PSYoungGen: 130560K->59981K(193536K)] 169598K->105094K(717824K), 0.0081984 secs] [Times: user=0.05 sys=0.00, real=0.01 secs] 
2016-09-13T19:43:46.317-0400: 186.792: [GC (GCLocker Initiated GC) [PSYoungGen: 190541K->67673K(179200K)] 235715K->128413K(703488K), 0.0175830 secs] [Times: user=0.24 sys=0.00, real=0.01 secs] 
2016-09-13T19:43:46.453-0400: 186.929: [GC (GCLocker Initiated GC) [PSYoungGen: 178265K->70715K(181760K)] 239046K->139351K(706048K), 0.0085244 secs] [Times: user=0.12 sys=0.00, real=0.01 secs] 
2016-09-13T19:43:46.599-0400: 187.074: [GC (GCLocker Initiated GC) [PSYoungGen: 181307K->38992K(181760K)] 250129K->121673K(706048K), 0.0079792 secs] [Times: user=0.10 sys=0.00, real=0.00 secs] 
2016-09-13T19:43:46.720-0400: 187.195: [GC (GCLocker Initiated GC) [PSYoungGen: 140368K->60142K(161792K)] 224904K->144979K(686080K), 0.0076545 secs] [Times: user=0.11 sys=0.01, real=0.01 secs] 
2016-09-13T19:43:46.878-0400: 187.353: [GC (GCLocker Initiated GC) [PSYoungGen: 161518K->49346K(182272K)] 246379K->134445K(706560K), 0.0100048 secs] [Times: user=0.11 sys=0.00, real=0.01 secs] 
2016-09-13T19:43:47.063-0400: 187.538: [GC (GCLocker Initiated GC) [PSYoungGen: 149186K->46351K(146432K)] 234539K->144024K(670720K), 0.0115312 secs] [Times: user=0.11 sys=0.00, real=0.01 secs] 
2016-09-13T19:43:47.261-0400: 187.736: [GC (GCLocker Initiated GC) [PSYoungGen: 146191K->49228K(178688K)] 250151K->153398K(702976K), 0.0123778 secs] [Times: user=0.11 sys=0.00, real=0.01 secs] 
2016-09-13T19:43:47.408-0400: 187.884: [GC (GCLocker Initiated GC) [PSYoungGen: 151116K->52419K(176640K)] 256900K->158373K(700928K), 0.0106439 secs] [Times: user=0.06 sys=0.00, real=0.01 secs] 
2016-09-13T19:43:47.551-0400: 188.026: [GC (GCLocker Initiated GC) [PSYoungGen: 154307K->29389K(183808K)] 261819K->137165K(708096K), 0.0087475 secs] [Times: user=0.06 sys=0.00, real=0.01 secs] 
2016-09-13T19:43:47.705-0400: 188.180: [GC (GCLocker Initiated GC) [PSYoungGen: 139469K->47992K(184320K)] 248985K->171312K(708608K), 0.0084880 secs] [Times: user=0.12 sys=0.00, real=0.01 secs] 
2016-09-13T19:43:47.893-0400: 188.368: [GC (GCLocker Initiated GC) [PSYoungGen: 158072K->46373K(184320K)] 281579K->170188K(708608K), 0.0099156 secs] [Times: user=0.13 sys=0.00, real=0.01 secs] 
2016-09-13T19:43:48.129-0400: 188.604: [GC (GCLocker Initiated GC) [PSYoungGen: 162085K->28151K(185344K)] 295028K->161315K(709632K), 0.0133502 secs] [Times: user=0.12 sys=0.00, real=0.01 secs] 
2016-09-13T19:43:48.299-0400: 188.774: [GC (GCLocker Initiated GC) [PSYoungGen: 143863K->34099K(191488K)] 289317K->179754K(715776K), 0.0302942 secs] [Times: user=0.28 sys=0.00, real=0.03 secs] 
2016-09-13T19:43:48.515-0400: 188.990: [GC (GCLocker Initiated GC) [PSYoungGen: 155955K->9581K(131584K)] 315451K->179977K(655872K), 0.0103645 secs] [Times: user=0.12 sys=0.01, real=0.01 secs] 
2016-09-13T19:43:48.713-0400: 189.188: [GC (GCLocker Initiated GC) [PSYoungGen: 131437K->37301K(192000K)] 307989K->213973K(716288K), 0.0103784 secs] [Times: user=0.12 sys=0.01, real=0.01 secs] 
2016-09-13T19:43:48.906-0400: 189.381: [GC (GCLocker Initiated GC) [PSYoungGen: 156597K->69037K(188416K)] 333294K->255088K(712704K), 0.0160585 secs] [Times: user=0.19 sys=0.00, real=0.02 secs] 
2016-09-13T19:43:49.099-0400: 189.574: [GC (GCLocker Initiated GC) [PSYoungGen: 188333K->50907K(181248K)] 380595K->250909K(705536K), 0.0067483 secs] [Times: user=0.08 sys=0.00, real=0.00 secs] 
2016-09-13T19:43:49.294-0400: 189.769: [GC (GCLocker Initiated GC) [PSYoungGen: 158427K->26320K(184832K)] 370607K->243242K(709120K), 0.0112778 secs] [Times: user=0.13 sys=0.00, real=0.01 secs] 
2016-09-13T19:43:49.500-0400: 189.975: [GC (GCLocker Initiated GC) [PSYoungGen: 133840K->28341K(182272K)] 360060K->256275K(706560K), 0.0067528 secs] [Times: user=0.07 sys=0.00, real=0.00 secs] 
2016-09-13T19:43:49.680-0400: 190.155: [GC (GCLocker Initiated GC) [PSYoungGen: 136373K->43153K(183808K)] 364379K->271352K(708096K), 0.0126091 secs] [Times: user=0.11 sys=0.00, real=0.01 secs] 
2016-09-13T19:43:49.847-0400: 190.322: [GC (GCLocker Initiated GC) [PSYoungGen: 151185K->72191K(171520K)] 379437K->302074K(695808K), 0.0261021 secs] [Times: user=0.30 sys=0.00, real=0.03 secs] 
2016-09-13T19:43:50.029-0400: 190.504: [GC (GCLocker Initiated GC) [PSYoungGen: 170495K->26633K(180224K)] 403662K->270740K(704512K), 0.0112956 secs] [Times: user=0.14 sys=0.00, real=0.01 secs] 
2016-09-13T19:43:50.183-0400: 190.658: [GC (GCLocker Initiated GC) [PSYoungGen: 124937K->28126K(176128K)] 370800K->275740K(700416K), 0.0170190 secs] [Times: user=0.17 sys=0.00, real=0.02 secs] 
2016-09-13T19:43:50.333-0400: 190.808: [GC (GCLocker Initiated GC) [PSYoungGen: 127454K->23563K(178688K)] 376623K->272958K(702976K), 0.0114995 secs] [Times: user=0.12 sys=0.00, real=0.01 secs] 
2016-09-13T19:43:50.512-0400: 190.987: [GC (GCLocker Initiated GC) [PSYoungGen: 122891K->41506K(175616K)] 372468K->291319K(699904K), 0.0075012 secs] [Times: user=0.04 sys=0.00, real=0.01 secs] 
2016-09-13T19:43:50.670-0400: 191.145: [GC (GCLocker Initiated GC) [PSYoungGen: 145954K->41720K(179712K)] 395790K->291772K(704000K), 0.0305832 secs] [Times: user=0.32 sys=0.00, real=0.03 secs] 
2016-09-13T19:43:50.851-0400: 191.326: [GC (GCLocker Initiated GC) [PSYoungGen: 146168K->15880K(186880K)] 408465K->292138K(711168K), 0.0097269 secs] [Times: user=0.12 sys=0.00, real=0.01 secs] 
2016-09-13T19:43:51.041-0400: 191.516: [GC (GCLocker Initiated GC) [PSYoungGen: 130056K->26468K(140800K)] 406551K->309173K(665088K), 0.0066071 secs] [Times: user=0.03 sys=0.00, real=0.00 secs] 
2016-09-13T19:43:51.224-0400: 191.699: [GC (GCLocker Initiated GC) [PSYoungGen: 140644K->47550K(186880K)] 424899K->332108K(711168K), 0.0435926 secs] [Times: user=0.44 sys=0.00, real=0.05 secs] 
2016-09-13T19:43:51.453-0400: 191.928: [GC (GCLocker Initiated GC) [PSYoungGen: 162750K->24924K(187392K)] 459467K->330848K(711680K), 0.0054134 secs] [Times: user=0.04 sys=0.00, real=0.01 secs] 
2016-09-13T19:43:51.618-0400: 192.093: [GC (GCLocker Initiated GC) [PSYoungGen: 140124K->28051K(185344K)] 446229K->334287K(709632K), 0.0151402 secs] [Times: user=0.19 sys=0.00, real=0.01 secs] 
2016-09-13T19:43:51.809-0400: 192.284: [GC (GCLocker Initiated GC) [PSYoungGen: 146835K->28188K(187392K)] 456321K->337962K(711680K), 0.0180065 secs] [Times: user=0.21 sys=0.00, real=0.01 secs] 
2016-09-13T19:43:52.007-0400: 192.482: [GC (GCLocker Initiated GC) [PSYoungGen: 146972K->40334K(191488K)] 458287K->352052K(715776K), 0.0073867 secs] [Times: user=0.09 sys=0.00, real=0.01 secs] 
2016-09-13T19:43:52.204-0400: 192.679: [GC (GCLocker Initiated GC) [PSYoungGen: 167310K->28082K(192512K)] 479102K->347669K(716800K), 0.0170871 secs] [Times: user=0.18 sys=0.00, real=0.02 secs] 
2016-09-13T19:43:52.435-0400: 192.910: [GC (GCLocker Initiated GC) [PSYoungGen: 155058K->25050K(194048K)] 477860K->348112K(718336K), 0.0148983 secs] [Times: user=0.13 sys=0.00, real=0.02 secs] 
2016-09-13T19:43:52.650-0400: 193.125: [GC (GCLocker Initiated GC) [PSYoungGen: 157658K->28270K(195072K)] 486959K->357746K(719360K), 0.0272925 secs] [Times: user=0.31 sys=0.00, real=0.03 secs] 
2016-09-13T19:43:52.860-0400: 193.335: [GC (GCLocker Initiated GC) [PSYoungGen: 160878K->52261K(192512K)] 491901K->383478K(716800K), 0.0081154 secs] [Times: user=0.06 sys=0.01, real=0.01 secs] 
2016-09-13T19:43:53.095-0400: 193.570: [GC (GCLocker Initiated GC) [PSYoungGen: 184357K->23345K(197120K)] 527969K->376251K(721408K), 0.0257312 secs] [Times: user=0.26 sys=0.00, real=0.03 secs] 
2016-09-13T19:43:53.298-0400: 193.773: [GC (GCLocker Initiated GC) [PSYoungGen: 155441K->61506K(183808K)] 510054K->422352K(708096K), 0.0246909 secs] [Times: user=0.28 sys=0.00, real=0.02 secs] 
2016-09-13T19:43:53.516-0400: 193.991: [GC (Allocation Failure) [PSYoungGen: 181314K->28024K(190976K)] 543712K->390553K(715264K), 0.0148125 secs] [Times: user=0.14 sys=0.00, real=0.01 secs] 
2016-09-13T19:43:53.706-0400: 194.181: [GC (Allocation Failure) [PSYoungGen: 146797K->44795K(188928K)] 509326K->415144K(713216K), 0.0115339 secs] [Times: user=0.15 sys=0.00, real=0.02 secs] 
2016-09-13T19:43:53.887-0400: 194.363: [GC (GCLocker Initiated GC) [PSYoungGen: 162455K->41443K(190976K)] 538879K->417997K(715264K), 0.0097777 secs] [Times: user=0.08 sys=0.00, real=0.02 secs] 
2016-09-13T19:43:54.117-0400: 194.592: [GC (GCLocker Initiated GC) [PSYoungGen: 163299K->35746K(187392K)] 547478K->420072K(711680K), 0.0240096 secs] [Times: user=0.28 sys=0.00, real=0.02 secs] 
2016-09-13T19:43:54.347-0400: 194.822: [GC (GCLocker Initiated GC) [PSYoungGen: 161186K->5025K(190464K)] 551609K->401780K(714752K), 0.0099961 secs] [Times: user=0.10 sys=0.00, real=0.02 secs] 
2016-09-13T19:43:54.532-0400: 195.007: [GC (GCLocker Initiated GC) [PSYoungGen: 130465K->63058K(179200K)] 527349K->472188K(703488K), 0.0140248 secs] [Times: user=0.16 sys=0.00, real=0.01 secs] 
2016-09-13T19:43:54.699-0400: 195.174: [GC (Allocation Failure) [PSYoungGen: 174674K->51024K(162816K)] 583985K->468100K(687104K), 0.0161697 secs] [Times: user=0.21 sys=0.00, real=0.01 secs] 
2016-09-13T19:43:54.715-0400: 195.191: [GC (GCLocker Initiated GC) [PSYoungGen: 51039K->32K(180224K)] 468114K->467692K(704512K), 0.0064563 secs] [Times: user=0.09 sys=0.00, real=0.01 secs] 
2016-09-13T19:43:54.876-0400: 195.351: [GC (GCLocker Initiated GC) [PSYoungGen: 103456K->49414K(153088K)] 571119K->517078K(677376K), 0.0073458 secs] [Times: user=0.07 sys=0.00, real=0.00 secs] 
2016-09-13T19:43:55.040-0400: 195.516: [GC (GCLocker Initiated GC) [PSYoungGen: 152838K->26410K(184832K)] 620533K->503615K(709120K), 0.0063596 secs] [Times: user=0.06 sys=0.00, real=0.00 secs] 
2016-09-13T19:43:55.205-0400: 195.681: [GC (GCLocker Initiated GC) [PSYoungGen: 130858K->32304K(137216K)] 608086K->512774K(661504K), 0.0112559 secs] [Times: user=0.08 sys=0.00, real=0.02 secs] 
2016-09-13T19:43:55.397-0400: 195.873: [GC (Allocation Failure) [PSYoungGen: 136752K->11441K(178176K)] 623319K->507291K(702464K), 0.0321439 secs] [Times: user=0.34 sys=0.01, real=0.03 secs] 
2016-09-13T19:43:55.571-0400: 196.047: [GC (Allocation Failure) [PSYoungGen: 114785K->24863K(178176K)] 610635K->525537K(702464K), 0.0058779 secs] [Times: user=0.04 sys=0.01, real=0.01 secs] 
2016-09-13T19:43:55.577-0400: 196.053: [Full GC (Ergonomics) [PSYoungGen: 24863K->0K(178176K)] [ParOldGen: 500673K->31866K(524288K)] 525537K->31866K(702464K), [Metaspace: 44659K->44659K(1087488K)], 0.0699699 secs] [Times: user=0.43 sys=0.01, real=0.06 secs] 
2016-09-13T19:43:55.757-0400: 196.233: [GC (GCLocker Initiated GC) [PSYoungGen: 104448K->58431K(179712K)] 136320K->90304K(704000K), 0.0201651 secs] [Times: user=0.22 sys=0.00, real=0.02 secs] 
2016-09-13T19:43:55.910-0400: 196.385: [GC (Allocation Failure) [PSYoungGen: 166975K->31153K(185344K)] 200486K->78527K(709632K), 0.0300325 secs] [Times: user=0.34 sys=0.02, real=0.03 secs] 
2016-09-13T19:43:56.094-0400: 196.569: [GC (GCLocker Initiated GC) [PSYoungGen: 139697K->44863K(183296K)] 187073K->98617K(707584K), 0.0069805 secs] [Times: user=0.05 sys=0.00, real=0.01 secs] 
2016-09-13T19:43:56.245-0400: 196.720: [GC (GCLocker Initiated GC) [PSYoungGen: 156991K->67677K(180224K)] 212289K->123213K(704512K), 0.0245951 secs] [Times: user=0.32 sys=0.00, real=0.03 secs] 
2016-09-13T19:43:56.442-0400: 196.917: [GC (GCLocker Initiated GC) [PSYoungGen: 179805K->34201K(184320K)] 235522K->100842K(708608K), 0.0070802 secs] [Times: user=0.08 sys=0.00, real=0.01 secs] 
2016-09-13T19:43:56.600-0400: 197.075: [GC (GCLocker Initiated GC) [PSYoungGen: 137113K->14387K(180736K)] 205472K->82925K(705024K), 0.0343146 secs] [Times: user=0.41 sys=0.00, real=0.03 secs] 
2016-09-13T19:43:56.788-0400: 197.263: [GC (GCLocker Initiated GC) [PSYoungGen: 117299K->23436K(182272K)] 187431K->98514K(706560K), 0.0102572 secs] [Times: user=0.12 sys=0.00, real=0.01 secs] 
2016-09-13T19:43:56.921-0400: 197.396: [GC (Allocation Failure) [PSYoungGen: 128396K->47832K(180736K)] 203619K->123324K(705024K), 0.0060411 secs] [Times: user=0.06 sys=0.00, real=0.00 secs] 
2016-09-13T19:43:57.116-0400: 197.591: [GC (GCLocker Initiated GC) [PSYoungGen: 151591K->28099K(181248K)] 233157K->119169K(705536K), 0.0066337 secs] [Times: user=0.06 sys=0.00, real=0.00 secs] 
2016-09-13T19:43:57.287-0400: 197.763: [GC (GCLocker Initiated GC) [PSYoungGen: 137667K->38464K(183296K)] 236477K->137386K(707584K), 0.0201606 secs] [Times: user=0.19 sys=0.01, real=0.03 secs] 
2016-09-13T19:43:57.476-0400: 197.951: [GC (GCLocker Initiated GC) [PSYoungGen: 148032K->46375K(187392K)] 246971K->150083K(711680K), 0.0170980 secs] [Times: user=0.18 sys=0.00, real=0.01 secs] 
2016-09-13T19:43:57.682-0400: 198.157: [GC (GCLocker Initiated GC) [PSYoungGen: 162599K->65967K(182272K)] 266453K->170094K(706560K), 0.0214278 secs] [Times: user=0.24 sys=0.00, real=0.02 secs] 
2016-09-13T19:43:57.857-0400: 198.332: [GC (Allocation Failure) [PSYoungGen: 182191K->44820K(184832K)] 286611K->149320K(709120K), 0.0132857 secs] [Times: user=0.14 sys=0.00, real=0.01 secs] 
2016-09-13T19:43:58.038-0400: 198.513: [GC (Allocation Failure) [PSYoungGen: 150292K->28089K(133632K)] 254792K->132944K(657920K), 0.0104343 secs] [Times: user=0.09 sys=0.00, real=0.01 secs] 
2016-09-13T19:43:58.202-0400: 198.677: [GC (GCLocker Initiated GC) [PSYoungGen: 133561K->41635K(183808K)] 238416K->146696K(708096K), 0.0227136 secs] [Times: user=0.23 sys=0.00, real=0.02 secs] 
2016-09-13T19:43:58.371-0400: 198.846: [GC (Allocation Failure) [PSYoungGen: 149667K->32426K(181248K)] 254851K->137756K(705536K), 0.0147043 secs] [Times: user=0.13 sys=0.00, real=0.01 secs] 
2016-09-13T19:43:58.546-0400: 199.021: [GC (GCLocker Initiated GC) [PSYoungGen: 140458K->20424K(183808K)] 245788K->132007K(708096K), 0.0134366 secs] [Times: user=0.09 sys=0.01, real=0.02 secs] 
2016-09-13T19:43:58.719-0400: 199.194: [GC (GCLocker Initiated GC) [PSYoungGen: 133576K->38651K(183808K)] 245331K->150694K(708096K), 0.0218908 secs] [Times: user=0.22 sys=0.00, real=0.02 secs] 
2016-09-13T19:43:58.904-0400: 199.380: [GC (GCLocker Initiated GC) [PSYoungGen: 151803K->52293K(186368K)] 270044K->170732K(710656K), 0.0205268 secs] [Times: user=0.24 sys=0.00, real=0.02 secs] 
2016-09-13T19:43:59.117-0400: 199.592: [GC (GCLocker Initiated GC) [PSYoungGen: 170565K->43056K(188928K)] 289324K->165100K(713216K), 0.0144168 secs] [Times: user=0.11 sys=0.00, real=0.01 secs] 
2016-09-13T19:43:59.321-0400: 199.796: [GC (GCLocker Initiated GC) [PSYoungGen: 161328K->31093K(187392K)] 284914K->154943K(711680K), 0.0285518 secs] [Times: user=0.29 sys=0.00, real=0.03 secs] 
2016-09-13T19:43:59.519-0400: 199.994: [GC (GCLocker Initiated GC) [PSYoungGen: 153461K->29543K(189952K)] 277339K->162897K(714240K), 0.0102858 secs] [Times: user=0.11 sys=0.00, real=0.01 secs] 
2016-09-13T19:43:59.699-0400: 200.174: [GC (GCLocker Initiated GC) [PSYoungGen: 151911K->31190K(189440K)] 297587K->184736K(713728K), 0.0112022 secs] [Times: user=0.10 sys=0.00, real=0.01 secs] 
2016-09-13T19:43:59.907-0400: 200.382: [GC (GCLocker Initiated GC) [PSYoungGen: 159702K->49324K(192512K)] 313281K->203108K(716800K), 0.0090747 secs] [Times: user=0.05 sys=0.00, real=0.02 secs] 
2016-09-13T19:44:00.121-0400: 200.596: [GC (Allocation Failure) [PSYoungGen: 177836K->38655K(195072K)] 333500K->202173K(719360K), 0.0160721 secs] [Times: user=0.15 sys=0.00, real=0.02 secs] 
2016-09-13T19:44:00.330-0400: 200.805: [GC (GCLocker Initiated GC) [PSYoungGen: 166760K->23218K(195584K)] 336353K->192997K(719872K), 0.0126333 secs] [Times: user=0.14 sys=0.00, real=0.01 secs] 
2016-09-13T19:44:00.548-0400: 201.023: [GC (Allocation Failure) [PSYoungGen: 155314K->46128K(196608K)] 325375K->216401K(720896K), 0.0091210 secs] [Times: user=0.10 sys=0.00, real=0.01 secs] 
2016-09-13T19:44:00.775-0400: 201.250: [GC (GCLocker Initiated GC) [PSYoungGen: 179248K->50875K(184320K)] 349528K->221317K(708608K), 0.0182442 secs] [Times: user=0.24 sys=0.01, real=0.02 secs] 
2016-09-13T19:44:00.992-0400: 201.467: [GC (GCLocker Initiated GC) [PSYoungGen: 183995K->28400K(196608K)] 356017K->200640K(720896K), 0.0096974 secs] [Times: user=0.12 sys=0.00, real=0.01 secs] 
2016-09-13T19:44:01.200-0400: 201.675: [GC (GCLocker Initiated GC) [PSYoungGen: 158448K->19098K(195584K)] 330694K->191520K(719872K), 0.0100464 secs] [Times: user=0.14 sys=0.00, real=0.01 secs] 
2016-09-13T19:44:01.425-0400: 201.900: [GC (GCLocker Initiated GC) [PSYoungGen: 149146K->65961K(179712K)] 323367K->240253K(704000K), 0.0181102 secs] [Times: user=0.17 sys=0.00, real=0.02 secs] 
2016-09-13T19:44:01.619-0400: 202.094: [GC (GCLocker Initiated GC) [PSYoungGen: 179625K->44794K(187904K)] 355455K->239031K(712192K), 0.0235236 secs] [Times: user=0.24 sys=0.00, real=0.02 secs] 
2016-09-13T19:44:01.809-0400: 202.285: [GC (GCLocker Initiated GC) [PSYoungGen: 158458K->24987K(184832K)] 354324K->227168K(709120K), 0.0202743 secs] [Times: user=0.23 sys=0.00, real=0.02 secs] 
2016-09-13T19:44:02.023-0400: 202.498: [GC (GCLocker Initiated GC) [PSYoungGen: 139675K->67326K(182272K)] 342010K->288021K(706560K), 0.0174166 secs] [Times: user=0.20 sys=0.00, real=0.02 secs] 
2016-09-13T19:44:02.189-0400: 202.664: [GC (GCLocker Initiated GC) [PSYoungGen: 182014K->21949K(183296K)] 404356K->299171K(707584K), 0.0088188 secs] [Times: user=0.07 sys=0.00, real=0.01 secs] 
2016-09-13T19:44:02.317-0400: 202.792: [GC (GCLocker Initiated GC) [PSYoungGen: 125885K->55490K(159744K)] 403188K->333077K(684032K), 0.0124016 secs] [Times: user=0.17 sys=0.00, real=0.01 secs] 
2016-09-13T19:44:02.499-0400: 202.974: [GC (GCLocker Initiated GC) [PSYoungGen: 159426K->34169K(183808K)] 449196K->333309K(708096K), 0.0089268 secs] [Times: user=0.10 sys=0.01, real=0.01 secs] 
2016-09-13T19:44:02.695-0400: 203.170: [GC (Allocation Failure) [PSYoungGen: 137081K->43313K(146432K)] 436450K->355149K(670720K), 0.0129591 secs] [Times: user=0.17 sys=0.00, real=0.02 secs] 
2016-09-13T19:44:02.850-0400: 203.326: [GC (GCLocker Initiated GC) [PSYoungGen: 143769K->28024K(180224K)] 461680K->346184K(704512K), 0.0080852 secs] [Times: user=0.08 sys=0.00, real=0.01 secs] 
2016-09-13T19:44:03.046-0400: 203.521: [GC (GCLocker Initiated GC) [PSYoungGen: 132472K->29483K(178688K)] 462994K->360207K(702976K), 0.0328696 secs] [Times: user=0.30 sys=0.01, real=0.04 secs] 
2016-09-13T19:44:03.225-0400: 203.700: [GC (GCLocker Initiated GC) [PSYoungGen: 133931K->30999K(185856K)] 464677K->361922K(710144K), 0.0142562 secs] [Times: user=0.14 sys=0.00, real=0.02 secs] 
2016-09-13T19:44:03.440-0400: 203.916: [GC (GCLocker Initiated GC) [PSYoungGen: 145175K->25146K(184320K)] 482284K->370043K(708608K), 0.0123800 secs] [Times: user=0.12 sys=0.01, real=0.01 secs] 
2016-09-13T19:44:03.607-0400: 204.083: [GC (GCLocker Initiated GC) [PSYoungGen: 139322K->26256K(190464K)] 485816K->372986K(714752K), 0.0225067 secs] [Times: user=0.17 sys=0.00, real=0.03 secs] 
2016-09-13T19:44:03.837-0400: 204.312: [GC (GCLocker Initiated GC) [PSYoungGen: 148112K->25053K(189440K)] 496490K->373711K(713728K), 0.0050287 secs] [Times: user=0.03 sys=0.00, real=0.00 secs] 
2016-09-13T19:44:04.011-0400: 204.486: [GC (GCLocker Initiated GC) [PSYoungGen: 146909K->44922K(191488K)] 498780K->397098K(715776K), 0.0104219 secs] [Times: user=0.11 sys=0.00, real=0.01 secs] 
2016-09-13T19:44:04.236-0400: 204.711: [GC (GCLocker Initiated GC) [PSYoungGen: 170362K->28151K(192000K)] 528746K->386607K(716288K), 0.0120007 secs] [Times: user=0.12 sys=0.00, real=0.01 secs] 
2016-09-13T19:44:04.417-0400: 204.892: [GC (Allocation Failure) [PSYoungGen: 153591K->26681K(192512K)] 512060K->385434K(716800K), 0.0068678 secs] [Times: user=0.06 sys=0.00, real=0.00 secs] 
2016-09-13T19:44:04.630-0400: 205.105: [GC (GCLocker Initiated GC) [PSYoungGen: 157241K->43057K(193536K)] 515994K->403538K(717824K), 0.0297580 secs] [Times: user=0.25 sys=0.00, real=0.03 secs] 
2016-09-13T19:44:04.833-0400: 205.308: [GC (GCLocker Initiated GC) [PSYoungGen: 173617K->29634K(196608K)] 535683K->391835K(720896K), 0.0118630 secs] [Times: user=0.12 sys=0.00, real=0.01 secs] 
2016-09-13T19:44:05.054-0400: 205.529: [GC (GCLocker Initiated GC) [PSYoungGen: 165314K->9826K(197632K)] 539834K->384602K(721920K), 0.0193059 secs] [Times: user=0.17 sys=0.00, real=0.02 secs] 
2016-09-13T19:44:05.282-0400: 205.757: [GC (GCLocker Initiated GC) [PSYoungGen: 145506K->40083K(199168K)] 521979K->416729K(723456K), 0.0117364 secs] [Times: user=0.11 sys=0.00, real=0.01 secs] 
2016-09-13T19:44:05.499-0400: 205.974: [GC (GCLocker Initiated GC) [PSYoungGen: 176275K->44609K(181248K)] 559170K->427655K(705536K), 0.0337695 secs] [Times: user=0.33 sys=0.01, real=0.03 secs] 
2016-09-13T19:44:05.739-0400: 206.215: [GC (GCLocker Initiated GC) [PSYoungGen: 180801K->30999K(200192K)] 569989K->420317K(724480K), 0.0062474 secs] [Times: user=0.04 sys=0.01, real=0.00 secs] 
2016-09-13T19:44:05.946-0400: 206.421: [GC (GCLocker Initiated GC) [PSYoungGen: 166679K->23373K(159232K)] 559203K->417520K(683520K), 0.0134498 secs] [Times: user=0.14 sys=0.00, real=0.02 secs] 
2016-09-13T19:44:06.193-0400: 206.668: [GC (GCLocker Initiated GC) [PSYoungGen: 159053K->26409K(198656K)] 554749K->422252K(722944K), 0.0124045 secs] [Times: user=0.11 sys=0.00, real=0.01 secs] 
2016-09-13T19:44:06.423-0400: 206.898: [GC (GCLocker Initiated GC) [PSYoungGen: 164137K->43429K(196608K)] 561750K->454995K(720896K), 0.0134422 secs] [Times: user=0.10 sys=0.00, real=0.02 secs] 
2016-09-13T19:44:06.653-0400: 207.128: [GC (Allocation Failure) [PSYoungGen: 181157K->9672K(198656K)] 605116K->433962K(722944K), 0.0132045 secs] [Times: user=0.12 sys=0.00, real=0.01 secs] 
2016-09-13T19:44:06.883-0400: 207.358: [GC (GCLocker Initiated GC) [PSYoungGen: 147825K->38533K(200192K)] 573634K->472058K(724480K), 0.0101772 secs] [Times: user=0.09 sys=0.00, real=0.01 secs] 
2016-09-13T19:44:07.105-0400: 207.580: [GC (GCLocker Initiated GC) [PSYoungGen: 176773K->47700K(195072K)] 616700K->487667K(719360K), 0.0101674 secs] [Times: user=0.08 sys=0.00, real=0.01 secs] 
2016-09-13T19:44:07.312-0400: 207.788: [GC (GCLocker Initiated GC) [PSYoungGen: 180820K->46185K(179712K)] 620809K->486363K(704000K), 0.0116921 secs] [Times: user=0.09 sys=0.00, real=0.01 secs] 
2016-09-13T19:44:07.540-0400: 208.015: [GC (GCLocker Initiated GC) [PSYoungGen: 179305K->41725K(196096K)] 619488K->483703K(720384K), 0.0134270 secs] [Times: user=0.11 sys=0.00, real=0.01 secs] 
2016-09-13T19:44:07.740-0400: 208.215: [GC (GCLocker Initiated GC) [PSYoungGen: 171261K->33881K(163840K)] 613426K->476289K(688128K), 0.0300171 secs] [Times: user=0.30 sys=0.00, real=0.03 secs] 
2016-09-13T19:44:07.988-0400: 208.463: [GC (Allocation Failure) [PSYoungGen: 163417K->11195K(190976K)] 613519K->461468K(715264K), 0.0040386 secs] [Times: user=0.02 sys=0.01, real=0.01 secs] 
2016-09-13T19:44:08.188-0400: 208.663: [GC (GCLocker Initiated GC) [PSYoungGen: 139195K->29448K(192512K)] 589471K->481377K(716800K), 0.0058953 secs] [Times: user=0.04 sys=0.00, real=0.00 secs] 
2016-09-13T19:44:08.400-0400: 208.875: [GC (GCLocker Initiated GC) [PSYoungGen: 157448K->25044K(194560K)] 610949K->478719K(718848K), 0.0124889 secs] [Times: user=0.12 sys=0.00, real=0.01 secs] 
2016-09-13T19:44:08.630-0400: 209.105: [GC (GCLocker Initiated GC) [PSYoungGen: 160724K->58559K(194560K)] 616094K->572028K(718848K), 0.0403320 secs] [Times: user=0.48 sys=0.00, real=0.04 secs] 
2016-09-13T19:44:08.671-0400: 209.146: [Full GC (Ergonomics) [PSYoungGen: 58559K->0K(194560K)] [ParOldGen: 513469K->40083K(524288K)] 572028K->40083K(718848K), [Metaspace: 44668K->44668K(1087488K)], 0.0553725 secs] [Times: user=0.33 sys=0.01, real=0.05 secs] 
2016-09-13T19:44:08.903-0400: 209.379: [GC (GCLocker Initiated GC) [PSYoungGen: 135680K->64442K(178688K)] 176034K->123022K(702976K), 0.0098267 secs] [Times: user=0.07 sys=0.01, real=0.01 secs] 
2016-09-13T19:44:09.056-0400: 209.531: [GC (Allocation Failure) [PSYoungGen: 176058K->40301K(186880K)] 236423K->132934K(711168K), 0.0067565 secs] [Times: user=0.06 sys=0.00, real=0.00 secs] 
2016-09-13T19:44:09.063-0400: 209.538: [GC (GCLocker Initiated GC) [PSYoungGen: 40312K->96K(184320K)] 132945K->138915K(708608K), 0.0059884 secs] [Times: user=0.07 sys=0.00, real=0.01 secs] 
2016-09-13T19:44:09.208-0400: 209.683: [GC (GCLocker Initiated GC) [PSYoungGen: 111712K->70778K(182784K)] 250536K->233911K(707072K), 0.0103488 secs] [Times: user=0.13 sys=0.01, real=0.01 secs] 
2016-09-13T19:44:09.366-0400: 209.841: [GC (Allocation Failure) [PSYoungGen: 182394K->26505K(177664K)] 345549K->217337K(701952K), 0.0103742 secs] [Times: user=0.08 sys=0.00, real=0.02 secs] 
2016-09-13T19:44:09.519-0400: 209.994: [GC (GCLocker Initiated GC) [PSYoungGen: 124179K->46470K(180224K)] 316529K->240648K(704512K), 0.0109954 secs] [Times: user=0.08 sys=0.00, real=0.01 secs] 
2016-09-13T19:44:09.683-0400: 210.158: [GC (GCLocker Initiated GC) [PSYoungGen: 144774K->43085K(174592K)] 339005K->237525K(698880K), 0.0073407 secs] [Times: user=0.05 sys=0.00, real=0.01 secs] 
2016-09-13T19:44:09.848-0400: 210.323: [GC (GCLocker Initiated GC) [PSYoungGen: 141901K->23408K(177664K)] 344104K->231876K(701952K), 0.0334820 secs] [Times: user=0.32 sys=0.01, real=0.04 secs] 
2016-09-13T19:44:10.047-0400: 210.523: [GC (GCLocker Initiated GC) [PSYoungGen: 122224K->5110K(181760K)] 342945K->226009K(706048K), 0.0116944 secs] [Times: user=0.11 sys=0.00, real=0.02 secs] 
2016-09-13T19:44:10.215-0400: 210.691: [GC (GCLocker Initiated GC) [PSYoungGen: 109558K->27902K(132608K)] 330686K->249077K(656896K), 0.0321906 secs] [Times: user=0.34 sys=0.00, real=0.04 secs] 
2016-09-13T19:44:10.428-0400: 210.904: [GC (GCLocker Initiated GC) [PSYoungGen: 132350K->27934K(184832K)] 353547K->249254K(709120K), 0.0278643 secs] [Times: user=0.30 sys=0.00, real=0.03 secs] 
2016-09-13T19:44:10.623-0400: 211.099: [GC (GCLocker Initiated GC) [PSYoungGen: 137502K->29325K(181248K)] 360366K->257022K(705536K), 0.0146454 secs] [Times: user=0.12 sys=0.00, real=0.02 secs] 
2016-09-13T19:44:10.815-0400: 211.290: [GC (GCLocker Initiated GC) [PSYoungGen: 138893K->23376K(186368K)] 374374K->269651K(710656K), 0.0412130 secs] [Times: user=0.47 sys=0.00, real=0.05 secs] 
2016-09-13T19:44:11.046-0400: 211.522: [GC (GCLocker Initiated GC) [PSYoungGen: 141136K->43121K(183808K)] 393665K->295902K(708096K), 0.0227292 secs] [Times: user=0.23 sys=0.00, real=0.03 secs] 
2016-09-13T19:44:11.234-0400: 211.710: [GC (GCLocker Initiated GC) [PSYoungGen: 160881K->46335K(190976K)] 413907K->299562K(715264K), 0.0399182 secs] [Times: user=0.40 sys=0.00, real=0.04 secs] 
2016-09-13T19:44:11.424-0400: 211.899: [GC (GCLocker Initiated GC) [PSYoungGen: 170239K->41696K(193024K)] 425201K->297028K(717312K), 0.0139657 secs] [Times: user=0.14 sys=0.00, real=0.02 secs] 
2016-09-13T19:44:11.584-0400: 212.060: [GC (GCLocker Initiated GC) [PSYoungGen: 165600K->29480K(187904K)] 424034K->294214K(712192K), 0.0115512 secs] [Times: user=0.11 sys=0.00, real=0.02 secs] 
2016-09-13T19:44:11.743-0400: 212.218: [GC (GCLocker Initiated GC) [PSYoungGen: 154408K->44640K(190976K)] 419236K->314246K(715264K), 0.0066224 secs] [Times: user=0.05 sys=0.00, real=0.01 secs] 
2016-09-13T19:44:11.967-0400: 212.442: [GC (Allocation Failure) [PSYoungGen: 169568K->41570K(195584K)] 440931K->322232K(719872K), 0.0123049 secs] [Times: user=0.12 sys=0.00, real=0.02 secs] 
2016-09-13T19:44:12.185-0400: 212.660: [GC (GCLocker Initiated GC) [PSYoungGen: 171106K->11159K(140800K)] 451768K->292097K(665088K), 0.0239055 secs] [Times: user=0.21 sys=0.00, real=0.03 secs] 
2016-09-13T19:44:12.388-0400: 212.864: [GC (GCLocker Initiated GC) [PSYoungGen: 140695K->24891K(197120K)] 421853K->306261K(721408K), 0.0092223 secs] [Times: user=0.08 sys=0.00, real=0.01 secs] 
2016-09-13T19:44:12.590-0400: 213.065: [GC (GCLocker Initiated GC) [PSYoungGen: 154939K->27833K(158208K)] 436332K->309435K(682496K), 0.0229387 secs] [Times: user=0.25 sys=0.00, real=0.02 secs] 
2016-09-13T19:44:12.805-0400: 213.280: [GC (GCLocker Initiated GC) [PSYoungGen: 157881K->3752K(190464K)] 448618K->308304K(714752K), 0.0236172 secs] [Times: user=0.27 sys=0.00, real=0.03 secs] 
2016-09-13T19:44:13.018-0400: 213.493: [GC (GCLocker Initiated GC) [PSYoungGen: 131752K->32713K(192512K)] 437968K->351325K(716800K), 0.0149122 secs] [Times: user=0.16 sys=0.00, real=0.01 secs] 
2016-09-13T19:44:13.232-0400: 213.707: [GC (GCLocker Initiated GC) [PSYoungGen: 160713K->44571K(195584K)] 479479K->363547K(719872K), 0.0118406 secs] [Times: user=0.12 sys=0.00, real=0.01 secs] 
2016-09-13T19:44:13.444-0400: 213.919: [GC (Allocation Failure) [PSYoungGen: 177691K->11191K(197632K)] 502949K->336572K(721920K), 0.0150650 secs] [Times: user=0.15 sys=0.00, real=0.02 secs] 
2016-09-13T19:44:13.649-0400: 214.124: [GC (GCLocker Initiated GC) [PSYoungGen: 144293K->46286K(191488K)] 471192K->379449K(715776K), 0.0121395 secs] [Times: user=0.17 sys=0.00, real=0.01 secs] 
2016-09-13T19:44:13.862-0400: 214.337: [GC (GCLocker Initiated GC) [PSYoungGen: 173262K->38534K(194560K)] 506428K->371850K(718848K), 0.0106777 secs] [Times: user=0.13 sys=0.00, real=0.01 secs] 
2016-09-13T19:44:14.056-0400: 214.531: [GC (GCLocker Initiated GC) [PSYoungGen: 165510K->46535K(191488K)] 498918K->380149K(715776K), 0.0106186 secs] [Times: user=0.15 sys=0.00, real=0.00 secs] 
2016-09-13T19:44:14.258-0400: 214.733: [GC (GCLocker Initiated GC) [PSYoungGen: 171463K->44800K(169984K)] 505244K->383496K(694272K), 0.0078088 secs] [Times: user=0.09 sys=0.00, real=0.00 secs] 
2016-09-13T19:44:14.460-0400: 214.935: [GC (GCLocker Initiated GC) [PSYoungGen: 169728K->46373K(190464K)] 508681K->385501K(714752K), 0.0266198 secs] [Times: user=0.28 sys=0.00, real=0.02 secs] 
2016-09-13T19:44:14.664-0400: 215.139: [GC (GCLocker Initiated GC) [PSYoungGen: 167205K->46159K(167424K)] 506492K->385650K(691712K), 0.0242644 secs] [Times: user=0.20 sys=0.00, real=0.03 secs] 
2016-09-13T19:44:14.879-0400: 215.355: [GC (GCLocker Initiated GC) [PSYoungGen: 166991K->43021K(192000K)] 506734K->382878K(716288K), 0.0138364 secs] [Times: user=0.10 sys=0.01, real=0.01 secs] 
2016-09-13T19:44:15.050-0400: 215.525: [GC (GCLocker Initiated GC) [PSYoungGen: 163853K->46504K(190976K)] 505410K->388150K(715264K), 0.0088756 secs] [Times: user=0.10 sys=0.00, real=0.01 secs] 
2016-09-13T19:44:15.246-0400: 215.721: [GC (GCLocker Initiated GC) [PSYoungGen: 167336K->52416K(187904K)] 509051K->394478K(712192K), 0.0154506 secs] [Times: user=0.16 sys=0.00, real=0.02 secs] 
2016-09-13T19:44:15.450-0400: 215.925: [GC (GCLocker Initiated GC) [PSYoungGen: 170176K->41757K(189952K)] 513935K->397829K(714240K), 0.0101947 secs] [Times: user=0.10 sys=0.00, real=0.01 secs] 
2016-09-13T19:44:15.646-0400: 216.121: [GC (GCLocker Initiated GC) [PSYoungGen: 159517K->27929K(187904K)] 521756K->390311K(712192K), 0.0208447 secs] [Times: user=0.19 sys=0.00, real=0.02 secs] 
2016-09-13T19:44:15.856-0400: 216.331: [GC (GCLocker Initiated GC) [PSYoungGen: 147737K->6920K(188928K)] 523896K->383260K(713216K), 0.0030251 secs] [Times: user=0.01 sys=0.01, real=0.00 secs] 
2016-09-13T19:44:16.065-0400: 216.540: [GC (GCLocker Initiated GC) [PSYoungGen: 126728K->41689K(192000K)] 503339K->418565K(716288K), 0.0117093 secs] [Times: user=0.10 sys=0.00, real=0.02 secs] 
2016-09-13T19:44:16.258-0400: 216.733: [GC (GCLocker Initiated GC) [PSYoungGen: 162521K->49282K(170496K)] 539419K->426245K(694784K), 0.0104233 secs] [Times: user=0.11 sys=0.00, real=0.01 secs] 
2016-09-13T19:44:16.451-0400: 216.926: [GC (GCLocker Initiated GC) [PSYoungGen: 170114K->25018K(192000K)] 554902K->412966K(716288K), 0.0258046 secs] [Times: user=0.28 sys=0.00, real=0.03 secs] 
2016-09-13T19:44:16.661-0400: 217.136: [GC (GCLocker Initiated GC) [PSYoungGen: 145338K->50934K(171520K)] 533317K->439189K(695808K), 0.0115276 secs] [Times: user=0.13 sys=0.00, real=0.01 secs] 
2016-09-13T19:44:16.862-0400: 217.337: [GC (GCLocker Initiated GC) [PSYoungGen: 171254K->23376K(190976K)] 567278K->424166K(715264K), 0.0187603 secs] [Times: user=0.20 sys=0.02, real=0.02 secs] 
2016-09-13T19:44:17.086-0400: 217.561: [GC (GCLocker Initiated GC) [PSYoungGen: 142160K->41731K(160768K)] 550759K->450505K(685056K), 0.0152323 secs] [Times: user=0.21 sys=0.00, real=0.02 secs] 
2016-09-13T19:44:17.269-0400: 217.744: [GC (GCLocker Initiated GC) [PSYoungGen: 160515K->46185K(188928K)] 569314K->455115K(713216K), 0.0164225 secs] [Times: user=0.14 sys=0.00, real=0.01 secs] 
2016-09-13T19:44:17.446-0400: 217.922: [GC (GCLocker Initiated GC) [PSYoungGen: 164969K->47827K(188928K)] 573927K->464769K(713216K), 0.0378845 secs] [Times: user=0.40 sys=0.00, real=0.04 secs] 
2016-09-13T19:44:17.658-0400: 218.133: [GC (GCLocker Initiated GC) [PSYoungGen: 166611K->32427K(188416K)] 583578K->461679K(712704K), 0.0256757 secs] [Times: user=0.23 sys=0.00, real=0.02 secs] 
2016-09-13T19:44:17.865-0400: 218.340: [GC (GCLocker Initiated GC) [PSYoungGen: 153771K->29702K(189952K)] 584720K->468333K(714240K), 0.0069488 secs] [Times: user=0.04 sys=0.00, real=0.01 secs] 
2016-09-13T19:44:18.047-0400: 218.522: [GC (Allocation Failure) [PSYoungGen: 151046K->37073K(187392K)] 589733K->475961K(711680K), 0.0102085 secs] [Times: user=0.08 sys=0.00, real=0.02 secs] 
2016-09-13T19:44:18.276-0400: 218.751: [GC (GCLocker Initiated GC) [PSYoungGen: 163537K->56791K(190464K)] 603944K->501901K(714752K), 0.0329349 secs] [Times: user=0.35 sys=0.00, real=0.03 secs] 
2016-09-13T19:44:18.490-0400: 218.966: [GC (GCLocker Initiated GC) [PSYoungGen: 183255K->32645K(195584K)] 634526K->484095K(719872K), 0.0077070 secs] [Times: user=0.09 sys=0.01, real=0.01 secs] 
2016-09-13T19:44:18.666-0400: 219.142: [GC (GCLocker Initiated GC) [PSYoungGen: 159621K->61411K(188416K)] 611227K->514659K(712704K), 0.0088784 secs] [Times: user=0.06 sys=0.00, real=0.01 secs] 
2016-09-13T19:44:18.856-0400: 219.332: [GC (GCLocker Initiated GC) [PSYoungGen: 188387K->41916K(192512K)] 643157K->518215K(716800K), 0.0080278 secs] [Times: user=0.08 sys=0.00, real=0.00 secs] 
2016-09-13T19:44:19.052-0400: 219.527: [GC (GCLocker Initiated GC) [PSYoungGen: 161724K->40147K(160256K)] 638152K->516768K(684544K), 0.0222262 secs] [Times: user=0.20 sys=0.00, real=0.02 secs] 
2016-09-13T19:44:19.272-0400: 219.747: [GC (GCLocker Initiated GC) [PSYoungGen: 159955K->40212K(189440K)] 638105K->518596K(713728K), 0.0243387 secs] [Times: user=0.20 sys=0.00, real=0.03 secs] 
2016-09-13T19:44:19.503-0400: 219.978: [GC (Allocation Failure) [PSYoungGen: 162580K->23410K(186880K)] 644247K->505236K(711168K), 0.0191157 secs] [Times: user=0.20 sys=0.00, real=0.02 secs] 
2016-09-13T19:44:19.691-0400: 220.166: [GC (GCLocker Initiated GC) [PSYoungGen: 140571K->44726K(196096K)] 628472K->532766K(720384K), 0.0155699 secs] [Times: user=0.14 sys=0.00, real=0.01 secs] 
2016-09-13T19:44:19.880-0400: 220.355: [GC (GCLocker Initiated GC) [PSYoungGen: 175798K->46249K(195584K)] 663905K->534487K(719872K), 0.0174722 secs] [Times: user=0.14 sys=0.00, real=0.02 secs] 
2016-09-13T19:44:20.074-0400: 220.549: [GC (GCLocker Initiated GC) [PSYoungGen: 177321K->46319K(197120K)] 665656K->542595K(721408K), 0.0134285 secs] [Times: user=0.16 sys=0.00, real=0.02 secs] 
2016-09-13T19:44:20.302-0400: 220.777: [GC (GCLocker Initiated GC) [PSYoungGen: 178927K->32590K(165376K)] 675264K->529063K(689664K), 0.0119058 secs] [Times: user=0.13 sys=0.00, real=0.01 secs] 
2016-09-13T19:44:20.499-0400: 220.974: [GC (GCLocker Initiated GC) [PSYoungGen: 165198K->56912K(190464K)] 661857K->555216K(714752K), 0.0146223 secs] [Times: user=0.15 sys=0.01, real=0.01 secs] 
2016-09-13T19:44:20.694-0400: 221.170: [GC (GCLocker Initiated GC) [PSYoungGen: 183888K->61501K(188928K)] 682223K->560104K(713216K), 0.0160250 secs] [Times: user=0.13 sys=0.00, real=0.02 secs] 
2016-09-13T19:44:20.899-0400: 221.374: [GC (GCLocker Initiated GC) [PSYoungGen: 188477K->62742K(181760K)] 688837K->569304K(706048K), 0.0151330 secs] [Times: user=0.13 sys=0.00, real=0.01 secs] 
2016-09-13T19:44:21.101-0400: 221.576: [Full GC (Ergonomics) [PSYoungGen: 172310K->0K(181760K)] [ParOldGen: 512696K->43798K(524288K)] 685007K->43798K(706048K), [Metaspace: 44668K->44668K(1087488K)], 0.0981128 secs] [Times: user=0.63 sys=0.01, real=0.10 secs] 
2016-09-13T19:44:21.364-0400: 221.839: [GC (GCLocker Initiated GC) [PSYoungGen: 109568K->60108K(169984K)] 153537K->104078K(694272K), 0.0191882 secs] [Times: user=0.20 sys=0.00, real=0.02 secs] 
2016-09-13T19:44:21.527-0400: 222.003: [GC (GCLocker Initiated GC) [PSYoungGen: 169676K->47768K(186368K)] 213748K->107441K(710656K), 0.0079158 secs] [Times: user=0.07 sys=0.00, real=0.01 secs] 
2016-09-13T19:44:21.699-0400: 222.174: [GC (GCLocker Initiated GC) [PSYoungGen: 155288K->23505K(183296K)] 228850K->101857K(707584K), 0.0055596 secs] [Times: user=0.04 sys=0.01, real=0.00 secs] 
2016-09-13T19:44:21.856-0400: 222.331: [GC (GCLocker Initiated GC) [PSYoungGen: 131025K->29692K(184832K)] 216990K->115875K(709120K), 0.0255203 secs] [Times: user=0.30 sys=0.01, real=0.03 secs] 
2016-09-13T19:44:22.047-0400: 222.522: [GC (GCLocker Initiated GC) [PSYoungGen: 137724K->12932K(121344K)] 237598K->119199K(645632K), 0.0113750 secs] [Times: user=0.11 sys=0.00, real=0.02 secs] 
2016-09-13T19:44:22.233-0400: 222.708: [GC (Allocation Failure) [PSYoungGen: 120964K->26447K(185344K)] 228814K->139118K(709632K), 0.0098760 secs] [Times: user=0.09 sys=0.00, real=0.01 secs] 
2016-09-13T19:44:22.407-0400: 222.882: [GC (GCLocker Initiated GC) [PSYoungGen: 131851K->26320K(133632K)] 250597K->145185K(657920K), 0.0105600 secs] [Times: user=0.08 sys=0.01, real=0.02 secs] 
2016-09-13T19:44:22.600-0400: 223.075: [GC (GCLocker Initiated GC) [PSYoungGen: 133328K->43120K(183808K)] 254387K->164384K(708096K), 0.0154501 secs] [Times: user=0.14 sys=0.01, real=0.01 secs] 
2016-09-13T19:44:22.763-0400: 223.238: [GC (Allocation Failure) [PSYoungGen: 151664K->23345K(182272K)] 276055K->148008K(706560K), 0.0123701 secs] [Times: user=0.11 sys=0.01, real=0.01 secs] 
2016-09-13T19:44:22.921-0400: 223.396: [GC (GCLocker Initiated GC) [PSYoungGen: 126880K->21853K(186880K)] 257618K->170955K(711168K), 0.0257861 secs] [Times: user=0.25 sys=0.00, real=0.02 secs] 
2016-09-13T19:44:23.121-0400: 223.596: [GC (Allocation Failure) [PSYoungGen: 136029K->59924K(174592K)] 285481K->209609K(698880K), 0.0072943 secs] [Times: user=0.07 sys=0.00, real=0.01 secs] 
2016-09-13T19:44:23.285-0400: 223.761: [GC (Allocation Failure) [PSYoungGen: 173286K->41788K(187392K)] 322971K->191580K(711680K), 0.0060373 secs] [Times: user=0.04 sys=0.00, real=0.01 secs] 
2016-09-13T19:44:23.469-0400: 223.945: [GC (GCLocker Initiated GC) [PSYoungGen: 151304K->41752K(152576K)] 302615K->193409K(676864K), 0.0341730 secs] [Times: user=0.36 sys=0.00, real=0.03 secs] 
2016-09-13T19:44:23.671-0400: 224.146: [GC (GCLocker Initiated GC) [PSYoungGen: 152344K->28316K(184320K)] 311731K->188054K(708608K), 0.0077992 secs] [Times: user=0.08 sys=0.00, real=0.01 secs] 
2016-09-13T19:44:23.850-0400: 224.325: [GC (GCLocker Initiated GC) [PSYoungGen: 140444K->34195K(182784K)] 306383K->200392K(707072K), 0.0145640 secs] [Times: user=0.15 sys=0.00, real=0.01 secs] 
2016-09-13T19:44:24.051-0400: 224.527: [GC (Allocation Failure) [PSYoungGen: 146323K->3692K(184832K)] 326288K->191386K(709120K), 0.0160530 secs] [Times: user=0.16 sys=0.00, real=0.01 secs] 
2016-09-13T19:44:24.068-0400: 224.543: [GC (GCLocker Initiated GC) [PSYoungGen: 3704K->32K(187392K)] 191398K->197344K(711680K), 0.0025551 secs] [Times: user=0.02 sys=0.00, real=0.00 secs] 
2016-09-13T19:44:24.258-0400: 224.733: [GC (GCLocker Initiated GC) [PSYoungGen: 116752K->52482K(181248K)] 314127K->249858K(705536K), 0.0376539 secs] [Times: user=0.42 sys=0.00, real=0.03 secs] 
2016-09-13T19:44:24.469-0400: 224.944: [GC (GCLocker Initiated GC) [PSYoungGen: 161026K->29612K(185344K)] 370802K->267223K(709632K), 0.0066676 secs] [Times: user=0.06 sys=0.00, real=0.00 secs] 
2016-09-13T19:44:24.648-0400: 225.123: [GC (Allocation Failure) [PSYoungGen: 138156K->32517K(177152K)] 378894K->273350K(701440K), 0.0220509 secs] [Times: user=0.20 sys=0.00, real=0.02 secs] 
2016-09-13T19:44:24.822-0400: 225.297: [GC (GCLocker Initiated GC) [PSYoungGen: 144275K->49287K(181248K)] 386627K->294913K(705536K), 0.0101994 secs] [Times: user=0.10 sys=0.00, real=0.01 secs] 
2016-09-13T19:44:25.001-0400: 225.476: [GC (GCLocker Initiated GC) [PSYoungGen: 161927K->38726K(191488K)] 409124K->286098K(715776K), 0.0159538 secs] [Times: user=0.17 sys=0.00, real=0.02 secs] 
2016-09-13T19:44:25.182-0400: 225.657: [GC (GCLocker Initiated GC) [PSYoungGen: 159558K->69191K(190464K)] 407111K->330674K(714752K), 0.0085070 secs] [Times: user=0.08 sys=0.01, real=0.01 secs] 
2016-09-13T19:44:25.390-0400: 225.865: [GC (GCLocker Initiated GC) [PSYoungGen: 190023K->46160K(178176K)] 456246K->367217K(702464K), 0.0135053 secs] [Times: user=0.18 sys=0.00, real=0.01 secs] 
2016-09-13T19:44:25.587-0400: 226.062: [GC (GCLocker Initiated GC) [PSYoungGen: 152656K->26633K(184320K)] 475321K->349460K(708608K), 0.0252853 secs] [Times: user=0.27 sys=0.00, real=0.03 secs] 
2016-09-13T19:44:25.752-0400: 226.227: [GC (Allocation Failure) [PSYoungGen: 133129K->44630K(180224K)] 456196K->368013K(704512K), 0.0142296 secs] [Times: user=0.12 sys=0.00, real=0.01 secs] 
2016-09-13T19:44:25.900-0400: 226.375: [GC (GCLocker Initiated GC) [PSYoungGen: 153174K->50746K(183296K)] 476571K->374339K(707584K), 0.0164967 secs] [Times: user=0.15 sys=0.00, real=0.02 secs] 
2016-09-13T19:44:26.118-0400: 226.593: [GC (GCLocker Initiated GC) [PSYoungGen: 159290K->40078K(181248K)] 484569K->365543K(705536K), 0.0140114 secs] [Times: user=0.11 sys=0.01, real=0.01 secs] 
2016-09-13T19:44:26.302-0400: 226.777: [GC (GCLocker Initiated GC) [PSYoungGen: 151694K->28150K(183808K)] 484804K->361462K(708096K), 0.0156328 secs] [Times: user=0.16 sys=0.00, real=0.02 secs] 
2016-09-13T19:44:26.454-0400: 226.929: [GC (GCLocker Initiated GC) [PSYoungGen: 139766K->50870K(187904K)] 473293K->384743K(712192K), 0.0236392 secs] [Times: user=0.26 sys=0.00, real=0.03 secs] 
2016-09-13T19:44:26.657-0400: 227.132: [GC (GCLocker Initiated GC) [PSYoungGen: 167606K->10044K(126976K)] 515217K->362433K(651264K), 0.0093315 secs] [Times: user=0.09 sys=0.00, real=0.00 secs] 
2016-09-13T19:44:26.861-0400: 227.337: [GC (GCLocker Initiated GC) [PSYoungGen: 126780K->25019K(189440K)] 485269K->394298K(713728K), 0.0114456 secs] [Times: user=0.12 sys=0.00, real=0.01 secs] 
2016-09-13T19:44:27.052-0400: 227.527: [GC (Allocation Failure) [PSYoungGen: 140219K->14642K(130048K)] 521840K->405534K(654336K), 0.0324317 secs] [Times: user=0.36 sys=0.00, real=0.03 secs] 
2016-09-13T19:44:27.263-0400: 227.738: [GC (GCLocker Initiated GC) [PSYoungGen: 124886K->28025K(189952K)] 521854K->425179K(714240K), 0.0125576 secs] [Times: user=0.11 sys=0.01, real=0.02 secs] 
2016-09-13T19:44:27.463-0400: 227.938: [GC (GCLocker Initiated GC) [PSYoungGen: 145785K->46408K(187392K)] 543187K->443973K(711680K), 0.0063622 secs] [Times: user=0.05 sys=0.00, real=0.01 secs] 
2016-09-13T19:44:27.649-0400: 228.124: [GC (Allocation Failure) [PSYoungGen: 164168K->23521K(190976K)] 567872K->427485K(715264K), 0.0101408 secs] [Times: user=0.09 sys=0.01, real=0.01 secs] 
2016-09-13T19:44:27.866-0400: 228.341: [GC (Allocation Failure) [PSYoungGen: 145377K->62988K(185344K)] 549341K->467170K(709632K), 0.0217756 secs] [Times: user=0.23 sys=0.01, real=0.03 secs] 
2016-09-13T19:44:28.063-0400: 228.538: [GC (Allocation Failure) [PSYoungGen: 179013K->5238K(182784K)] 583194K->409600K(707072K), 0.0095132 secs] [Times: user=0.10 sys=0.00, real=0.01 secs] 
2016-09-13T19:44:28.214-0400: 228.690: [GC (GCLocker Initiated GC) [PSYoungGen: 111734K->43185K(184320K)] 516099K->447874K(708608K), 0.0106978 secs] [Times: user=0.10 sys=0.00, real=0.01 secs] 
2016-09-13T19:44:28.378-0400: 228.854: [GC (GCLocker Initiated GC) [PSYoungGen: 149681K->28120K(177664K)] 554557K->433237K(701952K), 0.0130837 secs] [Times: user=0.12 sys=0.00, real=0.01 secs] 
2016-09-13T19:44:28.575-0400: 229.050: [GC (GCLocker Initiated GC) [PSYoungGen: 135640K->38651K(181248K)] 542289K->445501K(705536K), 0.0182755 secs] [Times: user=0.18 sys=0.00, real=0.02 secs] 
2016-09-13T19:44:28.725-0400: 229.201: [GC (GCLocker Initiated GC) [PSYoungGen: 146171K->64511K(175104K)] 554773K->473267K(699392K), 0.0137274 secs] [Times: user=0.13 sys=0.00, real=0.02 secs] 
2016-09-13T19:44:28.887-0400: 229.362: [GC (GCLocker Initiated GC) [PSYoungGen: 167935K->41730K(182784K)] 576696K->450701K(707072K), 0.0225074 secs] [Times: user=0.25 sys=0.00, real=0.03 secs] 
2016-09-13T19:44:29.052-0400: 229.527: [GC (GCLocker Initiated GC) [PSYoungGen: 145154K->47768K(180224K)] 554145K->456960K(704512K), 0.0063075 secs] [Times: user=0.06 sys=0.00, real=0.01 secs] 
2016-09-13T19:44:29.245-0400: 229.720: [GC (GCLocker Initiated GC) [PSYoungGen: 153752K->5211K(182784K)] 570642K->429888K(707072K), 0.0223880 secs] [Times: user=0.23 sys=0.00, real=0.02 secs] 
2016-09-13T19:44:29.417-0400: 229.892: [GC (GCLocker Initiated GC) [PSYoungGen: 111195K->29515K(180736K)] 537620K->456075K(705024K), 0.0168754 secs] [Times: user=0.14 sys=0.00, real=0.01 secs] 
2016-09-13T19:44:29.603-0400: 230.078: [GC (GCLocker Initiated GC) [PSYoungGen: 136523K->29544K(182272K)] 564663K->457795K(706560K), 0.0110226 secs] [Times: user=0.11 sys=0.00, real=0.01 secs] 
2016-09-13T19:44:29.755-0400: 230.230: [GC (GCLocker Initiated GC) [PSYoungGen: 136552K->72105K(169472K)] 565071K->532731K(693760K), 0.0185645 secs] [Times: user=0.21 sys=0.00, real=0.02 secs] 
2016-09-13T19:44:29.901-0400: 230.376: [GC (GCLocker Initiated GC) [PSYoungGen: 169385K->46064K(179712K)] 631597K->544926K(704000K), 0.0143655 secs] [Times: user=0.12 sys=0.00, real=0.01 secs] 
2016-09-13T19:44:29.915-0400: 230.391: [Full GC (Ergonomics) [PSYoungGen: 46064K->0K(179712K)] [ParOldGen: 498862K->39396K(524288K)] 544926K->39396K(704000K), [Metaspace: 44671K->44671K(1087488K)], 0.0599269 secs] [Times: user=0.31 sys=0.01, real=0.06 secs] 
2016-09-13T19:44:30.105-0400: 230.581: [GC (GCLocker Initiated GC) [PSYoungGen: 97280K->38905K(169984K)] 148866K->90492K(694272K), 0.0125401 secs] [Times: user=0.12 sys=0.00, real=0.02 secs] 
2016-09-13T19:44:30.255-0400: 230.730: [GC (GCLocker Initiated GC) [PSYoungGen: 137721K->47805K(175616K)] 189381K->109071K(699904K), 0.0178335 secs] [Times: user=0.17 sys=0.01, real=0.02 secs] 
2016-09-13T19:44:30.434-0400: 230.910: [GC (GCLocker Initiated GC) [PSYoungGen: 146621K->23655K(182784K)] 211100K->94474K(707072K), 0.0293277 secs] [Times: user=0.32 sys=0.00, real=0.03 secs] 
2016-09-13T19:44:30.623-0400: 231.098: [GC (GCLocker Initiated GC) [PSYoungGen: 132711K->49074K(184320K)] 203724K->120473K(708608K), 0.0301638 secs] [Times: user=0.31 sys=0.00, real=0.03 secs] 
2016-09-13T19:44:30.810-0400: 231.286: [GC (GCLocker Initiated GC) [PSYoungGen: 158130K->50875K(185344K)] 231089K->125523K(709632K), 0.0099756 secs] [Times: user=0.10 sys=0.00, real=0.01 secs] 
2016-09-13T19:44:30.972-0400: 231.447: [GC (Allocation Failure) [PSYoungGen: 160443K->23404K(185856K)] 235278K->103044K(710144K), 0.0221547 secs] [Times: user=0.22 sys=0.00, real=0.02 secs] 
2016-09-13T19:44:31.147-0400: 231.622: [GC (Allocation Failure) [PSYoungGen: 132969K->24891K(182784K)] 212609K->104767K(707072K), 0.0093641 secs] [Times: user=0.08 sys=0.00, real=0.02 secs] 
2016-09-13T19:44:31.298-0400: 231.774: [GC (GCLocker Initiated GC) [PSYoungGen: 134971K->65972K(176128K)] 214855K->146031K(700416K), 0.0140691 secs] [Times: user=0.14 sys=0.00, real=0.01 secs] 
2016-09-13T19:44:31.480-0400: 231.955: [GC (Allocation Failure) [PSYoungGen: 176052K->41943K(184320K)] 256385K->122438K(708608K), 0.0253938 secs] [Times: user=0.28 sys=0.00, real=0.02 secs] 
2016-09-13T19:44:31.655-0400: 232.130: [GC (GCLocker Initiated GC) [PSYoungGen: 143838K->41789K(144896K)] 225852K->124291K(669184K), 0.0178931 secs] [Times: user=0.22 sys=0.01, real=0.02 secs] 
2016-09-13T19:44:31.818-0400: 232.294: [GC (GCLocker Initiated GC) [PSYoungGen: 144701K->31094K(179712K)] 227491K->114125K(704000K), 0.0224377 secs] [Times: user=0.28 sys=0.01, real=0.02 secs] 
2016-09-13T19:44:31.991-0400: 232.466: [GC (Allocation Failure) [PSYoungGen: 136054K->28169K(177664K)] 219311K->111581K(701952K), 0.0098992 secs] [Times: user=0.10 sys=0.00, real=0.01 secs] 
2016-09-13T19:44:32.142-0400: 232.617: [GC (Allocation Failure) [PSYoungGen: 133129K->41730K(187392K)] 216541K->125347K(711680K), 0.0096820 secs] [Times: user=0.11 sys=0.00, real=0.01 secs] 
2016-09-13T19:44:32.329-0400: 232.804: [GC (GCLocker Initiated GC) [PSYoungGen: 157626K->32619K(186368K)] 247318K->122521K(710656K), 0.0248888 secs] [Times: user=0.26 sys=0.00, real=0.02 secs] 
2016-09-13T19:44:32.529-0400: 233.004: [GC (GCLocker Initiated GC) [PSYoungGen: 149355K->43179K(190464K)] 239440K->133379K(714752K), 0.0093956 secs] [Times: user=0.08 sys=0.00, real=0.01 secs] 
2016-09-13T19:44:32.765-0400: 233.241: [GC (GCLocker Initiated GC) [PSYoungGen: 166059K->27870K(189440K)] 256264K->118277K(713728K), 0.0092365 secs] [Times: user=0.08 sys=0.00, real=0.01 secs] 
2016-09-13T19:44:32.941-0400: 233.416: [GC (GCLocker Initiated GC) [PSYoungGen: 150750K->44766K(193536K)] 241298K->136971K(717824K), 0.0237585 secs] [Times: user=0.25 sys=0.01, real=0.02 secs] 
2016-09-13T19:44:33.151-0400: 233.626: [GC (GCLocker Initiated GC) [PSYoungGen: 172766K->41630K(193536K)] 266685K->135896K(717824K), 0.0062971 secs] [Times: user=0.05 sys=0.00, real=0.01 secs] 
2016-09-13T19:44:33.360-0400: 233.835: [GC (GCLocker Initiated GC) [PSYoungGen: 169630K->41725K(195072K)] 264187K->136330K(719360K), 0.0197799 secs] [Times: user=0.18 sys=0.00, real=0.02 secs] 
2016-09-13T19:44:33.546-0400: 234.021: [GC (GCLocker Initiated GC) [PSYoungGen: 174333K->32804K(195072K)] 269146K->127900K(719360K), 0.0110787 secs] [Times: user=0.10 sys=0.00, real=0.02 secs] 
2016-09-13T19:44:33.774-0400: 234.249: [GC (GCLocker Initiated GC) [PSYoungGen: 165412K->52426K(194560K)] 260536K->147842K(718848K), 0.0156112 secs] [Times: user=0.17 sys=0.00, real=0.02 secs] 
2016-09-13T19:44:34.007-0400: 234.482: [GC (GCLocker Initiated GC) [PSYoungGen: 185546K->28274K(197632K)] 288746K->137767K(721920K), 0.0180614 secs] [Times: user=0.20 sys=0.01, real=0.02 secs] 
2016-09-13T19:44:34.231-0400: 234.706: [GC (Allocation Failure) [PSYoungGen: 161394K->23714K(197120K)] 271225K->133642K(721408K), 0.0135235 secs] [Times: user=0.16 sys=0.00, real=0.01 secs] 
2016-09-13T19:44:34.453-0400: 234.928: [GC (GCLocker Initiated GC) [PSYoungGen: 157319K->9799K(143872K)] 273322K->125924K(668160K), 0.0172982 secs] [Times: user=0.18 sys=0.00, real=0.02 secs] 
2016-09-13T19:44:34.677-0400: 235.152: [GC (GCLocker Initiated GC) [PSYoungGen: 143431K->47678K(193024K)] 259738K->164160K(717312K), 0.0104778 secs] [Times: user=0.04 sys=0.00, real=0.00 secs] 
2016-09-13T19:44:34.858-0400: 235.334: [GC (GCLocker Initiated GC) [PSYoungGen: 174654K->47928K(175104K)] 291281K->166236K(699392K), 0.0135564 secs] [Times: user=0.16 sys=0.00, real=0.01 secs] 
2016-09-13T19:44:35.072-0400: 235.548: [GC (Allocation Failure) [PSYoungGen: 174904K->41730K(194560K)] 295002K->162018K(718848K), 0.0068003 secs] [Times: user=0.08 sys=0.00, real=0.01 secs] 
2016-09-13T19:44:35.262-0400: 235.737: [GC (GCLocker Initiated GC) [PSYoungGen: 167170K->41635K(167424K)] 287473K->162026K(691712K), 0.0122562 secs] [Times: user=0.17 sys=0.00, real=0.01 secs] 
2016-09-13T19:44:35.464-0400: 235.939: [GC (GCLocker Initiated GC) [PSYoungGen: 167073K->44666K(191488K)] 287648K->165273K(715776K), 0.0154244 secs] [Times: user=0.13 sys=0.00, real=0.02 secs] 
2016-09-13T19:44:35.680-0400: 236.156: [GC (GCLocker Initiated GC) [PSYoungGen: 170106K->41570K(191488K)] 292287K->164026K(715776K), 0.0178684 secs] [Times: user=0.18 sys=0.00, real=0.02 secs] 
2016-09-13T19:44:35.899-0400: 236.374: [GC (GCLocker Initiated GC) [PSYoungGen: 167010K->38752K(192512K)] 301812K->173771K(716800K), 0.0161244 secs] [Times: user=0.17 sys=0.00, real=0.01 secs] 
2016-09-13T19:44:36.099-0400: 236.575: [GC (GCLocker Initiated GC) [PSYoungGen: 170336K->47740K(193536K)] 307055K->190606K(717824K), 0.0072456 secs] [Times: user=0.05 sys=0.00, real=0.00 secs] 
2016-09-13T19:44:36.334-0400: 236.809: [GC (Allocation Failure) [PSYoungGen: 179324K->5302K(192000K)] 328379K->154550K(716288K), 0.0157516 secs] [Times: user=0.16 sys=0.01, real=0.02 secs] 
2016-09-13T19:44:36.560-0400: 237.035: [GC (GCLocker Initiated GC) [PSYoungGen: 134326K->26532K(195584K)] 283577K->176001K(719872K), 0.0109189 secs] [Times: user=0.10 sys=0.01, real=0.01 secs] 
2016-09-13T19:44:36.746-0400: 237.221: [GC (GCLocker Initiated GC) [PSYoungGen: 155556K->32459K(188928K)] 306687K->183653K(713216K), 0.0149260 secs] [Times: user=0.16 sys=0.00, real=0.02 secs] 
2016-09-13T19:44:36.945-0400: 237.420: [GC (GCLocker Initiated GC) [PSYoungGen: 163019K->28110K(193024K)] 315952K->187223K(717312K), 0.0206531 secs] [Times: user=0.22 sys=0.00, real=0.02 secs] 
2016-09-13T19:44:37.165-0400: 237.640: [GC (Allocation Failure) [PSYoungGen: 158670K->23527K(197120K)] 319520K->184589K(721408K), 0.0116430 secs] [Times: user=0.12 sys=0.00, real=0.02 secs] 
2016-09-13T19:44:37.416-0400: 237.892: [GC (GCLocker Initiated GC) [PSYoungGen: 162279K->52480K(191488K)] 323359K->213778K(715776K), 0.0083126 secs] [Times: user=0.08 sys=0.01, real=0.00 secs] 
2016-09-13T19:44:37.657-0400: 238.133: [GC (GCLocker Initiated GC) [PSYoungGen: 191232K->38662K(199168K)] 352552K->200243K(723456K), 0.0315918 secs] [Times: user=0.34 sys=0.01, real=0.03 secs] 
2016-09-13T19:44:37.852-0400: 238.327: [GC (GCLocker Initiated GC) [PSYoungGen: 173318K->49478K(184320K)] 335080K->225079K(708608K), 0.0227435 secs] [Times: user=0.23 sys=0.00, real=0.02 secs] 
2016-09-13T19:44:38.067-0400: 238.542: [GC (GCLocker Initiated GC) [PSYoungGen: 184134K->46377K(195584K)] 359847K->222406K(719872K), 0.0160452 secs] [Times: user=0.18 sys=0.00, real=0.02 secs] 
2016-09-13T19:44:38.297-0400: 238.772: [GC (GCLocker Initiated GC) [PSYoungGen: 176425K->37175K(167424K)] 358560K->219473K(691712K), 0.0064750 secs] [Times: user=0.07 sys=0.00, real=0.00 secs] 
2016-09-13T19:44:38.506-0400: 238.981: [GC (GCLocker Initiated GC) [PSYoungGen: 167223K->46378K(193536K)] 349792K->238171K(717824K), 0.0078410 secs] [Times: user=0.08 sys=0.00, real=0.01 secs] 
2016-09-13T19:44:38.701-0400: 239.176: [GC (GCLocker Initiated GC) [PSYoungGen: 176426K->32649K(194048K)] 368375K->224811K(718336K), 0.0099978 secs] [Times: user=0.08 sys=0.01, real=0.01 secs] 
2016-09-13T19:44:38.927-0400: 239.402: [GC (GCLocker Initiated GC) [PSYoungGen: 162697K->29543K(197120K)] 355100K->222156K(721408K), 0.0103495 secs] [Times: user=0.09 sys=0.00, real=0.02 secs] 
2016-09-13T19:44:39.135-0400: 239.610: [GC (Allocation Failure) [PSYoungGen: 165223K->23431K(197120K)] 363930K->222397K(721408K), 0.0222929 secs] [Times: user=0.23 sys=0.00, real=0.03 secs] 
2016-09-13T19:44:39.396-0400: 239.871: [GC (GCLocker Initiated GC) [PSYoungGen: 159111K->29612K(197632K)] 358078K->228938K(721920K), 0.0244424 secs] [Times: user=0.29 sys=0.00, real=0.02 secs] 
2016-09-13T19:44:39.606-0400: 240.081: [GC (GCLocker Initiated GC) [PSYoungGen: 168876K->37264K(199168K)] 368422K->237051K(723456K), 0.0240240 secs] [Times: user=0.27 sys=0.01, real=0.03 secs] 
2016-09-13T19:44:39.820-0400: 240.295: [GC (GCLocker Initiated GC) [PSYoungGen: 176528K->53879K(194560K)] 377859K->285745K(718848K), 0.0103930 secs] [Times: user=0.09 sys=0.00, real=0.01 secs] 
2016-09-13T19:44:40.056-0400: 240.531: [GC (GCLocker Initiated GC) [PSYoungGen: 190071K->9916K(146432K)] 434262K->280203K(670720K), 0.0182211 secs] [Times: user=0.19 sys=0.00, real=0.02 secs] 
2016-09-13T19:44:40.296-0400: 240.771: [GC (GCLocker Initiated GC) [PSYoungGen: 146108K->47800K(193024K)] 417955K->319880K(717312K), 0.0216540 secs] [Times: user=0.24 sys=0.00, real=0.02 secs] 
2016-09-13T19:44:40.503-0400: 240.978: [GC (GCLocker Initiated GC) [PSYoungGen: 175800K->43121K(195072K)] 448043K->317066K(719360K), 0.0213056 secs] [Times: user=0.22 sys=0.00, real=0.02 secs] 
2016-09-13T19:44:40.687-0400: 241.163: [GC (GCLocker Initiated GC) [PSYoungGen: 171121K->32644K(189440K)] 457414K->319142K(713728K), 0.0235189 secs] [Times: user=0.25 sys=0.01, real=0.03 secs] 
2016-09-13T19:44:40.901-0400: 241.376: [GC (GCLocker Initiated GC) [PSYoungGen: 161156K->23658K(192512K)] 456797K->319654K(716800K), 0.0255984 secs] [Times: user=0.28 sys=0.01, real=0.02 secs] 
2016-09-13T19:44:41.110-0400: 241.585: [GC (Allocation Failure) [PSYoungGen: 152170K->49164K(193536K)] 448215K->345406K(717824K), 0.0253650 secs] [Times: user=0.27 sys=0.01, real=0.02 secs] 
2016-09-13T19:44:41.326-0400: 241.802: [GC (Allocation Failure) [PSYoungGen: 179212K->23250K(196096K)] 475454K->325714K(720384K), 0.0072857 secs] [Times: user=0.07 sys=0.00, real=0.01 secs] 
2016-09-13T19:44:41.544-0400: 242.019: [GC (GCLocker Initiated GC) [PSYoungGen: 153298K->41634K(193536K)] 455768K->344226K(717824K), 0.0174497 secs] [Times: user=0.17 sys=0.00, real=0.02 secs] 
2016-09-13T19:44:41.757-0400: 242.233: [GC (Allocation Failure) [PSYoungGen: 172194K->41726K(195072K)] 474909K->344591K(719360K), 0.0126604 secs] [Times: user=0.16 sys=0.00, real=0.01 secs] 
2016-09-13T19:44:41.989-0400: 242.465: [GC (GCLocker Initiated GC) [PSYoungGen: 172286K->47518K(195072K)] 475168K->350597K(719360K), 0.0382095 secs] [Times: user=0.38 sys=0.01, real=0.04 secs] 
2016-09-13T19:44:42.222-0400: 242.697: [GC (GCLocker Initiated GC) [PSYoungGen: 178590K->61282K(192512K)] 481709K->370583K(716800K), 0.0215628 secs] [Times: user=0.22 sys=0.00, real=0.02 secs] 
2016-09-13T19:44:42.422-0400: 242.898: [GC (GCLocker Initiated GC) [PSYoungGen: 192354K->43053K(192512K)] 503181K->354022K(716800K), 0.0137317 secs] [Times: user=0.13 sys=0.00, real=0.02 secs] 
2016-09-13T19:44:42.608-0400: 243.083: [GC (GCLocker Initiated GC) [PSYoungGen: 165933K->12841K(136192K)] 484640K->331754K(660480K), 0.0075241 secs] [Times: user=0.07 sys=0.00, real=0.00 secs] 
2016-09-13T19:44:42.806-0400: 243.281: [GC (GCLocker Initiated GC) [PSYoungGen: 135721K->32639K(193536K)] 456197K->353289K(717824K), 0.0101922 secs] [Times: user=0.10 sys=0.01, real=0.02 secs] 
2016-09-13T19:44:43.008-0400: 243.483: [GC (GCLocker Initiated GC) [PSYoungGen: 155007K->38814K(161280K)] 477221K->361166K(685568K), 0.0210154 secs] [Times: user=0.22 sys=0.00, real=0.02 secs] 
2016-09-13T19:44:43.226-0400: 243.701: [GC (GCLocker Initiated GC) [PSYoungGen: 161182K->30966K(189952K)] 483556K->355119K(714240K), 0.0163094 secs] [Times: user=0.15 sys=0.00, real=0.02 secs] 
2016-09-13T19:44:43.424-0400: 243.899: [GC (GCLocker Initiated GC) [PSYoungGen: 154870K->25023K(188416K)] 480648K->357019K(712704K), 0.0152276 secs] [Times: user=0.18 sys=0.00, real=0.02 secs] 
2016-09-13T19:44:43.641-0400: 244.116: [GC (GCLocker Initiated GC) [PSYoungGen: 148927K->46314K(193536K)] 481172K->378809K(717824K), 0.0078263 secs] [Times: user=0.07 sys=0.00, real=0.01 secs] 
2016-09-13T19:44:43.820-0400: 244.295: [GC (GCLocker Initiated GC) [PSYoungGen: 176362K->34105K(195072K)] 509038K->366926K(719360K), 0.0064536 secs] [Times: user=0.05 sys=0.01, real=0.00 secs] 
2016-09-13T19:44:44.050-0400: 244.525: [GC (GCLocker Initiated GC) [PSYoungGen: 164153K->26282K(196096K)] 496991K->359243K(720384K), 0.0127703 secs] [Times: user=0.12 sys=0.00, real=0.01 secs] 
2016-09-13T19:44:44.252-0400: 244.727: [GC (GCLocker Initiated GC) [PSYoungGen: 160938K->41598K(196096K)] 494080K->381012K(720384K), 0.0112044 secs] [Times: user=0.11 sys=0.00, real=0.01 secs] 
2016-09-13T19:44:44.470-0400: 244.945: [GC (GCLocker Initiated GC) [PSYoungGen: 176254K->43211K(200704K)] 515730K->382856K(724992K), 0.0083606 secs] [Times: user=0.06 sys=0.00, real=0.01 secs] 
2016-09-13T19:44:44.702-0400: 245.177: [GC (GCLocker Initiated GC) [PSYoungGen: 182475K->50870K(190464K)] 529779K->398450K(714752K), 0.0114769 secs] [Times: user=0.14 sys=0.00, real=0.01 secs] 
2016-09-13T19:44:44.928-0400: 245.403: [GC (Allocation Failure) [PSYoungGen: 190134K->21954K(197632K)] 543791K->380394K(721920K), 0.0100785 secs] [Times: user=0.10 sys=0.00, real=0.01 secs] 
2016-09-13T19:44:45.165-0400: 245.640: [GC (GCLocker Initiated GC) [PSYoungGen: 154076K->46250K(179712K)] 514034K->406442K(704000K), 0.0122081 secs] [Times: user=0.12 sys=0.00, real=0.02 secs] 
2016-09-13T19:44:45.370-0400: 245.845: [GC (GCLocker Initiated GC) [PSYoungGen: 179370K->6634K(192512K)] 545815K->373150K(716800K), 0.0074550 secs] [Times: user=0.08 sys=0.00, real=0.01 secs] 
2016-09-13T19:44:45.606-0400: 246.081: [GC (GCLocker Initiated GC) [PSYoungGen: 133610K->23585K(194560K)] 506205K->396433K(718848K), 0.0141284 secs] [Times: user=0.16 sys=0.00, real=0.02 secs] 
2016-09-13T19:44:45.802-0400: 246.277: [GC (Allocation Failure) [PSYoungGen: 150561K->14196K(194048K)] 529504K->393281K(718336K), 0.0041287 secs] [Times: user=0.03 sys=0.00, real=0.00 secs] 
2016-09-13T19:44:46.006-0400: 246.481: [GC (GCLocker Initiated GC) [PSYoungGen: 141342K->43333K(194560K)] 521946K->430241K(718848K), 0.0178363 secs] [Times: user=0.16 sys=0.00, real=0.02 secs] 
2016-09-13T19:44:46.249-0400: 246.725: [GC (GCLocker Initiated GC) [PSYoungGen: 171845K->23250K(194048K)] 564954K->416560K(718336K), 0.0162387 secs] [Times: user=0.17 sys=0.00, real=0.01 secs] 
2016-09-13T19:44:46.451-0400: 246.926: [GC (GCLocker Initiated GC) [PSYoungGen: 152274K->31030K(160256K)] 547131K->426158K(684544K), 0.0056283 secs] [Times: user=0.04 sys=0.00, real=0.01 secs] 
2016-09-13T19:44:46.661-0400: 247.137: [GC (GCLocker Initiated GC) [PSYoungGen: 160054K->59700K(184832K)] 556929K->462774K(709120K), 0.0113358 secs] [Times: user=0.08 sys=0.00, real=0.01 secs] 
2016-09-13T19:44:46.850-0400: 247.325: [GC (GCLocker Initiated GC) [PSYoungGen: 182580K->32549K(192512K)] 591832K->441923K(716800K), 0.0266976 secs] [Times: user=0.24 sys=0.01, real=0.03 secs] 
2016-09-13T19:44:47.078-0400: 247.553: [GC (GCLocker Initiated GC) [PSYoungGen: 155429K->41789K(188416K)] 566422K->459126K(712704K), 0.0094173 secs] [Times: user=0.08 sys=0.00, real=0.00 secs] 
2016-09-13T19:44:47.285-0400: 247.760: [GC (GCLocker Initiated GC) [PSYoungGen: 167741K->44576K(192000K)] 585173K->462119K(716288K), 0.0259369 secs] [Times: user=0.27 sys=0.00, real=0.03 secs] 
2016-09-13T19:44:47.481-0400: 247.956: [GC (GCLocker Initiated GC) [PSYoungGen: 170528K->43181K(195584K)] 588096K->466983K(719872K), 0.0150938 secs] [Times: user=0.17 sys=0.00, real=0.02 secs] 
2016-09-13T19:44:47.688-0400: 248.163: [GC (GCLocker Initiated GC) [PSYoungGen: 172717K->41570K(171520K)] 596814K->470413K(695808K), 0.0071878 secs] [Times: user=0.06 sys=0.00, real=0.00 secs] 
2016-09-13T19:44:47.880-0400: 248.355: [GC (GCLocker Initiated GC) [PSYoungGen: 171106K->52490K(190976K)] 599980K->481538K(715264K), 0.0110792 secs] [Times: user=0.14 sys=0.00, real=0.01 secs] 
2016-09-13T19:44:48.102-0400: 248.577: [GC (Allocation Failure) [PSYoungGen: 178442K->9640K(135680K)] 607563K->448060K(659968K), 0.0395739 secs] [Times: user=0.39 sys=0.01, real=0.04 secs] 
2016-09-13T19:44:48.142-0400: 248.617: [GC (GCLocker Initiated GC) [PSYoungGen: 10858K->224K(186880K)] 449277K->464861K(711168K), 0.0039897 secs] [Times: user=0.05 sys=0.00, real=0.00 secs] 
2016-09-13T19:44:48.287-0400: 248.762: [GC (GCLocker Initiated GC) [PSYoungGen: 111478K->46344K(163328K)] 582191K->517097K(687616K), 0.0101912 secs] [Times: user=0.07 sys=0.00, real=0.02 secs] 
2016-09-13T19:44:48.485-0400: 248.960: [GC (GCLocker Initiated GC) [PSYoungGen: 163080K->46440K(186368K)] 633886K->537555K(710656K), 0.0110453 secs] [Times: user=0.14 sys=0.00, real=0.02 secs] 
2016-09-13T19:44:48.649-0400: 249.124: [GC (GCLocker Initiated GC) [PSYoungGen: 159080K->50965K(163840K)] 650461K->542583K(688128K), 0.0135778 secs] [Times: user=0.13 sys=0.01, real=0.01 secs] 
2016-09-13T19:44:48.830-0400: 249.305: [GC (GCLocker Initiated GC) [PSYoungGen: 163605K->28023K(187904K)] 655251K->519921K(712192K), 0.0215403 secs] [Times: user=0.23 sys=0.00, real=0.02 secs] 
2016-09-13T19:44:49.031-0400: 249.507: [GC (GCLocker Initiated GC) [PSYoungGen: 139127K->52266K(185344K)] 631061K->549169K(709632K), 0.0123005 secs] [Times: user=0.14 sys=0.00, real=0.01 secs] 
2016-09-13T19:44:49.207-0400: 249.682: [GC (GCLocker Initiated GC) [PSYoungGen: 163370K->26591K(185856K)] 666371K->538988K(710144K), 0.0293669 secs] [Times: user=0.28 sys=0.00, real=0.04 secs] 
2016-09-13T19:44:49.237-0400: 249.712: [Full GC (Ergonomics) [PSYoungGen: 26591K->0K(185856K)] [ParOldGen: 512397K->38787K(524288K)] 538988K->38787K(710144K), [Metaspace: 44682K->44682K(1087488K)], 0.0620900 secs] [Times: user=0.40 sys=0.01, real=0.06 secs] 
2016-09-13T19:44:49.449-0400: 249.925: [GC (GCLocker Initiated GC) [PSYoungGen: 111616K->70745K(182784K)] 150543K->127897K(707072K), 0.0091277 secs] [Times: user=0.08 sys=0.00, real=0.01 secs] 
2016-09-13T19:44:49.605-0400: 250.080: [GC (Allocation Failure) [PSYoungGen: 182361K->24954K(178688K)] 247255K->100874K(702976K), 0.0214995 secs] [Times: user=0.18 sys=0.00, real=0.02 secs] 
2016-09-13T19:44:49.762-0400: 250.237: [GC (GCLocker Initiated GC) [PSYoungGen: 124282K->61528K(161280K)] 200211K->142440K(685568K), 0.0289976 secs] [Times: user=0.35 sys=0.00, real=0.03 secs] 
2016-09-13T19:44:49.919-0400: 250.395: [GC (GCLocker Initiated GC) [PSYoungGen: 160856K->47892K(178176K)] 243321K->130503K(702464K), 0.0098261 secs] [Times: user=0.12 sys=0.00, real=0.01 secs] 
2016-09-13T19:44:50.094-0400: 250.569: [GC (GCLocker Initiated GC) [PSYoungGen: 140052K->46314K(138752K)] 224438K->132448K(663040K), 0.0060797 secs] [Times: user=0.06 sys=0.00, real=0.01 secs] 
2016-09-13T19:44:50.226-0400: 250.701: [GC (GCLocker Initiated GC) [PSYoungGen: 138474K->46314K(175616K)] 224896K->132824K(699904K), 0.0157749 secs] [Times: user=0.18 sys=0.00, real=0.02 secs] 
2016-09-13T19:44:50.369-0400: 250.844: [GC (GCLocker Initiated GC) [PSYoungGen: 140522K->44826K(173568K)] 227107K->131616K(697856K), 0.0101861 secs] [Times: user=0.09 sys=0.00, real=0.01 secs] 
2016-09-13T19:44:50.517-0400: 250.992: [GC (GCLocker Initiated GC) [PSYoungGen: 139034K->14483K(177152K)] 233512K->127531K(701440K), 0.0133645 secs] [Times: user=0.17 sys=0.00, real=0.01 secs] 
2016-09-13T19:44:50.698-0400: 251.173: [GC (GCLocker Initiated GC) [PSYoungGen: 114835K->41753K(178176K)] 229568K->159705K(702464K), 0.0101284 secs] [Times: user=0.09 sys=0.00, real=0.01 secs] 
2016-09-13T19:44:50.864-0400: 251.339: [GC (GCLocker Initiated GC) [PSYoungGen: 142105K->12964K(180736K)] 266210K->141814K(705024K), 0.0303702 secs] [Times: user=0.34 sys=0.00, real=0.03 secs] 
2016-09-13T19:44:51.047-0400: 251.522: [GC (GCLocker Initiated GC) [PSYoungGen: 118948K->11287K(182272K)] 261534K->154146K(706560K), 0.0111278 secs] [Times: user=0.12 sys=0.01, real=0.02 secs] 
2016-09-13T19:44:51.211-0400: 251.686: [GC (GCLocker Initiated GC) [PSYoungGen: 117271K->50682K(182272K)] 260184K->199801K(706560K), 0.0303924 secs] [Times: user=0.26 sys=0.01, real=0.03 secs] 
2016-09-13T19:44:51.393-0400: 251.868: [GC (Allocation Failure) [PSYoungGen: 156154K->34009K(139776K)] 305413K->183485K(664064K), 0.0251861 secs] [Times: user=0.26 sys=0.00, real=0.03 secs] 
2016-09-13T19:44:51.562-0400: 252.037: [GC (GCLocker Initiated GC) [PSYoungGen: 137351K->23373K(183808K)] 292903K->180629K(708096K), 0.0097851 secs] [Times: user=0.06 sys=0.00, real=0.01 secs] 
2016-09-13T19:44:51.716-0400: 252.191: [GC (GCLocker Initiated GC) [PSYoungGen: 132429K->50933K(181760K)] 289740K->208374K(706048K), 0.0309212 secs] [Times: user=0.31 sys=0.00, real=0.02 secs] 
2016-09-13T19:44:51.916-0400: 252.391: [GC (GCLocker Initiated GC) [PSYoungGen: 159989K->23436K(187392K)] 318957K->182672K(711680K), 0.0287567 secs] [Times: user=0.33 sys=0.00, real=0.03 secs] 
2016-09-13T19:44:52.115-0400: 252.590: [GC (GCLocker Initiated GC) [PSYoungGen: 137100K->43302K(186880K)] 302652K->209072K(711168K), 0.0176083 secs] [Times: user=0.18 sys=0.00, real=0.02 secs] 
2016-09-13T19:44:52.300-0400: 252.775: [GC (GCLocker Initiated GC) [PSYoungGen: 156966K->24959K(185856K)] 336603K->204914K(710144K), 0.0223135 secs] [Times: user=0.21 sys=0.01, real=0.02 secs] 
2016-09-13T19:44:52.495-0400: 252.970: [GC (GCLocker Initiated GC) [PSYoungGen: 141183K->58214K(174592K)] 321499K->238715K(698880K), 0.0165123 secs] [Times: user=0.17 sys=0.00, real=0.02 secs] 
2016-09-13T19:44:52.687-0400: 253.162: [GC (GCLocker Initiated GC) [PSYoungGen: 174438K->29666K(188928K)] 362545K->217904K(713216K), 0.0060310 secs] [Times: user=0.06 sys=0.00, real=0.01 secs] 
2016-09-13T19:44:52.873-0400: 253.348: [GC (GCLocker Initiated GC) [PSYoungGen: 142818K->50780K(186368K)] 331310K->239506K(710656K), 0.0132980 secs] [Times: user=0.14 sys=0.00, real=0.01 secs] 
2016-09-13T19:44:53.058-0400: 253.533: [GC (GCLocker Initiated GC) [PSYoungGen: 163932K->38660K(183808K)] 354352K->233767K(708096K), 0.0084342 secs] [Times: user=0.06 sys=0.00, real=0.00 secs] 
2016-09-13T19:44:53.250-0400: 253.725: [GC (GCLocker Initiated GC) [PSYoungGen: 152324K->32686K(185344K)] 355143K->235781K(709632K), 0.0064179 secs] [Times: user=0.08 sys=0.00, real=0.01 secs] 
2016-09-13T19:44:53.462-0400: 253.937: [GC (GCLocker Initiated GC) [PSYoungGen: 146350K->44827K(189952K)] 355552K->263316K(714240K), 0.0089370 secs] [Times: user=0.11 sys=0.00, real=0.01 secs] 
2016-09-13T19:44:53.656-0400: 254.131: [GC (Allocation Failure) [PSYoungGen: 165659K->37329K(189440K)] 390316K->271210K(713728K), 0.0081928 secs] [Times: user=0.10 sys=0.00, real=0.01 secs] 
2016-09-13T19:44:53.664-0400: 254.139: [GC (GCLocker Initiated GC) [PSYoungGen: 37344K->32K(186880K)] 271225K->273989K(711168K), 0.0058976 secs] [Times: user=0.08 sys=0.00, real=0.01 secs] 
2016-09-13T19:44:53.867-0400: 254.342: [GC (GCLocker Initiated GC) [PSYoungGen: 120238K->52850K(174080K)] 400270K->332883K(698368K), 0.0079860 secs] [Times: user=0.09 sys=0.00, real=0.01 secs] 
2016-09-13T19:44:54.076-0400: 254.551: [GC (GCLocker Initiated GC) [PSYoungGen: 173682K->25264K(190976K)] 459823K->339323K(715264K), 0.0078760 secs] [Times: user=0.09 sys=0.00, real=0.00 secs] 
2016-09-13T19:44:54.303-0400: 254.778: [GC (GCLocker Initiated GC) [PSYoungGen: 143536K->9930K(189440K)] 471283K->338195K(713728K), 0.0258542 secs] [Times: user=0.22 sys=0.02, real=0.03 secs] 
2016-09-13T19:44:54.487-0400: 254.962: [GC (GCLocker Initiated GC) [PSYoungGen: 128202K->32767K(184832K)] 456549K->364335K(709120K), 0.0102834 secs] [Times: user=0.13 sys=0.01, real=0.02 secs] 
2016-09-13T19:44:54.666-0400: 255.141: [GC (GCLocker Initiated GC) [PSYoungGen: 152063K->49351K(187392K)] 485168K->382716K(711680K), 0.0286294 secs] [Times: user=0.29 sys=0.00, real=0.03 secs] 
2016-09-13T19:44:54.864-0400: 255.339: [GC (GCLocker Initiated GC) [PSYoungGen: 168647K->47646K(188416K)] 502253K->382988K(712704K), 0.0193518 secs] [Times: user=0.18 sys=0.00, real=0.02 secs] 
2016-09-13T19:44:55.047-0400: 255.522: [GC (Allocation Failure) [PSYoungGen: 165406K->32607K(150528K)] 506848K->374262K(674816K), 0.0054659 secs] [Times: user=0.04 sys=0.00, real=0.01 secs] 
2016-09-13T19:44:55.250-0400: 255.725: [GC (GCLocker Initiated GC) [PSYoungGen: 149879K->11226K(187904K)] 497609K->365225K(712192K), 0.0151895 secs] [Times: user=0.14 sys=0.00, real=0.01 secs] 
2016-09-13T19:44:55.452-0400: 255.927: [GC (GCLocker Initiated GC) [PSYoungGen: 130010K->29384K(188416K)] 490112K->389655K(712704K), 0.0365585 secs] [Times: user=0.34 sys=0.00, real=0.04 secs] 
2016-09-13T19:44:55.667-0400: 256.142: [GC (GCLocker Initiated GC) [PSYoungGen: 148168K->24986K(190464K)] 514629K->399171K(714752K), 0.0221249 secs] [Times: user=0.21 sys=0.00, real=0.03 secs] 
2016-09-13T19:44:55.856-0400: 256.331: [GC (Allocation Failure) [PSYoungGen: 150426K->46185K(189952K)] 524781K->420821K(714240K), 0.0148401 secs] [Times: user=0.16 sys=0.01, real=0.01 secs] 
2016-09-13T19:44:56.052-0400: 256.527: [GC (GCLocker Initiated GC) [PSYoungGen: 170689K->38719K(196608K)] 546844K->421084K(720896K), 0.0092065 secs] [Times: user=0.09 sys=0.00, real=0.01 secs] 
2016-09-13T19:44:56.260-0400: 256.735: [GC (GCLocker Initiated GC) [PSYoungGen: 168767K->46318K(176640K)] 551356K->429079K(700928K), 0.0104522 secs] [Times: user=0.11 sys=0.00, real=0.01 secs] 
2016-09-13T19:44:56.468-0400: 256.944: [GC (GCLocker Initiated GC) [PSYoungGen: 176366K->49192K(190976K)] 559149K->432197K(715264K), 0.0128671 secs] [Times: user=0.11 sys=0.00, real=0.01 secs] 
2016-09-13T19:44:56.688-0400: 257.163: [GC (GCLocker Initiated GC) [PSYoungGen: 173093K->50997K(175104K)] 556279K->443477K(699392K), 0.0159611 secs] [Times: user=0.16 sys=0.01, real=0.02 secs] 
2016-09-13T19:44:56.877-0400: 257.352: [GC (GCLocker Initiated GC) [PSYoungGen: 174901K->43398K(192512K)] 569095K->437939K(716800K), 0.0195918 secs] [Times: user=0.19 sys=0.00, real=0.02 secs] 
2016-09-13T19:44:57.093-0400: 257.568: [GC (GCLocker Initiated GC) [PSYoungGen: 164742K->41634K(163328K)] 560940K->437978K(687616K), 0.0231518 secs] [Times: user=0.23 sys=0.00, real=0.03 secs] 
2016-09-13T19:44:57.275-0400: 257.750: [GC (GCLocker Initiated GC) [PSYoungGen: 162978K->44794K(190464K)] 559451K->441389K(714752K), 0.0231349 secs] [Times: user=0.24 sys=0.00, real=0.03 secs] 
2016-09-13T19:44:57.479-0400: 257.954: [GC (GCLocker Initiated GC) [PSYoungGen: 167162K->43439K(189440K)] 563924K->440509K(713728K), 0.0260914 secs] [Times: user=0.27 sys=0.00, real=0.02 secs] 
2016-09-13T19:44:57.698-0400: 258.174: [GC (GCLocker Initiated GC) [PSYoungGen: 165807K->28088K(193536K)] 569027K->431446K(717824K), 0.0107726 secs] [Times: user=0.11 sys=0.00, real=0.01 secs] 
2016-09-13T19:44:57.899-0400: 258.375: [GC (GCLocker Initiated GC) [PSYoungGen: 155576K->29420K(193024K)] 571263K->445163K(717312K), 0.0125332 secs] [Times: user=0.10 sys=0.00, real=0.01 secs] 
2016-09-13T19:44:58.090-0400: 258.566: [GC (GCLocker Initiated GC) [PSYoungGen: 156908K->64347K(183296K)] 572682K->480243K(707584K), 0.0109008 secs] [Times: user=0.09 sys=0.00, real=0.01 secs] 
2016-09-13T19:44:58.299-0400: 258.774: [GC (GCLocker Initiated GC) [PSYoungGen: 183131K->47704K(190464K)] 605325K->471613K(714752K), 0.0059603 secs] [Times: user=0.05 sys=0.00, real=0.00 secs] 
2016-09-13T19:44:58.498-0400: 258.973: [GC (GCLocker Initiated GC) [PSYoungGen: 166488K->49223K(189952K)] 596732K->479676K(714240K), 0.0067270 secs] [Times: user=0.06 sys=0.00, real=0.00 secs] 
2016-09-13T19:44:58.705-0400: 259.180: [GC (GCLocker Initiated GC) [PSYoungGen: 168519K->41792K(161280K)] 606664K->480197K(685568K), 0.0182966 secs] [Times: user=0.17 sys=0.00, real=0.02 secs] 
2016-09-13T19:44:58.905-0400: 259.380: [GC (GCLocker Initiated GC) [PSYoungGen: 161088K->23277K(187904K)] 599516K->466493K(712192K), 0.0089952 secs] [Times: user=0.07 sys=0.00, real=0.01 secs] 
2016-09-13T19:44:59.104-0400: 259.579: [GC (GCLocker Initiated GC) [PSYoungGen: 143085K->47646K(188416K)] 592403K->498630K(712704K), 0.0082976 secs] [Times: user=0.05 sys=0.00, real=0.01 secs] 
2016-09-13T19:44:59.298-0400: 259.773: [GC (GCLocker Initiated GC) [PSYoungGen: 167454K->43089K(190464K)] 618461K->503338K(714752K), 0.0186829 secs] [Times: user=0.17 sys=0.01, real=0.02 secs] 
2016-09-13T19:44:59.499-0400: 259.975: [GC (GCLocker Initiated GC) [PSYoungGen: 168017K->24833K(192000K)] 636101K->494621K(716288K), 0.0056593 secs] [Times: user=0.04 sys=0.00, real=0.00 secs] 
2016-09-13T19:44:59.698-0400: 260.173: [GC (GCLocker Initiated GC) [PSYoungGen: 149761K->63120K(182784K)] 619812K->540951K(707072K), 0.0108094 secs] [Times: user=0.15 sys=0.00, real=0.01 secs] 
2016-09-13T19:44:59.899-0400: 260.374: [GC (GCLocker Initiated GC) [PSYoungGen: 178832K->46287K(188928K)] 664532K->532204K(713216K), 0.0110010 secs] [Times: user=0.15 sys=0.00, real=0.01 secs] 
2016-09-13T19:45:00.098-0400: 260.573: [GC (GCLocker Initiated GC) [PSYoungGen: 161999K->46287K(184320K)] 655704K->540218K(708608K), 0.0172618 secs] [Times: user=0.17 sys=0.00, real=0.01 secs] 
2016-09-13T19:45:00.310-0400: 260.785: [GC (GCLocker Initiated GC) [PSYoungGen: 163535K->30844K(187392K)] 657494K->524997K(711680K), 0.0156723 secs] [Times: user=0.14 sys=0.00, real=0.01 secs] 
2016-09-13T19:45:00.499-0400: 260.974: [GC (GCLocker Initiated GC) [PSYoungGen: 148092K->52393K(190464K)] 642434K->554558K(714752K), 0.0196143 secs] [Times: user=0.22 sys=0.00, real=0.02 secs] 
2016-09-13T19:45:00.720-0400: 261.195: [GC (GCLocker Initiated GC) [PSYoungGen: 173225K->27780K(191488K)] 676911K->531659K(715776K), 0.0170063 secs] [Times: user=0.19 sys=0.00, real=0.02 secs] 
2016-09-13T19:45:00.911-0400: 261.386: [GC (GCLocker Initiated GC) [PSYoungGen: 148612K->55325K(187392K)] 654211K->561028K(711680K), 0.0097608 secs] [Times: user=0.09 sys=0.00, real=0.01 secs] 
2016-09-13T19:45:01.102-0400: 261.577: [GC (GCLocker Initiated GC) [PSYoungGen: 172061K->35554K(189440K)] 683875K->549159K(713728K), 0.0056845 secs] [Times: user=0.04 sys=0.00, real=0.00 secs] 
2016-09-13T19:45:01.289-0400: 261.764: [Full GC (Ergonomics) [PSYoungGen: 152290K->0K(189440K)] [ParOldGen: 519784K->40603K(524288K)] 672075K->40603K(713728K), [Metaspace: 44689K->44689K(1087488K)], 0.0619170 secs] [Times: user=0.35 sys=0.01, real=0.06 secs] 
2016-09-13T19:45:01.499-0400: 261.974: [GC (GCLocker Initiated GC) [PSYoungGen: 116736K->52387K(188928K)] 157477K->93129K(713216K), 0.0146308 secs] [Times: user=0.16 sys=0.00, real=0.01 secs] 
2016-09-13T19:45:01.689-0400: 262.165: [GC (GCLocker Initiated GC) [PSYoungGen: 170147K->41789K(159744K)] 212500K->90564K(684032K), 0.0382251 secs] [Times: user=0.40 sys=0.01, real=0.04 secs] 
2016-09-13T19:45:01.877-0400: 262.353: [GC (GCLocker Initiated GC) [PSYoungGen: 159549K->62930K(182784K)] 208412K->112093K(707072K), 0.0118836 secs] [Times: user=0.14 sys=0.00, real=0.01 secs] 
2016-09-13T19:45:02.055-0400: 262.530: [GC (GCLocker Initiated GC) [PSYoungGen: 176594K->26441K(187904K)] 231927K->81979K(712192K), 0.0053019 secs] [Times: user=0.03 sys=0.00, real=0.01 secs] 
2016-09-13T19:45:02.251-0400: 262.727: [GC (GCLocker Initiated GC) [PSYoungGen: 140105K->21917K(186880K)] 203469K->94544K(711168K), 0.0128823 secs] [Times: user=0.14 sys=0.00, real=0.01 secs] 
2016-09-13T19:45:02.452-0400: 262.927: [GC (GCLocker Initiated GC) [PSYoungGen: 134557K->17457K(130560K)] 219418K->102477K(654848K), 0.0091538 secs] [Times: user=0.09 sys=0.00, real=0.01 secs] 
2016-09-13T19:45:02.641-0400: 263.116: [GC (GCLocker Initiated GC) [PSYoungGen: 130097K->37260K(189952K)] 215186K->133207K(714240K), 0.0069031 secs] [Times: user=0.08 sys=0.00, real=0.01 secs] 
2016-09-13T19:45:02.830-0400: 263.305: [GC (GCLocker Initiated GC) [PSYoungGen: 151948K->26793K(141824K)] 248030K->130590K(666112K), 0.0164484 secs] [Times: user=0.20 sys=0.00, real=0.01 secs] 
2016-09-13T19:45:03.011-0400: 263.486: [GC (GCLocker Initiated GC) [PSYoungGen: 141481K->28247K(187392K)] 246827K->134172K(711680K), 0.0056711 secs] [Times: user=0.05 sys=0.02, real=0.01 secs] 
2016-09-13T19:45:03.196-0400: 263.671: [GC (GCLocker Initiated GC) [PSYoungGen: 144983K->22077K(185344K)] 250938K->128363K(709632K), 0.0108085 secs] [Times: user=0.13 sys=0.00, real=0.00 secs] 
2016-09-13T19:45:03.412-0400: 263.887: [GC (GCLocker Initiated GC) [PSYoungGen: 138813K->31195K(190976K)] 252711K->151500K(715264K), 0.0086244 secs] [Times: user=0.10 sys=0.00, real=0.01 secs] 
2016-09-13T19:45:03.607-0400: 264.082: [GC (GCLocker Initiated GC) [PSYoungGen: 156635K->9894K(190976K)] 284771K->141246K(715264K), 0.0050765 secs] [Times: user=0.02 sys=0.00, real=0.01 secs] 
2016-09-13T19:45:03.821-0400: 264.296: [GC (GCLocker Initiated GC) [PSYoungGen: 135334K->30998K(191488K)] 266708K->162557K(715776K), 0.0260243 secs] [Times: user=0.20 sys=0.00, real=0.02 secs] 
2016-09-13T19:45:04.029-0400: 264.504: [GC (GCLocker Initiated GC) [PSYoungGen: 161046K->32585K(193536K)] 292728K->170560K(717824K), 0.0281239 secs] [Times: user=0.28 sys=0.00, real=0.03 secs] 
2016-09-13T19:45:04.249-0400: 264.725: [GC (GCLocker Initiated GC) [PSYoungGen: 162633K->16002K(197632K)] 312933K->166512K(721920K), 0.0096813 secs] [Times: user=0.08 sys=0.00, real=0.01 secs] 
2016-09-13T19:45:04.475-0400: 264.950: [GC (GCLocker Initiated GC) [PSYoungGen: 153218K->44698K(197632K)] 303931K->197002K(721920K), 0.0338452 secs] [Times: user=0.34 sys=0.00, real=0.04 secs] 
2016-09-13T19:45:04.700-0400: 265.175: [GC (GCLocker Initiated GC) [PSYoungGen: 181914K->61501K(183296K)] 335800K->226344K(707584K), 0.0287510 secs] [Times: user=0.29 sys=0.01, real=0.03 secs] 
2016-09-13T19:45:04.909-0400: 265.384: [GC (Allocation Failure) [PSYoungGen: 182333K->61501K(182784K)] 347422K->231363K(707072K), 0.0213748 secs] [Times: user=0.22 sys=0.00, real=0.02 secs] 
2016-09-13T19:45:05.130-0400: 265.606: [GC (GCLocker Initiated GC) [PSYoungGen: 180641K->32741K(188416K)] 356579K->208766K(712704K), 0.0048098 secs] [Times: user=0.03 sys=0.00, real=0.00 secs] 
2016-09-13T19:45:05.285-0400: 265.760: [GC (Allocation Failure) [PSYoungGen: 144357K->28151K(139776K)] 321915K->205872K(664064K), 0.0075896 secs] [Times: user=0.08 sys=0.00, real=0.01 secs] 
2016-09-13T19:45:05.293-0400: 265.768: [GC (GCLocker Initiated GC) [PSYoungGen: 28165K->128K(180736K)] 205886K->205742K(705024K), 0.0057006 secs] [Times: user=0.07 sys=0.00, real=0.01 secs] 
2016-09-13T19:45:05.468-0400: 265.943: [GC (Allocation Failure) [PSYoungGen: 109184K->55680K(183296K)] 314798K->261294K(707584K), 0.0174986 secs] [Times: user=0.22 sys=0.00, real=0.01 secs] 
2016-09-13T19:45:05.662-0400: 266.137: [GC (GCLocker Initiated GC) [PSYoungGen: 164736K->47684K(183296K)] 370357K->279720K(707584K), 0.0081961 secs] [Times: user=0.08 sys=0.00, real=0.01 secs] 
2016-09-13T19:45:05.825-0400: 266.300: [GC (GCLocker Initiated GC) [PSYoungGen: 152132K->43110K(147968K)] 385954K->276997K(672256K), 0.0096958 secs] [Times: user=0.07 sys=0.01, real=0.01 secs] 
2016-09-13T19:45:05.989-0400: 266.464: [GC (GCLocker Initiated GC) [PSYoungGen: 147558K->46159K(182272K)] 381740K->280676K(706560K), 0.0407590 secs] [Times: user=0.42 sys=0.00, real=0.04 secs] 
2016-09-13T19:45:06.177-0400: 266.652: [GC (Allocation Failure) [PSYoungGen: 151119K->26414K(181760K)] 385842K->261347K(706048K), 0.0130767 secs] [Times: user=0.13 sys=0.00, real=0.01 secs] 
2016-09-13T19:45:06.329-0400: 266.804: [GC (Allocation Failure) [PSYoungGen: 131217K->9916K(181760K)] 366150K->245160K(706048K), 0.0134354 secs] [Times: user=0.13 sys=0.00, real=0.01 secs] 
2016-09-13T19:45:06.494-0400: 266.969: [GC (Allocation Failure) [PSYoungGen: 111943K->28157K(182784K)] 347187K->263755K(707072K), 0.0113559 secs] [Times: user=0.11 sys=0.00, real=0.01 secs] 
2016-09-13T19:45:06.678-0400: 267.153: [GC (Allocation Failure) [PSYoungGen: 135165K->57036K(178688K)] 370763K->292794K(702976K), 0.0139601 secs] [Times: user=0.15 sys=0.00, real=0.01 secs] 
2016-09-13T19:45:06.844-0400: 267.319: [GC (GCLocker Initiated GC) [PSYoungGen: 163532K->34408K(183808K)] 399292K->270315K(708096K), 0.0152844 secs] [Times: user=0.16 sys=0.00, real=0.02 secs] 
2016-09-13T19:45:07.019-0400: 267.494: [GC (GCLocker Initiated GC) [PSYoungGen: 140904K->32677K(177664K)] 382916K->275040K(701952K), 0.0106873 secs] [Times: user=0.11 sys=0.00, real=0.01 secs] 
2016-09-13T19:45:07.176-0400: 267.651: [GC (GCLocker Initiated GC) [PSYoungGen: 144293K->29702K(181760K)] 386801K->276968K(706048K), 0.0134057 secs] [Times: user=0.12 sys=0.02, real=0.01 secs] 
2016-09-13T19:45:07.361-0400: 267.836: [GC (Allocation Failure) [PSYoungGen: 141318K->12713K(191488K)] 388634K->260222K(715776K), 0.0188226 secs] [Times: user=0.19 sys=0.00, real=0.02 secs] 
2016-09-13T19:45:07.560-0400: 268.035: [GC (GCLocker Initiated GC) [PSYoungGen: 135646K->9672K(192512K)] 384673K->258886K(716800K), 0.0238133 secs] [Times: user=0.23 sys=0.00, real=0.02 secs] 
2016-09-13T19:45:07.763-0400: 268.238: [GC (GCLocker Initiated GC) [PSYoungGen: 134088K->41624K(192512K)] 383472K->291146K(716800K), 0.0077267 secs] [Times: user=0.06 sys=0.00, real=0.01 secs] 
2016-09-13T19:45:07.944-0400: 268.419: [GC (Allocation Failure) [PSYoungGen: 165528K->41443K(193024K)] 415242K->291351K(717312K), 0.0296991 secs] [Times: user=0.33 sys=0.00, real=0.03 secs] 
2016-09-13T19:45:08.161-0400: 268.636: [GC (GCLocker Initiated GC) [PSYoungGen: 161726K->27902K(186880K)] 417709K->284008K(711168K), 0.0105382 secs] [Times: user=0.10 sys=0.01, real=0.01 secs] 
2016-09-13T19:45:08.404-0400: 268.879: [GC (GCLocker Initiated GC) [PSYoungGen: 151806K->32709K(189952K)] 407968K->289067K(714240K), 0.0083879 secs] [Times: user=0.07 sys=0.00, real=0.01 secs] 
2016-09-13T19:45:08.583-0400: 269.058: [GC (GCLocker Initiated GC) [PSYoungGen: 156613K->59891K(184832K)] 413136K->342392K(709120K), 0.0141849 secs] [Times: user=0.13 sys=0.01, real=0.02 secs] 
2016-09-13T19:45:08.767-0400: 269.242: [GC (GCLocker Initiated GC) [PSYoungGen: 181747K->38501K(192000K)] 467408K->360675K(716288K), 0.0097920 secs] [Times: user=0.08 sys=0.00, real=0.02 secs] 
2016-09-13T19:45:08.950-0400: 269.426: [GC (Allocation Failure) [PSYoungGen: 160357K->10044K(192000K)] 488916K->338757K(716288K), 0.0042527 secs] [Times: user=0.03 sys=0.01, real=0.00 secs] 
2016-09-13T19:45:09.164-0400: 269.639: [GC (Allocation Failure) [PSYoungGen: 131617K->6603K(130560K)] 460330K->335589K(654848K), 0.0055993 secs] [Times: user=0.04 sys=0.00, real=0.01 secs] 
2016-09-13T19:45:09.363-0400: 269.838: [GC (GCLocker Initiated GC) [PSYoungGen: 130504K->9517K(192512K)] 459493K->338621K(716800K), 0.0060260 secs] [Times: user=0.04 sys=0.00, real=0.01 secs] 
2016-09-13T19:45:09.572-0400: 270.047: [GC (GCLocker Initiated GC) [PSYoungGen: 132397K->41566K(164864K)] 463170K->372395K(689152K), 0.0071171 secs] [Times: user=0.05 sys=0.00, real=0.01 secs] 
2016-09-13T19:45:09.742-0400: 270.218: [GC (GCLocker Initiated GC) [PSYoungGen: 164446K->41629K(190976K)] 495350K->390931K(715264K), 0.0196224 secs] [Times: user=0.20 sys=0.01, real=0.02 secs] 
2016-09-13T19:45:09.941-0400: 270.417: [GC (GCLocker Initiated GC) [PSYoungGen: 162461K->46004K(166912K)] 511824K->395568K(691200K), 0.0160184 secs] [Times: user=0.16 sys=0.00, real=0.02 secs] 
2016-09-13T19:45:10.152-0400: 270.627: [GC (Allocation Failure) [PSYoungGen: 166836K->21821K(192000K)] 516531K->379233K(716288K), 0.0138652 secs] [Times: user=0.11 sys=0.00, real=0.01 secs] 
2016-09-13T19:45:10.342-0400: 270.817: [GC (GCLocker Initiated GC) [PSYoungGen: 141117K->27955K(147456K)] 498540K->385697K(671744K), 0.0107777 secs] [Times: user=0.10 sys=0.00, real=0.01 secs] 
2016-09-13T19:45:10.519-0400: 270.994: [GC (GCLocker Initiated GC) [PSYoungGen: 147251K->50838K(182784K)] 505021K->408766K(707072K), 0.0297616 secs] [Times: user=0.30 sys=0.01, real=0.03 secs] 
2016-09-13T19:45:10.714-0400: 271.189: [GC (GCLocker Initiated GC) [PSYoungGen: 166550K->29515K(186368K)] 524544K->396832K(710656K), 0.0152251 secs] [Times: user=0.17 sys=0.00, real=0.02 secs] 
2016-09-13T19:45:10.899-0400: 271.374: [GC (GCLocker Initiated GC) [PSYoungGen: 145227K->49192K(189440K)] 512570K->416751K(713728K), 0.0147540 secs] [Times: user=0.14 sys=0.00, real=0.01 secs] 
2016-09-13T19:45:11.103-0400: 271.578: [GC (GCLocker Initiated GC) [PSYoungGen: 171048K->47859K(169984K)] 546348K->426344K(694272K), 0.0273817 secs] [Times: user=0.31 sys=0.00, real=0.03 secs] 
2016-09-13T19:45:11.304-0400: 271.780: [GC (GCLocker Initiated GC) [PSYoungGen: 169715K->52271K(185344K)] 548225K->431049K(709632K), 0.0065847 secs] [Times: user=0.07 sys=0.00, real=0.01 secs] 
2016-09-13T19:45:11.492-0400: 271.967: [GC (GCLocker Initiated GC) [PSYoungGen: 165935K->41698K(187904K)] 551031K->436054K(712192K), 0.0248550 secs] [Times: user=0.24 sys=0.01, real=0.03 secs] 
2016-09-13T19:45:11.689-0400: 272.165: [GC (Allocation Failure) [PSYoungGen: 155362K->28056K(184320K)] 562055K->435040K(708608K), 0.0052954 secs] [Times: user=0.04 sys=0.00, real=0.00 secs] 
2016-09-13T19:45:11.888-0400: 272.363: [GC (GCLocker Initiated GC) [PSYoungGen: 139940K->26479K(186368K)] 552999K->439704K(710656K), 0.0106705 secs] [Times: user=0.13 sys=0.00, real=0.01 secs] 
2016-09-13T19:45:12.086-0400: 272.561: [GC (Allocation Failure) [PSYoungGen: 142191K->27870K(188416K)] 561670K->447476K(712704K), 0.0093565 secs] [Times: user=0.11 sys=0.00, real=0.01 secs] 
2016-09-13T19:45:12.287-0400: 272.762: [GC (GCLocker Initiated GC) [PSYoungGen: 146481K->23436K(189952K)] 572162K->449240K(714240K), 0.0204665 secs] [Times: user=0.23 sys=0.00, real=0.03 secs] 
2016-09-13T19:45:12.485-0400: 272.960: [GC (GCLocker Initiated GC) [PSYoungGen: 146316K->26384K(192000K)] 578217K->458502K(716288K), 0.0060380 secs] [Times: user=0.04 sys=0.00, real=0.01 secs] 
2016-09-13T19:45:12.701-0400: 273.176: [GC (GCLocker Initiated GC) [PSYoungGen: 155920K->46541K(193536K)] 589640K->485039K(717824K), 0.0180821 secs] [Times: user=0.18 sys=0.00, real=0.02 secs] 
2016-09-13T19:45:12.904-0400: 273.379: [GC (GCLocker Initiated GC) [PSYoungGen: 176077K->46191K(193536K)] 616122K->486516K(717824K), 0.0296446 secs] [Times: user=0.33 sys=0.00, real=0.03 secs] 
2016-09-13T19:45:13.142-0400: 273.617: [GC (GCLocker Initiated GC) [PSYoungGen: 174191K->49601K(177664K)] 614520K->490077K(701952K), 0.0219162 secs] [Times: user=0.28 sys=0.00, real=0.02 secs] 
2016-09-13T19:45:13.348-0400: 273.823: [GC (GCLocker Initiated GC) [PSYoungGen: 177601K->50748K(188928K)] 627225K->500653K(713216K), 0.0100920 secs] [Times: user=0.10 sys=0.00, real=0.01 secs] 
2016-09-13T19:45:13.525-0400: 274.001: [GC (GCLocker Initiated GC) [PSYoungGen: 170556K->43280K(190976K)] 620693K->495075K(715264K), 0.0075836 secs] [Times: user=0.07 sys=0.00, real=0.01 secs] 
2016-09-13T19:45:13.726-0400: 274.202: [GC (GCLocker Initiated GC) [PSYoungGen: 163088K->42935K(187392K)] 615154K->495179K(711680K), 0.0514014 secs] [Times: user=0.50 sys=0.00, real=0.06 secs] 
2016-09-13T19:45:13.931-0400: 274.406: [GC (Allocation Failure) [PSYoungGen: 164279K->27988K(189440K)] 622774K->486562K(713728K), 0.0334354 secs] [Times: user=0.36 sys=0.00, real=0.03 secs] 
2016-09-13T19:45:14.125-0400: 274.600: [GC (GCLocker Initiated GC) [PSYoungGen: 149332K->43216K(190976K)] 607906K->506603K(715264K), 0.0072849 secs] [Times: user=0.06 sys=0.00, real=0.01 secs] 
2016-09-13T19:45:14.323-0400: 274.798: [GC (GCLocker Initiated GC) [PSYoungGen: 170192K->46068K(193024K)] 633665K->509747K(717312K), 0.0302082 secs] [Times: user=0.31 sys=0.00, real=0.03 secs] 
2016-09-13T19:45:14.539-0400: 275.015: [GC (GCLocker Initiated GC) [PSYoungGen: 173044K->23373K(196096K)] 638287K->496290K(720384K), 0.0218441 secs] [Times: user=0.22 sys=0.01, real=0.02 secs] 
2016-09-13T19:45:14.762-0400: 275.237: [GC (Allocation Failure) [PSYoungGen: 153421K->5243K(135680K)] 626354K->496590K(659968K), 0.0224600 secs] [Times: user=0.20 sys=0.00, real=0.02 secs] 
2016-09-13T19:45:14.969-0400: 275.444: [GC (GCLocker Initiated GC) [PSYoungGen: 135291K->47609K(190976K)] 626644K->539113K(715264K), 0.0212383 secs] [Times: user=0.18 sys=0.00, real=0.02 secs] 
2016-09-13T19:45:15.185-0400: 275.661: [GC (Allocation Failure) [PSYoungGen: 169465K->9703K(131584K)] 667231K->512147K(655872K), 0.0046920 secs] [Times: user=0.03 sys=0.00, real=0.01 secs] 
2016-09-13T19:45:15.356-0400: 275.831: [GC (GCLocker Initiated GC) [PSYoungGen: 131326K->28019K(193536K)] 635289K->532234K(717824K), 0.0475267 secs] [Times: user=0.46 sys=0.00, real=0.04 secs] 
2016-09-13T19:45:15.569-0400: 276.044: [GC (GCLocker Initiated GC) [PSYoungGen: 150387K->28020K(150528K)] 654733K->532525K(674816K), 0.0056614 secs] [Times: user=0.05 sys=0.00, real=0.00 secs] 
2016-09-13T19:45:15.754-0400: 276.229: [GC (Allocation Failure) [PSYoungGen: 150388K->43120K(186880K)] 655086K->548050K(711168K), 0.0116885 secs] [Times: user=0.11 sys=0.00, real=0.01 secs] 
2016-09-13T19:45:15.970-0400: 276.446: [Full GC (Ergonomics) [PSYoungGen: 162638K->0K(186880K)] [ParOldGen: 511004K->41086K(524288K)] 673643K->41086K(711168K), [Metaspace: 44734K->44734K(1087488K)], 0.0616239 secs] [Times: user=0.30 sys=0.01, real=0.06 secs] 
2016-09-13T19:45:16.194-0400: 276.669: [GC (Allocation Failure) [PSYoungGen: 121344K->25146K(187904K)] 162586K->66389K(712192K), 0.0284112 secs] [Times: user=0.32 sys=0.00, real=0.03 secs] 
2016-09-13T19:45:16.397-0400: 276.873: [GC (GCLocker Initiated GC) [PSYoungGen: 145465K->28121K(191488K)] 188226K->89651K(715776K), 0.0096830 secs] [Times: user=0.10 sys=0.00, real=0.00 secs] 
2016-09-13T19:45:16.619-0400: 277.094: [GC (Allocation Failure) [PSYoungGen: 159193K->58522K(193024K)] 220832K->120330K(717312K), 0.0108093 secs] [Times: user=0.11 sys=0.00, real=0.01 secs] 
2016-09-13T19:45:16.788-0400: 277.263: [GC (GCLocker Initiated GC) [PSYoungGen: 188679K->26569K(195072K)] 252006K->90172K(719360K), 0.0286286 secs] [Times: user=0.28 sys=0.00, real=0.03 secs] 
2016-09-13T19:45:16.988-0400: 277.463: [GC (GCLocker Initiated GC) [PSYoungGen: 152521K->27864K(154112K)] 216344K->91881K(678400K), 0.0148368 secs] [Times: user=0.13 sys=0.00, real=0.01 secs] 
2016-09-13T19:45:17.194-0400: 277.669: [GC (Allocation Failure) [PSYoungGen: 153816K->24928K(192000K)] 217989K->89220K(716288K), 0.0216225 secs] [Times: user=0.22 sys=0.00, real=0.02 secs] 
2016-09-13T19:45:17.402-0400: 277.877: [GC (GCLocker Initiated GC) [PSYoungGen: 151767K->14196K(190464K)] 222134K->84683K(714752K), 0.0131907 secs] [Times: user=0.12 sys=0.00, real=0.01 secs] 
2016-09-13T19:45:17.624-0400: 278.099: [GC (GCLocker Initiated GC) [PSYoungGen: 141684K->44889K(195072K)] 212357K->115758K(719360K), 0.0144899 secs] [Times: user=0.15 sys=0.00, real=0.02 secs] 
2016-09-13T19:45:17.834-0400: 278.310: [GC (Allocation Failure) [PSYoungGen: 176985K->23341K(197120K)] 247860K->94437K(721408K), 0.0075324 secs] [Times: user=0.08 sys=0.00, real=0.01 secs] 
2016-09-13T19:45:18.039-0400: 278.514: [GC (Allocation Failure) [PSYoungGen: 155437K->27838K(191488K)] 226533K->99041K(715776K), 0.0129564 secs] [Times: user=0.12 sys=0.01, real=0.01 secs] 
2016-09-13T19:45:18.245-0400: 278.720: [GC (GCLocker Initiated GC) [PSYoungGen: 158354K->32607K(194560K)] 235632K->109957K(718848K), 0.0164842 secs] [Times: user=0.16 sys=0.00, real=0.02 secs] 
2016-09-13T19:45:18.461-0400: 278.936: [GC (GCLocker Initiated GC) [PSYoungGen: 166239K->46440K(197632K)] 245222K->125723K(721920K), 0.0136504 secs] [Times: user=0.15 sys=0.00, real=0.01 secs] 
2016-09-13T19:45:18.709-0400: 279.184: [GC (GCLocker Initiated GC) [PSYoungGen: 185704K->40148K(200704K)] 265168K->119726K(724992K), 0.0130555 secs] [Times: user=0.15 sys=0.00, real=0.01 secs] 
2016-09-13T19:45:18.925-0400: 279.400: [GC (GCLocker Initiated GC) [PSYoungGen: 179412K->44954K(197632K)] 259157K->124983K(721920K), 0.0120498 secs] [Times: user=0.14 sys=0.00, real=0.02 secs] 
2016-09-13T19:45:19.143-0400: 279.619: [GC (GCLocker Initiated GC) [PSYoungGen: 181146K->30907K(167424K)] 261197K->111144K(691712K), 0.0254612 secs] [Times: user=0.25 sys=0.00, real=0.03 secs] 
2016-09-13T19:45:19.350-0400: 279.825: [GC (GCLocker Initiated GC) [PSYoungGen: 167099K->9672K(196608K)] 254963K->108326K(720896K), 0.0114445 secs] [Times: user=0.12 sys=0.00, real=0.01 secs] 
2016-09-13T19:45:19.600-0400: 280.075: [GC (Allocation Failure) [PSYoungGen: 145864K->24991K(198144K)] 246212K->134657K(722432K), 0.0151095 secs] [Times: user=0.16 sys=0.01, real=0.01 secs] 
2016-09-13T19:45:19.832-0400: 280.307: [GC (GCLocker Initiated GC) [PSYoungGen: 161183K->41506K(199168K)] 270852K->151278K(723456K), 0.0065500 secs] [Times: user=0.05 sys=0.00, real=0.01 secs] 
2016-09-13T19:45:20.042-0400: 280.518: [GC (Allocation Failure) [PSYoungGen: 180258K->28161K(167424K)] 290335K->138416K(691712K), 0.0220213 secs] [Times: user=0.26 sys=0.00, real=0.02 secs] 
2016-09-13T19:45:20.264-0400: 280.740: [GC (Allocation Failure) [PSYoungGen: 166913K->41788K(198144K)] 277168K->152269K(722432K), 0.0095916 secs] [Times: user=0.08 sys=0.00, real=0.01 secs] 
2016-09-13T19:45:20.485-0400: 280.960: [GC (GCLocker Initiated GC) [PSYoungGen: 175530K->23408K(199168K)] 292085K->140275K(723456K), 0.0190672 secs] [Times: user=0.16 sys=0.00, real=0.02 secs] 
2016-09-13T19:45:20.695-0400: 281.170: [GC (GCLocker Initiated GC) [PSYoungGen: 162672K->55240K(190976K)] 279798K->178663K(715264K), 0.0322710 secs] [Times: user=0.33 sys=0.00, real=0.03 secs] 
2016-09-13T19:45:20.900-0400: 281.375: [GC (GCLocker Initiated GC) [PSYoungGen: 187336K->43122K(197120K)] 310784K->166717K(721408K), 0.0167799 secs] [Times: user=0.17 sys=0.00, real=0.02 secs] 
2016-09-13T19:45:21.130-0400: 281.605: [GC (Allocation Failure) [PSYoungGen: 175218K->28278K(194048K)] 305077K->165953K(718336K), 0.0098063 secs] [Times: user=0.11 sys=0.00, real=0.01 secs] 
2016-09-13T19:45:21.344-0400: 281.819: [GC (GCLocker Initiated GC) [PSYoungGen: 160374K->46341K(195584K)] 298049K->184320K(719872K), 0.0130165 secs] [Times: user=0.18 sys=0.00, real=0.02 secs] 
2016-09-13T19:45:21.560-0400: 282.036: [GC (Allocation Failure) [PSYoungGen: 178437K->43308K(197120K)] 316678K->181712K(721408K), 0.0206630 secs] [Times: user=0.25 sys=0.00, real=0.02 secs] 
2016-09-13T19:45:21.813-0400: 282.288: [GC (GCLocker Initiated GC) [PSYoungGen: 175404K->24891K(157184K)] 319883K->169481K(681472K), 0.0244419 secs] [Times: user=0.22 sys=0.00, real=0.03 secs] 
2016-09-13T19:45:22.049-0400: 282.524: [GC (GCLocker Initiated GC) [PSYoungGen: 156987K->52324K(190976K)] 301683K->197218K(715264K), 0.0152150 secs] [Times: user=0.14 sys=0.00, real=0.01 secs] 
2016-09-13T19:45:22.253-0400: 282.728: [GC (GCLocker Initiated GC) [PSYoungGen: 179300K->23568K(194560K)] 331974K->185588K(718848K), 0.0138604 secs] [Times: user=0.15 sys=0.00, real=0.01 secs] 
2016-09-13T19:45:22.449-0400: 282.924: [GC (GCLocker Initiated GC) [PSYoungGen: 150544K->27997K(190464K)] 312694K->190379K(714752K), 0.0239995 secs] [Times: user=0.27 sys=0.00, real=0.02 secs] 
2016-09-13T19:45:22.661-0400: 283.136: [GC (GCLocker Initiated GC) [PSYoungGen: 155997K->60042K(188416K)] 318610K->222798K(712704K), 0.0096981 secs] [Times: user=0.09 sys=0.00, real=0.01 secs] 
2016-09-13T19:45:22.849-0400: 283.324: [GC (Allocation Failure) [PSYoungGen: 188042K->32863K(193536K)] 356974K->201892K(717824K), 0.0274879 secs] [Times: user=0.36 sys=0.00, real=0.03 secs] 
2016-09-13T19:45:23.059-0400: 283.534: [GC (GCLocker Initiated GC) [PSYoungGen: 155231K->38432K(161280K)] 324265K->209347K(685568K), 0.0153904 secs] [Times: user=0.12 sys=0.00, real=0.01 secs] 
2016-09-13T19:45:23.249-0400: 283.724: [GC (GCLocker Initiated GC) [PSYoungGen: 160800K->28056K(189952K)] 339379K->206812K(714240K), 0.0066994 secs] [Times: user=0.06 sys=0.00, real=0.00 secs] 
2016-09-13T19:45:23.450-0400: 283.926: [GC (GCLocker Initiated GC) [PSYoungGen: 151960K->32682K(188416K)] 336989K->217913K(712704K), 0.0134232 secs] [Times: user=0.12 sys=0.00, real=0.01 secs] 
2016-09-13T19:45:23.658-0400: 284.133: [GC (GCLocker Initiated GC) [PSYoungGen: 156586K->46319K(193024K)] 343576K->233396K(717312K), 0.0195575 secs] [Times: user=0.22 sys=0.00, real=0.02 secs] 
2016-09-13T19:45:23.898-0400: 284.373: [GC (GCLocker Initiated GC) [PSYoungGen: 176879K->46376K(194048K)] 364176K->233804K(718336K), 0.0139829 secs] [Times: user=0.12 sys=0.01, real=0.01 secs] 
2016-09-13T19:45:24.106-0400: 284.581: [GC (GCLocker Initiated GC) [PSYoungGen: 176936K->59951K(186368K)] 364489K->253804K(710656K), 0.0115626 secs] [Times: user=0.11 sys=0.00, real=0.02 secs] 
2016-09-13T19:45:24.299-0400: 284.774: [GC (GCLocker Initiated GC) [PSYoungGen: 181807K->38777K(192000K)] 383345K->240488K(716288K), 0.0384259 secs] [Times: user=0.39 sys=0.00, real=0.04 secs] 
2016-09-13T19:45:24.503-0400: 284.978: [GC (GCLocker Initiated GC) [PSYoungGen: 160633K->28206K(187392K)] 363946K->231847K(711680K), 0.0103812 secs] [Times: user=0.14 sys=0.00, real=0.01 secs] 
2016-09-13T19:45:24.708-0400: 285.184: [GC (GCLocker Initiated GC) [PSYoungGen: 152622K->49229K(190976K)] 363981K->260750K(715264K), 0.0080464 secs] [Times: user=0.08 sys=0.00, real=0.01 secs] 
2016-09-13T19:45:24.900-0400: 285.375: [GC (GCLocker Initiated GC) [PSYoungGen: 173645K->52139K(190464K)] 385184K->271352K(714752K), 0.0152427 secs] [Times: user=0.13 sys=0.00, real=0.01 secs] 
2016-09-13T19:45:25.116-0400: 285.591: [GC (GCLocker Initiated GC) [PSYoungGen: 175019K->30966K(192512K)] 400377K->256380K(716800K), 0.0254009 secs] [Times: user=0.27 sys=0.00, real=0.03 secs] 
2016-09-13T19:45:25.342-0400: 285.817: [GC (GCLocker Initiated GC) [PSYoungGen: 153846K->14297K(190464K)] 385357K->247560K(714752K), 0.0042777 secs] [Times: user=0.02 sys=0.00, real=0.00 secs] 
2016-09-13T19:45:25.516-0400: 285.991: [GC (GCLocker Initiated GC) [PSYoungGen: 136153K->47614K(169472K)] 369441K->285602K(693760K), 0.0325115 secs] [Times: user=0.36 sys=0.00, real=0.03 secs] 
2016-09-13T19:45:25.730-0400: 286.205: [GC (GCLocker Initiated GC) [PSYoungGen: 169470K->46249K(192000K)] 407676K->293698K(716288K), 0.0303640 secs] [Times: user=0.37 sys=0.00, real=0.03 secs] 
2016-09-13T19:45:25.917-0400: 286.392: [GC (GCLocker Initiated GC) [PSYoungGen: 167593K->60042K(181760K)] 416800K->309483K(706048K), 0.0063786 secs] [Times: user=0.08 sys=0.00, real=0.00 secs] 
2016-09-13T19:45:26.111-0400: 286.586: [GC (GCLocker Initiated GC) [PSYoungGen: 181386K->28157K(188416K)] 432449K->279434K(712704K), 0.0178376 secs] [Times: user=0.21 sys=0.00, real=0.02 secs] 
2016-09-13T19:45:26.299-0400: 286.774: [GC (GCLocker Initiated GC) [PSYoungGen: 141821K->49414K(187392K)] 393288K->301091K(711680K), 0.0161824 secs] [Times: user=0.15 sys=0.00, real=0.01 secs] 
2016-09-13T19:45:26.499-0400: 286.975: [GC (GCLocker Initiated GC) [PSYoungGen: 163078K->34004K(185344K)] 426947K->298008K(709632K), 0.0218707 secs] [Times: user=0.21 sys=0.00, real=0.02 secs] 
2016-09-13T19:45:26.698-0400: 287.174: [GC (GCLocker Initiated GC) [PSYoungGen: 148692K->46195K(186368K)] 412710K->322525K(710656K), 0.0073437 secs] [Times: user=0.06 sys=0.00, real=0.00 secs] 
2016-09-13T19:45:26.877-0400: 287.353: [GC (GCLocker Initiated GC) [PSYoungGen: 160883K->41565K(185344K)] 437395K->318254K(709632K), 0.0315815 secs] [Times: user=0.29 sys=0.00, real=0.03 secs] 
2016-09-13T19:45:27.066-0400: 287.541: [GC (GCLocker Initiated GC) [PSYoungGen: 161373K->40014K(187904K)] 438069K->316903K(712192K), 0.0339598 secs] [Times: user=0.35 sys=0.00, real=0.04 secs] 
2016-09-13T19:45:27.274-0400: 287.749: [GC (GCLocker Initiated GC) [PSYoungGen: 159822K->51051K(192512K)] 436918K->328446K(716800K), 0.0101078 secs] [Times: user=0.11 sys=0.00, real=0.01 secs] 
2016-09-13T19:45:27.466-0400: 287.941: [GC (GCLocker Initiated GC) [PSYoungGen: 178027K->47927K(194048K)] 455568K->328708K(718336K), 0.0162375 secs] [Times: user=0.18 sys=0.00, real=0.02 secs] 
2016-09-13T19:45:27.678-0400: 288.153: [GC (GCLocker Initiated GC) [PSYoungGen: 174903K->38841K(191488K)] 457204K->327521K(715776K), 0.0144156 secs] [Times: user=0.16 sys=0.00, real=0.01 secs] 
2016-09-13T19:45:27.879-0400: 288.354: [GC (GCLocker Initiated GC) [PSYoungGen: 167353K->40110K(193536K)] 456245K->329196K(717824K), 0.0232723 secs] [Times: user=0.19 sys=0.00, real=0.02 secs] 
2016-09-13T19:45:28.086-0400: 288.561: [GC (GCLocker Initiated GC) [PSYoungGen: 168622K->41570K(193024K)] 457799K->331031K(717312K), 0.0058219 secs] [Times: user=0.05 sys=0.00, real=0.01 secs] 
2016-09-13T19:45:28.301-0400: 288.776: [GC (GCLocker Initiated GC) [PSYoungGen: 175714K->28003K(195072K)] 477462K->329953K(719360K), 0.0157261 secs] [Times: user=0.15 sys=0.00, real=0.02 secs] 
2016-09-13T19:45:28.537-0400: 289.013: [GC (Allocation Failure) [PSYoungGen: 162147K->23373K(198656K)] 464250K->325548K(722944K), 0.0058509 secs] [Times: user=0.04 sys=0.00, real=0.00 secs] 
2016-09-13T19:45:28.746-0400: 289.221: [GC (GCLocker Initiated GC) [PSYoungGen: 160589K->44666K(199680K)] 462772K->346972K(723968K), 0.0228087 secs] [Times: user=0.26 sys=0.01, real=0.03 secs] 
2016-09-13T19:45:29.009-0400: 289.484: [GC (GCLocker Initiated GC) [PSYoungGen: 181882K->43158K(198144K)] 487423K->348999K(722432K), 0.0185853 secs] [Times: user=0.19 sys=0.00, real=0.01 secs] 
2016-09-13T19:45:29.232-0400: 289.707: [GC (GCLocker Initiated GC) [PSYoungGen: 180886K->58398K(196608K)] 486911K->388908K(720896K), 0.0250602 secs] [Times: user=0.22 sys=0.00, real=0.03 secs] 
2016-09-13T19:45:29.446-0400: 289.921: [GC (GCLocker Initiated GC) [PSYoungGen: 196126K->26537K(195584K)] 532852K->399996K(719872K), 0.0109182 secs] [Times: user=0.10 sys=0.00, real=0.02 secs] 
2016-09-13T19:45:29.648-0400: 290.123: [GC (GCLocker Initiated GC) [PSYoungGen: 156585K->44767K(196096K)] 530157K->418525K(720384K), 0.0089693 secs] [Times: user=0.08 sys=0.00, real=0.01 secs] 
2016-09-13T19:45:29.854-0400: 290.329: [GC (GCLocker Initiated GC) [PSYoungGen: 174815K->41665K(192000K)] 548816K->415880K(716288K), 0.0218073 secs] [Times: user=0.22 sys=0.00, real=0.03 secs] 
2016-09-13T19:45:30.072-0400: 290.548: [GC (GCLocker Initiated GC) [PSYoungGen: 172225K->46314K(194048K)] 546494K->420832K(718336K), 0.0118517 secs] [Times: user=0.14 sys=0.00, real=0.01 secs] 
2016-09-13T19:45:30.287-0400: 290.762: [GC (GCLocker Initiated GC) [PSYoungGen: 176874K->28062K(198144K)] 563847K->415271K(722432K), 0.0130205 secs] [Times: user=0.14 sys=0.00, real=0.02 secs] 
2016-09-13T19:45:30.507-0400: 290.982: [GC (GCLocker Initiated GC) [PSYoungGen: 163742K->43116K(198656K)] 552498K->432042K(722944K), 0.0075632 secs] [Times: user=0.04 sys=0.00, real=0.01 secs] 
2016-09-13T19:45:30.729-0400: 291.204: [GC (GCLocker Initiated GC) [PSYoungGen: 178796K->38555K(196608K)] 567847K->433891K(720896K), 0.0062449 secs] [Times: user=0.05 sys=0.00, real=0.00 secs] 
2016-09-13T19:45:30.965-0400: 291.440: [GC (Allocation Failure) [PSYoungGen: 175771K->26415K(197632K)] 572765K->423574K(721920K), 0.0254770 secs] [Times: user=0.28 sys=0.00, real=0.03 secs] 
2016-09-13T19:45:31.209-0400: 291.685: [GC (GCLocker Initiated GC) [PSYoungGen: 160583K->27806K(201728K)] 563818K->440312K(726016K), 0.0113673 secs] [Times: user=0.12 sys=0.01, real=0.01 secs] 
2016-09-13T19:45:31.469-0400: 291.944: [GC (GCLocker Initiated GC) [PSYoungGen: 169118K->23719K(201728K)] 590954K->445725K(726016K), 0.0052543 secs] [Times: user=0.07 sys=0.00, real=0.00 secs] 
2016-09-13T19:45:31.675-0400: 292.150: [GC (Allocation Failure) [PSYoungGen: 165031K->49441K(196608K)] 587275K->471978K(720896K), 0.0145526 secs] [Times: user=0.18 sys=0.00, real=0.02 secs] 
2016-09-13T19:45:31.889-0400: 292.364: [GC (GCLocker Initiated GC) [PSYoungGen: 184088K->41667K(199168K)] 612699K->479566K(723456K), 0.0079101 secs] [Times: user=0.08 sys=0.00, real=0.01 secs] 
2016-09-13T19:45:32.124-0400: 292.599: [GC (GCLocker Initiated GC) [PSYoungGen: 177859K->50876K(195072K)] 615772K->488893K(719360K), 0.0093581 secs] [Times: user=0.11 sys=0.00, real=0.01 secs] 
2016-09-13T19:45:32.310-0400: 292.785: [GC (GCLocker Initiated GC) [PSYoungGen: 183996K->52585K(185856K)] 622180K->500103K(710144K), 0.0083479 secs] [Times: user=0.10 sys=0.00, real=0.01 secs] 
2016-09-13T19:45:32.546-0400: 293.021: [GC (GCLocker Initiated GC) [PSYoungGen: 185705K->23532K(194560K)] 639300K->477286K(718848K), 0.0127560 secs] [Times: user=0.12 sys=0.01, real=0.02 secs] 
2016-09-13T19:45:32.756-0400: 293.231: [GC (GCLocker Initiated GC) [PSYoungGen: 151532K->11222K(139264K)] 611382K->471324K(663552K), 0.0095353 secs] [Times: user=0.09 sys=0.00, real=0.00 secs] 
2016-09-13T19:45:33.014-0400: 293.489: [GC (GCLocker Initiated GC) [PSYoungGen: 139222K->11317K(190976K)] 611496K->485393K(715264K), 0.0081417 secs] [Times: user=0.06 sys=0.00, real=0.01 secs] 
2016-09-13T19:45:33.196-0400: 293.672: [GC (GCLocker Initiated GC) [PSYoungGen: 133173K->8153K(130048K)] 608790K->493164K(654336K), 0.0205040 secs] [Times: user=0.21 sys=0.01, real=0.02 secs] 
2016-09-13T19:45:33.418-0400: 293.893: [GC (GCLocker Initiated GC) [PSYoungGen: 130009K->27806K(195072K)] 622646K->522166K(719360K), 0.0162245 secs] [Times: user=0.13 sys=0.00, real=0.01 secs] 
2016-09-13T19:45:33.622-0400: 294.097: [GC (GCLocker Initiated GC) [PSYoungGen: 152222K->57046K(181760K)] 646616K->553217K(706048K), 0.0118623 secs] [Times: user=0.14 sys=0.01, real=0.01 secs] 
2016-09-13T19:45:33.813-0400: 294.288: [GC (GCLocker Initiated GC) [PSYoungGen: 181462K->55522K(179712K)] 677716K->559579K(704000K), 0.0086239 secs] [Times: user=0.11 sys=0.00, real=0.01 secs] 
2016-09-13T19:45:33.993-0400: 294.468: [GC (GCLocker Initiated GC) [PSYoungGen: 162018K->21980K(184320K)] 667826K->537172K(708608K), 0.0121459 secs] [Times: user=0.11 sys=0.00, real=0.01 secs] 
2016-09-13T19:45:34.005-0400: 294.480: [Full GC (Ergonomics) [PSYoungGen: 21980K->0K(184320K)] [ParOldGen: 515192K->34135K(524288K)] 537172K->34135K(708608K), [Metaspace: 44738K->44738K(1087488K)], 0.0587222 secs] [Times: user=0.38 sys=0.01, real=0.06 secs] 
2016-09-13T19:45:34.246-0400: 294.721: [GC (Allocation Failure) [PSYoungGen: 106496K->32649K(174080K)] 146803K->72957K(698368K), 0.0105858 secs] [Times: user=0.13 sys=0.00, real=0.02 secs] 
2016-09-13T19:45:34.438-0400: 294.913: [GC (GCLocker Initiated GC) [PSYoungGen: 141193K->43277K(180224K)] 181501K->90030K(704512K), 0.0097440 secs] [Times: user=0.12 sys=0.00, real=0.01 secs] 
2016-09-13T19:45:34.579-0400: 295.055: [GC (GCLocker Initiated GC) [PSYoungGen: 151821K->64512K(176128K)] 198758K->129829K(700416K), 0.0134457 secs] [Times: user=0.17 sys=0.01, real=0.01 secs] 
2016-09-13T19:45:34.700-0400: 295.175: [GC (GCLocker Initiated GC) [PSYoungGen: 168960K->73625K(178176K)] 234408K->169611K(702464K), 0.0119030 secs] [Times: user=0.18 sys=0.00, real=0.01 secs] 
2016-09-13T19:45:34.866-0400: 295.341: [GC (GCLocker Initiated GC) [PSYoungGen: 178073K->35778K(177152K)] 274082K->141077K(701440K), 0.0095220 secs] [Times: user=0.14 sys=0.00, real=0.02 secs] 
2016-09-13T19:45:35.010-0400: 295.486: [GC (GCLocker Initiated GC) [PSYoungGen: 128962K->43397K(136704K)] 234510K->167444K(660992K), 0.0099246 secs] [Times: user=0.13 sys=0.00, real=0.01 secs] 
2016-09-13T19:45:35.138-0400: 295.613: [GC (GCLocker Initiated GC) [PSYoungGen: 136581K->40116K(178176K)] 260850K->164665K(702464K), 0.0297304 secs] [Times: user=0.28 sys=0.00, real=0.02 secs] 
2016-09-13T19:45:35.299-0400: 295.774: [GC (GCLocker Initiated GC) [PSYoungGen: 137396K->69037K(174592K)] 262206K->212274K(698880K), 0.0084962 secs] [Times: user=0.09 sys=0.00, real=0.01 secs] 
2016-09-13T19:45:35.460-0400: 295.936: [GC (GCLocker Initiated GC) [PSYoungGen: 166317K->41629K(181248K)] 309576K->185003K(705536K), 0.0145669 secs] [Times: user=0.15 sys=0.00, real=0.01 secs] 
2016-09-13T19:45:35.636-0400: 296.111: [GC (GCLocker Initiated GC) [PSYoungGen: 139421K->41570K(139776K)] 284436K->192936K(664064K), 0.0130997 secs] [Times: user=0.14 sys=0.00, real=0.01 secs] 
2016-09-13T19:45:35.781-0400: 296.256: [GC (GCLocker Initiated GC) [PSYoungGen: 139362K->21821K(174592K)] 292484K->175046K(698880K), 0.0049926 secs] [Times: user=0.03 sys=0.00, real=0.00 secs] 
2016-09-13T19:45:35.924-0400: 296.399: [GC (GCLocker Initiated GC) [PSYoungGen: 119613K->41762K(175104K)] 273100K->195502K(699392K), 0.0087283 secs] [Times: user=0.11 sys=0.00, real=0.01 secs] 
2016-09-13T19:45:36.104-0400: 296.579: [GC (GCLocker Initiated GC) [PSYoungGen: 139554K->29516K(182784K)] 305463K->195701K(707072K), 0.0099553 secs] [Times: user=0.09 sys=0.00, real=0.01 secs] 
2016-09-13T19:45:36.299-0400: 296.774: [GC (GCLocker Initiated GC) [PSYoungGen: 138572K->29644K(181760K)] 310878K->214349K(706048K), 0.0095185 secs] [Times: user=0.10 sys=0.00, real=0.01 secs] 
2016-09-13T19:46:05.732-0400: 326.207: [GC (Allocation Failure) [PSYoungGen: 138700K->5094K(184320K)] 323407K->189960K(708608K), 0.0197057 secs] [Times: user=0.15 sys=0.01, real=0.02 secs] 
