Java HotSpot(TM) 64-Bit Server VM (25.77-b03) for linux-amd64 JRE (1.8.0_77-b03), built on Mar 20 2016 22:00:46 by "java_re" with gcc 4.3.0 20080428 (Red Hat 4.3.0-8)
Memory: 4k page, physical 264122324k(97708156k free), swap 268399612k(268246068k free)
CommandLine flags: -XX:GCLogFileSize=1048576 -XX:+HeapDumpOnOutOfMemoryError -XX:HeapDumpPath=artifacts/heapdump -XX:InitialHeapSize=805306368 -XX:MaxHeapSize=805306368 -XX:NumberOfGCLogFiles=10 -XX:+PrintGC -XX:+PrintGCDateStamps -XX:+PrintGCDetails -XX:+PrintGCTimeStamps -XX:+UseCompressedClassPointers -XX:+UseCompressedOops -XX:+UseGCLogFileRotation -XX:+UseParallelGC 
2016-09-13T17:39:20.493-0400: 2.196: [GC (Metadata GC Threshold) [PSYoungGen: 117965K->15646K(229376K)] 117965K->15734K(753664K), 0.0280144 secs] [Times: user=0.21 sys=0.03, real=0.03 secs] 
2016-09-13T17:39:20.521-0400: 2.224: [Full GC (Metadata GC Threshold) [PSYoungGen: 15646K->0K(229376K)] [ParOldGen: 88K->14598K(333824K)] 15734K->14598K(563200K), [Metaspace: 21050K->21050K(1067008K)], 0.0456828 secs] [Times: user=0.45 sys=0.01, real=0.04 secs] 
2016-09-13T17:39:30.137-0400: 11.839: [GC (Metadata GC Threshold) [PSYoungGen: 123088K->14680K(229376K)] 137686K->29414K(563200K), 0.0220351 secs] [Times: user=0.19 sys=0.04, real=0.02 secs] 
2016-09-13T17:39:30.159-0400: 11.861: [Full GC (Metadata GC Threshold) [PSYoungGen: 14680K->0K(229376K)] [ParOldGen: 14734K->20211K(524288K)] 29414K->20211K(753664K), [Metaspace: 34918K->34918K(1079296K)], 0.0712271 secs] [Times: user=0.54 sys=0.02, real=0.07 secs] 
2016-09-13T17:39:31.688-0400: 13.391: [GC (GCLocker Initiated GC) [PSYoungGen: 192757K->30349K(229376K)] 219043K->68793K(753664K), 0.0248231 secs] [Times: user=0.37 sys=0.04, real=0.02 secs] 
2016-09-13T17:39:32.158-0400: 13.861: [GC (GCLocker Initiated GC) [PSYoungGen: 226957K->28325K(229376K)] 277901K->91428K(753664K), 0.0190071 secs] [Times: user=0.29 sys=0.04, real=0.02 secs] 
2016-09-13T17:39:32.506-0400: 14.209: [GC (GCLocker Initiated GC) [PSYoungGen: 224933K->30123K(226816K)] 288397K->123970K(751104K), 0.0231655 secs] [Times: user=0.32 sys=0.01, real=0.03 secs] 
2016-09-13T17:39:32.808-0400: 14.510: [GC (GCLocker Initiated GC) [PSYoungGen: 226731K->35224K(213504K)] 322447K->137022K(737792K), 0.0078771 secs] [Times: user=0.11 sys=0.00, real=0.00 secs] 
2016-09-13T17:39:33.123-0400: 14.826: [GC (GCLocker Initiated GC) [PSYoungGen: 213400K->39815K(218112K)] 315467K->147965K(742400K), 0.0194833 secs] [Times: user=0.25 sys=0.00, real=0.02 secs] 
2016-09-13T17:39:33.512-0400: 15.215: [GC (GCLocker Initiated GC) [PSYoungGen: 217991K->41530K(204800K)] 326167K->153184K(729088K), 0.0114797 secs] [Times: user=0.13 sys=0.00, real=0.01 secs] 
2016-09-13T17:39:33.904-0400: 15.607: [GC (GCLocker Initiated GC) [PSYoungGen: 202298K->47034K(207872K)] 314156K->159735K(732160K), 0.0169901 secs] [Times: user=0.18 sys=0.00, real=0.02 secs] 
2016-09-13T17:39:34.280-0400: 15.983: [GC (GCLocker Initiated GC) [PSYoungGen: 207802K->19763K(205824K)] 326579K->153001K(730112K), 0.0134618 secs] [Times: user=0.18 sys=0.00, real=0.01 secs] 
2016-09-13T17:39:34.598-0400: 16.300: [GC (GCLocker Initiated GC) [PSYoungGen: 171315K->19086K(206848K)] 304575K->153455K(731136K), 0.0186818 secs] [Times: user=0.24 sys=0.02, real=0.02 secs] 
2016-09-13T17:39:34.931-0400: 16.634: [GC (GCLocker Initiated GC) [PSYoungGen: 170638K->49277K(197632K)] 306865K->199495K(721920K), 0.0255900 secs] [Times: user=0.36 sys=0.01, real=0.03 secs] 
2016-09-13T17:39:35.253-0400: 16.955: [GC (GCLocker Initiated GC) [PSYoungGen: 192637K->31079K(202752K)] 343216K->181991K(727040K), 0.0132281 secs] [Times: user=0.14 sys=0.00, real=0.01 secs] 
2016-09-13T17:39:35.583-0400: 17.286: [GC (Allocation Failure) [PSYoungGen: 174439K->19030K(199168K)] 325633K->170712K(723456K), 0.0180447 secs] [Times: user=0.24 sys=0.00, real=0.02 secs] 
2016-09-13T17:39:35.902-0400: 17.605: [GC (GCLocker Initiated GC) [PSYoungGen: 163595K->41753K(202240K)] 321352K->199915K(726528K), 0.0101537 secs] [Times: user=0.10 sys=0.01, real=0.01 secs] 
2016-09-13T17:39:36.279-0400: 17.982: [GC (GCLocker Initiated GC) [PSYoungGen: 187673K->37427K(204288K)] 347722K->197815K(728576K), 0.0126448 secs] [Times: user=0.14 sys=0.00, real=0.01 secs] 
2016-09-13T17:39:36.550-0400: 18.253: [GC (GCLocker Initiated GC) [PSYoungGen: 183859K->52866K(199680K)] 344431K->226001K(723968K), 0.0083870 secs] [Times: user=0.10 sys=0.02, real=0.01 secs] 
2016-09-13T17:39:36.693-0400: 18.396: [GC (GCLocker Initiated GC) [PSYoungGen: 199298K->60019K(185344K)] 378654K->239996K(709632K), 0.0079338 secs] [Times: user=0.09 sys=0.01, real=0.01 secs] 
2016-09-13T17:39:36.859-0400: 18.562: [GC (GCLocker Initiated GC) [PSYoungGen: 182899K->34346K(192512K)] 369035K->228313K(716800K), 0.0116112 secs] [Times: user=0.14 sys=0.00, real=0.01 secs] 
2016-09-13T17:39:37.044-0400: 18.747: [GC (GCLocker Initiated GC) [PSYoungGen: 157226K->47996K(192512K)] 351293K->251613K(716800K), 0.0070658 secs] [Times: user=0.09 sys=0.01, real=0.01 secs] 
2016-09-13T17:39:37.207-0400: 18.910: [GC (GCLocker Initiated GC) [PSYoungGen: 173948K->66222K(192512K)] 379210K->277859K(716800K), 0.0098590 secs] [Times: user=0.13 sys=0.00, real=0.02 secs] 
2016-09-13T17:39:37.372-0400: 19.075: [GC (GCLocker Initiated GC) [PSYoungGen: 192174K->44954K(184320K)] 404054K->267719K(708608K), 0.0075355 secs] [Times: user=0.10 sys=0.00, real=0.01 secs] 
2016-09-13T17:39:37.513-0400: 19.215: [GC (GCLocker Initiated GC) [PSYoungGen: 159642K->52489K(167424K)] 382554K->275767K(691712K), 0.0117951 secs] [Times: user=0.18 sys=0.00, real=0.01 secs] 
2016-09-13T17:39:37.684-0400: 19.386: [GC (GCLocker Initiated GC) [PSYoungGen: 167177K->41980K(190464K)] 392134K->267246K(714752K), 0.0071886 secs] [Times: user=0.10 sys=0.01, real=0.01 secs] 
2016-09-13T17:39:37.847-0400: 19.550: [GC (GCLocker Initiated GC) [PSYoungGen: 157180K->11545K(186880K)] 397847K->252595K(711168K), 0.0034649 secs] [Times: user=0.03 sys=0.01, real=0.01 secs] 
2016-09-13T17:39:38.010-0400: 19.712: [GC (Allocation Failure) [PSYoungGen: 126745K->5404K(183296K)] 375492K->260487K(707584K), 0.0071083 secs] [Times: user=0.07 sys=0.02, real=0.01 secs] 
2016-09-13T17:39:38.147-0400: 19.849: [GC (GCLocker Initiated GC) [PSYoungGen: 114972K->50939K(160768K)] 370057K->306329K(685056K), 0.0062975 secs] [Times: user=0.08 sys=0.00, real=0.01 secs] 
2016-09-13T17:39:38.299-0400: 20.002: [GC (GCLocker Initiated GC) [PSYoungGen: 160507K->38406K(187904K)] 415922K->294010K(712192K), 0.0215862 secs] [Times: user=0.27 sys=0.00, real=0.02 secs] 
2016-09-13T17:39:38.466-0400: 20.169: [GC (Allocation Failure) [PSYoungGen: 148486K->37392K(147968K)] 410187K->302360K(672256K), 0.0076513 secs] [Times: user=0.06 sys=0.02, real=0.01 secs] 
2016-09-13T17:39:38.606-0400: 20.309: [GC (GCLocker Initiated GC) [PSYoungGen: 147472K->52426K(178176K)] 412444K->326980K(702464K), 0.0082373 secs] [Times: user=0.07 sys=0.05, real=0.01 secs] 
2016-09-13T17:39:38.752-0400: 20.454: [GC (GCLocker Initiated GC) [PSYoungGen: 159946K->26479K(180736K)] 443661K->310375K(705024K), 0.0059584 secs] [Times: user=0.05 sys=0.00, real=0.01 secs] 
2016-09-13T17:39:38.898-0400: 20.601: [GC (GCLocker Initiated GC) [PSYoungGen: 133999K->67454K(175104K)] 417946K->351614K(699392K), 0.0086078 secs] [Times: user=0.08 sys=0.00, real=0.00 secs] 
2016-09-13T17:39:39.054-0400: 20.757: [GC (Allocation Failure) [PSYoungGen: 170878K->28094K(182784K)] 461508K->326570K(707072K), 0.0091199 secs] [Times: user=0.09 sys=0.03, real=0.01 secs] 
2016-09-13T17:39:39.182-0400: 20.884: [GC (Allocation Failure) [PSYoungGen: 131343K->27961K(177152K)] 429820K->326698K(701440K), 0.0059473 secs] [Times: user=0.03 sys=0.00, real=0.01 secs] 
2016-09-13T17:39:39.308-0400: 21.011: [GC (GCLocker Initiated GC) [PSYoungGen: 132921K->46227K(180736K)] 431661K->345231K(705024K), 0.0094193 secs] [Times: user=0.09 sys=0.00, real=0.01 secs] 
2016-09-13T17:39:39.474-0400: 21.177: [GC (GCLocker Initiated GC) [PSYoungGen: 151187K->50870K(185344K)] 450291K->350175K(709632K), 0.0109076 secs] [Times: user=0.12 sys=0.00, real=0.01 secs] 
2016-09-13T17:39:39.630-0400: 21.333: [GC (GCLocker Initiated GC) [PSYoungGen: 161462K->53823K(164864K)] 460801K->362562K(689152K), 0.0076307 secs] [Times: user=0.07 sys=0.03, real=0.01 secs] 
2016-09-13T17:39:39.794-0400: 21.497: [GC (GCLocker Initiated GC) [PSYoungGen: 164415K->26697K(185856K)] 474700K->349303K(710144K), 0.0073823 secs] [Times: user=0.05 sys=0.04, real=0.01 secs] 
2016-09-13T17:39:39.905-0400: 21.608: [GC (GCLocker Initiated GC) [PSYoungGen: 135241K->46287K(155136K)] 459388K->372358K(679424K), 0.0090158 secs] [Times: user=0.11 sys=0.00, real=0.01 secs] 
2016-09-13T17:39:40.085-0400: 21.787: [GC (GCLocker Initiated GC) [PSYoungGen: 154831K->32682K(186368K)] 482602K->360786K(710656K), 0.0099938 secs] [Times: user=0.14 sys=0.00, real=0.01 secs] 
2016-09-13T17:39:40.223-0400: 21.926: [GC (Allocation Failure) [PSYoungGen: 143786K->50838K(183808K)] 471990K->379296K(708096K), 0.0074405 secs] [Times: user=0.08 sys=0.01, real=0.01 secs] 
2016-09-13T17:39:40.364-0400: 22.066: [GC (GCLocker Initiated GC) [PSYoungGen: 156045K->32651K(186880K)] 490577K->379637K(711168K), 0.0074252 secs] [Times: user=0.09 sys=0.00, real=0.01 secs] 
2016-09-13T17:39:40.507-0400: 22.210: [GC (Allocation Failure) [PSYoungGen: 148363K->41826K(187392K)] 500174K->393874K(711680K), 0.0071207 secs] [Times: user=0.10 sys=0.00, real=0.01 secs] 
2016-09-13T17:39:40.693-0400: 22.395: [GC (GCLocker Initiated GC) [PSYoungGen: 157538K->43181K(188928K)] 509589K->395421K(713216K), 0.0094959 secs] [Times: user=0.09 sys=0.00, real=0.01 secs] 
2016-09-13T17:39:40.860-0400: 22.563: [GC (GCLocker Initiated GC) [PSYoungGen: 164013K->10022K(188416K)] 530159K->376424K(712704K), 0.0059006 secs] [Times: user=0.05 sys=0.00, real=0.00 secs] 
2016-09-13T17:39:41.020-0400: 22.722: [GC (Allocation Failure) [PSYoungGen: 130854K->34106K(192000K)] 497279K->400905K(716288K), 0.0127221 secs] [Times: user=0.18 sys=0.00, real=0.01 secs] 
2016-09-13T17:39:41.190-0400: 22.893: [GC (GCLocker Initiated GC) [PSYoungGen: 157408K->55368K(180224K)] 525726K->433051K(704512K), 0.0100655 secs] [Times: user=0.11 sys=0.01, real=0.01 secs] 
2016-09-13T17:39:41.343-0400: 23.045: [GC (Allocation Failure) [PSYoungGen: 179784K->53972K(185856K)] 557495K->431936K(710144K), 0.0067815 secs] [Times: user=0.07 sys=0.02, real=0.01 secs] 
2016-09-13T17:39:41.495-0400: 23.197: [GC (GCLocker Initiated GC) [PSYoungGen: 168473K->66063K(181248K)] 547956K->453436K(705536K), 0.0109526 secs] [Times: user=0.10 sys=0.03, real=0.01 secs] 
2016-09-13T17:39:41.655-0400: 23.358: [GC (GCLocker Initiated GC) [PSYoungGen: 180751K->46504K(184832K)] 569826K->435833K(709120K), 0.0065336 secs] [Times: user=0.08 sys=0.01, real=0.01 secs] 
2016-09-13T17:39:41.806-0400: 23.509: [GC (GCLocker Initiated GC) [PSYoungGen: 151464K->41826K(146944K)] 544034K->434747K(671232K), 0.0062410 secs] [Times: user=0.07 sys=0.00, real=0.01 secs] 
2016-09-13T17:39:41.947-0400: 23.649: [GC (GCLocker Initiated GC) [PSYoungGen: 146786K->32587K(180224K)] 546089K->432119K(704512K), 0.0113260 secs] [Times: user=0.12 sys=0.02, real=0.02 secs] 
2016-09-13T17:39:42.102-0400: 23.805: [GC (GCLocker Initiated GC) [PSYoungGen: 138571K->53976K(179200K)] 544253K->459903K(703488K), 0.0069082 secs] [Times: user=0.06 sys=0.00, real=0.01 secs] 
2016-09-13T17:39:42.258-0400: 23.961: [GC (GCLocker Initiated GC) [PSYoungGen: 159960K->60051K(181760K)] 567552K->474051K(706048K), 0.0086308 secs] [Times: user=0.09 sys=0.03, real=0.00 secs] 
2016-09-13T17:39:42.403-0400: 24.105: [GC (GCLocker Initiated GC) [PSYoungGen: 167571K->37328K(184832K)] 581790K->451863K(709120K), 0.0055330 secs] [Times: user=0.08 sys=0.00, real=0.01 secs] 
2016-09-13T17:39:42.544-0400: 24.246: [GC (GCLocker Initiated GC) [PSYoungGen: 144848K->73725K(170496K)] 559475K->506912K(694784K), 0.0099780 secs] [Times: user=0.13 sys=0.01, real=0.01 secs] 
2016-09-13T17:39:42.669-0400: 24.372: [GC (GCLocker Initiated GC) [PSYoungGen: 168957K->34292K(178688K)] 608334K->540768K(702976K), 0.0116563 secs] [Times: user=0.15 sys=0.02, real=0.01 secs] 
2016-09-13T17:39:42.681-0400: 24.384: [Full GC (Ergonomics) [PSYoungGen: 34292K->0K(178688K)] [ParOldGen: 506475K->38199K(524288K)] 540768K->38199K(702976K), [Metaspace: 44106K->44106K(1087488K)], 0.1820526 secs] [Times: user=2.35 sys=0.07, real=0.18 secs] 
2016-09-13T17:39:42.968-0400: 24.671: [GC (GCLocker Initiated GC) [PSYoungGen: 95232K->52617K(175104K)] 141147K->98533K(699392K), 0.0063953 secs] [Times: user=0.06 sys=0.00, real=0.00 secs] 
2016-09-13T17:39:43.081-0400: 24.784: [GC (GCLocker Initiated GC) [PSYoungGen: 149385K->44864K(177664K)] 196895K->118695K(701952K), 0.0076086 secs] [Times: user=0.08 sys=0.01, real=0.01 secs] 
2016-09-13T17:39:43.196-0400: 24.899: [GC (GCLocker Initiated GC) [PSYoungGen: 141632K->43377K(176640K)] 221676K->134361K(700928K), 0.0064508 secs] [Times: user=0.08 sys=0.00, real=0.00 secs] 
2016-09-13T17:39:43.303-0400: 25.006: [GC (GCLocker Initiated GC) [PSYoungGen: 146801K->35779K(178688K)] 250022K->169705K(702976K), 0.0082280 secs] [Times: user=0.11 sys=0.01, real=0.01 secs] 
2016-09-13T17:39:43.450-0400: 25.153: [GC (GCLocker Initiated GC) [PSYoungGen: 139203K->32746K(183808K)] 274800K->180805K(708096K), 0.0108163 secs] [Times: user=0.14 sys=0.00, real=0.01 secs] 
2016-09-13T17:39:43.656-0400: 25.358: [GC (GCLocker Initiated GC) [PSYoungGen: 145386K->28089K(185856K)] 299595K->182442K(710144K), 0.0060851 secs] [Times: user=0.08 sys=0.00, real=0.00 secs] 
2016-09-13T17:39:43.843-0400: 25.546: [GC (GCLocker Initiated GC) [PSYoungGen: 140729K->26473K(187904K)] 295104K->181028K(712192K), 0.0136872 secs] [Times: user=0.13 sys=0.01, real=0.02 secs] 
2016-09-13T17:39:44.016-0400: 25.718: [GC (GCLocker Initiated GC) [PSYoungGen: 142185K->17708K(188416K)] 302902K->180200K(712704K), 0.0074622 secs] [Times: user=0.06 sys=0.00, real=0.00 secs] 
2016-09-13T17:39:50.247-0400: 31.950: [GC (GCLocker Initiated GC) [PSYoungGen: 133420K->33978K(184832K)] 295936K->207417K(709120K), 0.0279661 secs] [Times: user=0.27 sys=0.00, real=0.03 secs] 
2016-09-13T17:39:50.542-0400: 32.245: [GC (GCLocker Initiated GC) [PSYoungGen: 150202K->28216K(186880K)] 329928K->217191K(711168K), 0.0070605 secs] [Times: user=0.06 sys=0.01, real=0.01 secs] 
2016-09-13T17:39:50.682-0400: 32.384: [GC (GCLocker Initiated GC) [PSYoungGen: 144440K->67614K(176640K)] 333446K->305536K(700928K), 0.0110917 secs] [Times: user=0.14 sys=0.00, real=0.01 secs] 
2016-09-13T17:39:50.809-0400: 32.511: [GC (GCLocker Initiated GC) [PSYoungGen: 175134K->48145K(184832K)] 414747K->333590K(709120K), 0.0097307 secs] [Times: user=0.13 sys=0.00, real=0.01 secs] 
2016-09-13T17:39:50.944-0400: 32.647: [GC (GCLocker Initiated GC) [PSYoungGen: 155665K->70873K(170496K)] 441214K->417591K(694784K), 0.0113257 secs] [Times: user=0.17 sys=0.00, real=0.02 secs] 
2016-09-13T17:39:51.062-0400: 32.764: [GC (GCLocker Initiated GC) [PSYoungGen: 165081K->61602K(156160K)] 513480K->467929K(680448K), 0.0124365 secs] [Times: user=0.16 sys=0.00, real=0.01 secs] 
2016-09-13T17:39:51.181-0400: 32.883: [GC (GCLocker Initiated GC) [PSYoungGen: 155810K->45049K(179712K)] 569859K->503387K(704000K), 0.0094924 secs] [Times: user=0.12 sys=0.00, real=0.01 secs] 
2016-09-13T17:39:51.190-0400: 32.893: [Full GC (Ergonomics) [PSYoungGen: 45049K->0K(179712K)] [ParOldGen: 458337K->39837K(524288K)] 503387K->39837K(704000K), [Metaspace: 44141K->44141K(1087488K)], 0.0638903 secs] [Times: user=0.38 sys=0.02, real=0.06 secs] 
2016-09-13T17:39:51.382-0400: 33.085: [GC (GCLocker Initiated GC) [PSYoungGen: 93184K->64952K(175616K)] 145350K->117118K(699904K), 0.0080637 secs] [Times: user=0.12 sys=0.00, real=0.01 secs] 
2016-09-13T17:39:51.509-0400: 33.211: [GC (GCLocker Initiated GC) [PSYoungGen: 158136K->69010K(174080K)] 210509K->172051K(698368K), 0.0109629 secs] [Times: user=0.17 sys=0.00, real=0.01 secs] 
2016-09-13T17:39:51.634-0400: 33.337: [GC (GCLocker Initiated GC) [PSYoungGen: 157074K->69223K(175104K)] 260136K->201300K(699392K), 0.0086051 secs] [Times: user=0.12 sys=0.00, real=0.01 secs] 
2016-09-13T17:39:51.770-0400: 33.473: [GC (GCLocker Initiated GC) [PSYoungGen: 157287K->51002K(175104K)] 289545K->201781K(699392K), 0.0098077 secs] [Times: user=0.14 sys=0.00, real=0.01 secs] 
2016-09-13T17:39:51.877-0400: 33.580: [GC (GCLocker Initiated GC) [PSYoungGen: 139066K->67581K(175104K)] 289900K->256646K(699392K), 0.0110463 secs] [Times: user=0.17 sys=0.00, real=0.01 secs] 
2016-09-13T17:39:52.006-0400: 33.708: [GC (GCLocker Initiated GC) [PSYoungGen: 155645K->43499K(175104K)] 344911K->257243K(699392K), 0.0092687 secs] [Times: user=0.09 sys=0.00, real=0.01 secs] 
2016-09-13T17:39:52.129-0400: 33.832: [GC (GCLocker Initiated GC) [PSYoungGen: 131563K->84324K(175104K)] 345525K->316901K(699392K), 0.0111859 secs] [Times: user=0.16 sys=0.00, real=0.01 secs] 
2016-09-13T17:39:52.258-0400: 33.961: [GC (GCLocker Initiated GC) [PSYoungGen: 172388K->66185K(175104K)] 408077K->343209K(699392K), 0.0104421 secs] [Times: user=0.12 sys=0.00, real=0.01 secs] 
2016-09-13T17:39:52.364-0400: 34.067: [GC (GCLocker Initiated GC) [PSYoungGen: 154249K->73714K(175104K)] 431493K->369448K(699392K), 0.0094487 secs] [Times: user=0.12 sys=0.00, real=0.01 secs] 
2016-09-13T17:39:52.493-0400: 34.195: [GC (GCLocker Initiated GC) [PSYoungGen: 161778K->67672K(175104K)] 457538K->381903K(699392K), 0.0104909 secs] [Times: user=0.14 sys=0.01, real=0.01 secs] 
2016-09-13T17:39:52.632-0400: 34.334: [GC (GCLocker Initiated GC) [PSYoungGen: 155736K->65903K(175104K)] 470319K->383808K(699392K), 0.0195549 secs] [Times: user=0.23 sys=0.01, real=0.02 secs] 
2016-09-13T17:39:52.755-0400: 34.457: [GC (GCLocker Initiated GC) [PSYoungGen: 153967K->44831K(175104K)] 473458K->370516K(699392K), 0.0072125 secs] [Times: user=0.08 sys=0.00, real=0.01 secs] 
2016-09-13T17:39:52.889-0400: 34.591: [GC (GCLocker Initiated GC) [PSYoungGen: 132895K->40238K(175104K)] 458656K->384402K(699392K), 0.0188639 secs] [Times: user=0.21 sys=0.01, real=0.01 secs] 
2016-09-13T17:39:53.045-0400: 34.748: [GC (GCLocker Initiated GC) [PSYoungGen: 128302K->56891K(175104K)] 472578K->406024K(699392K), 0.0070212 secs] [Times: user=0.08 sys=0.01, real=0.01 secs] 
2016-09-13T17:39:53.172-0400: 34.875: [GC (GCLocker Initiated GC) [PSYoungGen: 144955K->52511K(175104K)] 494150K->405016K(699392K), 0.0078906 secs] [Times: user=0.10 sys=0.01, real=0.01 secs] 
2016-09-13T17:39:53.314-0400: 35.017: [GC (GCLocker Initiated GC) [PSYoungGen: 140575K->52331K(174080K)] 493112K->412777K(698368K), 0.0076508 secs] [Times: user=0.09 sys=0.00, real=0.01 secs] 
2016-09-13T17:39:53.462-0400: 35.164: [GC (Allocation Failure) [PSYoungGen: 140395K->10076K(174592K)] 513178K->393635K(698880K), 0.0102031 secs] [Times: user=0.13 sys=0.00, real=0.01 secs] 
2016-09-13T17:39:53.472-0400: 35.175: [GC (GCLocker Initiated GC) [PSYoungGen: 10085K->32K(175104K)] 393643K->393262K(699392K), 0.0034552 secs] [Times: user=0.03 sys=0.00, real=0.01 secs] 
2016-09-13T17:39:53.604-0400: 35.306: [GC (GCLocker Initiated GC) [PSYoungGen: 88096K->69104K(175104K)] 481328K->462337K(699392K), 0.0101998 secs] [Times: user=0.09 sys=0.01, real=0.01 secs] 
2016-09-13T17:39:53.749-0400: 35.451: [GC (GCLocker Initiated GC) [PSYoungGen: 157168K->44858K(175104K)] 550430K->462741K(699392K), 0.0122194 secs] [Times: user=0.13 sys=0.00, real=0.01 secs] 
2016-09-13T17:39:53.898-0400: 35.601: [GC (Allocation Failure) [PSYoungGen: 132922K->28024K(175104K)] 559942K->484078K(699392K), 0.0082128 secs] [Times: user=0.08 sys=0.00, real=0.00 secs] 
2016-09-13T17:39:54.049-0400: 35.751: [GC (GCLocker Initiated GC) [PSYoungGen: 116088K->32767K(175104K)] 572146K->496668K(699392K), 0.0062905 secs] [Times: user=0.07 sys=0.01, real=0.00 secs] 
2016-09-13T17:39:54.198-0400: 35.901: [GC (GCLocker Initiated GC) [PSYoungGen: 120831K->30976K(175104K)] 586410K->496785K(699392K), 0.0241623 secs] [Times: user=0.29 sys=0.00, real=0.02 secs] 
2016-09-13T17:39:54.357-0400: 36.060: [GC (GCLocker Initiated GC) [PSYoungGen: 119040K->46346K(172032K)] 586582K->524702K(696320K), 0.0079991 secs] [Times: user=0.09 sys=0.01, real=0.00 secs] 
2016-09-13T17:39:54.501-0400: 36.204: [GC (GCLocker Initiated GC) [PSYoungGen: 134410K->67645K(173568K)] 612992K->546414K(697856K), 0.0100475 secs] [Times: user=0.14 sys=0.00, real=0.01 secs] 
2016-09-13T17:39:54.651-0400: 36.354: [Full GC (Ergonomics) [PSYoungGen: 155709K->0K(173568K)] [ParOldGen: 486538K->38348K(524288K)] 642247K->38348K(697856K), [Metaspace: 44268K->44268K(1087488K)], 0.0508388 secs] [Times: user=0.32 sys=0.01, real=0.05 secs] 
2016-09-13T17:39:54.814-0400: 36.517: [GC (GCLocker Initiated GC) [PSYoungGen: 88064K->85997K(175104K)] 128162K->132171K(699392K), 0.0105467 secs] [Times: user=0.16 sys=0.00, real=0.01 secs] 
2016-09-13T17:39:54.933-0400: 36.636: [GC (GCLocker Initiated GC) [PSYoungGen: 174061K->63216K(175104K)] 223314K->137244K(699392K), 0.0090605 secs] [Times: user=0.12 sys=0.00, real=0.01 secs] 
2016-09-13T17:39:55.075-0400: 36.778: [GC (GCLocker Initiated GC) [PSYoungGen: 151280K->46378K(175104K)] 225363K->138935K(699392K), 0.0073335 secs] [Times: user=0.08 sys=0.01, real=0.01 secs] 
2016-09-13T17:39:55.225-0400: 36.928: [GC (GCLocker Initiated GC) [PSYoungGen: 134442K->41853K(175104K)] 228697K->136395K(699392K), 0.0108392 secs] [Times: user=0.13 sys=0.00, real=0.02 secs] 
2016-09-13T17:39:55.359-0400: 37.062: [GC (GCLocker Initiated GC) [PSYoungGen: 129917K->55309K(175104K)] 224496K->150130K(699392K), 0.0080791 secs] [Times: user=0.08 sys=0.00, real=0.00 secs] 
2016-09-13T17:39:55.515-0400: 37.218: [GC (GCLocker Initiated GC) [PSYoungGen: 143373K->25077K(175104K)] 244489K->153669K(699392K), 0.0112518 secs] [Times: user=0.13 sys=0.00, real=0.01 secs] 
2016-09-13T17:39:55.668-0400: 37.371: [GC (GCLocker Initiated GC) [PSYoungGen: 113141K->14665K(175104K)] 254151K->156049K(699392K), 0.0098081 secs] [Times: user=0.12 sys=0.00, real=0.01 secs] 
2016-09-13T17:39:55.821-0400: 37.523: [GC (GCLocker Initiated GC) [PSYoungGen: 102729K->52421K(175104K)] 244273K->195792K(699392K), 0.0105267 secs] [Times: user=0.13 sys=0.00, real=0.01 secs] 
2016-09-13T17:39:55.973-0400: 37.676: [GC (GCLocker Initiated GC) [PSYoungGen: 140485K->27971K(175104K)] 286928K->185298K(699392K), 0.0069978 secs] [Times: user=0.08 sys=0.00, real=0.01 secs] 
2016-09-13T17:39:56.116-0400: 37.819: [GC (GCLocker Initiated GC) [PSYoungGen: 116035K->5242K(175104K)] 280978K->170336K(699392K), 0.0067346 secs] [Times: user=0.04 sys=0.00, real=0.00 secs] 
2016-09-13T17:39:56.263-0400: 37.966: [GC (Allocation Failure) [PSYoungGen: 93306K->28023K(175104K)] 264907K->200030K(699392K), 0.0142692 secs] [Times: user=0.19 sys=0.00, real=0.02 secs] 
2016-09-13T17:39:56.402-0400: 38.105: [GC (GCLocker Initiated GC) [PSYoungGen: 110597K->32528K(120832K)] 288679K->215412K(645120K), 0.0077147 secs] [Times: user=0.12 sys=0.00, real=0.01 secs] 
2016-09-13T17:39:56.548-0400: 38.251: [GC (GCLocker Initiated GC) [PSYoungGen: 120592K->47800K(173568K)] 303538K->230893K(697856K), 0.0076219 secs] [Times: user=0.07 sys=0.00, real=0.01 secs] 
2016-09-13T17:39:56.695-0400: 38.398: [GC (GCLocker Initiated GC) [PSYoungGen: 136888K->49415K(172544K)] 320028K->254059K(696832K), 0.0111435 secs] [Times: user=0.11 sys=0.01, real=0.01 secs] 
2016-09-13T17:39:56.839-0400: 38.542: [GC (GCLocker Initiated GC) [PSYoungGen: 138503K->31031K(174080K)] 343208K->239007K(698368K), 0.0074986 secs] [Times: user=0.08 sys=0.01, real=0.00 secs] 
2016-09-13T17:39:57.015-0400: 38.717: [GC (Allocation Failure) [PSYoungGen: 126775K->9927K(175616K)] 347015K->230545K(699904K), 0.0083668 secs] [Times: user=0.08 sys=0.00, real=0.01 secs] 
2016-09-13T17:39:57.175-0400: 38.878: [GC (GCLocker Initiated GC) [PSYoungGen: 105671K->37206K(175104K)] 326293K->258070K(699392K), 0.0076377 secs] [Times: user=0.08 sys=0.01, real=0.01 secs] 
2016-09-13T17:39:57.337-0400: 39.040: [GC (GCLocker Initiated GC) [PSYoungGen: 138582K->41571K(178176K)] 361315K->264400K(702464K), 0.0108173 secs] [Times: user=0.12 sys=0.00, real=0.01 secs] 
2016-09-13T17:39:57.500-0400: 39.203: [GC (GCLocker Initiated GC) [PSYoungGen: 142947K->28056K(180224K)] 373379K->258611K(704512K), 0.0247550 secs] [Times: user=0.28 sys=0.01, real=0.02 secs] 
2016-09-13T17:39:57.686-0400: 39.389: [GC (GCLocker Initiated GC) [PSYoungGen: 138648K->52293K(183296K)] 369309K->283172K(707584K), 0.0284286 secs] [Times: user=0.34 sys=0.00, real=0.03 secs] 
2016-09-13T17:39:57.885-0400: 39.588: [GC (GCLocker Initiated GC) [PSYoungGen: 162885K->61442K(177152K)] 393766K->301657K(701440K), 0.0112821 secs] [Times: user=0.09 sys=0.00, real=0.02 secs] 
2016-09-13T17:39:58.049-0400: 39.751: [GC (GCLocker Initiated GC) [PSYoungGen: 163842K->31030K(182272K)] 404168K->271549K(706560K), 0.0186614 secs] [Times: user=0.18 sys=0.01, real=0.01 secs] 
2016-09-13T17:39:58.225-0400: 39.927: [GC (GCLocker Initiated GC) [PSYoungGen: 133430K->29611K(175616K)] 375490K->271957K(699904K), 0.0076565 secs] [Times: user=0.06 sys=0.00, real=0.01 secs] 
2016-09-13T17:39:58.372-0400: 40.075: [GC (GCLocker Initiated GC) [PSYoungGen: 134571K->50987K(180224K)] 378529K->301341K(704512K), 0.0083144 secs] [Times: user=0.08 sys=0.00, real=0.01 secs] 
2016-09-13T17:39:58.515-0400: 40.217: [GC (GCLocker Initiated GC) [PSYoungGen: 155947K->46320K(185856K)] 407842K->298448K(710144K), 0.0107176 secs] [Times: user=0.09 sys=0.01, real=0.01 secs] 
2016-09-13T17:39:58.713-0400: 40.416: [GC (GCLocker Initiated GC) [PSYoungGen: 156912K->46276K(185856K)] 416879K->306390K(710144K), 0.0163952 secs] [Times: user=0.15 sys=0.00, real=0.02 secs] 
2016-09-13T17:39:58.902-0400: 40.605: [GC (GCLocker Initiated GC) [PSYoungGen: 156868K->47832K(185856K)] 423199K->314380K(710144K), 0.0200334 secs] [Times: user=0.22 sys=0.00, real=0.02 secs] 
2016-09-13T17:39:59.107-0400: 40.809: [GC (GCLocker Initiated GC) [PSYoungGen: 160472K->44731K(185856K)] 434630K->318988K(710144K), 0.0240221 secs] [Times: user=0.26 sys=0.01, real=0.03 secs] 
2016-09-13T17:39:59.316-0400: 41.018: [GC (GCLocker Initiated GC) [PSYoungGen: 157371K->28184K(187904K)] 440956K->313450K(712192K), 0.0064743 secs] [Times: user=0.06 sys=0.00, real=0.00 secs] 
2016-09-13T17:39:59.514-0400: 41.216: [GC (GCLocker Initiated GC) [PSYoungGen: 144920K->52395K(187392K)] 430287K->344102K(711680K), 0.0221789 secs] [Times: user=0.27 sys=0.00, real=0.03 secs] 
2016-09-13T17:39:59.732-0400: 41.435: [GC (GCLocker Initiated GC) [PSYoungGen: 169131K->29826K(190464K)] 466930K->341390K(714752K), 0.0118121 secs] [Times: user=0.11 sys=0.00, real=0.01 secs] 
2016-09-13T17:39:59.912-0400: 41.615: [GC (GCLocker Initiated GC) [PSYoungGen: 148610K->55303K(174592K)] 460338K->368885K(698880K), 0.0297580 secs] [Times: user=0.30 sys=0.00, real=0.03 secs] 
2016-09-13T17:40:00.092-0400: 41.795: [GC (GCLocker Initiated GC) [PSYoungGen: 174087K->46217K(189952K)] 487769K->369312K(714240K), 0.0171875 secs] [Times: user=0.23 sys=0.01, real=0.02 secs] 
2016-09-13T17:40:00.298-0400: 42.001: [GC (GCLocker Initiated GC) [PSYoungGen: 162441K->59860K(176128K)] 485634K->383196K(700416K), 0.0101692 secs] [Times: user=0.10 sys=0.01, real=0.01 secs] 
2016-09-13T17:40:00.456-0400: 42.159: [GC (GCLocker Initiated GC) [PSYoungGen: 176084K->46309K(188928K)] 499445K->369734K(713216K), 0.0067392 secs] [Times: user=0.08 sys=0.00, real=0.00 secs] 
2016-09-13T17:40:00.631-0400: 42.334: [GC (GCLocker Initiated GC) [PSYoungGen: 159461K->37270K(150528K)] 483070K->376254K(674816K), 0.0211001 secs] [Times: user=0.26 sys=0.00, real=0.02 secs] 
2016-09-13T17:40:00.837-0400: 42.539: [GC (GCLocker Initiated GC) [PSYoungGen: 150422K->49606K(185344K)] 490944K->390423K(709632K), 0.0152292 secs] [Times: user=0.17 sys=0.00, real=0.01 secs] 
2016-09-13T17:40:01.030-0400: 42.733: [GC (Allocation Failure) [PSYoungGen: 163270K->41725K(184832K)] 505781K->393669K(709120K), 0.0101279 secs] [Times: user=0.08 sys=0.01, real=0.01 secs] 
2016-09-13T17:40:01.203-0400: 42.906: [GC (GCLocker Initiated GC) [PSYoungGen: 154414K->28055K(187392K)] 512434K->386292K(711680K), 0.0227550 secs] [Times: user=0.22 sys=0.01, real=0.02 secs] 
2016-09-13T17:40:01.418-0400: 43.121: [GC (GCLocker Initiated GC) [PSYoungGen: 146839K->28030K(187904K)] 506774K->388167K(712192K), 0.0131419 secs] [Times: user=0.13 sys=0.00, real=0.01 secs] 
2016-09-13T17:40:01.599-0400: 43.301: [GC (GCLocker Initiated GC) [PSYoungGen: 146814K->32768K(189952K)] 507200K->393332K(714240K), 0.0279348 secs] [Times: user=0.30 sys=0.00, real=0.02 secs] 
2016-09-13T17:40:01.808-0400: 43.511: [GC (GCLocker Initiated GC) [PSYoungGen: 156672K->38719K(191488K)] 525057K->410405K(715776K), 0.0159424 secs] [Times: user=0.15 sys=0.00, real=0.01 secs] 
2016-09-13T17:40:02.029-0400: 43.732: [GC (GCLocker Initiated GC) [PSYoungGen: 162623K->32549K(193536K)] 534334K->404600K(717824K), 0.0127182 secs] [Times: user=0.12 sys=0.00, real=0.01 secs] 
2016-09-13T17:40:02.242-0400: 43.945: [GC (GCLocker Initiated GC) [PSYoungGen: 162085K->23627K(193536K)] 538744K->407991K(717824K), 0.0121042 secs] [Times: user=0.10 sys=0.01, real=0.01 secs] 
2016-09-13T17:40:02.444-0400: 44.147: [GC (GCLocker Initiated GC) [PSYoungGen: 153163K->47805K(196096K)] 539082K->434009K(720384K), 0.0214133 secs] [Times: user=0.23 sys=0.00, real=0.02 secs] 
2016-09-13T17:40:02.653-0400: 44.356: [GC (GCLocker Initiated GC) [PSYoungGen: 179901K->15907K(148480K)] 578280K->416038K(672768K), 0.0238380 secs] [Times: user=0.25 sys=0.01, real=0.03 secs] 
2016-09-13T17:40:02.910-0400: 44.612: [GC (GCLocker Initiated GC) [PSYoungGen: 148003K->52292K(190464K)] 548496K->454376K(714752K), 0.0101434 secs] [Times: user=0.06 sys=0.00, real=0.01 secs] 
2016-09-13T17:40:03.097-0400: 44.799: [GC (Allocation Failure) [PSYoungGen: 176196K->55517K(179712K)] 578355K->457945K(704000K), 0.0143958 secs] [Times: user=0.15 sys=0.00, real=0.01 secs] 
2016-09-13T17:40:03.266-0400: 44.968: [GC (GCLocker Initiated GC) [PSYoungGen: 179279K->43530K(191488K)] 583225K->455330K(715776K), 0.0116797 secs] [Times: user=0.11 sys=0.00, real=0.02 secs] 
2016-09-13T17:40:03.461-0400: 45.163: [GC (Allocation Failure) [PSYoungGen: 162314K->28120K(146944K)] 580199K->446220K(671232K), 0.0174568 secs] [Times: user=0.17 sys=0.01, real=0.02 secs] 
2016-09-13T17:40:03.654-0400: 45.357: [GC (GCLocker Initiated GC) [PSYoungGen: 142561K->37333K(190976K)] 566736K->463244K(715264K), 0.0267950 secs] [Times: user=0.31 sys=0.00, real=0.03 secs] 
2016-09-13T17:40:03.864-0400: 45.567: [GC (GCLocker Initiated GC) [PSYoungGen: 158677K->47895K(188416K)] 586224K->475659K(712704K), 0.0111159 secs] [Times: user=0.12 sys=0.01, real=0.02 secs] 
2016-09-13T17:40:04.061-0400: 45.763: [GC (GCLocker Initiated GC) [PSYoungGen: 169239K->45072K(193536K)] 597179K->473170K(717824K), 0.0130422 secs] [Times: user=0.15 sys=0.02, real=0.01 secs] 
2016-09-13T17:40:04.261-0400: 45.964: [GC (GCLocker Initiated GC) [PSYoungGen: 171024K->26410K(193024K)] 605348K->460940K(717312K), 0.0200662 secs] [Times: user=0.26 sys=0.01, real=0.02 secs] 
2016-09-13T17:40:04.466-0400: 46.169: [GC (GCLocker Initiated GC) [PSYoungGen: 152362K->52547K(190464K)] 586917K->491895K(714752K), 0.0100627 secs] [Times: user=0.09 sys=0.01, real=0.02 secs] 
2016-09-13T17:40:04.696-0400: 46.399: [GC (GCLocker Initiated GC) [PSYoungGen: 176451K->53657K(177664K)] 616024K->499526K(701952K), 0.0159305 secs] [Times: user=0.13 sys=0.00, real=0.01 secs] 
2016-09-13T17:40:04.889-0400: 46.591: [GC (GCLocker Initiated GC) [PSYoungGen: 177561K->46313K(192512K)] 623446K->492262K(716800K), 0.0258916 secs] [Times: user=0.28 sys=0.01, real=0.02 secs] 
2016-09-13T17:40:05.096-0400: 46.799: [GC (GCLocker Initiated GC) [PSYoungGen: 167657K->52521K(190976K)] 613781K->503493K(715264K), 0.0167468 secs] [Times: user=0.16 sys=0.01, real=0.01 secs] 
2016-09-13T17:40:05.303-0400: 47.006: [GC (GCLocker Initiated GC) [PSYoungGen: 173865K->44730K(188928K)] 625018K->496110K(713216K), 0.0093975 secs] [Times: user=0.08 sys=0.00, real=0.01 secs] 
2016-09-13T17:40:05.530-0400: 47.233: [GC (GCLocker Initiated GC) [PSYoungGen: 166074K->46185K(189952K)] 623622K->504014K(714240K), 0.0265734 secs] [Times: user=0.24 sys=0.01, real=0.03 secs] 
2016-09-13T17:40:05.744-0400: 47.447: [GC (GCLocker Initiated GC) [PSYoungGen: 167529K->29512K(193536K)] 625373K->487436K(717824K), 0.0170685 secs] [Times: user=0.18 sys=0.00, real=0.02 secs] 
2016-09-13T17:40:05.939-0400: 47.642: [GC (GCLocker Initiated GC) [PSYoungGen: 155464K->37237K(163328K)] 621004K->502991K(687616K), 0.0131633 secs] [Times: user=0.13 sys=0.00, real=0.01 secs] 
2016-09-13T17:40:06.114-0400: 47.816: [GC (GCLocker Initiated GC) [PSYoungGen: 163189K->32740K(193024K)] 642671K->530616K(717312K), 0.0199675 secs] [Times: user=0.23 sys=0.00, real=0.02 secs] 
2016-09-13T17:40:06.331-0400: 48.034: [GC (GCLocker Initiated GC) [PSYoungGen: 160228K->46255K(192512K)] 665724K->556697K(716800K), 0.0226227 secs] [Times: user=0.25 sys=0.00, real=0.02 secs] 
2016-09-13T17:40:06.354-0400: 48.057: [Full GC (Ergonomics) [PSYoungGen: 46255K->0K(192512K)] [ParOldGen: 510442K->44829K(524288K)] 556697K->44829K(716800K), [Metaspace: 44329K->44329K(1087488K)], 0.0672307 secs] [Times: user=0.36 sys=0.02, real=0.07 secs] 
2016-09-13T17:40:06.620-0400: 48.323: [GC (GCLocker Initiated GC) [PSYoungGen: 127488K->52418K(193536K)] 172404K->97335K(717824K), 0.0207456 secs] [Times: user=0.22 sys=0.00, real=0.02 secs] 
2016-09-13T17:40:06.829-0400: 48.531: [GC (GCLocker Initiated GC) [PSYoungGen: 181442K->58378K(187904K)] 228008K->114478K(712192K), 0.0085034 secs] [Times: user=0.07 sys=0.00, real=0.01 secs] 
2016-09-13T17:40:07.031-0400: 48.734: [GC (GCLocker Initiated GC) [PSYoungGen: 187402K->50992K(191488K)] 245062K->108869K(715776K), 0.0228562 secs] [Times: user=0.23 sys=0.02, real=0.02 secs] 
2016-09-13T17:40:07.214-0400: 48.917: [GC (GCLocker Initiated GC) [PSYoungGen: 172848K->63088K(185344K)] 238647K->133744K(709632K), 0.0120830 secs] [Times: user=0.12 sys=0.00, real=0.01 secs] 
2016-09-13T17:40:07.412-0400: 49.115: [GC (GCLocker Initiated GC) [PSYoungGen: 184944K->46250K(190464K)] 257191K->118703K(714752K), 0.0252990 secs] [Times: user=0.29 sys=0.00, real=0.03 secs] 
2016-09-13T17:40:07.600-0400: 49.303: [GC (GCLocker Initiated GC) [PSYoungGen: 162474K->32853K(149504K)] 241008K->111674K(673792K), 0.0084121 secs] [Times: user=0.08 sys=0.00, real=0.01 secs] 
2016-09-13T17:40:07.765-0400: 49.468: [GC (GCLocker Initiated GC) [PSYoungGen: 149077K->55208K(185856K)] 229451K->135631K(710144K), 0.0133836 secs] [Times: user=0.09 sys=0.00, real=0.02 secs] 
2016-09-13T17:40:07.951-0400: 49.653: [GC (GCLocker Initiated GC) [PSYoungGen: 169896K->11323K(126464K)] 251860K->122322K(650752K), 0.0221950 secs] [Times: user=0.24 sys=0.00, real=0.02 secs] 
2016-09-13T17:40:08.150-0400: 49.853: [GC (GCLocker Initiated GC) [PSYoungGen: 126011K->44922K(188928K)] 238637K->165384K(713216K), 0.0100924 secs] [Times: user=0.10 sys=0.00, real=0.01 secs] 
2016-09-13T17:40:08.334-0400: 50.037: [GC (GCLocker Initiated GC) [PSYoungGen: 158074K->47741K(161280K)] 280090K->170014K(685568K), 0.0226944 secs] [Times: user=0.23 sys=0.01, real=0.03 secs] 
2016-09-13T17:40:08.537-0400: 50.240: [GC (GCLocker Initiated GC) [PSYoungGen: 160893K->25051K(185344K)] 291035K->166041K(709632K), 0.0244252 secs] [Times: user=0.27 sys=0.01, real=0.02 secs] 
2016-09-13T17:40:08.718-0400: 50.421: [GC (Allocation Failure) [PSYoungGen: 138203K->61314K(185344K)] 279461K->202774K(709632K), 0.0147022 secs] [Times: user=0.13 sys=0.00, real=0.01 secs] 
2016-09-13T17:40:08.893-0400: 50.596: [GC (GCLocker Initiated GC) [PSYoungGen: 174466K->38751K(187392K)] 315929K->180465K(711680K), 0.0299721 secs] [Times: user=0.19 sys=0.01, real=0.03 secs] 
2016-09-13T17:40:09.066-0400: 50.769: [GC (GCLocker Initiated GC) [PSYoungGen: 149855K->70428K(181760K)] 291608K->212441K(706048K), 0.0221140 secs] [Times: user=0.24 sys=0.00, real=0.03 secs] 
2016-09-13T17:40:09.248-0400: 50.951: [GC (GCLocker Initiated GC) [PSYoungGen: 181532K->31030K(181760K)] 325094K->188357K(706048K), 0.0157951 secs] [Times: user=0.14 sys=0.00, real=0.01 secs] 
2016-09-13T17:40:09.400-0400: 51.103: [GC (Allocation Failure) [PSYoungGen: 132406K->26319K(128000K)] 289836K->190041K(652288K), 0.0099213 secs] [Times: user=0.07 sys=0.00, real=0.01 secs] 
2016-09-13T17:40:09.558-0400: 51.260: [GC (GCLocker Initiated GC) [PSYoungGen: 127695K->61564K(176128K)] 291423K->225493K(700416K), 0.0236089 secs] [Times: user=0.26 sys=0.00, real=0.02 secs] 
2016-09-13T17:40:09.715-0400: 51.418: [GC (GCLocker Initiated GC) [PSYoungGen: 157820K->56822K(153088K)] 321778K->239324K(677376K), 0.0225936 secs] [Times: user=0.20 sys=0.00, real=0.03 secs] 
2016-09-13T17:40:09.896-0400: 51.599: [GC (GCLocker Initiated GC) [PSYoungGen: 153078K->29642K(179200K)] 335702K->220117K(703488K), 0.0060983 secs] [Times: user=0.04 sys=0.00, real=0.00 secs] 
2016-09-13T17:40:10.058-0400: 51.761: [GC (GCLocker Initiated GC) [PSYoungGen: 124874K->46153K(141824K)] 315394K->236929K(666112K), 0.0108028 secs] [Times: user=0.08 sys=0.00, real=0.01 secs] 
2016-09-13T17:40:10.193-0400: 51.896: [GC (GCLocker Initiated GC) [PSYoungGen: 141385K->47741K(177664K)] 332186K->241856K(701952K), 0.0171858 secs] [Times: user=0.18 sys=0.00, real=0.02 secs] 
2016-09-13T17:40:10.378-0400: 52.081: [GC (GCLocker Initiated GC) [PSYoungGen: 145533K->31003K(175104K)] 339829K->233192K(699392K), 0.0233274 secs] [Times: user=0.23 sys=0.00, real=0.02 secs] 
2016-09-13T17:40:10.553-0400: 52.255: [GC (GCLocker Initiated GC) [PSYoungGen: 128795K->49324K(182272K)] 338692K->259371K(706560K), 0.0347359 secs] [Times: user=0.38 sys=0.00, real=0.03 secs] 
2016-09-13T17:40:10.735-0400: 52.437: [GC (GCLocker Initiated GC) [PSYoungGen: 155308K->62892K(181248K)] 365384K->273113K(705536K), 0.0105109 secs] [Times: user=0.08 sys=0.00, real=0.01 secs] 
2016-09-13T17:40:10.861-0400: 52.564: [GC (GCLocker Initiated GC) [PSYoungGen: 168876K->61532K(177664K)] 380726K->281342K(701952K), 0.0275384 secs] [Times: user=0.29 sys=0.00, real=0.03 secs] 
2016-09-13T17:40:11.026-0400: 52.729: [GC (GCLocker Initiated GC) [PSYoungGen: 159836K->62865K(161280K)] 379863K->283101K(685568K), 0.0093116 secs] [Times: user=0.07 sys=0.00, real=0.02 secs] 
2016-09-13T17:40:11.214-0400: 52.916: [GC (GCLocker Initiated GC) [PSYoungGen: 161169K->43089K(180736K)] 381542K->265206K(705024K), 0.0231555 secs] [Times: user=0.22 sys=0.00, real=0.03 secs] 
2016-09-13T17:40:11.380-0400: 53.083: [GC (GCLocker Initiated GC) [PSYoungGen: 139857K->27938K(178176K)] 361990K->270075K(702464K), 0.0266625 secs] [Times: user=0.33 sys=0.01, real=0.02 secs] 
2016-09-13T17:40:11.534-0400: 53.237: [GC (Allocation Failure) [PSYoungGen: 124706K->59986K(177152K)] 368613K->328376K(701440K), 0.0346762 secs] [Times: user=0.43 sys=0.01, real=0.04 secs] 
2016-09-13T17:40:11.704-0400: 53.407: [GC (GCLocker Initiated GC) [PSYoungGen: 154783K->49132K(144384K)] 424692K->319301K(668672K), 0.0115893 secs] [Times: user=0.11 sys=0.00, real=0.02 secs] 
2016-09-13T17:40:11.836-0400: 53.538: [GC (Allocation Failure) [PSYoungGen: 144364K->61251K(175616K)] 414555K->331635K(699904K), 0.0256621 secs] [Times: user=0.31 sys=0.00, real=0.02 secs] 
2016-09-13T17:40:11.983-0400: 53.685: [GC (GCLocker Initiated GC) [PSYoungGen: 156101K->44704K(177152K)] 428004K->321392K(701440K), 0.0084914 secs] [Times: user=0.08 sys=0.00, real=0.01 secs] 
2016-09-13T17:40:12.126-0400: 53.829: [GC (GCLocker Initiated GC) [PSYoungGen: 139936K->64598K(176128K)] 416814K->341685K(700416K), 0.0110893 secs] [Times: user=0.12 sys=0.00, real=0.02 secs] 
2016-09-13T17:40:12.303-0400: 54.006: [GC (GCLocker Initiated GC) [PSYoungGen: 161366K->50843K(179200K)] 440081K->329736K(703488K), 0.0066358 secs] [Times: user=0.08 sys=0.00, real=0.01 secs] 
2016-09-13T17:40:12.432-0400: 54.135: [GC (GCLocker Initiated GC) [PSYoungGen: 147611K->46190K(175616K)] 426643K->325498K(699904K), 0.0269885 secs] [Times: user=0.24 sys=0.00, real=0.03 secs] 
2016-09-13T17:40:12.595-0400: 54.298: [GC (GCLocker Initiated GC) [PSYoungGen: 146542K->53720K(177664K)] 426049K->333413K(701952K), 0.0348170 secs] [Times: user=0.32 sys=0.00, real=0.04 secs] 
2016-09-13T17:40:12.768-0400: 54.471: [GC (GCLocker Initiated GC) [PSYoungGen: 154072K->47676K(180224K)] 435416K->330751K(704512K), 0.0250495 secs] [Times: user=0.26 sys=0.00, real=0.02 secs] 
2016-09-13T17:40:12.929-0400: 54.632: [GC (GCLocker Initiated GC) [PSYoungGen: 156732K->26505K(182784K)] 439893K->317547K(707072K), 0.0056468 secs] [Times: user=0.05 sys=0.00, real=0.00 secs] 
2016-09-13T17:40:13.079-0400: 54.782: [GC (GCLocker Initiated GC) [PSYoungGen: 135561K->52357K(187392K)] 426743K->343757K(711680K), 0.0075874 secs] [Times: user=0.09 sys=0.00, real=0.00 secs] 
2016-09-13T17:40:13.272-0400: 54.974: [GC (GCLocker Initiated GC) [PSYoungGen: 164997K->26350K(139264K)] 464078K->327071K(663552K), 0.0327673 secs] [Times: user=0.36 sys=0.01, real=0.03 secs] 
2016-09-13T17:40:13.496-0400: 55.199: [GC (GCLocker Initiated GC) [PSYoungGen: 138990K->62993K(180224K)] 439852K->368688K(704512K), 0.0089662 secs] [Times: user=0.08 sys=0.00, real=0.00 secs] 
2016-09-13T17:40:13.651-0400: 55.354: [GC (GCLocker Initiated GC) [PSYoungGen: 167441K->29511K(183296K)] 485443K->347643K(707584K), 0.0277832 secs] [Times: user=0.32 sys=0.01, real=0.03 secs] 
2016-09-13T17:40:13.821-0400: 55.523: [GC (GCLocker Initiated GC) [PSYoungGen: 133959K->40146K(179200K)] 452094K->364549K(703488K), 0.0072332 secs] [Times: user=0.05 sys=0.00, real=0.01 secs] 
2016-09-13T17:40:13.991-0400: 55.694: [GC (GCLocker Initiated GC) [PSYoungGen: 144594K->41725K(181248K)] 469268K->366712K(705536K), 0.0199015 secs] [Times: user=0.19 sys=0.00, real=0.02 secs] 
2016-09-13T17:40:14.161-0400: 55.864: [GC (GCLocker Initiated GC) [PSYoungGen: 146173K->29443K(184832K)] 477266K->360655K(709120K), 0.0138059 secs] [Times: user=0.12 sys=0.01, real=0.01 secs] 
2016-09-13T17:40:14.310-0400: 56.013: [GC (GCLocker Initiated GC) [PSYoungGen: 140547K->50746K(184832K)] 471940K->388345K(709120K), 0.0099244 secs] [Times: user=0.07 sys=0.00, real=0.01 secs] 
2016-09-13T17:40:14.532-0400: 56.235: [GC (GCLocker Initiated GC) [PSYoungGen: 161850K->26319K(188416K)] 505528K->370206K(712704K), 0.0126765 secs] [Times: user=0.10 sys=0.00, real=0.01 secs] 
2016-09-13T17:40:14.725-0400: 56.427: [GC (GCLocker Initiated GC) [PSYoungGen: 141007K->47804K(162816K)] 485064K->392105K(687104K), 0.0179245 secs] [Times: user=0.15 sys=0.00, real=0.02 secs] 
2016-09-13T17:40:14.891-0400: 56.594: [GC (GCLocker Initiated GC) [PSYoungGen: 162492K->49256K(187904K)] 512950K->399974K(712192K), 0.0145728 secs] [Times: user=0.14 sys=0.01, real=0.01 secs] 
2016-09-13T17:40:15.101-0400: 56.803: [GC (GCLocker Initiated GC) [PSYoungGen: 164456K->23500K(187392K)] 522896K->395795K(711680K), 0.0064892 secs] [Times: user=0.06 sys=0.00, real=0.00 secs] 
2016-09-13T17:40:15.304-0400: 57.007: [GC (GCLocker Initiated GC) [PSYoungGen: 138700K->62897K(180224K)] 514063K->438520K(704512K), 0.0177965 secs] [Times: user=0.16 sys=0.00, real=0.02 secs] 
2016-09-13T17:40:15.460-0400: 57.162: [GC (GCLocker Initiated GC) [PSYoungGen: 170417K->44858K(184832K)] 546221K->423960K(709120K), 0.0133716 secs] [Times: user=0.13 sys=0.00, real=0.01 secs] 
2016-09-13T17:40:15.653-0400: 57.356: [GC (GCLocker Initiated GC) [PSYoungGen: 152378K->9767K(182272K)] 543739K->401463K(706560K), 0.0042607 secs] [Times: user=0.03 sys=0.01, real=0.01 secs] 
2016-09-13T17:40:15.823-0400: 57.526: [GC (GCLocker Initiated GC) [PSYoungGen: 117287K->23464K(184832K)] 510568K->416903K(709120K), 0.0256634 secs] [Times: user=0.25 sys=0.00, real=0.03 secs] 
2016-09-13T17:40:16.016-0400: 57.719: [GC (Allocation Failure) [PSYoungGen: 130984K->44602K(180736K)] 524445K->438304K(705024K), 0.0188973 secs] [Times: user=0.22 sys=0.00, real=0.01 secs] 
2016-09-13T17:40:16.187-0400: 57.890: [GC (GCLocker Initiated GC) [PSYoungGen: 153146K->26415K(183296K)] 546856K->427952K(707584K), 0.0140323 secs] [Times: user=0.13 sys=0.00, real=0.02 secs] 
2016-09-13T17:40:16.345-0400: 58.048: [GC (GCLocker Initiated GC) [PSYoungGen: 134959K->29542K(182272K)] 542745K->437538K(706560K), 0.0116525 secs] [Times: user=0.10 sys=0.02, real=0.02 secs] 
2016-09-13T17:40:16.539-0400: 58.241: [GC (Allocation Failure) [PSYoungGen: 143206K->23186K(185344K)] 557452K->437544K(709632K), 0.0066918 secs] [Times: user=0.04 sys=0.00, real=0.00 secs] 
2016-09-13T17:40:16.721-0400: 58.424: [GC (GCLocker Initiated GC) [PSYoungGen: 136850K->44708K(188416K)] 551210K->459199K(712704K), 0.0226485 secs] [Times: user=0.20 sys=0.00, real=0.02 secs] 
2016-09-13T17:40:16.913-0400: 58.616: [GC (GCLocker Initiated GC) [PSYoungGen: 164516K->44730K(189952K)] 579164K->459521K(714240K), 0.0068472 secs] [Times: user=0.06 sys=0.00, real=0.01 secs] 
2016-09-13T17:40:17.104-0400: 58.807: [GC (GCLocker Initiated GC) [PSYoungGen: 164538K->62897K(179712K)] 579413K->487176K(704000K), 0.0186553 secs] [Times: user=0.19 sys=0.00, real=0.02 secs] 
2016-09-13T17:40:17.320-0400: 59.023: [GC (GCLocker Initiated GC) [PSYoungGen: 172465K->40052K(185856K)] 599979K->467784K(710144K), 0.0102592 secs] [Times: user=0.09 sys=0.00, real=0.01 secs] 
2016-09-13T17:40:17.504-0400: 59.207: [GC (GCLocker Initiated GC) [PSYoungGen: 149620K->50742K(184320K)] 577617K->478810K(708608K), 0.0313039 secs] [Times: user=0.29 sys=0.01, real=0.04 secs] 
2016-09-13T17:40:17.697-0400: 59.400: [GC (GCLocker Initiated GC) [PSYoungGen: 163894K->43217K(186368K)] 592234K->471680K(710656K), 0.0102741 secs] [Times: user=0.12 sys=0.00, real=0.00 secs] 
2016-09-13T17:40:17.869-0400: 59.572: [GC (GCLocker Initiated GC) [PSYoungGen: 156369K->34063K(186368K)] 584851K->462754K(710656K), 0.0098629 secs] [Times: user=0.09 sys=0.00, real=0.01 secs] 
2016-09-13T17:40:18.054-0400: 59.757: [GC (GCLocker Initiated GC) [PSYoungGen: 152335K->29575K(187392K)] 588796K->472324K(711680K), 0.0229451 secs] [Times: user=0.26 sys=0.00, real=0.03 secs] 
2016-09-13T17:40:18.262-0400: 59.965: [GC (GCLocker Initiated GC) [PSYoungGen: 147847K->8280K(188928K)] 604440K->465141K(713216K), 0.0147124 secs] [Times: user=0.13 sys=0.01, real=0.02 secs] 
2016-09-13T17:40:18.471-0400: 60.174: [GC (GCLocker Initiated GC) [PSYoungGen: 129112K->46432K(167424K)] 586178K->503714K(691712K), 0.0248051 secs] [Times: user=0.29 sys=0.00, real=0.03 secs] 
2016-09-13T17:40:18.677-0400: 60.380: [GC (GCLocker Initiated GC) [PSYoungGen: 167264K->28023K(193024K)] 630702K->491718K(717312K), 0.0056684 secs] [Times: user=0.04 sys=0.01, real=0.00 secs] 
2016-09-13T17:40:18.872-0400: 60.575: [GC (GCLocker Initiated GC) [PSYoungGen: 149879K->46500K(190976K)] 615227K->512301K(715264K), 0.0129952 secs] [Times: user=0.18 sys=0.00, real=0.01 secs] 
2016-09-13T17:40:19.056-0400: 60.759: [GC (GCLocker Initiated GC) [PSYoungGen: 168356K->44666K(192000K)] 635701K->516761K(716288K), 0.0164145 secs] [Times: user=0.19 sys=0.01, real=0.01 secs] 
2016-09-13T17:40:19.253-0400: 60.956: [GC (GCLocker Initiated GC) [PSYoungGen: 167034K->43085K(191488K)] 639154K->521473K(715776K), 0.0100710 secs] [Times: user=0.08 sys=0.00, real=0.01 secs] 
2016-09-13T17:40:19.447-0400: 61.150: [GC (GCLocker Initiated GC) [PSYoungGen: 165453K->44826K(192000K)] 643870K->531000K(716288K), 0.0073444 secs] [Times: user=0.06 sys=0.00, real=0.01 secs] 
2016-09-13T17:40:19.660-0400: 61.363: [GC (Allocation Failure) [PSYoungGen: 169242K->49223K(191488K)] 655603K->535777K(715776K), 0.0316517 secs] [Times: user=0.30 sys=0.00, real=0.03 secs] 
2016-09-13T17:40:19.864-0400: 61.567: [GC (GCLocker Initiated GC) [PSYoungGen: 173329K->46280K(194560K)] 661402K->539087K(718848K), 0.0069901 secs] [Times: user=0.06 sys=0.00, real=0.01 secs] 
2016-09-13T17:40:20.078-0400: 61.781: [GC (GCLocker Initiated GC) [PSYoungGen: 172744K->50710K(177664K)] 665588K->543672K(701952K), 0.0114539 secs] [Times: user=0.09 sys=0.00, real=0.01 secs] 
2016-09-13T17:40:20.264-0400: 61.967: [GC (Allocation Failure) [PSYoungGen: 177174K->43116K(195584K)] 670388K->537976K(719872K), 0.0103711 secs] [Times: user=0.09 sys=0.01, real=0.01 secs] 
2016-09-13T17:40:20.483-0400: 62.186: [GC (GCLocker Initiated GC) [PSYoungGen: 169706K->41566K(168960K)] 666084K->538173K(693248K), 0.0163564 secs] [Times: user=0.11 sys=0.00, real=0.02 secs] 
2016-09-13T17:40:20.670-0400: 62.373: [GC (Allocation Failure) [PSYoungGen: 168542K->41815K(193024K)] 665255K->538748K(717312K), 0.0100319 secs] [Times: user=0.10 sys=0.00, real=0.01 secs] 
2016-09-13T17:40:20.905-0400: 62.607: [GC (GCLocker Initiated GC) [PSYoungGen: 170839K->50880K(190976K)] 667780K->548235K(715264K), 0.0106058 secs] [Times: user=0.12 sys=0.00, real=0.01 secs] 
2016-09-13T17:40:21.121-0400: 62.824: [GC (GCLocker Initiated GC) [PSYoungGen: 179904K->24986K(196608K)] 684948K->530144K(720896K), 0.0095612 secs] [Times: user=0.08 sys=0.00, real=0.01 secs] 
2016-09-13T17:40:21.325-0400: 63.028: [GC (GCLocker Initiated GC) [PSYoungGen: 158106K->41662K(175104K)] 663625K->547528K(699392K), 0.0122374 secs] [Times: user=0.14 sys=0.00, real=0.02 secs] 
2016-09-13T17:40:21.515-0400: 63.218: [GC (Allocation Failure) [PSYoungGen: 174782K->49233K(196096K)] 680729K->555394K(720384K), 0.0219432 secs] [Times: user=0.23 sys=0.00, real=0.03 secs] 
2016-09-13T17:40:21.730-0400: 63.433: [GC (Allocation Failure) [PSYoungGen: 182366K->20429K(196608K)] 688527K->534393K(720896K), 0.0100115 secs] [Times: user=0.11 sys=0.01, real=0.01 secs] 
2016-09-13T17:40:21.994-0400: 63.696: [Full GC (Ergonomics) [PSYoungGen: 153202K->0K(196608K)] [ParOldGen: 515482K->34668K(524288K)] 668685K->34668K(720896K), [Metaspace: 44376K->44376K(1087488K)], 0.0848273 secs] [Times: user=0.44 sys=0.01, real=0.09 secs] 
2016-09-13T17:40:22.259-0400: 63.961: [GC (GCLocker Initiated GC) [PSYoungGen: 133632K->14792K(193536K)] 188228K->69388K(717824K), 0.0134070 secs] [Times: user=0.15 sys=0.00, real=0.01 secs] 
2016-09-13T17:40:22.452-0400: 64.155: [GC (Allocation Failure) [PSYoungGen: 143816K->9889K(139264K)] 210573K->78630K(663552K), 0.0054977 secs] [Times: user=0.03 sys=0.00, real=0.01 secs] 
2016-09-13T17:40:22.667-0400: 64.370: [GC (GCLocker Initiated GC) [PSYoungGen: 138913K->27998K(196096K)] 207656K->104550K(720384K), 0.0260201 secs] [Times: user=0.21 sys=0.01, real=0.03 secs] 
2016-09-13T17:40:22.908-0400: 64.610: [GC (GCLocker Initiated GC) [PSYoungGen: 155998K->40170K(168448K)] 241845K->126105K(692736K), 0.0241121 secs] [Times: user=0.28 sys=0.01, real=0.03 secs] 
2016-09-13T17:40:23.103-0400: 64.805: [GC (GCLocker Initiated GC) [PSYoungGen: 168170K->34291K(196096K)] 254342K->120570K(720384K), 0.0105700 secs] [Times: user=0.06 sys=0.01, real=0.01 secs] 
2016-09-13T17:40:23.322-0400: 65.025: [GC (GCLocker Initiated GC) [PSYoungGen: 165363K->50907K(193024K)] 253170K->139017K(717312K), 0.0079189 secs] [Times: user=0.09 sys=0.00, real=0.01 secs] 
2016-09-13T17:40:23.493-0400: 65.196: [GC (GCLocker Initiated GC) [PSYoungGen: 181979K->64634K(181248K)] 270115K->152996K(705536K), 0.0136758 secs] [Times: user=0.19 sys=0.00, real=0.01 secs] 
2016-09-13T17:40:23.690-0400: 65.393: [GC (GCLocker Initiated GC) [PSYoungGen: 180346K->44864K(188928K)] 268809K->135171K(713216K), 0.0189946 secs] [Times: user=0.20 sys=0.00, real=0.02 secs] 
2016-09-13T17:40:23.886-0400: 65.589: [GC (GCLocker Initiated GC) [PSYoungGen: 160576K->47673K(187392K)] 250998K->139733K(711680K), 0.0264308 secs] [Times: user=0.26 sys=0.01, real=0.03 secs] 
2016-09-13T17:40:24.064-0400: 65.766: [GC (GCLocker Initiated GC) [PSYoungGen: 164921K->43153K(188928K)] 257173K->137039K(713216K), 0.0071584 secs] [Times: user=0.04 sys=0.00, real=0.01 secs] 
2016-09-13T17:40:24.249-0400: 65.952: [GC (Allocation Failure) [PSYoungGen: 160401K->26473K(189952K)] 260496K->129815K(714240K), 0.0154018 secs] [Times: user=0.16 sys=0.00, real=0.01 secs] 
2016-09-13T17:40:24.465-0400: 66.168: [GC (GCLocker Initiated GC) [PSYoungGen: 147305K->43149K(189952K)] 250650K->146753K(714240K), 0.0151970 secs] [Times: user=0.14 sys=0.00, real=0.02 secs] 
2016-09-13T17:40:24.662-0400: 66.364: [GC (GCLocker Initiated GC) [PSYoungGen: 163981K->27956K(192000K)] 275383K->139480K(716288K), 0.0058551 secs] [Times: user=0.05 sys=0.00, real=0.00 secs] 
2016-09-13T17:40:24.868-0400: 66.571: [GC (GCLocker Initiated GC) [PSYoungGen: 152372K->44736K(191488K)] 263946K->157975K(715776K), 0.0093459 secs] [Times: user=0.05 sys=0.00, real=0.01 secs] 
2016-09-13T17:40:25.053-0400: 66.756: [GC (Allocation Failure) [PSYoungGen: 169152K->46494K(194048K)] 282570K->161557K(718336K), 0.0070702 secs] [Times: user=0.05 sys=0.00, real=0.01 secs] 
2016-09-13T17:40:25.272-0400: 66.975: [GC (GCLocker Initiated GC) [PSYoungGen: 173982K->43276K(194048K)] 289048K->158669K(718336K), 0.0062635 secs] [Times: user=0.06 sys=0.00, real=0.01 secs] 
2016-09-13T17:40:25.467-0400: 67.170: [GC (GCLocker Initiated GC) [PSYoungGen: 170764K->43116K(194048K)] 286381K->158847K(718336K), 0.0053588 secs] [Times: user=0.03 sys=0.01, real=0.01 secs] 
2016-09-13T17:40:25.705-0400: 67.408: [GC (GCLocker Initiated GC) [PSYoungGen: 173676K->27870K(194048K)] 301775K->156155K(718336K), 0.0044528 secs] [Times: user=0.03 sys=0.00, real=0.01 secs] 
2016-09-13T17:40:25.910-0400: 67.612: [GC (GCLocker Initiated GC) [PSYoungGen: 158430K->55208K(191488K)] 286747K->183573K(715776K), 0.0081395 secs] [Times: user=0.06 sys=0.00, real=0.01 secs] 
2016-09-13T17:40:26.119-0400: 67.822: [GC (GCLocker Initiated GC) [PSYoungGen: 183208K->41767K(195072K)] 314708K->181082K(719360K), 0.0136687 secs] [Times: user=0.13 sys=0.01, real=0.01 secs] 
2016-09-13T17:40:26.325-0400: 68.028: [GC (GCLocker Initiated GC) [PSYoungGen: 169767K->49255K(194560K)] 309104K->188727K(718848K), 0.0313933 secs] [Times: user=0.36 sys=0.00, real=0.04 secs] 
2016-09-13T17:40:26.575-0400: 68.278: [GC (GCLocker Initiated GC) [PSYoungGen: 179303K->8281K(138752K)] 326383K->161579K(663040K), 0.0033536 secs] [Times: user=0.02 sys=0.00, real=0.01 secs] 
2016-09-13T17:40:26.769-0400: 68.472: [GC (GCLocker Initiated GC) [PSYoungGen: 138329K->23313K(193536K)] 294720K->181427K(717824K), 0.0194795 secs] [Times: user=0.24 sys=0.00, real=0.02 secs] 
2016-09-13T17:40:26.952-0400: 68.655: [GC (GCLocker Initiated GC) [PSYoungGen: 148241K->24796K(150016K)] 306587K->183311K(674304K), 0.0113761 secs] [Times: user=0.09 sys=0.01, real=0.01 secs] 
2016-09-13T17:40:27.207-0400: 68.910: [GC (GCLocker Initiated GC) [PSYoungGen: 149724K->9766K(190464K)] 320501K->180659K(714752K), 0.0169751 secs] [Times: user=0.16 sys=0.01, real=0.02 secs] 
2016-09-13T17:40:27.410-0400: 69.113: [GC (GCLocker Initiated GC) [PSYoungGen: 133158K->32576K(156160K)] 310318K->209933K(680448K), 0.0250825 secs] [Times: user=0.24 sys=0.00, real=0.02 secs] 
2016-09-13T17:40:27.619-0400: 69.321: [GC (GCLocker Initiated GC) [PSYoungGen: 155968K->47897K(188928K)] 333501K->230172K(713216K), 0.0221435 secs] [Times: user=0.25 sys=0.01, real=0.02 secs] 
2016-09-13T17:40:27.828-0400: 69.530: [GC (GCLocker Initiated GC) [PSYoungGen: 171801K->46255K(191488K)] 354109K->233323K(715776K), 0.0102778 secs] [Times: user=0.08 sys=0.00, real=0.02 secs] 
2016-09-13T17:40:28.033-0400: 69.736: [GC (GCLocker Initiated GC) [PSYoungGen: 170159K->49192K(190464K)] 358772K->239533K(714752K), 0.0121704 secs] [Times: user=0.12 sys=0.00, real=0.01 secs] 
2016-09-13T17:40:28.251-0400: 69.954: [GC (GCLocker Initiated GC) [PSYoungGen: 171048K->35810K(157696K)] 367500K->236997K(681984K), 0.0133851 secs] [Times: user=0.15 sys=0.00, real=0.01 secs] 
2016-09-13T17:40:28.424-0400: 70.127: [GC (GCLocker Initiated GC) [PSYoungGen: 157666K->31248K(192512K)] 359034K->234326K(716800K), 0.0182626 secs] [Times: user=0.20 sys=0.00, real=0.02 secs] 
2016-09-13T17:40:28.610-0400: 70.313: [GC (GCLocker Initiated GC) [PSYoungGen: 156688K->32645K(190464K)] 361458K->237603K(714752K), 0.0103727 secs] [Times: user=0.09 sys=0.00, real=0.01 secs] 
2016-09-13T17:40:28.806-0400: 70.509: [GC (GCLocker Initiated GC) [PSYoungGen: 158085K->31099K(195072K)] 363147K->236426K(719360K), 0.0073888 secs] [Times: user=0.07 sys=0.00, real=0.01 secs] 
2016-09-13T17:40:29.019-0400: 70.722: [GC (Allocation Failure) [PSYoungGen: 163195K->28116K(193024K)] 368684K->236722K(717312K), 0.0255569 secs] [Times: user=0.26 sys=0.02, real=0.02 secs] 
2016-09-13T17:40:29.253-0400: 70.956: [GC (GCLocker Initiated GC) [PSYoungGen: 160212K->56918K(190976K)] 368823K->271809K(715264K), 0.0074773 secs] [Times: user=0.06 sys=0.00, real=0.01 secs] 
2016-09-13T17:40:29.460-0400: 71.163: [GC (GCLocker Initiated GC) [PSYoungGen: 187990K->32735K(196608K)] 409035K->254064K(720896K), 0.0104561 secs] [Times: user=0.08 sys=0.00, real=0.01 secs] 
2016-09-13T17:40:29.672-0400: 71.375: [GC (Allocation Failure) [PSYoungGen: 163807K->46335K(196608K)] 385186K->269559K(720896K), 0.0321583 secs] [Times: user=0.34 sys=0.01, real=0.03 secs] 
2016-09-13T17:40:29.891-0400: 71.594: [GC (GCLocker Initiated GC) [PSYoungGen: 178808K->44858K(197632K)] 403551K->269841K(721920K), 0.0261784 secs] [Times: user=0.26 sys=0.01, real=0.03 secs] 
2016-09-13T17:40:30.130-0400: 71.833: [GC (GCLocker Initiated GC) [PSYoungGen: 177978K->49292K(194560K)] 409287K->280752K(718848K), 0.0141519 secs] [Times: user=0.13 sys=0.00, real=0.01 secs] 
2016-09-13T17:40:30.315-0400: 72.018: [GC (GCLocker Initiated GC) [PSYoungGen: 179340K->58405K(188928K)] 410883K->294706K(713216K), 0.0220078 secs] [Times: user=0.25 sys=0.00, real=0.03 secs] 
2016-09-13T17:40:30.525-0400: 72.228: [GC (GCLocker Initiated GC) [PSYoungGen: 188453K->47795K(192512K)] 424824K->284343K(716800K), 0.0094255 secs] [Times: user=0.10 sys=0.00, real=0.01 secs] 
2016-09-13T17:40:30.735-0400: 72.437: [GC (GCLocker Initiated GC) [PSYoungGen: 170163K->64475K(186880K)] 406972K->306090K(711168K), 0.0119101 secs] [Times: user=0.14 sys=0.00, real=0.01 secs] 
2016-09-13T17:40:30.906-0400: 72.609: [GC (GCLocker Initiated GC) [PSYoungGen: 186843K->53939K(185856K)] 428492K->295683K(710144K), 0.0139688 secs] [Times: user=0.17 sys=0.01, real=0.02 secs] 
2016-09-13T17:40:31.108-0400: 72.810: [GC (GCLocker Initiated GC) [PSYoungGen: 164531K->50939K(186368K)] 406561K->303991K(710656K), 0.0088004 secs] [Times: user=0.13 sys=0.00, real=0.02 secs] 
2016-09-13T17:40:31.288-0400: 72.990: [GC (GCLocker Initiated GC) [PSYoungGen: 161531K->46499K(180224K)] 416299K->301458K(704512K), 0.0134789 secs] [Times: user=0.16 sys=0.00, real=0.01 secs] 
2016-09-13T17:40:31.479-0400: 73.182: [GC (GCLocker Initiated GC) [PSYoungGen: 157603K->52267K(183296K)] 412588K->307461K(707584K), 0.0223263 secs] [Times: user=0.23 sys=0.00, real=0.02 secs] 
2016-09-13T17:40:31.659-0400: 73.361: [GC (GCLocker Initiated GC) [PSYoungGen: 163371K->34010K(188928K)] 418783K->300200K(713216K), 0.0268570 secs] [Times: user=0.32 sys=0.01, real=0.02 secs] 
2016-09-13T17:40:31.860-0400: 73.562: [GC (Allocation Failure) [PSYoungGen: 151770K->28337K(189440K)] 424264K->310173K(713728K), 0.0269338 secs] [Times: user=0.34 sys=0.00, real=0.02 secs] 
2016-09-13T17:40:32.050-0400: 73.753: [GC (GCLocker Initiated GC) [PSYoungGen: 141020K->31031K(188928K)] 428931K->319231K(713216K), 0.0231847 secs] [Times: user=0.26 sys=0.00, real=0.02 secs] 
2016-09-13T17:40:32.237-0400: 73.940: [GC (GCLocker Initiated GC) [PSYoungGen: 149303K->34227K(189440K)] 437684K->322704K(713728K), 0.0063161 secs] [Times: user=0.07 sys=0.00, real=0.00 secs] 
2016-09-13T17:40:32.421-0400: 74.123: [GC (GCLocker Initiated GC) [PSYoungGen: 152499K->29698K(190464K)] 442673K->320180K(714752K), 0.0096870 secs] [Times: user=0.11 sys=0.00, real=0.01 secs] 
2016-09-13T17:40:32.625-0400: 74.328: [GC (GCLocker Initiated GC) [PSYoungGen: 150530K->24768K(189952K)] 441013K->315358K(714240K), 0.0066039 secs] [Times: user=0.04 sys=0.00, real=0.01 secs] 
2016-09-13T17:40:32.818-0400: 74.521: [GC (GCLocker Initiated GC) [PSYoungGen: 145600K->24923K(192512K)] 439272K->318721K(716800K), 0.0149760 secs] [Times: user=0.12 sys=0.00, real=0.01 secs] 
2016-09-13T17:40:33.017-0400: 74.720: [GC (GCLocker Initiated GC) [PSYoungGen: 148827K->29638K(192000K)] 444300K->325309K(716288K), 0.0119838 secs] [Times: user=0.12 sys=0.00, real=0.01 secs] 
2016-09-13T17:40:33.233-0400: 74.936: [GC (GCLocker Initiated GC) [PSYoungGen: 153542K->26350K(192512K)] 449265K->322317K(716800K), 0.0121604 secs] [Times: user=0.10 sys=0.00, real=0.01 secs] 
2016-09-13T17:40:33.437-0400: 75.139: [GC (GCLocker Initiated GC) [PSYoungGen: 153326K->21822K(192000K)] 449295K->317992K(716288K), 0.0305257 secs] [Times: user=0.31 sys=0.00, real=0.02 secs] 
2016-09-13T17:40:33.660-0400: 75.363: [GC (GCLocker Initiated GC) [PSYoungGen: 148798K->15752K(196096K)] 457188K->324279K(720384K), 0.0096127 secs] [Times: user=0.10 sys=0.00, real=0.01 secs] 
2016-09-13T17:40:33.879-0400: 75.582: [GC (GCLocker Initiated GC) [PSYoungGen: 147336K->58272K(189952K)] 456070K->367133K(714240K), 0.0076623 secs] [Times: user=0.06 sys=0.00, real=0.00 secs] 
2016-09-13T17:40:34.071-0400: 75.774: [GC (Allocation Failure) [PSYoungGen: 189856K->38787K(193024K)] 498932K->352592K(717312K), 0.0061961 secs] [Times: user=0.03 sys=0.00, real=0.01 secs] 
2016-09-13T17:40:34.078-0400: 75.781: [GC (GCLocker Initiated GC) [PSYoungGen: 38798K->64K(122368K)] 352604K->364553K(646656K), 0.0061850 secs] [Times: user=0.06 sys=0.00, real=0.00 secs] 
2016-09-13T17:40:34.271-0400: 75.974: [GC (GCLocker Initiated GC) [PSYoungGen: 121920K->67543K(172032K)] 486412K->432044K(696320K), 0.0135368 secs] [Times: user=0.12 sys=0.01, real=0.01 secs] 
2016-09-13T17:40:34.458-0400: 76.161: [GC (GCLocker Initiated GC) [PSYoungGen: 167895K->6699K(107520K)] 544721K->411217K(631808K), 0.0124043 secs] [Times: user=0.13 sys=0.00, real=0.01 secs] 
2016-09-13T17:40:34.614-0400: 76.316: [GC (GCLocker Initiated GC) [PSYoungGen: 107051K->31161K(185344K)] 511689K->436021K(709632K), 0.0103305 secs] [Times: user=0.12 sys=0.00, real=0.01 secs] 
2016-09-13T17:40:34.776-0400: 76.479: [GC (Allocation Failure) [PSYoungGen: 135097K->23437K(127488K)] 541626K->434736K(651776K), 0.0132917 secs] [Times: user=0.17 sys=0.00, real=0.01 secs] 
2016-09-13T17:40:34.927-0400: 76.630: [GC (GCLocker Initiated GC) [PSYoungGen: 126961K->27907K(181248K)] 539778K->440964K(705536K), 0.0107557 secs] [Times: user=0.09 sys=0.00, real=0.02 secs] 
2016-09-13T17:40:35.124-0400: 76.827: [GC (GCLocker Initiated GC) [PSYoungGen: 135427K->32459K(177664K)] 548697K->445954K(701952K), 0.0068293 secs] [Times: user=0.06 sys=0.00, real=0.01 secs] 
2016-09-13T17:40:35.306-0400: 77.009: [GC (GCLocker Initiated GC) [PSYoungGen: 139979K->51061K(180736K)] 553569K->472506K(705024K), 0.0080554 secs] [Times: user=0.12 sys=0.00, real=0.01 secs] 
2016-09-13T17:40:35.499-0400: 77.202: [GC (GCLocker Initiated GC) [PSYoungGen: 165237K->32581K(184832K)] 594371K->462069K(709120K), 0.0125177 secs] [Times: user=0.12 sys=0.00, real=0.01 secs] 
2016-09-13T17:40:35.685-0400: 77.388: [GC (Allocation Failure) [PSYoungGen: 146757K->28029K(185856K)] 582539K->468600K(710144K), 0.0092824 secs] [Times: user=0.08 sys=0.00, real=0.01 secs] 
2016-09-13T17:40:35.882-0400: 77.584: [GC (Allocation Failure) [PSYoungGen: 152445K->46436K(188928K)] 593016K->487308K(713216K), 0.0113301 secs] [Times: user=0.11 sys=0.01, real=0.01 secs] 
2016-09-13T17:40:36.085-0400: 77.787: [GC (Allocation Failure) [PSYoungGen: 168039K->24860K(195584K)] 608911K->465983K(719872K), 0.0255993 secs] [Times: user=0.30 sys=0.00, real=0.03 secs] 
2016-09-13T17:40:36.300-0400: 78.003: [GC (GCLocker Initiated GC) [PSYoungGen: 152297K->46345K(195584K)] 599496K->493714K(719872K), 0.0273918 secs] [Times: user=0.33 sys=0.00, real=0.02 secs] 
2016-09-13T17:40:36.503-0400: 78.206: [GC (GCLocker Initiated GC) [PSYoungGen: 177417K->29421K(194560K)] 624850K->477048K(718848K), 0.0062007 secs] [Times: user=0.05 sys=0.00, real=0.01 secs] 
2016-09-13T17:40:36.712-0400: 78.415: [GC (GCLocker Initiated GC) [PSYoungGen: 160493K->46382K(195072K)] 608405K->499071K(719360K), 0.0210327 secs] [Times: user=0.24 sys=0.01, real=0.02 secs] 
2016-09-13T17:40:36.930-0400: 78.633: [GC (Allocation Failure) [PSYoungGen: 177454K->28024K(196096K)] 630411K->481223K(720384K), 0.0140782 secs] [Times: user=0.17 sys=0.00, real=0.01 secs] 
2016-09-13T17:40:37.132-0400: 78.834: [GC (GCLocker Initiated GC) [PSYoungGen: 159053K->49228K(181760K)] 613771K->504155K(706048K), 0.0301081 secs] [Times: user=0.34 sys=0.00, real=0.03 secs] 
2016-09-13T17:40:37.391-0400: 79.094: [GC (Allocation Failure) [PSYoungGen: 181324K->23712K(196608K)] 640958K->483506K(720896K), 0.0046671 secs] [Times: user=0.05 sys=0.00, real=0.01 secs] 
2016-09-13T17:40:37.581-0400: 79.283: [GC (GCLocker Initiated GC) [PSYoungGen: 153658K->21853K(152064K)] 614970K->483531K(676352K), 0.0170946 secs] [Times: user=0.15 sys=0.00, real=0.02 secs] 
2016-09-13T17:40:37.766-0400: 79.469: [GC (Allocation Failure) [PSYoungGen: 151901K->26441K(196096K)] 613794K->488547K(720384K), 0.0262662 secs] [Times: user=0.26 sys=0.00, real=0.03 secs] 
2016-09-13T17:40:38.004-0400: 79.707: [GC (GCLocker Initiated GC) [PSYoungGen: 158025K->43057K(194560K)] 620137K->505311K(718848K), 0.0122450 secs] [Times: user=0.11 sys=0.00, real=0.02 secs] 
2016-09-13T17:40:38.232-0400: 79.934: [GC (GCLocker Initiated GC) [PSYoungGen: 174641K->27838K(196096K)] 636917K->490220K(720384K), 0.0282777 secs] [Times: user=0.29 sys=0.00, real=0.03 secs] 
2016-09-13T17:40:38.453-0400: 80.155: [GC (GCLocker Initiated GC) [PSYoungGen: 163518K->46185K(197120K)] 632215K->516635K(721408K), 0.0098516 secs] [Times: user=0.09 sys=0.00, real=0.01 secs] 
2016-09-13T17:40:38.651-0400: 80.354: [GC (GCLocker Initiated GC) [PSYoungGen: 181865K->49197K(193536K)] 652334K->519884K(717824K), 0.0072515 secs] [Times: user=0.07 sys=0.00, real=0.01 secs] 
2016-09-13T17:40:38.855-0400: 80.558: [GC (GCLocker Initiated GC) [PSYoungGen: 179245K->41664K(196096K)] 650124K->518741K(720384K), 0.0158393 secs] [Times: user=0.15 sys=0.00, real=0.02 secs] 
2016-09-13T17:40:39.086-0400: 80.789: [GC (GCLocker Initiated GC) [PSYoungGen: 171712K->47736K(194560K)] 648803K->525091K(718848K), 0.0071654 secs] [Times: user=0.06 sys=0.00, real=0.01 secs] 
2016-09-13T17:40:39.279-0400: 80.982: [GC (Allocation Failure) [PSYoungGen: 176760K->43148K(195584K)] 654335K->526940K(719872K), 0.0089855 secs] [Times: user=0.07 sys=0.00, real=0.01 secs] 
2016-09-13T17:40:39.516-0400: 81.218: [GC (GCLocker Initiated GC) [PSYoungGen: 171704K->47682K(194560K)] 657015K->533246K(718848K), 0.0129263 secs] [Times: user=0.11 sys=0.01, real=0.02 secs] 
2016-09-13T17:40:39.690-0400: 81.393: [GC (GCLocker Initiated GC) [PSYoungGen: 176706K->62924K(192000K)] 662292K->548736K(716288K), 0.0136347 secs] [Times: user=0.12 sys=0.00, real=0.01 secs] 
2016-09-13T17:40:39.892-0400: 81.595: [GC (GCLocker Initiated GC) [PSYoungGen: 191948K->46096K(189952K)] 683857K->550301K(714240K), 0.0264673 secs] [Times: user=0.28 sys=0.00, real=0.03 secs] 
2016-09-13T17:40:40.104-0400: 81.807: [GC (GCLocker Initiated GC) [PSYoungGen: 165904K->41634K(161792K)] 671652K->552054K(686080K), 0.0208063 secs] [Times: user=0.18 sys=0.01, real=0.02 secs] 
2016-09-13T17:40:40.306-0400: 82.009: [GC (GCLocker Initiated GC) [PSYoungGen: 161442K->46154K(190464K)] 672044K->556915K(714752K), 0.0192876 secs] [Times: user=0.18 sys=0.00, real=0.02 secs] 
2016-09-13T17:40:40.529-0400: 82.232: [GC (Allocation Failure) [PSYoungGen: 168010K->43089K(189440K)] 678879K->554147K(713728K), 0.0239100 secs] [Times: user=0.25 sys=0.00, real=0.02 secs] 
2016-09-13T17:40:40.732-0400: 82.435: [GC (GCLocker Initiated GC) [PSYoungGen: 164945K->40334K(192512K)] 676006K->551581K(716800K), 0.0118918 secs] [Times: user=0.09 sys=0.01, real=0.01 secs] 
2016-09-13T17:40:40.916-0400: 82.618: [GC (Allocation Failure) [PSYoungGen: 167822K->30971K(190976K)] 679192K->542608K(715264K), 0.0132258 secs] [Times: user=0.11 sys=0.00, real=0.01 secs] 
2016-09-13T17:40:41.106-0400: 82.809: [GC (GCLocker Initiated GC) [PSYoungGen: 157837K->60018K(188928K)] 670993K->582537K(713216K), 0.0178563 secs] [Times: user=0.18 sys=0.00, real=0.02 secs] 
2016-09-13T17:40:41.124-0400: 82.827: [Full GC (Ergonomics) [PSYoungGen: 60018K->0K(188928K)] [ParOldGen: 522518K->47578K(524288K)] 582537K->47578K(713216K), [Metaspace: 44477K->44477K(1087488K)], 0.0567143 secs] [Times: user=0.30 sys=0.01, real=0.06 secs] 
2016-09-13T17:40:41.350-0400: 83.052: [GC (GCLocker Initiated GC) [PSYoungGen: 125952K->37595K(194048K)] 181134K->92777K(718336K), 0.0102208 secs] [Times: user=0.11 sys=0.00, real=0.01 secs] 
2016-09-13T17:40:41.534-0400: 83.237: [GC (GCLocker Initiated GC) [PSYoungGen: 163547K->52395K(193536K)] 218751K->120195K(717824K), 0.0077282 secs] [Times: user=0.09 sys=0.00, real=0.01 secs] 
2016-09-13T17:40:41.776-0400: 83.479: [GC (Allocation Failure) [PSYoungGen: 179371K->5056K(132096K)] 254937K->89908K(656384K), 0.0328728 secs] [Times: user=0.34 sys=0.00, real=0.03 secs] 
2016-09-13T17:40:41.957-0400: 83.660: [GC (GCLocker Initiated GC) [PSYoungGen: 132032K->29543K(192000K)] 216887K->114639K(716288K), 0.0104959 secs] [Times: user=0.11 sys=0.00, real=0.00 secs] 
2016-09-13T17:40:42.147-0400: 83.850: [GC (GCLocker Initiated GC) [PSYoungGen: 149863K->32357K(153088K)] 235068K->117697K(677376K), 0.0262021 secs] [Times: user=0.23 sys=0.01, real=0.03 secs] 
2016-09-13T17:40:42.321-0400: 84.024: [GC (GCLocker Initiated GC) [PSYoungGen: 152677K->50870K(186368K)] 238040K->136404K(710656K), 0.0077886 secs] [Times: user=0.10 sys=0.00, real=0.01 secs] 
2016-09-13T17:40:42.535-0400: 84.237: [GC (Allocation Failure) [PSYoungGen: 169142K->2237K(188416K)] 260854K->104751K(712704K), 0.0095764 secs] [Times: user=0.12 sys=0.00, real=0.01 secs] 
2016-09-13T17:40:42.738-0400: 84.441: [GC (GCLocker Initiated GC) [PSYoungGen: 120509K->65999K(173568K)] 223041K->168780K(697856K), 0.0135937 secs] [Times: user=0.19 sys=0.00, real=0.01 secs] 
2016-09-13T17:40:42.908-0400: 84.610: [GC (GCLocker Initiated GC) [PSYoungGen: 166351K->14574K(181248K)] 276935K->125222K(705536K), 0.0220791 secs] [Times: user=0.24 sys=0.00, real=0.03 secs] 
2016-09-13T17:40:43.084-0400: 84.787: [GC (GCLocker Initiated GC) [PSYoungGen: 114926K->55400K(176128K)] 225602K->166368K(700416K), 0.0225042 secs] [Times: user=0.26 sys=0.01, real=0.02 secs] 
2016-09-13T17:40:43.250-0400: 84.952: [GC (Allocation Failure) [PSYoungGen: 150632K->5242K(100864K)] 272398K->136282K(625152K), 0.0113144 secs] [Times: user=0.10 sys=0.00, real=0.01 secs] 
2016-09-13T17:40:43.435-0400: 85.138: [GC (GCLocker Initiated GC) [PSYoungGen: 98643K->23628K(180736K)] 235758K->161028K(705024K), 0.0252106 secs] [Times: user=0.30 sys=0.00, real=0.03 secs] 
2016-09-13T17:40:43.585-0400: 85.288: [GC (GCLocker Initiated GC) [PSYoungGen: 119884K->44513K(140800K)] 257444K->182408K(665088K), 0.0139020 secs] [Times: user=0.15 sys=0.00, real=0.02 secs] 
2016-09-13T17:40:43.712-0400: 85.415: [GC (GCLocker Initiated GC) [PSYoungGen: 140769K->54072K(174592K)] 278689K->192253K(698880K), 0.0188087 secs] [Times: user=0.25 sys=0.00, real=0.02 secs] 
2016-09-13T17:40:43.874-0400: 85.577: [GC (GCLocker Initiated GC) [PSYoungGen: 147768K->62866K(156672K)] 286107K->219801K(680960K), 0.0101799 secs] [Times: user=0.10 sys=0.00, real=0.01 secs] 
2016-09-13T17:40:44.019-0400: 85.722: [GC (GCLocker Initiated GC) [PSYoungGen: 156562K->44730K(176640K)] 313605K->201838K(700928K), 0.0218460 secs] [Times: user=0.22 sys=0.00, real=0.02 secs] 
2016-09-13T17:40:44.173-0400: 85.876: [GC (GCLocker Initiated GC) [PSYoungGen: 134330K->9741K(175104K)] 299136K->174846K(699392K), 0.0075912 secs] [Times: user=0.06 sys=0.00, real=0.01 secs] 
2016-09-13T17:40:44.307-0400: 86.010: [GC (GCLocker Initiated GC) [PSYoungGen: 99341K->35719K(168448K)] 272059K->208666K(692736K), 0.0321911 secs] [Times: user=0.40 sys=0.00, real=0.04 secs] 
2016-09-13T17:40:44.472-0400: 86.175: [GC (GCLocker Initiated GC) [PSYoungGen: 126343K->50934K(172032K)] 300884K->231800K(696320K), 0.0069954 secs] [Times: user=0.09 sys=0.01, real=0.01 secs] 
2016-09-13T17:40:44.610-0400: 86.313: [GC (Allocation Failure) [PSYoungGen: 141558K->29767K(176128K)] 324118K->224663K(700416K), 0.0099455 secs] [Times: user=0.14 sys=0.00, real=0.01 secs] 
2016-09-13T17:40:44.786-0400: 86.488: [GC (GCLocker Initiated GC) [PSYoungGen: 128583K->47773K(178176K)] 323482K->242965K(702464K), 0.0124961 secs] [Times: user=0.12 sys=0.00, real=0.02 secs] 
2016-09-13T17:40:44.934-0400: 86.637: [GC (Allocation Failure) [PSYoungGen: 146589K->24864K(179200K)] 348104K->226506K(703488K), 0.0106628 secs] [Times: user=0.07 sys=0.00, real=0.01 secs] 
2016-09-13T17:40:45.112-0400: 86.814: [GC (GCLocker Initiated GC) [PSYoungGen: 128524K->24804K(181248K)] 331684K->228087K(705536K), 0.0293361 secs] [Times: user=0.29 sys=0.00, real=0.03 secs] 
2016-09-13T17:40:45.300-0400: 87.002: [GC (GCLocker Initiated GC) [PSYoungGen: 128740K->47582K(184320K)] 332055K->251091K(708608K), 0.0153477 secs] [Times: user=0.12 sys=0.00, real=0.01 secs] 
2016-09-13T17:40:45.475-0400: 87.178: [GC (GCLocker Initiated GC) [PSYoungGen: 156638K->47804K(184832K)] 360169K->256104K(709120K), 0.0088073 secs] [Times: user=0.09 sys=0.00, real=0.01 secs] 
2016-09-13T17:40:45.673-0400: 87.376: [GC (Allocation Failure) [PSYoungGen: 156860K->8057K(183296K)] 377394K->231885K(707584K), 0.0378041 secs] [Times: user=0.46 sys=0.00, real=0.04 secs] 
2016-09-13T17:40:45.712-0400: 87.414: [GC (GCLocker Initiated GC) [PSYoungGen: 8357K->64K(108032K)] 232185K->239466K(632320K), 0.0028058 secs] [Times: user=0.02 sys=0.00, real=0.00 secs] 
2016-09-13T17:40:45.877-0400: 87.580: [GC (GCLocker Initiated GC) [PSYoungGen: 107584K->47809K(180224K)] 348505K->288746K(704512K), 0.0224412 secs] [Times: user=0.25 sys=0.00, real=0.02 secs] 
2016-09-13T17:40:46.041-0400: 87.744: [GC (GCLocker Initiated GC) [PSYoungGen: 149185K->44725K(181760K)] 390202K->308876K(706048K), 0.0307616 secs] [Times: user=0.33 sys=0.00, real=0.03 secs] 
2016-09-13T17:40:46.220-0400: 87.923: [GC (GCLocker Initiated GC) [PSYoungGen: 146101K->52361K(178176K)] 417992K->324507K(702464K), 0.0064273 secs] [Times: user=0.05 sys=0.01, real=0.00 secs] 
2016-09-13T17:40:46.376-0400: 88.078: [GC (GCLocker Initiated GC) [PSYoungGen: 150665K->26447K(124928K)] 422942K->315751K(649216K), 0.0096678 secs] [Times: user=0.10 sys=0.00, real=0.00 secs] 
2016-09-13T17:40:46.504-0400: 88.207: [GC (GCLocker Initiated GC) [PSYoungGen: 124751K->66057K(168960K)] 414317K->366481K(693248K), 0.0088609 secs] [Times: user=0.09 sys=0.00, real=0.01 secs] 
2016-09-13T17:40:46.649-0400: 88.352: [GC (GCLocker Initiated GC) [PSYoungGen: 156169K->9916K(176128K)] 468854K->322885K(700416K), 0.0048833 secs] [Times: user=0.03 sys=0.00, real=0.00 secs] 
2016-09-13T17:40:46.800-0400: 88.503: [GC (Allocation Failure) [PSYoungGen: 100028K->22082K(171008K)] 413014K->335383K(695296K), 0.0036953 secs] [Times: user=0.04 sys=0.00, real=0.00 secs] 
2016-09-13T17:40:46.927-0400: 88.630: [GC (GCLocker Initiated GC) [PSYoungGen: 112194K->58340K(173568K)] 425498K->379506K(697856K), 0.0152783 secs] [Times: user=0.18 sys=0.00, real=0.02 secs] 
2016-09-13T17:40:47.099-0400: 88.802: [GC (GCLocker Initiated GC) [PSYoungGen: 148452K->24832K(176128K)] 481992K->376838K(700416K), 0.0287049 secs] [Times: user=0.27 sys=0.01, real=0.03 secs] 
2016-09-13T17:40:47.256-0400: 88.959: [GC (Allocation Failure) [PSYoungGen: 115456K->50779K(175104K)] 467710K->403309K(699392K), 0.0216350 secs] [Times: user=0.25 sys=0.00, real=0.02 secs] 
2016-09-13T17:40:47.426-0400: 89.129: [GC (GCLocker Initiated GC) [PSYoungGen: 141287K->43244K(174080K)] 495337K->397577K(698368K), 0.0064127 secs] [Times: user=0.04 sys=0.01, real=0.01 secs] 
2016-09-13T17:40:47.565-0400: 89.268: [GC (GCLocker Initiated GC) [PSYoungGen: 135916K->41697K(175616K)] 493351K->399432K(699904K), 0.0104350 secs] [Times: user=0.10 sys=0.00, real=0.02 secs] 
2016-09-13T17:40:47.714-0400: 89.416: [GC (GCLocker Initiated GC) [PSYoungGen: 134369K->40211K(173568K)] 496892K->402911K(697856K), 0.0233309 secs] [Times: user=0.25 sys=0.00, real=0.03 secs] 
2016-09-13T17:40:47.880-0400: 89.583: [GC (GCLocker Initiated GC) [PSYoungGen: 139539K->43244K(175616K)] 502430K->406357K(699904K), 0.0096247 secs] [Times: user=0.08 sys=0.00, real=0.01 secs] 
2016-09-13T17:40:48.053-0400: 89.756: [GC (GCLocker Initiated GC) [PSYoungGen: 142572K->9927K(185344K)] 518047K->385623K(709632K), 0.0071684 secs] [Times: user=0.07 sys=0.01, real=0.01 secs] 
2016-09-13T17:40:48.252-0400: 89.955: [GC (GCLocker Initiated GC) [PSYoungGen: 120519K->9831K(120832K)] 508631K->398144K(645120K), 0.0100207 secs] [Times: user=0.10 sys=0.00, real=0.01 secs] 
2016-09-13T17:40:48.437-0400: 90.139: [GC (GCLocker Initiated GC) [PSYoungGen: 120423K->26409K(188928K)] 508758K->414957K(713216K), 0.0165638 secs] [Times: user=0.14 sys=0.00, real=0.01 secs] 
2016-09-13T17:40:48.621-0400: 90.324: [GC (GCLocker Initiated GC) [PSYoungGen: 139049K->29548K(142336K)] 527775K->427620K(666624K), 0.0114452 secs] [Times: user=0.10 sys=0.00, real=0.01 secs] 
2016-09-13T17:40:48.812-0400: 90.515: [GC (Allocation Failure) [PSYoungGen: 142188K->43116K(181760K)] 540500K->441621K(706048K), 0.0103526 secs] [Times: user=0.09 sys=0.00, real=0.01 secs] 
2016-09-13T17:40:48.999-0400: 90.702: [GC (GCLocker Initiated GC) [PSYoungGen: 155244K->31002K(182272K)] 553760K->429763K(706560K), 0.0373826 secs] [Times: user=0.39 sys=0.00, real=0.04 secs] 
2016-09-13T17:40:49.213-0400: 90.916: [GC (GCLocker Initiated GC) [PSYoungGen: 143130K->28152K(189440K)] 549631K->434820K(713728K), 0.0326482 secs] [Times: user=0.39 sys=0.00, real=0.03 secs] 
2016-09-13T17:40:49.436-0400: 91.139: [GC (GCLocker Initiated GC) [PSYoungGen: 153080K->50777K(188928K)] 560016K->457973K(713216K), 0.0075117 secs] [Times: user=0.06 sys=0.00, real=0.00 secs] 
2016-09-13T17:40:49.628-0400: 91.331: [GC (GCLocker Initiated GC) [PSYoungGen: 175705K->41694K(195072K)] 583173K->449273K(719360K), 0.0130331 secs] [Times: user=0.12 sys=0.00, real=0.01 secs] 
2016-09-13T17:40:49.807-0400: 91.510: [GC (GCLocker Initiated GC) [PSYoungGen: 169182K->9799K(137728K)] 585968K->426691K(662016K), 0.0044659 secs] [Times: user=0.03 sys=0.00, real=0.01 secs] 
2016-09-13T17:40:50.007-0400: 91.710: [GC (Allocation Failure) [PSYoungGen: 137287K->41687K(194048K)] 555978K->460661K(718336K), 0.0201291 secs] [Times: user=0.19 sys=0.00, real=0.02 secs] 
2016-09-13T17:40:50.217-0400: 91.920: [GC (GCLocker Initiated GC) [PSYoungGen: 167473K->46154K(172544K)] 587965K->466923K(696832K), 0.0175298 secs] [Times: user=0.13 sys=0.00, real=0.01 secs] 
2016-09-13T17:40:50.414-0400: 92.117: [GC (GCLocker Initiated GC) [PSYoungGen: 172106K->29521K(195072K)] 592884K->450429K(719360K), 0.0111496 secs] [Times: user=0.10 sys=0.00, real=0.01 secs] 
2016-09-13T17:40:50.614-0400: 92.317: [GC (GCLocker Initiated GC) [PSYoungGen: 155473K->48087K(193024K)] 576456K->469438K(717312K), 0.0062536 secs] [Times: user=0.07 sys=0.00, real=0.01 secs] 
2016-09-13T17:40:50.823-0400: 92.525: [GC (GCLocker Initiated GC) [PSYoungGen: 174039K->32772K(191488K)] 595562K->459198K(715776K), 0.0070346 secs] [Times: user=0.08 sys=0.00, real=0.01 secs] 
2016-09-13T17:40:51.024-0400: 92.726: [GC (GCLocker Initiated GC) [PSYoungGen: 159236K->49254K(192512K)] 585699K->475844K(716800K), 0.0149808 secs] [Times: user=0.12 sys=0.00, real=0.02 secs] 
2016-09-13T17:40:51.254-0400: 92.957: [GC (GCLocker Initiated GC) [PSYoungGen: 175718K->41443K(194560K)] 608385K->474355K(718848K), 0.0189680 secs] [Times: user=0.15 sys=0.01, real=0.02 secs] 
2016-09-13T17:40:51.454-0400: 93.157: [GC (GCLocker Initiated GC) [PSYoungGen: 168931K->66253K(194048K)] 601906K->499399K(718336K), 0.0070099 secs] [Times: user=0.06 sys=0.00, real=0.01 secs] 
2016-09-13T17:40:51.653-0400: 93.356: [GC (Allocation Failure) [PSYoungGen: 193741K->24918K(182784K)] 633174K->464560K(707072K), 0.0189597 secs] [Times: user=0.24 sys=0.01, real=0.02 secs] 
2016-09-13T17:40:51.856-0400: 93.558: [GC (GCLocker Initiated GC) [PSYoungGen: 139347K->28120K(188416K)] 585064K->474058K(712704K), 0.0063888 secs] [Times: user=0.07 sys=0.00, real=0.00 secs] 
2016-09-13T17:40:52.041-0400: 93.743: [GC (GCLocker Initiated GC) [PSYoungGen: 142808K->27966K(182784K)] 588768K->474070K(707072K), 0.0164640 secs] [Times: user=0.14 sys=0.00, real=0.02 secs] 
2016-09-13T17:40:52.243-0400: 93.945: [GC (Allocation Failure) [PSYoungGen: 144190K->23441K(186368K)] 590296K->471228K(710656K), 0.0277709 secs] [Times: user=0.30 sys=0.00, real=0.03 secs] 
2016-09-13T17:40:52.452-0400: 94.155: [GC (GCLocker Initiated GC) [PSYoungGen: 139665K->49286K(189952K)] 587461K->497350K(714240K), 0.0387435 secs] [Times: user=0.38 sys=0.00, real=0.04 secs] 
2016-09-13T17:40:52.659-0400: 94.362: [GC (GCLocker Initiated GC) [PSYoungGen: 170118K->44704K(191488K)] 618248K->497518K(715776K), 0.0318315 secs] [Times: user=0.35 sys=0.00, real=0.03 secs] 
2016-09-13T17:40:52.847-0400: 94.550: [GC (GCLocker Initiated GC) [PSYoungGen: 165536K->43116K(188416K)] 618565K->499392K(712704K), 0.0071033 secs] [Times: user=0.06 sys=0.00, real=0.01 secs] 
2016-09-13T17:40:53.027-0400: 94.730: [GC (GCLocker Initiated GC) [PSYoungGen: 163948K->47677K(189952K)] 620431K->504421K(714240K), 0.0298291 secs] [Times: user=0.27 sys=0.00, real=0.04 secs] 
2016-09-13T17:40:53.228-0400: 94.930: [GC (GCLocker Initiated GC) [PSYoungGen: 168509K->44801K(191488K)] 626989K->512666K(715776K), 0.0102064 secs] [Times: user=0.15 sys=0.00, real=0.01 secs] 
2016-09-13T17:40:53.417-0400: 95.120: [GC (GCLocker Initiated GC) [PSYoungGen: 168193K->30907K(192000K)] 642210K->505106K(716288K), 0.0148080 secs] [Times: user=0.18 sys=0.00, real=0.01 secs] 
2016-09-13T17:40:53.626-0400: 95.329: [GC (GCLocker Initiated GC) [PSYoungGen: 154299K->41688K(189952K)] 630207K->517864K(714240K), 0.0201050 secs] [Times: user=0.18 sys=0.01, real=0.02 secs] 
2016-09-13T17:40:53.831-0400: 95.533: [GC (GCLocker Initiated GC) [PSYoungGen: 167640K->47737K(191488K)] 643940K->524247K(715776K), 0.0131319 secs] [Times: user=0.13 sys=0.01, real=0.01 secs] 
2016-09-13T17:40:54.026-0400: 95.728: [GC (GCLocker Initiated GC) [PSYoungGen: 173689K->61661K(184832K)] 650241K->546060K(709120K), 0.0084656 secs] [Times: user=0.11 sys=0.00, real=0.01 secs] 
2016-09-13T17:40:54.215-0400: 95.918: [GC (GCLocker Initiated GC) [PSYoungGen: 180445K->14387K(133632K)] 670952K->509634K(657920K), 0.0137400 secs] [Times: user=0.13 sys=0.00, real=0.02 secs] 
2016-09-13T17:40:54.410-0400: 96.113: [GC (GCLocker Initiated GC) [PSYoungGen: 133171K->51052K(187392K)] 628488K->552701K(711680K), 0.0083981 secs] [Times: user=0.12 sys=0.00, real=0.01 secs] 
2016-09-13T17:40:54.586-0400: 96.289: [GC (Allocation Failure) [PSYoungGen: 164716K->28088K(141824K)] 666620K->531739K(666112K), 0.0151511 secs] [Times: user=0.14 sys=0.00, real=0.02 secs] 
2016-09-13T17:40:54.764-0400: 96.467: [GC (GCLocker Initiated GC) [PSYoungGen: 140076K->9767K(185856K)] 649802K->519695K(710144K), 0.0258145 secs] [Times: user=0.30 sys=0.01, real=0.03 secs] 
2016-09-13T17:40:54.962-0400: 96.665: [GC (GCLocker Initiated GC) [PSYoungGen: 122407K->41603K(154624K)] 634159K->553572K(678912K), 0.0269747 secs] [Times: user=0.29 sys=0.00, real=0.03 secs] 
2016-09-13T17:40:55.141-0400: 96.844: [GC (GCLocker Initiated GC) [PSYoungGen: 154243K->57041K(181248K)] 666237K->569181K(705536K), 0.0070585 secs] [Times: user=0.09 sys=0.00, real=0.01 secs] 
2016-09-13T17:40:55.311-0400: 97.014: [GC (GCLocker Initiated GC) [PSYoungGen: 165585K->23350K(185344K)] 679269K->541816K(709632K), 0.0062742 secs] [Times: user=0.05 sys=0.00, real=0.01 secs] 
2016-09-13T17:40:55.318-0400: 97.021: [Full GC (Ergonomics) [PSYoungGen: 23350K->0K(185344K)] [ParOldGen: 518466K->34557K(524288K)] 541816K->34557K(709632K), [Metaspace: 44517K->44517K(1087488K)], 0.0579774 secs] [Times: user=0.39 sys=0.01, real=0.06 secs] 
2016-09-13T17:40:55.539-0400: 97.242: [GC (GCLocker Initiated GC) [PSYoungGen: 108544K->49415K(185344K)] 143126K->83998K(709632K), 0.0138109 secs] [Times: user=0.15 sys=0.01, real=0.01 secs] 
2016-09-13T17:40:55.703-0400: 97.406: [GC (GCLocker Initiated GC) [PSYoungGen: 158983K->63024K(173056K)] 195115K->102569K(697344K), 0.0100605 secs] [Times: user=0.09 sys=0.00, real=0.01 secs] 
2016-09-13T17:40:55.864-0400: 97.567: [GC (Allocation Failure) [PSYoungGen: 172592K->41885K(184320K)] 213688K->95443K(708608K), 0.0240753 secs] [Times: user=0.28 sys=0.01, real=0.03 secs] 
2016-09-13T17:40:56.050-0400: 97.753: [GC (Allocation Failure) [PSYoungGen: 139714K->23373K(125952K)] 193272K->77086K(650240K), 0.0154814 secs] [Times: user=0.18 sys=0.01, real=0.01 secs] 
2016-09-13T17:40:56.201-0400: 97.904: [GC (GCLocker Initiated GC) [PSYoungGen: 123521K->32459K(182272K)] 183308K->92401K(706560K), 0.0257577 secs] [Times: user=0.34 sys=0.00, real=0.02 secs] 
2016-09-13T17:40:56.378-0400: 98.081: [GC (GCLocker Initiated GC) [PSYoungGen: 137419K->23659K(179712K)] 203439K->89900K(704000K), 0.0108720 secs] [Times: user=0.14 sys=0.00, real=0.01 secs] 
2016-09-13T17:40:56.547-0400: 98.250: [GC (GCLocker Initiated GC) [PSYoungGen: 128619K->14515K(183808K)] 194946K->81154K(708096K), 0.0138274 secs] [Times: user=0.16 sys=0.00, real=0.02 secs] 
2016-09-13T17:40:56.705-0400: 98.408: [GC (GCLocker Initiated GC) [PSYoungGen: 124595K->52197K(183808K)] 191321K->119191K(708096K), 0.0073113 secs] [Times: user=0.05 sys=0.00, real=0.01 secs] 
2016-09-13T17:40:56.899-0400: 98.602: [GC (GCLocker Initiated GC) [PSYoungGen: 162277K->21853K(186880K)] 238512K->104227K(711168K), 0.0069957 secs] [Times: user=0.04 sys=0.01, real=0.00 secs] 
2016-09-13T17:40:57.099-0400: 98.801: [GC (GCLocker Initiated GC) [PSYoungGen: 132957K->31222K(142336K)] 224558K->123131K(666624K), 0.0098810 secs] [Times: user=0.10 sys=0.00, real=0.01 secs] 
2016-09-13T17:40:57.274-0400: 98.977: [GC (GCLocker Initiated GC) [PSYoungGen: 142326K->69062K(172032K)] 234458K->162965K(696320K), 0.0103930 secs] [Times: user=0.08 sys=0.00, real=0.01 secs] 
2016-09-13T17:40:57.453-0400: 99.156: [GC (GCLocker Initiated GC) [PSYoungGen: 169414K->9735K(110592K)] 277086K->140535K(634880K), 0.0155524 secs] [Times: user=0.14 sys=0.00, real=0.02 secs] 
2016-09-13T17:40:57.615-0400: 99.318: [GC (GCLocker Initiated GC) [PSYoungGen: 110087K->32713K(184832K)] 241122K->163870K(709120K), 0.0257149 secs] [Times: user=0.26 sys=0.01, real=0.03 secs] 
2016-09-13T17:40:57.808-0400: 99.511: [GC (GCLocker Initiated GC) [PSYoungGen: 136137K->32677K(136192K)] 273508K->170281K(660480K), 0.0113406 secs] [Times: user=0.11 sys=0.00, real=0.01 secs] 
2016-09-13T17:40:57.979-0400: 99.682: [GC (Allocation Failure) [PSYoungGen: 134207K->5270K(175104K)] 271811K->153748K(699392K), 0.0219597 secs] [Times: user=0.25 sys=0.00, real=0.02 secs] 
2016-09-13T17:40:58.129-0400: 99.832: [GC (GCLocker Initiated GC) [PSYoungGen: 107158K->50816K(176640K)] 255636K->199499K(700928K), 0.0070782 secs] [Times: user=0.06 sys=0.00, real=0.01 secs] 
2016-09-13T17:40:58.306-0400: 100.009: [GC (GCLocker Initiated GC) [PSYoungGen: 152704K->47735K(182784K)] 303066K->202827K(707072K), 0.0254638 secs] [Times: user=0.26 sys=0.00, real=0.03 secs] 
2016-09-13T17:40:58.471-0400: 100.174: [GC (GCLocker Initiated GC) [PSYoungGen: 153207K->49352K(155136K)] 308325K->204800K(679424K), 0.0070429 secs] [Times: user=0.06 sys=0.00, real=0.01 secs] 
2016-09-13T17:40:58.645-0400: 100.348: [GC (GCLocker Initiated GC) [PSYoungGen: 154824K->26596K(185344K)] 310455K->188425K(709632K), 0.0098712 secs] [Times: user=0.10 sys=0.00, real=0.01 secs] 
2016-09-13T17:40:58.807-0400: 100.510: [GC (GCLocker Initiated GC) [PSYoungGen: 132580K->19045K(125440K)] 302028K->188886K(649728K), 0.0107951 secs] [Times: user=0.11 sys=0.00, real=0.02 secs] 
2016-09-13T17:40:58.984-0400: 100.687: [GC (GCLocker Initiated GC) [PSYoungGen: 125029K->31030K(184832K)] 294948K->207265K(709120K), 0.0061008 secs] [Times: user=0.05 sys=0.00, real=0.01 secs] 
2016-09-13T17:40:59.143-0400: 100.846: [GC (GCLocker Initiated GC) [PSYoungGen: 140598K->41635K(181248K)] 317172K->224427K(705536K), 0.0187091 secs] [Times: user=0.18 sys=0.00, real=0.02 secs] 
2016-09-13T17:40:59.325-0400: 101.028: [GC (Allocation Failure) [PSYoungGen: 151203K->41820K(186368K)] 335777K->226575K(710656K), 0.0221496 secs] [Times: user=0.25 sys=0.00, real=0.03 secs] 
2016-09-13T17:40:59.515-0400: 101.217: [GC (GCLocker Initiated GC) [PSYoungGen: 157532K->49319K(185856K)] 342296K->234489K(710144K), 0.0054945 secs] [Times: user=0.04 sys=0.00, real=0.01 secs] 
2016-09-13T17:40:59.719-0400: 101.422: [GC (GCLocker Initiated GC) [PSYoungGen: 165031K->44799K(190976K)] 351968K->231879K(715264K), 0.0212763 secs] [Times: user=0.21 sys=0.01, real=0.02 secs] 
2016-09-13T17:40:59.907-0400: 101.610: [GC (GCLocker Initiated GC) [PSYoungGen: 164095K->64379K(183808K)] 352908K->253452K(708096K), 0.0114852 secs] [Times: user=0.12 sys=0.00, real=0.02 secs] 
2016-09-13T17:41:00.106-0400: 101.809: [GC (GCLocker Initiated GC) [PSYoungGen: 183675K->26759K(185856K)] 386590K->229805K(710144K), 0.0131752 secs] [Times: user=0.13 sys=0.00, real=0.02 secs] 
2016-09-13T17:41:00.295-0400: 101.997: [GC (GCLocker Initiated GC) [PSYoungGen: 134791K->44826K(153088K)] 337861K->248193K(677376K), 0.0059916 secs] [Times: user=0.04 sys=0.00, real=0.01 secs] 
2016-09-13T17:41:00.476-0400: 102.179: [GC (GCLocker Initiated GC) [PSYoungGen: 152858K->46186K(183808K)] 356331K->249852K(708096K), 0.0245186 secs] [Times: user=0.23 sys=0.00, real=0.02 secs] 
2016-09-13T17:41:00.659-0400: 102.361: [GC (GCLocker Initiated GC) [PSYoungGen: 155242K->24954K(182784K)] 364999K->236434K(707072K), 0.0255772 secs] [Times: user=0.24 sys=0.00, real=0.02 secs] 
2016-09-13T17:41:00.854-0400: 102.557: [GC (Allocation Failure) [PSYoungGen: 134010K->11259K(185856K)] 351645K->233708K(710144K), 0.0162822 secs] [Times: user=0.14 sys=0.00, real=0.02 secs] 
2016-09-13T17:41:01.040-0400: 102.742: [GC (GCLocker Initiated GC) [PSYoungGen: 123344K->22007K(186880K)] 347311K->252309K(711168K), 0.0135935 secs] [Times: user=0.12 sys=0.00, real=0.01 secs] 
2016-09-13T17:41:01.212-0400: 102.915: [GC (GCLocker Initiated GC) [PSYoungGen: 134647K->46280K(186880K)] 365206K->277124K(711168K), 0.0131808 secs] [Times: user=0.12 sys=0.00, real=0.01 secs] 
2016-09-13T17:41:01.397-0400: 103.100: [GC (GCLocker Initiated GC) [PSYoungGen: 160456K->29507K(143872K)] 391313K->260623K(668160K), 0.0063622 secs] [Times: user=0.05 sys=0.00, real=0.00 secs] 
2016-09-13T17:41:01.557-0400: 103.260: [GC (Allocation Failure) [PSYoungGen: 143683K->24987K(188416K)] 375025K->262535K(712704K), 0.0218201 secs] [Times: user=0.24 sys=0.01, real=0.02 secs] 
2016-09-13T17:41:01.758-0400: 103.461: [GC (GCLocker Initiated GC) [PSYoungGen: 142747K->46128K(186880K)] 380298K->283947K(711168K), 0.0096430 secs] [Times: user=0.09 sys=0.01, real=0.00 secs] 
2016-09-13T17:41:01.969-0400: 103.672: [GC (Allocation Failure) [PSYoungGen: 163888K->6820K(189952K)] 401729K->244859K(714240K), 0.0085045 secs] [Times: user=0.11 sys=0.00, real=0.01 secs] 
2016-09-13T17:41:02.160-0400: 103.863: [GC (Allocation Failure) [PSYoungGen: 126628K->28147K(147968K)] 364667K->277034K(672256K), 0.0207665 secs] [Times: user=0.23 sys=0.01, real=0.02 secs] 
2016-09-13T17:41:02.385-0400: 104.087: [GC (GCLocker Initiated GC) [PSYoungGen: 146919K->49037K(186368K)] 397325K->299636K(710656K), 0.0074270 secs] [Times: user=0.05 sys=0.00, real=0.01 secs] 
2016-09-13T17:41:02.548-0400: 104.251: [GC (GCLocker Initiated GC) [PSYoungGen: 167309K->23372K(188928K)] 425737K->281922K(713216K), 0.0097320 secs] [Times: user=0.09 sys=0.00, real=0.01 secs] 
2016-09-13T17:41:02.713-0400: 104.415: [GC (GCLocker Initiated GC) [PSYoungGen: 141644K->46096K(190976K)] 400258K->304911K(715264K), 0.0133781 secs] [Times: user=0.12 sys=0.00, real=0.01 secs] 
2016-09-13T17:41:02.946-0400: 104.648: [GC (GCLocker Initiated GC) [PSYoungGen: 167952K->23431K(145408K)] 433058K->294735K(669696K), 0.0059677 secs] [Times: user=0.04 sys=0.00, real=0.01 secs] 
2016-09-13T17:41:03.129-0400: 104.832: [GC (GCLocker Initiated GC) [PSYoungGen: 145287K->35463K(194048K)] 418255K->308676K(718336K), 0.0084313 secs] [Times: user=0.06 sys=0.00, real=0.01 secs] 
2016-09-13T17:41:03.384-0400: 105.087: [GC (GCLocker Initiated GC) [PSYoungGen: 160903K->23408K(191488K)] 434120K->296806K(715776K), 0.0166032 secs] [Times: user=0.19 sys=0.00, real=0.02 secs] 
2016-09-13T17:41:03.602-0400: 105.304: [GC (GCLocker Initiated GC) [PSYoungGen: 148848K->31089K(193024K)] 422296K->304774K(717312K), 0.0136853 secs] [Times: user=0.11 sys=0.00, real=0.01 secs] 
2016-09-13T17:41:03.803-0400: 105.505: [GC (GCLocker Initiated GC) [PSYoungGen: 161649K->59886K(192000K)] 447526K->351961K(716288K), 0.0156813 secs] [Times: user=0.13 sys=0.00, real=0.02 secs] 
2016-09-13T17:41:04.032-0400: 105.735: [GC (GCLocker Initiated GC) [PSYoungGen: 190446K->30971K(196096K)] 482610K->367405K(720384K), 0.0187556 secs] [Times: user=0.17 sys=0.00, real=0.02 secs] 
2016-09-13T17:41:04.217-0400: 105.920: [GC (GCLocker Initiated GC) [PSYoungGen: 158459K->31183K(158720K)] 496517K->374008K(683008K), 0.0107476 secs] [Times: user=0.09 sys=0.00, real=0.01 secs] 
2016-09-13T17:41:04.413-0400: 106.115: [GC (GCLocker Initiated GC) [PSYoungGen: 158671K->9836K(189952K)] 509347K->371588K(714240K), 0.0100520 secs] [Times: user=0.10 sys=0.00, real=0.01 secs] 
2016-09-13T17:41:04.608-0400: 106.311: [GC (GCLocker Initiated GC) [PSYoungGen: 136300K->31002K(190976K)] 498235K->393124K(715264K), 0.0083897 secs] [Times: user=0.06 sys=0.00, real=0.01 secs] 
2016-09-13T17:41:04.849-0400: 106.552: [GC (GCLocker Initiated GC) [PSYoungGen: 157466K->46585K(193024K)] 521263K->410656K(717312K), 0.0081987 secs] [Times: user=0.11 sys=0.00, real=0.01 secs] 
2016-09-13T17:41:05.065-0400: 106.767: [GC (GCLocker Initiated GC) [PSYoungGen: 178169K->38470K(195584K)] 551577K->412079K(719872K), 0.0081225 secs] [Times: user=0.06 sys=0.00, real=0.01 secs] 
2016-09-13T17:41:05.254-0400: 106.957: [GC (GCLocker Initiated GC) [PSYoungGen: 170054K->41602K(197120K)] 546851K->418514K(721408K), 0.0087465 secs] [Times: user=0.07 sys=0.01, real=0.01 secs] 
2016-09-13T17:41:05.480-0400: 107.183: [GC (GCLocker Initiated GC) [PSYoungGen: 176770K->46185K(181760K)] 553863K->423451K(706048K), 0.0133581 secs] [Times: user=0.11 sys=0.00, real=0.01 secs] 
2016-09-13T17:41:05.708-0400: 107.411: [GC (GCLocker Initiated GC) [PSYoungGen: 181353K->27897K(199168K)] 560271K->407009K(723456K), 0.0216427 secs] [Times: user=0.23 sys=0.00, real=0.02 secs] 
2016-09-13T17:41:05.925-0400: 107.628: [GC (GCLocker Initiated GC) [PSYoungGen: 162553K->44693K(197632K)] 541837K->424143K(721920K), 0.0191146 secs] [Times: user=0.20 sys=0.00, real=0.02 secs] 
2016-09-13T17:41:06.181-0400: 107.884: [GC (Allocation Failure) [PSYoungGen: 179349K->23313K(198144K)] 558935K->403135K(722432K), 0.0148319 secs] [Times: user=0.14 sys=0.00, real=0.02 secs] 
2016-09-13T17:41:06.401-0400: 108.104: [GC (GCLocker Initiated GC) [PSYoungGen: 154177K->12591K(198144K)] 540074K->398615K(722432K), 0.0113244 secs] [Times: user=0.11 sys=0.00, real=0.01 secs] 
2016-09-13T17:41:06.587-0400: 108.290: [GC (GCLocker Initiated GC) [PSYoungGen: 147759K->26505K(196096K)] 533964K->412790K(720384K), 0.0098030 secs] [Times: user=0.09 sys=0.00, real=0.02 secs] 
2016-09-13T17:41:06.811-0400: 108.513: [GC (Allocation Failure) [PSYoungGen: 161673K->41569K(197120K)] 548212K->428266K(721408K), 0.0151778 secs] [Times: user=0.13 sys=0.01, real=0.01 secs] 
2016-09-13T17:41:07.037-0400: 108.739: [GC (Allocation Failure) [PSYoungGen: 176737K->26437K(197632K)] 563434K->413244K(721920K), 0.0242341 secs] [Times: user=0.30 sys=0.00, real=0.02 secs] 
2016-09-13T17:41:07.274-0400: 108.976: [GC (Allocation Failure) [PSYoungGen: 164165K->46223K(198656K)] 550972K->433266K(722944K), 0.0268550 secs] [Times: user=0.33 sys=0.00, real=0.03 secs] 
2016-09-13T17:41:07.463-0400: 109.166: [GC (GCLocker Initiated GC) [PSYoungGen: 182779K->46280K(195072K)] 571342K->435036K(719360K), 0.0220373 secs] [Times: user=0.22 sys=0.00, real=0.02 secs] 
2016-09-13T17:41:07.681-0400: 109.383: [GC (GCLocker Initiated GC) [PSYoungGen: 178376K->52362K(184832K)] 567152K->441422K(709120K), 0.0106078 secs] [Times: user=0.11 sys=0.00, real=0.01 secs] 
2016-09-13T17:41:07.887-0400: 109.590: [GC (GCLocker Initiated GC) [PSYoungGen: 184458K->24892K(195072K)] 579769K->426437K(719360K), 0.0215272 secs] [Times: user=0.20 sys=0.00, real=0.03 secs] 
2016-09-13T17:41:08.098-0400: 109.801: [GC (GCLocker Initiated GC) [PSYoungGen: 151356K->51061K(177664K)] 553132K->453042K(701952K), 0.0108386 secs] [Times: user=0.11 sys=0.01, real=0.01 secs] 
2016-09-13T17:41:08.298-0400: 110.001: [GC (GCLocker Initiated GC) [PSYoungGen: 177525K->46280K(191488K)] 587225K->456319K(715776K), 0.0086975 secs] [Times: user=0.07 sys=0.00, real=0.00 secs] 
2016-09-13T17:41:08.498-0400: 110.201: [GC (GCLocker Initiated GC) [PSYoungGen: 168136K->50652K(172544K)] 584286K->466971K(696832K), 0.0149410 secs] [Times: user=0.13 sys=0.00, real=0.01 secs] 
2016-09-13T17:41:08.700-0400: 110.402: [GC (GCLocker Initiated GC) [PSYoungGen: 172508K->52170K(187392K)] 592048K->476381K(711680K), 0.0226189 secs] [Times: user=0.23 sys=0.00, real=0.02 secs] 
2016-09-13T17:41:08.898-0400: 110.601: [GC (GCLocker Initiated GC) [PSYoungGen: 167882K->50838K(166912K)] 592124K->475322K(691200K), 0.0135866 secs] [Times: user=0.16 sys=0.00, real=0.01 secs] 
2016-09-13T17:41:09.099-0400: 110.802: [GC (GCLocker Initiated GC) [PSYoungGen: 166550K->35935K(190464K)] 597224K->478988K(714752K), 0.0102353 secs] [Times: user=0.13 sys=0.00, real=0.01 secs] 
2016-09-13T17:41:09.298-0400: 111.001: [GC (GCLocker Initiated GC) [PSYoungGen: 152671K->41602K(158720K)] 603408K->492556K(683008K), 0.0070013 secs] [Times: user=0.05 sys=0.00, real=0.00 secs] 
2016-09-13T17:41:09.498-0400: 111.201: [GC (GCLocker Initiated GC) [PSYoungGen: 158338K->28056K(185856K)] 617060K->491662K(710144K), 0.0235041 secs] [Times: user=0.26 sys=0.00, real=0.02 secs] 
2016-09-13T17:41:09.699-0400: 111.402: [GC (GCLocker Initiated GC) [PSYoungGen: 145304K->55395K(185344K)] 615235K->525583K(709632K), 0.0183232 secs] [Times: user=0.21 sys=0.01, real=0.02 secs] 
2016-09-13T17:41:09.898-0400: 111.600: [GC (GCLocker Initiated GC) [PSYoungGen: 172643K->29516K(192000K)] 656553K->513647K(716288K), 0.0116792 secs] [Times: user=0.15 sys=0.00, real=0.01 secs] 
2016-09-13T17:41:10.100-0400: 111.802: [GC (GCLocker Initiated GC) [PSYoungGen: 150348K->47518K(190976K)] 640566K->542462K(715264K), 0.0322097 secs] [Times: user=0.32 sys=0.00, real=0.03 secs] 
2016-09-13T17:41:10.305-0400: 112.007: [GC (GCLocker Initiated GC) [PSYoungGen: 168350K->64788K(180736K)] 664957K->561589K(705024K), 0.0101785 secs] [Times: user=0.11 sys=0.01, real=0.01 secs] 
2016-09-13T17:41:10.501-0400: 112.204: [GC (GCLocker Initiated GC) [PSYoungGen: 175380K->32523K(186368K)] 684561K->541956K(710656K), 0.0072906 secs] [Times: user=0.08 sys=0.00, real=0.01 secs] 
2016-09-13T17:41:10.684-0400: 112.387: [GC (GCLocker Initiated GC) [PSYoungGen: 143115K->47928K(182272K)] 652579K->557563K(706560K), 0.0075052 secs] [Times: user=0.08 sys=0.00, real=0.01 secs] 
2016-09-13T17:41:10.890-0400: 112.592: [GC (GCLocker Initiated GC) [PSYoungGen: 159544K->46313K(184832K)] 669380K->567080K(709120K), 0.0214494 secs] [Times: user=0.21 sys=0.00, real=0.02 secs] 
2016-09-13T17:41:10.911-0400: 112.614: [Full GC (Ergonomics) [PSYoungGen: 46313K->0K(184832K)] [ParOldGen: 520766K->39693K(524288K)] 567080K->39693K(709120K), [Metaspace: 44550K->44550K(1087488K)], 0.0516094 secs] [Times: user=0.31 sys=0.01, real=0.05 secs] 
2016-09-13T17:41:11.113-0400: 112.816: [GC (GCLocker Initiated GC) [PSYoungGen: 111616K->44895K(183808K)] 157423K->90711K(708096K), 0.0092056 secs] [Times: user=0.10 sys=0.00, real=0.01 secs] 
2016-09-13T17:41:11.279-0400: 112.982: [GC (GCLocker Initiated GC) [PSYoungGen: 162143K->47992K(186880K)] 207984K->126117K(711168K), 0.0204771 secs] [Times: user=0.25 sys=0.00, real=0.02 secs] 
2016-09-13T17:41:11.474-0400: 113.177: [GC (GCLocker Initiated GC) [PSYoungGen: 165240K->10198K(187392K)] 255809K->114685K(711680K), 0.0096858 secs] [Times: user=0.10 sys=0.00, real=0.01 secs] 
2016-09-13T17:41:11.660-0400: 113.362: [GC (GCLocker Initiated GC) [PSYoungGen: 128982K->26474K(190464K)] 239564K->137390K(714752K), 0.0054366 secs] [Times: user=0.03 sys=0.00, real=0.00 secs] 
2016-09-13T17:41:11.855-0400: 113.558: [GC (GCLocker Initiated GC) [PSYoungGen: 145258K->28119K(186880K)] 262459K->157624K(711168K), 0.0070062 secs] [Times: user=0.07 sys=0.01, real=0.01 secs] 
2016-09-13T17:41:12.054-0400: 113.757: [GC (GCLocker Initiated GC) [PSYoungGen: 147415K->46469K(188928K)] 277119K->176414K(713216K), 0.0192545 secs] [Times: user=0.26 sys=0.00, real=0.02 secs] 
2016-09-13T17:41:12.281-0400: 113.984: [GC (GCLocker Initiated GC) [PSYoungGen: 165765K->34227K(188416K)] 301839K->170507K(712704K), 0.0091907 secs] [Times: user=0.11 sys=0.00, real=0.01 secs] 
2016-09-13T17:41:12.466-0400: 114.169: [GC (Allocation Failure) [PSYoungGen: 157107K->38559K(190464K)] 295120K->182849K(714752K), 0.0087471 secs] [Times: user=0.07 sys=0.00, real=0.01 secs] 
2016-09-13T17:41:12.649-0400: 114.352: [GC (GCLocker Initiated GC) [PSYoungGen: 161439K->50992K(191488K)] 305734K->195505K(715776K), 0.0247783 secs] [Times: user=0.26 sys=0.00, real=0.02 secs] 
2016-09-13T17:41:12.858-0400: 114.561: [GC (GCLocker Initiated GC) [PSYoungGen: 177968K->50902K(193536K)] 322567K->195742K(717824K), 0.0081278 secs] [Times: user=0.09 sys=0.00, real=0.00 secs] 
2016-09-13T17:41:13.058-0400: 114.761: [GC (Allocation Failure) [PSYoungGen: 177878K->46158K(194560K)] 322933K->192925K(718848K), 0.0150901 secs] [Times: user=0.14 sys=0.00, real=0.01 secs] 
2016-09-13T17:41:13.262-0400: 114.965: [GC (GCLocker Initiated GC) [PSYoungGen: 172622K->46256K(173056K)] 319395K->193188K(697344K), 0.0227694 secs] [Times: user=0.25 sys=0.00, real=0.02 secs] 
2016-09-13T17:41:13.500-0400: 115.202: [GC (GCLocker Initiated GC) [PSYoungGen: 172720K->19072K(191488K)] 328786K->175309K(715776K), 0.0143602 secs] [Times: user=0.16 sys=0.00, real=0.01 secs] 
2016-09-13T17:41:13.692-0400: 115.395: [GC (GCLocker Initiated GC) [PSYoungGen: 144000K->31061K(193024K)] 312525K->201338K(717312K), 0.0101569 secs] [Times: user=0.08 sys=0.00, real=0.01 secs] 
2016-09-13T17:41:13.907-0400: 115.610: [GC (GCLocker Initiated GC) [PSYoungGen: 155989K->41639K(190976K)] 327865K->213767K(715264K), 0.0313646 secs] [Times: user=0.28 sys=0.00, real=0.04 secs] 
2016-09-13T17:41:14.120-0400: 115.823: [GC (Allocation Failure) [PSYoungGen: 169127K->47895K(192512K)] 341448K->220441K(716800K), 0.0136001 secs] [Times: user=0.14 sys=0.00, real=0.01 secs] 
2016-09-13T17:41:14.341-0400: 116.044: [GC (GCLocker Initiated GC) [PSYoungGen: 175383K->47768K(196096K)] 347937K->220540K(720384K), 0.0142000 secs] [Times: user=0.15 sys=0.00, real=0.01 secs] 
2016-09-13T17:41:14.530-0400: 116.233: [GC (GCLocker Initiated GC) [PSYoungGen: 177816K->50907K(181248K)] 350659K->223935K(705536K), 0.0252398 secs] [Times: user=0.26 sys=0.00, real=0.02 secs] 
2016-09-13T17:41:14.767-0400: 116.469: [GC (Allocation Failure) [PSYoungGen: 180955K->23441K(193536K)] 360110K->211958K(717824K), 0.0252968 secs] [Times: user=0.29 sys=0.01, real=0.03 secs] 
2016-09-13T17:41:14.974-0400: 116.676: [GC (GCLocker Initiated GC) [PSYoungGen: 149393K->34168K(160256K)] 337914K->222925K(684544K), 0.0112477 secs] [Times: user=0.12 sys=0.00, real=0.01 secs] 
2016-09-13T17:41:15.151-0400: 116.854: [GC (GCLocker Initiated GC) [PSYoungGen: 160120K->27960K(193024K)] 348890K->216858K(717312K), 0.0499960 secs] [Times: user=0.54 sys=0.00, real=0.05 secs] 
2016-09-13T17:41:15.371-0400: 117.074: [GC (Allocation Failure) [PSYoungGen: 154936K->23436K(192512K)] 343925K->217199K(716800K), 0.0135286 secs] [Times: user=0.13 sys=0.00, real=0.01 secs] 
2016-09-13T17:41:15.549-0400: 117.252: [GC (GCLocker Initiated GC) [PSYoungGen: 150412K->34169K(193536K)] 344178K->228152K(717824K), 0.0141419 secs] [Times: user=0.15 sys=0.00, real=0.01 secs] 
2016-09-13T17:41:15.818-0400: 117.521: [GC (GCLocker Initiated GC) [PSYoungGen: 165753K->5179K(194560K)] 371989K->211487K(718848K), 0.0034971 secs] [Times: user=0.02 sys=0.00, real=0.00 secs] 
2016-09-13T17:41:16.054-0400: 117.757: [GC (GCLocker Initiated GC) [PSYoungGen: 136763K->23250K(197632K)] 355224K->241913K(721920K), 0.0214869 secs] [Times: user=0.21 sys=0.01, real=0.03 secs] 
2016-09-13T17:41:16.251-0400: 117.953: [GC (Allocation Failure) [PSYoungGen: 155858K->44826K(196608K)] 374775K->263940K(720896K), 0.0095814 secs] [Times: user=0.09 sys=0.00, real=0.01 secs] 
2016-09-13T17:41:16.451-0400: 118.154: [GC (GCLocker Initiated GC) [PSYoungGen: 177434K->49355K(191488K)] 396551K->268764K(715776K), 0.0256359 secs] [Times: user=0.31 sys=0.00, real=0.03 secs] 
2016-09-13T17:41:16.671-0400: 118.373: [GC (GCLocker Initiated GC) [PSYoungGen: 175307K->46281K(172544K)] 396261K->267444K(696832K), 0.0146607 secs] [Times: user=0.14 sys=0.00, real=0.01 secs] 
2016-09-13T17:41:16.866-0400: 118.569: [GC (GCLocker Initiated GC) [PSYoungGen: 172233K->44954K(193024K)] 393493K->278539K(717312K), 0.0278167 secs] [Times: user=0.31 sys=0.00, real=0.03 secs] 
2016-09-13T17:41:17.101-0400: 118.803: [GC (GCLocker Initiated GC) [PSYoungGen: 168858K->55399K(179712K)] 410064K->296881K(704000K), 0.0141487 secs] [Times: user=0.17 sys=0.00, real=0.01 secs] 
2016-09-13T17:41:17.299-0400: 119.002: [GC (GCLocker Initiated GC) [PSYoungGen: 179303K->32767K(192000K)] 432966K->294340K(716288K), 0.0175507 secs] [Times: user=0.19 sys=0.00, real=0.02 secs] 
2016-09-13T17:41:17.515-0400: 119.218: [GC (GCLocker Initiated GC) [PSYoungGen: 152063K->6543K(189440K)] 421450K->283752K(713728K), 0.0164421 secs] [Times: user=0.14 sys=0.00, real=0.02 secs] 
2016-09-13T17:41:17.689-0400: 119.392: [GC (GCLocker Initiated GC) [PSYoungGen: 125839K->61501K(178176K)] 404617K->340438K(702464K), 0.0227064 secs] [Times: user=0.23 sys=0.01, real=0.02 secs] 
2016-09-13T17:41:17.880-0400: 119.583: [GC (GCLocker Initiated GC) [PSYoungGen: 166973K->41729K(183808K)] 446226K->327342K(708096K), 0.0100477 secs] [Times: user=0.11 sys=0.00, real=0.01 secs] 
2016-09-13T17:41:18.046-0400: 119.749: [GC (GCLocker Initiated GC) [PSYoungGen: 147201K->37105K(174080K)] 432840K->323066K(698368K), 0.0059430 secs] [Times: user=0.05 sys=0.00, real=0.01 secs] 
2016-09-13T17:41:18.242-0400: 119.944: [GC (GCLocker Initiated GC) [PSYoungGen: 145137K->23341K(180224K)] 432789K->314190K(704512K), 0.0076721 secs] [Times: user=0.08 sys=0.00, real=0.01 secs] 
2016-09-13T17:41:18.406-0400: 120.108: [GC (GCLocker Initiated GC) [PSYoungGen: 131373K->46256K(189440K)] 422253K->337258K(713728K), 0.0089697 secs] [Times: user=0.10 sys=0.00, real=0.01 secs] 
2016-09-13T17:41:18.578-0400: 120.281: [GC (GCLocker Initiated GC) [PSYoungGen: 164528K->28152K(146432K)] 455711K->320985K(670720K), 0.0229905 secs] [Times: user=0.25 sys=0.01, real=0.02 secs] 
2016-09-13T17:41:18.807-0400: 120.510: [GC (GCLocker Initiated GC) [PSYoungGen: 146424K->2081K(186368K)] 452978K->308828K(710656K), 0.0278562 secs] [Times: user=0.29 sys=0.01, real=0.03 secs] 
2016-09-13T17:41:19.009-0400: 120.711: [GC (GCLocker Initiated GC) [PSYoungGen: 118817K->43270K(188928K)] 425787K->350418K(713216K), 0.0252458 secs] [Times: user=0.27 sys=0.00, real=0.02 secs] 
2016-09-13T17:41:19.223-0400: 120.926: [GC (Allocation Failure) [PSYoungGen: 160006K->23617K(185856K)] 473237K->337014K(710144K), 0.0152281 secs] [Times: user=0.16 sys=0.00, real=0.02 secs] 
2016-09-13T17:41:19.378-0400: 121.080: [GC (GCLocker Initiated GC) [PSYoungGen: 141377K->28088K(187904K)] 454777K->341748K(712192K), 0.0114656 secs] [Times: user=0.12 sys=0.00, real=0.01 secs] 
2016-09-13T17:41:19.543-0400: 121.245: [GC (Allocation Failure) [PSYoungGen: 145848K->29420K(186368K)] 459746K->343508K(710656K), 0.0144714 secs] [Times: user=0.14 sys=0.00, real=0.02 secs] 
2016-09-13T17:41:19.763-0400: 121.466: [GC (GCLocker Initiated GC) [PSYoungGen: 152560K->9852K(188928K)] 472723K->330154K(713216K), 0.0178451 secs] [Times: user=0.20 sys=0.00, real=0.02 secs] 
2016-09-13T17:41:20.010-0400: 121.713: [GC (GCLocker Initiated GC) [PSYoungGen: 134268K->9836K(197120K)] 466893K->342795K(721408K), 0.0229210 secs] [Times: user=0.21 sys=0.01, real=0.02 secs] 
2016-09-13T17:41:20.217-0400: 121.920: [GC (GCLocker Initiated GC) [PSYoungGen: 141932K->46122K(178688K)] 476619K->380952K(702976K), 0.0264099 secs] [Times: user=0.34 sys=0.00, real=0.02 secs] 
2016-09-13T17:41:20.432-0400: 122.135: [GC (GCLocker Initiated GC) [PSYoungGen: 178218K->23468K(196608K)] 513098K->363176K(720896K), 0.0057673 secs] [Times: user=0.03 sys=0.00, real=0.01 secs] 
2016-09-13T17:41:20.653-0400: 122.356: [GC (GCLocker Initiated GC) [PSYoungGen: 151980K->40239K(194048K)] 505382K->394032K(718336K), 0.0165232 secs] [Times: user=0.14 sys=0.00, real=0.02 secs] 
2016-09-13T17:41:20.863-0400: 122.566: [GC (GCLocker Initiated GC) [PSYoungGen: 168751K->43117K(193536K)] 522551K->404664K(717824K), 0.0150167 secs] [Times: user=0.20 sys=0.00, real=0.02 secs] 
2016-09-13T17:41:21.077-0400: 122.780: [GC (Allocation Failure) [PSYoungGen: 170605K->53944K(181760K)] 532177K->417217K(706048K), 0.0107824 secs] [Times: user=0.12 sys=0.01, real=0.01 secs] 
2016-09-13T17:41:21.274-0400: 122.977: [GC (GCLocker Initiated GC) [PSYoungGen: 181432K->49409K(186368K)] 544708K->428122K(710656K), 0.0171975 secs] [Times: user=0.21 sys=0.00, real=0.02 secs] 
2016-09-13T17:41:21.452-0400: 123.155: [GC (GCLocker Initiated GC) [PSYoungGen: 164097K->43052K(188416K)] 542911K->425296K(712704K), 0.0075603 secs] [Times: user=0.05 sys=0.01, real=0.01 secs] 
2016-09-13T17:41:21.651-0400: 123.354: [GC (GCLocker Initiated GC) [PSYoungGen: 157740K->9900K(187392K)] 552215K->416817K(711680K), 0.0119372 secs] [Times: user=0.10 sys=0.00, real=0.01 secs] 
2016-09-13T17:41:21.855-0400: 123.557: [GC (GCLocker Initiated GC) [PSYoungGen: 124588K->26288K(141312K)] 537613K->439456K(665600K), 0.0311701 secs] [Times: user=0.30 sys=0.00, real=0.03 secs] 
2016-09-13T17:41:22.061-0400: 123.763: [GC (GCLocker Initiated GC) [PSYoungGen: 140976K->57136K(180224K)] 557270K->479676K(704512K), 0.0075187 secs] [Times: user=0.08 sys=0.00, real=0.01 secs] 
2016-09-13T17:41:22.217-0400: 123.920: [GC (GCLocker Initiated GC) [PSYoungGen: 166704K->32735K(185856K)] 589425K->455772K(710144K), 0.0066376 secs] [Times: user=0.06 sys=0.00, real=0.00 secs] 
2016-09-13T17:41:22.414-0400: 124.117: [GC (GCLocker Initiated GC) [PSYoungGen: 142303K->11194K(183808K)] 571438K->440459K(708096K), 0.0485135 secs] [Times: user=0.46 sys=0.01, real=0.05 secs] 
2016-09-13T17:41:22.614-0400: 124.316: [GC (GCLocker Initiated GC) [PSYoungGen: 124346K->43121K(185856K)] 553776K->477293K(710144K), 0.0139469 secs] [Times: user=0.14 sys=0.00, real=0.01 secs] 
2016-09-13T17:41:22.779-0400: 124.482: [GC (GCLocker Initiated GC) [PSYoungGen: 156273K->32703K(182272K)] 590707K->467363K(706560K), 0.0101933 secs] [Times: user=0.10 sys=0.00, real=0.01 secs] 
2016-09-13T17:41:22.946-0400: 124.649: [GC (GCLocker Initiated GC) [PSYoungGen: 149439K->23345K(185856K)] 585670K->459778K(710144K), 0.0235720 secs] [Times: user=0.24 sys=0.00, real=0.03 secs] 
2016-09-13T17:41:23.149-0400: 124.852: [GC (Allocation Failure) [PSYoungGen: 140081K->44794K(193024K)] 578213K->483136K(717312K), 0.0108693 secs] [Times: user=0.10 sys=0.00, real=0.01 secs] 
2016-09-13T17:41:23.340-0400: 125.043: [GC (GCLocker Initiated GC) [PSYoungGen: 170746K->39860K(194048K)] 609103K->478461K(718336K), 0.0155873 secs] [Times: user=0.13 sys=0.00, real=0.02 secs] 
2016-09-13T17:41:23.573-0400: 125.276: [GC (GCLocker Initiated GC) [PSYoungGen: 165812K->2349K(190976K)] 612238K->448898K(715264K), 0.0323876 secs] [Times: user=0.34 sys=0.00, real=0.03 secs] 
2016-09-13T17:41:23.792-0400: 125.495: [GC (Allocation Failure) [PSYoungGen: 126253K->23463K(193024K)] 574546K->472064K(717312K), 0.0104726 secs] [Times: user=0.08 sys=0.00, real=0.01 secs] 
2016-09-13T17:41:23.988-0400: 125.690: [GC (GCLocker Initiated GC) [PSYoungGen: 147367K->46185K(190976K)] 595973K->494993K(715264K), 0.0237253 secs] [Times: user=0.22 sys=0.01, real=0.02 secs] 
2016-09-13T17:41:24.171-0400: 125.874: [GC (GCLocker Initiated GC) [PSYoungGen: 170089K->29516K(153600K)] 620442K->480035K(677888K), 0.0180394 secs] [Times: user=0.20 sys=0.00, real=0.02 secs] 
2016-09-13T17:41:24.375-0400: 126.077: [GC (Allocation Failure) [PSYoungGen: 153420K->47891K(189440K)] 605696K->501911K(713728K), 0.0109735 secs] [Times: user=0.11 sys=0.00, real=0.01 secs] 
2016-09-13T17:41:24.594-0400: 126.297: [GC (GCLocker Initiated GC) [PSYoungGen: 171283K->29448K(192000K)] 625304K->483796K(716288K), 0.0342404 secs] [Times: user=0.36 sys=0.01, real=0.04 secs] 
2016-09-13T17:41:24.798-0400: 126.501: [GC (GCLocker Initiated GC) [PSYoungGen: 152840K->28023K(188928K)] 608857K->485714K(713216K), 0.0066901 secs] [Times: user=0.06 sys=0.00, real=0.00 secs] 
2016-09-13T17:41:25.020-0400: 126.723: [GC (Allocation Failure) [PSYoungGen: 156023K->27992K(190976K)] 619984K->492096K(715264K), 0.0207984 secs] [Times: user=0.20 sys=0.01, real=0.02 secs] 
2016-09-13T17:41:25.209-0400: 126.911: [GC (GCLocker Initiated GC) [PSYoungGen: 155992K->37110K(197120K)] 620098K->501422K(721408K), 0.0059970 secs] [Times: user=0.06 sys=0.00, real=0.00 secs] 
2016-09-13T17:41:25.417-0400: 127.120: [GC (GCLocker Initiated GC) [PSYoungGen: 175350K->28115K(198144K)] 639742K->492756K(722432K), 0.0320425 secs] [Times: user=0.35 sys=0.00, real=0.03 secs] 
2016-09-13T17:41:25.654-0400: 127.357: [GC (GCLocker Initiated GC) [PSYoungGen: 166355K->28046K(200192K)] 637099K->498984K(724480K), 0.0107551 secs] [Times: user=0.11 sys=0.01, real=0.01 secs] 
2016-09-13T17:41:25.900-0400: 127.603: [GC (GCLocker Initiated GC) [PSYoungGen: 172430K->26441K(200704K)] 651138K->506740K(724992K), 0.0146167 secs] [Times: user=0.14 sys=0.00, real=0.01 secs] 
2016-09-13T17:41:26.125-0400: 127.827: [GC (GCLocker Initiated GC) [PSYoungGen: 170825K->41725K(203264K)] 651387K->522479K(727552K), 0.0082188 secs] [Times: user=0.06 sys=0.00, real=0.01 secs] 
2016-09-13T17:41:26.391-0400: 128.094: [GC (GCLocker Initiated GC) [PSYoungGen: 190205K->47614K(196096K)] 674118K->531666K(720384K), 0.0072017 secs] [Times: user=0.05 sys=0.00, real=0.01 secs] 
2016-09-13T17:41:26.605-0400: 128.308: [GC (GCLocker Initiated GC) [PSYoungGen: 196094K->25238K(203776K)] 680317K->527766K(728064K), 0.0121104 secs] [Times: user=0.14 sys=0.00, real=0.02 secs] 
2016-09-13T17:41:26.847-0400: 128.549: [GC (GCLocker Initiated GC) [PSYoungGen: 169622K->47768K(192512K)] 672177K->550469K(716800K), 0.0070443 secs] [Times: user=0.06 sys=0.00, real=0.01 secs] 
2016-09-13T17:41:27.086-0400: 128.789: [GC (GCLocker Initiated GC) [PSYoungGen: 192152K->23527K(201728K)] 702593K->543316K(726016K), 0.0275153 secs] [Times: user=0.25 sys=0.00, real=0.03 secs] 
2016-09-13T17:41:27.114-0400: 128.816: [Full GC (Ergonomics) [PSYoungGen: 23527K->0K(201728K)] [ParOldGen: 519789K->37139K(524288K)] 543316K->37139K(726016K), [Metaspace: 44571K->44571K(1087488K)], 0.0582394 secs] [Times: user=0.28 sys=0.01, real=0.06 secs] 
2016-09-13T17:41:27.349-0400: 129.051: [GC (Allocation Failure) [PSYoungGen: 140288K->48113K(188416K)] 177497K->85322K(712704K), 0.0202088 secs] [Times: user=0.23 sys=0.00, real=0.02 secs] 
2016-09-13T17:41:27.539-0400: 129.242: [GC (GCLocker Initiated GC) [PSYoungGen: 187250K->27998K(200704K)] 230534K->77817K(724992K), 0.0066958 secs] [Times: user=0.06 sys=0.00, real=0.00 secs] 
2016-09-13T17:41:27.795-0400: 129.497: [GC (GCLocker Initiated GC) [PSYoungGen: 165214K->49447K(186880K)] 216591K->100978K(711168K), 0.0071617 secs] [Times: user=0.06 sys=0.00, real=0.01 secs] 
2016-09-13T17:41:28.022-0400: 129.725: [GC (GCLocker Initiated GC) [PSYoungGen: 186663K->5244K(192512K)] 245861K->67697K(716800K), 0.0162052 secs] [Times: user=0.19 sys=0.00, real=0.02 secs] 
2016-09-13T17:41:28.218-0400: 129.921: [GC (Allocation Failure) [PSYoungGen: 133244K->40493K(195072K)] 197271K->104750K(719360K), 0.0062331 secs] [Times: user=0.08 sys=0.01, real=0.00 secs] 
2016-09-13T17:41:28.436-0400: 130.138: [GC (GCLocker Initiated GC) [PSYoungGen: 168493K->32639K(188416K)] 232753K->98746K(712704K), 0.0066703 secs] [Times: user=0.06 sys=0.01, real=0.00 secs] 
2016-09-13T17:41:28.641-0400: 130.344: [GC (GCLocker Initiated GC) [PSYoungGen: 161151K->23499K(192000K)] 230468K->92989K(716288K), 0.0164056 secs] [Times: user=0.18 sys=0.00, real=0.02 secs] 
2016-09-13T17:41:28.848-0400: 130.551: [GC (GCLocker Initiated GC) [PSYoungGen: 152011K->27960K(193024K)] 227659K->103825K(717312K), 0.0119715 secs] [Times: user=0.10 sys=0.00, real=0.01 secs] 
2016-09-13T17:41:29.082-0400: 130.785: [GC (Allocation Failure) [PSYoungGen: 164664K->41693K(196608K)] 240823K->118120K(720896K), 0.0082113 secs] [Times: user=0.08 sys=0.00, real=0.01 secs] 
2016-09-13T17:41:29.301-0400: 131.004: [GC (GCLocker Initiated GC) [PSYoungGen: 178397K->56918K(189440K)] 254829K->133634K(713728K), 0.0158952 secs] [Times: user=0.18 sys=0.00, real=0.02 secs] 
2016-09-13T17:41:29.500-0400: 131.203: [GC (GCLocker Initiated GC) [PSYoungGen: 185942K->34259K(195584K)] 270316K->118844K(719872K), 0.0091503 secs] [Times: user=0.12 sys=0.00, real=0.01 secs] 
2016-09-13T17:41:29.742-0400: 131.445: [GC (GCLocker Initiated GC) [PSYoungGen: 163283K->5243K(194048K)] 260115K->112990K(718336K), 0.0110825 secs] [Times: user=0.10 sys=0.01, real=0.01 secs] 
2016-09-13T17:41:29.943-0400: 131.646: [GC (Allocation Failure) [PSYoungGen: 135291K->44799K(175104K)] 243076K->152828K(699392K), 0.0299260 secs] [Times: user=0.34 sys=0.00, real=0.03 secs] 
2016-09-13T17:41:30.159-0400: 131.862: [GC (GCLocker Initiated GC) [PSYoungGen: 174528K->41721K(195072K)] 284076K->151435K(719360K), 0.0100700 secs] [Times: user=0.12 sys=0.00, real=0.01 secs] 
2016-09-13T17:41:30.375-0400: 132.077: [GC (GCLocker Initiated GC) [PSYoungGen: 169209K->50811K(178688K)] 279036K->160785K(702976K), 0.0234114 secs] [Times: user=0.26 sys=0.00, real=0.03 secs] 
2016-09-13T17:41:30.579-0400: 132.281: [GC (GCLocker Initiated GC) [PSYoungGen: 178299K->27960K(194048K)] 288296K->138135K(718336K), 0.0099741 secs] [Times: user=0.08 sys=0.00, real=0.01 secs] 
2016-09-13T17:41:30.773-0400: 132.476: [GC (GCLocker Initiated GC) [PSYoungGen: 151864K->23436K(147456K)] 262172K->137014K(671744K), 0.0063631 secs] [Times: user=0.05 sys=0.00, real=0.01 secs] 
2016-09-13T17:41:30.973-0400: 132.676: [GC (GCLocker Initiated GC) [PSYoungGen: 147340K->31003K(193024K)] 261052K->144893K(717312K), 0.0281249 secs] [Times: user=0.27 sys=0.00, real=0.03 secs] 
2016-09-13T17:41:31.189-0400: 132.892: [GC (Allocation Failure) [PSYoungGen: 157467K->31052K(190464K)] 271438K->146661K(714752K), 0.0105264 secs] [Times: user=0.10 sys=0.01, real=0.01 secs] 
2016-09-13T17:41:31.405-0400: 133.108: [GC (GCLocker Initiated GC) [PSYoungGen: 154779K->26542K(194560K)] 276463K->149997K(718848K), 0.0052063 secs] [Times: user=0.04 sys=0.00, real=0.01 secs] 
2016-09-13T17:41:31.633-0400: 133.335: [GC (GCLocker Initiated GC) [PSYoungGen: 159662K->47673K(193024K)] 283307K->171421K(717312K), 0.0070143 secs] [Times: user=0.04 sys=0.01, real=0.01 secs] 
2016-09-13T17:41:31.832-0400: 133.535: [GC (GCLocker Initiated GC) [PSYoungGen: 180793K->22038K(200192K)] 307754K->153803K(724480K), 0.0199759 secs] [Times: user=0.17 sys=0.00, real=0.02 secs] 
2016-09-13T17:41:32.065-0400: 133.768: [GC (GCLocker Initiated GC) [PSYoungGen: 159766K->38752K(176640K)] 291553K->170836K(700928K), 0.0061111 secs] [Times: user=0.05 sys=0.00, real=0.01 secs] 
2016-09-13T17:41:32.299-0400: 134.001: [GC (GCLocker Initiated GC) [PSYoungGen: 176480K->26384K(200192K)] 316195K->173780K(724480K), 0.0166623 secs] [Times: user=0.14 sys=0.00, real=0.01 secs] 
2016-09-13T17:41:32.538-0400: 134.241: [GC (GCLocker Initiated GC) [PSYoungGen: 165648K->43302K(198656K)] 315247K->203762K(722944K), 0.0111525 secs] [Times: user=0.11 sys=0.00, real=0.01 secs] 
2016-09-13T17:41:32.743-0400: 134.446: [GC (GCLocker Initiated GC) [PSYoungGen: 182566K->41661K(201216K)] 343113K->202392K(725504K), 0.0064732 secs] [Times: user=0.05 sys=0.01, real=0.01 secs] 
2016-09-13T17:41:32.952-0400: 134.655: [GC (GCLocker Initiated GC) [PSYoungGen: 181949K->46436K(186880K)] 342904K->207585K(711168K), 0.0092391 secs] [Times: user=0.10 sys=0.00, real=0.01 secs] 
2016-09-13T17:41:33.206-0400: 134.908: [GC (Allocation Failure) [PSYoungGen: 186724K->40265K(200192K)] 348015K->201816K(724480K), 0.0207279 secs] [Times: user=0.14 sys=0.00, real=0.02 secs] 
2016-09-13T17:41:33.418-0400: 135.121: [GC (GCLocker Initiated GC) [PSYoungGen: 177481K->49324K(186880K)] 339035K->212638K(711168K), 0.0075894 secs] [Times: user=0.05 sys=0.00, real=0.00 secs] 
2016-09-13T17:41:33.646-0400: 135.349: [GC (Allocation Failure) [PSYoungGen: 186540K->32645K(199680K)] 349874K->196109K(723968K), 0.0078672 secs] [Times: user=0.07 sys=0.00, real=0.01 secs] 
2016-09-13T17:41:33.887-0400: 135.590: [GC (GCLocker Initiated GC) [PSYoungGen: 168324K->23313K(159232K)] 331794K->192922K(683520K), 0.0105518 secs] [Times: user=0.10 sys=0.00, real=0.02 secs] 
2016-09-13T17:41:34.077-0400: 135.780: [GC (GCLocker Initiated GC) [PSYoungGen: 158993K->46335K(196096K)] 328616K->216151K(720384K), 0.0180956 secs] [Times: user=0.19 sys=0.00, real=0.01 secs] 
2016-09-13T17:41:34.299-0400: 136.002: [GC (GCLocker Initiated GC) [PSYoungGen: 180479K->44640K(197632K)] 350476K->221063K(721920K), 0.0220496 secs] [Times: user=0.21 sys=0.01, real=0.02 secs] 
2016-09-13T17:41:34.526-0400: 136.229: [GC (GCLocker Initiated GC) [PSYoungGen: 178784K->34068K(195584K)] 355235K->210670K(719872K), 0.0307119 secs] [Times: user=0.33 sys=0.00, real=0.04 secs] 
2016-09-13T17:41:34.730-0400: 136.433: [GC (GCLocker Initiated GC) [PSYoungGen: 169236K->17458K(197120K)] 345850K->200251K(721408K), 0.0097042 secs] [Times: user=0.11 sys=0.01, real=0.01 secs] 
2016-09-13T17:41:34.976-0400: 136.679: [GC (GCLocker Initiated GC) [PSYoungGen: 152626K->24891K(198656K)] 335421K->213951K(722944K), 0.0158157 secs] [Times: user=0.14 sys=0.00, real=0.01 secs] 
2016-09-13T17:41:35.196-0400: 136.899: [GC (GCLocker Initiated GC) [PSYoungGen: 162619K->14669K(199168K)] 357910K->210135K(723456K), 0.0040196 secs] [Times: user=0.03 sys=0.01, real=0.00 secs] 
2016-09-13T17:41:35.414-0400: 137.117: [GC (GCLocker Initiated GC) [PSYoungGen: 152397K->10045K(198656K)] 355666K->213477K(722944K), 0.0079489 secs] [Times: user=0.10 sys=0.00, real=0.01 secs] 
2016-09-13T17:41:35.629-0400: 137.331: [GC (GCLocker Initiated GC) [PSYoungGen: 146237K->31158K(167424K)] 349691K->234782K(691712K), 0.0067798 secs] [Times: user=0.06 sys=0.00, real=0.00 secs] 
2016-09-13T17:41:35.848-0400: 137.550: [GC (GCLocker Initiated GC) [PSYoungGen: 167350K->52292K(191488K)] 371203K->257909K(715776K), 0.0215373 secs] [Times: user=0.19 sys=0.00, real=0.03 secs] 
2016-09-13T17:41:36.058-0400: 137.760: [GC (GCLocker Initiated GC) [PSYoungGen: 183364K->47704K(179200K)] 389159K->253735K(703488K), 0.0161259 secs] [Times: user=0.13 sys=0.01, real=0.01 secs] 
2016-09-13T17:41:36.263-0400: 137.966: [GC (Allocation Failure) [PSYoungGen: 178776K->46281K(191488K)] 386465K->254187K(715776K), 0.0221243 secs] [Times: user=0.21 sys=0.00, real=0.02 secs] 
2016-09-13T17:41:36.481-0400: 138.183: [GC (GCLocker Initiated GC) [PSYoungGen: 170185K->44916K(193024K)] 378094K->253121K(717312K), 0.0117206 secs] [Times: user=0.14 sys=0.01, real=0.01 secs] 
2016-09-13T17:41:36.681-0400: 138.384: [GC (GCLocker Initiated GC) [PSYoungGen: 168820K->43245K(192000K)] 377305K->251912K(716288K), 0.0181152 secs] [Times: user=0.25 sys=0.00, real=0.02 secs] 
2016-09-13T17:41:36.875-0400: 138.578: [GC (GCLocker Initiated GC) [PSYoungGen: 167149K->49409K(173568K)] 375844K->258301K(697856K), 0.0339109 secs] [Times: user=0.37 sys=0.00, real=0.04 secs] 
2016-09-13T17:41:37.086-0400: 138.789: [GC (GCLocker Initiated GC) [PSYoungGen: 173313K->29645K(193536K)] 389915K->261748K(717824K), 0.0104534 secs] [Times: user=0.12 sys=0.00, real=0.02 secs] 
2016-09-13T17:41:37.309-0400: 139.012: [GC (GCLocker Initiated GC) [PSYoungGen: 153037K->23500K(146944K)] 397640K->269792K(671232K), 0.0194828 secs] [Times: user=0.20 sys=0.01, real=0.02 secs] 
2016-09-13T17:41:37.506-0400: 139.209: [GC (GCLocker Initiated GC) [PSYoungGen: 146892K->59886K(183296K)] 394937K->308191K(707584K), 0.0276700 secs] [Times: user=0.34 sys=0.00, real=0.03 secs] 
2016-09-13T17:41:37.722-0400: 139.425: [GC (GCLocker Initiated GC) [PSYoungGen: 175598K->46158K(188928K)] 424109K->294791K(713216K), 0.0070163 secs] [Times: user=0.05 sys=0.00, real=0.01 secs] 
2016-09-13T17:41:37.898-0400: 139.601: [GC (GCLocker Initiated GC) [PSYoungGen: 161870K->33946K(183296K)] 418134K->290395K(707584K), 0.0307957 secs] [Times: user=0.25 sys=0.01, real=0.03 secs] 
2016-09-13T17:41:38.092-0400: 139.795: [GC (GCLocker Initiated GC) [PSYoungGen: 150170K->46313K(186368K)] 406642K->313555K(710656K), 0.0141291 secs] [Times: user=0.13 sys=0.01, real=0.01 secs] 
2016-09-13T17:41:38.263-0400: 139.966: [GC (GCLocker Initiated GC) [PSYoungGen: 162537K->44795K(189952K)] 429869K->317098K(714240K), 0.0179825 secs] [Times: user=0.20 sys=0.00, real=0.02 secs] 
2016-09-13T17:41:38.450-0400: 140.153: [GC (GCLocker Initiated GC) [PSYoungGen: 166651K->47677K(190976K)] 439044K->321727K(715264K), 0.0076623 secs] [Times: user=0.04 sys=0.00, real=0.01 secs] 
2016-09-13T17:41:38.657-0400: 140.360: [GC (GCLocker Initiated GC) [PSYoungGen: 169533K->67485K(178688K)] 443833K->351197K(702976K), 0.0201735 secs] [Times: user=0.21 sys=0.00, real=0.02 secs] 
2016-09-13T17:41:38.853-0400: 140.556: [GC (GCLocker Initiated GC) [PSYoungGen: 177053K->26601K(185856K)] 460796K->315067K(710144K), 0.0152451 secs] [Times: user=0.13 sys=0.00, real=0.02 secs] 
2016-09-13T17:41:39.049-0400: 140.752: [GC (GCLocker Initiated GC) [PSYoungGen: 136169K->50806K(185344K)] 424673K->350224K(709632K), 0.0151164 secs] [Times: user=0.16 sys=0.00, real=0.01 secs] 
2016-09-13T17:41:39.207-0400: 140.909: [GC (GCLocker Initiated GC) [PSYoungGen: 160886K->21821K(185856K)] 466552K->333823K(710144K), 0.0050665 secs] [Times: user=0.04 sys=0.00, real=0.01 secs] 
2016-09-13T17:41:39.356-0400: 141.059: [GC (GCLocker Initiated GC) [PSYoungGen: 131901K->29389K(183296K)] 444063K->341800K(707584K), 0.0137272 secs] [Times: user=0.13 sys=0.00, real=0.01 secs] 
2016-09-13T17:41:39.537-0400: 141.240: [GC (GCLocker Initiated GC) [PSYoungGen: 139981K->40109K(184832K)] 452703K->353044K(709120K), 0.0080964 secs] [Times: user=0.06 sys=0.01, real=0.00 secs] 
2016-09-13T17:41:39.712-0400: 141.415: [GC (GCLocker Initiated GC) [PSYoungGen: 150701K->50716K(185344K)] 463807K->364102K(709632K), 0.0133255 secs] [Times: user=0.15 sys=0.00, real=0.01 secs] 
2016-09-13T17:41:39.912-0400: 141.615: [GC (GCLocker Initiated GC) [PSYoungGen: 164892K->60013K(174592K)] 479941K->382768K(698880K), 0.0075229 secs] [Times: user=0.06 sys=0.00, real=0.01 secs] 
2016-09-13T17:41:40.099-0400: 141.802: [GC (GCLocker Initiated GC) [PSYoungGen: 174189K->43085K(188928K)] 504660K->373863K(713216K), 0.0187133 secs] [Times: user=0.16 sys=0.00, real=0.02 secs] 
2016-09-13T17:41:40.329-0400: 142.031: [GC (GCLocker Initiated GC) [PSYoungGen: 155725K->32714K(145408K)] 498794K->376012K(669696K), 0.0072370 secs] [Times: user=0.09 sys=0.00, real=0.01 secs] 
2016-09-13T17:41:40.501-0400: 142.203: [GC (GCLocker Initiated GC) [PSYoungGen: 145354K->47741K(184832K)] 496438K->399109K(709120K), 0.0167056 secs] [Times: user=0.16 sys=0.00, real=0.02 secs] 
2016-09-13T17:41:40.688-0400: 142.390: [GC (GCLocker Initiated GC) [PSYoungGen: 160893K->24769K(184320K)] 524626K->388640K(708608K), 0.0101794 secs] [Times: user=0.10 sys=0.00, real=0.02 secs] 
2016-09-13T17:41:40.894-0400: 142.597: [GC (GCLocker Initiated GC) [PSYoungGen: 137921K->26473K(190464K)] 514151K->402767K(714752K), 0.0197598 secs] [Times: user=0.19 sys=0.00, real=0.02 secs] 
2016-09-13T17:41:41.106-0400: 142.809: [GC (GCLocker Initiated GC) [PSYoungGen: 146281K->47959K(190464K)] 522741K->424557K(714752K), 0.0123430 secs] [Times: user=0.12 sys=0.00, real=0.02 secs] 
2016-09-13T17:41:41.300-0400: 143.003: [GC (GCLocker Initiated GC) [PSYoungGen: 167767K->49441K(190464K)] 545986K->427957K(714752K), 0.0248083 secs] [Times: user=0.26 sys=0.00, real=0.02 secs] 
2016-09-13T17:41:41.501-0400: 143.203: [GC (GCLocker Initiated GC) [PSYoungGen: 169249K->62993K(183296K)] 548042K->441916K(707584K), 0.0263805 secs] [Times: user=0.31 sys=0.00, real=0.02 secs] 
2016-09-13T17:41:41.704-0400: 143.407: [GC (GCLocker Initiated GC) [PSYoungGen: 182801K->52484K(185856K)] 567835K->437708K(710144K), 0.0145935 secs] [Times: user=0.17 sys=0.00, real=0.02 secs] 
2016-09-13T17:41:41.888-0400: 143.591: [GC (GCLocker Initiated GC) [PSYoungGen: 162052K->38847K(148480K)] 549032K->436716K(672768K), 0.0102406 secs] [Times: user=0.12 sys=0.00, real=0.01 secs] 
2016-09-13T17:41:42.059-0400: 143.762: [GC (GCLocker Initiated GC) [PSYoungGen: 148415K->69036K(175616K)] 546309K->467205K(699904K), 0.0293398 secs] [Times: user=0.32 sys=0.02, real=0.03 secs] 
2016-09-13T17:41:42.245-0400: 143.947: [GC (GCLocker Initiated GC) [PSYoungGen: 170412K->27938K(181760K)] 568595K->433858K(706048K), 0.0111307 secs] [Times: user=0.12 sys=0.00, real=0.02 secs] 
2016-09-13T17:41:42.398-0400: 144.101: [GC (Allocation Failure) [PSYoungGen: 129313K->29357K(179712K)] 535479K->444853K(704000K), 0.0108190 secs] [Times: user=0.10 sys=0.00, real=0.01 secs] 
2016-09-13T17:41:42.556-0400: 144.259: [GC (GCLocker Initiated GC) [PSYoungGen: 127969K->23440K(180736K)] 549540K->445232K(705024K), 0.0104286 secs] [Times: user=0.09 sys=0.00, real=0.00 secs] 
2016-09-13T17:41:42.717-0400: 144.420: [GC (GCLocker Initiated GC) [PSYoungGen: 124816K->67453K(171008K)] 546808K->489658K(695296K), 0.0111160 secs] [Times: user=0.10 sys=0.00, real=0.01 secs] 
2016-09-13T17:41:42.866-0400: 144.569: [GC (GCLocker Initiated GC) [PSYoungGen: 159613K->46217K(177152K)] 582028K->468755K(701440K), 0.0067926 secs] [Times: user=0.05 sys=0.00, real=0.01 secs] 
2016-09-13T17:41:43.002-0400: 144.705: [GC (GCLocker Initiated GC) [PSYoungGen: 138377K->31003K(171008K)] 561094K->461480K(695296K), 0.0058692 secs] [Times: user=0.04 sys=0.01, real=0.01 secs] 
2016-09-13T17:41:43.175-0400: 144.877: [GC (GCLocker Initiated GC) [PSYoungGen: 126235K->32585K(175616K)] 556830K->463392K(699904K), 0.0108895 secs] [Times: user=0.12 sys=0.01, real=0.01 secs] 
2016-09-13T17:41:43.318-0400: 145.021: [GC (GCLocker Initiated GC) [PSYoungGen: 127817K->50651K(178688K)] 558659K->489418K(702976K), 0.0101434 secs] [Times: user=0.07 sys=0.00, real=0.01 secs] 
2016-09-13T17:41:43.481-0400: 145.184: [GC (GCLocker Initiated GC) [PSYoungGen: 154075K->44794K(181248K)] 592964K->490026K(705536K), 0.0274366 secs] [Times: user=0.28 sys=0.00, real=0.03 secs] 
2016-09-13T17:41:43.683-0400: 145.386: [GC (GCLocker Initiated GC) [PSYoungGen: 148218K->59791K(180736K)] 596561K->508344K(705024K), 0.0076141 secs] [Times: user=0.06 sys=0.00, real=0.01 secs] 
2016-09-13T17:41:43.846-0400: 145.549: [GC (GCLocker Initiated GC) [PSYoungGen: 165263K->10140K(115712K)] 627694K->472717K(640000K), 0.0113529 secs] [Times: user=0.14 sys=0.00, real=0.02 secs] 
2016-09-13T17:41:44.033-0400: 145.736: [GC (GCLocker Initiated GC) [PSYoungGen: 115612K->23435K(182272K)] 581309K->489506K(706560K), 0.0086413 secs] [Times: user=0.09 sys=0.00, real=0.01 secs] 
2016-09-13T17:41:44.211-0400: 145.914: [GC (GCLocker Initiated GC) [PSYoungGen: 124811K->29235K(131072K)] 596997K->501614K(655360K), 0.0070974 secs] [Times: user=0.06 sys=0.00, real=0.01 secs] 
2016-09-13T17:41:44.357-0400: 146.059: [GC (GCLocker Initiated GC) [PSYoungGen: 130611K->23500K(179712K)] 606092K->508198K(704000K), 0.0120333 secs] [Times: user=0.13 sys=0.00, real=0.01 secs] 
2016-09-13T17:41:44.538-0400: 146.241: [GC (GCLocker Initiated GC) [PSYoungGen: 125900K->41602K(178688K)] 612185K->528156K(702976K), 0.0147840 secs] [Times: user=0.13 sys=0.00, real=0.01 secs] 
2016-09-13T17:41:44.699-0400: 146.402: [GC (GCLocker Initiated GC) [PSYoungGen: 144002K->51061K(180736K)] 638296K->545670K(705024K), 0.0160058 secs] [Times: user=0.19 sys=0.00, real=0.01 secs] 
2016-09-13T17:41:44.877-0400: 146.580: [GC (GCLocker Initiated GC) [PSYoungGen: 158069K->46095K(182272K)] 652862K->541073K(706560K), 0.0204182 secs] [Times: user=0.21 sys=0.00, real=0.02 secs] 
2016-09-13T17:41:45.050-0400: 146.753: [GC (GCLocker Initiated GC) [PSYoungGen: 153103K->47929K(185344K)] 649703K->544617K(709632K), 0.0064943 secs] [Times: user=0.06 sys=0.00, real=0.01 secs] 
2016-09-13T17:41:45.248-0400: 146.951: [GC (GCLocker Initiated GC) [PSYoungGen: 160057K->9734K(122368K)] 669085K->526502K(646656K), 0.0193616 secs] [Times: user=0.21 sys=0.00, real=0.02 secs] 
2016-09-13T17:41:45.268-0400: 146.970: [Full GC (Ergonomics) [PSYoungGen: 9734K->0K(122368K)] [ParOldGen: 516767K->37800K(524288K)] 526502K->37800K(646656K), [Metaspace: 44625K->44625K(1087488K)], 0.0533530 secs] [Times: user=0.28 sys=0.01, real=0.05 secs] 
2016-09-13T17:41:45.463-0400: 147.166: [GC (GCLocker Initiated GC) [PSYoungGen: 112128K->73688K(167424K)] 150087K->111648K(691712K), 0.0072606 secs] [Times: user=0.05 sys=0.01, real=0.01 secs] 
2016-09-13T17:41:45.617-0400: 147.320: [GC (GCLocker Initiated GC) [PSYoungGen: 164824K->25358K(176640K)] 209091K->101834K(700928K), 0.0242544 secs] [Times: user=0.30 sys=0.00, real=0.02 secs] 
2016-09-13T17:41:45.795-0400: 147.498: [GC (Allocation Failure) [PSYoungGen: 116494K->28029K(169984K)] 193213K->105103K(694272K), 0.0191661 secs] [Times: user=0.19 sys=0.00, real=0.02 secs] 
2016-09-13T17:41:45.930-0400: 147.633: [GC (GCLocker Initiated GC) [PSYoungGen: 120701K->65941K(174080K)] 197786K->143235K(698368K), 0.0102171 secs] [Times: user=0.10 sys=0.00, real=0.01 secs] 
2016-09-13T17:41:46.069-0400: 147.772: [GC (GCLocker Initiated GC) [PSYoungGen: 158613K->46446K(177152K)] 239056K->127051K(701440K), 0.0139749 secs] [Times: user=0.16 sys=0.00, real=0.01 secs] 
2016-09-13T17:41:46.214-0400: 147.916: [GC (GCLocker Initiated GC) [PSYoungGen: 136558K->46437K(136704K)] 217302K->127481K(660992K), 0.0117715 secs] [Times: user=0.14 sys=0.00, real=0.01 secs] 
2016-09-13T17:41:46.356-0400: 148.059: [GC (Allocation Failure) [PSYoungGen: 136549K->41602K(176640K)] 217645K->122853K(700928K), 0.0169252 secs] [Times: user=0.20 sys=0.00, real=0.01 secs] 
2016-09-13T17:41:46.505-0400: 148.208: [GC (GCLocker Initiated GC) [PSYoungGen: 135810K->46536K(172544K)] 218581K->147698K(696832K), 0.0103236 secs] [Times: user=0.10 sys=0.01, real=0.02 secs] 
2016-09-13T17:41:46.669-0400: 148.372: [GC (GCLocker Initiated GC) [PSYoungGen: 140744K->35528K(179712K)] 241932K->136788K(704000K), 0.0234384 secs] [Times: user=0.25 sys=0.01, real=0.02 secs] 
2016-09-13T17:41:46.855-0400: 148.558: [GC (GCLocker Initiated GC) [PSYoungGen: 138952K->47713K(177664K)] 240351K->150835K(701952K), 0.0099562 secs] [Times: user=0.09 sys=0.00, real=0.01 secs] 
2016-09-13T17:41:47.006-0400: 148.708: [GC (GCLocker Initiated GC) [PSYoungGen: 151137K->29575K(185856K)] 260541K->145327K(710144K), 0.0097789 secs] [Times: user=0.13 sys=0.00, real=0.01 secs] 
2016-09-13T17:41:47.211-0400: 148.913: [GC (GCLocker Initiated GC) [PSYoungGen: 142215K->9868K(184832K)] 270343K->138134K(709120K), 0.0035316 secs] [Times: user=0.03 sys=0.00, real=0.00 secs] 
2016-09-13T17:41:47.368-0400: 149.071: [GC (GCLocker Initiated GC) [PSYoungGen: 122508K->35718K(185344K)] 252452K->165897K(709632K), 0.0092524 secs] [Times: user=0.08 sys=0.00, real=0.01 secs] 
2016-09-13T17:41:47.563-0400: 149.265: [GC (GCLocker Initiated GC) [PSYoungGen: 150918K->9894K(186368K)] 287178K->155483K(710656K), 0.0226262 secs] [Times: user=0.23 sys=0.00, real=0.02 secs] 
2016-09-13T17:41:47.771-0400: 149.474: [GC (GCLocker Initiated GC) [PSYoungGen: 125094K->47678K(187392K)] 272282K->195280K(711680K), 0.0063527 secs] [Times: user=0.05 sys=0.01, real=0.01 secs] 
2016-09-13T17:41:47.938-0400: 149.640: [GC (Allocation Failure) [PSYoungGen: 162366K->23378K(138240K)] 310132K->177389K(662528K), 0.0144464 secs] [Times: user=0.16 sys=0.00, real=0.01 secs] 
2016-09-13T17:41:48.106-0400: 149.809: [GC (GCLocker Initiated GC) [PSYoungGen: 136665K->69131K(172544K)] 292194K->224831K(696832K), 0.0078037 secs] [Times: user=0.07 sys=0.00, real=0.01 secs] 
2016-09-13T17:41:48.286-0400: 149.988: [GC (GCLocker Initiated GC) [PSYoungGen: 169483K->23382K(181248K)] 332866K->187033K(705536K), 0.0073018 secs] [Times: user=0.07 sys=0.01, real=0.01 secs] 
2016-09-13T17:41:48.469-0400: 150.172: [GC (GCLocker Initiated GC) [PSYoungGen: 123734K->51115K(180736K)] 287451K->215073K(705024K), 0.0094827 secs] [Times: user=0.12 sys=0.00, real=0.01 secs] 
2016-09-13T17:41:48.638-0400: 150.341: [GC (GCLocker Initiated GC) [PSYoungGen: 152491K->31280K(133120K)] 316475K->195513K(657408K), 0.0235615 secs] [Times: user=0.29 sys=0.00, real=0.02 secs] 
2016-09-13T17:41:48.816-0400: 150.519: [GC (GCLocker Initiated GC) [PSYoungGen: 132656K->52394K(178176K)] 296911K->226152K(702464K), 0.0083248 secs] [Times: user=0.12 sys=0.01, real=0.00 secs] 
2016-09-13T17:41:48.973-0400: 150.676: [GC (Allocation Failure) [PSYoungGen: 153258K->11227K(179712K)] 333127K->192774K(704000K), 0.0223653 secs] [Times: user=0.18 sys=0.01, real=0.02 secs] 
2016-09-13T17:41:49.113-0400: 150.816: [GC (GCLocker Initiated GC) [PSYoungGen: 112091K->49324K(181248K)] 293641K->238685K(705536K), 0.0085070 secs] [Times: user=0.09 sys=0.00, real=0.01 secs] 
2016-09-13T17:41:49.287-0400: 150.990: [GC (GCLocker Initiated GC) [PSYoungGen: 150700K->23566K(125440K)] 353986K->227112K(649728K), 0.0059335 secs] [Times: user=0.06 sys=0.00, real=0.01 secs] 
2016-09-13T17:41:49.467-0400: 151.169: [GC (GCLocker Initiated GC) [PSYoungGen: 124942K->46432K(180736K)] 328580K->250307K(705024K), 0.0224527 secs] [Times: user=0.30 sys=0.00, real=0.03 secs] 
2016-09-13T17:41:49.662-0400: 151.365: [GC (GCLocker Initiated GC) [PSYoungGen: 148832K->9867K(180224K)] 364932K->226169K(704512K), 0.0151568 secs] [Times: user=0.19 sys=0.00, real=0.02 secs] 
2016-09-13T17:41:49.852-0400: 151.555: [GC (GCLocker Initiated GC) [PSYoungGen: 112267K->44769K(183808K)] 328572K->261296K(708096K), 0.0085590 secs] [Times: user=0.06 sys=0.00, real=0.01 secs] 
2016-09-13T17:41:50.014-0400: 151.717: [GC (GCLocker Initiated GC) [PSYoungGen: 150753K->32741K(138752K)] 368873K->255654K(663040K), 0.0102118 secs] [Times: user=0.14 sys=0.00, real=0.01 secs] 
2016-09-13T17:41:50.195-0400: 151.898: [GC (GCLocker Initiated GC) [PSYoungGen: 138725K->3532K(179200K)] 367733K->237266K(703488K), 0.0279936 secs] [Times: user=0.25 sys=0.00, real=0.03 secs] 
2016-09-13T17:41:50.369-0400: 152.072: [GC (Allocation Failure) [PSYoungGen: 108492K->41570K(180736K)] 343919K->281755K(705024K), 0.0129788 secs] [Times: user=0.12 sys=0.00, real=0.01 secs] 
2016-09-13T17:41:50.514-0400: 152.217: [GC (GCLocker Initiated GC) [PSYoungGen: 146530K->49132K(183296K)] 386718K->289384K(707584K), 0.0238841 secs] [Times: user=0.25 sys=0.00, real=0.03 secs] 
2016-09-13T17:41:50.705-0400: 152.407: [GC (GCLocker Initiated GC) [PSYoungGen: 157676K->35842K(144896K)] 410101K->288437K(669184K), 0.0059614 secs] [Times: user=0.05 sys=0.00, real=0.01 secs] 
2016-09-13T17:41:50.907-0400: 152.610: [GC (GCLocker Initiated GC) [PSYoungGen: 144386K->47869K(182784K)] 397070K->309958K(707072K), 0.0125197 secs] [Times: user=0.16 sys=0.00, real=0.02 secs] 
2016-09-13T17:41:51.072-0400: 152.775: [GC (GCLocker Initiated GC) [PSYoungGen: 157437K->47805K(183808K)] 419885K->310404K(708096K), 0.0147796 secs] [Times: user=0.13 sys=0.01, real=0.01 secs] 
2016-09-13T17:41:51.262-0400: 152.965: [GC (GCLocker Initiated GC) [PSYoungGen: 157373K->23250K(185344K)] 421599K->287669K(709632K), 0.0230005 secs] [Times: user=0.23 sys=0.00, real=0.02 secs] 
2016-09-13T17:41:51.452-0400: 153.154: [GC (GCLocker Initiated GC) [PSYoungGen: 136402K->32681K(186368K)] 402541K->298990K(710656K), 0.0187788 secs] [Times: user=0.21 sys=0.00, real=0.02 secs] 
2016-09-13T17:41:51.646-0400: 153.349: [GC (GCLocker Initiated GC) [PSYoungGen: 145833K->23558K(187392K)] 427561K->305562K(711680K), 0.0089959 secs] [Times: user=0.08 sys=0.00, real=0.01 secs] 
2016-09-13T17:41:51.854-0400: 153.556: [GC (GCLocker Initiated GC) [PSYoungGen: 141830K->59826K(186880K)] 424184K->342483K(711168K), 0.0194565 secs] [Times: user=0.16 sys=0.00, real=0.02 secs] 
2016-09-13T17:41:52.047-0400: 153.750: [GC (Allocation Failure) [PSYoungGen: 178098K->15934K(187392K)] 473131K->311180K(711680K), 0.0038030 secs] [Times: user=0.03 sys=0.00, real=0.01 secs] 
2016-09-13T17:41:52.220-0400: 153.923: [GC (GCLocker Initiated GC) [PSYoungGen: 127249K->47645K(160768K)] 424014K->350690K(685056K), 0.0181999 secs] [Times: user=0.18 sys=0.00, real=0.02 secs] 
2016-09-13T17:41:52.431-0400: 154.134: [GC (GCLocker Initiated GC) [PSYoungGen: 160285K->41475K(188928K)] 463653K->345028K(713216K), 0.0093215 secs] [Times: user=0.08 sys=0.00, real=0.01 secs] 
2016-09-13T17:41:52.603-0400: 154.306: [GC (GCLocker Initiated GC) [PSYoungGen: 155139K->28184K(142336K)] 465010K->338217K(666624K), 0.0093834 secs] [Times: user=0.07 sys=0.00, real=0.01 secs] 
2016-09-13T17:41:52.770-0400: 154.473: [GC (GCLocker Initiated GC) [PSYoungGen: 141848K->28211K(186880K)] 451987K->338582K(711168K), 0.0081299 secs] [Times: user=0.10 sys=0.00, real=0.01 secs] 
2016-09-13T17:41:52.949-0400: 154.652: [GC (GCLocker Initiated GC) [PSYoungGen: 143923K->23249K(184832K)] 455991K->335554K(709120K), 0.0266014 secs] [Times: user=0.30 sys=0.00, real=0.03 secs] 
2016-09-13T17:41:53.147-0400: 154.850: [GC (GCLocker Initiated GC) [PSYoungGen: 138961K->14388K(189440K)] 457469K->333071K(713728K), 0.0031854 secs] [Times: user=0.03 sys=0.00, real=0.01 secs] 
2016-09-13T17:41:53.363-0400: 155.066: [GC (Allocation Failure) [PSYoungGen: 136244K->23473K(189440K)] 456739K->344232K(713728K), 0.0246947 secs] [Times: user=0.22 sys=0.00, real=0.03 secs] 
2016-09-13T17:41:53.557-0400: 155.260: [GC (GCLocker Initiated GC) [PSYoungGen: 145329K->46160K(190464K)] 466091K->367147K(714752K), 0.0300338 secs] [Times: user=0.30 sys=0.00, real=0.02 secs] 
2016-09-13T17:41:53.749-0400: 155.451: [GC (GCLocker Initiated GC) [PSYoungGen: 171088K->49259K(174592K)] 492273K->370591K(698880K), 0.0142777 secs] [Times: user=0.14 sys=0.00, real=0.01 secs] 
2016-09-13T17:41:53.955-0400: 155.657: [GC (Allocation Failure) [PSYoungGen: 174187K->29511K(194560K)] 495765K->351275K(718848K), 0.0219564 secs] [Times: user=0.24 sys=0.01, real=0.03 secs] 
2016-09-13T17:41:54.173-0400: 155.876: [GC (Allocation Failure) [PSYoungGen: 151585K->6852K(192000K)] 473349K->336435K(716288K), 0.0143549 secs] [Times: user=0.14 sys=0.00, real=0.02 secs] 
2016-09-13T17:41:54.375-0400: 156.078: [GC (GCLocker Initiated GC) [PSYoungGen: 131268K->46154K(189440K)] 460852K->376006K(713728K), 0.0180780 secs] [Times: user=0.19 sys=0.00, real=0.02 secs] 
2016-09-13T17:41:54.576-0400: 156.279: [GC (GCLocker Initiated GC) [PSYoungGen: 166986K->14547K(191488K)] 498535K->346250K(715776K), 0.0081084 secs] [Times: user=0.09 sys=0.00, real=0.00 secs] 
2016-09-13T17:41:54.761-0400: 156.463: [GC (GCLocker Initiated GC) [PSYoungGen: 135379K->9985K(189952K)] 470158K->344990K(714240K), 0.0090366 secs] [Times: user=0.08 sys=0.00, real=0.01 secs] 
2016-09-13T17:41:54.960-0400: 156.662: [GC (GCLocker Initiated GC) [PSYoungGen: 131329K->6635K(190976K)] 474219K->357311K(715264K), 0.0076690 secs] [Times: user=0.05 sys=0.00, real=0.00 secs] 
2016-09-13T17:41:55.162-0400: 156.864: [GC (Allocation Failure) [PSYoungGen: 127979K->5078K(190976K)] 484845K->362125K(715264K), 0.0087339 secs] [Times: user=0.08 sys=0.00, real=0.01 secs] 
2016-09-13T17:41:55.361-0400: 157.064: [GC (GCLocker Initiated GC) [PSYoungGen: 128470K->40084K(192000K)] 485520K->397390K(716288K), 0.0110535 secs] [Times: user=0.10 sys=0.00, real=0.01 secs] 
2016-09-13T17:41:55.570-0400: 157.273: [GC (GCLocker Initiated GC) [PSYoungGen: 163476K->38597K(192000K)] 523921K->399223K(716288K), 0.0495882 secs] [Times: user=0.52 sys=0.00, real=0.05 secs] 
2016-09-13T17:41:55.813-0400: 157.516: [GC (GCLocker Initiated GC) [PSYoungGen: 160453K->9899K(132096K)] 528761K->378425K(656384K), 0.0033168 secs] [Times: user=0.02 sys=0.00, real=0.01 secs] 
2016-09-13T17:41:55.985-0400: 157.688: [GC (GCLocker Initiated GC) [PSYoungGen: 131755K->27966K(194560K)] 503340K->399762K(718848K), 0.0085441 secs] [Times: user=0.08 sys=0.00, real=0.01 secs] 
2016-09-13T17:41:56.181-0400: 157.884: [GC (GCLocker Initiated GC) [PSYoungGen: 153406K->29416K(155136K)] 526746K->405916K(679424K), 0.0061076 secs] [Times: user=0.04 sys=0.01, real=0.01 secs] 
2016-09-13T17:41:56.402-0400: 158.105: [GC (GCLocker Initiated GC) [PSYoungGen: 154856K->9613K(191488K)] 531361K->392316K(715776K), 0.0193661 secs] [Times: user=0.16 sys=0.00, real=0.02 secs] 
2016-09-13T17:41:56.611-0400: 158.313: [GC (GCLocker Initiated GC) [PSYoungGen: 138125K->32485K(190464K)] 527169K->421584K(714752K), 0.0096400 secs] [Times: user=0.08 sys=0.00, real=0.01 secs] 
2016-09-13T17:41:56.813-0400: 158.516: [GC (GCLocker Initiated GC) [PSYoungGen: 160997K->31184K(198656K)] 550146K->438835K(722944K), 0.0240762 secs] [Times: user=0.27 sys=0.00, real=0.03 secs] 
2016-09-13T17:41:57.049-0400: 158.752: [GC (GCLocker Initiated GC) [PSYoungGen: 169936K->29420K(198656K)] 583916K->443522K(722944K), 0.0175799 secs] [Times: user=0.22 sys=0.00, real=0.01 secs] 
2016-09-13T17:41:57.301-0400: 159.004: [GC (GCLocker Initiated GC) [PSYoungGen: 168172K->29443K(200192K)] 595982K->457324K(724480K), 0.0406116 secs] [Times: user=0.46 sys=0.00, real=0.04 secs] 
2016-09-13T17:41:57.530-0400: 159.233: [GC (GCLocker Initiated GC) [PSYoungGen: 173827K->44826K(200192K)] 601732K->477434K(724480K), 0.0083538 secs] [Times: user=0.07 sys=0.01, real=0.01 secs] 
2016-09-13T17:41:57.751-0400: 159.454: [GC (GCLocker Initiated GC) [PSYoungGen: 189210K->31062K(204288K)] 621840K->470013K(728576K), 0.0182141 secs] [Times: user=0.15 sys=0.00, real=0.02 secs] 
2016-09-13T17:41:57.993-0400: 159.696: [GC (GCLocker Initiated GC) [PSYoungGen: 175446K->11132K(202240K)] 614526K->461046K(726528K), 0.0076647 secs] [Times: user=0.05 sys=0.01, real=0.01 secs] 
2016-09-13T17:41:58.223-0400: 159.926: [GC (GCLocker Initiated GC) [PSYoungGen: 155516K->23405K(201216K)] 605443K->473486K(725504K), 0.0107813 secs] [Times: user=0.12 sys=0.00, real=0.01 secs] 
2016-09-13T17:41:58.509-0400: 160.212: [GC (Allocation Failure) [PSYoungGen: 169837K->9772K(201728K)] 632339K->478437K(726016K), 0.0163874 secs] [Times: user=0.12 sys=0.00, real=0.01 secs] 
2016-09-13T17:41:58.526-0400: 160.229: [GC (GCLocker Initiated GC) [PSYoungGen: 10006K->192K(204800K)] 478671K->478554K(729088K), 0.0027249 secs] [Times: user=0.02 sys=0.00, real=0.01 secs] 
2016-09-13T17:41:58.722-0400: 160.425: [GC (GCLocker Initiated GC) [PSYoungGen: 149694K->55644K(205312K)] 628059K->535528K(729600K), 0.0189465 secs] [Times: user=0.19 sys=0.00, real=0.02 secs] 
2016-09-13T17:41:58.959-0400: 160.662: [GC (Allocation Failure) [PSYoungGen: 205148K->11260K(190976K)] 685065K->502246K(715264K), 0.0265454 secs] [Times: user=0.35 sys=0.00, real=0.02 secs] 
2016-09-13T17:41:59.159-0400: 160.862: [GC (GCLocker Initiated GC) [PSYoungGen: 143938K->28115K(198144K)] 636443K->522277K(722432K), 0.0130602 secs] [Times: user=0.13 sys=0.00, real=0.01 secs] 
2016-09-13T17:41:59.387-0400: 161.090: [GC (GCLocker Initiated GC) [PSYoungGen: 162259K->12838K(192512K)] 657962K->508758K(716800K), 0.0100418 secs] [Times: user=0.10 sys=0.00, real=0.02 secs] 
2016-09-13T17:41:59.616-0400: 161.319: [GC (Allocation Failure) [PSYoungGen: 149542K->5147K(196608K)] 651557K->516480K(720896K), 0.0276032 secs] [Times: user=0.29 sys=0.00, real=0.02 secs] 
2016-09-13T17:41:59.644-0400: 161.346: [Full GC (Ergonomics) [PSYoungGen: 5147K->0K(196608K)] [ParOldGen: 511332K->32128K(524288K)] 516480K->32128K(720896K), [Metaspace: 44652K->44652K(1087488K)], 0.0681551 secs] [Times: user=0.36 sys=0.01, real=0.07 secs] 
2016-09-13T17:41:59.907-0400: 161.610: [GC (GCLocker Initiated GC) [PSYoungGen: 136704K->58654K(183296K)] 168838K->124201K(707584K), 0.0136768 secs] [Times: user=0.12 sys=0.01, real=0.02 secs] 
2016-09-13T17:42:00.088-0400: 161.791: [GC (GCLocker Initiated GC) [PSYoungGen: 182558K->29549K(193024K)] 248109K->125914K(717312K), 0.0246047 secs] [Times: user=0.20 sys=0.01, real=0.02 secs] 
2016-09-13T17:42:00.270-0400: 161.973: [GC (Allocation Failure) [PSYoungGen: 153453K->49409K(186368K)] 249963K->146125K(710656K), 0.0069954 secs] [Times: user=0.06 sys=0.00, real=0.01 secs] 
2016-09-13T17:42:00.442-0400: 162.145: [GC (GCLocker Initiated GC) [PSYoungGen: 169217K->28252K(190976K)] 265934K->138996K(715264K), 0.0113032 secs] [Times: user=0.14 sys=0.01, real=0.01 secs] 
2016-09-13T17:42:00.642-0400: 162.344: [GC (GCLocker Initiated GC) [PSYoungGen: 148060K->29416K(183296K)] 258971K->140557K(707584K), 0.0114485 secs] [Times: user=0.12 sys=0.00, real=0.01 secs] 
2016-09-13T17:42:00.851-0400: 162.554: [GC (GCLocker Initiated GC) [PSYoungGen: 153320K->20463K(187392K)] 270558K->137806K(711680K), 0.0075832 secs] [Times: user=0.09 sys=0.00, real=0.01 secs] 
2016-09-13T17:42:01.079-0400: 162.782: [GC (GCLocker Initiated GC) [PSYoungGen: 144367K->43089K(195584K)] 261970K->162415K(719872K), 0.0344097 secs] [Times: user=0.31 sys=0.00, real=0.03 secs] 
2016-09-13T17:42:01.288-0400: 162.990: [GC (GCLocker Initiated GC) [PSYoungGen: 177233K->32639K(198144K)] 308732K->164257K(722432K), 0.0094374 secs] [Times: user=0.09 sys=0.00, real=0.02 secs] 
2016-09-13T17:42:01.500-0400: 163.202: [GC (GCLocker Initiated GC) [PSYoungGen: 166783K->34137K(196096K)] 310579K->185869K(720384K), 0.0076709 secs] [Times: user=0.08 sys=0.00, real=0.00 secs] 
2016-09-13T17:42:01.743-0400: 163.446: [GC (Allocation Failure) [PSYoungGen: 170841K->5243K(197120K)] 335068K->175739K(721408K), 0.0241576 secs] [Times: user=0.28 sys=0.00, real=0.02 secs] 
2016-09-13T17:42:01.988-0400: 163.691: [GC (GCLocker Initiated GC) [PSYoungGen: 137424K->9703K(201216K)] 313995K->186577K(725504K), 0.0147199 secs] [Times: user=0.15 sys=0.00, real=0.01 secs] 
2016-09-13T17:42:02.210-0400: 163.913: [GC (Allocation Failure) [PSYoungGen: 149479K->19130K(159232K)] 332450K->202350K(683520K), 0.0079351 secs] [Times: user=0.07 sys=0.00, real=0.01 secs] 
2016-09-13T17:42:02.441-0400: 164.144: [GC (GCLocker Initiated GC) [PSYoungGen: 158906K->32581K(198656K)] 342158K->225171K(722944K), 0.0112565 secs] [Times: user=0.12 sys=0.00, real=0.01 secs] 
2016-09-13T17:42:02.655-0400: 164.357: [GC (Allocation Failure) [PSYoungGen: 172869K->44608K(198144K)] 365728K->237581K(722432K), 0.0130629 secs] [Times: user=0.10 sys=0.00, real=0.02 secs] 
2016-09-13T17:42:02.887-0400: 164.590: [GC (GCLocker Initiated GC) [PSYoungGen: 183673K->50751K(189952K)] 378164K->245381K(714240K), 0.0120086 secs] [Times: user=0.12 sys=0.01, real=0.02 secs] 
2016-09-13T17:42:03.098-0400: 164.800: [GC (GCLocker Initiated GC) [PSYoungGen: 178751K->26474K(195072K)] 385631K->233537K(719360K), 0.0114390 secs] [Times: user=0.12 sys=0.00, real=0.01 secs] 
2016-09-13T17:42:03.300-0400: 165.003: [GC (GCLocker Initiated GC) [PSYoungGen: 154474K->41697K(195072K)] 363281K->252196K(719360K), 0.0364178 secs] [Times: user=0.34 sys=0.01, real=0.04 secs] 
2016-09-13T17:42:03.529-0400: 165.232: [GC (Allocation Failure) [PSYoungGen: 172769K->44634K(176128K)] 383450K->255514K(700416K), 0.0101947 secs] [Times: user=0.05 sys=0.00, real=0.01 secs] 
2016-09-13T17:42:03.748-0400: 165.451: [GC (GCLocker Initiated GC) [PSYoungGen: 172092K->23282K(197120K)] 389047K->240285K(721408K), 0.0190527 secs] [Times: user=0.21 sys=0.00, real=0.01 secs] 
2016-09-13T17:42:03.967-0400: 165.670: [GC (Allocation Failure) [PSYoungGen: 153842K->17266K(147968K)] 370931K->234470K(672256K), 0.0104626 secs] [Times: user=0.10 sys=0.01, real=0.02 secs] 
2016-09-13T17:42:04.167-0400: 165.869: [GC (GCLocker Initiated GC) [PSYoungGen: 147826K->29485K(198144K)] 365033K->251336K(722432K), 0.0074083 secs] [Times: user=0.06 sys=0.01, real=0.01 secs] 
2016-09-13T17:42:04.384-0400: 166.086: [GC (GCLocker Initiated GC) [PSYoungGen: 163629K->32853K(194560K)] 385517K->254895K(718848K), 0.0256139 secs] [Times: user=0.24 sys=0.00, real=0.03 secs] 
2016-09-13T17:42:04.603-0400: 166.306: [GC (Allocation Failure) [PSYoungGen: 166997K->31068K(199168K)] 389234K->259779K(723456K), 0.0133295 secs] [Times: user=0.18 sys=0.00, real=0.02 secs] 
2016-09-13T17:42:04.846-0400: 166.548: [GC (GCLocker Initiated GC) [PSYoungGen: 170663K->46153K(196608K)] 405449K->282581K(720896K), 0.0148926 secs] [Times: user=0.17 sys=0.01, real=0.02 secs] 
2016-09-13T17:42:05.051-0400: 166.754: [GC (GCLocker Initiated GC) [PSYoungGen: 186441K->41661K(200704K)] 422880K->278234K(724992K), 0.0270198 secs] [Times: user=0.16 sys=0.01, real=0.03 secs] 
2016-09-13T17:42:05.298-0400: 167.001: [GC (GCLocker Initiated GC) [PSYoungGen: 182973K->43057K(184832K)] 427356K->287709K(709120K), 0.0072335 secs] [Times: user=0.04 sys=0.00, real=0.00 secs] 
2016-09-13T17:42:05.533-0400: 167.235: [GC (GCLocker Initiated GC) [PSYoungGen: 184369K->4993K(196608K)] 441313K->263567K(720896K), 0.0121458 secs] [Times: user=0.13 sys=0.01, real=0.01 secs] 
2016-09-13T17:42:05.792-0400: 167.495: [GC (Allocation Failure) [PSYoungGen: 140161K->14398K(198656K)] 400287K->274687K(722944K), 0.0053587 secs] [Times: user=0.05 sys=0.00, real=0.01 secs] 
2016-09-13T17:42:06.003-0400: 167.706: [GC (GCLocker Initiated GC) [PSYoungGen: 149566K->31254K(193024K)] 415930K->308361K(717312K), 0.0069863 secs] [Times: user=0.07 sys=0.00, real=0.01 secs] 
2016-09-13T17:42:06.225-0400: 167.928: [GC (GCLocker Initiated GC) [PSYoungGen: 166934K->46375K(196096K)] 445604K->325263K(720384K), 0.0073197 secs] [Times: user=0.07 sys=0.00, real=0.01 secs] 
2016-09-13T17:42:06.450-0400: 168.153: [GC (GCLocker Initiated GC) [PSYoungGen: 182055K->6922K(196608K)] 474712K->304482K(720896K), 0.0074248 secs] [Times: user=0.06 sys=0.00, real=0.01 secs] 
2016-09-13T17:42:06.664-0400: 168.367: [GC (GCLocker Initiated GC) [PSYoungGen: 140042K->44737K(178176K)] 437815K->345813K(702464K), 0.0091837 secs] [Times: user=0.11 sys=0.00, real=0.01 secs] 
2016-09-13T17:42:06.884-0400: 168.587: [GC (GCLocker Initiated GC) [PSYoungGen: 177857K->50970K(186880K)] 479082K->352408K(711168K), 0.0068430 secs] [Times: user=0.08 sys=0.00, real=0.01 secs] 
2016-09-13T17:42:07.078-0400: 168.781: [GC (GCLocker Initiated GC) [PSYoungGen: 170778K->41667K(190976K)] 472366K->343422K(715264K), 0.0152959 secs] [Times: user=0.19 sys=0.00, real=0.01 secs] 
2016-09-13T17:42:07.259-0400: 168.962: [GC (GCLocker Initiated GC) [PSYoungGen: 161475K->47896K(188416K)] 463411K->350045K(712704K), 0.0070709 secs] [Times: user=0.06 sys=0.00, real=0.00 secs] 
2016-09-13T17:42:07.448-0400: 169.151: [GC (GCLocker Initiated GC) [PSYoungGen: 165656K->46631K(164864K)] 467824K->348978K(689152K), 0.0087498 secs] [Times: user=0.12 sys=0.00, real=0.01 secs] 
2016-09-13T17:42:07.647-0400: 169.350: [GC (GCLocker Initiated GC) [PSYoungGen: 164391K->44794K(189440K)] 466757K->347369K(713728K), 0.0250293 secs] [Times: user=0.29 sys=0.00, real=0.03 secs] 
2016-09-13T17:42:07.845-0400: 169.548: [GC (GCLocker Initiated GC) [PSYoungGen: 161530K->28307K(145408K)] 470283K->350970K(669696K), 0.0073273 secs] [Times: user=0.10 sys=0.00, real=0.01 secs] 
2016-09-13T17:42:08.057-0400: 169.760: [GC (Allocation Failure) [PSYoungGen: 145043K->11159K(186880K)] 479895K->346212K(711168K), 0.0056756 secs] [Times: user=0.04 sys=0.00, real=0.00 secs] 
2016-09-13T17:42:08.244-0400: 169.946: [GC (GCLocker Initiated GC) [PSYoungGen: 126125K->28088K(187392K)] 462698K->366350K(711680K), 0.0082621 secs] [Times: user=0.08 sys=0.00, real=0.01 secs] 
2016-09-13T17:42:08.452-0400: 170.154: [GC (Allocation Failure) [PSYoungGen: 144311K->9917K(188928K)] 494926K->360774K(713216K), 0.0091291 secs] [Times: user=0.12 sys=0.00, real=0.01 secs] 
2016-09-13T17:42:08.647-0400: 170.349: [GC (GCLocker Initiated GC) [PSYoungGen: 128267K->28243K(188928K)] 485199K->385313K(713216K), 0.0059725 secs] [Times: user=0.06 sys=0.01, real=0.01 secs] 
2016-09-13T17:42:08.853-0400: 170.556: [GC (GCLocker Initiated GC) [PSYoungGen: 148563K->9741K(190464K)] 519499K->380804K(714752K), 0.0095996 secs] [Times: user=0.08 sys=0.01, real=0.01 secs] 
2016-09-13T17:42:09.089-0400: 170.792: [GC (Allocation Failure) [PSYoungGen: 134669K->41507K(190464K)] 505891K->412852K(714752K), 0.0085672 secs] [Times: user=0.08 sys=0.00, real=0.01 secs] 
2016-09-13T17:42:09.276-0400: 170.979: [GC (Allocation Failure) [PSYoungGen: 166435K->43025K(192512K)] 537780K->414434K(716800K), 0.0266235 secs] [Times: user=0.28 sys=0.01, real=0.02 secs] 
2016-09-13T17:42:09.480-0400: 171.182: [GC (Allocation Failure) [PSYoungGen: 168977K->41692K(194048K)] 540386K->413290K(718336K), 0.0096922 secs] [Times: user=0.09 sys=0.00, real=0.01 secs] 
2016-09-13T17:42:09.666-0400: 171.368: [GC (Allocation Failure) [PSYoungGen: 167644K->46281K(190976K)] 539242K->418226K(715264K), 0.0181197 secs] [Times: user=0.19 sys=0.01, real=0.02 secs] 
2016-09-13T17:42:09.881-0400: 171.584: [GC (GCLocker Initiated GC) [PSYoungGen: 169161K->41475K(192512K)] 542625K->415141K(716800K), 0.0138604 secs] [Times: user=0.12 sys=0.01, real=0.01 secs] 
2016-09-13T17:42:10.087-0400: 171.790: [GC (GCLocker Initiated GC) [PSYoungGen: 164355K->43089K(192000K)] 538247K->417135K(716288K), 0.0279057 secs] [Times: user=0.28 sys=0.00, real=0.03 secs] 
2016-09-13T17:42:10.291-0400: 171.994: [GC (Allocation Failure) [PSYoungGen: 166481K->46281K(192512K)] 546828K->426743K(716800K), 0.0072984 secs] [Times: user=0.07 sys=0.00, real=0.01 secs] 
2016-09-13T17:42:10.488-0400: 172.191: [GC (GCLocker Initiated GC) [PSYoungGen: 167047K->38815K(189440K)] 553584K->433270K(713728K), 0.0067472 secs] [Times: user=0.08 sys=0.00, real=0.00 secs] 
2016-09-13T17:42:10.705-0400: 172.407: [GC (GCLocker Initiated GC) [PSYoungGen: 162207K->44641K(190976K)] 558221K->440906K(715264K), 0.0168073 secs] [Times: user=0.20 sys=0.00, real=0.02 secs] 
2016-09-13T17:42:10.911-0400: 172.614: [GC (GCLocker Initiated GC) [PSYoungGen: 168033K->9859K(190976K)] 576803K->432485K(715264K), 0.0100190 secs] [Times: user=0.13 sys=0.00, real=0.01 secs] 
2016-09-13T17:42:11.151-0400: 172.854: [GC (GCLocker Initiated GC) [PSYoungGen: 133763K->9741K(134144K)] 568709K->444935K(658432K), 0.0338023 secs] [Times: user=0.38 sys=0.00, real=0.03 secs] 
2016-09-13T17:42:11.334-0400: 173.037: [GC (GCLocker Initiated GC) [PSYoungGen: 133645K->50966K(185344K)] 569090K->486684K(709632K), 0.0109547 secs] [Times: user=0.11 sys=0.00, real=0.01 secs] 
2016-09-13T17:42:11.498-0400: 173.201: [GC (GCLocker Initiated GC) [PSYoungGen: 166678K->62866K(178688K)] 602648K->498924K(702976K), 0.0079671 secs] [Times: user=0.06 sys=0.00, real=0.00 secs] 
2016-09-13T17:42:11.700-0400: 173.403: [GC (GCLocker Initiated GC) [PSYoungGen: 178578K->41662K(184832K)] 617891K->487131K(709120K), 0.0121524 secs] [Times: user=0.14 sys=0.00, real=0.01 secs] 
2016-09-13T17:42:11.906-0400: 173.608: [GC (GCLocker Initiated GC) [PSYoungGen: 146622K->27992K(133120K)] 599901K->481402K(657408K), 0.0112842 secs] [Times: user=0.15 sys=0.00, real=0.02 secs] 
2016-09-13T17:42:12.062-0400: 173.765: [GC (GCLocker Initiated GC) [PSYoungGen: 132952K->72319K(167936K)] 587995K->527549K(692224K), 0.0095430 secs] [Times: user=0.14 sys=0.00, real=0.01 secs] 
2016-09-13T17:42:12.219-0400: 173.921: [GC (GCLocker Initiated GC) [PSYoungGen: 165503K->23564K(177664K)] 620822K->511152K(701952K), 0.0117091 secs] [Times: user=0.18 sys=0.00, real=0.01 secs] 
2016-09-13T17:42:12.382-0400: 174.084: [GC (GCLocker Initiated GC) [PSYoungGen: 116748K->9709K(177152K)] 610573K->508375K(701440K), 0.0045058 secs] [Times: user=0.03 sys=0.00, real=0.00 secs] 
2016-09-13T17:42:12.525-0400: 174.228: [GC (Allocation Failure) [PSYoungGen: 104429K->44821K(178176K)] 603422K->543969K(702464K), 0.0066634 secs] [Times: user=0.06 sys=0.00, real=0.01 secs] 
2016-09-13T17:42:12.684-0400: 174.386: [GC (GCLocker Initiated GC) [PSYoungGen: 139541K->47709K(178176K)] 638692K->553145K(702464K), 0.0397436 secs] [Times: user=0.43 sys=0.00, real=0.04 secs] 
2016-09-13T17:42:12.856-0400: 174.558: [GC (GCLocker Initiated GC) [PSYoungGen: 144477K->66030K(162816K)] 650055K->571720K(687104K), 0.0141017 secs] [Times: user=0.16 sys=0.00, real=0.01 secs] 
2016-09-13T17:42:13.027-0400: 174.729: [Full GC (Ergonomics) [PSYoungGen: 162798K->0K(162816K)] [ParOldGen: 513481K->40004K(524288K)] 676280K->40004K(687104K), [Metaspace: 44654K->44654K(1087488K)], 0.0644293 secs] [Times: user=0.38 sys=0.01, real=0.07 secs] 
2016-09-13T17:42:13.232-0400: 174.934: [GC (GCLocker Initiated GC) [PSYoungGen: 96768K->85901K(175104K)] 137111K->127763K(699392K), 0.0272222 secs] [Times: user=0.28 sys=0.00, real=0.03 secs] 
2016-09-13T17:42:13.379-0400: 175.082: [GC (GCLocker Initiated GC) [PSYoungGen: 173965K->21731K(175104K)] 215872K->106510K(699392K), 0.0098893 secs] [Times: user=0.07 sys=0.02, real=0.01 secs] 
2016-09-13T17:42:13.513-0400: 175.216: [GC (GCLocker Initiated GC) [PSYoungGen: 109795K->49352K(175104K)] 202480K->143800K(699392K), 0.0093597 secs] [Times: user=0.09 sys=0.00, real=0.01 secs] 
2016-09-13T17:42:13.645-0400: 175.348: [GC (GCLocker Initiated GC) [PSYoungGen: 137416K->28088K(175104K)] 231883K->127208K(699392K), 0.0062948 secs] [Times: user=0.06 sys=0.00, real=0.01 secs] 
2016-09-13T17:42:13.759-0400: 175.461: [GC (GCLocker Initiated GC) [PSYoungGen: 116152K->44608K(175104K)] 215281K->147026K(699392K), 0.0069980 secs] [Times: user=0.05 sys=0.00, real=0.00 secs] 
2016-09-13T17:42:13.904-0400: 175.606: [GC (GCLocker Initiated GC) [PSYoungGen: 132672K->47869K(136192K)] 235162K->155200K(660480K), 0.0246621 secs] [Times: user=0.25 sys=0.01, real=0.03 secs] 
2016-09-13T17:42:14.047-0400: 175.750: [GC (GCLocker Initiated GC) [PSYoungGen: 135933K->37047K(177152K)] 243286K->144699K(701440K), 0.0123401 secs] [Times: user=0.12 sys=0.00, real=0.02 secs] 
2016-09-13T17:42:14.238-0400: 175.941: [GC (GCLocker Initiated GC) [PSYoungGen: 128183K->44704K(136192K)] 236051K->154260K(660480K), 0.0306083 secs] [Times: user=0.34 sys=0.00, real=0.03 secs] 
2016-09-13T17:42:14.390-0400: 176.093: [GC (GCLocker Initiated GC) [PSYoungGen: 135840K->21821K(173568K)] 251664K->137831K(697856K), 0.0097310 secs] [Times: user=0.06 sys=0.01, real=0.01 secs] 
2016-09-13T17:42:14.499-0400: 176.202: [GC (GCLocker Initiated GC) [PSYoungGen: 115517K->63089K(173056K)] 233274K->181130K(697344K), 0.0219338 secs] [Times: user=0.28 sys=0.00, real=0.02 secs] 
2016-09-13T17:42:14.660-0400: 176.362: [GC (GCLocker Initiated GC) [PSYoungGen: 156785K->12837K(176128K)] 287054K->147821K(700416K), 0.0033891 secs] [Times: user=0.02 sys=0.00, real=0.00 secs] 
2016-09-13T17:42:14.816-0400: 176.519: [GC (GCLocker Initiated GC) [PSYoungGen: 104997K->27843K(120320K)] 240006K->166142K(644608K), 0.0231961 secs] [Times: user=0.21 sys=0.00, real=0.02 secs] 
2016-09-13T17:42:15.000-0400: 176.703: [GC (GCLocker Initiated GC) [PSYoungGen: 120003K->21849K(177152K)] 261401K->169563K(701440K), 0.0055516 secs] [Times: user=0.04 sys=0.00, real=0.00 secs] 
2016-09-13T17:42:15.134-0400: 176.837: [GC (Allocation Failure) [PSYoungGen: 116569K->41790K(175616K)] 278141K->203607K(699904K), 0.0109024 secs] [Times: user=0.13 sys=0.01, real=0.01 secs] 
2016-09-13T17:42:15.295-0400: 176.997: [GC (GCLocker Initiated GC) [PSYoungGen: 136510K->51097K(176128K)] 298330K->249597K(700416K), 0.0110450 secs] [Times: user=0.12 sys=0.00, real=0.01 secs] 
2016-09-13T17:42:15.457-0400: 177.160: [GC (GCLocker Initiated GC) [PSYoungGen: 148889K->35496K(177152K)] 353486K->240373K(701440K), 0.0068488 secs] [Times: user=0.05 sys=0.01, real=0.00 secs] 
2016-09-13T17:42:15.623-0400: 177.326: [GC (GCLocker Initiated GC) [PSYoungGen: 133288K->29511K(180736K)] 339776K->243723K(705024K), 0.0239832 secs] [Times: user=0.25 sys=0.00, real=0.02 secs] 
2016-09-13T17:42:15.818-0400: 177.521: [GC (GCLocker Initiated GC) [PSYoungGen: 136007K->29521K(180224K)] 350281K->250106K(704512K), 0.0258900 secs] [Times: user=0.28 sys=0.00, real=0.02 secs] 
2016-09-13T17:42:15.985-0400: 177.688: [GC (GCLocker Initiated GC) [PSYoungGen: 136017K->44517K(185856K)] 356778K->268525K(710144K), 0.0173660 secs] [Times: user=0.14 sys=0.00, real=0.02 secs] 
2016-09-13T17:42:16.166-0400: 177.868: [GC (GCLocker Initiated GC) [PSYoungGen: 159205K->25140K(185344K)] 383396K->252510K(709632K), 0.0252490 secs] [Times: user=0.25 sys=0.01, real=0.03 secs] 
2016-09-13T17:42:16.341-0400: 178.044: [GC (GCLocker Initiated GC) [PSYoungGen: 139828K->23528K(190464K)] 373320K->257458K(714752K), 0.0138928 secs] [Times: user=0.15 sys=0.00, real=0.01 secs] 
2016-09-13T17:42:16.517-0400: 178.219: [GC (Allocation Failure) [PSYoungGen: 144872K->49292K(189952K)] 378844K->283419K(714240K), 0.0112151 secs] [Times: user=0.11 sys=0.01, real=0.01 secs] 
2016-09-13T17:42:16.723-0400: 178.426: [GC (GCLocker Initiated GC) [PSYoungGen: 167382K->23627K(192000K)] 407583K->277813K(716288K), 0.0076327 secs] [Times: user=0.07 sys=0.00, real=0.01 secs] 
2016-09-13T17:42:16.965-0400: 178.668: [GC (GCLocker Initiated GC) [PSYoungGen: 145995K->6692K(191488K)] 406443K->267397K(715776K), 0.0095057 secs] [Times: user=0.08 sys=0.01, real=0.01 secs] 
2016-09-13T17:42:17.156-0400: 178.859: [GC (GCLocker Initiated GC) [PSYoungGen: 129060K->27934K(188416K)] 391462K->290474K(712704K), 0.0211169 secs] [Times: user=0.20 sys=0.00, real=0.02 secs] 
2016-09-13T17:42:17.330-0400: 179.033: [GC (GCLocker Initiated GC) [PSYoungGen: 150302K->32490K(189952K)] 418930K->301269K(714240K), 0.0130889 secs] [Times: user=0.13 sys=0.00, real=0.01 secs] 
2016-09-13T17:42:17.543-0400: 179.246: [GC (GCLocker Initiated GC) [PSYoungGen: 154858K->41661K(193024K)] 423863K->312387K(717312K), 0.0133356 secs] [Times: user=0.13 sys=0.01, real=0.02 secs] 
2016-09-13T17:42:17.733-0400: 179.436: [GC (GCLocker Initiated GC) [PSYoungGen: 170173K->27965K(193024K)] 440974K->298986K(717312K), 0.0396601 secs] [Times: user=0.39 sys=0.00, real=0.04 secs] 
2016-09-13T17:42:17.945-0400: 179.648: [GC (GCLocker Initiated GC) [PSYoungGen: 156477K->44730K(194048K)] 429282K->317686K(718336K), 0.0130222 secs] [Times: user=0.12 sys=0.00, real=0.02 secs] 
2016-09-13T17:42:18.187-0400: 179.890: [GC (Allocation Failure) [PSYoungGen: 176314K->12710K(195584K)] 455365K->292004K(719872K), 0.0107644 secs] [Times: user=0.10 sys=0.00, real=0.02 secs] 
2016-09-13T17:42:18.394-0400: 180.097: [GC (GCLocker Initiated GC) [PSYoungGen: 142936K->28279K(193536K)] 423749K->319934K(717824K), 0.0053181 secs] [Times: user=0.06 sys=0.00, real=0.01 secs] 
2016-09-13T17:42:18.625-0400: 180.328: [GC (GCLocker Initiated GC) [PSYoungGen: 161911K->41704K(195584K)] 453588K->333540K(719872K), 0.0070473 secs] [Times: user=0.09 sys=0.00, real=0.01 secs] 
2016-09-13T17:42:18.843-0400: 180.545: [GC (Allocation Failure) [PSYoungGen: 175336K->23585K(197632K)] 468762K->327798K(721920K), 0.0150506 secs] [Times: user=0.14 sys=0.01, real=0.02 secs] 
2016-09-13T17:42:19.046-0400: 180.748: [GC (GCLocker Initiated GC) [PSYoungGen: 158289K->27993K(198656K)] 468577K->338647K(722944K), 0.0056140 secs] [Times: user=0.06 sys=0.00, real=0.01 secs] 
2016-09-13T17:42:19.256-0400: 180.959: [GC (GCLocker Initiated GC) [PSYoungGen: 165721K->46510K(197120K)] 476534K->357485K(721408K), 0.0172853 secs] [Times: user=0.21 sys=0.00, real=0.01 secs] 
2016-09-13T17:42:19.507-0400: 181.209: [GC (GCLocker Initiated GC) [PSYoungGen: 184750K->26324K(200192K)] 503547K->345386K(724480K), 0.0165994 secs] [Times: user=0.20 sys=0.00, real=0.02 secs] 
2016-09-13T17:42:19.732-0400: 181.434: [GC (GCLocker Initiated GC) [PSYoungGen: 164564K->30935K(194048K)] 489723K->356133K(718336K), 0.0189877 secs] [Times: user=0.18 sys=0.00, real=0.02 secs] 
2016-09-13T17:42:19.947-0400: 181.649: [GC (GCLocker Initiated GC) [PSYoungGen: 171223K->26383K(197632K)] 496516K->362446K(721920K), 0.0187068 secs] [Times: user=0.18 sys=0.00, real=0.02 secs] 
2016-09-13T17:42:20.207-0400: 181.910: [GC (GCLocker Initiated GC) [PSYoungGen: 166671K->41692K(203264K)] 504372K->384159K(727552K), 0.0462667 secs] [Times: user=0.46 sys=0.00, real=0.05 secs] 
2016-09-13T17:42:20.468-0400: 182.171: [GC (GCLocker Initiated GC) [PSYoungGen: 189148K->29548K(177152K)] 537710K->378335K(701440K), 0.0047751 secs] [Times: user=0.05 sys=0.00, real=0.00 secs] 
2016-09-13T17:42:20.702-0400: 182.405: [GC (GCLocker Initiated GC) [PSYoungGen: 177004K->25040K(205312K)] 531916K->380023K(729600K), 0.0081043 secs] [Times: user=0.05 sys=0.01, real=0.01 secs] 
2016-09-13T17:42:20.930-0400: 182.633: [GC (Allocation Failure) [PSYoungGen: 175056K->46255K(204288K)] 530344K->402027K(728576K), 0.0113322 secs] [Times: user=0.12 sys=0.00, real=0.01 secs] 
2016-09-13T17:42:21.195-0400: 182.898: [GC (Allocation Failure) [PSYoungGen: 191011K->3633K(199680K)] 546784K->364156K(723968K), 0.0303926 secs] [Times: user=0.32 sys=0.00, real=0.03 secs] 
2016-09-13T17:42:21.402-0400: 183.104: [GC (GCLocker Initiated GC) [PSYoungGen: 144649K->46282K(188928K)] 506691K->408459K(713216K), 0.0105030 secs] [Times: user=0.10 sys=0.00, real=0.01 secs] 
2016-09-13T17:42:21.652-0400: 183.355: [GC (GCLocker Initiated GC) [PSYoungGen: 188618K->32586K(201728K)] 556944K->401125K(726016K), 0.0198229 secs] [Times: user=0.27 sys=0.00, real=0.02 secs] 
2016-09-13T17:42:21.870-0400: 183.573: [GC (Allocation Failure) [PSYoungGen: 171338K->38719K(177664K)] 540105K->409223K(701952K), 0.0242059 secs] [Times: user=0.29 sys=0.01, real=0.02 secs] 
2016-09-13T17:42:22.086-0400: 183.789: [GC (GCLocker Initiated GC) [PSYoungGen: 177471K->46500K(196096K)] 547976K->417244K(720384K), 0.0095489 secs] [Times: user=0.13 sys=0.00, real=0.02 secs] 
2016-09-13T17:42:22.299-0400: 184.002: [GC (GCLocker Initiated GC) [PSYoungGen: 182692K->47805K(184320K)] 553619K->418953K(708608K), 0.0071335 secs] [Times: user=0.06 sys=0.00, real=0.00 secs] 
2016-09-13T17:42:22.511-0400: 184.214: [GC (GCLocker Initiated GC) [PSYoungGen: 183997K->44635K(196096K)] 555388K->416153K(720384K), 0.0255594 secs] [Times: user=0.23 sys=0.00, real=0.03 secs] 
2016-09-13T17:42:22.729-0400: 184.432: [GC (GCLocker Initiated GC) [PSYoungGen: 175707K->46404K(177664K)] 547384K->418270K(701952K), 0.0100178 secs] [Times: user=0.08 sys=0.00, real=0.01 secs] 
2016-09-13T17:42:22.945-0400: 184.648: [GC (GCLocker Initiated GC) [PSYoungGen: 177476K->12806K(193024K)] 550908K->386564K(717312K), 0.0057120 secs] [Times: user=0.05 sys=0.00, real=0.01 secs] 
2016-09-13T17:42:23.140-0400: 184.843: [GC (GCLocker Initiated GC) [PSYoungGen: 139782K->41634K(194560K)] 513901K->422016K(718848K), 0.0154271 secs] [Times: user=0.14 sys=0.00, real=0.02 secs] 
2016-09-13T17:42:23.341-0400: 185.044: [GC (GCLocker Initiated GC) [PSYoungGen: 168610K->46408K(194048K)] 549180K->427212K(718336K), 0.0143574 secs] [Times: user=0.15 sys=0.00, real=0.02 secs] 
2016-09-13T17:42:23.574-0400: 185.277: [GC (GCLocker Initiated GC) [PSYoungGen: 173384K->44576K(194560K)] 554348K->430403K(718848K), 0.0201771 secs] [Times: user=0.18 sys=0.00, real=0.02 secs] 
2016-09-13T17:42:23.749-0400: 185.452: [GC (GCLocker Initiated GC) [PSYoungGen: 171552K->29479K(191488K)] 557594K->415656K(715776K), 0.0121330 secs] [Times: user=0.09 sys=0.00, real=0.01 secs] 
2016-09-13T17:42:23.968-0400: 185.670: [GC (GCLocker Initiated GC) [PSYoungGen: 156455K->30908K(193024K)] 542715K->417369K(717312K), 0.0155774 secs] [Times: user=0.15 sys=0.00, real=0.01 secs] 
2016-09-13T17:42:24.182-0400: 185.885: [GC (GCLocker Initiated GC) [PSYoungGen: 157884K->23340K(195584K)] 547486K->413072K(719872K), 0.0294495 secs] [Times: user=0.30 sys=0.01, real=0.03 secs] 
2016-09-13T17:42:24.414-0400: 186.117: [GC (GCLocker Initiated GC) [PSYoungGen: 155436K->9804K(195584K)] 552882K->407467K(719872K), 0.0071817 secs] [Times: user=0.07 sys=0.00, real=0.01 secs] 
2016-09-13T17:42:24.639-0400: 186.342: [GC (Allocation Failure) [PSYoungGen: 141900K->24828K(196096K)] 539741K->422871K(720384K), 0.0297097 secs] [Times: user=0.30 sys=0.00, real=0.03 secs] 
2016-09-13T17:42:24.849-0400: 186.552: [GC (GCLocker Initiated GC) [PSYoungGen: 158460K->26473K(196608K)] 556503K->424655K(720896K), 0.0118635 secs] [Times: user=0.11 sys=0.00, real=0.01 secs] 
2016-09-13T17:42:25.067-0400: 186.769: [GC (Allocation Failure) [PSYoungGen: 160105K->41752K(196096K)] 560041K->441971K(720384K), 0.0168060 secs] [Times: user=0.17 sys=0.01, real=0.02 secs] 
2016-09-13T17:42:25.279-0400: 186.982: [GC (Allocation Failure) [PSYoungGen: 176986K->41570K(197120K)] 577206K->441983K(721408K), 0.0336261 secs] [Times: user=0.33 sys=0.00, real=0.03 secs] 
2016-09-13T17:42:25.498-0400: 187.200: [GC (GCLocker Initiated GC) [PSYoungGen: 176625K->49387K(193024K)] 578557K->451595K(717312K), 0.0161814 secs] [Times: user=0.18 sys=0.00, real=0.01 secs] 
2016-09-13T17:42:25.698-0400: 187.401: [GC (GCLocker Initiated GC) [PSYoungGen: 180459K->50715K(182272K)] 588779K->459318K(706560K), 0.0225625 secs] [Times: user=0.24 sys=0.00, real=0.02 secs] 
2016-09-13T17:42:25.913-0400: 187.616: [GC (GCLocker Initiated GC) [PSYoungGen: 181787K->41470K(195072K)] 590471K->453370K(719360K), 0.0318111 secs] [Times: user=0.32 sys=0.00, real=0.03 secs] 
2016-09-13T17:42:26.136-0400: 187.838: [GC (GCLocker Initiated GC) [PSYoungGen: 168446K->44545K(194048K)] 580479K->464368K(718336K), 0.0275379 secs] [Times: user=0.28 sys=0.00, real=0.02 secs] 
2016-09-13T17:42:26.353-0400: 188.055: [GC (GCLocker Initiated GC) [PSYoungGen: 171521K->32671K(192000K)] 592888K->454185K(716288K), 0.0152181 secs] [Times: user=0.18 sys=0.00, real=0.02 secs] 
2016-09-13T17:42:26.564-0400: 188.267: [GC (GCLocker Initiated GC) [PSYoungGen: 160671K->24827K(193024K)] 590011K->458940K(717312K), 0.0236677 secs] [Times: user=0.21 sys=0.01, real=0.03 secs] 
2016-09-13T17:42:26.757-0400: 188.460: [GC (GCLocker Initiated GC) [PSYoungGen: 152827K->29576K(194048K)] 588621K->465654K(718336K), 0.0251184 secs] [Times: user=0.32 sys=0.00, real=0.02 secs] 
2016-09-13T17:42:26.980-0400: 188.683: [GC (GCLocker Initiated GC) [PSYoungGen: 162696K->26352K(195584K)] 598871K->468866K(719872K), 0.0056468 secs] [Times: user=0.05 sys=0.00, real=0.00 secs] 
2016-09-13T17:42:27.220-0400: 188.923: [GC (GCLocker Initiated GC) [PSYoungGen: 159472K->44693K(198656K)] 602244K->487529K(722944K), 0.0166972 secs] [Times: user=0.16 sys=0.00, real=0.02 secs] 
2016-09-13T17:42:27.447-0400: 189.150: [GC (GCLocker Initiated GC) [PSYoungGen: 181909K->17522K(155136K)] 636917K->477386K(679424K), 0.0099301 secs] [Times: user=0.12 sys=0.00, real=0.02 secs] 
2016-09-13T17:42:27.665-0400: 189.368: [GC (GCLocker Initiated GC) [PSYoungGen: 154738K->49388K(194048K)] 614631K->518572K(718336K), 0.0103383 secs] [Times: user=0.11 sys=0.00, real=0.01 secs] 
2016-09-13T17:42:27.879-0400: 189.582: [GC (GCLocker Initiated GC) [PSYoungGen: 180460K->44731K(176128K)] 651260K->523334K(700416K), 0.0078509 secs] [Times: user=0.05 sys=0.01, real=0.00 secs] 
2016-09-13T17:42:28.079-0400: 189.782: [GC (GCLocker Initiated GC) [PSYoungGen: 175803K->50779K(190976K)] 654590K->532808K(715264K), 0.0124667 secs] [Times: user=0.12 sys=0.00, real=0.01 secs] 
2016-09-13T17:42:28.321-0400: 190.024: [GC (GCLocker Initiated GC) [PSYoungGen: 175707K->46127K(193536K)] 659361K->529911K(717824K), 0.0246963 secs] [Times: user=0.25 sys=0.00, real=0.02 secs] 
2016-09-13T17:42:28.512-0400: 190.214: [GC (GCLocker Initiated GC) [PSYoungGen: 171055K->53940K(187392K)] 661001K->545639K(711680K), 0.0106667 secs] [Times: user=0.10 sys=0.00, real=0.01 secs] 
2016-09-13T17:42:28.690-0400: 190.393: [GC (GCLocker Initiated GC) [PSYoungGen: 172724K->38755K(190464K)] 665973K->541321K(714752K), 0.0148081 secs] [Times: user=0.15 sys=0.00, real=0.01 secs] 
2016-09-13T17:42:28.886-0400: 190.589: [GC (GCLocker Initiated GC) [PSYoungGen: 157539K->50652K(189440K)] 660175K->553466K(713728K), 0.0192791 secs] [Times: user=0.19 sys=0.00, real=0.02 secs] 
2016-09-13T17:42:29.088-0400: 190.790: [Full GC (Ergonomics) [PSYoungGen: 171484K->0K(189440K)] [ParOldGen: 516547K->44018K(524288K)] 688031K->44018K(713728K), [Metaspace: 44656K->44656K(1087488K)], 0.0601128 secs] [Times: user=0.31 sys=0.00, real=0.06 secs] 
2016-09-13T17:42:29.306-0400: 191.009: [GC (GCLocker Initiated GC) [PSYoungGen: 120832K->32733K(190464K)] 168064K->79966K(714752K), 0.0050501 secs] [Times: user=0.03 sys=0.00, real=0.01 secs] 
2016-09-13T17:42:29.506-0400: 191.209: [GC (GCLocker Initiated GC) [PSYoungGen: 153565K->23186K(192000K)] 206907K->84574K(716288K), 0.0072706 secs] [Times: user=0.05 sys=0.00, real=0.01 secs] 
2016-09-13T17:42:29.707-0400: 191.410: [GC (GCLocker Initiated GC) [PSYoungGen: 147090K->47609K(192000K)] 208620K->113743K(716288K), 0.0294707 secs] [Times: user=0.19 sys=0.00, real=0.04 secs] 
2016-09-13T17:42:29.919-0400: 191.621: [GC (GCLocker Initiated GC) [PSYoungGen: 171513K->44821K(193536K)] 239321K->112794K(717824K), 0.0060679 secs] [Times: user=0.05 sys=0.00, real=0.00 secs] 
2016-09-13T17:42:30.129-0400: 191.832: [GC (Allocation Failure) [PSYoungGen: 170261K->15752K(141312K)] 238276K->83977K(665600K), 0.0138940 secs] [Times: user=0.12 sys=0.00, real=0.01 secs] 
2016-09-13T17:42:30.315-0400: 192.018: [GC (GCLocker Initiated GC) [PSYoungGen: 141192K->52325K(187904K)] 209420K->122265K(712192K), 0.0353863 secs] [Times: user=0.38 sys=0.00, real=0.04 secs] 
2016-09-13T17:42:30.507-0400: 192.209: [GC (GCLocker Initiated GC) [PSYoungGen: 171109K->50960K(169984K)] 242713K->122719K(694272K), 0.0098328 secs] [Times: user=0.10 sys=0.00, real=0.02 secs] 
2016-09-13T17:42:30.704-0400: 192.407: [GC (GCLocker Initiated GC) [PSYoungGen: 169744K->27966K(190464K)] 253781K->121383K(714752K), 0.0301961 secs] [Times: user=0.32 sys=0.00, real=0.03 secs] 
2016-09-13T17:42:30.903-0400: 192.606: [GC (GCLocker Initiated GC) [PSYoungGen: 145726K->44612K(162816K)] 240908K->142936K(687104K), 0.0258437 secs] [Times: user=0.26 sys=0.00, real=0.03 secs] 
2016-09-13T17:42:31.103-0400: 192.805: [GC (GCLocker Initiated GC) [PSYoungGen: 162372K->46319K(188928K)] 268412K->152560K(713216K), 0.0100345 secs] [Times: user=0.06 sys=0.00, real=0.01 secs] 
2016-09-13T17:42:31.286-0400: 192.989: [GC (GCLocker Initiated GC) [PSYoungGen: 164591K->43185K(188416K)] 270858K->149599K(712704K), 0.0060275 secs] [Times: user=0.04 sys=0.00, real=0.01 secs] 
2016-09-13T17:42:31.513-0400: 193.215: [GC (GCLocker Initiated GC) [PSYoungGen: 161457K->25115K(189440K)] 281635K->149984K(713728K), 0.0107178 secs] [Times: user=0.09 sys=0.00, real=0.01 secs] 
2016-09-13T17:42:31.703-0400: 193.406: [GC (GCLocker Initiated GC) [PSYoungGen: 146459K->61566K(183296K)] 272926K->194310K(707584K), 0.0087378 secs] [Times: user=0.07 sys=0.00, real=0.01 secs] 
2016-09-13T17:42:31.898-0400: 193.601: [GC (GCLocker Initiated GC) [PSYoungGen: 182910K->47614K(189440K)] 321757K->186592K(713728K), 0.0126760 secs] [Times: user=0.12 sys=0.00, real=0.01 secs] 
2016-09-13T17:42:32.097-0400: 193.800: [GC (GCLocker Initiated GC) [PSYoungGen: 163838K->46377K(162816K)] 309114K->193327K(687104K), 0.0242129 secs] [Times: user=0.27 sys=0.00, real=0.02 secs] 
2016-09-13T17:42:32.323-0400: 194.026: [GC (GCLocker Initiated GC) [PSYoungGen: 162601K->47645K(188416K)] 317260K->202514K(712704K), 0.0172097 secs] [Times: user=0.15 sys=0.00, real=0.02 secs] 
2016-09-13T17:42:32.500-0400: 194.203: [GC (GCLocker Initiated GC) [PSYoungGen: 164893K->47799K(187392K)] 321470K->210695K(711680K), 0.0165013 secs] [Times: user=0.16 sys=0.00, real=0.02 secs] 
2016-09-13T17:42:32.691-0400: 194.393: [GC (GCLocker Initiated GC) [PSYoungGen: 165047K->59732K(186368K)] 328237K->223264K(710656K), 0.0207425 secs] [Times: user=0.18 sys=0.00, real=0.02 secs] 
2016-09-13T17:42:32.882-0400: 194.584: [GC (GCLocker Initiated GC) [PSYoungGen: 176468K->51088K(189440K)] 340186K->214953K(713728K), 0.0078197 secs] [Times: user=0.06 sys=0.00, real=0.01 secs] 
2016-09-13T17:42:33.092-0400: 194.795: [GC (Allocation Failure) [PSYoungGen: 167824K->23458K(186880K)] 344127K->200045K(711168K), 0.0118954 secs] [Times: user=0.10 sys=0.01, real=0.01 secs] 
2016-09-13T17:42:33.278-0400: 194.981: [GC (GCLocker Initiated GC) [PSYoungGen: 138146K->43185K(158208K)] 314733K->219894K(682496K), 0.0087701 secs] [Times: user=0.07 sys=0.00, real=0.00 secs] 
2016-09-13T17:42:33.465-0400: 195.168: [GC (GCLocker Initiated GC) [PSYoungGen: 157873K->52356K(186368K)] 334669K->229349K(710656K), 0.0192076 secs] [Times: user=0.21 sys=0.01, real=0.02 secs] 
2016-09-13T17:42:33.670-0400: 195.373: [GC (GCLocker Initiated GC) [PSYoungGen: 168068K->64634K(180736K)] 345251K->246615K(705024K), 0.0143394 secs] [Times: user=0.15 sys=0.01, real=0.01 secs] 
2016-09-13T17:42:33.854-0400: 195.556: [GC (GCLocker Initiated GC) [PSYoungGen: 180346K->23592K(184832K)] 368536K->211908K(709120K), 0.0105920 secs] [Times: user=0.13 sys=0.00, real=0.01 secs] 
2016-09-13T17:42:34.038-0400: 195.741: [GC (GCLocker Initiated GC) [PSYoungGen: 132136K->28183K(185344K)] 322150K->218376K(709632K), 0.0110412 secs] [Times: user=0.13 sys=0.00, real=0.01 secs] 
2016-09-13T17:42:34.203-0400: 195.906: [GC (Allocation Failure) [PSYoungGen: 136727K->24832K(184320K)] 327230K->215521K(708608K), 0.0178197 secs] [Times: user=0.18 sys=0.00, real=0.02 secs] 
2016-09-13T17:42:34.395-0400: 196.098: [GC (GCLocker Initiated GC) [PSYoungGen: 133884K->25019K(184832K)] 324579K->221998K(709120K), 0.0058973 secs] [Times: user=0.05 sys=0.00, real=0.01 secs] 
2016-09-13T17:42:34.548-0400: 196.251: [GC (Allocation Failure) [PSYoungGen: 134075K->41601K(181248K)] 331229K->239075K(705536K), 0.0314157 secs] [Times: user=0.28 sys=0.01, real=0.03 secs] 
2016-09-13T17:42:34.741-0400: 196.444: [GC (GCLocker Initiated GC) [PSYoungGen: 152245K->46287K(183808K)] 351238K->245516K(708096K), 0.0101896 secs] [Times: user=0.11 sys=0.01, real=0.01 secs] 
2016-09-13T17:42:34.924-0400: 196.627: [GC (GCLocker Initiated GC) [PSYoungGen: 157391K->31158K(185344K)] 356703K->230625K(709632K), 0.0095899 secs] [Times: user=0.11 sys=0.00, real=0.01 secs] 
2016-09-13T17:42:35.105-0400: 196.807: [GC (GCLocker Initiated GC) [PSYoungGen: 148918K->64697K(182784K)] 348493K->264572K(707072K), 0.0103483 secs] [Times: user=0.14 sys=0.01, real=0.01 secs] 
2016-09-13T17:42:35.298-0400: 197.001: [GC (GCLocker Initiated GC) [PSYoungGen: 182457K->43244K(188416K)] 390000K->255690K(712704K), 0.0138714 secs] [Times: user=0.15 sys=0.00, real=0.01 secs] 
2016-09-13T17:42:35.495-0400: 197.198: [GC (GCLocker Initiated GC) [PSYoungGen: 155372K->47774K(160256K)] 367843K->260514K(684544K), 0.0143014 secs] [Times: user=0.16 sys=0.00, real=0.02 secs] 
2016-09-13T17:42:35.695-0400: 197.398: [GC (GCLocker Initiated GC) [PSYoungGen: 159902K->35463K(186880K)] 372751K->256044K(711168K), 0.0139225 secs] [Times: user=0.14 sys=0.00, real=0.02 secs] 
2016-09-13T17:42:35.869-0400: 197.571: [GC (GCLocker Initiated GC) [PSYoungGen: 149639K->23813K(184832K)] 377984K->264550K(709120K), 0.0163500 secs] [Times: user=0.18 sys=0.01, real=0.01 secs] 
2016-09-13T17:42:36.057-0400: 197.760: [GC (Allocation Failure) [PSYoungGen: 137989K->35619K(187904K)] 384856K->282861K(712192K), 0.0102930 secs] [Times: user=0.11 sys=0.00, real=0.01 secs] 
2016-09-13T17:42:36.257-0400: 197.960: [GC (GCLocker Initiated GC) [PSYoungGen: 155939K->46377K(188928K)] 403184K->301402K(713216K), 0.0102834 secs] [Times: user=0.13 sys=0.00, real=0.01 secs] 
2016-09-13T17:42:36.495-0400: 198.198: [GC (GCLocker Initiated GC) [PSYoungGen: 166697K->63025K(181760K)] 422033K->318602K(706048K), 0.0133671 secs] [Times: user=0.16 sys=0.01, real=0.02 secs] 
2016-09-13T17:42:36.662-0400: 198.365: [GC (GCLocker Initiated GC) [PSYoungGen: 176689K->35832K(187904K)] 438590K->297983K(712192K), 0.0093745 secs] [Times: user=0.11 sys=0.00, real=0.01 secs] 
2016-09-13T17:42:36.837-0400: 198.540: [GC (GCLocker Initiated GC) [PSYoungGen: 149496K->26478K(184832K)] 413191K->298015K(709120K), 0.0320753 secs] [Times: user=0.30 sys=0.00, real=0.03 secs] 
2016-09-13T17:42:37.028-0400: 198.731: [GC (GCLocker Initiated GC) [PSYoungGen: 142190K->34036K(187392K)] 413753K->307406K(711680K), 0.0072013 secs] [Times: user=0.05 sys=0.00, real=0.00 secs] 
2016-09-13T17:42:37.218-0400: 198.921: [GC (GCLocker Initiated GC) [PSYoungGen: 149748K->35782K(184832K)] 429338K->326198K(709120K), 0.0128207 secs] [Times: user=0.15 sys=0.00, real=0.01 secs] 
2016-09-13T17:42:37.415-0400: 199.118: [GC (GCLocker Initiated GC) [PSYoungGen: 156614K->23624K(187904K)] 448698K->315906K(712192K), 0.0063726 secs] [Times: user=0.07 sys=0.00, real=0.01 secs] 
2016-09-13T17:42:37.605-0400: 199.307: [GC (GCLocker Initiated GC) [PSYoungGen: 144456K->19103K(194048K)] 443050K->317927K(718336K), 0.0039578 secs] [Times: user=0.03 sys=0.00, real=0.01 secs] 
2016-09-13T17:42:37.825-0400: 199.527: [GC (GCLocker Initiated GC) [PSYoungGen: 146079K->38662K(165888K)] 444922K->337731K(690176K), 0.0203236 secs] [Times: user=0.29 sys=0.00, real=0.02 secs] 
2016-09-13T17:42:38.051-0400: 199.754: [GC (GCLocker Initiated GC) [PSYoungGen: 165638K->34258K(195584K)] 476866K->356363K(719872K), 0.0126559 secs] [Times: user=0.17 sys=0.00, real=0.01 secs] 
2016-09-13T17:42:38.260-0400: 199.962: [GC (GCLocker Initiated GC) [PSYoungGen: 164306K->41630K(193024K)] 486509K->367134K(717312K), 0.0122463 secs] [Times: user=0.11 sys=0.00, real=0.01 secs] 
2016-09-13T17:42:38.488-0400: 200.191: [GC (GCLocker Initiated GC) [PSYoungGen: 171678K->18889K(195072K)] 509351K->356751K(719360K), 0.0149220 secs] [Times: user=0.15 sys=0.00, real=0.01 secs] 
2016-09-13T17:42:38.702-0400: 200.405: [GC (GCLocker Initiated GC) [PSYoungGen: 152009K->29549K(195584K)] 490034K->381513K(719872K), 0.0066116 secs] [Times: user=0.05 sys=0.01, real=0.01 secs] 
2016-09-13T17:42:38.909-0400: 200.612: [GC (GCLocker Initiated GC) [PSYoungGen: 162669K->32799K(195584K)] 514935K->385219K(719872K), 0.0071710 secs] [Times: user=0.08 sys=0.00, real=0.01 secs] 
2016-09-13T17:42:39.125-0400: 200.828: [GC (GCLocker Initiated GC) [PSYoungGen: 171551K->43247K(197120K)] 525537K->397434K(721408K), 0.0154180 secs] [Times: user=0.18 sys=0.00, real=0.02 secs] 
2016-09-13T17:42:39.333-0400: 201.036: [GC (GCLocker Initiated GC) [PSYoungGen: 181999K->41689K(202752K)] 536222K->396145K(727040K), 0.0096827 secs] [Times: user=0.11 sys=0.00, real=0.01 secs] 
2016-09-13T17:42:39.583-0400: 201.286: [GC (GCLocker Initiated GC) [PSYoungGen: 185049K->34163K(177664K)] 539532K->388844K(701952K), 0.0103651 secs] [Times: user=0.12 sys=0.00, real=0.01 secs] 
2016-09-13T17:42:39.819-0400: 201.522: [GC (GCLocker Initiated GC) [PSYoungGen: 177523K->28270K(201728K)] 532222K->392256K(726016K), 0.0075642 secs] [Times: user=0.08 sys=0.00, real=0.00 secs] 
2016-09-13T17:42:40.067-0400: 201.770: [GC (GCLocker Initiated GC) [PSYoungGen: 172654K->11322K(200704K)] 548859K->387658K(724992K), 0.0056601 secs] [Times: user=0.05 sys=0.00, real=0.01 secs] 
2016-09-13T17:42:40.297-0400: 201.999: [GC (GCLocker Initiated GC) [PSYoungGen: 155706K->55334K(192512K)] 532223K->432053K(716800K), 0.0202505 secs] [Times: user=0.20 sys=0.00, real=0.02 secs] 
2016-09-13T17:42:40.506-0400: 202.209: [GC (GCLocker Initiated GC) [PSYoungGen: 189478K->38655K(198144K)] 569506K->418893K(722432K), 0.0227133 secs] [Times: user=0.23 sys=0.01, real=0.03 secs] 
2016-09-13T17:42:40.750-0400: 202.453: [GC (GCLocker Initiated GC) [PSYoungGen: 172799K->23441K(195584K)] 562239K->413086K(719872K), 0.0153701 secs] [Times: user=0.15 sys=0.01, real=0.01 secs] 
2016-09-13T17:42:40.980-0400: 202.683: [GC (GCLocker Initiated GC) [PSYoungGen: 159121K->32485K(197632K)] 548882K->422310K(721920K), 0.0099079 secs] [Times: user=0.08 sys=0.01, real=0.01 secs] 
2016-09-13T17:42:41.212-0400: 202.915: [GC (GCLocker Initiated GC) [PSYoungGen: 168165K->58470K(189440K)] 559535K->459114K(713728K), 0.0138854 secs] [Times: user=0.12 sys=0.00, real=0.01 secs] 
2016-09-13T17:42:41.424-0400: 203.127: [GC (GCLocker Initiated GC) [PSYoungGen: 188518K->51062K(181248K)] 589382K->461151K(705536K), 0.0107975 secs] [Times: user=0.14 sys=0.00, real=0.01 secs] 
2016-09-13T17:42:41.624-0400: 203.327: [GC (Allocation Failure) [PSYoungGen: 181110K->20297K(193536K)] 591324K->430740K(717824K), 0.0256338 secs] [Times: user=0.26 sys=0.00, real=0.03 secs] 
2016-09-13T17:42:41.834-0400: 203.536: [GC (Allocation Failure) [PSYoungGen: 145225K->29548K(154624K)] 555668K->440267K(678912K), 0.0070615 secs] [Times: user=0.10 sys=0.00, real=0.01 secs] 
2016-09-13T17:42:42.023-0400: 203.726: [GC (GCLocker Initiated GC) [PSYoungGen: 154476K->43117K(192000K)] 565205K->454004K(716288K), 0.0149807 secs] [Times: user=0.15 sys=0.00, real=0.02 secs] 
2016-09-13T17:42:42.246-0400: 203.948: [GC (GCLocker Initiated GC) [PSYoungGen: 168557K->10012K(191488K)] 593331K->434960K(715776K), 0.0115239 secs] [Times: user=0.09 sys=0.00, real=0.02 secs] 
2016-09-13T17:42:42.452-0400: 204.155: [GC (GCLocker Initiated GC) [PSYoungGen: 135452K->9953K(193536K)] 572555K->447305K(717824K), 0.0172412 secs] [Times: user=0.18 sys=0.00, real=0.02 secs] 
2016-09-13T17:42:42.666-0400: 204.369: [GC (Allocation Failure) [PSYoungGen: 135905K->41729K(167936K)] 573480K->479616K(692224K), 0.0193413 secs] [Times: user=0.23 sys=0.00, real=0.02 secs] 
2016-09-13T17:42:42.864-0400: 204.567: [GC (GCLocker Initiated GC) [PSYoungGen: 167681K->50971K(187392K)] 605570K->489085K(711680K), 0.0102093 secs] [Times: user=0.12 sys=0.00, real=0.01 secs] 
2016-09-13T17:42:43.055-0400: 204.758: [GC (GCLocker Initiated GC) [PSYoungGen: 169755K->46350K(165376K)] 609449K->486272K(689664K), 0.0152675 secs] [Times: user=0.16 sys=0.00, real=0.02 secs] 
2016-09-13T17:42:43.257-0400: 204.960: [GC (GCLocker Initiated GC) [PSYoungGen: 165134K->47768K(187392K)] 605072K->487901K(711680K), 0.0157135 secs] [Times: user=0.18 sys=0.00, real=0.01 secs] 
2016-09-13T17:42:43.446-0400: 205.148: [GC (Allocation Failure) [PSYoungGen: 162456K->26533K(141312K)] 608686K->475975K(665600K), 0.0119168 secs] [Times: user=0.14 sys=0.00, real=0.02 secs] 
2016-09-13T17:42:43.646-0400: 205.348: [GC (GCLocker Initiated GC) [PSYoungGen: 135246K->38816K(189952K)] 590763K->508189K(714240K), 0.0140766 secs] [Times: user=0.20 sys=0.00, real=0.02 secs] 
2016-09-13T17:42:43.834-0400: 205.537: [GC (GCLocker Initiated GC) [PSYoungGen: 157088K->32837K(187392K)] 626464K->502308K(711680K), 0.0139867 secs] [Times: user=0.17 sys=0.00, real=0.02 secs] 
2016-09-13T17:42:44.016-0400: 205.719: [GC (GCLocker Initiated GC) [PSYoungGen: 151109K->32650K(190464K)] 620677K->502467K(714752K), 0.0159158 secs] [Times: user=0.15 sys=0.01, real=0.01 secs] 
2016-09-13T17:42:44.220-0400: 205.922: [GC (GCLocker Initiated GC) [PSYoungGen: 156554K->37355K(187904K)] 626486K->507603K(712192K), 0.0085708 secs] [Times: user=0.06 sys=0.01, real=0.01 secs] 
2016-09-13T17:42:44.411-0400: 206.113: [GC (GCLocker Initiated GC) [PSYoungGen: 161259K->32803K(195584K)] 633184K->509651K(719872K), 0.0074668 secs] [Times: user=0.10 sys=0.00, real=0.01 secs] 
2016-09-13T17:42:44.640-0400: 206.343: [GC (GCLocker Initiated GC) [PSYoungGen: 166947K->23536K(193536K)] 646840K->503640K(717824K), 0.0172792 secs] [Times: user=0.21 sys=0.00, real=0.02 secs] 
2016-09-13T17:42:44.850-0400: 206.552: [GC (GCLocker Initiated GC) [PSYoungGen: 157680K->41756K(200704K)] 639426K->523645K(724992K), 0.0068482 secs] [Times: user=0.07 sys=0.01, real=0.01 secs] 
2016-09-13T17:42:45.098-0400: 206.801: [GC (GCLocker Initiated GC) [PSYoungGen: 183068K->26749K(200704K)] 674304K->518245K(724992K), 0.0164619 secs] [Times: user=0.13 sys=0.00, real=0.01 secs] 
2016-09-13T17:42:45.315-0400: 207.018: [GC (GCLocker Initiated GC) [PSYoungGen: 168061K->52171K(194560K)] 659599K->543914K(718848K), 0.0214362 secs] [Times: user=0.20 sys=0.00, real=0.03 secs] 
2016-09-13T17:42:45.545-0400: 207.248: [GC (GCLocker Initiated GC) [PSYoungGen: 188363K->21794K(199168K)] 686211K->528977K(723456K), 0.0057998 secs] [Times: user=0.04 sys=0.00, real=0.01 secs] 
2016-09-13T17:42:45.777-0400: 207.479: [GC (GCLocker Initiated GC) [PSYoungGen: 157986K->23437K(196608K)] 666793K->532461K(720896K), 0.0167194 secs] [Times: user=0.19 sys=0.00, real=0.01 secs] 
2016-09-13T17:42:46.018-0400: 207.721: [GC (Allocation Failure) [PSYoungGen: 160141K->41821K(198144K)] 669268K->551036K(722432K), 0.0073368 secs] [Times: user=0.07 sys=0.01, real=0.00 secs] 
2016-09-13T17:42:46.244-0400: 207.947: [Full GC (Ergonomics) [PSYoungGen: 177841K->0K(198144K)] [ParOldGen: 515290K->34148K(524288K)] 693131K->34148K(722432K), [Metaspace: 44675K->44675K(1087488K)], 0.0583498 secs] [Times: user=0.26 sys=0.01, real=0.06 secs] 
2016-09-13T17:42:46.507-0400: 208.210: [GC (GCLocker Initiated GC) [PSYoungGen: 136704K->51156K(193024K)] 177193K->91645K(717312K), 0.0100963 secs] [Times: user=0.11 sys=0.01, real=0.02 secs] 
2016-09-13T17:42:46.698-0400: 208.401: [GC (GCLocker Initiated GC) [PSYoungGen: 182228K->32795K(196608K)] 235045K->110514K(720896K), 0.0131987 secs] [Times: user=0.18 sys=0.01, real=0.01 secs] 
2016-09-13T17:42:46.899-0400: 208.602: [GC (GCLocker Initiated GC) [PSYoungGen: 163867K->57046K(188928K)] 241997K->135413K(713216K), 0.0092355 secs] [Times: user=0.11 sys=0.00, real=0.01 secs] 
2016-09-13T17:42:47.135-0400: 208.837: [GC (GCLocker Initiated GC) [PSYoungGen: 182998K->46352K(172544K)] 262988K->141720K(696832K), 0.0080364 secs] [Times: user=0.09 sys=0.01, real=0.01 secs] 
2016-09-13T17:42:47.315-0400: 209.017: [GC (GCLocker Initiated GC) [PSYoungGen: 172304K->47772K(192512K)] 269369K->144949K(716800K), 0.0218242 secs] [Times: user=0.23 sys=0.00, real=0.03 secs] 
2016-09-13T17:42:47.526-0400: 209.229: [GC (GCLocker Initiated GC) [PSYoungGen: 171676K->14392K(138752K)] 268876K->111793K(663040K), 0.0157132 secs] [Times: user=0.14 sys=0.00, real=0.02 secs] 
2016-09-13T17:42:47.722-0400: 209.424: [GC (GCLocker Initiated GC) [PSYoungGen: 138296K->46408K(190976K)] 235907K->153362K(715264K), 0.0099231 secs] [Times: user=0.10 sys=0.00, real=0.01 secs] 
2016-09-13T17:42:47.906-0400: 209.609: [GC (GCLocker Initiated GC) [PSYoungGen: 167240K->61378K(182272K)] 275852K->170226K(706560K), 0.0173712 secs] [Times: user=0.20 sys=0.00, real=0.02 secs] 
2016-09-13T17:42:48.098-0400: 209.800: [GC (GCLocker Initiated GC) [PSYoungGen: 182210K->50838K(185344K)] 297149K->165928K(709632K), 0.0143187 secs] [Times: user=0.14 sys=0.00, real=0.01 secs] 
2016-09-13T17:42:48.304-0400: 210.007: [GC (GCLocker Initiated GC) [PSYoungGen: 160406K->29645K(139264K)] 289201K->164670K(663552K), 0.0129296 secs] [Times: user=0.16 sys=0.00, real=0.02 secs] 
2016-09-13T17:42:48.497-0400: 210.199: [GC (GCLocker Initiated GC) [PSYoungGen: 139213K->46345K(185856K)] 274436K->184776K(710144K), 0.0210128 secs] [Times: user=0.27 sys=0.00, real=0.02 secs] 
2016-09-13T17:42:48.692-0400: 210.395: [GC (Allocation Failure) [PSYoungGen: 157449K->55363K(184832K)] 295961K->194084K(709120K), 0.0101050 secs] [Times: user=0.09 sys=0.00, real=0.01 secs] 
2016-09-13T17:42:48.856-0400: 210.559: [GC (GCLocker Initiated GC) [PSYoungGen: 166467K->43372K(184320K)] 305191K->185205K(708608K), 0.0222078 secs] [Times: user=0.25 sys=0.00, real=0.02 secs] 
2016-09-13T17:42:49.057-0400: 210.760: [GC (GCLocker Initiated GC) [PSYoungGen: 156012K->23560K(185344K)] 303944K->171627K(709632K), 0.0118667 secs] [Times: user=0.13 sys=0.01, real=0.01 secs] 
2016-09-13T17:42:49.254-0400: 210.957: [GC (Allocation Failure) [PSYoungGen: 136200K->3724K(182784K)] 296683K->164389K(707072K), 0.0109387 secs] [Times: user=0.11 sys=0.00, real=0.01 secs] 
2016-09-13T17:42:49.421-0400: 211.124: [GC (GCLocker Initiated GC) [PSYoungGen: 113289K->31062K(185856K)] 273957K->192005K(710144K), 0.0283188 secs] [Times: user=0.31 sys=0.00, real=0.03 secs] 
2016-09-13T17:42:49.620-0400: 211.323: [GC (GCLocker Initiated GC) [PSYoungGen: 140630K->46153K(185856K)] 301847K->207615K(710144K), 0.0201776 secs] [Times: user=0.21 sys=0.00, real=0.02 secs] 
2016-09-13T17:42:49.815-0400: 211.518: [GC (GCLocker Initiated GC) [PSYoungGen: 158793K->34036K(185856K)] 326358K->201818K(710144K), 0.0134132 secs] [Times: user=0.14 sys=0.01, real=0.02 secs] 
2016-09-13T17:42:50.032-0400: 211.734: [GC (GCLocker Initiated GC) [PSYoungGen: 146676K->43085K(186880K)] 314719K->220312K(711168K), 0.0173381 secs] [Times: user=0.15 sys=0.00, real=0.02 secs] 
2016-09-13T17:42:50.267-0400: 211.970: [GC (GCLocker Initiated GC) [PSYoungGen: 159821K->23281K(185856K)] 343373K->206948K(710144K), 0.0061616 secs] [Times: user=0.04 sys=0.00, real=0.01 secs] 
2016-09-13T17:42:50.426-0400: 212.128: [GC (GCLocker Initiated GC) [PSYoungGen: 140017K->55266K(186368K)] 324020K->239461K(710656K), 0.0154494 secs] [Times: user=0.15 sys=0.00, real=0.02 secs] 
2016-09-13T17:42:50.605-0400: 212.308: [GC (GCLocker Initiated GC) [PSYoungGen: 173026K->46407K(189952K)] 357258K->230841K(714240K), 0.0063850 secs] [Times: user=0.06 sys=0.00, real=0.01 secs] 
2016-09-13T17:42:50.761-0400: 212.464: [GC (Allocation Failure) [PSYoungGen: 164167K->40175K(183808K)] 348757K->225091K(708096K), 0.0074238 secs] [Times: user=0.06 sys=0.00, real=0.01 secs] 
2016-09-13T17:42:50.918-0400: 212.621: [GC (GCLocker Initiated GC) [PSYoungGen: 157935K->50934K(186880K)] 342857K->236053K(711168K), 0.0060388 secs] [Times: user=0.06 sys=0.00, real=0.00 secs] 
2016-09-13T17:42:51.113-0400: 212.816: [GC (GCLocker Initiated GC) [PSYoungGen: 168694K->24956K(192000K)] 353814K->210227K(716288K), 0.0074659 secs] [Times: user=0.06 sys=0.00, real=0.01 secs] 
2016-09-13T17:42:51.300-0400: 213.003: [GC (GCLocker Initiated GC) [PSYoungGen: 146300K->53657K(175104K)] 331722K->239202K(699392K), 0.0176056 secs] [Times: user=0.15 sys=0.00, real=0.02 secs] 
2016-09-13T17:42:51.489-0400: 213.192: [GC (GCLocker Initiated GC) [PSYoungGen: 175001K->49286K(189440K)] 360573K->236491K(713728K), 0.0378680 secs] [Times: user=0.40 sys=0.01, real=0.03 secs] 
2016-09-13T17:42:51.699-0400: 213.402: [GC (GCLocker Initiated GC) [PSYoungGen: 166022K->47736K(164864K)] 353424K->244582K(689152K), 0.0107754 secs] [Times: user=0.09 sys=0.00, real=0.01 secs] 
2016-09-13T17:42:51.899-0400: 213.602: [GC (GCLocker Initiated GC) [PSYoungGen: 164472K->29611K(189952K)] 375200K->240510K(714240K), 0.0107502 secs] [Times: user=0.10 sys=0.01, real=0.01 secs] 
2016-09-13T17:42:52.100-0400: 213.803: [GC (GCLocker Initiated GC) [PSYoungGen: 147371K->9639K(188928K)] 371964K->234334K(713216K), 0.0301938 secs] [Times: user=0.31 sys=0.00, real=0.03 secs] 
2016-09-13T17:42:52.313-0400: 214.016: [GC (GCLocker Initiated GC) [PSYoungGen: 127399K->63079K(176640K)] 352318K->295974K(700928K), 0.0078110 secs] [Times: user=0.07 sys=0.00, real=0.01 secs] 
2016-09-13T17:42:52.475-0400: 214.178: [GC (GCLocker Initiated GC) [PSYoungGen: 166503K->44762K(182784K)] 399579K->277985K(707072K), 0.0060150 secs] [Times: user=0.04 sys=0.00, real=0.01 secs] 
2016-09-13T17:42:52.683-0400: 214.385: [GC (GCLocker Initiated GC) [PSYoungGen: 148186K->24705K(178688K)] 382941K->259582K(702976K), 0.0245542 secs] [Times: user=0.25 sys=0.01, real=0.02 secs] 
2016-09-13T17:42:52.852-0400: 214.554: [GC (GCLocker Initiated GC) [PSYoungGen: 130177K->49446K(181760K)] 371272K->301441K(706048K), 0.0080179 secs] [Times: user=0.10 sys=0.01, real=0.01 secs] 
2016-09-13T17:42:53.004-0400: 214.707: [GC (GCLocker Initiated GC) [PSYoungGen: 154918K->50998K(184832K)] 407123K->303531K(709120K), 0.0250747 secs] [Times: user=0.36 sys=0.01, real=0.03 secs] 
2016-09-13T17:42:53.179-0400: 214.882: [GC (GCLocker Initiated GC) [PSYoungGen: 159542K->32831K(141824K)] 412357K->285912K(666112K), 0.0104049 secs] [Times: user=0.14 sys=0.00, real=0.01 secs] 
2016-09-13T17:42:53.357-0400: 215.060: [GC (GCLocker Initiated GC) [PSYoungGen: 141375K->5217K(181248K)] 399096K->263172K(705536K), 0.0150629 secs] [Times: user=0.22 sys=0.00, real=0.01 secs] 
2016-09-13T17:42:53.511-0400: 215.213: [GC (GCLocker Initiated GC) [PSYoungGen: 111713K->52394K(159232K)] 369678K->310537K(683520K), 0.0074158 secs] [Times: user=0.08 sys=0.01, real=0.01 secs] 
2016-09-13T17:42:53.699-0400: 215.401: [GC (GCLocker Initiated GC) [PSYoungGen: 158890K->46622K(184320K)] 418672K->314239K(708608K), 0.0104189 secs] [Times: user=0.12 sys=0.00, real=0.01 secs] 
2016-09-13T17:42:53.881-0400: 215.584: [GC (GCLocker Initiated GC) [PSYoungGen: 152094K->46382K(152064K)] 419756K->314383K(676352K), 0.0189779 secs] [Times: user=0.19 sys=0.00, real=0.02 secs] 
2016-09-13T17:42:54.064-0400: 215.767: [GC (GCLocker Initiated GC) [PSYoungGen: 151854K->5337K(180224K)] 432011K->285633K(704512K), 0.0041063 secs] [Times: user=0.03 sys=0.00, real=0.01 secs] 
2016-09-13T17:42:54.230-0400: 215.933: [GC (GCLocker Initiated GC) [PSYoungGen: 108761K->37259K(140800K)] 389079K->317854K(665088K), 0.0056421 secs] [Times: user=0.06 sys=0.00, real=0.01 secs] 
2016-09-13T17:42:54.400-0400: 216.102: [GC (GCLocker Initiated GC) [PSYoungGen: 140683K->8253K(180736K)] 422960K->299903K(705024K), 0.0112912 secs] [Times: user=0.11 sys=0.00, real=0.01 secs] 
2016-09-13T17:42:54.586-0400: 216.289: [GC (Allocation Failure) [PSYoungGen: 113725K->32331K(181760K)] 405478K->324380K(706048K), 0.0143381 secs] [Times: user=0.14 sys=0.01, real=0.02 secs] 
2016-09-13T17:42:54.736-0400: 216.438: [GC (GCLocker Initiated GC) [PSYoungGen: 137803K->41724K(183808K)] 429852K->341506K(708096K), 0.0232002 secs] [Times: user=0.26 sys=0.00, real=0.03 secs] 
2016-09-13T17:42:54.905-0400: 216.608: [GC (Allocation Failure) [PSYoungGen: 153340K->43058K(182784K)] 453340K->343397K(707072K), 0.0278609 secs] [Times: user=0.30 sys=0.00, real=0.03 secs] 
2016-09-13T17:42:55.086-0400: 216.789: [GC (GCLocker Initiated GC) [PSYoungGen: 149164K->41757K(189952K)] 455578K->349785K(714240K), 0.0094302 secs] [Times: user=0.10 sys=0.00, real=0.02 secs] 
2016-09-13T17:42:55.288-0400: 216.990: [GC (GCLocker Initiated GC) [PSYoungGen: 161565K->26378K(189440K)] 475693K->340708K(713728K), 0.0129168 secs] [Times: user=0.11 sys=0.01, real=0.01 secs] 
2016-09-13T17:42:55.500-0400: 217.202: [GC (GCLocker Initiated GC) [PSYoungGen: 146186K->41784K(191488K)] 469748K->367003K(715776K), 0.0112483 secs] [Times: user=0.10 sys=0.00, real=0.01 secs] 
2016-09-13T17:42:55.712-0400: 217.415: [GC (GCLocker Initiated GC) [PSYoungGen: 165176K->28088K(190464K)] 491939K->355119K(714752K), 0.0106366 secs] [Times: user=0.11 sys=0.00, real=0.01 secs] 
2016-09-13T17:42:55.906-0400: 217.608: [GC (GCLocker Initiated GC) [PSYoungGen: 151480K->26415K(193536K)] 478542K->353636K(717824K), 0.0235221 secs] [Times: user=0.25 sys=0.00, real=0.03 secs] 
2016-09-13T17:42:56.099-0400: 217.802: [GC (GCLocker Initiated GC) [PSYoungGen: 154927K->40301K(192512K)] 483869K->374009K(716800K), 0.0168264 secs] [Times: user=0.18 sys=0.01, real=0.02 secs] 
2016-09-13T17:42:56.333-0400: 218.036: [GC (Allocation Failure) [PSYoungGen: 168813K->9703K(194560K)] 508839K->351520K(718848K), 0.0161940 secs] [Times: user=0.14 sys=0.01, real=0.02 secs] 
2016-09-13T17:42:56.562-0400: 218.265: [GC (GCLocker Initiated GC) [PSYoungGen: 136939K->24827K(196096K)] 484831K->372825K(720384K), 0.0354699 secs] [Times: user=0.38 sys=0.00, real=0.04 secs] 
2016-09-13T17:42:56.761-0400: 218.464: [GC (GCLocker Initiated GC) [PSYoungGen: 156411K->45049K(195072K)] 506179K->395031K(719360K), 0.0111563 secs] [Times: user=0.12 sys=0.00, real=0.01 secs] 
2016-09-13T17:42:56.961-0400: 218.664: [GC (GCLocker Initiated GC) [PSYoungGen: 177657K->29484K(197120K)] 527702K->379810K(721408K), 0.0055650 secs] [Times: user=0.05 sys=0.00, real=0.00 secs] 
2016-09-13T17:42:57.220-0400: 218.923: [GC (GCLocker Initiated GC) [PSYoungGen: 162092K->23378K(195072K)] 520137K->386115K(719360K), 0.0233108 secs] [Times: user=0.22 sys=0.00, real=0.02 secs] 
2016-09-13T17:42:57.444-0400: 219.147: [GC (GCLocker Initiated GC) [PSYoungGen: 159058K->43184K(196096K)] 521915K->406180K(720384K), 0.0061949 secs] [Times: user=0.04 sys=0.00, real=0.01 secs] 
2016-09-13T17:42:57.655-0400: 219.358: [GC (GCLocker Initiated GC) [PSYoungGen: 178864K->24892K(200192K)] 547957K->394127K(724480K), 0.0145195 secs] [Times: user=0.14 sys=0.00, real=0.02 secs] 
2016-09-13T17:42:57.879-0400: 219.582: [GC (Allocation Failure) [PSYoungGen: 164668K->46254K(186368K)] 534191K->422049K(710656K), 0.0075753 secs] [Times: user=0.06 sys=0.00, real=0.00 secs] 
2016-09-13T17:42:58.097-0400: 219.800: [GC (GCLocker Initiated GC) [PSYoungGen: 186030K->59763K(185856K)] 561831K->435822K(710144K), 0.0155158 secs] [Times: user=0.18 sys=0.00, real=0.01 secs] 
2016-09-13T17:42:58.320-0400: 220.023: [GC (GCLocker Initiated GC) [PSYoungGen: 182643K->50838K(174080K)] 558733K->427070K(698368K), 0.0084396 secs] [Times: user=0.08 sys=0.00, real=0.01 secs] 
2016-09-13T17:42:58.497-0400: 220.200: [GC (GCLocker Initiated GC) [PSYoungGen: 173718K->64730K(177152K)] 550137K->447379K(701440K), 0.0079931 secs] [Times: user=0.10 sys=0.00, real=0.00 secs] 
2016-09-13T17:42:58.658-0400: 220.360: [GC (GCLocker Initiated GC) [PSYoungGen: 170202K->49696K(183808K)] 553035K->432762K(708096K), 0.0095456 secs] [Times: user=0.13 sys=0.00, real=0.00 secs] 
2016-09-13T17:42:58.849-0400: 220.552: [GC (GCLocker Initiated GC) [PSYoungGen: 155168K->11382K(180736K)] 550581K->407092K(705024K), 0.0114461 secs] [Times: user=0.15 sys=0.00, real=0.01 secs] 
2016-09-13T17:42:59.051-0400: 220.753: [GC (GCLocker Initiated GC) [PSYoungGen: 113782K->5052K(107520K)] 523219K->414587K(631808K), 0.0110533 secs] [Times: user=0.12 sys=0.00, real=0.01 secs] 
2016-09-13T17:42:59.218-0400: 220.921: [GC (GCLocker Initiated GC) [PSYoungGen: 107452K->32861K(185344K)] 517079K->442668K(709632K), 0.0066254 secs] [Times: user=0.08 sys=0.00, real=0.00 secs] 
2016-09-13T17:42:59.391-0400: 221.094: [GC (GCLocker Initiated GC) [PSYoungGen: 137309K->29325K(134144K)] 547302K->444146K(658432K), 0.0258949 secs] [Times: user=0.29 sys=0.00, real=0.03 secs] 
2016-09-13T17:42:59.568-0400: 221.271: [GC (GCLocker Initiated GC) [PSYoungGen: 133773K->28088K(181248K)] 554809K->449353K(705536K), 0.0065111 secs] [Times: user=0.06 sys=0.00, real=0.00 secs] 
2016-09-13T17:42:59.728-0400: 221.431: [GC (GCLocker Initiated GC) [PSYoungGen: 135608K->53630K(178176K)] 557017K->475208K(702464K), 0.0367520 secs] [Times: user=0.34 sys=0.00, real=0.03 secs] 
2016-09-13T17:42:59.911-0400: 221.614: [GC (GCLocker Initiated GC) [PSYoungGen: 161150K->61437K(175616K)] 583016K->483410K(699904K), 0.0107621 secs] [Times: user=0.09 sys=0.00, real=0.01 secs] 
2016-09-13T17:43:00.075-0400: 221.778: [GC (GCLocker Initiated GC) [PSYoungGen: 162813K->40243K(181760K)] 586486K->464125K(706048K), 0.0206204 secs] [Times: user=0.25 sys=0.00, real=0.02 secs] 
2016-09-13T17:43:00.246-0400: 221.949: [GC (GCLocker Initiated GC) [PSYoungGen: 141619K->40307K(173056K)] 571760K->470698K(697344K), 0.0071258 secs] [Times: user=0.09 sys=0.00, real=0.01 secs] 
2016-09-13T17:43:00.432-0400: 222.134: [GC (Allocation Failure) [PSYoungGen: 145267K->23526K(178688K)] 575660K->460219K(702976K), 0.0252537 secs] [Times: user=0.29 sys=0.01, real=0.03 secs] 
2016-09-13T17:43:00.602-0400: 222.305: [GC (GCLocker Initiated GC) [PSYoungGen: 123181K->28126K(183296K)] 565949K->471324K(707584K), 0.0068011 secs] [Times: user=0.09 sys=0.01, real=0.01 secs] 
2016-09-13T17:43:00.788-0400: 222.491: [GC (Allocation Failure) [PSYoungGen: 143838K->23341K(186368K)] 588744K->468413K(710656K), 0.0067189 secs] [Times: user=0.05 sys=0.00, real=0.00 secs] 
2016-09-13T17:43:00.962-0400: 222.665: [GC (GCLocker Initiated GC) [PSYoungGen: 138177K->41726K(188416K)] 584768K->488440K(712704K), 0.0079162 secs] [Times: user=0.09 sys=0.00, real=0.01 secs] 
2016-09-13T17:43:01.160-0400: 222.863: [GC (GCLocker Initiated GC) [PSYoungGen: 163582K->9773K(190464K)] 616559K->462928K(714752K), 0.0116843 secs] [Times: user=0.14 sys=0.00, real=0.01 secs] 
2016-09-13T17:43:01.350-0400: 223.053: [GC (GCLocker Initiated GC) [PSYoungGen: 131629K->34250K(188416K)] 584879K->487765K(712704K), 0.0103747 secs] [Times: user=0.13 sys=0.00, real=0.01 secs] 
2016-09-13T17:43:01.554-0400: 223.257: [GC (GCLocker Initiated GC) [PSYoungGen: 158154K->46441K(190464K)] 611847K->512523K(714752K), 0.0095094 secs] [Times: user=0.12 sys=0.00, real=0.01 secs] 
2016-09-13T17:43:01.745-0400: 223.448: [GC (Allocation Failure) [PSYoungGen: 170345K->34164K(190976K)] 637967K->501996K(715264K), 0.0055871 secs] [Times: user=0.06 sys=0.00, real=0.01 secs] 
2016-09-13T17:43:01.972-0400: 223.675: [GC (GCLocker Initiated GC) [PSYoungGen: 161652K->46309K(192512K)] 629485K->524975K(716800K), 0.0340137 secs] [Times: user=0.30 sys=0.00, real=0.03 secs] 
2016-09-13T17:43:02.181-0400: 223.884: [GC (Allocation Failure) [PSYoungGen: 173797K->34226K(193024K)] 652592K->513211K(717312K), 0.0065282 secs] [Times: user=0.04 sys=0.01, real=0.01 secs] 
2016-09-13T17:43:02.389-0400: 224.092: [GC (GCLocker Initiated GC) [PSYoungGen: 163886K->25196K(194560K)] 644389K->516717K(718848K), 0.0141766 secs] [Times: user=0.18 sys=0.00, real=0.01 secs] 
2016-09-13T17:43:02.606-0400: 224.309: [GC (GCLocker Initiated GC) [PSYoungGen: 156268K->43253K(198656K)] 649535K->536766K(722944K), 0.0147624 secs] [Times: user=0.17 sys=0.00, real=0.02 secs] 
2016-09-13T17:43:02.850-0400: 224.553: [GC (Allocation Failure) [PSYoungGen: 179445K->50811K(187392K)] 673143K->544718K(711680K), 0.0128178 secs] [Times: user=0.16 sys=0.00, real=0.01 secs] 
2016-09-13T17:43:03.046-0400: 224.749: [GC (GCLocker Initiated GC) [PSYoungGen: 185516K->29613K(198144K)] 685497K->534417K(722432K), 0.0098915 secs] [Times: user=0.11 sys=0.00, real=0.02 secs] 
2016-09-13T17:43:03.263-0400: 224.966: [GC (GCLocker Initiated GC) [PSYoungGen: 161709K->28146K(160256K)] 672739K->539338K(684544K), 0.0094297 secs] [Times: user=0.05 sys=0.00, real=0.01 secs] 
2016-09-13T17:43:03.478-0400: 225.181: [GC (Allocation Failure) [PSYoungGen: 160242K->47646K(193536K)] 671529K->559280K(717824K), 0.0273532 secs] [Times: user=0.31 sys=0.00, real=0.02 secs] 
2016-09-13T17:43:03.685-0400: 225.388: [Full GC (Ergonomics) [PSYoungGen: 172991K->0K(193536K)] [ParOldGen: 517708K->38367K(524288K)] 690700K->38367K(717824K), [Metaspace: 44684K->44684K(1087488K)], 0.0702507 secs] [Times: user=0.40 sys=0.00, real=0.07 secs] 
2016-09-13T17:43:03.931-0400: 225.634: [GC (GCLocker Initiated GC) [PSYoungGen: 130560K->14664K(195072K)] 181113K->65217K(719360K), 0.0098943 secs] [Times: user=0.10 sys=0.01, real=0.01 secs] 
2016-09-13T17:43:04.123-0400: 225.826: [GC (GCLocker Initiated GC) [PSYoungGen: 145224K->41784K(197120K)] 197487K->102038K(721408K), 0.0216470 secs] [Times: user=0.26 sys=0.00, real=0.02 secs] 
2016-09-13T17:43:04.348-0400: 226.050: [GC (GCLocker Initiated GC) [PSYoungGen: 173368K->40020K(172032K)] 233703K->100622K(696320K), 0.0061067 secs] [Times: user=0.04 sys=0.00, real=0.00 secs] 
2016-09-13T17:43:04.556-0400: 226.259: [GC (Allocation Failure) [PSYoungGen: 171604K->38597K(197120K)] 232359K->99546K(721408K), 0.0210258 secs] [Times: user=0.21 sys=0.00, real=0.02 secs] 
2016-09-13T17:43:04.794-0400: 226.497: [GC (GCLocker Initiated GC) [PSYoungGen: 165721K->9703K(195584K)] 232745K->76904K(719872K), 0.0220098 secs] [Times: user=0.21 sys=0.00, real=0.03 secs] 
2016-09-13T17:43:05.018-0400: 226.720: [GC (GCLocker Initiated GC) [PSYoungGen: 142823K->43207K(196096K)] 212199K->112647K(720384K), 0.0135663 secs] [Times: user=0.16 sys=0.00, real=0.01 secs] 
2016-09-13T17:43:05.227-0400: 226.930: [GC (Allocation Failure) [PSYoungGen: 175303K->24986K(157184K)] 246376K->96099K(681472K), 0.0103873 secs] [Times: user=0.05 sys=0.00, real=0.02 secs] 
2016-09-13T17:43:05.450-0400: 227.153: [GC (GCLocker Initiated GC) [PSYoungGen: 153382K->28126K(198656K)] 230569K->105622K(722944K), 0.0058199 secs] [Times: user=0.06 sys=0.00, real=0.01 secs] 
2016-09-13T17:43:05.647-0400: 227.350: [GC (GCLocker Initiated GC) [PSYoungGen: 163294K->29735K(165376K)] 246909K->113517K(689664K), 0.0060944 secs] [Times: user=0.05 sys=0.00, real=0.01 secs] 
2016-09-13T17:43:05.861-0400: 227.564: [GC (Allocation Failure) [PSYoungGen: 164903K->44794K(194048K)] 248855K->129049K(718336K), 0.0161907 secs] [Times: user=0.16 sys=0.00, real=0.02 secs] 
2016-09-13T17:43:06.085-0400: 227.788: [GC (GCLocker Initiated GC) [PSYoungGen: 179402K->46281K(196096K)] 265176K->132214K(720384K), 0.0205855 secs] [Times: user=0.24 sys=0.00, real=0.02 secs] 
2016-09-13T17:43:06.342-0400: 228.045: [GC (GCLocker Initiated GC) [PSYoungGen: 181449K->32682K(198144K)] 273696K->125142K(722432K), 0.0099113 secs] [Times: user=0.11 sys=0.00, real=0.01 secs] 
2016-09-13T17:43:06.549-0400: 228.251: [GC (GCLocker Initiated GC) [PSYoungGen: 170922K->38751K(198656K)] 264925K->132898K(722944K), 0.0129166 secs] [Times: user=0.14 sys=0.00, real=0.01 secs] 
2016-09-13T17:43:06.793-0400: 228.496: [GC (Allocation Failure) [PSYoungGen: 176991K->14451K(200192K)] 277308K->116613K(724480K), 0.0098522 secs] [Times: user=0.09 sys=0.01, real=0.01 secs] 
2016-09-13T17:43:07.009-0400: 228.712: [GC (GCLocker Initiated GC) [PSYoungGen: 155251K->26351K(201216K)] 257413K->134739K(725504K), 0.0222834 secs] [Times: user=0.30 sys=0.00, real=0.02 secs] 
2016-09-13T17:43:07.259-0400: 228.961: [GC (GCLocker Initiated GC) [PSYoungGen: 167151K->17362K(201216K)] 287711K->137994K(725504K), 0.0125704 secs] [Times: user=0.14 sys=0.00, real=0.01 secs] 
2016-09-13T17:43:07.492-0400: 229.195: [GC (Allocation Failure) [PSYoungGen: 159698K->46472K(188928K)] 280478K->173573K(713216K), 0.0177101 secs] [Times: user=0.23 sys=0.00, real=0.02 secs] 
2016-09-13T17:43:07.705-0400: 229.408: [GC (GCLocker Initiated GC) [PSYoungGen: 188808K->56977K(187904K)] 315917K->190379K(712192K), 0.0096880 secs] [Times: user=0.11 sys=0.00, real=0.01 secs] 
2016-09-13T17:43:07.930-0400: 229.633: [GC (GCLocker Initiated GC) [PSYoungGen: 182929K->34100K(194048K)] 322428K->173804K(718336K), 0.0160114 secs] [Times: user=0.13 sys=0.00, real=0.01 secs] 
2016-09-13T17:43:08.126-0400: 229.829: [GC (GCLocker Initiated GC) [PSYoungGen: 160052K->43340K(190976K)] 299791K->196859K(715264K), 0.0162819 secs] [Times: user=0.21 sys=0.00, real=0.02 secs] 
2016-09-13T17:43:08.356-0400: 230.058: [GC (GCLocker Initiated GC) [PSYoungGen: 172364K->50838K(194048K)] 326003K->204819K(718336K), 0.0102065 secs] [Times: user=0.10 sys=0.00, real=0.00 secs] 
2016-09-13T17:43:08.542-0400: 230.245: [GC (GCLocker Initiated GC) [PSYoungGen: 179862K->25019K(195584K)] 341582K->196061K(719872K), 0.0155219 secs] [Times: user=0.17 sys=0.00, real=0.02 secs] 
2016-09-13T17:43:08.792-0400: 230.495: [GC (GCLocker Initiated GC) [PSYoungGen: 153019K->14259K(194560K)] 324083K->185438K(718848K), 0.0168254 secs] [Times: user=0.15 sys=0.00, real=0.02 secs] 
2016-09-13T17:43:08.986-0400: 230.689: [GC (GCLocker Initiated GC) [PSYoungGen: 142259K->43057K(194560K)] 315094K->222184K(718848K), 0.0363918 secs] [Times: user=0.38 sys=0.00, real=0.04 secs] 
2016-09-13T17:43:09.185-0400: 230.888: [GC (GCLocker Initiated GC) [PSYoungGen: 170033K->32650K(159744K)] 349249K->212009K(684032K), 0.0098540 secs] [Times: user=0.12 sys=0.00, real=0.01 secs] 
2016-09-13T17:43:09.404-0400: 231.106: [GC (GCLocker Initiated GC) [PSYoungGen: 159626K->26665K(193024K)] 345122K->212379K(717312K), 0.0056054 secs] [Times: user=0.04 sys=0.00, real=0.01 secs] 
2016-09-13T17:43:09.614-0400: 231.317: [GC (GCLocker Initiated GC) [PSYoungGen: 155177K->55491K(191488K)] 340905K->241468K(715776K), 0.0156888 secs] [Times: user=0.18 sys=0.00, real=0.02 secs] 
2016-09-13T17:43:09.837-0400: 231.540: [GC (GCLocker Initiated GC) [PSYoungGen: 184003K->46253K(193024K)] 370128K->235522K(717312K), 0.0102079 secs] [Times: user=0.06 sys=0.00, real=0.01 secs] 
2016-09-13T17:43:10.041-0400: 231.744: [GC (GCLocker Initiated GC) [PSYoungGen: 171181K->35715K(160768K)] 360472K->225327K(685056K), 0.0094265 secs] [Times: user=0.11 sys=0.00, real=0.01 secs] 
2016-09-13T17:43:10.226-0400: 231.929: [GC (GCLocker Initiated GC) [PSYoungGen: 160643K->44736K(191488K)] 353379K->248234K(715776K), 0.0154118 secs] [Times: user=0.12 sys=0.00, real=0.02 secs] 
2016-09-13T17:43:10.451-0400: 232.154: [GC (GCLocker Initiated GC) [PSYoungGen: 170176K->28084K(191488K)] 385963K->244120K(715776K), 0.0100034 secs] [Times: user=0.11 sys=0.00, real=0.01 secs] 
2016-09-13T17:43:10.647-0400: 232.350: [GC (GCLocker Initiated GC) [PSYoungGen: 153524K->28334K(195072K)] 375815K->250779K(719360K), 0.0067302 secs] [Times: user=0.06 sys=0.00, real=0.01 secs] 
2016-09-13T17:43:10.847-0400: 232.550: [GC (GCLocker Initiated GC) [PSYoungGen: 159406K->45012K(194560K)] 381985K->267809K(718848K), 0.0104275 secs] [Times: user=0.12 sys=0.00, real=0.02 secs] 
2016-09-13T17:43:11.079-0400: 232.782: [GC (GCLocker Initiated GC) [PSYoungGen: 176084K->41602K(197120K)] 402061K->267756K(721408K), 0.0259598 secs] [Times: user=0.30 sys=0.00, real=0.02 secs] 
2016-09-13T17:43:11.309-0400: 233.012: [GC (GCLocker Initiated GC) [PSYoungGen: 176258K->9741K(144896K)] 416162K->249825K(669184K), 0.0052233 secs] [Times: user=0.03 sys=0.00, real=0.00 secs] 
2016-09-13T17:43:11.525-0400: 233.228: [GC (GCLocker Initiated GC) [PSYoungGen: 144397K->46313K(194048K)] 384590K->294318K(718336K), 0.0096734 secs] [Times: user=0.10 sys=0.00, real=0.01 secs] 
2016-09-13T17:43:11.753-0400: 233.455: [GC (GCLocker Initiated GC) [PSYoungGen: 175337K->23378K(195584K)] 424889K->273214K(719872K), 0.0083342 secs] [Times: user=0.09 sys=0.00, real=0.01 secs] 
2016-09-13T17:43:11.961-0400: 233.663: [GC (GCLocker Initiated GC) [PSYoungGen: 152402K->32714K(189952K)] 402402K->282868K(714240K), 0.0062323 secs] [Times: user=0.06 sys=0.00, real=0.00 secs] 
2016-09-13T17:43:12.203-0400: 233.906: [GC (GCLocker Initiated GC) [PSYoungGen: 162762K->41730K(193024K)] 414687K->312098K(717312K), 0.0177085 secs] [Times: user=0.20 sys=0.00, real=0.02 secs] 
2016-09-13T17:43:12.403-0400: 234.106: [GC (GCLocker Initiated GC) [PSYoungGen: 171778K->58651K(187392K)] 448246K->347428K(711680K), 0.0086978 secs] [Times: user=0.13 sys=0.00, real=0.01 secs] 
2016-09-13T17:43:12.620-0400: 234.322: [GC (GCLocker Initiated GC) [PSYoungGen: 183579K->34259K(193536K)] 479982K->378056K(717824K), 0.0106298 secs] [Times: user=0.12 sys=0.00, real=0.01 secs] 
2016-09-13T17:43:12.818-0400: 234.521: [GC (GCLocker Initiated GC) [PSYoungGen: 159187K->44858K(190976K)] 504740K->399690K(715264K), 0.0085689 secs] [Times: user=0.08 sys=0.00, real=0.00 secs] 
2016-09-13T17:43:13.011-0400: 234.714: [GC (GCLocker Initiated GC) [PSYoungGen: 172346K->29516K(193536K)] 528878K->386195K(717824K), 0.0060848 secs] [Times: user=0.07 sys=0.00, real=0.01 secs] 
2016-09-13T17:43:13.257-0400: 234.960: [GC (GCLocker Initiated GC) [PSYoungGen: 157004K->41730K(194048K)] 520040K->404944K(718336K), 0.0119667 secs] [Times: user=0.16 sys=0.00, real=0.01 secs] 
2016-09-13T17:43:13.461-0400: 235.164: [GC (GCLocker Initiated GC) [PSYoungGen: 173314K->63056K(195072K)] 538210K->434245K(719360K), 0.0113086 secs] [Times: user=0.11 sys=0.01, real=0.01 secs] 
2016-09-13T17:43:13.655-0400: 235.358: [GC (GCLocker Initiated GC) [PSYoungGen: 194640K->46345K(188928K)] 565854K->417811K(713216K), 0.0087804 secs] [Times: user=0.08 sys=0.00, real=0.01 secs] 
2016-09-13T17:43:13.865-0400: 235.567: [GC (Allocation Failure) [PSYoungGen: 168201K->43213K(192000K)] 539935K->419736K(716288K), 0.0113950 secs] [Times: user=0.09 sys=0.00, real=0.02 secs] 
2016-09-13T17:43:14.057-0400: 235.760: [GC (GCLocker Initiated GC) [PSYoungGen: 165069K->44762K(187904K)] 541595K->421435K(712192K), 0.0151702 secs] [Times: user=0.18 sys=0.00, real=0.01 secs] 
2016-09-13T17:43:14.261-0400: 235.964: [GC (Allocation Failure) [PSYoungGen: 168666K->43116K(190464K)] 545529K->420164K(714752K), 0.0135608 secs] [Times: user=0.13 sys=0.00, real=0.01 secs] 
2016-09-13T17:43:14.464-0400: 236.167: [GC (GCLocker Initiated GC) [PSYoungGen: 167020K->32612K(192512K)] 544071K->409864K(716800K), 0.0358574 secs] [Times: user=0.41 sys=0.01, real=0.04 secs] 
2016-09-13T17:43:14.682-0400: 236.385: [GC (GCLocker Initiated GC) [PSYoungGen: 163172K->47928K(194560K)] 540435K->425425K(718848K), 0.0258656 secs] [Times: user=0.30 sys=0.00, real=0.03 secs] 
2016-09-13T17:43:14.887-0400: 236.589: [GC (Allocation Failure) [PSYoungGen: 178488K->31062K(197632K)] 563601K->416363K(721920K), 0.0243496 secs] [Times: user=0.25 sys=0.00, real=0.03 secs] 
2016-09-13T17:43:15.101-0400: 236.803: [GC (GCLocker Initiated GC) [PSYoungGen: 164694K->47955K(197632K)] 550000K->442591K(721920K), 0.0170873 secs] [Times: user=0.20 sys=0.00, real=0.02 secs] 
2016-09-13T17:43:15.317-0400: 237.020: [GC (GCLocker Initiated GC) [PSYoungGen: 181587K->32581K(196608K)] 576249K->427477K(720896K), 0.0260511 secs] [Times: user=0.29 sys=0.01, real=0.02 secs] 
2016-09-13T17:43:15.543-0400: 237.246: [GC (GCLocker Initiated GC) [PSYoungGen: 166213K->26564K(197120K)] 561132K->424741K(721408K), 0.0108723 secs] [Times: user=0.09 sys=0.02, real=0.01 secs] 
2016-09-13T17:43:15.766-0400: 237.469: [GC (GCLocker Initiated GC) [PSYoungGen: 160196K->14287K(194560K)] 558378K->414181K(718848K), 0.0067783 secs] [Times: user=0.06 sys=0.01, real=0.01 secs] 
2016-09-13T17:43:15.955-0400: 237.658: [GC (GCLocker Initiated GC) [PSYoungGen: 145359K->41501K(196608K)] 547084K->443422K(720896K), 0.0215234 secs] [Times: user=0.19 sys=0.00, real=0.03 secs] 
2016-09-13T17:43:16.194-0400: 237.897: [GC (GCLocker Initiated GC) [PSYoungGen: 172573K->10048K(194560K)] 580604K->418347K(718848K), 0.0093878 secs] [Times: user=0.10 sys=0.01, real=0.01 secs] 
2016-09-13T17:43:16.421-0400: 238.123: [GC (GCLocker Initiated GC) [PSYoungGen: 140096K->65871K(196096K)] 551468K->477535K(720384K), 0.0249423 secs] [Times: user=0.24 sys=0.00, real=0.02 secs] 
2016-09-13T17:43:16.656-0400: 238.359: [GC (Allocation Failure) [PSYoungGen: 195919K->21980K(180736K)] 620029K->450769K(705024K), 0.0092678 secs] [Times: user=0.08 sys=0.00, real=0.00 secs] 
2016-09-13T17:43:16.829-0400: 238.532: [GC (GCLocker Initiated GC) [PSYoungGen: 135858K->24917K(188416K)] 566166K->455445K(712704K), 0.0215781 secs] [Times: user=0.19 sys=0.00, real=0.02 secs] 
2016-09-13T17:43:17.008-0400: 238.711: [GC (GCLocker Initiated GC) [PSYoungGen: 139605K->24864K(182272K)] 571768K->457224K(706560K), 0.0233112 secs] [Times: user=0.23 sys=0.00, real=0.02 secs] 
2016-09-13T17:43:17.234-0400: 238.937: [GC (GCLocker Initiated GC) [PSYoungGen: 141600K->29483K(186368K)] 574150K->462211K(710656K), 0.0161922 secs] [Times: user=0.16 sys=0.01, real=0.02 secs] 
2016-09-13T17:43:17.454-0400: 239.157: [GC (GCLocker Initiated GC) [PSYoungGen: 146219K->27929K(185856K)] 592836K->474763K(710144K), 0.0232716 secs] [Times: user=0.23 sys=0.00, real=0.03 secs] 
2016-09-13T17:43:17.629-0400: 239.332: [GC (GCLocker Initiated GC) [PSYoungGen: 153369K->31062K(189952K)] 601806K->479571K(714240K), 0.0214331 secs] [Times: user=0.24 sys=0.01, real=0.02 secs] 
2016-09-13T17:43:17.820-0400: 239.523: [GC (GCLocker Initiated GC) [PSYoungGen: 156502K->32613K(191488K)] 605038K->481445K(715776K), 0.0135184 secs] [Times: user=0.13 sys=0.01, real=0.01 secs] 
2016-09-13T17:43:18.042-0400: 239.744: [GC (Allocation Failure) [PSYoungGen: 168805K->29574K(195072K)] 617715K->484769K(719360K), 0.0090337 secs] [Times: user=0.09 sys=0.00, real=0.01 secs] 
2016-09-13T17:43:18.244-0400: 239.946: [GC (GCLocker Initiated GC) [PSYoungGen: 163318K->9799K(203264K)] 624588K->471483K(727552K), 0.0034602 secs] [Times: user=0.02 sys=0.00, real=0.00 secs] 
2016-09-13T17:43:18.476-0400: 240.179: [GC (GCLocker Initiated GC) [PSYoungGen: 156231K->44640K(191488K)] 617937K->506542K(715776K), 0.0169942 secs] [Times: user=0.13 sys=0.01, real=0.01 secs] 
2016-09-13T17:43:18.716-0400: 240.419: [GC (GCLocker Initiated GC) [PSYoungGen: 191072K->28150K(203776K)] 652997K->493322K(728064K), 0.0211179 secs] [Times: user=0.24 sys=0.00, real=0.02 secs] 
2016-09-13T17:43:18.948-0400: 240.651: [GC (GCLocker Initiated GC) [PSYoungGen: 170998K->43309K(201216K)] 636366K->516668K(725504K), 0.0176807 secs] [Times: user=0.20 sys=0.00, real=0.01 secs] 
2016-09-13T17:43:19.162-0400: 240.865: [GC (Allocation Failure) [PSYoungGen: 186157K->25147K(202240K)] 659864K->505041K(726528K), 0.0146929 secs] [Times: user=0.16 sys=0.01, real=0.02 secs] 
2016-09-13T17:43:19.403-0400: 241.106: [GC (GCLocker Initiated GC) [PSYoungGen: 167995K->26441K(169472K)] 647889K->508016K(693760K), 0.0124861 secs] [Times: user=0.12 sys=0.00, real=0.02 secs] 
2016-09-13T17:43:19.649-0400: 241.352: [GC (GCLocker Initiated GC) [PSYoungGen: 169289K->27865K(202752K)] 657207K->515985K(727040K), 0.0060957 secs] [Times: user=0.06 sys=0.00, real=0.00 secs] 
2016-09-13T17:43:19.883-0400: 241.586: [GC (GCLocker Initiated GC) [PSYoungGen: 173785K->46409K(200704K)] 662114K->534885K(724992K), 0.0218668 secs] [Times: user=0.22 sys=0.01, real=0.02 secs] 
2016-09-13T17:43:20.106-0400: 241.809: [GC (GCLocker Initiated GC) [PSYoungGen: 192329K->46281K(198656K)] 681003K->535164K(722944K), 0.0268207 secs] [Times: user=0.31 sys=0.00, real=0.03 secs] 
2016-09-13T17:43:20.353-0400: 242.056: [GC (Allocation Failure) [PSYoungGen: 186569K->5212K(145920K)] 680028K->498872K(670208K), 0.0115451 secs] [Times: user=0.10 sys=0.00, real=0.01 secs] 
2016-09-13T17:43:20.564-0400: 242.267: [GC (GCLocker Initiated GC) [PSYoungGen: 145499K->24796K(201216K)] 639162K->518738K(725504K), 0.0247385 secs] [Times: user=0.25 sys=0.00, real=0.03 secs] 
2016-09-13T17:43:20.807-0400: 242.509: [GC (GCLocker Initiated GC) [PSYoungGen: 163036K->27998K(166400K)] 658678K->523744K(690688K), 0.0183376 secs] [Times: user=0.20 sys=0.00, real=0.02 secs] 
2016-09-13T17:43:21.045-0400: 242.747: [GC (GCLocker Initiated GC) [PSYoungGen: 166238K->46281K(193536K)] 668065K->548264K(717824K), 0.0070535 secs] [Times: user=0.06 sys=0.00, real=0.01 secs] 
2016-09-13T17:43:21.256-0400: 242.958: [GC (GCLocker Initiated GC) [PSYoungGen: 181449K->25056K(196608K)] 691114K->534930K(720896K), 0.0195212 secs] [Times: user=0.22 sys=0.00, real=0.01 secs] 
2016-09-13T17:43:21.502-0400: 243.205: [GC (Allocation Failure) [PSYoungGen: 160224K->46032K(196608K)] 670212K->556084K(720896K), 0.0170501 secs] [Times: user=0.16 sys=0.00, real=0.02 secs] 
2016-09-13T17:43:21.701-0400: 243.404: [GC (GCLocker Initiated GC) [PSYoungGen: 183248K->49287K(186880K)] 693303K->567066K(711168K), 0.0146839 secs] [Times: user=0.14 sys=0.00, real=0.02 secs] 
2016-09-13T17:43:21.716-0400: 243.419: [Full GC (Ergonomics) [PSYoungGen: 49287K->0K(186880K)] [ParOldGen: 517779K->42219K(524288K)] 567066K->42219K(711168K), [Metaspace: 44692K->44692K(1087488K)], 0.0612851 secs] [Times: user=0.30 sys=0.02, real=0.06 secs] 
2016-09-13T17:43:21.963-0400: 243.666: [GC (Allocation Failure) [PSYoungGen: 137216K->31248K(199168K)] 185521K->79553K(723456K), 0.0221224 secs] [Times: user=0.22 sys=0.01, real=0.02 secs] 
2016-09-13T17:43:22.156-0400: 243.859: [GC (GCLocker Initiated GC) [PSYoungGen: 164255K->35523K(169472K)] 214079K->96445K(693760K), 0.0326387 secs] [Times: user=0.35 sys=0.00, real=0.03 secs] 
2016-09-13T17:43:22.400-0400: 244.103: [GC (GCLocker Initiated GC) [PSYoungGen: 169155K->46377K(193024K)] 230300K->107743K(717312K), 0.0143083 secs] [Times: user=0.15 sys=0.00, real=0.01 secs] 
2016-09-13T17:43:22.607-0400: 244.310: [GC (GCLocker Initiated GC) [PSYoungGen: 178473K->41693K(194560K)] 241392K->104880K(718848K), 0.0109325 secs] [Times: user=0.09 sys=0.01, real=0.02 secs] 
2016-09-13T17:43:22.821-0400: 244.524: [GC (GCLocker Initiated GC) [PSYoungGen: 173789K->60047K(187392K)] 237001K->160009K(711680K), 0.0176289 secs] [Times: user=0.16 sys=0.01, real=0.02 secs] 
2016-09-13T17:43:23.028-0400: 244.730: [GC (GCLocker Initiated GC) [PSYoungGen: 184975K->29293K(193536K)] 285226K->185817K(717824K), 0.0217587 secs] [Times: user=0.19 sys=0.00, real=0.02 secs] 
2016-09-13T17:43:23.224-0400: 244.927: [GC (GCLocker Initiated GC) [PSYoungGen: 154221K->24918K(190976K)] 312431K->183184K(715264K), 0.0140182 secs] [Times: user=0.12 sys=0.01, real=0.02 secs] 
2016-09-13T17:43:23.411-0400: 245.114: [GC (GCLocker Initiated GC) [PSYoungGen: 151382K->32616K(193024K)] 309767K->191131K(717312K), 0.0199740 secs] [Times: user=0.19 sys=0.00, real=0.02 secs] 
2016-09-13T17:43:23.625-0400: 245.327: [GC (GCLocker Initiated GC) [PSYoungGen: 159080K->40079K(194048K)] 319267K->208132K(718336K), 0.0117292 secs] [Times: user=0.10 sys=0.00, real=0.02 secs] 
2016-09-13T17:43:23.836-0400: 245.539: [GC (GCLocker Initiated GC) [PSYoungGen: 171663K->26351K(194560K)] 339727K->194580K(718848K), 0.0407020 secs] [Times: user=0.36 sys=0.01, real=0.04 secs] 
2016-09-13T17:43:24.059-0400: 245.762: [GC (GCLocker Initiated GC) [PSYoungGen: 157935K->26320K(197632K)] 326189K->200792K(721920K), 0.0096564 secs] [Times: user=0.08 sys=0.00, real=0.01 secs] 
2016-09-13T17:43:24.259-0400: 245.962: [GC (GCLocker Initiated GC) [PSYoungGen: 163536K->47672K(198144K)] 338016K->223868K(722432K), 0.0260194 secs] [Times: user=0.25 sys=0.00, real=0.02 secs] 
2016-09-13T17:43:24.498-0400: 246.201: [GC (GCLocker Initiated GC) [PSYoungGen: 184888K->26448K(200192K)] 374927K->222787K(724480K), 0.0052967 secs] [Times: user=0.05 sys=0.00, real=0.00 secs] 
2016-09-13T17:43:24.729-0400: 246.432: [GC (Allocation Failure) [PSYoungGen: 163664K->9836K(147456K)] 372359K->218654K(671744K), 0.0148281 secs] [Times: user=0.15 sys=0.00, real=0.01 secs] 
2016-09-13T17:43:24.957-0400: 246.660: [GC (GCLocker Initiated GC) [PSYoungGen: 146548K->41475K(198656K)] 356885K->251997K(722944K), 0.0202278 secs] [Times: user=0.17 sys=0.00, real=0.02 secs] 
2016-09-13T17:43:25.183-0400: 246.886: [GC (GCLocker Initiated GC) [PSYoungGen: 176643K->29512K(164864K)] 387200K->240140K(689152K), 0.0236664 secs] [Times: user=0.24 sys=0.01, real=0.02 secs] 
2016-09-13T17:43:25.411-0400: 247.114: [GC (GCLocker Initiated GC) [PSYoungGen: 164680K->49319K(193536K)] 376990K->266398K(717824K), 0.0109135 secs] [Times: user=0.08 sys=0.00, real=0.01 secs] 
2016-09-13T17:43:25.616-0400: 247.319: [GC (GCLocker Initiated GC) [PSYoungGen: 181415K->21912K(196608K)] 398615K->242292K(720896K), 0.0081638 secs] [Times: user=0.06 sys=0.00, real=0.00 secs] 
2016-09-13T17:43:25.855-0400: 247.558: [GC (GCLocker Initiated GC) [PSYoungGen: 154008K->15816K(196096K)] 386563K->253130K(720384K), 0.0293621 secs] [Times: user=0.33 sys=0.00, real=0.03 secs] 
2016-09-13T17:43:26.085-0400: 247.787: [GC (GCLocker Initiated GC) [PSYoungGen: 149448K->42065K(197120K)] 386910K->290371K(721408K), 0.0070659 secs] [Times: user=0.05 sys=0.00, real=0.01 secs] 
2016-09-13T17:43:26.293-0400: 247.996: [GC (GCLocker Initiated GC) [PSYoungGen: 175697K->43213K(196608K)] 424170K->302695K(720896K), 0.0074018 secs] [Times: user=0.08 sys=0.00, real=0.01 secs] 
2016-09-13T17:43:26.531-0400: 248.234: [GC (GCLocker Initiated GC) [PSYoungGen: 175309K->12779K(144896K)] 440894K->278519K(669184K), 0.0120898 secs] [Times: user=0.13 sys=0.00, real=0.01 secs] 
2016-09-13T17:43:26.722-0400: 248.425: [GC (GCLocker Initiated GC) [PSYoungGen: 144875K->51093K(188416K)] 410912K->318859K(712704K), 0.0102638 secs] [Times: user=0.12 sys=0.00, real=0.01 secs] 
2016-09-13T17:43:26.935-0400: 248.638: [GC (GCLocker Initiated GC) [PSYoungGen: 173973K->60073K(183296K)] 443277K->334194K(707584K), 0.0123313 secs] [Times: user=0.17 sys=0.00, real=0.01 secs] 
2016-09-13T17:43:27.132-0400: 248.834: [GC (GCLocker Initiated GC) [PSYoungGen: 182953K->54066K(181248K)] 457251K->328597K(705536K), 0.0068567 secs] [Times: user=0.06 sys=0.00, real=0.01 secs] 
2016-09-13T17:43:27.299-0400: 249.002: [GC (GCLocker Initiated GC) [PSYoungGen: 159538K->32485K(138240K)] 446458K->319600K(662528K), 0.0065096 secs] [Times: user=0.05 sys=0.00, real=0.00 secs] 
2016-09-13T17:43:27.470-0400: 249.173: [GC (GCLocker Initiated GC) [PSYoungGen: 137957K->43245K(184832K)] 425253K->330612K(709120K), 0.0130069 secs] [Times: user=0.14 sys=0.00, real=0.01 secs] 
2016-09-13T17:43:27.646-0400: 249.349: [GC (Allocation Failure) [PSYoungGen: 152813K->46472K(183296K)] 440333K->334155K(707584K), 0.0147382 secs] [Times: user=0.17 sys=0.00, real=0.02 secs] 
2016-09-13T17:43:27.844-0400: 249.547: [GC (GCLocker Initiated GC) [PSYoungGen: 152716K->14573K(185344K)] 446474K->308628K(709632K), 0.0092263 secs] [Times: user=0.09 sys=0.00, real=0.01 secs] 
2016-09-13T17:43:28.048-0400: 249.751: [GC (GCLocker Initiated GC) [PSYoungGen: 126701K->46349K(186368K)] 422467K->342316K(710656K), 0.0194598 secs] [Times: user=0.21 sys=0.00, real=0.01 secs] 
2016-09-13T17:43:28.221-0400: 249.924: [GC (Allocation Failure) [PSYoungGen: 158477K->32709K(182272K)] 457509K->332011K(706560K), 0.0067778 secs] [Times: user=0.08 sys=0.01, real=0.01 secs] 
2016-09-13T17:43:28.228-0400: 249.931: [GC (GCLocker Initiated GC) [PSYoungGen: 32715K->32K(185344K)] 332017K->331798K(709632K), 0.0056947 secs] [Times: user=0.08 sys=0.00, real=0.00 secs] 
2016-09-13T17:43:28.402-0400: 250.105: [GC (GCLocker Initiated GC) [PSYoungGen: 114075K->52606K(181760K)] 451917K->390448K(706048K), 0.0098535 secs] [Times: user=0.08 sys=0.00, real=0.01 secs] 
2016-09-13T17:43:28.614-0400: 250.317: [GC (Allocation Failure) [PSYoungGen: 160126K->8535K(184832K)] 510193K->397102K(709120K), 0.0147996 secs] [Times: user=0.22 sys=0.00, real=0.02 secs] 
2016-09-13T17:43:28.774-0400: 250.477: [GC (GCLocker Initiated GC) [PSYoungGen: 116055K->34286K(177664K)] 504625K->423081K(701952K), 0.0125851 secs] [Times: user=0.16 sys=0.00, real=0.01 secs] 
2016-09-13T17:43:28.940-0400: 250.643: [GC (Allocation Failure) [PSYoungGen: 141801K->23469K(181248K)] 537021K->418843K(705536K), 0.0061964 secs] [Times: user=0.07 sys=0.00, real=0.00 secs] 
2016-09-13T17:43:29.124-0400: 250.827: [GC (GCLocker Initiated GC) [PSYoungGen: 128836K->20207K(183296K)] 530285K->421763K(707584K), 0.0046081 secs] [Times: user=0.05 sys=0.00, real=0.01 secs] 
2016-09-13T17:43:29.318-0400: 251.021: [GC (GCLocker Initiated GC) [PSYoungGen: 137455K->29298K(186368K)] 539031K->430980K(710656K), 0.0170704 secs] [Times: user=0.16 sys=0.01, real=0.01 secs] 
2016-09-13T17:43:29.523-0400: 251.226: [GC (GCLocker Initiated GC) [PSYoungGen: 146546K->44762K(190464K)] 554328K->454218K(714752K), 0.0122517 secs] [Times: user=0.11 sys=0.01, real=0.02 secs] 
2016-09-13T17:43:29.717-0400: 251.420: [GC (GCLocker Initiated GC) [PSYoungGen: 169690K->61437K(186368K)] 579417K->477381K(710656K), 0.0085305 secs] [Times: user=0.06 sys=0.00, real=0.00 secs] 
2016-09-13T17:43:29.909-0400: 251.612: [GC (GCLocker Initiated GC) [PSYoungGen: 186365K->49133K(184320K)] 602335K->465273K(708608K), 0.0187132 secs] [Times: user=0.16 sys=0.00, real=0.02 secs] 
2016-09-13T17:43:30.099-0400: 251.802: [GC (GCLocker Initiated GC) [PSYoungGen: 158701K->46436K(185856K)] 576576K->472024K(710144K), 0.0244382 secs] [Times: user=0.29 sys=0.00, real=0.02 secs] 
2016-09-13T17:43:30.286-0400: 251.989: [GC (GCLocker Initiated GC) [PSYoungGen: 156004K->49320K(185344K)] 581743K->475343K(709632K), 0.0158415 secs] [Times: user=0.17 sys=0.00, real=0.02 secs] 
2016-09-13T17:43:30.456-0400: 252.159: [GC (Allocation Failure) [PSYoungGen: 158888K->29829K(139776K)] 591190K->469895K(664064K), 0.0140753 secs] [Times: user=0.16 sys=0.00, real=0.01 secs] 
2016-09-13T17:43:30.648-0400: 252.351: [GC (GCLocker Initiated GC) [PSYoungGen: 139397K->26351K(185856K)] 579463K->466756K(710144K), 0.0201947 secs] [Times: user=0.19 sys=0.00, real=0.02 secs] 
2016-09-13T17:43:30.853-0400: 252.556: [GC (GCLocker Initiated GC) [PSYoungGen: 137967K->41538K(184320K)] 580075K->483781K(708608K), 0.0200052 secs] [Times: user=0.17 sys=0.00, real=0.02 secs] 
2016-09-13T17:43:31.021-0400: 252.724: [GC (GCLocker Initiated GC) [PSYoungGen: 153154K->52261K(183296K)] 595423K->494723K(707584K), 0.0119120 secs] [Times: user=0.11 sys=0.00, real=0.01 secs] 
2016-09-13T17:43:31.198-0400: 252.901: [GC (Allocation Failure) [PSYoungGen: 164901K->29635K(185856K)] 607400K->481400K(710144K), 0.0081868 secs] [Times: user=0.08 sys=0.00, real=0.00 secs] 
2016-09-13T17:43:31.398-0400: 253.101: [GC (GCLocker Initiated GC) [PSYoungGen: 142041K->6667K(186880K)] 599882K->475226K(711168K), 0.0339667 secs] [Times: user=0.34 sys=0.00, real=0.03 secs] 
2016-09-13T17:43:31.610-0400: 253.313: [GC (GCLocker Initiated GC) [PSYoungGen: 122379K->9709K(125440K)] 597061K->484646K(649728K), 0.0108988 secs] [Times: user=0.10 sys=0.00, real=0.01 secs] 
2016-09-13T17:43:31.791-0400: 253.493: [GC (GCLocker Initiated GC) [PSYoungGen: 125421K->9735K(188928K)] 606547K->491145K(713216K), 0.0039310 secs] [Times: user=0.02 sys=0.01, real=0.00 secs] 
2016-09-13T17:43:31.956-0400: 253.659: [GC (GCLocker Initiated GC) [PSYoungGen: 124935K->5270K(188416K)] 613941K->494464K(712704K), 0.0158662 secs] [Times: user=0.14 sys=0.00, real=0.01 secs] 
2016-09-13T17:43:32.138-0400: 253.841: [GC (GCLocker Initiated GC) [PSYoungGen: 120470K->23463K(181248K)] 615743K->518929K(705536K), 0.0083649 secs] [Times: user=0.07 sys=0.00, real=0.00 secs] 
2016-09-13T17:43:32.335-0400: 254.038: [GC (Allocation Failure) [PSYoungGen: 139175K->23345K(184832K)] 634934K->519365K(709120K), 0.0162209 secs] [Times: user=0.16 sys=0.01, real=0.02 secs] 
2016-09-13T17:43:32.522-0400: 254.224: [GC (GCLocker Initiated GC) [PSYoungGen: 139057K->64448K(176128K)] 636598K->562265K(700416K), 0.0195459 secs] [Times: user=0.19 sys=0.00, real=0.02 secs] 
2016-09-13T17:43:32.711-0400: 254.413: [GC (GCLocker Initiated GC) [PSYoungGen: 175040K->32703K(186368K)] 672879K->530760K(710656K), 0.0227534 secs] [Times: user=0.25 sys=0.00, real=0.02 secs] 
2016-09-13T17:43:32.898-0400: 254.601: [GC (GCLocker Initiated GC) [PSYoungGen: 143295K->52384K(182784K)] 647639K->561643K(707072K), 0.0099027 secs] [Times: user=0.10 sys=0.00, real=0.01 secs] 
2016-09-13T17:43:33.066-0400: 254.769: [GC (GCLocker Initiated GC) [PSYoungGen: 162976K->50810K(161792K)] 672284K->566414K(686080K), 0.0232297 secs] [Times: user=0.25 sys=0.00, real=0.03 secs] 
2016-09-13T17:43:33.089-0400: 254.792: [Full GC (Ergonomics) [PSYoungGen: 50810K->0K(161792K)] [ParOldGen: 515603K->41143K(524288K)] 566414K->41143K(686080K), [Metaspace: 44699K->44699K(1087488K)], 0.0586812 secs] [Times: user=0.33 sys=0.01, real=0.06 secs] 
2016-09-13T17:43:33.297-0400: 255.000: [GC (GCLocker Initiated GC) [PSYoungGen: 110592K->58558K(174592K)] 151923K->99890K(698880K), 0.0113870 secs] [Times: user=0.09 sys=0.00, real=0.01 secs] 
2016-09-13T17:43:33.434-0400: 255.137: [GC (Allocation Failure) [PSYoungGen: 154814K->25082K(179200K)] 197765K->94111K(703488K), 0.0139013 secs] [Times: user=0.10 sys=0.00, real=0.02 secs] 
2016-09-13T17:43:33.568-0400: 255.271: [GC (Allocation Failure) [PSYoungGen: 119823K->27998K(171008K)] 188852K->106514K(695296K), 0.0093339 secs] [Times: user=0.09 sys=0.00, real=0.01 secs] 
2016-09-13T17:43:33.709-0400: 255.412: [GC (GCLocker Initiated GC) [PSYoungGen: 126814K->47678K(176128K)] 205336K->126410K(700416K), 0.0325884 secs] [Times: user=0.32 sys=0.00, real=0.03 secs] 
2016-09-13T17:43:33.898-0400: 255.601: [GC (GCLocker Initiated GC) [PSYoungGen: 146494K->24949K(181248K)] 240591K->119169K(705536K), 0.0273719 secs] [Times: user=0.25 sys=0.00, real=0.02 secs] 
2016-09-13T17:43:34.092-0400: 255.795: [GC (GCLocker Initiated GC) [PSYoungGen: 131957K->38682K(182784K)] 227874K->134714K(707072K), 0.0241670 secs] [Times: user=0.25 sys=0.01, real=0.03 secs] 
2016-09-13T17:43:34.270-0400: 255.972: [GC (GCLocker Initiated GC) [PSYoungGen: 145690K->44817K(184832K)] 241986K->141322K(709120K), 0.0157179 secs] [Times: user=0.16 sys=0.00, real=0.01 secs] 
2016-09-13T17:43:34.455-0400: 256.158: [GC (GCLocker Initiated GC) [PSYoungGen: 156945K->9836K(184832K)] 265651K->118747K(709120K), 0.0057552 secs] [Times: user=0.06 sys=0.00, real=0.01 secs] 
2016-09-13T17:43:34.659-0400: 256.361: [GC (GCLocker Initiated GC) [PSYoungGen: 121964K->9798K(188416K)] 243097K->131090K(712704K), 0.0214678 secs] [Times: user=0.22 sys=0.00, real=0.02 secs] 
2016-09-13T17:43:34.870-0400: 256.572: [GC (GCLocker Initiated GC) [PSYoungGen: 124486K->29388K(144384K)] 245800K->150888K(668672K), 0.0047544 secs] [Times: user=0.03 sys=0.00, real=0.00 secs] 
2016-09-13T17:43:35.035-0400: 256.737: [GC (GCLocker Initiated GC) [PSYoungGen: 144076K->23559K(186880K)] 265662K->151362K(711168K), 0.0186172 secs] [Times: user=0.16 sys=0.01, real=0.02 secs] 
2016-09-13T17:43:35.257-0400: 256.959: [GC (GCLocker Initiated GC) [PSYoungGen: 140807K->38470K(184320K)] 271734K->172675K(708608K), 0.0101744 secs] [Times: user=0.07 sys=0.00, real=0.00 secs] 
2016-09-13T17:43:35.428-0400: 257.131: [GC (GCLocker Initiated GC) [PSYoungGen: 155718K->43179K(190976K)] 290103K->195904K(715264K), 0.0268235 secs] [Times: user=0.22 sys=0.00, real=0.02 secs] 
2016-09-13T17:43:35.623-0400: 257.326: [GC (GCLocker Initiated GC) [PSYoungGen: 167595K->28152K(192000K)] 323528K->184424K(716288K), 0.0128822 secs] [Times: user=0.13 sys=0.00, real=0.02 secs] 
2016-09-13T17:43:35.830-0400: 257.532: [GC (GCLocker Initiated GC) [PSYoungGen: 152568K->29542K(191488K)] 308985K->186230K(715776K), 0.0237124 secs] [Times: user=0.22 sys=0.00, real=0.02 secs] 
2016-09-13T17:43:36.032-0400: 257.735: [GC (Allocation Failure) [PSYoungGen: 159590K->26532K(192000K)] 316440K->189717K(716288K), 0.0135184 secs] [Times: user=0.13 sys=0.00, real=0.01 secs] 
2016-09-13T17:43:36.244-0400: 257.947: [GC (GCLocker Initiated GC) [PSYoungGen: 154404K->14361K(198656K)] 323664K->183862K(722944K), 0.0097223 secs] [Times: user=0.10 sys=0.00, real=0.01 secs] 
2016-09-13T17:43:36.450-0400: 258.153: [GC (GCLocker Initiated GC) [PSYoungGen: 153113K->44666K(198656K)] 322795K->214484K(722944K), 0.0215821 secs] [Times: user=0.20 sys=0.00, real=0.02 secs] 
2016-09-13T17:43:36.713-0400: 258.416: [GC (GCLocker Initiated GC) [PSYoungGen: 183418K->32804K(199680K)] 361051K->210614K(723968K), 0.0193588 secs] [Times: user=0.25 sys=0.00, real=0.02 secs] 
2016-09-13T17:43:36.924-0400: 258.626: [GC (GCLocker Initiated GC) [PSYoungGen: 172580K->52543K(192512K)] 350419K->230545K(716800K), 0.0065016 secs] [Times: user=0.07 sys=0.00, real=0.01 secs] 
2016-09-13T17:43:37.165-0400: 258.868: [GC (GCLocker Initiated GC) [PSYoungGen: 192319K->20207K(198144K)] 372018K->201677K(722432K), 0.0352182 secs] [Times: user=0.35 sys=0.00, real=0.04 secs] 
2016-09-13T17:43:37.377-0400: 259.080: [GC (GCLocker Initiated GC) [PSYoungGen: 153327K->29384K(162816K)] 334887K->211109K(687104K), 0.0321956 secs] [Times: user=0.32 sys=0.00, real=0.03 secs] 
2016-09-13T17:43:37.613-0400: 259.315: [GC (Allocation Failure) [PSYoungGen: 162504K->24955K(196608K)] 350440K->216075K(720896K), 0.0095800 secs] [Times: user=0.10 sys=0.00, real=0.01 secs] 
2016-09-13T17:43:37.808-0400: 259.510: [GC (GCLocker Initiated GC) [PSYoungGen: 160123K->29515K(194560K)] 351246K->220852K(718848K), 0.0230523 secs] [Times: user=0.22 sys=0.00, real=0.02 secs] 
2016-09-13T17:43:38.057-0400: 259.760: [GC (GCLocker Initiated GC) [PSYoungGen: 164683K->18790K(198656K)] 362114K->216446K(722944K), 0.0260690 secs] [Times: user=0.28 sys=0.01, real=0.02 secs] 
2016-09-13T17:43:38.287-0400: 259.989: [GC (Allocation Failure) [PSYoungGen: 160614K->43308K(198144K)] 358485K->248978K(722432K), 0.0144473 secs] [Times: user=0.16 sys=0.00, real=0.02 secs] 
2016-09-13T17:43:38.488-0400: 260.191: [GC (GCLocker Initiated GC) [PSYoungGen: 184035K->49386K(195072K)] 391223K->256760K(719360K), 0.0249544 secs] [Times: user=0.27 sys=0.00, real=0.02 secs] 
2016-09-13T17:43:38.699-0400: 260.402: [GC (GCLocker Initiated GC) [PSYoungGen: 185578K->62956K(199168K)] 392989K->270510K(723456K), 0.0116896 secs] [Times: user=0.10 sys=0.01, real=0.01 secs] 
2016-09-13T17:43:38.929-0400: 260.632: [GC (GCLocker Initiated GC) [PSYoungGen: 199148K->25050K(185856K)] 406810K->245008K(710144K), 0.0277584 secs] [Times: user=0.28 sys=0.00, real=0.03 secs] 
2016-09-13T17:43:39.150-0400: 260.853: [GC (GCLocker Initiated GC) [PSYoungGen: 147930K->32613K(192512K)] 369505K->254481K(716800K), 0.0155570 secs] [Times: user=0.20 sys=0.00, real=0.01 secs] 
2016-09-13T17:43:39.319-0400: 261.022: [GC (GCLocker Initiated GC) [PSYoungGen: 155493K->44858K(190464K)] 377386K->266855K(714752K), 0.0064662 secs] [Times: user=0.07 sys=0.00, real=0.00 secs] 
2016-09-13T17:43:39.552-0400: 261.255: [GC (GCLocker Initiated GC) [PSYoungGen: 170810K->29603K(193024K)] 398898K->263991K(717312K), 0.0250351 secs] [Times: user=0.30 sys=0.00, real=0.03 secs] 
2016-09-13T17:43:39.747-0400: 261.450: [GC (GCLocker Initiated GC) [PSYoungGen: 155555K->43375K(194560K)] 390127K->282775K(718848K), 0.0229541 secs] [Times: user=0.22 sys=0.00, real=0.03 secs] 
2016-09-13T17:43:39.972-0400: 261.675: [GC (GCLocker Initiated GC) [PSYoungGen: 173423K->31063K(195072K)] 412848K->270736K(719360K), 0.0103810 secs] [Times: user=0.10 sys=0.00, real=0.01 secs] 
2016-09-13T17:43:40.169-0400: 261.872: [GC (GCLocker Initiated GC) [PSYoungGen: 161111K->49351K(193024K)] 400856K->293724K(717312K), 0.0199994 secs] [Times: user=0.20 sys=0.00, real=0.02 secs] 
2016-09-13T17:43:40.374-0400: 262.076: [GC (GCLocker Initiated GC) [PSYoungGen: 179399K->46160K(195584K)] 424007K->291068K(719872K), 0.0106111 secs] [Times: user=0.09 sys=0.00, real=0.01 secs] 
2016-09-13T17:43:40.608-0400: 262.311: [GC (GCLocker Initiated GC) [PSYoungGen: 176208K->32581K(193024K)] 427217K->283670K(717312K), 0.0149231 secs] [Times: user=0.14 sys=0.00, real=0.01 secs] 
2016-09-13T17:43:40.813-0400: 262.516: [GC (GCLocker Initiated GC) [PSYoungGen: 163141K->24986K(194560K)] 417487K->281037K(718848K), 0.0357023 secs] [Times: user=0.40 sys=0.00, real=0.04 secs] 
2016-09-13T17:43:41.049-0400: 262.752: [GC (Allocation Failure) [PSYoungGen: 155546K->9863K(195584K)] 417692K->272294K(719872K), 0.0140611 secs] [Times: user=0.19 sys=0.00, real=0.01 secs] 
2016-09-13T17:43:41.257-0400: 262.959: [GC (Allocation Failure) [PSYoungGen: 141959K->34349K(166912K)] 404390K->297021K(691200K), 0.0082355 secs] [Times: user=0.10 sys=0.00, real=0.00 secs] 
2016-09-13T17:43:41.460-0400: 263.163: [GC (GCLocker Initiated GC) [PSYoungGen: 166445K->46281K(194048K)] 429117K->312158K(718336K), 0.0195774 secs] [Times: user=0.18 sys=0.00, real=0.02 secs] 
2016-09-13T17:43:41.673-0400: 263.376: [GC (Allocation Failure) [PSYoungGen: 177865K->41819K(196096K)] 443893K->308091K(720384K), 0.0195068 secs] [Times: user=0.20 sys=0.00, real=0.02 secs] 
2016-09-13T17:43:41.884-0400: 263.586: [GC (GCLocker Initiated GC) [PSYoungGen: 173403K->51087K(192000K)] 439681K->322289K(716288K), 0.0091330 secs] [Times: user=0.12 sys=0.00, real=0.01 secs] 
2016-09-13T17:43:42.104-0400: 263.806: [GC (GCLocker Initiated GC) [PSYoungGen: 179087K->43372K(195072K)] 452055K->316557K(719360K), 0.0082235 secs] [Times: user=0.08 sys=0.00, real=0.01 secs] 
2016-09-13T17:43:42.304-0400: 264.007: [GC (GCLocker Initiated GC) [PSYoungGen: 171372K->64666K(181248K)] 444587K->344198K(705536K), 0.0243632 secs] [Times: user=0.30 sys=0.00, real=0.03 secs] 
2016-09-13T17:43:42.481-0400: 264.184: [GC (GCLocker Initiated GC) [PSYoungGen: 179354K->46680K(188416K)] 460639K->337343K(712704K), 0.0070983 secs] [Times: user=0.09 sys=0.00, real=0.01 secs] 
2016-09-13T17:43:42.685-0400: 264.388: [GC (GCLocker Initiated GC) [PSYoungGen: 161368K->28088K(185344K)] 458288K->325146K(709632K), 0.0261068 secs] [Times: user=0.25 sys=0.00, real=0.03 secs] 
2016-09-13T17:43:42.878-0400: 264.580: [GC (GCLocker Initiated GC) [PSYoungGen: 143800K->41598K(187392K)] 440878K->338861K(711680K), 0.0192765 secs] [Times: user=0.19 sys=0.00, real=0.02 secs] 
2016-09-13T17:43:43.053-0400: 264.756: [GC (Allocation Failure) [PSYoungGen: 157310K->46504K(189952K)] 454799K->353351K(714240K), 0.0072724 secs] [Times: user=0.08 sys=0.00, real=0.01 secs] 
2016-09-13T17:43:43.245-0400: 264.948: [GC (GCLocker Initiated GC) [PSYoungGen: 166092K->21912K(189952K)] 479014K->335039K(714240K), 0.0084495 secs] [Times: user=0.07 sys=0.00, real=0.01 secs] 
2016-09-13T17:43:43.452-0400: 265.154: [GC (GCLocker Initiated GC) [PSYoungGen: 143256K->43053K(190976K)] 456553K->356594K(715264K), 0.0417815 secs] [Times: user=0.43 sys=0.01, real=0.04 secs] 
2016-09-13T17:43:43.665-0400: 265.368: [GC (GCLocker Initiated GC) [PSYoungGen: 167469K->44730K(192000K)] 482735K->360126K(716288K), 0.0264712 secs] [Times: user=0.26 sys=0.01, real=0.03 secs] 
2016-09-13T17:43:43.897-0400: 265.600: [GC (GCLocker Initiated GC) [PSYoungGen: 169146K->59891K(185856K)] 486307K->377313K(710144K), 0.0093865 secs] [Times: user=0.08 sys=0.00, real=0.00 secs] 
2016-09-13T17:43:44.070-0400: 265.773: [GC (GCLocker Initiated GC) [PSYoungGen: 178675K->41756K(190464K)] 499285K->362508K(714752K), 0.0130227 secs] [Times: user=0.13 sys=0.00, real=0.01 secs] 
2016-09-13T17:43:44.260-0400: 265.962: [GC (GCLocker Initiated GC) [PSYoungGen: 160540K->23436K(189952K)] 489261K->352417K(714240K), 0.0090384 secs] [Times: user=0.08 sys=0.01, real=0.01 secs] 
2016-09-13T17:43:44.461-0400: 266.163: [GC (Allocation Failure) [PSYoungGen: 145292K->23563K(190976K)] 482037K->360518K(715264K), 0.0081597 secs] [Times: user=0.06 sys=0.00, real=0.01 secs] 
2016-09-13T17:43:44.665-0400: 266.368: [GC (GCLocker Initiated GC) [PSYoungGen: 145419K->46377K(193024K)] 482376K->383646K(717312K), 0.0163376 secs] [Times: user=0.16 sys=0.00, real=0.02 secs] 
2016-09-13T17:43:44.867-0400: 266.570: [GC (Allocation Failure) [PSYoungGen: 170281K->54067K(178176K)] 507645K->391660K(702464K), 0.0172460 secs] [Times: user=0.22 sys=0.00, real=0.02 secs] 
2016-09-13T17:43:45.058-0400: 266.761: [GC (GCLocker Initiated GC) [PSYoungGen: 177971K->50970K(189440K)] 515567K->390318K(713728K), 0.0240110 secs] [Times: user=0.34 sys=0.00, real=0.02 secs] 
2016-09-13T17:43:45.262-0400: 266.965: [GC (GCLocker Initiated GC) [PSYoungGen: 168728K->46313K(164352K)] 508288K->386066K(688640K), 0.0103197 secs] [Times: user=0.15 sys=0.00, real=0.01 secs] 
2016-09-13T17:43:45.459-0400: 267.161: [GC (GCLocker Initiated GC) [PSYoungGen: 164073K->31063K(190464K)] 509924K->377056K(714752K), 0.0098902 secs] [Times: user=0.12 sys=0.00, real=0.01 secs] 
2016-09-13T17:43:45.647-0400: 267.350: [GC (GCLocker Initiated GC) [PSYoungGen: 150359K->32741K(189440K)] 502633K->397320K(713728K), 0.0067658 secs] [Times: user=0.08 sys=0.00, real=0.01 secs] 
2016-09-13T17:43:45.852-0400: 267.555: [GC (GCLocker Initiated GC) [PSYoungGen: 152037K->44762K(190464K)] 516623K->409538K(714752K), 0.0149819 secs] [Times: user=0.15 sys=0.00, real=0.01 secs] 
2016-09-13T17:43:46.080-0400: 267.782: [GC (GCLocker Initiated GC) [PSYoungGen: 166618K->32549K(189440K)] 531577K->397667K(713728K), 0.0099390 secs] [Times: user=0.08 sys=0.00, real=0.01 secs] 
2016-09-13T17:43:46.259-0400: 267.962: [GC (Allocation Failure) [PSYoungGen: 154405K->31031K(193024K)] 525629K->406957K(717312K), 0.0080594 secs] [Times: user=0.06 sys=0.00, real=0.00 secs] 
2016-09-13T17:43:46.465-0400: 268.168: [GC (GCLocker Initiated GC) [PSYoungGen: 158007K->43212K(192000K)] 533935K->426932K(716288K), 0.0078058 secs] [Times: user=0.06 sys=0.00, real=0.01 secs] 
2016-09-13T17:43:46.674-0400: 268.377: [GC (GCLocker Initiated GC) [PSYoungGen: 170188K->49133K(194048K)] 553936K->433098K(718336K), 0.0339799 secs] [Times: user=0.37 sys=0.00, real=0.04 secs] 
2016-09-13T17:43:46.893-0400: 268.596: [GC (GCLocker Initiated GC) [PSYoungGen: 179181K->24923K(195072K)] 569447K->424464K(719360K), 0.0060746 secs] [Times: user=0.04 sys=0.00, real=0.01 secs] 
2016-09-13T17:43:47.100-0400: 268.802: [GC (GCLocker Initiated GC) [PSYoungGen: 154971K->61438K(185344K)] 554550K->473364K(709632K), 0.0290743 secs] [Times: user=0.34 sys=0.01, real=0.03 secs] 
2016-09-13T17:43:47.298-0400: 269.001: [GC (GCLocker Initiated GC) [PSYoungGen: 181246K->50838K(171008K)] 599454K->472172K(695296K), 0.0307307 secs] [Times: user=0.33 sys=0.00, real=0.03 secs] 
2016-09-13T17:43:47.498-0400: 269.201: [GC (GCLocker Initiated GC) [PSYoungGen: 170646K->30939K(191488K)] 598244K->460325K(715776K), 0.0273460 secs] [Times: user=0.25 sys=0.00, real=0.02 secs] 
2016-09-13T17:43:47.701-0400: 269.404: [GC (GCLocker Initiated GC) [PSYoungGen: 150747K->24892K(190464K)] 581823K->456032K(714752K), 0.0060149 secs] [Times: user=0.05 sys=0.00, real=0.00 secs] 
2016-09-13T17:43:47.908-0400: 269.611: [GC (Allocation Failure) [PSYoungGen: 144700K->41575K(187392K)] 577621K->474768K(711680K), 0.0215625 secs] [Times: user=0.21 sys=0.00, real=0.02 secs] 
2016-09-13T17:43:48.106-0400: 269.809: [GC (GCLocker Initiated GC) [PSYoungGen: 161992K->50742K(188928K)] 596704K->485631K(713216K), 0.0152277 secs] [Times: user=0.16 sys=0.00, real=0.02 secs] 
2016-09-13T17:43:48.298-0400: 270.001: [GC (GCLocker Initiated GC) [PSYoungGen: 171574K->52458K(189440K)] 612655K->493855K(713728K), 0.0073257 secs] [Times: user=0.08 sys=0.00, real=0.00 secs] 
2016-09-13T17:43:48.488-0400: 270.190: [GC (GCLocker Initiated GC) [PSYoungGen: 172266K->47928K(190976K)] 613682K->501783K(715264K), 0.0372086 secs] [Times: user=0.39 sys=0.01, real=0.03 secs] 
2016-09-13T17:43:48.703-0400: 270.406: [GC (Allocation Failure) [PSYoungGen: 167736K->24960K(190976K)] 627794K->485286K(715264K), 0.0174943 secs] [Times: user=0.18 sys=0.01, real=0.02 secs] 
2016-09-13T17:43:48.904-0400: 270.607: [GC (GCLocker Initiated GC) [PSYoungGen: 145792K->47805K(191488K)] 606121K->508418K(715776K), 0.0208520 secs] [Times: user=0.19 sys=0.00, real=0.02 secs] 
2016-09-13T17:43:49.091-0400: 270.793: [GC (GCLocker Initiated GC) [PSYoungGen: 168637K->29638K(190464K)] 641415K->502641K(714752K), 0.0060901 secs] [Times: user=0.04 sys=0.00, real=0.01 secs] 
2016-09-13T17:43:49.307-0400: 271.010: [GC (GCLocker Initiated GC) [PSYoungGen: 150982K->24960K(190976K)] 631625K->510514K(715264K), 0.0163394 secs] [Times: user=0.17 sys=0.00, real=0.02 secs] 
2016-09-13T17:43:49.499-0400: 271.202: [GC (GCLocker Initiated GC) [PSYoungGen: 146304K->50778K(189952K)] 631967K->542659K(714240K), 0.0259295 secs] [Times: user=0.28 sys=0.00, real=0.02 secs] 
2016-09-13T17:43:49.704-0400: 271.407: [GC (GCLocker Initiated GC) [PSYoungGen: 171610K->23312K(191488K)] 665138K->517002K(715776K), 0.0169222 secs] [Times: user=0.19 sys=0.00, real=0.02 secs] 
2016-09-13T17:43:49.898-0400: 271.601: [GC (GCLocker Initiated GC) [PSYoungGen: 144144K->31126K(187904K)] 650050K->541869K(712192K), 0.0161185 secs] [Times: user=0.18 sys=0.00, real=0.01 secs] 
2016-09-13T17:43:50.107-0400: 271.810: [Full GC (Ergonomics) [PSYoungGen: 152470K->0K(187904K)] [ParOldGen: 519921K->40419K(524288K)] 672392K->40419K(712192K), [Metaspace: 44718K->44718K(1087488K)], 0.0683351 secs] [Times: user=0.36 sys=0.01, real=0.08 secs] 
2016-09-13T17:43:50.345-0400: 272.048: [GC (GCLocker Initiated GC) [PSYoungGen: 121344K->50959K(189952K)] 161885K->91509K(714240K), 0.0212934 secs] [Times: user=0.25 sys=0.00, real=0.02 secs] 
2016-09-13T17:43:50.518-0400: 272.221: [GC (GCLocker Initiated GC) [PSYoungGen: 172303K->31067K(192000K)] 212877K->81255K(716288K), 0.0289896 secs] [Times: user=0.35 sys=0.00, real=0.02 secs] 
2016-09-13T17:43:50.727-0400: 272.429: [GC (GCLocker Initiated GC) [PSYoungGen: 154459K->41906K(192000K)] 205008K->100223K(716288K), 0.0101281 secs] [Times: user=0.12 sys=0.00, real=0.02 secs] 
2016-09-13T17:43:50.915-0400: 272.617: [GC (GCLocker Initiated GC) [PSYoungGen: 165298K->23350K(192512K)] 226798K->85102K(716800K), 0.0221319 secs] [Times: user=0.24 sys=0.00, real=0.03 secs] 
2016-09-13T17:43:51.127-0400: 272.829: [GC (Allocation Failure) [PSYoungGen: 148790K->41714K(192000K)] 210578K->103721K(716288K), 0.0095938 secs] [Times: user=0.09 sys=0.00, real=0.02 secs] 
2016-09-13T17:43:51.307-0400: 273.010: [GC (GCLocker Initiated GC) [PSYoungGen: 167154K->47677K(193024K)] 229171K->109962K(717312K), 0.0358668 secs] [Times: user=0.32 sys=0.01, real=0.04 secs] 
2016-09-13T17:43:51.511-0400: 273.214: [GC (GCLocker Initiated GC) [PSYoungGen: 175165K->47678K(194048K)] 237482K->110196K(718336K), 0.0301933 secs] [Times: user=0.32 sys=0.01, real=0.03 secs] 
2016-09-13T17:43:51.716-0400: 273.419: [GC (GCLocker Initiated GC) [PSYoungGen: 175166K->40205K(190976K)] 239458K->115334K(715264K), 0.0060175 secs] [Times: user=0.04 sys=0.00, real=0.00 secs] 
2016-09-13T17:43:51.951-0400: 273.653: [GC (Allocation Failure) [PSYoungGen: 168717K->23378K(193024K)] 245613K->100613K(717312K), 0.0083480 secs] [Times: user=0.09 sys=0.00, real=0.01 secs] 
2016-09-13T17:43:52.140-0400: 273.843: [GC (GCLocker Initiated GC) [PSYoungGen: 151793K->44666K(197120K)] 230546K->123593K(721408K), 0.0098370 secs] [Times: user=0.06 sys=0.00, real=0.01 secs] 
2016-09-13T17:43:52.357-0400: 274.060: [GC (Allocation Failure) [PSYoungGen: 177274K->26569K(197120K)] 257895K->107333K(721408K), 0.0177842 secs] [Times: user=0.19 sys=0.00, real=0.01 secs] 
2016-09-13T17:43:52.582-0400: 274.285: [GC (GCLocker Initiated GC) [PSYoungGen: 159177K->26384K(197120K)] 239946K->107354K(721408K), 0.0117384 secs] [Times: user=0.09 sys=0.01, real=0.01 secs] 
2016-09-13T17:43:52.795-0400: 274.498: [GC (GCLocker Initiated GC) [PSYoungGen: 160016K->14424K(197120K)] 241165K->95727K(721408K), 0.0100780 secs] [Times: user=0.09 sys=0.00, real=0.01 secs] 
2016-09-13T17:43:53.041-0400: 274.744: [GC (GCLocker Initiated GC) [PSYoungGen: 148056K->43212K(196608K)] 231070K->126377K(720896K), 0.0118839 secs] [Times: user=0.12 sys=0.00, real=0.01 secs] 
2016-09-13T17:43:53.249-0400: 274.952: [GC (GCLocker Initiated GC) [PSYoungGen: 175308K->34349K(166912K)] 260058K->119288K(691200K), 0.0121879 secs] [Times: user=0.12 sys=0.00, real=0.01 secs] 
2016-09-13T17:43:53.451-0400: 275.154: [GC (GCLocker Initiated GC) [PSYoungGen: 166445K->51029K(191488K)] 251619K->136456K(715776K), 0.0220928 secs] [Times: user=0.26 sys=0.00, real=0.02 secs] 
2016-09-13T17:43:53.670-0400: 275.372: [GC (GCLocker Initiated GC) [PSYoungGen: 180565K->28306K(194560K)] 272299K->120324K(718848K), 0.0087006 secs] [Times: user=0.10 sys=0.00, real=0.01 secs] 
2016-09-13T17:43:53.905-0400: 275.608: [GC (GCLocker Initiated GC) [PSYoungGen: 157842K->23441K(194048K)] 255994K->121827K(718336K), 0.0147768 secs] [Times: user=0.15 sys=0.00, real=0.02 secs] 
2016-09-13T17:43:54.128-0400: 275.831: [GC (GCLocker Initiated GC) [PSYoungGen: 156561K->8184K(196096K)] 261221K->117578K(720384K), 0.0300833 secs] [Times: user=0.31 sys=0.00, real=0.03 secs] 
2016-09-13T17:43:54.312-0400: 276.015: [GC (GCLocker Initiated GC) [PSYoungGen: 141304K->52452K(188416K)] 250865K->166885K(712704K), 0.0248924 secs] [Times: user=0.30 sys=0.00, real=0.03 secs] 
2016-09-13T17:43:54.519-0400: 276.221: [GC (GCLocker Initiated GC) [PSYoungGen: 176356K->23441K(193024K)] 296943K->144150K(717312K), 0.0112730 secs] [Times: user=0.13 sys=0.00, real=0.01 secs] 
2016-09-13T17:43:54.725-0400: 276.428: [GC (GCLocker Initiated GC) [PSYoungGen: 147345K->46288K(191488K)] 268303K->167436K(715776K), 0.0098363 secs] [Times: user=0.11 sys=0.00, real=0.01 secs] 
2016-09-13T17:43:54.908-0400: 276.611: [GC (GCLocker Initiated GC) [PSYoungGen: 170192K->43062K(193024K)] 291415K->164400K(717312K), 0.0100043 secs] [Times: user=0.10 sys=0.00, real=0.01 secs] 
2016-09-13T17:43:55.109-0400: 276.812: [GC (GCLocker Initiated GC) [PSYoungGen: 166966K->49384K(189440K)] 288452K->177195K(713728K), 0.0090690 secs] [Times: user=0.10 sys=0.00, real=0.01 secs] 
2016-09-13T17:43:55.333-0400: 277.036: [GC (GCLocker Initiated GC) [PSYoungGen: 170216K->5424K(126464K)] 310180K->154672K(650752K), 0.0085908 secs] [Times: user=0.06 sys=0.01, real=0.01 secs] 
2016-09-13T17:43:55.523-0400: 277.225: [GC (Allocation Failure) [PSYoungGen: 126256K->41597K(190464K)] 275739K->191331K(714752K), 0.0184076 secs] [Times: user=0.19 sys=0.00, real=0.02 secs] 
2016-09-13T17:43:55.728-0400: 277.430: [GC (Allocation Failure) [PSYoungGen: 158893K->23335K(141312K)] 308628K->173262K(665600K), 0.0135540 secs] [Times: user=0.11 sys=0.01, real=0.01 secs] 
2016-09-13T17:43:55.902-0400: 277.604: [GC (GCLocker Initiated GC) [PSYoungGen: 141095K->46128K(185856K)] 291028K->196176K(710144K), 0.0297187 secs] [Times: user=0.30 sys=0.01, real=0.03 secs] 
2016-09-13T17:43:56.089-0400: 277.791: [GC (GCLocker Initiated GC) [PSYoungGen: 162352K->59950K(176640K)] 312545K->210224K(700928K), 0.0163938 secs] [Times: user=0.12 sys=0.00, real=0.01 secs] 
2016-09-13T17:43:56.306-0400: 278.008: [GC (GCLocker Initiated GC) [PSYoungGen: 176174K->38501K(188928K)] 329544K->198183K(713216K), 0.0200012 secs] [Times: user=0.20 sys=0.00, real=0.02 secs] 
2016-09-13T17:43:56.499-0400: 278.201: [GC (GCLocker Initiated GC) [PSYoungGen: 150629K->34282K(146432K)] 316572K->200525K(670720K), 0.0267368 secs] [Times: user=0.30 sys=0.00, real=0.02 secs] 
2016-09-13T17:43:56.683-0400: 278.386: [GC (GCLocker Initiated GC) [PSYoungGen: 146410K->53907K(179200K)] 312846K->222025K(703488K), 0.0083959 secs] [Times: user=0.06 sys=0.01, real=0.01 secs] 
2016-09-13T17:43:56.846-0400: 278.549: [GC (GCLocker Initiated GC) [PSYoungGen: 162963K->23690K(182272K)] 338797K->201302K(706560K), 0.0110397 secs] [Times: user=0.09 sys=0.00, real=0.02 secs] 
2016-09-13T17:43:57.046-0400: 278.749: [GC (GCLocker Initiated GC) [PSYoungGen: 132746K->23341K(185856K)] 318049K->208908K(710144K), 0.0266814 secs] [Times: user=0.29 sys=0.01, real=0.03 secs] 
2016-09-13T17:43:57.247-0400: 278.950: [GC (GCLocker Initiated GC) [PSYoungGen: 140077K->35746K(187904K)] 327191K->223038K(712192K), 0.0064045 secs] [Times: user=0.06 sys=0.00, real=0.01 secs] 
2016-09-13T17:43:57.436-0400: 279.139: [GC (Allocation Failure) [PSYoungGen: 152482K->26532K(189440K)] 339984K->218800K(713728K), 0.0096574 secs] [Times: user=0.06 sys=0.00, real=0.00 secs] 
2016-09-13T17:43:57.635-0400: 279.338: [GC (GCLocker Initiated GC) [PSYoungGen: 149924K->12837K(189440K)] 342193K->206852K(713728K), 0.0063880 secs] [Times: user=0.02 sys=0.00, real=0.01 secs] 
2016-09-13T17:43:57.836-0400: 279.539: [GC (GCLocker Initiated GC) [PSYoungGen: 136229K->33946K(191488K)] 330269K->228188K(715776K), 0.0193500 secs] [Times: user=0.17 sys=0.00, real=0.01 secs] 
2016-09-13T17:43:58.054-0400: 279.757: [GC (GCLocker Initiated GC) [PSYoungGen: 163482K->6698K(193536K)] 369899K->220847K(717824K), 0.0276372 secs] [Times: user=0.26 sys=0.00, real=0.03 secs] 
2016-09-13T17:43:58.299-0400: 280.002: [GC (GCLocker Initiated GC) [PSYoungGen: 136234K->41724K(195072K)] 358157K->268448K(719360K), 0.0100610 secs] [Times: user=0.07 sys=0.00, real=0.01 secs] 
2016-09-13T17:43:58.503-0400: 280.206: [GC (GCLocker Initiated GC) [PSYoungGen: 171772K->48103K(178176K)] 398573K->275209K(702464K), 0.0062342 secs] [Times: user=0.06 sys=0.00, real=0.01 secs] 
2016-09-13T17:43:58.713-0400: 280.416: [GC (GCLocker Initiated GC) [PSYoungGen: 178151K->41629K(193536K)] 411611K->275408K(717824K), 0.0373689 secs] [Times: user=0.38 sys=0.00, real=0.04 secs] 
2016-09-13T17:43:58.907-0400: 280.609: [GC (GCLocker Initiated GC) [PSYoungGen: 166557K->55522K(180736K)] 400354K->291121K(705024K), 0.0087000 secs] [Times: user=0.11 sys=0.00, real=0.01 secs] 
2016-09-13T17:43:59.106-0400: 280.809: [GC (GCLocker Initiated GC) [PSYoungGen: 180450K->46313K(188928K)] 416136K->285279K(713216K), 0.0083360 secs] [Times: user=0.10 sys=0.00, real=0.01 secs] 
2016-09-13T17:43:59.331-0400: 281.033: [GC (GCLocker Initiated GC) [PSYoungGen: 162025K->34100K(150016K)] 407088K->279439K(674304K), 0.0080978 secs] [Times: user=0.05 sys=0.00, real=0.01 secs] 
2016-09-13T17:43:59.510-0400: 281.213: [GC (GCLocker Initiated GC) [PSYoungGen: 149812K->53971K(182784K)] 395256K->308773K(707072K), 0.0102526 secs] [Times: user=0.11 sys=0.00, real=0.01 secs] 
2016-09-13T17:43:59.692-0400: 281.395: [GC (Allocation Failure) [PSYoungGen: 166611K->47864K(185856K)] 421742K->304739K(710144K), 0.0286075 secs] [Times: user=0.31 sys=0.00, real=0.03 secs] 
2016-09-13T17:43:59.864-0400: 281.567: [GC (GCLocker Initiated GC) [PSYoungGen: 160504K->49324K(187904K)] 417382K->306404K(712192K), 0.0098868 secs] [Times: user=0.10 sys=0.00, real=0.01 secs] 
2016-09-13T17:44:00.060-0400: 281.762: [GC (GCLocker Initiated GC) [PSYoungGen: 164012K->5337K(120320K)] 434833K->276246K(644608K), 0.0037529 secs] [Times: user=0.02 sys=0.00, real=0.00 secs] 
2016-09-13T17:44:00.253-0400: 281.956: [GC (GCLocker Initiated GC) [PSYoungGen: 120025K->29638K(188416K)] 397011K->306810K(712704K), 0.0118142 secs] [Times: user=0.16 sys=0.00, real=0.01 secs] 
2016-09-13T17:44:00.460-0400: 282.163: [GC (GCLocker Initiated GC) [PSYoungGen: 141766K->9740K(185856K)] 426618K->294742K(710144K), 0.0241852 secs] [Times: user=0.28 sys=0.00, real=0.02 secs] 
2016-09-13T17:44:00.664-0400: 282.366: [GC (Allocation Failure) [PSYoungGen: 121868K->5424K(185856K)] 420689K->304546K(710144K), 0.0055999 secs] [Times: user=0.07 sys=0.00, real=0.01 secs] 
2016-09-13T17:44:00.839-0400: 282.542: [GC (GCLocker Initiated GC) [PSYoungGen: 117040K->27833K(139776K)] 416165K->327151K(664064K), 0.0104680 secs] [Times: user=0.07 sys=0.00, real=0.01 secs] 
2016-09-13T17:44:01.019-0400: 282.721: [GC (GCLocker Initiated GC) [PSYoungGen: 139449K->47708K(182272K)] 438968K->347417K(706560K), 0.0328687 secs] [Times: user=0.45 sys=0.00, real=0.03 secs] 
2016-09-13T17:44:01.217-0400: 282.920: [GC (GCLocker Initiated GC) [PSYoungGen: 158812K->47806K(184320K)] 460126K->349448K(708608K), 0.0091470 secs] [Times: user=0.13 sys=0.00, real=0.00 secs] 
2016-09-13T17:44:01.408-0400: 283.111: [GC (GCLocker Initiated GC) [PSYoungGen: 158910K->9926K(186880K)] 472999K->331838K(711168K), 0.0056067 secs] [Times: user=0.04 sys=0.00, real=0.00 secs] 
2016-09-13T17:44:01.611-0400: 283.313: [GC (GCLocker Initiated GC) [PSYoungGen: 121542K->9773K(121856K)] 455690K->344111K(646144K), 0.0550715 secs] [Times: user=0.56 sys=0.00, real=0.05 secs] 
2016-09-13T17:44:01.827-0400: 283.530: [GC (GCLocker Initiated GC) [PSYoungGen: 121389K->43216K(184832K)] 457511K->379478K(709120K), 0.0106754 secs] [Times: user=0.10 sys=0.00, real=0.02 secs] 
2016-09-13T17:44:01.995-0400: 283.698: [GC (Allocation Failure) [PSYoungGen: 153808K->44634K(185856K)] 490332K->381360K(710144K), 0.0175929 secs] [Times: user=0.16 sys=0.00, real=0.02 secs] 
2016-09-13T17:44:02.150-0400: 283.852: [GC (GCLocker Initiated GC) [PSYoungGen: 155226K->43244K(186368K)] 491958K->380192K(710656K), 0.0153492 secs] [Times: user=0.20 sys=0.00, real=0.01 secs] 
2016-09-13T17:44:02.326-0400: 284.029: [GC (GCLocker Initiated GC) [PSYoungGen: 153836K->31126K(141824K)] 490874K->368310K(666112K), 0.0153437 secs] [Times: user=0.17 sys=0.00, real=0.02 secs] 
2016-09-13T17:44:02.522-0400: 284.225: [GC (GCLocker Initiated GC) [PSYoungGen: 141718K->41758K(182784K)] 478963K->391427K(707072K), 0.0100073 secs] [Times: user=0.11 sys=0.00, real=0.01 secs] 
2016-09-13T17:44:02.681-0400: 284.384: [GC (GCLocker Initiated GC) [PSYoungGen: 152862K->46472K(182272K)] 502553K->402551K(706560K), 0.0072122 secs] [Times: user=0.10 sys=0.00, real=0.01 secs] 
2016-09-13T17:44:02.849-0400: 284.552: [GC (GCLocker Initiated GC) [PSYoungGen: 157576K->34259K(184832K)] 519751K->404407K(709120K), 0.0105628 secs] [Times: user=0.13 sys=0.00, real=0.01 secs] 
2016-09-13T17:44:03.052-0400: 284.755: [GC (GCLocker Initiated GC) [PSYoungGen: 153043K->43341K(187392K)] 523375K->426096K(711680K), 0.0094901 secs] [Times: user=0.12 sys=0.00, real=0.01 secs] 
2016-09-13T17:44:03.249-0400: 284.952: [GC (Allocation Failure) [PSYoungGen: 162125K->31062K(188416K)] 551063K->420064K(712704K), 0.0131457 secs] [Times: user=0.15 sys=0.00, real=0.01 secs] 
2016-09-13T17:44:03.481-0400: 285.183: [GC (GCLocker Initiated GC) [PSYoungGen: 155990K->29452K(190976K)] 544995K->418663K(715264K), 0.0107959 secs] [Times: user=0.08 sys=0.00, real=0.01 secs] 
2016-09-13T17:44:03.676-0400: 285.379: [GC (GCLocker Initiated GC) [PSYoungGen: 154380K->24895K(192512K)] 549867K->420576K(716800K), 0.0192467 secs] [Times: user=0.18 sys=0.00, real=0.01 secs] 
2016-09-13T17:44:03.898-0400: 285.601: [GC (GCLocker Initiated GC) [PSYoungGen: 156991K->29543K(194560K)] 564841K->437653K(718848K), 0.0137720 secs] [Times: user=0.14 sys=0.00, real=0.01 secs] 
2016-09-13T17:44:04.103-0400: 285.805: [GC (GCLocker Initiated GC) [PSYoungGen: 161639K->29570K(195584K)] 571293K->440885K(719872K), 0.0226611 secs] [Times: user=0.20 sys=0.00, real=0.02 secs] 
2016-09-13T17:44:04.336-0400: 286.039: [GC (Allocation Failure) [PSYoungGen: 168834K->38691K(197632K)] 581835K->455006K(721920K), 0.0176239 secs] [Times: user=0.23 sys=0.00, real=0.01 secs] 
2016-09-13T17:44:04.562-0400: 286.264: [GC (Allocation Failure) [PSYoungGen: 177955K->28116K(201216K)] 594270K->444744K(725504K), 0.0060334 secs] [Times: user=0.08 sys=0.00, real=0.01 secs] 
2016-09-13T17:44:04.811-0400: 286.514: [GC (GCLocker Initiated GC) [PSYoungGen: 168448K->26436K(202752K)] 591151K->449187K(727040K), 0.0079778 secs] [Times: user=0.06 sys=0.00, real=0.01 secs] 
2016-09-13T17:44:05.055-0400: 286.758: [GC (GCLocker Initiated GC) [PSYoungGen: 172356K->20516K(205312K)] 602828K->451291K(729600K), 0.0414755 secs] [Times: user=0.41 sys=0.01, real=0.05 secs] 
2016-09-13T17:44:05.290-0400: 286.993: [GC (GCLocker Initiated GC) [PSYoungGen: 170532K->50742K(201216K)] 601349K->493911K(725504K), 0.0106648 secs] [Times: user=0.12 sys=0.00, real=0.01 secs] 
2016-09-13T17:44:05.517-0400: 287.220: [GC (Allocation Failure) [PSYoungGen: 200758K->46287K(198144K)] 644069K->489728K(722432K), 0.0203800 secs] [Times: user=0.23 sys=0.01, real=0.02 secs] 
2016-09-13T17:44:05.748-0400: 287.451: [GC (GCLocker Initiated GC) [PSYoungGen: 183927K->41913K(200192K)] 628887K->487138K(724480K), 0.0116421 secs] [Times: user=0.14 sys=0.00, real=0.01 secs] 
2016-09-13T17:44:06.015-0400: 287.718: [GC (GCLocker Initiated GC) [PSYoungGen: 180153K->26478K(198144K)] 627075K->473605K(722432K), 0.0166735 secs] [Times: user=0.16 sys=0.00, real=0.02 secs] 
2016-09-13T17:44:06.250-0400: 287.952: [GC (GCLocker Initiated GC) [PSYoungGen: 164718K->32703K(199168K)] 624077K->492295K(723456K), 0.0124511 secs] [Times: user=0.13 sys=0.00, real=0.01 secs] 
2016-09-13T17:44:06.456-0400: 288.159: [GC (GCLocker Initiated GC) [PSYoungGen: 170943K->25051K(200192K)] 638252K->500187K(724480K), 0.0175867 secs] [Times: user=0.19 sys=0.00, real=0.01 secs] 
2016-09-13T17:44:06.688-0400: 288.391: [GC (GCLocker Initiated GC) [PSYoungGen: 167387K->41730K(200192K)] 648829K->530977K(724480K), 0.0156541 secs] [Times: user=0.12 sys=0.00, real=0.01 secs] 
2016-09-13T17:44:06.935-0400: 288.638: [GC (Allocation Failure) [PSYoungGen: 184066K->5270K(198656K)] 679659K->501014K(722944K), 0.0150881 secs] [Times: user=0.18 sys=0.00, real=0.02 secs] 
2016-09-13T17:44:07.180-0400: 288.882: [GC (GCLocker Initiated GC) [PSYoungGen: 145558K->32549K(201216K)] 641305K->528418K(725504K), 0.0137934 secs] [Times: user=0.09 sys=0.00, real=0.01 secs] 
2016-09-13T17:44:07.407-0400: 289.110: [GC (GCLocker Initiated GC) [PSYoungGen: 172837K->43265K(199168K)] 668841K->539407K(723456K), 0.0263044 secs] [Times: user=0.23 sys=0.01, real=0.03 secs] 
2016-09-13T17:44:07.638-0400: 289.341: [GC (GCLocker Initiated GC) [PSYoungGen: 184065K->27998K(201216K)] 681898K->527567K(725504K), 0.0059381 secs] [Times: user=0.04 sys=0.01, real=0.00 secs] 
2016-09-13T17:44:07.852-0400: 289.555: [GC (GCLocker Initiated GC) [PSYoungGen: 168798K->35682K(198656K)] 674467K->541506K(722944K), 0.0179620 secs] [Times: user=0.21 sys=0.00, real=0.02 secs] 
2016-09-13T17:44:08.093-0400: 289.796: [GC (GCLocker Initiated GC) [PSYoungGen: 179042K->43344K(200192K)] 686454K->557014K(724480K), 0.0143250 secs] [Times: user=0.10 sys=0.00, real=0.01 secs] 
2016-09-13T17:44:08.107-0400: 289.810: [Full GC (Ergonomics) [PSYoungGen: 43344K->0K(200192K)] [ParOldGen: 513670K->40899K(524288K)] 557014K->40899K(724480K), [Metaspace: 44742K->44742K(1087488K)], 0.0580213 secs] [Times: user=0.34 sys=0.01, real=0.06 secs] 
2016-09-13T17:44:08.374-0400: 290.077: [GC (GCLocker Initiated GC) [PSYoungGen: 143360K->38847K(204288K)] 184312K->79799K(728576K), 0.0254495 secs] [Times: user=0.28 sys=0.00, real=0.03 secs] 
2016-09-13T17:44:08.576-0400: 290.279: [GC (GCLocker Initiated GC) [PSYoungGen: 184767K->49415K(195584K)] 227298K->101488K(719872K), 0.0131677 secs] [Times: user=0.16 sys=0.00, real=0.01 secs] 
2016-09-13T17:44:08.792-0400: 290.495: [GC (GCLocker Initiated GC) [PSYoungGen: 195335K->12997K(198656K)] 248958K->80506K(722944K), 0.0203894 secs] [Times: user=0.24 sys=0.00, real=0.02 secs] 
2016-09-13T17:44:09.032-0400: 290.734: [GC (GCLocker Initiated GC) [PSYoungGen: 150213K->23436K(199680K)] 217727K->97250K(723968K), 0.0129471 secs] [Times: user=0.12 sys=0.01, real=0.01 secs] 
2016-09-13T17:44:09.252-0400: 290.955: [GC (GCLocker Initiated GC) [PSYoungGen: 160652K->9895K(198656K)] 246652K->96023K(722944K), 0.0032117 secs] [Times: user=0.01 sys=0.00, real=0.01 secs] 
2016-09-13T17:44:09.467-0400: 291.170: [GC (GCLocker Initiated GC) [PSYoungGen: 147111K->46096K(183808K)] 233498K->132597K(708096K), 0.0145296 secs] [Times: user=0.10 sys=0.01, real=0.02 secs] 
2016-09-13T17:44:09.719-0400: 291.422: [GC (GCLocker Initiated GC) [PSYoungGen: 183312K->31034K(200192K)] 270174K->118004K(724480K), 0.0290639 secs] [Times: user=0.30 sys=0.00, real=0.03 secs] 
2016-09-13T17:44:09.961-0400: 291.664: [GC (GCLocker Initiated GC) [PSYoungGen: 166202K->46441K(197120K)] 253218K->133675K(721408K), 0.0064835 secs] [Times: user=0.08 sys=0.00, real=0.01 secs] 
2016-09-13T17:44:10.159-0400: 291.862: [GC (GCLocker Initiated GC) [PSYoungGen: 181609K->32741K(196608K)] 268998K->120445K(720896K), 0.0097068 secs] [Times: user=0.13 sys=0.00, real=0.01 secs] 
2016-09-13T17:44:10.354-0400: 292.056: [GC (GCLocker Initiated GC) [PSYoungGen: 168421K->51065K(197120K)] 256383K->139328K(721408K), 0.0142888 secs] [Times: user=0.19 sys=0.00, real=0.02 secs] 
2016-09-13T17:44:10.578-0400: 292.281: [GC (GCLocker Initiated GC) [PSYoungGen: 186745K->49224K(192000K)] 275236K->137948K(716288K), 0.0067247 secs] [Times: user=0.07 sys=0.00, real=0.00 secs] 
2016-09-13T17:44:10.790-0400: 292.493: [GC (Allocation Failure) [PSYoungGen: 176200K->28296K(194560K)] 265107K->117291K(718848K), 0.0110967 secs] [Times: user=0.12 sys=0.00, real=0.01 secs] 
2016-09-13T17:44:10.974-0400: 292.677: [GC (GCLocker Initiated GC) [PSYoungGen: 154955K->27961K(190976K)] 245468K->123314K(715264K), 0.0115400 secs] [Times: user=0.13 sys=0.00, real=0.01 secs] 
2016-09-13T17:44:11.200-0400: 292.903: [GC (GCLocker Initiated GC) [PSYoungGen: 156985K->24991K(193024K)] 254100K->122221K(717312K), 0.0131418 secs] [Times: user=0.12 sys=0.00, real=0.01 secs] 
2016-09-13T17:44:11.410-0400: 293.112: [GC (GCLocker Initiated GC) [PSYoungGen: 154015K->49483K(194048K)] 251429K->147146K(718336K), 0.0114308 secs] [Times: user=0.15 sys=0.01, real=0.01 secs] 
2016-09-13T17:44:11.628-0400: 293.331: [GC (GCLocker Initiated GC) [PSYoungGen: 180555K->50966K(182272K)] 278396K->149064K(706560K), 0.0122238 secs] [Times: user=0.17 sys=0.00, real=0.01 secs] 
2016-09-13T17:44:11.845-0400: 293.548: [GC (GCLocker Initiated GC) [PSYoungGen: 182038K->14643K(192512K)] 292355K->125098K(716800K), 0.0108169 secs] [Times: user=0.12 sys=0.01, real=0.02 secs] 
2016-09-13T17:44:12.071-0400: 293.774: [GC (GCLocker Initiated GC) [PSYoungGen: 138547K->28238K(152576K)] 256833K->146774K(676864K), 0.0104427 secs] [Times: user=0.12 sys=0.00, real=0.01 secs] 
2016-09-13T17:44:12.272-0400: 293.975: [GC (GCLocker Initiated GC) [PSYoungGen: 152142K->46437K(190464K)] 270859K->165332K(714752K), 0.0091263 secs] [Times: user=0.13 sys=0.00, real=0.01 secs] 
2016-09-13T17:44:12.483-0400: 294.186: [GC (GCLocker Initiated GC) [PSYoungGen: 169829K->46341K(191488K)] 288979K->165629K(715776K), 0.0140943 secs] [Times: user=0.13 sys=0.01, real=0.02 secs] 
2016-09-13T17:44:12.664-0400: 294.366: [GC (GCLocker Initiated GC) [PSYoungGen: 169733K->46186K(192000K)] 289047K->165615K(716288K), 0.0063910 secs] [Times: user=0.06 sys=0.01, real=0.01 secs] 
2016-09-13T17:44:12.861-0400: 294.564: [GC (GCLocker Initiated GC) [PSYoungGen: 169066K->41884K(164864K)] 288520K->164506K(689152K), 0.0101415 secs] [Times: user=0.08 sys=0.00, real=0.01 secs] 
2016-09-13T17:44:13.057-0400: 294.760: [GC (Allocation Failure) [PSYoungGen: 164764K->32836K(194048K)] 293581K->164986K(718336K), 0.0133274 secs] [Times: user=0.17 sys=0.00, real=0.01 secs] 
2016-09-13T17:44:13.274-0400: 294.977: [GC (GCLocker Initiated GC) [PSYoungGen: 158788K->43377K(191488K)] 290938K->175753K(715776K), 0.0107334 secs] [Times: user=0.12 sys=0.00, real=0.01 secs] 
2016-09-13T17:44:13.494-0400: 295.197: [GC (Allocation Failure) [PSYoungGen: 169329K->20244K(193024K)] 308096K->159118K(717312K), 0.0327870 secs] [Times: user=0.34 sys=0.00, real=0.03 secs] 
2016-09-13T17:44:13.724-0400: 295.427: [GC (GCLocker Initiated GC) [PSYoungGen: 148244K->47582K(193536K)] 287127K->186600K(717824K), 0.0072505 secs] [Times: user=0.04 sys=0.00, real=0.01 secs] 
2016-09-13T17:44:13.915-0400: 295.618: [GC (GCLocker Initiated GC) [PSYoungGen: 175582K->46472K(194560K)] 314729K->185742K(718848K), 0.0102893 secs] [Times: user=0.11 sys=0.00, real=0.01 secs] 
2016-09-13T17:44:14.118-0400: 295.821: [GC (GCLocker Initiated GC) [PSYoungGen: 174472K->60226K(188416K)] 313754K->199800K(712704K), 0.0137108 secs] [Times: user=0.16 sys=0.00, real=0.01 secs] 
2016-09-13T17:44:14.301-0400: 296.004: [GC (GCLocker Initiated GC) [PSYoungGen: 188226K->58367K(183296K)] 327806K->198148K(707584K), 0.0222491 secs] [Times: user=0.23 sys=0.00, real=0.02 secs] 
2016-09-13T17:44:14.498-0400: 296.200: [GC (GCLocker Initiated GC) [PSYoungGen: 168959K->30935K(186368K)] 320959K->183100K(710656K), 0.0296619 secs] [Times: user=0.26 sys=0.00, real=0.02 secs] 
2016-09-13T17:44:14.699-0400: 296.402: [GC (GCLocker Initiated GC) [PSYoungGen: 141527K->43053K(180224K)] 293901K->195549K(704512K), 0.0090563 secs] [Times: user=0.07 sys=0.00, real=0.01 secs] 
2016-09-13T17:44:14.906-0400: 296.609: [GC (Allocation Failure) [PSYoungGen: 154669K->23533K(183808K)] 313590K->182585K(708096K), 0.0062767 secs] [Times: user=0.06 sys=0.01, real=0.01 secs] 
2016-09-13T17:44:15.054-0400: 296.757: [GC (GCLocker Initiated GC) [PSYoungGen: 135149K->50966K(188416K)] 294207K->210178K(712704K), 0.0078495 secs] [Times: user=0.09 sys=0.00, real=0.01 secs] 
2016-09-13T17:44:15.637-0400: 297.340: [GC (Allocation Failure) [PSYoungGen: 167702K->5403K(122368K)] 326916K->164787K(646656K), 0.0100904 secs] [Times: user=0.11 sys=0.00, real=0.00 secs] 
