Java HotSpot(TM) 64-Bit Server VM (25.77-b03) for linux-amd64 JRE (1.8.0_77-b03), built on Mar 20 2016 22:00:46 by "java_re" with gcc 4.3.0 20080428 (Red Hat 4.3.0-8)
Memory: 4k page, physical 264122324k(96854168k free), swap 268399612k(268246120k free)
CommandLine flags: -XX:GCLogFileSize=1048576 -XX:+HeapDumpOnOutOfMemoryError -XX:HeapDumpPath=artifacts/heapdump -XX:InitialHeapSize=805306368 -XX:MaxHeapSize=805306368 -XX:NumberOfGCLogFiles=10 -XX:+PrintGC -XX:+PrintGCDateStamps -XX:+PrintGCDetails -XX:+PrintGCTimeStamps -XX:+UseCompressedClassPointers -XX:+UseCompressedOops -XX:+UseGCLogFileRotation -XX:+UseParallelGC 
2016-09-15T11:40:18.845-0400: 2.144: [GC (Metadata GC Threshold) [PSYoungGen: 121898K->15495K(229376K)] 121898K->15583K(753664K), 0.0211971 secs] [Times: user=0.10 sys=0.01, real=0.02 secs] 
2016-09-15T11:40:18.867-0400: 2.166: [Full GC (Metadata GC Threshold) [PSYoungGen: 15495K->0K(229376K)] [ParOldGen: 88K->14599K(347648K)] 15583K->14599K(577024K), [Metaspace: 21050K->21050K(1067008K)], 0.0466263 secs] [Times: user=0.30 sys=0.05, real=0.05 secs] 
2016-09-15T11:40:20.711-0400: 4.010: [GC (Metadata GC Threshold) [PSYoungGen: 120733K->14724K(229376K)] 135333K->29460K(577024K), 0.0188878 secs] [Times: user=0.06 sys=0.07, real=0.02 secs] 
2016-09-15T11:40:20.730-0400: 4.029: [Full GC (Metadata GC Threshold) [PSYoungGen: 14724K->0K(229376K)] [ParOldGen: 14735K->20286K(524288K)] 29460K->20286K(753664K), [Metaspace: 35080K->35080K(1079296K)], 0.0674504 secs] [Times: user=0.52 sys=0.02, real=0.07 secs] 
2016-09-15T11:40:22.587-0400: 5.886: [GC (GCLocker Initiated GC) [PSYoungGen: 196608K->30231K(229376K)] 216899K->62680K(753664K), 0.0109212 secs] [Times: user=0.10 sys=0.01, real=0.02 secs] 
2016-09-15T11:40:23.328-0400: 6.627: [GC (GCLocker Initiated GC) [PSYoungGen: 226839K->21269K(229376K)] 265719K->60157K(753664K), 0.0254551 secs] [Times: user=0.28 sys=0.00, real=0.02 secs] 
2016-09-15T11:40:24.355-0400: 7.654: [GC (GCLocker Initiated GC) [PSYoungGen: 217877K->21780K(218624K)] 256767K->60678K(742912K), 0.0113308 secs] [Times: user=0.09 sys=0.01, real=0.01 secs] 
2016-09-15T11:40:25.444-0400: 8.742: [GC (Allocation Failure) [PSYoungGen: 218388K->21493K(225280K)] 263705K->66818K(749568K), 0.0129743 secs] [Times: user=0.12 sys=0.00, real=0.02 secs] 
2016-09-15T11:40:26.459-0400: 9.758: [GC (Allocation Failure) [PSYoungGen: 218613K->27558K(224768K)] 263938K->85041K(749056K), 0.0134911 secs] [Times: user=0.09 sys=0.00, real=0.01 secs] 
2016-09-15T11:40:26.928-0400: 10.227: [GC (GCLocker Initiated GC) [PSYoungGen: 220089K->28429K(227840K)] 283647K->122370K(752128K), 0.0109894 secs] [Times: user=0.07 sys=0.03, real=0.01 secs] 
2016-09-15T11:40:27.187-0400: 10.486: [GC (Allocation Failure) [PSYoungGen: 226059K->28405K(226304K)] 326424K->171304K(750592K), 0.0152408 secs] [Times: user=0.13 sys=0.01, real=0.02 secs] 
2016-09-15T11:40:27.446-0400: 10.745: [GC (GCLocker Initiated GC) [PSYoungGen: 223652K->28608K(226816K)] 372626K->244415K(751104K), 0.0157330 secs] [Times: user=0.13 sys=0.03, real=0.02 secs] 
2016-09-15T11:40:27.692-0400: 10.990: [GC (Allocation Failure) [PSYoungGen: 222144K->34299K(227840K)] 450188K->299041K(752128K), 0.0263562 secs] [Times: user=0.23 sys=0.01, real=0.03 secs] 
2016-09-15T11:40:27.968-0400: 11.267: [GC (GCLocker Initiated GC) [PSYoungGen: 227835K->31627K(197120K)] 492583K->335286K(721408K), 0.0113805 secs] [Times: user=0.08 sys=0.01, real=0.01 secs] 
2016-09-15T11:40:28.206-0400: 11.505: [GC (GCLocker Initiated GC) [PSYoungGen: 194443K->49500K(212480K)] 504533K->390341K(736768K), 0.0171942 secs] [Times: user=0.17 sys=0.01, real=0.02 secs] 
2016-09-15T11:40:28.444-0400: 11.743: [GC (GCLocker Initiated GC) [PSYoungGen: 212316K->49436K(192000K)] 559365K->426972K(716288K), 0.0107187 secs] [Times: user=0.07 sys=0.01, real=0.01 secs] 
2016-09-15T11:40:28.646-0400: 11.945: [GC (Allocation Failure) [PSYoungGen: 191772K->55091K(197632K)] 575520K->457329K(721920K), 0.0222326 secs] [Times: user=0.24 sys=0.01, real=0.03 secs] 
2016-09-15T11:40:28.850-0400: 12.149: [GC (GCLocker Initiated GC) [PSYoungGen: 196967K->61458K(182272K)] 605281K->536732K(706560K), 0.0203253 secs] [Times: user=0.18 sys=0.03, real=0.02 secs] 
2016-09-15T11:40:28.871-0400: 12.170: [Full GC (Ergonomics) [PSYoungGen: 61458K->0K(182272K)] [ParOldGen: 475274K->50862K(524288K)] 536732K->50862K(706560K), [Metaspace: 43519K->43519K(1085440K)], 0.1910501 secs] [Times: user=2.16 sys=0.08, real=0.19 secs] 
2016-09-15T11:40:29.219-0400: 12.518: [GC (GCLocker Initiated GC) [PSYoungGen: 117760K->67597K(185856K)] 175087K->149233K(710144K), 0.0075880 secs] [Times: user=0.11 sys=0.00, real=0.00 secs] 
2016-09-15T11:40:29.384-0400: 12.683: [GC (GCLocker Initiated GC) [PSYoungGen: 185357K->73968K(164352K)] 285226K->173837K(688640K), 0.0109098 secs] [Times: user=0.12 sys=0.00, real=0.01 secs] 
2016-09-15T11:40:29.532-0400: 12.831: [GC (GCLocker Initiated GC) [PSYoungGen: 162032K->73836K(175104K)] 261955K->210508K(699392K), 0.0101151 secs] [Times: user=0.13 sys=0.00, real=0.01 secs] 
2016-09-15T11:40:29.662-0400: 12.961: [GC (GCLocker Initiated GC) [PSYoungGen: 161900K->67465K(175104K)] 304667K->210531K(699392K), 0.0075197 secs] [Times: user=0.09 sys=0.01, real=0.01 secs] 
2016-09-15T11:40:29.806-0400: 13.105: [GC (GCLocker Initiated GC) [PSYoungGen: 155529K->67960K(175104K)] 310782K->253732K(699392K), 0.0080444 secs] [Times: user=0.12 sys=0.00, real=0.01 secs] 
2016-09-15T11:40:29.932-0400: 13.231: [GC (GCLocker Initiated GC) [PSYoungGen: 156024K->85790K(175104K)] 341894K->332741K(699392K), 0.0109943 secs] [Times: user=0.15 sys=0.00, real=0.01 secs] 
2016-09-15T11:40:30.066-0400: 13.365: [GC (GCLocker Initiated GC) [PSYoungGen: 173854K->67401K(175104K)] 420998K->399910K(699392K), 0.0102807 secs] [Times: user=0.15 sys=0.00, real=0.02 secs] 
2016-09-15T11:40:30.163-0400: 13.462: [GC (GCLocker Initiated GC) [PSYoungGen: 155465K->85986K(175104K)] 488206K->455321K(699392K), 0.0101396 secs] [Times: user=0.15 sys=0.00, real=0.01 secs] 
2016-09-15T11:40:30.275-0400: 13.574: [GC (GCLocker Initiated GC) [PSYoungGen: 174050K->85854K(175104K)] 543724K->480135K(699392K), 0.0107394 secs] [Times: user=0.12 sys=0.00, real=0.01 secs] 
2016-09-15T11:40:30.426-0400: 13.725: [GC (GCLocker Initiated GC) [PSYoungGen: 173918K->55611K(175104K)] 580705K->480726K(699392K), 0.0074799 secs] [Times: user=0.11 sys=0.00, real=0.01 secs] 
2016-09-15T11:40:30.555-0400: 13.854: [GC (GCLocker Initiated GC) [PSYoungGen: 143675K->61754K(175104K)] 575030K->493392K(699392K), 0.0099501 secs] [Times: user=0.09 sys=0.02, real=0.01 secs] 
2016-09-15T11:40:30.676-0400: 13.975: [GC (GCLocker Initiated GC) [PSYoungGen: 149818K->67697K(175104K)] 587662K->548218K(699392K), 0.0095821 secs] [Times: user=0.13 sys=0.00, real=0.00 secs] 
2016-09-15T11:40:30.686-0400: 13.984: [Full GC (Ergonomics) [PSYoungGen: 67697K->0K(175104K)] [ParOldGen: 480521K->51356K(524288K)] 548218K->51356K(699392K), [Metaspace: 43715K->43715K(1085440K)], 0.0644050 secs] [Times: user=0.37 sys=0.00, real=0.07 secs] 
2016-09-15T11:40:30.874-0400: 14.173: [GC (GCLocker Initiated GC) [PSYoungGen: 88064K->86210K(175104K)] 151601K->161897K(699392K), 0.0130240 secs] [Times: user=0.19 sys=0.00, real=0.01 secs] 
2016-09-15T11:40:31.006-0400: 14.305: [GC (GCLocker Initiated GC) [PSYoungGen: 174274K->61686K(175104K)] 256189K->223148K(699392K), 0.0216596 secs] [Times: user=0.28 sys=0.00, real=0.02 secs] 
2016-09-15T11:40:31.146-0400: 14.445: [GC (GCLocker Initiated GC) [PSYoungGen: 149750K->73672K(175104K)] 317514K->278201K(699392K), 0.0103102 secs] [Times: user=0.12 sys=0.00, real=0.02 secs] 
2016-09-15T11:40:31.265-0400: 14.564: [GC (GCLocker Initiated GC) [PSYoungGen: 161736K->85986K(175104K)] 366486K->345719K(699392K), 0.0115508 secs] [Times: user=0.14 sys=0.01, real=0.02 secs] 
2016-09-15T11:40:31.415-0400: 14.714: [GC (GCLocker Initiated GC) [PSYoungGen: 174050K->55155K(175104K)] 439911K->339704K(699392K), 0.0101225 secs] [Times: user=0.12 sys=0.01, real=0.01 secs] 
2016-09-15T11:40:31.517-0400: 14.816: [GC (GCLocker Initiated GC) [PSYoungGen: 143219K->73676K(175104K)] 427844K->382704K(699392K), 0.0164586 secs] [Times: user=0.18 sys=0.00, real=0.01 secs] 
2016-09-15T11:40:31.668-0400: 14.966: [GC (GCLocker Initiated GC) [PSYoungGen: 161740K->55287K(175104K)] 477205K->425882K(699392K), 0.0102053 secs] [Times: user=0.11 sys=0.00, real=0.02 secs] 
2016-09-15T11:40:31.810-0400: 15.109: [GC (Allocation Failure) [PSYoungGen: 143351K->55483K(175104K)] 520371K->457087K(699392K), 0.0138352 secs] [Times: user=0.13 sys=0.01, real=0.01 secs] 
2016-09-15T11:40:31.950-0400: 15.249: [GC (GCLocker Initiated GC) [PSYoungGen: 143547K->55059K(175104K)] 545156K->456960K(699392K), 0.0107133 secs] [Times: user=0.10 sys=0.00, real=0.01 secs] 
2016-09-15T11:40:32.106-0400: 15.405: [GC (Allocation Failure) [PSYoungGen: 143123K->73444K(175104K)] 545093K->493742K(699392K), 0.0182302 secs] [Times: user=0.18 sys=0.00, real=0.02 secs] 
2016-09-15T11:40:32.251-0400: 15.550: [GC (GCLocker Initiated GC) [PSYoungGen: 157779K->54995K(175104K)] 584152K->481463K(699392K), 0.0090274 secs] [Times: user=0.06 sys=0.00, real=0.01 secs] 
2016-09-15T11:40:32.353-0400: 15.652: [GC (GCLocker Initiated GC) [PSYoungGen: 143059K->61526K(175104K)] 575918K->512698K(699392K), 0.0177137 secs] [Times: user=0.18 sys=0.00, real=0.02 secs] 
2016-09-15T11:40:32.371-0400: 15.670: [Full GC (Ergonomics) [PSYoungGen: 61526K->0K(175104K)] [ParOldGen: 451172K->57329K(524288K)] 512698K->57329K(699392K), [Metaspace: 43749K->43749K(1087488K)], 0.0601230 secs] [Times: user=0.31 sys=0.03, real=0.06 secs] 
2016-09-15T11:40:32.537-0400: 15.836: [GC (GCLocker Initiated GC) [PSYoungGen: 88064K->80555K(175104K)] 151509K->144001K(699392K), 0.0139187 secs] [Times: user=0.14 sys=0.01, real=0.01 secs] 
2016-09-15T11:40:32.657-0400: 15.956: [GC (GCLocker Initiated GC) [PSYoungGen: 168619K->61426K(175104K)] 244408K->193014K(699392K), 0.0105088 secs] [Times: user=0.12 sys=0.00, real=0.00 secs] 
2016-09-15T11:40:32.768-0400: 16.067: [GC (GCLocker Initiated GC) [PSYoungGen: 149490K->61426K(175104K)] 281137K->211426K(699392K), 0.0147908 secs] [Times: user=0.16 sys=0.00, real=0.01 secs] 
2016-09-15T11:40:32.876-0400: 16.175: [GC (GCLocker Initiated GC) [PSYoungGen: 149490K->86182K(175104K)] 299543K->272836K(699392K), 0.0138029 secs] [Times: user=0.15 sys=0.00, real=0.01 secs] 
2016-09-15T11:40:33.016-0400: 16.315: [GC (GCLocker Initiated GC) [PSYoungGen: 174246K->61230K(175104K)] 360970K->321294K(699392K), 0.0126080 secs] [Times: user=0.14 sys=0.01, real=0.01 secs] 
2016-09-15T11:40:33.129-0400: 16.428: [GC (GCLocker Initiated GC) [PSYoungGen: 149294K->49408K(175104K)] 415558K->352226K(699392K), 0.0085878 secs] [Times: user=0.09 sys=0.00, real=0.01 secs] 
2016-09-15T11:40:33.283-0400: 16.582: [GC (GCLocker Initiated GC) [PSYoungGen: 137472K->31182K(175104K)] 452789K->383242K(699392K), 0.0096552 secs] [Times: user=0.09 sys=0.00, real=0.01 secs] 
2016-09-15T11:40:33.417-0400: 16.716: [GC (GCLocker Initiated GC) [PSYoungGen: 119246K->73544K(175104K)] 471369K->425926K(699392K), 0.0096346 secs] [Times: user=0.10 sys=0.01, real=0.00 secs] 
2016-09-15T11:40:33.544-0400: 16.843: [GC (Allocation Failure) [PSYoungGen: 161608K->37649K(175104K)] 514289K->408707K(699392K), 0.0085558 secs] [Times: user=0.11 sys=0.00, real=0.01 secs] 
2016-09-15T11:40:33.661-0400: 16.960: [GC (Allocation Failure) [PSYoungGen: 125713K->85822K(175104K)] 496771K->481487K(699392K), 0.0093128 secs] [Times: user=0.12 sys=0.00, real=0.01 secs] 
2016-09-15T11:40:33.799-0400: 17.098: [GC (GCLocker Initiated GC) [PSYoungGen: 171485K->55383K(175104K)] 573226K->512122K(699392K), 0.0115052 secs] [Times: user=0.18 sys=0.00, real=0.01 secs] 
2016-09-15T11:40:33.811-0400: 17.110: [Full GC (Ergonomics) [PSYoungGen: 55383K->0K(175104K)] [ParOldGen: 456738K->51292K(524288K)] 512122K->51292K(699392K), [Metaspace: 43790K->43790K(1087488K)], 0.0429816 secs] [Times: user=0.33 sys=0.05, real=0.04 secs] 
2016-09-15T11:40:33.954-0400: 17.253: [GC (GCLocker Initiated GC) [PSYoungGen: 88064K->86242K(175104K)] 139661K->143914K(699392K), 0.0086006 secs] [Times: user=0.13 sys=0.00, real=0.01 secs] 
2016-09-15T11:40:34.091-0400: 17.390: [GC (Allocation Failure) [PSYoungGen: 174306K->55447K(175104K)] 232255K->150730K(699392K), 0.0099066 secs] [Times: user=0.15 sys=0.00, real=0.01 secs] 
2016-09-15T11:40:34.219-0400: 17.518: [GC (GCLocker Initiated GC) [PSYoungGen: 143511K->86214K(175104K)] 238799K->205930K(699392K), 0.0099297 secs] [Times: user=0.15 sys=0.01, real=0.01 secs] 
2016-09-15T11:40:34.336-0400: 17.635: [GC (GCLocker Initiated GC) [PSYoungGen: 174278K->86150K(175104K)] 294142K->248691K(699392K), 0.0100405 secs] [Times: user=0.16 sys=0.00, real=0.00 secs] 
2016-09-15T11:40:34.456-0400: 17.755: [GC (GCLocker Initiated GC) [PSYoungGen: 174214K->85922K(175104K)] 342972K->297505K(699392K), 0.0136124 secs] [Times: user=0.18 sys=0.00, real=0.01 secs] 
2016-09-15T11:40:34.590-0400: 17.889: [GC (GCLocker Initiated GC) [PSYoungGen: 173986K->67533K(175104K)] 385802K->328280K(699392K), 0.0109755 secs] [Times: user=0.16 sys=0.00, real=0.01 secs] 
2016-09-15T11:40:34.711-0400: 18.010: [GC (GCLocker Initiated GC) [PSYoungGen: 155597K->73740K(175104K)] 416581K->359300K(699392K), 0.0111933 secs] [Times: user=0.06 sys=0.01, real=0.01 secs] 
2016-09-15T11:40:34.863-0400: 18.162: [GC (GCLocker Initiated GC) [PSYoungGen: 161804K->73576K(175104K)] 447714K->378166K(699392K), 0.0083607 secs] [Times: user=0.09 sys=0.01, real=0.01 secs] 
2016-09-15T11:40:34.992-0400: 18.291: [GC (GCLocker Initiated GC) [PSYoungGen: 161640K->67597K(175104K)] 466468K->390770K(699392K), 0.0287593 secs] [Times: user=0.35 sys=0.00, real=0.03 secs] 
2016-09-15T11:40:35.139-0400: 18.437: [GC (GCLocker Initiated GC) [PSYoungGen: 155661K->55583K(175104K)] 485124K->421599K(699392K), 0.0167562 secs] [Times: user=0.20 sys=0.00, real=0.01 secs] 
2016-09-15T11:40:35.254-0400: 18.553: [GC (GCLocker Initiated GC) [PSYoungGen: 143647K->79523K(175104K)] 516077K->452220K(699392K), 0.0261371 secs] [Times: user=0.26 sys=0.00, real=0.03 secs] 
2016-09-15T11:40:35.408-0400: 18.707: [GC (Allocation Failure) [PSYoungGen: 167584K->61622K(175104K)] 546712K->459054K(699392K), 0.0087584 secs] [Times: user=0.06 sys=0.01, real=0.01 secs] 
2016-09-15T11:40:35.417-0400: 18.716: [GC (GCLocker Initiated GC) [PSYoungGen: 61631K->32K(175104K)] 459064K->470899K(699392K), 0.0094572 secs] [Times: user=0.11 sys=0.00, real=0.00 secs] 
2016-09-15T11:40:35.426-0400: 18.725: [Full GC (Ergonomics) [PSYoungGen: 32K->0K(175104K)] [ParOldGen: 470867K->51488K(524288K)] 470899K->51488K(699392K), [Metaspace: 43820K->43820K(1087488K)], 0.0713797 secs] [Times: user=0.30 sys=0.01, real=0.08 secs] 
2016-09-15T11:40:35.599-0400: 18.898: [GC (GCLocker Initiated GC) [PSYoungGen: 83728K->86242K(175104K)] 141292K->149881K(699392K), 0.0179136 secs] [Times: user=0.21 sys=0.00, real=0.02 secs] 
2016-09-15T11:40:35.729-0400: 19.028: [GC (GCLocker Initiated GC) [PSYoungGen: 174306K->36930K(175104K)] 244050K->180629K(699392K), 0.0164378 secs] [Times: user=0.19 sys=0.00, real=0.01 secs] 
2016-09-15T11:40:35.847-0400: 19.146: [GC (GCLocker Initiated GC) [PSYoungGen: 124994K->73740K(175104K)] 281031K->229896K(699392K), 0.0144985 secs] [Times: user=0.15 sys=0.00, real=0.02 secs] 
2016-09-15T11:40:35.980-0400: 19.279: [GC (GCLocker Initiated GC) [PSYoungGen: 161804K->61818K(175104K)] 324335K->261262K(699392K), 0.0103843 secs] [Times: user=0.12 sys=0.00, real=0.01 secs] 
2016-09-15T11:40:36.097-0400: 19.396: [GC (GCLocker Initiated GC) [PSYoungGen: 149882K->55479K(175104K)] 356307K->286355K(699392K), 0.0173695 secs] [Times: user=0.22 sys=0.01, real=0.01 secs] 
2016-09-15T11:40:36.234-0400: 19.533: [GC (GCLocker Initiated GC) [PSYoungGen: 143543K->73416K(175104K)] 374562K->304702K(699392K), 0.0145042 secs] [Times: user=0.16 sys=0.01, real=0.02 secs] 
2016-09-15T11:40:36.362-0400: 19.661: [GC (Allocation Failure) [PSYoungGen: 161480K->74032K(175104K)] 393116K->305983K(699392K), 0.0073664 secs] [Times: user=0.10 sys=0.00, real=0.01 secs] 
2016-09-15T11:40:36.488-0400: 19.787: [GC (Allocation Failure) [PSYoungGen: 157769K->37290K(175104K)] 389720K->305826K(699392K), 0.0070731 secs] [Times: user=0.09 sys=0.00, real=0.00 secs] 
2016-09-15T11:40:36.614-0400: 19.913: [GC (GCLocker Initiated GC) [PSYoungGen: 125354K->85822K(175104K)] 393897K->360576K(699392K), 0.0103757 secs] [Times: user=0.11 sys=0.00, real=0.01 secs] 
2016-09-15T11:40:36.720-0400: 20.019: [GC (GCLocker Initiated GC) [PSYoungGen: 173886K->85886K(175104K)] 448661K->385285K(699392K), 0.0098904 secs] [Times: user=0.11 sys=0.00, real=0.01 secs] 
2016-09-15T11:40:36.864-0400: 20.163: [GC (Allocation Failure) [PSYoungGen: 173950K->61362K(175104K)] 479650K->391670K(699392K), 0.0103701 secs] [Times: user=0.07 sys=0.00, real=0.01 secs] 
2016-09-15T11:40:36.992-0400: 20.291: [GC (GCLocker Initiated GC) [PSYoungGen: 149426K->73512K(175104K)] 479739K->404100K(699392K), 0.0089824 secs] [Times: user=0.08 sys=0.00, real=0.01 secs] 
2016-09-15T11:40:37.095-0400: 20.394: [GC (GCLocker Initiated GC) [PSYoungGen: 161576K->43265K(175104K)] 492268K->435023K(699392K), 0.0121839 secs] [Times: user=0.12 sys=0.01, real=0.01 secs] 
2016-09-15T11:40:37.222-0400: 20.521: [GC (GCLocker Initiated GC) [PSYoungGen: 131329K->85794K(175104K)] 523448K->490183K(699392K), 0.0105224 secs] [Times: user=0.10 sys=0.00, real=0.01 secs] 
2016-09-15T11:40:37.340-0400: 20.639: [GC (GCLocker Initiated GC) [PSYoungGen: 173858K->43137K(175104K)] 578349K->484690K(699392K), 0.0217506 secs] [Times: user=0.27 sys=0.00, real=0.02 secs] 
2016-09-15T11:40:37.465-0400: 20.764: [GC (GCLocker Initiated GC) [PSYoungGen: 131201K->73580K(175104K)] 572863K->515485K(699392K), 0.0102891 secs] [Times: user=0.07 sys=0.00, real=0.01 secs] 
2016-09-15T11:40:37.615-0400: 20.914: [GC (Allocation Failure) [PSYoungGen: 161644K->61394K(175104K)] 604356K->565319K(699392K), 0.0198709 secs] [Times: user=0.17 sys=0.01, real=0.02 secs] 
2016-09-15T11:40:37.635-0400: 20.934: [Full GC (Ergonomics) [PSYoungGen: 61394K->0K(175104K)] [ParOldGen: 503925K->45324K(524288K)] 565319K->45324K(699392K), [Metaspace: 43836K->43836K(1087488K)], 0.0549260 secs] [Times: user=0.29 sys=0.01, real=0.06 secs] 
2016-09-15T11:40:37.794-0400: 21.093: [GC (GCLocker Initiated GC) [PSYoungGen: 88064K->85626K(175104K)] 133394K->155256K(699392K), 0.0149864 secs] [Times: user=0.20 sys=0.00, real=0.02 secs] 
2016-09-15T11:40:37.918-0400: 21.217: [GC (Allocation Failure) [PSYoungGen: 173690K->37158K(175104K)] 249431K->167702K(699392K), 0.0141783 secs] [Times: user=0.18 sys=0.00, real=0.01 secs] 
2016-09-15T11:40:38.082-0400: 21.381: [GC (GCLocker Initiated GC) [PSYoungGen: 125222K->55155K(175104K)] 255772K->210288K(699392K), 0.0144213 secs] [Times: user=0.16 sys=0.02, real=0.02 secs] 
2016-09-15T11:40:38.203-0400: 21.502: [GC (GCLocker Initiated GC) [PSYoungGen: 143219K->85658K(175104K)] 298495K->253211K(699392K), 0.0089157 secs] [Times: user=0.08 sys=0.00, real=0.01 secs] 
2016-09-15T11:40:38.327-0400: 21.626: [GC (Allocation Failure) [PSYoungGen: 173722K->73804K(175104K)] 341429K->259887K(699392K), 0.0095641 secs] [Times: user=0.12 sys=0.00, real=0.02 secs] 
2016-09-15T11:40:38.439-0400: 21.738: [GC (GCLocker Initiated GC) [PSYoungGen: 158591K->67697K(175104K)] 350750K->308747K(699392K), 0.0108757 secs] [Times: user=0.12 sys=0.00, real=0.01 secs] 
2016-09-15T11:40:38.541-0400: 21.840: [GC (GCLocker Initiated GC) [PSYoungGen: 155761K->85886K(175104K)] 396959K->357799K(699392K), 0.0195178 secs] [Times: user=0.24 sys=0.00, real=0.02 secs] 
2016-09-15T11:40:38.660-0400: 21.959: [GC (GCLocker Initiated GC) [PSYoungGen: 173950K->79751K(175104K)] 445921K->394367K(699392K), 0.0179753 secs] [Times: user=0.20 sys=0.01, real=0.02 secs] 
2016-09-15T11:40:38.777-0400: 22.076: [GC (GCLocker Initiated GC) [PSYoungGen: 167815K->67537K(175104K)] 482545K->413074K(699392K), 0.0086176 secs] [Times: user=0.07 sys=0.00, real=0.00 secs] 
2016-09-15T11:40:38.890-0400: 22.189: [GC (GCLocker Initiated GC) [PSYoungGen: 155601K->42845K(175104K)] 501146K->419025K(699392K), 0.0172023 secs] [Times: user=0.19 sys=0.00, real=0.01 secs] 
2016-09-15T11:40:39.005-0400: 22.304: [GC (GCLocker Initiated GC) [PSYoungGen: 130909K->85922K(175104K)] 507137K->486569K(699392K), 0.0198747 secs] [Times: user=0.22 sys=0.00, real=0.02 secs] 
2016-09-15T11:40:39.124-0400: 22.423: [GC (GCLocker Initiated GC) [PSYoungGen: 173986K->85790K(175104K)] 574905K->554013K(699392K), 0.0158046 secs] [Times: user=0.17 sys=0.00, real=0.02 secs] 
2016-09-15T11:40:39.140-0400: 22.439: [Full GC (Ergonomics) [PSYoungGen: 85790K->0K(175104K)] [ParOldGen: 468223K->51837K(524288K)] 554013K->51837K(699392K), [Metaspace: 43899K->43899K(1087488K)], 0.0576045 secs] [Times: user=0.27 sys=0.00, real=0.06 secs] 
2016-09-15T11:40:39.310-0400: 22.609: [GC (GCLocker Initiated GC) [PSYoungGen: 88064K->86046K(175104K)] 139939K->143996K(699392K), 0.0165700 secs] [Times: user=0.19 sys=0.00, real=0.01 secs] 
2016-09-15T11:40:39.449-0400: 22.748: [GC (GCLocker Initiated GC) [PSYoungGen: 174110K->55675K(175104K)] 244353K->151281K(699392K), 0.0082310 secs] [Times: user=0.08 sys=0.00, real=0.01 secs] 
2016-09-15T11:40:39.594-0400: 22.893: [GC (GCLocker Initiated GC) [PSYoungGen: 143739K->37290K(175104K)] 245607K->157854K(699392K), 0.0168018 secs] [Times: user=0.20 sys=0.00, real=0.02 secs] 
2016-09-15T11:40:39.727-0400: 23.026: [GC (GCLocker Initiated GC) [PSYoungGen: 125354K->55287K(175104K)] 258425K->188633K(699392K), 0.0060581 secs] [Times: user=0.07 sys=0.01, real=0.01 secs] 
2016-09-15T11:40:39.850-0400: 23.149: [GC (GCLocker Initiated GC) [PSYoungGen: 143351K->74100K(175104K)] 276895K->207764K(699392K), 0.0119257 secs] [Times: user=0.14 sys=0.00, real=0.01 secs] 
2016-09-15T11:40:39.973-0400: 23.272: [GC (GCLocker Initiated GC) [PSYoungGen: 162164K->43041K(175104K)] 295848K->195225K(699392K), 0.0189746 secs] [Times: user=0.21 sys=0.00, real=0.02 secs] 
2016-09-15T11:40:40.098-0400: 23.397: [GC (GCLocker Initiated GC) [PSYoungGen: 131105K->85822K(175104K)] 283381K->287006K(699392K), 0.0135810 secs] [Times: user=0.18 sys=0.01, real=0.01 secs] 
2016-09-15T11:40:40.224-0400: 23.523: [GC (GCLocker Initiated GC) [PSYoungGen: 173886K->85694K(175104K)] 375168K->335852K(699392K), 0.0144963 secs] [Times: user=0.14 sys=0.01, real=0.02 secs] 
2016-09-15T11:40:40.359-0400: 23.658: [GC (GCLocker Initiated GC) [PSYoungGen: 173758K->36770K(175104K)] 424221K->354341K(699392K), 0.0164008 secs] [Times: user=0.16 sys=0.00, real=0.01 secs] 
2016-09-15T11:40:40.469-0400: 23.768: [GC (GCLocker Initiated GC) [PSYoungGen: 124834K->85758K(175104K)] 442581K->403609K(699392K), 0.0188807 secs] [Times: user=0.20 sys=0.00, real=0.02 secs] 
2016-09-15T11:40:40.606-0400: 23.905: [GC (Allocation Failure) [PSYoungGen: 173822K->79423K(175104K)] 491809K->415910K(699392K), 0.0235301 secs] [Times: user=0.29 sys=0.00, real=0.03 secs] 
2016-09-15T11:40:40.730-0400: 24.029: [GC (GCLocker Initiated GC) [PSYoungGen: 167487K->73840K(175104K)] 503980K->434753K(699392K), 0.0148604 secs] [Times: user=0.15 sys=0.01, real=0.01 secs] 
2016-09-15T11:40:40.854-0400: 24.153: [GC (GCLocker Initiated GC) [PSYoungGen: 161904K->73612K(175104K)] 529209K->477627K(699392K), 0.0430542 secs] [Times: user=0.33 sys=0.00, real=0.05 secs] 
2016-09-15T11:40:41.005-0400: 24.304: [GC (Allocation Failure) [PSYoungGen: 161676K->79847K(175104K)] 565883K->484174K(699392K), 0.0077163 secs] [Times: user=0.06 sys=0.01, real=0.01 secs] 
2016-09-15T11:40:41.131-0400: 24.430: [GC (GCLocker Initiated GC) [PSYoungGen: 167911K->55319K(175104K)] 572243K->496565K(699392K), 0.0397433 secs] [Times: user=0.46 sys=0.00, real=0.04 secs] 
2016-09-15T11:40:41.259-0400: 24.558: [GC (GCLocker Initiated GC) [PSYoungGen: 143383K->79651K(175104K)] 584851K->539471K(699392K), 0.0095630 secs] [Times: user=0.10 sys=0.00, real=0.01 secs] 
2016-09-15T11:40:41.269-0400: 24.568: [Full GC (Ergonomics) [PSYoungGen: 79651K->0K(175104K)] [ParOldGen: 459820K->51675K(524288K)] 539471K->51675K(699392K), [Metaspace: 43908K->43908K(1087488K)], 0.0743241 secs] [Times: user=0.49 sys=0.01, real=0.07 secs] 
2016-09-15T11:40:41.455-0400: 24.754: [GC (GCLocker Initiated GC) [PSYoungGen: 88064K->86182K(175104K)] 139987K->150256K(699392K), 0.0094053 secs] [Times: user=0.08 sys=0.02, real=0.01 secs] 
2016-09-15T11:40:41.568-0400: 24.867: [GC (GCLocker Initiated GC) [PSYoungGen: 174246K->61394K(175104K)] 238379K->180874K(699392K), 0.0160337 secs] [Times: user=0.16 sys=0.00, real=0.02 secs] 
2016-09-15T11:40:41.685-0400: 24.984: [GC (GCLocker Initiated GC) [PSYoungGen: 149458K->73868K(175104K)] 275193K->248363K(699392K), 0.0116972 secs] [Times: user=0.15 sys=0.00, real=0.02 secs] 
2016-09-15T11:40:41.818-0400: 25.117: [GC (GCLocker Initiated GC) [PSYoungGen: 161932K->85626K(175104K)] 336631K->279022K(699392K), 0.0114628 secs] [Times: user=0.17 sys=0.00, real=0.01 secs] 
2016-09-15T11:40:41.930-0400: 25.229: [GC (GCLocker Initiated GC) [PSYoungGen: 173690K->86018K(175104K)] 367441K->310272K(699392K), 0.0108567 secs] [Times: user=0.11 sys=0.00, real=0.01 secs] 
2016-09-15T11:40:42.085-0400: 25.384: [GC (GCLocker Initiated GC) [PSYoungGen: 174082K->37130K(175104K)] 404733K->322871K(699392K), 0.0340700 secs] [Times: user=0.35 sys=0.00, real=0.04 secs] 
2016-09-15T11:40:42.234-0400: 25.533: [GC (GCLocker Initiated GC) [PSYoungGen: 125194K->67601K(175104K)] 417011K->359538K(699392K), 0.0142715 secs] [Times: user=0.16 sys=0.00, real=0.02 secs] 
2016-09-15T11:40:42.371-0400: 25.670: [GC (GCLocker Initiated GC) [PSYoungGen: 155665K->61166K(175104K)] 447626K->371612K(699392K), 0.0078318 secs] [Times: user=0.07 sys=0.00, real=0.01 secs] 
2016-09-15T11:40:42.482-0400: 25.781: [GC (GCLocker Initiated GC) [PSYoungGen: 149230K->79715K(175104K)] 466090K->433121K(699392K), 0.0105108 secs] [Times: user=0.10 sys=0.00, real=0.01 secs] 
2016-09-15T11:40:42.613-0400: 25.912: [GC (GCLocker Initiated GC) [PSYoungGen: 167779K->49052K(175104K)] 521277K->445334K(699392K), 0.0131028 secs] [Times: user=0.12 sys=0.00, real=0.01 secs] 
2016-09-15T11:40:42.730-0400: 26.029: [GC (GCLocker Initiated GC) [PSYoungGen: 137116K->73740K(175104K)] 539700K->519149K(699392K), 0.0114403 secs] [Times: user=0.11 sys=0.01, real=0.01 secs] 
2016-09-15T11:40:42.854-0400: 26.153: [GC (GCLocker Initiated GC) [PSYoungGen: 161804K->85790K(175104K)] 607317K->604518K(699392K), 0.0122406 secs] [Times: user=0.17 sys=0.01, real=0.01 secs] 
2016-09-15T11:40:42.867-0400: 26.166: [Full GC (Ergonomics) [PSYoungGen: 85790K->0K(175104K)] [ParOldGen: 518728K->46047K(524288K)] 604518K->46047K(699392K), [Metaspace: 43908K->43908K(1087488K)], 0.0528233 secs] [Times: user=0.36 sys=0.01, real=0.06 secs] 
2016-09-15T11:40:43.038-0400: 26.337: [GC (GCLocker Initiated GC) [PSYoungGen: 88064K->86110K(175104K)] 134170K->156516K(699392K), 0.0098707 secs] [Times: user=0.15 sys=0.00, real=0.01 secs] 
2016-09-15T11:40:43.140-0400: 26.439: [GC (GCLocker Initiated GC) [PSYoungGen: 174174K->79879K(175104K)] 244947K->193716K(699392K), 0.0102617 secs] [Times: user=0.11 sys=0.00, real=0.01 secs] 
2016-09-15T11:40:43.261-0400: 26.560: [GC (Allocation Failure) [PSYoungGen: 167943K->49116K(175104K)] 282488K->188205K(699392K), 0.0134643 secs] [Times: user=0.10 sys=0.00, real=0.01 secs] 
2016-09-15T11:40:43.386-0400: 26.685: [GC (Allocation Failure) [PSYoungGen: 137180K->74000K(175104K)] 276269K->231441K(699392K), 0.0129381 secs] [Times: user=0.17 sys=0.00, real=0.02 secs] 
2016-09-15T11:40:43.506-0400: 26.805: [GC (GCLocker Initiated GC) [PSYoungGen: 157213K->55483K(175104K)] 320730K->219119K(699392K), 0.0107874 secs] [Times: user=0.11 sys=0.00, real=0.02 secs] 
2016-09-15T11:40:43.637-0400: 26.936: [GC (GCLocker Initiated GC) [PSYoungGen: 143547K->85822K(175104K)] 307326K->286514K(699392K), 0.0101539 secs] [Times: user=0.14 sys=0.00, real=0.00 secs] 
2016-09-15T11:40:51.362-0400: 34.661: [GC (GCLocker Initiated GC) [PSYoungGen: 173886K->55319K(175104K)] 374621K->298691K(699392K), 0.0238043 secs] [Times: user=0.23 sys=0.01, real=0.02 secs] 
2016-09-15T11:40:51.525-0400: 34.823: [GC (GCLocker Initiated GC) [PSYoungGen: 143383K->61330K(175104K)] 392900K->341593K(699392K), 0.0327959 secs] [Times: user=0.38 sys=0.00, real=0.04 secs] 
2016-09-15T11:40:51.663-0400: 34.962: [GC (GCLocker Initiated GC) [PSYoungGen: 149390K->85790K(175104K)] 430014K->457855K(699392K), 0.0186978 secs] [Times: user=0.25 sys=0.00, real=0.02 secs] 
2016-09-15T11:40:51.791-0400: 35.090: [GC (GCLocker Initiated GC) [PSYoungGen: 173854K->85954K(175104K)] 546056K->500988K(699392K), 0.0200082 secs] [Times: user=0.21 sys=0.00, real=0.02 secs] 
2016-09-15T11:40:51.935-0400: 35.234: [GC (Allocation Failure) [PSYoungGen: 174018K->55547K(175104K)] 595477K->556101K(699392K), 0.0277329 secs] [Times: user=0.32 sys=0.00, real=0.03 secs] 
2016-09-15T11:40:51.963-0400: 35.262: [Full GC (Ergonomics) [PSYoungGen: 55547K->0K(175104K)] [ParOldGen: 500554K->51993K(524288K)] 556101K->51993K(699392K), [Metaspace: 43946K->43946K(1087488K)], 0.0730869 secs] [Times: user=0.47 sys=0.02, real=0.08 secs] 
2016-09-15T11:40:52.164-0400: 35.463: [GC (GCLocker Initiated GC) [PSYoungGen: 88059K->79783K(175104K)] 140057K->131789K(699392K), 0.0191509 secs] [Times: user=0.15 sys=0.00, real=0.02 secs] 
2016-09-15T11:40:52.319-0400: 35.618: [GC (GCLocker Initiated GC) [PSYoungGen: 167847K->61430K(175104K)] 232353K->162629K(699392K), 0.0199393 secs] [Times: user=0.22 sys=0.00, real=0.02 secs] 
2016-09-15T11:40:52.442-0400: 35.741: [GC (GCLocker Initiated GC) [PSYoungGen: 149494K->85890K(175104K)] 251039K->236498K(699392K), 0.0144915 secs] [Times: user=0.18 sys=0.00, real=0.02 secs] 
2016-09-15T11:40:52.578-0400: 35.877: [GC (GCLocker Initiated GC) [PSYoungGen: 173954K->55647K(175104K)] 324817K->279693K(699392K), 0.0139602 secs] [Times: user=0.16 sys=0.00, real=0.01 secs] 
2016-09-15T11:40:52.701-0400: 36.000: [GC (Allocation Failure) [PSYoungGen: 143711K->61394K(175104K)] 373907K->334391K(699392K), 0.0187639 secs] [Times: user=0.17 sys=0.00, real=0.02 secs] 
2016-09-15T11:40:52.820-0400: 36.119: [GC (GCLocker Initiated GC) [PSYoungGen: 149458K->85822K(175104K)] 422455K->444037K(699392K), 0.0150508 secs] [Times: user=0.19 sys=0.00, real=0.01 secs] 
2016-09-15T11:40:52.947-0400: 36.246: [GC (GCLocker Initiated GC) [PSYoungGen: 173886K->61298K(175104K)] 532149K->462345K(699392K), 0.0150289 secs] [Times: user=0.13 sys=0.00, real=0.02 secs] 
2016-09-15T11:40:53.087-0400: 36.386: [GC (Allocation Failure) [PSYoungGen: 149362K->79491K(175104K)] 550451K->565890K(699392K), 0.0290532 secs] [Times: user=0.29 sys=0.00, real=0.04 secs] 
2016-09-15T11:40:53.116-0400: 36.415: [Full GC (Ergonomics) [PSYoungGen: 79491K->0K(175104K)] [ParOldGen: 486399K->46016K(524288K)] 565890K->46016K(699392K), [Metaspace: 43970K->43970K(1087488K)], 0.0801165 secs] [Times: user=0.35 sys=0.02, real=0.08 secs] 
2016-09-15T11:40:53.310-0400: 36.609: [GC (GCLocker Initiated GC) [PSYoungGen: 88064K->86210K(175104K)] 134080K->168676K(699392K), 0.0106483 secs] [Times: user=0.11 sys=0.00, real=0.01 secs] 
2016-09-15T11:40:53.464-0400: 36.763: [GC (GCLocker Initiated GC) [PSYoungGen: 174274K->73480K(175104K)] 262852K->229579K(699392K), 0.0212276 secs] [Times: user=0.19 sys=0.00, real=0.02 secs] 
2016-09-15T11:40:53.591-0400: 36.890: [GC (GCLocker Initiated GC) [PSYoungGen: 161544K->85758K(175104K)] 317730K->290671K(699392K), 0.0264554 secs] [Times: user=0.31 sys=0.00, real=0.03 secs] 
2016-09-15T11:40:53.736-0400: 37.035: [GC (GCLocker Initiated GC) [PSYoungGen: 173822K->67209K(175104K)] 378794K->345357K(699392K), 0.0249605 secs] [Times: user=0.26 sys=0.01, real=0.02 secs] 
2016-09-15T11:40:53.893-0400: 37.192: [GC (GCLocker Initiated GC) [PSYoungGen: 155273K->85922K(175104K)] 439549K->473601K(699392K), 0.0213774 secs] [Times: user=0.26 sys=0.00, real=0.02 secs] 
2016-09-15T11:40:54.013-0400: 37.312: [GC (Allocation Failure) [PSYoungGen: 173986K->85822K(175104K)] 562014K->571358K(699392K), 0.0295415 secs] [Times: user=0.33 sys=0.01, real=0.03 secs] 
2016-09-15T11:40:54.042-0400: 37.341: [Full GC (Ergonomics) [PSYoungGen: 85822K->0K(175104K)] [ParOldGen: 485536K->58403K(524288K)] 571358K->58403K(699392K), [Metaspace: 43984K->43984K(1087488K)], 0.0697621 secs] [Times: user=0.32 sys=0.02, real=0.07 secs] 
2016-09-15T11:40:54.248-0400: 37.547: [GC (GCLocker Initiated GC) [PSYoungGen: 86839K->79851K(175104K)] 151318K->144329K(699392K), 0.0094484 secs] [Times: user=0.08 sys=0.00, real=0.01 secs] 
2016-09-15T11:40:54.371-0400: 37.670: [GC (GCLocker Initiated GC) [PSYoungGen: 167915K->85790K(175104K)] 238661K->212011K(699392K), 0.0343392 secs] [Times: user=0.39 sys=0.00, real=0.03 secs] 
2016-09-15T11:40:54.542-0400: 37.841: [GC (GCLocker Initiated GC) [PSYoungGen: 173854K->55551K(175104K)] 312448K->255014K(699392K), 0.0111955 secs] [Times: user=0.11 sys=0.00, real=0.01 secs] 
2016-09-15T11:40:54.661-0400: 37.960: [GC (Allocation Failure) [PSYoungGen: 143615K->79683K(175104K)] 349335K->322137K(699392K), 0.0120045 secs] [Times: user=0.16 sys=0.00, real=0.01 secs] 
2016-09-15T11:40:54.781-0400: 38.080: [GC (GCLocker Initiated GC) [PSYoungGen: 167747K->79555K(175104K)] 410207K->370734K(699392K), 0.0168918 secs] [Times: user=0.16 sys=0.01, real=0.02 secs] 
2016-09-15T11:40:54.917-0400: 38.216: [GC (GCLocker Initiated GC) [PSYoungGen: 167619K->85694K(175104K)] 465190K->432305K(699392K), 0.0316923 secs] [Times: user=0.39 sys=0.00, real=0.03 secs] 
2016-09-15T11:40:55.070-0400: 38.369: [GC (GCLocker Initiated GC) [PSYoungGen: 173758K->61490K(175104K)] 520461K->463172K(699392K), 0.0185487 secs] [Times: user=0.24 sys=0.00, real=0.02 secs] 
2016-09-15T11:40:55.192-0400: 38.491: [GC (GCLocker Initiated GC) [PSYoungGen: 149554K->85986K(175104K)] 551362K->573003K(699392K), 0.0155802 secs] [Times: user=0.19 sys=0.01, real=0.02 secs] 
2016-09-15T11:40:55.208-0400: 38.507: [Full GC (Ergonomics) [PSYoungGen: 85986K->0K(175104K)] [ParOldGen: 487017K->52330K(524288K)] 573003K->52330K(699392K), [Metaspace: 44041K->44041K(1087488K)], 0.0590289 secs] [Times: user=0.35 sys=0.01, real=0.05 secs] 
2016-09-15T11:40:55.391-0400: 38.690: [GC (GCLocker Initiated GC) [PSYoungGen: 88064K->85982K(175104K)] 146590K->168817K(699392K), 0.0122755 secs] [Times: user=0.16 sys=0.00, real=0.01 secs] 
2016-09-15T11:40:55.523-0400: 38.821: [GC (GCLocker Initiated GC) [PSYoungGen: 174046K->85758K(175104K)] 257632K->248899K(699392K), 0.0158424 secs] [Times: user=0.21 sys=0.00, real=0.02 secs] 
2016-09-15T11:40:55.663-0400: 38.962: [GC (GCLocker Initiated GC) [PSYoungGen: 173822K->67501K(175104K)] 349177K->297783K(699392K), 0.0221612 secs] [Times: user=0.24 sys=0.00, real=0.02 secs] 
2016-09-15T11:40:55.803-0400: 39.102: [GC (GCLocker Initiated GC) [PSYoungGen: 155565K->80011K(175104K)] 386045K->365302K(699392K), 0.0135122 secs] [Times: user=0.17 sys=0.01, real=0.02 secs] 
2016-09-15T11:40:55.932-0400: 39.231: [GC (GCLocker Initiated GC) [PSYoungGen: 168075K->86118K(175104K)] 453721K->438716K(699392K), 0.0120347 secs] [Times: user=0.13 sys=0.00, real=0.01 secs] 
2016-09-15T11:40:56.055-0400: 39.354: [GC (GCLocker Initiated GC) [PSYoungGen: 174182K->67405K(175104K)] 526996K->469414K(699392K), 0.0118367 secs] [Times: user=0.11 sys=0.00, real=0.01 secs] 
2016-09-15T11:40:56.177-0400: 39.476: [GC (GCLocker Initiated GC) [PSYoungGen: 155469K->85758K(175104K)] 557835K->579401K(699392K), 0.0150343 secs] [Times: user=0.16 sys=0.00, real=0.01 secs] 
2016-09-15T11:40:56.192-0400: 39.491: [Full GC (Ergonomics) [PSYoungGen: 85758K->0K(175104K)] [ParOldGen: 493642K->52187K(524288K)] 579401K->52187K(699392K), [Metaspace: 44051K->44051K(1087488K)], 0.0816435 secs] [Times: user=0.46 sys=0.01, real=0.08 secs] 
2016-09-15T11:40:56.396-0400: 39.695: [GC (GCLocker Initiated GC) [PSYoungGen: 88064K->86274K(175104K)] 140345K->187155K(699392K), 0.0129057 secs] [Times: user=0.17 sys=0.01, real=0.02 secs] 
2016-09-15T11:40:56.558-0400: 39.857: [GC (GCLocker Initiated GC) [PSYoungGen: 174338K->55447K(175104K)] 299723K->218345K(699392K), 0.0089491 secs] [Times: user=0.10 sys=0.00, real=0.00 secs] 
2016-09-15T11:40:56.701-0400: 40.000: [GC (GCLocker Initiated GC) [PSYoungGen: 143511K->85662K(175104K)] 312521K->303548K(699392K), 0.0370498 secs] [Times: user=0.43 sys=0.00, real=0.04 secs] 
2016-09-15T11:40:56.855-0400: 40.154: [GC (GCLocker Initiated GC) [PSYoungGen: 173726K->79747K(175104K)] 397829K->352602K(699392K), 0.0201552 secs] [Times: user=0.24 sys=0.01, real=0.02 secs] 
2016-09-15T11:40:56.995-0400: 40.294: [GC (GCLocker Initiated GC) [PSYoungGen: 167811K->67501K(175104K)] 440843K->377266K(699392K), 0.0170902 secs] [Times: user=0.16 sys=0.00, real=0.02 secs] 
2016-09-15T11:40:57.131-0400: 40.430: [GC (Allocation Failure) [PSYoungGen: 155565K->79619K(175104K)] 471693K->468923K(699392K), 0.0267546 secs] [Times: user=0.33 sys=0.00, real=0.03 secs] 
2016-09-15T11:40:57.265-0400: 40.564: [GC (GCLocker Initiated GC) [PSYoungGen: 167485K->61462K(175104K)] 562864K->475162K(699392K), 0.0338903 secs] [Times: user=0.40 sys=0.00, real=0.04 secs] 
2016-09-15T11:40:57.428-0400: 40.727: [Full GC (Ergonomics) [PSYoungGen: 149526K->0K(175104K)] [ParOldGen: 425982K->45338K(524288K)] 575508K->45338K(699392K), [Metaspace: 44054K->44054K(1087488K)], 0.0735129 secs] [Times: user=0.32 sys=0.01, real=0.07 secs] 
2016-09-15T11:40:57.635-0400: 40.934: [GC (Allocation Failure) [PSYoungGen: 88064K->86082K(175104K)] 139826K->137845K(699392K), 0.0419168 secs] [Times: user=0.36 sys=0.01, real=0.05 secs] 
2016-09-15T11:40:57.796-0400: 41.094: [GC (GCLocker Initiated GC) [PSYoungGen: 174146K->79587K(175104K)] 225914K->192809K(699392K), 0.0214568 secs] [Times: user=0.21 sys=0.00, real=0.03 secs] 
2016-09-15T11:40:57.940-0400: 41.239: [GC (GCLocker Initiated GC) [PSYoungGen: 167651K->61426K(175104K)] 281089K->241800K(699392K), 0.0169093 secs] [Times: user=0.18 sys=0.00, real=0.02 secs] 
2016-09-15T11:40:58.071-0400: 41.370: [GC (GCLocker Initiated GC) [PSYoungGen: 149490K->85954K(175104K)] 329868K->321330K(699392K), 0.0149218 secs] [Times: user=0.16 sys=0.00, real=0.01 secs] 
2016-09-15T11:40:58.205-0400: 41.503: [GC (GCLocker Initiated GC) [PSYoungGen: 174018K->67373K(175104K)] 415814K->351937K(699392K), 0.0135543 secs] [Times: user=0.10 sys=0.00, real=0.02 secs] 
2016-09-15T11:40:58.322-0400: 41.621: [GC (GCLocker Initiated GC) [PSYoungGen: 155437K->85790K(175104K)] 440357K->431767K(699392K), 0.0125692 secs] [Times: user=0.17 sys=0.00, real=0.01 secs] 
2016-09-15T11:40:58.452-0400: 41.751: [GC (Allocation Failure) [PSYoungGen: 173854K->85630K(175104K)] 519979K->480647K(699392K), 0.0213132 secs] [Times: user=0.24 sys=0.01, real=0.02 secs] 
2016-09-15T11:40:58.601-0400: 41.900: [GC (GCLocker Initiated GC) [PSYoungGen: 170629K->61070K(175104K)] 571721K->498863K(699392K), 0.0189925 secs] [Times: user=0.18 sys=0.00, real=0.02 secs] 
2016-09-15T11:40:58.620-0400: 41.919: [Full GC (Ergonomics) [PSYoungGen: 61070K->0K(175104K)] [ParOldGen: 437793K->45527K(524288K)] 498863K->45527K(699392K), [Metaspace: 44121K->44121K(1087488K)], 0.0607253 secs] [Times: user=0.26 sys=0.01, real=0.06 secs] 
2016-09-15T11:40:58.853-0400: 42.152: [GC (GCLocker Initiated GC) [PSYoungGen: 88064K->86014K(175104K)] 145962K->149988K(699392K), 0.0281275 secs] [Times: user=0.38 sys=0.01, real=0.03 secs] 
2016-09-15T11:40:58.998-0400: 42.297: [GC (GCLocker Initiated GC) [PSYoungGen: 174078K->85790K(175104K)] 238166K->235669K(699392K), 0.0133094 secs] [Times: user=0.19 sys=0.01, real=0.01 secs] 
2016-09-15T11:40:59.141-0400: 42.440: [GC (GCLocker Initiated GC) [PSYoungGen: 173854K->79523K(175104K)] 329845K->284389K(699392K), 0.0254604 secs] [Times: user=0.31 sys=0.00, real=0.02 secs] 
2016-09-15T11:40:59.273-0400: 42.572: [GC (GCLocker Initiated GC) [PSYoungGen: 167587K->85562K(175104K)] 372476K->333119K(699392K), 0.0109056 secs] [Times: user=0.11 sys=0.00, real=0.01 secs] 
2016-09-15T11:40:59.412-0400: 42.711: [GC (GCLocker Initiated GC) [PSYoungGen: 173626K->85954K(175104K)] 421326K->431006K(699392K), 0.0148063 secs] [Times: user=0.21 sys=0.00, real=0.01 secs] 
2016-09-15T11:40:59.558-0400: 42.857: [GC (GCLocker Initiated GC) [PSYoungGen: 174018K->49507K(175104K)] 525278K->492153K(699392K), 0.0136443 secs] [Times: user=0.13 sys=0.00, real=0.01 secs] 
2016-09-15T11:40:59.571-0400: 42.870: [Full GC (Ergonomics) [PSYoungGen: 49507K->0K(175104K)] [ParOldGen: 442645K->45867K(524288K)] 492153K->45867K(699392K), [Metaspace: 44121K->44121K(1087488K)], 0.0673406 secs] [Times: user=0.28 sys=0.02, real=0.07 secs] 
2016-09-15T11:40:59.750-0400: 43.049: [GC (GCLocker Initiated GC) [PSYoungGen: 88064K->85982K(175104K)] 134090K->156309K(699392K), 0.0185306 secs] [Times: user=0.26 sys=0.00, real=0.02 secs] 
2016-09-15T11:40:59.922-0400: 43.221: [GC (GCLocker Initiated GC) [PSYoungGen: 174046K->85626K(175104K)] 250490K->247871K(699392K), 0.0133546 secs] [Times: user=0.19 sys=0.01, real=0.01 secs] 
2016-09-15T11:41:00.038-0400: 43.337: [GC (GCLocker Initiated GC) [PSYoungGen: 173690K->79615K(175104K)] 336073K->308950K(699392K), 0.0239167 secs] [Times: user=0.31 sys=0.00, real=0.02 secs] 
2016-09-15T11:41:00.177-0400: 43.476: [GC (GCLocker Initiated GC) [PSYoungGen: 167679K->79911K(175104K)] 397263K->370412K(699392K), 0.0117952 secs] [Times: user=0.16 sys=0.00, real=0.01 secs] 
2016-09-15T11:41:00.316-0400: 43.615: [GC (GCLocker Initiated GC) [PSYoungGen: 167975K->79879K(175104K)] 464716K->449804K(699392K), 0.0153615 secs] [Times: user=0.14 sys=0.00, real=0.01 secs] 
2016-09-15T11:41:00.436-0400: 43.735: [GC (GCLocker Initiated GC) [PSYoungGen: 167943K->85854K(175104K)] 544309K->535444K(699392K), 0.0130112 secs] [Times: user=0.19 sys=0.00, real=0.01 secs] 
2016-09-15T11:41:00.450-0400: 43.748: [Full GC (Ergonomics) [PSYoungGen: 85854K->0K(175104K)] [ParOldGen: 449590K->58071K(524288K)] 535444K->58071K(699392K), [Metaspace: 44125K->44125K(1087488K)], 0.0710322 secs] [Times: user=0.47 sys=0.00, real=0.07 secs] 
2016-09-15T11:41:00.664-0400: 43.963: [GC (GCLocker Initiated GC) [PSYoungGen: 88064K->86278K(175104K)] 164688K->168977K(699392K), 0.0213956 secs] [Times: user=0.21 sys=0.01, real=0.02 secs] 
2016-09-15T11:41:00.806-0400: 44.105: [GC (GCLocker Initiated GC) [PSYoungGen: 174342K->42845K(175104K)] 257630K->199876K(699392K), 0.0213833 secs] [Times: user=0.20 sys=0.00, real=0.02 secs] 
2016-09-15T11:41:00.927-0400: 44.226: [GC (GCLocker Initiated GC) [PSYoungGen: 130909K->85858K(175104K)] 288156K->291824K(699392K), 0.0178347 secs] [Times: user=0.18 sys=0.01, real=0.02 secs] 
2016-09-15T11:41:01.066-0400: 44.364: [GC (GCLocker Initiated GC) [PSYoungGen: 173922K->67437K(175104K)] 386313K->353176K(699392K), 0.0408075 secs] [Times: user=0.45 sys=0.00, real=0.04 secs] 
2016-09-15T11:41:01.275-0400: 44.574: [GC (GCLocker Initiated GC) [PSYoungGen: 155501K->43365K(175104K)] 453605K->414644K(699392K), 0.0264384 secs] [Times: user=0.31 sys=0.01, real=0.03 secs] 
2016-09-15T11:41:01.410-0400: 44.708: [GC (GCLocker Initiated GC) [PSYoungGen: 131429K->79551K(175104K)] 502828K->493775K(699392K), 0.0114303 secs] [Times: user=0.12 sys=0.01, real=0.01 secs] 
2016-09-15T11:41:01.421-0400: 44.720: [Full GC (Ergonomics) [PSYoungGen: 79551K->0K(175104K)] [ParOldGen: 414224K->51654K(524288K)] 493775K->51654K(699392K), [Metaspace: 44126K->44126K(1087488K)], 0.0788005 secs] [Times: user=0.27 sys=0.03, real=0.08 secs] 
2016-09-15T11:41:01.625-0400: 44.924: [GC (GCLocker Initiated GC) [PSYoungGen: 88064K->86338K(175104K)] 146142K->150492K(699392K), 0.0100960 secs] [Times: user=0.09 sys=0.00, real=0.01 secs] 
2016-09-15T11:41:01.769-0400: 45.068: [GC (Allocation Failure) [PSYoungGen: 174402K->73284K(175104K)] 238608K->193125K(699392K), 0.0181904 secs] [Times: user=0.17 sys=0.00, real=0.01 secs] 
2016-09-15T11:41:01.936-0400: 45.235: [GC (GCLocker Initiated GC) [PSYoungGen: 158937K->61102K(175104K)] 284853K->229646K(699392K), 0.0151718 secs] [Times: user=0.13 sys=0.00, real=0.01 secs] 
2016-09-15T11:41:02.075-0400: 45.374: [GC (GCLocker Initiated GC) [PSYoungGen: 149166K->79359K(175104K)] 323878K->284557K(699392K), 0.0466082 secs] [Times: user=0.48 sys=0.00, real=0.05 secs] 
2016-09-15T11:41:02.284-0400: 45.583: [GC (GCLocker Initiated GC) [PSYoungGen: 167423K->49116K(175104K)] 372870K->315409K(699392K), 0.0257466 secs] [Times: user=0.19 sys=0.00, real=0.03 secs] 
2016-09-15T11:41:02.452-0400: 45.751: [GC (GCLocker Initiated GC) [PSYoungGen: 137180K->61330K(175104K)] 415664K->376563K(699392K), 0.0261928 secs] [Times: user=0.26 sys=0.00, real=0.03 secs] 
2016-09-15T11:41:02.600-0400: 45.899: [GC (GCLocker Initiated GC) [PSYoungGen: 149394K->86118K(175104K)] 464775K->462377K(699392K), 0.0221788 secs] [Times: user=0.35 sys=0.00, real=0.02 secs] 
2016-09-15T11:41:02.732-0400: 46.031: [GC (GCLocker Initiated GC) [PSYoungGen: 174182K->86018K(175104K)] 562946K->535684K(699392K), 0.0131640 secs] [Times: user=0.21 sys=0.00, real=0.01 secs] 
2016-09-15T11:41:02.746-0400: 46.045: [Full GC (Ergonomics) [PSYoungGen: 86018K->0K(175104K)] [ParOldGen: 449666K->58161K(524288K)] 535684K->58161K(699392K), [Metaspace: 44128K->44128K(1087488K)], 0.0580467 secs] [Times: user=0.38 sys=0.01, real=0.06 secs] 
2016-09-15T11:41:02.911-0400: 46.210: [GC (Allocation Failure) [PSYoungGen: 88064K->85954K(175104K)] 147162K->151127K(699392K), 0.0095607 secs] [Times: user=0.12 sys=0.00, real=0.01 secs] 
2016-09-15T11:41:03.027-0400: 46.326: [GC (GCLocker Initiated GC) [PSYoungGen: 168459K->61394K(175104K)] 239708K->187569K(699392K), 0.0220661 secs] [Times: user=0.15 sys=0.01, real=0.03 secs] 
2016-09-15T11:41:03.171-0400: 46.470: [GC (GCLocker Initiated GC) [PSYoungGen: 149456K->55679K(175104K)] 282068K->206634K(699392K), 0.0127028 secs] [Times: user=0.15 sys=0.00, real=0.01 secs] 
2016-09-15T11:41:03.296-0400: 46.595: [GC (GCLocker Initiated GC) [PSYoungGen: 143743K->73544K(175104K)] 313217K->279799K(699392K), 0.0204588 secs] [Times: user=0.21 sys=0.03, real=0.02 secs] 
2016-09-15T11:41:03.437-0400: 46.736: [GC (GCLocker Initiated GC) [PSYoungGen: 161608K->67733K(175104K)] 368067K->316813K(699392K), 0.0145907 secs] [Times: user=0.11 sys=0.02, real=0.01 secs] 
2016-09-15T11:41:03.565-0400: 46.864: [GC (Allocation Failure) [PSYoungGen: 155797K->73576K(175104K)] 417371K->384049K(699392K), 0.0107500 secs] [Times: user=0.13 sys=0.00, real=0.02 secs] 
2016-09-15T11:41:03.683-0400: 46.982: [GC (GCLocker Initiated GC) [PSYoungGen: 157972K->73968K(175104K)] 474521K->439220K(699392K), 0.0120273 secs] [Times: user=0.12 sys=0.01, real=0.01 secs] 
2016-09-15T11:41:03.784-0400: 47.083: [GC (GCLocker Initiated GC) [PSYoungGen: 162032K->67373K(175104K)] 527337K->463337K(699392K), 0.0176029 secs] [Times: user=0.15 sys=0.00, real=0.02 secs] 
2016-09-15T11:41:03.906-0400: 47.205: [GC (GCLocker Initiated GC) [PSYoungGen: 155437K->61394K(175104K)] 557652K->567160K(699392K), 0.0235251 secs] [Times: user=0.24 sys=0.00, real=0.03 secs] 
2016-09-15T11:41:03.930-0400: 47.229: [Full GC (Ergonomics) [PSYoungGen: 61394K->0K(175104K)] [ParOldGen: 505766K->52234K(524288K)] 567160K->52234K(699392K), [Metaspace: 44137K->44137K(1087488K)], 0.0518657 secs] [Times: user=0.21 sys=0.00, real=0.05 secs] 
2016-09-15T11:41:04.089-0400: 47.388: [GC (GCLocker Initiated GC) [PSYoungGen: 88064K->85982K(175104K)] 140341K->144334K(699392K), 0.0105713 secs] [Times: user=0.09 sys=0.00, real=0.01 secs] 
2016-09-15T11:41:04.204-0400: 47.503: [GC (GCLocker Initiated GC) [PSYoungGen: 174046K->73644K(175104K)] 232446K->211574K(699392K), 0.0127749 secs] [Times: user=0.12 sys=0.00, real=0.02 secs] 
2016-09-15T11:41:04.346-0400: 47.645: [GC (GCLocker Initiated GC) [PSYoungGen: 161708K->67341K(175104K)] 305724K->278458K(699392K), 0.0559654 secs] [Times: user=0.60 sys=0.01, real=0.06 secs] 
2016-09-15T11:41:04.513-0400: 47.812: [GC (GCLocker Initiated GC) [PSYoungGen: 155405K->79719K(175104K)] 372773K->333805K(699392K), 0.0121494 secs] [Times: user=0.09 sys=0.00, real=0.01 secs] 
2016-09-15T11:41:04.642-0400: 47.941: [GC (GCLocker Initiated GC) [PSYoungGen: 167783K->79555K(175104K)] 422006K->388900K(699392K), 0.0231685 secs] [Times: user=0.24 sys=0.00, real=0.02 secs] 
2016-09-15T11:41:04.795-0400: 48.094: [GC (GCLocker Initiated GC) [PSYoungGen: 167619K->73512K(175104K)] 476966K->480327K(699392K), 0.0350114 secs] [Times: user=0.38 sys=0.00, real=0.04 secs] 
2016-09-15T11:41:04.968-0400: 48.267: [Full GC (Ergonomics) [PSYoungGen: 161576K->0K(175104K)] [ParOldGen: 425210K->51344K(524288K)] 586786K->51344K(699392K), [Metaspace: 44137K->44137K(1087488K)], 0.0884972 secs] [Times: user=0.82 sys=0.01, real=0.09 secs] 
2016-09-15T11:41:05.200-0400: 48.499: [GC (GCLocker Initiated GC) [PSYoungGen: 88064K->85854K(175104K)] 145533K->149398K(699392K), 0.0158789 secs] [Times: user=0.21 sys=0.00, real=0.02 secs] 
2016-09-15T11:41:05.340-0400: 48.639: [GC (GCLocker Initiated GC) [PSYoungGen: 173918K->62045K(175104K)] 249816K->193090K(699392K), 0.0126975 secs] [Times: user=0.20 sys=0.00, real=0.01 secs] 
2016-09-15T11:41:05.474-0400: 48.773: [GC (GCLocker Initiated GC) [PSYoungGen: 150109K->85822K(175104K)] 287429K->272189K(699392K), 0.0125404 secs] [Times: user=0.19 sys=0.00, real=0.01 secs] 
2016-09-15T11:41:05.595-0400: 48.894: [GC (GCLocker Initiated GC) [PSYoungGen: 173886K->85854K(175104K)] 366678K->357788K(699392K), 0.0137396 secs] [Times: user=0.22 sys=0.00, real=0.02 secs] 
2016-09-15T11:41:05.721-0400: 49.020: [GC (GCLocker Initiated GC) [PSYoungGen: 173918K->79975K(175104K)] 458358K->419406K(699392K), 0.0133154 secs] [Times: user=0.21 sys=0.00, real=0.01 secs] 
2016-09-15T11:41:05.853-0400: 49.152: [GC (GCLocker Initiated GC) [PSYoungGen: 168039K->85790K(175104K)] 507518K->504724K(699392K), 0.0151128 secs] [Times: user=0.24 sys=0.00, real=0.02 secs] 
2016-09-15T11:41:05.869-0400: 49.167: [Full GC (Ergonomics) [PSYoungGen: 85790K->0K(175104K)] [ParOldGen: 418934K->45475K(524288K)] 504724K->45475K(699392K), [Metaspace: 44137K->44137K(1087488K)], 0.0523275 secs] [Times: user=0.42 sys=0.01, real=0.05 secs] 
2016-09-15T11:41:06.058-0400: 49.357: [GC (Allocation Failure) [PSYoungGen: 88064K->86110K(175104K)] 145696K->161967K(699392K), 0.0121401 secs] [Times: user=0.17 sys=0.00, real=0.01 secs] 
2016-09-15T11:41:06.191-0400: 49.490: [GC (GCLocker Initiated GC) [PSYoungGen: 169932K->86018K(175104K)] 251865K->247513K(699392K), 0.0157479 secs] [Times: user=0.25 sys=0.00, real=0.01 secs] 
2016-09-15T11:41:06.323-0400: 49.622: [GC (GCLocker Initiated GC) [PSYoungGen: 174082K->74000K(175104K)] 341684K->296577K(699392K), 0.0123938 secs] [Times: user=0.17 sys=0.00, real=0.02 secs] 
2016-09-15T11:41:06.445-0400: 49.744: [GC (GCLocker Initiated GC) [PSYoungGen: 162064K->67437K(175104K)] 390892K->332819K(699392K), 0.0117259 secs] [Times: user=0.13 sys=0.00, real=0.02 secs] 
2016-09-15T11:41:06.582-0400: 49.881: [GC (Allocation Failure) [PSYoungGen: 155501K->79979K(175104K)] 433377K->418928K(699392K), 0.0139122 secs] [Times: user=0.16 sys=0.01, real=0.02 secs] 
2016-09-15T11:41:06.712-0400: 50.011: [GC (GCLocker Initiated GC) [PSYoungGen: 163322K->55059K(175104K)] 508347K->461085K(699392K), 0.0199405 secs] [Times: user=0.21 sys=0.00, real=0.02 secs] 
2016-09-15T11:41:06.822-0400: 50.121: [GC (GCLocker Initiated GC) [PSYoungGen: 143123K->61462K(175104K)] 555484K->522519K(699392K), 0.0155474 secs] [Times: user=0.14 sys=0.00, real=0.02 secs] 
2016-09-15T11:41:06.838-0400: 50.137: [Full GC (Ergonomics) [PSYoungGen: 61462K->0K(175104K)] [ParOldGen: 461057K->57491K(524288K)] 522519K->57491K(699392K), [Metaspace: 44141K->44141K(1087488K)], 0.0499475 secs] [Times: user=0.43 sys=0.00, real=0.05 secs] 
2016-09-15T11:41:06.991-0400: 50.290: [GC (GCLocker Initiated GC) [PSYoungGen: 88064K->86146K(175104K)] 145659K->161966K(699392K), 0.0173363 secs] [Times: user=0.22 sys=0.00, real=0.02 secs] 
2016-09-15T11:41:07.166-0400: 50.465: [GC (GCLocker Initiated GC) [PSYoungGen: 174208K->55906K(175104K)] 268575K->242266K(699392K), 0.0153219 secs] [Times: user=0.21 sys=0.00, real=0.02 secs] 
2016-09-15T11:41:07.292-0400: 50.591: [GC (GCLocker Initiated GC) [PSYoungGen: 143970K->86018K(175104K)] 330389K->315276K(699392K), 0.0127720 secs] [Times: user=0.20 sys=0.00, real=0.01 secs] 
2016-09-15T11:41:07.411-0400: 50.710: [GC (GCLocker Initiated GC) [PSYoungGen: 174082K->85790K(175104K)] 403350K->430635K(699392K), 0.0188846 secs] [Times: user=0.31 sys=0.01, real=0.02 secs] 
2016-09-15T11:41:07.544-0400: 50.843: [GC (Allocation Failure) [PSYoungGen: 173854K->86018K(175104K)] 524989K->461761K(699392K), 0.0125750 secs] [Times: user=0.19 sys=0.00, real=0.02 secs] 
2016-09-15T11:41:07.662-0400: 50.961: [GC (GCLocker Initiated GC) [PSYoungGen: 174082K->85854K(175104K)] 549830K->528751K(699392K), 0.0137971 secs] [Times: user=0.21 sys=0.00, real=0.02 secs] 
2016-09-15T11:41:07.676-0400: 50.975: [Full GC (Ergonomics) [PSYoungGen: 85854K->0K(175104K)] [ParOldGen: 442897K->51743K(524288K)] 528751K->51743K(699392K), [Metaspace: 44144K->44144K(1087488K)], 0.0522578 secs] [Times: user=0.41 sys=0.01, real=0.05 secs] 
2016-09-15T11:41:07.836-0400: 51.135: [GC (Allocation Failure) [PSYoungGen: 88064K->86406K(175104K)] 145958K->198975K(699392K), 0.0111385 secs] [Times: user=0.18 sys=0.00, real=0.00 secs] 
2016-09-15T11:41:07.953-0400: 51.252: [GC (GCLocker Initiated GC) [PSYoungGen: 171450K->80239K(175104K)] 290095K->302894K(699392K), 0.0141164 secs] [Times: user=0.23 sys=0.00, real=0.01 secs] 
2016-09-15T11:41:08.076-0400: 51.375: [GC (GCLocker Initiated GC) [PSYoungGen: 168303K->85822K(175104K)] 391178K->375846K(699392K), 0.0136638 secs] [Times: user=0.21 sys=0.00, real=0.01 secs] 
2016-09-15T11:41:08.217-0400: 51.516: [GC (GCLocker Initiated GC) [PSYoungGen: 173886K->67533K(175104K)] 476063K->430604K(699392K), 0.0126107 secs] [Times: user=0.21 sys=0.00, real=0.01 secs] 
2016-09-15T11:41:08.336-0400: 51.635: [GC (GCLocker Initiated GC) [PSYoungGen: 155597K->86050K(175104K)] 518811K->504254K(699392K), 0.0136499 secs] [Times: user=0.21 sys=0.00, real=0.01 secs] 
2016-09-15T11:41:08.350-0400: 51.648: [Full GC (Ergonomics) [PSYoungGen: 86050K->0K(175104K)] [ParOldGen: 418204K->51755K(524288K)] 504254K->51755K(699392K), [Metaspace: 44144K->44144K(1087488K)], 0.0489992 secs] [Times: user=0.40 sys=0.00, real=0.05 secs] 
2016-09-15T11:41:08.507-0400: 51.806: [GC (GCLocker Initiated GC) [PSYoungGen: 88064K->85758K(175104K)] 140141K->162143K(699392K), 0.0105190 secs] [Times: user=0.14 sys=0.00, real=0.02 secs] 
2016-09-15T11:41:08.621-0400: 51.920: [GC (GCLocker Initiated GC) [PSYoungGen: 173822K->85822K(175104K)] 250490K->241781K(699392K), 0.0132747 secs] [Times: user=0.17 sys=0.00, real=0.01 secs] 
2016-09-15T11:41:08.746-0400: 52.045: [GC (Allocation Failure) [PSYoungGen: 173886K->85730K(175104K)] 336290K->284851K(699392K), 0.0173885 secs] [Times: user=0.21 sys=0.01, real=0.02 secs] 
2016-09-15T11:41:08.873-0400: 52.172: [GC (GCLocker Initiated GC) [PSYoungGen: 173794K->85790K(175104K)] 372921K->340055K(699392K), 0.0154809 secs] [Times: user=0.23 sys=0.00, real=0.02 secs] 
2016-09-15T11:41:09.010-0400: 52.309: [GC (GCLocker Initiated GC) [PSYoungGen: 173854K->61458K(175104K)] 434477K->376892K(699392K), 0.0160053 secs] [Times: user=0.18 sys=0.00, real=0.01 secs] 
2016-09-15T11:41:09.129-0400: 52.428: [GC (GCLocker Initiated GC) [PSYoungGen: 149522K->55319K(175104K)] 471139K->450112K(699392K), 0.0190998 secs] [Times: user=0.20 sys=0.01, real=0.02 secs] 
2016-09-15T11:41:09.254-0400: 52.553: [GC (GCLocker Initiated GC) [PSYoungGen: 143383K->85662K(175104K)] 544293K->529373K(699392K), 0.0199601 secs] [Times: user=0.20 sys=0.00, real=0.02 secs] 
2016-09-15T11:41:09.274-0400: 52.573: [Full GC (Ergonomics) [PSYoungGen: 85662K->0K(175104K)] [ParOldGen: 443711K->51788K(524288K)] 529373K->51788K(699392K), [Metaspace: 44146K->44146K(1087488K)], 0.0545688 secs] [Times: user=0.37 sys=0.00, real=0.06 secs] 
2016-09-15T11:41:09.443-0400: 52.742: [GC (GCLocker Initiated GC) [PSYoungGen: 88064K->86242K(175104K)] 139979K->162457K(699392K), 0.0094396 secs] [Times: user=0.11 sys=0.00, real=0.01 secs] 
2016-09-15T11:41:09.557-0400: 52.856: [GC (GCLocker Initiated GC) [PSYoungGen: 174306K->67633K(175104K)] 256749K->211342K(699392K), 0.0181859 secs] [Times: user=0.20 sys=0.00, real=0.01 secs] 
2016-09-15T11:41:09.683-0400: 52.982: [GC (GCLocker Initiated GC) [PSYoungGen: 155697K->73672K(175104K)] 299756K->272902K(699392K), 0.0111749 secs] [Times: user=0.14 sys=0.00, real=0.01 secs] 
2016-09-15T11:41:09.812-0400: 53.111: [GC (GCLocker Initiated GC) [PSYoungGen: 161736K->85822K(175104K)] 361024K->352243K(699392K), 0.0170363 secs] [Times: user=0.24 sys=0.01, real=0.02 secs] 
2016-09-15T11:41:09.938-0400: 53.237: [GC (GCLocker Initiated GC) [PSYoungGen: 173886K->85986K(175104K)] 446497K->462179K(699392K), 0.0153456 secs] [Times: user=0.24 sys=0.00, real=0.01 secs] 
2016-09-15T11:41:10.078-0400: 53.377: [GC (GCLocker Initiated GC) [PSYoungGen: 174050K->61458K(175104K)] 556383K->517006K(699392K), 0.0166471 secs] [Times: user=0.23 sys=0.00, real=0.01 secs] 
2016-09-15T11:41:10.095-0400: 53.394: [Full GC (Ergonomics) [PSYoungGen: 61458K->0K(175104K)] [ParOldGen: 455548K->51816K(524288K)] 517006K->51816K(699392K), [Metaspace: 44147K->44147K(1087488K)], 0.0578771 secs] [Times: user=0.41 sys=0.02, real=0.06 secs] 
2016-09-15T11:41:10.259-0400: 53.558: [GC (Allocation Failure) [PSYoungGen: 88064K->86242K(175104K)] 146294K->180922K(699392K), 0.0125674 secs] [Times: user=0.16 sys=0.01, real=0.01 secs] 
2016-09-15T11:41:10.386-0400: 53.685: [GC (GCLocker Initiated GC) [PSYoungGen: 173830K->61554K(175104K)] 274586K->254357K(699392K), 0.0118705 secs] [Times: user=0.20 sys=0.01, real=0.02 secs] 
2016-09-15T11:41:10.522-0400: 53.821: [GC (Allocation Failure) [PSYoungGen: 149618K->73836K(175104K)] 360985K->321796K(699392K), 0.0113326 secs] [Times: user=0.13 sys=0.01, real=0.01 secs] 
2016-09-15T11:41:10.643-0400: 53.942: [GC (GCLocker Initiated GC) [PSYoungGen: 161900K->85854K(175104K)] 409866K->407207K(699392K), 0.0131587 secs] [Times: user=0.18 sys=0.01, real=0.02 secs] 
2016-09-15T11:41:10.787-0400: 54.086: [GC (GCLocker Initiated GC) [PSYoungGen: 173918K->67501K(175104K)] 501461K->461988K(699392K), 0.0137946 secs] [Times: user=0.14 sys=0.00, real=0.02 secs] 
2016-09-15T11:41:10.895-0400: 54.194: [GC (GCLocker Initiated GC) [PSYoungGen: 155565K->85758K(175104K)] 550291K->529391K(699392K), 0.0122155 secs] [Times: user=0.19 sys=0.00, real=0.01 secs] 
2016-09-15T11:41:10.907-0400: 54.206: [Full GC (Ergonomics) [PSYoungGen: 85758K->0K(175104K)] [ParOldGen: 443633K->51652K(524288K)] 529391K->51652K(699392K), [Metaspace: 44148K->44148K(1087488K)], 0.0444548 secs] [Times: user=0.37 sys=0.00, real=0.05 secs] 
2016-09-15T11:41:11.059-0400: 54.358: [GC (GCLocker Initiated GC) [PSYoungGen: 88062K->86242K(175104K)] 140075K->162555K(699392K), 0.0155493 secs] [Times: user=0.19 sys=0.01, real=0.01 secs] 
2016-09-15T11:41:11.187-0400: 54.486: [GC (GCLocker Initiated GC) [PSYoungGen: 174306K->86150K(175104K)] 250868K->230257K(699392K), 0.0126227 secs] [Times: user=0.18 sys=0.00, real=0.02 secs] 
2016-09-15T11:41:11.307-0400: 54.606: [GC (GCLocker Initiated GC) [PSYoungGen: 174214K->67469K(175104K)] 318981K->303497K(699392K), 0.0158813 secs] [Times: user=0.16 sys=0.00, real=0.02 secs] 
2016-09-15T11:41:11.416-0400: 54.715: [GC (GCLocker Initiated GC) [PSYoungGen: 155533K->85694K(175104K)] 391610K->352241K(699392K), 0.0132605 secs] [Times: user=0.13 sys=0.00, real=0.01 secs] 
2016-09-15T11:41:11.551-0400: 54.849: [GC (GCLocker Initiated GC) [PSYoungGen: 173758K->67337K(175104K)] 440470K->449610K(699392K), 0.0142394 secs] [Times: user=0.15 sys=0.00, real=0.01 secs] 
2016-09-15T11:41:11.694-0400: 54.993: [Full GC (Ergonomics) [PSYoungGen: 155401K->0K(175104K)] [ParOldGen: 400836K->51470K(524288K)] 556237K->51470K(699392K), [Metaspace: 44182K->44182K(1087488K)], 0.0512190 secs] [Times: user=0.31 sys=0.00, real=0.05 secs] 
2016-09-15T11:41:11.876-0400: 55.175: [GC (GCLocker Initiated GC) [PSYoungGen: 88064K->85858K(175104K)] 139540K->155560K(699392K), 0.0100885 secs] [Times: user=0.10 sys=0.00, real=0.00 secs] 
2016-09-15T11:41:11.999-0400: 55.298: [GC (GCLocker Initiated GC) [PSYoungGen: 173922K->67501K(175104K)] 243721K->204580K(699392K), 0.0238746 secs] [Times: user=0.26 sys=0.00, real=0.02 secs] 
2016-09-15T11:41:12.127-0400: 55.426: [GC (GCLocker Initiated GC) [PSYoungGen: 155565K->67341K(175104K)] 298761K->259225K(699392K), 0.0129040 secs] [Times: user=0.09 sys=0.00, real=0.02 secs] 
2016-09-15T11:41:12.242-0400: 55.541: [GC (GCLocker Initiated GC) [PSYoungGen: 155405K->73448K(175104K)] 347628K->320621K(699392K), 0.0322538 secs] [Times: user=0.27 sys=0.00, real=0.03 secs] 
2016-09-15T11:41:12.383-0400: 55.682: [GC (GCLocker Initiated GC) [PSYoungGen: 161512K->85662K(175104K)] 409024K->375967K(699392K), 0.0218992 secs] [Times: user=0.23 sys=0.01, real=0.02 secs] 
2016-09-15T11:41:12.512-0400: 55.811: [GC (GCLocker Initiated GC) [PSYoungGen: 173726K->85626K(175104K)] 464050K->449182K(699392K), 0.0152912 secs] [Times: user=0.23 sys=0.00, real=0.01 secs] 
2016-09-15T11:41:12.645-0400: 55.944: [GC (Allocation Failure) [PSYoungGen: 173685K->86182K(175104K)] 537596K->517069K(699392K), 0.0136999 secs] [Times: user=0.21 sys=0.00, real=0.02 secs] 
2016-09-15T11:41:12.658-0400: 55.957: [Full GC (Ergonomics) [PSYoungGen: 86182K->0K(175104K)] [ParOldGen: 430887K->51761K(524288K)] 517069K->51761K(699392K), [Metaspace: 44185K->44185K(1087488K)], 0.0489797 secs] [Times: user=0.31 sys=0.01, real=0.04 secs] 
2016-09-15T11:41:12.824-0400: 56.123: [GC (GCLocker Initiated GC) [PSYoungGen: 88064K->85822K(175104K)] 139831K->161889K(699392K), 0.0109647 secs] [Times: user=0.16 sys=0.00, real=0.01 secs] 
2016-09-15T11:41:12.941-0400: 56.240: [GC (GCLocker Initiated GC) [PSYoungGen: 173886K->85822K(175104K)] 256351K->235444K(699392K), 0.0135657 secs] [Times: user=0.17 sys=0.00, real=0.01 secs] 
2016-09-15T11:41:13.056-0400: 56.355: [GC (GCLocker Initiated GC) [PSYoungGen: 173886K->85822K(175104K)] 323740K->321057K(699392K), 0.0131252 secs] [Times: user=0.20 sys=0.00, real=0.01 secs] 
2016-09-15T11:41:13.174-0400: 56.473: [GC (GCLocker Initiated GC) [PSYoungGen: 173886K->85758K(175104K)] 409124K->375987K(699392K), 0.0132428 secs] [Times: user=0.23 sys=0.01, real=0.01 secs] 
2016-09-15T11:41:13.301-0400: 56.600: [GC (GCLocker Initiated GC) [PSYoungGen: 173822K->79911K(175104K)] 476362K->419077K(699392K), 0.0134778 secs] [Times: user=0.22 sys=0.01, real=0.01 secs] 
2016-09-15T11:41:13.433-0400: 56.732: [GC (GCLocker Initiated GC) [PSYoungGen: 167975K->73640K(175104K)] 513571K->474391K(699392K), 0.0115593 secs] [Times: user=0.17 sys=0.01, real=0.01 secs] 
2016-09-15T11:41:13.579-0400: 56.878: [GC (GCLocker Initiated GC) [PSYoungGen: 161704K->85790K(175104K)] 568577K->553713K(699392K), 0.0147656 secs] [Times: user=0.19 sys=0.00, real=0.01 secs] 
2016-09-15T11:41:13.594-0400: 56.893: [Full GC (Ergonomics) [PSYoungGen: 85790K->0K(175104K)] [ParOldGen: 467923K->45530K(524288K)] 553713K->45530K(699392K), [Metaspace: 44185K->44185K(1087488K)], 0.0480594 secs] [Times: user=0.30 sys=0.00, real=0.05 secs] 
2016-09-15T11:41:13.760-0400: 57.059: [GC (GCLocker Initiated GC) [PSYoungGen: 88064K->86018K(175104K)] 139717K->143746K(699392K), 0.0179657 secs] [Times: user=0.18 sys=0.00, real=0.02 secs] 
2016-09-15T11:41:13.884-0400: 57.183: [GC (Allocation Failure) [PSYoungGen: 174082K->73608K(175104K)] 231952K->241392K(699392K), 0.0130096 secs] [Times: user=0.16 sys=0.00, real=0.02 secs] 
2016-09-15T11:41:13.897-0400: 57.196: [GC (GCLocker Initiated GC) [PSYoungGen: 73617K->32K(175104K)] 241402K->277881K(699392K), 0.0105993 secs] [Times: user=0.16 sys=0.00, real=0.01 secs] 
2016-09-15T11:41:14.021-0400: 57.320: [GC (GCLocker Initiated GC) [PSYoungGen: 88096K->85598K(175104K)] 365950K->369528K(699392K), 0.0101496 secs] [Times: user=0.08 sys=0.00, real=0.01 secs] 
2016-09-15T11:41:14.150-0400: 57.449: [GC (Allocation Failure) [PSYoungGen: 173662K->49312K(175104K)] 457947K->406929K(699392K), 0.0115076 secs] [Times: user=0.11 sys=0.00, real=0.01 secs] 
2016-09-15T11:41:14.281-0400: 57.580: [GC (GCLocker Initiated GC) [PSYoungGen: 132703K->49048K(175104K)] 496395K->479840K(699392K), 0.0101438 secs] [Times: user=0.11 sys=0.00, real=0.01 secs] 
2016-09-15T11:41:14.292-0400: 57.591: [Full GC (Ergonomics) [PSYoungGen: 49048K->0K(175104K)] [ParOldGen: 430792K->45529K(524288K)] 479840K->45529K(699392K), [Metaspace: 44185K->44185K(1087488K)], 0.0511025 secs] [Times: user=0.24 sys=0.01, real=0.05 secs] 
2016-09-15T11:41:14.452-0400: 57.751: [GC (GCLocker Initiated GC) [PSYoungGen: 88064K->86762K(175104K)] 139681K->150529K(699392K), 0.0151462 secs] [Times: user=0.23 sys=0.00, real=0.01 secs] 
2016-09-15T11:41:14.568-0400: 57.867: [GC (GCLocker Initiated GC) [PSYoungGen: 174826K->85790K(175104K)] 238831K->223687K(699392K), 0.0141469 secs] [Times: user=0.18 sys=0.01, real=0.01 secs] 
2016-09-15T11:41:14.705-0400: 58.004: [GC (GCLocker Initiated GC) [PSYoungGen: 173854K->67533K(175104K)] 318048K->266545K(699392K), 0.0181087 secs] [Times: user=0.26 sys=0.00, real=0.02 secs] 
2016-09-15T11:41:14.836-0400: 58.135: [GC (GCLocker Initiated GC) [PSYoungGen: 155597K->85790K(175104K)] 360737K->351840K(699392K), 0.0202813 secs] [Times: user=0.28 sys=0.01, real=0.02 secs] 
2016-09-15T11:41:14.966-0400: 58.265: [GC (GCLocker Initiated GC) [PSYoungGen: 173854K->73608K(175104K)] 440159K->407037K(699392K), 0.0298478 secs] [Times: user=0.40 sys=0.00, real=0.03 secs] 
2016-09-15T11:41:15.097-0400: 58.396: [GC (GCLocker Initiated GC) [PSYoungGen: 161672K->85562K(175104K)] 495193K->486183K(699392K), 0.0120627 secs] [Times: user=0.15 sys=0.00, real=0.01 secs] 
2016-09-15T11:41:15.227-0400: 58.526: [GC (GCLocker Initiated GC) [PSYoungGen: 173626K->79555K(175104K)] 580689K->517097K(699392K), 0.0177914 secs] [Times: user=0.17 sys=0.01, real=0.02 secs] 
2016-09-15T11:41:15.245-0400: 58.544: [Full GC (Ergonomics) [PSYoungGen: 79555K->0K(175104K)] [ParOldGen: 437542K->51835K(524288K)] 517097K->51835K(699392K), [Metaspace: 44189K->44189K(1087488K)], 0.0544095 secs] [Times: user=0.34 sys=0.01, real=0.06 secs] 
2016-09-15T11:41:15.429-0400: 58.728: [GC (GCLocker Initiated GC) [PSYoungGen: 88062K->85758K(175104K)] 140253K->150099K(699392K), 0.0080296 secs] [Times: user=0.09 sys=0.00, real=0.01 secs] 
2016-09-15T11:41:15.570-0400: 58.869: [GC (GCLocker Initiated GC) [PSYoungGen: 173822K->73740K(175104K)] 238445K->205644K(699392K), 0.0187115 secs] [Times: user=0.21 sys=0.01, real=0.02 secs] 
2016-09-15T11:41:15.686-0400: 58.985: [GC (Allocation Failure) [PSYoungGen: 161804K->79519K(175104K)] 299981K->284805K(699392K), 0.0182846 secs] [Times: user=0.19 sys=0.00, real=0.02 secs] 
2016-09-15T11:41:15.822-0400: 59.121: [GC (GCLocker Initiated GC) [PSYoungGen: 166402K->85922K(175104K)] 377764K->370343K(699392K), 0.0269949 secs] [Times: user=0.33 sys=0.00, real=0.03 secs] 
2016-09-15T11:41:15.995-0400: 59.294: [GC (GCLocker Initiated GC) [PSYoungGen: 173986K->55255K(175104K)] 470705K->401162K(699392K), 0.0189374 secs] [Times: user=0.20 sys=0.01, real=0.02 secs] 
2016-09-15T11:41:16.127-0400: 59.426: [GC (GCLocker Initiated GC) [PSYoungGen: 143315K->73676K(175104K)] 489583K->456677K(699392K), 0.0110559 secs] [Times: user=0.09 sys=0.00, real=0.02 secs] 
2016-09-15T11:41:16.256-0400: 59.555: [GC (GCLocker Initiated GC) [PSYoungGen: 161740K->67629K(175104K)] 550824K->530085K(699392K), 0.0128771 secs] [Times: user=0.16 sys=0.01, real=0.01 secs] 
2016-09-15T11:41:16.269-0400: 59.568: [Full GC (Ergonomics) [PSYoungGen: 67629K->0K(175104K)] [ParOldGen: 462455K->51890K(524288K)] 530085K->51890K(699392K), [Metaspace: 44197K->44197K(1087488K)], 0.0518252 secs] [Times: user=0.35 sys=0.01, real=0.05 secs] 
2016-09-15T11:41:16.427-0400: 59.726: [GC (Allocation Failure) [PSYoungGen: 88064K->85822K(175104K)] 140102K->143935K(699392K), 0.0106697 secs] [Times: user=0.09 sys=0.00, real=0.02 secs] 
2016-09-15T11:41:16.548-0400: 59.847: [GC (GCLocker Initiated GC) [PSYoungGen: 173886K->73644K(175104K)] 232005K->199119K(699392K), 0.0131782 secs] [Times: user=0.10 sys=0.00, real=0.01 secs] 
2016-09-15T11:41:16.674-0400: 59.973: [GC (GCLocker Initiated GC) [PSYoungGen: 161708K->67309K(175104K)] 287488K->266405K(699392K), 0.0140714 secs] [Times: user=0.12 sys=0.00, real=0.02 secs] 
2016-09-15T11:41:16.804-0400: 60.103: [GC (Allocation Failure) [PSYoungGen: 155373K->61490K(175104K)] 360613K->364066K(699392K), 0.0319499 secs] [Times: user=0.34 sys=0.01, real=0.04 secs] 
2016-09-15T11:41:16.941-0400: 60.240: [GC (GCLocker Initiated GC) [PSYoungGen: 149218K->79651K(175104K)] 457869K->430939K(699392K), 0.0124823 secs] [Times: user=0.10 sys=0.00, real=0.01 secs] 
2016-09-15T11:41:17.073-0400: 60.371: [GC (GCLocker Initiated GC) [PSYoungGen: 167715K->86150K(175104K)] 519341K->492791K(699392K), 0.0295058 secs] [Times: user=0.32 sys=0.00, real=0.03 secs] 
2016-09-15T11:41:17.243-0400: 60.542: [GC (GCLocker Initiated GC) [PSYoungGen: 174214K->73284K(175104K)] 580867K->516810K(699392K), 0.0105835 secs] [Times: user=0.09 sys=0.00, real=0.01 secs] 
2016-09-15T11:41:17.253-0400: 60.552: [Full GC (Ergonomics) [PSYoungGen: 73284K->0K(175104K)] [ParOldGen: 443526K->39949K(524288K)] 516810K->39949K(699392K), [Metaspace: 44223K->44223K(1087488K)], 0.0467134 secs] [Times: user=0.33 sys=0.00, real=0.05 secs] 
2016-09-15T11:41:17.398-0400: 60.697: [GC (GCLocker Initiated GC) [PSYoungGen: 88064K->86078K(175104K)] 128163K->193002K(699392K), 0.0125523 secs] [Times: user=0.19 sys=0.00, real=0.01 secs] 
2016-09-15T11:41:17.535-0400: 60.834: [GC (GCLocker Initiated GC) [PSYoungGen: 174142K->49667K(175104K)] 287263K->236244K(699392K), 0.0113063 secs] [Times: user=0.15 sys=0.00, real=0.01 secs] 
2016-09-15T11:41:17.654-0400: 60.953: [GC (GCLocker Initiated GC) [PSYoungGen: 137731K->85662K(175104K)] 336601K->351632K(699392K), 0.0203448 secs] [Times: user=0.22 sys=0.00, real=0.02 secs] 
2016-09-15T11:41:17.799-0400: 61.098: [GC (GCLocker Initiated GC) [PSYoungGen: 173726K->85790K(175104K)] 439843K->425107K(699392K), 0.0123142 secs] [Times: user=0.16 sys=0.00, real=0.01 secs] 
2016-09-15T11:41:17.917-0400: 61.216: [GC (GCLocker Initiated GC) [PSYoungGen: 173854K->61134K(175104K)] 513286K->443350K(699392K), 0.0150850 secs] [Times: user=0.16 sys=0.00, real=0.01 secs] 
2016-09-15T11:41:18.035-0400: 61.334: [GC (GCLocker Initiated GC) [PSYoungGen: 149198K->61558K(175104K)] 531636K->517023K(699392K), 0.0135604 secs] [Times: user=0.14 sys=0.00, real=0.02 secs] 
2016-09-15T11:41:18.049-0400: 61.348: [Full GC (Ergonomics) [PSYoungGen: 61558K->0K(175104K)] [ParOldGen: 455465K->46412K(524288K)] 517023K->46412K(699392K), [Metaspace: 44230K->44230K(1087488K)], 0.0497354 secs] [Times: user=0.24 sys=0.01, real=0.05 secs] 
2016-09-15T11:41:18.222-0400: 61.521: [GC (GCLocker Initiated GC) [PSYoungGen: 88064K->86178K(175104K)] 134507K->162996K(699392K), 0.0182210 secs] [Times: user=0.25 sys=0.00, real=0.02 secs] 
2016-09-15T11:41:18.349-0400: 61.648: [GC (GCLocker Initiated GC) [PSYoungGen: 174242K->85658K(175104K)] 257183K->248130K(699392K), 0.0276201 secs] [Times: user=0.35 sys=0.00, real=0.03 secs] 
2016-09-15T11:41:18.489-0400: 61.787: [GC (GCLocker Initiated GC) [PSYoungGen: 173722K->85822K(175104K)] 336476K->358094K(699392K), 0.0151415 secs] [Times: user=0.21 sys=0.00, real=0.01 secs] 
2016-09-15T11:41:18.620-0400: 61.919: [GC (GCLocker Initiated GC) [PSYoungGen: 173886K->73868K(175104K)] 458630K->407519K(699392K), 0.0101788 secs] [Times: user=0.15 sys=0.00, real=0.01 secs] 
2016-09-15T11:41:18.733-0400: 62.032: [GC (GCLocker Initiated GC) [PSYoungGen: 161932K->85854K(175104K)] 495720K->462334K(699392K), 0.0107267 secs] [Times: user=0.17 sys=0.00, real=0.01 secs] 
2016-09-15T11:41:18.853-0400: 62.152: [GC (GCLocker Initiated GC) [PSYoungGen: 173918K->67597K(175104K)] 556520K->529310K(699392K), 0.0113403 secs] [Times: user=0.18 sys=0.01, real=0.01 secs] 
2016-09-15T11:41:18.865-0400: 62.164: [Full GC (Ergonomics) [PSYoungGen: 67597K->0K(175104K)] [ParOldGen: 461713K->46060K(524288K)] 529310K->46060K(699392K), [Metaspace: 44230K->44230K(1087488K)], 0.0395501 secs] [Times: user=0.31 sys=0.00, real=0.04 secs] 
2016-09-15T11:41:19.024-0400: 62.323: [GC (GCLocker Initiated GC) [PSYoungGen: 88064K->86570K(175104K)] 134395K->175426K(699392K), 0.0101028 secs] [Times: user=0.15 sys=0.00, real=0.01 secs] 
2016-09-15T11:41:19.157-0400: 62.456: [GC (GCLocker Initiated GC) [PSYoungGen: 174634K->85790K(175104K)] 263812K->273084K(699392K), 0.0243602 secs] [Times: user=0.32 sys=0.00, real=0.02 secs] 
2016-09-15T11:41:19.314-0400: 62.613: [GC (GCLocker Initiated GC) [PSYoungGen: 173854K->85922K(175104K)] 367314K->334177K(699392K), 0.0185250 secs] [Times: user=0.25 sys=0.00, real=0.02 secs] 
2016-09-15T11:41:19.451-0400: 62.750: [GC (GCLocker Initiated GC) [PSYoungGen: 173986K->86018K(175104K)] 422305K->425622K(699392K), 0.0125069 secs] [Times: user=0.15 sys=0.01, real=0.01 secs] 
2016-09-15T11:41:19.566-0400: 62.865: [GC (GCLocker Initiated GC) [PSYoungGen: 174082K->55387K(175104K)] 513722K->474098K(699392K), 0.0237452 secs] [Times: user=0.29 sys=0.00, real=0.03 secs] 
2016-09-15T11:41:19.590-0400: 62.889: [Full GC (Ergonomics) [PSYoungGen: 55387K->0K(175104K)] [ParOldGen: 418711K->45988K(524288K)] 474098K->45988K(699392K), [Metaspace: 44232K->44232K(1087488K)], 0.0515606 secs] [Times: user=0.30 sys=0.01, real=0.05 secs] 
2016-09-15T11:41:19.741-0400: 63.040: [GC (GCLocker Initiated GC) [PSYoungGen: 88064K->86014K(175104K)] 134284K->156534K(699392K), 0.0102568 secs] [Times: user=0.12 sys=0.01, real=0.01 secs] 
2016-09-15T11:41:19.862-0400: 63.161: [GC (GCLocker Initiated GC) [PSYoungGen: 174078K->61326K(175104K)] 250866K->235878K(699392K), 0.0192577 secs] [Times: user=0.21 sys=0.00, real=0.02 secs] 
2016-09-15T11:41:19.975-0400: 63.274: [GC (GCLocker Initiated GC) [PSYoungGen: 149390K->86054K(175104K)] 324252K->333952K(699392K), 0.0122495 secs] [Times: user=0.14 sys=0.00, real=0.02 secs] 
2016-09-15T11:41:20.115-0400: 63.414: [GC (GCLocker Initiated GC) [PSYoungGen: 174118K->61622K(175104K)] 434185K->376680K(699392K), 0.0099652 secs] [Times: user=0.14 sys=0.00, real=0.01 secs] 
2016-09-15T11:41:20.239-0400: 63.538: [GC (GCLocker Initiated GC) [PSYoungGen: 149686K->85986K(175104K)] 465010K->462375K(699392K), 0.0131760 secs] [Times: user=0.20 sys=0.00, real=0.01 secs] 
2016-09-15T11:41:20.375-0400: 63.674: [GC (GCLocker Initiated GC) [PSYoungGen: 174050K->85854K(175104K)] 550773K->535980K(699392K), 0.0127629 secs] [Times: user=0.20 sys=0.01, real=0.02 secs] 
2016-09-15T11:41:20.388-0400: 63.687: [Full GC (Ergonomics) [PSYoungGen: 85854K->0K(175104K)] [ParOldGen: 450126K->52240K(524288K)] 535980K->52240K(699392K), [Metaspace: 44232K->44232K(1087488K)], 0.0432878 secs] [Times: user=0.37 sys=0.00, real=0.04 secs] 
2016-09-15T11:41:20.540-0400: 63.839: [GC (GCLocker Initiated GC) [PSYoungGen: 88064K->85954K(175104K)] 140401K->162591K(699392K), 0.0102001 secs] [Times: user=0.16 sys=0.00, real=0.01 secs] 
2016-09-15T11:41:20.647-0400: 63.946: [GC (GCLocker Initiated GC) [PSYoungGen: 174018K->85854K(175104K)] 256958K->223933K(699392K), 0.0111885 secs] [Times: user=0.16 sys=0.00, real=0.02 secs] 
2016-09-15T11:41:20.764-0400: 64.063: [GC (Allocation Failure) [PSYoungGen: 173918K->85822K(175104K)] 312184K->303402K(699392K), 0.0139102 secs] [Times: user=0.21 sys=0.00, real=0.02 secs] 
2016-09-15T11:41:20.903-0400: 64.201: [GC (Allocation Failure) [PSYoungGen: 173886K->85690K(175104K)] 391466K->376462K(699392K), 0.0128449 secs] [Times: user=0.20 sys=0.00, real=0.01 secs] 
2016-09-15T11:41:21.046-0400: 64.345: [GC (GCLocker Initiated GC) [PSYoungGen: 170647K->85822K(175104K)] 467495K->467871K(699392K), 0.0286356 secs] [Times: user=0.43 sys=0.00, real=0.03 secs] 
2016-09-15T11:41:21.199-0400: 64.497: [GC (GCLocker Initiated GC) [PSYoungGen: 173886K->86118K(175104K)] 556251K->553857K(699392K), 0.0120515 secs] [Times: user=0.16 sys=0.00, real=0.01 secs] 
2016-09-15T11:41:21.211-0400: 64.510: [Full GC (Ergonomics) [PSYoungGen: 86118K->0K(175104K)] [ParOldGen: 467739K->52426K(524288K)] 553857K->52426K(699392K), [Metaspace: 44232K->44232K(1087488K)], 0.0523808 secs] [Times: user=0.29 sys=0.01, real=0.05 secs] 
2016-09-15T11:41:21.380-0400: 64.679: [GC (GCLocker Initiated GC) [PSYoungGen: 88064K->85658K(175104K)] 147449K->151118K(699392K), 0.0203161 secs] [Times: user=0.26 sys=0.00, real=0.02 secs] 
2016-09-15T11:41:21.507-0400: 64.806: [GC (Allocation Failure) [PSYoungGen: 173722K->67925K(175104K)] 251598K->200612K(699392K), 0.0098574 secs] [Times: user=0.12 sys=0.01, real=0.02 secs] 
2016-09-15T11:41:21.636-0400: 64.935: [GC (GCLocker Initiated GC) [PSYoungGen: 155989K->85694K(175104K)] 288676K->267429K(699392K), 0.0122050 secs] [Times: user=0.12 sys=0.01, real=0.01 secs] 
2016-09-15T11:41:21.777-0400: 65.076: [GC (GCLocker Initiated GC) [PSYoungGen: 173758K->79651K(175104K)] 355714K->328568K(699392K), 0.0155089 secs] [Times: user=0.18 sys=0.00, real=0.01 secs] 
2016-09-15T11:41:21.893-0400: 65.192: [GC (GCLocker Initiated GC) [PSYoungGen: 167715K->79847K(175104K)] 416970K->402106K(699392K), 0.0222814 secs] [Times: user=0.27 sys=0.00, real=0.02 secs] 
2016-09-15T11:41:22.044-0400: 65.343: [GC (GCLocker Initiated GC) [PSYoungGen: 167911K->55159K(175104K)] 496286K->444543K(699392K), 0.0223552 secs] [Times: user=0.17 sys=0.00, real=0.02 secs] 
2016-09-15T11:41:22.182-0400: 65.481: [GC (GCLocker Initiated GC) [PSYoungGen: 143223K->85694K(175104K)] 538724K->523824K(699392K), 0.0154700 secs] [Times: user=0.16 sys=0.00, real=0.02 secs] 
2016-09-15T11:41:22.197-0400: 65.496: [Full GC (Ergonomics) [PSYoungGen: 85694K->0K(175104K)] [ParOldGen: 438130K->52141K(524288K)] 523824K->52141K(699392K), [Metaspace: 44276K->44276K(1087488K)], 0.0510209 secs] [Times: user=0.25 sys=0.01, real=0.05 secs] 
2016-09-15T11:41:22.373-0400: 65.672: [GC (GCLocker Initiated GC) [PSYoungGen: 88064K->86566K(175104K)] 146462K->163189K(699392K), 0.0237678 secs] [Times: user=0.25 sys=0.00, real=0.03 secs] 
2016-09-15T11:41:22.532-0400: 65.831: [GC (GCLocker Initiated GC) [PSYoungGen: 174629K->55351K(175104K)] 269821K->206366K(699392K), 0.0089902 secs] [Times: user=0.08 sys=0.00, real=0.01 secs] 
2016-09-15T11:41:22.649-0400: 65.948: [GC (Allocation Failure) [PSYoungGen: 143415K->85630K(175104K)] 294567K->273523K(699392K), 0.0132254 secs] [Times: user=0.12 sys=0.00, real=0.01 secs] 
2016-09-15T11:41:22.765-0400: 66.064: [GC (GCLocker Initiated GC) [PSYoungGen: 173694K->67533K(175104K)] 361588K->334514K(699392K), 0.0112938 secs] [Times: user=0.12 sys=0.01, real=0.02 secs] 
2016-09-15T11:41:22.889-0400: 66.188: [GC (GCLocker Initiated GC) [PSYoungGen: 155597K->85822K(175104K)] 429030K->408163K(699392K), 0.0140744 secs] [Times: user=0.18 sys=0.00, real=0.01 secs] 
2016-09-15T11:41:23.010-0400: 66.309: [GC (Allocation Failure) [PSYoungGen: 173886K->86018K(175104K)] 496347K->512078K(699392K), 0.0134985 secs] [Times: user=0.21 sys=0.00, real=0.01 secs] 
2016-09-15T11:41:23.023-0400: 66.322: [Full GC (Ergonomics) [PSYoungGen: 86018K->0K(175104K)] [ParOldGen: 426060K->51601K(524288K)] 512078K->51601K(699392K), [Metaspace: 44278K->44278K(1087488K)], 0.1208350 secs] [Times: user=1.54 sys=0.03, real=0.12 secs] 
2016-09-15T11:41:23.255-0400: 66.554: [GC (GCLocker Initiated GC) [PSYoungGen: 88064K->86046K(175104K)] 139665K->174097K(699392K), 0.0104943 secs] [Times: user=0.14 sys=0.00, real=0.01 secs] 
2016-09-15T11:41:23.386-0400: 66.685: [GC (GCLocker Initiated GC) [PSYoungGen: 174107K->67629K(175104K)] 275183K->236258K(699392K), 0.0124278 secs] [Times: user=0.14 sys=0.00, real=0.02 secs] 
2016-09-15T11:41:23.522-0400: 66.821: [GC (GCLocker Initiated GC) [PSYoungGen: 155693K->73640K(175104K)] 330752K->297598K(699392K), 0.0105773 secs] [Times: user=0.12 sys=0.01, real=0.01 secs] 
2016-09-15T11:41:23.641-0400: 66.940: [GC (GCLocker Initiated GC) [PSYoungGen: 161704K->49240K(175104K)] 385716K->376687K(699392K), 0.0117146 secs] [Times: user=0.15 sys=0.01, real=0.01 secs] 
2016-09-15T11:41:23.750-0400: 67.049: [GC (GCLocker Initiated GC) [PSYoungGen: 137304K->79979K(175104K)] 464810K->456229K(699392K), 0.0106983 secs] [Times: user=0.12 sys=0.00, real=0.01 secs] 
2016-09-15T11:41:23.855-0400: 67.154: [GC (GCLocker Initiated GC) [PSYoungGen: 168043K->85790K(175104K)] 544367K->541717K(699392K), 0.0194469 secs] [Times: user=0.21 sys=0.00, real=0.02 secs] 
2016-09-15T11:41:23.875-0400: 67.174: [Full GC (Ergonomics) [PSYoungGen: 85790K->0K(175104K)] [ParOldGen: 455927K->51740K(524288K)] 541717K->51740K(699392K), [Metaspace: 44280K->44280K(1087488K)], 0.0472699 secs] [Times: user=0.39 sys=0.00, real=0.05 secs] 
2016-09-15T11:41:24.063-0400: 67.362: [GC (GCLocker Initiated GC) [PSYoungGen: 88064K->74096K(175104K)] 158262K->144294K(699392K), 0.0073091 secs] [Times: user=0.07 sys=0.00, real=0.01 secs] 
2016-09-15T11:41:24.195-0400: 67.494: [GC (GCLocker Initiated GC) [PSYoungGen: 162160K->73640K(175104K)] 238648K->205522K(699392K), 0.0171947 secs] [Times: user=0.18 sys=0.01, real=0.02 secs] 
2016-09-15T11:41:24.329-0400: 67.628: [GC (GCLocker Initiated GC) [PSYoungGen: 161704K->73640K(175104K)] 293678K->272591K(699392K), 0.0120129 secs] [Times: user=0.16 sys=0.01, real=0.01 secs] 
2016-09-15T11:41:24.451-0400: 67.750: [GC (GCLocker Initiated GC) [PSYoungGen: 161704K->79943K(175104K)] 367080K->346204K(699392K), 0.0121109 secs] [Times: user=0.12 sys=0.00, real=0.01 secs] 
2016-09-15T11:41:24.582-0400: 67.881: [GC (GCLocker Initiated GC) [PSYoungGen: 168007K->43137K(175104K)] 446567K->370580K(699392K), 0.0106502 secs] [Times: user=0.09 sys=0.00, real=0.01 secs] 
2016-09-15T11:41:24.703-0400: 68.002: [GC (GCLocker Initiated GC) [PSYoungGen: 131201K->80175K(175104K)] 464744K->486762K(699392K), 0.0127442 secs] [Times: user=0.16 sys=0.00, real=0.02 secs] 
2016-09-15T11:41:24.845-0400: 68.144: [GC (GCLocker Initiated GC) [PSYoungGen: 168239K->61394K(175104K)] 574907K->510886K(699392K), 0.0299970 secs] [Times: user=0.36 sys=0.00, real=0.03 secs] 
2016-09-15T11:41:24.875-0400: 68.174: [Full GC (Ergonomics) [PSYoungGen: 61394K->0K(175104K)] [ParOldGen: 449492K->45662K(524288K)] 510886K->45662K(699392K), [Metaspace: 44300K->44300K(1087488K)], 0.0535268 secs] [Times: user=0.33 sys=0.00, real=0.06 secs] 
2016-09-15T11:41:25.032-0400: 68.331: [GC (GCLocker Initiated GC) [PSYoungGen: 88064K->85854K(175104K)] 140152K->168317K(699392K), 0.0208023 secs] [Times: user=0.25 sys=0.02, real=0.02 secs] 
2016-09-15T11:41:25.163-0400: 68.462: [GC (GCLocker Initiated GC) [PSYoungGen: 173918K->61750K(175104K)] 262598K->223637K(699392K), 0.0106924 secs] [Times: user=0.13 sys=0.00, real=0.01 secs] 
2016-09-15T11:41:25.274-0400: 68.573: [GC (GCLocker Initiated GC) [PSYoungGen: 149814K->61262K(175104K)] 317880K->284295K(699392K), 0.0210075 secs] [Times: user=0.28 sys=0.01, real=0.02 secs] 
2016-09-15T11:41:25.383-0400: 68.682: [GC (GCLocker Initiated GC) [PSYoungGen: 149326K->86018K(175104K)] 372407K->394316K(699392K), 0.0132285 secs] [Times: user=0.20 sys=0.01, real=0.02 secs] 
2016-09-15T11:41:25.503-0400: 68.802: [GC (Allocation Failure) [PSYoungGen: 174082K->85954K(175104K)] 482405K->455522K(699392K), 0.0110852 secs] [Times: user=0.17 sys=0.01, real=0.01 secs] 
2016-09-15T11:41:25.626-0400: 68.925: [GC (GCLocker Initiated GC) [PSYoungGen: 174018K->85690K(175104K)] 543592K->540810K(699392K), 0.0139042 secs] [Times: user=0.21 sys=0.00, real=0.02 secs] 
2016-09-15T11:41:25.641-0400: 68.940: [Full GC (Ergonomics) [PSYoungGen: 85690K->0K(175104K)] [ParOldGen: 455120K->45542K(524288K)] 540810K->45542K(699392K), [Metaspace: 44309K->44309K(1087488K)], 0.0550198 secs] [Times: user=0.44 sys=0.01, real=0.06 secs] 
2016-09-15T11:41:25.802-0400: 69.101: [GC (GCLocker Initiated GC) [PSYoungGen: 88064K->86110K(175104K)] 133750K->180396K(699392K), 0.0152693 secs] [Times: user=0.22 sys=0.00, real=0.02 secs] 
2016-09-15T11:41:25.921-0400: 69.220: [GC (GCLocker Initiated GC) [PSYoungGen: 174174K->79779K(175104K)] 268887K->290489K(699392K), 0.0129173 secs] [Times: user=0.20 sys=0.00, real=0.01 secs] 
2016-09-15T11:41:26.056-0400: 69.355: [GC (Allocation Failure) [PSYoungGen: 167843K->67629K(175104K)] 384978K->357823K(699392K), 0.0112771 secs] [Times: user=0.17 sys=0.01, real=0.00 secs] 
2016-09-15T11:41:26.162-0400: 69.460: [GC (GCLocker Initiated GC) [PSYoungGen: 155693K->79715K(175104K)] 445888K->418654K(699392K), 0.0144443 secs] [Times: user=0.19 sys=0.01, real=0.02 secs] 
2016-09-15T11:41:26.272-0400: 69.571: [GC (Allocation Failure) [PSYoungGen: 167779K->86314K(175104K)] 507017K->498603K(699392K), 0.0131565 secs] [Times: user=0.21 sys=0.01, real=0.01 secs] 
2016-09-15T11:41:26.285-0400: 69.584: [Full GC (Ergonomics) [PSYoungGen: 86314K->0K(175104K)] [ParOldGen: 412289K->58070K(524288K)] 498603K->58070K(699392K), [Metaspace: 44309K->44309K(1087488K)], 0.0464953 secs] [Times: user=0.37 sys=0.00, real=0.05 secs] 
2016-09-15T11:41:26.428-0400: 69.727: [GC (GCLocker Initiated GC) [PSYoungGen: 88064K->86046K(175104K)] 146140K->150197K(699392K), 0.0073607 secs] [Times: user=0.10 sys=0.00, real=0.00 secs] 
2016-09-15T11:41:26.530-0400: 69.829: [GC (GCLocker Initiated GC) [PSYoungGen: 174110K->86018K(175104K)] 244691K->230087K(699392K), 0.0113818 secs] [Times: user=0.16 sys=0.00, real=0.01 secs] 
2016-09-15T11:41:26.651-0400: 69.949: [GC (GCLocker Initiated GC) [PSYoungGen: 174082K->67629K(175104K)] 331022K->279715K(699392K), 0.0103853 secs] [Times: user=0.15 sys=0.00, real=0.01 secs] 
2016-09-15T11:41:26.771-0400: 70.070: [GC (Allocation Failure) [PSYoungGen: 155693K->67373K(175104K)] 374193K->316359K(699392K), 0.0108792 secs] [Times: user=0.08 sys=0.01, real=0.01 secs] 
2016-09-15T11:41:26.910-0400: 70.208: [GC (GCLocker Initiated GC) [PSYoungGen: 155437K->73512K(175104K)] 404429K->377291K(699392K), 0.0256113 secs] [Times: user=0.26 sys=0.00, real=0.02 secs] 
2016-09-15T11:41:27.032-0400: 70.330: [GC (GCLocker Initiated GC) [PSYoungGen: 161576K->85662K(175104K)] 465492K->462590K(699392K), 0.0222089 secs] [Times: user=0.23 sys=0.00, real=0.02 secs] 
2016-09-15T11:41:27.176-0400: 70.475: [GC (GCLocker Initiated GC) [PSYoungGen: 173726K->55355K(175104K)] 550684K->511376K(699392K), 0.0288596 secs] [Times: user=0.29 sys=0.00, real=0.02 secs] 
2016-09-15T11:41:27.205-0400: 70.504: [Full GC (Ergonomics) [PSYoungGen: 55355K->0K(175104K)] [ParOldGen: 456021K->45886K(524288K)] 511376K->45886K(699392K), [Metaspace: 44310K->44310K(1087488K)], 0.0499677 secs] [Times: user=0.25 sys=0.01, real=0.05 secs] 
2016-09-15T11:41:27.356-0400: 70.654: [GC (GCLocker Initiated GC) [PSYoungGen: 88064K->86306K(175104K)] 140285K->168902K(699392K), 0.0093735 secs] [Times: user=0.12 sys=0.01, real=0.01 secs] 
2016-09-15T11:41:27.467-0400: 70.766: [GC (GCLocker Initiated GC) [PSYoungGen: 174370K->85954K(175104K)] 263201K->248428K(699392K), 0.0147823 secs] [Times: user=0.21 sys=0.01, real=0.02 secs] 
2016-09-15T11:41:27.594-0400: 70.893: [GC (GCLocker Initiated GC) [PSYoungGen: 174018K->61394K(175104K)] 336741K->266902K(699392K), 0.0145370 secs] [Times: user=0.13 sys=0.00, real=0.02 secs] 
2016-09-15T11:41:27.725-0400: 71.024: [GC (GCLocker Initiated GC) [PSYoungGen: 149458K->79683K(175104K)] 355265K->352443K(699392K), 0.0123419 secs] [Times: user=0.18 sys=0.00, real=0.02 secs] 
2016-09-15T11:41:27.846-0400: 71.145: [GC (GCLocker Initiated GC) [PSYoungGen: 167747K->86346K(175104K)] 440778K->438488K(699392K), 0.0130674 secs] [Times: user=0.21 sys=0.00, real=0.02 secs] 
2016-09-15T11:41:27.961-0400: 71.260: [GC (Allocation Failure) [PSYoungGen: 174410K->85822K(175104K)] 526649K->493036K(699392K), 0.0118085 secs] [Times: user=0.16 sys=0.01, real=0.01 secs] 
2016-09-15T11:41:28.098-0400: 71.397: [GC (GCLocker Initiated GC) [PSYoungGen: 171331K->73448K(175104K)] 584620K->523283K(699392K), 0.0171715 secs] [Times: user=0.15 sys=0.00, real=0.01 secs] 
2016-09-15T11:41:28.115-0400: 71.414: [Full GC (Ergonomics) [PSYoungGen: 73448K->0K(175104K)] [ParOldGen: 449834K->45577K(524288K)] 523283K->45577K(699392K), [Metaspace: 44310K->44310K(1087488K)], 0.0538327 secs] [Times: user=0.35 sys=0.01, real=0.06 secs] 
2016-09-15T11:41:28.305-0400: 71.604: [GC (GCLocker Initiated GC) [PSYoungGen: 88064K->86046K(175104K)] 139976K->162258K(699392K), 0.0091945 secs] [Times: user=0.11 sys=0.00, real=0.01 secs] 
2016-09-15T11:41:28.433-0400: 71.732: [GC (GCLocker Initiated GC) [PSYoungGen: 174110K->73804K(175104K)] 256484K->187141K(699392K), 0.0168029 secs] [Times: user=0.20 sys=0.00, real=0.02 secs] 
2016-09-15T11:41:28.536-0400: 71.835: [GC (GCLocker Initiated GC) [PSYoungGen: 161868K->85790K(175104K)] 275258K->278650K(699392K), 0.0155601 secs] [Times: user=0.24 sys=0.01, real=0.01 secs] 
2016-09-15T11:41:28.654-0400: 71.953: [GC (GCLocker Initiated GC) [PSYoungGen: 173854K->86018K(175104K)] 366953K->400760K(699392K), 0.0152310 secs] [Times: user=0.25 sys=0.00, real=0.02 secs] 
2016-09-15T11:41:28.782-0400: 72.081: [GC (Allocation Failure) [PSYoungGen: 174082K->67565K(175104K)] 495215K->461898K(699392K), 0.0209221 secs] [Times: user=0.29 sys=0.01, real=0.02 secs] 
2016-09-15T11:41:28.900-0400: 72.199: [GC (Allocation Failure) [PSYoungGen: 152095K->79811K(175104K)] 546429K->528947K(699392K), 0.0120539 secs] [Times: user=0.16 sys=0.00, real=0.01 secs] 
2016-09-15T11:41:28.912-0400: 72.211: [Full GC (Ergonomics) [PSYoungGen: 79811K->0K(175104K)] [ParOldGen: 449136K->51910K(524288K)] 528947K->51910K(699392K), [Metaspace: 44310K->44310K(1087488K)], 0.0431258 secs] [Times: user=0.36 sys=0.00, real=0.04 secs] 
2016-09-15T11:41:29.042-0400: 72.341: [GC (GCLocker Initiated GC) [PSYoungGen: 82544K->86242K(175104K)] 140530K->168528K(699392K), 0.0088627 secs] [Times: user=0.12 sys=0.00, real=0.01 secs] 
2016-09-15T11:41:29.171-0400: 72.470: [GC (GCLocker Initiated GC) [PSYoungGen: 174306K->85854K(175104K)] 256639K->241831K(699392K), 0.0144903 secs] [Times: user=0.20 sys=0.00, real=0.01 secs] 
2016-09-15T11:41:29.316-0400: 72.614: [GC (GCLocker Initiated GC) [PSYoungGen: 173918K->73804K(175104K)] 348358K->309261K(699392K), 0.0293903 secs] [Times: user=0.26 sys=0.00, real=0.03 secs] 
2016-09-15T11:41:29.470-0400: 72.769: [GC (GCLocker Initiated GC) [PSYoungGen: 161868K->73512K(175104K)] 397580K->358115K(699392K), 0.0196695 secs] [Times: user=0.22 sys=0.00, real=0.02 secs] 
2016-09-15T11:41:29.617-0400: 72.916: [GC (GCLocker Initiated GC) [PSYoungGen: 161576K->79779K(175104K)] 446411K->449800K(699392K), 0.0130022 secs] [Times: user=0.18 sys=0.00, real=0.01 secs] 
2016-09-15T11:41:29.730-0400: 73.029: [GC (GCLocker Initiated GC) [PSYoungGen: 167843K->85790K(175104K)] 544026K->553218K(699392K), 0.0157806 secs] [Times: user=0.18 sys=0.00, real=0.01 secs] 
2016-09-15T11:41:29.746-0400: 73.045: [Full GC (Ergonomics) [PSYoungGen: 85790K->0K(175104K)] [ParOldGen: 467427K->57979K(524288K)] 553218K->57979K(699392K), [Metaspace: 44310K->44310K(1087488K)], 0.0501237 secs] [Times: user=0.29 sys=0.00, real=0.06 secs] 
2016-09-15T11:41:29.904-0400: 73.203: [GC (GCLocker Initiated GC) [PSYoungGen: 88064K->86210K(175104K)] 146090K->162462K(699392K), 0.0176434 secs] [Times: user=0.23 sys=0.00, real=0.02 secs] 
2016-09-15T11:41:30.033-0400: 73.332: [GC (GCLocker Initiated GC) [PSYoungGen: 174274K->85854K(175104K)] 256654K->284559K(699392K), 0.0125187 secs] [Times: user=0.17 sys=0.00, real=0.01 secs] 
2016-09-15T11:41:30.156-0400: 73.455: [GC (GCLocker Initiated GC) [PSYoungGen: 173918K->85658K(175104K)] 378728K->351502K(699392K), 0.0123979 secs] [Times: user=0.16 sys=0.00, real=0.01 secs] 
2016-09-15T11:41:30.273-0400: 73.572: [GC (Allocation Failure) [PSYoungGen: 173722K->85822K(175104K)] 445805K->430965K(699392K), 0.0129056 secs] [Times: user=0.18 sys=0.00, real=0.01 secs] 
2016-09-15T11:41:30.396-0400: 73.695: [GC (GCLocker Initiated GC) [PSYoungGen: 173886K->79715K(175104K)] 519034K->479838K(699392K), 0.0109622 secs] [Times: user=0.17 sys=0.00, real=0.00 secs] 
2016-09-15T11:41:30.523-0400: 73.822: [Full GC (Ergonomics) [PSYoungGen: 167779K->0K(175104K)] [ParOldGen: 406329K->52117K(524288K)] 574109K->52117K(699392K), [Metaspace: 44311K->44311K(1087488K)], 0.0467100 secs] [Times: user=0.30 sys=0.01, real=0.05 secs] 
2016-09-15T11:41:30.682-0400: 73.981: [GC (GCLocker Initiated GC) [PSYoungGen: 88064K->86274K(175104K)] 140268K->187078K(699392K), 0.0106618 secs] [Times: user=0.13 sys=0.00, real=0.01 secs] 
2016-09-15T11:41:30.809-0400: 74.108: [GC (GCLocker Initiated GC) [PSYoungGen: 174338K->85790K(175104K)] 281277K->260282K(699392K), 0.0245116 secs] [Times: user=0.32 sys=0.00, real=0.02 secs] 
2016-09-15T11:41:30.943-0400: 74.242: [GC (GCLocker Initiated GC) [PSYoungGen: 173854K->61394K(175104K)] 349096K->334128K(699392K), 0.0213137 secs] [Times: user=0.25 sys=0.01, real=0.02 secs] 
2016-09-15T11:41:31.070-0400: 74.369: [GC (GCLocker Initiated GC) [PSYoungGen: 149458K->85854K(175104K)] 422351K->438021K(699392K), 0.0119032 secs] [Times: user=0.18 sys=0.00, real=0.01 secs] 
2016-09-15T11:41:31.200-0400: 74.499: [GC (GCLocker Initiated GC) [PSYoungGen: 173918K->80107K(175104K)] 526089K->481186K(699392K), 0.0132665 secs] [Times: user=0.20 sys=0.00, real=0.01 secs] 
2016-09-15T11:41:31.320-0400: 74.619: [Full GC (Ergonomics) [PSYoungGen: 168171K->0K(175104K)] [ParOldGen: 407392K->52119K(524288K)] 575563K->52119K(699392K), [Metaspace: 44311K->44311K(1087488K)], 0.0487423 secs] [Times: user=0.32 sys=0.01, real=0.05 secs] 
2016-09-15T11:41:31.474-0400: 74.773: [GC (GCLocker Initiated GC) [PSYoungGen: 88064K->86342K(175104K)] 146568K->169146K(699392K), 0.0090928 secs] [Times: user=0.12 sys=0.00, real=0.01 secs] 
2016-09-15T11:41:31.608-0400: 74.907: [GC (GCLocker Initiated GC) [PSYoungGen: 174406K->79519K(175104K)] 269420K->212030K(699392K), 0.0097653 secs] [Times: user=0.13 sys=0.00, real=0.01 secs] 
2016-09-15T11:41:31.739-0400: 75.038: [GC (Allocation Failure) [PSYoungGen: 167583K->73740K(175104K)] 306485K->279603K(699392K), 0.0198419 secs] [Times: user=0.23 sys=0.00, real=0.02 secs] 
2016-09-15T11:41:31.887-0400: 75.186: [GC (GCLocker Initiated GC) [PSYoungGen: 161804K->49084K(175104K)] 367673K->297721K(699392K), 0.0387494 secs] [Times: user=0.41 sys=0.01, real=0.04 secs] 
2016-09-15T11:41:32.024-0400: 75.323: [GC (GCLocker Initiated GC) [PSYoungGen: 137148K->85758K(175104K)] 385995K->425834K(699392K), 0.0198504 secs] [Times: user=0.24 sys=0.00, real=0.02 secs] 
2016-09-15T11:41:32.150-0400: 75.449: [GC (GCLocker Initiated GC) [PSYoungGen: 173822K->67501K(175104K)] 514001K->462482K(699392K), 0.0218518 secs] [Times: user=0.24 sys=0.00, real=0.02 secs] 
2016-09-15T11:41:32.300-0400: 75.598: [GC (GCLocker Initiated GC) [PSYoungGen: 155565K->85986K(175104K)] 550571K->548133K(699392K), 0.0182332 secs] [Times: user=0.20 sys=0.00, real=0.02 secs] 
2016-09-15T11:41:32.318-0400: 75.617: [Full GC (Ergonomics) [PSYoungGen: 85986K->0K(175104K)] [ParOldGen: 462146K->52309K(524288K)] 548133K->52309K(699392K), [Metaspace: 44315K->44315K(1087488K)], 0.0496389 secs] [Times: user=0.22 sys=0.02, real=0.05 secs] 
2016-09-15T11:41:32.495-0400: 75.794: [GC (GCLocker Initiated GC) [PSYoungGen: 88064K->85886K(175104K)] 140488K->150460K(699392K), 0.0251312 secs] [Times: user=0.22 sys=0.01, real=0.03 secs] 
2016-09-15T11:41:32.640-0400: 75.939: [GC (Allocation Failure) [PSYoungGen: 173950K->85726K(175104K)] 238633K->229932K(699392K), 0.0231714 secs] [Times: user=0.25 sys=0.00, real=0.02 secs] 
2016-09-15T11:41:32.786-0400: 76.085: [GC (GCLocker Initiated GC) [PSYoungGen: 172916K->73608K(175104K)] 323197K->291006K(699392K), 0.0157567 secs] [Times: user=0.16 sys=0.00, real=0.02 secs] 
2016-09-15T11:41:32.911-0400: 76.210: [GC (GCLocker Initiated GC) [PSYoungGen: 161672K->85858K(175104K)] 379319K->382772K(699392K), 0.0243781 secs] [Times: user=0.27 sys=0.00, real=0.02 secs] 
2016-09-15T11:41:33.072-0400: 76.371: [GC (GCLocker Initiated GC) [PSYoungGen: 173922K->43105K(175104K)] 476925K->425375K(699392K), 0.0213477 secs] [Times: user=0.23 sys=0.00, real=0.02 secs] 
2016-09-15T11:41:33.208-0400: 76.507: [GC (GCLocker Initiated GC) [PSYoungGen: 131169K->85594K(175104K)] 519556K->498588K(699392K), 0.0116708 secs] [Times: user=0.12 sys=0.00, real=0.01 secs] 
2016-09-15T11:41:33.220-0400: 76.519: [Full GC (Ergonomics) [PSYoungGen: 85594K->0K(175104K)] [ParOldGen: 412994K->52182K(524288K)] 498588K->52182K(699392K), [Metaspace: 44316K->44316K(1087488K)], 0.0552555 secs] [Times: user=0.29 sys=0.00, real=0.05 secs] 
2016-09-15T11:41:33.384-0400: 76.683: [GC (GCLocker Initiated GC) [PSYoungGen: 88064K->86794K(175104K)] 140355K->163385K(699392K), 0.0103057 secs] [Times: user=0.13 sys=0.00, real=0.01 secs] 
2016-09-15T11:41:33.511-0400: 76.810: [GC (GCLocker Initiated GC) [PSYoungGen: 174858K->67533K(175104K)] 257695K->193886K(699392K), 0.0164001 secs] [Times: user=0.21 sys=0.01, real=0.01 secs] 
2016-09-15T11:41:33.653-0400: 76.951: [GC (GCLocker Initiated GC) [PSYoungGen: 155597K->49112K(175104K)] 282179K->212452K(699392K), 0.0080870 secs] [Times: user=0.08 sys=0.01, real=0.01 secs] 
2016-09-15T11:41:33.821-0400: 77.120: [GC (Allocation Failure) [PSYoungGen: 137176K->19032K(175104K)] 325115K->273932K(699392K), 0.0133318 secs] [Times: user=0.13 sys=0.00, real=0.01 secs] 
2016-09-15T11:41:33.989-0400: 77.288: [GC (GCLocker Initiated GC) [PSYoungGen: 102470K->55255K(175104K)] 363445K->316653K(699392K), 0.0088471 secs] [Times: user=0.07 sys=0.00, real=0.01 secs] 
2016-09-15T11:41:34.122-0400: 77.421: [GC (GCLocker Initiated GC) [PSYoungGen: 143319K->61426K(175104K)] 405078K->359770K(699392K), 0.0143415 secs] [Times: user=0.15 sys=0.00, real=0.02 secs] 
2016-09-15T11:41:34.282-0400: 77.581: [GC (GCLocker Initiated GC) [PSYoungGen: 149490K->36902K(175104K)] 460032K->359658K(699392K), 0.0535371 secs] [Times: user=0.58 sys=0.00, real=0.05 secs] 
2016-09-15T11:41:34.465-0400: 77.764: [GC (GCLocker Initiated GC) [PSYoungGen: 124966K->49148K(175104K)] 447775K->420824K(699392K), 0.0299559 secs] [Times: user=0.32 sys=0.00, real=0.03 secs] 
2016-09-15T11:41:34.597-0400: 77.896: [GC (Allocation Failure) [PSYoungGen: 137212K->55323K(175104K)] 509210K->451709K(699392K), 0.0135664 secs] [Times: user=0.12 sys=0.01, real=0.01 secs] 
2016-09-15T11:41:34.713-0400: 78.012: [GC (GCLocker Initiated GC) [PSYoungGen: 141514K->61426K(175104K)] 543975K->518846K(699392K), 0.0133187 secs] [Times: user=0.14 sys=0.00, real=0.01 secs] 
2016-09-15T11:41:34.726-0400: 78.025: [Full GC (Ergonomics) [PSYoungGen: 61426K->0K(175104K)] [ParOldGen: 457419K->58499K(524288K)] 518846K->58499K(699392K), [Metaspace: 44317K->44317K(1087488K)], 0.0755187 secs] [Times: user=0.68 sys=0.00, real=0.08 secs] 
2016-09-15T11:41:34.923-0400: 78.222: [GC (GCLocker Initiated GC) [PSYoungGen: 88064K->86602K(175104K)] 152994K->157608K(699392K), 0.0091418 secs] [Times: user=0.12 sys=0.00, real=0.01 secs] 
2016-09-15T11:41:35.079-0400: 78.378: [GC (Allocation Failure) [PSYoungGen: 174666K->451K(175104K)] 258004K->102998K(699392K), 0.0350913 secs] [Times: user=0.32 sys=0.01, real=0.03 secs] 
2016-09-15T11:41:35.115-0400: 78.414: [GC (GCLocker Initiated GC) [PSYoungGen: 695K->160K(175104K)] 103241K->103025K(699392K), 0.0038257 secs] [Times: user=0.04 sys=0.00, real=0.01 secs] 
2016-09-15T11:41:35.234-0400: 78.533: [GC (GCLocker Initiated GC) [PSYoungGen: 88224K->85790K(175104K)] 191095K->200859K(699392K), 0.0106531 secs] [Times: user=0.11 sys=0.00, real=0.01 secs] 
2016-09-15T11:41:35.376-0400: 78.675: [GC (GCLocker Initiated GC) [PSYoungGen: 173854K->49276K(175104K)] 301137K->243644K(699392K), 0.0379918 secs] [Times: user=0.44 sys=0.00, real=0.03 secs] 
2016-09-15T11:41:35.536-0400: 78.835: [GC (GCLocker Initiated GC) [PSYoungGen: 137340K->43301K(175104K)] 344207K->298880K(699392K), 0.0123458 secs] [Times: user=0.13 sys=0.00, real=0.01 secs] 
2016-09-15T11:41:35.673-0400: 78.972: [GC (GCLocker Initiated GC) [PSYoungGen: 131365K->73576K(175104K)] 387311K->329805K(699392K), 0.0098537 secs] [Times: user=0.12 sys=0.00, real=0.01 secs] 
2016-09-15T11:41:35.820-0400: 79.119: [GC (GCLocker Initiated GC) [PSYoungGen: 161635K->55615K(175104K)] 424301K->336601K(699392K), 0.0178734 secs] [Times: user=0.25 sys=0.00, real=0.02 secs] 
2016-09-15T11:41:35.946-0400: 79.245: [GC (GCLocker Initiated GC) [PSYoungGen: 143679K->85726K(175104K)] 424740K->373145K(699392K), 0.0099732 secs] [Times: user=0.09 sys=0.01, real=0.02 secs] 
2016-09-15T11:41:36.086-0400: 79.385: [GC (GCLocker Initiated GC) [PSYoungGen: 173790K->61490K(175104K)] 461542K->385820K(699392K), 0.0139222 secs] [Times: user=0.15 sys=0.00, real=0.02 secs] 
2016-09-15T11:41:36.229-0400: 79.528: [GC (GCLocker Initiated GC) [PSYoungGen: 149554K->79687K(175104K)] 480163K->410555K(699392K), 0.0237625 secs] [Times: user=0.28 sys=0.00, real=0.02 secs] 
2016-09-15T11:41:36.372-0400: 79.671: [GC (GCLocker Initiated GC) [PSYoungGen: 167751K->55383K(175104K)] 498621K->429094K(699392K), 0.0104398 secs] [Times: user=0.12 sys=0.00, real=0.01 secs] 
2016-09-15T11:41:36.479-0400: 79.778: [GC (GCLocker Initiated GC) [PSYoungGen: 143447K->86150K(175104K)] 517508K->466577K(699392K), 0.0083568 secs] [Times: user=0.12 sys=0.00, real=0.00 secs] 
2016-09-15T11:41:36.620-0400: 79.919: [GC (Allocation Failure) [PSYoungGen: 174214K->49084K(175104K)] 554896K->442191K(699392K), 0.0104563 secs] [Times: user=0.09 sys=0.00, real=0.01 secs] 
2016-09-15T11:41:36.737-0400: 80.036: [GC (GCLocker Initiated GC) [PSYoungGen: 136822K->55351K(175104K)] 536004K->485208K(699392K), 0.0106108 secs] [Times: user=0.11 sys=0.00, real=0.01 secs] 
2016-09-15T11:41:36.895-0400: 80.193: [GC (GCLocker Initiated GC) [PSYoungGen: 143415K->67501K(175104K)] 579456K->540291K(699392K), 0.0336915 secs] [Times: user=0.36 sys=0.00, real=0.04 secs] 
2016-09-15T11:41:36.928-0400: 80.227: [Full GC (Ergonomics) [PSYoungGen: 67501K->0K(175104K)] [ParOldGen: 472790K->46570K(524288K)] 540291K->46570K(699392K), [Metaspace: 44320K->44320K(1087488K)], 0.0657418 secs] [Times: user=0.44 sys=0.01, real=0.06 secs] 
2016-09-15T11:41:37.102-0400: 80.401: [GC (GCLocker Initiated GC) [PSYoungGen: 88064K->86406K(175104K)] 141065K->151557K(699392K), 0.0196266 secs] [Times: user=0.29 sys=0.00, real=0.02 secs] 
2016-09-15T11:41:37.244-0400: 80.543: [GC (GCLocker Initiated GC) [PSYoungGen: 174470K->49276K(175104K)] 245788K->175988K(699392K), 0.0094981 secs] [Times: user=0.10 sys=0.00, real=0.01 secs] 
2016-09-15T11:41:37.388-0400: 80.687: [GC (Allocation Failure) [PSYoungGen: 137340K->55679K(175104K)] 270392K->200993K(699392K), 0.0079761 secs] [Times: user=0.08 sys=0.00, real=0.01 secs] 
2016-09-15T11:41:37.509-0400: 80.808: [GC (GCLocker Initiated GC) [PSYoungGen: 138477K->55319K(175104K)] 289866K->207139K(699392K), 0.0111221 secs] [Times: user=0.14 sys=0.00, real=0.01 secs] 
2016-09-15T11:41:37.655-0400: 80.954: [GC (GCLocker Initiated GC) [PSYoungGen: 143383K->85822K(175104K)] 295373K->262264K(699392K), 0.0141146 secs] [Times: user=0.16 sys=0.00, real=0.02 secs] 
2016-09-15T11:41:37.778-0400: 81.077: [GC (GCLocker Initiated GC) [PSYoungGen: 173886K->85858K(175104K)] 350399K->274820K(699392K), 0.0146219 secs] [Times: user=0.16 sys=0.00, real=0.01 secs] 
2016-09-15T11:41:37.916-0400: 81.215: [GC (Allocation Failure) [PSYoungGen: 173922K->55287K(175104K)] 369136K->293457K(699392K), 0.0192451 secs] [Times: user=0.18 sys=0.00, real=0.02 secs] 
2016-09-15T11:41:38.052-0400: 81.351: [GC (GCLocker Initiated GC) [PSYoungGen: 143351K->49148K(175104K)] 381522K->305804K(699392K), 0.0160868 secs] [Times: user=0.14 sys=0.00, real=0.02 secs] 
2016-09-15T11:41:38.193-0400: 81.492: [GC (GCLocker Initiated GC) [PSYoungGen: 137212K->36934K(175104K)] 394423K->312653K(699392K), 0.0194509 secs] [Times: user=0.19 sys=0.00, real=0.02 secs] 
2016-09-15T11:41:38.304-0400: 81.603: [GC (GCLocker Initiated GC) [PSYoungGen: 124998K->85562K(175104K)] 400753K->367676K(699392K), 0.0097559 secs] [Times: user=0.09 sys=0.00, real=0.01 secs] 
2016-09-15T11:41:38.447-0400: 81.746: [GC (GCLocker Initiated GC) [PSYoungGen: 173626K->37194K(175104K)] 468133K->404729K(699392K), 0.0097403 secs] [Times: user=0.13 sys=0.01, real=0.02 secs] 
2016-09-15T11:41:38.579-0400: 81.878: [GC (GCLocker Initiated GC) [PSYoungGen: 125258K->49248K(175104K)] 492929K->417327K(699392K), 0.0137260 secs] [Times: user=0.15 sys=0.01, real=0.01 secs] 
2016-09-15T11:41:38.707-0400: 82.006: [GC (GCLocker Initiated GC) [PSYoungGen: 137312K->55319K(175104K)] 505673K->442221K(699392K), 0.0088815 secs] [Times: user=0.08 sys=0.00, real=0.02 secs] 
2016-09-15T11:41:38.848-0400: 82.147: [GC (GCLocker Initiated GC) [PSYoungGen: 143383K->43073K(175104K)] 536484K->472719K(699392K), 0.0158294 secs] [Times: user=0.14 sys=0.00, real=0.01 secs] 
2016-09-15T11:41:38.995-0400: 82.294: [GC (GCLocker Initiated GC) [PSYoungGen: 131137K->73864K(175104K)] 560808K->521879K(699392K), 0.0084688 secs] [Times: user=0.10 sys=0.01, real=0.01 secs] 
2016-09-15T11:41:39.103-0400: 82.402: [Full GC (Ergonomics) [PSYoungGen: 161928K->0K(175104K)] [ParOldGen: 460398K->52864K(524288K)] 622326K->52864K(699392K), [Metaspace: 44320K->44320K(1087488K)], 0.0629773 secs] [Times: user=0.38 sys=0.01, real=0.06 secs] 
2016-09-15T11:41:39.268-0400: 82.566: [GC (GCLocker Initiated GC) [PSYoungGen: 88064K->86242K(175104K)] 140970K->181673K(699392K), 0.0099153 secs] [Times: user=0.14 sys=0.01, real=0.02 secs] 
2016-09-15T11:41:39.395-0400: 82.694: [GC (GCLocker Initiated GC) [PSYoungGen: 174306K->43301K(175104K)] 276011K->182143K(699392K), 0.0274197 secs] [Times: user=0.31 sys=0.01, real=0.03 secs] 
2016-09-15T11:41:39.502-0400: 82.801: [GC (GCLocker Initiated GC) [PSYoungGen: 131365K->67733K(175104K)] 270220K->206856K(699392K), 0.0150289 secs] [Times: user=0.15 sys=0.00, real=0.02 secs] 
2016-09-15T11:41:39.611-0400: 82.910: [GC (GCLocker Initiated GC) [PSYoungGen: 155797K->85954K(175104K)] 294979K->249572K(699392K), 0.0090879 secs] [Times: user=0.11 sys=0.00, real=0.01 secs] 
2016-09-15T11:41:39.720-0400: 83.019: [GC (GCLocker Initiated GC) [PSYoungGen: 174018K->67597K(175104K)] 337672K->310877K(699392K), 0.0143381 secs] [Times: user=0.16 sys=0.02, real=0.01 secs] 
2016-09-15T11:41:39.844-0400: 83.143: [GC (Allocation Failure) [PSYoungGen: 155661K->61590K(175104K)] 405092K->359733K(699392K), 0.0167288 secs] [Times: user=0.16 sys=0.00, real=0.02 secs] 
2016-09-15T11:41:40.002-0400: 83.301: [GC (GCLocker Initiated GC) [PSYoungGen: 149654K->61326K(175104K)] 447802K->414613K(699392K), 0.0244149 secs] [Times: user=0.31 sys=0.00, real=0.02 secs] 
2016-09-15T11:41:40.177-0400: 83.476: [GC (GCLocker Initiated GC) [PSYoungGen: 149390K->36934K(175104K)] 515137K->402760K(699392K), 0.0083911 secs] [Times: user=0.06 sys=0.00, real=0.00 secs] 
2016-09-15T11:41:40.295-0400: 83.593: [GC (GCLocker Initiated GC) [PSYoungGen: 124998K->85854K(175104K)] 497059K->458059K(699392K), 0.0171970 secs] [Times: user=0.23 sys=0.00, real=0.02 secs] 
2016-09-15T11:41:40.431-0400: 83.730: [GC (GCLocker Initiated GC) [PSYoungGen: 173918K->73672K(175104K)] 546339K->543444K(699392K), 0.0138556 secs] [Times: user=0.18 sys=0.00, real=0.01 secs] 
2016-09-15T11:41:40.445-0400: 83.744: [Full GC (Ergonomics) [PSYoungGen: 73672K->0K(175104K)] [ParOldGen: 469772K->58943K(524288K)] 543444K->58943K(699392K), [Metaspace: 44320K->44320K(1087488K)], 0.0514417 secs] [Times: user=0.33 sys=0.00, real=0.06 secs] 
2016-09-15T11:41:40.607-0400: 83.906: [GC (GCLocker Initiated GC) [PSYoungGen: 88064K->86498K(175104K)] 153852K->182661K(699392K), 0.0134784 secs] [Times: user=0.17 sys=0.02, real=0.02 secs] 
2016-09-15T11:41:40.720-0400: 84.019: [GC (GCLocker Initiated GC) [PSYoungGen: 174562K->79779K(175104K)] 270873K->256073K(699392K), 0.0107854 secs] [Times: user=0.16 sys=0.00, real=0.01 secs] 
2016-09-15T11:41:40.865-0400: 84.164: [GC (GCLocker Initiated GC) [PSYoungGen: 167843K->24784K(175104K)] 350483K->256112K(699392K), 0.0118615 secs] [Times: user=0.11 sys=0.01, real=0.02 secs] 
2016-09-15T11:41:40.993-0400: 84.292: [GC (Allocation Failure) [PSYoungGen: 112848K->79715K(175104K)] 344240K->311398K(699392K), 0.0263934 secs] [Times: user=0.30 sys=0.00, real=0.03 secs] 
2016-09-15T11:41:41.147-0400: 84.446: [GC (GCLocker Initiated GC) [PSYoungGen: 167779K->54995K(175104K)] 399468K->323401K(699392K), 0.0271512 secs] [Times: user=0.26 sys=0.00, real=0.03 secs] 
2016-09-15T11:41:41.298-0400: 84.597: [GC (GCLocker Initiated GC) [PSYoungGen: 143059K->79583K(175104K)] 411631K->366507K(699392K), 0.0211129 secs] [Times: user=0.29 sys=0.02, real=0.02 secs] 
2016-09-15T11:41:41.452-0400: 84.750: [GC (GCLocker Initiated GC) [PSYoungGen: 167647K->74132K(175104K)] 460806K->391719K(699392K), 0.0084640 secs] [Times: user=0.12 sys=0.00, real=0.01 secs] 
2016-09-15T11:41:41.608-0400: 84.907: [GC (GCLocker Initiated GC) [PSYoungGen: 162196K->85626K(175104K)] 479824K->440020K(699392K), 0.0098468 secs] [Times: user=0.15 sys=0.00, real=0.01 secs] 
2016-09-15T11:41:41.756-0400: 85.055: [GC (Allocation Failure) [PSYoungGen: 173690K->42877K(175104K)] 528649K->434398K(699392K), 0.0107290 secs] [Times: user=0.11 sys=0.00, real=0.00 secs] 
2016-09-15T11:41:41.875-0400: 85.174: [GC (GCLocker Initiated GC) [PSYoungGen: 129214K->73576K(175104K)] 526810K->471283K(699392K), 0.0104565 secs] [Times: user=0.11 sys=0.00, real=0.01 secs] 
2016-09-15T11:41:42.024-0400: 85.323: [GC (GCLocker Initiated GC) [PSYoungGen: 161640K->55515K(175104K)] 565638K->478046K(699392K), 0.0151607 secs] [Times: user=0.15 sys=0.01, real=0.02 secs] 
2016-09-15T11:41:42.132-0400: 85.431: [GC (GCLocker Initiated GC) [PSYoungGen: 143579K->85662K(175104K)] 566471K->514748K(699392K), 0.0158506 secs] [Times: user=0.18 sys=0.00, real=0.02 secs] 
2016-09-15T11:41:42.272-0400: 85.571: [GC (GCLocker Initiated GC) [PSYoungGen: 173726K->85758K(175104K)] 602861K->575950K(699392K), 0.0121476 secs] [Times: user=0.17 sys=0.01, real=0.01 secs] 
2016-09-15T11:41:42.284-0400: 85.583: [Full GC (Ergonomics) [PSYoungGen: 85758K->0K(175104K)] [ParOldGen: 490192K->52914K(524288K)] 575950K->52914K(699392K), [Metaspace: 44332K->44332K(1087488K)], 0.0637542 secs] [Times: user=0.53 sys=0.00, real=0.07 secs] 
2016-09-15T11:41:42.458-0400: 85.757: [GC (GCLocker Initiated GC) [PSYoungGen: 88064K->86498K(175104K)] 147117K->188076K(699392K), 0.0109911 secs] [Times: user=0.14 sys=0.01, real=0.01 secs] 
2016-09-15T11:41:42.562-0400: 85.861: [GC (GCLocker Initiated GC) [PSYoungGen: 174562K->86018K(175104K)] 276496K->249889K(699392K), 0.0105590 secs] [Times: user=0.16 sys=0.00, real=0.01 secs] 
2016-09-15T11:41:42.692-0400: 85.991: [GC (GCLocker Initiated GC) [PSYoungGen: 174082K->73480K(175104K)] 338141K->274256K(699392K), 0.0214569 secs] [Times: user=0.19 sys=0.00, real=0.02 secs] 
2016-09-15T11:41:42.842-0400: 86.140: [GC (GCLocker Initiated GC) [PSYoungGen: 161544K->55611K(175104K)] 374685K->287277K(699392K), 0.0203193 secs] [Times: user=0.26 sys=0.00, real=0.02 secs] 
2016-09-15T11:41:43.002-0400: 86.301: [GC (GCLocker Initiated GC) [PSYoungGen: 143675K->73872K(175104K)] 381481K->312117K(699392K), 0.0138370 secs] [Times: user=0.16 sys=0.00, real=0.02 secs] 
2016-09-15T11:41:43.128-0400: 86.427: [GC (GCLocker Initiated GC) [PSYoungGen: 161936K->73704K(175104K)] 406298K->354644K(699392K), 0.0319880 secs] [Times: user=0.41 sys=0.00, real=0.03 secs] 
2016-09-15T11:41:43.281-0400: 86.580: [GC (GCLocker Initiated GC) [PSYoungGen: 161768K->61426K(175104K)] 449099K->409822K(699392K), 0.0177419 secs] [Times: user=0.22 sys=0.00, real=0.02 secs] 
2016-09-15T11:41:43.426-0400: 86.724: [GC (GCLocker Initiated GC) [PSYoungGen: 149490K->61462K(175104K)] 504204K->416444K(699392K), 0.0104347 secs] [Times: user=0.08 sys=0.00, real=0.02 secs] 
2016-09-15T11:41:43.577-0400: 86.876: [GC (GCLocker Initiated GC) [PSYoungGen: 149526K->24816K(175104K)] 510595K->404353K(699392K), 0.0170193 secs] [Times: user=0.15 sys=0.00, real=0.01 secs] 
2016-09-15T11:41:43.699-0400: 86.997: [GC (Allocation Failure) [PSYoungGen: 112880K->55351K(175104K)] 498741K->441339K(699392K), 0.0101816 secs] [Times: user=0.11 sys=0.01, real=0.01 secs] 
2016-09-15T11:41:43.841-0400: 87.140: [GC (GCLocker Initiated GC) [PSYoungGen: 138657K->55287K(175104K)] 530721K->447650K(699392K), 0.0149825 secs] [Times: user=0.20 sys=0.01, real=0.02 secs] 
2016-09-15T11:41:43.967-0400: 87.266: [GC (GCLocker Initiated GC) [PSYoungGen: 143351K->55187K(175104K)] 535767K->447886K(699392K), 0.0101379 secs] [Times: user=0.14 sys=0.00, real=0.02 secs] 
2016-09-15T11:41:44.090-0400: 87.389: [GC (GCLocker Initiated GC) [PSYoungGen: 143251K->79979K(175104K)] 542235K->497331K(699392K), 0.0082273 secs] [Times: user=0.10 sys=0.00, real=0.01 secs] 
2016-09-15T11:41:44.232-0400: 87.531: [GC (GCLocker Initiated GC) [PSYoungGen: 168043K->86018K(175104K)] 585627K->564652K(699392K), 0.0114744 secs] [Times: user=0.16 sys=0.01, real=0.01 secs] 
2016-09-15T11:41:44.244-0400: 87.543: [Full GC (Ergonomics) [PSYoungGen: 86018K->0K(175104K)] [ParOldGen: 478634K->52936K(524288K)] 564652K->52936K(699392K), [Metaspace: 44332K->44332K(1087488K)], 0.0654167 secs] [Times: user=0.50 sys=0.00, real=0.07 secs] 
2016-09-15T11:41:44.439-0400: 87.738: [GC (GCLocker Initiated GC) [PSYoungGen: 88064K->86018K(175104K)] 141232K->163486K(699392K), 0.0120524 secs] [Times: user=0.16 sys=0.00, real=0.01 secs] 
2016-09-15T11:41:44.579-0400: 87.878: [GC (GCLocker Initiated GC) [PSYoungGen: 174082K->43169K(175104K)] 257835K->200121K(699392K), 0.0101639 secs] [Times: user=0.14 sys=0.00, real=0.01 secs] 
2016-09-15T11:41:44.700-0400: 87.999: [GC (Allocation Failure) [PSYoungGen: 131233K->73804K(175104K)] 294605K->273745K(699392K), 0.0162990 secs] [Times: user=0.21 sys=0.00, real=0.02 secs] 
2016-09-15T11:41:44.857-0400: 88.156: [GC (GCLocker Initiated GC) [PSYoungGen: 161868K->73672K(175104K)] 361815K->310532K(699392K), 0.0292076 secs] [Times: user=0.33 sys=0.01, real=0.02 secs] 
2016-09-15T11:41:45.007-0400: 88.306: [GC (GCLocker Initiated GC) [PSYoungGen: 161736K->73676K(175104K)] 398902K->329147K(699392K), 0.0282392 secs] [Times: user=0.27 sys=0.01, real=0.03 secs] 
2016-09-15T11:41:45.144-0400: 88.443: [GC (GCLocker Initiated GC) [PSYoungGen: 161740K->73640K(175104K)] 423596K->354037K(699392K), 0.0080858 secs] [Times: user=0.13 sys=0.00, real=0.01 secs] 
2016-09-15T11:41:45.271-0400: 88.570: [GC (Allocation Failure) [PSYoungGen: 161704K->73804K(175104K)] 442310K->390996K(699392K), 0.0106163 secs] [Times: user=0.15 sys=0.00, real=0.01 secs] 
2016-09-15T11:41:45.409-0400: 88.708: [GC (GCLocker Initiated GC) [PSYoungGen: 161868K->79683K(175104K)] 479065K->415389K(699392K), 0.0225811 secs] [Times: user=0.29 sys=0.00, real=0.02 secs] 
2016-09-15T11:41:45.582-0400: 88.881: [GC (GCLocker Initiated GC) [PSYoungGen: 167747K->55515K(175104K)] 509855K->415952K(699392K), 0.0154576 secs] [Times: user=0.22 sys=0.00, real=0.02 secs] 
2016-09-15T11:41:45.708-0400: 89.007: [GC (GCLocker Initiated GC) [PSYoungGen: 143579K->85726K(175104K)] 510115K->470803K(699392K), 0.0105921 secs] [Times: user=0.15 sys=0.00, real=0.01 secs] 
2016-09-15T11:41:45.864-0400: 89.163: [GC (GCLocker Initiated GC) [PSYoungGen: 173790K->37322K(175104K)] 577168K->507856K(699392K), 0.0240859 secs] [Times: user=0.29 sys=0.00, real=0.03 secs] 
2016-09-15T11:41:45.888-0400: 89.187: [Full GC (Ergonomics) [PSYoungGen: 37322K->0K(175104K)] [ParOldGen: 470534K->52876K(524288K)] 507856K->52876K(699392K), [Metaspace: 44338K->44338K(1087488K)], 0.0565732 secs] [Times: user=0.38 sys=0.01, real=0.05 secs] 
2016-09-15T11:41:46.063-0400: 89.362: [GC (GCLocker Initiated GC) [PSYoungGen: 88064K->85986K(175104K)] 141222K->145219K(699392K), 0.0086996 secs] [Times: user=0.11 sys=0.00, real=0.01 secs] 
2016-09-15T11:41:46.217-0400: 89.516: [GC (GCLocker Initiated GC) [PSYoungGen: 174050K->73704K(175104K)] 239462K->176046K(699392K), 0.0094116 secs] [Times: user=0.14 sys=0.00, real=0.00 secs] 
2016-09-15T11:41:46.321-0400: 89.620: [GC (GCLocker Initiated GC) [PSYoungGen: 161768K->79847K(175104K)] 264221K->231216K(699392K), 0.0097652 secs] [Times: user=0.14 sys=0.00, real=0.01 secs] 
2016-09-15T11:41:46.485-0400: 89.784: [GC (GCLocker Initiated GC) [PSYoungGen: 167911K->55383K(175104K)] 325559K->268177K(699392K), 0.0116788 secs] [Times: user=0.15 sys=0.01, real=0.02 secs] 
2016-09-15T11:41:46.616-0400: 89.915: [GC (GCLocker Initiated GC) [PSYoungGen: 143447K->85626K(175104K)] 356306K->341309K(699392K), 0.0151463 secs] [Times: user=0.21 sys=0.00, real=0.01 secs] 
2016-09-15T11:41:46.750-0400: 90.049: [GC (Allocation Failure) [PSYoungGen: 173690K->61330K(175104K)] 435546K->341539K(699392K), 0.0192681 secs] [Times: user=0.18 sys=0.00, real=0.02 secs] 
2016-09-15T11:41:46.912-0400: 90.211: [GC (GCLocker Initiated GC) [PSYoungGen: 149380K->73380K(175104K)] 429717K->390466K(699392K), 0.0213354 secs] [Times: user=0.24 sys=0.00, real=0.02 secs] 
2016-09-15T11:41:47.051-0400: 90.350: [GC (GCLocker Initiated GC) [PSYoungGen: 161444K->79583K(175104K)] 484647K->421099K(699392K), 0.0214848 secs] [Times: user=0.23 sys=0.00, real=0.02 secs] 
2016-09-15T11:41:47.169-0400: 90.468: [GC (GCLocker Initiated GC) [PSYoungGen: 167647K->67601K(175104K)] 509344K->445836K(699392K), 0.0137101 secs] [Times: user=0.13 sys=0.00, real=0.01 secs] 
2016-09-15T11:41:47.297-0400: 90.596: [GC (Allocation Failure) [PSYoungGen: 155665K->61522K(175104K)] 540039K->506953K(699392K), 0.0125849 secs] [Times: user=0.18 sys=0.00, real=0.01 secs] 
2016-09-15T11:41:47.438-0400: 90.737: [GC (GCLocker Initiated GC) [PSYoungGen: 149586K->73416K(175104K)] 595017K->519107K(699392K), 0.0152003 secs] [Times: user=0.18 sys=0.00, real=0.01 secs] 
2016-09-15T11:41:47.453-0400: 90.752: [Full GC (Ergonomics) [PSYoungGen: 73416K->0K(175104K)] [ParOldGen: 445691K->47272K(524288K)] 519107K->47272K(699392K), [Metaspace: 44351K->44351K(1087488K)], 0.0508572 secs] [Times: user=0.35 sys=0.01, real=0.05 secs] 
2016-09-15T11:41:47.623-0400: 90.922: [GC (GCLocker Initiated GC) [PSYoungGen: 88064K->85694K(175104K)] 141459K->175539K(699392K), 0.0180326 secs] [Times: user=0.21 sys=0.01, real=0.02 secs] 
2016-09-15T11:41:47.783-0400: 91.082: [GC (GCLocker Initiated GC) [PSYoungGen: 173758K->19128K(175104K)] 282038K->212930K(699392K), 0.0096599 secs] [Times: user=0.11 sys=0.00, real=0.01 secs] 
2016-09-15T11:41:47.907-0400: 91.206: [GC (GCLocker Initiated GC) [PSYoungGen: 107192K->73704K(175104K)] 301144K->268126K(699392K), 0.0113561 secs] [Times: user=0.13 sys=0.00, real=0.02 secs] 
2016-09-15T11:41:48.074-0400: 91.373: [GC (Allocation Failure) [PSYoungGen: 161768K->67501K(175104K)] 356546K->280599K(699392K), 0.0081853 secs] [Times: user=0.08 sys=0.00, real=0.01 secs] 
2016-09-15T11:41:48.209-0400: 91.507: [GC (GCLocker Initiated GC) [PSYoungGen: 155565K->73412K(175104K)] 368664K->286794K(699392K), 0.0106181 secs] [Times: user=0.13 sys=0.00, real=0.01 secs] 
2016-09-15T11:41:48.313-0400: 91.612: [GC (GCLocker Initiated GC) [PSYoungGen: 161476K->85790K(175104K)] 374962K->305487K(699392K), 0.0099643 secs] [Times: user=0.12 sys=0.00, real=0.01 secs] 
2016-09-15T11:41:48.468-0400: 91.767: [GC (GCLocker Initiated GC) [PSYoungGen: 173854K->55283K(175104K)] 400345K->348922K(699392K), 0.0120598 secs] [Times: user=0.18 sys=0.01, real=0.01 secs] 
2016-09-15T11:41:48.596-0400: 91.895: [GC (Allocation Failure) [PSYoungGen: 143344K->73804K(175104K)] 437333K->367913K(699392K), 0.0161949 secs] [Times: user=0.20 sys=0.00, real=0.01 secs] 
2016-09-15T11:41:48.708-0400: 92.006: [GC (GCLocker Initiated GC) [PSYoungGen: 161868K->73508K(175104K)] 455982K->404552K(699392K), 0.0097675 secs] [Times: user=0.11 sys=0.00, real=0.02 secs] 
2016-09-15T11:41:48.837-0400: 92.136: [GC (GCLocker Initiated GC) [PSYoungGen: 161572K->85922K(175104K)] 492664K->453591K(699392K), 0.0121074 secs] [Times: user=0.15 sys=0.00, real=0.01 secs] 
2016-09-15T11:41:48.953-0400: 92.252: [GC (Allocation Failure) [PSYoungGen: 173986K->49340K(175104K)] 547929K->484488K(699392K), 0.0156506 secs] [Times: user=0.16 sys=0.00, real=0.02 secs] 
2016-09-15T11:41:48.969-0400: 92.268: [Full GC (Ergonomics) [PSYoungGen: 49340K->0K(175104K)] [ParOldGen: 435148K->45810K(524288K)] 484488K->45810K(699392K), [Metaspace: 44351K->44351K(1087488K)], 0.0735698 secs] [Times: user=0.63 sys=0.01, real=0.07 secs] 
2016-09-15T11:41:49.158-0400: 92.456: [GC (GCLocker Initiated GC) [PSYoungGen: 88064K->73896K(175104K)] 133885K->119718K(699392K), 0.0083631 secs] [Times: user=0.10 sys=0.00, real=0.00 secs] 
2016-09-15T11:41:49.298-0400: 92.597: [GC (GCLocker Initiated GC) [PSYoungGen: 161960K->73672K(175104K)] 219956K->150449K(699392K), 0.0142210 secs] [Times: user=0.18 sys=0.00, real=0.01 secs] 
2016-09-15T11:41:49.447-0400: 92.746: [GC (GCLocker Initiated GC) [PSYoungGen: 161736K->73640K(175104K)] 244618K->193279K(699392K), 0.0097725 secs] [Times: user=0.12 sys=0.00, real=0.02 secs] 
2016-09-15T11:41:49.600-0400: 92.899: [GC (GCLocker Initiated GC) [PSYoungGen: 161704K->36902K(175104K)] 287434K->181117K(699392K), 0.0431259 secs] [Times: user=0.46 sys=0.00, real=0.04 secs] 
2016-09-15T11:41:49.761-0400: 93.060: [GC (GCLocker Initiated GC) [PSYoungGen: 124966K->85822K(175104K)] 269223K->266664K(699392K), 0.0118748 secs] [Times: user=0.14 sys=0.00, real=0.01 secs] 
2016-09-15T11:41:49.902-0400: 93.201: [GC (GCLocker Initiated GC) [PSYoungGen: 173886K->43329K(175104K)] 367234K->303833K(699392K), 0.0085574 secs] [Times: user=0.11 sys=0.00, real=0.01 secs] 
2016-09-15T11:41:50.050-0400: 93.349: [GC (GCLocker Initiated GC) [PSYoungGen: 131393K->67501K(175104K)] 404206K->340622K(699392K), 0.0080684 secs] [Times: user=0.11 sys=0.01, real=0.01 secs] 
2016-09-15T11:41:50.171-0400: 93.470: [GC (Allocation Failure) [PSYoungGen: 155565K->73544K(175104K)] 428934K->371505K(699392K), 0.0133050 secs] [Times: user=0.15 sys=0.00, real=0.01 secs] 
2016-09-15T11:41:50.300-0400: 93.599: [GC (GCLocker Initiated GC) [PSYoungGen: 161608K->67533K(175104K)] 459575K->402265K(699392K), 0.0125543 secs] [Times: user=0.16 sys=0.00, real=0.01 secs] 
2016-09-15T11:41:50.451-0400: 93.750: [GC (GCLocker Initiated GC) [PSYoungGen: 155597K->73672K(175104K)] 496619K->433227K(699392K), 0.0086144 secs] [Times: user=0.12 sys=0.00, real=0.01 secs] 
2016-09-15T11:41:50.609-0400: 93.908: [GC (GCLocker Initiated GC) [PSYoungGen: 161736K->67501K(175104K)] 533483K->439539K(699392K), 0.0097524 secs] [Times: user=0.13 sys=0.01, real=0.01 secs] 
2016-09-15T11:41:50.738-0400: 94.037: [GC (Allocation Failure) [PSYoungGen: 155565K->67597K(175104K)] 533888K->458345K(699392K), 0.0097155 secs] [Times: user=0.09 sys=0.00, real=0.00 secs] 
2016-09-15T11:41:50.873-0400: 94.172: [GC (GCLocker Initiated GC) [PSYoungGen: 155661K->73544K(175104K)] 546415K->500883K(699392K), 0.0193198 secs] [Times: user=0.23 sys=0.00, real=0.02 secs] 
2016-09-15T11:41:51.014-0400: 94.313: [GC (Allocation Failure) [PSYoungGen: 161608K->73644K(175104K)] 589241K->501365K(699392K), 0.0164654 secs] [Times: user=0.11 sys=0.00, real=0.02 secs] 
2016-09-15T11:41:51.172-0400: 94.471: [GC (GCLocker Initiated GC) [PSYoungGen: 156099K->18773K(175104K)] 589895K->489278K(699392K), 0.0171047 secs] [Times: user=0.17 sys=0.00, real=0.02 secs] 
2016-09-15T11:41:51.189-0400: 94.488: [Full GC (Ergonomics) [PSYoungGen: 18773K->0K(175104K)] [ParOldGen: 470505K->40155K(524288K)] 489278K->40155K(699392K), [Metaspace: 44351K->44351K(1087488K)], 0.0601465 secs] [Times: user=0.32 sys=0.01, real=0.06 secs] 
2016-09-15T11:41:51.367-0400: 94.666: [GC (Allocation Failure) [PSYoungGen: 88064K->86114K(175104K)] 134391K->162817K(699392K), 0.0244156 secs] [Times: user=0.25 sys=0.01, real=0.03 secs] 
2016-09-15T11:41:51.492-0400: 94.791: [GC (GCLocker Initiated GC) [PSYoungGen: 171331K->73640K(175104K)] 254109K->211670K(699392K), 0.0253575 secs] [Times: user=0.28 sys=0.01, real=0.03 secs] 
2016-09-15T11:41:51.627-0400: 94.926: [GC (GCLocker Initiated GC) [PSYoungGen: 161704K->61298K(175104K)] 299814K->217885K(699392K), 0.0177506 secs] [Times: user=0.21 sys=0.00, real=0.02 secs] 
2016-09-15T11:41:51.753-0400: 95.052: [GC (GCLocker Initiated GC) [PSYoungGen: 149362K->85726K(175104K)] 306014K->254804K(699392K), 0.0129394 secs] [Times: user=0.10 sys=0.00, real=0.01 secs] 
2016-09-15T11:41:51.873-0400: 95.172: [GC (GCLocker Initiated GC) [PSYoungGen: 173790K->31150K(175104K)] 342919K->249179K(699392K), 0.0250980 secs] [Times: user=0.30 sys=0.00, real=0.03 secs] 
2016-09-15T11:41:52.016-0400: 95.315: [GC (Allocation Failure) [PSYoungGen: 119214K->85594K(175104K)] 338004K->304790K(699392K), 0.0210501 secs] [Times: user=0.22 sys=0.00, real=0.02 secs] 
2016-09-15T11:41:52.155-0400: 95.454: [GC (GCLocker Initiated GC) [PSYoungGen: 173658K->85822K(175104K)] 392860K->347708K(699392K), 0.0100530 secs] [Times: user=0.15 sys=0.00, real=0.01 secs] 
2016-09-15T11:41:52.293-0400: 95.592: [GC (GCLocker Initiated GC) [PSYoungGen: 173886K->61426K(175104K)] 442080K->366205K(699392K), 0.0205311 secs] [Times: user=0.27 sys=0.00, real=0.02 secs] 
2016-09-15T11:41:52.437-0400: 95.736: [GC (GCLocker Initiated GC) [PSYoungGen: 149490K->85790K(175104K)] 454480K->433597K(699392K), 0.0110503 secs] [Times: user=0.13 sys=0.00, real=0.01 secs] 
2016-09-15T11:41:52.583-0400: 95.882: [GC (Allocation Failure) [PSYoungGen: 173854K->79519K(175104K)] 527906K->452088K(699392K), 0.0151120 secs] [Times: user=0.20 sys=0.01, real=0.02 secs] 
2016-09-15T11:41:52.599-0400: 95.898: [GC (GCLocker Initiated GC) [PSYoungGen: 80018K->32K(175104K)] 452587K->451788K(699392K), 0.0075193 secs] [Times: user=0.09 sys=0.00, real=0.00 secs] 
2016-09-15T11:41:52.606-0400: 95.905: [Full GC (Ergonomics) [PSYoungGen: 32K->0K(175104K)] [ParOldGen: 451756K->45726K(524288K)] 451788K->45726K(699392K), [Metaspace: 44353K->44353K(1087488K)], 0.0581432 secs] [Times: user=0.44 sys=0.01, real=0.06 secs] 
2016-09-15T11:41:52.792-0400: 96.090: [GC (GCLocker Initiated GC) [PSYoungGen: 85330K->74420K(175104K)] 137131K->126221K(699392K), 0.0133788 secs] [Times: user=0.14 sys=0.00, real=0.01 secs] 
2016-09-15T11:41:52.932-0400: 96.231: [GC (GCLocker Initiated GC) [PSYoungGen: 162484K->55807K(175104K)] 220654K->133257K(699392K), 0.0083915 secs] [Times: user=0.12 sys=0.01, real=0.01 secs] 
2016-09-15T11:41:53.057-0400: 96.356: [GC (GCLocker Initiated GC) [PSYoungGen: 143871K->55579K(175104K)] 233815K->145659K(699392K), 0.0077192 secs] [Times: user=0.09 sys=0.01, real=0.00 secs] 
2016-09-15T11:41:53.214-0400: 96.513: [GC (Allocation Failure) [PSYoungGen: 143643K->79683K(175104K)] 233866K->188438K(699392K), 0.0081143 secs] [Times: user=0.11 sys=0.00, real=0.01 secs] 
2016-09-15T11:41:53.321-0400: 96.619: [GC (GCLocker Initiated GC) [PSYoungGen: 167747K->67373K(175104K)] 276502K->218913K(699392K), 0.0165034 secs] [Times: user=0.18 sys=0.00, real=0.02 secs] 
2016-09-15T11:41:53.455-0400: 96.754: [GC (Allocation Failure) [PSYoungGen: 155437K->61330K(175104K)] 307181K->237657K(699392K), 0.0137776 secs] [Times: user=0.12 sys=0.00, real=0.02 secs] 
2016-09-15T11:41:53.595-0400: 96.893: [GC (GCLocker Initiated GC) [PSYoungGen: 144432K->55287K(175104K)] 326835K->256190K(699392K), 0.0108148 secs] [Times: user=0.10 sys=0.00, real=0.01 secs] 
2016-09-15T11:41:53.724-0400: 97.023: [GC (GCLocker Initiated GC) [PSYoungGen: 143351K->55319K(175104K)] 344431K->274752K(699392K), 0.0119672 secs] [Times: user=0.13 sys=0.00, real=0.02 secs] 
2016-09-15T11:41:53.862-0400: 97.161: [GC (GCLocker Initiated GC) [PSYoungGen: 143383K->85726K(175104K)] 362869K->323565K(699392K), 0.0127817 secs] [Times: user=0.13 sys=0.00, real=0.01 secs] 
2016-09-15T11:41:53.983-0400: 97.282: [GC (GCLocker Initiated GC) [PSYoungGen: 173790K->43397K(175104K)] 417880K->348372K(699392K), 0.0096153 secs] [Times: user=0.13 sys=0.00, real=0.01 secs] 
2016-09-15T11:41:54.105-0400: 97.404: [GC (GCLocker Initiated GC) [PSYoungGen: 131461K->55287K(175104K)] 436601K->378927K(699392K), 0.0121082 secs] [Times: user=0.12 sys=0.00, real=0.02 secs] 
2016-09-15T11:41:54.256-0400: 97.555: [GC (GCLocker Initiated GC) [PSYoungGen: 143351K->43173K(175104K)] 479189K->385174K(699392K), 0.0107966 secs] [Times: user=0.08 sys=0.00, real=0.00 secs] 
2016-09-15T11:41:54.370-0400: 97.669: [GC (Allocation Failure) [PSYoungGen: 131237K->79747K(175104K)] 473273K->452482K(699392K), 0.0104357 secs] [Times: user=0.12 sys=0.01, real=0.01 secs] 
2016-09-15T11:41:54.487-0400: 97.786: [GC (GCLocker Initiated GC) [PSYoungGen: 163184K->73640K(175104K)] 541994K->470982K(699392K), 0.0152719 secs] [Times: user=0.21 sys=0.00, real=0.02 secs] 
2016-09-15T11:41:54.655-0400: 97.954: [GC (GCLocker Initiated GC) [PSYoungGen: 161704K->85434K(175104K)] 559155K->501378K(699392K), 0.0249713 secs] [Times: user=0.26 sys=0.02, real=0.03 secs] 
2016-09-15T11:41:54.840-0400: 98.139: [GC (GCLocker Initiated GC) [PSYoungGen: 173498K->67145K(175104K)] 589490K->501465K(699392K), 0.0371037 secs] [Times: user=0.35 sys=0.00, real=0.04 secs] 
2016-09-15T11:41:55.004-0400: 98.303: [GC (GCLocker Initiated GC) [PSYoungGen: 155209K->61134K(175104K)] 595640K->525976K(699392K), 0.0140993 secs] [Times: user=0.10 sys=0.00, real=0.02 secs] 
2016-09-15T11:41:55.140-0400: 98.439: [Full GC (Ergonomics) [PSYoungGen: 149198K->0K(175104K)] [ParOldGen: 477325K->52542K(524288K)] 626524K->52542K(699392K), [Metaspace: 44355K->44355K(1087488K)], 0.0491160 secs] [Times: user=0.24 sys=0.01, real=0.05 secs] 
2016-09-15T11:41:55.289-0400: 98.588: [GC (GCLocker Initiated GC) [PSYoungGen: 88064K->73412K(175104K)] 140878K->126226K(699392K), 0.0153431 secs] [Times: user=0.18 sys=0.00, real=0.01 secs] 
2016-09-15T11:41:55.407-0400: 98.706: [GC (GCLocker Initiated GC) [PSYoungGen: 161476K->79847K(175104K)] 220670K->193844K(699392K), 0.0191086 secs] [Times: user=0.18 sys=0.00, real=0.02 secs] 
2016-09-15T11:41:55.537-0400: 98.836: [GC (GCLocker Initiated GC) [PSYoungGen: 167911K->79715K(175104K)] 282095K->243307K(699392K), 0.0155260 secs] [Times: user=0.18 sys=0.00, real=0.01 secs] 
2016-09-15T11:41:55.686-0400: 98.985: [GC (GCLocker Initiated GC) [PSYoungGen: 167779K->37062K(175104K)] 343534K->285985K(699392K), 0.0115596 secs] [Times: user=0.12 sys=0.00, real=0.02 secs] 
2016-09-15T11:41:55.860-0400: 99.159: [GC (GCLocker Initiated GC) [PSYoungGen: 125126K->36962K(175104K)] 386202K->298173K(699392K), 0.0082360 secs] [Times: user=0.07 sys=0.00, real=0.01 secs] 
2016-09-15T11:41:56.011-0400: 99.310: [GC (GCLocker Initiated GC) [PSYoungGen: 125026K->79519K(175104K)] 398429K->353065K(699392K), 0.0108437 secs] [Times: user=0.11 sys=0.00, real=0.01 secs] 
2016-09-15T11:41:56.125-0400: 99.424: [GC (GCLocker Initiated GC) [PSYoungGen: 167583K->61750K(175104K)] 447371K->384222K(699392K), 0.0114027 secs] [Times: user=0.13 sys=0.00, real=0.02 secs] 
2016-09-15T11:41:56.257-0400: 99.556: [GC (Allocation Failure) [PSYoungGen: 149814K->67633K(175104K)] 472507K->408842K(699392K), 0.0225062 secs] [Times: user=0.26 sys=0.00, real=0.02 secs] 
2016-09-15T11:41:56.419-0400: 99.717: [GC (GCLocker Initiated GC) [PSYoungGen: 155697K->61490K(175104K)] 496907K->439433K(699392K), 0.0145596 secs] [Times: user=0.18 sys=0.00, real=0.01 secs] 
2016-09-15T11:41:56.542-0400: 99.841: [GC (GCLocker Initiated GC) [PSYoungGen: 149554K->85790K(175104K)] 527579K->482207K(699392K), 0.0121586 secs] [Times: user=0.15 sys=0.00, real=0.01 secs] 
2016-09-15T11:41:56.671-0400: 99.970: [GC (GCLocker Initiated GC) [PSYoungGen: 173854K->49244K(175104K)] 570307K->506715K(699392K), 0.0113351 secs] [Times: user=0.11 sys=0.00, real=0.01 secs] 
2016-09-15T11:41:56.683-0400: 99.981: [Full GC (Ergonomics) [PSYoungGen: 49244K->0K(175104K)] [ParOldGen: 457471K->40024K(524288K)] 506715K->40024K(699392K), [Metaspace: 44355K->44355K(1087488K)], 0.0547149 secs] [Times: user=0.30 sys=0.00, real=0.06 secs] 
2016-09-15T11:41:56.870-0400: 100.169: [GC (GCLocker Initiated GC) [PSYoungGen: 88064K->74028K(175104K)] 146471K->132436K(699392K), 0.0117880 secs] [Times: user=0.15 sys=0.00, real=0.01 secs] 
2016-09-15T11:41:57.011-0400: 100.310: [GC (Allocation Failure) [PSYoungGen: 162092K->37453K(175104K)] 232719K->157392K(699392K), 0.0123471 secs] [Times: user=0.13 sys=0.00, real=0.01 secs] 
2016-09-15T11:41:57.128-0400: 100.427: [GC (GCLocker Initiated GC) [PSYoungGen: 122487K->73740K(175104K)] 248501K->200060K(699392K), 0.0094071 secs] [Times: user=0.10 sys=0.00, real=0.01 secs] 
2016-09-15T11:41:57.282-0400: 100.581: [GC (Allocation Failure) [PSYoungGen: 161804K->73544K(175104K)] 288328K->236630K(699392K), 0.0129319 secs] [Times: user=0.13 sys=0.00, real=0.01 secs] 
2016-09-15T11:41:57.435-0400: 100.733: [GC (GCLocker Initiated GC) [PSYoungGen: 159011K->55287K(175104K)] 328173K->224723K(699392K), 0.0216323 secs] [Times: user=0.29 sys=0.00, real=0.03 secs] 
2016-09-15T11:41:57.575-0400: 100.874: [GC (GCLocker Initiated GC) [PSYoungGen: 143351K->37453K(175104K)] 325287K->219509K(699392K), 0.0130522 secs] [Times: user=0.18 sys=0.00, real=0.02 secs] 
2016-09-15T11:41:57.696-0400: 100.995: [GC (GCLocker Initiated GC) [PSYoungGen: 125517K->37094K(175104K)] 326109K->256217K(699392K), 0.0134264 secs] [Times: user=0.20 sys=0.00, real=0.01 secs] 
2016-09-15T11:41:57.834-0400: 101.133: [GC (Allocation Failure) [PSYoungGen: 125158K->85922K(175104K)] 344451K->311418K(699392K), 0.0091809 secs] [Times: user=0.11 sys=0.01, real=0.01 secs] 
2016-09-15T11:41:57.957-0400: 101.256: [GC (GCLocker Initiated GC) [PSYoungGen: 168789K->37062K(175104K)] 400360K->305366K(699392K), 0.0097623 secs] [Times: user=0.13 sys=0.00, real=0.00 secs] 
2016-09-15T11:41:58.081-0400: 101.380: [GC (GCLocker Initiated GC) [PSYoungGen: 125126K->73544K(175104K)] 393982K->342504K(699392K), 0.0208766 secs] [Times: user=0.23 sys=0.00, real=0.02 secs] 
2016-09-15T11:41:58.229-0400: 101.528: [GC (GCLocker Initiated GC) [PSYoungGen: 161608K->55159K(175104K)] 430587K->342622K(699392K), 0.0147638 secs] [Times: user=0.13 sys=0.00, real=0.01 secs] 
2016-09-15T11:41:58.372-0400: 101.671: [GC (GCLocker Initiated GC) [PSYoungGen: 143223K->55059K(175104K)] 436803K->348882K(699392K), 0.0094814 secs] [Times: user=0.08 sys=0.00, real=0.01 secs] 
2016-09-15T11:41:58.494-0400: 101.793: [GC (GCLocker Initiated GC) [PSYoungGen: 143123K->55319K(175104K)] 449328K->398110K(699392K), 0.0102121 secs] [Times: user=0.09 sys=0.00, real=0.01 secs] 
2016-09-15T11:41:58.631-0400: 101.930: [GC (GCLocker Initiated GC) [PSYoungGen: 143383K->85758K(175104K)] 486411K->435137K(699392K), 0.0128710 secs] [Times: user=0.17 sys=0.00, real=0.01 secs] 
2016-09-15T11:41:58.773-0400: 102.072: [GC (GCLocker Initiated GC) [PSYoungGen: 173822K->37158K(175104K)] 523562K->423475K(699392K), 0.0164585 secs] [Times: user=0.16 sys=0.00, real=0.02 secs] 
2016-09-15T11:41:58.897-0400: 102.196: [GC (GCLocker Initiated GC) [PSYoungGen: 125222K->55191K(175104K)] 517757K->484264K(699392K), 0.0196388 secs] [Times: user=0.21 sys=0.00, real=0.02 secs] 
2016-09-15T11:41:59.059-0400: 102.357: [GC (GCLocker Initiated GC) [PSYoungGen: 143255K->61266K(175104K)] 578557K->496671K(699392K), 0.0119485 secs] [Times: user=0.10 sys=0.00, real=0.01 secs] 
2016-09-15T11:41:59.228-0400: 102.527: [GC (GCLocker Initiated GC) [PSYoungGen: 149330K->49116K(175104K)] 597139K->539710K(699392K), 0.0188161 secs] [Times: user=0.17 sys=0.00, real=0.01 secs] 
2016-09-15T11:41:59.247-0400: 102.546: [Full GC (Ergonomics) [PSYoungGen: 49116K->0K(175104K)] [ParOldGen: 490594K->52430K(524288K)] 539710K->52430K(699392K), [Metaspace: 44356K->44356K(1087488K)], 0.0538391 secs] [Times: user=0.24 sys=0.01, real=0.06 secs] 
2016-09-15T11:41:59.439-0400: 102.738: [GC (GCLocker Initiated GC) [PSYoungGen: 88064K->85566K(175104K)] 146746K->150323K(699392K), 0.0333224 secs] [Times: user=0.35 sys=0.00, real=0.03 secs] 
2016-09-15T11:41:59.594-0400: 102.893: [GC (GCLocker Initiated GC) [PSYoungGen: 173630K->49276K(175104K)] 238568K->211706K(699392K), 0.0396655 secs] [Times: user=0.44 sys=0.00, real=0.04 secs] 
2016-09-15T11:41:59.754-0400: 103.053: [GC (Allocation Failure) [PSYoungGen: 137340K->61262K(175104K)] 305881K->266561K(699392K), 0.0084449 secs] [Times: user=0.11 sys=0.00, real=0.01 secs] 
2016-09-15T11:41:59.857-0400: 103.156: [GC (GCLocker Initiated GC) [PSYoungGen: 144870K->73672K(175104K)] 356244K->339872K(699392K), 0.0090914 secs] [Times: user=0.13 sys=0.01, real=0.00 secs] 
2016-09-15T11:41:59.987-0400: 103.286: [GC (GCLocker Initiated GC) [PSYoungGen: 161736K->85826K(175104K)] 434065K->376647K(699392K), 0.0118606 secs] [Times: user=0.13 sys=0.00, real=0.02 secs] 
2016-09-15T11:42:00.114-0400: 103.413: [GC (GCLocker Initiated GC) [PSYoungGen: 173890K->73412K(175104K)] 464737K->443557K(699392K), 0.0112133 secs] [Times: user=0.17 sys=0.00, real=0.01 secs] 
2016-09-15T11:42:00.262-0400: 103.561: [GC (GCLocker Initiated GC) [PSYoungGen: 161476K->49536K(175104K)] 543942K->468595K(699392K), 0.0104537 secs] [Times: user=0.11 sys=0.01, real=0.01 secs] 
2016-09-15T11:42:00.411-0400: 103.710: [GC (GCLocker Initiated GC) [PSYoungGen: 137600K->49376K(175104K)] 562928K->517520K(699392K), 0.0114963 secs] [Times: user=0.12 sys=0.01, real=0.01 secs] 
2016-09-15T11:42:00.423-0400: 103.721: [Full GC (Ergonomics) [PSYoungGen: 49376K->0K(175104K)] [ParOldGen: 468144K->46689K(524288K)] 517520K->46689K(699392K), [Metaspace: 44356K->44356K(1087488K)], 0.0568552 secs] [Times: user=0.33 sys=0.01, real=0.06 secs] 
2016-09-15T11:42:00.600-0400: 103.899: [GC (GCLocker Initiated GC) [PSYoungGen: 88064K->85762K(175104K)] 134757K->132455K(699392K), 0.0095354 secs] [Times: user=0.09 sys=0.00, real=0.01 secs] 
2016-09-15T11:42:00.719-0400: 104.018: [GC (GCLocker Initiated GC) [PSYoungGen: 173826K->79747K(175104K)] 220835K->194068K(699392K), 0.0157503 secs] [Times: user=0.20 sys=0.00, real=0.01 secs] 
2016-09-15T11:42:00.877-0400: 104.176: [GC (GCLocker Initiated GC) [PSYoungGen: 167811K->55579K(175104K)] 294626K->219096K(699392K), 0.0185558 secs] [Times: user=0.21 sys=0.00, real=0.01 secs] 
2016-09-15T11:42:01.030-0400: 104.329: [GC (Allocation Failure) [PSYoungGen: 143643K->67501K(175104K)] 307235K->231548K(699392K), 0.0145592 secs] [Times: user=0.15 sys=0.00, real=0.01 secs] 
2016-09-15T11:42:01.152-0400: 104.451: [GC (GCLocker Initiated GC) [PSYoungGen: 155565K->55351K(175104K)] 319614K->250058K(699392K), 0.0193810 secs] [Times: user=0.20 sys=0.00, real=0.02 secs] 
2016-09-15T11:42:01.282-0400: 104.581: [GC (Allocation Failure) [PSYoungGen: 143415K->73576K(175104K)] 338450K->305344K(699392K), 0.0156517 secs] [Times: user=0.18 sys=0.00, real=0.02 secs] 
2016-09-15T11:42:01.429-0400: 104.728: [GC (GCLocker Initiated GC) [PSYoungGen: 161640K->73444K(175104K)] 393414K->348042K(699392K), 0.0159604 secs] [Times: user=0.18 sys=0.00, real=0.01 secs] 
2016-09-15T11:42:01.545-0400: 104.844: [GC (Allocation Failure) [PSYoungGen: 161508K->85890K(175104K)] 436434K->367010K(699392K), 0.0203939 secs] [Times: user=0.24 sys=0.00, real=0.02 secs] 
2016-09-15T11:42:01.701-0400: 105.000: [GC (GCLocker Initiated GC) [PSYoungGen: 168173K->36962K(175104K)] 455369K->361079K(699392K), 0.0121155 secs] [Times: user=0.12 sys=0.01, real=0.01 secs] 
2016-09-15T11:42:01.861-0400: 105.160: [GC (Allocation Failure) [PSYoungGen: 125026K->54963K(175104K)] 449240K->379241K(699392K), 0.0103377 secs] [Times: user=0.09 sys=0.01, real=0.01 secs] 
2016-09-15T11:42:01.988-0400: 105.286: [GC (GCLocker Initiated GC) [PSYoungGen: 143027K->67305K(175104K)] 467311K->440340K(699392K), 0.0186188 secs] [Times: user=0.21 sys=0.00, real=0.02 secs] 
2016-09-15T11:42:02.153-0400: 105.452: [GC (GCLocker Initiated GC) [PSYoungGen: 155369K->49340K(175104K)] 534572K->446920K(699392K), 0.0087013 secs] [Times: user=0.07 sys=0.00, real=0.01 secs] 
2016-09-15T11:42:02.246-0400: 105.545: [GC (GCLocker Initiated GC) [PSYoungGen: 137404K->85922K(175104K)] 535227K->520527K(699392K), 0.0208481 secs] [Times: user=0.25 sys=0.00, real=0.02 secs] 
2016-09-15T11:42:02.364-0400: 105.663: [GC (GCLocker Initiated GC) [PSYoungGen: 173986K->55451K(175104K)] 608627K->550954K(699392K), 0.0165229 secs] [Times: user=0.18 sys=0.01, real=0.02 secs] 
2016-09-15T11:42:02.381-0400: 105.680: [Full GC (Ergonomics) [PSYoungGen: 55451K->0K(175104K)] [ParOldGen: 495502K->40723K(524288K)] 550954K->40723K(699392K), [Metaspace: 44363K->44363K(1087488K)], 0.0546340 secs] [Times: user=0.33 sys=0.01, real=0.06 secs] 
2016-09-15T11:42:02.539-0400: 105.838: [GC (GCLocker Initiated GC) [PSYoungGen: 88064K->86470K(175104K)] 128829K->127235K(699392K), 0.0109140 secs] [Times: user=0.11 sys=0.00, real=0.01 secs] 
2016-09-15T11:42:02.635-0400: 105.934: [GC (GCLocker Initiated GC) [PSYoungGen: 174534K->85758K(175104K)] 221718K->213057K(699392K), 0.0203983 secs] [Times: user=0.24 sys=0.02, real=0.03 secs] 
2016-09-15T11:42:02.754-0400: 106.053: [GC (GCLocker Initiated GC) [PSYoungGen: 173822K->67829K(175104K)] 301175K->213534K(699392K), 0.0218974 secs] [Times: user=0.23 sys=0.00, real=0.03 secs] 
2016-09-15T11:42:02.890-0400: 106.189: [GC (GCLocker Initiated GC) [PSYoungGen: 155893K->61458K(175104K)] 307861K->250307K(699392K), 0.0126754 secs] [Times: user=0.13 sys=0.00, real=0.01 secs] 
2016-09-15T11:42:03.028-0400: 106.327: [GC (GCLocker Initiated GC) [PSYoungGen: 149522K->79847K(175104K)] 338469K->299329K(699392K), 0.0206146 secs] [Times: user=0.21 sys=0.01, real=0.02 secs] 
2016-09-15T11:42:03.181-0400: 106.480: [GC (GCLocker Initiated GC) [PSYoungGen: 167911K->19032K(175104K)] 399752K->287771K(699392K), 0.0281464 secs] [Times: user=0.33 sys=0.00, real=0.03 secs] 
2016-09-15T11:42:03.331-0400: 106.629: [GC (GCLocker Initiated GC) [PSYoungGen: 107096K->55351K(175104K)] 388313K->336866K(699392K), 0.0151555 secs] [Times: user=0.17 sys=0.00, real=0.01 secs] 
2016-09-15T11:42:03.453-0400: 106.752: [GC (GCLocker Initiated GC) [PSYoungGen: 143415K->73640K(175104K)] 425191K->355544K(699392K), 0.0158249 secs] [Times: user=0.23 sys=0.00, real=0.02 secs] 
2016-09-15T11:42:03.585-0400: 106.884: [GC (Allocation Failure) [PSYoungGen: 161704K->55547K(175104K)] 449915K->380335K(699392K), 0.0105074 secs] [Times: user=0.14 sys=0.00, real=0.02 secs] 
2016-09-15T11:42:03.702-0400: 107.001: [GC (GCLocker Initiated GC) [PSYoungGen: 141441K->55187K(175104K)] 472304K->386701K(699392K), 0.0075929 secs] [Times: user=0.10 sys=0.00, real=0.01 secs] 
2016-09-15T11:42:03.841-0400: 107.140: [GC (Allocation Failure) [PSYoungGen: 143251K->61558K(175104K)] 474885K->393303K(699392K), 0.0118880 secs] [Times: user=0.16 sys=0.00, real=0.01 secs] 
2016-09-15T11:42:03.946-0400: 107.245: [GC (GCLocker Initiated GC) [PSYoungGen: 149622K->73512K(175104K)] 481368K->405706K(699392K), 0.0139146 secs] [Times: user=0.14 sys=0.00, real=0.02 secs] 
2016-09-15T11:42:04.076-0400: 107.375: [GC (GCLocker Initiated GC) [PSYoungGen: 161576K->67373K(175104K)] 499993K->424298K(699392K), 0.0223648 secs] [Times: user=0.26 sys=0.00, real=0.02 secs] 
2016-09-15T11:42:04.219-0400: 107.518: [GC (GCLocker Initiated GC) [PSYoungGen: 155437K->61330K(175104K)] 518798K->431026K(699392K), 0.0161093 secs] [Times: user=0.16 sys=0.01, real=0.01 secs] 
2016-09-15T11:42:04.377-0400: 107.676: [GC (GCLocker Initiated GC) [PSYoungGen: 149394K->67177K(175104K)] 519132K->437002K(699392K), 0.0150143 secs] [Times: user=0.16 sys=0.00, real=0.01 secs] 
2016-09-15T11:42:04.508-0400: 107.807: [GC (Allocation Failure) [PSYoungGen: 155241K->55351K(175104K)] 537993K->511147K(699392K), 0.0114149 secs] [Times: user=0.13 sys=0.00, real=0.01 secs] 
2016-09-15T11:42:04.520-0400: 107.819: [Full GC (Ergonomics) [PSYoungGen: 55351K->0K(175104K)] [ParOldGen: 455796K->52664K(524288K)] 511147K->52664K(699392K), [Metaspace: 44364K->44364K(1087488K)], 0.0534510 secs] [Times: user=0.29 sys=0.01, real=0.05 secs] 
2016-09-15T11:42:04.681-0400: 107.980: [GC (GCLocker Initiated GC) [PSYoungGen: 88064K->86282K(175104K)] 140728K->145021K(699392K), 0.0072157 secs] [Times: user=0.10 sys=0.00, real=0.01 secs] 
2016-09-15T11:42:04.811-0400: 108.110: [GC (Allocation Failure) [PSYoungGen: 174342K->55970K(175104K)] 239506K->158400K(699392K), 0.0092890 secs] [Times: user=0.11 sys=0.00, real=0.01 secs] 
2016-09-15T11:42:04.916-0400: 108.214: [GC (GCLocker Initiated GC) [PSYoungGen: 144030K->55191K(175104K)] 246465K->176118K(699392K), 0.0321652 secs] [Times: user=0.35 sys=0.01, real=0.04 secs] 
2016-09-15T11:42:05.045-0400: 108.344: [GC (GCLocker Initiated GC) [PSYoungGen: 143255K->85726K(175104K)] 264448K->237578K(699392K), 0.0135247 secs] [Times: user=0.12 sys=0.00, real=0.02 secs] 
2016-09-15T11:42:05.198-0400: 108.497: [GC (GCLocker Initiated GC) [PSYoungGen: 173790K->73544K(175104K)] 325907K->274537K(699392K), 0.0109375 secs] [Times: user=0.11 sys=0.00, real=0.01 secs] 
2016-09-15T11:42:05.306-0400: 108.605: [GC (GCLocker Initiated GC) [PSYoungGen: 161608K->79519K(175104K)] 362682K->299093K(699392K), 0.0113119 secs] [Times: user=0.13 sys=0.00, real=0.02 secs] 
2016-09-15T11:42:05.430-0400: 108.729: [GC (GCLocker Initiated GC) [PSYoungGen: 167583K->61462K(175104K)] 387344K->311686K(699392K), 0.0187799 secs] [Times: user=0.22 sys=0.00, real=0.02 secs] 
2016-09-15T11:42:05.566-0400: 108.865: [GC (Allocation Failure) [PSYoungGen: 149526K->73476K(175104K)] 406130K->348760K(699392K), 0.0195171 secs] [Times: user=0.23 sys=0.00, real=0.02 secs] 
2016-09-15T11:42:05.697-0400: 108.996: [GC (GCLocker Initiated GC) [PSYoungGen: 161540K->85758K(175104K)] 436830K->379400K(699392K), 0.0245378 secs] [Times: user=0.30 sys=0.00, real=0.02 secs] 
2016-09-15T11:42:05.848-0400: 109.147: [GC (GCLocker Initiated GC) [PSYoungGen: 173822K->67469K(175104K)] 473615K->404003K(699392K), 0.0108109 secs] [Times: user=0.13 sys=0.00, real=0.01 secs] 
2016-09-15T11:42:05.958-0400: 109.257: [GC (Allocation Failure) [PSYoungGen: 155533K->67569K(175104K)] 492209K->434724K(699392K), 0.0220496 secs] [Times: user=0.24 sys=0.00, real=0.02 secs] 
2016-09-15T11:42:06.095-0400: 109.394: [GC (GCLocker Initiated GC) [PSYoungGen: 155633K->73608K(175104K)] 522794K->471615K(699392K), 0.0123766 secs] [Times: user=0.13 sys=0.00, real=0.01 secs] 
2016-09-15T11:42:06.236-0400: 109.535: [GC (GCLocker Initiated GC) [PSYoungGen: 161672K->67633K(175104K)] 565937K->490399K(699392K), 0.0137624 secs] [Times: user=0.16 sys=0.00, real=0.01 secs] 
2016-09-15T11:42:06.368-0400: 109.667: [GC (Allocation Failure) [PSYoungGen: 155697K->61230K(175104K)] 578773K->484754K(699392K), 0.0193165 secs] [Times: user=0.24 sys=0.00, real=0.01 secs] 
2016-09-15T11:42:06.485-0400: 109.784: [GC (GCLocker Initiated GC) [PSYoungGen: 149294K->61590K(175104K)] 572823K->527740K(699392K), 0.0100000 secs] [Times: user=0.11 sys=0.00, real=0.01 secs] 
2016-09-15T11:42:06.495-0400: 109.794: [Full GC (Ergonomics) [PSYoungGen: 61590K->0K(175104K)] [ParOldGen: 466150K->53057K(524288K)] 527740K->53057K(699392K), [Metaspace: 44380K->44380K(1087488K)], 0.0548317 secs] [Times: user=0.35 sys=0.02, real=0.06 secs] 
2016-09-15T11:42:06.651-0400: 109.950: [GC (GCLocker Initiated GC) [PSYoungGen: 88064K->86078K(175104K)] 141247K->175711K(699392K), 0.0101575 secs] [Times: user=0.11 sys=0.00, real=0.01 secs] 
2016-09-15T11:42:06.805-0400: 110.104: [GC (GCLocker Initiated GC) [PSYoungGen: 174142K->79779K(175104K)] 269987K->243184K(699392K), 0.0161860 secs] [Times: user=0.21 sys=0.00, real=0.02 secs] 
2016-09-15T11:42:06.926-0400: 110.225: [GC (GCLocker Initiated GC) [PSYoungGen: 167843K->67601K(175104K)] 331358K->255707K(699392K), 0.0116253 secs] [Times: user=0.11 sys=0.01, real=0.02 secs] 
2016-09-15T11:42:07.069-0400: 110.368: [GC (GCLocker Initiated GC) [PSYoungGen: 155665K->36902K(175104K)] 344014K->274095K(699392K), 0.0154408 secs] [Times: user=0.14 sys=0.00, real=0.01 secs] 
2016-09-15T11:42:07.205-0400: 110.504: [GC (GCLocker Initiated GC) [PSYoungGen: 124966K->79751K(175104K)] 368444K->329563K(699392K), 0.0126495 secs] [Times: user=0.12 sys=0.00, real=0.02 secs] 
2016-09-15T11:42:07.327-0400: 110.626: [GC (GCLocker Initiated GC) [PSYoungGen: 167815K->79715K(175104K)] 417826K->384896K(699392K), 0.0122900 secs] [Times: user=0.14 sys=0.00, real=0.02 secs] 
2016-09-15T11:42:07.454-0400: 110.753: [GC (Allocation Failure) [PSYoungGen: 167779K->67569K(175104K)] 473192K->415791K(699392K), 0.0153784 secs] [Times: user=0.16 sys=0.00, real=0.02 secs] 
2016-09-15T11:42:07.600-0400: 110.899: [GC (Allocation Failure) [PSYoungGen: 151558K->55383K(175104K)] 499781K->440526K(699392K), 0.0166093 secs] [Times: user=0.17 sys=0.01, real=0.02 secs] 
2016-09-15T11:42:07.724-0400: 111.023: [GC (GCLocker Initiated GC) [PSYoungGen: 138237K->55223K(175104K)] 529456K->464942K(699392K), 0.0235714 secs] [Times: user=0.23 sys=0.00, real=0.02 secs] 
2016-09-15T11:42:07.871-0400: 111.170: [GC (Allocation Failure) [PSYoungGen: 143287K->79947K(175104K)] 553322K->508522K(699392K), 0.0288364 secs] [Times: user=0.36 sys=0.01, real=0.03 secs] 
2016-09-15T11:42:08.042-0400: 111.341: [GC (GCLocker Initiated GC) [PSYoungGen: 168011K->43269K(175104K)] 596592K->508724K(699392K), 0.0158952 secs] [Times: user=0.19 sys=0.00, real=0.02 secs] 
2016-09-15T11:42:08.059-0400: 111.357: [Full GC (Ergonomics) [PSYoungGen: 43269K->0K(175104K)] [ParOldGen: 465455K->46963K(524288K)] 508724K->46963K(699392K), [Metaspace: 44383K->44383K(1087488K)], 0.0558073 secs] [Times: user=0.35 sys=0.01, real=0.05 secs] 
2016-09-15T11:42:08.227-0400: 111.526: [GC (GCLocker Initiated GC) [PSYoungGen: 88064K->85954K(175104K)] 147494K->163609K(699392K), 0.0226837 secs] [Times: user=0.30 sys=0.00, real=0.03 secs] 
2016-09-15T11:42:08.389-0400: 111.688: [GC (Allocation Failure) [PSYoungGen: 174018K->30859K(175104K)] 257784K->169567K(699392K), 0.0109488 secs] [Times: user=0.10 sys=0.00, real=0.01 secs] 
2016-09-15T11:42:08.505-0400: 111.804: [GC (GCLocker Initiated GC) [PSYoungGen: 115796K->55415K(175104K)] 260580K->249122K(699392K), 0.0078948 secs] [Times: user=0.11 sys=0.00, real=0.01 secs] 
2016-09-15T11:42:08.660-0400: 111.958: [GC (GCLocker Initiated GC) [PSYoungGen: 143479K->37130K(175104K)] 349424K->243326K(699392K), 0.0091151 secs] [Times: user=0.04 sys=0.00, real=0.01 secs] 
2016-09-15T11:42:08.799-0400: 112.098: [GC (GCLocker Initiated GC) [PSYoungGen: 125194K->61917K(175104K)] 331423K->274670K(699392K), 0.0128908 secs] [Times: user=0.10 sys=0.00, real=0.01 secs] 
2016-09-15T11:42:08.911-0400: 112.210: [GC (GCLocker Initiated GC) [PSYoungGen: 149981K->73640K(175104K)] 363095K->323534K(699392K), 0.0089575 secs] [Times: user=0.12 sys=0.00, real=0.01 secs] 
2016-09-15T11:42:09.052-0400: 112.351: [GC (Allocation Failure) [PSYoungGen: 161704K->73804K(175104K)] 418023K->330235K(699392K), 0.0129717 secs] [Times: user=0.11 sys=0.00, real=0.01 secs] 
2016-09-15T11:42:09.221-0400: 112.520: [GC (GCLocker Initiated GC) [PSYoungGen: 161868K->43233K(175104K)] 418305K->336403K(699392K), 0.0074251 secs] [Times: user=0.07 sys=0.00, real=0.01 secs] 
2016-09-15T11:42:09.322-0400: 112.620: [GC (GCLocker Initiated GC) [PSYoungGen: 131297K->85822K(175104K)] 424660K->385404K(699392K), 0.0094481 secs] [Times: user=0.12 sys=0.00, real=0.01 secs] 
2016-09-15T11:42:09.451-0400: 112.750: [GC (GCLocker Initiated GC) [PSYoungGen: 173886K->79619K(175104K)] 473516K->397741K(699392K), 0.0109085 secs] [Times: user=0.09 sys=0.00, real=0.01 secs] 
2016-09-15T11:42:09.600-0400: 112.899: [GC (GCLocker Initiated GC) [PSYoungGen: 167683K->55483K(175104K)] 492236K->435002K(699392K), 0.0118824 secs] [Times: user=0.12 sys=0.00, real=0.01 secs] 
2016-09-15T11:42:09.721-0400: 113.020: [GC (GCLocker Initiated GC) [PSYoungGen: 143547K->85726K(175104K)] 523114K->489877K(699392K), 0.0132539 secs] [Times: user=0.14 sys=0.01, real=0.01 secs] 
2016-09-15T11:42:09.853-0400: 113.152: [GC (Allocation Failure) [PSYoungGen: 173790K->85694K(175104K)] 577977K->544684K(699392K), 0.0116905 secs] [Times: user=0.15 sys=0.00, real=0.01 secs] 
2016-09-15T11:42:09.865-0400: 113.164: [Full GC (Ergonomics) [PSYoungGen: 85694K->0K(175104K)] [ParOldGen: 458990K->47063K(524288K)] 544684K->47063K(699392K), [Metaspace: 44385K->44385K(1087488K)], 0.0557015 secs] [Times: user=0.29 sys=0.00, real=0.06 secs] 
2016-09-15T11:42:10.030-0400: 113.329: [GC (GCLocker Initiated GC) [PSYoungGen: 84167K->86246K(175104K)] 137306K->163684K(699392K), 0.0184689 secs] [Times: user=0.22 sys=0.00, real=0.02 secs] 
2016-09-15T11:42:10.212-0400: 113.511: [GC (Allocation Failure) [PSYoungGen: 174310K->55319K(175104K)] 257859K->157820K(699392K), 0.0093493 secs] [Times: user=0.10 sys=0.00, real=0.01 secs] 
2016-09-15T11:42:10.361-0400: 113.660: [GC (Allocation Failure) [PSYoungGen: 143383K->37094K(175104K)] 245884K->176345K(699392K), 0.0078319 secs] [Times: user=0.08 sys=0.00, real=0.01 secs] 
2016-09-15T11:42:10.468-0400: 113.766: [GC (GCLocker Initiated GC) [PSYoungGen: 125158K->85594K(175104K)] 264415K->249294K(699392K), 0.0216823 secs] [Times: user=0.30 sys=0.00, real=0.03 secs] 
2016-09-15T11:42:10.606-0400: 113.905: [GC (GCLocker Initiated GC) [PSYoungGen: 173658K->67797K(175104K)] 355625K->268093K(699392K), 0.0122552 secs] [Times: user=0.13 sys=0.00, real=0.02 secs] 
2016-09-15T11:42:10.752-0400: 114.050: [GC (Allocation Failure) [PSYoungGen: 155861K->55255K(175104K)] 362413K->298868K(699392K), 0.0134508 secs] [Times: user=0.14 sys=0.01, real=0.01 secs] 
2016-09-15T11:42:10.866-0400: 114.165: [GC (GCLocker Initiated GC) [PSYoungGen: 139007K->73708K(175104K)] 388695K->335658K(699392K), 0.0124881 secs] [Times: user=0.12 sys=0.00, real=0.02 secs] 
2016-09-15T11:42:11.033-0400: 114.332: [GC (Allocation Failure) [PSYoungGen: 161772K->73608K(175104K)] 429951K->360475K(699392K), 0.0126542 secs] [Times: user=0.13 sys=0.00, real=0.01 secs] 
2016-09-15T11:42:11.201-0400: 114.500: [GC (GCLocker Initiated GC) [PSYoungGen: 160188K->37094K(175104K)] 453130K->366777K(699392K), 0.0106218 secs] [Times: user=0.12 sys=0.00, real=0.01 secs] 
2016-09-15T11:42:11.323-0400: 114.622: [GC (GCLocker Initiated GC) [PSYoungGen: 125158K->85594K(175104K)] 454950K->427672K(699392K), 0.0083762 secs] [Times: user=0.10 sys=0.01, real=0.01 secs] 
2016-09-15T11:42:11.448-0400: 114.747: [GC (GCLocker Initiated GC) [PSYoungGen: 173658K->61590K(175104K)] 516091K->440561K(699392K), 0.0236721 secs] [Times: user=0.29 sys=0.00, real=0.02 secs] 
2016-09-15T11:42:11.570-0400: 114.869: [GC (GCLocker Initiated GC) [PSYoungGen: 149654K->74064K(175104K)] 534709K->502124K(699392K), 0.0106650 secs] [Times: user=0.14 sys=0.01, real=0.01 secs] 
2016-09-15T11:42:11.696-0400: 114.995: [GC (GCLocker Initiated GC) [PSYoungGen: 162128K->67597K(175104K)] 602530K->544913K(699392K), 0.0097001 secs] [Times: user=0.12 sys=0.01, real=0.00 secs] 
2016-09-15T11:42:11.706-0400: 115.005: [Full GC (Ergonomics) [PSYoungGen: 67597K->0K(175104K)] [ParOldGen: 477316K->52994K(524288K)] 544913K->52994K(699392K), [Metaspace: 44386K->44386K(1087488K)], 0.0483974 secs] [Times: user=0.29 sys=0.00, real=0.05 secs] 
2016-09-15T11:42:11.871-0400: 115.170: [GC (Allocation Failure) [PSYoungGen: 88064K->86046K(175104K)] 147197K->151254K(699392K), 0.0101172 secs] [Times: user=0.11 sys=0.01, real=0.01 secs] 
2016-09-15T11:42:12.002-0400: 115.301: [GC (GCLocker Initiated GC) [PSYoungGen: 173577K->73576K(175104K)] 244860K->200074K(699392K), 0.0254512 secs] [Times: user=0.30 sys=0.00, real=0.02 secs] 
2016-09-15T11:42:12.154-0400: 115.453: [GC (Allocation Failure) [PSYoungGen: 161640K->49048K(175104K)] 294305K->200221K(699392K), 0.0128290 secs] [Times: user=0.16 sys=0.00, real=0.01 secs] 
2016-09-15T11:42:12.276-0400: 115.575: [GC (GCLocker Initiated GC) [PSYoungGen: 134376K->67469K(175104K)] 291625K->255220K(699392K), 0.0157631 secs] [Times: user=0.16 sys=0.01, real=0.01 secs] 
2016-09-15T11:42:12.435-0400: 115.734: [GC (GCLocker Initiated GC) [PSYoungGen: 155533K->61294K(175104K)] 349658K->273928K(699392K), 0.0196338 secs] [Times: user=0.25 sys=0.01, real=0.02 secs] 
2016-09-15T11:42:12.569-0400: 115.868: [GC (Allocation Failure) [PSYoungGen: 149358K->73644K(175104K)] 362342K->311031K(699392K), 0.0164405 secs] [Times: user=0.19 sys=0.00, real=0.01 secs] 
2016-09-15T11:42:12.708-0400: 116.007: [GC (GCLocker Initiated GC) [PSYoungGen: 161708K->73640K(175104K)] 399101K->341731K(699392K), 0.0078471 secs] [Times: user=0.10 sys=0.01, real=0.01 secs] 
2016-09-15T11:42:12.851-0400: 116.150: [GC (GCLocker Initiated GC) [PSYoungGen: 161704K->85822K(175104K)] 429972K->384568K(699392K), 0.0145562 secs] [Times: user=0.21 sys=0.02, real=0.01 secs] 
2016-09-15T11:42:12.992-0400: 116.291: [GC (GCLocker Initiated GC) [PSYoungGen: 173886K->73708K(175104K)] 472786K->415425K(699392K), 0.0101390 secs] [Times: user=0.14 sys=0.01, real=0.01 secs] 
2016-09-15T11:42:13.130-0400: 116.429: [GC (GCLocker Initiated GC) [PSYoungGen: 161772K->55219K(175104K)] 503530K->458183K(699392K), 0.0085817 secs] [Times: user=0.12 sys=0.00, real=0.01 secs] 
2016-09-15T11:42:13.290-0400: 116.589: [GC (GCLocker Initiated GC) [PSYoungGen: 143283K->37162K(175104K)] 564805K->501328K(699392K), 0.0150987 secs] [Times: user=0.19 sys=0.00, real=0.01 secs] 
2016-09-15T11:42:13.305-0400: 116.604: [Full GC (Ergonomics) [PSYoungGen: 37162K->0K(175104K)] [ParOldGen: 464166K->53335K(524288K)] 501328K->53335K(699392K), [Metaspace: 44387K->44387K(1087488K)], 0.0534891 secs] [Times: user=0.27 sys=0.01, real=0.06 secs] 
2016-09-15T11:42:13.486-0400: 116.785: [GC (GCLocker Initiated GC) [PSYoungGen: 88064K->73740K(175104K)] 147672K->133349K(699392K), 0.0084386 secs] [Times: user=0.10 sys=0.00, real=0.01 secs] 
2016-09-15T11:42:13.630-0400: 116.929: [GC (GCLocker Initiated GC) [PSYoungGen: 161804K->73836K(175104K)] 221471K->164170K(699392K), 0.0119841 secs] [Times: user=0.09 sys=0.00, real=0.01 secs] 
2016-09-15T11:42:13.742-0400: 117.041: [GC (GCLocker Initiated GC) [PSYoungGen: 161900K->85694K(175104K)] 252388K->200773K(699392K), 0.0176171 secs] [Times: user=0.22 sys=0.00, real=0.02 secs] 
2016-09-15T11:42:13.891-0400: 117.190: [GC (GCLocker Initiated GC) [PSYoungGen: 173758K->37222K(175104K)] 301180K->250026K(699392K), 0.0105714 secs] [Times: user=0.14 sys=0.01, real=0.01 secs] 
2016-09-15T11:42:14.027-0400: 117.326: [GC (GCLocker Initiated GC) [PSYoungGen: 125286K->86050K(175104K)] 338114K->329601K(699392K), 0.0104547 secs] [Times: user=0.14 sys=0.00, real=0.02 secs] 
2016-09-15T11:42:14.150-0400: 117.449: [GC (Allocation Failure) [PSYoungGen: 174114K->55351K(175104K)] 417746K->336052K(699392K), 0.0142239 secs] [Times: user=0.15 sys=0.01, real=0.01 secs] 
2016-09-15T11:42:14.287-0400: 117.586: [GC (GCLocker Initiated GC) [PSYoungGen: 139845K->73640K(175104K)] 426622K->378925K(699392K), 0.0170990 secs] [Times: user=0.18 sys=0.01, real=0.02 secs] 
2016-09-15T11:42:14.478-0400: 117.777: [GC (GCLocker Initiated GC) [PSYoungGen: 161704K->79327K(175104K)] 467031K->402950K(699392K), 0.0152990 secs] [Times: user=0.14 sys=0.01, real=0.01 secs] 
2016-09-15T11:42:14.622-0400: 117.921: [GC (Allocation Failure) [PSYoungGen: 167391K->73188K(175104K)] 491219K->403178K(699392K), 0.0204460 secs] [Times: user=0.17 sys=0.00, real=0.02 secs] 
2016-09-15T11:42:14.744-0400: 118.043: [GC (GCLocker Initiated GC) [PSYoungGen: 161252K->61622K(175104K)] 491248K->446413K(699392K), 0.0122243 secs] [Times: user=0.12 sys=0.00, real=0.02 secs] 
2016-09-15T11:42:14.874-0400: 118.173: [GC (GCLocker Initiated GC) [PSYoungGen: 149686K->37194K(175104K)] 540856K->477248K(699392K), 0.0122328 secs] [Times: user=0.14 sys=0.00, real=0.01 secs] 
2016-09-15T11:42:14.999-0400: 118.298: [Full GC (Ergonomics) [PSYoungGen: 125258K->0K(175104K)] [ParOldGen: 446226K->53371K(524288K)] 571484K->53371K(699392K), [Metaspace: 44391K->44391K(1087488K)], 0.0546178 secs] [Times: user=0.36 sys=0.02, real=0.05 secs] 
2016-09-15T11:42:15.166-0400: 118.465: [GC (Allocation Failure) [PSYoungGen: 88064K->74519K(175104K)] 147703K->134159K(699392K), 0.0096472 secs] [Times: user=0.12 sys=0.00, real=0.02 secs] 
2016-09-15T11:42:15.290-0400: 118.589: [GC (GCLocker Initiated GC) [PSYoungGen: 162583K->73904K(175104K)] 222234K->152663K(699392K), 0.0184039 secs] [Times: user=0.24 sys=0.01, real=0.02 secs] 
2016-09-15T11:42:15.423-0400: 118.722: [GC (GCLocker Initiated GC) [PSYoungGen: 161968K->61558K(175104K)] 240768K->152571K(699392K), 0.0141221 secs] [Times: user=0.09 sys=0.00, real=0.02 secs] 
2016-09-15T11:42:15.539-0400: 118.838: [GC (Allocation Failure) [PSYoungGen: 149622K->85726K(175104K)] 240672K->201391K(699392K), 0.0096111 secs] [Times: user=0.13 sys=0.00, real=0.01 secs] 
2016-09-15T11:42:15.665-0400: 118.964: [GC (GCLocker Initiated GC) [PSYoungGen: 171816K->55643K(175104K)] 293556K->238261K(699392K), 0.0117695 secs] [Times: user=0.11 sys=0.00, real=0.02 secs] 
2016-09-15T11:42:15.819-0400: 119.118: [GC (GCLocker Initiated GC) [PSYoungGen: 143707K->73576K(175104K)] 326658K->263049K(699392K), 0.0094534 secs] [Times: user=0.09 sys=0.00, real=0.01 secs] 
2016-09-15T11:42:15.965-0400: 119.263: [GC (Allocation Failure) [PSYoungGen: 161640K->37354K(175104K)] 357386K->251453K(699392K), 0.0099596 secs] [Times: user=0.11 sys=0.00, real=0.01 secs] 
2016-09-15T11:42:16.081-0400: 119.380: [GC (GCLocker Initiated GC) [PSYoungGen: 125418K->73576K(175104K)] 339518K->306192K(699392K), 0.0089569 secs] [Times: user=0.09 sys=0.00, real=0.01 secs] 
2016-09-15T11:42:16.212-0400: 119.511: [GC (GCLocker Initiated GC) [PSYoungGen: 161640K->55938K(175104K)] 406548K->300959K(699392K), 0.0076617 secs] [Times: user=0.11 sys=0.00, real=0.01 secs] 
2016-09-15T11:42:16.363-0400: 119.662: [GC (Allocation Failure) [PSYoungGen: 144002K->18936K(175104K)] 389215K->282805K(699392K), 0.0082946 secs] [Times: user=0.05 sys=0.01, real=0.01 secs] 
2016-09-15T11:42:16.486-0400: 119.785: [GC (GCLocker Initiated GC) [PSYoungGen: 102443K->67633K(175104K)] 372387K->337844K(699392K), 0.0102928 secs] [Times: user=0.08 sys=0.00, real=0.02 secs] 
2016-09-15T11:42:16.622-0400: 119.921: [GC (GCLocker Initiated GC) [PSYoungGen: 155697K->85886K(175104K)] 426269K->399439K(699392K), 0.0112706 secs] [Times: user=0.18 sys=0.00, real=0.01 secs] 
2016-09-15T11:42:16.739-0400: 120.038: [GC (Allocation Failure) [PSYoungGen: 173950K->73836K(175104K)] 487779K->406034K(699392K), 0.0088218 secs] [Times: user=0.13 sys=0.00, real=0.01 secs] 
2016-09-15T11:42:16.857-0400: 120.156: [GC (GCLocker Initiated GC) [PSYoungGen: 157463K->73868K(175104K)] 495737K->448906K(699392K), 0.0108864 secs] [Times: user=0.15 sys=0.00, real=0.01 secs] 
2016-09-15T11:42:17.007-0400: 120.306: [GC (GCLocker Initiated GC) [PSYoungGen: 161932K->37226K(175104K)] 555489K->449120K(699392K), 0.0079876 secs] [Times: user=0.11 sys=0.01, real=0.01 secs] 
2016-09-15T11:42:17.172-0400: 120.471: [GC (Allocation Failure) [PSYoungGen: 125290K->37194K(175104K)] 543530K->455717K(699392K), 0.0088226 secs] [Times: user=0.08 sys=0.00, real=0.01 secs] 
2016-09-15T11:42:17.289-0400: 120.588: [GC (GCLocker Initiated GC) [PSYoungGen: 119949K->73576K(175104K)] 544547K->516699K(699392K), 0.0105489 secs] [Times: user=0.15 sys=0.00, real=0.01 secs] 
2016-09-15T11:42:17.452-0400: 120.751: [GC (GCLocker Initiated GC) [PSYoungGen: 161640K->79715K(175104K)] 616961K->553412K(699392K), 0.0079815 secs] [Times: user=0.11 sys=0.00, real=0.01 secs] 
2016-09-15T11:42:17.460-0400: 120.759: [Full GC (Ergonomics) [PSYoungGen: 79715K->0K(175104K)] [ParOldGen: 473697K->47150K(524288K)] 553412K->47150K(699392K), [Metaspace: 44392K->44392K(1087488K)], 0.0488258 secs] [Times: user=0.45 sys=0.00, real=0.05 secs] 
2016-09-15T11:42:17.652-0400: 120.951: [GC (GCLocker Initiated GC) [PSYoungGen: 88064K->86110K(175104K)] 135519K->139640K(699392K), 0.0081440 secs] [Times: user=0.11 sys=0.00, real=0.01 secs] 
2016-09-15T11:42:17.770-0400: 121.069: [GC (GCLocker Initiated GC) [PSYoungGen: 174174K->85530K(175104K)] 227746K->176083K(699392K), 0.0098256 secs] [Times: user=0.13 sys=0.00, real=0.01 secs] 
2016-09-15T11:42:17.885-0400: 121.184: [GC (GCLocker Initiated GC) [PSYoungGen: 173594K->73836K(175104K)] 270714K->213617K(699392K), 0.0092069 secs] [Times: user=0.13 sys=0.00, real=0.01 secs] 
2016-09-15T11:42:18.023-0400: 121.322: [GC (GCLocker Initiated GC) [PSYoungGen: 161900K->73444K(175104K)] 301801K->213636K(699392K), 0.0092456 secs] [Times: user=0.09 sys=0.00, real=0.01 secs] 
2016-09-15T11:42:18.197-0400: 121.496: [GC (Allocation Failure) [PSYoungGen: 161508K->61198K(175104K)] 301803K->219814K(699392K), 0.0091844 secs] [Times: user=0.08 sys=0.00, real=0.00 secs] 
2016-09-15T11:42:18.294-0400: 121.592: [GC (GCLocker Initiated GC) [PSYoungGen: 144151K->67337K(175104K)] 308843K->268613K(699392K), 0.0114341 secs] [Times: user=0.14 sys=0.00, real=0.01 secs] 
2016-09-15T11:42:18.431-0400: 121.729: [GC (GCLocker Initiated GC) [PSYoungGen: 155401K->85858K(175104K)] 356786K->311655K(699392K), 0.0189370 secs] [Times: user=0.22 sys=0.00, real=0.02 secs] 
2016-09-15T11:42:18.548-0400: 121.847: [GC (GCLocker Initiated GC) [PSYoungGen: 173922K->86150K(175104K)] 405998K->324609K(699392K), 0.0080162 secs] [Times: user=0.11 sys=0.01, real=0.01 secs] 
2016-09-15T11:42:18.681-0400: 121.980: [GC (GCLocker Initiated GC) [PSYoungGen: 174214K->85758K(175104K)] 412884K->348864K(699392K), 0.0108598 secs] [Times: user=0.14 sys=0.01, real=0.01 secs] 
2016-09-15T11:42:18.827-0400: 122.126: [GC (Allocation Failure) [PSYoungGen: 173822K->79847K(175104K)] 437283K->386117K(699392K), 0.0089748 secs] [Times: user=0.13 sys=0.00, real=0.02 secs] 
2016-09-15T11:42:18.958-0400: 122.257: [GC (GCLocker Initiated GC) [PSYoungGen: 164398K->37226K(175104K)] 476743K->386328K(699392K), 0.0079105 secs] [Times: user=0.12 sys=0.00, real=0.00 secs] 
2016-09-15T11:42:19.071-0400: 122.370: [GC (GCLocker Initiated GC) [PSYoungGen: 125290K->85854K(175104K)] 474439K->459439K(699392K), 0.0095139 secs] [Times: user=0.14 sys=0.00, real=0.01 secs] 
2016-09-15T11:42:19.205-0400: 122.504: [GC (GCLocker Initiated GC) [PSYoungGen: 173918K->43461K(175104K)] 553922K->496697K(699392K), 0.0103608 secs] [Times: user=0.16 sys=0.00, real=0.02 secs] 
2016-09-15T11:42:19.216-0400: 122.515: [Full GC (Ergonomics) [PSYoungGen: 43461K->0K(175104K)] [ParOldGen: 453236K->47626K(524288K)] 496697K->47626K(699392K), [Metaspace: 44392K->44392K(1087488K)], 0.0524328 secs] [Times: user=0.48 sys=0.01, real=0.05 secs] 
2016-09-15T11:42:19.379-0400: 122.678: [GC (GCLocker Initiated GC) [PSYoungGen: 88064K->86406K(175104K)] 141930K->152422K(699392K), 0.0173660 secs] [Times: user=0.26 sys=0.00, real=0.02 secs] 
2016-09-15T11:42:19.505-0400: 122.804: [GC (GCLocker Initiated GC) [PSYoungGen: 174470K->67629K(175104K)] 240763K->189521K(699392K), 0.0097929 secs] [Times: user=0.14 sys=0.01, real=0.01 secs] 
2016-09-15T11:42:19.652-0400: 122.951: [GC (GCLocker Initiated GC) [PSYoungGen: 155693K->85854K(175104K)] 283741K->238494K(699392K), 0.0082899 secs] [Times: user=0.11 sys=0.00, real=0.01 secs] 
2016-09-15T11:42:19.797-0400: 123.096: [GC (GCLocker Initiated GC) [PSYoungGen: 173918K->30987K(175104K)] 332742K->244793K(699392K), 0.0095586 secs] [Times: user=0.11 sys=0.01, real=0.00 secs] 
2016-09-15T11:42:19.934-0400: 123.233: [GC (GCLocker Initiated GC) [PSYoungGen: 119051K->55351K(175104K)] 345357K->281957K(699392K), 0.0180298 secs] [Times: user=0.23 sys=0.00, real=0.02 secs] 
2016-09-15T11:42:20.100-0400: 123.399: [GC (GCLocker Initiated GC) [PSYoungGen: 143415K->55547K(175104K)] 376451K->307099K(699392K), 0.0094039 secs] [Times: user=0.10 sys=0.00, real=0.01 secs] 
2016-09-15T11:42:20.245-0400: 123.544: [GC (GCLocker Initiated GC) [PSYoungGen: 143611K->54963K(175104K)] 401286K->312702K(699392K), 0.0174388 secs] [Times: user=0.13 sys=0.00, real=0.02 secs] 
2016-09-15T11:42:20.387-0400: 123.686: [GC (GCLocker Initiated GC) [PSYoungGen: 143027K->67665K(175104K)] 400813K->368096K(699392K), 0.0198482 secs] [Times: user=0.22 sys=0.01, real=0.02 secs] 
2016-09-15T11:42:20.498-0400: 123.797: [GC (GCLocker Initiated GC) [PSYoungGen: 155729K->67729K(175104K)] 462626K->453916K(699392K), 0.0109564 secs] [Times: user=0.17 sys=0.00, real=0.01 secs] 
2016-09-15T11:42:20.641-0400: 123.939: [GC (GCLocker Initiated GC) [PSYoungGen: 155793K->85694K(175104K)] 542016K->490254K(699392K), 0.0120384 secs] [Times: user=0.16 sys=0.00, real=0.01 secs] 
2016-09-15T11:42:20.762-0400: 124.061: [GC (Allocation Failure) [PSYoungGen: 173758K->67369K(175104K)] 578472K->520991K(699392K), 0.0091102 secs] [Times: user=0.12 sys=0.00, real=0.01 secs] 
2016-09-15T11:42:20.772-0400: 124.071: [Full GC (Ergonomics) [PSYoungGen: 67369K->0K(175104K)] [ParOldGen: 453621K->47635K(524288K)] 520991K->47635K(699392K), [Metaspace: 44399K->44399K(1087488K)], 0.0454167 secs] [Times: user=0.33 sys=0.01, real=0.05 secs] 
2016-09-15T11:42:20.930-0400: 124.229: [GC (GCLocker Initiated GC) [PSYoungGen: 88064K->86466K(175104K)] 135705K->140183K(699392K), 0.0094390 secs] [Times: user=0.13 sys=0.00, real=0.01 secs] 
2016-09-15T11:42:21.058-0400: 124.357: [GC (GCLocker Initiated GC) [PSYoungGen: 174530K->79619K(175104K)] 228474K->171144K(699392K), 0.0135973 secs] [Times: user=0.16 sys=0.00, real=0.01 secs] 
2016-09-15T11:42:21.205-0400: 124.504: [GC (GCLocker Initiated GC) [PSYoungGen: 167683K->74359K(175104K)] 259451K->202738K(699392K), 0.0085254 secs] [Times: user=0.13 sys=0.00, real=0.01 secs] 
2016-09-15T11:42:21.328-0400: 124.627: [GC (GCLocker Initiated GC) [PSYoungGen: 162423K->56134K(175104K)] 303301K->197320K(699392K), 0.0069991 secs] [Times: user=0.09 sys=0.00, real=0.00 secs] 
2016-09-15T11:42:21.466-0400: 124.765: [GC (GCLocker Initiated GC) [PSYoungGen: 144198K->55191K(175104K)] 291792K->221104K(699392K), 0.0096940 secs] [Times: user=0.10 sys=0.00, real=0.02 secs] 
2016-09-15T11:42:21.619-0400: 124.918: [GC (GCLocker Initiated GC) [PSYoungGen: 143255K->55547K(175104K)] 315248K->227668K(699392K), 0.0309060 secs] [Times: user=0.32 sys=0.00, real=0.03 secs] 
2016-09-15T11:42:21.761-0400: 125.060: [GC (GCLocker Initiated GC) [PSYoungGen: 143611K->85626K(175104K)] 315947K->276502K(699392K), 0.0131938 secs] [Times: user=0.19 sys=0.00, real=0.01 secs] 
2016-09-15T11:42:21.884-0400: 125.183: [GC (GCLocker Initiated GC) [PSYoungGen: 173690K->55579K(175104K)] 364576K->313450K(699392K), 0.0099323 secs] [Times: user=0.14 sys=0.00, real=0.01 secs] 
2016-09-15T11:42:22.023-0400: 125.322: [GC (GCLocker Initiated GC) [PSYoungGen: 143643K->79715K(175104K)] 401544K->356476K(699392K), 0.0099870 secs] [Times: user=0.12 sys=0.00, real=0.01 secs] 
2016-09-15T11:42:22.116-0400: 125.415: [GC (GCLocker Initiated GC) [PSYoungGen: 167779K->85758K(175104K)] 444772K->405748K(699392K), 0.0119615 secs] [Times: user=0.14 sys=0.00, real=0.01 secs] 
2016-09-15T11:42:22.247-0400: 125.546: [GC (GCLocker Initiated GC) [PSYoungGen: 173822K->79715K(175104K)] 500209K->424642K(699392K), 0.0089253 secs] [Times: user=0.12 sys=0.00, real=0.02 secs] 
2016-09-15T11:42:22.403-0400: 125.702: [GC (GCLocker Initiated GC) [PSYoungGen: 167779K->30759K(175104K)] 519293K->419006K(699392K), 0.0112511 secs] [Times: user=0.08 sys=0.01, real=0.01 secs] 
2016-09-15T11:42:22.525-0400: 125.824: [GC (GCLocker Initiated GC) [PSYoungGen: 118823K->61330K(175104K)] 507168K->449771K(699392K), 0.0111447 secs] [Times: user=0.08 sys=0.00, real=0.02 secs] 
2016-09-15T11:42:22.681-0400: 125.980: [GC (GCLocker Initiated GC) [PSYoungGen: 149394K->37418K(175104K)] 550256K->493262K(699392K), 0.0085473 secs] [Times: user=0.12 sys=0.00, real=0.01 secs] 
2016-09-15T11:42:22.689-0400: 125.988: [Full GC (Ergonomics) [PSYoungGen: 37418K->0K(175104K)] [ParOldGen: 455844K->53722K(524288K)] 493262K->53722K(699392K), [Metaspace: 44403K->44403K(1087488K)], 0.0508442 secs] [Times: user=0.38 sys=0.00, real=0.05 secs] 
2016-09-15T11:42:22.849-0400: 126.148: [GC (Allocation Failure) [PSYoungGen: 88064K->85790K(175104K)] 141889K->157841K(699392K), 0.0085244 secs] [Times: user=0.13 sys=0.00, real=0.01 secs] 
2016-09-15T11:42:22.990-0400: 126.289: [GC (GCLocker Initiated GC) [PSYoungGen: 173854K->43137K(175104K)] 245906K->182305K(699392K), 0.0134644 secs] [Times: user=0.19 sys=0.00, real=0.01 secs] 
2016-09-15T11:42:23.120-0400: 126.419: [GC (GCLocker Initiated GC) [PSYoungGen: 131201K->55807K(175104K)] 282858K->207747K(699392K), 0.0068364 secs] [Times: user=0.10 sys=0.00, real=0.00 secs] 
2016-09-15T11:42:23.261-0400: 126.560: [GC (GCLocker Initiated GC) [PSYoungGen: 143871K->37322K(175104K)] 302113K->214064K(699392K), 0.0086685 secs] [Times: user=0.10 sys=0.00, real=0.01 secs] 
2016-09-15T11:42:23.381-0400: 126.680: [GC (Allocation Failure) [PSYoungGen: 125386K->85758K(175104K)] 302282K->269037K(699392K), 0.0089074 secs] [Times: user=0.10 sys=0.00, real=0.01 secs] 
2016-09-15T11:42:23.516-0400: 126.815: [GC (Allocation Failure) [PSYoungGen: 173321K->55351K(175104K)] 356600K->287537K(699392K), 0.0105849 secs] [Times: user=0.12 sys=0.01, real=0.00 secs] 
2016-09-15T11:42:23.639-0400: 126.938: [GC (GCLocker Initiated GC) [PSYoungGen: 140157K->73836K(175104K)] 378418K->312373K(699392K), 0.0099314 secs] [Times: user=0.10 sys=0.00, real=0.01 secs] 
2016-09-15T11:42:23.812-0400: 127.111: [GC (GCLocker Initiated GC) [PSYoungGen: 161900K->37094K(175104K)] 412852K->306742K(699392K), 0.0078992 secs] [Times: user=0.09 sys=0.00, real=0.01 secs] 
2016-09-15T11:42:23.954-0400: 127.253: [GC (GCLocker Initiated GC) [PSYoungGen: 125158K->37617K(175104K)] 401051K->313827K(699392K), 0.0055202 secs] [Times: user=0.07 sys=0.00, real=0.01 secs] 
2016-09-15T11:42:24.071-0400: 127.370: [GC (GCLocker Initiated GC) [PSYoungGen: 125681K->85790K(175104K)] 402112K->374654K(699392K), 0.0150328 secs] [Times: user=0.17 sys=0.00, real=0.01 secs] 
2016-09-15T11:42:24.229-0400: 127.528: [GC (GCLocker Initiated GC) [PSYoungGen: 173854K->37098K(175104K)] 463012K->374951K(699392K), 0.0200392 secs] [Times: user=0.19 sys=0.01, real=0.02 secs] 
2016-09-15T11:42:24.340-0400: 127.639: [GC (GCLocker Initiated GC) [PSYoungGen: 125162K->85790K(175104K)] 469282K->436277K(699392K), 0.0103784 secs] [Times: user=0.12 sys=0.00, real=0.01 secs] 
2016-09-15T11:42:24.472-0400: 127.771: [GC (GCLocker Initiated GC) [PSYoungGen: 173854K->67989K(175104K)] 524472K->455192K(699392K), 0.0119179 secs] [Times: user=0.14 sys=0.00, real=0.01 secs] 
2016-09-15T11:42:24.608-0400: 127.907: [GC (GCLocker Initiated GC) [PSYoungGen: 156053K->61490K(175104K)] 555488K->479441K(699392K), 0.0172270 secs] [Times: user=0.21 sys=0.00, real=0.01 secs] 
2016-09-15T11:42:24.726-0400: 128.025: [GC (GCLocker Initiated GC) [PSYoungGen: 149554K->85954K(175104K)] 567625K->528632K(699392K), 0.0135733 secs] [Times: user=0.14 sys=0.00, real=0.02 secs] 
2016-09-15T11:42:24.865-0400: 128.164: [GC (GCLocker Initiated GC) [PSYoungGen: 174018K->73508K(175104K)] 616701K->552933K(699392K), 0.0117657 secs] [Times: user=0.14 sys=0.00, real=0.02 secs] 
2016-09-15T11:42:24.877-0400: 128.176: [Full GC (Ergonomics) [PSYoungGen: 73508K->0K(175104K)] [ParOldGen: 479425K->47638K(524288K)] 552933K->47638K(699392K), [Metaspace: 44404K->44404K(1087488K)], 0.0546813 secs] [Times: user=0.33 sys=0.01, real=0.05 secs] 
2016-09-15T11:42:25.049-0400: 128.348: [GC (GCLocker Initiated GC) [PSYoungGen: 88064K->86310K(175104K)] 147854K->152175K(699392K), 0.0089410 secs] [Times: user=0.12 sys=0.00, real=0.01 secs] 
2016-09-15T11:42:25.211-0400: 128.509: [GC (Allocation Failure) [PSYoungGen: 174374K->79551K(175104K)] 246445K->188972K(699392K), 0.0195565 secs] [Times: user=0.25 sys=0.01, real=0.02 secs] 
2016-09-15T11:42:25.325-0400: 128.624: [GC (GCLocker Initiated GC) [PSYoungGen: 164459K->73836K(175104K)] 279954K->219834K(699392K), 0.0226786 secs] [Times: user=0.25 sys=0.00, real=0.02 secs] 
2016-09-15T11:42:25.477-0400: 128.776: [GC (Allocation Failure) [PSYoungGen: 161900K->61330K(175104K)] 314273K->250444K(699392K), 0.0125898 secs] [Times: user=0.14 sys=0.00, real=0.01 secs] 
2016-09-15T11:42:25.605-0400: 128.904: [GC (GCLocker Initiated GC) [PSYoungGen: 149394K->79847K(175104K)] 338519K->293572K(699392K), 0.0130149 secs] [Times: user=0.13 sys=0.00, real=0.02 secs] 
2016-09-15T11:42:25.738-0400: 129.037: [GC (Allocation Failure) [PSYoungGen: 167911K->55383K(175104K)] 381672K->287856K(699392K), 0.0128113 secs] [Times: user=0.17 sys=0.00, real=0.01 secs] 
2016-09-15T11:42:25.876-0400: 129.175: [GC (GCLocker Initiated GC) [PSYoungGen: 143447K->85790K(175104K)] 375926K->336754K(699392K), 0.0146852 secs] [Times: user=0.14 sys=0.00, real=0.01 secs] 
2016-09-15T11:42:26.008-0400: 129.307: [GC (GCLocker Initiated GC) [PSYoungGen: 173854K->79655K(175104K)] 424860K->336995K(699392K), 0.0253185 secs] [Times: user=0.22 sys=0.00, real=0.02 secs] 
2016-09-15T11:42:26.191-0400: 129.490: [GC (Allocation Failure) [PSYoungGen: 167719K->55191K(175104K)] 425162K->343433K(699392K), 0.0129525 secs] [Times: user=0.12 sys=0.00, real=0.01 secs] 
2016-09-15T11:42:26.296-0400: 129.595: [GC (GCLocker Initiated GC) [PSYoungGen: 143255K->85694K(175104K)] 431503K->416758K(699392K), 0.0134369 secs] [Times: user=0.16 sys=0.00, real=0.01 secs] 
2016-09-15T11:42:26.439-0400: 129.738: [GC (GCLocker Initiated GC) [PSYoungGen: 173758K->85822K(175104K)] 504898K->465861K(699392K), 0.0101539 secs] [Times: user=0.13 sys=0.01, real=0.01 secs] 
2016-09-15T11:42:26.546-0400: 129.845: [GC (Allocation Failure) [PSYoungGen: 173886K->61490K(175104K)] 554175K->515002K(699392K), 0.0141434 secs] [Times: user=0.20 sys=0.00, real=0.02 secs] 
2016-09-15T11:42:26.560-0400: 129.859: [Full GC (Ergonomics) [PSYoungGen: 61490K->0K(175104K)] [ParOldGen: 453512K->53931K(524288K)] 515002K->53931K(699392K), [Metaspace: 44406K->44406K(1087488K)], 0.0531060 secs] [Times: user=0.41 sys=0.00, real=0.05 secs] 
2016-09-15T11:42:26.716-0400: 130.015: [GC (GCLocker Initiated GC) [PSYoungGen: 88064K->86342K(175104K)] 142001K->146354K(699392K), 0.0097504 secs] [Times: user=0.13 sys=0.00, real=0.00 secs] 
2016-09-15T11:42:26.853-0400: 130.151: [GC (GCLocker Initiated GC) [PSYoungGen: 174406K->85758K(175104K)] 234549K->165010K(699392K), 0.0108689 secs] [Times: user=0.14 sys=0.00, real=0.01 secs] 
2016-09-15T11:42:26.987-0400: 130.285: [GC (GCLocker Initiated GC) [PSYoungGen: 173822K->67729K(175104K)] 253340K->196138K(699392K), 0.0167737 secs] [Times: user=0.22 sys=0.00, real=0.02 secs] 
2016-09-15T11:42:27.121-0400: 130.420: [GC (GCLocker Initiated GC) [PSYoungGen: 155793K->73740K(175104K)] 284412K->239100K(699392K), 0.0348386 secs] [Times: user=0.44 sys=0.00, real=0.04 secs] 
2016-09-15T11:42:27.294-0400: 130.593: [GC (GCLocker Initiated GC) [PSYoungGen: 161804K->37354K(175104K)] 345711K->239778K(699392K), 0.0076043 secs] [Times: user=0.10 sys=0.00, real=0.01 secs] 
2016-09-15T11:42:27.454-0400: 130.753: [GC (Allocation Failure) [PSYoungGen: 125418K->55383K(175104K)] 334121K->264369K(699392K), 0.0073912 secs] [Times: user=0.10 sys=0.00, real=0.01 secs] 
2016-09-15T11:42:27.576-0400: 130.874: [GC (GCLocker Initiated GC) [PSYoungGen: 138207K->55319K(175104K)] 353268K->270524K(699392K), 0.0103681 secs] [Times: user=0.12 sys=0.00, real=0.01 secs] 
2016-09-15T11:42:27.701-0400: 131.000: [GC (GCLocker Initiated GC) [PSYoungGen: 143383K->73608K(175104K)] 364822K->313555K(699392K), 0.0214510 secs] [Times: user=0.25 sys=0.00, real=0.02 secs] 
2016-09-15T11:42:27.851-0400: 131.150: [GC (GCLocker Initiated GC) [PSYoungGen: 161672K->61426K(175104K)] 408044K->350607K(699392K), 0.0171296 secs] [Times: user=0.19 sys=0.00, real=0.02 secs] 
2016-09-15T11:42:28.014-0400: 131.313: [GC (GCLocker Initiated GC) [PSYoungGen: 149490K->37158K(175104K)] 457246K->363414K(699392K), 0.0214706 secs] [Times: user=0.26 sys=0.00, real=0.03 secs] 
2016-09-15T11:42:28.157-0400: 131.455: [GC (GCLocker Initiated GC) [PSYoungGen: 125222K->79587K(175104K)] 451526K->406002K(699392K), 0.0144391 secs] [Times: user=0.16 sys=0.00, real=0.01 secs] 
2016-09-15T11:42:28.299-0400: 131.598: [GC (GCLocker Initiated GC) [PSYoungGen: 167651K->43137K(175104K)] 506359K->436607K(699392K), 0.0136388 secs] [Times: user=0.10 sys=0.01, real=0.01 secs] 
2016-09-15T11:42:28.451-0400: 131.750: [GC (GCLocker Initiated GC) [PSYoungGen: 131201K->61654K(175104K)] 536897K->510182K(699392K), 0.0098680 secs] [Times: user=0.13 sys=0.01, real=0.01 secs] 
2016-09-15T11:42:28.461-0400: 131.760: [Full GC (Ergonomics) [PSYoungGen: 61654K->0K(175104K)] [ParOldGen: 448528K->46078K(524288K)] 510182K->46078K(699392K), [Metaspace: 44406K->44406K(1087488K)], 0.0769779 secs] [Times: user=0.73 sys=0.00, real=0.08 secs] 
2016-09-15T11:42:28.648-0400: 131.947: [GC (Allocation Failure) [PSYoungGen: 88064K->86438K(175104K)] 140550K->163224K(699392K), 0.0097666 secs] [Times: user=0.13 sys=0.01, real=0.01 secs] 
2016-09-15T11:42:28.789-0400: 132.088: [GC (GCLocker Initiated GC) [PSYoungGen: 169410K->37126K(175104K)] 252271K->175741K(699392K), 0.0100809 secs] [Times: user=0.13 sys=0.00, real=0.01 secs] 
2016-09-15T11:42:28.901-0400: 132.200: [GC (GCLocker Initiated GC) [PSYoungGen: 125190K->55319K(175104K)] 263892K->194156K(699392K), 0.0079014 secs] [Times: user=0.10 sys=0.01, real=0.01 secs] 
2016-09-15T11:42:29.034-0400: 132.333: [GC (GCLocker Initiated GC) [PSYoungGen: 143383K->85954K(175104K)] 282363K->237359K(699392K), 0.0109723 secs] [Times: user=0.14 sys=0.00, real=0.01 secs] 
2016-09-15T11:42:29.174-0400: 132.473: [GC (GCLocker Initiated GC) [PSYoungGen: 174018K->85822K(175104K)] 325516K->310551K(699392K), 0.0117094 secs] [Times: user=0.16 sys=0.00, real=0.01 secs] 
2016-09-15T11:42:29.290-0400: 132.589: [GC (GCLocker Initiated GC) [PSYoungGen: 173886K->67861K(175104K)] 398802K->347587K(699392K), 0.0148636 secs] [Times: user=0.14 sys=0.01, real=0.01 secs] 
2016-09-15T11:42:29.454-0400: 132.753: [GC (Allocation Failure) [PSYoungGen: 155925K->55251K(175104K)] 435771K->371823K(699392K), 0.0117205 secs] [Times: user=0.10 sys=0.00, real=0.01 secs] 
2016-09-15T11:42:29.466-0400: 132.765: [GC (GCLocker Initiated GC) [PSYoungGen: 55488K->32K(175104K)] 372060K->389692K(699392K), 0.0125846 secs] [Times: user=0.15 sys=0.01, real=0.02 secs] 
2016-09-15T11:42:29.582-0400: 132.881: [GC (GCLocker Initiated GC) [PSYoungGen: 88096K->86014K(175104K)] 477762K->487830K(699392K), 0.0203541 secs] [Times: user=0.26 sys=0.00, real=0.02 secs] 
2016-09-15T11:42:29.697-0400: 132.996: [GC (GCLocker Initiated GC) [PSYoungGen: 174078K->79879K(175104K)] 575947K->555212K(699392K), 0.0283503 secs] [Times: user=0.38 sys=0.01, real=0.02 secs] 
2016-09-15T11:42:29.726-0400: 133.025: [Full GC (Ergonomics) [PSYoungGen: 79879K->0K(175104K)] [ParOldGen: 475333K->52501K(524288K)] 555212K->52501K(699392K), [Metaspace: 44413K->44413K(1087488K)], 0.0476348 secs] [Times: user=0.33 sys=0.00, real=0.05 secs] 
2016-09-15T11:42:29.885-0400: 133.184: [GC (GCLocker Initiated GC) [PSYoungGen: 88064K->86114K(175104K)] 140568K->138618K(699392K), 0.0176047 secs] [Times: user=0.22 sys=0.00, real=0.02 secs] 
2016-09-15T11:42:30.023-0400: 133.322: [GC (Allocation Failure) [PSYoungGen: 174178K->86182K(175104K)] 226908K->188084K(699392K), 0.0113605 secs] [Times: user=0.15 sys=0.00, real=0.01 secs] 
2016-09-15T11:42:30.146-0400: 133.445: [GC (GCLocker Initiated GC) [PSYoungGen: 170159K->37130K(175104K)] 278136K->200205K(699392K), 0.0137975 secs] [Times: user=0.11 sys=0.00, real=0.02 secs] 
2016-09-15T11:42:30.282-0400: 133.581: [GC (GCLocker Initiated GC) [PSYoungGen: 125194K->73512K(175104K)] 288641K->255288K(699392K), 0.0108817 secs] [Times: user=0.11 sys=0.00, real=0.01 secs] 
2016-09-15T11:42:30.413-0400: 133.712: [GC (GCLocker Initiated GC) [PSYoungGen: 161576K->85954K(175104K)] 343400K->304527K(699392K), 0.0109094 secs] [Times: user=0.15 sys=0.01, real=0.01 secs] 
2016-09-15T11:42:30.544-0400: 133.843: [GC (GCLocker Initiated GC) [PSYoungGen: 174018K->49180K(175104K)] 392785K->316994K(699392K), 0.0117221 secs] [Times: user=0.14 sys=0.00, real=0.02 secs] 
2016-09-15T11:42:30.668-0400: 133.967: [GC (Allocation Failure) [PSYoungGen: 137244K->79911K(175104K)] 405375K->378709K(699392K), 0.0167004 secs] [Times: user=0.21 sys=0.00, real=0.01 secs] 
2016-09-15T11:42:30.685-0400: 133.984: [GC (GCLocker Initiated GC) [PSYoungGen: 79926K->32K(175104K)] 378724K->378339K(699392K), 0.0089114 secs] [Times: user=0.09 sys=0.00, real=0.01 secs] 
2016-09-15T11:42:30.825-0400: 134.124: [GC (GCLocker Initiated GC) [PSYoungGen: 88096K->85822K(175104K)] 466404K->488430K(699392K), 0.0107182 secs] [Times: user=0.14 sys=0.00, real=0.01 secs] 
2016-09-15T11:42:30.938-0400: 134.237: [GC (GCLocker Initiated GC) [PSYoungGen: 173886K->61266K(175104K)] 577163K->495170K(699392K), 0.0128061 secs] [Times: user=0.10 sys=0.01, real=0.01 secs] 
2016-09-15T11:42:30.951-0400: 134.250: [Full GC (Ergonomics) [PSYoungGen: 61266K->0K(175104K)] [ParOldGen: 433904K->46277K(524288K)] 495170K->46277K(699392K), [Metaspace: 44413K->44413K(1087488K)], 0.0585115 secs] [Times: user=0.32 sys=0.00, real=0.06 secs] 
2016-09-15T11:42:31.114-0400: 134.413: [GC (GCLocker Initiated GC) [PSYoungGen: 88064K->79939K(175104K)] 134635K->126510K(699392K), 0.0156461 secs] [Times: user=0.18 sys=0.00, real=0.02 secs] 
2016-09-15T11:42:31.289-0400: 134.588: [GC (GCLocker Initiated GC) [PSYoungGen: 168003K->55155K(175104K)] 220804K->163171K(699392K), 0.0123916 secs] [Times: user=0.12 sys=0.00, real=0.01 secs] 
2016-09-15T11:42:31.449-0400: 134.748: [GC (GCLocker Initiated GC) [PSYoungGen: 143219K->85466K(175104K)] 251254K->199679K(699392K), 0.0112199 secs] [Times: user=0.10 sys=0.00, real=0.01 secs] 
2016-09-15T11:42:31.557-0400: 134.856: [GC (GCLocker Initiated GC) [PSYoungGen: 173530K->73740K(175104K)] 293999K->230795K(699392K), 0.0175233 secs] [Times: user=0.18 sys=0.00, real=0.01 secs] 
2016-09-15T11:42:31.691-0400: 134.990: [GC (GCLocker Initiated GC) [PSYoungGen: 161804K->85694K(175104K)] 319085K->261500K(699392K), 0.0124016 secs] [Times: user=0.13 sys=0.00, real=0.01 secs] 
2016-09-15T11:42:31.830-0400: 135.129: [GC (GCLocker Initiated GC) [PSYoungGen: 173758K->67373K(175104K)] 349634K->273875K(699392K), 0.0247646 secs] [Times: user=0.25 sys=0.00, real=0.02 secs] 
2016-09-15T11:42:31.961-0400: 135.260: [GC (Allocation Failure) [PSYoungGen: 155437K->73704K(175104K)] 361981K->328976K(699392K), 0.0163882 secs] [Times: user=0.19 sys=0.00, real=0.02 secs] 
2016-09-15T11:42:32.089-0400: 135.388: [GC (GCLocker Initiated GC) [PSYoungGen: 161123K->49376K(175104K)] 422470K->347488K(699392K), 0.0123399 secs] [Times: user=0.16 sys=0.00, real=0.01 secs] 
2016-09-15T11:42:32.220-0400: 135.519: [GC (GCLocker Initiated GC) [PSYoungGen: 137440K->79555K(175104K)] 435645K->378199K(699392K), 0.0116830 secs] [Times: user=0.08 sys=0.00, real=0.01 secs] 
2016-09-15T11:42:32.339-0400: 135.638: [GC (GCLocker Initiated GC) [PSYoungGen: 167619K->67761K(175104K)] 466540K->409554K(699392K), 0.0165910 secs] [Times: user=0.18 sys=0.01, real=0.01 secs] 
2016-09-15T11:42:32.483-0400: 135.781: [GC (GCLocker Initiated GC) [PSYoungGen: 155825K->73640K(175104K)] 503925K->482970K(699392K), 0.0127334 secs] [Times: user=0.15 sys=0.01, real=0.01 secs] 
2016-09-15T11:42:32.632-0400: 135.931: [GC (GCLocker Initiated GC) [PSYoungGen: 161704K->55159K(175104K)] 571082K->483021K(699392K), 0.0161377 secs] [Times: user=0.14 sys=0.00, real=0.02 secs] 
2016-09-15T11:42:32.790-0400: 136.089: [GC (GCLocker Initiated GC) [PSYoungGen: 143223K->55287K(175104K)] 571181K->513732K(699392K), 0.0099818 secs] [Times: user=0.09 sys=0.00, real=0.01 secs] 
2016-09-15T11:42:32.800-0400: 136.099: [Full GC (Ergonomics) [PSYoungGen: 55287K->0K(175104K)] [ParOldGen: 458445K->40517K(524288K)] 513732K->40517K(699392K), [Metaspace: 44413K->44413K(1087488K)], 0.0649937 secs] [Times: user=0.42 sys=0.01, real=0.06 secs] 
2016-09-15T11:42:32.988-0400: 136.287: [GC (GCLocker Initiated GC) [PSYoungGen: 88064K->68281K(175104K)] 141081K->121298K(699392K), 0.0096689 secs] [Times: user=0.10 sys=0.00, real=0.02 secs] 
2016-09-15T11:42:33.118-0400: 136.417: [GC (GCLocker Initiated GC) [PSYoungGen: 156345K->36998K(175104K)] 221576K->145278K(699392K), 0.0124019 secs] [Times: user=0.11 sys=0.00, real=0.01 secs] 
2016-09-15T11:42:33.271-0400: 136.570: [GC (GCLocker Initiated GC) [PSYoungGen: 125062K->37521K(175104K)] 245696K->176500K(699392K), 0.0094586 secs] [Times: user=0.09 sys=0.00, real=0.01 secs] 
2016-09-15T11:42:33.395-0400: 136.693: [GC (GCLocker Initiated GC) [PSYoungGen: 125585K->85790K(175104K)] 264713K->231292K(699392K), 0.0089320 secs] [Times: user=0.12 sys=0.00, real=0.01 secs] 
2016-09-15T11:42:33.500-0400: 136.799: [GC (GCLocker Initiated GC) [PSYoungGen: 173854K->55351K(175104K)] 325466K->255871K(699392K), 0.0114804 secs] [Times: user=0.13 sys=0.02, real=0.01 secs] 
2016-09-15T11:42:33.634-0400: 136.933: [GC (GCLocker Initiated GC) [PSYoungGen: 143415K->79911K(175104K)] 344044K->317289K(699392K), 0.0136897 secs] [Times: user=0.17 sys=0.00, real=0.01 secs] 
2016-09-15T11:42:33.771-0400: 137.069: [GC (GCLocker Initiated GC) [PSYoungGen: 167975K->43297K(175104K)] 411599K->323678K(699392K), 0.0073332 secs] [Times: user=0.11 sys=0.00, real=0.01 secs] 
2016-09-15T11:42:33.887-0400: 137.186: [GC (Allocation Failure) [PSYoungGen: 131361K->55547K(175104K)] 423983K->372605K(699392K), 0.0130523 secs] [Times: user=0.15 sys=0.00, real=0.02 secs] 
2016-09-15T11:42:34.043-0400: 137.342: [GC (GCLocker Initiated GC) [PSYoungGen: 143611K->61234K(175104K)] 460675K->396774K(699392K), 0.0340660 secs] [Times: user=0.40 sys=0.00, real=0.04 secs] 
2016-09-15T11:42:34.203-0400: 137.502: [GC (GCLocker Initiated GC) [PSYoungGen: 149298K->73740K(175104K)] 491012K->415705K(699392K), 0.0170136 secs] [Times: user=0.17 sys=0.00, real=0.02 secs] 
2016-09-15T11:42:34.336-0400: 137.635: [GC (GCLocker Initiated GC) [PSYoungGen: 161804K->61362K(175104K)] 504080K->440380K(699392K), 0.0096663 secs] [Times: user=0.11 sys=0.00, real=0.00 secs] 
2016-09-15T11:42:34.475-0400: 137.774: [GC (GCLocker Initiated GC) [PSYoungGen: 149426K->55451K(175104K)] 540681K->458951K(699392K), 0.0245235 secs] [Times: user=0.28 sys=0.01, real=0.03 secs] 
2016-09-15T11:42:34.632-0400: 137.930: [GC (GCLocker Initiated GC) [PSYoungGen: 143515K->30891K(175104K)] 559444K->477462K(699392K), 0.0233065 secs] [Times: user=0.22 sys=0.00, real=0.02 secs] 
2016-09-15T11:42:34.792-0400: 138.091: [GC (Allocation Failure) [PSYoungGen: 118955K->73576K(175104K)] 565876K->520796K(699392K), 0.0126482 secs] [Times: user=0.13 sys=0.00, real=0.01 secs] 
2016-09-15T11:42:34.899-0400: 138.198: [GC (GCLocker Initiated GC) [PSYoungGen: 161640K->73576K(175104K)] 608866K->539278K(699392K), 0.0165460 secs] [Times: user=0.16 sys=0.00, real=0.02 secs] 
2016-09-15T11:42:34.916-0400: 138.215: [Full GC (Ergonomics) [PSYoungGen: 73576K->0K(175104K)] [ParOldGen: 465702K->52462K(524288K)] 539278K->52462K(699392K), [Metaspace: 44413K->44413K(1087488K)], 0.0590469 secs] [Times: user=0.33 sys=0.00, real=0.05 secs] 
2016-09-15T11:42:35.073-0400: 138.372: [GC (GCLocker Initiated GC) [PSYoungGen: 88064K->86014K(175104K)] 140887K->144913K(699392K), 0.0152447 secs] [Times: user=0.16 sys=0.01, real=0.02 secs] 
2016-09-15T11:42:35.211-0400: 138.510: [GC (GCLocker Initiated GC) [PSYoungGen: 174078K->43041K(175104K)] 233019K->163271K(699392K), 0.0127017 secs] [Times: user=0.12 sys=0.00, real=0.01 secs] 
2016-09-15T11:42:35.333-0400: 138.632: [GC (GCLocker Initiated GC) [PSYoungGen: 131105K->74000K(175104K)] 257743K->219343K(699392K), 0.0174005 secs] [Times: user=0.24 sys=0.00, real=0.02 secs] 
2016-09-15T11:42:35.464-0400: 138.763: [GC (Allocation Failure) [PSYoungGen: 162064K->86150K(175104K)] 307565K->250512K(699392K), 0.0110781 secs] [Times: user=0.14 sys=0.00, real=0.01 secs] 
2016-09-15T11:42:35.610-0400: 138.909: [GC (GCLocker Initiated GC) [PSYoungGen: 172963K->73640K(175104K)] 343400K->280966K(699392K), 0.0176891 secs] [Times: user=0.21 sys=0.01, real=0.02 secs] 
2016-09-15T11:42:35.759-0400: 139.058: [GC (GCLocker Initiated GC) [PSYoungGen: 161704K->73936K(175104K)] 369397K->281748K(699392K), 0.0086619 secs] [Times: user=0.08 sys=0.01, real=0.01 secs] 
2016-09-15T11:42:35.909-0400: 139.208: [GC (GCLocker Initiated GC) [PSYoungGen: 162000K->61426K(175104K)] 376041K->312193K(699392K), 0.0443250 secs] [Times: user=0.48 sys=0.00, real=0.04 secs] 
2016-09-15T11:42:36.071-0400: 139.370: [GC (GCLocker Initiated GC) [PSYoungGen: 149490K->67633K(175104K)] 400489K->355186K(699392K), 0.0218434 secs] [Times: user=0.22 sys=0.00, real=0.02 secs] 
2016-09-15T11:42:36.229-0400: 139.528: [GC (GCLocker Initiated GC) [PSYoungGen: 155697K->61298K(175104K)] 449332K->361275K(699392K), 0.0358133 secs] [Times: user=0.36 sys=0.00, real=0.03 secs] 
2016-09-15T11:42:36.410-0400: 139.709: [GC (Allocation Failure) [PSYoungGen: 149362K->55319K(175104K)] 455770K->380055K(699392K), 0.0212324 secs] [Times: user=0.19 sys=0.00, real=0.02 secs] 
2016-09-15T11:42:36.431-0400: 139.730: [GC (GCLocker Initiated GC) [PSYoungGen: 55725K->192K(175104K)] 380462K->379950K(699392K), 0.0097225 secs] [Times: user=0.08 sys=0.00, real=0.01 secs] 
2016-09-15T11:42:36.554-0400: 139.853: [GC (GCLocker Initiated GC) [PSYoungGen: 88256K->79811K(175104K)] 468019K->459575K(699392K), 0.0196925 secs] [Times: user=0.18 sys=0.00, real=0.02 secs] 
2016-09-15T11:42:36.678-0400: 139.977: [GC (GCLocker Initiated GC) [PSYoungGen: 167875K->55515K(175104K)] 547726K->527062K(699392K), 0.0320718 secs] [Times: user=0.34 sys=0.01, real=0.03 secs] 
2016-09-15T11:42:36.711-0400: 140.010: [Full GC (Ergonomics) [PSYoungGen: 55515K->0K(175104K)] [ParOldGen: 471547K->59110K(524288K)] 527062K->59110K(699392K), [Metaspace: 44420K->44420K(1087488K)], 0.0641026 secs] [Times: user=0.36 sys=0.01, real=0.06 secs] 
2016-09-15T11:42:36.887-0400: 140.186: [GC (GCLocker Initiated GC) [PSYoungGen: 88064K->80263K(175104K)] 147389K->139589K(699392K), 0.0291608 secs] [Times: user=0.29 sys=0.00, real=0.04 secs] 
2016-09-15T11:42:37.013-0400: 140.312: [GC (GCLocker Initiated GC) [PSYoungGen: 168327K->49180K(175104K)] 227834K->158231K(699392K), 0.0120788 secs] [Times: user=0.11 sys=0.00, real=0.01 secs] 
2016-09-15T11:42:37.144-0400: 140.443: [GC (GCLocker Initiated GC) [PSYoungGen: 137244K->85790K(175104K)] 246454K->225519K(699392K), 0.0123316 secs] [Times: user=0.15 sys=0.01, real=0.02 secs] 
2016-09-15T11:42:37.270-0400: 140.569: [GC (GCLocker Initiated GC) [PSYoungGen: 173848K->67729K(175104K)] 313933K->299114K(699392K), 0.0125920 secs] [Times: user=0.16 sys=0.01, real=0.01 secs] 
2016-09-15T11:42:37.398-0400: 140.697: [GC (GCLocker Initiated GC) [PSYoungGen: 155793K->56102K(175104K)] 393575K->294184K(699392K), 0.0092537 secs] [Times: user=0.14 sys=0.00, real=0.00 secs] 
2016-09-15T11:42:37.544-0400: 140.843: [GC (GCLocker Initiated GC) [PSYoungGen: 144166K->73576K(175104K)] 388606K->336391K(699392K), 0.0083115 secs] [Times: user=0.13 sys=0.00, real=0.01 secs] 
2016-09-15T11:42:37.687-0400: 140.986: [GC (GCLocker Initiated GC) [PSYoungGen: 161640K->55611K(175104K)] 430662K->342977K(699392K), 0.0136108 secs] [Times: user=0.15 sys=0.00, real=0.02 secs] 
2016-09-15T11:42:37.810-0400: 141.109: [GC (GCLocker Initiated GC) [PSYoungGen: 143675K->61494K(175104K)] 437466K->373629K(699392K), 0.0119846 secs] [Times: user=0.12 sys=0.00, real=0.01 secs] 
2016-09-15T11:42:37.928-0400: 141.227: [GC (GCLocker Initiated GC) [PSYoungGen: 149558K->55255K(175104K)] 462066K->386411K(699392K), 0.0117734 secs] [Times: user=0.08 sys=0.00, real=0.01 secs] 
2016-09-15T11:42:38.063-0400: 141.362: [GC (GCLocker Initiated GC) [PSYoungGen: 143319K->43173K(175104K)] 474793K->411193K(699392K), 0.0123823 secs] [Times: user=0.10 sys=0.00, real=0.01 secs] 
2016-09-15T11:42:38.200-0400: 141.499: [GC (GCLocker Initiated GC) [PSYoungGen: 131237K->55287K(175104K)] 499485K->435936K(699392K), 0.0169958 secs] [Times: user=0.15 sys=0.01, real=0.02 secs] 
2016-09-15T11:42:38.312-0400: 141.611: [GC (Allocation Failure) [PSYoungGen: 143351K->79879K(175104K)] 524092K->509387K(699392K), 0.0298126 secs] [Times: user=0.35 sys=0.02, real=0.03 secs] 
2016-09-15T11:42:38.442-0400: 141.741: [GC (GCLocker Initiated GC) [PSYoungGen: 167943K->85790K(175104K)] 597451K->552048K(699392K), 0.0117196 secs] [Times: user=0.14 sys=0.02, real=0.01 secs] 
2016-09-15T11:42:38.454-0400: 141.753: [Full GC (Ergonomics) [PSYoungGen: 85790K->0K(175104K)] [ParOldGen: 466258K->58959K(524288K)] 552048K->58959K(699392K), [Metaspace: 44423K->44423K(1087488K)], 0.0556282 secs] [Times: user=0.40 sys=0.02, real=0.06 secs] 
2016-09-15T11:42:38.612-0400: 141.911: [GC (GCLocker Initiated GC) [PSYoungGen: 88064K->80399K(175104K)] 159427K->151762K(699392K), 0.0138025 secs] [Times: user=0.11 sys=0.00, real=0.01 secs] 
2016-09-15T11:42:38.735-0400: 142.034: [GC (GCLocker Initiated GC) [PSYoungGen: 168463K->67597K(175104K)] 240041K->224945K(699392K), 0.0186173 secs] [Times: user=0.22 sys=0.02, real=0.02 secs] 
2016-09-15T11:42:38.857-0400: 142.156: [GC (GCLocker Initiated GC) [PSYoungGen: 155661K->85790K(175104K)] 313477K->274273K(699392K), 0.0112149 secs] [Times: user=0.15 sys=0.02, real=0.01 secs] 
2016-09-15T11:42:38.978-0400: 142.277: [GC (Allocation Failure) [PSYoungGen: 173854K->61394K(175104K)] 362636K->317332K(699392K), 0.0100316 secs] [Times: user=0.16 sys=0.00, real=0.01 secs] 
2016-09-15T11:42:39.087-0400: 142.386: [GC (GCLocker Initiated GC) [PSYoungGen: 144706K->49308K(175104K)] 406720K->348063K(699392K), 0.0128389 secs] [Times: user=0.12 sys=0.00, real=0.02 secs] 
2016-09-15T11:42:39.225-0400: 142.524: [GC (GCLocker Initiated GC) [PSYoungGen: 137372K->73868K(175104K)] 436477K->391489K(699392K), 0.0095673 secs] [Times: user=0.11 sys=0.00, real=0.01 secs] 
2016-09-15T11:42:39.335-0400: 142.634: [GC (GCLocker Initiated GC) [PSYoungGen: 161932K->49472K(175104K)] 479657K->422171K(699392K), 0.0123967 secs] [Times: user=0.11 sys=0.03, real=0.01 secs] 
2016-09-15T11:42:39.460-0400: 142.759: [GC (GCLocker Initiated GC) [PSYoungGen: 137536K->49376K(175104K)] 510316K->458741K(699392K), 0.0149388 secs] [Times: user=0.15 sys=0.01, real=0.01 secs] 
2016-09-15T11:42:39.606-0400: 142.905: [GC (GCLocker Initiated GC) [PSYoungGen: 137440K->79619K(175104K)] 552978K->495613K(699392K), 0.0110833 secs] [Times: user=0.10 sys=0.00, real=0.02 secs] 
2016-09-15T11:42:39.720-0400: 143.018: [GC (GCLocker Initiated GC) [PSYoungGen: 167683K->49116K(175104K)] 590024K->502091K(699392K), 0.0138331 secs] [Times: user=0.06 sys=0.01, real=0.01 secs] 
2016-09-15T11:42:39.733-0400: 143.032: [Full GC (Ergonomics) [PSYoungGen: 49116K->0K(175104K)] [ParOldGen: 452975K->52912K(524288K)] 502091K->52912K(699392K), [Metaspace: 44423K->44423K(1087488K)], 0.0588751 secs] [Times: user=0.45 sys=0.00, real=0.06 secs] 
2016-09-15T11:42:39.894-0400: 143.193: [GC (GCLocker Initiated GC) [PSYoungGen: 88064K->86242K(175104K)] 147367K->151621K(699392K), 0.0110804 secs] [Times: user=0.17 sys=0.01, real=0.01 secs] 
2016-09-15T11:42:40.043-0400: 143.342: [GC (GCLocker Initiated GC) [PSYoungGen: 174306K->55479K(175104K)] 245773K->146063K(699392K), 0.0100978 secs] [Times: user=0.12 sys=0.01, real=0.01 secs] 
2016-09-15T11:42:40.156-0400: 143.455: [GC (GCLocker Initiated GC) [PSYoungGen: 143543K->85854K(175104K)] 234280K->188901K(699392K), 0.0099830 secs] [Times: user=0.15 sys=0.00, real=0.00 secs] 
2016-09-15T11:42:40.291-0400: 143.590: [GC (GCLocker Initiated GC) [PSYoungGen: 173918K->56102K(175104K)] 289470K->232721K(699392K), 0.0105198 secs] [Times: user=0.15 sys=0.00, real=0.01 secs] 
2016-09-15T11:42:40.446-0400: 143.745: [GC (GCLocker Initiated GC) [PSYoungGen: 144166K->85658K(175104K)] 326930K->274811K(699392K), 0.0091459 secs] [Times: user=0.14 sys=0.00, real=0.01 secs] 
2016-09-15T11:42:40.558-0400: 143.857: [GC (Allocation Failure) [PSYoungGen: 173722K->85758K(175104K)] 362917K->323705K(699392K), 0.0107137 secs] [Times: user=0.17 sys=0.00, real=0.01 secs] 
2016-09-15T11:42:40.681-0400: 143.980: [GC (GCLocker Initiated GC) [PSYoungGen: 173822K->61390K(175104K)] 411775K->372590K(699392K), 0.0111400 secs] [Times: user=0.19 sys=0.00, real=0.01 secs] 
2016-09-15T11:42:40.783-0400: 144.082: [GC (GCLocker Initiated GC) [PSYoungGen: 149454K->85790K(175104K)] 460780K->421552K(699392K), 0.0111454 secs] [Times: user=0.17 sys=0.00, real=0.01 secs] 
2016-09-15T11:42:40.903-0400: 144.202: [GC (GCLocker Initiated GC) [PSYoungGen: 173854K->55515K(175104K)] 515889K->476848K(699392K), 0.0123756 secs] [Times: user=0.21 sys=0.00, real=0.01 secs] 
2016-09-15T11:42:41.030-0400: 144.329: [GC (GCLocker Initiated GC) [PSYoungGen: 143579K->86018K(175104K)] 565139K->513788K(699392K), 0.0117725 secs] [Times: user=0.17 sys=0.00, real=0.01 secs] 
2016-09-15T11:42:41.042-0400: 144.341: [Full GC (Ergonomics) [PSYoungGen: 86018K->0K(175104K)] [ParOldGen: 427770K->53523K(524288K)] 513788K->53523K(699392K), [Metaspace: 44423K->44423K(1087488K)], 0.0486111 secs] [Times: user=0.47 sys=0.01, real=0.05 secs] 
2016-09-15T11:42:41.209-0400: 144.508: [GC (GCLocker Initiated GC) [PSYoungGen: 88064K->85986K(175104K)] 153925K->157922K(699392K), 0.0104525 secs] [Times: user=0.17 sys=0.01, real=0.01 secs] 
2016-09-15T11:42:41.308-0400: 144.607: [GC (GCLocker Initiated GC) [PSYoungGen: 174050K->85854K(175104K)] 246095K->212898K(699392K), 0.0120328 secs] [Times: user=0.19 sys=0.00, real=0.01 secs] 
2016-09-15T11:42:41.449-0400: 144.748: [GC (GCLocker Initiated GC) [PSYoungGen: 173918K->31051K(175104K)] 307297K->255878K(699392K), 0.0104693 secs] [Times: user=0.15 sys=0.00, real=0.01 secs] 
2016-09-15T11:42:41.577-0400: 144.876: [GC (GCLocker Initiated GC) [PSYoungGen: 119115K->61102K(175104K)] 343991K->286238K(699392K), 0.0165657 secs] [Times: user=0.16 sys=0.01, real=0.01 secs] 
2016-09-15T11:42:41.689-0400: 144.988: [GC (GCLocker Initiated GC) [PSYoungGen: 149166K->73608K(175104K)] 374439K->378000K(699392K), 0.0156551 secs] [Times: user=0.23 sys=0.01, real=0.01 secs] 
2016-09-15T11:42:41.832-0400: 145.131: [GC (GCLocker Initiated GC) [PSYoungGen: 161672K->85854K(175104K)] 466419K->415209K(699392K), 0.0118392 secs] [Times: user=0.18 sys=0.00, real=0.01 secs] 
2016-09-15T11:42:41.942-0400: 145.241: [GC (GCLocker Initiated GC) [PSYoungGen: 173918K->85986K(175104K)] 503343K->464162K(699392K), 0.0123991 secs] [Times: user=0.20 sys=0.00, real=0.01 secs] 
2016-09-15T11:42:42.085-0400: 145.384: [GC (Allocation Failure) [PSYoungGen: 174050K->61326K(175104K)] 552391K->531272K(699392K), 0.0129805 secs] [Times: user=0.18 sys=0.01, real=0.02 secs] 
2016-09-15T11:42:42.098-0400: 145.397: [Full GC (Ergonomics) [PSYoungGen: 61326K->0K(175104K)] [ParOldGen: 469946K->47083K(524288K)] 531272K->47083K(699392K), [Metaspace: 44433K->44433K(1087488K)], 0.0560869 secs] [Times: user=0.44 sys=0.02, real=0.05 secs] 
2016-09-15T11:42:42.245-0400: 145.544: [GC (GCLocker Initiated GC) [PSYoungGen: 82209K->86242K(175104K)] 135367K->145475K(699392K), 0.0106499 secs] [Times: user=0.16 sys=0.01, real=0.01 secs] 
2016-09-15T11:42:42.370-0400: 145.669: [GC (GCLocker Initiated GC) [PSYoungGen: 174306K->73772K(175104K)] 233658K->170170K(699392K), 0.0120822 secs] [Times: user=0.20 sys=0.00, real=0.01 secs] 
2016-09-15T11:42:42.500-0400: 145.798: [GC (GCLocker Initiated GC) [PSYoungGen: 161836K->73868K(175104K)] 258539K->189120K(699392K), 0.0097289 secs] [Times: user=0.14 sys=0.00, real=0.01 secs] 
2016-09-15T11:42:42.646-0400: 145.945: [GC (GCLocker Initiated GC) [PSYoungGen: 161932K->85790K(175104K)] 283284K->231725K(699392K), 0.0099373 secs] [Times: user=0.11 sys=0.00, real=0.02 secs] 
2016-09-15T11:42:42.808-0400: 146.107: [GC (GCLocker Initiated GC) [PSYoungGen: 173854K->48984K(175104K)] 332211K->231908K(699392K), 0.0224906 secs] [Times: user=0.19 sys=0.01, real=0.02 secs] 
2016-09-15T11:42:42.950-0400: 146.249: [GC (GCLocker Initiated GC) [PSYoungGen: 137048K->85530K(175104K)] 320020K->292945K(699392K), 0.0270614 secs] [Times: user=0.28 sys=0.00, real=0.03 secs] 
2016-09-15T11:42:43.075-0400: 146.374: [GC (GCLocker Initiated GC) [PSYoungGen: 173594K->67505K(175104K)] 387199K->293356K(699392K), 0.0190288 secs] [Times: user=0.17 sys=0.00, real=0.02 secs] 
2016-09-15T11:42:43.226-0400: 146.525: [GC (GCLocker Initiated GC) [PSYoungGen: 155569K->55287K(175104K)] 381479K->305788K(699392K), 0.0173606 secs] [Times: user=0.17 sys=0.00, real=0.02 secs] 
2016-09-15T11:42:43.329-0400: 146.628: [GC (GCLocker Initiated GC) [PSYoungGen: 143351K->85662K(175104K)] 393962K->373162K(699392K), 0.0254202 secs] [Times: user=0.26 sys=0.00, real=0.02 secs] 
2016-09-15T11:42:43.452-0400: 146.751: [GC (GCLocker Initiated GC) [PSYoungGen: 173726K->49376K(175104K)] 461486K->422290K(699392K), 0.0129756 secs] [Times: user=0.12 sys=0.00, real=0.01 secs] 
2016-09-15T11:42:43.578-0400: 146.876: [GC (GCLocker Initiated GC) [PSYoungGen: 137440K->55419K(175104K)] 516633K->434879K(699392K), 0.0101205 secs] [Times: user=0.07 sys=0.00, real=0.01 secs] 
2016-09-15T11:42:43.703-0400: 147.002: [GC (Allocation Failure) [PSYoungGen: 143483K->67665K(175104K)] 523226K->465916K(699392K), 0.0141474 secs] [Times: user=0.15 sys=0.01, real=0.02 secs] 
2016-09-15T11:42:43.846-0400: 147.145: [GC (GCLocker Initiated GC) [PSYoungGen: 152587K->55419K(175104K)] 556913K->478066K(699392K), 0.0280483 secs] [Times: user=0.30 sys=0.00, real=0.03 secs] 
2016-09-15T11:42:43.987-0400: 147.286: [GC (GCLocker Initiated GC) [PSYoungGen: 143483K->61298K(175104K)] 566373K->502688K(699392K), 0.0101858 secs] [Times: user=0.09 sys=0.00, real=0.02 secs] 
2016-09-15T11:42:43.998-0400: 147.296: [Full GC (Ergonomics) [PSYoungGen: 61298K->0K(175104K)] [ParOldGen: 441390K->47335K(524288K)] 502688K->47335K(699392K), [Metaspace: 44438K->44438K(1087488K)], 0.0558922 secs] [Times: user=0.30 sys=0.01, real=0.05 secs] 
2016-09-15T11:42:44.176-0400: 147.475: [GC (GCLocker Initiated GC) [PSYoungGen: 88064K->79843K(175104K)] 135462K->127242K(699392K), 0.0163900 secs] [Times: user=0.15 sys=0.01, real=0.01 secs] 
2016-09-15T11:42:44.290-0400: 147.589: [GC (GCLocker Initiated GC) [PSYoungGen: 167907K->67533K(175104K)] 221552K->170326K(699392K), 0.0157062 secs] [Times: user=0.16 sys=0.00, real=0.01 secs] 
2016-09-15T11:42:44.445-0400: 147.744: [GC (GCLocker Initiated GC) [PSYoungGen: 155597K->37222K(175104K)] 270682K->195139K(699392K), 0.0231792 secs] [Times: user=0.30 sys=0.00, real=0.03 secs] 
2016-09-15T11:42:44.595-0400: 147.894: [GC (Allocation Failure) [PSYoungGen: 125286K->85726K(175104K)] 283273K->243989K(699392K), 0.0078880 secs] [Times: user=0.08 sys=0.00, real=0.01 secs] 
2016-09-15T11:42:44.720-0400: 148.019: [GC (GCLocker Initiated GC) [PSYoungGen: 173790K->61426K(175104K)] 332059K->280776K(699392K), 0.0123760 secs] [Times: user=0.14 sys=0.01, real=0.01 secs] 
2016-09-15T11:42:44.868-0400: 148.167: [GC (GCLocker Initiated GC) [PSYoungGen: 149490K->79587K(175104K)] 374963K->323561K(699392K), 0.0112291 secs] [Times: user=0.11 sys=0.00, real=0.01 secs] 
2016-09-15T11:42:45.014-0400: 148.313: [GC (GCLocker Initiated GC) [PSYoungGen: 167651K->43009K(175104K)] 423822K->335889K(699392K), 0.0094794 secs] [Times: user=0.06 sys=0.01, real=0.01 secs] 
2016-09-15T11:42:45.145-0400: 148.444: [GC (Allocation Failure) [PSYoungGen: 131070K->55383K(175104K)] 430375K->385323K(699392K), 0.0300046 secs] [Times: user=0.33 sys=0.01, real=0.03 secs] 
2016-09-15T11:42:45.288-0400: 148.587: [GC (GCLocker Initiated GC) [PSYoungGen: 143447K->55255K(175104K)] 473393K->403537K(699392K), 0.0282404 secs] [Times: user=0.30 sys=0.01, real=0.03 secs] 
2016-09-15T11:42:45.428-0400: 148.727: [GC (GCLocker Initiated GC) [PSYoungGen: 143319K->85662K(175104K)] 491946K->434401K(699392K), 0.0136922 secs] [Times: user=0.12 sys=0.00, real=0.01 secs] 
2016-09-15T11:42:45.538-0400: 148.837: [GC (GCLocker Initiated GC) [PSYoungGen: 173726K->79587K(175104K)] 522630K->459165K(699392K), 0.0169016 secs] [Times: user=0.18 sys=0.00, real=0.01 secs] 
2016-09-15T11:42:45.682-0400: 148.981: [GC (GCLocker Initiated GC) [PSYoungGen: 167651K->67537K(175104K)] 547231K->471677K(699392K), 0.0157915 secs] [Times: user=0.17 sys=0.00, real=0.02 secs] 
2016-09-15T11:42:45.826-0400: 149.125: [GC (GCLocker Initiated GC) [PSYoungGen: 155601K->85790K(175104K)] 559900K->526823K(699392K), 0.0112952 secs] [Times: user=0.15 sys=0.00, real=0.02 secs] 
2016-09-15T11:42:45.968-0400: 149.267: [GC (GCLocker Initiated GC) [PSYoungGen: 173854K->55351K(175104K)] 615192K->533282K(699392K), 0.0209075 secs] [Times: user=0.27 sys=0.00, real=0.02 secs] 
2016-09-15T11:42:45.989-0400: 149.288: [Full GC (Ergonomics) [PSYoungGen: 55351K->0K(175104K)] [ParOldGen: 477931K->41554K(524288K)] 533282K->41554K(699392K), [Metaspace: 44438K->44438K(1087488K)], 0.0554898 secs] [Times: user=0.33 sys=0.01, real=0.05 secs] 
2016-09-15T11:42:46.150-0400: 149.449: [GC (GCLocker Initiated GC) [PSYoungGen: 88064K->86274K(175104K)] 130259K->134544K(699392K), 0.0135217 secs] [Times: user=0.20 sys=0.00, real=0.01 secs] 
2016-09-15T11:42:46.282-0400: 149.581: [GC (GCLocker Initiated GC) [PSYoungGen: 174338K->85854K(175104K)] 222650K->177403K(699392K), 0.0110624 secs] [Times: user=0.17 sys=0.00, real=0.01 secs] 
2016-09-15T11:42:46.421-0400: 149.720: [GC (GCLocker Initiated GC) [PSYoungGen: 173918K->55807K(175104K)] 277966K->226988K(699392K), 0.0110350 secs] [Times: user=0.16 sys=0.00, real=0.01 secs] 
2016-09-15T11:42:46.566-0400: 149.865: [GC (Allocation Failure) [PSYoungGen: 143871K->36966K(175104K)] 321415K->214761K(699392K), 0.0074101 secs] [Times: user=0.07 sys=0.00, real=0.01 secs] 
2016-09-15T11:42:46.680-0400: 149.979: [GC (Allocation Failure) [PSYoungGen: 124991K->61494K(175104K)] 302787K->239385K(699392K), 0.0187280 secs] [Times: user=0.19 sys=0.00, real=0.02 secs] 
2016-09-15T11:42:46.819-0400: 150.118: [GC (GCLocker Initiated GC) [PSYoungGen: 149558K->79619K(175104K)] 327449K->276190K(699392K), 0.0110148 secs] [Times: user=0.11 sys=0.00, real=0.01 secs] 
2016-09-15T11:42:46.968-0400: 150.267: [GC (GCLocker Initiated GC) [PSYoungGen: 167683K->79523K(175104K)] 370433K->300741K(699392K), 0.0209969 secs] [Times: user=0.22 sys=0.00, real=0.02 secs] 
2016-09-15T11:42:47.103-0400: 150.402: [GC (GCLocker Initiated GC) [PSYoungGen: 167587K->67437K(175104K)] 395241K->319683K(699392K), 0.0096582 secs] [Times: user=0.09 sys=0.00, real=0.01 secs] 
2016-09-15T11:42:47.248-0400: 150.547: [GC (GCLocker Initiated GC) [PSYoungGen: 155501K->67569K(175104K)] 407872K->338433K(699392K), 0.0241816 secs] [Times: user=0.25 sys=0.00, real=0.02 secs] 
2016-09-15T11:42:47.381-0400: 150.679: [GC (Allocation Failure) [PSYoungGen: 155633K->61198K(175104K)] 426645K->374854K(699392K), 0.0238782 secs] [Times: user=0.26 sys=0.00, real=0.02 secs] 
2016-09-15T11:42:47.508-0400: 150.807: [GC (GCLocker Initiated GC) [PSYoungGen: 148394K->37293K(175104K)] 468126K->375362K(699392K), 0.0070233 secs] [Times: user=0.06 sys=0.00, real=0.00 secs] 
2016-09-15T11:42:47.647-0400: 150.946: [GC (GCLocker Initiated GC) [PSYoungGen: 125357K->43237K(175104K)] 481732K->400042K(699392K), 0.0177915 secs] [Times: user=0.18 sys=0.00, real=0.02 secs] 
2016-09-15T11:42:47.797-0400: 151.096: [GC (GCLocker Initiated GC) [PSYoungGen: 131301K->73740K(175104K)] 488316K->485902K(699392K), 0.0110795 secs] [Times: user=0.13 sys=0.01, real=0.01 secs] 
2016-09-15T11:42:47.921-0400: 151.220: [GC (GCLocker Initiated GC) [PSYoungGen: 161804K->85790K(175104K)] 574086K->534822K(699392K), 0.0119006 secs] [Times: user=0.15 sys=0.00, real=0.01 secs] 
2016-09-15T11:42:48.055-0400: 151.354: [GC (GCLocker Initiated GC) [PSYoungGen: 173854K->55127K(175104K)] 623058K->546952K(699392K), 0.0101299 secs] [Times: user=0.09 sys=0.00, real=0.01 secs] 
2016-09-15T11:42:48.065-0400: 151.364: [Full GC (Ergonomics) [PSYoungGen: 55127K->0K(175104K)] [ParOldGen: 491825K->47784K(524288K)] 546952K->47784K(699392K), [Metaspace: 44438K->44438K(1087488K)], 0.0552405 secs] [Times: user=0.34 sys=0.01, real=0.06 secs] 
2016-09-15T11:42:48.219-0400: 151.518: [GC (GCLocker Initiated GC) [PSYoungGen: 88064K->85854K(175104K)] 136086K->182476K(699392K), 0.0138814 secs] [Times: user=0.20 sys=0.00, real=0.01 secs] 
2016-09-15T11:42:48.399-0400: 151.698: [GC (GCLocker Initiated GC) [PSYoungGen: 173918K->36898K(175104K)] 276808K->164403K(699392K), 0.0071998 secs] [Times: user=0.08 sys=0.00, real=0.00 secs] 
2016-09-15T11:42:48.506-0400: 151.805: [GC (GCLocker Initiated GC) [PSYoungGen: 124962K->85562K(175104K)] 258606K->219342K(699392K), 0.0145324 secs] [Times: user=0.15 sys=0.00, real=0.02 secs] 
2016-09-15T11:42:48.644-0400: 151.943: [GC (Allocation Failure) [PSYoungGen: 173626K->43265K(175104K)] 313522K->237972K(699392K), 0.0087076 secs] [Times: user=0.12 sys=0.00, real=0.01 secs] 
2016-09-15T11:42:48.781-0400: 152.080: [GC (GCLocker Initiated GC) [PSYoungGen: 131298K->55411K(175104K)] 326169K->299181K(699392K), 0.0178944 secs] [Times: user=0.20 sys=0.00, real=0.02 secs] 
2016-09-15T11:42:48.907-0400: 152.206: [GC (GCLocker Initiated GC) [PSYoungGen: 143475K->85694K(175104K)] 387310K->329633K(699392K), 0.0215628 secs] [Times: user=0.24 sys=0.00, real=0.03 secs] 
2016-09-15T11:42:49.041-0400: 152.340: [GC (GCLocker Initiated GC) [PSYoungGen: 173758K->67337K(175104K)] 417811K->384598K(699392K), 0.0113577 secs] [Times: user=0.15 sys=0.00, real=0.01 secs] 
2016-09-15T11:42:49.153-0400: 152.452: [GC (GCLocker Initiated GC) [PSYoungGen: 155401K->73512K(175104K)] 472724K->421353K(699392K), 0.0095702 secs] [Times: user=0.12 sys=0.00, real=0.01 secs] 
2016-09-15T11:42:49.279-0400: 152.578: [GC (GCLocker Initiated GC) [PSYoungGen: 161576K->85530K(175104K)] 509567K->452053K(699392K), 0.0257654 secs] [Times: user=0.30 sys=0.01, real=0.02 secs] 
2016-09-15T11:42:49.420-0400: 152.719: [GC (GCLocker Initiated GC) [PSYoungGen: 173594K->67697K(175104K)] 546475K->495372K(699392K), 0.0103125 secs] [Times: user=0.14 sys=0.00, real=0.01 secs] 
2016-09-15T11:42:49.554-0400: 152.853: [GC (GCLocker Initiated GC) [PSYoungGen: 155761K->42877K(175104K)] 589559K->531618K(699392K), 0.0110033 secs] [Times: user=0.10 sys=0.00, real=0.01 secs] 
2016-09-15T11:42:49.565-0400: 152.864: [Full GC (Ergonomics) [PSYoungGen: 42877K->0K(175104K)] [ParOldGen: 488741K->52965K(524288K)] 531618K->52965K(699392K), [Metaspace: 44438K->44438K(1087488K)], 0.0529356 secs] [Times: user=0.32 sys=0.00, real=0.06 secs] 
2016-09-15T11:42:49.721-0400: 153.020: [GC (GCLocker Initiated GC) [PSYoungGen: 88064K->86530K(175104K)] 147229K->157846K(699392K), 0.0116558 secs] [Times: user=0.15 sys=0.00, real=0.01 secs] 
2016-09-15T11:42:49.846-0400: 153.145: [GC (GCLocker Initiated GC) [PSYoungGen: 174594K->55679K(175104K)] 258409K->183011K(699392K), 0.0175786 secs] [Times: user=0.24 sys=0.01, real=0.02 secs] 
2016-09-15T11:42:50.005-0400: 153.304: [GC (GCLocker Initiated GC) [PSYoungGen: 143743K->55255K(175104K)] 277242K->207246K(699392K), 0.0088304 secs] [Times: user=0.07 sys=0.00, real=0.01 secs] 
2016-09-15T11:42:50.119-0400: 153.418: [GC (GCLocker Initiated GC) [PSYoungGen: 143319K->85986K(175104K)] 301439K->244421K(699392K), 0.0089388 secs] [Times: user=0.08 sys=0.01, real=0.01 secs] 
2016-09-15T11:42:50.246-0400: 153.545: [GC (Allocation Failure) [PSYoungGen: 174050K->73640K(175104K)] 332751K->299630K(699392K), 0.0171562 secs] [Times: user=0.20 sys=0.00, real=0.02 secs] 
2016-09-15T11:42:50.386-0400: 153.685: [GC (GCLocker Initiated GC) [PSYoungGen: 161704K->67829K(175104K)] 387699K->318416K(699392K), 0.0115301 secs] [Times: user=0.12 sys=0.00, real=0.02 secs] 
2016-09-15T11:42:50.497-0400: 153.796: [GC (Allocation Failure) [PSYoungGen: 155893K->61298K(175104K)] 406611K->348734K(699392K), 0.0103637 secs] [Times: user=0.09 sys=0.00, real=0.01 secs] 
2016-09-15T11:42:50.635-0400: 153.934: [GC (GCLocker Initiated GC) [PSYoungGen: 149362K->79911K(175104K)] 436803K->403954K(699392K), 0.0207292 secs] [Times: user=0.28 sys=0.00, real=0.02 secs] 
2016-09-15T11:42:50.791-0400: 154.090: [GC (Allocation Failure) [PSYoungGen: 167975K->37485K(175104K)] 492076K->398344K(699392K), 0.0107560 secs] [Times: user=0.14 sys=0.00, real=0.01 secs] 
2016-09-15T11:42:50.889-0400: 154.188: [GC (GCLocker Initiated GC) [PSYoungGen: 121975K->73544K(175104K)] 488908K->440589K(699392K), 0.0101976 secs] [Times: user=0.11 sys=0.00, real=0.01 secs] 
2016-09-15T11:42:51.031-0400: 154.330: [GC (GCLocker Initiated GC) [PSYoungGen: 161608K->85758K(175104K)] 528869K->489768K(699392K), 0.0124879 secs] [Times: user=0.14 sys=0.00, real=0.01 secs] 
2016-09-15T11:42:51.170-0400: 154.469: [GC (GCLocker Initiated GC) [PSYoungGen: 173822K->12861K(175104K)] 590253K->490327K(699392K), 0.0217049 secs] [Times: user=0.25 sys=0.00, real=0.02 secs] 
2016-09-15T11:42:51.192-0400: 154.491: [Full GC (Ergonomics) [PSYoungGen: 12861K->0K(175104K)] [ParOldGen: 477465K->47255K(524288K)] 490327K->47255K(699392K), [Metaspace: 44440K->44440K(1087488K)], 0.0563215 secs] [Times: user=0.32 sys=0.01, real=0.06 secs] 
2016-09-15T11:42:51.371-0400: 154.669: [GC (GCLocker Initiated GC) [PSYoungGen: 88064K->67697K(175104K)] 135579K->115213K(699392K), 0.0098927 secs] [Times: user=0.10 sys=0.00, real=0.01 secs] 
2016-09-15T11:42:51.503-0400: 154.801: [GC (GCLocker Initiated GC) [PSYoungGen: 155761K->73480K(175104K)] 209383K->163991K(699392K), 0.0224099 secs] [Times: user=0.23 sys=0.00, real=0.02 secs] 
2016-09-15T11:42:51.651-0400: 154.950: [GC (GCLocker Initiated GC) [PSYoungGen: 161544K->67665K(175104K)] 258217K->201087K(699392K), 0.0215599 secs] [Times: user=0.24 sys=0.00, real=0.02 secs] 
2016-09-15T11:42:51.802-0400: 155.101: [GC (Allocation Failure) [PSYoungGen: 155729K->48984K(175104K)] 289226K->231536K(699392K), 0.0153033 secs] [Times: user=0.15 sys=0.00, real=0.02 secs] 
2016-09-15T11:42:51.942-0400: 155.241: [GC (GCLocker Initiated GC) [PSYoungGen: 137048K->55223K(175104K)] 325675K->274313K(699392K), 0.0253722 secs] [Times: user=0.23 sys=0.00, real=0.02 secs] 
2016-09-15T11:42:52.087-0400: 155.386: [GC (GCLocker Initiated GC) [PSYoungGen: 143287K->55351K(175104K)] 374641K->305213K(699392K), 0.0246246 secs] [Times: user=0.25 sys=0.00, real=0.03 secs] 
2016-09-15T11:42:52.259-0400: 155.558: [GC (GCLocker Initiated GC) [PSYoungGen: 143415K->19036K(175104K)] 399365K->293299K(699392K), 0.0233349 secs] [Times: user=0.22 sys=0.00, real=0.02 secs] 
2016-09-15T11:42:52.399-0400: 155.698: [GC (GCLocker Initiated GC) [PSYoungGen: 107100K->55351K(175104K)] 387782K->336472K(699392K), 0.0067876 secs] [Times: user=0.04 sys=0.01, real=0.00 secs] 
2016-09-15T11:42:52.522-0400: 155.821: [GC (GCLocker Initiated GC) [PSYoungGen: 143415K->73576K(175104K)] 430966K->379620K(699392K), 0.0179030 secs] [Times: user=0.18 sys=0.00, real=0.02 secs] 
2016-09-15T11:42:52.667-0400: 155.966: [GC (GCLocker Initiated GC) [PSYoungGen: 161640K->55451K(175104K)] 474120K->367995K(699392K), 0.0122190 secs] [Times: user=0.09 sys=0.01, real=0.02 secs] 
2016-09-15T11:42:52.815-0400: 156.114: [GC (GCLocker Initiated GC) [PSYoungGen: 143515K->79683K(175104K)] 468323K->404782K(699392K), 0.0099474 secs] [Times: user=0.11 sys=0.00, real=0.01 secs] 
2016-09-15T11:42:52.940-0400: 156.239: [GC (GCLocker Initiated GC) [PSYoungGen: 167747K->55451K(175104K)] 499244K->417443K(699392K), 0.0096308 secs] [Times: user=0.08 sys=0.01, real=0.01 secs] 
2016-09-15T11:42:53.088-0400: 156.387: [GC (GCLocker Initiated GC) [PSYoungGen: 143515K->55223K(175104K)] 511903K->442268K(699392K), 0.0212860 secs] [Times: user=0.24 sys=0.00, real=0.02 secs] 
2016-09-15T11:42:53.241-0400: 156.540: [GC (GCLocker Initiated GC) [PSYoungGen: 143287K->61362K(175104K)] 530418K->485031K(699392K), 0.0130716 secs] [Times: user=0.10 sys=0.00, real=0.01 secs] 
2016-09-15T11:42:53.347-0400: 156.646: [GC (GCLocker Initiated GC) [PSYoungGen: 149426K->61590K(175104K)] 573457K->546530K(699392K), 0.0243074 secs] [Times: user=0.25 sys=0.02, real=0.03 secs] 
2016-09-15T11:42:53.372-0400: 156.671: [Full GC (Ergonomics) [PSYoungGen: 61590K->0K(175104K)] [ParOldGen: 484940K->47278K(524288K)] 546530K->47278K(699392K), [Metaspace: 44448K->44448K(1087488K)], 0.0535037 secs] [Times: user=0.29 sys=0.01, real=0.05 secs] 
2016-09-15T11:42:53.532-0400: 156.831: [GC (GCLocker Initiated GC) [PSYoungGen: 88064K->73960K(175104K)] 135412K->121309K(699392K), 0.0109192 secs] [Times: user=0.12 sys=0.00, real=0.01 secs] 
2016-09-15T11:42:53.655-0400: 156.954: [GC (GCLocker Initiated GC) [PSYoungGen: 162024K->85758K(175104K)] 209437K->170200K(699392K), 0.0168158 secs] [Times: user=0.23 sys=0.00, real=0.02 secs] 
2016-09-15T11:42:53.781-0400: 157.080: [GC (GCLocker Initiated GC) [PSYoungGen: 173822K->85758K(175104K)] 258530K->225629K(699392K), 0.0116550 secs] [Times: user=0.17 sys=0.00, real=0.01 secs] 
2016-09-15T11:42:53.901-0400: 157.200: [GC (Allocation Failure) [PSYoungGen: 173822K->67825K(175104K)] 313846K->244623K(699392K), 0.0103258 secs] [Times: user=0.15 sys=0.00, real=0.01 secs] 
2016-09-15T11:42:54.027-0400: 157.326: [GC (GCLocker Initiated GC) [PSYoungGen: 155889K->67501K(175104K)] 332693K->262805K(699392K), 0.0089563 secs] [Times: user=0.08 sys=0.01, real=0.02 secs] 
2016-09-15T11:42:54.171-0400: 157.470: [GC (Allocation Failure) [PSYoungGen: 155565K->55387K(175104K)] 357216K->257297K(699392K), 0.0063672 secs] [Times: user=0.04 sys=0.01, real=0.01 secs] 
2016-09-15T11:42:54.289-0400: 157.588: [GC (GCLocker Initiated GC) [PSYoungGen: 143451K->55415K(175104K)] 345367K->275871K(699392K), 0.0078303 secs] [Times: user=0.09 sys=0.00, real=0.01 secs] 
2016-09-15T11:42:54.422-0400: 157.721: [GC (GCLocker Initiated GC) [PSYoungGen: 143479K->85854K(175104K)] 363977K->324697K(699392K), 0.0106777 secs] [Times: user=0.14 sys=0.01, real=0.01 secs] 
2016-09-15T11:42:54.544-0400: 157.843: [GC (Allocation Failure) [PSYoungGen: 173918K->43233K(175104K)] 413026K->337316K(699392K), 0.0108884 secs] [Times: user=0.14 sys=0.00, real=0.01 secs] 
2016-09-15T11:42:54.674-0400: 157.972: [GC (GCLocker Initiated GC) [PSYoungGen: 131297K->85690K(175104K)] 425386K->404395K(699392K), 0.0118799 secs] [Times: user=0.19 sys=0.00, real=0.01 secs] 
2016-09-15T11:42:54.819-0400: 158.118: [GC (GCLocker Initiated GC) [PSYoungGen: 173754K->86022K(175104K)] 492630K->423258K(699392K), 0.0116840 secs] [Times: user=0.13 sys=0.00, real=0.01 secs] 
2016-09-15T11:42:54.917-0400: 158.216: [GC (GCLocker Initiated GC) [PSYoungGen: 174086K->85822K(175104K)] 511554K->472190K(699392K), 0.0189223 secs] [Times: user=0.25 sys=0.00, real=0.02 secs] 
2016-09-15T11:42:55.071-0400: 158.370: [GC (Allocation Failure) [PSYoungGen: 173886K->67957K(175104K)] 560475K->509364K(699392K), 0.0178152 secs] [Times: user=0.23 sys=0.01, real=0.02 secs] 
2016-09-15T11:42:55.202-0400: 158.501: [Full GC (Ergonomics) [PSYoungGen: 150891K->0K(175104K)] [ParOldGen: 447482K->47207K(524288K)] 598374K->47207K(699392K), [Metaspace: 44449K->44449K(1087488K)], 0.0572456 secs] [Times: user=0.40 sys=0.01, real=0.06 secs] 
2016-09-15T11:42:55.370-0400: 158.669: [GC (GCLocker Initiated GC) [PSYoungGen: 88064K->86242K(175104K)] 135391K->170020K(699392K), 0.0108644 secs] [Times: user=0.14 sys=0.00, real=0.01 secs] 
2016-09-15T11:42:55.484-0400: 158.783: [GC (GCLocker Initiated GC) [PSYoungGen: 174306K->85854K(175104K)] 258137K->267441K(699392K), 0.0130235 secs] [Times: user=0.20 sys=0.00, real=0.02 secs] 
2016-09-15T11:42:55.655-0400: 158.954: [GC (GCLocker Initiated GC) [PSYoungGen: 173918K->61490K(175104K)] 361834K->316547K(699392K), 0.0115166 secs] [Times: user=0.17 sys=0.00, real=0.01 secs] 
2016-09-15T11:42:55.803-0400: 159.102: [GC (GCLocker Initiated GC) [PSYoungGen: 149554K->19032K(175104K)] 423135K->323288K(699392K), 0.0205674 secs] [Times: user=0.30 sys=0.00, real=0.02 secs] 
2016-09-15T11:42:55.925-0400: 159.224: [GC (GCLocker Initiated GC) [PSYoungGen: 107096K->73412K(175104K)] 411389K->377995K(699392K), 0.0091425 secs] [Times: user=0.14 sys=0.00, real=0.01 secs] 
2016-09-15T11:42:56.051-0400: 159.350: [GC (GCLocker Initiated GC) [PSYoungGen: 161476K->43400K(175104K)] 466062K->372398K(699392K), 0.0137050 secs] [Times: user=0.14 sys=0.01, real=0.01 secs] 
2016-09-15T11:42:56.203-0400: 159.502: [GC (GCLocker Initiated GC) [PSYoungGen: 131464K->61362K(175104K)] 472884K->403188K(699392K), 0.0179375 secs] [Times: user=0.21 sys=0.00, real=0.02 secs] 
2016-09-15T11:42:56.356-0400: 159.655: [GC (Allocation Failure) [PSYoungGen: 149426K->36934K(175104K)] 497396K->421622K(699392K), 0.0159867 secs] [Times: user=0.18 sys=0.01, real=0.01 secs] 
2016-09-15T11:42:56.479-0400: 159.778: [GC (GCLocker Initiated GC) [PSYoungGen: 124998K->73476K(175104K)] 509691K->458445K(699392K), 0.0113972 secs] [Times: user=0.11 sys=0.00, real=0.01 secs] 
2016-09-15T11:42:56.611-0400: 159.910: [GC (GCLocker Initiated GC) [PSYoungGen: 161540K->61362K(175104K)] 552889K->471087K(699392K), 0.0085008 secs] [Times: user=0.08 sys=0.00, real=0.01 secs] 
2016-09-15T11:42:56.742-0400: 160.041: [GC (Allocation Failure) [PSYoungGen: 149426K->67373K(175104K)] 565559K->508074K(699392K), 0.0297265 secs] [Times: user=0.29 sys=0.00, real=0.03 secs] 
2016-09-15T11:42:56.772-0400: 160.071: [GC (GCLocker Initiated GC) [PSYoungGen: 67383K->32K(175104K)] 508084K->502001K(699392K), 0.0147218 secs] [Times: user=0.10 sys=0.01, real=0.01 secs] 
2016-09-15T11:42:56.787-0400: 160.086: [Full GC (Ergonomics) [PSYoungGen: 32K->0K(175104K)] [ParOldGen: 501969K->53480K(524288K)] 502001K->53480K(699392K), [Metaspace: 44455K->44455K(1087488K)], 0.0631245 secs] [Times: user=0.43 sys=0.00, real=0.07 secs] 
2016-09-15T11:42:56.978-0400: 160.277: [GC (GCLocker Initiated GC) [PSYoungGen: 88064K->73544K(175104K)] 141550K->127030K(699392K), 0.0295109 secs] [Times: user=0.36 sys=0.01, real=0.02 secs] 
2016-09-15T11:42:57.130-0400: 160.429: [GC (GCLocker Initiated GC) [PSYoungGen: 161608K->85758K(175104K)] 221211K->169929K(699392K), 0.0101370 secs] [Times: user=0.12 sys=0.00, real=0.01 secs] 
2016-09-15T11:42:57.269-0400: 160.568: [GC (GCLocker Initiated GC) [PSYoungGen: 173822K->79751K(175104K)] 258348K->182786K(699392K), 0.0098762 secs] [Times: user=0.09 sys=0.00, real=0.01 secs] 
2016-09-15T11:42:57.415-0400: 160.714: [GC (GCLocker Initiated GC) [PSYoungGen: 167815K->73640K(175104K)] 277281K->219863K(699392K), 0.0289693 secs] [Times: user=0.31 sys=0.00, real=0.03 secs] 
2016-09-15T11:42:57.570-0400: 160.869: [GC (GCLocker Initiated GC) [PSYoungGen: 161704K->49408K(175104K)] 308215K->214255K(699392K), 0.0248410 secs] [Times: user=0.24 sys=0.00, real=0.02 secs] 
2016-09-15T11:42:57.706-0400: 161.005: [GC (GCLocker Initiated GC) [PSYoungGen: 137472K->73544K(175104K)] 308660K->263241K(699392K), 0.0218631 secs] [Times: user=0.23 sys=0.00, real=0.03 secs] 
2016-09-15T11:42:57.889-0400: 161.188: [GC (GCLocker Initiated GC) [PSYoungGen: 161608K->55287K(175104K)] 351882K->288190K(699392K), 0.0099861 secs] [Times: user=0.09 sys=0.00, real=0.01 secs] 
2016-09-15T11:42:58.015-0400: 161.314: [GC (GCLocker Initiated GC) [PSYoungGen: 143351K->61330K(175104K)] 388440K->306686K(699392K), 0.0212940 secs] [Times: user=0.22 sys=0.00, real=0.03 secs] 
2016-09-15T11:42:58.129-0400: 161.428: [GC (GCLocker Initiated GC) [PSYoungGen: 149394K->73608K(175104K)] 394994K->343635K(699392K), 0.0128250 secs] [Times: user=0.13 sys=0.00, real=0.01 secs] 
2016-09-15T11:42:58.254-0400: 161.553: [GC (GCLocker Initiated GC) [PSYoungGen: 161672K->49248K(175104K)] 431999K->356292K(699392K), 0.0255278 secs] [Times: user=0.27 sys=0.00, real=0.03 secs] 
2016-09-15T11:42:58.426-0400: 161.725: [GC (GCLocker Initiated GC) [PSYoungGen: 137312K->55223K(175104K)] 450470K->386874K(699392K), 0.0142756 secs] [Times: user=0.14 sys=0.00, real=0.02 secs] 
2016-09-15T11:42:58.548-0400: 161.847: [GC (GCLocker Initiated GC) [PSYoungGen: 143287K->67437K(175104K)] 474996K->399445K(699392K), 0.0103303 secs] [Times: user=0.10 sys=0.00, real=0.01 secs] 
2016-09-15T11:42:58.706-0400: 162.005: [GC (GCLocker Initiated GC) [PSYoungGen: 155501K->85466K(175104K)] 493632K->442082K(699392K), 0.0138728 secs] [Times: user=0.14 sys=0.00, real=0.02 secs] 
2016-09-15T11:42:58.860-0400: 162.159: [GC (GCLocker Initiated GC) [PSYoungGen: 173530K->55155K(175104K)] 536385K->448528K(699392K), 0.0087298 secs] [Times: user=0.08 sys=0.01, real=0.01 secs] 
2016-09-15T11:42:58.967-0400: 162.266: [GC (GCLocker Initiated GC) [PSYoungGen: 143219K->85822K(175104K)] 536960K->485782K(699392K), 0.0139384 secs] [Times: user=0.19 sys=0.00, real=0.02 secs] 
2016-09-15T11:42:59.082-0400: 162.381: [GC (GCLocker Initiated GC) [PSYoungGen: 173886K->85822K(175104K)] 574117K->510676K(699392K), 0.0130356 secs] [Times: user=0.19 sys=0.00, real=0.01 secs] 
2016-09-15T11:42:59.241-0400: 162.540: [GC (Allocation Failure) [PSYoungGen: 173886K->55351K(175104K)] 605001K->504803K(699392K), 0.0103435 secs] [Times: user=0.14 sys=0.00, real=0.01 secs] 
2016-09-15T11:42:59.365-0400: 162.664: [GC (GCLocker Initiated GC) [PSYoungGen: 137583K->36966K(175104K)] 593110K->492745K(699392K), 0.0103790 secs] [Times: user=0.12 sys=0.00, real=0.02 secs] 
2016-09-15T11:42:59.499-0400: 162.798: [GC (Allocation Failure) [PSYoungGen: 125030K->55383K(175104K)] 587121K->535827K(699392K), 0.0105430 secs] [Times: user=0.16 sys=0.00, real=0.01 secs] 
2016-09-15T11:42:59.510-0400: 162.809: [Full GC (Ergonomics) [PSYoungGen: 55383K->0K(175104K)] [ParOldGen: 480444K->47658K(524288K)] 535827K->47658K(699392K), [Metaspace: 44465K->44465K(1087488K)], 0.0533664 secs] [Times: user=0.44 sys=0.00, real=0.05 secs] 
2016-09-15T11:42:59.663-0400: 162.962: [GC (GCLocker Initiated GC) [PSYoungGen: 88064K->86374K(175104K)] 135728K->134038K(699392K), 0.0109591 secs] [Times: user=0.15 sys=0.00, real=0.01 secs] 
2016-09-15T11:42:59.794-0400: 163.093: [GC (GCLocker Initiated GC) [PSYoungGen: 174438K->55415K(175104K)] 222199K->140541K(699392K), 0.0110824 secs] [Times: user=0.18 sys=0.01, real=0.01 secs] 
2016-09-15T11:42:59.917-0400: 163.216: [GC (GCLocker Initiated GC) [PSYoungGen: 143479K->55515K(175104K)] 241105K->153417K(699392K), 0.0071254 secs] [Times: user=0.09 sys=0.00, real=0.00 secs] 
2016-09-15T11:43:00.059-0400: 163.358: [GC (GCLocker Initiated GC) [PSYoungGen: 143579K->67469K(175104K)] 241741K->166070K(699392K), 0.0072479 secs] [Times: user=0.06 sys=0.00, real=0.00 secs] 
2016-09-15T11:43:00.209-0400: 163.508: [GC (GCLocker Initiated GC) [PSYoungGen: 155533K->73704K(175104K)] 266320K->209067K(699392K), 0.0128824 secs] [Times: user=0.15 sys=0.00, real=0.01 secs] 
2016-09-15T11:43:00.358-0400: 163.657: [GC (Allocation Failure) [PSYoungGen: 161768K->12534K(175104K)] 303831K->227788K(699392K), 0.0094566 secs] [Times: user=0.10 sys=0.00, real=0.00 secs] 
2016-09-15T11:43:00.474-0400: 163.773: [GC (GCLocker Initiated GC) [PSYoungGen: 100598K->79651K(175104K)] 315858K->295007K(699392K), 0.0130332 secs] [Times: user=0.13 sys=0.00, real=0.01 secs] 
2016-09-15T11:43:00.615-0400: 163.914: [GC (GCLocker Initiated GC) [PSYoungGen: 167715K->85662K(175104K)] 383113K->319404K(699392K), 0.0128807 secs] [Times: user=0.13 sys=0.00, real=0.02 secs] 
2016-09-15T11:43:00.739-0400: 164.038: [GC (GCLocker Initiated GC) [PSYoungGen: 173726K->49440K(175104K)] 413697K->320053K(699392K), 0.0148342 secs] [Times: user=0.15 sys=0.01, real=0.01 secs] 
2016-09-15T11:43:00.893-0400: 164.192: [GC (GCLocker Initiated GC) [PSYoungGen: 137504K->43041K(175104K)] 420365K->350633K(699392K), 0.0130515 secs] [Times: user=0.14 sys=0.00, real=0.01 secs] 
2016-09-15T11:43:01.054-0400: 164.353: [GC (Allocation Failure) [PSYoungGen: 131105K->55159K(175104K)] 444869K->387408K(699392K), 0.0090162 secs] [Times: user=0.08 sys=0.00, real=0.01 secs] 
2016-09-15T11:43:01.202-0400: 164.501: [GC (GCLocker Initiated GC) [PSYoungGen: 139117K->54963K(175104K)] 477442K->411771K(699392K), 0.0107837 secs] [Times: user=0.09 sys=0.00, real=0.01 secs] 
2016-09-15T11:43:01.324-0400: 164.623: [GC (GCLocker Initiated GC) [PSYoungGen: 143027K->73644K(175104K)] 506087K->436800K(699392K), 0.0163395 secs] [Times: user=0.15 sys=0.00, real=0.02 secs] 
2016-09-15T11:43:01.457-0400: 164.756: [GC (GCLocker Initiated GC) [PSYoungGen: 161708K->49148K(175104K)] 524950K->473423K(699392K), 0.0161674 secs] [Times: user=0.14 sys=0.00, real=0.01 secs] 
2016-09-15T11:43:01.600-0400: 164.899: [GC (GCLocker Initiated GC) [PSYoungGen: 137212K->73708K(175104K)] 561529K->504384K(699392K), 0.0106751 secs] [Times: user=0.11 sys=0.00, real=0.01 secs] 
2016-09-15T11:43:01.720-0400: 165.019: [GC (GCLocker Initiated GC) [PSYoungGen: 161772K->85694K(175104K)] 592490K->534928K(699392K), 0.0099376 secs] [Times: user=0.11 sys=0.00, real=0.01 secs] 
2016-09-15T11:43:01.854-0400: 165.153: [GC (GCLocker Initiated GC) [PSYoungGen: 173758K->61494K(175104K)] 629327K->553797K(699392K), 0.0250611 secs] [Times: user=0.30 sys=0.00, real=0.03 secs] 
2016-09-15T11:43:01.880-0400: 165.178: [Full GC (Ergonomics) [PSYoungGen: 61494K->0K(175104K)] [ParOldGen: 492303K->53949K(524288K)] 553797K->53949K(699392K), [Metaspace: 44465K->44465K(1087488K)], 0.0544099 secs] [Times: user=0.28 sys=0.01, real=0.05 secs] 
2016-09-15T11:43:02.065-0400: 165.364: [GC (GCLocker Initiated GC) [PSYoungGen: 88064K->79979K(175104K)] 148399K->140322K(699392K), 0.0163259 secs] [Times: user=0.23 sys=0.00, real=0.02 secs] 
2016-09-15T11:43:02.220-0400: 165.518: [GC (GCLocker Initiated GC) [PSYoungGen: 168043K->73640K(175104K)] 228556K->189127K(699392K), 0.0113398 secs] [Times: user=0.12 sys=0.00, real=0.01 secs] 
2016-09-15T11:43:02.324-0400: 165.623: [GC (GCLocker Initiated GC) [PSYoungGen: 161704K->85758K(175104K)] 277256K->231993K(699392K), 0.0104231 secs] [Times: user=0.14 sys=0.00, real=0.01 secs] 
2016-09-15T11:43:02.466-0400: 165.765: [GC (Allocation Failure) [PSYoungGen: 173822K->79683K(175104K)] 320182K->268852K(699392K), 0.0181335 secs] [Times: user=0.23 sys=0.01, real=0.02 secs] 
2016-09-15T11:43:02.603-0400: 165.902: [GC (GCLocker Initiated GC) [PSYoungGen: 167747K->73512K(175104K)] 356922K->287270K(699392K), 0.0108072 secs] [Times: user=0.08 sys=0.00, real=0.01 secs] 
2016-09-15T11:43:02.737-0400: 166.035: [GC (Allocation Failure) [PSYoungGen: 161576K->61330K(175104K)] 375690K->312161K(699392K), 0.0163691 secs] [Times: user=0.14 sys=0.00, real=0.01 secs] 
2016-09-15T11:43:02.873-0400: 166.172: [GC (GCLocker Initiated GC) [PSYoungGen: 149394K->73804K(175104K)] 400236K->361248K(699392K), 0.0120954 secs] [Times: user=0.18 sys=0.00, real=0.01 secs] 
2016-09-15T11:43:03.020-0400: 166.319: [GC (Allocation Failure) [PSYoungGen: 161868K->73448K(175104K)] 449336K->379424K(699392K), 0.0152118 secs] [Times: user=0.20 sys=0.00, real=0.02 secs] 
2016-09-15T11:43:03.162-0400: 166.461: [GC (GCLocker Initiated GC) [PSYoungGen: 161512K->55219K(175104K)] 467494K->361321K(699392K), 0.0087500 secs] [Times: user=0.13 sys=0.00, real=0.01 secs] 
2016-09-15T11:43:03.283-0400: 166.582: [GC (GCLocker Initiated GC) [PSYoungGen: 143283K->79683K(175104K)] 449432K->422426K(699392K), 0.0116210 secs] [Times: user=0.14 sys=0.01, real=0.01 secs] 
2016-09-15T11:43:03.420-0400: 166.719: [GC (Allocation Failure) [PSYoungGen: 167747K->43528K(175104K)] 522787K->471581K(699392K), 0.0105698 secs] [Times: user=0.08 sys=0.00, real=0.01 secs] 
2016-09-15T11:43:03.542-0400: 166.841: [GC (Allocation Failure) [PSYoungGen: 131592K->43137K(175104K)] 559645K->489689K(699392K), 0.0099242 secs] [Times: user=0.11 sys=0.00, real=0.01 secs] 
2016-09-15T11:43:03.651-0400: 166.950: [Full GC (Ergonomics) [PSYoungGen: 125830K->0K(175104K)] [ParOldGen: 452627K->60037K(524288K)] 578458K->60037K(699392K), [Metaspace: 44479K->44479K(1087488K)], 0.0555166 secs] [Times: user=0.28 sys=0.01, real=0.05 secs] 
2016-09-15T11:43:03.826-0400: 167.125: [GC (GCLocker Initiated GC) [PSYoungGen: 88064K->86210K(175104K)] 154431K->158652K(699392K), 0.0087230 secs] [Times: user=0.08 sys=0.00, real=0.01 secs] 
2016-09-15T11:43:03.947-0400: 167.246: [GC (GCLocker Initiated GC) [PSYoungGen: 174274K->67597K(175104K)] 246875K->177358K(699392K), 0.0103569 secs] [Times: user=0.10 sys=0.01, real=0.02 secs] 
2016-09-15T11:43:04.085-0400: 167.384: [GC (GCLocker Initiated GC) [PSYoungGen: 155661K->79943K(175104K)] 265772K->250964K(699392K), 0.0128133 secs] [Times: user=0.19 sys=0.00, real=0.02 secs] 
2016-09-15T11:43:04.253-0400: 167.552: [GC (GCLocker Initiated GC) [PSYoungGen: 168007K->73640K(175104K)] 339226K->281797K(699392K), 0.0127042 secs] [Times: user=0.19 sys=0.00, real=0.01 secs] 
2016-09-15T11:43:04.375-0400: 167.674: [GC (GCLocker Initiated GC) [PSYoungGen: 161704K->85726K(175104K)] 370043K->324591K(699392K), 0.0121891 secs] [Times: user=0.18 sys=0.00, real=0.02 secs] 
2016-09-15T11:43:04.496-0400: 167.795: [GC (GCLocker Initiated GC) [PSYoungGen: 173790K->74000K(175104K)] 418761K->385931K(699392K), 0.0135372 secs] [Times: user=0.21 sys=0.00, real=0.01 secs] 
2016-09-15T11:43:04.614-0400: 167.913: [GC (GCLocker Initiated GC) [PSYoungGen: 162064K->73672K(175104K)] 474238K->434754K(699392K), 0.0113261 secs] [Times: user=0.18 sys=0.00, real=0.01 secs] 
2016-09-15T11:43:04.727-0400: 168.026: [GC (Allocation Failure) [PSYoungGen: 161736K->86018K(175104K)] 522988K->477952K(699392K), 0.0112577 secs] [Times: user=0.15 sys=0.00, real=0.02 secs] 
2016-09-15T11:43:04.865-0400: 168.163: [GC (GCLocker Initiated GC) [PSYoungGen: 170048K->67565K(175104K)] 568058K->502168K(699392K), 0.0121139 secs] [Times: user=0.12 sys=0.00, real=0.02 secs] 
2016-09-15T11:43:05.013-0400: 168.312: [GC (Allocation Failure) [PSYoungGen: 155629K->61330K(175104K)] 602558K->508534K(699392K), 0.0100838 secs] [Times: user=0.11 sys=0.00, real=0.01 secs] 
2016-09-15T11:43:05.023-0400: 168.322: [Full GC (Ergonomics) [PSYoungGen: 61330K->0K(175104K)] [ParOldGen: 447204K->46412K(524288K)] 508534K->46412K(699392K), [Metaspace: 44479K->44479K(1087488K)], 0.1016921 secs] [Times: user=1.11 sys=0.01, real=0.10 secs] 
2016-09-15T11:43:05.239-0400: 168.538: [GC (GCLocker Initiated GC) [PSYoungGen: 87673K->86438K(175104K)] 140160K->163225K(699392K), 0.0109594 secs] [Times: user=0.13 sys=0.00, real=0.01 secs] 
2016-09-15T11:43:05.357-0400: 168.656: [GC (GCLocker Initiated GC) [PSYoungGen: 174502K->73704K(175104K)] 251504K->206281K(699392K), 0.0115135 secs] [Times: user=0.16 sys=0.00, real=0.01 secs] 
2016-09-15T11:43:05.484-0400: 168.783: [GC (Allocation Failure) [PSYoungGen: 161768K->73640K(175104K)] 294599K->243057K(699392K), 0.0148816 secs] [Times: user=0.21 sys=0.00, real=0.02 secs] 
2016-09-15T11:43:05.613-0400: 168.912: [GC (Allocation Failure) [PSYoungGen: 161704K->85854K(175104K)] 331121K->292029K(699392K), 0.0116876 secs] [Times: user=0.16 sys=0.01, real=0.01 secs] 
2016-09-15T11:43:05.732-0400: 169.031: [GC (GCLocker Initiated GC) [PSYoungGen: 168862K->43201K(175104K)] 381112K->292176K(699392K), 0.0157317 secs] [Times: user=0.17 sys=0.00, real=0.02 secs] 
2016-09-15T11:43:05.860-0400: 169.159: [GC (Allocation Failure) [PSYoungGen: 131265K->73512K(175104K)] 380824K->341408K(699392K), 0.0158835 secs] [Times: user=0.16 sys=0.00, real=0.02 secs] 
2016-09-15T11:43:06.001-0400: 169.300: [GC (GCLocker Initiated GC) [PSYoungGen: 156686K->37094K(175104K)] 430657K->329565K(699392K), 0.0237228 secs] [Times: user=0.27 sys=0.00, real=0.02 secs] 
2016-09-15T11:43:06.142-0400: 169.441: [GC (Allocation Failure) [PSYoungGen: 125158K->55938K(175104K)] 423936K->355049K(699392K), 0.0089826 secs] [Times: user=0.13 sys=0.00, real=0.01 secs] 
2016-09-15T11:43:06.275-0400: 169.574: [GC (GCLocker Initiated GC) [PSYoungGen: 144002K->85658K(175104K)] 443119K->409366K(699392K), 0.0119124 secs] [Times: user=0.17 sys=0.00, real=0.01 secs] 
2016-09-15T11:43:06.424-0400: 169.723: [GC (GCLocker Initiated GC) [PSYoungGen: 173722K->73572K(175104K)] 503849K->440308K(699392K), 0.0119543 secs] [Times: user=0.15 sys=0.00, real=0.02 secs] 
2016-09-15T11:43:06.550-0400: 169.849: [GC (GCLocker Initiated GC) [PSYoungGen: 161636K->67537K(175104K)] 528374K->434378K(699392K), 0.0122738 secs] [Times: user=0.11 sys=0.00, real=0.01 secs] 
2016-09-15T11:43:06.703-0400: 170.002: [GC (GCLocker Initiated GC) [PSYoungGen: 155601K->43005K(175104K)] 528671K->434747K(699392K), 0.0076629 secs] [Times: user=0.06 sys=0.00, real=0.01 secs] 
2016-09-15T11:43:06.836-0400: 170.135: [GC (GCLocker Initiated GC) [PSYoungGen: 131069K->85694K(175104K)] 523045K->483864K(699392K), 0.0148719 secs] [Times: user=0.18 sys=0.00, real=0.01 secs] 
2016-09-15T11:43:06.955-0400: 170.254: [GC (GCLocker Initiated GC) [PSYoungGen: 173757K->61490K(175104K)] 578352K->502827K(699392K), 0.0111894 secs] [Times: user=0.08 sys=0.01, real=0.01 secs] 
2016-09-15T11:43:07.078-0400: 170.377: [GC (GCLocker Initiated GC) [PSYoungGen: 149554K->67601K(175104K)] 591096K->515501K(699392K), 0.0091794 secs] [Times: user=0.07 sys=0.00, real=0.00 secs] 
2016-09-15T11:43:07.225-0400: 170.524: [GC (GCLocker Initiated GC) [PSYoungGen: 155665K->55383K(175104K)] 610404K->559186K(699392K), 0.0198656 secs] [Times: user=0.23 sys=0.00, real=0.02 secs] 
2016-09-15T11:43:07.245-0400: 170.544: [Full GC (Ergonomics) [PSYoungGen: 55383K->0K(175104K)] [ParOldGen: 503803K->46757K(524288K)] 559186K->46757K(699392K), [Metaspace: 44479K->44479K(1087488K)], 0.0571848 secs] [Times: user=0.35 sys=0.01, real=0.06 secs] 
2016-09-15T11:43:07.412-0400: 170.711: [GC (Allocation Failure) [PSYoungGen: 88064K->79491K(175104K)] 141167K->132594K(699392K), 0.0105715 secs] [Times: user=0.06 sys=0.00, real=0.01 secs] 
2016-09-15T11:43:07.544-0400: 170.843: [GC (GCLocker Initiated GC) [PSYoungGen: 161765K->36998K(175104K)] 220943K->169328K(699392K), 0.0146832 secs] [Times: user=0.11 sys=0.01, real=0.02 secs] 
2016-09-15T11:43:07.697-0400: 170.996: [GC (Allocation Failure) [PSYoungGen: 125062K->43141K(175104K)] 257640K->212413K(699392K), 0.0115244 secs] [Times: user=0.06 sys=0.01, real=0.01 secs] 
2016-09-15T11:43:07.836-0400: 171.135: [GC (GCLocker Initiated GC) [PSYoungGen: 131205K->79815K(175104K)] 300483K->249360K(699392K), 0.0159776 secs] [Times: user=0.18 sys=0.00, real=0.01 secs] 
2016-09-15T11:43:07.989-0400: 171.288: [GC (GCLocker Initiated GC) [PSYoungGen: 167879K->55415K(175104K)] 343855K->267952K(699392K), 0.0285861 secs] [Times: user=0.31 sys=0.00, real=0.03 secs] 
2016-09-15T11:43:08.122-0400: 171.421: [GC (GCLocker Initiated GC) [PSYoungGen: 143479K->61522K(175104K)] 356187K->310823K(699392K), 0.0155472 secs] [Times: user=0.19 sys=0.00, real=0.02 secs] 
2016-09-15T11:43:08.281-0400: 171.580: [GC (GCLocker Initiated GC) [PSYoungGen: 149586K->55483K(175104K)] 398940K->341383K(699392K), 0.0122802 secs] [Times: user=0.10 sys=0.00, real=0.01 secs] 
2016-09-15T11:43:08.386-0400: 171.685: [GC (GCLocker Initiated GC) [PSYoungGen: 143547K->85822K(175104K)] 435799K->433213K(699392K), 0.0131405 secs] [Times: user=0.18 sys=0.00, real=0.02 secs] 
2016-09-15T11:43:08.500-0400: 171.799: [GC (GCLocker Initiated GC) [PSYoungGen: 173886K->86054K(175104K)] 521510K->458121K(699392K), 0.0117515 secs] [Times: user=0.12 sys=0.00, real=0.01 secs] 
2016-09-15T11:43:08.625-0400: 171.924: [GC (GCLocker Initiated GC) [PSYoungGen: 174118K->85730K(175104K)] 546395K->470424K(699392K), 0.0159512 secs] [Times: user=0.18 sys=0.00, real=0.02 secs] 
2016-09-15T11:43:08.751-0400: 172.050: [GC (GCLocker Initiated GC) [PSYoungGen: 173794K->67501K(175104K)] 558558K->489179K(699392K), 0.0168590 secs] [Times: user=0.22 sys=0.00, real=0.02 secs] 
2016-09-15T11:43:08.878-0400: 172.177: [GC (GCLocker Initiated GC) [PSYoungGen: 155565K->85858K(175104K)] 577475K->544337K(699392K), 0.0109415 secs] [Times: user=0.14 sys=0.00, real=0.01 secs] 
2016-09-15T11:43:08.889-0400: 172.188: [Full GC (Ergonomics) [PSYoungGen: 85858K->0K(175104K)] [ParOldGen: 458479K->52875K(524288K)] 544337K->52875K(699392K), [Metaspace: 44479K->44479K(1087488K)], 0.0553199 secs] [Times: user=0.33 sys=0.01, real=0.05 secs] 
2016-09-15T11:43:09.070-0400: 172.369: [GC (GCLocker Initiated GC) [PSYoungGen: 88064K->85726K(175104K)] 141082K->163045K(699392K), 0.0099802 secs] [Times: user=0.12 sys=0.00, real=0.01 secs] 
2016-09-15T11:43:09.228-0400: 172.527: [GC (GCLocker Initiated GC) [PSYoungGen: 173790K->55543K(175104K)] 263608K->206575K(699392K), 0.0118934 secs] [Times: user=0.13 sys=0.00, real=0.01 secs] 
2016-09-15T11:43:09.402-0400: 172.701: [GC (GCLocker Initiated GC) [PSYoungGen: 143607K->49148K(175104K)] 306836K->212652K(699392K), 0.0060649 secs] [Times: user=0.05 sys=0.00, real=0.01 secs] 
2016-09-15T11:43:09.502-0400: 172.801: [GC (GCLocker Initiated GC) [PSYoungGen: 137212K->79715K(175104K)] 300764K->279868K(699392K), 0.0096783 secs] [Times: user=0.10 sys=0.00, real=0.01 secs] 
2016-09-15T11:43:09.653-0400: 172.952: [GC (GCLocker Initiated GC) [PSYoungGen: 167779K->43041K(175104K)] 380231K->298285K(699392K), 0.0093996 secs] [Times: user=0.08 sys=0.00, real=0.01 secs] 
2016-09-15T11:43:09.797-0400: 173.096: [GC (GCLocker Initiated GC) [PSYoungGen: 131105K->49280K(175104K)] 386402K->329145K(699392K), 0.0219563 secs] [Times: user=0.21 sys=0.00, real=0.02 secs] 
2016-09-15T11:43:09.933-0400: 173.232: [GC (GCLocker Initiated GC) [PSYoungGen: 137344K->55191K(175104K)] 417306K->371871K(699392K), 0.0197442 secs] [Times: user=0.18 sys=0.02, real=0.02 secs] 
2016-09-15T11:43:10.083-0400: 173.382: [GC (GCLocker Initiated GC) [PSYoungGen: 143255K->61394K(175104K)] 460296K->414989K(699392K), 0.0215958 secs] [Times: user=0.19 sys=0.00, real=0.02 secs] 
2016-09-15T11:43:10.215-0400: 173.514: [GC (Allocation Failure) [PSYoungGen: 149458K->61298K(175104K)] 509359K->439692K(699392K), 0.0298017 secs] [Times: user=0.31 sys=0.00, real=0.03 secs] 
2016-09-15T11:43:10.246-0400: 173.544: [GC (GCLocker Initiated GC) [PSYoungGen: 61665K->160K(175104K)] 440060K->439650K(699392K), 0.0067461 secs] [Times: user=0.04 sys=0.01, real=0.01 secs] 
2016-09-15T11:43:10.358-0400: 173.657: [GC (GCLocker Initiated GC) [PSYoungGen: 84434K->86474K(175104K)] 529999K->532055K(699392K), 0.0150833 secs] [Times: user=0.16 sys=0.00, real=0.01 secs] 
2016-09-15T11:43:10.483-0400: 173.782: [GC (GCLocker Initiated GC) [PSYoungGen: 174538K->79619K(175104K)] 620351K->568645K(699392K), 0.0130822 secs] [Times: user=0.14 sys=0.00, real=0.02 secs] 
2016-09-15T11:43:10.497-0400: 173.796: [Full GC (Ergonomics) [PSYoungGen: 79619K->0K(175104K)] [ParOldGen: 489026K->52892K(524288K)] 568645K->52892K(699392K), [Metaspace: 44479K->44479K(1087488K)], 0.0584819 secs] [Times: user=0.32 sys=0.01, real=0.05 secs] 
2016-09-15T11:43:10.679-0400: 173.978: [GC (GCLocker Initiated GC) [PSYoungGen: 88064K->79779K(175104K)] 141070K->132785K(699392K), 0.0090347 secs] [Times: user=0.08 sys=0.00, real=0.01 secs] 
2016-09-15T11:43:10.818-0400: 174.117: [GC (GCLocker Initiated GC) [PSYoungGen: 167843K->61686K(175104K)] 220945K->151818K(699392K), 0.0142170 secs] [Times: user=0.15 sys=0.00, real=0.01 secs] 
2016-09-15T11:43:10.940-0400: 174.239: [GC (GCLocker Initiated GC) [PSYoungGen: 149750K->79619K(175104K)] 240047K->188572K(699392K), 0.0256114 secs] [Times: user=0.27 sys=0.00, real=0.02 secs] 
2016-09-15T11:43:11.110-0400: 174.409: [GC (GCLocker Initiated GC) [PSYoungGen: 167683K->36966K(175104K)] 283073K->213201K(699392K), 0.0228074 secs] [Times: user=0.24 sys=0.00, real=0.02 secs] 
2016-09-15T11:43:11.259-0400: 174.558: [GC (GCLocker Initiated GC) [PSYoungGen: 125030K->73676K(175104K)] 307389K->256310K(699392K), 0.0140141 secs] [Times: user=0.15 sys=0.00, real=0.01 secs] 
2016-09-15T11:43:11.420-0400: 174.719: [GC (GCLocker Initiated GC) [PSYoungGen: 161740K->55155K(175104K)] 344668K->280884K(699392K), 0.0275076 secs] [Times: user=0.29 sys=0.00, real=0.02 secs] 
2016-09-15T11:43:11.553-0400: 174.852: [GC (GCLocker Initiated GC) [PSYoungGen: 143219K->61166K(175104K)] 369607K->318049K(699392K), 0.0199714 secs] [Times: user=0.23 sys=0.00, real=0.02 secs] 
2016-09-15T11:43:11.681-0400: 174.980: [GC (GCLocker Initiated GC) [PSYoungGen: 149230K->85922K(175104K)] 406369K->373564K(699392K), 0.0173481 secs] [Times: user=0.20 sys=0.00, real=0.02 secs] 
2016-09-15T11:43:11.858-0400: 175.157: [GC (GCLocker Initiated GC) [PSYoungGen: 173986K->67341K(175104K)] 461714K->373398K(699392K), 0.0284994 secs] [Times: user=0.30 sys=0.00, real=0.02 secs] 
2016-09-15T11:43:12.009-0400: 175.308: [GC (GCLocker Initiated GC) [PSYoungGen: 155405K->55483K(175104K)] 467591K->410486K(699392K), 0.0084244 secs] [Times: user=0.07 sys=0.00, real=0.01 secs] 
2016-09-15T11:43:12.139-0400: 175.438: [GC (GCLocker Initiated GC) [PSYoungGen: 143547K->67405K(175104K)] 498598K->447023K(699392K), 0.0240414 secs] [Times: user=0.26 sys=0.00, real=0.02 secs] 
2016-09-15T11:43:12.310-0400: 175.609: [GC (GCLocker Initiated GC) [PSYoungGen: 155469K->43141K(175104K)] 541467K->490156K(699392K), 0.0272167 secs] [Times: user=0.28 sys=0.00, real=0.03 secs] 
2016-09-15T11:43:12.440-0400: 175.739: [GC (GCLocker Initiated GC) [PSYoungGen: 131205K->67373K(175104K)] 578469K->551503K(699392K), 0.0111558 secs] [Times: user=0.11 sys=0.00, real=0.01 secs] 
2016-09-15T11:43:12.452-0400: 175.750: [Full GC (Ergonomics) [PSYoungGen: 67373K->0K(175104K)] [ParOldGen: 484130K->59464K(524288K)] 551503K->59464K(699392K), [Metaspace: 44488K->44488K(1087488K)], 0.0610991 secs] [Times: user=0.36 sys=0.00, real=0.06 secs] 
2016-09-15T11:43:12.619-0400: 175.918: [GC (GCLocker Initiated GC) [PSYoungGen: 88064K->85822K(175104K)] 147553K->169612K(699392K), 0.0130673 secs] [Times: user=0.21 sys=0.01, real=0.01 secs] 
2016-09-15T11:43:12.733-0400: 176.031: [GC (GCLocker Initiated GC) [PSYoungGen: 173886K->61654K(175104K)] 263932K->243321K(699392K), 0.0129138 secs] [Times: user=0.18 sys=0.00, real=0.01 secs] 
2016-09-15T11:43:12.847-0400: 176.146: [GC (GCLocker Initiated GC) [PSYoungGen: 149718K->85790K(175104K)] 331697K->329007K(699392K), 0.0123545 secs] [Times: user=0.17 sys=0.00, real=0.02 secs] 
2016-09-15T11:43:12.978-0400: 176.277: [GC (GCLocker Initiated GC) [PSYoungGen: 173854K->85694K(175104K)] 417399K->353806K(699392K), 0.0164890 secs] [Times: user=0.22 sys=0.00, real=0.01 secs] 
2016-09-15T11:43:13.121-0400: 176.420: [GC (Allocation Failure) [PSYoungGen: 173758K->85694K(175104K)] 441906K->378270K(699392K), 0.0164413 secs] [Times: user=0.22 sys=0.00, real=0.02 secs] 
2016-09-15T11:43:13.249-0400: 176.548: [GC (GCLocker Initiated GC) [PSYoungGen: 173758K->79715K(175104K)] 466339K->415137K(699392K), 0.0101510 secs] [Times: user=0.15 sys=0.00, real=0.01 secs] 
2016-09-15T11:43:13.407-0400: 176.706: [GC (Allocation Failure) [PSYoungGen: 167779K->19260K(175104K)] 527834K->397832K(699392K), 0.0074280 secs] [Times: user=0.07 sys=0.00, real=0.01 secs] 
2016-09-15T11:43:13.535-0400: 176.834: [GC (GCLocker Initiated GC) [PSYoungGen: 107324K->79715K(175104K)] 485896K->458585K(699392K), 0.0096208 secs] [Times: user=0.12 sys=0.00, real=0.01 secs] 
2016-09-15T11:43:13.679-0400: 176.978: [GC (GCLocker Initiated GC) [PSYoungGen: 167779K->49344K(175104K)] 559003K->477114K(699392K), 0.0153504 secs] [Times: user=0.15 sys=0.00, real=0.01 secs] 
2016-09-15T11:43:13.835-0400: 177.134: [GC (Allocation Failure) [PSYoungGen: 137408K->73448K(175104K)] 565332K->501811K(699392K), 0.0258084 secs] [Times: user=0.35 sys=0.00, real=0.03 secs] 
2016-09-15T11:43:13.953-0400: 177.252: [GC (GCLocker Initiated GC) [PSYoungGen: 161512K->85822K(175104K)] 589881K->562927K(699392K), 0.0134130 secs] [Times: user=0.18 sys=0.00, real=0.01 secs] 
2016-09-15T11:43:13.966-0400: 177.265: [Full GC (Ergonomics) [PSYoungGen: 85822K->0K(175104K)] [ParOldGen: 477104K->53217K(524288K)] 562927K->53217K(699392K), [Metaspace: 44488K->44488K(1087488K)], 0.0567732 secs] [Times: user=0.40 sys=0.00, real=0.06 secs] 
2016-09-15T11:43:14.145-0400: 177.444: [GC (GCLocker Initiated GC) [PSYoungGen: 88064K->74420K(175104K)] 147493K->133849K(699392K), 0.0096375 secs] [Times: user=0.14 sys=0.00, real=0.01 secs] 
2016-09-15T11:43:14.281-0400: 177.580: [GC (GCLocker Initiated GC) [PSYoungGen: 162484K->73444K(175104K)] 222039K->152059K(699392K), 0.0092503 secs] [Times: user=0.09 sys=0.00, real=0.01 secs] 
2016-09-15T11:43:14.424-0400: 177.723: [GC (GCLocker Initiated GC) [PSYoungGen: 161508K->55187K(175104K)] 240673K->152681K(699392K), 0.0090165 secs] [Times: user=0.09 sys=0.00, real=0.01 secs] 
2016-09-15T11:43:14.539-0400: 177.838: [GC (Allocation Failure) [PSYoungGen: 143251K->79619K(175104K)] 240938K->195666K(699392K), 0.0200180 secs] [Times: user=0.26 sys=0.01, real=0.02 secs] 
2016-09-15T11:43:14.666-0400: 177.965: [GC (GCLocker Initiated GC) [PSYoungGen: 167681K->67533K(175104K)] 283734K->201922K(699392K), 0.0073284 secs] [Times: user=0.08 sys=0.00, real=0.01 secs] 
2016-09-15T11:43:14.810-0400: 178.109: [GC (GCLocker Initiated GC) [PSYoungGen: 155597K->67565K(175104K)] 296355K->226831K(699392K), 0.0120667 secs] [Times: user=0.13 sys=0.00, real=0.01 secs] 
2016-09-15T11:43:14.925-0400: 178.224: [GC (GCLocker Initiated GC) [PSYoungGen: 155629K->85694K(175104K)] 314931K->269588K(699392K), 0.0135237 secs] [Times: user=0.15 sys=0.01, real=0.02 secs] 
2016-09-15T11:43:15.075-0400: 178.374: [GC (GCLocker Initiated GC) [PSYoungGen: 173758K->55551K(175104K)] 357761K->288233K(699392K), 0.0196476 secs] [Times: user=0.20 sys=0.00, real=0.02 secs] 
2016-09-15T11:43:15.196-0400: 178.495: [GC (GCLocker Initiated GC) [PSYoungGen: 143615K->55287K(175104K)] 382611K->318875K(699392K), 0.0151090 secs] [Times: user=0.17 sys=0.00, real=0.01 secs] 
2016-09-15T11:43:15.323-0400: 178.622: [GC (GCLocker Initiated GC) [PSYoungGen: 143351K->61394K(175104K)] 407086K->343498K(699392K), 0.0081461 secs] [Times: user=0.08 sys=0.00, real=0.01 secs] 
2016-09-15T11:43:15.471-0400: 178.769: [GC (Allocation Failure) [PSYoungGen: 149458K->55483K(175104K)] 444050K->368584K(699392K), 0.0101914 secs] [Times: user=0.12 sys=0.00, real=0.01 secs] 
2016-09-15T11:43:15.626-0400: 178.925: [GC (GCLocker Initiated GC) [PSYoungGen: 139436K->55255K(175104K)] 458612K->374854K(699392K), 0.0152576 secs] [Times: user=0.14 sys=0.00, real=0.02 secs] 
2016-09-15T11:43:15.748-0400: 179.047: [GC (GCLocker Initiated GC) [PSYoungGen: 143319K->67469K(175104K)] 463021K->405532K(699392K), 0.0136710 secs] [Times: user=0.16 sys=0.00, real=0.01 secs] 
2016-09-15T11:43:15.878-0400: 179.177: [GC (Allocation Failure) [PSYoungGen: 155533K->49507K(175104K)] 493766K->436420K(699392K), 0.0240319 secs] [Times: user=0.29 sys=0.00, real=0.02 secs] 
2016-09-15T11:43:16.001-0400: 179.300: [GC (GCLocker Initiated GC) [PSYoungGen: 137533K->43173K(175104K)] 530521K->460704K(699392K), 0.0109042 secs] [Times: user=0.09 sys=0.01, real=0.01 secs] 
2016-09-15T11:43:16.121-0400: 179.419: [GC (GCLocker Initiated GC) [PSYoungGen: 131237K->79715K(175104K)] 548961K->515955K(699392K), 0.0200484 secs] [Times: user=0.25 sys=0.00, real=0.02 secs] 
2016-09-15T11:43:16.238-0400: 179.537: [GC (GCLocker Initiated GC) [PSYoungGen: 167779K->55255K(175104K)] 604542K->528728K(699392K), 0.0256455 secs] [Times: user=0.26 sys=0.00, real=0.02 secs] 
2016-09-15T11:43:16.263-0400: 179.562: [Full GC (Ergonomics) [PSYoungGen: 55255K->0K(175104K)] [ParOldGen: 473473K->53223K(524288K)] 528728K->53223K(699392K), [Metaspace: 44488K->44488K(1087488K)], 0.0610227 secs] [Times: user=0.35 sys=0.02, real=0.06 secs] 
2016-09-15T11:43:16.423-0400: 179.722: [GC (GCLocker Initiated GC) [PSYoungGen: 88064K->85694K(175104K)] 141390K->157246K(699392K), 0.0081026 secs] [Times: user=0.09 sys=0.00, real=0.01 secs] 
2016-09-15T11:43:16.547-0400: 179.846: [GC (GCLocker Initiated GC) [PSYoungGen: 173758K->49244K(175104K)] 245424K->194093K(699392K), 0.0216941 secs] [Times: user=0.26 sys=0.01, real=0.03 secs] 
2016-09-15T11:43:16.691-0400: 179.990: [GC (GCLocker Initiated GC) [PSYoungGen: 137308K->30891K(175104K)] 288560K->236922K(699392K), 0.0136829 secs] [Times: user=0.13 sys=0.00, real=0.01 secs] 
2016-09-15T11:43:16.816-0400: 180.115: [GC (GCLocker Initiated GC) [PSYoungGen: 118955K->85986K(175104K)] 325156K->298717K(699392K), 0.0131011 secs] [Times: user=0.14 sys=0.00, real=0.01 secs] 
2016-09-15T11:43:16.909-0400: 180.208: [GC (GCLocker Initiated GC) [PSYoungGen: 174050K->67501K(175104K)] 386942K->317142K(699392K), 0.0199482 secs] [Times: user=0.25 sys=0.00, real=0.02 secs] 
2016-09-15T11:43:17.031-0400: 180.330: [GC (GCLocker Initiated GC) [PSYoungGen: 155565K->73968K(175104K)] 411546K->372610K(699392K), 0.0168517 secs] [Times: user=0.22 sys=0.00, real=0.02 secs] 
2016-09-15T11:43:17.151-0400: 180.450: [GC (GCLocker Initiated GC) [PSYoungGen: 162032K->74132K(175104K)] 460867K->373446K(699392K), 0.0105902 secs] [Times: user=0.12 sys=0.00, real=0.01 secs] 
2016-09-15T11:43:17.273-0400: 180.572: [GC (GCLocker Initiated GC) [PSYoungGen: 162196K->85822K(175104K)] 467789K->434232K(699392K), 0.0127296 secs] [Times: user=0.20 sys=0.00, real=0.01 secs] 
2016-09-15T11:43:17.406-0400: 180.705: [GC (GCLocker Initiated GC) [PSYoungGen: 173886K->67761K(175104K)] 534533K->465025K(699392K), 0.0105045 secs] [Times: user=0.15 sys=0.00, real=0.02 secs] 
2016-09-15T11:43:17.521-0400: 180.820: [GC (GCLocker Initiated GC) [PSYoungGen: 155825K->73608K(175104K)] 559441K->526320K(699392K), 0.0131311 secs] [Times: user=0.20 sys=0.00, real=0.01 secs] 
2016-09-15T11:43:17.534-0400: 180.833: [Full GC (Ergonomics) [PSYoungGen: 73608K->0K(175104K)] [ParOldGen: 452712K->53316K(524288K)] 526320K->53316K(699392K), [Metaspace: 44489K->44489K(1087488K)], 0.0524501 secs] [Times: user=0.39 sys=0.01, real=0.05 secs] 
2016-09-15T11:43:17.710-0400: 181.009: [GC (GCLocker Initiated GC) [PSYoungGen: 88064K->85822K(175104K)] 141512K->151420K(699392K), 0.0094112 secs] [Times: user=0.13 sys=0.00, real=0.01 secs] 
2016-09-15T11:43:17.865-0400: 181.164: [GC (GCLocker Initiated GC) [PSYoungGen: 173886K->55447K(175104K)] 251916K->152166K(699392K), 0.0103496 secs] [Times: user=0.11 sys=0.00, real=0.01 secs] 
2016-09-15T11:43:18.015-0400: 181.314: [GC (GCLocker Initiated GC) [PSYoungGen: 143511K->67501K(175104K)] 240591K->164848K(699392K), 0.0154750 secs] [Times: user=0.16 sys=0.03, real=0.02 secs] 
2016-09-15T11:43:18.132-0400: 181.431: [GC (GCLocker Initiated GC) [PSYoungGen: 155565K->73704K(175104K)] 252965K->225923K(699392K), 0.0193388 secs] [Times: user=0.25 sys=0.00, real=0.02 secs] 
2016-09-15T11:43:18.270-0400: 181.569: [GC (GCLocker Initiated GC) [PSYoungGen: 161768K->80043K(175104K)] 314147K->269047K(699392K), 0.0135458 secs] [Times: user=0.17 sys=0.00, real=0.01 secs] 
2016-09-15T11:43:18.420-0400: 181.719: [GC (GCLocker Initiated GC) [PSYoungGen: 168107K->79583K(175104K)] 357220K->311669K(699392K), 0.0125281 secs] [Times: user=0.14 sys=0.00, real=0.01 secs] 
2016-09-15T11:43:18.526-0400: 181.825: [GC (Allocation Failure) [PSYoungGen: 167647K->79879K(175104K)] 400004K->360964K(699392K), 0.0120762 secs] [Times: user=0.16 sys=0.00, real=0.02 secs] 
2016-09-15T11:43:18.707-0400: 182.006: [GC (Allocation Failure) [PSYoungGen: 166786K->36994K(175104K)] 447871K->354968K(699392K), 0.0111761 secs] [Times: user=0.13 sys=0.00, real=0.02 secs] 
2016-09-15T11:43:18.825-0400: 182.124: [GC (Allocation Failure) [PSYoungGen: 125058K->85822K(175104K)] 443032K->416082K(699392K), 0.0091374 secs] [Times: user=0.14 sys=0.00, real=0.01 secs] 
2016-09-15T11:43:18.934-0400: 182.233: [GC (GCLocker Initiated GC) [PSYoungGen: 173886K->85854K(175104K)] 504152K->440759K(699392K), 0.0118987 secs] [Times: user=0.18 sys=0.00, real=0.01 secs] 
2016-09-15T11:43:19.074-0400: 182.373: [GC (GCLocker Initiated GC) [PSYoungGen: 173918K->55319K(175104K)] 529051K->447194K(699392K), 0.0088799 secs] [Times: user=0.12 sys=0.00, real=0.01 secs] 
2016-09-15T11:43:19.206-0400: 182.505: [GC (GCLocker Initiated GC) [PSYoungGen: 143383K->79555K(175104K)] 535580K->472019K(699392K), 0.0104672 secs] [Times: user=0.09 sys=0.00, real=0.02 secs] 
2016-09-15T11:43:19.355-0400: 182.654: [GC (GCLocker Initiated GC) [PSYoungGen: 167619K->42973K(175104K)] 560126K->453957K(699392K), 0.0222766 secs] [Times: user=0.26 sys=0.01, real=0.03 secs] 
2016-09-15T11:43:19.486-0400: 182.785: [GC (GCLocker Initiated GC) [PSYoungGen: 131037K->61262K(175104K)] 548143K->527096K(699392K), 0.0250584 secs] [Times: user=0.29 sys=0.00, real=0.03 secs] 
2016-09-15T11:43:19.512-0400: 182.811: [Full GC (Ergonomics) [PSYoungGen: 61262K->0K(175104K)] [ParOldGen: 465833K->53228K(524288K)] 527096K->53228K(699392K), [Metaspace: 44489K->44489K(1087488K)], 0.0568022 secs] [Times: user=0.34 sys=0.01, real=0.06 secs] 
2016-09-15T11:43:19.682-0400: 182.981: [GC (Allocation Failure) [PSYoungGen: 88064K->86438K(175104K)] 141333K->145783K(699392K), 0.0098794 secs] [Times: user=0.10 sys=0.00, real=0.01 secs] 
2016-09-15T11:43:19.830-0400: 183.129: [GC (GCLocker Initiated GC) [PSYoungGen: 174502K->61358K(175104K)] 233852K->170308K(699392K), 0.0198400 secs] [Times: user=0.25 sys=0.00, real=0.02 secs] 
2016-09-15T11:43:19.986-0400: 183.285: [GC (GCLocker Initiated GC) [PSYoungGen: 149422K->37190K(175104K)] 276925K->183037K(699392K), 0.0137965 secs] [Times: user=0.20 sys=0.00, real=0.02 secs] 
2016-09-15T11:43:20.120-0400: 183.419: [GC (GCLocker Initiated GC) [PSYoungGen: 125254K->55938K(175104K)] 277340K->208153K(699392K), 0.0084287 secs] [Times: user=0.12 sys=0.00, real=0.01 secs] 
2016-09-15T11:43:20.257-0400: 183.556: [GC (Allocation Failure) [PSYoungGen: 144002K->80043K(175104K)] 302406K->256971K(699392K), 0.0098044 secs] [Times: user=0.14 sys=0.00, real=0.00 secs] 
2016-09-15T11:43:20.382-0400: 183.681: [GC (GCLocker Initiated GC) [PSYoungGen: 168107K->73704K(175104K)] 345041K->299374K(699392K), 0.0235903 secs] [Times: user=0.35 sys=0.01, real=0.02 secs] 
2016-09-15T11:43:20.497-0400: 183.796: [GC (Allocation Failure) [PSYoungGen: 161768K->73640K(175104K)] 393677K->324098K(699392K), 0.0100052 secs] [Times: user=0.15 sys=0.00, real=0.00 secs] 
2016-09-15T11:43:20.624-0400: 183.923: [GC (GCLocker Initiated GC) [PSYoungGen: 156508K->73968K(175104K)] 413041K->330816K(699392K), 0.0081070 secs] [Times: user=0.13 sys=0.00, real=0.01 secs] 
2016-09-15T11:43:20.769-0400: 184.068: [GC (Allocation Failure) [PSYoungGen: 162032K->61326K(175104K)] 425081K->342727K(699392K), 0.0097550 secs] [Times: user=0.16 sys=0.00, real=0.01 secs] 
2016-09-15T11:43:20.885-0400: 184.184: [GC (GCLocker Initiated GC) [PSYoungGen: 146418K->73704K(175104K)] 433895K->403865K(699392K), 0.0108721 secs] [Times: user=0.15 sys=0.01, real=0.02 secs] 
2016-09-15T11:43:21.037-0400: 184.336: [GC (Allocation Failure) [PSYoungGen: 161768K->61166K(175104K)] 498046K->415928K(699392K), 0.0097629 secs] [Times: user=0.09 sys=0.00, real=0.00 secs] 
2016-09-15T11:43:21.153-0400: 184.452: [GC (Allocation Failure) [PSYoungGen: 145281K->55547K(175104K)] 500044K->465136K(699392K), 0.0109432 secs] [Times: user=0.16 sys=0.00, real=0.01 secs] 
2016-09-15T11:43:21.285-0400: 184.584: [GC (GCLocker Initiated GC) [PSYoungGen: 142898K->61266K(175104K)] 558563K->483272K(699392K), 0.0089011 secs] [Times: user=0.07 sys=0.00, real=0.01 secs] 
2016-09-15T11:43:21.457-0400: 184.756: [GC (GCLocker Initiated GC) [PSYoungGen: 149330K->73316K(175104K)] 571368K->526004K(699392K), 0.0135264 secs] [Times: user=0.13 sys=0.00, real=0.01 secs] 
2016-09-15T11:43:21.612-0400: 184.911: [Full GC (Ergonomics) [PSYoungGen: 161380K->0K(175104K)] [ParOldGen: 477276K->59553K(524288K)] 638656K->59553K(699392K), [Metaspace: 44489K->44489K(1087488K)], 0.0591072 secs] [Times: user=0.30 sys=0.01, real=0.06 secs] 
2016-09-15T11:43:21.781-0400: 185.080: [GC (GCLocker Initiated GC) [PSYoungGen: 88064K->86474K(175104K)] 147778K->158338K(699392K), 0.0151060 secs] [Times: user=0.17 sys=0.00, real=0.02 secs] 
2016-09-15T11:43:21.911-0400: 185.209: [GC (GCLocker Initiated GC) [PSYoungGen: 174538K->24944K(175104K)] 258655K->182657K(699392K), 0.0362233 secs] [Times: user=0.41 sys=0.00, real=0.03 secs] 
2016-09-15T11:43:22.067-0400: 185.366: [GC (GCLocker Initiated GC) [PSYoungGen: 113008K->55483K(175104K)] 270779K->249972K(699392K), 0.0127503 secs] [Times: user=0.14 sys=0.00, real=0.02 secs] 
2016-09-15T11:43:22.217-0400: 185.516: [GC (GCLocker Initiated GC) [PSYoungGen: 143547K->55123K(175104K)] 350384K->262235K(699392K), 0.0084066 secs] [Times: user=0.09 sys=0.00, real=0.00 secs] 
2016-09-15T11:43:22.328-0400: 185.627: [GC (GCLocker Initiated GC) [PSYoungGen: 143187K->61330K(175104K)] 356822K->293294K(699392K), 0.0094686 secs] [Times: user=0.10 sys=0.00, real=0.01 secs] 
2016-09-15T11:43:22.451-0400: 185.750: [GC (GCLocker Initiated GC) [PSYoungGen: 149394K->61358K(175104K)] 381719K->330432K(699392K), 0.0299559 secs] [Times: user=0.34 sys=0.00, real=0.03 secs] 
2016-09-15T11:43:22.607-0400: 185.906: [GC (GCLocker Initiated GC) [PSYoungGen: 149422K->73676K(175104K)] 424883K->349256K(699392K), 0.0076135 secs] [Times: user=0.07 sys=0.01, real=0.01 secs] 
2016-09-15T11:43:22.722-0400: 186.021: [GC (Allocation Failure) [PSYoungGen: 161740K->36934K(175104K)] 437592K->349659K(699392K), 0.0110828 secs] [Times: user=0.11 sys=0.00, real=0.01 secs] 
2016-09-15T11:43:22.844-0400: 186.143: [GC (GCLocker Initiated GC) [PSYoungGen: 120877K->73644K(175104K)] 439677K->410773K(699392K), 0.0116140 secs] [Times: user=0.11 sys=0.00, real=0.02 secs] 
2016-09-15T11:43:23.006-0400: 186.305: [GC (GCLocker Initiated GC) [PSYoungGen: 161708K->55223K(175104K)] 505055K->417078K(699392K), 0.0091512 secs] [Times: user=0.07 sys=0.01, real=0.01 secs] 
2016-09-15T11:43:23.126-0400: 186.425: [GC (GCLocker Initiated GC) [PSYoungGen: 143287K->79491K(175104K)] 511332K->447795K(699392K), 0.0093354 secs] [Times: user=0.09 sys=0.00, real=0.01 secs] 
2016-09-15T11:43:23.265-0400: 186.564: [GC (GCLocker Initiated GC) [PSYoungGen: 167555K->73576K(175104K)] 535956K->496944K(699392K), 0.0236950 secs] [Times: user=0.22 sys=0.01, real=0.03 secs] 
2016-09-15T11:43:23.413-0400: 186.712: [GC (GCLocker Initiated GC) [PSYoungGen: 161640K->73644K(175104K)] 585023K->515527K(699392K), 0.0179039 secs] [Times: user=0.18 sys=0.01, real=0.02 secs] 
2016-09-15T11:43:23.565-0400: 186.864: [GC (GCLocker Initiated GC) [PSYoungGen: 161708K->85566K(175104K)] 609714K->533847K(699392K), 0.0141713 secs] [Times: user=0.15 sys=0.00, real=0.02 secs] 
2016-09-15T11:43:23.679-0400: 186.978: [GC (GCLocker Initiated GC) [PSYoungGen: 173630K->67569K(175104K)] 622284K->546866K(699392K), 0.0105201 secs] [Times: user=0.09 sys=0.00, real=0.01 secs] 
2016-09-15T11:43:23.689-0400: 186.988: [Full GC (Ergonomics) [PSYoungGen: 67569K->0K(175104K)] [ParOldGen: 479297K->59944K(524288K)] 546866K->59944K(699392K), [Metaspace: 44491K->44491K(1087488K)], 0.0633490 secs] [Times: user=0.35 sys=0.00, real=0.06 secs] 
2016-09-15T11:43:23.838-0400: 187.137: [GC (GCLocker Initiated GC) [PSYoungGen: 88064K->85498K(175104K)] 148056K->151565K(699392K), 0.0142207 secs] [Times: user=0.14 sys=0.00, real=0.01 secs] 
2016-09-15T11:43:23.954-0400: 187.253: [GC (GCLocker Initiated GC) [PSYoungGen: 173562K->67861K(175104K)] 239862K->207196K(699392K), 0.0110041 secs] [Times: user=0.13 sys=0.00, real=0.01 secs] 
2016-09-15T11:43:24.094-0400: 187.393: [GC (Allocation Failure) [PSYoungGen: 155925K->55479K(175104K)] 307609K->244568K(699392K), 0.0082347 secs] [Times: user=0.09 sys=0.00, real=0.01 secs] 
2016-09-15T11:43:24.102-0400: 187.401: [GC (GCLocker Initiated GC) [PSYoungGen: 55490K->160K(175104K)] 244580K->244273K(699392K), 0.0101058 secs] [Times: user=0.11 sys=0.00, real=0.01 secs] 
2016-09-15T11:43:24.244-0400: 187.543: [GC (GCLocker Initiated GC) [PSYoungGen: 86017K->73836K(175104K)] 336206K->324024K(699392K), 0.0074901 secs] [Times: user=0.09 sys=0.00, real=0.01 secs] 
2016-09-15T11:43:24.400-0400: 187.699: [GC (GCLocker Initiated GC) [PSYoungGen: 161900K->73544K(175104K)] 412152K->360718K(699392K), 0.0176569 secs] [Times: user=0.19 sys=0.00, real=0.02 secs] 
2016-09-15T11:43:24.516-0400: 187.814: [GC (GCLocker Initiated GC) [PSYoungGen: 161608K->73416K(175104K)] 448935K->379064K(699392K), 0.0105829 secs] [Times: user=0.09 sys=0.00, real=0.01 secs] 
2016-09-15T11:43:24.658-0400: 187.957: [GC (GCLocker Initiated GC) [PSYoungGen: 161480K->61590K(175104K)] 467194K->452473K(699392K), 0.0118230 secs] [Times: user=0.14 sys=0.00, real=0.01 secs] 
2016-09-15T11:43:24.774-0400: 188.073: [GC (Allocation Failure) [PSYoungGen: 149654K->61166K(175104K)] 546665K->482745K(699392K), 0.0097613 secs] [Times: user=0.09 sys=0.00, real=0.01 secs] 
2016-09-15T11:43:24.889-0400: 188.188: [GC (GCLocker Initiated GC) [PSYoungGen: 149230K->85854K(175104K)] 570815K->562281K(699392K), 0.0126864 secs] [Times: user=0.18 sys=0.00, real=0.01 secs] 
2016-09-15T11:43:24.902-0400: 188.201: [Full GC (Ergonomics) [PSYoungGen: 85854K->0K(175104K)] [ParOldGen: 476427K->53804K(524288K)] 562281K->53804K(699392K), [Metaspace: 44491K->44491K(1087488K)], 0.0469006 secs] [Times: user=0.32 sys=0.00, real=0.05 secs] 
2016-09-15T11:43:25.074-0400: 188.373: [GC (GCLocker Initiated GC) [PSYoungGen: 88064K->79747K(175104K)] 142055K->133738K(699392K), 0.0101451 secs] [Times: user=0.10 sys=0.00, real=0.01 secs] 
2016-09-15T11:43:25.205-0400: 188.504: [GC (GCLocker Initiated GC) [PSYoungGen: 167811K->61590K(175104K)] 221877K->152366K(699392K), 0.0089405 secs] [Times: user=0.09 sys=0.00, real=0.01 secs] 
2016-09-15T11:43:25.328-0400: 188.627: [GC (GCLocker Initiated GC) [PSYoungGen: 149654K->73868K(175104K)] 246680K->189411K(699392K), 0.0122568 secs] [Times: user=0.18 sys=0.00, real=0.01 secs] 
2016-09-15T11:43:25.476-0400: 188.775: [GC (GCLocker Initiated GC) [PSYoungGen: 161932K->73804K(175104K)] 277679K->220062K(699392K), 0.0151935 secs] [Times: user=0.19 sys=0.01, real=0.01 secs] 
2016-09-15T11:43:25.618-0400: 188.917: [GC (GCLocker Initiated GC) [PSYoungGen: 161868K->73608K(175104K)] 314456K->244697K(699392K), 0.0085274 secs] [Times: user=0.11 sys=0.00, real=0.00 secs] 
2016-09-15T11:43:25.749-0400: 189.048: [GC (GCLocker Initiated GC) [PSYoungGen: 161672K->37649K(175104K)] 345103K->221200K(699392K), 0.0054209 secs] [Times: user=0.06 sys=0.00, real=0.00 secs] 
2016-09-15T11:43:25.882-0400: 189.181: [GC (Allocation Failure) [PSYoungGen: 125713K->85854K(175104K)] 309507K->294271K(699392K), 0.0115691 secs] [Times: user=0.17 sys=0.00, real=0.01 secs] 
2016-09-15T11:43:26.020-0400: 189.319: [GC (GCLocker Initiated GC) [PSYoungGen: 173918K->74000K(175104K)] 382341K->300791K(699392K), 0.0094889 secs] [Times: user=0.15 sys=0.00, real=0.01 secs] 
2016-09-15T11:43:26.146-0400: 189.445: [GC (GCLocker Initiated GC) [PSYoungGen: 162064K->37094K(175104K)] 395033K->288563K(699392K), 0.0067916 secs] [Times: user=0.07 sys=0.00, real=0.01 secs] 
2016-09-15T11:43:26.272-0400: 189.571: [GC (GCLocker Initiated GC) [PSYoungGen: 125158K->86050K(175104K)] 376669K->392396K(699392K), 0.0126404 secs] [Times: user=0.20 sys=0.00, real=0.01 secs] 
2016-09-15T11:43:26.401-0400: 189.700: [GC (GCLocker Initiated GC) [PSYoungGen: 174114K->85822K(175104K)] 480546K->441342K(699392K), 0.0110432 secs] [Times: user=0.18 sys=0.00, real=0.01 secs] 
2016-09-15T11:43:26.511-0400: 189.810: [GC (GCLocker Initiated GC) [PSYoungGen: 173886K->86018K(175104K)] 529661K->502851K(699392K), 0.0141119 secs] [Times: user=0.22 sys=0.00, real=0.01 secs] 
2016-09-15T11:43:26.658-0400: 189.957: [GC (GCLocker Initiated GC) [PSYoungGen: 174082K->55383K(175104K)] 603218K->503059K(699392K), 0.0096621 secs] [Times: user=0.14 sys=0.00, real=0.01 secs] 
2016-09-15T11:43:26.668-0400: 189.967: [Full GC (Ergonomics) [PSYoungGen: 55383K->0K(175104K)] [ParOldGen: 447676K->47587K(524288K)] 503059K->47587K(699392K), [Metaspace: 44492K->44492K(1087488K)], 0.0572128 secs] [Times: user=0.54 sys=0.00, real=0.05 secs] 
2016-09-15T11:43:26.830-0400: 190.129: [GC (GCLocker Initiated GC) [PSYoungGen: 88064K->86538K(175104K)] 136018K->164867K(699392K), 0.0110342 secs] [Times: user=0.16 sys=0.01, real=0.01 secs] 
2016-09-15T11:43:26.990-0400: 190.289: [GC (Allocation Failure) [PSYoungGen: 174602K->24880K(175104K)] 253107K->159075K(699392K), 0.0070791 secs] [Times: user=0.07 sys=0.00, real=0.01 secs] 
2016-09-15T11:43:27.091-0400: 190.390: [GC (GCLocker Initiated GC) [PSYoungGen: 112944K->85758K(175104K)] 247144K->238327K(699392K), 0.0105606 secs] [Times: user=0.15 sys=0.01, real=0.01 secs] 
2016-09-15T11:43:27.246-0400: 190.545: [GC (GCLocker Initiated GC) [PSYoungGen: 173822K->37389K(175104K)] 344781K->226661K(699392K), 0.0068532 secs] [Times: user=0.07 sys=0.00, real=0.01 secs] 
2016-09-15T11:43:27.379-0400: 190.678: [GC (GCLocker Initiated GC) [PSYoungGen: 125453K->55415K(175104K)] 321155K->251400K(699392K), 0.0091280 secs] [Times: user=0.13 sys=0.01, real=0.01 secs] 
2016-09-15T11:43:27.495-0400: 190.794: [GC (GCLocker Initiated GC) [PSYoungGen: 143479K->74032K(175104K)] 339774K->288876K(699392K), 0.0116064 secs] [Times: user=0.17 sys=0.01, real=0.01 secs] 
2016-09-15T11:43:27.649-0400: 190.948: [GC (GCLocker Initiated GC) [PSYoungGen: 162096K->55415K(175104K)] 389114K->282717K(699392K), 0.0085532 secs] [Times: user=0.10 sys=0.00, real=0.01 secs] 
2016-09-15T11:43:27.786-0400: 191.085: [GC (GCLocker Initiated GC) [PSYoungGen: 143479K->61298K(175104K)] 376943K->313262K(699392K), 0.0217300 secs] [Times: user=0.23 sys=0.00, real=0.02 secs] 
2016-09-15T11:43:27.914-0400: 191.213: [GC (GCLocker Initiated GC) [PSYoungGen: 149362K->37098K(175104K)] 407442K->325656K(699392K), 0.0167805 secs] [Times: user=0.15 sys=0.00, real=0.02 secs] 
2016-09-15T11:43:28.079-0400: 191.378: [GC (GCLocker Initiated GC) [PSYoungGen: 125162K->61330K(175104K)] 413869K->368694K(699392K), 0.0100677 secs] [Times: user=0.09 sys=0.00, real=0.01 secs] 
2016-09-15T11:43:28.248-0400: 191.547: [GC (GCLocker Initiated GC) [PSYoungGen: 149394K->30859K(175104K)] 468960K->374968K(699392K), 0.0184609 secs] [Times: user=0.14 sys=0.00, real=0.01 secs] 
2016-09-15T11:43:28.418-0400: 191.717: [GC (GCLocker Initiated GC) [PSYoungGen: 118923K->36898K(175104K)] 469356K->387426K(699392K), 0.0099420 secs] [Times: user=0.11 sys=0.00, real=0.01 secs] 
2016-09-15T11:43:28.535-0400: 191.834: [GC (GCLocker Initiated GC) [PSYoungGen: 124962K->85822K(175104K)] 475661K->473122K(699392K), 0.0106733 secs] [Times: user=0.12 sys=0.01, real=0.01 secs] 
2016-09-15T11:43:28.662-0400: 191.961: [GC (GCLocker Initiated GC) [PSYoungGen: 173886K->49344K(175104K)] 561453K->503855K(699392K), 0.0101829 secs] [Times: user=0.10 sys=0.00, real=0.01 secs] 
2016-09-15T11:43:28.672-0400: 191.971: [Full GC (Ergonomics) [PSYoungGen: 49344K->0K(175104K)] [ParOldGen: 454511K->47834K(524288K)] 503855K->47834K(699392K), [Metaspace: 44492K->44492K(1087488K)], 0.0640898 secs] [Times: user=0.41 sys=0.02, real=0.07 secs] 
2016-09-15T11:43:28.855-0400: 192.154: [GC (GCLocker Initiated GC) [PSYoungGen: 88064K->80039K(175104K)] 154354K->146330K(699392K), 0.0227437 secs] [Times: user=0.26 sys=0.00, real=0.03 secs] 
2016-09-15T11:43:28.977-0400: 192.276: [GC (GCLocker Initiated GC) [PSYoungGen: 168103K->61330K(175104K)] 234620K->165172K(699392K), 0.0171704 secs] [Times: user=0.18 sys=0.00, real=0.01 secs] 
2016-09-15T11:43:29.083-0400: 192.382: [GC (GCLocker Initiated GC) [PSYoungGen: 149394K->49376K(175104K)] 253390K->189909K(699392K), 0.0173134 secs] [Times: user=0.21 sys=0.01, real=0.02 secs] 
2016-09-15T11:43:29.204-0400: 192.503: [GC (GCLocker Initiated GC) [PSYoungGen: 137440K->73476K(175104K)] 284259K->244886K(699392K), 0.0118199 secs] [Times: user=0.12 sys=0.00, real=0.02 secs] 
2016-09-15T11:43:29.336-0400: 192.635: [GC (GCLocker Initiated GC) [PSYoungGen: 161540K->79911K(175104K)] 339243K->312440K(699392K), 0.0172060 secs] [Times: user=0.22 sys=0.02, real=0.01 secs] 
2016-09-15T11:43:29.446-0400: 192.745: [GC (GCLocker Initiated GC) [PSYoungGen: 167975K->55479K(175104K)] 406733K->337038K(699392K), 0.0096772 secs] [Times: user=0.08 sys=0.01, real=0.01 secs] 
2016-09-15T11:43:29.567-0400: 192.866: [GC (GCLocker Initiated GC) [PSYoungGen: 143543K->86150K(175104K)] 425132K->392370K(699392K), 0.0104465 secs] [Times: user=0.14 sys=0.00, real=0.02 secs] 
2016-09-15T11:43:29.688-0400: 192.987: [GC (GCLocker Initiated GC) [PSYoungGen: 174214K->49344K(175104K)] 480521K->398600K(699392K), 0.0168650 secs] [Times: user=0.17 sys=0.01, real=0.01 secs] 
2016-09-15T11:43:29.808-0400: 193.107: [GC (GCLocker Initiated GC) [PSYoungGen: 137406K->73804K(175104K)] 493098K->447848K(699392K), 0.0098645 secs] [Times: user=0.14 sys=0.00, real=0.01 secs] 
2016-09-15T11:43:29.913-0400: 193.212: [GC (GCLocker Initiated GC) [PSYoungGen: 161868K->85822K(175104K)] 535954K->490419K(699392K), 0.0111904 secs] [Times: user=0.16 sys=0.01, real=0.01 secs] 
2016-09-15T11:43:30.062-0400: 193.361: [GC (GCLocker Initiated GC) [PSYoungGen: 173886K->19096K(175104K)] 591267K->527934K(699392K), 0.0125014 secs] [Times: user=0.17 sys=0.00, real=0.01 secs] 
2016-09-15T11:43:30.075-0400: 193.374: [Full GC (Ergonomics) [PSYoungGen: 19096K->0K(175104K)] [ParOldGen: 508837K->41791K(524288K)] 527934K->41791K(699392K), [Metaspace: 44492K->44492K(1087488K)], 0.0546842 secs] [Times: user=0.39 sys=0.01, real=0.06 secs] 
2016-09-15T11:43:30.255-0400: 193.553: [GC (GCLocker Initiated GC) [PSYoungGen: 88064K->85726K(175104K)] 142059K->145796K(699392K), 0.0095453 secs] [Times: user=0.12 sys=0.00, real=0.01 secs] 
2016-09-15T11:43:30.381-0400: 193.680: [GC (GCLocker Initiated GC) [PSYoungGen: 173790K->73708K(175104K)] 234149K->189058K(699392K), 0.0216994 secs] [Times: user=0.23 sys=0.00, real=0.02 secs] 
2016-09-15T11:43:30.510-0400: 193.809: [GC (GCLocker Initiated GC) [PSYoungGen: 161772K->49080K(175104K)] 277269K->219716K(699392K), 0.0105664 secs] [Times: user=0.13 sys=0.00, real=0.01 secs] 
2016-09-15T11:43:30.638-0400: 193.937: [GC (Allocation Failure) [PSYoungGen: 137144K->79687K(175104K)] 308124K->250763K(699392K), 0.0079545 secs] [Times: user=0.08 sys=0.00, real=0.00 secs] 
2016-09-15T11:43:30.732-0400: 194.031: [GC (GCLocker Initiated GC) [PSYoungGen: 167751K->73416K(175104K)] 338832K->269237K(699392K), 0.0370147 secs] [Times: user=0.43 sys=0.00, real=0.04 secs] 
2016-09-15T11:43:30.866-0400: 194.165: [GC (Allocation Failure) [PSYoungGen: 161480K->85922K(175104K)] 357437K->330599K(699392K), 0.0117685 secs] [Times: user=0.13 sys=0.00, real=0.02 secs] 
2016-09-15T11:43:30.996-0400: 194.295: [GC (GCLocker Initiated GC) [PSYoungGen: 171863K->55547K(175104K)] 422616K->337294K(699392K), 0.0091391 secs] [Times: user=0.11 sys=0.00, real=0.00 secs] 
2016-09-15T11:43:31.114-0400: 194.413: [GC (GCLocker Initiated GC) [PSYoungGen: 143611K->73640K(175104K)] 431637K->380198K(699392K), 0.0093607 secs] [Times: user=0.11 sys=0.00, real=0.01 secs] 
2016-09-15T11:43:31.256-0400: 194.555: [GC (Allocation Failure) [PSYoungGen: 161704K->61590K(175104K)] 468589K->423434K(699392K), 0.0195013 secs] [Times: user=0.20 sys=0.00, real=0.01 secs] 
2016-09-15T11:43:31.395-0400: 194.694: [GC (GCLocker Initiated GC) [PSYoungGen: 149375K->42877K(175104K)] 517295K->429288K(699392K), 0.0087253 secs] [Times: user=0.08 sys=0.00, real=0.01 secs] 
2016-09-15T11:43:31.514-0400: 194.813: [GC (GCLocker Initiated GC) [PSYoungGen: 130941K->85826K(175104K)] 517423K->496727K(699392K), 0.0119068 secs] [Times: user=0.13 sys=0.00, real=0.01 secs] 
2016-09-15T11:43:31.635-0400: 194.934: [GC (GCLocker Initiated GC) [PSYoungGen: 173890K->67501K(175104K)] 585040K->533610K(699392K), 0.0206701 secs] [Times: user=0.20 sys=0.00, real=0.03 secs] 
2016-09-15T11:43:31.656-0400: 194.955: [Full GC (Ergonomics) [PSYoungGen: 67501K->0K(175104K)] [ParOldGen: 466109K->54351K(524288K)] 533610K->54351K(699392K), [Metaspace: 44492K->44492K(1087488K)], 0.0553043 secs] [Times: user=0.32 sys=0.00, real=0.05 secs] 
2016-09-15T11:43:31.821-0400: 195.120: [GC (GCLocker Initiated GC) [PSYoungGen: 88064K->86018K(175104K)] 148707K->158811K(699392K), 0.0151940 secs] [Times: user=0.13 sys=0.00, real=0.02 secs] 
2016-09-15T11:43:31.949-0400: 195.248: [GC (GCLocker Initiated GC) [PSYoungGen: 174082K->61426K(175104K)] 252992K->201822K(699392K), 0.0158366 secs] [Times: user=0.18 sys=0.00, real=0.01 secs] 
2016-09-15T11:43:32.070-0400: 195.369: [GC (GCLocker Initiated GC) [PSYoungGen: 149490K->73672K(175104K)] 290113K->263218K(699392K), 0.0195203 secs] [Times: user=0.29 sys=0.00, real=0.02 secs] 
2016-09-15T11:43:32.203-0400: 195.502: [GC (GCLocker Initiated GC) [PSYoungGen: 161736K->86150K(175104K)] 351324K->312519K(699392K), 0.0119140 secs] [Times: user=0.20 sys=0.00, real=0.01 secs] 
2016-09-15T11:43:32.315-0400: 195.614: [GC (GCLocker Initiated GC) [PSYoungGen: 174214K->85690K(175104K)] 400788K->361532K(699392K), 0.0127671 secs] [Times: user=0.20 sys=0.00, real=0.02 secs] 
2016-09-15T11:43:32.460-0400: 195.759: [GC (GCLocker Initiated GC) [PSYoungGen: 173754K->55447K(175104K)] 455808K->398386K(699392K), 0.0107498 secs] [Times: user=0.14 sys=0.00, real=0.01 secs] 
2016-09-15T11:43:32.588-0400: 195.887: [GC (GCLocker Initiated GC) [PSYoungGen: 143511K->61262K(175104K)] 486492K->422736K(699392K), 0.0090092 secs] [Times: user=0.10 sys=0.00, real=0.01 secs] 
2016-09-15T11:43:32.704-0400: 196.003: [GC (GCLocker Initiated GC) [PSYoungGen: 149326K->73512K(175104K)] 523087K->471717K(699392K), 0.0096621 secs] [Times: user=0.09 sys=0.00, real=0.01 secs] 
2016-09-15T11:43:32.832-0400: 196.131: [GC (GCLocker Initiated GC) [PSYoungGen: 161576K->67341K(175104K)] 559829K->502327K(699392K), 0.0121794 secs] [Times: user=0.13 sys=0.00, real=0.01 secs] 
2016-09-15T11:43:32.959-0400: 196.258: [GC (Allocation Failure) [PSYoungGen: 155405K->36934K(175104K)] 596508K->508687K(699392K), 0.0143127 secs] [Times: user=0.14 sys=0.00, real=0.01 secs] 
2016-09-15T11:43:32.974-0400: 196.273: [Full GC (Ergonomics) [PSYoungGen: 36934K->0K(175104K)] [ParOldGen: 471753K->42054K(524288K)] 508687K->42054K(699392K), [Metaspace: 44493K->44493K(1087488K)], 0.0551191 secs] [Times: user=0.28 sys=0.01, real=0.06 secs] 
2016-09-15T11:43:33.160-0400: 196.459: [GC (GCLocker Initiated GC) [PSYoungGen: 88064K->80039K(175104K)] 130118K->122094K(699392K), 0.0080224 secs] [Times: user=0.06 sys=0.00, real=0.01 secs] 
2016-09-15T11:43:33.255-0400: 196.554: [GC (GCLocker Initiated GC) [PSYoungGen: 168103K->67373K(175104K)] 210211K->116071K(699392K), 0.0098280 secs] [Times: user=0.06 sys=0.01, real=0.01 secs] 
2016-09-15T11:43:33.350-0400: 196.649: [GC (GCLocker Initiated GC) [PSYoungGen: 155437K->79947K(175104K)] 204328K->171662K(699392K), 0.0219867 secs] [Times: user=0.22 sys=0.00, real=0.02 secs] 
2016-09-15T11:43:33.477-0400: 196.776: [GC (GCLocker Initiated GC) [PSYoungGen: 168011K->43105K(175104K)] 259732K->165452K(699392K), 0.0101806 secs] [Times: user=0.06 sys=0.00, real=0.00 secs] 
2016-09-15T11:43:33.621-0400: 196.920: [GC (GCLocker Initiated GC) [PSYoungGen: 131169K->49280K(175104K)] 259768K->184206K(699392K), 0.0200269 secs] [Times: user=0.18 sys=0.00, real=0.02 secs] 
2016-09-15T11:43:33.763-0400: 197.062: [GC (GCLocker Initiated GC) [PSYoungGen: 137344K->55319K(175104K)] 272597K->191027K(699392K), 0.0179626 secs] [Times: user=0.17 sys=0.01, real=0.02 secs] 
2016-09-15T11:43:33.909-0400: 197.208: [GC (GCLocker Initiated GC) [PSYoungGen: 143383K->37322K(175104K)] 291569K->203993K(699392K), 0.0156835 secs] [Times: user=0.16 sys=0.00, real=0.01 secs] 
2016-09-15T11:43:34.048-0400: 197.347: [GC (GCLocker Initiated GC) [PSYoungGen: 125386K->36966K(175104K)] 310645K->240709K(699392K), 0.0138075 secs] [Times: user=0.13 sys=0.00, real=0.01 secs] 
2016-09-15T11:43:34.184-0400: 197.483: [GC (Allocation Failure) [PSYoungGen: 125030K->67405K(175104K)] 329128K->271623K(699392K), 0.0284691 secs] [Times: user=0.30 sys=0.00, real=0.03 secs] 
2016-09-15T11:43:34.321-0400: 197.620: [GC (Allocation Failure) [PSYoungGen: 152622K->37194K(175104K)] 356840K->278121K(699392K), 0.0174136 secs] [Times: user=0.17 sys=0.00, real=0.02 secs] 
2016-09-15T11:43:34.443-0400: 197.742: [GC (GCLocker Initiated GC) [PSYoungGen: 125258K->67637K(175104K)] 372260K->314907K(699392K), 0.0278538 secs] [Times: user=0.26 sys=0.00, real=0.03 secs] 
2016-09-15T11:43:34.590-0400: 197.889: [GC (Allocation Failure) [PSYoungGen: 155701K->55187K(175104K)] 403175K->339559K(699392K), 0.0127371 secs] [Times: user=0.15 sys=0.00, real=0.01 secs] 
2016-09-15T11:43:34.710-0400: 198.009: [GC (GCLocker Initiated GC) [PSYoungGen: 142707K->73904K(175104K)] 433154K->394845K(699392K), 0.0118626 secs] [Times: user=0.12 sys=0.00, real=0.01 secs] 
2016-09-15T11:43:34.861-0400: 198.160: [GC (GCLocker Initiated GC) [PSYoungGen: 161968K->43073K(175104K)] 489071K->388816K(699392K), 0.0133070 secs] [Times: user=0.14 sys=0.00, real=0.01 secs] 
2016-09-15T11:43:34.992-0400: 198.291: [GC (Allocation Failure) [PSYoungGen: 131137K->73676K(175104K)] 477084K->444027K(699392K), 0.0104767 secs] [Times: user=0.10 sys=0.00, real=0.01 secs] 
2016-09-15T11:43:35.113-0400: 198.412: [GC (GCLocker Initiated GC) [PSYoungGen: 161740K->73836K(175104K)] 532097K->481122K(699392K), 0.0110828 secs] [Times: user=0.13 sys=0.01, real=0.01 secs] 
2016-09-15T11:43:35.257-0400: 198.556: [GC (GCLocker Initiated GC) [PSYoungGen: 161900K->86018K(175104K)] 569357K->511828K(699392K), 0.0134113 secs] [Times: user=0.18 sys=0.00, real=0.01 secs] 
2016-09-15T11:43:35.414-0400: 198.713: [GC (GCLocker Initiated GC) [PSYoungGen: 174082K->55319K(175104K)] 606009K->505910K(699392K), 0.0113835 secs] [Times: user=0.12 sys=0.00, real=0.01 secs] 
2016-09-15T11:43:35.528-0400: 198.827: [GC (GCLocker Initiated GC) [PSYoungGen: 143383K->67437K(175104K)] 594139K->554746K(699392K), 0.0253863 secs] [Times: user=0.28 sys=0.00, real=0.03 secs] 
2016-09-15T11:43:35.553-0400: 198.852: [Full GC (Ergonomics) [PSYoungGen: 67437K->0K(175104K)] [ParOldGen: 487309K->60590K(524288K)] 554746K->60590K(699392K), [Metaspace: 44493K->44493K(1087488K)], 0.0702348 secs] [Times: user=0.53 sys=0.01, real=0.07 secs] 
2016-09-15T11:43:35.742-0400: 199.041: [GC (GCLocker Initiated GC) [PSYoungGen: 88064K->86570K(175104K)] 148871K->153452K(699392K), 0.0095077 secs] [Times: user=0.12 sys=0.00, real=0.01 secs] 
2016-09-15T11:43:35.874-0400: 199.173: [GC (GCLocker Initiated GC) [PSYoungGen: 174634K->61490K(175104K)] 241619K->177967K(699392K), 0.0108200 secs] [Times: user=0.14 sys=0.00, real=0.01 secs] 
2016-09-15T11:43:36.011-0400: 199.310: [GC (GCLocker Initiated GC) [PSYoungGen: 149554K->85790K(175104K)] 266297K->226961K(699392K), 0.0111115 secs] [Times: user=0.15 sys=0.00, real=0.01 secs] 
2016-09-15T11:43:36.141-0400: 199.440: [GC (GCLocker Initiated GC) [PSYoungGen: 173854K->73704K(175104K)] 315335K->270012K(699392K), 0.0118309 secs] [Times: user=0.17 sys=0.01, real=0.01 secs] 
2016-09-15T11:43:36.268-0400: 199.567: [GC (GCLocker Initiated GC) [PSYoungGen: 161768K->85822K(175104K)] 358308K->331261K(699392K), 0.0201088 secs] [Times: user=0.29 sys=0.02, real=0.02 secs] 
2016-09-15T11:43:36.413-0400: 199.712: [GC (GCLocker Initiated GC) [PSYoungGen: 173886K->43496K(175104K)] 419463K->325659K(699392K), 0.0099612 secs] [Times: user=0.11 sys=0.00, real=0.01 secs] 
2016-09-15T11:43:36.514-0400: 199.813: [GC (Allocation Failure) [PSYoungGen: 131560K->85822K(175104K)] 413888K->435282K(699392K), 0.0118944 secs] [Times: user=0.19 sys=0.00, real=0.01 secs] 
2016-09-15T11:43:36.650-0400: 199.949: [GC (GCLocker Initiated GC) [PSYoungGen: 173886K->79779K(175104K)] 523351K->484227K(699392K), 0.0116852 secs] [Times: user=0.18 sys=0.00, real=0.01 secs] 
2016-09-15T11:43:36.791-0400: 200.090: [GC (GCLocker Initiated GC) [PSYoungGen: 167843K->49212K(175104K)] 578638K->478523K(699392K), 0.0081642 secs] [Times: user=0.11 sys=0.00, real=0.01 secs] 
2016-09-15T11:43:36.895-0400: 200.194: [GC (Allocation Failure) [PSYoungGen: 137276K->73672K(175104K)] 567345K->534416K(699392K), 0.0117165 secs] [Times: user=0.18 sys=0.00, real=0.01 secs] 
2016-09-15T11:43:36.907-0400: 200.206: [Full GC (Ergonomics) [PSYoungGen: 73672K->0K(175104K)] [ParOldGen: 460743K->48756K(524288K)] 534416K->48756K(699392K), [Metaspace: 44493K->44493K(1087488K)], 0.0490664 secs] [Times: user=0.38 sys=0.01, real=0.06 secs] 
2016-09-15T11:43:37.075-0400: 200.374: [GC (GCLocker Initiated GC) [PSYoungGen: 88064K->85790K(175104K)] 136825K->134552K(699392K), 0.0099310 secs] [Times: user=0.12 sys=0.00, real=0.01 secs] 
2016-09-15T11:43:37.207-0400: 200.506: [GC (GCLocker Initiated GC) [PSYoungGen: 173854K->85854K(175104K)] 222893K->177718K(699392K), 0.0109330 secs] [Times: user=0.14 sys=0.01, real=0.02 secs] 
2016-09-15T11:43:37.339-0400: 200.638: [GC (GCLocker Initiated GC) [PSYoungGen: 173918K->37521K(175104K)] 272006K->153962K(699392K), 0.0174060 secs] [Times: user=0.18 sys=0.01, real=0.02 secs] 
2016-09-15T11:43:37.463-0400: 200.762: [GC (GCLocker Initiated GC) [PSYoungGen: 125585K->79683K(175104K)] 248183K->202556K(699392K), 0.0082097 secs] [Times: user=0.07 sys=0.00, real=0.01 secs] 
2016-09-15T11:43:37.606-0400: 200.905: [GC (Allocation Failure) [PSYoungGen: 167747K->36902K(175104K)] 296726K->202434K(699392K), 0.0092314 secs] [Times: user=0.09 sys=0.01, real=0.01 secs] 
2016-09-15T11:43:37.716-0400: 201.014: [GC (GCLocker Initiated GC) [PSYoungGen: 124962K->85790K(175104K)] 290500K->282002K(699392K), 0.0117709 secs] [Times: user=0.12 sys=0.00, real=0.01 secs] 
2016-09-15T11:43:37.849-0400: 201.148: [GC (GCLocker Initiated GC) [PSYoungGen: 173854K->55287K(175104K)] 376177K->282209K(699392K), 0.0220712 secs] [Times: user=0.23 sys=0.00, real=0.02 secs] 
2016-09-15T11:43:37.995-0400: 201.294: [GC (GCLocker Initiated GC) [PSYoungGen: 143351K->73640K(175104K)] 370449K->301022K(699392K), 0.0258735 secs] [Times: user=0.26 sys=0.00, real=0.03 secs] 
2016-09-15T11:43:38.118-0400: 201.417: [GC (Allocation Failure) [PSYoungGen: 161704K->79651K(175104K)] 389435K->325891K(699392K), 0.0142980 secs] [Times: user=0.13 sys=0.01, real=0.01 secs] 
2016-09-15T11:43:38.133-0400: 201.432: [GC (GCLocker Initiated GC) [PSYoungGen: 79672K->96K(175104K)] 325912K->313483K(699392K), 0.0093098 secs] [Times: user=0.06 sys=0.00, real=0.01 secs] 
2016-09-15T11:43:38.253-0400: 201.551: [GC (GCLocker Initiated GC) [PSYoungGen: 88160K->73640K(175104K)] 401553K->387041K(699392K), 0.0105023 secs] [Times: user=0.10 sys=0.00, real=0.01 secs] 
2016-09-15T11:43:38.390-0400: 201.689: [GC (GCLocker Initiated GC) [PSYoungGen: 161704K->73804K(175104K)] 475466K->406363K(699392K), 0.0086259 secs] [Times: user=0.11 sys=0.00, real=0.01 secs] 
2016-09-15T11:43:38.535-0400: 201.834: [GC (GCLocker Initiated GC) [PSYoungGen: 161868K->36834K(175104K)] 500683K->394149K(699392K), 0.0093607 secs] [Times: user=0.08 sys=0.00, real=0.01 secs] 
2016-09-15T11:43:38.693-0400: 201.992: [GC (GCLocker Initiated GC) [PSYoungGen: 124898K->79423K(175104K)] 482233K->436885K(699392K), 0.0106280 secs] [Times: user=0.10 sys=0.00, real=0.01 secs] 
2016-09-15T11:43:38.845-0400: 202.144: [GC (GCLocker Initiated GC) [PSYoungGen: 167487K->85630K(175104K)] 525293K->455674K(699392K), 0.0358049 secs] [Times: user=0.40 sys=0.00, real=0.04 secs] 
2016-09-15T11:43:38.999-0400: 202.298: [GC (GCLocker Initiated GC) [PSYoungGen: 173694K->73836K(175104K)] 543824K->462499K(699392K), 0.0106577 secs] [Times: user=0.13 sys=0.00, real=0.01 secs] 
2016-09-15T11:43:39.107-0400: 202.406: [GC (GCLocker Initiated GC) [PSYoungGen: 161900K->85790K(175104K)] 550700K->517414K(699392K), 0.0127021 secs] [Times: user=0.18 sys=0.01, real=0.02 secs] 
2016-09-15T11:43:39.239-0400: 202.538: [GC (GCLocker Initiated GC) [PSYoungGen: 173854K->55547K(175104K)] 605610K->548180K(699392K), 0.0114447 secs] [Times: user=0.17 sys=0.00, real=0.01 secs] 
2016-09-15T11:43:39.251-0400: 202.550: [Full GC (Ergonomics) [PSYoungGen: 55547K->0K(175104K)] [ParOldGen: 492633K->54569K(524288K)] 548180K->54569K(699392K), [Metaspace: 44493K->44493K(1087488K)], 0.0553718 secs] [Times: user=0.41 sys=0.02, real=0.05 secs] 
2016-09-15T11:43:39.400-0400: 202.699: [GC (GCLocker Initiated GC) [PSYoungGen: 88064K->86794K(175104K)] 148713K->153518K(699392K), 0.0104773 secs] [Times: user=0.16 sys=0.00, real=0.01 secs] 
2016-09-15T11:43:39.507-0400: 202.806: [GC (GCLocker Initiated GC) [PSYoungGen: 174858K->67597K(175104K)] 241876K->208671K(699392K), 0.0127956 secs] [Times: user=0.21 sys=0.01, real=0.02 secs] 
2016-09-15T11:43:39.643-0400: 202.942: [GC (Allocation Failure) [PSYoungGen: 155661K->73772K(175104K)] 303154K->239634K(699392K), 0.0144055 secs] [Times: user=0.22 sys=0.00, real=0.02 secs] 
2016-09-15T11:43:39.810-0400: 203.109: [GC (GCLocker Initiated GC) [PSYoungGen: 157662K->55283K(175104K)] 329599K->245940K(699392K), 0.0088192 secs] [Times: user=0.13 sys=0.00, real=0.01 secs] 
2016-09-15T11:43:39.988-0400: 203.287: [GC (GCLocker Initiated GC) [PSYoungGen: 143347K->67273K(175104K)] 340127K->264172K(699392K), 0.0077925 secs] [Times: user=0.08 sys=0.00, real=0.01 secs] 
2016-09-15T11:43:40.121-0400: 203.420: [GC (Allocation Failure) [PSYoungGen: 155337K->67565K(175104K)] 352524K->307397K(699392K), 0.0099102 secs] [Times: user=0.15 sys=0.00, real=0.01 secs] 
2016-09-15T11:43:40.251-0400: 203.550: [GC (GCLocker Initiated GC) [PSYoungGen: 155629K->73704K(175104K)] 395466K->331886K(699392K), 0.0102106 secs] [Times: user=0.15 sys=0.01, real=0.01 secs] 
2016-09-15T11:43:40.392-0400: 203.691: [GC (GCLocker Initiated GC) [PSYoungGen: 161768K->85854K(175104K)] 426219K->399048K(699392K), 0.0113551 secs] [Times: user=0.18 sys=0.00, real=0.01 secs] 
2016-09-15T11:43:40.505-0400: 203.804: [GC (GCLocker Initiated GC) [PSYoungGen: 173918K->80107K(175104K)] 493453K->466619K(699392K), 0.0119648 secs] [Times: user=0.17 sys=0.00, real=0.02 secs] 
2016-09-15T11:43:40.647-0400: 203.946: [GC (GCLocker Initiated GC) [PSYoungGen: 168171K->55611K(175104K)] 560990K->521630K(699392K), 0.0113902 secs] [Times: user=0.17 sys=0.00, real=0.02 secs] 
2016-09-15T11:43:40.658-0400: 203.957: [Full GC (Ergonomics) [PSYoungGen: 55611K->0K(175104K)] [ParOldGen: 466019K->55207K(524288K)] 521630K->55207K(699392K), [Metaspace: 44499K->44499K(1087488K)], 0.0578917 secs] [Times: user=0.43 sys=0.00, real=0.06 secs] 
2016-09-15T11:43:40.813-0400: 204.112: [GC (GCLocker Initiated GC) [PSYoungGen: 88064K->86306K(175104K)] 155777K->178319K(699392K), 0.0121894 secs] [Times: user=0.16 sys=0.00, real=0.01 secs] 
2016-09-15T11:43:40.912-0400: 204.211: [GC (GCLocker Initiated GC) [PSYoungGen: 174370K->73704K(175104K)] 266649K->245881K(699392K), 0.0112332 secs] [Times: user=0.17 sys=0.00, real=0.01 secs] 
2016-09-15T11:43:41.045-0400: 204.344: [GC (GCLocker Initiated GC) [PSYoungGen: 161768K->49344K(175104K)] 333970K->258247K(699392K), 0.0113244 secs] [Times: user=0.11 sys=0.01, real=0.02 secs] 
2016-09-15T11:43:41.149-0400: 204.448: [GC (GCLocker Initiated GC) [PSYoungGen: 137408K->73544K(175104K)] 346532K->319402K(699392K), 0.0156497 secs] [Times: user=0.20 sys=0.00, real=0.01 secs] 
2016-09-15T11:43:41.290-0400: 204.589: [GC (GCLocker Initiated GC) [PSYoungGen: 161608K->86182K(175104K)] 407799K->375182K(699392K), 0.0192990 secs] [Times: user=0.27 sys=0.00, real=0.02 secs] 
2016-09-15T11:43:41.433-0400: 204.732: [GC (GCLocker Initiated GC) [PSYoungGen: 174246K->85790K(175104K)] 463294K->411595K(699392K), 0.0104433 secs] [Times: user=0.15 sys=0.01, real=0.01 secs] 
2016-09-15T11:43:41.549-0400: 204.848: [GC (GCLocker Initiated GC) [PSYoungGen: 173854K->49116K(175104K)] 505854K->399421K(699392K), 0.0182892 secs] [Times: user=0.19 sys=0.00, real=0.01 secs] 
2016-09-15T11:43:41.687-0400: 204.986: [GC (GCLocker Initiated GC) [PSYoungGen: 137180K->61330K(175104K)] 493610K->442351K(699392K), 0.0161674 secs] [Times: user=0.18 sys=0.00, real=0.02 secs] 
2016-09-15T11:43:41.824-0400: 205.123: [GC (Allocation Failure) [PSYoungGen: 149394K->67241K(175104K)] 530479K->485044K(699392K), 0.0285422 secs] [Times: user=0.26 sys=0.01, real=0.03 secs] 
2016-09-15T11:43:41.973-0400: 205.272: [GC (GCLocker Initiated GC) [PSYoungGen: 155305K->43073K(175104K)] 573114K->503542K(699392K), 0.0159675 secs] [Times: user=0.17 sys=0.00, real=0.02 secs] 
2016-09-15T11:43:41.989-0400: 205.288: [Full GC (Ergonomics) [PSYoungGen: 43073K->0K(175104K)] [ParOldGen: 460469K->40686K(524288K)] 503542K->40686K(699392K), [Metaspace: 44499K->44499K(1087488K)], 0.0896792 secs] [Times: user=0.70 sys=0.01, real=0.09 secs] 
2016-09-15T11:43:42.225-0400: 205.524: [GC (GCLocker Initiated GC) [PSYoungGen: 88064K->86014K(175104K)] 134907K->157157K(699392K), 0.0094731 secs] [Times: user=0.11 sys=0.01, real=0.01 secs] 
2016-09-15T11:43:42.370-0400: 205.669: [GC (GCLocker Initiated GC) [PSYoungGen: 174078K->42909K(175104K)] 251528K->175729K(699392K), 0.0103303 secs] [Times: user=0.09 sys=0.00, real=0.01 secs] 
2016-09-15T11:43:42.483-0400: 205.781: [GC (GCLocker Initiated GC) [PSYoungGen: 130973K->85594K(175104K)] 263947K->243004K(699392K), 0.0098129 secs] [Times: user=0.12 sys=0.00, real=0.01 secs] 
2016-09-15T11:43:42.603-0400: 205.902: [GC (GCLocker Initiated GC) [PSYoungGen: 173658K->86150K(175104K)] 337297K->304631K(699392K), 0.0122344 secs] [Times: user=0.17 sys=0.00, real=0.01 secs] 
2016-09-15T11:43:42.722-0400: 206.021: [GC (GCLocker Initiated GC) [PSYoungGen: 174214K->74068K(175104K)] 393050K->335909K(699392K), 0.0117680 secs] [Times: user=0.17 sys=0.00, real=0.01 secs] 
2016-09-15T11:43:42.877-0400: 206.176: [GC (GCLocker Initiated GC) [PSYoungGen: 162132K->73540K(175104K)] 430297K->360246K(699392K), 0.0081896 secs] [Times: user=0.12 sys=0.00, real=0.00 secs] 
2016-09-15T11:43:43.001-0400: 206.300: [GC (GCLocker Initiated GC) [PSYoungGen: 161604K->85822K(175104K)] 454438K->403123K(699392K), 0.0102059 secs] [Times: user=0.17 sys=0.00, real=0.01 secs] 
2016-09-15T11:43:43.121-0400: 206.420: [GC (GCLocker Initiated GC) [PSYoungGen: 173886K->61686K(175104K)] 491363K->434130K(699392K), 0.0112687 secs] [Times: user=0.14 sys=0.00, real=0.01 secs] 
2016-09-15T11:43:43.254-0400: 206.553: [GC (GCLocker Initiated GC) [PSYoungGen: 149750K->79555K(175104K)] 522386K->488753K(699392K), 0.0126347 secs] [Times: user=0.12 sys=0.00, real=0.01 secs] 
2016-09-15T11:43:43.413-0400: 206.712: [GC (GCLocker Initiated GC) [PSYoungGen: 167619K->37258K(175104K)] 589255K->477214K(699392K), 0.0189493 secs] [Times: user=0.17 sys=0.00, real=0.02 secs] 
2016-09-15T11:43:43.529-0400: 206.828: [GC (GCLocker Initiated GC) [PSYoungGen: 125322K->73380K(175104K)] 565312K->513662K(699392K), 0.0418341 secs] [Times: user=0.48 sys=0.00, real=0.04 secs] 
2016-09-15T11:43:43.677-0400: 206.976: [GC (GCLocker Initiated GC) [PSYoungGen: 161444K->73776K(175104K)] 608140K->532717K(699392K), 0.0200375 secs] [Times: user=0.17 sys=0.00, real=0.02 secs] 
2016-09-15T11:43:43.697-0400: 206.996: [Full GC (Ergonomics) [PSYoungGen: 73776K->0K(175104K)] [ParOldGen: 458941K->53345K(524288K)] 532717K->53345K(699392K), [Metaspace: 44506K->44506K(1087488K)], 0.0710001 secs] [Times: user=0.39 sys=0.02, real=0.07 secs] 
2016-09-15T11:43:43.891-0400: 207.190: [GC (GCLocker Initiated GC) [PSYoungGen: 88064K->85890K(175104K)] 141658K->145559K(699392K), 0.0155575 secs] [Times: user=0.17 sys=0.00, real=0.01 secs] 
2016-09-15T11:43:44.038-0400: 207.337: [GC (GCLocker Initiated GC) [PSYoungGen: 173954K->55287K(175104K)] 233978K->164187K(699392K), 0.0170596 secs] [Times: user=0.19 sys=0.00, real=0.01 secs] 
2016-09-15T11:43:44.175-0400: 207.474: [GC (Allocation Failure) [PSYoungGen: 143349K->55387K(175104K)] 252605K->182963K(699392K), 0.0108384 secs] [Times: user=0.10 sys=0.01, real=0.01 secs] 
2016-09-15T11:43:44.289-0400: 207.588: [GC (GCLocker Initiated GC) [PSYoungGen: 143451K->73512K(175104K)] 271028K->219597K(699392K), 0.0175789 secs] [Times: user=0.16 sys=0.00, real=0.01 secs] 
2016-09-15T11:43:44.439-0400: 207.738: [GC (GCLocker Initiated GC) [PSYoungGen: 161576K->73448K(175104K)] 319848K->250025K(699392K), 0.0103174 secs] [Times: user=0.09 sys=0.00, real=0.01 secs] 
2016-09-15T11:43:44.597-0400: 207.896: [GC (GCLocker Initiated GC) [PSYoungGen: 161512K->61230K(175104K)] 344251K->292860K(699392K), 0.0094703 secs] [Times: user=0.11 sys=0.00, real=0.00 secs] 
2016-09-15T11:43:44.703-0400: 208.002: [GC (Allocation Failure) [PSYoungGen: 149294K->73640K(175104K)] 380971K->347978K(699392K), 0.0146511 secs] [Times: user=0.16 sys=0.00, real=0.02 secs] 
2016-09-15T11:43:44.839-0400: 208.138: [GC (GCLocker Initiated GC) [PSYoungGen: 161704K->86018K(175104K)] 436048K->384978K(699392K), 0.0145718 secs] [Times: user=0.20 sys=0.00, real=0.01 secs] 
2016-09-15T11:43:44.962-0400: 208.261: [GC (GCLocker Initiated GC) [PSYoungGen: 174082K->55319K(175104K)] 473189K->379182K(699392K), 0.0153698 secs] [Times: user=0.18 sys=0.00, real=0.02 secs] 
2016-09-15T11:43:45.103-0400: 208.402: [GC (GCLocker Initiated GC) [PSYoungGen: 143383K->85758K(175104K)] 467355K->440225K(699392K), 0.0103320 secs] [Times: user=0.13 sys=0.00, real=0.01 secs] 
2016-09-15T11:43:45.248-0400: 208.547: [GC (GCLocker Initiated GC) [PSYoungGen: 173822K->67501K(175104K)] 540598K->477274K(699392K), 0.0108812 secs] [Times: user=0.12 sys=0.00, real=0.01 secs] 
2016-09-15T11:43:45.387-0400: 208.686: [GC (GCLocker Initiated GC) [PSYoungGen: 155565K->55255K(175104K)] 571723K->508163K(699392K), 0.0109457 secs] [Times: user=0.10 sys=0.01, real=0.02 secs] 
2016-09-15T11:43:45.507-0400: 208.805: [GC (GCLocker Initiated GC) [PSYoungGen: 143319K->55123K(175104K)] 602467K->514579K(699392K), 0.0062917 secs] [Times: user=0.09 sys=0.00, real=0.01 secs] 
2016-09-15T11:43:45.513-0400: 208.812: [Full GC (Ergonomics) [PSYoungGen: 55123K->0K(175104K)] [ParOldGen: 459456K->53209K(524288K)] 514579K->53209K(699392K), [Metaspace: 44507K->44507K(1087488K)], 0.0559290 secs] [Times: user=0.45 sys=0.01, real=0.06 secs] 
2016-09-15T11:43:45.682-0400: 208.981: [GC (GCLocker Initiated GC) [PSYoungGen: 88064K->86598K(175104K)] 141443K->146052K(699392K), 0.0100617 secs] [Times: user=0.12 sys=0.00, real=0.01 secs] 
2016-09-15T11:43:45.845-0400: 209.144: [GC (GCLocker Initiated GC) [PSYoungGen: 174662K->37290K(175104K)] 252462K->134423K(699392K), 0.0103147 secs] [Times: user=0.13 sys=0.01, real=0.01 secs] 
2016-09-15T11:43:45.999-0400: 209.298: [GC (Allocation Failure) [PSYoungGen: 125354K->49180K(175104K)] 228894K->152988K(699392K), 0.0080488 secs] [Times: user=0.06 sys=0.01, real=0.00 secs] 
2016-09-15T11:43:46.121-0400: 209.420: [GC (GCLocker Initiated GC) [PSYoungGen: 137244K->55547K(175104K)] 241052K->177879K(699392K), 0.0090014 secs] [Times: user=0.10 sys=0.00, real=0.01 secs] 
2016-09-15T11:43:46.246-0400: 209.545: [GC (GCLocker Initiated GC) [PSYoungGen: 143611K->73704K(175104K)] 278387K->208772K(699392K), 0.0119909 secs] [Times: user=0.17 sys=0.00, real=0.02 secs] 
2016-09-15T11:43:46.402-0400: 209.701: [GC (GCLocker Initiated GC) [PSYoungGen: 161768K->37290K(175104K)] 309133K->184775K(699392K), 0.0097730 secs] [Times: user=0.13 sys=0.00, real=0.01 secs] 
2016-09-15T11:43:46.536-0400: 209.835: [GC (Allocation Failure) [PSYoungGen: 125354K->73544K(175104K)] 272986K->221460K(699392K), 0.0088081 secs] [Times: user=0.08 sys=0.00, real=0.00 secs] 
2016-09-15T11:43:46.663-0400: 209.962: [GC (GCLocker Initiated GC) [PSYoungGen: 161608K->49048K(175104K)] 315599K->227598K(699392K), 0.0338717 secs] [Times: user=0.36 sys=0.00, real=0.04 secs] 
2016-09-15T11:43:46.797-0400: 210.096: [GC (Allocation Failure) [PSYoungGen: 137112K->79619K(175104K)] 315906K->258588K(699392K), 0.0118250 secs] [Times: user=0.13 sys=0.00, real=0.01 secs] 
2016-09-15T11:43:46.904-0400: 210.203: [GC (GCLocker Initiated GC) [PSYoungGen: 167683K->67533K(175104K)] 346658K->289356K(699392K), 0.0124825 secs] [Times: user=0.13 sys=0.00, real=0.02 secs] 
2016-09-15T11:43:47.066-0400: 210.365: [GC (GCLocker Initiated GC) [PSYoungGen: 155597K->67209K(175104K)] 377468K->307393K(699392K), 0.0082186 secs] [Times: user=0.07 sys=0.00, real=0.01 secs] 
2016-09-15T11:43:47.217-0400: 210.516: [GC (GCLocker Initiated GC) [PSYoungGen: 155273K->48920K(175104K)] 401586K->325703K(699392K), 0.0159729 secs] [Times: user=0.16 sys=0.00, real=0.01 secs] 
2016-09-15T11:43:47.318-0400: 210.616: [GC (GCLocker Initiated GC) [PSYoungGen: 136984K->73580K(175104K)] 413772K->405155K(699392K), 0.0198337 secs] [Times: user=0.20 sys=0.00, real=0.02 secs] 
2016-09-15T11:43:47.436-0400: 210.735: [GC (GCLocker Initiated GC) [PSYoungGen: 161644K->73416K(175104K)] 493417K->423674K(699392K), 0.0091872 secs] [Times: user=0.08 sys=0.00, real=0.00 secs] 
2016-09-15T11:43:47.590-0400: 210.889: [GC (GCLocker Initiated GC) [PSYoungGen: 161480K->18741K(175104K)] 530201K->424179K(699392K), 0.0115213 secs] [Times: user=0.10 sys=0.00, real=0.01 secs] 
2016-09-15T11:43:47.738-0400: 211.037: [GC (GCLocker Initiated GC) [PSYoungGen: 106805K->42909K(175104K)] 512279K->448626K(699392K), 0.0303141 secs] [Times: user=0.30 sys=0.00, real=0.03 secs] 
2016-09-15T11:43:47.870-0400: 211.169: [GC (GCLocker Initiated GC) [PSYoungGen: 130973K->73644K(175104K)] 542892K->491741K(699392K), 0.0104531 secs] [Times: user=0.06 sys=0.00, real=0.01 secs] 
2016-09-15T11:43:48.010-0400: 211.309: [GC (GCLocker Initiated GC) [PSYoungGen: 161708K->55383K(175104K)] 592260K->486374K(699392K), 0.0103988 secs] [Times: user=0.11 sys=0.00, real=0.01 secs] 
2016-09-15T11:43:48.113-0400: 211.412: [GC (GCLocker Initiated GC) [PSYoungGen: 143447K->73476K(175104K)] 574626K->504799K(699392K), 0.0147547 secs] [Times: user=0.19 sys=0.00, real=0.02 secs] 
2016-09-15T11:43:48.265-0400: 211.564: [GC (GCLocker Initiated GC) [PSYoungGen: 161540K->49408K(175104K)] 605077K->529522K(699392K), 0.0098401 secs] [Times: user=0.08 sys=0.00, real=0.01 secs] 
2016-09-15T11:43:48.275-0400: 211.574: [Full GC (Ergonomics) [PSYoungGen: 49408K->0K(175104K)] [ParOldGen: 480114K->47325K(524288K)] 529522K->47325K(699392K), [Metaspace: 44507K->44507K(1087488K)], 0.0554214 secs] [Times: user=0.34 sys=0.01, real=0.06 secs] 
2016-09-15T11:43:48.439-0400: 211.738: [GC (GCLocker Initiated GC) [PSYoungGen: 88064K->85822K(175104K)] 135711K->133469K(699392K), 0.0148035 secs] [Times: user=0.16 sys=0.00, real=0.01 secs] 
2016-09-15T11:43:48.553-0400: 211.852: [GC (GCLocker Initiated GC) [PSYoungGen: 173886K->49212K(175104K)] 221581K->133897K(699392K), 0.0098192 secs] [Times: user=0.10 sys=0.00, real=0.01 secs] 
2016-09-15T11:43:48.669-0400: 211.968: [GC (Allocation Failure) [PSYoungGen: 137276K->85790K(175104K)] 222159K->189182K(699392K), 0.0100444 secs] [Times: user=0.10 sys=0.00, real=0.01 secs] 
2016-09-15T11:43:48.792-0400: 212.090: [GC (GCLocker Initiated GC) [PSYoungGen: 173854K->73640K(175104K)] 277252K->238128K(699392K), 0.0112176 secs] [Times: user=0.16 sys=0.01, real=0.01 secs] 
2016-09-15T11:43:48.903-0400: 212.202: [GC (GCLocker Initiated GC) [PSYoungGen: 161704K->55283K(175104K)] 332588K->269008K(699392K), 0.0102349 secs] [Times: user=0.15 sys=0.00, real=0.01 secs] 
2016-09-15T11:43:49.030-0400: 212.329: [GC (GCLocker Initiated GC) [PSYoungGen: 143347K->86150K(175104K)] 357260K->324506K(699392K), 0.0101487 secs] [Times: user=0.16 sys=0.00, real=0.01 secs] 
2016-09-15T11:43:49.168-0400: 212.467: [GC (GCLocker Initiated GC) [PSYoungGen: 174214K->55547K(175104K)] 418787K->336885K(699392K), 0.0195836 secs] [Times: user=0.21 sys=0.00, real=0.02 secs] 
2016-09-15T11:43:49.305-0400: 212.604: [GC (GCLocker Initiated GC) [PSYoungGen: 143611K->73480K(175104K)] 425210K->355346K(699392K), 0.0165455 secs] [Times: user=0.19 sys=0.00, real=0.02 secs] 
2016-09-15T11:43:49.479-0400: 212.778: [GC (GCLocker Initiated GC) [PSYoungGen: 161544K->55643K(175104K)] 455809K->398799K(699392K), 0.0097295 secs] [Times: user=0.14 sys=0.00, real=0.01 secs] 
2016-09-15T11:43:49.608-0400: 212.906: [GC (GCLocker Initiated GC) [PSYoungGen: 143707K->86150K(175104K)] 486956K->447907K(699392K), 0.0082143 secs] [Times: user=0.11 sys=0.01, real=0.02 secs] 
2016-09-15T11:43:49.715-0400: 213.014: [GC (Allocation Failure) [PSYoungGen: 174214K->67437K(175104K)] 536327K->460060K(699392K), 0.0104145 secs] [Times: user=0.11 sys=0.00, real=0.01 secs] 
2016-09-15T11:43:49.842-0400: 213.141: [GC (GCLocker Initiated GC) [PSYoungGen: 150963K->61526K(175104K)] 549662K->496966K(699392K), 0.0218186 secs] [Times: user=0.26 sys=0.01, real=0.02 secs] 
2016-09-15T11:43:49.971-0400: 213.270: [GC (GCLocker Initiated GC) [PSYoungGen: 149590K->54995K(175104K)] 585312K->490985K(699392K), 0.0201694 secs] [Times: user=0.24 sys=0.00, real=0.02 secs] 
2016-09-15T11:43:50.091-0400: 213.390: [GC (GCLocker Initiated GC) [PSYoungGen: 143059K->85826K(175104K)] 579298K->546484K(699392K), 0.0199190 secs] [Times: user=0.24 sys=0.00, real=0.02 secs] 
2016-09-15T11:43:50.111-0400: 213.410: [Full GC (Ergonomics) [PSYoungGen: 85826K->0K(175104K)] [ParOldGen: 460658K->53892K(524288K)] 546484K->53892K(699392K), [Metaspace: 44517K->44517K(1087488K)], 0.0581591 secs] [Times: user=0.46 sys=0.01, real=0.06 secs] 
2016-09-15T11:43:50.320-0400: 213.619: [GC (GCLocker Initiated GC) [PSYoungGen: 88064K->55159K(175104K)] 148235K->115330K(699392K), 0.0184899 secs] [Times: user=0.17 sys=0.00, real=0.02 secs] 
2016-09-15T11:43:50.457-0400: 213.756: [GC (GCLocker Initiated GC) [PSYoungGen: 143223K->73512K(175104K)] 209836K->176858K(699392K), 0.0410803 secs] [Times: user=0.51 sys=0.00, real=0.04 secs] 
2016-09-15T11:43:50.622-0400: 213.921: [GC (GCLocker Initiated GC) [PSYoungGen: 161576K->55906K(175104K)] 271263K->183954K(699392K), 0.0101885 secs] [Times: user=0.15 sys=0.00, real=0.01 secs] 
2016-09-15T11:43:50.719-0400: 214.018: [GC (GCLocker Initiated GC) [PSYoungGen: 143970K->85626K(175104K)] 272183K->238789K(699392K), 0.0097103 secs] [Times: user=0.13 sys=0.00, real=0.01 secs] 
2016-09-15T11:43:50.853-0400: 214.152: [GC (Allocation Failure) [PSYoungGen: 173690K->67665K(175104K)] 332992K->263529K(699392K), 0.0096553 secs] [Times: user=0.10 sys=0.00, real=0.01 secs] 
2016-09-15T11:43:50.975-0400: 214.274: [GC (GCLocker Initiated GC) [PSYoungGen: 150586K->55155K(175104K)] 352526K->300098K(699392K), 0.0106113 secs] [Times: user=0.12 sys=0.00, real=0.01 secs] 
2016-09-15T11:43:51.107-0400: 214.406: [GC (GCLocker Initiated GC) [PSYoungGen: 143219K->55447K(175104K)] 394329K->306661K(699392K), 0.0076321 secs] [Times: user=0.07 sys=0.00, real=0.01 secs] 
2016-09-15T11:43:51.225-0400: 214.524: [GC (GCLocker Initiated GC) [PSYoungGen: 143511K->85758K(175104K)] 394772K->349477K(699392K), 0.0196483 secs] [Times: user=0.23 sys=0.02, real=0.02 secs] 
2016-09-15T11:43:51.338-0400: 214.637: [GC (GCLocker Initiated GC) [PSYoungGen: 173822K->49344K(175104K)] 443809K->362116K(699392K), 0.0163029 secs] [Times: user=0.18 sys=0.02, real=0.01 secs] 
2016-09-15T11:43:51.459-0400: 214.757: [GC (GCLocker Initiated GC) [PSYoungGen: 137408K->86018K(175104K)] 450294K->478226K(699392K), 0.0136658 secs] [Times: user=0.20 sys=0.00, real=0.01 secs] 
2016-09-15T11:43:51.603-0400: 214.902: [GC (GCLocker Initiated GC) [PSYoungGen: 174082K->85594K(175104K)] 572492K->514827K(699392K), 0.0114742 secs] [Times: user=0.16 sys=0.00, real=0.01 secs] 
2016-09-15T11:43:51.761-0400: 215.060: [GC (GCLocker Initiated GC) [PSYoungGen: 173658K->61754K(175104K)] 615190K->564179K(699392K), 0.0155251 secs] [Times: user=0.19 sys=0.00, real=0.02 secs] 
2016-09-15T11:43:51.777-0400: 215.076: [Full GC (Ergonomics) [PSYoungGen: 61754K->0K(175104K)] [ParOldGen: 502425K->47839K(524288K)] 564179K->47839K(699392K), [Metaspace: 44517K->44517K(1087488K)], 0.0573734 secs] [Times: user=0.45 sys=0.00, real=0.05 secs] 
2016-09-15T11:43:51.952-0400: 215.251: [GC (GCLocker Initiated GC) [PSYoungGen: 88064K->74192K(175104K)] 136062K->122190K(699392K), 0.0115584 secs] [Times: user=0.16 sys=0.00, real=0.01 secs] 
2016-09-15T11:43:52.072-0400: 215.371: [GC (GCLocker Initiated GC) [PSYoungGen: 162256K->79747K(175104K)] 210583K->165072K(699392K), 0.0101723 secs] [Times: user=0.12 sys=0.00, real=0.01 secs] 
2016-09-15T11:43:52.211-0400: 215.510: [GC (GCLocker Initiated GC) [PSYoungGen: 167811K->85822K(175104K)] 259258K->207756K(699392K), 0.0091324 secs] [Times: user=0.13 sys=0.01, real=0.01 secs] 
2016-09-15T11:43:52.314-0400: 215.613: [GC (GCLocker Initiated GC) [PSYoungGen: 173886K->55515K(175104K)] 296119K->208531K(699392K), 0.0100204 secs] [Times: user=0.09 sys=0.00, real=0.01 secs] 
2016-09-15T11:43:52.433-0400: 215.732: [GC (GCLocker Initiated GC) [PSYoungGen: 143579K->74000K(175104K)] 303025K->270055K(699392K), 0.0110636 secs] [Times: user=0.17 sys=0.00, real=0.01 secs] 
2016-09-15T11:43:52.546-0400: 215.845: [GC (GCLocker Initiated GC) [PSYoungGen: 162064K->86182K(175104K)] 364477K->313210K(699392K), 0.0128176 secs] [Times: user=0.18 sys=0.00, real=0.02 secs] 
2016-09-15T11:43:52.674-0400: 215.973: [GC (GCLocker Initiated GC) [PSYoungGen: 174246K->55874K(175104K)] 401445K->319659K(699392K), 0.0091616 secs] [Times: user=0.14 sys=0.01, real=0.01 secs] 
2016-09-15T11:43:52.789-0400: 216.088: [GC (Allocation Failure) [PSYoungGen: 143938K->85822K(175104K)] 408016K->356266K(699392K), 0.0099344 secs] [Times: user=0.15 sys=0.00, real=0.01 secs] 
2016-09-15T11:43:52.907-0400: 216.206: [GC (GCLocker Initiated GC) [PSYoungGen: 173886K->74000K(175104K)] 444336K->381043K(699392K), 0.0099261 secs] [Times: user=0.15 sys=0.00, real=0.02 secs] 
2016-09-15T11:43:53.011-0400: 216.310: [GC (GCLocker Initiated GC) [PSYoungGen: 162064K->85758K(175104K)] 469155K->441749K(699392K), 0.0112574 secs] [Times: user=0.18 sys=0.00, real=0.01 secs] 
2016-09-15T11:43:53.122-0400: 216.421: [GC (GCLocker Initiated GC) [PSYoungGen: 173822K->73672K(175104K)] 530073K->490989K(699392K), 0.0118892 secs] [Times: user=0.19 sys=0.00, real=0.01 secs] 
2016-09-15T11:43:53.242-0400: 216.541: [GC (GCLocker Initiated GC) [PSYoungGen: 161736K->86118K(175104K)] 579162K->558550K(699392K), 0.0119957 secs] [Times: user=0.18 sys=0.00, real=0.01 secs] 
2016-09-15T11:43:53.254-0400: 216.553: [Full GC (Ergonomics) [PSYoungGen: 86118K->0K(175104K)] [ParOldGen: 472432K->53916K(524288K)] 558550K->53916K(699392K), [Metaspace: 44517K->44517K(1087488K)], 0.0551149 secs] [Times: user=0.45 sys=0.02, real=0.06 secs] 
2016-09-15T11:43:53.428-0400: 216.727: [GC (GCLocker Initiated GC) [PSYoungGen: 88062K->86438K(175104K)] 154472K->177148K(699392K), 0.0103162 secs] [Times: user=0.14 sys=0.01, real=0.01 secs] 
2016-09-15T11:43:53.564-0400: 216.862: [GC (GCLocker Initiated GC) [PSYoungGen: 174502K->55743K(175104K)] 265237K->183811K(699392K), 0.0089344 secs] [Times: user=0.14 sys=0.01, real=0.01 secs] 
2016-09-15T11:43:53.672-0400: 216.971: [GC (GCLocker Initiated GC) [PSYoungGen: 143807K->85822K(175104K)] 271911K->274828K(699392K), 0.0135912 secs] [Times: user=0.20 sys=0.00, real=0.01 secs] 
2016-09-15T11:43:53.802-0400: 217.101: [GC (GCLocker Initiated GC) [PSYoungGen: 173886K->73672K(175104K)] 362956K->293433K(699392K), 0.0192247 secs] [Times: user=0.23 sys=0.00, real=0.02 secs] 
2016-09-15T11:43:53.922-0400: 217.221: [GC (Allocation Failure) [PSYoungGen: 161736K->79747K(175104K)] 381830K->348773K(699392K), 0.0101847 secs] [Times: user=0.13 sys=0.01, real=0.01 secs] 
2016-09-15T11:43:54.051-0400: 217.349: [GC (GCLocker Initiated GC) [PSYoungGen: 164424K->43624K(175104K)] 439525K->355491K(699392K), 0.0143200 secs] [Times: user=0.15 sys=0.00, real=0.01 secs] 
2016-09-15T11:43:54.175-0400: 217.474: [GC (GCLocker Initiated GC) [PSYoungGen: 131688K->79651K(175104K)] 443838K->392092K(699392K), 0.0074354 secs] [Times: user=0.08 sys=0.00, real=0.01 secs] 
2016-09-15T11:43:54.304-0400: 217.603: [GC (GCLocker Initiated GC) [PSYoungGen: 167715K->68056K(175104K)] 492387K->435405K(699392K), 0.0221013 secs] [Times: user=0.28 sys=0.00, real=0.02 secs] 
2016-09-15T11:43:54.431-0400: 217.730: [GC (GCLocker Initiated GC) [PSYoungGen: 156120K->73512K(175104K)] 523600K->459484K(699392K), 0.0100846 secs] [Times: user=0.08 sys=0.00, real=0.01 secs] 
2016-09-15T11:43:54.555-0400: 217.854: [GC (GCLocker Initiated GC) [PSYoungGen: 161576K->79555K(175104K)] 553671K->496249K(699392K), 0.0188155 secs] [Times: user=0.16 sys=0.00, real=0.02 secs] 
2016-09-15T11:43:54.678-0400: 217.977: [GC (GCLocker Initiated GC) [PSYoungGen: 167619K->85498K(175104K)] 584378K->526832K(699392K), 0.0171119 secs] [Times: user=0.15 sys=0.00, real=0.01 secs] 
2016-09-15T11:43:54.806-0400: 218.105: [GC (GCLocker Initiated GC) [PSYoungGen: 173562K->67697K(175104K)] 615196K->564141K(699392K), 0.0234818 secs] [Times: user=0.22 sys=0.00, real=0.03 secs] 
2016-09-15T11:43:54.830-0400: 218.129: [Full GC (Ergonomics) [PSYoungGen: 67697K->0K(175104K)] [ParOldGen: 496444K->60643K(524288K)] 564141K->60643K(699392K), [Metaspace: 44521K->44521K(1087488K)], 0.0565212 secs] [Times: user=0.30 sys=0.00, real=0.05 secs] 
2016-09-15T11:43:54.996-0400: 218.294: [GC (GCLocker Initiated GC) [PSYoungGen: 88064K->86246K(175104K)] 149006K->153263K(699392K), 0.0105769 secs] [Times: user=0.09 sys=0.00, real=0.01 secs] 
2016-09-15T11:43:55.112-0400: 218.411: [GC (GCLocker Initiated GC) [PSYoungGen: 174310K->61394K(175104K)] 241644K->196248K(699392K), 0.0219823 secs] [Times: user=0.24 sys=0.00, real=0.02 secs] 
2016-09-15T11:43:55.250-0400: 218.549: [GC (GCLocker Initiated GC) [PSYoungGen: 149458K->49180K(175104K)] 284589K->220841K(699392K), 0.0097413 secs] [Times: user=0.08 sys=0.00, real=0.01 secs] 
2016-09-15T11:43:55.381-0400: 218.680: [GC (GCLocker Initiated GC) [PSYoungGen: 137244K->61654K(175104K)] 315286K->239839K(699392K), 0.0061305 secs] [Times: user=0.09 sys=0.00, real=0.00 secs] 
2016-09-15T11:43:55.491-0400: 218.790: [GC (GCLocker Initiated GC) [PSYoungGen: 149718K->73508K(175104K)] 328124K->294770K(699392K), 0.0093721 secs] [Times: user=0.14 sys=0.00, real=0.01 secs] 
2016-09-15T11:43:55.646-0400: 218.945: [GC (GCLocker Initiated GC) [PSYoungGen: 161572K->37418K(175104K)] 401218K->277152K(699392K), 0.0062911 secs] [Times: user=0.07 sys=0.00, real=0.01 secs] 
2016-09-15T11:43:55.767-0400: 219.066: [GC (GCLocker Initiated GC) [PSYoungGen: 125482K->37389K(175104K)] 365347K->277562K(699392K), 0.0066503 secs] [Times: user=0.06 sys=0.00, real=0.01 secs] 
2016-09-15T11:43:55.869-0400: 219.168: [GC (GCLocker Initiated GC) [PSYoungGen: 125453K->73672K(175104K)] 372057K->320402K(699392K), 0.0068517 secs] [Times: user=0.10 sys=0.00, real=0.01 secs] 
2016-09-15T11:43:55.981-0400: 219.280: [GC (GCLocker Initiated GC) [PSYoungGen: 161736K->85954K(175104K)] 408586K->332932K(699392K), 0.0077627 secs] [Times: user=0.10 sys=0.00, real=0.01 secs] 
2016-09-15T11:43:56.094-0400: 219.393: [GC (GCLocker Initiated GC) [PSYoungGen: 174018K->55283K(175104K)] 427224K->357585K(699392K), 0.0141268 secs] [Times: user=0.20 sys=0.00, real=0.02 secs] 
2016-09-15T11:43:56.232-0400: 219.531: [GC (GCLocker Initiated GC) [PSYoungGen: 143347K->61558K(175104K)] 451984K->370291K(699392K), 0.0101227 secs] [Times: user=0.11 sys=0.00, real=0.01 secs] 
2016-09-15T11:43:56.356-0400: 219.655: [GC (GCLocker Initiated GC) [PSYoungGen: 149622K->55287K(175104K)] 458672K->383009K(699392K), 0.0249108 secs] [Times: user=0.25 sys=0.00, real=0.02 secs] 
2016-09-15T11:43:56.500-0400: 219.798: [GC (GCLocker Initiated GC) [PSYoungGen: 143351K->61266K(175104K)] 471137K->419523K(699392K), 0.0338699 secs] [Times: user=0.30 sys=0.00, real=0.03 secs] 
2016-09-15T11:43:56.647-0400: 219.946: [GC (GCLocker Initiated GC) [PSYoungGen: 149330K->80075K(175104K)] 513810K->487364K(699392K), 0.0100964 secs] [Times: user=0.14 sys=0.00, real=0.02 secs] 
2016-09-15T11:43:56.769-0400: 220.068: [GC (Allocation Failure) [PSYoungGen: 168139K->61526K(175104K)] 575559K->481544K(699392K), 0.0120563 secs] [Times: user=0.09 sys=0.00, real=0.01 secs] 
2016-09-15T11:43:56.893-0400: 220.192: [GC (GCLocker Initiated GC) [PSYoungGen: 143991K->30891K(175104K)] 570084K->493693K(699392K), 0.0104750 secs] [Times: user=0.08 sys=0.00, real=0.01 secs] 
2016-09-15T11:43:56.904-0400: 220.203: [Full GC (Ergonomics) [PSYoungGen: 30891K->0K(175104K)] [ParOldGen: 462802K->54004K(524288K)] 493693K->54004K(699392K), [Metaspace: 44521K->44521K(1087488K)], 0.0615479 secs] [Times: user=0.33 sys=0.00, real=0.06 secs] 
2016-09-15T11:43:57.093-0400: 220.392: [GC (GCLocker Initiated GC) [PSYoungGen: 88064K->74028K(175104K)] 154568K->140532K(699392K), 0.0168320 secs] [Times: user=0.17 sys=0.00, real=0.02 secs] 
2016-09-15T11:43:57.239-0400: 220.538: [GC (GCLocker Initiated GC) [PSYoungGen: 162092K->37030K(175104K)] 234864K->134953K(699392K), 0.0194747 secs] [Times: user=0.14 sys=0.00, real=0.02 secs] 
2016-09-15T11:43:57.358-0400: 220.657: [GC (GCLocker Initiated GC) [PSYoungGen: 125094K->43073K(175104K)] 223110K->201959K(699392K), 0.0212574 secs] [Times: user=0.22 sys=0.00, real=0.02 secs] 
2016-09-15T11:43:57.507-0400: 220.806: [GC (GCLocker Initiated GC) [PSYoungGen: 131137K->55647K(175104K)] 302203K->245230K(699392K), 0.0165121 secs] [Times: user=0.18 sys=0.00, real=0.02 secs] 
2016-09-15T11:43:57.636-0400: 220.935: [GC (GCLocker Initiated GC) [PSYoungGen: 143711K->79551K(175104K)] 333448K->306381K(699392K), 0.0136774 secs] [Times: user=0.13 sys=0.00, real=0.01 secs] 
2016-09-15T11:43:57.745-0400: 221.044: [GC (GCLocker Initiated GC) [PSYoungGen: 167615K->43429K(175104K)] 394532K->349473K(699392K), 0.0101084 secs] [Times: user=0.11 sys=0.00, real=0.01 secs] 
2016-09-15T11:43:57.856-0400: 221.155: [GC (GCLocker Initiated GC) [PSYoungGen: 131493K->86086K(175104K)] 443687K->416821K(699392K), 0.0146789 secs] [Times: user=0.20 sys=0.00, real=0.01 secs] 
2016-09-15T11:43:57.999-0400: 221.298: [GC (GCLocker Initiated GC) [PSYoungGen: 174150K->73508K(175104K)] 505122K->441222K(699392K), 0.0111808 secs] [Times: user=0.15 sys=0.00, real=0.01 secs] 
2016-09-15T11:43:58.126-0400: 221.425: [GC (GCLocker Initiated GC) [PSYoungGen: 161571K->55743K(175104K)] 541785K->436092K(699392K), 0.0066427 secs] [Times: user=0.09 sys=0.00, real=0.01 secs] 
2016-09-15T11:43:58.254-0400: 221.553: [GC (Allocation Failure) [PSYoungGen: 143807K->55970K(175104K)] 530530K->442970K(699392K), 0.0064113 secs] [Times: user=0.08 sys=0.00, real=0.01 secs] 
2016-09-15T11:43:58.358-0400: 221.656: [GC (GCLocker Initiated GC) [PSYoungGen: 144034K->73676K(175104K)] 531034K->479028K(699392K), 0.0148641 secs] [Times: user=0.19 sys=0.00, real=0.01 secs] 
2016-09-15T11:43:58.482-0400: 221.781: [GC (GCLocker Initiated GC) [PSYoungGen: 161740K->73772K(175104K)] 573348K->485476K(699392K), 0.0172891 secs] [Times: user=0.18 sys=0.00, real=0.02 secs] 
2016-09-15T11:43:58.639-0400: 221.938: [GC (GCLocker Initiated GC) [PSYoungGen: 161836K->73672K(175104K)] 573794K->504318K(699392K), 0.0106431 secs] [Times: user=0.13 sys=0.00, real=0.01 secs] 
2016-09-15T11:43:58.753-0400: 222.052: [GC (GCLocker Initiated GC) [PSYoungGen: 161736K->61426K(175104K)] 592698K->510725K(699392K), 0.0178619 secs] [Times: user=0.16 sys=0.00, real=0.02 secs] 
2016-09-15T11:43:58.868-0400: 222.167: [GC (GCLocker Initiated GC) [PSYoungGen: 149490K->73804K(175104K)] 599161K->560053K(699392K), 0.0116057 secs] [Times: user=0.17 sys=0.00, real=0.01 secs] 
2016-09-15T11:43:58.880-0400: 222.179: [Full GC (Ergonomics) [PSYoungGen: 73804K->0K(175104K)] [ParOldGen: 486249K->60673K(524288K)] 560053K->60673K(699392K), [Metaspace: 44521K->44521K(1087488K)], 0.0567307 secs] [Times: user=0.45 sys=0.01, real=0.06 secs] 
2016-09-15T11:43:59.034-0400: 222.333: [GC (GCLocker Initiated GC) [PSYoungGen: 88064K->86078K(175104K)] 155061K->171300K(699392K), 0.0100474 secs] [Times: user=0.16 sys=0.00, real=0.01 secs] 
2016-09-15T11:43:59.128-0400: 222.427: [GC (GCLocker Initiated GC) [PSYoungGen: 174142K->55579K(175104K)] 259714K->226796K(699392K), 0.0103095 secs] [Times: user=0.15 sys=0.01, real=0.01 secs] 
2016-09-15T11:43:59.254-0400: 222.553: [GC (Allocation Failure) [PSYoungGen: 143643K->55711K(175104K)] 321191K->270157K(699392K), 0.0095498 secs] [Times: user=0.15 sys=0.00, real=0.01 secs] 
2016-09-15T11:43:59.362-0400: 222.661: [GC (GCLocker Initiated GC) [PSYoungGen: 143775K->85822K(175104K)] 358226K->324749K(699392K), 0.0099015 secs] [Times: user=0.15 sys=0.00, real=0.01 secs] 
2016-09-15T11:43:59.496-0400: 222.795: [GC (Allocation Failure) [PSYoungGen: 173886K->37517K(175104K)] 418951K->319192K(699392K), 0.0086442 secs] [Times: user=0.14 sys=0.00, real=0.00 secs] 
2016-09-15T11:43:59.633-0400: 222.932: [GC (GCLocker Initiated GC) [PSYoungGen: 125581K->55219K(175104K)] 407257K->337170K(699392K), 0.0065959 secs] [Times: user=0.09 sys=0.01, real=0.01 secs] 
2016-09-15T11:43:59.740-0400: 223.039: [GC (GCLocker Initiated GC) [PSYoungGen: 143283K->74295K(175104K)] 425349K->356529K(699392K), 0.0088241 secs] [Times: user=0.14 sys=0.00, real=0.01 secs] 
2016-09-15T11:43:59.858-0400: 223.157: [GC (GCLocker Initiated GC) [PSYoungGen: 162359K->73868K(175104K)] 444954K->393728K(699392K), 0.0106928 secs] [Times: user=0.17 sys=0.00, real=0.01 secs] 
2016-09-15T11:44:00.004-0400: 223.303: [GC (GCLocker Initiated GC) [PSYoungGen: 161932K->38009K(175104K)] 494190K->388777K(699392K), 0.0072453 secs] [Times: user=0.09 sys=0.00, real=0.01 secs] 
2016-09-15T11:44:00.108-0400: 223.407: [GC (GCLocker Initiated GC) [PSYoungGen: 126073K->85758K(175104K)] 477174K->461794K(699392K), 0.0091926 secs] [Times: user=0.12 sys=0.00, real=0.01 secs] 
2016-09-15T11:44:00.230-0400: 223.529: [GC (GCLocker Initiated GC) [PSYoungGen: 173822K->61522K(175104K)] 562307K->517156K(699392K), 0.0108418 secs] [Times: user=0.12 sys=0.00, real=0.01 secs] 
2016-09-15T11:44:00.241-0400: 223.540: [Full GC (Ergonomics) [PSYoungGen: 61522K->0K(175104K)] [ParOldGen: 455634K->60481K(524288K)] 517156K->60481K(699392K), [Metaspace: 44522K->44522K(1087488K)], 0.0520162 secs] [Times: user=0.39 sys=0.01, real=0.05 secs] 
2016-09-15T11:44:00.400-0400: 223.699: [GC (GCLocker Initiated GC) [PSYoungGen: 88064K->80039K(175104K)] 148761K->140736K(699392K), 0.0120512 secs] [Times: user=0.09 sys=0.00, real=0.01 secs] 
2016-09-15T11:44:00.497-0400: 223.796: [GC (GCLocker Initiated GC) [PSYoungGen: 168103K->85822K(175104K)] 228858K->208219K(699392K), 0.0139145 secs] [Times: user=0.20 sys=0.01, real=0.01 secs] 
2016-09-15T11:44:00.617-0400: 223.916: [GC (GCLocker Initiated GC) [PSYoungGen: 173886K->49372K(175104K)] 296288K->244834K(699392K), 0.0103234 secs] [Times: user=0.14 sys=0.00, real=0.00 secs] 
2016-09-15T11:44:00.737-0400: 224.036: [GC (GCLocker Initiated GC) [PSYoungGen: 137436K->73904K(175104K)] 339171K->294188K(699392K), 0.0094980 secs] [Times: user=0.10 sys=0.00, real=0.00 secs] 
2016-09-15T11:44:00.857-0400: 224.156: [GC (GCLocker Initiated GC) [PSYoungGen: 161968K->55351K(175104K)] 382508K->312624K(699392K), 0.0117490 secs] [Times: user=0.09 sys=0.01, real=0.01 secs] 
2016-09-15T11:44:00.974-0400: 224.273: [GC (Allocation Failure) [PSYoungGen: 143415K->67437K(175104K)] 401038K->343388K(699392K), 0.0106334 secs] [Times: user=0.11 sys=0.00, real=0.01 secs] 
2016-09-15T11:44:01.111-0400: 224.410: [GC (GCLocker Initiated GC) [PSYoungGen: 155501K->55639K(175104K)] 431616K->350287K(699392K), 0.0071104 secs] [Times: user=0.06 sys=0.01, real=0.01 secs] 
2016-09-15T11:44:01.241-0400: 224.540: [GC (Allocation Failure) [PSYoungGen: 143703K->55191K(175104K)] 444689K->374653K(699392K), 0.0093888 secs] [Times: user=0.06 sys=0.00, real=0.01 secs] 
2016-09-15T11:44:01.360-0400: 224.659: [GC (GCLocker Initiated GC) [PSYoungGen: 143255K->55615K(175104K)] 462723K->375194K(699392K), 0.0113832 secs] [Times: user=0.12 sys=0.00, real=0.01 secs] 
2016-09-15T11:44:01.480-0400: 224.778: [GC (GCLocker Initiated GC) [PSYoungGen: 143679K->55223K(175104K)] 463424K->375228K(699392K), 0.0265599 secs] [Times: user=0.25 sys=0.00, real=0.02 secs] 
2016-09-15T11:44:01.608-0400: 224.907: [GC (GCLocker Initiated GC) [PSYoungGen: 143287K->67177K(175104K)] 463428K->405631K(699392K), 0.0136639 secs] [Times: user=0.11 sys=0.00, real=0.01 secs] 
2016-09-15T11:44:01.728-0400: 225.027: [GC (GCLocker Initiated GC) [PSYoungGen: 155241K->61686K(175104K)] 493860K->442950K(699392K), 0.0223207 secs] [Times: user=0.24 sys=0.00, real=0.02 secs] 
2016-09-15T11:44:01.877-0400: 225.176: [GC (GCLocker Initiated GC) [PSYoungGen: 149750K->43009K(175104K)] 531066K->455115K(699392K), 0.0322494 secs] [Times: user=0.41 sys=0.00, real=0.03 secs] 
2016-09-15T11:44:02.013-0400: 225.312: [GC (GCLocker Initiated GC) [PSYoungGen: 131073K->85822K(175104K)] 543238K->534713K(699392K), 0.0156811 secs] [Times: user=0.17 sys=0.01, real=0.02 secs] 
2016-09-15T11:44:02.161-0400: 225.460: [Full GC (Ergonomics) [PSYoungGen: 173886K->0K(175104K)] [ParOldGen: 455119K->42089K(524288K)] 629005K->42089K(699392K), [Metaspace: 44523K->44523K(1087488K)], 0.0563468 secs] [Times: user=0.29 sys=0.01, real=0.06 secs] 
2016-09-15T11:44:02.336-0400: 225.635: [GC (GCLocker Initiated GC) [PSYoungGen: 86532K->86310K(175104K)] 134697K->134474K(699392K), 0.0101246 secs] [Times: user=0.08 sys=0.00, real=0.00 secs] 
2016-09-15T11:44:02.477-0400: 225.776: [GC (GCLocker Initiated GC) [PSYoungGen: 174374K->61426K(175104K)] 222625K->140919K(699392K), 0.0108819 secs] [Times: user=0.10 sys=0.00, real=0.01 secs] 
2016-09-15T11:44:02.617-0400: 225.916: [GC (GCLocker Initiated GC) [PSYoungGen: 149490K->73772K(175104K)] 229327K->171954K(699392K), 0.0171977 secs] [Times: user=0.19 sys=0.00, real=0.01 secs] 
2016-09-15T11:44:02.757-0400: 226.056: [GC (GCLocker Initiated GC) [PSYoungGen: 161836K->67501K(175104K)] 260076K->184273K(699392K), 0.0217144 secs] [Times: user=0.26 sys=0.00, real=0.02 secs] 
2016-09-15T11:44:02.907-0400: 226.206: [GC (GCLocker Initiated GC) [PSYoungGen: 155565K->871K(175104K)] 296858K->178719K(699392K), 0.0252344 secs] [Times: user=0.29 sys=0.00, real=0.03 secs] 
2016-09-15T11:44:03.043-0400: 226.342: [GC (GCLocker Initiated GC) [PSYoungGen: 88935K->73348K(175104K)] 266825K->251528K(699392K), 0.0257098 secs] [Times: user=0.25 sys=0.00, real=0.03 secs] 
2016-09-15T11:44:03.193-0400: 226.492: [GC (GCLocker Initiated GC) [PSYoungGen: 161412K->61658K(175104K)] 339640K->258222K(699392K), 0.0197748 secs] [Times: user=0.18 sys=0.00, real=0.02 secs] 
2016-09-15T11:44:03.311-0400: 226.610: [GC (GCLocker Initiated GC) [PSYoungGen: 149722K->49408K(175104K)] 352404K->319551K(699392K), 0.0098925 secs] [Times: user=0.11 sys=0.00, real=0.01 secs] 
2016-09-15T11:44:03.454-0400: 226.753: [GC (GCLocker Initiated GC) [PSYoungGen: 137472K->55387K(175104K)] 419985K->368535K(699392K), 0.0146024 secs] [Times: user=0.15 sys=0.00, real=0.02 secs] 
2016-09-15T11:44:03.612-0400: 226.911: [GC (GCLocker Initiated GC) [PSYoungGen: 143451K->55191K(175104K)] 462900K->374891K(699392K), 0.0132985 secs] [Times: user=0.16 sys=0.01, real=0.01 secs] 
2016-09-15T11:44:03.731-0400: 227.030: [GC (GCLocker Initiated GC) [PSYoungGen: 143255K->85858K(175104K)] 463317K->412270K(699392K), 0.0095385 secs] [Times: user=0.08 sys=0.00, real=0.01 secs] 
2016-09-15T11:44:03.888-0400: 227.187: [GC (GCLocker Initiated GC) [PSYoungGen: 173922K->37354K(175104K)] 506746K->419085K(699392K), 0.0170173 secs] [Times: user=0.17 sys=0.00, real=0.01 secs] 
2016-09-15T11:44:04.018-0400: 227.317: [GC (GCLocker Initiated GC) [PSYoungGen: 125418K->67405K(175104K)] 507179K->449426K(699392K), 0.0104064 secs] [Times: user=0.09 sys=0.00, real=0.01 secs] 
2016-09-15T11:44:04.138-0400: 227.437: [GC (GCLocker Initiated GC) [PSYoungGen: 155469K->67501K(175104K)] 543607K->474155K(699392K), 0.0097539 secs] [Times: user=0.11 sys=0.00, real=0.00 secs] 
2016-09-15T11:44:04.263-0400: 227.562: [GC (GCLocker Initiated GC) [PSYoungGen: 155565K->43005K(175104K)] 562294K->498618K(699392K), 0.0169005 secs] [Times: user=0.18 sys=0.00, real=0.02 secs] 
2016-09-15T11:44:04.281-0400: 227.579: [Full GC (Ergonomics) [PSYoungGen: 43005K->0K(175104K)] [ParOldGen: 455613K->54317K(524288K)] 498618K->54317K(699392K), [Metaspace: 44523K->44523K(1087488K)], 0.0546047 secs] [Times: user=0.33 sys=0.02, real=0.05 secs] 
2016-09-15T11:44:04.453-0400: 227.752: [GC (GCLocker Initiated GC) [PSYoungGen: 88064K->74384K(175104K)] 148576K->134896K(699392K), 0.0083655 secs] [Times: user=0.08 sys=0.00, real=0.01 secs] 
2016-09-15T11:44:04.582-0400: 227.881: [GC (GCLocker Initiated GC) [PSYoungGen: 162448K->61326K(175104K)] 223002K->195772K(699392K), 0.0110722 secs] [Times: user=0.16 sys=0.00, real=0.01 secs] 
2016-09-15T11:44:04.690-0400: 227.989: [GC (GCLocker Initiated GC) [PSYoungGen: 149390K->73640K(175104K)] 290234K->245002K(699392K), 0.0097605 secs] [Times: user=0.11 sys=0.01, real=0.01 secs] 
2016-09-15T11:44:04.820-0400: 228.119: [GC (GCLocker Initiated GC) [PSYoungGen: 161704K->73804K(175104K)] 333350K->263990K(699392K), 0.0079109 secs] [Times: user=0.11 sys=0.00, real=0.01 secs] 
2016-09-15T11:44:04.926-0400: 228.225: [GC (GCLocker Initiated GC) [PSYoungGen: 161868K->73672K(175104K)] 358181K->306751K(699392K), 0.0106562 secs] [Times: user=0.16 sys=0.00, real=0.02 secs] 
2016-09-15T11:44:05.066-0400: 228.365: [GC (Allocation Failure) [PSYoungGen: 161736K->67537K(175104K)] 395108K->313163K(699392K), 0.0087256 secs] [Times: user=0.07 sys=0.00, real=0.01 secs] 
2016-09-15T11:44:05.184-0400: 228.483: [GC (GCLocker Initiated GC) [PSYoungGen: 151537K->43201K(175104K)] 403238K->331627K(699392K), 0.0100280 secs] [Times: user=0.10 sys=0.00, real=0.01 secs] 
2016-09-15T11:44:05.314-0400: 228.613: [GC (GCLocker Initiated GC) [PSYoungGen: 131265K->73612K(175104K)] 425841K->368291K(699392K), 0.0258696 secs] [Times: user=0.28 sys=0.01, real=0.03 secs] 
2016-09-15T11:44:05.475-0400: 228.774: [GC (GCLocker Initiated GC) [PSYoungGen: 161676K->67469K(175104K)] 456677K->380955K(699392K), 0.0090288 secs] [Times: user=0.09 sys=0.00, real=0.01 secs] 
2016-09-15T11:44:05.613-0400: 228.912: [GC (Allocation Failure) [PSYoungGen: 155533K->61430K(175104K)] 475259K->399469K(699392K), 0.0123883 secs] [Times: user=0.11 sys=0.00, real=0.01 secs] 
2016-09-15T11:44:05.717-0400: 229.016: [GC (GCLocker Initiated GC) [PSYoungGen: 148466K->61362K(175104K)] 492580K->442217K(699392K), 0.0110961 secs] [Times: user=0.10 sys=0.00, real=0.01 secs] 
2016-09-15T11:44:05.853-0400: 229.152: [GC (GCLocker Initiated GC) [PSYoungGen: 149426K->79719K(175104K)] 542479K->491280K(699392K), 0.0148601 secs] [Times: user=0.16 sys=0.00, real=0.02 secs] 
2016-09-15T11:44:06.009-0400: 229.308: [GC (GCLocker Initiated GC) [PSYoungGen: 167783K->61070K(175104K)] 579554K->515798K(699392K), 0.0107890 secs] [Times: user=0.09 sys=0.00, real=0.01 secs] 
2016-09-15T11:44:06.133-0400: 229.432: [Full GC (Ergonomics) [PSYoungGen: 149134K->0K(175104K)] [ParOldGen: 460962K->54748K(524288K)] 610096K->54748K(699392K), [Metaspace: 44523K->44523K(1087488K)], 0.0659342 secs] [Times: user=0.42 sys=0.00, real=0.07 secs] 
2016-09-15T11:44:06.289-0400: 229.588: [GC (GCLocker Initiated GC) [PSYoungGen: 85360K->80423K(175104K)] 146184K->141246K(699392K), 0.0162538 secs] [Times: user=0.16 sys=0.00, real=0.01 secs] 
2016-09-15T11:44:06.402-0400: 229.701: [GC (GCLocker Initiated GC) [PSYoungGen: 168487K->67633K(175104K)] 229369K->147691K(699392K), 0.0101125 secs] [Times: user=0.09 sys=0.00, real=0.01 secs] 
2016-09-15T11:44:06.553-0400: 229.852: [GC (GCLocker Initiated GC) [PSYoungGen: 155697K->55383K(175104K)] 242001K->196646K(699392K), 0.0152208 secs] [Times: user=0.19 sys=0.00, real=0.02 secs] 
2016-09-15T11:44:06.679-0400: 229.978: [GC (GCLocker Initiated GC) [PSYoungGen: 143447K->73840K(175104K)] 284727K->227537K(699392K), 0.0080613 secs] [Times: user=0.09 sys=0.00, real=0.00 secs] 
2016-09-15T11:44:06.812-0400: 230.111: [GC (GCLocker Initiated GC) [PSYoungGen: 161904K->61070K(175104K)] 321813K->233560K(699392K), 0.0104545 secs] [Times: user=0.10 sys=0.00, real=0.01 secs] 
2016-09-15T11:44:06.929-0400: 230.228: [GC (GCLocker Initiated GC) [PSYoungGen: 149134K->67697K(175104K)] 321823K->301280K(699392K), 0.0113059 secs] [Times: user=0.14 sys=0.00, real=0.01 secs] 
2016-09-15T11:44:07.083-0400: 230.382: [GC (GCLocker Initiated GC) [PSYoungGen: 155761K->73640K(175104K)] 389565K->350277K(699392K), 0.0100052 secs] [Times: user=0.14 sys=0.00, real=0.01 secs] 
2016-09-15T11:44:07.213-0400: 230.511: [GC (GCLocker Initiated GC) [PSYoungGen: 161704K->79911K(175104K)] 438439K->374990K(699392K), 0.0129930 secs] [Times: user=0.14 sys=0.00, real=0.01 secs] 
2016-09-15T11:44:07.335-0400: 230.634: [GC (GCLocker Initiated GC) [PSYoungGen: 167975K->61490K(175104K)] 469446K->424026K(699392K), 0.0104733 secs] [Times: user=0.13 sys=0.00, real=0.01 secs] 
2016-09-15T11:44:07.469-0400: 230.768: [GC (GCLocker Initiated GC) [PSYoungGen: 149554K->55387K(175104K)] 518475K->442785K(699392K), 0.0101563 secs] [Times: user=0.08 sys=0.00, real=0.01 secs] 
2016-09-15T11:44:07.606-0400: 230.905: [GC (GCLocker Initiated GC) [PSYoungGen: 143451K->61458K(175104K)] 530969K->485726K(699392K), 0.0096152 secs] [Times: user=0.12 sys=0.00, real=0.02 secs] 
2016-09-15T11:44:07.737-0400: 231.036: [GC (GCLocker Initiated GC) [PSYoungGen: 149522K->55547K(175104K)] 585993K->534663K(699392K), 0.0123546 secs] [Times: user=0.14 sys=0.00, real=0.01 secs] 
2016-09-15T11:44:07.749-0400: 231.048: [Full GC (Ergonomics) [PSYoungGen: 55547K->0K(175104K)] [ParOldGen: 479116K->54898K(524288K)] 534663K->54898K(699392K), [Metaspace: 44525K->44525K(1087488K)], 0.0491969 secs] [Times: user=0.44 sys=0.00, real=0.05 secs] 
2016-09-15T11:44:07.909-0400: 231.208: [GC (GCLocker Initiated GC) [PSYoungGen: 88064K->73672K(175104K)] 143155K->128763K(699392K), 0.0081324 secs] [Times: user=0.12 sys=0.00, real=0.01 secs] 
2016-09-15T11:44:08.042-0400: 231.341: [GC (GCLocker Initiated GC) [PSYoungGen: 161736K->73804K(175104K)] 222931K->153515K(699392K), 0.0100297 secs] [Times: user=0.15 sys=0.00, real=0.01 secs] 
2016-09-15T11:44:08.182-0400: 231.481: [GC (GCLocker Initiated GC) [PSYoungGen: 161868K->61426K(175104K)] 247740K->166011K(699392K), 0.0081374 secs] [Times: user=0.12 sys=0.00, real=0.01 secs] 
2016-09-15T11:44:08.300-0400: 231.599: [GC (Allocation Failure) [PSYoungGen: 149490K->73868K(175104K)] 260365K->227567K(699392K), 0.0112555 secs] [Times: user=0.12 sys=0.00, real=0.01 secs] 
2016-09-15T11:44:08.447-0400: 231.746: [GC (GCLocker Initiated GC) [PSYoungGen: 161932K->73804K(175104K)] 315632K->246184K(699392K), 0.0148327 secs] [Times: user=0.18 sys=0.00, real=0.02 secs] 
2016-09-15T11:44:08.597-0400: 231.896: [GC (Allocation Failure) [PSYoungGen: 161868K->43365K(175104K)] 334301K->234102K(699392K), 0.0099870 secs] [Times: user=0.09 sys=0.00, real=0.00 secs] 
2016-09-15T11:44:08.704-0400: 232.003: [GC (GCLocker Initiated GC) [PSYoungGen: 131429K->61426K(175104K)] 322172K->313187K(699392K), 0.0153313 secs] [Times: user=0.18 sys=0.01, real=0.02 secs] 
2016-09-15T11:44:08.846-0400: 232.145: [GC (GCLocker Initiated GC) [PSYoungGen: 149490K->55547K(175104K)] 401681K->326106K(699392K), 0.0075396 secs] [Times: user=0.10 sys=0.00, real=0.01 secs] 
2016-09-15T11:44:08.974-0400: 232.273: [GC (GCLocker Initiated GC) [PSYoungGen: 143611K->85694K(175104K)] 414402K->381084K(699392K), 0.0128242 secs] [Times: user=0.15 sys=0.00, real=0.01 secs] 
2016-09-15T11:44:09.095-0400: 232.394: [GC (GCLocker Initiated GC) [PSYoungGen: 173758K->61554K(175104K)] 475361K->418107K(699392K), 0.0106623 secs] [Times: user=0.13 sys=0.02, real=0.01 secs] 
2016-09-15T11:44:09.227-0400: 232.526: [GC (GCLocker Initiated GC) [PSYoungGen: 149618K->55579K(175104K)] 512551K->479577K(699392K), 0.0219589 secs] [Times: user=0.24 sys=0.00, real=0.03 secs] 
2016-09-15T11:44:09.361-0400: 232.660: [GC (GCLocker Initiated GC) [PSYoungGen: 143643K->73576K(175104K)] 573892K->504273K(699392K), 0.0148772 secs] [Times: user=0.18 sys=0.01, real=0.01 secs] 
2016-09-15T11:44:09.488-0400: 232.787: [GC (GCLocker Initiated GC) [PSYoungGen: 161640K->73804K(175104K)] 592475K->541232K(699392K), 0.0105264 secs] [Times: user=0.13 sys=0.00, real=0.01 secs] 
2016-09-15T11:44:09.498-0400: 232.797: [Full GC (Ergonomics) [PSYoungGen: 73804K->0K(175104K)] [ParOldGen: 467428K->54940K(524288K)] 541232K->54940K(699392K), [Metaspace: 44525K->44525K(1087488K)], 0.0606334 secs] [Times: user=0.42 sys=0.02, real=0.06 secs] 
2016-09-15T11:44:09.680-0400: 232.979: [GC (GCLocker Initiated GC) [PSYoungGen: 88064K->85982K(175104K)] 143163K->141081K(699392K), 0.0261148 secs] [Times: user=0.29 sys=0.00, real=0.02 secs] 
2016-09-15T11:44:09.839-0400: 233.138: [GC (GCLocker Initiated GC) [PSYoungGen: 174046K->67405K(175104K)] 229310K->147493K(699392K), 0.0307088 secs] [Times: user=0.30 sys=0.00, real=0.03 secs] 
2016-09-15T11:44:10.004-0400: 233.302: [GC (Allocation Failure) [PSYoungGen: 155469K->43105K(175104K)] 241674K->147810K(699392K), 0.0130659 secs] [Times: user=0.14 sys=0.00, real=0.02 secs] 
2016-09-15T11:44:10.120-0400: 233.419: [GC (GCLocker Initiated GC) [PSYoungGen: 131169K->67401K(175104K)] 235886K->227125K(699392K), 0.0149316 secs] [Times: user=0.19 sys=0.00, real=0.01 secs] 
2016-09-15T11:44:10.255-0400: 233.554: [GC (GCLocker Initiated GC) [PSYoungGen: 155465K->85758K(175104K)] 315202K->288147K(699392K), 0.0138517 secs] [Times: user=0.18 sys=0.01, real=0.02 secs] 
2016-09-15T11:44:10.404-0400: 233.703: [GC (GCLocker Initiated GC) [PSYoungGen: 173822K->55383K(175104K)] 388694K->288748K(699392K), 0.0210392 secs] [Times: user=0.20 sys=0.00, real=0.02 secs] 
2016-09-15T11:44:10.561-0400: 233.860: [GC (GCLocker Initiated GC) [PSYoungGen: 143447K->36966K(175104K)] 376943K->288962K(699392K), 0.0066829 secs] [Times: user=0.07 sys=0.00, real=0.00 secs] 
2016-09-15T11:44:10.686-0400: 233.985: [GC (GCLocker Initiated GC) [PSYoungGen: 125030K->73836K(175104K)] 377393K->344576K(699392K), 0.0094956 secs] [Times: user=0.12 sys=0.00, real=0.01 secs] 
2016-09-15T11:44:10.830-0400: 234.129: [GC (GCLocker Initiated GC) [PSYoungGen: 161900K->55579K(175104K)] 438975K->369232K(699392K), 0.0099781 secs] [Times: user=0.12 sys=0.00, real=0.01 secs] 
2016-09-15T11:44:10.974-0400: 234.273: [GC (GCLocker Initiated GC) [PSYoungGen: 143643K->73772K(175104K)] 463603K->394023K(699392K), 0.0258243 secs] [Times: user=0.29 sys=0.01, real=0.03 secs] 
2016-09-15T11:44:11.101-0400: 234.400: [GC (GCLocker Initiated GC) [PSYoungGen: 161836K->85822K(175104K)] 482325K->436977K(699392K), 0.0121736 secs] [Times: user=0.12 sys=0.00, real=0.01 secs] 
2016-09-15T11:44:11.255-0400: 234.554: [GC (GCLocker Initiated GC) [PSYoungGen: 173886K->55255K(175104K)] 531288K->424918K(699392K), 0.0071944 secs] [Times: user=0.06 sys=0.00, real=0.01 secs] 
2016-09-15T11:44:11.400-0400: 234.699: [GC (GCLocker Initiated GC) [PSYoungGen: 143319K->61262K(175104K)] 519290K->437516K(699392K), 0.0135058 secs] [Times: user=0.18 sys=0.00, real=0.01 secs] 
2016-09-15T11:44:11.506-0400: 234.805: [GC (Allocation Failure) [PSYoungGen: 149326K->37126K(175104K)] 538347K->450574K(699392K), 0.0228165 secs] [Times: user=0.26 sys=0.01, real=0.03 secs] 
2016-09-15T11:44:11.650-0400: 234.949: [GC (GCLocker Initiated GC) [PSYoungGen: 125190K->61298K(175104K)] 538644K->475035K(699392K), 0.0140691 secs] [Times: user=0.16 sys=0.00, real=0.01 secs] 
2016-09-15T11:44:11.805-0400: 235.104: [GC (GCLocker Initiated GC) [PSYoungGen: 149362K->85626K(175104K)] 569210K->536117K(699392K), 0.0165323 secs] [Times: user=0.16 sys=0.00, real=0.02 secs] 
2016-09-15T11:44:11.932-0400: 235.231: [GC (GCLocker Initiated GC) [PSYoungGen: 173690K->73480K(175104K)] 624430K->542565K(699392K), 0.0117211 secs] [Times: user=0.10 sys=0.00, real=0.01 secs] 
2016-09-15T11:44:11.943-0400: 235.242: [Full GC (Ergonomics) [PSYoungGen: 73480K->0K(175104K)] [ParOldGen: 469084K->55442K(524288K)] 542565K->55442K(699392K), [Metaspace: 44526K->44526K(1087488K)], 0.0561813 secs] [Times: user=0.30 sys=0.01, real=0.06 secs] 
2016-09-15T11:44:12.110-0400: 235.409: [GC (GCLocker Initiated GC) [PSYoungGen: 88064K->86078K(175104K)] 143632K->147721K(699392K), 0.0078783 secs] [Times: user=0.10 sys=0.00, real=0.01 secs] 
2016-09-15T11:44:12.256-0400: 235.555: [GC (GCLocker Initiated GC) [PSYoungGen: 174142K->73640K(175104K)] 247983K->166433K(699392K), 0.0100748 secs] [Times: user=0.12 sys=0.00, real=0.00 secs] 
2016-09-15T11:44:12.407-0400: 235.706: [GC (Allocation Failure) [PSYoungGen: 161704K->55251K(175104K)] 254808K->197270K(699392K), 0.0103600 secs] [Times: user=0.12 sys=0.00, real=0.02 secs] 
2016-09-15T11:44:12.556-0400: 235.855: [GC (Allocation Failure) [PSYoungGen: 138548K->18936K(175104K)] 280568K->185351K(699392K), 0.0136779 secs] [Times: user=0.13 sys=0.01, real=0.01 secs] 
2016-09-15T11:44:12.684-0400: 235.983: [GC (GCLocker Initiated GC) [PSYoungGen: 102856K->73672K(175104K)] 275346K->246445K(699392K), 0.0103009 secs] [Times: user=0.12 sys=0.00, real=0.01 secs] 
2016-09-15T11:44:12.816-0400: 236.115: [GC (GCLocker Initiated GC) [PSYoungGen: 161736K->85630K(175104K)] 334877K->277115K(699392K), 0.0137863 secs] [Times: user=0.14 sys=0.00, real=0.01 secs] 
2016-09-15T11:44:12.953-0400: 236.252: [GC (GCLocker Initiated GC) [PSYoungGen: 173694K->67729K(175104K)] 371309K->326229K(699392K), 0.0120042 secs] [Times: user=0.15 sys=0.01, real=0.01 secs] 
2016-09-15T11:44:13.064-0400: 236.363: [GC (GCLocker Initiated GC) [PSYoungGen: 155793K->85726K(175104K)] 414341K->417474K(699392K), 0.0123007 secs] [Times: user=0.14 sys=0.00, real=0.02 secs] 
2016-09-15T11:44:13.207-0400: 236.506: [GC (GCLocker Initiated GC) [PSYoungGen: 173790K->31019K(175104K)] 511741K->429832K(699392K), 0.0096078 secs] [Times: user=0.12 sys=0.00, real=0.02 secs] 
2016-09-15T11:44:13.325-0400: 236.624: [GC (GCLocker Initiated GC) [PSYoungGen: 119083K->85726K(175104K)] 518043K->509270K(699392K), 0.0126084 secs] [Times: user=0.13 sys=0.00, real=0.02 secs] 
2016-09-15T11:44:13.470-0400: 236.769: [GC (GCLocker Initiated GC) [PSYoungGen: 173790K->43137K(175104K)] 609616K->515524K(699392K), 0.0111133 secs] [Times: user=0.12 sys=0.00, real=0.01 secs] 
2016-09-15T11:44:13.481-0400: 236.780: [Full GC (Ergonomics) [PSYoungGen: 43137K->0K(175104K)] [ParOldGen: 472387K->55028K(524288K)] 515524K->55028K(699392K), [Metaspace: 44529K->44529K(1087488K)], 0.0573384 secs] [Times: user=0.32 sys=0.01, real=0.06 secs] 
2016-09-15T11:44:13.663-0400: 236.962: [GC (GCLocker Initiated GC) [PSYoungGen: 88064K->74224K(175104K)] 161667K->147827K(699392K), 0.0080168 secs] [Times: user=0.07 sys=0.01, real=0.01 secs] 
2016-09-15T11:44:13.809-0400: 237.108: [GC (Allocation Failure) [PSYoungGen: 162288K->49148K(175104K)] 236240K->160574K(699392K), 0.0219981 secs] [Times: user=0.22 sys=0.01, real=0.02 secs] 
2016-09-15T11:44:13.954-0400: 237.253: [GC (GCLocker Initiated GC) [PSYoungGen: 137212K->73512K(175104K)] 248649K->209345K(699392K), 0.0256375 secs] [Times: user=0.27 sys=0.00, real=0.03 secs] 
2016-09-15T11:44:14.091-0400: 237.390: [GC (GCLocker Initiated GC) [PSYoungGen: 161576K->79783K(175104K)] 297764K->252540K(699392K), 0.0142879 secs] [Times: user=0.14 sys=0.00, real=0.01 secs] 
2016-09-15T11:44:14.236-0400: 237.534: [GC (GCLocker Initiated GC) [PSYoungGen: 167847K->55842K(175104K)] 340626K->265363K(699392K), 0.0117013 secs] [Times: user=0.13 sys=0.00, real=0.01 secs] 
2016-09-15T11:44:14.361-0400: 237.660: [GC (GCLocker Initiated GC) [PSYoungGen: 143906K->73412K(175104K)] 353609K->283397K(699392K), 0.0121566 secs] [Times: user=0.12 sys=0.00, real=0.01 secs] 
2016-09-15T11:44:14.485-0400: 237.784: [GC (GCLocker Initiated GC) [PSYoungGen: 161476K->49376K(175104K)] 371665K->296111K(699392K), 0.0171012 secs] [Times: user=0.19 sys=0.00, real=0.02 secs] 
2016-09-15T11:44:14.606-0400: 237.904: [GC (GCLocker Initiated GC) [PSYoungGen: 137440K->85790K(175104K)] 384468K->339341K(699392K), 0.0092320 secs] [Times: user=0.11 sys=0.01, real=0.01 secs] 
2016-09-15T11:44:14.732-0400: 238.031: [GC (GCLocker Initiated GC) [PSYoungGen: 173854K->79779K(175104K)] 433696K->376410K(699392K), 0.0164590 secs] [Times: user=0.24 sys=0.01, real=0.02 secs] 
2016-09-15T11:44:14.867-0400: 238.166: [GC (GCLocker Initiated GC) [PSYoungGen: 167843K->61554K(175104K)] 464499K->413037K(699392K), 0.0105019 secs] [Times: user=0.12 sys=0.00, real=0.02 secs] 
2016-09-15T11:44:15.003-0400: 238.302: [GC (GCLocker Initiated GC) [PSYoungGen: 149618K->62013K(175104K)] 507178K->438122K(699392K), 0.0287602 secs] [Times: user=0.32 sys=0.00, real=0.03 secs] 
2016-09-15T11:44:15.148-0400: 238.447: [GC (GCLocker Initiated GC) [PSYoungGen: 150077K->73672K(175104K)] 526401K->450662K(699392K), 0.0119951 secs] [Times: user=0.14 sys=0.00, real=0.01 secs] 
2016-09-15T11:44:15.284-0400: 238.583: [GC (GCLocker Initiated GC) [PSYoungGen: 161736K->85662K(175104K)] 538774K->487096K(699392K), 0.0132082 secs] [Times: user=0.14 sys=0.00, real=0.02 secs] 
2016-09-15T11:44:15.435-0400: 238.734: [GC (GCLocker Initiated GC) [PSYoungGen: 173726K->67469K(175104K)] 581277K->535905K(699392K), 0.0150105 secs] [Times: user=0.14 sys=0.00, real=0.02 secs] 
2016-09-15T11:44:15.450-0400: 238.749: [Full GC (Ergonomics) [PSYoungGen: 67469K->0K(175104K)] [ParOldGen: 468436K->55245K(524288K)] 535905K->55245K(699392K), [Metaspace: 44530K->44530K(1087488K)], 0.0618952 secs] [Times: user=0.36 sys=0.01, real=0.06 secs] 
2016-09-15T11:44:15.625-0400: 238.924: [GC (GCLocker Initiated GC) [PSYoungGen: 88064K->86246K(175104K)] 149644K->147826K(699392K), 0.0084749 secs] [Times: user=0.08 sys=0.00, real=0.01 secs] 
2016-09-15T11:44:15.782-0400: 239.081: [GC (GCLocker Initiated GC) [PSYoungGen: 174310K->42973K(175104K)] 242007K->147955K(699392K), 0.0309895 secs] [Times: user=0.37 sys=0.01, real=0.03 secs] 
2016-09-15T11:44:15.908-0400: 239.207: [GC (GCLocker Initiated GC) [PSYoungGen: 131037K->67601K(175104K)] 242282K->184992K(699392K), 0.0126522 secs] [Times: user=0.09 sys=0.00, real=0.01 secs] 
2016-09-15T11:44:16.061-0400: 239.360: [GC (Allocation Failure) [PSYoungGen: 155665K->85658K(175104K)] 273098K->221616K(699392K), 0.0117758 secs] [Times: user=0.16 sys=0.00, real=0.01 secs] 
2016-09-15T11:44:16.196-0400: 239.495: [GC (GCLocker Initiated GC) [PSYoungGen: 173602K->73640K(175104K)] 309688K->228094K(699392K), 0.0099214 secs] [Times: user=0.10 sys=0.00, real=0.00 secs] 
2016-09-15T11:44:16.308-0400: 239.607: [GC (GCLocker Initiated GC) [PSYoungGen: 161704K->37158K(175104K)] 328333K->222319K(699392K), 0.0098455 secs] [Times: user=0.12 sys=0.00, real=0.01 secs] 
2016-09-15T11:44:16.448-0400: 239.747: [GC (GCLocker Initiated GC) [PSYoungGen: 125222K->85822K(175104K)] 316583K->283566K(699392K), 0.0088344 secs] [Times: user=0.12 sys=0.00, real=0.01 secs] 
2016-09-15T11:44:16.607-0400: 239.906: [GC (GCLocker Initiated GC) [PSYoungGen: 173886K->73508K(175104K)] 383850K->332347K(699392K), 0.0109396 secs] [Times: user=0.13 sys=0.00, real=0.02 secs] 
2016-09-15T11:44:16.728-0400: 240.027: [GC (GCLocker Initiated GC) [PSYoungGen: 161570K->49116K(175104K)] 420776K->326650K(699392K), 0.0169167 secs] [Times: user=0.19 sys=0.00, real=0.01 secs] 
2016-09-15T11:44:16.872-0400: 240.171: [GC (GCLocker Initiated GC) [PSYoungGen: 137180K->36966K(175104K)] 414768K->363382K(699392K), 0.0226849 secs] [Times: user=0.20 sys=0.00, real=0.02 secs] 
2016-09-15T11:44:17.020-0400: 240.318: [GC (GCLocker Initiated GC) [PSYoungGen: 125030K->37386K(175104K)] 451667K->430983K(699392K), 0.0214373 secs] [Times: user=0.27 sys=0.01, real=0.02 secs] 
2016-09-15T11:44:17.151-0400: 240.450: [GC (GCLocker Initiated GC) [PSYoungGen: 125450K->37258K(175104K)] 525252K->437335K(699392K), 0.0060877 secs] [Times: user=0.05 sys=0.00, real=0.01 secs] 
2016-09-15T11:44:17.275-0400: 240.574: [GC (GCLocker Initiated GC) [PSYoungGen: 125322K->85726K(175104K)] 525464K->516706K(699392K), 0.0197645 secs] [Times: user=0.21 sys=0.01, real=0.02 secs] 
2016-09-15T11:44:17.427-0400: 240.726: [GC (Allocation Failure) [PSYoungGen: 173790K->61458K(175104K)] 610886K->547282K(699392K), 0.0233401 secs] [Times: user=0.31 sys=0.00, real=0.03 secs] 
2016-09-15T11:44:17.450-0400: 240.749: [Full GC (Ergonomics) [PSYoungGen: 61458K->0K(175104K)] [ParOldGen: 485824K->49187K(524288K)] 547282K->49187K(699392K), [Metaspace: 44532K->44532K(1087488K)], 0.0539060 secs] [Times: user=0.34 sys=0.00, real=0.05 secs] 
2016-09-15T11:44:17.622-0400: 240.921: [GC (GCLocker Initiated GC) [PSYoungGen: 88064K->86014K(175104K)] 137257K->159507K(699392K), 0.0145831 secs] [Times: user=0.20 sys=0.00, real=0.02 secs] 
2016-09-15T11:44:17.748-0400: 241.047: [GC (GCLocker Initiated GC) [PSYoungGen: 174078K->55447K(175104K)] 259869K->196461K(699392K), 0.0119134 secs] [Times: user=0.14 sys=0.00, real=0.01 secs] 
2016-09-15T11:44:17.893-0400: 241.192: [GC (Allocation Failure) [PSYoungGen: 143511K->73676K(175104K)] 284736K->233409K(699392K), 0.0095217 secs] [Times: user=0.09 sys=0.00, real=0.01 secs] 
2016-09-15T11:44:17.903-0400: 241.202: [GC (GCLocker Initiated GC) [PSYoungGen: 73694K->192K(175104K)] 233428K->233531K(699392K), 0.0082221 secs] [Times: user=0.07 sys=0.00, real=0.01 secs] 
2016-09-15T11:44:18.028-0400: 241.327: [GC (Allocation Failure) [PSYoungGen: 88256K->85758K(175104K)] 321595K->331248K(699392K), 0.0089197 secs] [Times: user=0.12 sys=0.00, real=0.01 secs] 
2016-09-15T11:44:18.142-0400: 241.441: [GC (GCLocker Initiated GC) [PSYoungGen: 171792K->61458K(175104K)] 423357K->349952K(699392K), 0.0099412 secs] [Times: user=0.12 sys=0.00, real=0.01 secs] 
2016-09-15T11:44:18.264-0400: 241.562: [GC (GCLocker Initiated GC) [PSYoungGen: 149522K->85854K(175104K)] 438192K->386957K(699392K), 0.0254443 secs] [Times: user=0.36 sys=0.00, real=0.03 secs] 
2016-09-15T11:44:18.426-0400: 241.725: [GC (GCLocker Initiated GC) [PSYoungGen: 173918K->67373K(175104K)] 475242K->387198K(699392K), 0.0145971 secs] [Times: user=0.16 sys=0.00, real=0.02 secs] 
2016-09-15T11:44:18.534-0400: 241.833: [GC (GCLocker Initiated GC) [PSYoungGen: 155437K->79587K(175104K)] 475606K->424340K(699392K), 0.0101454 secs] [Times: user=0.10 sys=0.00, real=0.01 secs] 
2016-09-15T11:44:18.684-0400: 241.983: [GC (GCLocker Initiated GC) [PSYoungGen: 167651K->43101K(175104K)] 518807K->431014K(699392K), 0.0103930 secs] [Times: user=0.13 sys=0.00, real=0.01 secs] 
2016-09-15T11:44:18.813-0400: 242.112: [GC (GCLocker Initiated GC) [PSYoungGen: 131165K->73772K(175104K)] 525279K->467998K(699392K), 0.0200415 secs] [Times: user=0.26 sys=0.00, real=0.02 secs] 
2016-09-15T11:44:18.977-0400: 242.276: [GC (GCLocker Initiated GC) [PSYoungGen: 161836K->19096K(175104K)] 574631K->499048K(699392K), 0.0146152 secs] [Times: user=0.18 sys=0.00, real=0.01 secs] 
2016-09-15T11:44:18.992-0400: 242.291: [Full GC (Ergonomics) [PSYoungGen: 19096K->0K(175104K)] [ParOldGen: 479951K->49369K(524288K)] 499048K->49369K(699392K), [Metaspace: 44532K->44532K(1087488K)], 0.0557974 secs] [Times: user=0.41 sys=0.03, real=0.06 secs] 
2016-09-15T11:44:19.178-0400: 242.477: [GC (Allocation Failure) [PSYoungGen: 88064K->73804K(175104K)] 137654K->123394K(699392K), 0.0069946 secs] [Times: user=0.09 sys=0.00, real=0.00 secs] 
2016-09-15T11:44:19.304-0400: 242.603: [GC (GCLocker Initiated GC) [PSYoungGen: 158640K->55383K(175104K)] 214305K->147774K(699392K), 0.0087555 secs] [Times: user=0.12 sys=0.00, real=0.01 secs] 
2016-09-15T11:44:19.436-0400: 242.735: [GC (GCLocker Initiated GC) [PSYoungGen: 143447K->73804K(175104K)] 236199K->184892K(699392K), 0.0088835 secs] [Times: user=0.10 sys=0.00, real=0.00 secs] 
2016-09-15T11:44:19.556-0400: 242.855: [GC (Allocation Failure) [PSYoungGen: 161868K->73640K(175104K)] 272998K->203302K(699392K), 0.0106601 secs] [Times: user=0.15 sys=0.02, real=0.00 secs] 
2016-09-15T11:44:19.682-0400: 242.981: [GC (GCLocker Initiated GC) [PSYoungGen: 161704K->85854K(175104K)] 291373K->264431K(699392K), 0.0107985 secs] [Times: user=0.17 sys=0.00, real=0.01 secs] 
2016-09-15T11:44:19.818-0400: 243.117: [GC (GCLocker Initiated GC) [PSYoungGen: 173918K->85662K(175104K)] 352598K->282843K(699392K), 0.0110154 secs] [Times: user=0.12 sys=0.00, real=0.01 secs] 
2016-09-15T11:44:19.921-0400: 243.220: [GC (GCLocker Initiated GC) [PSYoungGen: 173726K->67433K(175104K)] 371044K->319733K(699392K), 0.0121108 secs] [Times: user=0.16 sys=0.00, real=0.01 secs] 
2016-09-15T11:44:20.066-0400: 243.365: [GC (GCLocker Initiated GC) [PSYoungGen: 155497K->55255K(175104K)] 408040K->344360K(699392K), 0.0248594 secs] [Times: user=0.29 sys=0.00, real=0.03 secs] 
2016-09-15T11:44:20.222-0400: 243.520: [GC (GCLocker Initiated GC) [PSYoungGen: 143319K->61426K(175104K)] 438708K->393573K(699392K), 0.0088760 secs] [Times: user=0.10 sys=0.00, real=0.01 secs] 
2016-09-15T11:44:20.343-0400: 243.642: [GC (GCLocker Initiated GC) [PSYoungGen: 149490K->67665K(175104K)] 481835K->400153K(699392K), 0.0091630 secs] [Times: user=0.08 sys=0.00, real=0.01 secs] 
2016-09-15T11:44:20.500-0400: 243.799: [GC (Allocation Failure) [PSYoungGen: 155729K->49116K(175104K)] 488315K->418576K(699392K), 0.0174710 secs] [Times: user=0.15 sys=0.00, real=0.02 secs] 
2016-09-15T11:44:20.638-0400: 243.937: [GC (GCLocker Initiated GC) [PSYoungGen: 137180K->67405K(175104K)] 506640K->461253K(699392K), 0.0280765 secs] [Times: user=0.26 sys=0.00, real=0.02 secs] 
2016-09-15T11:44:20.788-0400: 244.087: [GC (Allocation Failure) [PSYoungGen: 155469K->61266K(175104K)] 549554K->473860K(699392K), 0.0107944 secs] [Times: user=0.09 sys=0.00, real=0.02 secs] 
2016-09-15T11:44:20.917-0400: 244.216: [GC (GCLocker Initiated GC) [PSYoungGen: 149330K->61298K(175104K)] 561930K->510640K(699392K), 0.0159246 secs] [Times: user=0.15 sys=0.00, real=0.01 secs] 
2016-09-15T11:44:21.053-0400: 244.352: [GC (GCLocker Initiated GC) [PSYoungGen: 149362K->85594K(175104K)] 598931K->553703K(699392K), 0.0117179 secs] [Times: user=0.16 sys=0.00, real=0.01 secs] 
2016-09-15T11:44:21.064-0400: 244.363: [Full GC (Ergonomics) [PSYoungGen: 85594K->0K(175104K)] [ParOldGen: 468109K->47256K(524288K)] 553703K->47256K(699392K), [Metaspace: 44534K->44534K(1087488K)], 0.0640385 secs] [Times: user=0.42 sys=0.00, real=0.07 secs] 
2016-09-15T11:44:21.247-0400: 244.546: [GC (GCLocker Initiated GC) [PSYoungGen: 88064K->86630K(175104K)] 141498K->152215K(699392K), 0.0259528 secs] [Times: user=0.38 sys=0.00, real=0.03 secs] 
2016-09-15T11:44:21.388-0400: 244.686: [GC (GCLocker Initiated GC) [PSYoungGen: 174694K->67401K(175104K)] 240343K->213032K(699392K), 0.0099818 secs] [Times: user=0.13 sys=0.00, real=0.02 secs] 
2016-09-15T11:44:21.512-0400: 244.811: [GC (GCLocker Initiated GC) [PSYoungGen: 155465K->49536K(175104K)] 307511K->286744K(699392K), 0.0111130 secs] [Times: user=0.13 sys=0.00, real=0.01 secs] 
2016-09-15T11:44:21.644-0400: 244.943: [GC (GCLocker Initiated GC) [PSYoungGen: 137600K->73868K(175104K)] 381121K->317696K(699392K), 0.0104388 secs] [Times: user=0.12 sys=0.00, real=0.01 secs] 
2016-09-15T11:44:21.753-0400: 245.052: [GC (GCLocker Initiated GC) [PSYoungGen: 161932K->79715K(175104K)] 405992K->342316K(699392K), 0.0094370 secs] [Times: user=0.14 sys=0.01, real=0.01 secs] 
2016-09-15T11:44:21.878-0400: 245.177: [GC (GCLocker Initiated GC) [PSYoungGen: 167779K->73868K(175104K)] 436748K->373356K(699392K), 0.0091802 secs] [Times: user=0.11 sys=0.01, real=0.00 secs] 
2016-09-15T11:44:22.015-0400: 245.314: [GC (GCLocker Initiated GC) [PSYoungGen: 161932K->85986K(175104K)] 461546K->410363K(699392K), 0.0142146 secs] [Times: user=0.17 sys=0.00, real=0.02 secs] 
2016-09-15T11:44:22.141-0400: 245.440: [GC (GCLocker Initiated GC) [PSYoungGen: 174050K->61526K(175104K)] 504824K->428870K(699392K), 0.0115564 secs] [Times: user=0.11 sys=0.00, real=0.01 secs] 
2016-09-15T11:44:22.289-0400: 245.588: [GC (Allocation Failure) [PSYoungGen: 149590K->24816K(175104K)] 529310K->441426K(699392K), 0.0083261 secs] [Times: user=0.06 sys=0.00, real=0.01 secs] 
2016-09-15T11:44:22.427-0400: 245.726: [GC (GCLocker Initiated GC) [PSYoungGen: 112880K->79783K(175104K)] 529497K->496683K(699392K), 0.0149710 secs] [Times: user=0.14 sys=0.00, real=0.02 secs] 
2016-09-15T11:44:22.570-0400: 245.869: [GC (GCLocker Initiated GC) [PSYoungGen: 167846K->55123K(175104K)] 585107K->490893K(699392K), 0.0098228 secs] [Times: user=0.10 sys=0.01, real=0.01 secs] 
2016-09-15T11:44:22.687-0400: 245.986: [GC (GCLocker Initiated GC) [PSYoungGen: 143187K->85790K(175104K)] 579279K->528060K(699392K), 0.0254645 secs] [Times: user=0.29 sys=0.00, real=0.03 secs] 
2016-09-15T11:44:22.851-0400: 246.150: [GC (GCLocker Initiated GC) [PSYoungGen: 173854K->49308K(175104K)] 622230K->534434K(699392K), 0.0196827 secs] [Times: user=0.23 sys=0.00, real=0.02 secs] 
2016-09-15T11:44:22.871-0400: 246.170: [Full GC (Ergonomics) [PSYoungGen: 49308K->0K(175104K)] [ParOldGen: 485126K->47744K(524288K)] 534434K->47744K(699392K), [Metaspace: 44537K->44537K(1087488K)], 0.0615400 secs] [Times: user=0.35 sys=0.01, real=0.06 secs] 
2016-09-15T11:44:23.060-0400: 246.359: [GC (GCLocker Initiated GC) [PSYoungGen: 88064K->86146K(175104K)] 142121K->152353K(699392K), 0.0109248 secs] [Times: user=0.10 sys=0.00, real=0.01 secs] 
2016-09-15T11:44:23.197-0400: 246.496: [GC (GCLocker Initiated GC) [PSYoungGen: 174210K->55351K(175104K)] 240784K->195404K(699392K), 0.0179655 secs] [Times: user=0.24 sys=0.00, real=0.01 secs] 
2016-09-15T11:44:23.325-0400: 246.624: [GC (GCLocker Initiated GC) [PSYoungGen: 143415K->61522K(175104K)] 283623K->280848K(699392K), 0.0110778 secs] [Times: user=0.15 sys=0.00, real=0.02 secs] 
2016-09-15T11:44:23.452-0400: 246.751: [GC (GCLocker Initiated GC) [PSYoungGen: 149586K->73904K(175104K)] 375152K->317846K(699392K), 0.0115134 secs] [Times: user=0.14 sys=0.00, real=0.01 secs] 
2016-09-15T11:44:23.594-0400: 246.893: [GC (GCLocker Initiated GC) [PSYoungGen: 161968K->31182K(175104K)] 412296K->318220K(699392K), 0.0194559 secs] [Times: user=0.24 sys=0.00, real=0.02 secs] 
2016-09-15T11:44:23.718-0400: 247.017: [GC (GCLocker Initiated GC) [PSYoungGen: 119246K->61394K(175104K)] 406316K->348746K(699392K), 0.0145963 secs] [Times: user=0.16 sys=0.00, real=0.01 secs] 
2016-09-15T11:44:23.853-0400: 247.152: [GC (GCLocker Initiated GC) [PSYoungGen: 149458K->73672K(175104K)] 437009K->397808K(699392K), 0.0137003 secs] [Times: user=0.19 sys=0.00, real=0.01 secs] 
2016-09-15T11:44:24.009-0400: 247.308: [GC (GCLocker Initiated GC) [PSYoungGen: 161736K->67633K(175104K)] 498227K->404243K(699392K), 0.0105332 secs] [Times: user=0.10 sys=0.00, real=0.01 secs] 
2016-09-15T11:44:24.131-0400: 247.430: [GC (GCLocker Initiated GC) [PSYoungGen: 155697K->61426K(175104K)] 492573K->447365K(699392K), 0.0123538 secs] [Times: user=0.14 sys=0.00, real=0.01 secs] 
2016-09-15T11:44:24.259-0400: 247.558: [GC (GCLocker Initiated GC) [PSYoungGen: 149490K->85986K(175104K)] 535790K->490827K(699392K), 0.0113310 secs] [Times: user=0.12 sys=0.00, real=0.01 secs] 
2016-09-15T11:44:24.414-0400: 247.713: [GC (GCLocker Initiated GC) [PSYoungGen: 174050K->37485K(175104K)] 597286K->479410K(699392K), 0.0079385 secs] [Times: user=0.09 sys=0.00, real=0.01 secs] 
2016-09-15T11:44:24.547-0400: 247.846: [GC (Allocation Failure) [PSYoungGen: 125549K->79683K(175104K)] 567829K->522090K(699392K), 0.0074829 secs] [Times: user=0.11 sys=0.00, real=0.01 secs] 
2016-09-15T11:44:24.677-0400: 247.976: [Full GC (Ergonomics) [PSYoungGen: 166757K->0K(175104K)] [ParOldGen: 448482K->47748K(524288K)] 615239K->47748K(699392K), [Metaspace: 44538K->44538K(1087488K)], 0.0615018 secs] [Times: user=0.39 sys=0.00, real=0.06 secs] 
2016-09-15T11:44:24.864-0400: 248.163: [GC (GCLocker Initiated GC) [PSYoungGen: 88064K->85726K(175104K)] 136050K->164087K(699392K), 0.0107935 secs] [Times: user=0.13 sys=0.00, real=0.01 secs] 
2016-09-15T11:44:25.003-0400: 248.302: [GC (Allocation Failure) [PSYoungGen: 173790K->79683K(175104K)] 258262K->249553K(699392K), 0.0124672 secs] [Times: user=0.20 sys=0.01, real=0.02 secs] 
2016-09-15T11:44:25.117-0400: 248.416: [GC (GCLocker Initiated GC) [PSYoungGen: 162933K->43429K(175104K)] 338878K->262182K(699392K), 0.0081048 secs] [Times: user=0.07 sys=0.01, real=0.00 secs] 
2016-09-15T11:44:25.266-0400: 248.565: [GC (Allocation Failure) [PSYoungGen: 131493K->61134K(175104K)] 350288K->316655K(699392K), 0.0093068 secs] [Times: user=0.10 sys=0.00, real=0.01 secs] 
2016-09-15T11:44:25.404-0400: 248.703: [GC (GCLocker Initiated GC) [PSYoungGen: 148421K->61398K(175104K)] 410018K->347381K(699392K), 0.0444448 secs] [Times: user=0.40 sys=0.00, real=0.05 secs] 
2016-09-15T11:44:25.575-0400: 248.874: [GC (GCLocker Initiated GC) [PSYoungGen: 149462K->73544K(175104K)] 435689K->378263K(699392K), 0.0149584 secs] [Times: user=0.18 sys=0.00, real=0.02 secs] 
2016-09-15T11:44:25.718-0400: 249.017: [GC (GCLocker Initiated GC) [PSYoungGen: 161608K->37226K(175104K)] 478799K->390962K(699392K), 0.0081289 secs] [Times: user=0.07 sys=0.00, real=0.00 secs] 
2016-09-15T11:44:25.839-0400: 249.138: [GC (GCLocker Initiated GC) [PSYoungGen: 125290K->85758K(175104K)] 479186K->464246K(699392K), 0.0140570 secs] [Times: user=0.13 sys=0.00, real=0.01 secs] 
2016-09-15T11:44:25.997-0400: 249.296: [GC (GCLocker Initiated GC) [PSYoungGen: 173822K->19032K(175104K)] 570761K->464676K(699392K), 0.0080496 secs] [Times: user=0.08 sys=0.00, real=0.00 secs] 
2016-09-15T11:44:26.114-0400: 249.413: [Full GC (Ergonomics) [PSYoungGen: 107096K->0K(175104K)] [ParOldGen: 451799K->54048K(524288K)] 558895K->54048K(699392K), [Metaspace: 44538K->44538K(1087488K)], 0.0577001 secs] [Times: user=0.26 sys=0.01, real=0.06 secs] 
2016-09-15T11:44:26.289-0400: 249.588: [GC (Allocation Failure) [PSYoungGen: 88064K->67309K(175104K)] 142316K->121561K(699392K), 0.0175673 secs] [Times: user=0.16 sys=0.00, real=0.01 secs] 
2016-09-15T11:44:26.450-0400: 249.749: [GC (GCLocker Initiated GC) [PSYoungGen: 153578K->36934K(175104K)] 213906K->115754K(699392K), 0.0190268 secs] [Times: user=0.18 sys=0.00, real=0.02 secs] 
2016-09-15T11:44:26.616-0400: 249.915: [GC (GCLocker Initiated GC) [PSYoungGen: 124998K->55027K(175104K)] 210091K->140364K(699392K), 0.0168895 secs] [Times: user=0.16 sys=0.01, real=0.01 secs] 
2016-09-15T11:44:26.741-0400: 250.040: [GC (GCLocker Initiated GC) [PSYoungGen: 143091K->67369K(175104K)] 228476K->183256K(699392K), 0.0175506 secs] [Times: user=0.18 sys=0.00, real=0.02 secs] 
2016-09-15T11:44:26.862-0400: 250.161: [GC (GCLocker Initiated GC) [PSYoungGen: 155433K->61266K(175104K)] 271693K->208004K(699392K), 0.0198296 secs] [Times: user=0.15 sys=0.00, real=0.02 secs] 
2016-09-15T11:44:27.016-0400: 250.315: [GC (GCLocker Initiated GC) [PSYoungGen: 149330K->67697K(175104K)] 302235K->251261K(699392K), 0.0100077 secs] [Times: user=0.11 sys=0.00, real=0.00 secs] 
2016-09-15T11:44:27.119-0400: 250.418: [GC (Allocation Failure) [PSYoungGen: 155761K->73608K(175104K)] 339377K->293794K(699392K), 0.0169892 secs] [Times: user=0.18 sys=0.01, real=0.02 secs] 
2016-09-15T11:44:27.276-0400: 250.575: [GC (GCLocker Initiated GC) [PSYoungGen: 161290K->61558K(175104K)] 387552K->324576K(699392K), 0.0112965 secs] [Times: user=0.11 sys=0.00, real=0.00 secs] 
2016-09-15T11:44:27.416-0400: 250.715: [GC (GCLocker Initiated GC) [PSYoungGen: 149622K->73284K(175104K)] 412721K->355024K(699392K), 0.0202303 secs] [Times: user=0.21 sys=0.00, real=0.02 secs] 
2016-09-15T11:44:27.541-0400: 250.840: [GC (GCLocker Initiated GC) [PSYoungGen: 161343K->67761K(175104K)] 443445K->404689K(699392K), 0.0195486 secs] [Times: user=0.25 sys=0.01, real=0.02 secs] 
2016-09-15T11:44:27.685-0400: 250.984: [GC (Allocation Failure) [PSYoungGen: 155825K->79779K(175104K)] 493007K->472124K(699392K), 0.0108097 secs] [Times: user=0.15 sys=0.00, real=0.02 secs] 
2016-09-15T11:44:27.815-0400: 251.114: [GC (GCLocker Initiated GC) [PSYoungGen: 167829K->73772K(175104K)] 566248K->472319K(699392K), 0.0215217 secs] [Times: user=0.30 sys=0.00, real=0.03 secs] 
2016-09-15T11:44:27.976-0400: 251.275: [GC (Allocation Failure) [PSYoungGen: 161836K->55223K(175104K)] 566606K->466351K(699392K), 0.0145057 secs] [Times: user=0.16 sys=0.00, real=0.01 secs] 
2016-09-15T11:44:28.098-0400: 251.397: [GC (GCLocker Initiated GC) [PSYoungGen: 137887K->55223K(175104K)] 555091K->503069K(699392K), 0.0101700 secs] [Times: user=0.09 sys=0.00, real=0.01 secs] 
2016-09-15T11:44:28.245-0400: 251.544: [GC (GCLocker Initiated GC) [PSYoungGen: 143287K->61722K(175104K)] 591187K->528138K(699392K), 0.0103155 secs] [Times: user=0.11 sys=0.00, real=0.01 secs] 
2016-09-15T11:44:28.256-0400: 251.555: [Full GC (Ergonomics) [PSYoungGen: 61722K->0K(175104K)] [ParOldGen: 466416K->42070K(524288K)] 528138K->42070K(699392K), [Metaspace: 44538K->44538K(1087488K)], 0.0574115 secs] [Times: user=0.33 sys=0.01, real=0.05 secs] 
2016-09-15T11:44:28.452-0400: 251.751: [GC (GCLocker Initiated GC) [PSYoungGen: 88064K->86014K(175104K)] 130690K->140790K(699392K), 0.0108713 secs] [Times: user=0.12 sys=0.00, real=0.01 secs] 
2016-09-15T11:44:28.573-0400: 251.872: [GC (GCLocker Initiated GC) [PSYoungGen: 174078K->61230K(175104K)] 229030K->189613K(699392K), 0.0144330 secs] [Times: user=0.12 sys=0.01, real=0.01 secs] 
2016-09-15T11:44:28.686-0400: 251.985: [GC (GCLocker Initiated GC) [PSYoungGen: 149294K->61654K(175104K)] 278038K->269501K(699392K), 0.0185136 secs] [Times: user=0.26 sys=0.00, real=0.02 secs] 
2016-09-15T11:44:28.818-0400: 252.117: [GC (GCLocker Initiated GC) [PSYoungGen: 149718K->73640K(175104K)] 363995K->288365K(699392K), 0.0080009 secs] [Times: user=0.10 sys=0.00, real=0.00 secs] 
2016-09-15T11:44:28.953-0400: 252.252: [GC (Allocation Failure) [PSYoungGen: 161704K->79747K(175104K)] 376527K->313102K(699392K), 0.0102575 secs] [Times: user=0.14 sys=0.00, real=0.01 secs] 
2016-09-15T11:44:29.079-0400: 252.377: [GC (GCLocker Initiated GC) [PSYoungGen: 167811K->79523K(175104K)] 401172K->349609K(699392K), 0.0195855 secs] [Times: user=0.21 sys=0.00, real=0.02 secs] 
2016-09-15T11:44:29.219-0400: 252.518: [GC (GCLocker Initiated GC) [PSYoungGen: 167587K->61426K(175104K)] 437990K->350361K(699392K), 0.0165789 secs] [Times: user=0.20 sys=0.00, real=0.02 secs] 
2016-09-15T11:44:29.377-0400: 252.675: [GC (GCLocker Initiated GC) [PSYoungGen: 149490K->55155K(175104K)] 438551K->344491K(699392K), 0.0099240 secs] [Times: user=0.11 sys=0.00, real=0.00 secs] 
2016-09-15T11:44:29.497-0400: 252.796: [GC (GCLocker Initiated GC) [PSYoungGen: 143219K->79519K(175104K)] 438795K->393456K(699392K), 0.0140130 secs] [Times: user=0.20 sys=0.00, real=0.01 secs] 
2016-09-15T11:44:29.626-0400: 252.925: [GC (GCLocker Initiated GC) [PSYoungGen: 167583K->73704K(175104K)] 487761K->436551K(699392K), 0.0126949 secs] [Times: user=0.18 sys=0.01, real=0.02 secs] 
2016-09-15T11:44:29.750-0400: 253.049: [GC (GCLocker Initiated GC) [PSYoungGen: 161768K->74288K(175104K)] 524858K->455926K(699392K), 0.0144909 secs] [Times: user=0.18 sys=0.00, real=0.01 secs] 
2016-09-15T11:44:29.907-0400: 253.206: [GC (GCLocker Initiated GC) [PSYoungGen: 162352K->79779K(175104K)] 544245K->510811K(699392K), 0.0121376 secs] [Times: user=0.12 sys=0.00, real=0.02 secs] 
2016-09-15T11:44:30.052-0400: 253.351: [Full GC (Ergonomics) [PSYoungGen: 167843K->0K(175104K)] [ParOldGen: 449455K->54188K(524288K)] 617299K->54188K(699392K), [Metaspace: 44538K->44538K(1087488K)], 0.0811601 secs] [Times: user=0.50 sys=0.01, real=0.08 secs] 
2016-09-15T11:44:30.273-0400: 253.572: [GC (Allocation Failure) [PSYoungGen: 88064K->61494K(175104K)] 148520K->121950K(699392K), 0.0076787 secs] [Times: user=0.07 sys=0.00, real=0.01 secs] 
2016-09-15T11:44:30.401-0400: 253.700: [GC (GCLocker Initiated GC) [PSYoungGen: 144744K->43105K(175104K)] 211276K->146385K(699392K), 0.0233008 secs] [Times: user=0.28 sys=0.01, real=0.02 secs] 
2016-09-15T11:44:30.512-0400: 253.811: [GC (GCLocker Initiated GC) [PSYoungGen: 131169K->85790K(175104K)] 234547K->195715K(699392K), 0.0092871 secs] [Times: user=0.11 sys=0.00, real=0.01 secs] 
2016-09-15T11:44:30.650-0400: 253.949: [GC (GCLocker Initiated GC) [PSYoungGen: 173854K->85986K(175104K)] 290209K->226949K(699392K), 0.0097507 secs] [Times: user=0.14 sys=0.00, real=0.01 secs] 
2016-09-15T11:44:30.787-0400: 254.086: [GC (Allocation Failure) [PSYoungGen: 174050K->30827K(175104K)] 315121K->220578K(699392K), 0.0146245 secs] [Times: user=0.11 sys=0.00, real=0.02 secs] 
2016-09-15T11:44:30.894-0400: 254.193: [GC (GCLocker Initiated GC) [PSYoungGen: 117077K->73740K(175104K)] 312903K->293986K(699392K), 0.0097394 secs] [Times: user=0.12 sys=0.00, real=0.01 secs] 
2016-09-15T11:44:31.073-0400: 254.372: [GC (GCLocker Initiated GC) [PSYoungGen: 161804K->67565K(175104K)] 382175K->306468K(699392K), 0.0196049 secs] [Times: user=0.25 sys=0.00, real=0.02 secs] 
2016-09-15T11:44:31.214-0400: 254.513: [GC (GCLocker Initiated GC) [PSYoungGen: 155629K->85822K(175104K)] 394602K->379786K(699392K), 0.0102282 secs] [Times: user=0.15 sys=0.01, real=0.01 secs] 
2016-09-15T11:44:31.329-0400: 254.628: [GC (GCLocker Initiated GC) [PSYoungGen: 173886K->85854K(175104K)] 467954K->477461K(699392K), 0.0118663 secs] [Times: user=0.18 sys=0.00, real=0.01 secs] 
2016-09-15T11:44:31.475-0400: 254.774: [GC (GCLocker Initiated GC) [PSYoungGen: 173918K->61490K(175104K)] 571703K->526416K(699392K), 0.0098945 secs] [Times: user=0.14 sys=0.00, real=0.01 secs] 
2016-09-15T11:44:31.485-0400: 254.784: [Full GC (Ergonomics) [PSYoungGen: 61490K->0K(175104K)] [ParOldGen: 464926K->54199K(524288K)] 526416K->54199K(699392K), [Metaspace: 44538K->44538K(1087488K)], 0.0579026 secs] [Times: user=0.40 sys=0.01, real=0.06 secs] 
2016-09-15T11:44:31.668-0400: 254.967: [GC (GCLocker Initiated GC) [PSYoungGen: 88064K->80039K(175104K)] 148470K->140445K(699392K), 0.0097913 secs] [Times: user=0.09 sys=0.00, real=0.01 secs] 
2016-09-15T11:44:31.826-0400: 255.125: [GC (GCLocker Initiated GC) [PSYoungGen: 168103K->73704K(175104K)] 234952K->195947K(699392K), 0.0121598 secs] [Times: user=0.14 sys=0.00, real=0.02 secs] 
2016-09-15T11:44:31.994-0400: 255.293: [GC (GCLocker Initiated GC) [PSYoungGen: 161768K->37162K(175104K)] 290346K->184037K(699392K), 0.0088732 secs] [Times: user=0.09 sys=0.00, real=0.01 secs] 
2016-09-15T11:44:32.100-0400: 255.399: [GC (GCLocker Initiated GC) [PSYoungGen: 125226K->85758K(175104K)] 272284K->239182K(699392K), 0.0089109 secs] [Times: user=0.10 sys=0.00, real=0.01 secs] 
2016-09-15T11:44:32.248-0400: 255.547: [GC (Allocation Failure) [PSYoungGen: 173822K->85626K(175104K)] 327400K->263600K(699392K), 0.0184324 secs] [Times: user=0.22 sys=0.00, real=0.01 secs] 
2016-09-15T11:44:32.361-0400: 255.660: [GC (GCLocker Initiated GC) [PSYoungGen: 173690K->73900K(175104K)] 351670K->312781K(699392K), 0.0101769 secs] [Times: user=0.16 sys=0.00, real=0.01 secs] 
2016-09-15T11:44:32.499-0400: 255.798: [GC (GCLocker Initiated GC) [PSYoungGen: 161964K->55515K(175104K)] 401044K->331336K(699392K), 0.0113692 secs] [Times: user=0.12 sys=0.00, real=0.01 secs] 
2016-09-15T11:44:32.640-0400: 255.939: [GC (Allocation Failure) [PSYoungGen: 143579K->37681K(175104K)] 437896K->374808K(699392K), 0.0083646 secs] [Times: user=0.10 sys=0.01, real=0.01 secs] 
2016-09-15T11:44:32.767-0400: 256.066: [GC (GCLocker Initiated GC) [PSYoungGen: 125745K->73772K(175104K)] 462878K->411047K(699392K), 0.0081048 secs] [Times: user=0.12 sys=0.00, real=0.01 secs] 
2016-09-15T11:44:32.913-0400: 256.212: [GC (GCLocker Initiated GC) [PSYoungGen: 161836K->37190K(175104K)] 505530K->417446K(699392K), 0.0149484 secs] [Times: user=0.18 sys=0.01, real=0.02 secs] 
2016-09-15T11:44:33.060-0400: 256.359: [GC (GCLocker Initiated GC) [PSYoungGen: 125254K->85562K(175104K)] 505552K->478113K(699392K), 0.0101432 secs] [Times: user=0.11 sys=0.00, real=0.01 secs] 
2016-09-15T11:44:33.205-0400: 256.504: [GC (GCLocker Initiated GC) [PSYoungGen: 173626K->73672K(175104K)] 566247K->527186K(699392K), 0.0111221 secs] [Times: user=0.14 sys=0.00, real=0.02 secs] 
2016-09-15T11:44:33.216-0400: 256.515: [Full GC (Ergonomics) [PSYoungGen: 73672K->0K(175104K)] [ParOldGen: 453514K->48257K(524288K)] 527186K->48257K(699392K), [Metaspace: 44538K->44538K(1087488K)], 0.0577392 secs] [Times: user=0.31 sys=0.01, real=0.05 secs] 
2016-09-15T11:44:33.423-0400: 256.722: [GC (GCLocker Initiated GC) [PSYoungGen: 88064K->86146K(175104K)] 136606K->152913K(699392K), 0.0117032 secs] [Times: user=0.12 sys=0.01, real=0.01 secs] 
2016-09-15T11:44:33.548-0400: 256.847: [GC (GCLocker Initiated GC) [PSYoungGen: 174210K->55091K(175104K)] 241041K->158927K(699392K), 0.0116780 secs] [Times: user=0.11 sys=0.00, real=0.01 secs] 
2016-09-15T11:44:33.682-0400: 256.981: [GC (GCLocker Initiated GC) [PSYoungGen: 143155K->31118K(175104K)] 265466K->196050K(699392K), 0.0162475 secs] [Times: user=0.15 sys=0.00, real=0.02 secs] 
2016-09-15T11:44:33.825-0400: 257.124: [GC (GCLocker Initiated GC) [PSYoungGen: 119182K->55223K(175104K)] 290416K->232790K(699392K), 0.0161761 secs] [Times: user=0.16 sys=0.00, real=0.02 secs] 
2016-09-15T11:44:33.961-0400: 257.260: [GC (GCLocker Initiated GC) [PSYoungGen: 143287K->55711K(175104K)] 327263K->258063K(699392K), 0.0100795 secs] [Times: user=0.11 sys=0.01, real=0.01 secs] 
2016-09-15T11:44:34.075-0400: 257.374: [GC (GCLocker Initiated GC) [PSYoungGen: 143775K->73512K(175104K)] 346421K->312899K(699392K), 0.0419438 secs] [Times: user=0.50 sys=0.00, real=0.05 secs] 
2016-09-15T11:44:34.267-0400: 257.566: [GC (Allocation Failure) [PSYoungGen: 161576K->55319K(175104K)] 401050K->307203K(699392K), 0.0181347 secs] [Times: user=0.20 sys=0.00, real=0.02 secs] 
2016-09-15T11:44:34.423-0400: 257.722: [GC (GCLocker Initiated GC) [PSYoungGen: 140632K->37354K(175104K)] 398591K->344228K(699392K), 0.0081361 secs] [Times: user=0.12 sys=0.00, real=0.01 secs] 
2016-09-15T11:44:34.551-0400: 257.850: [GC (Allocation Failure) [PSYoungGen: 125418K->37389K(175104K)] 450856K->363111K(699392K), 0.0061091 secs] [Times: user=0.05 sys=0.00, real=0.01 secs] 
2016-09-15T11:44:34.667-0400: 257.966: [GC (GCLocker Initiated GC) [PSYoungGen: 119613K->73640K(175104K)] 451409K->423976K(699392K), 0.0135985 secs] [Times: user=0.15 sys=0.00, real=0.02 secs] 
2016-09-15T11:44:34.813-0400: 258.112: [GC (Allocation Failure) [PSYoungGen: 161704K->79683K(175104K)] 512351K->448675K(699392K), 0.0109690 secs] [Times: user=0.11 sys=0.01, real=0.01 secs] 
2016-09-15T11:44:34.926-0400: 258.225: [GC (GCLocker Initiated GC) [PSYoungGen: 167747K->79683K(175104K)] 536739K->473266K(699392K), 0.0144279 secs] [Times: user=0.17 sys=0.00, real=0.02 secs] 
2016-09-15T11:44:35.070-0400: 258.369: [GC (GCLocker Initiated GC) [PSYoungGen: 167747K->49276K(175104K)] 561512K->497999K(699392K), 0.0168259 secs] [Times: user=0.18 sys=0.00, real=0.01 secs] 
2016-09-15T11:44:35.212-0400: 258.511: [GC (GCLocker Initiated GC) [PSYoungGen: 137340K->67569K(175104K)] 586368K->534926K(699392K), 0.0165099 secs] [Times: user=0.16 sys=0.01, real=0.02 secs] 
2016-09-15T11:44:35.229-0400: 258.528: [Full GC (Ergonomics) [PSYoungGen: 67569K->0K(175104K)] [ParOldGen: 467357K->54595K(524288K)] 534926K->54595K(699392K), [Metaspace: 44538K->44538K(1087488K)], 0.0546500 secs] [Times: user=0.28 sys=0.01, real=0.05 secs] 
2016-09-15T11:44:35.396-0400: 258.695: [GC (GCLocker Initiated GC) [PSYoungGen: 88064K->85726K(175104K)] 142841K->140503K(699392K), 0.0190031 secs] [Times: user=0.22 sys=0.00, real=0.01 secs] 
2016-09-15T11:44:35.536-0400: 258.835: [GC (GCLocker Initiated GC) [PSYoungGen: 173790K->49308K(175104K)] 228587K->159055K(699392K), 0.0111412 secs] [Times: user=0.13 sys=0.01, real=0.01 secs] 
2016-09-15T11:44:35.652-0400: 258.951: [GC (Allocation Failure) [PSYoungGen: 137372K->61586K(175104K)] 253544K->208441K(699392K), 0.0141956 secs] [Times: user=0.19 sys=0.00, real=0.01 secs] 
2016-09-15T11:44:35.817-0400: 259.116: [GC (GCLocker Initiated GC) [PSYoungGen: 145758K->55219K(175104K)] 298688K->226681K(699392K), 0.0070331 secs] [Times: user=0.09 sys=0.00, real=0.00 secs] 
2016-09-15T11:44:35.930-0400: 259.229: [GC (GCLocker Initiated GC) [PSYoungGen: 143283K->85626K(175104K)] 314747K->263309K(699392K), 0.0073083 secs] [Times: user=0.10 sys=0.00, real=0.01 secs] 
2016-09-15T11:44:36.079-0400: 259.378: [GC (Allocation Failure) [PSYoungGen: 173690K->61590K(175104K)] 351493K->257737K(699392K), 0.0146275 secs] [Times: user=0.13 sys=0.00, real=0.01 secs] 
2016-09-15T11:44:36.231-0400: 259.530: [GC (GCLocker Initiated GC) [PSYoungGen: 149654K->55059K(175104K)] 345801K->275766K(699392K), 0.0235182 secs] [Times: user=0.23 sys=0.01, real=0.02 secs] 
2016-09-15T11:44:36.367-0400: 259.666: [GC (GCLocker Initiated GC) [PSYoungGen: 143123K->61102K(175104K)] 370524K->288614K(699392K), 0.0074485 secs] [Times: user=0.05 sys=0.00, real=0.01 secs] 
2016-09-15T11:44:36.466-0400: 259.765: [GC (GCLocker Initiated GC) [PSYoungGen: 149166K->79915K(175104K)] 376799K->350200K(699392K), 0.0130014 secs] [Times: user=0.13 sys=0.00, real=0.02 secs] 
2016-09-15T11:44:36.611-0400: 259.910: [GC (GCLocker Initiated GC) [PSYoungGen: 167979K->43073K(175104K)] 444650K->380770K(699392K), 0.0146912 secs] [Times: user=0.16 sys=0.00, real=0.01 secs] 
2016-09-15T11:44:36.736-0400: 260.035: [GC (GCLocker Initiated GC) [PSYoungGen: 131137K->85822K(175104K)] 469207K->448327K(699392K), 0.0137744 secs] [Times: user=0.14 sys=0.00, real=0.01 secs] 
2016-09-15T11:44:36.894-0400: 260.193: [GC (GCLocker Initiated GC) [PSYoungGen: 173886K->55415K(175104K)] 536652K->485313K(699392K), 0.0121250 secs] [Times: user=0.11 sys=0.00, real=0.01 secs] 
2016-09-15T11:44:37.010-0400: 260.309: [GC (GCLocker Initiated GC) [PSYoungGen: 143479K->85858K(175104K)] 579494K->522156K(699392K), 0.0093117 secs] [Times: user=0.09 sys=0.00, real=0.01 secs] 
2016-09-15T11:44:37.095-0400: 260.394: [Full GC (Ergonomics) [PSYoungGen: 173922K->0K(175104K)] [ParOldGen: 442482K->60793K(524288K)] 616404K->60793K(699392K), [Metaspace: 44538K->44538K(1087488K)], 0.0590817 secs] [Times: user=0.46 sys=0.01, real=0.06 secs] 
2016-09-15T11:44:37.253-0400: 260.552: [GC (GCLocker Initiated GC) [PSYoungGen: 88064K->74060K(175104K)] 155231K->141227K(699392K), 0.0084234 secs] [Times: user=0.13 sys=0.00, real=0.01 secs] 
2016-09-15T11:44:37.367-0400: 260.666: [GC (GCLocker Initiated GC) [PSYoungGen: 162124K->85758K(175104K)] 229340K->178173K(699392K), 0.0120709 secs] [Times: user=0.16 sys=0.00, real=0.02 secs] 
2016-09-15T11:44:37.498-0400: 260.797: [GC (Allocation Failure) [PSYoungGen: 173822K->49440K(175104K)] 278687K->191038K(699392K), 0.0084571 secs] [Times: user=0.09 sys=0.00, real=0.00 secs] 
2016-09-15T11:44:37.636-0400: 260.935: [GC (GCLocker Initiated GC) [PSYoungGen: 134846K->73900K(175104K)] 282519K->240113K(699392K), 0.0069010 secs] [Times: user=0.09 sys=0.00, real=0.00 secs] 
2016-09-15T11:44:37.746-0400: 261.045: [GC (Allocation Failure) [PSYoungGen: 161964K->85954K(175104K)] 328309K->270675K(699392K), 0.0095383 secs] [Times: user=0.11 sys=0.00, real=0.02 secs] 
2016-09-15T11:44:37.878-0400: 261.177: [GC (GCLocker Initiated GC) [PSYoungGen: 174018K->67405K(175104K)] 358745K->282775K(699392K), 0.0147110 secs] [Times: user=0.12 sys=0.00, real=0.01 secs] 
2016-09-15T11:44:38.010-0400: 261.309: [GC (GCLocker Initiated GC) [PSYoungGen: 155469K->73480K(175104K)] 377258K->295528K(699392K), 0.0231529 secs] [Times: user=0.23 sys=0.00, real=0.02 secs] 
2016-09-15T11:44:38.167-0400: 261.465: [GC (GCLocker Initiated GC) [PSYoungGen: 161544K->18709K(175104K)] 390126K->265791K(699392K), 0.0131991 secs] [Times: user=0.14 sys=0.00, real=0.02 secs] 
2016-09-15T11:44:38.297-0400: 261.596: [GC (Allocation Failure) [PSYoungGen: 106773K->73476K(175104K)] 354657K->321627K(699392K), 0.0177956 secs] [Times: user=0.25 sys=0.00, real=0.01 secs] 
2016-09-15T11:44:38.429-0400: 261.728: [GC (Allocation Failure) [PSYoungGen: 156303K->55679K(175104K)] 404455K->322175K(699392K), 0.0083095 secs] [Times: user=0.09 sys=0.00, real=0.01 secs] 
2016-09-15T11:44:38.513-0400: 261.812: [GC (GCLocker Initiated GC) [PSYoungGen: 143743K->85562K(175104K)] 410239K->370894K(699392K), 0.0118965 secs] [Times: user=0.11 sys=0.00, real=0.01 secs] 
2016-09-15T11:44:38.633-0400: 261.932: [GC (GCLocker Initiated GC) [PSYoungGen: 173626K->79847K(175104K)] 459179K->438444K(699392K), 0.0134197 secs] [Times: user=0.19 sys=0.00, real=0.01 secs] 
2016-09-15T11:44:38.768-0400: 262.067: [GC (GCLocker Initiated GC) [PSYoungGen: 167911K->55615K(175104K)] 532933K->421100K(699392K), 0.0067716 secs] [Times: user=0.09 sys=0.00, real=0.00 secs] 
2016-09-15T11:44:38.908-0400: 262.207: [GC (GCLocker Initiated GC) [PSYoungGen: 143679K->55351K(175104K)] 509340K->439536K(699392K), 0.0075919 secs] [Times: user=0.09 sys=0.00, real=0.00 secs] 
2016-09-15T11:44:39.063-0400: 262.362: [GC (Allocation Failure) [PSYoungGen: 143415K->67273K(175104K)] 533750K->457704K(699392K), 0.0082228 secs] [Times: user=0.09 sys=0.00, real=0.01 secs] 
2016-09-15T11:44:39.164-0400: 262.463: [GC (GCLocker Initiated GC) [PSYoungGen: 155337K->73444K(175104K)] 545774K->494399K(699392K), 0.0103209 secs] [Times: user=0.15 sys=0.00, real=0.01 secs] 
2016-09-15T11:44:39.285-0400: 262.584: [GC (Allocation Failure) [PSYoungGen: 161508K->74132K(175104K)] 582639K->531888K(699392K), 0.0093773 secs] [Times: user=0.13 sys=0.00, real=0.01 secs] 
2016-09-15T11:44:39.295-0400: 262.594: [Full GC (Ergonomics) [PSYoungGen: 74132K->0K(175104K)] [ParOldGen: 457756K->55255K(524288K)] 531888K->55255K(699392K), [Metaspace: 44541K->44541K(1087488K)], 0.0577930 secs] [Times: user=0.45 sys=0.01, real=0.06 secs] 
2016-09-15T11:44:39.450-0400: 262.749: [GC (GCLocker Initiated GC) [PSYoungGen: 84692K->85658K(175104K)] 146023K->153063K(699392K), 0.0078418 secs] [Times: user=0.08 sys=0.00, real=0.01 secs] 
2016-09-15T11:44:39.545-0400: 262.843: [GC (GCLocker Initiated GC) [PSYoungGen: 173722K->79847K(175104K)] 241455K->202414K(699392K), 0.0101500 secs] [Times: user=0.15 sys=0.00, real=0.01 secs] 
2016-09-15T11:44:39.656-0400: 262.955: [GC (GCLocker Initiated GC) [PSYoungGen: 167911K->73704K(175104K)] 290626K->239580K(699392K), 0.0085204 secs] [Times: user=0.14 sys=0.01, real=0.01 secs] 
2016-09-15T11:44:39.790-0400: 263.089: [GC (Allocation Failure) [PSYoungGen: 161768K->55711K(175104K)] 333906K->227976K(699392K), 0.0061642 secs] [Times: user=0.07 sys=0.00, real=0.01 secs] 
2016-09-15T11:44:39.903-0400: 263.202: [GC (GCLocker Initiated GC) [PSYoungGen: 137996K->37222K(175104K)] 316337K->234087K(699392K), 0.0078245 secs] [Times: user=0.11 sys=0.00, real=0.01 secs] 
2016-09-15T11:44:40.030-0400: 263.329: [GC (GCLocker Initiated GC) [PSYoungGen: 125286K->79783K(175104K)] 322473K->277237K(699392K), 0.0138992 secs] [Times: user=0.14 sys=0.00, real=0.01 secs] 
2016-09-15T11:44:40.198-0400: 263.497: [GC (GCLocker Initiated GC) [PSYoungGen: 167847K->73576K(175104K)] 365455K->301867K(699392K), 0.0105417 secs] [Times: user=0.12 sys=0.01, real=0.01 secs] 
2016-09-15T11:44:40.307-0400: 263.606: [GC (GCLocker Initiated GC) [PSYoungGen: 161640K->85790K(175104K)] 390001K->362886K(699392K), 0.0115812 secs] [Times: user=0.14 sys=0.02, real=0.02 secs] 
2016-09-15T11:44:40.448-0400: 263.747: [GC (Allocation Failure) [PSYoungGen: 173854K->79783K(175104K)] 457151K->393739K(699392K), 0.0188846 secs] [Times: user=0.20 sys=0.00, real=0.01 secs] 
2016-09-15T11:44:40.602-0400: 263.901: [GC (GCLocker Initiated GC) [PSYoungGen: 162549K->49048K(175104K)] 482580K->417978K(699392K), 0.0139448 secs] [Times: user=0.16 sys=0.01, real=0.01 secs] 
2016-09-15T11:44:40.732-0400: 264.031: [GC (Allocation Failure) [PSYoungGen: 137112K->67665K(175104K)] 512467K->443123K(699392K), 0.0229128 secs] [Times: user=0.26 sys=0.01, real=0.02 secs] 
2016-09-15T11:44:40.876-0400: 264.175: [GC (GCLocker Initiated GC) [PSYoungGen: 155729K->55255K(175104K)] 531194K->467445K(699392K), 0.0334257 secs] [Times: user=0.35 sys=0.00, real=0.03 secs] 
2016-09-15T11:44:41.035-0400: 264.334: [GC (GCLocker Initiated GC) [PSYoungGen: 143319K->67405K(175104K)] 561883K->486065K(699392K), 0.0108233 secs] [Times: user=0.11 sys=0.00, real=0.01 secs] 
2016-09-15T11:44:41.159-0400: 264.458: [GC (GCLocker Initiated GC) [PSYoungGen: 155469K->73480K(175104K)] 574160K->510679K(699392K), 0.0293198 secs] [Times: user=0.33 sys=0.01, real=0.03 secs] 
2016-09-15T11:44:41.295-0400: 264.594: [GC (GCLocker Initiated GC) [PSYoungGen: 161544K->49148K(175104K)] 605011K->535252K(699392K), 0.0240634 secs] [Times: user=0.23 sys=0.00, real=0.03 secs] 
2016-09-15T11:44:41.319-0400: 264.618: [Full GC (Ergonomics) [PSYoungGen: 49148K->0K(175104K)] [ParOldGen: 486104K->54785K(524288K)] 535252K->54785K(699392K), [Metaspace: 44543K->44543K(1087488K)], 0.0599965 secs] [Times: user=0.45 sys=0.01, real=0.06 secs] 
2016-09-15T11:44:41.502-0400: 264.801: [GC (GCLocker Initiated GC) [PSYoungGen: 88064K->74060K(175104K)] 149128K->135125K(699392K), 0.0100119 secs] [Times: user=0.14 sys=0.00, real=0.01 secs] 
2016-09-15T11:44:41.662-0400: 264.961: [GC (GCLocker Initiated GC) [PSYoungGen: 162124K->73412K(175104K)] 223460K->153856K(699392K), 0.0088255 secs] [Times: user=0.13 sys=0.00, real=0.01 secs] 
2016-09-15T11:44:41.823-0400: 265.122: [GC (GCLocker Initiated GC) [PSYoungGen: 161476K->73508K(175104K)] 254123K->166314K(699392K), 0.0144936 secs] [Times: user=0.19 sys=0.01, real=0.02 secs] 
2016-09-15T11:44:41.935-0400: 265.234: [GC (GCLocker Initiated GC) [PSYoungGen: 161572K->85854K(175104K)] 260647K->227637K(699392K), 0.0101143 secs] [Times: user=0.15 sys=0.00, real=0.01 secs] 
2016-09-15T11:44:42.066-0400: 265.365: [GC (GCLocker Initiated GC) [PSYoungGen: 173918K->79683K(175104K)] 321807K->288638K(699392K), 0.0100924 secs] [Times: user=0.16 sys=0.01, real=0.02 secs] 
2016-09-15T11:44:42.197-0400: 265.496: [GC (GCLocker Initiated GC) [PSYoungGen: 167747K->79423K(175104K)] 376738K->331231K(699392K), 0.0113467 secs] [Times: user=0.14 sys=0.00, real=0.01 secs] 
2016-09-15T11:44:42.298-0400: 265.597: [GC (GCLocker Initiated GC) [PSYoungGen: 167487K->85854K(175104K)] 419482K->398782K(699392K), 0.0113488 secs] [Times: user=0.17 sys=0.01, real=0.01 secs] 
2016-09-15T11:44:42.454-0400: 265.753: [GC (GCLocker Initiated GC) [PSYoungGen: 173918K->55187K(175104K)] 499687K->399473K(699392K), 0.0073578 secs] [Times: user=0.11 sys=0.00, real=0.01 secs] 
2016-09-15T11:44:42.592-0400: 265.891: [GC (Allocation Failure) [PSYoungGen: 143251K->55251K(175104K)] 487707K->436300K(699392K), 0.0090950 secs] [Times: user=0.12 sys=0.00, real=0.01 secs] 
2016-09-15T11:44:42.703-0400: 266.002: [GC (GCLocker Initiated GC) [PSYoungGen: 140361K->55187K(175104K)] 527486K->460640K(699392K), 0.0180665 secs] [Times: user=0.20 sys=0.00, real=0.02 secs] 
2016-09-15T11:44:42.859-0400: 266.158: [GC (GCLocker Initiated GC) [PSYoungGen: 143251K->55451K(175104K)] 555006K->467333K(699392K), 0.0278717 secs] [Times: user=0.38 sys=0.00, real=0.02 secs] 
2016-09-15T11:44:43.015-0400: 266.314: [GC (GCLocker Initiated GC) [PSYoungGen: 143515K->67501K(175104K)] 561827K->486253K(699392K), 0.0087100 secs] [Times: user=0.10 sys=0.01, real=0.01 secs] 
2016-09-15T11:44:43.135-0400: 266.434: [GC (GCLocker Initiated GC) [PSYoungGen: 155565K->55159K(175104K)] 580501K->498596K(699392K), 0.0395907 secs] [Times: user=0.42 sys=0.00, real=0.04 secs] 
2016-09-15T11:44:43.293-0400: 266.592: [GC (GCLocker Initiated GC) [PSYoungGen: 143223K->67729K(175104K)] 592944K->542042K(699392K), 0.0098836 secs] [Times: user=0.10 sys=0.00, real=0.01 secs] 
2016-09-15T11:44:43.303-0400: 266.602: [Full GC (Ergonomics) [PSYoungGen: 67729K->0K(175104K)] [ParOldGen: 474313K->55020K(524288K)] 542042K->55020K(699392K), [Metaspace: 44556K->44556K(1087488K)], 0.0595025 secs] [Times: user=0.39 sys=0.02, real=0.06 secs] 
2016-09-15T11:44:43.486-0400: 266.785: [GC (GCLocker Initiated GC) [PSYoungGen: 88064K->85694K(175104K)] 143316K->147021K(699392K), 0.0099080 secs] [Times: user=0.11 sys=0.00, real=0.02 secs] 
2016-09-15T11:44:43.630-0400: 266.929: [GC (Allocation Failure) [PSYoungGen: 173758K->85822K(175104K)] 235239K->196235K(699392K), 0.0128168 secs] [Times: user=0.21 sys=0.00, real=0.01 secs] 
2016-09-15T11:44:43.737-0400: 267.036: [GC (GCLocker Initiated GC) [PSYoungGen: 168128K->73672K(175104K)] 284616K->232992K(699392K), 0.0107519 secs] [Times: user=0.16 sys=0.00, real=0.01 secs] 
2016-09-15T11:44:43.881-0400: 267.179: [GC (GCLocker Initiated GC) [PSYoungGen: 161736K->42909K(175104K)] 327173K->238996K(699392K), 0.0115855 secs] [Times: user=0.15 sys=0.00, real=0.01 secs] 
2016-09-15T11:44:44.007-0400: 267.306: [GC (GCLocker Initiated GC) [PSYoungGen: 130973K->85986K(175104K)] 327348K->288580K(699392K), 0.0104035 secs] [Times: user=0.10 sys=0.01, real=0.02 secs] 
2016-09-15T11:44:44.145-0400: 267.444: [GC (GCLocker Initiated GC) [PSYoungGen: 174050K->36966K(175104K)] 376648K->258228K(699392K), 0.0217452 secs] [Times: user=0.26 sys=0.01, real=0.02 secs] 
2016-09-15T11:44:44.296-0400: 267.595: [GC (GCLocker Initiated GC) [PSYoungGen: 125030K->49248K(175104K)] 346653K->271107K(699392K), 0.0098318 secs] [Times: user=0.05 sys=0.00, real=0.00 secs] 
2016-09-15T11:44:44.436-0400: 267.735: [GC (GCLocker Initiated GC) [PSYoungGen: 137310K->79587K(175104K)] 359536K->320289K(699392K), 0.0141556 secs] [Times: user=0.13 sys=0.00, real=0.01 secs] 
2016-09-15T11:44:44.577-0400: 267.875: [GC (Allocation Failure) [PSYoungGen: 167651K->43073K(175104K)] 408467K->320623K(699392K), 0.0184503 secs] [Times: user=0.19 sys=0.00, real=0.01 secs] 
2016-09-15T11:44:44.695-0400: 267.994: [GC (Allocation Failure) [PSYoungGen: 131137K->55319K(175104K)] 408687K->369578K(699392K), 0.0142208 secs] [Times: user=0.12 sys=0.01, real=0.02 secs] 
2016-09-15T11:44:44.833-0400: 268.132: [GC (GCLocker Initiated GC) [PSYoungGen: 138980K->55319K(175104K)] 459315K->394178K(699392K), 0.0338760 secs] [Times: user=0.37 sys=0.00, real=0.03 secs] 
2016-09-15T11:44:44.980-0400: 268.279: [GC (GCLocker Initiated GC) [PSYoungGen: 143383K->61430K(175104K)] 482306K->400621K(699392K), 0.0155656 secs] [Times: user=0.14 sys=0.00, real=0.02 secs] 
2016-09-15T11:44:45.097-0400: 268.396: [GC (GCLocker Initiated GC) [PSYoungGen: 149494K->67341K(175104K)] 489046K->467911K(699392K), 0.0340941 secs] [Times: user=0.36 sys=0.00, real=0.03 secs] 
2016-09-15T11:44:45.313-0400: 268.612: [GC (GCLocker Initiated GC) [PSYoungGen: 155405K->36998K(175104K)] 568160K->468074K(699392K), 0.0247463 secs] [Times: user=0.28 sys=0.00, real=0.03 secs] 
2016-09-15T11:44:45.459-0400: 268.757: [GC (GCLocker Initiated GC) [PSYoungGen: 125062K->85466K(175104K)] 556191K->516878K(699392K), 0.0125533 secs] [Times: user=0.12 sys=0.00, real=0.01 secs] 
2016-09-15T11:44:45.597-0400: 268.896: [GC (Allocation Failure) [PSYoungGen: 173530K->49180K(175104K)] 605085K->553746K(699392K), 0.0196719 secs] [Times: user=0.22 sys=0.00, real=0.02 secs] 
2016-09-15T11:44:45.617-0400: 268.916: [Full GC (Ergonomics) [PSYoungGen: 49180K->0K(175104K)] [ParOldGen: 504566K->43077K(524288K)] 553746K->43077K(699392K), [Metaspace: 44572K->44572K(1087488K)], 0.0607427 secs] [Times: user=0.35 sys=0.01, real=0.06 secs] 
2016-09-15T11:44:45.779-0400: 269.078: [GC (GCLocker Initiated GC) [PSYoungGen: 88064K->86410K(175104K)] 131147K->135568K(699392K), 0.0228617 secs] [Times: user=0.22 sys=0.00, real=0.02 secs] 
2016-09-15T11:44:45.918-0400: 269.217: [GC (GCLocker Initiated GC) [PSYoungGen: 174474K->79587K(175104K)] 223724K->153989K(699392K), 0.0232210 secs] [Times: user=0.23 sys=0.00, real=0.02 secs] 
2016-09-15T11:44:46.070-0400: 269.369: [GC (Allocation Failure) [PSYoungGen: 167651K->30827K(175104K)] 242084K->166285K(699392K), 0.0158376 secs] [Times: user=0.17 sys=0.00, real=0.01 secs] 
2016-09-15T11:44:46.236-0400: 269.535: [GC (GCLocker Initiated GC) [PSYoungGen: 118202K->37098K(175104K)] 259735K->215341K(699392K), 0.0302015 secs] [Times: user=0.35 sys=0.00, real=0.02 secs] 
2016-09-15T11:44:46.405-0400: 269.704: [GC (GCLocker Initiated GC) [PSYoungGen: 125162K->73512K(175104K)] 309829K->258471K(699392K), 0.0281802 secs] [Times: user=0.31 sys=0.00, real=0.03 secs] 
2016-09-15T11:44:46.586-0400: 269.885: [GC (Allocation Failure) [PSYoungGen: 161576K->36770K(175104K)] 346705K->240219K(699392K), 0.0193783 secs] [Times: user=0.19 sys=0.01, real=0.02 secs] 
2016-09-15T11:44:46.724-0400: 270.023: [GC (GCLocker Initiated GC) [PSYoungGen: 124834K->73772K(175104K)] 328284K->295534K(699392K), 0.0179572 secs] [Times: user=0.20 sys=0.00, real=0.02 secs] 
2016-09-15T11:44:46.858-0400: 270.157: [GC (GCLocker Initiated GC) [PSYoungGen: 161836K->67405K(175104K)] 383696K->325819K(699392K), 0.0136284 secs] [Times: user=0.11 sys=0.01, real=0.01 secs] 
2016-09-15T11:44:47.013-0400: 270.312: [GC (GCLocker Initiated GC) [PSYoungGen: 155469K->49248K(175104K)] 420125K->332209K(699392K), 0.0110495 secs] [Times: user=0.08 sys=0.00, real=0.01 secs] 
2016-09-15T11:44:47.126-0400: 270.425: [GC (GCLocker Initiated GC) [PSYoungGen: 137312K->79491K(175104K)] 426396K->368858K(699392K), 0.0114150 secs] [Times: user=0.11 sys=0.00, real=0.02 secs] 
2016-09-15T11:44:47.252-0400: 270.551: [GC (GCLocker Initiated GC) [PSYoungGen: 167555K->85954K(175104K)] 457239K->424389K(699392K), 0.0108312 secs] [Times: user=0.13 sys=0.01, real=0.01 secs] 
2016-09-15T11:44:47.418-0400: 270.717: [GC (GCLocker Initiated GC) [PSYoungGen: 174018K->49312K(175104K)] 512595K->442816K(699392K), 0.0268737 secs] [Times: user=0.30 sys=0.00, real=0.02 secs] 
2016-09-15T11:44:47.569-0400: 270.868: [GC (GCLocker Initiated GC) [PSYoungGen: 137376K->85758K(175104K)] 530972K->503954K(699392K), 0.0188649 secs] [Times: user=0.24 sys=0.01, real=0.02 secs] 
2016-09-15T11:44:47.695-0400: 270.994: [GC (GCLocker Initiated GC) [PSYoungGen: 173822K->49408K(175104K)] 592077K->559104K(699392K), 0.0118387 secs] [Times: user=0.13 sys=0.01, real=0.01 secs] 
2016-09-15T11:44:47.707-0400: 271.006: [Full GC (Ergonomics) [PSYoungGen: 49408K->0K(175104K)] [ParOldGen: 509696K->61508K(524288K)] 559104K->61508K(699392K), [Metaspace: 44572K->44572K(1087488K)], 0.0593529 secs] [Times: user=0.45 sys=0.02, real=0.06 secs] 
2016-09-15T11:44:47.843-0400: 271.142: [GC (GCLocker Initiated GC) [PSYoungGen: 88064K->86794K(175104K)] 149776K->166731K(699392K), 0.0108541 secs] [Times: user=0.13 sys=0.00, real=0.01 secs] 
2016-09-15T11:44:47.963-0400: 271.262: [GC (GCLocker Initiated GC) [PSYoungGen: 174858K->67697K(175104K)] 255100K->167311K(699392K), 0.0122367 secs] [Times: user=0.15 sys=0.01, real=0.01 secs] 
2016-09-15T11:44:48.090-0400: 271.389: [GC (GCLocker Initiated GC) [PSYoungGen: 155761K->73444K(175104K)] 261806K->216059K(699392K), 0.0314240 secs] [Times: user=0.38 sys=0.00, real=0.03 secs] 
2016-09-15T11:44:48.237-0400: 271.536: [GC (GCLocker Initiated GC) [PSYoungGen: 161508K->86182K(175104K)] 304221K->235130K(699392K), 0.0219044 secs] [Times: user=0.28 sys=0.00, real=0.02 secs] 
2016-09-15T11:44:48.366-0400: 271.665: [GC (GCLocker Initiated GC) [PSYoungGen: 174246K->73608K(175104K)] 323426K->241820K(699392K), 0.0076320 secs] [Times: user=0.10 sys=0.00, real=0.01 secs] 
2016-09-15T11:44:48.495-0400: 271.794: [GC (GCLocker Initiated GC) [PSYoungGen: 161672K->55447K(175104K)] 336045K->248173K(699392K), 0.0251545 secs] [Times: user=0.37 sys=0.01, real=0.03 secs] 
2016-09-15T11:44:48.649-0400: 271.948: [GC (GCLocker Initiated GC) [PSYoungGen: 143511K->73676K(175104K)] 342595K->273036K(699392K), 0.0072799 secs] [Times: user=0.06 sys=0.00, real=0.01 secs] 
2016-09-15T11:44:48.795-0400: 272.094: [GC (GCLocker Initiated GC) [PSYoungGen: 161740K->85594K(175104K)] 361142K->303684K(699392K), 0.0088437 secs] [Times: user=0.11 sys=0.00, real=0.01 secs] 
2016-09-15T11:44:48.914-0400: 272.213: [GC (GCLocker Initiated GC) [PSYoungGen: 173658K->73544K(175104K)] 398168K->328564K(699392K), 0.0094796 secs] [Times: user=0.10 sys=0.00, real=0.01 secs] 
2016-09-15T11:44:49.074-0400: 272.373: [GC (GCLocker Initiated GC) [PSYoungGen: 161608K->55579K(175104K)] 422907K->335386K(699392K), 0.0097665 secs] [Times: user=0.12 sys=0.00, real=0.01 secs] 
2016-09-15T11:44:49.209-0400: 272.508: [GC (GCLocker Initiated GC) [PSYoungGen: 143643K->55383K(175104K)] 435783K->347790K(699392K), 0.0077249 secs] [Times: user=0.08 sys=0.01, real=0.01 secs] 
2016-09-15T11:44:49.351-0400: 272.650: [GC (GCLocker Initiated GC) [PSYoungGen: 143447K->55387K(175104K)] 448259K->360295K(699392K), 0.0097295 secs] [Times: user=0.07 sys=0.00, real=0.01 secs] 
2016-09-15T11:44:49.494-0400: 272.793: [GC (GCLocker Initiated GC) [PSYoungGen: 143451K->43201K(175104K)] 460814K->379260K(699392K), 0.0105415 secs] [Times: user=0.15 sys=0.01, real=0.01 secs] 
2016-09-15T11:44:49.635-0400: 272.934: [GC (GCLocker Initiated GC) [PSYoungGen: 131265K->85954K(175104K)] 467432K->452804K(699392K), 0.0130141 secs] [Times: user=0.16 sys=0.00, real=0.02 secs] 
2016-09-15T11:44:49.766-0400: 273.065: [GC (Allocation Failure) [PSYoungGen: 174018K->79423K(175104K)] 541011K->464940K(699392K), 0.0150699 secs] [Times: user=0.17 sys=0.00, real=0.02 secs] 
2016-09-15T11:44:49.899-0400: 273.197: [GC (GCLocker Initiated GC) [PSYoungGen: 167198K->61626K(175104K)] 558790K->477621K(699392K), 0.0111190 secs] [Times: user=0.10 sys=0.00, real=0.01 secs] 
2016-09-15T11:44:50.046-0400: 273.345: [GC (GCLocker Initiated GC) [PSYoungGen: 149690K->55319K(175104K)] 565895K->508438K(699392K), 0.0191326 secs] [Times: user=0.22 sys=0.00, real=0.02 secs] 
2016-09-15T11:44:50.175-0400: 273.474: [GC (GCLocker Initiated GC) [PSYoungGen: 143383K->55419K(175104K)] 602764K->539196K(699392K), 0.0107679 secs] [Times: user=0.10 sys=0.01, real=0.01 secs] 
2016-09-15T11:44:50.186-0400: 273.485: [Full GC (Ergonomics) [PSYoungGen: 55419K->0K(175104K)] [ParOldGen: 483777K->49353K(524288K)] 539196K->49353K(699392K), [Metaspace: 44572K->44572K(1087488K)], 0.0579811 secs] [Times: user=0.38 sys=0.00, real=0.06 secs] 
2016-09-15T11:44:50.356-0400: 273.654: [GC (GCLocker Initiated GC) [PSYoungGen: 88064K->74028K(175104K)] 137491K->123455K(699392K), 0.0165210 secs] [Times: user=0.22 sys=0.00, real=0.02 secs] 
2016-09-15T11:44:50.497-0400: 273.796: [GC (GCLocker Initiated GC) [PSYoungGen: 162092K->67601K(175104K)] 211662K->135935K(699392K), 0.0087156 secs] [Times: user=0.09 sys=0.00, real=0.00 secs] 
2016-09-15T11:44:50.627-0400: 273.926: [GC (GCLocker Initiated GC) [PSYoungGen: 155665K->61462K(175104K)] 224360K->148782K(699392K), 0.0172744 secs] [Times: user=0.18 sys=0.00, real=0.02 secs] 
2016-09-15T11:44:50.800-0400: 274.099: [GC (GCLocker Initiated GC) [PSYoungGen: 149526K->55223K(175104K)] 236887K->161077K(699392K), 0.0099037 secs] [Times: user=0.09 sys=0.00, real=0.01 secs] 
2016-09-15T11:44:50.912-0400: 274.211: [GC (GCLocker Initiated GC) [PSYoungGen: 143287K->85822K(175104K)] 249188K->216355K(699392K), 0.0151570 secs] [Times: user=0.18 sys=0.00, real=0.01 secs] 
2016-09-15T11:44:51.066-0400: 274.365: [GC (Allocation Failure) [PSYoungGen: 173886K->74000K(175104K)] 304718K->296249K(699392K), 0.0188234 secs] [Times: user=0.27 sys=0.00, real=0.02 secs] 
2016-09-15T11:44:51.188-0400: 274.487: [GC (GCLocker Initiated GC) [PSYoungGen: 156385K->37094K(175104K)] 384709K->283934K(699392K), 0.0076506 secs] [Times: user=0.10 sys=0.00, real=0.01 secs] 
2016-09-15T11:44:51.297-0400: 274.596: [GC (GCLocker Initiated GC) [PSYoungGen: 125158K->86118K(175104K)] 372315K->339649K(699392K), 0.0186130 secs] [Times: user=0.26 sys=0.00, real=0.02 secs] 
2016-09-15T11:44:51.453-0400: 274.752: [GC (GCLocker Initiated GC) [PSYoungGen: 174182K->73804K(175104K)] 434054K->370597K(699392K), 0.0098833 secs] [Times: user=0.14 sys=0.00, real=0.01 secs] 
2016-09-15T11:44:51.600-0400: 274.899: [GC (GCLocker Initiated GC) [PSYoungGen: 161868K->55579K(175104K)] 465066K->358896K(699392K), 0.0066538 secs] [Times: user=0.08 sys=0.00, real=0.00 secs] 
2016-09-15T11:44:51.706-0400: 275.005: [GC (GCLocker Initiated GC) [PSYoungGen: 143643K->73380K(175104K)] 447108K->377129K(699392K), 0.0072162 secs] [Times: user=0.08 sys=0.00, real=0.01 secs] 
2016-09-15T11:44:51.840-0400: 275.139: [GC (Allocation Failure) [PSYoungGen: 161444K->85858K(175104K)] 465397K->408156K(699392K), 0.0113961 secs] [Times: user=0.11 sys=0.00, real=0.01 secs] 
2016-09-15T11:44:51.852-0400: 275.151: [GC (GCLocker Initiated GC) [PSYoungGen: 85874K->160K(175104K)] 408172K->432358K(699392K), 0.0089139 secs] [Times: user=0.10 sys=0.01, real=0.01 secs] 
2016-09-15T11:44:51.986-0400: 275.285: [Full GC (Ergonomics) [PSYoungGen: 86764K->0K(175104K)] [ParOldGen: 438273K->43241K(524288K)] 525037K->43241K(699392K), [Metaspace: 44572K->44572K(1087488K)], 0.0720597 secs] [Times: user=0.57 sys=0.00, real=0.08 secs] 
2016-09-15T11:44:52.180-0400: 275.479: [GC (GCLocker Initiated GC) [PSYoungGen: 88064K->85922K(175104K)] 131548K->135481K(699392K), 0.0108777 secs] [Times: user=0.14 sys=0.00, real=0.01 secs] 
2016-09-15T11:44:52.323-0400: 275.622: [GC (GCLocker Initiated GC) [PSYoungGen: 173986K->37158K(175104K)] 229785K->148112K(699392K), 0.0097996 secs] [Times: user=0.13 sys=0.00, real=0.01 secs] 
2016-09-15T11:44:52.476-0400: 275.775: [GC (Allocation Failure) [PSYoungGen: 125222K->61330K(175104K)] 236279K->172506K(699392K), 0.0092871 secs] [Times: user=0.08 sys=0.00, real=0.00 secs] 
2016-09-15T11:44:52.620-0400: 275.919: [GC (GCLocker Initiated GC) [PSYoungGen: 146014K->73672K(175104K)] 263266K->239831K(699392K), 0.0099711 secs] [Times: user=0.14 sys=0.00, real=0.01 secs] 
2016-09-15T11:44:52.756-0400: 276.055: [GC (GCLocker Initiated GC) [PSYoungGen: 161736K->73772K(175104K)] 328054K->240209K(699392K), 0.0225263 secs] [Times: user=0.31 sys=0.00, real=0.02 secs] 
2016-09-15T11:44:52.897-0400: 276.196: [GC (GCLocker Initiated GC) [PSYoungGen: 161836K->55415K(175104K)] 340739K->289121K(699392K), 0.0198679 secs] [Times: user=0.25 sys=0.00, real=0.02 secs] 
2016-09-15T11:44:53.061-0400: 276.360: [GC (GCLocker Initiated GC) [PSYoungGen: 143479K->37553K(175104K)] 383576K->295987K(699392K), 0.0083260 secs] [Times: user=0.08 sys=0.00, real=0.01 secs] 
2016-09-15T11:44:53.168-0400: 276.467: [GC (GCLocker Initiated GC) [PSYoungGen: 125617K->67533K(175104K)] 390381K->351312K(699392K), 0.0097828 secs] [Times: user=0.12 sys=0.00, real=0.01 secs] 
2016-09-15T11:44:53.295-0400: 276.594: [GC (GCLocker Initiated GC) [PSYoungGen: 155597K->49635K(175104K)] 451844K->425026K(699392K), 0.0107635 secs] [Times: user=0.14 sys=0.01, real=0.01 secs] 
2016-09-15T11:44:53.410-0400: 276.709: [GC (GCLocker Initiated GC) [PSYoungGen: 137699K->73640K(175104K)] 519218K->455441K(699392K), 0.0104604 secs] [Times: user=0.15 sys=0.00, real=0.01 secs] 
2016-09-15T11:44:53.523-0400: 276.822: [GC (GCLocker Initiated GC) [PSYoungGen: 161704K->85922K(175104K)] 543732K->468093K(699392K), 0.0114525 secs] [Times: user=0.12 sys=0.01, real=0.01 secs] 
2016-09-15T11:44:53.656-0400: 276.955: [GC (GCLocker Initiated GC) [PSYoungGen: 173986K->73476K(175104K)] 556199K->517067K(699392K), 0.0121546 secs] [Times: user=0.17 sys=0.00, real=0.01 secs] 
2016-09-15T11:44:53.669-0400: 276.968: [Full GC (Ergonomics) [PSYoungGen: 73476K->0K(175104K)] [ParOldGen: 443591K->49191K(524288K)] 517067K->49191K(699392K), [Metaspace: 44572K->44572K(1087488K)], 0.0591866 secs] [Times: user=0.40 sys=0.00, real=0.06 secs] 
2016-09-15T11:44:53.838-0400: 277.137: [GC (GCLocker Initiated GC) [PSYoungGen: 88064K->86210K(175104K)] 137504K->166025K(699392K), 0.0161993 secs] [Times: user=0.23 sys=0.00, real=0.01 secs] 
2016-09-15T11:44:54.008-0400: 277.307: [GC (Allocation Failure) [PSYoungGen: 174274K->43297K(175104K)] 260290K->202956K(699392K), 0.0171115 secs] [Times: user=0.23 sys=0.01, real=0.01 secs] 
2016-09-15T11:44:54.135-0400: 277.434: [GC (GCLocker Initiated GC) [PSYoungGen: 127112K->73640K(175104K)] 292847K->257743K(699392K), 0.0112772 secs] [Times: user=0.12 sys=0.01, real=0.01 secs] 
2016-09-15T11:44:54.281-0400: 277.580: [GC (GCLocker Initiated GC) [PSYoungGen: 161704K->55679K(175104K)] 346168K->276900K(699392K), 0.0137802 secs] [Times: user=0.15 sys=0.00, real=0.01 secs] 
2016-09-15T11:44:54.415-0400: 277.714: [GC (GCLocker Initiated GC) [PSYoungGen: 143743K->55515K(175104K)] 371400K->283448K(699392K), 0.0162844 secs] [Times: user=0.17 sys=0.00, real=0.02 secs] 
2016-09-15T11:44:54.567-0400: 277.866: [GC (GCLocker Initiated GC) [PSYoungGen: 143579K->36930K(175104K)] 377819K->289687K(699392K), 0.0137401 secs] [Times: user=0.15 sys=0.00, real=0.02 secs] 
2016-09-15T11:44:54.682-0400: 277.981: [GC (GCLocker Initiated GC) [PSYoungGen: 124994K->73776K(175104K)] 384187K->333048K(699392K), 0.0182889 secs] [Times: user=0.18 sys=0.00, real=0.02 secs] 
2016-09-15T11:44:54.831-0400: 278.130: [GC (GCLocker Initiated GC) [PSYoungGen: 161840K->61394K(175104K)] 421211K->339609K(699392K), 0.0105258 secs] [Times: user=0.11 sys=0.01, real=0.01 secs] 
2016-09-15T11:44:54.938-0400: 278.237: [GC (Allocation Failure) [PSYoungGen: 149458K->55127K(175104K)] 427821K->333578K(699392K), 0.0097402 secs] [Times: user=0.06 sys=0.00, real=0.01 secs] 
2016-09-15T11:44:55.050-0400: 278.349: [GC (GCLocker Initiated GC) [PSYoungGen: 143191K->85826K(175104K)] 421649K->401010K(699392K), 0.0207153 secs] [Times: user=0.22 sys=0.00, real=0.02 secs] 
2016-09-15T11:44:55.204-0400: 278.503: [GC (GCLocker Initiated GC) [PSYoungGen: 173890K->42877K(175104K)] 489440K->395145K(699392K), 0.0153770 secs] [Times: user=0.17 sys=0.00, real=0.02 secs] 
2016-09-15T11:44:55.317-0400: 278.616: [GC (GCLocker Initiated GC) [PSYoungGen: 130941K->85822K(175104K)] 483576K->444652K(699392K), 0.0098206 secs] [Times: user=0.12 sys=0.00, real=0.00 secs] 
2016-09-15T11:44:55.470-0400: 278.769: [GC (GCLocker Initiated GC) [PSYoungGen: 173886K->37194K(175104K)] 545221K->451321K(699392K), 0.0351221 secs] [Times: user=0.36 sys=0.01, real=0.03 secs] 
2016-09-15T11:44:55.625-0400: 278.924: [GC (GCLocker Initiated GC) [PSYoungGen: 125258K->61266K(175104K)] 551583K->487694K(699392K), 0.0420863 secs] [Times: user=0.43 sys=0.00, real=0.04 secs] 
2016-09-15T11:44:55.807-0400: 279.106: [GC (GCLocker Initiated GC) [PSYoungGen: 149330K->18837K(175104K)] 587957K->518325K(699392K), 0.0079349 secs] [Times: user=0.09 sys=0.00, real=0.01 secs] 
2016-09-15T11:44:55.815-0400: 279.114: [Full GC (Ergonomics) [PSYoungGen: 18837K->0K(175104K)] [ParOldGen: 499488K->49278K(524288K)] 518325K->49278K(699392K), [Metaspace: 44572K->44572K(1087488K)], 0.0633342 secs] [Times: user=0.41 sys=0.01, real=0.07 secs] 
2016-09-15T11:44:55.977-0400: 279.276: [GC (GCLocker Initiated GC) [PSYoungGen: 88064K->86178K(175104K)] 143477K->165891K(699392K), 0.0225205 secs] [Times: user=0.27 sys=0.00, real=0.02 secs] 
2016-09-15T11:44:56.104-0400: 279.403: [GC (Allocation Failure) [PSYoungGen: 174242K->68252K(175104K)] 254322K->233978K(699392K), 0.0113436 secs] [Times: user=0.17 sys=0.00, real=0.01 secs] 
2016-09-15T11:44:56.116-0400: 279.415: [GC (GCLocker Initiated GC) [PSYoungGen: 68268K->128K(175104K)] 233994K->257701K(699392K), 0.0100861 secs] [Times: user=0.13 sys=0.01, real=0.00 secs] 
2016-09-15T11:44:56.231-0400: 279.530: [GC (GCLocker Initiated GC) [PSYoungGen: 88192K->85858K(175104K)] 345765K->349506K(699392K), 0.0092206 secs] [Times: user=0.10 sys=0.01, real=0.01 secs] 
2016-09-15T11:44:56.366-0400: 279.665: [GC (GCLocker Initiated GC) [PSYoungGen: 173922K->49148K(175104K)] 437785K->367954K(699392K), 0.0120127 secs] [Times: user=0.09 sys=0.01, real=0.02 secs] 
2016-09-15T11:44:56.494-0400: 279.793: [GC (GCLocker Initiated GC) [PSYoungGen: 137212K->55547K(175104K)] 468440K->387059K(699392K), 0.0168046 secs] [Times: user=0.20 sys=0.01, real=0.02 secs] 
2016-09-15T11:44:56.658-0400: 279.957: [GC (Allocation Failure) [PSYoungGen: 143611K->37158K(175104K)] 493681K->405776K(699392K), 0.0128077 secs] [Times: user=0.16 sys=0.01, real=0.01 secs] 
2016-09-15T11:44:56.803-0400: 280.102: [GC (GCLocker Initiated GC) [PSYoungGen: 122090K->55383K(175104K)] 496784K->430195K(699392K), 0.0120776 secs] [Times: user=0.08 sys=0.00, real=0.01 secs] 
2016-09-15T11:44:56.930-0400: 280.229: [GC (Allocation Failure) [PSYoungGen: 143447K->67469K(175104K)] 525044K->449185K(699392K), 0.0227783 secs] [Times: user=0.27 sys=0.01, real=0.02 secs] 
2016-09-15T11:44:57.073-0400: 280.372: [GC (GCLocker Initiated GC) [PSYoungGen: 155533K->61426K(175104K)] 537255K->479881K(699392K), 0.0120646 secs] [Times: user=0.11 sys=0.00, real=0.01 secs] 
2016-09-15T11:44:57.209-0400: 280.508: [GC (GCLocker Initiated GC) [PSYoungGen: 149490K->85726K(175104K)] 568155K->522752K(699392K), 0.0103714 secs] [Times: user=0.12 sys=0.02, real=0.01 secs] 
2016-09-15T11:44:57.220-0400: 280.519: [Full GC (Ergonomics) [PSYoungGen: 85726K->0K(175104K)] [ParOldGen: 437026K->55739K(524288K)] 522752K->55739K(699392K), [Metaspace: 44572K->44572K(1087488K)], 0.0546985 secs] [Times: user=0.34 sys=0.01, real=0.05 secs] 
2016-09-15T11:44:57.380-0400: 280.679: [GC (GCLocker Initiated GC) [PSYoungGen: 88064K->86670K(175104K)] 143878K->166784K(699392K), 0.0107090 secs] [Times: user=0.14 sys=0.00, real=0.01 secs] 
2016-09-15T11:44:57.507-0400: 280.806: [GC (Allocation Failure) [PSYoungGen: 174734K->73640K(175104K)] 254867K->197189K(699392K), 0.0110412 secs] [Times: user=0.18 sys=0.00, real=0.02 secs] 
2016-09-15T11:44:57.644-0400: 280.943: [GC (GCLocker Initiated GC) [PSYoungGen: 157171K->73672K(175104K)] 286796K->240070K(699392K), 0.0126863 secs] [Times: user=0.14 sys=0.00, real=0.02 secs] 
2016-09-15T11:44:57.796-0400: 281.095: [GC (Allocation Failure) [PSYoungGen: 161736K->43297K(175104K)] 334413K->234522K(699392K), 0.0068007 secs] [Times: user=0.10 sys=0.00, real=0.00 secs] 
2016-09-15T11:44:57.893-0400: 281.192: [GC (GCLocker Initiated GC) [PSYoungGen: 131268K->73444K(175104K)] 322621K->265113K(699392K), 0.0095227 secs] [Times: user=0.15 sys=0.00, real=0.01 secs] 
2016-09-15T11:44:58.041-0400: 281.340: [GC (GCLocker Initiated GC) [PSYoungGen: 161508K->61686K(175104K)] 359355K->277854K(699392K), 0.0118634 secs] [Times: user=0.11 sys=0.00, real=0.01 secs] 
2016-09-15T11:44:58.179-0400: 281.478: [GC (GCLocker Initiated GC) [PSYoungGen: 149750K->55547K(175104K)] 372152K->327184K(699392K), 0.0106478 secs] [Times: user=0.12 sys=0.00, real=0.01 secs] 
2016-09-15T11:44:58.310-0400: 281.609: [GC (GCLocker Initiated GC) [PSYoungGen: 143611K->55775K(175104K)] 421438K->352110K(699392K), 0.0093583 secs] [Times: user=0.14 sys=0.00, real=0.01 secs] 
2016-09-15T11:44:58.451-0400: 281.750: [GC (GCLocker Initiated GC) [PSYoungGen: 143839K->73740K(175104K)] 440316K->388733K(699392K), 0.0101134 secs] [Times: user=0.11 sys=0.00, real=0.01 secs] 
2016-09-15T11:44:58.587-0400: 281.886: [GC (Allocation Failure) [PSYoungGen: 161804K->61294K(175104K)] 476973K->394996K(699392K), 0.0100880 secs] [Times: user=0.12 sys=0.00, real=0.02 secs] 
2016-09-15T11:44:58.692-0400: 281.991: [GC (GCLocker Initiated GC) [PSYoungGen: 149358K->67697K(175104K)] 483061K->419720K(699392K), 0.0130701 secs] [Times: user=0.13 sys=0.00, real=0.01 secs] 
2016-09-15T11:44:58.846-0400: 282.145: [GC (GCLocker Initiated GC) [PSYoungGen: 155761K->61362K(175104K)] 513923K->438041K(699392K), 0.0224597 secs] [Times: user=0.26 sys=0.00, real=0.03 secs] 
2016-09-15T11:44:59.025-0400: 282.324: [GC (GCLocker Initiated GC) [PSYoungGen: 149426K->85466K(175104K)] 526309K->480842K(699392K), 0.0167467 secs] [Times: user=0.17 sys=0.00, real=0.02 secs] 
2016-09-15T11:44:59.146-0400: 282.445: [GC (GCLocker Initiated GC) [PSYoungGen: 173530K->67241K(175104K)] 568977K->517531K(699392K), 0.0163683 secs] [Times: user=0.19 sys=0.01, real=0.02 secs] 
2016-09-15T11:44:59.274-0400: 282.573: [GC (GCLocker Initiated GC) [PSYoungGen: 155305K->73576K(175104K)] 605732K->560581K(699392K), 0.0193237 secs] [Times: user=0.22 sys=0.01, real=0.02 secs] 
2016-09-15T11:44:59.293-0400: 282.592: [Full GC (Ergonomics) [PSYoungGen: 73576K->0K(175104K)] [ParOldGen: 487004K->55989K(524288K)] 560581K->55989K(699392K), [Metaspace: 44572K->44572K(1087488K)], 0.0660803 secs] [Times: user=0.49 sys=0.01, real=0.07 secs] 
2016-09-15T11:44:59.465-0400: 282.764: [GC (GCLocker Initiated GC) [PSYoungGen: 88064K->86210K(175104K)] 156559K->160780K(699392K), 0.0089631 secs] [Times: user=0.11 sys=0.00, real=0.01 secs] 
2016-09-15T11:44:59.613-0400: 282.912: [GC (GCLocker Initiated GC) [PSYoungGen: 174274K->55319K(175104K)] 255084K->173298K(699392K), 0.0092244 secs] [Times: user=0.08 sys=0.00, real=0.01 secs] 
2016-09-15T11:44:59.735-0400: 283.034: [GC (GCLocker Initiated GC) [PSYoungGen: 143383K->37322K(175104K)] 267619K->192201K(699392K), 0.0096136 secs] [Times: user=0.06 sys=0.02, real=0.01 secs] 
2016-09-15T11:44:59.893-0400: 283.192: [GC (GCLocker Initiated GC) [PSYoungGen: 125386K->30955K(175104K)] 286395K->228705K(699392K), 0.0236685 secs] [Times: user=0.28 sys=0.00, real=0.03 secs] 
2016-09-15T11:45:00.045-0400: 283.344: [GC (Allocation Failure) [PSYoungGen: 119019K->67569K(175104K)] 317102K->296271K(699392K), 0.0199986 secs] [Times: user=0.20 sys=0.00, real=0.02 secs] 
2016-09-15T11:45:00.065-0400: 283.364: [GC (GCLocker Initiated GC) [PSYoungGen: 67585K->96K(175104K)] 296287K->320661K(699392K), 0.0093992 secs] [Times: user=0.13 sys=0.00, real=0.01 secs] 
2016-09-15T11:45:00.203-0400: 283.502: [GC (GCLocker Initiated GC) [PSYoungGen: 88160K->85854K(175104K)] 408731K->448950K(699392K), 0.0128336 secs] [Times: user=0.19 sys=0.00, real=0.02 secs] 
2016-09-15T11:45:00.325-0400: 283.624: [GC (GCLocker Initiated GC) [PSYoungGen: 173918K->79811K(175104K)] 537208K->498271K(699392K), 0.0141322 secs] [Times: user=0.22 sys=0.01, real=0.02 secs] 
2016-09-15T11:45:00.481-0400: 283.780: [GC (GCLocker Initiated GC) [PSYoungGen: 167875K->49408K(175104K)] 592732K->529059K(699392K), 0.0332801 secs] [Times: user=0.38 sys=0.00, real=0.03 secs] 
2016-09-15T11:45:00.515-0400: 283.813: [Full GC (Ergonomics) [PSYoungGen: 49408K->0K(175104K)] [ParOldGen: 479651K->54013K(524288K)] 529059K->54013K(699392K), [Metaspace: 44572K->44572K(1087488K)], 0.0730876 secs] [Times: user=0.58 sys=0.02, real=0.08 secs] 
2016-09-15T11:45:00.694-0400: 283.993: [GC (GCLocker Initiated GC) [PSYoungGen: 88064K->86046K(175104K)] 148402K->164609K(699392K), 0.0091171 secs] [Times: user=0.11 sys=0.00, real=0.01 secs] 
2016-09-15T11:45:00.827-0400: 284.126: [GC (GCLocker Initiated GC) [PSYoungGen: 174110K->55447K(175104K)] 252945K->219879K(699392K), 0.0177658 secs] [Times: user=0.20 sys=0.00, real=0.02 secs] 
2016-09-15T11:45:00.936-0400: 284.235: [GC (GCLocker Initiated GC) [PSYoungGen: 143511K->43173K(175104K)] 307992K->220063K(699392K), 0.0128241 secs] [Times: user=0.11 sys=0.01, real=0.01 secs] 
2016-09-15T11:45:01.050-0400: 284.349: [GC (GCLocker Initiated GC) [PSYoungGen: 131237K->85922K(175104K)] 320369K->293555K(699392K), 0.0226485 secs] [Times: user=0.24 sys=0.01, real=0.02 secs] 
2016-09-15T11:45:01.211-0400: 284.510: [GC (Allocation Failure) [PSYoungGen: 173986K->24588K(175104K)] 387792K->299403K(699392K), 0.0177473 secs] [Times: user=0.18 sys=0.01, real=0.02 secs] 
2016-09-15T11:45:01.324-0400: 284.623: [GC (GCLocker Initiated GC) [PSYoungGen: 107623K->73676K(175104K)] 388513K->391152K(699392K), 0.0339821 secs] [Times: user=0.41 sys=0.00, real=0.04 secs] 
2016-09-15T11:45:01.495-0400: 284.794: [GC (GCLocker Initiated GC) [PSYoungGen: 161740K->37354K(175104K)] 485579K->397958K(699392K), 0.0085241 secs] [Times: user=0.09 sys=0.00, real=0.01 secs] 
2016-09-15T11:45:01.637-0400: 284.936: [GC (GCLocker Initiated GC) [PSYoungGen: 125418K->85826K(175104K)] 486499K->447199K(699392K), 0.0087935 secs] [Times: user=0.09 sys=0.00, real=0.00 secs] 
2016-09-15T11:45:01.760-0400: 285.059: [GC (Allocation Failure) [PSYoungGen: 173890K->24784K(175104K)] 535305K->428983K(699392K), 0.0185451 secs] [Times: user=0.11 sys=0.00, real=0.02 secs] 
2016-09-15T11:45:01.886-0400: 285.185: [GC (GCLocker Initiated GC) [PSYoungGen: 111005K->61298K(175104K)] 521279K->496140K(699392K), 0.0166854 secs] [Times: user=0.16 sys=0.00, real=0.02 secs] 
2016-09-15T11:45:02.040-0400: 285.339: [Full GC (Ergonomics) [PSYoungGen: 149362K->0K(175104K)] [ParOldGen: 441177K->53932K(524288K)] 590539K->53932K(699392K), [Metaspace: 44572K->44572K(1087488K)], 0.0758078 secs] [Times: user=0.48 sys=0.01, real=0.08 secs] 
2016-09-15T11:45:02.236-0400: 285.535: [GC (Allocation Failure) [PSYoungGen: 88064K->86214K(175104K)] 148281K->152506K(699392K), 0.0127214 secs] [Times: user=0.12 sys=0.01, real=0.01 secs] 
2016-09-15T11:45:02.361-0400: 285.660: [GC (GCLocker Initiated GC) [PSYoungGen: 174278K->55223K(175104K)] 240575K->158634K(699392K), 0.0215703 secs] [Times: user=0.20 sys=0.00, real=0.02 secs] 
2016-09-15T11:45:02.515-0400: 285.814: [GC (GCLocker Initiated GC) [PSYoungGen: 143287K->43105K(175104K)] 246763K->201367K(699392K), 0.0166404 secs] [Times: user=0.17 sys=0.00, real=0.02 secs] 
2016-09-15T11:45:02.634-0400: 285.933: [GC (GCLocker Initiated GC) [PSYoungGen: 131169K->79751K(175104K)] 289798K->269039K(699392K), 0.0149484 secs] [Times: user=0.16 sys=0.00, real=0.02 secs] 
2016-09-15T11:45:02.785-0400: 286.084: [GC (Allocation Failure) [PSYoungGen: 167815K->79651K(175104K)] 357190K->305923K(699392K), 0.0179950 secs] [Times: user=0.22 sys=0.00, real=0.02 secs] 
2016-09-15T11:45:02.804-0400: 286.103: [GC (GCLocker Initiated GC) [PSYoungGen: 80521K->160K(175104K)] 306793K->311983K(699392K), 0.0087079 secs] [Times: user=0.10 sys=0.00, real=0.01 secs] 
2016-09-15T11:45:02.916-0400: 286.215: [GC (GCLocker Initiated GC) [PSYoungGen: 84034K->61878K(175104K)] 401932K->379792K(699392K), 0.0075122 secs] [Times: user=0.06 sys=0.00, real=0.00 secs] 
2016-09-15T11:45:03.083-0400: 286.382: [GC (Allocation Failure) [PSYoungGen: 149942K->73968K(175104K)] 474281K->417275K(699392K), 0.0112125 secs] [Times: user=0.14 sys=0.00, real=0.01 secs] 
2016-09-15T11:45:03.221-0400: 286.520: [GC (GCLocker Initiated GC) [PSYoungGen: 160961K->55547K(175104K)] 510343K->423453K(699392K), 0.0079389 secs] [Times: user=0.11 sys=0.00, real=0.01 secs] 
2016-09-15T11:45:03.332-0400: 286.631: [GC (GCLocker Initiated GC) [PSYoungGen: 143611K->85790K(175104K)] 511834K->472561K(699392K), 0.0100865 secs] [Times: user=0.10 sys=0.00, real=0.01 secs] 
2016-09-15T11:45:03.468-0400: 286.767: [GC (Allocation Failure) [PSYoungGen: 173854K->73412K(175104K)] 560779K->484880K(699392K), 0.0103890 secs] [Times: user=0.12 sys=0.00, real=0.01 secs] 
2016-09-15T11:45:03.602-0400: 286.901: [GC (GCLocker Initiated GC) [PSYoungGen: 158640K->73804K(175104K)] 576183K->534016K(699392K), 0.0107015 secs] [Times: user=0.15 sys=0.00, real=0.01 secs] 
2016-09-15T11:45:03.613-0400: 286.912: [Full GC (Ergonomics) [PSYoungGen: 73804K->0K(175104K)] [ParOldGen: 460212K->53917K(524288K)] 534016K->53917K(699392K), [Metaspace: 44582K->44582K(1087488K)], 0.0600418 secs] [Times: user=0.47 sys=0.00, real=0.06 secs] 
2016-09-15T11:45:03.793-0400: 287.092: [GC (GCLocker Initiated GC) [PSYoungGen: 88064K->86178K(175104K)] 142237K->164651K(699392K), 0.0100608 secs] [Times: user=0.14 sys=0.00, real=0.01 secs] 
2016-09-15T11:45:03.899-0400: 287.198: [GC (GCLocker Initiated GC) [PSYoungGen: 174242K->67697K(175104K)] 252885K->219788K(699392K), 0.0119378 secs] [Times: user=0.14 sys=0.00, real=0.01 secs] 
2016-09-15T11:45:04.040-0400: 287.339: [GC (GCLocker Initiated GC) [PSYoungGen: 155761K->67533K(175104K)] 314142K->244431K(699392K), 0.0177221 secs] [Times: user=0.21 sys=0.00, real=0.02 secs] 
2016-09-15T11:45:04.171-0400: 287.470: [GC (Allocation Failure) [PSYoungGen: 155597K->85954K(175104K)] 338679K->269155K(699392K), 0.0100303 secs] [Times: user=0.11 sys=0.00, real=0.01 secs] 
2016-09-15T11:45:04.294-0400: 287.593: [GC (GCLocker Initiated GC) [PSYoungGen: 174018K->55351K(175104K)] 357225K->299763K(699392K), 0.0107143 secs] [Times: user=0.09 sys=0.01, real=0.01 secs] 
2016-09-15T11:45:04.436-0400: 287.735: [GC (GCLocker Initiated GC) [PSYoungGen: 143415K->73740K(175104K)] 388087K->324731K(699392K), 0.0173194 secs] [Times: user=0.16 sys=0.00, real=0.01 secs] 
2016-09-15T11:45:04.608-0400: 287.907: [GC (Allocation Failure) [PSYoungGen: 161804K->43137K(175104K)] 418922K->318763K(699392K), 0.0088431 secs] [Times: user=0.08 sys=0.00, real=0.01 secs] 
2016-09-15T11:45:04.715-0400: 288.014: [GC (GCLocker Initiated GC) [PSYoungGen: 131201K->61362K(175104K)] 406833K->355315K(699392K), 0.0179229 secs] [Times: user=0.17 sys=0.00, real=0.02 secs] 
2016-09-15T11:45:04.864-0400: 288.163: [GC (GCLocker Initiated GC) [PSYoungGen: 149426K->61490K(175104K)] 455723K->404356K(699392K), 0.0140183 secs] [Times: user=0.15 sys=0.00, real=0.02 secs] 
2016-09-15T11:45:04.997-0400: 288.296: [GC (GCLocker Initiated GC) [PSYoungGen: 149554K->61430K(175104K)] 492782K->429225K(699392K), 0.0214431 secs] [Times: user=0.24 sys=0.00, real=0.02 secs] 
2016-09-15T11:45:05.158-0400: 288.457: [GC (GCLocker Initiated GC) [PSYoungGen: 149494K->55319K(175104K)] 517499K->460065K(699392K), 0.0226704 secs] [Times: user=0.27 sys=0.00, real=0.02 secs] 
2016-09-15T11:45:05.292-0400: 288.591: [GC (GCLocker Initiated GC) [PSYoungGen: 143383K->85822K(175104K)] 554263K->539346K(699392K), 0.0105359 secs] [Times: user=0.15 sys=0.00, real=0.01 secs] 
2016-09-15T11:45:05.303-0400: 288.602: [Full GC (Ergonomics) [PSYoungGen: 85822K->0K(175104K)] [ParOldGen: 453524K->60077K(524288K)] 539346K->60077K(699392K), [Metaspace: 44582K->44582K(1087488K)], 0.0584952 secs] [Times: user=0.49 sys=0.01, real=0.06 secs] 
2016-09-15T11:45:05.462-0400: 288.761: [GC (Allocation Failure) [PSYoungGen: 88064K->86242K(175104K)] 148496K->170974K(699392K), 0.0099238 secs] [Times: user=0.12 sys=0.00, real=0.01 secs] 
2016-09-15T11:45:05.605-0400: 288.904: [GC (GCLocker Initiated GC) [PSYoungGen: 171870K->42973K(175104K)] 262678K->158760K(699392K), 0.0254141 secs] [Times: user=0.24 sys=0.00, real=0.03 secs] 
2016-09-15T11:45:05.748-0400: 289.047: [GC (GCLocker Initiated GC) [PSYoungGen: 131037K->55355K(175104K)] 246888K->171302K(699392K), 0.0065450 secs] [Times: user=0.04 sys=0.00, real=0.00 secs] 
2016-09-15T11:45:05.886-0400: 289.185: [GC (GCLocker Initiated GC) [PSYoungGen: 143419K->73480K(175104K)] 259603K->226530K(699392K), 0.0118814 secs] [Times: user=0.10 sys=0.00, real=0.02 secs] 
2016-09-15T11:45:06.058-0400: 289.357: [GC (GCLocker Initiated GC) [PSYoungGen: 161544K->42973K(175104K)] 320896K->238870K(699392K), 0.0099124 secs] [Times: user=0.09 sys=0.00, real=0.01 secs] 
2016-09-15T11:45:06.190-0400: 289.489: [GC (Allocation Failure) [PSYoungGen: 131037K->55355K(175104K)] 327178K->251592K(699392K), 0.0214647 secs] [Times: user=0.21 sys=0.01, real=0.02 secs] 
2016-09-15T11:45:06.299-0400: 289.598: [GC (GCLocker Initiated GC) [PSYoungGen: 143419K->49308K(175104K)] 345731K->300683K(699392K), 0.0288250 secs] [Times: user=0.34 sys=0.01, real=0.03 secs] 
2016-09-15T11:45:06.447-0400: 289.746: [GC (GCLocker Initiated GC) [PSYoungGen: 137372K->73740K(175104K)] 394914K->367860K(699392K), 0.0309656 secs] [Times: user=0.43 sys=0.00, real=0.04 secs] 
2016-09-15T11:45:06.630-0400: 289.929: [GC (GCLocker Initiated GC) [PSYoungGen: 161804K->36998K(175104K)] 474437K->368264K(699392K), 0.0094741 secs] [Times: user=0.10 sys=0.00, real=0.01 secs] 
2016-09-15T11:45:06.768-0400: 290.067: [GC (Allocation Failure) [PSYoungGen: 125062K->55679K(175104K)] 456565K->387465K(699392K), 0.0058354 secs] [Times: user=0.06 sys=0.00, real=0.00 secs] 
2016-09-15T11:45:06.882-0400: 290.181: [GC (GCLocker Initiated GC) [PSYoungGen: 143743K->73644K(175104K)] 475535K->423757K(699392K), 0.0100892 secs] [Times: user=0.07 sys=0.00, real=0.01 secs] 
2016-09-15T11:45:07.015-0400: 290.313: [GC (GCLocker Initiated GC) [PSYoungGen: 161708K->73640K(175104K)] 524125K->454550K(699392K), 0.0113477 secs] [Times: user=0.12 sys=0.00, real=0.01 secs] 
2016-09-15T11:45:07.133-0400: 290.432: [GC (GCLocker Initiated GC) [PSYoungGen: 161704K->73608K(175104K)] 543260K->497989K(699392K), 0.0276835 secs] [Times: user=0.39 sys=0.00, real=0.03 secs] 
2016-09-15T11:45:07.295-0400: 290.594: [GC (GCLocker Initiated GC) [PSYoungGen: 161672K->73412K(175104K)] 586285K->528699K(699392K), 0.0105838 secs] [Times: user=0.13 sys=0.00, real=0.01 secs] 
2016-09-15T11:45:07.433-0400: 290.732: [GC (GCLocker Initiated GC) [PSYoungGen: 161476K->73772K(175104K)] 616765K->571722K(699392K), 0.0100766 secs] [Times: user=0.13 sys=0.01, real=0.01 secs] 
2016-09-15T11:45:07.443-0400: 290.742: [Full GC (Ergonomics) [PSYoungGen: 73772K->0K(175104K)] [ParOldGen: 497950K->48258K(524288K)] 571722K->48258K(699392K), [Metaspace: 44582K->44582K(1087488K)], 0.0595716 secs] [Times: user=0.33 sys=0.00, real=0.06 secs] 
2016-09-15T11:45:07.616-0400: 290.915: [GC (GCLocker Initiated GC) [PSYoungGen: 88064K->86018K(175104K)] 142736K->171065K(699392K), 0.0142334 secs] [Times: user=0.22 sys=0.00, real=0.01 secs] 
2016-09-15T11:45:07.745-0400: 291.044: [GC (GCLocker Initiated GC) [PSYoungGen: 174082K->79747K(175104K)] 259244K->244372K(699392K), 0.0148778 secs] [Times: user=0.22 sys=0.01, real=0.02 secs] 
2016-09-15T11:45:07.886-0400: 291.185: [GC (Allocation Failure) [PSYoungGen: 167811K->49344K(175104K)] 338828K->281410K(699392K), 0.0151654 secs] [Times: user=0.16 sys=0.01, real=0.02 secs] 
2016-09-15T11:45:08.018-0400: 291.317: [GC (GCLocker Initiated GC) [PSYoungGen: 137408K->55191K(175104K)] 369481K->305748K(699392K), 0.0111664 secs] [Times: user=0.10 sys=0.00, real=0.01 secs] 
2016-09-15T11:45:08.175-0400: 291.474: [GC (GCLocker Initiated GC) [PSYoungGen: 143255K->73804K(175104K)] 400249K->330934K(699392K), 0.0099256 secs] [Times: user=0.11 sys=0.00, real=0.01 secs] 
2016-09-15T11:45:08.307-0400: 291.606: [GC (Allocation Failure) [PSYoungGen: 161868K->24748K(175104K)] 419319K->337329K(699392K), 0.0101736 secs] [Times: user=0.08 sys=0.00, real=0.02 secs] 
2016-09-15T11:45:08.429-0400: 291.728: [GC (GCLocker Initiated GC) [PSYoungGen: 110781K->73872K(175104K)] 429438K->392648K(699392K), 0.0197667 secs] [Times: user=0.19 sys=0.00, real=0.02 secs] 
2016-09-15T11:45:08.572-0400: 291.871: [GC (Allocation Failure) [PSYoungGen: 161936K->55191K(175104K)] 480972K->393055K(699392K), 0.0134615 secs] [Times: user=0.17 sys=0.00, real=0.01 secs] 
2016-09-15T11:45:08.724-0400: 292.023: [GC (GCLocker Initiated GC) [PSYoungGen: 143233K->49276K(175104K)] 481354K->423982K(699392K), 0.0126678 secs] [Times: user=0.11 sys=0.00, real=0.02 secs] 
2016-09-15T11:45:08.860-0400: 292.159: [GC (GCLocker Initiated GC) [PSYoungGen: 137340K->55743K(175104K)] 530380K->467159K(699392K), 0.0118657 secs] [Times: user=0.14 sys=0.00, real=0.01 secs] 
2016-09-15T11:45:08.998-0400: 292.297: [GC (GCLocker Initiated GC) [PSYoungGen: 143807K->49344K(175104K)] 561301K->503572K(699392K), 0.0138280 secs] [Times: user=0.16 sys=0.00, real=0.01 secs] 
2016-09-15T11:45:09.012-0400: 292.311: [Full GC (Ergonomics) [PSYoungGen: 49344K->0K(175104K)] [ParOldGen: 454227K->48290K(524288K)] 503572K->48290K(699392K), [Metaspace: 44582K->44582K(1087488K)], 0.0597601 secs] [Times: user=0.39 sys=0.02, real=0.06 secs] 
2016-09-15T11:45:09.185-0400: 292.484: [GC (GCLocker Initiated GC) [PSYoungGen: 88064K->73768K(175104K)] 136417K->122121K(699392K), 0.0097374 secs] [Times: user=0.10 sys=0.00, real=0.01 secs] 
2016-09-15T11:45:09.308-0400: 292.607: [GC (GCLocker Initiated GC) [PSYoungGen: 161832K->85790K(175104K)] 210244K->171208K(699392K), 0.0096011 secs] [Times: user=0.12 sys=0.00, real=0.01 secs] 
2016-09-15T11:45:09.454-0400: 292.753: [GC (GCLocker Initiated GC) [PSYoungGen: 173854K->25075K(175104K)] 271474K->183729K(699392K), 0.0141834 secs] [Times: user=0.15 sys=0.00, real=0.02 secs] 
2016-09-15T11:45:09.584-0400: 292.883: [GC (GCLocker Initiated GC) [PSYoungGen: 113139K->79423K(175104K)] 272093K->238676K(699392K), 0.0107372 secs] [Times: user=0.12 sys=0.01, real=0.01 secs] 
2016-09-15T11:45:09.696-0400: 292.995: [GC (GCLocker Initiated GC) [PSYoungGen: 167487K->85986K(175104K)] 327028K->306413K(699392K), 0.0136657 secs] [Times: user=0.18 sys=0.00, real=0.01 secs] 
2016-09-15T11:45:09.865-0400: 293.164: [GC (GCLocker Initiated GC) [PSYoungGen: 174050K->79587K(175104K)] 394597K->342951K(699392K), 0.0117800 secs] [Times: user=0.14 sys=0.00, real=0.02 secs] 
2016-09-15T11:45:09.986-0400: 293.285: [GC (GCLocker Initiated GC) [PSYoungGen: 167651K->49312K(175104K)] 431191K->337411K(699392K), 0.0100711 secs] [Times: user=0.08 sys=0.00, real=0.02 secs] 
2016-09-15T11:45:10.107-0400: 293.406: [GC (GCLocker Initiated GC) [PSYoungGen: 137376K->55187K(175104K)] 431721K->398587K(699392K), 0.0196135 secs] [Times: user=0.22 sys=0.01, real=0.02 secs] 
2016-09-15T11:45:10.264-0400: 293.563: [GC (GCLocker Initiated GC) [PSYoungGen: 143251K->61490K(175104K)] 498871K->417206K(699392K), 0.0078953 secs] [Times: user=0.09 sys=0.01, real=0.01 secs] 
2016-09-15T11:45:10.405-0400: 293.704: [GC (GCLocker Initiated GC) [PSYoungGen: 149554K->67729K(175104K)] 523531K->484546K(699392K), 0.0086989 secs] [Times: user=0.10 sys=0.00, real=0.01 secs] 
2016-09-15T11:45:10.551-0400: 293.850: [GC (Allocation Failure) [PSYoungGen: 155793K->61426K(175104K)] 572618K->521075K(699392K), 0.0113643 secs] [Times: user=0.14 sys=0.00, real=0.01 secs] 
2016-09-15T11:45:10.563-0400: 293.862: [Full GC (Ergonomics) [PSYoungGen: 61426K->0K(175104K)] [ParOldGen: 459649K->42092K(524288K)] 521075K->42092K(699392K), [Metaspace: 44585K->44585K(1087488K)], 0.0674932 secs] [Times: user=0.47 sys=0.02, real=0.07 secs] 
2016-09-15T11:45:10.722-0400: 294.021: [GC (GCLocker Initiated GC) [PSYoungGen: 88064K->85886K(175104K)] 130161K->140133K(699392K), 0.0155332 secs] [Times: user=0.19 sys=0.00, real=0.02 secs] 
2016-09-15T11:45:10.857-0400: 294.155: [GC (GCLocker Initiated GC) [PSYoungGen: 173950K->55579K(175104K)] 234522K->153328K(699392K), 0.0164874 secs] [Times: user=0.23 sys=0.00, real=0.01 secs] 
2016-09-15T11:45:10.995-0400: 294.293: [GC (GCLocker Initiated GC) [PSYoungGen: 143643K->85658K(175104K)] 241440K->208071K(699392K), 0.0102133 secs] [Times: user=0.15 sys=0.00, real=0.01 secs] 
2016-09-15T11:45:11.115-0400: 294.414: [GC (GCLocker Initiated GC) [PSYoungGen: 173722K->55451K(175104K)] 296138K->244835K(699392K), 0.0134656 secs] [Times: user=0.18 sys=0.00, real=0.02 secs] 
2016-09-15T11:45:11.245-0400: 294.544: [GC (Allocation Failure) [PSYoungGen: 143515K->79715K(175104K)] 345309K->281833K(699392K), 0.0096850 secs] [Times: user=0.10 sys=0.00, real=0.01 secs] 
2016-09-15T11:45:11.379-0400: 294.678: [GC (GCLocker Initiated GC) [PSYoungGen: 165063K->31182K(175104K)] 373256K->263795K(699392K), 0.0069733 secs] [Times: user=0.05 sys=0.00, real=0.00 secs] 
2016-09-15T11:45:11.491-0400: 294.790: [GC (GCLocker Initiated GC) [PSYoungGen: 119246K->73672K(175104K)] 352086K->325051K(699392K), 0.0105293 secs] [Times: user=0.12 sys=0.01, real=0.01 secs] 
2016-09-15T11:45:11.630-0400: 294.929: [GC (Allocation Failure) [PSYoungGen: 161736K->86118K(175104K)] 413420K->362270K(699392K), 0.0135927 secs] [Times: user=0.20 sys=0.00, real=0.01 secs] 
2016-09-15T11:45:11.753-0400: 295.052: [GC (GCLocker Initiated GC) [PSYoungGen: 174182K->67729K(175104K)] 450339K->362395K(699392K), 0.0094311 secs] [Times: user=0.10 sys=0.00, real=0.01 secs] 
2016-09-15T11:45:11.887-0400: 295.186: [GC (Allocation Failure) [PSYoungGen: 155793K->43201K(175104K)] 469022K->381006K(699392K), 0.0083520 secs] [Times: user=0.06 sys=0.00, real=0.01 secs] 
2016-09-15T11:45:12.035-0400: 295.334: [GC (GCLocker Initiated GC) [PSYoungGen: 131265K->73676K(175104K)] 469076K->411590K(699392K), 0.0137714 secs] [Times: user=0.15 sys=0.01, real=0.02 secs] 
2016-09-15T11:45:12.153-0400: 295.452: [GC (GCLocker Initiated GC) [PSYoungGen: 161740K->73804K(175104K)] 499830K->430550K(699392K), 0.0114374 secs] [Times: user=0.14 sys=0.00, real=0.01 secs] 
2016-09-15T11:45:12.290-0400: 295.589: [GC (GCLocker Initiated GC) [PSYoungGen: 161868K->18869K(175104K)] 543084K->455060K(699392K), 0.0096576 secs] [Times: user=0.11 sys=0.00, real=0.01 secs] 
2016-09-15T11:45:12.430-0400: 295.729: [GC (GCLocker Initiated GC) [PSYoungGen: 106933K->61458K(175104K)] 543238K->497875K(699392K), 0.0120838 secs] [Times: user=0.14 sys=0.00, real=0.01 secs] 
2016-09-15T11:45:12.550-0400: 295.849: [GC (GCLocker Initiated GC) [PSYoungGen: 149522K->55615K(175104K)] 592185K->516662K(699392K), 0.0144483 secs] [Times: user=0.21 sys=0.00, real=0.01 secs] 
2016-09-15T11:45:12.565-0400: 295.864: [Full GC (Ergonomics) [PSYoungGen: 55615K->0K(175104K)] [ParOldGen: 461047K->48400K(524288K)] 516662K->48400K(699392K), [Metaspace: 44585K->44585K(1087488K)], 0.0564520 secs] [Times: user=0.43 sys=0.01, real=0.06 secs] 
2016-09-15T11:45:12.729-0400: 296.028: [GC (GCLocker Initiated GC) [PSYoungGen: 88064K->74028K(175104K)] 142615K->128579K(699392K), 0.0096579 secs] [Times: user=0.11 sys=0.00, real=0.01 secs] 
2016-09-15T11:45:12.858-0400: 296.157: [GC (GCLocker Initiated GC) [PSYoungGen: 162092K->67893K(175104K)] 222766K->147519K(699392K), 0.0103162 secs] [Times: user=0.09 sys=0.00, real=0.01 secs] 
2016-09-15T11:45:13.020-0400: 296.318: [GC (GCLocker Initiated GC) [PSYoungGen: 155957K->73608K(175104K)] 235675K->196330K(699392K), 0.0102879 secs] [Times: user=0.14 sys=0.01, real=0.01 secs] 
2016-09-15T11:45:13.169-0400: 296.468: [GC (Allocation Failure) [PSYoungGen: 161672K->37190K(175104K)] 296658K->190701K(699392K), 0.0157129 secs] [Times: user=0.08 sys=0.00, real=0.01 secs] 
2016-09-15T11:45:13.312-0400: 296.611: [GC (GCLocker Initiated GC) [PSYoungGen: 125254K->73640K(175104K)] 278770K->227260K(699392K), 0.0250724 secs] [Times: user=0.29 sys=0.00, real=0.03 secs] 
2016-09-15T11:45:13.451-0400: 296.750: [GC (GCLocker Initiated GC) [PSYoungGen: 161704K->61554K(175104K)] 315438K->270107K(699392K), 0.0100900 secs] [Times: user=0.14 sys=0.01, real=0.01 secs] 
2016-09-15T11:45:13.571-0400: 296.870: [GC (GCLocker Initiated GC) [PSYoungGen: 149618K->67761K(175104K)] 364372K->319140K(699392K), 0.0116481 secs] [Times: user=0.18 sys=0.00, real=0.01 secs] 
2016-09-15T11:45:13.671-0400: 296.970: [GC (GCLocker Initiated GC) [PSYoungGen: 155822K->73772K(175104K)] 407568K->374613K(699392K), 0.0133894 secs] [Times: user=0.21 sys=0.00, real=0.01 secs] 
2016-09-15T11:45:13.794-0400: 297.093: [GC (GCLocker Initiated GC) [PSYoungGen: 161836K->86150K(175104K)] 462747K->417728K(699392K), 0.0119481 secs] [Times: user=0.18 sys=0.00, real=0.01 secs] 
2016-09-15T11:45:13.919-0400: 297.218: [GC (GCLocker Initiated GC) [PSYoungGen: 174214K->49404K(175104K)] 518298K->485116K(699392K), 0.0130963 secs] [Times: user=0.20 sys=0.00, real=0.01 secs] 
2016-09-15T11:45:13.932-0400: 297.231: [Full GC (Ergonomics) [PSYoungGen: 49404K->0K(175104K)] [ParOldGen: 435712K->54859K(524288K)] 485116K->54859K(699392K), [Metaspace: 44593K->44593K(1087488K)], 0.0555125 secs] [Times: user=0.44 sys=0.00, real=0.06 secs] 
2016-09-15T11:45:14.098-0400: 297.397: [GC (Allocation Failure) [PSYoungGen: 88064K->73896K(175104K)] 149556K->135388K(699392K), 0.0068672 secs] [Times: user=0.08 sys=0.00, real=0.00 secs] 
2016-09-15T11:45:14.227-0400: 297.526: [GC (GCLocker Initiated GC) [PSYoungGen: 161960K->61266K(175104K)] 223458K->129338K(699392K), 0.0183933 secs] [Times: user=0.20 sys=0.00, real=0.02 secs] 
2016-09-15T11:45:14.416-0400: 297.715: [GC (Allocation Failure) [PSYoungGen: 149330K->73936K(175104K)] 217684K->142434K(699392K), 0.0308289 secs] [Times: user=0.41 sys=0.00, real=0.02 secs] 
2016-09-15T11:45:14.596-0400: 297.895: [GC (GCLocker Initiated GC) [PSYoungGen: 162000K->43073K(175104K)] 236573K->117881K(699392K), 0.0179968 secs] [Times: user=0.16 sys=0.00, real=0.01 secs] 
2016-09-15T11:45:14.758-0400: 298.057: [GC (GCLocker Initiated GC) [PSYoungGen: 131137K->43237K(175104K)] 212213K->124572K(699392K), 0.0102500 secs] [Times: user=0.09 sys=0.00, real=0.01 secs] 
2016-09-15T11:45:14.917-0400: 298.215: [GC (Allocation Failure) [PSYoungGen: 131301K->79815K(175104K)] 212913K->161742K(699392K), 0.0079927 secs] [Times: user=0.06 sys=0.00, real=0.00 secs] 
2016-09-15T11:45:15.092-0400: 298.391: [GC (GCLocker Initiated GC) [PSYoungGen: 167879K->36834K(175104K)] 249807K->143329K(699392K), 0.0150835 secs] [Times: user=0.14 sys=0.00, real=0.01 secs] 
2016-09-15T11:45:15.279-0400: 298.578: [GC (GCLocker Initiated GC) [PSYoungGen: 124898K->73480K(175104K)] 231558K->180227K(699392K), 0.0079453 secs] [Times: user=0.06 sys=0.00, real=0.00 secs] 
2016-09-15T11:45:15.470-0400: 298.769: [GC (GCLocker Initiated GC) [PSYoungGen: 161544K->55223K(175104K)] 268366K->162140K(699392K), 0.0116056 secs] [Times: user=0.12 sys=0.00, real=0.01 secs] 
2016-09-15T11:45:15.622-0400: 298.921: [GC (GCLocker Initiated GC) [PSYoungGen: 143287K->74000K(175104K)] 256567K->187571K(699392K), 0.0120628 secs] [Times: user=0.12 sys=0.00, real=0.01 secs] 
2016-09-15T11:45:15.786-0400: 299.085: [GC (GCLocker Initiated GC) [PSYoungGen: 162064K->85922K(175104K)] 275683K->230019K(699392K), 0.0353790 secs] [Times: user=0.41 sys=0.00, real=0.04 secs] 
2016-09-15T11:45:15.995-0400: 299.294: [GC (Allocation Failure) [PSYoungGen: 173986K->43165K(175104K)] 324161K->230081K(699392K), 0.0075153 secs] [Times: user=0.08 sys=0.00, real=0.01 secs] 
2016-09-15T11:45:16.147-0400: 299.446: [GC (GCLocker Initiated GC) [PSYoungGen: 131229K->49048K(175104K)] 318146K->236076K(699392K), 0.0144058 secs] [Times: user=0.13 sys=0.02, real=0.02 secs] 
2016-09-15T11:45:16.352-0400: 299.651: [GC (Allocation Failure) [PSYoungGen: 137112K->19264K(175104K)] 342452K->224724K(699392K), 0.0109775 secs] [Times: user=0.12 sys=0.00, real=0.01 secs] 
2016-09-15T11:45:16.528-0400: 299.827: [GC (GCLocker Initiated GC) [PSYoungGen: 107328K->55323K(175104K)] 312793K->261062K(699392K), 0.0271479 secs] [Times: user=0.29 sys=0.01, real=0.02 secs] 
2016-09-15T11:45:16.755-0400: 300.054: [GC (Allocation Failure) [PSYoungGen: 143387K->55255K(175104K)] 355551K->267515K(699392K), 0.0139081 secs] [Times: user=0.13 sys=0.02, real=0.02 secs] 
2016-09-15T11:45:16.998-0400: 300.297: [GC (GCLocker Initiated GC) [PSYoungGen: 138378K->36934K(175104K)] 356713K->255356K(699392K), 0.0227914 secs] [Times: user=0.23 sys=0.00, real=0.02 secs] 
2016-09-15T11:45:17.249-0400: 300.548: [GC (Allocation Failure) [PSYoungGen: 124998K->36998K(175104K)] 355680K->267743K(699392K), 0.0157491 secs] [Times: user=0.14 sys=0.00, real=0.01 secs] 
2016-09-15T11:45:17.479-0400: 300.778: [GC (GCLocker Initiated GC) [PSYoungGen: 125062K->55191K(175104K)] 355813K->286045K(699392K), 0.0231322 secs] [Times: user=0.24 sys=0.00, real=0.02 secs] 
2016-09-15T11:45:17.637-0400: 300.936: [GC (GCLocker Initiated GC) [PSYoungGen: 143255K->79687K(175104K)] 380338K->317037K(699392K), 0.0105893 secs] [Times: user=0.08 sys=0.00, real=0.00 secs] 
2016-09-15T11:45:17.788-0400: 301.087: [GC (Allocation Failure) [PSYoungGen: 167751K->49671K(175104K)] 405451K->348561K(699392K), 0.0185679 secs] [Times: user=0.19 sys=0.00, real=0.01 secs] 
2016-09-15T11:45:17.950-0400: 301.249: [GC (GCLocker Initiated GC) [PSYoungGen: 137018K->67277K(175104K)] 441983K->372492K(699392K), 0.0102217 secs] [Times: user=0.08 sys=0.00, real=0.01 secs] 
2016-09-15T11:45:18.117-0400: 301.416: [GC (GCLocker Initiated GC) [PSYoungGen: 155341K->37130K(175104K)] 466846K->366964K(699392K), 0.0216586 secs] [Times: user=0.24 sys=0.00, real=0.02 secs] 
2016-09-15T11:45:18.341-0400: 301.640: [GC (GCLocker Initiated GC) [PSYoungGen: 125194K->18805K(175104K)] 473817K->367883K(699392K), 0.0101120 secs] [Times: user=0.11 sys=0.00, real=0.01 secs] 
2016-09-15T11:45:18.543-0400: 301.842: [GC (GCLocker Initiated GC) [PSYoungGen: 106869K->85790K(175104K)] 455989K->441308K(699392K), 0.0308829 secs] [Times: user=0.37 sys=0.00, real=0.03 secs] 
2016-09-15T11:45:18.740-0400: 302.039: [GC (GCLocker Initiated GC) [PSYoungGen: 173854K->67469K(175104K)] 529666K->472197K(699392K), 0.0333270 secs] [Times: user=0.40 sys=0.00, real=0.03 secs] 
2016-09-15T11:45:18.949-0400: 302.248: [GC (GCLocker Initiated GC) [PSYoungGen: 155533K->73384K(175104K)] 572475K->490578K(699392K), 0.0072214 secs] [Times: user=0.05 sys=0.01, real=0.01 secs] 
2016-09-15T11:45:19.120-0400: 302.419: [GC (GCLocker Initiated GC) [PSYoungGen: 161448K->67537K(175104K)] 578690K->521332K(699392K), 0.0102269 secs] [Times: user=0.11 sys=0.00, real=0.01 secs] 
2016-09-15T11:45:19.305-0400: 302.604: [GC (Allocation Failure) [PSYoungGen: 155601K->43237K(175104K)] 609594K->546105K(699392K), 0.0109890 secs] [Times: user=0.10 sys=0.00, real=0.02 secs] 
2016-09-15T11:45:19.316-0400: 302.615: [Full GC (Ergonomics) [PSYoungGen: 43237K->0K(175104K)] [ParOldGen: 502868K->48880K(524288K)] 546105K->48880K(699392K), [Metaspace: 44630K->44630K(1087488K)], 0.0615344 secs] [Times: user=0.42 sys=0.01, real=0.06 secs] 
2016-09-15T11:45:19.539-0400: 302.838: [GC (GCLocker Initiated GC) [PSYoungGen: 88064K->86086K(175104K)] 136944K->141041K(699392K), 0.0219398 secs] [Times: user=0.29 sys=0.00, real=0.02 secs] 
2016-09-15T11:45:19.755-0400: 303.054: [GC (GCLocker Initiated GC) [PSYoungGen: 174150K->55415K(175104K)] 235249K->135359K(699392K), 0.0068832 secs] [Times: user=0.06 sys=0.00, real=0.01 secs] 
2016-09-15T11:45:19.919-0400: 303.217: [GC (GCLocker Initiated GC) [PSYoungGen: 143479K->55519K(175104K)] 223549K->166083K(699392K), 0.0233241 secs] [Times: user=0.25 sys=0.00, real=0.02 secs] 
2016-09-15T11:45:20.128-0400: 303.427: [GC (GCLocker Initiated GC) [PSYoungGen: 143583K->67341K(175104K)] 254340K->190679K(699392K), 0.0096305 secs] [Times: user=0.08 sys=0.00, real=0.01 secs] 
2016-09-15T11:45:20.309-0400: 303.608: [GC (GCLocker Initiated GC) [PSYoungGen: 155405K->67537K(175104K)] 278970K->191385K(699392K), 0.0084619 secs] [Times: user=0.06 sys=0.00, real=0.01 secs] 
2016-09-15T11:45:20.513-0400: 303.812: [GC (Allocation Failure) [PSYoungGen: 155601K->55515K(175104K)] 285706K->222337K(699392K), 0.0173618 secs] [Times: user=0.19 sys=0.00, real=0.02 secs] 
2016-09-15T11:45:20.693-0400: 303.992: [GC (GCLocker Initiated GC) [PSYoungGen: 143579K->67633K(175104K)] 310407K->271179K(699392K), 0.0237154 secs] [Times: user=0.26 sys=0.01, real=0.03 secs] 
2016-09-15T11:45:20.899-0400: 304.198: [GC (GCLocker Initiated GC) [PSYoungGen: 155697K->85858K(175104K)] 359368K->289797K(699392K), 0.0145877 secs] [Times: user=0.16 sys=0.00, real=0.01 secs] 
2016-09-15T11:45:21.089-0400: 304.388: [GC (Allocation Failure) [PSYoungGen: 173922K->49312K(175104K)] 378099K->259799K(699392K), 0.0147482 secs] [Times: user=0.12 sys=0.00, real=0.01 secs] 
2016-09-15T11:45:21.281-0400: 304.580: [GC (GCLocker Initiated GC) [PSYoungGen: 137376K->73708K(175104K)] 347864K->302720K(699392K), 0.0146646 secs] [Times: user=0.14 sys=0.00, real=0.02 secs] 
2016-09-15T11:45:21.473-0400: 304.772: [GC (GCLocker Initiated GC) [PSYoungGen: 161772K->85662K(175104K)] 390966K->315139K(699392K), 0.0095488 secs] [Times: user=0.10 sys=0.00, real=0.01 secs] 
2016-09-15T11:45:21.660-0400: 304.959: [GC (GCLocker Initiated GC) [PSYoungGen: 173726K->61362K(175104K)] 403508K->321811K(699392K), 0.0095541 secs] [Times: user=0.07 sys=0.01, real=0.01 secs] 
2016-09-15T11:45:21.842-0400: 305.141: [GC (GCLocker Initiated GC) [PSYoungGen: 149426K->73512K(175104K)] 410084K->334429K(699392K), 0.0075090 secs] [Times: user=0.07 sys=0.00, real=0.01 secs] 
2016-09-15T11:45:22.029-0400: 305.328: [GC (GCLocker Initiated GC) [PSYoungGen: 161576K->61398K(175104K)] 422788K->322689K(699392K), 0.0079396 secs] [Times: user=0.06 sys=0.00, real=0.01 secs] 
2016-09-15T11:45:22.191-0400: 305.490: [GC (GCLocker Initiated GC) [PSYoungGen: 149462K->67341K(175104K)] 410947K->329077K(699392K), 0.0229019 secs] [Times: user=0.22 sys=0.00, real=0.02 secs] 
2016-09-15T11:45:22.418-0400: 305.717: [GC (GCLocker Initiated GC) [PSYoungGen: 155405K->67505K(175104K)] 417294K->329662K(699392K), 0.0126507 secs] [Times: user=0.13 sys=0.00, real=0.01 secs] 
2016-09-15T11:45:22.654-0400: 305.952: [GC (Allocation Failure) [PSYoungGen: 155569K->37453K(175104K)] 430209K->312361K(699392K), 0.0310298 secs] [Times: user=0.35 sys=0.01, real=0.03 secs] 
2016-09-15T11:45:22.834-0400: 306.133: [GC (GCLocker Initiated GC) [PSYoungGen: 125517K->55451K(175104K)] 400431K->330467K(699392K), 0.0105902 secs] [Times: user=0.10 sys=0.00, real=0.01 secs] 
2016-09-15T11:45:22.984-0400: 306.283: [GC (GCLocker Initiated GC) [PSYoungGen: 143515K->61526K(175104K)] 424760K->343054K(699392K), 0.0248841 secs] [Times: user=0.27 sys=0.00, real=0.03 secs] 
2016-09-15T11:45:23.162-0400: 306.461: [GC (Allocation Failure) [PSYoungGen: 149590K->55159K(175104K)] 431289K->379666K(699392K), 0.0095785 secs] [Times: user=0.09 sys=0.01, real=0.01 secs] 
2016-09-15T11:45:23.346-0400: 306.645: [GC (Allocation Failure) [PSYoungGen: 139513K->37226K(175104K)] 464020K->404558K(699392K), 0.0312050 secs] [Times: user=0.35 sys=0.00, real=0.04 secs] 
2016-09-15T11:45:23.518-0400: 306.817: [GC (GCLocker Initiated GC) [PSYoungGen: 125290K->73416K(175104K)] 492627K->441021K(699392K), 0.0147749 secs] [Times: user=0.15 sys=0.00, real=0.01 secs] 
2016-09-15T11:45:23.703-0400: 307.002: [GC (Allocation Failure) [PSYoungGen: 161480K->85694K(175104K)] 529160K->471866K(699392K), 0.0181523 secs] [Times: user=0.17 sys=0.00, real=0.02 secs] 
2016-09-15T11:45:23.884-0400: 307.183: [GC (GCLocker Initiated GC) [PSYoungGen: 170892K->55451K(175104K)] 563139K->484260K(699392K), 0.0159353 secs] [Times: user=0.15 sys=0.01, real=0.02 secs] 
2016-09-15T11:45:24.055-0400: 307.354: [GC (GCLocker Initiated GC) [PSYoungGen: 143515K->73448K(175104K)] 572398K->502763K(699392K), 0.0099789 secs] [Times: user=0.10 sys=0.00, real=0.01 secs] 
2016-09-15T11:45:24.240-0400: 307.539: [GC (GCLocker Initiated GC) [PSYoungGen: 161512K->61494K(175104K)] 591042K->509360K(699392K), 0.0141377 secs] [Times: user=0.11 sys=0.01, real=0.01 secs] 
2016-09-15T11:45:24.413-0400: 307.712: [GC (GCLocker Initiated GC) [PSYoungGen: 149558K->73384K(175104K)] 597506K->521567K(699392K), 0.0148333 secs] [Times: user=0.12 sys=0.00, real=0.02 secs] 
2016-09-15T11:45:24.591-0400: 307.890: [GC (GCLocker Initiated GC) [PSYoungGen: 161448K->61462K(175104K)] 609784K->546508K(699392K), 0.0135000 secs] [Times: user=0.13 sys=0.00, real=0.01 secs] 
2016-09-15T11:45:24.605-0400: 307.904: [Full GC (Ergonomics) [PSYoungGen: 61462K->0K(175104K)] [ParOldGen: 485046K->48888K(524288K)] 546508K->48888K(699392K), [Metaspace: 44631K->44631K(1087488K)], 0.0694123 secs] [Times: user=0.43 sys=0.00, real=0.07 secs] 
2016-09-15T11:45:24.886-0400: 308.185: [GC (GCLocker Initiated GC) [PSYoungGen: 88064K->67797K(175104K)] 136954K->116687K(699392K), 0.0174019 secs] [Times: user=0.20 sys=0.00, real=0.02 secs] 
2016-09-15T11:45:25.049-0400: 308.348: [GC (GCLocker Initiated GC) [PSYoungGen: 155861K->67601K(175104K)] 210833K->141081K(699392K), 0.0162171 secs] [Times: user=0.16 sys=0.00, real=0.01 secs] 
2016-09-15T11:45:25.246-0400: 308.545: [GC (GCLocker Initiated GC) [PSYoungGen: 155665K->49344K(175104K)] 235564K->160082K(699392K), 0.0179427 secs] [Times: user=0.20 sys=0.00, real=0.02 secs] 
2016-09-15T11:45:25.423-0400: 308.722: [GC (GCLocker Initiated GC) [PSYoungGen: 137408K->73448K(175104K)] 254425K->190740K(699392K), 0.0106945 secs] [Times: user=0.11 sys=0.00, real=0.01 secs] 
2016-09-15T11:45:25.597-0400: 308.896: [GC (GCLocker Initiated GC) [PSYoungGen: 161512K->30823K(175104K)] 285139K->191175K(699392K), 0.0118614 secs] [Times: user=0.11 sys=0.00, real=0.01 secs] 
2016-09-15T11:45:25.765-0400: 309.064: [GC (Allocation Failure) [PSYoungGen: 118887K->79555K(175104K)] 279349K->240136K(699392K), 0.0324618 secs] [Times: user=0.36 sys=0.00, real=0.04 secs] 
2016-09-15T11:45:25.979-0400: 309.278: [GC (GCLocker Initiated GC) [PSYoungGen: 163465K->24848K(175104K)] 330121K->234312K(699392K), 0.0137424 secs] [Times: user=0.14 sys=0.00, real=0.01 secs] 
2016-09-15T11:45:26.183-0400: 309.482: [GC (Allocation Failure) [PSYoungGen: 112912K->55027K(175104K)] 322496K->264894K(699392K), 0.0169724 secs] [Times: user=0.16 sys=0.02, real=0.02 secs] 
2016-09-15T11:45:26.386-0400: 309.685: [GC (GCLocker Initiated GC) [PSYoungGen: 143091K->73612K(175104K)] 352958K->283582K(699392K), 0.0093323 secs] [Times: user=0.08 sys=0.00, real=0.01 secs] 
2016-09-15T11:45:26.545-0400: 309.844: [GC (GCLocker Initiated GC) [PSYoungGen: 161676K->37553K(175104K)] 383799K->259968K(699392K), 0.0155690 secs] [Times: user=0.17 sys=0.00, real=0.02 secs] 
2016-09-15T11:45:26.742-0400: 310.041: [GC (GCLocker Initiated GC) [PSYoungGen: 125617K->37062K(175104K)] 348034K->259573K(699392K), 0.0222440 secs] [Times: user=0.25 sys=0.00, real=0.02 secs] 
2016-09-15T11:45:26.930-0400: 310.229: [GC (Allocation Failure) [PSYoungGen: 125126K->61166K(175104K)] 347639K->283923K(699392K), 0.0175697 secs] [Times: user=0.17 sys=0.00, real=0.01 secs] 
2016-09-15T11:45:27.131-0400: 310.430: [GC (GCLocker Initiated GC) [PSYoungGen: 149230K->55191K(175104K)] 371992K->278041K(699392K), 0.0064731 secs] [Times: user=0.05 sys=0.00, real=0.01 secs] 
2016-09-15T11:45:27.310-0400: 310.609: [GC (Allocation Failure) [PSYoungGen: 143255K->37030K(175104K)] 378515K->272549K(699392K), 0.0092072 secs] [Times: user=0.08 sys=0.00, real=0.01 secs] 
2016-09-15T11:45:27.541-0400: 310.840: [GC (Allocation Failure) [PSYoungGen: 125094K->55091K(175104K)] 360613K->290698K(699392K), 0.0087903 secs] [Times: user=0.08 sys=0.00, real=0.01 secs] 
2016-09-15T11:45:27.689-0400: 310.988: [GC (GCLocker Initiated GC) [PSYoungGen: 143155K->73644K(175104K)] 378767K->309391K(699392K), 0.0115241 secs] [Times: user=0.09 sys=0.00, real=0.01 secs] 
2016-09-15T11:45:27.853-0400: 311.152: [GC (GCLocker Initiated GC) [PSYoungGen: 161708K->79455K(175104K)] 397514K->333778K(699392K), 0.0234779 secs] [Times: user=0.26 sys=0.01, real=0.03 secs] 
2016-09-15T11:45:28.052-0400: 311.351: [GC (GCLocker Initiated GC) [PSYoungGen: 167519K->37258K(175104K)] 434342K->328492K(699392K), 0.0083257 secs] [Times: user=0.08 sys=0.00, real=0.01 secs] 
2016-09-15T11:45:28.222-0400: 311.521: [GC (Allocation Failure) [PSYoungGen: 125322K->55159K(175104K)] 416765K->346838K(699392K), 0.0274369 secs] [Times: user=0.26 sys=0.00, real=0.03 secs] 
2016-09-15T11:45:28.445-0400: 311.744: [GC (GCLocker Initiated GC) [PSYoungGen: 143223K->61362K(175104K)] 434907K->353306K(699392K), 0.0066404 secs] [Times: user=0.06 sys=0.00, real=0.01 secs] 
2016-09-15T11:45:28.611-0400: 311.910: [GC (GCLocker Initiated GC) [PSYoungGen: 149426K->67437K(175104K)] 441736K->359843K(699392K), 0.0189098 secs] [Times: user=0.21 sys=0.00, real=0.02 secs] 
2016-09-15T11:45:28.811-0400: 312.110: [GC (GCLocker Initiated GC) [PSYoungGen: 155501K->61430K(175104K)] 454052K->360060K(699392K), 0.0084116 secs] [Times: user=0.06 sys=0.00, real=0.01 secs] 
2016-09-15T11:45:29.000-0400: 312.299: [GC (Allocation Failure) [PSYoungGen: 149494K->61526K(175104K)] 448166K->384773K(699392K), 0.0116042 secs] [Times: user=0.06 sys=0.00, real=0.01 secs] 
2016-09-15T11:45:29.208-0400: 312.507: [GC (GCLocker Initiated GC) [PSYoungGen: 149590K->73544K(175104K)] 472843K->433539K(699392K), 0.0156863 secs] [Times: user=0.14 sys=0.00, real=0.01 secs] 
2016-09-15T11:45:29.367-0400: 312.666: [GC (GCLocker Initiated GC) [PSYoungGen: 161608K->67373K(175104K)] 521645K->427505K(699392K), 0.0120069 secs] [Times: user=0.10 sys=0.00, real=0.02 secs] 
2016-09-15T11:45:29.566-0400: 312.865: [GC (Allocation Failure) [PSYoungGen: 155437K->61426K(175104K)] 521820K->482752K(699392K), 0.0224494 secs] [Times: user=0.19 sys=0.00, real=0.03 secs] 
2016-09-15T11:45:29.739-0400: 313.038: [GC (GCLocker Initiated GC) [PSYoungGen: 149490K->49248K(175104K)] 570821K->482825K(699392K), 0.0241841 secs] [Times: user=0.23 sys=0.00, real=0.02 secs] 
2016-09-15T11:45:29.950-0400: 313.249: [GC (GCLocker Initiated GC) [PSYoungGen: 137312K->55323K(143872K)] 583081K->501515K(668160K), 0.0127963 secs] [Times: user=0.14 sys=0.00, real=0.01 secs] 
2016-09-15T11:45:30.106-0400: 313.405: [GC (GCLocker Initiated GC) [PSYoungGen: 143387K->55291K(175104K)] 589822K->520203K(699392K), 0.0157864 secs] [Times: user=0.17 sys=0.00, real=0.02 secs] 
2016-09-15T11:45:30.258-0400: 313.557: [GC (GCLocker Initiated GC) [PSYoungGen: 145403K->61362K(173056K)] 610608K->526843K(697344K), 0.0140819 secs] [Times: user=0.15 sys=0.00, real=0.01 secs] 
2016-09-15T11:45:30.397-0400: 313.696: [GC (Allocation Failure) [PSYoungGen: 151474K->79555K(169472K)] 617198K->551458K(693760K), 0.0101590 secs] [Times: user=0.09 sys=0.01, real=0.00 secs] 
2016-09-15T11:45:30.560-0400: 313.859: [Full GC (Ergonomics) [PSYoungGen: 167186K->0K(169472K)] [ParOldGen: 477977K->48919K(524288K)] 645164K->48919K(693760K), [Metaspace: 44631K->44631K(1087488K)], 0.0619889 secs] [Times: user=0.34 sys=0.02, real=0.06 secs] 
2016-09-15T11:45:30.808-0400: 314.107: [GC (Allocation Failure) [PSYoungGen: 88064K->86374K(175104K)] 143093K->147478K(699392K), 0.0126825 secs] [Times: user=0.15 sys=0.00, real=0.01 secs] 
2016-09-15T11:45:30.963-0400: 314.262: [GC (GCLocker Initiated GC) [PSYoungGen: 174163K->55711K(175104K)] 241343K->141835K(699392K), 0.0125778 secs] [Times: user=0.13 sys=0.00, real=0.02 secs] 
2016-09-15T11:45:31.139-0400: 314.438: [GC (GCLocker Initiated GC) [PSYoungGen: 143775K->85790K(175104K)] 230215K->178596K(699392K), 0.0099986 secs] [Times: user=0.10 sys=0.00, real=0.01 secs] 
2016-09-15T11:45:31.305-0400: 314.604: [GC (Allocation Failure) [PSYoungGen: 173854K->61981K(175104K)] 273012K->161259K(699392K), 0.0081771 secs] [Times: user=0.09 sys=0.00, real=0.01 secs] 
2016-09-15T11:45:31.443-0400: 314.742: [GC (Allocation Failure) [PSYoungGen: 146269K->43105K(175104K)] 245547K->167122K(699392K), 0.0153974 secs] [Times: user=0.16 sys=0.01, real=0.02 secs] 
2016-09-15T11:45:31.649-0400: 314.948: [GC (GCLocker Initiated GC) [PSYoungGen: 128186K->55219K(175104K)] 258279K->185415K(699392K), 0.0065701 secs] [Times: user=0.06 sys=0.00, real=0.01 secs] 
2016-09-15T11:45:31.826-0400: 315.124: [GC (Allocation Failure) [PSYoungGen: 143283K->55615K(175104K)] 279780K->192223K(699392K), 0.0227994 secs] [Times: user=0.26 sys=0.00, real=0.03 secs] 
2016-09-15T11:45:32.015-0400: 315.314: [GC (GCLocker Initiated GC) [PSYoungGen: 143679K->73448K(175104K)] 280293K->210493K(699392K), 0.0302087 secs] [Times: user=0.31 sys=0.01, real=0.03 secs] 
2016-09-15T11:45:32.232-0400: 315.531: [GC (GCLocker Initiated GC) [PSYoungGen: 161512K->55223K(175104K)] 304749K->198555K(699392K), 0.0125676 secs] [Times: user=0.13 sys=0.00, real=0.01 secs] 
2016-09-15T11:45:32.439-0400: 315.738: [GC (GCLocker Initiated GC) [PSYoungGen: 143287K->67341K(175104K)] 292718K->217016K(699392K), 0.0352174 secs] [Times: user=0.38 sys=0.00, real=0.03 secs] 
2016-09-15T11:45:32.649-0400: 315.948: [GC (Allocation Failure) [PSYoungGen: 155405K->73804K(175104K)] 305251K->260211K(699392K), 0.0172658 secs] [Times: user=0.20 sys=0.01, real=0.01 secs] 
2016-09-15T11:45:32.667-0400: 315.966: [GC (GCLocker Initiated GC) [PSYoungGen: 73823K->128K(175104K)] 260231K->247768K(699392K), 0.0079575 secs] [Times: user=0.06 sys=0.00, real=0.01 secs] 
2016-09-15T11:45:32.869-0400: 316.168: [GC (GCLocker Initiated GC) [PSYoungGen: 88192K->73580K(175104K)] 335838K->321234K(699392K), 0.0074398 secs] [Times: user=0.06 sys=0.00, real=0.01 secs] 
2016-09-15T11:45:33.045-0400: 316.344: [GC (GCLocker Initiated GC) [PSYoungGen: 161644K->61430K(175104K)] 409371K->327821K(699392K), 0.0244766 secs] [Times: user=0.24 sys=0.00, real=0.03 secs] 
2016-09-15T11:45:33.266-0400: 316.565: [GC (Allocation Failure) [PSYoungGen: 149494K->67633K(175104K)] 416150K->334541K(699392K), 0.0087583 secs] [Times: user=0.09 sys=0.00, real=0.01 secs] 
2016-09-15T11:45:33.437-0400: 316.736: [GC (GCLocker Initiated GC) [PSYoungGen: 155697K->49148K(175104K)] 422610K->316329K(699392K), 0.0149213 secs] [Times: user=0.13 sys=0.00, real=0.01 secs] 
2016-09-15T11:45:33.611-0400: 316.910: [GC (GCLocker Initiated GC) [PSYoungGen: 137212K->73416K(175104K)] 404479K->340935K(699392K), 0.0134706 secs] [Times: user=0.13 sys=0.00, real=0.01 secs] 
2016-09-15T11:45:33.823-0400: 317.122: [GC (GCLocker Initiated GC) [PSYoungGen: 161480K->55387K(175104K)] 435277K->329428K(699392K), 0.0367935 secs] [Times: user=0.41 sys=0.00, real=0.04 secs] 
2016-09-15T11:45:34.054-0400: 317.353: [GC (Allocation Failure) [PSYoungGen: 143451K->67437K(175104K)] 417819K->342089K(699392K), 0.0072544 secs] [Times: user=0.06 sys=0.00, real=0.01 secs] 
2016-09-15T11:45:34.240-0400: 317.539: [GC (GCLocker Initiated GC) [PSYoungGen: 150648K->55387K(175104K)] 431375K->336193K(699392K), 0.0091743 secs] [Times: user=0.08 sys=0.00, real=0.01 secs] 
2016-09-15T11:45:34.415-0400: 317.714: [GC (Allocation Failure) [PSYoungGen: 143451K->73772K(175104K)] 424613K->355241K(699392K), 0.0129450 secs] [Times: user=0.14 sys=0.00, real=0.02 secs] 
2016-09-15T11:45:34.630-0400: 317.929: [GC (GCLocker Initiated GC) [PSYoungGen: 161500K->55547K(175104K)] 449045K->343563K(699392K), 0.0077768 secs] [Times: user=0.10 sys=0.00, real=0.01 secs] 
2016-09-15T11:45:34.792-0400: 318.091: [GC (GCLocker Initiated GC) [PSYoungGen: 143611K->73804K(175104K)] 431887K->362175K(699392K), 0.0093693 secs] [Times: user=0.08 sys=0.01, real=0.01 secs] 
2016-09-15T11:45:34.965-0400: 318.264: [GC (Allocation Failure) [PSYoungGen: 161868K->73480K(175104K)] 450595K->362466K(699392K), 0.0148575 secs] [Times: user=0.20 sys=0.00, real=0.02 secs] 
2016-09-15T11:45:35.137-0400: 318.436: [GC (GCLocker Initiated GC) [PSYoungGen: 161544K->73544K(175104K)] 450536K->362655K(699392K), 0.0144272 secs] [Times: user=0.14 sys=0.01, real=0.01 secs] 
2016-09-15T11:45:35.351-0400: 318.650: [GC (GCLocker Initiated GC) [PSYoungGen: 161608K->49148K(175104K)] 450761K->338552K(699392K), 0.0147560 secs] [Times: user=0.14 sys=0.00, real=0.01 secs] 
2016-09-15T11:45:35.499-0400: 318.798: [GC (GCLocker Initiated GC) [PSYoungGen: 137212K->61398K(175104K)] 426798K->357139K(699392K), 0.0272515 secs] [Times: user=0.25 sys=0.00, real=0.02 secs] 
2016-09-15T11:45:35.717-0400: 319.016: [GC (Allocation Failure) [PSYoungGen: 149462K->61330K(175104K)] 445412K->375749K(699392K), 0.0114111 secs] [Times: user=0.11 sys=0.00, real=0.01 secs] 
2016-09-15T11:45:35.900-0400: 319.199: [GC (GCLocker Initiated GC) [PSYoungGen: 149394K->61266K(149504K)] 463814K->375773K(673792K), 0.0087947 secs] [Times: user=0.07 sys=0.00, real=0.01 secs] 
2016-09-15T11:45:36.078-0400: 319.377: [GC (Allocation Failure) [PSYoungGen: 149330K->73580K(174080K)] 464192K->388701K(698368K), 0.0105337 secs] [Times: user=0.08 sys=0.00, real=0.01 secs] 
2016-09-15T11:45:36.261-0400: 319.560: [GC (GCLocker Initiated GC) [PSYoungGen: 161132K->61298K(174592K)] 476253K->376639K(698880K), 0.0109146 secs] [Times: user=0.06 sys=0.00, real=0.01 secs] 
2016-09-15T11:45:36.459-0400: 319.758: [GC (Allocation Failure) [PSYoungGen: 148850K->55223K(174592K)] 470464K->376924K(698880K), 0.0082388 secs] [Times: user=0.04 sys=0.00, real=0.00 secs] 
2016-09-15T11:45:36.641-0400: 319.940: [GC (Allocation Failure) [PSYoungGen: 144311K->79655K(174592K)] 466012K->401608K(698880K), 0.0196814 secs] [Times: user=0.19 sys=0.00, real=0.02 secs] 
2016-09-15T11:45:36.839-0400: 320.138: [GC (GCLocker Initiated GC) [PSYoungGen: 168743K->73640K(175104K)] 490701K->395874K(699392K), 0.0069960 secs] [Times: user=0.07 sys=0.00, real=0.00 secs] 
2016-09-15T11:45:37.020-0400: 320.319: [GC (Allocation Failure) [PSYoungGen: 161704K->61266K(175104K)] 484102K->383736K(699392K), 0.0131322 secs] [Times: user=0.10 sys=0.00, real=0.01 secs] 
2016-09-15T11:45:37.200-0400: 320.499: [GC (GCLocker Initiated GC) [PSYoungGen: 149328K->73544K(175104K)] 471804K->396279K(699392K), 0.0273951 secs] [Times: user=0.32 sys=0.00, real=0.02 secs] 
2016-09-15T11:45:37.388-0400: 320.687: [GC (Allocation Failure) [PSYoungGen: 161608K->55611K(175104K)] 490644K->384938K(699392K), 0.0067830 secs] [Times: user=0.07 sys=0.00, real=0.00 secs] 
2016-09-15T11:45:37.571-0400: 320.870: [GC (GCLocker Initiated GC) [PSYoungGen: 143675K->73544K(175104K)] 473008K->402996K(699392K), 0.0335794 secs] [Times: user=0.26 sys=0.02, real=0.03 secs] 
2016-09-15T11:45:37.787-0400: 321.086: [GC (GCLocker Initiated GC) [PSYoungGen: 161608K->73872K(175104K)] 491062K->403610K(699392K), 0.0304371 secs] [Times: user=0.40 sys=0.02, real=0.04 secs] 
2016-09-15T11:45:37.972-0400: 321.271: [GC (GCLocker Initiated GC) [PSYoungGen: 161936K->67437K(175104K)] 491867K->397635K(699392K), 0.0096677 secs] [Times: user=0.06 sys=0.00, real=0.01 secs] 
2016-09-15T11:45:38.170-0400: 321.469: [GC (Allocation Failure) [PSYoungGen: 155501K->55223K(175104K)] 491843K->391809K(699392K), 0.0266708 secs] [Times: user=0.31 sys=0.01, real=0.03 secs] 
2016-09-15T11:45:38.359-0400: 321.658: [GC (GCLocker Initiated GC) [PSYoungGen: 143287K->73672K(175104K)] 479878K->440774K(699392K), 0.0112565 secs] [Times: user=0.16 sys=0.00, real=0.01 secs] 
2016-09-15T11:45:38.549-0400: 321.848: [GC (GCLocker Initiated GC) [PSYoungGen: 161736K->55810K(175104K)] 535101K->429287K(699392K), 0.0117897 secs] [Times: user=0.14 sys=0.00, real=0.01 secs] 
2016-09-15T11:45:38.748-0400: 322.047: [GC (GCLocker Initiated GC) [PSYoungGen: 143874K->55579K(175104K)] 517357K->429352K(699392K), 0.0087519 secs] [Times: user=0.11 sys=0.00, real=0.01 secs] 
2016-09-15T11:45:38.918-0400: 322.217: [GC (GCLocker Initiated GC) [PSYoungGen: 143643K->55091K(175104K)] 523882K->435581K(699392K), 0.0075743 secs] [Times: user=0.06 sys=0.00, real=0.00 secs] 
2016-09-15T11:45:39.094-0400: 322.393: [GC (GCLocker Initiated GC) [PSYoungGen: 143155K->73608K(175104K)] 524012K->454624K(699392K), 0.0150551 secs] [Times: user=0.16 sys=0.00, real=0.02 secs] 
2016-09-15T11:45:39.250-0400: 322.549: [GC (GCLocker Initiated GC) [PSYoungGen: 161672K->67341K(175104K)] 542998K->466987K(699392K), 0.0264138 secs] [Times: user=0.25 sys=0.01, real=0.03 secs] 
2016-09-15T11:45:39.435-0400: 322.734: [GC (Allocation Failure) [PSYoungGen: 155405K->43696K(175104K)] 555057K->443429K(699392K), 0.0185925 secs] [Times: user=0.17 sys=0.00, real=0.02 secs] 
2016-09-15T11:45:39.607-0400: 322.906: [GC (GCLocker Initiated GC) [PSYoungGen: 126517K->36934K(175104K)] 532324K->443164K(699392K), 0.0152239 secs] [Times: user=0.15 sys=0.01, real=0.02 secs] 
2016-09-15T11:45:39.753-0400: 323.052: [GC (GCLocker Initiated GC) [PSYoungGen: 124998K->61430K(175104K)] 531387K->467915K(699392K), 0.0107236 secs] [Times: user=0.09 sys=0.00, real=0.01 secs] 
2016-09-15T11:45:39.924-0400: 323.223: [GC (GCLocker Initiated GC) [PSYoungGen: 149494K->73612K(175104K)] 556307K->492834K(699392K), 0.0221024 secs] [Times: user=0.20 sys=0.00, real=0.02 secs] 
2016-09-15T11:45:40.105-0400: 323.404: [GC (GCLocker Initiated GC) [PSYoungGen: 161676K->73544K(175104K)] 580968K->493127K(699392K), 0.0188380 secs] [Times: user=0.18 sys=0.00, real=0.02 secs] 
2016-09-15T11:45:40.298-0400: 323.597: [GC (Allocation Failure) [PSYoungGen: 161608K->73448K(175104K)] 581372K->493472K(699392K), 0.0098631 secs] [Times: user=0.08 sys=0.00, real=0.00 secs] 
2016-09-15T11:45:40.308-0400: 323.607: [GC (GCLocker Initiated GC) [PSYoungGen: 73464K->64K(175104K)] 493488K->493332K(699392K), 0.0208019 secs] [Times: user=0.21 sys=0.00, real=0.02 secs] 
2016-09-15T11:45:40.329-0400: 323.628: [Full GC (Ergonomics) [PSYoungGen: 64K->0K(175104K)] [ParOldGen: 493268K->48250K(524288K)] 493332K->48250K(699392K), [Metaspace: 44634K->44634K(1087488K)], 0.0586980 secs] [Times: user=0.28 sys=0.00, real=0.06 secs] 
2016-09-15T11:45:40.603-0400: 323.902: [GC (GCLocker Initiated GC) [PSYoungGen: 88064K->61594K(175104K)] 136319K->109849K(699392K), 0.0134588 secs] [Times: user=0.12 sys=0.00, real=0.02 secs] 
2016-09-15T11:45:40.815-0400: 324.114: [GC (GCLocker Initiated GC) [PSYoungGen: 149658K->48920K(175104K)] 198364K->116095K(699392K), 0.0158906 secs] [Times: user=0.12 sys=0.00, real=0.02 secs] 
2016-09-15T11:45:40.961-0400: 324.260: [GC (Allocation Failure) [PSYoungGen: 136984K->85858K(175104K)] 204312K->153337K(699392K), 0.0115116 secs] [Times: user=0.13 sys=0.00, real=0.01 secs] 
2016-09-15T11:45:41.101-0400: 324.400: [GC (GCLocker Initiated GC) [PSYoungGen: 173922K->61654K(175104K)] 241407K->184277K(699392K), 0.0244115 secs] [Times: user=0.28 sys=0.00, real=0.02 secs] 
2016-09-15T11:45:41.311-0400: 324.610: [GC (GCLocker Initiated GC) [PSYoungGen: 149718K->43009K(175104K)] 278536K->190319K(699392K), 0.0136803 secs] [Times: user=0.15 sys=0.00, real=0.01 secs] 
2016-09-15T11:45:41.479-0400: 324.778: [GC (GCLocker Initiated GC) [PSYoungGen: 131073K->55906K(175104K)] 284758K->209680K(699392K), 0.0093573 secs] [Times: user=0.10 sys=0.00, real=0.01 secs] 
2016-09-15T11:45:41.631-0400: 324.930: [GC (Allocation Failure) [PSYoungGen: 143970K->61526K(175104K)] 303922K->221753K(699392K), 0.0144518 secs] [Times: user=0.12 sys=0.00, real=0.01 secs] 
2016-09-15T11:45:41.794-0400: 325.092: [GC (GCLocker Initiated GC) [PSYoungGen: 145627K->55323K(175104K)] 311929K->234058K(699392K), 0.0144688 secs] [Times: user=0.14 sys=0.00, real=0.02 secs] 
2016-09-15T11:45:41.950-0400: 325.248: [GC (GCLocker Initiated GC) [PSYoungGen: 143387K->79783K(175104K)] 322304K->259007K(699392K), 0.0081087 secs] [Times: user=0.07 sys=0.00, real=0.01 secs] 
2016-09-15T11:45:42.093-0400: 325.391: [GC (GCLocker Initiated GC) [PSYoungGen: 167847K->67437K(175104K)] 347101K->283440K(699392K), 0.0282778 secs] [Times: user=0.28 sys=0.00, real=0.03 secs] 
2016-09-15T11:45:42.303-0400: 325.601: [GC (Allocation Failure) [PSYoungGen: 155501K->36738K(175104K)] 371546K->253034K(699392K), 0.0136512 secs] [Times: user=0.12 sys=0.00, real=0.02 secs] 
2016-09-15T11:45:42.463-0400: 325.762: [GC (GCLocker Initiated GC) [PSYoungGen: 124802K->61526K(175104K)] 341104K->314405K(699392K), 0.0157826 secs] [Times: user=0.17 sys=0.00, real=0.02 secs] 
2016-09-15T11:45:42.619-0400: 325.917: [GC (GCLocker Initiated GC) [PSYoungGen: 149590K->61526K(175104K)] 408749K->320960K(699392K), 0.0236574 secs] [Times: user=0.26 sys=0.00, real=0.02 secs] 
2016-09-15T11:45:42.760-0400: 326.059: [GC (GCLocker Initiated GC) [PSYoungGen: 149590K->79815K(175104K)] 409054K->351720K(699392K), 0.0093741 secs] [Times: user=0.10 sys=0.00, real=0.01 secs] 
2016-09-15T11:45:42.921-0400: 326.220: [GC (GCLocker Initiated GC) [PSYoungGen: 167879K->30923K(175104K)] 445940K->321409K(699392K), 0.0165876 secs] [Times: user=0.13 sys=0.01, real=0.02 secs] 
2016-09-15T11:45:43.071-0400: 326.370: [GC (GCLocker Initiated GC) [PSYoungGen: 118987K->61558K(175104K)] 409722K->352585K(699392K), 0.0183460 secs] [Times: user=0.18 sys=0.00, real=0.02 secs] 
2016-09-15T11:45:43.215-0400: 326.514: [GC (GCLocker Initiated GC) [PSYoungGen: 149622K->67569K(175104K)] 440887K->359093K(699392K), 0.0095062 secs] [Times: user=0.07 sys=0.00, real=0.01 secs] 
2016-09-15T11:45:43.365-0400: 326.664: [GC (GCLocker Initiated GC) [PSYoungGen: 155633K->73448K(175104K)] 447193K->365275K(699392K), 0.0095151 secs] [Times: user=0.08 sys=0.00, real=0.01 secs] 
2016-09-15T11:45:43.556-0400: 326.855: [GC (Allocation Failure) [PSYoungGen: 161512K->18641K(175104K)] 465491K->353106K(699392K), 0.0058474 secs] [Times: user=0.04 sys=0.00, real=0.00 secs] 
2016-09-15T11:45:44.108-0400: 327.407: [GC (GCLocker Initiated GC) [PSYoungGen: 106705K->18673K(175104K)] 441170K->371506K(699392K), 0.0094394 secs] [Times: user=0.08 sys=0.00, real=0.01 secs] 
