Java HotSpot(TM) 64-Bit Server VM (25.101-b13) for linux-amd64 JRE (1.8.0_101-b13), built on Jun 22 2016 02:59:44 by "java_re" with gcc 4.3.0 20080428 (Red Hat 4.3.0-8)
Memory: 4k page, physical 264122320k(101766448k free), swap 268399612k(268399612k free)
CommandLine flags: -XX:GCLogFileSize=1048576 -XX:+HeapDumpOnOutOfMemoryError -XX:HeapDumpPath=artifacts/heapdump -XX:InitialHeapSize=805306368 -XX:MaxHeapSize=805306368 -XX:NumberOfGCLogFiles=10 -XX:+PrintGC -XX:+PrintGCDateStamps -XX:+PrintGCDetails -XX:+PrintGCTimeStamps -XX:+UseCompressedClassPointers -XX:+UseCompressedOops -XX:+UseGCLogFileRotation -XX:+UseParallelGC 
2016-09-25T21:22:43.973-0400: 2.231: [GC (Metadata GC Threshold) [PSYoungGen: 121898K->15667K(229376K)] 121898K->15755K(753664K), 0.0212540 secs] [Times: user=0.13 sys=0.00, real=0.02 secs] 
2016-09-25T21:22:43.994-0400: 2.253: [Full GC (Metadata GC Threshold) [PSYoungGen: 15667K->0K(229376K)] [ParOldGen: 88K->14600K(348160K)] 15755K->14600K(577536K), [Metaspace: 21066K->21066K(1067008K)], 0.0470624 secs] [Times: user=0.30 sys=0.02, real=0.05 secs] 
2016-09-25T21:22:45.833-0400: 4.091: [GC (Metadata GC Threshold) [PSYoungGen: 127171K->14840K(229376K)] 141771K->29577K(577536K), 0.0163330 secs] [Times: user=0.09 sys=0.01, real=0.02 secs] 
2016-09-25T21:22:45.849-0400: 4.108: [Full GC (Metadata GC Threshold) [PSYoungGen: 14840K->0K(229376K)] [ParOldGen: 14736K->20408K(524288K)] 29577K->20408K(753664K), [Metaspace: 35042K->35042K(1079296K)], 0.0715641 secs] [Times: user=0.70 sys=0.04, real=0.07 secs] 
2016-09-25T21:22:47.502-0400: 5.761: [GC (GCLocker Initiated GC) [PSYoungGen: 194276K->29749K(229376K)] 217385K->52866K(753664K), 0.0094079 secs] [Times: user=0.10 sys=0.01, real=0.00 secs] 
2016-09-25T21:22:47.728-0400: 5.987: [GC (GCLocker Initiated GC) [PSYoungGen: 226357K->32111K(229376K)] 249495K->55256K(753664K), 0.0186113 secs] [Times: user=0.25 sys=0.02, real=0.02 secs] 
2016-09-25T21:22:47.906-0400: 6.165: [GC (GCLocker Initiated GC) [PSYoungGen: 228719K->32234K(228864K)] 254631K->60854K(753152K), 0.0200417 secs] [Times: user=0.26 sys=0.00, real=0.02 secs] 
2016-09-25T21:22:48.098-0400: 6.357: [GC (GCLocker Initiated GC) [PSYoungGen: 228842K->32655K(209408K)] 267034K->70855K(733696K), 0.0075663 secs] [Times: user=0.05 sys=0.01, real=0.01 secs] 
2016-09-25T21:22:48.266-0400: 6.525: [GC (GCLocker Initiated GC) [PSYoungGen: 208783K->35494K(211968K)] 251305K->78024K(736256K), 0.0189075 secs] [Times: user=0.29 sys=0.00, real=0.02 secs] 
2016-09-25T21:22:48.423-0400: 6.682: [GC (GCLocker Initiated GC) [PSYoungGen: 211622K->44786K(205824K)] 258328K->100196K(730112K), 0.0080458 secs] [Times: user=0.11 sys=0.02, real=0.00 secs] 
2016-09-25T21:22:48.577-0400: 6.836: [GC (GCLocker Initiated GC) [PSYoungGen: 205554K->49856K(210944K)] 263700K->122094K(735232K), 0.0098421 secs] [Times: user=0.09 sys=0.03, real=0.01 secs] 
2016-09-25T21:22:48.721-0400: 6.980: [GC (GCLocker Initiated GC) [PSYoungGen: 210624K->34995K(202752K)] 283032K->121419K(727040K), 0.0071665 secs] [Times: user=0.05 sys=0.02, real=0.01 secs] 
2016-09-25T21:22:48.867-0400: 7.126: [GC (GCLocker Initiated GC) [PSYoungGen: 186547K->18586K(206848K)] 279947K->147972K(731136K), 0.0102003 secs] [Times: user=0.09 sys=0.02, real=0.01 secs] 
2016-09-25T21:22:49.019-0400: 7.278: [GC (GCLocker Initiated GC) [PSYoungGen: 170138K->23843K(204800K)] 299553K->153830K(729088K), 0.0164993 secs] [Times: user=0.18 sys=0.00, real=0.02 secs] 
2016-09-25T21:22:49.170-0400: 7.429: [GC (GCLocker Initiated GC) [PSYoungGen: 175395K->17185K(205824K)] 312269K->168060K(730112K), 0.0172395 secs] [Times: user=0.21 sys=0.00, real=0.02 secs] 
2016-09-25T21:22:49.301-0400: 7.560: [GC (GCLocker Initiated GC) [PSYoungGen: 168737K->40139K(204288K)] 319846K->191873K(728576K), 0.0061067 secs] [Times: user=0.03 sys=0.05, real=0.01 secs] 
2016-09-25T21:22:49.429-0400: 7.688: [GC (GCLocker Initiated GC) [PSYoungGen: 190667K->33293K(206336K)] 342616K->185752K(730624K), 0.0101118 secs] [Times: user=0.08 sys=0.00, real=0.01 secs] 
2016-09-25T21:22:49.568-0400: 7.827: [GC (GCLocker Initiated GC) [PSYoungGen: 183821K->42982K(202752K)] 336481K->206983K(727040K), 0.0058842 secs] [Times: user=0.05 sys=0.03, real=0.01 secs] 
2016-09-25T21:22:49.689-0400: 7.948: [GC (GCLocker Initiated GC) [PSYoungGen: 191462K->49731K(198656K)] 355691K->214541K(722944K), 0.0072408 secs] [Times: user=0.09 sys=0.00, real=0.01 secs] 
2016-09-25T21:22:49.860-0400: 8.119: [GC (GCLocker Initiated GC) [PSYoungGen: 198211K->49735K(195072K)] 363187K->215253K(719360K), 0.0088249 secs] [Times: user=0.11 sys=0.00, real=0.01 secs] 
2016-09-25T21:22:49.978-0400: 8.237: [GC (GCLocker Initiated GC) [PSYoungGen: 183879K->42807K(198144K)] 352119K->217022K(722432K), 0.0066660 secs] [Times: user=0.07 sys=0.01, real=0.01 secs] 
2016-09-25T21:22:50.113-0400: 8.372: [GC (GCLocker Initiated GC) [PSYoungGen: 176951K->25385K(196096K)] 356673K->216449K(720384K), 0.0054039 secs] [Times: user=0.06 sys=0.00, real=0.01 secs] 
2016-09-25T21:22:50.227-0400: 8.486: [GC (GCLocker Initiated GC) [PSYoungGen: 159529K->31833K(197120K)] 356073K->228886K(721408K), 0.0064435 secs] [Times: user=0.06 sys=0.00, real=0.00 secs] 
2016-09-25T21:22:50.340-0400: 8.599: [GC (GCLocker Initiated GC) [PSYoungGen: 165977K->34643K(195072K)] 365763K->234925K(719360K), 0.0152030 secs] [Times: user=0.20 sys=0.00, real=0.02 secs] 
2016-09-25T21:22:50.478-0400: 8.737: [GC (GCLocker Initiated GC) [PSYoungGen: 172883K->22557K(196608K)] 381323K->255862K(720896K), 0.0058876 secs] [Times: user=0.07 sys=0.01, real=0.01 secs] 
2016-09-25T21:22:50.595-0400: 8.854: [GC (GCLocker Initiated GC) [PSYoungGen: 160797K->42839K(202240K)] 396835K->279426K(726528K), 0.0096105 secs] [Times: user=0.14 sys=0.01, real=0.01 secs] 
2016-09-25T21:22:50.717-0400: 8.976: [GC (GCLocker Initiated GC) [PSYoungGen: 187223K->40203K(203264K)] 426677K->291014K(727552K), 0.0057942 secs] [Times: user=0.08 sys=0.00, real=0.01 secs] 
2016-09-25T21:22:50.840-0400: 9.099: [GC (GCLocker Initiated GC) [PSYoungGen: 184587K->30798K(200192K)] 445029K->291790K(724480K), 0.0039335 secs] [Times: user=0.05 sys=0.00, real=0.01 secs] 
2016-09-25T21:22:50.958-0400: 9.217: [GC (GCLocker Initiated GC) [PSYoungGen: 175182K->45603K(201728K)] 436247K->307253K(726016K), 0.0176492 secs] [Times: user=0.22 sys=0.00, real=0.02 secs] 
2016-09-25T21:22:51.085-0400: 9.344: [GC (GCLocker Initiated GC) [PSYoungGen: 189987K->49653K(197120K)] 454370K->314553K(721408K), 0.0139771 secs] [Times: user=0.16 sys=0.00, real=0.01 secs] 
2016-09-25T21:22:51.223-0400: 9.482: [GC (GCLocker Initiated GC) [PSYoungGen: 187893K->32038K(200192K)] 458404K->303122K(724480K), 0.0045637 secs] [Times: user=0.05 sys=0.01, real=0.00 secs] 
2016-09-25T21:22:51.338-0400: 9.597: [GC (GCLocker Initiated GC) [PSYoungGen: 170278K->42838K(198656K)] 446794K->319918K(722944K), 0.0231015 secs] [Times: user=0.34 sys=0.00, real=0.02 secs] 
2016-09-25T21:22:51.471-0400: 9.730: [GC (GCLocker Initiated GC) [PSYoungGen: 182614K->41489K(200192K)] 459910K->343601K(724480K), 0.0112098 secs] [Times: user=0.14 sys=0.01, real=0.02 secs] 
2016-09-25T21:22:51.587-0400: 9.846: [GC (Allocation Failure) [PSYoungGen: 181265K->34803K(198144K)] 486225K->353828K(722432K), 0.0054090 secs] [Times: user=0.06 sys=0.01, real=0.00 secs] 
2016-09-25T21:22:51.594-0400: 9.852: [GC (GCLocker Initiated GC) [PSYoungGen: 38140K->2860K(200192K)] 357165K->357662K(724480K), 0.0060190 secs] [Times: user=0.08 sys=0.00, real=0.01 secs] 
2016-09-25T21:22:51.711-0400: 9.970: [GC (GCLocker Initiated GC) [PSYoungGen: 145196K->48463K(195072K)] 499999K->403290K(719360K), 0.0050928 secs] [Times: user=0.06 sys=0.00, real=0.01 secs] 
2016-09-25T21:22:51.821-0400: 10.080: [GC (GCLocker Initiated GC) [PSYoungGen: 181583K->44188K(177664K)] 542019K->405293K(701952K), 0.0066699 secs] [Times: user=0.06 sys=0.03, real=0.01 secs] 
2016-09-25T21:22:51.939-0400: 10.198: [GC (GCLocker Initiated GC) [PSYoungGen: 177308K->41617K(198144K)] 545401K->410249K(722432K), 0.0050453 secs] [Times: user=0.07 sys=0.00, real=0.01 secs] 
2016-09-25T21:22:52.055-0400: 10.314: [GC (GCLocker Initiated GC) [PSYoungGen: 174737K->23970K(157184K)] 552958K->413524K(681472K), 0.0098818 secs] [Times: user=0.12 sys=0.00, real=0.01 secs] 
2016-09-25T21:22:52.181-0400: 10.440: [GC (GCLocker Initiated GC) [PSYoungGen: 157090K->48129K(194560K)] 549376K->440939K(718848K), 0.0106509 secs] [Times: user=0.13 sys=0.00, real=0.01 secs] 
2016-09-25T21:22:52.314-0400: 10.573: [GC (GCLocker Initiated GC) [PSYoungGen: 179201K->44220K(196608K)] 577522K->443036K(720896K), 0.0137761 secs] [Times: user=0.18 sys=0.00, real=0.02 secs] 
2016-09-25T21:22:52.440-0400: 10.699: [GC (GCLocker Initiated GC) [PSYoungGen: 175292K->42824K(194560K)] 577058K->455930K(718848K), 0.0069817 secs] [Times: user=0.06 sys=0.02, real=0.01 secs] 
2016-09-25T21:22:52.578-0400: 10.837: [GC (GCLocker Initiated GC) [PSYoungGen: 173896K->37424K(195584K)] 595127K->459110K(719872K), 0.0121954 secs] [Times: user=0.13 sys=0.00, real=0.01 secs] 
2016-09-25T21:22:52.720-0400: 10.979: [GC (GCLocker Initiated GC) [PSYoungGen: 168496K->33375K(196096K)] 590244K->485341K(720384K), 0.0089001 secs] [Times: user=0.10 sys=0.04, real=0.01 secs] 
2016-09-25T21:22:52.855-0400: 11.114: [GC (GCLocker Initiated GC) [PSYoungGen: 169055K->30657K(196096K)] 629351K->491432K(720384K), 0.0049115 secs] [Times: user=0.05 sys=0.00, real=0.00 secs] 
2016-09-25T21:22:52.986-0400: 11.245: [GC (GCLocker Initiated GC) [PSYoungGen: 166337K->42775K(200704K)] 627520K->504498K(724992K), 0.0096518 secs] [Times: user=0.12 sys=0.00, real=0.01 secs] 
2016-09-25T21:22:53.134-0400: 11.393: [GC (GCLocker Initiated GC) [PSYoungGen: 184087K->22698K(200704K)] 652603K->516088K(724992K), 0.0077990 secs] [Times: user=0.05 sys=0.04, real=0.01 secs] 
2016-09-25T21:22:53.142-0400: 11.401: [Full GC (Ergonomics) [PSYoungGen: 22698K->0K(200704K)] [ParOldGen: 493389K->48975K(524288K)] 516088K->48975K(724992K), [Metaspace: 43082K->43082K(1085440K)], 0.2153246 secs] [Times: user=3.02 sys=0.03, real=0.21 secs] 
2016-09-25T21:22:53.503-0400: 11.762: [GC (GCLocker Initiated GC) [PSYoungGen: 141312K->33581K(199680K)] 195701K->87970K(723968K), 0.0044432 secs] [Times: user=0.05 sys=0.00, real=0.00 secs] 
2016-09-25T21:22:53.645-0400: 11.903: [GC (GCLocker Initiated GC) [PSYoungGen: 176941K->29353K(201216K)] 235624K->90054K(725504K), 0.0253317 secs] [Times: user=0.36 sys=0.00, real=0.02 secs] 
2016-09-25T21:22:53.807-0400: 12.065: [GC (GCLocker Initiated GC) [PSYoungGen: 172713K->38852K(203264K)] 234874K->101585K(727552K), 0.0051890 secs] [Times: user=0.06 sys=0.00, real=0.00 secs] 
2016-09-25T21:22:53.946-0400: 12.204: [GC (GCLocker Initiated GC) [PSYoungGen: 186820K->29183K(203776K)] 252450K->95329K(728064K), 0.0218327 secs] [Times: user=0.27 sys=0.00, real=0.02 secs] 
2016-09-25T21:22:54.095-0400: 12.354: [GC (GCLocker Initiated GC) [PSYoungGen: 177151K->34658K(202752K)] 248908K->117714K(727040K), 0.0062099 secs] [Times: user=0.05 sys=0.00, real=0.00 secs] 
2016-09-25T21:22:54.234-0400: 12.492: [GC (GCLocker Initiated GC) [PSYoungGen: 186210K->50748K(204288K)] 269425K->139745K(728576K), 0.0098749 secs] [Times: user=0.12 sys=0.00, real=0.02 secs] 
2016-09-25T21:22:54.406-0400: 12.665: [GC (GCLocker Initiated GC) [PSYoungGen: 202300K->760K(197120K)] 319795K->118603K(721408K), 0.0234843 secs] [Times: user=0.25 sys=0.00, real=0.02 secs] 
2016-09-25T21:22:54.560-0400: 12.819: [GC (GCLocker Initiated GC) [PSYoungGen: 141048K->30409K(201216K)] 268370K->158016K(725504K), 0.0051209 secs] [Times: user=0.05 sys=0.00, real=0.01 secs] 
2016-09-25T21:22:54.685-0400: 12.944: [GC (GCLocker Initiated GC) [PSYoungGen: 170697K->30299K(194048K)] 298371K->158216K(718336K), 0.0138438 secs] [Times: user=0.12 sys=0.00, real=0.01 secs] 
2016-09-25T21:22:54.824-0400: 13.083: [GC (GCLocker Initiated GC) [PSYoungGen: 172635K->37034K(198656K)] 306052K->170727K(722944K), 0.0106174 secs] [Times: user=0.09 sys=0.00, real=0.01 secs] 
2016-09-25T21:22:54.954-0400: 13.213: [GC (Allocation Failure) [PSYoungGen: 179370K->42414K(203264K)] 313248K->192753K(727552K), 0.0320107 secs] [Times: user=0.35 sys=0.00, real=0.03 secs] 
2016-09-25T21:22:54.987-0400: 13.246: [GC (GCLocker Initiated GC) [PSYoungGen: 42780K->256K(147968K)] 193119K->196903K(672256K), 0.0056542 secs] [Times: user=0.07 sys=0.00, real=0.00 secs] 
2016-09-25T21:22:55.119-0400: 13.378: [GC (GCLocker Initiated GC) [PSYoungGen: 145779K->33206K(203776K)] 345127K->232562K(728064K), 0.0163501 secs] [Times: user=0.21 sys=0.00, real=0.02 secs] 
2016-09-25T21:22:55.265-0400: 13.523: [GC (GCLocker Initiated GC) [PSYoungGen: 176566K->33124K(176640K)] 381514K->238471K(700928K), 0.0050013 secs] [Times: user=0.05 sys=0.00, real=0.00 secs] 
2016-09-25T21:22:55.386-0400: 13.644: [GC (GCLocker Initiated GC) [PSYoungGen: 176484K->33112K(202240K)] 388694K->245559K(726528K), 0.0047178 secs] [Times: user=0.04 sys=0.00, real=0.00 secs] 
2016-09-25T21:22:55.511-0400: 13.770: [GC (GCLocker Initiated GC) [PSYoungGen: 178520K->37276K(200192K)] 393692K->252669K(724480K), 0.0156990 secs] [Times: user=0.16 sys=0.00, real=0.02 secs] 
2016-09-25T21:22:55.650-0400: 13.909: [GC (GCLocker Initiated GC) [PSYoungGen: 182684K->34238K(205824K)] 398165K->249972K(730112K), 0.0201373 secs] [Times: user=0.21 sys=0.01, real=0.02 secs] 
2016-09-25T21:22:55.826-0400: 14.085: [GC (GCLocker Initiated GC) [PSYoungGen: 186302K->34482K(205312K)] 404847K->269488K(729600K), 0.0127721 secs] [Times: user=0.15 sys=0.00, real=0.01 secs] 
2016-09-25T21:22:56.000-0400: 14.259: [GC (GCLocker Initiated GC) [PSYoungGen: 186546K->38625K(206848K)] 429718K->282134K(731136K), 0.0114959 secs] [Times: user=0.10 sys=0.00, real=0.01 secs] 
2016-09-25T21:22:56.154-0400: 14.412: [GC (GCLocker Initiated GC) [PSYoungGen: 193249K->42851K(207360K)] 439569K->303090K(731648K), 0.0101654 secs] [Times: user=0.11 sys=0.00, real=0.02 secs] 
2016-09-25T21:22:56.343-0400: 14.602: [GC (GCLocker Initiated GC) [PSYoungGen: 197475K->29538K(208384K)] 464690K->297280K(732672K), 0.0066896 secs] [Times: user=0.08 sys=0.00, real=0.00 secs] 
2016-09-25T21:22:56.505-0400: 14.764: [GC (GCLocker Initiated GC) [PSYoungGen: 184162K->37532K(207872K)] 452080K->306080K(732160K), 0.0101934 secs] [Times: user=0.10 sys=0.00, real=0.01 secs] 
2016-09-25T21:22:56.689-0400: 14.948: [GC (GCLocker Initiated GC) [PSYoungGen: 192156K->32207K(206848K)] 468900K->309594K(731136K), 0.0040756 secs] [Times: user=0.03 sys=0.00, real=0.00 secs] 
2016-09-25T21:22:56.876-0400: 15.135: [GC (GCLocker Initiated GC) [PSYoungGen: 188367K->40315K(207360K)] 471183K->323833K(731648K), 0.0068405 secs] [Times: user=0.07 sys=0.01, real=0.01 secs] 
2016-09-25T21:22:57.067-0400: 15.326: [GC (GCLocker Initiated GC) [PSYoungGen: 196475K->44435K(206336K)] 482722K->355643K(730624K), 0.0063189 secs] [Times: user=0.05 sys=0.01, real=0.00 secs] 
2016-09-25T21:22:57.239-0400: 15.498: [GC (GCLocker Initiated GC) [PSYoungGen: 199059K->41706K(196608K)] 513105K->369967K(720896K), 0.0130927 secs] [Times: user=0.16 sys=0.00, real=0.01 secs] 
2016-09-25T21:22:57.432-0400: 15.690: [GC (Allocation Failure) [PSYoungGen: 196330K->37550K(208896K)] 531369K->373259K(733184K), 0.0064781 secs] [Times: user=0.07 sys=0.01, real=0.01 secs] 
2016-09-25T21:22:57.590-0400: 15.849: [GC (GCLocker Initiated GC) [PSYoungGen: 191892K->44379K(207872K)] 530301K->383472K(732160K), 0.0170781 secs] [Times: user=0.20 sys=0.00, real=0.02 secs] 
2016-09-25T21:22:57.784-0400: 16.043: [GC (GCLocker Initiated GC) [PSYoungGen: 199003K->37678K(207872K)] 542204K->381618K(732160K), 0.0047854 secs] [Times: user=0.05 sys=0.00, real=0.00 secs] 
2016-09-25T21:22:57.945-0400: 16.203: [GC (GCLocker Initiated GC) [PSYoungGen: 192302K->48464K(203264K)] 536341K->393275K(727552K), 0.0188201 secs] [Times: user=0.21 sys=0.01, real=0.02 secs] 
2016-09-25T21:22:58.148-0400: 16.407: [GC (GCLocker Initiated GC) [PSYoungGen: 203088K->33614K(207360K)] 550612K->381937K(731648K), 0.0236367 secs] [Times: user=0.33 sys=0.00, real=0.02 secs] 
2016-09-25T21:22:58.337-0400: 16.596: [GC (GCLocker Initiated GC) [PSYoungGen: 185166K->48694K(200704K)] 533700K->398034K(724992K), 0.0082997 secs] [Times: user=0.07 sys=0.00, real=0.01 secs] 
2016-09-25T21:22:58.515-0400: 16.774: [GC (GCLocker Initiated GC) [PSYoungGen: 200246K->40297K(206336K)] 549589K->390468K(730624K), 0.0064597 secs] [Times: user=0.06 sys=0.00, real=0.00 secs] 
2016-09-25T21:22:58.693-0400: 16.952: [GC (GCLocker Initiated GC) [PSYoungGen: 189289K->28414K(204800K)] 546150K->386094K(729088K), 0.0046516 secs] [Times: user=0.04 sys=0.00, real=0.01 secs] 
2016-09-25T21:22:58.856-0400: 17.115: [GC (GCLocker Initiated GC) [PSYoungGen: 177406K->35013K(205312K)] 535114K->401732K(729600K), 0.0054585 secs] [Times: user=0.05 sys=0.00, real=0.00 secs] 
2016-09-25T21:22:59.032-0400: 17.291: [GC (GCLocker Initiated GC) [PSYoungGen: 185029K->23068K(204800K)] 558616K->424550K(729088K), 0.0120889 secs] [Times: user=0.14 sys=0.00, real=0.02 secs] 
2016-09-25T21:22:59.205-0400: 17.463: [GC (GCLocker Initiated GC) [PSYoungGen: 173084K->32532K(205824K)] 582788K->443232K(730112K), 0.0084217 secs] [Times: user=0.11 sys=0.01, real=0.00 secs] 
2016-09-25T21:22:59.375-0400: 17.634: [GC (GCLocker Initiated GC) [PSYoungGen: 184596K->40672K(206336K)] 600930K->458008K(730624K), 0.0055981 secs] [Times: user=0.07 sys=0.00, real=0.00 secs] 
2016-09-25T21:22:59.556-0400: 17.815: [GC (GCLocker Initiated GC) [PSYoungGen: 192736K->40412K(206848K)] 610154K->458816K(731136K), 0.0196357 secs] [Times: user=0.24 sys=0.00, real=0.02 secs] 
2016-09-25T21:22:59.739-0400: 17.997: [GC (GCLocker Initiated GC) [PSYoungGen: 194012K->30865K(207360K)] 617950K->466441K(731648K), 0.0136883 secs] [Times: user=0.17 sys=0.00, real=0.01 secs] 
2016-09-25T21:22:59.906-0400: 18.165: [GC (GCLocker Initiated GC) [PSYoungGen: 184465K->32356K(206336K)] 625443K->474091K(730624K), 0.0046239 secs] [Times: user=0.05 sys=0.00, real=0.00 secs] 
2016-09-25T21:23:00.065-0400: 18.323: [GC (GCLocker Initiated GC) [PSYoungGen: 187492K->45676K(207360K)] 632150K->491060K(731648K), 0.0061050 secs] [Times: user=0.08 sys=0.01, real=0.00 secs] 
2016-09-25T21:23:00.239-0400: 18.497: [GC (Allocation Failure) [PSYoungGen: 200812K->41637K(207872K)] 648995K->490450K(732160K), 0.0090436 secs] [Times: user=0.10 sys=0.00, real=0.01 secs] 
2016-09-25T21:23:00.394-0400: 18.653: [GC (GCLocker Initiated GC) [PSYoungGen: 195237K->45651K(199680K)] 644237K->514224K(723968K), 0.0173870 secs] [Times: user=0.18 sys=0.00, real=0.01 secs] 
2016-09-25T21:23:00.584-0400: 18.842: [GC (GCLocker Initiated GC) [PSYoungGen: 199251K->46999K(203264K)] 668048K->516385K(727552K), 0.0092683 secs] [Times: user=0.06 sys=0.01, real=0.00 secs] 
2016-09-25T21:23:00.765-0400: 19.024: [GC (Allocation Failure) [PSYoungGen: 194455K->19911K(167424K)] 672128K->498155K(691712K), 0.0208967 secs] [Times: user=0.19 sys=0.01, real=0.02 secs] 
2016-09-25T21:23:00.962-0400: 19.221: [GC (GCLocker Initiated GC) [PSYoungGen: 167367K->38929K(204800K)] 645611K->520509K(729088K), 0.0066340 secs] [Times: user=0.06 sys=0.00, real=0.00 secs] 
2016-09-25T21:23:01.128-0400: 19.387: [GC (GCLocker Initiated GC) [PSYoungGen: 184849K->46859K(203264K)] 666458K->529029K(727552K), 0.0054801 secs] [Times: user=0.06 sys=0.00, real=0.00 secs] 
2016-09-25T21:23:01.310-0400: 19.569: [GC (Allocation Failure) [PSYoungGen: 192779K->18692K(201216K)] 683062K->536566K(725504K), 0.0089272 secs] [Times: user=0.11 sys=0.01, real=0.01 secs] 
2016-09-25T21:23:01.319-0400: 19.578: [Full GC (Ergonomics) [PSYoungGen: 18692K->0K(201216K)] [ParOldGen: 517874K->70547K(524288K)] 536566K->70547K(725504K), [Metaspace: 43152K->43152K(1085440K)], 0.0533236 secs] [Times: user=0.39 sys=0.00, real=0.05 secs] 
2016-09-25T21:23:01.543-0400: 19.801: [GC (GCLocker Initiated GC) [PSYoungGen: 142336K->49897K(192512K)] 212890K->120452K(716800K), 0.0067121 secs] [Times: user=0.07 sys=0.00, real=0.00 secs] 
2016-09-25T21:23:01.713-0400: 19.972: [GC (GCLocker Initiated GC) [PSYoungGen: 192233K->45625K(198144K)] 262839K->118366K(722432K), 0.0153411 secs] [Times: user=0.18 sys=0.00, real=0.02 secs] 
2016-09-25T21:23:01.855-0400: 20.114: [GC (GCLocker Initiated GC) [PSYoungGen: 180793K->48363K(183808K)] 256264K->124437K(708096K), 0.0046670 secs] [Times: user=0.05 sys=0.01, real=0.00 secs] 
2016-09-25T21:23:02.001-0400: 20.260: [GC (GCLocker Initiated GC) [PSYoungGen: 183531K->44283K(198144K)] 265034K->126395K(722432K), 0.0069562 secs] [Times: user=0.06 sys=0.00, real=0.01 secs] 
2016-09-25T21:23:02.156-0400: 20.415: [GC (GCLocker Initiated GC) [PSYoungGen: 177915K->29437K(163328K)] 270864K->147313K(687616K), 0.0147312 secs] [Times: user=0.20 sys=0.00, real=0.01 secs] 
2016-09-25T21:23:02.299-0400: 20.558: [GC (GCLocker Initiated GC) [PSYoungGen: 163069K->38838K(199680K)] 287782K->164134K(723968K), 0.0087631 secs] [Times: user=0.11 sys=0.00, real=0.01 secs] 
2016-09-25T21:23:02.455-0400: 20.714: [GC (GCLocker Initiated GC) [PSYoungGen: 175030K->46805K(197120K)] 300340K->172665K(721408K), 0.0294532 secs] [Times: user=0.31 sys=0.00, real=0.03 secs] 
2016-09-25T21:23:02.637-0400: 20.896: [GC (GCLocker Initiated GC) [PSYoungGen: 182997K->33445K(200192K)] 314287K->178756K(724480K), 0.0061058 secs] [Times: user=0.06 sys=0.01, real=0.01 secs] 
2016-09-25T21:23:02.790-0400: 21.049: [GC (GCLocker Initiated GC) [PSYoungGen: 172197K->13105K(199168K)] 332423K->184648K(723456K), 0.0056336 secs] [Times: user=0.04 sys=0.00, real=0.01 secs] 
2016-09-25T21:23:02.948-0400: 21.207: [GC (GCLocker Initiated GC) [PSYoungGen: 151857K->32149K(199680K)] 326125K->207060K(723968K), 0.0043824 secs] [Times: user=0.05 sys=0.00, real=0.00 secs] 
2016-09-25T21:23:03.096-0400: 21.355: [GC (GCLocker Initiated GC) [PSYoungGen: 170389K->48331K(199168K)] 345388K->223881K(723456K), 0.0096898 secs] [Times: user=0.12 sys=0.01, real=0.01 secs] 
2016-09-25T21:23:03.270-0400: 21.528: [GC (GCLocker Initiated GC) [PSYoungGen: 186571K->26558K(199680K)] 364831K->210819K(723968K), 0.0101152 secs] [Times: user=0.07 sys=0.00, real=0.01 secs] 
2016-09-25T21:23:03.419-0400: 21.677: [GC (GCLocker Initiated GC) [PSYoungGen: 163262K->32144K(168960K)] 355857K->236136K(693248K), 0.0088776 secs] [Times: user=0.12 sys=0.00, real=0.01 secs] 
2016-09-25T21:23:03.569-0400: 21.827: [GC (GCLocker Initiated GC) [PSYoungGen: 168848K->48304K(195072K)] 378345K->258368K(719360K), 0.0087547 secs] [Times: user=0.10 sys=0.00, real=0.01 secs] 
2016-09-25T21:23:03.722-0400: 21.981: [GC (GCLocker Initiated GC) [PSYoungGen: 182960K->23941K(197120K)] 401212K->242934K(721408K), 0.0081060 secs] [Times: user=0.10 sys=0.00, real=0.01 secs] 
2016-09-25T21:23:03.885-0400: 22.144: [GC (GCLocker Initiated GC) [PSYoungGen: 158597K->11827K(197632K)] 388974K->242787K(721920K), 0.0130391 secs] [Times: user=0.16 sys=0.00, real=0.01 secs] 
2016-09-25T21:23:04.025-0400: 22.284: [GC (GCLocker Initiated GC) [PSYoungGen: 146995K->34824K(170496K)] 383358K->271790K(694784K), 0.0116469 secs] [Times: user=0.15 sys=0.01, real=0.01 secs] 
2016-09-25T21:23:04.171-0400: 22.430: [GC (GCLocker Initiated GC) [PSYoungGen: 169992K->33329K(200704K)] 412592K->277796K(724992K), 0.0147160 secs] [Times: user=0.14 sys=0.00, real=0.02 secs] 
2016-09-25T21:23:07.642-0400: 25.900: [GC (GCLocker Initiated GC) [PSYoungGen: 172593K->44247K(197632K)] 425189K->297372K(721920K), 0.0134077 secs] [Times: user=0.14 sys=0.01, real=0.02 secs] 
2016-09-25T21:23:07.811-0400: 26.069: [GC (GCLocker Initiated GC) [PSYoungGen: 183511K->32104K(201216K)] 442390K->315843K(725504K), 0.0092695 secs] [Times: user=0.12 sys=0.00, real=0.01 secs] 
2016-09-25T21:23:07.989-0400: 26.247: [GC (GCLocker Initiated GC) [PSYoungGen: 175976K->51000K(195072K)] 462503K->338102K(719360K), 0.0093479 secs] [Times: user=0.14 sys=0.00, real=0.01 secs] 
2016-09-25T21:23:08.159-0400: 26.418: [GC (GCLocker Initiated GC) [PSYoungGen: 194872K->34695K(202752K)] 482148K->341401K(727040K), 0.0080679 secs] [Times: user=0.07 sys=0.00, real=0.01 secs] 
2016-09-25T21:23:08.329-0400: 26.588: [GC (GCLocker Initiated GC) [PSYoungGen: 175495K->30594K(171520K)] 486056K->341675K(695808K), 0.0084178 secs] [Times: user=0.07 sys=0.00, real=0.01 secs] 
2016-09-25T21:23:08.485-0400: 26.744: [GC (GCLocker Initiated GC) [PSYoungGen: 171394K->53610K(194048K)] 482509K->378807K(718336K), 0.0087469 secs] [Times: user=0.11 sys=0.00, real=0.00 secs] 
2016-09-25T21:23:08.672-0400: 26.931: [GC (GCLocker Initiated GC) [PSYoungGen: 189802K->18359K(198656K)] 523135K->368357K(722944K), 0.0196246 secs] [Times: user=0.19 sys=0.01, real=0.02 secs] 
2016-09-25T21:23:08.852-0400: 27.111: [GC (GCLocker Initiated GC) [PSYoungGen: 154551K->27918K(197120K)] 514180K->388060K(721408K), 0.0190295 secs] [Times: user=0.19 sys=0.02, real=0.02 secs] 
2016-09-25T21:23:09.039-0400: 27.298: [GC (GCLocker Initiated GC) [PSYoungGen: 164622K->34486K(198144K)] 524943K->395334K(722432K), 0.0147635 secs] [Times: user=0.12 sys=0.00, real=0.01 secs] 
2016-09-25T21:23:09.206-0400: 27.465: [GC (GCLocker Initiated GC) [PSYoungGen: 171190K->40315K(199168K)] 537471K->417868K(723456K), 0.0138495 secs] [Times: user=0.14 sys=0.01, real=0.01 secs] 
2016-09-25T21:23:09.383-0400: 27.642: [GC (GCLocker Initiated GC) [PSYoungGen: 180603K->33401K(199168K)] 560859K->427722K(723456K), 0.0108352 secs] [Times: user=0.10 sys=0.00, real=0.00 secs] 
2016-09-25T21:23:09.564-0400: 27.822: [GC (GCLocker Initiated GC) [PSYoungGen: 173689K->48060K(198656K)] 570743K->445587K(722944K), 0.0083069 secs] [Times: user=0.06 sys=0.00, real=0.00 secs] 
2016-09-25T21:23:09.732-0400: 27.991: [GC (GCLocker Initiated GC) [PSYoungGen: 189884K->29323K(201216K)] 593046K->460031K(725504K), 0.0119598 secs] [Times: user=0.13 sys=0.01, real=0.02 secs] 
2016-09-25T21:23:09.903-0400: 28.162: [GC (GCLocker Initiated GC) [PSYoungGen: 171147K->26637K(199680K)] 612837K->468845K(723968K), 0.0163385 secs] [Times: user=0.16 sys=0.01, real=0.01 secs] 
2016-09-25T21:23:10.101-0400: 28.360: [GC (GCLocker Initiated GC) [PSYoungGen: 171021K->50927K(195584K)] 613317K->493818K(719872K), 0.0079176 secs] [Times: user=0.08 sys=0.02, real=0.01 secs] 
2016-09-25T21:23:10.277-0400: 28.536: [GC (GCLocker Initiated GC) [PSYoungGen: 195311K->31930K(202752K)] 640931K->491563K(727040K), 0.0111678 secs] [Times: user=0.12 sys=0.01, real=0.01 secs] 
2016-09-25T21:23:10.447-0400: 28.706: [GC (GCLocker Initiated GC) [PSYoungGen: 173242K->26512K(167936K)] 640988K->494762K(692224K), 0.0176038 secs] [Times: user=0.23 sys=0.01, real=0.02 secs] 
2016-09-25T21:23:10.629-0400: 28.888: [GC (GCLocker Initiated GC) [PSYoungGen: 167824K->38874K(201216K)] 641507K->513155K(725504K), 0.0087927 secs] [Times: user=0.11 sys=0.01, real=0.01 secs] 
2016-09-25T21:23:10.788-0400: 29.047: [GC (GCLocker Initiated GC) [PSYoungGen: 181210K->26565K(200192K)] 658202K->520295K(724480K), 0.0083727 secs] [Times: user=0.09 sys=0.00, real=0.01 secs] 
2016-09-25T21:23:10.962-0400: 29.221: [Full GC (Ergonomics) [PSYoungGen: 168901K->0K(200192K)] [ParOldGen: 496552K->88136K(524288K)] 665454K->88136K(724480K), [Metaspace: 43175K->43175K(1085440K)], 0.0587618 secs] [Times: user=0.27 sys=0.02, real=0.06 secs] 
2016-09-25T21:23:11.175-0400: 29.434: [GC (GCLocker Initiated GC) [PSYoungGen: 142336K->49879K(198656K)] 230533K->138076K(722944K), 0.0159381 secs] [Times: user=0.20 sys=0.03, real=0.01 secs] 
2016-09-25T21:23:11.360-0400: 29.619: [GC (GCLocker Initiated GC) [PSYoungGen: 191191K->50960K(192512K)] 279493K->156224K(716800K), 0.0180112 secs] [Times: user=0.22 sys=0.02, real=0.02 secs] 
2016-09-25T21:23:11.546-0400: 29.805: [GC (GCLocker Initiated GC) [PSYoungGen: 192272K->34728K(200704K)] 300363K->164925K(724992K), 0.0290989 secs] [Times: user=0.38 sys=0.01, real=0.03 secs] 
2016-09-25T21:23:11.746-0400: 30.005: [GC (GCLocker Initiated GC) [PSYoungGen: 171944K->42891K(198656K)] 304847K->176300K(722944K), 0.0086205 secs] [Times: user=0.08 sys=0.00, real=0.01 secs] 
2016-09-25T21:23:11.942-0400: 30.201: [GC (GCLocker Initiated GC) [PSYoungGen: 180107K->18309K(197632K)] 330071K->168754K(721920K), 0.0231187 secs] [Times: user=0.17 sys=0.01, real=0.03 secs] 
2016-09-25T21:23:12.153-0400: 30.412: [GC (GCLocker Initiated GC) [PSYoungGen: 154501K->29118K(198656K)] 313246K->188334K(722944K), 0.0427676 secs] [Times: user=0.40 sys=0.00, real=0.05 secs] 
2016-09-25T21:23:12.385-0400: 30.643: [GC (GCLocker Initiated GC) [PSYoungGen: 165310K->38799K(197120K)] 326035K->200052K(721408K), 0.0058397 secs] [Times: user=0.06 sys=0.00, real=0.00 secs] 
2016-09-25T21:23:12.571-0400: 30.830: [GC (GCLocker Initiated GC) [PSYoungGen: 177551K->39915K(198144K)] 338866K->201749K(722432K), 0.0099274 secs] [Times: user=0.08 sys=0.00, real=0.01 secs] 
2016-09-25T21:23:12.733-0400: 30.992: [GC (GCLocker Initiated GC) [PSYoungGen: 178667K->34803K(198144K)] 345950K->218779K(722432K), 0.0123758 secs] [Times: user=0.11 sys=0.01, real=0.02 secs] 
2016-09-25T21:23:12.915-0400: 31.174: [GC (GCLocker Initiated GC) [PSYoungGen: 178675K->53748K(200704K)] 362760K->251882K(724992K), 0.0185421 secs] [Times: user=0.25 sys=0.01, real=0.01 secs] 
2016-09-25T21:23:13.106-0400: 31.364: [GC (GCLocker Initiated GC) [PSYoungGen: 197620K->57676K(190464K)] 395786K->256389K(714752K), 0.0064071 secs] [Times: user=0.08 sys=0.01, real=0.00 secs] 
2016-09-25T21:23:13.265-0400: 31.524: [GC (GCLocker Initiated GC) [PSYoungGen: 186700K->26483K(195584K)] 385560K->244771K(719872K), 0.0108262 secs] [Times: user=0.14 sys=0.00, real=0.01 secs] 
2016-09-25T21:23:13.433-0400: 31.692: [GC (GCLocker Initiated GC) [PSYoungGen: 155507K->22281K(195072K)] 373797K->251820K(719360K), 0.0188324 secs] [Times: user=0.21 sys=0.00, real=0.02 secs] 
2016-09-25T21:23:13.584-0400: 31.843: [GC (GCLocker Initiated GC) [PSYoungGen: 151817K->48268K(178176K)] 386824K->283715K(702464K), 0.0184161 secs] [Times: user=0.21 sys=0.00, real=0.02 secs] 
2016-09-25T21:23:13.758-0400: 32.016: [GC (GCLocker Initiated GC) [PSYoungGen: 177804K->36144K(197632K)] 421373K->299288K(721920K), 0.0122098 secs] [Times: user=0.17 sys=0.00, real=0.01 secs] 
2016-09-25T21:23:13.933-0400: 32.192: [GC (GCLocker Initiated GC) [PSYoungGen: 166192K->21184K(194560K)] 434751K->290216K(718848K), 0.0204565 secs] [Times: user=0.21 sys=0.00, real=0.02 secs] 
2016-09-25T21:23:14.110-0400: 32.368: [GC (GCLocker Initiated GC) [PSYoungGen: 151232K->27743K(196096K)] 424347K->301360K(720384K), 0.0056510 secs] [Times: user=0.03 sys=0.00, real=0.01 secs] 
2016-09-25T21:23:14.281-0400: 32.539: [GC (GCLocker Initiated GC) [PSYoungGen: 159327K->29255K(195072K)] 433189K->317136K(719360K), 0.0059998 secs] [Times: user=0.05 sys=0.00, real=0.01 secs] 
2016-09-25T21:23:14.451-0400: 32.710: [GC (GCLocker Initiated GC) [PSYoungGen: 160839K->30958K(196608K)] 451425K->322185K(720896K), 0.0081113 secs] [Times: user=0.05 sys=0.00, real=0.01 secs] 
2016-09-25T21:23:14.621-0400: 32.880: [GC (GCLocker Initiated GC) [PSYoungGen: 167150K->34980K(195584K)] 458409K->326937K(719872K), 0.0263299 secs] [Times: user=0.31 sys=0.00, real=0.03 secs] 
2016-09-25T21:23:14.821-0400: 33.080: [GC (GCLocker Initiated GC) [PSYoungGen: 171172K->26991K(200704K)] 465928K->349545K(724992K), 0.0141538 secs] [Times: user=0.19 sys=0.00, real=0.02 secs] 
2016-09-25T21:23:15.015-0400: 33.274: [GC (GCLocker Initiated GC) [PSYoungGen: 170351K->48621K(199680K)] 493124K->372232K(723968K), 0.0246609 secs] [Times: user=0.30 sys=0.00, real=0.02 secs] 
2016-09-25T21:23:15.255-0400: 33.514: [GC (GCLocker Initiated GC) [PSYoungGen: 191981K->24514K(203264K)] 525167K->358560K(727552K), 0.0213580 secs] [Times: user=0.21 sys=0.00, real=0.02 secs] 
2016-09-25T21:23:15.460-0400: 33.718: [GC (Allocation Failure) [PSYoungGen: 168386K->35225K(179200K)] 508213K->392402K(703488K), 0.0280109 secs] [Times: user=0.27 sys=0.00, real=0.03 secs] 
2016-09-25T21:23:15.681-0400: 33.940: [GC (GCLocker Initiated GC) [PSYoungGen: 176505K->40300K(200704K)] 536382K->403848K(724992K), 0.0192572 secs] [Times: user=0.15 sys=0.00, real=0.02 secs] 
2016-09-25T21:23:15.877-0400: 34.136: [GC (GCLocker Initiated GC) [PSYoungGen: 184172K->24356K(200704K)] 550424K->399617K(724992K), 0.0136163 secs] [Times: user=0.11 sys=0.01, real=0.01 secs] 
2016-09-25T21:23:16.070-0400: 34.328: [GC (GCLocker Initiated GC) [PSYoungGen: 168228K->36329K(203776K)] 546319K->415386K(728064K), 0.0076585 secs] [Times: user=0.07 sys=0.00, real=0.01 secs] 
2016-09-25T21:23:16.288-0400: 34.546: [GC (GCLocker Initiated GC) [PSYoungGen: 185321K->21539K(204288K)] 572578K->428582K(728576K), 0.0078088 secs] [Times: user=0.05 sys=0.01, real=0.01 secs] 
2016-09-25T21:23:16.504-0400: 34.763: [GC (GCLocker Initiated GC) [PSYoungGen: 170531K->40294K(205824K)] 585904K->456556K(730112K), 0.0231649 secs] [Times: user=0.24 sys=0.01, real=0.02 secs] 
2016-09-25T21:23:16.750-0400: 35.009: [GC (GCLocker Initiated GC) [PSYoungGen: 190822K->41684K(192512K)] 607315K->458993K(716800K), 0.0124214 secs] [Times: user=0.13 sys=0.01, real=0.02 secs] 
2016-09-25T21:23:16.975-0400: 35.233: [GC (GCLocker Initiated GC) [PSYoungGen: 192212K->20238K(205312K)] 616344K->456003K(729600K), 0.0100457 secs] [Times: user=0.08 sys=0.01, real=0.01 secs] 
2016-09-25T21:23:17.194-0400: 35.453: [GC (GCLocker Initiated GC) [PSYoungGen: 168718K->17239K(165888K)] 615513K->481028K(690176K), 0.0073173 secs] [Times: user=0.05 sys=0.01, real=0.01 secs] 
2016-09-25T21:23:17.433-0400: 35.692: [GC (GCLocker Initiated GC) [PSYoungGen: 165719K->33365K(206848K)] 629541K->497914K(731136K), 0.0131095 secs] [Times: user=0.12 sys=0.00, real=0.02 secs] 
2016-09-25T21:23:17.658-0400: 35.917: [GC (GCLocker Initiated GC) [PSYoungGen: 182869K->13373K(204800K)] 662447K->512520K(729088K), 0.0072437 secs] [Times: user=0.06 sys=0.00, real=0.01 secs] 
2016-09-25T21:23:17.666-0400: 35.925: [Full GC (Ergonomics) [PSYoungGen: 13373K->0K(204800K)] [ParOldGen: 499147K->111448K(524288K)] 512520K->111448K(729088K), [Metaspace: 43315K->43315K(1085440K)], 0.0670547 secs] [Times: user=0.33 sys=0.02, real=0.06 secs] 
2016-09-25T21:23:17.933-0400: 36.192: [GC (GCLocker Initiated GC) [PSYoungGen: 149504K->32457K(203776K)] 269283K->152236K(728064K), 0.0254184 secs] [Times: user=0.24 sys=0.01, real=0.03 secs] 
2016-09-25T21:23:18.157-0400: 36.416: [GC (GCLocker Initiated GC) [PSYoungGen: 182985K->33602K(204800K)] 305485K->157118K(729088K), 0.0124317 secs] [Times: user=0.12 sys=0.01, real=0.01 secs] 
2016-09-25T21:23:18.363-0400: 36.621: [GC (GCLocker Initiated GC) [PSYoungGen: 184130K->34973K(206848K)] 313072K->164677K(731136K), 0.0250746 secs] [Times: user=0.31 sys=0.00, real=0.02 secs] 
2016-09-25T21:23:18.579-0400: 36.838: [GC (GCLocker Initiated GC) [PSYoungGen: 189597K->29631K(207360K)] 327405K->181810K(731648K), 0.0142508 secs] [Times: user=0.14 sys=0.00, real=0.01 secs] 
2016-09-25T21:23:18.817-0400: 37.076: [GC (GCLocker Initiated GC) [PSYoungGen: 184255K->12031K(206336K)] 353017K->181650K(730624K), 0.0130106 secs] [Times: user=0.14 sys=0.00, real=0.01 secs] 
2016-09-25T21:23:19.019-0400: 37.278: [GC (GCLocker Initiated GC) [PSYoungGen: 167679K->32233K(207872K)] 341432K->206881K(732160K), 0.0142410 secs] [Times: user=0.13 sys=0.00, real=0.01 secs] 
2016-09-25T21:23:19.240-0400: 37.499: [GC (GCLocker Initiated GC) [PSYoungGen: 187881K->33629K(208384K)] 362711K->209378K(732672K), 0.0320601 secs] [Times: user=0.33 sys=0.00, real=0.03 secs] 
2016-09-25T21:23:19.477-0400: 37.736: [GC (GCLocker Initiated GC) [PSYoungGen: 192349K->37763K(209408K)] 370902K->217169K(733696K), 0.0189646 secs] [Times: user=0.18 sys=0.01, real=0.02 secs] 
2016-09-25T21:23:19.702-0400: 37.961: [GC (GCLocker Initiated GC) [PSYoungGen: 196483K->25860K(209920K)] 385410K->223816K(734208K), 0.0278127 secs] [Times: user=0.35 sys=0.00, real=0.02 secs] 
2016-09-25T21:23:19.917-0400: 38.175: [GC (Allocation Failure) [PSYoungGen: 186116K->48630K(208896K)] 384245K->255905K(733184K), 0.0084349 secs] [Times: user=0.11 sys=0.00, real=0.01 secs] 
2016-09-25T21:23:19.926-0400: 38.185: [GC (GCLocker Initiated GC) [PSYoungGen: 48641K->160K(198656K)] 255916K->255757K(722944K), 0.0050960 secs] [Times: user=0.06 sys=0.00, real=0.00 secs] 
2016-09-25T21:23:20.106-0400: 38.365: [GC (GCLocker Initiated GC) [PSYoungGen: 144797K->47598K(193024K)] 403095K->305896K(717312K), 0.0128984 secs] [Times: user=0.14 sys=0.00, real=0.01 secs] 
2016-09-25T21:23:20.305-0400: 38.564: [GC (GCLocker Initiated GC) [PSYoungGen: 193006K->36191K(201216K)] 451452K->295847K(725504K), 0.0228388 secs] [Times: user=0.18 sys=0.00, real=0.02 secs] 
2016-09-25T21:23:20.487-0400: 38.745: [GC (GCLocker Initiated GC) [PSYoungGen: 174943K->32129K(171008K)] 434698K->303471K(695296K), 0.0253368 secs] [Times: user=0.23 sys=0.01, real=0.02 secs] 
2016-09-25T21:23:20.688-0400: 38.946: [GC (GCLocker Initiated GC) [PSYoungGen: 170881K->25541K(198656K)] 449002K->315253K(722944K), 0.0158028 secs] [Times: user=0.16 sys=0.01, real=0.02 secs] 
2016-09-25T21:23:20.882-0400: 39.141: [GC (GCLocker Initiated GC) [PSYoungGen: 165829K->25463K(197120K)] 462361K->344356K(721408K), 0.0253972 secs] [Times: user=0.27 sys=0.00, real=0.02 secs] 
2016-09-25T21:23:21.077-0400: 39.335: [GC (GCLocker Initiated GC) [PSYoungGen: 165751K->42920K(200192K)] 484677K->362570K(724480K), 0.0076684 secs] [Times: user=0.07 sys=0.00, real=0.01 secs] 
2016-09-25T21:23:21.288-0400: 39.547: [GC (GCLocker Initiated GC) [PSYoungGen: 187816K->15795K(202240K)] 512877K->357750K(726528K), 0.0171626 secs] [Times: user=0.13 sys=0.00, real=0.02 secs] 
2016-09-25T21:23:21.511-0400: 39.769: [GC (Allocation Failure) [PSYoungGen: 160691K->28177K(199680K)] 512299K->380523K(723968K), 0.0103223 secs] [Times: user=0.10 sys=0.00, real=0.01 secs] 
2016-09-25T21:23:21.718-0400: 39.977: [GC (GCLocker Initiated GC) [PSYoungGen: 175633K->37493K(202240K)] 527982K->390620K(726528K), 0.0105844 secs] [Times: user=0.09 sys=0.00, real=0.01 secs] 
2016-09-25T21:23:21.937-0400: 40.196: [GC (GCLocker Initiated GC) [PSYoungGen: 184949K->43022K(202752K)] 538079K->396900K(727040K), 0.0088151 secs] [Times: user=0.09 sys=0.00, real=0.01 secs] 
2016-09-25T21:23:22.147-0400: 40.406: [GC (GCLocker Initiated GC) [PSYoungGen: 190478K->41747K(189440K)] 544377K->396419K(713728K), 0.0203723 secs] [Times: user=0.24 sys=0.02, real=0.02 secs] 
2016-09-25T21:23:22.361-0400: 40.620: [GC (GCLocker Initiated GC) [PSYoungGen: 189203K->32264K(205824K)] 544001K->398629K(730112K), 0.0234189 secs] [Times: user=0.28 sys=0.00, real=0.03 secs] 
2016-09-25T21:23:22.595-0400: 40.854: [GC (GCLocker Initiated GC) [PSYoungGen: 179208K->32407K(179712K)] 545576K->402297K(704000K), 0.0130979 secs] [Times: user=0.09 sys=0.02, real=0.01 secs] 
2016-09-25T21:23:22.815-0400: 41.074: [GC (GCLocker Initiated GC) [PSYoungGen: 179351K->10675K(198656K)] 558844K->390973K(722944K), 0.0186095 secs] [Times: user=0.17 sys=0.02, real=0.01 secs] 
2016-09-25T21:23:23.023-0400: 41.282: [GC (GCLocker Initiated GC) [PSYoungGen: 155571K->30977K(200704K)] 541387K->417658K(724992K), 0.0125802 secs] [Times: user=0.11 sys=0.01, real=0.01 secs] 
2016-09-25T21:23:23.216-0400: 41.475: [GC (GCLocker Initiated GC) [PSYoungGen: 175873K->18963K(205824K)] 572454K->416334K(730112K), 0.0105210 secs] [Times: user=0.10 sys=0.00, real=0.01 secs] 
2016-09-25T21:23:23.404-0400: 41.663: [GC (GCLocker Initiated GC) [PSYoungGen: 172051K->36300K(205824K)] 572155K->437345K(730112K), 0.0065236 secs] [Times: user=0.04 sys=0.00, real=0.00 secs] 
2016-09-25T21:23:23.592-0400: 41.851: [GC (GCLocker Initiated GC) [PSYoungGen: 189388K->12276K(207872K)] 595839K->441239K(732160K), 0.0282855 secs] [Times: user=0.31 sys=0.00, real=0.03 secs] 
2016-09-25T21:23:23.800-0400: 42.059: [GC (GCLocker Initiated GC) [PSYoungGen: 166900K->47580K(202240K)] 605351K->487107K(726528K), 0.0119224 secs] [Times: user=0.15 sys=0.01, real=0.01 secs] 
2016-09-25T21:23:24.047-0400: 42.306: [GC (GCLocker Initiated GC) [PSYoungGen: 202204K->28484K(206336K)] 649871K->501588K(730624K), 0.0234911 secs] [Times: user=0.39 sys=0.00, real=0.02 secs] 
2016-09-25T21:23:24.267-0400: 42.526: [GC (GCLocker Initiated GC) [PSYoungGen: 176452K->20102K(168448K)] 656407K->511829K(692736K), 0.0102894 secs] [Times: user=0.05 sys=0.01, real=0.01 secs] 
2016-09-25T21:23:24.452-0400: 42.711: [Full GC (Ergonomics) [PSYoungGen: 168070K->0K(168448K)] [ParOldGen: 503902K->139828K(524288K)] 671972K->139828K(692736K), [Metaspace: 43327K->43327K(1085440K)], 0.0588505 secs] [Times: user=0.31 sys=0.06, real=0.06 secs] 
2016-09-25T21:23:24.713-0400: 42.971: [GC (GCLocker Initiated GC) [PSYoungGen: 147968K->36655K(203264K)] 287914K->176601K(727552K), 0.0095644 secs] [Times: user=0.10 sys=0.01, real=0.02 secs] 
2016-09-25T21:23:24.884-0400: 43.143: [GC (GCLocker Initiated GC) [PSYoungGen: 184623K->17283K(203264K)] 331345K->165160K(727552K), 0.0075476 secs] [Times: user=0.09 sys=0.01, real=0.00 secs] 
2016-09-25T21:23:25.045-0400: 43.303: [GC (GCLocker Initiated GC) [PSYoungGen: 165251K->14637K(206336K)] 323662K->173974K(730624K), 0.0170322 secs] [Times: user=0.22 sys=0.02, real=0.01 secs] 
2016-09-25T21:23:25.206-0400: 43.465: [GC (GCLocker Initiated GC) [PSYoungGen: 166189K->29373K(181248K)] 328467K->192517K(705536K), 0.0426994 secs] [Times: user=0.49 sys=0.05, real=0.04 secs] 
2016-09-25T21:23:25.397-0400: 43.655: [GC (GCLocker Initiated GC) [PSYoungGen: 180925K->36195K(204288K)] 346801K->202838K(728576K), 0.0200981 secs] [Times: user=0.26 sys=0.01, real=0.02 secs] 
2016-09-25T21:23:25.562-0400: 43.821: [GC (GCLocker Initiated GC) [PSYoungGen: 187747K->29312K(205312K)] 354393K->196653K(729600K), 0.0043741 secs] [Times: user=0.03 sys=0.00, real=0.00 secs] 
2016-09-25T21:23:25.741-0400: 44.000: [GC (GCLocker Initiated GC) [PSYoungGen: 180864K->29435K(206848K)] 349563K->198791K(731136K), 0.0239088 secs] [Times: user=0.30 sys=0.00, real=0.03 secs] 
2016-09-25T21:23:25.944-0400: 44.203: [GC (GCLocker Initiated GC) [PSYoungGen: 186619K->23940K(206848K)] 362758K->200733K(731136K), 0.0338204 secs] [Times: user=0.38 sys=0.00, real=0.03 secs] 
2016-09-25T21:23:26.141-0400: 44.400: [GC (GCLocker Initiated GC) [PSYoungGen: 181124K->37619K(209408K)] 360640K->239469K(733696K), 0.0181647 secs] [Times: user=0.22 sys=0.00, real=0.02 secs] 
2016-09-25T21:23:26.342-0400: 44.601: [GC (GCLocker Initiated GC) [PSYoungGen: 198899K->36365K(210944K)] 406182K->263293K(735232K), 0.0097326 secs] [Times: user=0.13 sys=0.00, real=0.00 secs] 
2016-09-25T21:23:26.531-0400: 44.789: [GC (GCLocker Initiated GC) [PSYoungGen: 197645K->15671K(211456K)] 425925K->247324K(735744K), 0.0209429 secs] [Times: user=0.22 sys=0.00, real=0.02 secs] 
2016-09-25T21:23:26.710-0400: 44.969: [GC (Allocation Failure) [PSYoungGen: 176439K->14563K(211456K)] 425779K->264476K(735744K), 0.0100214 secs] [Times: user=0.15 sys=0.00, real=0.01 secs] 
2016-09-25T21:23:28.061-0400: 46.320: [GC (GCLocker Initiated GC) [PSYoungGen: 173007K->31887K(210432K)] 425619K->285035K(734720K), 0.0272111 secs] [Times: user=0.21 sys=0.00, real=0.03 secs] 
2016-09-25T21:23:28.283-0400: 46.541: [GC (GCLocker Initiated GC) [PSYoungGen: 192655K->27986K(188928K)] 455431K->291272K(713216K), 0.0088312 secs] [Times: user=0.10 sys=0.00, real=0.00 secs] 
2016-09-25T21:23:28.473-0400: 46.732: [GC (Allocation Failure) [PSYoungGen: 188754K->48097K(197632K)] 454802K->320126K(721920K), 0.0196024 secs] [Times: user=0.18 sys=0.00, real=0.02 secs] 
2016-09-25T21:23:28.659-0400: 46.918: [GC (GCLocker Initiated GC) [PSYoungGen: 195767K->21065K(205824K)] 470497K->309803K(730112K), 0.0076852 secs] [Times: user=0.06 sys=0.01, real=0.01 secs] 
2016-09-25T21:23:28.823-0400: 47.082: [GC (GCLocker Initiated GC) [PSYoungGen: 170569K->33222K(201728K)] 463371K->326530K(726016K), 0.0250031 secs] [Times: user=0.28 sys=0.00, real=0.02 secs] 
2016-09-25T21:23:29.038-0400: 47.297: [GC (GCLocker Initiated GC) [PSYoungGen: 183750K->40076K(204288K)] 479988K->350342K(728576K), 0.0202505 secs] [Times: user=0.23 sys=0.00, real=0.02 secs] 
2016-09-25T21:23:29.277-0400: 47.536: [GC (Allocation Failure) [PSYoungGen: 190604K->31782K(205824K)] 500999K->342604K(730112K), 0.0087837 secs] [Times: user=0.08 sys=0.00, real=0.01 secs] 
2016-09-25T21:23:29.483-0400: 47.741: [GC (GCLocker Initiated GC) [PSYoungGen: 183897K->37461K(206336K)] 497419K->362318K(730624K), 0.0167453 secs] [Times: user=0.20 sys=0.01, real=0.01 secs] 
2016-09-25T21:23:29.710-0400: 47.969: [GC (GCLocker Initiated GC) [PSYoungGen: 190549K->39978K(206336K)] 518111K->368083K(730624K), 0.0121989 secs] [Times: user=0.12 sys=0.01, real=0.02 secs] 
2016-09-25T21:23:29.926-0400: 48.185: [GC (GCLocker Initiated GC) [PSYoungGen: 192554K->23867K(207360K)] 526222K->357996K(731648K), 0.0105757 secs] [Times: user=0.05 sys=0.01, real=0.01 secs] 
2016-09-25T21:23:30.184-0400: 48.443: [GC (GCLocker Initiated GC) [PSYoungGen: 176443K->23978K(205312K)] 516105K->375087K(729600K), 0.0060488 secs] [Times: user=0.04 sys=0.00, real=0.00 secs] 
2016-09-25T21:23:30.396-0400: 48.655: [GC (GCLocker Initiated GC) [PSYoungGen: 177578K->29688K(206336K)] 528797K->397927K(730624K), 0.0077689 secs] [Times: user=0.07 sys=0.00, real=0.01 secs] 
2016-09-25T21:23:30.639-0400: 48.898: [GC (GCLocker Initiated GC) [PSYoungGen: 183288K->37750K(207360K)] 556952K->412360K(731648K), 0.0057306 secs] [Times: user=0.05 sys=0.00, real=0.01 secs] 
2016-09-25T21:23:30.839-0400: 49.098: [GC (GCLocker Initiated GC) [PSYoungGen: 194422K->31433K(208384K)] 573185K->432792K(732672K), 0.0166659 secs] [Times: user=0.18 sys=0.00, real=0.02 secs] 
2016-09-25T21:23:31.095-0400: 49.354: [GC (Allocation Failure) [PSYoungGen: 188105K->27434K(209408K)] 592193K->446106K(733696K), 0.0213984 secs] [Times: user=0.27 sys=0.00, real=0.02 secs] 
2016-09-25T21:23:31.339-0400: 49.598: [GC (GCLocker Initiated GC) [PSYoungGen: 186934K->32743K(209408K)] 612356K->467469K(733696K), 0.0112876 secs] [Times: user=0.06 sys=0.00, real=0.01 secs] 
2016-09-25T21:23:31.577-0400: 49.836: [GC (GCLocker Initiated GC) [PSYoungGen: 193511K->46192K(207360K)] 628344K->482374K(731648K), 0.0101819 secs] [Times: user=0.10 sys=0.00, real=0.01 secs] 
2016-09-25T21:23:31.845-0400: 50.104: [GC (GCLocker Initiated GC) [PSYoungGen: 205936K->15444K(175616K)] 651612K->475894K(699904K), 0.0168672 secs] [Times: user=0.16 sys=0.00, real=0.02 secs] 
2016-09-25T21:23:32.135-0400: 50.394: [GC (GCLocker Initiated GC) [PSYoungGen: 175188K->26282K(210944K)] 638371K->518098K(735232K), 0.0063726 secs] [Times: user=0.05 sys=0.00, real=0.00 secs] 
2016-09-25T21:23:32.142-0400: 50.401: [Full GC (Ergonomics) [PSYoungGen: 26282K->0K(210944K)] [ParOldGen: 491815K->156958K(524288K)] 518098K->156958K(735232K), [Metaspace: 43358K->43358K(1085440K)], 0.0817219 secs] [Times: user=0.50 sys=0.01, real=0.09 secs] 
2016-09-25T21:23:32.467-0400: 50.725: [GC (GCLocker Initiated GC) [PSYoungGen: 158720K->20567K(179712K)] 325347K->187194K(704000K), 0.0181076 secs] [Times: user=0.20 sys=0.00, real=0.02 secs] 
2016-09-25T21:23:32.699-0400: 50.958: [GC (GCLocker Initiated GC) [PSYoungGen: 179287K->35720K(209408K)] 345996K->204972K(733696K), 0.0125225 secs] [Times: user=0.12 sys=0.00, real=0.01 secs] 
2016-09-25T21:23:32.958-0400: 51.217: [GC (GCLocker Initiated GC) [PSYoungGen: 194440K->26201K(209408K)] 366399K->199612K(733696K), 0.0069674 secs] [Times: user=0.05 sys=0.00, real=0.01 secs] 
2016-09-25T21:23:33.191-0400: 51.449: [GC (GCLocker Initiated GC) [PSYoungGen: 184921K->18158K(210432K)] 370684K->205502K(734720K), 0.0073118 secs] [Times: user=0.03 sys=0.00, real=0.01 secs] 
2016-09-25T21:23:33.435-0400: 51.694: [GC (GCLocker Initiated GC) [PSYoungGen: 178926K->36905K(210432K)] 366300K->226022K(734720K), 0.0061504 secs] [Times: user=0.04 sys=0.01, real=0.00 secs] 
2016-09-25T21:23:33.682-0400: 51.941: [GC (GCLocker Initiated GC) [PSYoungGen: 197673K->14314K(210432K)] 401687K->236029K(734720K), 0.0070594 secs] [Times: user=0.04 sys=0.00, real=0.00 secs] 
2016-09-25T21:23:33.942-0400: 52.201: [GC (GCLocker Initiated GC) [PSYoungGen: 174058K->48210K(208384K)] 395859K->271871K(732672K), 0.0078719 secs] [Times: user=0.07 sys=0.01, real=0.01 secs] 
2016-09-25T21:23:34.191-0400: 52.450: [GC (GCLocker Initiated GC) [PSYoungGen: 207954K->27252K(207360K)] 438591K->259507K(731648K), 0.0064369 secs] [Times: user=0.04 sys=0.00, real=0.01 secs] 
2016-09-25T21:23:34.427-0400: 52.686: [GC (GCLocker Initiated GC) [PSYoungGen: 180852K->35182K(207872K)] 413140K->268777K(732160K), 0.0064833 secs] [Times: user=0.04 sys=0.00, real=0.00 secs] 
2016-09-25T21:23:34.657-0400: 52.916: [GC (GCLocker Initiated GC) [PSYoungGen: 188782K->25988K(204800K)] 425169K->285159K(729088K), 0.0074253 secs] [Times: user=0.05 sys=0.01, real=0.01 secs] 
2016-09-25T21:23:34.890-0400: 53.149: [GC (GCLocker Initiated GC) [PSYoungGen: 180100K->39331K(206336K)] 439464K->305303K(730624K), 0.0092285 secs] [Times: user=0.07 sys=0.00, real=0.01 secs] 
2016-09-25T21:23:35.135-0400: 53.394: [GC (GCLocker Initiated GC) [PSYoungGen: 193443K->33912K(208896K)] 466283K->310719K(733184K), 0.0115486 secs] [Times: user=0.07 sys=0.00, real=0.01 secs] 
2016-09-25T21:23:35.369-0400: 53.627: [GC (GCLocker Initiated GC) [PSYoungGen: 190584K->29734K(186880K)] 478399K->332209K(711168K), 0.0234835 secs] [Times: user=0.24 sys=0.01, real=0.02 secs] 
2016-09-25T21:23:35.618-0400: 53.877: [GC (GCLocker Initiated GC) [PSYoungGen: 186406K->20256K(208896K)] 505104K->339834K(733184K), 0.0185931 secs] [Times: user=0.18 sys=0.01, real=0.02 secs] 
2016-09-25T21:23:35.840-0400: 54.099: [GC (GCLocker Initiated GC) [PSYoungGen: 178464K->15992K(208384K)] 503479K->358180K(732672K), 0.0114138 secs] [Times: user=0.10 sys=0.00, real=0.01 secs] 
2016-09-25T21:23:36.046-0400: 54.305: [GC (Allocation Failure) [PSYoungGen: 174200K->30926K(210432K)] 525863K->383491K(734720K), 0.0140651 secs] [Times: user=0.15 sys=0.00, real=0.01 secs] 
2016-09-25T21:23:36.270-0400: 54.529: [GC (GCLocker Initiated GC) [PSYoungGen: 191717K->22847K(210944K)] 545632K->393780K(735232K), 0.0220510 secs] [Times: user=0.24 sys=0.01, real=0.02 secs] 
2016-09-25T21:23:36.510-0400: 54.769: [GC (GCLocker Initiated GC) [PSYoungGen: 184127K->33565K(210944K)] 567226K->417407K(735232K), 0.0181299 secs] [Times: user=0.19 sys=0.00, real=0.02 secs] 
2016-09-25T21:23:36.745-0400: 55.004: [GC (GCLocker Initiated GC) [PSYoungGen: 196381K->24216K(211456K)] 585743K->427939K(735744K), 0.0086037 secs] [Times: user=0.11 sys=0.00, real=0.01 secs] 
2016-09-25T21:23:36.967-0400: 55.226: [GC (GCLocker Initiated GC) [PSYoungGen: 187032K->29570K(211456K)] 593567K->436900K(735744K), 0.0108333 secs] [Times: user=0.08 sys=0.01, real=0.01 secs] 
2016-09-25T21:23:37.169-0400: 55.428: [GC (GCLocker Initiated GC) [PSYoungGen: 195970K->43292K(211968K)] 603414K->451580K(736256K), 0.0212652 secs] [Times: user=0.23 sys=0.01, real=0.02 secs] 
2016-09-25T21:23:37.409-0400: 55.667: [GC (GCLocker Initiated GC) [PSYoungGen: 209692K->25501K(213504K)] 619574K->436386K(737792K), 0.0352161 secs] [Times: user=0.34 sys=0.00, real=0.04 secs] 
2016-09-25T21:23:37.638-0400: 55.897: [GC (GCLocker Initiated GC) [PSYoungGen: 189341K->44608K(208896K)] 602156K->461004K(733184K), 0.0066472 secs] [Times: user=0.07 sys=0.00, real=0.01 secs] 
2016-09-25T21:23:37.878-0400: 56.136: [GC (GCLocker Initiated GC) [PSYoungGen: 208448K->33916K(210944K)] 637026K->477018K(735232K), 0.0088054 secs] [Times: user=0.08 sys=0.00, real=0.01 secs] 
2016-09-25T21:23:38.080-0400: 56.339: [GC (Allocation Failure) [PSYoungGen: 192636K->26988K(185856K)] 644064K->498328K(710144K), 0.0219711 secs] [Times: user=0.22 sys=0.00, real=0.03 secs] 
2016-09-25T21:23:38.302-0400: 56.561: [GC (GCLocker Initiated GC) [PSYoungGen: 184313K->50065K(201728K)] 658353K->525092K(726016K), 0.0099970 secs] [Times: user=0.13 sys=0.01, real=0.00 secs] 
2016-09-25T21:23:38.517-0400: 56.776: [GC (GCLocker Initiated GC) [PSYoungGen: 201617K->29593K(206848K)] 676647K->505544K(731136K), 0.0169832 secs] [Times: user=0.15 sys=0.00, real=0.01 secs] 
2016-09-25T21:23:38.705-0400: 56.963: [GC (GCLocker Initiated GC) [PSYoungGen: 181145K->36375K(203776K)] 657243K->513324K(728064K), 0.0064524 secs] [Times: user=0.04 sys=0.01, real=0.00 secs] 
2016-09-25T21:23:38.940-0400: 57.199: [GC (GCLocker Initiated GC) [PSYoungGen: 189975K->32289K(206336K)] 666926K->510188K(730624K), 0.0095595 secs] [Times: user=0.12 sys=0.00, real=0.01 secs] 
2016-09-25T21:23:39.158-0400: 57.417: [GC (GCLocker Initiated GC) [PSYoungGen: 185889K->34898K(206336K)] 666528K->516344K(730624K), 0.0060078 secs] [Times: user=0.04 sys=0.00, real=0.01 secs] 
2016-09-25T21:23:39.383-0400: 57.642: [GC (GCLocker Initiated GC) [PSYoungGen: 193106K->22743K(208384K)] 674555K->515812K(732672K), 0.0296505 secs] [Times: user=0.22 sys=0.00, real=0.02 secs] 
2016-09-25T21:23:39.638-0400: 57.897: [Full GC (Ergonomics) [PSYoungGen: 180951K->0K(208384K)] [ParOldGen: 505418K->195767K(524288K)] 686369K->195767K(732672K), [Metaspace: 43378K->43378K(1085440K)], 0.1006279 secs] [Times: user=0.46 sys=0.03, real=0.10 secs] 
2016-09-25T21:23:39.973-0400: 58.231: [GC (GCLocker Initiated GC) [PSYoungGen: 158208K->47366K(204800K)] 362119K->251277K(729088K), 0.0231155 secs] [Times: user=0.29 sys=0.01, real=0.03 secs] 
2016-09-25T21:23:40.225-0400: 58.483: [GC (GCLocker Initiated GC) [PSYoungGen: 201990K->15843K(170496K)] 408626K->245009K(694784K), 0.0349316 secs] [Times: user=0.29 sys=0.00, real=0.03 secs] 
2016-09-25T21:23:40.497-0400: 58.756: [GC (GCLocker Initiated GC) [PSYoungGen: 170467K->38888K(206336K)] 402359K->271517K(730624K), 0.0327032 secs] [Times: user=0.38 sys=0.00, real=0.03 secs] 
2016-09-25T21:23:40.716-0400: 58.975: [GC (GCLocker Initiated GC) [PSYoungGen: 190440K->44352K(196096K)] 423112K->293977K(720384K), 0.0163748 secs] [Times: user=0.16 sys=0.00, real=0.01 secs] 
2016-09-25T21:23:40.954-0400: 59.213: [GC (GCLocker Initiated GC) [PSYoungGen: 195904K->4081K(199680K)] 467322K->276179K(723968K), 0.0257728 secs] [Times: user=0.29 sys=0.00, real=0.03 secs] 
2016-09-25T21:23:41.163-0400: 59.422: [GC (GCLocker Initiated GC) [PSYoungGen: 146417K->34848K(202240K)] 426670K->315995K(726528K), 0.0224604 secs] [Times: user=0.25 sys=0.00, real=0.02 secs] 
2016-09-25T21:23:41.373-0400: 59.632: [GC (GCLocker Initiated GC) [PSYoungGen: 177184K->22669K(198144K)] 466485K->312652K(722432K), 0.0118743 secs] [Times: user=0.08 sys=0.01, real=0.02 secs] 
2016-09-25T21:23:41.565-0400: 59.824: [GC (GCLocker Initiated GC) [PSYoungGen: 166029K->37644K(200704K)] 458799K->331123K(724992K), 0.0074307 secs] [Times: user=0.06 sys=0.01, real=0.00 secs] 
2016-09-25T21:23:41.769-0400: 60.028: [GC (GCLocker Initiated GC) [PSYoungGen: 181004K->37421K(204800K)] 474550K->331625K(729088K), 0.0141337 secs] [Times: user=0.12 sys=0.01, real=0.02 secs] 
2016-09-25T21:23:41.960-0400: 60.219: [GC (GCLocker Initiated GC) [PSYoungGen: 184877K->38939K(204800K)] 485860K->340629K(729088K), 0.0063410 secs] [Times: user=0.04 sys=0.00, real=0.01 secs] 
2016-09-25T21:23:42.145-0400: 60.404: [GC (Allocation Failure) [PSYoungGen: 186395K->40255K(203776K)] 491029K->364544K(728064K), 0.0235814 secs] [Times: user=0.24 sys=0.00, real=0.02 secs] 
2016-09-25T21:23:42.169-0400: 60.428: [GC (GCLocker Initiated GC) [PSYoungGen: 40263K->96K(146944K)] 364553K->365734K(671232K), 0.0055919 secs] [Times: user=0.04 sys=0.00, real=0.01 secs] 
2016-09-25T21:23:42.357-0400: 60.616: [GC (GCLocker Initiated GC) [PSYoungGen: 146528K->51310K(190976K)] 512167K->416949K(715264K), 0.0201940 secs] [Times: user=0.27 sys=0.01, real=0.02 secs] 
2016-09-25T21:23:42.546-0400: 60.805: [GC (GCLocker Initiated GC) [PSYoungGen: 181358K->26657K(196096K)] 552635K->400220K(720384K), 0.0228506 secs] [Times: user=0.20 sys=0.00, real=0.02 secs] 
2016-09-25T21:23:42.753-0400: 61.012: [GC (GCLocker Initiated GC) [PSYoungGen: 156705K->37690K(191488K)] 534441K->416153K(715776K), 0.0106084 secs] [Times: user=0.14 sys=0.00, real=0.02 secs] 
2016-09-25T21:23:42.931-0400: 61.189: [GC (GCLocker Initiated GC) [PSYoungGen: 170298K->15890K(195072K)] 555954K->402225K(719360K), 0.0093790 secs] [Times: user=0.08 sys=0.00, real=0.01 secs] 
2016-09-25T21:23:43.117-0400: 61.376: [GC (GCLocker Initiated GC) [PSYoungGen: 148498K->39208K(199680K)] 537685K->429164K(723968K), 0.0101409 secs] [Times: user=0.12 sys=0.00, real=0.01 secs] 
2016-09-25T21:23:43.300-0400: 61.559: [GC (GCLocker Initiated GC) [PSYoungGen: 176424K->36448K(174080K)] 571830K->432617K(698368K), 0.0219685 secs] [Times: user=0.25 sys=0.00, real=0.03 secs] 
2016-09-25T21:23:43.506-0400: 61.764: [GC (GCLocker Initiated GC) [PSYoungGen: 173664K->26852K(200192K)] 577036K->444571K(724480K), 0.0098964 secs] [Times: user=0.09 sys=0.01, real=0.01 secs] 
2016-09-25T21:23:43.716-0400: 61.975: [GC (GCLocker Initiated GC) [PSYoungGen: 166116K->11893K(198144K)] 590988K->437583K(722432K), 0.0104793 secs] [Times: user=0.12 sys=0.01, real=0.01 secs] 
2016-09-25T21:23:43.922-0400: 62.181: [GC (GCLocker Initiated GC) [PSYoungGen: 151157K->25362K(199168K)] 582381K->457320K(723456K), 0.0327786 secs] [Times: user=0.32 sys=0.00, real=0.04 secs] 
2016-09-25T21:23:44.150-0400: 62.409: [GC (GCLocker Initiated GC) [PSYoungGen: 168722K->40750K(200704K)] 603514K->476276K(724992K), 0.0135385 secs] [Times: user=0.14 sys=0.00, real=0.02 secs] 
2016-09-25T21:23:44.376-0400: 62.635: [GC (GCLocker Initiated GC) [PSYoungGen: 184110K->33752K(203264K)] 625442K->476156K(727552K), 0.0239813 secs] [Times: user=0.30 sys=0.00, real=0.02 secs] 
2016-09-25T21:23:44.612-0400: 62.871: [GC (GCLocker Initiated GC) [PSYoungGen: 179672K->28363K(174592K)] 627510K->477049K(698880K), 0.0200616 secs] [Times: user=0.19 sys=0.00, real=0.02 secs] 
2016-09-25T21:23:44.851-0400: 63.110: [GC (GCLocker Initiated GC) [PSYoungGen: 174283K->37716K(202752K)] 623213K->487586K(727040K), 0.0161916 secs] [Times: user=0.13 sys=0.00, real=0.02 secs] 
2016-09-25T21:23:45.087-0400: 63.346: [GC (GCLocker Initiated GC) [PSYoungGen: 185172K->26904K(202752K)] 637945K->480600K(727040K), 0.0241766 secs] [Times: user=0.25 sys=0.00, real=0.02 secs] 
2016-09-25T21:23:45.326-0400: 63.585: [GC (GCLocker Initiated GC) [PSYoungGen: 174360K->24549K(205312K)] 641633K->492869K(729600K), 0.0099956 secs] [Times: user=0.11 sys=0.00, real=0.01 secs] 
2016-09-25T21:23:45.543-0400: 63.802: [GC (GCLocker Initiated GC) [PSYoungGen: 177637K->37952K(205312K)] 648829K->510335K(729600K), 0.0089453 secs] [Times: user=0.09 sys=0.00, real=0.00 secs] 
2016-09-25T21:23:45.766-0400: 64.025: [GC (GCLocker Initiated GC) [PSYoungGen: 191040K->33952K(208896K)] 663602K->507681K(733184K), 0.0154655 secs] [Times: user=0.16 sys=0.00, real=0.01 secs] 
2016-09-25T21:23:45.991-0400: 64.249: [GC (GCLocker Initiated GC) [PSYoungGen: 190624K->31458K(188416K)] 669920K->511986K(712704K), 0.0360472 secs] [Times: user=0.40 sys=0.01, real=0.04 secs] 
2016-09-25T21:23:46.234-0400: 64.492: [GC (GCLocker Initiated GC) [PSYoungGen: 188130K->38047K(207360K)] 668889K->520004K(731648K), 0.0264799 secs] [Times: user=0.33 sys=0.00, real=0.03 secs] 
2016-09-25T21:23:46.481-0400: 64.739: [GC (GCLocker Initiated GC) [PSYoungGen: 195231K->44926K(207872K)] 680170K->531094K(732160K), 0.0072330 secs] [Times: user=0.08 sys=0.00, real=0.01 secs] 
2016-09-25T21:23:46.688-0400: 64.947: [GC (GCLocker Initiated GC) [PSYoungGen: 202110K->24513K(208896K)] 693710K->530804K(733184K), 0.0077761 secs] [Times: user=0.05 sys=0.00, real=0.01 secs] 
2016-09-25T21:23:46.930-0400: 65.189: [Full GC (Ergonomics) [PSYoungGen: 179649K->0K(208896K)] [ParOldGen: 514577K->217564K(524288K)] 694226K->217564K(733184K), [Metaspace: 43455K->43455K(1085440K)], 0.0744684 secs] [Times: user=0.44 sys=0.01, real=0.08 secs] 
2016-09-25T21:23:47.211-0400: 65.470: [GC (GCLocker Initiated GC) [PSYoungGen: 155136K->35667K(190976K)] 375507K->256039K(715264K), 0.0235175 secs] [Times: user=0.28 sys=0.00, real=0.03 secs] 
2016-09-25T21:23:47.428-0400: 65.687: [GC (GCLocker Initiated GC) [PSYoungGen: 190803K->36603K(207872K)] 411352K->274885K(732160K), 0.0069027 secs] [Times: user=0.06 sys=0.01, real=0.01 secs] 
2016-09-25T21:23:47.653-0400: 65.912: [GC (GCLocker Initiated GC) [PSYoungGen: 192251K->26176K(207360K)] 441336K->276332K(731648K), 0.0047244 secs] [Times: user=0.04 sys=0.00, real=0.01 secs] 
2016-09-25T21:23:47.854-0400: 66.113: [GC (GCLocker Initiated GC) [PSYoungGen: 181824K->50208K(201728K)] 432013K->307013K(726016K), 0.0148568 secs] [Times: user=0.16 sys=0.00, real=0.02 secs] 
2016-09-25T21:23:48.078-0400: 66.337: [GC (GCLocker Initiated GC) [PSYoungGen: 200736K->23254K(206336K)] 461557K->312235K(730624K), 0.0135755 secs] [Times: user=0.13 sys=0.01, real=0.01 secs] 
2016-09-25T21:23:48.291-0400: 66.550: [GC (Allocation Failure) [PSYoungGen: 173782K->25671K(204288K)] 470896K->323871K(728576K), 0.0147025 secs] [Times: user=0.11 sys=0.00, real=0.02 secs] 
2016-09-25T21:23:48.481-0400: 66.739: [GC (GCLocker Initiated GC) [PSYoungGen: 176199K->47527K(198144K)] 477100K->349535K(722432K), 0.0077582 secs] [Times: user=0.09 sys=0.00, real=0.01 secs] 
2016-09-25T21:23:48.705-0400: 66.964: [GC (GCLocker Initiated GC) [PSYoungGen: 198055K->25510K(204800K)] 505569K->334091K(729088K), 0.0100327 secs] [Times: user=0.11 sys=0.00, real=0.01 secs] 
2016-09-25T21:23:48.919-0400: 67.178: [GC (GCLocker Initiated GC) [PSYoungGen: 172454K->41818K(204288K)] 486591K->356877K(728576K), 0.0176017 secs] [Times: user=0.20 sys=0.00, real=0.02 secs] 
2016-09-25T21:23:49.149-0400: 67.408: [GC (GCLocker Initiated GC) [PSYoungGen: 188762K->31016K(202240K)] 507914K->364571K(726528K), 0.0169420 secs] [Times: user=0.22 sys=0.00, real=0.02 secs] 
2016-09-25T21:23:49.367-0400: 67.626: [GC (GCLocker Initiated GC) [PSYoungGen: 177960K->38983K(203264K)] 514256K->376195K(727552K), 0.0327779 secs] [Times: user=0.35 sys=0.02, real=0.03 secs] 
2016-09-25T21:23:49.628-0400: 67.887: [GC (GCLocker Initiated GC) [PSYoungGen: 185927K->20108K(205312K)] 531423K->385327K(729600K), 0.0465987 secs] [Times: user=0.56 sys=0.00, real=0.05 secs] 
2016-09-25T21:23:49.899-0400: 68.158: [GC (Allocation Failure) [PSYoungGen: 169612K->28251K(178176K)] 540551K->400094K(702464K), 0.0143914 secs] [Times: user=0.13 sys=0.01, real=0.01 secs] 
2016-09-25T21:23:50.081-0400: 68.340: [GC (GCLocker Initiated GC) [PSYoungGen: 175831K->34999K(206336K)] 550374K->415809K(730624K), 0.0151199 secs] [Times: user=0.16 sys=0.00, real=0.02 secs] 
2016-09-25T21:23:50.303-0400: 68.564: [GC (GCLocker Initiated GC) [PSYoungGen: 186551K->26890K(204800K)] 582245K->423425K(729088K), 0.0091373 secs] [Times: user=0.07 sys=0.01, real=0.00 secs] 
2016-09-25T21:23:50.498-0400: 68.756: [GC (GCLocker Initiated GC) [PSYoungGen: 178442K->40258K(205312K)] 575057K->451221K(729600K), 0.0111356 secs] [Times: user=0.08 sys=0.00, real=0.01 secs] 
2016-09-25T21:23:50.715-0400: 68.974: [GC (GCLocker Initiated GC) [PSYoungGen: 193346K->29776K(206336K)] 616648K->453834K(730624K), 0.0252221 secs] [Times: user=0.33 sys=0.00, real=0.02 secs] 
2016-09-25T21:23:50.957-0400: 69.216: [GC (GCLocker Initiated GC) [PSYoungGen: 182864K->45835K(204288K)] 606955K->470795K(728576K), 0.0146968 secs] [Times: user=0.18 sys=0.00, real=0.01 secs] 
2016-09-25T21:23:51.168-0400: 69.426: [GC (GCLocker Initiated GC) [PSYoungGen: 198411K->27949K(207360K)] 626178K->459141K(731648K), 0.0090014 secs] [Times: user=0.05 sys=0.01, real=0.01 secs] 
2016-09-25T21:23:51.368-0400: 69.627: [GC (GCLocker Initiated GC) [PSYoungGen: 180525K->13257K(205312K)] 613100K->462725K(729600K), 0.0152915 secs] [Times: user=0.14 sys=0.01, real=0.02 secs] 
2016-09-25T21:23:51.584-0400: 69.843: [GC (GCLocker Initiated GC) [PSYoungGen: 164809K->18565K(206848K)] 621055K->488994K(731136K), 0.0345334 secs] [Times: user=0.35 sys=0.00, real=0.03 secs] 
2016-09-25T21:23:51.799-0400: 70.058: [GC (GCLocker Initiated GC) [PSYoungGen: 170117K->52471K(195072K)] 640575K->523680K(719360K), 0.0178799 secs] [Times: user=0.20 sys=0.01, real=0.02 secs] 
2016-09-25T21:23:51.980-0400: 70.239: [GC (GCLocker Initiated GC) [PSYoungGen: 192759K->52471K(193024K)] 664027K->540782K(717312K), 0.0094392 secs] [Times: user=0.09 sys=0.00, real=0.01 secs] 
2016-09-25T21:23:52.173-0400: 70.432: [GC (GCLocker Initiated GC) [PSYoungGen: 192759K->33472K(199680K)] 681091K->538831K(723968K), 0.0241607 secs] [Times: user=0.22 sys=0.01, real=0.03 secs] 
2016-09-25T21:23:52.197-0400: 70.456: [Full GC (Ergonomics) [PSYoungGen: 33472K->0K(199680K)] [ParOldGen: 505359K->237894K(524288K)] 538831K->237894K(723968K), [Metaspace: 43469K->43469K(1085440K)], 0.0813199 secs] [Times: user=0.53 sys=0.00, real=0.08 secs] 
2016-09-25T21:23:52.480-0400: 70.739: [GC (GCLocker Initiated GC) [PSYoungGen: 134144K->47175K(196608K)] 372056K->285088K(720896K), 0.0127533 secs] [Times: user=0.15 sys=0.01, real=0.01 secs] 
2016-09-25T21:23:52.641-0400: 70.900: [GC (GCLocker Initiated GC) [PSYoungGen: 181319K->53984K(189440K)] 421967K->314399K(713728K), 0.0159255 secs] [Times: user=0.19 sys=0.00, real=0.02 secs] 
2016-09-25T21:23:52.835-0400: 71.094: [GC (GCLocker Initiated GC) [PSYoungGen: 178912K->30936K(193536K)] 446151K->304405K(717824K), 0.0166405 secs] [Times: user=0.17 sys=0.00, real=0.01 secs] 
2016-09-25T21:23:53.018-0400: 71.277: [GC (GCLocker Initiated GC) [PSYoungGen: 155864K->32041K(187392K)] 434829K->311778K(711680K), 0.0143939 secs] [Times: user=0.13 sys=0.00, real=0.01 secs] 
2016-09-25T21:23:53.194-0400: 71.452: [GC (GCLocker Initiated GC) [PSYoungGen: 159017K->24064K(191488K)] 446941K->331575K(715776K), 0.0320080 secs] [Times: user=0.34 sys=0.00, real=0.04 secs] 
2016-09-25T21:23:53.381-0400: 71.640: [GC (GCLocker Initiated GC) [PSYoungGen: 151040K->44256K(197632K)] 458585K->352635K(721920K), 0.0101707 secs] [Times: user=0.12 sys=0.00, real=0.01 secs] 
2016-09-25T21:23:53.582-0400: 71.841: [GC (GCLocker Initiated GC) [PSYoungGen: 178400K->21590K(198144K)] 493640K->351050K(722432K), 0.0182522 secs] [Times: user=0.17 sys=0.01, real=0.02 secs] 
2016-09-25T21:23:53.806-0400: 72.065: [GC (GCLocker Initiated GC) [PSYoungGen: 155734K->20290K(197120K)] 493505K->372589K(721408K), 0.0297675 secs] [Times: user=0.27 sys=0.00, real=0.03 secs] 
2016-09-25T21:23:54.072-0400: 72.331: [GC (GCLocker Initiated GC) [PSYoungGen: 154434K->12187K(197632K)] 522966K->381718K(721920K), 0.0090291 secs] [Times: user=0.04 sys=0.01, real=0.01 secs] 
2016-09-25T21:23:54.278-0400: 72.537: [GC (GCLocker Initiated GC) [PSYoungGen: 146331K->26909K(194048K)] 517431K->399037K(718336K), 0.0172057 secs] [Times: user=0.15 sys=0.00, real=0.02 secs] 
2016-09-25T21:23:54.497-0400: 72.756: [GC (GCLocker Initiated GC) [PSYoungGen: 161565K->20217K(196096K)] 536608K->396239K(720384K), 0.0070828 secs] [Times: user=0.05 sys=0.00, real=0.01 secs] 
2016-09-25T21:23:54.700-0400: 72.959: [GC (GCLocker Initiated GC) [PSYoungGen: 154873K->37953K(200192K)] 530912K->415101K(724480K), 0.0175123 secs] [Times: user=0.15 sys=0.00, real=0.02 secs] 
2016-09-25T21:23:54.919-0400: 73.177: [GC (GCLocker Initiated GC) [PSYoungGen: 178753K->44740K(185856K)] 558842K->426036K(710144K), 0.0127877 secs] [Times: user=0.14 sys=0.01, real=0.01 secs] 
2016-09-25T21:23:55.146-0400: 73.405: [GC (GCLocker Initiated GC) [PSYoungGen: 185540K->27145K(201728K)] 572743K->415416K(726016K), 0.0054874 secs] [Times: user=0.04 sys=0.00, real=0.00 secs] 
2016-09-25T21:23:55.329-0400: 73.588: [GC (GCLocker Initiated GC) [PSYoungGen: 166409K->40198K(199680K)] 562814K->437640K(723968K), 0.0152002 secs] [Times: user=0.15 sys=0.00, real=0.02 secs] 
2016-09-25T21:23:55.510-0400: 73.769: [GC (GCLocker Initiated GC) [PSYoungGen: 179462K->29059K(199680K)] 581003K->432317K(723968K), 0.0055537 secs] [Times: user=0.03 sys=0.00, real=0.01 secs] 
2016-09-25T21:23:55.679-0400: 73.938: [GC (GCLocker Initiated GC) [PSYoungGen: 170371K->30411K(199680K)] 580386K->442221K(723968K), 0.0246860 secs] [Times: user=0.23 sys=0.00, real=0.03 secs] 
2016-09-25T21:23:55.869-0400: 74.127: [GC (GCLocker Initiated GC) [PSYoungGen: 171723K->22345K(201728K)] 593203K->445622K(726016K), 0.0287402 secs] [Times: user=0.27 sys=0.00, real=0.03 secs] 
2016-09-25T21:23:56.055-0400: 74.314: [GC (GCLocker Initiated GC) [PSYoungGen: 168265K->33110K(201216K)] 591664K->458291K(725504K), 0.0106945 secs] [Times: user=0.10 sys=0.00, real=0.01 secs] 
2016-09-25T21:23:56.232-0400: 74.491: [GC (GCLocker Initiated GC) [PSYoungGen: 179030K->19793K(205312K)] 616700K->459203K(729600K), 0.0117200 secs] [Times: user=0.12 sys=0.01, real=0.02 secs] 
2016-09-25T21:23:56.412-0400: 74.671: [GC (GCLocker Initiated GC) [PSYoungGen: 171345K->34443K(204800K)] 618872K->483734K(729088K), 0.0270195 secs] [Times: user=0.30 sys=0.00, real=0.03 secs] 
2016-09-25T21:23:56.594-0400: 74.853: [GC (GCLocker Initiated GC) [PSYoungGen: 185995K->49297K(200192K)] 637999K->504471K(724480K), 0.0075157 secs] [Times: user=0.10 sys=0.00, real=0.00 secs] 
2016-09-25T21:23:56.772-0400: 75.031: [GC (GCLocker Initiated GC) [PSYoungGen: 196753K->31840K(204800K)] 657633K->494287K(729088K), 0.0057843 secs] [Times: user=0.06 sys=0.00, real=0.01 secs] 
2016-09-25T21:23:56.939-0400: 75.198: [GC (GCLocker Initiated GC) [PSYoungGen: 179296K->38473K(202752K)] 648591K->509420K(727040K), 0.0076609 secs] [Times: user=0.06 sys=0.00, real=0.01 secs] 
2016-09-25T21:23:57.103-0400: 75.362: [GC (GCLocker Initiated GC) [PSYoungGen: 187977K->34176K(204800K)] 660688K->508542K(729088K), 0.0074017 secs] [Times: user=0.06 sys=0.00, real=0.00 secs] 
2016-09-25T21:23:57.263-0400: 75.522: [GC (GCLocker Initiated GC) [PSYoungGen: 183680K->35358K(204800K)] 660748K->513811K(729088K), 0.0058804 secs] [Times: user=0.04 sys=0.00, real=0.00 secs] 
2016-09-25T21:23:57.441-0400: 75.700: [GC (GCLocker Initiated GC) [PSYoungGen: 188958K->23340K(205824K)] 674230K->509932K(730112K), 0.0059263 secs] [Times: user=0.05 sys=0.00, real=0.01 secs] 
2016-09-25T21:23:57.638-0400: 75.897: [GC (GCLocker Initiated GC) [PSYoungGen: 176940K->15360K(208896K)] 678407K->518296K(733184K), 0.0226757 secs] [Times: user=0.26 sys=0.00, real=0.02 secs] 
2016-09-25T21:23:57.838-0400: 76.097: [GC (GCLocker Initiated GC) [PSYoungGen: 172032K->23309K(209408K)] 677678K->530471K(733696K), 0.0102329 secs] [Times: user=0.08 sys=0.01, real=0.01 secs] 
2016-09-25T21:23:58.022-0400: 76.281: [Full GC (Ergonomics) [PSYoungGen: 179981K->0K(209408K)] [ParOldGen: 522071K->277843K(524288K)] 702052K->277843K(733696K), [Metaspace: 43601K->43601K(1085440K)], 0.0633274 secs] [Times: user=0.39 sys=0.02, real=0.06 secs] 
2016-09-25T21:23:58.250-0400: 76.508: [GC (GCLocker Initiated GC) [PSYoungGen: 156672K->24580K(206336K)] 437227K->305135K(730624K), 0.0325961 secs] [Times: user=0.35 sys=0.00, real=0.04 secs] 
2016-09-25T21:23:58.431-0400: 76.689: [GC (Allocation Failure) [PSYoungGen: 181764K->36601K(207872K)] 465104K->321194K(732160K), 0.0074149 secs] [Times: user=0.07 sys=0.00, real=0.01 secs] 
2016-09-25T21:23:58.610-0400: 76.868: [GC (GCLocker Initiated GC) [PSYoungGen: 193785K->33965K(210944K)] 481078K->325100K(735232K), 0.0145444 secs] [Times: user=0.16 sys=0.00, real=0.02 secs] 
2016-09-25T21:23:58.784-0400: 77.043: [GC (GCLocker Initiated GC) [PSYoungGen: 194221K->32893K(193536K)] 485377K->325239K(717824K), 0.0050786 secs] [Times: user=0.03 sys=0.00, real=0.00 secs] 
2016-09-25T21:23:58.946-0400: 77.205: [GC (GCLocker Initiated GC) [PSYoungGen: 193149K->31487K(211968K)] 485737K->325542K(736256K), 0.0058083 secs] [Times: user=0.03 sys=0.00, real=0.00 secs] 
2016-09-25T21:23:59.122-0400: 77.381: [GC (GCLocker Initiated GC) [PSYoungGen: 193791K->27627K(210432K)] 498708K->333987K(734720K), 0.0055862 secs] [Times: user=0.04 sys=0.00, real=0.00 secs] 
2016-09-25T21:23:59.293-0400: 77.551: [GC (GCLocker Initiated GC) [PSYoungGen: 189931K->26095K(211456K)] 496295K->334036K(735744K), 0.0054443 secs] [Times: user=0.03 sys=0.01, real=0.01 secs] 
2016-09-25T21:23:59.460-0400: 77.719: [GC (GCLocker Initiated GC) [PSYoungGen: 190959K->30210K(210944K)] 498937K->339711K(735232K), 0.0051250 secs] [Times: user=0.04 sys=0.00, real=0.01 secs] 
2016-09-25T21:23:59.629-0400: 77.888: [GC (GCLocker Initiated GC) [PSYoungGen: 195074K->26092K(215040K)] 507517K->348151K(739328K), 0.0068174 secs] [Times: user=0.04 sys=0.00, real=0.01 secs] 
2016-09-25T21:23:59.809-0400: 78.068: [GC (GCLocker Initiated GC) [PSYoungGen: 196588K->30301K(214016K)] 522730K->358027K(738304K), 0.0059160 secs] [Times: user=0.05 sys=0.00, real=0.01 secs] 
2016-09-25T21:23:59.979-0400: 78.238: [GC (GCLocker Initiated GC) [PSYoungGen: 200797K->24988K(217088K)] 536627K->375974K(741376K), 0.0059202 secs] [Times: user=0.04 sys=0.00, real=0.01 secs] 
2016-09-25T21:24:00.158-0400: 78.416: [GC (GCLocker Initiated GC) [PSYoungGen: 199580K->34303K(216576K)] 554777K->391057K(740864K), 0.0100857 secs] [Times: user=0.09 sys=0.00, real=0.01 secs] 
2016-09-25T21:24:00.340-0400: 78.599: [GC (GCLocker Initiated GC) [PSYoungGen: 208895K->27478K(219648K)] 572540K->392706K(743936K), 0.0088397 secs] [Times: user=0.08 sys=0.00, real=0.01 secs] 
2016-09-25T21:24:00.527-0400: 78.786: [GC (GCLocker Initiated GC) [PSYoungGen: 205142K->30268K(208384K)] 570607K->399838K(732672K), 0.0053061 secs] [Times: user=0.03 sys=0.00, real=0.00 secs] 
2016-09-25T21:24:00.704-0400: 78.963: [GC (GCLocker Initiated GC) [PSYoungGen: 207932K->30174K(220160K)] 580294K->404150K(744448K), 0.0093783 secs] [Times: user=0.09 sys=0.00, real=0.00 secs] 
2016-09-25T21:24:00.889-0400: 79.148: [GC (GCLocker Initiated GC) [PSYoungGen: 209374K->32596K(219136K)] 583409K->408080K(743424K), 0.0185863 secs] [Times: user=0.22 sys=0.00, real=0.02 secs] 
2016-09-25T21:24:01.096-0400: 79.355: [GC (GCLocker Initiated GC) [PSYoungGen: 211796K->27426K(221696K)] 587309K->409541K(745984K), 0.0203640 secs] [Times: user=0.25 sys=0.00, real=0.02 secs] 
2016-09-25T21:24:01.302-0400: 79.561: [GC (GCLocker Initiated GC) [PSYoungGen: 209186K->27330K(221184K)] 591375K->413531K(745472K), 0.0068725 secs] [Times: user=0.05 sys=0.00, real=0.01 secs] 
2016-09-25T21:24:01.484-0400: 79.743: [GC (GCLocker Initiated GC) [PSYoungGen: 209090K->27594K(222208K)] 600789K->420741K(746496K), 0.0052584 secs] [Times: user=0.05 sys=0.00, real=0.00 secs] 
2016-09-25T21:24:01.670-0400: 79.928: [GC (GCLocker Initiated GC) [PSYoungGen: 210890K->37260K(221696K)] 604041K->436021K(745984K), 0.0063968 secs] [Times: user=0.07 sys=0.00, real=0.01 secs] 
2016-09-25T21:24:01.857-0400: 80.116: [GC (GCLocker Initiated GC) [PSYoungGen: 220556K->39924K(216576K)] 624798K->452604K(740864K), 0.0101752 secs] [Times: user=0.13 sys=0.01, real=0.01 secs] 
2016-09-25T21:24:02.041-0400: 80.299: [GC (GCLocker Initiated GC) [PSYoungGen: 216052K->26382K(219136K)] 634199K->467785K(743424K), 0.0150093 secs] [Times: user=0.20 sys=0.00, real=0.02 secs] 
2016-09-25T21:24:02.220-0400: 80.479: [GC (GCLocker Initiated GC) [PSYoungGen: 202510K->30308K(216576K)] 650792K->480144K(740864K), 0.0089768 secs] [Times: user=0.10 sys=0.00, real=0.01 secs] 
2016-09-25T21:24:02.403-0400: 80.662: [GC (GCLocker Initiated GC) [PSYoungGen: 206948K->30239K(218112K)] 662422K->487215K(742400K), 0.0071270 secs] [Times: user=0.06 sys=0.01, real=0.00 secs] 
2016-09-25T21:24:02.575-0400: 80.834: [GC (GCLocker Initiated GC) [PSYoungGen: 206879K->35595K(219648K)] 666715K->496981K(743936K), 0.0094580 secs] [Times: user=0.08 sys=0.01, real=0.01 secs] 
2016-09-25T21:24:02.773-0400: 81.032: [GC (GCLocker Initiated GC) [PSYoungGen: 214795K->27778K(220672K)] 684432K->498915K(744960K), 0.0110845 secs] [Times: user=0.11 sys=0.00, real=0.02 secs] 
2016-09-25T21:24:02.982-0400: 81.241: [GC (GCLocker Initiated GC) [PSYoungGen: 206978K->11728K(217088K)] 697187K->503664K(741376K), 0.0256215 secs] [Times: user=0.26 sys=0.00, real=0.03 secs] 
2016-09-25T21:24:03.194-0400: 81.453: [GC (GCLocker Initiated GC) [PSYoungGen: 187856K->27745K(219136K)] 682509K->524301K(743424K), 0.0117302 secs] [Times: user=0.11 sys=0.00, real=0.02 secs] 
2016-09-25T21:24:03.365-0400: 81.624: [GC (GCLocker Initiated GC) [PSYoungGen: 203873K->40916K(214016K)] 703141K->541927K(738304K), 0.0081754 secs] [Times: user=0.08 sys=0.00, real=0.00 secs] 
2016-09-25T21:24:03.545-0400: 81.804: [GC (GCLocker Initiated GC) [PSYoungGen: 212948K->28280K(217088K)] 718038K->534784K(741376K), 0.0181218 secs] [Times: user=0.18 sys=0.01, real=0.02 secs] 
2016-09-25T21:24:03.714-0400: 81.973: [GC (Allocation Failure) [PSYoungGen: 200312K->29678K(212992K)] 706820K->539873K(737280K), 0.0181729 secs] [Times: user=0.18 sys=0.00, real=0.02 secs] 
2016-09-25T21:24:03.885-0400: 82.144: [GC (GCLocker Initiated GC) [PSYoungGen: 202734K->42084K(215552K)] 712929K->558641K(739840K), 0.0103492 secs] [Times: user=0.10 sys=0.01, real=0.01 secs] 
2016-09-25T21:24:03.895-0400: 82.154: [Full GC (Ergonomics) [PSYoungGen: 42084K->0K(215552K)] [ParOldGen: 516557K->325345K(524288K)] 558641K->325345K(739840K), [Metaspace: 43683K->43683K(1087488K)], 0.0642772 secs] [Times: user=0.45 sys=0.02, real=0.06 secs] 
2016-09-25T21:24:04.136-0400: 82.395: [GC (GCLocker Initiated GC) [PSYoungGen: 173056K->38418K(214016K)] 501212K->366575K(738304K), 0.0112296 secs] [Times: user=0.12 sys=0.00, real=0.01 secs] 
2016-09-25T21:24:04.312-0400: 82.571: [GC (GCLocker Initiated GC) [PSYoungGen: 206354K->43912K(211968K)] 542640K->381678K(736256K), 0.0104559 secs] [Times: user=0.11 sys=0.01, real=0.02 secs] 
2016-09-25T21:24:04.507-0400: 82.766: [GC (GCLocker Initiated GC) [PSYoungGen: 211848K->20946K(210944K)] 552332K->365696K(735232K), 0.0128948 secs] [Times: user=0.07 sys=0.00, real=0.01 secs] 
2016-09-25T21:24:04.707-0400: 82.966: [GC (GCLocker Initiated GC) [PSYoungGen: 181714K->25108K(186368K)] 526465K->371666K(710656K), 0.0127956 secs] [Times: user=0.10 sys=0.00, real=0.01 secs] 
2016-09-25T21:24:04.892-0400: 83.150: [GC (GCLocker Initiated GC) [PSYoungGen: 185876K->38611K(209920K)] 532436K->386985K(734208K), 0.0181677 secs] [Times: user=0.20 sys=0.00, real=0.02 secs] 
2016-09-25T21:24:05.104-0400: 83.363: [GC (GCLocker Initiated GC) [PSYoungGen: 198867K->27960K(210944K)] 555617K->386487K(735232K), 0.0304881 secs] [Times: user=0.32 sys=0.00, real=0.03 secs] 
2016-09-25T21:24:05.301-0400: 83.560: [GC (GCLocker Initiated GC) [PSYoungGen: 188216K->24809K(209408K)] 546848K->401527K(733696K), 0.0056748 secs] [Times: user=0.05 sys=0.01, real=0.01 secs] 
2016-09-25T21:24:05.468-0400: 83.727: [GC (GCLocker Initiated GC) [PSYoungGen: 186601K->35699K(210432K)] 569784K->420413K(734720K), 0.0097721 secs] [Times: user=0.11 sys=0.00, real=0.01 secs] 
2016-09-25T21:24:05.655-0400: 83.914: [GC (GCLocker Initiated GC) [PSYoungGen: 197491K->23570K(212992K)] 587198K->414857K(737280K), 0.0297181 secs] [Times: user=0.33 sys=0.00, real=0.03 secs] 
2016-09-25T21:24:05.858-0400: 84.116: [GC (GCLocker Initiated GC) [PSYoungGen: 187922K->27833K(192512K)] 579212K->420749K(716800K), 0.0078879 secs] [Times: user=0.07 sys=0.00, real=0.01 secs] 
2016-09-25T21:24:06.047-0400: 84.306: [GC (GCLocker Initiated GC) [PSYoungGen: 192185K->18244K(211456K)] 589399K->417297K(735744K), 0.0138371 secs] [Times: user=0.10 sys=0.01, real=0.01 secs] 
2016-09-25T21:24:06.226-0400: 84.485: [GC (GCLocker Initiated GC) [PSYoungGen: 182596K->25083K(211968K)] 584539K->428854K(736256K), 0.0314176 secs] [Times: user=0.32 sys=0.00, real=0.03 secs] 
2016-09-25T21:24:06.426-0400: 84.685: [GC (GCLocker Initiated GC) [PSYoungGen: 189435K->37160K(212992K)] 595979K->445574K(737280K), 0.0154235 secs] [Times: user=0.14 sys=0.00, real=0.01 secs] 
2016-09-25T21:24:06.623-0400: 84.882: [GC (GCLocker Initiated GC) [PSYoungGen: 203560K->35539K(214016K)] 612209K->445824K(738304K), 0.0218018 secs] [Times: user=0.22 sys=0.02, real=0.02 secs] 
2016-09-25T21:24:06.821-0400: 85.080: [GC (GCLocker Initiated GC) [PSYoungGen: 201939K->29015K(211968K)] 618985K->447586K(736256K), 0.0051751 secs] [Times: user=0.05 sys=0.00, real=0.01 secs] 
2016-09-25T21:24:06.998-0400: 85.257: [GC (GCLocker Initiated GC) [PSYoungGen: 195415K->22013K(212992K)] 613991K->442140K(737280K), 0.0147041 secs] [Times: user=0.10 sys=0.02, real=0.01 secs] 
2016-09-25T21:24:07.191-0400: 85.450: [GC (GCLocker Initiated GC) [PSYoungGen: 188413K->35879K(214016K)] 608580K->457585K(738304K), 0.0089662 secs] [Times: user=0.10 sys=0.00, real=0.01 secs] 
2016-09-25T21:24:07.368-0400: 85.627: [GC (GCLocker Initiated GC) [PSYoungGen: 203815K->23792K(215040K)] 629596K->464818K(739328K), 0.0116472 secs] [Times: user=0.12 sys=0.00, real=0.01 secs] 
2016-09-25T21:24:07.565-0400: 85.824: [GC (GCLocker Initiated GC) [PSYoungGen: 191728K->22650K(213504K)] 640597K->486900K(737792K), 0.0091191 secs] [Times: user=0.08 sys=0.01, real=0.01 secs] 
2016-09-25T21:24:07.757-0400: 86.016: [GC (GCLocker Initiated GC) [PSYoungGen: 191098K->30436K(214528K)] 658050K->499356K(738816K), 0.0080437 secs] [Times: user=0.06 sys=0.01, real=0.01 secs] 
2016-09-25T21:24:07.940-0400: 86.199: [GC (GCLocker Initiated GC) [PSYoungGen: 198884K->41559K(210944K)] 667858K->512379K(735232K), 0.0060617 secs] [Times: user=0.06 sys=0.00, real=0.01 secs] 
2016-09-25T21:24:08.126-0400: 86.385: [GC (GCLocker Initiated GC) [PSYoungGen: 207447K->41592K(207872K)] 678277K->514366K(732160K), 0.0217383 secs] [Times: user=0.26 sys=0.00, real=0.02 secs] 
2016-09-25T21:24:08.329-0400: 86.588: [GC (GCLocker Initiated GC) [PSYoungGen: 207480K->26872K(212992K)] 688427K->509821K(737280K), 0.0064353 secs] [Times: user=0.07 sys=0.00, real=0.01 secs] 
2016-09-25T21:24:08.510-0400: 86.769: [GC (GCLocker Initiated GC) [PSYoungGen: 189176K->27871K(190464K)] 674835K->515510K(714752K), 0.0452661 secs] [Times: user=0.46 sys=0.01, real=0.05 secs] 
2016-09-25T21:24:08.732-0400: 86.991: [GC (GCLocker Initiated GC) [PSYoungGen: 190175K->42684K(207872K)] 677943K->532306K(732160K), 0.0162440 secs] [Times: user=0.18 sys=0.00, real=0.02 secs] 
2016-09-25T21:24:08.931-0400: 87.190: [GC (GCLocker Initiated GC) [PSYoungGen: 202428K->22744K(210432K)] 697453K->519618K(734720K), 0.0052225 secs] [Times: user=0.04 sys=0.00, real=0.01 secs] 
2016-09-25T21:24:09.123-0400: 87.382: [GC (GCLocker Initiated GC) [PSYoungGen: 182488K->18827K(210944K)] 691574K->529939K(735232K), 0.0173789 secs] [Times: user=0.15 sys=0.00, real=0.01 secs] 
2016-09-25T21:24:09.316-0400: 87.575: [Full GC (Ergonomics) [PSYoungGen: 179595K->0K(210944K)] [ParOldGen: 518005K->319080K(524288K)] 697601K->319080K(735232K), [Metaspace: 43697K->43697K(1087488K)], 0.1090072 secs] [Times: user=1.27 sys=0.02, real=0.11 secs] 
2016-09-25T21:24:09.593-0400: 87.852: [GC (GCLocker Initiated GC) [PSYoungGen: 160768K->49678K(210944K)] 482791K->374402K(735232K), 0.0062446 secs] [Times: user=0.07 sys=0.00, real=0.01 secs] 
2016-09-25T21:24:09.777-0400: 88.036: [GC (GCLocker Initiated GC) [PSYoungGen: 210446K->28130K(204800K)] 543354K->362929K(729088K), 0.0120446 secs] [Times: user=0.14 sys=0.00, real=0.01 secs] 
2016-09-25T21:24:09.984-0400: 88.243: [GC (GCLocker Initiated GC) [PSYoungGen: 181730K->29230K(207872K)] 520624K->369992K(732160K), 0.0305070 secs] [Times: user=0.32 sys=0.01, real=0.03 secs] 
2016-09-25T21:24:10.188-0400: 88.447: [GC (GCLocker Initiated GC) [PSYoungGen: 182830K->22474K(205824K)] 523631K->381233K(730112K), 0.0197421 secs] [Times: user=0.19 sys=0.00, real=0.02 secs] 
2016-09-25T21:24:10.367-0400: 88.626: [GC (GCLocker Initiated GC) [PSYoungGen: 178122K->27820K(207360K)] 545191K->396777K(731648K), 0.0049142 secs] [Times: user=0.03 sys=0.00, real=0.00 secs] 
2016-09-25T21:24:10.541-0400: 88.800: [GC (GCLocker Initiated GC) [PSYoungGen: 183468K->31933K(208896K)] 552433K->402740K(733184K), 0.0065396 secs] [Times: user=0.05 sys=0.00, real=0.01 secs] 
2016-09-25T21:24:10.714-0400: 88.973: [GC (GCLocker Initiated GC) [PSYoungGen: 192701K->36004K(209408K)] 566275K->411467K(733696K), 0.0115980 secs] [Times: user=0.11 sys=0.01, real=0.02 secs] 
2016-09-25T21:24:10.904-0400: 89.163: [GC (GCLocker Initiated GC) [PSYoungGen: 196772K->44095K(206848K)] 574994K->424203K(731136K), 0.0438145 secs] [Times: user=0.46 sys=0.00, real=0.04 secs] 
2016-09-25T21:24:11.165-0400: 89.424: [GC (GCLocker Initiated GC) [PSYoungGen: 201791K->23999K(209920K)] 587466K->411503K(734208K), 0.0058615 secs] [Times: user=0.04 sys=0.01, real=0.00 secs] 
2016-09-25T21:24:11.348-0400: 89.607: [GC (GCLocker Initiated GC) [PSYoungGen: 181695K->32089K(205312K)] 572002K->424422K(729600K), 0.0067987 secs] [Times: user=0.06 sys=0.00, real=0.01 secs] 
2016-09-25T21:24:11.527-0400: 89.786: [GC (GCLocker Initiated GC) [PSYoungGen: 190297K->48280K(207872K)] 586709K->446634K(732160K), 0.0063373 secs] [Times: user=0.07 sys=0.00, real=0.00 secs] 
2016-09-25T21:24:11.710-0400: 89.969: [GC (GCLocker Initiated GC) [PSYoungGen: 206488K->20840K(207872K)] 604871K->440055K(732160K), 0.0214985 secs] [Times: user=0.26 sys=0.00, real=0.02 secs] 
2016-09-25T21:24:11.899-0400: 90.158: [GC (GCLocker Initiated GC) [PSYoungGen: 174440K->31816K(185856K)] 596381K->474318K(710144K), 0.0116963 secs] [Times: user=0.12 sys=0.00, real=0.01 secs] 
2016-09-25T21:24:12.065-0400: 90.324: [GC (GCLocker Initiated GC) [PSYoungGen: 185416K->23569K(206848K)] 628029K->489563K(731136K), 0.0130189 secs] [Times: user=0.15 sys=0.00, real=0.01 secs] 
2016-09-25T21:24:12.239-0400: 90.498: [GC (Allocation Failure) [PSYoungGen: 178193K->30464K(205824K)] 646519K->500447K(730112K), 0.0218129 secs] [Times: user=0.21 sys=0.00, real=0.02 secs] 
2016-09-25T21:24:12.418-0400: 90.677: [GC (GCLocker Initiated GC) [PSYoungGen: 184163K->33083K(209408K)] 658196K->522418K(733696K), 0.0199380 secs] [Times: user=0.26 sys=0.00, real=0.02 secs] 
2016-09-25T21:24:12.620-0400: 90.879: [GC (GCLocker Initiated GC) [PSYoungGen: 192827K->19511K(208384K)] 690605K->518978K(732672K), 0.0064928 secs] [Times: user=0.04 sys=0.01, real=0.01 secs] 
2016-09-25T21:24:12.627-0400: 90.886: [Full GC (Ergonomics) [PSYoungGen: 19511K->0K(208384K)] [ParOldGen: 499467K->344656K(524288K)] 518978K->344656K(732672K), [Metaspace: 43710K->43710K(1087488K)], 0.0707487 secs] [Times: user=0.52 sys=0.04, real=0.07 secs] 
2016-09-25T21:24:12.859-0400: 91.117: [GC (GCLocker Initiated GC) [PSYoungGen: 159744K->48296K(203264K)] 507272K->395825K(727552K), 0.0064130 secs] [Times: user=0.06 sys=0.01, real=0.01 secs] 
2016-09-25T21:24:13.027-0400: 91.286: [GC (GCLocker Initiated GC) [PSYoungGen: 202920K->38709K(193536K)] 554506K->392164K(717824K), 0.0055673 secs] [Times: user=0.07 sys=0.00, real=0.00 secs] 
2016-09-25T21:24:13.191-0400: 91.450: [GC (GCLocker Initiated GC) [PSYoungGen: 193333K->43905K(203776K)] 546819K->399081K(728064K), 0.0099058 secs] [Times: user=0.12 sys=0.00, real=0.01 secs] 
2016-09-25T21:24:13.360-0400: 91.619: [GC (GCLocker Initiated GC) [PSYoungGen: 193409K->33186K(182784K)] 555538K->396962K(707072K), 0.0083054 secs] [Times: user=0.06 sys=0.00, real=0.01 secs] 
2016-09-25T21:24:13.535-0400: 91.794: [GC (GCLocker Initiated GC) [PSYoungGen: 182690K->27565K(205824K)] 551880K->398387K(730112K), 0.0065753 secs] [Times: user=0.07 sys=0.00, real=0.00 secs] 
2016-09-25T21:24:13.709-0400: 91.968: [GC (GCLocker Initiated GC) [PSYoungGen: 179629K->21180K(205312K)] 558555K->401576K(729600K), 0.0044438 secs] [Times: user=0.05 sys=0.01, real=0.00 secs] 
2016-09-25T21:24:13.870-0400: 92.129: [GC (GCLocker Initiated GC) [PSYoungGen: 173244K->38387K(208384K)] 553647K->420502K(732672K), 0.0216489 secs] [Times: user=0.20 sys=0.00, real=0.02 secs] 
2016-09-25T21:24:14.057-0400: 92.316: [GC (GCLocker Initiated GC) [PSYoungGen: 193523K->51982K(207360K)] 575704K->435708K(731648K), 0.0112269 secs] [Times: user=0.11 sys=0.00, real=0.01 secs] 
2016-09-25T21:24:14.252-0400: 92.511: [GC (GCLocker Initiated GC) [PSYoungGen: 207118K->35919K(203264K)] 590885K->429337K(727552K), 0.0080066 secs] [Times: user=0.08 sys=0.00, real=0.01 secs] 
2016-09-25T21:24:14.413-0400: 92.672: [GC (GCLocker Initiated GC) [PSYoungGen: 184399K->35585K(205312K)] 577912K->430844K(729600K), 0.0102262 secs] [Times: user=0.11 sys=0.00, real=0.02 secs] 
2016-09-25T21:24:14.596-0400: 92.854: [GC (GCLocker Initiated GC) [PSYoungGen: 184065K->26221K(204288K)] 587535K->431134K(728576K), 0.0051978 secs] [Times: user=0.04 sys=0.00, real=0.00 secs] 
2016-09-25T21:24:14.769-0400: 93.028: [GC (GCLocker Initiated GC) [PSYoungGen: 176749K->31775K(204800K)] 585749K->442320K(729088K), 0.0049923 secs] [Times: user=0.04 sys=0.00, real=0.00 secs] 
2016-09-25T21:24:14.933-0400: 93.191: [GC (GCLocker Initiated GC) [PSYoungGen: 182303K->33197K(204800K)] 603747K->475233K(729088K), 0.0066573 secs] [Times: user=0.07 sys=0.00, real=0.01 secs] 
2016-09-25T21:24:15.123-0400: 93.382: [GC (GCLocker Initiated GC) [PSYoungGen: 188333K->35806K(205824K)] 633072K->482268K(730112K), 0.0111983 secs] [Times: user=0.10 sys=0.01, real=0.01 secs] 
2016-09-25T21:24:15.293-0400: 93.552: [GC (GCLocker Initiated GC) [PSYoungGen: 190942K->27661K(209920K)] 640178K->478616K(734208K), 0.0058990 secs] [Times: user=0.04 sys=0.00, real=0.01 secs] 
2016-09-25T21:24:15.482-0400: 93.741: [GC (GCLocker Initiated GC) [PSYoungGen: 188941K->30288K(210944K)] 645398K->488420K(735232K), 0.0050726 secs] [Times: user=0.05 sys=0.00, real=0.00 secs] 
2016-09-25T21:24:15.664-0400: 93.923: [GC (GCLocker Initiated GC) [PSYoungGen: 191568K->14397K(209920K)] 660719K->512086K(734208K), 0.0077767 secs] [Times: user=0.07 sys=0.01, real=0.00 secs] 
2016-09-25T21:24:15.859-0400: 94.118: [Full GC (Ergonomics) [PSYoungGen: 176189K->0K(209920K)] [ParOldGen: 505817K->374632K(524288K)] 682007K->374632K(734208K), [Metaspace: 43716K->43716K(1087488K)], 0.0687676 secs] [Times: user=0.52 sys=0.01, real=0.07 secs] 
2016-09-25T21:24:16.100-0400: 94.359: [GC (GCLocker Initiated GC) [PSYoungGen: 161792K->33943K(211968K)] 545718K->417869K(736256K), 0.0093875 secs] [Times: user=0.12 sys=0.00, real=0.01 secs] 
2016-09-25T21:24:16.280-0400: 94.539: [GC (GCLocker Initiated GC) [PSYoungGen: 195735K->41426K(208896K)] 579664K->429007K(733184K), 0.0156006 secs] [Times: user=0.19 sys=0.01, real=0.02 secs] 
2016-09-25T21:24:16.480-0400: 94.739: [GC (GCLocker Initiated GC) [PSYoungGen: 201170K->36988K(210944K)] 588752K->426334K(735232K), 0.0279556 secs] [Times: user=0.32 sys=0.00, real=0.03 secs] 
2016-09-25T21:24:16.686-0400: 94.945: [GC (GCLocker Initiated GC) [PSYoungGen: 196732K->30687K(207872K)] 590791K->426330K(732160K), 0.0052821 secs] [Times: user=0.05 sys=0.00, real=0.00 secs] 
2016-09-25T21:24:16.860-0400: 95.118: [GC (GCLocker Initiated GC) [PSYoungGen: 190431K->23592K(209408K)] 591528K->426594K(733696K), 0.0058663 secs] [Times: user=0.04 sys=0.01, real=0.01 secs] 
2016-09-25T21:24:17.016-0400: 95.275: [GC (GCLocker Initiated GC) [PSYoungGen: 183336K->32722K(209408K)] 586516K->437646K(733696K), 0.0087717 secs] [Times: user=0.07 sys=0.00, real=0.01 secs] 
2016-09-25T21:24:17.165-0400: 95.424: [GC (GCLocker Initiated GC) [PSYoungGen: 195538K->38036K(210944K)] 600464K->444194K(735232K), 0.0070236 secs] [Times: user=0.04 sys=0.00, real=0.00 secs] 
2016-09-25T21:24:17.322-0400: 95.580: [GC (GCLocker Initiated GC) [PSYoungGen: 200852K->44728K(207360K)] 607049K->452191K(731648K), 0.0141091 secs] [Times: user=0.18 sys=0.00, real=0.02 secs] 
2016-09-25T21:24:17.497-0400: 95.755: [GC (GCLocker Initiated GC) [PSYoungGen: 203448K->28493K(210432K)] 617740K->443892K(734720K), 0.0133748 secs] [Times: user=0.12 sys=0.00, real=0.01 secs] 
2016-09-25T21:24:17.665-0400: 95.924: [GC (GCLocker Initiated GC) [PSYoungGen: 187213K->23408K(209408K)] 608178K->445518K(733696K), 0.0298161 secs] [Times: user=0.28 sys=0.01, real=0.03 secs] 
2016-09-25T21:24:17.845-0400: 96.104: [GC (GCLocker Initiated GC) [PSYoungGen: 183152K->32694K(210432K)] 617442K->468260K(734720K), 0.0098851 secs] [Times: user=0.09 sys=0.00, real=0.01 secs] 
2016-09-25T21:24:18.027-0400: 96.286: [GC (GCLocker Initiated GC) [PSYoungGen: 192438K->29994K(208896K)] 636133K->480400K(733184K), 0.0150593 secs] [Times: user=0.14 sys=0.00, real=0.01 secs] 
2016-09-25T21:24:18.206-0400: 96.465: [GC (GCLocker Initiated GC) [PSYoungGen: 192298K->19006K(209920K)] 651023K->492555K(734208K), 0.0076606 secs] [Times: user=0.04 sys=0.00, real=0.00 secs] 
2016-09-25T21:24:18.384-0400: 96.643: [GC (GCLocker Initiated GC) [PSYoungGen: 181310K->12509K(211456K)] 668512K->500925K(735744K), 0.0091098 secs] [Times: user=0.07 sys=0.00, real=0.00 secs] 
2016-09-25T21:24:18.582-0400: 96.841: [GC (GCLocker Initiated GC) [PSYoungGen: 175325K->24868K(212480K)] 669177K->520110K(736768K), 0.0059502 secs] [Times: user=0.05 sys=0.00, real=0.01 secs] 
2016-09-25T21:24:18.788-0400: 97.047: [GC (GCLocker Initiated GC) [PSYoungGen: 187684K->19591K(211456K)] 688330K->527235K(735744K), 0.0067228 secs] [Times: user=0.05 sys=0.01, real=0.01 secs] 
2016-09-25T21:24:18.963-0400: 97.222: [GC (GCLocker Initiated GC) [PSYoungGen: 183431K->36955K(211968K)] 691168K->546422K(736256K), 0.0057791 secs] [Times: user=0.05 sys=0.00, real=0.00 secs] 
2016-09-25T21:24:18.969-0400: 97.228: [Full GC (Ergonomics) [PSYoungGen: 36955K->0K(211968K)] [ParOldGen: 509466K->307449K(524288K)] 546422K->307449K(736256K), [Metaspace: 43730K->43730K(1087488K)], 0.0790619 secs] [Times: user=0.46 sys=0.01, real=0.08 secs] 
2016-09-25T21:24:19.207-0400: 97.466: [GC (GCLocker Initiated GC) [PSYoungGen: 163840K->43874K(205312K)] 471526K->351561K(729600K), 0.0275625 secs] [Times: user=0.28 sys=0.00, real=0.03 secs] 
2016-09-25T21:24:19.387-0400: 97.646: [GC (GCLocker Initiated GC) [PSYoungGen: 199522K->25792K(208896K)] 510079K->337933K(733184K), 0.0148886 secs] [Times: user=0.16 sys=0.02, real=0.02 secs] 
2016-09-25T21:24:19.560-0400: 97.819: [GC (GCLocker Initiated GC) [PSYoungGen: 181440K->24616K(204288K)] 503195K->347459K(728576K), 0.0293514 secs] [Times: user=0.33 sys=0.00, real=0.03 secs] 
2016-09-25T21:24:19.747-0400: 98.005: [GC (GCLocker Initiated GC) [PSYoungGen: 181800K->29950K(207360K)] 504880K->354320K(731648K), 0.0374730 secs] [Times: user=0.42 sys=0.00, real=0.04 secs] 
2016-09-25T21:24:19.939-0400: 98.197: [GC (GCLocker Initiated GC) [PSYoungGen: 187134K->20440K(209408K)] 514233K->348795K(733696K), 0.0134613 secs] [Times: user=0.11 sys=0.01, real=0.01 secs] 
2016-09-25T21:24:20.113-0400: 98.372: [GC (GCLocker Initiated GC) [PSYoungGen: 183768K->35540K(211456K)] 512156K->365228K(735744K), 0.0264075 secs] [Times: user=0.27 sys=0.00, real=0.03 secs] 
2016-09-25T21:24:20.300-0400: 98.559: [GC (GCLocker Initiated GC) [PSYoungGen: 198868K->35564K(212480K)] 528806K->377768K(736768K), 0.0320655 secs] [Times: user=0.37 sys=0.01, real=0.03 secs] 
2016-09-25T21:24:20.503-0400: 98.762: [GC (GCLocker Initiated GC) [PSYoungGen: 199404K->15101K(179200K)] 545896K->379163K(703488K), 0.0405639 secs] [Times: user=0.39 sys=0.01, real=0.04 secs] 
2016-09-25T21:24:20.719-0400: 98.978: [GC (GCLocker Initiated GC) [PSYoungGen: 178941K->27833K(214528K)] 552685K->402954K(738816K), 0.0180050 secs] [Times: user=0.20 sys=0.00, real=0.02 secs] 
2016-09-25T21:24:20.918-0400: 99.177: [GC (GCLocker Initiated GC) [PSYoungGen: 192697K->25118K(190464K)] 573367K->407515K(714752K), 0.0050875 secs] [Times: user=0.03 sys=0.00, real=0.01 secs] 
2016-09-25T21:24:21.096-0400: 99.355: [GC (GCLocker Initiated GC) [PSYoungGen: 189982K->10425K(209408K)] 583399K->405506K(733696K), 0.0394695 secs] [Times: user=0.46 sys=0.01, real=0.04 secs] 
2016-09-25T21:24:21.314-0400: 99.573: [GC (GCLocker Initiated GC) [PSYoungGen: 173753K->33121K(210944K)] 568851K->430034K(735232K), 0.0052398 secs] [Times: user=0.06 sys=0.00, real=0.01 secs] 
2016-09-25T21:24:21.482-0400: 99.741: [GC (GCLocker Initiated GC) [PSYoungGen: 196449K->25938K(210944K)] 596064K->427080K(735232K), 0.0102961 secs] [Times: user=0.09 sys=0.00, real=0.00 secs] 
2016-09-25T21:24:21.651-0400: 99.910: [GC (GCLocker Initiated GC) [PSYoungGen: 192338K->38435K(212480K)] 598995K->446467K(736768K), 0.0149042 secs] [Times: user=0.17 sys=0.00, real=0.02 secs] 
2016-09-25T21:24:21.829-0400: 100.087: [GC (GCLocker Initiated GC) [PSYoungGen: 204835K->34239K(213504K)] 615574K->446434K(737792K), 0.0182435 secs] [Times: user=0.17 sys=0.01, real=0.02 secs] 
2016-09-25T21:24:22.027-0400: 100.286: [GC (GCLocker Initiated GC) [PSYoungGen: 199103K->26236K(191488K)] 619531K->448159K(715776K), 0.0142310 secs] [Times: user=0.14 sys=0.00, real=0.01 secs] 
2016-09-25T21:24:22.216-0400: 100.475: [GC (GCLocker Initiated GC) [PSYoungGen: 191100K->23659K(212992K)] 625183K->459374K(737280K), 0.0090219 secs] [Times: user=0.12 sys=0.00, real=0.01 secs] 
2016-09-25T21:24:22.397-0400: 100.655: [GC (GCLocker Initiated GC) [PSYoungGen: 189547K->39686K(211968K)] 628089K->479879K(736256K), 0.0055262 secs] [Times: user=0.06 sys=0.01, real=0.01 secs] 
2016-09-25T21:24:22.591-0400: 100.850: [GC (GCLocker Initiated GC) [PSYoungGen: 205574K->19269K(214016K)] 649839K->464884K(738304K), 0.0229816 secs] [Times: user=0.17 sys=0.00, real=0.03 secs] 
2016-09-25T21:24:22.790-0400: 101.049: [GC (GCLocker Initiated GC) [PSYoungGen: 184645K->31547K(197120K)] 635681K->484079K(721408K), 0.0415961 secs] [Times: user=0.38 sys=0.00, real=0.04 secs] 
2016-09-25T21:24:23.018-0400: 101.277: [GC (Allocation Failure) [PSYoungGen: 196923K->11534K(211968K)] 662978K->479180K(736256K), 0.0057906 secs] [Times: user=0.04 sys=0.00, real=0.01 secs] 
2016-09-25T21:24:23.024-0400: 101.283: [GC (GCLocker Initiated GC) [PSYoungGen: 11952K->96K(164864K)] 479598K->479168K(689152K), 0.0087257 secs] [Times: user=0.11 sys=0.00, real=0.00 secs] 
2016-09-25T21:24:23.211-0400: 101.469: [GC (GCLocker Initiated GC) [PSYoungGen: 164448K->41499K(203776K)] 643521K->520580K(728064K), 0.0109294 secs] [Times: user=0.15 sys=0.00, real=0.01 secs] 
2016-09-25T21:24:23.363-0400: 101.622: [GC (GCLocker Initiated GC) [PSYoungGen: 194075K->38225K(190976K)] 678794K->532897K(715264K), 0.0080257 secs] [Times: user=0.10 sys=0.01, real=0.00 secs] 
2016-09-25T21:24:23.530-0400: 101.788: [GC (GCLocker Initiated GC) [PSYoungGen: 190801K->27224K(208384K)] 685477K->523194K(732672K), 0.0114808 secs] [Times: user=0.15 sys=0.00, real=0.01 secs] 
2016-09-25T21:24:23.680-0400: 101.939: [GC (Allocation Failure) [PSYoungGen: 179288K->39516K(205824K)] 675350K->536744K(730112K), 0.0059351 secs] [Times: user=0.05 sys=0.00, real=0.01 secs] 
2016-09-25T21:24:23.834-0400: 102.092: [GC (GCLocker Initiated GC) [PSYoungGen: 191580K->35441K(206336K)] 688811K->534020K(730624K), 0.0110784 secs] [Times: user=0.11 sys=0.01, real=0.02 secs] 
2016-09-25T21:24:24.011-0400: 102.269: [GC (Allocation Failure) [PSYoungGen: 185969K->50398K(201216K)] 692673K->558404K(725504K), 0.0144595 secs] [Times: user=0.17 sys=0.01, real=0.02 secs] 
2016-09-25T21:24:24.169-0400: 102.428: [GC (GCLocker Initiated GC) [PSYoungGen: 199922K->24533K(203264K)] 710628K->547311K(727552K), 0.0127150 secs] [Times: user=0.14 sys=0.00, real=0.01 secs] 
2016-09-25T21:24:24.182-0400: 102.441: [Full GC (Ergonomics) [PSYoungGen: 24533K->0K(203264K)] [ParOldGen: 522777K->345949K(524288K)] 547311K->345949K(727552K), [Metaspace: 43753K->43753K(1087488K)], 0.0761912 secs] [Times: user=0.50 sys=0.02, real=0.08 secs] 
2016-09-25T21:24:24.405-0400: 102.664: [GC (GCLocker Initiated GC) [PSYoungGen: 142336K->31158K(173568K)] 497746K->386568K(697856K), 0.0133077 secs] [Times: user=0.15 sys=0.01, real=0.01 secs] 
2016-09-25T21:24:24.561-0400: 102.820: [GC (GCLocker Initiated GC) [PSYoungGen: 173494K->31165K(200704K)] 531621K->391824K(724992K), 0.0223176 secs] [Times: user=0.33 sys=0.00, real=0.03 secs] 
2016-09-25T21:24:24.717-0400: 102.976: [GC (GCLocker Initiated GC) [PSYoungGen: 175549K->23252K(198656K)] 548503K->397114K(722944K), 0.0067866 secs] [Times: user=0.08 sys=0.00, real=0.01 secs] 
2016-09-25T21:24:24.860-0400: 103.119: [GC (Allocation Failure) [PSYoungGen: 167636K->37962K(204288K)] 541754K->413199K(728576K), 0.0192626 secs] [Times: user=0.22 sys=0.02, real=0.02 secs] 
2016-09-25T21:24:24.880-0400: 103.139: [GC (GCLocker Initiated GC) [PSYoungGen: 38283K->96K(204800K)] 413520K->414371K(729088K), 0.0054371 secs] [Times: user=0.07 sys=0.00, real=0.01 secs] 
2016-09-25T21:24:25.014-0400: 103.272: [GC (GCLocker Initiated GC) [PSYoungGen: 151136K->51527K(194048K)] 565416K->465816K(718336K), 0.0111914 secs] [Times: user=0.08 sys=0.02, real=0.02 secs] 
2016-09-25T21:24:25.180-0400: 103.439: [GC (GCLocker Initiated GC) [PSYoungGen: 188743K->41049K(178688K)] 603162K->456735K(702976K), 0.0074789 secs] [Times: user=0.11 sys=0.00, real=0.01 secs] 
2016-09-25T21:24:25.313-0400: 103.572: [GC (GCLocker Initiated GC) [PSYoungGen: 178265K->48883K(191488K)] 593984K->465985K(715776K), 0.0152031 secs] [Times: user=0.17 sys=0.00, real=0.02 secs] 
2016-09-25T21:24:25.464-0400: 103.723: [GC (GCLocker Initiated GC) [PSYoungGen: 176883K->23042K(195072K)] 607678K->468462K(719360K), 0.0080364 secs] [Times: user=0.09 sys=0.00, real=0.00 secs] 
2016-09-25T21:24:25.599-0400: 103.858: [GC (GCLocker Initiated GC) [PSYoungGen: 151042K->40574K(193536K)] 599316K->489838K(717824K), 0.0058273 secs] [Times: user=0.05 sys=0.00, real=0.01 secs] 
2016-09-25T21:24:25.730-0400: 103.989: [GC (Allocation Failure) [PSYoungGen: 170622K->33897K(195072K)] 619914K->484271K(719360K), 0.0137472 secs] [Times: user=0.15 sys=0.00, real=0.02 secs] 
2016-09-25T21:24:25.879-0400: 104.138: [GC (GCLocker Initiated GC) [PSYoungGen: 162980K->29779K(193024K)] 616054K->483922K(717312K), 0.0288470 secs] [Times: user=0.31 sys=0.00, real=0.03 secs] 
2016-09-25T21:24:26.043-0400: 104.302: [GC (GCLocker Initiated GC) [PSYoungGen: 164435K->38006K(194560K)] 618699K->493395K(718848K), 0.0164556 secs] [Times: user=0.15 sys=0.00, real=0.01 secs] 
2016-09-25T21:24:26.185-0400: 104.444: [GC (GCLocker Initiated GC) [PSYoungGen: 172662K->37908K(199680K)] 630877K->497344K(723968K), 0.0105401 secs] [Times: user=0.09 sys=0.00, real=0.01 secs] 
2016-09-25T21:24:26.346-0400: 104.605: [GC (GCLocker Initiated GC) [PSYoungGen: 180756K->39631K(201216K)] 642928K->503029K(725504K), 0.0229931 secs] [Times: user=0.25 sys=0.01, real=0.02 secs] 
2016-09-25T21:24:26.520-0400: 104.778: [GC (GCLocker Initiated GC) [PSYoungGen: 182479K->15127K(202752K)] 649081K->499288K(727040K), 0.0193102 secs] [Times: user=0.16 sys=0.01, real=0.02 secs] 
2016-09-25T21:24:26.687-0400: 104.946: [GC (GCLocker Initiated GC) [PSYoungGen: 159511K->11030K(155648K)] 656346K->509244K(679936K), 0.0206028 secs] [Times: user=0.24 sys=0.00, real=0.02 secs] 
2016-09-25T21:24:26.851-0400: 105.109: [Full GC (Ergonomics) [PSYoungGen: 155414K->0K(155648K)] [ParOldGen: 506547K->314096K(524288K)] 661961K->314096K(679936K), [Metaspace: 43758K->43758K(1087488K)], 0.0844118 secs] [Times: user=0.52 sys=0.01, real=0.09 secs] 
2016-09-25T21:24:27.081-0400: 105.339: [GC (GCLocker Initiated GC) [PSYoungGen: 144384K->35737K(203264K)] 461354K->352707K(727552K), 0.0100907 secs] [Times: user=0.13 sys=0.00, real=0.01 secs] 
2016-09-25T21:24:27.231-0400: 105.490: [GC (GCLocker Initiated GC) [PSYoungGen: 179097K->19231K(162816K)] 498771K->353982K(687104K), 0.0152432 secs] [Times: user=0.17 sys=0.00, real=0.02 secs] 
2016-09-25T21:24:27.387-0400: 105.645: [GC (GCLocker Initiated GC) [PSYoungGen: 162591K->34103K(203264K)] 497456K->370243K(727552K), 0.0058043 secs] [Times: user=0.04 sys=0.00, real=0.00 secs] 
2016-09-25T21:24:27.546-0400: 105.805: [GC (GCLocker Initiated GC) [PSYoungGen: 178999K->32658K(201728K)] 518040K->383756K(726016K), 0.0112911 secs] [Times: user=0.13 sys=0.00, real=0.01 secs] 
2016-09-25T21:24:27.699-0400: 105.958: [GC (GCLocker Initiated GC) [PSYoungGen: 177554K->25880K(203776K)] 528659K->378124K(728064K), 0.0157187 secs] [Times: user=0.16 sys=0.01, real=0.02 secs] 
2016-09-25T21:24:27.865-0400: 106.124: [GC (GCLocker Initiated GC) [PSYoungGen: 174360K->20686K(202240K)] 534934K->382546K(726528K), 0.0122724 secs] [Times: user=0.12 sys=0.00, real=0.01 secs] 
2016-09-25T21:24:28.042-0400: 106.301: [GC (GCLocker Initiated GC) [PSYoungGen: 169166K->32841K(206848K)] 531089K->396206K(731136K), 0.0090285 secs] [Times: user=0.08 sys=0.01, real=0.00 secs] 
2016-09-25T21:24:28.219-0400: 106.478: [GC (GCLocker Initiated GC) [PSYoungGen: 186953K->14191K(205824K)] 559895K->388659K(730112K), 0.0074537 secs] [Times: user=0.06 sys=0.01, real=0.01 secs] 
2016-09-25T21:24:28.383-0400: 106.641: [GC (GCLocker Initiated GC) [PSYoungGen: 168303K->16763K(209920K)] 556278K->406419K(734208K), 0.0049497 secs] [Times: user=0.04 sys=0.00, real=0.00 secs] 
2016-09-25T21:24:28.549-0400: 106.808: [GC (GCLocker Initiated GC) [PSYoungGen: 174971K->35389K(209920K)] 564860K->426768K(734208K), 0.0074971 secs] [Times: user=0.07 sys=0.00, real=0.01 secs] 
2016-09-25T21:24:28.770-0400: 107.029: [GC (GCLocker Initiated GC) [PSYoungGen: 193597K->42701K(202752K)] 590397K->440836K(727040K), 0.0059584 secs] [Times: user=0.06 sys=0.01, real=0.01 secs] 
2016-09-25T21:24:28.937-0400: 107.196: [GC (GCLocker Initiated GC) [PSYoungGen: 193229K->33089K(206336K)] 591379K->451941K(730624K), 0.0173403 secs] [Times: user=0.16 sys=0.00, real=0.02 secs] 
2016-09-25T21:24:29.114-0400: 107.373: [GC (GCLocker Initiated GC) [PSYoungGen: 183617K->38297K(205824K)] 602526K->461473K(730112K), 0.0092987 secs] [Times: user=0.09 sys=0.00, real=0.01 secs] 
2016-09-25T21:24:29.292-0400: 107.551: [GC (GCLocker Initiated GC) [PSYoungGen: 189849K->29268K(181248K)] 618431K->459433K(705536K), 0.0073939 secs] [Times: user=0.07 sys=0.00, real=0.01 secs] 
2016-09-25T21:24:29.463-0400: 107.722: [GC (GCLocker Initiated GC) [PSYoungGen: 180820K->38379K(204288K)] 613923K->473177K(728576K), 0.0061263 secs] [Times: user=0.07 sys=0.00, real=0.00 secs] 
2016-09-25T21:24:29.653-0400: 107.912: [GC (GCLocker Initiated GC) [PSYoungGen: 189931K->16842K(205312K)] 631654K->459942K(729600K), 0.0162414 secs] [Times: user=0.12 sys=0.00, real=0.02 secs] 
2016-09-25T21:24:29.836-0400: 108.095: [GC (GCLocker Initiated GC) [PSYoungGen: 168394K->38601K(206336K)] 614213K->486245K(730624K), 0.0234963 secs] [Times: user=0.27 sys=0.01, real=0.02 secs] 
2016-09-25T21:24:30.054-0400: 108.313: [GC (GCLocker Initiated GC) [PSYoungGen: 191177K->29057K(181760K)] 638854K->478517K(706048K), 0.0062595 secs] [Times: user=0.04 sys=0.00, real=0.00 secs] 
2016-09-25T21:24:30.232-0400: 108.491: [GC (GCLocker Initiated GC) [PSYoungGen: 181633K->26318K(207872K)] 632476K->489786K(732160K), 0.0105418 secs] [Times: user=0.11 sys=0.00, real=0.02 secs] 
2016-09-25T21:24:30.411-0400: 108.670: [GC (GCLocker Initiated GC) [PSYoungGen: 181454K->7222K(206336K)] 653267K->496836K(730624K), 0.0067705 secs] [Times: user=0.06 sys=0.00, real=0.01 secs] 
2016-09-25T21:24:30.595-0400: 108.854: [GC (GCLocker Initiated GC) [PSYoungGen: 162358K->35423K(208384K)] 656132K->530772K(732672K), 0.0102616 secs] [Times: user=0.10 sys=0.00, real=0.01 secs] 
2016-09-25T21:24:30.780-0400: 109.039: [GC (Allocation Failure) [PSYoungGen: 191071K->20862K(176640K)] 693388K->532544K(700928K), 0.0155292 secs] [Times: user=0.16 sys=0.01, real=0.02 secs] 
2016-09-25T21:24:30.796-0400: 109.055: [Full GC (Ergonomics) [PSYoungGen: 20862K->0K(176640K)] [ParOldGen: 511682K->346271K(524288K)] 532544K->346271K(700928K), [Metaspace: 43767K->43767K(1087488K)], 0.0724513 secs] [Times: user=0.42 sys=0.01, real=0.07 secs] 
2016-09-25T21:24:31.048-0400: 109.306: [GC (GCLocker Initiated GC) [PSYoungGen: 155478K->27949K(210944K)] 504450K->376920K(735232K), 0.0062228 secs] [Times: user=0.05 sys=0.00, real=0.00 secs] 
2016-09-25T21:24:31.250-0400: 109.509: [GC (GCLocker Initiated GC) [PSYoungGen: 186669K->24961K(208384K)] 538358K->378629K(732672K), 0.0071453 secs] [Times: user=0.05 sys=0.00, real=0.01 secs] 
2016-09-25T21:24:31.449-0400: 109.707: [GC (GCLocker Initiated GC) [PSYoungGen: 183681K->27935K(210432K)] 545462K->391487K(734720K), 0.0053641 secs] [Times: user=0.04 sys=0.00, real=0.00 secs] 
2016-09-25T21:24:31.643-0400: 109.902: [GC (GCLocker Initiated GC) [PSYoungGen: 190239K->27576K(208384K)] 557903K->397140K(732672K), 0.0077111 secs] [Times: user=0.04 sys=0.01, real=0.00 secs] 
2016-09-25T21:24:31.827-0400: 110.086: [GC (GCLocker Initiated GC) [PSYoungGen: 189880K->37216K(210944K)] 559650K->408617K(735232K), 0.0073019 secs] [Times: user=0.05 sys=0.00, real=0.01 secs] 
2016-09-25T21:24:32.024-0400: 110.283: [GC (GCLocker Initiated GC) [PSYoungGen: 203616K->3920K(212480K)] 599528K->401620K(736768K), 0.0033799 secs] [Times: user=0.03 sys=0.00, real=0.00 secs] 
2016-09-25T21:24:32.208-0400: 110.467: [GC (GCLocker Initiated GC) [PSYoungGen: 170320K->37364K(209408K)] 575891K->445170K(733696K), 0.0082747 secs] [Times: user=0.06 sys=0.01, real=0.01 secs] 
2016-09-25T21:24:32.388-0400: 110.647: [GC (Allocation Failure) [PSYoungGen: 198132K->22425K(211456K)] 608704K->451110K(735744K), 0.0270790 secs] [Times: user=0.24 sys=0.01, real=0.03 secs] 
2016-09-25T21:24:32.416-0400: 110.675: [GC (GCLocker Initiated GC) [PSYoungGen: 26282K->2956K(208896K)] 454966K->463204K(733184K), 0.0063726 secs] [Times: user=0.07 sys=0.00, real=0.01 secs] 
2016-09-25T21:24:32.582-0400: 110.841: [GC (GCLocker Initiated GC) [PSYoungGen: 162700K->31681K(210944K)] 622954K->491951K(735232K), 0.0123199 secs] [Times: user=0.10 sys=0.01, real=0.01 secs] 
2016-09-25T21:24:32.760-0400: 111.019: [GC (GCLocker Initiated GC) [PSYoungGen: 191425K->27192K(206848K)] 654405K->491834K(731136K), 0.0087847 secs] [Times: user=0.06 sys=0.00, real=0.01 secs] 
2016-09-25T21:24:32.933-0400: 111.192: [GC (GCLocker Initiated GC) [PSYoungGen: 186936K->41030K(208896K)] 657066K->512458K(733184K), 0.0056408 secs] [Times: user=0.06 sys=0.00, real=0.01 secs] 
2016-09-25T21:24:33.090-0400: 111.348: [GC (GCLocker Initiated GC) [PSYoungGen: 200774K->35830K(208384K)] 672205K->522199K(732672K), 0.0091270 secs] [Times: user=0.09 sys=0.00, real=0.01 secs] 
2016-09-25T21:24:33.265-0400: 111.524: [Full GC (Ergonomics) [PSYoungGen: 191478K->0K(208384K)] [ParOldGen: 506011K->334773K(524288K)] 697489K->334773K(732672K), [Metaspace: 43770K->43770K(1087488K)], 0.0891657 secs] [Times: user=0.78 sys=0.01, real=0.09 secs] 
2016-09-25T21:24:33.505-0400: 111.764: [GC (GCLocker Initiated GC) [PSYoungGen: 155648K->37285K(193024K)] 495849K->377487K(717312K), 0.0072475 secs] [Times: user=0.08 sys=0.00, real=0.00 secs] 
2016-09-25T21:24:33.662-0400: 111.921: [GC (GCLocker Initiated GC) [PSYoungGen: 192933K->45021K(200704K)] 538664K->393643K(724992K), 0.0202984 secs] [Times: user=0.27 sys=0.00, real=0.03 secs] 
2016-09-25T21:24:33.829-0400: 112.088: [GC (GCLocker Initiated GC) [PSYoungGen: 191453K->21580K(204288K)] 552257K->383792K(728576K), 0.0287878 secs] [Times: user=0.33 sys=0.02, real=0.03 secs] 
2016-09-25T21:24:33.977-0400: 112.236: [GC (GCLocker Initiated GC) [PSYoungGen: 168012K->41962K(201216K)] 530228K->405234K(725504K), 0.0094239 secs] [Times: user=0.10 sys=0.01, real=0.01 secs] 
2016-09-25T21:24:34.109-0400: 112.368: [GC (GCLocker Initiated GC) [PSYoungGen: 186346K->29986K(174592K)] 553809K->398490K(698880K), 0.0050151 secs] [Times: user=0.05 sys=0.01, real=0.00 secs] 
2016-09-25T21:24:34.234-0400: 112.493: [GC (GCLocker Initiated GC) [PSYoungGen: 174370K->46177K(198656K)] 545607K->418585K(722944K), 0.0255045 secs] [Times: user=0.35 sys=0.01, real=0.02 secs] 
2016-09-25T21:24:34.407-0400: 112.665: [GC (GCLocker Initiated GC) [PSYoungGen: 189025K->16756K(202240K)] 575155K->431060K(726528K), 0.0048566 secs] [Times: user=0.05 sys=0.00, real=0.00 secs] 
2016-09-25T21:24:34.550-0400: 112.809: [GC (GCLocker Initiated GC) [PSYoungGen: 159604K->32700K(198656K)] 577986K->452437K(722944K), 0.0046620 secs] [Times: user=0.04 sys=0.00, real=0.01 secs] 
2016-09-25T21:24:34.687-0400: 112.946: [GC (GCLocker Initiated GC) [PSYoungGen: 176060K->15087K(200704K)] 609423K->468657K(724992K), 0.0051941 secs] [Times: user=0.04 sys=0.00, real=0.00 secs] 
2016-09-25T21:24:34.825-0400: 113.084: [GC (GCLocker Initiated GC) [PSYoungGen: 158447K->33865K(202752K)] 612076K->488746K(727040K), 0.0056418 secs] [Times: user=0.04 sys=0.00, real=0.00 secs] 
2016-09-25T21:24:34.981-0400: 113.240: [GC (GCLocker Initiated GC) [PSYoungGen: 181321K->32806K(203776K)] 644394K->497012K(728064K), 0.0055142 secs] [Times: user=0.05 sys=0.00, real=0.01 secs] 
2016-09-25T21:24:35.126-0400: 113.385: [GC (GCLocker Initiated GC) [PSYoungGen: 180262K->36942K(205312K)] 647374K->505371K(729600K), 0.0064253 secs] [Times: user=0.06 sys=0.00, real=0.00 secs] 
2016-09-25T21:24:35.276-0400: 113.535: [GC (GCLocker Initiated GC) [PSYoungGen: 187470K->33065K(205312K)] 664006K->510995K(729600K), 0.0091310 secs] [Times: user=0.09 sys=0.01, real=0.01 secs] 
2016-09-25T21:24:35.446-0400: 113.705: [GC (GCLocker Initiated GC) [PSYoungGen: 183593K->33221K(205824K)] 666993K->518039K(730112K), 0.0137245 secs] [Times: user=0.16 sys=0.00, real=0.01 secs] 
2016-09-25T21:24:35.622-0400: 113.880: [GC (GCLocker Initiated GC) [PSYoungGen: 187333K->35780K(205824K)] 672205K->522248K(730112K), 0.0084177 secs] [Times: user=0.08 sys=0.00, real=0.01 secs] 
2016-09-25T21:24:35.769-0400: 114.027: [GC (GCLocker Initiated GC) [PSYoungGen: 189892K->34068K(208384K)] 681772K->527547K(732672K), 0.0186829 secs] [Times: user=0.21 sys=0.01, real=0.02 secs] 
2016-09-25T21:24:35.939-0400: 114.198: [Full GC (Ergonomics) [PSYoungGen: 192788K->0K(208384K)] [ParOldGen: 505858K->355889K(524288K)] 698647K->355889K(732672K), [Metaspace: 43776K->43776K(1087488K)], 0.0965794 secs] [Times: user=0.77 sys=0.02, real=0.10 secs] 
2016-09-25T21:24:36.190-0400: 114.449: [GC (GCLocker Initiated GC) [PSYoungGen: 158720K->38307K(209408K)] 517433K->397020K(733696K), 0.0087492 secs] [Times: user=0.07 sys=0.00, real=0.01 secs] 
2016-09-25T21:24:36.366-0400: 114.625: [GC (GCLocker Initiated GC) [PSYoungGen: 197027K->22063K(210944K)] 558416K->398337K(735232K), 0.0081521 secs] [Times: user=0.07 sys=0.00, real=0.01 secs] 
2016-09-25T21:24:36.526-0400: 114.785: [GC (GCLocker Initiated GC) [PSYoungGen: 181807K->34393K(194560K)] 560982K->415000K(718848K), 0.0148189 secs] [Times: user=0.15 sys=0.00, real=0.01 secs] 
2016-09-25T21:24:36.709-0400: 114.968: [GC (GCLocker Initiated GC) [PSYoungGen: 194137K->23764K(210432K)] 584320K->415483K(734720K), 0.0104502 secs] [Times: user=0.13 sys=0.00, real=0.01 secs] 
2016-09-25T21:24:44.613-0400: 122.872: [GC (Allocation Failure) [PSYoungGen: 184020K->32480K(209920K)] 575742K->425744K(734208K), 0.0281958 secs] [Times: user=0.20 sys=0.00, real=0.03 secs] 
2016-09-25T21:24:55.020-0400: 133.279: [GC (Allocation Failure) [PSYoungGen: 192736K->44074K(207360K)] 586000K->469558K(731648K), 0.0109453 secs] [Times: user=0.05 sys=0.03, real=0.01 secs] 
2016-09-25T21:25:05.072-0400: 143.331: [GC (Allocation Failure) [PSYoungGen: 202794K->43178K(202240K)] 628278K->512504K(726528K), 0.0155348 secs] [Times: user=0.13 sys=0.00, real=0.02 secs] 
