Java HotSpot(TM) 64-Bit Server VM (25.101-b13) for linux-amd64 JRE (1.8.0_101-b13), built on Jun 22 2016 02:59:44 by "java_re" with gcc 4.3.0 20080428 (Red Hat 4.3.0-8)
Memory: 4k page, physical 264122320k(99123392k free), swap 268399612k(268399612k free)
CommandLine flags: -XX:GCLogFileSize=1048576 -XX:+HeapDumpOnOutOfMemoryError -XX:HeapDumpPath=artifacts/heapdump -XX:InitialHeapSize=805306368 -XX:MaxHeapSize=805306368 -XX:NumberOfGCLogFiles=10 -XX:+PrintGC -XX:+PrintGCDateStamps -XX:+PrintGCDetails -XX:+PrintGCTimeStamps -XX:+UseCompressedClassPointers -XX:+UseCompressedOops -XX:+UseGCLogFileRotation -XX:+UseParallelGC 
2016-09-25T21:45:03.798-0400: 2.212: [GC (Metadata GC Threshold) [PSYoungGen: 121899K->15556K(229376K)] 121899K->15645K(753664K), 0.0226413 secs] [Times: user=0.12 sys=0.07, real=0.02 secs] 
2016-09-25T21:45:03.820-0400: 2.235: [Full GC (Metadata GC Threshold) [PSYoungGen: 15556K->0K(229376K)] [ParOldGen: 88K->14600K(338944K)] 15645K->14600K(568320K), [Metaspace: 21065K->21065K(1067008K)], 0.0404911 secs] [Times: user=0.32 sys=0.01, real=0.04 secs] 
2016-09-25T21:45:05.648-0400: 4.063: [GC (Metadata GC Threshold) [PSYoungGen: 124223K->15062K(229376K)] 138823K->29798K(568320K), 0.0194411 secs] [Times: user=0.17 sys=0.01, real=0.02 secs] 
2016-09-25T21:45:05.668-0400: 4.082: [Full GC (Metadata GC Threshold) [PSYoungGen: 15062K->0K(229376K)] [ParOldGen: 14736K->20494K(524288K)] 29798K->20494K(753664K), [Metaspace: 34963K->34963K(1079296K)], 0.0546505 secs] [Times: user=0.51 sys=0.02, real=0.06 secs] 
2016-09-25T21:45:07.327-0400: 5.741: [GC (GCLocker Initiated GC) [PSYoungGen: 195249K->32748K(229376K)] 218444K->58754K(753664K), 0.0132639 secs] [Times: user=0.14 sys=0.01, real=0.01 secs] 
2016-09-25T21:45:07.528-0400: 5.942: [GC (GCLocker Initiated GC) [PSYoungGen: 229356K->32653K(229376K)] 258307K->94012K(753664K), 0.0097702 secs] [Times: user=0.11 sys=0.02, real=0.01 secs] 
2016-09-25T21:45:07.669-0400: 6.083: [GC (GCLocker Initiated GC) [PSYoungGen: 229261K->31427K(228352K)] 298753K->109027K(752640K), 0.0080750 secs] [Times: user=0.11 sys=0.00, real=0.01 secs] 
2016-09-25T21:45:07.795-0400: 6.210: [GC (GCLocker Initiated GC) [PSYoungGen: 228035K->33097K(207872K)] 311282K->148752K(732160K), 0.0095544 secs] [Times: user=0.12 sys=0.03, real=0.01 secs] 
2016-09-25T21:45:07.912-0400: 6.326: [GC (GCLocker Initiated GC) [PSYoungGen: 207177K->42717K(217088K)] 322869K->185417K(741376K), 0.0129063 secs] [Times: user=0.20 sys=0.00, real=0.02 secs] 
2016-09-25T21:45:08.035-0400: 6.449: [GC (GCLocker Initiated GC) [PSYoungGen: 216797K->43495K(200704K)] 367728K->200827K(724992K), 0.0099069 secs] [Times: user=0.11 sys=0.03, real=0.01 secs] 
2016-09-25T21:45:08.130-0400: 6.545: [GC (GCLocker Initiated GC) [PSYoungGen: 199143K->48443K(204288K)] 363351K->232161K(728576K), 0.0076876 secs] [Times: user=0.08 sys=0.00, real=0.01 secs] 
2016-09-25T21:45:08.242-0400: 6.656: [GC (GCLocker Initiated GC) [PSYoungGen: 204091K->57725K(190976K)] 393303K->260944K(715264K), 0.0072422 secs] [Times: user=0.08 sys=0.00, real=0.01 secs] 
2016-09-25T21:45:08.321-0400: 6.736: [GC (GCLocker Initiated GC) [PSYoungGen: 190845K->29074K(197632K)] 400452K->268912K(721920K), 0.0062421 secs] [Times: user=0.06 sys=0.03, real=0.01 secs] 
2016-09-25T21:45:08.395-0400: 6.810: [GC (GCLocker Initiated GC) [PSYoungGen: 162194K->58853K(186880K)] 407654K->304612K(711168K), 0.0071688 secs] [Times: user=0.07 sys=0.04, real=0.01 secs] 
2016-09-25T21:45:08.467-0400: 6.881: [GC (GCLocker Initiated GC) [PSYoungGen: 182757K->53357K(177664K)] 433971K->304853K(701952K), 0.0053004 secs] [Times: user=0.08 sys=0.01, real=0.00 secs] 
2016-09-25T21:45:08.536-0400: 6.950: [GC (GCLocker Initiated GC) [PSYoungGen: 177261K->53389K(186368K)] 428898K->310684K(710656K), 0.0062057 secs] [Times: user=0.08 sys=0.00, real=0.00 secs] 
2016-09-25T21:45:08.613-0400: 7.028: [GC (GCLocker Initiated GC) [PSYoungGen: 168077K->64243K(179200K)] 425533K->321941K(703488K), 0.0090563 secs] [Times: user=0.14 sys=0.01, real=0.02 secs] 
2016-09-25T21:45:08.682-0400: 7.097: [GC (GCLocker Initiated GC) [PSYoungGen: 178931K->60376K(176640K)] 442113K->332021K(700928K), 0.0063481 secs] [Times: user=0.10 sys=0.00, real=0.00 secs] 
2016-09-25T21:45:08.744-0400: 7.158: [GC (GCLocker Initiated GC) [PSYoungGen: 157656K->68402K(165888K)] 429353K->340588K(690176K), 0.0095434 secs] [Times: user=0.16 sys=0.00, real=0.00 secs] 
2016-09-25T21:45:08.811-0400: 7.225: [GC (GCLocker Initiated GC) [PSYoungGen: 165682K->31961K(176128K)] 448365K->325786K(700416K), 0.0096170 secs] [Times: user=0.14 sys=0.00, real=0.01 secs] 
2016-09-25T21:45:08.876-0400: 7.291: [GC (GCLocker Initiated GC) [PSYoungGen: 121049K->42546K(132096K)] 417591K->350359K(656384K), 0.0066975 secs] [Times: user=0.08 sys=0.00, real=0.01 secs] 
2016-09-25T21:45:08.944-0400: 7.359: [GC (GCLocker Initiated GC) [PSYoungGen: 131634K->46674K(174592K)] 439449K->368325K(698880K), 0.0058367 secs] [Times: user=0.06 sys=0.02, real=0.00 secs] 
2016-09-25T21:45:09.005-0400: 7.419: [GC (GCLocker Initiated GC) [PSYoungGen: 138834K->56280K(171520K)] 460541K->378377K(695808K), 0.0057619 secs] [Times: user=0.07 sys=0.00, real=0.00 secs] 
2016-09-25T21:45:09.061-0400: 7.475: [GC (GCLocker Initiated GC) [PSYoungGen: 148440K->49484K(180736K)] 478668K->396370K(705024K), 0.0062572 secs] [Times: user=0.07 sys=0.00, real=0.01 secs] 
2016-09-25T21:45:09.122-0400: 7.536: [GC (GCLocker Initiated GC) [PSYoungGen: 151884K->68384K(171008K)] 498856K->440044K(695296K), 0.0073592 secs] [Times: user=0.09 sys=0.01, real=0.01 secs] 
2016-09-25T21:45:09.186-0400: 7.600: [GC (GCLocker Initiated GC) [PSYoungGen: 170784K->48212K(182784K)] 547908K->441979K(707072K), 0.0064980 secs] [Times: user=0.09 sys=0.00, real=0.00 secs] 
2016-09-25T21:45:09.252-0400: 7.666: [GC (GCLocker Initiated GC) [PSYoungGen: 148052K->42761K(142848K)] 548604K->454539K(667136K), 0.0083562 secs] [Times: user=0.05 sys=0.00, real=0.01 secs] 
2016-09-25T21:45:09.315-0400: 7.729: [GC (GCLocker Initiated GC) [PSYoungGen: 142601K->44020K(179200K)] 555796K->473894K(703488K), 0.0063994 secs] [Times: user=0.06 sys=0.02, real=0.00 secs] 
2016-09-25T21:45:09.377-0400: 7.791: [GC (GCLocker Initiated GC) [PSYoungGen: 145908K->49342K(177152K)] 575885K->479698K(701440K), 0.0062042 secs] [Times: user=0.03 sys=0.03, real=0.01 secs] 
2016-09-25T21:45:09.437-0400: 7.851: [GC (GCLocker Initiated GC) [PSYoungGen: 151230K->48225K(184320K)] 590514K->498675K(708608K), 0.0055107 secs] [Times: user=0.05 sys=0.01, real=0.01 secs] 
2016-09-25T21:45:09.503-0400: 7.917: [GC (GCLocker Initiated GC) [PSYoungGen: 160353K->50912K(182784K)] 618997K->510043K(707072K), 0.0057147 secs] [Times: user=0.08 sys=0.00, real=0.00 secs] 
2016-09-25T21:45:09.588-0400: 8.002: [GC (GCLocker Initiated GC) [PSYoungGen: 163040K->57772K(187392K)] 634349K->529531K(711680K), 0.0158809 secs] [Times: user=0.23 sys=0.00, real=0.02 secs] 
2016-09-25T21:45:09.686-0400: 8.100: [GC (GCLocker Initiated GC) [PSYoungGen: 175532K->46908K(188928K)] 651415K->547579K(713216K), 0.0061670 secs] [Times: user=0.08 sys=0.01, real=0.00 secs] 
2016-09-25T21:45:09.692-0400: 8.107: [Full GC (Ergonomics) [PSYoungGen: 46908K->0K(188928K)] [ParOldGen: 500670K->45669K(524288K)] 547579K->45669K(713216K), [Metaspace: 42983K->42975K(1085440K)], 0.1965445 secs] [Times: user=2.61 sys=0.05, real=0.20 secs] 
2016-09-25T21:45:09.976-0400: 8.391: [GC (GCLocker Initiated GC) [PSYoungGen: 117760K->64572K(184832K)] 166372K->113185K(709120K), 0.0060178 secs] [Times: user=0.07 sys=0.00, real=0.01 secs] 
2016-09-25T21:45:10.052-0400: 8.466: [GC (GCLocker Initiated GC) [PSYoungGen: 180284K->31994K(147968K)] 238379K->98870K(672256K), 0.0059870 secs] [Times: user=0.05 sys=0.00, real=0.01 secs] 
2016-09-25T21:45:10.132-0400: 8.547: [GC (GCLocker Initiated GC) [PSYoungGen: 147706K->46985K(190464K)] 224213K->124028K(714752K), 0.0054335 secs] [Times: user=0.06 sys=0.00, real=0.01 secs] 
2016-09-25T21:45:10.192-0400: 8.606: [GC (GCLocker Initiated GC) [PSYoungGen: 163721K->69766K(186880K)] 243556K->158218K(711168K), 0.0073034 secs] [Times: user=0.06 sys=0.00, real=0.01 secs] 
2016-09-25T21:45:10.267-0400: 8.682: [GC (GCLocker Initiated GC) [PSYoungGen: 186502K->34739K(182784K)] 288532K->153405K(707072K), 0.0051767 secs] [Times: user=0.06 sys=0.00, real=0.00 secs] 
2016-09-25T21:45:10.322-0400: 8.737: [GC (GCLocker Initiated GC) [PSYoungGen: 142259K->72498K(180224K)] 261076K->191824K(704512K), 0.0061475 secs] [Times: user=0.08 sys=0.00, real=0.00 secs] 
2016-09-25T21:45:10.387-0400: 8.801: [GC (GCLocker Initiated GC) [PSYoungGen: 180018K->53502K(181248K)] 299368K->173239K(705536K), 0.0078408 secs] [Times: user=0.10 sys=0.00, real=0.01 secs] 
2016-09-25T21:45:10.440-0400: 8.855: [GC (GCLocker Initiated GC) [PSYoungGen: 152830K->64412K(163840K)] 275308K->206225K(688128K), 0.0065514 secs] [Times: user=0.08 sys=0.00, real=0.01 secs] 
2016-09-25T21:45:10.494-0400: 8.909: [GC (GCLocker Initiated GC) [PSYoungGen: 163740K->60362K(179712K)] 310996K->232368K(704000K), 0.0077080 secs] [Times: user=0.08 sys=0.01, real=0.01 secs] 
2016-09-25T21:45:10.557-0400: 8.972: [GC (GCLocker Initiated GC) [PSYoungGen: 157130K->50834K(147968K)] 331969K->226123K(672256K), 0.0058015 secs] [Times: user=0.06 sys=0.01, real=0.01 secs] 
2016-09-25T21:45:10.608-0400: 9.022: [GC (GCLocker Initiated GC) [PSYoungGen: 147602K->65684K(174592K)] 330237K->248731K(698880K), 0.0059630 secs] [Times: user=0.07 sys=0.00, real=0.00 secs] 
2016-09-25T21:45:10.659-0400: 9.073: [GC (GCLocker Initiated GC) [PSYoungGen: 160404K->56280K(176640K)] 344996K->252091K(700928K), 0.0060692 secs] [Times: user=0.07 sys=0.00, real=0.01 secs] 
2016-09-25T21:45:10.714-0400: 9.129: [GC (GCLocker Initiated GC) [PSYoungGen: 151000K->69610K(176128K)] 346952K->266036K(700416K), 0.0053671 secs] [Times: user=0.06 sys=0.00, real=0.00 secs] 
2016-09-25T21:45:10.782-0400: 9.197: [GC (GCLocker Initiated GC) [PSYoungGen: 165866K->33233K(129536K)] 365951K->245764K(653824K), 0.0061965 secs] [Times: user=0.04 sys=0.00, real=0.00 secs] 
2016-09-25T21:45:10.836-0400: 9.251: [GC (GCLocker Initiated GC) [PSYoungGen: 129489K->64398K(176128K)] 347626K->284309K(700416K), 0.0062794 secs] [Times: user=0.06 sys=0.00, real=0.01 secs] 
2016-09-25T21:45:10.888-0400: 9.303: [GC (GCLocker Initiated GC) [PSYoungGen: 156558K->81870K(174080K)] 376502K->302202K(698368K), 0.0070080 secs] [Times: user=0.09 sys=0.00, real=0.01 secs] 
2016-09-25T21:45:10.960-0400: 9.374: [GC (GCLocker Initiated GC) [PSYoungGen: 174030K->49406K(175104K)] 394387K->297144K(699392K), 0.0057664 secs] [Times: user=0.08 sys=0.00, real=0.01 secs] 
2016-09-25T21:45:11.011-0400: 9.425: [GC (GCLocker Initiated GC) [PSYoungGen: 137470K->46829K(175104K)] 394686K->326036K(699392K), 0.0058126 secs] [Times: user=0.07 sys=0.00, real=0.01 secs] 
2016-09-25T21:45:11.061-0400: 9.475: [GC (GCLocker Initiated GC) [PSYoungGen: 134893K->56344K(172032K)] 422318K->355026K(696320K), 0.0063857 secs] [Times: user=0.07 sys=0.00, real=0.01 secs] 
2016-09-25T21:45:11.108-0400: 9.522: [GC (GCLocker Initiated GC) [PSYoungGen: 144408K->60206K(173568K)] 445874K->362114K(697856K), 0.0063992 secs] [Times: user=0.08 sys=0.00, real=0.01 secs] 
2016-09-25T21:45:11.166-0400: 9.581: [GC (GCLocker Initiated GC) [PSYoungGen: 148270K->49196K(173568K)] 454332K->355576K(697856K), 0.0133560 secs] [Times: user=0.16 sys=0.00, real=0.01 secs] 
2016-09-25T21:45:11.232-0400: 9.646: [GC (GCLocker Initiated GC) [PSYoungGen: 141868K->60174K(175104K)] 448330K->385923K(699392K), 0.0237356 secs] [Times: user=0.28 sys=0.00, real=0.03 secs] 
2016-09-25T21:45:11.307-0400: 9.722: [GC (GCLocker Initiated GC) [PSYoungGen: 152846K->57615K(175104K)] 484032K->413476K(699392K), 0.0069394 secs] [Times: user=0.09 sys=0.01, real=0.01 secs] 
2016-09-25T21:45:11.364-0400: 9.779: [GC (GCLocker Initiated GC) [PSYoungGen: 155919K->62983K(177664K)] 514501K->435476K(701952K), 0.0066478 secs] [Times: user=0.09 sys=0.00, real=0.00 secs] 
2016-09-25T21:45:11.430-0400: 9.844: [GC (GCLocker Initiated GC) [PSYoungGen: 161287K->50833K(180224K)] 533959K->448224K(704512K), 0.0069056 secs] [Times: user=0.08 sys=0.00, real=0.01 secs] 
2016-09-25T21:45:11.497-0400: 9.911: [GC (GCLocker Initiated GC) [PSYoungGen: 153745K->34770K(181248K)] 570138K->451554K(705536K), 0.0045234 secs] [Times: user=0.05 sys=0.00, real=0.00 secs] 
2016-09-25T21:45:11.562-0400: 9.976: [GC (GCLocker Initiated GC) [PSYoungGen: 137682K->59057K(182784K)] 554470K->476361K(707072K), 0.0054838 secs] [Times: user=0.06 sys=0.00, real=0.01 secs] 
2016-09-25T21:45:11.620-0400: 10.034: [GC (GCLocker Initiated GC) [PSYoungGen: 161969K->56279K(159232K)] 583571K->478290K(683520K), 0.0060445 secs] [Times: user=0.06 sys=0.00, real=0.01 secs] 
2016-09-25T21:45:11.677-0400: 10.092: [GC (GCLocker Initiated GC) [PSYoungGen: 159191K->72419K(175616K)] 581286K->494987K(699904K), 0.0060509 secs] [Times: user=0.08 sys=0.00, real=0.01 secs] 
2016-09-25T21:45:11.734-0400: 10.149: [GC (GCLocker Initiated GC) [PSYoungGen: 170723K->64301K(180224K)] 593420K->498211K(704512K), 0.0063487 secs] [Times: user=0.08 sys=0.00, real=0.00 secs] 
2016-09-25T21:45:11.787-0400: 10.202: [GC (GCLocker Initiated GC) [PSYoungGen: 162605K->59011K(177152K)] 602338K->512655K(701440K), 0.0056695 secs] [Times: user=0.08 sys=0.00, real=0.00 secs] 
2016-09-25T21:45:11.848-0400: 10.263: [GC (GCLocker Initiated GC) [PSYoungGen: 157315K->62919K(178688K)] 619100K->525129K(702976K), 0.0103158 secs] [Times: user=0.14 sys=0.00, real=0.01 secs] 
2016-09-25T21:45:11.910-0400: 10.325: [GC (GCLocker Initiated GC) [PSYoungGen: 161223K->48115K(180224K)] 623646K->529817K(704512K), 0.0079140 secs] [Times: user=0.07 sys=0.00, real=0.01 secs] 
2016-09-25T21:45:11.988-0400: 10.402: [Full GC (Ergonomics) [PSYoungGen: 150003K->0K(180224K)] [ParOldGen: 502141K->65773K(524288K)] 652145K->65773K(704512K), [Metaspace: 43174K->43174K(1085440K)], 0.0465994 secs] [Times: user=0.37 sys=0.00, real=0.05 secs] 
2016-09-25T21:45:12.085-0400: 10.499: [GC (GCLocker Initiated GC) [PSYoungGen: 101888K->79343K(181248K)] 170423K->147879K(705536K), 0.0060749 secs] [Times: user=0.08 sys=0.00, real=0.00 secs] 
2016-09-25T21:45:12.148-0400: 10.562: [GC (GCLocker Initiated GC) [PSYoungGen: 181231K->61633K(175104K)] 249814K->130747K(699392K), 0.0049060 secs] [Times: user=0.05 sys=0.00, real=0.00 secs] 
2016-09-25T21:45:12.199-0400: 10.613: [GC (GCLocker Initiated GC) [PSYoungGen: 155841K->33375K(128000K)] 239876K->144821K(652288K), 0.0057996 secs] [Times: user=0.07 sys=0.00, real=0.01 secs] 
2016-09-25T21:45:12.249-0400: 10.663: [GC (GCLocker Initiated GC) [PSYoungGen: 127583K->68338K(174080K)] 239106K->199256K(698368K), 0.0069454 secs] [Times: user=0.09 sys=0.00, real=0.01 secs] 
2016-09-25T21:45:12.304-0400: 10.718: [GC (GCLocker Initiated GC) [PSYoungGen: 156402K->45465K(175104K)] 292026K->203087K(699392K), 0.0049140 secs] [Times: user=0.06 sys=0.00, real=0.00 secs] 
2016-09-25T21:45:12.357-0400: 10.772: [GC (GCLocker Initiated GC) [PSYoungGen: 133529K->41383K(173568K)] 302129K->221218K(697856K), 0.0049416 secs] [Times: user=0.06 sys=0.00, real=0.01 secs] 
2016-09-25T21:45:12.410-0400: 10.825: [GC (GCLocker Initiated GC) [PSYoungGen: 129959K->57615K(174592K)] 318131K->246190K(698880K), 0.0052445 secs] [Times: user=0.07 sys=0.00, real=0.01 secs] 
2016-09-25T21:45:12.469-0400: 10.884: [GC (GCLocker Initiated GC) [PSYoungGen: 146191K->64365K(174592K)] 340312K->258889K(698880K), 0.0075857 secs] [Times: user=0.11 sys=0.00, real=0.01 secs] 
2016-09-25T21:45:12.527-0400: 10.941: [GC (GCLocker Initiated GC) [PSYoungGen: 154989K->45369K(175104K)] 355018K->256593K(699392K), 0.0054052 secs] [Times: user=0.06 sys=0.00, real=0.00 secs] 
2016-09-25T21:45:12.574-0400: 10.989: [GC (GCLocker Initiated GC) [PSYoungGen: 135993K->46719K(175104K)] 350104K->261209K(699392K), 0.0125822 secs] [Times: user=0.06 sys=0.00, real=0.01 secs] 
2016-09-25T21:45:12.636-0400: 11.050: [GC (GCLocker Initiated GC) [PSYoungGen: 140927K->50943K(176128K)] 359595K->283522K(700416K), 0.0132192 secs] [Times: user=0.19 sys=0.00, real=0.01 secs] 
2016-09-25T21:45:12.701-0400: 11.115: [GC (GCLocker Initiated GC) [PSYoungGen: 145151K->49341K(178176K)] 380571K->301380K(702464K), 0.0052896 secs] [Times: user=0.07 sys=0.00, real=0.01 secs] 
2016-09-25T21:45:12.762-0400: 11.176: [GC (GCLocker Initiated GC) [PSYoungGen: 149693K->52178K(178688K)] 408598K->322256K(702976K), 0.0089434 secs] [Times: user=0.12 sys=0.00, real=0.01 secs] 
2016-09-25T21:45:12.818-0400: 11.232: [GC (GCLocker Initiated GC) [PSYoungGen: 152530K->75198K(174592K)] 425423K->351277K(698880K), 0.0063963 secs] [Times: user=0.08 sys=0.00, real=0.01 secs] 
2016-09-25T21:45:12.872-0400: 11.286: [GC (GCLocker Initiated GC) [PSYoungGen: 173502K->73789K(172544K)] 449621K->350311K(696832K), 0.0064801 secs] [Times: user=0.09 sys=0.00, real=0.01 secs] 
2016-09-25T21:45:12.931-0400: 11.346: [GC (GCLocker Initiated GC) [PSYoungGen: 172093K->76561K(174080K)] 451327K->356177K(698368K), 0.0066181 secs] [Times: user=0.09 sys=0.00, real=0.01 secs] 
2016-09-25T21:45:12.996-0400: 11.410: [GC (GCLocker Initiated GC) [PSYoungGen: 164625K->42701K(175104K)] 453923K->343239K(699392K), 0.0081529 secs] [Times: user=0.08 sys=0.02, real=0.01 secs] 
2016-09-25T21:45:13.054-0400: 11.468: [GC (GCLocker Initiated GC) [PSYoungGen: 130765K->69655K(175104K)] 436888K->376181K(699392K), 0.0094784 secs] [Times: user=0.10 sys=0.00, real=0.02 secs] 
2016-09-25T21:45:13.118-0400: 11.532: [GC (GCLocker Initiated GC) [PSYoungGen: 157719K->66969K(175104K)] 464438K->376720K(699392K), 0.0174166 secs] [Times: user=0.20 sys=0.00, real=0.02 secs] 
2016-09-25T21:45:13.187-0400: 11.602: [GC (GCLocker Initiated GC) [PSYoungGen: 155033K->84569K(175104K)] 464891K->394814K(699392K), 0.0096413 secs] [Times: user=0.13 sys=0.00, real=0.01 secs] 
2016-09-25T21:45:13.254-0400: 11.668: [GC (GCLocker Initiated GC) [PSYoungGen: 172633K->50833K(175104K)] 488521K->375162K(699392K), 0.0097154 secs] [Times: user=0.15 sys=0.00, real=0.02 secs] 
2016-09-25T21:45:13.324-0400: 11.739: [GC (GCLocker Initiated GC) [PSYoungGen: 138897K->37155K(175104K)] 471450K->372770K(699392K), 0.0062324 secs] [Times: user=0.03 sys=0.01, real=0.00 secs] 
2016-09-25T21:45:13.377-0400: 11.792: [GC (GCLocker Initiated GC) [PSYoungGen: 125219K->62905K(175104K)] 463598K->412558K(699392K), 0.0088245 secs] [Times: user=0.12 sys=0.00, real=0.01 secs] 
2016-09-25T21:45:13.429-0400: 11.843: [GC (GCLocker Initiated GC) [PSYoungGen: 150969K->61683K(175104K)] 500697K->425276K(699392K), 0.0085800 secs] [Times: user=0.10 sys=0.00, real=0.01 secs] 
2016-09-25T21:45:13.489-0400: 11.903: [GC (GCLocker Initiated GC) [PSYoungGen: 149747K->68415K(175104K)] 518818K->448755K(699392K), 0.0079899 secs] [Times: user=0.11 sys=0.00, real=0.01 secs] 
2016-09-25T21:45:13.553-0400: 11.967: [GC (GCLocker Initiated GC) [PSYoungGen: 156479K->48101K(175104K)] 543677K->460018K(699392K), 0.0198011 secs] [Times: user=0.28 sys=0.00, real=0.02 secs] 
2016-09-25T21:45:13.628-0400: 12.043: [GC (GCLocker Initiated GC) [PSYoungGen: 136165K->72356K(175104K)] 548127K->506329K(699392K), 0.0087002 secs] [Times: user=0.12 sys=0.00, real=0.01 secs] 
2016-09-25T21:45:13.696-0400: 12.110: [GC (GCLocker Initiated GC) [PSYoungGen: 160420K->40125K(175104K)] 607922K->528517K(699392K), 0.0067493 secs] [Times: user=0.09 sys=0.00, real=0.01 secs] 
2016-09-25T21:45:13.703-0400: 12.117: [Full GC (Ergonomics) [PSYoungGen: 40125K->0K(175104K)] [ParOldGen: 488392K->72235K(524288K)] 528517K->72235K(699392K), [Metaspace: 43216K->43216K(1085440K)], 0.0539536 secs] [Times: user=0.39 sys=0.00, real=0.05 secs] 
2016-09-25T21:45:13.806-0400: 12.221: [GC (GCLocker Initiated GC) [PSYoungGen: 88064K->65624K(175104K)] 160388K->137948K(699392K), 0.0062326 secs] [Times: user=0.05 sys=0.00, real=0.00 secs] 
2016-09-25T21:45:13.865-0400: 12.279: [GC (GCLocker Initiated GC) [PSYoungGen: 153688K->52215K(175104K)] 228830K->146729K(699392K), 0.0067658 secs] [Times: user=0.08 sys=0.00, real=0.00 secs] 
2016-09-25T21:45:13.934-0400: 12.349: [GC (GCLocker Initiated GC) [PSYoungGen: 140279K->65683K(175104K)] 240334K->168825K(699392K), 0.0052597 secs] [Times: user=0.06 sys=0.00, real=0.00 secs] 
2016-09-25T21:45:13.996-0400: 12.410: [GC (GCLocker Initiated GC) [PSYoungGen: 153747K->71115K(175104K)] 259718K->180221K(699392K), 0.0082589 secs] [Times: user=0.05 sys=0.01, real=0.01 secs] 
2016-09-25T21:45:14.059-0400: 12.473: [GC (GCLocker Initiated GC) [PSYoungGen: 159179K->58869K(175104K)] 268440K->168525K(699392K), 0.0078981 secs] [Times: user=0.08 sys=0.00, real=0.01 secs] 
2016-09-25T21:45:14.118-0400: 12.533: [GC (GCLocker Initiated GC) [PSYoungGen: 146933K->56251K(173056K)] 256624K->166377K(697344K), 0.0080891 secs] [Times: user=0.06 sys=0.00, real=0.01 secs] 
2016-09-25T21:45:14.194-0400: 12.608: [GC (GCLocker Initiated GC) [PSYoungGen: 144315K->34661K(174080K)] 268710K->159413K(698368K), 0.0049087 secs] [Times: user=0.05 sys=0.01, real=0.01 secs] 
2016-09-25T21:45:14.257-0400: 12.671: [GC (GCLocker Initiated GC) [PSYoungGen: 122725K->57679K(173056K)] 259861K->206081K(697344K), 0.0082230 secs] [Times: user=0.08 sys=0.01, real=0.01 secs] 
2016-09-25T21:45:14.322-0400: 12.736: [GC (GCLocker Initiated GC) [PSYoungGen: 146767K->71069K(174080K)] 298113K->222819K(698368K), 0.0076928 secs] [Times: user=0.10 sys=0.00, real=0.01 secs] 
2016-09-25T21:45:14.388-0400: 12.802: [GC (GCLocker Initiated GC) [PSYoungGen: 160157K->53547K(175104K)] 324132K->217879K(699392K), 0.0048209 secs] [Times: user=0.06 sys=0.00, real=0.00 secs] 
2016-09-25T21:45:14.443-0400: 12.857: [GC (GCLocker Initiated GC) [PSYoungGen: 143659K->64320K(175104K)] 308046K->250780K(699392K), 0.0067485 secs] [Times: user=0.09 sys=0.00, real=0.00 secs] 
2016-09-25T21:45:14.507-0400: 12.922: [GC (GCLocker Initiated GC) [PSYoungGen: 154432K->46829K(176128K)] 353233K->281104K(700416K), 0.0111791 secs] [Times: user=0.16 sys=0.00, real=0.01 secs] 
2016-09-25T21:45:14.583-0400: 12.997: [GC (GCLocker Initiated GC) [PSYoungGen: 138989K->42765K(176640K)] 381379K->285613K(700928K), 0.0113188 secs] [Times: user=0.12 sys=0.01, real=0.00 secs] 
2016-09-25T21:45:14.648-0400: 13.062: [GC (GCLocker Initiated GC) [PSYoungGen: 134925K->77742K(172032K)] 380507K->326452K(696320K), 0.0076766 secs] [Times: user=0.08 sys=0.00, real=0.01 secs] 
2016-09-25T21:45:14.712-0400: 13.127: [GC (GCLocker Initiated GC) [PSYoungGen: 165806K->52060K(175104K)] 420080K->325570K(699392K), 0.0061715 secs] [Times: user=0.08 sys=0.00, real=0.01 secs] 
2016-09-25T21:45:14.770-0400: 13.185: [GC (GCLocker Initiated GC) [PSYoungGen: 140124K->53476K(171008K)] 423331K->353229K(695296K), 0.0059241 secs] [Times: user=0.08 sys=0.00, real=0.01 secs] 
2016-09-25T21:45:14.825-0400: 13.240: [GC (GCLocker Initiated GC) [PSYoungGen: 141540K->60114K(173056K)] 444023K->373680K(697344K), 0.0102759 secs] [Times: user=0.10 sys=0.00, real=0.01 secs] 
2016-09-25T21:45:14.884-0400: 13.298: [GC (GCLocker Initiated GC) [PSYoungGen: 148178K->58767K(172544K)] 461884K->383548K(696832K), 0.0133909 secs] [Times: user=0.18 sys=0.00, real=0.01 secs] 
2016-09-25T21:45:14.949-0400: 13.363: [GC (GCLocker Initiated GC) [PSYoungGen: 152463K->61482K(175104K)] 477337K->386611K(699392K), 0.0204845 secs] [Times: user=0.24 sys=0.00, real=0.02 secs] 
2016-09-25T21:45:15.025-0400: 13.440: [GC (GCLocker Initiated GC) [PSYoungGen: 155178K->38500K(179712K)] 485739K->390965K(704000K), 0.0133683 secs] [Times: user=0.17 sys=0.02, real=0.01 secs] 
2016-09-25T21:45:15.091-0400: 13.505: [GC (GCLocker Initiated GC) [PSYoungGen: 137828K->61472K(180736K)] 490542K->433390K(705024K), 0.0065899 secs] [Times: user=0.08 sys=0.01, real=0.01 secs] 
2016-09-25T21:45:15.144-0400: 13.558: [GC (GCLocker Initiated GC) [PSYoungGen: 160800K->62772K(180224K)] 532742K->434969K(704512K), 0.0081333 secs] [Times: user=0.11 sys=0.00, real=0.00 secs] 
2016-09-25T21:45:15.208-0400: 13.622: [GC (GCLocker Initiated GC) [PSYoungGen: 162612K->53357K(153600K)] 543016K->433982K(677888K), 0.0073509 secs] [Times: user=0.11 sys=0.00, real=0.01 secs] 
2016-09-25T21:45:15.287-0400: 13.701: [GC (Allocation Failure) [PSYoungGen: 153197K->64218K(179712K)] 542126K->453372K(704000K), 0.0057844 secs] [Times: user=0.08 sys=0.00, real=0.00 secs] 
2016-09-25T21:45:15.293-0400: 13.708: [GC (GCLocker Initiated GC) [PSYoungGen: 64631K->64K(100864K)] 453785K->450426K(625152K), 0.0112411 secs] [Times: user=0.12 sys=0.00, real=0.02 secs] 
2016-09-25T21:45:15.364-0400: 13.778: [GC (GCLocker Initiated GC) [PSYoungGen: 100282K->49275K(178176K)] 551020K->500012K(702464K), 0.0087839 secs] [Times: user=0.06 sys=0.00, real=0.00 secs] 
2016-09-25T21:45:15.423-0400: 13.838: [GC (Allocation Failure) [PSYoungGen: 140411K->56089K(147456K)] 596588K->515334K(671744K), 0.0057081 secs] [Times: user=0.07 sys=0.00, real=0.00 secs] 
2016-09-25T21:45:15.479-0400: 13.894: [GC (GCLocker Initiated GC) [PSYoungGen: 147225K->52039K(176640K)] 609175K->546622K(700928K), 0.0109597 secs] [Times: user=0.14 sys=0.01, real=0.01 secs] 
2016-09-25T21:45:15.490-0400: 13.905: [Full GC (Ergonomics) [PSYoungGen: 52039K->0K(176640K)] [ParOldGen: 494582K->79096K(524288K)] 546622K->79096K(700928K), [Metaspace: 43218K->43218K(1085440K)], 0.0563625 secs] [Times: user=0.44 sys=0.00, real=0.06 secs] 
2016-09-25T21:45:15.600-0400: 14.015: [GC (GCLocker Initiated GC) [PSYoungGen: 94208K->71064K(173568K)] 173431K->150288K(697856K), 0.0118424 secs] [Times: user=0.15 sys=0.01, real=0.01 secs] 
2016-09-25T21:45:15.667-0400: 14.081: [GC (GCLocker Initiated GC) [PSYoungGen: 165272K->65472K(176128K)] 247237K->150505K(700416K), 0.0098345 secs] [Times: user=0.14 sys=0.00, real=0.01 secs] 
2016-09-25T21:45:15.727-0400: 14.141: [GC (GCLocker Initiated GC) [PSYoungGen: 157632K->70936K(163328K)] 242690K->156244K(687616K), 0.0125366 secs] [Times: user=0.12 sys=0.00, real=0.01 secs] 
2016-09-25T21:45:15.794-0400: 14.208: [GC (GCLocker Initiated GC) [PSYoungGen: 163096K->56008K(177152K)] 253832K->146958K(701440K), 0.0154561 secs] [Times: user=0.17 sys=0.00, real=0.02 secs] 
2016-09-25T21:45:15.858-0400: 14.272: [GC (GCLocker Initiated GC) [PSYoungGen: 146120K->49258K(139776K)] 239813K->143144K(664064K), 0.0099438 secs] [Times: user=0.08 sys=0.00, real=0.01 secs] 
2016-09-25T21:45:15.924-0400: 14.339: [GC (GCLocker Initiated GC) [PSYoungGen: 139370K->50593K(175104K)] 234683K->146123K(699392K), 0.0124881 secs] [Times: user=0.15 sys=0.01, real=0.01 secs] 
2016-09-25T21:45:15.993-0400: 14.407: [GC (GCLocker Initiated GC) [PSYoungGen: 142241K->25004K(173568K)] 249904K->157224K(697856K), 0.0079822 secs] [Times: user=0.11 sys=0.00, real=0.01 secs] 
2016-09-25T21:45:16.047-0400: 14.462: [GC (Allocation Failure) [PSYoungGen: 116652K->60072K(178176K)] 250422K->194117K(702464K), 0.0052424 secs] [Times: user=0.06 sys=0.00, real=0.00 secs] 
2016-09-25T21:45:16.053-0400: 14.467: [GC (GCLocker Initiated GC) [PSYoungGen: 60595K->64K(94720K)] 194640K->203345K(619008K), 0.0051785 secs] [Times: user=0.07 sys=0.00, real=0.01 secs] 
2016-09-25T21:45:16.108-0400: 14.522: [GC (GCLocker Initiated GC) [PSYoungGen: 92186K->76450K(175104K)] 298167K->282431K(699392K), 0.0206759 secs] [Times: user=0.29 sys=0.00, real=0.02 secs] 
2016-09-25T21:45:16.181-0400: 14.596: [GC (GCLocker Initiated GC) [PSYoungGen: 164514K->69572K(175104K)] 373277K->278671K(699392K), 0.0086255 secs] [Times: user=0.10 sys=0.00, real=0.01 secs] 
2016-09-25T21:45:16.240-0400: 14.655: [GC (GCLocker Initiated GC) [PSYoungGen: 157636K->62836K(175104K)] 366885K->293910K(699392K), 0.0063431 secs] [Times: user=0.08 sys=0.00, real=0.01 secs] 
2016-09-25T21:45:16.291-0400: 14.706: [GC (GCLocker Initiated GC) [PSYoungGen: 150900K->62708K(175104K)] 382122K->299521K(699392K), 0.0062974 secs] [Times: user=0.08 sys=0.00, real=0.01 secs] 
2016-09-25T21:45:16.339-0400: 14.753: [GC (GCLocker Initiated GC) [PSYoungGen: 150772K->76304K(175104K)] 387641K->329598K(699392K), 0.0092302 secs] [Times: user=0.07 sys=0.00, real=0.01 secs] 
2016-09-25T21:45:16.401-0400: 14.815: [GC (GCLocker Initiated GC) [PSYoungGen: 164368K->36837K(175104K)] 420410K->301145K(699392K), 0.0124344 secs] [Times: user=0.09 sys=0.01, real=0.01 secs] 
2016-09-25T21:45:16.484-0400: 14.898: [GC (GCLocker Initiated GC) [PSYoungGen: 124901K->37109K(175104K)] 389216K->325964K(699392K), 0.0083210 secs] [Times: user=0.11 sys=0.00, real=0.00 secs] 
2016-09-25T21:45:16.548-0400: 14.963: [GC (GCLocker Initiated GC) [PSYoungGen: 125173K->49240K(175104K)] 423652K->349319K(699392K), 0.0057454 secs] [Times: user=0.08 sys=0.00, real=0.01 secs] 
2016-09-25T21:45:16.609-0400: 15.023: [GC (GCLocker Initiated GC) [PSYoungGen: 137304K->64154K(175104K)] 442861K->369920K(699392K), 0.0083079 secs] [Times: user=0.12 sys=0.00, real=0.01 secs] 
2016-09-25T21:45:16.693-0400: 15.107: [GC (GCLocker Initiated GC) [PSYoungGen: 152218K->35789K(175104K)] 466134K->363420K(699392K), 0.0137641 secs] [Times: user=0.12 sys=0.01, real=0.02 secs] 
2016-09-25T21:45:16.759-0400: 15.173: [GC (GCLocker Initiated GC) [PSYoungGen: 123853K->60079K(175104K)] 451602K->388045K(699392K), 0.0058835 secs] [Times: user=0.06 sys=0.00, real=0.01 secs] 
2016-09-25T21:45:16.811-0400: 15.226: [GC (GCLocker Initiated GC) [PSYoungGen: 148143K->50608K(175104K)] 478814K->381481K(699392K), 0.0093462 secs] [Times: user=0.10 sys=0.00, real=0.01 secs] 
2016-09-25T21:45:16.886-0400: 15.301: [GC (GCLocker Initiated GC) [PSYoungGen: 138672K->69487K(175104K)] 469653K->400684K(699392K), 0.0097254 secs] [Times: user=0.11 sys=0.00, real=0.01 secs] 
2016-09-25T21:45:16.959-0400: 15.373: [GC (Allocation Failure) [PSYoungGen: 157551K->42563K(175104K)] 502467K->401222K(699392K), 0.0102022 secs] [Times: user=0.13 sys=0.00, real=0.01 secs] 
2016-09-25T21:45:17.015-0400: 15.430: [GC (GCLocker Initiated GC) [PSYoungGen: 130627K->54772K(174080K)] 491989K->416422K(698368K), 0.0141357 secs] [Times: user=0.15 sys=0.00, real=0.01 secs] 
2016-09-25T21:45:17.101-0400: 15.515: [GC (GCLocker Initiated GC) [PSYoungGen: 142836K->61493K(174592K)] 504646K->423587K(698880K), 0.0072586 secs] [Times: user=0.10 sys=0.00, real=0.01 secs] 
2016-09-25T21:45:17.175-0400: 15.589: [GC (GCLocker Initiated GC) [PSYoungGen: 149557K->31762K(174592K)] 522563K->421234K(698880K), 0.0051826 secs] [Times: user=0.05 sys=0.01, real=0.00 secs] 
2016-09-25T21:45:17.228-0400: 15.643: [GC (GCLocker Initiated GC) [PSYoungGen: 119826K->42578K(131072K)] 513561K->444697K(655360K), 0.0208064 secs] [Times: user=0.23 sys=0.00, real=0.02 secs] 
2016-09-25T21:45:17.318-0400: 15.733: [GC (GCLocker Initiated GC) [PSYoungGen: 130642K->46630K(176128K)] 540963K->459967K(700416K), 0.0262124 secs] [Times: user=0.34 sys=0.00, real=0.03 secs] 
2016-09-25T21:45:17.394-0400: 15.809: [GC (GCLocker Initiated GC) [PSYoungGen: 137766K->53367K(173568K)] 551165K->467106K(697856K), 0.0059539 secs] [Times: user=0.05 sys=0.00, real=0.00 secs] 
2016-09-25T21:45:17.459-0400: 15.874: [GC (GCLocker Initiated GC) [PSYoungGen: 144503K->52090K(177152K)] 566493K->474398K(701440K), 0.0113116 secs] [Times: user=0.14 sys=0.00, real=0.01 secs] 
2016-09-25T21:45:17.567-0400: 15.981: [GC (GCLocker Initiated GC) [PSYoungGen: 149370K->62974K(175104K)] 571725K->485724K(699392K), 0.0062153 secs] [Times: user=0.06 sys=0.01, real=0.00 secs] 
2016-09-25T21:45:17.628-0400: 16.042: [GC (GCLocker Initiated GC) [PSYoungGen: 160254K->40006K(183296K)] 589823K->469937K(707584K), 0.0060565 secs] [Times: user=0.06 sys=0.00, real=0.00 secs] 
2016-09-25T21:45:17.704-0400: 16.119: [GC (GCLocker Initiated GC) [PSYoungGen: 143430K->63112K(166912K)] 576198K->509900K(691200K), 0.0229376 secs] [Times: user=0.33 sys=0.01, real=0.02 secs] 
2016-09-25T21:45:17.809-0400: 16.223: [GC (GCLocker Initiated GC) [PSYoungGen: 166536K->69750K(174080K)] 613566K->517271K(698368K), 0.0070310 secs] [Times: user=0.06 sys=0.00, real=0.01 secs] 
2016-09-25T21:45:17.866-0400: 16.280: [GC (GCLocker Initiated GC) [PSYoungGen: 162934K->53637K(177664K)] 617088K->510967K(701952K), 0.0066243 secs] [Times: user=0.06 sys=0.00, real=0.00 secs] 
2016-09-25T21:45:17.928-0400: 16.342: [GC (GCLocker Initiated GC) [PSYoungGen: 146821K->56223K(173056K)] 611067K->520961K(697344K), 0.0086522 secs] [Times: user=0.09 sys=0.00, real=0.01 secs] 
2016-09-25T21:45:18.008-0400: 16.422: [GC (GCLocker Initiated GC) [PSYoungGen: 152479K->67015K(175616K)] 620025K->535034K(699904K), 0.0108456 secs] [Times: user=0.10 sys=0.01, real=0.01 secs] 
2016-09-25T21:45:18.090-0400: 16.504: [GC (GCLocker Initiated GC) [PSYoungGen: 163271K->54875K(180224K)] 636771K->542331K(704512K), 0.0068930 secs] [Times: user=0.06 sys=0.00, real=0.01 secs] 
2016-09-25T21:45:18.155-0400: 16.569: [GC (GCLocker Initiated GC) [PSYoungGen: 155739K->61629K(180224K)] 643336K->549669K(704512K), 0.0248569 secs] [Times: user=0.34 sys=0.00, real=0.02 secs] 
2016-09-25T21:45:18.249-0400: 16.663: [GC (GCLocker Initiated GC) [PSYoungGen: 162493K->56293K(178688K)] 655966K->555620K(702976K), 0.0082736 secs] [Times: user=0.09 sys=0.01, real=0.01 secs] 
2016-09-25T21:45:18.326-0400: 16.740: [Full GC (Ergonomics) [PSYoungGen: 159717K->0K(178688K)] [ParOldGen: 507565K->88421K(524288K)] 667282K->88421K(702976K), [Metaspace: 43238K->43238K(1085440K)], 0.0574981 secs] [Times: user=0.40 sys=0.01, real=0.06 secs] 
2016-09-25T21:45:18.447-0400: 16.862: [GC (GCLocker Initiated GC) [PSYoungGen: 103424K->69988K(180736K)] 191966K->158531K(705024K), 0.0081981 secs] [Times: user=0.12 sys=0.00, real=0.01 secs] 
2016-09-25T21:45:18.529-0400: 16.943: [GC (GCLocker Initiated GC) [PSYoungGen: 173412K->61698K(182784K)] 262014K->150965K(707072K), 0.0053778 secs] [Times: user=0.07 sys=0.00, real=0.00 secs] 
2016-09-25T21:45:18.597-0400: 17.011: [GC (GCLocker Initiated GC) [PSYoungGen: 164098K->57640K(160256K)] 256128K->152814K(684544K), 0.0200520 secs] [Times: user=0.22 sys=0.01, real=0.02 secs] 
2016-09-25T21:45:18.694-0400: 17.108: [GC (GCLocker Initiated GC) [PSYoungGen: 160040K->52276K(180736K)] 260688K->185864K(705024K), 0.0177200 secs] [Times: user=0.24 sys=0.00, real=0.02 secs] 
2016-09-25T21:45:18.790-0400: 17.204: [GC (GCLocker Initiated GC) [PSYoungGen: 155700K->41574K(179712K)] 300090K->205408K(704000K), 0.0052615 secs] [Times: user=0.07 sys=0.00, real=0.01 secs] 
2016-09-25T21:45:18.862-0400: 17.277: [GC (GCLocker Initiated GC) [PSYoungGen: 144998K->48018K(184832K)] 314281K->217839K(709120K), 0.0097126 secs] [Times: user=0.11 sys=0.00, real=0.00 secs] 
2016-09-25T21:45:18.959-0400: 17.374: [GC (GCLocker Initiated GC) [PSYoungGen: 156562K->56343K(165376K)] 326538K->226791K(689664K), 0.0080227 secs] [Times: user=0.09 sys=0.00, real=0.01 secs] 
2016-09-25T21:45:19.038-0400: 17.452: [GC (GCLocker Initiated GC) [PSYoungGen: 164887K->53671K(185856K)] 339954K->229218K(710144K), 0.0176419 secs] [Times: user=0.23 sys=0.00, real=0.02 secs] 
2016-09-25T21:45:19.145-0400: 17.559: [GC (GCLocker Initiated GC) [PSYoungGen: 164775K->56448K(184320K)] 347229K->239515K(708608K), 0.0074577 secs] [Times: user=0.09 sys=0.00, real=0.00 secs] 
2016-09-25T21:45:19.218-0400: 17.633: [GC (GCLocker Initiated GC) [PSYoungGen: 167552K->69956K(181760K)] 353403K->278017K(706048K), 0.0070146 secs] [Times: user=0.09 sys=0.01, real=0.01 secs] 
2016-09-25T21:45:19.313-0400: 17.728: [GC (GCLocker Initiated GC) [PSYoungGen: 180036K->49595K(185856K)] 390823K->279836K(710144K), 0.0076917 secs] [Times: user=0.07 sys=0.00, real=0.01 secs] 
2016-09-25T21:45:19.405-0400: 17.819: [GC (GCLocker Initiated GC) [PSYoungGen: 159675K->49759K(184320K)] 399389K->298096K(708608K), 0.0060454 secs] [Times: user=0.07 sys=0.00, real=0.00 secs] 
2016-09-25T21:45:19.500-0400: 17.914: [GC (GCLocker Initiated GC) [PSYoungGen: 161375K->48265K(185856K)] 415219K->321697K(710144K), 0.0078422 secs] [Times: user=0.11 sys=0.00, real=0.01 secs] 
2016-09-25T21:45:19.581-0400: 17.996: [GC (GCLocker Initiated GC) [PSYoungGen: 159881K->44289K(187392K)] 437186K->341069K(711680K), 0.0094947 secs] [Times: user=0.10 sys=0.00, real=0.01 secs] 
2016-09-25T21:45:19.664-0400: 18.078: [GC (GCLocker Initiated GC) [PSYoungGen: 158977K->63230K(178176K)] 458480K->363414K(702464K), 0.0143641 secs] [Times: user=0.22 sys=0.00, real=0.01 secs] 
2016-09-25T21:45:19.763-0400: 18.178: [GC (GCLocker Initiated GC) [PSYoungGen: 177918K->33503K(184320K)] 490315K->365386K(708608K), 0.0066168 secs] [Times: user=0.05 sys=0.00, real=0.00 secs] 
2016-09-25T21:45:19.853-0400: 18.268: [GC (GCLocker Initiated GC) [PSYoungGen: 143071K->46913K(185856K)] 474987K->395735K(710144K), 0.0080389 secs] [Times: user=0.07 sys=0.01, real=0.01 secs] 
2016-09-25T21:45:19.941-0400: 18.355: [GC (GCLocker Initiated GC) [PSYoungGen: 156481K->42954K(183296K)] 508066K->422105K(707584K), 0.0104930 secs] [Times: user=0.09 sys=0.00, real=0.01 secs] 
2016-09-25T21:45:20.041-0400: 18.456: [GC (GCLocker Initiated GC) [PSYoungGen: 153546K->56373K(184832K)] 532812K->449787K(709120K), 0.0126771 secs] [Times: user=0.04 sys=0.00, real=0.02 secs] 
2016-09-25T21:45:20.128-0400: 18.543: [GC (GCLocker Initiated GC) [PSYoungGen: 166965K->47107K(184832K)] 560978K->458007K(709120K), 0.0091657 secs] [Times: user=0.09 sys=0.01, real=0.01 secs] 
2016-09-25T21:45:20.209-0400: 18.623: [GC (GCLocker Initiated GC) [PSYoungGen: 160771K->53735K(186368K)] 571715K->481646K(710656K), 0.0089485 secs] [Times: user=0.11 sys=0.00, real=0.01 secs] 
2016-09-25T21:45:20.306-0400: 18.721: [GC (GCLocker Initiated GC) [PSYoungGen: 167399K->48437K(187392K)] 604996K->486647K(711680K), 0.0118906 secs] [Times: user=0.14 sys=0.00, real=0.01 secs] 
2016-09-25T21:45:20.410-0400: 18.824: [GC (GCLocker Initiated GC) [PSYoungGen: 166709K->64670K(188416K)] 606473K->516005K(712704K), 0.0073029 secs] [Times: user=0.10 sys=0.00, real=0.01 secs] 
2016-09-25T21:45:20.500-0400: 18.915: [GC (GCLocker Initiated GC) [PSYoungGen: 182942K->62005K(185856K)] 639740K->519518K(710144K), 0.0051802 secs] [Times: user=0.07 sys=0.00, real=0.01 secs] 
2016-09-25T21:45:20.581-0400: 18.995: [GC (GCLocker Initiated GC) [PSYoungGen: 174645K->56490K(187392K)] 632221K->525553K(711680K), 0.0104635 secs] [Times: user=0.08 sys=0.00, real=0.01 secs] 
2016-09-25T21:45:20.669-0400: 19.083: [GC (GCLocker Initiated GC) [PSYoungGen: 169130K->52505K(182784K)] 638387K->544118K(707072K), 0.0078661 secs] [Times: user=0.11 sys=0.00, real=0.01 secs] 
2016-09-25T21:45:20.750-0400: 19.164: [Full GC (Ergonomics) [PSYoungGen: 166169K->0K(182784K)] [ParOldGen: 491746K->99100K(524288K)] 657916K->99100K(707072K), [Metaspace: 43249K->43249K(1085440K)], 0.0643224 secs] [Times: user=0.47 sys=0.01, real=0.06 secs] 
2016-09-25T21:45:20.890-0400: 19.304: [GC (GCLocker Initiated GC) [PSYoungGen: 113664K->70746K(185344K)] 212871K->180754K(709632K), 0.0064743 secs] [Times: user=0.09 sys=0.01, real=0.01 secs] 
2016-09-25T21:45:20.980-0400: 19.395: [GC (GCLocker Initiated GC) [PSYoungGen: 184410K->43094K(185856K)] 305296K->176100K(710144K), 0.0067306 secs] [Times: user=0.03 sys=0.00, real=0.01 secs] 
2016-09-25T21:45:21.077-0400: 19.492: [GC (GCLocker Initiated GC) [PSYoungGen: 152662K->46996K(156672K)] 291070K->186273K(680960K), 0.0162468 secs] [Times: user=0.21 sys=0.01, real=0.01 secs] 
2016-09-25T21:45:21.174-0400: 19.589: [GC (GCLocker Initiated GC) [PSYoungGen: 156564K->63343K(183296K)] 295862K->203410K(707584K), 0.0057743 secs] [Times: user=0.08 sys=0.00, real=0.00 secs] 
2016-09-25T21:45:21.241-0400: 19.655: [GC (GCLocker Initiated GC) [PSYoungGen: 171375K->41675K(184832K)] 322341K->201416K(709120K), 0.0110673 secs] [Times: user=0.13 sys=0.00, real=0.01 secs] 
2016-09-25T21:45:21.321-0400: 19.735: [GC (GCLocker Initiated GC) [PSYoungGen: 149707K->32163K(183296K)] 318941K->215640K(707584K), 0.0181193 secs] [Times: user=0.17 sys=0.01, real=0.02 secs] 
2016-09-25T21:45:21.440-0400: 19.854: [GC (GCLocker Initiated GC) [PSYoungGen: 138659K->49457K(156160K)] 327644K->239028K(680448K), 0.0119143 secs] [Times: user=0.10 sys=0.00, real=0.01 secs] 
2016-09-25T21:45:21.509-0400: 19.923: [GC (GCLocker Initiated GC) [PSYoungGen: 155953K->68641K(178176K)] 351054K->264359K(702464K), 0.0081430 secs] [Times: user=0.11 sys=0.00, real=0.01 secs] 
2016-09-25T21:45:21.626-0400: 20.040: [GC (GCLocker Initiated GC) [PSYoungGen: 171041K->44309K(182272K)] 377692K->251549K(706560K), 0.0115890 secs] [Times: user=0.14 sys=0.00, real=0.01 secs] 
2016-09-25T21:45:21.701-0400: 20.115: [GC (GCLocker Initiated GC) [PSYoungGen: 146709K->59073K(180736K)] 356732K->280509K(705024K), 0.0061260 secs] [Times: user=0.08 sys=0.00, real=0.01 secs] 
2016-09-25T21:45:21.773-0400: 20.187: [GC (GCLocker Initiated GC) [PSYoungGen: 163009K->73973K(178176K)] 384480K->295955K(702464K), 0.0142921 secs] [Times: user=0.20 sys=0.01, real=0.02 secs] 
2016-09-25T21:45:21.891-0400: 20.305: [GC (GCLocker Initiated GC) [PSYoungGen: 177909K->26391K(174080K)] 408056K->267858K(698368K), 0.0050942 secs] [Times: user=0.05 sys=0.00, real=0.01 secs] 
2016-09-25T21:45:21.949-0400: 20.363: [GC (GCLocker Initiated GC) [PSYoungGen: 116503K->52183K(142336K)] 363466K->302323K(666624K), 0.0108949 secs] [Times: user=0.08 sys=0.00, real=0.01 secs] 
2016-09-25T21:45:22.065-0400: 20.479: [GC (GCLocker Initiated GC) [PSYoungGen: 142295K->50835K(177152K)] 395267K->304257K(701440K), 0.0106247 secs] [Times: user=0.14 sys=0.00, real=0.01 secs] 
2016-09-25T21:45:22.127-0400: 20.541: [GC (Allocation Failure) [PSYoungGen: 145553K->38586K(174592K)] 402645K->298782K(698880K), 0.0098486 secs] [Times: user=0.12 sys=0.00, real=0.01 secs] 
2016-09-25T21:45:22.212-0400: 20.626: [GC (GCLocker Initiated GC) [PSYoungGen: 132836K->54752K(180736K)] 395732K->318018K(705024K), 0.0112277 secs] [Times: user=0.11 sys=0.00, real=0.02 secs] 
2016-09-25T21:45:22.302-0400: 20.716: [GC (GCLocker Initiated GC) [PSYoungGen: 156128K->71033K(179200K)] 419510K->334798K(703488K), 0.0294143 secs] [Times: user=0.36 sys=0.00, real=0.03 secs] 
2016-09-25T21:45:22.411-0400: 20.825: [GC (GCLocker Initiated GC) [PSYoungGen: 172409K->46774K(181248K)] 444339K->332596K(705536K), 0.0267285 secs] [Times: user=0.26 sys=0.02, real=0.03 secs] 
2016-09-25T21:45:22.513-0400: 20.928: [GC (GCLocker Initiated GC) [PSYoungGen: 145078K->60398K(179200K)] 436453K->352263K(703488K), 0.0059962 secs] [Times: user=0.07 sys=0.01, real=0.01 secs] 
2016-09-25T21:45:22.576-0400: 20.991: [GC (GCLocker Initiated GC) [PSYoungGen: 158702K->45338K(179712K)] 453479K->343252K(704000K), 0.0090915 secs] [Times: user=0.06 sys=0.01, real=0.01 secs] 
2016-09-25T21:45:22.678-0400: 21.092: [GC (GCLocker Initiated GC) [PSYoungGen: 145178K->60329K(179200K)] 443144K->369555K(703488K), 0.0096166 secs] [Times: user=0.10 sys=0.00, real=0.01 secs] 
2016-09-25T21:45:22.762-0400: 21.176: [GC (GCLocker Initiated GC) [PSYoungGen: 160169K->36040K(182272K)] 476179K->376871K(706560K), 0.0055534 secs] [Times: user=0.06 sys=0.00, real=0.01 secs] 
2016-09-25T21:45:22.828-0400: 21.242: [GC (GCLocker Initiated GC) [PSYoungGen: 138440K->56280K(158720K)] 484868K->416636K(683008K), 0.0063840 secs] [Times: user=0.09 sys=0.01, real=0.01 secs] 
2016-09-25T21:45:22.901-0400: 21.315: [GC (GCLocker Initiated GC) [PSYoungGen: 158680K->61697K(180224K)] 519253K->433560K(704512K), 0.0092628 secs] [Times: user=0.09 sys=0.00, real=0.01 secs] 
2016-09-25T21:45:22.985-0400: 21.399: [GC (GCLocker Initiated GC) [PSYoungGen: 163072K->42672K(181248K)] 540733K->423444K(705536K), 0.0093823 secs] [Times: user=0.09 sys=0.00, real=0.01 secs] 
2016-09-25T21:45:23.057-0400: 21.471: [GC (GCLocker Initiated GC) [PSYoungGen: 144048K->52236K(177152K)] 527604K->436325K(701440K), 0.0064968 secs] [Times: user=0.05 sys=0.00, real=0.01 secs] 
2016-09-25T21:45:23.151-0400: 21.565: [GC (GCLocker Initiated GC) [PSYoungGen: 155660K->54792K(179712K)] 539787K->447443K(704000K), 0.0056961 secs] [Times: user=0.07 sys=0.00, real=0.01 secs] 
2016-09-25T21:45:23.221-0400: 21.635: [GC (GCLocker Initiated GC) [PSYoungGen: 158216K->40213K(183808K)] 559179K->473960K(708096K), 0.0063269 secs] [Times: user=0.08 sys=0.01, real=0.01 secs] 
2016-09-25T21:45:23.291-0400: 21.705: [GC (GCLocker Initiated GC) [PSYoungGen: 150805K->65742K(176640K)] 584556K->500068K(700928K), 0.0082090 secs] [Times: user=0.08 sys=0.00, real=0.01 secs] 
2016-09-25T21:45:23.379-0400: 21.794: [GC (GCLocker Initiated GC) [PSYoungGen: 176334K->56282K(185344K)] 610736K->491114K(709632K), 0.0056955 secs] [Times: user=0.07 sys=0.00, real=0.01 secs] 
2016-09-25T21:45:23.461-0400: 21.876: [GC (GCLocker Initiated GC) [PSYoungGen: 163802K->53703K(161280K)] 610907K->501324K(685568K), 0.0076011 secs] [Times: user=0.11 sys=0.00, real=0.01 secs] 
2016-09-25T21:45:23.547-0400: 21.961: [GC (GCLocker Initiated GC) [PSYoungGen: 161223K->44073K(182784K)] 612347K->509206K(707072K), 0.0119716 secs] [Times: user=0.10 sys=0.01, real=0.01 secs] 
2016-09-25T21:45:23.629-0400: 22.043: [GC (GCLocker Initiated GC) [PSYoungGen: 152105K->50879K(182272K)] 620350K->533105K(706560K), 0.0082883 secs] [Times: user=0.09 sys=0.00, real=0.01 secs] 
2016-09-25T21:45:23.698-0400: 22.113: [GC (GCLocker Initiated GC) [PSYoungGen: 158911K->46867K(186368K)] 645195K->563372K(710656K), 0.0089221 secs] [Times: user=0.12 sys=0.01, real=0.01 secs] 
2016-09-25T21:45:23.707-0400: 22.122: [Full GC (Ergonomics) [PSYoungGen: 46867K->0K(186368K)] [ParOldGen: 516505K->115621K(524288K)] 563372K->115621K(710656K), [Metaspace: 43255K->43255K(1085440K)], 0.0625287 secs] [Times: user=0.38 sys=0.02, real=0.06 secs] 
2016-09-25T21:45:23.859-0400: 22.274: [GC (GCLocker Initiated GC) [PSYoungGen: 114176K->40253K(185344K)] 236576K->162654K(709632K), 0.0045412 secs] [Times: user=0.04 sys=0.00, real=0.01 secs] 
2016-09-25T21:45:23.938-0400: 22.352: [GC (GCLocker Initiated GC) [PSYoungGen: 154429K->57702K(189440K)] 277052K->183729K(713728K), 0.0346947 secs] [Times: user=0.49 sys=0.00, real=0.03 secs] 
2016-09-25T21:45:24.058-0400: 22.472: [GC (GCLocker Initiated GC) [PSYoungGen: 175974K->56371K(189952K)] 303573K->184468K(714240K), 0.0056338 secs] [Times: user=0.08 sys=0.00, real=0.01 secs] 
2016-09-25T21:45:24.129-0400: 22.544: [GC (GCLocker Initiated GC) [PSYoungGen: 174643K->65715K(184320K)] 302880K->194494K(708608K), 0.0061986 secs] [Times: user=0.08 sys=0.00, real=0.01 secs] 
2016-09-25T21:45:24.210-0400: 22.624: [GC (GCLocker Initiated GC) [PSYoungGen: 178355K->44119K(187392K)] 309905K->186857K(711680K), 0.0150814 secs] [Times: user=0.17 sys=0.00, real=0.02 secs] 
2016-09-25T21:45:24.289-0400: 22.703: [GC (GCLocker Initiated GC) [PSYoungGen: 156759K->68529K(179712K)] 302239K->225368K(704000K), 0.0124029 secs] [Times: user=0.17 sys=0.00, real=0.01 secs] 
2016-09-25T21:45:24.383-0400: 22.797: [GC (GCLocker Initiated GC) [PSYoungGen: 174001K->50909K(183808K)] 341701K->246118K(708096K), 0.0060104 secs] [Times: user=0.08 sys=0.00, real=0.00 secs] 
2016-09-25T21:45:24.457-0400: 22.871: [GC (GCLocker Initiated GC) [PSYoungGen: 156381K->49646K(178688K)] 365129K->283174K(702976K), 0.0098071 secs] [Times: user=0.14 sys=0.00, real=0.01 secs] 
2016-09-25T21:45:24.543-0400: 22.957: [GC (GCLocker Initiated GC) [PSYoungGen: 157166K->72492K(182272K)] 390876K->306712K(706560K), 0.0064231 secs] [Times: user=0.07 sys=0.00, real=0.00 secs] 
2016-09-25T21:45:24.621-0400: 23.036: [GC (GCLocker Initiated GC) [PSYoungGen: 180012K->59062K(183296K)] 421003K->314007K(707584K), 0.0092332 secs] [Times: user=0.10 sys=0.01, real=0.01 secs] 
2016-09-25T21:45:24.689-0400: 23.103: [GC (GCLocker Initiated GC) [PSYoungGen: 162486K->54761K(158208K)] 418671K->316870K(682496K), 0.0098339 secs] [Times: user=0.06 sys=0.00, real=0.01 secs] 
2016-09-25T21:45:24.784-0400: 23.198: [GC (GCLocker Initiated GC) [PSYoungGen: 158185K->50770K(180736K)] 420411K->329662K(705024K), 0.0055170 secs] [Times: user=0.07 sys=0.00, real=0.00 secs] 
2016-09-25T21:45:24.860-0400: 23.275: [GC (GCLocker Initiated GC) [PSYoungGen: 155218K->41391K(179712K)] 440907K->327444K(704000K), 0.0076804 secs] [Times: user=0.04 sys=0.01, real=0.01 secs] 
2016-09-25T21:45:24.930-0400: 23.344: [GC (GCLocker Initiated GC) [PSYoungGen: 145839K->72540K(176640K)] 434684K->361852K(700928K), 0.0106335 secs] [Times: user=0.12 sys=0.02, real=0.01 secs] 
2016-09-25T21:45:25.012-0400: 23.427: [GC (GCLocker Initiated GC) [PSYoungGen: 173916K->57594K(181760K)] 463264K->358228K(706048K), 0.0059479 secs] [Times: user=0.06 sys=0.00, real=0.01 secs] 
2016-09-25T21:45:25.095-0400: 23.509: [GC (GCLocker Initiated GC) [PSYoungGen: 158968K->22706K(177152K)] 473328K->364481K(701440K), 0.0080997 secs] [Times: user=0.05 sys=0.00, real=0.01 secs] 
2016-09-25T21:45:25.162-0400: 23.576: [GC (GCLocker Initiated GC) [PSYoungGen: 121010K->64284K(162816K)] 462801K->406649K(687104K), 0.0100005 secs] [Times: user=0.06 sys=0.01, real=0.01 secs] 
2016-09-25T21:45:25.241-0400: 23.656: [GC (GCLocker Initiated GC) [PSYoungGen: 162588K->83221K(171520K)] 505057K->426116K(695808K), 0.0091442 secs] [Times: user=0.13 sys=0.00, real=0.01 secs] 
2016-09-25T21:45:25.313-0400: 23.727: [GC (GCLocker Initiated GC) [PSYoungGen: 171285K->44116K(175104K)] 518390K->421304K(699392K), 0.0060660 secs] [Times: user=0.09 sys=0.01, real=0.01 secs] 
2016-09-25T21:45:25.377-0400: 23.791: [GC (GCLocker Initiated GC) [PSYoungGen: 132180K->57618K(175104K)] 513476K->450174K(699392K), 0.0069549 secs] [Times: user=0.09 sys=0.01, real=0.01 secs] 
2016-09-25T21:45:25.451-0400: 23.865: [GC (GCLocker Initiated GC) [PSYoungGen: 145682K->46614K(135168K)] 538364K->442426K(659456K), 0.0087258 secs] [Times: user=0.07 sys=0.00, real=0.01 secs] 
2016-09-25T21:45:25.521-0400: 23.935: [GC (GCLocker Initiated GC) [PSYoungGen: 134678K->44155K(175616K)] 535926K->459314K(699904K), 0.0052664 secs] [Times: user=0.06 sys=0.00, real=0.01 secs] 
2016-09-25T21:45:25.583-0400: 23.998: [GC (GCLocker Initiated GC) [PSYoungGen: 133755K->52250K(142336K)] 552250K->495496K(666624K), 0.0078395 secs] [Times: user=0.08 sys=0.00, real=0.00 secs] 
2016-09-25T21:45:25.650-0400: 24.064: [GC (GCLocker Initiated GC) [PSYoungGen: 141850K->53607K(176640K)] 593303K->519086K(700928K), 0.0110845 secs] [Times: user=0.15 sys=0.00, real=0.01 secs] 
2016-09-25T21:45:25.723-0400: 24.137: [GC (GCLocker Initiated GC) [PSYoungGen: 148327K->77889K(173568K)] 616568K->562799K(697856K), 0.0089114 secs] [Times: user=0.13 sys=0.00, real=0.00 secs] 
2016-09-25T21:45:25.812-0400: 24.226: [GC (GCLocker Initiated GC) [PSYoungGen: 172609K->53574K(179200K)] 660498K->555382K(703488K), 0.0065455 secs] [Times: user=0.07 sys=0.00, real=0.01 secs] 
2016-09-25T21:45:25.819-0400: 24.233: [Full GC (Ergonomics) [PSYoungGen: 53574K->0K(179200K)] [ParOldGen: 501808K->122982K(524288K)] 555382K->122982K(703488K), [Metaspace: 43270K->43270K(1085440K)], 0.0593247 secs] [Times: user=0.39 sys=0.01, real=0.06 secs] 
2016-09-25T21:45:25.937-0400: 24.351: [GC (Allocation Failure) [PSYoungGen: 93696K->72677K(166400K)] 218095K->197077K(690688K), 0.0062135 secs] [Times: user=0.08 sys=0.00, real=0.01 secs] 
2016-09-25T21:45:25.944-0400: 24.358: [GC (GCLocker Initiated GC) [PSYoungGen: 73165K->160K(174592K)] 197564K->186077K(698880K), 0.0050606 secs] [Times: user=0.07 sys=0.00, real=0.00 secs] 
2016-09-25T21:45:25.999-0400: 24.413: [GC (GCLocker Initiated GC) [PSYoungGen: 87661K->57841K(175104K)] 274928K->245108K(699392K), 0.0057247 secs] [Times: user=0.06 sys=0.00, real=0.01 secs] 
2016-09-25T21:45:26.060-0400: 24.475: [GC (GCLocker Initiated GC) [PSYoungGen: 145905K->57591K(175104K)] 344206K->267449K(699392K), 0.0070829 secs] [Times: user=0.08 sys=0.00, real=0.01 secs] 
2016-09-25T21:45:26.128-0400: 24.543: [GC (GCLocker Initiated GC) [PSYoungGen: 145655K->79151K(175104K)] 355754K->289613K(699392K), 0.0102179 secs] [Times: user=0.12 sys=0.00, real=0.01 secs] 
2016-09-25T21:45:26.192-0400: 24.606: [GC (GCLocker Initiated GC) [PSYoungGen: 167215K->62888K(175104K)] 377721K->273741K(699392K), 0.0059557 secs] [Times: user=0.05 sys=0.00, real=0.01 secs] 
2016-09-25T21:45:26.258-0400: 24.672: [GC (GCLocker Initiated GC) [PSYoungGen: 150952K->24941K(175104K)] 371251K->248287K(699392K), 0.0051622 secs] [Times: user=0.02 sys=0.01, real=0.01 secs] 
2016-09-25T21:45:26.318-0400: 24.732: [GC (GCLocker Initiated GC) [PSYoungGen: 113005K->44018K(175104K)] 336393K->284071K(699392K), 0.0148871 secs] [Times: user=0.17 sys=0.01, real=0.01 secs] 
2016-09-25T21:45:26.408-0400: 24.823: [GC (GCLocker Initiated GC) [PSYoungGen: 132082K->48145K(175104K)] 379011K->308928K(699392K), 0.0073621 secs] [Times: user=0.10 sys=0.01, real=0.01 secs] 
2016-09-25T21:45:26.467-0400: 24.881: [GC (GCLocker Initiated GC) [PSYoungGen: 136209K->48113K(174080K)] 399725K->312052K(698368K), 0.0066324 secs] [Times: user=0.07 sys=0.00, real=0.00 secs] 
2016-09-25T21:45:26.531-0400: 24.945: [GC (GCLocker Initiated GC) [PSYoungGen: 136177K->61596K(174592K)] 400197K->344923K(698880K), 0.0096898 secs] [Times: user=0.11 sys=0.00, real=0.01 secs] 
2016-09-25T21:45:26.630-0400: 25.045: [GC (GCLocker Initiated GC) [PSYoungGen: 149660K->41292K(173056K)] 435877K->327843K(697344K), 0.0079767 secs] [Times: user=0.03 sys=0.01, real=0.01 secs] 
2016-09-25T21:45:26.684-0400: 25.098: [GC (Allocation Failure) [PSYoungGen: 129868K->67036K(174080K)] 424719K->362295K(698368K), 0.0090253 secs] [Times: user=0.12 sys=0.00, real=0.00 secs] 
2016-09-25T21:45:30.275-0400: 28.689: [GC (GCLocker Initiated GC) [PSYoungGen: 153411K->56191K(175104K)] 454070K->365348K(699392K), 0.0078135 secs] [Times: user=0.09 sys=0.00, real=0.01 secs] 
2016-09-25T21:45:30.358-0400: 28.772: [GC (GCLocker Initiated GC) [PSYoungGen: 145791K->45375K(135168K)] 455107K->355052K(659456K), 0.0059497 secs] [Times: user=0.06 sys=0.00, real=0.01 secs] 
2016-09-25T21:45:30.428-0400: 28.843: [GC (GCLocker Initiated GC) [PSYoungGen: 134975K->69688K(171008K)] 450155K->385245K(695296K), 0.0095300 secs] [Times: user=0.13 sys=0.00, real=0.01 secs] 
2016-09-25T21:45:30.504-0400: 28.919: [GC (GCLocker Initiated GC) [PSYoungGen: 157240K->65606K(174592K)] 472911K->389743K(698880K), 0.0130644 secs] [Times: user=0.17 sys=0.01, real=0.01 secs] 
2016-09-25T21:45:30.601-0400: 29.016: [GC (GCLocker Initiated GC) [PSYoungGen: 153158K->37237K(175104K)] 484047K->387399K(699392K), 0.0086044 secs] [Times: user=0.08 sys=0.02, real=0.01 secs] 
2016-09-25T21:45:30.674-0400: 29.088: [GC (GCLocker Initiated GC) [PSYoungGen: 125301K->44078K(132608K)] 486599K->405795K(656896K), 0.0082289 secs] [Times: user=0.07 sys=0.00, real=0.01 secs] 
2016-09-25T21:45:30.747-0400: 29.161: [GC (GCLocker Initiated GC) [PSYoungGen: 132142K->71064K(173056K)] 496738K->436082K(697344K), 0.0071203 secs] [Times: user=0.09 sys=0.01, real=0.01 secs] 
2016-09-25T21:45:30.816-0400: 29.230: [GC (GCLocker Initiated GC) [PSYoungGen: 158104K->64326K(174080K)] 528636K->462226K(698368K), 0.0093215 secs] [Times: user=0.14 sys=0.00, real=0.01 secs] 
2016-09-25T21:45:30.892-0400: 29.306: [GC (GCLocker Initiated GC) [PSYoungGen: 151366K->68408K(175104K)] 549404K->485734K(699392K), 0.0103539 secs] [Times: user=0.12 sys=0.00, real=0.02 secs] 
2016-09-25T21:45:30.965-0400: 29.380: [GC (GCLocker Initiated GC) [PSYoungGen: 156472K->75082K(175104K)] 573865K->503670K(699392K), 0.0077483 secs] [Times: user=0.09 sys=0.00, real=0.00 secs] 
2016-09-25T21:45:31.048-0400: 29.462: [GC (GCLocker Initiated GC) [PSYoungGen: 163146K->61657K(175104K)] 591857K->517761K(699392K), 0.0074837 secs] [Times: user=0.09 sys=0.01, real=0.01 secs] 
2016-09-25T21:45:31.138-0400: 29.552: [GC (GCLocker Initiated GC) [PSYoungGen: 149721K->64281K(175104K)] 608671K->523618K(699392K), 0.0062419 secs] [Times: user=0.08 sys=0.01, real=0.01 secs] 
2016-09-25T21:45:31.213-0400: 29.627: [GC (GCLocker Initiated GC) [PSYoungGen: 152345K->53447K(175104K)] 614414K->540192K(699392K), 0.0069567 secs] [Times: user=0.08 sys=0.01, real=0.01 secs] 
2016-09-25T21:45:31.220-0400: 29.635: [Full GC (Ergonomics) [PSYoungGen: 53447K->0K(175104K)] [ParOldGen: 486744K->136440K(524288K)] 540192K->136440K(699392K), [Metaspace: 43278K->43278K(1085440K)], 0.0702194 secs] [Times: user=0.47 sys=0.00, real=0.07 secs] 
2016-09-25T21:45:31.356-0400: 29.770: [GC (Allocation Failure) [PSYoungGen: 88064K->72713K(175104K)] 227293K->211942K(699392K), 0.0119726 secs] [Times: user=0.16 sys=0.00, real=0.01 secs] 
2016-09-25T21:45:31.368-0400: 29.783: [GC (GCLocker Initiated GC) [PSYoungGen: 73080K->64K(175104K)] 212309K->207592K(699392K), 0.0059909 secs] [Times: user=0.07 sys=0.01, real=0.01 secs] 
2016-09-25T21:45:31.445-0400: 29.859: [GC (GCLocker Initiated GC) [PSYoungGen: 88128K->60486K(175104K)] 295660K->268018K(699392K), 0.0295438 secs] [Times: user=0.37 sys=0.00, real=0.03 secs] 
2016-09-25T21:45:31.533-0400: 29.948: [GC (GCLocker Initiated GC) [PSYoungGen: 148550K->49398K(175104K)] 356115K->260252K(699392K), 0.0105658 secs] [Times: user=0.12 sys=0.00, real=0.02 secs] 
2016-09-25T21:45:31.625-0400: 30.039: [GC (GCLocker Initiated GC) [PSYoungGen: 137462K->44116K(175104K)] 360661K->294681K(699392K), 0.0088313 secs] [Times: user=0.12 sys=0.00, real=0.00 secs] 
2016-09-25T21:45:31.695-0400: 30.109: [GC (GCLocker Initiated GC) [PSYoungGen: 132179K->46549K(175104K)] 385686K->313960K(699392K), 0.0074407 secs] [Times: user=0.05 sys=0.00, real=0.01 secs] 
2016-09-25T21:45:31.771-0400: 30.185: [GC (GCLocker Initiated GC) [PSYoungGen: 134613K->38608K(175104K)] 411619K->315967K(699392K), 0.0111437 secs] [Times: user=0.11 sys=0.00, real=0.02 secs] 
2016-09-25T21:45:31.854-0400: 30.268: [GC (GCLocker Initiated GC) [PSYoungGen: 126672K->57540K(173056K)] 410957K->342201K(697344K), 0.0089442 secs] [Times: user=0.09 sys=0.00, real=0.02 secs] 
2016-09-25T21:45:31.938-0400: 30.352: [GC (GCLocker Initiated GC) [PSYoungGen: 145604K->61578K(174080K)] 430269K->346611K(698368K), 0.0083697 secs] [Times: user=0.12 sys=0.00, real=0.01 secs] 
2016-09-25T21:45:32.013-0400: 30.428: [GC (GCLocker Initiated GC) [PSYoungGen: 149642K->56189K(172032K)] 438783K->345678K(696320K), 0.0064501 secs] [Times: user=0.07 sys=0.00, real=0.01 secs] 
2016-09-25T21:45:32.092-0400: 30.506: [GC (GCLocker Initiated GC) [PSYoungGen: 146301K->23865K(174080K)] 442555K->331318K(698368K), 0.0116599 secs] [Times: user=0.13 sys=0.00, real=0.02 secs] 
2016-09-25T21:45:32.169-0400: 30.584: [GC (GCLocker Initiated GC) [PSYoungGen: 113977K->34333K(177152K)] 429566K->350342K(701440K), 0.0071095 secs] [Times: user=0.06 sys=0.00, real=0.01 secs] 
2016-09-25T21:45:32.257-0400: 30.671: [GC (GCLocker Initiated GC) [PSYoungGen: 125469K->42689K(134144K)] 446925K->364496K(658432K), 0.0053008 secs] [Times: user=0.06 sys=0.00, real=0.01 secs] 
2016-09-25T21:45:32.334-0400: 30.748: [GC (GCLocker Initiated GC) [PSYoungGen: 133825K->39655K(175616K)] 458428K->375410K(699904K), 0.0472851 secs] [Times: user=0.52 sys=0.00, real=0.05 secs] 
2016-09-25T21:45:32.456-0400: 30.870: [GC (GCLocker Initiated GC) [PSYoungGen: 132839K->73846K(173568K)] 475491K->419567K(697856K), 0.0103675 secs] [Times: user=0.11 sys=0.01, real=0.01 secs] 
2016-09-25T21:45:32.547-0400: 30.961: [GC (GCLocker Initiated GC) [PSYoungGen: 167030K->46878K(178176K)] 519522K->429505K(702464K), 0.0122084 secs] [Times: user=0.18 sys=0.00, real=0.01 secs] 
2016-09-25T21:45:32.628-0400: 31.042: [GC (GCLocker Initiated GC) [PSYoungGen: 138014K->63047K(175104K)] 527455K->452854K(699392K), 0.0065137 secs] [Times: user=0.09 sys=0.00, real=0.01 secs] 
2016-09-25T21:45:32.705-0400: 31.120: [GC (GCLocker Initiated GC) [PSYoungGen: 154183K->66946K(173568K)] 544017K->457206K(697856K), 0.0075551 secs] [Times: user=0.07 sys=0.00, real=0.00 secs] 
2016-09-25T21:45:32.785-0400: 31.200: [GC (GCLocker Initiated GC) [PSYoungGen: 155010K->57496K(175104K)] 545494K->448319K(699392K), 0.0113554 secs] [Times: user=0.16 sys=0.00, real=0.01 secs] 
2016-09-25T21:45:32.872-0400: 31.287: [GC (GCLocker Initiated GC) [PSYoungGen: 145560K->72454K(174080K)] 539245K->477311K(698368K), 0.0159429 secs] [Times: user=0.21 sys=0.00, real=0.02 secs] 
2016-09-25T21:45:32.956-0400: 31.371: [GC (GCLocker Initiated GC) [PSYoungGen: 160518K->52109K(175104K)] 576420K->471063K(699392K), 0.0075642 secs] [Times: user=0.07 sys=0.00, real=0.01 secs] 
2016-09-25T21:45:33.050-0400: 31.464: [GC (GCLocker Initiated GC) [PSYoungGen: 140173K->68361K(175104K)] 559222K->487803K(699392K), 0.0109395 secs] [Times: user=0.14 sys=0.00, real=0.01 secs] 
2016-09-25T21:45:33.132-0400: 31.546: [GC (GCLocker Initiated GC) [PSYoungGen: 156425K->75091K(175104K)] 576008K->495059K(699392K), 0.0265134 secs] [Times: user=0.38 sys=0.00, real=0.03 secs] 
2016-09-25T21:45:33.227-0400: 31.642: [GC (GCLocker Initiated GC) [PSYoungGen: 163155K->58847K(175104K)] 583179K->508981K(699392K), 0.0111676 secs] [Times: user=0.15 sys=0.01, real=0.01 secs] 
2016-09-25T21:45:33.314-0400: 31.729: [GC (GCLocker Initiated GC) [PSYoungGen: 146911K->57575K(145920K)] 602582K->535194K(670208K), 0.0098385 secs] [Times: user=0.11 sys=0.00, real=0.01 secs] 
2016-09-25T21:45:33.404-0400: 31.819: [Full GC (Ergonomics) [PSYoungGen: 145639K->0K(145920K)] [ParOldGen: 492596K->149658K(524288K)] 638236K->149658K(670208K), [Metaspace: 43287K->43287K(1085440K)], 0.0747907 secs] [Times: user=0.54 sys=0.00, real=0.07 secs] 
2016-09-25T21:45:33.551-0400: 31.966: [GC (GCLocker Initiated GC) [PSYoungGen: 88064K->63026K(175616K)] 240554K->215517K(699904K), 0.0096831 secs] [Times: user=0.10 sys=0.01, real=0.01 secs] 
2016-09-25T21:45:33.625-0400: 32.039: [GC (GCLocker Initiated GC) [PSYoungGen: 152114K->52219K(141312K)] 313305K->235599K(665600K), 0.0101504 secs] [Times: user=0.14 sys=0.00, real=0.01 secs] 
2016-09-25T21:45:33.716-0400: 32.130: [GC (GCLocker Initiated GC) [PSYoungGen: 141307K->34580K(172544K)] 331510K->249522K(696832K), 0.0086879 secs] [Times: user=0.11 sys=0.01, real=0.01 secs] 
2016-09-25T21:45:33.790-0400: 32.204: [GC (GCLocker Initiated GC) [PSYoungGen: 123156K->65708K(174080K)] 340914K->283808K(698368K), 0.0109325 secs] [Times: user=0.16 sys=0.00, real=0.01 secs] 
2016-09-25T21:45:33.872-0400: 32.286: [GC (GCLocker Initiated GC) [PSYoungGen: 154284K->41376K(176128K)] 376129K->282533K(700416K), 0.0055315 secs] [Times: user=0.07 sys=0.00, real=0.01 secs] 
2016-09-25T21:45:33.938-0400: 32.352: [GC (GCLocker Initiated GC) [PSYoungGen: 131488K->45266K(135680K)] 378138K->294972K(659968K), 0.0195905 secs] [Times: user=0.24 sys=0.00, real=0.02 secs] 
2016-09-25T21:45:34.045-0400: 32.460: [GC (GCLocker Initiated GC) [PSYoungGen: 135378K->48203K(176640K)] 392446K->324575K(700928K), 0.0086465 secs] [Times: user=0.12 sys=0.00, real=0.01 secs] 
2016-09-25T21:45:34.143-0400: 32.558: [GC (GCLocker Initiated GC) [PSYoungGen: 140363K->72318K(174592K)] 419616K->352003K(698880K), 0.0062008 secs] [Times: user=0.07 sys=0.00, real=0.00 secs] 
2016-09-25T21:45:34.211-0400: 32.625: [GC (GCLocker Initiated GC) [PSYoungGen: 164478K->52132K(177152K)] 447049K->337722K(701440K), 0.0312106 secs] [Times: user=0.37 sys=0.00, real=0.03 secs] 
2016-09-25T21:45:34.338-0400: 32.752: [GC (GCLocker Initiated GC) [PSYoungGen: 143780K->50859K(142848K)] 433462K->340845K(667136K), 0.0144986 secs] [Times: user=0.17 sys=0.00, real=0.01 secs] 
2016-09-25T21:45:34.417-0400: 32.831: [GC (GCLocker Initiated GC) [PSYoungGen: 142507K->60277K(175104K)] 439384K->368382K(699392K), 0.0077919 secs] [Times: user=0.10 sys=0.00, real=0.01 secs] 
2016-09-25T21:45:34.506-0400: 32.921: [GC (GCLocker Initiated GC) [PSYoungGen: 153461K->53495K(174592K)] 467140K->394564K(698880K), 0.0108756 secs] [Times: user=0.12 sys=0.02, real=0.01 secs] 
2016-09-25T21:45:34.609-0400: 33.023: [GC (GCLocker Initiated GC) [PSYoungGen: 146679K->31735K(176128K)] 490481K->389394K(700416K), 0.0074674 secs] [Times: user=0.06 sys=0.00, real=0.01 secs] 
2016-09-25T21:45:34.670-0400: 33.085: [GC (GCLocker Initiated GC) [PSYoungGen: 129015K->57622K(177664K)] 489817K->424245K(701952K), 0.0114697 secs] [Times: user=0.12 sys=0.01, real=0.01 secs] 
2016-09-25T21:45:34.776-0400: 33.190: [GC (GCLocker Initiated GC) [PSYoungGen: 154902K->58959K(181248K)] 521636K->447743K(705536K), 0.0117385 secs] [Times: user=0.15 sys=0.01, real=0.01 secs] 
2016-09-25T21:45:34.860-0400: 33.275: [GC (GCLocker Initiated GC) [PSYoungGen: 161359K->77891K(180736K)] 550183K->467088K(705024K), 0.0064904 secs] [Times: user=0.09 sys=0.01, real=0.01 secs] 
2016-09-25T21:45:34.961-0400: 33.375: [GC (GCLocker Initiated GC) [PSYoungGen: 180291K->50808K(176640K)] 574993K->472922K(700928K), 0.0245926 secs] [Times: user=0.24 sys=0.00, real=0.03 secs] 
2016-09-25T21:45:35.070-0400: 33.484: [GC (GCLocker Initiated GC) [PSYoungGen: 146040K->52253K(178688K)] 576443K->491215K(702976K), 0.0101607 secs] [Times: user=0.14 sys=0.00, real=0.01 secs] 
2016-09-25T21:45:35.149-0400: 33.563: [GC (GCLocker Initiated GC) [PSYoungGen: 147485K->77859K(169472K)] 586534K->517356K(693760K), 0.0154749 secs] [Times: user=0.21 sys=0.02, real=0.02 secs] 
2016-09-25T21:45:35.261-0400: 33.675: [GC (GCLocker Initiated GC) [PSYoungGen: 165923K->54799K(175104K)] 605599K->513772K(699392K), 0.0140852 secs] [Times: user=0.17 sys=0.01, real=0.02 secs] 
2016-09-25T21:45:35.334-0400: 33.749: [GC (GCLocker Initiated GC) [PSYoungGen: 142863K->49495K(170496K)] 601893K->533192K(694784K), 0.0064158 secs] [Times: user=0.07 sys=0.00, real=0.00 secs] 
2016-09-25T21:45:35.455-0400: 33.870: [Full GC (Ergonomics) [PSYoungGen: 140119K->0K(170496K)] [ParOldGen: 497226K->151346K(524288K)] 637346K->151346K(694784K), [Metaspace: 43299K->43299K(1085440K)], 0.0778184 secs] [Times: user=0.56 sys=0.01, real=0.07 secs] 
2016-09-25T21:45:35.591-0400: 34.005: [GC (GCLocker Initiated GC) [PSYoungGen: 90624K->53654K(174080K)] 242806K->205837K(698368K), 0.0175297 secs] [Times: user=0.22 sys=0.01, real=0.02 secs] 
2016-09-25T21:45:35.673-0400: 34.087: [GC (GCLocker Initiated GC) [PSYoungGen: 144278K->52017K(174592K)] 296662K->209015K(698880K), 0.0091843 secs] [Times: user=0.05 sys=0.00, real=0.02 secs] 
2016-09-25T21:45:35.764-0400: 34.178: [GC (GCLocker Initiated GC) [PSYoungGen: 149809K->54879K(177152K)] 309741K->216558K(701440K), 0.0089479 secs] [Times: user=0.08 sys=0.00, real=0.00 secs] 
2016-09-25T21:45:35.852-0400: 34.267: [GC (GCLocker Initiated GC) [PSYoungGen: 152671K->46717K(181248K)] 319775K->214180K(705536K), 0.0061399 secs] [Times: user=0.07 sys=0.00, real=0.01 secs] 
2016-09-25T21:45:35.938-0400: 34.352: [GC (GCLocker Initiated GC) [PSYoungGen: 152189K->50810K(182272K)] 323945K->236451K(706560K), 0.0256089 secs] [Times: user=0.34 sys=0.00, real=0.03 secs] 
2016-09-25T21:45:36.033-0400: 34.448: [GC (GCLocker Initiated GC) [PSYoungGen: 156282K->50893K(182784K)] 341975K->237022K(707072K), 0.0147488 secs] [Times: user=0.17 sys=0.00, real=0.02 secs] 
2016-09-25T21:45:36.140-0400: 34.554: [GC (GCLocker Initiated GC) [PSYoungGen: 160973K->54958K(183808K)] 356615K->251111K(708096K), 0.0055107 secs] [Times: user=0.08 sys=0.00, real=0.01 secs] 
2016-09-25T21:45:36.248-0400: 34.663: [GC (GCLocker Initiated GC) [PSYoungGen: 165038K->29028K(184832K)] 370699K->240486K(709120K), 0.0097779 secs] [Times: user=0.07 sys=0.00, real=0.01 secs] 
2016-09-25T21:45:36.365-0400: 34.780: [GC (GCLocker Initiated GC) [PSYoungGen: 141668K->56272K(187392K)] 359977K->275011K(711680K), 0.0086512 secs] [Times: user=0.11 sys=0.00, real=0.00 secs] 
2016-09-25T21:45:36.456-0400: 34.870: [GC (GCLocker Initiated GC) [PSYoungGen: 168912K->46859K(183808K)] 394546K->272975K(708096K), 0.0103460 secs] [Times: user=0.12 sys=0.01, real=0.01 secs] 
2016-09-25T21:45:36.553-0400: 34.967: [GC (GCLocker Initiated GC) [PSYoungGen: 160011K->49581K(185856K)] 394464K->298014K(710144K), 0.0067127 secs] [Times: user=0.07 sys=0.00, real=0.01 secs] 
2016-09-25T21:45:36.656-0400: 35.070: [GC (GCLocker Initiated GC) [PSYoungGen: 162733K->48220K(185856K)] 416606K->302586K(710144K), 0.0078914 secs] [Times: user=0.06 sys=0.01, real=0.01 secs] 
2016-09-25T21:45:36.744-0400: 35.158: [GC (GCLocker Initiated GC) [PSYoungGen: 166492K->67085K(187904K)] 420893K->332736K(712192K), 0.0072987 secs] [Times: user=0.08 sys=0.00, real=0.00 secs] 
2016-09-25T21:45:36.841-0400: 35.255: [GC (GCLocker Initiated GC) [PSYoungGen: 185357K->52270K(190464K)] 459186K->342769K(714752K), 0.0080183 secs] [Times: user=0.11 sys=0.00, real=0.01 secs] 
2016-09-25T21:45:36.933-0400: 35.347: [GC (GCLocker Initiated GC) [PSYoungGen: 169006K->57467K(188416K)] 459616K->348519K(712704K), 0.0128306 secs] [Times: user=0.12 sys=0.01, real=0.02 secs] 
2016-09-25T21:45:37.050-0400: 35.464: [GC (GCLocker Initiated GC) [PSYoungGen: 174203K->41350K(188416K)] 476116K->346466K(712704K), 0.0126733 secs] [Times: user=0.12 sys=0.01, real=0.02 secs] 
2016-09-25T21:45:37.147-0400: 35.562: [GC (GCLocker Initiated GC) [PSYoungGen: 158086K->65748K(182784K)] 463294K->390330K(707072K), 0.0099151 secs] [Times: user=0.11 sys=0.00, real=0.01 secs] 
2016-09-25T21:45:37.261-0400: 35.675: [GC (GCLocker Initiated GC) [PSYoungGen: 182484K->37434K(186368K)] 519243K->382745K(710656K), 0.0062038 secs] [Times: user=0.06 sys=0.01, real=0.01 secs] 
2016-09-25T21:45:37.360-0400: 35.775: [GC (GCLocker Initiated GC) [PSYoungGen: 149050K->41275K(186880K)] 495734K->388479K(711168K), 0.0208562 secs] [Times: user=0.27 sys=0.00, real=0.02 secs] 
2016-09-25T21:45:37.466-0400: 35.880: [GC (GCLocker Initiated GC) [PSYoungGen: 152891K->49653K(182784K)] 509591K->414813K(707072K), 0.0105234 secs] [Times: user=0.06 sys=0.01, real=0.01 secs] 
2016-09-25T21:45:37.564-0400: 35.978: [GC (GCLocker Initiated GC) [PSYoungGen: 161781K->68498K(184832K)] 532373K->444948K(709120K), 0.0090924 secs] [Times: user=0.12 sys=0.00, real=0.00 secs] 
2016-09-25T21:45:37.678-0400: 36.092: [GC (GCLocker Initiated GC) [PSYoungGen: 180626K->49518K(186880K)] 559846K->439983K(711168K), 0.0098596 secs] [Times: user=0.11 sys=0.00, real=0.01 secs] 
2016-09-25T21:45:37.771-0400: 36.185: [GC (GCLocker Initiated GC) [PSYoungGen: 159086K->46817K(156672K)] 553804K->458181K(680960K), 0.0148344 secs] [Times: user=0.18 sys=0.00, real=0.02 secs] 
2016-09-25T21:45:37.866-0400: 36.280: [GC (GCLocker Initiated GC) [PSYoungGen: 156385K->47990K(184832K)] 573378K->478920K(709120K), 0.0094663 secs] [Times: user=0.06 sys=0.00, real=0.01 secs] 
2016-09-25T21:45:37.960-0400: 36.375: [GC (GCLocker Initiated GC) [PSYoungGen: 159094K->37177K(183296K)] 602228K->483399K(707584K), 0.0146954 secs] [Times: user=0.12 sys=0.01, real=0.02 secs] 
2016-09-25T21:45:38.053-0400: 36.468: [GC (GCLocker Initiated GC) [PSYoungGen: 148281K->53376K(188928K)] 594536K->500030K(713216K), 0.0178018 secs] [Times: user=0.19 sys=0.00, real=0.02 secs] 
2016-09-25T21:45:38.168-0400: 36.582: [GC (GCLocker Initiated GC) [PSYoungGen: 170624K->31847K(188928K)] 624178K->496647K(713216K), 0.0291901 secs] [Times: user=0.28 sys=0.00, real=0.03 secs] 
2016-09-25T21:45:38.289-0400: 36.704: [GC (GCLocker Initiated GC) [PSYoungGen: 149095K->52046K(189440K)] 613981K->528209K(713728K), 0.0185138 secs] [Times: user=0.17 sys=0.00, real=0.02 secs] 
2016-09-25T21:45:38.394-0400: 36.808: [GC (GCLocker Initiated GC) [PSYoungGen: 169806K->53603K(189440K)] 648722K->535701K(713728K), 0.0078234 secs] [Times: user=0.07 sys=0.00, real=0.01 secs] 
2016-09-25T21:45:38.487-0400: 36.902: [GC (GCLocker Initiated GC) [PSYoungGen: 171363K->53737K(189952K)] 653556K->552763K(714240K), 0.0164969 secs] [Times: user=0.18 sys=0.00, real=0.02 secs] 
2016-09-25T21:45:38.618-0400: 37.033: [Full GC (Ergonomics) [PSYoungGen: 173033K->0K(189952K)] [ParOldGen: 504440K->158274K(524288K)] 677473K->158274K(714240K), [Metaspace: 43448K->43448K(1085440K)], 0.0678872 secs] [Times: user=0.44 sys=0.01, real=0.07 secs] 
2016-09-25T21:45:38.788-0400: 37.202: [GC (GCLocker Initiated GC) [PSYoungGen: 119296K->66683K(186368K)] 280307K->227695K(710656K), 0.0062757 secs] [Times: user=0.07 sys=0.00, real=0.01 secs] 
2016-09-25T21:45:38.900-0400: 37.315: [GC (GCLocker Initiated GC) [PSYoungGen: 185979K->65908K(181248K)] 347032K->232334K(705536K), 0.0068977 secs] [Times: user=0.08 sys=0.00, real=0.01 secs] 
2016-09-25T21:45:38.998-0400: 37.412: [GC (GCLocker Initiated GC) [PSYoungGen: 172404K->41891K(184320K)] 340910K->229973K(708608K), 0.0069904 secs] [Times: user=0.07 sys=0.00, real=0.01 secs] 
2016-09-25T21:45:39.095-0400: 37.509: [GC (GCLocker Initiated GC) [PSYoungGen: 148387K->57760K(182784K)] 336603K->262990K(707072K), 0.0066422 secs] [Times: user=0.08 sys=0.00, real=0.00 secs] 
2016-09-25T21:45:39.196-0400: 37.610: [GC (GCLocker Initiated GC) [PSYoungGen: 164768K->37639K(183808K)] 372899K->270689K(708096K), 0.0097990 secs] [Times: user=0.09 sys=0.00, real=0.01 secs] 
2016-09-25T21:45:39.294-0400: 37.709: [GC (GCLocker Initiated GC) [PSYoungGen: 144647K->33350K(184320K)] 383664K->273092K(708608K), 0.0111265 secs] [Times: user=0.05 sys=0.00, real=0.01 secs] 
2016-09-25T21:45:39.422-0400: 37.837: [GC (GCLocker Initiated GC) [PSYoungGen: 140870K->72561K(180224K)] 380741K->313046K(704512K), 0.0092515 secs] [Times: user=0.08 sys=0.00, real=0.00 secs] 
2016-09-25T21:45:39.517-0400: 37.932: [GC (GCLocker Initiated GC) [PSYoungGen: 180081K->42939K(180736K)] 423311K->300264K(705024K), 0.0129004 secs] [Times: user=0.10 sys=0.00, real=0.01 secs] 
2016-09-25T21:45:39.646-0400: 38.060: [GC (GCLocker Initiated GC) [PSYoungGen: 141755K->44439K(143360K)] 410012K->332357K(667648K), 0.0339724 secs] [Times: user=0.42 sys=0.00, real=0.03 secs] 
2016-09-25T21:45:39.786-0400: 38.201: [GC (GCLocker Initiated GC) [PSYoungGen: 143255K->61963K(176640K)] 431261K->350784K(700928K), 0.0139712 secs] [Times: user=0.09 sys=0.00, real=0.01 secs] 
2016-09-25T21:45:39.900-0400: 38.315: [GC (GCLocker Initiated GC) [PSYoungGen: 159243K->55576K(178176K)] 453350K->355811K(702464K), 0.0068915 secs] [Times: user=0.07 sys=0.01, real=0.01 secs] 
2016-09-25T21:45:39.996-0400: 38.410: [GC (GCLocker Initiated GC) [PSYoungGen: 152856K->70023K(174080K)] 453133K->371137K(698368K), 0.0107703 secs] [Times: user=0.15 sys=0.00, real=0.01 secs] 
2016-09-25T21:45:40.107-0400: 38.522: [GC (GCLocker Initiated GC) [PSYoungGen: 164231K->64659K(159232K)] 468098K->380011K(683520K), 0.0092447 secs] [Times: user=0.12 sys=0.00, real=0.01 secs] 
2016-09-25T21:45:40.197-0400: 38.611: [GC (GCLocker Initiated GC) [PSYoungGen: 158867K->53924K(180224K)] 479780K->397198K(704512K), 0.0112161 secs] [Times: user=0.13 sys=0.00, real=0.01 secs] 
2016-09-25T21:45:40.322-0400: 38.737: [GC (GCLocker Initiated GC) [PSYoungGen: 149156K->43093K(138752K)] 503339K->408902K(663040K), 0.0063735 secs] [Times: user=0.08 sys=0.00, real=0.00 secs] 
2016-09-25T21:45:40.399-0400: 38.814: [GC (GCLocker Initiated GC) [PSYoungGen: 138325K->63340K(176128K)] 512439K->438257K(700416K), 0.0077440 secs] [Times: user=0.08 sys=0.00, real=0.01 secs] 
2016-09-25T21:45:40.521-0400: 38.936: [GC (GCLocker Initiated GC) [PSYoungGen: 158060K->79488K(174592K)] 535752K->460633K(698880K), 0.0153429 secs] [Times: user=0.19 sys=0.01, real=0.02 secs] 
2016-09-25T21:45:40.623-0400: 39.037: [GC (GCLocker Initiated GC) [PSYoungGen: 174208K->41700K(175104K)] 562111K->438339K(699392K), 0.0117754 secs] [Times: user=0.12 sys=0.00, real=0.01 secs] 
2016-09-25T21:45:40.765-0400: 39.181: [GC (GCLocker Initiated GC) [PSYoungGen: 129764K->36035K(175104K)] 529109K->436053K(699392K), 0.0185817 secs] [Times: user=0.19 sys=0.01, real=0.02 secs] 
2016-09-25T21:45:40.845-0400: 39.259: [GC (GCLocker Initiated GC) [PSYoungGen: 124099K->52231K(171008K)] 526846K->455640K(695296K), 0.0074194 secs] [Times: user=0.06 sys=0.00, real=0.00 secs] 
2016-09-25T21:45:40.916-0400: 39.330: [GC (GCLocker Initiated GC) [PSYoungGen: 140295K->45710K(173056K)] 549692K->474546K(697344K), 0.0075822 secs] [Times: user=0.08 sys=0.00, real=0.01 secs] 
2016-09-25T21:45:41.000-0400: 39.415: [GC (GCLocker Initiated GC) [PSYoungGen: 133774K->68450K(173056K)] 565390K->511490K(697344K), 0.0098142 secs] [Times: user=0.12 sys=0.02, real=0.01 secs] 
2016-09-25T21:45:41.108-0400: 39.522: [GC (GCLocker Initiated GC) [PSYoungGen: 158562K->56296K(176128K)] 607206K->505410K(700416K), 0.0077540 secs] [Times: user=0.09 sys=0.00, real=0.01 secs] 
2016-09-25T21:45:41.201-0400: 39.616: [GC (GCLocker Initiated GC) [PSYoungGen: 146408K->69897K(172544K)] 600977K->535796K(696832K), 0.0171798 secs] [Times: user=0.24 sys=0.00, real=0.02 secs] 
2016-09-25T21:45:41.300-0400: 39.714: [GC (GCLocker Initiated GC) [PSYoungGen: 158985K->57658K(175616K)] 624982K->540366K(699904K), 0.0076981 secs] [Times: user=0.08 sys=0.00, real=0.01 secs] 
2016-09-25T21:45:41.379-0400: 39.793: [GC (GCLocker Initiated GC) [PSYoungGen: 146746K->69838K(173056K)] 629499K->566562K(697344K), 0.0096422 secs] [Times: user=0.12 sys=0.01, real=0.01 secs] 
2016-09-25T21:45:41.389-0400: 39.803: [Full GC (Ergonomics) [PSYoungGen: 69838K->0K(173056K)] [ParOldGen: 496723K->179366K(524288K)] 566562K->179366K(697344K), [Metaspace: 43453K->43453K(1085440K)], 0.0709239 secs] [Times: user=0.45 sys=0.01, real=0.07 secs] 
2016-09-25T21:45:41.533-0400: 39.947: [GC (GCLocker Initiated GC) [PSYoungGen: 89088K->53957K(175616K)] 273938K->238808K(699904K), 0.0064428 secs] [Times: user=0.05 sys=0.00, real=0.01 secs] 
2016-09-25T21:45:41.623-0400: 40.037: [GC (GCLocker Initiated GC) [PSYoungGen: 143045K->61741K(173568K)] 327974K->265095K(697856K), 0.0069026 secs] [Times: user=0.09 sys=0.00, real=0.00 secs] 
2016-09-25T21:45:41.704-0400: 40.118: [GC (GCLocker Initiated GC) [PSYoungGen: 153389K->37375K(174592K)] 362184K->273657K(698880K), 0.0105772 secs] [Times: user=0.07 sys=0.00, real=0.01 secs] 
2016-09-25T21:45:41.791-0400: 40.206: [GC (Allocation Failure) [PSYoungGen: 129023K->22713K(172032K)] 385855K->307094K(696320K), 0.0073071 secs] [Times: user=0.09 sys=0.00, real=0.01 secs] 
2016-09-25T21:45:41.886-0400: 40.300: [GC (GCLocker Initiated GC) [PSYoungGen: 108176K->52093K(140288K)] 395258K->339783K(664576K), 0.0068963 secs] [Times: user=0.06 sys=0.00, real=0.00 secs] 
2016-09-25T21:45:41.966-0400: 40.381: [GC (GCLocker Initiated GC) [PSYoungGen: 140157K->67109K(172032K)] 427918K->355271K(696320K), 0.0087166 secs] [Times: user=0.09 sys=0.00, real=0.01 secs] 
2016-09-25T21:45:42.048-0400: 40.462: [GC (GCLocker Initiated GC) [PSYoungGen: 155685K->72579K(174592K)] 446591K->363956K(698880K), 0.0093040 secs] [Times: user=0.13 sys=0.01, real=0.01 secs] 
2016-09-25T21:45:42.143-0400: 40.557: [GC (GCLocker Initiated GC) [PSYoungGen: 161155K->27992K(175104K)] 462095K->348333K(699392K), 0.0095416 secs] [Times: user=0.06 sys=0.00, real=0.00 secs] 
2016-09-25T21:45:42.222-0400: 40.636: [GC (GCLocker Initiated GC) [PSYoungGen: 116056K->53577K(175104K)] 439185K->390806K(699392K), 0.0071057 secs] [Times: user=0.08 sys=0.00, real=0.01 secs] 
2016-09-25T21:45:42.303-0400: 40.717: [GC (GCLocker Initiated GC) [PSYoungGen: 141641K->42651K(172032K)] 480260K->381661K(696320K), 0.0100952 secs] [Times: user=0.08 sys=0.00, real=0.00 secs] 
2016-09-25T21:45:42.774-0400: 41.189: [GC (GCLocker Initiated GC) [PSYoungGen: 130715K->46961K(173568K)] 469894K->405505K(697856K), 1.0285846 secs] [Times: user=0.09 sys=0.02, real=1.03 secs] 
2016-09-25T21:45:43.869-0400: 42.284: [GC (GCLocker Initiated GC) [PSYoungGen: 135025K->46907K(172032K)] 495108K->420952K(696320K), 0.0097969 secs] [Times: user=0.10 sys=0.00, real=0.01 secs] 
2016-09-25T21:45:43.953-0400: 42.368: [GC (GCLocker Initiated GC) [PSYoungGen: 140091K->60290K(174080K)] 518361K->439116K(698368K), 0.0111096 secs] [Times: user=0.07 sys=0.00, real=0.02 secs] 
2016-09-25T21:45:44.036-0400: 42.451: [GC (GCLocker Initiated GC) [PSYoungGen: 153474K->50938K(175616K)] 535023K->443761K(699904K), 0.0066584 secs] [Times: user=0.06 sys=0.00, real=0.01 secs] 
2016-09-25T21:45:44.143-0400: 42.557: [GC (GCLocker Initiated GC) [PSYoungGen: 150778K->38698K(178176K)] 546520K->434939K(702464K), 0.0361497 secs] [Times: user=0.43 sys=0.01, real=0.03 secs] 
2016-09-25T21:45:44.249-0400: 42.664: [GC (GCLocker Initiated GC) [PSYoungGen: 138538K->46991K(178688K)] 544452K->464275K(702976K), 0.0105650 secs] [Times: user=0.14 sys=0.00, real=0.01 secs] 
2016-09-25T21:45:44.357-0400: 42.771: [GC (GCLocker Initiated GC) [PSYoungGen: 152463K->69996K(181248K)] 569776K->487952K(705536K), 0.0090872 secs] [Times: user=0.12 sys=0.01, real=0.01 secs] 
2016-09-25T21:45:44.445-0400: 42.859: [GC (GCLocker Initiated GC) [PSYoungGen: 175468K->60660K(181248K)] 593484K->503578K(705536K), 0.0104720 secs] [Times: user=0.15 sys=0.01, real=0.01 secs] 
2016-09-25T21:45:44.526-0400: 42.940: [GC (GCLocker Initiated GC) [PSYoungGen: 161012K->75366K(176128K)] 606685K->521770K(700416K), 0.0066122 secs] [Times: user=0.08 sys=0.01, real=0.00 secs] 
2016-09-25T21:45:44.649-0400: 43.063: [GC (GCLocker Initiated GC) [PSYoungGen: 175718K->33402K(174080K)] 624843K->502039K(698368K), 0.0102268 secs] [Times: user=0.13 sys=0.01, real=0.01 secs] 
2016-09-25T21:45:44.735-0400: 43.149: [GC (GCLocker Initiated GC) [PSYoungGen: 121466K->57691K(145920K)] 599582K->536377K(670208K), 0.0061225 secs] [Times: user=0.06 sys=0.01, real=0.00 secs] 
2016-09-25T21:45:44.818-0400: 43.232: [GC (GCLocker Initiated GC) [PSYoungGen: 145755K->41587K(175616K)] 631252K->530343K(699904K), 0.0242628 secs] [Times: user=0.27 sys=0.00, real=0.03 secs] 
2016-09-25T21:45:44.937-0400: 43.351: [GC (GCLocker Initiated GC) [PSYoungGen: 131699K->50878K(141312K)] 620526K->540296K(665600K), 0.0070697 secs] [Times: user=0.06 sys=0.00, real=0.01 secs] 
2016-09-25T21:45:45.016-0400: 43.430: [GC (GCLocker Initiated GC) [PSYoungGen: 140990K->57578K(174592K)] 630552K->558524K(698880K), 0.0214063 secs] [Times: user=0.25 sys=0.00, real=0.02 secs] 
2016-09-25T21:45:45.039-0400: 43.453: [Full GC (Ergonomics) [PSYoungGen: 57578K->0K(174592K)] [ParOldGen: 500945K->193698K(524288K)] 558524K->193698K(698880K), [Metaspace: 43459K->43459K(1085440K)], 0.1149136 secs] [Times: user=0.65 sys=0.02, real=0.11 secs] 
2016-09-25T21:45:45.224-0400: 43.638: [GC (GCLocker Initiated GC) [PSYoungGen: 93184K->46101K(173568K)] 286898K->239815K(697856K), 0.0063020 secs] [Times: user=0.05 sys=0.01, real=0.00 secs] 
2016-09-25T21:45:45.337-0400: 43.751: [GC (GCLocker Initiated GC) [PSYoungGen: 139285K->74023K(172032K)] 333032K->268977K(696320K), 0.0101193 secs] [Times: user=0.15 sys=0.01, real=0.01 secs] 
2016-09-25T21:45:45.425-0400: 43.839: [GC (GCLocker Initiated GC) [PSYoungGen: 167207K->40528K(177664K)] 383838K->265822K(701952K), 0.0086161 secs] [Times: user=0.05 sys=0.00, real=0.00 secs] 
2016-09-25T21:45:45.531-0400: 43.945: [GC (GCLocker Initiated GC) [PSYoungGen: 133712K->61791K(177152K)] 359122K->287985K(701440K), 0.0168520 secs] [Times: user=0.15 sys=0.00, real=0.02 secs] 
2016-09-25T21:45:45.645-0400: 44.059: [GC (GCLocker Initiated GC) [PSYoungGen: 155487K->46961K(140800K)] 386237K->278223K(665088K), 0.0062390 secs] [Times: user=0.07 sys=0.00, real=0.00 secs] 
2016-09-25T21:45:45.730-0400: 44.145: [GC (GCLocker Initiated GC) [PSYoungGen: 140657K->59189K(177152K)] 380160K->299298K(701440K), 0.0111198 secs] [Times: user=0.14 sys=0.01, real=0.01 secs] 
2016-09-25T21:45:45.838-0400: 44.253: [GC (GCLocker Initiated GC) [PSYoungGen: 154421K->49739K(176640K)] 397311K->312180K(700928K), 0.0081443 secs] [Times: user=0.08 sys=0.01, real=0.01 secs] 
2016-09-25T21:45:45.927-0400: 44.342: [GC (GCLocker Initiated GC) [PSYoungGen: 144971K->46880K(179200K)] 407657K->331809K(703488K), 0.0228396 secs] [Times: user=0.23 sys=0.03, real=0.02 secs] 
2016-09-25T21:45:46.058-0400: 44.473: [GC (GCLocker Initiated GC) [PSYoungGen: 147232K->56478K(178176K)] 436544K->346402K(702464K), 0.0073024 secs] [Times: user=0.08 sys=0.00, real=0.01 secs] 
2016-09-25T21:45:46.127-0400: 44.541: [GC (GCLocker Initiated GC) [PSYoungGen: 156830K->71225K(176128K)] 449704K->364803K(700416K), 0.0069169 secs] [Times: user=0.08 sys=0.00, real=0.00 secs] 
2016-09-25T21:45:46.267-0400: 44.681: [GC (GCLocker Initiated GC) [PSYoungGen: 170553K->36310K(135680K)] 476346K->342632K(659968K), 0.0192982 secs] [Times: user=0.20 sys=0.02, real=0.02 secs] 
2016-09-25T21:45:46.375-0400: 44.789: [GC (GCLocker Initiated GC) [PSYoungGen: 135638K->57907K(181248K)] 447517K->383982K(705536K), 0.0096296 secs] [Times: user=0.10 sys=0.00, real=0.01 secs] 
2016-09-25T21:45:46.461-0400: 44.876: [GC (GCLocker Initiated GC) [PSYoungGen: 157235K->38605K(138240K)] 483380K->368073K(662528K), 0.0075188 secs] [Times: user=0.06 sys=0.00, real=0.01 secs] 
2016-09-25T21:45:46.544-0400: 44.959: [GC (GCLocker Initiated GC) [PSYoungGen: 137933K->49761K(181760K)] 475661K->388087K(706048K), 0.0070676 secs] [Times: user=0.08 sys=0.01, real=0.00 secs] 
2016-09-25T21:45:46.625-0400: 45.039: [GC (GCLocker Initiated GC) [PSYoungGen: 151137K->36257K(179712K)] 492404K->389045K(704000K), 0.0118027 secs] [Times: user=0.12 sys=0.00, real=0.01 secs] 
2016-09-25T21:45:46.734-0400: 45.148: [GC (GCLocker Initiated GC) [PSYoungGen: 137633K->44396K(181760K)] 502784K->410128K(706048K), 0.0063029 secs] [Times: user=0.07 sys=0.00, real=0.01 secs] 
2016-09-25T21:45:46.823-0400: 45.237: [GC (GCLocker Initiated GC) [PSYoungGen: 149868K->61894K(181760K)] 515744K->428483K(706048K), 0.0075283 secs] [Times: user=0.08 sys=0.00, real=0.00 secs] 
2016-09-25T21:45:46.919-0400: 45.334: [GC (GCLocker Initiated GC) [PSYoungGen: 167366K->42691K(184320K)] 535006K->413580K(708608K), 0.0308684 secs] [Times: user=0.48 sys=0.02, real=0.03 secs] 
2016-09-25T21:45:47.040-0400: 45.454: [GC (GCLocker Initiated GC) [PSYoungGen: 149699K->48451K(155648K)] 527580K->437790K(679936K), 0.0083820 secs] [Times: user=0.13 sys=0.01, real=0.01 secs] 
2016-09-25T21:45:47.125-0400: 45.540: [GC (GCLocker Initiated GC) [PSYoungGen: 155459K->61815K(181248K)] 544834K->462663K(705536K), 0.0078633 secs] [Times: user=0.12 sys=0.01, real=0.00 secs] 
2016-09-25T21:45:47.220-0400: 45.634: [GC (GCLocker Initiated GC) [PSYoungGen: 168311K->60636K(182784K)] 575945K->495831K(707072K), 0.0076394 secs] [Times: user=0.11 sys=0.01, real=0.01 secs] 
2016-09-25T21:45:47.322-0400: 45.737: [GC (GCLocker Initiated GC) [PSYoungGen: 167132K->41371K(185344K)] 602344K->488059K(709632K), 0.0132401 secs] [Times: user=0.21 sys=0.00, real=0.01 secs] 
2016-09-25T21:45:47.409-0400: 45.823: [GC (GCLocker Initiated GC) [PSYoungGen: 149403K->49775K(158208K)] 596218K->513301K(682496K), 0.0144521 secs] [Times: user=0.23 sys=0.00, real=0.02 secs] 
2016-09-25T21:45:47.515-0400: 45.929: [GC (GCLocker Initiated GC) [PSYoungGen: 157807K->45672K(183296K)] 626773K->528771K(707584K), 0.0133291 secs] [Times: user=0.22 sys=0.01, real=0.01 secs] 
2016-09-25T21:45:47.694-0400: 46.109: [Full GC (Ergonomics) [PSYoungGen: 154728K->0K(183296K)] [ParOldGen: 496819K->205082K(524288K)] 651548K->205082K(707584K), [Metaspace: 43479K->43479K(1085440K)], 0.0725056 secs] [Times: user=0.79 sys=0.06, real=0.07 secs] 
2016-09-25T21:45:49.504-0400: 47.919: [GC (GCLocker Initiated GC) [PSYoungGen: 109056K->59148K(182272K)] 314442K->264534K(706560K), 0.0080030 secs] [Times: user=0.07 sys=0.00, real=0.00 secs] 
2016-09-25T21:45:49.644-0400: 48.059: [GC (GCLocker Initiated GC) [PSYoungGen: 168204K->44347K(186880K)] 391158K->267959K(711168K), 0.0055400 secs] [Times: user=0.06 sys=0.00, real=0.00 secs] 
2016-09-25T21:45:49.883-0400: 48.297: [GC (GCLocker Initiated GC) [PSYoungGen: 159035K->40041K(187392K)] 385398K->275155K(711680K), 0.0139344 secs] [Times: user=0.15 sys=0.01, real=0.01 secs] 
2016-09-25T21:45:50.010-0400: 48.424: [GC (GCLocker Initiated GC) [PSYoungGen: 154729K->52529K(186368K)] 396631K->297720K(710656K), 0.0079911 secs] [Times: user=0.07 sys=0.01, real=0.01 secs] 
2016-09-25T21:45:50.144-0400: 48.559: [GC (GCLocker Initiated GC) [PSYoungGen: 169265K->17026K(134144K)] 423955K->275068K(658432K), 0.0144931 secs] [Times: user=0.11 sys=0.02, real=0.01 secs] 
2016-09-25T21:45:50.278-0400: 48.692: [GC (GCLocker Initiated GC) [PSYoungGen: 133762K->23847K(185344K)] 394627K->285378K(709632K), 0.0251361 secs] [Times: user=0.27 sys=0.05, real=0.03 secs] 
2016-09-25T21:45:50.387-0400: 48.801: [GC (GCLocker Initiated GC) [PSYoungGen: 134439K->26356K(186368K)] 396050K->288456K(710656K), 0.0237776 secs] [Times: user=0.24 sys=0.04, real=0.02 secs] 
2016-09-25T21:45:50.509-0400: 48.924: [GC (GCLocker Initiated GC) [PSYoungGen: 136948K->47064K(183296K)] 403252K->338271K(707584K), 0.0089154 secs] [Times: user=0.12 sys=0.03, real=0.01 secs] 
2016-09-25T21:45:50.615-0400: 49.030: [GC (GCLocker Initiated GC) [PSYoungGen: 157656K->48250K(184832K)] 457047K->364524K(709120K), 0.0100750 secs] [Times: user=0.16 sys=0.01, real=0.01 secs] 
2016-09-25T21:45:50.717-0400: 49.131: [GC (GCLocker Initiated GC) [PSYoungGen: 158842K->63195K(180736K)] 479722K->384651K(705024K), 0.0103222 secs] [Times: user=0.14 sys=0.01, real=0.01 secs] 
2016-09-25T21:45:50.812-0400: 49.226: [GC (GCLocker Initiated GC) [PSYoungGen: 170715K->61815K(169472K)] 494995K->394810K(693760K), 0.0078216 secs] [Times: user=0.10 sys=0.02, real=0.01 secs] 
2016-09-25T21:45:50.909-0400: 49.323: [GC (GCLocker Initiated GC) [PSYoungGen: 169335K->65826K(174592K)] 502389K->399436K(698880K), 0.0152036 secs] [Times: user=0.23 sys=0.02, real=0.02 secs] 
2016-09-25T21:45:50.990-0400: 49.404: [GC (GCLocker Initiated GC) [PSYoungGen: 160034K->65826K(160256K)] 493687K->424334K(684544K), 0.0078978 secs] [Times: user=0.13 sys=0.00, real=0.01 secs] 
2016-09-25T21:45:51.053-0400: 49.467: [GC (GCLocker Initiated GC) [PSYoungGen: 160034K->54940K(177664K)] 518763K->416899K(701952K), 0.0057771 secs] [Times: user=0.05 sys=0.01, real=0.01 secs] 
2016-09-25T21:45:51.118-0400: 49.533: [GC (GCLocker Initiated GC) [PSYoungGen: 146076K->64484K(175616K)] 510832K->440588K(699904K), 0.0068727 secs] [Times: user=0.10 sys=0.00, real=0.01 secs] 
2016-09-25T21:45:51.198-0400: 49.613: [GC (GCLocker Initiated GC) [PSYoungGen: 155620K->61758K(175616K)] 531764K->438392K(699904K), 0.0053736 secs] [Times: user=0.07 sys=0.00, real=0.01 secs] 
2016-09-25T21:45:51.272-0400: 49.686: [GC (GCLocker Initiated GC) [PSYoungGen: 150846K->34620K(175616K)] 532892K->417178K(699904K), 0.0210955 secs] [Times: user=0.28 sys=0.00, real=0.02 secs] 
2016-09-25T21:45:51.379-0400: 49.793: [GC (GCLocker Initiated GC) [PSYoungGen: 123708K->49652K(168448K)] 515834K->442424K(692736K), 0.0088264 secs] [Times: user=0.07 sys=0.00, real=0.01 secs] 
2016-09-25T21:45:51.461-0400: 49.875: [GC (GCLocker Initiated GC) [PSYoungGen: 138740K->67193K(172032K)] 534364K->463422K(696320K), 0.0090562 secs] [Times: user=0.09 sys=0.00, real=0.01 secs] 
2016-09-25T21:45:51.540-0400: 49.954: [GC (GCLocker Initiated GC) [PSYoungGen: 156281K->59073K(177152K)] 560664K->480171K(701440K), 0.0141094 secs] [Times: user=0.16 sys=0.00, real=0.02 secs] 
2016-09-25T21:45:51.628-0400: 50.042: [GC (GCLocker Initiated GC) [PSYoungGen: 150209K->59135K(150528K)] 576785K->486270K(674816K), 0.0151816 secs] [Times: user=0.22 sys=0.00, real=0.02 secs] 
2016-09-25T21:45:51.703-0400: 50.117: [GC (GCLocker Initiated GC) [PSYoungGen: 150271K->68594K(172544K)] 577478K->507205K(696832K), 0.0125015 secs] [Times: user=0.16 sys=0.00, real=0.01 secs] 
2016-09-25T21:45:51.791-0400: 50.206: [GC (GCLocker Initiated GC) [PSYoungGen: 157170K->53862K(175104K)] 599311K->496601K(699392K), 0.0061856 secs] [Times: user=0.06 sys=0.00, real=0.01 secs] 
2016-09-25T21:45:51.872-0400: 50.286: [GC (GCLocker Initiated GC) [PSYoungGen: 142438K->51015K(172032K)] 592068K->517468K(696320K), 0.0057844 secs] [Times: user=0.07 sys=0.00, real=0.01 secs] 
2016-09-25T21:45:51.961-0400: 50.376: [GC (GCLocker Initiated GC) [PSYoungGen: 143175K->57918K(173568K)] 612460K->527771K(697856K), 0.0096022 secs] [Times: user=0.09 sys=0.01, real=0.01 secs] 
2016-09-25T21:45:52.052-0400: 50.467: [GC (GCLocker Initiated GC) [PSYoungGen: 150078K->71360K(175104K)] 622772K->555553K(699392K), 0.0066768 secs] [Times: user=0.09 sys=0.00, real=0.01 secs] 
2016-09-25T21:45:52.135-0400: 50.549: [GC (GCLocker Initiated GC) [PSYoungGen: 166592K->51000K(178688K)] 657771K->542802K(702976K), 0.0090521 secs] [Times: user=0.10 sys=0.00, real=0.01 secs] 
2016-09-25T21:45:52.214-0400: 50.628: [GC (GCLocker Initiated GC) [PSYoungGen: 146232K->69910K(175104K)] 638155K->562442K(699392K), 0.0068635 secs] [Times: user=0.09 sys=0.01, real=0.01 secs] 
2016-09-25T21:45:52.294-0400: 50.708: [GC (GCLocker Initiated GC) [PSYoungGen: 163094K->67316K(160768K)] 658364K->563134K(685056K), 0.0089413 secs] [Times: user=0.13 sys=0.00, real=0.02 secs] 
2016-09-25T21:45:52.377-0400: 50.791: [GC (GCLocker Initiated GC) [PSYoungGen: 160500K->51017K(178176K)] 656370K->550201K(702464K), 0.0079096 secs] [Times: user=0.06 sys=0.00, real=0.01 secs] 
2016-09-25T21:45:52.456-0400: 50.871: [GC (GCLocker Initiated GC) [PSYoungGen: 143689K->48390K(141312K)] 645646K->559130K(665600K), 0.0092275 secs] [Times: user=0.09 sys=0.00, real=0.01 secs] 
2016-09-25T21:45:52.466-0400: 50.880: [Full GC (Ergonomics) [PSYoungGen: 48390K->0K(141312K)] [ParOldGen: 510740K->224502K(524288K)] 559130K->224502K(665600K), [Metaspace: 43487K->43487K(1085440K)], 0.0598278 secs] [Times: user=0.47 sys=0.01, real=0.06 secs] 
2016-09-25T21:45:52.613-0400: 51.028: [GC (GCLocker Initiated GC) [PSYoungGen: 92672K->42360K(175616K)] 320727K->270415K(699904K), 0.0044064 secs] [Times: user=0.05 sys=0.00, real=0.01 secs] 
2016-09-25T21:45:52.689-0400: 51.103: [GC (GCLocker Initiated GC) [PSYoungGen: 135032K->52424K(175616K)] 371227K->291333K(699904K), 0.0053627 secs] [Times: user=0.06 sys=0.00, real=0.01 secs] 
2016-09-25T21:45:52.764-0400: 51.178: [GC (GCLocker Initiated GC) [PSYoungGen: 145096K->64670K(176640K)] 386753K->309695K(700928K), 0.0078831 secs] [Times: user=0.11 sys=0.01, real=0.00 secs] 
2016-09-25T21:45:52.863-0400: 51.277: [GC (GCLocker Initiated GC) [PSYoungGen: 160414K->64641K(177152K)] 408249K->313160K(701440K), 0.0261812 secs] [Times: user=0.39 sys=0.00, real=0.02 secs] 
2016-09-25T21:45:52.962-0400: 51.376: [GC (GCLocker Initiated GC) [PSYoungGen: 160382K->49752K(178688K)] 411846K->312711K(702976K), 0.0056978 secs] [Times: user=0.07 sys=0.00, real=0.01 secs] 
2016-09-25T21:45:53.042-0400: 51.456: [GC (GCLocker Initiated GC) [PSYoungGen: 148056K->60632K(179200K)] 416569K->329848K(703488K), 0.0068367 secs] [Times: user=0.09 sys=0.00, real=0.01 secs] 
2016-09-25T21:45:53.141-0400: 51.555: [GC (GCLocker Initiated GC) [PSYoungGen: 158936K->45628K(180224K)] 429521K->327749K(704512K), 0.0068692 secs] [Times: user=0.06 sys=0.00, real=0.01 secs] 
2016-09-25T21:45:53.228-0400: 51.643: [GC (GCLocker Initiated GC) [PSYoungGen: 146492K->43110K(180736K)] 436815K->350319K(705024K), 0.0073584 secs] [Times: user=0.09 sys=0.00, real=0.01 secs] 
2016-09-25T21:45:53.312-0400: 51.727: [GC (Allocation Failure) [PSYoungGen: 143974K->52499K(178176K)] 459397K->368646K(702464K), 0.0067893 secs] [Times: user=0.05 sys=0.00, real=0.01 secs] 
2016-09-25T21:45:53.396-0400: 51.810: [GC (GCLocker Initiated GC) [PSYoungGen: 154094K->55209K(180224K)] 474290K->376213K(704512K), 0.0072151 secs] [Times: user=0.09 sys=0.00, real=0.01 secs] 
2016-09-25T21:45:53.500-0400: 51.915: [GC (GCLocker Initiated GC) [PSYoungGen: 158121K->40365K(184320K)] 495488K->378469K(708608K), 0.0053385 secs] [Times: user=0.06 sys=0.00, real=0.01 secs] 
2016-09-25T21:45:53.603-0400: 52.018: [GC (GCLocker Initiated GC) [PSYoungGen: 149421K->34901K(184832K)] 495690K->384605K(709120K), 0.0057656 secs] [Times: user=0.05 sys=0.00, real=0.00 secs] 
2016-09-25T21:45:53.701-0400: 52.116: [GC (GCLocker Initiated GC) [PSYoungGen: 143957K->54946K(184832K)] 493983K->422027K(709120K), 0.0154520 secs] [Times: user=0.14 sys=0.00, real=0.02 secs] 
2016-09-25T21:45:53.813-0400: 52.228: [GC (GCLocker Initiated GC) [PSYoungGen: 165026K->56414K(185344K)] 532154K->451200K(709632K), 0.0072388 secs] [Times: user=0.10 sys=0.00, real=0.01 secs] 
2016-09-25T21:45:53.904-0400: 52.318: [GC (GCLocker Initiated GC) [PSYoungGen: 166494K->47040K(183808K)] 569431K->469437K(708096K), 0.0152002 secs] [Times: user=0.21 sys=0.00, real=0.01 secs] 
2016-09-25T21:45:54.005-0400: 52.419: [GC (GCLocker Initiated GC) [PSYoungGen: 159168K->57751K(185344K)] 587213K->489147K(709632K), 0.0121442 secs] [Times: user=0.10 sys=0.00, real=0.01 secs] 
2016-09-25T21:45:54.109-0400: 52.524: [GC (GCLocker Initiated GC) [PSYoungGen: 169879K->63220K(184320K)] 604063K->498047K(708608K), 0.0076452 secs] [Times: user=0.09 sys=0.00, real=0.01 secs] 
2016-09-25T21:45:54.199-0400: 52.613: [GC (GCLocker Initiated GC) [PSYoungGen: 173812K->68586K(179200K)] 611396K->506834K(703488K), 0.0141497 secs] [Times: user=0.17 sys=0.00, real=0.01 secs] 
2016-09-25T21:45:54.294-0400: 52.709: [GC (GCLocker Initiated GC) [PSYoungGen: 179178K->69999K(176128K)] 617460K->508927K(700416K), 0.0131565 secs] [Times: user=0.14 sys=0.00, real=0.01 secs] 
2016-09-25T21:45:54.379-0400: 52.793: [GC (GCLocker Initiated GC) [PSYoungGen: 167279K->51033K(179712K)] 606215K->501406K(704000K), 0.0318627 secs] [Times: user=0.42 sys=0.01, real=0.03 secs] 
2016-09-25T21:45:54.490-0400: 52.904: [GC (GCLocker Initiated GC) [PSYoungGen: 148313K->50923K(175104K)] 598741K->502018K(699392K), 0.0101415 secs] [Times: user=0.06 sys=0.01, real=0.01 secs] 
2016-09-25T21:45:54.572-0400: 52.986: [GC (GCLocker Initiated GC) [PSYoungGen: 150251K->50866K(178176K)] 604235K->505431K(702464K), 0.0060201 secs] [Times: user=0.05 sys=0.00, real=0.01 secs] 
2016-09-25T21:45:54.642-0400: 53.057: [GC (GCLocker Initiated GC) [PSYoungGen: 150194K->45585K(180736K)] 616977K->526351K(705024K), 0.0082740 secs] [Times: user=0.07 sys=0.01, real=0.00 secs] 
2016-09-25T21:45:54.735-0400: 53.149: [GC (GCLocker Initiated GC) [PSYoungGen: 151569K->57617K(182784K)] 632360K->539051K(707072K), 0.0224595 secs] [Times: user=0.25 sys=0.00, real=0.02 secs] 
2016-09-25T21:45:54.844-0400: 53.259: [GC (GCLocker Initiated GC) [PSYoungGen: 163601K->33206K(183296K)] 647779K->523277K(707584K), 0.0070251 secs] [Times: user=0.05 sys=0.00, real=0.00 secs] 
2016-09-25T21:45:54.945-0400: 53.360: [GC (GCLocker Initiated GC) [PSYoungGen: 140726K->40010K(184832K)] 638936K->546909K(709120K), 0.0170469 secs] [Times: user=0.13 sys=0.00, real=0.02 secs] 
2016-09-25T21:45:54.962-0400: 53.377: [Full GC (Ergonomics) [PSYoungGen: 40010K->0K(184832K)] [ParOldGen: 506899K->237241K(524288K)] 546909K->237241K(709120K), [Metaspace: 43497K->43497K(1085440K)], 0.0867816 secs] [Times: user=0.48 sys=0.02, real=0.08 secs] 
2016-09-25T21:45:55.122-0400: 53.536: [GC (GCLocker Initiated GC) [PSYoungGen: 107520K->48873K(180224K)] 351929K->293282K(704512K), 0.0113911 secs] [Times: user=0.17 sys=0.00, real=0.01 secs] 
2016-09-25T21:45:55.235-0400: 53.650: [GC (GCLocker Initiated GC) [PSYoungGen: 156905K->57765K(182784K)] 409542K->314173K(707072K), 0.0074662 secs] [Times: user=0.06 sys=0.00, real=0.01 secs] 
2016-09-25T21:45:55.341-0400: 53.756: [GC (GCLocker Initiated GC) [PSYoungGen: 165797K->41708K(186368K)] 435795K->312235K(710656K), 0.0091330 secs] [Times: user=0.09 sys=0.00, real=0.01 secs] 
2016-09-25T21:45:55.446-0400: 53.860: [GC (GCLocker Initiated GC) [PSYoungGen: 154348K->73925K(186880K)] 424952K->350557K(711168K), 0.0073087 secs] [Times: user=0.09 sys=0.00, real=0.00 secs] 
2016-09-25T21:45:55.525-0400: 53.939: [GC (GCLocker Initiated GC) [PSYoungGen: 186565K->34585K(175616K)] 471497K->341606K(699904K), 0.0187825 secs] [Times: user=0.19 sys=0.00, real=0.02 secs] 
2016-09-25T21:45:55.648-0400: 54.063: [GC (GCLocker Initiated GC) [PSYoungGen: 134937K->49529K(181248K)] 446218K->366781K(705536K), 0.0119104 secs] [Times: user=0.13 sys=0.00, real=0.01 secs] 
2016-09-25T21:45:55.727-0400: 54.141: [GC (GCLocker Initiated GC) [PSYoungGen: 149881K->26405K(180736K)] 476643K->367101K(705024K), 0.0082313 secs] [Times: user=0.06 sys=0.01, real=0.01 secs] 
2016-09-25T21:45:55.844-0400: 54.258: [GC (GCLocker Initiated GC) [PSYoungGen: 128805K->36102K(182272K)] 474948K->398977K(706560K), 0.0099215 secs] [Times: user=0.10 sys=0.03, real=0.00 secs] 
2016-09-25T21:45:55.912-0400: 54.327: [GC (GCLocker Initiated GC) [PSYoungGen: 138502K->77777K(166912K)] 501459K->441216K(691200K), 0.0091638 secs] [Times: user=0.08 sys=0.02, real=0.01 secs] 
2016-09-25T21:45:55.988-0400: 54.402: [GC (GCLocker Initiated GC) [PSYoungGen: 165841K->58952K(175104K)] 529315K->441692K(699392K), 0.0118240 secs] [Times: user=0.13 sys=0.00, real=0.01 secs] 
2016-09-25T21:45:56.092-0400: 54.506: [GC (GCLocker Initiated GC) [PSYoungGen: 147016K->61600K(174592K)] 535285K->471829K(698880K), 0.0090657 secs] [Times: user=0.09 sys=0.01, real=0.01 secs] 
2016-09-25T21:45:56.164-0400: 54.578: [GC (GCLocker Initiated GC) [PSYoungGen: 149664K->45307K(133632K)] 562884K->460280K(657920K), 0.0061520 secs] [Times: user=0.07 sys=0.00, real=0.00 secs] 
2016-09-25T21:45:56.228-0400: 54.642: [GC (GCLocker Initiated GC) [PSYoungGen: 133371K->84452K(170496K)] 548589K->502681K(694784K), 0.0275132 secs] [Times: user=0.36 sys=0.01, real=0.03 secs] 
2016-09-25T21:45:56.316-0400: 54.730: [GC (GCLocker Initiated GC) [PSYoungGen: 170468K->69666K(173056K)] 591476K->507179K(697344K), 0.0142874 secs] [Times: user=0.17 sys=0.00, real=0.01 secs] 
2016-09-25T21:45:56.395-0400: 54.809: [GC (GCLocker Initiated GC) [PSYoungGen: 155682K->38752K(175104K)] 609525K->517192K(699392K), 0.0085728 secs] [Times: user=0.10 sys=0.00, real=0.01 secs] 
2016-09-25T21:45:56.472-0400: 54.886: [GC (GCLocker Initiated GC) [PSYoungGen: 126816K->67058K(175104K)] 608018K->548733K(699392K), 0.0060559 secs] [Times: user=0.08 sys=0.00, real=0.01 secs] 
2016-09-25T21:45:56.541-0400: 54.956: [GC (GCLocker Initiated GC) [PSYoungGen: 155122K->61674K(175104K)] 643599K->569480K(699392K), 0.0091223 secs] [Times: user=0.08 sys=0.00, real=0.01 secs] 
2016-09-25T21:45:56.550-0400: 54.965: [Full GC (Ergonomics) [PSYoungGen: 61674K->0K(175104K)] [ParOldGen: 507805K->243703K(524288K)] 569480K->243703K(699392K), [Metaspace: 43501K->43501K(1085440K)], 0.0614674 secs] [Times: user=0.37 sys=0.02, real=0.06 secs] 
2016-09-25T21:45:56.664-0400: 55.078: [GC (GCLocker Initiated GC) [PSYoungGen: 88064K->60436K(175104K)] 331796K->304168K(699392K), 0.0055295 secs] [Times: user=0.06 sys=0.00, real=0.00 secs] 
2016-09-25T21:45:56.727-0400: 55.142: [GC (GCLocker Initiated GC) [PSYoungGen: 148500K->75150K(175104K)] 394999K->324972K(699392K), 0.0086154 secs] [Times: user=0.10 sys=0.00, real=0.01 secs] 
2016-09-25T21:45:56.807-0400: 55.221: [GC (GCLocker Initiated GC) [PSYoungGen: 163214K->42709K(175104K)] 419962K->313324K(699392K), 0.0209189 secs] [Times: user=0.26 sys=0.00, real=0.02 secs] 
2016-09-25T21:45:56.894-0400: 55.309: [GC (GCLocker Initiated GC) [PSYoungGen: 130773K->52113K(175104K)] 405079K->326839K(699392K), 0.0049978 secs] [Times: user=0.05 sys=0.00, real=0.00 secs] 
2016-09-25T21:45:56.961-0400: 55.376: [GC (GCLocker Initiated GC) [PSYoungGen: 140177K->62935K(175104K)] 417673K->362454K(699392K), 0.0091911 secs] [Times: user=0.13 sys=0.00, real=0.01 secs] 
2016-09-25T21:45:57.026-0400: 55.441: [GC (GCLocker Initiated GC) [PSYoungGen: 150999K->61650K(175104K)] 450767K->383359K(699392K), 0.0068087 secs] [Times: user=0.10 sys=0.00, real=0.00 secs] 
2016-09-25T21:45:57.086-0400: 55.500: [GC (GCLocker Initiated GC) [PSYoungGen: 149714K->68288K(175104K)] 471440K->390357K(699392K), 0.0062299 secs] [Times: user=0.08 sys=0.00, real=0.00 secs] 
2016-09-25T21:45:57.152-0400: 55.567: [GC (GCLocker Initiated GC) [PSYoungGen: 156352K->56072K(174080K)] 481196K->397419K(698368K), 0.0084973 secs] [Times: user=0.07 sys=0.00, real=0.01 secs] 
2016-09-25T21:45:57.220-0400: 55.634: [GC (GCLocker Initiated GC) [PSYoungGen: 144136K->73650K(174592K)] 488247K->423503K(698880K), 0.0124414 secs] [Times: user=0.14 sys=0.00, real=0.01 secs] 
2016-09-25T21:45:57.297-0400: 55.711: [GC (GCLocker Initiated GC) [PSYoungGen: 161714K->57460K(175104K)] 514328K->423918K(699392K), 0.0090342 secs] [Times: user=0.11 sys=0.00, real=0.01 secs] 
2016-09-25T21:45:57.368-0400: 55.783: [GC (GCLocker Initiated GC) [PSYoungGen: 145524K->45350K(133632K)] 522922K->423039K(657920K), 0.0054251 secs] [Times: user=0.06 sys=0.00, real=0.00 secs] 
2016-09-25T21:45:57.429-0400: 55.844: [GC (GCLocker Initiated GC) [PSYoungGen: 133414K->64284K(175104K)] 513970K->456029K(699392K), 0.0091206 secs] [Times: user=0.12 sys=0.01, real=0.01 secs] 
2016-09-25T21:45:57.508-0400: 55.922: [GC (GCLocker Initiated GC) [PSYoungGen: 152860K->60279K(148992K)] 548689K->467233K(673280K), 0.0133977 secs] [Times: user=0.16 sys=0.00, real=0.01 secs] 
2016-09-25T21:45:57.574-0400: 55.988: [GC (GCLocker Initiated GC) [PSYoungGen: 148855K->38464K(172544K)] 559928K->466072K(696832K), 0.0061589 secs] [Times: user=0.05 sys=0.00, real=0.01 secs] 
2016-09-25T21:45:57.646-0400: 56.060: [GC (GCLocker Initiated GC) [PSYoungGen: 127040K->43865K(173568K)] 558718K->475856K(697856K), 0.0067414 secs] [Times: user=0.04 sys=0.01, real=0.00 secs] 
2016-09-25T21:45:57.718-0400: 56.133: [GC (GCLocker Initiated GC) [PSYoungGen: 132441K->42563K(175616K)] 568693K->479130K(699904K), 0.0069105 secs] [Times: user=0.05 sys=0.00, real=0.01 secs] 
2016-09-25T21:45:57.791-0400: 56.205: [GC (GCLocker Initiated GC) [PSYoungGen: 135235K->52172K(176640K)] 575454K->503539K(700928K), 0.0094427 secs] [Times: user=0.13 sys=0.00, real=0.01 secs] 
2016-09-25T21:45:57.863-0400: 56.277: [GC (GCLocker Initiated GC) [PSYoungGen: 144844K->72414K(172544K)] 599047K->527034K(696832K), 0.0072454 secs] [Times: user=0.08 sys=0.00, real=0.00 secs] 
2016-09-25T21:45:57.938-0400: 56.352: [GC (GCLocker Initiated GC) [PSYoungGen: 163550K->50838K(176640K)] 623587K->511244K(700928K), 0.0071622 secs] [Times: user=0.10 sys=0.00, real=0.01 secs] 
2016-09-25T21:45:58.010-0400: 56.425: [GC (GCLocker Initiated GC) [PSYoungGen: 141974K->50910K(170496K)] 610710K->520023K(694784K), 0.0170882 secs] [Times: user=0.20 sys=0.00, real=0.02 secs] 
2016-09-25T21:45:58.096-0400: 56.510: [GC (GCLocker Initiated GC) [PSYoungGen: 144094K->64346K(174592K)] 618723K->539407K(698880K), 0.0057706 secs] [Times: user=0.07 sys=0.00, real=0.00 secs] 
2016-09-25T21:45:58.168-0400: 56.583: [GC (GCLocker Initiated GC) [PSYoungGen: 157530K->71039K(174080K)] 635376K->549278K(698368K), 0.0066007 secs] [Times: user=0.07 sys=0.01, real=0.01 secs] 
2016-09-25T21:45:58.238-0400: 56.652: [GC (GCLocker Initiated GC) [PSYoungGen: 163199K->60239K(177152K)] 641512K->552446K(701440K), 0.0100613 secs] [Times: user=0.09 sys=0.01, real=0.01 secs] 
2016-09-25T21:45:58.313-0400: 56.727: [GC (GCLocker Initiated GC) [PSYoungGen: 152399K->65766K(176640K)] 647368K->574652K(700928K), 0.0093791 secs] [Times: user=0.11 sys=0.00, real=0.02 secs] 
2016-09-25T21:45:58.322-0400: 56.737: [Full GC (Ergonomics) [PSYoungGen: 65766K->0K(176640K)] [ParOldGen: 508885K->250810K(524288K)] 574652K->250810K(700928K), [Metaspace: 43503K->43503K(1085440K)], 0.0645003 secs] [Times: user=0.35 sys=0.02, real=0.06 secs] 
2016-09-25T21:45:58.445-0400: 56.860: [GC (GCLocker Initiated GC) [PSYoungGen: 93696K->56725K(150528K)] 350053K->313082K(674816K), 0.0141543 secs] [Times: user=0.15 sys=0.01, real=0.01 secs] 
2016-09-25T21:45:58.544-0400: 56.958: [GC (GCLocker Initiated GC) [PSYoungGen: 150421K->35931K(175104K)] 414892K->302713K(699392K), 0.0120675 secs] [Times: user=0.11 sys=0.00, real=0.01 secs] 
2016-09-25T21:45:58.623-0400: 57.037: [GC (GCLocker Initiated GC) [PSYoungGen: 129627K->56521K(176640K)] 403267K->344182K(700928K), 0.0057402 secs] [Times: user=0.08 sys=0.00, real=0.00 secs] 
2016-09-25T21:45:58.694-0400: 57.109: [GC (GCLocker Initiated GC) [PSYoungGen: 150217K->60301K(178688K)] 438123K->348769K(702976K), 0.0079049 secs] [Times: user=0.09 sys=0.01, real=0.01 secs] 
2016-09-25T21:45:58.790-0400: 57.205: [GC (GCLocker Initiated GC) [PSYoungGen: 158605K->41298K(178176K)] 456711K->339850K(702464K), 0.0053127 secs] [Times: user=0.04 sys=0.00, real=0.01 secs] 
2016-09-25T21:45:58.863-0400: 57.278: [GC (GCLocker Initiated GC) [PSYoungGen: 139602K->50999K(179712K)] 443593K->377134K(704000K), 0.0073305 secs] [Times: user=0.09 sys=0.00, real=0.00 secs] 
2016-09-25T21:45:58.941-0400: 57.355: [GC (GCLocker Initiated GC) [PSYoungGen: 153399K->57706K(180736K)] 479712K->384604K(705024K), 0.0077156 secs] [Times: user=0.07 sys=0.00, real=0.01 secs] 
2016-09-25T21:45:59.044-0400: 57.459: [GC (GCLocker Initiated GC) [PSYoungGen: 160106K->46942K(181760K)] 492500K->380022K(706048K), 0.0080339 secs] [Times: user=0.08 sys=0.00, real=0.00 secs] 
2016-09-25T21:45:59.139-0400: 57.554: [GC (GCLocker Initiated GC) [PSYoungGen: 153438K->32175K(182784K)] 496027K->386270K(707072K), 0.0076711 secs] [Times: user=0.06 sys=0.00, real=0.01 secs] 
2016-09-25T21:45:59.243-0400: 57.657: [GC (GCLocker Initiated GC) [PSYoungGen: 138671K->44176K(184320K)] 495536K->401774K(708608K), 0.0100258 secs] [Times: user=0.09 sys=0.00, real=0.00 secs] 
2016-09-25T21:45:59.329-0400: 57.743: [GC (GCLocker Initiated GC) [PSYoungGen: 152208K->51112K(159232K)] 512637K->436480K(683520K), 0.0104701 secs] [Times: user=0.11 sys=0.00, real=0.01 secs] 
2016-09-25T21:45:59.420-0400: 57.835: [GC (GCLocker Initiated GC) [PSYoungGen: 159144K->44387K(185344K)] 547289K->433231K(709632K), 0.0115570 secs] [Times: user=0.10 sys=0.00, real=0.01 secs] 
2016-09-25T21:45:59.530-0400: 57.945: [GC (Allocation Failure) [PSYoungGen: 155491K->48496K(183808K)] 552556K->446364K(708096K), 0.0098584 secs] [Times: user=0.11 sys=0.00, real=0.01 secs] 
2016-09-25T21:45:59.614-0400: 58.028: [GC (GCLocker Initiated GC) [PSYoungGen: 158471K->59489K(185344K)] 559039K->461007K(709632K), 0.0083059 secs] [Times: user=0.08 sys=0.00, real=0.01 secs] 
2016-09-25T21:45:59.712-0400: 58.127: [GC (GCLocker Initiated GC) [PSYoungGen: 173665K->66353K(186368K)] 577335K->470877K(710656K), 0.0130386 secs] [Times: user=0.11 sys=0.01, real=0.02 secs] 
2016-09-25T21:45:59.829-0400: 58.243: [GC (GCLocker Initiated GC) [PSYoungGen: 180529K->57992K(186368K)] 585081K->482346K(710656K), 0.0067404 secs] [Times: user=0.08 sys=0.00, real=0.01 secs] 
2016-09-25T21:45:59.925-0400: 58.339: [GC (GCLocker Initiated GC) [PSYoungGen: 168584K->47364K(158208K)] 602393K->482032K(682496K), 0.0116943 secs] [Times: user=0.10 sys=0.00, real=0.01 secs] 
2016-09-25T21:46:00.068-0400: 58.482: [GC (GCLocker Initiated GC) [PSYoungGen: 157956K->30916K(183296K)] 603474K->477538K(707584K), 0.0073329 secs] [Times: user=0.07 sys=0.01, real=0.01 secs] 
2016-09-25T21:46:00.177-0400: 58.592: [GC (GCLocker Initiated GC) [PSYoungGen: 139972K->62467K(172032K)] 594734K->520945K(696320K), 0.0107488 secs] [Times: user=0.13 sys=0.01, real=0.01 secs] 
2016-09-25T21:46:00.302-0400: 58.716: [GC (GCLocker Initiated GC) [PSYoungGen: 171523K->54060K(185856K)] 630198K->527432K(710144K), 0.0062684 secs] [Times: user=0.06 sys=0.00, real=0.01 secs] 
2016-09-25T21:46:00.443-0400: 58.858: [GC (GCLocker Initiated GC) [PSYoungGen: 162092K->24284K(132608K)] 649699K->512757K(656896K), 0.0095935 secs] [Times: user=0.09 sys=0.00, real=0.00 secs] 
2016-09-25T21:46:00.518-0400: 58.933: [GC (GCLocker Initiated GC) [PSYoungGen: 132316K->59305K(181760K)] 623518K->551641K(706048K), 0.0125193 secs] [Times: user=0.13 sys=0.00, real=0.01 secs] 
2016-09-25T21:46:00.669-0400: 59.083: [Full GC (Ergonomics) [PSYoungGen: 162729K->0K(181760K)] [ParOldGen: 502010K->260927K(524288K)] 664740K->260927K(706048K), [Metaspace: 43519K->43519K(1085440K)], 0.0553568 secs] [Times: user=0.33 sys=0.02, real=0.06 secs] 
2016-09-25T21:46:00.837-0400: 59.251: [GC (GCLocker Initiated GC) [PSYoungGen: 103424K->51149K(154624K)] 371292K->319017K(678912K), 0.0103884 secs] [Times: user=0.05 sys=0.03, real=0.01 secs] 
2016-09-25T21:46:00.931-0400: 59.345: [GC (GCLocker Initiated GC) [PSYoungGen: 154573K->63431K(179200K)] 425203K->337337K(703488K), 0.0073855 secs] [Times: user=0.07 sys=0.00, real=0.01 secs] 
2016-09-25T21:46:01.057-0400: 59.471: [GC (GCLocker Initiated GC) [PSYoungGen: 165831K->41927K(181248K)] 445267K->349230K(705536K), 0.0235839 secs] [Times: user=0.23 sys=0.01, real=0.02 secs] 
2016-09-25T21:46:01.165-0400: 59.579: [GC (GCLocker Initiated GC) [PSYoungGen: 144327K->54101K(179200K)] 451695K->373329K(703488K), 0.0068828 secs] [Times: user=0.08 sys=0.00, real=0.00 secs] 
2016-09-25T21:46:01.262-0400: 59.676: [GC (GCLocker Initiated GC) [PSYoungGen: 159573K->47894K(181760K)] 485684K->377749K(706048K), 0.0145032 secs] [Times: user=0.19 sys=0.01, real=0.02 secs] 
2016-09-25T21:46:01.376-0400: 59.791: [GC (GCLocker Initiated GC) [PSYoungGen: 153366K->52811K(180736K)] 486095K->386859K(705024K), 0.0215609 secs] [Times: user=0.23 sys=0.01, real=0.02 secs] 
2016-09-25T21:46:01.510-0400: 59.924: [GC (GCLocker Initiated GC) [PSYoungGen: 163915K->42206K(183808K)] 506296K->399103K(708096K), 0.0102666 secs] [Times: user=0.11 sys=0.00, real=0.01 secs] 
2016-09-25T21:46:01.613-0400: 60.027: [GC (GCLocker Initiated GC) [PSYoungGen: 153310K->65113K(182784K)] 512929K->425966K(707072K), 0.0138687 secs] [Times: user=0.17 sys=0.00, real=0.02 secs] 
2016-09-25T21:46:01.729-0400: 60.143: [GC (GCLocker Initiated GC) [PSYoungGen: 175705K->44625K(186368K)] 539413K->409467K(710656K), 0.0090899 secs] [Times: user=0.07 sys=0.00, real=0.01 secs] 
2016-09-25T21:46:01.838-0400: 60.253: [GC (GCLocker Initiated GC) [PSYoungGen: 155217K->41042K(183808K)] 532368K->419394K(708096K), 0.0154885 secs] [Times: user=0.14 sys=0.00, real=0.01 secs] 
2016-09-25T21:46:01.965-0400: 60.380: [GC (GCLocker Initiated GC) [PSYoungGen: 153170K->45952K(185856K)] 534277K->441883K(710144K), 0.0096835 secs] [Times: user=0.10 sys=0.00, real=0.01 secs] 
2016-09-25T21:46:02.061-0400: 60.476: [GC (GCLocker Initiated GC) [PSYoungGen: 158080K->55712K(187904K)] 558607K->457297K(712192K), 0.0099600 secs] [Times: user=0.13 sys=0.01, real=0.01 secs] 
2016-09-25T21:46:02.177-0400: 60.591: [GC (GCLocker Initiated GC) [PSYoungGen: 171936K->50396K(188416K)] 573562K->458622K(712704K), 0.0116399 secs] [Times: user=0.12 sys=0.01, real=0.01 secs] 
2016-09-25T21:46:02.294-0400: 60.708: [GC (GCLocker Initiated GC) [PSYoungGen: 166620K->61125K(186368K)] 577731K->473428K(710656K), 0.0092605 secs] [Times: user=0.07 sys=0.01, real=0.02 secs] 
2016-09-25T21:46:02.407-0400: 60.821: [GC (GCLocker Initiated GC) [PSYoungGen: 177349K->42122K(188416K)] 592371K->469173K(712704K), 0.0054882 secs] [Times: user=0.06 sys=0.00, real=0.00 secs] 
2016-09-25T21:46:02.500-0400: 60.915: [GC (GCLocker Initiated GC) [PSYoungGen: 158346K->62542K(185344K)] 588120K->507086K(709632K), 0.0063265 secs] [Times: user=0.06 sys=0.00, real=0.01 secs] 
2016-09-25T21:46:02.598-0400: 61.013: [GC (GCLocker Initiated GC) [PSYoungGen: 176206K->50281K(187904K)] 627510K->502817K(712192K), 0.0062053 secs] [Times: user=0.06 sys=0.00, real=0.01 secs] 
2016-09-25T21:46:02.720-0400: 61.134: [GC (GCLocker Initiated GC) [PSYoungGen: 163945K->36587K(187904K)] 622118K->495836K(712192K), 0.0167994 secs] [Times: user=0.18 sys=0.00, real=0.02 secs] 
2016-09-25T21:46:02.826-0400: 61.240: [GC (GCLocker Initiated GC) [PSYoungGen: 152299K->67661K(183808K)] 614313K->530778K(708096K), 0.0082916 secs] [Times: user=0.10 sys=0.01, real=0.01 secs] 
2016-09-25T21:46:02.926-0400: 61.341: [GC (GCLocker Initiated GC) [PSYoungGen: 183373K->62137K(182272K)] 646541K->526280K(706560K), 0.0053794 secs] [Times: user=0.06 sys=0.00, real=0.00 secs] 
2016-09-25T21:46:03.012-0400: 61.427: [GC (GCLocker Initiated GC) [PSYoungGen: 167609K->60915K(166400K)] 631861K->550495K(690688K), 0.0070403 secs] [Times: user=0.09 sys=0.01, real=0.01 secs] 
2016-09-25T21:46:03.112-0400: 61.527: [GC (GCLocker Initiated GC) [PSYoungGen: 166387K->52699K(185856K)] 655983K->559482K(710144K), 0.0058623 secs] [Times: user=0.08 sys=0.00, real=0.01 secs] 
2016-09-25T21:46:03.118-0400: 61.533: [Full GC (Ergonomics) [PSYoungGen: 52699K->0K(185856K)] [ParOldGen: 506783K->283002K(524288K)] 559482K->283002K(710144K), [Metaspace: 43521K->43521K(1085440K)], 0.0620563 secs] [Times: user=0.51 sys=0.02, real=0.06 secs] 
2016-09-25T21:46:03.269-0400: 61.683: [GC (GCLocker Initiated GC) [PSYoungGen: 107008K->52352K(159744K)] 392751K->338096K(684032K), 0.0083364 secs] [Times: user=0.08 sys=0.01, real=0.01 secs] 
2016-09-25T21:46:03.344-0400: 61.759: [GC (GCLocker Initiated GC) [PSYoungGen: 159360K->48683K(182272K)] 451919K->372952K(706560K), 0.0090660 secs] [Times: user=0.12 sys=0.00, real=0.00 secs] 
2016-09-25T21:46:03.449-0400: 61.863: [GC (GCLocker Initiated GC) [PSYoungGen: 156715K->47074K(181248K)] 489159K->391223K(705536K), 0.0155153 secs] [Times: user=0.23 sys=0.00, real=0.02 secs] 
2016-09-25T21:46:03.567-0400: 61.981: [GC (GCLocker Initiated GC) [PSYoungGen: 155106K->39010K(186880K)] 508719K->393412K(711168K), 0.0063686 secs] [Times: user=0.05 sys=0.00, real=0.00 secs] 
2016-09-25T21:46:03.663-0400: 62.078: [GC (GCLocker Initiated GC) [PSYoungGen: 153698K->51277K(186880K)] 513534K->412042K(711168K), 0.0151566 secs] [Times: user=0.18 sys=0.01, real=0.01 secs] 
2016-09-25T21:46:03.774-0400: 62.189: [GC (GCLocker Initiated GC) [PSYoungGen: 165965K->52427K(188928K)] 529579K->427752K(713216K), 0.0182742 secs] [Times: user=0.22 sys=0.00, real=0.01 secs] 
2016-09-25T21:46:03.896-0400: 62.311: [GC (GCLocker Initiated GC) [PSYoungGen: 171211K->59722K(187904K)] 550685K->440003K(712192K), 0.0258918 secs] [Times: user=0.34 sys=0.00, real=0.03 secs] 
2016-09-25T21:46:04.004-0400: 62.418: [GC (GCLocker Initiated GC) [PSYoungGen: 178506K->54062K(192000K)] 567081K->459896K(716288K), 0.0117944 secs] [Times: user=0.10 sys=0.01, real=0.01 secs] 
2016-09-25T21:46:04.118-0400: 62.533: [GC (GCLocker Initiated GC) [PSYoungGen: 176942K->57958K(192000K)] 582902K->478389K(716288K), 0.0133398 secs] [Times: user=0.19 sys=0.00, real=0.01 secs] 
2016-09-25T21:46:04.224-0400: 62.639: [GC (GCLocker Initiated GC) [PSYoungGen: 180838K->54051K(191488K)] 613650K->487673K(715776K), 0.0149858 secs] [Times: user=0.20 sys=0.00, real=0.01 secs] 
2016-09-25T21:46:04.330-0400: 62.744: [GC (GCLocker Initiated GC) [PSYoungGen: 177443K->65032K(188928K)] 616661K->505123K(713216K), 0.0093405 secs] [Times: user=0.08 sys=0.01, real=0.01 secs] 
2016-09-25T21:46:04.442-0400: 62.856: [GC (GCLocker Initiated GC) [PSYoungGen: 188424K->52735K(192000K)] 635440K->500609K(716288K), 0.0076929 secs] [Times: user=0.09 sys=0.00, real=0.01 secs] 
2016-09-25T21:46:04.526-0400: 62.940: [GC (GCLocker Initiated GC) [PSYoungGen: 173055K->70143K(190464K)] 621006K->527173K(714752K), 0.0062403 secs] [Times: user=0.08 sys=0.00, real=0.00 secs] 
2016-09-25T21:46:04.610-0400: 63.025: [GC (GCLocker Initiated GC) [PSYoungGen: 190463K->51146K(180224K)] 652912K->535850K(704512K), 0.0061829 secs] [Times: user=0.09 sys=0.00, real=0.01 secs] 
2016-09-25T21:46:04.729-0400: 63.143: [GC (GCLocker Initiated GC) [PSYoungGen: 159690K->38831K(147456K)] 652712K->532537K(671744K), 0.0131807 secs] [Times: user=0.13 sys=0.01, real=0.01 secs] 
2016-09-25T21:46:04.811-0400: 63.226: [GC (GCLocker Initiated GC) [PSYoungGen: 147375K->67181K(179712K)] 641313K->561782K(704000K), 0.0064835 secs] [Times: user=0.08 sys=0.00, real=0.01 secs] 
2016-09-25T21:46:04.895-0400: 63.309: [Full GC (Ergonomics) [PSYoungGen: 169581K->0K(179712K)] [ParOldGen: 498902K->283698K(524288K)] 668484K->283698K(704000K), [Metaspace: 43521K->43521K(1085440K)], 0.2204522 secs] [Times: user=2.05 sys=0.04, real=0.22 secs] 
2016-09-25T21:46:05.228-0400: 63.643: [GC (GCLocker Initiated GC) [PSYoungGen: 102400K->39154K(141824K)] 402315K->339070K(666112K), 0.0055126 secs] [Times: user=0.05 sys=0.00, real=0.00 secs] 
2016-09-25T21:46:05.307-0400: 63.721: [GC (GCLocker Initiated GC) [PSYoungGen: 141554K->64555K(179712K)] 447053K->377838K(704000K), 0.0137043 secs] [Times: user=0.18 sys=0.00, real=0.01 secs] 
2016-09-25T21:46:05.426-0400: 63.841: [GC (GCLocker Initiated GC) [PSYoungGen: 163883K->75332K(175104K)] 479942K->394619K(699392K), 0.0082053 secs] [Times: user=0.09 sys=0.00, real=0.01 secs] 
2016-09-25T21:46:05.517-0400: 63.931: [GC (GCLocker Initiated GC) [PSYoungGen: 174660K->52255K(177664K)] 493980K->372177K(701952K), 0.0088489 secs] [Times: user=0.08 sys=0.00, real=0.01 secs] 
2016-09-25T21:46:05.628-0400: 64.043: [GC (GCLocker Initiated GC) [PSYoungGen: 143391K->46972K(138240K)] 466225K->370297K(662528K), 0.0054723 secs] [Times: user=0.05 sys=0.00, real=0.00 secs] 
2016-09-25T21:46:05.694-0400: 64.109: [GC (GCLocker Initiated GC) [PSYoungGen: 138108K->56296K(177152K)] 461648K->393928K(701440K), 0.0215631 secs] [Times: user=0.24 sys=0.01, real=0.03 secs] 
2016-09-25T21:46:05.804-0400: 64.218: [GC (GCLocker Initiated GC) [PSYoungGen: 149992K->52247K(174592K)] 487771K->401229K(698880K), 0.0108171 secs] [Times: user=0.11 sys=0.00, real=0.01 secs] 
2016-09-25T21:46:05.903-0400: 64.318: [GC (GCLocker Initiated GC) [PSYoungGen: 145943K->63208K(176128K)] 499027K->416831K(700416K), 0.0056817 secs] [Times: user=0.08 sys=0.00, real=0.00 secs] 
2016-09-25T21:46:05.979-0400: 64.393: [GC (GCLocker Initiated GC) [PSYoungGen: 160488K->49675K(176640K)] 523725K->429716K(700928K), 0.0098915 secs] [Times: user=0.11 sys=0.00, real=0.01 secs] 
2016-09-25T21:46:06.092-0400: 64.506: [GC (GCLocker Initiated GC) [PSYoungGen: 146955K->64494K(181248K)] 527102K->458644K(705536K), 0.0079357 secs] [Times: user=0.08 sys=0.00, real=0.01 secs] 
2016-09-25T21:46:06.169-0400: 64.583: [GC (GCLocker Initiated GC) [PSYoungGen: 167406K->34698K(137728K)] 565615K->441500K(662016K), 0.0157606 secs] [Times: user=0.12 sys=0.00, real=0.02 secs] 
2016-09-25T21:46:06.269-0400: 64.683: [GC (GCLocker Initiated GC) [PSYoungGen: 137610K->44168K(182272K)] 548578K->455740K(706560K), 0.0066663 secs] [Times: user=0.08 sys=0.00, real=0.01 secs] 
2016-09-25T21:46:06.360-0400: 64.775: [GC (GCLocker Initiated GC) [PSYoungGen: 145544K->39980K(141824K)] 558724K->475353K(666112K), 0.0097908 secs] [Times: user=0.10 sys=0.00, real=0.01 secs] 
2016-09-25T21:46:06.450-0400: 64.864: [GC (GCLocker Initiated GC) [PSYoungGen: 141356K->40390K(181248K)] 586343K->499339K(705536K), 0.0204178 secs] [Times: user=0.23 sys=0.00, real=0.02 secs] 
2016-09-25T21:46:06.557-0400: 64.971: [GC (GCLocker Initiated GC) [PSYoungGen: 142278K->72668K(174592K)] 601418K->532592K(698880K), 0.0146385 secs] [Times: user=0.16 sys=0.00, real=0.01 secs] 
2016-09-25T21:46:06.658-0400: 65.073: [GC (GCLocker Initiated GC) [PSYoungGen: 174556K->72522K(172032K)] 634557K->533104K(696320K), 0.0100248 secs] [Times: user=0.11 sys=0.00, real=0.01 secs] 
2016-09-25T21:46:06.744-0400: 65.159: [GC (GCLocker Initiated GC) [PSYoungGen: 160586K->76564K(175104K)] 621389K->548691K(699392K), 0.0124422 secs] [Times: user=0.13 sys=0.00, real=0.01 secs] 
2016-09-25T21:46:06.830-0400: 65.244: [GC (GCLocker Initiated GC) [PSYoungGen: 164628K->59024K(175104K)] 639701K->534645K(699392K), 0.0085210 secs] [Times: user=0.09 sys=0.00, real=0.01 secs] 
2016-09-25T21:46:06.907-0400: 65.322: [GC (GCLocker Initiated GC) [PSYoungGen: 147088K->73942K(175104K)] 622733K->550170K(699392K), 0.0077125 secs] [Times: user=0.11 sys=0.00, real=0.01 secs] 
2016-09-25T21:46:07.006-0400: 65.420: [GC (GCLocker Initiated GC) [PSYoungGen: 162006K->40326K(175104K)] 645040K->523945K(699392K), 0.0069427 secs] [Times: user=0.07 sys=0.00, real=0.00 secs] 
2016-09-25T21:46:07.067-0400: 65.482: [GC (GCLocker Initiated GC) [PSYoungGen: 128390K->59197K(175104K)] 612068K->570556K(699392K), 0.0081505 secs] [Times: user=0.10 sys=0.01, real=0.01 secs] 
2016-09-25T21:46:07.075-0400: 65.490: [Full GC (Ergonomics) [PSYoungGen: 59197K->0K(175104K)] [ParOldGen: 511358K->294259K(524288K)] 570556K->294259K(699392K), [Metaspace: 43570K->43570K(1085440K)], 0.0609505 secs] [Times: user=0.50 sys=0.00, real=0.06 secs] 
2016-09-25T21:46:07.218-0400: 65.632: [GC (GCLocker Initiated GC) [PSYoungGen: 88064K->54243K(175104K)] 390461K->356640K(699392K), 0.0087146 secs] [Times: user=0.07 sys=0.00, real=0.01 secs] 
2016-09-25T21:46:07.297-0400: 65.711: [GC (GCLocker Initiated GC) [PSYoungGen: 142307K->73952K(175104K)] 444827K->379014K(699392K), 0.0089022 secs] [Times: user=0.11 sys=0.01, real=0.01 secs] 
2016-09-25T21:46:07.383-0400: 65.798: [GC (GCLocker Initiated GC) [PSYoungGen: 162016K->41360K(175104K)] 467115K->360498K(699392K), 0.0092227 secs] [Times: user=0.06 sys=0.00, real=0.00 secs] 
2016-09-25T21:46:07.463-0400: 65.877: [GC (GCLocker Initiated GC) [PSYoungGen: 129424K->41423K(175104K)] 455546K->373525K(699392K), 0.0166270 secs] [Times: user=0.20 sys=0.00, real=0.01 secs] 
2016-09-25T21:46:07.544-0400: 65.958: [GC (GCLocker Initiated GC) [PSYoungGen: 129487K->53666K(174080K)] 468488K->396011K(698368K), 0.0098103 secs] [Times: user=0.12 sys=0.00, real=0.00 secs] 
2016-09-25T21:46:07.618-0400: 66.033: [GC (GCLocker Initiated GC) [PSYoungGen: 141730K->48207K(136704K)] 489583K->415592K(660992K), 0.0094241 secs] [Times: user=0.13 sys=0.00, real=0.01 secs] 
2016-09-25T21:46:07.704-0400: 66.118: [GC (GCLocker Initiated GC) [PSYoungGen: 136271K->57720K(175616K)] 503685K->428382K(699904K), 0.0061316 secs] [Times: user=0.07 sys=0.00, real=0.00 secs] 
2016-09-25T21:46:07.789-0400: 66.203: [GC (GCLocker Initiated GC) [PSYoungGen: 148856K->53735K(174080K)] 524962K->433129K(698368K), 0.0149396 secs] [Times: user=0.13 sys=0.01, real=0.02 secs] 
2016-09-25T21:46:07.886-0400: 66.300: [GC (GCLocker Initiated GC) [PSYoungGen: 144871K->52450K(177152K)] 540683K->448899K(701440K), 0.0054026 secs] [Times: user=0.07 sys=0.00, real=0.00 secs] 
2016-09-25T21:46:07.961-0400: 66.375: [GC (GCLocker Initiated GC) [PSYoungGen: 149218K->63219K(175104K)] 548399K->463110K(699392K), 0.0060401 secs] [Times: user=0.07 sys=0.01, real=0.01 secs] 
2016-09-25T21:46:08.040-0400: 66.455: [GC (GCLocker Initiated GC) [PSYoungGen: 159987K->70034K(177152K)] 562717K->476062K(701440K), 0.0066594 secs] [Times: user=0.09 sys=0.00, real=0.01 secs] 
2016-09-25T21:46:08.133-0400: 66.548: [GC (GCLocker Initiated GC) [PSYoungGen: 168338K->55056K(180224K)] 579853K->467227K(704512K), 0.0097812 secs] [Times: user=0.10 sys=0.00, real=0.02 secs] 
2016-09-25T21:46:08.212-0400: 66.626: [GC (GCLocker Initiated GC) [PSYoungGen: 153360K->38983K(180224K)] 573867K->481690K(704512K), 0.0086689 secs] [Times: user=0.09 sys=0.00, real=0.01 secs] 
2016-09-25T21:46:08.309-0400: 66.724: [GC (GCLocker Initiated GC) [PSYoungGen: 139335K->59072K(180736K)] 587476K->507931K(705024K), 0.0083490 secs] [Times: user=0.10 sys=0.00, real=0.01 secs] 
2016-09-25T21:46:08.387-0400: 66.801: [GC (GCLocker Initiated GC) [PSYoungGen: 159424K->53864K(178176K)] 611229K->517124K(702464K), 0.0070844 secs] [Times: user=0.10 sys=0.00, real=0.01 secs] 
2016-09-25T21:46:08.480-0400: 66.894: [GC (GCLocker Initiated GC) [PSYoungGen: 156264K->59137K(179712K)] 619646K->523205K(704000K), 0.0055364 secs] [Times: user=0.07 sys=0.00, real=0.01 secs] 
2016-09-25T21:46:08.574-0400: 66.989: [GC (GCLocker Initiated GC) [PSYoungGen: 161537K->55277K(180224K)] 628540K->522919K(704512K), 0.0084990 secs] [Times: user=0.07 sys=0.00, real=0.01 secs] 
2016-09-25T21:46:08.663-0400: 67.078: [GC (GCLocker Initiated GC) [PSYoungGen: 163309K->57839K(182784K)] 633892K->529131K(707072K), 0.0065859 secs] [Times: user=0.07 sys=0.00, real=0.00 secs] 
2016-09-25T21:46:08.756-0400: 67.171: [GC (GCLocker Initiated GC) [PSYoungGen: 165871K->61836K(187392K)] 645292K->544572K(711680K), 0.0095322 secs] [Times: user=0.13 sys=0.00, real=0.01 secs] 
2016-09-25T21:46:08.852-0400: 67.266: [GC (GCLocker Initiated GC) [PSYoungGen: 175500K->46919K(187904K)] 663661K->551910K(712192K), 0.0127353 secs] [Times: user=0.15 sys=0.00, real=0.02 secs] 
2016-09-25T21:46:08.865-0400: 67.279: [Full GC (Ergonomics) [PSYoungGen: 46919K->0K(187904K)] [ParOldGen: 504990K->302770K(524288K)] 551910K->302770K(712192K), [Metaspace: 43570K->43570K(1085440K)], 0.0695218 secs] [Times: user=0.44 sys=0.02, real=0.07 secs] 
2016-09-25T21:46:09.011-0400: 67.425: [GC (GCLocker Initiated GC) [PSYoungGen: 113664K->54017K(184832K)] 419177K->359531K(709120K), 0.0288637 secs] [Times: user=0.33 sys=0.00, real=0.03 secs] 
2016-09-25T21:46:09.140-0400: 67.555: [GC (GCLocker Initiated GC) [PSYoungGen: 168193K->41640K(186368K)] 484868K->359402K(710656K), 0.0055574 secs] [Times: user=0.07 sys=0.00, real=0.01 secs] 
2016-09-25T21:46:09.216-0400: 67.631: [GC (GCLocker Initiated GC) [PSYoungGen: 155816K->67261K(182784K)] 473633K->385652K(707072K), 0.0100281 secs] [Times: user=0.15 sys=0.01, real=0.01 secs] 
2016-09-25T21:46:09.309-0400: 67.723: [GC (GCLocker Initiated GC) [PSYoungGen: 176829K->63184K(173056K)] 498169K->389149K(697344K), 0.0064808 secs] [Times: user=0.07 sys=0.00, real=0.01 secs] 
2016-09-25T21:46:09.389-0400: 67.803: [GC (GCLocker Initiated GC) [PSYoungGen: 172752K->71283K(178176K)] 501560K->400647K(702464K), 0.0130741 secs] [Times: user=0.14 sys=0.02, real=0.02 secs] 
2016-09-25T21:46:09.488-0400: 67.902: [GC (GCLocker Initiated GC) [PSYoungGen: 172659K->48143K(181760K)] 504767K->391598K(706048K), 0.0100840 secs] [Times: user=0.06 sys=0.01, real=0.01 secs] 
2016-09-25T21:46:09.562-0400: 67.977: [GC (GCLocker Initiated GC) [PSYoungGen: 149519K->42970K(181248K)] 498734K->403550K(705536K), 0.0129691 secs] [Times: user=0.17 sys=0.00, real=0.01 secs] 
2016-09-25T21:46:09.628-0400: 68.043: [GC (GCLocker Initiated GC) [PSYoungGen: 144858K->71226K(173568K)] 510950K->437917K(697856K), 0.0130954 secs] [Times: user=0.19 sys=0.00, real=0.01 secs] 
2016-09-25T21:46:09.752-0400: 68.167: [GC (GCLocker Initiated GC) [PSYoungGen: 173114K->31850K(175616K)] 539838K->415272K(699904K), 0.0170781 secs] [Times: user=0.10 sys=0.00, real=0.02 secs] 
2016-09-25T21:46:09.837-0400: 68.252: [GC (GCLocker Initiated GC) [PSYoungGen: 124010K->37574K(177152K)] 521060K->459404K(701440K), 0.0064911 secs] [Times: user=0.09 sys=0.01, real=0.01 secs] 
2016-09-25T21:46:09.922-0400: 68.336: [GC (GCLocker Initiated GC) [PSYoungGen: 129734K->62999K(176128K)] 551615K->488208K(700416K), 0.0146912 secs] [Times: user=0.17 sys=0.01, real=0.02 secs] 
2016-09-25T21:46:10.022-0400: 68.436: [GC (GCLocker Initiated GC) [PSYoungGen: 154135K->53613K(144896K)] 587484K->487365K(669184K), 0.0098426 secs] [Times: user=0.11 sys=0.00, real=0.01 secs] 
2016-09-25T21:46:10.088-0400: 68.503: [GC (GCLocker Initiated GC) [PSYoungGen: 144749K->67148K(172032K)] 584138K->517884K(696320K), 0.0071891 secs] [Times: user=0.09 sys=0.00, real=0.01 secs] 
2016-09-25T21:46:10.199-0400: 68.613: [GC (GCLocker Initiated GC) [PSYoungGen: 156748K->61650K(174080K)] 607540K->512944K(698368K), 0.0206877 secs] [Times: user=0.20 sys=0.02, real=0.02 secs] 
2016-09-25T21:46:10.292-0400: 68.706: [GC (GCLocker Initiated GC) [PSYoungGen: 151250K->42845K(176128K)] 605498K->516461K(700416K), 0.0093125 secs] [Times: user=0.09 sys=0.00, real=0.01 secs] 
2016-09-25T21:46:10.412-0400: 68.827: [GC (GCLocker Initiated GC) [PSYoungGen: 136541K->57570K(177152K)] 612927K->537163K(701440K), 0.0076443 secs] [Times: user=0.06 sys=0.00, real=0.01 secs] 
2016-09-25T21:46:10.497-0400: 68.911: [GC (GCLocker Initiated GC) [PSYoungGen: 151266K->40179K(177664K)] 639037K->542008K(701952K), 0.0071621 secs] [Times: user=0.07 sys=0.00, real=0.01 secs] 
2016-09-25T21:46:10.504-0400: 68.919: [Full GC (Ergonomics) [PSYoungGen: 40179K->0K(177664K)] [ParOldGen: 501828K->305418K(524288K)] 542008K->305418K(701952K), [Metaspace: 43577K->43577K(1085440K)], 0.0907141 secs] [Times: user=0.56 sys=0.00, real=0.09 secs] 
2016-09-25T21:46:10.669-0400: 69.083: [GC (GCLocker Initiated GC) [PSYoungGen: 96256K->41625K(177664K)] 401820K->347190K(701952K), 0.0090887 secs] [Times: user=0.05 sys=0.00, real=0.01 secs] 
2016-09-25T21:46:10.753-0400: 69.167: [GC (GCLocker Initiated GC) [PSYoungGen: 137881K->46837K(177152K)] 453039K->365517K(701440K), 0.0386161 secs] [Times: user=0.45 sys=0.01, real=0.04 secs] 
2016-09-25T21:46:10.883-0400: 69.297: [GC (GCLocker Initiated GC) [PSYoungGen: 146677K->42846K(178688K)] 473592K->370306K(702976K), 0.0107631 secs] [Times: user=0.15 sys=0.00, real=0.00 secs] 
2016-09-25T21:46:10.963-0400: 69.377: [GC (GCLocker Initiated GC) [PSYoungGen: 142686K->73898K(172544K)] 470252K->402028K(696832K), 0.0112694 secs] [Times: user=0.16 sys=0.00, real=0.01 secs] 
2016-09-25T21:46:11.071-0400: 69.486: [GC (GCLocker Initiated GC) [PSYoungGen: 169130K->46934K(178688K)] 501142K->398381K(702976K), 0.0070435 secs] [Times: user=0.08 sys=0.01, real=0.01 secs] 
2016-09-25T21:46:11.140-0400: 69.554: [GC (GCLocker Initiated GC) [PSYoungGen: 142166K->63066K(178688K)] 493865K->415319K(702976K), 0.0066883 secs] [Times: user=0.08 sys=0.00, real=0.01 secs] 
2016-09-25T21:46:11.224-0400: 69.638: [GC (GCLocker Initiated GC) [PSYoungGen: 160346K->60433K(179712K)] 523417K->429365K(704000K), 0.0101004 secs] [Times: user=0.15 sys=0.00, real=0.00 secs] 
2016-09-25T21:46:11.306-0400: 69.720: [GC (Allocation Failure) [PSYoungGen: 157713K->57801K(176640K)] 535376K->449532K(700928K), 0.0101800 secs] [Times: user=0.13 sys=0.00, real=0.01 secs] 
2016-09-25T21:46:11.317-0400: 69.731: [GC (GCLocker Initiated GC) [PSYoungGen: 58504K->603K(98304K)] 450236K->445781K(622592K), 0.0053812 secs] [Times: user=0.07 sys=0.00, real=0.01 secs] 
2016-09-25T21:46:11.408-0400: 69.822: [GC (GCLocker Initiated GC) [PSYoungGen: 97883K->63452K(175104K)] 543065K->508642K(699392K), 0.0120143 secs] [Times: user=0.13 sys=0.00, real=0.01 secs] 
2016-09-25T21:46:11.485-0400: 69.900: [GC (GCLocker Initiated GC) [PSYoungGen: 151516K->59020K(175104K)] 602230K->510588K(699392K), 0.0054550 secs] [Times: user=0.07 sys=0.00, real=0.00 secs] 
2016-09-25T21:46:11.559-0400: 69.974: [GC (GCLocker Initiated GC) [PSYoungGen: 147084K->50889K(169984K)] 604126K->524669K(694272K), 0.0094531 secs] [Times: user=0.13 sys=0.00, real=0.01 secs] 
2016-09-25T21:46:11.633-0400: 70.047: [GC (GCLocker Initiated GC) [PSYoungGen: 138953K->44041K(172544K)] 612862K->542765K(696832K), 0.0072394 secs] [Times: user=0.08 sys=0.00, real=0.01 secs] 
2016-09-25T21:46:11.640-0400: 70.055: [Full GC (Ergonomics) [PSYoungGen: 44041K->0K(172544K)] [ParOldGen: 498724K->310666K(524288K)] 542765K->310666K(696832K), [Metaspace: 43583K->43583K(1085440K)], 0.0824072 secs] [Times: user=0.69 sys=0.03, real=0.09 secs] 
2016-09-25T21:46:11.791-0400: 70.205: [GC (GCLocker Initiated GC) [PSYoungGen: 88064K->46161K(173056K)] 403010K->361107K(697344K), 0.0053366 secs] [Times: user=0.07 sys=0.00, real=0.01 secs] 
2016-09-25T21:46:11.878-0400: 70.293: [GC (GCLocker Initiated GC) [PSYoungGen: 141393K->44183K(175616K)] 461040K->367693K(699904K), 0.0084826 secs] [Times: user=0.08 sys=0.00, real=0.01 secs] 
2016-09-25T21:46:11.969-0400: 70.383: [GC (GCLocker Initiated GC) [PSYoungGen: 139415K->68478K(175616K)] 462960K->392566K(699904K), 0.0063155 secs] [Times: user=0.08 sys=0.00, real=0.01 secs] 
2016-09-25T21:46:12.047-0400: 70.462: [GC (GCLocker Initiated GC) [PSYoungGen: 165758K->47042K(179712K)] 492715K->398780K(704000K), 0.0082019 secs] [Times: user=0.12 sys=0.00, real=0.01 secs] 
2016-09-25T21:46:12.130-0400: 70.544: [GC (GCLocker Initiated GC) [PSYoungGen: 144322K->48360K(174080K)] 500095K->431811K(698368K), 0.0090614 secs] [Times: user=0.13 sys=0.00, real=0.01 secs] 
2016-09-25T21:46:12.210-0400: 70.625: [GC (GCLocker Initiated GC) [PSYoungGen: 148200K->53706K(177664K)] 541312K->447377K(701952K), 0.0082110 secs] [Times: user=0.08 sys=0.00, real=0.01 secs] 
2016-09-25T21:46:12.294-0400: 70.708: [GC (GCLocker Initiated GC) [PSYoungGen: 153546K->75360K(173568K)] 549980K->475094K(697856K), 0.0104431 secs] [Times: user=0.15 sys=0.01, real=0.02 secs] 
2016-09-25T21:46:12.383-0400: 70.797: [GC (GCLocker Initiated GC) [PSYoungGen: 172640K->57778K(179712K)] 575190K->477110K(704000K), 0.0060258 secs] [Times: user=0.08 sys=0.00, real=0.00 secs] 
2016-09-25T21:46:12.463-0400: 70.878: [GC (GCLocker Initiated GC) [PSYoungGen: 155058K->65986K(177664K)] 579864K->504866K(701952K), 0.0074608 secs] [Times: user=0.09 sys=0.01, real=0.00 secs] 
2016-09-25T21:46:12.547-0400: 70.962: [GC (GCLocker Initiated GC) [PSYoungGen: 162242K->57746K(179200K)] 603877K->510863K(703488K), 0.0145906 secs] [Times: user=0.17 sys=0.00, real=0.01 secs] 
2016-09-25T21:46:12.651-0400: 71.065: [GC (GCLocker Initiated GC) [PSYoungGen: 154002K->45534K(177152K)] 613893K->505967K(701440K), 0.0058539 secs] [Times: user=0.06 sys=0.00, real=0.01 secs] 
2016-09-25T21:46:12.741-0400: 71.155: [GC (GCLocker Initiated GC) [PSYoungGen: 143326K->56432K(178176K)] 616044K->529781K(702464K), 0.0065664 secs] [Times: user=0.08 sys=0.00, real=0.01 secs] 
2016-09-25T21:46:12.831-0400: 71.245: [GC (GCLocker Initiated GC) [PSYoungGen: 154224K->46763K(180736K)] 627610K->528827K(705024K), 0.0115013 secs] [Times: user=0.10 sys=0.00, real=0.02 secs] 
2016-09-25T21:46:12.909-0400: 71.323: [GC (GCLocker Initiated GC) [PSYoungGen: 150187K->49702K(180736K)] 636310K->555285K(705024K), 0.0120533 secs] [Times: user=0.16 sys=0.00, real=0.01 secs] 
2016-09-25T21:46:12.921-0400: 71.336: [Full GC (Ergonomics) [PSYoungGen: 49702K->0K(180736K)] [ParOldGen: 505582K->323412K(524288K)] 555285K->323412K(705024K), [Metaspace: 43593K->43593K(1085440K)], 0.0645919 secs] [Times: user=0.40 sys=0.01, real=0.07 secs] 
2016-09-25T21:46:13.072-0400: 71.487: [GC (GCLocker Initiated GC) [PSYoungGen: 103424K->48800K(183296K)] 435849K->381226K(707584K), 0.0059683 secs] [Times: user=0.06 sys=0.00, real=0.01 secs] 
2016-09-25T21:46:13.160-0400: 71.575: [GC (GCLocker Initiated GC) [PSYoungGen: 157856K->59237K(183296K)] 494535K->396995K(707584K), 0.0213106 secs] [Times: user=0.30 sys=0.01, real=0.02 secs] 
2016-09-25T21:46:13.273-0400: 71.687: [GC (GCLocker Initiated GC) [PSYoungGen: 168293K->61950K(185344K)] 511499K->405733K(709632K), 0.0060349 secs] [Times: user=0.08 sys=0.00, real=0.01 secs] 
2016-09-25T21:46:13.359-0400: 71.774: [GC (GCLocker Initiated GC) [PSYoungGen: 172542K->55170K(165888K)] 519260K->413416K(690176K), 0.0064489 secs] [Times: user=0.08 sys=0.00, real=0.01 secs] 
2016-09-25T21:46:13.458-0400: 71.872: [GC (GCLocker Initiated GC) [PSYoungGen: 165762K->51287K(186368K)] 529633K->421280K(710656K), 0.0059295 secs] [Times: user=0.07 sys=0.00, real=0.01 secs] 
2016-09-25T21:46:13.550-0400: 71.965: [GC (GCLocker Initiated GC) [PSYoungGen: 163927K->69909K(185344K)] 534133K->440921K(709632K), 0.0060235 secs] [Times: user=0.08 sys=0.00, real=0.01 secs] 
2016-09-25T21:46:13.648-0400: 72.063: [GC (GCLocker Initiated GC) [PSYoungGen: 182549K->53847K(187392K)] 557672K->429516K(711680K), 0.0193588 secs] [Times: user=0.21 sys=0.00, real=0.02 secs] 
2016-09-25T21:46:13.757-0400: 72.172: [GC (GCLocker Initiated GC) [PSYoungGen: 164951K->67317K(178688K)] 540694K->457339K(702976K), 0.0074398 secs] [Times: user=0.07 sys=0.00, real=0.01 secs] 
2016-09-25T21:46:13.846-0400: 72.260: [GC (GCLocker Initiated GC) [PSYoungGen: 178421K->57966K(186368K)] 572675K->477199K(710656K), 0.0100210 secs] [Times: user=0.12 sys=0.00, real=0.01 secs] 
2016-09-25T21:46:13.947-0400: 72.361: [GC (GCLocker Initiated GC) [PSYoungGen: 167022K->56407K(165888K)] 586302K->489981K(690176K), 0.0105579 secs] [Times: user=0.14 sys=0.00, real=0.01 secs] 
2016-09-25T21:46:14.055-0400: 72.470: [GC (GCLocker Initiated GC) [PSYoungGen: 165463K->51213K(183296K)] 608549K->494908K(707584K), 0.0151962 secs] [Times: user=0.18 sys=0.00, real=0.01 secs] 
2016-09-25T21:46:14.154-0400: 72.568: [GC (GCLocker Initiated GC) [PSYoungGen: 160781K->72841K(182784K)] 604629K->522864K(707072K), 0.0068149 secs] [Times: user=0.09 sys=0.00, real=0.01 secs] 
2016-09-25T21:46:14.256-0400: 72.671: [GC (GCLocker Initiated GC) [PSYoungGen: 182409K->30820K(179200K)] 637842K->508584K(703488K), 0.0086876 secs] [Times: user=0.10 sys=0.01, real=0.01 secs] 
2016-09-25T21:46:14.331-0400: 72.746: [GC (GCLocker Initiated GC) [PSYoungGen: 132196K->49882K(181760K)] 615403K->547286K(706048K), 0.0085247 secs] [Times: user=0.09 sys=0.01, real=0.01 secs] 
2016-09-25T21:46:14.340-0400: 72.754: [Full GC (Ergonomics) [PSYoungGen: 49882K->0K(181760K)] [ParOldGen: 497403K->332199K(524288K)] 547286K->332199K(706048K), [Metaspace: 43595K->43595K(1085440K)], 0.0683763 secs] [Times: user=0.53 sys=0.02, real=0.07 secs] 
2016-09-25T21:46:14.492-0400: 72.906: [GC (GCLocker Initiated GC) [PSYoungGen: 101376K->70440K(177152K)] 436496K->405560K(701440K), 0.0076599 secs] [Times: user=0.09 sys=0.01, real=0.01 secs] 
2016-09-25T21:46:14.557-0400: 72.972: [GC (GCLocker Initiated GC) [PSYoungGen: 168744K->61946K(180224K)] 506640K->419852K(704512K), 0.0074008 secs] [Times: user=0.10 sys=0.01, real=0.01 secs] 
2016-09-25T21:46:14.647-0400: 73.062: [GC (GCLocker Initiated GC) [PSYoungGen: 160250K->51243K(177152K)] 523702K->447908K(701440K), 0.0071813 secs] [Times: user=0.10 sys=0.00, real=0.01 secs] 
2016-09-25T21:46:14.785-0400: 73.199: [GC (GCLocker Initiated GC) [PSYoungGen: 149547K->47281K(178688K)] 553106K->465153K(702976K), 0.0072924 secs] [Times: user=0.10 sys=0.00, real=0.00 secs] 
2016-09-25T21:46:14.863-0400: 73.278: [GC (GCLocker Initiated GC) [PSYoungGen: 145585K->59342K(179200K)] 563568K->491814K(703488K), 0.0078838 secs] [Times: user=0.09 sys=0.01, real=0.00 secs] 
2016-09-25T21:46:15.012-0400: 73.427: [GC (GCLocker Initiated GC) [PSYoungGen: 161742K->44473K(180736K)] 599758K->483144K(705024K), 0.0153413 secs] [Times: user=0.21 sys=0.00, real=0.02 secs] 
2016-09-25T21:46:15.099-0400: 73.513: [GC (GCLocker Initiated GC) [PSYoungGen: 146873K->60834K(183808K)] 585619K->524793K(708096K), 0.0087119 secs] [Times: user=0.11 sys=0.00, real=0.01 secs] 
2016-09-25T21:46:15.248-0400: 73.662: [GC (GCLocker Initiated GC) [PSYoungGen: 166306K->35023K(140800K)] 645174K->525557K(665088K), 0.0049970 secs] [Times: user=0.06 sys=0.00, real=0.00 secs] 
2016-09-25T21:46:15.253-0400: 73.668: [Full GC (Ergonomics) [PSYoungGen: 35023K->0K(140800K)] [ParOldGen: 490533K->338137K(524288K)] 525557K->338137K(665088K), [Metaspace: 43604K->43604K(1085440K)], 0.0627557 secs] [Times: user=0.56 sys=0.00, real=0.07 secs] 
2016-09-25T21:46:15.432-0400: 73.847: [GC (Allocation Failure) [PSYoungGen: 105472K->65344K(178688K)] 451935K->411807K(702976K), 0.0113901 secs] [Times: user=0.16 sys=0.00, real=0.02 secs] 
2016-09-25T21:46:15.510-0400: 73.924: [GC (GCLocker Initiated GC) [PSYoungGen: 162226K->64633K(164352K)] 511389K->415210K(688640K), 0.0074969 secs] [Times: user=0.09 sys=0.00, real=0.01 secs] 
2016-09-25T21:46:15.624-0400: 74.038: [GC (GCLocker Initiated GC) [PSYoungGen: 163961K->57958K(181760K)] 521606K->416274K(706048K), 0.0138673 secs] [Times: user=0.15 sys=0.02, real=0.01 secs] 
2016-09-25T21:46:15.719-0400: 74.133: [GC (GCLocker Initiated GC) [PSYoungGen: 157286K->71491K(171008K)] 521087K->436102K(695296K), 0.0068540 secs] [Times: user=0.10 sys=0.00, real=0.01 secs] 
2016-09-25T21:46:15.848-0400: 74.262: [GC (GCLocker Initiated GC) [PSYoungGen: 170819K->51241K(179712K)] 538171K->446387K(704000K), 0.0113484 secs] [Times: user=0.15 sys=0.00, real=0.01 secs] 
2016-09-25T21:46:15.952-0400: 74.367: [GC (GCLocker Initiated GC) [PSYoungGen: 146985K->67313K(178176K)] 542463K->479785K(702464K), 0.0152366 secs] [Times: user=0.22 sys=0.00, real=0.02 secs] 
2016-09-25T21:46:16.061-0400: 74.475: [GC (GCLocker Initiated GC) [PSYoungGen: 163057K->49857K(178176K)] 579609K->480672K(702464K), 0.0136956 secs] [Times: user=0.17 sys=0.00, real=0.02 secs] 
2016-09-25T21:46:16.155-0400: 74.569: [GC (GCLocker Initiated GC) [PSYoungGen: 145601K->51344K(178176K)] 581924K->504636K(702464K), 0.0068920 secs] [Times: user=0.08 sys=0.00, real=0.00 secs] 
2016-09-25T21:46:16.224-0400: 74.638: [GC (GCLocker Initiated GC) [PSYoungGen: 147088K->62039K(178688K)] 603136K->529686K(702976K), 0.0072465 secs] [Times: user=0.10 sys=0.00, real=0.00 secs] 
2016-09-25T21:46:16.312-0400: 74.727: [GC (GCLocker Initiated GC) [PSYoungGen: 159831K->52808K(178176K)] 637093K->530871K(702464K), 0.0149920 secs] [Times: user=0.20 sys=0.00, real=0.02 secs] 
2016-09-25T21:46:16.399-0400: 74.813: [GC (GCLocker Initiated GC) [PSYoungGen: 150600K->64660K(178688K)] 634217K->549173K(702976K), 0.0065985 secs] [Times: user=0.08 sys=0.00, real=0.01 secs] 
2016-09-25T21:46:16.498-0400: 74.913: [GC (GCLocker Initiated GC) [PSYoungGen: 164500K->29339K(179712K)] 649035K->525412K(704000K), 0.0059987 secs] [Times: user=0.05 sys=0.00, real=0.01 secs] 
2016-09-25T21:46:16.504-0400: 74.919: [Full GC (Ergonomics) [PSYoungGen: 29339K->0K(179712K)] [ParOldGen: 496073K->341528K(524288K)] 525412K->341528K(704000K), [Metaspace: 43613K->43613K(1085440K)], 0.0581807 secs] [Times: user=0.31 sys=0.01, real=0.06 secs] 
2016-09-25T21:46:16.643-0400: 75.058: [GC (GCLocker Initiated GC) [PSYoungGen: 99840K->40151K(180224K)] 457481K->397792K(704512K), 0.0063997 secs] [Times: user=0.06 sys=0.01, real=0.00 secs] 
2016-09-25T21:46:16.724-0400: 75.139: [GC (GCLocker Initiated GC) [PSYoungGen: 137943K->67159K(165376K)] 498419K->430567K(689664K), 0.0153120 secs] [Times: user=0.20 sys=0.00, real=0.01 secs] 
2016-09-25T21:46:16.837-0400: 75.251: [GC (GCLocker Initiated GC) [PSYoungGen: 164951K->53862K(180736K)] 533907K->436967K(705024K), 0.0106887 secs] [Times: user=0.12 sys=0.00, real=0.01 secs] 
2016-09-25T21:46:16.931-0400: 75.345: [GC (GCLocker Initiated GC) [PSYoungGen: 150118K->52545K(148992K)] 536497K->450472K(673280K), 0.0095120 secs] [Times: user=0.14 sys=0.00, real=0.01 secs] 
2016-09-25T21:46:17.012-0400: 75.426: [GC (GCLocker Initiated GC) [PSYoungGen: 148801K->72750K(171520K)] 546865K->471579K(695808K), 0.0108025 secs] [Times: user=0.16 sys=0.00, real=0.02 secs] 
2016-09-25T21:46:17.101-0400: 75.515: [GC (GCLocker Initiated GC) [PSYoungGen: 164910K->49921K(175616K)] 570523K->456190K(699904K), 0.0058385 secs] [Times: user=0.08 sys=0.00, real=0.01 secs] 
2016-09-25T21:46:17.183-0400: 75.598: [GC (GCLocker Initiated GC) [PSYoungGen: 142081K->51257K(173056K)] 551681K->461721K(697344K), 0.0131688 secs] [Times: user=0.14 sys=0.00, real=0.01 secs] 
2016-09-25T21:46:17.263-0400: 75.678: [GC (GCLocker Initiated GC) [PSYoungGen: 148025K->71599K(176640K)] 563975K->488304K(700928K), 0.0099009 secs] [Times: user=0.14 sys=0.00, real=0.00 secs] 
2016-09-25T21:46:17.369-0400: 75.784: [GC (GCLocker Initiated GC) [PSYoungGen: 168367K->70048K(173568K)] 585225K->487651K(697856K), 0.0082085 secs] [Times: user=0.10 sys=0.00, real=0.01 secs] 
2016-09-25T21:46:17.448-0400: 75.862: [GC (GCLocker Initiated GC) [PSYoungGen: 160160K->36367K(126976K)] 584591K->480368K(651264K), 0.0075721 secs] [Times: user=0.07 sys=0.01, real=0.01 secs] 
2016-09-25T21:46:17.524-0400: 75.939: [GC (GCLocker Initiated GC) [PSYoungGen: 126479K->53936K(178176K)] 575902K->504234K(702464K), 0.0101122 secs] [Times: user=0.14 sys=0.00, real=0.01 secs] 
2016-09-25T21:46:17.599-0400: 76.013: [GC (GCLocker Initiated GC) [PSYoungGen: 145072K->59199K(150528K)] 595511K->510360K(674816K), 0.0087494 secs] [Times: user=0.10 sys=0.00, real=0.01 secs] 
2016-09-25T21:46:17.679-0400: 76.094: [GC (GCLocker Initiated GC) [PSYoungGen: 150335K->49795K(175104K)] 607081K->523386K(699392K), 0.0063311 secs] [Times: user=0.08 sys=0.01, real=0.01 secs] 
2016-09-25T21:46:17.762-0400: 76.176: [GC (GCLocker Initiated GC) [PSYoungGen: 142467K->49774K(173568K)] 616360K->524366K(697856K), 0.0110613 secs] [Times: user=0.13 sys=0.00, real=0.01 secs] 
2016-09-25T21:46:17.839-0400: 76.253: [GC (GCLocker Initiated GC) [PSYoungGen: 142446K->76654K(171520K)] 617417K->565864K(695808K), 0.0081671 secs] [Times: user=0.09 sys=0.00, real=0.01 secs] 
2016-09-25T21:46:17.915-0400: 76.330: [GC (GCLocker Initiated GC) [PSYoungGen: 168814K->45693K(177152K)] 659438K->555808K(701440K), 0.0070649 secs] [Times: user=0.07 sys=0.00, real=0.01 secs] 
2016-09-25T21:46:17.923-0400: 76.337: [Full GC (Ergonomics) [PSYoungGen: 45693K->0K(177152K)] [ParOldGen: 510114K->359441K(524288K)] 555808K->359441K(701440K), [Metaspace: 43617K->43617K(1085440K)], 0.0576839 secs] [Times: user=0.46 sys=0.02, real=0.05 secs] 
2016-09-25T21:46:18.045-0400: 76.460: [GC (GCLocker Initiated GC) [PSYoungGen: 92160K->75624K(172032K)] 454385K->437849K(696320K), 0.0136688 secs] [Times: user=0.20 sys=0.00, real=0.01 secs] 
2016-09-25T21:46:18.135-0400: 76.549: [GC (GCLocker Initiated GC) [PSYoungGen: 163688K->68682K(175104K)] 526116K->432012K(699392K), 0.0092450 secs] [Times: user=0.12 sys=0.00, real=0.01 secs] 
2016-09-25T21:46:18.215-0400: 76.629: [GC (GCLocker Initiated GC) [PSYoungGen: 156746K->72695K(175104K)] 520101K->444804K(699392K), 0.0096507 secs] [Times: user=0.14 sys=0.00, real=0.01 secs] 
2016-09-25T21:46:18.288-0400: 76.703: [GC (GCLocker Initiated GC) [PSYoungGen: 160759K->51054K(175104K)] 533038K->432042K(699392K), 0.0088649 secs] [Times: user=0.10 sys=0.00, real=0.01 secs] 
2016-09-25T21:46:18.369-0400: 76.784: [GC (GCLocker Initiated GC) [PSYoungGen: 139118K->49712K(175104K)] 528228K->463769K(699392K), 0.0093402 secs] [Times: user=0.12 sys=0.00, real=0.01 secs] 
2016-09-25T21:46:18.439-0400: 76.853: [GC (GCLocker Initiated GC) [PSYoungGen: 137776K->56463K(144896K)] 551914K->487401K(669184K), 0.0207554 secs] [Times: user=0.25 sys=0.00, real=0.02 secs] 
2016-09-25T21:46:18.529-0400: 76.943: [GC (GCLocker Initiated GC) [PSYoungGen: 144527K->57731K(176640K)] 578198K->492018K(700928K), 0.0159781 secs] [Times: user=0.16 sys=0.00, real=0.02 secs] 
2016-09-25T21:46:18.610-0400: 77.024: [GC (Allocation Failure) [PSYoungGen: 148355K->37495K(174080K)] 582667K->496802K(698368K), 0.0168235 secs] [Times: user=0.19 sys=0.00, real=0.02 secs] 
2016-09-25T21:46:18.706-0400: 77.120: [GC (GCLocker Initiated GC) [PSYoungGen: 127630K->46994K(177152K)] 589637K->525854K(701440K), 0.0078915 secs] [Times: user=0.06 sys=0.00, real=0.00 secs] 
2016-09-25T21:46:18.781-0400: 77.195: [GC (GCLocker Initiated GC) [PSYoungGen: 141202K->55111K(149504K)] 623524K->538111K(673792K), 0.0062792 secs] [Times: user=0.06 sys=0.00, real=0.01 secs] 
2016-09-25T21:46:18.859-0400: 77.274: [Full GC (Ergonomics) [PSYoungGen: 149319K->0K(149504K)] [ParOldGen: 491358K->369809K(524288K)] 640678K->369809K(673792K), [Metaspace: 43619K->43619K(1085440K)], 0.0651197 secs] [Times: user=0.39 sys=0.01, real=0.07 secs] 
2016-09-25T21:46:19.009-0400: 77.423: [GC (GCLocker Initiated GC) [PSYoungGen: 94208K->51050K(178176K)] 464071K->420914K(702464K), 0.0351920 secs] [Times: user=0.33 sys=0.00, real=0.04 secs] 
2016-09-25T21:46:19.120-0400: 77.534: [GC (GCLocker Initiated GC) [PSYoungGen: 148842K->51048K(176640K)] 519024K->441030K(700928K), 0.0071839 secs] [Times: user=0.06 sys=0.00, real=0.01 secs] 
2016-09-25T21:46:19.195-0400: 77.610: [GC (GCLocker Initiated GC) [PSYoungGen: 148840K->49585K(181248K)] 540211K->459124K(705536K), 0.0121760 secs] [Times: user=0.10 sys=0.00, real=0.01 secs] 
2016-09-25T21:46:19.296-0400: 77.710: [GC (GCLocker Initiated GC) [PSYoungGen: 154033K->51063K(179712K)] 570340K->468043K(704000K), 0.0086837 secs] [Times: user=0.13 sys=0.00, real=0.01 secs] 
2016-09-25T21:46:19.379-0400: 77.793: [GC (GCLocker Initiated GC) [PSYoungGen: 155511K->49934K(184832K)] 584812K->479876K(709120K), 0.0056305 secs] [Times: user=0.07 sys=0.00, real=0.01 secs] 
2016-09-25T21:46:19.460-0400: 77.874: [GC (GCLocker Initiated GC) [PSYoungGen: 161038K->51119K(183808K)] 593926K->498285K(708096K), 0.0108278 secs] [Times: user=0.08 sys=0.02, real=0.01 secs] 
2016-09-25T21:46:19.551-0400: 77.966: [GC (GCLocker Initiated GC) [PSYoungGen: 162223K->54842K(187904K)] 609433K->502749K(712192K), 0.0113516 secs] [Times: user=0.07 sys=0.01, real=0.02 secs] 
2016-09-25T21:46:19.640-0400: 78.054: [GC (GCLocker Initiated GC) [PSYoungGen: 172090K->60651K(186880K)] 621353K->540152K(711168K), 0.0080106 secs] [Times: user=0.11 sys=0.00, real=0.01 secs] 
2016-09-25T21:46:19.732-0400: 78.147: [GC (GCLocker Initiated GC) [PSYoungGen: 177899K->47059K(191488K)] 662951K->546398K(715776K), 0.0107829 secs] [Times: user=0.12 sys=0.00, real=0.02 secs] 
2016-09-25T21:46:19.743-0400: 78.158: [Full GC (Ergonomics) [PSYoungGen: 47059K->0K(191488K)] [ParOldGen: 499338K->360390K(524288K)] 546398K->360390K(715776K), [Metaspace: 43619K->43619K(1085440K)], 0.0998169 secs] [Times: user=0.65 sys=0.00, real=0.10 secs] 
2016-09-25T21:46:19.941-0400: 78.355: [GC (GCLocker Initiated GC) [PSYoungGen: 120320K->44742K(165376K)] 484044K->408466K(689664K), 0.0226592 secs] [Times: user=0.26 sys=0.02, real=0.03 secs] 
2016-09-25T21:46:20.087-0400: 78.501: [GC (GCLocker Initiated GC) [PSYoungGen: 165062K->29253K(187904K)] 535795K->411816K(712192K), 0.0070172 secs] [Times: user=0.05 sys=0.00, real=0.00 secs] 
2016-09-25T21:46:20.178-0400: 78.592: [GC (GCLocker Initiated GC) [PSYoungGen: 147013K->29505K(147456K)] 540447K->437079K(671744K), 0.0106701 secs] [Times: user=0.11 sys=0.00, real=0.01 secs] 
2016-09-25T21:46:20.297-0400: 78.711: [GC (GCLocker Initiated GC) [PSYoungGen: 147265K->38793K(189440K)] 558992K->453951K(713728K), 0.0093486 secs] [Times: user=0.09 sys=0.00, real=0.01 secs] 
2016-09-25T21:46:20.402-0400: 78.816: [GC (GCLocker Initiated GC) [PSYoungGen: 154505K->53811K(188416K)] 573807K->473842K(712704K), 0.0129776 secs] [Times: user=0.12 sys=0.02, real=0.02 secs] 
2016-09-25T21:46:20.504-0400: 78.918: [GC (GCLocker Initiated GC) [PSYoungGen: 169523K->52544K(188928K)] 600581K->492302K(713216K), 0.0113977 secs] [Times: user=0.14 sys=0.00, real=0.01 secs] 
2016-09-25T21:46:20.635-0400: 79.049: [GC (GCLocker Initiated GC) [PSYoungGen: 168768K->69984K(186368K)] 608579K->510626K(710656K), 0.0099784 secs] [Times: user=0.12 sys=0.01, real=0.01 secs] 
2016-09-25T21:46:20.742-0400: 79.157: [GC (GCLocker Initiated GC) [PSYoungGen: 186208K->32206K(182272K)] 640811K->487415K(706560K), 0.0131181 secs] [Times: user=0.13 sys=0.00, real=0.01 secs] 
2016-09-25T21:46:20.859-0400: 79.273: [GC (GCLocker Initiated GC) [PSYoungGen: 138702K->75415K(182272K)] 594163K->537128K(706560K), 0.0112110 secs] [Times: user=0.12 sys=0.01, real=0.01 secs] 
2016-09-25T21:46:20.959-0400: 79.374: [GC (GCLocker Initiated GC) [PSYoungGen: 181911K->69907K(167936K)] 646406K->534914K(692224K), 0.0093909 secs] [Times: user=0.12 sys=0.00, real=0.01 secs] 
2016-09-25T21:46:21.057-0400: 79.471: [GC (GCLocker Initiated GC) [PSYoungGen: 157971K->44324K(175104K)] 635284K->546554K(699392K), 0.0102824 secs] [Times: user=0.13 sys=0.00, real=0.01 secs] 
2016-09-25T21:46:21.067-0400: 79.481: [Full GC (Ergonomics) [PSYoungGen: 44324K->0K(175104K)] [ParOldGen: 502229K->379416K(524288K)] 546554K->379416K(699392K), [Metaspace: 43622K->43622K(1085440K)], 0.0745981 secs] [Times: user=0.53 sys=0.03, real=0.07 secs] 
2016-09-25T21:46:21.196-0400: 79.610: [GC (GCLocker Initiated GC) [PSYoungGen: 88064K->67369K(174592K)] 467514K->446819K(698880K), 0.0104286 secs] [Times: user=0.13 sys=0.02, real=0.01 secs] 
2016-09-25T21:46:21.293-0400: 79.707: [GC (GCLocker Initiated GC) [PSYoungGen: 155433K->63103K(175104K)] 534912K->460798K(699392K), 0.0144836 secs] [Times: user=0.20 sys=0.03, real=0.02 secs] 
2016-09-25T21:46:21.383-0400: 79.798: [GC (GCLocker Initiated GC) [PSYoungGen: 151167K->71232K(175104K)] 551604K->496452K(699392K), 0.0080223 secs] [Times: user=0.12 sys=0.00, real=0.00 secs] 
2016-09-25T21:46:21.450-0400: 79.864: [GC (GCLocker Initiated GC) [PSYoungGen: 159296K->67338K(175104K)] 590159K->509520K(699392K), 0.0072248 secs] [Times: user=0.11 sys=0.00, real=0.01 secs] 
2016-09-25T21:46:21.524-0400: 79.938: [GC (GCLocker Initiated GC) [PSYoungGen: 155402K->68697K(175104K)] 597625K->511543K(699392K), 0.0065508 secs] [Times: user=0.08 sys=0.00, real=0.00 secs] 
2016-09-25T21:46:21.590-0400: 80.005: [GC (GCLocker Initiated GC) [PSYoungGen: 156761K->58102K(175104K)] 600196K->518478K(699392K), 0.0072517 secs] [Times: user=0.10 sys=0.00, real=0.01 secs] 
2016-09-25T21:46:21.654-0400: 80.068: [GC (GCLocker Initiated GC) [PSYoungGen: 146166K->57856K(174080K)] 609328K->532821K(698368K), 0.0066673 secs] [Times: user=0.10 sys=0.00, real=0.01 secs] 
2016-09-25T21:46:21.723-0400: 80.137: [GC (GCLocker Initiated GC) [PSYoungGen: 145920K->55313K(143872K)] 620956K->550014K(668160K), 0.0068851 secs] [Times: user=0.09 sys=0.00, real=0.00 secs] 
2016-09-25T21:46:21.730-0400: 80.144: [Full GC (Ergonomics) [PSYoungGen: 55313K->0K(143872K)] [ParOldGen: 494700K->378616K(524288K)] 550014K->378616K(668160K), [Metaspace: 43674K->43674K(1087488K)], 0.0528951 secs] [Times: user=0.45 sys=0.00, real=0.06 secs] 
2016-09-25T21:46:21.846-0400: 80.260: [GC (GCLocker Initiated GC) [PSYoungGen: 88064K->61003K(175616K)] 472245K->445184K(699904K), 0.0072294 secs] [Times: user=0.11 sys=0.00, real=0.00 secs] 
2016-09-25T21:46:21.913-0400: 80.327: [GC (GCLocker Initiated GC) [PSYoungGen: 152139K->71520K(174080K)] 536416K->456895K(698368K), 0.0076819 secs] [Times: user=0.12 sys=0.00, real=0.01 secs] 
2016-09-25T21:46:21.979-0400: 80.393: [GC (GCLocker Initiated GC) [PSYoungGen: 162656K->44575K(177152K)] 557622K->456589K(701440K), 0.0068486 secs] [Times: user=0.09 sys=0.01, real=0.01 secs] 
2016-09-25T21:46:22.042-0400: 80.456: [GC (GCLocker Initiated GC) [PSYoungGen: 136735K->55096K(147456K)] 548796K->468113K(671744K), 0.0086311 secs] [Times: user=0.08 sys=0.01, real=0.01 secs] 
2016-09-25T21:46:22.115-0400: 80.529: [GC (GCLocker Initiated GC) [PSYoungGen: 147256K->48687K(176128K)] 564362K->466553K(700416K), 0.0064426 secs] [Times: user=0.07 sys=0.00, real=0.00 secs] 
2016-09-25T21:46:22.177-0400: 80.592: [GC (GCLocker Initiated GC) [PSYoungGen: 141871K->63294K(175104K)] 559782K->482178K(699392K), 0.0072797 secs] [Times: user=0.07 sys=0.00, real=0.01 secs] 
2016-09-25T21:46:22.241-0400: 80.655: [GC (GCLocker Initiated GC) [PSYoungGen: 156478K->56736K(177152K)] 575413K->487257K(701440K), 0.0073446 secs] [Times: user=0.09 sys=0.01, real=0.01 secs] 
2016-09-25T21:46:22.304-0400: 80.718: [GC (GCLocker Initiated GC) [PSYoungGen: 155040K->61975K(178176K)] 588357K->496166K(702464K), 0.0097162 secs] [Times: user=0.12 sys=0.01, real=0.00 secs] 
2016-09-25T21:46:22.378-0400: 80.792: [GC (GCLocker Initiated GC) [PSYoungGen: 160279K->56734K(177664K)] 594522K->491737K(701952K), 0.0095074 secs] [Times: user=0.12 sys=0.01, real=0.01 secs] 
2016-09-25T21:46:22.456-0400: 80.870: [GC (GCLocker Initiated GC) [PSYoungGen: 159646K->63665K(180224K)] 604129K->525228K(704512K), 0.0076461 secs] [Times: user=0.11 sys=0.00, real=0.01 secs] 
2016-09-25T21:46:22.525-0400: 80.940: [GC (GCLocker Initiated GC) [PSYoungGen: 166577K->59435K(181760K)] 630918K->538353K(706048K), 0.0084040 secs] [Times: user=0.08 sys=0.00, real=0.00 secs] 
2016-09-25T21:46:22.603-0400: 81.018: [GC (GCLocker Initiated GC) --[PSYoungGen: 166955K->166955K(181760K)] 653992K->689973K(706048K), 0.0125086 secs] [Times: user=0.06 sys=0.00, real=0.01 secs] 
2016-09-25T21:46:22.616-0400: 81.031: [Full GC (Ergonomics) [PSYoungGen: 166955K->0K(181760K)] [ParOldGen: 523018K->391034K(524288K)] 689973K->391034K(706048K), [Metaspace: 43702K->43702K(1087488K)], 0.0638748 secs] [Times: user=0.55 sys=0.01, real=0.06 secs] 
2016-09-25T21:46:22.751-0400: 81.165: [GC (GCLocker Initiated GC) [PSYoungGen: 107520K->73529K(181248K)] 504045K->470054K(705536K), 0.0091271 secs] [Times: user=0.11 sys=0.01, real=0.01 secs] 
2016-09-25T21:46:22.848-0400: 81.262: [GC (GCLocker Initiated GC) [PSYoungGen: 181049K->43387K(180224K)] 579081K->471237K(704512K), 0.0065196 secs] [Times: user=0.09 sys=0.00, real=0.01 secs] 
2016-09-25T21:46:22.910-0400: 81.324: [GC (GCLocker Initiated GC) [PSYoungGen: 143739K->78362K(179200K)] 571653K->510112K(703488K), 0.0096963 secs] [Times: user=0.13 sys=0.01, real=0.01 secs] 
2016-09-25T21:46:22.986-0400: 81.400: [GC (GCLocker Initiated GC) [PSYoungGen: 178714K->60746K(178176K)] 610469K->531176K(702464K), 0.0093413 secs] [Times: user=0.15 sys=0.01, real=0.01 secs] 
2016-09-25T21:46:23.061-0400: 81.475: [GC (GCLocker Initiated GC) [PSYoungGen: 155978K->47366K(178688K)] 634625K->526942K(702976K), 0.0051530 secs] [Times: user=0.07 sys=0.01, real=0.01 secs] 
2016-09-25T21:46:23.130-0400: 81.545: [Full GC (Ergonomics) [PSYoungGen: 142598K->0K(178688K)] [ParOldGen: 483673K->389950K(524288K)] 626271K->389950K(702976K), [Metaspace: 43703K->43703K(1087488K)], 0.0556357 secs] [Times: user=0.45 sys=0.01, real=0.06 secs] 
2016-09-25T21:46:23.254-0400: 81.668: [GC (GCLocker Initiated GC) [PSYoungGen: 95232K->70367K(175616K)] 486382K->461517K(699904K), 0.0104950 secs] [Times: user=0.15 sys=0.01, real=0.02 secs] 
2016-09-25T21:46:23.324-0400: 81.739: [GC (GCLocker Initiated GC) [PSYoungGen: 162527K->41944K(134144K)] 563413K->472281K(658432K), 0.0066868 secs] [Times: user=0.10 sys=0.00, real=0.00 secs] 
2016-09-25T21:46:23.401-0400: 81.816: [GC (GCLocker Initiated GC) [PSYoungGen: 134104K->42952K(176640K)] 567229K->477065K(700928K), 0.0055878 secs] [Times: user=0.05 sys=0.00, real=0.01 secs] 
2016-09-25T21:46:23.464-0400: 81.879: [GC (GCLocker Initiated GC) [PSYoungGen: 133576K->53970K(144896K)] 570525K->502485K(669184K), 0.0077232 secs] [Times: user=0.10 sys=0.00, real=0.00 secs] 
2016-09-25T21:46:23.543-0400: 81.957: [GC (GCLocker Initiated GC) [PSYoungGen: 144594K->33933K(173056K)] 601310K->491489K(697344K), 0.0052517 secs] [Times: user=0.07 sys=0.00, real=0.00 secs] 
2016-09-25T21:46:23.605-0400: 82.020: [GC (GCLocker Initiated GC) [PSYoungGen: 123533K->32177K(174080K)] 591939K->501596K(698368K), 0.0069073 secs] [Times: user=0.05 sys=0.00, real=0.00 secs] 
2016-09-25T21:46:23.664-0400: 82.079: [GC (GCLocker Initiated GC) [PSYoungGen: 121777K->63423K(175616K)] 593994K->547327K(699904K), 0.0084716 secs] [Times: user=0.10 sys=0.00, real=0.00 secs] 
2016-09-25T21:46:23.730-0400: 82.145: [GC (GCLocker Initiated GC) [PSYoungGen: 153535K->52744K(143360K)] 640314K->540342K(667648K), 0.0083685 secs] [Times: user=0.08 sys=0.00, real=0.01 secs] 
2016-09-25T21:46:23.797-0400: 82.212: [Full GC (Ergonomics) [PSYoungGen: 142856K->0K(143360K)] [ParOldGen: 493154K->412203K(524288K)] 636010K->412203K(667648K), [Metaspace: 43717K->43717K(1087488K)], 0.0579547 secs] [Times: user=0.53 sys=0.00, real=0.06 secs] 
2016-09-25T21:46:23.928-0400: 82.343: [GC (GCLocker Initiated GC) [PSYoungGen: 90112K->74736K(169472K)] 502387K->487011K(693760K), 0.0077169 secs] [Times: user=0.12 sys=0.00, real=0.01 secs] 
2016-09-25T21:46:23.992-0400: 82.407: [GC (GCLocker Initiated GC) [PSYoungGen: 161264K->59367K(173568K)] 573603K->489254K(697856K), 0.0073947 secs] [Times: user=0.12 sys=0.00, real=0.01 secs] 
2016-09-25T21:46:24.063-0400: 82.478: [GC (GCLocker Initiated GC) [PSYoungGen: 145895K->40713K(173568K)] 586682K->506621K(697856K), 0.0061337 secs] [Times: user=0.09 sys=0.00, real=0.00 secs] 
2016-09-25T21:46:24.128-0400: 82.543: [GC (GCLocker Initiated GC) [PSYoungGen: 129289K->71641K(174592K)] 595296K->538779K(698880K), 0.0070504 secs] [Times: user=0.08 sys=0.02, real=0.01 secs] 
2016-09-25T21:46:24.189-0400: 82.603: [GC (GCLocker Initiated GC) [PSYoungGen: 160217K->73024K(175104K)] 627446K->541174K(699392K), 0.0089314 secs] [Times: user=0.13 sys=0.00, real=0.01 secs] 
2016-09-25T21:46:24.259-0400: 82.673: [GC (GCLocker Initiated GC) [PSYoungGen: 161088K->31447K(175104K)] 637342K->519487K(699392K), 0.0113641 secs] [Times: user=0.14 sys=0.00, real=0.01 secs] 
2016-09-25T21:46:24.325-0400: 82.740: [GC (GCLocker Initiated GC) [PSYoungGen: 119511K->64827K(175104K)] 607722K->554265K(699392K), 0.0078324 secs] [Times: user=0.12 sys=0.00, real=0.00 secs] 
2016-09-25T21:46:24.402-0400: 82.817: [Full GC (Ergonomics) [PSYoungGen: 152891K->0K(175104K)] [ParOldGen: 497668K->408718K(524288K)] 650560K->408718K(699392K), [Metaspace: 43717K->43717K(1087488K)], 0.0593960 secs] [Times: user=0.57 sys=0.00, real=0.05 secs] 
2016-09-25T21:46:24.535-0400: 82.949: [GC (GCLocker Initiated GC) [PSYoungGen: 88064K->49038K(175104K)] 506353K->467328K(699392K), 0.0062478 secs] [Times: user=0.06 sys=0.00, real=0.00 secs] 
2016-09-25T21:46:24.602-0400: 83.016: [GC (GCLocker Initiated GC) [PSYoungGen: 137102K->50058K(175104K)] 559508K->480402K(699392K), 0.0102343 secs] [Times: user=0.10 sys=0.00, real=0.01 secs] 
2016-09-25T21:46:24.673-0400: 83.087: [GC (GCLocker Initiated GC) [PSYoungGen: 138122K->48684K(137216K)] 571208K->498988K(661504K), 0.0146902 secs] [Times: user=0.18 sys=0.00, real=0.02 secs] 
2016-09-25T21:46:24.748-0400: 83.163: [GC (GCLocker Initiated GC) [PSYoungGen: 136748K->60862K(174080K)] 595251K->520376K(698368K), 0.0069729 secs] [Times: user=0.11 sys=0.00, real=0.01 secs] 
2016-09-25T21:46:24.808-0400: 83.222: [GC (GCLocker Initiated GC) [PSYoungGen: 149438K->70224K(173568K)] 609060K->547043K(697856K), 0.0096944 secs] [Times: user=0.12 sys=0.00, real=0.01 secs] 
2016-09-25T21:46:24.893-0400: 83.308: [GC (GCLocker Initiated GC) [PSYoungGen: 158800K->52706K(175104K)] 641064K->535848K(699392K), 0.0106269 secs] [Times: user=0.16 sys=0.00, real=0.02 secs] 
2016-09-25T21:46:24.969-0400: 83.383: [GC (GCLocker Initiated GC) [PSYoungGen: 142818K->52639K(175104K)] 631392K->542123K(699392K), 0.0078140 secs] [Times: user=0.07 sys=0.00, real=0.01 secs] 
2016-09-25T21:46:25.040-0400: 83.454: [Full GC (Ergonomics) [PSYoungGen: 142751K->0K(175104K)] [ParOldGen: 497786K->426816K(524288K)] 640537K->426816K(699392K), [Metaspace: 43723K->43723K(1087488K)], 0.0644202 secs] [Times: user=0.56 sys=0.01, real=0.07 secs] 
2016-09-25T21:46:25.158-0400: 83.573: [GC (GCLocker Initiated GC) [PSYoungGen: 90112K->67685K(173568K)] 516956K->494530K(697856K), 0.0147155 secs] [Times: user=0.21 sys=0.00, real=0.01 secs] 
2016-09-25T21:46:25.236-0400: 83.651: [GC (GCLocker Initiated GC) [PSYoungGen: 158309K->60772K(175104K)] 585275K->509114K(699392K), 0.0191129 secs] [Times: user=0.25 sys=0.00, real=0.02 secs] 
2016-09-25T21:46:25.330-0400: 83.745: [GC (GCLocker Initiated GC) [PSYoungGen: 151396K->28212K(174592K)] 603874K->492470K(698880K), 0.0094047 secs] [Times: user=0.10 sys=0.00, real=0.01 secs] 
2016-09-25T21:46:25.403-0400: 83.818: [GC (GCLocker Initiated GC) [PSYoungGen: 119348K->47270K(176640K)] 589194K->518080K(700928K), 0.0104072 secs] [Times: user=0.10 sys=0.01, real=0.00 secs] 
2016-09-25T21:46:25.489-0400: 83.903: [GC (GCLocker Initiated GC) [PSYoungGen: 138406K->63574K(176640K)] 609314K->535515K(700928K), 0.0102103 secs] [Times: user=0.17 sys=0.00, real=0.01 secs] 
2016-09-25T21:46:25.577-0400: 83.992: [GC (GCLocker Initiated GC) [PSYoungGen: 156246K->32540K(125440K)] 636074K->513362K(649728K), 0.0060052 secs] [Times: user=0.07 sys=0.00, real=0.01 secs] 
2016-09-25T21:46:25.641-0400: 84.055: [GC (GCLocker Initiated GC) [PSYoungGen: 125212K->58038K(178176K)] 613118K->547114K(702464K), 0.0065049 secs] [Times: user=0.08 sys=0.01, real=0.01 secs] 
2016-09-25T21:46:25.696-0400: 84.111: [GC (GCLocker Initiated GC) [PSYoungGen: 150710K->76908K(169984K)] 639809K->566889K(694272K), 0.0074095 secs] [Times: user=0.09 sys=0.00, real=0.01 secs] 
2016-09-25T21:46:25.775-0400: 84.190: [GC (GCLocker Initiated GC) [PSYoungGen: 169580K->51289K(175104K)] 663980K->546493K(699392K), 0.0073722 secs] [Times: user=0.07 sys=0.00, real=0.01 secs] 
2016-09-25T21:46:25.838-0400: 84.253: [Full GC (Ergonomics) [PSYoungGen: 139353K->0K(175104K)] [ParOldGen: 506009K->424887K(524288K)] 645363K->424887K(699392K), [Metaspace: 43756K->43756K(1087488K)], 0.0604060 secs] [Times: user=0.61 sys=0.00, real=0.06 secs] 
2016-09-25T21:46:25.962-0400: 84.377: [GC (GCLocker Initiated GC) [PSYoungGen: 88064K->62413K(150528K)] 515736K->490093K(674816K), 0.0096232 secs] [Times: user=0.13 sys=0.00, real=0.00 secs] 
2016-09-25T21:46:26.040-0400: 84.454: [GC (GCLocker Initiated GC) [PSYoungGen: 150477K->32390K(174080K)] 586546K->480457K(698368K), 0.0129695 secs] [Times: user=0.17 sys=0.01, real=0.01 secs] 
2016-09-25T21:46:26.112-0400: 84.526: [GC (GCLocker Initiated GC) [PSYoungGen: 119942K->76944K(174592K)] 570738K->539416K(698880K), 0.0074680 secs] [Times: user=0.10 sys=0.01, real=0.01 secs] 
2016-09-25T21:46:26.177-0400: 84.592: [GC (GCLocker Initiated GC) [PSYoungGen: 164496K->59363K(175104K)] 627009K->533556K(699392K), 0.0086449 secs] [Times: user=0.12 sys=0.00, real=0.01 secs] 
2016-09-25T21:46:26.238-0400: 84.653: [GC (GCLocker Initiated GC) [PSYoungGen: 147427K->56752K(175104K)] 621697K->564279K(699392K), 0.0073551 secs] [Times: user=0.09 sys=0.00, real=0.01 secs] 
2016-09-25T21:46:26.246-0400: 84.660: [Full GC (Ergonomics) [PSYoungGen: 56752K->0K(175104K)] [ParOldGen: 507526K->423545K(524288K)] 564279K->423545K(699392K), [Metaspace: 43762K->43762K(1087488K)], 0.0555032 secs] [Times: user=0.52 sys=0.01, real=0.05 secs] 
2016-09-25T21:46:26.359-0400: 84.773: [GC (Allocation Failure) [PSYoungGen: 88064K->69294K(175104K)] 515534K->496765K(699392K), 0.0069193 secs] [Times: user=0.10 sys=0.00, real=0.01 secs] 
2016-09-25T21:46:26.366-0400: 84.781: [GC (GCLocker Initiated GC) [PSYoungGen: 69968K->283K(175104K)] 497439K->493984K(699392K), 0.0059025 secs] [Times: user=0.08 sys=0.00, real=0.00 secs] 
2016-09-25T21:46:26.372-0400: 84.787: [Full GC (Ergonomics) [PSYoungGen: 283K->0K(175104K)] [ParOldGen: 493701K->410002K(524288K)] 493984K->410002K(699392K), [Metaspace: 43762K->43762K(1087488K)], 0.1685261 secs] [Times: user=2.46 sys=0.02, real=0.17 secs] 
2016-09-25T21:46:26.599-0400: 85.013: [GC (GCLocker Initiated GC) [PSYoungGen: 85776K->50113K(175104K)] 498479K->462816K(699392K), 0.0058306 secs] [Times: user=0.08 sys=0.00, real=0.01 secs] 
2016-09-25T21:46:26.661-0400: 85.075: [GC (GCLocker Initiated GC) [PSYoungGen: 138177K->47243K(175104K)] 556412K->466526K(699392K), 0.0057661 secs] [Times: user=0.06 sys=0.01, real=0.01 secs] 
2016-09-25T21:46:26.725-0400: 85.139: [GC (GCLocker Initiated GC) [PSYoungGen: 135307K->62091K(175104K)] 560150K->498693K(699392K), 0.0071996 secs] [Times: user=0.10 sys=0.01, real=0.00 secs] 
2016-09-25T21:46:26.799-0400: 85.214: [GC (GCLocker Initiated GC) [PSYoungGen: 150155K->54241K(142336K)] 592207K->499870K(666624K), 0.0056617 secs] [Times: user=0.06 sys=0.01, real=0.01 secs] 
2016-09-25T21:46:26.866-0400: 85.281: [GC (GCLocker Initiated GC) [PSYoungGen: 142305K->62948K(173568K)] 591049K->511693K(697856K), 0.0111827 secs] [Times: user=0.16 sys=0.01, real=0.01 secs] 
2016-09-25T21:46:26.943-0400: 85.357: [GC (GCLocker Initiated GC) [PSYoungGen: 150500K->79575K(174080K)] 604741K->533816K(698368K), 0.0099006 secs] [Times: user=0.12 sys=0.00, real=0.00 secs] 
2016-09-25T21:46:27.014-0400: 85.428: [GC (GCLocker Initiated GC) [PSYoungGen: 167127K->31525K(175104K)] 621524K->525313K(699392K), 0.0067049 secs] [Times: user=0.07 sys=0.00, real=0.01 secs] 
2016-09-25T21:46:27.020-0400: 85.435: [Full GC (Ergonomics) [PSYoungGen: 31525K->0K(175104K)] [ParOldGen: 493788K->409871K(524288K)] 525313K->409871K(699392K), [Metaspace: 43804K->43804K(1087488K)], 0.0614733 secs] [Times: user=0.45 sys=0.01, real=0.06 secs] 
2016-09-25T21:46:27.131-0400: 85.545: [GC (GCLocker Initiated GC) [PSYoungGen: 88064K->67780K(175104K)] 498152K->477869K(699392K), 0.0073401 secs] [Times: user=0.09 sys=0.00, real=0.01 secs] 
2016-09-25T21:46:27.194-0400: 85.608: [GC (GCLocker Initiated GC) [PSYoungGen: 155844K->56628K(175104K)] 565999K->470641K(699392K), 0.0061526 secs] [Times: user=0.07 sys=0.00, real=0.01 secs] 
2016-09-25T21:46:27.257-0400: 85.671: [GC (GCLocker Initiated GC) [PSYoungGen: 144692K->58071K(175104K)] 565484K->485101K(699392K), 0.0146066 secs] [Times: user=0.22 sys=0.01, real=0.01 secs] 
2016-09-25T21:46:27.324-0400: 85.738: [GC (GCLocker Initiated GC) [PSYoungGen: 146135K->43064K(175104K)] 577616K->488944K(699392K), 0.0128661 secs] [Times: user=0.19 sys=0.01, real=0.01 secs] 
2016-09-25T21:46:27.387-0400: 85.801: [GC (GCLocker Initiated GC) [PSYoungGen: 131128K->42810K(131072K)] 577059K->519135K(655360K), 0.0085755 secs] [Times: user=0.12 sys=0.01, real=0.01 secs] 
2016-09-25T21:46:27.446-0400: 85.860: [GC (GCLocker Initiated GC) [PSYoungGen: 130874K->73236K(173056K)] 607298K->549660K(697344K), 0.0134044 secs] [Times: user=0.20 sys=0.00, real=0.01 secs] 
2016-09-25T21:46:27.525-0400: 85.939: [Full GC (Ergonomics) [PSYoungGen: 160276K->0K(173056K)] [ParOldGen: 485993K->423785K(524288K)] 646270K->423785K(697344K), [Metaspace: 43811K->43811K(1087488K)], 0.0586221 secs] [Times: user=0.53 sys=0.01, real=0.06 secs] 
2016-09-25T21:46:27.650-0400: 86.064: [GC (GCLocker Initiated GC) [PSYoungGen: 87040K->60931K(174080K)] 520321K->494213K(698368K), 0.0068075 secs] [Times: user=0.10 sys=0.00, real=0.01 secs] 
2016-09-25T21:46:27.715-0400: 86.130: [GC (GCLocker Initiated GC) [PSYoungGen: 147971K->63130K(175104K)] 583975K->509619K(699392K), 0.0067365 secs] [Times: user=0.09 sys=0.00, real=0.01 secs] 
2016-09-25T21:46:27.782-0400: 86.196: [GC (GCLocker Initiated GC) [PSYoungGen: 151194K->61931K(175104K)] 598821K->510125K(699392K), 0.0071980 secs] [Times: user=0.08 sys=0.00, real=0.01 secs] 
2016-09-25T21:46:27.846-0400: 86.261: [GC (GCLocker Initiated GC) [PSYoungGen: 149995K->48276K(173056K)] 600928K->499981K(697344K), 0.0139938 secs] [Times: user=0.22 sys=0.00, real=0.01 secs] 
2016-09-25T21:46:27.921-0400: 86.335: [GC (GCLocker Initiated GC) [PSYoungGen: 136340K->63553K(174080K)] 588128K->515341K(698368K), 0.0069950 secs] [Times: user=0.07 sys=0.01, real=0.01 secs] 
2016-09-25T21:46:27.983-0400: 86.397: [GC (GCLocker Initiated GC) [PSYoungGen: 151617K->65434K(175616K)] 603546K->517363K(699904K), 0.0120477 secs] [Times: user=0.12 sys=0.00, real=0.01 secs] 
2016-09-25T21:46:28.071-0400: 86.485: [GC (GCLocker Initiated GC) [PSYoungGen: 155546K->79704K(169984K)] 610222K->534381K(694272K), 0.0082038 secs] [Times: user=0.08 sys=0.01, real=0.01 secs] 
2016-09-25T21:46:28.149-0400: 86.564: [GC (GCLocker Initiated GC) [PSYoungGen: 169816K->61899K(175104K)] 628596K->543372K(699392K), 0.0109070 secs] [Times: user=0.16 sys=0.01, real=0.01 secs] 
2016-09-25T21:46:28.217-0400: 86.631: [GC (GCLocker Initiated GC) [PSYoungGen: 149963K->40823K(175104K)] 631522K->542582K(699392K), 0.0088449 secs] [Times: user=0.09 sys=0.00, real=0.01 secs] 
2016-09-25T21:46:28.226-0400: 86.640: [Full GC (Ergonomics) [PSYoungGen: 40823K->0K(175104K)] [ParOldGen: 501759K->428956K(524288K)] 542582K->428956K(699392K), [Metaspace: 43828K->43828K(1087488K)], 0.0642205 secs] [Times: user=0.49 sys=0.02, real=0.06 secs] 
2016-09-25T21:46:28.359-0400: 86.773: [GC (Allocation Failure) [PSYoungGen: 88064K->47392K(175104K)] 523791K->483120K(699392K), 0.0073398 secs] [Times: user=0.06 sys=0.01, real=0.01 secs] 
2016-09-25T21:46:28.421-0400: 86.835: [GC (GCLocker Initiated GC) [PSYoungGen: 133649K->64633K(175104K)] 572076K->506949K(699392K), 0.0085788 secs] [Times: user=0.09 sys=0.02, real=0.01 secs] 
2016-09-25T21:46:28.484-0400: 86.898: [GC (GCLocker Initiated GC) [PSYoungGen: 152697K->72734K(175104K)] 595102K->515842K(699392K), 0.0077745 secs] [Times: user=0.12 sys=0.00, real=0.00 secs] 
2016-09-25T21:46:28.542-0400: 86.956: [GC (GCLocker Initiated GC) [PSYoungGen: 160798K->57816K(175104K)] 606817K->526148K(699392K), 0.0075308 secs] [Times: user=0.10 sys=0.01, real=0.01 secs] 
2016-09-25T21:46:28.604-0400: 87.018: [GC (GCLocker Initiated GC) [PSYoungGen: 145880K->60671K(171008K)] 619856K->540763K(695296K), 0.0077049 secs] [Times: user=0.09 sys=0.01, real=0.00 secs] 
2016-09-25T21:46:28.663-0400: 87.077: [GC (GCLocker Initiated GC) [PSYoungGen: 148735K->76029K(173056K)] 628889K->556184K(697344K), 0.0104740 secs] [Times: user=0.15 sys=0.01, real=0.00 secs] 
2016-09-25T21:46:28.732-0400: 87.147: [GC (GCLocker Initiated GC) [PSYoungGen: 164093K->51187K(175104K)] 645435K->550044K(699392K), 0.0072004 secs] [Times: user=0.09 sys=0.00, real=0.01 secs] 
2016-09-25T21:46:28.740-0400: 87.154: [Full GC (Ergonomics) [PSYoungGen: 51187K->0K(175104K)] [ParOldGen: 498856K->426699K(524288K)] 550044K->426699K(699392K), [Metaspace: 43832K->43832K(1087488K)], 0.0568270 secs] [Times: user=0.52 sys=0.00, real=0.06 secs] 
2016-09-25T21:46:28.853-0400: 87.267: [GC (GCLocker Initiated GC) [PSYoungGen: 88064K->58161K(146432K)] 517507K->487604K(670720K), 0.0067820 secs] [Times: user=0.05 sys=0.00, real=0.01 secs] 
2016-09-25T21:46:28.920-0400: 87.334: [GC (GCLocker Initiated GC) [PSYoungGen: 146225K->68276K(173056K)] 586696K->508747K(697344K), 0.0097741 secs] [Times: user=0.14 sys=0.00, real=0.01 secs] 
2016-09-25T21:46:28.984-0400: 87.398: [GC (GCLocker Initiated GC) [PSYoungGen: 155828K->83604K(173568K)] 596348K->529524K(697856K), 0.0089091 secs] [Times: user=0.11 sys=0.00, real=0.00 secs] 
2016-09-25T21:46:29.045-0400: 87.459: [GC (GCLocker Initiated GC) [PSYoungGen: 171156K->62509K(175104K)] 617098K->537032K(699392K), 0.0100750 secs] [Times: user=0.14 sys=0.01, real=0.01 secs] 
2016-09-25T21:46:29.117-0400: 87.531: [GC (GCLocker Initiated GC) [PSYoungGen: 150573K->45759K(175104K)] 630554K->537779K(699392K), 0.0099083 secs] [Times: user=0.13 sys=0.00, real=0.01 secs] 
2016-09-25T21:46:29.127-0400: 87.541: [Full GC (Ergonomics) [PSYoungGen: 45759K->0K(175104K)] [ParOldGen: 492019K->436356K(524288K)] 537779K->436356K(699392K), [Metaspace: 43832K->43832K(1087488K)], 0.0519922 secs] [Times: user=0.49 sys=0.00, real=0.05 secs] 
2016-09-25T21:46:29.233-0400: 87.647: [GC (GCLocker Initiated GC) [PSYoungGen: 88064K->62151K(175104K)] 527227K->501315K(699392K), 0.0073442 secs] [Times: user=0.09 sys=0.00, real=0.01 secs] 
2016-09-25T21:46:29.298-0400: 87.713: [GC (GCLocker Initiated GC) [PSYoungGen: 150215K->57449K(145920K)] 592646K->499880K(670208K), 0.0097526 secs] [Times: user=0.11 sys=0.00, real=0.01 secs] 
2016-09-25T21:46:29.366-0400: 87.780: [GC (GCLocker Initiated GC) [PSYoungGen: 145513K->67632K(173056K)] 594739K->516859K(697344K), 0.0069111 secs] [Times: user=0.10 sys=0.00, real=0.00 secs] 
2016-09-25T21:46:29.423-0400: 87.838: [GC (GCLocker Initiated GC) [PSYoungGen: 155696K->80319K(173056K)] 607735K->532357K(697344K), 0.0076931 secs] [Times: user=0.12 sys=0.00, real=0.00 secs] 
2016-09-25T21:46:29.486-0400: 87.900: [GC (GCLocker Initiated GC) [PSYoungGen: 168383K->54976K(175104K)] 620621K->530473K(699392K), 0.0081331 secs] [Times: user=0.10 sys=0.00, real=0.01 secs] 
2016-09-25T21:46:29.551-0400: 87.966: [GC (GCLocker Initiated GC) [PSYoungGen: 143040K->76035K(175104K)] 618641K->558274K(699392K), 0.0135486 secs] [Times: user=0.18 sys=0.00, real=0.02 secs] 
2016-09-25T21:46:29.628-0400: 88.043: [GC (GCLocker Initiated GC) [PSYoungGen: 164099K->55330K(175104K)] 654467K->557739K(699392K), 0.0067125 secs] [Times: user=0.09 sys=0.00, real=0.01 secs] 
2016-09-25T21:46:29.635-0400: 88.050: [Full GC (Ergonomics) [PSYoungGen: 55330K->0K(175104K)] [ParOldGen: 502408K->438090K(524288K)] 557739K->438090K(699392K), [Metaspace: 43833K->43833K(1087488K)], 0.0601136 secs] [Times: user=0.55 sys=0.02, real=0.06 secs] 
2016-09-25T21:46:29.750-0400: 88.164: [GC (GCLocker Initiated GC) [PSYoungGen: 88064K->53984K(175104K)] 531746K->497667K(699392K), 0.0061305 secs] [Times: user=0.08 sys=0.00, real=0.01 secs] 
2016-09-25T21:46:29.813-0400: 88.227: [GC (GCLocker Initiated GC) [PSYoungGen: 142048K->59340K(174080K)] 599369K->529689K(698368K), 0.0076337 secs] [Times: user=0.10 sys=0.00, real=0.01 secs] 
2016-09-25T21:46:29.874-0400: 88.289: [GC (GCLocker Initiated GC) [PSYoungGen: 147404K->78842K(174592K)] 617784K->549223K(698880K), 0.0084558 secs] [Times: user=0.12 sys=0.00, real=0.01 secs] 
2016-09-25T21:46:29.958-0400: 88.372: [GC (GCLocker Initiated GC) [PSYoungGen: 166906K->43150K(175104K)] 644138K->548722K(699392K), 0.0126016 secs] [Times: user=0.16 sys=0.00, real=0.01 secs] 
2016-09-25T21:46:29.971-0400: 88.385: [Full GC (Ergonomics) [PSYoungGen: 43150K->0K(175104K)] [ParOldGen: 505572K->440670K(524288K)] 548722K->440670K(699392K), [Metaspace: 43833K->43833K(1087488K)], 0.0579253 secs] [Times: user=0.45 sys=0.00, real=0.06 secs] 
2016-09-25T21:46:30.075-0400: 88.490: [GC (GCLocker Initiated GC) [PSYoungGen: 88064K->60771K(175104K)] 528757K->501465K(699392K), 0.0067993 secs] [Times: user=0.08 sys=0.01, real=0.00 secs] 
2016-09-25T21:46:30.142-0400: 88.557: [GC (GCLocker Initiated GC) [PSYoungGen: 148835K->45594K(175104K)] 595028K->506169K(699392K), 0.0134662 secs] [Times: user=0.15 sys=0.00, real=0.01 secs] 
2016-09-25T21:46:30.210-0400: 88.624: [GC (GCLocker Initiated GC) [PSYoungGen: 133658K->33412K(175104K)] 595709K->504263K(699392K), 0.0097408 secs] [Times: user=0.09 sys=0.01, real=0.01 secs] 
2016-09-25T21:46:30.273-0400: 88.688: [GC (GCLocker Initiated GC) [PSYoungGen: 121476K->49677K(175104K)] 601835K->533453K(699392K), 0.0081689 secs] [Times: user=0.07 sys=0.01, real=0.01 secs] 
2016-09-25T21:46:30.344-0400: 88.759: [GC (GCLocker Initiated GC) [PSYoungGen: 137741K->52259K(140800K)] 621714K->547710K(665088K), 0.0072646 secs] [Times: user=0.08 sys=0.00, real=0.00 secs] 
2016-09-25T21:46:30.403-0400: 88.817: [Full GC (Ergonomics) [PSYoungGen: 140323K->0K(140800K)] [ParOldGen: 501031K->447079K(524288K)] 641354K->447079K(665088K), [Metaspace: 43833K->43833K(1087488K)], 0.0538855 secs] [Times: user=0.40 sys=0.00, real=0.05 secs] 
2016-09-25T21:46:30.508-0400: 88.922: [GC (GCLocker Initiated GC) [PSYoungGen: 88064K->74308K(172032K)] 535183K->521427K(696320K), 0.0077496 secs] [Times: user=0.12 sys=0.00, real=0.01 secs] 
2016-09-25T21:46:30.575-0400: 88.990: [GC (GCLocker Initiated GC) [PSYoungGen: 160836K->61998K(173568K)] 608074K->531740K(697856K), 0.0078423 secs] [Times: user=0.11 sys=0.00, real=0.01 secs] 
2016-09-25T21:46:30.637-0400: 89.051: [GC (GCLocker Initiated GC) [PSYoungGen: 148526K->48559K(174080K)] 625148K->544849K(698368K), 0.0062527 secs] [Times: user=0.08 sys=0.00, real=0.01 secs] 
2016-09-25T21:46:30.643-0400: 89.057: [Full GC (Ergonomics) [PSYoungGen: 48559K->0K(174080K)] [ParOldGen: 496289K->446242K(524288K)] 544849K->446242K(698368K), [Metaspace: 43834K->43834K(1087488K)], 0.0589141 secs] [Times: user=0.60 sys=0.00, real=0.05 secs] 
2016-09-25T21:46:30.755-0400: 89.170: [GC (GCLocker Initiated GC) [PSYoungGen: 88064K->52768K(141312K)] 537809K->502514K(665600K), 0.0064341 secs] [Times: user=0.07 sys=0.00, real=0.00 secs] 
2016-09-25T21:46:30.814-0400: 89.228: [GC (GCLocker Initiated GC) [PSYoungGen: 140832K->62733K(174592K)] 594921K->516821K(698880K), 0.0075027 secs] [Times: user=0.11 sys=0.00, real=0.01 secs] 
2016-09-25T21:46:30.873-0400: 89.287: [GC (GCLocker Initiated GC) [PSYoungGen: 152845K->79541K(174080K)] 607182K->533878K(698368K), 0.0084925 secs] [Times: user=0.13 sys=0.00, real=0.01 secs] 
2016-09-25T21:46:30.939-0400: 89.353: [GC (GCLocker Initiated GC) [PSYoungGen: 169653K->57687K(175104K)] 624026K->515660K(699392K), 0.0104955 secs] [Times: user=0.15 sys=0.00, real=0.01 secs] 
2016-09-25T21:46:31.006-0400: 89.420: [GC (GCLocker Initiated GC) [PSYoungGen: 145751K->59729K(147968K)] 616030K->530008K(672256K), 0.0059525 secs] [Times: user=0.08 sys=0.00, real=0.00 secs] 
2016-09-25T21:46:31.072-0400: 89.486: [GC (GCLocker Initiated GC) [PSYoungGen: 147793K->83249K(169984K)] 622178K->563034K(694272K), 0.0086992 secs] [Times: user=0.13 sys=0.00, real=0.01 secs] 
2016-09-25T21:46:31.133-0400: 89.548: [GC (GCLocker Initiated GC) [PSYoungGen: 168753K->80055K(172544K)] 652596K->575900K(696832K), 0.0075988 secs] [Times: user=0.11 sys=0.00, real=0.01 secs] 
2016-09-25T21:46:31.194-0400: 89.609: [Full GC (Ergonomics) [PSYoungGen: 165559K->0K(172544K)] [ParOldGen: 501398K->458942K(524288K)] 666957K->458942K(696832K), [Metaspace: 43848K->43848K(1087488K)], 0.0604661 secs] [Times: user=0.41 sys=0.01, real=0.06 secs] 
2016-09-25T21:46:31.308-0400: 89.722: [GC (GCLocker Initiated GC) [PSYoungGen: 85504K->67393K(175104K)] 547227K->529117K(699392K), 0.0083907 secs] [Times: user=0.10 sys=0.00, real=0.01 secs] 
2016-09-25T21:46:31.376-0400: 89.790: [GC (GCLocker Initiated GC) [PSYoungGen: 155457K->76286K(175104K)] 617271K->538100K(699392K), 0.0084834 secs] [Times: user=0.12 sys=0.00, real=0.01 secs] 
2016-09-25T21:46:31.444-0400: 89.859: [GC (GCLocker Initiated GC) [PSYoungGen: 164350K->53829K(175104K)] 626278K->542922K(699392K), 0.0082345 secs] [Times: user=0.12 sys=0.00, real=0.00 secs] 
2016-09-25T21:46:31.520-0400: 89.934: [Full GC (Ergonomics) [PSYoungGen: 141893K->0K(175104K)] [ParOldGen: 498578K->456113K(524288K)] 640471K->456113K(699392K), [Metaspace: 43848K->43848K(1087488K)], 0.0586164 secs] [Times: user=0.43 sys=0.00, real=0.06 secs] 
2016-09-25T21:46:31.629-0400: 90.043: [GC (GCLocker Initiated GC) [PSYoungGen: 88064K->77006K(175104K)] 544284K->533226K(699392K), 0.0075474 secs] [Times: user=0.10 sys=0.01, real=0.01 secs] 
2016-09-25T21:46:31.683-0400: 90.098: [GC (GCLocker Initiated GC) [PSYoungGen: 165070K->52451K(175104K)] 621345K->512376K(699392K), 0.0057778 secs] [Times: user=0.06 sys=0.00, real=0.00 secs] 
2016-09-25T21:46:31.752-0400: 90.167: [GC (GCLocker Initiated GC) [PSYoungGen: 140515K->44348K(175104K)] 605911K->523963K(699392K), 0.0093229 secs] [Times: user=0.12 sys=0.00, real=0.01 secs] 
2016-09-25T21:46:31.817-0400: 90.231: [GC (GCLocker Initiated GC) [PSYoungGen: 132412K->59226K(175104K)] 614929K->550551K(699392K), 0.0085482 secs] [Times: user=0.08 sys=0.00, real=0.01 secs] 
2016-09-25T21:46:31.895-0400: 90.310: [GC (GCLocker Initiated GC) [PSYoungGen: 147290K->63262K(175104K)] 638800K->555521K(699392K), 0.0082936 secs] [Times: user=0.10 sys=0.00, real=0.01 secs] 
2016-09-25T21:46:31.968-0400: 90.383: [GC (GCLocker Initiated GC) [PSYoungGen: 151326K->26587K(175104K)] 645424K->533492K(699392K), 0.0073195 secs] [Times: user=0.05 sys=0.00, real=0.01 secs] 
2016-09-25T21:46:31.976-0400: 90.390: [Full GC (Ergonomics) [PSYoungGen: 26587K->0K(175104K)] [ParOldGen: 506905K->454503K(524288K)] 533492K->454503K(699392K), [Metaspace: 43848K->43848K(1087488K)], 0.0610333 secs] [Times: user=0.57 sys=0.00, real=0.06 secs] 
2016-09-25T21:46:32.090-0400: 90.505: [GC (GCLocker Initiated GC) [PSYoungGen: 88064K->51361K(175104K)] 545410K->508707K(699392K), 0.0056179 secs] [Times: user=0.08 sys=0.00, real=0.01 secs] 
2016-09-25T21:46:32.150-0400: 90.564: [GC (GCLocker Initiated GC) [PSYoungGen: 139425K->47019K(175104K)] 597177K->511111K(699392K), 0.0074578 secs] [Times: user=0.11 sys=0.00, real=0.01 secs] 
2016-09-25T21:46:32.213-0400: 90.627: [GC (GCLocker Initiated GC) [PSYoungGen: 135083K->53739K(141824K)] 604751K->524078K(666112K), 0.0069286 secs] [Times: user=0.08 sys=0.01, real=0.01 secs] 
2016-09-25T21:46:32.279-0400: 90.694: [GC (GCLocker Initiated GC) [PSYoungGen: 141803K->46255K(175616K)] 618986K->523437K(699904K), 0.0058444 secs] [Times: user=0.05 sys=0.00, real=0.01 secs] 
2016-09-25T21:46:32.338-0400: 90.753: [GC (GCLocker Initiated GC) [PSYoungGen: 135343K->75187K(174592K)] 612543K->552387K(698880K), 0.0078366 secs] [Times: user=0.12 sys=0.00, real=0.01 secs] 
2016-09-25T21:46:32.404-0400: 90.818: [GC (GCLocker Initiated GC) [PSYoungGen: 164275K->28756K(175104K)] 645597K->532831K(699392K), 0.0061492 secs] [Times: user=0.05 sys=0.00, real=0.00 secs] 
2016-09-25T21:46:32.410-0400: 90.824: [Full GC (Ergonomics) [PSYoungGen: 28756K->0K(175104K)] [ParOldGen: 504075K->453948K(524288K)] 532831K->453948K(699392K), [Metaspace: 43848K->43848K(1087488K)], 0.0614749 secs] [Times: user=0.60 sys=0.00, real=0.06 secs] 
2016-09-25T21:46:32.524-0400: 90.938: [GC (Allocation Failure) [PSYoungGen: 88064K->41803K(175104K)] 553011K->506751K(699392K), 0.0084202 secs] [Times: user=0.10 sys=0.00, real=0.00 secs] 
2016-09-25T21:46:32.583-0400: 90.997: [GC (GCLocker Initiated GC) [PSYoungGen: 128892K->63147K(175104K)] 596540K->541121K(699392K), 0.0074315 secs] [Times: user=0.10 sys=0.01, real=0.00 secs] 
2016-09-25T21:46:32.647-0400: 91.061: [GC (GCLocker Initiated GC) [PSYoungGen: 151211K->51153K(175104K)] 641485K->541978K(699392K), 0.0058703 secs] [Times: user=0.08 sys=0.00, real=0.00 secs] 
2016-09-25T21:46:32.705-0400: 91.120: [GC (GCLocker Initiated GC) [PSYoungGen: 139217K->70626K(175104K)] 630085K->561494K(699392K), 0.0080550 secs] [Times: user=0.12 sys=0.00, real=0.00 secs] 
2016-09-25T21:46:32.774-0400: 91.189: [GC (GCLocker Initiated GC) [PSYoungGen: 158690K->53701K(141824K)] 655125K->551388K(666112K), 0.0066998 secs] [Times: user=0.09 sys=0.00, real=0.00 secs] 
2016-09-25T21:46:32.844-0400: 91.258: [Full GC (Ergonomics) [PSYoungGen: 141765K->0K(141824K)] [ParOldGen: 505807K->447866K(524288K)] 647572K->447866K(666112K), [Metaspace: 43848K->43848K(1087488K)], 0.0786995 secs] [Times: user=0.82 sys=0.01, real=0.08 secs] 
2016-09-25T21:46:32.975-0400: 91.390: [GC (GCLocker Initiated GC) [PSYoungGen: 88064K->47120K(176128K)] 538731K->497787K(700416K), 0.0084252 secs] [Times: user=0.11 sys=0.01, real=0.01 secs] 
2016-09-25T21:46:33.040-0400: 91.454: [GC (GCLocker Initiated GC) [PSYoungGen: 136720K->63767K(174592K)] 588845K->515892K(698880K), 0.0066808 secs] [Times: user=0.09 sys=0.00, real=0.01 secs] 
2016-09-25T21:46:33.095-0400: 91.509: [GC (GCLocker Initiated GC) [PSYoungGen: 153367K->73635K(173568K)] 608235K->528503K(697856K), 0.0097578 secs] [Times: user=0.15 sys=0.00, real=0.01 secs] 
2016-09-25T21:46:33.159-0400: 91.573: [GC (GCLocker Initiated GC) [PSYoungGen: 161699K->66749K(175104K)] 622005K->541294K(699392K), 0.0082250 secs] [Times: user=0.11 sys=0.00, real=0.01 secs] 
2016-09-25T21:46:33.227-0400: 91.641: [GC (GCLocker Initiated GC) [PSYoungGen: 154813K->50200K(175104K)] 629388K->550058K(699392K), 0.0160376 secs] [Times: user=0.22 sys=0.00, real=0.02 secs] 
2016-09-25T21:46:33.243-0400: 91.657: [Full GC (Ergonomics) [PSYoungGen: 50200K->0K(175104K)] [ParOldGen: 499857K->447597K(524288K)] 550058K->447597K(699392K), [Metaspace: 43848K->43848K(1087488K)], 0.0634746 secs] [Times: user=0.64 sys=0.01, real=0.06 secs] 
2016-09-25T21:46:33.364-0400: 91.778: [GC (GCLocker Initiated GC) [PSYoungGen: 88064K->51359K(139776K)] 537025K->500321K(664064K), 0.0102720 secs] [Times: user=0.18 sys=0.01, real=0.01 secs] 
2016-09-25T21:46:33.431-0400: 91.845: [GC (GCLocker Initiated GC) [PSYoungGen: 139423K->55957K(177152K)] 596499K->513032K(701440K), 0.0075155 secs] [Times: user=0.10 sys=0.00, real=0.01 secs] 
2016-09-25T21:46:33.506-0400: 91.920: [GC (GCLocker Initiated GC) [PSYoungGen: 147093K->35938K(174080K)] 604202K->493047K(698368K), 0.0087173 secs] [Times: user=0.10 sys=0.00, real=0.01 secs] 
2016-09-25T21:46:33.568-0400: 91.983: [GC (GCLocker Initiated GC) [PSYoungGen: 127074K->71833K(172032K)] 592446K->537205K(696320K), 0.0118886 secs] [Times: user=0.19 sys=0.01, real=0.01 secs] 
2016-09-25T21:46:33.633-0400: 92.047: [GC (GCLocker Initiated GC) [PSYoungGen: 159897K->80462K(175104K)] 628075K->552792K(699392K), 0.0082452 secs] [Times: user=0.12 sys=0.00, real=0.01 secs] 
2016-09-25T21:46:33.700-0400: 92.114: [GC (GCLocker Initiated GC) [PSYoungGen: 168526K->59616K(175104K)] 641076K->557540K(699392K), 0.0076468 secs] [Times: user=0.10 sys=0.02, real=0.01 secs] 
2016-09-25T21:46:33.708-0400: 92.122: [Full GC (Ergonomics) [PSYoungGen: 59616K->0K(175104K)] [ParOldGen: 497924K->461529K(524288K)] 557540K->461529K(699392K), [Metaspace: 43848K->43848K(1087488K)], 0.0705899 secs] [Times: user=0.82 sys=0.01, real=0.07 secs] 
2016-09-25T21:46:33.836-0400: 92.251: [GC (GCLocker Initiated GC) [PSYoungGen: 88064K->55456K(175104K)] 549748K->517140K(699392K), 0.0060199 secs] [Times: user=0.08 sys=0.01, real=0.01 secs] 
2016-09-25T21:46:33.894-0400: 92.308: [GC (GCLocker Initiated GC) [PSYoungGen: 143520K->51110K(173056K)] 606409K->537981K(697344K), 0.0075429 secs] [Times: user=0.10 sys=0.00, real=0.01 secs] 
2016-09-25T21:46:33.951-0400: 92.365: [GC (GCLocker Initiated GC) [PSYoungGen: 139174K->70502K(174080K)] 626105K->557434K(698368K), 0.0104081 secs] [Times: user=0.15 sys=0.00, real=0.01 secs] 
2016-09-25T21:46:34.019-0400: 92.433: [GC (GCLocker Initiated GC) [PSYoungGen: 158566K->52432K(175104K)] 645709K->565046K(699392K), 0.0082320 secs] [Times: user=0.10 sys=0.00, real=0.01 secs] 
2016-09-25T21:46:34.027-0400: 92.442: [Full GC (Ergonomics) [PSYoungGen: 52432K->0K(175104K)] [ParOldGen: 512614K->455454K(524288K)] 565046K->455454K(699392K), [Metaspace: 43854K->43854K(1087488K)], 0.0607476 secs] [Times: user=0.46 sys=0.02, real=0.06 secs] 
2016-09-25T21:46:34.145-0400: 92.560: [GC (GCLocker Initiated GC) [PSYoungGen: 89088K->59761K(148992K)] 547304K->517977K(673280K), 0.0116981 secs] [Times: user=0.17 sys=0.01, real=0.01 secs] 
2016-09-25T21:46:34.212-0400: 92.626: [GC (GCLocker Initiated GC) [PSYoungGen: 148849K->59173K(176640K)] 615186K->525510K(700928K), 0.0070825 secs] [Times: user=0.08 sys=0.00, real=0.01 secs] 
2016-09-25T21:46:34.291-0400: 92.705: [GC (GCLocker Initiated GC) [PSYoungGen: 151845K->77272K(174080K)] 618204K->543630K(698368K), 0.0074566 secs] [Times: user=0.10 sys=0.01, real=0.01 secs] 
2016-09-25T21:46:34.358-0400: 92.772: [GC (GCLocker Initiated GC) [PSYoungGen: 169944K->86086K(174592K)] 639061K->557903K(698880K), 0.0089954 secs] [Times: user=0.14 sys=0.01, real=0.01 secs] 
2016-09-25T21:46:34.420-0400: 92.835: [GC (GCLocker Initiated GC) [PSYoungGen: 174150K->65315K(175104K)] 651968K->556466K(699392K), 0.0071247 secs] [Times: user=0.10 sys=0.01, real=0.01 secs] 
2016-09-25T21:46:34.490-0400: 92.905: [Full GC (Ergonomics) [PSYoungGen: 153379K->0K(175104K)] [ParOldGen: 496642K->459170K(524288K)] 650022K->459170K(699392K), [Metaspace: 43854K->43854K(1087488K)], 0.0631752 secs] [Times: user=0.65 sys=0.00, real=0.06 secs] 
2016-09-25T21:46:34.602-0400: 93.017: [GC (GCLocker Initiated GC) [PSYoungGen: 85538K->54045K(175104K)] 547408K->515916K(699392K), 0.0073754 secs] [Times: user=0.09 sys=0.00, real=0.00 secs] 
2016-09-25T21:46:34.661-0400: 93.075: [GC (GCLocker Initiated GC) [PSYoungGen: 142109K->58626K(175104K)] 604359K->520875K(699392K), 0.0066469 secs] [Times: user=0.08 sys=0.00, real=0.01 secs] 
2016-09-25T21:46:34.719-0400: 93.133: [GC (GCLocker Initiated GC) [PSYoungGen: 146690K->67321K(175104K)] 619778K->541836K(699392K), 0.0070864 secs] [Times: user=0.09 sys=0.01, real=0.01 secs] 
2016-09-25T21:46:34.784-0400: 93.198: [GC (GCLocker Initiated GC) [PSYoungGen: 155385K->53038K(141312K)] 629939K->527592K(665600K), 0.0063901 secs] [Times: user=0.06 sys=0.00, real=0.00 secs] 
2016-09-25T21:46:34.845-0400: 93.259: [GC (GCLocker Initiated GC) [PSYoungGen: 141102K->67233K(175104K)] 621066K->547197K(699392K), 0.0071511 secs] [Times: user=0.11 sys=0.00, real=0.00 secs] 
2016-09-25T21:46:34.906-0400: 93.321: [GC (GCLocker Initiated GC) [PSYoungGen: 155809K->58129K(146944K)] 638539K->540859K(671232K), 0.0074349 secs] [Times: user=0.07 sys=0.00, real=0.00 secs] 
2016-09-25T21:46:34.975-0400: 93.389: [GC (GCLocker Initiated GC) [PSYoungGen: 146705K->45596K(173568K)] 641633K->540523K(697856K), 0.0057055 secs] [Times: user=0.06 sys=0.00, real=0.00 secs] 
2016-09-25T21:46:35.029-0400: 93.443: [GC (GCLocker Initiated GC) [PSYoungGen: 134684K->81196K(174080K)] 629653K->576165K(698368K), 0.0073769 secs] [Times: user=0.11 sys=0.00, real=0.01 secs] 
2016-09-25T21:46:35.102-0400: 93.517: [GC (GCLocker Initiated GC) [PSYoungGen: 170284K->51033K(175104K)] 670787K->560820K(699392K), 0.0101518 secs] [Times: user=0.12 sys=0.00, real=0.00 secs] 
2016-09-25T21:46:35.113-0400: 93.527: [Full GC (Ergonomics) [PSYoungGen: 51033K->0K(175104K)] [ParOldGen: 509786K->464564K(524288K)] 560820K->464564K(699392K), [Metaspace: 43857K->43857K(1087488K)], 0.0594938 secs] [Times: user=0.61 sys=0.01, real=0.06 secs] 
2016-09-25T21:46:35.232-0400: 93.647: [GC (GCLocker Initiated GC) [PSYoungGen: 88064K->58213K(175104K)] 552673K->522822K(699392K), 0.0068480 secs] [Times: user=0.09 sys=0.00, real=0.01 secs] 
2016-09-25T21:46:35.290-0400: 93.704: [GC (GCLocker Initiated GC) [PSYoungGen: 146277K->61520K(169984K)] 611276K->526519K(694272K), 0.0060861 secs] [Times: user=0.08 sys=0.00, real=0.01 secs] 
2016-09-25T21:46:35.350-0400: 93.765: [GC (GCLocker Initiated GC) [PSYoungGen: 149584K->51327K(172544K)] 614614K->516358K(696832K), 0.0070488 secs] [Times: user=0.08 sys=0.00, real=0.01 secs] 
2016-09-25T21:46:35.413-0400: 93.827: [GC (GCLocker Initiated GC) [PSYoungGen: 139391K->79049K(172032K)] 607151K->546808K(696320K), 0.0102738 secs] [Times: user=0.15 sys=0.00, real=0.02 secs] 
2016-09-25T21:46:35.486-0400: 93.900: [GC (GCLocker Initiated GC) [PSYoungGen: 167113K->86423K(175104K)] 634994K->559705K(699392K), 0.0087322 secs] [Times: user=0.11 sys=0.01, real=0.01 secs] 
2016-09-25T21:46:35.546-0400: 93.960: [GC (GCLocker Initiated GC) [PSYoungGen: 174487K->86245K(175104K)] 647983K->579648K(699392K), 0.0102615 secs] [Times: user=0.13 sys=0.00, real=0.01 secs] 
2016-09-25T21:46:35.614-0400: 94.029: [GC (GCLocker Initiated GC) [PSYoungGen: 174309K->72123K(175104K)] 674556K->592597K(699392K), 0.0084701 secs] [Times: user=0.12 sys=0.00, real=0.01 secs] 
2016-09-25T21:46:35.623-0400: 94.037: [Full GC (Ergonomics) [PSYoungGen: 72123K->0K(175104K)] [ParOldGen: 520474K->471918K(524288K)] 592597K->471918K(699392K), [Metaspace: 43858K->43858K(1087488K)], 0.0652768 secs] [Times: user=0.55 sys=0.02, real=0.06 secs] 
2016-09-25T21:46:35.749-0400: 94.164: [GC (GCLocker Initiated GC) [PSYoungGen: 88064K->67856K(175104K)] 560009K->539802K(699392K), 0.0070266 secs] [Times: user=0.09 sys=0.00, real=0.01 secs] 
2016-09-25T21:46:35.801-0400: 94.216: [GC (GCLocker Initiated GC) [PSYoungGen: 155920K->85957K(175104K)] 630651K->560688K(699392K), 0.0097947 secs] [Times: user=0.14 sys=0.01, real=0.01 secs] 
2016-09-25T21:46:35.868-0400: 94.283: [GC (GCLocker Initiated GC) [PSYoungGen: 174021K->61975K(175104K)] 648778K->570933K(699392K), 0.0086538 secs] [Times: user=0.12 sys=0.00, real=0.01 secs] 
2016-09-25T21:46:35.877-0400: 94.292: [Full GC (Ergonomics) [PSYoungGen: 61975K->0K(175104K)] [ParOldGen: 508957K->466920K(524288K)] 570933K->466920K(699392K), [Metaspace: 43859K->43859K(1087488K)], 0.1247455 secs] [Times: user=1.67 sys=0.02, real=0.12 secs] 
2016-09-25T21:46:36.057-0400: 94.472: [GC (GCLocker Initiated GC) [PSYoungGen: 88064K->55603K(175104K)] 560530K->528069K(699392K), 0.0063413 secs] [Times: user=0.09 sys=0.00, real=0.01 secs] 
2016-09-25T21:46:36.130-0400: 94.544: [GC (GCLocker Initiated GC) [PSYoungGen: 143667K->60598K(175104K)] 616203K->534205K(699392K), 0.0068516 secs] [Times: user=0.09 sys=0.00, real=0.01 secs] 
2016-09-25T21:46:36.193-0400: 94.608: [GC (Allocation Failure) [PSYoungGen: 148662K->39158K(175104K)] 629828K->531832K(699392K), 0.0078696 secs] [Times: user=0.07 sys=0.00, real=0.01 secs] 
2016-09-25T21:46:36.248-0400: 94.663: [Full GC (Ergonomics) [PSYoungGen: 127142K->0K(175104K)] [ParOldGen: 498074K->474888K(524288K)] 625217K->474888K(699392K), [Metaspace: 43859K->43859K(1087488K)], 0.0554132 secs] [Times: user=0.53 sys=0.00, real=0.06 secs] 
2016-09-25T21:46:36.366-0400: 94.780: [GC (GCLocker Initiated GC) [PSYoungGen: 88064K->58063K(175104K)] 568456K->538455K(699392K), 0.0065312 secs] [Times: user=0.08 sys=0.00, real=0.00 secs] 
2016-09-25T21:46:36.421-0400: 94.836: [GC (GCLocker Initiated GC) [PSYoungGen: 146127K->57645K(175104K)] 626606K->538990K(699392K), 0.0072995 secs] [Times: user=0.06 sys=0.00, real=0.01 secs] 
2016-09-25T21:46:36.484-0400: 94.898: [GC (GCLocker Initiated GC) [PSYoungGen: 145709K->68578K(175104K)] 627091K->550506K(699392K), 0.0071693 secs] [Times: user=0.09 sys=0.00, real=0.00 secs] 
2016-09-25T21:46:36.549-0400: 94.963: [GC (GCLocker Initiated GC) [PSYoungGen: 156642K->55228K(175104K)] 650795K->549939K(699392K), 0.0064271 secs] [Times: user=0.09 sys=0.00, real=0.01 secs] 
2016-09-25T21:46:36.604-0400: 95.018: [GC (GCLocker Initiated GC) [PSYoungGen: 143292K->82119K(175104K)] 638066K->588425K(699392K), 0.0095731 secs] [Times: user=0.15 sys=0.01, real=0.00 secs] 
2016-09-25T21:46:36.613-0400: 95.028: [Full GC (Ergonomics) [PSYoungGen: 82119K->0K(175104K)] [ParOldGen: 506306K->474975K(524288K)] 588425K->474975K(699392K), [Metaspace: 43860K->43860K(1087488K)], 0.0570475 secs] [Times: user=0.56 sys=0.00, real=0.06 secs] 
2016-09-25T21:46:36.727-0400: 95.142: [GC (GCLocker Initiated GC) [PSYoungGen: 88064K->59397K(175104K)] 563128K->534462K(699392K), 0.0059371 secs] [Times: user=0.08 sys=0.00, real=0.00 secs] 
2016-09-25T21:46:36.783-0400: 95.198: [GC (GCLocker Initiated GC) [PSYoungGen: 147461K->66021K(175104K)] 622620K->562312K(699392K), 0.0078402 secs] [Times: user=0.11 sys=0.00, real=0.00 secs] 
2016-09-25T21:46:36.791-0400: 95.206: [Full GC (Ergonomics) [PSYoungGen: 66021K->0K(175104K)] [ParOldGen: 496290K->473246K(524288K)] 562312K->473246K(699392K), [Metaspace: 43860K->43860K(1087488K)], 0.0696147 secs] [Times: user=0.70 sys=0.01, real=0.07 secs] 
2016-09-25T21:46:36.919-0400: 95.334: [GC (GCLocker Initiated GC) [PSYoungGen: 88064K->56912K(175104K)] 566785K->535633K(699392K), 0.0076178 secs] [Times: user=0.11 sys=0.00, real=0.01 secs] 
2016-09-25T21:46:36.987-0400: 95.402: [GC (GCLocker Initiated GC) [PSYoungGen: 144976K->67355K(175104K)] 634543K->558019K(699392K), 0.0068823 secs] [Times: user=0.10 sys=0.00, real=0.01 secs] 
2016-09-25T21:46:37.055-0400: 95.470: [GC (GCLocker Initiated GC) [PSYoungGen: 155419K->53895K(175104K)] 646160K->577760K(699392K), 0.0093059 secs] [Times: user=0.12 sys=0.00, real=0.01 secs] 
2016-09-25T21:46:37.065-0400: 95.479: [Full GC (Ergonomics) [PSYoungGen: 53895K->0K(175104K)] [ParOldGen: 523865K->475155K(524288K)] 577760K->475155K(699392K), [Metaspace: 43860K->43860K(1087488K)], 0.0584597 secs] [Times: user=0.54 sys=0.00, real=0.06 secs] 
2016-09-25T21:46:37.191-0400: 95.605: [GC (GCLocker Initiated GC) [PSYoungGen: 88064K->58668K(172032K)] 568678K->539282K(696320K), 0.0073158 secs] [Times: user=0.08 sys=0.00, real=0.01 secs] 
2016-09-25T21:46:37.260-0400: 95.675: [GC (GCLocker Initiated GC) [PSYoungGen: 146732K->67566K(173568K)] 627381K->548216K(697856K), 0.0065471 secs] [Times: user=0.09 sys=0.01, real=0.01 secs] 
2016-09-25T21:46:37.330-0400: 95.744: [GC (GCLocker Initiated GC) [PSYoungGen: 155630K->76371K(173568K)] 641802K->562543K(697856K), 0.0076263 secs] [Times: user=0.10 sys=0.01, real=0.01 secs] 
2016-09-25T21:46:37.394-0400: 95.808: [GC (GCLocker Initiated GC) [PSYoungGen: 164435K->49213K(175104K)] 653373K->564649K(699392K), 0.0077310 secs] [Times: user=0.10 sys=0.01, real=0.01 secs] 
2016-09-25T21:46:37.402-0400: 95.816: [Full GC (Ergonomics) [PSYoungGen: 49213K->0K(175104K)] [ParOldGen: 515435K->475272K(524288K)] 564649K->475272K(699392K), [Metaspace: 43860K->43860K(1087488K)], 0.0600076 secs] [Times: user=0.57 sys=0.01, real=0.06 secs] 
2016-09-25T21:46:37.524-0400: 95.938: [GC (GCLocker Initiated GC) [PSYoungGen: 88064K->64107K(173056K)] 564546K->540590K(697344K), 0.0146324 secs] [Times: user=0.18 sys=0.01, real=0.01 secs] 
2016-09-25T21:46:37.591-0400: 96.005: [GC (GCLocker Initiated GC) [PSYoungGen: 152171K->68717K(174080K)] 631439K->547984K(698368K), 0.0110653 secs] [Times: user=0.15 sys=0.01, real=0.02 secs] 
2016-09-25T21:46:37.671-0400: 96.085: [Full GC (Ergonomics) [PSYoungGen: 156781K->0K(174080K)] [ParOldGen: 495591K->482438K(524288K)] 652372K->482438K(698368K), [Metaspace: 43860K->43860K(1087488K)], 0.0612445 secs] [Times: user=0.62 sys=0.00, real=0.06 secs] 
2016-09-25T21:46:37.784-0400: 96.199: [GC (GCLocker Initiated GC) [PSYoungGen: 88064K->78462K(174080K)] 570533K->560931K(698368K), 0.0081966 secs] [Times: user=0.12 sys=0.00, real=0.00 secs] 
2016-09-25T21:46:37.851-0400: 96.266: [GC (GCLocker Initiated GC) [PSYoungGen: 166526K->75241K(175104K)] 654472K->563187K(699392K), 0.0077874 secs] [Times: user=0.13 sys=0.00, real=0.01 secs] 
2016-09-25T21:46:37.915-0400: 96.329: [GC (GCLocker Initiated GC) --[PSYoungGen: 163305K->163305K(175104K)] 651351K->685612K(699392K), 0.0140562 secs] [Times: user=0.16 sys=0.01, real=0.01 secs] 
2016-09-25T21:46:37.929-0400: 96.343: [Full GC (Ergonomics) [PSYoungGen: 163305K->0K(175104K)] [ParOldGen: 522306K->481845K(524288K)] 685612K->481845K(699392K), [Metaspace: 43866K->43866K(1087488K)], 0.0566820 secs] [Times: user=0.56 sys=0.00, real=0.06 secs] 
2016-09-25T21:46:38.046-0400: 96.460: [GC (GCLocker Initiated GC) [PSYoungGen: 88064K->66633K(175104K)] 575348K->553918K(699392K), 0.0072825 secs] [Times: user=0.10 sys=0.02, real=0.00 secs] 
2016-09-25T21:46:38.112-0400: 96.527: [GC (GCLocker Initiated GC) [PSYoungGen: 154697K->61977K(175104K)] 642071K->556088K(699392K), 0.0077851 secs] [Times: user=0.11 sys=0.00, real=0.01 secs] 
2016-09-25T21:46:38.179-0400: 96.593: [Full GC (Ergonomics) [PSYoungGen: 150041K->0K(175104K)] [ParOldGen: 498323K->475888K(524288K)] 648365K->475888K(699392K), [Metaspace: 43866K->43866K(1087488K)], 0.0620123 secs] [Times: user=0.60 sys=0.00, real=0.06 secs] 
2016-09-25T21:46:38.294-0400: 96.708: [GC (GCLocker Initiated GC) [PSYoungGen: 88064K->75691K(175104K)] 564037K->551665K(699392K), 0.0085204 secs] [Times: user=0.12 sys=0.00, real=0.02 secs] 
2016-09-25T21:46:38.358-0400: 96.773: [GC (GCLocker Initiated GC) [PSYoungGen: 163755K->48655K(175104K)] 640515K->552089K(699392K), 0.0078165 secs] [Times: user=0.10 sys=0.00, real=0.01 secs] 
2016-09-25T21:46:38.366-0400: 96.781: [Full GC (Ergonomics) [PSYoungGen: 48655K->0K(175104K)] [ParOldGen: 503433K->481517K(524288K)] 552089K->481517K(699392K), [Metaspace: 43866K->43866K(1087488K)], 0.0669265 secs] [Times: user=0.63 sys=0.02, real=0.06 secs] 
2016-09-25T21:46:38.490-0400: 96.905: [GC (GCLocker Initiated GC) [PSYoungGen: 88064K->46307K(175104K)] 576580K->534824K(699392K), 0.0059639 secs] [Times: user=0.07 sys=0.00, real=0.01 secs] 
2016-09-25T21:46:38.552-0400: 96.967: [GC (GCLocker Initiated GC) [PSYoungGen: 134371K->49786K(175104K)] 626998K->562523K(699392K), 0.0070511 secs] [Times: user=0.09 sys=0.00, real=0.01 secs] 
2016-09-25T21:46:38.560-0400: 96.974: [Full GC (Ergonomics) [PSYoungGen: 49786K->0K(175104K)] [ParOldGen: 512737K->486632K(524288K)] 562523K->486632K(699392K), [Metaspace: 43866K->43866K(1087488K)], 0.0620121 secs] [Times: user=0.67 sys=0.00, real=0.06 secs] 
2016-09-25T21:46:38.682-0400: 97.096: [Full GC (Ergonomics) [PSYoungGen: 88064K->0K(175104K)] [ParOldGen: 494709K->486296K(524288K)] 582773K->486296K(699392K), [Metaspace: 43866K->43866K(1087488K)], 0.0570482 secs] [Times: user=0.56 sys=0.01, real=0.06 secs] 
2016-09-25T21:46:38.791-0400: 97.206: [GC (GCLocker Initiated GC) [PSYoungGen: 88064K->67434K(175104K)] 574406K->553777K(699392K), 0.0070939 secs] [Times: user=0.10 sys=0.00, real=0.01 secs] 
2016-09-25T21:46:38.863-0400: 97.278: [GC (GCLocker Initiated GC) [PSYoungGen: 155498K->53964K(175104K)] 641920K->550648K(699392K), 0.0070673 secs] [Times: user=0.09 sys=0.00, real=0.00 secs] 
2016-09-25T21:46:38.870-0400: 97.285: [Full GC (Ergonomics) [PSYoungGen: 53964K->0K(175104K)] [ParOldGen: 496683K->485974K(524288K)] 550648K->485974K(699392K), [Metaspace: 43866K->43866K(1087488K)], 0.0587536 secs] [Times: user=0.62 sys=0.00, real=0.06 secs] 
2016-09-25T21:46:38.988-0400: 97.402: [GC (GCLocker Initiated GC) [PSYoungGen: 88064K->46131K(175104K)] 579487K->537554K(699392K), 0.0066604 secs] [Times: user=0.07 sys=0.00, real=0.01 secs] 
2016-09-25T21:46:39.055-0400: 97.469: [Full GC (Ergonomics) [PSYoungGen: 134195K->0K(175104K)] [ParOldGen: 503733K->492614K(524288K)] 637928K->492614K(699392K), [Metaspace: 43866K->43866K(1087488K)], 0.0548145 secs] [Times: user=0.49 sys=0.00, real=0.05 secs] 
2016-09-25T21:46:39.165-0400: 97.580: [GC (GCLocker Initiated GC) [PSYoungGen: 88064K->66465K(175104K)] 581157K->559558K(699392K), 0.0068405 secs] [Times: user=0.09 sys=0.00, real=0.00 secs] 
2016-09-25T21:46:39.228-0400: 97.643: [GC (GCLocker Initiated GC) [PSYoungGen: 154529K->74156K(175104K)] 647687K->568499K(699392K), 0.0076617 secs] [Times: user=0.10 sys=0.00, real=0.01 secs] 
2016-09-25T21:46:39.287-0400: 97.701: [GC (GCLocker Initiated GC) [PSYoungGen: 162220K->60713K(175104K)] 656626K->566679K(699392K), 0.0119261 secs] [Times: user=0.16 sys=0.00, real=0.01 secs] 
2016-09-25T21:46:39.299-0400: 97.713: [Full GC (Ergonomics) [PSYoungGen: 60713K->0K(175104K)] [ParOldGen: 505965K->494694K(524288K)] 566679K->494694K(699392K), [Metaspace: 43866K->43866K(1087488K)], 0.0597038 secs] [Times: user=0.66 sys=0.00, real=0.06 secs] 
2016-09-25T21:46:39.429-0400: 97.843: [Full GC (Ergonomics) [PSYoungGen: 88064K->0K(175104K)] [ParOldGen: 500237K->489912K(524288K)] 588301K->489912K(699392K), [Metaspace: 43866K->43866K(1087488K)], 0.0536559 secs] [Times: user=0.58 sys=0.00, real=0.06 secs] 
2016-09-25T21:46:39.536-0400: 97.951: [GC (GCLocker Initiated GC) [PSYoungGen: 88064K->62828K(171008K)] 580764K->555528K(695296K), 0.0073711 secs] [Times: user=0.10 sys=0.01, real=0.01 secs] 
2016-09-25T21:46:39.597-0400: 98.011: [GC (GCLocker Initiated GC) [PSYoungGen: 150892K->72943K(173056K)] 643644K->565696K(697344K), 0.0102151 secs] [Times: user=0.15 sys=0.00, real=0.01 secs] 
2016-09-25T21:46:39.666-0400: 98.080: [GC (GCLocker Initiated GC) [PSYoungGen: 161007K->76282K(175104K)] 653859K->569133K(699392K), 0.0075811 secs] [Times: user=0.11 sys=0.01, real=0.00 secs] 
2016-09-25T21:46:39.730-0400: 98.145: [GC (GCLocker Initiated GC) [PSYoungGen: 164346K->60032K(175104K)] 660027K->575470K(699392K), 0.0087075 secs] [Times: user=0.11 sys=0.01, real=0.01 secs] 
2016-09-25T21:46:39.739-0400: 98.154: [Full GC (Ergonomics) [PSYoungGen: 60032K->0K(175104K)] [ParOldGen: 515438K->495618K(524288K)] 575470K->495618K(699392K), [Metaspace: 43866K->43866K(1087488K)], 0.0529694 secs] [Times: user=0.48 sys=0.01, real=0.05 secs] 
2016-09-25T21:46:39.859-0400: 98.274: [Full GC (Ergonomics) [PSYoungGen: 88064K->0K(175104K)] [ParOldGen: 502439K->490926K(524288K)] 590503K->490926K(699392K), [Metaspace: 43866K->43866K(1087488K)], 0.0648702 secs] [Times: user=0.59 sys=0.01, real=0.07 secs] 
2016-09-25T21:46:39.986-0400: 98.401: [Full GC (Ergonomics) [PSYoungGen: 88064K->0K(175104K)] [ParOldGen: 497706K->497283K(524288K)] 585770K->497283K(699392K), [Metaspace: 43866K->43866K(1087488K)], 0.0642687 secs] [Times: user=0.64 sys=0.01, real=0.06 secs] 
2016-09-25T21:46:40.111-0400: 98.525: [Full GC (Ergonomics) [PSYoungGen: 88064K->0K(175104K)] [ParOldGen: 502701K->498055K(524288K)] 590765K->498055K(699392K), [Metaspace: 43866K->43866K(1087488K)], 0.0610200 secs] [Times: user=0.62 sys=0.00, real=0.06 secs] 
2016-09-25T21:46:40.240-0400: 98.655: [Full GC (Ergonomics) [PSYoungGen: 88064K->0K(175104K)] [ParOldGen: 498098K->493389K(524288K)] 586162K->493389K(699392K), [Metaspace: 43866K->43866K(1087488K)], 0.0520482 secs] [Times: user=0.44 sys=0.00, real=0.05 secs] 
2016-09-25T21:46:40.344-0400: 98.758: [GC (GCLocker Initiated GC) [PSYoungGen: 88064K->64186K(172032K)] 581609K->557732K(696320K), 0.0082748 secs] [Times: user=0.09 sys=0.01, real=0.00 secs] 
2016-09-25T21:46:40.410-0400: 98.825: [GC (GCLocker Initiated GC) [PSYoungGen: 152250K->63548K(173568K)] 645820K->557117K(697856K), 0.0069346 secs] [Times: user=0.10 sys=0.00, real=0.01 secs] 
2016-09-25T21:46:40.481-0400: 98.896: [GC (GCLocker Initiated GC) [PSYoungGen: 151612K->72398K(174080K)] 647037K->567824K(698368K), 0.0095880 secs] [Times: user=0.15 sys=0.00, real=0.01 secs] 
2016-09-25T21:46:40.545-0400: 98.960: [Full GC (Ergonomics) [PSYoungGen: 163022K->0K(174080K)] [ParOldGen: 503696K->500432K(524288K)] 666719K->500432K(698368K), [Metaspace: 43866K->43866K(1087488K)], 0.0923358 secs] [Times: user=1.24 sys=0.01, real=0.09 secs] 
2016-09-25T21:46:40.696-0400: 99.111: [Full GC (Ergonomics) [PSYoungGen: 90624K->0K(174080K)] [ParOldGen: 503799K->499700K(524288K)] 594423K->499700K(698368K), [Metaspace: 43866K->43866K(1087488K)], 0.0567322 secs] [Times: user=0.65 sys=0.01, real=0.05 secs] 
2016-09-25T21:46:40.808-0400: 99.222: [GC (GCLocker Initiated GC) [PSYoungGen: 90624K->77243K(175104K)] 590400K->577019K(699392K), 0.0081221 secs] [Times: user=0.13 sys=0.00, real=0.01 secs] 
2016-09-25T21:46:40.880-0400: 99.294: [Full GC (Ergonomics) [PSYoungGen: 167867K->0K(175104K)] [ParOldGen: 505266K->507766K(524288K)] 673133K->507766K(699392K), [Metaspace: 43866K->43866K(1087488K)], 0.0703049 secs] [Times: user=0.64 sys=0.00, real=0.07 secs] 
2016-09-25T21:46:41.023-0400: 99.437: [Full GC (Ergonomics) [PSYoungGen: 90624K->0K(175104K)] [ParOldGen: 522651K->503130K(524288K)] 613275K->503130K(699392K), [Metaspace: 43866K->43866K(1087488K)], 0.0513423 secs] [Times: user=0.43 sys=0.00, real=0.05 secs] 
2016-09-25T21:46:41.138-0400: 99.553: [Full GC (Ergonomics) [PSYoungGen: 90624K->0K(175104K)] [ParOldGen: 511481K->509307K(524288K)] 602105K->509307K(699392K), [Metaspace: 43866K->43866K(1087488K)], 0.0778379 secs] [Times: user=0.83 sys=0.01, real=0.08 secs] 
2016-09-25T21:46:41.287-0400: 99.702: [Full GC (Ergonomics) [PSYoungGen: 90624K->0K(175104K)] [ParOldGen: 509360K->501950K(524288K)] 599984K->501950K(699392K), [Metaspace: 43867K->43867K(1087488K)], 0.0693230 secs] [Times: user=0.72 sys=0.00, real=0.07 secs] 
2016-09-25T21:46:41.422-0400: 99.837: [Full GC (Ergonomics) [PSYoungGen: 90624K->0K(175104K)] [ParOldGen: 502002K->502675K(524288K)] 592626K->502675K(699392K), [Metaspace: 43867K->43867K(1087488K)], 0.0629893 secs] [Times: user=0.46 sys=0.00, real=0.06 secs] 
2016-09-25T21:46:41.549-0400: 99.964: [Full GC (Ergonomics) [PSYoungGen: 90624K->0K(175104K)] [ParOldGen: 505406K->503436K(524288K)] 596030K->503436K(699392K), [Metaspace: 43867K->43867K(1087488K)], 0.0531918 secs] [Times: user=0.42 sys=0.00, real=0.06 secs] 
2016-09-25T21:46:41.660-0400: 100.074: [Full GC (Ergonomics) [PSYoungGen: 90624K->0K(175104K)] [ParOldGen: 503520K->506761K(524288K)] 594144K->506761K(699392K), [Metaspace: 43867K->43867K(1087488K)], 0.0667239 secs] [Times: user=0.68 sys=0.00, real=0.07 secs] 
2016-09-25T21:46:41.794-0400: 100.208: [Full GC (Ergonomics) [PSYoungGen: 90624K->0K(175104K)] [ParOldGen: 506823K->502063K(524288K)] 597447K->502063K(699392K), [Metaspace: 43867K->43867K(1087488K)], 0.0676437 secs] [Times: user=0.70 sys=0.00, real=0.07 secs] 
2016-09-25T21:46:41.922-0400: 100.336: [Full GC (Ergonomics) [PSYoungGen: 90624K->0K(175104K)] [ParOldGen: 504834K->502868K(524288K)] 595458K->502868K(699392K), [Metaspace: 43867K->43867K(1087488K)], 0.0613527 secs] [Times: user=0.62 sys=0.01, real=0.07 secs] 
2016-09-25T21:46:42.059-0400: 100.473: [Full GC (Ergonomics) [PSYoungGen: 90624K->0K(175104K)] [ParOldGen: 512425K->506567K(524288K)] 603049K->506567K(699392K), [Metaspace: 43867K->43867K(1087488K)], 0.0758879 secs] [Times: user=0.73 sys=0.00, real=0.08 secs] 
2016-09-25T21:46:42.198-0400: 100.612: [Full GC (Ergonomics) [PSYoungGen: 90624K->0K(175104K)] [ParOldGen: 514824K->512840K(524288K)] 605448K->512840K(699392K), [Metaspace: 43867K->43867K(1087488K)], 0.0675061 secs] [Times: user=0.64 sys=0.00, real=0.07 secs] 
2016-09-25T21:46:42.323-0400: 100.738: [Full GC (Ergonomics) [PSYoungGen: 90624K->0K(175104K)] [ParOldGen: 515619K->510996K(524288K)] 606243K->510996K(699392K), [Metaspace: 43867K->43867K(1087488K)], 0.0501380 secs] [Times: user=0.41 sys=0.01, real=0.04 secs] 
2016-09-25T21:46:42.445-0400: 100.859: [Full GC (Ergonomics) [PSYoungGen: 90624K->0K(175104K)] [ParOldGen: 516513K->509083K(524288K)] 607137K->509083K(699392K), [Metaspace: 43867K->43867K(1087488K)], 0.0576435 secs] [Times: user=0.55 sys=0.00, real=0.06 secs] 
2016-09-25T21:46:42.572-0400: 100.987: [Full GC (Ergonomics) [PSYoungGen: 90624K->0K(175104K)] [ParOldGen: 513305K->500835K(524288K)] 603929K->500835K(699392K), [Metaspace: 43867K->43867K(1087488K)], 0.0525984 secs] [Times: user=0.47 sys=0.00, real=0.06 secs] 
2016-09-25T21:46:42.685-0400: 101.100: [Full GC (Ergonomics) [PSYoungGen: 90624K->0K(175104K)] [ParOldGen: 506273K->510873K(524288K)] 596897K->510873K(699392K), [Metaspace: 43867K->43867K(1087488K)], 0.0600817 secs] [Times: user=0.60 sys=0.00, real=0.06 secs] 
2016-09-25T21:46:42.813-0400: 101.227: [Full GC (Ergonomics) [PSYoungGen: 90624K->0K(175104K)] [ParOldGen: 513599K->509009K(524288K)] 604223K->509009K(699392K), [Metaspace: 43867K->43867K(1087488K)], 0.0799308 secs] [Times: user=0.91 sys=0.01, real=0.08 secs] 
2016-09-25T21:46:42.955-0400: 101.369: [Full GC (Ergonomics) [PSYoungGen: 90624K->0K(175104K)] [ParOldGen: 515862K->509888K(524288K)] 606486K->509888K(699392K), [Metaspace: 43867K->43867K(1087488K)], 0.0648204 secs] [Times: user=0.55 sys=0.00, real=0.06 secs] 
2016-09-25T21:46:43.090-0400: 101.505: [Full GC (Ergonomics) [PSYoungGen: 90624K->0K(175104K)] [ParOldGen: 516163K->512097K(524288K)] 606787K->512097K(699392K), [Metaspace: 43870K->43870K(1087488K)], 0.0582513 secs] [Times: user=0.59 sys=0.00, real=0.06 secs] 
2016-09-25T21:46:43.214-0400: 101.629: [Full GC (Ergonomics) [PSYoungGen: 90624K->0K(175104K)] [ParOldGen: 512542K->507678K(524288K)] 603166K->507678K(699392K), [Metaspace: 43870K->43870K(1087488K)], 0.0573763 secs] [Times: user=0.57 sys=0.01, real=0.05 secs] 
2016-09-25T21:46:43.328-0400: 101.743: [Full GC (Ergonomics) [PSYoungGen: 90624K->0K(175104K)] [ParOldGen: 510423K->515795K(524288K)] 601047K->515795K(699392K), [Metaspace: 43870K->43870K(1087488K)], 0.0741479 secs] [Times: user=0.85 sys=0.01, real=0.08 secs] 
2016-09-25T21:46:43.466-0400: 101.880: [Full GC (Ergonomics) [PSYoungGen: 90624K->0K(175104K)] [ParOldGen: 522548K->511270K(524288K)] 613172K->511270K(699392K), [Metaspace: 43870K->43870K(1087488K)], 0.0603474 secs] [Times: user=0.54 sys=0.01, real=0.06 secs] 
2016-09-25T21:46:43.587-0400: 102.001: [Full GC (Ergonomics) [PSYoungGen: 90624K->0K(175104K)] [ParOldGen: 514143K->517356K(524288K)] 604767K->517356K(699392K), [Metaspace: 43870K->43870K(1087488K)], 0.0696151 secs] [Times: user=0.71 sys=0.00, real=0.07 secs] 
2016-09-25T21:46:43.737-0400: 102.152: [Full GC (Ergonomics) [PSYoungGen: 90624K->0K(175104K)] [ParOldGen: 517397K->507223K(524288K)] 608021K->507223K(699392K), [Metaspace: 43870K->43870K(1087488K)], 0.0626101 secs] [Times: user=0.65 sys=0.01, real=0.06 secs] 
2016-09-25T21:46:43.864-0400: 102.278: [Full GC (Ergonomics) [PSYoungGen: 90624K->0K(175104K)] [ParOldGen: 515452K->510748K(524288K)] 606076K->510748K(699392K), [Metaspace: 43870K->43870K(1087488K)], 0.0770865 secs] [Times: user=0.85 sys=0.01, real=0.07 secs] 
2016-09-25T21:46:44.000-0400: 102.415: [Full GC (Ergonomics) [PSYoungGen: 90624K->0K(175104K)] [ParOldGen: 513538K->511593K(524288K)] 604162K->511593K(699392K), [Metaspace: 43870K->43870K(1087488K)], 0.0674061 secs] [Times: user=0.74 sys=0.00, real=0.07 secs] 
2016-09-25T21:46:44.134-0400: 102.549: [Full GC (Ergonomics) [PSYoungGen: 90624K->0K(175104K)] [ParOldGen: 518516K->512343K(524288K)] 609140K->512343K(699392K), [Metaspace: 43870K->43870K(1087488K)], 0.0549129 secs] [Times: user=0.53 sys=0.00, real=0.05 secs] 
2016-09-25T21:46:44.258-0400: 102.672: [Full GC (Ergonomics) [PSYoungGen: 90624K->0K(175104K)] [ParOldGen: 516740K->510560K(524288K)] 607364K->510560K(699392K), [Metaspace: 43870K->43870K(1087488K)], 0.0633195 secs] [Times: user=0.54 sys=0.03, real=0.06 secs] 
2016-09-25T21:46:44.322-0400: 102.737: [GC (GCLocker Initiated GC) [PSYoungGen: 265K->160K(175104K)] 510826K->510720K(699392K), 0.0039813 secs] [Times: user=0.04 sys=0.00, real=0.00 secs] 
2016-09-25T21:46:44.326-0400: 102.741: [Full GC (Ergonomics) [PSYoungGen: 160K->0K(175104K)] [ParOldGen: 510560K->508900K(524288K)] 510720K->508900K(699392K), [Metaspace: 43870K->43870K(1087488K)], 0.1040230 secs] [Times: user=1.36 sys=0.01, real=0.10 secs] 
2016-09-25T21:46:44.482-0400: 102.896: [Full GC (Ergonomics) [PSYoungGen: 87527K->0K(175104K)] [ParOldGen: 511601K->512394K(524288K)] 599128K->512394K(699392K), [Metaspace: 43870K->43870K(1087488K)], 0.0637963 secs] [Times: user=0.65 sys=0.01, real=0.07 secs] 
2016-09-25T21:46:44.603-0400: 103.018: [Full GC (Ergonomics) [PSYoungGen: 88064K->0K(175104K)] [ParOldGen: 515180K->515823K(524288K)] 603244K->515823K(699392K), [Metaspace: 43870K->43870K(1087488K)], 0.0623110 secs] [Times: user=0.65 sys=0.01, real=0.06 secs] 
2016-09-25T21:46:44.722-0400: 103.136: [Full GC (Ergonomics) [PSYoungGen: 88064K->0K(175104K)] [ParOldGen: 518677K->519275K(524288K)] 606741K->519275K(699392K), [Metaspace: 43870K->43870K(1087488K)], 0.0516486 secs] [Times: user=0.48 sys=0.01, real=0.05 secs] 
2016-09-25T21:46:44.839-0400: 103.254: [Full GC (Ergonomics) [PSYoungGen: 88064K->0K(175104K)] [ParOldGen: 519326K->511918K(524288K)] 607390K->511918K(699392K), [Metaspace: 43870K->43870K(1087488K)], 0.0675632 secs] [Times: user=0.76 sys=0.01, real=0.07 secs] 
2016-09-25T21:46:44.967-0400: 103.382: [Full GC (Ergonomics) [PSYoungGen: 88064K->0K(175104K)] [ParOldGen: 517342K->512673K(524288K)] 605406K->512673K(699392K), [Metaspace: 43870K->43870K(1087488K)], 0.0574212 secs] [Times: user=0.59 sys=0.00, real=0.06 secs] 
2016-09-25T21:46:45.089-0400: 103.503: [Full GC (Ergonomics) [PSYoungGen: 88064K->0K(175104K)] [ParOldGen: 517512K->518867K(524288K)] 605576K->518867K(699392K), [Metaspace: 43871K->43871K(1087488K)], 0.0682606 secs] [Times: user=0.83 sys=0.01, real=0.07 secs] 
2016-09-25T21:46:45.213-0400: 103.627: [Full GC (Ergonomics) [PSYoungGen: 88064K->0K(175104K)] [ParOldGen: 524287K->519582K(524288K)] 612351K->519582K(699392K), [Metaspace: 43871K->43871K(1087488K)], 0.0727558 secs] [Times: user=0.84 sys=0.01, real=0.08 secs] 
2016-09-25T21:46:45.354-0400: 103.769: [Full GC (Ergonomics) [PSYoungGen: 88064K->0K(175104K)] [ParOldGen: 520932K->517703K(524288K)] 608996K->517703K(699392K), [Metaspace: 43871K->43871K(1087488K)], 0.0561850 secs] [Times: user=0.55 sys=0.00, real=0.05 secs] 
2016-09-25T21:46:45.484-0400: 103.898: [Full GC (Ergonomics) [PSYoungGen: 88064K->0K(175104K)] [ParOldGen: 521774K->518501K(524288K)] 609838K->518501K(699392K), [Metaspace: 43871K->43871K(1087488K)], 0.0590569 secs] [Times: user=0.58 sys=0.00, real=0.06 secs] 
2016-09-25T21:46:45.603-0400: 104.018: [Full GC (Ergonomics) [PSYoungGen: 88064K->0K(175104K)] [ParOldGen: 523936K->521926K(524288K)] 612000K->521926K(699392K), [Metaspace: 43871K->43871K(1087488K)], 0.0679248 secs] [Times: user=0.61 sys=0.01, real=0.06 secs] 
2016-09-25T21:46:45.734-0400: 104.148: [Full GC (Ergonomics) [PSYoungGen: 87188K->0K(175104K)] [ParOldGen: 523276K->517396K(524288K)] 610465K->517396K(699392K), [Metaspace: 43871K->43871K(1087488K)], 0.0581856 secs] [Times: user=0.52 sys=0.02, real=0.06 secs] 
2016-09-25T21:46:45.848-0400: 104.263: [Full GC (Ergonomics) [PSYoungGen: 88064K->0K(175104K)] [ParOldGen: 520270K->520835K(524288K)] 608334K->520835K(699392K), [Metaspace: 43871K->43871K(1087488K)], 0.0688247 secs] [Times: user=0.77 sys=0.00, real=0.07 secs] 
2016-09-25T21:46:45.979-0400: 104.393: [Full GC (Ergonomics) [PSYoungGen: 88064K->0K(175104K)] [ParOldGen: 523536K->515501K(524288K)] 611600K->515501K(699392K), [Metaspace: 43871K->43871K(1087488K)], 0.0933510 secs] [Times: user=1.06 sys=0.01, real=0.09 secs] 
2016-09-25T21:46:46.142-0400: 104.556: [Full GC (Ergonomics) [PSYoungGen: 88064K->0K(175104K)] [ParOldGen: 519650K->516233K(524288K)] 607714K->516233K(699392K), [Metaspace: 43871K->43871K(1087488K)], 0.0552084 secs] [Times: user=0.46 sys=0.01, real=0.06 secs] 
2016-09-25T21:46:46.262-0400: 104.677: [Full GC (Ergonomics) [PSYoungGen: 88060K->0K(175104K)] [ParOldGen: 523047K->519876K(524288K)] 611107K->519876K(699392K), [Metaspace: 43871K->43871K(1087488K)], 0.0646744 secs] [Times: user=0.63 sys=0.01, real=0.06 secs] 
2016-09-25T21:46:46.382-0400: 104.797: [Full GC (Ergonomics) [PSYoungGen: 88064K->0K(175104K)] [ParOldGen: 522695K->520559K(524288K)] 610759K->520559K(699392K), [Metaspace: 43871K->43871K(1087488K)], 0.0565458 secs] [Times: user=0.56 sys=0.00, real=0.05 secs] 
2016-09-25T21:46:46.488-0400: 104.903: [Full GC (Ergonomics) [PSYoungGen: 88064K->0K(175104K)] [ParOldGen: 520636K->521321K(524288K)] 608700K->521321K(699392K), [Metaspace: 43871K->43871K(1087488K)], 0.0636876 secs] [Times: user=0.68 sys=0.00, real=0.06 secs] 
2016-09-25T21:46:46.618-0400: 105.033: [Full GC (Ergonomics) [PSYoungGen: 86042K->1350K(175104K)] [ParOldGen: 524021K->523496K(524288K)] 610063K->524846K(699392K), [Metaspace: 43871K->43871K(1087488K)], 0.0694331 secs] [Times: user=0.75 sys=0.01, real=0.07 secs] 
2016-09-25T21:46:46.744-0400: 105.158: [Full GC (Ergonomics) [PSYoungGen: 87077K->2700K(175104K)] [ParOldGen: 523496K->521738K(524288K)] 610574K->524438K(699392K), [Metaspace: 43871K->43871K(1087488K)], 0.1065927 secs] [Times: user=1.35 sys=0.00, real=0.10 secs] 
2016-09-25T21:46:46.912-0400: 105.326: [Full GC (Ergonomics) [PSYoungGen: 88064K->4050K(175104K)] [ParOldGen: 521818K->523583K(524288K)] 609882K->527633K(699392K), [Metaspace: 43871K->43871K(1087488K)], 0.1650702 secs] [Times: user=2.47 sys=0.00, real=0.17 secs] 
2016-09-25T21:46:47.134-0400: 105.549: [Full GC (Ergonomics) [PSYoungGen: 88064K->0K(175104K)] [ParOldGen: 523614K->522830K(524288K)] 611678K->522830K(699392K), [Metaspace: 43871K->43871K(1087488K)], 0.0572592 secs] [Times: user=0.49 sys=0.00, real=0.05 secs] 
2016-09-25T21:46:47.255-0400: 105.669: [Full GC (Ergonomics) [PSYoungGen: 88064K->0K(175104K)] [ParOldGen: 522838K->520915K(524288K)] 610902K->520915K(699392K), [Metaspace: 43871K->43871K(1087488K)], 0.0614801 secs] [Times: user=0.57 sys=0.02, real=0.06 secs] 
2016-09-25T21:46:47.370-0400: 105.784: [Full GC (Ergonomics) [PSYoungGen: 87087K->0K(175104K)] [ParOldGen: 522265K->521559K(524288K)] 609353K->521559K(699392K), [Metaspace: 43871K->43871K(1087488K)], 0.0704164 secs] [Times: user=0.70 sys=0.02, real=0.07 secs] 
2016-09-25T21:46:47.498-0400: 105.913: [Full GC (Ergonomics) [PSYoungGen: 88064K->2701K(175104K)] [ParOldGen: 521629K->522311K(524288K)] 609693K->525013K(699392K), [Metaspace: 43871K->43871K(1087488K)], 0.0632426 secs] [Times: user=0.66 sys=0.01, real=0.06 secs] 
2016-09-25T21:46:47.612-0400: 106.026: [Full GC (Ergonomics) [PSYoungGen: 87462K->9450K(175104K)] [ParOldGen: 522311K->523328K(524288K)] 609774K->532779K(699392K), [Metaspace: 43871K->43871K(1087488K)], 0.1640902 secs] [Times: user=2.47 sys=0.00, real=0.17 secs] 
2016-09-25T21:46:47.826-0400: 106.240: [Full GC (Ergonomics) [PSYoungGen: 88064K->5402K(175104K)] [ParOldGen: 523518K->522421K(524288K)] 611582K->527823K(699392K), [Metaspace: 43871K->43871K(1087488K)], 0.1663645 secs] [Times: user=2.47 sys=0.00, real=0.16 secs] 
2016-09-25T21:46:48.040-0400: 106.455: [Full GC (Ergonomics) [PSYoungGen: 85549K->1350K(175104K)] [ParOldGen: 522421K->524255K(524288K)] 607970K->525606K(699392K), [Metaspace: 43871K->43871K(1087488K)], 0.1571569 secs] [Times: user=2.32 sys=0.02, real=0.16 secs] 
2016-09-25T21:46:48.252-0400: 106.667: [Full GC (Ergonomics) [PSYoungGen: 86880K->4052K(175104K)] [ParOldGen: 524255K->522060K(524288K)] 611135K->526113K(699392K), [Metaspace: 43871K->43871K(1087488K)], 0.1424376 secs] [Times: user=2.08 sys=0.01, real=0.15 secs] 
2016-09-25T21:46:48.453-0400: 106.868: [Full GC (Ergonomics) [PSYoungGen: 87188K->0K(175104K)] [ParOldGen: 522060K->524195K(524288K)] 609249K->524195K(699392K), [Metaspace: 43871K->43871K(1087488K)], 0.0804521 secs] [Times: user=0.74 sys=0.02, real=0.08 secs] 
2016-09-25T21:46:48.595-0400: 107.009: [Full GC (Ergonomics) [PSYoungGen: 88064K->0K(175104K)] [ParOldGen: 524195K->523688K(524288K)] 612259K->523688K(699392K), [Metaspace: 43871K->43871K(1087488K)], 0.0667032 secs] [Times: user=0.73 sys=0.00, real=0.06 secs] 
2016-09-25T21:46:48.718-0400: 107.133: [Full GC (Ergonomics) [PSYoungGen: 87838K->6814K(175104K)] [ParOldGen: 523688K->523741K(524288K)] 611527K->530555K(699392K), [Metaspace: 43871K->43871K(1087488K)], 0.1860383 secs] [Times: user=2.73 sys=0.00, real=0.19 secs] 
2016-09-25T21:46:48.957-0400: 107.372: [Full GC (Ergonomics) [PSYoungGen: 87585K->4132K(175104K)] [ParOldGen: 523741K->524280K(524288K)] 611326K->528413K(699392K), [Metaspace: 43871K->43871K(1087488K)], 0.1498139 secs] [Times: user=2.18 sys=0.01, real=0.15 secs] 
2016-09-25T21:46:49.174-0400: 107.589: [Full GC (Ergonomics) [PSYoungGen: 88064K->6879K(175104K)] [ParOldGen: 524281K->522115K(524288K)] 612345K->528995K(699392K), [Metaspace: 43871K->43871K(1087488K)], 0.1594224 secs] [Times: user=2.34 sys=0.02, real=0.15 secs] 
2016-09-25T21:46:49.392-0400: 107.806: [Full GC (Ergonomics) [PSYoungGen: 86168K->9533K(175104K)] [ParOldGen: 522115K->522596K(524288K)] 608284K->532130K(699392K), [Metaspace: 43871K->43871K(1087488K)], 0.1549256 secs] [Times: user=2.35 sys=0.01, real=0.16 secs] 
2016-09-25T21:46:49.607-0400: 108.021: [Full GC (Ergonomics) [PSYoungGen: 87657K->9451K(175104K)] [ParOldGen: 522596K->523242K(524288K)] 610253K->532694K(699392K), [Metaspace: 43871K->43871K(1087488K)], 0.1670099 secs] [Times: user=2.53 sys=0.00, real=0.16 secs] 
2016-09-25T21:46:49.839-0400: 108.253: [Full GC (Ergonomics) [PSYoungGen: 86199K->4217K(175104K)] [ParOldGen: 523242K->522376K(524288K)] 609442K->526594K(699392K), [Metaspace: 43871K->43871K(1087488K)], 0.1693670 secs] [Times: user=2.47 sys=0.01, real=0.17 secs] 
2016-09-25T21:46:50.071-0400: 108.486: [Full GC (Ergonomics) [PSYoungGen: 87363K->4227K(175104K)] [ParOldGen: 522376K->524192K(524288K)] 609740K->528420K(699392K), [Metaspace: 43871K->43871K(1087488K)], 0.1614884 secs] [Times: user=2.28 sys=0.02, real=0.16 secs] 
2016-09-25T21:46:50.294-0400: 108.709: [Full GC (Ergonomics) [PSYoungGen: 88007K->6967K(175104K)] [ParOldGen: 524192K->523473K(524288K)] 612199K->530441K(699392K), [Metaspace: 43871K->43871K(1087488K)], 0.1738885 secs] [Times: user=2.31 sys=0.03, real=0.17 secs] 
2016-09-25T21:46:50.529-0400: 108.943: [Full GC (Ergonomics) [PSYoungGen: 88064K->12348K(175104K)] [ParOldGen: 523551K->522484K(524288K)] 611615K->534833K(699392K), [Metaspace: 43871K->43871K(1087488K)], 0.1577370 secs] [Times: user=1.95 sys=0.03, real=0.16 secs] 
2016-09-25T21:46:50.737-0400: 109.151: [Full GC (Ergonomics) [PSYoungGen: 86711K->0K(175104K)] [ParOldGen: 522484K->492400K(524288K)] 609196K->492400K(699392K), [Metaspace: 43874K->43874K(1087488K)], 0.0679759 secs] [Times: user=0.63 sys=0.00, real=0.07 secs] 
2016-09-25T21:46:50.876-0400: 109.290: [GC (GCLocker Initiated GC) [PSYoungGen: 88064K->57102K(175104K)] 580578K->549617K(699392K), 0.0154631 secs] [Times: user=0.21 sys=0.01, real=0.01 secs] 
2016-09-25T21:46:50.960-0400: 109.375: [GC (GCLocker Initiated GC) [PSYoungGen: 145166K->44542K(175104K)] 637844K->548038K(699392K), 0.0085004 secs] [Times: user=0.07 sys=0.00, real=0.01 secs] 
2016-09-25T21:46:50.969-0400: 109.383: [Full GC (Ergonomics) [PSYoungGen: 44542K->0K(175104K)] [ParOldGen: 503495K->491398K(524288K)] 548038K->491398K(699392K), [Metaspace: 43874K->43874K(1087488K)], 0.0615338 secs] [Times: user=0.53 sys=0.01, real=0.06 secs] 
2016-09-25T21:46:51.094-0400: 109.508: [GC (GCLocker Initiated GC) [PSYoungGen: 88064K->63949K(175104K)] 579548K->555434K(699392K), 0.0138624 secs] [Times: user=0.20 sys=0.00, real=0.02 secs] 
2016-09-25T21:46:51.174-0400: 109.589: [GC (GCLocker Initiated GC) [PSYoungGen: 152013K->67476K(175104K)] 646265K->567163K(699392K), 0.0089247 secs] [Times: user=0.11 sys=0.00, real=0.01 secs] 
2016-09-25T21:46:51.239-0400: 109.653: [GC (GCLocker Initiated GC) [PSYoungGen: 155540K->29443K(175104K)] 655355K->530096K(699392K), 0.0057469 secs] [Times: user=0.03 sys=0.00, real=0.01 secs] 
2016-09-25T21:46:51.301-0400: 109.715: [GC (GCLocker Initiated GC) --[PSYoungGen: 117507K->117507K(175104K)] 622020K->639097K(699392K), 0.0103593 secs] [Times: user=0.08 sys=0.01, real=0.01 secs] 
2016-09-25T21:46:51.311-0400: 109.726: [Full GC (Ergonomics) [PSYoungGen: 117507K->0K(175104K)] [ParOldGen: 521590K->496011K(524288K)] 639097K->496011K(699392K), [Metaspace: 43874K->43874K(1087488K)], 0.0561613 secs] [Times: user=0.51 sys=0.00, real=0.06 secs] 
2016-09-25T21:46:51.427-0400: 109.842: [GC (GCLocker Initiated GC) [PSYoungGen: 88064K->48795K(175104K)] 593625K->554356K(699392K), 0.0123170 secs] [Times: user=0.15 sys=0.01, real=0.01 secs] 
2016-09-25T21:46:51.498-0400: 109.913: [Full GC (Ergonomics) [PSYoungGen: 136859K->0K(175104K)] [ParOldGen: 513736K->506898K(524288K)] 650596K->506898K(699392K), [Metaspace: 43874K->43874K(1087488K)], 0.0614320 secs] [Times: user=0.57 sys=0.01, real=0.06 secs] 
2016-09-25T21:46:51.624-0400: 110.039: [Full GC (Ergonomics) [PSYoungGen: 88064K->0K(175104K)] [ParOldGen: 513829K->502389K(524288K)] 601893K->502389K(699392K), [Metaspace: 43874K->43874K(1087488K)], 0.0687801 secs] [Times: user=0.66 sys=0.01, real=0.06 secs] 
2016-09-25T21:46:51.761-0400: 110.175: [Full GC (Ergonomics) [PSYoungGen: 88064K->0K(175104K)] [ParOldGen: 507964K->508548K(524288K)] 596028K->508548K(699392K), [Metaspace: 43874K->43874K(1087488K)], 0.0595374 secs] [Times: user=0.53 sys=0.00, real=0.06 secs] 
2016-09-25T21:46:51.886-0400: 110.300: [Full GC (Ergonomics) [PSYoungGen: 88064K->0K(175104K)] [ParOldGen: 508613K->501212K(524288K)] 596677K->501212K(699392K), [Metaspace: 43874K->43874K(1087488K)], 0.0787542 secs] [Times: user=0.71 sys=0.00, real=0.08 secs] 
2016-09-25T21:46:52.035-0400: 110.449: [GC (GCLocker Initiated GC) [PSYoungGen: 88064K->45025K(175104K)] 594821K->551782K(699392K), 0.0205153 secs] [Times: user=0.20 sys=0.01, real=0.02 secs] 
2016-09-25T21:46:52.120-0400: 110.534: [GC (GCLocker Initiated GC) --[PSYoungGen: 133089K->133089K(175104K)] 639931K->654977K(699392K), 0.0130803 secs] [Times: user=0.08 sys=0.00, real=0.01 secs] 
2016-09-25T21:46:52.133-0400: 110.547: [Full GC (Ergonomics) [PSYoungGen: 133089K->0K(175104K)] [ParOldGen: 521887K->500045K(524288K)] 654977K->500045K(699392K), [Metaspace: 43874K->43874K(1087488K)], 0.0914535 secs] [Times: user=0.79 sys=0.01, real=0.10 secs] 
2016-09-25T21:46:52.294-0400: 110.708: [GC (GCLocker Initiated GC) [PSYoungGen: 88064K->32718K(175104K)] 592479K->537134K(699392K), 0.0065114 secs] [Times: user=0.05 sys=0.01, real=0.01 secs] 
2016-09-25T21:46:52.353-0400: 110.768: [GC (GCLocker Initiated GC) [PSYoungGen: 120782K->46886K(135168K)] 625942K->569594K(659456K), 0.0075527 secs] [Times: user=0.08 sys=0.00, real=0.01 secs] 
2016-09-25T21:46:52.361-0400: 110.776: [Full GC (Ergonomics) [PSYoungGen: 46886K->0K(135168K)] [ParOldGen: 522707K->500072K(524288K)] 569594K->500072K(659456K), [Metaspace: 43874K->43874K(1087488K)], 0.0520807 secs] [Times: user=0.40 sys=0.01, real=0.05 secs] 
2016-09-25T21:46:52.481-0400: 110.896: [Full GC (Ergonomics) [PSYoungGen: 88064K->0K(135168K)] [ParOldGen: 506869K->502108K(524288K)] 594933K->502108K(659456K), [Metaspace: 43874K->43874K(1087488K)], 0.0559682 secs] [Times: user=0.48 sys=0.00, real=0.06 secs] 
2016-09-25T21:46:52.604-0400: 111.018: [Full GC (Ergonomics) [PSYoungGen: 88064K->0K(135168K)] [ParOldGen: 514439K->502956K(524288K)] 602503K->502956K(659456K), [Metaspace: 43874K->43874K(1087488K)], 0.0550728 secs] [Times: user=0.52 sys=0.00, real=0.05 secs] 
2016-09-25T21:46:52.719-0400: 111.134: [GC (GCLocker Initiated GC) [PSYoungGen: 88064K->65053K(174080K)] 591138K->568128K(698368K), 0.0121768 secs] [Times: user=0.16 sys=0.00, real=0.01 secs] 
2016-09-25T21:46:52.794-0400: 111.208: [GC (GCLocker Initiated GC) --[PSYoungGen: 152605K->152605K(174080K)] 655739K->675802K(698368K), 0.0123276 secs] [Times: user=0.09 sys=0.00, real=0.02 secs] 
2016-09-25T21:46:52.806-0400: 111.221: [Full GC (Ergonomics) [PSYoungGen: 152605K->0K(174080K)] [ParOldGen: 523196K->507233K(524288K)] 675802K->507233K(698368K), [Metaspace: 43874K->43874K(1087488K)], 0.0618299 secs] [Times: user=0.50 sys=0.01, real=0.06 secs] 
2016-09-25T21:46:52.923-0400: 111.338: [Full GC (Ergonomics) [PSYoungGen: 87552K->0K(174080K)] [ParOldGen: 507304K->505132K(524288K)] 594856K->505132K(698368K), [Metaspace: 43874K->43874K(1087488K)], 0.0547461 secs] [Times: user=0.51 sys=0.00, real=0.05 secs] 
2016-09-25T21:46:53.032-0400: 111.447: [Full GC (Ergonomics) [PSYoungGen: 87552K->0K(174080K)] [ParOldGen: 513336K->511426K(524288K)] 600888K->511426K(698368K), [Metaspace: 43874K->43874K(1087488K)], 0.0617262 secs] [Times: user=0.59 sys=0.00, real=0.06 secs] 
2016-09-25T21:46:53.166-0400: 111.581: [Full GC (Ergonomics) [PSYoungGen: 87552K->0K(174080K)] [ParOldGen: 514276K->509515K(524288K)] 601828K->509515K(698368K), [Metaspace: 43874K->43874K(1087488K)], 0.0692770 secs] [Times: user=0.54 sys=0.00, real=0.07 secs] 
2016-09-25T21:46:53.301-0400: 111.715: [Full GC (Ergonomics) [PSYoungGen: 87552K->0K(174080K)] [ParOldGen: 514967K->515750K(524288K)] 602519K->515750K(698368K), [Metaspace: 43874K->43874K(1087488K)], 0.0633691 secs] [Times: user=0.61 sys=0.00, real=0.07 secs] 
2016-09-25T21:46:53.432-0400: 111.847: [Full GC (Ergonomics) [PSYoungGen: 87552K->0K(174080K)] [ParOldGen: 518483K->508326K(524288K)] 606035K->508326K(698368K), [Metaspace: 43874K->43874K(1087488K)], 0.0593649 secs] [Times: user=0.53 sys=0.01, real=0.06 secs] 
2016-09-25T21:46:53.555-0400: 111.970: [Full GC (Ergonomics) [PSYoungGen: 87552K->0K(174080K)] [ParOldGen: 512449K->506457K(524288K)] 600001K->506457K(698368K), [Metaspace: 43876K->43876K(1087488K)], 0.0630042 secs] [Times: user=0.53 sys=0.00, real=0.06 secs] 
2016-09-25T21:46:53.684-0400: 112.098: [Full GC (Ergonomics) [PSYoungGen: 87552K->0K(174080K)] [ParOldGen: 507807K->498340K(524288K)] 595359K->498340K(698368K), [Metaspace: 43876K->43876K(1087488K)], 0.0857103 secs] [Times: user=0.82 sys=0.01, real=0.08 secs] 
2016-09-25T21:46:53.837-0400: 112.252: [GC (GCLocker Initiated GC) [PSYoungGen: 87552K->55660K(143360K)] 591488K->559597K(667648K), 0.0076194 secs] [Times: user=0.07 sys=0.00, real=0.01 secs] 
2016-09-25T21:46:53.907-0400: 112.321: [Full GC (Ergonomics) [PSYoungGen: 143212K->0K(143360K)] [ParOldGen: 509456K->513453K(524288K)] 652669K->513453K(667648K), [Metaspace: 43876K->43876K(1087488K)], 0.0625583 secs] [Times: user=0.57 sys=0.01, real=0.06 secs] 
2016-09-25T21:46:54.038-0400: 112.453: [Full GC (Ergonomics) [PSYoungGen: 87552K->0K(143360K)] [ParOldGen: 521680K->513019K(524288K)] 609232K->513019K(667648K), [Metaspace: 43876K->43876K(1087488K)], 0.1332802 secs] [Times: user=1.78 sys=0.02, real=0.13 secs] 
2016-09-25T21:46:54.239-0400: 112.653: [Full GC (Ergonomics) [PSYoungGen: 87552K->0K(143360K)] [ParOldGen: 515738K->505551K(524288K)] 603290K->505551K(667648K), [Metaspace: 43876K->43876K(1087488K)], 0.0503825 secs] [Times: user=0.41 sys=0.00, real=0.05 secs] 
2016-09-25T21:46:54.357-0400: 112.771: [Full GC (Ergonomics) [PSYoungGen: 87552K->0K(143360K)] [ParOldGen: 510986K->509049K(524288K)] 598538K->509049K(667648K), [Metaspace: 43876K->43876K(1087488K)], 0.0633840 secs] [Times: user=0.58 sys=0.01, real=0.06 secs] 
2016-09-25T21:46:54.478-0400: 112.893: [Full GC (Ergonomics) [PSYoungGen: 87552K->0K(143360K)] [ParOldGen: 517469K->512618K(524288K)] 605021K->512618K(667648K), [Metaspace: 43876K->43876K(1087488K)], 0.0608481 secs] [Times: user=0.57 sys=0.00, real=0.06 secs] 
2016-09-25T21:46:54.597-0400: 113.011: [Full GC (Ergonomics) [PSYoungGen: 87552K->0K(143360K)] [ParOldGen: 515484K->515990K(524288K)] 603036K->515990K(667648K), [Metaspace: 43876K->43876K(1087488K)], 0.0645948 secs] [Times: user=0.55 sys=0.01, real=0.06 secs] 
2016-09-25T21:46:54.732-0400: 113.146: [Full GC (Ergonomics) [PSYoungGen: 87552K->0K(143360K)] [ParOldGen: 516060K->511346K(524288K)] 603612K->511346K(667648K), [Metaspace: 43876K->43876K(1087488K)], 0.0602827 secs] [Times: user=0.52 sys=0.00, real=0.06 secs] 
2016-09-25T21:46:54.853-0400: 113.267: [Full GC (Ergonomics) [PSYoungGen: 87551K->0K(143360K)] [ParOldGen: 516991K->512056K(524288K)] 604542K->512056K(667648K), [Metaspace: 43876K->43876K(1087488K)], 0.0562326 secs] [Times: user=0.52 sys=0.01, real=0.06 secs] 
2016-09-25T21:46:54.967-0400: 113.381: [Full GC (Ergonomics) [PSYoungGen: 87552K->0K(143360K)] [ParOldGen: 512107K->512764K(524288K)] 599659K->512764K(667648K), [Metaspace: 43876K->43876K(1087488K)], 0.0683186 secs] [Times: user=0.67 sys=0.00, real=0.07 secs] 
2016-09-25T21:46:55.097-0400: 113.512: [Full GC (Ergonomics) [PSYoungGen: 87552K->0K(143360K)] [ParOldGen: 519618K->510909K(524288K)] 607170K->510909K(667648K), [Metaspace: 43876K->43876K(1087488K)], 0.0709232 secs] [Times: user=0.62 sys=0.01, real=0.07 secs] 
2016-09-25T21:46:55.224-0400: 113.638: [Full GC (Ergonomics) [PSYoungGen: 87552K->0K(143360K)] [ParOldGen: 513617K->514326K(524288K)] 601169K->514326K(667648K), [Metaspace: 43877K->43877K(1087488K)], 0.0652231 secs] [Times: user=0.58 sys=0.01, real=0.06 secs] 
2016-09-25T21:46:55.367-0400: 113.781: [Full GC (Ergonomics) [PSYoungGen: 87552K->0K(143360K)] [ParOldGen: 519771K->517760K(524288K)] 607323K->517760K(667648K), [Metaspace: 43877K->43877K(1087488K)], 0.0622343 secs] [Times: user=0.61 sys=0.00, real=0.06 secs] 
2016-09-25T21:46:55.499-0400: 113.913: [Full GC (Ergonomics) [PSYoungGen: 86211K->0K(143360K)] [ParOldGen: 523160K->511932K(524288K)] 609372K->511932K(667648K), [Metaspace: 43877K->43877K(1087488K)], 0.0511346 secs] [Times: user=0.42 sys=0.00, real=0.05 secs] 
2016-09-25T21:46:55.612-0400: 114.026: [Full GC (Ergonomics) [PSYoungGen: 87552K->0K(143360K)] [ParOldGen: 512076K->516626K(524288K)] 599628K->516626K(667648K), [Metaspace: 43877K->43877K(1087488K)], 0.0618645 secs] [Times: user=0.56 sys=0.01, real=0.06 secs] 
2016-09-25T21:46:55.742-0400: 114.156: [Full GC (Ergonomics) [PSYoungGen: 87552K->0K(143360K)] [ParOldGen: 522215K->517391K(524288K)] 609767K->517391K(667648K), [Metaspace: 43877K->43877K(1087488K)], 0.0700829 secs] [Times: user=0.62 sys=0.01, real=0.07 secs] 
2016-09-25T21:46:55.878-0400: 114.293: [Full GC (Ergonomics) [PSYoungGen: 87552K->0K(143360K)] [ParOldGen: 524170K->518225K(524288K)] 611722K->518225K(667648K), [Metaspace: 43877K->43877K(1087488K)], 0.0650958 secs] [Times: user=0.52 sys=0.00, real=0.07 secs] 
2016-09-25T21:46:55.994-0400: 114.408: [Full GC (Ergonomics) [PSYoungGen: 87552K->0K(143360K)] [ParOldGen: 518322K->521605K(524288K)] 605874K->521605K(667648K), [Metaspace: 43877K->43877K(1087488K)], 0.0646774 secs] [Times: user=0.68 sys=0.00, real=0.07 secs] 
2016-09-25T21:46:56.124-0400: 114.538: [Full GC (Ergonomics) [PSYoungGen: 85241K->0K(143360K)] [ParOldGen: 521605K->514099K(524288K)] 606846K->514099K(667648K), [Metaspace: 43877K->43877K(1087488K)], 0.0635657 secs] [Times: user=0.62 sys=0.00, real=0.06 secs] 
2016-09-25T21:46:56.242-0400: 114.656: [Full GC (Ergonomics) [PSYoungGen: 87552K->0K(143360K)] [ParOldGen: 519579K->515129K(524288K)] 607131K->515129K(667648K), [Metaspace: 43877K->43877K(1087488K)], 0.0772938 secs] [Times: user=0.79 sys=0.02, real=0.08 secs] 
2016-09-25T21:46:56.377-0400: 114.792: [Full GC (Ergonomics) [PSYoungGen: 87552K->0K(143360K)] [ParOldGen: 515173K->515782K(524288K)] 602725K->515782K(667648K), [Metaspace: 43877K->43877K(1087488K)], 0.0733705 secs] [Times: user=0.51 sys=0.02, real=0.07 secs] 
2016-09-25T21:46:56.512-0400: 114.927: [Full GC (Ergonomics) [PSYoungGen: 87552K->0K(143360K)] [ParOldGen: 515803K->511041K(524288K)] 603355K->511041K(667648K), [Metaspace: 43877K->43877K(1087488K)], 0.0629908 secs] [Times: user=0.64 sys=0.00, real=0.07 secs] 
2016-09-25T21:46:56.644-0400: 115.059: [Full GC (Ergonomics) [PSYoungGen: 87552K->0K(143360K)] [ParOldGen: 519165K->517309K(524288K)] 606717K->517309K(667648K), [Metaspace: 43878K->43878K(1087488K)], 0.0576905 secs] [Times: user=0.53 sys=0.00, real=0.06 secs] 
2016-09-25T21:46:56.767-0400: 115.181: [Full GC (Ergonomics) [PSYoungGen: 87552K->0K(143360K)] [ParOldGen: 521364K->514367K(524288K)] 608916K->514367K(667648K), [Metaspace: 43878K->43878K(1087488K)], 0.1155078 secs] [Times: user=1.44 sys=0.01, real=0.12 secs] 
2016-09-25T21:46:56.959-0400: 115.374: [Full GC (Ergonomics) [PSYoungGen: 87552K->0K(143360K)] [ParOldGen: 523827K->517832K(524288K)] 611379K->517832K(667648K), [Metaspace: 43878K->43878K(1087488K)], 0.0706486 secs] [Times: user=0.64 sys=0.00, real=0.07 secs] 
2016-09-25T21:46:57.089-0400: 115.504: [Full GC (Ergonomics) [PSYoungGen: 87552K->0K(143360K)] [ParOldGen: 519555K->518568K(524288K)] 607107K->518568K(667648K), [Metaspace: 43878K->43878K(1087488K)], 0.0658429 secs] [Times: user=0.57 sys=0.00, real=0.07 secs] 
2016-09-25T21:46:57.219-0400: 115.634: [Full GC (Ergonomics) [PSYoungGen: 87552K->2713K(143360K)] [ParOldGen: 518820K->521988K(524288K)] 606372K->524702K(667648K), [Metaspace: 43878K->43878K(1087488K)], 0.0596522 secs] [Times: user=0.51 sys=0.00, real=0.06 secs] 
2016-09-25T21:46:57.344-0400: 115.758: [Full GC (Ergonomics) [PSYoungGen: 85110K->0K(143360K)] [ParOldGen: 521988K->522673K(524288K)] 607099K->522673K(667648K), [Metaspace: 43878K->43878K(1087488K)], 0.0706132 secs] [Times: user=0.43 sys=0.01, real=0.07 secs] 
2016-09-25T21:46:57.487-0400: 115.901: [Full GC (Ergonomics) [PSYoungGen: 86663K->0K(143360K)] [ParOldGen: 524024K->515344K(524288K)] 610687K->515344K(667648K), [Metaspace: 43878K->43878K(1087488K)], 0.0607102 secs] [Times: user=0.57 sys=0.01, real=0.06 secs] 
2016-09-25T21:46:57.601-0400: 116.015: [Full GC (Ergonomics) [PSYoungGen: 87552K->0K(143360K)] [ParOldGen: 515431K->521331K(524288K)] 602983K->521331K(667648K), [Metaspace: 43886K->43886K(1087488K)], 0.0582449 secs] [Times: user=0.57 sys=0.00, real=0.06 secs] 
2016-09-25T21:46:57.715-0400: 116.130: [Full GC (Ergonomics) [PSYoungGen: 87552K->0K(143360K)] [ParOldGen: 521444K->516482K(524288K)] 608996K->516482K(667648K), [Metaspace: 43886K->43886K(1087488K)], 0.0549612 secs] [Times: user=0.50 sys=0.00, real=0.05 secs] 
2016-09-25T21:46:57.827-0400: 116.241: [Full GC (Ergonomics) [PSYoungGen: 87552K->0K(143360K)] [ParOldGen: 519209K->519863K(524288K)] 606761K->519863K(667648K), [Metaspace: 43886K->43886K(1087488K)], 0.0650964 secs] [Times: user=0.72 sys=0.00, real=0.06 secs] 
2016-09-25T21:46:57.949-0400: 116.363: [Full GC (Ergonomics) [PSYoungGen: 87552K->0K(143360K)] [ParOldGen: 522610K->520366K(524288K)] 610162K->520366K(667648K), [Metaspace: 43886K->43886K(1087488K)], 0.0616047 secs] [Times: user=0.63 sys=0.00, real=0.06 secs] 
2016-09-25T21:46:58.071-0400: 116.485: [Full GC (Ergonomics) [PSYoungGen: 87552K->0K(143360K)] [ParOldGen: 523109K->518401K(524288K)] 610661K->518401K(667648K), [Metaspace: 43886K->43886K(1087488K)], 0.0638407 secs] [Times: user=0.69 sys=0.01, real=0.07 secs] 
2016-09-25T21:46:58.183-0400: 116.597: [Full GC (Ergonomics) [PSYoungGen: 87552K->1369K(143360K)] [ParOldGen: 523882K->523022K(524288K)] 611434K->524392K(667648K), [Metaspace: 43886K->43886K(1087488K)], 0.0624011 secs] [Times: user=0.69 sys=0.01, real=0.06 secs] 
2016-09-25T21:46:58.294-0400: 116.709: [Full GC (Ergonomics) [PSYoungGen: 86963K->2702K(143360K)] [ParOldGen: 523022K->522192K(524288K)] 609985K->524894K(667648K), [Metaspace: 43886K->43886K(1087488K)], 0.0536361 secs] [Times: user=0.53 sys=0.01, real=0.05 secs] 
2016-09-25T21:47:00.614-0400: 119.029: [Full GC (Ergonomics) [PSYoungGen: 87552K->0K(143360K)] [ParOldGen: 522196K->490106K(524288K)] 609748K->490106K(667648K), [Metaspace: 43927K->43927K(1087488K)], 0.1155533 secs] [Times: user=0.76 sys=0.01, real=0.11 secs] 
2016-09-25T21:47:06.550-0400: 124.964: [GC (Allocation Failure) [PSYoungGen: 87552K->23173K(172544K)] 577658K->513279K(696832K), 0.0090314 secs] [Times: user=0.05 sys=0.01, real=0.01 secs] 
2016-09-25T21:47:11.846-0400: 130.260: [GC (Allocation Failure) [PSYoungGen: 110213K->22341K(174080K)] 600319K->535093K(698368K), 0.0107462 secs] [Times: user=0.09 sys=0.00, real=0.01 secs] 
2016-09-25T21:47:11.857-0400: 130.271: [Full GC (Ergonomics) [PSYoungGen: 22341K->0K(174080K)] [ParOldGen: 512751K->487164K(524288K)] 535093K->487164K(698368K), [Metaspace: 43949K->43949K(1087488K)], 0.1537056 secs] [Times: user=1.04 sys=0.03, real=0.15 secs] 
2016-09-25T21:47:17.491-0400: 135.905: [GC (Allocation Failure) [PSYoungGen: 87040K->21829K(175104K)] 574204K->508993K(699392K), 0.0076637 secs] [Times: user=0.06 sys=0.00, real=0.01 secs] 
2016-09-25T21:47:23.093-0400: 141.508: [GC (Allocation Failure) [PSYoungGen: 109893K->22821K(175104K)] 597057K->531566K(699392K), 0.0285561 secs] [Times: user=0.13 sys=0.06, real=0.03 secs] 
2016-09-25T21:47:23.122-0400: 141.537: [Full GC (Ergonomics) [PSYoungGen: 22821K->0K(175104K)] [ParOldGen: 508745K->475659K(524288K)] 531566K->475659K(699392K), [Metaspace: 43975K->43975K(1087488K)], 0.1269662 secs] [Times: user=0.91 sys=0.04, real=0.12 secs] 
