Java HotSpot(TM) 64-Bit Server VM (25.101-b13) for linux-amd64 JRE (1.8.0_101-b13), built on Jun 22 2016 02:59:44 by "java_re" with gcc 4.3.0 20080428 (Red Hat 4.3.0-8)
Memory: 4k page, physical 264122320k(96952464k free), swap 268399612k(268399612k free)
CommandLine flags: -XX:GCLogFileSize=1048576 -XX:+HeapDumpOnOutOfMemoryError -XX:HeapDumpPath=artifacts/heapdump -XX:InitialHeapSize=805306368 -XX:MaxHeapSize=805306368 -XX:NumberOfGCLogFiles=10 -XX:+PrintGC -XX:+PrintGCDateStamps -XX:+PrintGCDetails -XX:+PrintGCTimeStamps -XX:+UseCompressedClassPointers -XX:+UseCompressedOops -XX:+UseGCLogFileRotation -XX:+UseParallelGC 
2016-09-25T22:03:33.846-0400: 2.151: [GC (Metadata GC Threshold) [PSYoungGen: 121898K->15607K(229376K)] 121898K->15695K(753664K), 0.0253588 secs] [Times: user=0.18 sys=0.06, real=0.02 secs] 
2016-09-25T22:03:33.871-0400: 2.177: [Full GC (Metadata GC Threshold) [PSYoungGen: 15607K->0K(229376K)] [ParOldGen: 88K->14602K(334336K)] 15695K->14602K(563712K), [Metaspace: 21074K->21074K(1067008K)], 0.0411751 secs] [Times: user=0.37 sys=0.00, real=0.04 secs] 
2016-09-25T22:03:35.699-0400: 4.004: [GC (Metadata GC Threshold) [PSYoungGen: 122271K->15157K(229376K)] 136873K->29896K(563712K), 0.0185792 secs] [Times: user=0.14 sys=0.00, real=0.02 secs] 
2016-09-25T22:03:35.717-0400: 4.023: [Full GC (Metadata GC Threshold) [PSYoungGen: 15157K->0K(229376K)] [ParOldGen: 14738K->20583K(524288K)] 29896K->20583K(753664K), [Metaspace: 34979K->34979K(1079296K)], 0.0702533 secs] [Times: user=0.48 sys=0.03, real=0.07 secs] 
2016-09-25T22:03:37.371-0400: 5.677: [GC (GCLocker Initiated GC) [PSYoungGen: 196003K->32758K(229376K)] 219286K->59211K(753664K), 0.0111050 secs] [Times: user=0.13 sys=0.00, real=0.02 secs] 
2016-09-25T22:03:37.571-0400: 5.877: [GC (GCLocker Initiated GC) [PSYoungGen: 229366K->32749K(229376K)] 255923K->86354K(753664K), 0.0248580 secs] [Times: user=0.41 sys=0.01, real=0.03 secs] 
2016-09-25T22:03:37.715-0400: 6.021: [GC (GCLocker Initiated GC) [PSYoungGen: 229357K->32755K(229376K)] 291120K->112230K(753664K), 0.0072485 secs] [Times: user=0.09 sys=0.00, real=0.01 secs] 
2016-09-25T22:03:37.841-0400: 6.146: [GC (GCLocker Initiated GC) [PSYoungGen: 229363K->32760K(138240K)] 311604K->142378K(662528K), 0.0105497 secs] [Times: user=0.10 sys=0.06, real=0.01 secs] 
2016-09-25T22:03:37.905-0400: 6.211: [GC (GCLocker Initiated GC) [PSYoungGen: 138232K->75030K(180736K)] 252041K->188847K(705024K), 0.0110345 secs] [Times: user=0.16 sys=0.00, real=0.01 secs] 
2016-09-25T22:03:37.976-0400: 6.282: [GC (GCLocker Initiated GC) [PSYoungGen: 180502K->70172K(169472K)] 302493K->197358K(693760K), 0.0084037 secs] [Times: user=0.11 sys=0.01, real=0.01 secs] 
2016-09-25T22:03:38.040-0400: 6.346: [GC (GCLocker Initiated GC) [PSYoungGen: 158236K->44050K(175104K)] 293588K->196082K(699392K), 0.0096599 secs] [Times: user=0.09 sys=0.01, real=0.01 secs] 
2016-09-25T22:03:38.098-0400: 6.403: [GC (GCLocker Initiated GC) [PSYoungGen: 132114K->72535K(175104K)] 289624K->260138K(699392K), 0.0080624 secs] [Times: user=0.11 sys=0.00, real=0.01 secs] 
2016-09-25T22:03:38.149-0400: 6.455: [GC (GCLocker Initiated GC) [PSYoungGen: 160599K->46671K(175104K)] 356427K->272576K(699392K), 0.0174360 secs] [Times: user=0.25 sys=0.03, real=0.02 secs] 
2016-09-25T22:03:38.210-0400: 6.515: [GC (GCLocker Initiated GC) [PSYoungGen: 134732K->73686K(175104K)] 366270K->318980K(699392K), 0.0077494 secs] [Times: user=0.09 sys=0.02, real=0.01 secs] 
2016-09-25T22:03:38.267-0400: 6.572: [GC (GCLocker Initiated GC) [PSYoungGen: 161750K->34201K(175104K)] 412685K->288028K(699392K), 0.0101799 secs] [Times: user=0.11 sys=0.00, real=0.01 secs] 
2016-09-25T22:03:38.329-0400: 6.635: [GC (GCLocker Initiated GC) [PSYoungGen: 122265K->47812K(175104K)] 386990K->323520K(699392K), 0.0141206 secs] [Times: user=0.16 sys=0.01, real=0.02 secs] 
2016-09-25T22:03:38.388-0400: 6.694: [GC (GCLocker Initiated GC) [PSYoungGen: 135876K->27642K(175104K)] 414304K->330596K(699392K), 0.0083417 secs] [Times: user=0.10 sys=0.00, real=0.01 secs] 
2016-09-25T22:03:38.432-0400: 6.738: [GC (GCLocker Initiated GC) [PSYoungGen: 115706K->79007K(175104K)] 418861K->382384K(699392K), 0.0069583 secs] [Times: user=0.09 sys=0.00, real=0.01 secs] 
2016-09-25T22:03:38.485-0400: 6.791: [GC (GCLocker Initiated GC) [PSYoungGen: 167071K->56054K(175104K)] 475959K->375998K(699392K), 0.0102277 secs] [Times: user=0.11 sys=0.03, real=0.01 secs] 
2016-09-25T22:03:38.533-0400: 6.839: [GC (GCLocker Initiated GC) [PSYoungGen: 144118K->54753K(175104K)] 464144K->395318K(699392K), 0.0100266 secs] [Times: user=0.14 sys=0.01, real=0.02 secs] 
2016-09-25T22:03:38.577-0400: 6.883: [GC (GCLocker Initiated GC) [PSYoungGen: 142817K->60186K(175104K)] 491562K->430743K(699392K), 0.0075377 secs] [Times: user=0.10 sys=0.00, real=0.01 secs] 
2016-09-25T22:03:38.625-0400: 6.931: [GC (GCLocker Initiated GC) [PSYoungGen: 148250K->58821K(175104K)] 524345K->454104K(699392K), 0.0072289 secs] [Times: user=0.11 sys=0.00, real=0.00 secs] 
2016-09-25T22:03:38.678-0400: 6.984: [GC (GCLocker Initiated GC) [PSYoungGen: 146885K->62871K(175104K)] 542263K->478779K(699392K), 0.0072054 secs] [Times: user=0.10 sys=0.01, real=0.01 secs] 
2016-09-25T22:03:38.732-0400: 7.038: [GC (GCLocker Initiated GC) [PSYoungGen: 150935K->65522K(175104K)] 566986K->481795K(699392K), 0.0100520 secs] [Times: user=0.16 sys=0.01, real=0.02 secs] 
2016-09-25T22:03:38.785-0400: 7.091: [GC (GCLocker Initiated GC) [PSYoungGen: 153586K->85865K(175104K)] 572590K->510517K(699392K), 0.0076157 secs] [Times: user=0.10 sys=0.01, real=0.00 secs] 
2016-09-25T22:03:38.836-0400: 7.142: [GC (GCLocker Initiated GC) [PSYoungGen: 173929K->68378K(175104K)] 598643K->506877K(699392K), 0.0067765 secs] [Times: user=0.07 sys=0.03, real=0.01 secs] 
2016-09-25T22:03:38.884-0400: 7.190: [GC (GCLocker Initiated GC) [PSYoungGen: 156442K->52156K(175104K)] 597662K->509849K(699392K), 0.0108776 secs] [Times: user=0.14 sys=0.02, real=0.01 secs] 
2016-09-25T22:03:38.949-0400: 7.255: [GC (GCLocker Initiated GC) [PSYoungGen: 140220K->62984K(175104K)] 606221K->540164K(699392K), 0.0066485 secs] [Times: user=0.10 sys=0.00, real=0.01 secs] 
2016-09-25T22:03:39.010-0400: 7.316: [GC (GCLocker Initiated GC) [PSYoungGen: 151048K->53548K(175104K)] 643324K->557043K(699392K), 0.0065256 secs] [Times: user=0.09 sys=0.01, real=0.01 secs] 
2016-09-25T22:03:39.017-0400: 7.323: [Full GC (Ergonomics) [PSYoungGen: 53548K->0K(175104K)] [ParOldGen: 503495K->54720K(524288K)] 557043K->54720K(699392K), [Metaspace: 42906K->42898K(1085440K)], 0.1810058 secs] [Times: user=2.44 sys=0.08, real=0.18 secs] 
2016-09-25T22:03:39.252-0400: 7.558: [GC (GCLocker Initiated GC) [PSYoungGen: 88064K->55185K(175104K)] 153892K->121014K(699392K), 0.0056934 secs] [Times: user=0.07 sys=0.01, real=0.01 secs] 
2016-09-25T22:03:39.303-0400: 7.609: [GC (GCLocker Initiated GC) [PSYoungGen: 143249K->62924K(175104K)] 209258K->148514K(699392K), 0.0068574 secs] [Times: user=0.08 sys=0.00, real=0.00 secs] 
2016-09-25T22:03:39.352-0400: 7.658: [GC (GCLocker Initiated GC) [PSYoungGen: 150988K->61666K(172032K)] 246568K->157534K(696320K), 0.0073398 secs] [Times: user=0.08 sys=0.01, real=0.01 secs] 
2016-09-25T22:03:39.409-0400: 7.715: [GC (GCLocker Initiated GC) [PSYoungGen: 149730K->65542K(173568K)] 248371K->167280K(697856K), 0.0125149 secs] [Times: user=0.13 sys=0.00, real=0.01 secs] 
2016-09-25T22:03:39.465-0400: 7.771: [GC (GCLocker Initiated GC) [PSYoungGen: 153606K->59030K(171520K)] 258295K->182985K(695808K), 0.0068314 secs] [Times: user=0.08 sys=0.00, real=0.00 secs] 
2016-09-25T22:03:39.518-0400: 7.824: [GC (GCLocker Initiated GC) [PSYoungGen: 150166K->76548K(174080K)] 279782K->206592K(698368K), 0.0068131 secs] [Times: user=0.10 sys=0.01, real=0.01 secs] 
2016-09-25T22:03:39.569-0400: 7.875: [GC (GCLocker Initiated GC) [PSYoungGen: 167684K->77866K(175104K)] 300533K->211111K(699392K), 0.0074686 secs] [Times: user=0.11 sys=0.00, real=0.01 secs] 
2016-09-25T22:03:39.622-0400: 7.928: [GC (GCLocker Initiated GC) [PSYoungGen: 165930K->75120K(175104K)] 299255K->223730K(699392K), 0.0068730 secs] [Times: user=0.10 sys=0.00, real=0.01 secs] 
2016-09-25T22:03:39.668-0400: 7.974: [GC (GCLocker Initiated GC) [PSYoungGen: 163184K->71180K(175104K)] 314559K->236428K(699392K), 0.0065840 secs] [Times: user=0.09 sys=0.00, real=0.01 secs] 
2016-09-25T22:03:39.717-0400: 8.022: [GC (GCLocker Initiated GC) [PSYoungGen: 159244K->73784K(175104K)] 324669K->261253K(699392K), 0.0072510 secs] [Times: user=0.09 sys=0.01, real=0.01 secs] 
2016-09-25T22:03:39.772-0400: 8.077: [GC (GCLocker Initiated GC) [PSYoungGen: 161848K->84680K(175104K)] 352112K->286164K(699392K), 0.0084155 secs] [Times: user=0.12 sys=0.00, real=0.01 secs] 
2016-09-25T22:03:39.826-0400: 8.132: [GC (GCLocker Initiated GC) [PSYoungGen: 172744K->65638K(175104K)] 374300K->279755K(699392K), 0.0063879 secs] [Times: user=0.07 sys=0.00, real=0.00 secs] 
2016-09-25T22:03:39.871-0400: 8.177: [GC (GCLocker Initiated GC) [PSYoungGen: 153702K->49502K(175104K)] 367863K->305894K(699392K), 0.0066039 secs] [Times: user=0.09 sys=0.00, real=0.01 secs] 
2016-09-25T22:03:39.910-0400: 8.216: [GC (GCLocker Initiated GC) [PSYoungGen: 137566K->81980K(175104K)] 394215K->341759K(699392K), 0.0097339 secs] [Times: user=0.10 sys=0.00, real=0.01 secs] 
2016-09-25T22:03:39.962-0400: 8.268: [GC (GCLocker Initiated GC) [PSYoungGen: 170044K->63080K(175104K)] 439488K->332943K(699392K), 0.0057557 secs] [Times: user=0.05 sys=0.01, real=0.01 secs] 
2016-09-25T22:03:40.014-0400: 8.320: [GC (GCLocker Initiated GC) [PSYoungGen: 151144K->65638K(175104K)] 421088K->348168K(699392K), 0.0073861 secs] [Times: user=0.10 sys=0.00, real=0.00 secs] 
2016-09-25T22:03:40.061-0400: 8.367: [GC (GCLocker Initiated GC) [PSYoungGen: 153702K->75212K(175104K)] 441649K->363516K(699392K), 0.0065992 secs] [Times: user=0.08 sys=0.00, real=0.01 secs] 
2016-09-25T22:03:40.116-0400: 8.422: [GC (GCLocker Initiated GC) [PSYoungGen: 163276K->60330K(175104K)] 457038K->355937K(699392K), 0.0061461 secs] [Times: user=0.09 sys=0.00, real=0.01 secs] 
2016-09-25T22:03:40.159-0400: 8.465: [GC (GCLocker Initiated GC) [PSYoungGen: 148394K->71213K(175104K)] 446762K->383525K(699392K), 0.0078538 secs] [Times: user=0.08 sys=0.00, real=0.01 secs] 
2016-09-25T22:03:40.208-0400: 8.514: [GC (GCLocker Initiated GC) [PSYoungGen: 159277K->68416K(175104K)] 477235K->400343K(699392K), 0.0072061 secs] [Times: user=0.10 sys=0.00, real=0.01 secs] 
2016-09-25T22:03:40.291-0400: 8.597: [GC (GCLocker Initiated GC) [PSYoungGen: 156480K->72498K(175104K)] 493989K->410427K(699392K), 0.0064316 secs] [Times: user=0.09 sys=0.00, real=0.01 secs] 
2016-09-25T22:03:40.337-0400: 8.643: [GC (GCLocker Initiated GC) [PSYoungGen: 160562K->75134K(175104K)] 501202K->427058K(699392K), 0.0071489 secs] [Times: user=0.11 sys=0.00, real=0.01 secs] 
2016-09-25T22:03:40.385-0400: 8.691: [GC (GCLocker Initiated GC) [PSYoungGen: 163198K->84602K(175104K)] 515159K->441025K(699392K), 0.0074736 secs] [Times: user=0.11 sys=0.00, real=0.00 secs] 
2016-09-25T22:03:40.429-0400: 8.735: [GC (GCLocker Initiated GC) [PSYoungGen: 172666K->69862K(175104K)] 531925K->457869K(699392K), 0.0079440 secs] [Times: user=0.11 sys=0.00, real=0.01 secs] 
2016-09-25T22:03:40.473-0400: 8.779: [GC (GCLocker Initiated GC) [PSYoungGen: 157926K->73770K(175104K)] 548694K->467665K(699392K), 0.0104093 secs] [Times: user=0.15 sys=0.00, real=0.02 secs] 
2016-09-25T22:03:40.526-0400: 8.832: [GC (GCLocker Initiated GC) [PSYoungGen: 161834K->72576K(175104K)] 559249K->479831K(699392K), 0.0083627 secs] [Times: user=0.10 sys=0.01, real=0.01 secs] 
2016-09-25T22:03:40.580-0400: 8.886: [GC (GCLocker Initiated GC) [PSYoungGen: 160640K->58888K(175104K)] 574765K->485661K(699392K), 0.0072382 secs] [Times: user=0.07 sys=0.00, real=0.01 secs] 
2016-09-25T22:03:40.627-0400: 8.933: [GC (GCLocker Initiated GC) [PSYoungGen: 146952K->67034K(175104K)] 579380K->501177K(699392K), 0.0101158 secs] [Times: user=0.15 sys=0.00, real=0.01 secs] 
2016-09-25T22:03:40.680-0400: 8.986: [GC (GCLocker Initiated GC) [PSYoungGen: 155098K->81966K(175104K)] 589351K->518004K(699392K), 0.0070361 secs] [Times: user=0.10 sys=0.00, real=0.01 secs] 
2016-09-25T22:03:40.722-0400: 9.028: [GC (GCLocker Initiated GC) [PSYoungGen: 170030K->76658K(175104K)] 608972K->548389K(699392K), 0.0113735 secs] [Times: user=0.14 sys=0.00, real=0.01 secs] 
2016-09-25T22:03:40.774-0400: 9.080: [GC (GCLocker Initiated GC) [PSYoungGen: 164722K->81948K(175104K)] 636514K->554176K(699392K), 0.0067264 secs] [Times: user=0.08 sys=0.00, real=0.00 secs] 
2016-09-25T22:03:40.822-0400: 9.128: [GC (GCLocker Initiated GC) [PSYoungGen: 170012K->69784K(175104K)] 642442K->564233K(699392K), 0.0069026 secs] [Times: user=0.09 sys=0.01, real=0.01 secs] 
2016-09-25T22:03:40.829-0400: 9.135: [Full GC (Ergonomics) [PSYoungGen: 69784K->0K(175104K)] [ParOldGen: 494449K->65211K(524288K)] 564233K->65211K(699392K), [Metaspace: 43150K->43150K(1085440K)], 0.0620863 secs] [Times: user=0.38 sys=0.02, real=0.06 secs] 
2016-09-25T22:03:40.930-0400: 9.236: [GC (GCLocker Initiated GC) [PSYoungGen: 88064K->78186K(175104K)] 153394K->143525K(699392K), 0.0126065 secs] [Times: user=0.17 sys=0.00, real=0.02 secs] 
2016-09-25T22:03:40.995-0400: 9.301: [GC (GCLocker Initiated GC) [PSYoungGen: 166250K->67034K(175104K)] 242465K->148095K(699392K), 0.0063072 secs] [Times: user=0.08 sys=0.01, real=0.00 secs] 
2016-09-25T22:03:41.040-0400: 9.346: [GC (GCLocker Initiated GC) [PSYoungGen: 155098K->72434K(175104K)] 241593K->167465K(699392K), 0.0064851 secs] [Times: user=0.08 sys=0.01, real=0.01 secs] 
2016-09-25T22:03:41.092-0400: 9.398: [GC (GCLocker Initiated GC) [PSYoungGen: 160498K->64380K(175104K)] 261802K->166112K(699392K), 0.0075547 secs] [Times: user=0.10 sys=0.00, real=0.01 secs] 
2016-09-25T22:03:41.150-0400: 9.456: [GC (GCLocker Initiated GC) [PSYoungGen: 152444K->57570K(175104K)] 259039K->183514K(699392K), 0.0061383 secs] [Times: user=0.06 sys=0.00, real=0.01 secs] 
2016-09-25T22:03:41.202-0400: 9.507: [GC (GCLocker Initiated GC) [PSYoungGen: 145634K->39654K(175104K)] 274347K->178135K(699392K), 0.0057287 secs] [Times: user=0.05 sys=0.01, real=0.01 secs] 
2016-09-25T22:03:41.247-0400: 9.552: [GC (GCLocker Initiated GC) [PSYoungGen: 127718K->68384K(175104K)] 268980K->216732K(699392K), 0.0067846 secs] [Times: user=0.08 sys=0.00, real=0.00 secs] 
2016-09-25T22:03:41.295-0400: 9.600: [GC (GCLocker Initiated GC) [PSYoungGen: 156448K->67111K(175104K)] 310280K->232131K(699392K), 0.0066393 secs] [Times: user=0.08 sys=0.00, real=0.00 secs] 
2016-09-25T22:03:41.347-0400: 9.653: [GC (GCLocker Initiated GC) [PSYoungGen: 155175K->76452K(175104K)] 325719K->247390K(699392K), 0.0098450 secs] [Times: user=0.14 sys=0.00, real=0.01 secs] 
2016-09-25T22:03:41.405-0400: 9.711: [GC (GCLocker Initiated GC) [PSYoungGen: 164516K->60206K(175104K)] 338209K->239727K(699392K), 0.0098443 secs] [Times: user=0.11 sys=0.00, real=0.01 secs] 
2016-09-25T22:03:41.451-0400: 9.757: [GC (GCLocker Initiated GC) [PSYoungGen: 148270K->76548K(175104K)] 329184K->257828K(699392K), 0.0064834 secs] [Times: user=0.09 sys=0.00, real=0.01 secs] 
2016-09-25T22:03:41.498-0400: 9.804: [GC (GCLocker Initiated GC) [PSYoungGen: 164612K->64334K(175104K)] 351533K->265166K(699392K), 0.0073209 secs] [Times: user=0.10 sys=0.01, real=0.01 secs] 
2016-09-25T22:03:41.543-0400: 9.849: [GC (GCLocker Initiated GC) [PSYoungGen: 152398K->79248K(175104K)] 358723K->286001K(699392K), 0.0071367 secs] [Times: user=0.09 sys=0.00, real=0.00 secs] 
2016-09-25T22:03:41.589-0400: 9.894: [GC (GCLocker Initiated GC) [PSYoungGen: 167312K->81916K(175104K)] 374241K->291972K(699392K), 0.0073865 secs] [Times: user=0.11 sys=0.00, real=0.01 secs] 
2016-09-25T22:03:41.635-0400: 9.941: [GC (GCLocker Initiated GC) [PSYoungGen: 169980K->64302K(175104K)] 382837K->293771K(699392K), 0.0068650 secs] [Times: user=0.08 sys=0.00, real=0.01 secs] 
2016-09-25T22:03:41.683-0400: 9.989: [GC (GCLocker Initiated GC) [PSYoungGen: 152366K->65638K(175104K)] 387484K->310625K(699392K), 0.0065287 secs] [Times: user=0.08 sys=0.00, real=0.00 secs] 
2016-09-25T22:03:41.733-0400: 10.039: [GC (GCLocker Initiated GC) [PSYoungGen: 153702K->79170K(175104K)] 398787K->326011K(699392K), 0.0070163 secs] [Times: user=0.10 sys=0.00, real=0.01 secs] 
2016-09-25T22:03:41.778-0400: 10.084: [GC (GCLocker Initiated GC) [PSYoungGen: 167234K->77834K(175104K)] 414256K->330614K(699392K), 0.0074181 secs] [Times: user=0.10 sys=0.00, real=0.01 secs] 
2016-09-25T22:03:41.835-0400: 10.141: [GC (GCLocker Initiated GC) [PSYoungGen: 165898K->69765K(175104K)] 421890K->326145K(699392K), 0.0056102 secs] [Times: user=0.07 sys=0.00, real=0.00 secs] 
2016-09-25T22:03:41.882-0400: 10.188: [GC (GCLocker Initiated GC) [PSYoungGen: 157829K->58952K(175104K)] 416937K->342771K(699392K), 0.0071037 secs] [Times: user=0.08 sys=0.00, real=0.01 secs] 
2016-09-25T22:03:41.928-0400: 10.234: [GC (GCLocker Initiated GC) [PSYoungGen: 147016K->76548K(175104K)] 431007K->360929K(699392K), 0.0066183 secs] [Times: user=0.09 sys=0.00, real=0.01 secs] 
2016-09-25T22:03:41.977-0400: 10.283: [GC (GCLocker Initiated GC) [PSYoungGen: 164612K->69797K(175104K)] 451900K->383180K(699392K), 0.0074551 secs] [Times: user=0.10 sys=0.00, real=0.01 secs] 
2016-09-25T22:03:42.033-0400: 10.339: [GC (GCLocker Initiated GC) [PSYoungGen: 157861K->53487K(175104K)] 476690K->394309K(699392K), 0.0062568 secs] [Times: user=0.07 sys=0.00, real=0.01 secs] 
2016-09-25T22:03:42.084-0400: 10.390: [GC (GCLocker Initiated GC) [PSYoungGen: 141551K->60315K(175104K)] 487924K->430012K(699392K), 0.0070825 secs] [Times: user=0.09 sys=0.01, real=0.00 secs] 
2016-09-25T22:03:42.132-0400: 10.438: [GC (GCLocker Initiated GC) [PSYoungGen: 148379K->52261K(175104K)] 519491K->440055K(699392K), 0.0068100 secs] [Times: user=0.10 sys=0.00, real=0.01 secs] 
2016-09-25T22:03:42.176-0400: 10.482: [GC (GCLocker Initiated GC) [PSYoungGen: 140325K->76424K(175104K)] 528163K->464727K(699392K), 0.0072441 secs] [Times: user=0.09 sys=0.00, real=0.01 secs] 
2016-09-25T22:03:42.232-0400: 10.538: [GC (GCLocker Initiated GC) [PSYoungGen: 164488K->61633K(175104K)] 558306K->459833K(699392K), 0.0071510 secs] [Times: user=0.07 sys=0.02, real=0.01 secs] 
2016-09-25T22:03:42.277-0400: 10.583: [GC (GCLocker Initiated GC) [PSYoungGen: 149697K->54979K(175104K)] 554794K->476703K(699392K), 0.0067222 secs] [Times: user=0.09 sys=0.00, real=0.01 secs] 
2016-09-25T22:03:42.326-0400: 10.632: [GC (GCLocker Initiated GC) [PSYoungGen: 143043K->52247K(175104K)] 570209K->494754K(699392K), 0.0063876 secs] [Times: user=0.07 sys=0.00, real=0.00 secs] 
2016-09-25T22:03:42.377-0400: 10.683: [GC (GCLocker Initiated GC) [PSYoungGen: 140311K->60205K(175104K)] 582903K->515367K(699392K), 0.0074226 secs] [Times: user=0.07 sys=0.02, real=0.01 secs] 
2016-09-25T22:03:42.432-0400: 10.738: [GC (GCLocker Initiated GC) [PSYoungGen: 148269K->59043K(173056K)] 614377K->536316K(697344K), 0.0059655 secs] [Times: user=0.08 sys=0.00, real=0.01 secs] 
2016-09-25T22:03:42.477-0400: 10.783: [GC (GCLocker Initiated GC) [PSYoungGen: 147107K->54915K(174080K)] 629990K->562547K(698368K), 0.0097111 secs] [Times: user=0.13 sys=0.01, real=0.01 secs] 
2016-09-25T22:03:42.487-0400: 10.793: [Full GC (Ergonomics) [PSYoungGen: 54915K->0K(174080K)] [ParOldGen: 507631K->80932K(524288K)] 562547K->80932K(698368K), [Metaspace: 43242K->43242K(1085440K)], 0.0464110 secs] [Times: user=0.38 sys=0.00, real=0.04 secs] 
2016-09-25T22:03:42.576-0400: 10.882: [GC (GCLocker Initiated GC) [PSYoungGen: 88064K->53629K(173568K)] 174551K->140117K(697856K), 0.0071737 secs] [Times: user=0.04 sys=0.00, real=0.01 secs] 
2016-09-25T22:03:42.627-0400: 10.933: [GC (GCLocker Initiated GC) [PSYoungGen: 144253K->59011K(175104K)] 236188K->162421K(699392K), 0.0138423 secs] [Times: user=0.20 sys=0.00, real=0.01 secs] 
2016-09-25T22:03:42.682-0400: 10.988: [GC (GCLocker Initiated GC) [PSYoungGen: 149635K->65701K(176640K)] 253188K->173752K(700928K), 0.0058528 secs] [Times: user=0.08 sys=0.01, real=0.01 secs] 
2016-09-25T22:03:42.737-0400: 11.043: [GC (GCLocker Initiated GC) [PSYoungGen: 160421K->68511K(177152K)] 268578K->202700K(701440K), 0.0071039 secs] [Times: user=0.11 sys=0.00, real=0.01 secs] 
2016-09-25T22:03:42.793-0400: 11.099: [GC (GCLocker Initiated GC) [PSYoungGen: 163231K->57597K(177152K)] 305595K->208536K(701440K), 0.0058903 secs] [Times: user=0.08 sys=0.00, real=0.01 secs] 
2016-09-25T22:03:42.850-0400: 11.155: [GC (GCLocker Initiated GC) [PSYoungGen: 154365K->44271K(178176K)] 321613K->230868K(702464K), 0.0054281 secs] [Times: user=0.06 sys=0.01, real=0.01 secs] 
2016-09-25T22:03:42.894-0400: 11.200: [GC (GCLocker Initiated GC) [PSYoungGen: 141039K->80598K(170496K)] 334395K->274433K(694784K), 0.0090509 secs] [Times: user=0.12 sys=0.01, real=0.01 secs] 
2016-09-25T22:03:42.946-0400: 11.252: [GC (GCLocker Initiated GC) [PSYoungGen: 168662K->72497K(175104K)] 370695K->281716K(699392K), 0.0107667 secs] [Times: user=0.10 sys=0.00, real=0.01 secs] 
2016-09-25T22:03:43.006-0400: 11.312: [GC (GCLocker Initiated GC) [PSYoungGen: 160561K->50691K(175104K)] 375343K->278042K(699392K), 0.0062079 secs] [Times: user=0.06 sys=0.01, real=0.00 secs] 
2016-09-25T22:03:43.058-0400: 11.364: [GC (GCLocker Initiated GC) [PSYoungGen: 138755K->56311K(175104K)] 379750K->308479K(699392K), 0.0059767 secs] [Times: user=0.07 sys=0.00, real=0.01 secs] 
2016-09-25T22:03:43.106-0400: 11.412: [GC (GCLocker Initiated GC) [PSYoungGen: 144375K->67019K(174080K)] 396627K->319736K(698368K), 0.0057264 secs] [Times: user=0.08 sys=0.00, real=0.00 secs] 
2016-09-25T22:03:43.154-0400: 11.460: [GC (GCLocker Initiated GC) [PSYoungGen: 155083K->65637K(174592K)] 407937K->336423K(698880K), 0.0068684 secs] [Times: user=0.10 sys=0.00, real=0.00 secs] 
2016-09-25T22:03:43.203-0400: 11.509: [GC (GCLocker Initiated GC) [PSYoungGen: 153701K->46875K(174592K)] 428929K->344084K(698880K), 0.0073073 secs] [Times: user=0.08 sys=0.00, real=0.00 secs] 
2016-09-25T22:03:43.255-0400: 11.561: [GC (GCLocker Initiated GC) [PSYoungGen: 135963K->25334K(175104K)] 448134K->348786K(699392K), 0.0046875 secs] [Times: user=0.05 sys=0.00, real=0.00 secs] 
2016-09-25T22:03:43.300-0400: 11.606: [GC (GCLocker Initiated GC) [PSYoungGen: 114422K->61697K(175104K)] 452808K->400553K(699392K), 0.0057732 secs] [Times: user=0.07 sys=0.00, real=0.01 secs] 
2016-09-25T22:03:43.347-0400: 11.653: [GC (GCLocker Initiated GC) [PSYoungGen: 149761K->68509K(175104K)] 504961K->437638K(699392K), 0.0104924 secs] [Times: user=0.14 sys=0.00, real=0.01 secs] 
2016-09-25T22:03:43.414-0400: 11.719: [GC (GCLocker Initiated GC) [PSYoungGen: 156573K->48165K(175104K)] 538072K->449013K(699392K), 0.0058858 secs] [Times: user=0.06 sys=0.00, real=0.01 secs] 
2016-09-25T22:03:43.460-0400: 11.765: [GC (GCLocker Initiated GC) [PSYoungGen: 136229K->69797K(175104K)] 541373K->475360K(699392K), 0.0063675 secs] [Times: user=0.07 sys=0.00, real=0.01 secs] 
2016-09-25T22:03:43.516-0400: 11.822: [GC (GCLocker Initiated GC) [PSYoungGen: 157861K->58901K(173056K)] 570302K->471761K(697344K), 0.0130659 secs] [Times: user=0.16 sys=0.00, real=0.01 secs] 
2016-09-25T22:03:43.584-0400: 11.890: [GC (GCLocker Initiated GC) [PSYoungGen: 146965K->64365K(174080K)] 566702K->487189K(698368K), 0.0090387 secs] [Times: user=0.08 sys=0.00, real=0.00 secs] 
2016-09-25T22:03:43.642-0400: 11.947: [GC (GCLocker Initiated GC) [PSYoungGen: 152429K->76501K(173568K)] 580695K->509244K(697856K), 0.0087507 secs] [Times: user=0.09 sys=0.00, real=0.01 secs] 
2016-09-25T22:03:43.706-0400: 12.011: [GC (GCLocker Initiated GC) [PSYoungGen: 164565K->61601K(175104K)] 602813K->504288K(699392K), 0.0116891 secs] [Times: user=0.11 sys=0.00, real=0.01 secs] 
2016-09-25T22:03:43.777-0400: 12.083: [GC (GCLocker Initiated GC) [PSYoungGen: 149665K->49419K(173568K)] 601852K->508767K(697856K), 0.0057420 secs] [Times: user=0.06 sys=0.00, real=0.01 secs] 
2016-09-25T22:03:43.840-0400: 12.146: [GC (GCLocker Initiated GC) [PSYoungGen: 137995K->45383K(174592K)] 598832K->528215K(698880K), 0.0398183 secs] [Times: user=0.41 sys=0.00, real=0.04 secs] 
2016-09-25T22:03:43.920-0400: 12.226: [GC (GCLocker Initiated GC) [PSYoungGen: 133959K->57395K(171008K)] 618185K->542030K(695296K), 0.0086881 secs] [Times: user=0.06 sys=0.00, real=0.01 secs] 
2016-09-25T22:03:43.983-0400: 12.289: [GC (GCLocker Initiated GC) [PSYoungGen: 147507K->41269K(173568K)] 641594K->543767K(697856K), 0.0172041 secs] [Times: user=0.18 sys=0.01, real=0.01 secs] 
2016-09-25T22:03:44.000-0400: 12.306: [Full GC (Ergonomics) [PSYoungGen: 41269K->0K(173568K)] [ParOldGen: 502498K->81179K(524288K)] 543767K->81179K(697856K), [Metaspace: 43262K->43262K(1085440K)], 0.0688797 secs] [Times: user=0.39 sys=0.01, real=0.07 secs] 
2016-09-25T22:03:44.130-0400: 12.436: [GC (GCLocker Initiated GC) [PSYoungGen: 90112K->61875K(177152K)] 176723K->148486K(701440K), 0.0109422 secs] [Times: user=0.15 sys=0.00, real=0.01 secs] 
2016-09-25T22:03:44.202-0400: 12.508: [GC (GCLocker Initiated GC) [PSYoungGen: 156595K->37470K(177664K)] 270267K->169330K(701952K), 0.0080617 secs] [Times: user=0.06 sys=0.00, real=0.01 secs] 
2016-09-25T22:03:44.280-0400: 12.586: [GC (GCLocker Initiated GC) [PSYoungGen: 132190K->42701K(178688K)] 273569K->187321K(702976K), 0.0045093 secs] [Times: user=0.05 sys=0.00, real=0.01 secs] 
2016-09-25T22:03:44.334-0400: 12.640: [GC (GCLocker Initiated GC) [PSYoungGen: 137421K->61505K(156672K)] 290200K->216013K(680960K), 0.0077831 secs] [Times: user=0.06 sys=0.01, real=0.01 secs] 
2016-09-25T22:03:44.394-0400: 12.699: [GC (GCLocker Initiated GC) [PSYoungGen: 156225K->60393K(178176K)] 317638K->243825K(702464K), 0.0079294 secs] [Times: user=0.11 sys=0.00, real=0.01 secs] 
2016-09-25T22:03:44.466-0400: 12.772: [GC (GCLocker Initiated GC) [PSYoungGen: 155625K->35855K(177664K)] 348677K->229324K(701952K), 0.0068976 secs] [Times: user=0.06 sys=0.00, real=0.00 secs] 
2016-09-25T22:03:44.530-0400: 12.836: [GC (GCLocker Initiated GC) [PSYoungGen: 131087K->69720K(173056K)] 324725K->279984K(697344K), 0.0065839 secs] [Times: user=0.07 sys=0.01, real=0.01 secs] 
2016-09-25T22:03:44.590-0400: 12.896: [GC (GCLocker Initiated GC) [PSYoungGen: 159832K->61665K(176128K)] 372904K->287277K(700416K), 0.0075501 secs] [Times: user=0.09 sys=0.00, real=0.01 secs] 
2016-09-25T22:03:44.656-0400: 12.962: [GC (GCLocker Initiated GC) [PSYoungGen: 151777K->64443K(175616K)] 383927K->297004K(699904K), 0.0085176 secs] [Times: user=0.07 sys=0.00, real=0.01 secs] 
2016-09-25T22:03:44.716-0400: 13.022: [GC (GCLocker Initiated GC) [PSYoungGen: 154555K->64114K(176128K)] 387201K->298590K(700416K), 0.0094234 secs] [Times: user=0.10 sys=0.00, real=0.01 secs] 
2016-09-25T22:03:44.774-0400: 13.080: [GC (GCLocker Initiated GC) [PSYoungGen: 154226K->57359K(171008K)] 391649K->295078K(695296K), 0.0073120 secs] [Times: user=0.07 sys=0.00, real=0.01 secs] 
2016-09-25T22:03:44.829-0400: 13.135: [GC (GCLocker Initiated GC) [PSYoungGen: 147983K->67065K(173568K)] 388627K->310844K(697856K), 0.0096327 secs] [Times: user=0.09 sys=0.00, real=0.01 secs] 
2016-09-25T22:03:44.886-0400: 13.192: [GC (GCLocker Initiated GC) [PSYoungGen: 157689K->69733K(175104K)] 401572K->324851K(699392K), 0.0063312 secs] [Times: user=0.08 sys=0.00, real=0.00 secs] 
2016-09-25T22:03:44.949-0400: 13.255: [GC (GCLocker Initiated GC) [PSYoungGen: 160869K->61647K(176640K)] 421781K->331062K(700928K), 0.0086742 secs] [Times: user=0.08 sys=0.00, real=0.01 secs] 
2016-09-25T22:03:45.015-0400: 13.320: [GC (GCLocker Initiated GC) [PSYoungGen: 152783K->58984K(171520K)] 424906K->332938K(695808K), 0.0079431 secs] [Times: user=0.09 sys=0.00, real=0.01 secs] 
2016-09-25T22:03:45.076-0400: 13.382: [GC (GCLocker Initiated GC) [PSYoungGen: 151656K->73815K(174080K)] 428340K->350858K(698368K), 0.0063577 secs] [Times: user=0.08 sys=0.00, real=0.01 secs] 
2016-09-25T22:03:45.137-0400: 13.443: [GC (GCLocker Initiated GC) [PSYoungGen: 166487K->54915K(178688K)] 444952K->348649K(702976K), 0.0057012 secs] [Times: user=0.08 sys=0.00, real=0.01 secs] 
2016-09-25T22:03:45.195-0400: 13.501: [GC (GCLocker Initiated GC) [PSYoungGen: 149123K->56266K(150528K)] 447155K->368216K(674816K), 0.0070215 secs] [Times: user=0.07 sys=0.00, real=0.00 secs] 
2016-09-25T22:03:45.246-0400: 13.552: [GC (GCLocker Initiated GC) [PSYoungGen: 150474K->79326K(169984K)] 462531K->391762K(694272K), 0.0111121 secs] [Times: user=0.13 sys=0.00, real=0.01 secs] 
2016-09-25T22:03:45.305-0400: 13.611: [GC (GCLocker Initiated GC) [PSYoungGen: 167390K->75165K(175104K)] 482645K->405719K(699392K), 0.0092220 secs] [Times: user=0.12 sys=0.00, real=0.01 secs] 
2016-09-25T22:03:45.368-0400: 13.674: [GC (GCLocker Initiated GC) [PSYoungGen: 163229K->46833K(175104K)] 496502K->399409K(699392K), 0.0098873 secs] [Times: user=0.14 sys=0.00, real=0.01 secs] 
2016-09-25T22:03:45.429-0400: 13.735: [GC (GCLocker Initiated GC) [PSYoungGen: 134897K->50737K(175104K)] 488496K->406108K(699392K), 0.0094440 secs] [Times: user=0.06 sys=0.00, real=0.01 secs] 
2016-09-25T22:03:45.481-0400: 13.787: [GC (GCLocker Initiated GC) [PSYoungGen: 138801K->60110K(173056K)] 496936K->426748K(697344K), 0.0090384 secs] [Times: user=0.06 sys=0.00, real=0.01 secs] 
2016-09-25T22:03:45.536-0400: 13.842: [GC (GCLocker Initiated GC) [PSYoungGen: 148174K->65683K(174080K)] 517613K->457113K(698368K), 0.0113657 secs] [Times: user=0.14 sys=0.00, real=0.01 secs] 
2016-09-25T22:03:45.611-0400: 13.916: [GC (GCLocker Initiated GC) [PSYoungGen: 153747K->45291K(175616K)] 545182K->454687K(699904K), 0.0146466 secs] [Times: user=0.19 sys=0.00, real=0.02 secs] 
2016-09-25T22:03:45.664-0400: 13.970: [GC (GCLocker Initiated GC) [PSYoungGen: 135915K->80552K(171520K)] 545389K->490431K(695808K), 0.0092530 secs] [Times: user=0.12 sys=0.00, real=0.00 secs] 
2016-09-25T22:03:45.721-0400: 14.027: [GC (GCLocker Initiated GC) [PSYoungGen: 171176K->61638K(175104K)] 583810K->488162K(699392K), 0.0102660 secs] [Times: user=0.12 sys=0.01, real=0.01 secs] 
2016-09-25T22:03:45.781-0400: 14.087: [GC (GCLocker Initiated GC) [PSYoungGen: 149702K->64118K(152576K)] 578985K->500489K(676864K), 0.0092613 secs] [Times: user=0.10 sys=0.00, real=0.01 secs] 
2016-09-25T22:03:45.831-0400: 14.137: [GC (GCLocker Initiated GC) [PSYoungGen: 152182K->64324K(175104K)] 588618K->514538K(699392K), 0.0138510 secs] [Times: user=0.15 sys=0.00, real=0.02 secs] 
2016-09-25T22:03:45.902-0400: 14.208: [GC (GCLocker Initiated GC) [PSYoungGen: 153412K->57446K(174080K)] 611972K->516321K(698368K), 0.0105222 secs] [Times: user=0.14 sys=0.00, real=0.01 secs] 
2016-09-25T22:03:45.957-0400: 14.263: [GC (GCLocker Initiated GC) [PSYoungGen: 146534K->62788K(175104K)] 608216K->532854K(699392K), 0.0077309 secs] [Times: user=0.05 sys=0.00, real=0.01 secs] 
2016-09-25T22:03:46.018-0400: 14.323: [GC (GCLocker Initiated GC) [PSYoungGen: 155972K->49335K(174592K)] 631512K->530534K(698880K), 0.0106681 secs] [Times: user=0.10 sys=0.00, real=0.01 secs] 
2016-09-25T22:03:46.082-0400: 14.387: [GC (GCLocker Initiated GC) [PSYoungGen: 142519K->50636K(180224K)] 627790K->557774K(704512K), 0.0092872 secs] [Times: user=0.13 sys=0.00, real=0.01 secs] 
2016-09-25T22:03:46.091-0400: 14.397: [Full GC (Ergonomics) [PSYoungGen: 50636K->0K(180224K)] [ParOldGen: 507137K->88394K(524288K)] 557774K->88394K(704512K), [Metaspace: 43275K->43275K(1085440K)], 0.0593948 secs] [Times: user=0.43 sys=0.00, real=0.06 secs] 
2016-09-25T22:03:46.202-0400: 14.507: [GC (GCLocker Initiated GC) [PSYoungGen: 98816K->61582K(160768K)] 194052K->156818K(685056K), 0.0053800 secs] [Times: user=0.05 sys=0.00, real=0.01 secs] 
2016-09-25T22:03:46.267-0400: 14.573: [GC (GCLocker Initiated GC) [PSYoungGen: 160398K->46745K(178688K)] 267814K->173513K(702976K), 0.0062508 secs] [Times: user=0.08 sys=0.00, real=0.00 secs] 
2016-09-25T22:03:46.331-0400: 14.636: [GC (GCLocker Initiated GC) [PSYoungGen: 145561K->45348K(179200K)] 276454K->181980K(703488K), 0.0069766 secs] [Times: user=0.06 sys=0.00, real=0.01 secs] 
2016-09-25T22:03:46.383-0400: 14.689: [GC (GCLocker Initiated GC) [PSYoungGen: 144164K->72332K(175616K)] 283595K->237665K(699904K), 0.0097490 secs] [Times: user=0.10 sys=0.01, real=0.00 secs] 
2016-09-25T22:03:46.438-0400: 14.744: [GC (GCLocker Initiated GC) [PSYoungGen: 167564K->66854K(162304K)] 332953K->247377K(686592K), 0.0091619 secs] [Times: user=0.13 sys=0.00, real=0.01 secs] 
2016-09-25T22:03:46.497-0400: 14.802: [GC (GCLocker Initiated GC) [PSYoungGen: 162086K->57454K(180224K)] 348052K->273375K(704512K), 0.0087488 secs] [Times: user=0.12 sys=0.01, real=0.01 secs] 
2016-09-25T22:03:46.555-0400: 14.861: [GC (GCLocker Initiated GC) [PSYoungGen: 153710K->68204K(178176K)] 379226K->293970K(702464K), 0.0083469 secs] [Times: user=0.10 sys=0.01, real=0.01 secs] 
2016-09-25T22:03:46.617-0400: 14.922: [GC (GCLocker Initiated GC) [PSYoungGen: 164460K->72286K(174080K)] 399731K->307823K(698368K), 0.0078217 secs] [Times: user=0.12 sys=0.00, real=0.01 secs] 
2016-09-25T22:03:46.665-0400: 14.971: [GC (GCLocker Initiated GC) [PSYoungGen: 163422K->62836K(176640K)] 400436K->314973K(700928K), 0.0063100 secs] [Times: user=0.08 sys=0.00, real=0.00 secs] 
2016-09-25T22:03:46.715-0400: 15.021: [GC (GCLocker Initiated GC) [PSYoungGen: 153971K->65568K(175104K)] 414449K->335768K(699392K), 0.0061367 secs] [Times: user=0.08 sys=0.00, real=0.00 secs] 
2016-09-25T22:03:46.768-0400: 15.074: [GC (GCLocker Initiated GC) [PSYoungGen: 158752K->68111K(176128K)] 429071K->338654K(700416K), 0.0094002 secs] [Times: user=0.06 sys=0.00, real=0.01 secs] 
2016-09-25T22:03:46.831-0400: 15.137: [GC (GCLocker Initiated GC) [PSYoungGen: 161295K->72318K(176128K)] 432020K->356759K(700416K), 0.0119106 secs] [Times: user=0.16 sys=0.00, real=0.02 secs] 
2016-09-25T22:03:46.886-0400: 15.192: [GC (GCLocker Initiated GC) [PSYoungGen: 165502K->56054K(177664K)] 450016K->361083K(701952K), 0.0064318 secs] [Times: user=0.09 sys=0.00, real=0.00 secs] 
2016-09-25T22:03:46.930-0400: 15.236: [GC (GCLocker Initiated GC) [PSYoungGen: 149238K->66936K(176128K)] 454447K->385890K(700416K), 0.0066114 secs] [Times: user=0.09 sys=0.01, real=0.01 secs] 
2016-09-25T22:03:46.978-0400: 15.284: [GC (GCLocker Initiated GC) [PSYoungGen: 160632K->80436K(174592K)] 479691K->407883K(698880K), 0.0067181 secs] [Times: user=0.09 sys=0.01, real=0.01 secs] 
2016-09-25T22:03:47.053-0400: 15.358: [GC (GCLocker Initiated GC) [PSYoungGen: 174132K->72272K(175104K)] 501635K->435124K(699392K), 0.0105501 secs] [Times: user=0.14 sys=0.00, real=0.02 secs] 
2016-09-25T22:03:47.134-0400: 15.440: [GC (GCLocker Initiated GC) [PSYoungGen: 160336K->47890K(175104K)] 532788K->436775K(699392K), 0.0073477 secs] [Times: user=0.07 sys=0.01, real=0.00 secs] 
2016-09-25T22:03:47.176-0400: 15.482: [GC (GCLocker Initiated GC) [PSYoungGen: 135954K->60040K(175104K)] 524972K->470909K(699392K), 0.0093640 secs] [Times: user=0.10 sys=0.00, real=0.01 secs] 
2016-09-25T22:03:47.223-0400: 15.529: [GC (GCLocker Initiated GC) [PSYoungGen: 148104K->49176K(175104K)] 559160K->475286K(699392K), 0.0113822 secs] [Times: user=0.09 sys=0.00, real=0.01 secs] 
2016-09-25T22:03:47.300-0400: 15.606: [GC (GCLocker Initiated GC) [PSYoungGen: 137240K->54658K(173056K)] 566102K->489134K(697344K), 0.0119341 secs] [Times: user=0.11 sys=0.01, real=0.01 secs] 
2016-09-25T22:03:47.370-0400: 15.676: [GC (GCLocker Initiated GC) [PSYoungGen: 142722K->42493K(174080K)] 588811K->505047K(698368K), 0.0148986 secs] [Times: user=0.19 sys=0.00, real=0.02 secs] 
2016-09-25T22:03:47.428-0400: 15.734: [GC (GCLocker Initiated GC) [PSYoungGen: 130557K->47762K(175616K)] 598531K->540262K(699904K), 0.0096366 secs] [Times: user=0.07 sys=0.00, real=0.01 secs] 
2016-09-25T22:03:47.438-0400: 15.743: [Full GC (Ergonomics) [PSYoungGen: 47762K->0K(175616K)] [ParOldGen: 492499K->100401K(524288K)] 540262K->100401K(699904K), [Metaspace: 43290K->43290K(1085440K)], 0.0867011 secs] [Times: user=0.40 sys=0.02, real=0.09 secs] 
2016-09-25T22:03:47.586-0400: 15.892: [GC (GCLocker Initiated GC) [PSYoungGen: 89600K->64332K(175616K)] 195403K->170136K(699904K), 0.0054880 secs] [Times: user=0.07 sys=0.00, real=0.00 secs] 
2016-09-25T22:03:47.634-0400: 15.940: [GC (GCLocker Initiated GC) [PSYoungGen: 153932K->56136K(172544K)] 262610K->174648K(696832K), 0.0069062 secs] [Times: user=0.06 sys=0.00, real=0.01 secs] 
2016-09-25T22:03:47.695-0400: 16.001: [GC (GCLocker Initiated GC) [PSYoungGen: 146760K->76240K(174080K)] 268042K->197770K(698368K), 0.0164280 secs] [Times: user=0.23 sys=0.00, real=0.01 secs] 
2016-09-25T22:03:47.785-0400: 16.091: [GC (GCLocker Initiated GC) [PSYoungGen: 166864K->54739K(176640K)] 292693K->192958K(700928K), 0.0086628 secs] [Times: user=0.11 sys=0.01, real=0.00 secs] 
2016-09-25T22:03:47.840-0400: 16.146: [GC (GCLocker Initiated GC) [PSYoungGen: 144339K->66889K(175104K)] 285286K->209418K(699392K), 0.0119781 secs] [Times: user=0.17 sys=0.01, real=0.01 secs] 
2016-09-25T22:03:47.899-0400: 16.205: [GC (GCLocker Initiated GC) [PSYoungGen: 156489K->64122K(175616K)] 299049K->211001K(699904K), 0.0106565 secs] [Times: user=0.14 sys=0.00, real=0.01 secs] 
2016-09-25T22:03:47.982-0400: 16.287: [GC (GCLocker Initiated GC) [PSYoungGen: 154746K->72222K(175104K)] 301684K->223419K(699392K), 0.0092986 secs] [Times: user=0.12 sys=0.00, real=0.01 secs] 
2016-09-25T22:03:48.039-0400: 16.345: [GC (GCLocker Initiated GC) [PSYoungGen: 162846K->75018K(174592K)] 314091K->253510K(698880K), 0.0076962 secs] [Times: user=0.10 sys=0.01, real=0.01 secs] 
2016-09-25T22:03:48.081-0400: 16.386: [GC (GCLocker Initiated GC) [PSYoungGen: 163082K->70939K(175104K)] 341615K->271296K(699392K), 0.0062687 secs] [Times: user=0.08 sys=0.00, real=0.01 secs] 
2016-09-25T22:03:48.141-0400: 16.447: [GC (GCLocker Initiated GC) [PSYoungGen: 159003K->58818K(175104K)] 362309K->292081K(699392K), 0.0100669 secs] [Times: user=0.15 sys=0.01, real=0.01 secs] 
2016-09-25T22:03:48.221-0400: 16.527: [GC (GCLocker Initiated GC) [PSYoungGen: 146882K->65522K(153600K)] 382889K->303134K(677888K), 0.0091271 secs] [Times: user=0.11 sys=0.00, real=0.01 secs] 
2016-09-25T22:03:48.270-0400: 16.575: [GC (GCLocker Initiated GC) [PSYoungGen: 153586K->58756K(175616K)] 394467K->310685K(699904K), 0.0064678 secs] [Times: user=0.09 sys=0.01, real=0.01 secs] 
2016-09-25T22:03:48.314-0400: 16.620: [GC (GCLocker Initiated GC) [PSYoungGen: 148356K->56036K(174080K)] 404441K->312377K(698368K), 0.0106104 secs] [Times: user=0.14 sys=0.00, real=0.02 secs] 
2016-09-25T22:03:48.398-0400: 16.703: [GC (GCLocker Initiated GC) [PSYoungGen: 145636K->58796K(176128K)] 404753K->319495K(700416K), 0.0178506 secs] [Times: user=0.22 sys=0.01, real=0.02 secs] 
2016-09-25T22:03:48.463-0400: 16.769: [GC (GCLocker Initiated GC) [PSYoungGen: 151468K->61481K(175104K)] 412197K->338660K(699392K), 0.0065819 secs] [Times: user=0.09 sys=0.00, real=0.00 secs] 
2016-09-25T22:03:48.519-0400: 16.825: [GC (GCLocker Initiated GC) [PSYoungGen: 154153K->69656K(175616K)] 431351K->366051K(699904K), 0.0064692 secs] [Times: user=0.09 sys=0.00, real=0.01 secs] 
2016-09-25T22:03:48.582-0400: 16.887: [GC (GCLocker Initiated GC) [PSYoungGen: 164888K->72369K(176640K)] 469513K->377286K(700928K), 0.0062602 secs] [Times: user=0.10 sys=0.00, real=0.01 secs] 
2016-09-25T22:03:48.637-0400: 16.943: [GC (GCLocker Initiated GC) [PSYoungGen: 167601K->80520K(171008K)] 472709K->394078K(695296K), 0.0071193 secs] [Times: user=0.10 sys=0.00, real=0.01 secs] 
2016-09-25T22:03:48.700-0400: 17.006: [GC (GCLocker Initiated GC) [PSYoungGen: 168584K->69679K(175104K)] 487732K->389202K(699392K), 0.0089020 secs] [Times: user=0.12 sys=0.00, real=0.01 secs] 
2016-09-25T22:03:48.774-0400: 17.080: [GC (GCLocker Initiated GC) [PSYoungGen: 157743K->56256K(174592K)] 482675K->395078K(698880K), 0.0057544 secs] [Times: user=0.07 sys=0.00, real=0.00 secs] 
2016-09-25T22:03:48.842-0400: 17.148: [GC (GCLocker Initiated GC) [PSYoungGen: 144832K->61549K(150528K)] 483882K->403655K(674816K), 0.0063793 secs] [Times: user=0.08 sys=0.00, real=0.00 secs] 
2016-09-25T22:03:48.913-0400: 17.218: [GC (GCLocker Initiated GC) [PSYoungGen: 150125K->61483K(176128K)] 492343K->405431K(700416K), 0.0091499 secs] [Times: user=0.12 sys=0.00, real=0.01 secs] 
2016-09-25T22:03:48.967-0400: 17.273: [GC (GCLocker Initiated GC) [PSYoungGen: 152619K->44194K(174592K)] 501783K->424726K(698880K), 0.0164065 secs] [Times: user=0.18 sys=0.00, real=0.02 secs] 
2016-09-25T22:03:49.039-0400: 17.345: [GC (GCLocker Initiated GC) [PSYoungGen: 135330K->42546K(175104K)] 521323K->442518K(699392K), 0.0141074 secs] [Times: user=0.14 sys=0.00, real=0.01 secs] 
2016-09-25T22:03:49.105-0400: 17.411: [GC (GCLocker Initiated GC) [PSYoungGen: 132658K->73785K(164352K)] 538234K->479722K(688640K), 0.0090439 secs] [Times: user=0.08 sys=0.00, real=0.00 secs] 
2016-09-25T22:03:49.166-0400: 17.472: [GC (GCLocker Initiated GC) [PSYoungGen: 163897K->67043K(175104K)] 575293K->478891K(699392K), 0.0146108 secs] [Times: user=0.19 sys=0.00, real=0.01 secs] 
2016-09-25T22:03:49.231-0400: 17.537: [GC (GCLocker Initiated GC) [PSYoungGen: 155107K->69781K(175104K)] 567070K->501105K(699392K), 0.0133649 secs] [Times: user=0.14 sys=0.00, real=0.02 secs] 
2016-09-25T22:03:49.300-0400: 17.606: [GC (GCLocker Initiated GC) [PSYoungGen: 157845K->50884K(175104K)] 594769K->515283K(699392K), 0.0069199 secs] [Times: user=0.09 sys=0.00, real=0.01 secs] 
2016-09-25T22:03:49.367-0400: 17.673: [GC (GCLocker Initiated GC) [PSYoungGen: 138948K->58931K(147456K)] 606175K->536078K(671744K), 0.0072077 secs] [Times: user=0.09 sys=0.00, real=0.01 secs] 
2016-09-25T22:03:49.432-0400: 17.738: [Full GC (Ergonomics) [PSYoungGen: 146995K->0K(147456K)] [ParOldGen: 492038K->107644K(524288K)] 639033K->107644K(671744K), [Metaspace: 43304K->43304K(1085440K)], 0.0592692 secs] [Times: user=0.50 sys=0.01, real=0.06 secs] 
2016-09-25T22:03:49.548-0400: 17.854: [GC (GCLocker Initiated GC) [PSYoungGen: 88064K->53781K(174592K)] 205300K->171017K(698880K), 0.0110618 secs] [Times: user=0.16 sys=0.00, real=0.01 secs] 
2016-09-25T22:03:49.616-0400: 17.922: [GC (GCLocker Initiated GC) [PSYoungGen: 142869K->25171K(173568K)] 272489K->173056K(697856K), 0.0081061 secs] [Times: user=0.09 sys=0.00, real=0.01 secs] 
2016-09-25T22:03:49.676-0400: 17.982: [GC (GCLocker Initiated GC) [PSYoungGen: 114259K->53623K(176128K)] 269085K->208992K(700416K), 0.0086698 secs] [Times: user=0.13 sys=0.00, real=0.01 secs] 
2016-09-25T22:03:49.738-0400: 18.044: [GC (GCLocker Initiated GC) [PSYoungGen: 143223K->52275K(142336K)] 309462K->220302K(666624K), 0.0054966 secs] [Times: user=0.06 sys=0.00, real=0.01 secs] 
2016-09-25T22:03:49.791-0400: 18.097: [GC (GCLocker Initiated GC) [PSYoungGen: 141875K->63077K(173568K)] 310035K->250615K(697856K), 0.0078426 secs] [Times: user=0.09 sys=0.00, real=0.01 secs] 
2016-09-25T22:03:49.850-0400: 18.156: [GC (GCLocker Initiated GC) [PSYoungGen: 153189K->63046K(173568K)] 348862K->261891K(697856K), 0.0112096 secs] [Times: user=0.11 sys=0.02, real=0.01 secs] 
2016-09-25T22:03:49.931-0400: 18.237: [GC (GCLocker Initiated GC) [PSYoungGen: 153158K->54892K(175104K)] 357476K->261017K(699392K), 0.0190270 secs] [Times: user=0.22 sys=0.01, real=0.02 secs] 
2016-09-25T22:03:50.020-0400: 18.325: [GC (GCLocker Initiated GC) [PSYoungGen: 150636K->52128K(176640K)] 363737K->268349K(700928K), 0.0053723 secs] [Times: user=0.07 sys=0.00, real=0.01 secs] 
2016-09-25T22:03:50.082-0400: 18.388: [GC (GCLocker Initiated GC) [PSYoungGen: 147872K->50920K(179200K)] 379013K->295973K(703488K), 0.0108623 secs] [Times: user=0.14 sys=0.00, real=0.01 secs] 
2016-09-25T22:03:50.153-0400: 18.459: [GC (GCLocker Initiated GC) [PSYoungGen: 152808K->67245K(180224K)] 401951K->327710K(704512K), 0.0097866 secs] [Times: user=0.13 sys=0.01, real=0.02 secs] 
2016-09-25T22:03:50.221-0400: 18.527: [GC (GCLocker Initiated GC) [PSYoungGen: 169133K->73916K(174592K)] 432556K->340589K(698880K), 0.0132935 secs] [Times: user=0.17 sys=0.00, real=0.02 secs] 
2016-09-25T22:03:50.290-0400: 18.596: [GC (GCLocker Initiated GC) [PSYoungGen: 168124K->69807K(164352K)] 440360K->342546K(688640K), 0.0089974 secs] [Times: user=0.13 sys=0.00, real=0.01 secs] 
2016-09-25T22:03:50.358-0400: 18.663: [GC (GCLocker Initiated GC) [PSYoungGen: 164015K->64347K(177664K)] 436979K->345871K(701952K), 0.0092921 secs] [Times: user=0.09 sys=0.01, real=0.01 secs] 
2016-09-25T22:03:50.424-0400: 18.730: [GC (GCLocker Initiated GC) [PSYoungGen: 156507K->68465K(176640K)] 443684K->358823K(700928K), 0.0064587 secs] [Times: user=0.09 sys=0.00, real=0.00 secs] 
2016-09-25T22:03:50.512-0400: 18.818: [GC (GCLocker Initiated GC) [PSYoungGen: 160625K->46742K(176128K)] 460591K->347160K(700416K), 0.0054267 secs] [Times: user=0.06 sys=0.00, real=0.01 secs] 
2016-09-25T22:03:50.573-0400: 18.879: [GC (GCLocker Initiated GC) [PSYoungGen: 137878K->79245K(170496K)] 441297K->395328K(694784K), 0.0089880 secs] [Times: user=0.15 sys=0.00, real=0.01 secs] 
2016-09-25T22:03:50.657-0400: 18.963: [GC (GCLocker Initiated GC) [PSYoungGen: 170381K->56382K(175104K)] 496813K->394070K(699392K), 0.0065037 secs] [Times: user=0.08 sys=0.01, real=0.01 secs] 
2016-09-25T22:03:50.721-0400: 19.027: [GC (GCLocker Initiated GC) [PSYoungGen: 144446K->38484K(175104K)] 490516K->390522K(699392K), 0.0098974 secs] [Times: user=0.12 sys=0.00, real=0.01 secs] 
2016-09-25T22:03:50.804-0400: 19.109: [GC (GCLocker Initiated GC) [PSYoungGen: 126548K->41258K(175104K)] 482867K->397949K(699392K), 0.0069765 secs] [Times: user=0.05 sys=0.01, real=0.00 secs] 
2016-09-25T22:03:50.868-0400: 19.174: [GC (GCLocker Initiated GC) [PSYoungGen: 129322K->64433K(175104K)] 494203K->431109K(699392K), 0.0054162 secs] [Times: user=0.08 sys=0.01, real=0.00 secs] 
2016-09-25T22:03:50.939-0400: 19.245: [GC (GCLocker Initiated GC) [PSYoungGen: 152497K->59074K(173056K)] 528760K->441232K(697344K), 0.0098377 secs] [Times: user=0.10 sys=0.00, real=0.01 secs] 
2016-09-25T22:03:51.019-0400: 19.325: [GC (GCLocker Initiated GC) [PSYoungGen: 147138K->63098K(174080K)] 536091K->468804K(698368K), 0.0092726 secs] [Times: user=0.10 sys=0.01, real=0.01 secs] 
2016-09-25T22:03:51.087-0400: 19.393: [GC (GCLocker Initiated GC) [PSYoungGen: 151162K->45662K(176128K)] 566674K->496800K(700416K), 0.0233450 secs] [Times: user=0.30 sys=0.00, real=0.02 secs] 
2016-09-25T22:03:51.168-0400: 19.474: [GC (Allocation Failure) [PSYoungGen: 136798K->67147K(176128K)] 594788K->539237K(700416K), 0.0095399 secs] [Times: user=0.11 sys=0.00, real=0.01 secs] 
2016-09-25T22:03:51.247-0400: 19.553: [GC (GCLocker Initiated GC) [PSYoungGen: 158185K->50779K(175616K)] 632975K->528738K(699904K), 0.0092346 secs] [Times: user=0.08 sys=0.00, real=0.01 secs] 
2016-09-25T22:03:51.316-0400: 19.622: [GC (GCLocker Initiated GC) [PSYoungGen: 142427K->59085K(176128K)] 625829K->545656K(700416K), 0.0064364 secs] [Times: user=0.07 sys=0.01, real=0.01 secs] 
2016-09-25T22:03:51.386-0400: 19.692: [GC (GCLocker Initiated GC) [PSYoungGen: 150733K->67192K(175104K)] 638707K->557071K(699392K), 0.0090959 secs] [Times: user=0.11 sys=0.01, real=0.01 secs] 
2016-09-25T22:03:51.463-0400: 19.768: [Full GC (Ergonomics) [PSYoungGen: 159864K->0K(175104K)] [ParOldGen: 496728K->114111K(524288K)] 656592K->114111K(699392K), [Metaspace: 43313K->43313K(1085440K)], 0.0603680 secs] [Times: user=0.33 sys=0.02, real=0.06 secs] 
2016-09-25T22:03:51.586-0400: 19.891: [GC (GCLocker Initiated GC) [PSYoungGen: 92672K->58063K(176128K)] 209670K->175061K(700416K), 0.0072896 secs] [Times: user=0.09 sys=0.00, real=0.00 secs] 
2016-09-25T22:03:51.644-0400: 19.950: [GC (GCLocker Initiated GC) [PSYoungGen: 150735K->75421K(173056K)] 270522K->201523K(697344K), 0.0138193 secs] [Times: user=0.19 sys=0.00, real=0.01 secs] 
2016-09-25T22:03:51.724-0400: 20.030: [GC (GCLocker Initiated GC) [PSYoungGen: 167581K->45757K(177152K)] 303226K->203693K(701440K), 0.0099846 secs] [Times: user=0.15 sys=0.00, real=0.01 secs] 
2016-09-25T22:03:51.797-0400: 20.103: [GC (GCLocker Initiated GC) [PSYoungGen: 137917K->65896K(177152K)] 298649K->250257K(701440K), 0.0068854 secs] [Times: user=0.09 sys=0.00, real=0.01 secs] 
2016-09-25T22:03:51.863-0400: 20.169: [GC (GCLocker Initiated GC) [PSYoungGen: 158056K->59094K(151552K)] 349603K->253853K(675840K), 0.0070190 secs] [Times: user=0.07 sys=0.00, real=0.00 secs] 
2016-09-25T22:03:51.918-0400: 20.224: [GC (GCLocker Initiated GC) [PSYoungGen: 151254K->48173K(174592K)] 351425K->251592K(698880K), 0.0134128 secs] [Times: user=0.13 sys=0.00, real=0.01 secs] 
2016-09-25T22:03:52.001-0400: 20.307: [GC (GCLocker Initiated GC) [PSYoungGen: 140333K->69827K(174592K)] 346599K->282117K(698880K), 0.0102176 secs] [Times: user=0.15 sys=0.01, real=0.01 secs] 
2016-09-25T22:03:52.078-0400: 20.384: [GC (GCLocker Initiated GC) [PSYoungGen: 161987K->68786K(176128K)] 374333K->292461K(700416K), 0.0094955 secs] [Times: user=0.09 sys=0.01, real=0.01 secs] 
2016-09-25T22:03:52.136-0400: 20.442: [GC (GCLocker Initiated GC) [PSYoungGen: 160946K->75382K(167936K)] 387633K->310928K(692224K), 0.0060894 secs] [Times: user=0.08 sys=0.00, real=0.00 secs] 
2016-09-25T22:03:52.222-0400: 20.528: [GC (GCLocker Initiated GC) [PSYoungGen: 167542K->53736K(175104K)] 411421K->315805K(699392K), 0.0099029 secs] [Times: user=0.10 sys=0.01, real=0.01 secs] 
2016-09-25T22:03:52.302-0400: 20.608: [GC (GCLocker Initiated GC) [PSYoungGen: 141800K->55206K(143360K)] 410728K->326042K(667648K), 0.0069515 secs] [Times: user=0.05 sys=0.00, real=0.01 secs] 
2016-09-25T22:03:52.362-0400: 20.667: [GC (GCLocker Initiated GC) [PSYoungGen: 143270K->55064K(175104K)] 416916K->344335K(699392K), 0.0082882 secs] [Times: user=0.10 sys=0.00, real=0.01 secs] 
2016-09-25T22:03:52.448-0400: 20.754: [GC (GCLocker Initiated GC) [PSYoungGen: 144664K->41589K(173568K)] 433997K->342282K(697856K), 0.0129780 secs] [Times: user=0.14 sys=0.00, real=0.01 secs] 
2016-09-25T22:03:52.533-0400: 20.839: [GC (GCLocker Initiated GC) [PSYoungGen: 131189K->51011K(177152K)] 437427K->384890K(701440K), 0.0142114 secs] [Times: user=0.19 sys=0.00, real=0.02 secs] 
2016-09-25T22:03:52.622-0400: 20.928: [GC (GCLocker Initiated GC) [PSYoungGen: 144707K->63228K(177152K)] 478650K->411333K(701440K), 0.0124020 secs] [Times: user=0.18 sys=0.01, real=0.01 secs] 
2016-09-25T22:03:52.716-0400: 21.022: [GC (GCLocker Initiated GC) [PSYoungGen: 156924K->69949K(175104K)] 505139K->420194K(699392K), 0.0067983 secs] [Times: user=0.09 sys=0.00, real=0.01 secs] 
2016-09-25T22:03:52.776-0400: 21.082: [GC (GCLocker Initiated GC) [PSYoungGen: 162109K->60565K(177152K)] 517866K->430513K(701440K), 0.0096798 secs] [Times: user=0.14 sys=0.00, real=0.01 secs] 
2016-09-25T22:03:52.871-0400: 21.177: [GC (GCLocker Initiated GC) [PSYoungGen: 152725K->60504K(173056K)] 528472K->463912K(697344K), 0.0133103 secs] [Times: user=0.17 sys=0.01, real=0.02 secs] 
2016-09-25T22:03:52.943-0400: 21.249: [GC (GCLocker Initiated GC) [PSYoungGen: 154712K->61975K(175104K)] 567789K->475700K(699392K), 0.0160806 secs] [Times: user=0.19 sys=0.00, real=0.01 secs] 
2016-09-25T22:03:53.020-0400: 21.326: [GC (GCLocker Initiated GC) [PSYoungGen: 156183K->68669K(180224K)] 570055K->483294K(704512K), 0.0122171 secs] [Times: user=0.11 sys=0.01, real=0.01 secs] 
2016-09-25T22:03:53.124-0400: 21.429: [GC (GCLocker Initiated GC) [PSYoungGen: 169021K->49546K(181248K)] 586421K->478362K(705536K), 0.0122339 secs] [Times: user=0.11 sys=0.00, real=0.01 secs] 
2016-09-25T22:03:53.188-0400: 21.493: [GC (GCLocker Initiated GC) [PSYoungGen: 149898K->49604K(180224K)] 581514K->484570K(704512K), 0.0250237 secs] [Times: user=0.32 sys=0.00, real=0.02 secs] 
2016-09-25T22:03:53.304-0400: 21.610: [GC (GCLocker Initiated GC) [PSYoungGen: 149956K->53553K(180736K)] 590588K->502881K(705024K), 0.0198837 secs] [Times: user=0.24 sys=0.00, real=0.02 secs] 
2016-09-25T22:03:53.384-0400: 21.690: [GC (GCLocker Initiated GC) [PSYoungGen: 153905K->57761K(178176K)] 606067K->510474K(702464K), 0.0086688 secs] [Times: user=0.07 sys=0.00, real=0.00 secs] 
2016-09-25T22:03:53.445-0400: 21.751: [GC (GCLocker Initiated GC) [PSYoungGen: 160161K->76809K(179712K)] 615637K->557222K(704000K), 0.0078163 secs] [Times: user=0.10 sys=0.00, real=0.00 secs] 
2016-09-25T22:03:53.518-0400: 21.824: [GC (GCLocker Initiated GC) [PSYoungGen: 179209K->59112K(182272K)] 662362K->564498K(706560K), 0.0152678 secs] [Times: user=0.20 sys=0.00, real=0.01 secs] 
2016-09-25T22:03:53.533-0400: 21.839: [Full GC (Ergonomics) [PSYoungGen: 59112K->0K(182272K)] [ParOldGen: 505385K->128520K(524288K)] 564498K->128520K(706560K), [Metaspace: 43321K->43321K(1085440K)], 0.0644595 secs] [Times: user=0.51 sys=0.02, real=0.07 secs] 
2016-09-25T22:03:53.667-0400: 21.973: [GC (GCLocker Initiated GC) [PSYoungGen: 100352K->55435K(156160K)] 245150K->200234K(680448K), 0.0077796 secs] [Times: user=0.08 sys=0.00, real=0.01 secs] 
2016-09-25T22:03:53.745-0400: 22.051: [GC (GCLocker Initiated GC) [PSYoungGen: 155787K->56313K(180736K)] 300667K->209002K(705024K), 0.0077534 secs] [Times: user=0.06 sys=0.00, real=0.00 secs] 
2016-09-25T22:03:53.814-0400: 22.120: [GC (GCLocker Initiated GC) [PSYoungGen: 158201K->48307K(179200K)] 323185K->224517K(703488K), 0.0094450 secs] [Times: user=0.07 sys=0.00, real=0.01 secs] 
2016-09-25T22:03:53.876-0400: 22.182: [GC (GCLocker Initiated GC) [PSYoungGen: 150195K->65784K(182272K)] 326632K->261682K(706560K), 0.0106194 secs] [Times: user=0.15 sys=0.00, real=0.01 secs] 
2016-09-25T22:03:53.953-0400: 22.258: [GC (GCLocker Initiated GC) [PSYoungGen: 170744K->57783K(183296K)] 371450K->258969K(707584K), 0.0075575 secs] [Times: user=0.11 sys=0.00, real=0.01 secs] 
2016-09-25T22:03:54.019-0400: 22.325: [GC (GCLocker Initiated GC) [PSYoungGen: 162743K->68396K(181760K)] 366679K->272919K(706048K), 0.0113172 secs] [Times: user=0.14 sys=0.00, real=0.01 secs] 
2016-09-25T22:03:54.105-0400: 22.410: [GC (GCLocker Initiated GC) [PSYoungGen: 173356K->53703K(183296K)] 388759K->296538K(707584K), 0.0079390 secs] [Times: user=0.12 sys=0.00, real=0.00 secs] 
2016-09-25T22:03:54.181-0400: 22.487: [GC (GCLocker Initiated GC) [PSYoungGen: 158663K->54939K(180224K)] 406909K->317194K(704512K), 0.0099574 secs] [Times: user=0.09 sys=0.01, real=0.01 secs] 
2016-09-25T22:03:54.253-0400: 22.558: [GC (GCLocker Initiated GC) [PSYoungGen: 160923K->65935K(182272K)] 436718K->342213K(706560K), 0.0064170 secs] [Times: user=0.08 sys=0.00, real=0.01 secs] 
2016-09-25T22:03:54.327-0400: 22.633: [GC (GCLocker Initiated GC) [PSYoungGen: 171919K->67098K(182784K)] 448250K->344028K(707072K), 0.0095529 secs] [Times: user=0.10 sys=0.00, real=0.01 secs] 
2016-09-25T22:03:54.405-0400: 22.711: [GC (GCLocker Initiated GC) [PSYoungGen: 172570K->61779K(183808K)] 454618K->355079K(708096K), 0.0068705 secs] [Times: user=0.08 sys=0.00, real=0.00 secs] 
2016-09-25T22:03:54.474-0400: 22.780: [GC (GCLocker Initiated GC) [PSYoungGen: 167251K->71112K(179712K)] 460581K->381135K(704000K), 0.0105776 secs] [Times: user=0.10 sys=0.01, real=0.01 secs] 
2016-09-25T22:03:54.550-0400: 22.856: [GC (GCLocker Initiated GC) [PSYoungGen: 173512K->46672K(149504K)] 490346K->366614K(673792K), 0.0081508 secs] [Times: user=0.07 sys=0.00, real=0.01 secs] 
2016-09-25T22:03:54.618-0400: 22.924: [GC (GCLocker Initiated GC) [PSYoungGen: 149072K->73833K(175616K)] 469183K->394427K(699904K), 0.0086143 secs] [Times: user=0.12 sys=0.00, real=0.01 secs] 
2016-09-25T22:03:54.684-0400: 22.990: [GC (GCLocker Initiated GC) [PSYoungGen: 169065K->61691K(178688K)] 492872K->396815K(702976K), 0.0101013 secs] [Times: user=0.11 sys=0.01, real=0.01 secs] 
2016-09-25T22:03:54.757-0400: 23.063: [GC (GCLocker Initiated GC) [PSYoungGen: 156923K->61646K(173568K)] 494764K->416147K(697856K), 0.0116713 secs] [Times: user=0.17 sys=0.01, real=0.01 secs] 
2016-09-25T22:03:54.835-0400: 23.140: [GC (GCLocker Initiated GC) [PSYoungGen: 158926K->72497K(176640K)] 513490K->427493K(700928K), 0.0087960 secs] [Times: user=0.12 sys=0.01, real=0.01 secs] 
2016-09-25T22:03:54.911-0400: 23.217: [GC (GCLocker Initiated GC) [PSYoungGen: 169777K->56262K(181248K)] 524971K->444355K(705536K), 0.0089407 secs] [Times: user=0.13 sys=0.00, real=0.01 secs] 
2016-09-25T22:03:54.984-0400: 23.290: [GC (GCLocker Initiated GC) [PSYoungGen: 155590K->48293K(180224K)] 557345K->464107K(704512K), 0.0055759 secs] [Times: user=0.07 sys=0.00, real=0.00 secs] 
2016-09-25T22:03:55.044-0400: 23.350: [GC (GCLocker Initiated GC) [PSYoungGen: 147621K->80656K(169472K)] 563538K->516012K(693760K), 0.0073105 secs] [Times: user=0.10 sys=0.00, real=0.00 secs] 
2016-09-25T22:03:55.104-0400: 23.410: [GC (GCLocker Initiated GC) [PSYoungGen: 168720K->69849K(175104K)] 604328K->516743K(699392K), 0.0180769 secs] [Times: user=0.21 sys=0.00, real=0.01 secs] 
2016-09-25T22:03:55.178-0400: 23.484: [GC (GCLocker Initiated GC) [PSYoungGen: 157913K->61690K(171008K)] 614296K->518487K(695296K), 0.0174530 secs] [Times: user=0.17 sys=0.00, real=0.02 secs] 
2016-09-25T22:03:55.253-0400: 23.559: [GC (GCLocker Initiated GC) [PSYoungGen: 149754K->72444K(173056K)] 608259K->544884K(697344K), 0.0114864 secs] [Times: user=0.18 sys=0.00, real=0.02 secs] 
2016-09-25T22:03:55.317-0400: 23.623: [GC (GCLocker Initiated GC) [PSYoungGen: 160508K->60230K(175616K)] 635893K->536014K(699904K), 0.0083566 secs] [Times: user=0.09 sys=0.01, real=0.01 secs] 
2016-09-25T22:03:55.382-0400: 23.688: [GC (GCLocker Initiated GC) [PSYoungGen: 150854K->73844K(175616K)] 626724K->556878K(699904K), 0.0084801 secs] [Times: user=0.12 sys=0.00, real=0.01 secs] 
2016-09-25T22:03:55.441-0400: 23.747: [GC (GCLocker Initiated GC) [PSYoungGen: 164468K->73814K(174592K)] 647574K->568152K(698880K), 0.0067712 secs] [Times: user=0.10 sys=0.00, real=0.01 secs] 
2016-09-25T22:03:55.502-0400: 23.808: [Full GC (Ergonomics) [PSYoungGen: 161878K->0K(174592K)] [ParOldGen: 502635K->149982K(524288K)] 664514K->149982K(698880K), [Metaspace: 43331K->43331K(1085440K)], 0.0569796 secs] [Times: user=0.40 sys=0.00, real=0.05 secs] 
2016-09-25T22:03:55.629-0400: 23.935: [GC (GCLocker Initiated GC) [PSYoungGen: 88064K->67166K(155648K)] 243536K->222639K(679936K), 0.0118588 secs] [Times: user=0.12 sys=0.01, real=0.01 secs] 
2016-09-25T22:03:55.703-0400: 24.009: [GC (GCLocker Initiated GC) [PSYoungGen: 155230K->58857K(175616K)] 313491K->239295K(699904K), 0.0059507 secs] [Times: user=0.07 sys=0.00, real=0.00 secs] 
2016-09-25T22:03:55.766-0400: 24.072: [GC (GCLocker Initiated GC) [PSYoungGen: 148457K->69776K(174592K)] 328965K->265573K(698880K), 0.0094977 secs] [Times: user=0.13 sys=0.00, real=0.01 secs] 
2016-09-25T22:03:55.831-0400: 24.137: [GC (GCLocker Initiated GC) [PSYoungGen: 159376K->72552K(175616K)] 355332K->293199K(699904K), 0.0098771 secs] [Times: user=0.12 sys=0.00, real=0.01 secs] 
2016-09-25T22:03:55.900-0400: 24.206: [GC (GCLocker Initiated GC) [PSYoungGen: 163176K->52144K(176128K)] 383897K->286794K(700416K), 0.0087442 secs] [Times: user=0.09 sys=0.01, real=0.01 secs] 
2016-09-25T22:03:55.974-0400: 24.280: [GC (GCLocker Initiated GC) [PSYoungGen: 142768K->56219K(176128K)] 377569K->307728K(700416K), 0.0056805 secs] [Times: user=0.08 sys=0.00, real=0.01 secs] 
2016-09-25T22:03:56.036-0400: 24.342: [GC (GCLocker Initiated GC) [PSYoungGen: 146843K->59054K(150016K)] 404652K->319992K(674304K), 0.0049783 secs] [Times: user=0.06 sys=0.00, real=0.00 secs] 
2016-09-25T22:03:56.097-0400: 24.402: [GC (GCLocker Initiated GC) [PSYoungGen: 149678K->67057K(175616K)] 416090K->342053K(699904K), 0.0057384 secs] [Times: user=0.08 sys=0.00, real=0.01 secs] 
2016-09-25T22:03:56.161-0400: 24.467: [GC (GCLocker Initiated GC) [PSYoungGen: 158705K->46852K(175104K)] 439151K->343958K(699392K), 0.0060931 secs] [Times: user=0.06 sys=0.00, real=0.01 secs] 
2016-09-25T22:03:56.224-0400: 24.530: [GC (GCLocker Initiated GC) [PSYoungGen: 138500K->79183K(172544K)] 435765K->378234K(696832K), 0.0092305 secs] [Times: user=0.07 sys=0.00, real=0.00 secs] 
2016-09-25T22:03:56.297-0400: 24.602: [GC (GCLocker Initiated GC) [PSYoungGen: 167247K->49627K(175104K)] 471121K->366102K(699392K), 0.0096633 secs] [Times: user=0.12 sys=0.01, real=0.01 secs] 
2016-09-25T22:03:56.358-0400: 24.664: [GC (GCLocker Initiated GC) [PSYoungGen: 137691K->71099K(175104K)] 454216K->388170K(699392K), 0.0081865 secs] [Times: user=0.07 sys=0.00, real=0.01 secs] 
2016-09-25T22:03:56.422-0400: 24.728: [GC (GCLocker Initiated GC) [PSYoungGen: 159163K->50873K(175104K)] 483226K->410401K(699392K), 0.0076001 secs] [Times: user=0.08 sys=0.00, real=0.00 secs] 
2016-09-25T22:03:56.476-0400: 24.782: [GC (GCLocker Initiated GC) [PSYoungGen: 138937K->46872K(175104K)] 507968K->416330K(699392K), 0.0059516 secs] [Times: user=0.06 sys=0.00, real=0.00 secs] 
2016-09-25T22:03:56.536-0400: 24.842: [GC (GCLocker Initiated GC) [PSYoungGen: 134936K->46805K(175104K)] 516581K->428848K(699392K), 0.0132113 secs] [Times: user=0.15 sys=0.00, real=0.01 secs] 
2016-09-25T22:03:56.605-0400: 24.911: [GC (GCLocker Initiated GC) [PSYoungGen: 134869K->58787K(172032K)] 516966K->441333K(696320K), 0.0185740 secs] [Times: user=0.18 sys=0.00, real=0.02 secs] 
2016-09-25T22:03:56.671-0400: 24.976: [GC (GCLocker Initiated GC) [PSYoungGen: 146851K->73927K(173568K)] 532219K->459688K(697856K), 0.0081666 secs] [Times: user=0.06 sys=0.01, real=0.01 secs] 
2016-09-25T22:03:56.720-0400: 25.026: [GC (GCLocker Initiated GC) [PSYoungGen: 161991K->52174K(175104K)] 553245K->460076K(699392K), 0.0095922 secs] [Times: user=0.10 sys=0.00, real=0.01 secs] 
2016-09-25T22:04:01.624-0400: 29.929: [GC (GCLocker Initiated GC) [PSYoungGen: 140238K->48148K(136704K)] 561940K->470283K(660992K), 0.0080089 secs] [Times: user=0.08 sys=0.00, real=0.00 secs] 
2016-09-25T22:04:01.696-0400: 30.002: [GC (GCLocker Initiated GC) [PSYoungGen: 136212K->60106K(176128K)] 561236K->485548K(700416K), 0.0070794 secs] [Times: user=0.06 sys=0.01, real=0.01 secs] 
2016-09-25T22:04:01.769-0400: 30.075: [GC (GCLocker Initiated GC) [PSYoungGen: 150218K->64292K(174080K)] 581149K->500937K(698368K), 0.0096738 secs] [Times: user=0.10 sys=0.00, real=0.01 secs] 
2016-09-25T22:04:01.837-0400: 30.142: [GC (GCLocker Initiated GC) [PSYoungGen: 154404K->64229K(176128K)] 593968K->504188K(700416K), 0.0106239 secs] [Times: user=0.07 sys=0.02, real=0.01 secs] 
2016-09-25T22:04:01.908-0400: 30.214: [GC (GCLocker Initiated GC) [PSYoungGen: 156901K->73903K(175616K)] 602315K->533267K(699904K), 0.0126626 secs] [Times: user=0.16 sys=0.00, real=0.01 secs] 
2016-09-25T22:04:01.984-0400: 30.290: [GC (GCLocker Initiated GC) [PSYoungGen: 166575K->49376K(176640K)] 628034K->543670K(700928K), 0.0115428 secs] [Times: user=0.13 sys=0.00, real=0.01 secs] 
2016-09-25T22:04:01.996-0400: 30.302: [Full GC (Ergonomics) [PSYoungGen: 49376K->0K(176640K)] [ParOldGen: 494293K->146433K(524288K)] 543670K->146433K(700928K), [Metaspace: 43348K->43348K(1085440K)], 0.0913286 secs] [Times: user=0.55 sys=0.02, real=0.09 secs] 
2016-09-25T22:04:02.154-0400: 30.460: [GC (GCLocker Initiated GC) [PSYoungGen: 90624K->60627K(151552K)] 239819K->209823K(675840K), 0.0095012 secs] [Times: user=0.06 sys=0.00, real=0.02 secs] 
2016-09-25T22:04:02.231-0400: 30.537: [GC (GCLocker Initiated GC) [PSYoungGen: 151251K->71115K(171520K)] 300462K->242632K(695808K), 0.0128603 secs] [Times: user=0.07 sys=0.00, real=0.02 secs] 
2016-09-25T22:04:02.303-0400: 30.609: [GC (GCLocker Initiated GC) [PSYoungGen: 159691K->77866K(173568K)] 331297K->249931K(697856K), 0.0093045 secs] [Times: user=0.11 sys=0.01, real=0.00 secs] 
2016-09-25T22:04:02.386-0400: 30.692: [GC (GCLocker Initiated GC) [PSYoungGen: 166442K->68479K(175104K)] 344010K->254616K(699392K), 0.0087994 secs] [Times: user=0.10 sys=0.01, real=0.01 secs] 
2016-09-25T22:04:02.458-0400: 30.764: [GC (GCLocker Initiated GC) [PSYoungGen: 156543K->68396K(175104K)] 342720K->275282K(699392K), 0.0099456 secs] [Times: user=0.11 sys=0.00, real=0.01 secs] 
2016-09-25T22:04:02.530-0400: 30.836: [GC (GCLocker Initiated GC) [PSYoungGen: 156460K->30546K(175104K)] 363495K->266347K(699392K), 0.0080339 secs] [Times: user=0.06 sys=0.02, real=0.01 secs] 
2016-09-25T22:04:02.594-0400: 30.899: [GC (GCLocker Initiated GC) [PSYoungGen: 118610K->72442K(175104K)] 354582K->322369K(699392K), 0.0064039 secs] [Times: user=0.09 sys=0.00, real=0.01 secs] 
2016-09-25T22:04:02.664-0400: 30.970: [GC (GCLocker Initiated GC) [PSYoungGen: 160506K->61747K(175104K)] 418579K->347249K(699392K), 0.0100635 secs] [Times: user=0.16 sys=0.00, real=0.01 secs] 
2016-09-25T22:04:02.743-0400: 31.049: [GC (GCLocker Initiated GC) [PSYoungGen: 149811K->68435K(175104K)] 435458K->355949K(699392K), 0.0087818 secs] [Times: user=0.10 sys=0.00, real=0.00 secs] 
2016-09-25T22:04:02.813-0400: 31.119: [GC (GCLocker Initiated GC) [PSYoungGen: 156499K->61574K(174080K)] 449536K->357678K(698368K), 0.0083135 secs] [Times: user=0.06 sys=0.00, real=0.01 secs] 
2016-09-25T22:04:02.883-0400: 31.189: [GC (GCLocker Initiated GC) [PSYoungGen: 149638K->64448K(174592K)] 453879K->379939K(698880K), 0.0069799 secs] [Times: user=0.08 sys=0.00, real=0.00 secs] 
2016-09-25T22:04:02.948-0400: 31.254: [GC (GCLocker Initiated GC) [PSYoungGen: 152512K->60367K(172544K)] 473654K->392786K(696832K), 0.0087874 secs] [Times: user=0.09 sys=0.00, real=0.01 secs] 
2016-09-25T22:04:03.026-0400: 31.332: [GC (GCLocker Initiated GC) [PSYoungGen: 150991K->76565K(173568K)] 488979K->415016K(697856K), 0.0063835 secs] [Times: user=0.07 sys=0.01, real=0.00 secs] 
2016-09-25T22:04:03.109-0400: 31.415: [GC (GCLocker Initiated GC) [PSYoungGen: 167189K->39806K(174592K)] 512520K->386892K(698880K), 0.0244912 secs] [Times: user=0.20 sys=0.00, real=0.02 secs] 
2016-09-25T22:04:03.217-0400: 31.523: [GC (GCLocker Initiated GC) [PSYoungGen: 127870K->48117K(175104K)] 480404K->411907K(699392K), 0.0127590 secs] [Times: user=0.12 sys=0.00, real=0.01 secs] 
2016-09-25T22:04:03.293-0400: 31.599: [GC (GCLocker Initiated GC) [PSYoungGen: 136181K->58972K(171008K)] 505446K->439456K(695296K), 0.0097146 secs] [Times: user=0.12 sys=0.01, real=0.02 secs] 
2016-09-25T22:04:03.365-0400: 31.671: [GC (GCLocker Initiated GC) [PSYoungGen: 147036K->53504K(173056K)] 527557K->449349K(697344K), 0.0199235 secs] [Times: user=0.30 sys=0.00, real=0.02 secs] 
2016-09-25T22:04:03.460-0400: 31.766: [GC (GCLocker Initiated GC) [PSYoungGen: 141568K->49364K(174080K)] 541468K->449703K(698368K), 0.0131440 secs] [Times: user=0.17 sys=0.00, real=0.01 secs] 
2016-09-25T22:04:03.538-0400: 31.843: [GC (GCLocker Initiated GC) [PSYoungGen: 142548K->68517K(176128K)] 545717K->472097K(700416K), 0.0120541 secs] [Times: user=0.18 sys=0.01, real=0.01 secs] 
2016-09-25T22:04:03.614-0400: 31.920: [GC (GCLocker Initiated GC) [PSYoungGen: 161701K->45553K(177664K)] 574780K->475281K(701952K), 0.0079698 secs] [Times: user=0.10 sys=0.00, real=0.01 secs] 
2016-09-25T22:04:03.683-0400: 31.989: [GC (GCLocker Initiated GC) [PSYoungGen: 138737K->50876K(144384K)] 574051K->498838K(668672K), 0.0158443 secs] [Times: user=0.19 sys=0.01, real=0.01 secs] 
2016-09-25T22:04:03.755-0400: 32.061: [GC (GCLocker Initiated GC) [PSYoungGen: 144060K->60278K(177664K)] 597589K->516945K(701952K), 0.0125084 secs] [Times: user=0.12 sys=0.00, real=0.01 secs] 
2016-09-25T22:04:03.826-0400: 32.131: [GC (GCLocker Initiated GC) [PSYoungGen: 154998K->63006K(176128K)] 617120K->544498K(700416K), 0.0063623 secs] [Times: user=0.08 sys=0.01, real=0.00 secs] 
2016-09-25T22:04:03.887-0400: 32.193: [GC (GCLocker Initiated GC) [PSYoungGen: 157726K->67053K(177664K)] 639460K->565429K(701952K), 0.0094633 secs] [Times: user=0.13 sys=0.00, real=0.01 secs] 
2016-09-25T22:04:03.896-0400: 32.202: [Full GC (Ergonomics) [PSYoungGen: 67053K->0K(177664K)] [ParOldGen: 498376K->159225K(524288K)] 565429K->159225K(701952K), [Metaspace: 43350K->43350K(1085440K)], 0.0836441 secs] [Times: user=0.49 sys=0.00, real=0.08 secs] 
2016-09-25T22:04:04.033-0400: 32.339: [GC (GCLocker Initiated GC) [PSYoungGen: 96768K->76913K(174080K)] 256105K->236250K(698368K), 0.0067194 secs] [Times: user=0.06 sys=0.00, real=0.01 secs] 
2016-09-25T22:04:04.097-0400: 32.403: [GC (GCLocker Initiated GC) [PSYoungGen: 173681K->65698K(176640K)] 333088K->240788K(700928K), 0.0088761 secs] [Times: user=0.12 sys=0.00, real=0.01 secs] 
2016-09-25T22:04:04.148-0400: 32.454: [GC (GCLocker Initiated GC) [PSYoungGen: 155810K->83281K(173568K)] 331041K->261629K(697856K), 0.0092229 secs] [Times: user=0.11 sys=0.00, real=0.01 secs] 
2016-09-25T22:04:04.210-0400: 32.516: [GC (GCLocker Initiated GC) [PSYoungGen: 173393K->85978K(175104K)] 351904K->278424K(699392K), 0.0110106 secs] [Times: user=0.11 sys=0.01, real=0.01 secs] 
2016-09-25T22:04:04.286-0400: 32.592: [GC (GCLocker Initiated GC) [PSYoungGen: 174042K->67108K(175104K)] 367990K->277672K(699392K), 0.0063553 secs] [Times: user=0.09 sys=0.00, real=0.00 secs] 
2016-09-25T22:04:04.345-0400: 32.651: [GC (GCLocker Initiated GC) [PSYoungGen: 155172K->64311K(175104K)] 367996K->288373K(699392K), 0.0087700 secs] [Times: user=0.11 sys=0.01, real=0.00 secs] 
2016-09-25T22:04:04.403-0400: 32.709: [GC (GCLocker Initiated GC) [PSYoungGen: 152375K->48112K(175104K)] 383433K->301199K(699392K), 0.0080343 secs] [Times: user=0.12 sys=0.00, real=0.00 secs] 
2016-09-25T22:04:04.457-0400: 32.763: [GC (GCLocker Initiated GC) [PSYoungGen: 136176K->68331K(175104K)] 392152K->327317K(699392K), 0.0095033 secs] [Times: user=0.08 sys=0.00, real=0.01 secs] 
2016-09-25T22:04:04.521-0400: 32.826: [GC (GCLocker Initiated GC) [PSYoungGen: 156395K->67035K(175104K)] 420878K->337309K(699392K), 0.0069976 secs] [Times: user=0.07 sys=0.00, real=0.01 secs] 
2016-09-25T22:04:04.582-0400: 32.888: [GC (GCLocker Initiated GC) [PSYoungGen: 155099K->64332K(175104K)] 433652K->351430K(699392K), 0.0277783 secs] [Times: user=0.29 sys=0.00, real=0.03 secs] 
2016-09-25T22:04:04.668-0400: 32.974: [GC (GCLocker Initiated GC) [PSYoungGen: 152396K->63019K(151552K)] 450329K->361369K(675840K), 0.0092104 secs] [Times: user=0.09 sys=0.00, real=0.01 secs] 
2016-09-25T22:04:04.749-0400: 33.055: [GC (GCLocker Initiated GC) [PSYoungGen: 151083K->57626K(174080K)] 456360K->363325K(698368K), 0.0062276 secs] [Times: user=0.06 sys=0.00, real=0.01 secs] 
2016-09-25T22:04:04.809-0400: 33.115: [GC (GCLocker Initiated GC) [PSYoungGen: 146714K->58914K(173056K)] 457996K->386834K(697344K), 0.0091886 secs] [Times: user=0.10 sys=0.01, real=0.01 secs] 
2016-09-25T22:04:04.867-0400: 33.173: [GC (GCLocker Initiated GC) [PSYoungGen: 148002K->62818K(176128K)] 478740K->396576K(700416K), 0.0188098 secs] [Times: user=0.18 sys=0.00, real=0.02 secs] 
2016-09-25T22:04:04.950-0400: 33.256: [GC (GCLocker Initiated GC) [PSYoungGen: 158050K->72431K(176128K)] 494692K->409446K(700416K), 0.0110648 secs] [Times: user=0.14 sys=0.00, real=0.01 secs] 
2016-09-25T22:04:05.022-0400: 33.328: [GC (GCLocker Initiated GC) [PSYoungGen: 167663K->46788K(177152K)] 518301K->408635K(701440K), 0.0058296 secs] [Times: user=0.07 sys=0.00, real=0.00 secs] 
2016-09-25T22:04:05.081-0400: 33.387: [GC (GCLocker Initiated GC) [PSYoungGen: 140996K->81985K(176640K)] 502911K->449772K(700928K), 0.0097891 secs] [Times: user=0.15 sys=0.00, real=0.01 secs] 
2016-09-25T22:04:05.144-0400: 33.450: [GC (GCLocker Initiated GC) [PSYoungGen: 176193K->45266K(173568K)] 546805K->431088K(697856K), 0.0211329 secs] [Times: user=0.26 sys=0.00, real=0.02 secs] 
2016-09-25T22:04:05.224-0400: 33.529: [GC (GCLocker Initiated GC) [PSYoungGen: 133330K->53558K(175104K)] 530194K->471095K(699392K), 0.0071171 secs] [Times: user=0.08 sys=0.00, real=0.00 secs] 
2016-09-25T22:04:05.275-0400: 33.580: [GC (GCLocker Initiated GC) [PSYoungGen: 141622K->57448K(174080K)] 561986K->478248K(698368K), 0.0181462 secs] [Times: user=0.20 sys=0.00, real=0.01 secs] 
2016-09-25T22:04:05.349-0400: 33.655: [GC (GCLocker Initiated GC) [PSYoungGen: 145512K->49316K(174592K)] 572169K->506133K(698880K), 0.0263851 secs] [Times: user=0.26 sys=0.00, real=0.03 secs] 
2016-09-25T22:04:05.472-0400: 33.778: [GC (GCLocker Initiated GC) [PSYoungGen: 137380K->53518K(172544K)] 610443K->529653K(696832K), 0.0151257 secs] [Times: user=0.14 sys=0.00, real=0.02 secs] 
2016-09-25T22:04:05.548-0400: 33.854: [GC (GCLocker Initiated GC) [PSYoungGen: 143118K->50652K(174080K)] 626026K->536675K(698368K), 0.0143311 secs] [Times: user=0.13 sys=0.00, real=0.02 secs] 
2016-09-25T22:04:05.634-0400: 33.940: [Full GC (Ergonomics) [PSYoungGen: 140252K->0K(174080K)] [ParOldGen: 498394K->169796K(524288K)] 638646K->169796K(698368K), [Metaspace: 43374K->43374K(1085440K)], 0.0978254 secs] [Times: user=0.55 sys=0.00, real=0.09 secs] 
2016-09-25T22:04:05.785-0400: 34.091: [GC (GCLocker Initiated GC) [PSYoungGen: 89600K->63231K(176128K)] 265008K->238639K(700416K), 0.0068539 secs] [Times: user=0.07 sys=0.00, real=0.00 secs] 
2016-09-25T22:04:05.876-0400: 34.182: [GC (GCLocker Initiated GC) [PSYoungGen: 157439K->57498K(177152K)] 332991K->236392K(701440K), 0.0208992 secs] [Times: user=0.24 sys=0.00, real=0.02 secs] 
2016-09-25T22:04:05.960-0400: 34.266: [GC (GCLocker Initiated GC) [PSYoungGen: 151706K->70978K(176128K)] 330716K->261123K(700416K), 0.0129076 secs] [Times: user=0.15 sys=0.00, real=0.01 secs] 
2016-09-25T22:04:06.024-0400: 34.330: [GC (GCLocker Initiated GC) [PSYoungGen: 166210K->64401K(178176K)] 360500K->286109K(702464K), 0.0152880 secs] [Times: user=0.14 sys=0.02, real=0.01 secs] 
2016-09-25T22:04:06.123-0400: 34.429: [GC (GCLocker Initiated GC) [PSYoungGen: 159633K->75155K(173568K)] 384204K->311021K(697856K), 0.0110681 secs] [Times: user=0.17 sys=0.01, real=0.00 secs] 
2016-09-25T22:04:06.186-0400: 34.492: [GC (GCLocker Initiated GC) [PSYoungGen: 166291K->75168K(166400K)] 402280K->311590K(690688K), 0.0063652 secs] [Times: user=0.08 sys=0.00, real=0.00 secs] 
2016-09-25T22:04:06.244-0400: 34.550: [GC (GCLocker Initiated GC) [PSYoungGen: 166304K->46805K(175104K)] 409069K->310222K(699392K), 0.0113194 secs] [Times: user=0.11 sys=0.00, real=0.01 secs] 
2016-09-25T22:04:06.344-0400: 34.649: [GC (GCLocker Initiated GC) [PSYoungGen: 134869K->38648K(175104K)] 414570K->329566K(699392K), 0.0336839 secs] [Times: user=0.44 sys=0.00, real=0.03 secs] 
2016-09-25T22:04:06.439-0400: 34.745: [GC (GCLocker Initiated GC) [PSYoungGen: 126712K->64168K(175104K)] 417977K->355865K(699392K), 0.0087571 secs] [Times: user=0.09 sys=0.00, real=0.01 secs] 
2016-09-25T22:04:06.516-0400: 34.822: [GC (GCLocker Initiated GC) [PSYoungGen: 152232K->66943K(175104K)] 449372K->375201K(699392K), 0.0137713 secs] [Times: user=0.17 sys=0.01, real=0.01 secs] 
2016-09-25T22:04:06.613-0400: 34.919: [GC (GCLocker Initiated GC) [PSYoungGen: 155007K->48118K(175104K)] 468887K->367760K(699392K), 0.0106617 secs] [Times: user=0.13 sys=0.00, real=0.02 secs] 
2016-09-25T22:04:06.668-0400: 34.974: [GC (GCLocker Initiated GC) [PSYoungGen: 136182K->71145K(175104K)] 465420K->400803K(699392K), 0.0063329 secs] [Times: user=0.08 sys=0.00, real=0.01 secs] 
2016-09-25T22:04:06.750-0400: 35.056: [GC (GCLocker Initiated GC) [PSYoungGen: 159209K->69688K(175104K)] 497134K->416102K(699392K), 0.0106440 secs] [Times: user=0.15 sys=0.00, real=0.01 secs] 
2016-09-25T22:04:06.844-0400: 35.150: [GC (GCLocker Initiated GC) [PSYoungGen: 157752K->61608K(175104K)] 506999K->423403K(699392K), 0.0143113 secs] [Times: user=0.17 sys=0.00, real=0.01 secs] 
2016-09-25T22:04:06.908-0400: 35.213: [GC (GCLocker Initiated GC) [PSYoungGen: 149672K->30582K(175104K)] 522361K->430629K(699392K), 0.0083188 secs] [Times: user=0.10 sys=0.00, real=0.01 secs] 
2016-09-25T22:04:06.963-0400: 35.269: [GC (GCLocker Initiated GC) [PSYoungGen: 118646K->72441K(175104K)] 521564K->475793K(699392K), 0.0061597 secs] [Times: user=0.08 sys=0.00, real=0.00 secs] 
2016-09-25T22:04:07.018-0400: 35.324: [GC (GCLocker Initiated GC) [PSYoungGen: 160505K->47993K(175104K)] 568024K->466723K(699392K), 0.0061695 secs] [Times: user=0.06 sys=0.00, real=0.01 secs] 
2016-09-25T22:04:07.077-0400: 35.383: [GC (Allocation Failure) [PSYoungGen: 136057K->34773K(175104K)] 572957K->472096K(699392K), 0.0073875 secs] [Times: user=0.10 sys=0.01, real=0.01 secs] 
2016-09-25T22:04:07.138-0400: 35.444: [GC (GCLocker Initiated GC) [PSYoungGen: 122808K->61578K(175104K)] 561481K->504780K(699392K), 0.0062658 secs] [Times: user=0.08 sys=0.00, real=0.01 secs] 
2016-09-25T22:04:07.194-0400: 35.500: [GC (GCLocker Initiated GC) [PSYoungGen: 149642K->85942K(175104K)] 595697K->536428K(699392K), 0.0065243 secs] [Times: user=0.08 sys=0.00, real=0.01 secs] 
2016-09-25T22:04:07.259-0400: 35.565: [GC (GCLocker Initiated GC) [PSYoungGen: 174006K->42690K(175104K)] 628626K->520636K(699392K), 0.0098795 secs] [Times: user=0.14 sys=0.00, real=0.01 secs] 
2016-09-25T22:04:07.328-0400: 35.634: [GC (GCLocker Initiated GC) [PSYoungGen: 130754K->61654K(175104K)] 611592K->552366K(699392K), 0.0086935 secs] [Times: user=0.11 sys=0.00, real=0.01 secs] 
2016-09-25T22:04:07.387-0400: 35.693: [GC (GCLocker Initiated GC) [PSYoungGen: 149718K->64355K(175104K)] 643379K->561196K(699392K), 0.0092869 secs] [Times: user=0.10 sys=0.02, real=0.01 secs] 
2016-09-25T22:04:07.449-0400: 35.755: [GC (GCLocker Initiated GC) [PSYoungGen: 152419K->85955K(175104K)] 649277K->583137K(699392K), 0.0104230 secs] [Times: user=0.13 sys=0.00, real=0.01 secs] 
2016-09-25T22:04:07.524-0400: 35.830: [Full GC (Ergonomics) [PSYoungGen: 174019K->0K(175104K)] [ParOldGen: 505348K->180335K(524288K)] 679368K->180335K(699392K), [Metaspace: 43379K->43379K(1085440K)], 0.0753022 secs] [Times: user=0.55 sys=0.01, real=0.07 secs] 
2016-09-25T22:04:07.663-0400: 35.969: [GC (GCLocker Initiated GC) [PSYoungGen: 88064K->67520K(175104K)] 273892K->253356K(699392K), 0.0102880 secs] [Times: user=0.12 sys=0.00, real=0.00 secs] 
2016-09-25T22:04:07.732-0400: 36.038: [GC (GCLocker Initiated GC) [PSYoungGen: 155584K->62954K(175104K)] 348205K->259029K(699392K), 0.0127345 secs] [Times: user=0.09 sys=0.00, real=0.02 secs] 
2016-09-25T22:04:07.800-0400: 36.106: [GC (GCLocker Initiated GC) [PSYoungGen: 151018K->42552K(175104K)] 359548K->264964K(699392K), 0.0194410 secs] [Times: user=0.22 sys=0.00, real=0.02 secs] 
2016-09-25T22:04:07.869-0400: 36.174: [GC (GCLocker Initiated GC) [PSYoungGen: 130616K->62898K(175104K)] 357141K->291155K(699392K), 0.0149587 secs] [Times: user=0.16 sys=0.00, real=0.02 secs] 
2016-09-25T22:04:07.937-0400: 36.243: [GC (GCLocker Initiated GC) [PSYoungGen: 150962K->71075K(175104K)] 384835K->318798K(699392K), 0.0216762 secs] [Times: user=0.27 sys=0.00, real=0.02 secs] 
2016-09-25T22:04:08.016-0400: 36.322: [GC (GCLocker Initiated GC) [PSYoungGen: 159139K->73679K(175104K)] 409617K->324528K(699392K), 0.0266910 secs] [Times: user=0.31 sys=0.01, real=0.03 secs] 
2016-09-25T22:04:08.105-0400: 36.411: [GC (GCLocker Initiated GC) [PSYoungGen: 161743K->53405K(175104K)] 412635K->326324K(699392K), 0.0101975 secs] [Times: user=0.10 sys=0.00, real=0.01 secs] 
2016-09-25T22:04:08.157-0400: 36.463: [GC (GCLocker Initiated GC) [PSYoungGen: 141469K->71172K(175104K)] 414649K->374376K(699392K), 0.0098736 secs] [Times: user=0.14 sys=0.00, real=0.01 secs] 
2016-09-25T22:04:08.220-0400: 36.526: [GC (GCLocker Initiated GC) [PSYoungGen: 159236K->75191K(175104K)] 462546K->400585K(699392K), 0.0069180 secs] [Times: user=0.10 sys=0.00, real=0.01 secs] 
2016-09-25T22:04:08.279-0400: 36.585: [GC (GCLocker Initiated GC) [PSYoungGen: 163255K->66867K(175104K)] 488795K->392788K(699392K), 0.0083628 secs] [Times: user=0.06 sys=0.00, real=0.01 secs] 
2016-09-25T22:04:08.341-0400: 36.647: [GC (GCLocker Initiated GC) [PSYoungGen: 154931K->66975K(175104K)] 486402K->401551K(699392K), 0.0173296 secs] [Times: user=0.16 sys=0.00, real=0.02 secs] 
2016-09-25T22:04:08.425-0400: 36.731: [GC (GCLocker Initiated GC) [PSYoungGen: 155039K->64391K(175104K)] 497832K->407564K(699392K), 0.0109715 secs] [Times: user=0.11 sys=0.00, real=0.01 secs] 
2016-09-25T22:04:08.492-0400: 36.797: [GC (GCLocker Initiated GC) [PSYoungGen: 152455K->75114K(175104K)] 496287K->420709K(699392K), 0.0074864 secs] [Times: user=0.09 sys=0.01, real=0.01 secs] 
2016-09-25T22:04:08.557-0400: 36.863: [GC (GCLocker Initiated GC) [PSYoungGen: 163178K->48063K(175104K)] 522545K->426706K(699392K), 0.0086124 secs] [Times: user=0.09 sys=0.00, real=0.01 secs] 
2016-09-25T22:04:08.618-0400: 36.924: [GC (GCLocker Initiated GC) [PSYoungGen: 136127K->58914K(175104K)] 522939K->458265K(699392K), 0.0063754 secs] [Times: user=0.08 sys=0.00, real=0.01 secs] 
2016-09-25T22:04:08.679-0400: 36.985: [GC (GCLocker Initiated GC) [PSYoungGen: 146978K->64314K(152576K)] 546459K->489806K(676864K), 0.0096156 secs] [Times: user=0.06 sys=0.02, real=0.01 secs] 
2016-09-25T22:04:08.747-0400: 37.053: [GC (GCLocker Initiated GC) [PSYoungGen: 152378K->56227K(175616K)] 581995K->503778K(699904K), 0.0086833 secs] [Times: user=0.08 sys=0.00, real=0.01 secs] 
2016-09-25T22:04:08.808-0400: 37.114: [GC (GCLocker Initiated GC) [PSYoungGen: 145315K->64295K(153600K)] 596962K->521787K(677888K), 0.0084912 secs] [Times: user=0.10 sys=0.00, real=0.01 secs] 
2016-09-25T22:04:08.889-0400: 37.195: [GC (GCLocker Initiated GC) [PSYoungGen: 153383K->60354K(175616K)] 625812K->533195K(699904K), 0.0056852 secs] [Times: user=0.06 sys=0.01, real=0.01 secs] 
2016-09-25T22:04:08.957-0400: 37.263: [GC (GCLocker Initiated GC) [PSYoungGen: 152002K->53367K(174080K)] 628378K->530129K(698368K), 0.0063238 secs] [Times: user=0.05 sys=0.00, real=0.01 secs] 
2016-09-25T22:04:09.040-0400: 37.346: [GC (GCLocker Initiated GC) [PSYoungGen: 145015K->56182K(178688K)] 628597K->550937K(702976K), 0.0104881 secs] [Times: user=0.12 sys=0.00, real=0.01 secs] 
2016-09-25T22:04:09.051-0400: 37.356: [Full GC (Ergonomics) [PSYoungGen: 56182K->0K(178688K)] [ParOldGen: 494754K->176099K(524288K)] 550937K->176099K(702976K), [Metaspace: 43504K->43504K(1085440K)], 0.0753509 secs] [Times: user=0.42 sys=0.02, real=0.08 secs] 
2016-09-25T22:04:09.184-0400: 37.490: [GC (GCLocker Initiated GC) [PSYoungGen: 96768K->57814K(177664K)] 278417K->239463K(701952K), 0.0131200 secs] [Times: user=0.09 sys=0.00, real=0.01 secs] 
2016-09-25T22:04:09.252-0400: 37.558: [GC (GCLocker Initiated GC) [PSYoungGen: 154582K->42503K(177152K)] 339063K->231772K(701440K), 0.0177471 secs] [Times: user=0.16 sys=0.00, real=0.02 secs] 
2016-09-25T22:04:09.325-0400: 37.631: [GC (GCLocker Initiated GC) [PSYoungGen: 140295K->61563K(178688K)] 329604K->272885K(702976K), 0.0111621 secs] [Times: user=0.09 sys=0.00, real=0.01 secs] 
2016-09-25T22:04:09.398-0400: 37.704: [GC (GCLocker Initiated GC) [PSYoungGen: 159355K->57589K(178176K)] 374762K->276070K(702464K), 0.0104475 secs] [Times: user=0.10 sys=0.01, real=0.01 secs] 
2016-09-25T22:04:09.467-0400: 37.773: [GC (GCLocker Initiated GC) [PSYoungGen: 159477K->76573K(179712K)] 377997K->317142K(704000K), 0.0072496 secs] [Times: user=0.09 sys=0.00, real=0.01 secs] 
2016-09-25T22:04:09.531-0400: 37.837: [GC (GCLocker Initiated GC) [PSYoungGen: 178461K->73777K(174592K)] 419093K->328322K(698880K), 0.0096857 secs] [Times: user=0.08 sys=0.00, real=0.01 secs] 
2016-09-25T22:04:09.603-0400: 37.909: [GC (GCLocker Initiated GC) [PSYoungGen: 165937K->69790K(162304K)] 423366K->354625K(686592K), 0.0129058 secs] [Times: user=0.15 sys=0.00, real=0.01 secs] 
2016-09-25T22:04:09.671-0400: 37.977: [GC (GCLocker Initiated GC) [PSYoungGen: 161950K->76476K(173568K)] 449544K->377982K(697856K), 0.0213300 secs] [Times: user=0.25 sys=0.01, real=0.02 secs] 
2016-09-25T22:04:09.740-0400: 38.046: [GC (GCLocker Initiated GC) [PSYoungGen: 164540K->73840K(175104K)] 466238K->386734K(699392K), 0.0121063 secs] [Times: user=0.13 sys=0.00, real=0.01 secs] 
2016-09-25T22:04:09.806-0400: 38.112: [GC (GCLocker Initiated GC) [PSYoungGen: 161904K->71044K(175104K)] 480306K->389858K(699392K), 0.0092916 secs] [Times: user=0.13 sys=0.00, real=0.01 secs] 
2016-09-25T22:04:09.863-0400: 38.169: [GC (GCLocker Initiated GC) [PSYoungGen: 159108K->58882K(175104K)] 477939K->402424K(699392K), 0.0173587 secs] [Times: user=0.22 sys=0.00, real=0.01 secs] 
2016-09-25T22:04:09.926-0400: 38.231: [GC (GCLocker Initiated GC) [PSYoungGen: 146946K->86022K(175104K)] 493337K->432798K(699392K), 0.0102188 secs] [Times: user=0.13 sys=0.01, real=0.01 secs] 
2016-09-25T22:04:09.982-0400: 38.288: [GC (GCLocker Initiated GC) [PSYoungGen: 174086K->84609K(175104K)] 520996K->448130K(699392K), 0.0079740 secs] [Times: user=0.09 sys=0.00, real=0.01 secs] 
2016-09-25T22:04:10.057-0400: 38.363: [GC (GCLocker Initiated GC) [PSYoungGen: 172673K->43982K(175104K)] 538925K->439004K(699392K), 0.0085068 secs] [Times: user=0.09 sys=0.00, real=0.01 secs] 
2016-09-25T22:04:10.129-0400: 38.435: [GC (GCLocker Initiated GC) [PSYoungGen: 132046K->45299K(175104K)] 539414K->484107K(699392K), 0.0236852 secs] [Times: user=0.25 sys=0.00, real=0.02 secs] 
2016-09-25T22:04:10.194-0400: 38.500: [GC (GCLocker Initiated GC) [PSYoungGen: 133363K->68239K(175104K)] 572287K->522387K(699392K), 0.0131285 secs] [Times: user=0.11 sys=0.00, real=0.01 secs] 
2016-09-25T22:04:10.265-0400: 38.571: [GC (GCLocker Initiated GC) [PSYoungGen: 156303K->62982K(175104K)] 615952K->541934K(699392K), 0.0107525 secs] [Times: user=0.15 sys=0.01, real=0.01 secs] 
2016-09-25T22:04:10.338-0400: 38.644: [GC (GCLocker Initiated GC) [PSYoungGen: 151046K->57615K(175104K)] 635433K->566736K(699392K), 0.0098120 secs] [Times: user=0.08 sys=0.00, real=0.01 secs] 
2016-09-25T22:04:10.348-0400: 38.654: [Full GC (Ergonomics) [PSYoungGen: 57615K->0K(175104K)] [ParOldGen: 509120K->190104K(524288K)] 566736K->190104K(699392K), [Metaspace: 43505K->43505K(1085440K)], 0.0722709 secs] [Times: user=0.40 sys=0.03, real=0.07 secs] 
2016-09-25T22:04:10.477-0400: 38.782: [GC (GCLocker Initiated GC) [PSYoungGen: 88064K->53672K(175104K)] 280917K->246525K(699392K), 0.0064893 secs] [Times: user=0.05 sys=0.00, real=0.01 secs] 
2016-09-25T22:04:10.531-0400: 38.837: [GC (GCLocker Initiated GC) [PSYoungGen: 141736K->57574K(175104K)] 337339K->259166K(699392K), 0.0062103 secs] [Times: user=0.07 sys=0.00, real=0.01 secs] 
2016-09-25T22:04:10.598-0400: 38.904: [GC (GCLocker Initiated GC) [PSYoungGen: 145638K->65688K(175104K)] 347465K->284157K(699392K), 0.0260049 secs] [Times: user=0.34 sys=0.00, real=0.03 secs] 
2016-09-25T22:04:10.688-0400: 38.994: [GC (GCLocker Initiated GC) [PSYoungGen: 153752K->59017K(173056K)] 377682K->283338K(697344K), 0.0072798 secs] [Times: user=0.06 sys=0.00, real=0.01 secs] 
2016-09-25T22:04:10.745-0400: 39.051: [GC (GCLocker Initiated GC) [PSYoungGen: 147081K->67074K(174080K)] 372884K->293328K(698368K), 0.0067407 secs] [Times: user=0.08 sys=0.00, real=0.00 secs] 
2016-09-25T22:04:10.792-0400: 39.098: [GC (GCLocker Initiated GC) [PSYoungGen: 155138K->72378K(173568K)] 381426K->309902K(697856K), 0.0147006 secs] [Times: user=0.19 sys=0.01, real=0.02 secs] 
2016-09-25T22:04:10.910-0400: 39.215: [GC (GCLocker Initiated GC) [PSYoungGen: 160442K->72383K(175104K)] 403455K->315751K(699392K), 0.0113570 secs] [Times: user=0.15 sys=0.00, real=0.01 secs] 
2016-09-25T22:04:10.967-0400: 39.272: [GC (GCLocker Initiated GC) [PSYoungGen: 160447K->72406K(175104K)] 403940K->331157K(699392K), 0.0101789 secs] [Times: user=0.14 sys=0.00, real=0.01 secs] 
2016-09-25T22:04:11.032-0400: 39.338: [GC (GCLocker Initiated GC) [PSYoungGen: 160470K->61636K(150016K)] 422086K->352005K(674304K), 0.0113973 secs] [Times: user=0.14 sys=0.00, real=0.02 secs] 
2016-09-25T22:04:11.119-0400: 39.425: [GC (GCLocker Initiated GC) [PSYoungGen: 149700K->59051K(175616K)] 446843K->374110K(699904K), 0.0146370 secs] [Times: user=0.13 sys=0.01, real=0.02 secs] 
2016-09-25T22:04:11.192-0400: 39.498: [GC (GCLocker Initiated GC) [PSYoungGen: 148139K->56243K(174592K)] 468744K->389463K(698880K), 0.0064064 secs] [Times: user=0.07 sys=0.00, real=0.01 secs] 
2016-09-25T22:04:11.247-0400: 39.553: [GC (GCLocker Initiated GC) [PSYoungGen: 145331K->65691K(175104K)] 481386K->415699K(699392K), 0.0133262 secs] [Times: user=0.20 sys=0.01, real=0.01 secs] 
2016-09-25T22:04:11.343-0400: 39.649: [GC (GCLocker Initiated GC) [PSYoungGen: 157339K->81890K(175104K)] 510204K->445990K(699392K), 0.0132963 secs] [Times: user=0.12 sys=0.00, real=0.01 secs] 
2016-09-25T22:04:11.424-0400: 39.730: [GC (GCLocker Initiated GC) [PSYoungGen: 173538K->49511K(175104K)] 539037K->442445K(699392K), 0.0111912 secs] [Times: user=0.14 sys=0.00, real=0.01 secs] 
2016-09-25T22:04:11.478-0400: 39.784: [GC (GCLocker Initiated GC) [PSYoungGen: 137575K->61675K(150016K)] 530589K->492912K(674304K), 0.0069753 secs] [Times: user=0.08 sys=0.00, real=0.01 secs] 
2016-09-25T22:04:11.549-0400: 39.854: [GC (GCLocker Initiated GC) [PSYoungGen: 149739K->65544K(176128K)] 583712K->499826K(700416K), 0.0209393 secs] [Times: user=0.15 sys=0.01, real=0.02 secs] 
2016-09-25T22:04:11.639-0400: 39.944: [GC (GCLocker Initiated GC) [PSYoungGen: 155144K->62961K(152576K)] 592182K->512580K(676864K), 0.0071751 secs] [Times: user=0.08 sys=0.01, real=0.01 secs] 
2016-09-25T22:04:11.701-0400: 40.007: [GC (GCLocker Initiated GC) [PSYoungGen: 152561K->46837K(172544K)] 607770K->521343K(696832K), 0.0069975 secs] [Times: user=0.06 sys=0.01, real=0.01 secs] 
2016-09-25T22:04:11.784-0400: 40.090: [GC (GCLocker Initiated GC) [PSYoungGen: 136437K->54727K(173568K)] 615239K->533937K(697856K), 0.0109167 secs] [Times: user=0.11 sys=0.00, real=0.01 secs] 
2016-09-25T22:04:11.863-0400: 40.169: [GC (GCLocker Initiated GC) [PSYoungGen: 144327K->56119K(174592K)] 623583K->546622K(698880K), 0.0072866 secs] [Times: user=0.06 sys=0.00, real=0.00 secs] 
2016-09-25T22:04:11.870-0400: 40.176: [Full GC (Ergonomics) [PSYoungGen: 56119K->0K(174592K)] [ParOldGen: 490502K->193877K(524288K)] 546622K->193877K(698880K), [Metaspace: 43518K->43518K(1085440K)], 0.0603997 secs] [Times: user=0.31 sys=0.01, real=0.06 secs] 
2016-09-25T22:04:12.004-0400: 40.310: [GC (GCLocker Initiated GC) [PSYoungGen: 94720K->42912K(176640K)] 296794K->244987K(700928K), 0.0113394 secs] [Times: user=0.07 sys=0.00, real=0.01 secs] 
2016-09-25T22:04:12.093-0400: 40.399: [GC (GCLocker Initiated GC) [PSYoungGen: 137632K->41218K(178176K)] 346617K->260363K(702464K), 0.0060132 secs] [Times: user=0.06 sys=0.00, real=0.01 secs] 
2016-09-25T22:04:12.160-0400: 40.466: [GC (GCLocker Initiated GC) [PSYoungGen: 136450K->42759K(178688K)] 370533K->277272K(702976K), 0.0057592 secs] [Times: user=0.06 sys=0.00, real=0.01 secs] 
2016-09-25T22:04:12.223-0400: 40.529: [GC (GCLocker Initiated GC) [PSYoungGen: 137991K->66984K(175616K)] 375450K->306238K(699904K), 0.0085088 secs] [Times: user=0.11 sys=0.01, real=0.00 secs] 
2016-09-25T22:04:12.284-0400: 40.590: [GC (GCLocker Initiated GC) [PSYoungGen: 159144K->72587K(164864K)] 407891K->321712K(689152K), 0.0058830 secs] [Times: user=0.09 sys=0.00, real=0.00 secs] 
2016-09-25T22:04:12.348-0400: 40.653: [GC (GCLocker Initiated GC) [PSYoungGen: 164747K->76487K(175104K)] 413950K->327541K(699392K), 0.0102405 secs] [Times: user=0.11 sys=0.00, real=0.01 secs] 
2016-09-25T22:04:12.420-0400: 40.726: [GC (GCLocker Initiated GC) [PSYoungGen: 164551K->65741K(175104K)] 427916K->334873K(699392K), 0.0087450 secs] [Times: user=0.09 sys=0.00, real=0.01 secs] 
2016-09-25T22:04:12.482-0400: 40.788: [GC (GCLocker Initiated GC) [PSYoungGen: 153805K->42545K(175104K)] 428488K->329784K(699392K), 0.0105430 secs] [Times: user=0.08 sys=0.00, real=0.00 secs] 
2016-09-25T22:04:12.557-0400: 40.863: [GC (GCLocker Initiated GC) [PSYoungGen: 130609K->37284K(175104K)] 426272K->349482K(699392K), 0.0143026 secs] [Times: user=0.19 sys=0.00, real=0.01 secs] 
2016-09-25T22:04:12.619-0400: 40.925: [GC (GCLocker Initiated GC) [PSYoungGen: 125348K->61441K(175104K)] 443061K->379579K(699392K), 0.0070162 secs] [Times: user=0.06 sys=0.01, real=0.01 secs] 
2016-09-25T22:04:12.698-0400: 41.004: [GC (GCLocker Initiated GC) [PSYoungGen: 149505K->46763K(175104K)] 474023K->387825K(699392K), 0.0065915 secs] [Times: user=0.08 sys=0.00, real=0.01 secs] 
2016-09-25T22:04:12.762-0400: 41.068: [GC (GCLocker Initiated GC) [PSYoungGen: 134827K->42482K(175104K)] 486790K->401522K(699392K), 0.0182416 secs] [Times: user=0.16 sys=0.00, real=0.01 secs] 
2016-09-25T22:04:12.840-0400: 41.146: [GC (GCLocker Initiated GC) [PSYoungGen: 130546K->55992K(144384K)] 489602K->416718K(668672K), 0.0120578 secs] [Times: user=0.14 sys=0.00, real=0.01 secs] 
2016-09-25T22:04:12.910-0400: 41.216: [GC (GCLocker Initiated GC) [PSYoungGen: 144056K->65714K(171520K)] 504853K->428199K(695808K), 0.0093363 secs] [Times: user=0.08 sys=0.00, real=0.01 secs] 
2016-09-25T22:04:12.980-0400: 41.286: [GC (GCLocker Initiated GC) [PSYoungGen: 152754K->52118K(172544K)] 518058K->425892K(696832K), 0.0085644 secs] [Times: user=0.07 sys=0.01, real=0.01 secs] 
2016-09-25T22:04:15.715-0400: 44.020: [GC (GCLocker Initiated GC) [PSYoungGen: 139158K->37389K(175616K)] 519722K->429123K(699904K), 0.0177725 secs] [Times: user=0.15 sys=0.02, real=0.01 secs] 
2016-09-25T22:04:15.824-0400: 44.129: [GC (GCLocker Initiated GC) [PSYoungGen: 129549K->58969K(175616K)] 526932K->459751K(699904K), 0.0251924 secs] [Times: user=0.19 sys=0.01, real=0.02 secs] 
2016-09-25T22:04:17.139-0400: 45.445: [GC (GCLocker Initiated GC) [PSYoungGen: 151129K->31089K(176128K)] 563421K->443923K(700416K), 0.0280143 secs] [Times: user=0.28 sys=0.01, real=0.03 secs] 
2016-09-25T22:04:17.236-0400: 45.542: [GC (GCLocker Initiated GC) [PSYoungGen: 124785K->37159K(177664K)] 543168K->457681K(701952K), 0.0250865 secs] [Times: user=0.21 sys=0.03, real=0.02 secs] 
2016-09-25T22:04:17.342-0400: 45.648: [GC (GCLocker Initiated GC) [PSYoungGen: 130855K->36103K(176640K)] 559531K->481408K(700928K), 0.0266160 secs] [Times: user=0.24 sys=0.03, real=0.03 secs] 
2016-09-25T22:04:17.458-0400: 45.763: [GC (GCLocker Initiated GC) [PSYoungGen: 131335K->57673K(177664K)] 582106K->509079K(701952K), 0.0237358 secs] [Times: user=0.26 sys=0.02, real=0.02 secs] 
2016-09-25T22:04:17.549-0400: 45.855: [GC (GCLocker Initiated GC) [PSYoungGen: 152905K->34629K(177664K)] 606088K->507372K(701952K), 0.0087224 secs] [Times: user=0.06 sys=0.01, real=0.01 secs] 
2016-09-25T22:04:17.627-0400: 45.933: [GC (GCLocker Initiated GC) [PSYoungGen: 131909K->60668K(178688K)] 616940K->546386K(702976K), 0.0075785 secs] [Times: user=0.10 sys=0.01, real=0.01 secs] 
2016-09-25T22:04:17.703-0400: 46.009: [GC (GCLocker Initiated GC) [PSYoungGen: 157948K->57835K(179712K)] 646551K->555271K(704000K), 0.0133164 secs] [Times: user=0.18 sys=0.01, real=0.01 secs] 
2016-09-25T22:04:17.780-0400: 46.086: [Full GC (Ergonomics) [PSYoungGen: 154603K->0K(179712K)] [ParOldGen: 501631K->201562K(524288K)] 656235K->201562K(704000K), [Metaspace: 43547K->43547K(1085440K)], 0.0714433 secs] [Times: user=0.33 sys=0.04, real=0.07 secs] 
2016-09-25T22:04:17.925-0400: 46.231: [GC (GCLocker Initiated GC) [PSYoungGen: 96768K->73395K(170496K)] 299812K->276439K(694784K), 0.0060746 secs] [Times: user=0.08 sys=0.01, real=0.00 secs] 
2016-09-25T22:04:18.006-0400: 46.312: [GC (GCLocker Initiated GC) [PSYoungGen: 170163K->57941K(175616K)] 375990K->284057K(699904K), 0.0070181 secs] [Times: user=0.08 sys=0.01, real=0.00 secs] 
2016-09-25T22:04:18.072-0400: 46.378: [GC (GCLocker Initiated GC) [PSYoungGen: 146517K->67228K(175104K)] 372778K->311776K(699392K), 0.0069149 secs] [Times: user=0.09 sys=0.00, real=0.01 secs] 
2016-09-25T22:04:18.138-0400: 46.444: [GC (GCLocker Initiated GC) [PSYoungGen: 155804K->45773K(175104K)] 403661K->294220K(699392K), 0.0066139 secs] [Times: user=0.06 sys=0.01, real=0.01 secs] 
2016-09-25T22:04:18.214-0400: 46.520: [GC (GCLocker Initiated GC) [PSYoungGen: 134349K->69963K(175104K)] 386915K->323346K(699392K), 0.0071730 secs] [Times: user=0.07 sys=0.01, real=0.00 secs] 
2016-09-25T22:04:18.281-0400: 46.586: [GC (GCLocker Initiated GC) [PSYoungGen: 158539K->66145K(175104K)] 417435K->352690K(699392K), 0.0116757 secs] [Times: user=0.16 sys=0.00, real=0.01 secs] 
2016-09-25T22:04:18.360-0400: 46.666: [GC (GCLocker Initiated GC) [PSYoungGen: 154209K->51061K(175104K)] 446308K->358775K(699392K), 0.0098402 secs] [Times: user=0.15 sys=0.00, real=0.01 secs] 
2016-09-25T22:04:18.425-0400: 46.730: [GC (GCLocker Initiated GC) [PSYoungGen: 139125K->57842K(171008K)] 449725K->392040K(695296K), 0.0067019 secs] [Times: user=0.10 sys=0.00, real=0.00 secs] 
2016-09-25T22:04:18.492-0400: 46.798: [GC (GCLocker Initiated GC) [PSYoungGen: 145906K->52511K(173056K)] 489624K->418491K(697344K), 0.0081948 secs] [Times: user=0.11 sys=0.00, real=0.01 secs] 
2016-09-25T22:04:18.571-0400: 46.877: [GC (GCLocker Initiated GC) [PSYoungGen: 140575K->51256K(173056K)] 509294K->442331K(697344K), 0.0123943 secs] [Times: user=0.14 sys=0.01, real=0.02 secs] 
2016-09-25T22:04:18.694-0400: 47.000: [GC (GCLocker Initiated GC) [PSYoungGen: 145464K->44282K(175104K)] 539279K->452414K(699392K), 0.0507858 secs] [Times: user=0.33 sys=0.05, real=0.05 secs] 
2016-09-25T22:04:18.860-0400: 47.166: [GC (GCLocker Initiated GC) [PSYoungGen: 138490K->75428K(171520K)] 546689K->484356K(695808K), 0.0683476 secs] [Times: user=1.27 sys=0.07, real=0.07 secs] 
2016-09-25T22:04:19.005-0400: 47.310: [GC (GCLocker Initiated GC) [PSYoungGen: 166564K->57941K(176640K)] 580922K->497345K(700928K), 0.0108570 secs] [Times: user=0.17 sys=0.02, real=0.01 secs] 
2016-09-25T22:04:19.115-0400: 47.421: [GC (GCLocker Initiated GC) [PSYoungGen: 149077K->66105K(176128K)] 594037K->514510K(700416K), 0.0117512 secs] [Times: user=0.15 sys=0.01, real=0.01 secs] 
2016-09-25T22:04:19.218-0400: 47.524: [GC (GCLocker Initiated GC) [PSYoungGen: 159801K->56335K(150528K)] 608280K->510911K(674816K), 0.0085975 secs] [Times: user=0.12 sys=0.00, real=0.01 secs] 
2016-09-25T22:04:19.354-0400: 47.660: [GC (GCLocker Initiated GC) [PSYoungGen: 150031K->56303K(179200K)] 608907K->515884K(703488K), 0.0849482 secs] [Times: user=0.14 sys=0.09, real=0.09 secs] 
2016-09-25T22:04:19.597-0400: 47.903: [GC (GCLocker Initiated GC) [PSYoungGen: 154095K->66041K(177152K)] 620545K->533252K(701440K), 0.0216680 secs] [Times: user=0.30 sys=0.02, real=0.02 secs] 
2016-09-25T22:04:19.693-0400: 47.999: [GC (GCLocker Initiated GC) [PSYoungGen: 163833K->50936K(181760K)] 633786K->545902K(706048K), 0.0257647 secs] [Times: user=0.25 sys=0.02, real=0.03 secs] 
2016-09-25T22:04:19.719-0400: 48.025: [Full GC (Ergonomics) [PSYoungGen: 50936K->0K(181760K)] [ParOldGen: 494965K->215729K(524288K)] 545902K->215729K(706048K), [Metaspace: 43553K->43553K(1085440K)], 0.0824996 secs] [Times: user=0.72 sys=0.10, real=0.08 secs] 
2016-09-25T22:04:19.907-0400: 48.213: [GC (GCLocker Initiated GC) [PSYoungGen: 102400K->73247K(176128K)] 323615K->294462K(700416K), 0.0068077 secs] [Times: user=0.09 sys=0.01, real=0.01 secs] 
2016-09-25T22:04:20.020-0400: 48.326: [GC (GCLocker Initiated GC) [PSYoungGen: 175647K->72627K(173056K)] 396967K->306020K(697344K), 0.0070786 secs] [Times: user=0.10 sys=0.01, real=0.01 secs] 
2016-09-25T22:04:20.100-0400: 48.406: [GC (GCLocker Initiated GC) [PSYoungGen: 162739K->37663K(128000K)] 405670K->310899K(652288K), 0.0085488 secs] [Times: user=0.13 sys=0.01, real=0.01 secs] 
2016-09-25T22:04:20.221-0400: 48.527: [GC (GCLocker Initiated GC) [PSYoungGen: 127775K->44273K(175616K)] 417271K->334366K(699904K), 0.0100408 secs] [Times: user=0.12 sys=0.02, real=0.01 secs] 
2016-09-25T22:04:20.326-0400: 48.632: [GC (GCLocker Initiated GC) [PSYoungGen: 132849K->37469K(175104K)] 438066K->343303K(699392K), 0.0064740 secs] [Times: user=0.09 sys=0.01, real=0.00 secs] 
2016-09-25T22:04:20.410-0400: 48.716: [GC (GCLocker Initiated GC) [PSYoungGen: 126045K->39944K(174080K)] 444694K->367179K(698368K), 0.0087873 secs] [Times: user=0.09 sys=0.03, real=0.01 secs] 
2016-09-25T22:04:20.495-0400: 48.801: [GC (GCLocker Initiated GC) [PSYoungGen: 128520K->64370K(174592K)] 455872K->411152K(698880K), 0.0120301 secs] [Times: user=0.17 sys=0.03, real=0.01 secs] 
2016-09-25T22:04:20.566-0400: 48.872: [GC (GCLocker Initiated GC) [PSYoungGen: 152946K->62995K(175104K)] 499815K->430546K(699392K), 0.0208996 secs] [Times: user=0.24 sys=0.10, real=0.02 secs] 
2016-09-25T22:04:20.671-0400: 48.977: [GC (GCLocker Initiated GC) [PSYoungGen: 151059K->45431K(133632K)] 528096K->424305K(657920K), 0.0102514 secs] [Times: user=0.15 sys=0.01, real=0.01 secs] 
2016-09-25T22:04:20.739-0400: 49.045: [GC (GCLocker Initiated GC) [PSYoungGen: 133495K->41128K(174592K)] 517810K->434064K(698880K), 0.0114685 secs] [Times: user=0.13 sys=0.02, real=0.01 secs] 
2016-09-25T22:04:20.813-0400: 49.119: [GC (GCLocker Initiated GC) [PSYoungGen: 130216K->45431K(173568K)] 528584K->463128K(697856K), 0.0154824 secs] [Times: user=0.20 sys=0.03, real=0.02 secs] 
2016-09-25T22:04:20.886-0400: 49.192: [GC (GCLocker Initiated GC) [PSYoungGen: 134519K->69733K(172032K)] 552302K->488037K(696320K), 0.0097150 secs] [Times: user=0.13 sys=0.00, real=0.01 secs] 
2016-09-25T22:04:21.358-0400: 49.664: [GC (GCLocker Initiated GC) [PSYoungGen: 158821K->33315K(175104K)] 594678K->477731K(699392K), 0.0108410 secs] [Times: user=0.08 sys=0.01, real=0.01 secs] 
2016-09-25T22:04:21.439-0400: 49.745: [GC (GCLocker Initiated GC) [PSYoungGen: 122403K->45279K(172544K)] 571033K->494441K(696832K), 0.0069785 secs] [Times: user=0.05 sys=0.00, real=0.01 secs] 
2016-09-25T22:04:21.508-0400: 49.814: [GC (GCLocker Initiated GC) [PSYoungGen: 134879K->48109K(174080K)] 593614K->507245K(698368K), 0.0195531 secs] [Times: user=0.18 sys=0.01, real=0.02 secs] 
2016-09-25T22:04:21.591-0400: 49.897: [GC (GCLocker Initiated GC) [PSYoungGen: 137709K->49363K(174080K)] 596862K->509000K(698368K), 0.0149592 secs] [Times: user=0.15 sys=0.00, real=0.02 secs] 
2016-09-25T22:04:21.679-0400: 49.985: [GC (GCLocker Initiated GC) [PSYoungGen: 145619K->53575K(175104K)] 608100K->516467K(699392K), 0.0199022 secs] [Times: user=0.21 sys=0.00, real=0.02 secs] 
2016-09-25T22:04:21.760-0400: 50.066: [GC (GCLocker Initiated GC) [PSYoungGen: 149831K->60296K(181248K)] 615501K->529182K(705536K), 0.0096474 secs] [Times: user=0.10 sys=0.00, real=0.01 secs] 
2016-09-25T22:04:21.831-0400: 50.137: [GC (GCLocker Initiated GC) [PSYoungGen: 164744K->59077K(182272K)] 635064K->546165K(706560K), 0.0099004 secs] [Times: user=0.12 sys=0.00, real=0.01 secs] 
2016-09-25T22:04:21.914-0400: 50.220: [GC (GCLocker Initiated GC) [PSYoungGen: 163525K->56285K(182272K)] 657028K->561175K(706560K), 0.0107798 secs] [Times: user=0.09 sys=0.00, real=0.01 secs] 
2016-09-25T22:04:21.925-0400: 50.231: [Full GC (Ergonomics) [PSYoungGen: 56285K->0K(182272K)] [ParOldGen: 504890K->223618K(524288K)] 561175K->223618K(706560K), [Metaspace: 43555K->43555K(1085440K)], 0.0687079 secs] [Times: user=0.49 sys=0.00, real=0.07 secs] 
2016-09-25T22:04:22.061-0400: 50.367: [GC (GCLocker Initiated GC) [PSYoungGen: 106496K->63647K(183296K)] 334297K->291449K(707584K), 0.0098070 secs] [Times: user=0.15 sys=0.00, real=0.01 secs] 
2016-09-25T22:04:22.141-0400: 50.447: [GC (GCLocker Initiated GC) [PSYoungGen: 170143K->63273K(181760K)] 407499K->308430K(706048K), 0.0063170 secs] [Times: user=0.07 sys=0.01, real=0.01 secs] 
2016-09-25T22:04:22.213-0400: 50.518: [GC (GCLocker Initiated GC) [PSYoungGen: 166697K->56136K(159744K)] 414559K->309995K(684032K), 0.0076966 secs] [Times: user=0.06 sys=0.00, real=0.01 secs] 
2016-09-25T22:04:22.292-0400: 50.598: [GC (GCLocker Initiated GC) [PSYoungGen: 159560K->61642K(181760K)] 413537K->320192K(706048K), 0.0094911 secs] [Times: user=0.09 sys=0.00, real=0.01 secs] 
2016-09-25T22:04:22.373-0400: 50.679: [GC (GCLocker Initiated GC) [PSYoungGen: 166090K->76901K(181760K)] 427378K->371145K(706048K), 0.0157823 secs] [Times: user=0.21 sys=0.00, real=0.02 secs] 
2016-09-25T22:04:22.458-0400: 50.763: [GC (GCLocker Initiated GC) [PSYoungGen: 181349K->75467K(168448K)] 478379K->375938K(692736K), 0.0098666 secs] [Times: user=0.10 sys=0.01, real=0.01 secs] 
2016-09-25T22:04:22.532-0400: 50.838: [GC (GCLocker Initiated GC) [PSYoungGen: 163531K->50810K(175104K)] 464086K->364156K(699392K), 0.0097246 secs] [Times: user=0.08 sys=0.00, real=0.02 secs] 
2016-09-25T22:04:22.605-0400: 50.911: [GC (GCLocker Initiated GC) [PSYoungGen: 138874K->57709K(168960K)] 453858K->373209K(693248K), 0.0067772 secs] [Times: user=0.08 sys=0.00, real=0.00 secs] 
2016-09-25T22:04:22.674-0400: 50.980: [GC (GCLocker Initiated GC) [PSYoungGen: 146797K->45589K(172544K)] 465452K->394455K(696832K), 0.0093829 secs] [Times: user=0.10 sys=0.01, real=0.02 secs] 
2016-09-25T22:04:22.754-0400: 51.059: [GC (GCLocker Initiated GC) [PSYoungGen: 134677K->50893K(175616K)] 491677K->409775K(699904K), 0.0113143 secs] [Times: user=0.14 sys=0.01, real=0.02 secs] 
2016-09-25T22:04:22.832-0400: 51.138: [GC (GCLocker Initiated GC) [PSYoungGen: 146125K->41737K(177152K)] 520041K->435104K(701440K), 0.0088441 secs] [Times: user=0.12 sys=0.00, real=0.01 secs] 
2016-09-25T22:04:22.924-0400: 51.229: [GC (GCLocker Initiated GC) [PSYoungGen: 136969K->59077K(177152K)] 534553K->457401K(701440K), 0.0255611 secs] [Times: user=0.32 sys=0.01, real=0.02 secs] 
2016-09-25T22:04:23.015-0400: 51.321: [GC (GCLocker Initiated GC) [PSYoungGen: 157381K->49709K(178688K)] 567868K->466216K(702976K), 0.0135931 secs] [Times: user=0.17 sys=0.00, real=0.01 secs] 
2016-09-25T22:04:23.097-0400: 51.403: [GC (GCLocker Initiated GC) [PSYoungGen: 148013K->55029K(176128K)] 570140K->477808K(700416K), 0.0235174 secs] [Times: user=0.24 sys=0.00, real=0.02 secs] 
2016-09-25T22:04:23.187-0400: 51.493: [GC (GCLocker Initiated GC) [PSYoungGen: 157429K->64397K(179200K)] 580372K->488017K(703488K), 0.0095195 secs] [Times: user=0.07 sys=0.00, real=0.01 secs] 
2016-09-25T22:04:23.260-0400: 51.566: [GC (GCLocker Initiated GC) [PSYoungGen: 166797K->63239K(182784K)] 590561K->495754K(707072K), 0.0145395 secs] [Times: user=0.15 sys=0.01, real=0.02 secs] 
2016-09-25T22:04:23.353-0400: 51.658: [GC (GCLocker Initiated GC) [PSYoungGen: 167687K->68722K(173568K)] 603010K->520896K(697856K), 0.0073087 secs] [Times: user=0.08 sys=0.00, real=0.01 secs] 
2016-09-25T22:04:23.432-0400: 51.738: [GC (GCLocker Initiated GC) [PSYoungGen: 173170K->68671K(178176K)] 625398K->532449K(702464K), 0.0067275 secs] [Times: user=0.07 sys=0.00, real=0.01 secs] 
2016-09-25T22:04:23.508-0400: 51.814: [GC (GCLocker Initiated GC) [PSYoungGen: 165951K->27999K(125440K)] 639228K->519452K(649728K), 0.0140094 secs] [Times: user=0.13 sys=0.00, real=0.02 secs] 
2016-09-25T22:04:23.580-0400: 51.886: [Full GC (Ergonomics) [PSYoungGen: 125279K->0K(125440K)] [ParOldGen: 494243K->235993K(524288K)] 619522K->235993K(649728K), [Metaspace: 43555K->43555K(1085440K)], 0.0635570 secs] [Times: user=0.30 sys=0.00, real=0.07 secs] 
2016-09-25T22:04:23.709-0400: 52.015: [GC (GCLocker Initiated GC) [PSYoungGen: 97280K->71980K(173568K)] 336018K->310718K(697856K), 0.0056561 secs] [Times: user=0.07 sys=0.00, real=0.01 secs] 
2016-09-25T22:04:23.782-0400: 52.088: [GC (GCLocker Initiated GC) [PSYoungGen: 160044K->34896K(175104K)] 412396K->308790K(699392K), 0.0135240 secs] [Times: user=0.18 sys=0.00, real=0.01 secs] 
2016-09-25T22:04:23.852-0400: 52.158: [GC (GCLocker Initiated GC) [PSYoungGen: 122960K->68493K(175104K)] 405142K->351454K(699392K), 0.0100780 secs] [Times: user=0.12 sys=0.00, real=0.02 secs] 
2016-09-25T22:04:23.919-0400: 52.225: [GC (GCLocker Initiated GC) [PSYoungGen: 156557K->45562K(175104K)] 454572K->352207K(699392K), 0.0081323 secs] [Times: user=0.08 sys=0.00, real=0.01 secs] 
2016-09-25T22:04:23.995-0400: 52.301: [GC (GCLocker Initiated GC) [PSYoungGen: 133626K->38537K(175104K)] 448415K->356626K(699392K), 0.0069038 secs] [Times: user=0.06 sys=0.00, real=0.01 secs] 
2016-09-25T22:04:24.068-0400: 52.374: [GC (GCLocker Initiated GC) [PSYoungGen: 126601K->60720K(175104K)] 451477K->386141K(699392K), 0.0059137 secs] [Times: user=0.06 sys=0.00, real=0.00 secs] 
2016-09-25T22:04:24.140-0400: 52.446: [GC (GCLocker Initiated GC) [PSYoungGen: 148784K->59012K(174080K)] 477098K->405700K(698368K), 0.0081130 secs] [Times: user=0.07 sys=0.00, real=0.01 secs] 
2016-09-25T22:04:24.213-0400: 52.519: [GC (GCLocker Initiated GC) [PSYoungGen: 147076K->60413K(174592K)] 497899K->413124K(698880K), 0.0249717 secs] [Times: user=0.32 sys=0.00, real=0.03 secs] 
2016-09-25T22:04:24.294-0400: 52.600: [GC (GCLocker Initiated GC) [PSYoungGen: 148477K->48327K(173568K)] 508005K->434174K(697856K), 0.0062164 secs] [Times: user=0.08 sys=0.00, real=0.00 secs] 
2016-09-25T22:04:24.351-0400: 52.657: [GC (GCLocker Initiated GC) [PSYoungGen: 138951K->56376K(174080K)] 527539K->469925K(698368K), 0.0097070 secs] [Times: user=0.11 sys=0.00, real=0.01 secs] 
2016-09-25T22:04:24.422-0400: 52.728: [GC (GCLocker Initiated GC) [PSYoungGen: 147000K->60413K(177664K)] 560713K->480072K(701952K), 0.0091181 secs] [Times: user=0.09 sys=0.00, real=0.01 secs] 
2016-09-25T22:04:24.500-0400: 52.806: [GC (GCLocker Initiated GC) [PSYoungGen: 156669K->40191K(177152K)] 576532K->483641K(701440K), 0.0064905 secs] [Times: user=0.07 sys=0.01, real=0.01 secs] 
2016-09-25T22:04:24.562-0400: 52.868: [GC (GCLocker Initiated GC) [PSYoungGen: 136447K->57825K(178688K)] 579934K->501945K(702976K), 0.0135729 secs] [Times: user=0.16 sys=0.01, real=0.02 secs] 
2016-09-25T22:04:24.630-0400: 52.935: [GC (GCLocker Initiated GC) [PSYoungGen: 158177K->42918K(179712K)] 606400K->497250K(704000K), 0.0086441 secs] [Times: user=0.09 sys=0.00, real=0.01 secs] 
2016-09-25T22:04:24.726-0400: 53.032: [GC (GCLocker Initiated GC) [PSYoungGen: 143270K->50960K(178176K)] 597608K->512836K(702464K), 0.0101823 secs] [Times: user=0.07 sys=0.01, real=0.01 secs] 
2016-09-25T22:04:24.810-0400: 53.115: [GC (GCLocker Initiated GC) [PSYoungGen: 154896K->44260K(180736K)] 618219K->508129K(705024K), 0.0076145 secs] [Times: user=0.08 sys=0.00, real=0.01 secs] 
2016-09-25T22:04:24.875-0400: 53.181: [GC (GCLocker Initiated GC) [PSYoungGen: 148196K->64635K(181248K)] 620229K->537240K(705536K), 0.0105489 secs] [Times: user=0.13 sys=0.01, real=0.01 secs] 
2016-09-25T22:04:24.992-0400: 53.298: [GC (GCLocker Initiated GC) [PSYoungGen: 170107K->57747K(183808K)] 645456K->549962K(708096K), 0.0111534 secs] [Times: user=0.16 sys=0.01, real=0.02 secs] 
2016-09-25T22:04:25.003-0400: 53.309: [Full GC (Ergonomics) [PSYoungGen: 57747K->0K(183808K)] [ParOldGen: 492214K->215581K(524288K)] 549962K->215581K(708096K), [Metaspace: 43563K->43563K(1085440K)], 0.1993070 secs] [Times: user=2.87 sys=0.02, real=0.20 secs] 
2016-09-25T22:04:25.265-0400: 53.571: [GC (GCLocker Initiated GC) [PSYoungGen: 105472K->53125K(178688K)] 331945K->279598K(702976K), 0.0130276 secs] [Times: user=0.13 sys=0.00, real=0.01 secs] 
2016-09-25T22:04:25.372-0400: 53.678: [GC (GCLocker Initiated GC) [PSYoungGen: 159621K->59151K(181760K)] 388872K->293806K(706048K), 0.0135217 secs] [Times: user=0.09 sys=0.02, real=0.02 secs] 
2016-09-25T22:04:25.446-0400: 53.752: [GC (GCLocker Initiated GC) [PSYoungGen: 165647K->55170K(182784K)] 405891K->312220K(707072K), 0.0074086 secs] [Times: user=0.06 sys=0.00, real=0.00 secs] 
2016-09-25T22:04:25.527-0400: 53.832: [GC (GCLocker Initiated GC) [PSYoungGen: 166786K->72685K(184320K)] 429294K->343922K(708608K), 0.0138123 secs] [Times: user=0.11 sys=0.02, real=0.01 secs] 
2016-09-25T22:04:25.629-0400: 53.935: [GC (GCLocker Initiated GC) [PSYoungGen: 184301K->67154K(180224K)] 455657K->341832K(704512K), 0.0171767 secs] [Times: user=0.25 sys=0.00, real=0.02 secs] 
2016-09-25T22:04:25.716-0400: 54.022: [GC (GCLocker Initiated GC) [PSYoungGen: 169554K->41523K(144384K)] 448490K->337247K(668672K), 0.0130372 secs] [Times: user=0.15 sys=0.02, real=0.01 secs] 
2016-09-25T22:04:25.816-0400: 54.122: [GC (GCLocker Initiated GC) [PSYoungGen: 143923K->55092K(183808K)] 451938K->363722K(708096K), 0.0133231 secs] [Times: user=0.17 sys=0.01, real=0.01 secs] 
2016-09-25T22:04:25.884-0400: 54.190: [GC (GCLocker Initiated GC) [PSYoungGen: 158516K->65887K(181760K)] 469920K->394134K(706048K), 0.0067787 secs] [Times: user=0.09 sys=0.00, real=0.00 secs] 
2016-09-25T22:04:25.968-0400: 54.274: [GC (GCLocker Initiated GC) [PSYoungGen: 169311K->63193K(182272K)] 497594K->408194K(706560K), 0.0109060 secs] [Times: user=0.13 sys=0.00, real=0.01 secs] 
2016-09-25T22:04:26.051-0400: 54.357: [GC (GCLocker Initiated GC) [PSYoungGen: 165593K->69906K(172544K)] 513334K->437192K(696832K), 0.0066949 secs] [Times: user=0.09 sys=0.01, real=0.01 secs] 
2016-09-25T22:04:26.113-0400: 54.419: [GC (GCLocker Initiated GC) [PSYoungGen: 172306K->76758K(171520K)] 545099K->458211K(695808K), 0.0069072 secs] [Times: user=0.11 sys=0.00, real=0.01 secs] 
2016-09-25T22:04:26.174-0400: 54.480: [GC (GCLocker Initiated GC) [PSYoungGen: 165846K->80809K(169984K)] 550035K->484528K(694272K), 0.0069391 secs] [Times: user=0.08 sys=0.01, real=0.00 secs] 
2016-09-25T22:04:26.242-0400: 54.547: [GC (GCLocker Initiated GC) [PSYoungGen: 169897K->75207K(175104K)] 573664K->494377K(699392K), 0.0087054 secs] [Times: user=0.12 sys=0.00, real=0.01 secs] 
2016-09-25T22:04:26.300-0400: 54.606: [GC (GCLocker Initiated GC) [PSYoungGen: 163271K->65922K(175104K)] 587946K->526222K(699392K), 0.0134024 secs] [Times: user=0.20 sys=0.00, real=0.01 secs] 
2016-09-25T22:04:26.381-0400: 54.687: [GC (GCLocker Initiated GC) [PSYoungGen: 153986K->67107K(175104K)] 614376K->529425K(699392K), 0.0065071 secs] [Times: user=0.08 sys=0.00, real=0.01 secs] 
2016-09-25T22:04:26.441-0400: 54.747: [GC (GCLocker Initiated GC) [PSYoungGen: 155171K->60395K(175104K)] 622989K->553006K(699392K), 0.0092002 secs] [Times: user=0.12 sys=0.00, real=0.01 secs] 
2016-09-25T22:04:26.450-0400: 54.756: [Full GC (Ergonomics) [PSYoungGen: 60395K->0K(175104K)] [ParOldGen: 492610K->226491K(524288K)] 553006K->226491K(699392K), [Metaspace: 43563K->43563K(1085440K)], 0.0612562 secs] [Times: user=0.48 sys=0.01, real=0.06 secs] 
2016-09-25T22:04:26.574-0400: 54.880: [GC (GCLocker Initiated GC) [PSYoungGen: 88064K->66435K(174080K)] 321407K->299778K(698368K), 0.0079705 secs] [Times: user=0.08 sys=0.01, real=0.01 secs] 
2016-09-25T22:04:26.646-0400: 54.952: [GC (GCLocker Initiated GC) [PSYoungGen: 154499K->69846K(174592K)] 394643K->327384K(698880K), 0.0107274 secs] [Times: user=0.10 sys=0.00, real=0.01 secs] 
2016-09-25T22:04:26.721-0400: 55.027: [GC (GCLocker Initiated GC) [PSYoungGen: 157910K->34618K(174592K)] 423612K->319751K(698880K), 0.0099114 secs] [Times: user=0.09 sys=0.01, real=0.01 secs] 
2016-09-25T22:04:26.789-0400: 55.095: [GC (GCLocker Initiated GC) [PSYoungGen: 122682K->34746K(175104K)] 414621K->340740K(699392K), 0.0088955 secs] [Times: user=0.06 sys=0.00, real=0.01 secs] 
2016-09-25T22:04:26.856-0400: 55.162: [GC (GCLocker Initiated GC) [PSYoungGen: 122810K->53384K(175104K)] 428909K->360006K(699392K), 0.0110643 secs] [Times: user=0.09 sys=0.00, real=0.01 secs] 
2016-09-25T22:04:26.916-0400: 55.222: [GC (GCLocker Initiated GC) [PSYoungGen: 141448K->60332K(148480K)] 448148K->381001K(672768K), 0.0129420 secs] [Times: user=0.14 sys=0.00, real=0.01 secs] 
2016-09-25T22:04:26.980-0400: 55.286: [GC (GCLocker Initiated GC) [PSYoungGen: 148396K->68426K(174080K)] 469079K->392365K(698368K), 0.0098970 secs] [Times: user=0.12 sys=0.01, real=0.01 secs] 
2016-09-25T22:04:27.046-0400: 55.351: [GC (GCLocker Initiated GC) [PSYoungGen: 155978K->57600K(145408K)] 480059K->383501K(669696K), 0.0167370 secs] [Times: user=0.21 sys=0.01, real=0.02 secs] 
2016-09-25T22:04:27.124-0400: 55.430: [GC (GCLocker Initiated GC) [PSYoungGen: 145152K->68528K(172544K)] 475284K->399176K(696832K), 0.0088839 secs] [Times: user=0.12 sys=0.01, real=0.00 secs] 
2016-09-25T22:04:27.191-0400: 55.497: [GC (GCLocker Initiated GC) [PSYoungGen: 156080K->57658K(173568K)] 492163K->410488K(697856K), 0.0065545 secs] [Times: user=0.07 sys=0.01, real=0.01 secs] 
2016-09-25T22:04:27.251-0400: 55.557: [GC (GCLocker Initiated GC) [PSYoungGen: 145210K->49660K(175616K)] 500801K->431411K(699904K), 0.0086332 secs] [Times: user=0.13 sys=0.01, real=0.01 secs] 
2016-09-25T22:04:27.322-0400: 55.628: [GC (GCLocker Initiated GC) [PSYoungGen: 141308K->56473K(175104K)] 527172K->444242K(699392K), 0.0089146 secs] [Times: user=0.12 sys=0.00, real=0.00 secs] 
2016-09-25T22:04:27.394-0400: 55.700: [GC (GCLocker Initiated GC) [PSYoungGen: 148121K->50796K(177152K)] 542695K->459416K(701440K), 0.0062450 secs] [Times: user=0.06 sys=0.00, real=0.00 secs] 
2016-09-25T22:04:27.470-0400: 55.776: [GC (GCLocker Initiated GC) [PSYoungGen: 146540K->49817K(176128K)] 563282K->483293K(700416K), 0.0102239 secs] [Times: user=0.13 sys=0.00, real=0.01 secs] 
2016-09-25T22:04:27.545-0400: 55.851: [GC (GCLocker Initiated GC) [PSYoungGen: 145561K->64517K(179200K)] 581806K->513573K(703488K), 0.0085770 secs] [Times: user=0.10 sys=0.00, real=0.01 secs] 
2016-09-25T22:04:27.636-0400: 55.942: [GC (GCLocker Initiated GC) [PSYoungGen: 164357K->38986K(179712K)] 627140K->522574K(704000K), 0.0067367 secs] [Times: user=0.07 sys=0.01, real=0.01 secs] 
2016-09-25T22:04:27.709-0400: 56.015: [GC (GCLocker Initiated GC) [PSYoungGen: 138826K->69940K(175104K)] 622446K->555595K(699392K), 0.0073875 secs] [Times: user=0.08 sys=0.00, real=0.01 secs] 
2016-09-25T22:04:27.782-0400: 56.088: [Full GC (Ergonomics) [PSYoungGen: 164148K->0K(175104K)] [ParOldGen: 491079K->235122K(524288K)] 655228K->235122K(699392K), [Metaspace: 43574K->43574K(1085440K)], 0.0659250 secs] [Times: user=0.51 sys=0.02, real=0.07 secs] 
2016-09-25T22:04:27.916-0400: 56.222: [GC (GCLocker Initiated GC) [PSYoungGen: 94208K->62520K(178176K)] 338811K->307123K(702464K), 0.0098134 secs] [Times: user=0.16 sys=0.00, real=0.01 secs] 
2016-09-25T22:04:27.996-0400: 56.302: [GC (GCLocker Initiated GC) [PSYoungGen: 156728K->52616K(174080K)] 418249K->319493K(698368K), 0.0109266 secs] [Times: user=0.12 sys=0.00, real=0.01 secs] 
2016-09-25T22:04:28.073-0400: 56.379: [GC (GCLocker Initiated GC) [PSYoungGen: 147848K->61815K(176640K)] 423028K->339116K(700928K), 0.0082440 secs] [Times: user=0.11 sys=0.00, real=0.01 secs] 
2016-09-25T22:04:28.141-0400: 56.447: [GC (GCLocker Initiated GC) [PSYoungGen: 157047K->71302K(176128K)] 441179K->355947K(700416K), 0.0061236 secs] [Times: user=0.08 sys=0.00, real=0.01 secs] 
2016-09-25T22:04:28.204-0400: 56.510: [GC (GCLocker Initiated GC) [PSYoungGen: 166534K->68642K(164352K)] 451342K->362188K(688640K), 0.0090543 secs] [Times: user=0.13 sys=0.00, real=0.00 secs] 
2016-09-25T22:04:28.280-0400: 56.585: [GC (GCLocker Initiated GC) [PSYoungGen: 163874K->59237K(179712K)] 457556K->369773K(704000K), 0.0063171 secs] [Times: user=0.08 sys=0.00, real=0.01 secs] 
2016-09-25T22:04:28.347-0400: 56.653: [GC (GCLocker Initiated GC) [PSYoungGen: 154469K->71340K(177664K)] 466434K->393482K(701952K), 0.0102890 secs] [Times: user=0.15 sys=0.00, real=0.01 secs] 
2016-09-25T22:04:28.424-0400: 56.729: [GC (GCLocker Initiated GC) [PSYoungGen: 166572K->56540K(178176K)] 490066K->395544K(702464K), 0.0065112 secs] [Times: user=0.08 sys=0.00, real=0.00 secs] 
2016-09-25T22:04:28.494-0400: 56.799: [GC (GCLocker Initiated GC) [PSYoungGen: 151260K->51225K(177664K)] 501237K->401944K(701952K), 0.0141933 secs] [Times: user=0.18 sys=0.00, real=0.02 secs] 
2016-09-25T22:04:28.571-0400: 56.877: [GC (GCLocker Initiated GC) [PSYoungGen: 145945K->56644K(176128K)] 504839K->417675K(700416K), 0.0131695 secs] [Times: user=0.17 sys=0.00, real=0.02 secs] 
2016-09-25T22:04:28.643-0400: 56.949: [GC (GCLocker Initiated GC) [PSYoungGen: 153412K->48480K(177152K)] 517237K->414329K(701440K), 0.0060755 secs] [Times: user=0.05 sys=0.00, real=0.00 secs] 
2016-09-25T22:04:28.720-0400: 57.025: [GC (GCLocker Initiated GC) [PSYoungGen: 145248K->66163K(180736K)] 524674K->447651K(705024K), 0.0063140 secs] [Times: user=0.08 sys=0.00, real=0.01 secs] 
2016-09-25T22:04:28.794-0400: 57.100: [GC (GCLocker Initiated GC) [PSYoungGen: 166515K->52463K(153088K)] 553592K->464675K(677376K), 0.0100519 secs] [Times: user=0.10 sys=0.00, real=0.01 secs] 
2016-09-25T22:04:28.879-0400: 57.185: [GC (GCLocker Initiated GC) [PSYoungGen: 152815K->64674K(180224K)] 567816K->493930K(704512K), 0.0110892 secs] [Times: user=0.14 sys=0.01, real=0.01 secs] 
2016-09-25T22:04:28.954-0400: 57.260: [GC (GCLocker Initiated GC) [PSYoungGen: 165026K->52430K(180736K)] 597090K->498706K(705024K), 0.0108373 secs] [Times: user=0.11 sys=0.01, real=0.02 secs] 
2016-09-25T22:04:29.028-0400: 57.334: [GC (GCLocker Initiated GC) [PSYoungGen: 152782K->48428K(181248K)] 600467K->513026K(705536K), 0.0102567 secs] [Times: user=0.13 sys=0.01, real=0.01 secs] 
2016-09-25T22:04:29.091-0400: 57.397: [GC (GCLocker Initiated GC) [PSYoungGen: 150828K->63421K(181248K)] 615528K->528915K(705536K), 0.0095493 secs] [Times: user=0.07 sys=0.00, real=0.01 secs] 
2016-09-25T22:04:29.164-0400: 57.470: [GC (GCLocker Initiated GC) [PSYoungGen: 165821K->76914K(173056K)] 631453K->556778K(697344K), 0.0110784 secs] [Times: user=0.14 sys=0.00, real=0.01 secs] 
2016-09-25T22:04:29.238-0400: 57.544: [GC (GCLocker Initiated GC) [PSYoungGen: 171122K->68753K(163328K)] 651025K->552093K(687616K), 0.0140674 secs] [Times: user=0.15 sys=0.00, real=0.01 secs] 
2016-09-25T22:04:29.300-0400: 57.606: [GC (GCLocker Initiated GC) [PSYoungGen: 162961K->84924K(173056K)] 646431K->571858K(697344K), 0.0076742 secs] [Times: user=0.09 sys=0.00, real=0.01 secs] 
2016-09-25T22:04:29.369-0400: 57.675: [Full GC (Ergonomics) [PSYoungGen: 172988K->0K(173056K)] [ParOldGen: 497819K->253854K(524288K)] 670807K->253854K(697344K), [Metaspace: 43574K->43574K(1085440K)], 0.0964419 secs] [Times: user=0.60 sys=0.01, real=0.10 secs] 
2016-09-25T22:04:29.531-0400: 57.837: [GC (GCLocker Initiated GC) [PSYoungGen: 88064K->51755K(175104K)] 347387K->311079K(699392K), 0.0229430 secs] [Times: user=0.29 sys=0.01, real=0.03 secs] 
2016-09-25T22:04:29.623-0400: 57.929: [GC (GCLocker Initiated GC) [PSYoungGen: 139819K->60724K(175104K)] 406110K->328252K(699392K), 0.0107017 secs] [Times: user=0.11 sys=0.00, real=0.00 secs] 
2016-09-25T22:04:29.728-0400: 58.033: [GC (GCLocker Initiated GC) [PSYoungGen: 148788K->49463K(175104K)] 421810K->323184K(699392K), 0.0121000 secs] [Times: user=0.11 sys=0.00, real=0.01 secs] 
2016-09-25T22:04:29.787-0400: 58.093: [GC (GCLocker Initiated GC) [PSYoungGen: 137527K->59212K(171008K)] 416703K->366003K(695296K), 0.0115699 secs] [Times: user=0.14 sys=0.00, real=0.01 secs] 
2016-09-25T22:04:29.878-0400: 58.183: [GC (GCLocker Initiated GC) [PSYoungGen: 147276K->48446K(173056K)] 461062K->362938K(697344K), 0.0097599 secs] [Times: user=0.12 sys=0.01, real=0.01 secs] 
2016-09-25T22:04:29.953-0400: 58.259: [GC (Allocation Failure) [PSYoungGen: 136510K->52166K(174592K)] 453837K->371562K(698880K), 0.0087626 secs] [Times: user=0.07 sys=0.00, real=0.02 secs] 
2016-09-25T22:04:29.963-0400: 58.269: [GC (GCLocker Initiated GC) [PSYoungGen: 52487K->160K(93184K)] 371883K->379683K(617472K), 0.0055404 secs] [Times: user=0.07 sys=0.00, real=0.00 secs] 
2016-09-25T22:04:30.048-0400: 58.354: [GC (GCLocker Initiated GC) [PSYoungGen: 91853K->68115K(175104K)] 472727K->448996K(699392K), 0.0096989 secs] [Times: user=0.11 sys=0.01, real=0.01 secs] 
2016-09-25T22:04:30.121-0400: 58.427: [GC (GCLocker Initiated GC) [PSYoungGen: 156179K->65915K(175104K)] 537137K->453774K(699392K), 0.0091537 secs] [Times: user=0.08 sys=0.00, real=0.01 secs] 
2016-09-25T22:04:30.175-0400: 58.481: [GC (GCLocker Initiated GC) [PSYoungGen: 153979K->44059K(175104K)] 541980K->435284K(699392K), 0.0070875 secs] [Times: user=0.05 sys=0.00, real=0.00 secs] 
2016-09-25T22:04:30.252-0400: 58.558: [GC (GCLocker Initiated GC) [PSYoungGen: 132123K->69957K(175104K)] 523520K->478197K(699392K), 0.0135604 secs] [Times: user=0.16 sys=0.01, real=0.02 secs] 
2016-09-25T22:04:30.330-0400: 58.636: [GC (GCLocker Initiated GC) [PSYoungGen: 158021K->72566K(175104K)] 566353K->489621K(699392K), 0.0100474 secs] [Times: user=0.13 sys=0.00, real=0.01 secs] 
2016-09-25T22:04:30.404-0400: 58.710: [GC (Allocation Failure) [PSYoungGen: 160630K->59290K(175104K)] 583323K->496058K(699392K), 0.0082972 secs] [Times: user=0.13 sys=0.00, real=0.00 secs] 
2016-09-25T22:04:30.497-0400: 58.803: [GC (GCLocker Initiated GC) [PSYoungGen: 147354K->58991K(175104K)] 584126K->496467K(699392K), 0.0169682 secs] [Times: user=0.20 sys=0.00, real=0.01 secs] 
2016-09-25T22:04:30.569-0400: 58.875: [GC (GCLocker Initiated GC) [PSYoungGen: 147055K->72560K(175104K)] 586434K->512392K(699392K), 0.0069339 secs] [Times: user=0.10 sys=0.00, real=0.01 secs] 
2016-09-25T22:04:30.635-0400: 58.940: [GC (GCLocker Initiated GC) [PSYoungGen: 160624K->59067K(175104K)] 601846K->500786K(699392K), 0.0096217 secs] [Times: user=0.13 sys=0.00, real=0.01 secs] 
2016-09-25T22:04:30.718-0400: 59.024: [GC (GCLocker Initiated GC) [PSYoungGen: 147131K->60483K(148992K)] 591186K->518607K(673280K), 0.0145186 secs] [Times: user=0.16 sys=0.01, real=0.01 secs] 
2016-09-25T22:04:30.781-0400: 59.087: [GC (GCLocker Initiated GC) [PSYoungGen: 148547K->69787K(174080K)] 606823K->544883K(698368K), 0.0072062 secs] [Times: user=0.10 sys=0.00, real=0.01 secs] 
2016-09-25T22:04:30.831-0400: 59.137: [GC (GCLocker Initiated GC) [PSYoungGen: 157339K->68575K(174592K)] 637991K->555051K(698880K), 0.0073322 secs] [Times: user=0.10 sys=0.00, real=0.01 secs] 
2016-09-25T22:04:30.888-0400: 59.194: [GC (GCLocker Initiated GC) [PSYoungGen: 156127K->61824K(172032K)] 648201K->570653K(696320K), 0.0069177 secs] [Times: user=0.10 sys=0.00, real=0.01 secs] 
2016-09-25T22:04:30.897-0400: 59.203: [Full GC (Ergonomics) [PSYoungGen: 61824K->0K(172032K)] [ParOldGen: 508828K->258162K(524288K)] 570653K->258162K(696320K), [Metaspace: 43577K->43577K(1085440K)], 0.0660213 secs] [Times: user=0.49 sys=0.02, real=0.07 secs] 
2016-09-25T22:04:31.039-0400: 59.345: [GC (GCLocker Initiated GC) [PSYoungGen: 88064K->48577K(173568K)] 347881K->308394K(697856K), 0.0131283 secs] [Times: user=0.11 sys=0.00, real=0.01 secs] 
2016-09-25T22:04:31.111-0400: 59.417: [GC (GCLocker Initiated GC) [PSYoungGen: 136641K->49573K(175104K)] 399420K->320093K(699392K), 0.0100554 secs] [Times: user=0.08 sys=0.00, real=0.01 secs] 
2016-09-25T22:04:31.182-0400: 59.488: [GC (GCLocker Initiated GC) [PSYoungGen: 141221K->42692K(176128K)] 420019K->321910K(700416K), 0.0161010 secs] [Times: user=0.13 sys=0.00, real=0.02 secs] 
2016-09-25T22:04:31.252-0400: 59.557: [GC (GCLocker Initiated GC) [PSYoungGen: 134340K->74029K(173056K)] 413990K->356877K(697344K), 0.0069101 secs] [Times: user=0.08 sys=0.01, real=0.01 secs] 
2016-09-25T22:04:31.320-0400: 59.626: [GC (GCLocker Initiated GC) [PSYoungGen: 162093K->69812K(175104K)] 445305K->372469K(699392K), 0.0128678 secs] [Times: user=0.17 sys=0.00, real=0.01 secs] 
2016-09-25T22:04:31.392-0400: 59.698: [GC (GCLocker Initiated GC) [PSYoungGen: 157876K->60431K(174080K)] 471371K->374399K(698368K), 0.0139366 secs] [Times: user=0.19 sys=0.01, real=0.02 secs] 
2016-09-25T22:04:31.469-0400: 59.775: [GC (GCLocker Initiated GC) [PSYoungGen: 148495K->48090K(174592K)] 462531K->365345K(698880K), 0.0215430 secs] [Times: user=0.26 sys=0.00, real=0.02 secs] 
2016-09-25T22:04:31.536-0400: 59.841: [GC (GCLocker Initiated GC) [PSYoungGen: 136154K->72624K(174080K)] 453471K->390309K(698368K), 0.0104759 secs] [Times: user=0.09 sys=0.01, real=0.01 secs] 
2016-09-25T22:04:31.611-0400: 59.917: [GC (GCLocker Initiated GC) [PSYoungGen: 160688K->71145K(175104K)] 478683K->399224K(699392K), 0.0104832 secs] [Times: user=0.15 sys=0.00, real=0.01 secs] 
2016-09-25T22:04:31.670-0400: 59.976: [GC (GCLocker Initiated GC) [PSYoungGen: 159209K->71278K(175104K)] 487389K->402583K(699392K), 0.0079480 secs] [Times: user=0.07 sys=0.00, real=0.01 secs] 
2016-09-25T22:04:31.738-0400: 60.044: [GC (GCLocker Initiated GC) [PSYoungGen: 159342K->67065K(175104K)] 490694K->416518K(699392K), 0.0093696 secs] [Times: user=0.13 sys=0.00, real=0.01 secs] 
2016-09-25T22:04:31.794-0400: 60.099: [GC (GCLocker Initiated GC) [PSYoungGen: 155129K->60476K(175104K)] 507351K->426632K(699392K), 0.0084336 secs] [Times: user=0.12 sys=0.00, real=0.01 secs] 
2016-09-25T22:04:31.856-0400: 60.162: [GC (GCLocker Initiated GC) [PSYoungGen: 148540K->60380K(148480K)] 516138K->444814K(672768K), 0.0071369 secs] [Times: user=0.09 sys=0.00, real=0.01 secs] 
2016-09-25T22:04:31.919-0400: 60.225: [GC (GCLocker Initiated GC) [PSYoungGen: 148444K->63077K(175104K)] 542432K->471073K(699392K), 0.0087955 secs] [Times: user=0.14 sys=0.00, real=0.01 secs] 
2016-09-25T22:04:31.984-0400: 60.290: [GC (GCLocker Initiated GC) [PSYoungGen: 153189K->72560K(173056K)] 564109K->492061K(697344K), 0.0107451 secs] [Times: user=0.12 sys=0.01, real=0.01 secs] 
2016-09-25T22:04:32.063-0400: 60.369: [GC (GCLocker Initiated GC) [PSYoungGen: 162672K->53533K(177664K)] 587801K->479159K(701952K), 0.0145511 secs] [Times: user=0.18 sys=0.00, real=0.01 secs] 
2016-09-25T22:04:32.135-0400: 60.441: [GC (GCLocker Initiated GC) [PSYoungGen: 146205K->53672K(146432K)] 586815K->494765K(670720K), 0.0090422 secs] [Times: user=0.11 sys=0.00, real=0.01 secs] 
2016-09-25T22:04:32.206-0400: 60.511: [GC (GCLocker Initiated GC) [PSYoungGen: 146344K->52078K(177664K)] 595593K->501829K(701952K), 0.0063047 secs] [Times: user=0.07 sys=0.00, real=0.00 secs] 
2016-09-25T22:04:32.272-0400: 60.578: [GC (GCLocker Initiated GC) [PSYoungGen: 145774K->82011K(176128K)] 595637K->543116K(700416K), 0.0192041 secs] [Times: user=0.23 sys=0.00, real=0.02 secs] 
2016-09-25T22:04:32.349-0400: 60.655: [GC (GCLocker Initiated GC) [PSYoungGen: 175707K->68475K(174080K)] 645055K->551820K(698368K), 0.0100775 secs] [Times: user=0.12 sys=0.00, real=0.01 secs] 
2016-09-25T22:04:32.418-0400: 60.724: [GC (GCLocker Initiated GC) [PSYoungGen: 156539K->53612K(175104K)] 642674K->545606K(699392K), 0.0136053 secs] [Times: user=0.16 sys=0.01, real=0.01 secs] 
2016-09-25T22:04:32.480-0400: 60.786: [Full GC (Ergonomics) [PSYoungGen: 141676K->0K(175104K)] [ParOldGen: 507100K->267137K(524288K)] 648776K->267137K(699392K), [Metaspace: 43580K->43580K(1085440K)], 0.0704847 secs] [Times: user=0.48 sys=0.02, real=0.07 secs] 
2016-09-25T22:04:32.609-0400: 60.915: [GC (GCLocker Initiated GC) [PSYoungGen: 88064K->64527K(173056K)] 357972K->334436K(697344K), 0.0061796 secs] [Times: user=0.09 sys=0.00, real=0.01 secs] 
2016-09-25T22:04:32.669-0400: 60.975: [GC (GCLocker Initiated GC) [PSYoungGen: 152591K->63034K(174080K)] 425456K->354022K(698368K), 0.0093749 secs] [Times: user=0.14 sys=0.00, real=0.01 secs] 
2016-09-25T22:04:32.733-0400: 61.038: [GC (GCLocker Initiated GC) [PSYoungGen: 151098K->52017K(175616K)] 450379K->353038K(699904K), 0.0100486 secs] [Times: user=0.06 sys=0.00, real=0.02 secs] 
2016-09-25T22:04:32.808-0400: 61.114: [GC (GCLocker Initiated GC) [PSYoungGen: 143665K->57531K(175104K)] 444829K->382027K(699392K), 0.0071397 secs] [Times: user=0.10 sys=0.00, real=0.01 secs] 
2016-09-25T22:04:32.869-0400: 61.175: [GC (GCLocker Initiated GC) [PSYoungGen: 149179K->67221K(176640K)] 477643K->396053K(700928K), 0.0083727 secs] [Times: user=0.09 sys=0.00, real=0.01 secs] 
2016-09-25T22:04:32.923-0400: 61.229: [GC (GCLocker Initiated GC) [PSYoungGen: 161941K->73753K(176640K)] 492204K->415290K(700928K), 0.0065092 secs] [Times: user=0.09 sys=0.01, real=0.00 secs] 
2016-09-25T22:04:32.985-0400: 61.291: [GC (Allocation Failure) [PSYoungGen: 168473K->58942K(178688K)] 514310K->426793K(702976K), 0.0068464 secs] [Times: user=0.10 sys=0.00, real=0.00 secs] 
2016-09-25T22:04:32.994-0400: 61.300: [GC (GCLocker Initiated GC) [PSYoungGen: 59719K->448K(95232K)] 427570K->424282K(619520K), 0.0080008 secs] [Times: user=0.06 sys=0.01, real=0.02 secs] 
2016-09-25T22:04:33.064-0400: 61.370: [GC (GCLocker Initiated GC) [PSYoungGen: 92970K->65815K(175104K)] 519505K->492365K(699392K), 0.0061673 secs] [Times: user=0.08 sys=0.00, real=0.00 secs] 
2016-09-25T22:04:33.123-0400: 61.429: [GC (GCLocker Initiated GC) [PSYoungGen: 153879K->57667K(175104K)] 588673K->495670K(699392K), 0.0085446 secs] [Times: user=0.09 sys=0.00, real=0.00 secs] 
2016-09-25T22:04:33.183-0400: 61.489: [GC (GCLocker Initiated GC) [PSYoungGen: 145731K->62922K(175104K)] 586522K->513631K(699392K), 0.0072968 secs] [Times: user=0.08 sys=0.00, real=0.00 secs] 
2016-09-25T22:04:33.245-0400: 61.551: [GC (GCLocker Initiated GC) [PSYoungGen: 150986K->67100K(175104K)] 601864K->526436K(699392K), 0.0080636 secs] [Times: user=0.13 sys=0.01, real=0.00 secs] 
2016-09-25T22:04:33.306-0400: 61.612: [GC (GCLocker Initiated GC) [PSYoungGen: 155164K->58838K(171008K)] 614607K->540384K(695296K), 0.0089044 secs] [Times: user=0.13 sys=0.01, real=0.01 secs] 
2016-09-25T22:04:33.357-0400: 61.663: [Full GC (Ergonomics) [PSYoungGen: 146902K->0K(171008K)] [ParOldGen: 484368K->273660K(524288K)] 631271K->273660K(695296K), [Metaspace: 43580K->43580K(1085440K)], 0.0589307 secs] [Times: user=0.55 sys=0.00, real=0.06 secs] 
2016-09-25T22:04:33.475-0400: 61.780: [GC (GCLocker Initiated GC) [PSYoungGen: 88064K->48326K(173056K)] 373986K->334248K(697344K), 0.0057527 secs] [Times: user=0.05 sys=0.00, real=0.00 secs] 
2016-09-25T22:04:33.543-0400: 61.849: [GC (GCLocker Initiated GC) [PSYoungGen: 136390K->60134K(173056K)] 422450K->371183K(697344K), 0.0092301 secs] [Times: user=0.10 sys=0.00, real=0.00 secs] 
2016-09-25T22:04:33.601-0400: 61.907: [GC (GCLocker Initiated GC) [PSYoungGen: 153318K->66954K(175616K)] 472673K->404155K(699904K), 0.0086724 secs] [Times: user=0.11 sys=0.01, real=0.01 secs] 
2016-09-25T22:04:33.662-0400: 61.967: [GC (GCLocker Initiated GC) [PSYoungGen: 160138K->79150K(171520K)] 501697K->422412K(695808K), 0.0140288 secs] [Times: user=0.13 sys=0.00, real=0.02 secs] 
2016-09-25T22:04:33.736-0400: 62.042: [GC (GCLocker Initiated GC) [PSYoungGen: 167214K->56100K(175104K)] 511875K->406486K(699392K), 0.0104168 secs] [Times: user=0.08 sys=0.00, real=0.01 secs] 
2016-09-25T22:04:33.791-0400: 62.097: [GC (GCLocker Initiated GC) [PSYoungGen: 144164K->55988K(170496K)] 494602K->422929K(694784K), 0.0134158 secs] [Times: user=0.15 sys=0.00, real=0.02 secs] 
2016-09-25T22:04:33.842-0400: 62.148: [GC (GCLocker Initiated GC) [PSYoungGen: 144564K->50603K(173056K)] 511631K->432792K(697344K), 0.0116929 secs] [Times: user=0.11 sys=0.01, real=0.01 secs] 
2016-09-25T22:04:33.908-0400: 62.214: [GC (GCLocker Initiated GC) [PSYoungGen: 139179K->50762K(175104K)] 532245K->457662K(699392K), 0.0079272 secs] [Times: user=0.08 sys=0.01, real=0.01 secs] 
2016-09-25T22:04:33.970-0400: 62.276: [GC (GCLocker Initiated GC) [PSYoungGen: 144458K->54809K(176640K)] 555478K->493212K(700928K), 0.0095669 secs] [Times: user=0.15 sys=0.01, real=0.01 secs] 
2016-09-25T22:04:34.032-0400: 62.338: [GC (GCLocker Initiated GC) [PSYoungGen: 148505K->54689K(176640K)] 586944K->512346K(700928K), 0.0067328 secs] [Times: user=0.09 sys=0.00, real=0.01 secs] 
2016-09-25T22:04:34.087-0400: 62.393: [GC (GCLocker Initiated GC) [PSYoungGen: 152993K->75136K(177664K)] 618849K->541214K(701952K), 0.0064706 secs] [Times: user=0.08 sys=0.01, real=0.00 secs] 
2016-09-25T22:04:34.144-0400: 62.450: [GC (GCLocker Initiated GC) [PSYoungGen: 173440K->64205K(179200K)] 639629K->545615K(703488K), 0.0113043 secs] [Times: user=0.16 sys=0.02, real=0.01 secs] 
2016-09-25T22:04:34.218-0400: 62.524: [Full GC (Ergonomics) [PSYoungGen: 159949K->0K(179200K)] [ParOldGen: 489546K->274060K(524288K)] 649495K->274060K(703488K), [Metaspace: 43581K->43581K(1085440K)], 0.0858509 secs] [Times: user=0.53 sys=0.01, real=0.09 secs] 
2016-09-25T22:04:34.348-0400: 62.653: [GC (GCLocker Initiated GC) [PSYoungGen: 95744K->69829K(165888K)] 369812K->343897K(690176K), 0.0101937 secs] [Times: user=0.14 sys=0.00, real=0.01 secs] 
2016-09-25T22:04:34.429-0400: 62.735: [GC (GCLocker Initiated GC) [PSYoungGen: 165573K->69656K(175616K)] 439734K->344352K(699904K), 0.0103340 secs] [Times: user=0.13 sys=0.00, real=0.01 secs] 
2016-09-25T22:04:34.514-0400: 62.820: [GC (GCLocker Initiated GC) [PSYoungGen: 160792K->60264K(151552K)] 439621K->370535K(675840K), 0.0078038 secs] [Times: user=0.09 sys=0.00, real=0.01 secs] 
2016-09-25T22:04:34.566-0400: 62.872: [GC (GCLocker Initiated GC) [PSYoungGen: 151400K->63066K(177664K)] 473911K->404926K(701952K), 0.0065979 secs] [Times: user=0.10 sys=0.00, real=0.00 secs] 
2016-09-25T22:04:34.646-0400: 62.952: [GC (GCLocker Initiated GC) [PSYoungGen: 157274K->57427K(175616K)] 500537K->401059K(699904K), 0.0106699 secs] [Times: user=0.12 sys=0.00, real=0.01 secs] 
2016-09-25T22:04:34.728-0400: 63.034: [GC (GCLocker Initiated GC) [PSYoungGen: 151635K->73713K(175104K)] 495345K->417838K(699392K), 0.0060574 secs] [Times: user=0.09 sys=0.00, real=0.01 secs] 
2016-09-25T22:04:34.780-0400: 63.086: [GC (GCLocker Initiated GC) [PSYoungGen: 168433K->56270K(177664K)] 515340K->433243K(701952K), 0.0131795 secs] [Times: user=0.16 sys=0.00, real=0.01 secs] 
2016-09-25T22:04:34.873-0400: 63.178: [GC (GCLocker Initiated GC) [PSYoungGen: 150990K->50774K(178176K)] 528040K->441725K(702464K), 0.0144601 secs] [Times: user=0.16 sys=0.00, real=0.02 secs] 
2016-09-25T22:04:34.937-0400: 63.243: [GC (GCLocker Initiated GC) [PSYoungGen: 148054K->48139K(179200K)] 543097K->459783K(703488K), 0.0085254 secs] [Times: user=0.07 sys=0.00, real=0.01 secs] 
2016-09-25T22:04:35.017-0400: 63.322: [GC (GCLocker Initiated GC) [PSYoungGen: 145419K->69893K(177152K)] 559851K->501039K(701440K), 0.0140763 secs] [Times: user=0.17 sys=0.01, real=0.01 secs] 
2016-09-25T22:04:35.102-0400: 63.408: [GC (GCLocker Initiated GC) [PSYoungGen: 165125K->53572K(178688K)] 597770K->502924K(702976K), 0.0107188 secs] [Times: user=0.14 sys=0.00, real=0.00 secs] 
2016-09-25T22:04:35.159-0400: 63.465: [GC (GCLocker Initiated GC) [PSYoungGen: 148804K->69772K(176640K)] 598201K->519651K(700928K), 0.0080555 secs] [Times: user=0.09 sys=0.00, real=0.01 secs] 
2016-09-25T22:04:35.252-0400: 63.557: [GC (GCLocker Initiated GC) [PSYoungGen: 163980K->42772K(137216K)] 617959K->514783K(661504K), 0.0131766 secs] [Times: user=0.12 sys=0.04, real=0.02 secs] 
2016-09-25T22:04:35.332-0400: 63.638: [GC (GCLocker Initiated GC) [PSYoungGen: 136980K->53610K(179200K)] 609079K->530245K(703488K), 0.0082925 secs] [Times: user=0.08 sys=0.01, real=0.01 secs] 
2016-09-25T22:04:35.389-0400: 63.695: [GC (GCLocker Initiated GC) [PSYoungGen: 147818K->60602K(155136K)] 628743K->567793K(679424K), 0.0141436 secs] [Times: user=0.18 sys=0.02, real=0.02 secs] 
2016-09-25T22:04:35.404-0400: 63.709: [Full GC (Ergonomics) [PSYoungGen: 60602K->0K(155136K)] [ParOldGen: 507191K->282264K(524288K)] 567793K->282264K(679424K), [Metaspace: 43581K->43581K(1085440K)], 0.0900431 secs] [Times: user=0.72 sys=0.01, real=0.08 secs] 
2016-09-25T22:04:35.555-0400: 63.861: [GC (GCLocker Initiated GC) [PSYoungGen: 94208K->79894K(169472K)] 379335K->373122K(693760K), 0.0097221 secs] [Times: user=0.15 sys=0.00, real=0.01 secs] 
2016-09-25T22:04:35.621-0400: 63.927: [GC (GCLocker Initiated GC) [PSYoungGen: 167958K->69874K(175104K)] 461235K->383156K(699392K), 0.0099927 secs] [Times: user=0.15 sys=0.00, real=0.01 secs] 
2016-09-25T22:04:35.691-0400: 63.997: [GC (GCLocker Initiated GC) [PSYoungGen: 157938K->50966K(175104K)] 476688K->378320K(699392K), 0.0098174 secs] [Times: user=0.13 sys=0.00, real=0.01 secs] 
2016-09-25T22:04:35.767-0400: 64.073: [GC (GCLocker Initiated GC) [PSYoungGen: 139030K->32097K(175104K)] 474591K->406067K(699392K), 0.0066111 secs] [Times: user=0.09 sys=0.00, real=0.00 secs] 
2016-09-25T22:04:35.840-0400: 64.146: [GC (GCLocker Initiated GC) [PSYoungGen: 120161K->52229K(175104K)] 494350K->439159K(699392K), 0.0061819 secs] [Times: user=0.07 sys=0.00, real=0.01 secs] 
2016-09-25T22:04:35.897-0400: 64.203: [GC (GCLocker Initiated GC) [PSYoungGen: 140293K->65879K(175104K)] 529941K->455993K(699392K), 0.0123173 secs] [Times: user=0.19 sys=0.00, real=0.01 secs] 
2016-09-25T22:04:35.956-0400: 64.262: [GC (GCLocker Initiated GC) [PSYoungGen: 153943K->61797K(173056K)] 546872K->455276K(697344K), 0.0085721 secs] [Times: user=0.10 sys=0.00, real=0.01 secs] 
2016-09-25T22:04:36.018-0400: 64.323: [GC (GCLocker Initiated GC) [PSYoungGen: 149861K->61827K(174080K)] 547630K->460154K(698368K), 0.0097579 secs] [Times: user=0.07 sys=0.00, real=0.01 secs] 
2016-09-25T22:04:36.081-0400: 64.387: [GC (GCLocker Initiated GC) [PSYoungGen: 149891K->75269K(172544K)] 551000K->485139K(696832K), 0.0102593 secs] [Times: user=0.14 sys=0.00, real=0.01 secs] 
2016-09-25T22:04:36.151-0400: 64.457: [GC (GCLocker Initiated GC) [PSYoungGen: 163333K->49649K(175104K)] 578650K->495213K(699392K), 0.0095616 secs] [Times: user=0.11 sys=0.00, real=0.01 secs] 
2016-09-25T22:04:36.224-0400: 64.530: [GC (GCLocker Initiated GC) [PSYoungGen: 137713K->62240K(172032K)] 588874K->516622K(696320K), 0.0174310 secs] [Times: user=0.21 sys=0.02, real=0.01 secs] 
2016-09-25T22:04:36.306-0400: 64.612: [GC (GCLocker Initiated GC) [PSYoungGen: 150304K->49960K(173568K)] 613754K->514395K(697856K), 0.0053632 secs] [Times: user=0.06 sys=0.00, real=0.00 secs] 
2016-09-25T22:04:36.370-0400: 64.676: [GC (GCLocker Initiated GC) [PSYoungGen: 138024K->65911K(176128K)] 603822K->548790K(700416K), 0.0118486 secs] [Times: user=0.16 sys=0.01, real=0.02 secs] 
2016-09-25T22:04:36.431-0400: 64.737: [Full GC (Ergonomics) [PSYoungGen: 158071K->0K(176128K)] [ParOldGen: 485693K->292469K(524288K)] 643765K->292469K(700416K), [Metaspace: 43581K->43581K(1085440K)], 0.0686744 secs] [Times: user=0.54 sys=0.00, real=0.07 secs] 
2016-09-25T22:04:36.577-0400: 64.883: [GC (GCLocker Initiated GC) [PSYoungGen: 92160K->64140K(176640K)] 385236K->357217K(700928K), 0.0060615 secs] [Times: user=0.07 sys=0.00, real=0.01 secs] 
2016-09-25T22:04:36.663-0400: 64.969: [GC (GCLocker Initiated GC) [PSYoungGen: 156300K->71440K(175104K)] 449618K->371711K(699392K), 0.0088543 secs] [Times: user=0.11 sys=0.00, real=0.00 secs] 
2016-09-25T22:04:36.731-0400: 65.037: [GC (GCLocker Initiated GC) [PSYoungGen: 162576K->75604K(166912K)] 462991K->376747K(691200K), 0.0095562 secs] [Times: user=0.09 sys=0.00, real=0.01 secs] 
2016-09-25T22:04:36.806-0400: 65.112: [GC (GCLocker Initiated GC) [PSYoungGen: 166740K->71712K(175104K)] 473346K->379136K(699392K), 0.0195615 secs] [Times: user=0.23 sys=0.00, real=0.02 secs] 
2016-09-25T22:04:36.898-0400: 65.204: [GC (GCLocker Initiated GC) [PSYoungGen: 159776K->62131K(175104K)] 475416K->384155K(699392K), 0.0071943 secs] [Times: user=0.06 sys=0.01, real=0.01 secs] 
2016-09-25T22:04:36.972-0400: 65.278: [GC (GCLocker Initiated GC) [PSYoungGen: 150195K->59429K(172032K)] 476358K->389193K(696320K), 0.0115505 secs] [Times: user=0.10 sys=0.00, real=0.02 secs] 
2016-09-25T22:04:37.050-0400: 65.355: [GC (GCLocker Initiated GC) [PSYoungGen: 147493K->40505K(173568K)] 482821K->398460K(697856K), 0.0139824 secs] [Times: user=0.16 sys=0.00, real=0.02 secs] 
2016-09-25T22:04:37.129-0400: 65.434: [GC (GCLocker Initiated GC) [PSYoungGen: 128569K->65100K(175616K)] 492006K->429435K(699904K), 0.0068725 secs] [Times: user=0.07 sys=0.00, real=0.01 secs] 
2016-09-25T22:04:37.196-0400: 65.502: [GC (GCLocker Initiated GC) [PSYoungGen: 154188K->70351K(175104K)] 521388K->438572K(699392K), 0.0109902 secs] [Times: user=0.14 sys=0.00, real=0.01 secs] 
2016-09-25T22:04:37.283-0400: 65.589: [GC (GCLocker Initiated GC) [PSYoungGen: 159439K->48782K(175616K)] 537472K->444011K(699904K), 0.0126370 secs] [Times: user=0.13 sys=0.00, real=0.01 secs] 
2016-09-25T22:04:37.364-0400: 65.670: [GC (GCLocker Initiated GC) [PSYoungGen: 137358K->77017K(175104K)] 538039K->478741K(699392K), 0.0086737 secs] [Times: user=0.13 sys=0.00, real=0.00 secs] 
2016-09-25T22:04:37.450-0400: 65.756: [GC (GCLocker Initiated GC) [PSYoungGen: 165593K->70415K(175104K)] 572773K->489291K(699392K), 0.0066356 secs] [Times: user=0.09 sys=0.00, real=0.01 secs] 
2016-09-25T22:04:37.528-0400: 65.833: [GC (GCLocker Initiated GC) [PSYoungGen: 158479K->60963K(175104K)] 582929K->513442K(699392K), 0.0102824 secs] [Times: user=0.11 sys=0.00, real=0.01 secs] 
2016-09-25T22:04:37.609-0400: 65.915: [GC (GCLocker Initiated GC) [PSYoungGen: 149027K->52828K(175104K)] 605644K->526672K(699392K), 0.0082285 secs] [Times: user=0.11 sys=0.00, real=0.01 secs] 
2016-09-25T22:04:37.692-0400: 65.998: [GC (GCLocker Initiated GC) [PSYoungGen: 140892K->70165K(175104K)] 614824K->545137K(699392K), 0.0072290 secs] [Times: user=0.10 sys=0.00, real=0.01 secs] 
2016-09-25T22:04:37.762-0400: 66.068: [GC (GCLocker Initiated GC) [PSYoungGen: 158229K->52650K(175104K)] 636479K->549341K(699392K), 0.0103928 secs] [Times: user=0.12 sys=0.00, real=0.00 secs] 
2016-09-25T22:04:37.773-0400: 66.079: [Full GC (Ergonomics) [PSYoungGen: 52650K->0K(175104K)] [ParOldGen: 496691K->294116K(524288K)] 549341K->294116K(699392K), [Metaspace: 43635K->43635K(1087488K)], 0.0645119 secs] [Times: user=0.41 sys=0.01, real=0.07 secs] 
2016-09-25T22:04:37.899-0400: 66.205: [GC (GCLocker Initiated GC) [PSYoungGen: 88064K->53446K(141824K)] 387661K->353044K(666112K), 0.0244077 secs] [Times: user=0.26 sys=0.00, real=0.03 secs] 
2016-09-25T22:04:37.991-0400: 66.297: [GC (GCLocker Initiated GC) [PSYoungGen: 141510K->39042K(173056K)] 447921K->362170K(697344K), 0.0137206 secs] [Times: user=0.12 sys=0.00, real=0.02 secs] 
2016-09-25T22:04:38.063-0400: 66.369: [GC (GCLocker Initiated GC) [PSYoungGen: 126082K->35099K(174080K)] 458801K->401220K(698368K), 0.0156707 secs] [Times: user=0.15 sys=0.00, real=0.01 secs] 
2016-09-25T22:04:38.141-0400: 66.447: [GC (GCLocker Initiated GC) [PSYoungGen: 122139K->67386K(175104K)] 488438K->434714K(699392K), 0.0249188 secs] [Times: user=0.30 sys=0.00, real=0.03 secs] 
2016-09-25T22:04:38.227-0400: 66.533: [GC (GCLocker Initiated GC) [PSYoungGen: 155450K->40502K(175104K)] 526854K->426259K(699392K), 0.0124392 secs] [Times: user=0.11 sys=0.00, real=0.01 secs] 
2016-09-25T22:04:38.307-0400: 66.613: [GC (GCLocker Initiated GC) [PSYoungGen: 128566K->55108K(173056K)] 517090K->444648K(697344K), 0.0177625 secs] [Times: user=0.20 sys=0.00, real=0.02 secs] 
2016-09-25T22:04:38.392-0400: 66.698: [GC (GCLocker Initiated GC) [PSYoungGen: 143172K->64870K(174080K)] 532767K->464815K(698368K), 0.0080506 secs] [Times: user=0.09 sys=0.00, real=0.01 secs] 
2016-09-25T22:04:38.466-0400: 66.772: [GC (GCLocker Initiated GC) [PSYoungGen: 152934K->54136K(172032K)] 554335K->480745K(696320K), 0.0135609 secs] [Times: user=0.20 sys=0.00, real=0.01 secs] 
2016-09-25T22:04:38.543-0400: 66.849: [GC (GCLocker Initiated GC) [PSYoungGen: 144248K->55338K(174080K)] 570952K->488503K(698368K), 0.0065005 secs] [Times: user=0.07 sys=0.00, real=0.00 secs] 
2016-09-25T22:04:38.616-0400: 66.922: [GC (GCLocker Initiated GC) [PSYoungGen: 145450K->54452K(173568K)] 584581K->498524K(697856K), 0.0085725 secs] [Times: user=0.11 sys=0.00, real=0.01 secs] 
2016-09-25T22:04:38.696-0400: 67.002: [GC (GCLocker Initiated GC) [PSYoungGen: 151220K->55639K(175616K)] 606243K->511944K(699904K), 0.0274387 secs] [Times: user=0.40 sys=0.00, real=0.03 secs] 
2016-09-25T22:04:38.793-0400: 67.099: [GC (GCLocker Initiated GC) [PSYoungGen: 152407K->66422K(181248K)] 614167K->529261K(705536K), 0.0202723 secs] [Times: user=0.08 sys=0.00, real=0.02 secs] 
2016-09-25T22:04:38.877-0400: 67.183: [GC (GCLocker Initiated GC) [PSYoungGen: 170870K->62620K(183296K)] 640594K->546906K(707584K), 0.0075238 secs] [Times: user=0.12 sys=0.00, real=0.01 secs] 
2016-09-25T22:04:38.967-0400: 67.273: [Full GC (Ergonomics) [PSYoungGen: 167068K->0K(183296K)] [ParOldGen: 493798K->316744K(524288K)] 660866K->316744K(707584K), [Metaspace: 43635K->43635K(1087488K)], 0.0787659 secs] [Times: user=0.59 sys=0.03, real=0.08 secs] 
2016-09-25T22:04:39.111-0400: 67.417: [GC (GCLocker Initiated GC) [PSYoungGen: 104448K->71832K(176640K)] 423916K->391301K(700928K), 0.0115630 secs] [Times: user=0.11 sys=0.00, real=0.02 secs] 
2016-09-25T22:04:39.217-0400: 67.523: [GC (GCLocker Initiated GC) [PSYoungGen: 170136K->74508K(173056K)] 489619K->413932K(697344K), 0.0158705 secs] [Times: user=0.20 sys=0.00, real=0.01 secs] 
2016-09-25T22:04:39.292-0400: 67.597: [GC (GCLocker Initiated GC) [PSYoungGen: 172812K->79908K(173056K)] 512501K->434160K(697344K), 0.0082596 secs] [Times: user=0.10 sys=0.00, real=0.01 secs] 
2016-09-25T22:04:39.386-0400: 67.692: [GC (GCLocker Initiated GC) [PSYoungGen: 167972K->59655K(175104K)] 526352K->419083K(699392K), 0.0150627 secs] [Times: user=0.18 sys=0.00, real=0.01 secs] 
2016-09-25T22:04:39.470-0400: 67.776: [GC (GCLocker Initiated GC) [PSYoungGen: 147719K->45834K(175104K)] 511303K->426663K(699392K), 0.0134620 secs] [Times: user=0.10 sys=0.01, real=0.02 secs] 
2016-09-25T22:04:39.547-0400: 67.853: [GC (GCLocker Initiated GC) [PSYoungGen: 133898K->48509K(175104K)] 520958K->450113K(699392K), 0.0179136 secs] [Times: user=0.17 sys=0.00, real=0.02 secs] 
2016-09-25T22:04:39.658-0400: 67.964: [GC (GCLocker Initiated GC) [PSYoungGen: 136573K->60724K(171008K)] 543639K->474080K(695296K), 0.0191604 secs] [Times: user=0.21 sys=0.00, real=0.02 secs] 
2016-09-25T22:04:39.739-0400: 68.045: [GC (GCLocker Initiated GC) [PSYoungGen: 148788K->51657K(173056K)] 567599K->471344K(697344K), 0.0153776 secs] [Times: user=0.12 sys=0.00, real=0.02 secs] 
2016-09-25T22:04:39.845-0400: 68.151: [GC (GCLocker Initiated GC) [PSYoungGen: 139721K->52530K(173056K)] 559506K->477657K(697344K), 0.0105031 secs] [Times: user=0.10 sys=0.00, real=0.01 secs] 
2016-09-25T22:04:39.914-0400: 68.219: [GC (GCLocker Initiated GC) [PSYoungGen: 145714K->70402K(175616K)] 573793K->506165K(699904K), 0.0072891 secs] [Times: user=0.10 sys=0.00, real=0.01 secs] 
2016-09-25T22:04:39.995-0400: 68.301: [GC (GCLocker Initiated GC) [PSYoungGen: 163586K->74393K(172544K)] 602069K->516697K(696832K), 0.0115261 secs] [Times: user=0.15 sys=0.00, real=0.01 secs] 
2016-09-25T22:04:40.081-0400: 68.386: [GC (GCLocker Initiated GC) [PSYoungGen: 162457K->71508K(175104K)] 607561K->528385K(699392K), 0.0110411 secs] [Times: user=0.16 sys=0.00, real=0.01 secs] 
2016-09-25T22:04:40.149-0400: 68.455: [GC (GCLocker Initiated GC) [PSYoungGen: 159572K->62091K(174080K)] 616538K->529331K(698368K), 0.0064891 secs] [Times: user=0.08 sys=0.00, real=0.01 secs] 
2016-09-25T22:04:40.243-0400: 68.548: [GC (GCLocker Initiated GC) [PSYoungGen: 150155K->51608K(174592K)] 622814K->538565K(698880K), 0.0110822 secs] [Times: user=0.11 sys=0.00, real=0.00 secs] 
2016-09-25T22:04:40.331-0400: 68.637: [GC (GCLocker Initiated GC) [PSYoungGen: 139672K->81117K(173568K)] 630937K->573608K(697856K), 0.0084059 secs] [Times: user=0.13 sys=0.00, real=0.01 secs] 
2016-09-25T22:04:40.398-0400: 68.704: [Full GC (Ergonomics) [PSYoungGen: 169181K->0K(173568K)] [ParOldGen: 500733K->331137K(524288K)] 669915K->331137K(697856K), [Metaspace: 43650K->43650K(1087488K)], 0.0564658 secs] [Times: user=0.33 sys=0.01, real=0.06 secs] 
2016-09-25T22:04:40.518-0400: 68.823: [GC (GCLocker Initiated GC) [PSYoungGen: 88064K->56176K(175104K)] 428856K->396968K(699392K), 0.0089280 secs] [Times: user=0.06 sys=0.00, real=0.01 secs] 
2016-09-25T22:04:40.593-0400: 68.899: [GC (GCLocker Initiated GC) [PSYoungGen: 144240K->70324K(175104K)] 487907K->434707K(699392K), 0.0107036 secs] [Times: user=0.10 sys=0.01, real=0.02 secs] 
2016-09-25T22:04:40.665-0400: 68.970: [GC (GCLocker Initiated GC) [PSYoungGen: 158388K->72920K(175104K)] 526852K->454504K(699392K), 0.0069863 secs] [Times: user=0.10 sys=0.00, real=0.00 secs] 
2016-09-25T22:04:40.740-0400: 69.045: [GC (GCLocker Initiated GC) [PSYoungGen: 160984K->63419K(175104K)] 545886K->458645K(699392K), 0.0093771 secs] [Times: user=0.08 sys=0.01, real=0.01 secs] 
2016-09-25T22:04:40.809-0400: 69.115: [GC (GCLocker Initiated GC) [PSYoungGen: 151483K->62261K(150528K)] 546732K->458293K(674816K), 0.0066754 secs] [Times: user=0.06 sys=0.01, real=0.01 secs] 
2016-09-25T22:04:40.869-0400: 69.174: [GC (GCLocker Initiated GC) [PSYoungGen: 150325K->64769K(176128K)] 549704K->467935K(700416K), 0.0091109 secs] [Times: user=0.12 sys=0.00, real=0.01 secs] 
2016-09-25T22:04:40.935-0400: 69.241: [GC (GCLocker Initiated GC) [PSYoungGen: 154881K->53665K(174080K)] 563632K->478066K(698368K), 0.0193552 secs] [Times: user=0.24 sys=0.01, real=0.02 secs] 
2016-09-25T22:04:41.011-0400: 69.316: [GC (GCLocker Initiated GC) [PSYoungGen: 143777K->76655K(172032K)] 571104K->518225K(696320K), 0.0109620 secs] [Times: user=0.16 sys=0.00, real=0.01 secs] 
2016-09-25T22:04:41.086-0400: 69.392: [GC (GCLocker Initiated GC) [PSYoungGen: 164719K->78229K(175104K)] 607824K->521908K(699392K), 0.0110170 secs] [Times: user=0.09 sys=0.02, real=0.01 secs] 
2016-09-25T22:04:41.156-0400: 69.462: [GC (GCLocker Initiated GC) [PSYoungGen: 166293K->59431K(175104K)] 623537K->517394K(699392K), 0.0094742 secs] [Times: user=0.10 sys=0.01, real=0.01 secs] 
2016-09-25T22:04:41.230-0400: 69.536: [GC (GCLocker Initiated GC) [PSYoungGen: 147495K->75512K(175104K)] 616286K->545023K(699392K), 0.0081023 secs] [Times: user=0.09 sys=0.00, real=0.01 secs] 
2016-09-25T22:04:41.298-0400: 69.604: [GC (GCLocker Initiated GC) [PSYoungGen: 163576K->62049K(175104K)] 638584K->537650K(699392K), 0.0090303 secs] [Times: user=0.11 sys=0.01, real=0.01 secs] 
2016-09-25T22:04:41.372-0400: 69.677: [GC (GCLocker Initiated GC) [PSYoungGen: 150113K->73925K(175104K)] 629802K->558295K(699392K), 0.0069764 secs] [Times: user=0.09 sys=0.00, real=0.01 secs] 
2016-09-25T22:04:41.452-0400: 69.758: [GC (GCLocker Initiated GC) [PSYoungGen: 161989K->37571K(175104K)] 656121K->559216K(699392K), 0.0082479 secs] [Times: user=0.10 sys=0.01, real=0.01 secs] 
2016-09-25T22:04:41.461-0400: 69.767: [Full GC (Ergonomics) [PSYoungGen: 37571K->0K(175104K)] [ParOldGen: 521645K->335138K(524288K)] 559216K->335138K(699392K), [Metaspace: 43650K->43650K(1087488K)], 0.0665366 secs] [Times: user=0.54 sys=0.02, real=0.07 secs] 
2016-09-25T22:04:41.593-0400: 69.899: [GC (GCLocker Initiated GC) [PSYoungGen: 88064K->79603K(175104K)] 423307K->414846K(699392K), 0.0067870 secs] [Times: user=0.09 sys=0.00, real=0.01 secs] 
2016-09-25T22:04:41.648-0400: 69.954: [GC (GCLocker Initiated GC) [PSYoungGen: 167667K->54818K(175104K)] 503126K->396468K(699392K), 0.0134320 secs] [Times: user=0.08 sys=0.00, real=0.01 secs] 
2016-09-25T22:04:41.719-0400: 70.025: [GC (GCLocker Initiated GC) [PSYoungGen: 142882K->60392K(175104K)] 487673K->419309K(699392K), 0.0077975 secs] [Times: user=0.09 sys=0.00, real=0.01 secs] 
2016-09-25T22:04:41.792-0400: 70.098: [GC (GCLocker Initiated GC) [PSYoungGen: 148456K->57621K(175104K)] 516899K->450828K(699392K), 0.0067291 secs] [Times: user=0.08 sys=0.01, real=0.01 secs] 
2016-09-25T22:04:41.857-0400: 70.163: [GC (GCLocker Initiated GC) [PSYoungGen: 145685K->76485K(175104K)] 538998K->481031K(699392K), 0.0102966 secs] [Times: user=0.14 sys=0.01, real=0.01 secs] 
2016-09-25T22:04:41.929-0400: 70.235: [GC (GCLocker Initiated GC) [PSYoungGen: 164549K->52101K(175104K)] 571887K->469257K(699392K), 0.0075250 secs] [Times: user=0.06 sys=0.00, real=0.01 secs] 
2016-09-25T22:04:41.994-0400: 70.300: [GC (GCLocker Initiated GC) [PSYoungGen: 140165K->60424K(175104K)] 565577K->503754K(699392K), 0.0108787 secs] [Times: user=0.13 sys=0.00, real=0.02 secs] 
2016-09-25T22:04:42.060-0400: 70.366: [GC (GCLocker Initiated GC) [PSYoungGen: 148488K->65654K(175104K)] 591922K->510966K(699392K), 0.0103945 secs] [Times: user=0.13 sys=0.00, real=0.01 secs] 
2016-09-25T22:04:42.127-0400: 70.433: [GC (GCLocker Initiated GC) [PSYoungGen: 153718K->64361K(152576K)] 604559K->518281K(676864K), 0.0113858 secs] [Times: user=0.12 sys=0.00, real=0.01 secs] 
2016-09-25T22:04:42.199-0400: 70.504: [GC (GCLocker Initiated GC) [PSYoungGen: 152425K->73896K(172032K)] 606465K->528383K(696320K), 0.0090648 secs] [Times: user=0.14 sys=0.00, real=0.01 secs] 
2016-09-25T22:04:42.266-0400: 70.572: [GC (GCLocker Initiated GC) [PSYoungGen: 160424K->59047K(173568K)] 616405K->537104K(697856K), 0.0098264 secs] [Times: user=0.14 sys=0.00, real=0.01 secs] 
2016-09-25T22:04:42.329-0400: 70.635: [GC (GCLocker Initiated GC) [PSYoungGen: 145575K->60271K(171520K)] 626373K->546946K(695808K), 0.0097969 secs] [Times: user=0.13 sys=0.00, real=0.01 secs] 
2016-09-25T22:04:42.390-0400: 70.696: [GC (GCLocker Initiated GC) [PSYoungGen: 149359K->67117K(173568K)] 638826K->571849K(697856K), 0.0108972 secs] [Times: user=0.15 sys=0.01, real=0.01 secs] 
2016-09-25T22:04:42.401-0400: 70.707: [Full GC (Ergonomics) [PSYoungGen: 67117K->0K(173568K)] [ParOldGen: 504731K->345304K(524288K)] 571849K->345304K(697856K), [Metaspace: 43652K->43652K(1087488K)], 0.0731498 secs] [Times: user=0.58 sys=0.01, real=0.08 secs] 
2016-09-25T22:04:42.524-0400: 70.829: [GC (GCLocker Initiated GC) [PSYoungGen: 89088K->72934K(175616K)] 437894K->421740K(699904K), 0.0093290 secs] [Times: user=0.15 sys=0.00, real=0.00 secs] 
2016-09-25T22:04:42.583-0400: 70.889: [GC (GCLocker Initiated GC) [PSYoungGen: 165094K->65747K(177152K)] 513906K->427589K(701440K), 0.0072230 secs] [Times: user=0.10 sys=0.00, real=0.00 secs] 
2016-09-25T22:04:42.653-0400: 70.958: [GC (GCLocker Initiated GC) [PSYoungGen: 157907K->82001K(171520K)] 525185K->449762K(695808K), 0.0095790 secs] [Times: user=0.10 sys=0.00, real=0.02 secs] 
2016-09-25T22:04:42.723-0400: 71.029: [GC (GCLocker Initiated GC) [PSYoungGen: 170065K->60369K(175104K)] 542089K->457230K(699392K), 0.0097616 secs] [Times: user=0.16 sys=0.01, real=0.00 secs] 
2016-09-25T22:04:42.789-0400: 71.095: [GC (GCLocker Initiated GC) [PSYoungGen: 148433K->72477K(175104K)] 550917K->475465K(699392K), 0.0093235 secs] [Times: user=0.14 sys=0.00, real=0.01 secs] 
2016-09-25T22:04:42.852-0400: 71.158: [GC (GCLocker Initiated GC) [PSYoungGen: 160541K->75220K(175104K)] 563660K->478793K(699392K), 0.0118286 secs] [Times: user=0.14 sys=0.01, real=0.02 secs] 
2016-09-25T22:04:42.918-0400: 71.224: [GC (GCLocker Initiated GC) [PSYoungGen: 163284K->61687K(175104K)] 570939K->472475K(699392K), 0.0105821 secs] [Times: user=0.11 sys=0.01, real=0.01 secs] 
2016-09-25T22:04:42.983-0400: 71.289: [GC (GCLocker Initiated GC) [PSYoungGen: 149751K->54916K(175104K)] 563548K->479994K(699392K), 0.0095370 secs] [Times: user=0.15 sys=0.00, real=0.00 secs] 
2016-09-25T22:04:43.056-0400: 71.362: [GC (GCLocker Initiated GC) [PSYoungGen: 142980K->72599K(175104K)] 570796K->500828K(699392K), 0.0106367 secs] [Times: user=0.10 sys=0.00, real=0.01 secs] 
2016-09-25T22:04:43.126-0400: 71.432: [GC (GCLocker Initiated GC) [PSYoungGen: 160663K->50841K(175104K)] 594442K->485285K(699392K), 0.0075854 secs] [Times: user=0.07 sys=0.00, real=0.00 secs] 
2016-09-25T22:04:43.197-0400: 71.503: [GC (GCLocker Initiated GC) [PSYoungGen: 138905K->78159K(175104K)] 578846K->518671K(699392K), 0.0074249 secs] [Times: user=0.10 sys=0.00, real=0.01 secs] 
2016-09-25T22:04:43.264-0400: 71.570: [GC (GCLocker Initiated GC) [PSYoungGen: 166223K->69881K(175104K)] 606785K->525913K(699392K), 0.0075622 secs] [Times: user=0.10 sys=0.00, real=0.00 secs] 
2016-09-25T22:04:43.325-0400: 71.631: [GC (GCLocker Initiated GC) [PSYoungGen: 157945K->61876K(175104K)] 619458K->542808K(699392K), 0.0090964 secs] [Times: user=0.15 sys=0.00, real=0.01 secs] 
2016-09-25T22:04:43.387-0400: 71.693: [GC (GCLocker Initiated GC) [PSYoungGen: 149940K->68531K(175104K)] 630972K->556967K(699392K), 0.0074643 secs] [Times: user=0.08 sys=0.00, real=0.01 secs] 
2016-09-25T22:04:43.458-0400: 71.764: [GC (GCLocker Initiated GC) [PSYoungGen: 156595K->57796K(174080K)] 645273K->560533K(698368K), 0.0069201 secs] [Times: user=0.08 sys=0.01, real=0.01 secs] 
2016-09-25T22:04:43.465-0400: 71.771: [Full GC (Ergonomics) [PSYoungGen: 57796K->0K(174080K)] [ParOldGen: 502736K->342404K(524288K)] 560533K->342404K(698368K), [Metaspace: 43665K->43665K(1087488K)], 0.0603134 secs] [Times: user=0.53 sys=0.00, real=0.06 secs] 
2016-09-25T22:04:43.588-0400: 71.894: [GC (GCLocker Initiated GC) [PSYoungGen: 88064K->58214K(174592K)] 435945K->406095K(698880K), 0.0145858 secs] [Times: user=0.21 sys=0.00, real=0.02 secs] 
2016-09-25T22:04:43.657-0400: 71.963: [GC (GCLocker Initiated GC) [PSYoungGen: 146278K->63174K(173056K)] 494426K->412395K(697344K), 0.0062865 secs] [Times: user=0.08 sys=0.01, real=0.01 secs] 
2016-09-25T22:04:43.704-0400: 72.009: [GC (GCLocker Initiated GC) [PSYoungGen: 153286K->61959K(174080K)] 502570K->411820K(698368K), 0.0064397 secs] [Times: user=0.06 sys=0.01, real=0.00 secs] 
2016-09-25T22:04:43.776-0400: 72.081: [GC (GCLocker Initiated GC) [PSYoungGen: 152071K->52446K(177664K)] 504727K->419213K(701952K), 0.0099459 secs] [Times: user=0.13 sys=0.00, real=0.01 secs] 
2016-09-25T22:04:43.874-0400: 72.179: [GC (GCLocker Initiated GC) [PSYoungGen: 147678K->64758K(177664K)] 518684K->444586K(701952K), 0.0102642 secs] [Times: user=0.11 sys=0.00, real=0.02 secs] 
2016-09-25T22:04:43.938-0400: 72.243: [GC (GCLocker Initiated GC) [PSYoungGen: 159990K->70125K(178176K)] 540000K->472507K(702464K), 0.0206647 secs] [Times: user=0.25 sys=0.00, real=0.02 secs] 
2016-09-25T22:04:44.054-0400: 72.360: [GC (GCLocker Initiated GC) [PSYoungGen: 166893K->65979K(178688K)] 574819K->485412K(702976K), 0.0106073 secs] [Times: user=0.18 sys=0.00, real=0.01 secs] 
2016-09-25T22:04:44.120-0400: 72.426: [GC (GCLocker Initiated GC) [PSYoungGen: 162747K->66077K(178688K)] 584896K->499741K(702976K), 0.0073508 secs] [Times: user=0.10 sys=0.01, real=0.01 secs] 
2016-09-25T22:04:44.211-0400: 72.517: [GC (GCLocker Initiated GC) [PSYoungGen: 165405K->53832K(179200K)] 601943K->499170K(703488K), 0.0206717 secs] [Times: user=0.26 sys=0.02, real=0.02 secs] 
2016-09-25T22:04:44.309-0400: 72.615: [GC (GCLocker Initiated GC) [PSYoungGen: 153160K->44349K(178688K)] 602006K->510065K(702976K), 0.0098392 secs] [Times: user=0.07 sys=0.01, real=0.01 secs] 
2016-09-25T22:04:44.396-0400: 72.702: [GC (GCLocker Initiated GC) [PSYoungGen: 142653K->61959K(160768K)] 615328K->535527K(685056K), 0.0120932 secs] [Times: user=0.16 sys=0.01, real=0.01 secs] 
2016-09-25T22:04:44.481-0400: 72.786: [GC (GCLocker Initiated GC) [PSYoungGen: 160263K->73983K(176128K)] 633957K->549724K(700416K), 0.0109951 secs] [Times: user=0.16 sys=0.00, real=0.01 secs] 
2016-09-25T22:04:44.552-0400: 72.858: [GC (GCLocker Initiated GC) [PSYoungGen: 170239K->70063K(166400K)] 646013K->546439K(690688K), 0.0114281 secs] [Times: user=0.18 sys=0.00, real=0.02 secs] 
2016-09-25T22:04:44.658-0400: 72.963: [GC (GCLocker Initiated GC) [PSYoungGen: 166319K->49622K(177664K)] 652247K->536179K(701952K), 0.0147307 secs] [Times: user=0.15 sys=0.01, real=0.01 secs] 
2016-09-25T22:04:44.729-0400: 73.035: [GC (GCLocker Initiated GC) [PSYoungGen: 143830K->48241K(178176K)] 633138K->538299K(702464K), 0.0067112 secs] [Times: user=0.06 sys=0.00, real=0.01 secs] 
2016-09-25T22:04:44.797-0400: 73.103: [GC (GCLocker Initiated GC) [PSYoungGen: 142449K->75370K(172032K)] 632632K->577007K(696320K), 0.0125571 secs] [Times: user=0.12 sys=0.00, real=0.01 secs] 
2016-09-25T22:04:44.810-0400: 73.116: [Full GC (Ergonomics) [PSYoungGen: 75370K->0K(172032K)] [ParOldGen: 501637K->367142K(524288K)] 577007K->367142K(696320K), [Metaspace: 43667K->43667K(1087488K)], 0.0878722 secs] [Times: user=0.60 sys=0.02, real=0.09 secs] 
2016-09-25T22:04:44.956-0400: 73.262: [GC (GCLocker Initiated GC) [PSYoungGen: 88064K->81442K(175104K)] 459404K->452782K(699392K), 0.0077754 secs] [Times: user=0.08 sys=0.00, real=0.01 secs] 
2016-09-25T22:04:45.036-0400: 73.342: [GC (GCLocker Initiated GC) [PSYoungGen: 169506K->53798K(175104K)] 545067K->449531K(699392K), 0.0129348 secs] [Times: user=0.18 sys=0.01, real=0.01 secs] 
2016-09-25T22:04:45.122-0400: 73.427: [GC (GCLocker Initiated GC) [PSYoungGen: 141862K->60454K(175104K)] 540319K->479833K(699392K), 0.0070970 secs] [Times: user=0.10 sys=0.00, real=0.01 secs] 
2016-09-25T22:04:45.174-0400: 73.480: [GC (GCLocker Initiated GC) [PSYoungGen: 148518K->56530K(175104K)] 567940K->498142K(699392K), 0.0066571 secs] [Times: user=0.08 sys=0.00, real=0.01 secs] 
2016-09-25T22:04:45.231-0400: 73.536: [GC (GCLocker Initiated GC) [PSYoungGen: 144594K->74178K(175104K)] 588948K->520589K(699392K), 0.0069576 secs] [Times: user=0.08 sys=0.01, real=0.01 secs] 
2016-09-25T22:04:45.317-0400: 73.623: [GC (GCLocker Initiated GC) [PSYoungGen: 162242K->56402K(175104K)] 615455K->539977K(699392K), 0.0297633 secs] [Times: user=0.41 sys=0.00, real=0.03 secs] 
2016-09-25T22:04:45.401-0400: 73.707: [GC (GCLocker Initiated GC) [PSYoungGen: 144466K->49622K(175104K)] 628081K->550112K(699392K), 0.0108573 secs] [Times: user=0.13 sys=0.01, real=0.01 secs] 
2016-09-25T22:04:45.412-0400: 73.718: [Full GC (Ergonomics) [PSYoungGen: 49622K->0K(175104K)] [ParOldGen: 500490K->360159K(524288K)] 550112K->360159K(699392K), [Metaspace: 43668K->43668K(1087488K)], 0.0635618 secs] [Times: user=0.41 sys=0.00, real=0.07 secs] 
2016-09-25T22:04:45.535-0400: 73.841: [GC (GCLocker Initiated GC) [PSYoungGen: 88064K->81467K(175104K)] 451131K->444535K(699392K), 0.0080751 secs] [Times: user=0.09 sys=0.00, real=0.01 secs] 
2016-09-25T22:04:45.608-0400: 73.913: [GC (GCLocker Initiated GC) [PSYoungGen: 169531K->56652K(175104K)] 536813K->434672K(699392K), 0.0158616 secs] [Times: user=0.20 sys=0.00, real=0.02 secs] 
2016-09-25T22:04:45.687-0400: 73.993: [GC (Allocation Failure) [PSYoungGen: 144716K->59035K(175104K)] 527059K->441960K(699392K), 0.0106610 secs] [Times: user=0.10 sys=0.02, real=0.01 secs] 
2016-09-25T22:04:45.698-0400: 74.004: [GC (GCLocker Initiated GC) [PSYoungGen: 59803K->475K(175104K)] 442729K->446302K(699392K), 0.0078237 secs] [Times: user=0.07 sys=0.00, real=0.01 secs] 
2016-09-25T22:04:45.759-0400: 74.065: [GC (GCLocker Initiated GC) [PSYoungGen: 88539K->61954K(175104K)] 534465K->507896K(699392K), 0.0114339 secs] [Times: user=0.12 sys=0.00, real=0.01 secs] 
2016-09-25T22:04:45.828-0400: 74.133: [GC (GCLocker Initiated GC) [PSYoungGen: 150018K->68420K(175104K)] 602814K->523338K(699392K), 0.0083485 secs] [Times: user=0.08 sys=0.00, real=0.01 secs] 
2016-09-25T22:04:45.896-0400: 74.202: [GC (GCLocker Initiated GC) [PSYoungGen: 156484K->53635K(175104K)] 611475K->532084K(699392K), 0.0082173 secs] [Times: user=0.12 sys=0.00, real=0.01 secs] 
2016-09-25T22:04:45.904-0400: 74.210: [Full GC (Ergonomics) [PSYoungGen: 53635K->0K(175104K)] [ParOldGen: 478449K->362922K(524288K)] 532084K->362922K(699392K), [Metaspace: 43674K->43674K(1087488K)], 0.0558112 secs] [Times: user=0.50 sys=0.00, real=0.05 secs] 
2016-09-25T22:04:46.011-0400: 74.317: [GC (GCLocker Initiated GC) [PSYoungGen: 88064K->78575K(175104K)] 451171K->441683K(699392K), 0.0078570 secs] [Times: user=0.11 sys=0.00, real=0.01 secs] 
2016-09-25T22:04:46.069-0400: 74.374: [GC (GCLocker Initiated GC) [PSYoungGen: 166639K->65882K(175104K)] 529888K->445150K(699392K), 0.0118696 secs] [Times: user=0.14 sys=0.00, real=0.01 secs] 
2016-09-25T22:04:46.137-0400: 74.443: [GC (GCLocker Initiated GC) [PSYoungGen: 153946K->60420K(175104K)] 535939K->464622K(699392K), 0.0115718 secs] [Times: user=0.14 sys=0.00, real=0.01 secs] 
2016-09-25T22:04:46.201-0400: 74.506: [GC (GCLocker Initiated GC) [PSYoungGen: 148484K->83493K(175104K)] 558163K->493663K(699392K), 0.0079448 secs] [Times: user=0.09 sys=0.00, real=0.01 secs] 
2016-09-25T22:04:46.265-0400: 74.571: [GC (GCLocker Initiated GC) [PSYoungGen: 171557K->57648K(175104K)] 587144K->484577K(699392K), 0.0067712 secs] [Times: user=0.10 sys=0.00, real=0.00 secs] 
2016-09-25T22:04:46.329-0400: 74.635: [GC (GCLocker Initiated GC) [PSYoungGen: 145712K->68450K(175104K)] 580958K->514980K(699392K), 0.0134137 secs] [Times: user=0.09 sys=0.00, real=0.02 secs] 
2016-09-25T22:04:46.408-0400: 74.714: [GC (GCLocker Initiated GC) [PSYoungGen: 156514K->63116K(175104K)] 611215K->531810K(699392K), 0.0097807 secs] [Times: user=0.13 sys=0.00, real=0.01 secs] 
2016-09-25T22:04:46.471-0400: 74.777: [GC (GCLocker Initiated GC) [PSYoungGen: 151180K->72567K(175104K)] 628131K->566238K(699392K), 0.0110846 secs] [Times: user=0.16 sys=0.00, real=0.01 secs] 
2016-09-25T22:04:46.482-0400: 74.788: [Full GC (Ergonomics) [PSYoungGen: 72567K->0K(175104K)] [ParOldGen: 493670K->374493K(524288K)] 566238K->374493K(699392K), [Metaspace: 43674K->43674K(1087488K)], 0.0705930 secs] [Times: user=0.55 sys=0.01, real=0.07 secs] 
2016-09-25T22:04:46.624-0400: 74.930: [GC (GCLocker Initiated GC) [PSYoungGen: 88064K->48492K(175104K)] 472245K->432674K(699392K), 0.0094207 secs] [Times: user=0.09 sys=0.00, real=0.00 secs] 
2016-09-25T22:04:46.700-0400: 75.006: [GC (GCLocker Initiated GC) [PSYoungGen: 136556K->64373K(175104K)] 521089K->452384K(699392K), 0.0107506 secs] [Times: user=0.13 sys=0.00, real=0.01 secs] 
2016-09-25T22:04:46.764-0400: 75.070: [GC (GCLocker Initiated GC) [PSYoungGen: 152437K->76557K(175104K)] 543467K->484229K(699392K), 0.0095459 secs] [Times: user=0.13 sys=0.00, real=0.00 secs] 
2016-09-25T22:04:46.825-0400: 75.131: [GC (GCLocker Initiated GC) [PSYoungGen: 164621K->53639K(175104K)] 572362K->486133K(699392K), 0.0070231 secs] [Times: user=0.11 sys=0.00, real=0.00 secs] 
2016-09-25T22:04:46.879-0400: 75.185: [GC (GCLocker Initiated GC) [PSYoungGen: 141703K->57594K(175104K)] 574590K->504442K(699392K), 0.0102238 secs] [Times: user=0.09 sys=0.00, real=0.01 secs] 
2016-09-25T22:04:46.953-0400: 75.259: [GC (GCLocker Initiated GC) [PSYoungGen: 145658K->60521K(174080K)] 607516K->522888K(698368K), 0.0072901 secs] [Times: user=0.10 sys=0.00, real=0.01 secs] 
2016-09-25T22:04:47.020-0400: 75.326: [GC (GCLocker Initiated GC) [PSYoungGen: 148585K->45381K(174592K)] 623236K->523261K(698880K), 0.0092178 secs] [Times: user=0.08 sys=0.00, real=0.01 secs] 
2016-09-25T22:04:47.084-0400: 75.390: [GC (GCLocker Initiated GC) [PSYoungGen: 133445K->59011K(171008K)] 615734K->552571K(695296K), 0.0103038 secs] [Times: user=0.10 sys=0.01, real=0.01 secs] 
2016-09-25T22:04:47.095-0400: 75.400: [Full GC (Ergonomics) [PSYoungGen: 59011K->0K(171008K)] [ParOldGen: 493560K->380446K(524288K)] 552571K->380446K(695296K), [Metaspace: 43674K->43674K(1087488K)], 0.0594390 secs] [Times: user=0.55 sys=0.00, real=0.05 secs] 
2016-09-25T22:04:47.213-0400: 75.519: [GC (GCLocker Initiated GC) [PSYoungGen: 88576K->76977K(173056K)] 471939K->460341K(697344K), 0.0085242 secs] [Times: user=0.09 sys=0.00, real=0.01 secs] 
2016-09-25T22:04:47.283-0400: 75.589: [GC (GCLocker Initiated GC) [PSYoungGen: 165553K->60362K(176128K)] 552223K->457306K(700416K), 0.0064149 secs] [Times: user=0.08 sys=0.00, real=0.00 secs] 
2016-09-25T22:04:47.354-0400: 75.660: [GC (GCLocker Initiated GC) [PSYoungGen: 149450K->57853K(146944K)] 556688K->465542K(671232K), 0.0100324 secs] [Times: user=0.09 sys=0.00, real=0.02 secs] 
2016-09-25T22:04:47.419-0400: 75.725: [GC (GCLocker Initiated GC) [PSYoungGen: 146941K->83215K(171008K)] 557535K->494498K(695296K), 0.0091606 secs] [Times: user=0.14 sys=0.00, real=0.01 secs] 
2016-09-25T22:04:47.488-0400: 75.794: [GC (GCLocker Initiated GC) [PSYoungGen: 169743K->61807K(173568K)] 586609K->479065K(697856K), 0.0086445 secs] [Times: user=0.10 sys=0.00, real=0.01 secs] 
2016-09-25T22:04:47.551-0400: 75.856: [GC (GCLocker Initiated GC) [PSYoungGen: 148335K->50942K(175104K)] 573721K->487634K(699392K), 0.0112603 secs] [Times: user=0.12 sys=0.01, real=0.01 secs] 
2016-09-25T22:04:47.615-0400: 75.921: [GC (GCLocker Initiated GC) [PSYoungGen: 139006K->56280K(144384K)] 578457K->509742K(668672K), 0.0095973 secs] [Times: user=0.08 sys=0.00, real=0.01 secs] 
2016-09-25T22:04:47.677-0400: 75.983: [GC (GCLocker Initiated GC) [PSYoungGen: 144344K->46958K(174080K)] 601990K->534841K(698368K), 0.0098196 secs] [Times: user=0.15 sys=0.00, real=0.01 secs] 
2016-09-25T22:04:47.741-0400: 76.047: [Full GC (Ergonomics) [PSYoungGen: 135022K->0K(174080K)] [ParOldGen: 502929K->363353K(524288K)] 637951K->363353K(698368K), [Metaspace: 43674K->43674K(1087488K)], 0.2362057 secs] [Times: user=3.61 sys=0.03, real=0.24 secs] 
2016-09-25T22:04:48.039-0400: 76.345: [GC (GCLocker Initiated GC) [PSYoungGen: 88064K->74537K(174080K)] 451827K->438300K(698368K), 0.0101348 secs] [Times: user=0.15 sys=0.00, real=0.01 secs] 
2016-09-25T22:04:48.105-0400: 76.411: [GC (GCLocker Initiated GC) [PSYoungGen: 162601K->46832K(175104K)] 530453K->418540K(699392K), 0.0069319 secs] [Times: user=0.07 sys=0.00, real=0.00 secs] 
2016-09-25T22:04:48.161-0400: 76.467: [GC (GCLocker Initiated GC) [PSYoungGen: 134896K->60429K(148992K)] 509421K->448889K(673280K), 0.0097011 secs] [Times: user=0.06 sys=0.02, real=0.01 secs] 
2016-09-25T22:04:48.232-0400: 76.538: [GC (GCLocker Initiated GC) [PSYoungGen: 148493K->54037K(175616K)] 542491K->448035K(699904K), 0.0169582 secs] [Times: user=0.22 sys=0.00, real=0.02 secs] 
2016-09-25T22:04:48.311-0400: 76.617: [GC (GCLocker Initiated GC) [PSYoungGen: 143637K->56707K(174080K)] 543049K->456556K(698368K), 0.0157970 secs] [Times: user=0.14 sys=0.01, real=0.02 secs] 
2016-09-25T22:04:48.388-0400: 76.694: [GC (GCLocker Initiated GC) [PSYoungGen: 146307K->30506K(171520K)] 555749K->473241K(695808K), 0.0096059 secs] [Times: user=0.08 sys=0.00, real=0.01 secs] 
2016-09-25T22:04:48.446-0400: 76.752: [GC (GCLocker Initiated GC) [PSYoungGen: 119594K->46675K(174080K)] 562503K->492799K(698368K), 0.0097753 secs] [Times: user=0.08 sys=0.00, real=0.01 secs] 
2016-09-25T22:04:48.507-0400: 76.813: [GC (GCLocker Initiated GC) [PSYoungGen: 135763K->40053K(175104K)] 584698K->519128K(699392K), 0.0163225 secs] [Times: user=0.17 sys=0.01, real=0.02 secs] 
2016-09-25T22:04:48.609-0400: 76.915: [GC (GCLocker Initiated GC) [PSYoungGen: 133237K->42753K(176640K)] 615296K->544271K(700928K), 0.0180723 secs] [Times: user=0.18 sys=0.00, real=0.02 secs] 
2016-09-25T22:04:48.628-0400: 76.933: [Full GC (Ergonomics) [PSYoungGen: 42753K->0K(176640K)] [ParOldGen: 501518K->364445K(524288K)] 544271K->364445K(700928K), [Metaspace: 43674K->43674K(1087488K)], 0.0622653 secs] [Times: user=0.51 sys=0.00, real=0.06 secs] 
2016-09-25T22:04:48.739-0400: 77.045: [GC (GCLocker Initiated GC) [PSYoungGen: 93184K->78430K(170496K)] 462006K->447253K(694784K), 0.0123158 secs] [Times: user=0.18 sys=0.01, real=0.01 secs] 
2016-09-25T22:04:48.833-0400: 77.139: [GC (GCLocker Initiated GC) [PSYoungGen: 166494K->46707K(175104K)] 538057K->451654K(699392K), 0.0111537 secs] [Times: user=0.15 sys=0.00, real=0.02 secs] 
2016-09-25T22:04:48.900-0400: 77.206: [GC (GCLocker Initiated GC) [PSYoungGen: 134771K->68532K(175104K)] 543878K->491546K(699392K), 0.0071054 secs] [Times: user=0.10 sys=0.00, real=0.01 secs] 
2016-09-25T22:04:48.952-0400: 77.258: [GC (GCLocker Initiated GC) [PSYoungGen: 156596K->76665K(175104K)] 582399K->502996K(699392K), 0.0145463 secs] [Times: user=0.17 sys=0.00, real=0.02 secs] 
2016-09-25T22:04:49.039-0400: 77.345: [GC (GCLocker Initiated GC) [PSYoungGen: 164729K->49344K(175104K)] 591141K->491095K(699392K), 0.0102397 secs] [Times: user=0.09 sys=0.00, real=0.01 secs] 
2016-09-25T22:04:49.115-0400: 77.421: [GC (GCLocker Initiated GC) [PSYoungGen: 137408K->53716K(175104K)] 580908K->519296K(699392K), 0.0125214 secs] [Times: user=0.18 sys=0.00, real=0.01 secs] 
2016-09-25T22:04:49.213-0400: 77.519: [GC (GCLocker Initiated GC) [PSYoungGen: 141780K->37356K(175104K)] 619741K->529339K(699392K), 0.0162304 secs] [Times: user=0.17 sys=0.01, real=0.02 secs] 
2016-09-25T22:04:49.230-0400: 77.536: [Full GC (Ergonomics) [PSYoungGen: 37356K->0K(175104K)] [ParOldGen: 491983K->367277K(524288K)] 529339K->367277K(699392K), [Metaspace: 43674K->43674K(1087488K)], 0.0587619 secs] [Times: user=0.55 sys=0.00, real=0.06 secs] 
2016-09-25T22:04:49.339-0400: 77.645: [GC (GCLocker Initiated GC) [PSYoungGen: 88064K->73193K(175104K)] 455557K->440686K(699392K), 0.0073682 secs] [Times: user=0.10 sys=0.00, real=0.01 secs] 
2016-09-25T22:04:49.435-0400: 77.741: [GC (GCLocker Initiated GC) [PSYoungGen: 161257K->60370K(175104K)] 528851K->454809K(699392K), 0.0145949 secs] [Times: user=0.13 sys=0.01, real=0.01 secs] 
2016-09-25T22:04:49.520-0400: 77.826: [GC (GCLocker Initiated GC) [PSYoungGen: 148434K->67087K(175104K)] 544406K->478471K(699392K), 0.0072707 secs] [Times: user=0.10 sys=0.00, real=0.01 secs] 
2016-09-25T22:04:49.588-0400: 77.894: [GC (GCLocker Initiated GC) [PSYoungGen: 155151K->36007K(175104K)] 570989K->469844K(699392K), 0.0076090 secs] [Times: user=0.09 sys=0.00, real=0.01 secs] 
2016-09-25T22:04:49.675-0400: 77.981: [GC (GCLocker Initiated GC) [PSYoungGen: 124071K->76698K(175104K)] 557945K->511055K(699392K), 0.0137814 secs] [Times: user=0.14 sys=0.00, real=0.01 secs] 
2016-09-25T22:04:49.741-0400: 78.046: [GC (GCLocker Initiated GC) [PSYoungGen: 164762K->58987K(175104K)] 600722K->519840K(699392K), 0.0077190 secs] [Times: user=0.12 sys=0.00, real=0.01 secs] 
2016-09-25T22:04:49.798-0400: 78.104: [GC (GCLocker Initiated GC) [PSYoungGen: 147051K->75219K(175104K)] 613337K->555526K(699392K), 0.0124993 secs] [Times: user=0.19 sys=0.00, real=0.01 secs] 
2016-09-25T22:04:49.881-0400: 78.187: [GC (GCLocker Initiated GC) [PSYoungGen: 163283K->51050K(175104K)] 649243K->556375K(699392K), 0.0117402 secs] [Times: user=0.16 sys=0.00, real=0.01 secs] 
2016-09-25T22:04:49.893-0400: 78.199: [Full GC (Ergonomics) [PSYoungGen: 51050K->0K(175104K)] [ParOldGen: 505325K->373087K(524288K)] 556375K->373087K(699392K), [Metaspace: 43674K->43674K(1087488K)], 0.0662922 secs] [Times: user=0.60 sys=0.05, real=0.07 secs] 
2016-09-25T22:04:50.016-0400: 78.321: [GC (GCLocker Initiated GC) [PSYoungGen: 88064K->74704K(175104K)] 466623K->453263K(699392K), 0.0130151 secs] [Times: user=0.19 sys=0.01, real=0.01 secs] 
2016-09-25T22:04:50.114-0400: 78.420: [GC (GCLocker Initiated GC) [PSYoungGen: 162768K->75220K(175104K)] 541597K->456707K(699392K), 0.0111189 secs] [Times: user=0.10 sys=0.01, real=0.02 secs] 
2016-09-25T22:04:50.187-0400: 78.493: [GC (GCLocker Initiated GC) [PSYoungGen: 163284K->64521K(175104K)] 550501K->471135K(699392K), 0.0078441 secs] [Times: user=0.12 sys=0.00, real=0.01 secs] 
2016-09-25T22:04:50.250-0400: 78.556: [GC (GCLocker Initiated GC) [PSYoungGen: 152585K->52401K(175104K)] 562123K->465180K(699392K), 0.0058977 secs] [Times: user=0.10 sys=0.00, real=0.01 secs] 
2016-09-25T22:04:50.316-0400: 78.622: [GC (GCLocker Initiated GC) [PSYoungGen: 140465K->66057K(175104K)] 553614K->493230K(699392K), 0.0077418 secs] [Times: user=0.10 sys=0.00, real=0.01 secs] 
2016-09-25T22:04:50.368-0400: 78.674: [GC (GCLocker Initiated GC) [PSYoungGen: 154121K->57834K(175104K)] 581445K->491383K(699392K), 0.0153391 secs] [Times: user=0.21 sys=0.02, real=0.02 secs] 
2016-09-25T22:04:50.428-0400: 78.734: [GC (GCLocker Initiated GC) [PSYoungGen: 145898K->62012K(175104K)] 587654K->507226K(699392K), 0.0069518 secs] [Times: user=0.10 sys=0.00, real=0.01 secs] 
2016-09-25T22:04:50.487-0400: 78.793: [GC (GCLocker Initiated GC) [PSYoungGen: 150076K->64776K(172032K)] 598080K->535122K(696320K), 0.0078331 secs] [Times: user=0.13 sys=0.00, real=0.01 secs] 
2016-09-25T22:04:50.551-0400: 78.857: [GC (GCLocker Initiated GC) [PSYoungGen: 152840K->53888K(173568K)] 625977K->553477K(697856K), 0.0078570 secs] [Times: user=0.12 sys=0.01, real=0.01 secs] 
2016-09-25T22:04:50.559-0400: 78.865: [Full GC (Ergonomics) [PSYoungGen: 53888K->0K(173568K)] [ParOldGen: 499589K->378000K(524288K)] 553477K->378000K(697856K), [Metaspace: 43720K->43720K(1087488K)], 0.0557834 secs] [Times: user=0.50 sys=0.00, real=0.06 secs] 
2016-09-25T22:04:50.657-0400: 78.963: [GC (GCLocker Initiated GC) [PSYoungGen: 88064K->74814K(172544K)] 471579K->458329K(696832K), 0.0085022 secs] [Times: user=0.07 sys=0.00, real=0.01 secs] 
2016-09-25T22:04:50.713-0400: 79.019: [GC (GCLocker Initiated GC) [PSYoungGen: 162878K->72920K(175104K)] 549343K->471699K(699392K), 0.0090170 secs] [Times: user=0.13 sys=0.00, real=0.01 secs] 
2016-09-25T22:04:50.772-0400: 79.078: [GC (GCLocker Initiated GC) [PSYoungGen: 160984K->60804K(175104K)] 563836K->464522K(699392K), 0.0063506 secs] [Times: user=0.10 sys=0.00, real=0.01 secs] 
2016-09-25T22:04:50.838-0400: 79.144: [GC (GCLocker Initiated GC) [PSYoungGen: 148868K->68792K(157184K)] 556706K->482903K(681472K), 0.0074047 secs] [Times: user=0.11 sys=0.01, real=0.01 secs] 
2016-09-25T22:04:50.894-0400: 79.199: [GC (GCLocker Initiated GC) [PSYoungGen: 156856K->64883K(176128K)] 580663K->489477K(700416K), 0.0069364 secs] [Times: user=0.11 sys=0.00, real=0.01 secs] 
2016-09-25T22:04:50.955-0400: 79.261: [GC (GCLocker Initiated GC) [PSYoungGen: 154483K->67551K(174592K)] 583306K->497271K(698880K), 0.0069440 secs] [Times: user=0.09 sys=0.00, real=0.00 secs] 
2016-09-25T22:04:51.020-0400: 79.326: [GC (GCLocker Initiated GC) [PSYoungGen: 157151K->77004K(171520K)] 597812K->521253K(695808K), 0.0073954 secs] [Times: user=0.09 sys=0.00, real=0.01 secs] 
2016-09-25T22:04:51.075-0400: 79.381: [GC (GCLocker Initiated GC) [PSYoungGen: 164556K->66009K(174592K)] 614316K->532817K(698880K), 0.0086617 secs] [Times: user=0.12 sys=0.00, real=0.01 secs] 
2016-09-25T22:04:51.138-0400: 79.444: [GC (GCLocker Initiated GC) [PSYoungGen: 153561K->68740K(172032K)] 620755K->540753K(696320K), 0.0073160 secs] [Times: user=0.11 sys=0.00, real=0.01 secs] 
2016-09-25T22:04:51.192-0400: 79.498: [GC (GCLocker Initiated GC) [PSYoungGen: 158852K->83653K(174080K)] 630945K->563280K(698368K), 0.0087814 secs] [Times: user=0.13 sys=0.00, real=0.01 secs] 
2016-09-25T22:04:51.255-0400: 79.561: [GC (GCLocker Initiated GC) [PSYoungGen: 173765K->66104K(175104K)] 659002K->552116K(699392K), 0.0078828 secs] [Times: user=0.10 sys=0.00, real=0.01 secs] 
2016-09-25T22:04:51.319-0400: 79.625: [GC (GCLocker Initiated GC) [PSYoungGen: 154168K->63369K(151552K)] 640321K->559832K(675840K), 0.0075592 secs] [Times: user=0.10 sys=0.00, real=0.01 secs] 
2016-09-25T22:04:51.382-0400: 79.688: [GC (GCLocker Initiated GC) [PSYoungGen: 151433K->66273K(176128K)] 648901K->569931K(700416K), 0.0069014 secs] [Times: user=0.09 sys=0.00, real=0.00 secs] 
2016-09-25T22:04:51.389-0400: 79.695: [Full GC (Ergonomics) [PSYoungGen: 66273K->0K(176128K)] [ParOldGen: 503657K->380698K(524288K)] 569931K->380698K(700416K), [Metaspace: 43744K->43744K(1087488K)], 0.0634382 secs] [Times: user=0.57 sys=0.01, real=0.06 secs] 
2016-09-25T22:04:51.501-0400: 79.807: [GC (GCLocker Initiated GC) [PSYoungGen: 90112K->72142K(174080K)] 476226K->458256K(698368K), 0.0079482 secs] [Times: user=0.11 sys=0.00, real=0.01 secs] 
2016-09-25T22:04:51.557-0400: 79.862: [GC (GCLocker Initiated GC) [PSYoungGen: 162254K->63486K(177152K)] 551172K->456541K(701440K), 0.0067570 secs] [Times: user=0.08 sys=0.01, real=0.01 secs] 
2016-09-25T22:04:51.618-0400: 79.924: [GC (GCLocker Initiated GC) [PSYoungGen: 156670K->58184K(176640K)] 553485K->458612K(700928K), 0.0093771 secs] [Times: user=0.11 sys=0.00, real=0.01 secs] 
2016-09-25T22:04:51.680-0400: 79.986: [GC (GCLocker Initiated GC) [PSYoungGen: 151368K->58077K(178176K)] 557287K->481199K(702464K), 0.0079678 secs] [Times: user=0.09 sys=0.00, real=0.01 secs] 
2016-09-25T22:04:51.742-0400: 80.048: [GC (GCLocker Initiated GC) [PSYoungGen: 153309K->55365K(178176K)] 576465K->509086K(702464K), 0.0076280 secs] [Times: user=0.08 sys=0.01, real=0.00 secs] 
2016-09-25T22:04:51.816-0400: 80.122: [GC (GCLocker Initiated GC) [PSYoungGen: 150597K->68960K(179200K)] 607072K->526480K(703488K), 0.0072978 secs] [Times: user=0.10 sys=0.00, real=0.01 secs] 
2016-09-25T22:04:51.894-0400: 80.200: [GC (GCLocker Initiated GC) [PSYoungGen: 165216K->36734K(133120K)] 633769K->519767K(657408K), 0.0064664 secs] [Times: user=0.08 sys=0.00, real=0.01 secs] 
2016-09-25T22:04:51.954-0400: 80.260: [GC (GCLocker Initiated GC) [PSYoungGen: 132990K->67677K(176640K)] 618761K->555936K(700928K), 0.0080949 secs] [Times: user=0.12 sys=0.00, real=0.01 secs] 
2016-09-25T22:04:52.030-0400: 80.336: [Full GC (Ergonomics) [PSYoungGen: 158301K->0K(176640K)] [ParOldGen: 495287K->390106K(524288K)] 653588K->390106K(700928K), [Metaspace: 43749K->43749K(1087488K)], 0.0727250 secs] [Times: user=0.75 sys=0.01, real=0.08 secs] 
2016-09-25T22:04:52.156-0400: 80.462: [GC (GCLocker Initiated GC) [PSYoungGen: 90624K->50114K(176128K)] 483466K->442957K(700416K), 0.0075115 secs] [Times: user=0.07 sys=0.00, real=0.01 secs] 
2016-09-25T22:04:52.212-0400: 80.518: [GC (GCLocker Initiated GC) [PSYoungGen: 140738K->51305K(176128K)] 535078K->454963K(700416K), 0.0120427 secs] [Times: user=0.11 sys=0.00, real=0.02 secs] 
2016-09-25T22:04:52.274-0400: 80.580: [GC (GCLocker Initiated GC) [PSYoungGen: 142441K->58075K(149504K)] 546214K->471011K(673792K), 0.0084947 secs] [Times: user=0.07 sys=0.00, real=0.01 secs] 
2016-09-25T22:04:52.334-0400: 80.640: [GC (GCLocker Initiated GC) [PSYoungGen: 149211K->66510K(175104K)] 567624K->504758K(699392K), 0.0079546 secs] [Times: user=0.12 sys=0.01, real=0.01 secs] 
2016-09-25T22:04:52.402-0400: 80.708: [GC (GCLocker Initiated GC) [PSYoungGen: 158670K->58217K(175104K)] 603781K->515318K(699392K), 0.0096899 secs] [Times: user=0.10 sys=0.00, real=0.01 secs] 
2016-09-25T22:04:52.469-0400: 80.775: [GC (GCLocker Initiated GC) [PSYoungGen: 150377K->65128K(177152K)] 607540K->523312K(701440K), 0.0100667 secs] [Times: user=0.15 sys=0.00, real=0.01 secs] 
2016-09-25T22:04:52.539-0400: 80.845: [GC (GCLocker Initiated GC) [PSYoungGen: 161384K->48831K(177152K)] 621067K->541931K(701440K), 0.0081104 secs] [Times: user=0.13 sys=0.00, real=0.01 secs] 
2016-09-25T22:04:52.547-0400: 80.853: [Full GC (Ergonomics) [PSYoungGen: 48831K->0K(177152K)] [ParOldGen: 493100K->396684K(524288K)] 541931K->396684K(701440K), [Metaspace: 43765K->43765K(1087488K)], 0.0519592 secs] [Times: user=0.36 sys=0.00, real=0.05 secs] 
2016-09-25T22:04:52.658-0400: 80.964: [GC (GCLocker Initiated GC) [PSYoungGen: 96256K->68416K(179200K)] 502259K->474419K(703488K), 0.0076073 secs] [Times: user=0.10 sys=0.00, real=0.01 secs] 
2016-09-25T22:04:52.733-0400: 81.039: [GC (GCLocker Initiated GC) [PSYoungGen: 166720K->63713K(180224K)] 582205K->493150K(704512K), 0.0072028 secs] [Times: user=0.10 sys=0.00, real=0.01 secs] 
2016-09-25T22:04:52.811-0400: 81.116: [GC (GCLocker Initiated GC) [PSYoungGen: 162017K->58422K(177152K)] 601142K->506772K(701440K), 0.0083349 secs] [Times: user=0.10 sys=0.00, real=0.01 secs] 
2016-09-25T22:04:52.880-0400: 81.186: [GC (GCLocker Initiated GC) [PSYoungGen: 157750K->77182K(176640K)] 608968K->532246K(700928K), 0.0075629 secs] [Times: user=0.10 sys=0.01, real=0.01 secs] 
2016-09-25T22:04:52.961-0400: 81.267: [GC (GCLocker Initiated GC) [PSYoungGen: 176510K->58529K(179712K)] 646539K->545884K(704000K), 0.0083887 secs] [Times: user=0.09 sys=0.01, real=0.01 secs] 
2016-09-25T22:04:53.032-0400: 81.338: [Full GC (Ergonomics) [PSYoungGen: 154273K->0K(179712K)] [ParOldGen: 498402K->418036K(524288K)] 652676K->418036K(704000K), [Metaspace: 43765K->43765K(1087488K)], 0.0591619 secs] [Times: user=0.51 sys=0.00, real=0.06 secs] 
2016-09-25T22:04:53.156-0400: 81.462: [GC (GCLocker Initiated GC) [PSYoungGen: 95744K->73343K(169472K)] 515374K->492974K(693760K), 0.0163419 secs] [Times: user=0.26 sys=0.01, real=0.01 secs] 
2016-09-25T22:04:53.233-0400: 81.539: [GC (GCLocker Initiated GC) [PSYoungGen: 169087K->62376K(179712K)] 599681K->495602K(704000K), 0.0115771 secs] [Times: user=0.18 sys=0.00, real=0.02 secs] 
2016-09-25T22:04:53.306-0400: 81.611: [GC (GCLocker Initiated GC) [PSYoungGen: 157608K->65064K(160768K)] 601878K->510472K(685056K), 0.0071822 secs] [Times: user=0.10 sys=0.00, real=0.00 secs] 
2016-09-25T22:04:53.374-0400: 81.680: [GC (GCLocker Initiated GC) [PSYoungGen: 160296K->71847K(175104K)] 605722K->518399K(699392K), 0.0079467 secs] [Times: user=0.09 sys=0.00, real=0.01 secs] 
2016-09-25T22:04:53.447-0400: 81.753: [GC (GCLocker Initiated GC) [PSYoungGen: 165543K->81264K(175104K)] 620281K->537113K(699392K), 0.0082193 secs] [Times: user=0.12 sys=0.00, real=0.01 secs] 
2016-09-25T22:04:53.524-0400: 81.830: [GC (GCLocker Initiated GC) [PSYoungGen: 174960K->73163K(175104K)] 633700K->543813K(699392K), 0.0082863 secs] [Times: user=0.12 sys=0.00, real=0.00 secs] 
2016-09-25T22:04:53.587-0400: 81.893: [GC (GCLocker Initiated GC) [PSYoungGen: 161227K->64966K(153088K)] 637415K->542247K(677376K), 0.0081188 secs] [Times: user=0.11 sys=0.00, real=0.01 secs] 
2016-09-25T22:04:53.657-0400: 81.963: [GC (GCLocker Initiated GC) [PSYoungGen: 153030K->59631K(175104K)] 630538K->547617K(699392K), 0.0068047 secs] [Times: user=0.10 sys=0.01, real=0.01 secs] 
2016-09-25T22:04:53.721-0400: 82.027: [GC (GCLocker Initiated GC) [PSYoungGen: 148719K->52913K(174080K)] 639649K->550227K(698368K), 0.0072930 secs] [Times: user=0.06 sys=0.00, real=0.01 secs] 
2016-09-25T22:04:53.785-0400: 82.091: [Full GC (Ergonomics) [PSYoungGen: 142001K->0K(174080K)] [ParOldGen: 505815K->419856K(524288K)] 647816K->419856K(698368K), [Metaspace: 43765K->43765K(1087488K)], 0.0547497 secs] [Times: user=0.54 sys=0.01, real=0.05 secs] 
2016-09-25T22:04:53.895-0400: 82.200: [GC (GCLocker Initiated GC) [PSYoungGen: 89088K->62813K(173568K)] 515775K->489501K(697856K), 0.0066264 secs] [Times: user=0.08 sys=0.00, real=0.00 secs] 
2016-09-25T22:04:53.956-0400: 82.262: [GC (GCLocker Initiated GC) [PSYoungGen: 154461K->64829K(175104K)] 583929K->520087K(699392K), 0.0084095 secs] [Times: user=0.13 sys=0.00, real=0.01 secs] 
2016-09-25T22:04:54.017-0400: 82.322: [GC (GCLocker Initiated GC) [PSYoungGen: 156477K->62237K(175616K)] 614482K->540025K(699904K), 0.0070666 secs] [Times: user=0.11 sys=0.00, real=0.01 secs] 
2016-09-25T22:04:54.086-0400: 82.392: [GC (GCLocker Initiated GC) [PSYoungGen: 159005K->59708K(177152K)] 643590K->546690K(701440K), 0.0072299 secs] [Times: user=0.09 sys=0.01, real=0.00 secs] 
2016-09-25T22:04:54.148-0400: 82.454: [GC (GCLocker Initiated GC) [PSYoungGen: 156476K->55550K(180224K)] 644867K->545095K(704512K), 0.0071132 secs] [Times: user=0.08 sys=0.00, real=0.01 secs] 
2016-09-25T22:04:54.218-0400: 82.524: [GC (GCLocker Initiated GC) [PSYoungGen: 157438K->52817K(181248K)] 647046K->543479K(705536K), 0.0075325 secs] [Times: user=0.08 sys=0.00, real=0.01 secs] 
2016-09-25T22:04:54.280-0400: 82.585: [GC (GCLocker Initiated GC) [PSYoungGen: 154705K->77244K(174592K)] 645398K->571682K(698880K), 0.0085834 secs] [Times: user=0.13 sys=0.01, real=0.01 secs] 
2016-09-25T22:04:54.346-0400: 82.651: [GC (GCLocker Initiated GC) [PSYoungGen: 172476K->66348K(178688K)] 669665K->567377K(702976K), 0.0078336 secs] [Times: user=0.09 sys=0.00, real=0.00 secs] 
2016-09-25T22:04:54.354-0400: 82.659: [Full GC (Ergonomics) [PSYoungGen: 66348K->0K(178688K)] [ParOldGen: 501028K->431508K(524288K)] 567377K->431508K(702976K), [Metaspace: 43766K->43766K(1087488K)], 0.0599674 secs] [Times: user=0.50 sys=0.01, real=0.06 secs] 
2016-09-25T22:04:54.481-0400: 82.787: [GC (GCLocker Initiated GC) [PSYoungGen: 95232K->38587K(174592K)] 537624K->480979K(698880K), 0.0075045 secs] [Times: user=0.06 sys=0.00, real=0.01 secs] 
2016-09-25T22:04:54.540-0400: 82.846: [GC (GCLocker Initiated GC) [PSYoungGen: 130747K->62296K(177152K)] 578563K->533585K(701440K), 0.0118823 secs] [Times: user=0.15 sys=0.00, real=0.01 secs] 
2016-09-25T22:04:54.611-0400: 82.916: [GC (GCLocker Initiated GC) [PSYoungGen: 154456K->69001K(176640K)] 625835K->542764K(700928K), 0.0074363 secs] [Times: user=0.09 sys=0.02, real=0.01 secs] 
2016-09-25T22:04:54.664-0400: 82.970: [GC (GCLocker Initiated GC) [PSYoungGen: 162697K->75731K(169472K)] 636486K->561333K(693760K), 0.0102477 secs] [Times: user=0.13 sys=0.00, real=0.01 secs] 
2016-09-25T22:04:54.730-0400: 83.036: [GC (GCLocker Initiated GC) [PSYoungGen: 169427K->60913K(177152K)] 657979K->565340K(701440K), 0.0074605 secs] [Times: user=0.10 sys=0.00, real=0.01 secs] 
2016-09-25T22:04:54.738-0400: 83.044: [Full GC (Ergonomics) [PSYoungGen: 60913K->0K(177152K)] [ParOldGen: 504427K->431022K(524288K)] 565340K->431022K(701440K), [Metaspace: 43807K->43807K(1087488K)], 0.0552569 secs] [Times: user=0.55 sys=0.00, real=0.05 secs] 
2016-09-25T22:04:54.850-0400: 83.156: [GC (GCLocker Initiated GC) [PSYoungGen: 90624K->62634K(153600K)] 528405K->500416K(677888K), 0.0086509 secs] [Times: user=0.09 sys=0.00, real=0.01 secs] 
2016-09-25T22:04:54.920-0400: 83.226: [GC (GCLocker Initiated GC) [PSYoungGen: 153258K->50315K(173568K)] 607408K->514024K(697856K), 0.0063592 secs] [Times: user=0.08 sys=0.00, real=0.01 secs] 
2016-09-25T22:04:54.987-0400: 83.292: [GC (GCLocker Initiated GC) [PSYoungGen: 140939K->44677K(173568K)] 610087K->525844K(697856K), 0.0122439 secs] [Times: user=0.16 sys=0.01, real=0.01 secs] 
2016-09-25T22:04:55.050-0400: 83.356: [GC (GCLocker Initiated GC) [PSYoungGen: 135301K->64979K(178688K)] 619219K->549844K(702976K), 0.0075091 secs] [Times: user=0.10 sys=0.00, real=0.01 secs] 
2016-09-25T22:04:55.109-0400: 83.414: [GC (GCLocker Initiated GC) [PSYoungGen: 159699K->75651K(170496K)] 644697K->575189K(694784K), 0.0082084 secs] [Times: user=0.09 sys=0.01, real=0.01 secs] 
2016-09-25T22:04:55.117-0400: 83.423: [Full GC (Ergonomics) [PSYoungGen: 75651K->0K(170496K)] [ParOldGen: 499538K->438381K(524288K)] 575189K->438381K(694784K), [Metaspace: 43811K->43811K(1087488K)], 0.0508359 secs] [Times: user=0.46 sys=0.01, real=0.05 secs] 
2016-09-25T22:04:55.229-0400: 83.535: [GC (GCLocker Initiated GC) [PSYoungGen: 94720K->73891K(174592K)] 538610K->517781K(698880K), 0.0148035 secs] [Times: user=0.22 sys=0.01, real=0.02 secs] 
2016-09-25T22:04:55.295-0400: 83.601: [GC (GCLocker Initiated GC) [PSYoungGen: 161955K->48702K(175104K)] 608664K->513503K(699392K), 0.0065962 secs] [Times: user=0.09 sys=0.00, real=0.00 secs] 
2016-09-25T22:04:55.350-0400: 83.656: [GC (GCLocker Initiated GC) [PSYoungGen: 136766K->79732K(175104K)] 601602K->561700K(699392K), 0.0084643 secs] [Times: user=0.13 sys=0.01, real=0.01 secs] 
2016-09-25T22:04:55.409-0400: 83.715: [GC (GCLocker Initiated GC) [PSYoungGen: 167796K->73107K(175104K)] 652533K->583088K(699392K), 0.0091269 secs] [Times: user=0.13 sys=0.00, real=0.01 secs] 
2016-09-25T22:04:55.418-0400: 83.724: [Full GC (Ergonomics) [PSYoungGen: 73107K->0K(175104K)] [ParOldGen: 509980K->442068K(524288K)] 583088K->442068K(699392K), [Metaspace: 43811K->43811K(1087488K)], 0.0649581 secs] [Times: user=0.52 sys=0.02, real=0.07 secs] 
2016-09-25T22:04:55.534-0400: 83.840: [GC (GCLocker Initiated GC) [PSYoungGen: 88064K->68241K(175104K)] 530314K->510491K(699392K), 0.0075985 secs] [Times: user=0.09 sys=0.00, real=0.01 secs] 
2016-09-25T22:04:55.593-0400: 83.899: [GC (GCLocker Initiated GC) [PSYoungGen: 156305K->59544K(175104K)] 602709K->508893K(699392K), 0.0062300 secs] [Times: user=0.06 sys=0.00, real=0.01 secs] 
2016-09-25T22:04:55.650-0400: 83.956: [GC (GCLocker Initiated GC) [PSYoungGen: 147608K->54144K(175104K)] 600252K->526718K(699392K), 0.0073044 secs] [Times: user=0.11 sys=0.00, real=0.01 secs] 
2016-09-25T22:04:55.707-0400: 84.013: [GC (GCLocker Initiated GC) [PSYoungGen: 142208K->60679K(175104K)] 620307K->539800K(699392K), 0.0155963 secs] [Times: user=0.18 sys=0.00, real=0.02 secs] 
2016-09-25T22:04:55.772-0400: 84.077: [GC (GCLocker Initiated GC) [PSYoungGen: 148743K->67627K(174080K)] 630683K->550391K(698368K), 0.0078509 secs] [Times: user=0.08 sys=0.02, real=0.01 secs] 
2016-09-25T22:04:55.835-0400: 84.141: [GC (GCLocker Initiated GC) [PSYoungGen: 155691K->39540K(174592K)] 642593K->547697K(698880K), 0.0070409 secs] [Times: user=0.07 sys=0.00, real=0.00 secs] 
2016-09-25T22:04:55.842-0400: 84.148: [Full GC (Ergonomics) [PSYoungGen: 39540K->0K(174592K)] [ParOldGen: 508156K->444561K(524288K)] 547697K->444561K(698880K), [Metaspace: 43811K->43811K(1087488K)], 0.0576207 secs] [Times: user=0.48 sys=0.01, real=0.06 secs] 
2016-09-25T22:04:55.956-0400: 84.262: [GC (GCLocker Initiated GC) [PSYoungGen: 88064K->64042K(175104K)] 543457K->519436K(699392K), 0.0072459 secs] [Times: user=0.09 sys=0.00, real=0.01 secs] 
2016-09-25T22:04:56.015-0400: 84.321: [GC (GCLocker Initiated GC) [PSYoungGen: 152618K->64930K(153600K)] 616227K->528539K(677888K), 0.0068883 secs] [Times: user=0.09 sys=0.00, real=0.01 secs] 
2016-09-25T22:04:56.076-0400: 84.382: [GC (GCLocker Initiated GC) [PSYoungGen: 153506K->76490K(173056K)] 625344K->548328K(697344K), 0.0078247 secs] [Times: user=0.11 sys=0.00, real=0.01 secs] 
2016-09-25T22:04:56.132-0400: 84.438: [GC (GCLocker Initiated GC) [PSYoungGen: 164042K->64296K(174592K)] 635916K->569521K(698880K), 0.0080478 secs] [Times: user=0.12 sys=0.00, real=0.01 secs] 
2016-09-25T22:04:56.141-0400: 84.447: [Full GC (Ergonomics) [PSYoungGen: 64296K->0K(174592K)] [ParOldGen: 505225K->447817K(524288K)] 569521K->447817K(698880K), [Metaspace: 43811K->43811K(1087488K)], 0.0530076 secs] [Times: user=0.52 sys=0.00, real=0.05 secs] 
2016-09-25T22:04:56.245-0400: 84.551: [GC (GCLocker Initiated GC) [PSYoungGen: 87552K->57504K(171520K)] 536788K->506740K(695808K), 0.0073904 secs] [Times: user=0.07 sys=0.00, real=0.00 secs] 
2016-09-25T22:04:56.296-0400: 84.602: [GC (GCLocker Initiated GC) [PSYoungGen: 146080K->79949K(173568K)] 598079K->531948K(697856K), 0.0080843 secs] [Times: user=0.12 sys=0.00, real=0.01 secs] 
2016-09-25T22:04:56.348-0400: 84.654: [GC (GCLocker Initiated GC) [PSYoungGen: 168525K->86156K(175104K)] 623397K->554529K(699392K), 0.0087714 secs] [Times: user=0.12 sys=0.00, real=0.01 secs] 
2016-09-25T22:04:56.401-0400: 84.707: [GC (GCLocker Initiated GC) [PSYoungGen: 174220K->76405K(175104K)] 642685K->570250K(699392K), 0.0099329 secs] [Times: user=0.16 sys=0.00, real=0.01 secs] 
2016-09-25T22:04:56.411-0400: 84.717: [Full GC (Ergonomics) [PSYoungGen: 76405K->0K(175104K)] [ParOldGen: 493845K->450985K(524288K)] 570250K->450985K(699392K), [Metaspace: 43853K->43853K(1087488K)], 0.0530353 secs] [Times: user=0.56 sys=0.02, real=0.06 secs] 
2016-09-25T22:04:56.518-0400: 84.824: [GC (GCLocker Initiated GC) [PSYoungGen: 88064K->75177K(175104K)] 541898K->529012K(699392K), 0.0106384 secs] [Times: user=0.14 sys=0.00, real=0.01 secs] 
2016-09-25T22:04:56.580-0400: 84.886: [GC (GCLocker Initiated GC) [PSYoungGen: 163241K->64833K(175104K)] 620575K->525204K(699392K), 0.0067160 secs] [Times: user=0.11 sys=0.00, real=0.01 secs] 
2016-09-25T22:04:56.644-0400: 84.949: [GC (GCLocker Initiated GC) [PSYoungGen: 152897K->58065K(175104K)] 620130K->526208K(699392K), 0.0065143 secs] [Times: user=0.08 sys=0.00, real=0.00 secs] 
2016-09-25T22:04:56.703-0400: 85.009: [GC (GCLocker Initiated GC) [PSYoungGen: 146129K->55263K(175104K)] 628067K->551634K(699392K), 0.0150452 secs] [Times: user=0.21 sys=0.00, real=0.01 secs] 
2016-09-25T22:04:56.719-0400: 85.024: [Full GC (Ergonomics) [PSYoungGen: 55263K->0K(175104K)] [ParOldGen: 496370K->445433K(524288K)] 551634K->445433K(699392K), [Metaspace: 43854K->43854K(1087488K)], 0.0977430 secs] [Times: user=1.32 sys=0.01, real=0.10 secs] 
2016-09-25T22:04:56.879-0400: 85.185: [GC (GCLocker Initiated GC) [PSYoungGen: 88064K->60901K(175104K)] 541828K->514666K(699392K), 0.0106425 secs] [Times: user=0.16 sys=0.00, real=0.01 secs] 
2016-09-25T22:04:56.947-0400: 85.253: [GC (GCLocker Initiated GC) [PSYoungGen: 148965K->63423K(175104K)] 611486K->535049K(699392K), 0.0079206 secs] [Times: user=0.11 sys=0.00, real=0.01 secs] 
2016-09-25T22:04:57.008-0400: 85.313: [GC (GCLocker Initiated GC) [PSYoungGen: 151487K->49891K(175104K)] 631392K->531972K(699392K), 0.0070075 secs] [Times: user=0.08 sys=0.00, real=0.01 secs] 
2016-09-25T22:04:57.069-0400: 85.375: [GC (GCLocker Initiated GC) [PSYoungGen: 137955K->61972K(150528K)] 622901K->551820K(674816K), 0.0074869 secs] [Times: user=0.10 sys=0.00, real=0.01 secs] 
2016-09-25T22:04:57.126-0400: 85.432: [GC (GCLocker Initiated GC) [PSYoungGen: 150036K->78850K(174080K)] 645390K->574203K(698368K), 0.0076921 secs] [Times: user=0.12 sys=0.00, real=0.00 secs] 
2016-09-25T22:04:57.184-0400: 85.490: [Full GC (Ergonomics) [PSYoungGen: 166402K->0K(174080K)] [ParOldGen: 500912K->446834K(524288K)] 667315K->446834K(698368K), [Metaspace: 43862K->43862K(1087488K)], 0.0627268 secs] [Times: user=0.58 sys=0.02, real=0.06 secs] 
2016-09-25T22:04:57.299-0400: 85.604: [GC (GCLocker Initiated GC) [PSYoungGen: 87552K->67768K(174592K)] 534459K->514676K(698880K), 0.0092804 secs] [Times: user=0.13 sys=0.00, real=0.01 secs] 
2016-09-25T22:04:57.352-0400: 85.657: [GC (GCLocker Initiated GC) [PSYoungGen: 155320K->78304K(175104K)] 605013K->533249K(699392K), 0.0083151 secs] [Times: user=0.12 sys=0.01, real=0.01 secs] 
2016-09-25T22:04:57.411-0400: 85.716: [GC (GCLocker Initiated GC) [PSYoungGen: 166368K->72809K(175104K)] 621987K->537322K(699392K), 0.0080504 secs] [Times: user=0.10 sys=0.01, real=0.01 secs] 
2016-09-25T22:04:57.468-0400: 85.774: [GC (GCLocker Initiated GC) [PSYoungGen: 160873K->57893K(175104K)] 632304K->535535K(699392K), 0.0068022 secs] [Times: user=0.07 sys=0.01, real=0.01 secs] 
2016-09-25T22:04:57.533-0400: 85.839: [GC (GCLocker Initiated GC) [PSYoungGen: 145957K->48514K(175104K)] 627904K->545984K(699392K), 0.0106079 secs] [Times: user=0.13 sys=0.02, real=0.02 secs] 
2016-09-25T22:04:57.590-0400: 85.896: [GC (GCLocker Initiated GC) [PSYoungGen: 136578K->74072K(175104K)] 634286K->580704K(699392K), 0.0082927 secs] [Times: user=0.13 sys=0.01, real=0.01 secs] 
2016-09-25T22:04:57.598-0400: 85.904: [Full GC (Ergonomics) [PSYoungGen: 74072K->0K(175104K)] [ParOldGen: 506631K->445218K(524288K)] 580704K->445218K(699392K), [Metaspace: 43866K->43866K(1087488K)], 0.0528423 secs] [Times: user=0.52 sys=0.00, real=0.05 secs] 
2016-09-25T22:04:57.696-0400: 86.002: [GC (GCLocker Initiated GC) [PSYoungGen: 88064K->74859K(175104K)] 533381K->520176K(699392K), 0.0070405 secs] [Times: user=0.10 sys=0.00, real=0.01 secs] 
2016-09-25T22:04:57.755-0400: 86.061: [GC (GCLocker Initiated GC) [PSYoungGen: 162923K->51205K(175104K)] 608458K->527919K(699392K), 0.0074229 secs] [Times: user=0.11 sys=0.01, real=0.01 secs] 
2016-09-25T22:04:57.809-0400: 86.115: [GC (GCLocker Initiated GC) [PSYoungGen: 139269K->74059K(175104K)] 616155K->551736K(699392K), 0.0111861 secs] [Times: user=0.16 sys=0.00, real=0.01 secs] 
2016-09-25T22:04:57.875-0400: 86.181: [GC (GCLocker Initiated GC) [PSYoungGen: 162123K->44511K(175104K)] 646596K->539121K(699392K), 0.0056134 secs] [Times: user=0.07 sys=0.00, real=0.00 secs] 
2016-09-25T22:04:57.924-0400: 86.229: [GC (GCLocker Initiated GC) [PSYoungGen: 132575K->67282K(175104K)] 627221K->562790K(699392K), 0.0135780 secs] [Times: user=0.21 sys=0.00, real=0.01 secs] 
2016-09-25T22:04:57.979-0400: 86.284: [GC (GCLocker Initiated GC) [PSYoungGen: 155346K->61877K(175104K)] 651008K->558183K(699392K), 0.0074756 secs] [Times: user=0.07 sys=0.00, real=0.01 secs] 
2016-09-25T22:04:58.034-0400: 86.340: [Full GC (Ergonomics) [PSYoungGen: 149941K->0K(175104K)] [ParOldGen: 504468K->455236K(524288K)] 654409K->455236K(699392K), [Metaspace: 43881K->43881K(1087488K)], 0.0516847 secs] [Times: user=0.44 sys=0.03, real=0.05 secs] 
2016-09-25T22:04:58.139-0400: 86.445: [GC (GCLocker Initiated GC) [PSYoungGen: 88064K->74377K(175104K)] 548883K->535196K(699392K), 0.0077015 secs] [Times: user=0.12 sys=0.00, real=0.01 secs] 
2016-09-25T22:04:58.202-0400: 86.508: [GC (GCLocker Initiated GC) [PSYoungGen: 162441K->32275K(175104K)] 628760K->536113K(699392K), 0.0066139 secs] [Times: user=0.08 sys=0.01, real=0.01 secs] 
2016-09-25T22:04:58.208-0400: 86.514: [Full GC (Ergonomics) [PSYoungGen: 32275K->0K(175104K)] [ParOldGen: 503837K->448186K(524288K)] 536113K->448186K(699392K), [Metaspace: 43881K->43881K(1087488K)], 0.1394410 secs] [Times: user=1.92 sys=0.00, real=0.14 secs] 
2016-09-25T22:04:58.403-0400: 86.709: [GC (GCLocker Initiated GC) [PSYoungGen: 88064K->55859K(175104K)] 548535K->516330K(699392K), 0.0065761 secs] [Times: user=0.10 sys=0.00, real=0.00 secs] 
2016-09-25T22:04:58.455-0400: 86.761: [GC (GCLocker Initiated GC) [PSYoungGen: 143923K->59307K(175104K)] 607330K->541635K(699392K), 0.0083772 secs] [Times: user=0.11 sys=0.00, real=0.01 secs] 
2016-09-25T22:04:58.511-0400: 86.817: [GC (GCLocker Initiated GC) [PSYoungGen: 147371K->67504K(175104K)] 633858K->565536K(699392K), 0.0070388 secs] [Times: user=0.12 sys=0.00, real=0.01 secs] 
2016-09-25T22:04:58.518-0400: 86.824: [Full GC (Ergonomics) [PSYoungGen: 67504K->0K(175104K)] [ParOldGen: 498031K->453104K(524288K)] 565536K->453104K(699392K), [Metaspace: 43881K->43881K(1087488K)], 0.0572102 secs] [Times: user=0.48 sys=0.00, real=0.06 secs] 
2016-09-25T22:04:58.624-0400: 86.929: [GC (GCLocker Initiated GC) [PSYoungGen: 88064K->77211K(175104K)] 546642K->535790K(699392K), 0.0077790 secs] [Times: user=0.13 sys=0.00, real=0.00 secs] 
2016-09-25T22:04:58.679-0400: 86.984: [GC (GCLocker Initiated GC) [PSYoungGen: 165275K->78116K(175104K)] 626811K->554234K(699392K), 0.0088303 secs] [Times: user=0.13 sys=0.00, real=0.01 secs] 
2016-09-25T22:04:58.735-0400: 87.041: [GC (GCLocker Initiated GC) [PSYoungGen: 166180K->70168K(175104K)] 650465K->555122K(699392K), 0.0073631 secs] [Times: user=0.10 sys=0.00, real=0.01 secs] 
2016-09-25T22:04:58.794-0400: 87.100: [GC (GCLocker Initiated GC) [PSYoungGen: 158232K->45740K(175104K)] 647256K->559845K(699392K), 0.0067583 secs] [Times: user=0.09 sys=0.01, real=0.00 secs] 
2016-09-25T22:04:58.801-0400: 87.107: [Full GC (Ergonomics) [PSYoungGen: 45740K->0K(175104K)] [ParOldGen: 514105K->450119K(524288K)] 559845K->450119K(699392K), [Metaspace: 43881K->43881K(1087488K)], 0.0469851 secs] [Times: user=0.40 sys=0.00, real=0.05 secs] 
2016-09-25T22:04:58.894-0400: 87.200: [GC (GCLocker Initiated GC) [PSYoungGen: 88064K->58338K(175104K)] 546507K->516782K(699392K), 0.0130385 secs] [Times: user=0.20 sys=0.00, real=0.01 secs] 
2016-09-25T22:04:58.954-0400: 87.260: [GC (GCLocker Initiated GC) [PSYoungGen: 146402K->67310K(175104K)] 613053K->535160K(699392K), 0.0082032 secs] [Times: user=0.12 sys=0.01, real=0.01 secs] 
2016-09-25T22:04:59.010-0400: 87.316: [GC (GCLocker Initiated GC) [PSYoungGen: 155374K->60654K(175104K)] 628691K->561683K(699392K), 0.0080728 secs] [Times: user=0.11 sys=0.01, real=0.01 secs] 
2016-09-25T22:04:59.018-0400: 87.324: [Full GC (Ergonomics) [PSYoungGen: 60654K->0K(175104K)] [ParOldGen: 501028K->457457K(524288K)] 561683K->457457K(699392K), [Metaspace: 43881K->43881K(1087488K)], 0.0528333 secs] [Times: user=0.52 sys=0.00, real=0.05 secs] 
2016-09-25T22:04:59.119-0400: 87.425: [GC (GCLocker Initiated GC) [PSYoungGen: 88064K->66406K(175104K)] 545571K->523913K(699392K), 0.0082090 secs] [Times: user=0.12 sys=0.00, real=0.01 secs] 
2016-09-25T22:04:59.175-0400: 87.481: [GC (GCLocker Initiated GC) [PSYoungGen: 154470K->68218K(174080K)] 612114K->525861K(698368K), 0.0103280 secs] [Times: user=0.14 sys=0.00, real=0.01 secs] 
2016-09-25T22:04:59.231-0400: 87.536: [GC (GCLocker Initiated GC) [PSYoungGen: 156282K->83777K(174592K)] 616707K->544202K(698880K), 0.0074347 secs] [Times: user=0.10 sys=0.00, real=0.01 secs] 
2016-09-25T22:04:59.287-0400: 87.592: [GC (GCLocker Initiated GC) [PSYoungGen: 171841K->66602K(175104K)] 637915K->558580K(699392K), 0.0090359 secs] [Times: user=0.13 sys=0.00, real=0.01 secs] 
2016-09-25T22:04:59.296-0400: 87.602: [Full GC (Ergonomics) [PSYoungGen: 66602K->0K(175104K)] [ParOldGen: 491977K->465221K(524288K)] 558580K->465221K(699392K), [Metaspace: 43881K->43881K(1087488K)], 0.0510406 secs] [Times: user=0.54 sys=0.00, real=0.05 secs] 
2016-09-25T22:04:59.396-0400: 87.702: [GC (GCLocker Initiated GC) [PSYoungGen: 88064K->72965K(175104K)] 553409K->538310K(699392K), 0.0074216 secs] [Times: user=0.11 sys=0.00, real=0.01 secs] 
2016-09-25T22:04:59.456-0400: 87.762: [GC (GCLocker Initiated GC) [PSYoungGen: 161029K->53939K(175104K)] 631853K->547277K(699392K), 0.0068031 secs] [Times: user=0.09 sys=0.01, real=0.01 secs] 
2016-09-25T22:04:59.463-0400: 87.769: [Full GC (Ergonomics) [PSYoungGen: 53939K->0K(175104K)] [ParOldGen: 493338K->458298K(524288K)] 547277K->458298K(699392K), [Metaspace: 43881K->43881K(1087488K)], 0.0590114 secs] [Times: user=0.59 sys=0.00, real=0.06 secs] 
2016-09-25T22:04:59.573-0400: 87.878: [GC (GCLocker Initiated GC) [PSYoungGen: 88064K->69079K(175104K)] 551867K->532882K(699392K), 0.0068927 secs] [Times: user=0.09 sys=0.00, real=0.01 secs] 
2016-09-25T22:04:59.629-0400: 87.935: [GC (GCLocker Initiated GC) [PSYoungGen: 157143K->59277K(175104K)] 624613K->549471K(699392K), 0.0078929 secs] [Times: user=0.10 sys=0.01, real=0.01 secs] 
2016-09-25T22:04:59.637-0400: 87.943: [Full GC (Ergonomics) [PSYoungGen: 59277K->0K(175104K)] [ParOldGen: 490193K->463696K(524288K)] 549471K->463696K(699392K), [Metaspace: 43881K->43881K(1087488K)], 0.0520897 secs] [Times: user=0.47 sys=0.00, real=0.05 secs] 
2016-09-25T22:04:59.747-0400: 88.053: [GC (GCLocker Initiated GC) [PSYoungGen: 88064K->54076K(175104K)] 551768K->517780K(699392K), 0.0062133 secs] [Times: user=0.08 sys=0.00, real=0.00 secs] 
2016-09-25T22:04:59.795-0400: 88.101: [GC (GCLocker Initiated GC) [PSYoungGen: 142140K->79092K(175104K)] 608586K->545538K(699392K), 0.0075859 secs] [Times: user=0.12 sys=0.01, real=0.01 secs] 
2016-09-25T22:04:59.851-0400: 88.157: [GC (GCLocker Initiated GC) [PSYoungGen: 167156K->63295K(175104K)] 633671K->540842K(699392K), 0.0074439 secs] [Times: user=0.11 sys=0.00, real=0.01 secs] 
2016-09-25T22:04:59.904-0400: 88.210: [GC (GCLocker Initiated GC) [PSYoungGen: 151359K->72808K(175104K)] 631859K->553991K(699392K), 0.0080495 secs] [Times: user=0.11 sys=0.00, real=0.00 secs] 
2016-09-25T22:04:59.959-0400: 88.265: [GC (GCLocker Initiated GC) [PSYoungGen: 160872K->67249K(175104K)] 644951K->552081K(699392K), 0.0086217 secs] [Times: user=0.10 sys=0.00, real=0.01 secs] 
2016-09-25T22:05:00.014-0400: 88.319: [GC (GCLocker Initiated GC) [PSYoungGen: 155313K->47429K(175104K)] 640228K->532344K(699392K), 0.0201744 secs] [Times: user=0.24 sys=0.00, real=0.02 secs] 
2016-09-25T22:05:00.082-0400: 88.388: [GC (GCLocker Initiated GC) [PSYoungGen: 135493K->57864K(175104K)] 625896K->557680K(699392K), 0.0178978 secs] [Times: user=0.16 sys=0.00, real=0.01 secs] 
2016-09-25T22:05:00.100-0400: 88.406: [Full GC (Ergonomics) [PSYoungGen: 57864K->0K(175104K)] [ParOldGen: 499816K->466573K(524288K)] 557680K->466573K(699392K), [Metaspace: 43881K->43881K(1087488K)], 0.0628070 secs] [Times: user=0.38 sys=0.01, real=0.07 secs] 
2016-09-25T22:05:00.210-0400: 88.516: [GC (GCLocker Initiated GC) [PSYoungGen: 88064K->74291K(175104K)] 554798K->541026K(699392K), 0.0105618 secs] [Times: user=0.12 sys=0.00, real=0.01 secs] 
2016-09-25T22:05:00.266-0400: 88.571: [GC (GCLocker Initiated GC) [PSYoungGen: 162355K->70175K(175104K)] 632013K->548916K(699392K), 0.0098675 secs] [Times: user=0.14 sys=0.00, real=0.01 secs] 
2016-09-25T22:05:00.324-0400: 88.630: [GC (GCLocker Initiated GC) [PSYoungGen: 158239K->59054K(175104K)] 638538K->542778K(699392K), 0.0155997 secs] [Times: user=0.20 sys=0.00, real=0.01 secs] 
2016-09-25T22:05:00.387-0400: 88.692: [GC (GCLocker Initiated GC) [PSYoungGen: 147118K->72014K(175104K)] 633703K->558598K(699392K), 0.0137441 secs] [Times: user=0.20 sys=0.00, real=0.01 secs] 
2016-09-25T22:05:00.443-0400: 88.749: [GC (GCLocker Initiated GC) [PSYoungGen: 160078K->72655K(175104K)] 652143K->578126K(699392K), 0.0085981 secs] [Times: user=0.11 sys=0.00, real=0.00 secs] 
2016-09-25T22:05:00.452-0400: 88.758: [Full GC (Ergonomics) [PSYoungGen: 72655K->0K(175104K)] [ParOldGen: 505471K->469383K(524288K)] 578126K->469383K(699392K), [Metaspace: 43881K->43881K(1087488K)], 0.0564872 secs] [Times: user=0.58 sys=0.00, real=0.06 secs] 
2016-09-25T22:05:00.554-0400: 88.859: [GC (GCLocker Initiated GC) [PSYoungGen: 88064K->63682K(152064K)] 565674K->541292K(676352K), 0.0075639 secs] [Times: user=0.08 sys=0.00, real=0.01 secs] 
2016-09-25T22:05:00.615-0400: 88.921: [GC (GCLocker Initiated GC) [PSYoungGen: 151746K->58958K(174592K)] 644436K->551648K(698880K), 0.0088643 secs] [Times: user=0.11 sys=0.00, real=0.01 secs] 
2016-09-25T22:05:00.682-0400: 88.988: [GC (GCLocker Initiated GC) [PSYoungGen: 147534K->59673K(174080K)] 641595K->553735K(698368K), 0.0132333 secs] [Times: user=0.17 sys=0.00, real=0.02 secs] 
2016-09-25T22:05:00.737-0400: 89.042: [GC (GCLocker Initiated GC) [PSYoungGen: 148249K->62835K(175104K)] 642327K->556912K(699392K), 0.0069630 secs] [Times: user=0.06 sys=0.01, real=0.01 secs] 
2016-09-25T22:05:00.793-0400: 89.099: [Full GC (Ergonomics) [PSYoungGen: 154995K->0K(175104K)] [ParOldGen: 503650K->469886K(524288K)] 658646K->469886K(699392K), [Metaspace: 43881K->43881K(1087488K)], 0.0486735 secs] [Times: user=0.42 sys=0.00, real=0.06 secs] 
2016-09-25T22:05:00.889-0400: 89.195: [GC (GCLocker Initiated GC) [PSYoungGen: 92160K->66346K(175104K)] 564839K->539025K(699392K), 0.0098930 secs] [Times: user=0.13 sys=0.02, real=0.01 secs] 
2016-09-25T22:05:00.959-0400: 89.265: [GC (GCLocker Initiated GC) [PSYoungGen: 158506K->65900K(178176K)] 636672K->544067K(702464K), 0.0097815 secs] [Times: user=0.16 sys=0.00, real=0.01 secs] 
2016-09-25T22:05:01.017-0400: 89.323: [GC (GCLocker Initiated GC) [PSYoungGen: 163180K->74739K(177664K)] 641406K->552965K(701952K), 0.0073728 secs] [Times: user=0.10 sys=0.00, real=0.01 secs] 
2016-09-25T22:05:01.079-0400: 89.385: [GC (GCLocker Initiated GC) [PSYoungGen: 172019K->80972K(171520K)] 650313K->570065K(695808K), 0.0098322 secs] [Times: user=0.13 sys=0.00, real=0.01 secs] 
2016-09-25T22:05:01.142-0400: 89.448: [GC (GCLocker Initiated GC) [PSYoungGen: 170060K->84324K(173568K)] 660961K->586025K(697856K), 0.0100539 secs] [Times: user=0.12 sys=0.01, real=0.01 secs] 
2016-09-25T22:05:01.207-0400: 89.513: [Full GC (Ergonomics) [PSYoungGen: 173412K->0K(173568K)] [ParOldGen: 504441K->467571K(524288K)] 677853K->467571K(697856K), [Metaspace: 43890K->43890K(1087488K)], 0.0565020 secs] [Times: user=0.51 sys=0.02, real=0.06 secs] 
2016-09-25T22:05:01.312-0400: 89.617: [GC (GCLocker Initiated GC) [PSYoungGen: 89088K->80066K(175104K)] 559400K->550379K(699392K), 0.0084653 secs] [Times: user=0.11 sys=0.00, real=0.01 secs] 
2016-09-25T22:05:01.371-0400: 89.677: [GC (GCLocker Initiated GC) [PSYoungGen: 168130K->86297K(175104K)] 643934K->570201K(699392K), 0.0102794 secs] [Times: user=0.13 sys=0.00, real=0.01 secs] 
2016-09-25T22:05:01.428-0400: 89.734: [GC (GCLocker Initiated GC) [PSYoungGen: 174361K->85713K(175104K)] 667860K->579212K(699392K), 0.0103178 secs] [Times: user=0.16 sys=0.00, real=0.01 secs] 
2016-09-25T22:05:01.485-0400: 89.791: [GC (GCLocker Initiated GC) [PSYoungGen: 173777K->79826K(175104K)] 672817K->578867K(699392K), 0.0083597 secs] [Times: user=0.08 sys=0.00, real=0.00 secs] 
2016-09-25T22:05:01.541-0400: 89.846: [GC (GCLocker Initiated GC) --[PSYoungGen: 167890K->167890K(175104K)] 669678K->689815K(699392K), 0.0162924 secs] [Times: user=0.19 sys=0.00, real=0.02 secs] 
2016-09-25T22:05:01.557-0400: 89.863: [Full GC (Ergonomics) [PSYoungGen: 167890K->0K(175104K)] [ParOldGen: 521925K->481128K(524288K)] 689815K->481128K(699392K), [Metaspace: 43894K->43894K(1087488K)], 0.0619202 secs] [Times: user=0.57 sys=0.00, real=0.06 secs] 
2016-09-25T22:05:01.673-0400: 89.979: [GC (GCLocker Initiated GC) [PSYoungGen: 88064K->58455K(175104K)] 572756K->543147K(699392K), 0.0083432 secs] [Times: user=0.07 sys=0.00, real=0.01 secs] 
2016-09-25T22:05:01.736-0400: 90.042: [GC (GCLocker Initiated GC) [PSYoungGen: 146519K->66042K(175104K)] 634097K->553620K(699392K), 0.0182805 secs] [Times: user=0.19 sys=0.02, real=0.02 secs] 
2016-09-25T22:05:01.813-0400: 90.119: [GC (GCLocker Initiated GC) [PSYoungGen: 154106K->49307K(175104K)] 647203K->545085K(699392K), 0.0155314 secs] [Times: user=0.16 sys=0.00, real=0.02 secs] 
2016-09-25T22:05:01.884-0400: 90.190: [GC (GCLocker Initiated GC) [PSYoungGen: 137371K->37881K(175104K)] 640207K->561282K(699392K), 0.0059377 secs] [Times: user=0.05 sys=0.00, real=0.00 secs] 
2016-09-25T22:05:01.890-0400: 90.196: [Full GC (Ergonomics) [PSYoungGen: 37881K->0K(175104K)] [ParOldGen: 523400K->479106K(524288K)] 561282K->479106K(699392K), [Metaspace: 43899K->43899K(1087488K)], 0.0501178 secs] [Times: user=0.42 sys=0.01, real=0.05 secs] 
2016-09-25T22:05:01.991-0400: 90.297: [GC (GCLocker Initiated GC) [PSYoungGen: 88064K->58521K(175104K)] 572643K->543101K(699392K), 0.0151540 secs] [Times: user=0.17 sys=0.00, real=0.02 secs] 
2016-09-25T22:05:02.061-0400: 90.367: [GC (GCLocker Initiated GC) [PSYoungGen: 146585K->67472K(175104K)] 631351K->569928K(699392K), 0.0076719 secs] [Times: user=0.11 sys=0.01, real=0.01 secs] 
2016-09-25T22:05:02.069-0400: 90.375: [Full GC (Ergonomics) [PSYoungGen: 67472K->0K(175104K)] [ParOldGen: 502455K->483414K(524288K)] 569928K->483414K(699392K), [Metaspace: 43899K->43899K(1087488K)], 0.0583938 secs] [Times: user=0.62 sys=0.00, real=0.06 secs] 
2016-09-25T22:05:02.170-0400: 90.476: [GC (GCLocker Initiated GC) [PSYoungGen: 88064K->76391K(175104K)] 571520K->559848K(699392K), 0.0076914 secs] [Times: user=0.09 sys=0.02, real=0.01 secs] 
2016-09-25T22:05:02.237-0400: 90.543: [GC (GCLocker Initiated GC) [PSYoungGen: 164455K->59552K(175104K)] 652172K->550288K(699392K), 0.0057529 secs] [Times: user=0.06 sys=0.00, real=0.01 secs] 
2016-09-25T22:05:02.287-0400: 90.593: [GC (GCLocker Initiated GC) [PSYoungGen: 147616K->86641K(175104K)] 641128K->581167K(699392K), 0.0091558 secs] [Times: user=0.12 sys=0.00, real=0.01 secs] 
2016-09-25T22:05:02.345-0400: 90.651: [GC (GCLocker Initiated GC) [PSYoungGen: 174705K->74460K(175104K)] 676018K->576812K(699392K), 0.0078755 secs] [Times: user=0.13 sys=0.00, real=0.00 secs] 
2016-09-25T22:05:02.407-0400: 90.713: [Full GC (Ergonomics) [PSYoungGen: 162524K->0K(175104K)] [ParOldGen: 514546K->496171K(524288K)] 677070K->496171K(699392K), [Metaspace: 43906K->43906K(1087488K)], 0.0583277 secs] [Times: user=0.56 sys=0.00, real=0.06 secs] 
2016-09-25T22:05:02.518-0400: 90.824: [Full GC (Ergonomics) [PSYoungGen: 88064K->0K(175104K)] [ParOldGen: 509772K->488664K(524288K)] 597836K->488664K(699392K), [Metaspace: 43906K->43906K(1087488K)], 0.0710945 secs] [Times: user=0.77 sys=0.00, real=0.07 secs] 
2016-09-25T22:05:02.641-0400: 90.946: [GC (GCLocker Initiated GC) [PSYoungGen: 88064K->73739K(175104K)] 587704K->573380K(699392K), 0.0076785 secs] [Times: user=0.11 sys=0.00, real=0.01 secs] 
2016-09-25T22:05:02.718-0400: 91.024: [GC (GCLocker Initiated GC) [PSYoungGen: 161803K->48871K(175104K)] 666854K->569018K(699392K), 0.0069266 secs] [Times: user=0.09 sys=0.00, real=0.01 secs] 
2016-09-25T22:05:02.725-0400: 91.031: [Full GC (Ergonomics) [PSYoungGen: 48871K->0K(175104K)] [ParOldGen: 520147K->473155K(524288K)] 569018K->473155K(699392K), [Metaspace: 43906K->43906K(1087488K)], 0.0662035 secs] [Times: user=0.64 sys=0.06, real=0.06 secs] 
2016-09-25T22:05:02.846-0400: 91.152: [GC (GCLocker Initiated GC) [PSYoungGen: 88064K->59973K(175104K)] 561228K->533138K(699392K), 0.0087799 secs] [Times: user=0.12 sys=0.00, real=0.01 secs] 
2016-09-25T22:05:02.894-0400: 91.200: [GC (GCLocker Initiated GC) [PSYoungGen: 148037K->83940K(175104K)] 621380K->569574K(699392K), 0.0090006 secs] [Times: user=0.14 sys=0.00, real=0.01 secs] 
2016-09-25T22:05:02.954-0400: 91.260: [GC (GCLocker Initiated GC) [PSYoungGen: 172004K->74555K(175104K)] 663044K->566672K(699392K), 0.0070114 secs] [Times: user=0.10 sys=0.00, real=0.01 secs] 
2016-09-25T22:05:03.019-0400: 91.324: [GC (GCLocker Initiated GC) [PSYoungGen: 162619K->54207K(175104K)] 654822K->548891K(699392K), 0.0225950 secs] [Times: user=0.28 sys=0.00, real=0.02 secs] 
2016-09-25T22:05:03.087-0400: 91.393: [GC (GCLocker Initiated GC) [PSYoungGen: 142271K->86738K(175104K)] 642441K->587992K(699392K), 0.0072723 secs] [Times: user=0.10 sys=0.00, real=0.01 secs] 
2016-09-25T22:05:03.144-0400: 91.450: [GC (GCLocker Initiated GC) [PSYoungGen: 174802K->75842K(175104K)] 678796K->599952K(699392K), 0.0088573 secs] [Times: user=0.12 sys=0.01, real=0.00 secs] 
2016-09-25T22:05:03.153-0400: 91.459: [Full GC (Ergonomics) [PSYoungGen: 75842K->0K(175104K)] [ParOldGen: 524109K->488451K(524288K)] 599952K->488451K(699392K), [Metaspace: 43906K->43906K(1087488K)], 0.0641240 secs] [Times: user=0.59 sys=0.00, real=0.07 secs] 
2016-09-25T22:05:03.269-0400: 91.575: [GC (GCLocker Initiated GC) [PSYoungGen: 88064K->76642K(175104K)] 577894K->566473K(699392K), 0.0080178 secs] [Times: user=0.12 sys=0.00, real=0.01 secs] 
2016-09-25T22:05:03.334-0400: 91.640: [GC (GCLocker Initiated GC) [PSYoungGen: 164706K->52796K(175104K)] 664081K->554059K(699392K), 0.0074952 secs] [Times: user=0.05 sys=0.00, real=0.00 secs] 
2016-09-25T22:05:03.392-0400: 91.698: [Full GC (Ergonomics) [PSYoungGen: 140860K->0K(175104K)] [ParOldGen: 504099K->496745K(524288K)] 644960K->496745K(699392K), [Metaspace: 43906K->43906K(1087488K)], 0.0557555 secs] [Times: user=0.57 sys=0.01, real=0.06 secs] 
2016-09-25T22:05:03.500-0400: 91.806: [Full GC (Ergonomics) [PSYoungGen: 88064K->0K(175104K)] [ParOldGen: 504913K->492085K(524288K)] 592977K->492085K(699392K), [Metaspace: 43906K->43906K(1087488K)], 0.0486970 secs] [Times: user=0.36 sys=0.00, real=0.05 secs] 
2016-09-25T22:05:03.598-0400: 91.904: [GC (GCLocker Initiated GC) [PSYoungGen: 88064K->72592K(175104K)] 585600K->570129K(699392K), 0.0079784 secs] [Times: user=0.10 sys=0.00, real=0.01 secs] 
2016-09-25T22:05:03.658-0400: 91.964: [GC (GCLocker Initiated GC) [PSYoungGen: 160656K->81307K(175104K)] 661149K->589103K(699392K), 0.0080242 secs] [Times: user=0.09 sys=0.00, real=0.01 secs] 
2016-09-25T22:05:03.666-0400: 91.972: [Full GC (Ergonomics) [PSYoungGen: 81307K->0K(175104K)] [ParOldGen: 507796K->496862K(524288K)] 589103K->496862K(699392K), [Metaspace: 43906K->43906K(1087488K)], 0.0571238 secs] [Times: user=0.58 sys=0.00, real=0.06 secs] 
2016-09-25T22:05:03.776-0400: 92.082: [Full GC (Ergonomics) [PSYoungGen: 88064K->0K(175104K)] [ParOldGen: 510606K->500374K(524288K)] 598670K->500374K(699392K), [Metaspace: 43906K->43906K(1087488K)], 0.0907155 secs] [Times: user=1.12 sys=0.00, real=0.09 secs] 
2016-09-25T22:05:03.923-0400: 92.228: [Full GC (Ergonomics) [PSYoungGen: 88064K->0K(175104K)] [ParOldGen: 507210K->496075K(524288K)] 595274K->496075K(699392K), [Metaspace: 43906K->43906K(1087488K)], 0.0498097 secs] [Times: user=0.45 sys=0.00, real=0.04 secs] 
2016-09-25T22:05:04.030-0400: 92.336: [GC (GCLocker Initiated GC) [PSYoungGen: 88064K->68295K(175104K)] 587014K->567245K(699392K), 0.0101754 secs] [Times: user=0.15 sys=0.01, real=0.01 secs] 
2016-09-25T22:05:04.089-0400: 92.395: [GC (GCLocker Initiated GC) --[PSYoungGen: 156359K->156359K(175104K)] 655351K->679985K(699392K), 0.0111349 secs] [Times: user=0.11 sys=0.00, real=0.01 secs] 
2016-09-25T22:05:04.100-0400: 92.406: [Full GC (Ergonomics) [PSYoungGen: 156359K->0K(175104K)] [ParOldGen: 523626K->495026K(524288K)] 679985K->495026K(699392K), [Metaspace: 43906K->43906K(1087488K)], 0.0595033 secs] [Times: user=0.60 sys=0.01, real=0.06 secs] 
2016-09-25T22:05:04.224-0400: 92.530: [GC (GCLocker Initiated GC) [PSYoungGen: 88064K->57457K(175104K)] 583312K->552706K(699392K), 0.0143406 secs] [Times: user=0.20 sys=0.00, real=0.01 secs] 
2016-09-25T22:05:04.282-0400: 92.587: [GC (GCLocker Initiated GC) [PSYoungGen: 145521K->56938K(175104K)] 643621K->572847K(699392K), 0.0066703 secs] [Times: user=0.09 sys=0.00, real=0.01 secs] 
2016-09-25T22:05:04.288-0400: 92.594: [Full GC (Ergonomics) [PSYoungGen: 56938K->0K(175104K)] [ParOldGen: 515909K->496762K(524288K)] 572847K->496762K(699392K), [Metaspace: 43906K->43906K(1087488K)], 0.0681171 secs] [Times: user=0.59 sys=0.01, real=0.07 secs] 
2016-09-25T22:05:04.414-0400: 92.719: [GC (GCLocker Initiated GC) [PSYoungGen: 88064K->73631K(175104K)] 584864K->570431K(699392K), 0.0071362 secs] [Times: user=0.10 sys=0.00, real=0.01 secs] 
2016-09-25T22:05:04.463-0400: 92.768: [GC (GCLocker Initiated GC) [PSYoungGen: 161695K->61027K(175104K)] 658606K->570362K(699392K), 0.0074287 secs] [Times: user=0.11 sys=0.00, real=0.00 secs] 
2016-09-25T22:05:04.470-0400: 92.776: [Full GC (Ergonomics) [PSYoungGen: 61027K->0K(175104K)] [ParOldGen: 509335K->498447K(524288K)] 570362K->498447K(699392K), [Metaspace: 43907K->43907K(1087488K)], 0.0515864 secs] [Times: user=0.45 sys=0.00, real=0.05 secs] 
2016-09-25T22:05:04.570-0400: 92.876: [GC (GCLocker Initiated GC) [PSYoungGen: 88064K->81757K(175104K)] 586604K->580298K(699392K), 0.0092289 secs] [Times: user=0.14 sys=0.00, real=0.01 secs] 
2016-09-25T22:05:04.637-0400: 92.943: [Full GC (Ergonomics) [PSYoungGen: 169821K->0K(175104K)] [ParOldGen: 507731K->500141K(524288K)] 677553K->500141K(699392K), [Metaspace: 43907K->43907K(1087488K)], 0.0487062 secs] [Times: user=0.37 sys=0.01, real=0.05 secs] 
2016-09-25T22:05:04.739-0400: 93.045: [GC (GCLocker Initiated GC) [PSYoungGen: 88064K->59749K(175104K)] 589600K->561286K(699392K), 0.0065965 secs] [Times: user=0.08 sys=0.00, real=0.01 secs] 
2016-09-25T22:05:04.797-0400: 93.103: [GC (GCLocker Initiated GC) [PSYoungGen: 147813K->52393K(175104K)] 649393K->571425K(699392K), 0.0070654 secs] [Times: user=0.10 sys=0.00, real=0.01 secs] 
2016-09-25T22:05:04.804-0400: 93.110: [Full GC (Ergonomics) [PSYoungGen: 52393K->0K(175104K)] [ParOldGen: 519031K->495930K(524288K)] 571425K->495930K(699392K), [Metaspace: 43907K->43907K(1087488K)], 0.0564303 secs] [Times: user=0.55 sys=0.00, real=0.05 secs] 
2016-09-25T22:05:04.919-0400: 93.225: [Full GC (Ergonomics) [PSYoungGen: 88064K->0K(175104K)] [ParOldGen: 509544K->494220K(524288K)] 597608K->494220K(699392K), [Metaspace: 43907K->43907K(1087488K)], 0.0625150 secs] [Times: user=0.70 sys=0.00, real=0.06 secs] 
2016-09-25T22:05:05.035-0400: 93.341: [GC (GCLocker Initiated GC) [PSYoungGen: 88064K->61068K(175104K)] 582310K->555315K(699392K), 0.0067369 secs] [Times: user=0.09 sys=0.00, real=0.00 secs] 
2016-09-25T22:05:05.092-0400: 93.397: [GC (GCLocker Initiated GC) [PSYoungGen: 149132K->38983K(175104K)] 643759K->538896K(699392K), 0.0053428 secs] [Times: user=0.07 sys=0.00, real=0.01 secs] 
2016-09-25T22:05:05.134-0400: 93.440: [GC (GCLocker Initiated GC) [PSYoungGen: 127047K->46771K(175104K)] 627044K->559637K(699392K), 0.0080619 secs] [Times: user=0.06 sys=0.00, real=0.01 secs] 
2016-09-25T22:05:05.142-0400: 93.448: [Full GC (Ergonomics) [PSYoungGen: 46771K->0K(175104K)] [ParOldGen: 512866K->499091K(524288K)] 559637K->499091K(699392K), [Metaspace: 43907K->43907K(1087488K)], 0.0533564 secs] [Times: user=0.57 sys=0.02, real=0.06 secs] 
2016-09-25T22:05:05.253-0400: 93.559: [Full GC (Ergonomics) [PSYoungGen: 88064K->0K(175104K)] [ParOldGen: 508579K->499847K(524288K)] 596643K->499847K(699392K), [Metaspace: 43907K->43907K(1087488K)], 0.0535607 secs] [Times: user=0.50 sys=0.00, real=0.06 secs] 
2016-09-25T22:05:05.348-0400: 93.654: [Full GC (Ergonomics) [PSYoungGen: 88064K->0K(175104K)] [ParOldGen: 505325K->500409K(524288K)] 593389K->500409K(699392K), [Metaspace: 43907K->43907K(1087488K)], 0.0561786 secs] [Times: user=0.45 sys=0.02, real=0.06 secs] 
2016-09-25T22:05:05.459-0400: 93.764: [Full GC (Ergonomics) [PSYoungGen: 85632K->0K(175104K)] [ParOldGen: 503110K->503857K(524288K)] 588742K->503857K(699392K), [Metaspace: 43907K->43907K(1087488K)], 0.0532205 secs] [Times: user=0.46 sys=0.02, real=0.05 secs] 
2016-09-25T22:05:05.567-0400: 93.873: [Full GC (Ergonomics) [PSYoungGen: 88064K->0K(175104K)] [ParOldGen: 506686K->504651K(524288K)] 594750K->504651K(699392K), [Metaspace: 43907K->43907K(1087488K)], 0.0543263 secs] [Times: user=0.38 sys=0.01, real=0.05 secs] 
2016-09-25T22:05:05.679-0400: 93.985: [Full GC (Ergonomics) [PSYoungGen: 88064K->0K(175104K)] [ParOldGen: 507417K->505455K(524288K)] 595481K->505455K(699392K), [Metaspace: 43907K->43907K(1087488K)], 0.0539302 secs] [Times: user=0.50 sys=0.00, real=0.05 secs] 
2016-09-25T22:05:05.783-0400: 94.089: [Full GC (Ergonomics) [PSYoungGen: 88064K->0K(175104K)] [ParOldGen: 510910K->506268K(524288K)] 598974K->506268K(699392K), [Metaspace: 43908K->43908K(1087488K)], 0.0565129 secs] [Times: user=0.52 sys=0.01, real=0.05 secs] 
2016-09-25T22:05:05.892-0400: 94.198: [Full GC (Ergonomics) [PSYoungGen: 88064K->0K(175104K)] [ParOldGen: 509049K->509682K(524288K)] 597113K->509682K(699392K), [Metaspace: 43908K->43908K(1087488K)], 0.0615537 secs] [Times: user=0.62 sys=0.00, real=0.06 secs] 
2016-09-25T22:05:06.001-0400: 94.306: [Full GC (Ergonomics) [PSYoungGen: 88064K->0K(175104K)] [ParOldGen: 517919K->507796K(524288K)] 605983K->507796K(699392K), [Metaspace: 43908K->43908K(1087488K)], 0.0669736 secs] [Times: user=0.65 sys=0.02, real=0.07 secs] 
2016-09-25T22:05:06.118-0400: 94.424: [Full GC (Ergonomics) [PSYoungGen: 88064K->0K(175104K)] [ParOldGen: 511997K->508554K(524288K)] 600061K->508554K(699392K), [Metaspace: 43908K->43908K(1087488K)], 0.0537455 secs] [Times: user=0.52 sys=0.01, real=0.05 secs] 
2016-09-25T22:05:06.223-0400: 94.529: [Full GC (Ergonomics) [PSYoungGen: 88064K->0K(175104K)] [ParOldGen: 516721K->511992K(524288K)] 604785K->511992K(699392K), [Metaspace: 43908K->43908K(1087488K)], 0.0548234 secs] [Times: user=0.56 sys=0.01, real=0.05 secs] 
2016-09-25T22:05:06.335-0400: 94.641: [Full GC (Ergonomics) [PSYoungGen: 88064K->0K(175104K)] [ParOldGen: 514727K->507208K(524288K)] 602791K->507208K(699392K), [Metaspace: 43908K->43908K(1087488K)], 0.0598434 secs] [Times: user=0.69 sys=0.02, real=0.06 secs] 
2016-09-25T22:05:06.450-0400: 94.756: [Full GC (Ergonomics) [PSYoungGen: 88064K->0K(175104K)] [ParOldGen: 512842K->510578K(524288K)] 600906K->510578K(699392K), [Metaspace: 43908K->43908K(1087488K)], 0.0502338 secs] [Times: user=0.43 sys=0.03, real=0.05 secs] 
2016-09-25T22:05:06.560-0400: 94.865: [Full GC (Ergonomics) [PSYoungGen: 88064K->0K(175104K)] [ParOldGen: 514742K->506655K(524288K)] 602806K->506655K(699392K), [Metaspace: 43916K->43916K(1087488K)], 0.0760562 secs] [Times: user=0.90 sys=0.00, real=0.08 secs] 
2016-09-25T22:05:06.686-0400: 94.992: [Full GC (Ergonomics) [PSYoungGen: 88064K->0K(175104K)] [ParOldGen: 521638K->515442K(524288K)] 609702K->515442K(699392K), [Metaspace: 43916K->43916K(1087488K)], 0.0545199 secs] [Times: user=0.54 sys=0.01, real=0.05 secs] 
2016-09-25T22:05:06.810-0400: 95.116: [Full GC (Ergonomics) [PSYoungGen: 88064K->0K(175104K)] [ParOldGen: 522776K->505434K(524288K)] 610840K->505434K(699392K), [Metaspace: 43916K->43916K(1087488K)], 0.0582730 secs] [Times: user=0.57 sys=0.00, real=0.06 secs] 
2016-09-25T22:05:06.916-0400: 95.222: [Full GC (Ergonomics) [PSYoungGen: 88064K->0K(175104K)] [ParOldGen: 508167K->505943K(524288K)] 596231K->505943K(699392K), [Metaspace: 43916K->43916K(1087488K)], 0.0586154 secs] [Times: user=0.61 sys=0.00, real=0.06 secs] 
2016-09-25T22:05:07.022-0400: 95.328: [Full GC (Ergonomics) [PSYoungGen: 88064K->0K(175104K)] [ParOldGen: 506094K->514695K(524288K)] 594158K->514695K(699392K), [Metaspace: 43916K->43916K(1087488K)], 0.0581871 secs] [Times: user=0.61 sys=0.01, real=0.05 secs] 
2016-09-25T22:05:07.126-0400: 95.431: [Full GC (Ergonomics) [PSYoungGen: 88064K->0K(175104K)] [ParOldGen: 521641K->512603K(524288K)] 609705K->512603K(699392K), [Metaspace: 43916K->43916K(1087488K)], 0.0558468 secs] [Times: user=0.54 sys=0.01, real=0.05 secs] 
2016-09-25T22:05:07.229-0400: 95.534: [Full GC (Ergonomics) [PSYoungGen: 88064K->0K(175104K)] [ParOldGen: 519389K->521308K(524288K)] 607453K->521308K(699392K), [Metaspace: 43916K->43916K(1087488K)], 0.0539556 secs] [Times: user=0.52 sys=0.00, real=0.06 secs] 
2016-09-25T22:05:07.334-0400: 95.640: [Full GC (Ergonomics) [PSYoungGen: 88064K->0K(175104K)] [ParOldGen: 524256K->519038K(524288K)] 612320K->519038K(699392K), [Metaspace: 43916K->43916K(1087488K)], 0.0603714 secs] [Times: user=0.60 sys=0.00, real=0.06 secs] 
2016-09-25T22:05:07.443-0400: 95.749: [Full GC (Ergonomics) [PSYoungGen: 87888K->0K(175104K)] [ParOldGen: 521738K->514270K(524288K)] 609627K->514270K(699392K), [Metaspace: 43916K->43916K(1087488K)], 0.0683194 secs] [Times: user=0.66 sys=0.01, real=0.06 secs] 
2016-09-25T22:05:07.564-0400: 95.870: [Full GC (Ergonomics) [PSYoungGen: 88064K->0K(175104K)] [ParOldGen: 514366K->512121K(524288K)] 602430K->512121K(699392K), [Metaspace: 43916K->43916K(1087488K)], 0.0539448 secs] [Times: user=0.49 sys=0.01, real=0.05 secs] 
2016-09-25T22:05:07.663-0400: 95.969: [Full GC (Ergonomics) [PSYoungGen: 88064K->0K(175104K)] [ParOldGen: 512130K->512688K(524288K)] 600194K->512688K(699392K), [Metaspace: 43916K->43916K(1087488K)], 0.0598685 secs] [Times: user=0.63 sys=0.00, real=0.06 secs] 
2016-09-25T22:05:07.771-0400: 96.077: [Full GC (Ergonomics) [PSYoungGen: 88064K->0K(175104K)] [ParOldGen: 515432K->513318K(524288K)] 603496K->513318K(699392K), [Metaspace: 43916K->43916K(1087488K)], 0.0660685 secs] [Times: user=0.64 sys=0.00, real=0.07 secs] 
2016-09-25T22:05:07.894-0400: 96.200: [Full GC (Ergonomics) [PSYoungGen: 88064K->0K(175104K)] [ParOldGen: 522984K->513993K(524288K)] 611048K->513993K(699392K), [Metaspace: 43916K->43916K(1087488K)], 0.0588768 secs] [Times: user=0.50 sys=0.01, real=0.06 secs] 
2016-09-25T22:05:08.006-0400: 96.312: [Full GC (Ergonomics) [PSYoungGen: 88064K->0K(175104K)] [ParOldGen: 514058K->511850K(524288K)] 602122K->511850K(699392K), [Metaspace: 43916K->43916K(1087488K)], 0.0657759 secs] [Times: user=0.69 sys=0.02, real=0.06 secs] 
2016-09-25T22:05:08.114-0400: 96.420: [Full GC (Ergonomics) [PSYoungGen: 88064K->0K(175104K)] [ParOldGen: 512007K->517849K(524288K)] 600071K->517849K(699392K), [Metaspace: 43916K->43916K(1087488K)], 0.0575811 secs] [Times: user=0.56 sys=0.01, real=0.05 secs] 
2016-09-25T22:05:08.234-0400: 96.540: [Full GC (Ergonomics) [PSYoungGen: 88064K->0K(175104K)] [ParOldGen: 519246K->510313K(524288K)] 607310K->510313K(699392K), [Metaspace: 43916K->43916K(1087488K)], 0.0725604 secs] [Times: user=0.82 sys=0.00, real=0.07 secs] 
2016-09-25T22:05:08.357-0400: 96.663: [Full GC (Ergonomics) [PSYoungGen: 85545K->0K(175104K)] [ParOldGen: 513013K->516280K(524288K)] 598559K->516280K(699392K), [Metaspace: 43916K->43916K(1087488K)], 0.0518099 secs] [Times: user=0.49 sys=0.01, real=0.05 secs] 
2016-09-25T22:05:08.461-0400: 96.767: [Full GC (Ergonomics) [PSYoungGen: 88064K->0K(175104K)] [ParOldGen: 521735K->516933K(524288K)] 609799K->516933K(699392K), [Metaspace: 43916K->43916K(1087488K)], 0.0573488 secs] [Times: user=0.53 sys=0.00, real=0.06 secs] 
2016-09-25T22:05:08.561-0400: 96.867: [Full GC (Ergonomics) [PSYoungGen: 88064K->0K(175104K)] [ParOldGen: 517206K->514781K(524288K)] 605270K->514781K(699392K), [Metaspace: 43916K->43916K(1087488K)], 0.0586067 secs] [Times: user=0.52 sys=0.01, real=0.06 secs] 
2016-09-25T22:05:08.662-0400: 96.968: [Full GC (Ergonomics) [PSYoungGen: 88064K->0K(175104K)] [ParOldGen: 520203K->518022K(524288K)] 608267K->518022K(699392K), [Metaspace: 43916K->43916K(1087488K)], 0.0621996 secs] [Times: user=0.59 sys=0.00, real=0.07 secs] 
2016-09-25T22:05:08.772-0400: 97.077: [Full GC (Ergonomics) [PSYoungGen: 88064K->0K(175104K)] [ParOldGen: 518100K->518514K(524288K)] 606164K->518514K(699392K), [Metaspace: 43916K->43916K(1087488K)], 0.0694245 secs] [Times: user=0.51 sys=0.01, real=0.07 secs] 
2016-09-25T22:05:08.890-0400: 97.196: [Full GC (Ergonomics) [PSYoungGen: 88064K->0K(175104K)] [ParOldGen: 521277K->515602K(524288K)] 609341K->515602K(699392K), [Metaspace: 43916K->43916K(1087488K)], 0.0880884 secs] [Times: user=1.07 sys=0.00, real=0.09 secs] 
2016-09-25T22:05:09.033-0400: 97.339: [Full GC (Ergonomics) [PSYoungGen: 88064K->0K(175104K)] [ParOldGen: 518364K->518937K(524288K)] 606428K->518937K(699392K), [Metaspace: 43916K->43916K(1087488K)], 0.0734667 secs] [Times: user=0.64 sys=0.02, real=0.08 secs] 
2016-09-25T22:05:09.167-0400: 97.473: [Full GC (Ergonomics) [PSYoungGen: 88064K->0K(175104K)] [ParOldGen: 520356K->516828K(524288K)] 608420K->516828K(699392K), [Metaspace: 43916K->43916K(1087488K)], 0.0604571 secs] [Times: user=0.62 sys=0.00, real=0.06 secs] 
2016-09-25T22:05:09.275-0400: 97.581: [Full GC (Ergonomics) [PSYoungGen: 86399K->0K(175104K)] [ParOldGen: 519528K->520079K(524288K)] 605928K->520079K(699392K), [Metaspace: 43916K->43916K(1087488K)], 0.0614697 secs] [Times: user=0.66 sys=0.00, real=0.06 secs] 
2016-09-25T22:05:09.387-0400: 97.693: [Full GC (Ergonomics) [PSYoungGen: 87763K->0K(175104K)] [ParOldGen: 522779K->518002K(524288K)] 610542K->518002K(699392K), [Metaspace: 43916K->43916K(1087488K)], 0.0559567 secs] [Times: user=0.56 sys=0.00, real=0.06 secs] 
2016-09-25T22:05:09.498-0400: 97.804: [Full GC (Ergonomics) [PSYoungGen: 88064K->0K(175104K)] [ParOldGen: 522103K->518738K(524288K)] 610167K->518738K(699392K), [Metaspace: 43916K->43916K(1087488K)], 0.0538201 secs] [Times: user=0.49 sys=0.01, real=0.05 secs] 
2016-09-25T22:05:09.599-0400: 97.904: [Full GC (Ergonomics) [PSYoungGen: 88064K->0K(175104K)] [ParOldGen: 521676K->521925K(524288K)] 609740K->521925K(699392K), [Metaspace: 43916K->43916K(1087488K)], 0.0612236 secs] [Times: user=0.64 sys=0.01, real=0.06 secs] 
2016-09-25T22:05:09.711-0400: 98.017: [Full GC (Ergonomics) [PSYoungGen: 88064K->0K(175104K)] [ParOldGen: 522758K->515759K(524288K)] 610822K->515759K(699392K), [Metaspace: 43916K->43916K(1087488K)], 0.0599265 secs] [Times: user=0.64 sys=0.00, real=0.06 secs] 
2016-09-25T22:05:09.823-0400: 98.129: [Full GC (Ergonomics) [PSYoungGen: 88064K->0K(175104K)] [ParOldGen: 521289K->513605K(524288K)] 609353K->513605K(699392K), [Metaspace: 43916K->43916K(1087488K)], 0.0641255 secs] [Times: user=0.72 sys=0.00, real=0.06 secs] 
2016-09-25T22:05:09.937-0400: 98.243: [Full GC (Ergonomics) [PSYoungGen: 88064K->0K(175104K)] [ParOldGen: 516341K->517874K(524288K)] 604405K->517874K(699392K), [Metaspace: 43916K->43916K(1087488K)], 0.0598008 secs] [Times: user=0.62 sys=0.00, real=0.06 secs] 
2016-09-25T22:05:10.044-0400: 98.350: [Full GC (Ergonomics) [PSYoungGen: 88064K->0K(175104K)] [ParOldGen: 518034K->518475K(524288K)] 606098K->518475K(699392K), [Metaspace: 43916K->43916K(1087488K)], 0.0617223 secs] [Times: user=0.62 sys=0.01, real=0.06 secs] 
2016-09-25T22:05:10.158-0400: 98.464: [Full GC (Ergonomics) [PSYoungGen: 87463K->0K(175104K)] [ParOldGen: 522525K->516313K(524288K)] 609989K->516313K(699392K), [Metaspace: 43916K->43916K(1087488K)], 0.0547539 secs] [Times: user=0.50 sys=0.00, real=0.05 secs] 
2016-09-25T22:05:10.259-0400: 98.564: [Full GC (Ergonomics) [PSYoungGen: 88064K->0K(175104K)] [ParOldGen: 523145K->519565K(524288K)] 611209K->519565K(699392K), [Metaspace: 43916K->43916K(1087488K)], 0.0512582 secs] [Times: user=0.48 sys=0.01, real=0.05 secs] 
2016-09-25T22:05:10.355-0400: 98.661: [Full GC (Ergonomics) [PSYoungGen: 88064K->2700K(175104K)] [ParOldGen: 522305K->521661K(524288K)] 610369K->524361K(699392K), [Metaspace: 43916K->43916K(1087488K)], 0.1153020 secs] [Times: user=1.51 sys=0.02, real=0.11 secs] 
2016-09-25T22:05:10.518-0400: 98.824: [Full GC (Ergonomics) [PSYoungGen: 88064K->0K(175104K)] [ParOldGen: 521719K->522223K(524288K)] 609783K->522223K(699392K), [Metaspace: 43916K->43916K(1087488K)], 0.0598587 secs] [Times: user=0.48 sys=0.02, real=0.06 secs] 
2016-09-25T22:05:10.616-0400: 98.922: [Full GC (Ergonomics) [PSYoungGen: 88064K->2701K(175104K)] [ParOldGen: 522311K->522703K(524288K)] 610375K->525404K(699392K), [Metaspace: 43916K->43916K(1087488K)], 0.1636251 secs] [Times: user=2.43 sys=0.02, real=0.16 secs] 
2016-09-25T22:05:10.830-0400: 99.136: [Full GC (Ergonomics) [PSYoungGen: 88064K->0K(175104K)] [ParOldGen: 522763K->523193K(524288K)] 610827K->523193K(699392K), [Metaspace: 43916K->43916K(1087488K)], 0.0603101 secs] [Times: user=0.64 sys=0.00, real=0.06 secs] 
2016-09-25T22:05:10.936-0400: 99.242: [Full GC (Ergonomics) [PSYoungGen: 86094K->0K(175104K)] [ParOldGen: 523193K->523757K(524288K)] 609288K->523757K(699392K), [Metaspace: 43916K->43916K(1087488K)], 0.0571640 secs] [Times: user=0.58 sys=0.01, real=0.05 secs] 
2016-09-25T22:05:11.042-0400: 99.348: [Full GC (Ergonomics) [PSYoungGen: 88064K->0K(175104K)] [ParOldGen: 523799K->514901K(524288K)] 611863K->514901K(699392K), [Metaspace: 43916K->43916K(1087488K)], 0.0648192 secs] [Times: user=0.66 sys=0.00, real=0.07 secs] 
2016-09-25T22:05:11.151-0400: 99.457: [Full GC (Ergonomics) [PSYoungGen: 88064K->0K(175104K)] [ParOldGen: 518536K->523796K(524288K)] 606600K->523796K(699392K), [Metaspace: 43916K->43916K(1087488K)], 0.0727378 secs] [Times: user=0.56 sys=0.01, real=0.08 secs] 
2016-09-25T22:05:11.224-0400: 99.530: [GC (GCLocker Initiated GC) [PSYoungGen: 206K->192K(175104K)] 524003K->523988K(699392K), 0.0036437 secs] [Times: user=0.03 sys=0.00, real=0.00 secs] 
2016-09-25T22:05:11.228-0400: 99.534: [Full GC (Ergonomics) [PSYoungGen: 192K->0K(175104K)] [ParOldGen: 523796K->523516K(524288K)] 523988K->523516K(699392K), [Metaspace: 43916K->43916K(1087488K)], 0.1700947 secs] [Times: user=2.37 sys=0.01, real=0.17 secs] 
2016-09-25T22:05:11.442-0400: 99.748: [Full GC (Ergonomics) [PSYoungGen: 88064K->5413K(175104K)] [ParOldGen: 523524K->522469K(524288K)] 611588K->527883K(699392K), [Metaspace: 43916K->43916K(1087488K)], 0.1596302 secs] [Times: user=2.34 sys=0.01, real=0.16 secs] 
2016-09-25T22:05:11.651-0400: 99.957: [Full GC (Ergonomics) [PSYoungGen: 86360K->2700K(175104K)] [ParOldGen: 522469K->522903K(524288K)] 608830K->525603K(699392K), [Metaspace: 43916K->43916K(1087488K)], 0.1614593 secs] [Times: user=2.40 sys=0.01, real=0.16 secs] 
2016-09-25T22:05:11.868-0400: 100.174: [Full GC (Ergonomics) [PSYoungGen: 87068K->0K(175104K)] [ParOldGen: 522903K->519672K(524288K)] 609971K->519672K(699392K), [Metaspace: 43916K->43916K(1087488K)], 0.0666620 secs] [Times: user=0.55 sys=0.01, real=0.07 secs] 
2016-09-25T22:05:11.991-0400: 100.297: [Full GC (Ergonomics) [PSYoungGen: 88064K->0K(175104K)] [ParOldGen: 519915K->521384K(524288K)] 607979K->521384K(699392K), [Metaspace: 43916K->43916K(1087488K)], 0.0560464 secs] [Times: user=0.52 sys=0.00, real=0.06 secs] 
2016-09-25T22:05:12.099-0400: 100.404: [Full GC (Ergonomics) [PSYoungGen: 87996K->1415K(175104K)] [ParOldGen: 524085K->523094K(524288K)] 612081K->524510K(699392K), [Metaspace: 43916K->43916K(1087488K)], 0.1645312 secs] [Times: user=2.42 sys=0.03, real=0.17 secs] 
2016-09-25T22:05:12.323-0400: 100.629: [Full GC (Ergonomics) [PSYoungGen: 87211K->0K(175104K)] [ParOldGen: 523094K->519727K(524288K)] 610306K->519727K(699392K), [Metaspace: 43916K->43916K(1087488K)], 0.0505339 secs] [Times: user=0.49 sys=0.00, real=0.04 secs] 
2016-09-25T22:05:12.421-0400: 100.727: [Full GC (Ergonomics) [PSYoungGen: 88064K->2765K(175104K)] [ParOldGen: 519826K->522788K(524288K)] 607890K->525553K(699392K), [Metaspace: 43916K->43916K(1087488K)], 0.1553076 secs] [Times: user=2.33 sys=0.01, real=0.16 secs] 
2016-09-25T22:05:12.626-0400: 100.932: [Full GC (Ergonomics) [PSYoungGen: 87502K->0K(175104K)] [ParOldGen: 522788K->520756K(524288K)] 610290K->520756K(699392K), [Metaspace: 43916K->43916K(1087488K)], 0.0589759 secs] [Times: user=0.61 sys=0.01, real=0.06 secs] 
2016-09-25T22:05:12.729-0400: 101.035: [Full GC (Ergonomics) [PSYoungGen: 88064K->2704K(175104K)] [ParOldGen: 520804K->523818K(524288K)] 608868K->526522K(699392K), [Metaspace: 43916K->43916K(1087488K)], 0.1602985 secs] [Times: user=2.37 sys=0.00, real=0.16 secs] 
2016-09-25T22:05:12.931-0400: 101.237: [Full GC (Ergonomics) [PSYoungGen: 87402K->9577K(175104K)] [ParOldGen: 523818K->522899K(524288K)] 611221K->532476K(699392K), [Metaspace: 43916K->43916K(1087488K)], 0.1625387 secs] [Times: user=2.41 sys=0.01, real=0.16 secs] 
2016-09-25T22:05:13.139-0400: 101.445: [Full GC (Ergonomics) [PSYoungGen: 88064K->6809K(175104K)] [ParOldGen: 524254K->523482K(524288K)] 612318K->530292K(699392K), [Metaspace: 43919K->43919K(1087488K)], 0.1566193 secs] [Times: user=2.24 sys=0.01, real=0.16 secs] 
2016-09-25T22:05:13.346-0400: 101.652: [Full GC (Ergonomics) [PSYoungGen: 88064K->8109K(175104K)] [ParOldGen: 523528K->523913K(524288K)] 611592K->532023K(699392K), [Metaspace: 43919K->43919K(1087488K)], 0.1653183 secs] [Times: user=2.27 sys=0.00, real=0.16 secs] 
2016-09-25T22:05:13.552-0400: 101.858: [Full GC (Ergonomics) [PSYoungGen: 86987K->0K(175104K)] [ParOldGen: 523913K->523131K(524288K)] 610901K->523131K(699392K), [Metaspace: 43919K->43919K(1087488K)], 0.0545608 secs] [Times: user=0.50 sys=0.00, real=0.06 secs] 
2016-09-25T22:05:13.653-0400: 101.959: [Full GC (Ergonomics) [PSYoungGen: 88015K->0K(175104K)] [ParOldGen: 523131K->519889K(524288K)] 611147K->519889K(699392K), [Metaspace: 43919K->43919K(1087488K)], 0.0581514 secs] [Times: user=0.48 sys=0.00, real=0.06 secs] 
2016-09-25T22:05:13.756-0400: 102.062: [Full GC (Ergonomics) [PSYoungGen: 87831K->0K(175104K)] [ParOldGen: 523939K->524189K(524288K)] 611771K->524189K(699392K), [Metaspace: 43919K->43919K(1087488K)], 0.0556775 secs] [Times: user=0.54 sys=0.00, real=0.05 secs] 
2016-09-25T22:05:13.853-0400: 102.159: [Full GC (Ergonomics) [PSYoungGen: 86714K->0K(175104K)] [ParOldGen: 524189K->523483K(524288K)] 610903K->523483K(699392K), [Metaspace: 43919K->43919K(1087488K)], 0.0570958 secs] [Times: user=0.55 sys=0.01, real=0.06 secs] 
2016-09-25T22:05:13.952-0400: 102.258: [Full GC (Ergonomics) [PSYoungGen: 86806K->12280K(175104K)] [ParOldGen: 523483K->523556K(524288K)] 610289K->535837K(699392K), [Metaspace: 43919K->43919K(1087488K)], 0.1696929 secs] [Times: user=2.52 sys=0.01, real=0.17 secs] 
2016-09-25T22:05:14.159-0400: 102.464: [Full GC (Ergonomics) [PSYoungGen: 88064K->14928K(175104K)] [ParOldGen: 523706K->524009K(524288K)] 611770K->538938K(699392K), [Metaspace: 43919K->43919K(1087488K)], 0.1505102 secs] [Times: user=2.20 sys=0.01, real=0.15 secs] 
2016-09-25T22:05:14.355-0400: 102.661: [Full GC (Ergonomics) [PSYoungGen: 88064K->10857K(175104K)] [ParOldGen: 524021K->523126K(524288K)] 612085K->533983K(699392K), [Metaspace: 43919K->43919K(1087488K)], 0.1487962 secs] [Times: user=2.11 sys=0.00, real=0.15 secs] 
2016-09-25T22:05:14.550-0400: 102.856: [Full GC (Ergonomics) [PSYoungGen: 88064K->12231K(175104K)] [ParOldGen: 523166K->522196K(524288K)] 611230K->534427K(699392K), [Metaspace: 43919K->43919K(1087488K)], 0.1766924 secs] [Times: user=2.49 sys=0.03, real=0.18 secs] 
2016-09-25T22:05:14.771-0400: 103.076: [Full GC (Ergonomics) [PSYoungGen: 88064K->12322K(175104K)] [ParOldGen: 522244K->522596K(524288K)] 610308K->534918K(699392K), [Metaspace: 43919K->43919K(1087488K)], 0.1550623 secs] [Times: user=2.31 sys=0.01, real=0.16 secs] 
2016-09-25T22:05:14.962-0400: 103.268: [Full GC (Ergonomics) [PSYoungGen: 88064K->16277K(175104K)] [ParOldGen: 522849K->521817K(524288K)] 610913K->538094K(699392K), [Metaspace: 43919K->43919K(1087488K)], 0.1432251 secs] [Times: user=2.06 sys=0.00, real=0.14 secs] 
2016-09-25T22:05:15.157-0400: 103.463: [Full GC (Ergonomics) [PSYoungGen: 88064K->6750K(175104K)] [ParOldGen: 521894K->523651K(524288K)] 609958K->530401K(699392K), [Metaspace: 43919K->43919K(1087488K)], 0.1558570 secs] [Times: user=2.29 sys=0.01, real=0.15 secs] 
2016-09-25T22:05:15.359-0400: 103.664: [Full GC (Ergonomics) [PSYoungGen: 88064K->13697K(175104K)] [ParOldGen: 523713K->522609K(524288K)] 611777K->536307K(699392K), [Metaspace: 43919K->43919K(1087488K)], 0.1561978 secs] [Times: user=2.30 sys=0.03, real=0.16 secs] 
2016-09-25T22:05:15.558-0400: 103.863: [Full GC (Ergonomics) [PSYoungGen: 88064K->9678K(175104K)] [ParOldGen: 522718K->521645K(524288K)] 610782K->531323K(699392K), [Metaspace: 43919K->43919K(1087488K)], 0.1567958 secs] [Times: user=2.29 sys=0.02, real=0.16 secs] 
2016-09-25T22:05:15.749-0400: 104.055: [Full GC (Ergonomics) [PSYoungGen: 86653K->13627K(175104K)] [ParOldGen: 521645K->523593K(524288K)] 608298K->537221K(699392K), [Metaspace: 43919K->43919K(1087488K)], 0.1645742 secs] [Times: user=2.39 sys=0.03, real=0.16 secs] 
2016-09-25T22:05:15.954-0400: 104.260: [Full GC (Ergonomics) [PSYoungGen: 85716K->12297K(175104K)] [ParOldGen: 523593K->522620K(524288K)] 609310K->534917K(699392K), [Metaspace: 43919K->43919K(1087488K)], 0.1625794 secs] [Times: user=2.42 sys=0.01, real=0.16 secs] 
2016-09-25T22:05:16.161-0400: 104.467: [Full GC (Ergonomics) [PSYoungGen: 87959K->6874K(175104K)] [ParOldGen: 523970K->523125K(524288K)] 611930K->529999K(699392K), [Metaspace: 43919K->43919K(1087488K)], 0.1622243 secs] [Times: user=2.39 sys=0.00, real=0.17 secs] 
2016-09-25T22:05:16.362-0400: 104.668: [Full GC (Ergonomics) [PSYoungGen: 88064K->12385K(175104K)] [ParOldGen: 523174K->523350K(524288K)] 611238K->535736K(699392K), [Metaspace: 43919K->43919K(1087488K)], 0.1702041 secs] [Times: user=2.40 sys=0.04, real=0.16 secs] 
2016-09-25T22:05:16.571-0400: 104.877: [Full GC (Ergonomics) [PSYoungGen: 85484K->13655K(175104K)] [ParOldGen: 523350K->522495K(524288K)] 608834K->536150K(699392K), [Metaspace: 43919K->43919K(1087488K)], 0.1623498 secs] [Times: user=2.34 sys=0.00, real=0.16 secs] 
2016-09-25T22:05:16.769-0400: 105.075: [Full GC (Ergonomics) [PSYoungGen: 87438K->19118K(175104K)] [ParOldGen: 522495K->522873K(524288K)] 609933K->541992K(699392K), [Metaspace: 43919K->43919K(1087488K)], 0.1533035 secs] [Times: user=2.30 sys=0.00, real=0.16 secs] 
2016-09-25T22:05:16.960-0400: 105.266: [Full GC (Ergonomics) [PSYoungGen: 88064K->17790K(175104K)] [ParOldGen: 523019K->521818K(524288K)] 611083K->539609K(699392K), [Metaspace: 43920K->43920K(1087488K)], 0.1595157 secs] [Times: user=2.37 sys=0.00, real=0.16 secs] 
2016-09-25T22:05:17.158-0400: 105.464: [Full GC (Ergonomics) [PSYoungGen: 88064K->10946K(175104K)] [ParOldGen: 523204K->523505K(524288K)] 611268K->534451K(699392K), [Metaspace: 43920K->43920K(1087488K)], 0.1574101 secs] [Times: user=2.28 sys=0.01, real=0.16 secs] 
2016-09-25T22:05:17.353-0400: 105.659: [Full GC (Ergonomics) [PSYoungGen: 87427K->8168K(175104K)] [ParOldGen: 523505K->523874K(524288K)] 610932K->532042K(699392K), [Metaspace: 43920K->43920K(1087488K)], 0.1516140 secs] [Times: user=2.19 sys=0.02, real=0.16 secs] 
2016-09-25T22:05:17.545-0400: 105.851: [Full GC (Ergonomics) [PSYoungGen: 88064K->15027K(175104K)] [ParOldGen: 523948K->522706K(524288K)] 612012K->537734K(699392K), [Metaspace: 43920K->43920K(1087488K)], 0.1607715 secs] [Times: user=2.39 sys=0.03, real=0.16 secs] 
2016-09-25T22:05:17.742-0400: 106.047: [Full GC (Ergonomics) [PSYoungGen: 88064K->16410K(175104K)] [ParOldGen: 522862K->521621K(524288K)] 610926K->538032K(699392K), [Metaspace: 43920K->43920K(1087488K)], 0.1500421 secs] [Times: user=2.15 sys=0.00, real=0.15 secs] 
2016-09-25T22:05:17.927-0400: 106.233: [Full GC (Ergonomics) [PSYoungGen: 88064K->17848K(175104K)] [ParOldGen: 521726K->523181K(524288K)] 609790K->541029K(699392K), [Metaspace: 43920K->43920K(1087488K)], 0.1464976 secs] [Times: user=2.13 sys=0.01, real=0.14 secs] 
2016-09-25T22:05:18.119-0400: 106.425: [Full GC (Ergonomics) [PSYoungGen: 87044K->6958K(175104K)] [ParOldGen: 523181K->523264K(524288K)] 610225K->530222K(699392K), [Metaspace: 43922K->43922K(1087488K)], 0.1688516 secs] [Times: user=2.46 sys=0.02, real=0.17 secs] 
2016-09-25T22:05:18.334-0400: 106.639: [Full GC (Ergonomics) [PSYoungGen: 86888K->16412K(175104K)] [ParOldGen: 523264K->523557K(524288K)] 610153K->539969K(699392K), [Metaspace: 43922K->43922K(1087488K)], 0.1739537 secs] [Times: user=2.11 sys=0.01, real=0.18 secs] 
2016-09-25T22:05:18.543-0400: 106.848: [Full GC (Ergonomics) [PSYoungGen: 88064K->15103K(175104K)] [ParOldGen: 523750K->523765K(524288K)] 611814K->538869K(699392K), [Metaspace: 43922K->43922K(1087488K)], 0.1510530 secs] [Times: user=2.26 sys=0.00, real=0.14 secs] 
2016-09-25T22:05:18.738-0400: 107.044: [Full GC (Ergonomics) [PSYoungGen: 88064K->12341K(175104K)] [ParOldGen: 523778K->522739K(524288K)] 611842K->535081K(699392K), [Metaspace: 43922K->43922K(1087488K)], 0.1540322 secs] [Times: user=2.28 sys=0.02, real=0.15 secs] 
2016-09-25T22:05:18.932-0400: 107.238: [Full GC (Ergonomics) [PSYoungGen: 88064K->12444K(175104K)] [ParOldGen: 523038K->522888K(524288K)] 611102K->535333K(699392K), [Metaspace: 43922K->43922K(1087488K)], 0.1564295 secs] [Times: user=2.35 sys=0.00, real=0.16 secs] 
2016-09-25T22:05:19.125-0400: 107.431: [Full GC (Ergonomics) [PSYoungGen: 87451K->19100K(175104K)] [ParOldGen: 522888K->523268K(524288K)] 610340K->542369K(699392K), [Metaspace: 43922K->43922K(1087488K)], 0.1609898 secs] [Times: user=2.41 sys=0.02, real=0.16 secs] 
2016-09-25T22:05:19.328-0400: 107.633: [Full GC (Ergonomics) [PSYoungGen: 88064K->21967K(175104K)] [ParOldGen: 523281K->523495K(524288K)] 611345K->545462K(699392K), [Metaspace: 43922K->43922K(1087488K)], 0.1631947 secs] [Times: user=2.39 sys=0.01, real=0.16 secs] 
2016-09-25T22:05:19.538-0400: 107.844: [Full GC (Ergonomics) [PSYoungGen: 86357K->13616K(175104K)] [ParOldGen: 523495K->523792K(524288K)] 609852K->537409K(699392K), [Metaspace: 43922K->43922K(1087488K)], 0.1680112 secs] [Times: user=2.45 sys=0.02, real=0.17 secs] 
2016-09-25T22:05:19.741-0400: 108.047: [Full GC (Ergonomics) [PSYoungGen: 88064K->16505K(175104K)] [ParOldGen: 523912K->523799K(524288K)] 611976K->540305K(699392K), [Metaspace: 43922K->43922K(1087488K)], 0.1934102 secs] [Times: user=2.00 sys=0.06, real=0.20 secs] 
2016-09-25T22:05:19.972-0400: 108.277: [Full GC (Ergonomics) [PSYoungGen: 88064K->17683K(175104K)] [ParOldGen: 523870K->522872K(524288K)] 611934K->540555K(699392K), [Metaspace: 43922K->43922K(1087488K)], 0.1511347 secs] [Times: user=2.23 sys=0.00, real=0.16 secs] 
2016-09-25T22:05:20.158-0400: 108.464: [Full GC (Ergonomics) [PSYoungGen: 86802K->23243K(175104K)] [ParOldGen: 522872K->522969K(524288K)] 609675K->546212K(699392K), [Metaspace: 43922K->43922K(1087488K)], 0.1537677 secs] [Times: user=2.29 sys=0.01, real=0.15 secs] 
2016-09-25T22:05:20.348-0400: 108.654: [Full GC (Ergonomics) [PSYoungGen: 87231K->16411K(175104K)] [ParOldGen: 522969K->523216K(524288K)] 610201K->539627K(699392K), [Metaspace: 43922K->43922K(1087488K)], 0.1566363 secs] [Times: user=2.32 sys=0.01, real=0.16 secs] 
2016-09-25T22:05:20.543-0400: 108.848: [Full GC (Ergonomics) [PSYoungGen: 87309K->11106K(175104K)] [ParOldGen: 523216K->521925K(524288K)] 610525K->533031K(699392K), [Metaspace: 43922K->43922K(1087488K)], 0.1550612 secs] [Times: user=2.36 sys=0.06, real=0.15 secs] 
2016-09-25T22:05:20.735-0400: 109.041: [Full GC (Ergonomics) [PSYoungGen: 88064K->23247K(175104K)] [ParOldGen: 521989K->523597K(524288K)] 610053K->546845K(699392K), [Metaspace: 43922K->43922K(1087488K)], 0.1577185 secs] [Times: user=2.29 sys=0.01, real=0.15 secs] 
2016-09-25T22:05:20.942-0400: 109.248: [Full GC (Ergonomics) [PSYoungGen: 86724K->2700K(175104K)] [ParOldGen: 523597K->521960K(524288K)] 610322K->524660K(699392K), [Metaspace: 43926K->43926K(1087488K)], 0.1477321 secs] [Times: user=2.00 sys=0.00, real=0.15 secs] 
2016-09-25T22:05:21.141-0400: 109.447: [Full GC (Ergonomics) [PSYoungGen: 86918K->0K(175104K)] [ParOldGen: 523310K->519871K(524288K)] 610228K->519871K(699392K), [Metaspace: 43926K->43926K(1087488K)], 0.0612213 secs] [Times: user=0.50 sys=0.02, real=0.07 secs] 
2016-09-25T22:05:21.249-0400: 109.555: [Full GC (Ergonomics) [PSYoungGen: 88044K->5400K(175104K)] [ParOldGen: 522571K->522433K(524288K)] 610615K->527833K(699392K), [Metaspace: 43926K->43926K(1087488K)], 0.1777128 secs] [Times: user=2.37 sys=0.01, real=0.18 secs] 
2016-09-25T22:05:21.470-0400: 109.776: [Full GC (Ergonomics) [PSYoungGen: 88064K->1354K(175104K)] [ParOldGen: 523858K->524190K(524288K)] 611922K->525545K(699392K), [Metaspace: 43926K->43926K(1087488K)], 0.1780596 secs] [Times: user=2.36 sys=0.00, real=0.18 secs] 
2016-09-25T22:05:21.702-0400: 110.008: [Full GC (Ergonomics) [PSYoungGen: 85734K->0K(175104K)] [ParOldGen: 524190K->523389K(524288K)] 609924K->523389K(699392K), [Metaspace: 43926K->43926K(1087488K)], 0.0598239 secs] [Times: user=0.50 sys=0.01, real=0.06 secs] 
2016-09-25T22:05:21.803-0400: 110.109: [Full GC (Ergonomics) [PSYoungGen: 88064K->2788K(175104K)] [ParOldGen: 523507K->523413K(524288K)] 611571K->526202K(699392K), [Metaspace: 43926K->43926K(1087488K)], 0.1534306 secs] [Times: user=2.17 sys=0.03, real=0.15 secs] 
2016-09-25T22:05:22.010-0400: 110.316: [Full GC (Ergonomics) [PSYoungGen: 88064K->9516K(175104K)] [ParOldGen: 523430K->522481K(524288K)] 611494K->531997K(699392K), [Metaspace: 43926K->43926K(1087488K)], 0.1497445 secs] [Times: user=1.95 sys=0.00, real=0.15 secs] 
2016-09-25T22:05:22.211-0400: 110.517: [Full GC (Ergonomics) [PSYoungGen: 88064K->5486K(175104K)] [ParOldGen: 523720K->522998K(524288K)] 611784K->528485K(699392K), [Metaspace: 43926K->43926K(1087488K)], 0.1573339 secs] [Times: user=1.75 sys=0.01, real=0.16 secs] 
2016-09-25T22:05:22.413-0400: 110.719: [Full GC (Ergonomics) [PSYoungGen: 88064K->5402K(175104K)] [ParOldGen: 523124K->521792K(524288K)] 611188K->527195K(699392K), [Metaspace: 43926K->43926K(1087488K)], 0.1533285 secs] [Times: user=2.05 sys=0.01, real=0.16 secs] 
2016-09-25T22:05:22.634-0400: 110.940: [Full GC (Ergonomics) [PSYoungGen: 86194K->1350K(175104K)] [ParOldGen: 521792K->523517K(524288K)] 607987K->524867K(699392K), [Metaspace: 43928K->43928K(1087488K)], 0.1514721 secs] [Times: user=1.78 sys=0.03, real=0.16 secs] 
2016-09-25T22:05:22.840-0400: 111.146: [Full GC (Ergonomics) [PSYoungGen: 88064K->6771K(175104K)] [ParOldGen: 523631K->523831K(524288K)] 611695K->530602K(699392K), [Metaspace: 43928K->43928K(1087488K)], 0.1468130 secs] [Times: user=1.85 sys=0.02, real=0.15 secs] 
2016-09-25T22:05:23.031-0400: 111.337: [Full GC (Ergonomics) [PSYoungGen: 85465K->2707K(175104K)] [ParOldGen: 523831K->522828K(524288K)] 609297K->525536K(699392K), [Metaspace: 43928K->43928K(1087488K)], 0.1435270 secs] [Times: user=2.08 sys=0.01, real=0.15 secs] 
2016-09-25T22:05:23.222-0400: 111.527: [Full GC (Ergonomics) [PSYoungGen: 86330K->4107K(175104K)] [ParOldGen: 522828K->521768K(524288K)] 609159K->525875K(699392K), [Metaspace: 43928K->43928K(1087488K)], 0.1530897 secs] [Times: user=2.08 sys=0.03, real=0.16 secs] 
2016-09-25T22:05:23.417-0400: 111.723: [Full GC (Ergonomics) [PSYoungGen: 88064K->12317K(175104K)] [ParOldGen: 521961K->522010K(524288K)] 610025K->534328K(699392K), [Metaspace: 43928K->43928K(1087488K)], 0.1430811 secs] [Times: user=2.08 sys=0.00, real=0.14 secs] 
2016-09-25T22:05:23.620-0400: 111.926: [Full GC (Ergonomics) [PSYoungGen: 85962K->5409K(175104K)] [ParOldGen: 522010K->523759K(524288K)] 607973K->529169K(699392K), [Metaspace: 43928K->43928K(1087488K)], 0.1521219 secs] [Times: user=2.13 sys=0.01, real=0.15 secs] 
2016-09-25T22:05:23.825-0400: 112.131: [Full GC (Ergonomics) [PSYoungGen: 87697K->0K(175104K)] [ParOldGen: 523759K->522953K(524288K)] 611457K->522953K(699392K), [Metaspace: 43928K->43928K(1087488K)], 0.0579617 secs] [Times: user=0.44 sys=0.00, real=0.06 secs] 
2016-09-25T22:05:23.884-0400: 112.190: [Full GC (Ergonomics) [PSYoungGen: 1607K->0K(175104K)] [ParOldGen: 522953K->524140K(524288K)] 524561K->524140K(699392K), [Metaspace: 43928K->43928K(1087488K)], 0.1566276 secs] [Times: user=2.10 sys=0.01, real=0.15 secs] 
2016-09-25T22:05:24.095-0400: 112.401: [Full GC (Ergonomics) [PSYoungGen: 86917K->0K(175104K)] [ParOldGen: 524140K->520834K(524288K)] 611058K->520834K(699392K), [Metaspace: 43928K->43928K(1087488K)], 0.0789030 secs] [Times: user=0.76 sys=0.01, real=0.08 secs] 
2016-09-25T22:05:24.225-0400: 112.531: [Full GC (Ergonomics) [PSYoungGen: 87839K->2701K(175104K)] [ParOldGen: 522184K->522136K(524288K)] 610024K->524838K(699392K), [Metaspace: 43928K->43928K(1087488K)], 0.1429808 secs] [Times: user=1.80 sys=0.03, real=0.14 secs] 
2016-09-25T22:05:24.418-0400: 112.724: [Full GC (Ergonomics) [PSYoungGen: 88064K->6819K(175104K)] [ParOldGen: 522160K->523796K(524288K)] 610224K->530616K(699392K), [Metaspace: 43928K->43928K(1087488K)], 0.1477353 secs] [Times: user=1.66 sys=0.01, real=0.15 secs] 
2016-09-25T22:05:24.620-0400: 112.926: [Full GC (Ergonomics) [PSYoungGen: 88064K->10900K(175104K)] [ParOldGen: 523928K->522789K(524288K)] 611992K->533690K(699392K), [Metaspace: 43928K->43928K(1087488K)], 0.1404882 secs] [Times: user=1.89 sys=0.02, real=0.14 secs] 
2016-09-25T22:05:24.818-0400: 113.124: [Full GC (Ergonomics) [PSYoungGen: 85636K->8166K(175104K)] [ParOldGen: 522789K->523144K(524288K)] 608426K->531310K(699392K), [Metaspace: 43928K->43928K(1087488K)], 0.1494925 secs] [Times: user=1.58 sys=0.02, real=0.15 secs] 
2016-09-25T22:05:25.024-0400: 113.329: [Full GC (Ergonomics) [PSYoungGen: 85524K->0K(175104K)] [ParOldGen: 523144K->523684K(524288K)] 608668K->523684K(699392K), [Metaspace: 43928K->43928K(1087488K)], 0.0685382 secs] [Times: user=0.64 sys=0.00, real=0.06 secs] 
2016-09-25T22:05:25.141-0400: 113.447: [Full GC (Ergonomics) [PSYoungGen: 86038K->0K(175104K)] [ParOldGen: 523684K->521560K(524288K)] 609722K->521560K(699392K), [Metaspace: 43928K->43928K(1087488K)], 0.0629945 secs] [Times: user=0.48 sys=0.01, real=0.07 secs] 
2016-09-25T22:05:25.250-0400: 113.556: [Full GC (Ergonomics) [PSYoungGen: 88064K->4110K(175104K)] [ParOldGen: 524287K->522827K(524288K)] 612351K->526938K(699392K), [Metaspace: 43930K->43930K(1087488K)], 0.1590790 secs] [Times: user=2.08 sys=0.01, real=0.16 secs] 
2016-09-25T22:05:25.457-0400: 113.763: [Full GC (Ergonomics) [PSYoungGen: 88064K->19067K(175104K)] [ParOldGen: 522901K->521766K(524288K)] 610965K->540834K(699392K), [Metaspace: 43930K->43930K(1087488K)], 0.1622762 secs] [Times: user=2.19 sys=0.01, real=0.16 secs] 
2016-09-25T22:05:25.667-0400: 113.973: [Full GC (Ergonomics) [PSYoungGen: 87872K->9513K(175104K)] [ParOldGen: 521766K->523513K(524288K)] 609639K->533026K(699392K), [Metaspace: 43930K->43930K(1087488K)], 0.1433248 secs] [Times: user=2.00 sys=0.02, real=0.14 secs] 
2016-09-25T22:05:25.855-0400: 114.161: [Full GC (Ergonomics) [PSYoungGen: 87706K->9513K(175104K)] [ParOldGen: 523513K->523841K(524288K)] 611219K->533355K(699392K), [Metaspace: 43930K->43930K(1087488K)], 0.1617602 secs] [Times: user=1.94 sys=0.01, real=0.16 secs] 
2016-09-25T22:05:26.064-0400: 114.369: [Full GC (Ergonomics) [PSYoungGen: 86919K->8164K(175104K)] [ParOldGen: 523841K->524205K(524288K)] 610760K->532369K(699392K), [Metaspace: 43930K->43930K(1087488K)], 0.1476357 secs] [Times: user=1.70 sys=0.01, real=0.14 secs] 
2016-09-25T22:05:26.267-0400: 114.572: [Full GC (Ergonomics) [PSYoungGen: 87702K->4104K(175104K)] [ParOldGen: 524205K->523201K(524288K)] 611908K->527306K(699392K), [Metaspace: 43930K->43930K(1087488K)], 0.1476244 secs] [Times: user=2.01 sys=0.00, real=0.15 secs] 
2016-09-25T22:05:26.462-0400: 114.768: [Full GC (Ergonomics) [PSYoungGen: 86027K->6817K(175104K)] [ParOldGen: 523201K->522137K(524288K)] 609229K->528955K(699392K), [Metaspace: 43930K->43930K(1087488K)], 0.1447711 secs] [Times: user=2.01 sys=0.01, real=0.15 secs] 
2016-09-25T22:05:26.651-0400: 114.957: [Full GC (Ergonomics) [PSYoungGen: 87626K->10926K(175104K)] [ParOldGen: 522137K->523797K(524288K)] 609764K->534723K(699392K), [Metaspace: 43930K->43930K(1087488K)], 0.1469103 secs] [Times: user=2.14 sys=0.01, real=0.15 secs] 
2016-09-25T22:05:26.841-0400: 115.147: [Full GC (Ergonomics) [PSYoungGen: 88064K->9556K(175104K)] [ParOldGen: 523863K->522776K(524288K)] 611927K->532333K(699392K), [Metaspace: 43930K->43930K(1087488K)], 0.1475013 secs] [Times: user=1.94 sys=0.01, real=0.15 secs] 
2016-09-25T22:05:27.033-0400: 115.339: [Full GC (Ergonomics) [PSYoungGen: 87684K->14919K(175104K)] [ParOldGen: 522776K->523234K(524288K)] 610461K->538154K(699392K), [Metaspace: 43930K->43930K(1087488K)], 0.1577823 secs] [Times: user=1.89 sys=0.02, real=0.16 secs] 
2016-09-25T22:05:27.244-0400: 115.550: [Full GC (Ergonomics) [PSYoungGen: 85898K->9665K(175104K)] [ParOldGen: 523234K->521830K(524288K)] 609133K->531496K(699392K), [Metaspace: 43930K->43930K(1087488K)], 0.1905308 secs] [Times: user=1.99 sys=0.07, real=0.19 secs] 
2016-09-25T22:05:27.503-0400: 115.808: [Full GC (Ergonomics) [PSYoungGen: 88064K->6887K(175104K)] [ParOldGen: 523201K->523507K(524288K)] 611265K->530394K(699392K), [Metaspace: 43930K->43930K(1087488K)], 0.1462815 secs] [Times: user=1.66 sys=0.04, real=0.14 secs] 
2016-09-25T22:05:27.704-0400: 116.010: [Full GC (Ergonomics) [PSYoungGen: 88064K->6821K(175104K)] [ParOldGen: 523561K->523883K(524288K)] 611625K->530704K(699392K), [Metaspace: 43938K->43938K(1087488K)], 0.1877310 secs] [Times: user=2.73 sys=0.02, real=0.18 secs] 
2016-09-25T22:05:27.941-0400: 116.247: [Full GC (Ergonomics) [PSYoungGen: 87796K->4192K(175104K)] [ParOldGen: 523883K->524249K(524288K)] 611679K->528441K(699392K), [Metaspace: 43938K->43938K(1087488K)], 0.1444914 secs] [Times: user=2.14 sys=0.00, real=0.15 secs] 
2016-09-25T22:05:28.129-0400: 116.434: [Full GC (Ergonomics) [PSYoungGen: 88064K->13688K(175104K)] [ParOldGen: 524287K->523259K(524288K)] 612351K->536948K(699392K), [Metaspace: 43938K->43938K(1087488K)], 0.1470514 secs] [Times: user=2.18 sys=0.01, real=0.15 secs] 
2016-09-25T22:05:28.321-0400: 116.627: [Full GC (Ergonomics) [PSYoungGen: 87743K->9786K(175104K)] [ParOldGen: 523259K->523639K(524288K)] 611002K->533426K(699392K), [Metaspace: 43939K->43939K(1087488K)], 0.1389857 secs] [Times: user=2.07 sys=0.01, real=0.14 secs] 
2016-09-25T22:05:28.495-0400: 116.801: [Full GC (Ergonomics) [PSYoungGen: 85750K->9556K(175104K)] [ParOldGen: 523639K->522546K(524288K)] 609390K->532102K(699392K), [Metaspace: 43939K->43939K(1087488K)], 0.1383875 secs] [Times: user=1.96 sys=0.01, real=0.13 secs] 
2016-09-25T22:05:28.679-0400: 116.985: [Full GC (Ergonomics) [PSYoungGen: 88064K->2880K(175104K)] [ParOldGen: 522548K->524179K(524288K)] 610612K->527059K(699392K), [Metaspace: 43968K->43968K(1087488K)], 0.1977975 secs] [Times: user=3.03 sys=0.02, real=0.20 secs] 
2016-09-25T22:05:33.788-0400: 122.094: [Full GC (Ergonomics) [PSYoungGen: 88064K->0K(175104K)] [ParOldGen: 524186K->505639K(524288K)] 612250K->505639K(699392K), [Metaspace: 43976K->43976K(1087488K)], 0.1169695 secs] [Times: user=1.14 sys=0.03, real=0.12 secs] 
2016-09-25T22:05:39.318-0400: 127.624: [Full GC (Ergonomics) [PSYoungGen: 88064K->0K(175104K)] [ParOldGen: 505639K->495994K(524288K)] 593703K->495994K(699392K), [Metaspace: 43987K->43987K(1087488K)], 0.0916052 secs] [Times: user=0.68 sys=0.01, real=0.09 secs] 
2016-09-25T22:05:44.852-0400: 133.158: [GC (Allocation Failure) [PSYoungGen: 88064K->23141K(175104K)] 584058K->519135K(699392K), 0.0109638 secs] [Times: user=0.06 sys=0.01, real=0.02 secs] 
2016-09-25T22:05:50.207-0400: 138.513: [GC (Allocation Failure) [PSYoungGen: 111205K->21637K(175104K)] 607199K->540308K(699392K), 0.0089477 secs] [Times: user=0.07 sys=0.00, real=0.01 secs] 
2016-09-25T22:05:50.216-0400: 138.522: [Full GC (Ergonomics) [PSYoungGen: 21637K->0K(175104K)] [ParOldGen: 518671K->477720K(524288K)] 540308K->477720K(699392K), [Metaspace: 44002K->44002K(1087488K)], 0.1055000 secs] [Times: user=0.94 sys=0.02, real=0.10 secs] 
2016-09-25T22:05:55.902-0400: 144.208: [GC (Allocation Failure) [PSYoungGen: 88064K->22757K(175104K)] 565784K->500477K(699392K), 0.0069165 secs] [Times: user=0.05 sys=0.01, real=0.00 secs] 
