Java HotSpot(TM) 64-Bit Server VM (25.77-b03) for linux-amd64 JRE (1.8.0_77-b03), built on Mar 20 2016 22:00:46 by "java_re" with gcc 4.3.0 20080428 (Red Hat 4.3.0-8)
Memory: 4k page, physical 264122324k(96870308k free), swap 268399612k(268246128k free)
CommandLine flags: -XX:GCLogFileSize=1048576 -XX:+HeapDumpOnOutOfMemoryError -XX:HeapDumpPath=artifacts/heapdump -XX:InitialHeapSize=805306368 -XX:MaxHeapSize=805306368 -XX:NumberOfGCLogFiles=10 -XX:+PrintGC -XX:+PrintGCDateStamps -XX:+PrintGCDetails -XX:+PrintGCTimeStamps -XX:+UseCompressedClassPointers -XX:+UseCompressedOops -XX:+UseGCLogFileRotation -XX:+UseParallelGC 
2016-09-15T11:59:57.770-0400: 2.139: [GC (Metadata GC Threshold) [PSYoungGen: 121898K->15704K(229376K)] 121898K->15784K(753664K), 0.0326056 secs] [Times: user=0.23 sys=0.09, real=0.03 secs] 
2016-09-15T11:59:57.803-0400: 2.172: [Full GC (Metadata GC Threshold) [PSYoungGen: 15704K->0K(229376K)] [ParOldGen: 80K->14597K(332800K)] 15784K->14597K(562176K), [Metaspace: 21056K->21056K(1067008K)], 0.0513878 secs] [Times: user=0.40 sys=0.04, real=0.05 secs] 
2016-09-15T11:59:59.597-0400: 3.966: [GC (Metadata GC Threshold) [PSYoungGen: 119749K->15088K(229376K)] 134346K->29694K(562176K), 0.0197530 secs] [Times: user=0.16 sys=0.01, real=0.02 secs] 
2016-09-15T11:59:59.617-0400: 3.986: [Full GC (Metadata GC Threshold) [PSYoungGen: 15088K->0K(229376K)] [ParOldGen: 14605K->20287K(524288K)] 29694K->20287K(753664K), [Metaspace: 35081K->35081K(1079296K)], 0.0536801 secs] [Times: user=0.52 sys=0.01, real=0.05 secs] 
2016-09-15T12:00:01.354-0400: 5.723: [GC (GCLocker Initiated GC) [PSYoungGen: 196608K->23899K(229376K)] 222970K->50269K(753664K), 0.0097714 secs] [Times: user=0.08 sys=0.00, real=0.01 secs] 
2016-09-15T12:00:02.115-0400: 6.484: [GC (GCLocker Initiated GC) [PSYoungGen: 220507K->32747K(229376K)] 247238K->66057K(753664K), 0.0243083 secs] [Times: user=0.24 sys=0.00, real=0.03 secs] 
2016-09-15T12:00:03.209-0400: 7.578: [GC (GCLocker Initiated GC) [PSYoungGen: 229355K->20948K(217600K)] 268756K->60357K(741888K), 0.0070063 secs] [Times: user=0.09 sys=0.00, real=0.01 secs] 
2016-09-15T12:00:04.254-0400: 8.623: [GC (Allocation Failure) [PSYoungGen: 217556K->21461K(226304K)] 263379K->67291K(750592K), 0.0081512 secs] [Times: user=0.05 sys=0.03, real=0.01 secs] 
2016-09-15T12:00:05.278-0400: 9.647: [GC (Allocation Failure) [PSYoungGen: 204392K->20885K(209920K)] 250223K->66724K(734208K), 0.0281341 secs] [Times: user=0.26 sys=0.03, real=0.02 secs] 
2016-09-15T12:00:05.809-0400: 10.178: [GC (GCLocker Initiated GC) [PSYoungGen: 209808K->33793K(219648K)] 255652K->128246K(743936K), 0.0114571 secs] [Times: user=0.14 sys=0.03, real=0.01 secs] 
2016-09-15T12:00:06.036-0400: 10.405: [GC (GCLocker Initiated GC) [PSYoungGen: 219137K->34167K(219648K)] 313951K->207964K(743936K), 0.0107515 secs] [Times: user=0.14 sys=0.02, real=0.00 secs] 
2016-09-15T12:00:06.251-0400: 10.620: [GC (GCLocker Initiated GC) [PSYoungGen: 219511K->40110K(213504K)] 393568K->293150K(737792K), 0.0140795 secs] [Times: user=0.16 sys=0.04, real=0.01 secs] 
2016-09-15T12:00:06.477-0400: 10.846: [GC (GCLocker Initiated GC) [PSYoungGen: 213166K->39850K(212992K)] 466360K->365952K(737280K), 0.0164889 secs] [Times: user=0.21 sys=0.02, real=0.01 secs] 
2016-09-15T12:00:06.701-0400: 11.070: [GC (GCLocker Initiated GC) [PSYoungGen: 212906K->43809K(206336K)] 545304K->420854K(730624K), 0.0124249 secs] [Times: user=0.08 sys=0.04, real=0.01 secs] 
2016-09-15T12:00:06.913-0400: 11.282: [GC (GCLocker Initiated GC) [PSYoungGen: 202529K->49692K(208896K)] 579695K->506233K(733184K), 0.0121880 secs] [Times: user=0.14 sys=0.02, real=0.01 secs] 
2016-09-15T12:00:06.926-0400: 11.295: [Full GC (Ergonomics) [PSYoungGen: 49692K->0K(208896K)] [ParOldGen: 456541K->50840K(524288K)] 506233K->50840K(733184K), [Metaspace: 43474K->43474K(1085440K)], 0.1844618 secs] [Times: user=2.63 sys=0.02, real=0.19 secs] 
2016-09-15T12:00:07.314-0400: 11.683: [GC (GCLocker Initiated GC) [PSYoungGen: 158720K->50020K(192512K)] 209607K->198116K(716800K), 0.0109241 secs] [Times: user=0.17 sys=0.00, real=0.01 secs] 
2016-09-15T12:00:07.482-0400: 11.851: [GC (GCLocker Initiated GC) [PSYoungGen: 189284K->56326K(196096K)] 337388K->222664K(720384K), 0.0095326 secs] [Times: user=0.15 sys=0.00, real=0.01 secs] 
2016-09-15T12:00:07.659-0400: 12.028: [GC (GCLocker Initiated GC) [PSYoungGen: 195590K->62465K(180736K)] 362183K->259441K(705024K), 0.0093991 secs] [Times: user=0.15 sys=0.00, real=0.01 secs] 
2016-09-15T12:00:07.838-0400: 12.207: [GC (GCLocker Initiated GC) [PSYoungGen: 177153K->68540K(183296K)] 374215K->289902K(707584K), 0.0115067 secs] [Times: user=0.15 sys=0.00, real=0.01 secs] 
2016-09-15T12:00:08.003-0400: 12.372: [GC (GCLocker Initiated GC) [PSYoungGen: 183228K->55583K(175104K)] 410936K->283977K(699392K), 0.0095080 secs] [Times: user=0.11 sys=0.00, real=0.01 secs] 
2016-09-15T12:00:08.122-0400: 12.491: [GC (GCLocker Initiated GC) [PSYoungGen: 151839K->79715K(176128K)] 380347K->326684K(700416K), 0.0143741 secs] [Times: user=0.18 sys=0.00, real=0.02 secs] 
2016-09-15T12:00:08.263-0400: 12.632: [GC (GCLocker Initiated GC) [PSYoungGen: 175971K->85822K(174080K)] 423201K->363555K(698368K), 0.0110584 secs] [Times: user=0.15 sys=0.00, real=0.01 secs] 
2016-09-15T12:00:08.412-0400: 12.781: [GC (GCLocker Initiated GC) [PSYoungGen: 173886K->73704K(175104K)] 451795K->388231K(699392K), 0.0115410 secs] [Times: user=0.17 sys=0.01, real=0.01 secs] 
2016-09-15T12:00:08.521-0400: 12.890: [GC (GCLocker Initiated GC) [PSYoungGen: 161768K->85790K(175104K)] 476421K->430945K(699392K), 0.0093487 secs] [Times: user=0.15 sys=0.00, real=0.01 secs] 
2016-09-15T12:00:08.653-0400: 13.022: [GC (GCLocker Initiated GC) [PSYoungGen: 173854K->61522K(175104K)] 525248K->492215K(699392K), 0.0140350 secs] [Times: user=0.21 sys=0.00, real=0.01 secs] 
2016-09-15T12:00:08.667-0400: 13.036: [Full GC (Ergonomics) [PSYoungGen: 61522K->0K(175104K)] [ParOldGen: 430693K->51151K(524288K)] 492215K->51151K(699392K), [Metaspace: 43618K->43618K(1085440K)], 0.0470237 secs] [Times: user=0.34 sys=0.00, real=0.05 secs] 
2016-09-15T12:00:08.827-0400: 13.196: [GC (GCLocker Initiated GC) [PSYoungGen: 88064K->86602K(175104K)] 145460K->168298K(699392K), 0.0105892 secs] [Times: user=0.15 sys=0.01, real=0.02 secs] 
2016-09-15T12:00:08.962-0400: 13.331: [GC (Allocation Failure) [PSYoungGen: 174666K->43201K(175104K)] 256561K->162281K(699392K), 0.0115796 secs] [Times: user=0.16 sys=0.00, real=0.01 secs] 
2016-09-15T12:00:09.063-0400: 13.432: [GC (GCLocker Initiated GC) [PSYoungGen: 131265K->86018K(175104K)] 250351K->241698K(699392K), 0.0133632 secs] [Times: user=0.20 sys=0.01, real=0.02 secs] 
2016-09-15T12:00:09.210-0400: 13.579: [GC (GCLocker Initiated GC) [PSYoungGen: 174082K->67241K(175104K)] 336053K->241801K(699392K), 0.0089085 secs] [Times: user=0.10 sys=0.00, real=0.01 secs] 
2016-09-15T12:00:09.327-0400: 13.696: [GC (GCLocker Initiated GC) [PSYoungGen: 155305K->62045K(175104K)] 330109K->285609K(699392K), 0.0110164 secs] [Times: user=0.16 sys=0.01, real=0.02 secs] 
2016-09-15T12:00:09.481-0400: 13.850: [GC (GCLocker Initiated GC) [PSYoungGen: 150109K->55383K(175104K)] 374023K->316061K(699392K), 0.0115910 secs] [Times: user=0.16 sys=0.00, real=0.01 secs] 
2016-09-15T12:00:09.621-0400: 13.990: [GC (GCLocker Initiated GC) [PSYoungGen: 143447K->85954K(175104K)] 404329K->371444K(699392K), 0.0114352 secs] [Times: user=0.16 sys=0.00, real=0.01 secs] 
2016-09-15T12:00:09.763-0400: 14.132: [GC (Allocation Failure) [PSYoungGen: 174018K->37453K(175104K)] 465916K->365945K(699392K), 0.0080712 secs] [Times: user=0.11 sys=0.00, real=0.01 secs] 
2016-09-15T12:00:09.868-0400: 14.237: [GC (GCLocker Initiated GC) [PSYoungGen: 123101K->73544K(175104K)] 457667K->408394K(699392K), 0.0102946 secs] [Times: user=0.15 sys=0.00, real=0.01 secs] 
2016-09-15T12:00:10.005-0400: 14.374: [GC (GCLocker Initiated GC) [PSYoungGen: 161608K->73904K(175104K)] 496551K->408983K(699392K), 0.0103842 secs] [Times: user=0.15 sys=0.00, real=0.02 secs] 
2016-09-15T12:00:10.167-0400: 14.536: [GC (Allocation Failure) [PSYoungGen: 161968K->73412K(175104K)] 497172K->445702K(699392K), 0.0107506 secs] [Times: user=0.14 sys=0.01, real=0.02 secs] 
2016-09-15T12:00:10.297-0400: 14.666: [GC (GCLocker Initiated GC) [PSYoungGen: 161476K->73444K(175104K)] 533772K->488416K(699392K), 0.0118425 secs] [Times: user=0.17 sys=0.01, real=0.01 secs] 
2016-09-15T12:00:10.444-0400: 14.813: [GC (GCLocker Initiated GC) [PSYoungGen: 161508K->55251K(175104K)] 582561K->494617K(699392K), 0.0098640 secs] [Times: user=0.09 sys=0.00, real=0.01 secs] 
2016-09-15T12:00:10.536-0400: 14.905: [GC (GCLocker Initiated GC) [PSYoungGen: 143315K->85954K(175104K)] 582840K->543880K(699392K), 0.0110382 secs] [Times: user=0.12 sys=0.00, real=0.00 secs] 
2016-09-15T12:00:10.547-0400: 14.916: [Full GC (Ergonomics) [PSYoungGen: 85954K->0K(175104K)] [ParOldGen: 457925K->57612K(524288K)] 543880K->57612K(699392K), [Metaspace: 43728K->43728K(1085440K)], 0.0511560 secs] [Times: user=0.37 sys=0.02, real=0.06 secs] 
2016-09-15T12:00:10.701-0400: 15.070: [GC (GCLocker Initiated GC) [PSYoungGen: 88064K->86662K(175104K)] 145785K->150458K(699392K), 0.0091237 secs] [Times: user=0.14 sys=0.00, real=0.01 secs] 
2016-09-15T12:00:10.827-0400: 15.196: [GC (Allocation Failure) [PSYoungGen: 174726K->73772K(175104K)] 238799K->175286K(699392K), 0.0099122 secs] [Times: user=0.12 sys=0.00, real=0.02 secs] 
2016-09-15T12:00:10.945-0400: 15.314: [GC (GCLocker Initiated GC) [PSYoungGen: 161836K->55155K(175104K)] 263351K->175187K(699392K), 0.0079613 secs] [Times: user=0.10 sys=0.00, real=0.01 secs] 
2016-09-15T12:00:11.050-0400: 15.419: [GC (GCLocker Initiated GC) [PSYoungGen: 143219K->86314K(175104K)] 263578K->231125K(699392K), 0.0103394 secs] [Times: user=0.16 sys=0.00, real=0.01 secs] 
2016-09-15T12:00:11.188-0400: 15.557: [GC (GCLocker Initiated GC) [PSYoungGen: 174378K->55906K(175104K)] 325450K->207599K(699392K), 0.0094293 secs] [Times: user=0.09 sys=0.00, real=0.01 secs] 
2016-09-15T12:00:11.285-0400: 15.654: [GC (GCLocker Initiated GC) [PSYoungGen: 143970K->73380K(175104K)] 295789K->249781K(699392K), 0.0139503 secs] [Times: user=0.20 sys=0.00, real=0.02 secs] 
2016-09-15T12:00:11.412-0400: 15.781: [GC (GCLocker Initiated GC) [PSYoungGen: 161444K->49376K(175104K)] 344157K->262584K(699392K), 0.0168839 secs] [Times: user=0.18 sys=0.00, real=0.02 secs] 
2016-09-15T12:00:11.553-0400: 15.922: [GC (GCLocker Initiated GC) [PSYoungGen: 137440K->67273K(175104K)] 350763K->299284K(699392K), 0.0099433 secs] [Times: user=0.11 sys=0.01, real=0.01 secs] 
2016-09-15T12:00:11.692-0400: 16.061: [GC (GCLocker Initiated GC) [PSYoungGen: 155337K->30887K(175104K)] 387397K->354215K(699392K), 0.0096691 secs] [Times: user=0.14 sys=0.00, real=0.01 secs] 
2016-09-15T12:00:11.809-0400: 16.178: [GC (GCLocker Initiated GC) [PSYoungGen: 118951K->85890K(175104K)] 442316K->427623K(699392K), 0.0117510 secs] [Times: user=0.15 sys=0.01, real=0.01 secs] 
2016-09-15T12:00:11.924-0400: 16.293: [GC (GCLocker Initiated GC) [PSYoungGen: 173954K->85690K(175104K)] 515730K->494770K(699392K), 0.0124301 secs] [Times: user=0.20 sys=0.01, real=0.02 secs] 
2016-09-15T12:00:12.065-0400: 16.434: [GC (GCLocker Initiated GC) [PSYoungGen: 173754K->85986K(175104K)] 588951K->592420K(699392K), 0.0156231 secs] [Times: user=0.21 sys=0.02, real=0.02 secs] 
2016-09-15T12:00:12.081-0400: 16.450: [Full GC (Ergonomics) [PSYoungGen: 85986K->0K(175104K)] [ParOldGen: 506434K->51426K(524288K)] 592420K->51426K(699392K), [Metaspace: 43773K->43773K(1085440K)], 0.0470166 secs] [Times: user=0.42 sys=0.00, real=0.05 secs] 
2016-09-15T12:00:12.233-0400: 16.602: [GC (GCLocker Initiated GC) [PSYoungGen: 88064K->86694K(175104K)] 139845K->168850K(699392K), 0.0101427 secs] [Times: user=0.15 sys=0.00, real=0.01 secs] 
2016-09-15T12:00:12.341-0400: 16.710: [GC (GCLocker Initiated GC) [PSYoungGen: 174758K->85822K(175104K)] 256956K->248159K(699392K), 0.0141702 secs] [Times: user=0.24 sys=0.00, real=0.01 secs] 
2016-09-15T12:00:12.446-0400: 16.815: [GC (GCLocker Initiated GC) [PSYoungGen: 173886K->61522K(175104K)] 342519K->321432K(699392K), 0.0156210 secs] [Times: user=0.23 sys=0.00, real=0.02 secs] 
2016-09-15T12:00:12.611-0400: 16.980: [GC (GCLocker Initiated GC) [PSYoungGen: 149586K->67925K(175104K)] 427847K->364570K(699392K), 0.0098628 secs] [Times: user=0.15 sys=0.00, real=0.01 secs] 
2016-09-15T12:00:12.731-0400: 17.100: [GC (GCLocker Initiated GC) [PSYoungGen: 155989K->55415K(175104K)] 459437K->407967K(699392K), 0.0082904 secs] [Times: user=0.13 sys=0.00, real=0.01 secs] 
2016-09-15T12:00:12.865-0400: 17.234: [GC (GCLocker Initiated GC) [PSYoungGen: 143479K->85594K(175104K)] 496101K->486959K(699392K), 0.0117495 secs] [Times: user=0.19 sys=0.00, real=0.02 secs] 
2016-09-15T12:00:12.983-0400: 17.352: [GC (Allocation Failure) [PSYoungGen: 173658K->74000K(175104K)] 581348K->530409K(699392K), 0.0129783 secs] [Times: user=0.15 sys=0.01, real=0.02 secs] 
2016-09-15T12:00:12.996-0400: 17.365: [Full GC (Ergonomics) [PSYoungGen: 74000K->0K(175104K)] [ParOldGen: 456409K->51658K(524288K)] 530409K->51658K(699392K), [Metaspace: 43794K->43794K(1085440K)], 0.0443867 secs] [Times: user=0.37 sys=0.01, real=0.04 secs] 
2016-09-15T12:00:13.146-0400: 17.515: [GC (GCLocker Initiated GC) [PSYoungGen: 88064K->86018K(175104K)] 139723K->143760K(699392K), 0.0108700 secs] [Times: user=0.17 sys=0.00, real=0.02 secs] 
2016-09-15T12:00:13.254-0400: 17.623: [GC (GCLocker Initiated GC) [PSYoungGen: 174082K->73576K(175104K)] 232039K->186688K(699392K), 0.0096094 secs] [Times: user=0.14 sys=0.01, real=0.01 secs] 
2016-09-15T12:00:13.384-0400: 17.753: [GC (Allocation Failure) [PSYoungGen: 161640K->86477K(175104K)] 275018K->206230K(699392K), 0.0110264 secs] [Times: user=0.15 sys=0.00, real=0.01 secs] 
2016-09-15T12:00:13.510-0400: 17.879: [GC (GCLocker Initiated GC) [PSYoungGen: 174538K->73868K(175104K)] 294296K->230399K(699392K), 0.0097462 secs] [Times: user=0.13 sys=0.00, real=0.01 secs] 
2016-09-15T12:00:13.653-0400: 18.022: [GC (GCLocker Initiated GC) [PSYoungGen: 161932K->55743K(175104K)] 324804K->236991K(699392K), 0.0079982 secs] [Times: user=0.12 sys=0.00, real=0.01 secs] 
2016-09-15T12:00:13.781-0400: 18.150: [GC (GCLocker Initiated GC) [PSYoungGen: 143804K->73836K(175104K)] 325368K->273917K(699392K), 0.0158409 secs] [Times: user=0.20 sys=0.00, real=0.02 secs] 
2016-09-15T12:00:13.917-0400: 18.286: [GC (GCLocker Initiated GC) [PSYoungGen: 161900K->55415K(175104K)] 368294K->316580K(699392K), 0.0187291 secs] [Times: user=0.20 sys=0.00, real=0.02 secs] 
2016-09-15T12:00:14.054-0400: 18.423: [GC (GCLocker Initiated GC) [PSYoungGen: 143479K->86054K(175104K)] 404697K->383858K(699392K), 0.0090809 secs] [Times: user=0.15 sys=0.00, real=0.01 secs] 
2016-09-15T12:00:14.195-0400: 18.564: [GC (Allocation Failure) [PSYoungGen: 174118K->73672K(175104K)] 472092K->433048K(699392K), 0.0099035 secs] [Times: user=0.14 sys=0.01, real=0.01 secs] 
2016-09-15T12:00:14.298-0400: 18.667: [GC (GCLocker Initiated GC) [PSYoungGen: 161736K->85922K(175104K)] 521117K->475978K(699392K), 0.0139442 secs] [Times: user=0.19 sys=0.00, real=0.01 secs] 
2016-09-15T12:00:14.447-0400: 18.816: [GC (GCLocker Initiated GC) [PSYoungGen: 173986K->85594K(175104K)] 564106K->518719K(699392K), 0.0107952 secs] [Times: user=0.15 sys=0.01, real=0.02 secs] 
2016-09-15T12:00:14.586-0400: 18.955: [GC (GCLocker Initiated GC) [PSYoungGen: 173658K->37517K(175104K)] 613129K->513582K(699392K), 0.0140375 secs] [Times: user=0.18 sys=0.01, real=0.02 secs] 
2016-09-15T12:00:14.602-0400: 18.971: [Full GC (Ergonomics) [PSYoungGen: 37517K->0K(175104K)] [ParOldGen: 476064K->39613K(524288K)] 513582K->39613K(699392K), [Metaspace: 43824K->43824K(1087488K)], 0.0524193 secs] [Times: user=0.35 sys=0.01, real=0.05 secs] 
2016-09-15T12:00:14.743-0400: 19.112: [GC (GCLocker Initiated GC) [PSYoungGen: 88064K->86046K(175104K)] 127982K->138114K(699392K), 0.0101712 secs] [Times: user=0.12 sys=0.00, real=0.01 secs] 
2016-09-15T12:00:14.869-0400: 19.238: [GC (GCLocker Initiated GC) [PSYoungGen: 174110K->73968K(175104K)] 232452K->187712K(699392K), 0.0118917 secs] [Times: user=0.16 sys=0.00, real=0.01 secs] 
2016-09-15T12:00:14.994-0400: 19.363: [GC (Allocation Failure) [PSYoungGen: 162032K->55547K(175104K)] 276120K->188332K(699392K), 0.0074315 secs] [Times: user=0.10 sys=0.00, real=0.01 secs] 
2016-09-15T12:00:15.112-0400: 19.481: [GC (GCLocker Initiated GC) [PSYoungGen: 141418K->55743K(175104K)] 280278K->213127K(699392K), 0.0080985 secs] [Times: user=0.12 sys=0.00, real=0.01 secs] 
2016-09-15T12:00:15.249-0400: 19.618: [GC (GCLocker Initiated GC) [PSYoungGen: 143807K->74000K(175104K)] 307621K->237934K(699392K), 0.0089916 secs] [Times: user=0.09 sys=0.00, real=0.01 secs] 
2016-09-15T12:00:15.404-0400: 19.773: [GC (GCLocker Initiated GC) [PSYoungGen: 162064K->55839K(175104K)] 338504K->268896K(699392K), 0.0093871 secs] [Times: user=0.15 sys=0.00, real=0.01 secs] 
2016-09-15T12:00:15.507-0400: 19.876: [GC (GCLocker Initiated GC) [PSYoungGen: 143903K->80139K(175104K)] 363279K->318063K(699392K), 0.0107833 secs] [Times: user=0.16 sys=0.00, real=0.02 secs] 
2016-09-15T12:00:15.632-0400: 20.001: [GC (Allocation Failure) [PSYoungGen: 168203K->86150K(175104K)] 406286K->372977K(699392K), 0.0132161 secs] [Times: user=0.16 sys=0.00, real=0.01 secs] 
2016-09-15T12:00:15.792-0400: 20.161: [GC (GCLocker Initiated GC) [PSYoungGen: 174214K->67433K(175104K)] 461047K->409413K(699392K), 0.0134885 secs] [Times: user=0.18 sys=0.00, real=0.01 secs] 
2016-09-15T12:00:15.920-0400: 20.289: [GC (GCLocker Initiated GC) [PSYoungGen: 155497K->67925K(175104K)] 503874K->452911K(699392K), 0.0096903 secs] [Times: user=0.13 sys=0.00, real=0.01 secs] 
2016-09-15T12:00:16.048-0400: 20.417: [GC (GCLocker Initiated GC) [PSYoungGen: 155989K->55319K(175104K)] 547187K->465025K(699392K), 0.0094575 secs] [Times: user=0.14 sys=0.00, real=0.01 secs] 
2016-09-15T12:00:16.170-0400: 20.539: [GC (Allocation Failure) [PSYoungGen: 143383K->85630K(175104K)] 553148K->507836K(699392K), 0.0082112 secs] [Times: user=0.13 sys=0.00, real=0.01 secs] 
2016-09-15T12:00:16.286-0400: 20.655: [GC (GCLocker Initiated GC) [PSYoungGen: 172671K->55319K(175104K)] 600953K->502101K(699392K), 0.0075647 secs] [Times: user=0.11 sys=0.00, real=0.01 secs] 
2016-09-15T12:00:16.421-0400: 20.790: [GC (GCLocker Initiated GC) [PSYoungGen: 143383K->73936K(175104K)] 590386K->539487K(699392K), 0.0095835 secs] [Times: user=0.16 sys=0.00, real=0.01 secs] 
2016-09-15T12:00:16.431-0400: 20.800: [Full GC (Ergonomics) [PSYoungGen: 73936K->0K(175104K)] [ParOldGen: 465551K->45603K(524288K)] 539487K->45603K(699392K), [Metaspace: 43837K->43837K(1087488K)], 0.0433294 secs] [Times: user=0.37 sys=0.00, real=0.04 secs] 
2016-09-15T12:00:16.582-0400: 20.950: [GC (Allocation Failure) [PSYoungGen: 88064K->86538K(175104K)] 140065K->162839K(699392K), 0.0103268 secs] [Times: user=0.16 sys=0.00, real=0.01 secs] 
2016-09-15T12:00:16.720-0400: 21.089: [GC (GCLocker Initiated GC) [PSYoungGen: 172119K->55479K(175104K)] 254496K->193266K(699392K), 0.0104591 secs] [Times: user=0.15 sys=0.00, real=0.01 secs] 
2016-09-15T12:00:16.861-0400: 21.230: [GC (GCLocker Initiated GC) [PSYoungGen: 143543K->85986K(175104K)] 281623K->248518K(699392K), 0.0098425 secs] [Times: user=0.14 sys=0.00, real=0.01 secs] 
2016-09-15T12:00:17.007-0400: 21.376: [GC (Allocation Failure) [PSYoungGen: 174050K->37485K(175104K)] 343233K->224997K(699392K), 0.0067470 secs] [Times: user=0.08 sys=0.00, real=0.01 secs] 
2016-09-15T12:00:17.100-0400: 21.469: [GC (GCLocker Initiated GC) [PSYoungGen: 119869K->73508K(175104K)] 313456K->267394K(699392K), 0.0093750 secs] [Times: user=0.14 sys=0.00, real=0.01 secs] 
2016-09-15T12:00:17.242-0400: 21.611: [GC (GCLocker Initiated GC) [PSYoungGen: 161572K->79911K(175104K)] 355466K->310407K(699392K), 0.0093325 secs] [Times: user=0.14 sys=0.00, real=0.01 secs] 
2016-09-15T12:00:17.373-0400: 21.742: [GC (Allocation Failure) [PSYoungGen: 167975K->55778K(175104K)] 404822K->311291K(699392K), 0.0093800 secs] [Times: user=0.14 sys=0.00, real=0.01 secs] 
2016-09-15T12:00:17.528-0400: 21.897: [GC (GCLocker Initiated GC) [PSYoungGen: 143842K->74000K(175104K)] 399356K->348045K(699392K), 0.0094077 secs] [Times: user=0.14 sys=0.00, real=0.01 secs] 
2016-09-15T12:00:17.667-0400: 22.036: [GC (GCLocker Initiated GC) [PSYoungGen: 162064K->49180K(175104K)] 436470K->360124K(699392K), 0.0100620 secs] [Times: user=0.07 sys=0.00, real=0.02 secs] 
2016-09-15T12:00:17.824-0400: 22.193: [GC (GCLocker Initiated GC) [PSYoungGen: 137244K->79747K(175104K)] 448415K->391045K(699392K), 0.0074153 secs] [Times: user=0.10 sys=0.00, real=0.01 secs] 
2016-09-15T12:00:17.919-0400: 22.288: [GC (Allocation Failure) [PSYoungGen: 167811K->85690K(175104K)] 479464K->440192K(699392K), 0.0106112 secs] [Times: user=0.16 sys=0.01, real=0.01 secs] 
2016-09-15T12:00:17.930-0400: 22.299: [GC (GCLocker Initiated GC) [PSYoungGen: 85705K->32K(175104K)] 440207K->445899K(699392K), 0.0093562 secs] [Times: user=0.14 sys=0.00, real=0.01 secs] 
2016-09-15T12:00:17.939-0400: 22.308: [Full GC (Ergonomics) [PSYoungGen: 32K->0K(175104K)] [ParOldGen: 445867K->57395K(524288K)] 445899K->57395K(699392K), [Metaspace: 43900K->43900K(1087488K)], 0.0483549 secs] [Times: user=0.36 sys=0.01, real=0.05 secs] 
2016-09-15T12:00:18.093-0400: 22.462: [GC (GCLocker Initiated GC) [PSYoungGen: 88064K->86662K(175104K)] 145465K->150138K(699392K), 0.0110652 secs] [Times: user=0.16 sys=0.00, real=0.01 secs] 
2016-09-15T12:00:18.210-0400: 22.579: [GC (GCLocker Initiated GC) [PSYoungGen: 174726K->86214K(175104K)] 244380K->181651K(699392K), 0.0094611 secs] [Times: user=0.14 sys=0.01, real=0.01 secs] 
2016-09-15T12:00:18.309-0400: 22.678: [GC (GCLocker Initiated GC) [PSYoungGen: 174278K->73672K(175104K)] 270059K->224272K(699392K), 0.0102019 secs] [Times: user=0.13 sys=0.00, real=0.01 secs] 
2016-09-15T12:00:18.439-0400: 22.808: [GC (GCLocker Initiated GC) [PSYoungGen: 161736K->86118K(175104K)] 312641K->285915K(699392K), 0.0134408 secs] [Times: user=0.17 sys=0.01, real=0.01 secs] 
2016-09-15T12:00:18.587-0400: 22.956: [GC (GCLocker Initiated GC) [PSYoungGen: 174182K->61298K(175104K)] 374166K->286014K(699392K), 0.0098817 secs] [Times: user=0.08 sys=0.00, real=0.02 secs] 
2016-09-15T12:00:18.706-0400: 23.075: [GC (GCLocker Initiated GC) [PSYoungGen: 149362K->74132K(175104K)] 374372K->335915K(699392K), 0.0202664 secs] [Times: user=0.29 sys=0.00, real=0.02 secs] 
2016-09-15T12:00:18.845-0400: 23.214: [GC (GCLocker Initiated GC) [PSYoungGen: 162196K->73544K(175104K)] 430079K->360256K(699392K), 0.0161763 secs] [Times: user=0.21 sys=0.00, real=0.02 secs] 
2016-09-15T12:00:19.002-0400: 23.371: [GC (Allocation Failure) [PSYoungGen: 161608K->79879K(175104K)] 466665K->403336K(699392K), 0.0085606 secs] [Times: user=0.11 sys=0.00, real=0.01 secs] 
2016-09-15T12:00:19.124-0400: 23.493: [GC (GCLocker Initiated GC) [PSYoungGen: 167943K->73740K(175104K)] 491401K->415746K(699392K), 0.0105877 secs] [Times: user=0.13 sys=0.00, real=0.01 secs] 
2016-09-15T12:00:19.278-0400: 23.647: [GC (GCLocker Initiated GC) [PSYoungGen: 161804K->55027K(175104K)] 510055K->439808K(699392K), 0.0294242 secs] [Times: user=0.36 sys=0.00, real=0.02 secs] 
2016-09-15T12:00:19.460-0400: 23.829: [GC (GCLocker Initiated GC) [PSYoungGen: 143091K->79391K(175104K)] 534000K->470411K(699392K), 0.0103831 secs] [Times: user=0.12 sys=0.00, real=0.01 secs] 
2016-09-15T12:00:19.587-0400: 23.956: [GC (GCLocker Initiated GC) [PSYoungGen: 167455K->73708K(175104K)] 558685K->513666K(699392K), 0.0129563 secs] [Times: user=0.14 sys=0.01, real=0.02 secs] 
2016-09-15T12:00:19.695-0400: 24.064: [GC (GCLocker Initiated GC) [PSYoungGen: 161772K->49148K(175104K)] 607920K->544179K(699392K), 0.0171174 secs] [Times: user=0.16 sys=0.01, real=0.02 secs] 
2016-09-15T12:00:19.713-0400: 24.082: [Full GC (Ergonomics) [PSYoungGen: 49148K->0K(175104K)] [ParOldGen: 495031K->58095K(524288K)] 544179K->58095K(699392K), [Metaspace: 43909K->43909K(1087488K)], 0.0637922 secs] [Times: user=0.40 sys=0.00, real=0.07 secs] 
2016-09-15T12:00:19.879-0400: 24.248: [GC (GCLocker Initiated GC) [PSYoungGen: 88064K->86434K(175104K)] 146279K->156799K(699392K), 0.0190941 secs] [Times: user=0.26 sys=0.01, real=0.02 secs] 
2016-09-15T12:00:20.014-0400: 24.383: [GC (GCLocker Initiated GC) [PSYoungGen: 174498K->49080K(175104K)] 244995K->175547K(699392K), 0.0204245 secs] [Times: user=0.25 sys=0.01, real=0.02 secs] 
2016-09-15T12:00:20.138-0400: 24.507: [GC (Allocation Failure) [PSYoungGen: 137144K->86018K(175104K)] 263764K->261398K(699392K), 0.0136949 secs] [Times: user=0.18 sys=0.00, real=0.01 secs] 
2016-09-15T12:00:20.287-0400: 24.656: [GC (GCLocker Initiated GC) [PSYoungGen: 172762K->49308K(175104K)] 354217K->273720K(699392K), 0.0221363 secs] [Times: user=0.26 sys=0.01, real=0.03 secs] 
2016-09-15T12:00:20.453-0400: 24.822: [GC (GCLocker Initiated GC) [PSYoungGen: 137371K->49116K(175104K)] 374289K->286105K(699392K), 0.0115891 secs] [Times: user=0.09 sys=0.00, real=0.01 secs] 
2016-09-15T12:00:20.613-0400: 24.982: [GC (GCLocker Initiated GC) [PSYoungGen: 137180K->55223K(175104K)] 380442K->316993K(699392K), 0.0249662 secs] [Times: user=0.28 sys=0.00, real=0.03 secs] 
2016-09-15T12:00:20.739-0400: 25.108: [GC (GCLocker Initiated GC) [PSYoungGen: 143287K->85758K(175104K)] 405093K->359865K(699392K), 0.0093343 secs] [Times: user=0.12 sys=0.00, real=0.01 secs] 
2016-09-15T12:00:20.867-0400: 25.236: [GC (GCLocker Initiated GC) [PSYoungGen: 173822K->49180K(175104K)] 454158K->402691K(699392K), 0.0136908 secs] [Times: user=0.11 sys=0.00, real=0.02 secs] 
2016-09-15T12:00:21.011-0400: 25.380: [GC (GCLocker Initiated GC) [PSYoungGen: 137244K->73936K(175104K)] 496995K->433986K(699392K), 0.0085273 secs] [Times: user=0.11 sys=0.01, real=0.01 secs] 
2016-09-15T12:00:21.183-0400: 25.552: [GC (Allocation Failure) [PSYoungGen: 162000K->55319K(175104K)] 528251K->439931K(699392K), 0.0145728 secs] [Times: user=0.18 sys=0.00, real=0.02 secs] 
2016-09-15T12:00:21.299-0400: 25.668: [GC (GCLocker Initiated GC) [PSYoungGen: 143383K->85530K(175104K)] 528000K->488672K(699392K), 0.0103130 secs] [Times: user=0.13 sys=0.00, real=0.01 secs] 
2016-09-15T12:00:21.431-0400: 25.800: [GC (GCLocker Initiated GC) [PSYoungGen: 173594K->67309K(175104K)] 576913K->488941K(699392K), 0.0189845 secs] [Times: user=0.20 sys=0.00, real=0.02 secs] 
2016-09-15T12:00:21.567-0400: 25.936: [GC (GCLocker Initiated GC) [PSYoungGen: 155373K->49048K(175104K)] 577401K->507802K(699392K), 0.0170713 secs] [Times: user=0.21 sys=0.00, real=0.02 secs] 
2016-09-15T12:00:21.584-0400: 25.953: [Full GC (Ergonomics) [PSYoungGen: 49048K->0K(175104K)] [ParOldGen: 458754K->45776K(524288K)] 507802K->45776K(699392K), [Metaspace: 43915K->43915K(1087488K)], 0.0495541 secs] [Times: user=0.25 sys=0.00, real=0.05 secs] 
2016-09-15T12:00:21.744-0400: 26.113: [GC (GCLocker Initiated GC) [PSYoungGen: 88064K->86242K(175104K)] 140153K->144407K(699392K), 0.0101560 secs] [Times: user=0.17 sys=0.00, real=0.01 secs] 
2016-09-15T12:00:21.871-0400: 26.240: [GC (GCLocker Initiated GC) [PSYoungGen: 174306K->55611K(175104K)] 238839K->157190K(699392K), 0.0096269 secs] [Times: user=0.15 sys=0.00, real=0.01 secs] 
2016-09-15T12:00:22.017-0400: 26.386: [GC (GCLocker Initiated GC) [PSYoungGen: 143675K->67893K(175104K)] 251600K->194326K(699392K), 0.0211641 secs] [Times: user=0.20 sys=0.00, real=0.02 secs] 
2016-09-15T12:00:22.156-0400: 26.525: [GC (GCLocker Initiated GC) [PSYoungGen: 155957K->73676K(175104K)] 282594K->218650K(699392K), 0.0178195 secs] [Times: user=0.23 sys=0.00, real=0.01 secs] 
2016-09-15T12:00:22.290-0400: 26.659: [GC (GCLocker Initiated GC) [PSYoungGen: 161740K->61426K(175104K)] 312931K->249374K(699392K), 0.0094928 secs] [Times: user=0.11 sys=0.00, real=0.01 secs] 
2016-09-15T12:00:22.466-0400: 26.835: [GC (GCLocker Initiated GC) [PSYoungGen: 149490K->37162K(175104K)] 356007K->262164K(699392K), 0.0133080 secs] [Times: user=0.13 sys=0.00, real=0.02 secs] 
2016-09-15T12:00:27.715-0400: 32.084: [GC (GCLocker Initiated GC) [PSYoungGen: 125226K->61298K(175104K)] 350561K->287057K(699392K), 0.0259601 secs] [Times: user=0.27 sys=0.01, real=0.03 secs] 
2016-09-15T12:00:27.859-0400: 32.228: [GC (GCLocker Initiated GC) [PSYoungGen: 149362K->55223K(175104K)] 381300K->329797K(699392K), 0.0116746 secs] [Times: user=0.11 sys=0.01, real=0.01 secs] 
2016-09-15T12:00:27.998-0400: 32.367: [GC (Allocation Failure) [PSYoungGen: 143287K->49376K(175104K)] 424163K->385210K(699392K), 0.0235754 secs] [Times: user=0.23 sys=0.01, real=0.02 secs] 
2016-09-15T12:00:28.158-0400: 32.527: [GC (GCLocker Initiated GC) [PSYoungGen: 137440K->61266K(175104K)] 473281K->433824K(699392K), 0.0275482 secs] [Times: user=0.28 sys=0.01, real=0.02 secs] 
2016-09-15T12:00:28.321-0400: 32.690: [GC (GCLocker Initiated GC) [PSYoungGen: 149330K->73544K(175104K)] 521936K->482868K(699392K), 0.0240486 secs] [Times: user=0.30 sys=0.00, real=0.02 secs] 
2016-09-15T12:00:28.449-0400: 32.818: [GC (GCLocker Initiated GC) [PSYoungGen: 161608K->67661K(175104K)] 571136K->532188K(699392K), 0.0140332 secs] [Times: user=0.15 sys=0.01, real=0.01 secs] 
2016-09-15T12:00:28.463-0400: 32.832: [Full GC (Ergonomics) [PSYoungGen: 67661K->0K(175104K)] [ParOldGen: 464526K->52180K(524288K)] 532188K->52180K(699392K), [Metaspace: 43940K->43940K(1087488K)], 0.0606250 secs] [Times: user=0.36 sys=0.00, real=0.06 secs] 
2016-09-15T12:00:28.643-0400: 33.012: [GC (GCLocker Initiated GC) [PSYoungGen: 88064K->86694K(175104K)] 140326K->175406K(699392K), 0.0112370 secs] [Times: user=0.14 sys=0.00, real=0.01 secs] 
2016-09-15T12:00:28.771-0400: 33.140: [GC (GCLocker Initiated GC) [PSYoungGen: 174758K->30923K(175104K)] 269575K->199584K(699392K), 0.0285883 secs] [Times: user=0.30 sys=0.01, real=0.03 secs] 
2016-09-15T12:00:28.940-0400: 33.309: [GC (GCLocker Initiated GC) [PSYoungGen: 118987K->73576K(175104K)] 287958K->297514K(699392K), 0.0124236 secs] [Times: user=0.12 sys=0.01, real=0.01 secs] 
2016-09-15T12:00:29.089-0400: 33.458: [GC (GCLocker Initiated GC) [PSYoungGen: 161640K->67569K(175104K)] 398034K->322471K(699392K), 0.0213267 secs] [Times: user=0.19 sys=0.00, real=0.02 secs] 
2016-09-15T12:00:29.272-0400: 33.641: [GC (GCLocker Initiated GC) [PSYoungGen: 155633K->43073K(175104K)] 422742K->340981K(699392K), 0.0321268 secs] [Times: user=0.34 sys=0.01, real=0.03 secs] 
2016-09-15T12:00:29.446-0400: 33.815: [GC (GCLocker Initiated GC) [PSYoungGen: 131137K->86046K(175104K)] 435162K->414514K(699392K), 0.0119912 secs] [Times: user=0.18 sys=0.01, real=0.02 secs] 
2016-09-15T12:00:29.602-0400: 33.971: [GC (GCLocker Initiated GC) [PSYoungGen: 174110K->43009K(175104K)] 502626K->414574K(699392K), 0.0238986 secs] [Times: user=0.24 sys=0.01, real=0.02 secs] 
2016-09-15T12:00:29.741-0400: 34.110: [GC (GCLocker Initiated GC) [PSYoungGen: 131073K->30859K(175104K)] 508771K->445258K(699392K), 0.0217328 secs] [Times: user=0.23 sys=0.01, real=0.02 secs] 
2016-09-15T12:00:29.864-0400: 34.233: [GC (GCLocker Initiated GC) [PSYoungGen: 118923K->85662K(175104K)] 533416K->512589K(699392K), 0.0218476 secs] [Times: user=0.21 sys=0.01, real=0.02 secs] 
2016-09-15T12:00:30.005-0400: 34.374: [GC (GCLocker Initiated GC) [PSYoungGen: 173726K->73380K(175104K)] 600711K->549264K(699392K), 0.0284731 secs] [Times: user=0.31 sys=0.01, real=0.03 secs] 
2016-09-15T12:00:30.034-0400: 34.403: [Full GC (Ergonomics) [PSYoungGen: 73380K->0K(175104K)] [ParOldGen: 475884K->52685K(524288K)] 549264K->52685K(699392K), [Metaspace: 43960K->43960K(1087488K)], 0.0583778 secs] [Times: user=0.38 sys=0.01, real=0.06 secs] 
2016-09-15T12:00:30.215-0400: 34.584: [GC (GCLocker Initiated GC) [PSYoungGen: 88064K->86498K(175104K)] 147085K->169819K(699392K), 0.0141289 secs] [Times: user=0.20 sys=0.00, real=0.02 secs] 
2016-09-15T12:00:30.344-0400: 34.713: [GC (GCLocker Initiated GC) [PSYoungGen: 174562K->37162K(175104K)] 258132K->176350K(699392K), 0.0212032 secs] [Times: user=0.24 sys=0.01, real=0.02 secs] 
2016-09-15T12:00:30.483-0400: 34.852: [GC (Allocation Failure) [PSYoungGen: 125226K->61490K(175104K)] 264456K->237494K(699392K), 0.0112662 secs] [Times: user=0.13 sys=0.01, real=0.01 secs] 
2016-09-15T12:00:30.601-0400: 34.970: [GC (GCLocker Initiated GC) [PSYoungGen: 145445K->55351K(175104K)] 327524K->310637K(699392K), 0.0302346 secs] [Times: user=0.40 sys=0.01, real=0.03 secs] 
2016-09-15T12:00:30.742-0400: 35.111: [GC (GCLocker Initiated GC) [PSYoungGen: 143415K->85922K(175104K)] 398868K->359899K(699392K), 0.0144933 secs] [Times: user=0.17 sys=0.00, real=0.02 secs] 
2016-09-15T12:00:30.870-0400: 35.239: [GC (GCLocker Initiated GC) [PSYoungGen: 173986K->61490K(175104K)] 448318K->396880K(699392K), 0.0140658 secs] [Times: user=0.18 sys=0.00, real=0.01 secs] 
2016-09-15T12:00:31.045-0400: 35.414: [GC (Allocation Failure) [PSYoungGen: 149554K->55159K(175104K)] 491184K->397040K(699392K), 0.0079470 secs] [Times: user=0.06 sys=0.01, real=0.01 secs] 
2016-09-15T12:00:31.188-0400: 35.557: [GC (GCLocker Initiated GC) [PSYoungGen: 143223K->48984K(175104K)] 485110K->391146K(699392K), 0.0175241 secs] [Times: user=0.18 sys=0.00, real=0.01 secs] 
2016-09-15T12:00:31.296-0400: 35.665: [GC (GCLocker Initiated GC) [PSYoungGen: 137048K->85790K(175104K)] 479431K->464735K(699392K), 0.0116467 secs] [Times: user=0.11 sys=0.00, real=0.01 secs] 
2016-09-15T12:00:31.433-0400: 35.802: [GC (Allocation Failure) [PSYoungGen: 173854K->86150K(175104K)] 553042K->502111K(699392K), 0.0126664 secs] [Times: user=0.18 sys=0.00, real=0.01 secs] 
2016-09-15T12:00:31.571-0400: 35.940: [GC (GCLocker Initiated GC) [PSYoungGen: 174212K->43201K(175104K)] 590180K->495902K(699392K), 0.0218725 secs] [Times: user=0.30 sys=0.00, real=0.02 secs] 
2016-09-15T12:00:31.593-0400: 35.962: [Full GC (Ergonomics) [PSYoungGen: 43201K->0K(175104K)] [ParOldGen: 452701K->45886K(524288K)] 495902K->45886K(699392K), [Metaspace: 43992K->43992K(1087488K)], 0.0615300 secs] [Times: user=0.45 sys=0.02, real=0.06 secs] 
2016-09-15T12:00:31.764-0400: 36.133: [GC (GCLocker Initiated GC) [PSYoungGen: 88064K->74092K(175104K)] 146450K->132478K(699392K), 0.0073909 secs] [Times: user=0.09 sys=0.01, real=0.01 secs] 
2016-09-15T12:00:31.893-0400: 36.262: [GC (GCLocker Initiated GC) [PSYoungGen: 162156K->73708K(175104K)] 220763K->157359K(699392K), 0.0094653 secs] [Times: user=0.13 sys=0.00, real=0.01 secs] 
2016-09-15T12:00:32.039-0400: 36.408: [GC (GCLocker Initiated GC) [PSYoungGen: 161772K->73836K(175104K)] 251847K->164023K(699392K), 0.0201232 secs] [Times: user=0.22 sys=0.01, real=0.02 secs] 
2016-09-15T12:00:32.210-0400: 36.579: [GC (GCLocker Initiated GC) [PSYoungGen: 161900K->43105K(175104K)] 264329K->164034K(699392K), 0.0145445 secs] [Times: user=0.14 sys=0.01, real=0.01 secs] 
2016-09-15T12:00:32.337-0400: 36.706: [GC (GCLocker Initiated GC) [PSYoungGen: 131169K->85726K(175104K)] 252409K->243552K(699392K), 0.0171873 secs] [Times: user=0.18 sys=0.00, real=0.01 secs] 
2016-09-15T12:00:32.500-0400: 36.869: [GC (GCLocker Initiated GC) [PSYoungGen: 173790K->37030K(175104K)] 343976K->256083K(699392K), 0.0217106 secs] [Times: user=0.20 sys=0.00, real=0.02 secs] 
2016-09-15T12:00:32.658-0400: 37.027: [GC (GCLocker Initiated GC) [PSYoungGen: 125094K->61070K(175104K)] 356401K->292636K(699392K), 0.0382632 secs] [Times: user=0.36 sys=0.01, real=0.04 secs] 
2016-09-15T12:00:32.825-0400: 37.194: [GC (GCLocker Initiated GC) [PSYoungGen: 149134K->55711K(175104K)] 393200K->324237K(699392K), 0.0304996 secs] [Times: user=0.34 sys=0.00, real=0.04 secs] 
2016-09-15T12:00:32.971-0400: 37.340: [GC (GCLocker Initiated GC) [PSYoungGen: 143775K->85922K(175104K)] 412376K->354822K(699392K), 0.0125397 secs] [Times: user=0.12 sys=0.00, real=0.01 secs] 
2016-09-15T12:00:33.126-0400: 37.495: [GC (GCLocker Initiated GC) [PSYoungGen: 173986K->55319K(175104K)] 449087K->361078K(699392K), 0.0119698 secs] [Times: user=0.12 sys=0.00, real=0.02 secs] 
2016-09-15T12:00:33.262-0400: 37.631: [GC (GCLocker Initiated GC) [PSYoungGen: 143383K->73444K(175104K)] 449212K->409932K(699392K), 0.0198686 secs] [Times: user=0.19 sys=0.01, real=0.02 secs] 
2016-09-15T12:00:33.425-0400: 37.794: [GC (GCLocker Initiated GC) [PSYoungGen: 161508K->31022K(175104K)] 504101K->391945K(699392K), 0.0150966 secs] [Times: user=0.12 sys=0.01, real=0.02 secs] 
2016-09-15T12:00:33.558-0400: 37.927: [GC (GCLocker Initiated GC) [PSYoungGen: 119086K->55191K(175104K)] 480168K->453146K(699392K), 0.0185609 secs] [Times: user=0.15 sys=0.01, real=0.02 secs] 
2016-09-15T12:00:33.703-0400: 38.072: [GC (GCLocker Initiated GC) [PSYoungGen: 143255K->67437K(175104K)] 547329K->508245K(699392K), 0.0344067 secs] [Times: user=0.36 sys=0.00, real=0.04 secs] 
2016-09-15T12:00:33.891-0400: 38.260: [GC (GCLocker Initiated GC) [PSYoungGen: 155501K->61134K(175104K)] 596518K->520636K(699392K), 0.0082362 secs] [Times: user=0.07 sys=0.00, real=0.01 secs] 
2016-09-15T12:00:34.057-0400: 38.426: [Full GC (Ergonomics) [PSYoungGen: 149198K->0K(175104K)] [ParOldGen: 465764K->46132K(524288K)] 614962K->46132K(699392K), [Metaspace: 44056K->44056K(1087488K)], 0.0760039 secs] [Times: user=0.45 sys=0.00, real=0.07 secs] 
2016-09-15T12:00:34.257-0400: 38.626: [GC (GCLocker Initiated GC) [PSYoungGen: 88064K->86050K(175104K)] 140369K->138355K(699392K), 0.0190113 secs] [Times: user=0.15 sys=0.00, real=0.02 secs] 
2016-09-15T12:00:34.398-0400: 38.767: [GC (GCLocker Initiated GC) [PSYoungGen: 174114K->85790K(175104K)] 226489K->199830K(699392K), 0.0129365 secs] [Times: user=0.16 sys=0.00, real=0.01 secs] 
2016-09-15T12:00:34.514-0400: 38.883: [GC (Allocation Failure) [PSYoungGen: 173854K->67925K(175104K)] 288059K->267340K(699392K), 0.0256970 secs] [Times: user=0.35 sys=0.00, real=0.03 secs] 
2016-09-15T12:00:34.660-0400: 39.029: [GC (GCLocker Initiated GC) [PSYoungGen: 150067K->36934K(175104K)] 355558K->291260K(699392K), 0.0229381 secs] [Times: user=0.21 sys=0.00, real=0.02 secs] 
2016-09-15T12:00:34.836-0400: 39.205: [GC (GCLocker Initiated GC) [PSYoungGen: 124995K->73672K(175104K)] 385757K->334733K(699392K), 0.0137519 secs] [Times: user=0.20 sys=0.00, real=0.01 secs] 
2016-09-15T12:00:34.997-0400: 39.366: [GC (GCLocker Initiated GC) [PSYoungGen: 161736K->49212K(175104K)] 429167K->335167K(699392K), 0.0131198 secs] [Times: user=0.13 sys=0.00, real=0.01 secs] 
2016-09-15T12:00:35.137-0400: 39.506: [GC (GCLocker Initiated GC) [PSYoungGen: 137276K->37130K(175104K)] 435731K->366047K(699392K), 0.0173519 secs] [Times: user=0.16 sys=0.00, real=0.01 secs] 
2016-09-15T12:00:35.309-0400: 39.678: [GC (GCLocker Initiated GC) [PSYoungGen: 125194K->36934K(175104K)] 454215K->384603K(699392K), 0.0146596 secs] [Times: user=0.15 sys=0.00, real=0.01 secs] 
2016-09-15T12:00:35.428-0400: 39.797: [GC (GCLocker Initiated GC) [PSYoungGen: 124998K->79555K(175104K)] 472828K->445705K(699392K), 0.0127850 secs] [Times: user=0.11 sys=0.00, real=0.01 secs] 
2016-09-15T12:00:35.561-0400: 39.930: [GC (GCLocker Initiated GC) [PSYoungGen: 167619K->86046K(175104K)] 539970K->501246K(699392K), 0.0218678 secs] [Times: user=0.26 sys=0.01, real=0.02 secs] 
2016-09-15T12:00:35.706-0400: 40.075: [GC (GCLocker Initiated GC) [PSYoungGen: 174110K->37190K(175104K)] 595590K->526066K(699392K), 0.0200861 secs] [Times: user=0.22 sys=0.01, real=0.02 secs] 
2016-09-15T12:00:35.726-0400: 40.095: [Full GC (Ergonomics) [PSYoungGen: 37190K->0K(175104K)] [ParOldGen: 488876K->58489K(524288K)] 526066K->58489K(699392K), [Metaspace: 44125K->44125K(1087488K)], 0.0562297 secs] [Times: user=0.26 sys=0.00, real=0.06 secs] 
2016-09-15T12:00:35.899-0400: 40.268: [GC (GCLocker Initiated GC) [PSYoungGen: 88064K->86498K(175104K)] 146898K->151407K(699392K), 0.0111077 secs] [Times: user=0.12 sys=0.00, real=0.01 secs] 
2016-09-15T12:00:36.050-0400: 40.419: [GC (GCLocker Initiated GC) [PSYoungGen: 174562K->55415K(175104K)] 245684K->163971K(699392K), 0.0102936 secs] [Times: user=0.15 sys=0.00, real=0.01 secs] 
2016-09-15T12:00:36.207-0400: 40.576: [GC (GCLocker Initiated GC) [PSYoungGen: 143479K->49148K(175104K)] 252369K->200651K(699392K), 0.0205711 secs] [Times: user=0.22 sys=0.00, real=0.02 secs] 
2016-09-15T12:00:36.338-0400: 40.707: [GC (GCLocker Initiated GC) [PSYoungGen: 137212K->79587K(175104K)] 288824K->249551K(699392K), 0.0152569 secs] [Times: user=0.17 sys=0.00, real=0.01 secs] 
2016-09-15T12:00:36.459-0400: 40.828: [GC (GCLocker Initiated GC) [PSYoungGen: 167651K->73676K(175104K)] 343901K->304900K(699392K), 0.0178733 secs] [Times: user=0.18 sys=0.00, real=0.02 secs] 
2016-09-15T12:00:36.588-0400: 40.957: [GC (Allocation Failure) [PSYoungGen: 161740K->73576K(175104K)] 393062K->359889K(699392K), 0.0110003 secs] [Times: user=0.12 sys=0.00, real=0.01 secs] 
2016-09-15T12:00:36.715-0400: 41.084: [GC (GCLocker Initiated GC) [PSYoungGen: 160341K->30891K(175104K)] 452729K->371974K(699392K), 0.0164983 secs] [Times: user=0.15 sys=0.00, real=0.02 secs] 
2016-09-15T12:00:36.882-0400: 41.251: [GC (Allocation Failure) [PSYoungGen: 118955K->67733K(175104K)] 466167K->433453K(699392K), 0.0175501 secs] [Times: user=0.18 sys=0.00, real=0.02 secs] 
2016-09-15T12:00:37.002-0400: 41.371: [GC (GCLocker Initiated GC) [PSYoungGen: 152079K->61326K(175104K)] 523875K->464124K(699392K), 0.0112115 secs] [Times: user=0.11 sys=0.00, real=0.01 secs] 
2016-09-15T12:00:37.137-0400: 41.506: [GC (GCLocker Initiated GC) [PSYoungGen: 149390K->85694K(175104K)] 552236K->519050K(699392K), 0.0358600 secs] [Times: user=0.44 sys=0.01, real=0.03 secs] 
2016-09-15T12:00:37.288-0400: 41.657: [GC (GCLocker Initiated GC) [PSYoungGen: 173758K->73512K(175104K)] 607475K->537864K(699392K), 0.0109629 secs] [Times: user=0.09 sys=0.00, real=0.02 secs] 
2016-09-15T12:00:37.299-0400: 41.668: [Full GC (Ergonomics) [PSYoungGen: 73512K->0K(175104K)] [ParOldGen: 464351K->58532K(524288K)] 537864K->58532K(699392K), [Metaspace: 44129K->44129K(1087488K)], 0.0588238 secs] [Times: user=0.44 sys=0.00, real=0.06 secs] 
2016-09-15T12:00:37.474-0400: 41.843: [GC (GCLocker Initiated GC) [PSYoungGen: 88064K->86246K(175104K)] 146615K->144797K(699392K), 0.0091146 secs] [Times: user=0.10 sys=0.00, real=0.01 secs] 
2016-09-15T12:00:37.574-0400: 41.943: [GC (GCLocker Initiated GC) [PSYoungGen: 174310K->85822K(175104K)] 233015K->212088K(699392K), 0.0125970 secs] [Times: user=0.16 sys=0.00, real=0.01 secs] 
2016-09-15T12:00:37.697-0400: 42.066: [GC (GCLocker Initiated GC) [PSYoungGen: 173886K->37357K(175104K)] 306353K->249083K(699392K), 0.0190242 secs] [Times: user=0.21 sys=0.01, real=0.02 secs] 
2016-09-15T12:00:37.819-0400: 42.188: [GC (Allocation Failure) [PSYoungGen: 125421K->86118K(175104K)] 343566K->310637K(699392K), 0.0092979 secs] [Times: user=0.12 sys=0.00, real=0.01 secs] 
2016-09-15T12:00:37.938-0400: 42.307: [GC (GCLocker Initiated GC) [PSYoungGen: 174182K->55547K(175104K)] 398703K->298608K(699392K), 0.0104058 secs] [Times: user=0.15 sys=0.00, real=0.01 secs] 
2016-09-15T12:00:38.052-0400: 42.421: [GC (GCLocker Initiated GC) [PSYoungGen: 143611K->85854K(175104K)] 386791K->359733K(699392K), 0.0125118 secs] [Times: user=0.18 sys=0.00, real=0.01 secs] 
2016-09-15T12:00:38.217-0400: 42.586: [GC (GCLocker Initiated GC) [PSYoungGen: 173918K->49344K(175104K)] 460090K->372242K(699392K), 0.0183179 secs] [Times: user=0.20 sys=0.00, real=0.01 secs] 
2016-09-15T12:00:38.375-0400: 42.744: [GC (GCLocker Initiated GC) [PSYoungGen: 137408K->55255K(175104K)] 466675K->384953K(699392K), 0.0349801 secs] [Times: user=0.43 sys=0.00, real=0.04 secs] 
2016-09-15T12:00:38.528-0400: 42.897: [GC (GCLocker Initiated GC) [PSYoungGen: 143319K->37322K(175104K)] 479215K->434095K(699392K), 0.0112305 secs] [Times: user=0.14 sys=0.00, real=0.01 secs] 
2016-09-15T12:00:38.640-0400: 43.009: [GC (GCLocker Initiated GC) [PSYoungGen: 125386K->79815K(175104K)] 528534K->513645K(699392K), 0.0114822 secs] [Times: user=0.13 sys=0.00, real=0.01 secs] 
2016-09-15T12:00:38.738-0400: 43.107: [GC (GCLocker Initiated GC) [PSYoungGen: 167879K->86477K(175104K)] 601963K->557344K(699392K), 0.0114899 secs] [Times: user=0.17 sys=0.00, real=0.01 secs] 
2016-09-15T12:00:38.750-0400: 43.119: [Full GC (Ergonomics) [PSYoungGen: 86477K->0K(175104K)] [ParOldGen: 470866K->59107K(524288K)] 557344K->59107K(699392K), [Metaspace: 44129K->44129K(1087488K)], 0.0561888 secs] [Times: user=0.44 sys=0.01, real=0.05 secs] 
2016-09-15T12:00:38.933-0400: 43.302: [GC (GCLocker Initiated GC) [PSYoungGen: 88064K->74551K(175104K)] 159677K->146165K(699392K), 0.0090198 secs] [Times: user=0.13 sys=0.00, real=0.01 secs] 
2016-09-15T12:00:39.037-0400: 43.406: [GC (GCLocker Initiated GC) [PSYoungGen: 162615K->43133K(175104K)] 240442K->212804K(699392K), 0.0195774 secs] [Times: user=0.25 sys=0.00, real=0.02 secs] 
2016-09-15T12:00:39.155-0400: 43.524: [GC (GCLocker Initiated GC) [PSYoungGen: 131197K->86314K(175104K)] 300922K->298748K(699392K), 0.0109422 secs] [Times: user=0.15 sys=0.00, real=0.01 secs] 
2016-09-15T12:00:39.270-0400: 43.639: [GC (GCLocker Initiated GC) [PSYoungGen: 174378K->79779K(175104K)] 393023K->378043K(699392K), 0.0124848 secs] [Times: user=0.20 sys=0.00, real=0.01 secs] 
2016-09-15T12:00:39.410-0400: 43.779: [GC (GCLocker Initiated GC) [PSYoungGen: 167843K->37517K(175104K)] 484466K->378560K(699392K), 0.0083314 secs] [Times: user=0.09 sys=0.00, real=0.01 secs] 
2016-09-15T12:00:39.524-0400: 43.893: [GC (GCLocker Initiated GC) [PSYoungGen: 125581K->61298K(175104K)] 466805K->427105K(699392K), 0.0091524 secs] [Times: user=0.09 sys=0.00, real=0.01 secs] 
2016-09-15T12:00:39.678-0400: 44.047: [GC (GCLocker Initiated GC) [PSYoungGen: 149362K->73968K(175104K)] 521408K->482764K(699392K), 0.0125339 secs] [Times: user=0.15 sys=0.00, real=0.01 secs] 
2016-09-15T12:00:39.838-0400: 44.207: [GC (GCLocker Initiated GC) [PSYoungGen: 162032K->55451K(175104K)] 577023K->488927K(699392K), 0.0120335 secs] [Times: user=0.12 sys=0.00, real=0.01 secs] 
2016-09-15T12:00:39.957-0400: 44.326: [GC (GCLocker Initiated GC) [PSYoungGen: 143515K->43009K(175104K)] 577129K->519415K(699392K), 0.0186295 secs] [Times: user=0.18 sys=0.00, real=0.01 secs] 
2016-09-15T12:00:39.976-0400: 44.345: [Full GC (Ergonomics) [PSYoungGen: 43009K->0K(175104K)] [ParOldGen: 476406K->52833K(524288K)] 519415K->52833K(699392K), [Metaspace: 44131K->44131K(1087488K)], 0.0773331 secs] [Times: user=0.39 sys=0.01, real=0.07 secs] 
2016-09-15T12:00:40.184-0400: 44.553: [GC (GCLocker Initiated GC) [PSYoungGen: 88061K->67501K(175104K)] 147330K->126778K(699392K), 0.0141585 secs] [Times: user=0.15 sys=0.00, real=0.02 secs] 
2016-09-15T12:00:40.302-0400: 44.671: [GC (GCLocker Initiated GC) [PSYoungGen: 155565K->55483K(175104K)] 220970K->157613K(699392K), 0.0095235 secs] [Times: user=0.08 sys=0.01, real=0.01 secs] 
2016-09-15T12:00:40.424-0400: 44.793: [GC (GCLocker Initiated GC) [PSYoungGen: 143547K->61426K(175104K)] 245882K->206742K(699392K), 0.0113470 secs] [Times: user=0.11 sys=0.00, real=0.01 secs] 
2016-09-15T12:00:40.541-0400: 44.910: [GC (GCLocker Initiated GC) [PSYoungGen: 149490K->73708K(175104K)] 301225K->225579K(699392K), 0.0083175 secs] [Times: user=0.09 sys=0.00, real=0.01 secs] 
2016-09-15T12:00:40.676-0400: 45.045: [GC (GCLocker Initiated GC) [PSYoungGen: 161772K->73576K(175104K)] 313791K->262469K(699392K), 0.0123898 secs] [Times: user=0.13 sys=0.00, real=0.01 secs] 
2016-09-15T12:00:40.814-0400: 45.183: [GC (GCLocker Initiated GC) [PSYoungGen: 161640K->85662K(175104K)] 350581K->274894K(699392K), 0.0086520 secs] [Times: user=0.09 sys=0.01, real=0.01 secs] 
2016-09-15T12:00:40.908-0400: 45.277: [GC (GCLocker Initiated GC) [PSYoungGen: 173726K->79715K(175104K)] 369171K->330127K(699392K), 0.0258342 secs] [Times: user=0.31 sys=0.00, real=0.02 secs] 
2016-09-15T12:00:41.084-0400: 45.453: [GC (GCLocker Initiated GC) [PSYoungGen: 167779K->49440K(175104K)] 424296K->360932K(699392K), 0.0141140 secs] [Times: user=0.14 sys=0.00, real=0.02 secs] 
2016-09-15T12:00:41.217-0400: 45.586: [GC (GCLocker Initiated GC) [PSYoungGen: 137504K->85822K(175104K)] 449184K->421954K(699392K), 0.0118565 secs] [Times: user=0.15 sys=0.01, real=0.01 secs] 
2016-09-15T12:00:41.351-0400: 45.720: [GC (GCLocker Initiated GC) [PSYoungGen: 173886K->55351K(175104K)] 510739K->465247K(699392K), 0.0258071 secs] [Times: user=0.32 sys=0.00, real=0.03 secs] 
2016-09-15T12:00:41.488-0400: 45.857: [GC (GCLocker Initiated GC) [PSYoungGen: 143415K->73704K(175104K)] 559602K->527000K(699392K), 0.0110727 secs] [Times: user=0.16 sys=0.00, real=0.01 secs] 
2016-09-15T12:00:41.499-0400: 45.868: [Full GC (Ergonomics) [PSYoungGen: 73704K->0K(175104K)] [ParOldGen: 453296K->58926K(524288K)] 527000K->58926K(699392K), [Metaspace: 44137K->44137K(1087488K)], 0.0584557 secs] [Times: user=0.44 sys=0.01, real=0.06 secs] 
2016-09-15T12:00:41.671-0400: 46.040: [GC (GCLocker Initiated GC) [PSYoungGen: 88064K->86506K(175104K)] 153421K->157938K(699392K), 0.0105685 secs] [Times: user=0.15 sys=0.00, real=0.01 secs] 
2016-09-15T12:00:41.809-0400: 46.178: [GC (GCLocker Initiated GC) [PSYoungGen: 174570K->79911K(175104K)] 252382K->194729K(699392K), 0.0127751 secs] [Times: user=0.15 sys=0.00, real=0.01 secs] 
2016-09-15T12:00:41.951-0400: 46.320: [GC (GCLocker Initiated GC) [PSYoungGen: 167973K->55842K(175104K)] 283152K->189546K(699392K), 0.0075107 secs] [Times: user=0.08 sys=0.01, real=0.01 secs] 
2016-09-15T12:00:42.072-0400: 46.441: [GC (GCLocker Initiated GC) [PSYoungGen: 143906K->85822K(175104K)] 277971K->244314K(699392K), 0.0115685 secs] [Times: user=0.15 sys=0.00, real=0.01 secs] 
2016-09-15T12:00:42.213-0400: 46.582: [GC (GCLocker Initiated GC) [PSYoungGen: 173886K->79779K(175104K)] 338512K->280975K(699392K), 0.0128333 secs] [Times: user=0.11 sys=0.00, real=0.01 secs] 
2016-09-15T12:00:42.330-0400: 46.699: [GC (GCLocker Initiated GC) [PSYoungGen: 167843K->85890K(175104K)] 369249K->342123K(699392K), 0.0117168 secs] [Times: user=0.17 sys=0.00, real=0.01 secs] 
2016-09-15T12:00:42.439-0400: 46.808: [GC (Allocation Failure) [PSYoungGen: 173954K->86182K(175104K)] 430542K->428168K(699392K), 0.0140497 secs] [Times: user=0.18 sys=0.02, real=0.01 secs] 
2016-09-15T12:00:42.559-0400: 46.928: [GC (GCLocker Initiated GC) [PSYoungGen: 171926K->55383K(175104K)] 519988K->452671K(699392K), 0.0105528 secs] [Times: user=0.11 sys=0.00, real=0.01 secs] 
2016-09-15T12:00:42.681-0400: 47.050: [GC (GCLocker Initiated GC) [PSYoungGen: 143447K->85922K(175104K)] 540900K->501736K(699392K), 0.0119096 secs] [Times: user=0.14 sys=0.00, real=0.01 secs] 
2016-09-15T12:00:42.825-0400: 47.194: [GC (GCLocker Initiated GC) [PSYoungGen: 173986K->79587K(175104K)] 589960K->514217K(699392K), 0.0200218 secs] [Times: user=0.20 sys=0.00, real=0.02 secs] 
2016-09-15T12:00:42.957-0400: 47.326: [GC (GCLocker Initiated GC) [PSYoungGen: 167651K->85758K(175104K)] 602525K->551307K(699392K), 0.0120033 secs] [Times: user=0.16 sys=0.00, real=0.01 secs] 
2016-09-15T12:00:42.969-0400: 47.338: [Full GC (Ergonomics) [PSYoungGen: 85758K->0K(175104K)] [ParOldGen: 465549K->52666K(524288K)] 551307K->52666K(699392K), [Metaspace: 44152K->44152K(1087488K)], 0.0558751 secs] [Times: user=0.30 sys=0.01, real=0.05 secs] 
2016-09-15T12:00:43.134-0400: 47.503: [GC (GCLocker Initiated GC) [PSYoungGen: 88064K->86474K(175104K)] 140850K->175710K(699392K), 0.0103435 secs] [Times: user=0.13 sys=0.00, real=0.01 secs] 
2016-09-15T12:00:43.276-0400: 47.645: [GC (GCLocker Initiated GC) [PSYoungGen: 174538K->61490K(175104K)] 263816K->194184K(699392K), 0.0098886 secs] [Times: user=0.14 sys=0.00, real=0.00 secs] 
2016-09-15T12:00:43.403-0400: 47.772: [GC (GCLocker Initiated GC) [PSYoungGen: 149554K->85658K(175104K)] 282363K->255241K(699392K), 0.0186484 secs] [Times: user=0.25 sys=0.00, real=0.02 secs] 
2016-09-15T12:00:43.553-0400: 47.922: [GC (GCLocker Initiated GC) [PSYoungGen: 173722K->61526K(175104K)] 343347K->273795K(699392K), 0.0119852 secs] [Times: user=0.09 sys=0.01, real=0.01 secs] 
2016-09-15T12:00:43.694-0400: 48.063: [GC (GCLocker Initiated GC) [PSYoungGen: 149590K->73836K(175104K)] 361993K->347313K(699392K), 0.0121207 secs] [Times: user=0.18 sys=0.00, real=0.01 secs] 
2016-09-15T12:00:43.855-0400: 48.224: [GC (GCLocker Initiated GC) [PSYoungGen: 161900K->67305K(175104K)] 435396K->365369K(699392K), 0.0104823 secs] [Times: user=0.11 sys=0.00, real=0.01 secs] 
2016-09-15T12:00:44.035-0400: 48.404: [GC (GCLocker Initiated GC) [PSYoungGen: 155369K->73380K(175104K)] 453553K->371691K(699392K), 0.0150197 secs] [Times: user=0.14 sys=0.00, real=0.02 secs] 
2016-09-15T12:00:44.163-0400: 48.532: [GC (GCLocker Initiated GC) [PSYoungGen: 161444K->85530K(175104K)] 459785K->390082K(699392K), 0.0286251 secs] [Times: user=0.26 sys=0.00, real=0.03 secs] 
2016-09-15T12:00:44.302-0400: 48.671: [GC (GCLocker Initiated GC) [PSYoungGen: 173594K->55483K(175104K)] 484405K->421080K(699392K), 0.0264690 secs] [Times: user=0.27 sys=0.01, real=0.03 secs] 
2016-09-15T12:00:44.440-0400: 48.809: [GC (GCLocker Initiated GC) [PSYoungGen: 143547K->86022K(175104K)] 509315K->488680K(699392K), 0.0359763 secs] [Times: user=0.44 sys=0.00, real=0.04 secs] 
2016-09-15T12:00:44.608-0400: 48.977: [GC (GCLocker Initiated GC) [PSYoungGen: 174086K->49667K(175104K)] 583062K->513611K(699392K), 0.0136772 secs] [Times: user=0.15 sys=0.00, real=0.02 secs] 
2016-09-15T12:00:44.621-0400: 48.990: [Full GC (Ergonomics) [PSYoungGen: 49667K->0K(175104K)] [ParOldGen: 463943K->53562K(524288K)] 513611K->53562K(699392K), [Metaspace: 44154K->44154K(1087488K)], 0.0620546 secs] [Times: user=0.36 sys=0.00, real=0.06 secs] 
2016-09-15T12:00:44.803-0400: 49.172: [GC (GCLocker Initiated GC) [PSYoungGen: 88064K->85658K(175104K)] 141780K->169749K(699392K), 0.0132221 secs] [Times: user=0.19 sys=0.00, real=0.02 secs] 
2016-09-15T12:00:44.941-0400: 49.310: [GC (GCLocker Initiated GC) [PSYoungGen: 173722K->67761K(175104K)] 264244K->249536K(699392K), 0.0119697 secs] [Times: user=0.13 sys=0.00, real=0.01 secs] 
2016-09-15T12:00:45.088-0400: 49.457: [GC (GCLocker Initiated GC) [PSYoungGen: 155825K->61398K(175104K)] 343862K->280398K(699392K), 0.0174208 secs] [Times: user=0.14 sys=0.00, real=0.01 secs] 
2016-09-15T12:00:45.241-0400: 49.610: [GC (GCLocker Initiated GC) [PSYoungGen: 149462K->42877K(175104K)] 368510K->322934K(699392K), 0.0242128 secs] [Times: user=0.21 sys=0.00, real=0.02 secs] 
2016-09-15T12:00:45.396-0400: 49.765: [GC (Allocation Failure) [PSYoungGen: 130941K->37421K(175104K)] 429247K->354057K(699392K), 0.0366741 secs] [Times: user=0.41 sys=0.01, real=0.03 secs] 
2016-09-15T12:00:45.433-0400: 49.802: [GC (GCLocker Initiated GC) [PSYoungGen: 37435K->160K(175104K)] 354070K->354115K(699392K), 0.0140577 secs] [Times: user=0.15 sys=0.00, real=0.01 secs] 
2016-09-15T12:00:45.553-0400: 49.922: [GC (GCLocker Initiated GC) [PSYoungGen: 88224K->85982K(175104K)] 442185K->446026K(699392K), 0.0155551 secs] [Times: user=0.17 sys=0.01, real=0.02 secs] 
2016-09-15T12:00:45.693-0400: 50.062: [GC (GCLocker Initiated GC) [PSYoungGen: 174046K->73644K(175104K)] 534092K->470672K(699392K), 0.0205882 secs] [Times: user=0.24 sys=0.00, real=0.02 secs] 
2016-09-15T12:00:45.826-0400: 50.195: [GC (GCLocker Initiated GC) [PSYoungGen: 161708K->85594K(175104K)] 564859K->507269K(699392K), 0.0101568 secs] [Times: user=0.11 sys=0.01, real=0.02 secs] 
2016-09-15T12:00:45.956-0400: 50.325: [GC (GCLocker Initiated GC) [PSYoungGen: 173658K->85954K(175104K)] 595367K->556446K(699392K), 0.0188052 secs] [Times: user=0.25 sys=0.00, real=0.01 secs] 
2016-09-15T12:00:45.975-0400: 50.344: [Full GC (Ergonomics) [PSYoungGen: 85954K->0K(175104K)] [ParOldGen: 470492K->51357K(524288K)] 556446K->51357K(699392K), [Metaspace: 44155K->44155K(1087488K)], 0.1002836 secs] [Times: user=1.09 sys=0.02, real=0.11 secs] 
2016-09-15T12:00:46.212-0400: 50.581: [GC (GCLocker Initiated GC) [PSYoungGen: 88064K->86242K(175104K)] 139637K->162115K(699392K), 0.0116669 secs] [Times: user=0.18 sys=0.01, real=0.01 secs] 
2016-09-15T12:00:46.340-0400: 50.709: [GC (GCLocker Initiated GC) [PSYoungGen: 174306K->86050K(175104K)] 250228K->211152K(699392K), 0.0134218 secs] [Times: user=0.18 sys=0.00, real=0.01 secs] 
2016-09-15T12:00:46.475-0400: 50.844: [GC (GCLocker Initiated GC) [PSYoungGen: 174114K->49244K(175104K)] 299257K->247586K(699392K), 0.0122100 secs] [Times: user=0.15 sys=0.00, real=0.02 secs] 
2016-09-15T12:00:46.610-0400: 50.979: [GC (GCLocker Initiated GC) [PSYoungGen: 137308K->85854K(175104K)] 335805K->339342K(699392K), 0.0135991 secs] [Times: user=0.20 sys=0.01, real=0.01 secs] 
2016-09-15T12:00:46.737-0400: 51.106: [GC (GCLocker Initiated GC) [PSYoungGen: 173918K->85790K(175104K)] 433539K->430629K(699392K), 0.0143183 secs] [Times: user=0.19 sys=0.01, real=0.01 secs] 
2016-09-15T12:00:46.878-0400: 51.247: [GC (GCLocker Initiated GC) [PSYoungGen: 173854K->67501K(175104K)] 518886K->485725K(699392K), 0.0138720 secs] [Times: user=0.16 sys=0.00, real=0.01 secs] 
2016-09-15T12:00:46.892-0400: 51.261: [Full GC (Ergonomics) [PSYoungGen: 67501K->0K(175104K)] [ParOldGen: 418224K->45645K(524288K)] 485725K->45645K(699392K), [Metaspace: 44155K->44155K(1087488K)], 0.0563697 secs] [Times: user=0.28 sys=0.02, real=0.06 secs] 
2016-09-15T12:00:47.082-0400: 51.451: [GC (GCLocker Initiated GC) [PSYoungGen: 88064K->86374K(175104K)] 152116K->156501K(699392K), 0.0101987 secs] [Times: user=0.12 sys=0.01, real=0.01 secs] 
2016-09-15T12:00:47.229-0400: 51.597: [GC (Allocation Failure) [PSYoungGen: 174438K->55415K(175104K)] 250989K->187385K(699392K), 0.0109873 secs] [Times: user=0.15 sys=0.00, real=0.01 secs] 
2016-09-15T12:00:47.363-0400: 51.732: [GC (GCLocker Initiated GC) [PSYoungGen: 140831K->55515K(175104K)] 278876K->193655K(699392K), 0.0102110 secs] [Times: user=0.06 sys=0.01, real=0.01 secs] 
2016-09-15T12:00:47.503-0400: 51.872: [GC (GCLocker Initiated GC) [PSYoungGen: 143577K->55351K(175104K)] 294223K->230596K(699392K), 0.0102784 secs] [Times: user=0.11 sys=0.00, real=0.01 secs] 
2016-09-15T12:00:47.654-0400: 52.023: [GC (GCLocker Initiated GC) [PSYoungGen: 143415K->37357K(175104K)] 331010K->225056K(699392K), 0.0088241 secs] [Times: user=0.08 sys=0.00, real=0.01 secs] 
2016-09-15T12:00:47.807-0400: 52.176: [GC (GCLocker Initiated GC) [PSYoungGen: 125421K->55159K(175104K)] 325364K->273585K(699392K), 0.0245377 secs] [Times: user=0.20 sys=0.01, real=0.03 secs] 
2016-09-15T12:00:47.962-0400: 52.331: [GC (Allocation Failure) [PSYoungGen: 143223K->85598K(175104K)] 362293K->335326K(699392K), 0.0175232 secs] [Times: user=0.15 sys=0.00, real=0.02 secs] 
2016-09-15T12:00:48.107-0400: 52.476: [GC (GCLocker Initiated GC) [PSYoungGen: 173662K->67629K(175104K)] 423396K->366271K(699392K), 0.0205686 secs] [Times: user=0.17 sys=0.01, real=0.03 secs] 
2016-09-15T12:00:48.251-0400: 52.620: [GC (GCLocker Initiated GC) [PSYoungGen: 155693K->61622K(175104K)] 454679K->366967K(699392K), 0.0253007 secs] [Times: user=0.27 sys=0.00, real=0.03 secs] 
2016-09-15T12:00:48.404-0400: 52.773: [GC (GCLocker Initiated GC) [PSYoungGen: 149686K->55319K(175104K)] 461287K->385420K(699392K), 0.0207759 secs] [Times: user=0.25 sys=0.00, real=0.02 secs] 
2016-09-15T12:00:48.566-0400: 52.935: [GC (GCLocker Initiated GC) [PSYoungGen: 143383K->61558K(175104K)] 473772K->398134K(699392K), 0.0174990 secs] [Times: user=0.19 sys=0.00, real=0.02 secs] 
2016-09-15T12:00:48.730-0400: 53.099: [GC (GCLocker Initiated GC) [PSYoungGen: 149622K->73412K(175104K)] 492354K->452722K(699392K), 0.0202174 secs] [Times: user=0.26 sys=0.00, real=0.02 secs] 
2016-09-15T12:00:48.869-0400: 53.238: [GC (GCLocker Initiated GC) [PSYoungGen: 161476K->49048K(175104K)] 540790K->483156K(699392K), 0.0107330 secs] [Times: user=0.10 sys=0.01, real=0.01 secs] 
2016-09-15T12:00:49.000-0400: 53.369: [GC (GCLocker Initiated GC) [PSYoungGen: 137112K->73740K(175104K)] 571231K->507995K(699392K), 0.0139040 secs] [Times: user=0.14 sys=0.00, real=0.01 secs] 
2016-09-15T12:00:49.108-0400: 53.477: [GC (GCLocker Initiated GC) [PSYoungGen: 161804K->85922K(175104K)] 596403K->569468K(699392K), 0.0211693 secs] [Times: user=0.26 sys=0.01, real=0.03 secs] 
2016-09-15T12:00:49.129-0400: 53.498: [Full GC (Ergonomics) [PSYoungGen: 85922K->0K(175104K)] [ParOldGen: 483546K->58276K(524288K)] 569468K->58276K(699392K), [Metaspace: 44190K->44190K(1087488K)], 0.0524980 secs] [Times: user=0.28 sys=0.01, real=0.05 secs] 
2016-09-15T12:00:49.281-0400: 53.649: [GC (GCLocker Initiated GC) [PSYoungGen: 88064K->55675K(175104K)] 146690K->114301K(699392K), 0.0138879 secs] [Times: user=0.16 sys=0.00, real=0.01 secs] 
2016-09-15T12:00:49.403-0400: 53.772: [GC (GCLocker Initiated GC) [PSYoungGen: 143739K->85854K(175104K)] 202474K->206075K(699392K), 0.0134622 secs] [Times: user=0.20 sys=0.01, real=0.02 secs] 
2016-09-15T12:00:49.537-0400: 53.906: [GC (GCLocker Initiated GC) [PSYoungGen: 173918K->61490K(175104K)] 300379K->224536K(699392K), 0.0096634 secs] [Times: user=0.13 sys=0.01, real=0.00 secs] 
2016-09-15T12:00:49.662-0400: 54.031: [GC (GCLocker Initiated GC) [PSYoungGen: 149554K->79943K(175104K)] 312961K->286019K(699392K), 0.0121914 secs] [Times: user=0.16 sys=0.01, real=0.01 secs] 
2016-09-15T12:00:49.805-0400: 54.174: [GC (GCLocker Initiated GC) [PSYoungGen: 168007K->67501K(175104K)] 374384K->298641K(699392K), 0.0113645 secs] [Times: user=0.10 sys=0.00, real=0.02 secs] 
2016-09-15T12:00:49.908-0400: 54.277: [GC (GCLocker Initiated GC) [PSYoungGen: 155565K->61362K(175104K)] 386786K->323062K(699392K), 0.0344373 secs] [Times: user=0.39 sys=0.00, real=0.03 secs] 
2016-09-15T12:00:50.052-0400: 54.421: [GC (GCLocker Initiated GC) [PSYoungGen: 149426K->86086K(175104K)] 411214K->408939K(699392K), 0.0149277 secs] [Times: user=0.18 sys=0.00, real=0.01 secs] 
2016-09-15T12:00:50.217-0400: 54.586: [GC (Allocation Failure) [PSYoungGen: 174150K->55287K(175104K)] 497014K->408777K(699392K), 0.0143942 secs] [Times: user=0.12 sys=0.00, real=0.01 secs] 
2016-09-15T12:00:50.335-0400: 54.704: [GC (GCLocker Initiated GC) [PSYoungGen: 137367K->61330K(175104K)] 496933K->421163K(699392K), 0.0122001 secs] [Times: user=0.09 sys=0.01, real=0.01 secs] 
2016-09-15T12:00:50.485-0400: 54.854: [GC (Allocation Failure) [PSYoungGen: 149394K->18741K(175104K)] 521491K->439714K(699392K), 0.0160909 secs] [Times: user=0.16 sys=0.00, real=0.02 secs] 
2016-09-15T12:00:50.631-0400: 55.000: [GC (GCLocker Initiated GC) [PSYoungGen: 106805K->79911K(175104K)] 527778K->531559K(699392K), 0.0125879 secs] [Times: user=0.12 sys=0.00, real=0.01 secs] 
2016-09-15T12:00:50.644-0400: 55.013: [Full GC (Ergonomics) [PSYoungGen: 79911K->0K(175104K)] [ParOldGen: 451648K->51851K(524288K)] 531559K->51851K(699392K), [Metaspace: 44191K->44191K(1087488K)], 0.0519811 secs] [Times: user=0.33 sys=0.01, real=0.06 secs] 
2016-09-15T12:00:50.818-0400: 55.187: [GC (GCLocker Initiated GC) [PSYoungGen: 88064K->86210K(175104K)] 145992K->168438K(699392K), 0.0125902 secs] [Times: user=0.18 sys=0.00, real=0.01 secs] 
2016-09-15T12:00:50.959-0400: 55.328: [GC (GCLocker Initiated GC) [PSYoungGen: 174274K->79943K(175104K)] 268694K->211401K(699392K), 0.0112214 secs] [Times: user=0.17 sys=0.00, real=0.01 secs] 
2016-09-15T12:00:51.089-0400: 55.458: [GC (GCLocker Initiated GC) [PSYoungGen: 168007K->61554K(175104K)] 299468K->254097K(699392K), 0.0124657 secs] [Times: user=0.20 sys=0.00, real=0.01 secs] 
2016-09-15T12:00:51.240-0400: 55.609: [GC (GCLocker Initiated GC) [PSYoungGen: 149618K->85822K(175104K)] 342253K->309140K(699392K), 0.0101750 secs] [Times: user=0.13 sys=0.00, real=0.01 secs] 
2016-09-15T12:00:51.390-0400: 55.759: [GC (GCLocker Initiated GC) [PSYoungGen: 173886K->24944K(175104K)] 403494K->321660K(699392K), 0.0090790 secs] [Times: user=0.08 sys=0.01, real=0.01 secs] 
2016-09-15T12:00:51.493-0400: 55.862: [GC (Allocation Failure) [PSYoungGen: 113008K->85498K(175104K)] 409782K->394706K(699392K), 0.0354761 secs] [Times: user=0.40 sys=0.00, real=0.04 secs] 
2016-09-15T12:00:51.654-0400: 56.023: [GC (GCLocker Initiated GC) [PSYoungGen: 173561K->67437K(175104K)] 482775K->431453K(699392K), 0.0134775 secs] [Times: user=0.12 sys=0.00, real=0.02 secs] 
2016-09-15T12:00:51.808-0400: 56.177: [GC (Allocation Failure) [PSYoungGen: 155501K->43041K(175104K)] 525696K->431696K(699392K), 0.0147588 secs] [Times: user=0.14 sys=0.00, real=0.02 secs] 
2016-09-15T12:00:51.823-0400: 56.192: [GC (GCLocker Initiated GC) [PSYoungGen: 43053K->128K(175104K)] 431709K->443771K(699392K), 0.0085849 secs] [Times: user=0.07 sys=0.00, real=0.01 secs] 
2016-09-15T12:00:51.831-0400: 56.200: [Full GC (Ergonomics) [PSYoungGen: 128K->0K(175104K)] [ParOldGen: 443643K->45380K(524288K)] 443771K->45380K(699392K), [Metaspace: 44195K->44195K(1087488K)], 0.0504340 secs] [Times: user=0.30 sys=0.01, real=0.05 secs] 
2016-09-15T12:00:52.020-0400: 56.389: [GC (GCLocker Initiated GC) [PSYoungGen: 87700K->85854K(175104K)] 139156K->161609K(699392K), 0.0122677 secs] [Times: user=0.19 sys=0.00, real=0.01 secs] 
2016-09-15T12:00:52.154-0400: 56.523: [GC (Allocation Failure) [PSYoungGen: 173918K->55351K(175104K)] 250029K->204865K(699392K), 0.0119714 secs] [Times: user=0.21 sys=0.00, real=0.01 secs] 
2016-09-15T12:00:52.291-0400: 56.660: [GC (GCLocker Initiated GC) [PSYoungGen: 141866K->37322K(175104K)] 297456K->211280K(699392K), 0.0061777 secs] [Times: user=0.07 sys=0.00, real=0.01 secs] 
2016-09-15T12:00:52.423-0400: 56.792: [GC (GCLocker Initiated GC) [PSYoungGen: 125386K->73576K(175104K)] 299469K->266176K(699392K), 0.0095081 secs] [Times: user=0.10 sys=0.01, real=0.01 secs] 
2016-09-15T12:00:52.528-0400: 56.897: [GC (GCLocker Initiated GC) [PSYoungGen: 161640K->67341K(175104K)] 360368K->278299K(699392K), 0.0289413 secs] [Times: user=0.32 sys=0.00, real=0.03 secs] 
2016-09-15T12:00:52.681-0400: 57.050: [GC (Allocation Failure) [PSYoungGen: 155405K->67533K(175104K)] 366572K->339750K(699392K), 0.0128017 secs] [Times: user=0.12 sys=0.01, real=0.01 secs] 
2016-09-15T12:00:52.825-0400: 57.194: [GC (GCLocker Initiated GC) [PSYoungGen: 155148K->55255K(175104K)] 433441K->388482K(699392K), 0.0133951 secs] [Times: user=0.16 sys=0.00, real=0.02 secs] 
2016-09-15T12:00:52.950-0400: 57.319: [GC (GCLocker Initiated GC) [PSYoungGen: 143319K->73736K(175104K)] 476727K->407428K(699392K), 0.0080012 secs] [Times: user=0.11 sys=0.00, real=0.01 secs] 
2016-09-15T12:00:53.107-0400: 57.476: [GC (GCLocker Initiated GC) [PSYoungGen: 161800K->55547K(175104K)] 507908K->432165K(699392K), 0.0097452 secs] [Times: user=0.10 sys=0.02, real=0.02 secs] 
2016-09-15T12:00:53.251-0400: 57.620: [GC (GCLocker Initiated GC) [PSYoungGen: 143611K->36998K(175104K)] 532595K->426249K(699392K), 0.0068054 secs] [Times: user=0.06 sys=0.01, real=0.01 secs] 
2016-09-15T12:00:53.373-0400: 57.742: [GC (GCLocker Initiated GC) [PSYoungGen: 125062K->73676K(175104K)] 514489K->463199K(699392K), 0.0122147 secs] [Times: user=0.13 sys=0.00, real=0.01 secs] 
2016-09-15T12:00:53.498-0400: 57.867: [GC (Allocation Failure) [PSYoungGen: 161740K->79651K(175104K)] 551377K->506022K(699392K), 0.0120846 secs] [Times: user=0.11 sys=0.00, real=0.01 secs] 
2016-09-15T12:00:53.641-0400: 58.010: [GC (GCLocker Initiated GC) [PSYoungGen: 165883K->55451K(175104K)] 598329K->542667K(699392K), 0.0156306 secs] [Times: user=0.15 sys=0.00, real=0.02 secs] 
2016-09-15T12:00:53.657-0400: 58.026: [Full GC (Ergonomics) [PSYoungGen: 55451K->0K(175104K)] [ParOldGen: 487216K->51796K(524288K)] 542667K->51796K(699392K), [Metaspace: 44202K->44202K(1087488K)], 0.0514168 secs] [Times: user=0.23 sys=0.00, real=0.05 secs] 
2016-09-15T12:00:53.828-0400: 58.197: [GC (GCLocker Initiated GC) [PSYoungGen: 88064K->85822K(175104K)] 139908K->149816K(699392K), 0.0163320 secs] [Times: user=0.19 sys=0.00, real=0.01 secs] 
2016-09-15T12:00:53.973-0400: 58.342: [GC (GCLocker Initiated GC) [PSYoungGen: 173886K->73512K(175104K)] 237928K->180330K(699392K), 0.0181527 secs] [Times: user=0.20 sys=0.00, real=0.02 secs] 
2016-09-15T12:00:54.107-0400: 58.476: [GC (Allocation Failure) [PSYoungGen: 161576K->43297K(175104K)] 274600K->211304K(699392K), 0.0095378 secs] [Times: user=0.10 sys=0.00, real=0.02 secs] 
2016-09-15T12:00:54.246-0400: 58.615: [GC (GCLocker Initiated GC) [PSYoungGen: 131361K->73772K(175104K)] 299374K->242116K(699392K), 0.0067941 secs] [Times: user=0.09 sys=0.00, real=0.01 secs] 
2016-09-15T12:00:54.368-0400: 58.737: [GC (GCLocker Initiated GC) [PSYoungGen: 161836K->61330K(175104K)] 336347K->236437K(699392K), 0.0073813 secs] [Times: user=0.06 sys=0.00, real=0.00 secs] 
2016-09-15T12:00:54.503-0400: 58.872: [GC (Allocation Failure) [PSYoungGen: 149394K->24848K(175104K)] 336922K->261087K(699392K), 0.0076529 secs] [Times: user=0.06 sys=0.00, real=0.01 secs] 
2016-09-15T12:00:54.641-0400: 59.010: [GC (GCLocker Initiated GC) [PSYoungGen: 112912K->85990K(175104K)] 349157K->328577K(699392K), 0.0098288 secs] [Times: user=0.11 sys=0.00, real=0.01 secs] 
2016-09-15T12:00:54.809-0400: 59.178: [GC (GCLocker Initiated GC) [PSYoungGen: 174054K->48984K(175104K)] 422754K->316332K(699392K), 0.0145923 secs] [Times: user=0.13 sys=0.00, real=0.01 secs] 
2016-09-15T12:00:54.951-0400: 59.320: [GC (GCLocker Initiated GC) [PSYoungGen: 137048K->31150K(175104K)] 416879K->353619K(699392K), 0.0070268 secs] [Times: user=0.07 sys=0.00, real=0.01 secs] 
2016-09-15T12:00:55.076-0400: 59.445: [GC (GCLocker Initiated GC) [PSYoungGen: 119214K->67633K(175104K)] 441994K->408888K(699392K), 0.0301442 secs] [Times: user=0.31 sys=0.00, real=0.02 secs] 
2016-09-15T12:00:55.228-0400: 59.597: [GC (GCLocker Initiated GC) [PSYoungGen: 155697K->61522K(175104K)] 496977K->415220K(699392K), 0.0143563 secs] [Times: user=0.20 sys=0.00, real=0.01 secs] 
2016-09-15T12:00:55.350-0400: 59.719: [GC (Allocation Failure) [PSYoungGen: 149586K->61654K(175104K)] 509540K->439969K(699392K), 0.0143633 secs] [Times: user=0.20 sys=0.00, real=0.01 secs] 
2016-09-15T12:00:55.479-0400: 59.848: [GC (GCLocker Initiated GC) [PSYoungGen: 149718K->67601K(175104K)] 528035K->446029K(699392K), 0.0185413 secs] [Times: user=0.19 sys=0.00, real=0.02 secs] 
2016-09-15T12:00:55.637-0400: 60.006: [GC (GCLocker Initiated GC) [PSYoungGen: 155665K->55223K(175104K)] 534371K->464728K(699392K), 0.0122902 secs] [Times: user=0.12 sys=0.00, real=0.01 secs] 
2016-09-15T12:00:55.764-0400: 60.133: [GC (Allocation Failure) [PSYoungGen: 143287K->55451K(175104K)] 553046K->483539K(699392K), 0.0105968 secs] [Times: user=0.11 sys=0.00, real=0.01 secs] 
2016-09-15T12:00:55.881-0400: 60.250: [GC (GCLocker Initiated GC) [PSYoungGen: 141117K->61266K(175104K)] 575280K->513905K(699392K), 0.0192653 secs] [Times: user=0.18 sys=0.00, real=0.02 secs] 
2016-09-15T12:00:56.018-0400: 60.387: [GC (GCLocker Initiated GC) [PSYoungGen: 149330K->61266K(175104K)] 602044K->514076K(699392K), 0.0076267 secs] [Times: user=0.05 sys=0.00, real=0.00 secs] 
2016-09-15T12:00:56.140-0400: 60.509: [GC (GCLocker Initiated GC) [PSYoungGen: 149330K->55746K(143872K)] 602265K->527207K(668160K), 0.0161388 secs] [Times: user=0.16 sys=0.00, real=0.02 secs] 
2016-09-15T12:00:56.156-0400: 60.525: [Full GC (Ergonomics) [PSYoungGen: 55746K->0K(143872K)] [ParOldGen: 471460K->39697K(524288K)] 527207K->39697K(668160K), [Metaspace: 44230K->44230K(1087488K)], 0.0513327 secs] [Times: user=0.24 sys=0.00, real=0.05 secs] 
2016-09-15T12:00:56.329-0400: 60.698: [GC (Allocation Failure) [PSYoungGen: 88064K->49376K(175104K)] 134169K->95481K(699392K), 0.0124855 secs] [Times: user=0.11 sys=0.00, real=0.01 secs] 
2016-09-15T12:00:56.444-0400: 60.813: [GC (GCLocker Initiated GC) [PSYoungGen: 134224K->79619K(174080K)] 186404K->144389K(698368K), 0.0253995 secs] [Times: user=0.24 sys=0.00, real=0.03 secs] 
2016-09-15T12:00:56.616-0400: 60.985: [GC (Allocation Failure) [PSYoungGen: 168707K->43137K(175104K)] 245971K->156962K(699392K), 0.0136488 secs] [Times: user=0.13 sys=0.00, real=0.01 secs] 
2016-09-15T12:00:56.733-0400: 61.102: [GC (GCLocker Initiated GC) [PSYoungGen: 131201K->79719K(175104K)] 245027K->193820K(699392K), 0.0209606 secs] [Times: user=0.24 sys=0.00, real=0.02 secs] 
2016-09-15T12:00:56.882-0400: 61.251: [GC (Allocation Failure) [PSYoungGen: 167783K->67305K(175104K)] 282415K->218794K(699392K), 0.0160267 secs] [Times: user=0.14 sys=0.00, real=0.02 secs] 
2016-09-15T12:00:57.016-0400: 61.385: [GC (GCLocker Initiated GC) [PSYoungGen: 151719K->73904K(175104K)] 309283K->231588K(699392K), 0.0214841 secs] [Times: user=0.22 sys=0.00, real=0.02 secs] 
2016-09-15T12:00:57.162-0400: 61.531: [GC (GCLocker Initiated GC) [PSYoungGen: 161968K->55547K(175104K)] 325998K->219868K(699392K), 0.0146503 secs] [Times: user=0.17 sys=0.00, real=0.02 secs] 
2016-09-15T12:00:57.285-0400: 61.654: [GC (GCLocker Initiated GC) [PSYoungGen: 143611K->55479K(175104K)] 314346K->262971K(699392K), 0.0082298 secs] [Times: user=0.13 sys=0.00, real=0.01 secs] 
2016-09-15T12:00:57.412-0400: 61.781: [GC (GCLocker Initiated GC) [PSYoungGen: 143543K->74196K(175104K)] 351380K->300409K(699392K), 0.0107639 secs] [Times: user=0.15 sys=0.00, real=0.01 secs] 
2016-09-15T12:00:57.526-0400: 61.895: [GC (GCLocker Initiated GC) [PSYoungGen: 162260K->55219K(175104K)] 389002K->300493K(699392K), 0.0096066 secs] [Times: user=0.14 sys=0.00, real=0.02 secs] 
2016-09-15T12:00:57.653-0400: 62.022: [GC (Allocation Failure) [PSYoungGen: 143283K->73640K(175104K)] 388655K->337372K(699392K), 0.0105474 secs] [Times: user=0.13 sys=0.00, real=0.01 secs] 
2016-09-15T12:00:57.664-0400: 62.033: [GC (GCLocker Initiated GC) [PSYoungGen: 73649K->32K(175104K)] 337382K->337025K(699392K), 0.0087943 secs] [Times: user=0.11 sys=0.00, real=0.01 secs] 
2016-09-15T12:00:57.803-0400: 62.172: [GC (GCLocker Initiated GC) [PSYoungGen: 85403K->86046K(175104K)] 428471K->447339K(699392K), 0.0150804 secs] [Times: user=0.16 sys=0.01, real=0.02 secs] 
2016-09-15T12:00:57.946-0400: 62.315: [GC (GCLocker Initiated GC) [PSYoungGen: 174110K->37290K(175104K)] 547875K->448224K(699392K), 0.0065618 secs] [Times: user=0.08 sys=0.00, real=0.01 secs] 
2016-09-15T12:00:58.067-0400: 62.436: [GC (GCLocker Initiated GC) [PSYoungGen: 125354K->67469K(175104K)] 542729K->503321K(699392K), 0.0082662 secs] [Times: user=0.07 sys=0.00, real=0.01 secs] 
2016-09-15T12:00:58.205-0400: 62.574: [GC (GCLocker Initiated GC) [PSYoungGen: 155533K->79587K(175104K)] 597519K->539918K(699392K), 0.0143998 secs] [Times: user=0.13 sys=0.00, real=0.02 secs] 
2016-09-15T12:00:58.318-0400: 62.687: [GC (GCLocker Initiated GC) [PSYoungGen: 167651K->86054K(175104K)] 628152K->595290K(699392K), 0.0175931 secs] [Times: user=0.18 sys=0.01, real=0.01 secs] 
2016-09-15T12:00:58.335-0400: 62.704: [Full GC (Ergonomics) [PSYoungGen: 86054K->0K(175104K)] [ParOldGen: 509236K->58603K(524288K)] 595290K->58603K(699392K), [Metaspace: 44240K->44240K(1087488K)], 0.0501637 secs] [Times: user=0.25 sys=0.01, real=0.05 secs] 
2016-09-15T12:00:58.490-0400: 62.859: [GC (GCLocker Initiated GC) [PSYoungGen: 88064K->49244K(175104K)] 146703K->107883K(699392K), 0.0128681 secs] [Times: user=0.11 sys=0.00, real=0.01 secs] 
2016-09-15T12:00:58.606-0400: 62.975: [GC (GCLocker Initiated GC) [PSYoungGen: 137308K->85890K(175104K)] 195989K->163267K(699392K), 0.0102408 secs] [Times: user=0.12 sys=0.00, real=0.02 secs] 
2016-09-15T12:00:58.712-0400: 63.081: [GC (GCLocker Initiated GC) [PSYoungGen: 173954K->85822K(175104K)] 251698K->243216K(699392K), 0.0138198 secs] [Times: user=0.19 sys=0.00, real=0.01 secs] 
2016-09-15T12:00:58.830-0400: 63.199: [GC (GCLocker Initiated GC) [PSYoungGen: 173884K->73640K(175104K)] 337709K->274222K(699392K), 0.0110359 secs] [Times: user=0.15 sys=0.00, real=0.01 secs] 
2016-09-15T12:00:58.937-0400: 63.306: [GC (GCLocker Initiated GC) [PSYoungGen: 161704K->85822K(175104K)] 362362K->317147K(699392K), 0.0114691 secs] [Times: user=0.16 sys=0.00, real=0.01 secs] 
2016-09-15T12:00:59.046-0400: 63.415: [GC (GCLocker Initiated GC) [PSYoungGen: 173886K->73836K(175104K)] 405355K->366386K(699392K), 0.0127889 secs] [Times: user=0.20 sys=0.00, real=0.02 secs] 
2016-09-15T12:00:59.182-0400: 63.551: [GC (Allocation Failure) [PSYoungGen: 161900K->73608K(175104K)] 460701K->403411K(699392K), 0.0117158 secs] [Times: user=0.16 sys=0.01, real=0.01 secs] 
2016-09-15T12:00:59.295-0400: 63.664: [GC (GCLocker Initiated GC) [PSYoungGen: 161672K->55283K(175104K)] 491481K->440254K(699392K), 0.0142664 secs] [Times: user=0.22 sys=0.00, real=0.02 secs] 
2016-09-15T12:00:59.421-0400: 63.790: [GC (GCLocker Initiated GC) [PSYoungGen: 143347K->86086K(175104K)] 528460K->477426K(699392K), 0.0106557 secs] [Times: user=0.15 sys=0.00, real=0.01 secs] 
2016-09-15T12:00:59.569-0400: 63.938: [GC (GCLocker Initiated GC) [PSYoungGen: 174150K->67501K(175104K)] 571653K->502097K(699392K), 0.0116864 secs] [Times: user=0.17 sys=0.01, real=0.01 secs] 
2016-09-15T12:00:59.703-0400: 64.072: [GC (GCLocker Initiated GC) [PSYoungGen: 155565K->79847K(175104K)] 596530K->557390K(699392K), 0.0138411 secs] [Times: user=0.18 sys=0.00, real=0.02 secs] 
2016-09-15T12:00:59.717-0400: 64.086: [Full GC (Ergonomics) [PSYoungGen: 79847K->0K(175104K)] [ParOldGen: 477542K->51965K(524288K)] 557390K->51965K(699392K), [Metaspace: 44257K->44257K(1087488K)], 0.0548741 secs] [Times: user=0.43 sys=0.02, real=0.05 secs] 
2016-09-15T12:00:59.897-0400: 64.266: [GC (GCLocker Initiated GC) [PSYoungGen: 88064K->86570K(175104K)] 140346K->144927K(699392K), 0.0233279 secs] [Times: user=0.33 sys=0.00, real=0.02 secs] 
2016-09-15T12:01:00.057-0400: 64.426: [GC (Allocation Failure) [PSYoungGen: 174634K->61522K(175104K)] 245299K->169364K(699392K), 0.0139234 secs] [Times: user=0.18 sys=0.00, real=0.01 secs] 
2016-09-15T12:01:00.199-0400: 64.568: [GC (GCLocker Initiated GC) [PSYoungGen: 149586K->73608K(175104K)] 257434K->206088K(699392K), 0.0129123 secs] [Times: user=0.18 sys=0.01, real=0.01 secs] 
2016-09-15T12:01:00.345-0400: 64.714: [GC (GCLocker Initiated GC) [PSYoungGen: 161672K->37158K(175104K)] 300233K->194236K(699392K), 0.0097170 secs] [Times: user=0.11 sys=0.00, real=0.01 secs] 
2016-09-15T12:01:00.481-0400: 64.850: [GC (GCLocker Initiated GC) [PSYoungGen: 125222K->61426K(175104K)] 288456K->243332K(699392K), 0.0095073 secs] [Times: user=0.09 sys=0.00, real=0.01 secs] 
2016-09-15T12:01:00.643-0400: 65.012: [GC (Allocation Failure) [PSYoungGen: 149490K->73672K(175104K)] 337781K->280316K(699392K), 0.0208740 secs] [Times: user=0.25 sys=0.01, real=0.02 secs] 
2016-09-15T12:01:00.769-0400: 65.138: [GC (GCLocker Initiated GC) [PSYoungGen: 161736K->79815K(175104K)] 368386K->286772K(699392K), 0.0125744 secs] [Times: user=0.13 sys=0.01, real=0.01 secs] 
2016-09-15T12:01:00.907-0400: 65.276: [GC (GCLocker Initiated GC) [PSYoungGen: 167879K->67437K(175104K)] 374889K->311181K(699392K), 0.0110097 secs] [Times: user=0.12 sys=0.00, real=0.02 secs] 
2016-09-15T12:01:01.037-0400: 65.406: [GC (GCLocker Initiated GC) [PSYoungGen: 155501K->73904K(175104K)] 405479K->324158K(699392K), 0.0128041 secs] [Times: user=0.14 sys=0.00, real=0.01 secs] 
2016-09-15T12:01:01.203-0400: 65.572: [GC (GCLocker Initiated GC) [PSYoungGen: 161968K->19456K(175104K)] 436760K->312773K(699392K), 0.0057126 secs] [Times: user=0.06 sys=0.00, real=0.01 secs] 
2016-09-15T12:01:01.341-0400: 65.710: [GC (GCLocker Initiated GC) [PSYoungGen: 107520K->55159K(175104K)] 401081K->348962K(699392K), 0.0247107 secs] [Times: user=0.19 sys=0.01, real=0.02 secs] 
2016-09-15T12:01:01.468-0400: 65.837: [GC (GCLocker Initiated GC) [PSYoungGen: 143223K->79683K(175104K)] 437269K->410315K(699392K), 0.0094162 secs] [Times: user=0.09 sys=0.01, real=0.01 secs] 
2016-09-15T12:01:01.613-0400: 65.982: [GC (GCLocker Initiated GC) [PSYoungGen: 167747K->73576K(175104K)] 510705K->435019K(699392K), 0.0187077 secs] [Times: user=0.21 sys=0.00, real=0.02 secs] 
2016-09-15T12:01:01.738-0400: 66.107: [GC (GCLocker Initiated GC) [PSYoungGen: 161640K->73672K(175104K)] 523298K->478187K(699392K), 0.0211874 secs] [Times: user=0.29 sys=0.00, real=0.02 secs] 
2016-09-15T12:01:01.873-0400: 66.242: [GC (GCLocker Initiated GC) [PSYoungGen: 161736K->85890K(175104K)] 566316K->508954K(699392K), 0.0113256 secs] [Times: user=0.10 sys=0.00, real=0.01 secs] 
2016-09-15T12:01:02.009-0400: 66.378: [GC (GCLocker Initiated GC) [PSYoungGen: 173954K->61786K(175104K)] 603444K->540495K(699392K), 0.0119232 secs] [Times: user=0.14 sys=0.00, real=0.01 secs] 
2016-09-15T12:01:02.021-0400: 66.390: [Full GC (Ergonomics) [PSYoungGen: 61786K->0K(175104K)] [ParOldGen: 478709K->52382K(524288K)] 540495K->52382K(699392K), [Metaspace: 44307K->44307K(1087488K)], 0.0536561 secs] [Times: user=0.37 sys=0.01, real=0.05 secs] 
2016-09-15T12:01:02.197-0400: 66.566: [GC (GCLocker Initiated GC) [PSYoungGen: 88064K->85922K(175104K)] 140633K->156716K(699392K), 0.0120444 secs] [Times: user=0.16 sys=0.01, real=0.01 secs] 
2016-09-15T12:01:02.331-0400: 66.700: [GC (Allocation Failure) [PSYoungGen: 173986K->85790K(175104K)] 244878K->193431K(699392K), 0.0142591 secs] [Times: user=0.17 sys=0.00, real=0.01 secs] 
2016-09-15T12:01:02.460-0400: 66.829: [GC (GCLocker Initiated GC) [PSYoungGen: 173854K->85854K(175104K)] 281496K->230245K(699392K), 0.0129807 secs] [Times: user=0.19 sys=0.01, real=0.01 secs] 
2016-09-15T12:01:02.616-0400: 66.985: [GC (Allocation Failure) [PSYoungGen: 173918K->61490K(175104K)] 330568K->236688K(699392K), 0.0097584 secs] [Times: user=0.14 sys=0.00, real=0.00 secs] 
2016-09-15T12:01:02.735-0400: 67.104: [GC (GCLocker Initiated GC) [PSYoungGen: 149554K->85854K(175104K)] 324758K->309989K(699392K), 0.0129540 secs] [Times: user=0.20 sys=0.00, real=0.02 secs] 
2016-09-15T12:01:02.876-0400: 67.245: [GC (Allocation Failure) [PSYoungGen: 173918K->55415K(175104K)] 404405K->322660K(699392K), 0.0090601 secs] [Times: user=0.14 sys=0.00, real=0.00 secs] 
2016-09-15T12:01:03.002-0400: 67.371: [GC (Allocation Failure) [PSYoungGen: 143473K->86118K(175104K)] 410718K->359729K(699392K), 0.0104816 secs] [Times: user=0.14 sys=0.00, real=0.01 secs] 
2016-09-15T12:01:03.144-0400: 67.513: [GC (GCLocker Initiated GC) [PSYoungGen: 174182K->43009K(175104K)] 447799K->334947K(699392K), 0.0158137 secs] [Times: user=0.13 sys=0.00, real=0.02 secs] 
2016-09-15T12:01:03.277-0400: 67.646: [GC (GCLocker Initiated GC) [PSYoungGen: 131073K->73512K(175104K)] 423013K->383788K(699392K), 0.0094273 secs] [Times: user=0.09 sys=0.00, real=0.00 secs] 
2016-09-15T12:01:03.413-0400: 67.782: [GC (Allocation Failure) [PSYoungGen: 161576K->61298K(175104K)] 478160K->396382K(699392K), 0.0140554 secs] [Times: user=0.12 sys=0.00, real=0.01 secs] 
2016-09-15T12:01:03.533-0400: 67.902: [GC (GCLocker Initiated GC) [PSYoungGen: 147775K->55251K(175104K)] 488934K->433192K(699392K), 0.0089901 secs] [Times: user=0.12 sys=0.00, real=0.01 secs] 
2016-09-15T12:01:03.687-0400: 68.056: [GC (GCLocker Initiated GC) [PSYoungGen: 143315K->61558K(175104K)] 527525K->464144K(699392K), 0.0140613 secs] [Times: user=0.13 sys=0.00, real=0.02 secs] 
2016-09-15T12:01:03.845-0400: 68.214: [GC (GCLocker Initiated GC) [PSYoungGen: 149622K->36966K(175104K)] 570778K->476607K(699392K), 0.0141953 secs] [Times: user=0.13 sys=0.00, real=0.02 secs] 
2016-09-15T12:01:04.003-0400: 68.372: [GC (GCLocker Initiated GC) [PSYoungGen: 125030K->79455K(175104K)] 570849K->525386K(699392K), 0.0111205 secs] [Times: user=0.11 sys=0.00, real=0.01 secs] 
2016-09-15T12:01:04.129-0400: 68.498: [GC (GCLocker Initiated GC) [PSYoungGen: 167519K->49280K(175104K)] 619746K->538061K(699392K), 0.0116581 secs] [Times: user=0.10 sys=0.00, real=0.01 secs] 
2016-09-15T12:01:04.141-0400: 68.510: [Full GC (Ergonomics) [PSYoungGen: 49280K->0K(175104K)] [ParOldGen: 488781K->52419K(524288K)] 538061K->52419K(699392K), [Metaspace: 44314K->44314K(1087488K)], 0.0556845 secs] [Times: user=0.28 sys=0.01, real=0.06 secs] 
2016-09-15T12:01:04.316-0400: 68.685: [GC (GCLocker Initiated GC) [PSYoungGen: 88064K->74060K(175104K)] 140581K->126577K(699392K), 0.0095317 secs] [Times: user=0.12 sys=0.00, real=0.00 secs] 
2016-09-15T12:01:04.506-0400: 68.875: [GC (Allocation Failure) [PSYoungGen: 162124K->55743K(175104K)] 227000K->139556K(699392K), 0.0231913 secs] [Times: user=0.32 sys=0.00, real=0.03 secs] 
2016-09-15T12:01:04.644-0400: 69.013: [GC (GCLocker Initiated GC) [PSYoungGen: 140149K->55775K(175104K)] 230037K->145946K(699392K), 0.0096985 secs] [Times: user=0.13 sys=0.00, real=0.01 secs] 
2016-09-15T12:01:04.779-0400: 69.148: [GC (GCLocker Initiated GC) [PSYoungGen: 143839K->37290K(175104K)] 246296K->158100K(699392K), 0.0102499 secs] [Times: user=0.13 sys=0.01, real=0.01 secs] 
2016-09-15T12:01:04.899-0400: 69.268: [GC (GCLocker Initiated GC) [PSYoungGen: 125354K->85662K(175104K)] 246262K->207002K(699392K), 0.0143951 secs] [Times: user=0.15 sys=0.00, real=0.01 secs] 
2016-09-15T12:01:05.051-0400: 69.420: [GC (GCLocker Initiated GC) [PSYoungGen: 173726K->43301K(175104K)] 307353K->207554K(699392K), 0.0182473 secs] [Times: user=0.19 sys=0.00, real=0.02 secs] 
2016-09-15T12:01:05.209-0400: 69.578: [GC (GCLocker Initiated GC) [PSYoungGen: 131365K->85530K(175104K)] 301797K->256229K(699392K), 0.0074177 secs] [Times: user=0.10 sys=0.00, real=0.01 secs] 
2016-09-15T12:01:05.328-0400: 69.697: [GC (GCLocker Initiated GC) [PSYoungGen: 173594K->73836K(175104K)] 350606K->293549K(699392K), 0.0175329 secs] [Times: user=0.25 sys=0.00, real=0.01 secs] 
2016-09-15T12:01:05.500-0400: 69.869: [GC (GCLocker Initiated GC) [PSYoungGen: 161900K->30791K(175104K)] 393944K->299716K(699392K), 0.0084543 secs] [Times: user=0.07 sys=0.00, real=0.01 secs] 
2016-09-15T12:01:05.632-0400: 70.001: [GC (GCLocker Initiated GC) [PSYoungGen: 118855K->85598K(175104K)] 387828K->385042K(699392K), 0.0331468 secs] [Times: user=0.28 sys=0.00, real=0.03 secs] 
2016-09-15T12:01:05.808-0400: 70.177: [GC (GCLocker Initiated GC) [PSYoungGen: 173662K->55223K(175104K)] 473113K->409648K(699392K), 0.0096216 secs] [Times: user=0.10 sys=0.01, real=0.01 secs] 
2016-09-15T12:01:05.911-0400: 70.280: [GC (Allocation Failure) [PSYoungGen: 143287K->85466K(175104K)] 497821K->452418K(699392K), 0.0138576 secs] [Times: user=0.14 sys=0.00, real=0.01 secs] 
2016-09-15T12:01:05.926-0400: 70.295: [GC (GCLocker Initiated GC) [PSYoungGen: 85822K->64K(175104K)] 452774K->470497K(699392K), 0.0110632 secs] [Times: user=0.09 sys=0.01, real=0.02 secs] 
2016-09-15T12:01:05.937-0400: 70.306: [Full GC (Ergonomics) [PSYoungGen: 64K->0K(175104K)] [ParOldGen: 470433K->51920K(524288K)] 470497K->51920K(699392K), [Metaspace: 44314K->44314K(1087488K)], 0.0591934 secs] [Times: user=0.38 sys=0.00, real=0.06 secs] 
2016-09-15T12:01:06.107-0400: 70.476: [GC (GCLocker Initiated GC) [PSYoungGen: 87614K->74324K(175104K)] 145609K->132319K(699392K), 0.0144715 secs] [Times: user=0.17 sys=0.00, real=0.02 secs] 
2016-09-15T12:01:06.256-0400: 70.625: [GC (GCLocker Initiated GC) [PSYoungGen: 162387K->55415K(175104K)] 226813K->138949K(699392K), 0.0273381 secs] [Times: user=0.36 sys=0.00, real=0.02 secs] 
2016-09-15T12:01:06.412-0400: 70.781: [GC (GCLocker Initiated GC) [PSYoungGen: 143479K->73804K(175104K)] 233280K->163865K(699392K), 0.0069653 secs] [Times: user=0.06 sys=0.00, real=0.01 secs] 
2016-09-15T12:01:06.526-0400: 70.895: [GC (GCLocker Initiated GC) [PSYoungGen: 161868K->67565K(175104K)] 252240K->188619K(699392K), 0.0145389 secs] [Times: user=0.17 sys=0.00, real=0.02 secs] 
2016-09-15T12:01:06.654-0400: 71.023: [GC (Allocation Failure) [PSYoungGen: 155629K->67829K(175104K)] 277033K->231885K(699392K), 0.0200948 secs] [Times: user=0.22 sys=0.00, real=0.02 secs] 
2016-09-15T12:01:06.822-0400: 71.191: [GC (GCLocker Initiated GC) [PSYoungGen: 155893K->55155K(175104K)] 319951K->237862K(699392K), 0.0088349 secs] [Times: user=0.09 sys=0.00, real=0.01 secs] 
2016-09-15T12:01:06.925-0400: 71.294: [GC (GCLocker Initiated GC) [PSYoungGen: 143219K->85822K(175104K)] 326085K->287041K(699392K), 0.0100265 secs] [Times: user=0.14 sys=0.00, real=0.01 secs] 
2016-09-15T12:01:07.079-0400: 71.448: [GC (Allocation Failure) [PSYoungGen: 173886K->49148K(175104K)] 387498K->287327K(699392K), 0.0099789 secs] [Times: user=0.08 sys=0.00, real=0.01 secs] 
2016-09-15T12:01:07.202-0400: 71.571: [GC (GCLocker Initiated GC) [PSYoungGen: 131159K->73836K(175104K)] 375413K->348789K(699392K), 0.0211379 secs] [Times: user=0.28 sys=0.00, real=0.02 secs] 
2016-09-15T12:01:07.354-0400: 71.723: [GC (Allocation Failure) [PSYoungGen: 161900K->55187K(175104K)] 436862K->348665K(699392K), 0.0205236 secs] [Times: user=0.25 sys=0.00, real=0.02 secs] 
2016-09-15T12:01:07.485-0400: 71.854: [GC (GCLocker Initiated GC) [PSYoungGen: 139858K->73540K(175104K)] 439412K->391462K(699392K), 0.0117823 secs] [Times: user=0.17 sys=0.00, real=0.02 secs] 
2016-09-15T12:01:07.646-0400: 72.015: [GC (GCLocker Initiated GC) [PSYoungGen: 161604K->73804K(175104K)] 503868K->434436K(699392K), 0.0080844 secs] [Times: user=0.11 sys=0.00, real=0.01 secs] 
2016-09-15T12:01:07.780-0400: 72.149: [GC (Allocation Failure) [PSYoungGen: 161868K->55451K(175104K)] 522631K->452963K(699392K), 0.0090918 secs] [Times: user=0.09 sys=0.00, real=0.01 secs] 
2016-09-15T12:01:07.886-0400: 72.255: [GC (GCLocker Initiated GC) [PSYoungGen: 139646K->55287K(175104K)] 543233K->477367K(699392K), 0.0096551 secs] [Times: user=0.10 sys=0.00, real=0.02 secs] 
2016-09-15T12:01:08.005-0400: 72.374: [GC (GCLocker Initiated GC) [PSYoungGen: 143351K->86182K(175104K)] 565436K->550912K(699392K), 0.0103954 secs] [Times: user=0.15 sys=0.00, real=0.01 secs] 
2016-09-15T12:01:08.016-0400: 72.385: [Full GC (Ergonomics) [PSYoungGen: 86182K->0K(175104K)] [ParOldGen: 464730K->52370K(524288K)] 550912K->52370K(699392K), [Metaspace: 44314K->44314K(1087488K)], 0.0556800 secs] [Times: user=0.41 sys=0.01, real=0.06 secs] 
2016-09-15T12:01:08.212-0400: 72.581: [GC (Allocation Failure) [PSYoungGen: 88064K->86046K(175104K)] 152721K->162861K(699392K), 0.0106310 secs] [Times: user=0.14 sys=0.00, real=0.01 secs] 
2016-09-15T12:01:08.331-0400: 72.699: [GC (GCLocker Initiated GC) [PSYoungGen: 174110K->79911K(175104K)] 250931K->224136K(699392K), 0.0137814 secs] [Times: user=0.20 sys=0.00, real=0.01 secs] 
2016-09-15T12:01:08.479-0400: 72.848: [GC (GCLocker Initiated GC) [PSYoungGen: 167975K->61426K(175104K)] 318324K->266750K(699392K), 0.0099232 secs] [Times: user=0.11 sys=0.01, real=0.01 secs] 
2016-09-15T12:01:08.613-0400: 72.982: [GC (GCLocker Initiated GC) [PSYoungGen: 149490K->61430K(175104K)] 360971K->297299K(699392K), 0.0195446 secs] [Times: user=0.16 sys=0.01, real=0.02 secs] 
2016-09-15T12:01:08.793-0400: 73.162: [GC (Allocation Failure) [PSYoungGen: 149494K->48952K(175104K)] 391597K->315794K(699392K), 0.0250160 secs] [Times: user=0.25 sys=0.01, real=0.03 secs] 
2016-09-15T12:01:08.946-0400: 73.315: [GC (Allocation Failure) [PSYoungGen: 136486K->24652K(175104K)] 403329K->334131K(699392K), 0.0270893 secs] [Times: user=0.28 sys=0.01, real=0.03 secs] 
2016-09-15T12:01:09.077-0400: 73.446: [GC (GCLocker Initiated GC) [PSYoungGen: 110408K->73444K(175104K)] 425962K->389109K(699392K), 0.0215558 secs] [Times: user=0.24 sys=0.00, real=0.02 secs] 
2016-09-15T12:01:09.203-0400: 73.572: [GC (GCLocker Initiated GC) [PSYoungGen: 161508K->67633K(175104K)] 483341K->407818K(699392K), 0.0170315 secs] [Times: user=0.17 sys=0.00, real=0.02 secs] 
2016-09-15T12:01:09.318-0400: 73.687: [GC (GCLocker Initiated GC) [PSYoungGen: 155697K->61298K(175104K)] 496255K->444648K(699392K), 0.0249706 secs] [Times: user=0.25 sys=0.00, real=0.02 secs] 
2016-09-15T12:01:09.479-0400: 73.848: [GC (Allocation Failure) [PSYoungGen: 149362K->61266K(175104K)] 532810K->475177K(699392K), 0.0178967 secs] [Times: user=0.17 sys=0.00, real=0.02 secs] 
2016-09-15T12:01:09.604-0400: 73.973: [GC (GCLocker Initiated GC) [PSYoungGen: 149330K->79651K(175104K)] 563247K->518144K(699392K), 0.0203954 secs] [Times: user=0.17 sys=0.00, real=0.02 secs] 
2016-09-15T12:01:09.741-0400: 74.110: [GC (GCLocker Initiated GC) [PSYoungGen: 167715K->73608K(175104K)] 606535K->530936K(699392K), 0.0116586 secs] [Times: user=0.15 sys=0.00, real=0.01 secs] 
2016-09-15T12:01:09.873-0400: 74.242: [Full GC (Ergonomics) [PSYoungGen: 161672K->0K(175104K)] [ParOldGen: 463440K->52402K(524288K)] 625112K->52402K(699392K), [Metaspace: 44323K->44323K(1087488K)], 0.0824839 secs] [Times: user=0.57 sys=0.00, real=0.08 secs] 
2016-09-15T12:01:10.098-0400: 74.467: [GC (GCLocker Initiated GC) [PSYoungGen: 88064K->74060K(175104K)] 152810K->138806K(699392K), 0.0218271 secs] [Times: user=0.31 sys=0.00, real=0.02 secs] 
2016-09-15T12:01:10.242-0400: 74.611: [GC (GCLocker Initiated GC) [PSYoungGen: 162124K->67697K(175104K)] 233189K->175955K(699392K), 0.0107790 secs] [Times: user=0.15 sys=0.00, real=0.01 secs] 
2016-09-15T12:01:10.418-0400: 74.787: [GC (GCLocker Initiated GC) [PSYoungGen: 155761K->67369K(175104K)] 276207K->206527K(699392K), 0.0101284 secs] [Times: user=0.13 sys=0.01, real=0.01 secs] 
2016-09-15T12:01:10.566-0400: 74.935: [GC (Allocation Failure) [PSYoungGen: 155433K->61358K(175104K)] 294700K->249352K(699392K), 0.0113030 secs] [Times: user=0.15 sys=0.00, real=0.02 secs] 
2016-09-15T12:01:10.679-0400: 75.048: [GC (GCLocker Initiated GC) [PSYoungGen: 149422K->73540K(175104K)] 337422K->316367K(699392K), 0.0126239 secs] [Times: user=0.18 sys=0.01, real=0.01 secs] 
2016-09-15T12:01:10.806-0400: 75.175: [GC (GCLocker Initiated GC) [PSYoungGen: 161604K->86641K(175104K)] 410788K->348080K(699392K), 0.0111040 secs] [Times: user=0.16 sys=0.00, real=0.02 secs] 
2016-09-15T12:01:10.914-0400: 75.283: [GC (GCLocker Initiated GC) [PSYoungGen: 174705K->85822K(175104K)] 436314K->396698K(699392K), 0.0136245 secs] [Times: user=0.19 sys=0.00, real=0.02 secs] 
2016-09-15T12:01:11.058-0400: 75.427: [GC (GCLocker Initiated GC) [PSYoungGen: 173886K->73836K(175104K)] 484960K->421487K(699392K), 0.0122846 secs] [Times: user=0.19 sys=0.00, real=0.01 secs] 
2016-09-15T12:01:11.206-0400: 75.575: [GC (GCLocker Initiated GC) [PSYoungGen: 161900K->49212K(175104K)] 515646K->421450K(699392K), 0.0147016 secs] [Times: user=0.20 sys=0.00, real=0.02 secs] 
2016-09-15T12:01:11.326-0400: 75.695: [GC (GCLocker Initiated GC) [PSYoungGen: 137276K->61394K(175104K)] 515788K->464342K(699392K), 0.0097175 secs] [Times: user=0.10 sys=0.00, real=0.02 secs] 
2016-09-15T12:01:11.457-0400: 75.826: [GC (GCLocker Initiated GC) [PSYoungGen: 149458K->67665K(175104K)] 552549K->531822K(699392K), 0.0106910 secs] [Times: user=0.15 sys=0.01, real=0.01 secs] 
2016-09-15T12:01:11.468-0400: 75.837: [Full GC (Ergonomics) [PSYoungGen: 67665K->0K(175104K)] [ParOldGen: 464157K->46284K(524288K)] 531822K->46284K(699392K), [Metaspace: 44327K->44327K(1087488K)], 0.0520920 secs] [Times: user=0.34 sys=0.00, real=0.05 secs] 
2016-09-15T12:01:11.644-0400: 76.013: [GC (Allocation Failure) [PSYoungGen: 88064K->85950K(175104K)] 140638K->138524K(699392K), 0.0165904 secs] [Times: user=0.14 sys=0.01, real=0.02 secs] 
2016-09-15T12:01:11.792-0400: 76.161: [GC (GCLocker Initiated GC) [PSYoungGen: 171286K->37094K(175104K)] 229935K->150989K(699392K), 0.0133501 secs] [Times: user=0.19 sys=0.01, real=0.01 secs] 
2016-09-15T12:01:11.895-0400: 76.263: [GC (GCLocker Initiated GC) [PSYoungGen: 125158K->73640K(175104K)] 239230K->188020K(699392K), 0.0097078 secs] [Times: user=0.14 sys=0.00, real=0.01 secs] 
2016-09-15T12:01:12.019-0400: 76.388: [GC (GCLocker Initiated GC) [PSYoungGen: 161704K->85662K(175104K)] 276254K->218697K(699392K), 0.0179563 secs] [Times: user=0.20 sys=0.00, real=0.02 secs] 
2016-09-15T12:01:12.155-0400: 76.524: [GC (GCLocker Initiated GC) [PSYoungGen: 173726K->30791K(175104K)] 306903K->231092K(699392K), 0.0305964 secs] [Times: user=0.32 sys=0.00, real=0.03 secs] 
2016-09-15T12:01:12.297-0400: 76.666: [GC (GCLocker Initiated GC) [PSYoungGen: 118855K->73544K(175104K)] 319326K->274111K(699392K), 0.0136828 secs] [Times: user=0.17 sys=0.00, real=0.01 secs] 
2016-09-15T12:01:12.451-0400: 76.820: [GC (GCLocker Initiated GC) [PSYoungGen: 161608K->67533K(175104K)] 368455K->292865K(699392K), 0.0077661 secs] [Times: user=0.08 sys=0.01, real=0.01 secs] 
2016-09-15T12:01:12.590-0400: 76.959: [GC (GCLocker Initiated GC) [PSYoungGen: 155597K->79619K(175104K)] 380965K->353739K(699392K), 0.0187400 secs] [Times: user=0.23 sys=0.00, real=0.02 secs] 
2016-09-15T12:01:12.712-0400: 77.081: [GC (GCLocker Initiated GC) [PSYoungGen: 167683K->55383K(175104K)] 448059K->384682K(699392K), 0.0205700 secs] [Times: user=0.27 sys=0.00, real=0.02 secs] 
2016-09-15T12:01:12.856-0400: 77.225: [GC (GCLocker Initiated GC) [PSYoungGen: 143447K->79587K(175104K)] 479053K->415469K(699392K), 0.0105609 secs] [Times: user=0.11 sys=0.00, real=0.00 secs] 
2016-09-15T12:01:13.021-0400: 77.390: [GC (GCLocker Initiated GC) [PSYoungGen: 167651K->30891K(175104K)] 515836K->421909K(699392K), 0.0113003 secs] [Times: user=0.11 sys=0.01, real=0.01 secs] 
2016-09-15T12:01:13.160-0400: 77.529: [GC (Allocation Failure) [PSYoungGen: 118955K->67209K(175104K)] 510233K->458770K(699392K), 0.0172654 secs] [Times: user=0.19 sys=0.00, real=0.02 secs] 
2016-09-15T12:01:13.283-0400: 77.652: [GC (GCLocker Initiated GC) [PSYoungGen: 154084K->61362K(175104K)] 551720K->489493K(699392K), 0.0181319 secs] [Times: user=0.19 sys=0.01, real=0.02 secs] 
2016-09-15T12:01:13.417-0400: 77.786: [GC (Allocation Failure) [PSYoungGen: 149426K->85886K(175104K)] 577739K->538790K(699392K), 0.0133199 secs] [Times: user=0.16 sys=0.00, real=0.01 secs] 
2016-09-15T12:01:13.430-0400: 77.799: [Full GC (Ergonomics) [PSYoungGen: 85886K->0K(175104K)] [ParOldGen: 452904K->52855K(524288K)] 538790K->52855K(699392K), [Metaspace: 44327K->44327K(1087488K)], 0.0531356 secs] [Times: user=0.33 sys=0.00, real=0.05 secs] 
2016-09-15T12:01:13.602-0400: 77.971: [GC (GCLocker Initiated GC) [PSYoungGen: 82170K->85826K(175104K)] 141100K->150831K(699392K), 0.0220496 secs] [Times: user=0.26 sys=0.00, real=0.02 secs] 
2016-09-15T12:01:13.761-0400: 78.130: [GC (GCLocker Initiated GC) [PSYoungGen: 173890K->55255K(175104K)] 239015K->157106K(699392K), 0.0095213 secs] [Times: user=0.10 sys=0.01, real=0.01 secs] 
2016-09-15T12:01:13.896-0400: 78.265: [GC (GCLocker Initiated GC) [PSYoungGen: 143319K->43301K(175104K)] 251521K->169988K(699392K), 0.0178093 secs] [Times: user=0.17 sys=0.00, real=0.01 secs] 
2016-09-15T12:01:14.045-0400: 78.414: [GC (GCLocker Initiated GC) [PSYoungGen: 131365K->85726K(175104K)] 258117K->218836K(699392K), 0.0096815 secs] [Times: user=0.10 sys=0.01, real=0.01 secs] 
2016-09-15T12:01:14.194-0400: 78.563: [GC (Allocation Failure) [PSYoungGen: 173790K->37386K(175104K)] 313162K->225486K(699392K), 0.0138546 secs] [Times: user=0.17 sys=0.00, real=0.01 secs] 
2016-09-15T12:01:14.308-0400: 78.677: [GC (GCLocker Initiated GC) [PSYoungGen: 125450K->73544K(175104K)] 313555K->261925K(699392K), 0.0097836 secs] [Times: user=0.10 sys=0.00, real=0.01 secs] 
2016-09-15T12:01:14.450-0400: 78.819: [GC (GCLocker Initiated GC) [PSYoungGen: 161608K->85598K(175104K)] 350031K->304671K(699392K), 0.0184397 secs] [Times: user=0.16 sys=0.00, real=0.02 secs] 
2016-09-15T12:01:14.603-0400: 78.972: [GC (GCLocker Initiated GC) [PSYoungGen: 173662K->61558K(175104K)] 398835K->317397K(699392K), 0.0133730 secs] [Times: user=0.14 sys=0.00, real=0.02 secs] 
2016-09-15T12:01:14.781-0400: 79.150: [GC (GCLocker Initiated GC) [PSYoungGen: 149622K->61426K(175104K)] 405693K->336029K(699392K), 0.0105452 secs] [Times: user=0.10 sys=0.00, real=0.01 secs] 
2016-09-15T12:01:14.913-0400: 79.282: [GC (GCLocker Initiated GC) [PSYoungGen: 149490K->85694K(175104K)] 430266K->397121K(699392K), 0.0221066 secs] [Times: user=0.23 sys=0.00, real=0.02 secs] 
2016-09-15T12:01:15.095-0400: 79.464: [GC (Allocation Failure) [PSYoungGen: 173758K->42909K(175104K)] 491458K->409493K(699392K), 0.0102617 secs] [Times: user=0.10 sys=0.01, real=0.01 secs] 
2016-09-15T12:01:15.210-0400: 79.579: [GC (GCLocker Initiated GC) [PSYoungGen: 130973K->85562K(175104K)] 497562K->452255K(699392K), 0.0169570 secs] [Times: user=0.18 sys=0.00, real=0.01 secs] 
2016-09-15T12:01:15.327-0400: 79.696: [GC (GCLocker Initiated GC) [PSYoungGen: 173626K->85694K(175104K)] 540367K->464728K(699392K), 0.0287905 secs] [Times: user=0.31 sys=0.00, real=0.04 secs] 
2016-09-15T12:01:15.492-0400: 79.861: [GC (GCLocker Initiated GC) [PSYoungGen: 173758K->55287K(175104K)] 559088K->507734K(699392K), 0.0181625 secs] [Times: user=0.21 sys=0.00, real=0.02 secs] 
2016-09-15T12:01:15.511-0400: 79.880: [Full GC (Ergonomics) [PSYoungGen: 55287K->0K(175104K)] [ParOldGen: 452447K->46625K(524288K)] 507734K->46625K(699392K), [Metaspace: 44327K->44327K(1087488K)], 0.0569634 secs] [Times: user=0.33 sys=0.01, real=0.06 secs] 
2016-09-15T12:01:15.681-0400: 80.050: [GC (GCLocker Initiated GC) [PSYoungGen: 88064K->86046K(175104K)] 134900K->145032K(699392K), 0.0115512 secs] [Times: user=0.14 sys=0.00, real=0.01 secs] 
2016-09-15T12:01:15.823-0400: 80.192: [GC (GCLocker Initiated GC) [PSYoungGen: 174110K->55515K(175104K)] 239279K->181982K(699392K), 0.0175097 secs] [Times: user=0.20 sys=0.00, real=0.02 secs] 
2016-09-15T12:01:15.951-0400: 80.320: [GC (GCLocker Initiated GC) [PSYoungGen: 143579K->61362K(175104K)] 270748K->213278K(699392K), 0.0087421 secs] [Times: user=0.08 sys=0.00, real=0.01 secs] 
2016-09-15T12:01:16.078-0400: 80.447: [GC (GCLocker Initiated GC) [PSYoungGen: 149426K->54995K(175104K)] 301385K->237580K(699392K), 0.0135544 secs] [Times: user=0.11 sys=0.00, real=0.01 secs] 
2016-09-15T12:01:16.221-0400: 80.590: [GC (GCLocker Initiated GC) [PSYoungGen: 143059K->61526K(175104K)] 331912K->299091K(699392K), 0.0131692 secs] [Times: user=0.11 sys=0.00, real=0.01 secs] 
2016-09-15T12:01:16.360-0400: 80.729: [GC (GCLocker Initiated GC) [PSYoungGen: 149590K->61298K(175104K)] 387224K->317433K(699392K), 0.0173082 secs] [Times: user=0.18 sys=0.00, real=0.02 secs] 
2016-09-15T12:01:16.493-0400: 80.862: [GC (GCLocker Initiated GC) [PSYoungGen: 149362K->67405K(175104K)] 411608K->354047K(699392K), 0.0138799 secs] [Times: user=0.14 sys=0.00, real=0.01 secs] 
2016-09-15T12:01:16.629-0400: 80.998: [GC (Allocation Failure) [PSYoungGen: 155469K->67537K(175104K)] 442320K->379004K(699392K), 0.0110614 secs] [Times: user=0.09 sys=0.00, real=0.01 secs] 
2016-09-15T12:01:16.761-0400: 81.130: [GC (GCLocker Initiated GC) [PSYoungGen: 155598K->55091K(175104K)] 467070K->385236K(699392K), 0.0255145 secs] [Times: user=0.26 sys=0.00, real=0.02 secs] 
2016-09-15T12:01:16.890-0400: 81.259: [GC (GCLocker Initiated GC) [PSYoungGen: 143155K->73576K(175104K)] 474102K->422876K(699392K), 0.0325513 secs] [Times: user=0.39 sys=0.00, real=0.03 secs] 
2016-09-15T12:01:17.064-0400: 81.433: [GC (GCLocker Initiated GC) [PSYoungGen: 161640K->19196K(175104K)] 529414K->405471K(699392K), 0.0173424 secs] [Times: user=0.23 sys=0.00, real=0.02 secs] 
2016-09-15T12:01:17.207-0400: 81.576: [GC (GCLocker Initiated GC) [PSYoungGen: 107260K->79683K(175104K)] 493869K->466418K(699392K), 0.0082756 secs] [Times: user=0.12 sys=0.00, real=0.01 secs] 
2016-09-15T12:01:17.327-0400: 81.696: [GC (GCLocker Initiated GC) [PSYoungGen: 167747K->67373K(175104K)] 554570K->496840K(699392K), 0.0119203 secs] [Times: user=0.11 sys=0.01, real=0.02 secs] 
2016-09-15T12:01:17.455-0400: 81.824: [GC (GCLocker Initiated GC) [PSYoungGen: 155437K->85922K(175104K)] 591021K->570414K(699392K), 0.0195962 secs] [Times: user=0.28 sys=0.00, real=0.02 secs] 
2016-09-15T12:01:17.475-0400: 81.844: [Full GC (Ergonomics) [PSYoungGen: 85922K->0K(175104K)] [ParOldGen: 484492K->52538K(524288K)] 570414K->52538K(699392K), [Metaspace: 44330K->44330K(1087488K)], 0.0525177 secs] [Times: user=0.35 sys=0.00, real=0.05 secs] 
2016-09-15T12:01:17.665-0400: 82.034: [GC (Allocation Failure) [PSYoungGen: 88064K->55935K(175104K)] 152760K->120631K(699392K), 0.0068070 secs] [Times: user=0.08 sys=0.00, real=0.01 secs] 
2016-09-15T12:01:17.798-0400: 82.167: [GC (GCLocker Initiated GC) [PSYoungGen: 143993K->73416K(175104K)] 208695K->175239K(699392K), 0.0109845 secs] [Times: user=0.08 sys=0.00, real=0.01 secs] 
2016-09-15T12:01:17.925-0400: 82.294: [GC (GCLocker Initiated GC) [PSYoungGen: 161480K->74000K(175104K)] 263501K->212787K(699392K), 0.0106901 secs] [Times: user=0.16 sys=0.00, real=0.02 secs] 
2016-09-15T12:01:18.049-0400: 82.418: [GC (GCLocker Initiated GC) [PSYoungGen: 162064K->61622K(175104K)] 300976K->218995K(699392K), 0.0126406 secs] [Times: user=0.12 sys=0.00, real=0.01 secs] 
2016-09-15T12:01:18.174-0400: 82.543: [GC (GCLocker Initiated GC) [PSYoungGen: 149686K->67373K(175104K)] 307135K->249413K(699392K), 0.0119931 secs] [Times: user=0.12 sys=0.00, real=0.01 secs] 
2016-09-15T12:01:18.305-0400: 82.674: [GC (GCLocker Initiated GC) [PSYoungGen: 155437K->31051K(175104K)] 349881K->256138K(699392K), 0.0066581 secs] [Times: user=0.04 sys=0.00, real=0.01 secs] 
2016-09-15T12:01:18.457-0400: 82.826: [GC (Allocation Failure) [PSYoungGen: 119115K->67437K(175104K)] 344238K->311044K(699392K), 0.0091959 secs] [Times: user=0.08 sys=0.00, real=0.00 secs] 
2016-09-15T12:01:18.589-0400: 82.958: [GC (GCLocker Initiated GC) [PSYoungGen: 155501K->67437K(175104K)] 399114K->347604K(699392K), 0.0117007 secs] [Times: user=0.09 sys=0.00, real=0.01 secs] 
2016-09-15T12:01:18.701-0400: 83.070: [GC (Allocation Failure) [PSYoungGen: 155501K->43105K(175104K)] 441756K->347860K(699392K), 0.0200046 secs] [Times: user=0.25 sys=0.00, real=0.02 secs] 
2016-09-15T12:01:18.844-0400: 83.213: [GC (GCLocker Initiated GC) [PSYoungGen: 127015K->73508K(175104K)] 437846K->415021K(699392K), 0.0096416 secs] [Times: user=0.14 sys=0.00, real=0.01 secs] 
2016-09-15T12:01:19.011-0400: 83.380: [GC (GCLocker Initiated GC) [PSYoungGen: 161572K->73640K(175104K)] 515283K->445711K(699392K), 0.0110789 secs] [Times: user=0.13 sys=0.01, real=0.01 secs] 
2016-09-15T12:01:19.127-0400: 83.496: [GC (GCLocker Initiated GC) [PSYoungGen: 161704K->85626K(175104K)] 533840K->524910K(699392K), 0.0139770 secs] [Times: user=0.18 sys=0.01, real=0.02 secs] 
2016-09-15T12:01:19.254-0400: 83.623: [GC (GCLocker Initiated GC) --[PSYoungGen: 173690K->173690K(175104K)] 619096K->692140K(699392K), 0.0131866 secs] [Times: user=0.17 sys=0.01, real=0.01 secs] 
2016-09-15T12:01:19.267-0400: 83.636: [Full GC (Ergonomics) [PSYoungGen: 173690K->0K(175104K)] [ParOldGen: 518450K->52855K(524288K)] 692140K->52855K(699392K), [Metaspace: 44330K->44330K(1087488K)], 0.0531616 secs] [Times: user=0.30 sys=0.00, real=0.06 secs] 
2016-09-15T12:01:19.438-0400: 83.807: [GC (GCLocker Initiated GC) [PSYoungGen: 88064K->86406K(175104K)] 141038K->151538K(699392K), 0.0103120 secs] [Times: user=0.13 sys=0.00, real=0.01 secs] 
2016-09-15T12:01:19.567-0400: 83.936: [GC (GCLocker Initiated GC) [PSYoungGen: 174470K->67565K(175104K)] 239952K->188458K(699392K), 0.0116930 secs] [Times: user=0.14 sys=0.01, real=0.02 secs] 
2016-09-15T12:01:19.694-0400: 84.062: [GC (GCLocker Initiated GC) [PSYoungGen: 155629K->79651K(175104K)] 276844K->237459K(699392K), 0.0212635 secs] [Times: user=0.30 sys=0.00, real=0.02 secs] 
2016-09-15T12:01:19.847-0400: 84.216: [GC (GCLocker Initiated GC) [PSYoungGen: 167715K->37158K(175104K)] 343886K->237889K(699392K), 0.0060464 secs] [Times: user=0.06 sys=0.00, real=0.01 secs] 
2016-09-15T12:01:19.995-0400: 84.364: [GC (GCLocker Initiated GC) [PSYoungGen: 125222K->55355K(175104K)] 332360K->262777K(699392K), 0.0295070 secs] [Times: user=0.37 sys=0.00, real=0.03 secs] 
2016-09-15T12:01:20.142-0400: 84.511: [GC (GCLocker Initiated GC) [PSYoungGen: 143419K->55319K(175104K)] 351202K->281626K(699392K), 0.0137737 secs] [Times: user=0.17 sys=0.00, real=0.02 secs] 
2016-09-15T12:01:20.289-0400: 84.658: [GC (Allocation Failure) [PSYoungGen: 143383K->55255K(175104K)] 376049K->288016K(699392K), 0.0082453 secs] [Times: user=0.06 sys=0.00, real=0.01 secs] 
2016-09-15T12:01:20.434-0400: 84.803: [GC (GCLocker Initiated GC) [PSYoungGen: 143319K->85594K(175104K)] 376086K->342960K(699392K), 0.0119714 secs] [Times: user=0.13 sys=0.00, real=0.01 secs] 
2016-09-15T12:01:20.536-0400: 84.905: [GC (GCLocker Initiated GC) [PSYoungGen: 173658K->85954K(175104K)] 431144K->367884K(699392K), 0.0099532 secs] [Times: user=0.08 sys=0.01, real=0.01 secs] 
2016-09-15T12:01:20.670-0400: 85.039: [GC (GCLocker Initiated GC) [PSYoungGen: 174018K->55159K(175104K)] 468447K->386282K(699392K), 0.0251649 secs] [Times: user=0.21 sys=0.01, real=0.02 secs] 
2016-09-15T12:01:20.807-0400: 85.176: [GC (Allocation Failure) [PSYoungGen: 143223K->73644K(175104K)] 480749K->411273K(699392K), 0.0143232 secs] [Times: user=0.14 sys=0.00, real=0.02 secs] 
2016-09-15T12:01:20.822-0400: 85.191: [GC (GCLocker Initiated GC) [PSYoungGen: 73653K->32K(175104K)] 411283K->411087K(699392K), 0.0098770 secs] [Times: user=0.09 sys=0.00, real=0.01 secs] 
2016-09-15T12:01:20.953-0400: 85.322: [GC (GCLocker Initiated GC) [PSYoungGen: 87532K->85826K(175104K)] 504662K->527256K(699392K), 0.0179231 secs] [Times: user=0.19 sys=0.00, real=0.02 secs] 
2016-09-15T12:01:21.104-0400: 85.473: [Full GC (Ergonomics) [PSYoungGen: 173890K->0K(175104K)] [ParOldGen: 453885K->53048K(524288K)] 627775K->53048K(699392K), [Metaspace: 44339K->44339K(1087488K)], 0.0561452 secs] [Times: user=0.26 sys=0.01, real=0.06 secs] 
2016-09-15T12:01:21.262-0400: 85.631: [GC (GCLocker Initiated GC) [PSYoungGen: 84655K->61462K(175104K)] 143779K->120585K(699392K), 0.0175239 secs] [Times: user=0.19 sys=0.00, real=0.02 secs] 
2016-09-15T12:01:21.391-0400: 85.759: [GC (GCLocker Initiated GC) [PSYoungGen: 149526K->79847K(175104K)] 209146K->194457K(699392K), 0.0152109 secs] [Times: user=0.19 sys=0.00, real=0.01 secs] 
2016-09-15T12:01:21.492-0400: 85.861: [GC (GCLocker Initiated GC) [PSYoungGen: 167911K->86018K(175104K)] 282736K->255826K(699392K), 0.0110321 secs] [Times: user=0.17 sys=0.00, real=0.01 secs] 
2016-09-15T12:01:21.632-0400: 86.001: [GC (GCLocker Initiated GC) [PSYoungGen: 174082K->67569K(175104K)] 344088K->238023K(699392K), 0.0102011 secs] [Times: user=0.06 sys=0.00, real=0.01 secs] 
2016-09-15T12:01:21.771-0400: 86.140: [GC (GCLocker Initiated GC) [PSYoungGen: 155633K->49308K(175104K)] 326106K->256546K(699392K), 0.0156366 secs] [Times: user=0.18 sys=0.01, real=0.01 secs] 
2016-09-15T12:01:21.890-0400: 86.259: [GC (Allocation Failure) [PSYoungGen: 137372K->49116K(175104K)] 344774K->280906K(699392K), 0.0138011 secs] [Times: user=0.09 sys=0.00, real=0.01 secs] 
2016-09-15T12:01:22.024-0400: 86.393: [GC (GCLocker Initiated GC) [PSYoungGen: 137180K->67401K(175104K)] 368976K->317697K(699392K), 0.0098597 secs] [Times: user=0.09 sys=0.00, real=0.01 secs] 
2016-09-15T12:01:22.140-0400: 86.509: [GC (GCLocker Initiated GC) [PSYoungGen: 155465K->55906K(175104K)] 412024K->330818K(699392K), 0.0096768 secs] [Times: user=0.14 sys=0.00, real=0.01 secs] 
2016-09-15T12:01:22.268-0400: 86.637: [GC (GCLocker Initiated GC) [PSYoungGen: 143970K->86022K(175104K)] 419131K->373615K(699392K), 0.0189251 secs] [Times: user=0.18 sys=0.00, real=0.01 secs] 
2016-09-15T12:01:22.430-0400: 86.799: [GC (GCLocker Initiated GC) [PSYoungGen: 174086K->55223K(175104K)] 461723K->361337K(699392K), 0.0100557 secs] [Times: user=0.08 sys=0.00, real=0.01 secs] 
2016-09-15T12:01:22.538-0400: 86.907: [GC (GCLocker Initiated GC) [PSYoungGen: 143287K->85694K(175104K)] 449511K->398276K(699392K), 0.0122498 secs] [Times: user=0.12 sys=0.00, real=0.01 secs] 
2016-09-15T12:01:22.670-0400: 87.039: [GC (GCLocker Initiated GC) [PSYoungGen: 173758K->55191K(175104K)] 486561K->404695K(699392K), 0.0106316 secs] [Times: user=0.08 sys=0.00, real=0.01 secs] 
2016-09-15T12:01:22.805-0400: 87.174: [GC (GCLocker Initiated GC) [PSYoungGen: 143255K->85826K(175104K)] 498994K->447735K(699392K), 0.0190460 secs] [Times: user=0.23 sys=0.00, real=0.02 secs] 
2016-09-15T12:01:22.960-0400: 87.329: [GC (Allocation Failure) [PSYoungGen: 173890K->73576K(175104K)] 541927K->496588K(699392K), 0.0113106 secs] [Times: user=0.18 sys=0.00, real=0.01 secs] 
2016-09-15T12:01:23.069-0400: 87.438: [GC (GCLocker Initiated GC) [PSYoungGen: 161640K->85986K(175104K)] 584653K->557867K(699392K), 0.0146300 secs] [Times: user=0.16 sys=0.00, real=0.01 secs] 
2016-09-15T12:01:23.084-0400: 87.453: [Full GC (Ergonomics) [PSYoungGen: 85986K->0K(175104K)] [ParOldGen: 471881K->52949K(524288K)] 557867K->52949K(699392K), [Metaspace: 44339K->44339K(1087488K)], 0.0545030 secs] [Times: user=0.40 sys=0.01, real=0.06 secs] 
2016-09-15T12:01:23.251-0400: 87.620: [GC (GCLocker Initiated GC) [PSYoungGen: 88064K->86570K(175104K)] 141161K->151818K(699392K), 0.0112227 secs] [Times: user=0.18 sys=0.00, real=0.01 secs] 
2016-09-15T12:01:23.408-0400: 87.777: [GC (GCLocker Initiated GC) [PSYoungGen: 174634K->49600K(175104K)] 258142K->194438K(699392K), 0.0096108 secs] [Times: user=0.14 sys=0.00, real=0.01 secs] 
2016-09-15T12:01:23.549-0400: 87.918: [GC (GCLocker Initiated GC) [PSYoungGen: 137664K->55219K(175104K)] 288787K->237008K(699392K), 0.0100525 secs] [Times: user=0.12 sys=0.00, real=0.01 secs] 
2016-09-15T12:01:23.672-0400: 88.041: [GC (GCLocker Initiated GC) [PSYoungGen: 143283K->79815K(175104K)] 325145K->280037K(699392K), 0.0114322 secs] [Times: user=0.12 sys=0.01, real=0.01 secs] 
2016-09-15T12:01:23.828-0400: 88.197: [GC (GCLocker Initiated GC) [PSYoungGen: 167879K->49532K(175104K)] 374448K->292842K(699392K), 0.0128037 secs] [Times: user=0.15 sys=0.01, real=0.01 secs] 
2016-09-15T12:01:23.946-0400: 88.315: [GC (GCLocker Initiated GC) [PSYoungGen: 137596K->67633K(175104K)] 387151K->323787K(699392K), 0.0126506 secs] [Times: user=0.13 sys=0.01, real=0.02 secs] 
2016-09-15T12:01:24.079-0400: 88.448: [GC (GCLocker Initiated GC) [PSYoungGen: 155697K->73412K(175104K)] 411881K->354179K(699392K), 0.0183952 secs] [Times: user=0.20 sys=0.00, real=0.02 secs] 
2016-09-15T12:01:24.227-0400: 88.596: [GC (Allocation Failure) [PSYoungGen: 161476K->67861K(175104K)] 448550K->385438K(699392K), 0.0100244 secs] [Times: user=0.10 sys=0.00, real=0.02 secs] 
2016-09-15T12:01:24.380-0400: 88.749: [GC (GCLocker Initiated GC) [PSYoungGen: 152922K->37062K(175104K)] 476575K->403554K(699392K), 0.0082479 secs] [Times: user=0.08 sys=0.00, real=0.01 secs] 
2016-09-15T12:01:24.498-0400: 88.867: [GC (GCLocker Initiated GC) [PSYoungGen: 125126K->67629K(175104K)] 497998K->440801K(699392K), 0.0074823 secs] [Times: user=0.06 sys=0.00, real=0.00 secs] 
2016-09-15T12:01:24.620-0400: 88.989: [GC (GCLocker Initiated GC) [PSYoungGen: 155693K->85726K(175104K)] 528974K->483590K(699392K), 0.0107126 secs] [Times: user=0.10 sys=0.00, real=0.01 secs] 
2016-09-15T12:01:24.728-0400: 89.097: [GC (GCLocker Initiated GC) [PSYoungGen: 173790K->86018K(175104K)] 572016K->527084K(699392K), 0.0110366 secs] [Times: user=0.18 sys=0.00, real=0.01 secs] 
2016-09-15T12:01:24.889-0400: 89.258: [GC (Allocation Failure) [PSYoungGen: 174082K->55127K(175104K)] 615190K->526853K(699392K), 0.0135256 secs] [Times: user=0.14 sys=0.00, real=0.01 secs] 
2016-09-15T12:01:24.902-0400: 89.271: [Full GC (Ergonomics) [PSYoungGen: 55127K->0K(175104K)] [ParOldGen: 471726K->39444K(524288K)] 526853K->39444K(699392K), [Metaspace: 44351K->44351K(1087488K)], 0.1352103 secs] [Times: user=1.49 sys=0.00, real=0.14 secs] 
2016-09-15T12:01:25.139-0400: 89.508: [GC (GCLocker Initiated GC) [PSYoungGen: 86017K->86046K(175104K)] 131536K->149790K(699392K), 0.0113449 secs] [Times: user=0.13 sys=0.01, real=0.01 secs] 
2016-09-15T12:01:25.254-0400: 89.623: [GC (GCLocker Initiated GC) [PSYoungGen: 174110K->86018K(175104K)] 238120K->175095K(699392K), 0.0108151 secs] [Times: user=0.16 sys=0.00, real=0.01 secs] 
2016-09-15T12:01:25.373-0400: 89.742: [GC (GCLocker Initiated GC) [PSYoungGen: 174082K->79715K(175104K)] 263201K->205608K(699392K), 0.0123202 secs] [Times: user=0.18 sys=0.00, real=0.01 secs] 
2016-09-15T12:01:25.506-0400: 89.875: [GC (GCLocker Initiated GC) [PSYoungGen: 167779K->55938K(175104K)] 306155K->249297K(699392K), 0.0105890 secs] [Times: user=0.14 sys=0.00, real=0.02 secs] 
2016-09-15T12:01:25.679-0400: 90.048: [GC (GCLocker Initiated GC) [PSYoungGen: 144002K->55059K(175104K)] 343708K->255031K(699392K), 0.0135034 secs] [Times: user=0.12 sys=0.00, real=0.01 secs] 
2016-09-15T12:01:25.814-0400: 90.183: [GC (GCLocker Initiated GC) [PSYoungGen: 143123K->73348K(175104K)] 349235K->279555K(699392K), 0.0076645 secs] [Times: user=0.07 sys=0.01, real=0.01 secs] 
2016-09-15T12:01:25.928-0400: 90.297: [GC (GCLocker Initiated GC) [PSYoungGen: 161412K->67861K(175104K)] 367885K->335251K(699392K), 0.0315942 secs] [Times: user=0.43 sys=0.00, real=0.03 secs] 
2016-09-15T12:01:26.060-0400: 90.429: [GC (GCLocker Initiated GC) [PSYoungGen: 155925K->85822K(175104K)] 429438K->408422K(699392K), 0.0127508 secs] [Times: user=0.20 sys=0.00, real=0.01 secs] 
2016-09-15T12:01:26.215-0400: 90.584: [GC (GCLocker Initiated GC) [PSYoungGen: 173886K->55415K(175104K)] 502670K->463302K(699392K), 0.0127297 secs] [Times: user=0.18 sys=0.00, real=0.02 secs] 
2016-09-15T12:01:26.329-0400: 90.698: [GC (GCLocker Initiated GC) [PSYoungGen: 143479K->85954K(175104K)] 551693K->494452K(699392K), 0.0102722 secs] [Times: user=0.12 sys=0.00, real=0.01 secs] 
2016-09-15T12:01:26.458-0400: 90.827: [GC (GCLocker Initiated GC) [PSYoungGen: 174018K->55319K(175104K)] 582653K->500671K(699392K), 0.0124376 secs] [Times: user=0.14 sys=0.00, real=0.01 secs] 
2016-09-15T12:01:26.471-0400: 90.839: [Full GC (Ergonomics) [PSYoungGen: 55319K->0K(175104K)] [ParOldGen: 445352K->51818K(524288K)] 500671K->51818K(699392K), [Metaspace: 44352K->44352K(1087488K)], 0.0468568 secs] [Times: user=0.32 sys=0.00, real=0.05 secs] 
2016-09-15T12:01:26.617-0400: 90.986: [GC (GCLocker Initiated GC) [PSYoungGen: 88061K->86438K(175104K)] 140218K->181120K(699392K), 0.0121368 secs] [Times: user=0.19 sys=0.00, real=0.01 secs] 
2016-09-15T12:01:26.752-0400: 91.121: [GC (Allocation Failure) [PSYoungGen: 174502K->55611K(175104K)] 275452K->211987K(699392K), 0.0100254 secs] [Times: user=0.15 sys=0.00, real=0.01 secs] 
2016-09-15T12:01:26.890-0400: 91.259: [GC (GCLocker Initiated GC) [PSYoungGen: 143675K->73704K(175104K)] 300051K->266674K(699392K), 0.0104224 secs] [Times: user=0.15 sys=0.00, real=0.01 secs] 
2016-09-15T12:01:27.033-0400: 91.402: [GC (Allocation Failure) [PSYoungGen: 161768K->67601K(175104K)] 354880K->279222K(699392K), 0.0220992 secs] [Times: user=0.19 sys=0.02, real=0.02 secs] 
2016-09-15T12:01:27.152-0400: 91.521: [GC (GCLocker Initiated GC) [PSYoungGen: 155665K->85822K(175104K)] 367286K->340619K(699392K), 0.0214107 secs] [Times: user=0.32 sys=0.00, real=0.02 secs] 
2016-09-15T12:01:27.283-0400: 91.652: [GC (GCLocker Initiated GC) [PSYoungGen: 173886K->85790K(175104K)] 429050K->377727K(699392K), 0.0134766 secs] [Times: user=0.21 sys=0.00, real=0.02 secs] 
2016-09-15T12:01:27.421-0400: 91.790: [GC (GCLocker Initiated GC) [PSYoungGen: 173854K->85986K(175104K)] 465951K->426959K(699392K), 0.0112738 secs] [Times: user=0.18 sys=0.01, real=0.01 secs] 
2016-09-15T12:01:27.533-0400: 91.902: [GC (GCLocker Initiated GC) [PSYoungGen: 174050K->85922K(175104K)] 515266K->469806K(699392K), 0.0122347 secs] [Times: user=0.12 sys=0.00, real=0.01 secs] 
2016-09-15T12:01:27.668-0400: 92.037: [GC (GCLocker Initiated GC) [PSYoungGen: 173986K->67665K(175104K)] 558092K->500678K(699392K), 0.0136674 secs] [Times: user=0.18 sys=0.00, real=0.01 secs] 
2016-09-15T12:01:27.803-0400: 92.172: [GC (GCLocker Initiated GC) [PSYoungGen: 155729K->79847K(175104K)] 589019K->537549K(699392K), 0.0105197 secs] [Times: user=0.11 sys=0.00, real=0.01 secs] 
2016-09-15T12:01:27.814-0400: 92.182: [Full GC (Ergonomics) [PSYoungGen: 79847K->0K(175104K)] [ParOldGen: 457702K->51839K(524288K)] 537549K->51839K(699392K), [Metaspace: 44352K->44352K(1087488K)], 0.0545254 secs] [Times: user=0.37 sys=0.01, real=0.06 secs] 
2016-09-15T12:01:28.008-0400: 92.377: [GC (Allocation Failure) [PSYoungGen: 88064K->85694K(175104K)] 146328K->150033K(699392K), 0.0127300 secs] [Times: user=0.15 sys=0.00, real=0.01 secs] 
2016-09-15T12:01:28.121-0400: 92.490: [GC (GCLocker Initiated GC) [PSYoungGen: 173758K->79715K(175104K)] 238102K->211184K(699392K), 0.0126436 secs] [Times: user=0.16 sys=0.00, real=0.01 secs] 
2016-09-15T12:01:28.264-0400: 92.633: [GC (Allocation Failure) [PSYoungGen: 167779K->86118K(175104K)] 305365K->272455K(699392K), 0.0118215 secs] [Times: user=0.17 sys=0.00, real=0.02 secs] 
2016-09-15T12:01:28.393-0400: 92.762: [GC (GCLocker Initiated GC) [PSYoungGen: 174182K->73672K(175104K)] 360531K->302877K(699392K), 0.0105726 secs] [Times: user=0.15 sys=0.00, real=0.01 secs] 
2016-09-15T12:01:28.509-0400: 92.878: [GC (GCLocker Initiated GC) [PSYoungGen: 161736K->61558K(175104K)] 397373K->315711K(699392K), 0.0125427 secs] [Times: user=0.14 sys=0.00, real=0.01 secs] 
2016-09-15T12:01:28.657-0400: 93.026: [GC (GCLocker Initiated GC) [PSYoungGen: 149622K->37158K(175104K)] 422277K->328617K(699392K), 0.0116987 secs] [Times: user=0.10 sys=0.00, real=0.01 secs] 
2016-09-15T12:01:28.818-0400: 93.187: [GC (Allocation Failure) [PSYoungGen: 125222K->55027K(175104K)] 422988K->353061K(699392K), 0.0074220 secs] [Times: user=0.05 sys=0.01, real=0.00 secs] 
2016-09-15T12:01:28.932-0400: 93.301: [GC (GCLocker Initiated GC) [PSYoungGen: 140944K->73936K(175104K)] 445053K->378172K(699392K), 0.0117427 secs] [Times: user=0.14 sys=0.00, real=0.01 secs] 
2016-09-15T12:01:29.083-0400: 93.452: [GC (GCLocker Initiated GC) [PSYoungGen: 162000K->55123K(175104K)] 472599K->402635K(699392K), 0.0156557 secs] [Times: user=0.21 sys=0.00, real=0.02 secs] 
2016-09-15T12:01:29.223-0400: 93.592: [GC (GCLocker Initiated GC) [PSYoungGen: 143187K->85954K(175104K)] 491060K->440046K(699392K), 0.0115473 secs] [Times: user=0.16 sys=0.00, real=0.01 secs] 
2016-09-15T12:01:29.363-0400: 93.732: [GC (Allocation Failure) [PSYoungGen: 174018K->43009K(175104K)] 528465K->428263K(699392K), 0.0131736 secs] [Times: user=0.12 sys=0.00, real=0.02 secs] 
2016-09-15T12:01:29.485-0400: 93.854: [GC (GCLocker Initiated GC) [PSYoungGen: 125145K->55483K(175104K)] 516474K->465124K(699392K), 0.0165653 secs] [Times: user=0.14 sys=0.00, real=0.02 secs] 
2016-09-15T12:01:29.626-0400: 93.995: [GC (GCLocker Initiated GC) [PSYoungGen: 143547K->79555K(175104K)] 553253K->507769K(699392K), 0.0108729 secs] [Times: user=0.10 sys=0.00, real=0.02 secs] 
2016-09-15T12:01:29.774-0400: 94.143: [GC (GCLocker Initiated GC) [PSYoungGen: 167619K->37322K(175104K)] 608081K->550812K(699392K), 0.0179408 secs] [Times: user=0.19 sys=0.01, real=0.02 secs] 
2016-09-15T12:01:29.792-0400: 94.161: [Full GC (Ergonomics) [PSYoungGen: 37322K->0K(175104K)] [ParOldGen: 513490K->45780K(524288K)] 550812K->45780K(699392K), [Metaspace: 44352K->44352K(1087488K)], 0.0584109 secs] [Times: user=0.35 sys=0.00, real=0.06 secs] 
2016-09-15T12:01:29.995-0400: 94.364: [GC (GCLocker Initiated GC) [PSYoungGen: 88064K->49180K(175104K)] 134194K->95310K(699392K), 0.0220726 secs] [Times: user=0.26 sys=0.00, real=0.03 secs] 
2016-09-15T12:01:30.127-0400: 94.496: [GC (GCLocker Initiated GC) [PSYoungGen: 137244K->79683K(175104K)] 183523K->162836K(699392K), 0.0174908 secs] [Times: user=0.19 sys=0.01, real=0.02 secs] 
2016-09-15T12:01:30.243-0400: 94.612: [GC (Allocation Failure) [PSYoungGen: 167747K->79783K(175104K)] 251255K->212027K(699392K), 0.0102658 secs] [Times: user=0.11 sys=0.00, real=0.01 secs] 
2016-09-15T12:01:30.376-0400: 94.745: [GC (GCLocker Initiated GC) [PSYoungGen: 165382K->37258K(175104K)] 303701K->200308K(699392K), 0.0223165 secs] [Times: user=0.29 sys=0.00, real=0.02 secs] 
2016-09-15T12:01:30.500-0400: 94.869: [GC (GCLocker Initiated GC) [PSYoungGen: 125322K->55351K(175104K)] 288497K->218638K(699392K), 0.0097375 secs] [Times: user=0.08 sys=0.00, real=0.01 secs] 
2016-09-15T12:01:30.633-0400: 95.002: [GC (GCLocker Initiated GC) [PSYoungGen: 143415K->85858K(175104K)] 306917K->255719K(699392K), 0.0117355 secs] [Times: user=0.13 sys=0.00, real=0.01 secs] 
2016-09-15T12:01:30.773-0400: 95.142: [GC (GCLocker Initiated GC) [PSYoungGen: 173922K->24848K(175104K)] 350102K->262077K(699392K), 0.0175618 secs] [Times: user=0.19 sys=0.00, real=0.02 secs] 
2016-09-15T12:01:30.893-0400: 95.262: [GC (GCLocker Initiated GC) [PSYoungGen: 112912K->79523K(175104K)] 350403K->317250K(699392K), 0.0130436 secs] [Times: user=0.11 sys=0.01, real=0.01 secs] 
2016-09-15T12:01:31.076-0400: 95.445: [GC (Allocation Failure) [PSYoungGen: 167587K->55383K(175104K)] 411453K->341893K(699392K), 0.0105329 secs] [Times: user=0.08 sys=0.00, real=0.00 secs] 
2016-09-15T12:01:31.226-0400: 95.595: [GC (GCLocker Initiated GC) [PSYoungGen: 143447K->55255K(175104K)] 429958K->366365K(699392K), 0.0097279 secs] [Times: user=0.09 sys=0.00, real=0.01 secs] 
2016-09-15T12:01:31.366-0400: 95.735: [GC (GCLocker Initiated GC) [PSYoungGen: 143319K->55319K(175104K)] 454521K->384858K(699392K), 0.0267882 secs] [Times: user=0.28 sys=0.00, real=0.03 secs] 
2016-09-15T12:01:31.493-0400: 95.862: [GC (GCLocker Initiated GC) [PSYoungGen: 143383K->30923K(175104K)] 473181K->397259K(699392K), 0.0242208 secs] [Times: user=0.23 sys=0.01, real=0.03 secs] 
2016-09-15T12:01:31.644-0400: 96.013: [GC (GCLocker Initiated GC) [PSYoungGen: 118987K->55419K(175104K)] 491546K->458448K(699392K), 0.0121032 secs] [Times: user=0.13 sys=0.00, real=0.02 secs] 
2016-09-15T12:01:31.773-0400: 96.142: [GC (GCLocker Initiated GC) [PSYoungGen: 143483K->37162K(175104K)] 558710K->483032K(699392K), 0.0127043 secs] [Times: user=0.13 sys=0.00, real=0.01 secs] 
2016-09-15T12:01:31.898-0400: 96.267: [GC (Allocation Failure) [PSYoungGen: 125226K->49208K(175104K)] 577324K->562356K(699392K), 0.0113283 secs] [Times: user=0.16 sys=0.01, real=0.01 secs] 
2016-09-15T12:01:31.910-0400: 96.279: [Full GC (Ergonomics) [PSYoungGen: 49208K->0K(175104K)] [ParOldGen: 513148K->46062K(524288K)] 562356K->46062K(699392K), [Metaspace: 44356K->44356K(1087488K)], 0.0560986 secs] [Times: user=0.38 sys=0.01, real=0.05 secs] 
2016-09-15T12:01:32.073-0400: 96.442: [GC (GCLocker Initiated GC) [PSYoungGen: 88064K->86146K(175104K)] 134131K->138288K(699392K), 0.0092764 secs] [Times: user=0.10 sys=0.00, real=0.01 secs] 
2016-09-15T12:01:32.210-0400: 96.579: [GC (GCLocker Initiated GC) [PSYoungGen: 174210K->55419K(175104K)] 226400K->144599K(699392K), 0.0236619 secs] [Times: user=0.27 sys=0.00, real=0.02 secs] 
2016-09-15T12:01:32.375-0400: 96.744: [GC (GCLocker Initiated GC) [PSYoungGen: 143483K->18933K(175104K)] 251232K->200169K(699392K), 0.0100825 secs] [Times: user=0.10 sys=0.00, real=0.01 secs] 
2016-09-15T12:01:32.514-0400: 96.883: [GC (GCLocker Initiated GC) [PSYoungGen: 106997K->55483K(175104K)] 294551K->243149K(699392K), 0.0185876 secs] [Times: user=0.20 sys=0.00, real=0.02 secs] 
2016-09-15T12:01:32.668-0400: 97.037: [GC (GCLocker Initiated GC) [PSYoungGen: 143547K->61234K(175104K)] 337643K->255418K(699392K), 0.0302625 secs] [Times: user=0.34 sys=0.00, real=0.03 secs] 
2016-09-15T12:01:32.811-0400: 97.180: [GC (GCLocker Initiated GC) [PSYoungGen: 149298K->49404K(175104K)] 355764K->274386K(699392K), 0.0238088 secs] [Times: user=0.27 sys=0.00, real=0.02 secs] 
2016-09-15T12:01:32.935-0400: 97.304: [GC (GCLocker Initiated GC) [PSYoungGen: 137468K->79815K(175104K)] 362520K->305150K(699392K), 0.0091713 secs] [Times: user=0.08 sys=0.01, real=0.01 secs] 
2016-09-15T12:01:33.072-0400: 97.441: [GC (GCLocker Initiated GC) [PSYoungGen: 167879K->85690K(175104K)] 399331K->366034K(699392K), 0.0255925 secs] [Times: user=0.26 sys=0.00, real=0.03 secs] 
2016-09-15T12:01:33.211-0400: 97.580: [GC (GCLocker Initiated GC) [PSYoungGen: 173754K->55159K(175104K)] 454123K->347773K(699392K), 0.0077939 secs] [Times: user=0.05 sys=0.00, real=0.01 secs] 
2016-09-15T12:01:33.373-0400: 97.742: [GC (GCLocker Initiated GC) [PSYoungGen: 143223K->37030K(175104K)] 441958K->354258K(699392K), 0.0100029 secs] [Times: user=0.11 sys=0.00, real=0.01 secs] 
2016-09-15T12:01:33.494-0400: 97.863: [GC (GCLocker Initiated GC) [PSYoungGen: 125094K->55583K(175104K)] 448764K->397737K(699392K), 0.0111455 secs] [Times: user=0.10 sys=0.00, real=0.01 secs] 
2016-09-15T12:01:33.635-0400: 98.004: [GC (GCLocker Initiated GC) [PSYoungGen: 143647K->85434K(175104K)] 485837K->446117K(699392K), 0.0183227 secs] [Times: user=0.18 sys=0.01, real=0.02 secs] 
2016-09-15T12:01:33.772-0400: 98.141: [GC (GCLocker Initiated GC) [PSYoungGen: 173498K->37194K(175104K)] 540269K->446601K(699392K), 0.0231971 secs] [Times: user=0.28 sys=0.00, real=0.02 secs] 
2016-09-15T12:01:33.904-0400: 98.273: [GC (GCLocker Initiated GC) [PSYoungGen: 125258K->61426K(175104K)] 534858K->514031K(699392K), 0.0096891 secs] [Times: user=0.10 sys=0.00, real=0.01 secs] 
2016-09-15T12:01:33.914-0400: 98.283: [Full GC (Ergonomics) [PSYoungGen: 61426K->0K(175104K)] [ParOldGen: 452605K->52359K(524288K)] 514031K->52359K(699392K), [Metaspace: 44356K->44356K(1087488K)], 0.0645841 secs] [Times: user=0.46 sys=0.01, real=0.07 secs] 
2016-09-15T12:01:34.101-0400: 98.470: [GC (GCLocker Initiated GC) [PSYoungGen: 88064K->85982K(175104K)] 146573K->144491K(699392K), 0.0087533 secs] [Times: user=0.10 sys=0.01, real=0.01 secs] 
2016-09-15T12:01:34.243-0400: 98.612: [GC (Allocation Failure) [PSYoungGen: 174046K->61654K(175104K)] 232910K->163763K(699392K), 0.0233145 secs] [Times: user=0.25 sys=0.00, real=0.02 secs] 
2016-09-15T12:01:34.395-0400: 98.764: [GC (Allocation Failure) [PSYoungGen: 148358K->36966K(175104K)] 250467K->157559K(699392K), 0.0184077 secs] [Times: user=0.20 sys=0.01, real=0.02 secs] 
2016-09-15T12:01:34.520-0400: 98.889: [GC (GCLocker Initiated GC) [PSYoungGen: 125030K->73540K(175104K)] 245629K->212688K(699392K), 0.0112724 secs] [Times: user=0.16 sys=0.00, real=0.01 secs] 
2016-09-15T12:01:34.660-0400: 99.029: [GC (GCLocker Initiated GC) [PSYoungGen: 161604K->31022K(175104K)] 312944K->212849K(699392K), 0.0081996 secs] [Times: user=0.08 sys=0.00, real=0.01 secs] 
2016-09-15T12:01:34.806-0400: 99.175: [GC (GCLocker Initiated GC) [PSYoungGen: 119086K->61622K(175104K)] 307237K->310977K(699392K), 0.0114231 secs] [Times: user=0.14 sys=0.00, real=0.02 secs] 
2016-09-15T12:01:34.927-0400: 99.296: [GC (GCLocker Initiated GC) [PSYoungGen: 149686K->85822K(175104K)] 399156K->378133K(699392K), 0.0113535 secs] [Times: user=0.14 sys=0.01, real=0.02 secs] 
2016-09-15T12:01:35.058-0400: 99.427: [GC (Allocation Failure) [PSYoungGen: 173886K->67665K(175104K)] 466552K->421233K(699392K), 0.0120264 secs] [Times: user=0.16 sys=0.00, real=0.01 secs] 
2016-09-15T12:01:35.211-0400: 99.580: [GC (GCLocker Initiated GC) [PSYoungGen: 155729K->55351K(175104K)] 509302K->445830K(699392K), 0.0140288 secs] [Times: user=0.19 sys=0.01, real=0.01 secs] 
2016-09-15T12:01:35.351-0400: 99.720: [GC (Allocation Failure) [PSYoungGen: 143415K->37325K(175104K)] 546388K->440386K(699392K), 0.0061356 secs] [Times: user=0.05 sys=0.00, real=0.01 secs] 
2016-09-15T12:01:35.476-0400: 99.845: [GC (GCLocker Initiated GC) [PSYoungGen: 125389K->55319K(175104K)] 528456K->476910K(699392K), 0.0143968 secs] [Times: user=0.15 sys=0.00, real=0.01 secs] 
2016-09-15T12:01:35.610-0400: 99.979: [GC (GCLocker Initiated GC) [PSYoungGen: 143383K->85854K(175104K)] 565010K->531933K(699392K), 0.0099044 secs] [Times: user=0.14 sys=0.00, real=0.01 secs] 
2016-09-15T12:01:35.719-0400: 100.088: [GC (GCLocker Initiated GC) [PSYoungGen: 173918K->68056K(175104K)] 620156K->569294K(699392K), 0.0164257 secs] [Times: user=0.22 sys=0.00, real=0.02 secs] 
2016-09-15T12:01:35.736-0400: 100.105: [Full GC (Ergonomics) [PSYoungGen: 68056K->0K(175104K)] [ParOldGen: 501237K->46736K(524288K)] 569294K->46736K(699392K), [Metaspace: 44359K->44359K(1087488K)], 0.0558579 secs] [Times: user=0.45 sys=0.01, real=0.05 secs] 
2016-09-15T12:01:35.914-0400: 100.283: [GC (Allocation Failure) [PSYoungGen: 88064K->86242K(175104K)] 134921K->157399K(699392K), 0.0111175 secs] [Times: user=0.16 sys=0.00, real=0.01 secs] 
2016-09-15T12:01:35.926-0400: 100.295: [GC (GCLocker Initiated GC) [PSYoungGen: 86251K->32K(175104K)] 157409K->187426K(699392K), 0.0107856 secs] [Times: user=0.16 sys=0.01, real=0.02 secs] 
2016-09-15T12:01:36.053-0400: 100.422: [GC (GCLocker Initiated GC) [PSYoungGen: 88096K->86210K(175104K)] 275496K->279685K(699392K), 0.0108944 secs] [Times: user=0.15 sys=0.00, real=0.01 secs] 
2016-09-15T12:01:36.176-0400: 100.545: [GC (GCLocker Initiated GC) [PSYoungGen: 174274K->73968K(175104K)] 367959K->286441K(699392K), 0.0161976 secs] [Times: user=0.15 sys=0.00, real=0.02 secs] 
2016-09-15T12:01:36.293-0400: 100.662: [GC (GCLocker Initiated GC) [PSYoungGen: 162032K->85658K(175104K)] 374642K->322900K(699392K), 0.0107673 secs] [Times: user=0.17 sys=0.00, real=0.01 secs] 
2016-09-15T12:01:36.444-0400: 100.813: [GC (GCLocker Initiated GC) [PSYoungGen: 173722K->49376K(175104K)] 417093K->317158K(699392K), 0.0218011 secs] [Times: user=0.21 sys=0.00, real=0.02 secs] 
2016-09-15T12:01:36.602-0400: 100.971: [GC (GCLocker Initiated GC) [PSYoungGen: 137440K->37453K(175104K)] 417582K->378817K(699392K), 0.0103902 secs] [Times: user=0.16 sys=0.00, real=0.01 secs] 
2016-09-15T12:01:36.719-0400: 101.088: [GC (GCLocker Initiated GC) [PSYoungGen: 125517K->86118K(175104K)] 467158K->434148K(699392K), 0.0107005 secs] [Times: user=0.15 sys=0.00, real=0.01 secs] 
2016-09-15T12:01:36.861-0400: 101.230: [GC (Allocation Failure) [PSYoungGen: 174182K->55579K(175104K)] 522287K->440269K(699392K), 0.0254872 secs] [Times: user=0.38 sys=0.00, real=0.02 secs] 
2016-09-15T12:01:37.001-0400: 101.370: [GC (GCLocker Initiated GC) [PSYoungGen: 139093K->73608K(175104K)] 529859K->464641K(699392K), 0.0133361 secs] [Times: user=0.14 sys=0.00, real=0.01 secs] 
2016-09-15T12:01:37.113-0400: 101.482: [GC (GCLocker Initiated GC) [PSYoungGen: 161672K->85822K(175104K)] 552831K->550065K(699392K), 0.0135427 secs] [Times: user=0.20 sys=0.00, real=0.01 secs] 
2016-09-15T12:01:37.128-0400: 101.497: [Full GC (Ergonomics) [PSYoungGen: 85822K->0K(175104K)] [ParOldGen: 464243K->58541K(524288K)] 550065K->58541K(699392K), [Metaspace: 44359K->44359K(1087488K)], 0.0575013 secs] [Times: user=0.40 sys=0.01, real=0.05 secs] 
2016-09-15T12:01:37.303-0400: 101.672: [GC (GCLocker Initiated GC) [PSYoungGen: 88064K->68017K(175104K)] 158808K->138761K(699392K), 0.0072760 secs] [Times: user=0.08 sys=0.00, real=0.01 secs] 
2016-09-15T12:01:37.436-0400: 101.805: [GC (GCLocker Initiated GC) [PSYoungGen: 156081K->73708K(175104K)] 233060K->200006K(699392K), 0.0236759 secs] [Times: user=0.28 sys=0.00, real=0.03 secs] 
2016-09-15T12:01:37.596-0400: 101.965: [GC (Allocation Failure) [PSYoungGen: 161772K->43041K(175104K)] 288212K->187981K(699392K), 0.0098568 secs] [Times: user=0.11 sys=0.00, real=0.00 secs] 
2016-09-15T12:01:37.698-0400: 102.067: [GC (GCLocker Initiated GC) [PSYoungGen: 130400K->67405K(175104K)] 281416K->218508K(699392K), 0.0149128 secs] [Times: user=0.16 sys=0.01, real=0.01 secs] 
2016-09-15T12:01:37.844-0400: 102.213: [GC (GCLocker Initiated GC) [PSYoungGen: 155469K->67861K(175104K)] 312812K->225511K(699392K), 0.0098305 secs] [Times: user=0.14 sys=0.00, real=0.01 secs] 
2016-09-15T12:01:37.977-0400: 102.346: [GC (Allocation Failure) [PSYoungGen: 155925K->55743K(175104K)] 319995K->250503K(699392K), 0.0125632 secs] [Times: user=0.15 sys=0.00, real=0.01 secs] 
2016-09-15T12:01:38.100-0400: 102.469: [GC (GCLocker Initiated GC) [PSYoungGen: 143807K->55191K(175104K)] 338573K->268441K(699392K), 0.0080361 secs] [Times: user=0.06 sys=0.00, real=0.01 secs] 
2016-09-15T12:01:38.246-0400: 102.615: [GC (GCLocker Initiated GC) [PSYoungGen: 143255K->55547K(175104K)] 362913K->293722K(699392K), 0.0080262 secs] [Times: user=0.09 sys=0.01, real=0.01 secs] 
2016-09-15T12:01:38.404-0400: 102.773: [GC (GCLocker Initiated GC) [PSYoungGen: 143611K->55383K(175104K)] 394039K->324468K(699392K), 0.0131484 secs] [Times: user=0.15 sys=0.00, real=0.02 secs] 
2016-09-15T12:01:38.531-0400: 102.900: [GC (GCLocker Initiated GC) [PSYoungGen: 143447K->73640K(175104K)] 412580K->379546K(699392K), 0.0200400 secs] [Times: user=0.28 sys=0.01, real=0.02 secs] 
2016-09-15T12:01:38.674-0400: 103.043: [GC (GCLocker Initiated GC) [PSYoungGen: 161704K->73936K(175104K)] 467638K->416627K(699392K), 0.0149496 secs] [Times: user=0.20 sys=0.00, real=0.02 secs] 
2016-09-15T12:01:38.813-0400: 103.182: [GC (GCLocker Initiated GC) [PSYoungGen: 162000K->55383K(175104K)] 517174K->447447K(699392K), 0.0101040 secs] [Times: user=0.11 sys=0.00, real=0.01 secs] 
2016-09-15T12:01:38.950-0400: 103.319: [GC (GCLocker Initiated GC) [PSYoungGen: 143447K->79715K(175104K)] 535630K->490259K(699392K), 0.0222851 secs] [Times: user=0.27 sys=0.00, real=0.02 secs] 
2016-09-15T12:01:39.091-0400: 103.460: [GC (GCLocker Initiated GC) [PSYoungGen: 167779K->55775K(175104K)] 584579K->515228K(699392K), 0.0148915 secs] [Times: user=0.16 sys=0.00, real=0.01 secs] 
2016-09-15T12:01:39.106-0400: 103.475: [Full GC (Ergonomics) [PSYoungGen: 55775K->0K(175104K)] [ParOldGen: 459453K->53016K(524288K)] 515228K->53016K(699392K), [Metaspace: 44366K->44366K(1087488K)], 0.0522703 secs] [Times: user=0.31 sys=0.01, real=0.06 secs] 
2016-09-15T12:01:39.282-0400: 103.651: [GC (Allocation Failure) [PSYoungGen: 88064K->85858K(175104K)] 141122K->151066K(699392K), 0.0270024 secs] [Times: user=0.35 sys=0.00, real=0.03 secs] 
2016-09-15T12:01:39.427-0400: 103.796: [GC (GCLocker Initiated GC) [PSYoungGen: 173922K->67565K(175104K)] 239136K->187754K(699392K), 0.0115519 secs] [Times: user=0.16 sys=0.00, real=0.02 secs] 
2016-09-15T12:01:39.556-0400: 103.925: [GC (GCLocker Initiated GC) [PSYoungGen: 155629K->67729K(175104K)] 281917K->194317K(699392K), 0.0277256 secs] [Times: user=0.40 sys=0.00, real=0.02 secs] 
2016-09-15T12:01:39.700-0400: 104.069: [GC (GCLocker Initiated GC) [PSYoungGen: 155793K->73640K(175104K)] 282422K->249177K(699392K), 0.0111875 secs] [Times: user=0.14 sys=0.00, real=0.01 secs] 
2016-09-15T12:01:39.847-0400: 104.216: [GC (GCLocker Initiated GC) [PSYoungGen: 161704K->61526K(175104K)] 343481K->298222K(699392K), 0.0190675 secs] [Times: user=0.17 sys=0.01, real=0.02 secs] 
2016-09-15T12:01:40.000-0400: 104.369: [GC (GCLocker Initiated GC) [PSYoungGen: 149590K->30891K(175104K)] 386295K->286064K(699392K), 0.0161763 secs] [Times: user=0.14 sys=0.01, real=0.02 secs] 
2016-09-15T12:01:40.126-0400: 104.495: [GC (GCLocker Initiated GC) [PSYoungGen: 118955K->73840K(175104K)] 380208K->335204K(699392K), 0.0172712 secs] [Times: user=0.18 sys=0.00, real=0.02 secs] 
2016-09-15T12:01:40.270-0400: 104.639: [GC (GCLocker Initiated GC) [PSYoungGen: 161904K->85598K(175104K)] 423456K->365642K(699392K), 0.0216522 secs] [Times: user=0.22 sys=0.00, real=0.02 secs] 
2016-09-15T12:01:40.436-0400: 104.805: [GC (Allocation Failure) [PSYoungGen: 173662K->55191K(175104K)] 453854K->371929K(699392K), 0.0261292 secs] [Times: user=0.26 sys=0.00, real=0.02 secs] 
2016-09-15T12:01:40.554-0400: 104.923: [GC (GCLocker Initiated GC) [PSYoungGen: 143255K->85726K(175104K)] 459998K->439203K(699392K), 0.0188738 secs] [Times: user=0.21 sys=0.00, real=0.02 secs] 
2016-09-15T12:01:40.690-0400: 105.059: [GC (GCLocker Initiated GC) [PSYoungGen: 173790K->79879K(175104K)] 527427K->482423K(699392K), 0.0103624 secs] [Times: user=0.11 sys=0.00, real=0.01 secs] 
2016-09-15T12:01:40.833-0400: 105.202: [GC (GCLocker Initiated GC) [PSYoungGen: 167943K->85890K(175104K)] 570686K->525202K(699392K), 0.0101445 secs] [Times: user=0.10 sys=0.00, real=0.01 secs] 
2016-09-15T12:01:40.972-0400: 105.340: [GC (GCLocker Initiated GC) [PSYoungGen: 173954K->55355K(175104K)] 613359K->513416K(699392K), 0.0187369 secs] [Times: user=0.19 sys=0.01, real=0.02 secs] 
2016-09-15T12:01:40.990-0400: 105.359: [Full GC (Ergonomics) [PSYoungGen: 55355K->0K(175104K)] [ParOldGen: 458061K->46742K(524288K)] 513416K->46742K(699392K), [Metaspace: 44366K->44366K(1087488K)], 0.0593458 secs] [Times: user=0.34 sys=0.00, real=0.06 secs] 
2016-09-15T12:01:41.165-0400: 105.534: [GC (GCLocker Initiated GC) [PSYoungGen: 88064K->55707K(175104K)] 141178K->108829K(699392K), 0.0210384 secs] [Times: user=0.24 sys=0.00, real=0.02 secs] 
2016-09-15T12:01:41.306-0400: 105.675: [GC (GCLocker Initiated GC) [PSYoungGen: 143771K->73804K(175104K)] 203307K->152464K(699392K), 0.0074555 secs] [Times: user=0.09 sys=0.01, real=0.01 secs] 
2016-09-15T12:01:41.451-0400: 105.820: [GC (GCLocker Initiated GC) [PSYoungGen: 161868K->55447K(175104K)] 246964K->177293K(699392K), 0.0095848 secs] [Times: user=0.11 sys=0.01, real=0.01 secs] 
2016-09-15T12:01:41.591-0400: 105.960: [GC (Allocation Failure) [PSYoungGen: 143511K->73772K(175104K)] 265695K->196092K(699392K), 0.0100062 secs] [Times: user=0.12 sys=0.00, real=0.01 secs] 
2016-09-15T12:01:41.715-0400: 106.084: [GC (GCLocker Initiated GC) [PSYoungGen: 160725K->49308K(175104K)] 289120K->214632K(699392K), 0.0097712 secs] [Times: user=0.10 sys=0.00, real=0.01 secs] 
2016-09-15T12:01:41.850-0400: 106.219: [GC (GCLocker Initiated GC) [PSYoungGen: 137372K->74100K(175104K)] 302829K->239677K(699392K), 0.0141733 secs] [Times: user=0.17 sys=0.00, real=0.01 secs] 
2016-09-15T12:01:42.002-0400: 106.371: [GC (Allocation Failure) [PSYoungGen: 162164K->49112K(175104K)] 339983K->245611K(699392K), 0.0204400 secs] [Times: user=0.27 sys=0.00, real=0.02 secs] 
2016-09-15T12:01:42.117-0400: 106.486: [GC (GCLocker Initiated GC) [PSYoungGen: 137176K->86182K(175104K)] 333681K->313213K(699392K), 0.0116188 secs] [Times: user=0.18 sys=0.01, real=0.01 secs] 
2016-09-15T12:01:42.255-0400: 106.624: [GC (Allocation Failure) [PSYoungGen: 174246K->61458K(175104K)] 401487K->325652K(699392K), 0.0106680 secs] [Times: user=0.12 sys=0.01, real=0.01 secs] 
2016-09-15T12:01:42.381-0400: 106.750: [GC (GCLocker Initiated GC) [PSYoungGen: 143743K->55647K(175104K)] 414013K->326192K(699392K), 0.0093862 secs] [Times: user=0.11 sys=0.00, real=0.01 secs] 
2016-09-15T12:01:42.506-0400: 106.875: [GC (GCLocker Initiated GC) [PSYoungGen: 143711K->55223K(175104K)] 414400K->344397K(699392K), 0.0107381 secs] [Times: user=0.07 sys=0.00, real=0.02 secs] 
2016-09-15T12:01:42.647-0400: 107.016: [GC (GCLocker Initiated GC) [PSYoungGen: 143287K->55255K(175104K)] 444882K->375178K(699392K), 0.0212977 secs] [Times: user=0.26 sys=0.00, real=0.03 secs] 
2016-09-15T12:01:42.832-0400: 107.201: [GC (GCLocker Initiated GC) [PSYoungGen: 143319K->55123K(175104K)] 469567K->381638K(699392K), 0.0072678 secs] [Times: user=0.06 sys=0.00, real=0.01 secs] 
2016-09-15T12:01:42.986-0400: 107.355: [GC (Allocation Failure) [PSYoungGen: 143187K->37126K(175104K)] 482050K->376117K(699392K), 0.0086093 secs] [Times: user=0.08 sys=0.00, real=0.01 secs] 
2016-09-15T12:01:43.104-0400: 107.473: [GC (GCLocker Initiated GC) [PSYoungGen: 125190K->55219K(175104K)] 464186K->412552K(699392K), 0.0169567 secs] [Times: user=0.20 sys=0.00, real=0.02 secs] 
2016-09-15T12:01:43.234-0400: 107.603: [GC (GCLocker Initiated GC) [PSYoungGen: 143283K->86609K(175104K)] 500803K->468605K(699392K), 0.0097818 secs] [Times: user=0.13 sys=0.00, real=0.01 secs] 
2016-09-15T12:01:43.370-0400: 107.739: [GC (GCLocker Initiated GC) [PSYoungGen: 174673K->55415K(175104K)] 556716K->474519K(699392K), 0.0124076 secs] [Times: user=0.17 sys=0.00, real=0.01 secs] 
2016-09-15T12:01:43.494-0400: 107.863: [GC (GCLocker Initiated GC) [PSYoungGen: 143479K->79847K(175104K)] 562664K->517376K(699392K), 0.0161053 secs] [Times: user=0.23 sys=0.00, real=0.02 secs] 
2016-09-15T12:01:43.621-0400: 107.990: [GC (GCLocker Initiated GC) [PSYoungGen: 167911K->73704K(175104K)] 611877K->578743K(699392K), 0.0095986 secs] [Times: user=0.14 sys=0.01, real=0.01 secs] 
2016-09-15T12:01:43.631-0400: 108.000: [Full GC (Ergonomics) [PSYoungGen: 73704K->0K(175104K)] [ParOldGen: 505039K->53009K(524288K)] 578743K->53009K(699392K), [Metaspace: 44377K->44377K(1087488K)], 0.0580151 secs] [Times: user=0.41 sys=0.00, real=0.06 secs] 
2016-09-15T12:01:43.798-0400: 108.167: [GC (Allocation Failure) [PSYoungGen: 88064K->86046K(175104K)] 141249K->163531K(699392K), 0.0096700 secs] [Times: user=0.12 sys=0.01, real=0.01 secs] 
2016-09-15T12:01:43.901-0400: 108.270: [GC (GCLocker Initiated GC) [PSYoungGen: 174110K->79847K(175104K)] 251601K->212592K(699392K), 0.0106771 secs] [Times: user=0.13 sys=0.00, real=0.01 secs] 
2016-09-15T12:01:44.059-0400: 108.428: [GC (GCLocker Initiated GC) [PSYoungGen: 167911K->55579K(175104K)] 307096K->213453K(699392K), 0.0079583 secs] [Times: user=0.10 sys=0.00, real=0.00 secs] 
2016-09-15T12:01:44.181-0400: 108.550: [GC (GCLocker Initiated GC) [PSYoungGen: 143643K->79683K(175104K)] 301648K->238151K(699392K), 0.0071200 secs] [Times: user=0.09 sys=0.01, real=0.01 secs] 
2016-09-15T12:01:44.321-0400: 108.690: [GC (GCLocker Initiated GC) [PSYoungGen: 167747K->37681K(175104K)] 344706K->257458K(699392K), 0.0104785 secs] [Times: user=0.13 sys=0.00, real=0.01 secs] 
2016-09-15T12:01:44.467-0400: 108.836: [GC (GCLocker Initiated GC) [PSYoungGen: 125745K->73576K(175104K)] 345597K->293694K(699392K), 0.0145014 secs] [Times: user=0.17 sys=0.00, real=0.02 secs] 
2016-09-15T12:01:44.602-0400: 108.971: [GC (GCLocker Initiated GC) [PSYoungGen: 161640K->73480K(175104K)] 387920K->330247K(699392K), 0.0110746 secs] [Times: user=0.10 sys=0.00, real=0.01 secs] 
2016-09-15T12:01:44.721-0400: 109.090: [GC (GCLocker Initiated GC) [PSYoungGen: 161544K->49180K(175104K)] 418504K->361130K(699392K), 0.0107178 secs] [Times: user=0.11 sys=0.00, real=0.01 secs] 
2016-09-15T12:01:44.855-0400: 109.224: [GC (GCLocker Initiated GC) [PSYoungGen: 137244K->79423K(175104K)] 455311K->415999K(699392K), 0.0205027 secs] [Times: user=0.24 sys=0.00, real=0.02 secs] 
2016-09-15T12:01:45.009-0400: 109.378: [GC (GCLocker Initiated GC) [PSYoungGen: 167487K->43141K(175104K)] 516294K->422418K(699392K), 0.0240437 secs] [Times: user=0.26 sys=0.00, real=0.02 secs] 
2016-09-15T12:01:45.144-0400: 109.512: [GC (GCLocker Initiated GC) [PSYoungGen: 131205K->67209K(175104K)] 510541K->477335K(699392K), 0.0170580 secs] [Times: user=0.15 sys=0.01, real=0.02 secs] 
2016-09-15T12:01:45.280-0400: 109.649: [GC (GCLocker Initiated GC) [PSYoungGen: 155273K->79623K(175104K)] 565436K->502039K(699392K), 0.0215613 secs] [Times: user=0.21 sys=0.00, real=0.02 secs] 
2016-09-15T12:01:45.448-0400: 109.817: [GC (GCLocker Initiated GC) [PSYoungGen: 167687K->55123K(175104K)] 602452K->526754K(699392K), 0.0270776 secs] [Times: user=0.26 sys=0.01, real=0.03 secs] 
2016-09-15T12:01:45.476-0400: 109.845: [Full GC (Ergonomics) [PSYoungGen: 55123K->0K(175104K)] [ParOldGen: 471631K->53227K(524288K)] 526754K->53227K(699392K), [Metaspace: 44382K->44382K(1087488K)], 0.0535710 secs] [Times: user=0.25 sys=0.00, real=0.05 secs] 
2016-09-15T12:01:45.637-0400: 110.006: [GC (GCLocker Initiated GC) [PSYoungGen: 88064K->86310K(175104K)] 141355K->157826K(699392K), 0.0091245 secs] [Times: user=0.08 sys=0.01, real=0.00 secs] 
2016-09-15T12:01:45.769-0400: 110.138: [GC (GCLocker Initiated GC) [PSYoungGen: 174374K->67309K(175104K)] 252110K->188249K(699392K), 0.0137456 secs] [Times: user=0.12 sys=0.00, real=0.01 secs] 
2016-09-15T12:01:45.893-0400: 110.262: [GC (GCLocker Initiated GC) [PSYoungGen: 155373K->55355K(175104K)] 276445K->213144K(699392K), 0.0097509 secs] [Times: user=0.07 sys=0.00, real=0.01 secs] 
2016-09-15T12:01:46.016-0400: 110.385: [GC (GCLocker Initiated GC) [PSYoungGen: 143419K->43073K(175104K)] 301401K->255982K(699392K), 0.0468298 secs] [Times: user=0.46 sys=0.00, real=0.04 secs] 
2016-09-15T12:01:46.186-0400: 110.555: [GC (GCLocker Initiated GC) [PSYoungGen: 131137K->79879K(175104K)] 344345K->329821K(699392K), 0.0354708 secs] [Times: user=0.45 sys=0.00, real=0.04 secs] 
2016-09-15T12:01:46.371-0400: 110.740: [GC (Allocation Failure) [PSYoungGen: 167943K->67565K(175104K)] 418212K->372817K(699392K), 0.0129727 secs] [Times: user=0.15 sys=0.00, real=0.01 secs] 
2016-09-15T12:01:46.384-0400: 110.753: [GC (GCLocker Initiated GC) [PSYoungGen: 67580K->32K(175104K)] 372832K->378562K(699392K), 0.0089754 secs] [Times: user=0.10 sys=0.00, real=0.01 secs] 
2016-09-15T12:01:46.511-0400: 110.880: [GC (GCLocker Initiated GC) [PSYoungGen: 88096K->85758K(175104K)] 466626K->488589K(699392K), 0.0102022 secs] [Times: user=0.12 sys=0.00, real=0.01 secs] 
2016-09-15T12:01:46.641-0400: 111.010: [GC (GCLocker Initiated GC) [PSYoungGen: 173822K->55515K(175104K)] 576853K->477070K(699392K), 0.0084440 secs] [Times: user=0.11 sys=0.00, real=0.01 secs] 
2016-09-15T12:01:46.736-0400: 111.105: [GC (GCLocker Initiated GC) [PSYoungGen: 143579K->85886K(175104K)] 565271K->538269K(699392K), 0.0148702 secs] [Times: user=0.21 sys=0.00, real=0.01 secs] 
2016-09-15T12:01:46.751-0400: 111.120: [Full GC (Ergonomics) [PSYoungGen: 85886K->0K(175104K)] [ParOldGen: 452383K->53333K(524288K)] 538269K->53333K(699392K), [Metaspace: 44385K->44385K(1087488K)], 0.0461653 secs] [Times: user=0.40 sys=0.00, real=0.05 secs] 
2016-09-15T12:01:46.914-0400: 111.283: [GC (Allocation Failure) [PSYoungGen: 88064K->55803K(175104K)] 159826K->127565K(699392K), 0.0060674 secs] [Times: user=0.07 sys=0.00, real=0.01 secs] 
2016-09-15T12:01:47.047-0400: 111.416: [GC (GCLocker Initiated GC) [PSYoungGen: 143866K->73672K(175104K)] 215633K->164588K(699392K), 0.0098475 secs] [Times: user=0.16 sys=0.00, real=0.02 secs] 
2016-09-15T12:01:47.177-0400: 111.546: [GC (GCLocker Initiated GC) [PSYoungGen: 161736K->85986K(175104K)] 252694K->201567K(699392K), 0.0107113 secs] [Times: user=0.17 sys=0.00, real=0.01 secs] 
2016-09-15T12:01:47.296-0400: 111.665: [GC (GCLocker Initiated GC) [PSYoungGen: 174050K->85690K(175104K)] 289679K->256341K(699392K), 0.0122121 secs] [Times: user=0.18 sys=0.00, real=0.01 secs] 
2016-09-15T12:01:47.445-0400: 111.814: [GC (GCLocker Initiated GC) [PSYoungGen: 173754K->55611K(175104K)] 356711K->305513K(699392K), 0.0103380 secs] [Times: user=0.16 sys=0.00, real=0.02 secs] 
2016-09-15T12:01:47.611-0400: 111.980: [GC (GCLocker Initiated GC) [PSYoungGen: 143675K->73576K(175104K)] 399693K->329878K(699392K), 0.0103919 secs] [Times: user=0.14 sys=0.00, real=0.01 secs] 
2016-09-15T12:01:47.712-0400: 112.081: [GC (Allocation Failure) [PSYoungGen: 161640K->85854K(175104K)] 418291K->391397K(699392K), 0.0114850 secs] [Times: user=0.16 sys=0.00, real=0.01 secs] 
2016-09-15T12:01:47.852-0400: 112.221: [GC (GCLocker Initiated GC) [PSYoungGen: 173918K->67337K(175104K)] 479462K->409646K(699392K), 0.0113152 secs] [Times: user=0.14 sys=0.00, real=0.01 secs] 
2016-09-15T12:01:47.993-0400: 112.362: [GC (GCLocker Initiated GC) [PSYoungGen: 155401K->55547K(175104K)] 503888K->404178K(699392K), 0.0064320 secs] [Times: user=0.09 sys=0.00, real=0.01 secs] 
2016-09-15T12:01:48.115-0400: 112.484: [GC (GCLocker Initiated GC) [PSYoungGen: 143611K->85758K(175104K)] 498365K->471194K(699392K), 0.0104541 secs] [Times: user=0.18 sys=0.00, real=0.01 secs] 
2016-09-15T12:01:48.242-0400: 112.611: [GC (GCLocker Initiated GC) [PSYoungGen: 173822K->79683K(175104K)] 559512K->526431K(699392K), 0.0114885 secs] [Times: user=0.19 sys=0.00, real=0.01 secs] 
2016-09-15T12:01:48.254-0400: 112.623: [Full GC (Ergonomics) [PSYoungGen: 79683K->0K(175104K)] [ParOldGen: 446748K->53436K(524288K)] 526431K->53436K(699392K), [Metaspace: 44385K->44385K(1087488K)], 0.0461027 secs] [Times: user=0.41 sys=0.00, real=0.05 secs] 
2016-09-15T12:01:48.412-0400: 112.781: [GC (GCLocker Initiated GC) [PSYoungGen: 88064K->86078K(175104K)] 141659K->163973K(699392K), 0.0105705 secs] [Times: user=0.17 sys=0.00, real=0.01 secs] 
2016-09-15T12:01:48.539-0400: 112.908: [GC (GCLocker Initiated GC) [PSYoungGen: 174142K->79683K(175104K)] 258154K->218949K(699392K), 0.0123571 secs] [Times: user=0.19 sys=0.00, real=0.01 secs] 
2016-09-15T12:01:48.674-0400: 113.043: [GC (GCLocker Initiated GC) [PSYoungGen: 167747K->55447K(175104K)] 307151K->255924K(699392K), 0.0106195 secs] [Times: user=0.16 sys=0.00, real=0.01 secs] 
2016-09-15T12:01:48.809-0400: 113.178: [GC (Allocation Failure) [PSYoungGen: 143511K->73936K(175104K)] 344343K->275060K(699392K), 0.0070490 secs] [Times: user=0.11 sys=0.00, real=0.01 secs] 
2016-09-15T12:01:48.930-0400: 113.299: [GC (GCLocker Initiated GC) [PSYoungGen: 162000K->85822K(175104K)] 363130K->311543K(699392K), 0.0103259 secs] [Times: user=0.15 sys=0.00, real=0.01 secs] 
2016-09-15T12:01:49.091-0400: 113.460: [GC (GCLocker Initiated GC) [PSYoungGen: 173886K->61522K(175104K)] 405718K->348336K(699392K), 0.0119124 secs] [Times: user=0.15 sys=0.00, real=0.01 secs] 
2016-09-15T12:01:49.241-0400: 113.610: [GC (Allocation Failure) [PSYoungGen: 149586K->55415K(175104K)] 436404K->372907K(699392K), 0.0089203 secs] [Times: user=0.14 sys=0.00, real=0.01 secs] 
2016-09-15T12:01:49.336-0400: 113.705: [GC (GCLocker Initiated GC) [PSYoungGen: 143479K->85822K(175104K)] 460977K->409539K(699392K), 0.0114011 secs] [Times: user=0.18 sys=0.00, real=0.00 secs] 
2016-09-15T12:01:49.477-0400: 113.846: [GC (GCLocker Initiated GC) [PSYoungGen: 173886K->85822K(175104K)] 497829K->452622K(699392K), 0.0124054 secs] [Times: user=0.20 sys=0.00, real=0.01 secs] 
2016-09-15T12:01:49.628-0400: 113.997: [GC (GCLocker Initiated GC) [PSYoungGen: 173886K->73672K(175104K)] 546987K->483539K(699392K), 0.0116395 secs] [Times: user=0.19 sys=0.00, real=0.01 secs] 
2016-09-15T12:01:49.767-0400: 114.136: [GC (GCLocker Initiated GC) [PSYoungGen: 161736K->55547K(175104K)] 571964K->484127K(699392K), 0.0091306 secs] [Times: user=0.11 sys=0.01, real=0.02 secs] 
2016-09-15T12:01:49.923-0400: 114.292: [GC (GCLocker Initiated GC) [PSYoungGen: 143611K->36802K(175104K)] 584651K->496311K(699392K), 0.0117815 secs] [Times: user=0.08 sys=0.00, real=0.01 secs] 
2016-09-15T12:01:49.935-0400: 114.304: [Full GC (Ergonomics) [PSYoungGen: 36802K->0K(175104K)] [ParOldGen: 459509K->47591K(524288K)] 496311K->47591K(699392K), [Metaspace: 44387K->44387K(1087488K)], 0.0450641 secs] [Times: user=0.39 sys=0.01, real=0.05 secs] 
2016-09-15T12:01:50.087-0400: 114.456: [GC (GCLocker Initiated GC) [PSYoungGen: 88064K->86142K(175104K)] 135770K->176373K(699392K), 0.0108269 secs] [Times: user=0.16 sys=0.00, real=0.02 secs] 
2016-09-15T12:01:50.236-0400: 114.605: [GC (GCLocker Initiated GC) [PSYoungGen: 174206K->74196K(175104K)] 270627K->225879K(699392K), 0.0106191 secs] [Times: user=0.16 sys=0.00, real=0.00 secs] 
2016-09-15T12:01:50.355-0400: 114.724: [GC (GCLocker Initiated GC) [PSYoungGen: 162260K->74032K(175104K)] 313990K->244318K(699392K), 0.0097357 secs] [Times: user=0.15 sys=0.00, real=0.01 secs] 
2016-09-15T12:01:50.500-0400: 114.869: [GC (GCLocker Initiated GC) [PSYoungGen: 162096K->73640K(175104K)] 332537K->262441K(699392K), 0.0137211 secs] [Times: user=0.19 sys=0.00, real=0.01 secs] 
2016-09-15T12:01:50.610-0400: 114.979: [GC (GCLocker Initiated GC) [PSYoungGen: 161704K->86246K(175104K)] 350581K->317956K(699392K), 0.0111675 secs] [Times: user=0.14 sys=0.00, real=0.01 secs] 
2016-09-15T12:01:50.749-0400: 115.118: [GC (GCLocker Initiated GC) [PSYoungGen: 174310K->49568K(175104K)] 412321K->366722K(699392K), 0.0150725 secs] [Times: user=0.19 sys=0.01, real=0.01 secs] 
2016-09-15T12:01:50.868-0400: 115.237: [GC (Allocation Failure) [PSYoungGen: 137632K->55479K(175104K)] 461093K->427864K(699392K), 0.0110429 secs] [Times: user=0.16 sys=0.00, real=0.01 secs] 
2016-09-15T12:01:51.002-0400: 115.371: [GC (GCLocker Initiated GC) [PSYoungGen: 137517K->73872K(175104K)] 515977K->452631K(699392K), 0.0079955 secs] [Times: user=0.12 sys=0.00, real=0.01 secs] 
2016-09-15T12:01:51.140-0400: 115.509: [GC (GCLocker Initiated GC) [PSYoungGen: 161936K->85822K(175104K)] 547053K->489627K(699392K), 0.0106793 secs] [Times: user=0.16 sys=0.00, real=0.01 secs] 
2016-09-15T12:01:51.267-0400: 115.636: [GC (GCLocker Initiated GC) [PSYoungGen: 173886K->85854K(175104K)] 577823K->550872K(699392K), 0.0108141 secs] [Times: user=0.16 sys=0.01, real=0.02 secs] 
2016-09-15T12:01:51.278-0400: 115.647: [Full GC (Ergonomics) [PSYoungGen: 85854K->0K(175104K)] [ParOldGen: 465018K->53889K(524288K)] 550872K->53889K(699392K), [Metaspace: 44387K->44387K(1087488K)], 0.0446091 secs] [Times: user=0.39 sys=0.00, real=0.04 secs] 
2016-09-15T12:01:51.453-0400: 115.822: [GC (GCLocker Initiated GC) [PSYoungGen: 88064K->86046K(175104K)] 142112K->164395K(699392K), 0.0104182 secs] [Times: user=0.14 sys=0.00, real=0.01 secs] 
2016-09-15T12:01:51.566-0400: 115.935: [GC (GCLocker Initiated GC) [PSYoungGen: 174110K->85790K(175104K)] 252501K->237841K(699392K), 0.0153088 secs] [Times: user=0.24 sys=0.00, real=0.02 secs] 
2016-09-15T12:01:51.704-0400: 116.073: [GC (GCLocker Initiated GC) [PSYoungGen: 173854K->43265K(175104K)] 338225K->280844K(699392K), 0.0116288 secs] [Times: user=0.16 sys=0.00, real=0.02 secs] 
2016-09-15T12:01:51.852-0400: 116.221: [GC (GCLocker Initiated GC) [PSYoungGen: 131329K->85758K(175104K)] 375047K->335834K(699392K), 0.0104952 secs] [Times: user=0.12 sys=0.00, real=0.01 secs] 
2016-09-15T12:01:51.977-0400: 116.346: [GC (GCLocker Initiated GC) [PSYoungGen: 173822K->61426K(175104K)] 423946K->366517K(699392K), 0.0105150 secs] [Times: user=0.14 sys=0.01, real=0.00 secs] 
2016-09-15T12:01:52.078-0400: 116.447: [GC (Allocation Failure) [PSYoungGen: 149490K->85658K(175104K)] 454634K->464042K(699392K), 0.0131608 secs] [Times: user=0.22 sys=0.00, real=0.01 secs] 
2016-09-15T12:01:52.091-0400: 116.460: [GC (GCLocker Initiated GC) [PSYoungGen: 86581K->96K(175104K)] 464965K->488036K(699392K), 0.0097969 secs] [Times: user=0.15 sys=0.00, real=0.01 secs] 
2016-09-15T12:01:52.101-0400: 116.470: [Full GC (Ergonomics) [PSYoungGen: 96K->0K(175104K)] [ParOldGen: 487940K->52198K(524288K)] 488036K->52198K(699392K), [Metaspace: 44387K->44387K(1087488K)], 0.0497952 secs] [Times: user=0.44 sys=0.00, real=0.05 secs] 
2016-09-15T12:01:52.270-0400: 116.639: [GC (GCLocker Initiated GC) [PSYoungGen: 88064K->86726K(175104K)] 140268K->163231K(699392K), 0.0106842 secs] [Times: user=0.16 sys=0.00, real=0.01 secs] 
2016-09-15T12:01:52.391-0400: 116.760: [GC (Allocation Failure) [PSYoungGen: 174790K->67697K(175104K)] 251347K->182039K(699392K), 0.0107532 secs] [Times: user=0.18 sys=0.00, real=0.01 secs] 
2016-09-15T12:01:52.495-0400: 116.864: [GC (GCLocker Initiated GC) [PSYoungGen: 154640K->73640K(175104K)] 275058K->224912K(699392K), 0.0116152 secs] [Times: user=0.18 sys=0.00, real=0.01 secs] 
2016-09-15T12:01:52.655-0400: 117.024: [GC (GCLocker Initiated GC) [PSYoungGen: 161704K->55251K(175104K)] 319413K->231468K(699392K), 0.0097493 secs] [Times: user=0.15 sys=0.00, real=0.01 secs] 
2016-09-15T12:01:52.811-0400: 117.180: [GC (GCLocker Initiated GC) [PSYoungGen: 143315K->55547K(175104K)] 325902K->238269K(699392K), 0.0115278 secs] [Times: user=0.11 sys=0.00, real=0.01 secs] 
2016-09-15T12:01:52.910-0400: 117.279: [GC (GCLocker Initiated GC) [PSYoungGen: 143611K->85726K(175104K)] 332506K->280988K(699392K), 0.0091550 secs] [Times: user=0.10 sys=0.01, real=0.01 secs] 
2016-09-15T12:01:53.049-0400: 117.418: [GC (GCLocker Initiated GC) [PSYoungGen: 173790K->30987K(175104K)] 375297K->299431K(699392K), 0.0204585 secs] [Times: user=0.24 sys=0.01, real=0.02 secs] 
2016-09-15T12:01:53.211-0400: 117.580: [GC (GCLocker Initiated GC) [PSYoungGen: 119051K->79519K(175104K)] 393613K->372598K(699392K), 0.0176432 secs] [Times: user=0.17 sys=0.01, real=0.02 secs] 
2016-09-15T12:01:53.321-0400: 117.690: [GC (GCLocker Initiated GC) [PSYoungGen: 167583K->79651K(175104K)] 460759K->403322K(699392K), 0.0151191 secs] [Times: user=0.15 sys=0.00, real=0.02 secs] 
2016-09-15T12:01:53.456-0400: 117.825: [GC (GCLocker Initiated GC) [PSYoungGen: 167715K->61266K(175104K)] 491719K->415896K(699392K), 0.0135769 secs] [Times: user=0.11 sys=0.00, real=0.02 secs] 
2016-09-15T12:01:53.625-0400: 117.994: [GC (GCLocker Initiated GC) [PSYoungGen: 149330K->73640K(175104K)] 510369K->465189K(699392K), 0.0093397 secs] [Times: user=0.11 sys=0.01, real=0.01 secs] 
2016-09-15T12:01:53.755-0400: 118.124: [GC (GCLocker Initiated GC) [PSYoungGen: 161704K->55451K(175104K)] 565445K->459303K(699392K), 0.0215176 secs] [Times: user=0.22 sys=0.00, real=0.03 secs] 
2016-09-15T12:01:53.878-0400: 118.247: [GC (GCLocker Initiated GC) [PSYoungGen: 143515K->49244K(175104K)] 553625K->496087K(699392K), 0.0104136 secs] [Times: user=0.10 sys=0.00, real=0.01 secs] 
2016-09-15T12:01:53.889-0400: 118.258: [Full GC (Ergonomics) [PSYoungGen: 49244K->0K(175104K)] [ParOldGen: 446843K->58563K(524288K)] 496087K->58563K(699392K), [Metaspace: 44391K->44391K(1087488K)], 0.0598813 secs] [Times: user=0.42 sys=0.01, real=0.06 secs] 
2016-09-15T12:01:54.044-0400: 118.413: [GC (GCLocker Initiated GC) [PSYoungGen: 88064K->86438K(175104K)] 146675K->193649K(699392K), 0.0125902 secs] [Times: user=0.18 sys=0.00, real=0.02 secs] 
2016-09-15T12:01:54.205-0400: 118.574: [GC (GCLocker Initiated GC) [PSYoungGen: 174502K->55187K(175104K)] 287926K->205944K(699392K), 0.0136171 secs] [Times: user=0.15 sys=0.00, real=0.02 secs] 
2016-09-15T12:01:54.328-0400: 118.697: [GC (GCLocker Initiated GC) [PSYoungGen: 143251K->67309K(175104K)] 294050K->218220K(699392K), 0.0090015 secs] [Times: user=0.06 sys=0.00, real=0.01 secs] 
2016-09-15T12:01:54.460-0400: 118.829: [GC (GCLocker Initiated GC) [PSYoungGen: 155373K->61362K(175104K)] 312400K->273340K(699392K), 0.0131328 secs] [Times: user=0.13 sys=0.00, real=0.01 secs] 
2016-09-15T12:01:54.613-0400: 118.982: [GC (GCLocker Initiated GC) [PSYoungGen: 149426K->61230K(175104K)] 373736K->310115K(699392K), 0.0255590 secs] [Times: user=0.31 sys=0.00, real=0.03 secs] 
2016-09-15T12:01:54.743-0400: 119.112: [GC (GCLocker Initiated GC) [PSYoungGen: 149294K->61654K(175104K)] 404369K->353307K(699392K), 0.0104226 secs] [Times: user=0.10 sys=0.00, real=0.01 secs] 
2016-09-15T12:01:54.857-0400: 119.226: [GC (GCLocker Initiated GC) [PSYoungGen: 149718K->85890K(175104K)] 441497K->396201K(699392K), 0.0153293 secs] [Times: user=0.18 sys=0.00, real=0.01 secs] 
2016-09-15T12:01:55.017-0400: 119.386: [GC (Allocation Failure) [PSYoungGen: 173954K->79487K(175104K)] 484542K->451281K(699392K), 0.0286875 secs] [Times: user=0.31 sys=0.01, real=0.02 secs] 
2016-09-15T12:01:55.157-0400: 119.526: [GC (Allocation Failure) [PSYoungGen: 167551K->55515K(175104K)] 539345K->463878K(699392K), 0.0167129 secs] [Times: user=0.17 sys=0.00, real=0.01 secs] 
2016-09-15T12:01:55.286-0400: 119.655: [GC (GCLocker Initiated GC) [PSYoungGen: 140573K->55287K(175104K)] 555011K->488242K(699392K), 0.0083256 secs] [Times: user=0.09 sys=0.01, real=0.01 secs] 
2016-09-15T12:01:55.427-0400: 119.796: [GC (GCLocker Initiated GC) [PSYoungGen: 143351K->67369K(175104K)] 576376K->500497K(699392K), 0.0255944 secs] [Times: user=0.28 sys=0.00, real=0.03 secs] 
2016-09-15T12:01:55.574-0400: 119.943: [GC (Allocation Failure) [PSYoungGen: 155433K->61462K(175104K)] 588771K->519227K(699392K), 0.0098885 secs] [Times: user=0.09 sys=0.00, real=0.01 secs] 
2016-09-15T12:01:55.584-0400: 119.953: [Full GC (Ergonomics) [PSYoungGen: 61462K->0K(175104K)] [ParOldGen: 457765K->46925K(524288K)] 519227K->46925K(699392K), [Metaspace: 44392K->44392K(1087488K)], 0.0541503 secs] [Times: user=0.26 sys=0.02, real=0.06 secs] 
2016-09-15T12:01:55.753-0400: 120.122: [GC (GCLocker Initiated GC) [PSYoungGen: 84157K->73996K(175104K)] 137157K->126996K(699392K), 0.0095558 secs] [Times: user=0.11 sys=0.01, real=0.01 secs] 
2016-09-15T12:01:55.875-0400: 120.244: [GC (GCLocker Initiated GC) [PSYoungGen: 162060K->73740K(175104K)] 215092K->145709K(699392K), 0.0095854 secs] [Times: user=0.11 sys=0.00, real=0.01 secs] 
2016-09-15T12:01:56.022-0400: 120.391: [GC (GCLocker Initiated GC) [PSYoungGen: 161804K->61330K(175104K)] 233960K->152142K(699392K), 0.0159188 secs] [Times: user=0.18 sys=0.00, real=0.02 secs] 
2016-09-15T12:01:56.190-0400: 120.559: [GC (GCLocker Initiated GC) [PSYoungGen: 149394K->36994K(175104K)] 246412K->134147K(699392K), 0.0066911 secs] [Times: user=0.09 sys=0.00, real=0.01 secs] 
2016-09-15T12:01:56.308-0400: 120.677: [GC (GCLocker Initiated GC) [PSYoungGen: 125058K->55515K(175104K)] 228642K->177443K(699392K), 0.0154224 secs] [Times: user=0.17 sys=0.00, real=0.01 secs] 
2016-09-15T12:01:56.461-0400: 120.830: [GC (Allocation Failure) [PSYoungGen: 143579K->73804K(175104K)] 265823K->214721K(699392K), 0.0101746 secs] [Times: user=0.11 sys=0.00, real=0.01 secs] 
2016-09-15T12:01:56.602-0400: 120.971: [GC (GCLocker Initiated GC) [PSYoungGen: 157421K->55287K(175104K)] 304413K->239012K(699392K), 0.0106550 secs] [Times: user=0.10 sys=0.02, real=0.01 secs] 
2016-09-15T12:01:56.705-0400: 121.074: [GC (GCLocker Initiated GC) [PSYoungGen: 143351K->73804K(175104K)] 339403K->269984K(699392K), 0.0065450 secs] [Times: user=0.07 sys=0.00, real=0.01 secs] 
2016-09-15T12:01:56.841-0400: 121.210: [GC (GCLocker Initiated GC) [PSYoungGen: 161868K->79651K(175104K)] 364176K->282226K(699392K), 0.0207459 secs] [Times: user=0.23 sys=0.00, real=0.02 secs] 
2016-09-15T12:01:56.981-0400: 121.350: [GC (GCLocker Initiated GC) [PSYoungGen: 167715K->37098K(175104K)] 370595K->276680K(699392K), 0.0093425 secs] [Times: user=0.07 sys=0.00, real=0.01 secs] 
2016-09-15T12:01:57.116-0400: 121.485: [GC (GCLocker Initiated GC) [PSYoungGen: 125162K->49244K(175104K)] 371062K->313620K(699392K), 0.0182445 secs] [Times: user=0.16 sys=0.00, real=0.01 secs] 
2016-09-15T12:01:57.275-0400: 121.644: [GC (GCLocker Initiated GC) [PSYoungGen: 137308K->37485K(175104K)] 413866K->332381K(699392K), 0.0236207 secs] [Times: user=0.25 sys=0.00, real=0.03 secs] 
2016-09-15T12:01:57.410-0400: 121.779: [GC (GCLocker Initiated GC) [PSYoungGen: 125549K->73672K(175104K)] 426679K->375116K(699392K), 0.0073453 secs] [Times: user=0.10 sys=0.00, real=0.01 secs] 
2016-09-15T12:01:57.533-0400: 121.902: [GC (GCLocker Initiated GC) [PSYoungGen: 161736K->85986K(175104K)] 463284K->405934K(699392K), 0.0120786 secs] [Times: user=0.14 sys=0.00, real=0.01 secs] 
2016-09-15T12:01:57.669-0400: 122.038: [GC (GCLocker Initiated GC) [PSYoungGen: 174050K->37066K(175104K)] 494123K->406007K(699392K), 0.0342171 secs] [Times: user=0.36 sys=0.00, real=0.03 secs] 
2016-09-15T12:01:57.812-0400: 122.181: [GC (GCLocker Initiated GC) [PSYoungGen: 125130K->85562K(175104K)] 494247K->461178K(699392K), 0.0224530 secs] [Times: user=0.28 sys=0.00, real=0.02 secs] 
2016-09-15T12:01:57.938-0400: 122.307: [GC (GCLocker Initiated GC) [PSYoungGen: 173626K->85822K(175104K)] 549395K->504276K(699392K), 0.0133005 secs] [Times: user=0.20 sys=0.00, real=0.01 secs] 
2016-09-15T12:01:58.071-0400: 122.440: [GC (GCLocker Initiated GC) [PSYoungGen: 173886K->85822K(175104K)] 592365K->577500K(699392K), 0.0133969 secs] [Times: user=0.22 sys=0.00, real=0.01 secs] 
2016-09-15T12:01:58.084-0400: 122.453: [Full GC (Ergonomics) [PSYoungGen: 85822K->0K(175104K)] [ParOldGen: 491678K->46657K(524288K)] 577500K->46657K(699392K), [Metaspace: 44392K->44392K(1087488K)], 0.0573345 secs] [Times: user=0.42 sys=0.01, real=0.06 secs] 
2016-09-15T12:01:58.237-0400: 122.606: [GC (GCLocker Initiated GC) [PSYoungGen: 88064K->86146K(175104K)] 135071K->145303K(699392K), 0.0110101 secs] [Times: user=0.09 sys=0.01, real=0.01 secs] 
2016-09-15T12:01:58.393-0400: 122.762: [GC (Allocation Failure) [PSYoungGen: 174210K->43105K(175104K)] 233448K->163812K(699392K), 0.0325646 secs] [Times: user=0.36 sys=0.00, real=0.03 secs] 
2016-09-15T12:01:58.532-0400: 122.901: [GC (GCLocker Initiated GC) [PSYoungGen: 125964K->55483K(175104K)] 252746K->206865K(699392K), 0.0100509 secs] [Times: user=0.15 sys=0.00, real=0.01 secs] 
2016-09-15T12:01:58.671-0400: 123.040: [GC (GCLocker Initiated GC) [PSYoungGen: 143547K->49116K(175104K)] 301270K->225487K(699392K), 0.0140500 secs] [Times: user=0.15 sys=0.00, real=0.01 secs] 
2016-09-15T12:01:58.817-0400: 123.186: [GC (GCLocker Initiated GC) [PSYoungGen: 137180K->85822K(175104K)] 319735K->317129K(699392K), 0.0114965 secs] [Times: user=0.14 sys=0.00, real=0.01 secs] 
2016-09-15T12:01:58.930-0400: 123.299: [GC (GCLocker Initiated GC) [PSYoungGen: 173886K->85822K(175104K)] 405302K->372244K(699392K), 0.0151323 secs] [Times: user=0.21 sys=0.01, real=0.01 secs] 
2016-09-15T12:01:59.075-0400: 123.444: [GC (GCLocker Initiated GC) [PSYoungGen: 173886K->85790K(175104K)] 460361K->433315K(699392K), 0.0118426 secs] [Times: user=0.18 sys=0.00, real=0.01 secs] 
2016-09-15T12:01:59.212-0400: 123.581: [GC (GCLocker Initiated GC) [PSYoungGen: 173854K->73836K(175104K)] 527557K->464304K(699392K), 0.0123198 secs] [Times: user=0.19 sys=0.01, real=0.01 secs] 
2016-09-15T12:01:59.368-0400: 123.737: [GC (Allocation Failure) [PSYoungGen: 161900K->55059K(175104K)] 552606K->464437K(699392K), 0.0074953 secs] [Times: user=0.07 sys=0.00, real=0.01 secs] 
2016-09-15T12:01:59.497-0400: 123.866: [GC (GCLocker Initiated GC) [PSYoungGen: 143123K->55191K(175104K)] 552502K->464657K(699392K), 0.0207116 secs] [Times: user=0.21 sys=0.00, real=0.02 secs] 
2016-09-15T12:01:59.610-0400: 123.979: [GC (Allocation Failure) [PSYoungGen: 143255K->79587K(175104K)] 552964K->489408K(699392K), 0.0109122 secs] [Times: user=0.12 sys=0.01, real=0.01 secs] 
2016-09-15T12:01:59.719-0400: 124.088: [GC (GCLocker Initiated GC) [PSYoungGen: 167651K->67373K(175104K)] 577478K->507826K(699392K), 0.0210860 secs] [Times: user=0.21 sys=0.00, real=0.02 secs] 
2016-09-15T12:01:59.889-0400: 124.258: [Full GC (Ergonomics) [PSYoungGen: 155437K->0K(175104K)] [ParOldGen: 452953K->52542K(524288K)] 608390K->52542K(699392K), [Metaspace: 44399K->44399K(1087488K)], 0.0576997 secs] [Times: user=0.32 sys=0.00, real=0.05 secs] 
2016-09-15T12:02:00.061-0400: 124.430: [GC (GCLocker Initiated GC) [PSYoungGen: 88064K->86118K(175104K)] 140833K->144962K(699392K), 0.0326645 secs] [Times: user=0.38 sys=0.00, real=0.03 secs] 
2016-09-15T12:02:00.220-0400: 124.589: [GC (GCLocker Initiated GC) [PSYoungGen: 174182K->79747K(175104K)] 233314K->175800K(699392K), 0.0105794 secs] [Times: user=0.11 sys=0.00, real=0.01 secs] 
2016-09-15T12:02:00.352-0400: 124.721: [GC (GCLocker Initiated GC) [PSYoungGen: 167811K->73608K(175104K)] 270042K->212417K(699392K), 0.0095854 secs] [Times: user=0.11 sys=0.00, real=0.01 secs] 
2016-09-15T12:02:00.482-0400: 124.851: [GC (GCLocker Initiated GC) [PSYoungGen: 161672K->67729K(175104K)] 300843K->249740K(699392K), 0.0119087 secs] [Times: user=0.13 sys=0.00, real=0.01 secs] 
2016-09-15T12:02:00.628-0400: 124.997: [GC (GCLocker Initiated GC) [PSYoungGen: 155793K->79583K(175104K)] 344033K->286520K(699392K), 0.0133861 secs] [Times: user=0.13 sys=0.00, real=0.01 secs] 
2016-09-15T12:02:00.774-0400: 125.143: [GC (GCLocker Initiated GC) [PSYoungGen: 167647K->61462K(175104K)] 380952K->305254K(699392K), 0.0236648 secs] [Times: user=0.24 sys=0.00, real=0.03 secs] 
2016-09-15T12:02:00.918-0400: 125.287: [GC (GCLocker Initiated GC) [PSYoungGen: 149526K->55415K(175104K)] 405734K->330156K(699392K), 0.0078620 secs] [Times: user=0.11 sys=0.00, real=0.00 secs] 
2016-09-15T12:02:01.052-0400: 125.421: [GC (GCLocker Initiated GC) [PSYoungGen: 143479K->67437K(175104K)] 418334K->342568K(699392K), 0.0090454 secs] [Times: user=0.07 sys=0.00, real=0.01 secs] 
2016-09-15T12:02:01.210-0400: 125.579: [GC (GCLocker Initiated GC) [PSYoungGen: 155501K->55383K(175104K)] 436794K->397718K(699392K), 0.0098935 secs] [Times: user=0.11 sys=0.01, real=0.01 secs] 
2016-09-15T12:02:01.335-0400: 125.704: [GC (GCLocker Initiated GC) [PSYoungGen: 143447K->61362K(175104K)] 492044K->446692K(699392K), 0.0100833 secs] [Times: user=0.10 sys=0.01, real=0.01 secs] 
2016-09-15T12:02:01.461-0400: 125.830: [GC (GCLocker Initiated GC) [PSYoungGen: 149426K->73676K(175104K)] 535100K->496084K(699392K), 0.0110690 secs] [Times: user=0.11 sys=0.00, real=0.01 secs] 
2016-09-15T12:02:01.599-0400: 125.968: [GC (GCLocker Initiated GC) [PSYoungGen: 161739K->73448K(175104K)] 584509K->514561K(699392K), 0.0103279 secs] [Times: user=0.09 sys=0.00, real=0.01 secs] 
2016-09-15T12:02:01.725-0400: 126.094: [GC (GCLocker Initiated GC) [PSYoungGen: 161512K->55515K(175104K)] 609016K->521348K(699392K), 0.0074621 secs] [Times: user=0.07 sys=0.00, real=0.01 secs] 
2016-09-15T12:02:01.732-0400: 126.101: [Full GC (Ergonomics) [PSYoungGen: 55515K->0K(175104K)] [ParOldGen: 465833K->52282K(524288K)] 521348K->52282K(699392K), [Metaspace: 44403K->44403K(1087488K)], 0.0833672 secs] [Times: user=0.72 sys=0.01, real=0.08 secs] 
2016-09-15T12:02:01.935-0400: 126.304: [GC (GCLocker Initiated GC) [PSYoungGen: 88064K->73640K(175104K)] 152840K->138416K(699392K), 0.0101178 secs] [Times: user=0.11 sys=0.00, real=0.01 secs] 
2016-09-15T12:02:02.052-0400: 126.421: [GC (GCLocker Initiated GC) [PSYoungGen: 161704K->55515K(175104K)] 232557K->145057K(699392K), 0.0143018 secs] [Times: user=0.18 sys=0.00, real=0.01 secs] 
2016-09-15T12:02:02.191-0400: 126.560: [GC (GCLocker Initiated GC) [PSYoungGen: 143579K->55351K(175104K)] 239383K->169819K(699392K), 0.0101793 secs] [Times: user=0.12 sys=0.01, real=0.01 secs] 
2016-09-15T12:02:02.290-0400: 126.659: [GC (GCLocker Initiated GC) [PSYoungGen: 143415K->55351K(175104K)] 264006K->212692K(699392K), 0.0194775 secs] [Times: user=0.24 sys=0.00, real=0.02 secs] 
2016-09-15T12:02:02.428-0400: 126.797: [GC (Allocation Failure) [PSYoungGen: 143415K->73608K(175104K)] 300842K->249559K(699392K), 0.0099010 secs] [Times: user=0.10 sys=0.01, real=0.01 secs] 
2016-09-15T12:02:02.535-0400: 126.904: [GC (GCLocker Initiated GC) [PSYoungGen: 161658K->73544K(175104K)] 337773K->268348K(699392K), 0.0096947 secs] [Times: user=0.11 sys=0.00, real=0.01 secs] 
2016-09-15T12:02:02.657-0400: 127.026: [GC (GCLocker Initiated GC) [PSYoungGen: 161608K->73640K(175104K)] 362702K->311499K(699392K), 0.0212440 secs] [Times: user=0.27 sys=0.00, real=0.02 secs] 
2016-09-15T12:02:02.804-0400: 127.173: [GC (GCLocker Initiated GC) [PSYoungGen: 161704K->49312K(175104K)] 411866K->324034K(699392K), 0.0195077 secs] [Times: user=0.22 sys=0.01, real=0.02 secs] 
2016-09-15T12:02:02.952-0400: 127.321: [GC (GCLocker Initiated GC) [PSYoungGen: 137376K->43205K(175104K)] 418416K->342721K(699392K), 0.0179773 secs] [Times: user=0.19 sys=0.00, real=0.02 secs] 
2016-09-15T12:02:03.094-0400: 127.463: [GC (GCLocker Initiated GC) [PSYoungGen: 131269K->55415K(175104K)] 443212K->404108K(699392K), 0.0201735 secs] [Times: user=0.24 sys=0.00, real=0.02 secs] 
2016-09-15T12:02:03.230-0400: 127.599: [GC (GCLocker Initiated GC) [PSYoungGen: 143479K->85890K(175104K)] 492247K->446912K(699392K), 0.0161430 secs] [Times: user=0.19 sys=0.00, real=0.01 secs] 
2016-09-15T12:02:03.345-0400: 127.714: [GC (GCLocker Initiated GC) [PSYoungGen: 173954K->61330K(175104K)] 541137K->483472K(699392K), 0.0159389 secs] [Times: user=0.16 sys=0.00, real=0.02 secs] 
2016-09-15T12:02:03.477-0400: 127.846: [GC (GCLocker Initiated GC) [PSYoungGen: 149394K->61330K(175104K)] 577966K->526628K(699392K), 0.0218062 secs] [Times: user=0.25 sys=0.00, real=0.02 secs] 
2016-09-15T12:02:03.499-0400: 127.868: [Full GC (Ergonomics) [PSYoungGen: 61330K->0K(175104K)] [ParOldGen: 465298K->52314K(524288K)] 526628K->52314K(699392K), [Metaspace: 44404K->44404K(1087488K)], 0.0594677 secs] [Times: user=0.40 sys=0.00, real=0.06 secs] 
2016-09-15T12:02:03.670-0400: 128.039: [GC (GCLocker Initiated GC) [PSYoungGen: 88064K->73676K(175104K)] 140565K->126177K(699392K), 0.0186210 secs] [Times: user=0.18 sys=0.00, real=0.02 secs] 
2016-09-15T12:02:03.806-0400: 128.175: [GC (GCLocker Initiated GC) [PSYoungGen: 161740K->67469K(175104K)] 220509K->156881K(699392K), 0.0114132 secs] [Times: user=0.11 sys=0.00, real=0.02 secs] 
2016-09-15T12:02:03.918-0400: 128.287: [GC (GCLocker Initiated GC) [PSYoungGen: 155533K->67665K(175104K)] 245121K->187911K(699392K), 0.0210793 secs] [Times: user=0.22 sys=0.00, real=0.02 secs] 
2016-09-15T12:02:04.066-0400: 128.435: [GC (GCLocker Initiated GC) [PSYoungGen: 155729K->67469K(175104K)] 282159K->218475K(699392K), 0.0108281 secs] [Times: user=0.10 sys=0.01, real=0.02 secs] 
2016-09-15T12:02:04.206-0400: 128.575: [GC (Allocation Failure) [PSYoungGen: 155533K->55351K(175104K)] 312790K->249357K(699392K), 0.0099044 secs] [Times: user=0.10 sys=0.00, real=0.02 secs] 
2016-09-15T12:02:04.335-0400: 128.704: [GC (GCLocker Initiated GC) [PSYoungGen: 143415K->49148K(175104K)] 337423K->273791K(699392K), 0.0197207 secs] [Times: user=0.16 sys=0.01, real=0.02 secs] 
2016-09-15T12:02:04.470-0400: 128.839: [GC (GCLocker Initiated GC) [PSYoungGen: 137212K->55383K(175104K)] 368241K->323153K(699392K), 0.0152823 secs] [Times: user=0.16 sys=0.00, real=0.01 secs] 
2016-09-15T12:02:04.580-0400: 128.949: [GC (GCLocker Initiated GC) [PSYoungGen: 143447K->85854K(175104K)] 411259K->384356K(699392K), 0.0108392 secs] [Times: user=0.13 sys=0.00, real=0.01 secs] 
2016-09-15T12:02:04.687-0400: 129.056: [GC (Allocation Failure) [PSYoungGen: 173918K->67761K(175104K)] 478733K->439560K(699392K), 0.0114108 secs] [Times: user=0.18 sys=0.00, real=0.02 secs] 
2016-09-15T12:02:04.817-0400: 129.186: [GC (GCLocker Initiated GC) [PSYoungGen: 155825K->85954K(175104K)] 527625K->464144K(699392K), 0.0090112 secs] [Times: user=0.13 sys=0.01, real=0.00 secs] 
2016-09-15T12:02:04.945-0400: 129.314: [GC (Allocation Failure) [PSYoungGen: 174018K->37030K(175104K)] 558358K->458087K(699392K), 0.0107571 secs] [Times: user=0.10 sys=0.00, real=0.01 secs] 
2016-09-15T12:02:05.060-0400: 129.429: [GC (GCLocker Initiated GC) [PSYoungGen: 125094K->85790K(175104K)] 546157K->537379K(699392K), 0.0254512 secs] [Times: user=0.34 sys=0.00, real=0.02 secs] 
2016-09-15T12:02:05.214-0400: 129.583: [GC (GCLocker Initiated GC) [PSYoungGen: 173854K->73416K(175104K)] 631734K->549781K(699392K), 0.0116999 secs] [Times: user=0.08 sys=0.00, real=0.01 secs] 
2016-09-15T12:02:05.226-0400: 129.595: [Full GC (Ergonomics) [PSYoungGen: 73416K->0K(175104K)] [ParOldGen: 476365K->52394K(524288K)] 549781K->52394K(699392K), [Metaspace: 44405K->44405K(1087488K)], 0.0513211 secs] [Times: user=0.26 sys=0.01, real=0.06 secs] 
2016-09-15T12:02:05.380-0400: 129.749: [GC (GCLocker Initiated GC) [PSYoungGen: 88064K->86210K(175104K)] 140510K->162957K(699392K), 0.0151721 secs] [Times: user=0.20 sys=0.00, real=0.01 secs] 
2016-09-15T12:02:05.503-0400: 129.872: [GC (GCLocker Initiated GC) [PSYoungGen: 174274K->61426K(175104K)] 251202K->193757K(699392K), 0.0133611 secs] [Times: user=0.19 sys=0.01, real=0.02 secs] 
2016-09-15T12:02:05.662-0400: 130.031: [GC (GCLocker Initiated GC) [PSYoungGen: 149490K->79359K(175104K)] 281874K->211971K(699392K), 0.0269916 secs] [Times: user=0.29 sys=0.00, real=0.03 secs] 
2016-09-15T12:02:05.816-0400: 130.185: [GC (GCLocker Initiated GC) [PSYoungGen: 167423K->61526K(175104K)] 300077K->230741K(699392K), 0.0181534 secs] [Times: user=0.16 sys=0.01, real=0.02 secs] 
2016-09-15T12:02:05.976-0400: 130.345: [GC (GCLocker Initiated GC) [PSYoungGen: 149590K->37325K(175104K)] 325084K->261539K(699392K), 0.0193151 secs] [Times: user=0.15 sys=0.01, real=0.02 secs] 
2016-09-15T12:02:06.087-0400: 130.456: [GC (GCLocker Initiated GC) [PSYoungGen: 125389K->85694K(175104K)] 349723K->328708K(699392K), 0.0257233 secs] [Times: user=0.27 sys=0.01, real=0.03 secs] 
2016-09-15T12:02:06.204-0400: 130.573: [GC (GCLocker Initiated GC) [PSYoungGen: 173758K->85794K(175104K)] 416847K->377915K(699392K), 0.0134829 secs] [Times: user=0.10 sys=0.00, real=0.02 secs] 
2016-09-15T12:02:06.331-0400: 130.700: [GC (GCLocker Initiated GC) [PSYoungGen: 173858K->61494K(175104K)] 472202K->384429K(699392K), 0.0156807 secs] [Times: user=0.17 sys=0.00, real=0.01 secs] 
2016-09-15T12:02:06.456-0400: 130.825: [GC (GCLocker Initiated GC) [PSYoungGen: 149558K->55155K(175104K)] 478806K->427351K(699392K), 0.0131331 secs] [Times: user=0.15 sys=0.00, real=0.01 secs] 
2016-09-15T12:02:06.596-0400: 130.965: [GC (GCLocker Initiated GC) [PSYoungGen: 143219K->86086K(175104K)] 515469K->476720K(699392K), 0.0099049 secs] [Times: user=0.13 sys=0.00, real=0.00 secs] 
2016-09-15T12:02:06.714-0400: 131.083: [GC (Allocation Failure) [PSYoungGen: 174150K->73576K(175104K)] 565055K->507470K(699392K), 0.0201924 secs] [Times: user=0.26 sys=0.00, real=0.02 secs] 
2016-09-15T12:02:06.860-0400: 131.229: [GC (GCLocker Initiated GC) [PSYoungGen: 160278K->73740K(175104K)] 600247K->556502K(699392K), 0.0114719 secs] [Times: user=0.10 sys=0.00, real=0.01 secs] 
2016-09-15T12:02:06.871-0400: 131.240: [Full GC (Ergonomics) [PSYoungGen: 73740K->0K(175104K)] [ParOldGen: 482761K->52418K(524288K)] 556502K->52418K(699392K), [Metaspace: 44405K->44405K(1087488K)], 0.0560202 secs] [Times: user=0.30 sys=0.01, real=0.05 secs] 
2016-09-15T12:02:07.072-0400: 131.441: [GC (GCLocker Initiated GC) [PSYoungGen: 88064K->85758K(175104K)] 140523K->168593K(699392K), 0.0098016 secs] [Times: user=0.15 sys=0.00, real=0.01 secs] 
2016-09-15T12:02:07.200-0400: 131.569: [GC (GCLocker Initiated GC) [PSYoungGen: 173822K->55383K(175104K)] 262825K->223669K(699392K), 0.0149303 secs] [Times: user=0.18 sys=0.00, real=0.01 secs] 
2016-09-15T12:02:07.311-0400: 131.680: [GC (GCLocker Initiated GC) [PSYoungGen: 143447K->85790K(175104K)] 312088K->260813K(699392K), 0.0096632 secs] [Times: user=0.11 sys=0.00, real=0.01 secs] 
2016-09-15T12:02:07.458-0400: 131.827: [GC (GCLocker Initiated GC) [PSYoungGen: 173854K->36994K(175104K)] 349302K->249176K(699392K), 0.0101885 secs] [Times: user=0.12 sys=0.01, real=0.01 secs] 
2016-09-15T12:02:07.595-0400: 131.964: [GC (GCLocker Initiated GC) [PSYoungGen: 125058K->73544K(175104K)] 337551K->286156K(699392K), 0.0072398 secs] [Times: user=0.09 sys=0.00, real=0.01 secs] 
2016-09-15T12:02:07.719-0400: 132.088: [GC (GCLocker Initiated GC) [PSYoungGen: 161608K->55415K(175104K)] 380426K->310811K(699392K), 0.0215954 secs] [Times: user=0.27 sys=0.01, real=0.02 secs] 
2016-09-15T12:02:07.854-0400: 132.223: [GC (GCLocker Initiated GC) [PSYoungGen: 143479K->85790K(175104K)] 399118K->347631K(699392K), 0.0100745 secs] [Times: user=0.12 sys=0.00, real=0.01 secs] 
2016-09-15T12:02:08.011-0400: 132.380: [GC (GCLocker Initiated GC) [PSYoungGen: 173854K->18741K(175104K)] 442390K->305753K(699392K), 0.0069942 secs] [Times: user=0.05 sys=0.00, real=0.01 secs] 
2016-09-15T12:02:08.113-0400: 132.482: [GC (GCLocker Initiated GC) [PSYoungGen: 106805K->79487K(175104K)] 393864K->366806K(699392K), 0.0176570 secs] [Times: user=0.16 sys=0.00, real=0.02 secs] 
2016-09-15T12:02:08.266-0400: 132.635: [GC (Allocation Failure) [PSYoungGen: 167551K->31214K(175104K)] 460992K->415940K(699392K), 0.0315500 secs] [Times: user=0.36 sys=0.00, real=0.04 secs] 
2016-09-15T12:02:08.432-0400: 132.801: [GC (GCLocker Initiated GC) [PSYoungGen: 118464K->73740K(175104K)] 509265K->501446K(699392K), 0.0103329 secs] [Times: user=0.07 sys=0.01, real=0.01 secs] 
2016-09-15T12:02:08.568-0400: 132.937: [GC (GCLocker Initiated GC) [PSYoungGen: 161804K->37030K(175104K)] 595755K->489474K(699392K), 0.0154412 secs] [Times: user=0.17 sys=0.00, real=0.01 secs] 
2016-09-15T12:02:08.583-0400: 132.952: [Full GC (Ergonomics) [PSYoungGen: 37030K->0K(175104K)] [ParOldGen: 452443K->46315K(524288K)] 489474K->46315K(699392K), [Metaspace: 44412K->44412K(1087488K)], 0.0525625 secs] [Times: user=0.24 sys=0.01, real=0.06 secs] 
2016-09-15T12:02:08.754-0400: 133.123: [GC (GCLocker Initiated GC) [PSYoungGen: 88064K->74096K(175104K)] 140810K->126842K(699392K), 0.0167156 secs] [Times: user=0.19 sys=0.00, real=0.02 secs] 
2016-09-15T12:02:08.905-0400: 133.274: [GC (GCLocker Initiated GC) [PSYoungGen: 162160K->55775K(175104K)] 227400K->140271K(699392K), 0.0079027 secs] [Times: user=0.09 sys=0.00, real=0.01 secs] 
2016-09-15T12:02:09.054-0400: 133.423: [GC (GCLocker Initiated GC) [PSYoungGen: 143839K->55807K(175104K)] 234778K->165098K(699392K), 0.0120553 secs] [Times: user=0.11 sys=0.00, real=0.01 secs] 
2016-09-15T12:02:09.169-0400: 133.538: [GC (GCLocker Initiated GC) [PSYoungGen: 143871K->61234K(175104K)] 253221K->182970K(699392K), 0.0223172 secs] [Times: user=0.20 sys=0.00, real=0.02 secs] 
2016-09-15T12:02:09.309-0400: 133.678: [GC (GCLocker Initiated GC) [PSYoungGen: 149298K->49180K(175104K)] 277352K->232020K(699392K), 0.0253015 secs] [Times: user=0.24 sys=0.00, real=0.02 secs] 
2016-09-15T12:02:09.459-0400: 133.828: [GC (GCLocker Initiated GC) [PSYoungGen: 137244K->55547K(175104K)] 332539K->251142K(699392K), 0.0223845 secs] [Times: user=0.25 sys=0.00, real=0.02 secs] 
2016-09-15T12:02:09.608-0400: 133.977: [GC (GCLocker Initiated GC) [PSYoungGen: 143611K->67629K(175104K)] 345529K->294483K(699392K), 0.0144661 secs] [Times: user=0.15 sys=0.00, real=0.01 secs] 
2016-09-15T12:02:09.746-0400: 134.115: [GC (GCLocker Initiated GC) [PSYoungGen: 155693K->79455K(175104K)] 388664K->330794K(699392K), 0.0108489 secs] [Times: user=0.12 sys=0.00, real=0.02 secs] 
2016-09-15T12:02:09.896-0400: 134.265: [GC (GCLocker Initiated GC) [PSYoungGen: 167519K->61590K(175104K)] 418922K->379962K(699392K), 0.0176496 secs] [Times: user=0.21 sys=0.00, real=0.01 secs] 
2016-09-15T12:02:10.050-0400: 134.419: [GC (GCLocker Initiated GC) [PSYoungGen: 149654K->19160K(175104K)] 486584K->392980K(699392K), 0.0100456 secs] [Times: user=0.08 sys=0.00, real=0.01 secs] 
2016-09-15T12:02:10.178-0400: 134.547: [GC (GCLocker Initiated GC) [PSYoungGen: 107224K->85790K(175104K)] 481209K->466001K(699392K), 0.0089383 secs] [Times: user=0.11 sys=0.00, real=0.00 secs] 
2016-09-15T12:02:10.304-0400: 134.673: [GC (GCLocker Initiated GC) [PSYoungGen: 173854K->61394K(175104K)] 560355K->484456K(699392K), 0.0110330 secs] [Times: user=0.10 sys=0.01, real=0.01 secs] 
2016-09-15T12:02:10.442-0400: 134.811: [GC (Allocation Failure) [PSYoungGen: 149458K->31118K(175104K)] 572644K->478857K(699392K), 0.0073167 secs] [Times: user=0.06 sys=0.00, real=0.01 secs] 
2016-09-15T12:02:10.564-0400: 134.933: [GC (GCLocker Initiated GC) [PSYoungGen: 119182K->55223K(175104K)] 566926K->521459K(699392K), 0.0254560 secs] [Times: user=0.25 sys=0.01, real=0.03 secs] 
2016-09-15T12:02:10.589-0400: 134.958: [Full GC (Ergonomics) [PSYoungGen: 55223K->0K(175104K)] [ParOldGen: 466235K->52846K(524288K)] 521459K->52846K(699392K), [Metaspace: 44412K->44412K(1087488K)], 0.0528130 secs] [Times: user=0.24 sys=0.01, real=0.05 secs] 
2016-09-15T12:02:10.746-0400: 135.115: [GC (GCLocker Initiated GC) [PSYoungGen: 88064K->74615K(175104K)] 141265K->127817K(699392K), 0.0094169 secs] [Times: user=0.11 sys=0.00, real=0.01 secs] 
2016-09-15T12:02:10.870-0400: 135.239: [GC (GCLocker Initiated GC) [PSYoungGen: 162679K->55287K(175104K)] 222194K->133722K(699392K), 0.0118968 secs] [Times: user=0.09 sys=0.00, real=0.01 secs] 
2016-09-15T12:02:11.009-0400: 135.378: [GC (Allocation Failure) [PSYoungGen: 143351K->61326K(175104K)] 234134K->152252K(699392K), 0.0117476 secs] [Times: user=0.17 sys=0.01, real=0.01 secs] 
2016-09-15T12:02:11.120-0400: 135.489: [GC (GCLocker Initiated GC) [PSYoungGen: 149382K->74196K(175104K)] 240564K->165530K(699392K), 0.0115562 secs] [Times: user=0.14 sys=0.01, real=0.01 secs] 
2016-09-15T12:02:11.258-0400: 135.627: [GC (GCLocker Initiated GC) [PSYoungGen: 162260K->73804K(175104K)] 259772K->208081K(699392K), 0.0110684 secs] [Times: user=0.16 sys=0.00, real=0.01 secs] 
2016-09-15T12:02:11.375-0400: 135.744: [GC (GCLocker Initiated GC) [PSYoungGen: 161868K->79943K(175104K)] 302347K->263451K(699392K), 0.0100681 secs] [Times: user=0.14 sys=0.01, real=0.01 secs] 
2016-09-15T12:02:11.494-0400: 135.863: [GC (GCLocker Initiated GC) [PSYoungGen: 168007K->55579K(175104K)] 357676K->294180K(699392K), 0.0103260 secs] [Times: user=0.14 sys=0.01, real=0.01 secs] 
2016-09-15T12:02:11.627-0400: 135.996: [GC (GCLocker Initiated GC) [PSYoungGen: 143643K->55483K(175104K)] 388449K->300565K(699392K), 0.0138638 secs] [Times: user=0.15 sys=0.00, real=0.02 secs] 
2016-09-15T12:02:11.756-0400: 136.125: [GC (GCLocker Initiated GC) [PSYoungGen: 143547K->36994K(175104K)] 394824K->306811K(699392K), 0.0090923 secs] [Times: user=0.14 sys=0.00, real=0.00 secs] 
2016-09-15T12:02:11.884-0400: 136.253: [GC (GCLocker Initiated GC) [PSYoungGen: 125058K->85954K(175104K)] 395236K->362359K(699392K), 0.0110823 secs] [Times: user=0.17 sys=0.00, real=0.01 secs] 
2016-09-15T12:02:12.031-0400: 136.400: [GC (GCLocker Initiated GC) [PSYoungGen: 174018K->67341K(175104K)] 450593K->362557K(699392K), 0.0122730 secs] [Times: user=0.12 sys=0.01, real=0.01 secs] 
2016-09-15T12:02:12.152-0400: 136.521: [GC (Allocation Failure) [PSYoungGen: 155405K->73772K(175104K)] 450707K->399585K(699392K), 0.0097405 secs] [Times: user=0.11 sys=0.00, real=0.01 secs] 
2016-09-15T12:02:12.278-0400: 136.647: [GC (GCLocker Initiated GC) [PSYoungGen: 161836K->61330K(175104K)] 487654K->417955K(699392K), 0.0239066 secs] [Times: user=0.29 sys=0.00, real=0.02 secs] 
2016-09-15T12:02:12.435-0400: 136.804: [GC (GCLocker Initiated GC) [PSYoungGen: 149394K->85790K(175104K)] 506055K->473102K(699392K), 0.0166577 secs] [Times: user=0.22 sys=0.00, real=0.02 secs] 
2016-09-15T12:02:12.562-0400: 136.931: [GC (GCLocker Initiated GC) [PSYoungGen: 173854K->85854K(175104K)] 561207K->522107K(699392K), 0.0123904 secs] [Times: user=0.18 sys=0.00, real=0.01 secs] 
2016-09-15T12:02:12.691-0400: 137.060: [GC (GCLocker Initiated GC) [PSYoungGen: 173918K->85594K(175104K)] 610213K->582931K(699392K), 0.0126071 secs] [Times: user=0.17 sys=0.01, real=0.01 secs] 
2016-09-15T12:02:12.703-0400: 137.072: [Full GC (Ergonomics) [PSYoungGen: 85594K->0K(175104K)] [ParOldGen: 497336K->46663K(524288K)] 582931K->46663K(699392K), [Metaspace: 44421K->44421K(1087488K)], 0.0573834 secs] [Times: user=0.40 sys=0.00, real=0.06 secs] 
2016-09-15T12:02:12.888-0400: 137.257: [GC (GCLocker Initiated GC) [PSYoungGen: 88064K->55707K(175104K)] 146879K->114522K(699392K), 0.0061619 secs] [Times: user=0.08 sys=0.01, real=0.00 secs] 
2016-09-15T12:02:13.035-0400: 137.403: [GC (GCLocker Initiated GC) [PSYoungGen: 143771K->80011K(175104K)] 208720K->164044K(699392K), 0.0110041 secs] [Times: user=0.14 sys=0.00, real=0.01 secs] 
2016-09-15T12:02:13.172-0400: 137.541: [GC (Allocation Failure) [PSYoungGen: 168075K->55579K(175104K)] 258533K->188713K(699392K), 0.0087634 secs] [Times: user=0.08 sys=0.00, real=0.01 secs] 
2016-09-15T12:02:13.297-0400: 137.666: [GC (GCLocker Initiated GC) [PSYoungGen: 143643K->61426K(175104K)] 276784K->213067K(699392K), 0.0220194 secs] [Times: user=0.25 sys=0.01, real=0.02 secs] 
2016-09-15T12:02:13.441-0400: 137.810: [GC (GCLocker Initiated GC) [PSYoungGen: 149490K->80075K(175104K)] 301492K->250430K(699392K), 0.0098368 secs] [Times: user=0.13 sys=0.00, real=0.01 secs] 
2016-09-15T12:02:13.566-0400: 137.935: [GC (GCLocker Initiated GC) [PSYoungGen: 168139K->55159K(175104K)] 338580K->244092K(699392K), 0.0324654 secs] [Times: user=0.39 sys=0.01, real=0.04 secs] 
2016-09-15T12:02:13.690-0400: 138.059: [GC (GCLocker Initiated GC) [PSYoungGen: 143223K->79519K(175104K)] 332203K->299150K(699392K), 0.0112538 secs] [Times: user=0.18 sys=0.00, real=0.01 secs] 
2016-09-15T12:02:13.822-0400: 138.191: [GC (GCLocker Initiated GC) [PSYoungGen: 167583K->85890K(175104K)] 387514K->330209K(699392K), 0.0112285 secs] [Times: user=0.11 sys=0.00, real=0.01 secs] 
2016-09-15T12:02:13.951-0400: 138.320: [GC (Allocation Failure) [PSYoungGen: 173954K->73704K(175104K)] 418477K->348893K(699392K), 0.0216684 secs] [Times: user=0.25 sys=0.00, real=0.02 secs] 
2016-09-15T12:02:14.086-0400: 138.455: [GC (GCLocker Initiated GC) [PSYoungGen: 159156K->55583K(175104K)] 440420K->379640K(699392K), 0.0096943 secs] [Times: user=0.07 sys=0.01, real=0.01 secs] 
2016-09-15T12:02:14.219-0400: 138.588: [GC (GCLocker Initiated GC) [PSYoungGen: 143647K->61266K(175104K)] 467818K->404093K(699392K), 0.0092958 secs] [Times: user=0.08 sys=0.00, real=0.01 secs] 
2016-09-15T12:02:14.343-0400: 138.712: [GC (Allocation Failure) [PSYoungGen: 149330K->43173K(175104K)] 498402K->392489K(699392K), 0.0083650 secs] [Times: user=0.04 sys=0.00, real=0.01 secs] 
2016-09-15T12:02:14.486-0400: 138.855: [GC (GCLocker Initiated GC) [PSYoungGen: 131237K->48920K(175104K)] 480559K->422801K(699392K), 0.0219087 secs] [Times: user=0.20 sys=0.00, real=0.03 secs] 
2016-09-15T12:02:14.624-0400: 138.993: [GC (GCLocker Initiated GC) [PSYoungGen: 136983K->79555K(175104K)] 511186K->453861K(699392K), 0.0263591 secs] [Times: user=0.27 sys=0.00, real=0.03 secs] 
2016-09-15T12:02:14.813-0400: 139.182: [GC (GCLocker Initiated GC) [PSYoungGen: 167619K->49084K(175104K)] 548042K->454066K(699392K), 0.0082191 secs] [Times: user=0.07 sys=0.00, real=0.01 secs] 
2016-09-15T12:02:14.954-0400: 139.323: [GC (GCLocker Initiated GC) [PSYoungGen: 137148K->37058K(175104K)] 542147K->496860K(699392K), 0.0205647 secs] [Times: user=0.27 sys=0.00, real=0.02 secs] 
2016-09-15T12:02:15.083-0400: 139.452: [Full GC (Ergonomics) [PSYoungGen: 125122K->0K(175104K)] [ParOldGen: 465919K->52826K(524288K)] 591041K->52826K(699392K), [Metaspace: 44421K->44421K(1087488K)], 0.0592992 secs] [Times: user=0.37 sys=0.00, real=0.06 secs] 
2016-09-15T12:02:15.248-0400: 139.617: [GC (GCLocker Initiated GC) [PSYoungGen: 88064K->86762K(175104K)] 153233K->176232K(699392K), 0.0240383 secs] [Times: user=0.28 sys=0.01, real=0.02 secs] 
2016-09-15T12:02:15.405-0400: 139.774: [GC (GCLocker Initiated GC) [PSYoungGen: 174826K->55219K(175104K)] 270412K->200373K(699392K), 0.0248199 secs] [Times: user=0.28 sys=0.00, real=0.03 secs] 
2016-09-15T12:02:15.577-0400: 139.946: [GC (GCLocker Initiated GC) [PSYoungGen: 143283K->42941K(175104K)] 288586K->249121K(699392K), 0.0245047 secs] [Times: user=0.29 sys=0.00, real=0.02 secs] 
2016-09-15T12:02:15.717-0400: 140.086: [GC (GCLocker Initiated GC) [PSYoungGen: 131005K->85498K(175104K)] 337233K->304004K(699392K), 0.0191392 secs] [Times: user=0.22 sys=0.00, real=0.02 secs] 
2016-09-15T12:02:15.847-0400: 140.216: [GC (GCLocker Initiated GC) [PSYoungGen: 173562K->18773K(175104K)] 398173K->292080K(699392K), 0.0098078 secs] [Times: user=0.09 sys=0.00, real=0.02 secs] 
2016-09-15T12:02:16.011-0400: 140.380: [GC (Allocation Failure) [PSYoungGen: 106837K->37162K(175104K)] 392570K->365672K(699392K), 0.0096645 secs] [Times: user=0.08 sys=0.00, real=0.01 secs] 
2016-09-15T12:02:16.125-0400: 140.494: [GC (GCLocker Initiated GC) [PSYoungGen: 122685K->43009K(175104K)] 457271K->377845K(699392K), 0.0116115 secs] [Times: user=0.10 sys=0.00, real=0.02 secs] 
2016-09-15T12:02:16.253-0400: 140.622: [GC (GCLocker Initiated GC) [PSYoungGen: 131073K->85922K(175104K)] 472340K->451609K(699392K), 0.0104067 secs] [Times: user=0.10 sys=0.00, real=0.01 secs] 
2016-09-15T12:02:16.405-0400: 140.774: [GC (GCLocker Initiated GC) [PSYoungGen: 173986K->37094K(175104K)] 558242K->458223K(699392K), 0.0078909 secs] [Times: user=0.07 sys=0.00, real=0.01 secs] 
2016-09-15T12:02:16.555-0400: 140.924: [GC (GCLocker Initiated GC) [PSYoungGen: 125158K->49379K(175104K)] 546380K->470689K(699392K), 0.0398928 secs] [Times: user=0.38 sys=0.00, real=0.04 secs] 
2016-09-15T12:02:16.719-0400: 141.088: [GC (GCLocker Initiated GC) [PSYoungGen: 137443K->37293K(175104K)] 571158K->525935K(699392K), 0.0156501 secs] [Times: user=0.15 sys=0.01, real=0.01 secs] 
2016-09-15T12:02:16.734-0400: 141.103: [Full GC (Ergonomics) [PSYoungGen: 37293K->0K(175104K)] [ParOldGen: 488641K->47238K(524288K)] 525935K->47238K(699392K), [Metaspace: 44421K->44421K(1087488K)], 0.0545481 secs] [Times: user=0.29 sys=0.00, real=0.06 secs] 
2016-09-15T12:02:16.911-0400: 141.280: [GC (GCLocker Initiated GC) [PSYoungGen: 88064K->85758K(175104K)] 135562K->139331K(699392K), 0.0093978 secs] [Times: user=0.12 sys=0.00, real=0.01 secs] 
2016-09-15T12:02:17.056-0400: 141.425: [GC (GCLocker Initiated GC) [PSYoungGen: 173822K->49276K(175104K)] 233725K->145904K(699392K), 0.0214389 secs] [Times: user=0.20 sys=0.00, real=0.02 secs] 
2016-09-15T12:02:17.200-0400: 141.569: [GC (GCLocker Initiated GC) [PSYoungGen: 137340K->55451K(175104K)] 233974K->182564K(699392K), 0.0106428 secs] [Times: user=0.08 sys=0.01, real=0.01 secs] 
2016-09-15T12:02:17.320-0400: 141.689: [GC (GCLocker Initiated GC) [PSYoungGen: 143515K->86018K(175104K)] 270676K->256027K(699392K), 0.0243735 secs] [Times: user=0.27 sys=0.01, real=0.02 secs] 
2016-09-15T12:02:17.492-0400: 141.861: [GC (GCLocker Initiated GC) [PSYoungGen: 174082K->43169K(175104K)] 356395K->316866K(699392K), 0.0292910 secs] [Times: user=0.29 sys=0.01, real=0.03 secs] 
2016-09-15T12:02:17.657-0400: 142.026: [GC (GCLocker Initiated GC) [PSYoungGen: 131233K->85630K(175104K)] 405062K->359750K(699392K), 0.0086911 secs] [Times: user=0.08 sys=0.00, real=0.00 secs] 
2016-09-15T12:02:17.810-0400: 142.179: [GC (Allocation Failure) [PSYoungGen: 173694K->49344K(175104K)] 466086K->378438K(699392K), 0.0111872 secs] [Times: user=0.13 sys=0.00, real=0.01 secs] 
2016-09-15T12:02:17.941-0400: 142.310: [GC (GCLocker Initiated GC) [PSYoungGen: 137408K->43137K(175104K)] 466504K->402899K(699392K), 0.0270008 secs] [Times: user=0.30 sys=0.00, real=0.03 secs] 
2016-09-15T12:02:18.092-0400: 142.461: [GC (GCLocker Initiated GC) [PSYoungGen: 131201K->55451K(175104K)] 497219K->439954K(699392K), 0.0111790 secs] [Times: user=0.10 sys=0.00, real=0.01 secs] 
2016-09-15T12:02:18.242-0400: 142.611: [GC (GCLocker Initiated GC) [PSYoungGen: 143515K->55223K(175104K)] 534141K->446257K(699392K), 0.0067180 secs] [Times: user=0.04 sys=0.00, real=0.01 secs] 
2016-09-15T12:02:18.367-0400: 142.736: [GC (GCLocker Initiated GC) [PSYoungGen: 143287K->55355K(175104K)] 540728K->483275K(699392K), 0.0218575 secs] [Times: user=0.21 sys=0.00, real=0.03 secs] 
2016-09-15T12:02:18.507-0400: 142.876: [GC (GCLocker Initiated GC) [PSYoungGen: 143419K->79523K(175104K)] 571392K->526005K(699392K), 0.0164024 secs] [Times: user=0.20 sys=0.00, real=0.02 secs] 
2016-09-15T12:02:18.665-0400: 143.034: [GC (GCLocker Initiated GC) [PSYoungGen: 167587K->73380K(175104K)] 614116K->562694K(699392K), 0.0143219 secs] [Times: user=0.13 sys=0.00, real=0.02 secs] 
2016-09-15T12:02:18.680-0400: 143.049: [Full GC (Ergonomics) [PSYoungGen: 73380K->0K(175104K)] [ParOldGen: 489314K->53225K(524288K)] 562694K->53225K(699392K), [Metaspace: 44438K->44438K(1087488K)], 0.0543021 secs] [Times: user=0.34 sys=0.00, real=0.05 secs] 
2016-09-15T12:02:18.833-0400: 143.202: [GC (GCLocker Initiated GC) [PSYoungGen: 88064K->86530K(175104K)] 141442K->188509K(699392K), 0.0126841 secs] [Times: user=0.18 sys=0.00, real=0.01 secs] 
2016-09-15T12:02:18.978-0400: 143.347: [GC (GCLocker Initiated GC) [PSYoungGen: 174594K->79583K(175104K)] 276715K->267762K(699392K), 0.0125857 secs] [Times: user=0.19 sys=0.00, real=0.01 secs] 
2016-09-15T12:02:19.108-0400: 143.477: [GC (GCLocker Initiated GC) [PSYoungGen: 167647K->55415K(175104K)] 368129K->298558K(699392K), 0.0115623 secs] [Times: user=0.15 sys=0.00, real=0.01 secs] 
2016-09-15T12:02:19.245-0400: 143.614: [GC (GCLocker Initiated GC) [PSYoungGen: 143479K->73904K(175104K)] 386928K->335877K(699392K), 0.0119287 secs] [Times: user=0.16 sys=0.00, real=0.02 secs] 
2016-09-15T12:02:19.382-0400: 143.751: [GC (GCLocker Initiated GC) [PSYoungGen: 161968K->73808K(175104K)] 424156K->336100K(699392K), 0.0192099 secs] [Times: user=0.21 sys=0.00, real=0.02 secs] 
2016-09-15T12:02:19.530-0400: 143.899: [GC (GCLocker Initiated GC) [PSYoungGen: 161872K->37130K(175104K)] 424289K->336421K(699392K), 0.0104685 secs] [Times: user=0.08 sys=0.01, real=0.01 secs] 
2016-09-15T12:02:19.667-0400: 144.036: [GC (GCLocker Initiated GC) [PSYoungGen: 125194K->43109K(175104K)] 424626K->366905K(699392K), 0.0188108 secs] [Times: user=0.15 sys=0.00, real=0.02 secs] 
2016-09-15T12:02:19.808-0400: 144.177: [GC (GCLocker Initiated GC) [PSYoungGen: 131173K->73512K(175104K)] 461208K->403807K(699392K), 0.0105365 secs] [Times: user=0.09 sys=0.00, real=0.01 secs] 
2016-09-15T12:02:19.940-0400: 144.309: [GC (Allocation Failure) [PSYoungGen: 161576K->67437K(175104K)] 492070K->416267K(699392K), 0.0146826 secs] [Times: user=0.15 sys=0.00, real=0.01 secs] 
2016-09-15T12:02:20.074-0400: 144.443: [GC (GCLocker Initiated GC) [PSYoungGen: 151132K->67697K(175104K)] 506038K->465435K(699392K), 0.0096846 secs] [Times: user=0.11 sys=0.01, real=0.01 secs] 
2016-09-15T12:02:20.205-0400: 144.574: [GC (GCLocker Initiated GC) [PSYoungGen: 155761K->79587K(175104K)] 553721K->496235K(699392K), 0.0127976 secs] [Times: user=0.13 sys=0.01, real=0.02 secs] 
2016-09-15T12:02:20.326-0400: 144.695: [GC (GCLocker Initiated GC) [PSYoungGen: 167651K->85694K(175104K)] 584341K->557350K(699392K), 0.0109321 secs] [Times: user=0.11 sys=0.00, real=0.02 secs] 
2016-09-15T12:02:20.337-0400: 144.706: [Full GC (Ergonomics) [PSYoungGen: 85694K->0K(175104K)] [ParOldGen: 471656K->53257K(524288K)] 557350K->53257K(699392K), [Metaspace: 44438K->44438K(1087488K)], 0.0627469 secs] [Times: user=0.38 sys=0.01, real=0.06 secs] 
2016-09-15T12:02:20.514-0400: 144.883: [GC (GCLocker Initiated GC) [PSYoungGen: 88064K->86534K(175104K)] 147444K->145914K(699392K), 0.0101882 secs] [Times: user=0.10 sys=0.00, real=0.01 secs] 
2016-09-15T12:02:20.676-0400: 145.045: [GC (GCLocker Initiated GC) [PSYoungGen: 174598K->67369K(175104K)] 234026K->176372K(699392K), 0.0150331 secs] [Times: user=0.16 sys=0.00, real=0.01 secs] 
2016-09-15T12:02:20.819-0400: 145.188: [GC (GCLocker Initiated GC) [PSYoungGen: 155432K->61462K(175104K)] 270866K->201307K(699392K), 0.0084691 secs] [Times: user=0.08 sys=0.01, real=0.01 secs] 
2016-09-15T12:02:20.938-0400: 145.307: [GC (GCLocker Initiated GC) [PSYoungGen: 149526K->37485K(175104K)] 295667K->202151K(699392K), 0.0138422 secs] [Times: user=0.17 sys=0.01, real=0.01 secs] 
2016-09-15T12:02:21.065-0400: 145.434: [GC (GCLocker Initiated GC) [PSYoungGen: 125549K->86118K(175104K)] 290230K->257001K(699392K), 0.0102304 secs] [Times: user=0.12 sys=0.00, real=0.01 secs] 
2016-09-15T12:02:21.226-0400: 145.595: [GC (GCLocker Initiated GC) [PSYoungGen: 174182K->73508K(175104K)] 345196K->263382K(699392K), 0.0152604 secs] [Times: user=0.20 sys=0.00, real=0.02 secs] 
2016-09-15T12:02:21.347-0400: 145.716: [GC (GCLocker Initiated GC) [PSYoungGen: 161572K->85530K(175104K)] 351494K->275587K(699392K), 0.0135738 secs] [Times: user=0.15 sys=0.02, real=0.02 secs] 
2016-09-15T12:02:21.476-0400: 145.845: [GC (Allocation Failure) [PSYoungGen: 173594K->61458K(175104K)] 363687K->312421K(699392K), 0.0115617 secs] [Times: user=0.16 sys=0.00, real=0.01 secs] 
2016-09-15T12:02:21.612-0400: 145.981: [GC (GCLocker Initiated GC) [PSYoungGen: 149522K->85790K(175104K)] 400486K->379587K(699392K), 0.0121370 secs] [Times: user=0.18 sys=0.00, real=0.01 secs] 
2016-09-15T12:02:21.726-0400: 146.095: [GC (Allocation Failure) [PSYoungGen: 173854K->85822K(175104K)] 467794K->428701K(699392K), 0.0135364 secs] [Times: user=0.20 sys=0.00, real=0.02 secs] 
2016-09-15T12:02:21.869-0400: 146.238: [GC (GCLocker Initiated GC) [PSYoungGen: 171605K->67465K(175104K)] 520559K->465311K(699392K), 0.0120764 secs] [Times: user=0.18 sys=0.00, real=0.01 secs] 
2016-09-15T12:02:22.006-0400: 146.375: [GC (GCLocker Initiated GC) [PSYoungGen: 155529K->85822K(175104K)] 559609K->490037K(699392K), 0.0097339 secs] [Times: user=0.14 sys=0.00, real=0.02 secs] 
2016-09-15T12:02:22.138-0400: 146.507: [GC (GCLocker Initiated GC) [PSYoungGen: 173886K->73672K(175104K)] 578367K->527093K(699392K), 0.0127238 secs] [Times: user=0.15 sys=0.00, real=0.01 secs] 
2016-09-15T12:02:22.151-0400: 146.520: [Full GC (Ergonomics) [PSYoungGen: 73672K->0K(175104K)] [ParOldGen: 453421K->58843K(524288K)] 527093K->58843K(699392K), [Metaspace: 44453K->44453K(1087488K)], 0.0561065 secs] [Times: user=0.39 sys=0.01, real=0.05 secs] 
2016-09-15T12:02:22.334-0400: 146.703: [GC (GCLocker Initiated GC) [PSYoungGen: 88064K->86662K(175104K)] 147016K->151689K(699392K), 0.0097003 secs] [Times: user=0.14 sys=0.00, real=0.01 secs] 
2016-09-15T12:02:22.456-0400: 146.825: [GC (GCLocker Initiated GC) [PSYoungGen: 174726K->85790K(175104K)] 239800K->188478K(699392K), 0.0134127 secs] [Times: user=0.23 sys=0.00, real=0.01 secs] 
2016-09-15T12:02:22.588-0400: 146.957: [GC (GCLocker Initiated GC) [PSYoungGen: 173854K->55579K(175104K)] 282793K->219500K(699392K), 0.0111267 secs] [Times: user=0.18 sys=0.00, real=0.01 secs] 
2016-09-15T12:02:22.717-0400: 147.086: [GC (GCLocker Initiated GC) [PSYoungGen: 143643K->55155K(175104K)] 307566K->219370K(699392K), 0.0100203 secs] [Times: user=0.14 sys=0.00, real=0.00 secs] 
2016-09-15T12:02:22.891-0400: 147.260: [GC (GCLocker Initiated GC) [PSYoungGen: 143219K->55059K(175104K)] 313623K->225558K(699392K), 0.0127357 secs] [Times: user=0.15 sys=0.01, real=0.01 secs] 
2016-09-15T12:02:23.038-0400: 147.407: [GC (GCLocker Initiated GC) [PSYoungGen: 143123K->85822K(175104K)] 319807K->286925K(699392K), 0.0244090 secs] [Times: user=0.31 sys=0.00, real=0.02 secs] 
2016-09-15T12:02:23.181-0400: 147.550: [GC (GCLocker Initiated GC) [PSYoungGen: 173886K->73968K(175104K)] 375328K->293778K(699392K), 0.0157534 secs] [Times: user=0.22 sys=0.01, real=0.02 secs] 
2016-09-15T12:02:23.322-0400: 147.691: [GC (GCLocker Initiated GC) [PSYoungGen: 162032K->55679K(175104K)] 382554K->312950K(699392K), 0.0130234 secs] [Times: user=0.19 sys=0.00, real=0.01 secs] 
2016-09-15T12:02:23.432-0400: 147.801: [GC (GCLocker Initiated GC) [PSYoungGen: 143743K->85594K(175104K)] 407132K->355310K(699392K), 0.0102286 secs] [Times: user=0.11 sys=0.00, real=0.01 secs] 
2016-09-15T12:02:23.544-0400: 147.913: [GC (GCLocker Initiated GC) [PSYoungGen: 173658K->61722K(175104K)] 443410K->404518K(699392K), 0.0199868 secs] [Times: user=0.26 sys=0.00, real=0.02 secs] 
2016-09-15T12:02:23.705-0400: 148.074: [GC (GCLocker Initiated GC) [PSYoungGen: 149786K->37190K(175104K)] 510972K->465648K(699392K), 0.0106357 secs] [Times: user=0.14 sys=0.00, real=0.02 secs] 
2016-09-15T12:02:23.853-0400: 148.222: [GC (GCLocker Initiated GC) [PSYoungGen: 125254K->61266K(175104K)] 553749K->489840K(699392K), 0.0075268 secs] [Times: user=0.06 sys=0.00, real=0.01 secs] 
2016-09-15T12:02:23.989-0400: 148.358: [GC (Allocation Failure) [PSYoungGen: 149330K->85822K(175104K)] 577945K->557122K(699392K), 0.0123467 secs] [Times: user=0.17 sys=0.00, real=0.01 secs] 
2016-09-15T12:02:24.002-0400: 148.371: [Full GC (Ergonomics) [PSYoungGen: 85822K->0K(175104K)] [ParOldGen: 471300K->46602K(524288K)] 557122K->46602K(699392K), [Metaspace: 44453K->44453K(1087488K)], 0.0549135 secs] [Times: user=0.42 sys=0.00, real=0.06 secs] 
2016-09-15T12:02:24.151-0400: 148.520: [GC (GCLocker Initiated GC) [PSYoungGen: 88064K->86466K(175104K)] 134672K->139149K(699392K), 0.0185563 secs] [Times: user=0.27 sys=0.00, real=0.02 secs] 
2016-09-15T12:02:24.297-0400: 148.666: [GC (GCLocker Initiated GC) [PSYoungGen: 174530K->85594K(175104K)] 227255K->163931K(699392K), 0.0123064 secs] [Times: user=0.18 sys=0.00, real=0.01 secs] 
2016-09-15T12:02:24.441-0400: 148.810: [GC (GCLocker Initiated GC) [PSYoungGen: 173658K->85854K(175104K)] 252059K->212999K(699392K), 0.0154822 secs] [Times: user=0.17 sys=0.00, real=0.02 secs] 
2016-09-15T12:02:24.563-0400: 148.932: [GC (Allocation Failure) [PSYoungGen: 173918K->55415K(175104K)] 301239K->249892K(699392K), 0.0115678 secs] [Times: user=0.16 sys=0.01, real=0.01 secs] 
2016-09-15T12:02:24.683-0400: 149.052: [GC (GCLocker Initiated GC) [PSYoungGen: 138903K->73640K(175104K)] 339456K->274492K(699392K), 0.0175849 secs] [Times: user=0.24 sys=0.00, real=0.02 secs] 
2016-09-15T12:02:24.821-0400: 149.190: [GC (GCLocker Initiated GC) [PSYoungGen: 161704K->86150K(175104K)] 362710K->311763K(699392K), 0.0114064 secs] [Times: user=0.16 sys=0.00, real=0.01 secs] 
2016-09-15T12:02:24.950-0400: 149.319: [GC (GCLocker Initiated GC) [PSYoungGen: 174214K->67565K(175104K)] 399869K->336052K(699392K), 0.0098550 secs] [Times: user=0.13 sys=0.01, real=0.01 secs] 
2016-09-15T12:02:25.066-0400: 149.435: [GC (GCLocker Initiated GC) [PSYoungGen: 155629K->67633K(175104K)] 424287K->385150K(699392K), 0.0142096 secs] [Times: user=0.14 sys=0.01, real=0.02 secs] 
2016-09-15T12:02:25.216-0400: 149.585: [GC (GCLocker Initiated GC) [PSYoungGen: 155697K->67273K(175104K)] 473245K->403313K(699392K), 0.0085618 secs] [Times: user=0.08 sys=0.00, real=0.00 secs] 
2016-09-15T12:02:25.327-0400: 149.696: [GC (GCLocker Initiated GC) [PSYoungGen: 155337K->55287K(175104K)] 497528K->440106K(699392K), 0.0300238 secs] [Times: user=0.31 sys=0.01, real=0.04 secs] 
2016-09-15T12:02:25.488-0400: 149.857: [GC (GCLocker Initiated GC) [PSYoungGen: 143351K->24848K(175104K)] 540323K->494987K(699392K), 0.0170681 secs] [Times: user=0.20 sys=0.00, real=0.01 secs] 
2016-09-15T12:02:25.505-0400: 149.874: [Full GC (Ergonomics) [PSYoungGen: 24848K->0K(175104K)] [ParOldGen: 470139K->46629K(524288K)] 494987K->46629K(699392K), [Metaspace: 44453K->44453K(1087488K)], 0.0578943 secs] [Times: user=0.34 sys=0.01, real=0.06 secs] 
2016-09-15T12:02:25.678-0400: 150.047: [GC (Allocation Failure) [PSYoungGen: 88064K->79975K(175104K)] 140994K->132905K(699392K), 0.0095022 secs] [Times: user=0.06 sys=0.00, real=0.01 secs] 
2016-09-15T12:02:25.816-0400: 150.185: [GC (GCLocker Initiated GC) [PSYoungGen: 168039K->73640K(175104K)] 220975K->175935K(699392K), 0.0132027 secs] [Times: user=0.17 sys=0.00, real=0.01 secs] 
2016-09-15T12:02:25.939-0400: 150.308: [GC (GCLocker Initiated GC) [PSYoungGen: 161704K->73704K(175104K)] 264659K->213433K(699392K), 0.0099730 secs] [Times: user=0.12 sys=0.00, real=0.01 secs] 
2016-09-15T12:02:26.077-0400: 150.446: [GC (GCLocker Initiated GC) [PSYoungGen: 161768K->43269K(175104K)] 301552K->219762K(699392K), 0.0115712 secs] [Times: user=0.11 sys=0.00, real=0.01 secs] 
2016-09-15T12:02:26.211-0400: 150.580: [GC (GCLocker Initiated GC) [PSYoungGen: 131333K->73640K(175104K)] 320247K->263206K(699392K), 0.0104028 secs] [Times: user=0.11 sys=0.01, real=0.01 secs] 
2016-09-15T12:02:26.349-0400: 150.718: [GC (GCLocker Initiated GC) [PSYoungGen: 161704K->30759K(175104K)] 357521K->263301K(699392K), 0.0271859 secs] [Times: user=0.25 sys=0.00, real=0.03 secs] 
2016-09-15T12:02:26.491-0400: 150.860: [GC (GCLocker Initiated GC) [PSYoungGen: 118823K->61462K(175104K)] 357644K->300370K(699392K), 0.0157530 secs] [Times: user=0.16 sys=0.00, real=0.01 secs] 
2016-09-15T12:02:26.649-0400: 151.018: [GC (GCLocker Initiated GC) [PSYoungGen: 149526K->67565K(175104K)] 388476K->337222K(699392K), 0.0111006 secs] [Times: user=0.13 sys=0.01, real=0.01 secs] 
2016-09-15T12:02:26.781-0400: 151.150: [GC (GCLocker Initiated GC) [PSYoungGen: 155629K->79747K(175104K)] 425395K->404316K(699392K), 0.0124702 secs] [Times: user=0.15 sys=0.00, real=0.01 secs] 
2016-09-15T12:02:26.908-0400: 151.277: [GC (GCLocker Initiated GC) [PSYoungGen: 167811K->73480K(175104K)] 492422K->446983K(699392K), 0.0248696 secs] [Times: user=0.26 sys=0.01, real=0.02 secs] 
2016-09-15T12:02:27.041-0400: 151.410: [GC (GCLocker Initiated GC) [PSYoungGen: 161544K->79687K(175104K)] 541253K->496114K(699392K), 0.0156224 secs] [Times: user=0.15 sys=0.00, real=0.02 secs] 
2016-09-15T12:02:27.204-0400: 151.573: [GC (GCLocker Initiated GC) [PSYoungGen: 167751K->31083K(175104K)] 590295K->514684K(699392K), 0.0110604 secs] [Times: user=0.14 sys=0.00, real=0.01 secs] 
2016-09-15T12:02:27.215-0400: 151.584: [Full GC (Ergonomics) [PSYoungGen: 31083K->0K(175104K)] [ParOldGen: 483601K->40557K(524288K)] 514684K->40557K(699392K), [Metaspace: 44453K->44453K(1087488K)], 0.0537880 secs] [Times: user=0.32 sys=0.01, real=0.06 secs] 
2016-09-15T12:02:27.370-0400: 151.739: [GC (GCLocker Initiated GC) [PSYoungGen: 88064K->86274K(175104K)] 128758K->169493K(699392K), 0.0138613 secs] [Times: user=0.20 sys=0.00, real=0.01 secs] 
2016-09-15T12:02:27.509-0400: 151.878: [GC (GCLocker Initiated GC) [PSYoungGen: 174338K->55415K(175104K)] 269894K->206242K(699392K), 0.0103609 secs] [Times: user=0.14 sys=0.01, real=0.01 secs] 
2016-09-15T12:02:27.637-0400: 152.006: [GC (GCLocker Initiated GC) [PSYoungGen: 143479K->73708K(175104K)] 300736K->231249K(699392K), 0.0080590 secs] [Times: user=0.10 sys=0.00, real=0.00 secs] 
2016-09-15T12:02:27.777-0400: 152.146: [GC (Allocation Failure) [PSYoungGen: 161772K->55383K(175104K)] 319432K->231404K(699392K), 0.0078835 secs] [Times: user=0.10 sys=0.00, real=0.00 secs] 
2016-09-15T12:02:27.889-0400: 152.258: [GC (GCLocker Initiated GC) [PSYoungGen: 142102K->55579K(175104K)] 324198K->255995K(699392K), 0.0069164 secs] [Times: user=0.07 sys=0.00, real=0.01 secs] 
2016-09-15T12:02:28.025-0400: 152.394: [GC (Allocation Failure) [PSYoungGen: 143643K->67373K(175104K)] 344084K->268073K(699392K), 0.0149051 secs] [Times: user=0.16 sys=0.01, real=0.02 secs] 
2016-09-15T12:02:28.144-0400: 152.513: [GC (GCLocker Initiated GC) [PSYoungGen: 149762K->55415K(175104K)] 356538K->305023K(699392K), 0.0139162 secs] [Times: user=0.17 sys=0.00, real=0.02 secs] 
2016-09-15T12:02:28.275-0400: 152.644: [GC (GCLocker Initiated GC) [PSYoungGen: 143476K->85986K(175104K)] 393451K->342359K(699392K), 0.0090684 secs] [Times: user=0.11 sys=0.01, real=0.01 secs] 
2016-09-15T12:02:28.420-0400: 152.789: [GC (GCLocker Initiated GC) [PSYoungGen: 174050K->55515K(175104K)] 436770K->354968K(699392K), 0.0104512 secs] [Times: user=0.12 sys=0.00, real=0.01 secs] 
2016-09-15T12:02:28.532-0400: 152.901: [GC (GCLocker Initiated GC) [PSYoungGen: 143579K->85954K(175104K)] 443270K->392027K(699392K), 0.0130913 secs] [Times: user=0.15 sys=0.00, real=0.01 secs] 
2016-09-15T12:02:28.675-0400: 153.044: [GC (Allocation Failure) [PSYoungGen: 174018K->55191K(175104K)] 480150K->410182K(699392K), 0.0137847 secs] [Times: user=0.14 sys=0.00, real=0.02 secs] 
2016-09-15T12:02:28.809-0400: 153.178: [GC (GCLocker Initiated GC) [PSYoungGen: 143255K->73612K(175104K)] 498247K->453156K(699392K), 0.0094998 secs] [Times: user=0.07 sys=0.00, real=0.01 secs] 
2016-09-15T12:02:28.935-0400: 153.304: [GC (GCLocker Initiated GC) [PSYoungGen: 161676K->55223K(175104K)] 541295K->471715K(699392K), 0.0139740 secs] [Times: user=0.13 sys=0.01, real=0.02 secs] 
2016-09-15T12:02:29.051-0400: 153.420: [GC (Allocation Failure) [PSYoungGen: 143287K->67633K(175104K)] 560089K->527056K(699392K), 0.0147554 secs] [Times: user=0.15 sys=0.00, real=0.01 secs] 
2016-09-15T12:02:29.066-0400: 153.435: [Full GC (Ergonomics) [PSYoungGen: 67633K->0K(175104K)] [ParOldGen: 459423K->53389K(524288K)] 527056K->53389K(699392K), [Metaspace: 44455K->44455K(1087488K)], 0.0590475 secs] [Times: user=0.38 sys=0.01, real=0.06 secs] 
2016-09-15T12:02:29.251-0400: 153.620: [GC (GCLocker Initiated GC) [PSYoungGen: 87370K->85822K(175104K)] 146834K->151361K(699392K), 0.0246579 secs] [Times: user=0.25 sys=0.01, real=0.02 secs] 
2016-09-15T12:02:29.404-0400: 153.773: [GC (Allocation Failure) [PSYoungGen: 173886K->31214K(175104K)] 245687K->145824K(699392K), 0.0260309 secs] [Times: user=0.27 sys=0.00, real=0.03 secs] 
2016-09-15T12:02:29.545-0400: 153.914: [GC (GCLocker Initiated GC) [PSYoungGen: 119278K->85854K(175104K)] 233900K->219007K(699392K), 0.0106012 secs] [Times: user=0.10 sys=0.00, real=0.02 secs] 
2016-09-15T12:02:29.677-0400: 154.046: [GC (GCLocker Initiated GC) [PSYoungGen: 173918K->37194K(175104K)] 307213K->213110K(699392K), 0.0176061 secs] [Times: user=0.16 sys=0.00, real=0.01 secs] 
2016-09-15T12:02:29.818-0400: 154.187: [GC (GCLocker Initiated GC) [PSYoungGen: 125258K->79587K(175104K)] 301361K->255950K(699392K), 0.0195590 secs] [Times: user=0.20 sys=0.00, real=0.02 secs] 
2016-09-15T12:02:29.957-0400: 154.326: [GC (Allocation Failure) [PSYoungGen: 167651K->36934K(175104K)] 350131K->255959K(699392K), 0.0191600 secs] [Times: user=0.18 sys=0.00, real=0.02 secs] 
2016-09-15T12:02:30.076-0400: 154.445: [GC (GCLocker Initiated GC) [PSYoungGen: 119199K->61590K(175104K)] 344299K->341485K(699392K), 0.0120679 secs] [Times: user=0.12 sys=0.00, real=0.01 secs] 
2016-09-15T12:02:30.211-0400: 154.580: [GC (GCLocker Initiated GC) [PSYoungGen: 149654K->61266K(175104K)] 429641K->359738K(699392K), 0.0190662 secs] [Times: user=0.17 sys=0.00, real=0.02 secs] 
2016-09-15T12:02:30.329-0400: 154.698: [GC (GCLocker Initiated GC) [PSYoungGen: 149330K->49180K(175104K)] 448005K->378498K(699392K), 0.0167526 secs] [Times: user=0.16 sys=0.00, real=0.01 secs] 
2016-09-15T12:02:30.464-0400: 154.833: [GC (Allocation Failure) [PSYoungGen: 137244K->73512K(175104K)] 466626K->427494K(699392K), 0.0132563 secs] [Times: user=0.10 sys=0.00, real=0.02 secs] 
2016-09-15T12:02:30.643-0400: 155.012: [GC (GCLocker Initiated GC) [PSYoungGen: 156594K->30955K(175104K)] 516651K->452029K(699392K), 0.0138862 secs] [Times: user=0.13 sys=0.02, real=0.02 secs] 
2016-09-15T12:02:30.793-0400: 155.162: [GC (GCLocker Initiated GC) [PSYoungGen: 119019K->79487K(175104K)] 546211K->506971K(699392K), 0.0124004 secs] [Times: user=0.16 sys=0.01, real=0.01 secs] 
2016-09-15T12:02:30.905-0400: 155.274: [GC (GCLocker Initiated GC) [PSYoungGen: 167551K->85986K(175104K)] 595195K->568465K(699392K), 0.0122428 secs] [Times: user=0.16 sys=0.00, real=0.02 secs] 
2016-09-15T12:02:30.917-0400: 155.286: [Full GC (Ergonomics) [PSYoungGen: 85986K->0K(175104K)] [ParOldGen: 482478K->53548K(524288K)] 568465K->53548K(699392K), [Metaspace: 44455K->44455K(1087488K)], 0.0553009 secs] [Times: user=0.39 sys=0.01, real=0.05 secs] 
2016-09-15T12:02:31.088-0400: 155.457: [GC (GCLocker Initiated GC) [PSYoungGen: 88064K->85950K(175104K)] 141844K->139730K(699392K), 0.0156604 secs] [Times: user=0.21 sys=0.00, real=0.01 secs] 
2016-09-15T12:02:31.211-0400: 155.580: [GC (GCLocker Initiated GC) [PSYoungGen: 174014K->61326K(175104K)] 233917K->206867K(699392K), 0.0132820 secs] [Times: user=0.19 sys=0.00, real=0.01 secs] 
2016-09-15T12:02:31.330-0400: 155.699: [GC (Allocation Failure) [PSYoungGen: 149390K->86346K(175104K)] 295034K->256474K(699392K), 0.0107845 secs] [Times: user=0.17 sys=0.01, real=0.01 secs] 
2016-09-15T12:02:31.450-0400: 155.819: [GC (GCLocker Initiated GC) [PSYoungGen: 174410K->85854K(175104K)] 344543K->311306K(699392K), 0.0124208 secs] [Times: user=0.20 sys=0.01, real=0.01 secs] 
2016-09-15T12:02:31.600-0400: 155.969: [GC (GCLocker Initiated GC) [PSYoungGen: 173918K->73576K(175104K)] 399375K->317394K(699392K), 0.0105924 secs] [Times: user=0.10 sys=0.00, real=0.01 secs] 
2016-09-15T12:02:31.710-0400: 156.079: [GC (GCLocker Initiated GC) [PSYoungGen: 161640K->86018K(175104K)] 405679K->354657K(699392K), 0.0166734 secs] [Times: user=0.17 sys=0.01, real=0.01 secs] 
2016-09-15T12:02:31.851-0400: 156.220: [GC (GCLocker Initiated GC) [PSYoungGen: 174082K->85662K(175104K)] 442779K->378919K(699392K), 0.0153685 secs] [Times: user=0.16 sys=0.01, real=0.01 secs] 
2016-09-15T12:02:31.989-0400: 156.358: [GC (Allocation Failure) [PSYoungGen: 173726K->49248K(175104K)] 467114K->367024K(699392K), 0.0090443 secs] [Times: user=0.05 sys=0.00, real=0.01 secs] 
2016-09-15T12:02:32.107-0400: 156.476: [GC (GCLocker Initiated GC) [PSYoungGen: 137312K->61166K(175104K)] 455093K->428011K(699392K), 0.0281643 secs] [Times: user=0.25 sys=0.01, real=0.04 secs] 
2016-09-15T12:02:32.258-0400: 156.627: [GC (GCLocker Initiated GC) [PSYoungGen: 149230K->85694K(175104K)] 516206K->470991K(699392K), 0.0144433 secs] [Times: user=0.14 sys=0.00, real=0.01 secs] 
2016-09-15T12:02:32.403-0400: 156.772: [GC (GCLocker Initiated GC) [PSYoungGen: 173758K->30795K(175104K)] 565154K->440668K(699392K), 0.0183537 secs] [Times: user=0.19 sys=0.00, real=0.02 secs] 
2016-09-15T12:02:32.536-0400: 156.905: [GC (GCLocker Initiated GC) [PSYoungGen: 118859K->55351K(175104K)] 534927K->508168K(699392K), 0.0101991 secs] [Times: user=0.11 sys=0.00, real=0.00 secs] 
2016-09-15T12:02:32.546-0400: 156.915: [Full GC (Ergonomics) [PSYoungGen: 55351K->0K(175104K)] [ParOldGen: 452817K->52880K(524288K)] 508168K->52880K(699392K), [Metaspace: 44465K->44465K(1087488K)], 0.0751148 secs] [Times: user=0.66 sys=0.01, real=0.08 secs] 
2016-09-15T12:02:32.721-0400: 157.090: [GC (GCLocker Initiated GC) [PSYoungGen: 88064K->86466K(175104K)] 147061K->169763K(699392K), 0.0105828 secs] [Times: user=0.14 sys=0.00, real=0.01 secs] 
2016-09-15T12:02:32.858-0400: 157.227: [GC (GCLocker Initiated GC) [PSYoungGen: 174530K->61230K(175104K)] 258188K->200523K(699392K), 0.0172704 secs] [Times: user=0.22 sys=0.00, real=0.02 secs] 
2016-09-15T12:02:32.993-0400: 157.362: [GC (GCLocker Initiated GC) [PSYoungGen: 149294K->73836K(175104K)] 288830K->213500K(699392K), 0.0123933 secs] [Times: user=0.16 sys=0.00, real=0.01 secs] 
2016-09-15T12:02:33.129-0400: 157.498: [GC (GCLocker Initiated GC) [PSYoungGen: 161900K->55611K(175104K)] 314299K->244947K(699392K), 0.0151203 secs] [Times: user=0.17 sys=0.00, real=0.01 secs] 
2016-09-15T12:02:33.261-0400: 157.630: [GC (GCLocker Initiated GC) [PSYoungGen: 143675K->73448K(175104K)] 333255K->263131K(699392K), 0.0077704 secs] [Times: user=0.05 sys=0.01, real=0.01 secs] 
2016-09-15T12:02:33.405-0400: 157.774: [GC (GCLocker Initiated GC) [PSYoungGen: 161512K->67209K(175104K)] 357312K->281322K(699392K), 0.0105616 secs] [Times: user=0.09 sys=0.00, real=0.01 secs] 
2016-09-15T12:02:33.519-0400: 157.888: [GC (GCLocker Initiated GC) [PSYoungGen: 155273K->61394K(175104K)] 369534K->324383K(699392K), 0.0263922 secs] [Times: user=0.31 sys=0.00, real=0.02 secs] 
2016-09-15T12:02:33.691-0400: 158.060: [GC (GCLocker Initiated GC) [PSYoungGen: 149458K->55251K(175104K)] 412645K->379480K(699392K), 0.0106945 secs] [Times: user=0.11 sys=0.01, real=0.01 secs] 
2016-09-15T12:02:33.828-0400: 158.197: [GC (GCLocker Initiated GC) [PSYoungGen: 143315K->85498K(175104K)] 467759K->410054K(699392K), 0.0212222 secs] [Times: user=0.25 sys=0.00, real=0.02 secs] 
2016-09-15T12:02:33.946-0400: 158.315: [GC (GCLocker Initiated GC) [PSYoungGen: 173562K->67437K(175104K)] 498232K->422585K(699392K), 0.0113894 secs] [Times: user=0.08 sys=0.01, real=0.02 secs] 
2016-09-15T12:02:34.089-0400: 158.458: [GC (GCLocker Initiated GC) [PSYoungGen: 155501K->55579K(175104K)] 522874K->483986K(699392K), 0.0120297 secs] [Times: user=0.14 sys=0.00, real=0.01 secs] 
2016-09-15T12:02:34.263-0400: 158.632: [GC (GCLocker Initiated GC) [PSYoungGen: 143643K->36934K(175104K)] 578319K->471885K(699392K), 0.0147817 secs] [Times: user=0.14 sys=0.01, real=0.02 secs] 
2016-09-15T12:02:34.409-0400: 158.778: [Full GC (Ergonomics) [PSYoungGen: 124998K->0K(175104K)] [ParOldGen: 441170K->53385K(524288K)] 566168K->53385K(699392K), [Metaspace: 44466K->44466K(1087488K)], 0.0584285 secs] [Times: user=0.32 sys=0.02, real=0.05 secs] 
2016-09-15T12:02:34.587-0400: 158.956: [GC (GCLocker Initiated GC) [PSYoungGen: 88064K->79683K(175104K)] 141621K->133240K(699392K), 0.0126947 secs] [Times: user=0.12 sys=0.00, real=0.02 secs] 
2016-09-15T12:02:34.692-0400: 159.061: [GC (GCLocker Initiated GC) [PSYoungGen: 167747K->85658K(175104K)] 221424K->206640K(699392K), 0.0133298 secs] [Times: user=0.20 sys=0.01, real=0.01 secs] 
2016-09-15T12:02:34.826-0400: 159.195: [GC (GCLocker Initiated GC) [PSYoungGen: 173722K->85886K(175104K)] 294874K->261840K(699392K), 0.0120303 secs] [Times: user=0.18 sys=0.00, real=0.02 secs] 
2016-09-15T12:02:34.984-0400: 159.353: [GC (Allocation Failure) [PSYoungGen: 173950K->18904K(175104K)] 368457K->250129K(699392K), 0.0148198 secs] [Times: user=0.15 sys=0.00, real=0.02 secs] 
2016-09-15T12:02:35.112-0400: 159.481: [GC (GCLocker Initiated GC) [PSYoungGen: 106968K->73576K(175104K)] 338198K->305089K(699392K), 0.0098871 secs] [Times: user=0.09 sys=0.00, real=0.01 secs] 
2016-09-15T12:02:35.250-0400: 159.619: [GC (GCLocker Initiated GC) [PSYoungGen: 161640K->55579K(175104K)] 399510K->311802K(699392K), 0.0098016 secs] [Times: user=0.11 sys=0.00, real=0.01 secs] 
2016-09-15T12:02:35.412-0400: 159.781: [GC (GCLocker Initiated GC) [PSYoungGen: 143643K->37094K(175104K)] 406207K->300097K(699392K), 0.0144761 secs] [Times: user=0.17 sys=0.00, real=0.01 secs] 
2016-09-15T12:02:35.556-0400: 159.925: [GC (GCLocker Initiated GC) [PSYoungGen: 125158K->85630K(175104K)] 388203K->361125K(699392K), 0.0210048 secs] [Times: user=0.28 sys=0.00, real=0.02 secs] 
2016-09-15T12:02:35.690-0400: 160.059: [GC (GCLocker Initiated GC) [PSYoungGen: 173694K->55251K(175104K)] 455300K->434381K(699392K), 0.0120382 secs] [Times: user=0.17 sys=0.00, real=0.01 secs] 
2016-09-15T12:02:35.834-0400: 160.203: [GC (GCLocker Initiated GC) [PSYoungGen: 143315K->85822K(175104K)] 522554K->477347K(699392K), 0.0173015 secs] [Times: user=0.19 sys=0.00, real=0.02 secs] 
2016-09-15T12:02:35.981-0400: 160.350: [GC (GCLocker Initiated GC) [PSYoungGen: 173886K->37126K(175104K)] 571572K->489771K(699392K), 0.0158819 secs] [Times: user=0.17 sys=0.00, real=0.02 secs] 
2016-09-15T12:02:35.997-0400: 160.366: [Full GC (Ergonomics) [PSYoungGen: 37126K->0K(175104K)] [ParOldGen: 452645K->47284K(524288K)] 489771K->47284K(699392K), [Metaspace: 44473K->44473K(1087488K)], 0.0564586 secs] [Times: user=0.40 sys=0.01, real=0.05 secs] 
2016-09-15T12:02:36.172-0400: 160.541: [GC (GCLocker Initiated GC) [PSYoungGen: 88064K->73672K(175104K)] 141633K->127241K(699392K), 0.0131987 secs] [Times: user=0.13 sys=0.00, real=0.01 secs] 
2016-09-15T12:02:36.330-0400: 160.699: [GC (GCLocker Initiated GC) [PSYoungGen: 161736K->19096K(175104K)] 221645K->97671K(699392K), 0.0062897 secs] [Times: user=0.07 sys=0.00, real=0.01 secs] 
2016-09-15T12:02:36.462-0400: 160.831: [GC (GCLocker Initiated GC) [PSYoungGen: 107160K->85854K(175104K)] 197960K->201253K(699392K), 0.0122072 secs] [Times: user=0.14 sys=0.00, real=0.01 secs] 
2016-09-15T12:02:36.611-0400: 160.980: [GC (GCLocker Initiated GC) [PSYoungGen: 173918K->61882K(175104K)] 295714K->244571K(699392K), 0.0278417 secs] [Times: user=0.33 sys=0.00, real=0.03 secs] 
2016-09-15T12:02:36.772-0400: 161.141: [GC (GCLocker Initiated GC) [PSYoungGen: 149946K->55355K(175104K)] 333002K->244761K(699392K), 0.0328693 secs] [Times: user=0.39 sys=0.00, real=0.03 secs] 
2016-09-15T12:02:36.896-0400: 161.265: [GC (GCLocker Initiated GC) [PSYoungGen: 143419K->79651K(175104K)] 332917K->293733K(699392K), 0.0097230 secs] [Times: user=0.10 sys=0.00, real=0.00 secs] 
2016-09-15T12:02:37.033-0400: 161.402: [GC (GCLocker Initiated GC) [PSYoungGen: 167715K->80011K(175104K)] 394297K->373874K(699392K), 0.0157286 secs] [Times: user=0.18 sys=0.00, real=0.02 secs] 
2016-09-15T12:02:37.194-0400: 161.563: [GC (GCLocker Initiated GC) [PSYoungGen: 168075K->55419K(175104K)] 462266K->386359K(699392K), 0.0102325 secs] [Times: user=0.10 sys=0.00, real=0.01 secs] 
2016-09-15T12:02:37.310-0400: 161.679: [GC (GCLocker Initiated GC) [PSYoungGen: 143483K->61330K(175104K)] 474628K->410975K(699392K), 0.0159240 secs] [Times: user=0.15 sys=0.00, real=0.01 secs] 
2016-09-15T12:02:37.450-0400: 161.819: [GC (GCLocker Initiated GC) [PSYoungGen: 149394K->55287K(175104K)] 499121K->435492K(699392K), 0.0189797 secs] [Times: user=0.18 sys=0.01, real=0.02 secs] 
2016-09-15T12:02:37.604-0400: 161.973: [GC (GCLocker Initiated GC) [PSYoungGen: 143351K->61494K(175104K)] 529814K->490593K(699392K), 0.0104507 secs] [Times: user=0.08 sys=0.01, real=0.01 secs] 
2016-09-15T12:02:37.730-0400: 162.099: [Full GC (Ergonomics) [PSYoungGen: 149558K->0K(175104K)] [ParOldGen: 447584K->53571K(524288K)] 597142K->53571K(699392K), [Metaspace: 44473K->44473K(1087488K)], 0.0575350 secs] [Times: user=0.32 sys=0.03, real=0.06 secs] 
2016-09-15T12:02:37.885-0400: 162.254: [GC (GCLocker Initiated GC) [PSYoungGen: 88064K->86110K(175104K)] 141640K->145762K(699392K), 0.0214022 secs] [Times: user=0.27 sys=0.00, real=0.02 secs] 
2016-09-15T12:02:38.020-0400: 162.389: [GC (GCLocker Initiated GC) [PSYoungGen: 174174K->86086K(175104K)] 240122K->189023K(699392K), 0.0140800 secs] [Times: user=0.18 sys=0.00, real=0.01 secs] 
2016-09-15T12:02:38.156-0400: 162.525: [GC (Allocation Failure) [PSYoungGen: 174150K->79715K(175104K)] 277185K->219687K(699392K), 0.0257575 secs] [Times: user=0.31 sys=0.00, real=0.02 secs] 
2016-09-15T12:02:38.282-0400: 162.651: [GC (GCLocker Initiated GC) [PSYoungGen: 167779K->49372K(175104K)] 307757K->262558K(699392K), 0.0154175 secs] [Times: user=0.19 sys=0.00, real=0.02 secs] 
2016-09-15T12:02:38.414-0400: 162.783: [GC (GCLocker Initiated GC) [PSYoungGen: 137436K->85822K(175104K)] 356745K->335829K(699392K), 0.0096964 secs] [Times: user=0.12 sys=0.00, real=0.01 secs] 
2016-09-15T12:02:38.535-0400: 162.904: [GC (GCLocker Initiated GC) [PSYoungGen: 173886K->85954K(175104K)] 424209K->379282K(699392K), 0.0216428 secs] [Times: user=0.28 sys=0.00, real=0.03 secs] 
2016-09-15T12:02:38.689-0400: 163.058: [GC (GCLocker Initiated GC) [PSYoungGen: 174018K->61458K(175104K)] 467634K->410064K(699392K), 0.0117372 secs] [Times: user=0.14 sys=0.00, real=0.01 secs] 
2016-09-15T12:02:38.846-0400: 163.215: [GC (GCLocker Initiated GC) [PSYoungGen: 149522K->55287K(175104K)] 510365K->416249K(699392K), 0.0115421 secs] [Times: user=0.13 sys=0.00, real=0.02 secs] 
2016-09-15T12:02:39.004-0400: 163.372: [GC (GCLocker Initiated GC) [PSYoungGen: 143351K->37162K(175104K)] 510566K->441102K(699392K), 0.0139334 secs] [Times: user=0.14 sys=0.00, real=0.02 secs] 
2016-09-15T12:02:39.112-0400: 163.481: [GC (GCLocker Initiated GC) [PSYoungGen: 125226K->61230K(175104K)] 535328K->489856K(699392K), 0.0095970 secs] [Times: user=0.10 sys=0.00, real=0.01 secs] 
2016-09-15T12:02:39.250-0400: 163.619: [GC (GCLocker Initiated GC) [PSYoungGen: 149294K->49280K(175104K)] 584155K->514619K(699392K), 0.0323498 secs] [Times: user=0.31 sys=0.00, real=0.03 secs] 
2016-09-15T12:02:39.283-0400: 163.652: [Full GC (Ergonomics) [PSYoungGen: 49280K->0K(175104K)] [ParOldGen: 465339K->46292K(524288K)] 514619K->46292K(699392K), [Metaspace: 44478K->44478K(1087488K)], 0.1001134 secs] [Times: user=0.93 sys=0.01, real=0.10 secs] 
2016-09-15T12:02:39.523-0400: 163.892: [GC (Allocation Failure) [PSYoungGen: 88064K->86014K(175104K)] 140478K->144503K(699392K), 0.0096123 secs] [Times: user=0.13 sys=0.00, real=0.01 secs] 
2016-09-15T12:02:39.636-0400: 164.005: [GC (GCLocker Initiated GC) [PSYoungGen: 169414K->55283K(175104K)] 233979K->175086K(699392K), 0.0120504 secs] [Times: user=0.19 sys=0.00, real=0.01 secs] 
2016-09-15T12:02:39.772-0400: 164.141: [GC (GCLocker Initiated GC) [PSYoungGen: 143347K->30958K(175104K)] 269282K->156974K(699392K), 0.0127723 secs] [Times: user=0.12 sys=0.00, real=0.01 secs] 
2016-09-15T12:02:39.886-0400: 164.255: [GC (Allocation Failure) [PSYoungGen: 119022K->73316K(175104K)] 245096K->199812K(699392K), 0.0209842 secs] [Times: user=0.21 sys=0.00, real=0.02 secs] 
2016-09-15T12:02:40.002-0400: 164.371: [GC (GCLocker Initiated GC) [PSYoungGen: 160534K->85790K(175104K)] 293106K->261014K(699392K), 0.0323804 secs] [Times: user=0.39 sys=0.00, real=0.03 secs] 
2016-09-15T12:02:40.141-0400: 164.510: [GC (Allocation Failure) [PSYoungGen: 173854K->86150K(175104K)] 349271K->304571K(699392K), 0.0104035 secs] [Times: user=0.14 sys=0.00, real=0.01 secs] 
2016-09-15T12:02:40.270-0400: 164.639: [GC (GCLocker Initiated GC) [PSYoungGen: 174214K->55255K(175104K)] 392641K->328601K(699392K), 0.0206381 secs] [Times: user=0.23 sys=0.00, real=0.02 secs] 
2016-09-15T12:02:40.406-0400: 164.775: [GC (GCLocker Initiated GC) [PSYoungGen: 143319K->85954K(175104K)] 416863K->365693K(699392K), 0.0099797 secs] [Times: user=0.14 sys=0.00, real=0.02 secs] 
2016-09-15T12:02:40.541-0400: 164.910: [GC (Allocation Failure) [PSYoungGen: 174018K->49080K(175104K)] 453771K->347366K(699392K), 0.0094076 secs] [Times: user=0.12 sys=0.00, real=0.01 secs] 
2016-09-15T12:02:40.683-0400: 165.052: [GC (GCLocker Initiated GC) [PSYoungGen: 137144K->85726K(175104K)] 435435K->420603K(699392K), 0.0101627 secs] [Times: user=0.12 sys=0.00, real=0.01 secs] 
2016-09-15T12:02:40.808-0400: 165.177: [GC (GCLocker Initiated GC) [PSYoungGen: 173790K->61426K(175104K)] 514913K->421065K(699392K), 0.0196975 secs] [Times: user=0.22 sys=0.00, real=0.02 secs] 
2016-09-15T12:02:40.935-0400: 165.304: [GC (GCLocker Initiated GC) [PSYoungGen: 149490K->73412K(175104K)] 509301K->469957K(699392K), 0.0223288 secs] [Times: user=0.25 sys=0.00, real=0.03 secs] 
2016-09-15T12:02:41.070-0400: 165.439: [GC (GCLocker Initiated GC) [PSYoungGen: 161476K->79815K(175104K)] 558163K->513088K(699392K), 0.0278382 secs] [Times: user=0.33 sys=0.00, real=0.03 secs] 
2016-09-15T12:02:41.237-0400: 165.606: [GC (GCLocker Initiated GC) [PSYoungGen: 167879K->49372K(175104K)] 613651K->544364K(699392K), 0.0165275 secs] [Times: user=0.20 sys=0.01, real=0.01 secs] 
2016-09-15T12:02:41.254-0400: 165.623: [Full GC (Ergonomics) [PSYoungGen: 49372K->0K(175104K)] [ParOldGen: 494992K->52930K(524288K)] 544364K->52930K(699392K), [Metaspace: 44494K->44494K(1087488K)], 0.0598098 secs] [Times: user=0.37 sys=0.01, real=0.06 secs] 
2016-09-15T12:02:41.437-0400: 165.806: [GC (GCLocker Initiated GC) [PSYoungGen: 88064K->85922K(175104K)] 147329K->145187K(699392K), 0.0216476 secs] [Times: user=0.24 sys=0.00, real=0.02 secs] 
2016-09-15T12:02:41.569-0400: 165.938: [GC (Allocation Failure) [PSYoungGen: 173986K->49212K(175104K)] 233388K->163580K(699392K), 0.0098511 secs] [Times: user=0.10 sys=0.00, real=0.01 secs] 
2016-09-15T12:02:41.687-0400: 166.056: [GC (GCLocker Initiated GC) [PSYoungGen: 132105K->73804K(175104K)] 252549K->206689K(699392K), 0.0080424 secs] [Times: user=0.10 sys=0.00, real=0.01 secs] 
2016-09-15T12:02:41.846-0400: 166.215: [GC (GCLocker Initiated GC) [PSYoungGen: 161868K->55383K(175104K)] 301178K->231458K(699392K), 0.0102496 secs] [Times: user=0.15 sys=0.00, real=0.02 secs] 
2016-09-15T12:02:41.978-0400: 166.347: [GC (GCLocker Initiated GC) [PSYoungGen: 143447K->43173K(175104K)] 319659K->237682K(699392K), 0.0073980 secs] [Times: user=0.05 sys=0.00, real=0.00 secs] 
2016-09-15T12:02:42.100-0400: 166.469: [GC (Allocation Failure) [PSYoungGen: 131237K->55191K(175104K)] 337938K->268226K(699392K), 0.0123244 secs] [Times: user=0.11 sys=0.00, real=0.01 secs] 
2016-09-15T12:02:42.236-0400: 166.605: [GC (GCLocker Initiated GC) [PSYoungGen: 143255K->67469K(175104K)] 356291K->317238K(699392K), 0.0104356 secs] [Times: user=0.09 sys=0.00, real=0.00 secs] 
2016-09-15T12:02:42.377-0400: 166.746: [GC (GCLocker Initiated GC) [PSYoungGen: 155533K->67565K(175104K)] 411632K->342212K(699392K), 0.0119360 secs] [Times: user=0.16 sys=0.01, real=0.01 secs] 
2016-09-15T12:02:42.498-0400: 166.867: [GC (GCLocker Initiated GC) [PSYoungGen: 155629K->85662K(175104K)] 430447K->403288K(699392K), 0.0174672 secs] [Times: user=0.20 sys=0.00, real=0.02 secs] 
2016-09-15T12:02:42.636-0400: 167.005: [GC (GCLocker Initiated GC) [PSYoungGen: 173726K->73576K(175104K)] 491585K->440343K(699392K), 0.0190697 secs] [Times: user=0.27 sys=0.00, real=0.01 secs] 
2016-09-15T12:02:42.775-0400: 167.144: [GC (GCLocker Initiated GC) [PSYoungGen: 161640K->49376K(175104K)] 534591K->459052K(699392K), 0.0101335 secs] [Times: user=0.08 sys=0.00, real=0.01 secs] 
2016-09-15T12:02:42.913-0400: 167.282: [GC (Allocation Failure) [PSYoungGen: 137440K->37062K(175104K)] 547242K->489861K(699392K), 0.0148348 secs] [Times: user=0.16 sys=0.00, real=0.02 secs] 
2016-09-15T12:02:42.928-0400: 167.297: [Full GC (Ergonomics) [PSYoungGen: 37062K->0K(175104K)] [ParOldGen: 452799K->40494K(524288K)] 489861K->40494K(699392K), [Metaspace: 44494K->44494K(1087488K)], 0.0558910 secs] [Times: user=0.26 sys=0.01, real=0.05 secs] 
2016-09-15T12:02:43.101-0400: 167.470: [GC (GCLocker Initiated GC) [PSYoungGen: 85846K->73932K(175104K)] 132416K->120501K(699392K), 0.0094176 secs] [Times: user=0.07 sys=0.01, real=0.01 secs] 
2016-09-15T12:02:43.236-0400: 167.605: [GC (GCLocker Initiated GC) [PSYoungGen: 161996K->67373K(175104K)] 208819K->133093K(699392K), 0.0401529 secs] [Times: user=0.42 sys=0.01, real=0.04 secs] 
2016-09-15T12:02:43.408-0400: 167.777: [GC (Allocation Failure) [PSYoungGen: 155437K->67437K(175104K)] 227346K->163954K(699392K), 0.0095859 secs] [Times: user=0.10 sys=0.00, real=0.01 secs] 
2016-09-15T12:02:43.512-0400: 167.881: [GC (GCLocker Initiated GC) [PSYoungGen: 155501K->73576K(175104K)] 252023K->200749K(699392K), 0.0195275 secs] [Times: user=0.20 sys=0.00, real=0.02 secs] 
2016-09-15T12:02:43.658-0400: 168.027: [GC (GCLocker Initiated GC) [PSYoungGen: 161640K->61426K(175104K)] 289090K->243842K(699392K), 0.0306829 secs] [Times: user=0.36 sys=0.01, real=0.03 secs] 
2016-09-15T12:02:43.843-0400: 168.212: [GC (GCLocker Initiated GC) [PSYoungGen: 149490K->18869K(175104K)] 344077K->213568K(699392K), 0.0215688 secs] [Times: user=0.27 sys=0.00, real=0.02 secs] 
2016-09-15T12:02:44.004-0400: 168.373: [GC (Allocation Failure) [PSYoungGen: 106933K->73576K(175104K)] 301987K->268929K(699392K), 0.0074647 secs] [Times: user=0.07 sys=0.01, real=0.01 secs] 
2016-09-15T12:02:44.129-0400: 168.498: [GC (GCLocker Initiated GC) [PSYoungGen: 157770K->49276K(175104K)] 359199K->287282K(699392K), 0.0132936 secs] [Times: user=0.12 sys=0.01, real=0.01 secs] 
2016-09-15T12:02:44.280-0400: 168.649: [GC (GCLocker Initiated GC) [PSYoungGen: 137340K->55583K(175104K)] 381568K->318148K(699392K), 0.0252806 secs] [Times: user=0.30 sys=0.00, real=0.02 secs] 
2016-09-15T12:02:44.415-0400: 168.784: [GC (GCLocker Initiated GC) [PSYoungGen: 143647K->73608K(175104K)] 412441K->342701K(699392K), 0.0071644 secs] [Times: user=0.06 sys=0.00, real=0.01 secs] 
2016-09-15T12:02:44.536-0400: 168.905: [GC (GCLocker Initiated GC) [PSYoungGen: 161672K->79979K(175104K)] 430846K->361447K(699392K), 0.0094431 secs] [Times: user=0.09 sys=0.00, real=0.00 secs] 
2016-09-15T12:02:44.655-0400: 169.024: [GC (GCLocker Initiated GC) [PSYoungGen: 168043K->55451K(175104K)] 461820K->380035K(699392K), 0.0124561 secs] [Times: user=0.11 sys=0.00, real=0.02 secs] 
2016-09-15T12:02:44.787-0400: 169.156: [GC (GCLocker Initiated GC) [PSYoungGen: 143515K->55159K(175104K)] 468199K->380071K(699392K), 0.0084020 secs] [Times: user=0.06 sys=0.00, real=0.01 secs] 
2016-09-15T12:02:44.883-0400: 169.252: [GC (GCLocker Initiated GC) [PSYoungGen: 143223K->85990K(175104K)] 468463K->429559K(699392K), 0.0103258 secs] [Times: user=0.09 sys=0.00, real=0.01 secs] 
2016-09-15T12:02:45.023-0400: 169.392: [GC (GCLocker Initiated GC) [PSYoungGen: 174054K->43269K(175104K)] 517895K->417917K(699392K), 0.0158435 secs] [Times: user=0.17 sys=0.01, real=0.02 secs] 
2016-09-15T12:02:45.133-0400: 169.502: [GC (GCLocker Initiated GC) [PSYoungGen: 131333K->55287K(175104K)] 506017K->436297K(699392K), 0.0085656 secs] [Times: user=0.06 sys=0.00, real=0.01 secs] 
2016-09-15T12:02:45.275-0400: 169.644: [GC (GCLocker Initiated GC) [PSYoungGen: 143351K->55255K(175104K)] 530473K->497327K(699392K), 0.0222705 secs] [Times: user=0.22 sys=0.00, real=0.03 secs] 
2016-09-15T12:02:45.436-0400: 169.805: [GC (GCLocker Initiated GC) [PSYoungGen: 143319K->61230K(175104K)] 585618K->540263K(699392K), 0.0298936 secs] [Times: user=0.30 sys=0.01, real=0.02 secs] 
2016-09-15T12:02:45.466-0400: 169.835: [Full GC (Ergonomics) [PSYoungGen: 61230K->0K(175104K)] [ParOldGen: 479032K->47127K(524288K)] 540263K->47127K(699392K), [Metaspace: 44494K->44494K(1087488K)], 0.0559035 secs] [Times: user=0.28 sys=0.01, real=0.06 secs] 
2016-09-15T12:02:45.634-0400: 170.003: [GC (Allocation Failure) [PSYoungGen: 88064K->86442K(175104K)] 147529K->151982K(699392K), 0.0211846 secs] [Times: user=0.25 sys=0.00, real=0.02 secs] 
2016-09-15T12:02:45.655-0400: 170.024: [GC (GCLocker Initiated GC) [PSYoungGen: 86456K->128K(175104K)] 151996K->176332K(699392K), 0.0084980 secs] [Times: user=0.09 sys=0.00, real=0.01 secs] 
2016-09-15T12:02:45.771-0400: 170.140: [GC (GCLocker Initiated GC) [PSYoungGen: 88192K->86734K(175104K)] 264402K->281169K(699392K), 0.0091951 secs] [Times: user=0.12 sys=0.00, real=0.01 secs] 
2016-09-15T12:02:45.875-0400: 170.244: [GC (GCLocker Initiated GC) [PSYoungGen: 174798K->55059K(175104K)] 369410K->311133K(699392K), 0.0147668 secs] [Times: user=0.17 sys=0.00, real=0.02 secs] 
2016-09-15T12:02:45.991-0400: 170.360: [GC (Allocation Failure) [PSYoungGen: 143123K->55807K(175104K)] 399233K->378917K(699392K), 0.0120865 secs] [Times: user=0.16 sys=0.00, real=0.01 secs] 
2016-09-15T12:02:46.093-0400: 170.462: [GC (GCLocker Initiated GC) [PSYoungGen: 143871K->79751K(175104K)] 466982K->421699K(699392K), 0.0097620 secs] [Times: user=0.10 sys=0.00, real=0.01 secs] 
2016-09-15T12:02:46.247-0400: 170.616: [GC (Allocation Failure) [PSYoungGen: 167815K->37226K(175104K)] 528326K->416222K(699392K), 0.0087937 secs] [Times: user=0.07 sys=0.00, real=0.02 secs] 
2016-09-15T12:02:46.387-0400: 170.756: [GC (GCLocker Initiated GC) [PSYoungGen: 119373K->55319K(175104K)] 504444K->440665K(699392K), 0.0146418 secs] [Times: user=0.16 sys=0.00, real=0.02 secs] 
2016-09-15T12:02:46.503-0400: 170.872: [GC (GCLocker Initiated GC) [PSYoungGen: 143383K->61494K(175104K)] 529012K->465459K(699392K), 0.0229974 secs] [Times: user=0.25 sys=0.00, real=0.02 secs] 
2016-09-15T12:02:46.636-0400: 171.005: [GC (Allocation Failure) [PSYoungGen: 149558K->67341K(175104K)] 553604K->489856K(699392K), 0.0103636 secs] [Times: user=0.08 sys=0.00, real=0.00 secs] 
2016-09-15T12:02:46.760-0400: 171.129: [GC (GCLocker Initiated GC) [PSYoungGen: 152998K->55387K(175104K)] 581588K->496238K(699392K), 0.0117628 secs] [Times: user=0.11 sys=0.01, real=0.01 secs] 
2016-09-15T12:02:46.948-0400: 171.317: [Full GC (Ergonomics) [PSYoungGen: 143451K->0K(175104K)] [ParOldGen: 453126K->52931K(524288K)] 596577K->52931K(699392K), [Metaspace: 44494K->44494K(1087488K)], 0.0584428 secs] [Times: user=0.33 sys=0.00, real=0.05 secs] 
2016-09-15T12:02:47.138-0400: 171.507: [GC (GCLocker Initiated GC) [PSYoungGen: 88064K->74551K(175104K)] 153501K->139989K(699392K), 0.0100115 secs] [Times: user=0.14 sys=0.00, real=0.01 secs] 
2016-09-15T12:02:47.274-0400: 171.643: [GC (Allocation Failure) [PSYoungGen: 162615K->55319K(175104K)] 234186K->146013K(699392K), 0.0079561 secs] [Times: user=0.10 sys=0.00, real=0.01 secs] 
2016-09-15T12:02:47.401-0400: 171.770: [GC (GCLocker Initiated GC) [PSYoungGen: 140461K->55906K(175104K)] 237231K->189434K(699392K), 0.0075338 secs] [Times: user=0.09 sys=0.00, real=0.01 secs] 
2016-09-15T12:02:47.515-0400: 171.884: [GC (GCLocker Initiated GC) [PSYoungGen: 143970K->73836K(175104K)] 277579K->225960K(699392K), 0.0127086 secs] [Times: user=0.14 sys=0.00, real=0.02 secs] 
2016-09-15T12:02:47.663-0400: 172.032: [GC (GCLocker Initiated GC) [PSYoungGen: 161900K->73544K(175104K)] 314077K->244042K(699392K), 0.0312115 secs] [Times: user=0.33 sys=0.00, real=0.03 secs] 
2016-09-15T12:02:47.800-0400: 172.169: [GC (GCLocker Initiated GC) [PSYoungGen: 161608K->49280K(175104K)] 338193K->262590K(699392K), 0.0166362 secs] [Times: user=0.19 sys=0.00, real=0.02 secs] 
2016-09-15T12:02:47.917-0400: 172.286: [GC (GCLocker Initiated GC) [PSYoungGen: 137344K->55223K(175104K)] 350808K->281244K(699392K), 0.0174683 secs] [Times: user=0.15 sys=0.00, real=0.01 secs] 
2016-09-15T12:02:48.047-0400: 172.416: [GC (GCLocker Initiated GC) [PSYoungGen: 143287K->85890K(175104K)] 369597K->360928K(699392K), 0.0270663 secs] [Times: user=0.30 sys=0.00, real=0.03 secs] 
2016-09-15T12:02:48.221-0400: 172.590: [GC (Allocation Failure) [PSYoungGen: 173954K->61330K(175104K)] 449281K->391763K(699392K), 0.0185642 secs] [Times: user=0.19 sys=0.00, real=0.02 secs] 
2016-09-15T12:02:48.240-0400: 172.609: [GC (GCLocker Initiated GC) [PSYoungGen: 61346K->128K(175104K)] 391779K->397732K(699392K), 0.0105611 secs] [Times: user=0.08 sys=0.00, real=0.01 secs] 
2016-09-15T12:02:48.359-0400: 172.728: [GC (GCLocker Initiated GC) [PSYoungGen: 88192K->85886K(175104K)] 485797K->495641K(699392K), 0.0181835 secs] [Times: user=0.18 sys=0.00, real=0.02 secs] 
2016-09-15T12:02:48.490-0400: 172.859: [GC (GCLocker Initiated GC) [PSYoungGen: 173950K->49308K(175104K)] 589894K->520498K(699392K), 0.0106862 secs] [Times: user=0.13 sys=0.00, real=0.01 secs] 
2016-09-15T12:02:48.501-0400: 172.870: [Full GC (Ergonomics) [PSYoungGen: 49308K->0K(175104K)] [ParOldGen: 471190K->53327K(524288K)] 520498K->53327K(699392K), [Metaspace: 44494K->44494K(1087488K)], 0.0578993 secs] [Times: user=0.41 sys=0.02, real=0.06 secs] 
2016-09-15T12:02:48.677-0400: 173.046: [GC (GCLocker Initiated GC) [PSYoungGen: 88064K->86210K(175104K)] 141555K->145777K(699392K), 0.0098127 secs] [Times: user=0.11 sys=0.01, real=0.00 secs] 
2016-09-15T12:02:48.816-0400: 173.185: [GC (Allocation Failure) [PSYoungGen: 174274K->61494K(175104K)] 234151K->140120K(699392K), 0.0165080 secs] [Times: user=0.14 sys=0.00, real=0.01 secs] 
2016-09-15T12:02:48.963-0400: 173.332: [GC (GCLocker Initiated GC) [PSYoungGen: 149558K->55255K(175104K)] 228189K->170776K(699392K), 0.0166564 secs] [Times: user=0.18 sys=0.00, real=0.02 secs] 
2016-09-15T12:02:49.092-0400: 173.461: [GC (Allocation Failure) [PSYoungGen: 143319K->55483K(175104K)] 265276K->195768K(699392K), 0.0249047 secs] [Times: user=0.27 sys=0.00, real=0.03 secs] 
2016-09-15T12:02:49.117-0400: 173.486: [GC (GCLocker Initiated GC) [PSYoungGen: 55503K->96K(175104K)] 195788K->195582K(699392K), 0.0066412 secs] [Times: user=0.06 sys=0.00, real=0.00 secs] 
2016-09-15T12:02:49.244-0400: 173.613: [GC (GCLocker Initiated GC) [PSYoungGen: 83476K->61298K(175104K)] 285038K->262875K(699392K), 0.0120263 secs] [Times: user=0.12 sys=0.00, real=0.02 secs] 
2016-09-15T12:02:49.395-0400: 173.764: [GC (GCLocker Initiated GC) [PSYoungGen: 149362K->37162K(175104K)] 363339K->269624K(699392K), 0.0290186 secs] [Times: user=0.31 sys=0.01, real=0.03 secs] 
2016-09-15T12:02:49.547-0400: 173.916: [GC (GCLocker Initiated GC) [PSYoungGen: 125226K->79619K(175104K)] 357736K->312412K(699392K), 0.0100235 secs] [Times: user=0.08 sys=0.00, real=0.02 secs] 
2016-09-15T12:02:49.697-0400: 174.066: [GC (GCLocker Initiated GC) [PSYoungGen: 167683K->30987K(175104K)] 412847K->336997K(699392K), 0.0093725 secs] [Times: user=0.09 sys=0.00, real=0.00 secs] 
2016-09-15T12:02:49.863-0400: 174.232: [GC (GCLocker Initiated GC) [PSYoungGen: 119051K->55191K(175104K)] 425109K->361516K(699392K), 0.0267570 secs] [Times: user=0.30 sys=0.01, real=0.03 secs] 
2016-09-15T12:02:50.009-0400: 174.378: [GC (GCLocker Initiated GC) [PSYoungGen: 143255K->85466K(175104K)] 449622K->398168K(699392K), 0.0310469 secs] [Times: user=0.39 sys=0.00, real=0.03 secs] 
2016-09-15T12:02:50.200-0400: 174.569: [GC (GCLocker Initiated GC) [PSYoungGen: 173530K->37094K(175104K)] 498586K->423035K(699392K), 0.0098285 secs] [Times: user=0.11 sys=0.00, real=0.01 secs] 
2016-09-15T12:02:50.329-0400: 174.698: [GC (GCLocker Initiated GC) [PSYoungGen: 125158K->67373K(175104K)] 523291K->465601K(699392K), 0.0073060 secs] [Times: user=0.07 sys=0.00, real=0.01 secs] 
2016-09-15T12:02:50.459-0400: 174.828: [GC (GCLocker Initiated GC) [PSYoungGen: 155437K->61622K(175104K)] 559860K->520824K(699392K), 0.0104132 secs] [Times: user=0.11 sys=0.00, real=0.01 secs] 
2016-09-15T12:02:50.469-0400: 174.838: [Full GC (Ergonomics) [PSYoungGen: 61622K->0K(175104K)] [ParOldGen: 459202K->53543K(524288K)] 520824K->53543K(699392K), [Metaspace: 44494K->44494K(1087488K)], 0.0678110 secs] [Times: user=0.52 sys=0.01, real=0.07 secs] 
2016-09-15T12:02:50.633-0400: 175.002: [GC (GCLocker Initiated GC) [PSYoungGen: 88064K->86178K(175104K)] 148004K->146118K(699392K), 0.0098164 secs] [Times: user=0.08 sys=0.00, real=0.01 secs] 
2016-09-15T12:02:50.758-0400: 175.127: [GC (GCLocker Initiated GC) [PSYoungGen: 174242K->73672K(175104K)] 234430K->177129K(699392K), 0.0195831 secs] [Times: user=0.31 sys=0.00, real=0.02 secs] 
2016-09-15T12:02:50.915-0400: 175.284: [GC (GCLocker Initiated GC) [PSYoungGen: 161736K->55547K(175104K)] 265560K->196105K(699392K), 0.0082878 secs] [Times: user=0.11 sys=0.00, real=0.01 secs] 
2016-09-15T12:02:51.032-0400: 175.401: [GC (Allocation Failure) [PSYoungGen: 143611K->73608K(175104K)] 284457K->214713K(699392K), 0.0124266 secs] [Times: user=0.15 sys=0.00, real=0.01 secs] 
2016-09-15T12:02:51.192-0400: 175.561: [GC (GCLocker Initiated GC) [PSYoungGen: 156132K->36898K(175104K)] 303313K->202587K(699392K), 0.0179981 secs] [Times: user=0.23 sys=0.00, real=0.02 secs] 
2016-09-15T12:02:51.307-0400: 175.676: [GC (GCLocker Initiated GC) [PSYoungGen: 124962K->79815K(175104K)] 290891K->264088K(699392K), 0.0091311 secs] [Times: user=0.05 sys=0.01, real=0.02 secs] 
2016-09-15T12:02:51.452-0400: 175.821: [GC (GCLocker Initiated GC) [PSYoungGen: 167879K->55355K(175104K)] 358381K->264186K(699392K), 0.0167475 secs] [Times: user=0.16 sys=0.00, real=0.02 secs] 
2016-09-15T12:02:51.613-0400: 175.982: [GC (Allocation Failure) [PSYoungGen: 143419K->61266K(175104K)] 352876K->277073K(699392K), 0.0095403 secs] [Times: user=0.08 sys=0.00, real=0.01 secs] 
2016-09-15T12:02:51.723-0400: 176.092: [GC (GCLocker Initiated GC) [PSYoungGen: 149330K->61326K(175104K)] 365139K->295659K(699392K), 0.0084499 secs] [Times: user=0.09 sys=0.00, real=0.01 secs] 
2016-09-15T12:02:51.851-0400: 176.220: [GC (Allocation Failure) [PSYoungGen: 149390K->49052K(175104K)] 383911K->301885K(699392K), 0.0085605 secs] [Times: user=0.07 sys=0.00, real=0.01 secs] 
2016-09-15T12:02:51.985-0400: 176.354: [GC (Allocation Failure) [PSYoungGen: 135315K->37094K(175104K)] 388149K->344902K(699392K), 0.0121974 secs] [Times: user=0.16 sys=0.00, real=0.02 secs] 
2016-09-15T12:02:52.087-0400: 176.456: [GC (GCLocker Initiated GC) [PSYoungGen: 125156K->55287K(175104K)] 439039K->369281K(699392K), 0.0090499 secs] [Times: user=0.15 sys=0.00, real=0.02 secs] 
2016-09-15T12:02:52.222-0400: 176.591: [GC (GCLocker Initiated GC) [PSYoungGen: 143351K->79491K(175104K)] 457516K->393891K(699392K), 0.0084415 secs] [Times: user=0.08 sys=0.00, real=0.01 secs] 
2016-09-15T12:02:52.371-0400: 176.740: [GC (GCLocker Initiated GC) [PSYoungGen: 167555K->55091K(175104K)] 482053K->394156K(699392K), 0.0084703 secs] [Times: user=0.07 sys=0.00, real=0.01 secs] 
2016-09-15T12:02:52.523-0400: 176.892: [GC (GCLocker Initiated GC) [PSYoungGen: 143155K->55187K(175104K)] 488364K->400507K(699392K), 0.0067779 secs] [Times: user=0.08 sys=0.00, real=0.01 secs] 
2016-09-15T12:02:52.681-0400: 177.050: [GC (Allocation Failure) [PSYoungGen: 143251K->55647K(175104K)] 494923K->407430K(699392K), 0.0094105 secs] [Times: user=0.12 sys=0.00, real=0.01 secs] 
2016-09-15T12:02:52.815-0400: 177.184: [GC (Allocation Failure) [PSYoungGen: 143711K->73640K(175104K)] 495494K->425535K(699392K), 0.0095073 secs] [Times: user=0.16 sys=0.00, real=0.01 secs] 
2016-09-15T12:02:52.932-0400: 177.301: [GC (GCLocker Initiated GC) [PSYoungGen: 155929K->55447K(175104K)] 513899K->449994K(699392K), 0.0108913 secs] [Times: user=0.17 sys=0.00, real=0.01 secs] 
2016-09-15T12:02:53.050-0400: 177.419: [GC (GCLocker Initiated GC) [PSYoungGen: 143511K->74064K(175104K)] 550468K->517623K(699392K), 0.0115071 secs] [Times: user=0.19 sys=0.00, real=0.01 secs] 
2016-09-15T12:02:53.209-0400: 177.578: [GC (GCLocker Initiated GC) [PSYoungGen: 162128K->56202K(175104K)] 612068K->524667K(699392K), 0.0129169 secs] [Times: user=0.14 sys=0.00, real=0.01 secs] 
2016-09-15T12:02:53.222-0400: 177.591: [Full GC (Ergonomics) [PSYoungGen: 56202K->0K(175104K)] [ParOldGen: 468464K->53997K(524288K)] 524667K->53997K(699392K), [Metaspace: 44499K->44499K(1087488K)], 0.0557760 secs] [Times: user=0.26 sys=0.01, real=0.06 secs] 
2016-09-15T12:02:53.372-0400: 177.741: [GC (GCLocker Initiated GC) [PSYoungGen: 88064K->85794K(175104K)] 148189K->164144K(699392K), 0.0186671 secs] [Times: user=0.20 sys=0.00, real=0.02 secs] 
2016-09-15T12:02:53.476-0400: 177.845: [GC (GCLocker Initiated GC) [PSYoungGen: 173858K->36998K(175104K)] 252498K->188789K(699392K), 0.0185243 secs] [Times: user=0.17 sys=0.00, real=0.01 secs] 
2016-09-15T12:02:53.610-0400: 177.979: [GC (GCLocker Initiated GC) [PSYoungGen: 125062K->73808K(175104K)] 277137K->262600K(699392K), 0.0270252 secs] [Times: user=0.29 sys=0.00, real=0.03 secs] 
2016-09-15T12:02:53.745-0400: 178.114: [GC (GCLocker Initiated GC) [PSYoungGen: 161872K->43041K(175104K)] 350909K->275019K(699392K), 0.0161454 secs] [Times: user=0.13 sys=0.00, real=0.02 secs] 
2016-09-15T12:02:53.888-0400: 178.257: [GC (GCLocker Initiated GC) [PSYoungGen: 131105K->37094K(175104K)] 375528K->318250K(699392K), 0.0244794 secs] [Times: user=0.26 sys=0.00, real=0.02 secs] 
2016-09-15T12:02:54.032-0400: 178.401: [GC (GCLocker Initiated GC) [PSYoungGen: 125158K->73384K(175104K)] 406363K->354840K(699392K), 0.0167965 secs] [Times: user=0.15 sys=0.01, real=0.02 secs] 
2016-09-15T12:02:54.169-0400: 178.538: [GC (GCLocker Initiated GC) [PSYoungGen: 161448K->43301K(175104K)] 449133K->373622K(699392K), 0.0192347 secs] [Times: user=0.19 sys=0.00, real=0.02 secs] 
2016-09-15T12:02:54.305-0400: 178.674: [GC (GCLocker Initiated GC) [PSYoungGen: 131365K->61394K(175104K)] 461873K->410419K(699392K), 0.0153947 secs] [Times: user=0.17 sys=0.00, real=0.02 secs] 
2016-09-15T12:02:54.448-0400: 178.817: [GC (GCLocker Initiated GC) [PSYoungGen: 149458K->55451K(175104K)] 504672K->428986K(699392K), 0.0099103 secs] [Times: user=0.09 sys=0.00, real=0.01 secs] 
2016-09-15T12:02:54.583-0400: 178.952: [GC (GCLocker Initiated GC) [PSYoungGen: 143515K->55191K(175104K)] 517053K->447229K(699392K), 0.0194775 secs] [Times: user=0.20 sys=0.00, real=0.02 secs] 
2016-09-15T12:02:54.705-0400: 179.074: [GC (GCLocker Initiated GC) [PSYoungGen: 143255K->85694K(175104K)] 535436K->484070K(699392K), 0.0135040 secs] [Times: user=0.14 sys=0.00, real=0.02 secs] 
2016-09-15T12:02:54.836-0400: 179.205: [GC (GCLocker Initiated GC) [PSYoungGen: 173758K->61394K(175104K)] 578486K->484630K(699392K), 0.0091978 secs] [Times: user=0.10 sys=0.00, real=0.00 secs] 
2016-09-15T12:02:54.965-0400: 179.334: [GC (GCLocker Initiated GC) [PSYoungGen: 149458K->73576K(175104K)] 578923K->503324K(699392K), 0.0102825 secs] [Times: user=0.11 sys=0.00, real=0.01 secs] 
2016-09-15T12:02:55.104-0400: 179.473: [GC (GCLocker Initiated GC) [PSYoungGen: 161640K->55155K(175104K)] 597538K->521720K(699392K), 0.0164668 secs] [Times: user=0.18 sys=0.00, real=0.02 secs] 
2016-09-15T12:02:55.120-0400: 179.489: [Full GC (Ergonomics) [PSYoungGen: 55155K->0K(175104K)] [ParOldGen: 466564K->47598K(524288K)] 521720K->47598K(699392K), [Metaspace: 44500K->44500K(1087488K)], 0.0586052 secs] [Times: user=0.33 sys=0.01, real=0.06 secs] 
2016-09-15T12:02:55.291-0400: 179.660: [GC (GCLocker Initiated GC) [PSYoungGen: 88064K->86210K(175104K)] 136023K->158469K(699392K), 0.0132081 secs] [Times: user=0.15 sys=0.00, real=0.01 secs] 
2016-09-15T12:02:55.422-0400: 179.791: [GC (GCLocker Initiated GC) [PSYoungGen: 174274K->73576K(175104K)] 246737K->201582K(699392K), 0.0103859 secs] [Times: user=0.12 sys=0.00, real=0.01 secs] 
2016-09-15T12:02:55.538-0400: 179.907: [GC (GCLocker Initiated GC) [PSYoungGen: 161640K->49116K(175104K)] 289934K->232196K(699392K), 0.0145608 secs] [Times: user=0.12 sys=0.01, real=0.01 secs] 
2016-09-15T12:02:55.682-0400: 180.051: [GC (GCLocker Initiated GC) [PSYoungGen: 137180K->79879K(175104K)] 320302K->281525K(699392K), 0.0129563 secs] [Times: user=0.12 sys=0.00, real=0.01 secs] 
2016-09-15T12:02:55.823-0400: 180.192: [GC (GCLocker Initiated GC) [PSYoungGen: 167943K->79715K(175104K)] 369771K->318464K(699392K), 0.0097098 secs] [Times: user=0.11 sys=0.00, real=0.01 secs] 
2016-09-15T12:02:55.929-0400: 180.298: [GC (GCLocker Initiated GC) [PSYoungGen: 167779K->61394K(175104K)] 406755K->343023K(699392K), 0.0150396 secs] [Times: user=0.15 sys=0.00, real=0.01 secs] 
2016-09-15T12:02:56.059-0400: 180.428: [GC (GCLocker Initiated GC) [PSYoungGen: 149458K->55679K(175104K)] 431437K->386549K(699392K), 0.0325008 secs] [Times: user=0.40 sys=0.01, real=0.03 secs] 
2016-09-15T12:02:56.220-0400: 180.589: [GC (GCLocker Initiated GC) [PSYoungGen: 143743K->73644K(175104K)] 481055K->423522K(699392K), 0.0099595 secs] [Times: user=0.07 sys=0.00, real=0.01 secs] 
2016-09-15T12:02:56.376-0400: 180.745: [GC (GCLocker Initiated GC) [PSYoungGen: 161708K->24752K(175104K)] 511801K->393313K(699392K), 0.0067887 secs] [Times: user=0.04 sys=0.00, real=0.00 secs] 
2016-09-15T12:02:56.503-0400: 180.872: [GC (GCLocker Initiated GC) [PSYoungGen: 112816K->86050K(175104K)] 481716K->479377K(699392K), 0.0117988 secs] [Times: user=0.16 sys=0.00, real=0.01 secs] 
2016-09-15T12:02:56.630-0400: 180.999: [GC (GCLocker Initiated GC) [PSYoungGen: 174114K->85890K(175104K)] 567517K->515863K(699392K), 0.0139555 secs] [Times: user=0.15 sys=0.00, real=0.01 secs] 
2016-09-15T12:02:56.754-0400: 181.123: [GC (GCLocker Initiated GC) [PSYoungGen: 173954K->61818K(175104K)] 604114K->553036K(699392K), 0.0116170 secs] [Times: user=0.14 sys=0.01, real=0.01 secs] 
2016-09-15T12:02:56.765-0400: 181.134: [Full GC (Ergonomics) [PSYoungGen: 61818K->0K(175104K)] [ParOldGen: 491218K->53870K(524288K)] 553036K->53870K(699392K), [Metaspace: 44505K->44505K(1087488K)], 0.0568308 secs] [Times: user=0.47 sys=0.00, real=0.06 secs] 
2016-09-15T12:02:56.920-0400: 181.289: [GC (GCLocker Initiated GC) [PSYoungGen: 88064K->86274K(175104K)] 142234K->152594K(699392K), 0.0082148 secs] [Times: user=0.11 sys=0.01, real=0.01 secs] 
2016-09-15T12:02:57.059-0400: 181.428: [GC (GCLocker Initiated GC) [PSYoungGen: 174338K->73480K(175104K)] 241019K->164976K(699392K), 0.0158840 secs] [Times: user=0.17 sys=0.01, real=0.01 secs] 
2016-09-15T12:02:57.200-0400: 181.569: [GC (GCLocker Initiated GC) [PSYoungGen: 161544K->61362K(175104K)] 253061K->171380K(699392K), 0.0211720 secs] [Times: user=0.21 sys=0.01, real=0.02 secs] 
2016-09-15T12:02:57.332-0400: 181.701: [GC (GCLocker Initiated GC) [PSYoungGen: 149426K->79847K(175104K)] 259772K->214621K(699392K), 0.0102519 secs] [Times: user=0.09 sys=0.00, real=0.01 secs] 
2016-09-15T12:02:57.453-0400: 181.822: [GC (GCLocker Initiated GC) [PSYoungGen: 167911K->67437K(175104K)] 302810K->263362K(699392K), 0.0133344 secs] [Times: user=0.12 sys=0.00, real=0.01 secs] 
2016-09-15T12:02:57.598-0400: 181.967: [GC (Allocation Failure) [PSYoungGen: 155501K->67565K(175104K)] 357722K->312447K(699392K), 0.0111860 secs] [Times: user=0.15 sys=0.00, real=0.01 secs] 
2016-09-15T12:02:57.697-0400: 182.066: [GC (GCLocker Initiated GC) [PSYoungGen: 155629K->73672K(175104K)] 400511K->367485K(699392K), 0.0112874 secs] [Times: user=0.18 sys=0.01, real=0.01 secs] 
2016-09-15T12:02:57.841-0400: 182.210: [GC (GCLocker Initiated GC) [PSYoungGen: 161736K->85890K(175104K)] 455708K->386057K(699392K), 0.0118555 secs] [Times: user=0.14 sys=0.00, real=0.01 secs] 
2016-09-15T12:02:58.004-0400: 182.373: [GC (GCLocker Initiated GC) [PSYoungGen: 173954K->61134K(175104K)] 480311K->385967K(699392K), 0.0210915 secs] [Times: user=0.20 sys=0.00, real=0.02 secs] 
2016-09-15T12:02:58.147-0400: 182.516: [GC (GCLocker Initiated GC) [PSYoungGen: 149198K->67177K(175104K)] 474090K->404330K(699392K), 0.0324689 secs] [Times: user=0.31 sys=0.01, real=0.04 secs] 
2016-09-15T12:02:58.276-0400: 182.645: [GC (GCLocker Initiated GC) [PSYoungGen: 155241K->79555K(175104K)] 492650K->471742K(699392K), 0.0369020 secs] [Times: user=0.34 sys=0.00, real=0.03 secs] 
2016-09-15T12:02:58.437-0400: 182.806: [GC (GCLocker Initiated GC) [PSYoungGen: 167619K->43432K(175104K)] 566091K->478458K(699392K), 0.0093048 secs] [Times: user=0.10 sys=0.00, real=0.00 secs] 
2016-09-15T12:02:58.534-0400: 182.903: [GC (GCLocker Initiated GC) [PSYoungGen: 131496K->73416K(175104K)] 566804K->509311K(699392K), 0.0091299 secs] [Times: user=0.08 sys=0.01, real=0.01 secs] 
2016-09-15T12:02:58.646-0400: 183.015: [GC (GCLocker Initiated GC) [PSYoungGen: 161480K->79783K(175104K)] 597440K->546222K(699392K), 0.0313517 secs] [Times: user=0.35 sys=0.00, real=0.04 secs] 
2016-09-15T12:02:58.678-0400: 183.047: [Full GC (Ergonomics) [PSYoungGen: 79783K->0K(175104K)] [ParOldGen: 466438K->60071K(524288K)] 546222K->60071K(699392K), [Metaspace: 44505K->44505K(1087488K)], 0.0528967 secs] [Times: user=0.26 sys=0.01, real=0.05 secs] 
2016-09-15T12:02:58.844-0400: 183.213: [GC (GCLocker Initiated GC) [PSYoungGen: 88064K->86662K(175104K)] 148368K->171266K(699392K), 0.0106062 secs] [Times: user=0.14 sys=0.00, real=0.01 secs] 
2016-09-15T12:02:58.963-0400: 183.332: [GC (Allocation Failure) [PSYoungGen: 174726K->55842K(175104K)] 259669K->178219K(699392K), 0.0140460 secs] [Times: user=0.18 sys=0.00, real=0.02 secs] 
2016-09-15T12:02:59.087-0400: 183.456: [GC (GCLocker Initiated GC) [PSYoungGen: 138958K->85822K(175104K)] 267409K->220500K(699392K), 0.0171132 secs] [Times: user=0.26 sys=0.00, real=0.02 secs] 
2016-09-15T12:02:59.225-0400: 183.594: [GC (GCLocker Initiated GC) [PSYoungGen: 173886K->85854K(175104K)] 308673K->263302K(699392K), 0.0128382 secs] [Times: user=0.20 sys=0.00, real=0.02 secs] 
2016-09-15T12:02:59.377-0400: 183.746: [GC (GCLocker Initiated GC) [PSYoungGen: 173918K->31086K(175104K)] 363731K->269611K(699392K), 0.0071600 secs] [Times: user=0.06 sys=0.00, real=0.00 secs] 
2016-09-15T12:02:59.512-0400: 183.881: [GC (GCLocker Initiated GC) [PSYoungGen: 119150K->73640K(175104K)] 357840K->331025K(699392K), 0.0091631 secs] [Times: user=0.13 sys=0.00, real=0.01 secs] 
2016-09-15T12:02:59.660-0400: 184.029: [GC (GCLocker Initiated GC) [PSYoungGen: 161704K->37386K(175104K)] 431477K->325487K(699392K), 0.0235190 secs] [Times: user=0.25 sys=0.00, real=0.02 secs] 
2016-09-15T12:02:59.805-0400: 184.174: [GC (GCLocker Initiated GC) [PSYoungGen: 125450K->73872K(175104K)] 419853K->368566K(699392K), 0.0210171 secs] [Times: user=0.22 sys=0.00, real=0.02 secs] 
2016-09-15T12:02:59.944-0400: 184.313: [GC (GCLocker Initiated GC) [PSYoungGen: 161936K->55743K(175104K)] 469096K->399504K(699392K), 0.0243254 secs] [Times: user=0.33 sys=0.00, real=0.03 secs] 
2016-09-15T12:03:00.088-0400: 184.457: [GC (GCLocker Initiated GC) [PSYoungGen: 143807K->43269K(175104K)] 494005K->411788K(699392K), 0.0131147 secs] [Times: user=0.13 sys=0.00, real=0.01 secs] 
2016-09-15T12:03:00.220-0400: 184.589: [GC (GCLocker Initiated GC) [PSYoungGen: 131333K->85954K(175104K)] 505985K->479138K(699392K), 0.0233008 secs] [Times: user=0.33 sys=0.00, real=0.02 secs] 
2016-09-15T12:03:00.380-0400: 184.749: [GC (Allocation Failure) [PSYoungGen: 174018K->37190K(175104K)] 573313K->515604K(699392K), 0.0124230 secs] [Times: user=0.20 sys=0.00, real=0.01 secs] 
2016-09-15T12:03:00.393-0400: 184.762: [Full GC (Ergonomics) [PSYoungGen: 37190K->0K(175104K)] [ParOldGen: 478414K->47278K(524288K)] 515604K->47278K(699392K), [Metaspace: 44505K->44505K(1087488K)], 0.0576064 secs] [Times: user=0.46 sys=0.01, real=0.06 secs] 
2016-09-15T12:03:00.560-0400: 184.929: [GC (GCLocker Initiated GC) [PSYoungGen: 82061K->74288K(175104K)] 135415K->127641K(699392K), 0.0100593 secs] [Times: user=0.14 sys=0.00, real=0.01 secs] 
2016-09-15T12:03:00.678-0400: 185.047: [GC (GCLocker Initiated GC) [PSYoungGen: 162352K->85790K(175104K)] 215825K->170538K(699392K), 0.0113771 secs] [Times: user=0.18 sys=0.00, real=0.01 secs] 
2016-09-15T12:03:00.808-0400: 185.177: [GC (GCLocker Initiated GC) [PSYoungGen: 173854K->86018K(175104K)] 264725K->243858K(699392K), 0.0118549 secs] [Times: user=0.17 sys=0.01, real=0.01 secs] 
2016-09-15T12:03:00.948-0400: 185.317: [GC (GCLocker Initiated GC) [PSYoungGen: 174082K->67533K(175104K)] 338100K->310842K(699392K), 0.0112331 secs] [Times: user=0.18 sys=0.00, real=0.01 secs] 
2016-09-15T12:03:01.084-0400: 185.453: [GC (Allocation Failure) [PSYoungGen: 155597K->80239K(175104K)] 399261K->372811K(699392K), 0.0119777 secs] [Times: user=0.17 sys=0.01, real=0.02 secs] 
2016-09-15T12:03:01.240-0400: 185.609: [GC (GCLocker Initiated GC) [PSYoungGen: 168303K->55123K(175104K)] 460875K->366211K(699392K), 0.0129440 secs] [Times: user=0.12 sys=0.01, real=0.01 secs] 
2016-09-15T12:03:01.363-0400: 185.732: [GC (GCLocker Initiated GC) [PSYoungGen: 143187K->73448K(175104K)] 454357K->384714K(699392K), 0.0100497 secs] [Times: user=0.10 sys=0.00, real=0.01 secs] 
2016-09-15T12:03:01.482-0400: 185.851: [GC (GCLocker Initiated GC) [PSYoungGen: 161512K->85986K(175104K)] 472843K->415833K(699392K), 0.0139657 secs] [Times: user=0.14 sys=0.00, real=0.02 secs] 
2016-09-15T12:03:01.640-0400: 186.009: [GC (GCLocker Initiated GC) [PSYoungGen: 174050K->37098K(175104K)] 516324K->428224K(699392K), 0.0116185 secs] [Times: user=0.09 sys=0.00, real=0.01 secs] 
2016-09-15T12:03:01.815-0400: 186.184: [GC (Allocation Failure) [PSYoungGen: 125162K->48920K(175104K)] 528496K->452514K(699392K), 0.0148821 secs] [Times: user=0.15 sys=0.00, real=0.02 secs] 
2016-09-15T12:03:01.949-0400: 186.318: [GC (GCLocker Initiated GC) [PSYoungGen: 136984K->79391K(175104K)] 540578K->507396K(699392K), 0.0111406 secs] [Times: user=0.08 sys=0.00, real=0.01 secs] 
2016-09-15T12:03:02.068-0400: 186.437: [GC (GCLocker Initiated GC) [PSYoungGen: 167455K->85954K(175104K)] 595581K->550665K(699392K), 0.0164595 secs] [Times: user=0.26 sys=0.00, real=0.01 secs] 
2016-09-15T12:03:02.085-0400: 186.454: [Full GC (Ergonomics) [PSYoungGen: 85954K->0K(175104K)] [ParOldGen: 464711K->54022K(524288K)] 550665K->54022K(699392K), [Metaspace: 44506K->44506K(1087488K)], 0.0530504 secs] [Times: user=0.34 sys=0.01, real=0.06 secs] 
2016-09-15T12:03:02.242-0400: 186.611: [GC (GCLocker Initiated GC) [PSYoungGen: 88064K->86210K(175104K)] 142163K->164609K(699392K), 0.0108332 secs] [Times: user=0.16 sys=0.00, real=0.01 secs] 
2016-09-15T12:03:02.361-0400: 186.730: [GC (GCLocker Initiated GC) [PSYoungGen: 174274K->73740K(175104K)] 253023K->207712K(699392K), 0.0107715 secs] [Times: user=0.13 sys=0.00, real=0.01 secs] 
2016-09-15T12:03:02.523-0400: 186.892: [GC (Allocation Failure) [PSYoungGen: 161804K->37030K(175104K)] 296069K->208005K(699392K), 0.0425869 secs] [Times: user=0.50 sys=0.00, real=0.04 secs] 
2016-09-15T12:03:02.671-0400: 187.040: [GC (GCLocker Initiated GC) [PSYoungGen: 125094K->73804K(175104K)] 296074K->263113K(699392K), 0.0161862 secs] [Times: user=0.18 sys=0.00, real=0.01 secs] 
2016-09-15T12:03:02.834-0400: 187.203: [GC (GCLocker Initiated GC) [PSYoungGen: 161868K->37258K(175104K)] 351179K->263146K(699392K), 0.0096183 secs] [Times: user=0.10 sys=0.01, real=0.01 secs] 
2016-09-15T12:03:02.938-0400: 187.307: [GC (GCLocker Initiated GC) [PSYoungGen: 125322K->73676K(175104K)] 351375K->300021K(699392K), 0.0161302 secs] [Times: user=0.16 sys=0.00, real=0.01 secs] 
2016-09-15T12:03:03.077-0400: 187.446: [GC (GCLocker Initiated GC) [PSYoungGen: 161740K->61622K(175104K)] 400433K->379746K(699392K), 0.0119020 secs] [Times: user=0.13 sys=0.00, real=0.01 secs] 
2016-09-15T12:03:03.192-0400: 187.561: [GC (GCLocker Initiated GC) [PSYoungGen: 149686K->67437K(175104K)] 467914K->422242K(699392K), 0.0104317 secs] [Times: user=0.10 sys=0.00, real=0.01 secs] 
2016-09-15T12:03:03.297-0400: 187.666: [GC (GCLocker Initiated GC) [PSYoungGen: 155501K->67405K(175104K)] 510527K->459157K(699392K), 0.0123643 secs] [Times: user=0.09 sys=0.00, real=0.01 secs] 
2016-09-15T12:03:03.457-0400: 187.826: [GC (Allocation Failure) [PSYoungGen: 155469K->79487K(175104K)] 547307K->489825K(699392K), 0.0100855 secs] [Times: user=0.10 sys=0.01, real=0.00 secs] 
2016-09-15T12:03:03.585-0400: 187.954: [GC (GCLocker Initiated GC) [PSYoungGen: 161921K->55187K(175104K)] 578335K->471704K(699392K), 0.0066413 secs] [Times: user=0.07 sys=0.00, real=0.01 secs] 
2016-09-15T12:03:03.693-0400: 188.062: [GC (GCLocker Initiated GC) [PSYoungGen: 143251K->55483K(175104K)] 566098K->478434K(699392K), 0.0107487 secs] [Times: user=0.12 sys=0.01, real=0.01 secs] 
2016-09-15T12:03:03.817-0400: 188.186: [GC (GCLocker Initiated GC) [PSYoungGen: 143547K->85858K(175104K)] 566578K->533473K(699392K), 0.0156096 secs] [Times: user=0.20 sys=0.00, real=0.01 secs] 
2016-09-15T12:03:03.944-0400: 188.313: [GC (GCLocker Initiated GC) [PSYoungGen: 173922K->85626K(175104K)] 621573K->600418K(699392K), 0.0140235 secs] [Times: user=0.22 sys=0.00, real=0.02 secs] 
2016-09-15T12:03:03.958-0400: 188.327: [Full GC (Ergonomics) [PSYoungGen: 85626K->0K(175104K)] [ParOldGen: 514792K->47681K(524288K)] 600418K->47681K(699392K), [Metaspace: 44510K->44510K(1087488K)], 0.0558427 secs] [Times: user=0.38 sys=0.02, real=0.05 secs] 
2016-09-15T12:03:04.139-0400: 188.508: [GC (GCLocker Initiated GC) [PSYoungGen: 88064K->74060K(175104K)] 147959K->133955K(699392K), 0.0148045 secs] [Times: user=0.19 sys=0.01, real=0.01 secs] 
2016-09-15T12:03:04.288-0400: 188.657: [GC (GCLocker Initiated GC) [PSYoungGen: 162124K->73640K(175104K)] 234217K->165005K(699392K), 0.0090422 secs] [Times: user=0.13 sys=0.00, real=0.01 secs] 
2016-09-15T12:03:04.421-0400: 188.790: [GC (GCLocker Initiated GC) [PSYoungGen: 161704K->86050K(175104K)] 253105K->201895K(699392K), 0.0100513 secs] [Times: user=0.11 sys=0.00, real=0.01 secs] 
2016-09-15T12:03:04.564-0400: 188.933: [GC (GCLocker Initiated GC) [PSYoungGen: 174114K->49148K(175104K)] 296210K->201894K(699392K), 0.0168255 secs] [Times: user=0.14 sys=0.00, real=0.02 secs] 
2016-09-15T12:03:04.688-0400: 189.057: [GC (GCLocker Initiated GC) [PSYoungGen: 137212K->67797K(175104K)] 296271K->233198K(699392K), 0.0202146 secs] [Times: user=0.16 sys=0.00, real=0.02 secs] 
2016-09-15T12:03:04.866-0400: 189.235: [GC (GCLocker Initiated GC) [PSYoungGen: 155861K->61362K(175104K)] 327704K->269922K(699392K), 0.0174532 secs] [Times: user=0.17 sys=0.00, real=0.02 secs] 
2016-09-15T12:03:05.012-0400: 189.381: [GC (GCLocker Initiated GC) [PSYoungGen: 149426K->55938K(175104K)] 364417K->289282K(699392K), 0.0145057 secs] [Times: user=0.17 sys=0.00, real=0.01 secs] 
2016-09-15T12:03:05.126-0400: 189.495: [GC (GCLocker Initiated GC) [PSYoungGen: 144002K->73544K(175104K)] 377708K->313607K(699392K), 0.0113280 secs] [Times: user=0.12 sys=0.00, real=0.02 secs] 
2016-09-15T12:03:05.253-0400: 189.622: [GC (GCLocker Initiated GC) [PSYoungGen: 161608K->85758K(175104K)] 401741K->380710K(699392K), 0.0108074 secs] [Times: user=0.13 sys=0.00, real=0.01 secs] 
2016-09-15T12:03:05.390-0400: 189.759: [GC (Allocation Failure) [PSYoungGen: 173822K->37194K(175104K)] 469053K->381457K(699392K), 0.0262545 secs] [Times: user=0.28 sys=0.00, real=0.03 secs] 
2016-09-15T12:03:05.522-0400: 189.891: [GC (GCLocker Initiated GC) [PSYoungGen: 125258K->79423K(175104K)] 469526K->423959K(699392K), 0.0098093 secs] [Times: user=0.07 sys=0.01, real=0.01 secs] 
2016-09-15T12:03:05.662-0400: 190.031: [GC (GCLocker Initiated GC) [PSYoungGen: 167487K->73640K(175104K)] 512707K->473679K(699392K), 0.0161481 secs] [Times: user=0.22 sys=0.00, real=0.02 secs] 
2016-09-15T12:03:05.792-0400: 190.161: [GC (GCLocker Initiated GC) [PSYoungGen: 161704K->43073K(175104K)] 561885K->461755K(699392K), 0.0146561 secs] [Times: user=0.16 sys=0.00, real=0.01 secs] 
2016-09-15T12:03:05.909-0400: 190.278: [GC (GCLocker Initiated GC) [PSYoungGen: 131137K->79751K(175104K)] 550141K->517247K(699392K), 0.0195652 secs] [Times: user=0.18 sys=0.01, real=0.02 secs] 
2016-09-15T12:03:06.056-0400: 190.425: [GC (GCLocker Initiated GC) [PSYoungGen: 167815K->55255K(175104K)] 605370K->505211K(699392K), 0.0091564 secs] [Times: user=0.07 sys=0.00, real=0.00 secs] 
2016-09-15T12:03:06.189-0400: 190.558: [GC (Allocation Failure) [PSYoungGen: 143319K->67633K(175104K)] 593541K->560500K(699392K), 0.0111521 secs] [Times: user=0.12 sys=0.00, real=0.01 secs] 
2016-09-15T12:03:06.201-0400: 190.570: [Full GC (Ergonomics) [PSYoungGen: 67633K->0K(175104K)] [ParOldGen: 492867K->48297K(524288K)] 560500K->48297K(699392K), [Metaspace: 44511K->44511K(1087488K)], 0.0571876 secs] [Times: user=0.38 sys=0.01, real=0.06 secs] 
2016-09-15T12:03:06.374-0400: 190.743: [GC (GCLocker Initiated GC) [PSYoungGen: 88064K->73576K(175104K)] 136367K->121879K(699392K), 0.0072804 secs] [Times: user=0.07 sys=0.00, real=0.01 secs] 
2016-09-15T12:03:06.488-0400: 190.857: [GC (GCLocker Initiated GC) [PSYoungGen: 161640K->79747K(175104K)] 210304K->146943K(699392K), 0.0176802 secs] [Times: user=0.25 sys=0.00, real=0.01 secs] 
2016-09-15T12:03:06.619-0400: 190.988: [GC (GCLocker Initiated GC) [PSYoungGen: 167811K->85790K(175104K)] 235133K->177735K(699392K), 0.0126793 secs] [Times: user=0.20 sys=0.00, real=0.01 secs] 
2016-09-15T12:03:06.746-0400: 191.115: [GC (GCLocker Initiated GC) [PSYoungGen: 173854K->67337K(175104K)] 265925K->177933K(699392K), 0.0101812 secs] [Times: user=0.16 sys=0.00, real=0.02 secs] 
2016-09-15T12:03:06.869-0400: 191.238: [GC (Allocation Failure) [PSYoungGen: 155401K->86182K(175104K)] 266256K->233631K(699392K), 0.0115755 secs] [Times: user=0.18 sys=0.01, real=0.01 secs] 
2016-09-15T12:03:07.010-0400: 191.379: [GC (GCLocker Initiated GC) [PSYoungGen: 169558K->73704K(175104K)] 323083K->264001K(699392K), 0.0124046 secs] [Times: user=0.18 sys=0.00, real=0.01 secs] 
2016-09-15T12:03:07.141-0400: 191.510: [GC (GCLocker Initiated GC) [PSYoungGen: 161768K->74164K(175104K)] 352253K->283018K(699392K), 0.0105742 secs] [Times: user=0.15 sys=0.00, real=0.01 secs] 
2016-09-15T12:03:07.281-0400: 191.650: [GC (GCLocker Initiated GC) [PSYoungGen: 162228K->55187K(175104K)] 371314K->319248K(699392K), 0.0098192 secs] [Times: user=0.14 sys=0.00, real=0.01 secs] 
2016-09-15T12:03:07.451-0400: 191.820: [GC (GCLocker Initiated GC) [PSYoungGen: 143251K->36930K(175104K)] 413501K->307267K(699392K), 0.0063433 secs] [Times: user=0.06 sys=0.00, real=0.01 secs] 
2016-09-15T12:03:07.580-0400: 191.949: [GC (Allocation Failure) [PSYoungGen: 124994K->85790K(175104K)] 401476K->362408K(699392K), 0.0103355 secs] [Times: user=0.14 sys=0.00, real=0.01 secs] 
2016-09-15T12:03:07.687-0400: 192.056: [GC (GCLocker Initiated GC) [PSYoungGen: 170005K->55611K(175104K)] 452698K->405296K(699392K), 0.0119608 secs] [Times: user=0.18 sys=0.00, real=0.02 secs] 
2016-09-15T12:03:07.810-0400: 192.179: [GC (GCLocker Initiated GC) [PSYoungGen: 143675K->85922K(175104K)] 493659K->460514K(699392K), 0.0118357 secs] [Times: user=0.19 sys=0.00, real=0.01 secs] 
2016-09-15T12:03:07.935-0400: 192.303: [GC (GCLocker Initiated GC) [PSYoungGen: 173986K->73740K(175104K)] 554902K->455103K(699392K), 0.0099239 secs] [Times: user=0.15 sys=0.00, real=0.01 secs] 
2016-09-15T12:03:08.075-0400: 192.444: [GC (GCLocker Initiated GC) [PSYoungGen: 161804K->43073K(175104K)] 543349K->461172K(699392K), 0.0092358 secs] [Times: user=0.08 sys=0.00, real=0.01 secs] 
2016-09-15T12:03:08.202-0400: 192.571: [GC (GCLocker Initiated GC) [PSYoungGen: 131137K->73544K(175104K)] 555386K->534363K(699392K), 0.0185068 secs] [Times: user=0.22 sys=0.00, real=0.02 secs] 
2016-09-15T12:03:08.221-0400: 192.590: [Full GC (Ergonomics) [PSYoungGen: 73544K->0K(175104K)] [ParOldGen: 460819K->53849K(524288K)] 534363K->53849K(699392K), [Metaspace: 44511K->44511K(1087488K)], 0.0586769 secs] [Times: user=0.34 sys=0.01, real=0.06 secs] 
2016-09-15T12:03:08.393-0400: 192.762: [GC (GCLocker Initiated GC) [PSYoungGen: 88064K->86566K(175104K)] 148079K->152657K(699392K), 0.0083240 secs] [Times: user=0.09 sys=0.01, real=0.01 secs] 
2016-09-15T12:03:08.518-0400: 192.887: [GC (GCLocker Initiated GC) [PSYoungGen: 174630K->55255K(175104K)] 253198K->189613K(699392K), 0.0111664 secs] [Times: user=0.11 sys=0.00, real=0.01 secs] 
2016-09-15T12:03:08.661-0400: 193.030: [GC (GCLocker Initiated GC) [PSYoungGen: 143319K->43105K(175104K)] 277680K->195810K(699392K), 0.0234114 secs] [Times: user=0.25 sys=0.00, real=0.02 secs] 
2016-09-15T12:03:08.832-0400: 193.201: [GC (GCLocker Initiated GC) [PSYoungGen: 131169K->55419K(175104K)] 296240K->220594K(699392K), 0.0065333 secs] [Times: user=0.05 sys=0.00, real=0.01 secs] 
2016-09-15T12:03:08.965-0400: 193.334: [GC (GCLocker Initiated GC) [PSYoungGen: 143483K->42877K(175104K)] 314837K->226640K(699392K), 0.0107243 secs] [Times: user=0.08 sys=0.00, real=0.02 secs] 
2016-09-15T12:03:09.087-0400: 193.456: [GC (Allocation Failure) [PSYoungGen: 130941K->49703K(175104K)] 320989K->270246K(699392K), 0.0148397 secs] [Times: user=0.15 sys=0.00, real=0.02 secs] 
2016-09-15T12:03:09.224-0400: 193.593: [GC (GCLocker Initiated GC) [PSYoungGen: 137767K->61070K(175104K)] 358316K->288264K(699392K), 0.0265094 secs] [Times: user=0.25 sys=0.00, real=0.03 secs] 
2016-09-15T12:03:09.361-0400: 193.730: [GC (Allocation Failure) [PSYoungGen: 149134K->73740K(175104K)] 376555K->301288K(699392K), 0.0125283 secs] [Times: user=0.14 sys=0.00, real=0.01 secs] 
2016-09-15T12:03:09.503-0400: 193.872: [GC (GCLocker Initiated GC) [PSYoungGen: 159491K->49276K(175104K)] 393115K->319804K(699392K), 0.0205262 secs] [Times: user=0.26 sys=0.00, real=0.02 secs] 
2016-09-15T12:03:09.639-0400: 194.008: [GC (GCLocker Initiated GC) [PSYoungGen: 137340K->73804K(175104K)] 408000K->344599K(699392K), 0.0135297 secs] [Times: user=0.17 sys=0.00, real=0.01 secs] 
2016-09-15T12:03:09.766-0400: 194.135: [GC (Allocation Failure) [PSYoungGen: 161868K->85726K(175104K)] 432738K->375284K(699392K), 0.0137503 secs] [Times: user=0.17 sys=0.00, real=0.02 secs] 
2016-09-15T12:03:09.888-0400: 194.257: [GC (GCLocker Initiated GC) [PSYoungGen: 173790K->61458K(175104K)] 463360K->399912K(699392K), 0.0111424 secs] [Times: user=0.15 sys=0.00, real=0.01 secs] 
2016-09-15T12:03:10.028-0400: 194.397: [GC (GCLocker Initiated GC) [PSYoungGen: 149522K->85858K(175104K)] 488125K->430827K(699392K), 0.0099247 secs] [Times: user=0.10 sys=0.00, real=0.01 secs] 
2016-09-15T12:03:10.179-0400: 194.548: [GC (Allocation Failure) [PSYoungGen: 173922K->55123K(175104K)] 518989K->418886K(699392K), 0.0231070 secs] [Times: user=0.24 sys=0.00, real=0.02 secs] 
2016-09-15T12:03:10.311-0400: 194.680: [GC (GCLocker Initiated GC) [PSYoungGen: 140508K->55547K(175104K)] 510346K->449828K(699392K), 0.0107834 secs] [Times: user=0.16 sys=0.00, real=0.01 secs] 
2016-09-15T12:03:10.446-0400: 194.815: [GC (GCLocker Initiated GC) [PSYoungGen: 143611K->73512K(175104K)] 537930K->468278K(699392K), 0.0073538 secs] [Times: user=0.07 sys=0.00, real=0.01 secs] 
2016-09-15T12:03:10.583-0400: 194.952: [GC (Allocation Failure) [PSYoungGen: 161576K->73708K(175104K)] 556675K->493359K(699392K), 0.0102108 secs] [Times: user=0.08 sys=0.00, real=0.01 secs] 
2016-09-15T12:03:10.723-0400: 195.092: [GC (GCLocker Initiated GC) [PSYoungGen: 160705K->37517K(175104K)] 586431K->481784K(699392K), 0.0070319 secs] [Times: user=0.09 sys=0.01, real=0.01 secs] 
2016-09-15T12:03:10.868-0400: 195.236: [GC (GCLocker Initiated GC) [PSYoungGen: 125581K->73512K(175104K)] 569861K->517919K(699392K), 0.0074722 secs] [Times: user=0.09 sys=0.00, real=0.01 secs] 
2016-09-15T12:03:11.011-0400: 195.380: [GC (GCLocker Initiated GC) [PSYoungGen: 161576K->49116K(175104K)] 606119K->512136K(699392K), 0.0070898 secs] [Times: user=0.06 sys=0.00, real=0.01 secs] 
2016-09-15T12:03:11.144-0400: 195.513: [GC (GCLocker Initiated GC) [PSYoungGen: 137180K->55255K(175104K)] 600555K->536935K(699392K), 0.0138674 secs] [Times: user=0.12 sys=0.00, real=0.02 secs] 
2016-09-15T12:03:11.158-0400: 195.527: [Full GC (Ergonomics) [PSYoungGen: 55255K->0K(175104K)] [ParOldGen: 481680K->48370K(524288K)] 536935K->48370K(699392K), [Metaspace: 44512K->44512K(1087488K)], 0.0635749 secs] [Times: user=0.36 sys=0.00, real=0.06 secs] 
2016-09-15T12:03:11.339-0400: 195.708: [GC (GCLocker Initiated GC) [PSYoungGen: 88064K->79847K(175104K)] 136682K->128466K(699392K), 0.0079022 secs] [Times: user=0.07 sys=0.00, real=0.00 secs] 
2016-09-15T12:03:11.459-0400: 195.828: [GC (GCLocker Initiated GC) [PSYoungGen: 167911K->73704K(175104K)] 217215K->159946K(699392K), 0.0104341 secs] [Times: user=0.16 sys=0.00, real=0.01 secs] 
2016-09-15T12:03:11.606-0400: 195.975: [GC (GCLocker Initiated GC) [PSYoungGen: 161768K->73968K(175104K)] 260515K->172827K(699392K), 0.0074520 secs] [Times: user=0.08 sys=0.00, real=0.01 secs] 
2016-09-15T12:03:11.721-0400: 196.090: [GC (GCLocker Initiated GC) [PSYoungGen: 162032K->79715K(175104K)] 261257K->215698K(699392K), 0.0156328 secs] [Times: user=0.21 sys=0.00, real=0.02 secs] 
2016-09-15T12:03:11.868-0400: 196.237: [GC (Allocation Failure) [PSYoungGen: 167779K->61166K(175104K)] 304061K->227895K(699392K), 0.0140953 secs] [Times: user=0.07 sys=0.01, real=0.01 secs] 
2016-09-15T12:03:12.011-0400: 196.380: [GC (GCLocker Initiated GC) [PSYoungGen: 145390K->55938K(175104K)] 318194K->247087K(699392K), 0.0099110 secs] [Times: user=0.14 sys=0.00, real=0.01 secs] 
2016-09-15T12:03:12.137-0400: 196.506: [GC (GCLocker Initiated GC) [PSYoungGen: 144002K->73804K(175104K)] 341581K->271698K(699392K), 0.0079178 secs] [Times: user=0.11 sys=0.00, real=0.00 secs] 
2016-09-15T12:03:12.271-0400: 196.640: [GC (Allocation Failure) [PSYoungGen: 161868K->85758K(175104K)] 360118K->308591K(699392K), 0.0139875 secs] [Times: user=0.18 sys=0.00, real=0.01 secs] 
2016-09-15T12:03:12.403-0400: 196.772: [GC (GCLocker Initiated GC) [PSYoungGen: 173738K->73608K(175104K)] 396735K->333159K(699392K), 0.0154773 secs] [Times: user=0.24 sys=0.00, real=0.02 secs] 
2016-09-15T12:03:12.522-0400: 196.891: [GC (GCLocker Initiated GC) [PSYoungGen: 161672K->86118K(175104K)] 421589K->352238K(699392K), 0.0106761 secs] [Times: user=0.15 sys=0.00, real=0.01 secs] 
2016-09-15T12:03:12.666-0400: 197.035: [GC (GCLocker Initiated GC) [PSYoungGen: 174182K->73576K(175104K)] 440428K->394788K(699392K), 0.0133996 secs] [Times: user=0.13 sys=0.00, real=0.02 secs] 
2016-09-15T12:03:12.806-0400: 197.175: [GC (GCLocker Initiated GC) [PSYoungGen: 161640K->73608K(175104K)] 488981K->431459K(699392K), 0.0105057 secs] [Times: user=0.11 sys=0.00, real=0.02 secs] 
2016-09-15T12:03:12.919-0400: 197.288: [GC (GCLocker Initiated GC) [PSYoungGen: 161672K->49180K(175104K)] 519632K->456015K(699392K), 0.0121081 secs] [Times: user=0.11 sys=0.00, real=0.01 secs] 
2016-09-15T12:03:13.057-0400: 197.426: [GC (GCLocker Initiated GC) [PSYoungGen: 137244K->85626K(175104K)] 550336K->517235K(699392K), 0.0291958 secs] [Times: user=0.31 sys=0.00, real=0.02 secs] 
2016-09-15T12:03:13.216-0400: 197.585: [GC (GCLocker Initiated GC) [PSYoungGen: 173690K->43041K(175104K)] 611489K->523468K(699392K), 0.0101165 secs] [Times: user=0.09 sys=0.00, real=0.00 secs] 
2016-09-15T12:03:13.226-0400: 197.595: [Full GC (Ergonomics) [PSYoungGen: 43041K->0K(175104K)] [ParOldGen: 480427K->48148K(524288K)] 523468K->48148K(699392K), [Metaspace: 44512K->44512K(1087488K)], 0.0628790 secs] [Times: user=0.33 sys=0.01, real=0.07 secs] 
2016-09-15T12:03:13.405-0400: 197.774: [GC (GCLocker Initiated GC) [PSYoungGen: 88064K->86310K(175104K)] 142502K->165048K(699392K), 0.0115708 secs] [Times: user=0.11 sys=0.00, real=0.02 secs] 
2016-09-15T12:03:13.540-0400: 197.908: [GC (Allocation Failure) [PSYoungGen: 174374K->43137K(175104K)] 259206K->171198K(699392K), 0.0195669 secs] [Times: user=0.21 sys=0.01, real=0.02 secs] 
2016-09-15T12:03:13.663-0400: 198.032: [GC (GCLocker Initiated GC) [PSYoungGen: 127923K->73608K(175104K)] 262059K->244493K(699392K), 0.0097908 secs] [Times: user=0.11 sys=0.00, real=0.01 secs] 
2016-09-15T12:03:13.803-0400: 198.172: [GC (GCLocker Initiated GC) [PSYoungGen: 161672K->73580K(175104K)] 332594K->244769K(699392K), 0.0177259 secs] [Times: user=0.17 sys=0.00, real=0.02 secs] 
2016-09-15T12:03:13.948-0400: 198.317: [GC (GCLocker Initiated GC) [PSYoungGen: 161644K->55714K(175104K)] 345265K->239752K(699392K), 0.0098408 secs] [Times: user=0.09 sys=0.00, real=0.01 secs] 
2016-09-15T12:03:14.097-0400: 198.466: [GC (Allocation Failure) [PSYoungGen: 143778K->37094K(175104K)] 333977K->245792K(699392K), 0.0164760 secs] [Times: user=0.19 sys=0.00, real=0.01 secs] 
2016-09-15T12:03:14.114-0400: 198.483: [GC (GCLocker Initiated GC) [PSYoungGen: 37470K->96K(175104K)] 246169K->245581K(699392K), 0.0053352 secs] [Times: user=0.05 sys=0.00, real=0.01 secs] 
2016-09-15T12:03:14.255-0400: 198.624: [GC (GCLocker Initiated GC) [PSYoungGen: 88160K->85790K(175104K)] 333645K->355575K(699392K), 0.0101069 secs] [Times: user=0.14 sys=0.00, real=0.01 secs] 
2016-09-15T12:03:14.377-0400: 198.746: [GC (GCLocker Initiated GC) [PSYoungGen: 173854K->67829K(175104K)] 449952K->398917K(699392K), 0.0194180 secs] [Times: user=0.19 sys=0.00, real=0.02 secs] 
2016-09-15T12:03:14.517-0400: 198.886: [GC (GCLocker Initiated GC) [PSYoungGen: 155893K->85954K(175104K)] 487235K->441880K(699392K), 0.0206304 secs] [Times: user=0.24 sys=0.00, real=0.02 secs] 
2016-09-15T12:03:14.643-0400: 199.012: [GC (GCLocker Initiated GC) [PSYoungGen: 174018K->73672K(175104K)] 530142K->448149K(699392K), 0.0101995 secs] [Times: user=0.08 sys=0.00, real=0.01 secs] 
2016-09-15T12:03:14.774-0400: 199.143: [GC (GCLocker Initiated GC) [PSYoungGen: 161736K->55223K(175104K)] 542476K->454455K(699392K), 0.0091557 secs] [Times: user=0.08 sys=0.00, real=0.01 secs] 
2016-09-15T12:03:14.896-0400: 199.265: [GC (Allocation Failure) [PSYoungGen: 143287K->73708K(175104K)] 548888K->479584K(699392K), 0.0250992 secs] [Times: user=0.30 sys=0.00, real=0.02 secs] 
2016-09-15T12:03:14.922-0400: 199.291: [GC (GCLocker Initiated GC) [PSYoungGen: 73724K->96K(175104K)] 479600K->479422K(699392K), 0.0072842 secs] [Times: user=0.07 sys=0.00, real=0.01 secs] 
2016-09-15T12:03:14.929-0400: 199.298: [Full GC (Ergonomics) [PSYoungGen: 96K->0K(175104K)] [ParOldGen: 479326K->54095K(524288K)] 479422K->54095K(699392K), [Metaspace: 44512K->44512K(1087488K)], 0.0591708 secs] [Times: user=0.35 sys=0.00, real=0.06 secs] 
2016-09-15T12:03:15.111-0400: 199.480: [GC (GCLocker Initiated GC) [PSYoungGen: 88064K->80103K(175104K)] 142165K->134204K(699392K), 0.0151213 secs] [Times: user=0.22 sys=0.00, real=0.01 secs] 
2016-09-15T12:03:15.261-0400: 199.630: [GC (GCLocker Initiated GC) [PSYoungGen: 168167K->85790K(175104K)] 222383K->177003K(699392K), 0.0121728 secs] [Times: user=0.18 sys=0.00, real=0.01 secs] 
2016-09-15T12:03:15.404-0400: 199.773: [GC (GCLocker Initiated GC) [PSYoungGen: 173854K->79715K(175104K)] 277389K->207865K(699392K), 0.0192605 secs] [Times: user=0.24 sys=0.00, real=0.02 secs] 
2016-09-15T12:03:15.534-0400: 199.903: [GC (GCLocker Initiated GC) [PSYoungGen: 167779K->73836K(175104K)] 302006K->238738K(699392K), 0.0088064 secs] [Times: user=0.08 sys=0.00, real=0.01 secs] 
2016-09-15T12:03:15.677-0400: 200.046: [GC (Allocation Failure) [PSYoungGen: 161900K->55287K(175104K)] 326910K->250972K(699392K), 0.0220174 secs] [Times: user=0.24 sys=0.00, real=0.02 secs] 
2016-09-15T12:03:15.817-0400: 200.186: [GC (GCLocker Initiated GC) [PSYoungGen: 143351K->67341K(175104K)] 339041K->263283K(699392K), 0.0243311 secs] [Times: user=0.24 sys=0.00, real=0.02 secs] 
2016-09-15T12:03:15.944-0400: 200.313: [GC (GCLocker Initiated GC) [PSYoungGen: 155405K->85758K(175104K)] 351406K->324591K(699392K), 0.0154151 secs] [Times: user=0.16 sys=0.00, real=0.02 secs] 
2016-09-15T12:03:16.078-0400: 200.447: [GC (GCLocker Initiated GC) [PSYoungGen: 173822K->85790K(175104K)] 418828K->385739K(699392K), 0.0107776 secs] [Times: user=0.11 sys=0.00, real=0.01 secs] 
2016-09-15T12:03:16.219-0400: 200.588: [GC (GCLocker Initiated GC) [PSYoungGen: 173854K->61398K(175104K)] 480205K->386241K(699392K), 0.0114246 secs] [Times: user=0.10 sys=0.00, real=0.01 secs] 
2016-09-15T12:03:16.370-0400: 200.739: [GC (Allocation Failure) [PSYoungGen: 149462K->18936K(175104K)] 480624K->368740K(699392K), 0.0197350 secs] [Times: user=0.20 sys=0.00, real=0.02 secs] 
2016-09-15T12:03:16.487-0400: 200.856: [GC (GCLocker Initiated GC) [PSYoungGen: 104321K->55091K(175104K)] 460199K->411236K(699392K), 0.0220733 secs] [Times: user=0.22 sys=0.00, real=0.03 secs] 
2016-09-15T12:03:16.610-0400: 200.979: [GC (GCLocker Initiated GC) [PSYoungGen: 143155K->85890K(175104K)] 499348K->484751K(699392K), 0.0109570 secs] [Times: user=0.10 sys=0.00, real=0.01 secs] 
2016-09-15T12:03:16.737-0400: 201.106: [GC (GCLocker Initiated GC) [PSYoungGen: 173954K->79619K(175104K)] 578999K->515651K(699392K), 0.0217887 secs] [Times: user=0.23 sys=0.00, real=0.02 secs] 
2016-09-15T12:03:16.863-0400: 201.232: [GC (GCLocker Initiated GC) [PSYoungGen: 167683K->61198K(175104K)] 603947K->546166K(699392K), 0.0112671 secs] [Times: user=0.10 sys=0.00, real=0.01 secs] 
2016-09-15T12:03:16.874-0400: 201.243: [Full GC (Ergonomics) [PSYoungGen: 61198K->0K(175104K)] [ParOldGen: 484967K->54255K(524288K)] 546166K->54255K(699392K), [Metaspace: 44514K->44514K(1087488K)], 0.0598205 secs] [Times: user=0.32 sys=0.01, real=0.06 secs] 
2016-09-15T12:03:17.046-0400: 201.415: [GC (GCLocker Initiated GC) [PSYoungGen: 88064K->86114K(175104K)] 142610K->164960K(699392K), 0.0180786 secs] [Times: user=0.19 sys=0.00, real=0.02 secs] 
2016-09-15T12:03:17.181-0400: 201.550: [GC (GCLocker Initiated GC) [PSYoungGen: 174178K->37258K(175104K)] 253222K->172001K(699392K), 0.0379014 secs] [Times: user=0.41 sys=0.00, real=0.04 secs] 
2016-09-15T12:03:17.322-0400: 201.691: [GC (GCLocker Initiated GC) [PSYoungGen: 125322K->79491K(175104K)] 260347K->214612K(699392K), 0.0144253 secs] [Times: user=0.15 sys=0.00, real=0.02 secs] 
2016-09-15T12:03:17.459-0400: 201.828: [GC (GCLocker Initiated GC) [PSYoungGen: 167555K->85986K(175104K)] 302785K->263877K(699392K), 0.0120627 secs] [Times: user=0.18 sys=0.00, real=0.01 secs] 
2016-09-15T12:03:17.609-0400: 201.978: [GC (GCLocker Initiated GC) [PSYoungGen: 174050K->55611K(175104K)] 364440K->282751K(699392K), 0.0125040 secs] [Times: user=0.16 sys=0.00, real=0.01 secs] 
2016-09-15T12:03:17.741-0400: 202.110: [GC (GCLocker Initiated GC) [PSYoungGen: 143675K->85826K(175104K)] 371041K->319551K(699392K), 0.0143864 secs] [Times: user=0.18 sys=0.00, real=0.02 secs] 
2016-09-15T12:03:17.896-0400: 202.265: [GC (GCLocker Initiated GC) [PSYoungGen: 173890K->43105K(175104K)] 419975K->331974K(699392K), 0.0103646 secs] [Times: user=0.07 sys=0.01, real=0.01 secs] 
2016-09-15T12:03:18.061-0400: 202.430: [GC (GCLocker Initiated GC) [PSYoungGen: 131169K->43041K(175104K)] 426284K->350573K(699392K), 0.0097626 secs] [Times: user=0.07 sys=0.00, real=0.01 secs] 
2016-09-15T12:03:18.207-0400: 202.576: [GC (GCLocker Initiated GC) [PSYoungGen: 131105K->67401K(175104K)] 444772K->423924K(699392K), 0.0239362 secs] [Times: user=0.34 sys=0.00, real=0.03 secs] 
2016-09-15T12:03:18.343-0400: 202.712: [GC (GCLocker Initiated GC) [PSYoungGen: 155465K->55415K(175104K)] 518267K->491293K(699392K), 0.0112957 secs] [Times: user=0.16 sys=0.01, real=0.01 secs] 
2016-09-15T12:03:18.466-0400: 202.835: [GC (GCLocker Initiated GC) [PSYoungGen: 143479K->79879K(175104K)] 579712K->534629K(699392K), 0.0100631 secs] [Times: user=0.11 sys=0.00, real=0.02 secs] 
2016-09-15T12:03:18.476-0400: 202.845: [Full GC (Ergonomics) [PSYoungGen: 79879K->0K(175104K)] [ParOldGen: 454750K->54395K(524288K)] 534629K->54395K(699392K), [Metaspace: 44515K->44515K(1087488K)], 0.0540737 secs] [Times: user=0.32 sys=0.01, real=0.05 secs] 
2016-09-15T12:03:18.655-0400: 203.024: [GC (GCLocker Initiated GC) [PSYoungGen: 88064K->85890K(175104K)] 142674K->146575K(699392K), 0.0086135 secs] [Times: user=0.10 sys=0.00, real=0.01 secs] 
2016-09-15T12:03:18.798-0400: 203.167: [GC (GCLocker Initiated GC) [PSYoungGen: 173954K->85854K(175104K)] 234709K->207839K(699392K), 0.0124639 secs] [Times: user=0.20 sys=0.00, real=0.01 secs] 
2016-09-15T12:03:18.921-0400: 203.290: [GC (Allocation Failure) [PSYoungGen: 173918K->73772K(175104K)] 296118K->244715K(699392K), 0.0118605 secs] [Times: user=0.16 sys=0.00, real=0.01 secs] 
2016-09-15T12:03:19.043-0400: 203.412: [GC (GCLocker Initiated GC) [PSYoungGen: 159020K->74032K(175104K)] 336038K->269575K(699392K), 0.0098230 secs] [Times: user=0.13 sys=0.02, real=0.01 secs] 
2016-09-15T12:03:19.190-0400: 203.559: [GC (Allocation Failure) [PSYoungGen: 162096K->55515K(175104K)] 364036K->257574K(699392K), 0.0074142 secs] [Times: user=0.07 sys=0.00, real=0.01 secs] 
2016-09-15T12:03:19.301-0400: 203.670: [GC (GCLocker Initiated GC) [PSYoungGen: 139765K->55743K(175104K)] 347900K->282582K(699392K), 0.0127157 secs] [Times: user=0.17 sys=0.01, real=0.01 secs] 
2016-09-15T12:03:19.447-0400: 203.816: [GC (Allocation Failure) [PSYoungGen: 143807K->73644K(175104K)] 377070K->307019K(699392K), 0.0160969 secs] [Times: user=0.18 sys=0.01, real=0.02 secs] 
2016-09-15T12:03:19.608-0400: 203.977: [GC (GCLocker Initiated GC) [PSYoungGen: 161708K->67373K(175104K)] 395089K->337627K(699392K), 0.0109001 secs] [Times: user=0.08 sys=0.00, real=0.01 secs] 
2016-09-15T12:03:19.750-0400: 204.119: [GC (GCLocker Initiated GC) [PSYoungGen: 155437K->43173K(175104K)] 431976K->338040K(699392K), 0.0249231 secs] [Times: user=0.25 sys=0.00, real=0.02 secs] 
2016-09-15T12:03:19.881-0400: 204.250: [GC (GCLocker Initiated GC) [PSYoungGen: 131237K->73576K(175104K)] 426308K->429689K(699392K), 0.0163342 secs] [Times: user=0.16 sys=0.01, real=0.02 secs] 
2016-09-15T12:03:20.015-0400: 204.384: [GC (GCLocker Initiated GC) [PSYoungGen: 161640K->67405K(175104K)] 517868K->454284K(699392K), 0.0162587 secs] [Times: user=0.17 sys=0.00, real=0.02 secs] 
2016-09-15T12:03:20.147-0400: 204.516: [GC (GCLocker Initiated GC) [PSYoungGen: 155469K->73708K(175104K)] 542546K->503601K(699392K), 0.0209058 secs] [Times: user=0.21 sys=0.00, real=0.02 secs] 
2016-09-15T12:03:20.307-0400: 204.676: [GC (Allocation Failure) [PSYoungGen: 161772K->61394K(175104K)] 591701K->528073K(699392K), 0.0251855 secs] [Times: user=0.29 sys=0.01, real=0.03 secs] 
2016-09-15T12:03:20.332-0400: 204.701: [Full GC (Ergonomics) [PSYoungGen: 61394K->0K(175104K)] [ParOldGen: 466679K->46677K(524288K)] 528073K->46677K(699392K), [Metaspace: 44522K->44522K(1087488K)], 0.0601823 secs] [Times: user=0.32 sys=0.00, real=0.06 secs] 
2016-09-15T12:03:20.511-0400: 204.880: [GC (GCLocker Initiated GC) [PSYoungGen: 86698K->86570K(175104K)] 139450K->151472K(699392K), 0.0114361 secs] [Times: user=0.14 sys=0.00, real=0.01 secs] 
2016-09-15T12:03:20.653-0400: 205.022: [GC (Allocation Failure) [PSYoungGen: 174634K->49276K(175104K)] 239728K->163682K(699392K), 0.0094743 secs] [Times: user=0.09 sys=0.00, real=0.01 secs] 
2016-09-15T12:03:20.789-0400: 205.158: [GC (GCLocker Initiated GC) [PSYoungGen: 137340K->67469K(175104K)] 251746K->200204K(699392K), 0.0116599 secs] [Times: user=0.12 sys=0.01, real=0.01 secs] 
2016-09-15T12:03:20.904-0400: 205.273: [GC (GCLocker Initiated GC) [PSYoungGen: 155533K->49408K(175104K)] 294497K->224942K(699392K), 0.0284462 secs] [Times: user=0.29 sys=0.02, real=0.03 secs] 
2016-09-15T12:03:21.045-0400: 205.414: [GC (GCLocker Initiated GC) [PSYoungGen: 137472K->18677K(175104K)] 325831K->249821K(699392K), 0.0141672 secs] [Times: user=0.14 sys=0.00, real=0.02 secs] 
2016-09-15T12:03:21.198-0400: 205.567: [GC (Allocation Failure) [PSYoungGen: 106741K->49084K(175104K)] 337926K->298582K(699392K), 0.0157497 secs] [Times: user=0.18 sys=0.00, real=0.01 secs] 
2016-09-15T12:03:21.310-0400: 205.679: [GC (GCLocker Initiated GC) [PSYoungGen: 137148K->61426K(175104K)] 386646K->353709K(699392K), 0.0234118 secs] [Times: user=0.26 sys=0.00, real=0.02 secs] 
2016-09-15T12:03:21.444-0400: 205.813: [GC (GCLocker Initiated GC) [PSYoungGen: 149490K->61362K(175104K)] 441893K->396581K(699392K), 0.0118199 secs] [Times: user=0.12 sys=0.00, real=0.02 secs] 
2016-09-15T12:03:21.609-0400: 205.978: [GC (GCLocker Initiated GC) [PSYoungGen: 149426K->37354K(175104K)] 503064K->439876K(699392K), 0.0153549 secs] [Times: user=0.18 sys=0.00, real=0.01 secs] 
2016-09-15T12:03:21.746-0400: 206.115: [GC (GCLocker Initiated GC) [PSYoungGen: 125418K->85726K(175104K)] 527999K->494697K(699392K), 0.0156128 secs] [Times: user=0.20 sys=0.00, real=0.02 secs] 
2016-09-15T12:03:21.888-0400: 206.257: [GC (GCLocker Initiated GC) [PSYoungGen: 173790K->61394K(175104K)] 589012K->555735K(699392K), 0.0260139 secs] [Times: user=0.28 sys=0.00, real=0.02 secs] 
2016-09-15T12:03:21.915-0400: 206.284: [Full GC (Ergonomics) [PSYoungGen: 61394K->0K(175104K)] [ParOldGen: 494341K->53159K(524288K)] 555735K->53159K(699392K), [Metaspace: 44525K->44525K(1087488K)], 0.0702257 secs] [Times: user=0.47 sys=0.01, real=0.07 secs] 
2016-09-15T12:03:22.103-0400: 206.472: [GC (GCLocker Initiated GC) [PSYoungGen: 88064K->86114K(175104K)] 147402K->151527K(699392K), 0.0301783 secs] [Times: user=0.36 sys=0.00, real=0.03 secs] 
2016-09-15T12:03:22.247-0400: 206.616: [GC (GCLocker Initiated GC) [PSYoungGen: 174178K->36998K(175104K)] 239880K->170212K(699392K), 0.0206221 secs] [Times: user=0.17 sys=0.00, real=0.03 secs] 
2016-09-15T12:03:22.401-0400: 206.770: [GC (Allocation Failure) [PSYoungGen: 125062K->55547K(175104K)] 270546K->243839K(699392K), 0.0163893 secs] [Times: user=0.20 sys=0.00, real=0.02 secs] 
2016-09-15T12:03:22.549-0400: 206.918: [GC (GCLocker Initiated GC) [PSYoungGen: 142837K->37126K(175104K)] 337205K->231941K(699392K), 0.0067124 secs] [Times: user=0.08 sys=0.00, real=0.00 secs] 
2016-09-15T12:03:22.677-0400: 207.046: [GC (GCLocker Initiated GC) [PSYoungGen: 125190K->55355K(175104K)] 320366K->269015K(699392K), 0.0097976 secs] [Times: user=0.07 sys=0.00, real=0.00 secs] 
2016-09-15T12:03:22.829-0400: 207.198: [GC (GCLocker Initiated GC) [PSYoungGen: 143419K->85726K(175104K)] 357104K->324010K(699392K), 0.0101307 secs] [Times: user=0.11 sys=0.00, real=0.01 secs] 
2016-09-15T12:03:22.976-0400: 207.345: [GC (GCLocker Initiated GC) [PSYoungGen: 173790K->37162K(175104K)] 418426K->324419K(699392K), 0.0143414 secs] [Times: user=0.12 sys=0.00, real=0.02 secs] 
2016-09-15T12:03:23.091-0400: 207.460: [GC (GCLocker Initiated GC) [PSYoungGen: 125226K->61490K(175104K)] 412804K->367733K(699392K), 0.0099481 secs] [Times: user=0.10 sys=0.00, real=0.01 secs] 
2016-09-15T12:03:23.285-0400: 207.654: [GC (GCLocker Initiated GC) [PSYoungGen: 149554K->55415K(175104K)] 461941K->386327K(699392K), 0.0274822 secs] [Times: user=0.27 sys=0.00, real=0.03 secs] 
2016-09-15T12:03:23.425-0400: 207.794: [GC (GCLocker Initiated GC) [PSYoungGen: 143479K->79555K(175104K)] 474432K->410792K(699392K), 0.0213130 secs] [Times: user=0.24 sys=0.00, real=0.02 secs] 
2016-09-15T12:03:23.537-0400: 207.906: [GC (GCLocker Initiated GC) [PSYoungGen: 167619K->67633K(175104K)] 498919K->447825K(699392K), 0.0107337 secs] [Times: user=0.12 sys=0.01, real=0.01 secs] 
2016-09-15T12:03:23.650-0400: 208.019: [GC (GCLocker Initiated GC) [PSYoungGen: 155697K->85858K(175104K)] 535937K->484599K(699392K), 0.0120048 secs] [Times: user=0.12 sys=0.00, real=0.01 secs] 
2016-09-15T12:03:23.807-0400: 208.176: [GC (GCLocker Initiated GC) [PSYoungGen: 173922K->30955K(175104K)] 572683K->496824K(699392K), 0.0169818 secs] [Times: user=0.18 sys=0.00, real=0.02 secs] 
2016-09-15T12:03:23.824-0400: 208.193: [Full GC (Ergonomics) [PSYoungGen: 30955K->0K(175104K)] [ParOldGen: 465869K->41017K(524288K)] 496824K->41017K(699392K), [Metaspace: 44525K->44525K(1087488K)], 0.0549959 secs] [Times: user=0.39 sys=0.00, real=0.06 secs] 
2016-09-15T12:03:23.987-0400: 208.356: [GC (GCLocker Initiated GC) [PSYoungGen: 88064K->86110K(175104K)] 129124K->187921K(699392K), 0.0124640 secs] [Times: user=0.18 sys=0.02, real=0.02 secs] 
2016-09-15T12:03:24.124-0400: 208.493: [GC (GCLocker Initiated GC) [PSYoungGen: 174174K->37354K(175104K)] 282113K->255214K(699392K), 0.0138013 secs] [Times: user=0.18 sys=0.01, real=0.02 secs] 
2016-09-15T12:03:24.248-0400: 208.617: [GC (GCLocker Initiated GC) [PSYoungGen: 125418K->37158K(175104K)] 349540K->316247K(699392K), 0.0082104 secs] [Times: user=0.11 sys=0.00, real=0.01 secs] 
2016-09-15T12:03:24.400-0400: 208.769: [GC (GCLocker Initiated GC) [PSYoungGen: 125222K->31022K(175104K)] 410404K->334689K(699392K), 0.0079537 secs] [Times: user=0.08 sys=0.00, real=0.01 secs] 
2016-09-15T12:03:24.512-0400: 208.881: [GC (Allocation Failure) [PSYoungGen: 119086K->85598K(175104K)] 423013K->389784K(699392K), 0.0093284 secs] [Times: user=0.08 sys=0.00, real=0.01 secs] 
2016-09-15T12:03:24.645-0400: 209.014: [GC (GCLocker Initiated GC) [PSYoungGen: 173662K->42973K(175104K)] 477860K->396070K(699392K), 0.0114685 secs] [Times: user=0.12 sys=0.00, real=0.02 secs] 
2016-09-15T12:03:24.764-0400: 209.133: [GC (GCLocker Initiated GC) [PSYoungGen: 131037K->73708K(175104K)] 490543K->457634K(699392K), 0.0213101 secs] [Times: user=0.22 sys=0.01, real=0.02 secs] 
2016-09-15T12:03:24.897-0400: 209.266: [GC (Allocation Failure) [PSYoungGen: 161772K->73576K(175104K)] 552122K->464234K(699392K), 0.0100132 secs] [Times: user=0.12 sys=0.00, real=0.00 secs] 
2016-09-15T12:03:25.041-0400: 209.410: [GC (GCLocker Initiated GC) [PSYoungGen: 159537K->55351K(175104K)] 556270K->470404K(699392K), 0.0099933 secs] [Times: user=0.11 sys=0.00, real=0.01 secs] 
2016-09-15T12:03:25.184-0400: 209.553: [GC (Allocation Failure) [PSYoungGen: 143415K->73252K(175104K)] 558521K->488610K(699392K), 0.0123603 secs] [Times: user=0.09 sys=0.01, real=0.02 secs] 
2016-09-15T12:03:25.335-0400: 209.703: [GC (GCLocker Initiated GC) [PSYoungGen: 161105K->43073K(175104K)] 576719K->531706K(699392K), 0.0165731 secs] [Times: user=0.18 sys=0.00, real=0.02 secs] 
2016-09-15T12:03:25.351-0400: 209.720: [Full GC (Ergonomics) [PSYoungGen: 43073K->0K(175104K)] [ParOldGen: 488633K->41299K(524288K)] 531706K->41299K(699392K), [Metaspace: 44525K->44525K(1087488K)], 0.0569703 secs] [Times: user=0.28 sys=0.00, real=0.06 secs] 
2016-09-15T12:03:25.516-0400: 209.885: [GC (GCLocker Initiated GC) [PSYoungGen: 88064K->79491K(175104K)] 129528K->120955K(699392K), 0.0205988 secs] [Times: user=0.21 sys=0.01, real=0.02 secs] 
2016-09-15T12:03:25.648-0400: 210.017: [GC (GCLocker Initiated GC) [PSYoungGen: 167555K->85822K(175104K)] 209240K->194647K(699392K), 0.0216061 secs] [Times: user=0.28 sys=0.00, real=0.02 secs] 
2016-09-15T12:03:25.837-0400: 210.206: [GC (Allocation Failure) [PSYoungGen: 173886K->49180K(175104K)] 283016K->176787K(699392K), 0.0234052 secs] [Times: user=0.25 sys=0.00, real=0.02 secs] 
2016-09-15T12:03:25.953-0400: 210.322: [GC (GCLocker Initiated GC) [PSYoungGen: 137244K->73576K(175104K)] 264856K->201456K(699392K), 0.0157523 secs] [Times: user=0.17 sys=0.00, real=0.02 secs] 
2016-09-15T12:03:26.083-0400: 210.452: [GC (GCLocker Initiated GC) [PSYoungGen: 161640K->61266K(175104K)] 289881K->207991K(699392K), 0.0220999 secs] [Times: user=0.24 sys=0.00, real=0.02 secs] 
2016-09-15T12:03:26.265-0400: 210.634: [GC (GCLocker Initiated GC) [PSYoungGen: 149330K->55219K(175104K)] 302306K->226696K(699392K), 0.0141500 secs] [Times: user=0.14 sys=0.00, real=0.02 secs] 
2016-09-15T12:03:26.409-0400: 210.778: [GC (GCLocker Initiated GC) [PSYoungGen: 143283K->61102K(175104K)] 320983K->238897K(699392K), 0.0262620 secs] [Times: user=0.26 sys=0.00, real=0.02 secs] 
2016-09-15T12:03:26.544-0400: 210.913: [GC (GCLocker Initiated GC) [PSYoungGen: 149166K->55383K(175104K)] 333185K->288122K(699392K), 0.0317415 secs] [Times: user=0.42 sys=0.00, real=0.04 secs] 
2016-09-15T12:03:26.678-0400: 211.047: [GC (GCLocker Initiated GC) [PSYoungGen: 143447K->86150K(175104K)] 376279K->343589K(699392K), 0.0109571 secs] [Times: user=0.17 sys=0.00, real=0.01 secs] 
2016-09-15T12:03:26.804-0400: 211.173: [GC (GCLocker Initiated GC) [PSYoungGen: 174214K->67305K(175104K)] 431768K->373899K(699392K), 0.0105978 secs] [Times: user=0.12 sys=0.00, real=0.01 secs] 
2016-09-15T12:03:26.907-0400: 211.276: [GC (Allocation Failure) [PSYoungGen: 155369K->79847K(175104K)] 462071K->423135K(699392K), 0.0220428 secs] [Times: user=0.29 sys=0.00, real=0.03 secs] 
2016-09-15T12:03:27.087-0400: 211.456: [GC (GCLocker Initiated GC) [PSYoungGen: 166674K->37226K(175104K)] 516037K->423502K(699392K), 0.0133529 secs] [Times: user=0.15 sys=0.00, real=0.02 secs] 
2016-09-15T12:03:27.216-0400: 211.585: [GC (Allocation Failure) [PSYoungGen: 125290K->85726K(175104K)] 517733K->478584K(699392K), 0.0230848 secs] [Times: user=0.26 sys=0.00, real=0.02 secs] 
2016-09-15T12:03:27.353-0400: 211.722: [GC (GCLocker Initiated GC) [PSYoungGen: 173789K->49212K(175104K)] 566654K->496862K(699392K), 0.0206029 secs] [Times: user=0.22 sys=0.00, real=0.02 secs] 
2016-09-15T12:03:27.374-0400: 211.743: [Full GC (Ergonomics) [PSYoungGen: 49212K->0K(175104K)] [ParOldGen: 447650K->47602K(524288K)] 496862K->47602K(699392K), [Metaspace: 44534K->44534K(1087488K)], 0.0711504 secs] [Times: user=0.56 sys=0.01, real=0.07 secs] 
2016-09-15T12:03:27.571-0400: 211.940: [GC (GCLocker Initiated GC) [PSYoungGen: 88064K->74092K(175104K)] 142031K->128059K(699392K), 0.0066165 secs] [Times: user=0.07 sys=0.01, real=0.01 secs] 
2016-09-15T12:03:27.698-0400: 212.067: [GC (GCLocker Initiated GC) [PSYoungGen: 162156K->49340K(175104K)] 234502K->158863K(699392K), 0.0079810 secs] [Times: user=0.09 sys=0.00, real=0.00 secs] 
2016-09-15T12:03:27.829-0400: 212.198: [GC (GCLocker Initiated GC) [PSYoungGen: 137404K->86018K(175104K)] 247142K->232530K(699392K), 0.0111133 secs] [Times: user=0.17 sys=0.00, real=0.01 secs] 
2016-09-15T12:03:27.970-0400: 212.339: [GC (GCLocker Initiated GC) [PSYoungGen: 174082K->37158K(175104K)] 327024K->208805K(699392K), 0.0078479 secs] [Times: user=0.11 sys=0.00, real=0.01 secs] 
2016-09-15T12:03:28.082-0400: 212.451: [GC (GCLocker Initiated GC) [PSYoungGen: 125222K->85858K(175104K)] 297218K->264197K(699392K), 0.0085718 secs] [Times: user=0.09 sys=0.00, real=0.01 secs] 
2016-09-15T12:03:28.244-0400: 212.613: [GC (Allocation Failure) [PSYoungGen: 173922K->73544K(175104K)] 358378K->276516K(699392K), 0.0194776 secs] [Times: user=0.21 sys=0.00, real=0.02 secs] 
2016-09-15T12:03:28.394-0400: 212.763: [GC (GCLocker Initiated GC) [PSYoungGen: 157105K->49344K(175104K)] 366153K->313342K(699392K), 0.0108735 secs] [Times: user=0.11 sys=0.01, real=0.01 secs] 
2016-09-15T12:03:28.542-0400: 212.911: [GC (Allocation Failure) [PSYoungGen: 137408K->36962K(175104K)] 402059K->320113K(699392K), 0.0154580 secs] [Times: user=0.16 sys=0.00, real=0.02 secs] 
2016-09-15T12:03:28.673-0400: 213.042: [GC (GCLocker Initiated GC) [PSYoungGen: 123745K->55387K(175104K)] 412972K->344724K(699392K), 0.0117207 secs] [Times: user=0.13 sys=0.01, real=0.01 secs] 
2016-09-15T12:03:28.790-0400: 213.159: [GC (GCLocker Initiated GC) [PSYoungGen: 143451K->55091K(175104K)] 432791K->362916K(699392K), 0.0080337 secs] [Times: user=0.07 sys=0.01, real=0.01 secs] 
2016-09-15T12:03:28.901-0400: 213.270: [GC (GCLocker Initiated GC) [PSYoungGen: 143155K->85958K(175104K)] 451291K->394197K(699392K), 0.0128749 secs] [Times: user=0.12 sys=0.00, real=0.01 secs] 
2016-09-15T12:03:29.051-0400: 213.420: [GC (GCLocker Initiated GC) [PSYoungGen: 174022K->55351K(175104K)] 494610K->413016K(699392K), 0.0281306 secs] [Times: user=0.35 sys=0.00, real=0.03 secs] 
2016-09-15T12:03:29.203-0400: 213.572: [GC (GCLocker Initiated GC) [PSYoungGen: 143415K->43205K(175104K)] 513473K->437643K(699392K), 0.0072729 secs] [Times: user=0.06 sys=0.00, real=0.01 secs] 
2016-09-15T12:03:29.336-0400: 213.705: [GC (GCLocker Initiated GC) [PSYoungGen: 131269K->67565K(175104K)] 525754K->480575K(699392K), 0.0073782 secs] [Times: user=0.11 sys=0.00, real=0.00 secs] 
2016-09-15T12:03:29.465-0400: 213.834: [GC (GCLocker Initiated GC) [PSYoungGen: 155629K->61234K(175104K)] 569290K->487140K(699392K), 0.0200900 secs] [Times: user=0.15 sys=0.00, real=0.02 secs] 
2016-09-15T12:03:29.582-0400: 213.951: [GC (GCLocker Initiated GC) [PSYoungGen: 149298K->73416K(175104K)] 575454K->499831K(699392K), 0.0165268 secs] [Times: user=0.15 sys=0.00, real=0.02 secs] 
2016-09-15T12:03:29.712-0400: 214.081: [GC (Allocation Failure) [PSYoungGen: 161480K->67209K(175104K)] 594068K->518313K(699392K), 0.0172028 secs] [Times: user=0.18 sys=0.00, real=0.02 secs] 
2016-09-15T12:03:29.844-0400: 214.213: [GC (GCLocker Initiated GC) [PSYoungGen: 149666K->43169K(175104K)] 606846K->524760K(699392K), 0.0133178 secs] [Times: user=0.12 sys=0.01, real=0.02 secs] 
2016-09-15T12:03:29.857-0400: 214.226: [Full GC (Ergonomics) [PSYoungGen: 43169K->0K(175104K)] [ParOldGen: 481591K->47428K(524288K)] 524760K->47428K(699392K), [Metaspace: 44537K->44537K(1087488K)], 0.0527129 secs] [Times: user=0.26 sys=0.01, real=0.05 secs] 
2016-09-15T12:03:30.031-0400: 214.400: [GC (GCLocker Initiated GC) [PSYoungGen: 88064K->55511K(175104K)] 135495K->102942K(699392K), 0.0216378 secs] [Times: user=0.25 sys=0.00, real=0.02 secs] 
2016-09-15T12:03:30.151-0400: 214.520: [GC (GCLocker Initiated GC) [PSYoungGen: 143575K->55283K(175104K)] 197195K->164150K(699392K), 0.0087645 secs] [Times: user=0.11 sys=0.00, real=0.01 secs] 
2016-09-15T12:03:30.255-0400: 214.624: [GC (GCLocker Initiated GC) [PSYoungGen: 143347K->79751K(175104K)] 252553K->207293K(699392K), 0.0189663 secs] [Times: user=0.18 sys=0.00, real=0.02 secs] 
2016-09-15T12:03:30.395-0400: 214.764: [GC (GCLocker Initiated GC) [PSYoungGen: 167815K->55938K(175104K)] 301776K->232897K(699392K), 0.0104827 secs] [Times: user=0.09 sys=0.02, real=0.01 secs] 
2016-09-15T12:03:30.496-0400: 214.865: [GC (GCLocker Initiated GC) [PSYoungGen: 144002K->49536K(175104K)] 327344K->251254K(699392K), 0.0132459 secs] [Times: user=0.12 sys=0.00, real=0.01 secs] 
2016-09-15T12:03:30.623-0400: 214.992: [GC (GCLocker Initiated GC) [PSYoungGen: 137600K->85822K(175104K)] 339674K->306952K(699392K), 0.0095771 secs] [Times: user=0.11 sys=0.00, real=0.01 secs] 
2016-09-15T12:03:30.736-0400: 215.105: [GC (Allocation Failure) [PSYoungGen: 173886K->55255K(175104K)] 395356K->289158K(699392K), 0.0074274 secs] [Times: user=0.07 sys=0.00, real=0.00 secs] 
2016-09-15T12:03:30.856-0400: 215.225: [GC (GCLocker Initiated GC) [PSYoungGen: 143319K->85986K(175104K)] 377228K->344510K(699392K), 0.0115605 secs] [Times: user=0.17 sys=0.01, real=0.01 secs] 
2016-09-15T12:03:31.011-0400: 215.380: [GC (GCLocker Initiated GC) [PSYoungGen: 174050K->55383K(175104K)] 444877K->326650K(699392K), 0.0070803 secs] [Times: user=0.05 sys=0.00, real=0.01 secs] 
2016-09-15T12:03:31.136-0400: 215.505: [GC (GCLocker Initiated GC) [PSYoungGen: 143447K->73608K(175104K)] 414868K->363389K(699392K), 0.0125555 secs] [Times: user=0.15 sys=0.00, real=0.01 secs] 
2016-09-15T12:03:31.262-0400: 215.631: [GC (GCLocker Initiated GC) [PSYoungGen: 161672K->55611K(175104K)] 451814K->382315K(699392K), 0.0122878 secs] [Times: user=0.12 sys=0.00, real=0.01 secs] 
2016-09-15T12:03:31.394-0400: 215.763: [GC (Allocation Failure) [PSYoungGen: 143675K->73608K(175104K)] 476758K->425224K(699392K), 0.0105399 secs] [Times: user=0.15 sys=0.00, real=0.01 secs] 
2016-09-15T12:03:31.519-0400: 215.888: [GC (GCLocker Initiated GC) [PSYoungGen: 161672K->73836K(175104K)] 513293K->443826K(699392K), 0.0105063 secs] [Times: user=0.15 sys=0.01, real=0.01 secs] 
2016-09-15T12:03:31.630-0400: 215.999: [GC (GCLocker Initiated GC) [PSYoungGen: 161900K->73936K(175104K)] 538208K->481091K(699392K), 0.0114035 secs] [Times: user=0.17 sys=0.00, real=0.01 secs] 
2016-09-15T12:03:31.734-0400: 216.103: [GC (GCLocker Initiated GC) [PSYoungGen: 162000K->86118K(175104K)] 569319K->505731K(699392K), 0.0116970 secs] [Times: user=0.19 sys=0.00, real=0.01 secs] 
2016-09-15T12:03:31.865-0400: 216.234: [GC (GCLocker Initiated GC) [PSYoungGen: 174182K->48984K(175104K)] 593826K->511428K(699392K), 0.0199951 secs] [Times: user=0.21 sys=0.00, real=0.02 secs] 
2016-09-15T12:03:31.995-0400: 216.364: [GC (Allocation Failure) [PSYoungGen: 137048K->73836K(175104K)] 599854K->579295K(699392K), 0.0103979 secs] [Times: user=0.14 sys=0.00, real=0.01 secs] 
2016-09-15T12:03:32.005-0400: 216.374: [Full GC (Ergonomics) [PSYoungGen: 73836K->0K(175104K)] [ParOldGen: 505459K->47886K(524288K)] 579295K->47886K(699392K), [Metaspace: 44537K->44537K(1087488K)], 0.0564823 secs] [Times: user=0.33 sys=0.01, real=0.06 secs] 
2016-09-15T12:03:32.166-0400: 216.535: [GC (GCLocker Initiated GC) [PSYoungGen: 88064K->86014K(175104K)] 135955K->139980K(699392K), 0.0096371 secs] [Times: user=0.13 sys=0.00, real=0.01 secs] 
2016-09-15T12:03:32.273-0400: 216.642: [GC (Allocation Failure) [PSYoungGen: 174078K->73836K(175104K)] 228203K->158868K(699392K), 0.0099271 secs] [Times: user=0.09 sys=0.00, real=0.01 secs] 
2016-09-15T12:03:32.398-0400: 216.767: [GC (GCLocker Initiated GC) [PSYoungGen: 161900K->73608K(175104K)] 246938K->177170K(699392K), 0.0093207 secs] [Times: user=0.12 sys=0.01, real=0.00 secs] 
2016-09-15T12:03:32.504-0400: 216.873: [GC (GCLocker Initiated GC) [PSYoungGen: 161672K->55415K(175104K)] 271591K->183875K(699392K), 0.0063428 secs] [Times: user=0.09 sys=0.00, real=0.01 secs] 
2016-09-15T12:03:32.626-0400: 216.995: [GC (GCLocker Initiated GC) [PSYoungGen: 143479K->73836K(175104K)] 271963K->220884K(699392K), 0.0107570 secs] [Times: user=0.17 sys=0.00, real=0.02 secs] 
2016-09-15T12:03:32.737-0400: 217.106: [GC (GCLocker Initiated GC) [PSYoungGen: 161900K->86214K(175104K)] 309242K->240127K(699392K), 0.0128881 secs] [Times: user=0.19 sys=0.00, real=0.01 secs] 
2016-09-15T12:03:32.863-0400: 217.232: [GC (GCLocker Initiated GC) [PSYoungGen: 174278K->49244K(175104K)] 328361K->252194K(699392K), 0.0096224 secs] [Times: user=0.09 sys=0.00, real=0.01 secs] 
2016-09-15T12:03:32.983-0400: 217.352: [GC (GCLocker Initiated GC) [PSYoungGen: 137308K->43333K(175104K)] 346481K->252578K(699392K), 0.0088966 secs] [Times: user=0.05 sys=0.00, real=0.01 secs] 
2016-09-15T12:03:33.105-0400: 217.474: [GC (GCLocker Initiated GC) [PSYoungGen: 131397K->85530K(175104K)] 346765K->319594K(699392K), 0.0095551 secs] [Times: user=0.13 sys=0.00, real=0.01 secs] 
2016-09-15T12:03:33.246-0400: 217.615: [GC (GCLocker Initiated GC) [PSYoungGen: 173594K->86018K(175104K)] 407880K->362980K(699392K), 0.0124642 secs] [Times: user=0.19 sys=0.00, real=0.02 secs] 
2016-09-15T12:03:33.390-0400: 217.759: [GC (GCLocker Initiated GC) [PSYoungGen: 174082K->37226K(175104K)] 457228K->357105K(699392K), 0.0169123 secs] [Times: user=0.23 sys=0.00, real=0.01 secs] 
2016-09-15T12:03:33.529-0400: 217.898: [GC (GCLocker Initiated GC) [PSYoungGen: 125290K->73740K(175104K)] 451567K->400324K(699392K), 0.0102028 secs] [Times: user=0.13 sys=0.00, real=0.01 secs] 
2016-09-15T12:03:33.667-0400: 218.036: [GC (GCLocker Initiated GC) [PSYoungGen: 161804K->85726K(175104K)] 488480K->455047K(699392K), 0.0152092 secs] [Times: user=0.19 sys=0.00, real=0.02 secs] 
2016-09-15T12:03:33.803-0400: 218.172: [GC (GCLocker Initiated GC) [PSYoungGen: 173790K->79715K(175104K)] 543298K->504222K(699392K), 0.0103906 secs] [Times: user=0.15 sys=0.00, real=0.01 secs] 
2016-09-15T12:03:33.924-0400: 218.293: [GC (GCLocker Initiated GC) [PSYoungGen: 167779K->61330K(175104K)] 598414K->559074K(699392K), 0.0187432 secs] [Times: user=0.24 sys=0.00, real=0.02 secs] 
2016-09-15T12:03:33.943-0400: 218.312: [Full GC (Ergonomics) [PSYoungGen: 61330K->0K(175104K)] [ParOldGen: 497744K->48122K(524288K)] 559074K->48122K(699392K), [Metaspace: 44537K->44537K(1087488K)], 0.0678493 secs] [Times: user=0.43 sys=0.01, real=0.07 secs] 
2016-09-15T12:03:34.120-0400: 218.489: [GC (GCLocker Initiated GC) [PSYoungGen: 88064K->86374K(175104K)] 142320K->140630K(699392K), 0.0181466 secs] [Times: user=0.22 sys=0.00, real=0.02 secs] 
2016-09-15T12:03:34.259-0400: 218.628: [GC (GCLocker Initiated GC) [PSYoungGen: 174438K->37126K(175104K)] 240998K->159400K(699392K), 0.0099740 secs] [Times: user=0.10 sys=0.00, real=0.01 secs] 
2016-09-15T12:03:34.394-0400: 218.763: [GC (GCLocker Initiated GC) [PSYoungGen: 125190K->79911K(175104K)] 247663K->251308K(699392K), 0.0109031 secs] [Times: user=0.15 sys=0.00, real=0.01 secs] 
2016-09-15T12:03:34.515-0400: 218.884: [GC (Allocation Failure) [PSYoungGen: 167975K->73444K(175104K)] 339464K->299915K(699392K), 0.0116415 secs] [Times: user=0.19 sys=0.00, real=0.01 secs] 
2016-09-15T12:03:34.671-0400: 219.040: [GC (GCLocker Initiated GC) [PSYoungGen: 156198K->55451K(175104K)] 388745K->312417K(699392K), 0.0141090 secs] [Times: user=0.16 sys=0.01, real=0.01 secs] 
2016-09-15T12:03:34.812-0400: 219.181: [GC (GCLocker Initiated GC) [PSYoungGen: 143515K->55611K(175104K)] 412868K->343481K(699392K), 0.0315384 secs] [Times: user=0.42 sys=0.01, real=0.03 secs] 
2016-09-15T12:03:34.941-0400: 219.310: [GC (GCLocker Initiated GC) [PSYoungGen: 143675K->85922K(175104K)] 437774K->398374K(699392K), 0.0134363 secs] [Times: user=0.19 sys=0.00, real=0.01 secs] 
2016-09-15T12:03:35.077-0400: 219.446: [GC (GCLocker Initiated GC) [PSYoungGen: 173986K->61490K(175104K)] 486631K->459673K(699392K), 0.0129043 secs] [Times: user=0.18 sys=0.00, real=0.01 secs] 
2016-09-15T12:03:35.215-0400: 219.584: [GC (GCLocker Initiated GC) [PSYoungGen: 149554K->85922K(175104K)] 548008K->527029K(699392K), 0.0132697 secs] [Times: user=0.16 sys=0.01, real=0.02 secs] 
2016-09-15T12:03:35.229-0400: 219.598: [Full GC (Ergonomics) [PSYoungGen: 85922K->0K(175104K)] [ParOldGen: 441106K->53976K(524288K)] 527029K->53976K(699392K), [Metaspace: 44537K->44537K(1087488K)], 0.0569254 secs] [Times: user=0.32 sys=0.00, real=0.05 secs] 
2016-09-15T12:03:35.416-0400: 219.785: [GC (GCLocker Initiated GC) [PSYoungGen: 88062K->85986K(175104K)] 148474K->152473K(699392K), 0.0110453 secs] [Times: user=0.16 sys=0.00, real=0.00 secs] 
2016-09-15T12:03:35.548-0400: 219.917: [GC (GCLocker Initiated GC) [PSYoungGen: 174050K->55579K(175104K)] 253043K->189686K(699392K), 0.0103499 secs] [Times: user=0.11 sys=0.00, real=0.01 secs] 
2016-09-15T12:03:35.684-0400: 220.053: [GC (GCLocker Initiated GC) [PSYoungGen: 143643K->85822K(175104K)] 277804K->250837K(699392K), 0.0098427 secs] [Times: user=0.14 sys=0.00, real=0.01 secs] 
2016-09-15T12:03:35.807-0400: 220.175: [GC (GCLocker Initiated GC) [PSYoungGen: 173886K->67437K(175104K)] 339235K->269356K(699392K), 0.0106898 secs] [Times: user=0.08 sys=0.00, real=0.02 secs] 
2016-09-15T12:03:35.927-0400: 220.296: [GC (GCLocker Initiated GC) [PSYoungGen: 155501K->85758K(175104K)] 357472K->330586K(699392K), 0.0111807 secs] [Times: user=0.16 sys=0.00, real=0.02 secs] 
2016-09-15T12:03:36.072-0400: 220.441: [GC (GCLocker Initiated GC) [PSYoungGen: 173822K->55711K(175104K)] 424889K->343520K(699392K), 0.0093167 secs] [Times: user=0.11 sys=0.00, real=0.01 secs] 
2016-09-15T12:03:36.219-0400: 220.588: [GC (GCLocker Initiated GC) [PSYoungGen: 143775K->55415K(175104K)] 437975K->349719K(699392K), 0.0085085 secs] [Times: user=0.09 sys=0.01, real=0.00 secs] 
2016-09-15T12:03:36.340-0400: 220.709: [GC (GCLocker Initiated GC) [PSYoungGen: 143479K->67569K(175104K)] 437976K->380410K(699392K), 0.0098553 secs] [Times: user=0.07 sys=0.00, real=0.01 secs] 
2016-09-15T12:03:36.482-0400: 220.851: [GC (GCLocker Initiated GC) [PSYoungGen: 155633K->73576K(175104K)] 468729K->423413K(699392K), 0.0162267 secs] [Times: user=0.14 sys=0.00, real=0.02 secs] 
2016-09-15T12:03:36.611-0400: 220.980: [GC (GCLocker Initiated GC) [PSYoungGen: 161640K->86018K(175104K)] 511593K->478795K(699392K), 0.0141201 secs] [Times: user=0.18 sys=0.00, real=0.01 secs] 
2016-09-15T12:03:36.729-0400: 221.098: [GC (GCLocker Initiated GC) [PSYoungGen: 174082K->49504K(175104K)] 567013K->515494K(699392K), 0.0133232 secs] [Times: user=0.21 sys=0.00, real=0.01 secs] 
2016-09-15T12:03:36.742-0400: 221.111: [Full GC (Ergonomics) [PSYoungGen: 49504K->0K(175104K)] [ParOldGen: 465990K->54478K(524288K)] 515494K->54478K(699392K), [Metaspace: 44537K->44537K(1087488K)], 0.0657054 secs] [Times: user=0.67 sys=0.00, real=0.07 secs] 
2016-09-15T12:03:36.901-0400: 221.270: [GC (GCLocker Initiated GC) [PSYoungGen: 88064K->85822K(175104K)] 142886K->146719K(699392K), 0.0102810 secs] [Times: user=0.14 sys=0.00, real=0.01 secs] 
2016-09-15T12:03:37.026-0400: 221.395: [GC (GCLocker Initiated GC) [PSYoungGen: 173886K->79879K(175104K)] 241202K->165712K(699392K), 0.0111584 secs] [Times: user=0.14 sys=0.00, real=0.02 secs] 
2016-09-15T12:03:37.163-0400: 221.532: [GC (GCLocker Initiated GC) [PSYoungGen: 167943K->55319K(175104K)] 254058K->178356K(699392K), 0.0134456 secs] [Times: user=0.16 sys=0.01, real=0.02 secs] 
2016-09-15T12:03:37.282-0400: 221.651: [GC (GCLocker Initiated GC) [PSYoungGen: 143383K->85986K(175104K)] 266467K->233498K(699392K), 0.0146387 secs] [Times: user=0.18 sys=0.00, real=0.02 secs] 
2016-09-15T12:03:37.406-0400: 221.775: [GC (Allocation Failure) [PSYoungGen: 174050K->86054K(175104K)] 321805K->288800K(699392K), 0.0111220 secs] [Times: user=0.12 sys=0.01, real=0.02 secs] 
2016-09-15T12:03:37.558-0400: 221.927: [GC (Allocation Failure) [PSYoungGen: 174118K->43105K(175104K)] 376864K->270394K(699392K), 0.0065580 secs] [Times: user=0.05 sys=0.00, real=0.00 secs] 
2016-09-15T12:03:37.686-0400: 222.055: [GC (GCLocker Initiated GC) [PSYoungGen: 128648K->67437K(175104K)] 362012K->301085K(699392K), 0.0189621 secs] [Times: user=0.19 sys=0.00, real=0.02 secs] 
2016-09-15T12:03:37.831-0400: 222.200: [GC (GCLocker Initiated GC) [PSYoungGen: 155501K->73608K(175104K)] 389521K->313823K(699392K), 0.0075951 secs] [Times: user=0.08 sys=0.00, real=0.01 secs] 
2016-09-15T12:03:37.941-0400: 222.310: [GC (GCLocker Initiated GC) [PSYoungGen: 161672K->43205K(175104K)] 402210K->302079K(699392K), 0.0308830 secs] [Times: user=0.30 sys=0.00, real=0.03 secs] 
2016-09-15T12:03:38.067-0400: 222.436: [GC (GCLocker Initiated GC) [PSYoungGen: 131269K->85694K(175104K)] 390274K->393739K(699392K), 0.0155050 secs] [Times: user=0.15 sys=0.00, real=0.02 secs] 
2016-09-15T12:03:38.212-0400: 222.581: [GC (GCLocker Initiated GC) [PSYoungGen: 173758K->73772K(175104K)] 488004K->418693K(699392K), 0.0141714 secs] [Times: user=0.16 sys=0.00, real=0.01 secs] 
2016-09-15T12:03:38.353-0400: 222.722: [GC (GCLocker Initiated GC) [PSYoungGen: 161836K->61462K(175104K)] 507044K->419252K(699392K), 0.0134667 secs] [Times: user=0.14 sys=0.00, real=0.01 secs] 
2016-09-15T12:03:38.495-0400: 222.864: [GC (GCLocker Initiated GC) [PSYoungGen: 149526K->55287K(175104K)] 519647K->462453K(699392K), 0.0236256 secs] [Times: user=0.27 sys=0.00, real=0.03 secs] 
2016-09-15T12:03:38.665-0400: 223.034: [GC (GCLocker Initiated GC) [PSYoungGen: 143351K->67405K(175104K)] 556646K->499200K(699392K), 0.0188702 secs] [Times: user=0.21 sys=0.00, real=0.02 secs] 
2016-09-15T12:03:38.803-0400: 223.172: [GC (GCLocker Initiated GC) [PSYoungGen: 155469K->85890K(175104K)] 593381K->560387K(699392K), 0.0112849 secs] [Times: user=0.14 sys=0.00, real=0.01 secs] 
2016-09-15T12:03:38.815-0400: 223.184: [Full GC (Ergonomics) [PSYoungGen: 85890K->0K(175104K)] [ParOldGen: 474497K->54393K(524288K)] 560387K->54393K(699392K), [Metaspace: 44537K->44537K(1087488K)], 0.0585895 secs] [Times: user=0.37 sys=0.02, real=0.06 secs] 
2016-09-15T12:03:39.013-0400: 223.382: [GC (GCLocker Initiated GC) [PSYoungGen: 88064K->86178K(175104K)] 148675K->152864K(699392K), 0.0113517 secs] [Times: user=0.13 sys=0.00, real=0.01 secs] 
2016-09-15T12:03:39.141-0400: 223.510: [GC (GCLocker Initiated GC) [PSYoungGen: 174242K->55219K(175104K)] 240975K->177355K(699392K), 0.0114059 secs] [Times: user=0.16 sys=0.00, real=0.01 secs] 
2016-09-15T12:03:39.262-0400: 223.631: [GC (GCLocker Initiated GC) [PSYoungGen: 143283K->79911K(175104K)] 265455K->232578K(699392K), 0.0104286 secs] [Times: user=0.11 sys=0.00, real=0.01 secs] 
2016-09-15T12:03:39.409-0400: 223.778: [GC (Allocation Failure) [PSYoungGen: 167975K->79551K(175104K)] 320801K->263067K(699392K), 0.0149497 secs] [Times: user=0.18 sys=0.00, real=0.01 secs] 
2016-09-15T12:03:39.527-0400: 223.896: [GC (GCLocker Initiated GC) [PSYoungGen: 167615K->86018K(175104K)] 351143K->300072K(699392K), 0.0121340 secs] [Times: user=0.20 sys=0.00, real=0.02 secs] 
2016-09-15T12:03:39.673-0400: 224.042: [GC (GCLocker Initiated GC) [PSYoungGen: 174082K->73672K(175104K)] 394337K->342843K(699392K), 0.0114175 secs] [Times: user=0.16 sys=0.01, real=0.01 secs] 
2016-09-15T12:03:39.811-0400: 224.180: [GC (GCLocker Initiated GC) [PSYoungGen: 161736K->79911K(175104K)] 437090K->404009K(699392K), 0.0121077 secs] [Times: user=0.19 sys=0.00, real=0.01 secs] 
2016-09-15T12:03:39.935-0400: 224.304: [GC (GCLocker Initiated GC) [PSYoungGen: 167975K->67437K(175104K)] 492098K->440459K(699392K), 0.0108717 secs] [Times: user=0.11 sys=0.00, real=0.01 secs] 
2016-09-15T12:03:40.069-0400: 224.438: [GC (GCLocker Initiated GC) [PSYoungGen: 155501K->85890K(175104K)] 534617K->519957K(699392K), 0.0118799 secs] [Times: user=0.12 sys=0.01, real=0.01 secs] 
2016-09-15T12:03:40.216-0400: 224.585: [GC (GCLocker Initiated GC) [PSYoungGen: 173954K->79587K(175104K)] 608064K->556513K(699392K), 0.0148967 secs] [Times: user=0.18 sys=0.00, real=0.01 secs] 
2016-09-15T12:03:40.231-0400: 224.600: [Full GC (Ergonomics) [PSYoungGen: 79587K->0K(175104K)] [ParOldGen: 476926K->48155K(524288K)] 556513K->48155K(699392K), [Metaspace: 44538K->44538K(1087488K)], 0.0481935 secs] [Times: user=0.31 sys=0.01, real=0.05 secs] 
2016-09-15T12:03:40.393-0400: 224.762: [GC (GCLocker Initiated GC) [PSYoungGen: 88064K->86242K(175104K)] 136221K->170849K(699392K), 0.0116378 secs] [Times: user=0.15 sys=0.01, real=0.01 secs] 
2016-09-15T12:03:40.532-0400: 224.901: [GC (Allocation Failure) [PSYoungGen: 174306K->49699K(175104K)] 265332K->214518K(699392K), 0.0105610 secs] [Times: user=0.14 sys=0.01, real=0.01 secs] 
2016-09-15T12:03:40.675-0400: 225.044: [GC (GCLocker Initiated GC) [PSYoungGen: 137763K->55483K(175104K)] 308657K->244704K(699392K), 0.0084049 secs] [Times: user=0.07 sys=0.00, real=0.01 secs] 
2016-09-15T12:03:40.804-0400: 225.173: [GC (Allocation Failure) [PSYoungGen: 143547K->67437K(175104K)] 339159K->281558K(699392K), 0.0116938 secs] [Times: user=0.13 sys=0.00, real=0.02 secs] 
2016-09-15T12:03:40.913-0400: 225.282: [GC (GCLocker Initiated GC) [PSYoungGen: 155501K->61462K(175104K)] 369623K->293896K(699392K), 0.0146838 secs] [Times: user=0.15 sys=0.00, real=0.02 secs] 
2016-09-15T12:03:41.054-0400: 225.423: [GC (GCLocker Initiated GC) [PSYoungGen: 149526K->36934K(175104K)] 394253K->312296K(699392K), 0.0139772 secs] [Times: user=0.15 sys=0.00, real=0.02 secs] 
2016-09-15T12:03:41.205-0400: 225.574: [GC (GCLocker Initiated GC) [PSYoungGen: 124998K->37098K(175104K)] 406751K->337327K(699392K), 0.0179083 secs] [Times: user=0.15 sys=0.01, real=0.02 secs] 
2016-09-15T12:03:41.333-0400: 225.702: [GC (GCLocker Initiated GC) [PSYoungGen: 125162K->85726K(175104K)] 425433K->410761K(699392K), 0.0251194 secs] [Times: user=0.30 sys=0.00, real=0.03 secs] 
2016-09-15T12:03:41.473-0400: 225.842: [GC (GCLocker Initiated GC) [PSYoungGen: 173790K->61622K(175104K)] 505249K->441801K(699392K), 0.0108869 secs] [Times: user=0.11 sys=0.00, real=0.01 secs] 
2016-09-15T12:03:41.620-0400: 225.989: [GC (GCLocker Initiated GC) [PSYoungGen: 149686K->67405K(175104K)] 530131K->466350K(699392K), 0.0095142 secs] [Times: user=0.09 sys=0.00, real=0.01 secs] 
2016-09-15T12:03:41.750-0400: 226.119: [GC (GCLocker Initiated GC) [PSYoungGen: 155469K->55611K(175104K)] 560738K->485503K(699392K), 0.0101790 secs] [Times: user=0.12 sys=0.00, real=0.01 secs] 
2016-09-15T12:03:41.885-0400: 226.254: [GC (GCLocker Initiated GC) [PSYoungGen: 143675K->67373K(175104K)] 573923K->510242K(699392K), 0.0163758 secs] [Times: user=0.19 sys=0.01, real=0.02 secs] 
2016-09-15T12:03:42.029-0400: 226.398: [GC (GCLocker Initiated GC) [PSYoungGen: 155437K->73804K(175104K)] 598454K->535141K(699392K), 0.0157868 secs] [Times: user=0.17 sys=0.00, real=0.01 secs] 
2016-09-15T12:03:42.045-0400: 226.414: [Full GC (Ergonomics) [PSYoungGen: 73804K->0K(175104K)] [ParOldGen: 461337K->54592K(524288K)] 535141K->54592K(699392K), [Metaspace: 44539K->44539K(1087488K)], 0.0556430 secs] [Times: user=0.29 sys=0.01, real=0.06 secs] 
2016-09-15T12:03:42.210-0400: 226.579: [GC (GCLocker Initiated GC) [PSYoungGen: 88064K->85822K(175104K)] 155016K->177074K(699392K), 0.0092617 secs] [Times: user=0.12 sys=0.00, real=0.01 secs] 
2016-09-15T12:03:42.331-0400: 226.700: [GC (GCLocker Initiated GC) [PSYoungGen: 173886K->55679K(175104K)] 271568K->214591K(699392K), 0.0167868 secs] [Times: user=0.19 sys=0.00, real=0.02 secs] 
2016-09-15T12:03:42.476-0400: 226.845: [GC (GCLocker Initiated GC) [PSYoungGen: 143743K->61394K(175104K)] 308783K->244942K(699392K), 0.0069713 secs] [Times: user=0.07 sys=0.00, real=0.00 secs] 
2016-09-15T12:03:42.606-0400: 226.975: [GC (Allocation Failure) [PSYoungGen: 149458K->55611K(175104K)] 339431K->282342K(699392K), 0.0148674 secs] [Times: user=0.17 sys=0.00, real=0.02 secs] 
2016-09-15T12:03:42.741-0400: 227.110: [GC (GCLocker Initiated GC) [PSYoungGen: 143675K->55219K(175104K)] 370411K->300660K(699392K), 0.0185738 secs] [Times: user=0.28 sys=0.00, real=0.02 secs] 
2016-09-15T12:03:42.869-0400: 227.238: [GC (GCLocker Initiated GC) [PSYoungGen: 143283K->85886K(175104K)] 388788K->380151K(699392K), 0.0124907 secs] [Times: user=0.20 sys=0.00, real=0.01 secs] 
2016-09-15T12:03:43.012-0400: 227.381: [GC (GCLocker Initiated GC) [PSYoungGen: 173950K->79911K(175104K)] 468257K->447433K(699392K), 0.0123938 secs] [Times: user=0.19 sys=0.00, real=0.01 secs] 
2016-09-15T12:03:43.165-0400: 227.534: [GC (GCLocker Initiated GC) [PSYoungGen: 167975K->73380K(175104K)] 541755K->471744K(699392K), 0.0100155 secs] [Times: user=0.06 sys=0.01, real=0.01 secs] 
2016-09-15T12:03:43.293-0400: 227.662: [GC (GCLocker Initiated GC) [PSYoungGen: 161444K->73640K(175104K)] 566114K->496703K(699392K), 0.0209484 secs] [Times: user=0.27 sys=0.00, real=0.02 secs] 
2016-09-15T12:03:43.450-0400: 227.819: [GC (GCLocker Initiated GC) [PSYoungGen: 161700K->37290K(175104K)] 597263K->509570K(699392K), 0.0114499 secs] [Times: user=0.11 sys=0.01, real=0.01 secs] 
2016-09-15T12:03:43.462-0400: 227.831: [Full GC (Ergonomics) [PSYoungGen: 37290K->0K(175104K)] [ParOldGen: 472280K->54634K(524288K)] 509570K->54634K(699392K), [Metaspace: 44539K->44539K(1087488K)], 0.0563210 secs] [Times: user=0.30 sys=0.01, real=0.06 secs] 
2016-09-15T12:03:43.642-0400: 228.011: [GC (GCLocker Initiated GC) [PSYoungGen: 88064K->85598K(175104K)] 142970K->152655K(699392K), 0.0161341 secs] [Times: user=0.15 sys=0.00, real=0.02 secs] 
2016-09-15T12:03:43.800-0400: 228.169: [GC (GCLocker Initiated GC) [PSYoungGen: 173662K->37030K(175104K)] 246998K->147091K(699392K), 0.0086004 secs] [Times: user=0.07 sys=0.00, real=0.01 secs] 
2016-09-15T12:03:43.914-0400: 228.283: [GC (GCLocker Initiated GC) [PSYoungGen: 125094K->79487K(175104K)] 235219K->208105K(699392K), 0.0156461 secs] [Times: user=0.17 sys=0.01, real=0.02 secs] 
2016-09-15T12:03:44.054-0400: 228.423: [GC (Allocation Failure) [PSYoungGen: 167551K->55483K(175104K)] 302291K->263259K(699392K), 0.0129675 secs] [Times: user=0.14 sys=0.00, real=0.01 secs] 
2016-09-15T12:03:44.179-0400: 228.548: [GC (GCLocker Initiated GC) [PSYoungGen: 143547K->61234K(175104K)] 351328K->293927K(699392K), 0.0084811 secs] [Times: user=0.08 sys=0.00, real=0.00 secs] 
2016-09-15T12:03:44.305-0400: 228.674: [GC (GCLocker Initiated GC) [PSYoungGen: 149298K->55027K(175104K)] 381993K->306222K(699392K), 0.0157650 secs] [Times: user=0.17 sys=0.01, real=0.02 secs] 
2016-09-15T12:03:44.445-0400: 228.814: [GC (GCLocker Initiated GC) [PSYoungGen: 143091K->85662K(175104K)] 394328K->355228K(699392K), 0.0134811 secs] [Times: user=0.14 sys=0.00, real=0.02 secs] 
2016-09-15T12:03:44.608-0400: 228.977: [GC (GCLocker Initiated GC) [PSYoungGen: 173726K->37158K(175104K)] 449408K->379964K(699392K), 0.0101528 secs] [Times: user=0.11 sys=0.00, real=0.01 secs] 
2016-09-15T12:03:44.716-0400: 229.085: [GC (GCLocker Initiated GC) [PSYoungGen: 125222K->85562K(175104K)] 468076K->440834K(699392K), 0.0191018 secs] [Times: user=0.19 sys=0.00, real=0.01 secs] 
2016-09-15T12:03:44.851-0400: 229.220: [GC (GCLocker Initiated GC) [PSYoungGen: 173626K->55255K(175104K)] 529091K->453356K(699392K), 0.0322940 secs] [Times: user=0.35 sys=0.00, real=0.03 secs] 
2016-09-15T12:03:45.014-0400: 229.383: [GC (GCLocker Initiated GC) [PSYoungGen: 143319K->37126K(175104K)] 559871K->472163K(699392K), 0.0063719 secs] [Times: user=0.06 sys=0.00, real=0.01 secs] 
2016-09-15T12:03:45.151-0400: 229.520: [GC (GCLocker Initiated GC) [PSYoungGen: 125190K->67341K(175104K)] 560364K->502775K(699392K), 0.0160408 secs] [Times: user=0.16 sys=0.00, real=0.01 secs] 
2016-09-15T12:03:45.305-0400: 229.674: [GC (GCLocker Initiated GC) [PSYoungGen: 155405K->67341K(175104K)] 590970K->539600K(699392K), 0.0206431 secs] [Times: user=0.18 sys=0.00, real=0.02 secs] 
2016-09-15T12:03:45.326-0400: 229.695: [Full GC (Ergonomics) [PSYoungGen: 67341K->0K(175104K)] [ParOldGen: 472259K->48650K(524288K)] 539600K->48650K(699392K), [Metaspace: 44541K->44541K(1087488K)], 0.0583878 secs] [Times: user=0.33 sys=0.00, real=0.06 secs] 
2016-09-15T12:03:45.505-0400: 229.874: [GC (GCLocker Initiated GC) [PSYoungGen: 88064K->74356K(175104K)] 143005K->129297K(699392K), 0.0133193 secs] [Times: user=0.16 sys=0.00, real=0.02 secs] 
2016-09-15T12:03:45.632-0400: 230.001: [GC (GCLocker Initiated GC) [PSYoungGen: 162420K->85822K(175104K)] 217526K->165931K(699392K), 0.0095901 secs] [Times: user=0.12 sys=0.00, real=0.01 secs] 
2016-09-15T12:03:45.755-0400: 230.124: [GC (GCLocker Initiated GC) [PSYoungGen: 173886K->73676K(175104K)] 254089K->196695K(699392K), 0.0198073 secs] [Times: user=0.25 sys=0.01, real=0.02 secs] 
2016-09-15T12:03:45.905-0400: 230.274: [GC (GCLocker Initiated GC) [PSYoungGen: 161740K->55287K(175104K)] 284913K->215365K(699392K), 0.0086422 secs] [Times: user=0.12 sys=0.00, real=0.01 secs] 
2016-09-15T12:03:46.042-0400: 230.411: [GC (GCLocker Initiated GC) [PSYoungGen: 143351K->85822K(175104K)] 303488K->294679K(699392K), 0.0145175 secs] [Times: user=0.17 sys=0.00, real=0.02 secs] 
2016-09-15T12:03:46.173-0400: 230.542: [GC (GCLocker Initiated GC) [PSYoungGen: 173886K->67797K(175104K)] 382852K->295099K(699392K), 0.0165318 secs] [Times: user=0.19 sys=0.00, real=0.02 secs] 
2016-09-15T12:03:46.287-0400: 230.656: [GC (GCLocker Initiated GC) [PSYoungGen: 155861K->37126K(175104K)] 389414K->349986K(699392K), 0.0110550 secs] [Times: user=0.13 sys=0.00, real=0.02 secs] 
2016-09-15T12:03:46.421-0400: 230.790: [GC (GCLocker Initiated GC) [PSYoungGen: 125190K->86118K(175104K)] 438226K->435896K(699392K), 0.0134384 secs] [Times: user=0.18 sys=0.00, real=0.01 secs] 
2016-09-15T12:03:46.570-0400: 230.939: [GC (GCLocker Initiated GC) [PSYoungGen: 174182K->37258K(175104K)] 536448K->466649K(699392K), 0.0191844 secs] [Times: user=0.22 sys=0.00, real=0.02 secs] 
2016-09-15T12:03:46.715-0400: 231.084: [GC (GCLocker Initiated GC) [PSYoungGen: 125322K->73480K(175104K)] 554889K->503314K(699392K), 0.0146317 secs] [Times: user=0.14 sys=0.00, real=0.02 secs] 
2016-09-15T12:03:46.870-0400: 231.239: [GC (GCLocker Initiated GC) [PSYoungGen: 161544K->73544K(175104K)] 591549K->540086K(699392K), 0.0173319 secs] [Times: user=0.15 sys=0.01, real=0.02 secs] 
2016-09-15T12:03:46.888-0400: 231.257: [Full GC (Ergonomics) [PSYoungGen: 73544K->0K(175104K)] [ParOldGen: 466542K->54908K(524288K)] 540086K->54908K(699392K), [Metaspace: 44542K->44542K(1087488K)], 0.0590898 secs] [Times: user=0.30 sys=0.00, real=0.05 secs] 
2016-09-15T12:03:47.057-0400: 231.426: [GC (GCLocker Initiated GC) [PSYoungGen: 88064K->86242K(175104K)] 149100K->177653K(699392K), 0.0111421 secs] [Times: user=0.13 sys=0.00, real=0.01 secs] 
2016-09-15T12:03:47.204-0400: 231.573: [GC (GCLocker Initiated GC) [PSYoungGen: 174306K->24816K(175104K)] 277869K->171412K(699392K), 0.0176531 secs] [Times: user=0.17 sys=0.00, real=0.02 secs] 
2016-09-15T12:03:47.332-0400: 231.701: [GC (GCLocker Initiated GC) [PSYoungGen: 112880K->73836K(175104K)] 265716K->226947K(699392K), 0.0304190 secs] [Times: user=0.32 sys=0.01, real=0.03 secs] 
2016-09-15T12:03:47.472-0400: 231.841: [GC (GCLocker Initiated GC) [PSYoungGen: 161900K->36966K(175104K)] 315126K->251217K(699392K), 0.0295978 secs] [Times: user=0.33 sys=0.00, real=0.03 secs] 
2016-09-15T12:03:47.624-0400: 231.993: [GC (GCLocker Initiated GC) [PSYoungGen: 125030K->73840K(175104K)] 345689K->294595K(699392K), 0.0108868 secs] [Times: user=0.11 sys=0.00, real=0.01 secs] 
2016-09-15T12:03:47.757-0400: 232.126: [GC (GCLocker Initiated GC) [PSYoungGen: 161904K->19000K(175104K)] 395063K->270677K(699392K), 0.0209857 secs] [Times: user=0.26 sys=0.00, real=0.02 secs] 
2016-09-15T12:03:47.896-0400: 232.265: [GC (GCLocker Initiated GC) [PSYoungGen: 107064K->67305K(175104K)] 358811K->319170K(699392K), 0.0235429 secs] [Times: user=0.26 sys=0.00, real=0.02 secs] 
2016-09-15T12:03:48.045-0400: 232.414: [GC (Allocation Failure) [PSYoungGen: 155369K->73936K(175104K)] 407365K->344277K(699392K), 0.0118768 secs] [Times: user=0.15 sys=0.00, real=0.02 secs] 
2016-09-15T12:03:48.166-0400: 232.535: [GC (GCLocker Initiated GC) [PSYoungGen: 157130K->55383K(175104K)] 433546K->332238K(699392K), 0.0068753 secs] [Times: user=0.06 sys=0.00, real=0.01 secs] 
2016-09-15T12:03:48.293-0400: 232.662: [GC (GCLocker Initiated GC) [PSYoungGen: 143447K->73936K(175104K)] 420486K->357185K(699392K), 0.0158196 secs] [Times: user=0.19 sys=0.00, real=0.02 secs] 
2016-09-15T12:03:48.446-0400: 232.815: [GC (GCLocker Initiated GC) [PSYoungGen: 162000K->73380K(175104K)] 451539K->399801K(699392K), 0.0140923 secs] [Times: user=0.16 sys=0.00, real=0.02 secs] 
2016-09-15T12:03:48.570-0400: 232.939: [GC (GCLocker Initiated GC) [PSYoungGen: 161444K->73544K(175104K)] 488215K->400450K(699392K), 0.0094040 secs] [Times: user=0.11 sys=0.00, real=0.01 secs] 
2016-09-15T12:03:48.705-0400: 233.074: [GC (GCLocker Initiated GC) [PSYoungGen: 161608K->55451K(175104K)] 500829K->394956K(699392K), 0.0133395 secs] [Times: user=0.14 sys=0.00, real=0.02 secs] 
2016-09-15T12:03:48.848-0400: 233.217: [GC (GCLocker Initiated GC) [PSYoungGen: 143515K->36966K(175104K)] 489143K->401062K(699392K), 0.0204464 secs] [Times: user=0.19 sys=0.01, real=0.02 secs] 
2016-09-15T12:03:48.978-0400: 233.347: [GC (GCLocker Initiated GC) [PSYoungGen: 125030K->86018K(175104K)] 489185K->498909K(699392K), 0.0195180 secs] [Times: user=0.25 sys=0.00, real=0.02 secs] 
2016-09-15T12:03:49.109-0400: 233.478: [GC (Allocation Failure) [PSYoungGen: 174082K->31019K(175104K)] 593263K->511241K(699392K), 0.0119972 secs] [Times: user=0.13 sys=0.00, real=0.01 secs] 
2016-09-15T12:03:49.121-0400: 233.490: [Full GC (Ergonomics) [PSYoungGen: 31019K->0K(175104K)] [ParOldGen: 480222K->55000K(524288K)] 511241K->55000K(699392K), [Metaspace: 44542K->44542K(1087488K)], 0.0602754 secs] [Times: user=0.49 sys=0.02, real=0.06 secs] 
2016-09-15T12:03:49.293-0400: 233.662: [GC (GCLocker Initiated GC) [PSYoungGen: 88064K->73896K(175104K)] 149139K->134971K(699392K), 0.0104670 secs] [Times: user=0.16 sys=0.00, real=0.01 secs] 
2016-09-15T12:03:49.437-0400: 233.806: [GC (GCLocker Initiated GC) [PSYoungGen: 161960K->86018K(175104K)] 229180K->184176K(699392K), 0.0112803 secs] [Times: user=0.17 sys=0.00, real=0.01 secs] 
2016-09-15T12:03:49.569-0400: 233.938: [GC (GCLocker Initiated GC) [PSYoungGen: 174082K->43169K(175104K)] 272288K->196350K(699392K), 0.0107986 secs] [Times: user=0.13 sys=0.00, real=0.01 secs] 
2016-09-15T12:03:49.686-0400: 234.055: [GC (GCLocker Initiated GC) [PSYoungGen: 131233K->49312K(175104K)] 284640K->221220K(699392K), 0.0274748 secs] [Times: user=0.32 sys=0.01, real=0.03 secs] 
2016-09-15T12:03:49.825-0400: 234.194: [GC (GCLocker Initiated GC) [PSYoungGen: 137376K->85562K(175104K)] 309449K->263994K(699392K), 0.0083001 secs] [Times: user=0.08 sys=0.00, real=0.01 secs] 
2016-09-15T12:03:49.934-0400: 234.303: [GC (GCLocker Initiated GC) [PSYoungGen: 173626K->79683K(175104K)] 352363K->282855K(699392K), 0.0122289 secs] [Times: user=0.12 sys=0.00, real=0.01 secs] 
2016-09-15T12:03:50.082-0400: 234.451: [GC (Allocation Failure) [PSYoungGen: 167747K->61458K(175104K)] 371196K->332040K(699392K), 0.0157540 secs] [Times: user=0.20 sys=0.00, real=0.02 secs] 
2016-09-15T12:03:50.207-0400: 234.576: [GC (GCLocker Initiated GC) [PSYoungGen: 149522K->85794K(175104K)] 420109K->356641K(699392K), 0.0100702 secs] [Times: user=0.09 sys=0.00, real=0.02 secs] 
2016-09-15T12:03:50.354-0400: 234.723: [GC (Allocation Failure) [PSYoungGen: 173858K->18968K(175104K)] 444709K->308501K(699392K), 0.0056829 secs] [Times: user=0.05 sys=0.01, real=0.01 secs] 
2016-09-15T12:03:50.475-0400: 234.844: [GC (GCLocker Initiated GC) [PSYoungGen: 102849K->73480K(175104K)] 398456K->369486K(699392K), 0.0165672 secs] [Times: user=0.18 sys=0.00, real=0.02 secs] 
2016-09-15T12:03:50.613-0400: 234.982: [GC (GCLocker Initiated GC) [PSYoungGen: 161544K->73640K(175104K)] 457754K->388210K(699392K), 0.0095218 secs] [Times: user=0.13 sys=0.00, real=0.01 secs] 
2016-09-15T12:03:50.720-0400: 235.089: [GC (GCLocker Initiated GC) [PSYoungGen: 161704K->73608K(175104K)] 476635K->406892K(699392K), 0.0084840 secs] [Times: user=0.12 sys=0.00, real=0.01 secs] 
2016-09-15T12:03:50.858-0400: 235.227: [GC (GCLocker Initiated GC) [PSYoungGen: 161672K->86054K(175104K)] 495027K->462209K(699392K), 0.0201677 secs] [Times: user=0.22 sys=0.01, real=0.02 secs] 
2016-09-15T12:03:50.994-0400: 235.363: [GC (GCLocker Initiated GC) [PSYoungGen: 174118K->55219K(175104K)] 550315K->504788K(699392K), 0.0142187 secs] [Times: user=0.16 sys=0.00, real=0.02 secs] 
2016-09-15T12:03:51.009-0400: 235.378: [Full GC (Ergonomics) [PSYoungGen: 55219K->0K(175104K)] [ParOldGen: 449569K->48768K(524288K)] 504788K->48768K(699392K), [Metaspace: 44543K->44543K(1087488K)], 0.0557518 secs] [Times: user=0.34 sys=0.01, real=0.05 secs] 
2016-09-15T12:03:51.171-0400: 235.540: [GC (GCLocker Initiated GC) [PSYoungGen: 88064K->86794K(175104K)] 137187K->141992K(699392K), 0.0089202 secs] [Times: user=0.11 sys=0.00, real=0.01 secs] 
2016-09-15T12:03:51.299-0400: 235.668: [GC (GCLocker Initiated GC) [PSYoungGen: 174858K->61554K(175104K)] 236290K->160748K(699392K), 0.0193660 secs] [Times: user=0.27 sys=0.02, real=0.02 secs] 
2016-09-15T12:03:51.435-0400: 235.804: [GC (Allocation Failure) [PSYoungGen: 149618K->85986K(175104K)] 249167K->222153K(699392K), 0.0127260 secs] [Times: user=0.19 sys=0.00, real=0.02 secs] 
2016-09-15T12:03:51.601-0400: 235.970: [GC (GCLocker Initiated GC) [PSYoungGen: 168727K->36994K(175104K)] 310969K->197760K(699392K), 0.0100570 secs] [Times: user=0.13 sys=0.00, real=0.01 secs] 
2016-09-15T12:03:51.738-0400: 236.107: [GC (GCLocker Initiated GC) [PSYoungGen: 125058K->55091K(175104K)] 285905K->216034K(699392K), 0.0070604 secs] [Times: user=0.05 sys=0.00, real=0.00 secs] 
2016-09-15T12:03:51.868-0400: 236.237: [GC (GCLocker Initiated GC) [PSYoungGen: 143155K->67273K(175104K)] 304145K->246608K(699392K), 0.0157387 secs] [Times: user=0.16 sys=0.00, real=0.01 secs] 
2016-09-15T12:03:51.977-0400: 236.346: [GC (GCLocker Initiated GC) [PSYoungGen: 155337K->61526K(175104K)] 334747K->289656K(699392K), 0.0238695 secs] [Times: user=0.26 sys=0.01, real=0.02 secs] 
2016-09-15T12:03:52.097-0400: 236.466: [GC (GCLocker Initiated GC) [PSYoungGen: 149590K->73640K(175104K)] 384150K->344966K(699392K), 0.0103947 secs] [Times: user=0.14 sys=0.00, real=0.01 secs] 
2016-09-15T12:03:52.262-0400: 236.631: [GC (GCLocker Initiated GC) [PSYoungGen: 161704K->55383K(175104K)] 445536K->357715K(699392K), 0.0142613 secs] [Times: user=0.14 sys=0.00, real=0.02 secs] 
2016-09-15T12:03:52.411-0400: 236.780: [GC (GCLocker Initiated GC) [PSYoungGen: 143447K->55387K(175104K)] 458082K->370298K(699392K), 0.0098540 secs] [Times: user=0.08 sys=0.00, real=0.01 secs] 
2016-09-15T12:03:52.534-0400: 236.903: [GC (GCLocker Initiated GC) [PSYoungGen: 143451K->79651K(175104K)] 458645K->395309K(699392K), 0.0145807 secs] [Times: user=0.17 sys=0.00, real=0.02 secs] 
2016-09-15T12:03:52.682-0400: 237.051: [GC (GCLocker Initiated GC) [PSYoungGen: 167715K->61426K(175104K)] 483632K->426235K(699392K), 0.0139139 secs] [Times: user=0.14 sys=0.01, real=0.02 secs] 
2016-09-15T12:03:52.827-0400: 237.196: [GC (GCLocker Initiated GC) [PSYoungGen: 149490K->61526K(175104K)] 514536K->444901K(699392K), 0.0127775 secs] [Times: user=0.12 sys=0.01, real=0.02 secs] 
2016-09-15T12:03:52.960-0400: 237.329: [GC (GCLocker Initiated GC) [PSYoungGen: 149590K->43233K(175104K)] 539395K->451555K(699392K), 0.0153944 secs] [Times: user=0.16 sys=0.01, real=0.02 secs] 
2016-09-15T12:03:53.091-0400: 237.460: [GC (GCLocker Initiated GC) [PSYoungGen: 131297K->55323K(175104K)] 539850K->463940K(699392K), 0.0071832 secs] [Times: user=0.05 sys=0.00, real=0.01 secs] 
2016-09-15T12:03:53.225-0400: 237.594: [GC (GCLocker Initiated GC) [PSYoungGen: 143387K->67373K(175104K)] 558289K->500767K(699392K), 0.0101981 secs] [Times: user=0.09 sys=0.00, real=0.01 secs] 
2016-09-15T12:03:53.340-0400: 237.709: [GC (GCLocker Initiated GC) [PSYoungGen: 155437K->55319K(175104K)] 589069K->525521K(699392K), 0.0169302 secs] [Times: user=0.18 sys=0.00, real=0.02 secs] 
2016-09-15T12:03:53.357-0400: 237.726: [Full GC (Ergonomics) [PSYoungGen: 55319K->0K(175104K)] [ParOldGen: 470202K->55283K(524288K)] 525521K->55283K(699392K), [Metaspace: 44547K->44547K(1087488K)], 0.0608993 secs] [Times: user=0.34 sys=0.00, real=0.06 secs] 
2016-09-15T12:03:53.535-0400: 237.904: [GC (GCLocker Initiated GC) [PSYoungGen: 88064K->68121K(175104K)] 149433K->129490K(699392K), 0.0078532 secs] [Times: user=0.06 sys=0.00, real=0.01 secs] 
2016-09-15T12:03:53.681-0400: 238.050: [GC (Allocation Failure) [PSYoungGen: 156185K->61490K(175104K)] 223946K->148539K(699392K), 0.0104559 secs] [Times: user=0.15 sys=0.01, real=0.01 secs] 
2016-09-15T12:03:53.831-0400: 238.200: [GC (GCLocker Initiated GC) [PSYoungGen: 149554K->86314K(175104K)] 236609K->179751K(699392K), 0.0166791 secs] [Times: user=0.21 sys=0.00, real=0.01 secs] 
2016-09-15T12:03:53.980-0400: 238.349: [GC (GCLocker Initiated GC) [PSYoungGen: 174375K->55415K(175104K)] 274244K->192048K(699392K), 0.0106976 secs] [Times: user=0.15 sys=0.00, real=0.01 secs] 
2016-09-15T12:03:54.095-0400: 238.464: [GC (GCLocker Initiated GC) [PSYoungGen: 143479K->86182K(175104K)] 280160K->265516K(699392K), 0.0102791 secs] [Times: user=0.13 sys=0.00, real=0.01 secs] 
2016-09-15T12:03:54.227-0400: 238.596: [GC (GCLocker Initiated GC) [PSYoungGen: 174246K->79715K(175104K)] 353622K->295832K(699392K), 0.0196338 secs] [Times: user=0.21 sys=0.00, real=0.02 secs] 
2016-09-15T12:03:54.354-0400: 238.723: [GC (Allocation Failure) [PSYoungGen: 167779K->55611K(175104K)] 384246K->339211K(699392K), 0.0177110 secs] [Times: user=0.24 sys=0.00, real=0.02 secs] 
2016-09-15T12:03:54.487-0400: 238.856: [GC (GCLocker Initiated GC) [PSYoungGen: 142366K->73576K(175104K)] 432041K->381767K(699392K), 0.0167360 secs] [Times: user=0.23 sys=0.00, real=0.02 secs] 
2016-09-15T12:03:54.645-0400: 239.014: [GC (GCLocker Initiated GC) [PSYoungGen: 161640K->55611K(175104K)] 488272K->400580K(699392K), 0.0137436 secs] [Times: user=0.17 sys=0.00, real=0.02 secs] 
2016-09-15T12:03:54.804-0400: 239.173: [GC (GCLocker Initiated GC) [PSYoungGen: 143675K->79491K(175104K)] 494772K->437102K(699392K), 0.0096930 secs] [Times: user=0.09 sys=0.00, real=0.01 secs] 
2016-09-15T12:03:54.917-0400: 239.286: [GC (GCLocker Initiated GC) [PSYoungGen: 167555K->61654K(175104K)] 531558K->480640K(699392K), 0.0351260 secs] [Times: user=0.37 sys=0.01, real=0.03 secs] 
2016-09-15T12:03:55.096-0400: 239.465: [GC (GCLocker Initiated GC) [PSYoungGen: 149718K->49212K(175104K)] 580873K->517132K(699392K), 0.0078350 secs] [Times: user=0.08 sys=0.01, real=0.00 secs] 
2016-09-15T12:03:55.104-0400: 239.473: [Full GC (Ergonomics) [PSYoungGen: 49212K->0K(175104K)] [ParOldGen: 467920K->49171K(524288K)] 517132K->49171K(699392K), [Metaspace: 44548K->44548K(1087488K)], 0.0600608 secs] [Times: user=0.42 sys=0.00, real=0.06 secs] 
2016-09-15T12:03:55.280-0400: 239.649: [GC (GCLocker Initiated GC) [PSYoungGen: 88064K->86634K(175104K)] 143352K->184447K(699392K), 0.0111456 secs] [Times: user=0.17 sys=0.00, real=0.01 secs] 
2016-09-15T12:03:55.419-0400: 239.788: [GC (GCLocker Initiated GC) [PSYoungGen: 174698K->73508K(175104K)] 272576K->233207K(699392K), 0.0139228 secs] [Times: user=0.19 sys=0.00, real=0.01 secs] 
2016-09-15T12:03:55.547-0400: 239.916: [GC (GCLocker Initiated GC) [PSYoungGen: 161572K->55483K(175104K)] 327522K->276235K(699392K), 0.0121569 secs] [Times: user=0.13 sys=0.00, real=0.02 secs] 
2016-09-15T12:03:55.720-0400: 240.089: [GC (Allocation Failure) [PSYoungGen: 143547K->43233K(175104K)] 376558K->312978K(699392K), 0.0094318 secs] [Times: user=0.09 sys=0.00, real=0.01 secs] 
2016-09-15T12:03:55.851-0400: 240.220: [GC (GCLocker Initiated GC) [PSYoungGen: 131297K->79583K(175104K)] 401047K->392190K(699392K), 0.0108429 secs] [Times: user=0.15 sys=0.00, real=0.01 secs] 
2016-09-15T12:03:55.985-0400: 240.354: [GC (GCLocker Initiated GC) [PSYoungGen: 167645K->73836K(175104K)] 486688K->411255K(699392K), 0.0263374 secs] [Times: user=0.38 sys=0.00, real=0.03 secs] 
2016-09-15T12:03:56.118-0400: 240.487: [GC (GCLocker Initiated GC) [PSYoungGen: 161900K->73740K(175104K)] 505598K->417729K(699392K), 0.0185779 secs] [Times: user=0.22 sys=0.01, real=0.02 secs] 
2016-09-15T12:03:56.286-0400: 240.655: [GC (GCLocker Initiated GC) [PSYoungGen: 161804K->73608K(175104K)] 512129K->442442K(699392K), 0.0228676 secs] [Times: user=0.29 sys=0.00, real=0.03 secs] 
2016-09-15T12:03:56.447-0400: 240.816: [GC (GCLocker Initiated GC) [PSYoungGen: 161669K->37354K(175104K)] 543003K->437032K(699392K), 0.0126402 secs] [Times: user=0.18 sys=0.00, real=0.02 secs] 
2016-09-15T12:03:56.588-0400: 240.957: [GC (Allocation Failure) [PSYoungGen: 125418K->55451K(175104K)] 531521K->461813K(699392K), 0.0100725 secs] [Times: user=0.12 sys=0.00, real=0.01 secs] 
2016-09-15T12:03:56.706-0400: 241.075: [GC (GCLocker Initiated GC) [PSYoungGen: 140926K->73608K(175104K)] 553364K->504546K(699392K), 0.0092557 secs] [Times: user=0.10 sys=0.00, real=0.01 secs] 
2016-09-15T12:03:56.840-0400: 241.209: [GC (GCLocker Initiated GC) [PSYoungGen: 161672K->67601K(175104K)] 592657K->516915K(699392K), 0.0099845 secs] [Times: user=0.08 sys=0.00, real=0.01 secs] 
2016-09-15T12:03:56.944-0400: 241.313: [GC (GCLocker Initiated GC) [PSYoungGen: 155665K->49280K(175104K)] 604981K->516925K(699392K), 0.0101336 secs] [Times: user=0.09 sys=0.00, real=0.01 secs] 
2016-09-15T12:03:56.955-0400: 241.324: [Full GC (Ergonomics) [PSYoungGen: 49280K->0K(175104K)] [ParOldGen: 467645K->49372K(524288K)] 516925K->49372K(699392K), [Metaspace: 44549K->44549K(1087488K)], 0.0605952 secs] [Times: user=0.33 sys=0.00, real=0.06 secs] 
2016-09-15T12:03:57.123-0400: 241.492: [GC (Allocation Failure) [PSYoungGen: 88064K->79907K(175104K)] 137506K->129349K(699392K), 0.0153635 secs] [Times: user=0.17 sys=0.00, real=0.02 secs] 
2016-09-15T12:03:57.261-0400: 241.630: [GC (GCLocker Initiated GC) [PSYoungGen: 164297K->55547K(175104K)] 219814K->154284K(699392K), 0.0099141 secs] [Times: user=0.10 sys=0.00, real=0.01 secs] 
2016-09-15T12:03:57.413-0400: 241.782: [GC (GCLocker Initiated GC) [PSYoungGen: 143611K->37158K(175104K)] 254646K->148461K(699392K), 0.0181063 secs] [Times: user=0.19 sys=0.00, real=0.02 secs] 
2016-09-15T12:03:57.542-0400: 241.911: [GC (GCLocker Initiated GC) [PSYoungGen: 125222K->73644K(175104K)] 242743K->191440K(699392K), 0.0394790 secs] [Times: user=0.44 sys=0.00, real=0.04 secs] 
2016-09-15T12:03:57.709-0400: 242.078: [GC (GCLocker Initiated GC) [PSYoungGen: 161708K->79619K(175104K)] 279557K->234218K(699392K), 0.0275752 secs] [Times: user=0.34 sys=0.00, real=0.03 secs] 
2016-09-15T12:03:57.861-0400: 242.230: [GC (Allocation Failure) [PSYoungGen: 167683K->55351K(175104K)] 322452K->265087K(699392K), 0.0165054 secs] [Times: user=0.20 sys=0.00, real=0.02 secs] 
2016-09-15T12:03:57.999-0400: 242.368: [GC (GCLocker Initiated GC) [PSYoungGen: 143415K->73872K(175104K)] 353151K->314259K(699392K), 0.0138202 secs] [Times: user=0.14 sys=0.01, real=0.01 secs] 
2016-09-15T12:03:58.132-0400: 242.501: [GC (GCLocker Initiated GC) [PSYoungGen: 161936K->79715K(175104K)] 402382K->338865K(699392K), 0.0094994 secs] [Times: user=0.12 sys=0.00, real=0.01 secs] 
2016-09-15T12:03:58.253-0400: 242.622: [GC (GCLocker Initiated GC) [PSYoungGen: 167779K->85822K(175104K)] 427006K->375723K(699392K), 0.0114942 secs] [Times: user=0.16 sys=0.00, real=0.01 secs] 
2016-09-15T12:03:58.411-0400: 242.780: [GC (GCLocker Initiated GC) [PSYoungGen: 173886K->6882K(175104K)] 488184K->376132K(699392K), 0.0178675 secs] [Times: user=0.18 sys=0.01, real=0.02 secs] 
2016-09-15T12:03:58.549-0400: 242.918: [GC (GCLocker Initiated GC) [PSYoungGen: 94946K->79555K(175104K)] 464237K->449105K(699392K), 0.0093672 secs] [Times: user=0.09 sys=0.00, real=0.01 secs] 
2016-09-15T12:03:58.685-0400: 243.054: [GC (GCLocker Initiated GC) [PSYoungGen: 167619K->67501K(175104K)] 543560K->486095K(699392K), 0.0234567 secs] [Times: user=0.26 sys=0.00, real=0.03 secs] 
2016-09-15T12:03:58.824-0400: 243.193: [GC (GCLocker Initiated GC) [PSYoungGen: 155565K->85922K(175104K)] 574396K->511096K(699392K), 0.0180699 secs] [Times: user=0.25 sys=0.00, real=0.02 secs] 
2016-09-15T12:03:58.958-0400: 243.327: [GC (Allocation Failure) [PSYoungGen: 173986K->85726K(175104K)] 599201K->535533K(699392K), 0.0173002 secs] [Times: user=0.22 sys=0.01, real=0.02 secs] 
2016-09-15T12:03:59.080-0400: 243.449: [GC (GCLocker Initiated GC) [PSYoungGen: 173790K->67537K(175104K)] 623603K->547976K(699392K), 0.0200231 secs] [Times: user=0.19 sys=0.00, real=0.02 secs] 
2016-09-15T12:03:59.100-0400: 243.469: [Full GC (Ergonomics) [PSYoungGen: 67537K->0K(175104K)] [ParOldGen: 480439K->53402K(524288K)] 547976K->53402K(699392K), [Metaspace: 44551K->44551K(1087488K)], 0.0622577 secs] [Times: user=0.35 sys=0.00, real=0.06 secs] 
2016-09-15T12:03:59.307-0400: 243.676: [GC (GCLocker Initiated GC) [PSYoungGen: 88064K->74028K(175104K)] 153831K->139795K(699392K), 0.0188666 secs] [Times: user=0.28 sys=0.01, real=0.02 secs] 
2016-09-15T12:03:59.443-0400: 243.812: [GC (Allocation Failure) [PSYoungGen: 162092K->79911K(175104K)] 228198K->176931K(699392K), 0.0107798 secs] [Times: user=0.12 sys=0.00, real=0.01 secs] 
2016-09-15T12:03:59.588-0400: 243.957: [GC (GCLocker Initiated GC) [PSYoungGen: 167975K->55319K(175104K)] 265001K->189086K(699392K), 0.0089790 secs] [Times: user=0.09 sys=0.01, real=0.02 secs] 
2016-09-15T12:03:59.717-0400: 244.086: [GC (GCLocker Initiated GC) [PSYoungGen: 143383K->55547K(175104K)] 278116K->226850K(699392K), 0.0098004 secs] [Times: user=0.11 sys=0.00, real=0.00 secs] 
2016-09-15T12:03:59.855-0400: 244.224: [GC (GCLocker Initiated GC) [PSYoungGen: 143611K->37325K(175104K)] 327134K->239169K(699392K), 0.0141982 secs] [Times: user=0.16 sys=0.00, real=0.02 secs] 
2016-09-15T12:04:00.009-0400: 244.378: [GC (GCLocker Initiated GC) [PSYoungGen: 125389K->55611K(175104K)] 339610K->269967K(699392K), 0.0147001 secs] [Times: user=0.14 sys=0.00, real=0.01 secs] 
2016-09-15T12:04:00.141-0400: 244.510: [GC (Allocation Failure) [PSYoungGen: 143675K->55191K(175104K)] 364299K->294307K(699392K), 0.0097587 secs] [Times: user=0.09 sys=0.00, real=0.01 secs] 
2016-09-15T12:04:00.255-0400: 244.624: [GC (GCLocker Initiated GC) [PSYoungGen: 140274K->43333K(175104K)] 385465K->337228K(699392K), 0.0098026 secs] [Times: user=0.08 sys=0.01, real=0.01 secs] 
2016-09-15T12:04:00.412-0400: 244.781: [GC (GCLocker Initiated GC) [PSYoungGen: 131397K->73316K(175104K)] 431409K->391836K(699392K), 0.0095983 secs] [Times: user=0.10 sys=0.00, real=0.01 secs] 
2016-09-15T12:04:00.526-0400: 244.895: [GC (GCLocker Initiated GC) [PSYoungGen: 161380K->67601K(175104K)] 480233K->416917K(699392K), 0.0192979 secs] [Times: user=0.17 sys=0.00, real=0.02 secs] 
2016-09-15T12:04:00.651-0400: 245.020: [GC (GCLocker Initiated GC) [PSYoungGen: 155665K->55319K(175104K)] 505152K->459912K(699392K), 0.0167033 secs] [Times: user=0.17 sys=0.01, real=0.01 secs] 
2016-09-15T12:04:00.781-0400: 245.150: [GC (GCLocker Initiated GC) [PSYoungGen: 143383K->67569K(175104K)] 548338K->497091K(699392K), 0.0286965 secs] [Times: user=0.31 sys=0.00, real=0.03 secs] 
2016-09-15T12:04:00.918-0400: 245.287: [GC (Allocation Failure) [PSYoungGen: 155633K->61522K(175104K)] 591344K->534162K(699392K), 0.0220645 secs] [Times: user=0.34 sys=0.00, real=0.02 secs] 
2016-09-15T12:04:00.940-0400: 245.309: [Full GC (Ergonomics) [PSYoungGen: 61522K->0K(175104K)] [ParOldGen: 472640K->53390K(524288K)] 534162K->53390K(699392K), [Metaspace: 44553K->44553K(1087488K)], 0.0536378 secs] [Times: user=0.31 sys=0.01, real=0.05 secs] 
2016-09-15T12:04:01.102-0400: 245.471: [GC (GCLocker Initiated GC) [PSYoungGen: 88064K->73996K(175104K)] 141455K->127387K(699392K), 0.0132526 secs] [Times: user=0.14 sys=0.00, real=0.01 secs] 
2016-09-15T12:04:01.244-0400: 245.613: [GC (Allocation Failure) [PSYoungGen: 162060K->86022K(175104K)] 215638K->158518K(699392K), 0.0105355 secs] [Times: user=0.10 sys=0.00, real=0.01 secs] 
2016-09-15T12:04:01.368-0400: 245.737: [GC (GCLocker Initiated GC) [PSYoungGen: 174086K->37094K(175104K)] 246588K->164718K(699392K), 0.0088235 secs] [Times: user=0.08 sys=0.00, real=0.01 secs] 
2016-09-15T12:04:01.485-0400: 245.854: [GC (Allocation Failure) [PSYoungGen: 125158K->73612K(175104K)] 253020K->201553K(699392K), 0.0291506 secs] [Times: user=0.34 sys=0.00, real=0.03 secs] 
2016-09-15T12:04:01.648-0400: 246.017: [GC (GCLocker Initiated GC) [PSYoungGen: 161676K->55383K(175104K)] 289618K->220066K(699392K), 0.0116834 secs] [Times: user=0.15 sys=0.00, real=0.01 secs] 
2016-09-15T12:04:01.804-0400: 246.173: [GC (GCLocker Initiated GC) [PSYoungGen: 143447K->49312K(175104K)] 320630K->226591K(699392K), 0.0242889 secs] [Times: user=0.27 sys=0.00, real=0.03 secs] 
2016-09-15T12:04:01.970-0400: 246.339: [GC (GCLocker Initiated GC) [PSYoungGen: 137376K->61554K(175104K)] 320984K->263687K(699392K), 0.0113512 secs] [Times: user=0.11 sys=0.00, real=0.01 secs] 
2016-09-15T12:04:02.091-0400: 246.460: [GC (GCLocker Initiated GC) [PSYoungGen: 149618K->55483K(175104K)] 358171K->288432K(699392K), 0.0284326 secs] [Times: user=0.28 sys=0.00, real=0.03 secs] 
2016-09-15T12:04:02.252-0400: 246.621: [GC (Allocation Failure) [PSYoungGen: 143547K->36934K(175104K)] 382870K->294741K(699392K), 0.0074410 secs] [Times: user=0.05 sys=0.00, real=0.01 secs] 
2016-09-15T12:04:02.388-0400: 246.757: [GC (GCLocker Initiated GC) [PSYoungGen: 123379K->55191K(175104K)] 387262K->319341K(699392K), 0.0225407 secs] [Times: user=0.24 sys=0.00, real=0.02 secs] 
2016-09-15T12:04:02.536-0400: 246.905: [GC (GCLocker Initiated GC) [PSYoungGen: 143255K->61262K(175104K)] 407458K->343981K(699392K), 0.0267168 secs] [Times: user=0.24 sys=0.00, real=0.02 secs] 
2016-09-15T12:04:02.695-0400: 247.064: [GC (GCLocker Initiated GC) [PSYoungGen: 149326K->36998K(175104K)] 444545K->374838K(699392K), 0.0099129 secs] [Times: user=0.09 sys=0.01, real=0.01 secs] 
2016-09-15T12:04:02.845-0400: 247.214: [GC (Allocation Failure) [PSYoungGen: 125062K->79683K(175104K)] 463022K->417911K(699392K), 0.0295346 secs] [Times: user=0.37 sys=0.00, real=0.03 secs] 
2016-09-15T12:04:02.977-0400: 247.346: [GC (GCLocker Initiated GC) [PSYoungGen: 167747K->73544K(175104K)] 505981K->454430K(699392K), 0.0100453 secs] [Times: user=0.10 sys=0.01, real=0.00 secs] 
2016-09-15T12:04:03.092-0400: 247.461: [GC (GCLocker Initiated GC) [PSYoungGen: 161608K->85758K(175104K)] 542867K->485565K(699392K), 0.0268597 secs] [Times: user=0.36 sys=0.00, real=0.03 secs] 
2016-09-15T12:04:03.262-0400: 247.631: [GC (GCLocker Initiated GC) [PSYoungGen: 173822K->73476K(175104K)] 573777K->491939K(699392K), 0.0094951 secs] [Times: user=0.13 sys=0.00, real=0.01 secs] 
2016-09-15T12:04:03.405-0400: 247.774: [GC (GCLocker Initiated GC) [PSYoungGen: 161540K->73512K(175104K)] 592375K->504458K(699392K), 0.0075220 secs] [Times: user=0.09 sys=0.00, real=0.01 secs] 
2016-09-15T12:04:03.556-0400: 247.925: [GC (Allocation Failure) [PSYoungGen: 161576K->49180K(175104K)] 598683K->516954K(699392K), 0.0077635 secs] [Times: user=0.08 sys=0.00, real=0.00 secs] 
2016-09-15T12:04:03.564-0400: 247.933: [Full GC (Ergonomics) [PSYoungGen: 49180K->0K(175104K)] [ParOldGen: 467774K->41139K(524288K)] 516954K->41139K(699392K), [Metaspace: 44553K->44553K(1087488K)], 0.0568772 secs] [Times: user=0.29 sys=0.00, real=0.06 secs] 
2016-09-15T12:04:03.712-0400: 248.081: [GC (GCLocker Initiated GC) [PSYoungGen: 88064K->86242K(175104K)] 129209K->133462K(699392K), 0.0096780 secs] [Times: user=0.10 sys=0.00, real=0.01 secs] 
2016-09-15T12:04:03.847-0400: 248.216: [GC (GCLocker Initiated GC) [PSYoungGen: 174306K->37094K(175104K)] 233897K->115606K(699392K), 0.0096180 secs] [Times: user=0.10 sys=0.00, real=0.02 secs] 
2016-09-15T12:04:03.977-0400: 248.346: [GC (Allocation Failure) [PSYoungGen: 125158K->79555K(175104K)] 203740K->176637K(699392K), 0.0093008 secs] [Times: user=0.09 sys=0.00, real=0.00 secs] 
2016-09-15T12:04:04.098-0400: 248.467: [GC (GCLocker Initiated GC) [PSYoungGen: 167619K->73704K(175104K)] 264707K->243983K(699392K), 0.0177128 secs] [Times: user=0.23 sys=0.00, real=0.01 secs] 
2016-09-15T12:04:04.259-0400: 248.628: [GC (GCLocker Initiated GC) [PSYoungGen: 161768K->67533K(175104K)] 338418K->262520K(699392K), 0.0147999 secs] [Times: user=0.17 sys=0.01, real=0.01 secs] 
2016-09-15T12:04:04.408-0400: 248.777: [GC (GCLocker Initiated GC) [PSYoungGen: 155597K->49180K(175104K)] 362854K->299253K(699392K), 0.0087632 secs] [Times: user=0.08 sys=0.00, real=0.01 secs] 
2016-09-15T12:04:04.525-0400: 248.894: [GC (Allocation Failure) [PSYoungGen: 137244K->73544K(175104K)] 393686K->342411K(699392K), 0.0101346 secs] [Times: user=0.10 sys=0.00, real=0.01 secs] 
2016-09-15T12:04:04.667-0400: 249.036: [GC (GCLocker Initiated GC) [PSYoungGen: 161608K->55415K(175104K)] 430481K->361077K(699392K), 0.0079274 secs] [Times: user=0.09 sys=0.01, real=0.01 secs] 
2016-09-15T12:04:04.793-0400: 249.162: [GC (GCLocker Initiated GC) [PSYoungGen: 143479K->67373K(175104K)] 449245K->373415K(699392K), 0.0090771 secs] [Times: user=0.07 sys=0.00, real=0.01 secs] 
2016-09-15T12:04:04.912-0400: 249.281: [GC (Allocation Failure) [PSYoungGen: 155437K->42941K(175104K)] 467803K->416324K(699392K), 0.0326414 secs] [Times: user=0.36 sys=0.00, real=0.03 secs] 
2016-09-15T12:04:05.058-0400: 249.427: [GC (GCLocker Initiated GC) [PSYoungGen: 127711K->73804K(175104K)] 507169K->477698K(699392K), 0.0089633 secs] [Times: user=0.09 sys=0.01, real=0.00 secs] 
2016-09-15T12:04:05.218-0400: 249.587: [GC (GCLocker Initiated GC) [PSYoungGen: 161868K->85594K(175104K)] 565809K->520350K(699392K), 0.0159178 secs] [Times: user=0.21 sys=0.00, real=0.01 secs] 
2016-09-15T12:04:05.365-0400: 249.734: [GC (GCLocker Initiated GC) [PSYoungGen: 173658K->37226K(175104K)] 620829K->533109K(699392K), 0.0145487 secs] [Times: user=0.16 sys=0.00, real=0.02 secs] 
2016-09-15T12:04:05.379-0400: 249.748: [Full GC (Ergonomics) [PSYoungGen: 37226K->0K(175104K)] [ParOldGen: 495883K->47786K(524288K)] 533109K->47786K(699392K), [Metaspace: 44553K->44553K(1087488K)], 0.0589670 secs] [Times: user=0.40 sys=0.01, real=0.06 secs] 
2016-09-15T12:04:05.575-0400: 249.944: [GC (Allocation Failure) [PSYoungGen: 88064K->55351K(175104K)] 136087K->103375K(699392K), 0.0118984 secs] [Times: user=0.16 sys=0.01, real=0.01 secs] 
2016-09-15T12:04:05.685-0400: 250.054: [GC (GCLocker Initiated GC) [PSYoungGen: 140946K->73672K(175104K)] 195045K->164692K(699392K), 0.0192655 secs] [Times: user=0.27 sys=0.00, real=0.02 secs] 
2016-09-15T12:04:05.835-0400: 250.204: [GC (GCLocker Initiated GC) [PSYoungGen: 161736K->49216K(175104K)] 252979K->177012K(699392K), 0.0093506 secs] [Times: user=0.08 sys=0.00, real=0.01 secs] 
2016-09-15T12:04:05.971-0400: 250.340: [GC (GCLocker Initiated GC) [PSYoungGen: 137280K->61362K(175104K)] 271278K->256401K(699392K), 0.0135805 secs] [Times: user=0.12 sys=0.00, real=0.01 secs] 
2016-09-15T12:04:06.088-0400: 250.457: [GC (GCLocker Initiated GC) [PSYoungGen: 149426K->61786K(175104K)] 350561K->287520K(699392K), 0.0209040 secs] [Times: user=0.25 sys=0.00, real=0.02 secs] 
2016-09-15T12:04:06.223-0400: 250.592: [GC (GCLocker Initiated GC) [PSYoungGen: 149850K->73704K(175104K)] 376454K->318965K(699392K), 0.0093676 secs] [Times: user=0.09 sys=0.02, real=0.01 secs] 
2016-09-15T12:04:06.349-0400: 250.718: [GC (GCLocker Initiated GC) [PSYoungGen: 161768K->55287K(175104K)] 413268K->325187K(699392K), 0.0066408 secs] [Times: user=0.08 sys=0.00, real=0.01 secs] 
2016-09-15T12:04:06.479-0400: 250.848: [GC (GCLocker Initiated GC) [PSYoungGen: 143351K->61262K(175104K)] 419419K->355643K(699392K), 0.0099515 secs] [Times: user=0.08 sys=0.00, real=0.01 secs] 
2016-09-15T12:04:06.614-0400: 250.983: [GC (GCLocker Initiated GC) [PSYoungGen: 149326K->79815K(175104K)] 443900K->374492K(699392K), 0.0314396 secs] [Times: user=0.38 sys=0.01, real=0.03 secs] 
2016-09-15T12:04:06.760-0400: 251.129: [GC (GCLocker Initiated GC) [PSYoungGen: 167879K->79487K(175104K)] 462800K->417225K(699392K), 0.0144166 secs] [Times: user=0.18 sys=0.00, real=0.01 secs] 
2016-09-15T12:04:06.883-0400: 251.252: [GC (GCLocker Initiated GC) [PSYoungGen: 167551K->85922K(175104K)] 505639K->478812K(699392K), 0.0150173 secs] [Times: user=0.22 sys=0.01, real=0.02 secs] 
2016-09-15T12:04:07.033-0400: 251.402: [GC (Allocation Failure) [PSYoungGen: 173986K->73412K(175104K)] 567091K->485042K(699392K), 0.0073898 secs] [Times: user=0.11 sys=0.00, real=0.01 secs] 
2016-09-15T12:04:07.163-0400: 251.532: [GC (Allocation Failure) [PSYoungGen: 161476K->74068K(175104K)] 573106K->485833K(699392K), 0.0146284 secs] [Times: user=0.16 sys=0.00, real=0.02 secs] 
2016-09-15T12:04:07.296-0400: 251.665: [GC (GCLocker Initiated GC) [PSYoungGen: 162130K->67537K(175104K)] 573902K->516189K(699392K), 0.0126585 secs] [Times: user=0.09 sys=0.01, real=0.01 secs] 
2016-09-15T12:04:07.430-0400: 251.799: [GC (GCLocker Initiated GC) [PSYoungGen: 155601K->79847K(175104K)] 604279K->546893K(699392K), 0.0135398 secs] [Times: user=0.15 sys=0.00, real=0.01 secs] 
2016-09-15T12:04:07.443-0400: 251.812: [Full GC (Ergonomics) [PSYoungGen: 79847K->0K(175104K)] [ParOldGen: 467046K->54061K(524288K)] 546893K->54061K(699392K), [Metaspace: 44553K->44553K(1087488K)], 0.0602395 secs] [Times: user=0.39 sys=0.01, real=0.06 secs] 
2016-09-15T12:04:07.609-0400: 251.978: [GC (GCLocker Initiated GC) [PSYoungGen: 88064K->85918K(175104K)] 148231K->158235K(699392K), 0.0122322 secs] [Times: user=0.07 sys=0.00, real=0.01 secs] 
2016-09-15T12:04:07.787-0400: 252.156: [GC (Allocation Failure) [PSYoungGen: 173982K->36966K(175104K)] 252539K->225421K(699392K), 0.0131974 secs] [Times: user=0.12 sys=0.00, real=0.02 secs] 
2016-09-15T12:04:07.888-0400: 252.257: [GC (GCLocker Initiated GC) [PSYoungGen: 119284K->73444K(175104K)] 313814K->304747K(699392K), 0.0175799 secs] [Times: user=0.24 sys=0.00, real=0.01 secs] 
2016-09-15T12:04:08.052-0400: 252.421: [GC (GCLocker Initiated GC) [PSYoungGen: 161508K->67405K(175104K)] 398928K->323170K(699392K), 0.0326179 secs] [Times: user=0.40 sys=0.01, real=0.03 secs] 
2016-09-15T12:04:08.209-0400: 252.578: [GC (GCLocker Initiated GC) [PSYoungGen: 155469K->37026K(175104K)] 417597K->354113K(699392K), 0.0141025 secs] [Times: user=0.13 sys=0.00, real=0.01 secs] 
2016-09-15T12:04:08.321-0400: 252.690: [GC (GCLocker Initiated GC) [PSYoungGen: 125084K->55255K(175104K)] 442499K->415338K(699392K), 0.0115829 secs] [Times: user=0.11 sys=0.00, real=0.01 secs] 
2016-09-15T12:04:08.451-0400: 252.820: [GC (GCLocker Initiated GC) [PSYoungGen: 143319K->49376K(175104K)] 509658K->452433K(699392K), 0.0085186 secs] [Times: user=0.08 sys=0.00, real=0.01 secs] 
2016-09-15T12:04:08.579-0400: 252.948: [GC (Allocation Failure) [PSYoungGen: 137440K->55191K(175104K)] 540533K->501092K(699392K), 0.0163139 secs] [Times: user=0.18 sys=0.00, real=0.01 secs] 
2016-09-15T12:04:08.595-0400: 252.964: [Full GC (Ergonomics) [PSYoungGen: 55191K->0K(175104K)] [ParOldGen: 445901K->41550K(524288K)] 501092K->41550K(699392K), [Metaspace: 44553K->44553K(1087488K)], 0.0641775 secs] [Times: user=0.41 sys=0.01, real=0.07 secs] 
2016-09-15T12:04:08.763-0400: 253.132: [GC (GCLocker Initiated GC) [PSYoungGen: 86307K->86602K(175104K)] 133933K->140302K(699392K), 0.0091534 secs] [Times: user=0.10 sys=0.00, real=0.01 secs] 
2016-09-15T12:04:08.893-0400: 253.262: [GC (Allocation Failure) [PSYoungGen: 174666K->73672K(175104K)] 228520K->164703K(699392K), 0.0101294 secs] [Times: user=0.13 sys=0.00, real=0.01 secs] 
2016-09-15T12:04:09.048-0400: 253.417: [GC (GCLocker Initiated GC) [PSYoungGen: 161736K->61394K(175104K)] 252773K->182893K(699392K), 0.0243911 secs] [Times: user=0.19 sys=0.01, real=0.02 secs] 
2016-09-15T12:04:09.211-0400: 253.580: [GC (GCLocker Initiated GC) [PSYoungGen: 149458K->79423K(175104K)] 277080K->207141K(699392K), 0.0235283 secs] [Times: user=0.25 sys=0.01, real=0.02 secs] 
2016-09-15T12:04:09.325-0400: 253.694: [GC (GCLocker Initiated GC) [PSYoungGen: 167487K->86054K(175104K)] 295577K->268939K(699392K), 0.0164394 secs] [Times: user=0.19 sys=0.00, real=0.02 secs] 
2016-09-15T12:04:09.479-0400: 253.848: [GC (GCLocker Initiated GC) [PSYoungGen: 174118K->67793K(175104K)] 369408K->299849K(699392K), 0.0213393 secs] [Times: user=0.31 sys=0.01, real=0.02 secs] 
2016-09-15T12:04:09.613-0400: 253.981: [GC (GCLocker Initiated GC) [PSYoungGen: 155857K->61522K(175104K)] 394163K->336430K(699392K), 0.0121123 secs] [Times: user=0.14 sys=0.00, real=0.01 secs] 
2016-09-15T12:04:09.727-0400: 254.096: [GC (GCLocker Initiated GC) [PSYoungGen: 149586K->85986K(175104K)] 424816K->367458K(699392K), 0.0100536 secs] [Times: user=0.13 sys=0.00, real=0.02 secs] 
2016-09-15T12:04:09.872-0400: 254.241: [GC (GCLocker Initiated GC) [PSYoungGen: 174050K->85790K(175104K)] 455637K->422671K(699392K), 0.0199692 secs] [Times: user=0.24 sys=0.00, real=0.02 secs] 
2016-09-15T12:04:10.020-0400: 254.389: [GC (GCLocker Initiated GC) [PSYoungGen: 173854K->55451K(175104K)] 510873K->441329K(699392K), 0.0125490 secs] [Times: user=0.09 sys=0.00, real=0.01 secs] 
2016-09-15T12:04:10.147-0400: 254.516: [GC (GCLocker Initiated GC) [PSYoungGen: 143515K->42945K(175104K)] 529441K->477723K(699392K), 0.0105643 secs] [Times: user=0.07 sys=0.00, real=0.02 secs] 
2016-09-15T12:04:10.271-0400: 254.640: [GC (GCLocker Initiated GC) [PSYoungGen: 131009K->85822K(175104K)] 565857K->575629K(699392K), 0.0115223 secs] [Times: user=0.13 sys=0.00, real=0.01 secs] 
2016-09-15T12:04:10.283-0400: 254.652: [Full GC (Ergonomics) [PSYoungGen: 85822K->0K(175104K)] [ParOldGen: 489807K->54186K(524288K)] 575629K->54186K(699392K), [Metaspace: 44553K->44553K(1087488K)], 0.0854450 secs] [Times: user=0.37 sys=0.01, real=0.09 secs] 
2016-09-15T12:04:10.494-0400: 254.863: [GC (GCLocker Initiated GC) [PSYoungGen: 88064K->86630K(175104K)] 142338K->177354K(699392K), 0.0225394 secs] [Times: user=0.28 sys=0.00, real=0.03 secs] 
2016-09-15T12:04:10.626-0400: 254.995: [GC (GCLocker Initiated GC) [PSYoungGen: 174694K->61198K(175104K)] 271547K->207626K(699392K), 0.0121129 secs] [Times: user=0.14 sys=0.00, real=0.02 secs] 
2016-09-15T12:04:10.749-0400: 255.118: [GC (GCLocker Initiated GC) [PSYoungGen: 149262K->61686K(175104K)] 301947K->250965K(699392K), 0.0287918 secs] [Times: user=0.36 sys=0.00, real=0.03 secs] 
2016-09-15T12:04:10.912-0400: 255.281: [GC (GCLocker Initiated GC) [PSYoungGen: 149750K->55383K(175104K)] 339390K->281772K(699392K), 0.0104440 secs] [Times: user=0.12 sys=0.00, real=0.01 secs] 
2016-09-15T12:04:11.053-0400: 255.422: [GC (GCLocker Initiated GC) [PSYoungGen: 143447K->85626K(175104K)] 375958K->318421K(699392K), 0.0104860 secs] [Times: user=0.10 sys=0.00, real=0.01 secs] 
2016-09-15T12:04:11.204-0400: 255.573: [GC (GCLocker Initiated GC) [PSYoungGen: 173690K->25303K(175104K)] 424880K->361663K(699392K), 0.0111399 secs] [Times: user=0.08 sys=0.01, real=0.01 secs] 
2016-09-15T12:04:11.330-0400: 255.698: [GC (GCLocker Initiated GC) [PSYoungGen: 113367K->85826K(175104K)] 455895K->447041K(699392K), 0.0251781 secs] [Times: user=0.32 sys=0.00, real=0.02 secs] 
2016-09-15T12:04:11.487-0400: 255.856: [GC (GCLocker Initiated GC) [PSYoungGen: 173890K->43201K(175104K)] 541261K->483616K(699392K), 0.0183595 secs] [Times: user=0.25 sys=0.00, real=0.02 secs] 
2016-09-15T12:04:11.506-0400: 255.875: [Full GC (Ergonomics) [PSYoungGen: 43201K->0K(175104K)] [ParOldGen: 440415K->47689K(524288K)] 483616K->47689K(699392K), [Metaspace: 44554K->44554K(1087488K)], 0.0552365 secs] [Times: user=0.31 sys=0.02, real=0.06 secs] 
2016-09-15T12:04:11.668-0400: 256.037: [GC (GCLocker Initiated GC) [PSYoungGen: 88064K->86274K(175104K)] 141876K->176536K(699392K), 0.0097315 secs] [Times: user=0.14 sys=0.01, real=0.02 secs] 
2016-09-15T12:04:11.815-0400: 256.184: [GC (GCLocker Initiated GC) [PSYoungGen: 174338K->67565K(175104K)] 264742K->195303K(699392K), 0.0099099 secs] [Times: user=0.12 sys=0.01, real=0.01 secs] 
2016-09-15T12:04:11.937-0400: 256.306: [GC (GCLocker Initiated GC) [PSYoungGen: 155629K->73544K(175104K)] 289696K->207871K(699392K), 0.0093879 secs] [Times: user=0.07 sys=0.00, real=0.00 secs] 
2016-09-15T12:04:12.083-0400: 256.451: [GC (GCLocker Initiated GC) [PSYoungGen: 161608K->55287K(175104K)] 296173K->226585K(699392K), 0.0118646 secs] [Times: user=0.13 sys=0.01, real=0.01 secs] 
2016-09-15T12:04:12.226-0400: 256.594: [GC (Allocation Failure) [PSYoungGen: 143351K->73708K(175104K)] 321074K->251527K(699392K), 0.0095536 secs] [Times: user=0.09 sys=0.00, real=0.01 secs] 
2016-09-15T12:04:12.357-0400: 256.726: [GC (GCLocker Initiated GC) [PSYoungGen: 159866K->36962K(175104K)] 343760K->257621K(699392K), 0.0216086 secs] [Times: user=0.26 sys=0.00, real=0.02 secs] 
2016-09-15T12:04:12.493-0400: 256.862: [GC (GCLocker Initiated GC) [PSYoungGen: 125026K->74100K(175104K)] 351919K->301104K(699392K), 0.0121326 secs] [Times: user=0.13 sys=0.01, real=0.01 secs] 
2016-09-15T12:04:12.630-0400: 256.999: [GC (GCLocker Initiated GC) [PSYoungGen: 162164K->67241K(175104K)] 389378K->313268K(699392K), 0.0182538 secs] [Times: user=0.23 sys=0.00, real=0.02 secs] 
2016-09-15T12:04:12.753-0400: 257.122: [GC (GCLocker Initiated GC) [PSYoungGen: 155305K->43269K(175104K)] 401698K->314042K(699392K), 0.0104911 secs] [Times: user=0.08 sys=0.00, real=0.01 secs] 
2016-09-15T12:04:12.894-0400: 257.263: [GC (GCLocker Initiated GC) [PSYoungGen: 131333K->67437K(175104K)] 414305K->362826K(699392K), 0.0355165 secs] [Times: user=0.37 sys=0.00, real=0.04 secs] 
2016-09-15T12:04:13.054-0400: 257.423: [GC (GCLocker Initiated GC) [PSYoungGen: 155501K->43397K(175104K)] 463379K->393920K(699392K), 0.0113008 secs] [Times: user=0.10 sys=0.02, real=0.01 secs] 
2016-09-15T12:04:13.202-0400: 257.571: [GC (GCLocker Initiated GC) [PSYoungGen: 131461K->73640K(175104K)] 488324K->449052K(699392K), 0.0133378 secs] [Times: user=0.18 sys=0.00, real=0.01 secs] 
2016-09-15T12:04:13.319-0400: 257.688: [GC (Allocation Failure) [PSYoungGen: 161704K->85822K(175104K)] 537157K->504116K(699392K), 0.0098541 secs] [Times: user=0.14 sys=0.00, real=0.01 secs] 
2016-09-15T12:04:13.467-0400: 257.836: [GC (GCLocker Initiated GC) [PSYoungGen: 173886K->73348K(175104K)] 592185K->534440K(699392K), 0.0117596 secs] [Times: user=0.10 sys=0.01, real=0.02 secs] 
2016-09-15T12:04:13.479-0400: 257.848: [Full GC (Ergonomics) [PSYoungGen: 73348K->0K(175104K)] [ParOldGen: 461092K->48133K(524288K)] 534440K->48133K(699392K), [Metaspace: 44554K->44554K(1087488K)], 0.0597131 secs] [Times: user=0.35 sys=0.02, real=0.06 secs] 
2016-09-15T12:04:13.647-0400: 258.016: [GC (GCLocker Initiated GC) [PSYoungGen: 88064K->86242K(175104K)] 142320K->146573K(699392K), 0.0096224 secs] [Times: user=0.11 sys=0.01, real=0.02 secs] 
2016-09-15T12:04:13.793-0400: 258.162: [GC (Allocation Failure) [PSYoungGen: 174306K->79683K(175104K)] 234768K->183390K(699392K), 0.0100554 secs] [Times: user=0.14 sys=0.00, real=0.01 secs] 
2016-09-15T12:04:13.911-0400: 258.280: [GC (GCLocker Initiated GC) [PSYoungGen: 167747K->73608K(175104K)] 271460K->220145K(699392K), 0.0099312 secs] [Times: user=0.13 sys=0.01, real=0.01 secs] 
2016-09-15T12:04:14.060-0400: 258.429: [GC (GCLocker Initiated GC) [PSYoungGen: 161672K->43041K(175104K)] 320452K->220321K(699392K), 0.0134117 secs] [Times: user=0.15 sys=0.00, real=0.01 secs] 
2016-09-15T12:04:14.182-0400: 258.551: [GC (GCLocker Initiated GC) [PSYoungGen: 131105K->61394K(175104K)] 308421K->287422K(699392K), 0.0200765 secs] [Times: user=0.22 sys=0.00, real=0.02 secs] 
2016-09-15T12:04:14.301-0400: 258.670: [GC (GCLocker Initiated GC) [PSYoungGen: 149458K->73576K(175104K)] 375859K->348892K(699392K), 0.0107188 secs] [Times: user=0.11 sys=0.00, real=0.01 secs] 
2016-09-15T12:04:14.457-0400: 258.826: [GC (GCLocker Initiated GC) [PSYoungGen: 161640K->55515K(175104K)] 449412K->386111K(699392K), 0.0099103 secs] [Times: user=0.14 sys=0.00, real=0.00 secs] 
2016-09-15T12:04:14.606-0400: 258.975: [GC (GCLocker Initiated GC) [PSYoungGen: 143575K->73740K(175104K)] 474539K->404994K(699392K), 0.0094373 secs] [Times: user=0.12 sys=0.00, real=0.01 secs] 
2016-09-15T12:04:14.742-0400: 259.111: [GC (GCLocker Initiated GC) [PSYoungGen: 161804K->37549K(175104K)] 505345K->381211K(699392K), 0.0060885 secs] [Times: user=0.04 sys=0.00, real=0.01 secs] 
2016-09-15T12:04:14.898-0400: 259.267: [GC (GCLocker Initiated GC) [PSYoungGen: 125613K->36998K(175104K)] 481589K->411458K(699392K), 0.0118678 secs] [Times: user=0.10 sys=0.00, real=0.01 secs] 
2016-09-15T12:04:15.048-0400: 259.417: [GC (GCLocker Initiated GC) [PSYoungGen: 125062K->43173K(175104K)] 511859K->430049K(699392K), 0.0175652 secs] [Times: user=0.17 sys=0.00, real=0.01 secs] 
2016-09-15T12:04:15.200-0400: 259.569: [GC (GCLocker Initiated GC) [PSYoungGen: 131237K->49248K(175104K)] 518155K->436417K(699392K), 0.0079946 secs] [Times: user=0.07 sys=0.00, real=0.01 secs] 
2016-09-15T12:04:15.330-0400: 259.699: [GC (GCLocker Initiated GC) [PSYoungGen: 137312K->67341K(175104K)] 536824K->485337K(699392K), 0.0123117 secs] [Times: user=0.12 sys=0.00, real=0.01 secs] 
2016-09-15T12:04:15.467-0400: 259.836: [GC (GCLocker Initiated GC) [PSYoungGen: 155405K->37034K(175104K)] 573762K->461530K(699392K), 0.0126731 secs] [Times: user=0.07 sys=0.00, real=0.02 secs] 
2016-09-15T12:04:15.600-0400: 259.969: [GC (GCLocker Initiated GC) [PSYoungGen: 125098K->55319K(175104K)] 555696K->504402K(699392K), 0.0157636 secs] [Times: user=0.16 sys=0.01, real=0.02 secs] 
2016-09-15T12:04:15.724-0400: 260.093: [GC (Allocation Failure) [PSYoungGen: 143383K->79719K(175104K)] 604937K->541393K(699392K), 0.0131845 secs] [Times: user=0.12 sys=0.00, real=0.02 secs] 
2016-09-15T12:04:15.865-0400: 260.234: [Full GC (Ergonomics) [PSYoungGen: 166798K->0K(175104K)] [ParOldGen: 467749K->48169K(524288K)] 634547K->48169K(699392K), [Metaspace: 44556K->44556K(1087488K)], 0.0614674 secs] [Times: user=0.40 sys=0.01, real=0.06 secs] 
2016-09-15T12:04:16.060-0400: 260.429: [GC (GCLocker Initiated GC) [PSYoungGen: 88064K->80135K(175104K)] 148480K->140552K(699392K), 0.0097439 secs] [Times: user=0.09 sys=0.00, real=0.01 secs] 
2016-09-15T12:04:16.196-0400: 260.565: [GC (GCLocker Initiated GC) [PSYoungGen: 168199K->43137K(175104K)] 228859K->159189K(699392K), 0.0088898 secs] [Times: user=0.10 sys=0.00, real=0.00 secs] 
2016-09-15T12:04:16.305-0400: 260.674: [GC (GCLocker Initiated GC) [PSYoungGen: 131201K->55579K(175104K)] 259742K->184239K(699392K), 0.0066762 secs] [Times: user=0.10 sys=0.00, real=0.01 secs] 
2016-09-15T12:04:16.461-0400: 260.830: [GC (GCLocker Initiated GC) [PSYoungGen: 143643K->55383K(175104K)] 278448K->208884K(699392K), 0.0120716 secs] [Times: user=0.14 sys=0.01, real=0.01 secs] 
2016-09-15T12:04:16.596-0400: 260.965: [GC (Allocation Failure) [PSYoungGen: 143447K->73448K(175104K)] 297303K->227548K(699392K), 0.0168560 secs] [Times: user=0.17 sys=0.00, real=0.01 secs] 
2016-09-15T12:04:16.731-0400: 261.100: [GC (GCLocker Initiated GC) [PSYoungGen: 160105K->55383K(175104K)] 320280K->252283K(699392K), 0.0082899 secs] [Times: user=0.10 sys=0.00, real=0.01 secs] 
2016-09-15T12:04:16.864-0400: 261.233: [GC (GCLocker Initiated GC) [PSYoungGen: 143447K->79947K(175104K)] 340708K->277336K(699392K), 0.0121909 secs] [Times: user=0.10 sys=0.00, real=0.02 secs] 
2016-09-15T12:04:17.024-0400: 261.393: [GC (Allocation Failure) [PSYoungGen: 168011K->61818K(175104K)] 365598K->296335K(699392K), 0.0087290 secs] [Times: user=0.11 sys=0.01, real=0.01 secs] 
2016-09-15T12:04:17.160-0400: 261.529: [GC (GCLocker Initiated GC) [PSYoungGen: 147761K->37290K(175104K)] 388353K->314467K(699392K), 0.0108725 secs] [Times: user=0.11 sys=0.00, real=0.01 secs] 
2016-09-15T12:04:17.295-0400: 261.664: [GC (GCLocker Initiated GC) [PSYoungGen: 125354K->37062K(175104K)] 421056K->351248K(699392K), 0.0155538 secs] [Times: user=0.14 sys=0.00, real=0.02 secs] 
2016-09-15T12:04:17.423-0400: 261.792: [GC (GCLocker Initiated GC) [PSYoungGen: 125126K->85922K(175104K)] 439673K->400589K(699392K), 0.0152649 secs] [Times: user=0.14 sys=0.00, real=0.02 secs] 
2016-09-15T12:04:17.567-0400: 261.936: [GC (GCLocker Initiated GC) [PSYoungGen: 173986K->49016K(175104K)] 494764K->388310K(699392K), 0.0073627 secs] [Times: user=0.07 sys=0.00, real=0.01 secs] 
2016-09-15T12:04:17.707-0400: 262.076: [GC (GCLocker Initiated GC) [PSYoungGen: 137080K->61686K(175104K)] 482456K->425407K(699392K), 0.0164944 secs] [Times: user=0.15 sys=0.00, real=0.02 secs] 
2016-09-15T12:04:17.851-0400: 262.220: [GC (Allocation Failure) [PSYoungGen: 149750K->37322K(175104K)] 525785K->450271K(699392K), 0.0150479 secs] [Times: user=0.17 sys=0.00, real=0.01 secs] 
2016-09-15T12:04:18.002-0400: 262.371: [GC (GCLocker Initiated GC) [PSYoungGen: 124004K->55223K(175104K)] 543028K->474506K(699392K), 0.0153845 secs] [Times: user=0.15 sys=0.00, real=0.02 secs] 
2016-09-15T12:04:18.127-0400: 262.496: [GC (GCLocker Initiated GC) [PSYoungGen: 143287K->79555K(175104K)] 562937K->511450K(699392K), 0.0220967 secs] [Times: user=0.22 sys=0.00, real=0.03 secs] 
2016-09-15T12:04:18.289-0400: 262.658: [GC (Allocation Failure) [PSYoungGen: 167619K->55287K(175104K)] 611723K->535952K(699392K), 0.0174793 secs] [Times: user=0.20 sys=0.00, real=0.01 secs] 
2016-09-15T12:04:18.307-0400: 262.676: [Full GC (Ergonomics) [PSYoungGen: 55287K->0K(175104K)] [ParOldGen: 480665K->54468K(524288K)] 535952K->54468K(699392K), [Metaspace: 44560K->44560K(1087488K)], 0.0600813 secs] [Times: user=0.36 sys=0.00, real=0.06 secs] 
2016-09-15T12:04:18.474-0400: 262.843: [GC (GCLocker Initiated GC) [PSYoungGen: 88064K->86342K(175104K)] 142533K->152961K(699392K), 0.0202118 secs] [Times: user=0.25 sys=0.01, real=0.02 secs] 
2016-09-15T12:04:18.622-0400: 262.991: [GC (GCLocker Initiated GC) [PSYoungGen: 174406K->61686K(175104K)] 247428K->190095K(699392K), 0.0157807 secs] [Times: user=0.20 sys=0.00, real=0.02 secs] 
2016-09-15T12:04:18.765-0400: 263.134: [GC (GCLocker Initiated GC) [PSYoungGen: 149750K->36998K(175104K)] 284276K->208062K(699392K), 0.0346993 secs] [Times: user=0.36 sys=0.00, real=0.04 secs] 
2016-09-15T12:04:18.909-0400: 263.278: [GC (Allocation Failure) [PSYoungGen: 125062K->55319K(175104K)] 302388K->269223K(699392K), 0.0154134 secs] [Times: user=0.14 sys=0.00, real=0.01 secs] 
2016-09-15T12:04:19.045-0400: 263.414: [GC (GCLocker Initiated GC) [PSYoungGen: 138080K->55255K(175104K)] 358059K->305884K(699392K), 0.0152963 secs] [Times: user=0.15 sys=0.00, real=0.02 secs] 
2016-09-15T12:04:19.203-0400: 263.572: [GC (GCLocker Initiated GC) [PSYoungGen: 143319K->55579K(175104K)] 406354K->337114K(699392K), 0.0107650 secs] [Times: user=0.11 sys=0.00, real=0.01 secs] 
2016-09-15T12:04:19.347-0400: 263.716: [GC (GCLocker Initiated GC) [PSYoungGen: 143643K->55191K(143360K)] 425332K->355380K(667648K), 0.0075603 secs] [Times: user=0.07 sys=0.00, real=0.01 secs] 
2016-09-15T12:04:19.473-0400: 263.842: [GC (Allocation Failure) [PSYoungGen: 143255K->37162K(174080K)] 443699K->386473K(698368K), 0.0164607 secs] [Times: user=0.16 sys=0.00, real=0.02 secs] 
2016-09-15T12:04:19.612-0400: 263.981: [GC (GCLocker Initiated GC) [PSYoungGen: 124714K->61234K(174592K)] 474031K->429191K(698880K), 0.0101088 secs] [Times: user=0.08 sys=0.00, real=0.01 secs] 
2016-09-15T12:04:19.758-0400: 264.127: [GC (GCLocker Initiated GC) [PSYoungGen: 148786K->36998K(174080K)] 516914K->441836K(698368K), 0.0078899 secs] [Times: user=0.06 sys=0.00, real=0.00 secs] 
2016-09-15T12:04:19.885-0400: 264.254: [GC (GCLocker Initiated GC) [PSYoungGen: 125062K->85758K(174592K)] 530009K->515148K(698880K), 0.0164803 secs] [Times: user=0.23 sys=0.00, real=0.02 secs] 
2016-09-15T12:04:19.989-0400: 264.358: [GC (Allocation Failure) [PSYoungGen: 173822K->85790K(175104K)] 603461K->546096K(699392K), 0.0155115 secs] [Times: user=0.19 sys=0.01, real=0.01 secs] 
2016-09-15T12:04:20.092-0400: 264.461: [GC (GCLocker Initiated GC) [PSYoungGen: 169654K->73640K(175104K)] 636035K->588944K(699392K), 0.0119898 secs] [Times: user=0.17 sys=0.00, real=0.01 secs] 
2016-09-15T12:04:20.105-0400: 264.474: [Full GC (Ergonomics) [PSYoungGen: 73640K->0K(175104K)] [ParOldGen: 515304K->54876K(524288K)] 588944K->54876K(699392K), [Metaspace: 44579K->44579K(1087488K)], 0.0582000 secs] [Times: user=0.59 sys=0.02, real=0.06 secs] 
2016-09-15T12:04:20.297-0400: 264.666: [GC (GCLocker Initiated GC) [PSYoungGen: 88064K->73968K(175104K)] 143041K->128945K(699392K), 0.0090641 secs] [Times: user=0.12 sys=0.00, real=0.00 secs] 
2016-09-15T12:04:20.440-0400: 264.809: [GC (GCLocker Initiated GC) [PSYoungGen: 162032K->73544K(175104K)] 223132K->153153K(699392K), 0.0258656 secs] [Times: user=0.28 sys=0.00, real=0.02 secs] 
2016-09-15T12:04:20.588-0400: 264.957: [GC (GCLocker Initiated GC) [PSYoungGen: 161608K->43105K(175104K)] 247294K->171607K(699392K), 0.0222559 secs] [Times: user=0.23 sys=0.00, real=0.02 secs] 
2016-09-15T12:04:20.723-0400: 265.092: [GC (GCLocker Initiated GC) [PSYoungGen: 131169K->55611K(175104K)] 265956K->227164K(699392K), 0.0137421 secs] [Times: user=0.14 sys=0.00, real=0.02 secs] 
2016-09-15T12:04:20.855-0400: 265.223: [GC (GCLocker Initiated GC) [PSYoungGen: 143675K->67829K(175104K)] 315303K->276050K(699392K), 0.0200543 secs] [Times: user=0.25 sys=0.00, real=0.02 secs] 
2016-09-15T12:04:21.029-0400: 265.397: [GC (GCLocker Initiated GC) [PSYoungGen: 155893K->61198K(175104K)] 370371K->294340K(699392K), 0.0286897 secs] [Times: user=0.29 sys=0.01, real=0.03 secs] 
2016-09-15T12:04:21.161-0400: 265.530: [GC (GCLocker Initiated GC) [PSYoungGen: 149262K->85986K(175104K)] 382463K->337563K(699392K), 0.0119225 secs] [Times: user=0.13 sys=0.00, real=0.01 secs] 
2016-09-15T12:04:21.312-0400: 265.681: [GC (GCLocker Initiated GC) [PSYoungGen: 174050K->18741K(175104K)] 431901K->343700K(699392K), 0.0136644 secs] [Times: user=0.16 sys=0.00, real=0.01 secs] 
2016-09-15T12:04:21.457-0400: 265.826: [GC (GCLocker Initiated GC) [PSYoungGen: 106805K->86118K(175104K)] 432131K->417811K(699392K), 0.0085845 secs] [Times: user=0.08 sys=0.01, real=0.00 secs] 
2016-09-15T12:04:21.627-0400: 265.996: [GC (GCLocker Initiated GC) [PSYoungGen: 174182K->67401K(175104K)] 512075K->423967K(699392K), 0.0100749 secs] [Times: user=0.08 sys=0.01, real=0.02 secs] 
2016-09-15T12:04:21.750-0400: 266.119: [GC (Allocation Failure) [PSYoungGen: 155465K->61686K(175104K)] 512191K->473230K(699392K), 0.0106983 secs] [Times: user=0.13 sys=0.01, real=0.01 secs] 
2016-09-15T12:04:21.762-0400: 266.131: [GC (GCLocker Initiated GC) [PSYoungGen: 62241K->128K(175104K)] 473786K->484943K(699392K), 0.0073459 secs] [Times: user=0.07 sys=0.01, real=0.01 secs] 
2016-09-15T12:04:21.769-0400: 266.138: [Full GC (Ergonomics) [PSYoungGen: 128K->0K(175104K)] [ParOldGen: 484815K->53846K(524288K)] 484943K->53846K(699392K), [Metaspace: 44586K->44586K(1087488K)], 0.0596623 secs] [Times: user=0.49 sys=0.00, real=0.06 secs] 
2016-09-15T12:04:21.943-0400: 266.312: [GC (GCLocker Initiated GC) [PSYoungGen: 88064K->86670K(175104K)] 141910K->146591K(699392K), 0.0075182 secs] [Times: user=0.10 sys=0.01, real=0.01 secs] 
2016-09-15T12:04:22.067-0400: 266.436: [GC (GCLocker Initiated GC) [PSYoungGen: 174734K->79683K(175104K)] 235208K->159085K(699392K), 0.0088458 secs] [Times: user=0.08 sys=0.01, real=0.02 secs] 
2016-09-15T12:04:22.193-0400: 266.562: [GC (GCLocker Initiated GC) [PSYoungGen: 167747K->55515K(175104K)] 247154K->153291K(699392K), 0.0094203 secs] [Times: user=0.13 sys=0.00, real=0.01 secs] 
2016-09-15T12:04:22.297-0400: 266.666: [GC (GCLocker Initiated GC) [PSYoungGen: 143579K->67633K(175104K)] 247606K->184077K(699392K), 0.0095635 secs] [Times: user=0.08 sys=0.00, real=0.00 secs] 
2016-09-15T12:04:22.436-0400: 266.805: [GC (GCLocker Initiated GC) [PSYoungGen: 155697K->85758K(175104K)] 272172K->269373K(699392K), 0.0123981 secs] [Times: user=0.16 sys=0.01, real=0.02 secs] 
2016-09-15T12:04:22.561-0400: 266.930: [GC (GCLocker Initiated GC) [PSYoungGen: 173822K->61522K(175104K)] 357804K->318744K(699392K), 0.0120665 secs] [Times: user=0.17 sys=0.01, real=0.01 secs] 
2016-09-15T12:04:22.696-0400: 267.065: [GC (GCLocker Initiated GC) [PSYoungGen: 149586K->55351K(175104K)] 413009K->361426K(699392K), 0.0199158 secs] [Times: user=0.20 sys=0.01, real=0.02 secs] 
2016-09-15T12:04:22.862-0400: 267.231: [GC (Allocation Failure) [PSYoungGen: 143415K->67473K(175104K)] 455657K->386058K(699392K), 0.0218003 secs] [Times: user=0.15 sys=0.00, real=0.02 secs] 
2016-09-15T12:04:23.043-0400: 267.412: [GC (Allocation Failure) [PSYoungGen: 151379K->36834K(175104K)] 469965K->398227K(699392K), 0.0220958 secs] [Times: user=0.21 sys=0.00, real=0.02 secs] 
2016-09-15T12:04:23.165-0400: 267.534: [GC (GCLocker Initiated GC) [PSYoungGen: 124898K->85690K(175104K)] 486297K->453300K(699392K), 0.0099527 secs] [Times: user=0.14 sys=0.00, real=0.01 secs] 
2016-09-15T12:04:23.287-0400: 267.656: [GC (GCLocker Initiated GC) [PSYoungGen: 173754K->55483K(175104K)] 547687K->478128K(699392K), 0.0210302 secs] [Times: user=0.21 sys=0.00, real=0.03 secs] 
2016-09-15T12:04:23.410-0400: 267.779: [GC (GCLocker Initiated GC) [PSYoungGen: 143547K->49148K(175104K)] 566234K->514627K(699392K), 0.0131682 secs] [Times: user=0.13 sys=0.01, real=0.01 secs] 
2016-09-15T12:04:23.424-0400: 267.793: [Full GC (Ergonomics) [PSYoungGen: 49148K->0K(175104K)] [ParOldGen: 465479K->60166K(524288K)] 514627K->60166K(699392K), [Metaspace: 44586K->44586K(1087488K)], 0.0608860 secs] [Times: user=0.33 sys=0.01, real=0.06 secs] 
2016-09-15T12:04:23.581-0400: 267.950: [GC (GCLocker Initiated GC) [PSYoungGen: 88064K->87022K(175104K)] 148491K->171749K(699392K), 0.0171357 secs] [Times: user=0.24 sys=0.01, real=0.02 secs] 
2016-09-15T12:04:23.699-0400: 268.068: [GC (GCLocker Initiated GC) [PSYoungGen: 175086K->85954K(175104K)] 265947K->214413K(699392K), 0.0183418 secs] [Times: user=0.23 sys=0.01, real=0.02 secs] 
2016-09-15T12:04:23.847-0400: 268.216: [GC (GCLocker Initiated GC) [PSYoungGen: 174018K->49016K(175104K)] 302485K->232613K(699392K), 0.0272451 secs] [Times: user=0.31 sys=0.00, real=0.03 secs] 
2016-09-15T12:04:24.032-0400: 268.401: [GC (GCLocker Initiated GC) [PSYoungGen: 137080K->85530K(175104K)] 320704K->281407K(699392K), 0.0250092 secs] [Times: user=0.24 sys=0.01, real=0.03 secs] 
2016-09-15T12:04:24.211-0400: 268.580: [GC (GCLocker Initiated GC) [PSYoungGen: 173594K->37158K(175104K)] 394121K->300321K(699392K), 0.0293801 secs] [Times: user=0.27 sys=0.00, real=0.03 secs] 
2016-09-15T12:04:24.400-0400: 268.769: [GC (GCLocker Initiated GC) [PSYoungGen: 125222K->55323K(175104K)] 394548K->324744K(699392K), 0.0155724 secs] [Times: user=0.14 sys=0.00, real=0.01 secs] 
2016-09-15T12:04:24.525-0400: 268.894: [GC (GCLocker Initiated GC) [PSYoungGen: 143387K->61394K(175104K)] 419020K->398061K(699392K), 0.0174110 secs] [Times: user=0.18 sys=0.00, real=0.02 secs] 
2016-09-15T12:04:24.679-0400: 269.048: [GC (GCLocker Initiated GC) [PSYoungGen: 149458K->55447K(175104K)] 498456K->440999K(699392K), 0.0144520 secs] [Times: user=0.17 sys=0.00, real=0.01 secs] 
2016-09-15T12:04:24.845-0400: 269.214: [GC (GCLocker Initiated GC) [PSYoungGen: 143511K->37098K(175104K)] 535346K->429216K(699392K), 0.0057952 secs] [Times: user=0.06 sys=0.00, real=0.01 secs] 
2016-09-15T12:04:25.009-0400: 269.378: [GC (GCLocker Initiated GC) [PSYoungGen: 125162K->42845K(175104K)] 523452K->459604K(699392K), 0.0193940 secs] [Times: user=0.18 sys=0.00, real=0.02 secs] 
2016-09-15T12:04:25.139-0400: 269.508: [GC (GCLocker Initiated GC) [PSYoungGen: 130909K->85434K(175104K)] 547704K->514498K(699392K), 0.0238429 secs] [Times: user=0.27 sys=0.01, real=0.02 secs] 
2016-09-15T12:04:25.255-0400: 269.624: [GC (GCLocker Initiated GC) --[PSYoungGen: 173498K->173498K(175104K)] 602722K->693991K(699392K), 0.0172121 secs] [Times: user=0.15 sys=0.00, real=0.02 secs] 
2016-09-15T12:04:25.272-0400: 269.641: [Full GC (Ergonomics) [PSYoungGen: 173498K->0K(175104K)] [ParOldGen: 520492K->60209K(524288K)] 693991K->60209K(699392K), [Metaspace: 44586K->44586K(1087488K)], 0.0627694 secs] [Times: user=0.48 sys=0.00, real=0.06 secs] 
2016-09-15T12:04:25.450-0400: 269.819: [GC (GCLocker Initiated GC) [PSYoungGen: 88064K->86694K(175104K)] 148316K->165171K(699392K), 0.0112650 secs] [Times: user=0.17 sys=0.00, real=0.01 secs] 
2016-09-15T12:04:25.606-0400: 269.975: [GC (GCLocker Initiated GC) [PSYoungGen: 174758K->36994K(175104K)] 265516K->201956K(699392K), 0.0109966 secs] [Times: user=0.15 sys=0.00, real=0.02 secs] 
2016-09-15T12:04:25.723-0400: 270.092: [GC (GCLocker Initiated GC) [PSYoungGen: 125058K->85626K(175104K)] 290101K->269045K(699392K), 0.0097674 secs] [Times: user=0.13 sys=0.00, real=0.01 secs] 
2016-09-15T12:04:25.847-0400: 270.216: [GC (GCLocker Initiated GC) [PSYoungGen: 173690K->61330K(175104K)] 357442K->312003K(699392K), 0.0160967 secs] [Times: user=0.11 sys=0.01, real=0.02 secs] 
2016-09-15T12:04:25.989-0400: 270.358: [GC (GCLocker Initiated GC) [PSYoungGen: 149394K->55319K(175104K)] 406341K->312549K(699392K), 0.0064182 secs] [Times: user=0.06 sys=0.00, real=0.01 secs] 
2016-09-15T12:04:26.118-0400: 270.487: [GC (GCLocker Initiated GC) [PSYoungGen: 143383K->73480K(175104K)] 400890K->343396K(699392K), 0.0241409 secs] [Times: user=0.22 sys=0.01, real=0.02 secs] 
2016-09-15T12:04:26.269-0400: 270.638: [GC (GCLocker Initiated GC) [PSYoungGen: 161544K->37222K(175104K)] 438119K->332289K(699392K), 0.0097651 secs] [Times: user=0.13 sys=0.00, real=0.01 secs] 
2016-09-15T12:04:26.414-0400: 270.783: [GC (Allocation Failure) [PSYoungGen: 125286K->67241K(175104K)] 420395K->362461K(699392K), 0.0130324 secs] [Times: user=0.10 sys=0.00, real=0.01 secs] 
2016-09-15T12:04:26.509-0400: 270.878: [GC (GCLocker Initiated GC) [PSYoungGen: 149237K->80139K(175104K)] 450533K->418052K(699392K), 0.0203981 secs] [Times: user=0.28 sys=0.00, real=0.02 secs] 
2016-09-15T12:04:26.653-0400: 271.022: [GC (Allocation Failure) [PSYoungGen: 168203K->61490K(175104K)] 512266K->424413K(699392K), 0.0095036 secs] [Times: user=0.15 sys=0.00, real=0.01 secs] 
2016-09-15T12:04:26.792-0400: 271.161: [GC (GCLocker Initiated GC) [PSYoungGen: 149554K->73544K(175104K)] 512477K->466994K(699392K), 0.0109275 secs] [Times: user=0.13 sys=0.00, real=0.01 secs] 
2016-09-15T12:04:26.908-0400: 271.277: [GC (GCLocker Initiated GC) [PSYoungGen: 161608K->73740K(175104K)] 561500K->492132K(699392K), 0.0096675 secs] [Times: user=0.09 sys=0.00, real=0.01 secs] 
2016-09-15T12:04:27.051-0400: 271.420: [GC (GCLocker Initiated GC) [PSYoungGen: 161804K->55647K(175104K)] 586312K->480422K(699392K), 0.0132907 secs] [Times: user=0.12 sys=0.00, real=0.01 secs] 
2016-09-15T12:04:27.185-0400: 271.554: [GC (GCLocker Initiated GC) [PSYoungGen: 143711K->55191K(175104K)] 574715K->504515K(699392K), 0.0200361 secs] [Times: user=0.22 sys=0.00, real=0.02 secs] 
2016-09-15T12:04:27.313-0400: 271.682: [Full GC (Ergonomics) [PSYoungGen: 143255K->0K(175104K)] [ParOldGen: 461695K->53995K(524288K)] 604950K->53995K(699392K), [Metaspace: 44586K->44586K(1087488K)], 0.0742372 secs] [Times: user=0.47 sys=0.00, real=0.07 secs] 
2016-09-15T12:04:27.529-0400: 271.898: [GC (Allocation Failure) [PSYoungGen: 88064K->67793K(175104K)] 148321K->128050K(699392K), 0.0205308 secs] [Times: user=0.20 sys=0.00, real=0.02 secs] 
2016-09-15T12:04:27.656-0400: 272.025: [GC (GCLocker Initiated GC) [PSYoungGen: 155857K->79551K(175104K)] 216120K->195045K(699392K), 0.0214480 secs] [Times: user=0.24 sys=0.00, real=0.02 secs] 
2016-09-15T12:04:27.813-0400: 272.182: [GC (GCLocker Initiated GC) [PSYoungGen: 167615K->61266K(175104K)] 289343K->201346K(699392K), 0.0276252 secs] [Times: user=0.27 sys=0.00, real=0.03 secs] 
2016-09-15T12:04:27.991-0400: 272.360: [GC (GCLocker Initiated GC) [PSYoungGen: 149330K->67701K(175104K)] 289519K->208125K(699392K), 0.0095941 secs] [Times: user=0.05 sys=0.00, real=0.01 secs] 
2016-09-15T12:04:28.142-0400: 272.511: [GC (Allocation Failure) [PSYoungGen: 155765K->42845K(175104K)] 296220K->238070K(699392K), 0.0108393 secs] [Times: user=0.06 sys=0.01, real=0.01 secs] 
2016-09-15T12:04:28.279-0400: 272.648: [GC (GCLocker Initiated GC) [PSYoungGen: 130909K->85858K(175104K)] 326140K->281192K(699392K), 0.0359885 secs] [Times: user=0.40 sys=0.01, real=0.03 secs] 
2016-09-15T12:04:28.428-0400: 272.797: [GC (GCLocker Initiated GC) [PSYoungGen: 173922K->79587K(175104K)] 369354K->293496K(699392K), 0.0228977 secs] [Times: user=0.24 sys=0.00, real=0.02 secs] 
2016-09-15T12:04:28.550-0400: 272.919: [GC (GCLocker Initiated GC) [PSYoungGen: 167651K->55483K(175104K)] 387962K->318603K(699392K), 0.0152333 secs] [Times: user=0.15 sys=0.01, real=0.01 secs] 
2016-09-15T12:04:28.683-0400: 273.052: [GC (GCLocker Initiated GC) [PSYoungGen: 143547K->31314K(175104K)] 419167K->361721K(699392K), 0.0090028 secs] [Times: user=0.08 sys=0.00, real=0.01 secs] 
2016-09-15T12:04:28.818-0400: 273.187: [GC (GCLocker Initiated GC) [PSYoungGen: 119378K->85726K(175104K)] 449844K->446873K(699392K), 0.0141702 secs] [Times: user=0.18 sys=0.00, real=0.01 secs] 
2016-09-15T12:04:28.948-0400: 273.317: [GC (GCLocker Initiated GC) [PSYoungGen: 173790K->49180K(175104K)] 541491K->459518K(699392K), 0.0138702 secs] [Times: user=0.14 sys=0.00, real=0.01 secs] 
2016-09-15T12:04:29.103-0400: 273.472: [GC (GCLocker Initiated GC) [PSYoungGen: 137244K->67405K(175104K)] 553710K->514537K(699392K), 0.0174698 secs] [Times: user=0.20 sys=0.00, real=0.02 secs] 
2016-09-15T12:04:29.227-0400: 273.596: [GC (GCLocker Initiated GC) [PSYoungGen: 155469K->61462K(175104K)] 602710K->545420K(699392K), 0.0102012 secs] [Times: user=0.09 sys=0.00, real=0.02 secs] 
2016-09-15T12:04:29.237-0400: 273.606: [Full GC (Ergonomics) [PSYoungGen: 61462K->0K(175104K)] [ParOldGen: 483958K->48306K(524288K)] 545420K->48306K(699392K), [Metaspace: 44586K->44586K(1087488K)], 0.0594386 secs] [Times: user=0.35 sys=0.00, real=0.06 secs] 
2016-09-15T12:04:29.416-0400: 273.785: [GC (GCLocker Initiated GC) [PSYoungGen: 88064K->86046K(175104K)] 142661K->171019K(699392K), 0.0109613 secs] [Times: user=0.12 sys=0.00, real=0.00 secs] 
2016-09-15T12:04:29.534-0400: 273.903: [GC (GCLocker Initiated GC) [PSYoungGen: 174110K->37030K(175104K)] 259399K->201818K(699392K), 0.0100919 secs] [Times: user=0.10 sys=0.01, real=0.01 secs] 
2016-09-15T12:04:29.659-0400: 274.028: [GC (GCLocker Initiated GC) [PSYoungGen: 125094K->85954K(175104K)] 289946K->293631K(699392K), 0.0132558 secs] [Times: user=0.16 sys=0.01, real=0.01 secs] 
2016-09-15T12:04:29.826-0400: 274.195: [GC (GCLocker Initiated GC) [PSYoungGen: 174018K->37386K(175104K)] 400130K->318488K(699392K), 0.0082444 secs] [Times: user=0.09 sys=0.00, real=0.01 secs] 
2016-09-15T12:04:29.964-0400: 274.333: [GC (GCLocker Initiated GC) [PSYoungGen: 125450K->55319K(175104K)] 406688K->336849K(699392K), 0.0164153 secs] [Times: user=0.18 sys=0.00, real=0.02 secs] 
2016-09-15T12:04:30.093-0400: 274.462: [GC (GCLocker Initiated GC) [PSYoungGen: 143383K->49408K(175104K)] 431315K->355669K(699392K), 0.0151050 secs] [Times: user=0.15 sys=0.00, real=0.02 secs] 
2016-09-15T12:04:30.254-0400: 274.623: [GC (GCLocker Initiated GC) [PSYoungGen: 137472K->55191K(175104K)] 450045K->386249K(699392K), 0.0088305 secs] [Times: user=0.08 sys=0.00, real=0.01 secs] 
2016-09-15T12:04:30.382-0400: 274.751: [GC (GCLocker Initiated GC) [PSYoungGen: 143255K->73512K(175104K)] 474331K->422925K(699392K), 0.0136288 secs] [Times: user=0.13 sys=0.00, real=0.01 secs] 
2016-09-15T12:04:30.502-0400: 274.871: [GC (GCLocker Initiated GC) [PSYoungGen: 161576K->49603K(175104K)] 517117K->453881K(699392K), 0.0163122 secs] [Times: user=0.18 sys=0.00, real=0.02 secs] 
2016-09-15T12:04:30.636-0400: 275.005: [GC (GCLocker Initiated GC) [PSYoungGen: 137667K->61558K(175104K)] 548375K->508999K(699392K), 0.0249042 secs] [Times: user=0.27 sys=0.00, real=0.02 secs] 
2016-09-15T12:04:30.796-0400: 275.165: [GC (GCLocker Initiated GC) [PSYoungGen: 149622K->49084K(175104K)] 597111K->515049K(699392K), 0.0082496 secs] [Times: user=0.08 sys=0.00, real=0.00 secs] 
2016-09-15T12:04:30.805-0400: 275.174: [Full GC (Ergonomics) [PSYoungGen: 49084K->0K(175104K)] [ParOldGen: 465965K->42194K(524288K)] 515049K->42194K(699392K), [Metaspace: 44586K->44586K(1087488K)], 0.0590635 secs] [Times: user=0.42 sys=0.01, real=0.06 secs] 
2016-09-15T12:04:30.962-0400: 275.331: [GC (GCLocker Initiated GC) [PSYoungGen: 88064K->86046K(175104K)] 136655K->140712K(699392K), 0.0130803 secs] [Times: user=0.17 sys=0.00, real=0.01 secs] 
2016-09-15T12:04:31.098-0400: 275.467: [GC (GCLocker Initiated GC) [PSYoungGen: 174110K->55319K(175104K)] 241035K->153150K(699392K), 0.0085806 secs] [Times: user=0.07 sys=0.00, real=0.00 secs] 
2016-09-15T12:04:31.231-0400: 275.600: [GC (GCLocker Initiated GC) [PSYoungGen: 143383K->79487K(175104K)] 241587K->220516K(699392K), 0.0115916 secs] [Times: user=0.13 sys=0.00, real=0.01 secs] 
2016-09-15T12:04:31.342-0400: 275.711: [GC (GCLocker Initiated GC) [PSYoungGen: 167551K->73640K(175104K)] 308790K->233271K(699392K), 0.0115108 secs] [Times: user=0.18 sys=0.00, real=0.01 secs] 
2016-09-15T12:04:31.491-0400: 275.860: [GC (GCLocker Initiated GC) [PSYoungGen: 161704K->37713K(175104K)] 339769K->234296K(699392K), 0.0093681 secs] [Times: user=0.10 sys=0.00, real=0.01 secs] 
2016-09-15T12:04:31.641-0400: 276.010: [GC (GCLocker Initiated GC) [PSYoungGen: 125777K->61234K(175104K)] 322396K->258103K(699392K), 0.0131882 secs] [Times: user=0.13 sys=0.00, real=0.01 secs] 
2016-09-15T12:04:31.765-0400: 276.134: [GC (GCLocker Initiated GC) [PSYoungGen: 149298K->43528K(175104K)] 346224K->283108K(699392K), 0.0116763 secs] [Times: user=0.12 sys=0.00, real=0.02 secs] 
2016-09-15T12:04:31.898-0400: 276.267: [GC (GCLocker Initiated GC) [PSYoungGen: 131592K->24688K(175104K)] 377485K->289220K(699392K), 0.0159788 secs] [Times: user=0.18 sys=0.00, real=0.01 secs] 
2016-09-15T12:04:32.046-0400: 276.415: [GC (GCLocker Initiated GC) [PSYoungGen: 112752K->67437K(175104K)] 383491K->344510K(699392K), 0.0186100 secs] [Times: user=0.16 sys=0.00, real=0.02 secs] 
2016-09-15T12:04:32.200-0400: 276.569: [GC (GCLocker Initiated GC) [PSYoungGen: 155501K->55451K(175104K)] 432577K->356954K(699392K), 0.0227815 secs] [Times: user=0.22 sys=0.01, real=0.02 secs] 
2016-09-15T12:04:32.315-0400: 276.684: [GC (GCLocker Initiated GC) [PSYoungGen: 143515K->79655K(175104K)] 445329K->399954K(699392K), 0.0214459 secs] [Times: user=0.20 sys=0.01, real=0.03 secs] 
2016-09-15T12:04:32.458-0400: 276.827: [GC (GCLocker Initiated GC) [PSYoungGen: 167719K->61266K(175104K)] 488306K->424482K(699392K), 0.0509198 secs] [Times: user=0.53 sys=0.01, real=0.05 secs] 
2016-09-15T12:04:32.660-0400: 277.029: [GC (GCLocker Initiated GC) [PSYoungGen: 149330K->49212K(175104K)] 518639K->461174K(699392K), 0.0101784 secs] [Times: user=0.11 sys=0.00, real=0.01 secs] 
2016-09-15T12:04:32.798-0400: 277.167: [GC (Allocation Failure) [PSYoungGen: 137276K->49344K(175104K)] 555596K->498290K(699392K), 0.0090892 secs] [Times: user=0.07 sys=0.00, real=0.00 secs] 
2016-09-15T12:04:32.905-0400: 277.274: [GC (GCLocker Initiated GC) [PSYoungGen: 134643K->49148K(175104K)] 589665K->534820K(699392K), 0.0087855 secs] [Times: user=0.08 sys=0.00, real=0.01 secs] 
2016-09-15T12:04:32.914-0400: 277.283: [Full GC (Ergonomics) [PSYoungGen: 49148K->0K(175104K)] [ParOldGen: 485672K->48206K(524288K)] 534820K->48206K(699392K), [Metaspace: 44586K->44586K(1087488K)], 0.0646833 secs] [Times: user=0.38 sys=0.00, real=0.07 secs] 
2016-09-15T12:04:33.104-0400: 277.473: [GC (Allocation Failure) [PSYoungGen: 88064K->62006K(175104K)] 148747K->122689K(699392K), 0.0245224 secs] [Times: user=0.26 sys=0.00, real=0.03 secs] 
2016-09-15T12:04:33.276-0400: 277.645: [GC (GCLocker Initiated GC) [PSYoungGen: 150069K->61490K(175104K)] 210758K->159512K(699392K), 0.0106163 secs] [Times: user=0.11 sys=0.00, real=0.00 secs] 
2016-09-15T12:04:33.446-0400: 277.815: [GC (GCLocker Initiated GC) [PSYoungGen: 149554K->55351K(171008K)] 253849K->177975K(695296K), 0.0300557 secs] [Times: user=0.35 sys=0.00, real=0.04 secs] 
2016-09-15T12:04:33.608-0400: 277.977: [GC (GCLocker Initiated GC) [PSYoungGen: 143415K->67533K(173056K)] 284323K->208732K(697344K), 0.0096402 secs] [Times: user=0.11 sys=0.00, real=0.01 secs] 
2016-09-15T12:04:33.757-0400: 278.126: [GC (Allocation Failure) [PSYoungGen: 155597K->31150K(174080K)] 309290K->221390K(698368K), 0.0113199 secs] [Times: user=0.10 sys=0.00, real=0.01 secs] 
2016-09-15T12:04:33.880-0400: 278.249: [GC (GCLocker Initiated GC) [PSYoungGen: 119214K->61458K(175104K)] 309459K->270375K(699392K), 0.0140815 secs] [Times: user=0.16 sys=0.00, real=0.01 secs] 
2016-09-15T12:04:34.006-0400: 278.375: [GC (GCLocker Initiated GC) [PSYoungGen: 149522K->67633K(175104K)] 358805K->276996K(699392K), 0.0076118 secs] [Times: user=0.06 sys=0.00, real=0.01 secs] 
2016-09-15T12:04:34.131-0400: 278.500: [GC (GCLocker Initiated GC) [PSYoungGen: 155697K->55351K(143872K)] 371406K->307793K(668160K), 0.0341799 secs] [Times: user=0.37 sys=0.00, real=0.03 secs] 
2016-09-15T12:04:34.289-0400: 278.658: [GC (GCLocker Initiated GC) [PSYoungGen: 143415K->43333K(174080K)] 408273K->326520K(698368K), 0.0219358 secs] [Times: user=0.23 sys=0.00, real=0.02 secs] 
2016-09-15T12:04:34.456-0400: 278.825: [GC (GCLocker Initiated GC) [PSYoungGen: 131909K->79423K(173568K)] 421223K->369169K(697856K), 0.0111936 secs] [Times: user=0.11 sys=0.00, real=0.00 secs] 
2016-09-15T12:04:34.600-0400: 278.969: [GC (GCLocker Initiated GC) [PSYoungGen: 167999K->73612K(175104K)] 457752K->393844K(699392K), 0.0215556 secs] [Times: user=0.20 sys=0.00, real=0.02 secs] 
2016-09-15T12:04:34.756-0400: 279.125: [GC (Allocation Failure) [PSYoungGen: 161676K->73348K(175104K)] 488081K->412358K(699392K), 0.0142879 secs] [Times: user=0.15 sys=0.00, real=0.01 secs] 
2016-09-15T12:04:34.885-0400: 279.254: [GC (GCLocker Initiated GC) [PSYoungGen: 161412K->36738K(175104K)] 506497K->412286K(699392K), 0.0436858 secs] [Times: user=0.46 sys=0.00, real=0.05 secs] 
2016-09-15T12:04:35.053-0400: 279.422: [GC (Allocation Failure) [PSYoungGen: 124802K->73416K(175104K)] 500537K->467464K(699392K), 0.0339409 secs] [Times: user=0.36 sys=0.00, real=0.03 secs] 
2016-09-15T12:04:35.088-0400: 279.457: [GC (GCLocker Initiated GC) [PSYoungGen: 73735K->96K(175104K)] 467783K->467357K(699392K), 0.0083375 secs] [Times: user=0.04 sys=0.01, real=0.01 secs] 
2016-09-15T12:04:35.096-0400: 279.465: [Full GC (Ergonomics) [PSYoungGen: 96K->0K(175104K)] [ParOldGen: 467261K->48014K(524288K)] 467357K->48014K(699392K), [Metaspace: 44586K->44586K(1087488K)], 0.0622944 secs] [Times: user=0.34 sys=0.01, real=0.06 secs] 
2016-09-15T12:04:35.280-0400: 279.649: [GC (GCLocker Initiated GC) [PSYoungGen: 88064K->86078K(175104K)] 136078K->152317K(699392K), 0.0090250 secs] [Times: user=0.09 sys=0.00, real=0.01 secs] 
2016-09-15T12:04:35.392-0400: 279.761: [GC (GCLocker Initiated GC) [PSYoungGen: 174142K->49116K(175104K)] 246740K->158843K(699392K), 0.0250638 secs] [Times: user=0.21 sys=0.00, real=0.03 secs] 
2016-09-15T12:04:35.538-0400: 279.907: [GC (Allocation Failure) [PSYoungGen: 137180K->85658K(175104K)] 246932K->232192K(699392K), 0.0128908 secs] [Times: user=0.18 sys=0.00, real=0.01 secs] 
2016-09-15T12:04:35.687-0400: 280.056: [GC (GCLocker Initiated GC) [PSYoungGen: 168747K->43169K(175104K)] 321356K->244489K(699392K), 0.0121643 secs] [Times: user=0.12 sys=0.00, real=0.02 secs] 
2016-09-15T12:04:35.836-0400: 280.205: [GC (GCLocker Initiated GC) [PSYoungGen: 131233K->49280K(175104K)] 344835K->263141K(699392K), 0.0141306 secs] [Times: user=0.13 sys=0.00, real=0.01 secs] 
2016-09-15T12:04:35.969-0400: 280.338: [GC (GCLocker Initiated GC) [PSYoungGen: 137344K->55515K(175104K)] 363554K->282001K(699392K), 0.0147174 secs] [Times: user=0.16 sys=0.00, real=0.01 secs] 
2016-09-15T12:04:36.101-0400: 280.470: [GC (GCLocker Initiated GC) [PSYoungGen: 143579K->85790K(175104K)] 370118K->349094K(699392K), 0.0095086 secs] [Times: user=0.11 sys=0.00, real=0.01 secs] 
2016-09-15T12:04:36.250-0400: 280.619: [GC (GCLocker Initiated GC) [PSYoungGen: 173854K->55711K(175104K)] 449663K->380436K(699392K), 0.0089729 secs] [Times: user=0.09 sys=0.01, real=0.01 secs] 
2016-09-15T12:04:36.389-0400: 280.758: [GC (GCLocker Initiated GC) [PSYoungGen: 143775K->85758K(175104K)] 468548K->441205K(699392K), 0.0229542 secs] [Times: user=0.24 sys=0.00, real=0.02 secs] 
2016-09-15T12:04:36.502-0400: 280.871: [GC (GCLocker Initiated GC) [PSYoungGen: 173822K->79815K(175104K)] 529490K->478128K(699392K), 0.0108164 secs] [Times: user=0.11 sys=0.00, real=0.01 secs] 
2016-09-15T12:04:36.647-0400: 281.016: [GC (GCLocker Initiated GC) [PSYoungGen: 167879K->67469K(175104K)] 572461K->508940K(699392K), 0.0099602 secs] [Times: user=0.07 sys=0.01, real=0.02 secs] 
2016-09-15T12:04:36.779-0400: 281.148: [GC (GCLocker Initiated GC) [PSYoungGen: 155533K->43269K(175104K)] 603266K->515405K(699392K), 0.0082380 secs] [Times: user=0.07 sys=0.00, real=0.00 secs] 
2016-09-15T12:04:36.788-0400: 281.157: [Full GC (Ergonomics) [PSYoungGen: 43269K->0K(175104K)] [ParOldGen: 472136K->48269K(524288K)] 515405K->48269K(699392K), [Metaspace: 44586K->44586K(1087488K)], 0.0640982 secs] [Times: user=0.43 sys=0.00, real=0.06 secs] 
2016-09-15T12:04:36.980-0400: 281.349: [GC (Allocation Failure) [PSYoungGen: 88064K->80039K(175104K)] 142607K->134582K(699392K), 0.0092920 secs] [Times: user=0.11 sys=0.00, real=0.01 secs] 
2016-09-15T12:04:37.101-0400: 281.470: [GC (GCLocker Initiated GC) [PSYoungGen: 167996K->55187K(175104K)] 228614K->159018K(699392K), 0.0154437 secs] [Times: user=0.14 sys=0.01, real=0.02 secs] 
2016-09-15T12:04:37.247-0400: 281.616: [GC (GCLocker Initiated GC) [PSYoungGen: 143251K->79783K(175104K)] 253199K->195925K(699392K), 0.0087382 secs] [Times: user=0.09 sys=0.00, real=0.02 secs] 
2016-09-15T12:04:37.383-0400: 281.752: [GC (GCLocker Initiated GC) [PSYoungGen: 167847K->61394K(175104K)] 284031K->226798K(699392K), 0.0113498 secs] [Times: user=0.11 sys=0.00, real=0.01 secs] 
2016-09-15T12:04:37.492-0400: 281.861: [GC (GCLocker Initiated GC) [PSYoungGen: 149458K->37030K(175104K)] 321096K->281851K(699392K), 0.0135919 secs] [Times: user=0.15 sys=0.00, real=0.01 secs] 
2016-09-15T12:04:37.638-0400: 282.007: [GC (GCLocker Initiated GC) [PSYoungGen: 125094K->36998K(175104K)] 369956K->318562K(699392K), 0.0294020 secs] [Times: user=0.31 sys=0.01, real=0.03 secs] 
2016-09-15T12:04:37.775-0400: 282.144: [GC (GCLocker Initiated GC) [PSYoungGen: 125062K->86086K(175104K)] 406841K->374068K(699392K), 0.0309169 secs] [Times: user=0.37 sys=0.00, real=0.03 secs] 
2016-09-15T12:04:37.928-0400: 282.297: [GC (GCLocker Initiated GC) [PSYoungGen: 174150K->61426K(175104K)] 468209K->410787K(699392K), 0.0202088 secs] [Times: user=0.20 sys=0.00, real=0.02 secs] 
2016-09-15T12:04:38.078-0400: 282.447: [GC (Allocation Failure) [PSYoungGen: 149490K->73772K(175104K)] 505096K->447731K(699392K), 0.0088339 secs] [Times: user=0.09 sys=0.00, real=0.00 secs] 
2016-09-15T12:04:38.208-0400: 282.577: [GC (GCLocker Initiated GC) [PSYoungGen: 161836K->55675K(175104K)] 535800K->472660K(699392K), 0.0093693 secs] [Times: user=0.11 sys=0.00, real=0.01 secs] 
2016-09-15T12:04:38.322-0400: 282.691: [GC (GCLocker Initiated GC) [PSYoungGen: 143739K->85790K(175104K)] 567009K->564198K(699392K), 0.0120501 secs] [Times: user=0.16 sys=0.00, real=0.01 secs] 
2016-09-15T12:04:38.334-0400: 282.703: [Full GC (Ergonomics) [PSYoungGen: 85790K->0K(175104K)] [ParOldGen: 478408K->60206K(524288K)] 564198K->60206K(699392K), [Metaspace: 44586K->44586K(1087488K)], 0.0735871 secs] [Times: user=0.60 sys=0.00, real=0.08 secs] 
2016-09-15T12:04:38.534-0400: 282.903: [GC (GCLocker Initiated GC) [PSYoungGen: 88064K->67957K(175104K)] 160614K->140507K(699392K), 0.0082396 secs] [Times: user=0.07 sys=0.00, real=0.01 secs] 
2016-09-15T12:04:38.656-0400: 283.025: [GC (GCLocker Initiated GC) [PSYoungGen: 156021K->85854K(175104K)] 228746K->189534K(699392K), 0.0124802 secs] [Times: user=0.15 sys=0.00, real=0.01 secs] 
2016-09-15T12:04:38.783-0400: 283.152: [GC (GCLocker Initiated GC) [PSYoungGen: 173918K->67501K(175104K)] 283868K->214044K(699392K), 0.0095107 secs] [Times: user=0.09 sys=0.01, real=0.01 secs] 
2016-09-15T12:04:38.899-0400: 283.267: [GC (GCLocker Initiated GC) [PSYoungGen: 155565K->37094K(175104K)] 308292K->262857K(699392K), 0.0143500 secs] [Times: user=0.17 sys=0.00, real=0.01 secs] 
2016-09-15T12:04:39.038-0400: 283.407: [GC (GCLocker Initiated GC) [PSYoungGen: 125158K->85790K(175104K)] 350969K->348358K(699392K), 0.0198307 secs] [Times: user=0.24 sys=0.00, real=0.02 secs] 
2016-09-15T12:04:39.163-0400: 283.532: [GC (Allocation Failure) [PSYoungGen: 173854K->67629K(175104K)] 436498K->379180K(699392K), 0.0147993 secs] [Times: user=0.17 sys=0.00, real=0.02 secs] 
2016-09-15T12:04:39.302-0400: 283.671: [GC (GCLocker Initiated GC) [PSYoungGen: 155693K->61458K(175104K)] 467244K->440134K(699392K), 0.0119075 secs] [Times: user=0.17 sys=0.00, real=0.01 secs] 
2016-09-15T12:04:39.439-0400: 283.808: [GC (GCLocker Initiated GC) [PSYoungGen: 149522K->85822K(175104K)] 528363K->489271K(699392K), 0.0122994 secs] [Times: user=0.18 sys=0.01, real=0.01 secs] 
2016-09-15T12:04:39.575-0400: 283.944: [GC (GCLocker Initiated GC) [PSYoungGen: 173886K->67501K(175104K)] 577606K->520113K(699392K), 0.0157936 secs] [Times: user=0.20 sys=0.00, real=0.02 secs] 
2016-09-15T12:04:39.591-0400: 283.960: [Full GC (Ergonomics) [PSYoungGen: 67501K->0K(175104K)] [ParOldGen: 452612K->41476K(524288K)] 520113K->41476K(699392K), [Metaspace: 44586K->44586K(1087488K)], 0.0538015 secs] [Times: user=0.33 sys=0.00, real=0.05 secs] 
2016-09-15T12:04:39.756-0400: 284.125: [GC (GCLocker Initiated GC) [PSYoungGen: 88064K->86602K(175104K)] 135926K->140539K(699392K), 0.0140641 secs] [Times: user=0.20 sys=0.00, real=0.01 secs] 
2016-09-15T12:04:39.897-0400: 284.266: [GC (GCLocker Initiated GC) [PSYoungGen: 174666K->61458K(175104K)] 234949K->159090K(699392K), 0.0106448 secs] [Times: user=0.14 sys=0.00, real=0.00 secs] 
2016-09-15T12:04:40.062-0400: 284.431: [GC (GCLocker Initiated GC) [PSYoungGen: 149522K->73640K(175104K)] 247179K->189658K(699392K), 0.0226720 secs] [Times: user=0.32 sys=0.00, real=0.02 secs] 
2016-09-15T12:04:40.217-0400: 284.586: [GC (GCLocker Initiated GC) [PSYoungGen: 161704K->61134K(175104K)] 278329K->178026K(699392K), 0.0087758 secs] [Times: user=0.07 sys=0.01, real=0.00 secs] 
2016-09-15T12:04:40.318-0400: 284.687: [GC (GCLocker Initiated GC) [PSYoungGen: 149198K->49340K(175104K)] 266171K->221123K(699392K), 0.0103164 secs] [Times: user=0.12 sys=0.00, real=0.01 secs] 
2016-09-15T12:04:40.445-0400: 284.814: [GC (Allocation Failure) [PSYoungGen: 137404K->85790K(175104K)] 309458K->282428K(699392K), 0.0096766 secs] [Times: user=0.11 sys=0.00, real=0.01 secs] 
2016-09-15T12:04:40.589-0400: 284.958: [GC (GCLocker Initiated GC) [PSYoungGen: 173854K->43201K(175104K)] 370498K->294827K(699392K), 0.0098596 secs] [Times: user=0.11 sys=0.00, real=0.01 secs] 
2016-09-15T12:04:40.711-0400: 285.080: [GC (GCLocker Initiated GC) [PSYoungGen: 131265K->73644K(175104K)] 389097K->331588K(699392K), 0.0123939 secs] [Times: user=0.12 sys=0.00, real=0.01 secs] 
2016-09-15T12:04:40.849-0400: 285.218: [GC (GCLocker Initiated GC) [PSYoungGen: 161708K->67405K(175104K)] 419710K->344056K(699392K), 0.0105867 secs] [Times: user=0.10 sys=0.01, real=0.01 secs] 
2016-09-15T12:04:41.000-0400: 285.369: [GC (GCLocker Initiated GC) [PSYoungGen: 155469K->55383K(175104K)] 432167K->423366K(699392K), 0.0103600 secs] [Times: user=0.13 sys=0.00, real=0.01 secs] 
2016-09-15T12:04:41.120-0400: 285.489: [GC (GCLocker Initiated GC) [PSYoungGen: 143447K->61590K(175104K)] 523629K->460272K(699392K), 0.0149024 secs] [Times: user=0.18 sys=0.00, real=0.01 secs] 
2016-09-15T12:04:41.254-0400: 285.623: [GC (GCLocker Initiated GC) [PSYoungGen: 149654K->73608K(175104K)] 548429K->515200K(699392K), 0.0219011 secs] [Times: user=0.25 sys=0.01, real=0.03 secs] 
2016-09-15T12:04:41.276-0400: 285.645: [Full GC (Ergonomics) [PSYoungGen: 73608K->0K(175104K)] [ParOldGen: 441592K->60002K(524288K)] 515200K->60002K(699392K), [Metaspace: 44586K->44586K(1087488K)], 0.0619933 secs] [Times: user=0.42 sys=0.02, real=0.06 secs] 
2016-09-15T12:04:41.453-0400: 285.822: [GC (GCLocker Initiated GC) [PSYoungGen: 88064K->86466K(175104K)] 148121K->176898K(699392K), 0.0102557 secs] [Times: user=0.15 sys=0.00, real=0.01 secs] 
2016-09-15T12:04:41.579-0400: 285.948: [GC (Allocation Failure) [PSYoungGen: 174530K->55447K(175104K)] 265278K->220079K(699392K), 0.0100761 secs] [Times: user=0.13 sys=0.00, real=0.01 secs] 
2016-09-15T12:04:41.686-0400: 286.055: [GC (GCLocker Initiated GC) [PSYoungGen: 143511K->67633K(175104K)] 308148K->256854K(699392K), 0.0113766 secs] [Times: user=0.11 sys=0.00, real=0.02 secs] 
2016-09-15T12:04:41.823-0400: 286.192: [GC (Allocation Failure) [PSYoungGen: 155697K->61458K(175104K)] 345217K->269627K(699392K), 0.0135646 secs] [Times: user=0.12 sys=0.00, real=0.02 secs] 
2016-09-15T12:04:41.953-0400: 286.322: [GC (GCLocker Initiated GC) [PSYoungGen: 149522K->55351K(175104K)] 357692K->300255K(699392K), 0.0094979 secs] [Times: user=0.10 sys=0.00, real=0.01 secs] 
2016-09-15T12:04:42.087-0400: 286.456: [GC (GCLocker Initiated GC) [PSYoungGen: 143415K->85730K(175104K)] 388361K->343093K(699392K), 0.0140930 secs] [Times: user=0.15 sys=0.00, real=0.02 secs] 
2016-09-15T12:04:42.252-0400: 286.621: [GC (GCLocker Initiated GC) [PSYoungGen: 173794K->43037K(175104K)] 437342K->343326K(699392K), 0.0196365 secs] [Times: user=0.19 sys=0.00, real=0.02 secs] 
2016-09-15T12:04:42.403-0400: 286.772: [GC (GCLocker Initiated GC) [PSYoungGen: 131101K->85658K(175104K)] 437496K->404338K(699392K), 0.0107662 secs] [Times: user=0.12 sys=0.00, real=0.01 secs] 
2016-09-15T12:04:42.512-0400: 286.881: [GC (GCLocker Initiated GC) [PSYoungGen: 173722K->67797K(175104K)] 498603K->435330K(699392K), 0.0110259 secs] [Times: user=0.10 sys=0.00, real=0.01 secs] 
2016-09-15T12:04:42.636-0400: 287.005: [GC (GCLocker Initiated GC) [PSYoungGen: 155861K->73448K(175104K)] 523475K->459539K(699392K), 0.0119167 secs] [Times: user=0.07 sys=0.00, real=0.01 secs] 
2016-09-15T12:04:42.737-0400: 287.106: [GC (GCLocker Initiated GC) [PSYoungGen: 161512K->79423K(175104K)] 547651K->490153K(699392K), 0.0110775 secs] [Times: user=0.07 sys=0.00, real=0.01 secs] 
2016-09-15T12:04:42.866-0400: 287.235: [GC (GCLocker Initiated GC) [PSYoungGen: 167487K->61522K(175104K)] 578387K->545458K(699392K), 0.0120888 secs] [Times: user=0.17 sys=0.01, real=0.02 secs] 
2016-09-15T12:04:42.878-0400: 287.247: [Full GC (Ergonomics) [PSYoungGen: 61522K->0K(175104K)] [ParOldGen: 483936K->47873K(524288K)] 545458K->47873K(699392K), [Metaspace: 44586K->44586K(1087488K)], 0.0582714 secs] [Times: user=0.39 sys=0.00, real=0.06 secs] 
2016-09-15T12:04:43.049-0400: 287.418: [GC (GCLocker Initiated GC) [PSYoungGen: 88064K->86014K(175104K)] 142030K->146056K(699392K), 0.0099355 secs] [Times: user=0.10 sys=0.00, real=0.01 secs] 
2016-09-15T12:04:43.182-0400: 287.551: [GC (GCLocker Initiated GC) [PSYoungGen: 174078K->55283K(175104K)] 234128K->194855K(699392K), 0.0129686 secs] [Times: user=0.12 sys=0.00, real=0.01 secs] 
2016-09-15T12:04:43.280-0400: 287.649: [GC (GCLocker Initiated GC) [PSYoungGen: 143347K->85662K(175104K)] 283270K->225704K(699392K), 0.0092867 secs] [Times: user=0.09 sys=0.00, real=0.01 secs] 
2016-09-15T12:04:43.407-0400: 287.776: [GC (GCLocker Initiated GC) [PSYoungGen: 173726K->73608K(175104K)] 320008K->238391K(699392K), 0.0263968 secs] [Times: user=0.33 sys=0.02, real=0.03 secs] 
2016-09-15T12:04:43.556-0400: 287.925: [GC (GCLocker Initiated GC) [PSYoungGen: 161672K->55611K(175104K)] 338943K->275707K(699392K), 0.0080733 secs] [Times: user=0.08 sys=0.00, real=0.00 secs] 
2016-09-15T12:04:43.678-0400: 288.047: [GC (GCLocker Initiated GC) [PSYoungGen: 143675K->73448K(175104K)] 363819K->330317K(699392K), 0.0145857 secs] [Times: user=0.11 sys=0.00, real=0.01 secs] 
2016-09-15T12:04:43.820-0400: 288.189: [GC (Allocation Failure) [PSYoungGen: 161512K->55579K(175104K)] 424767K->343237K(699392K), 0.0095064 secs] [Times: user=0.09 sys=0.00, real=0.01 secs] 
2016-09-15T12:04:43.957-0400: 288.326: [GC (GCLocker Initiated GC) [PSYoungGen: 143542K->43105K(175104K)] 437276K->355323K(699392K), 0.0112722 secs] [Times: user=0.09 sys=0.00, real=0.01 secs] 
2016-09-15T12:04:44.091-0400: 288.460: [GC (GCLocker Initiated GC) [PSYoungGen: 131169K->43336K(175104K)] 449823K->380295K(699392K), 0.0284299 secs] [Times: user=0.28 sys=0.00, real=0.03 secs] 
2016-09-15T12:04:44.225-0400: 288.594: [GC (GCLocker Initiated GC) [PSYoungGen: 131400K->73480K(175104K)] 474532K->416879K(699392K), 0.0273568 secs] [Times: user=0.25 sys=0.00, real=0.03 secs] 
2016-09-15T12:04:44.361-0400: 288.730: [GC (GCLocker Initiated GC) [PSYoungGen: 161544K->55355K(175104K)] 505046K->405191K(699392K), 0.0118639 secs] [Times: user=0.07 sys=0.00, real=0.01 secs] 
2016-09-15T12:04:44.494-0400: 288.863: [GC (GCLocker Initiated GC) [PSYoungGen: 143419K->67273K(175104K)] 493375K->453963K(699392K), 0.0128531 secs] [Times: user=0.13 sys=0.01, real=0.01 secs] 
2016-09-15T12:04:44.633-0400: 289.002: [GC (GCLocker Initiated GC) [PSYoungGen: 155337K->79491K(175104K)] 542371K->484822K(699392K), 0.0166674 secs] [Times: user=0.18 sys=0.00, real=0.02 secs] 
2016-09-15T12:04:44.778-0400: 289.147: [GC (GCLocker Initiated GC) [PSYoungGen: 167555K->49539K(175104K)] 579052K->479562K(699392K), 0.0130573 secs] [Times: user=0.20 sys=0.00, real=0.01 secs] 
2016-09-15T12:04:44.908-0400: 289.277: [GC (GCLocker Initiated GC) [PSYoungGen: 137603K->55547K(175104K)] 573899K->522337K(699392K), 0.0102744 secs] [Times: user=0.15 sys=0.00, real=0.01 secs] 
2016-09-15T12:04:44.919-0400: 289.288: [Full GC (Ergonomics) [PSYoungGen: 55547K->0K(175104K)] [ParOldGen: 466790K->47886K(524288K)] 522337K->47886K(699392K), [Metaspace: 44586K->44586K(1087488K)], 0.0607577 secs] [Times: user=0.41 sys=0.02, real=0.06 secs] 
2016-09-15T12:04:45.106-0400: 289.475: [GC (GCLocker Initiated GC) [PSYoungGen: 88064K->74032K(175104K)] 148354K->134322K(699392K), 0.0092466 secs] [Times: user=0.13 sys=0.00, real=0.01 secs] 
2016-09-15T12:04:45.249-0400: 289.618: [GC (GCLocker Initiated GC) [PSYoungGen: 162096K->56034K(175104K)] 228739K->141226K(699392K), 0.0073706 secs] [Times: user=0.10 sys=0.00, real=0.01 secs] 
2016-09-15T12:04:45.402-0400: 289.771: [GC (GCLocker Initiated GC) [PSYoungGen: 144098K->36930K(175104K)] 235367K->146698K(699392K), 0.0066676 secs] [Times: user=0.06 sys=0.01, real=0.01 secs] 
2016-09-15T12:04:45.535-0400: 289.904: [GC (Allocation Failure) [PSYoungGen: 124994K->37617K(175104K)] 247111K->159863K(699392K), 0.0087514 secs] [Times: user=0.12 sys=0.00, real=0.01 secs] 
2016-09-15T12:04:45.682-0400: 290.051: [GC (GCLocker Initiated GC) [PSYoungGen: 119809K->73672K(175104K)] 248130K->220524K(699392K), 0.0087698 secs] [Times: user=0.11 sys=0.00, real=0.01 secs] 
2016-09-15T12:04:45.837-0400: 290.206: [GC (Allocation Failure) [PSYoungGen: 161736K->61462K(175104K)] 308899K->208712K(699392K), 0.0089467 secs] [Times: user=0.04 sys=0.00, real=0.00 secs] 
2016-09-15T12:04:45.974-0400: 290.343: [GC (GCLocker Initiated GC) [PSYoungGen: 148954K->30731K(175104K)] 302279K->190335K(699392K), 0.0223290 secs] [Times: user=0.18 sys=0.00, real=0.03 secs] 
2016-09-15T12:04:46.100-0400: 290.469: [GC (GCLocker Initiated GC) [PSYoungGen: 118795K->85822K(175104K)] 278771K->264151K(699392K), 0.0114839 secs] [Times: user=0.12 sys=0.00, real=0.01 secs] 
2016-09-15T12:04:46.247-0400: 290.616: [GC (GCLocker Initiated GC) [PSYoungGen: 173886K->55611K(175104K)] 364675K->282986K(699392K), 0.0097798 secs] [Times: user=0.12 sys=0.00, real=0.02 secs] 
2016-09-15T12:04:46.371-0400: 290.740: [GC (GCLocker Initiated GC) [PSYoungGen: 143675K->73676K(175104K)] 371366K->301650K(699392K), 0.0094305 secs] [Times: user=0.09 sys=0.01, real=0.01 secs] 
2016-09-15T12:04:46.490-0400: 290.859: [GC (GCLocker Initiated GC) [PSYoungGen: 161740K->85790K(175104K)] 389941K->338575K(699392K), 0.0104944 secs] [Times: user=0.14 sys=0.00, real=0.01 secs] 
2016-09-15T12:04:46.622-0400: 290.991: [GC (GCLocker Initiated GC) [PSYoungGen: 173854K->30958K(175104K)] 426949K->302343K(699392K), 0.0145695 secs] [Times: user=0.14 sys=0.01, real=0.02 secs] 
2016-09-15T12:04:46.757-0400: 291.126: [GC (GCLocker Initiated GC) [PSYoungGen: 119022K->55123K(175104K)] 390449K->345057K(699392K), 0.0146406 secs] [Times: user=0.16 sys=0.01, real=0.01 secs] 
2016-09-15T12:04:46.895-0400: 291.264: [GC (Allocation Failure) [PSYoungGen: 143187K->37585K(175104K)] 445447K->358207K(699392K), 0.0102853 secs] [Times: user=0.11 sys=0.00, real=0.01 secs] 
2016-09-15T12:04:47.043-0400: 291.412: [GC (GCLocker Initiated GC) [PSYoungGen: 124700K->73544K(175104K)] 451396K->400655K(699392K), 0.0095855 secs] [Times: user=0.08 sys=0.00, real=0.01 secs] 
2016-09-15T12:04:47.191-0400: 291.559: [GC (GCLocker Initiated GC) [PSYoungGen: 161608K->55743K(175104K)] 488879K->419575K(699392K), 0.0092093 secs] [Times: user=0.12 sys=0.00, real=0.01 secs] 
2016-09-15T12:04:47.299-0400: 291.668: [GC (Allocation Failure) [PSYoungGen: 143807K->73644K(175104K)] 507809K->455975K(699392K), 0.0177717 secs] [Times: user=0.18 sys=0.00, real=0.02 secs] 
2016-09-15T12:04:47.318-0400: 291.687: [GC (GCLocker Initiated GC) [PSYoungGen: 73653K->32K(175104K)] 455985K->474408K(699392K), 0.0095479 secs] [Times: user=0.13 sys=0.00, real=0.00 secs] 
2016-09-15T12:04:47.327-0400: 291.696: [Full GC (Ergonomics) [PSYoungGen: 32K->0K(175104K)] [ParOldGen: 474376K->60254K(524288K)] 474408K->60254K(699392K), [Metaspace: 44588K->44588K(1087488K)], 0.0758049 secs] [Times: user=0.45 sys=0.01, real=0.08 secs] 
2016-09-15T12:04:47.491-0400: 291.860: [GC (GCLocker Initiated GC) [PSYoungGen: 85889K->86242K(175104K)] 152218K->158646K(699392K), 0.0086498 secs] [Times: user=0.11 sys=0.00, real=0.01 secs] 
2016-09-15T12:04:47.614-0400: 291.983: [GC (GCLocker Initiated GC) [PSYoungGen: 174306K->61754K(175104K)] 246959K->183539K(699392K), 0.0099532 secs] [Times: user=0.09 sys=0.01, real=0.01 secs] 
2016-09-15T12:04:47.740-0400: 292.109: [GC (GCLocker Initiated GC) [PSYoungGen: 149818K->67597K(175104K)] 277781K->232466K(699392K), 0.0106297 secs] [Times: user=0.15 sys=0.00, real=0.01 secs] 
2016-09-15T12:04:47.866-0400: 292.235: [GC (GCLocker Initiated GC) [PSYoungGen: 155661K->86018K(175104K)] 320717K->305877K(699392K), 0.0131591 secs] [Times: user=0.19 sys=0.00, real=0.02 secs] 
2016-09-15T12:04:48.012-0400: 292.381: [GC (GCLocker Initiated GC) [PSYoungGen: 174082K->55415K(175104K)] 406200K->324446K(699392K), 0.0083706 secs] [Times: user=0.10 sys=0.00, real=0.01 secs] 
2016-09-15T12:04:48.126-0400: 292.495: [GC (GCLocker Initiated GC) [PSYoungGen: 143479K->73740K(175104K)] 412820K->373584K(699392K), 0.0173068 secs] [Times: user=0.19 sys=0.01, real=0.02 secs] 
2016-09-15T12:04:48.284-0400: 292.653: [GC (GCLocker Initiated GC) [PSYoungGen: 161804K->85758K(175104K)] 461695K->446831K(699392K), 0.0185948 secs] [Times: user=0.24 sys=0.00, real=0.02 secs] 
2016-09-15T12:04:48.416-0400: 292.785: [GC (GCLocker Initiated GC) [PSYoungGen: 173822K->67309K(175104K)] 535005K->465061K(699392K), 0.0163610 secs] [Times: user=0.19 sys=0.01, real=0.01 secs] 
2016-09-15T12:04:48.543-0400: 292.912: [GC (Allocation Failure) [PSYoungGen: 155373K->36998K(175104K)] 553167K->495809K(699392K), 0.0227702 secs] [Times: user=0.29 sys=0.00, real=0.02 secs] 
2016-09-15T12:04:48.566-0400: 292.935: [Full GC (Ergonomics) [PSYoungGen: 36998K->0K(175104K)] [ParOldGen: 458811K->35873K(524288K)] 495809K->35873K(699392K), [Metaspace: 44588K->44588K(1087488K)], 0.0534006 secs] [Times: user=0.35 sys=0.01, real=0.06 secs] 
2016-09-15T12:04:48.716-0400: 293.085: [GC (GCLocker Initiated GC) [PSYoungGen: 85224K->79907K(175104K)] 127173K->121855K(699392K), 0.0144007 secs] [Times: user=0.17 sys=0.00, real=0.01 secs] 
2016-09-15T12:04:48.852-0400: 293.221: [GC (GCLocker Initiated GC) [PSYoungGen: 167971K->85954K(175104K)] 209967K->164963K(699392K), 0.0093142 secs] [Times: user=0.11 sys=0.00, real=0.01 secs] 
2016-09-15T12:04:49.018-0400: 293.387: [GC (GCLocker Initiated GC) [PSYoungGen: 174018K->37418K(175104K)] 271417K->214108K(699392K), 0.0111809 secs] [Times: user=0.17 sys=0.00, real=0.01 secs] 
2016-09-15T12:04:49.157-0400: 293.526: [GC (GCLocker Initiated GC) [PSYoungGen: 125482K->55679K(175104K)] 302287K->232783K(699392K), 0.0078131 secs] [Times: user=0.09 sys=0.00, real=0.00 secs] 
2016-09-15T12:04:49.297-0400: 293.666: [GC (Allocation Failure) [PSYoungGen: 143743K->61426K(175104K)] 327120K->263172K(699392K), 0.0079772 secs] [Times: user=0.08 sys=0.01, real=0.00 secs] 
2016-09-15T12:04:49.438-0400: 293.807: [GC (GCLocker Initiated GC) [PSYoungGen: 146533K->73672K(175104K)] 354355K->318227K(699392K), 0.0154586 secs] [Times: user=0.18 sys=0.00, real=0.01 secs] 
2016-09-15T12:04:49.554-0400: 293.923: [GC (GCLocker Initiated GC) [PSYoungGen: 161736K->55547K(175104K)] 406422K->300360K(699392K), 0.0104653 secs] [Times: user=0.12 sys=0.00, real=0.01 secs] 
2016-09-15T12:04:49.683-0400: 294.052: [GC (GCLocker Initiated GC) [PSYoungGen: 143611K->85890K(175104K)] 394619K->367573K(699392K), 0.0140757 secs] [Times: user=0.16 sys=0.00, real=0.02 secs] 
2016-09-15T12:04:49.820-0400: 294.189: [GC (GCLocker Initiated GC) [PSYoungGen: 173954K->37549K(175104K)] 474089K->398930K(699392K), 0.0114321 secs] [Times: user=0.18 sys=0.00, real=0.01 secs] 
2016-09-15T12:04:49.942-0400: 294.311: [GC (Allocation Failure) [PSYoungGen: 125613K->36834K(175104K)] 487518K->399013K(699392K), 0.0114920 secs] [Times: user=0.15 sys=0.01, real=0.01 secs] 
2016-09-15T12:04:50.048-0400: 294.417: [GC (GCLocker Initiated GC) [PSYoungGen: 121819K->73868K(175104K)] 490073K->460483K(699392K), 0.0108294 secs] [Times: user=0.15 sys=0.00, real=0.01 secs] 
2016-09-15T12:04:50.197-0400: 294.566: [GC (Allocation Failure) [PSYoungGen: 161932K->55187K(175104K)] 554649K->466765K(699392K), 0.0098761 secs] [Times: user=0.13 sys=0.00, real=0.00 secs] 
2016-09-15T12:04:50.303-0400: 294.672: [GC (GCLocker Initiated GC) [PSYoungGen: 143251K->85922K(175104K)] 554835K->503716K(699392K), 0.0090161 secs] [Times: user=0.11 sys=0.00, real=0.01 secs] 
2016-09-15T12:04:50.439-0400: 294.808: [GC (GCLocker Initiated GC) [PSYoungGen: 173986K->85758K(175104K)] 592141K->540655K(699392K), 0.0188852 secs] [Times: user=0.25 sys=0.00, real=0.02 secs] 
2016-09-15T12:04:50.458-0400: 294.827: [Full GC (Ergonomics) [PSYoungGen: 85758K->0K(175104K)] [ParOldGen: 454896K->60526K(524288K)] 540655K->60526K(699392K), [Metaspace: 44591K->44591K(1087488K)], 0.0553273 secs] [Times: user=0.42 sys=0.00, real=0.05 secs] 
2016-09-15T12:04:50.619-0400: 294.988: [GC (GCLocker Initiated GC) [PSYoungGen: 88064K->86374K(175104K)] 154869K->165329K(699392K), 0.0092006 secs] [Times: user=0.07 sys=0.01, real=0.01 secs] 
2016-09-15T12:04:50.754-0400: 295.123: [GC (GCLocker Initiated GC) [PSYoungGen: 174438K->61522K(175104K)] 259829K->208359K(699392K), 0.0119779 secs] [Times: user=0.10 sys=0.00, real=0.01 secs] 
2016-09-15T12:04:50.903-0400: 295.272: [GC (Allocation Failure) [PSYoungGen: 149586K->43692K(175104K)] 296454K->227146K(699392K), 0.0196437 secs] [Times: user=0.21 sys=0.01, real=0.02 secs] 
2016-09-15T12:04:51.010-0400: 295.379: [GC (GCLocker Initiated GC) [PSYoungGen: 128591K->79879K(175104K)] 318119K->281997K(699392K), 0.0143488 secs] [Times: user=0.12 sys=0.01, real=0.01 secs] 
2016-09-15T12:04:51.150-0400: 295.519: [GC (GCLocker Initiated GC) [PSYoungGen: 167943K->73836K(175104K)] 370130K->294399K(699392K), 0.0082551 secs] [Times: user=0.12 sys=0.00, real=0.01 secs] 
2016-09-15T12:04:51.268-0400: 295.637: [GC (GCLocker Initiated GC) [PSYoungGen: 161900K->79683K(175104K)] 388703K->343236K(699392K), 0.0100858 secs] [Times: user=0.14 sys=0.00, real=0.01 secs] 
2016-09-15T12:04:51.395-0400: 295.764: [GC (GCLocker Initiated GC) [PSYoungGen: 167747K->73676K(175104K)] 431661K->362149K(699392K), 0.0090351 secs] [Times: user=0.09 sys=0.01, real=0.01 secs] 
2016-09-15T12:04:51.523-0400: 295.892: [GC (GCLocker Initiated GC) [PSYoungGen: 161740K->61522K(175104K)] 456532K->393219K(699392K), 0.0094080 secs] [Times: user=0.11 sys=0.00, real=0.01 secs] 
2016-09-15T12:04:51.667-0400: 296.036: [GC (GCLocker Initiated GC) [PSYoungGen: 149586K->43205K(175104K)] 487630K->399577K(699392K), 0.0079214 secs] [Times: user=0.06 sys=0.00, real=0.01 secs] 
2016-09-15T12:04:51.805-0400: 296.174: [GC (GCLocker Initiated GC) [PSYoungGen: 131269K->37649K(175104K)] 506217K->412889K(699392K), 0.0082691 secs] [Times: user=0.12 sys=0.00, real=0.01 secs] 
2016-09-15T12:04:51.920-0400: 296.289: [GC (GCLocker Initiated GC) [PSYoungGen: 125713K->55155K(175104K)] 507244K->455210K(699392K), 0.0068904 secs] [Times: user=0.08 sys=0.00, real=0.00 secs] 
2016-09-15T12:04:52.043-0400: 296.412: [GC (GCLocker Initiated GC) [PSYoungGen: 143219K->86182K(175104K)] 543301K->504632K(699392K), 0.0157509 secs] [Times: user=0.20 sys=0.00, real=0.02 secs] 
2016-09-15T12:04:52.189-0400: 296.558: [GC (Allocation Failure) [PSYoungGen: 174246K->61102K(175104K)] 592799K->492729K(699392K), 0.0197571 secs] [Times: user=0.21 sys=0.00, real=0.02 secs] 
2016-09-15T12:04:52.306-0400: 296.675: [GC (GCLocker Initiated GC) [PSYoungGen: 146185K->55611K(175104K)] 583887K->542072K(699392K), 0.0155900 secs] [Times: user=0.19 sys=0.00, real=0.02 secs] 
2016-09-15T12:04:52.322-0400: 296.691: [Full GC (Ergonomics) [PSYoungGen: 55611K->0K(175104K)] [ParOldGen: 486461K->60526K(524288K)] 542072K->60526K(699392K), [Metaspace: 44600K->44600K(1087488K)], 0.0637735 secs] [Times: user=0.40 sys=0.00, real=0.06 secs] 
2016-09-15T12:04:52.495-0400: 296.864: [GC (GCLocker Initiated GC) [PSYoungGen: 88064K->86178K(175104K)] 148620K->146735K(699392K), 0.0072217 secs] [Times: user=0.08 sys=0.00, real=0.01 secs] 
2016-09-15T12:04:52.642-0400: 297.011: [GC (GCLocker Initiated GC) [PSYoungGen: 174242K->67533K(175104K)] 234840K->195676K(699392K), 0.0269400 secs] [Times: user=0.32 sys=0.00, real=0.03 secs] 
2016-09-15T12:04:52.791-0400: 297.160: [GC (GCLocker Initiated GC) [PSYoungGen: 155597K->49731K(175104K)] 289974K->239116K(699392K), 0.0123798 secs] [Times: user=0.17 sys=0.00, real=0.01 secs] 
2016-09-15T12:04:52.915-0400: 297.284: [GC (GCLocker Initiated GC) [PSYoungGen: 137795K->73704K(175104K)] 327372K->281813K(699392K), 0.0113156 secs] [Times: user=0.14 sys=0.00, real=0.01 secs] 
2016-09-15T12:04:53.059-0400: 297.428: [GC (GCLocker Initiated GC) [PSYoungGen: 161768K->73836K(175104K)] 370148K->300733K(699392K), 0.0105236 secs] [Times: user=0.15 sys=0.00, real=0.01 secs] 
2016-09-15T12:04:53.208-0400: 297.577: [GC (GCLocker Initiated GC) [PSYoungGen: 161900K->55415K(175104K)] 389074K->301082K(699392K), 0.0084005 secs] [Times: user=0.08 sys=0.00, real=0.01 secs] 
2016-09-15T12:04:53.393-0400: 297.762: [GC (Allocation Failure) [PSYoungGen: 143479K->55255K(175104K)] 389271K->301150K(699392K), 0.0096977 secs] [Times: user=0.07 sys=0.00, real=0.01 secs] 
2016-09-15T12:04:53.545-0400: 297.914: [GC (GCLocker Initiated GC) [PSYoungGen: 140755K->55419K(175104K)] 392726K->344115K(699392K), 0.0188174 secs] [Times: user=0.18 sys=0.00, real=0.02 secs] 
2016-09-15T12:04:53.705-0400: 298.074: [GC (GCLocker Initiated GC) [PSYoungGen: 143483K->74004K(175104K)] 432377K->363181K(699392K), 0.0174484 secs] [Times: user=0.16 sys=0.00, real=0.02 secs] 
2016-09-15T12:04:53.889-0400: 298.258: [GC (GCLocker Initiated GC) [PSYoungGen: 162068K->61330K(175104K)] 457362K->356908K(699392K), 0.0075054 secs] [Times: user=0.07 sys=0.00, real=0.01 secs] 
2016-09-15T12:04:54.073-0400: 298.442: [GC (GCLocker Initiated GC) [PSYoungGen: 149394K->36834K(175104K)] 451201K->375210K(699392K), 0.0092609 secs] [Times: user=0.09 sys=0.01, real=0.01 secs] 
2016-09-15T12:04:54.267-0400: 298.636: [GC (Allocation Failure) [PSYoungGen: 124898K->18904K(175104K)] 481787K->375897K(699392K), 0.0106068 secs] [Times: user=0.10 sys=0.00, real=0.02 secs] 
2016-09-15T12:04:54.444-0400: 298.813: [GC (GCLocker Initiated GC) [PSYoungGen: 106968K->73576K(175104K)] 463962K->430868K(699392K), 0.0246587 secs] [Times: user=0.27 sys=0.00, real=0.03 secs] 
2016-09-15T12:04:54.641-0400: 299.010: [GC (GCLocker Initiated GC) [PSYoungGen: 161640K->55223K(175104K)] 525065K->418719K(699392K), 0.0084163 secs] [Times: user=0.06 sys=0.00, real=0.01 secs] 
2016-09-15T12:04:54.826-0400: 299.195: [GC (Allocation Failure) [PSYoungGen: 143287K->61430K(175104K)] 507004K->425398K(699392K), 0.0212071 secs] [Times: user=0.19 sys=0.00, real=0.02 secs] 
2016-09-15T12:04:55.036-0400: 299.405: [GC (GCLocker Initiated GC) [PSYoungGen: 149494K->61166K(175104K)] 513464K->425403K(699392K), 0.0142357 secs] [Times: user=0.14 sys=0.00, real=0.01 secs] 
2016-09-15T12:04:55.191-0400: 299.560: [GC (GCLocker Initiated GC) [PSYoungGen: 149230K->67633K(175104K)] 513828K->432334K(699392K), 0.0133800 secs] [Times: user=0.14 sys=0.00, real=0.01 secs] 
2016-09-15T12:04:55.361-0400: 299.730: [GC (GCLocker Initiated GC) [PSYoungGen: 155697K->61234K(175104K)] 526615K->432560K(699392K), 0.0134818 secs] [Times: user=0.12 sys=0.00, real=0.01 secs] 
2016-09-15T12:04:55.548-0400: 299.917: [GC (GCLocker Initiated GC) [PSYoungGen: 149298K->55223K(175104K)] 520654K->444916K(699392K), 0.0087935 secs] [Times: user=0.06 sys=0.00, real=0.01 secs] 
2016-09-15T12:04:55.682-0400: 300.051: [GC (GCLocker Initiated GC) [PSYoungGen: 143287K->43205K(175104K)] 539298K->457716K(699392K), 0.0179919 secs] [Times: user=0.14 sys=0.00, real=0.02 secs] 
2016-09-15T12:04:55.854-0400: 300.223: [GC (Allocation Failure) [PSYoungGen: 131269K->61426K(149504K)] 546012K->525069K(673792K), 0.0249173 secs] [Times: user=0.28 sys=0.00, real=0.03 secs] 
2016-09-15T12:04:55.879-0400: 300.248: [Full GC (Ergonomics) [PSYoungGen: 61426K->0K(149504K)] [ParOldGen: 463642K->48820K(524288K)] 525069K->48820K(673792K), [Metaspace: 44632K->44632K(1087488K)], 0.0694072 secs] [Times: user=0.49 sys=0.01, real=0.07 secs] 
2016-09-15T12:04:56.135-0400: 300.504: [GC (GCLocker Initiated GC) [PSYoungGen: 88064K->80135K(173056K)] 136890K->141111K(697344K), 0.0084322 secs] [Times: user=0.11 sys=0.00, real=0.01 secs] 
2016-09-15T12:04:56.330-0400: 300.699: [GC (GCLocker Initiated GC) [PSYoungGen: 167175K->73608K(174080K)] 228411K->153789K(698368K), 0.0122599 secs] [Times: user=0.17 sys=0.00, real=0.01 secs] 
2016-09-15T12:04:56.496-0400: 300.865: [GC (Allocation Failure) [PSYoungGen: 160648K->73672K(175104K)] 241139K->154283K(699392K), 0.0214062 secs] [Times: user=0.26 sys=0.00, real=0.02 secs] 
2016-09-15T12:04:56.682-0400: 301.051: [GC (GCLocker Initiated GC) [PSYoungGen: 161736K->73740K(175104K)] 242352K->154459K(699392K), 0.0149837 secs] [Times: user=0.17 sys=0.00, real=0.02 secs] 
2016-09-15T12:04:56.867-0400: 301.236: [GC (GCLocker Initiated GC) [PSYoungGen: 161804K->73772K(175104K)] 242637K->154709K(699392K), 0.0078447 secs] [Times: user=0.09 sys=0.00, real=0.01 secs] 
2016-09-15T12:04:57.034-0400: 301.403: [GC (Allocation Failure) [PSYoungGen: 161836K->73968K(175104K)] 243112K->155503K(699392K), 0.0272906 secs] [Times: user=0.33 sys=0.00, real=0.03 secs] 
2016-09-15T12:04:57.256-0400: 301.625: [GC (GCLocker Initiated GC) [PSYoungGen: 156969K->49248K(175104K)] 244580K->136937K(699392K), 0.0062808 secs] [Times: user=0.04 sys=0.00, real=0.00 secs] 
2016-09-15T12:04:57.452-0400: 301.821: [GC (GCLocker Initiated GC) [PSYoungGen: 137312K->73480K(175104K)] 231101K->167537K(699392K), 0.0074438 secs] [Times: user=0.07 sys=0.00, real=0.01 secs] 
2016-09-15T12:04:57.625-0400: 301.994: [GC (Allocation Failure) [PSYoungGen: 161544K->61558K(175104K)] 255951K->180344K(699392K), 0.0089592 secs] [Times: user=0.07 sys=0.01, real=0.01 secs] 
2016-09-15T12:04:57.801-0400: 302.170: [GC (GCLocker Initiated GC) [PSYoungGen: 149622K->61298K(175104K)] 268414K->180349K(699392K), 0.0257839 secs] [Times: user=0.27 sys=0.00, real=0.02 secs] 
2016-09-15T12:04:58.005-0400: 302.374: [GC (GCLocker Initiated GC) [PSYoungGen: 149362K->73512K(175104K)] 268752K->193013K(699392K), 0.0217776 secs] [Times: user=0.24 sys=0.01, real=0.02 secs] 
2016-09-15T12:04:58.221-0400: 302.590: [GC (Allocation Failure) [PSYoungGen: 161576K->73480K(175104K)] 281281K->193256K(699392K), 0.0099159 secs] [Times: user=0.08 sys=0.01, real=0.01 secs] 
2016-09-15T12:04:58.427-0400: 302.796: [GC (GCLocker Initiated GC) [PSYoungGen: 161544K->73644K(175104K)] 281326K->193530K(699392K), 0.0198384 secs] [Times: user=0.20 sys=0.00, real=0.02 secs] 
2016-09-15T12:04:58.620-0400: 302.989: [GC (GCLocker Initiated GC) [PSYoungGen: 161708K->55547K(175104K)] 288024K->182098K(699392K), 0.0105993 secs] [Times: user=0.09 sys=0.00, real=0.01 secs] 
2016-09-15T12:04:58.834-0400: 303.203: [GC (Allocation Failure) [PSYoungGen: 143611K->73480K(175104K)] 276279K->206416K(699392K), 0.0095515 secs] [Times: user=0.10 sys=0.00, real=0.01 secs] 
2016-09-15T12:04:58.992-0400: 303.361: [GC (GCLocker Initiated GC) [PSYoungGen: 161544K->61526K(175104K)] 294486K->224946K(699392K), 0.0244483 secs] [Times: user=0.23 sys=0.00, real=0.03 secs] 
2016-09-15T12:04:59.183-0400: 303.552: [GC (GCLocker Initiated GC) [PSYoungGen: 149590K->61690K(175104K)] 313134K->243751K(699392K), 0.0223835 secs] [Times: user=0.23 sys=0.00, real=0.02 secs] 
2016-09-15T12:04:59.401-0400: 303.770: [GC (Allocation Failure) [PSYoungGen: 149754K->61522K(175104K)] 332153K->262570K(699392K), 0.0096566 secs] [Times: user=0.09 sys=0.00, real=0.01 secs] 
2016-09-15T12:04:59.602-0400: 303.971: [GC (GCLocker Initiated GC) [PSYoungGen: 146990K->55387K(174080K)] 354113K->263001K(698368K), 0.0073543 secs] [Times: user=0.06 sys=0.00, real=0.01 secs] 
2016-09-15T12:04:59.761-0400: 304.130: [GC (GCLocker Initiated GC) [PSYoungGen: 143451K->73676K(174592K)] 351207K->281528K(698880K), 0.0179401 secs] [Times: user=0.18 sys=0.00, real=0.02 secs] 
2016-09-15T12:04:59.944-0400: 304.313: [GC (GCLocker Initiated GC) [PSYoungGen: 161740K->79619K(175104K)] 369662K->287800K(699392K), 0.0220447 secs] [Times: user=0.23 sys=0.00, real=0.02 secs] 
2016-09-15T12:05:00.143-0400: 304.512: [GC (Allocation Failure) [PSYoungGen: 167683K->61654K(175104K)] 376225K->319103K(699392K), 0.0332167 secs] [Times: user=0.40 sys=0.01, real=0.04 secs] 
2016-09-15T12:05:00.177-0400: 304.546: [GC (GCLocker Initiated GC) [PSYoungGen: 61677K->192K(175104K)] 319127K->331082K(699392K), 0.0067111 secs] [Times: user=0.06 sys=0.00, real=0.00 secs] 
2016-09-15T12:05:00.379-0400: 304.748: [GC (GCLocker Initiated GC) [PSYoungGen: 84253K->73936K(175104K)] 421218K->410909K(699392K), 0.0214513 secs] [Times: user=0.21 sys=0.00, real=0.02 secs] 
2016-09-15T12:05:00.568-0400: 304.936: [GC (GCLocker Initiated GC) [PSYoungGen: 162000K->49248K(175104K)] 499199K->404931K(699392K), 0.0216681 secs] [Times: user=0.21 sys=0.00, real=0.03 secs] 
2016-09-15T12:05:00.780-0400: 305.149: [GC (GCLocker Initiated GC) [PSYoungGen: 137312K->67537K(175104K)] 493076K->423741K(699392K), 0.0092912 secs] [Times: user=0.08 sys=0.00, real=0.01 secs] 
2016-09-15T12:05:00.960-0400: 305.329: [GC (GCLocker Initiated GC) [PSYoungGen: 155601K->85890K(175104K)] 512037K->442609K(699392K), 0.0292294 secs] [Times: user=0.36 sys=0.00, real=0.03 secs] 
2016-09-15T12:05:01.154-0400: 305.523: [GC (GCLocker Initiated GC) [PSYoungGen: 173954K->73544K(175104K)] 530867K->461076K(699392K), 0.0095648 secs] [Times: user=0.10 sys=0.00, real=0.01 secs] 
2016-09-15T12:05:01.353-0400: 305.722: [GC (GCLocker Initiated GC) [PSYoungGen: 161608K->80011K(175104K)] 555257K->492013K(699392K), 0.0096842 secs] [Times: user=0.11 sys=0.00, real=0.01 secs] 
2016-09-15T12:05:01.521-0400: 305.890: [GC (GCLocker Initiated GC) [PSYoungGen: 168075K->85922K(175104K)] 580118K->534730K(699392K), 0.0112944 secs] [Times: user=0.17 sys=0.00, real=0.01 secs] 
2016-09-15T12:05:01.717-0400: 306.086: [GC (Allocation Failure) [PSYoungGen: 173986K->73576K(175104K)] 623116K->571574K(699392K), 0.0125992 secs] [Times: user=0.14 sys=0.01, real=0.01 secs] 
2016-09-15T12:05:01.729-0400: 306.098: [Full GC (Ergonomics) [PSYoungGen: 73576K->0K(175104K)] [ParOldGen: 497998K->48842K(524288K)] 571574K->48842K(699392K), [Metaspace: 44638K->44638K(1087488K)], 0.0663012 secs] [Times: user=0.61 sys=0.00, real=0.07 secs] 
2016-09-15T12:05:01.960-0400: 306.329: [GC (Allocation Failure) [PSYoungGen: 88064K->86282K(175104K)] 136906K->141199K(699392K), 0.0185508 secs] [Times: user=0.27 sys=0.00, real=0.02 secs] 
2016-09-15T12:05:02.192-0400: 306.561: [GC (Allocation Failure) [PSYoungGen: 174346K->24784K(175104K)] 229263K->98326K(699392K), 0.0139841 secs] [Times: user=0.12 sys=0.00, real=0.01 secs] 
2016-09-15T12:05:02.359-0400: 306.728: [GC (GCLocker Initiated GC) [PSYoungGen: 111094K->55579K(175104K)] 190711K->135299K(699392K), 0.0099172 secs] [Times: user=0.10 sys=0.00, real=0.01 secs] 
2016-09-15T12:05:02.530-0400: 306.899: [GC (Allocation Failure) [PSYoungGen: 143643K->37745K(175104K)] 235796K->130214K(699392K), 0.0160452 secs] [Times: user=0.21 sys=0.01, real=0.01 secs] 
2016-09-15T12:05:02.728-0400: 307.097: [GC (Allocation Failure) [PSYoungGen: 125809K->37158K(175104K)] 218278K->129949K(699392K), 0.0080432 secs] [Times: user=0.08 sys=0.00, real=0.01 secs] 
2016-09-15T12:05:02.924-0400: 307.293: [GC (GCLocker Initiated GC) [PSYoungGen: 125222K->36930K(175104K)] 218013K->130012K(699392K), 0.0094775 secs] [Times: user=0.10 sys=0.00, real=0.01 secs] 
2016-09-15T12:05:03.101-0400: 307.470: [GC (GCLocker Initiated GC) [PSYoungGen: 124994K->73544K(175104K)] 224372K->173017K(699392K), 0.0211350 secs] [Times: user=0.23 sys=0.00, real=0.02 secs] 
2016-09-15T12:05:03.333-0400: 307.702: [GC (GCLocker Initiated GC) [PSYoungGen: 161608K->37489K(175104K)] 267332K->143333K(699392K), 0.0054014 secs] [Times: user=0.05 sys=0.00, real=0.01 secs] 
2016-09-15T12:05:03.519-0400: 307.888: [GC (Allocation Failure) [PSYoungGen: 125553K->55091K(175104K)] 231606K->161567K(699392K), 0.0077591 secs] [Times: user=0.07 sys=0.00, real=0.00 secs] 
2016-09-15T12:05:03.676-0400: 308.045: [GC (GCLocker Initiated GC) [PSYoungGen: 142036K->55547K(175104K)] 254587K->168225K(699392K), 0.0146781 secs] [Times: user=0.20 sys=0.00, real=0.01 secs] 
2016-09-15T12:05:03.846-0400: 308.215: [GC (GCLocker Initiated GC) [PSYoungGen: 143611K->55483K(175104K)] 262512K->174675K(699392K), 0.0114355 secs] [Times: user=0.11 sys=0.00, real=0.02 secs] 
2016-09-15T12:05:04.046-0400: 308.415: [GC (GCLocker Initiated GC) [PSYoungGen: 143547K->85594K(175104K)] 268862K->223162K(699392K), 0.0120242 secs] [Times: user=0.17 sys=0.00, real=0.02 secs] 
2016-09-15T12:05:04.226-0400: 308.595: [GC (GCLocker Initiated GC) [PSYoungGen: 173658K->37617K(175104K)] 323530K->230183K(699392K), 0.0106739 secs] [Times: user=0.10 sys=0.00, real=0.02 secs] 
2016-09-15T12:05:04.401-0400: 308.770: [GC (Allocation Failure) [PSYoungGen: 125681K->61298K(175104K)] 318394K->254426K(699392K), 0.0177886 secs] [Times: user=0.17 sys=0.00, real=0.02 secs] 
2016-09-15T12:05:04.603-0400: 308.972: [GC (GCLocker Initiated GC) [PSYoungGen: 148165K->55679K(175104K)] 347368K->254986K(699392K), 0.0113965 secs] [Times: user=0.11 sys=0.01, real=0.01 secs] 
2016-09-15T12:05:04.777-0400: 309.146: [GC (GCLocker Initiated GC) [PSYoungGen: 143743K->61234K(175104K)] 343411K->260981K(699392K), 0.0196642 secs] [Times: user=0.18 sys=0.01, real=0.02 secs] 
2016-09-15T12:05:04.978-0400: 309.347: [GC (GCLocker Initiated GC) [PSYoungGen: 149298K->37094K(175104K)] 361293K->267589K(699392K), 0.0155456 secs] [Times: user=0.15 sys=0.00, real=0.01 secs] 
2016-09-15T12:05:05.146-0400: 309.515: [GC (GCLocker Initiated GC) [PSYoungGen: 125158K->55323K(175104K)] 355658K->316302K(699392K), 0.0079740 secs] [Times: user=0.07 sys=0.00, real=0.01 secs] 
2016-09-15T12:05:05.310-0400: 309.679: [GC (GCLocker Initiated GC) [PSYoungGen: 143387K->73740K(175104K)] 404609K->335441K(699392K), 0.0123016 secs] [Times: user=0.12 sys=0.00, real=0.01 secs] 
2016-09-15T12:05:05.498-0400: 309.867: [GC (GCLocker Initiated GC) [PSYoungGen: 161804K->55483K(175104K)] 423536K->335739K(699392K), 0.0138374 secs] [Times: user=0.13 sys=0.00, real=0.01 secs] 
2016-09-15T12:05:05.658-0400: 310.027: [GC (Allocation Failure) [PSYoungGen: 143547K->55579K(143872K)] 423917K->372714K(668160K), 0.0083633 secs] [Times: user=0.08 sys=0.00, real=0.00 secs] 
2016-09-15T12:05:05.801-0400: 310.170: [GC (GCLocker Initiated GC) [PSYoungGen: 143643K->55255K(176640K)] 460779K->372838K(700928K), 0.0087108 secs] [Times: user=0.09 sys=0.00, real=0.01 secs] 
2016-09-15T12:05:05.948-0400: 310.317: [GC (GCLocker Initiated GC) [PSYoungGen: 145879K->61330K(174080K)] 463778K->379348K(698368K), 0.0213061 secs] [Times: user=0.23 sys=0.00, real=0.02 secs] 
2016-09-15T12:05:06.103-0400: 310.472: [GC (GCLocker Initiated GC) [PSYoungGen: 151954K->73544K(171520K)] 470058K->391932K(695808K), 0.0175548 secs] [Times: user=0.20 sys=0.00, real=0.02 secs] 
2016-09-15T12:05:06.267-0400: 310.636: [GC (Allocation Failure) [PSYoungGen: 162632K->55355K(175104K)] 481324K->374159K(699392K), 0.0093183 secs] [Times: user=0.08 sys=0.01, real=0.02 secs] 
2016-09-15T12:05:06.429-0400: 310.798: [GC (GCLocker Initiated GC) [PSYoungGen: 143750K->73512K(172032K)] 468629K->398666K(696320K), 0.0076989 secs] [Times: user=0.05 sys=0.01, real=0.01 secs] 
2016-09-15T12:05:06.597-0400: 310.966: [GC (GCLocker Initiated GC) [PSYoungGen: 161576K->61558K(175104K)] 498928K->398997K(699392K), 0.0307837 secs] [Times: user=0.30 sys=0.00, real=0.03 secs] 
2016-09-15T12:05:06.845-0400: 311.214: [GC (Allocation Failure) [PSYoungGen: 149622K->37130K(174080K)] 499303K->411362K(698368K), 0.0168286 secs] [Times: user=0.15 sys=0.00, real=0.02 secs] 
2016-09-15T12:05:06.863-0400: 311.232: [GC (GCLocker Initiated GC) [PSYoungGen: 37139K->160K(89600K)] 411372K->411718K(613888K), 0.0069103 secs] [Times: user=0.06 sys=0.00, real=0.01 secs] 
2016-09-15T12:05:07.025-0400: 311.394: [GC (Allocation Failure) [PSYoungGen: 86619K->73840K(175104K)] 498178K->485406K(699392K), 0.0139224 secs] [Times: user=0.17 sys=0.00, real=0.02 secs] 
2016-09-15T12:05:07.194-0400: 311.563: [GC (GCLocker Initiated GC) [PSYoungGen: 159294K->55255K(175104K)] 576936K->491553K(699392K), 0.0141700 secs] [Times: user=0.15 sys=0.00, real=0.02 secs] 
2016-09-15T12:05:07.370-0400: 311.739: [GC (GCLocker Initiated GC) [PSYoungGen: 143319K->55647K(175104K)] 585783K->498411K(699392K), 0.0134839 secs] [Times: user=0.17 sys=0.00, real=0.01 secs] 
2016-09-15T12:05:07.579-0400: 311.948: [GC (GCLocker Initiated GC) [PSYoungGen: 143711K->85594K(175104K)] 586516K->534594K(699392K), 0.0130703 secs] [Times: user=0.16 sys=0.00, real=0.01 secs] 
2016-09-15T12:05:07.728-0400: 312.097: [GC (GCLocker Initiated GC) [PSYoungGen: 173658K->61330K(175104K)] 622706K->528714K(699392K), 0.0168228 secs] [Times: user=0.15 sys=0.00, real=0.01 secs] 
2016-09-15T12:05:07.886-0400: 312.255: [GC (GCLocker Initiated GC) [PSYoungGen: 149394K->61462K(175104K)] 616988K->571856K(699392K), 0.0126525 secs] [Times: user=0.10 sys=0.00, real=0.02 secs] 
2016-09-15T12:05:07.899-0400: 312.268: [Full GC (Ergonomics) [PSYoungGen: 61462K->0K(175104K)] [ParOldGen: 510394K->48918K(524288K)] 571856K->48918K(699392K), [Metaspace: 44638K->44638K(1087488K)], 0.0617881 secs] [Times: user=0.33 sys=0.01, real=0.06 secs] 
2016-09-15T12:05:08.150-0400: 312.519: [GC (Allocation Failure) [PSYoungGen: 88064K->79883K(175104K)] 137169K->128988K(699392K), 0.0077155 secs] [Times: user=0.06 sys=0.00, real=0.01 secs] 
2016-09-15T12:05:08.326-0400: 312.695: [GC (Allocation Failure) [PSYoungGen: 167947K->73708K(175104K)] 217052K->141665K(699392K), 0.0212517 secs] [Times: user=0.26 sys=0.00, real=0.02 secs] 
2016-09-15T12:05:08.515-0400: 312.884: [GC (GCLocker Initiated GC) [PSYoungGen: 156139K->55711K(175104K)] 230172K->130035K(699392K), 0.0062521 secs] [Times: user=0.08 sys=0.00, real=0.01 secs] 
2016-09-15T12:05:08.732-0400: 313.101: [GC (Allocation Failure) [PSYoungGen: 143775K->55123K(175104K)] 218420K->129864K(699392K), 0.0075944 secs] [Times: user=0.07 sys=0.00, real=0.01 secs] 
2016-09-15T12:05:08.868-0400: 313.237: [GC (GCLocker Initiated GC) [PSYoungGen: 139194K->55906K(175104K)] 220010K->136874K(699392K), 0.0116555 secs] [Times: user=0.16 sys=0.00, real=0.01 secs] 
2016-09-15T12:05:09.020-0400: 313.389: [GC (GCLocker Initiated GC) [PSYoungGen: 143970K->55483K(175104K)] 231363K->161407K(699392K), 0.0078931 secs] [Times: user=0.10 sys=0.00, real=0.01 secs] 
2016-09-15T12:05:09.247-0400: 313.616: [GC (GCLocker Initiated GC) [PSYoungGen: 143547K->37258K(175104K)] 261965K->155936K(699392K), 0.0108551 secs] [Times: user=0.15 sys=0.00, real=0.02 secs] 
2016-09-15T12:05:09.415-0400: 313.784: [GC (Allocation Failure) [PSYoungGen: 125322K->67469K(175104K)] 250290K->192565K(699392K), 0.0183202 secs] [Times: user=0.23 sys=0.00, real=0.02 secs] 
2016-09-15T12:05:09.568-0400: 313.937: [GC (GCLocker Initiated GC) [PSYoungGen: 150584K->43265K(175104K)] 281755K->211185K(699392K), 0.0089973 secs] [Times: user=0.09 sys=0.00, real=0.01 secs] 
2016-09-15T12:05:09.748-0400: 314.117: [GC (Allocation Failure) [PSYoungGen: 131329K->79879K(175104K)] 305354K->254203K(699392K), 0.0129125 secs] [Times: user=0.16 sys=0.01, real=0.02 secs] 
2016-09-15T12:05:09.917-0400: 314.286: [GC (GCLocker Initiated GC) [PSYoungGen: 167943K->55415K(175104K)] 342268K->272572K(699392K), 0.0103809 secs] [Times: user=0.14 sys=0.00, real=0.01 secs] 
2016-09-15T12:05:10.090-0400: 314.459: [GC (GCLocker Initiated GC) [PSYoungGen: 143479K->55415K(175104K)] 360930K->273165K(699392K), 0.0110293 secs] [Times: user=0.15 sys=0.00, real=0.01 secs] 
2016-09-15T12:05:10.264-0400: 314.633: [GC (GCLocker Initiated GC) [PSYoungGen: 143479K->37685K(175104K)] 373634K->268108K(699392K), 0.0083609 secs] [Times: user=0.09 sys=0.00, real=0.01 secs] 
2016-09-15T12:05:10.454-0400: 314.823: [GC (Allocation Failure) [PSYoungGen: 125749K->36934K(175104K)] 368666K->280125K(699392K), 0.0322994 secs] [Times: user=0.40 sys=0.00, real=0.03 secs] 
2016-09-15T12:05:10.648-0400: 315.017: [GC (GCLocker Initiated GC) [PSYoungGen: 121102K->55711K(174080K)] 370368K->305088K(698368K), 0.0085836 secs] [Times: user=0.13 sys=0.00, real=0.02 secs] 
2016-09-15T12:05:10.838-0400: 315.207: [GC (Allocation Failure) [PSYoungGen: 143775K->49312K(137728K)] 399532K->305329K(662016K), 0.0107792 secs] [Times: user=0.08 sys=0.00, real=0.01 secs] 
2016-09-15T12:05:11.028-0400: 315.397: [GC (GCLocker Initiated GC) [PSYoungGen: 132786K->43105K(175104K)] 394878K->329748K(699392K), 0.0089671 secs] [Times: user=0.08 sys=0.00, real=0.01 secs] 
2016-09-15T12:05:11.196-0400: 315.565: [GC (GCLocker Initiated GC) [PSYoungGen: 133729K->73804K(174080K)] 420537K->360716K(698368K), 0.0118398 secs] [Times: user=0.13 sys=0.00, real=0.01 secs] 
2016-09-15T12:05:11.389-0400: 315.758: [GC (Allocation Failure) [PSYoungGen: 164428K->61462K(175104K)] 451555K->348857K(699392K), 0.0110841 secs] [Times: user=0.09 sys=0.01, real=0.01 secs] 
2016-09-15T12:05:11.609-0400: 315.978: [GC (GCLocker Initiated GC) [PSYoungGen: 147984K->55255K(143360K)] 441454K->348976K(667648K), 0.0195407 secs] [Times: user=0.20 sys=0.00, real=0.02 secs] 
2016-09-15T12:05:11.779-0400: 316.148: [GC (GCLocker Initiated GC) [PSYoungGen: 143319K->67405K(170496K)] 437160K->361349K(694784K), 0.0068147 secs] [Times: user=0.05 sys=0.00, real=0.00 secs] 
2016-09-15T12:05:11.933-0400: 316.302: [GC (Allocation Failure) [PSYoungGen: 153933K->61462K(172032K)] 448070K->374099K(696320K), 0.0171963 secs] [Times: user=0.18 sys=0.00, real=0.02 secs] 
2016-09-15T12:05:12.137-0400: 316.506: [GC (GCLocker Initiated GC) [PSYoungGen: 147990K->55319K(171008K)] 460627K->368240K(695296K), 0.0059682 secs] [Times: user=0.06 sys=0.00, real=0.00 secs] 
2016-09-15T12:05:12.297-0400: 316.666: [GC (Allocation Failure) [PSYoungGen: 147479K->55159K(174080K)] 460497K->368265K(698368K), 0.0241711 secs] [Times: user=0.21 sys=0.01, real=0.02 secs] 
2016-09-15T12:05:12.495-0400: 316.864: [GC (Allocation Failure) [PSYoungGen: 147319K->49148K(177152K)] 460425K->405054K(701440K), 0.0178376 secs] [Times: user=0.14 sys=0.01, real=0.02 secs] 
2016-09-15T12:05:12.687-0400: 317.056: [GC (Allocation Failure) [PSYoungGen: 149500K->42845K(179200K)] 505406K->398987K(703488K), 0.0156358 secs] [Times: user=0.12 sys=0.01, real=0.02 secs] 
2016-09-15T12:05:12.887-0400: 317.256: [GC (GCLocker Initiated GC) [PSYoungGen: 143197K->73576K(174080K)] 499344K->429859K(698368K), 0.0302165 secs] [Times: user=0.39 sys=0.00, real=0.04 secs] 
2016-09-15T12:05:13.101-0400: 317.470: [GC (GCLocker Initiated GC) [PSYoungGen: 168808K->55615K(178688K)] 531387K->418501K(702976K), 0.0247930 secs] [Times: user=0.32 sys=0.00, real=0.02 secs] 
2016-09-15T12:05:13.332-0400: 317.701: [GC (GCLocker Initiated GC) [PSYoungGen: 150847K->73676K(173056K)] 525969K->449090K(697344K), 0.0105305 secs] [Times: user=0.13 sys=0.00, real=0.01 secs] 
2016-09-15T12:05:13.503-0400: 317.872: [GC (Allocation Failure) [PSYoungGen: 165836K->55091K(177152K)] 541426K->473333K(701440K), 0.0174824 secs] [Times: user=0.21 sys=0.01, real=0.02 secs] 
2016-09-15T12:05:13.665-0400: 318.034: [GC (GCLocker Initiated GC) [PSYoungGen: 147251K->79747K(171008K)] 565499K->540671K(695296K), 0.0110014 secs] [Times: user=0.12 sys=0.00, real=0.02 secs] 
2016-09-15T12:05:13.831-0400: 318.200: [GC (GCLocker Initiated GC) [PSYoungGen: 167811K->73708K(175104K)] 628742K->534751K(699392K), 0.0098266 secs] [Times: user=0.11 sys=0.00, real=0.01 secs] 
2016-09-15T12:05:13.986-0400: 318.355: [GC (Allocation Failure) [PSYoungGen: 161772K->85562K(175104K)] 622918K->546984K(699392K), 0.0078804 secs] [Times: user=0.10 sys=0.00, real=0.01 secs] 
2016-09-15T12:05:14.149-0400: 318.518: [GC (Allocation Failure) [PSYoungGen: 173626K->55447K(175104K)] 635048K->565604K(699392K), 0.0104367 secs] [Times: user=0.14 sys=0.01, real=0.01 secs] 
2016-09-15T12:05:14.159-0400: 318.528: [Full GC (Ergonomics) [PSYoungGen: 55447K->0K(175104K)] [ParOldGen: 510157K->42645K(524288K)] 565604K->42645K(699392K), [Metaspace: 44644K->44644K(1087488K)], 0.0576030 secs] [Times: user=0.43 sys=0.00, real=0.06 secs] 
2016-09-15T12:05:14.417-0400: 318.786: [GC (Allocation Failure) [PSYoungGen: 86877K->56066K(175104K)] 129522K->98712K(699392K), 0.0100002 secs] [Times: user=0.09 sys=0.01, real=0.00 secs] 
2016-09-15T12:05:14.558-0400: 318.927: [GC (GCLocker Initiated GC) [PSYoungGen: 144130K->49180K(175104K)] 186781K->129319K(699392K), 0.0214357 secs] [Times: user=0.23 sys=0.00, real=0.02 secs] 
2016-09-15T12:05:14.792-0400: 319.161: [GC (GCLocker Initiated GC) [PSYoungGen: 137244K->37098K(175104K)] 223489K->123423K(699392K), 0.0216919 secs] [Times: user=0.20 sys=0.00, real=0.02 secs] 
2016-09-15T12:05:14.977-0400: 319.346: [GC (GCLocker Initiated GC) [PSYoungGen: 125162K->55255K(175104K)] 211612K->178626K(699392K), 0.0175730 secs] [Times: user=0.19 sys=0.00, real=0.01 secs] 
2016-09-15T12:05:15.160-0400: 319.529: [GC (GCLocker Initiated GC) [PSYoungGen: 143319K->73772K(175104K)] 273014K->240061K(699392K), 0.0231761 secs] [Times: user=0.26 sys=0.00, real=0.02 secs] 
2016-09-15T12:05:15.367-0400: 319.736: [GC (GCLocker Initiated GC) [PSYoungGen: 161836K->49212K(175104K)] 334352K->252402K(699392K), 0.0263531 secs] [Times: user=0.27 sys=0.00, real=0.03 secs] 
2016-09-15T12:05:15.563-0400: 319.932: [GC (GCLocker Initiated GC) [PSYoungGen: 137276K->67793K(175104K)] 340547K->283482K(699392K), 0.0130289 secs] [Times: user=0.07 sys=0.00, real=0.02 secs] 
2016-09-15T12:05:15.740-0400: 320.109: [GC (Allocation Failure) [PSYoungGen: 155857K->37158K(175104K)] 384045K->320397K(699392K), 0.0142450 secs] [Times: user=0.14 sys=0.00, real=0.01 secs] 
2016-09-15T12:05:15.755-0400: 320.124: [GC (GCLocker Initiated GC) [PSYoungGen: 37174K->96K(175104K)] 320414K->320269K(699392K), 0.0090596 secs] [Times: user=0.08 sys=0.00, real=0.01 secs] 
2016-09-15T12:05:15.959-0400: 320.328: [GC (GCLocker Initiated GC) [PSYoungGen: 88160K->85730K(175104K)] 408333K->405903K(699392K), 0.0166910 secs] [Times: user=0.17 sys=0.00, real=0.01 secs] 
2016-09-15T12:05:16.164-0400: 320.533: [GC (GCLocker Initiated GC) [PSYoungGen: 173794K->67177K(175104K)] 494054K->400003K(699392K), 0.0217743 secs] [Times: user=0.19 sys=0.00, real=0.02 secs] 
2016-09-15T12:05:16.329-0400: 320.698: [GC (GCLocker Initiated GC) [PSYoungGen: 155241K->73612K(175104K)] 494189K->436956K(699392K), 0.0366113 secs] [Times: user=0.33 sys=0.00, real=0.03 secs] 
2016-09-15T12:05:16.567-0400: 320.936: [GC (Allocation Failure) [PSYoungGen: 161676K->73608K(175104K)] 525297K->461796K(699392K), 0.0113418 secs] [Times: user=0.11 sys=0.00, real=0.02 secs] 
2016-09-15T12:05:16.743-0400: 321.112: [GC (GCLocker Initiated GC) [PSYoungGen: 161672K->73772K(175104K)] 549866K->462053K(699392K), 0.0072245 secs] [Times: user=0.07 sys=0.00, real=0.01 secs] 
2016-09-15T12:05:16.910-0400: 321.279: [GC (GCLocker Initiated GC) [PSYoungGen: 161836K->73448K(175104K)] 550428K->462299K(699392K), 0.0174496 secs] [Times: user=0.16 sys=0.00, real=0.02 secs] 
2016-09-15T12:05:17.085-0400: 321.454: [GC (GCLocker Initiated GC) [PSYoungGen: 161512K->73480K(175104K)] 550696K->462767K(699392K), 0.0099766 secs] [Times: user=0.10 sys=0.00, real=0.01 secs] 
2016-09-15T12:05:17.245-0400: 321.614: [GC (GCLocker Initiated GC) [PSYoungGen: 161544K->61362K(175104K)] 551192K->451278K(699392K), 0.0128015 secs] [Times: user=0.12 sys=0.00, real=0.02 secs] 
2016-09-15T12:05:17.442-0400: 321.811: [GC (GCLocker Initiated GC) [PSYoungGen: 149426K->61266K(175104K)] 545560K->475876K(699392K), 0.0172290 secs] [Times: user=0.19 sys=0.01, real=0.02 secs] 
2016-09-15T12:05:17.609-0400: 321.978: [GC (GCLocker Initiated GC) [PSYoungGen: 149330K->61658K(175104K)] 564301K->525372K(699392K), 0.0144448 secs] [Times: user=0.11 sys=0.00, real=0.01 secs] 
2016-09-15T12:05:17.624-0400: 321.993: [Full GC (Ergonomics) [PSYoungGen: 61658K->0K(175104K)] [ParOldGen: 463714K->49171K(524288K)] 525372K->49171K(699392K), [Metaspace: 44644K->44644K(1087488K)], 0.0576335 secs] [Times: user=0.39 sys=0.01, real=0.06 secs] 
2016-09-15T12:05:17.849-0400: 322.218: [GC (Allocation Failure) [PSYoungGen: 88064K->61622K(175104K)] 137590K->111148K(699392K), 0.0171757 secs] [Times: user=0.17 sys=0.00, real=0.01 secs] 
2016-09-15T12:05:18.018-0400: 322.387: [GC (GCLocker Initiated GC) [PSYoungGen: 149684K->73740K(175104K)] 199216K->142060K(699392K), 0.0103478 secs] [Times: user=0.12 sys=0.00, real=0.01 secs] 
2016-09-15T12:05:18.207-0400: 322.576: [GC (GCLocker Initiated GC) [PSYoungGen: 161804K->73772K(175104K)] 230396K->142623K(699392K), 0.0129586 secs] [Times: user=0.14 sys=0.00, real=0.02 secs] 
2016-09-15T12:05:18.392-0400: 322.761: [GC (GCLocker Initiated GC) [PSYoungGen: 161836K->67373K(175104K)] 236927K->142732K(699392K), 0.0331999 secs] [Times: user=0.37 sys=0.00, real=0.03 secs] 
2016-09-15T12:05:18.592-0400: 322.961: [GC (GCLocker Initiated GC) [PSYoungGen: 155437K->49440K(175104K)] 230866K->167693K(699392K), 0.0168700 secs] [Times: user=0.16 sys=0.00, real=0.02 secs] 
2016-09-15T12:05:18.764-0400: 323.133: [GC (GCLocker Initiated GC) [PSYoungGen: 137504K->67469K(175104K)] 255799K->228557K(699392K), 0.0141912 secs] [Times: user=0.14 sys=0.00, real=0.02 secs] 
2016-09-15T12:05:18.933-0400: 323.301: [GC (GCLocker Initiated GC) [PSYoungGen: 155533K->73612K(175104K)] 316988K->259478K(699392K), 0.0098634 secs] [Times: user=0.08 sys=0.00, real=0.01 secs] 
2016-09-15T12:05:19.100-0400: 323.469: [GC (GCLocker Initiated GC) [PSYoungGen: 161676K->67373K(175104K)] 347741K->253713K(699392K), 0.0189159 secs] [Times: user=0.20 sys=0.00, real=0.02 secs] 
2016-09-15T12:05:19.315-0400: 323.684: [GC (GCLocker Initiated GC) [PSYoungGen: 155437K->85402K(175104K)] 341819K->308549K(699392K), 0.0296776 secs] [Times: user=0.32 sys=0.00, real=0.03 secs] 
2016-09-15T12:05:19.490-0400: 323.859: [GC (Allocation Failure) [PSYoungGen: 173466K->67697K(175104K)] 396929K->339864K(699392K), 0.0222068 secs] [Times: user=0.29 sys=0.00, real=0.02 secs] 
2016-09-15T12:05:19.717-0400: 324.086: [GC (GCLocker Initiated GC) [PSYoungGen: 155761K->73772K(175104K)] 427934K->346212K(699392K), 0.0084388 secs] [Times: user=0.08 sys=0.00, real=0.00 secs] 
2016-09-15T12:05:19.917-0400: 324.286: [GC (GCLocker Initiated GC) [PSYoungGen: 161836K->79455K(175104K)] 434319K->352221K(699392K), 0.0145204 secs] [Times: user=0.17 sys=0.00, real=0.01 secs] 
2016-09-15T12:05:20.072-0400: 324.441: [GC (GCLocker Initiated GC) [PSYoungGen: 167519K->74032K(175104K)] 446398K->377338K(699392K), 0.0121519 secs] [Times: user=0.15 sys=0.00, real=0.01 secs] 
2016-09-15T12:05:20.252-0400: 324.621: [GC (GCLocker Initiated GC) [PSYoungGen: 162096K->73640K(175104K)] 465595K->426054K(699392K), 0.0117332 secs] [Times: user=0.14 sys=0.00, real=0.01 secs] 
2016-09-15T12:05:20.498-0400: 324.867: [GC (Allocation Failure) [PSYoungGen: 161704K->55287K(175104K)] 514300K->408142K(699392K), 0.0069309 secs] [Times: user=0.07 sys=0.00, real=0.00 secs] 
2016-09-15T12:05:20.716-0400: 325.085: [GC (GCLocker Initiated GC) [PSYoungGen: 141982K->36802K(175104K)] 500912K->395812K(699392K), 0.0182539 secs] [Times: user=0.18 sys=0.00, real=0.01 secs] 
2016-09-15T12:05:20.857-0400: 325.226: [GC (GCLocker Initiated GC) [PSYoungGen: 124866K->79851K(175104K)] 483918K->439046K(699392K), 0.0197809 secs] [Times: user=0.17 sys=0.00, real=0.02 secs] 
2016-09-15T12:05:21.043-0400: 325.412: [GC (GCLocker Initiated GC) [PSYoungGen: 167915K->55519K(175104K)] 527286K->475907K(699392K), 0.0179387 secs] [Times: user=0.17 sys=0.00, real=0.02 secs] 
2016-09-15T12:05:21.203-0400: 325.572: [GC (GCLocker Initiated GC) [PSYoungGen: 143583K->48952K(175104K)] 564013K->524332K(699392K), 0.0159305 secs] [Times: user=0.15 sys=0.00, real=0.02 secs] 
2016-09-15T12:05:21.219-0400: 325.588: [Full GC (Ergonomics) [PSYoungGen: 48952K->0K(175104K)] [ParOldGen: 475380K->43045K(524288K)] 524332K->43045K(699392K), [Metaspace: 44647K->44647K(1087488K)], 0.0727679 secs] [Times: user=0.43 sys=0.02, real=0.07 secs] 
2016-09-15T12:05:21.445-0400: 325.814: [GC (GCLocker Initiated GC) [PSYoungGen: 88064K->86894K(175104K)] 131234K->136139K(699392K), 0.0083832 secs] [Times: user=0.09 sys=0.00, real=0.01 secs] 
2016-09-15T12:05:21.628-0400: 325.997: [GC (GCLocker Initiated GC) [PSYoungGen: 174958K->43073K(175104K)] 230319K->129893K(699392K), 0.0239631 secs] [Times: user=0.21 sys=0.00, real=0.02 secs] 
2016-09-15T12:05:21.862-0400: 326.231: [GC (GCLocker Initiated GC) [PSYoungGen: 131137K->49244K(175104K)] 224236K->142594K(699392K), 0.0119146 secs] [Times: user=0.12 sys=0.00, real=0.01 secs] 
2016-09-15T12:05:22.023-0400: 326.392: [GC (GCLocker Initiated GC) [PSYoungGen: 137308K->85730K(175104K)] 230767K->209668K(699392K), 0.0264305 secs] [Times: user=0.27 sys=0.00, real=0.03 secs] 
2016-09-15T12:05:22.206-0400: 326.575: [GC (Allocation Failure) [PSYoungGen: 173794K->49440K(175104K)] 297863K->228475K(699392K), 0.0101812 secs] [Times: user=0.09 sys=0.01, real=0.02 secs] 
2016-09-15T12:05:22.576-0400: 326.945: [GC (Allocation Failure) [PSYoungGen: 137504K->18741K(175104K)] 316539K->216409K(699392K), 0.0061154 secs] [Times: user=0.04 sys=0.01, real=0.00 secs] 
2016-09-15T12:05:23.136-0400: 327.505: [GC (Allocation Failure) [PSYoungGen: 106805K->18641K(175104K)] 304473K->216687K(699392K), 0.0043470 secs] [Times: user=0.03 sys=0.00, real=0.00 secs] 
