Java HotSpot(TM) 64-Bit Server VM (25.77-b03) for linux-amd64 JRE (1.8.0_77-b03), built on Mar 20 2016 22:00:46 by "java_re" with gcc 4.3.0 20080428 (Red Hat 4.3.0-8)
Memory: 4k page, physical 264122324k(96851184k free), swap 268399612k(268246128k free)
CommandLine flags: -XX:GCLogFileSize=1048576 -XX:+HeapDumpOnOutOfMemoryError -XX:HeapDumpPath=artifacts/heapdump -XX:InitialHeapSize=805306368 -XX:MaxHeapSize=805306368 -XX:NumberOfGCLogFiles=10 -XX:+PrintGC -XX:+PrintGCDateStamps -XX:+PrintGCDetails -XX:+PrintGCTimeStamps -XX:+UseCompressedClassPointers -XX:+UseCompressedOops -XX:+UseGCLogFileRotation -XX:+UseParallelGC 
2016-09-15T12:19:35.103-0400: 2.121: [GC (Metadata GC Threshold) [PSYoungGen: 121898K->15571K(229376K)] 121898K->15651K(753664K), 0.0255779 secs] [Times: user=0.17 sys=0.04, real=0.03 secs] 
2016-09-15T12:19:35.129-0400: 2.146: [Full GC (Metadata GC Threshold) [PSYoungGen: 15571K->0K(229376K)] [ParOldGen: 80K->14597K(342016K)] 15651K->14597K(571392K), [Metaspace: 21052K->21052K(1067008K)], 0.0493775 secs] [Times: user=0.45 sys=0.01, real=0.05 secs] 
2016-09-15T12:19:36.899-0400: 3.917: [GC (Metadata GC Threshold) [PSYoungGen: 121715K->14655K(229376K)] 136313K->29388K(571392K), 0.0144033 secs] [Times: user=0.08 sys=0.02, real=0.01 secs] 
2016-09-15T12:19:36.914-0400: 3.931: [Full GC (Metadata GC Threshold) [PSYoungGen: 14655K->0K(229376K)] [ParOldGen: 14733K->20285K(524288K)] 29388K->20285K(753664K), [Metaspace: 35077K->35077K(1079296K)], 0.0457602 secs] [Times: user=0.44 sys=0.01, real=0.05 secs] 
2016-09-15T12:19:38.600-0400: 5.617: [GC (GCLocker Initiated GC) [PSYoungGen: 196309K->24028K(229376K)] 222670K->50396K(753664K), 0.0090522 secs] [Times: user=0.11 sys=0.00, real=0.01 secs] 
2016-09-15T12:19:39.501-0400: 6.518: [GC (GCLocker Initiated GC) [PSYoungGen: 220636K->32747K(229376K)] 247365K->65944K(753664K), 0.0096608 secs] [Times: user=0.11 sys=0.01, real=0.01 secs] 
2016-09-15T12:19:40.528-0400: 7.545: [GC (GCLocker Initiated GC) [PSYoungGen: 229355K->27282K(224256K)] 262913K->72998K(748544K), 0.0116908 secs] [Times: user=0.09 sys=0.01, real=0.01 secs] 
2016-09-15T12:19:41.656-0400: 8.674: [GC (Allocation Failure) [PSYoungGen: 223890K->21365K(224256K)] 282100K->79583K(748544K), 0.0141402 secs] [Times: user=0.14 sys=0.01, real=0.01 secs] 
2016-09-15T12:19:42.646-0400: 9.663: [GC (Allocation Failure) [PSYoungGen: 203109K->21291K(207872K)] 261327K->79517K(732160K), 0.0132202 secs] [Times: user=0.15 sys=0.00, real=0.02 secs] 
2016-09-15T12:19:43.043-0400: 10.060: [GC (GCLocker Initiated GC) [PSYoungGen: 206286K->34003K(219648K)] 270587K->122612K(743936K), 0.0117097 secs] [Times: user=0.14 sys=0.01, real=0.01 secs] 
2016-09-15T12:19:43.260-0400: 10.277: [GC (GCLocker Initiated GC) [PSYoungGen: 217299K->39394K(222720K)] 306275K->195672K(747008K), 0.0112716 secs] [Times: user=0.10 sys=0.04, real=0.01 secs] 
2016-09-15T12:19:43.540-0400: 10.557: [GC (GCLocker Initiated GC) [PSYoungGen: 222690K->33447K(166400K)] 385197K->238487K(690688K), 0.0093004 secs] [Times: user=0.09 sys=0.02, real=0.01 secs] 
2016-09-15T12:19:43.749-0400: 10.767: [GC (GCLocker Initiated GC) [PSYoungGen: 160423K->63854K(190976K)] 371675K->305489K(715264K), 0.0129652 secs] [Times: user=0.13 sys=0.00, real=0.01 secs] 
2016-09-15T12:19:43.927-0400: 10.944: [GC (Allocation Failure) [PSYoungGen: 190830K->68013K(167424K)] 432669K->342180K(691712K), 0.0143109 secs] [Times: user=0.14 sys=0.01, real=0.02 secs] 
2016-09-15T12:19:44.083-0400: 11.100: [GC (GCLocker Initiated GC) [PSYoungGen: 164269K->80003K(176640K)] 438436K->391033K(700928K), 0.0174651 secs] [Times: user=0.21 sys=0.00, real=0.02 secs] 
2016-09-15T12:19:44.252-0400: 11.270: [GC (GCLocker Initiated GC) [PSYoungGen: 176259K->79551K(173568K)] 499749K->403298K(697856K), 0.0097996 secs] [Times: user=0.10 sys=0.00, real=0.01 secs] 
2016-09-15T12:19:44.394-0400: 11.411: [GC (Allocation Failure) [PSYoungGen: 167615K->85822K(175104K)] 491527K->434186K(699392K), 0.0163658 secs] [Times: user=0.22 sys=0.00, real=0.02 secs] 
2016-09-15T12:19:44.527-0400: 11.544: [GC (GCLocker Initiated GC) [PSYoungGen: 173886K->73476K(175104K)] 522250K->500927K(699392K), 0.0117664 secs] [Times: user=0.14 sys=0.03, real=0.02 secs] 
2016-09-15T12:19:44.666-0400: 11.683: [GC (Allocation Failure) [PSYoungGen: 161540K->85854K(175104K)] 595264K->562231K(699392K), 0.0103513 secs] [Times: user=0.08 sys=0.06, real=0.02 secs] 
2016-09-15T12:19:44.677-0400: 11.694: [Full GC (Ergonomics) [PSYoungGen: 85854K->0K(175104K)] [ParOldGen: 476377K->50825K(524288K)] 562231K->50825K(699392K), [Metaspace: 43501K->43501K(1085440K)], 0.1829183 secs] [Times: user=2.62 sys=0.02, real=0.18 secs] 
2016-09-15T12:19:44.970-0400: 11.987: [GC (GCLocker Initiated GC) [PSYoungGen: 88064K->85822K(175104K)] 138890K->142723K(699392K), 0.0094848 secs] [Times: user=0.13 sys=0.01, real=0.01 secs] 
2016-09-15T12:19:45.114-0400: 12.131: [GC (GCLocker Initiated GC) [PSYoungGen: 173886K->73640K(175104K)] 236926K->155385K(699392K), 0.0089429 secs] [Times: user=0.13 sys=0.00, real=0.01 secs] 
2016-09-15T12:19:45.221-0400: 12.239: [GC (GCLocker Initiated GC) [PSYoungGen: 161704K->85822K(175104K)] 243621K->216655K(699392K), 0.0099091 secs] [Times: user=0.15 sys=0.00, real=0.01 secs] 
2016-09-15T12:19:45.344-0400: 12.361: [GC (GCLocker Initiated GC) [PSYoungGen: 173886K->85790K(175104K)] 304788K->259517K(699392K), 0.0114813 secs] [Times: user=0.17 sys=0.00, real=0.01 secs] 
2016-09-15T12:19:45.490-0400: 12.507: [GC (GCLocker Initiated GC) [PSYoungGen: 173854K->73704K(175104K)] 347717K->332933K(699392K), 0.0108589 secs] [Times: user=0.18 sys=0.00, real=0.01 secs] 
2016-09-15T12:19:45.609-0400: 12.626: [GC (GCLocker Initiated GC) [PSYoungGen: 161768K->85822K(175104K)] 421286K->351723K(699392K), 0.0076347 secs] [Times: user=0.12 sys=0.00, real=0.01 secs] 
2016-09-15T12:19:45.735-0400: 12.752: [GC (GCLocker Initiated GC) [PSYoungGen: 173886K->85690K(175104K)] 439851K->376271K(699392K), 0.0085348 secs] [Times: user=0.13 sys=0.00, real=0.01 secs] 
2016-09-15T12:19:45.872-0400: 12.889: [GC (Allocation Failure) [PSYoungGen: 173754K->67629K(175104K)] 470619K->443597K(699392K), 0.0104354 secs] [Times: user=0.14 sys=0.00, real=0.01 secs] 
2016-09-15T12:19:46.018-0400: 13.035: [GC (GCLocker Initiated GC) [PSYoungGen: 155693K->73348K(175104K)] 531661K->467848K(699392K), 0.0098150 secs] [Times: user=0.15 sys=0.00, real=0.01 secs] 
2016-09-15T12:19:46.155-0400: 13.172: [GC (GCLocker Initiated GC) [PSYoungGen: 161412K->55287K(175104K)] 562090K->456093K(699392K), 0.0078796 secs] [Times: user=0.12 sys=0.00, real=0.01 secs] 
2016-09-15T12:19:46.312-0400: 13.329: [GC (GCLocker Initiated GC) [PSYoungGen: 143351K->73544K(175104K)] 556349K->505058K(699392K), 0.0083918 secs] [Times: user=0.11 sys=0.00, real=0.01 secs] 
2016-09-15T12:19:46.458-0400: 13.475: [Full GC (Ergonomics) [PSYoungGen: 161608K->0K(175104K)] [ParOldGen: 443706K->51344K(524288K)] 605314K->51344K(699392K), [Metaspace: 43618K->43618K(1085440K)], 0.0485313 secs] [Times: user=0.41 sys=0.00, real=0.04 secs] 
2016-09-15T12:19:46.619-0400: 13.636: [GC (GCLocker Initiated GC) [PSYoungGen: 88061K->86734K(175104K)] 151894K->174867K(699392K), 0.0095202 secs] [Times: user=0.14 sys=0.00, real=0.01 secs] 
2016-09-15T12:19:46.750-0400: 13.767: [GC (GCLocker Initiated GC) [PSYoungGen: 174798K->85954K(175104K)] 263001K->217418K(699392K), 0.0098317 secs] [Times: user=0.14 sys=0.00, real=0.01 secs] 
2016-09-15T12:19:46.880-0400: 13.897: [GC (GCLocker Initiated GC) [PSYoungGen: 174018K->79715K(175104K)] 305568K->272151K(699392K), 0.0096196 secs] [Times: user=0.14 sys=0.00, real=0.01 secs] 
2016-09-15T12:19:47.011-0400: 14.028: [GC (GCLocker Initiated GC) [PSYoungGen: 167779K->86050K(175104K)] 360469K->309439K(699392K), 0.0095784 secs] [Times: user=0.15 sys=0.00, real=0.01 secs] 
2016-09-15T12:19:47.135-0400: 14.152: [GC (GCLocker Initiated GC) [PSYoungGen: 174114K->85790K(175104K)] 397545K->358300K(699392K), 0.0100282 secs] [Times: user=0.16 sys=0.00, real=0.01 secs] 
2016-09-15T12:19:47.257-0400: 14.274: [GC (Allocation Failure) [PSYoungGen: 173854K->85986K(175104K)] 446624K->419674K(699392K), 0.0102746 secs] [Times: user=0.16 sys=0.00, real=0.00 secs] 
2016-09-15T12:19:47.268-0400: 14.285: [GC (GCLocker Initiated GC) [PSYoungGen: 86001K->32K(175104K)] 419689K->425411K(699392K), 0.0085745 secs] [Times: user=0.11 sys=0.02, real=0.01 secs] 
2016-09-15T12:19:47.277-0400: 14.294: [Full GC (Ergonomics) [PSYoungGen: 32K->0K(175104K)] [ParOldGen: 425379K->50932K(524288K)] 425411K->50932K(699392K), [Metaspace: 43710K->43710K(1085440K)], 0.0425020 secs] [Times: user=0.38 sys=0.00, real=0.04 secs] 
2016-09-15T12:19:47.445-0400: 14.462: [GC (GCLocker Initiated GC) [PSYoungGen: 87521K->73608K(175104K)] 144528K->130615K(699392K), 0.0071806 secs] [Times: user=0.10 sys=0.00, real=0.01 secs] 
2016-09-15T12:19:47.586-0400: 14.603: [GC (Allocation Failure) [PSYoungGen: 161672K->55547K(175104K)] 225064K->155697K(699392K), 0.0097100 secs] [Times: user=0.14 sys=0.00, real=0.02 secs] 
2016-09-15T12:19:47.713-0400: 14.730: [GC (GCLocker Initiated GC) [PSYoungGen: 143611K->73868K(175104K)] 243767K->192744K(699392K), 0.0095470 secs] [Times: user=0.15 sys=0.00, real=0.01 secs] 
2016-09-15T12:19:47.884-0400: 14.901: [GC (Allocation Failure) [PSYoungGen: 161932K->73476K(175104K)] 281012K->211049K(699392K), 0.0102062 secs] [Times: user=0.13 sys=0.00, real=0.01 secs] 
2016-09-15T12:19:48.008-0400: 15.025: [GC (GCLocker Initiated GC) [PSYoungGen: 157356K->73508K(175104K)] 301005K->217299K(699392K), 0.0078960 secs] [Times: user=0.10 sys=0.01, real=0.01 secs] 
2016-09-15T12:19:48.117-0400: 15.134: [GC (GCLocker Initiated GC) [PSYoungGen: 161572K->73672K(175104K)] 305595K->217863K(699392K), 0.0084364 secs] [Times: user=0.12 sys=0.01, real=0.00 secs] 
2016-09-15T12:19:48.250-0400: 15.267: [GC (GCLocker Initiated GC) [PSYoungGen: 161736K->85986K(175104K)] 312178K->261019K(699392K), 0.0100251 secs] [Times: user=0.14 sys=0.01, real=0.01 secs] 
2016-09-15T12:19:48.408-0400: 15.425: [GC (GCLocker Initiated GC) [PSYoungGen: 174050K->37418K(175104K)] 367652K->267918K(699392K), 0.0096221 secs] [Times: user=0.10 sys=0.00, real=0.01 secs] 
2016-09-15T12:19:48.546-0400: 15.563: [GC (GCLocker Initiated GC) [PSYoungGen: 125482K->37158K(175104K)] 362216K->274168K(699392K), 0.0138518 secs] [Times: user=0.21 sys=0.01, real=0.02 secs] 
2016-09-15T12:19:48.680-0400: 15.697: [GC (GCLocker Initiated GC) [PSYoungGen: 125222K->73772K(175104K)] 368505K->317183K(699392K), 0.0068713 secs] [Times: user=0.11 sys=0.00, real=0.00 secs] 
2016-09-15T12:19:48.818-0400: 15.836: [GC (GCLocker Initiated GC) [PSYoungGen: 161836K->85854K(175104K)] 405457K->360165K(699392K), 0.0090734 secs] [Times: user=0.13 sys=0.01, real=0.01 secs] 
2016-09-15T12:19:48.947-0400: 15.964: [GC (GCLocker Initiated GC) [PSYoungGen: 173918K->55447K(175104K)] 448305K->390899K(699392K), 0.0100995 secs] [Times: user=0.14 sys=0.00, real=0.02 secs] 
2016-09-15T12:19:49.080-0400: 16.097: [GC (GCLocker Initiated GC) [PSYoungGen: 143511K->74132K(175104K)] 479225K->428394K(699392K), 0.0081065 secs] [Times: user=0.11 sys=0.00, real=0.01 secs] 
2016-09-15T12:19:49.219-0400: 16.237: [GC (GCLocker Initiated GC) [PSYoungGen: 162196K->85658K(175104K)] 516528K->476896K(699392K), 0.0106837 secs] [Times: user=0.15 sys=0.00, real=0.01 secs] 
2016-09-15T12:19:49.336-0400: 16.353: [GC (GCLocker Initiated GC) [PSYoungGen: 173722K->85822K(175104K)] 565086K->550262K(699392K), 0.0112837 secs] [Times: user=0.16 sys=0.01, real=0.01 secs] 
2016-09-15T12:19:49.348-0400: 16.365: [Full GC (Ergonomics) [PSYoungGen: 85822K->0K(175104K)] [ParOldGen: 464439K->51311K(524288K)] 550262K->51311K(699392K), [Metaspace: 43754K->43754K(1085440K)], 0.0395856 secs] [Times: user=0.32 sys=0.00, real=0.03 secs] 
2016-09-15T12:19:49.500-0400: 16.517: [GC (GCLocker Initiated GC) [PSYoungGen: 88064K->86078K(175104K)] 139422K->161745K(699392K), 0.0085596 secs] [Times: user=0.12 sys=0.00, real=0.01 secs] 
2016-09-15T12:19:49.642-0400: 16.659: [GC (GCLocker Initiated GC) [PSYoungGen: 174142K->85822K(175104K)] 249923K->222909K(699392K), 0.0105441 secs] [Times: user=0.16 sys=0.01, real=0.01 secs] 
2016-09-15T12:19:49.788-0400: 16.805: [GC (Allocation Failure) [PSYoungGen: 173886K->43105K(175104K)] 317084K->241269K(699392K), 0.0102306 secs] [Times: user=0.11 sys=0.00, real=0.01 secs] 
2016-09-15T12:19:49.896-0400: 16.913: [GC (GCLocker Initiated GC) [PSYoungGen: 131169K->79647K(175104K)] 329340K->332824K(699392K), 0.0100783 secs] [Times: user=0.13 sys=0.00, real=0.00 secs] 
2016-09-15T12:19:50.035-0400: 17.052: [GC (GCLocker Initiated GC) [PSYoungGen: 167711K->79587K(175104K)] 426994K->357206K(699392K), 0.0147046 secs] [Times: user=0.19 sys=0.00, real=0.02 secs] 
2016-09-15T12:19:50.176-0400: 17.193: [GC (GCLocker Initiated GC) [PSYoungGen: 167651K->61654K(175104K)] 445631K->388558K(699392K), 0.0089414 secs] [Times: user=0.11 sys=0.00, real=0.00 secs] 
2016-09-15T12:19:50.326-0400: 17.343: [GC (GCLocker Initiated GC) [PSYoungGen: 149718K->55643K(175104K)] 482940K->425647K(699392K), 0.0084893 secs] [Times: user=0.12 sys=0.00, real=0.01 secs] 
2016-09-15T12:19:50.479-0400: 17.496: [GC (GCLocker Initiated GC) [PSYoungGen: 143707K->73576K(175104K)] 513937K->462174K(699392K), 0.0082822 secs] [Times: user=0.12 sys=0.00, real=0.01 secs] 
2016-09-15T12:19:50.600-0400: 17.617: [GC (GCLocker Initiated GC) [PSYoungGen: 161640K->73672K(175104K)] 550437K->505097K(699392K), 0.0107963 secs] [Times: user=0.16 sys=0.00, real=0.01 secs] 
2016-09-15T12:19:50.722-0400: 17.739: [GC (Allocation Failure) [PSYoungGen: 161736K->86541K(175104K)] 593500K->554931K(699392K), 0.0105682 secs] [Times: user=0.15 sys=0.00, real=0.01 secs] 
2016-09-15T12:19:50.732-0400: 17.750: [Full GC (Ergonomics) [PSYoungGen: 86541K->0K(175104K)] [ParOldGen: 468389K->51666K(524288K)] 554931K->51666K(699392K), [Metaspace: 43794K->43794K(1085440K)], 0.0504553 secs] [Times: user=0.34 sys=0.01, real=0.05 secs] 
2016-09-15T12:19:50.877-0400: 17.894: [GC (GCLocker Initiated GC) [PSYoungGen: 88064K->85658K(175104K)] 139736K->143405K(699392K), 0.0074939 secs] [Times: user=0.10 sys=0.01, real=0.00 secs] 
2016-09-15T12:19:51.009-0400: 18.026: [GC (GCLocker Initiated GC) [PSYoungGen: 173722K->86150K(175104K)] 237591K->186613K(699392K), 0.0092719 secs] [Times: user=0.13 sys=0.00, real=0.01 secs] 
2016-09-15T12:19:51.127-0400: 18.144: [GC (GCLocker Initiated GC) [PSYoungGen: 174214K->79779K(175104K)] 280906K->193165K(699392K), 0.0091716 secs] [Times: user=0.09 sys=0.00, real=0.02 secs] 
2016-09-15T12:19:51.265-0400: 18.282: [GC (Allocation Failure) [PSYoungGen: 167843K->85822K(175104K)] 281422K->248349K(699392K), 0.0097005 secs] [Times: user=0.14 sys=0.00, real=0.01 secs] 
2016-09-15T12:19:51.402-0400: 18.420: [GC (GCLocker Initiated GC) [PSYoungGen: 169387K->61526K(175104K)] 337989K->248612K(699392K), 0.0091182 secs] [Times: user=0.08 sys=0.00, real=0.01 secs] 
2016-09-15T12:19:51.546-0400: 18.563: [GC (GCLocker Initiated GC) [PSYoungGen: 149590K->55187K(175104K)] 342866K->266980K(699392K), 0.0103594 secs] [Times: user=0.11 sys=0.00, real=0.02 secs] 
2016-09-15T12:19:51.689-0400: 18.706: [GC (GCLocker Initiated GC) [PSYoungGen: 143251K->85822K(175104K)] 355086K->322109K(699392K), 0.0100913 secs] [Times: user=0.15 sys=0.00, real=0.01 secs] 
2016-09-15T12:19:51.814-0400: 18.831: [GC (GCLocker Initiated GC) [PSYoungGen: 173886K->74032K(175104K)] 410226K->365386K(699392K), 0.0095303 secs] [Times: user=0.14 sys=0.00, real=0.01 secs] 
2016-09-15T12:19:51.946-0400: 18.963: [GC (GCLocker Initiated GC) [PSYoungGen: 162096K->67661K(175104K)] 453576K->408221K(699392K), 0.0090204 secs] [Times: user=0.11 sys=0.00, real=0.01 secs] 
2016-09-15T12:19:52.088-0400: 19.105: [GC (Allocation Failure) [PSYoungGen: 155725K->74032K(175104K)] 502704K->457620K(699392K), 0.0100043 secs] [Times: user=0.14 sys=0.00, real=0.01 secs] 
2016-09-15T12:19:52.227-0400: 19.244: [GC (GCLocker Initiated GC) [PSYoungGen: 162096K->73836K(175104K)] 545690K->476110K(699392K), 0.0101539 secs] [Times: user=0.13 sys=0.03, real=0.02 secs] 
2016-09-15T12:19:52.355-0400: 19.372: [GC (GCLocker Initiated GC) [PSYoungGen: 161900K->37030K(175104K)] 570566K->464204K(699392K), 0.0068152 secs] [Times: user=0.10 sys=0.00, real=0.01 secs] 
2016-09-15T12:19:52.473-0400: 19.490: [GC (GCLocker Initiated GC) [PSYoungGen: 125094K->85758K(175104K)] 552522K->519413K(699392K), 0.0095567 secs] [Times: user=0.13 sys=0.01, real=0.01 secs] 
2016-09-15T12:19:52.610-0400: 19.627: [GC (GCLocker Initiated GC) [PSYoungGen: 173822K->37030K(175104K)] 619808K->501532K(699392K), 0.0074375 secs] [Times: user=0.09 sys=0.02, real=0.01 secs] 
2016-09-15T12:19:52.617-0400: 19.634: [Full GC (Ergonomics) [PSYoungGen: 37030K->0K(175104K)] [ParOldGen: 464502K->45155K(524288K)] 501532K->45155K(699392K), [Metaspace: 43823K->43823K(1087488K)], 0.0473614 secs] [Times: user=0.36 sys=0.00, real=0.04 secs] 
2016-09-15T12:19:52.772-0400: 19.789: [GC (GCLocker Initiated GC) [PSYoungGen: 88064K->86406K(175104K)] 133496K->174363K(699392K), 0.0107202 secs] [Times: user=0.16 sys=0.00, real=0.01 secs] 
2016-09-15T12:19:52.905-0400: 19.922: [GC (GCLocker Initiated GC) [PSYoungGen: 174470K->37026K(175104K)] 262430K->198785K(699392K), 0.0093238 secs] [Times: user=0.15 sys=0.00, real=0.01 secs] 
2016-09-15T12:19:53.043-0400: 20.061: [GC (GCLocker Initiated GC) [PSYoungGen: 125090K->38041K(175104K)] 299344K->212447K(699392K), 0.0103043 secs] [Times: user=0.14 sys=0.00, real=0.01 secs] 
2016-09-15T12:19:53.196-0400: 20.213: [GC (GCLocker Initiated GC) [PSYoungGen: 126105K->18997K(175104K)] 307157K->218941K(699392K), 0.0059122 secs] [Times: user=0.08 sys=0.00, real=0.01 secs] 
2016-09-15T12:19:53.294-0400: 20.311: [GC (GCLocker Initiated GC) [PSYoungGen: 107061K->73508K(175104K)] 307148K->273723K(699392K), 0.0094182 secs] [Times: user=0.12 sys=0.00, real=0.01 secs] 
2016-09-15T12:19:53.433-0400: 20.450: [GC (GCLocker Initiated GC) [PSYoungGen: 161572K->86018K(175104K)] 362063K->310944K(699392K), 0.0106678 secs] [Times: user=0.16 sys=0.00, real=0.01 secs] 
2016-09-15T12:19:53.561-0400: 20.578: [GC (GCLocker Initiated GC) [PSYoungGen: 174082K->55515K(175104K)] 399235K->299348K(699392K), 0.0098425 secs] [Times: user=0.15 sys=0.00, real=0.01 secs] 
2016-09-15T12:19:53.682-0400: 20.699: [GC (GCLocker Initiated GC) [PSYoungGen: 143579K->85822K(175104K)] 393719K->354487K(699392K), 0.0094316 secs] [Times: user=0.16 sys=0.00, real=0.01 secs] 
2016-09-15T12:19:53.803-0400: 20.820: [GC (GCLocker Initiated GC) [PSYoungGen: 173886K->85986K(175104K)] 442873K->391558K(699392K), 0.0106186 secs] [Times: user=0.16 sys=0.00, real=0.01 secs] 
2016-09-15T12:19:53.946-0400: 20.963: [GC (Allocation Failure) [PSYoungGen: 174050K->55515K(175104K)] 479904K->398307K(699392K), 0.0080711 secs] [Times: user=0.13 sys=0.00, real=0.01 secs] 
2016-09-15T12:19:54.073-0400: 21.090: [GC (GCLocker Initiated GC) [PSYoungGen: 143579K->55643K(175104K)] 486376K->435026K(699392K), 0.0085981 secs] [Times: user=0.12 sys=0.00, real=0.01 secs] 
2016-09-15T12:19:54.193-0400: 21.210: [GC (GCLocker Initiated GC) [PSYoungGen: 143707K->85954K(175104K)] 523155K->514341K(699392K), 0.0108498 secs] [Times: user=0.16 sys=0.00, real=0.01 secs] 
2016-09-15T12:19:54.306-0400: 21.323: [GC (GCLocker Initiated GC) [PSYoungGen: 174018K->67597K(175104K)] 602464K->551353K(699392K), 0.0113395 secs] [Times: user=0.17 sys=0.01, real=0.02 secs] 
2016-09-15T12:19:54.318-0400: 21.335: [Full GC (Ergonomics) [PSYoungGen: 67597K->0K(175104K)] [ParOldGen: 483756K->57555K(524288K)] 551353K->57555K(699392K), [Metaspace: 43837K->43837K(1087488K)], 0.0551453 secs] [Times: user=0.40 sys=0.01, real=0.05 secs] 
2016-09-15T12:19:54.479-0400: 21.496: [GC (GCLocker Initiated GC) [PSYoungGen: 88064K->86274K(175104K)] 145667K->192477K(699392K), 0.0100891 secs] [Times: user=0.15 sys=0.01, real=0.01 secs] 
2016-09-15T12:19:54.607-0400: 21.624: [GC (GCLocker Initiated GC) [PSYoungGen: 174338K->85758K(175104K)] 286658K->241667K(699392K), 0.0095334 secs] [Times: user=0.15 sys=0.00, real=0.02 secs] 
2016-09-15T12:19:54.739-0400: 21.756: [GC (GCLocker Initiated GC) [PSYoungGen: 173822K->55743K(175104K)] 336077K->272980K(699392K), 0.0100855 secs] [Times: user=0.16 sys=0.00, real=0.01 secs] 
2016-09-15T12:19:54.884-0400: 21.901: [GC (GCLocker Initiated GC) [PSYoungGen: 143807K->73704K(175104K)] 361405K->309827K(699392K), 0.0097043 secs] [Times: user=0.16 sys=0.00, real=0.01 secs] 
2016-09-15T12:19:55.024-0400: 22.042: [GC (GCLocker Initiated GC) [PSYoungGen: 161768K->73608K(175104K)] 404243K->316374K(699392K), 0.0081168 secs] [Times: user=0.12 sys=0.01, real=0.01 secs] 
2016-09-15T12:19:55.136-0400: 22.153: [GC (GCLocker Initiated GC) [PSYoungGen: 161672K->85954K(175104K)] 404502K->347309K(699392K), 0.0111457 secs] [Times: user=0.13 sys=0.00, real=0.00 secs] 
2016-09-15T12:19:55.265-0400: 22.282: [GC (GCLocker Initiated GC) [PSYoungGen: 174018K->86182K(175104K)] 435739K->414896K(699392K), 0.0137746 secs] [Times: user=0.21 sys=0.00, real=0.02 secs] 
2016-09-15T12:19:55.426-0400: 22.443: [GC (GCLocker Initiated GC) [PSYoungGen: 174246K->73476K(175104K)] 503237K->421155K(699392K), 0.0098587 secs] [Times: user=0.15 sys=0.00, real=0.02 secs] 
2016-09-15T12:19:55.553-0400: 22.570: [GC (GCLocker Initiated GC) [PSYoungGen: 161540K->73672K(175104K)] 509412K->439912K(699392K), 0.0096045 secs] [Times: user=0.14 sys=0.00, real=0.01 secs] 
2016-09-15T12:19:55.691-0400: 22.708: [GC (GCLocker Initiated GC) [PSYoungGen: 161736K->74327K(175104K)] 528315K->477508K(699392K), 0.0106614 secs] [Times: user=0.15 sys=0.00, real=0.01 secs] 
2016-09-15T12:19:55.808-0400: 22.825: [GC (GCLocker Initiated GC) [PSYoungGen: 162391K->85986K(175104K)] 565838K->495806K(699392K), 0.0090927 secs] [Times: user=0.13 sys=0.00, real=0.01 secs] 
2016-09-15T12:19:55.940-0400: 22.957: [GC (GCLocker Initiated GC) [PSYoungGen: 174050K->55287K(175104K)] 584164K->483729K(699392K), 0.0114921 secs] [Times: user=0.08 sys=0.00, real=0.01 secs] 
2016-09-15T12:19:56.074-0400: 23.091: [GC (GCLocker Initiated GC) [PSYoungGen: 143351K->85854K(175104K)] 572039K->557203K(699392K), 0.0108147 secs] [Times: user=0.15 sys=0.01, real=0.01 secs] 
2016-09-15T12:19:56.085-0400: 23.102: [Full GC (Ergonomics) [PSYoungGen: 85854K->0K(175104K)] [ParOldGen: 471349K->57876K(524288K)] 557203K->57876K(699392K), [Metaspace: 43897K->43897K(1087488K)], 0.0464013 secs] [Times: user=0.41 sys=0.00, real=0.05 secs] 
2016-09-15T12:19:56.260-0400: 23.278: [GC (GCLocker Initiated GC) [PSYoungGen: 88064K->74192K(175104K)] 152208K->138336K(699392K), 0.0096164 secs] [Times: user=0.12 sys=0.00, real=0.01 secs] 
2016-09-15T12:19:56.400-0400: 23.418: [GC (GCLocker Initiated GC) [PSYoungGen: 162256K->43069K(175104K)] 226431K->144405K(699392K), 0.0138239 secs] [Times: user=0.17 sys=0.00, real=0.01 secs] 
2016-09-15T12:19:56.514-0400: 23.531: [GC (GCLocker Initiated GC) [PSYoungGen: 131133K->85854K(175104K)] 232673K->230055K(699392K), 0.0115798 secs] [Times: user=0.17 sys=0.00, real=0.01 secs] 
2016-09-15T12:19:56.648-0400: 23.665: [GC (GCLocker Initiated GC) [PSYoungGen: 173918K->80075K(175104K)] 324459K->285427K(699392K), 0.0104644 secs] [Times: user=0.15 sys=0.00, real=0.01 secs] 
2016-09-15T12:19:56.781-0400: 23.799: [GC (GCLocker Initiated GC) [PSYoungGen: 168139K->73836K(175104K)] 373774K->304095K(699392K), 0.0096955 secs] [Times: user=0.13 sys=0.01, real=0.01 secs] 
2016-09-15T12:19:56.893-0400: 23.910: [GC (GCLocker Initiated GC) [PSYoungGen: 161900K->55415K(175104K)] 404417K->316433K(699392K), 0.0127888 secs] [Times: user=0.18 sys=0.00, real=0.01 secs] 
2016-09-15T12:19:57.028-0400: 24.045: [GC (GCLocker Initiated GC) [PSYoungGen: 143479K->80239K(175104K)] 404634K->341537K(699392K), 0.0127879 secs] [Times: user=0.15 sys=0.00, real=0.01 secs] 
2016-09-15T12:19:57.193-0400: 24.210: [GC (Allocation Failure) [PSYoungGen: 168303K->55155K(175104K)] 429788K->335328K(699392K), 0.0100108 secs] [Times: user=0.11 sys=0.00, real=0.01 secs] 
2016-09-15T12:19:57.328-0400: 24.345: [GC (GCLocker Initiated GC) [PSYoungGen: 142590K->55187K(175104K)] 428839K->341539K(699392K), 0.0176694 secs] [Times: user=0.22 sys=0.00, real=0.02 secs] 
2016-09-15T12:19:57.473-0400: 24.490: [GC (Allocation Failure) [PSYoungGen: 143251K->85954K(175104K)] 435871K->384752K(699392K), 0.0124460 secs] [Times: user=0.16 sys=0.00, real=0.01 secs] 
2016-09-15T12:19:57.598-0400: 24.615: [GC (GCLocker Initiated GC) [PSYoungGen: 172275K->55419K(175104K)] 477149K->397066K(699392K), 0.0121948 secs] [Times: user=0.15 sys=0.00, real=0.01 secs] 
2016-09-15T12:19:57.705-0400: 24.722: [GC (GCLocker Initiated GC) [PSYoungGen: 143483K->55351K(175104K)] 491459K->421860K(699392K), 0.0082176 secs] [Times: user=0.13 sys=0.00, real=0.01 secs] 
2016-09-15T12:19:57.828-0400: 24.845: [GC (GCLocker Initiated GC) [PSYoungGen: 143415K->86182K(175104K)] 510055K->477242K(699392K), 0.0101228 secs] [Times: user=0.15 sys=0.00, real=0.01 secs] 
2016-09-15T12:19:57.989-0400: 25.006: [GC (GCLocker Initiated GC) [PSYoungGen: 174246K->55219K(175104K)] 565307K->483078K(699392K), 0.0089952 secs] [Times: user=0.11 sys=0.00, real=0.01 secs] 
2016-09-15T12:19:58.094-0400: 25.111: [GC (GCLocker Initiated GC) [PSYoungGen: 143283K->85626K(175104K)] 571190K->550142K(699392K), 0.0117303 secs] [Times: user=0.14 sys=0.00, real=0.01 secs] 
2016-09-15T12:19:58.106-0400: 25.123: [Full GC (Ergonomics) [PSYoungGen: 85626K->0K(175104K)] [ParOldGen: 464516K->51774K(524288K)] 550142K->51774K(699392K), [Metaspace: 43905K->43905K(1087488K)], 0.0520500 secs] [Times: user=0.37 sys=0.01, real=0.06 secs] 
2016-09-15T12:19:58.270-0400: 25.287: [GC (GCLocker Initiated GC) [PSYoungGen: 88064K->86434K(175104K)] 140199K->138569K(699392K), 0.0106283 secs] [Times: user=0.13 sys=0.00, real=0.01 secs] 
2016-09-15T12:19:58.408-0400: 25.425: [GC (GCLocker Initiated GC) [PSYoungGen: 174498K->85594K(175104K)] 226715K->181475K(699392K), 0.0095959 secs] [Times: user=0.16 sys=0.00, real=0.02 secs] 
2016-09-15T12:19:58.513-0400: 25.530: [GC (GCLocker Initiated GC) [PSYoungGen: 173658K->86182K(175104K)] 269687K->230939K(699392K), 0.0108956 secs] [Times: user=0.17 sys=0.00, real=0.01 secs] 
2016-09-15T12:19:58.680-0400: 25.697: [GC (Allocation Failure) [PSYoungGen: 174246K->55059K(175104K)] 325276K->242971K(699392K), 0.0154196 secs] [Times: user=0.15 sys=0.00, real=0.01 secs] 
2016-09-15T12:19:58.815-0400: 25.832: [GC (GCLocker Initiated GC) [PSYoungGen: 143123K->85986K(175104K)] 331035K->316559K(699392K), 0.0097389 secs] [Times: user=0.14 sys=0.01, real=0.01 secs] 
2016-09-15T12:19:58.954-0400: 25.971: [GC (GCLocker Initiated GC) [PSYoungGen: 174050K->55383K(175104K)] 404739K->322821K(699392K), 0.0079681 secs] [Times: user=0.12 sys=0.00, real=0.01 secs] 
2016-09-15T12:19:59.088-0400: 26.105: [GC (GCLocker Initiated GC) [PSYoungGen: 143447K->37681K(175104K)] 429454K->360439K(699392K), 0.0073039 secs] [Times: user=0.11 sys=0.00, real=0.00 secs] 
2016-09-15T12:19:59.244-0400: 26.261: [GC (GCLocker Initiated GC) [PSYoungGen: 125745K->55483K(175104K)] 454776K->384977K(699392K), 0.0063257 secs] [Times: user=0.09 sys=0.00, real=0.01 secs] 
2016-09-15T12:19:59.377-0400: 26.394: [GC (GCLocker Initiated GC) [PSYoungGen: 143547K->55287K(175104K)] 473334K->385538K(699392K), 0.0056376 secs] [Times: user=0.08 sys=0.00, real=0.00 secs] 
2016-09-15T12:19:59.491-0400: 26.508: [GC (GCLocker Initiated GC) [PSYoungGen: 143351K->73640K(175104K)] 479987K->428817K(699392K), 0.0079999 secs] [Times: user=0.12 sys=0.00, real=0.01 secs] 
2016-09-15T12:19:59.648-0400: 26.665: [GC (GCLocker Initiated GC) [PSYoungGen: 161704K->85922K(175104K)] 529107K->471685K(699392K), 0.0089022 secs] [Times: user=0.12 sys=0.01, real=0.01 secs] 
2016-09-15T12:19:59.751-0400: 26.768: [GC (GCLocker Initiated GC) [PSYoungGen: 173986K->85790K(175104K)] 559869K->508454K(699392K), 0.0089729 secs] [Times: user=0.13 sys=0.00, real=0.01 secs] 
2016-09-15T12:19:59.886-0400: 26.903: [GC (GCLocker Initiated GC) [PSYoungGen: 173854K->67565K(175104K)] 596537K->551290K(699392K), 0.0110572 secs] [Times: user=0.17 sys=0.00, real=0.02 secs] 
2016-09-15T12:19:59.898-0400: 26.915: [Full GC (Ergonomics) [PSYoungGen: 67565K->0K(175104K)] [ParOldGen: 483725K->39942K(524288K)] 551290K->39942K(699392K), [Metaspace: 43905K->43905K(1087488K)], 0.0508944 secs] [Times: user=0.35 sys=0.01, real=0.05 secs] 
2016-09-15T12:20:07.941-0400: 34.958: [GC (GCLocker Initiated GC) [PSYoungGen: 88064K->86046K(175104K)] 128161K->150444K(699392K), 0.0094841 secs] [Times: user=0.12 sys=0.00, real=0.01 secs] 
2016-09-15T12:20:08.059-0400: 35.076: [GC (GCLocker Initiated GC) [PSYoungGen: 174110K->86182K(175104K)] 244770K->175662K(699392K), 0.0121854 secs] [Times: user=0.17 sys=0.00, real=0.01 secs] 
2016-09-15T12:20:08.181-0400: 35.198: [GC (Allocation Failure) [PSYoungGen: 174246K->73544K(175104K)] 263813K->242402K(699392K), 0.0139874 secs] [Times: user=0.17 sys=0.00, real=0.01 secs] 
2016-09-15T12:20:08.281-0400: 35.298: [GC (GCLocker Initiated GC) [PSYoungGen: 161608K->79715K(175104K)] 330471K->315679K(699392K), 0.0180609 secs] [Times: user=0.18 sys=0.00, real=0.02 secs] 
2016-09-15T12:20:08.413-0400: 35.430: [GC (Allocation Failure) [PSYoungGen: 167779K->73640K(175104K)] 416142K->376977K(699392K), 0.0117631 secs] [Times: user=0.15 sys=0.00, real=0.01 secs] 
2016-09-15T12:20:08.523-0400: 35.541: [GC (GCLocker Initiated GC) [PSYoungGen: 161704K->85790K(175104K)] 465047K->450207K(699392K), 0.0110972 secs] [Times: user=0.15 sys=0.00, real=0.01 secs] 
2016-09-15T12:20:08.643-0400: 35.660: [GC (GCLocker Initiated GC) [PSYoungGen: 173854K->86086K(175104K)] 544421K->499462K(699392K), 0.0104238 secs] [Times: user=0.14 sys=0.00, real=0.01 secs] 
2016-09-15T12:20:08.766-0400: 35.783: [GC (GCLocker Initiated GC) [PSYoungGen: 174150K->85790K(175104K)] 587568K->596887K(699392K), 0.0145672 secs] [Times: user=0.24 sys=0.00, real=0.02 secs] 
2016-09-15T12:20:08.781-0400: 35.798: [Full GC (Ergonomics) [PSYoungGen: 85790K->0K(175104K)] [ParOldGen: 511097K->46104K(524288K)] 596887K->46104K(699392K), [Metaspace: 43922K->43922K(1087488K)], 0.0511945 secs] [Times: user=0.34 sys=0.02, real=0.05 secs] 
2016-09-15T12:20:08.954-0400: 35.971: [GC (Allocation Failure) [PSYoungGen: 88064K->86078K(175104K)] 140296K->180835K(699392K), 0.0106384 secs] [Times: user=0.17 sys=0.01, real=0.01 secs] 
2016-09-15T12:20:09.076-0400: 36.093: [GC (GCLocker Initiated GC) [PSYoungGen: 174142K->79779K(175104K)] 268900K->248009K(699392K), 0.0225582 secs] [Times: user=0.29 sys=0.01, real=0.02 secs] 
2016-09-15T12:20:09.203-0400: 36.220: [GC (GCLocker Initiated GC) [PSYoungGen: 167843K->73612K(175104K)] 342240K->290818K(699392K), 0.0473673 secs] [Times: user=0.56 sys=0.01, real=0.05 secs] 
2016-09-15T12:20:09.375-0400: 36.393: [GC (GCLocker Initiated GC) [PSYoungGen: 161676K->55287K(175104K)] 385048K->370216K(699392K), 0.0200502 secs] [Times: user=0.23 sys=0.01, real=0.03 secs] 
2016-09-15T12:20:09.502-0400: 36.519: [GC (GCLocker Initiated GC) [PSYoungGen: 143351K->55351K(175104K)] 458898K->431924K(699392K), 0.0177379 secs] [Times: user=0.21 sys=0.01, real=0.02 secs] 
2016-09-15T12:20:09.628-0400: 36.645: [GC (GCLocker Initiated GC) [PSYoungGen: 143415K->85598K(175104K)] 526133K->535408K(699392K), 0.0389562 secs] [Times: user=0.47 sys=0.00, real=0.03 secs] 
2016-09-15T12:20:09.667-0400: 36.684: [Full GC (Ergonomics) [PSYoungGen: 85598K->0K(175104K)] [ParOldGen: 449810K->51942K(524288K)] 535408K->51942K(699392K), [Metaspace: 43928K->43928K(1087488K)], 0.0471535 secs] [Times: user=0.39 sys=0.00, real=0.05 secs] 
2016-09-15T12:20:09.830-0400: 36.847: [GC (GCLocker Initiated GC) [PSYoungGen: 88064K->86014K(175104K)] 140171K->174572K(699392K), 0.0129320 secs] [Times: user=0.17 sys=0.00, real=0.01 secs] 
2016-09-15T12:20:09.951-0400: 36.968: [GC (GCLocker Initiated GC) [PSYoungGen: 174078K->86018K(175104K)] 274900K->229937K(699392K), 0.0111262 secs] [Times: user=0.15 sys=0.00, real=0.01 secs] 
2016-09-15T12:20:10.099-0400: 37.116: [GC (Allocation Failure) [PSYoungGen: 174082K->73444K(175104K)] 324095K->284710K(699392K), 0.0124009 secs] [Times: user=0.16 sys=0.00, real=0.01 secs] 
2016-09-15T12:20:10.233-0400: 37.250: [GC (GCLocker Initiated GC) [PSYoungGen: 157774K->67729K(175104K)] 375116K->358114K(699392K), 0.0114653 secs] [Times: user=0.16 sys=0.00, real=0.01 secs] 
2016-09-15T12:20:10.369-0400: 37.386: [GC (GCLocker Initiated GC) [PSYoungGen: 155793K->61522K(175104K)] 464518K->425205K(699392K), 0.0117299 secs] [Times: user=0.13 sys=0.01, real=0.01 secs] 
2016-09-15T12:20:10.478-0400: 37.495: [GC (GCLocker Initiated GC) [PSYoungGen: 149586K->67597K(175104K)] 513591K->504646K(699392K), 0.0132296 secs] [Times: user=0.18 sys=0.00, real=0.01 secs] 
2016-09-15T12:20:10.491-0400: 37.508: [Full GC (Ergonomics) [PSYoungGen: 67597K->0K(175104K)] [ParOldGen: 437049K->52112K(524288K)] 504646K->52112K(699392K), [Metaspace: 43946K->43946K(1087488K)], 0.0545710 secs] [Times: user=0.36 sys=0.02, real=0.05 secs] 
2016-09-15T12:20:10.664-0400: 37.681: [GC (GCLocker Initiated GC) [PSYoungGen: 88064K->86498K(175104K)] 140531K->151115K(699392K), 0.0097153 secs] [Times: user=0.12 sys=0.00, real=0.01 secs] 
2016-09-15T12:20:10.799-0400: 37.816: [GC (Allocation Failure) [PSYoungGen: 174562K->79683K(175104K)] 239300K->212213K(699392K), 0.0111147 secs] [Times: user=0.14 sys=0.00, real=0.01 secs] 
2016-09-15T12:20:10.931-0400: 37.948: [GC (Allocation Failure) [PSYoungGen: 166323K->55547K(175104K)] 298853K->285437K(699392K), 0.0109452 secs] [Times: user=0.17 sys=0.00, real=0.01 secs] 
2016-09-15T12:20:11.027-0400: 38.044: [GC (GCLocker Initiated GC) [PSYoungGen: 143611K->85626K(175104K)] 373507K->370520K(699392K), 0.0102352 secs] [Times: user=0.16 sys=0.00, real=0.02 secs] 
2016-09-15T12:20:11.146-0400: 38.163: [GC (GCLocker Initiated GC) [PSYoungGen: 173690K->86118K(175104K)] 458607K->450170K(699392K), 0.0125599 secs] [Times: user=0.18 sys=0.01, real=0.02 secs] 
2016-09-15T12:20:11.279-0400: 38.296: [GC (GCLocker Initiated GC) [PSYoungGen: 174182K->85822K(175104K)] 556775K->529792K(699392K), 0.0149311 secs] [Times: user=0.21 sys=0.01, real=0.01 secs] 
2016-09-15T12:20:11.294-0400: 38.311: [Full GC (Ergonomics) [PSYoungGen: 85822K->0K(175104K)] [ParOldGen: 443970K->52291K(524288K)] 529792K->52291K(699392K), [Metaspace: 43977K->43977K(1087488K)], 0.0439304 secs] [Times: user=0.31 sys=0.00, real=0.05 secs] 
2016-09-15T12:20:11.453-0400: 38.471: [GC (GCLocker Initiated GC) [PSYoungGen: 88064K->86086K(175104K)] 146757K->150854K(699392K), 0.0078031 secs] [Times: user=0.11 sys=0.00, real=0.01 secs] 
2016-09-15T12:20:11.570-0400: 38.587: [GC (GCLocker Initiated GC) [PSYoungGen: 174150K->85758K(175104K)] 245041K->236079K(699392K), 0.0179872 secs] [Times: user=0.26 sys=0.01, real=0.02 secs] 
2016-09-15T12:20:11.696-0400: 38.713: [GC (GCLocker Initiated GC) [PSYoungGen: 173822K->73640K(175104K)] 330389K->272875K(699392K), 0.0087280 secs] [Times: user=0.15 sys=0.00, real=0.00 secs] 
2016-09-15T12:20:11.812-0400: 38.829: [GC (GCLocker Initiated GC) [PSYoungGen: 161704K->67629K(175104K)] 360942K->321858K(699392K), 0.0147481 secs] [Times: user=0.21 sys=0.00, real=0.01 secs] 
2016-09-15T12:20:11.926-0400: 38.944: [GC (GCLocker Initiated GC) [PSYoungGen: 155693K->85790K(175104K)] 410036K->407266K(699392K), 0.0102896 secs] [Times: user=0.18 sys=0.00, real=0.02 secs] 
2016-09-15T12:20:12.060-0400: 39.078: [GC (GCLocker Initiated GC) [PSYoungGen: 173854K->85626K(175104K)] 495473K->468326K(699392K), 0.0147029 secs] [Times: user=0.21 sys=0.00, real=0.01 secs] 
2016-09-15T12:20:12.175-0400: 39.192: [GC (GCLocker Initiated GC) [PSYoungGen: 173690K->61490K(175104K)] 562629K->511323K(699392K), 0.0132523 secs] [Times: user=0.19 sys=0.00, real=0.02 secs] 
2016-09-15T12:20:12.188-0400: 39.206: [Full GC (Ergonomics) [PSYoungGen: 61490K->0K(175104K)] [ParOldGen: 449833K->52342K(524288K)] 511323K->52342K(699392K), [Metaspace: 44026K->44026K(1087488K)], 0.0409088 secs] [Times: user=0.30 sys=0.01, real=0.04 secs] 
2016-09-15T12:20:12.350-0400: 39.367: [GC (GCLocker Initiated GC) [PSYoungGen: 88064K->86406K(175104K)] 146628K->163196K(699392K), 0.0095379 secs] [Times: user=0.15 sys=0.00, real=0.01 secs] 
2016-09-15T12:20:12.457-0400: 39.474: [GC (GCLocker Initiated GC) [PSYoungGen: 174470K->79647K(175104K)] 251313K->230446K(699392K), 0.0117016 secs] [Times: user=0.19 sys=0.00, real=0.01 secs] 
2016-09-15T12:20:12.570-0400: 39.588: [GC (GCLocker Initiated GC) [PSYoungGen: 167711K->86118K(175104K)] 324610K->316069K(699392K), 0.0137642 secs] [Times: user=0.22 sys=0.00, real=0.01 secs] 
2016-09-15T12:20:12.672-0400: 39.689: [GC (GCLocker Initiated GC) [PSYoungGen: 174182K->86050K(175104K)] 404180K->401586K(699392K), 0.0115036 secs] [Times: user=0.19 sys=0.01, real=0.01 secs] 
2016-09-15T12:20:12.789-0400: 39.806: [GC (GCLocker Initiated GC) [PSYoungGen: 174114K->85886K(175104K)] 489899K->523479K(699392K), 0.0135465 secs] [Times: user=0.21 sys=0.00, real=0.01 secs] 
2016-09-15T12:20:12.803-0400: 39.820: [Full GC (Ergonomics) [PSYoungGen: 85886K->0K(175104K)] [ParOldGen: 437593K->52348K(524288K)] 523479K->52348K(699392K), [Metaspace: 44029K->44029K(1087488K)], 0.0517560 secs] [Times: user=0.36 sys=0.02, real=0.05 secs] 
2016-09-15T12:20:12.959-0400: 39.976: [GC (GCLocker Initiated GC) [PSYoungGen: 88064K->86242K(175104K)] 140448K->169001K(699392K), 0.0093622 secs] [Times: user=0.14 sys=0.00, real=0.01 secs] 
2016-09-15T12:20:13.081-0400: 40.098: [GC (GCLocker Initiated GC) [PSYoungGen: 174306K->85854K(175104K)] 257135K->236096K(699392K), 0.0238208 secs] [Times: user=0.36 sys=0.00, real=0.02 secs] 
2016-09-15T12:20:13.235-0400: 40.252: [GC (Allocation Failure) [PSYoungGen: 173918K->86314K(175104K)] 324381K->291759K(699392K), 0.0102314 secs] [Times: user=0.16 sys=0.00, real=0.01 secs] 
2016-09-15T12:20:13.343-0400: 40.360: [GC (GCLocker Initiated GC) [PSYoungGen: 174378K->86150K(175104K)] 379829K->358718K(699392K), 0.0110621 secs] [Times: user=0.17 sys=0.00, real=0.01 secs] 
2016-09-15T12:20:13.474-0400: 40.491: [GC (GCLocker Initiated GC) [PSYoungGen: 174214K->86182K(175104K)] 459147K->413784K(699392K), 0.0096752 secs] [Times: user=0.14 sys=0.00, real=0.01 secs] 
2016-09-15T12:20:13.586-0400: 40.603: [GC (GCLocker Initiated GC) [PSYoungGen: 174246K->67369K(175104K)] 508070K->456168K(699392K), 0.0123636 secs] [Times: user=0.14 sys=0.01, real=0.02 secs] 
2016-09-15T12:20:13.683-0400: 40.701: [GC (GCLocker Initiated GC) [PSYoungGen: 155431K->85986K(175104K)] 544585K->517777K(699392K), 0.0102616 secs] [Times: user=0.11 sys=0.00, real=0.01 secs] 
2016-09-15T12:20:13.694-0400: 40.711: [Full GC (Ergonomics) [PSYoungGen: 85986K->0K(175104K)] [ParOldGen: 431791K->58459K(524288K)] 517777K->58459K(699392K), [Metaspace: 44035K->44035K(1087488K)], 0.0553996 secs] [Times: user=0.46 sys=0.01, real=0.06 secs] 
2016-09-15T12:20:13.866-0400: 40.883: [GC (GCLocker Initiated GC) [PSYoungGen: 88064K->86242K(175104K)] 152695K->169099K(699392K), 0.0096292 secs] [Times: user=0.15 sys=0.00, real=0.02 secs] 
2016-09-15T12:20:13.994-0400: 41.011: [GC (GCLocker Initiated GC) [PSYoungGen: 174305K->85822K(175104K)] 257529K->248772K(699392K), 0.0108773 secs] [Times: user=0.17 sys=0.00, real=0.01 secs] 
2016-09-15T12:20:14.110-0400: 41.127: [GC (GCLocker Initiated GC) [PSYoungGen: 173886K->85986K(175104K)] 337006K->297998K(699392K), 0.0100309 secs] [Times: user=0.13 sys=0.00, real=0.01 secs] 
2016-09-15T12:20:14.241-0400: 41.258: [GC (GCLocker Initiated GC) [PSYoungGen: 174050K->85790K(175104K)] 386215K->377238K(699392K), 0.0126685 secs] [Times: user=0.18 sys=0.00, real=0.01 secs] 
2016-09-15T12:20:14.383-0400: 41.400: [GC (GCLocker Initiated GC) [PSYoungGen: 173854K->49504K(175104K)] 477616K->426302K(699392K), 0.0097165 secs] [Times: user=0.14 sys=0.02, real=0.01 secs] 
2016-09-15T12:20:14.492-0400: 41.509: [GC (GCLocker Initiated GC) [PSYoungGen: 137568K->73540K(175104K)] 520601K->505496K(699392K), 0.0101653 secs] [Times: user=0.15 sys=0.00, real=0.01 secs] 
2016-09-15T12:20:14.502-0400: 41.519: [Full GC (Ergonomics) [PSYoungGen: 73540K->0K(175104K)] [ParOldGen: 431956K->57582K(524288K)] 505496K->57582K(699392K), [Metaspace: 44100K->44100K(1087488K)], 0.0421529 secs] [Times: user=0.32 sys=0.00, real=0.04 secs] 
2016-09-15T12:20:14.653-0400: 41.670: [GC (GCLocker Initiated GC) [PSYoungGen: 88064K->86890K(175104K)] 145996K->169130K(699392K), 0.0081416 secs] [Times: user=0.11 sys=0.00, real=0.01 secs] 
2016-09-15T12:20:14.766-0400: 41.784: [GC (GCLocker Initiated GC) [PSYoungGen: 174954K->79815K(175104K)] 263339K->224007K(699392K), 0.0111004 secs] [Times: user=0.16 sys=0.00, real=0.02 secs] 
2016-09-15T12:20:14.876-0400: 41.894: [GC (GCLocker Initiated GC) [PSYoungGen: 167879K->85822K(175104K)] 318193K->284896K(699392K), 0.0090868 secs] [Times: user=0.13 sys=0.01, real=0.00 secs] 
2016-09-15T12:20:14.987-0400: 42.004: [GC (GCLocker Initiated GC) [PSYoungGen: 173886K->67565K(175104K)] 373002K->339897K(699392K), 0.0123690 secs] [Times: user=0.14 sys=0.01, real=0.02 secs] 
2016-09-15T12:20:15.107-0400: 42.124: [GC (Allocation Failure) [PSYoungGen: 155629K->73672K(175104K)] 434369K->443868K(699392K), 0.0124598 secs] [Times: user=0.20 sys=0.00, real=0.02 secs] 
2016-09-15T12:20:15.231-0400: 42.249: [GC (GCLocker Initiated GC) [PSYoungGen: 161736K->79715K(175104K)] 538008K->492761K(699392K), 0.0189611 secs] [Times: user=0.24 sys=0.01, real=0.02 secs] 
2016-09-15T12:20:15.362-0400: 42.379: [GC (GCLocker Initiated GC) [PSYoungGen: 167779K->85886K(175104K)] 581164K->560336K(699392K), 0.0144895 secs] [Times: user=0.17 sys=0.00, real=0.02 secs] 
2016-09-15T12:20:15.376-0400: 42.393: [Full GC (Ergonomics) [PSYoungGen: 85886K->0K(175104K)] [ParOldGen: 474450K->57887K(524288K)] 560336K->57887K(699392K), [Metaspace: 44109K->44109K(1087488K)], 0.0450445 secs] [Times: user=0.28 sys=0.00, real=0.04 secs] 
2016-09-15T12:20:15.528-0400: 42.546: [GC (Allocation Failure) [PSYoungGen: 88064K->86210K(175104K)] 152068K->156289K(699392K), 0.0108988 secs] [Times: user=0.12 sys=0.00, real=0.01 secs] 
2016-09-15T12:20:15.639-0400: 42.656: [GC (GCLocker Initiated GC) [PSYoungGen: 170542K->55123K(175104K)] 246696K->174474K(699392K), 0.0128385 secs] [Times: user=0.10 sys=0.00, real=0.01 secs] 
2016-09-15T12:20:15.755-0400: 42.772: [GC (GCLocker Initiated GC) [PSYoungGen: 143187K->85954K(175104K)] 262703K->242040K(699392K), 0.0092500 secs] [Times: user=0.11 sys=0.00, real=0.01 secs] 
2016-09-15T12:20:15.879-0400: 42.896: [GC (GCLocker Initiated GC) [PSYoungGen: 174018K->67533K(175104K)] 336232K->278794K(699392K), 0.0126991 secs] [Times: user=0.11 sys=0.00, real=0.01 secs] 
2016-09-15T12:20:15.984-0400: 43.001: [GC (GCLocker Initiated GC) [PSYoungGen: 155597K->61330K(175104K)] 367512K->370565K(699392K), 0.0119282 secs] [Times: user=0.13 sys=0.00, real=0.02 secs] 
2016-09-15T12:20:16.099-0400: 43.117: [GC (GCLocker Initiated GC) [PSYoungGen: 149394K->85822K(175104K)] 458663K->462240K(699392K), 0.0107506 secs] [Times: user=0.17 sys=0.00, real=0.01 secs] 
2016-09-15T12:20:16.217-0400: 43.234: [GC (GCLocker Initiated GC) [PSYoungGen: 173886K->85790K(175104K)] 556521K->535566K(699392K), 0.0112370 secs] [Times: user=0.18 sys=0.00, real=0.01 secs] 
2016-09-15T12:20:16.229-0400: 43.246: [Full GC (Ergonomics) [PSYoungGen: 85790K->0K(175104K)] [ParOldGen: 449775K->45522K(524288K)] 535566K->45522K(699392K), [Metaspace: 44112K->44112K(1087488K)], 0.0397298 secs] [Times: user=0.32 sys=0.00, real=0.04 secs] 
2016-09-15T12:20:16.360-0400: 43.378: [GC (GCLocker Initiated GC) [PSYoungGen: 88064K->86306K(175104K)] 133667K->174434K(699392K), 0.0092965 secs] [Times: user=0.13 sys=0.00, real=0.01 secs] 
2016-09-15T12:20:16.499-0400: 43.516: [GC (GCLocker Initiated GC) [PSYoungGen: 174370K->85790K(175104K)] 262517K->241833K(699392K), 0.0108061 secs] [Times: user=0.17 sys=0.00, real=0.01 secs] 
2016-09-15T12:20:16.599-0400: 43.617: [GC (GCLocker Initiated GC) [PSYoungGen: 173854K->85822K(175104K)] 330147K->303181K(699392K), 0.0102439 secs] [Times: user=0.15 sys=0.00, real=0.01 secs] 
2016-09-15T12:20:16.706-0400: 43.723: [GC (GCLocker Initiated GC) [PSYoungGen: 173886K->85854K(175104K)] 397367K->388634K(699392K), 0.0127474 secs] [Times: user=0.18 sys=0.00, real=0.02 secs] 
2016-09-15T12:20:16.841-0400: 43.858: [GC (GCLocker Initiated GC) [PSYoungGen: 173918K->85790K(175104K)] 482898K->504444K(699392K), 0.0125477 secs] [Times: user=0.20 sys=0.00, real=0.01 secs] 
2016-09-15T12:20:16.854-0400: 43.871: [Full GC (Ergonomics) [PSYoungGen: 85790K->0K(175104K)] [ParOldGen: 418654K->45551K(524288K)] 504444K->45551K(699392K), [Metaspace: 44112K->44112K(1087488K)], 0.0428148 secs] [Times: user=0.35 sys=0.00, real=0.05 secs] 
2016-09-15T12:20:16.999-0400: 44.016: [GC (GCLocker Initiated GC) [PSYoungGen: 88064K->86242K(175104K)] 133640K->174343K(699392K), 0.0091106 secs] [Times: user=0.14 sys=0.00, real=0.01 secs] 
2016-09-15T12:20:17.111-0400: 44.128: [GC (GCLocker Initiated GC) [PSYoungGen: 174306K->86182K(175104K)] 262571K->235957K(699392K), 0.0095036 secs] [Times: user=0.14 sys=0.00, real=0.01 secs] 
2016-09-15T12:20:17.226-0400: 44.243: [GC (Allocation Failure) [PSYoungGen: 174246K->67793K(175104K)] 336426K->266738K(699392K), 0.0086435 secs] [Times: user=0.11 sys=0.00, real=0.01 secs] 
2016-09-15T12:20:17.347-0400: 44.364: [GC (GCLocker Initiated GC) [PSYoungGen: 155815K->61362K(175104K)] 360836K->309175K(699392K), 0.0150298 secs] [Times: user=0.18 sys=0.01, real=0.02 secs] 
2016-09-15T12:20:17.454-0400: 44.471: [GC (GCLocker Initiated GC) [PSYoungGen: 149426K->61458K(175104K)] 397555K->346329K(699392K), 0.0089411 secs] [Times: user=0.10 sys=0.01, real=0.01 secs] 
2016-09-15T12:20:17.552-0400: 44.569: [GC (GCLocker Initiated GC) [PSYoungGen: 149522K->85822K(175104K)] 435044K->438469K(699392K), 0.0114416 secs] [Times: user=0.17 sys=0.00, real=0.01 secs] 
2016-09-15T12:20:17.665-0400: 44.682: [GC (GCLocker Initiated GC) [PSYoungGen: 173886K->79651K(175104K)] 526648K->517762K(699392K), 0.0240501 secs] [Times: user=0.23 sys=0.00, real=0.03 secs] 
2016-09-15T12:20:17.689-0400: 44.706: [Full GC (Ergonomics) [PSYoungGen: 79651K->0K(175104K)] [ParOldGen: 438111K->51315K(524288K)] 517762K->51315K(699392K), [Metaspace: 44120K->44120K(1087488K)], 0.0726426 secs] [Times: user=0.70 sys=0.01, real=0.07 secs] 
2016-09-15T12:20:17.877-0400: 44.894: [GC (GCLocker Initiated GC) [PSYoungGen: 88064K->86046K(175104K)] 139589K->161871K(699392K), 0.0101287 secs] [Times: user=0.13 sys=0.01, real=0.00 secs] 
2016-09-15T12:20:17.977-0400: 44.995: [GC (Allocation Failure) [PSYoungGen: 174110K->86018K(175104K)] 256142K->241538K(699392K), 0.0112876 secs] [Times: user=0.15 sys=0.01, real=0.01 secs] 
2016-09-15T12:20:18.103-0400: 45.120: [GC (GCLocker Initiated GC) [PSYoungGen: 174082K->67597K(175104K)] 329608K->278121K(699392K), 0.0082022 secs] [Times: user=0.12 sys=0.00, real=0.01 secs] 
2016-09-15T12:20:18.213-0400: 45.230: [GC (GCLocker Initiated GC) [PSYoungGen: 155661K->85854K(175104K)] 372621K->363732K(699392K), 0.0107731 secs] [Times: user=0.17 sys=0.00, real=0.01 secs] 
2016-09-15T12:20:18.319-0400: 45.336: [GC (GCLocker Initiated GC) [PSYoungGen: 173918K->85854K(175104K)] 451838K->430914K(699392K), 0.0101649 secs] [Times: user=0.15 sys=0.00, real=0.01 secs] 
2016-09-15T12:20:18.452-0400: 45.469: [GC (Allocation Failure) [PSYoungGen: 173918K->85758K(175104K)] 525083K->497973K(699392K), 0.0110756 secs] [Times: user=0.16 sys=0.00, real=0.01 secs] 
2016-09-15T12:20:18.552-0400: 45.569: [GC (GCLocker Initiated GC) [PSYoungGen: 173822K->85854K(175104K)] 586043K->571299K(699392K), 0.0115383 secs] [Times: user=0.17 sys=0.00, real=0.01 secs] 
2016-09-15T12:20:18.564-0400: 45.581: [Full GC (Ergonomics) [PSYoungGen: 85854K->0K(175104K)] [ParOldGen: 485444K->51605K(524288K)] 571299K->51605K(699392K), [Metaspace: 44125K->44125K(1087488K)], 0.0452314 secs] [Times: user=0.33 sys=0.00, real=0.05 secs] 
2016-09-15T12:20:18.714-0400: 45.731: [GC (Allocation Failure) [PSYoungGen: 88064K->86530K(175104K)] 146100K->168866K(699392K), 0.0100050 secs] [Times: user=0.13 sys=0.00, real=0.01 secs] 
2016-09-15T12:20:18.724-0400: 45.741: [GC (GCLocker Initiated GC) [PSYoungGen: 86539K->64K(175104K)] 168876K->174587K(699392K), 0.0087914 secs] [Times: user=0.10 sys=0.00, real=0.01 secs] 
2016-09-15T12:20:18.849-0400: 45.866: [GC (GCLocker Initiated GC) [PSYoungGen: 86881K->86150K(175104K)] 267480K->291049K(699392K), 0.0088473 secs] [Times: user=0.11 sys=0.00, real=0.01 secs] 
2016-09-15T12:20:18.969-0400: 45.987: [GC (GCLocker Initiated GC) [PSYoungGen: 174214K->86018K(175104K)] 379361K->358478K(699392K), 0.0109451 secs] [Times: user=0.17 sys=0.00, real=0.01 secs] 
2016-09-15T12:20:19.099-0400: 46.117: [GC (GCLocker Initiated GC) [PSYoungGen: 174082K->79779K(175104K)] 458941K->431763K(699392K), 0.0114413 secs] [Times: user=0.16 sys=0.00, real=0.01 secs] 
2016-09-15T12:20:19.230-0400: 46.247: [GC (GCLocker Initiated GC) [PSYoungGen: 167843K->79683K(175104K)] 520036K->486718K(699392K), 0.0098495 secs] [Times: user=0.15 sys=0.00, real=0.01 secs] 
2016-09-15T12:20:19.355-0400: 46.372: [GC (GCLocker Initiated GC) [PSYoungGen: 167747K->85822K(175104K)] 575025K->572235K(699392K), 0.0128078 secs] [Times: user=0.20 sys=0.00, real=0.01 secs] 
2016-09-15T12:20:19.368-0400: 46.385: [Full GC (Ergonomics) [PSYoungGen: 85822K->0K(175104K)] [ParOldGen: 486413K->51359K(524288K)] 572235K->51359K(699392K), [Metaspace: 44131K->44131K(1087488K)], 0.0434554 secs] [Times: user=0.38 sys=0.00, real=0.04 secs] 
2016-09-15T12:20:19.529-0400: 46.546: [GC (GCLocker Initiated GC) [PSYoungGen: 88064K->85854K(175104K)] 139711K->161801K(699392K), 0.0083120 secs] [Times: user=0.13 sys=0.00, real=0.01 secs] 
2016-09-15T12:20:19.642-0400: 46.659: [GC (GCLocker Initiated GC) [PSYoungGen: 173918K->85790K(175104K)] 256829K->211534K(699392K), 0.0106792 secs] [Times: user=0.14 sys=0.00, real=0.01 secs] 
2016-09-15T12:20:19.755-0400: 46.772: [GC (GCLocker Initiated GC) [PSYoungGen: 173854K->85854K(175104K)] 299646K->315088K(699392K), 0.0134851 secs] [Times: user=0.22 sys=0.00, real=0.02 secs] 
2016-09-15T12:20:19.875-0400: 46.892: [GC (Allocation Failure) [PSYoungGen: 173918K->86346K(175104K)] 415444K->382699K(699392K), 0.0108711 secs] [Times: user=0.16 sys=0.01, real=0.01 secs] 
2016-09-15T12:20:19.963-0400: 46.980: [GC (GCLocker Initiated GC) [PSYoungGen: 174410K->73704K(175104K)] 470769K->461840K(699392K), 0.0114706 secs] [Times: user=0.12 sys=0.00, real=0.01 secs] 
2016-09-15T12:20:20.067-0400: 47.084: [GC (GCLocker Initiated GC) [PSYoungGen: 161768K->86378K(175104K)] 556217K->541900K(699392K), 0.0117880 secs] [Times: user=0.18 sys=0.00, real=0.02 secs] 
2016-09-15T12:20:20.079-0400: 47.096: [Full GC (Ergonomics) [PSYoungGen: 86378K->0K(175104K)] [ParOldGen: 455522K->52447K(524288K)] 541900K->52447K(699392K), [Metaspace: 44132K->44132K(1087488K)], 0.0496923 secs] [Times: user=0.39 sys=0.01, real=0.05 secs] 
2016-09-15T12:20:20.241-0400: 47.258: [GC (GCLocker Initiated GC) [PSYoungGen: 88064K->85854K(175104K)] 140698K->162788K(699392K), 0.0094104 secs] [Times: user=0.14 sys=0.00, real=0.01 secs] 
2016-09-15T12:20:20.353-0400: 47.370: [GC (GCLocker Initiated GC) [PSYoungGen: 173918K->61358K(175104K)] 257138K->217802K(699392K), 0.0102346 secs] [Times: user=0.13 sys=0.00, real=0.01 secs] 
2016-09-15T12:20:20.449-0400: 47.466: [GC (GCLocker Initiated GC) [PSYoungGen: 149422K->86182K(175104K)] 306239K->279600K(699392K), 0.0105015 secs] [Times: user=0.14 sys=0.01, real=0.01 secs] 
2016-09-15T12:20:20.563-0400: 47.580: [GC (GCLocker Initiated GC) [PSYoungGen: 174246K->85954K(175104K)] 373887K->353072K(699392K), 0.0121346 secs] [Times: user=0.18 sys=0.01, real=0.01 secs] 
2016-09-15T12:20:20.670-0400: 47.687: [GC (GCLocker Initiated GC) [PSYoungGen: 174018K->85790K(175104K)] 441374K->408145K(699392K), 0.0107414 secs] [Times: user=0.17 sys=0.00, real=0.01 secs] 
2016-09-15T12:20:20.794-0400: 47.811: [GC (GCLocker Initiated GC) [PSYoungGen: 173854K->73672K(175104K)] 503036K->463772K(699392K), 0.0104907 secs] [Times: user=0.16 sys=0.00, real=0.01 secs] 
2016-09-15T12:20:20.925-0400: 47.942: [GC (GCLocker Initiated GC) [PSYoungGen: 161736K->74000K(175104K)] 570248K->537518K(699392K), 0.0089284 secs] [Times: user=0.13 sys=0.00, real=0.01 secs] 
2016-09-15T12:20:20.934-0400: 47.951: [Full GC (Ergonomics) [PSYoungGen: 74000K->0K(175104K)] [ParOldGen: 463518K->51384K(524288K)] 537518K->51384K(699392K), [Metaspace: 44136K->44136K(1087488K)], 0.0468307 secs] [Times: user=0.37 sys=0.00, real=0.05 secs] 
2016-09-15T12:20:21.100-0400: 48.118: [GC (GCLocker Initiated GC) [PSYoungGen: 88064K->85954K(175104K)] 139798K->143763K(699392K), 0.0079935 secs] [Times: user=0.11 sys=0.01, real=0.01 secs] 
2016-09-15T12:20:21.195-0400: 48.212: [GC (GCLocker Initiated GC) [PSYoungGen: 174018K->85854K(175104K)] 231886K->229104K(699392K), 0.0159346 secs] [Times: user=0.22 sys=0.00, real=0.02 secs] 
2016-09-15T12:20:21.321-0400: 48.338: [GC (Allocation Failure) [PSYoungGen: 173918K->67601K(175104K)] 323436K->265986K(699392K), 0.0108963 secs] [Times: user=0.12 sys=0.00, real=0.01 secs] 
2016-09-15T12:20:21.444-0400: 48.461: [GC (GCLocker Initiated GC) [PSYoungGen: 152490K->42845K(175104K)] 356951K->290246K(699392K), 0.0140436 secs] [Times: user=0.10 sys=0.00, real=0.02 secs] 
2016-09-15T12:20:21.557-0400: 48.574: [GC (GCLocker Initiated GC) [PSYoungGen: 130909K->85626K(175104K)] 378464K->375841K(699392K), 0.0228012 secs] [Times: user=0.28 sys=0.00, real=0.02 secs] 
2016-09-15T12:20:21.681-0400: 48.698: [GC (GCLocker Initiated GC) [PSYoungGen: 173690K->79879K(175104K)] 470207K->455523K(699392K), 0.0116151 secs] [Times: user=0.17 sys=0.01, real=0.01 secs] 
2016-09-15T12:20:21.787-0400: 48.804: [GC (GCLocker Initiated GC) [PSYoungGen: 167943K->85954K(175104K)] 550007K->541233K(699392K), 0.0117194 secs] [Times: user=0.14 sys=0.00, real=0.02 secs] 
2016-09-15T12:20:21.799-0400: 48.816: [Full GC (Ergonomics) [PSYoungGen: 85954K->0K(175104K)] [ParOldGen: 455279K->51942K(524288K)] 541233K->51942K(699392K), [Metaspace: 44141K->44141K(1087488K)], 0.0440933 secs] [Times: user=0.31 sys=0.01, real=0.04 secs] 
2016-09-15T12:20:21.967-0400: 48.984: [GC (GCLocker Initiated GC) [PSYoungGen: 88064K->85790K(175104K)] 146392K->168418K(699392K), 0.0098076 secs] [Times: user=0.11 sys=0.01, real=0.02 secs] 
2016-09-15T12:20:22.080-0400: 49.097: [GC (GCLocker Initiated GC) [PSYoungGen: 173854K->85954K(175104K)] 256803K->193487K(699392K), 0.0102351 secs] [Times: user=0.13 sys=0.00, real=0.01 secs] 
2016-09-15T12:20:22.198-0400: 49.215: [GC (GCLocker Initiated GC) [PSYoungGen: 174018K->67925K(175104K)] 299947K->248836K(699392K), 0.0095195 secs] [Times: user=0.14 sys=0.01, real=0.00 secs] 
2016-09-15T12:20:22.297-0400: 49.314: [GC (GCLocker Initiated GC) [PSYoungGen: 155989K->61362K(175104K)] 337132K->279067K(699392K), 0.0119354 secs] [Times: user=0.11 sys=0.00, real=0.01 secs] 
2016-09-15T12:20:22.407-0400: 49.424: [GC (GCLocker Initiated GC) [PSYoungGen: 149426K->85954K(175104K)] 367291K->364884K(699392K), 0.0121730 secs] [Times: user=0.15 sys=0.00, real=0.02 secs] 
2016-09-15T12:20:22.527-0400: 49.544: [GC (Allocation Failure) [PSYoungGen: 174018K->61362K(175104K)] 452978K->425796K(699392K), 0.0139479 secs] [Times: user=0.16 sys=0.00, real=0.02 secs] 
2016-09-15T12:20:22.631-0400: 49.648: [GC (GCLocker Initiated GC) [PSYoungGen: 149426K->85790K(175104K)] 513865K->505204K(699392K), 0.0121289 secs] [Times: user=0.13 sys=0.00, real=0.01 secs] 
2016-09-15T12:20:22.749-0400: 49.766: [GC (GCLocker Initiated GC) [PSYoungGen: 173854K->79683K(175104K)] 593630K->554458K(699392K), 0.0117985 secs] [Times: user=0.15 sys=0.01, real=0.01 secs] 
2016-09-15T12:20:22.761-0400: 49.778: [Full GC (Ergonomics) [PSYoungGen: 79683K->0K(175104K)] [ParOldGen: 474774K->45683K(524288K)] 554458K->45683K(699392K), [Metaspace: 44143K->44143K(1087488K)], 0.0496092 secs] [Times: user=0.35 sys=0.00, real=0.05 secs] 
2016-09-15T12:20:22.916-0400: 49.933: [GC (GCLocker Initiated GC) [PSYoungGen: 88064K->85790K(175104K)] 133764K->167940K(699392K), 0.0107001 secs] [Times: user=0.15 sys=0.00, real=0.00 secs] 
2016-09-15T12:20:23.022-0400: 50.040: [GC (GCLocker Initiated GC) [PSYoungGen: 173854K->79747K(175104K)] 262121K->283950K(699392K), 0.0123633 secs] [Times: user=0.19 sys=0.00, real=0.01 secs] 
2016-09-15T12:20:23.129-0400: 50.146: [GC (GCLocker Initiated GC) [PSYoungGen: 167811K->86314K(175104K)] 378277K->357853K(699392K), 0.0122916 secs] [Times: user=0.19 sys=0.00, real=0.01 secs] 
2016-09-15T12:20:23.247-0400: 50.264: [GC (GCLocker Initiated GC) [PSYoungGen: 174378K->85594K(175104K)] 446111K->400340K(699392K), 0.0086168 secs] [Times: user=0.13 sys=0.00, real=0.01 secs] 
2016-09-15T12:20:23.356-0400: 50.373: [GC (GCLocker Initiated GC) [PSYoungGen: 173658K->86018K(175104K)] 494593K->455720K(699392K), 0.0131375 secs] [Times: user=0.18 sys=0.00, real=0.01 secs] 
2016-09-15T12:20:23.488-0400: 50.505: [GC (Allocation Failure) [PSYoungGen: 174082K->85822K(175104K)] 543972K->553392K(699392K), 0.0141890 secs] [Times: user=0.21 sys=0.00, real=0.01 secs] 
2016-09-15T12:20:23.503-0400: 50.520: [Full GC (Ergonomics) [PSYoungGen: 85822K->0K(175104K)] [ParOldGen: 467569K->45554K(524288K)] 553392K->45554K(699392K), [Metaspace: 44145K->44145K(1087488K)], 0.0417560 secs] [Times: user=0.32 sys=0.00, real=0.04 secs] 
2016-09-15T12:20:23.634-0400: 50.651: [GC (GCLocker Initiated GC) [PSYoungGen: 82461K->86110K(175104K)] 134091K->162040K(699392K), 0.0096541 secs] [Times: user=0.13 sys=0.00, real=0.01 secs] 
2016-09-15T12:20:23.741-0400: 50.758: [GC (GCLocker Initiated GC) [PSYoungGen: 174174K->85854K(175104K)] 250386K->247680K(699392K), 0.0128899 secs] [Times: user=0.21 sys=0.00, real=0.01 secs] 
2016-09-15T12:20:23.861-0400: 50.878: [GC (GCLocker Initiated GC) [PSYoungGen: 173918K->85658K(175104K)] 335792K->320724K(699392K), 0.0108105 secs] [Times: user=0.14 sys=0.00, real=0.01 secs] 
2016-09-15T12:20:23.973-0400: 50.990: [GC (GCLocker Initiated GC) [PSYoungGen: 173722K->85954K(175104K)] 421086K->418512K(699392K), 0.0137231 secs] [Times: user=0.17 sys=0.00, real=0.01 secs] 
2016-09-15T12:20:24.121-0400: 51.138: [GC (GCLocker Initiated GC) [PSYoungGen: 174018K->79519K(175104K)] 519037K->504008K(699392K), 0.0108518 secs] [Times: user=0.14 sys=0.00, real=0.01 secs] 
2016-09-15T12:20:24.132-0400: 51.149: [Full GC (Ergonomics) [PSYoungGen: 79519K->0K(175104K)] [ParOldGen: 424489K->45570K(524288K)] 504008K->45570K(699392K), [Metaspace: 44145K->44145K(1087488K)], 0.0527844 secs] [Times: user=0.31 sys=0.01, real=0.05 secs] 
2016-09-15T12:20:24.291-0400: 51.308: [GC (GCLocker Initiated GC) [PSYoungGen: 88064K->86110K(175104K)] 133682K->143878K(699392K), 0.0084882 secs] [Times: user=0.09 sys=0.00, real=0.01 secs] 
2016-09-15T12:20:24.405-0400: 51.422: [GC (GCLocker Initiated GC) [PSYoungGen: 174174K->67597K(175104K)] 244386K->253970K(699392K), 0.0145154 secs] [Times: user=0.21 sys=0.01, real=0.02 secs] 
2016-09-15T12:20:24.523-0400: 51.540: [GC (GCLocker Initiated GC) [PSYoungGen: 155661K->67761K(175104K)] 348257K->315364K(699392K), 0.0090886 secs] [Times: user=0.14 sys=0.00, real=0.01 secs] 
2016-09-15T12:20:24.631-0400: 51.648: [GC (GCLocker Initiated GC) [PSYoungGen: 155825K->86018K(175104K)] 409545K->431014K(699392K), 0.0123120 secs] [Times: user=0.17 sys=0.00, real=0.01 secs] 
2016-09-15T12:20:24.760-0400: 51.777: [GC (GCLocker Initiated GC) [PSYoungGen: 174082K->85726K(175104K)] 525308K->498001K(699392K), 0.0096991 secs] [Times: user=0.15 sys=0.01, real=0.01 secs] 
2016-09-15T12:20:24.770-0400: 51.787: [Full GC (Ergonomics) [PSYoungGen: 85726K->0K(175104K)] [ParOldGen: 412275K->45573K(524288K)] 498001K->45573K(699392K), [Metaspace: 44145K->44145K(1087488K)], 0.0435338 secs] [Times: user=0.37 sys=0.00, real=0.04 secs] 
2016-09-15T12:20:24.917-0400: 51.934: [GC (GCLocker Initiated GC) [PSYoungGen: 88064K->86078K(175104K)] 133825K->156140K(699392K), 0.0097610 secs] [Times: user=0.14 sys=0.00, real=0.00 secs] 
2016-09-15T12:20:25.035-0400: 52.052: [GC (GCLocker Initiated GC) [PSYoungGen: 174142K->79683K(175104K)] 244430K->217359K(699392K), 0.0108249 secs] [Times: user=0.12 sys=0.00, real=0.01 secs] 
2016-09-15T12:20:25.156-0400: 52.173: [GC (GCLocker Initiated GC) [PSYoungGen: 167747K->79683K(175104K)] 305638K->290774K(699392K), 0.0130956 secs] [Times: user=0.16 sys=0.01, real=0.01 secs] 
2016-09-15T12:20:25.263-0400: 52.280: [GC (GCLocker Initiated GC) [PSYoungGen: 167747K->61718K(175104K)] 379099K->346106K(699392K), 0.0093896 secs] [Times: user=0.14 sys=0.00, real=0.01 secs] 
2016-09-15T12:20:25.367-0400: 52.384: [GC (GCLocker Initiated GC) [PSYoungGen: 149782K->85822K(175104K)] 440326K->461756K(699392K), 0.0119242 secs] [Times: user=0.18 sys=0.01, real=0.02 secs] 
2016-09-15T12:20:25.494-0400: 52.512: [GC (Allocation Failure) [PSYoungGen: 173886K->85822K(175104K)] 549973K->535109K(699392K), 0.0120515 secs] [Times: user=0.20 sys=0.00, real=0.01 secs] 
2016-09-15T12:20:25.507-0400: 52.524: [Full GC (Ergonomics) [PSYoungGen: 85822K->0K(175104K)] [ParOldGen: 449287K->45978K(524288K)] 535109K->45978K(699392K), [Metaspace: 44145K->44145K(1087488K)], 0.0482060 secs] [Times: user=0.38 sys=0.00, real=0.05 secs] 
2016-09-15T12:20:25.656-0400: 52.673: [GC (GCLocker Initiated GC) [PSYoungGen: 82498K->86406K(175104K)] 134551K->162759K(699392K), 0.0102767 secs] [Times: user=0.15 sys=0.00, real=0.00 secs] 
2016-09-15T12:20:25.785-0400: 52.803: [GC (GCLocker Initiated GC) [PSYoungGen: 174470K->85854K(175104K)] 257192K->230069K(699392K), 0.0101950 secs] [Times: user=0.16 sys=0.00, real=0.02 secs] 
2016-09-15T12:20:25.893-0400: 52.910: [GC (GCLocker Initiated GC) [PSYoungGen: 173918K->73868K(175104K)] 324356K->279133K(699392K), 0.0091148 secs] [Times: user=0.14 sys=0.00, real=0.01 secs] 
2016-09-15T12:20:26.002-0400: 53.019: [GC (Allocation Failure) [PSYoungGen: 161932K->85954K(175104K)] 367552K->346589K(699392K), 0.0102329 secs] [Times: user=0.16 sys=0.00, real=0.01 secs] 
2016-09-15T12:20:26.113-0400: 53.130: [GC (GCLocker Initiated GC) [PSYoungGen: 170626K->86150K(175104K)] 437336K->432306K(699392K), 0.0113467 secs] [Times: user=0.17 sys=0.01, real=0.01 secs] 
2016-09-15T12:20:26.228-0400: 53.245: [GC (GCLocker Initiated GC) [PSYoungGen: 174214K->79747K(175104K)] 520468K->499061K(699392K), 0.0154542 secs] [Times: user=0.20 sys=0.00, real=0.01 secs] 
2016-09-15T12:20:26.244-0400: 53.261: [Full GC (Ergonomics) [PSYoungGen: 79747K->0K(175104K)] [ParOldGen: 419314K->57966K(524288K)] 499061K->57966K(699392K), [Metaspace: 44187K->44187K(1087488K)], 0.0448692 secs] [Times: user=0.33 sys=0.01, real=0.05 secs] 
2016-09-15T12:20:26.390-0400: 53.407: [GC (Allocation Failure) [PSYoungGen: 88064K->86406K(175104K)] 146429K->175146K(699392K), 0.0083116 secs] [Times: user=0.12 sys=0.00, real=0.01 secs] 
2016-09-15T12:20:26.492-0400: 53.509: [GC (GCLocker Initiated GC) [PSYoungGen: 170388K->74032K(175104K)] 265203K->230341K(699392K), 0.0098913 secs] [Times: user=0.16 sys=0.00, real=0.01 secs] 
2016-09-15T12:20:26.591-0400: 53.608: [GC (GCLocker Initiated GC) [PSYoungGen: 162096K->85854K(175104K)] 318464K->315586K(699392K), 0.0113246 secs] [Times: user=0.18 sys=0.01, real=0.01 secs] 
2016-09-15T12:20:26.700-0400: 53.717: [GC (GCLocker Initiated GC) [PSYoungGen: 173918K->85986K(175104K)] 404016K->407565K(699392K), 0.0123919 secs] [Times: user=0.20 sys=0.00, real=0.01 secs] 
2016-09-15T12:20:26.832-0400: 53.849: [GC (GCLocker Initiated GC) [PSYoungGen: 174050K->43073K(175104K)] 495956K->450421K(699392K), 0.0161729 secs] [Times: user=0.12 sys=0.00, real=0.02 secs] 
2016-09-15T12:20:26.956-0400: 53.973: [GC (GCLocker Initiated GC) [PSYoungGen: 131137K->85986K(175104K)] 538706K->542267K(699392K), 0.0283540 secs] [Times: user=0.36 sys=0.01, real=0.02 secs] 
2016-09-15T12:20:26.985-0400: 54.002: [Full GC (Ergonomics) [PSYoungGen: 85986K->0K(175104K)] [ParOldGen: 456281K->52438K(524288K)] 542267K->52438K(699392K), [Metaspace: 44188K->44188K(1087488K)], 0.0438204 secs] [Times: user=0.42 sys=0.00, real=0.05 secs] 
2016-09-15T12:20:27.134-0400: 54.151: [GC (GCLocker Initiated GC) [PSYoungGen: 88064K->85626K(175104K)] 140526K->144164K(699392K), 0.0130419 secs] [Times: user=0.21 sys=0.00, real=0.01 secs] 
2016-09-15T12:20:27.235-0400: 54.252: [GC (GCLocker Initiated GC) [PSYoungGen: 173690K->85986K(175104K)] 232297K->223712K(699392K), 0.0146253 secs] [Times: user=0.23 sys=0.00, real=0.02 secs] 
2016-09-15T12:20:27.352-0400: 54.369: [GC (GCLocker Initiated GC) [PSYoungGen: 174050K->79487K(175104K)] 317894K->309009K(699392K), 0.0184132 secs] [Times: user=0.26 sys=0.00, real=0.02 secs] 
2016-09-15T12:20:27.472-0400: 54.489: [GC (GCLocker Initiated GC) [PSYoungGen: 167551K->86018K(175104K)] 397238K->400915K(699392K), 0.0118017 secs] [Times: user=0.18 sys=0.00, real=0.01 secs] 
2016-09-15T12:20:27.591-0400: 54.608: [GC (Allocation Failure) [PSYoungGen: 174082K->67273K(175104K)] 489273K->443661K(699392K), 0.0166620 secs] [Times: user=0.23 sys=0.00, real=0.01 secs] 
2016-09-15T12:20:27.697-0400: 54.714: [GC (GCLocker Initiated GC) [PSYoungGen: 155337K->85790K(175104K)] 531731K->498754K(699392K), 0.0118068 secs] [Times: user=0.14 sys=0.00, real=0.01 secs] 
2016-09-15T12:20:27.709-0400: 54.726: [Full GC (Ergonomics) [PSYoungGen: 85790K->0K(175104K)] [ParOldGen: 412964K->52130K(524288K)] 498754K->52130K(699392K), [Metaspace: 44188K->44188K(1087488K)], 0.0549584 secs] [Times: user=0.44 sys=0.00, real=0.05 secs] 
2016-09-15T12:20:27.909-0400: 54.926: [GC (GCLocker Initiated GC) [PSYoungGen: 88064K->86342K(175104K)] 140263K->162842K(699392K), 0.0096153 secs] [Times: user=0.13 sys=0.00, real=0.01 secs] 
2016-09-15T12:20:28.018-0400: 55.035: [GC (Allocation Failure) [PSYoungGen: 174406K->85986K(175104K)] 257005K->248312K(699392K), 0.0119935 secs] [Times: user=0.20 sys=0.00, real=0.01 secs] 
2016-09-15T12:20:28.137-0400: 55.154: [GC (GCLocker Initiated GC) [PSYoungGen: 174050K->73640K(175104K)] 336382K->363707K(699392K), 0.0130992 secs] [Times: user=0.22 sys=0.00, real=0.01 secs] 
2016-09-15T12:20:28.239-0400: 55.256: [GC (GCLocker Initiated GC) [PSYoungGen: 161704K->61686K(175104K)] 452132K->407417K(699392K), 0.0120405 secs] [Times: user=0.17 sys=0.01, real=0.01 secs] 
2016-09-15T12:20:28.331-0400: 55.348: [GC (GCLocker Initiated GC) [PSYoungGen: 149750K->85986K(175104K)] 495836K->523653K(699392K), 0.0120894 secs] [Times: user=0.18 sys=0.00, real=0.01 secs] 
2016-09-15T12:20:28.343-0400: 55.360: [Full GC (Ergonomics) [PSYoungGen: 85986K->0K(175104K)] [ParOldGen: 437667K->58399K(524288K)] 523653K->58399K(699392K), [Metaspace: 44188K->44188K(1087488K)], 0.0415763 secs] [Times: user=0.36 sys=0.00, real=0.04 secs] 
2016-09-15T12:20:28.484-0400: 55.502: [GC (Allocation Failure) [PSYoungGen: 88064K->86274K(175104K)] 146785K->163220K(699392K), 0.0082486 secs] [Times: user=0.11 sys=0.00, real=0.01 secs] 
2016-09-15T12:20:28.590-0400: 55.607: [GC (GCLocker Initiated GC) [PSYoungGen: 168393K->85854K(175104K)] 251415K->224450K(699392K), 0.0136757 secs] [Times: user=0.21 sys=0.01, real=0.01 secs] 
2016-09-15T12:20:28.713-0400: 55.730: [GC (GCLocker Initiated GC) [PSYoungGen: 173918K->73672K(175104K)] 318692K->273445K(699392K), 0.0095712 secs] [Times: user=0.15 sys=0.00, real=0.01 secs] 
2016-09-15T12:20:28.821-0400: 55.838: [GC (Allocation Failure) [PSYoungGen: 161736K->86214K(175104K)] 361842K->353476K(699392K), 0.0110447 secs] [Times: user=0.17 sys=0.00, real=0.01 secs] 
2016-09-15T12:20:28.954-0400: 55.972: [GC (GCLocker Initiated GC) [PSYoungGen: 171603K->85726K(175104K)] 444941K->426328K(699392K), 0.0184164 secs] [Times: user=0.20 sys=0.00, real=0.02 secs] 
2016-09-15T12:20:29.097-0400: 56.114: [GC (GCLocker Initiated GC) [PSYoungGen: 173790K->85854K(175104K)] 520822K->512005K(699392K), 0.0150651 secs] [Times: user=0.24 sys=0.00, real=0.01 secs] 
2016-09-15T12:20:29.112-0400: 56.129: [Full GC (Ergonomics) [PSYoungGen: 85854K->0K(175104K)] [ParOldGen: 426151K->58045K(524288K)] 512005K->58045K(699392K), [Metaspace: 44188K->44188K(1087488K)], 0.0434309 secs] [Times: user=0.34 sys=0.00, real=0.04 secs] 
2016-09-15T12:20:29.257-0400: 56.274: [GC (Allocation Failure) [PSYoungGen: 88064K->86538K(175104K)] 152400K->156949K(699392K), 0.0100324 secs] [Times: user=0.13 sys=0.01, real=0.00 secs] 
2016-09-15T12:20:29.354-0400: 56.371: [GC (GCLocker Initiated GC) [PSYoungGen: 174602K->85954K(175104K)] 245014K->242167K(699392K), 0.0116321 secs] [Times: user=0.17 sys=0.01, real=0.01 secs] 
2016-09-15T12:20:29.459-0400: 56.476: [GC (GCLocker Initiated GC) [PSYoungGen: 174018K->85854K(175104K)] 330424K->309409K(699392K), 0.0090425 secs] [Times: user=0.12 sys=0.01, real=0.01 secs] 
2016-09-15T12:20:29.569-0400: 56.586: [GC (GCLocker Initiated GC) [PSYoungGen: 173918K->85822K(175104K)] 403725K->388853K(699392K), 0.0106109 secs] [Times: user=0.17 sys=0.00, real=0.01 secs] 
2016-09-15T12:20:29.680-0400: 56.697: [GC (GCLocker Initiated GC) [PSYoungGen: 173886K->86150K(175104K)] 483128K->432126K(699392K), 0.0133683 secs] [Times: user=0.12 sys=0.01, real=0.01 secs] 
2016-09-15T12:20:29.800-0400: 56.817: [GC (GCLocker Initiated GC) [PSYoungGen: 174214K->85758K(175104K)] 520200K->486751K(699392K), 0.0111031 secs] [Times: user=0.16 sys=0.01, real=0.01 secs] 
2016-09-15T12:20:29.914-0400: 56.931: [GC (GCLocker Initiated GC) [PSYoungGen: 173822K->85822K(175104K)] 575116K->572497K(699392K), 0.0121442 secs] [Times: user=0.18 sys=0.00, real=0.01 secs] 
2016-09-15T12:20:29.926-0400: 56.944: [Full GC (Ergonomics) [PSYoungGen: 85822K->0K(175104K)] [ParOldGen: 486675K->58383K(524288K)] 572497K->58383K(699392K), [Metaspace: 44194K->44194K(1087488K)], 0.0444851 secs] [Times: user=0.33 sys=0.00, real=0.05 secs] 
2016-09-15T12:20:30.078-0400: 57.095: [GC (GCLocker Initiated GC) [PSYoungGen: 88064K->86346K(175104K)] 146651K->163158K(699392K), 0.0084205 secs] [Times: user=0.10 sys=0.01, real=0.00 secs] 
2016-09-15T12:20:30.186-0400: 57.203: [GC (GCLocker Initiated GC) [PSYoungGen: 174410K->73640K(175104K)] 251342K->217869K(699392K), 0.0104838 secs] [Times: user=0.15 sys=0.00, real=0.02 secs] 
2016-09-15T12:20:30.309-0400: 57.326: [GC (GCLocker Initiated GC) [PSYoungGen: 161704K->85758K(175104K)] 312168K->345716K(699392K), 0.0127040 secs] [Times: user=0.20 sys=0.00, real=0.01 secs] 
2016-09-15T12:20:30.419-0400: 57.436: [GC (GCLocker Initiated GC) [PSYoungGen: 173822K->85658K(175104K)] 439970K->449329K(699392K), 0.0139286 secs] [Times: user=0.21 sys=0.00, real=0.01 secs] 
2016-09-15T12:20:30.530-0400: 57.547: [GC (Allocation Failure) [PSYoungGen: 173722K->85986K(175104K)] 543706K->522955K(699392K), 0.0115280 secs] [Times: user=0.17 sys=0.00, real=0.01 secs] 
2016-09-15T12:20:30.542-0400: 57.559: [Full GC (Ergonomics) [PSYoungGen: 85986K->0K(175104K)] [ParOldGen: 436969K->58543K(524288K)] 522955K->58543K(699392K), [Metaspace: 44197K->44197K(1087488K)], 0.0470536 secs] [Times: user=0.32 sys=0.01, real=0.05 secs] 
2016-09-15T12:20:30.702-0400: 57.719: [GC (GCLocker Initiated GC) [PSYoungGen: 84196K->86538K(175104K)] 148815K->157231K(699392K), 0.0089101 secs] [Times: user=0.13 sys=0.00, real=0.01 secs] 
2016-09-15T12:20:30.832-0400: 57.849: [GC (GCLocker Initiated GC) [PSYoungGen: 174602K->85986K(175104K)] 245584K->218414K(699392K), 0.0103563 secs] [Times: user=0.13 sys=0.01, real=0.01 secs] 
2016-09-15T12:20:30.970-0400: 57.987: [GC (GCLocker Initiated GC) [PSYoungGen: 174050K->85854K(175104K)] 312725K->327972K(699392K), 0.0146642 secs] [Times: user=0.21 sys=0.00, real=0.01 secs] 
2016-09-15T12:20:31.126-0400: 58.143: [GC (GCLocker Initiated GC) [PSYoungGen: 173918K->61262K(175104K)] 422231K->364541K(699392K), 0.0146951 secs] [Times: user=0.18 sys=0.00, real=0.02 secs] 
2016-09-15T12:20:31.233-0400: 58.250: [GC (GCLocker Initiated GC) [PSYoungGen: 149326K->85854K(175104K)] 452832K->450254K(699392K), 0.0117096 secs] [Times: user=0.19 sys=0.00, real=0.01 secs] 
2016-09-15T12:20:31.342-0400: 58.359: [GC (GCLocker Initiated GC) [PSYoungGen: 173918K->85986K(175104K)] 538517K->529735K(699392K), 0.0114859 secs] [Times: user=0.18 sys=0.00, real=0.01 secs] 
2016-09-15T12:20:31.354-0400: 58.371: [Full GC (Ergonomics) [PSYoungGen: 85986K->0K(175104K)] [ParOldGen: 443749K->58588K(524288K)] 529735K->58588K(699392K), [Metaspace: 44199K->44199K(1087488K)], 0.0435323 secs] [Times: user=0.37 sys=0.00, real=0.05 secs] 
2016-09-15T12:20:31.500-0400: 58.517: [GC (Allocation Failure) [PSYoungGen: 88060K->86538K(175104K)] 153074K->175851K(699392K), 0.0091914 secs] [Times: user=0.13 sys=0.01, real=0.01 secs] 
2016-09-15T12:20:31.592-0400: 58.610: [GC (GCLocker Initiated GC) [PSYoungGen: 174602K->67629K(175104K)] 263915K->248967K(699392K), 0.0120748 secs] [Times: user=0.18 sys=0.00, real=0.01 secs] 
2016-09-15T12:20:31.702-0400: 58.719: [GC (GCLocker Initiated GC) [PSYoungGen: 155693K->85986K(175104K)] 343238K->352649K(699392K), 0.0114395 secs] [Times: user=0.17 sys=0.00, real=0.01 secs] 
2016-09-15T12:20:31.817-0400: 58.834: [GC (GCLocker Initiated GC) [PSYoungGen: 174050K->61294K(175104K)] 446843K->401376K(699392K), 0.0128978 secs] [Times: user=0.17 sys=0.00, real=0.01 secs] 
2016-09-15T12:20:31.913-0400: 58.930: [GC (GCLocker Initiated GC) [PSYoungGen: 149358K->86018K(175104K)] 489504K->493156K(699392K), 0.0133664 secs] [Times: user=0.21 sys=0.01, real=0.01 secs] 
2016-09-15T12:20:31.927-0400: 58.944: [Full GC (Ergonomics) [PSYoungGen: 86018K->0K(175104K)] [ParOldGen: 407138K->52317K(524288K)] 493156K->52317K(699392K), [Metaspace: 44202K->44202K(1087488K)], 0.0412330 secs] [Times: user=0.34 sys=0.00, real=0.05 secs] 
2016-09-15T12:20:32.072-0400: 59.089: [GC (GCLocker Initiated GC) [PSYoungGen: 88064K->86734K(175104K)] 146795K->169765K(699392K), 0.0085256 secs] [Times: user=0.11 sys=0.00, real=0.01 secs] 
2016-09-15T12:20:32.200-0400: 59.217: [GC (GCLocker Initiated GC) [PSYoungGen: 174798K->61490K(175104K)] 263951K->218368K(699392K), 0.0094813 secs] [Times: user=0.12 sys=0.00, real=0.01 secs] 
2016-09-15T12:20:32.320-0400: 59.337: [GC (GCLocker Initiated GC) [PSYoungGen: 149554K->85822K(175104K)] 306552K->328022K(699392K), 0.0112303 secs] [Times: user=0.17 sys=0.00, real=0.01 secs] 
2016-09-15T12:20:32.432-0400: 59.449: [GC (GCLocker Initiated GC) [PSYoungGen: 173886K->67369K(175104K)] 422398K->401263K(699392K), 0.0118931 secs] [Times: user=0.18 sys=0.00, real=0.01 secs] 
2016-09-15T12:20:32.553-0400: 59.570: [GC (GCLocker Initiated GC) [PSYoungGen: 155433K->85954K(175104K)] 495471K->462594K(699392K), 0.0183208 secs] [Times: user=0.24 sys=0.00, real=0.02 secs] 
2016-09-15T12:20:32.663-0400: 59.680: [GC (GCLocker Initiated GC) [PSYoungGen: 174018K->85690K(175104K)] 550767K->529588K(699392K), 0.0106754 secs] [Times: user=0.16 sys=0.01, real=0.01 secs] 
2016-09-15T12:20:32.674-0400: 59.691: [Full GC (Ergonomics) [PSYoungGen: 85690K->0K(175104K)] [ParOldGen: 443898K->52613K(524288K)] 529588K->52613K(699392K), [Metaspace: 44206K->44206K(1087488K)], 0.0522551 secs] [Times: user=0.43 sys=0.00, real=0.05 secs] 
2016-09-15T12:20:32.840-0400: 59.857: [GC (GCLocker Initiated GC) [PSYoungGen: 88064K->86438K(175104K)] 153070K->157519K(699392K), 0.0093688 secs] [Times: user=0.11 sys=0.01, real=0.01 secs] 
2016-09-15T12:20:32.952-0400: 59.969: [GC (GCLocker Initiated GC) [PSYoungGen: 174502K->85854K(175104K)] 251879K->224888K(699392K), 0.0113536 secs] [Times: user=0.17 sys=0.00, real=0.01 secs] 
2016-09-15T12:20:33.075-0400: 60.092: [GC (GCLocker Initiated GC) [PSYoungGen: 173918K->55479K(175104K)] 313006K->249565K(699392K), 0.0128780 secs] [Times: user=0.12 sys=0.00, real=0.02 secs] 
2016-09-15T12:20:33.195-0400: 60.212: [GC (Allocation Failure) [PSYoungGen: 143543K->85790K(175104K)] 343757K->377429K(699392K), 0.0126206 secs] [Times: user=0.17 sys=0.00, real=0.02 secs] 
2016-09-15T12:20:33.296-0400: 60.313: [GC (GCLocker Initiated GC) [PSYoungGen: 173854K->85822K(175104K)] 465498K->462832K(699392K), 0.0134949 secs] [Times: user=0.20 sys=0.01, real=0.01 secs] 
2016-09-15T12:20:33.414-0400: 60.431: [GC (GCLocker Initiated GC) [PSYoungGen: 173886K->85822K(175104K)] 551061K->530145K(699392K), 0.0111183 secs] [Times: user=0.16 sys=0.01, real=0.01 secs] 
2016-09-15T12:20:33.425-0400: 60.443: [Full GC (Ergonomics) [PSYoungGen: 85822K->0K(175104K)] [ParOldGen: 444323K->45440K(524288K)] 530145K->45440K(699392K), [Metaspace: 44206K->44206K(1087488K)], 0.0538442 secs] [Times: user=0.52 sys=0.00, real=0.06 secs] 
2016-09-15T12:20:33.579-0400: 60.596: [GC (GCLocker Initiated GC) [PSYoungGen: 88064K->85986K(175104K)] 133848K->174295K(699392K), 0.0096935 secs] [Times: user=0.15 sys=0.01, real=0.01 secs] 
2016-09-15T12:20:33.682-0400: 60.699: [GC (GCLocker Initiated GC) [PSYoungGen: 174050K->79779K(175104K)] 262557K->253824K(699392K), 0.0131471 secs] [Times: user=0.22 sys=0.00, real=0.01 secs] 
2016-09-15T12:20:33.804-0400: 60.821: [GC (GCLocker Initiated GC) [PSYoungGen: 167843K->85922K(175104K)] 348319K->309230K(699392K), 0.0151044 secs] [Times: user=0.18 sys=0.01, real=0.02 secs] 
2016-09-15T12:20:33.926-0400: 60.943: [GC (GCLocker Initiated GC) [PSYoungGen: 173986K->85822K(175104K)] 397471K->388926K(699392K), 0.0126850 secs] [Times: user=0.18 sys=0.00, real=0.02 secs] 
2016-09-15T12:20:34.033-0400: 61.050: [GC (GCLocker Initiated GC) [PSYoungGen: 173886K->85790K(175104K)] 477296K->444019K(699392K), 0.0115521 secs] [Times: user=0.16 sys=0.00, real=0.01 secs] 
2016-09-15T12:20:34.142-0400: 61.159: [GC (GCLocker Initiated GC) [PSYoungGen: 173854K->85822K(175104K)] 532270K->529612K(699392K), 0.0117422 secs] [Times: user=0.16 sys=0.01, real=0.01 secs] 
2016-09-15T12:20:34.154-0400: 61.171: [Full GC (Ergonomics) [PSYoungGen: 85822K->0K(175104K)] [ParOldGen: 443790K->51723K(524288K)] 529612K->51723K(699392K), [Metaspace: 44207K->44207K(1087488K)], 0.0506898 secs] [Times: user=0.32 sys=0.01, real=0.05 secs] 
2016-09-15T12:20:34.314-0400: 61.331: [GC (GCLocker Initiated GC) [PSYoungGen: 88064K->85954K(175104K)] 139856K->162047K(699392K), 0.0152395 secs] [Times: user=0.24 sys=0.00, real=0.02 secs] 
2016-09-15T12:20:34.424-0400: 61.441: [GC (GCLocker Initiated GC) [PSYoungGen: 174018K->73672K(175104K)] 250832K->235852K(699392K), 0.0108027 secs] [Times: user=0.15 sys=0.01, real=0.01 secs] 
2016-09-15T12:20:34.536-0400: 61.553: [GC (GCLocker Initiated GC) [PSYoungGen: 161736K->79747K(175104K)] 330143K->291011K(699392K), 0.0089435 secs] [Times: user=0.12 sys=0.01, real=0.00 secs] 
2016-09-15T12:20:34.675-0400: 61.692: [GC (GCLocker Initiated GC) [PSYoungGen: 167811K->85854K(175104K)] 385269K->340062K(699392K), 0.0100216 secs] [Times: user=0.16 sys=0.00, real=0.01 secs] 
2016-09-15T12:20:34.807-0400: 61.824: [GC (Allocation Failure) [PSYoungGen: 173918K->85690K(175104K)] 434265K->388877K(699392K), 0.0118769 secs] [Times: user=0.16 sys=0.00, real=0.02 secs] 
2016-09-15T12:20:34.911-0400: 61.928: [GC (GCLocker Initiated GC) [PSYoungGen: 173754K->85822K(175104K)] 476941K->431678K(699392K), 0.0101833 secs] [Times: user=0.13 sys=0.00, real=0.01 secs] 
2016-09-15T12:20:35.006-0400: 62.023: [GC (GCLocker Initiated GC) [PSYoungGen: 173886K->85822K(175104K)] 519767K->505090K(699392K), 0.0096878 secs] [Times: user=0.15 sys=0.00, real=0.02 secs] 
2016-09-15T12:20:35.016-0400: 62.033: [Full GC (Ergonomics) [PSYoungGen: 85822K->0K(175104K)] [ParOldGen: 419268K->58050K(524288K)] 505090K->58050K(699392K), [Metaspace: 44207K->44207K(1087488K)], 0.0531541 secs] [Times: user=0.43 sys=0.01, real=0.05 secs] 
2016-09-15T12:20:35.189-0400: 62.206: [GC (GCLocker Initiated GC) [PSYoungGen: 88064K->86530K(175104K)] 152275K->162892K(699392K), 0.0098705 secs] [Times: user=0.14 sys=0.00, real=0.01 secs] 
2016-09-15T12:20:35.296-0400: 62.313: [GC (Allocation Failure) [PSYoungGen: 174594K->85854K(175104K)] 251249K->248723K(699392K), 0.0118371 secs] [Times: user=0.18 sys=0.00, real=0.01 secs] 
2016-09-15T12:20:35.427-0400: 62.444: [GC (GCLocker Initiated GC) [PSYoungGen: 173918K->61554K(175104K)] 336793K->297464K(699392K), 0.0112227 secs] [Times: user=0.12 sys=0.01, real=0.02 secs] 
2016-09-15T12:20:35.523-0400: 62.540: [GC (GCLocker Initiated GC) [PSYoungGen: 149618K->85886K(175104K)] 385783K->419379K(699392K), 0.0162629 secs] [Times: user=0.22 sys=0.01, real=0.02 secs] 
2016-09-15T12:20:35.637-0400: 62.655: [GC (GCLocker Initiated GC) [PSYoungGen: 173950K->86314K(175104K)] 507551K->486924K(699392K), 0.0145036 secs] [Times: user=0.19 sys=0.01, real=0.01 secs] 
2016-09-15T12:20:35.652-0400: 62.669: [Full GC (Ergonomics) [PSYoungGen: 86314K->0K(175104K)] [ParOldGen: 400610K->51962K(524288K)] 486924K->51962K(699392K), [Metaspace: 44236K->44236K(1087488K)], 0.0454218 secs] [Times: user=0.35 sys=0.00, real=0.05 secs] 
2016-09-15T12:20:35.796-0400: 62.813: [GC (GCLocker Initiated GC) [PSYoungGen: 88064K->86694K(175104K)] 152386K->187466K(699392K), 0.0095967 secs] [Times: user=0.15 sys=0.00, real=0.00 secs] 
2016-09-15T12:20:35.899-0400: 62.916: [GC (GCLocker Initiated GC) [PSYoungGen: 174758K->79715K(175104K)] 275639K->242477K(699392K), 0.0119284 secs] [Times: user=0.12 sys=0.01, real=0.01 secs] 
2016-09-15T12:20:36.003-0400: 63.020: [GC (GCLocker Initiated GC) [PSYoungGen: 167779K->86054K(175104K)] 330584K->309729K(699392K), 0.0132583 secs] [Times: user=0.14 sys=0.02, real=0.02 secs] 
2016-09-15T12:20:36.129-0400: 63.146: [GC (GCLocker Initiated GC) [PSYoungGen: 174118K->67729K(175104K)] 410148K->376966K(699392K), 0.0125348 secs] [Times: user=0.14 sys=0.01, real=0.01 secs] 
2016-09-15T12:20:36.259-0400: 63.276: [GC (Allocation Failure) [PSYoungGen: 155793K->73804K(175104K)] 477519K->468614K(699392K), 0.0104136 secs] [Times: user=0.15 sys=0.00, real=0.01 secs] 
2016-09-15T12:20:36.378-0400: 63.395: [GC (GCLocker Initiated GC) [PSYoungGen: 161868K->85822K(175104K)] 556683K->554017K(699392K), 0.0118345 secs] [Times: user=0.17 sys=0.00, real=0.01 secs] 
2016-09-15T12:20:36.390-0400: 63.407: [Full GC (Ergonomics) [PSYoungGen: 85822K->0K(175104K)] [ParOldGen: 468195K->51801K(524288K)] 554017K->51801K(699392K), [Metaspace: 44236K->44236K(1087488K)], 0.0513927 secs] [Times: user=0.37 sys=0.01, real=0.05 secs] 
2016-09-15T12:20:36.549-0400: 63.566: [GC (GCLocker Initiated GC) [PSYoungGen: 88064K->86046K(175104K)] 146122K->174479K(699392K), 0.0092840 secs] [Times: user=0.12 sys=0.00, real=0.01 secs] 
2016-09-15T12:20:36.654-0400: 63.671: [GC (GCLocker Initiated GC) [PSYoungGen: 174110K->79943K(175104K)] 262602K->254072K(699392K), 0.0136521 secs] [Times: user=0.20 sys=0.00, real=0.02 secs] 
2016-09-15T12:20:36.765-0400: 63.782: [GC (GCLocker Initiated GC) [PSYoungGen: 168007K->85886K(175104K)] 342184K->369761K(699392K), 0.0119055 secs] [Times: user=0.19 sys=0.01, real=0.02 secs] 
2016-09-15T12:20:36.894-0400: 63.911: [GC (GCLocker Initiated GC) [PSYoungGen: 173950K->85886K(175104K)] 470145K->473514K(699392K), 0.0118905 secs] [Times: user=0.18 sys=0.00, real=0.01 secs] 
2016-09-15T12:20:37.002-0400: 64.019: [GC (Allocation Failure) [PSYoungGen: 173950K->85758K(175104K)] 561721K->540661K(699392K), 0.0114676 secs] [Times: user=0.16 sys=0.00, real=0.01 secs] 
2016-09-15T12:20:37.014-0400: 64.031: [Full GC (Ergonomics) [PSYoungGen: 85758K->0K(175104K)] [ParOldGen: 454903K->51815K(524288K)] 540661K->51815K(699392K), [Metaspace: 44236K->44236K(1087488K)], 0.0502373 secs] [Times: user=0.40 sys=0.01, real=0.05 secs] 
2016-09-15T12:20:37.168-0400: 64.185: [GC (GCLocker Initiated GC) [PSYoungGen: 82732K->86046K(175104K)] 140623K->150011K(699392K), 0.0084948 secs] [Times: user=0.13 sys=0.00, real=0.01 secs] 
2016-09-15T12:20:37.276-0400: 64.293: [GC (GCLocker Initiated GC) [PSYoungGen: 174110K->85822K(175104K)] 238123K->229561K(699392K), 0.0116341 secs] [Times: user=0.17 sys=0.00, real=0.01 secs] 
2016-09-15T12:20:37.393-0400: 64.410: [GC (Allocation Failure) [PSYoungGen: 173886K->67629K(175104K)] 317930K->297039K(699392K), 0.0114825 secs] [Times: user=0.16 sys=0.00, real=0.01 secs] 
2016-09-15T12:20:37.528-0400: 64.545: [GC (GCLocker Initiated GC) [PSYoungGen: 154749K->55479K(175104K)] 390234K->345938K(699392K), 0.0089855 secs] [Times: user=0.13 sys=0.01, real=0.02 secs] 
2016-09-15T12:20:37.677-0400: 64.694: [GC (Allocation Failure) [PSYoungGen: 143543K->73380K(175104K)] 434324K->364280K(699392K), 0.0154372 secs] [Times: user=0.18 sys=0.00, real=0.01 secs] 
2016-09-15T12:20:37.801-0400: 64.818: [GC (Allocation Failure) [PSYoungGen: 160552K->61394K(175104K)] 451453K->352374K(699392K), 0.0099958 secs] [Times: user=0.07 sys=0.01, real=0.01 secs] 
2016-09-15T12:20:37.914-0400: 64.931: [GC (GCLocker Initiated GC) [PSYoungGen: 147972K->43429K(175104K)] 445027K->377241K(699392K), 0.0225246 secs] [Times: user=0.28 sys=0.00, real=0.03 secs] 
2016-09-15T12:20:38.043-0400: 65.060: [GC (GCLocker Initiated GC) [PSYoungGen: 131493K->55547K(175104K)] 471634K->414205K(699392K), 0.0078881 secs] [Times: user=0.09 sys=0.00, real=0.01 secs] 
2016-09-15T12:20:38.137-0400: 65.155: [GC (GCLocker Initiated GC) [PSYoungGen: 143611K->85854K(175104K)] 502356K->487464K(699392K), 0.0119943 secs] [Times: user=0.18 sys=0.00, real=0.01 secs] 
2016-09-15T12:20:38.251-0400: 65.268: [GC (GCLocker Initiated GC) [PSYoungGen: 173918K->85986K(175104K)] 575539K->542582K(699392K), 0.0109645 secs] [Times: user=0.15 sys=0.01, real=0.01 secs] 
2016-09-15T12:20:38.262-0400: 65.279: [Full GC (Ergonomics) [PSYoungGen: 85986K->0K(175104K)] [ParOldGen: 456596K->52378K(524288K)] 542582K->52378K(699392K), [Metaspace: 44291K->44291K(1087488K)], 0.0477296 secs] [Times: user=0.31 sys=0.00, real=0.05 secs] 
2016-09-15T12:20:38.416-0400: 65.433: [GC (GCLocker Initiated GC) [PSYoungGen: 88064K->86338K(175104K)] 146692K->157116K(699392K), 0.0140297 secs] [Times: user=0.17 sys=0.00, real=0.01 secs] 
2016-09-15T12:20:38.584-0400: 65.601: [GC (GCLocker Initiated GC) [PSYoungGen: 174402K->36930K(175104K)] 251303K->169397K(699392K), 0.0135839 secs] [Times: user=0.18 sys=0.00, real=0.02 secs] 
2016-09-15T12:20:38.721-0400: 65.738: [GC (GCLocker Initiated GC) [PSYoungGen: 124994K->55219K(175104K)] 263819K->218487K(699392K), 0.0110619 secs] [Times: user=0.11 sys=0.00, real=0.01 secs] 
2016-09-15T12:20:38.833-0400: 65.850: [GC (GCLocker Initiated GC) [PSYoungGen: 143283K->85954K(175104K)] 306559K->255425K(699392K), 0.0195017 secs] [Times: user=0.26 sys=0.00, real=0.02 secs] 
2016-09-15T12:20:38.960-0400: 65.977: [GC (GCLocker Initiated GC) [PSYoungGen: 174018K->55515K(175104K)] 343800K->262030K(699392K), 0.0165769 secs] [Times: user=0.19 sys=0.00, real=0.02 secs] 
2016-09-15T12:20:39.072-0400: 66.089: [GC (GCLocker Initiated GC) [PSYoungGen: 143579K->73836K(175104K)] 356176K->304990K(699392K), 0.0074790 secs] [Times: user=0.11 sys=0.00, real=0.01 secs] 
2016-09-15T12:20:39.194-0400: 66.211: [GC (GCLocker Initiated GC) [PSYoungGen: 161900K->86018K(175104K)] 393101K->341647K(699392K), 0.0088105 secs] [Times: user=0.13 sys=0.00, real=0.01 secs] 
2016-09-15T12:20:39.299-0400: 66.316: [GC (GCLocker Initiated GC) [PSYoungGen: 174082K->73704K(175104K)] 429790K->384583K(699392K), 0.0091129 secs] [Times: user=0.14 sys=0.00, real=0.01 secs] 
2016-09-15T12:20:39.421-0400: 66.438: [GC (GCLocker Initiated GC) [PSYoungGen: 161768K->86086K(175104K)] 472907K->409502K(699392K), 0.0101965 secs] [Times: user=0.12 sys=0.01, real=0.01 secs] 
2016-09-15T12:20:39.570-0400: 66.587: [GC (GCLocker Initiated GC) [PSYoungGen: 174150K->36834K(175104K)] 504309K->385665K(699392K), 0.0286588 secs] [Times: user=0.33 sys=0.00, real=0.03 secs] 
2016-09-15T12:20:39.705-0400: 66.722: [GC (GCLocker Initiated GC) [PSYoungGen: 124898K->73348K(175104K)] 473928K->440723K(699392K), 0.0118695 secs] [Times: user=0.11 sys=0.00, real=0.02 secs] 
2016-09-15T12:20:39.823-0400: 66.840: [GC (GCLocker Initiated GC) [PSYoungGen: 161412K->85822K(175104K)] 528829K->520208K(699392K), 0.0114584 secs] [Times: user=0.18 sys=0.00, real=0.01 secs] 
2016-09-15T12:20:39.834-0400: 66.851: [Full GC (Ergonomics) [PSYoungGen: 85822K->0K(175104K)] [ParOldGen: 434385K->52348K(524288K)] 520208K->52348K(699392K), [Metaspace: 44293K->44293K(1087488K)], 0.0525504 secs] [Times: user=0.37 sys=0.01, real=0.05 secs] 
2016-09-15T12:20:39.995-0400: 67.013: [GC (Allocation Failure) [PSYoungGen: 88064K->86046K(175104K)] 140985K->163267K(699392K), 0.0103211 secs] [Times: user=0.14 sys=0.00, real=0.01 secs] 
2016-09-15T12:20:40.096-0400: 67.113: [GC (GCLocker Initiated GC) [PSYoungGen: 174110K->67565K(175104K)] 251337K->218255K(699392K), 0.0126445 secs] [Times: user=0.15 sys=0.01, real=0.01 secs] 
2016-09-15T12:20:40.248-0400: 67.265: [GC (Allocation Failure) [PSYoungGen: 155629K->55906K(175104K)] 318552K->237199K(699392K), 0.0078021 secs] [Times: user=0.09 sys=0.00, real=0.01 secs] 
2016-09-15T12:20:40.365-0400: 67.382: [GC (GCLocker Initiated GC) [PSYoungGen: 139157K->37226K(175104K)] 326525K->225040K(699392K), 0.0077382 secs] [Times: user=0.09 sys=0.00, real=0.01 secs] 
2016-09-15T12:20:40.492-0400: 67.509: [GC (GCLocker Initiated GC) [PSYoungGen: 125290K->85890K(175104K)] 313387K->280346K(699392K), 0.0091805 secs] [Times: user=0.11 sys=0.00, real=0.01 secs] 
2016-09-15T12:20:40.635-0400: 67.652: [GC (GCLocker Initiated GC) [PSYoungGen: 173954K->67469K(175104K)] 374622K->304878K(699392K), 0.0143691 secs] [Times: user=0.16 sys=0.01, real=0.02 secs] 
2016-09-15T12:20:40.746-0400: 67.763: [GC (GCLocker Initiated GC) [PSYoungGen: 155533K->67373K(175104K)] 392990K->329233K(699392K), 0.0110440 secs] [Times: user=0.11 sys=0.00, real=0.02 secs] 
2016-09-15T12:20:40.878-0400: 67.895: [GC (GCLocker Initiated GC) [PSYoungGen: 155437K->67533K(175104K)] 417339K->378302K(699392K), 0.0167218 secs] [Times: user=0.15 sys=0.00, real=0.01 secs] 
2016-09-15T12:20:41.011-0400: 68.028: [GC (GCLocker Initiated GC) [PSYoungGen: 155597K->74295K(175104K)] 466722K->403937K(699392K), 0.0137018 secs] [Times: user=0.20 sys=0.00, real=0.01 secs] 
2016-09-15T12:20:41.122-0400: 68.139: [GC (GCLocker Initiated GC) [PSYoungGen: 162359K->85854K(175104K)] 492368K->440493K(699392K), 0.0098112 secs] [Times: user=0.15 sys=0.00, real=0.01 secs] 
2016-09-15T12:20:41.265-0400: 68.282: [GC (Allocation Failure) [PSYoungGen: 173918K->55479K(175104K)] 534870K->471422K(699392K), 0.0103271 secs] [Times: user=0.15 sys=0.00, real=0.02 secs] 
2016-09-15T12:20:41.370-0400: 68.387: [GC (GCLocker Initiated GC) [PSYoungGen: 143540K->79783K(175104K)] 559488K->514100K(699392K), 0.0110722 secs] [Times: user=0.13 sys=0.00, real=0.01 secs] 
2016-09-15T12:20:41.492-0400: 68.509: [GC (GCLocker Initiated GC) [PSYoungGen: 167847K->55547K(175104K)] 608594K->514982K(699392K), 0.0079903 secs] [Times: user=0.11 sys=0.01, real=0.01 secs] 
2016-09-15T12:20:41.500-0400: 68.517: [Full GC (Ergonomics) [PSYoungGen: 55547K->0K(175104K)] [ParOldGen: 459435K->45853K(524288K)] 514982K->45853K(699392K), [Metaspace: 44304K->44304K(1087488K)], 0.0494071 secs] [Times: user=0.36 sys=0.01, real=0.05 secs] 
2016-09-15T12:20:41.665-0400: 68.682: [GC (GCLocker Initiated GC) [PSYoungGen: 88064K->85790K(175104K)] 134132K->156158K(699392K), 0.0097659 secs] [Times: user=0.14 sys=0.00, real=0.01 secs] 
2016-09-15T12:20:41.805-0400: 68.822: [GC (GCLocker Initiated GC) [PSYoungGen: 173854K->49212K(175104K)] 250728K->199285K(699392K), 0.0172394 secs] [Times: user=0.20 sys=0.00, real=0.02 secs] 
2016-09-15T12:20:41.931-0400: 68.948: [GC (GCLocker Initiated GC) [PSYoungGen: 137276K->85694K(175104K)] 287453K->254387K(699392K), 0.0186152 secs] [Times: user=0.18 sys=0.01, real=0.02 secs] 
2016-09-15T12:20:42.073-0400: 69.090: [GC (GCLocker Initiated GC) [PSYoungGen: 173758K->61326K(175104K)] 348618K->321380K(699392K), 0.0143579 secs] [Times: user=0.17 sys=0.00, real=0.01 secs] 
2016-09-15T12:20:42.207-0400: 69.224: [GC (GCLocker Initiated GC) [PSYoungGen: 149390K->67665K(175104K)] 415627K->334029K(699392K), 0.0092421 secs] [Times: user=0.08 sys=0.00, real=0.02 secs] 
2016-09-15T12:20:42.315-0400: 69.332: [GC (GCLocker Initiated GC) [PSYoungGen: 155729K->73508K(175104K)] 422208K->364579K(699392K), 0.0135559 secs] [Times: user=0.14 sys=0.01, real=0.02 secs] 
2016-09-15T12:20:42.466-0400: 69.484: [GC (GCLocker Initiated GC) [PSYoungGen: 161572K->61690K(175104K)] 458743K->395430K(699392K), 0.0182255 secs] [Times: user=0.22 sys=0.00, real=0.02 secs] 
2016-09-15T12:20:42.604-0400: 69.621: [GC (GCLocker Initiated GC) [PSYoungGen: 149754K->85530K(175104K)] 489616K->468513K(699392K), 0.0184925 secs] [Times: user=0.20 sys=0.00, real=0.02 secs] 
2016-09-15T12:20:42.745-0400: 69.763: [GC (GCLocker Initiated GC) [PSYoungGen: 173594K->49536K(175104K)] 562997K->505907K(699392K), 0.0161066 secs] [Times: user=0.17 sys=0.00, real=0.02 secs] 
2016-09-15T12:20:42.762-0400: 69.779: [Full GC (Ergonomics) [PSYoungGen: 49536K->0K(175104K)] [ParOldGen: 456371K->52469K(524288K)] 505907K->52469K(699392K), [Metaspace: 44306K->44306K(1087488K)], 0.0524866 secs] [Times: user=0.28 sys=0.01, real=0.05 secs] 
2016-09-15T12:20:42.924-0400: 69.941: [GC (GCLocker Initiated GC) [PSYoungGen: 88064K->73964K(175104K)] 146869K->132769K(699392K), 0.0102353 secs] [Times: user=0.10 sys=0.01, real=0.01 secs] 
2016-09-15T12:20:43.054-0400: 70.071: [GC (GCLocker Initiated GC) [PSYoungGen: 162028K->61494K(175104K)] 220880K->157312K(699392K), 0.0115392 secs] [Times: user=0.11 sys=0.00, real=0.01 secs] 
2016-09-15T12:20:43.157-0400: 70.174: [GC (GCLocker Initiated GC) [PSYoungGen: 149558K->85790K(175104K)] 245507K->242828K(699392K), 0.0115010 secs] [Times: user=0.15 sys=0.00, real=0.01 secs] 
2016-09-15T12:20:43.275-0400: 70.292: [GC (GCLocker Initiated GC) [PSYoungGen: 173854K->85790K(175104K)] 337015K->285677K(699392K), 0.0209417 secs] [Times: user=0.24 sys=0.00, real=0.03 secs] 
2016-09-15T12:20:43.403-0400: 70.421: [GC (GCLocker Initiated GC) [PSYoungGen: 173854K->73804K(175104K)] 373744K->328669K(699392K), 0.0100048 secs] [Times: user=0.13 sys=0.01, real=0.01 secs] 
2016-09-15T12:20:43.527-0400: 70.544: [GC (GCLocker Initiated GC) [PSYoungGen: 161868K->73672K(175104K)] 422935K->353451K(699392K), 0.0095366 secs] [Times: user=0.13 sys=0.00, real=0.02 secs] 
2016-09-15T12:20:43.667-0400: 70.684: [GC (GCLocker Initiated GC) [PSYoungGen: 161736K->73992K(175104K)] 441747K->390597K(699392K), 0.0139062 secs] [Times: user=0.19 sys=0.00, real=0.02 secs] 
2016-09-15T12:20:43.818-0400: 70.835: [GC (Allocation Failure) [PSYoungGen: 162056K->55479K(175104K)] 484990K->415434K(699392K), 0.0103375 secs] [Times: user=0.14 sys=0.00, real=0.01 secs] 
2016-09-15T12:20:43.960-0400: 70.978: [GC (GCLocker Initiated GC) [PSYoungGen: 143543K->55059K(175104K)] 503500K->415135K(699392K), 0.0067672 secs] [Times: user=0.09 sys=0.00, real=0.00 secs] 
2016-09-15T12:20:44.088-0400: 71.105: [GC (GCLocker Initiated GC) [PSYoungGen: 143123K->73540K(175104K)] 503314K->476391K(699392K), 0.0097808 secs] [Times: user=0.12 sys=0.00, real=0.01 secs] 
2016-09-15T12:20:44.207-0400: 71.224: [GC (GCLocker Initiated GC) [PSYoungGen: 161604K->86054K(175104K)] 570612K->513430K(699392K), 0.0111303 secs] [Times: user=0.14 sys=0.00, real=0.02 secs] 
2016-09-15T12:20:44.321-0400: 71.338: [GC (GCLocker Initiated GC) [PSYoungGen: 174118K->85954K(175104K)] 607662K->550189K(699392K), 0.0101949 secs] [Times: user=0.10 sys=0.01, real=0.01 secs] 
2016-09-15T12:20:44.332-0400: 71.349: [Full GC (Ergonomics) [PSYoungGen: 85954K->0K(175104K)] [ParOldGen: 464234K->52538K(524288K)] 550189K->52538K(699392K), [Metaspace: 44306K->44306K(1087488K)], 0.0568066 secs] [Times: user=0.37 sys=0.01, real=0.06 secs] 
2016-09-15T12:20:44.498-0400: 71.515: [GC (GCLocker Initiated GC) [PSYoungGen: 88064K->86406K(175104K)] 140963K->145380K(699392K), 0.0097550 secs] [Times: user=0.15 sys=0.00, real=0.01 secs] 
2016-09-15T12:20:44.626-0400: 71.643: [GC (Allocation Failure) [PSYoungGen: 174470K->85986K(175104K)] 239762K->170223K(699392K), 0.0102271 secs] [Times: user=0.14 sys=0.00, real=0.02 secs] 
2016-09-15T12:20:44.735-0400: 71.752: [GC (GCLocker Initiated GC) [PSYoungGen: 169419K->43233K(175104K)] 259731K->170098K(699392K), 0.0104513 secs] [Times: user=0.09 sys=0.00, real=0.01 secs] 
2016-09-15T12:20:44.864-0400: 71.881: [GC (GCLocker Initiated GC) [PSYoungGen: 131297K->85922K(175104K)] 258451K->237683K(699392K), 0.0081723 secs] [Times: user=0.11 sys=0.01, real=0.01 secs] 
2016-09-15T12:20:45.000-0400: 72.017: [GC (GCLocker Initiated GC) [PSYoungGen: 173986K->85562K(175104K)] 325789K->292512K(699392K), 0.0110340 secs] [Times: user=0.17 sys=0.00, real=0.01 secs] 
2016-09-15T12:20:45.101-0400: 72.118: [GC (GCLocker Initiated GC) [PSYoungGen: 173626K->79815K(175104K)] 380614K->323396K(699392K), 0.0117376 secs] [Times: user=0.13 sys=0.00, real=0.01 secs] 
2016-09-15T12:20:45.249-0400: 72.266: [GC (GCLocker Initiated GC) [PSYoungGen: 167879K->85626K(175104K)] 411653K->353984K(699392K), 0.0137153 secs] [Times: user=0.16 sys=0.01, real=0.01 secs] 
2016-09-15T12:20:45.404-0400: 72.421: [GC (GCLocker Initiated GC) [PSYoungGen: 173690K->43333K(175104K)] 460539K->372890K(699392K), 0.0139181 secs] [Times: user=0.13 sys=0.01, real=0.02 secs] 
2016-09-15T12:20:45.509-0400: 72.526: [GC (GCLocker Initiated GC) [PSYoungGen: 131397K->67373K(175104K)] 461036K->397271K(699392K), 0.0150332 secs] [Times: user=0.17 sys=0.00, real=0.01 secs] 
2016-09-15T12:20:45.642-0400: 72.659: [GC (Allocation Failure) [PSYoungGen: 155437K->85986K(175104K)] 485640K->459029K(699392K), 0.0113626 secs] [Times: user=0.17 sys=0.00, real=0.01 secs] 
2016-09-15T12:20:45.773-0400: 72.790: [GC (GCLocker Initiated GC) [PSYoungGen: 174050K->55515K(175104K)] 547099K->447261K(699392K), 0.0076774 secs] [Times: user=0.10 sys=0.00, real=0.01 secs] 
2016-09-15T12:20:45.898-0400: 72.916: [GC (GCLocker Initiated GC) [PSYoungGen: 143579K->73640K(175104K)] 535675K->484096K(699392K), 0.0130027 secs] [Times: user=0.19 sys=0.00, real=0.01 secs] 
2016-09-15T12:20:46.039-0400: 73.056: [GC (GCLocker Initiated GC) [PSYoungGen: 161704K->55383K(175104K)] 572208K->484215K(699392K), 0.0155799 secs] [Times: user=0.16 sys=0.01, real=0.01 secs] 
2016-09-15T12:20:46.173-0400: 73.190: [GC (GCLocker Initiated GC) [PSYoungGen: 143447K->61622K(175104K)] 578390K->514941K(699392K), 0.0107781 secs] [Times: user=0.12 sys=0.00, real=0.01 secs] 
2016-09-15T12:20:46.300-0400: 73.317: [Full GC (Ergonomics) [PSYoungGen: 149684K->0K(175104K)] [ParOldGen: 465830K->52429K(524288K)] 615515K->52429K(699392K), [Metaspace: 44308K->44308K(1087488K)], 0.0526032 secs] [Times: user=0.37 sys=0.00, real=0.05 secs] 
2016-09-15T12:20:46.455-0400: 73.472: [GC (GCLocker Initiated GC) [PSYoungGen: 88064K->74160K(175104K)] 146610K->132706K(699392K), 0.0074843 secs] [Times: user=0.10 sys=0.00, real=0.01 secs] 
2016-09-15T12:20:46.579-0400: 73.596: [GC (GCLocker Initiated GC) [PSYoungGen: 162224K->73608K(175104K)] 220840K->169574K(699392K), 0.0090971 secs] [Times: user=0.12 sys=0.00, real=0.01 secs] 
2016-09-15T12:20:46.690-0400: 73.707: [GC (GCLocker Initiated GC) [PSYoungGen: 161672K->73772K(175104K)] 263872K->230939K(699392K), 0.0100510 secs] [Times: user=0.13 sys=0.00, real=0.01 secs] 
2016-09-15T12:20:46.832-0400: 73.849: [GC (GCLocker Initiated GC) [PSYoungGen: 161836K->73708K(175104K)] 325193K->237333K(699392K), 0.0097391 secs] [Times: user=0.09 sys=0.00, real=0.01 secs] 
2016-09-15T12:20:46.935-0400: 73.952: [GC (Allocation Failure) [PSYoungGen: 161772K->73544K(175104K)] 325673K->237753K(699392K), 0.0216035 secs] [Times: user=0.23 sys=0.02, real=0.03 secs] 
2016-09-15T12:20:47.048-0400: 74.066: [GC (GCLocker Initiated GC) [PSYoungGen: 161608K->79815K(175104K)] 325823K->262351K(699392K), 0.0113476 secs] [Times: user=0.12 sys=0.00, real=0.01 secs] 
2016-09-15T12:20:47.198-0400: 74.215: [GC (GCLocker Initiated GC) [PSYoungGen: 167879K->55319K(175104K)] 350457K->293027K(699392K), 0.0323747 secs] [Times: user=0.37 sys=0.00, real=0.03 secs] 
2016-09-15T12:20:47.332-0400: 74.350: [GC (GCLocker Initiated GC) [PSYoungGen: 143383K->85826K(175104K)] 381206K->348068K(699392K), 0.0128374 secs] [Times: user=0.14 sys=0.01, real=0.01 secs] 
2016-09-15T12:20:47.468-0400: 74.485: [GC (GCLocker Initiated GC) [PSYoungGen: 173890K->73476K(175104K)] 436493K->384987K(699392K), 0.0212779 secs] [Times: user=0.30 sys=0.00, real=0.02 secs] 
2016-09-15T12:20:47.600-0400: 74.617: [GC (GCLocker Initiated GC) [PSYoungGen: 161540K->55319K(175104K)] 479974K->373881K(699392K), 0.0074849 secs] [Times: user=0.11 sys=0.00, real=0.00 secs] 
2016-09-15T12:20:47.712-0400: 74.729: [GC (GCLocker Initiated GC) [PSYoungGen: 143383K->55319K(175104K)] 462160K->392604K(699392K), 0.0126543 secs] [Times: user=0.15 sys=0.00, real=0.01 secs] 
2016-09-15T12:20:47.839-0400: 74.856: [GC (GCLocker Initiated GC) [PSYoungGen: 143383K->85790K(175104K)] 481317K->448152K(699392K), 0.0087549 secs] [Times: user=0.11 sys=0.01, real=0.01 secs] 
2016-09-15T12:20:47.963-0400: 74.981: [GC (Allocation Failure) [PSYoungGen: 173854K->36866K(175104K)] 542585K->448389K(699392K), 0.0160359 secs] [Times: user=0.09 sys=0.01, real=0.02 secs] 
2016-09-15T12:20:48.082-0400: 75.099: [GC (GCLocker Initiated GC) [PSYoungGen: 124930K->55319K(175104K)] 536453K->485171K(699392K), 0.0112339 secs] [Times: user=0.11 sys=0.00, real=0.01 secs] 
2016-09-15T12:20:48.216-0400: 75.233: [GC (Allocation Failure) [PSYoungGen: 143383K->49280K(175104K)] 573260K->485335K(699392K), 0.0110263 secs] [Times: user=0.06 sys=0.00, real=0.00 secs] 
2016-09-15T12:20:48.320-0400: 75.337: [GC (GCLocker Initiated GC) [PSYoungGen: 137344K->79615K(175104K)] 573404K->558688K(699392K), 0.0113485 secs] [Times: user=0.16 sys=0.00, real=0.01 secs] 
2016-09-15T12:20:48.331-0400: 75.348: [Full GC (Ergonomics) [PSYoungGen: 79615K->0K(175104K)] [ParOldGen: 479073K->52744K(524288K)] 558688K->52744K(699392K), [Metaspace: 44308K->44308K(1087488K)], 0.0526050 secs] [Times: user=0.39 sys=0.01, real=0.05 secs] 
2016-09-15T12:20:48.505-0400: 75.522: [GC (Allocation Failure) [PSYoungGen: 88061K->86630K(175104K)] 141161K->139729K(699392K), 0.0099298 secs] [Times: user=0.11 sys=0.00, real=0.01 secs] 
2016-09-15T12:20:48.603-0400: 75.620: [GC (GCLocker Initiated GC) [PSYoungGen: 174694K->85822K(175104K)] 227799K->182600K(699392K), 0.0116626 secs] [Times: user=0.16 sys=0.01, real=0.01 secs] 
2016-09-15T12:20:48.710-0400: 75.727: [GC (GCLocker Initiated GC) [PSYoungGen: 173886K->86018K(175104K)] 270963K->207554K(699392K), 0.0087718 secs] [Times: user=0.13 sys=0.00, real=0.01 secs] 
2016-09-15T12:20:48.848-0400: 75.865: [GC (GCLocker Initiated GC) [PSYoungGen: 174082K->73576K(175104K)] 295844K->232440K(699392K), 0.0092523 secs] [Times: user=0.12 sys=0.02, real=0.01 secs] 
2016-09-15T12:20:48.985-0400: 76.002: [GC (GCLocker Initiated GC) [PSYoungGen: 161640K->67629K(175104K)] 332752K->239025K(699392K), 0.0114046 secs] [Times: user=0.14 sys=0.02, real=0.02 secs] 
2016-09-15T12:20:49.099-0400: 76.116: [GC (GCLocker Initiated GC) [PSYoungGen: 155693K->55415K(175104K)] 333469K->282130K(699392K), 0.0115210 secs] [Times: user=0.14 sys=0.02, real=0.01 secs] 
2016-09-15T12:20:49.241-0400: 76.258: [GC (GCLocker Initiated GC) [PSYoungGen: 143479K->86150K(175104K)] 376434K->331562K(699392K), 0.0092542 secs] [Times: user=0.14 sys=0.00, real=0.01 secs] 
2016-09-15T12:20:49.373-0400: 76.390: [GC (GCLocker Initiated GC) [PSYoungGen: 174214K->55415K(175104K)] 425877K->350083K(699392K), 0.0100736 secs] [Times: user=0.13 sys=0.01, real=0.01 secs] 
2016-09-15T12:20:49.500-0400: 76.517: [GC (GCLocker Initiated GC) [PSYoungGen: 143479K->43592K(175104K)] 444269K->356669K(699392K), 0.0116444 secs] [Times: user=0.10 sys=0.01, real=0.01 secs] 
2016-09-15T12:20:49.651-0400: 76.668: [GC (GCLocker Initiated GC) [PSYoungGen: 131656K->43365K(175104K)] 450873K->417539K(699392K), 0.0191644 secs] [Times: user=0.19 sys=0.01, real=0.02 secs] 
2016-09-15T12:20:49.790-0400: 76.807: [GC (GCLocker Initiated GC) [PSYoungGen: 131429K->42909K(175104K)] 511798K->478237K(699392K), 0.0159058 secs] [Times: user=0.15 sys=0.01, real=0.01 secs] 
2016-09-15T12:20:49.911-0400: 76.928: [GC (GCLocker Initiated GC) [PSYoungGen: 130973K->61654K(175104K)] 566505K->545945K(699392K), 0.0116665 secs] [Times: user=0.14 sys=0.02, real=0.01 secs] 
2016-09-15T12:20:49.923-0400: 76.940: [Full GC (Ergonomics) [PSYoungGen: 61654K->0K(175104K)] [ParOldGen: 484291K->52654K(524288K)] 545945K->52654K(699392K), [Metaspace: 44308K->44308K(1087488K)], 0.0520005 secs] [Times: user=0.30 sys=0.04, real=0.05 secs] 
2016-09-15T12:20:50.092-0400: 77.109: [GC (Allocation Failure) [PSYoungGen: 88064K->67693K(175104K)] 146885K->126514K(699392K), 0.0116827 secs] [Times: user=0.11 sys=0.00, real=0.01 secs] 
2016-09-15T12:20:50.224-0400: 77.241: [GC (GCLocker Initiated GC) [PSYoungGen: 155757K->67565K(175104K)] 214579K->206082K(699392K), 0.0196877 secs] [Times: user=0.27 sys=0.00, real=0.02 secs] 
2016-09-15T12:20:50.349-0400: 77.366: [GC (GCLocker Initiated GC) [PSYoungGen: 155629K->61850K(175104K)] 294299K->237122K(699392K), 0.0101978 secs] [Times: user=0.13 sys=0.00, real=0.01 secs] 
2016-09-15T12:20:50.451-0400: 77.468: [GC (GCLocker Initiated GC) [PSYoungGen: 149914K->85790K(175104K)] 325425K->298035K(699392K), 0.0160846 secs] [Times: user=0.18 sys=0.01, real=0.01 secs] 
2016-09-15T12:20:50.608-0400: 77.625: [GC (GCLocker Initiated GC) [PSYoungGen: 173854K->43233K(175104K)] 398475K->316777K(699392K), 0.0090583 secs] [Times: user=0.12 sys=0.00, real=0.01 secs] 
2016-09-15T12:20:50.742-0400: 77.759: [GC (GCLocker Initiated GC) [PSYoungGen: 131297K->55487K(175104K)] 417184K->353783K(699392K), 0.0101040 secs] [Times: user=0.08 sys=0.00, real=0.01 secs] 
2016-09-15T12:20:50.875-0400: 77.893: [GC (GCLocker Initiated GC) [PSYoungGen: 143551K->43205K(175104K)] 448238K->366353K(699392K), 0.0116175 secs] [Times: user=0.10 sys=0.01, real=0.01 secs] 
2016-09-15T12:20:51.013-0400: 78.030: [GC (GCLocker Initiated GC) [PSYoungGen: 131269K->61362K(175104K)] 460735K->409344K(699392K), 0.0237633 secs] [Times: user=0.26 sys=0.00, real=0.03 secs] 
2016-09-15T12:20:51.136-0400: 78.153: [GC (GCLocker Initiated GC) [PSYoungGen: 149426K->61782K(175104K)] 497437K->446566K(699392K), 0.0111913 secs] [Times: user=0.13 sys=0.00, real=0.00 secs] 
2016-09-15T12:20:51.251-0400: 78.268: [GC (GCLocker Initiated GC) [PSYoungGen: 149846K->73968K(175104K)] 534845K->495741K(699392K), 0.0117365 secs] [Times: user=0.16 sys=0.00, real=0.01 secs] 
2016-09-15T12:20:51.421-0400: 78.438: [GC (GCLocker Initiated GC) [PSYoungGen: 162032K->18872K(175104K)] 602368K->459617K(699392K), 0.0130370 secs] [Times: user=0.12 sys=0.00, real=0.01 secs] 
2016-09-15T12:20:51.564-0400: 78.581: [GC (GCLocker Initiated GC) [PSYoungGen: 106936K->55319K(175104K)] 547800K->496302K(699392K), 0.0072511 secs] [Times: user=0.06 sys=0.00, real=0.01 secs] 
2016-09-15T12:20:51.701-0400: 78.718: [Full GC (Ergonomics) [PSYoungGen: 143383K->0K(175104K)] [ParOldGen: 453798K->65221K(524288K)] 597181K->65221K(699392K), [Metaspace: 44310K->44310K(1087488K)], 0.0666879 secs] [Times: user=0.42 sys=0.01, real=0.06 secs] 
2016-09-15T12:20:51.881-0400: 78.898: [GC (GCLocker Initiated GC) [PSYoungGen: 88064K->73968K(175104K)] 153479K->139383K(699392K), 0.0217897 secs] [Times: user=0.26 sys=0.00, real=0.02 secs] 
2016-09-15T12:20:52.004-0400: 79.021: [GC (GCLocker Initiated GC) [PSYoungGen: 162032K->55483K(175104K)] 233883K->164199K(699392K), 0.0262525 secs] [Times: user=0.26 sys=0.00, real=0.03 secs] 
2016-09-15T12:20:52.125-0400: 79.142: [GC (GCLocker Initiated GC) [PSYoungGen: 143547K->79555K(175104K)] 252305K->219120K(699392K), 0.0154418 secs] [Times: user=0.15 sys=0.01, real=0.02 secs] 
2016-09-15T12:20:52.246-0400: 79.263: [GC (Allocation Failure) [PSYoungGen: 167619K->73836K(175104K)] 313288K->274331K(699392K), 0.0130274 secs] [Times: user=0.16 sys=0.01, real=0.02 secs] 
2016-09-15T12:20:52.353-0400: 79.370: [GC (GCLocker Initiated GC) [PSYoungGen: 161900K->36998K(175104K)] 362401K->280292K(699392K), 0.0098255 secs] [Times: user=0.08 sys=0.00, real=0.01 secs] 
2016-09-15T12:20:52.456-0400: 79.473: [GC (GCLocker Initiated GC) [PSYoungGen: 125062K->85986K(175104K)] 368471K->360053K(699392K), 0.0214930 secs] [Times: user=0.28 sys=0.00, real=0.02 secs] 
2016-09-15T12:20:52.611-0400: 79.628: [GC (GCLocker Initiated GC) [PSYoungGen: 174050K->43037K(175104K)] 454480K->390600K(699392K), 0.0108419 secs] [Times: user=0.11 sys=0.01, real=0.01 secs] 
2016-09-15T12:20:52.719-0400: 79.736: [GC (GCLocker Initiated GC) [PSYoungGen: 131101K->86182K(175104K)] 478722K->440030K(699392K), 0.0091994 secs] [Times: user=0.13 sys=0.00, real=0.01 secs] 
2016-09-15T12:20:52.860-0400: 79.877: [GC (Allocation Failure) [PSYoungGen: 174246K->49148K(175104K)] 534216K->458002K(699392K), 0.0108410 secs] [Times: user=0.10 sys=0.00, real=0.01 secs] 
2016-09-15T12:20:52.978-0400: 79.995: [GC (GCLocker Initiated GC) [PSYoungGen: 137212K->61622K(175104K)] 546071K->507207K(699392K), 0.0214379 secs] [Times: user=0.24 sys=0.00, real=0.02 secs] 
2016-09-15T12:20:52.999-0400: 80.017: [Full GC (Ergonomics) [PSYoungGen: 61622K->0K(175104K)] [ParOldGen: 445585K->46759K(524288K)] 507207K->46759K(699392K), [Metaspace: 44312K->44312K(1087488K)], 0.0519319 secs] [Times: user=0.27 sys=0.00, real=0.05 secs] 
2016-09-15T12:20:53.172-0400: 80.189: [GC (GCLocker Initiated GC) [PSYoungGen: 88064K->61814K(175104K)] 141254K->115004K(699392K), 0.0066781 secs] [Times: user=0.06 sys=0.00, real=0.01 secs] 
2016-09-15T12:20:53.284-0400: 80.301: [GC (GCLocker Initiated GC) [PSYoungGen: 149878K->55451K(175104K)] 209358K->133687K(699392K), 0.0124398 secs] [Times: user=0.11 sys=0.01, real=0.02 secs] 
2016-09-15T12:20:53.434-0400: 80.451: [GC (GCLocker Initiated GC) [PSYoungGen: 143515K->67273K(175104K)] 222023K->176611K(699392K), 0.0085786 secs] [Times: user=0.08 sys=0.00, real=0.01 secs] 
2016-09-15T12:20:53.556-0400: 80.573: [GC (GCLocker Initiated GC) [PSYoungGen: 155337K->67177K(175104K)] 264717K->176652K(699392K), 0.0096001 secs] [Times: user=0.06 sys=0.00, real=0.00 secs] 
2016-09-15T12:20:53.675-0400: 80.692: [GC (GCLocker Initiated GC) [PSYoungGen: 155241K->67633K(175104K)] 264758K->195495K(699392K), 0.0124357 secs] [Times: user=0.08 sys=0.00, real=0.01 secs] 
2016-09-15T12:20:53.815-0400: 80.833: [GC (GCLocker Initiated GC) [PSYoungGen: 155697K->37062K(175104K)] 295907K->244404K(699392K), 0.0285365 secs] [Times: user=0.33 sys=0.01, real=0.03 secs] 
2016-09-15T12:20:53.984-0400: 81.002: [GC (GCLocker Initiated GC) [PSYoungGen: 125126K->37485K(175104K)] 338893K->251365K(699392K), 0.0057085 secs] [Times: user=0.07 sys=0.00, real=0.01 secs] 
2016-09-15T12:20:54.090-0400: 81.107: [GC (GCLocker Initiated GC) [PSYoungGen: 125549K->73836K(175104K)] 345695K->312342K(699392K), 0.0124304 secs] [Times: user=0.16 sys=0.01, real=0.01 secs] 
2016-09-15T12:20:54.220-0400: 81.237: [GC (GCLocker Initiated GC) [PSYoungGen: 161900K->67569K(175104K)] 400699K->324705K(699392K), 0.0098857 secs] [Times: user=0.09 sys=0.00, real=0.01 secs] 
2016-09-15T12:20:54.330-0400: 81.347: [GC (GCLocker Initiated GC) [PSYoungGen: 155633K->55219K(175104K)] 418897K->410088K(699392K), 0.0127733 secs] [Times: user=0.20 sys=0.00, real=0.01 secs] 
2016-09-15T12:20:54.453-0400: 81.470: [GC (GCLocker Initiated GC) [PSYoungGen: 143283K->61654K(175104K)] 498295K->471492K(699392K), 0.0127653 secs] [Times: user=0.15 sys=0.00, real=0.01 secs] 
2016-09-15T12:20:54.579-0400: 81.596: [GC (Allocation Failure) [PSYoungGen: 149718K->85690K(175104K)] 559580K->526415K(699392K), 0.0141600 secs] [Times: user=0.20 sys=0.01, real=0.01 secs] 
2016-09-15T12:20:54.593-0400: 81.610: [Full GC (Ergonomics) [PSYoungGen: 85690K->0K(175104K)] [ParOldGen: 440725K->46664K(524288K)] 526415K->46664K(699392K), [Metaspace: 44312K->44312K(1087488K)], 0.0514420 secs] [Times: user=0.40 sys=0.01, real=0.05 secs] 
2016-09-15T12:20:54.749-0400: 81.766: [GC (GCLocker Initiated GC) [PSYoungGen: 88064K->86662K(175104K)] 134733K->139406K(699392K), 0.0101628 secs] [Times: user=0.14 sys=0.00, real=0.01 secs] 
2016-09-15T12:20:54.859-0400: 81.876: [GC (GCLocker Initiated GC) [PSYoungGen: 174726K->85562K(175104K)] 227619K->157632K(699392K), 0.0103284 secs] [Times: user=0.09 sys=0.01, real=0.01 secs] 
2016-09-15T12:20:54.994-0400: 82.011: [GC (GCLocker Initiated GC) [PSYoungGen: 173626K->61458K(175104K)] 246035K->200836K(699392K), 0.0240729 secs] [Times: user=0.27 sys=0.00, real=0.03 secs] 
2016-09-15T12:20:55.131-0400: 82.148: [GC (GCLocker Initiated GC) [PSYoungGen: 149522K->85758K(175104K)] 295168K->231719K(699392K), 0.0285689 secs] [Times: user=0.38 sys=0.00, real=0.03 secs] 
2016-09-15T12:20:55.275-0400: 82.292: [GC (GCLocker Initiated GC) [PSYoungGen: 173822K->85790K(175104K)] 320144K->268870K(699392K), 0.0255511 secs] [Times: user=0.35 sys=0.00, real=0.03 secs] 
2016-09-15T12:20:55.441-0400: 82.458: [GC (GCLocker Initiated GC) [PSYoungGen: 173854K->73608K(175104K)] 363090K->281360K(699392K), 0.0186098 secs] [Times: user=0.22 sys=0.00, real=0.02 secs] 
2016-09-15T12:20:55.576-0400: 82.593: [GC (Allocation Failure) [PSYoungGen: 161672K->73676K(175104K)] 369780K->282075K(699392K), 0.0171347 secs] [Times: user=0.18 sys=0.01, real=0.01 secs] 
2016-09-15T12:20:55.707-0400: 82.724: [GC (GCLocker Initiated GC) [PSYoungGen: 157136K->36962K(175104K)] 371610K->306606K(699392K), 0.0108162 secs] [Times: user=0.13 sys=0.01, real=0.02 secs] 
2016-09-15T12:20:55.848-0400: 82.865: [GC (GCLocker Initiated GC) [PSYoungGen: 125026K->86154K(175104K)] 394712K->362035K(699392K), 0.0119179 secs] [Times: user=0.11 sys=0.00, real=0.01 secs] 
2016-09-15T12:20:56.007-0400: 83.024: [GC (Allocation Failure) [PSYoungGen: 174218K->55219K(175104K)] 456372K->393004K(699392K), 0.0108682 secs] [Times: user=0.14 sys=0.00, real=0.02 secs] 
2016-09-15T12:20:56.148-0400: 83.165: [GC (GCLocker Initiated GC) [PSYoungGen: 143283K->73284K(175104K)] 481073K->411194K(699392K), 0.0241147 secs] [Times: user=0.28 sys=0.00, real=0.02 secs] 
2016-09-15T12:20:56.275-0400: 83.292: [GC (GCLocker Initiated GC) [PSYoungGen: 161348K->86018K(175104K)] 499630K->454794K(699392K), 0.0159551 secs] [Times: user=0.17 sys=0.00, real=0.02 secs] 
2016-09-15T12:20:56.414-0400: 83.431: [GC (GCLocker Initiated GC) [PSYoungGen: 174082K->73804K(175104K)] 543219K->479871K(699392K), 0.0109287 secs] [Times: user=0.13 sys=0.01, real=0.01 secs] 
2016-09-15T12:20:56.506-0400: 83.524: [GC (GCLocker Initiated GC) [PSYoungGen: 161868K->73348K(175104K)] 574054K->522267K(699392K), 0.0105731 secs] [Times: user=0.10 sys=0.00, real=0.02 secs] 
2016-09-15T12:20:56.517-0400: 83.534: [Full GC (Ergonomics) [PSYoungGen: 73348K->0K(175104K)] [ParOldGen: 448919K->65198K(524288K)] 522267K->65198K(699392K), [Metaspace: 44315K->44315K(1087488K)], 0.0524377 secs] [Times: user=0.33 sys=0.01, real=0.05 secs] 
2016-09-15T12:20:56.680-0400: 83.697: [GC (GCLocker Initiated GC) [PSYoungGen: 88064K->74907K(175104K)] 159536K->146380K(699392K), 0.0087604 secs] [Times: user=0.11 sys=0.00, real=0.01 secs] 
2016-09-15T12:20:56.791-0400: 83.808: [GC (GCLocker Initiated GC) [PSYoungGen: 162971K->73608K(175104K)] 234597K->164746K(699392K), 0.0119906 secs] [Times: user=0.15 sys=0.01, real=0.01 secs] 
2016-09-15T12:20:56.915-0400: 83.932: [GC (GCLocker Initiated GC) [PSYoungGen: 161672K->55319K(175104K)] 259447K->153214K(699392K), 0.0068473 secs] [Times: user=0.09 sys=0.00, real=0.01 secs] 
2016-09-15T12:20:57.070-0400: 84.087: [GC (Allocation Failure) [PSYoungGen: 143383K->85594K(175104K)] 241342K->202061K(699392K), 0.0144931 secs] [Times: user=0.19 sys=0.00, real=0.01 secs] 
2016-09-15T12:20:57.202-0400: 84.219: [GC (GCLocker Initiated GC) [PSYoungGen: 167908K->49344K(175104K)] 290451K->214547K(699392K), 0.0097964 secs] [Times: user=0.09 sys=0.01, real=0.01 secs] 
2016-09-15T12:20:57.298-0400: 84.315: [GC (GCLocker Initiated GC) [PSYoungGen: 137408K->85858K(175104K)] 302687K->269818K(699392K), 0.0155010 secs] [Times: user=0.18 sys=0.00, real=0.01 secs] 
2016-09-15T12:20:57.418-0400: 84.435: [GC (GCLocker Initiated GC) [PSYoungGen: 173922K->85954K(175104K)] 358063K->367611K(699392K), 0.0150292 secs] [Times: user=0.19 sys=0.00, real=0.01 secs] 
2016-09-15T12:20:57.547-0400: 84.565: [GC (Allocation Failure) [PSYoungGen: 174018K->67601K(175104K)] 461786K->391939K(699392K), 0.0119805 secs] [Times: user=0.16 sys=0.00, real=0.02 secs] 
2016-09-15T12:20:57.659-0400: 84.676: [GC (GCLocker Initiated GC) [PSYoungGen: 155665K->85822K(175104K)] 480008K->452842K(699392K), 0.0124850 secs] [Times: user=0.20 sys=0.00, real=0.01 secs] 
2016-09-15T12:20:57.813-0400: 84.830: [GC (Allocation Failure) [PSYoungGen: 173886K->43233K(175104K)] 553355K->441219K(699392K), 0.0065177 secs] [Times: user=0.06 sys=0.00, real=0.01 secs] 
2016-09-15T12:20:57.951-0400: 84.968: [GC (Allocation Failure) [PSYoungGen: 131292K->55255K(175104K)] 529278K->477832K(699392K), 0.0098115 secs] [Times: user=0.12 sys=0.00, real=0.01 secs] 
2016-09-15T12:20:58.061-0400: 85.078: [GC (GCLocker Initiated GC) [PSYoungGen: 138180K->73544K(175104K)] 566833K->502472K(699392K), 0.0071007 secs] [Times: user=0.07 sys=0.00, real=0.01 secs] 
2016-09-15T12:20:58.182-0400: 85.199: [GC (Allocation Failure) [PSYoungGen: 161608K->61526K(175104K)] 590667K->509101K(699392K), 0.0155255 secs] [Times: user=0.17 sys=0.00, real=0.02 secs] 
2016-09-15T12:20:58.293-0400: 85.310: [Full GC (Ergonomics) [PSYoungGen: 147997K->0K(175104K)] [ParOldGen: 453650K->53389K(524288K)] 601647K->53389K(699392K), [Metaspace: 44328K->44328K(1087488K)], 0.0568969 secs] [Times: user=0.35 sys=0.02, real=0.06 secs] 
2016-09-15T12:20:58.464-0400: 85.481: [GC (Allocation Failure) [PSYoungGen: 88064K->86014K(175104K)] 147553K->151578K(699392K), 0.0101446 secs] [Times: user=0.12 sys=0.00, real=0.01 secs] 
2016-09-15T12:20:58.583-0400: 85.600: [GC (Allocation Failure) [PSYoungGen: 174078K->61394K(175104K)] 239642K->176114K(699392K), 0.0129013 secs] [Times: user=0.16 sys=0.01, real=0.02 secs] 
2016-09-15T12:20:58.689-0400: 85.706: [GC (GCLocker Initiated GC) [PSYoungGen: 143649K->55938K(175104K)] 264444K->195250K(699392K), 0.0111718 secs] [Times: user=0.15 sys=0.00, real=0.01 secs] 
2016-09-15T12:20:58.819-0400: 85.837: [GC (GCLocker Initiated GC) [PSYoungGen: 144002K->73608K(175104K)] 283424K->231717K(699392K), 0.0110247 secs] [Times: user=0.12 sys=0.01, real=0.01 secs] 
2016-09-15T12:20:58.955-0400: 85.972: [GC (GCLocker Initiated GC) [PSYoungGen: 161672K->37098K(175104K)] 332107K->244078K(699392K), 0.0100993 secs] [Times: user=0.10 sys=0.00, real=0.01 secs] 
2016-09-15T12:20:59.100-0400: 86.117: [GC (GCLocker Initiated GC) [PSYoungGen: 125162K->43137K(175104K)] 344586K->262837K(699392K), 0.0199801 secs] [Times: user=0.24 sys=0.01, real=0.02 secs] 
2016-09-15T12:20:59.249-0400: 86.266: [GC (GCLocker Initiated GC) [PSYoungGen: 131201K->73708K(175104K)] 357315K->324250K(699392K), 0.0094065 secs] [Times: user=0.11 sys=0.00, real=0.01 secs] 
2016-09-15T12:20:59.388-0400: 86.405: [GC (GCLocker Initiated GC) [PSYoungGen: 161772K->55255K(175104K)] 418728K->348952K(699392K), 0.0212113 secs] [Times: user=0.22 sys=0.00, real=0.02 secs] 
2016-09-15T12:20:59.524-0400: 86.541: [GC (GCLocker Initiated GC) [PSYoungGen: 143319K->85826K(175104K)] 437231K->385932K(699392K), 0.0095805 secs] [Times: user=0.09 sys=0.00, real=0.01 secs] 
2016-09-15T12:20:59.687-0400: 86.704: [GC (GCLocker Initiated GC) [PSYoungGen: 173890K->36898K(175104K)] 480085K->361569K(699392K), 0.0336953 secs] [Times: user=0.41 sys=0.01, real=0.04 secs] 
2016-09-15T12:20:59.844-0400: 86.861: [GC (GCLocker Initiated GC) [PSYoungGen: 124962K->85630K(175104K)] 449664K->410444K(699392K), 0.0152206 secs] [Times: user=0.16 sys=0.00, real=0.02 secs] 
2016-09-15T12:20:59.959-0400: 86.976: [GC (GCLocker Initiated GC) [PSYoungGen: 173694K->61394K(175104K)] 498707K->447448K(699392K), 0.0115476 secs] [Times: user=0.12 sys=0.00, real=0.01 secs] 
2016-09-15T12:21:00.094-0400: 87.111: [GC (GCLocker Initiated GC) [PSYoungGen: 149458K->55255K(175104K)] 535857K->460146K(699392K), 0.0090288 secs] [Times: user=0.08 sys=0.00, real=0.01 secs] 
2016-09-15T12:21:00.229-0400: 87.246: [GC (GCLocker Initiated GC) [PSYoungGen: 143319K->61430K(175104K)] 548213K->484816K(699392K), 0.0157858 secs] [Times: user=0.15 sys=0.01, real=0.01 secs] 
2016-09-15T12:21:00.329-0400: 87.346: [GC (GCLocker Initiated GC) [PSYoungGen: 149494K->85598K(175104K)] 573135K->527912K(699392K), 0.0188809 secs] [Times: user=0.19 sys=0.00, real=0.02 secs] 
2016-09-15T12:21:00.486-0400: 87.503: [GC (GCLocker Initiated GC) [PSYoungGen: 173662K->49184K(175104K)] 616085K->558519K(699392K), 0.0267561 secs] [Times: user=0.23 sys=0.00, real=0.03 secs] 
2016-09-15T12:21:00.513-0400: 87.530: [Full GC (Ergonomics) [PSYoungGen: 49184K->0K(175104K)] [ParOldGen: 509335K->47477K(524288K)] 558519K->47477K(699392K), [Metaspace: 44333K->44333K(1087488K)], 0.0520729 secs] [Times: user=0.30 sys=0.00, real=0.05 secs] 
2016-09-15T12:21:00.694-0400: 87.711: [GC (GCLocker Initiated GC) [PSYoungGen: 88064K->85854K(175104K)] 141910K->164000K(699392K), 0.0115582 secs] [Times: user=0.12 sys=0.00, real=0.01 secs] 
2016-09-15T12:21:00.820-0400: 87.837: [GC (GCLocker Initiated GC) [PSYoungGen: 173918K->24716K(175104K)] 252124K->188255K(699392K), 0.0155594 secs] [Times: user=0.15 sys=0.00, real=0.01 secs] 
2016-09-15T12:21:00.930-0400: 87.947: [GC (GCLocker Initiated GC) [PSYoungGen: 112780K->86118K(175104K)] 276344K->286275K(699392K), 0.0180701 secs] [Times: user=0.21 sys=0.00, real=0.02 secs] 
2016-09-15T12:21:01.083-0400: 88.100: [GC (GCLocker Initiated GC) [PSYoungGen: 174182K->67569K(175104K)] 380636K->317159K(699392K), 0.0214736 secs] [Times: user=0.28 sys=0.01, real=0.02 secs] 
2016-09-15T12:21:01.209-0400: 88.227: [GC (GCLocker Initiated GC) [PSYoungGen: 155633K->49244K(175104K)] 411352K->359929K(699392K), 0.0099848 secs] [Times: user=0.10 sys=0.00, real=0.01 secs] 
2016-09-15T12:21:01.315-0400: 88.332: [GC (GCLocker Initiated GC) [PSYoungGen: 137308K->85986K(175104K)] 448337K->433641K(699392K), 0.0122722 secs] [Times: user=0.16 sys=0.00, real=0.01 secs] 
2016-09-15T12:21:01.437-0400: 88.454: [GC (GCLocker Initiated GC) [PSYoungGen: 174050K->85822K(175104K)] 521764K->494594K(699392K), 0.0116799 secs] [Times: user=0.14 sys=0.01, real=0.01 secs] 
2016-09-15T12:21:01.573-0400: 88.590: [GC (Allocation Failure) [PSYoungGen: 173886K->55810K(175104K)] 588735K->470935K(699392K), 0.0078713 secs] [Times: user=0.08 sys=0.00, real=0.01 secs] 
2016-09-15T12:21:01.695-0400: 88.712: [GC (GCLocker Initiated GC) [PSYoungGen: 143874K->67469K(175104K)] 559005K->501099K(699392K), 0.0133033 secs] [Times: user=0.16 sys=0.00, real=0.02 secs] 
2016-09-15T12:21:01.811-0400: 88.828: [Full GC (Ergonomics) [PSYoungGen: 155533K->0K(175104K)] [ParOldGen: 440061K->53421K(524288K)] 595594K->53421K(699392K), [Metaspace: 44345K->44345K(1087488K)], 0.0595078 secs] [Times: user=0.33 sys=0.00, real=0.06 secs] 
2016-09-15T12:21:01.990-0400: 89.008: [GC (GCLocker Initiated GC) [PSYoungGen: 88064K->85950K(175104K)] 141566K->151602K(699392K), 0.0142674 secs] [Times: user=0.14 sys=0.01, real=0.01 secs] 
2016-09-15T12:21:02.106-0400: 89.123: [GC (GCLocker Initiated GC) [PSYoungGen: 174014K->61490K(175104K)] 245845K->182429K(699392K), 0.0130676 secs] [Times: user=0.08 sys=0.00, real=0.02 secs] 
2016-09-15T12:21:02.232-0400: 89.249: [GC (GCLocker Initiated GC) [PSYoungGen: 149554K->67469K(175104K)] 270747K->219361K(699392K), 0.0106638 secs] [Times: user=0.10 sys=0.00, real=0.01 secs] 
2016-09-15T12:21:02.337-0400: 89.354: [GC (GCLocker Initiated GC) [PSYoungGen: 155533K->73544K(175104K)] 307466K->268278K(699392K), 0.0281258 secs] [Times: user=0.28 sys=0.01, real=0.02 secs] 
2016-09-15T12:21:02.483-0400: 89.500: [GC (GCLocker Initiated GC) [PSYoungGen: 161608K->61558K(175104K)] 362694K->305476K(699392K), 0.0318449 secs] [Times: user=0.34 sys=0.00, real=0.03 secs] 
2016-09-15T12:21:02.642-0400: 89.659: [GC (GCLocker Initiated GC) [PSYoungGen: 149622K->73968K(175104K)] 399763K->324556K(699392K), 0.0074718 secs] [Times: user=0.07 sys=0.00, real=0.01 secs] 
2016-09-15T12:21:02.772-0400: 89.789: [GC (GCLocker Initiated GC) [PSYoungGen: 162032K->43397K(175104K)] 412802K->312691K(699392K), 0.0134274 secs] [Times: user=0.12 sys=0.00, real=0.01 secs] 
2016-09-15T12:21:02.899-0400: 89.916: [GC (GCLocker Initiated GC) [PSYoungGen: 131461K->67697K(175104K)] 401116K->355689K(699392K), 0.0148920 secs] [Times: user=0.18 sys=0.01, real=0.01 secs] 
2016-09-15T12:21:03.021-0400: 90.038: [GC (GCLocker Initiated GC) [PSYoungGen: 155761K->79683K(175104K)] 450000K->392430K(699392K), 0.0205968 secs] [Times: user=0.29 sys=0.00, real=0.02 secs] 
2016-09-15T12:21:03.159-0400: 90.176: [GC (GCLocker Initiated GC) [PSYoungGen: 167747K->73836K(175104K)] 486924K->417465K(699392K), 0.0102841 secs] [Times: user=0.13 sys=0.01, real=0.01 secs] 
2016-09-15T12:21:03.319-0400: 90.337: [GC (GCLocker Initiated GC) [PSYoungGen: 161900K->24848K(175104K)] 517967K->417797K(699392K), 0.0224070 secs] [Times: user=0.26 sys=0.01, real=0.02 secs] 
2016-09-15T12:21:03.472-0400: 90.489: [GC (Allocation Failure) [PSYoungGen: 112912K->55547K(175104K)] 518355K->461109K(699392K), 0.0097369 secs] [Times: user=0.13 sys=0.00, real=0.01 secs] 
2016-09-15T12:21:03.579-0400: 90.596: [GC (GCLocker Initiated GC) [PSYoungGen: 143611K->73608K(175104K)] 549179K->479491K(699392K), 0.0099471 secs] [Times: user=0.14 sys=0.00, real=0.01 secs] 
2016-09-15T12:21:03.696-0400: 90.713: [GC (GCLocker Initiated GC) [PSYoungGen: 161672K->86150K(175104K)] 567664K->534990K(699392K), 0.0118091 secs] [Times: user=0.18 sys=0.00, real=0.01 secs] 
2016-09-15T12:21:03.840-0400: 90.857: [Full GC (Ergonomics) [PSYoungGen: 174214K->0K(175104K)] [ParOldGen: 455080K->45755K(524288K)] 629294K->45755K(699392K), [Metaspace: 44345K->44345K(1087488K)], 0.1551286 secs] [Times: user=1.74 sys=0.03, real=0.15 secs] 
2016-09-15T12:21:04.114-0400: 91.131: [GC (GCLocker Initiated GC) [PSYoungGen: 88064K->85790K(175104K)] 133923K->137724K(699392K), 0.0223673 secs] [Times: user=0.27 sys=0.00, real=0.03 secs] 
2016-09-15T12:21:04.283-0400: 91.300: [GC (GCLocker Initiated GC) [PSYoungGen: 173854K->37094K(175104K)] 231934K->186606K(699392K), 0.0119875 secs] [Times: user=0.09 sys=0.02, real=0.01 secs] 
2016-09-15T12:21:04.423-0400: 91.440: [GC (GCLocker Initiated GC) [PSYoungGen: 125158K->73412K(175104K)] 280848K->271943K(699392K), 0.0175682 secs] [Times: user=0.20 sys=0.00, real=0.02 secs] 
2016-09-15T12:21:04.528-0400: 91.545: [GC (GCLocker Initiated GC) [PSYoungGen: 161476K->49144K(175104K)] 366118K->320747K(699392K), 0.0099730 secs] [Times: user=0.10 sys=0.00, real=0.01 secs] 
2016-09-15T12:21:04.642-0400: 91.660: [GC (GCLocker Initiated GC) [PSYoungGen: 137208K->80043K(175104K)] 409121K->412866K(699392K), 0.0191123 secs] [Times: user=0.23 sys=0.01, real=0.02 secs] 
2016-09-15T12:21:04.766-0400: 91.783: [GC (Allocation Failure) [PSYoungGen: 168107K->79747K(175104K)] 507226K->455796K(699392K), 0.0222338 secs] [Times: user=0.32 sys=0.00, real=0.03 secs] 
2016-09-15T12:21:04.789-0400: 91.806: [GC (GCLocker Initiated GC) [PSYoungGen: 80082K->64K(175104K)] 456132K->467624K(699392K), 0.0073281 secs] [Times: user=0.11 sys=0.01, real=0.01 secs] 
2016-09-15T12:21:04.796-0400: 91.813: [Full GC (Ergonomics) [PSYoungGen: 64K->0K(175104K)] [ParOldGen: 467560K->51816K(524288K)] 467624K->51816K(699392K), [Metaspace: 44345K->44345K(1087488K)], 0.0545724 secs] [Times: user=0.42 sys=0.00, real=0.05 secs] 
2016-09-15T12:21:04.968-0400: 91.986: [GC (GCLocker Initiated GC) [PSYoungGen: 83881K->73996K(175104K)] 141772K->131887K(699392K), 0.0076298 secs] [Times: user=0.10 sys=0.00, real=0.01 secs] 
2016-09-15T12:21:05.141-0400: 92.158: [GC (GCLocker Initiated GC) [PSYoungGen: 162059K->37158K(175104K)] 238519K->150935K(699392K), 0.0097259 secs] [Times: user=0.11 sys=0.00, real=0.01 secs] 
2016-09-15T12:21:05.267-0400: 92.284: [GC (GCLocker Initiated GC) [PSYoungGen: 125222K->55383K(175104K)] 245178K->175498K(699392K), 0.0084489 secs] [Times: user=0.11 sys=0.00, real=0.01 secs] 
2016-09-15T12:21:05.377-0400: 92.395: [GC (GCLocker Initiated GC) [PSYoungGen: 143447K->55415K(175104K)] 263615K->242576K(699392K), 0.0113609 secs] [Times: user=0.16 sys=0.00, real=0.01 secs] 
2016-09-15T12:21:05.472-0400: 92.489: [GC (Allocation Failure) [PSYoungGen: 143479K->86150K(175104K)] 330760K->298538K(699392K), 0.0103061 secs] [Times: user=0.16 sys=0.00, real=0.01 secs] 
2016-09-15T12:21:05.581-0400: 92.598: [GC (Allocation Failure) [PSYoungGen: 171127K->55938K(175104K)] 383516K->287196K(699392K), 0.0086507 secs] [Times: user=0.13 sys=0.00, real=0.01 secs] 
2016-09-15T12:21:05.693-0400: 92.710: [GC (GCLocker Initiated GC) [PSYoungGen: 138840K->36962K(175104K)] 376172K->311043K(699392K), 0.0069914 secs] [Times: user=0.10 sys=0.00, real=0.01 secs] 
2016-09-15T12:21:05.834-0400: 92.851: [GC (GCLocker Initiated GC) [PSYoungGen: 125026K->85790K(175104K)] 399540K->384723K(699392K), 0.0108676 secs] [Times: user=0.13 sys=0.01, real=0.01 secs] 
2016-09-15T12:21:05.935-0400: 92.952: [GC (GCLocker Initiated GC) [PSYoungGen: 173854K->85954K(175104K)] 479005K->409793K(699392K), 0.0168963 secs] [Times: user=0.21 sys=0.01, real=0.02 secs] 
2016-09-15T12:21:06.054-0400: 93.071: [GC (GCLocker Initiated GC) [PSYoungGen: 174018K->73836K(175104K)] 504103K->458928K(699392K), 0.0150313 secs] [Times: user=0.22 sys=0.01, real=0.02 secs] 
2016-09-15T12:21:06.194-0400: 93.211: [GC (Allocation Failure) [PSYoungGen: 161900K->61654K(175104K)] 559240K->495767K(699392K), 0.0088452 secs] [Times: user=0.11 sys=0.00, real=0.01 secs] 
2016-09-15T12:21:06.303-0400: 93.320: [Full GC (Ergonomics) [PSYoungGen: 148560K->0K(175104K)] [ParOldGen: 440188K->58017K(524288K)] 588748K->58017K(699392K), [Metaspace: 44345K->44345K(1087488K)], 0.0643935 secs] [Times: user=0.45 sys=0.01, real=0.06 secs] 
2016-09-15T12:21:06.468-0400: 93.486: [GC (GCLocker Initiated GC) [PSYoungGen: 88064K->86374K(175104K)] 146190K->162725K(699392K), 0.0168280 secs] [Times: user=0.21 sys=0.00, real=0.01 secs] 
2016-09-15T12:21:06.611-0400: 93.628: [GC (GCLocker Initiated GC) [PSYoungGen: 174438K->73544K(175104K)] 250925K->187193K(699392K), 0.0107308 secs] [Times: user=0.12 sys=0.00, real=0.01 secs] 
2016-09-15T12:21:06.725-0400: 93.742: [GC (GCLocker Initiated GC) [PSYoungGen: 161608K->73640K(175104K)] 281367K->193675K(699392K), 0.0114390 secs] [Times: user=0.13 sys=0.00, real=0.02 secs] 
2016-09-15T12:21:06.865-0400: 93.883: [GC (GCLocker Initiated GC) [PSYoungGen: 161704K->42909K(175104K)] 293998K->211928K(699392K), 0.0125192 secs] [Times: user=0.10 sys=0.00, real=0.02 secs] 
2016-09-15T12:21:07.007-0400: 94.024: [GC (GCLocker Initiated GC) [PSYoungGen: 130973K->36966K(175104K)] 312207K->248670K(699392K), 0.0085467 secs] [Times: user=0.06 sys=0.01, real=0.02 secs] 
2016-09-15T12:21:07.129-0400: 94.146: [GC (GCLocker Initiated GC) [PSYoungGen: 125030K->79619K(175104K)] 337095K->322351K(699392K), 0.0115320 secs] [Times: user=0.12 sys=0.00, real=0.01 secs] 
2016-09-15T12:21:07.252-0400: 94.269: [GC (GCLocker Initiated GC) [PSYoungGen: 167683K->79683K(175104K)] 410507K->371390K(699392K), 0.0112147 secs] [Times: user=0.12 sys=0.00, real=0.01 secs] 
2016-09-15T12:21:07.379-0400: 94.396: [GC (GCLocker Initiated GC) [PSYoungGen: 167747K->73676K(175104K)] 465566K->402005K(699392K), 0.0101720 secs] [Times: user=0.11 sys=0.00, real=0.01 secs] 
2016-09-15T12:21:07.501-0400: 94.518: [GC (Allocation Failure) [PSYoungGen: 161740K->55383K(175104K)] 490094K->432808K(699392K), 0.0095813 secs] [Times: user=0.12 sys=0.00, real=0.01 secs] 
2016-09-15T12:21:07.641-0400: 94.658: [GC (GCLocker Initiated GC) [PSYoungGen: 143447K->85726K(175104K)] 520878K->505802K(699392K), 0.0112196 secs] [Times: user=0.11 sys=0.00, real=0.01 secs] 
2016-09-15T12:21:07.762-0400: 94.780: [GC (Allocation Failure) [PSYoungGen: 173790K->73512K(175104K)] 594042K->494071K(699392K), 0.0100188 secs] [Times: user=0.13 sys=0.01, real=0.01 secs] 
2016-09-15T12:21:07.897-0400: 94.914: [GC (GCLocker Initiated GC) [PSYoungGen: 157325K->55287K(175104K)] 583959K->512572K(699392K), 0.0093319 secs] [Times: user=0.10 sys=0.00, real=0.00 secs] 
2016-09-15T12:21:07.907-0400: 94.924: [Full GC (Ergonomics) [PSYoungGen: 55287K->0K(175104K)] [ParOldGen: 457285K->46085K(524288K)] 512572K->46085K(699392K), [Metaspace: 44347K->44347K(1087488K)], 0.0587928 secs] [Times: user=0.36 sys=0.01, real=0.06 secs] 
2016-09-15T12:21:08.072-0400: 95.089: [GC (GCLocker Initiated GC) [PSYoungGen: 88064K->86078K(175104K)] 140277K->168666K(699392K), 0.0107561 secs] [Times: user=0.11 sys=0.00, real=0.01 secs] 
2016-09-15T12:21:08.178-0400: 95.195: [GC (GCLocker Initiated GC) [PSYoungGen: 174142K->67697K(175104K)] 256795K->235996K(699392K), 0.0135865 secs] [Times: user=0.19 sys=0.00, real=0.01 secs] 
2016-09-15T12:21:08.301-0400: 95.318: [GC (GCLocker Initiated GC) [PSYoungGen: 155761K->43073K(175104K)] 330339K->278669K(699392K), 0.0136984 secs] [Times: user=0.12 sys=0.00, real=0.01 secs] 
2016-09-15T12:21:08.426-0400: 95.443: [GC (GCLocker Initiated GC) [PSYoungGen: 131137K->85790K(175104K)] 367094K->346339K(699392K), 0.0108465 secs] [Times: user=0.13 sys=0.00, real=0.02 secs] 
2016-09-15T12:21:08.562-0400: 95.579: [GC (GCLocker Initiated GC) [PSYoungGen: 173854K->61850K(175104K)] 434433K->359022K(699392K), 0.0104092 secs] [Times: user=0.13 sys=0.00, real=0.01 secs] 
2016-09-15T12:21:08.669-0400: 95.686: [GC (GCLocker Initiated GC) [PSYoungGen: 149914K->85854K(175104K)] 447163K->432026K(699392K), 0.0128596 secs] [Times: user=0.18 sys=0.00, real=0.01 secs] 
2016-09-15T12:21:08.809-0400: 95.826: [GC (GCLocker Initiated GC) [PSYoungGen: 173918K->74196K(175104K)] 538357K->450905K(699392K), 0.0110972 secs] [Times: user=0.14 sys=0.00, real=0.01 secs] 
2016-09-15T12:21:08.933-0400: 95.950: [GC (GCLocker Initiated GC) [PSYoungGen: 162260K->73640K(175104K)] 545354K->487441K(699392K), 0.0099976 secs] [Times: user=0.13 sys=0.00, real=0.01 secs] 
2016-09-15T12:21:09.062-0400: 96.079: [GC (GCLocker Initiated GC) [PSYoungGen: 161704K->73444K(175104K)] 575652K->518035K(699392K), 0.0132586 secs] [Times: user=0.15 sys=0.00, real=0.01 secs] 
2016-09-15T12:21:09.211-0400: 96.228: [Full GC (Ergonomics) [PSYoungGen: 161508K->0K(175104K)] [ParOldGen: 457079K->51976K(524288K)] 618587K->51976K(699392K), [Metaspace: 44349K->44349K(1087488K)], 0.0558911 secs] [Times: user=0.30 sys=0.01, real=0.05 secs] 
2016-09-15T12:21:09.383-0400: 96.400: [GC (GCLocker Initiated GC) [PSYoungGen: 88064K->73808K(175104K)] 140046K->125790K(699392K), 0.0086253 secs] [Times: user=0.07 sys=0.01, real=0.01 secs] 
2016-09-15T12:21:09.506-0400: 96.523: [GC (GCLocker Initiated GC) [PSYoungGen: 161872K->25011K(175104K)] 238493K->150492K(699392K), 0.0189181 secs] [Times: user=0.15 sys=0.00, real=0.02 secs] 
2016-09-15T12:21:09.660-0400: 96.677: [GC (GCLocker Initiated GC) [PSYoungGen: 113075K->49280K(175104K)] 244768K->181215K(699392K), 0.0129166 secs] [Times: user=0.13 sys=0.00, real=0.01 secs] 
2016-09-15T12:21:09.769-0400: 96.786: [GC (GCLocker Initiated GC) [PSYoungGen: 137344K->79683K(175104K)] 275424K->254481K(699392K), 0.0152409 secs] [Times: user=0.19 sys=0.00, real=0.01 secs] 
2016-09-15T12:21:09.901-0400: 96.918: [GC (GCLocker Initiated GC) [PSYoungGen: 167747K->24816K(175104K)] 360969K->273005K(699392K), 0.0120785 secs] [Times: user=0.13 sys=0.00, real=0.01 secs] 
2016-09-15T12:21:10.030-0400: 97.047: [GC (GCLocker Initiated GC) [PSYoungGen: 112880K->86018K(175104K)] 361345K->340826K(699392K), 0.0083305 secs] [Times: user=0.10 sys=0.01, real=0.01 secs] 
2016-09-15T12:21:10.165-0400: 97.182: [GC (Allocation Failure) [PSYoungGen: 174082K->55351K(175104K)] 429245K->347256K(699392K), 0.0156986 secs] [Times: user=0.16 sys=0.01, real=0.02 secs] 
2016-09-15T12:21:10.281-0400: 97.298: [GC (GCLocker Initiated GC) [PSYoungGen: 143415K->61522K(175104K)] 435326K->389987K(699392K), 0.0181307 secs] [Times: user=0.23 sys=0.00, real=0.02 secs] 
2016-09-15T12:21:10.409-0400: 97.427: [GC (GCLocker Initiated GC) [PSYoungGen: 149586K->85890K(175104K)] 484179K->444926K(699392K), 0.0099836 secs] [Times: user=0.12 sys=0.00, real=0.01 secs] 
2016-09-15T12:21:10.536-0400: 97.553: [GC (GCLocker Initiated GC) [PSYoungGen: 173954K->73672K(175104K)] 539247K->469827K(699392K), 0.0116718 secs] [Times: user=0.13 sys=0.01, real=0.01 secs] 
2016-09-15T12:21:10.666-0400: 97.683: [GC (GCLocker Initiated GC) [PSYoungGen: 161736K->85758K(175104K)] 557944K->524798K(699392K), 0.0108445 secs] [Times: user=0.16 sys=0.00, real=0.02 secs] 
2016-09-15T12:21:10.790-0400: 97.807: [GC (GCLocker Initiated GC) [PSYoungGen: 173822K->61494K(175104K)] 619029K->531105K(699392K), 0.0099988 secs] [Times: user=0.10 sys=0.00, real=0.01 secs] 
2016-09-15T12:21:10.800-0400: 97.817: [Full GC (Ergonomics) [PSYoungGen: 61494K->0K(175104K)] [ParOldGen: 469611K->46217K(524288K)] 531105K->46217K(699392K), [Metaspace: 44349K->44349K(1087488K)], 0.0544153 secs] [Times: user=0.35 sys=0.02, real=0.05 secs] 
2016-09-15T12:21:10.988-0400: 98.005: [GC (GCLocker Initiated GC) [PSYoungGen: 88064K->74092K(175104K)] 140408K->126437K(699392K), 0.0064438 secs] [Times: user=0.07 sys=0.00, real=0.00 secs] 
2016-09-15T12:21:11.102-0400: 98.119: [GC (GCLocker Initiated GC) [PSYoungGen: 162156K->67501K(175104K)] 214542K->138659K(699392K), 0.0150532 secs] [Times: user=0.17 sys=0.00, real=0.02 secs] 
2016-09-15T12:21:11.225-0400: 98.242: [GC (GCLocker Initiated GC) [PSYoungGen: 155565K->49504K(175104K)] 232918K->175765K(699392K), 0.0078501 secs] [Times: user=0.09 sys=0.00, real=0.01 secs] 
2016-09-15T12:21:11.338-0400: 98.355: [GC (GCLocker Initiated GC) [PSYoungGen: 137568K->73708K(175104K)] 270226K->206642K(699392K), 0.0095893 secs] [Times: user=0.08 sys=0.00, real=0.00 secs] 
2016-09-15T12:21:11.474-0400: 98.491: [GC (Allocation Failure) [PSYoungGen: 161772K->73640K(175104K)] 294814K->243440K(699392K), 0.0105612 secs] [Times: user=0.11 sys=0.01, real=0.01 secs] 
2016-09-15T12:21:11.593-0400: 98.610: [GC (GCLocker Initiated GC) [PSYoungGen: 157956K->49635K(175104K)] 333831K->268147K(699392K), 0.0120308 secs] [Times: user=0.15 sys=0.00, real=0.01 secs] 
2016-09-15T12:21:11.711-0400: 98.728: [GC (GCLocker Initiated GC) [PSYoungGen: 137699K->67597K(175104K)] 362518K->311120K(699392K), 0.0099565 secs] [Times: user=0.15 sys=0.00, real=0.01 secs] 
2016-09-15T12:21:11.834-0400: 98.851: [GC (GCLocker Initiated GC) [PSYoungGen: 155661K->86018K(175104K)] 399226K->360258K(699392K), 0.0093661 secs] [Times: user=0.13 sys=0.00, real=0.01 secs] 
2016-09-15T12:21:11.962-0400: 98.979: [GC (Allocation Failure) [PSYoungGen: 174082K->61426K(175104K)] 448604K->384879K(699392K), 0.0108570 secs] [Times: user=0.12 sys=0.01, real=0.01 secs] 
2016-09-15T12:21:12.078-0400: 99.095: [GC (GCLocker Initiated GC) [PSYoungGen: 147349K->67597K(175104K)] 476878K->421717K(699392K), 0.0092008 secs] [Times: user=0.11 sys=0.00, real=0.00 secs] 
2016-09-15T12:21:12.214-0400: 99.231: [GC (GCLocker Initiated GC) [PSYoungGen: 155661K->67437K(175104K)] 509789K->440105K(699392K), 0.0196094 secs] [Times: user=0.21 sys=0.00, real=0.02 secs] 
2016-09-15T12:21:12.345-0400: 99.362: [GC (GCLocker Initiated GC) [PSYoungGen: 155501K->73512K(175104K)] 534481K->452768K(699392K), 0.0082480 secs] [Times: user=0.08 sys=0.00, real=0.01 secs] 
2016-09-15T12:21:12.474-0400: 99.491: [GC (GCLocker Initiated GC) [PSYoungGen: 161576K->79779K(175104K)] 541199K->496151K(699392K), 0.0194402 secs] [Times: user=0.22 sys=0.00, real=0.02 secs] 
2016-09-15T12:21:12.623-0400: 99.640: [GC (GCLocker Initiated GC) [PSYoungGen: 167843K->55483K(175104K)] 590567K->496535K(699392K), 0.0216096 secs] [Times: user=0.26 sys=0.01, real=0.02 secs] 
2016-09-15T12:21:12.740-0400: 99.757: [GC (GCLocker Initiated GC) [PSYoungGen: 143547K->73576K(175104K)] 584731K->515052K(699392K), 0.0099856 secs] [Times: user=0.11 sys=0.00, real=0.01 secs] 
2016-09-15T12:21:12.862-0400: 99.880: [GC (GCLocker Initiated GC) [PSYoungGen: 161640K->85986K(175104K)] 603449K->564381K(699392K), 0.0107832 secs] [Times: user=0.13 sys=0.00, real=0.01 secs] 
2016-09-15T12:21:12.873-0400: 99.891: [Full GC (Ergonomics) [PSYoungGen: 85986K->0K(175104K)] [ParOldGen: 478395K->52387K(524288K)] 564381K->52387K(699392K), [Metaspace: 44351K->44351K(1087488K)], 0.0533580 secs] [Times: user=0.38 sys=0.00, real=0.05 secs] 
2016-09-15T12:21:13.071-0400: 100.088: [GC (Allocation Failure) [PSYoungGen: 88064K->85954K(175104K)] 146662K->150628K(699392K), 0.0110868 secs] [Times: user=0.16 sys=0.01, real=0.01 secs] 
2016-09-15T12:21:13.198-0400: 100.215: [GC (GCLocker Initiated GC) [PSYoungGen: 174016K->73508K(175104K)] 238695K->199425K(699392K), 0.0112126 secs] [Times: user=0.15 sys=0.01, real=0.01 secs] 
2016-09-15T12:21:13.307-0400: 100.324: [GC (GCLocker Initiated GC) [PSYoungGen: 161572K->74000K(175104K)] 287732K->236769K(699392K), 0.0092643 secs] [Times: user=0.12 sys=0.01, real=0.02 secs] 
2016-09-15T12:21:13.420-0400: 100.437: [GC (Allocation Failure) [PSYoungGen: 162064K->85822K(175104K)] 325127K->279592K(699392K), 0.0086246 secs] [Times: user=0.11 sys=0.01, real=0.01 secs] 
2016-09-15T12:21:13.530-0400: 100.547: [GC (GCLocker Initiated GC) [PSYoungGen: 173886K->86150K(175104K)] 367662K->304377K(699392K), 0.0099967 secs] [Times: user=0.14 sys=0.00, real=0.01 secs] 
2016-09-15T12:21:13.659-0400: 100.676: [GC (Allocation Failure) [PSYoungGen: 174214K->85562K(175104K)] 392533K->340959K(699392K), 0.0100106 secs] [Times: user=0.12 sys=0.00, real=0.01 secs] 
2016-09-15T12:21:13.669-0400: 100.686: [GC (GCLocker Initiated GC) [PSYoungGen: 85876K->64K(175104K)] 341273K->358949K(699392K), 0.0086430 secs] [Times: user=0.12 sys=0.00, real=0.01 secs] 
2016-09-15T12:21:13.793-0400: 100.810: [GC (GCLocker Initiated GC) [PSYoungGen: 88128K->86306K(175104K)] 447018K->469504K(699392K), 0.0096326 secs] [Times: user=0.14 sys=0.00, real=0.01 secs] 
2016-09-15T12:21:13.911-0400: 100.928: [GC (GCLocker Initiated GC) [PSYoungGen: 174370K->73608K(175104K)] 557929K->494377K(699392K), 0.0115607 secs] [Times: user=0.16 sys=0.01, real=0.01 secs] 
2016-09-15T12:21:14.053-0400: 101.070: [GC (GCLocker Initiated GC) [PSYoungGen: 161672K->43073K(175104K)] 600708K->482337K(699392K), 0.0097404 secs] [Times: user=0.07 sys=0.00, real=0.01 secs] 
2016-09-15T12:21:14.176-0400: 101.193: [GC (GCLocker Initiated GC) [PSYoungGen: 131137K->61394K(175104K)] 570537K->543627K(699392K), 0.0096000 secs] [Times: user=0.10 sys=0.00, real=0.00 secs] 
2016-09-15T12:21:14.185-0400: 101.203: [Full GC (Ergonomics) [PSYoungGen: 61394K->0K(175104K)] [ParOldGen: 482233K->46287K(524288K)] 543627K->46287K(699392K), [Metaspace: 44351K->44351K(1087488K)], 0.0538509 secs] [Times: user=0.37 sys=0.01, real=0.06 secs] 
2016-09-15T12:21:14.368-0400: 101.385: [GC (GCLocker Initiated GC) [PSYoungGen: 88064K->67697K(175104K)] 146560K->126193K(699392K), 0.0098843 secs] [Times: user=0.12 sys=0.00, real=0.01 secs] 
2016-09-15T12:21:14.494-0400: 101.511: [GC (GCLocker Initiated GC) [PSYoungGen: 155761K->61558K(175104K)] 232518K->187183K(699392K), 0.0268847 secs] [Times: user=0.30 sys=0.00, real=0.03 secs] 
2016-09-15T12:21:14.664-0400: 101.681: [GC (GCLocker Initiated GC) [PSYoungGen: 149622K->73476K(175104K)] 281369K->260213K(699392K), 0.0105651 secs] [Times: user=0.17 sys=0.01, real=0.01 secs] 
2016-09-15T12:21:14.789-0400: 101.806: [GC (GCLocker Initiated GC) [PSYoungGen: 161540K->73740K(175104K)] 348493K->291196K(699392K), 0.0097384 secs] [Times: user=0.12 sys=0.01, real=0.01 secs] 
2016-09-15T12:21:14.904-0400: 101.921: [GC (GCLocker Initiated GC) [PSYoungGen: 161804K->73704K(175104K)] 379559K->328420K(699392K), 0.0087601 secs] [Times: user=0.13 sys=0.00, real=0.01 secs] 
2016-09-15T12:21:15.049-0400: 102.066: [GC (GCLocker Initiated GC) [PSYoungGen: 161768K->37190K(175104K)] 434930K->310636K(699392K), 0.0078085 secs] [Times: user=0.11 sys=0.00, real=0.01 secs] 
2016-09-15T12:21:15.184-0400: 102.201: [GC (GCLocker Initiated GC) [PSYoungGen: 125254K->55711K(175104K)] 404984K->335772K(699392K), 0.0087506 secs] [Times: user=0.12 sys=0.00, real=0.01 secs] 
2016-09-15T12:21:15.305-0400: 102.322: [GC (GCLocker Initiated GC) [PSYoungGen: 143775K->43201K(175104K)] 423888K->341815K(699392K), 0.0086899 secs] [Times: user=0.07 sys=0.00, real=0.01 secs] 
2016-09-15T12:21:15.459-0400: 102.476: [GC (GCLocker Initiated GC) [PSYoungGen: 131265K->73608K(175104K)] 436169K->378656K(699392K), 0.0071311 secs] [Times: user=0.11 sys=0.00, real=0.00 secs] 
2016-09-15T12:21:15.578-0400: 102.595: [GC (GCLocker Initiated GC) [PSYoungGen: 161672K->55319K(175104K)] 472909K->403313K(699392K), 0.0145491 secs] [Times: user=0.17 sys=0.00, real=0.01 secs] 
2016-09-15T12:21:15.701-0400: 102.718: [GC (GCLocker Initiated GC) [PSYoungGen: 143383K->55387K(175104K)] 497673K->409952K(699392K), 0.0100396 secs] [Times: user=0.07 sys=0.01, real=0.01 secs] 
2016-09-15T12:21:15.813-0400: 102.830: [GC (GCLocker Initiated GC) [PSYoungGen: 143451K->85662K(175104K)] 498227K->452864K(699392K), 0.0112901 secs] [Times: user=0.09 sys=0.00, real=0.01 secs] 
2016-09-15T12:21:15.921-0400: 102.938: [GC (GCLocker Initiated GC) [PSYoungGen: 173726K->85922K(175104K)] 541255K->477879K(699392K), 0.0104777 secs] [Times: user=0.12 sys=0.00, real=0.01 secs] 
2016-09-15T12:21:16.051-0400: 103.069: [GC (GCLocker Initiated GC) [PSYoungGen: 173984K->61266K(175104K)] 566302K->484210K(699392K), 0.0196654 secs] [Times: user=0.19 sys=0.01, real=0.02 secs] 
2016-09-15T12:21:16.180-0400: 103.197: [GC (GCLocker Initiated GC) [PSYoungGen: 149330K->73772K(175104K)] 572529K->497247K(699392K), 0.0079224 secs] [Times: user=0.09 sys=0.00, real=0.01 secs] 
2016-09-15T12:21:16.317-0400: 103.334: [GC (GCLocker Initiated GC) [PSYoungGen: 161836K->55251K(175104K)] 591662K->503749K(699392K), 0.0252195 secs] [Times: user=0.27 sys=0.00, real=0.02 secs] 
2016-09-15T12:21:16.475-0400: 103.492: [GC (GCLocker Initiated GC) [PSYoungGen: 143315K->79519K(175104K)] 591838K->528145K(699392K), 0.0088321 secs] [Times: user=0.09 sys=0.00, real=0.01 secs] 
2016-09-15T12:21:16.586-0400: 103.603: [GC (GCLocker Initiated GC) [PSYoungGen: 167583K->61722K(175104K)] 616351K->540961K(699392K), 0.0112778 secs] [Times: user=0.09 sys=0.00, real=0.02 secs] 
2016-09-15T12:21:16.597-0400: 103.614: [Full GC (Ergonomics) [PSYoungGen: 61722K->0K(175104K)] [ParOldGen: 479239K->52798K(524288K)] 540961K->52798K(699392K), [Metaspace: 44352K->44352K(1087488K)], 0.0554120 secs] [Times: user=0.40 sys=0.00, real=0.05 secs] 
2016-09-15T12:21:16.765-0400: 103.782: [GC (GCLocker Initiated GC) [PSYoungGen: 88064K->55415K(175104K)] 159313K->126664K(699392K), 0.0208051 secs] [Times: user=0.28 sys=0.00, real=0.02 secs] 
2016-09-15T12:21:16.901-0400: 103.919: [GC (GCLocker Initiated GC) [PSYoungGen: 143479K->55807K(175104K)] 220850K->151882K(699392K), 0.0116236 secs] [Times: user=0.16 sys=0.00, real=0.01 secs] 
2016-09-15T12:21:17.029-0400: 104.046: [GC (GCLocker Initiated GC) [PSYoungGen: 143871K->73936K(175104K)] 240022K->188619K(699392K), 0.0077633 secs] [Times: user=0.10 sys=0.01, real=0.01 secs] 
2016-09-15T12:21:17.148-0400: 104.165: [GC (GCLocker Initiated GC) [PSYoungGen: 162000K->79779K(175104K)] 283075K->219387K(699392K), 0.0115848 secs] [Times: user=0.14 sys=0.00, real=0.01 secs] 
2016-09-15T12:21:17.277-0400: 104.294: [GC (GCLocker Initiated GC) [PSYoungGen: 167843K->73744K(175104K)] 313758K->250137K(699392K), 0.0152831 secs] [Times: user=0.13 sys=0.01, real=0.01 secs] 
2016-09-15T12:21:17.428-0400: 104.445: [GC (GCLocker Initiated GC) [PSYoungGen: 161808K->36998K(175104K)] 350707K->244521K(699392K), 0.0134910 secs] [Times: user=0.06 sys=0.00, real=0.01 secs] 
2016-09-15T12:21:17.577-0400: 104.594: [GC (Allocation Failure) [PSYoungGen: 125062K->37222K(175104K)] 345023K->275496K(699392K), 0.0237714 secs] [Times: user=0.29 sys=0.00, real=0.02 secs] 
2016-09-15T12:21:17.689-0400: 104.706: [GC (GCLocker Initiated GC) [PSYoungGen: 124549K->73708K(175104K)] 368898K->318184K(699392K), 0.0075166 secs] [Times: user=0.07 sys=0.00, real=0.01 secs] 
2016-09-15T12:21:17.860-0400: 104.877: [GC (GCLocker Initiated GC) [PSYoungGen: 161772K->49148K(175104K)] 412404K->318428K(699392K), 0.0211251 secs] [Times: user=0.24 sys=0.01, real=0.02 secs] 
2016-09-15T12:21:18.003-0400: 105.021: [GC (GCLocker Initiated GC) [PSYoungGen: 137212K->85658K(175104K)] 406552K->361364K(699392K), 0.0112082 secs] [Times: user=0.10 sys=0.00, real=0.01 secs] 
2016-09-15T12:21:18.114-0400: 105.132: [GC (GCLocker Initiated GC) [PSYoungGen: 173722K->79523K(175104K)] 449465K->397902K(699392K), 0.0339206 secs] [Times: user=0.36 sys=0.00, real=0.04 secs] 
2016-09-15T12:21:18.252-0400: 105.269: [GC (GCLocker Initiated GC) [PSYoungGen: 167587K->85594K(175104K)] 486020K->507601K(699392K), 0.0127055 secs] [Times: user=0.20 sys=0.00, real=0.01 secs] 
2016-09-15T12:21:18.388-0400: 105.405: [GC (GCLocker Initiated GC) [PSYoungGen: 173658K->73704K(175104K)] 595848K->556811K(699392K), 0.0108601 secs] [Times: user=0.16 sys=0.00, real=0.02 secs] 
2016-09-15T12:21:18.399-0400: 105.416: [Full GC (Ergonomics) [PSYoungGen: 73704K->0K(175104K)] [ParOldGen: 483107K->46738K(524288K)] 556811K->46738K(699392K), [Metaspace: 44358K->44358K(1087488K)], 0.0535157 secs] [Times: user=0.41 sys=0.01, real=0.05 secs] 
2016-09-15T12:21:18.552-0400: 105.570: [GC (GCLocker Initiated GC) [PSYoungGen: 88064K->73896K(175104K)] 141030K->126863K(699392K), 0.0082333 secs] [Times: user=0.11 sys=0.00, real=0.01 secs] 
2016-09-15T12:21:18.682-0400: 105.699: [GC (GCLocker Initiated GC) [PSYoungGen: 161960K->61722K(175104K)] 215049K->151817K(699392K), 0.0091618 secs] [Times: user=0.10 sys=0.00, real=0.01 secs] 
2016-09-15T12:21:18.817-0400: 105.834: [GC (GCLocker Initiated GC) [PSYoungGen: 149786K->85690K(175104K)] 246171K->206675K(699392K), 0.0176457 secs] [Times: user=0.24 sys=0.00, real=0.01 secs] 
2016-09-15T12:21:18.944-0400: 105.961: [GC (GCLocker Initiated GC) [PSYoungGen: 173754K->86018K(175104K)] 295061K->250025K(699392K), 0.0109412 secs] [Times: user=0.17 sys=0.00, real=0.01 secs] 
2016-09-15T12:21:19.091-0400: 106.108: [GC (GCLocker Initiated GC) [PSYoungGen: 174082K->49016K(175104K)] 344240K->256023K(699392K), 0.0125553 secs] [Times: user=0.08 sys=0.00, real=0.01 secs] 
2016-09-15T12:21:19.221-0400: 106.238: [GC (GCLocker Initiated GC) [PSYoungGen: 137080K->73544K(175104K)] 350305K->311196K(699392K), 0.0239215 secs] [Times: user=0.31 sys=0.01, real=0.02 secs] 
2016-09-15T12:21:19.371-0400: 106.388: [GC (Allocation Failure) [PSYoungGen: 161608K->36930K(175104K)] 405489K->317553K(699392K), 0.0088701 secs] [Times: user=0.10 sys=0.02, real=0.01 secs] 
2016-09-15T12:21:19.510-0400: 106.527: [GC (GCLocker Initiated GC) [PSYoungGen: 123918K->61558K(175104K)] 410616K->348367K(699392K), 0.0085960 secs] [Times: user=0.09 sys=0.00, real=0.01 secs] 
2016-09-15T12:21:19.634-0400: 106.652: [GC (GCLocker Initiated GC) [PSYoungGen: 149622K->73672K(175104K)] 436433K->379344K(699392K), 0.0119751 secs] [Times: user=0.14 sys=0.01, real=0.01 secs] 
2016-09-15T12:21:19.748-0400: 106.765: [GC (GCLocker Initiated GC) [PSYoungGen: 161736K->85858K(175104K)] 467551K->410041K(699392K), 0.0100651 secs] [Times: user=0.08 sys=0.00, real=0.01 secs] 
2016-09-15T12:21:19.878-0400: 106.895: [GC (GCLocker Initiated GC) [PSYoungGen: 173922K->85658K(175104K)] 498281K->477322K(699392K), 0.0136251 secs] [Times: user=0.18 sys=0.01, real=0.01 secs] 
2016-09-15T12:21:20.028-0400: 107.045: [GC (Allocation Failure) [PSYoungGen: 173722K->67501K(175104K)] 571581K->495871K(699392K), 0.0176880 secs] [Times: user=0.23 sys=0.00, real=0.01 secs] 
2016-09-15T12:21:20.133-0400: 107.150: [GC (GCLocker Initiated GC) [PSYoungGen: 155565K->79747K(175104K)] 583940K->544880K(699392K), 0.0108186 secs] [Times: user=0.12 sys=0.01, real=0.01 secs] 
2016-09-15T12:21:20.144-0400: 107.161: [Full GC (Ergonomics) [PSYoungGen: 79747K->0K(175104K)] [ParOldGen: 465133K->52734K(524288K)] 544880K->52734K(699392K), [Metaspace: 44358K->44358K(1087488K)], 0.0558964 secs] [Times: user=0.40 sys=0.00, real=0.06 secs] 
2016-09-15T12:21:20.305-0400: 107.322: [GC (GCLocker Initiated GC) [PSYoungGen: 88064K->86406K(175104K)] 140846K->175638K(699392K), 0.0114319 secs] [Times: user=0.15 sys=0.00, real=0.02 secs] 
2016-09-15T12:21:20.441-0400: 107.458: [GC (GCLocker Initiated GC) [PSYoungGen: 174470K->85758K(175104K)] 263744K->206127K(699392K), 0.0100408 secs] [Times: user=0.13 sys=0.00, real=0.01 secs] 
2016-09-15T12:21:20.556-0400: 107.573: [GC (GCLocker Initiated GC) [PSYoungGen: 173822K->79567K(175104K)] 294306K->218567K(699392K), 0.0101055 secs] [Times: user=0.10 sys=0.00, real=0.00 secs] 
2016-09-15T12:21:20.690-0400: 107.707: [GC (GCLocker Initiated GC) [PSYoungGen: 167631K->73640K(175104K)] 312866K->304093K(699392K), 0.0136571 secs] [Times: user=0.17 sys=0.02, real=0.01 secs] 
2016-09-15T12:21:20.812-0400: 107.829: [GC (GCLocker Initiated GC) [PSYoungGen: 161704K->85822K(175104K)] 392317K->353208K(699392K), 0.0118596 secs] [Times: user=0.17 sys=0.01, real=0.01 secs] 
2016-09-15T12:21:20.950-0400: 107.967: [GC (Allocation Failure) [PSYoungGen: 173886K->55383K(175104K)] 447557K->371846K(699392K), 0.0104158 secs] [Times: user=0.11 sys=0.00, real=0.01 secs] 
2016-09-15T12:21:21.099-0400: 108.116: [GC (GCLocker Initiated GC) [PSYoungGen: 141665K->36866K(175104K)] 464203K->377897K(699392K), 0.0083525 secs] [Times: user=0.06 sys=0.00, real=0.01 secs] 
2016-09-15T12:21:21.242-0400: 108.259: [GC (GCLocker Initiated GC) [PSYoungGen: 124929K->55355K(175104K)] 472391K->402904K(699392K), 0.0173274 secs] [Times: user=0.15 sys=0.00, real=0.02 secs] 
2016-09-15T12:21:21.343-0400: 108.360: [GC (GCLocker Initiated GC) [PSYoungGen: 143419K->73868K(175104K)] 503249K->434357K(699392K), 0.0084283 secs] [Times: user=0.12 sys=0.00, real=0.01 secs] 
2016-09-15T12:21:21.470-0400: 108.487: [GC (GCLocker Initiated GC) [PSYoungGen: 161932K->43368K(175104K)] 534921K->434694K(699392K), 0.0388351 secs] [Times: user=0.43 sys=0.02, real=0.04 secs] 
2016-09-15T12:21:21.611-0400: 108.629: [GC (GCLocker Initiated GC) [PSYoungGen: 131432K->73608K(175104K)] 522901K->465524K(699392K), 0.0161989 secs] [Times: user=0.15 sys=0.01, real=0.02 secs] 
2016-09-15T12:21:21.747-0400: 108.764: [GC (GCLocker Initiated GC) [PSYoungGen: 161672K->55483K(175104K)] 559839K->472011K(699392K), 0.0105589 secs] [Times: user=0.12 sys=0.00, real=0.02 secs] 
2016-09-15T12:21:21.872-0400: 108.889: [GC (GCLocker Initiated GC) [PSYoungGen: 143547K->55611K(175104K)] 572373K->521366K(699392K), 0.0088123 secs] [Times: user=0.10 sys=0.00, real=0.01 secs] 
2016-09-15T12:21:21.881-0400: 108.898: [Full GC (Ergonomics) [PSYoungGen: 55611K->0K(175104K)] [ParOldGen: 465755K->58722K(524288K)] 521366K->58722K(699392K), [Metaspace: 44358K->44358K(1087488K)], 0.0598736 secs] [Times: user=0.37 sys=0.01, real=0.06 secs] 
2016-09-15T12:21:22.048-0400: 109.065: [GC (GCLocker Initiated GC) [PSYoungGen: 88064K->86474K(175104K)] 146866K->169576K(699392K), 0.0130575 secs] [Times: user=0.14 sys=0.00, real=0.01 secs] 
2016-09-15T12:21:22.194-0400: 109.211: [GC (Allocation Failure) [PSYoungGen: 174538K->37322K(175104K)] 269837K->170103K(699392K), 0.0148509 secs] [Times: user=0.19 sys=0.00, real=0.02 secs] 
2016-09-15T12:21:22.209-0400: 109.226: [GC (GCLocker Initiated GC) [PSYoungGen: 37331K->192K(175104K)] 170113K->170325K(699392K), 0.0066297 secs] [Times: user=0.09 sys=0.00, real=0.01 secs] 
2016-09-15T12:21:22.321-0400: 109.338: [GC (GCLocker Initiated GC) [PSYoungGen: 88256K->73444K(175104K)] 258396K->243593K(699392K), 0.0079671 secs] [Times: user=0.11 sys=0.00, real=0.01 secs] 
2016-09-15T12:21:22.433-0400: 109.450: [GC (GCLocker Initiated GC) [PSYoungGen: 161508K->80043K(175104K)] 331693K->268596K(699392K), 0.0103669 secs] [Times: user=0.15 sys=0.00, real=0.01 secs] 
2016-09-15T12:21:22.552-0400: 109.569: [GC (GCLocker Initiated GC) [PSYoungGen: 168107K->49112K(175104K)] 356719K->298914K(699392K), 0.0123224 secs] [Times: user=0.10 sys=0.01, real=0.01 secs] 
2016-09-15T12:21:22.662-0400: 109.680: [GC (Allocation Failure) [PSYoungGen: 137176K->73672K(175104K)] 387193K->390682K(699392K), 0.0129217 secs] [Times: user=0.18 sys=0.00, real=0.01 secs] 
2016-09-15T12:21:22.803-0400: 109.820: [GC (GCLocker Initiated GC) [PSYoungGen: 160863K->74000K(175104K)] 483948K->397556K(699392K), 0.0070824 secs] [Times: user=0.09 sys=0.00, real=0.01 secs] 
2016-09-15T12:21:22.941-0400: 109.958: [GC (GCLocker Initiated GC) [PSYoungGen: 162064K->79779K(175104K)] 491771K->446095K(699392K), 0.0347238 secs] [Times: user=0.45 sys=0.01, real=0.03 secs] 
2016-09-15T12:21:23.106-0400: 110.123: [GC (GCLocker Initiated GC) [PSYoungGen: 167843K->49440K(175104K)] 546480K->476804K(699392K), 0.0094194 secs] [Times: user=0.08 sys=0.00, real=0.01 secs] 
2016-09-15T12:21:23.225-0400: 110.242: [GC (GCLocker Initiated GC) [PSYoungGen: 137504K->61394K(175104K)] 565542K->489715K(699392K), 0.0100085 secs] [Times: user=0.13 sys=0.00, real=0.01 secs] 
2016-09-15T12:21:23.333-0400: 110.350: [GC (GCLocker Initiated GC) [PSYoungGen: 149458K->55447K(175104K)] 589955K->538792K(699392K), 0.0115127 secs] [Times: user=0.19 sys=0.00, real=0.01 secs] 
2016-09-15T12:21:23.344-0400: 110.361: [Full GC (Ergonomics) [PSYoungGen: 55447K->0K(175104K)] [ParOldGen: 483345K->52814K(524288K)] 538792K->52814K(699392K), [Metaspace: 44361K->44361K(1087488K)], 0.0568677 secs] [Times: user=0.45 sys=0.01, real=0.06 secs] 
2016-09-15T12:21:23.512-0400: 110.529: [GC (GCLocker Initiated GC) [PSYoungGen: 88064K->86210K(175104K)] 140890K->145112K(699392K), 0.0109812 secs] [Times: user=0.13 sys=0.00, real=0.01 secs] 
2016-09-15T12:21:23.647-0400: 110.665: [GC (GCLocker Initiated GC) [PSYoungGen: 174274K->49180K(175104K)] 245423K->157483K(699392K), 0.0216138 secs] [Times: user=0.21 sys=0.01, real=0.03 secs] 
2016-09-15T12:21:23.773-0400: 110.790: [GC (GCLocker Initiated GC) [PSYoungGen: 137244K->43041K(175104K)] 246304K->152197K(699392K), 0.0063362 secs] [Times: user=0.05 sys=0.00, real=0.01 secs] 
2016-09-15T12:21:23.895-0400: 110.912: [GC (GCLocker Initiated GC) [PSYoungGen: 131105K->85790K(175104K)] 246468K->219653K(699392K), 0.0263088 secs] [Times: user=0.29 sys=0.00, real=0.03 secs] 
2016-09-15T12:21:24.038-0400: 111.055: [GC (GCLocker Initiated GC) [PSYoungGen: 173854K->55319K(175104K)] 307854K->219806K(699392K), 0.0159468 secs] [Times: user=0.16 sys=0.00, real=0.01 secs] 
2016-09-15T12:21:24.162-0400: 111.179: [GC (GCLocker Initiated GC) [PSYoungGen: 143383K->55647K(175104K)] 314272K->245060K(699392K), 0.0142673 secs] [Times: user=0.15 sys=0.01, real=0.02 secs] 
2016-09-15T12:21:24.296-0400: 111.313: [GC (Allocation Failure) [PSYoungGen: 143711K->67337K(175104K)] 333979K->257889K(699392K), 0.0228685 secs] [Times: user=0.23 sys=0.00, real=0.02 secs] 
2016-09-15T12:21:24.425-0400: 111.443: [GC (GCLocker Initiated GC) [PSYoungGen: 155401K->79587K(175104K)] 345959K->288489K(699392K), 0.0100911 secs] [Times: user=0.09 sys=0.00, real=0.01 secs] 
2016-09-15T12:21:24.544-0400: 111.561: [GC (GCLocker Initiated GC) [PSYoungGen: 167651K->61494K(175104K)] 376774K->289101K(699392K), 0.0285363 secs] [Times: user=0.31 sys=0.00, real=0.03 secs] 
2016-09-15T12:21:24.677-0400: 111.694: [GC (GCLocker Initiated GC) [PSYoungGen: 149558K->55123K(175104K)] 377339K->337862K(699392K), 0.0103542 secs] [Times: user=0.09 sys=0.00, real=0.00 secs] 
2016-09-15T12:21:24.805-0400: 111.823: [GC (GCLocker Initiated GC) [PSYoungGen: 143187K->55419K(175104K)] 438353K->350712K(699392K), 0.0078434 secs] [Times: user=0.07 sys=0.00, real=0.01 secs] 
2016-09-15T12:21:24.923-0400: 111.940: [GC (GCLocker Initiated GC) [PSYoungGen: 143483K->61202K(175104K)] 439014K->375381K(699392K), 0.0343776 secs] [Times: user=0.32 sys=0.00, real=0.04 secs] 
2016-09-15T12:21:25.069-0400: 112.086: [GC (GCLocker Initiated GC) [PSYoungGen: 149266K->73868K(175104K)] 469724K->412679K(699392K), 0.0109642 secs] [Times: user=0.13 sys=0.01, real=0.01 secs] 
2016-09-15T12:21:25.210-0400: 112.227: [GC (GCLocker Initiated GC) [PSYoungGen: 161932K->49116K(175104K)] 506961K->412621K(699392K), 0.0072911 secs] [Times: user=0.06 sys=0.00, real=0.01 secs] 
2016-09-15T12:21:25.315-0400: 112.332: [GC (Allocation Failure) [PSYoungGen: 137180K->73804K(175104K)] 507093K->468128K(699392K), 0.0119077 secs] [Times: user=0.15 sys=0.00, real=0.01 secs] 
2016-09-15T12:21:25.461-0400: 112.478: [GC (GCLocker Initiated GC) [PSYoungGen: 161868K->73380K(175104K)] 556198K->504459K(699392K), 0.0112448 secs] [Times: user=0.09 sys=0.01, real=0.01 secs] 
2016-09-15T12:21:25.610-0400: 112.627: [GC (GCLocker Initiated GC) [PSYoungGen: 161444K->61166K(175104K)] 598757K->498559K(699392K), 0.0159214 secs] [Times: user=0.18 sys=0.00, real=0.01 secs] 
2016-09-15T12:21:25.725-0400: 112.742: [GC (GCLocker Initiated GC) [PSYoungGen: 149230K->79587K(175104K)] 586832K->517309K(699392K), 0.0165113 secs] [Times: user=0.18 sys=0.00, real=0.02 secs] 
2016-09-15T12:21:25.874-0400: 112.891: [GC (Allocation Failure) [PSYoungGen: 167651K->79519K(175104K)] 611551K->560184K(699392K), 0.0112936 secs] [Times: user=0.14 sys=0.00, real=0.01 secs] 
2016-09-15T12:21:25.885-0400: 112.902: [Full GC (Ergonomics) [PSYoungGen: 79519K->0K(175104K)] [ParOldGen: 480665K->52782K(524288K)] 560184K->52782K(699392K), [Metaspace: 44371K->44371K(1087488K)], 0.0575997 secs] [Times: user=0.35 sys=0.01, real=0.06 secs] 
2016-09-15T12:21:26.066-0400: 113.083: [GC (GCLocker Initiated GC) [PSYoungGen: 86080K->80203K(175104K)] 144938K->139060K(699392K), 0.0103923 secs] [Times: user=0.12 sys=0.00, real=0.02 secs] 
2016-09-15T12:21:26.181-0400: 113.198: [GC (GCLocker Initiated GC) [PSYoungGen: 168267K->79747K(175104K)] 233313K->176084K(699392K), 0.0106298 secs] [Times: user=0.11 sys=0.01, real=0.01 secs] 
2016-09-15T12:21:26.295-0400: 113.312: [GC (GCLocker Initiated GC) [PSYoungGen: 167811K->86018K(175104K)] 264291K->249498K(699392K), 0.0140804 secs] [Times: user=0.19 sys=0.01, real=0.02 secs] 
2016-09-15T12:21:26.405-0400: 113.422: [GC (Allocation Failure) [PSYoungGen: 174082K->85626K(175104K)] 343684K->322533K(699392K), 0.0134187 secs] [Times: user=0.21 sys=0.00, real=0.02 secs] 
2016-09-15T12:21:26.514-0400: 113.532: [GC (GCLocker Initiated GC) [PSYoungGen: 172834K->73900K(175104K)] 415817K->371733K(699392K), 0.0111024 secs] [Times: user=0.17 sys=0.00, real=0.01 secs] 
2016-09-15T12:21:26.642-0400: 113.659: [GC (GCLocker Initiated GC) [PSYoungGen: 161964K->86182K(175104K)] 460096K->408914K(699392K), 0.0124298 secs] [Times: user=0.19 sys=0.00, real=0.01 secs] 
2016-09-15T12:21:26.772-0400: 113.789: [GC (Allocation Failure) [PSYoungGen: 174246K->24880K(175104K)] 503936K->373046K(699392K), 0.0091098 secs] [Times: user=0.09 sys=0.00, real=0.01 secs] 
2016-09-15T12:21:26.904-0400: 113.921: [GC (GCLocker Initiated GC) [PSYoungGen: 112196K->55383K(175104K)] 466438K->409948K(699392K), 0.0095345 secs] [Times: user=0.16 sys=0.00, real=0.01 secs] 
2016-09-15T12:21:27.027-0400: 114.044: [GC (GCLocker Initiated GC) [PSYoungGen: 143447K->73608K(175104K)] 498211K->446881K(699392K), 0.0098176 secs] [Times: user=0.13 sys=0.01, real=0.02 secs] 
2016-09-15T12:21:27.151-0400: 114.168: [GC (GCLocker Initiated GC) [PSYoungGen: 161672K->85790K(175104K)] 535261K->483830K(699392K), 0.0106645 secs] [Times: user=0.14 sys=0.00, real=0.01 secs] 
2016-09-15T12:21:27.285-0400: 114.302: [GC (GCLocker Initiated GC) [PSYoungGen: 173854K->73416K(175104K)] 578622K->514730K(699392K), 0.0216617 secs] [Times: user=0.23 sys=0.00, real=0.02 secs] 
2016-09-15T12:21:27.423-0400: 114.440: [GC (GCLocker Initiated GC) [PSYoungGen: 161480K->67405K(175104K)] 602859K->527284K(699392K), 0.0322189 secs] [Times: user=0.36 sys=0.00, real=0.03 secs] 
2016-09-15T12:21:27.455-0400: 114.472: [Full GC (Ergonomics) [PSYoungGen: 67405K->0K(175104K)] [ParOldGen: 459879K->52922K(524288K)] 527284K->52922K(699392K), [Metaspace: 44376K->44376K(1087488K)], 0.0568512 secs] [Times: user=0.37 sys=0.00, real=0.06 secs] 
2016-09-15T12:21:27.627-0400: 114.644: [GC (GCLocker Initiated GC) [PSYoungGen: 88064K->86274K(175104K)] 147265K->188000K(699392K), 0.0116389 secs] [Times: user=0.15 sys=0.00, real=0.02 secs] 
2016-09-15T12:21:27.745-0400: 114.762: [GC (GCLocker Initiated GC) [PSYoungGen: 174338K->86018K(175104K)] 276375K->243317K(699392K), 0.0131142 secs] [Times: user=0.17 sys=0.00, real=0.02 secs] 
2016-09-15T12:21:27.880-0400: 114.897: [GC (GCLocker Initiated GC) [PSYoungGen: 174082K->73476K(175104K)] 331529K->292153K(699392K), 0.0225010 secs] [Times: user=0.32 sys=0.00, real=0.02 secs] 
2016-09-15T12:21:28.003-0400: 115.020: [GC (GCLocker Initiated GC) [PSYoungGen: 161540K->85854K(175104K)] 380303K->347270K(699392K), 0.0124484 secs] [Times: user=0.20 sys=0.00, real=0.01 secs] 
2016-09-15T12:21:28.130-0400: 115.147: [GC (Allocation Failure) [PSYoungGen: 173918K->67565K(175104K)] 435571K->384209K(699392K), 0.0122244 secs] [Times: user=0.17 sys=0.01, real=0.01 secs] 
2016-09-15T12:21:28.270-0400: 115.287: [GC (GCLocker Initiated GC) [PSYoungGen: 155629K->73704K(175104K)] 472274K->427107K(699392K), 0.0138824 secs] [Times: user=0.19 sys=0.00, real=0.01 secs] 
2016-09-15T12:21:28.388-0400: 115.405: [GC (GCLocker Initiated GC) [PSYoungGen: 161768K->61426K(175104K)] 515303K->457653K(699392K), 0.0110964 secs] [Times: user=0.16 sys=0.00, real=0.01 secs] 
2016-09-15T12:21:28.511-0400: 115.528: [GC (Allocation Failure) [PSYoungGen: 149490K->68220K(175104K)] 551890K->507222K(699392K), 0.0126986 secs] [Times: user=0.17 sys=0.01, real=0.01 secs] 
2016-09-15T12:21:28.636-0400: 115.653: [GC (GCLocker Initiated GC) [PSYoungGen: 154125K->85822K(175104K)] 599201K->592472K(699392K), 0.0132271 secs] [Times: user=0.21 sys=0.00, real=0.01 secs] 
2016-09-15T12:21:28.650-0400: 115.667: [Full GC (Ergonomics) [PSYoungGen: 85822K->0K(175104K)] [ParOldGen: 506650K->65989K(524288K)] 592472K->65989K(699392K), [Metaspace: 44377K->44377K(1087488K)], 0.0566459 secs] [Times: user=0.42 sys=0.02, real=0.05 secs] 
2016-09-15T12:21:28.814-0400: 115.831: [GC (GCLocker Initiated GC) [PSYoungGen: 88064K->86406K(175104K)] 154291K->170858K(699392K), 0.0114286 secs] [Times: user=0.16 sys=0.00, real=0.01 secs] 
2016-09-15T12:21:28.931-0400: 115.948: [GC (GCLocker Initiated GC) [PSYoungGen: 174470K->43101K(175104K)] 258980K->225889K(699392K), 0.0136924 secs] [Times: user=0.21 sys=0.00, real=0.01 secs] 
2016-09-15T12:21:29.047-0400: 116.064: [GC (GCLocker Initiated GC) [PSYoungGen: 131165K->74000K(175104K)] 320289K->281500K(699392K), 0.0102424 secs] [Times: user=0.15 sys=0.00, real=0.02 secs] 
2016-09-15T12:21:29.183-0400: 116.200: [GC (GCLocker Initiated GC) [PSYoungGen: 162064K->61330K(175104K)] 375726K->293672K(699392K), 0.0154016 secs] [Times: user=0.14 sys=0.00, real=0.02 secs] 
2016-09-15T12:21:29.307-0400: 116.324: [GC (GCLocker Initiated GC) [PSYoungGen: 149394K->55287K(175104K)] 394130K->324434K(699392K), 0.0185755 secs] [Times: user=0.19 sys=0.00, real=0.02 secs] 
2016-09-15T12:21:29.458-0400: 116.476: [GC (GCLocker Initiated GC) [PSYoungGen: 143351K->30827K(175104K)] 412619K->318400K(699392K), 0.0280035 secs] [Times: user=0.26 sys=0.00, real=0.02 secs] 
2016-09-15T12:21:29.593-0400: 116.610: [GC (GCLocker Initiated GC) [PSYoungGen: 118891K->55810K(175104K)] 412901K->350112K(699392K), 0.0073921 secs] [Times: user=0.08 sys=0.00, real=0.01 secs] 
2016-09-15T12:21:29.714-0400: 116.732: [GC (GCLocker Initiated GC) [PSYoungGen: 143874K->67437K(175104K)] 444371K->386606K(699392K), 0.0093035 secs] [Times: user=0.09 sys=0.00, real=0.01 secs] 
2016-09-15T12:21:29.837-0400: 116.854: [GC (GCLocker Initiated GC) [PSYoungGen: 155501K->73804K(175104K)] 480843K->405324K(699392K), 0.0294788 secs] [Times: user=0.35 sys=0.00, real=0.02 secs] 
2016-09-15T12:21:30.002-0400: 117.020: [GC (GCLocker Initiated GC) [PSYoungGen: 161868K->49276K(175104K)] 499511K->423676K(699392K), 0.0107080 secs] [Times: user=0.10 sys=0.00, real=0.01 secs] 
2016-09-15T12:21:30.135-0400: 117.152: [GC (Allocation Failure) [PSYoungGen: 137340K->61134K(175104K)] 511855K->441991K(699392K), 0.0101439 secs] [Times: user=0.07 sys=0.00, real=0.01 secs] 
2016-09-15T12:21:30.245-0400: 117.262: [GC (GCLocker Initiated GC) [PSYoungGen: 143745K->67501K(175104K)] 530677K->484936K(699392K), 0.0249266 secs] [Times: user=0.26 sys=0.01, real=0.03 secs] 
2016-09-15T12:21:30.415-0400: 117.432: [GC (GCLocker Initiated GC) [PSYoungGen: 155565K->36998K(175104K)] 591283K->491200K(699392K), 0.0108228 secs] [Times: user=0.09 sys=0.01, real=0.01 secs] 
2016-09-15T12:21:30.426-0400: 117.443: [Full GC (Ergonomics) [PSYoungGen: 36998K->0K(175104K)] [ParOldGen: 454202K->52989K(524288K)] 491200K->52989K(699392K), [Metaspace: 44377K->44377K(1087488K)], 0.0562853 secs] [Times: user=0.43 sys=0.00, real=0.06 secs] 
2016-09-15T12:21:30.611-0400: 117.628: [GC (GCLocker Initiated GC) [PSYoungGen: 88064K->86282K(175104K)] 147164K->163608K(699392K), 0.0099011 secs] [Times: user=0.13 sys=0.00, real=0.01 secs] 
2016-09-15T12:21:30.754-0400: 117.771: [GC (GCLocker Initiated GC) [PSYoungGen: 174346K->48984K(175104K)] 251982K->199796K(699392K), 0.0172910 secs] [Times: user=0.16 sys=0.00, real=0.02 secs] 
2016-09-15T12:21:30.872-0400: 117.889: [GC (GCLocker Initiated GC) [PSYoungGen: 137048K->79619K(175104K)] 287935K->285293K(699392K), 0.0261272 secs] [Times: user=0.27 sys=0.01, real=0.03 secs] 
2016-09-15T12:21:30.997-0400: 118.014: [GC (Allocation Failure) [PSYoungGen: 167683K->61622K(175104K)] 373667K->328508K(699392K), 0.0221775 secs] [Times: user=0.26 sys=0.00, real=0.02 secs] 
2016-09-15T12:21:31.125-0400: 118.142: [GC (GCLocker Initiated GC) [PSYoungGen: 145132K->43400K(175104K)] 418093K->328763K(699392K), 0.0150149 secs] [Times: user=0.14 sys=0.00, real=0.02 secs] 
2016-09-15T12:21:31.235-0400: 118.252: [GC (GCLocker Initiated GC) [PSYoungGen: 131464K->67533K(175104K)] 416908K->390029K(699392K), 0.0158759 secs] [Times: user=0.17 sys=0.00, real=0.02 secs] 
2016-09-15T12:21:31.359-0400: 118.377: [GC (Allocation Failure) [PSYoungGen: 155597K->43073K(175104K)] 478803K->433388K(699392K), 0.0162036 secs] [Times: user=0.17 sys=0.00, real=0.02 secs] 
2016-09-15T12:21:31.485-0400: 118.502: [GC (GCLocker Initiated GC) [PSYoungGen: 129240K->73476K(175104K)] 525630K->476240K(699392K), 0.0221733 secs] [Times: user=0.27 sys=0.00, real=0.02 secs] 
2016-09-15T12:21:31.622-0400: 118.639: [GC (GCLocker Initiated GC) [PSYoungGen: 161540K->73772K(175104K)] 564536K->476888K(699392K), 0.0073527 secs] [Times: user=0.09 sys=0.00, real=0.01 secs] 
2016-09-15T12:21:31.727-0400: 118.744: [GC (GCLocker Initiated GC) [PSYoungGen: 161836K->85894K(175104K)] 571091K->495401K(699392K), 0.0185332 secs] [Times: user=0.18 sys=0.00, real=0.02 secs] 
2016-09-15T12:21:31.853-0400: 118.870: [GC (GCLocker Initiated GC) [PSYoungGen: 173958K->67501K(175104K)] 583625K->580742K(699392K), 0.0223491 secs] [Times: user=0.28 sys=0.01, real=0.02 secs] 
2016-09-15T12:21:31.875-0400: 118.892: [Full GC (Ergonomics) [PSYoungGen: 67501K->0K(175104K)] [ParOldGen: 513241K->53326K(524288K)] 580742K->53326K(699392K), [Metaspace: 44379K->44379K(1087488K)], 0.0535110 secs] [Times: user=0.33 sys=0.00, real=0.06 secs] 
2016-09-15T12:21:32.049-0400: 119.066: [GC (GCLocker Initiated GC) [PSYoungGen: 88064K->86374K(175104K)] 153627K->158013K(699392K), 0.0106276 secs] [Times: user=0.12 sys=0.01, real=0.01 secs] 
2016-09-15T12:21:32.183-0400: 119.200: [GC (GCLocker Initiated GC) [PSYoungGen: 174438K->49504K(175104K)] 246118K->176618K(699392K), 0.0114792 secs] [Times: user=0.17 sys=0.00, real=0.01 secs] 
2016-09-15T12:21:32.289-0400: 119.306: [GC (GCLocker Initiated GC) [PSYoungGen: 137568K->85822K(175104K)] 264724K->267797K(699392K), 0.0124309 secs] [Times: user=0.18 sys=0.01, real=0.01 secs] 
2016-09-15T12:21:32.411-0400: 119.428: [GC (GCLocker Initiated GC) [PSYoungGen: 173886K->55319K(175104K)] 355892K->274074K(699392K), 0.0092264 secs] [Times: user=0.11 sys=0.01, real=0.01 secs] 
2016-09-15T12:21:32.536-0400: 119.554: [GC (GCLocker Initiated GC) [PSYoungGen: 143383K->73508K(175104K)] 368518K->335400K(699392K), 0.0101178 secs] [Times: user=0.12 sys=0.00, real=0.00 secs] 
2016-09-15T12:21:32.656-0400: 119.673: [GC (GCLocker Initiated GC) [PSYoungGen: 161572K->85822K(175104K)] 423825K->372511K(699392K), 0.0116644 secs] [Times: user=0.17 sys=0.01, real=0.01 secs] 
2016-09-15T12:21:32.791-0400: 119.808: [GC (GCLocker Initiated GC) [PSYoungGen: 173882K->43233K(175104K)] 460932K->373123K(699392K), 0.0224055 secs] [Times: user=0.25 sys=0.00, real=0.02 secs] 
2016-09-15T12:21:32.915-0400: 119.932: [GC (Allocation Failure) [PSYoungGen: 131297K->67797K(175104K)] 467444K->422288K(699392K), 0.0109475 secs] [Times: user=0.10 sys=0.00, real=0.01 secs] 
2016-09-15T12:21:33.032-0400: 120.050: [GC (GCLocker Initiated GC) [PSYoungGen: 155861K->73512K(175104K)] 510358K->428440K(699392K), 0.0155705 secs] [Times: user=0.17 sys=0.01, real=0.02 secs] 
2016-09-15T12:21:33.163-0400: 120.180: [GC (GCLocker Initiated GC) [PSYoungGen: 161576K->42945K(175104K)] 516546K->416391K(699392K), 0.0111156 secs] [Times: user=0.08 sys=0.00, real=0.01 secs] 
2016-09-15T12:21:33.285-0400: 120.303: [GC (GCLocker Initiated GC) [PSYoungGen: 131009K->85758K(175104K)] 504699K->502280K(699392K), 0.0187201 secs] [Times: user=0.19 sys=0.01, real=0.02 secs] 
2016-09-15T12:21:33.431-0400: 120.448: [GC (GCLocker Initiated GC) [PSYoungGen: 173822K->73872K(175104K)] 590531K->509106K(699392K), 0.0109619 secs] [Times: user=0.15 sys=0.01, real=0.01 secs] 
2016-09-15T12:21:33.542-0400: 120.560: [GC (GCLocker Initiated GC) [PSYoungGen: 161936K->79747K(175104K)] 597441K->533793K(699392K), 0.0106548 secs] [Times: user=0.15 sys=0.02, real=0.01 secs] 
2016-09-15T12:21:33.553-0400: 120.570: [Full GC (Ergonomics) [PSYoungGen: 79747K->0K(175104K)] [ParOldGen: 454046K->53387K(524288K)] 533793K->53387K(699392K), [Metaspace: 44382K->44382K(1087488K)], 0.0633881 secs] [Times: user=0.58 sys=0.00, real=0.07 secs] 
2016-09-15T12:21:33.726-0400: 120.743: [GC (GCLocker Initiated GC) [PSYoungGen: 88061K->74615K(175104K)] 141810K->128364K(699392K), 0.0090560 secs] [Times: user=0.14 sys=0.00, real=0.01 secs] 
2016-09-15T12:21:33.841-0400: 120.859: [GC (GCLocker Initiated GC) [PSYoungGen: 162679K->86018K(175104K)] 216559K->171164K(699392K), 0.0111464 secs] [Times: user=0.17 sys=0.01, real=0.01 secs] 
2016-09-15T12:21:33.965-0400: 120.982: [GC (GCLocker Initiated GC) [PSYoungGen: 174082K->55547K(175104K)] 265630K->177598K(699392K), 0.0097216 secs] [Times: user=0.14 sys=0.01, real=0.01 secs] 
2016-09-15T12:21:34.104-0400: 121.121: [GC (Allocation Failure) [PSYoungGen: 143611K->67373K(175104K)] 265961K->196057K(699392K), 0.0170825 secs] [Times: user=0.14 sys=0.00, real=0.02 secs] 
2016-09-15T12:21:34.244-0400: 121.261: [GC (GCLocker Initiated GC) [PSYoungGen: 150291K->49116K(175104K)] 285051K->202196K(699392K), 0.0230823 secs] [Times: user=0.26 sys=0.00, real=0.02 secs] 
2016-09-15T12:21:34.385-0400: 121.402: [GC (GCLocker Initiated GC) [PSYoungGen: 137180K->74032K(175104K)] 296544K->251757K(699392K), 0.0102431 secs] [Times: user=0.14 sys=0.00, real=0.01 secs] 
2016-09-15T12:21:34.497-0400: 121.515: [GC (GCLocker Initiated GC) [PSYoungGen: 162096K->55611K(175104K)] 352136K->300657K(699392K), 0.0105847 secs] [Times: user=0.16 sys=0.01, real=0.01 secs] 
2016-09-15T12:21:34.623-0400: 121.640: [GC (GCLocker Initiated GC) [PSYoungGen: 143675K->73608K(175104K)] 395066K->325283K(699392K), 0.0184757 secs] [Times: user=0.22 sys=0.00, real=0.02 secs] 
2016-09-15T12:21:34.771-0400: 121.788: [GC (GCLocker Initiated GC) [PSYoungGen: 161672K->73644K(175104K)] 413528K->343852K(699392K), 0.0111428 secs] [Times: user=0.09 sys=0.01, real=0.01 secs] 
2016-09-15T12:21:34.915-0400: 121.932: [GC (GCLocker Initiated GC) [PSYoungGen: 161708K->55351K(175104K)] 438134K->368707K(699392K), 0.0083571 secs] [Times: user=0.10 sys=0.00, real=0.01 secs] 
2016-09-15T12:21:35.044-0400: 122.061: [GC (GCLocker Initiated GC) [PSYoungGen: 143415K->85822K(175104K)] 456902K->411775K(699392K), 0.0102921 secs] [Times: user=0.16 sys=0.00, real=0.01 secs] 
2016-09-15T12:21:35.183-0400: 122.200: [GC (GCLocker Initiated GC) [PSYoungGen: 173886K->43233K(175104K)] 505995K->436391K(699392K), 0.0143336 secs] [Times: user=0.12 sys=0.01, real=0.02 secs] 
2016-09-15T12:21:35.305-0400: 122.323: [GC (GCLocker Initiated GC) [PSYoungGen: 131297K->73740K(175104K)] 530880K->509900K(699392K), 0.0210920 secs] [Times: user=0.22 sys=0.00, real=0.02 secs] 
2016-09-15T12:21:35.466-0400: 122.484: [GC (GCLocker Initiated GC) [PSYoungGen: 161803K->85658K(175104K)] 598324K->546935K(699392K), 0.0169341 secs] [Times: user=0.21 sys=0.00, real=0.02 secs] 
2016-09-15T12:21:35.484-0400: 122.501: [Full GC (Ergonomics) [PSYoungGen: 85658K->0K(175104K)] [ParOldGen: 461276K->53259K(524288K)] 546935K->53259K(699392K), [Metaspace: 44383K->44383K(1087488K)], 0.0544306 secs] [Times: user=0.28 sys=0.01, real=0.06 secs] 
2016-09-15T12:21:35.651-0400: 122.668: [GC (GCLocker Initiated GC) [PSYoungGen: 88064K->73736K(175104K)] 141371K->127043K(699392K), 0.0120632 secs] [Times: user=0.08 sys=0.00, real=0.01 secs] 
2016-09-15T12:21:35.757-0400: 122.774: [GC (Allocation Failure) [PSYoungGen: 161800K->61686K(175104K)] 215327K->188881K(699392K), 0.0125376 secs] [Times: user=0.16 sys=0.01, real=0.01 secs] 
2016-09-15T12:21:35.875-0400: 122.892: [GC (GCLocker Initiated GC) [PSYoungGen: 149750K->86018K(175104K)] 276951K->268374K(699392K), 0.0136738 secs] [Times: user=0.18 sys=0.01, real=0.02 secs] 
2016-09-15T12:21:36.010-0400: 123.027: [GC (GCLocker Initiated GC) [PSYoungGen: 174082K->36994K(175104K)] 362566K->304744K(699392K), 0.0110258 secs] [Times: user=0.12 sys=0.01, real=0.01 secs] 
2016-09-15T12:21:36.118-0400: 123.135: [GC (GCLocker Initiated GC) [PSYoungGen: 125058K->73804K(175104K)] 398925K->420723K(699392K), 0.0142516 secs] [Times: user=0.19 sys=0.01, real=0.01 secs] 
2016-09-15T12:21:36.258-0400: 123.275: [GC (GCLocker Initiated GC) [PSYoungGen: 161868K->61622K(175104K)] 515223K->433837K(699392K), 0.0102738 secs] [Times: user=0.10 sys=0.00, real=0.01 secs] 
2016-09-15T12:21:36.400-0400: 123.417: [GC (GCLocker Initiated GC) [PSYoungGen: 149686K->55483K(175104K)] 528056K->434121K(699392K), 0.0068782 secs] [Times: user=0.06 sys=0.00, real=0.00 secs] 
2016-09-15T12:21:36.497-0400: 123.514: [GC (GCLocker Initiated GC) [PSYoungGen: 143547K->85822K(175104K)] 522215K->483031K(699392K), 0.0111511 secs] [Times: user=0.16 sys=0.00, real=0.01 secs] 
2016-09-15T12:21:36.642-0400: 123.659: [GC (GCLocker Initiated GC) [PSYoungGen: 173886K->85922K(175104K)] 571355K->532135K(699392K), 0.0100983 secs] [Times: user=0.14 sys=0.00, real=0.01 secs] 
2016-09-15T12:21:36.652-0400: 123.669: [Full GC (Ergonomics) [PSYoungGen: 85922K->0K(175104K)] [ParOldGen: 446212K->53837K(524288K)] 532135K->53837K(699392K), [Metaspace: 44384K->44384K(1087488K)], 0.0594118 secs] [Times: user=0.39 sys=0.02, real=0.06 secs] 
2016-09-15T12:21:36.815-0400: 123.832: [GC (GCLocker Initiated GC) [PSYoungGen: 88064K->85594K(175104K)] 141983K->145588K(699392K), 0.0092252 secs] [Times: user=0.09 sys=0.00, real=0.01 secs] 
2016-09-15T12:21:36.909-0400: 123.927: [GC (GCLocker Initiated GC) [PSYoungGen: 173658K->86050K(175104K)] 233985K->243745K(699392K), 0.0140064 secs] [Times: user=0.22 sys=0.00, real=0.01 secs] 
2016-09-15T12:21:37.043-0400: 124.060: [GC (GCLocker Initiated GC) [PSYoungGen: 174114K->55874K(175104K)] 337939K->256809K(699392K), 0.0095736 secs] [Times: user=0.14 sys=0.00, real=0.01 secs] 
2016-09-15T12:21:37.167-0400: 124.184: [GC (Allocation Failure) [PSYoungGen: 143938K->55415K(175104K)] 345144K->257116K(699392K), 0.0068380 secs] [Times: user=0.09 sys=0.00, real=0.01 secs] 
2016-09-15T12:21:37.282-0400: 124.299: [GC (GCLocker Initiated GC) [PSYoungGen: 141917K->73772K(175104K)] 349693K->300048K(699392K), 0.0115370 secs] [Times: user=0.11 sys=0.01, real=0.01 secs] 
2016-09-15T12:21:37.425-0400: 124.442: [GC (GCLocker Initiated GC) [PSYoungGen: 161836K->67373K(175104K)] 394391K->300164K(699392K), 0.0098287 secs] [Times: user=0.07 sys=0.00, real=0.01 secs] 
2016-09-15T12:21:37.566-0400: 124.583: [GC (Allocation Failure) [PSYoungGen: 155437K->18904K(175104K)] 400463K->282244K(699392K), 0.0069837 secs] [Times: user=0.05 sys=0.01, real=0.01 secs] 
2016-09-15T12:21:37.684-0400: 124.701: [GC (GCLocker Initiated GC) [PSYoungGen: 105251K->55091K(175104K)] 374665K->324600K(699392K), 0.0374883 secs] [Times: user=0.34 sys=0.00, real=0.04 secs] 
2016-09-15T12:21:37.818-0400: 124.836: [GC (GCLocker Initiated GC) [PSYoungGen: 143155K->86477K(175104K)] 412728K->362238K(699392K), 0.0136326 secs] [Times: user=0.14 sys=0.01, real=0.01 secs] 
2016-09-15T12:21:37.947-0400: 124.964: [GC (GCLocker Initiated GC) [PSYoungGen: 174541K->67665K(175104K)] 456419K->368246K(699392K), 0.0100726 secs] [Times: user=0.10 sys=0.00, real=0.02 secs] 
2016-09-15T12:21:38.075-0400: 125.092: [GC (Allocation Failure) [PSYoungGen: 155729K->49116K(175104K)] 456610K->411014K(699392K), 0.0213736 secs] [Times: user=0.19 sys=0.01, real=0.03 secs] 
2016-09-15T12:21:38.222-0400: 125.239: [GC (GCLocker Initiated GC) [PSYoungGen: 137180K->79719K(175104K)] 499084K->466198K(699392K), 0.0183062 secs] [Times: user=0.17 sys=0.00, real=0.02 secs] 
2016-09-15T12:21:38.370-0400: 125.387: [GC (GCLocker Initiated GC) [PSYoungGen: 167783K->19228K(175104K)] 566420K->454575K(699392K), 0.0100061 secs] [Times: user=0.11 sys=0.00, real=0.01 secs] 
2016-09-15T12:21:38.491-0400: 125.509: [Full GC (Ergonomics) [PSYoungGen: 107292K->0K(175104K)] [ParOldGen: 447545K->46117K(524288K)] 554838K->46117K(699392K), [Metaspace: 44384K->44384K(1087488K)], 0.0651090 secs] [Times: user=0.36 sys=0.02, real=0.07 secs] 
2016-09-15T12:21:38.653-0400: 125.670: [GC (GCLocker Initiated GC) [PSYoungGen: 88064K->79939K(175104K)] 140394K->132269K(699392K), 0.0080163 secs] [Times: user=0.07 sys=0.00, real=0.01 secs] 
2016-09-15T12:21:38.785-0400: 125.802: [GC (GCLocker Initiated GC) [PSYoungGen: 168003K->74196K(175104K)] 226517K->169895K(699392K), 0.0121793 secs] [Times: user=0.17 sys=0.00, real=0.02 secs] 
2016-09-15T12:21:38.902-0400: 125.919: [GC (GCLocker Initiated GC) [PSYoungGen: 162260K->55479K(175104K)] 264076K->194397K(699392K), 0.0100087 secs] [Times: user=0.13 sys=0.01, real=0.01 secs] 
2016-09-15T12:21:39.059-0400: 126.076: [GC (GCLocker Initiated GC) [PSYoungGen: 143543K->73676K(175104K)] 294647K->225071K(699392K), 0.0135830 secs] [Times: user=0.15 sys=0.00, real=0.01 secs] 
2016-09-15T12:21:39.212-0400: 126.229: [GC (GCLocker Initiated GC) [PSYoungGen: 161740K->48984K(175104K)] 320081K->237967K(699392K), 0.0158047 secs] [Times: user=0.16 sys=0.00, real=0.02 secs] 
2016-09-15T12:21:39.313-0400: 126.330: [GC (GCLocker Initiated GC) [PSYoungGen: 137048K->79619K(175104K)] 332451K->293359K(699392K), 0.0125284 secs] [Times: user=0.13 sys=0.00, real=0.01 secs] 
2016-09-15T12:21:39.460-0400: 126.477: [GC (GCLocker Initiated GC) [PSYoungGen: 167683K->73836K(175104K)] 387623K->312317K(699392K), 0.0174037 secs] [Times: user=0.22 sys=0.00, real=0.02 secs] 
2016-09-15T12:21:39.585-0400: 126.603: [GC (Allocation Failure) [PSYoungGen: 161900K->73672K(175104K)] 400478K->367069K(699392K), 0.0134457 secs] [Times: user=0.21 sys=0.01, real=0.02 secs] 
2016-09-15T12:21:39.706-0400: 126.723: [GC (GCLocker Initiated GC) [PSYoungGen: 156611K->67925K(175104K)] 456084K->434374K(699392K), 0.0117927 secs] [Times: user=0.19 sys=0.00, real=0.02 secs] 
2016-09-15T12:21:39.830-0400: 126.847: [GC (GCLocker Initiated GC) [PSYoungGen: 155989K->67501K(175104K)] 522502K->452679K(699392K), 0.0082023 secs] [Times: user=0.10 sys=0.00, real=0.01 secs] 
2016-09-15T12:21:39.950-0400: 126.968: [GC (Allocation Failure) [PSYoungGen: 155565K->61718K(175104K)] 541092K->520337K(699392K), 0.0113737 secs] [Times: user=0.16 sys=0.01, real=0.01 secs] 
2016-09-15T12:21:39.962-0400: 126.979: [Full GC (Ergonomics) [PSYoungGen: 61718K->0K(175104K)] [ParOldGen: 458619K->46233K(524288K)] 520337K->46233K(699392K), [Metaspace: 44392K->44392K(1087488K)], 0.0607110 secs] [Times: user=0.50 sys=0.01, real=0.06 secs] 
2016-09-15T12:21:40.144-0400: 127.161: [GC (GCLocker Initiated GC) [PSYoungGen: 88064K->85822K(175104K)] 134303K->138136K(699392K), 0.0093771 secs] [Times: user=0.14 sys=0.01, real=0.01 secs] 
2016-09-15T12:21:40.269-0400: 127.286: [GC (GCLocker Initiated GC) [PSYoungGen: 173886K->55611K(175104K)] 232597K->132994K(699392K), 0.0110697 secs] [Times: user=0.12 sys=0.00, real=0.01 secs] 
2016-09-15T12:21:40.410-0400: 127.427: [GC (GCLocker Initiated GC) [PSYoungGen: 143675K->19064K(175104K)] 245613K->139503K(699392K), 0.0094172 secs] [Times: user=0.10 sys=0.01, real=0.01 secs] 
2016-09-15T12:21:40.558-0400: 127.575: [GC (GCLocker Initiated GC) [PSYoungGen: 107128K->55159K(175104K)] 239753K->188043K(699392K), 0.0064402 secs] [Times: user=0.05 sys=0.00, real=0.00 secs] 
2016-09-15T12:21:40.671-0400: 127.688: [GC (GCLocker Initiated GC) [PSYoungGen: 143223K->85758K(175104K)] 276154K->261334K(699392K), 0.0163879 secs] [Times: user=0.20 sys=0.00, real=0.01 secs] 
2016-09-15T12:21:40.805-0400: 127.822: [GC (GCLocker Initiated GC) [PSYoungGen: 173822K->55579K(175104K)] 355688K->274195K(699392K), 0.0104761 secs] [Times: user=0.13 sys=0.00, real=0.02 secs] 
2016-09-15T12:21:40.914-0400: 127.931: [GC (GCLocker Initiated GC) [PSYoungGen: 143643K->79555K(175104K)] 362502K->299017K(699392K), 0.0102930 secs] [Times: user=0.10 sys=0.00, real=0.01 secs] 
2016-09-15T12:21:41.046-0400: 128.064: [GC (GCLocker Initiated GC) [PSYoungGen: 167619K->79715K(175104K)] 387128K->354207K(699392K), 0.0134940 secs] [Times: user=0.17 sys=0.00, real=0.02 secs] 
2016-09-15T12:21:41.204-0400: 128.221: [GC (GCLocker Initiated GC) [PSYoungGen: 167779K->24915K(175104K)] 454682K->342274K(699392K), 0.0093336 secs] [Times: user=0.07 sys=0.00, real=0.01 secs] 
2016-09-15T12:21:41.325-0400: 128.342: [GC (GCLocker Initiated GC) [PSYoungGen: 112979K->67405K(175104K)] 436628K->391320K(699392K), 0.0139103 secs] [Times: user=0.12 sys=0.00, real=0.02 secs] 
2016-09-15T12:21:41.496-0400: 128.513: [GC (GCLocker Initiated GC) [PSYoungGen: 155469K->30958K(175104K)] 491536K->391413K(699392K), 0.0128131 secs] [Times: user=0.11 sys=0.00, real=0.01 secs] 
2016-09-15T12:21:41.613-0400: 128.631: [GC (GCLocker Initiated GC) [PSYoungGen: 119022K->85694K(175104K)] 479525K->464704K(699392K), 0.0333362 secs] [Times: user=0.38 sys=0.00, real=0.03 secs] 
2016-09-15T12:21:41.783-0400: 128.800: [GC (GCLocker Initiated GC) [PSYoungGen: 173758K->43397K(175104K)] 552860K->489444K(699392K), 0.0141800 secs] [Times: user=0.17 sys=0.00, real=0.02 secs] 
2016-09-15T12:21:41.797-0400: 128.814: [Full GC (Ergonomics) [PSYoungGen: 43397K->0K(175104K)] [ParOldGen: 446047K->46441K(524288K)] 489444K->46441K(699392K), [Metaspace: 44392K->44392K(1087488K)], 0.0575971 secs] [Times: user=0.35 sys=0.01, real=0.05 secs] 
2016-09-15T12:21:41.964-0400: 128.981: [GC (GCLocker Initiated GC) [PSYoungGen: 88064K->67633K(175104K)] 153074K->132643K(699392K), 0.0155501 secs] [Times: user=0.17 sys=0.01, real=0.02 secs] 
2016-09-15T12:21:42.083-0400: 129.100: [GC (GCLocker Initiated GC) [PSYoungGen: 155697K->43429K(175104K)] 220856K->163555K(699392K), 0.0176029 secs] [Times: user=0.20 sys=0.01, real=0.02 secs] 
2016-09-15T12:21:42.210-0400: 129.227: [GC (GCLocker Initiated GC) [PSYoungGen: 131493K->80239K(175104K)] 263923K->231225K(699392K), 0.0164915 secs] [Times: user=0.21 sys=0.00, real=0.01 secs] 
2016-09-15T12:21:42.322-0400: 129.340: [GC (Allocation Failure) [PSYoungGen: 168303K->73448K(175104K)] 319449K->267543K(699392K), 0.0222809 secs] [Times: user=0.25 sys=0.00, real=0.02 secs] 
2016-09-15T12:21:42.345-0400: 129.362: [GC (GCLocker Initiated GC) [PSYoungGen: 73785K->96K(175104K)] 267881K->291754K(699392K), 0.0094582 secs] [Times: user=0.10 sys=0.00, real=0.01 secs] 
2016-09-15T12:21:42.469-0400: 129.486: [GC (GCLocker Initiated GC) [PSYoungGen: 86138K->74060K(175104K)] 383871K->371809K(699392K), 0.0093503 secs] [Times: user=0.12 sys=0.01, real=0.01 secs] 
2016-09-15T12:21:42.604-0400: 129.621: [GC (GCLocker Initiated GC) [PSYoungGen: 162122K->61462K(175104K)] 466302K->396547K(699392K), 0.0201564 secs] [Times: user=0.20 sys=0.00, real=0.02 secs] 
2016-09-15T12:21:42.741-0400: 129.758: [GC (GCLocker Initiated GC) [PSYoungGen: 149526K->73836K(175104K)] 484626K->427593K(699392K), 0.0103581 secs] [Times: user=0.11 sys=0.00, real=0.01 secs] 
2016-09-15T12:21:42.874-0400: 129.891: [GC (GCLocker Initiated GC) [PSYoungGen: 161900K->79583K(175104K)] 515698K->476074K(699392K), 0.0233568 secs] [Times: user=0.26 sys=0.00, real=0.03 secs] 
2016-09-15T12:21:42.994-0400: 130.011: [GC (GCLocker Initiated GC) [PSYoungGen: 167647K->55387K(175104K)] 564247K->476446K(699392K), 0.0330410 secs] [Times: user=0.36 sys=0.00, real=0.03 secs] 
2016-09-15T12:21:43.136-0400: 130.154: [GC (GCLocker Initiated GC) [PSYoungGen: 143451K->43041K(175104K)] 570801K->513348K(699392K), 0.0178091 secs] [Times: user=0.18 sys=0.00, real=0.01 secs] 
2016-09-15T12:21:43.154-0400: 130.171: [Full GC (Ergonomics) [PSYoungGen: 43041K->0K(175104K)] [ParOldGen: 470307K->52381K(524288K)] 513348K->52381K(699392K), [Metaspace: 44392K->44392K(1087488K)], 0.0587481 secs] [Times: user=0.29 sys=0.01, real=0.06 secs] 
2016-09-15T12:21:43.353-0400: 130.371: [GC (GCLocker Initiated GC) [PSYoungGen: 88062K->74196K(175104K)] 152943K->139076K(699392K), 0.0096898 secs] [Times: user=0.11 sys=0.00, real=0.01 secs] 
2016-09-15T12:21:43.471-0400: 130.488: [GC (GCLocker Initiated GC) [PSYoungGen: 162260K->42973K(175104K)] 227199K->157123K(699392K), 0.0201987 secs] [Times: user=0.18 sys=0.00, real=0.02 secs] 
2016-09-15T12:21:43.587-0400: 130.604: [GC (Allocation Failure) [PSYoungGen: 131037K->85762K(175104K)] 245302K->218363K(699392K), 0.0146198 secs] [Times: user=0.13 sys=0.00, real=0.02 secs] 
2016-09-15T12:21:43.703-0400: 130.721: [GC (GCLocker Initiated GC) [PSYoungGen: 173826K->36962K(175104K)] 306434K->249017K(699392K), 0.0256035 secs] [Times: user=0.29 sys=0.00, real=0.03 secs] 
2016-09-15T12:21:43.840-0400: 130.857: [GC (GCLocker Initiated GC) [PSYoungGen: 125026K->86118K(175104K)] 337129K->322648K(699392K), 0.0168484 secs] [Times: user=0.21 sys=0.00, real=0.02 secs] 
2016-09-15T12:21:43.948-0400: 130.965: [GC (GCLocker Initiated GC) [PSYoungGen: 174182K->73380K(175104K)] 410850K->365014K(699392K), 0.0101068 secs] [Times: user=0.10 sys=0.00, real=0.01 secs] 
2016-09-15T12:21:44.057-0400: 131.074: [GC (GCLocker Initiated GC) [PSYoungGen: 161444K->67761K(175104K)] 459413K->432715K(699392K), 0.0100995 secs] [Times: user=0.15 sys=0.00, real=0.00 secs] 
2016-09-15T12:21:44.197-0400: 131.214: [GC (GCLocker Initiated GC) [PSYoungGen: 155821K->55319K(175104K)] 527206K->426986K(699392K), 0.0091364 secs] [Times: user=0.10 sys=0.00, real=0.00 secs] 
2016-09-15T12:21:44.311-0400: 131.328: [GC (GCLocker Initiated GC) [PSYoungGen: 143383K->61298K(175104K)] 515120K->451512K(699392K), 0.0115434 secs] [Times: user=0.12 sys=0.00, real=0.01 secs] 
2016-09-15T12:21:44.431-0400: 131.448: [GC (Allocation Failure) [PSYoungGen: 149362K->67601K(175104K)] 545693K->482284K(699392K), 0.0099070 secs] [Times: user=0.10 sys=0.00, real=0.01 secs] 
2016-09-15T12:21:44.545-0400: 131.562: [GC (GCLocker Initiated GC) [PSYoungGen: 155665K->55351K(175104K)] 570354K->531253K(699392K), 0.0299616 secs] [Times: user=0.34 sys=0.00, real=0.03 secs] 
2016-09-15T12:21:44.575-0400: 131.592: [Full GC (Ergonomics) [PSYoungGen: 55351K->0K(175104K)] [ParOldGen: 475902K->58541K(524288K)] 531253K->58541K(699392K), [Metaspace: 44392K->44392K(1087488K)], 0.0578885 secs] [Times: user=0.35 sys=0.01, real=0.06 secs] 
2016-09-15T12:21:44.737-0400: 131.754: [GC (Allocation Failure) [PSYoungGen: 88064K->80299K(175104K)] 152834K->145069K(699392K), 0.0131015 secs] [Times: user=0.18 sys=0.00, real=0.01 secs] 
2016-09-15T12:21:44.874-0400: 131.891: [GC (GCLocker Initiated GC) [PSYoungGen: 168144K->73508K(175104K)] 238989K->163461K(699392K), 0.0077167 secs] [Times: user=0.11 sys=0.00, real=0.01 secs] 
2016-09-15T12:21:45.008-0400: 132.025: [GC (GCLocker Initiated GC) [PSYoungGen: 161572K->85790K(175104K)] 251589K->182026K(699392K), 0.0136805 secs] [Times: user=0.14 sys=0.00, real=0.01 secs] 
2016-09-15T12:21:45.144-0400: 132.161: [GC (GCLocker Initiated GC) [PSYoungGen: 173854K->73672K(175104K)] 270288K->219022K(699392K), 0.0102447 secs] [Times: user=0.12 sys=0.00, real=0.01 secs] 
2016-09-15T12:21:45.280-0400: 132.297: [GC (GCLocker Initiated GC) [PSYoungGen: 161736K->49212K(175104K)] 307447K->249717K(699392K), 0.0112334 secs] [Times: user=0.11 sys=0.00, real=0.01 secs] 
2016-09-15T12:21:45.406-0400: 132.423: [GC (GCLocker Initiated GC) [PSYoungGen: 137276K->74000K(175104K)] 344015K->299091K(699392K), 0.0096550 secs] [Times: user=0.12 sys=0.00, real=0.01 secs] 
2016-09-15T12:21:45.523-0400: 132.541: [GC (GCLocker Initiated GC) [PSYoungGen: 162064K->49308K(175104K)] 399571K->305348K(699392K), 0.0147483 secs] [Times: user=0.18 sys=0.00, real=0.02 secs] 
2016-09-15T12:21:45.657-0400: 132.674: [GC (GCLocker Initiated GC) [PSYoungGen: 137372K->79651K(175104K)] 399685K->372451K(699392K), 0.0120574 secs] [Times: user=0.13 sys=0.00, real=0.01 secs] 
2016-09-15T12:21:45.792-0400: 132.809: [GC (GCLocker Initiated GC) [PSYoungGen: 167715K->67597K(175104K)] 460848K->415737K(699392K), 0.0154786 secs] [Times: user=0.18 sys=0.00, real=0.01 secs] 
2016-09-15T12:21:45.912-0400: 132.929: [GC (GCLocker Initiated GC) [PSYoungGen: 155661K->43201K(175104K)] 503849K->422087K(699392K), 0.0103728 secs] [Times: user=0.11 sys=0.00, real=0.01 secs] 
2016-09-15T12:21:46.034-0400: 133.051: [GC (Allocation Failure) [PSYoungGen: 131265K->67569K(175104K)] 516284K->471089K(699392K), 0.0111328 secs] [Times: user=0.11 sys=0.00, real=0.01 secs] 
2016-09-15T12:21:46.148-0400: 133.165: [GC (GCLocker Initiated GC) [PSYoungGen: 155633K->55251K(175104K)] 559281K->532287K(699392K), 0.0102315 secs] [Times: user=0.13 sys=0.00, real=0.01 secs] 
2016-09-15T12:21:46.158-0400: 133.175: [Full GC (Ergonomics) [PSYoungGen: 55251K->0K(175104K)] [ParOldGen: 477036K->52816K(524288K)] 532287K->52816K(699392K), [Metaspace: 44400K->44400K(1087488K)], 0.0516768 secs] [Times: user=0.39 sys=0.01, real=0.05 secs] 
2016-09-15T12:21:46.337-0400: 133.354: [GC (GCLocker Initiated GC) [PSYoungGen: 88064K->74388K(175104K)] 147299K->133623K(699392K), 0.0079096 secs] [Times: user=0.10 sys=0.00, real=0.00 secs] 
2016-09-15T12:21:46.458-0400: 133.475: [GC (GCLocker Initiated GC) [PSYoungGen: 162452K->79747K(175104K)] 221830K->176294K(699392K), 0.0208459 secs] [Times: user=0.22 sys=0.01, real=0.02 secs] 
2016-09-15T12:21:46.610-0400: 133.627: [GC (Allocation Failure) [PSYoungGen: 167811K->37421K(175104K)] 264462K->201017K(699392K), 0.0185616 secs] [Times: user=0.19 sys=0.00, real=0.02 secs] 
2016-09-15T12:21:46.723-0400: 133.740: [GC (GCLocker Initiated GC) [PSYoungGen: 125485K->85662K(175104K)] 289087K->273831K(699392K), 0.0219062 secs] [Times: user=0.24 sys=0.01, real=0.02 secs] 
2016-09-15T12:21:46.889-0400: 133.906: [GC (GCLocker Initiated GC) [PSYoungGen: 173726K->48984K(175104K)] 362054K->274029K(699392K), 0.0124424 secs] [Times: user=0.08 sys=0.00, real=0.01 secs] 
2016-09-15T12:21:47.021-0400: 134.038: [GC (GCLocker Initiated GC) [PSYoungGen: 137048K->85658K(175104K)] 368217K->365570K(699392K), 0.0107305 secs] [Times: user=0.16 sys=0.00, real=0.01 secs] 
2016-09-15T12:21:47.124-0400: 134.141: [GC (GCLocker Initiated GC) [PSYoungGen: 173722K->73836K(175104K)] 453810K->414794K(699392K), 0.0114421 secs] [Times: user=0.15 sys=0.01, real=0.02 secs] 
2016-09-15T12:21:47.256-0400: 134.274: [GC (GCLocker Initiated GC) [PSYoungGen: 161900K->86346K(175104K)] 503208K->470494K(699392K), 0.0094008 secs] [Times: user=0.15 sys=0.00, real=0.00 secs] 
2016-09-15T12:21:47.393-0400: 134.410: [GC (GCLocker Initiated GC) [PSYoungGen: 174410K->79455K(175104K)] 564754K->525101K(699392K), 0.0106826 secs] [Times: user=0.12 sys=0.00, real=0.01 secs] 
2016-09-15T12:21:47.404-0400: 134.421: [Full GC (Ergonomics) [PSYoungGen: 79455K->0K(175104K)] [ParOldGen: 445646K->58588K(524288K)] 525101K->58588K(699392K), [Metaspace: 44400K->44400K(1087488K)], 0.0560627 secs] [Times: user=0.33 sys=0.01, real=0.06 secs] 
2016-09-15T12:21:47.561-0400: 134.579: [GC (Allocation Failure) [PSYoungGen: 88064K->86570K(175104K)] 146923K->151504K(699392K), 0.0078588 secs] [Times: user=0.10 sys=0.00, real=0.01 secs] 
2016-09-15T12:21:47.570-0400: 134.587: [GC (GCLocker Initiated GC) [PSYoungGen: 86578K->96K(175104K)] 151512K->151182K(699392K), 0.0137637 secs] [Times: user=0.18 sys=0.00, real=0.01 secs] 
2016-09-15T12:21:47.678-0400: 134.695: [GC (GCLocker Initiated GC) [PSYoungGen: 88160K->86046K(175104K)] 239247K->261434K(699392K), 0.0162920 secs] [Times: user=0.20 sys=0.00, real=0.01 secs] 
2016-09-15T12:21:47.801-0400: 134.818: [GC (Allocation Failure) [PSYoungGen: 174110K->85954K(175104K)] 355615K->310555K(699392K), 0.0124970 secs] [Times: user=0.17 sys=0.00, real=0.01 secs] 
2016-09-15T12:21:47.912-0400: 134.929: [GC (GCLocker Initiated GC) [PSYoungGen: 171293K->73672K(175104K)] 401969K->353584K(699392K), 0.0100075 secs] [Times: user=0.15 sys=0.00, real=0.01 secs] 
2016-09-15T12:21:48.041-0400: 135.058: [GC (GCLocker Initiated GC) [PSYoungGen: 161736K->85694K(175104K)] 441802K->390375K(699392K), 0.0143005 secs] [Times: user=0.19 sys=0.00, real=0.01 secs] 
2016-09-15T12:21:48.149-0400: 135.166: [GC (GCLocker Initiated GC) [PSYoungGen: 173758K->85822K(175104K)] 478649K->439621K(699392K), 0.0140247 secs] [Times: user=0.16 sys=0.00, real=0.01 secs] 
2016-09-15T12:21:48.279-0400: 135.296: [GC (GCLocker Initiated GC) [PSYoungGen: 173886K->61686K(175104K)] 534048K->488988K(699392K), 0.0153603 secs] [Times: user=0.16 sys=0.01, real=0.01 secs] 
2016-09-15T12:21:48.425-0400: 135.442: [Full GC (Ergonomics) [PSYoungGen: 149750K->0K(175104K)] [ParOldGen: 433559K->52828K(524288K)] 583309K->52828K(699392K), [Metaspace: 44404K->44404K(1087488K)], 0.0523625 secs] [Times: user=0.32 sys=0.01, real=0.06 secs] 
2016-09-15T12:21:48.608-0400: 135.626: [GC (GCLocker Initiated GC) [PSYoungGen: 88064K->85758K(175104K)] 141040K->169109K(699392K), 0.0128129 secs] [Times: user=0.10 sys=0.00, real=0.01 secs] 
2016-09-15T12:21:48.754-0400: 135.771: [GC (GCLocker Initiated GC) [PSYoungGen: 173822K->55547K(175104K)] 257405K->194128K(699392K), 0.0099775 secs] [Times: user=0.14 sys=0.00, real=0.01 secs] 
2016-09-15T12:21:48.889-0400: 135.906: [GC (GCLocker Initiated GC) [PSYoungGen: 143611K->55775K(175104K)] 294596K->225113K(699392K), 0.0069404 secs] [Times: user=0.09 sys=0.00, real=0.01 secs] 
2016-09-15T12:21:49.029-0400: 136.046: [GC (GCLocker Initiated GC) [PSYoungGen: 143839K->55547K(175104K)] 325683K->255907K(699392K), 0.0162260 secs] [Times: user=0.22 sys=0.00, real=0.01 secs] 
2016-09-15T12:21:49.151-0400: 136.168: [GC (GCLocker Initiated GC) [PSYoungGen: 143611K->55447K(175104K)] 350217K->262844K(699392K), 0.0096869 secs] [Times: user=0.13 sys=0.00, real=0.01 secs] 
2016-09-15T12:21:49.262-0400: 136.279: [GC (GCLocker Initiated GC) [PSYoungGen: 143511K->55383K(175104K)] 350921K->305781K(699392K), 0.0096355 secs] [Times: user=0.12 sys=0.01, real=0.01 secs] 
2016-09-15T12:21:49.404-0400: 136.421: [GC (Allocation Failure) [PSYoungGen: 143447K->73968K(175104K)] 400012K->349050K(699392K), 0.0168189 secs] [Times: user=0.20 sys=0.00, real=0.02 secs] 
2016-09-15T12:21:49.540-0400: 136.557: [GC (GCLocker Initiated GC) [PSYoungGen: 158858K->73704K(175104K)] 440015K->391642K(699392K), 0.0098352 secs] [Times: user=0.14 sys=0.00, real=0.01 secs] 
2016-09-15T12:21:49.662-0400: 136.679: [GC (GCLocker Initiated GC) [PSYoungGen: 161768K->85822K(175104K)] 479899K->446965K(699392K), 0.0093459 secs] [Times: user=0.13 sys=0.00, real=0.01 secs] 
2016-09-15T12:21:49.824-0400: 136.841: [GC (GCLocker Initiated GC) [PSYoungGen: 173886K->67337K(175104K)] 535139K->483564K(699392K), 0.0100726 secs] [Times: user=0.14 sys=0.00, real=0.01 secs] 
2016-09-15T12:21:49.945-0400: 136.962: [GC (Allocation Failure) [PSYoungGen: 155401K->85626K(175104K)] 571676K->550636K(699392K), 0.0114137 secs] [Times: user=0.15 sys=0.01, real=0.02 secs] 
2016-09-15T12:21:49.956-0400: 136.973: [Full GC (Ergonomics) [PSYoungGen: 85626K->0K(175104K)] [ParOldGen: 465010K->46616K(524288K)] 550636K->46616K(699392K), [Metaspace: 44404K->44404K(1087488K)], 0.0498028 secs] [Times: user=0.30 sys=0.00, real=0.04 secs] 
2016-09-15T12:21:50.100-0400: 137.118: [GC (GCLocker Initiated GC) [PSYoungGen: 88064K->86826K(175104K)] 134681K->157743K(699392K), 0.0098726 secs] [Times: user=0.13 sys=0.00, real=0.01 secs] 
2016-09-15T12:21:50.223-0400: 137.241: [GC (Allocation Failure) [PSYoungGen: 174890K->61786K(175104K)] 246095K->188665K(699392K), 0.0105181 secs] [Times: user=0.13 sys=0.00, real=0.01 secs] 
2016-09-15T12:21:50.331-0400: 137.348: [GC (GCLocker Initiated GC) [PSYoungGen: 145146K->73836K(175104K)] 278101K->225307K(699392K), 0.0122617 secs] [Times: user=0.14 sys=0.00, real=0.01 secs] 
2016-09-15T12:21:50.448-0400: 137.465: [GC (GCLocker Initiated GC) [PSYoungGen: 161900K->67829K(175104K)] 313418K->262352K(699392K), 0.0168079 secs] [Times: user=0.20 sys=0.00, real=0.01 secs] 
2016-09-15T12:21:50.564-0400: 137.582: [GC (GCLocker Initiated GC) [PSYoungGen: 155893K->55419K(175104K)] 356645K->305211K(699392K), 0.0208890 secs] [Times: user=0.22 sys=0.00, real=0.02 secs] 
2016-09-15T12:21:50.684-0400: 137.701: [GC (GCLocker Initiated GC) [PSYoungGen: 143483K->67789K(175104K)] 393451K->354663K(699392K), 0.0088519 secs] [Times: user=0.12 sys=0.01, real=0.01 secs] 
2016-09-15T12:21:50.808-0400: 137.825: [GC (GCLocker Initiated GC) [PSYoungGen: 155853K->73836K(175104K)] 448878K->385477K(699392K), 0.0085320 secs] [Times: user=0.11 sys=0.00, real=0.01 secs] 
2016-09-15T12:21:50.922-0400: 137.939: [GC (GCLocker Initiated GC) [PSYoungGen: 161900K->73968K(175104K)] 479770K->428604K(699392K), 0.0102205 secs] [Times: user=0.13 sys=0.00, real=0.01 secs] 
2016-09-15T12:21:51.066-0400: 138.083: [GC (Allocation Failure) [PSYoungGen: 162032K->61490K(175104K)] 523098K->465545K(699392K), 0.0141766 secs] [Times: user=0.18 sys=0.00, real=0.02 secs] 
2016-09-15T12:21:51.080-0400: 138.097: [GC (GCLocker Initiated GC) [PSYoungGen: 61509K->96K(175104K)] 465564K->477453K(699392K), 0.0077292 secs] [Times: user=0.09 sys=0.00, real=0.01 secs] 
2016-09-15T12:21:51.088-0400: 138.105: [Full GC (Ergonomics) [PSYoungGen: 96K->0K(175104K)] [ParOldGen: 477357K->52873K(524288K)] 477453K->52873K(699392K), [Metaspace: 44407K->44407K(1087488K)], 0.0533268 secs] [Times: user=0.34 sys=0.01, real=0.05 secs] 
2016-09-15T12:21:51.261-0400: 138.278: [GC (GCLocker Initiated GC) [PSYoungGen: 84225K->85954K(175104K)] 143174K->150977K(699392K), 0.0098266 secs] [Times: user=0.11 sys=0.01, real=0.01 secs] 
2016-09-15T12:21:51.400-0400: 138.417: [GC (Allocation Failure) [PSYoungGen: 174018K->37290K(175104K)] 251367K->151537K(699392K), 0.0103669 secs] [Times: user=0.12 sys=0.00, real=0.01 secs] 
2016-09-15T12:21:51.523-0400: 138.540: [GC (GCLocker Initiated GC) [PSYoungGen: 125354K->73508K(175104K)] 239606K->206309K(699392K), 0.0153372 secs] [Times: user=0.21 sys=0.01, real=0.02 secs] 
2016-09-15T12:21:51.653-0400: 138.670: [GC (GCLocker Initiated GC) [PSYoungGen: 161570K->55679K(175104K)] 306871K->213225K(699392K), 0.0148702 secs] [Times: user=0.16 sys=0.00, real=0.02 secs] 
2016-09-15T12:21:51.800-0400: 138.817: [GC (GCLocker Initiated GC) [PSYoungGen: 143743K->55579K(175104K)] 307406K->238266K(699392K), 0.0084648 secs] [Times: user=0.09 sys=0.00, real=0.01 secs] 
2016-09-15T12:21:51.905-0400: 138.922: [GC (GCLocker Initiated GC) [PSYoungGen: 143643K->85954K(175104K)] 326378K->311349K(699392K), 0.0103290 secs] [Times: user=0.11 sys=0.01, real=0.01 secs] 
2016-09-15T12:21:52.041-0400: 139.058: [GC (GCLocker Initiated GC) [PSYoungGen: 174018K->85626K(175104K)] 399500K->396638K(699392K), 0.0130585 secs] [Times: user=0.16 sys=0.00, real=0.01 secs] 
2016-09-15T12:21:52.168-0400: 139.185: [GC (GCLocker Initiated GC) [PSYoungGen: 173690K->67729K(175104K)] 484979K->427753K(699392K), 0.0102128 secs] [Times: user=0.14 sys=0.00, real=0.01 secs] 
2016-09-15T12:21:52.307-0400: 139.324: [GC (GCLocker Initiated GC) [PSYoungGen: 155793K->61490K(175104K)] 534157K->476580K(699392K), 0.0115932 secs] [Times: user=0.12 sys=0.01, real=0.02 secs] 
2016-09-15T12:21:52.456-0400: 139.473: [GC (GCLocker Initiated GC) [PSYoungGen: 149554K->55355K(175104K)] 564741K->494953K(699392K), 0.0091563 secs] [Times: user=0.10 sys=0.00, real=0.00 secs] 
2016-09-15T12:21:52.581-0400: 139.598: [GC (GCLocker Initiated GC) [PSYoungGen: 143419K->85758K(175104K)] 583289K->544301K(699392K), 0.0237480 secs] [Times: user=0.30 sys=0.00, real=0.02 secs] 
2016-09-15T12:21:52.605-0400: 139.622: [Full GC (Ergonomics) [PSYoungGen: 85758K->0K(175104K)] [ParOldGen: 458543K->58995K(524288K)] 544301K->58995K(699392K), [Metaspace: 44407K->44407K(1087488K)], 0.0523333 secs] [Times: user=0.28 sys=0.01, real=0.06 secs] 
2016-09-15T12:21:52.778-0400: 139.796: [GC (Allocation Failure) [PSYoungGen: 88064K->74192K(175104K)] 153175K->139304K(699392K), 0.0139884 secs] [Times: user=0.17 sys=0.01, real=0.01 secs] 
2016-09-15T12:21:52.875-0400: 139.892: [GC (GCLocker Initiated GC) [PSYoungGen: 159293K->67565K(175104K)] 230480K->181980K(699392K), 0.0144278 secs] [Times: user=0.16 sys=0.00, real=0.02 secs] 
2016-09-15T12:21:53.003-0400: 140.020: [GC (GCLocker Initiated GC) [PSYoungGen: 155629K->85986K(175104K)] 270148K->249396K(699392K), 0.0103610 secs] [Times: user=0.14 sys=0.00, real=0.01 secs] 
2016-09-15T12:21:53.113-0400: 140.130: [GC (GCLocker Initiated GC) [PSYoungGen: 174050K->73640K(175104K)] 337608K->292173K(699392K), 0.0101491 secs] [Times: user=0.12 sys=0.00, real=0.01 secs] 
2016-09-15T12:21:53.246-0400: 140.264: [GC (GCLocker Initiated GC) [PSYoungGen: 161704K->85726K(175104K)] 386371K->328886K(699392K), 0.0097170 secs] [Times: user=0.10 sys=0.00, real=0.02 secs] 
2016-09-15T12:21:53.362-0400: 140.379: [GC (GCLocker Initiated GC) [PSYoungGen: 173790K->42977K(175104K)] 417015K->328986K(699392K), 0.0174007 secs] [Times: user=0.14 sys=0.00, real=0.02 secs] 
2016-09-15T12:21:53.488-0400: 140.505: [GC (GCLocker Initiated GC) [PSYoungGen: 131041K->85890K(175104K)] 417164K->378192K(699392K), 0.0211644 secs] [Times: user=0.24 sys=0.01, real=0.02 secs] 
2016-09-15T12:21:53.637-0400: 140.654: [GC (GCLocker Initiated GC) [PSYoungGen: 173954K->67309K(175104K)] 466488K->396552K(699392K), 0.0427599 secs] [Times: user=0.40 sys=0.01, real=0.04 secs] 
2016-09-15T12:21:53.802-0400: 140.819: [GC (GCLocker Initiated GC) [PSYoungGen: 155373K->49344K(175104K)] 484635K->396942K(699392K), 0.0100846 secs] [Times: user=0.09 sys=0.00, real=0.01 secs] 
2016-09-15T12:21:53.929-0400: 140.946: [GC (GCLocker Initiated GC) [PSYoungGen: 137408K->55159K(175104K)] 485216K->439677K(699392K), 0.0342361 secs] [Times: user=0.34 sys=0.00, real=0.03 secs] 
2016-09-15T12:21:54.108-0400: 141.125: [GC (GCLocker Initiated GC) [PSYoungGen: 143223K->49244K(175104K)] 533952K->494940K(699392K), 0.0097785 secs] [Times: user=0.12 sys=0.00, real=0.01 secs] 
2016-09-15T12:21:54.221-0400: 141.238: [Full GC (Ergonomics) [PSYoungGen: 137308K->0K(175104K)] [ParOldGen: 451919K->52797K(524288K)] 589228K->52797K(699392K), [Metaspace: 44412K->44412K(1087488K)], 0.0594951 secs] [Times: user=0.40 sys=0.01, real=0.06 secs] 
2016-09-15T12:21:54.408-0400: 141.425: [GC (Allocation Failure) [PSYoungGen: 88064K->68441K(175104K)] 147196K->127573K(699392K), 0.0131889 secs] [Times: user=0.14 sys=0.00, real=0.01 secs] 
2016-09-15T12:21:54.531-0400: 141.548: [GC (GCLocker Initiated GC) [PSYoungGen: 156505K->79587K(175104K)] 215643K->164141K(699392K), 0.0181412 secs] [Times: user=0.19 sys=0.00, real=0.02 secs] 
2016-09-15T12:21:54.684-0400: 141.701: [GC (Allocation Failure) [PSYoungGen: 167651K->30795K(175104K)] 258344K->164100K(699392K), 0.0214014 secs] [Times: user=0.19 sys=0.00, real=0.02 secs] 
2016-09-15T12:21:54.814-0400: 141.831: [GC (GCLocker Initiated GC) [PSYoungGen: 118859K->43041K(175104K)] 252164K->213048K(699392K), 0.0344857 secs] [Times: user=0.32 sys=0.00, real=0.04 secs] 
2016-09-15T12:21:54.950-0400: 141.967: [GC (GCLocker Initiated GC) [PSYoungGen: 131105K->61366K(175104K)] 301441K->250202K(699392K), 0.0095686 secs] [Times: user=0.07 sys=0.00, real=0.01 secs] 
2016-09-15T12:21:55.054-0400: 142.071: [GC (GCLocker Initiated GC) [PSYoungGen: 149430K->85790K(175104K)] 338414K->329749K(699392K), 0.0150597 secs] [Times: user=0.20 sys=0.00, real=0.02 secs] 
2016-09-15T12:21:55.179-0400: 142.196: [GC (GCLocker Initiated GC) [PSYoungGen: 173854K->55615K(175104K)] 430045K->342308K(699392K), 0.0141659 secs] [Times: user=0.16 sys=0.00, real=0.01 secs] 
2016-09-15T12:21:55.298-0400: 142.315: [GC (GCLocker Initiated GC) [PSYoungGen: 143679K->61654K(175104K)] 430576K->403542K(699392K), 0.0101935 secs] [Times: user=0.12 sys=0.00, real=0.01 secs] 
2016-09-15T12:21:55.429-0400: 142.446: [GC (GCLocker Initiated GC) [PSYoungGen: 149718K->85854K(175104K)] 492193K->452912K(699392K), 0.0105017 secs] [Times: user=0.16 sys=0.01, real=0.01 secs] 
2016-09-15T12:21:55.563-0400: 142.580: [GC (GCLocker Initiated GC) [PSYoungGen: 173918K->37162K(175104K)] 553269K->434833K(699392K), 0.0080938 secs] [Times: user=0.06 sys=0.01, real=0.01 secs] 
2016-09-15T12:21:55.687-0400: 142.704: [GC (GCLocker Initiated GC) [PSYoungGen: 125226K->43105K(175104K)] 523062K->453155K(699392K), 0.0110185 secs] [Times: user=0.06 sys=0.00, real=0.02 secs] 
2016-09-15T12:21:55.813-0400: 142.830: [GC (GCLocker Initiated GC) [PSYoungGen: 131169K->73676K(175104K)] 541457K->502480K(699392K), 0.0115812 secs] [Times: user=0.11 sys=0.00, real=0.01 secs] 
2016-09-15T12:21:55.947-0400: 142.964: [GC (GCLocker Initiated GC) [PSYoungGen: 161740K->37158K(175104K)] 608839K->502921K(699392K), 0.0120039 secs] [Times: user=0.12 sys=0.00, real=0.02 secs] 
2016-09-15T12:21:55.959-0400: 142.976: [Full GC (Ergonomics) [PSYoungGen: 37158K->0K(175104K)] [ParOldGen: 465763K->52989K(524288K)] 502921K->52989K(699392K), [Metaspace: 44412K->44412K(1087488K)], 0.0583482 secs] [Times: user=0.37 sys=0.01, real=0.06 secs] 
2016-09-15T12:21:56.133-0400: 143.150: [GC (GCLocker Initiated GC) [PSYoungGen: 88064K->85790K(175104K)] 153300K->151027K(699392K), 0.0094672 secs] [Times: user=0.11 sys=0.00, real=0.01 secs] 
2016-09-15T12:21:56.250-0400: 143.267: [GC (GCLocker Initiated GC) [PSYoungGen: 173854K->61522K(175104K)] 239166K->181816K(699392K), 0.0151240 secs] [Times: user=0.19 sys=0.00, real=0.01 secs] 
2016-09-15T12:21:56.387-0400: 143.405: [GC (GCLocker Initiated GC) [PSYoungGen: 149586K->43269K(175104K)] 269934K->176010K(699392K), 0.0258467 secs] [Times: user=0.30 sys=0.00, real=0.03 secs] 
2016-09-15T12:21:56.515-0400: 143.532: [GC (GCLocker Initiated GC) [PSYoungGen: 131333K->67469K(175104K)] 264440K->225144K(699392K), 0.0103015 secs] [Times: user=0.08 sys=0.00, real=0.01 secs] 
2016-09-15T12:21:56.651-0400: 143.668: [GC (GCLocker Initiated GC) [PSYoungGen: 155533K->67633K(175104K)] 319415K->243776K(699392K), 0.0337137 secs] [Times: user=0.39 sys=0.00, real=0.03 secs] 
2016-09-15T12:21:56.813-0400: 143.830: [GC (GCLocker Initiated GC) [PSYoungGen: 155697K->85790K(175104K)] 337963K->317259K(699392K), 0.0174955 secs] [Times: user=0.19 sys=0.00, real=0.02 secs] 
2016-09-15T12:21:56.956-0400: 143.973: [GC (GCLocker Initiated GC) [PSYoungGen: 173854K->73416K(175104K)] 417516K->347752K(699392K), 0.0250741 secs] [Times: user=0.33 sys=0.00, real=0.02 secs] 
2016-09-15T12:21:57.093-0400: 144.110: [GC (GCLocker Initiated GC) [PSYoungGen: 161480K->85854K(175104K)] 435863K->409161K(699392K), 0.0103224 secs] [Times: user=0.13 sys=0.00, real=0.01 secs] 
2016-09-15T12:21:57.209-0400: 144.226: [GC (GCLocker Initiated GC) [PSYoungGen: 173918K->61558K(175104K)] 497250K->458113K(699392K), 0.0107584 secs] [Times: user=0.15 sys=0.00, real=0.01 secs] 
2016-09-15T12:21:57.338-0400: 144.355: [GC (Allocation Failure) [PSYoungGen: 149622K->55938K(175104K)] 558638K->465402K(699392K), 0.0095323 secs] [Times: user=0.13 sys=0.00, real=0.00 secs] 
2016-09-15T12:21:57.483-0400: 144.500: [GC (GCLocker Initiated GC) [PSYoungGen: 144002K->55547K(175104K)] 553472K->501781K(699392K), 0.0126882 secs] [Times: user=0.15 sys=0.00, real=0.02 secs] 
2016-09-15T12:21:57.496-0400: 144.513: [Full GC (Ergonomics) [PSYoungGen: 55547K->0K(175104K)] [ParOldGen: 446234K->47248K(524288K)] 501781K->47248K(699392K), [Metaspace: 44413K->44413K(1087488K)], 0.0544206 secs] [Times: user=0.35 sys=0.01, real=0.05 secs] 
2016-09-15T12:21:57.655-0400: 144.672: [GC (Allocation Failure) [PSYoungGen: 88064K->86242K(175104K)] 135521K->158000K(699392K), 0.0092612 secs] [Times: user=0.12 sys=0.01, real=0.01 secs] 
2016-09-15T12:21:57.794-0400: 144.811: [GC (GCLocker Initiated GC) [PSYoungGen: 170457K->55283K(175104K)] 248290K->151904K(699392K), 0.0073396 secs] [Times: user=0.10 sys=0.00, real=0.01 secs] 
2016-09-15T12:21:57.893-0400: 144.911: [GC (GCLocker Initiated GC) [PSYoungGen: 143347K->86346K(175104K)] 240144K->207610K(699392K), 0.0087862 secs] [Times: user=0.12 sys=0.00, real=0.01 secs] 
2016-09-15T12:21:58.041-0400: 145.058: [GC (GCLocker Initiated GC) [PSYoungGen: 174410K->73444K(175104K)] 295722K->231522K(699392K), 0.0090240 secs] [Times: user=0.13 sys=0.00, real=0.01 secs] 
2016-09-15T12:21:58.142-0400: 145.159: [GC (GCLocker Initiated GC) [PSYoungGen: 161508K->85726K(175104K)] 319628K->268290K(699392K), 0.0101272 secs] [Times: user=0.12 sys=0.00, real=0.01 secs] 
2016-09-15T12:21:58.272-0400: 145.289: [GC (GCLocker Initiated GC) [PSYoungGen: 173790K->73672K(175104K)] 362790K->323714K(699392K), 0.0198386 secs] [Times: user=0.25 sys=0.00, real=0.02 secs] 
2016-09-15T12:21:58.434-0400: 145.451: [GC (GCLocker Initiated GC) [PSYoungGen: 161736K->67177K(175104K)] 411931K->348015K(699392K), 0.0142052 secs] [Times: user=0.13 sys=0.02, real=0.02 secs] 
2016-09-15T12:21:58.612-0400: 145.629: [GC (GCLocker Initiated GC) [PSYoungGen: 155241K->55187K(175104K)] 442487K->379018K(699392K), 0.0110576 secs] [Times: user=0.14 sys=0.00, real=0.01 secs] 
2016-09-15T12:21:58.741-0400: 145.758: [GC (GCLocker Initiated GC) [PSYoungGen: 143251K->85498K(175104K)] 467152K->409534K(699392K), 0.0221705 secs] [Times: user=0.22 sys=0.02, real=0.02 secs] 
2016-09-15T12:21:58.852-0400: 145.870: [GC (GCLocker Initiated GC) [PSYoungGen: 173562K->49312K(175104K)] 497825K->446579K(699392K), 0.0218804 secs] [Times: user=0.22 sys=0.01, real=0.02 secs] 
2016-09-15T12:21:58.995-0400: 146.012: [GC (GCLocker Initiated GC) [PSYoungGen: 137376K->31054K(175104K)] 534903K->483532K(699392K), 0.0192405 secs] [Times: user=0.15 sys=0.01, real=0.02 secs] 
2016-09-15T12:21:59.015-0400: 146.032: [Full GC (Ergonomics) [PSYoungGen: 31054K->0K(175104K)] [ParOldGen: 452477K->47664K(524288K)] 483532K->47664K(699392K), [Metaspace: 44429K->44429K(1087488K)], 0.0616725 secs] [Times: user=0.37 sys=0.01, real=0.07 secs] 
2016-09-15T12:21:59.178-0400: 146.195: [GC (Allocation Failure) [PSYoungGen: 88064K->61910K(175104K)] 154291K->128137K(699392K), 0.0097868 secs] [Times: user=0.08 sys=0.00, real=0.01 secs] 
2016-09-15T12:21:59.294-0400: 146.311: [GC (GCLocker Initiated GC) [PSYoungGen: 149974K->55319K(175104K)] 216202K->176934K(699392K), 0.0171939 secs] [Times: user=0.19 sys=0.01, real=0.02 secs] 
2016-09-15T12:21:59.417-0400: 146.434: [GC (GCLocker Initiated GC) [PSYoungGen: 143383K->79651K(175104K)] 265158K->219926K(699392K), 0.0147406 secs] [Times: user=0.15 sys=0.01, real=0.01 secs] 
2016-09-15T12:21:59.534-0400: 146.551: [GC (GCLocker Initiated GC) [PSYoungGen: 167715K->36966K(175104K)] 308049K->232226K(699392K), 0.0236124 secs] [Times: user=0.21 sys=0.00, real=0.03 secs] 
2016-09-15T12:21:59.656-0400: 146.673: [GC (GCLocker Initiated GC) [PSYoungGen: 125030K->37389K(175104K)] 326452K->293622K(699392K), 0.0225621 secs] [Times: user=0.26 sys=0.01, real=0.02 secs] 
2016-09-15T12:21:59.778-0400: 146.795: [GC (GCLocker Initiated GC) [PSYoungGen: 125453K->86118K(175104K)] 381751K->391331K(699392K), 0.0213097 secs] [Times: user=0.30 sys=0.01, real=0.02 secs] 
2016-09-15T12:21:59.891-0400: 146.908: [GC (GCLocker Initiated GC) [PSYoungGen: 174182K->73868K(175104K)] 479655K->434363K(699392K), 0.0127713 secs] [Times: user=0.20 sys=0.00, real=0.01 secs] 
2016-09-15T12:22:00.016-0400: 147.033: [GC (GCLocker Initiated GC) [PSYoungGen: 161932K->86054K(175104K)] 522755K->471608K(699392K), 0.0137279 secs] [Times: user=0.12 sys=0.00, real=0.01 secs] 
2016-09-15T12:22:00.142-0400: 147.160: [GC (GCLocker Initiated GC) [PSYoungGen: 174118K->73740K(175104K)] 559989K->478300K(699392K), 0.0092377 secs] [Times: user=0.12 sys=0.01, real=0.01 secs] 
2016-09-15T12:22:00.286-0400: 147.303: [GC (GCLocker Initiated GC) [PSYoungGen: 161804K->73448K(175104K)] 566595K->514817K(699392K), 0.0102566 secs] [Times: user=0.12 sys=0.01, real=0.02 secs] 
2016-09-15T12:22:00.444-0400: 147.461: [Full GC (Ergonomics) [PSYoungGen: 161512K->0K(175104K)] [ParOldGen: 447518K->41058K(524288K)] 609030K->41058K(699392K), [Metaspace: 44429K->44429K(1087488K)], 0.0588232 secs] [Times: user=0.33 sys=0.02, real=0.06 secs] 
2016-09-15T12:22:00.644-0400: 147.661: [GC (GCLocker Initiated GC) [PSYoungGen: 88064K->85566K(175104K)] 135197K->132699K(699392K), 0.0179070 secs] [Times: user=0.16 sys=0.00, real=0.02 secs] 
2016-09-15T12:22:00.768-0400: 147.785: [GC (GCLocker Initiated GC) [PSYoungGen: 173630K->30987K(175104K)] 227048K->127189K(699392K), 0.0166804 secs] [Times: user=0.15 sys=0.00, real=0.01 secs] 
2016-09-15T12:22:00.900-0400: 147.918: [GC (GCLocker Initiated GC) [PSYoungGen: 119051K->68024K(175104K)] 221560K->207112K(699392K), 0.0156278 secs] [Times: user=0.16 sys=0.00, real=0.02 secs] 
2016-09-15T12:22:01.040-0400: 148.058: [GC (GCLocker Initiated GC) [PSYoungGen: 156088K->49475K(175104K)] 301281K->213301K(699392K), 0.0087373 secs] [Times: user=0.06 sys=0.00, real=0.01 secs] 
2016-09-15T12:22:01.161-0400: 148.178: [GC (GCLocker Initiated GC) [PSYoungGen: 137539K->55223K(175104K)] 307570K->256068K(699392K), 0.0312120 secs] [Times: user=0.34 sys=0.00, real=0.03 secs] 
2016-09-15T12:22:01.316-0400: 148.333: [GC (GCLocker Initiated GC) [PSYoungGen: 143287K->61426K(175104K)] 350243K->304992K(699392K), 0.0235052 secs] [Times: user=0.25 sys=0.01, real=0.02 secs] 
2016-09-15T12:22:01.444-0400: 148.462: [GC (GCLocker Initiated GC) [PSYoungGen: 149490K->61362K(175104K)] 393170K->335825K(699392K), 0.0185841 secs] [Times: user=0.17 sys=0.00, real=0.02 secs] 
2016-09-15T12:22:01.573-0400: 148.590: [GC (Allocation Failure) [PSYoungGen: 149426K->37130K(175104K)] 424199K->354516K(699392K), 0.0147818 secs] [Times: user=0.12 sys=0.00, real=0.02 secs] 
2016-09-15T12:22:01.687-0400: 148.704: [GC (GCLocker Initiated GC) [PSYoungGen: 119553K->25011K(175104K)] 443014K->409491K(699392K), 0.0264067 secs] [Times: user=0.28 sys=0.00, real=0.03 secs] 
2016-09-15T12:22:01.829-0400: 148.846: [GC (GCLocker Initiated GC) [PSYoungGen: 113075K->61430K(175104K)] 503934K->458779K(699392K), 0.0244851 secs] [Times: user=0.24 sys=0.00, real=0.02 secs] 
2016-09-15T12:22:01.949-0400: 148.966: [GC (GCLocker Initiated GC) [PSYoungGen: 149494K->67433K(175104K)] 547098K->508198K(699392K), 0.0335352 secs] [Times: user=0.38 sys=0.00, real=0.03 secs] 
2016-09-15T12:22:02.073-0400: 149.090: [GC (GCLocker Initiated GC) [PSYoungGen: 155497K->85826K(175104K)] 596365K->581497K(699392K), 0.0385663 secs] [Times: user=0.44 sys=0.00, real=0.04 secs] 
2016-09-15T12:22:02.112-0400: 149.129: [Full GC (Ergonomics) [PSYoungGen: 85826K->0K(175104K)] [ParOldGen: 495671K->59547K(524288K)] 581497K->59547K(699392K), [Metaspace: 44429K->44429K(1087488K)], 0.0599038 secs] [Times: user=0.35 sys=0.01, real=0.06 secs] 
2016-09-15T12:22:02.287-0400: 149.304: [GC (GCLocker Initiated GC) [PSYoungGen: 88064K->86306K(175104K)] 160078K->158320K(699392K), 0.0100261 secs] [Times: user=0.07 sys=0.00, real=0.02 secs] 
2016-09-15T12:22:02.402-0400: 149.419: [GC (GCLocker Initiated GC) [PSYoungGen: 174370K->49408K(175104K)] 252568K->183241K(699392K), 0.0231476 secs] [Times: user=0.23 sys=0.02, real=0.02 secs] 
2016-09-15T12:22:02.530-0400: 149.547: [GC (GCLocker Initiated GC) [PSYoungGen: 137472K->61458K(175104K)] 277668K->256644K(699392K), 0.0107534 secs] [Times: user=0.11 sys=0.00, real=0.01 secs] 
2016-09-15T12:22:02.648-0400: 149.665: [GC (GCLocker Initiated GC) [PSYoungGen: 149522K->61754K(175104K)] 351054K->281803K(699392K), 0.0205131 secs] [Times: user=0.24 sys=0.00, real=0.02 secs] 
2016-09-15T12:22:02.807-0400: 149.825: [GC (Allocation Failure) [PSYoungGen: 149818K->73836K(175104K)] 369936K->330712K(699392K), 0.0126759 secs] [Times: user=0.17 sys=0.01, real=0.02 secs] 
2016-09-15T12:22:02.937-0400: 149.954: [GC (GCLocker Initiated GC) [PSYoungGen: 161900K->73804K(175104K)] 418781K->349038K(699392K), 0.0158847 secs] [Times: user=0.16 sys=0.01, real=0.01 secs] 
2016-09-15T12:22:03.053-0400: 150.070: [GC (GCLocker Initiated GC) [PSYoungGen: 161868K->85854K(175104K)] 437222K->428209K(699392K), 0.0148815 secs] [Times: user=0.19 sys=0.00, real=0.02 secs] 
2016-09-15T12:22:03.191-0400: 150.209: [GC (GCLocker Initiated GC) [PSYoungGen: 173918K->43464K(175104K)] 516286K->428486K(699392K), 0.0083376 secs] [Times: user=0.09 sys=0.00, real=0.01 secs] 
2016-09-15T12:22:03.304-0400: 150.321: [GC (GCLocker Initiated GC) [PSYoungGen: 131528K->85566K(175104K)] 516866K->483461K(699392K), 0.0293330 secs] [Times: user=0.23 sys=0.00, real=0.03 secs] 
2016-09-15T12:22:03.449-0400: 150.466: [GC (Allocation Failure) [PSYoungGen: 173630K->61298K(175104K)] 583699K->471447K(699392K), 0.0197622 secs] [Times: user=0.22 sys=0.00, real=0.02 secs] 
2016-09-15T12:22:03.593-0400: 150.610: [GC (GCLocker Initiated GC) [PSYoungGen: 146973K->37229K(175104K)] 563198K->496254K(699392K), 0.0125225 secs] [Times: user=0.15 sys=0.00, real=0.01 secs] 
2016-09-15T12:22:03.605-0400: 150.623: [Full GC (Ergonomics) [PSYoungGen: 37229K->0K(175104K)] [ParOldGen: 459024K->41631K(524288K)] 496254K->41631K(699392K), [Metaspace: 44429K->44429K(1087488K)], 0.0522687 secs] [Times: user=0.26 sys=0.01, real=0.06 secs] 
2016-09-15T12:22:03.761-0400: 150.778: [GC (GCLocker Initiated GC) [PSYoungGen: 88064K->79911K(175104K)] 129810K->121657K(699392K), 0.0135908 secs] [Times: user=0.10 sys=0.00, real=0.01 secs] 
2016-09-15T12:22:03.872-0400: 150.889: [GC (GCLocker Initiated GC) [PSYoungGen: 167975K->55383K(175104K)] 210010K->189082K(699392K), 0.0199904 secs] [Times: user=0.18 sys=0.01, real=0.02 secs] 
2016-09-15T12:22:04.004-0400: 151.021: [GC (GCLocker Initiated GC) [PSYoungGen: 143447K->55419K(175104K)] 283336K->225794K(699392K), 0.0212412 secs] [Times: user=0.20 sys=0.01, real=0.02 secs] 
2016-09-15T12:22:04.133-0400: 151.150: [GC (GCLocker Initiated GC) [PSYoungGen: 143483K->85658K(175104K)] 313883K->280673K(699392K), 0.0128996 secs] [Times: user=0.16 sys=0.00, real=0.01 secs] 
2016-09-15T12:22:04.251-0400: 151.268: [GC (GCLocker Initiated GC) [PSYoungGen: 173722K->73904K(175104K)] 368739K->329823K(699392K), 0.0145191 secs] [Times: user=0.20 sys=0.00, real=0.01 secs] 
2016-09-15T12:22:04.418-0400: 151.435: [GC (GCLocker Initiated GC) [PSYoungGen: 161968K->55351K(175104K)] 430128K->323951K(699392K), 0.0066032 secs] [Times: user=0.05 sys=0.00, real=0.00 secs] 
2016-09-15T12:22:04.551-0400: 151.568: [GC (GCLocker Initiated GC) [PSYoungGen: 143415K->55643K(175104K)] 418406K->343091K(699392K), 0.0133738 secs] [Times: user=0.15 sys=0.00, real=0.01 secs] 
2016-09-15T12:22:04.684-0400: 151.701: [GC (GCLocker Initiated GC) [PSYoungGen: 143707K->61626K(175104K)] 431298K->367545K(699392K), 0.0282159 secs] [Times: user=0.32 sys=0.01, real=0.03 secs] 
2016-09-15T12:22:04.834-0400: 151.852: [GC (GCLocker Initiated GC) [PSYoungGen: 149690K->55383K(175104K)] 462040K->386226K(699392K), 0.0127803 secs] [Times: user=0.06 sys=0.01, real=0.01 secs] 
2016-09-15T12:22:04.935-0400: 151.952: [GC (GCLocker Initiated GC) [PSYoungGen: 143447K->85826K(175104K)] 474393K->435453K(699392K), 0.0221315 secs] [Times: user=0.25 sys=0.00, real=0.03 secs] 
2016-09-15T12:22:05.048-0400: 152.066: [GC (GCLocker Initiated GC) [PSYoungGen: 173890K->85826K(175104K)] 523754K->484542K(699392K), 0.0191430 secs] [Times: user=0.20 sys=0.01, real=0.02 secs] 
2016-09-15T12:22:05.178-0400: 152.195: [GC (GCLocker Initiated GC) [PSYoungGen: 173890K->61462K(175104K)] 572681K->460684K(699392K), 0.0140933 secs] [Times: user=0.14 sys=0.00, real=0.01 secs] 
2016-09-15T12:22:05.314-0400: 152.332: [GC (GCLocker Initiated GC) [PSYoungGen: 149526K->55255K(175104K)] 560964K->503418K(699392K), 0.0231714 secs] [Times: user=0.23 sys=0.01, real=0.03 secs] 
2016-09-15T12:22:05.338-0400: 152.355: [Full GC (Ergonomics) [PSYoungGen: 55255K->0K(175104K)] [ParOldGen: 448163K->53537K(524288K)] 503418K->53537K(699392K), [Metaspace: 44429K->44429K(1087488K)], 0.0561966 secs] [Times: user=0.28 sys=0.01, real=0.05 secs] 
2016-09-15T12:22:05.492-0400: 152.509: [GC (GCLocker Initiated GC) [PSYoungGen: 88064K->86046K(175104K)] 141637K->163919K(699392K), 0.0125007 secs] [Times: user=0.18 sys=0.01, real=0.01 secs] 
2016-09-15T12:22:05.634-0400: 152.651: [GC (Allocation Failure) [PSYoungGen: 174110K->43105K(175104K)] 252136K->158081K(699392K), 0.0099556 secs] [Times: user=0.07 sys=0.00, real=0.01 secs] 
2016-09-15T12:22:05.767-0400: 152.784: [GC (GCLocker Initiated GC) [PSYoungGen: 127670K->36962K(175104K)] 248721K->182597K(699392K), 0.0067866 secs] [Times: user=0.07 sys=0.00, real=0.01 secs] 
2016-09-15T12:22:05.876-0400: 152.893: [GC (GCLocker Initiated GC) [PSYoungGen: 125026K->54963K(175104K)] 270893K->200925K(699392K), 0.0142445 secs] [Times: user=0.14 sys=0.01, real=0.01 secs] 
2016-09-15T12:22:06.003-0400: 153.020: [GC (GCLocker Initiated GC) [PSYoungGen: 143027K->86445K(175104K)] 289123K->238760K(699392K), 0.0085456 secs] [Times: user=0.12 sys=0.00, real=0.01 secs] 
2016-09-15T12:22:06.109-0400: 153.126: [GC (GCLocker Initiated GC) [PSYoungGen: 174509K->61362K(175104K)] 332914K->262903K(699392K), 0.0103858 secs] [Times: user=0.08 sys=0.00, real=0.01 secs] 
2016-09-15T12:22:06.257-0400: 153.274: [GC (Allocation Failure) [PSYoungGen: 149426K->85790K(175104K)] 351142K->324100K(699392K), 0.0144561 secs] [Times: user=0.16 sys=0.00, real=0.01 secs] 
2016-09-15T12:22:06.428-0400: 153.445: [GC (GCLocker Initiated GC) [PSYoungGen: 173221K->37094K(175104K)] 417607K->330354K(699392K), 0.0162715 secs] [Times: user=0.18 sys=0.01, real=0.01 secs] 
2016-09-15T12:22:06.559-0400: 153.576: [GC (Allocation Failure) [PSYoungGen: 125158K->85922K(175104K)] 424541K->385416K(699392K), 0.0139261 secs] [Times: user=0.16 sys=0.00, real=0.01 secs] 
2016-09-15T12:22:06.680-0400: 153.697: [GC (GCLocker Initiated GC) [PSYoungGen: 173986K->49116K(175104K)] 473486K->385161K(699392K), 0.0124179 secs] [Times: user=0.08 sys=0.00, real=0.01 secs] 
2016-09-15T12:22:06.788-0400: 153.805: [GC (GCLocker Initiated GC) [PSYoungGen: 137180K->61494K(175104K)] 473312K->403945K(699392K), 0.0078016 secs] [Times: user=0.05 sys=0.00, real=0.01 secs] 
2016-09-15T12:22:06.896-0400: 153.913: [GC (GCLocker Initiated GC) [PSYoungGen: 149558K->73776K(175104K)] 498439K->441337K(699392K), 0.0154691 secs] [Times: user=0.14 sys=0.00, real=0.01 secs] 
2016-09-15T12:22:07.041-0400: 154.058: [GC (GCLocker Initiated GC) [PSYoungGen: 161840K->85758K(175104K)] 529594K->490574K(699392K), 0.0117784 secs] [Times: user=0.14 sys=0.00, real=0.01 secs] 
2016-09-15T12:22:07.168-0400: 154.185: [GC (Allocation Failure) [PSYoungGen: 173822K->55483K(175104K)] 584967K->484956K(699392K), 0.0109245 secs] [Times: user=0.12 sys=0.00, real=0.01 secs] 
2016-09-15T12:22:07.300-0400: 154.318: [GC (GCLocker Initiated GC) [PSYoungGen: 143547K->55219K(175104K)] 573276K->521502K(699392K), 0.0241174 secs] [Times: user=0.31 sys=0.01, real=0.02 secs] 
2016-09-15T12:22:07.325-0400: 154.342: [Full GC (Ergonomics) [PSYoungGen: 55219K->0K(175104K)] [ParOldGen: 466283K->53997K(524288K)] 521502K->53997K(699392K), [Metaspace: 44429K->44429K(1087488K)], 0.0580339 secs] [Times: user=0.36 sys=0.00, real=0.06 secs] 
2016-09-15T12:22:07.509-0400: 154.526: [GC (GCLocker Initiated GC) [PSYoungGen: 88064K->56294K(175104K)] 160636K->128867K(699392K), 0.0105377 secs] [Times: user=0.15 sys=0.00, real=0.01 secs] 
2016-09-15T12:22:07.610-0400: 154.627: [GC (GCLocker Initiated GC) [PSYoungGen: 144358K->85690K(175104K)] 217153K->202244K(699392K), 0.0116531 secs] [Times: user=0.17 sys=0.00, real=0.01 secs] 
2016-09-15T12:22:07.711-0400: 154.728: [GC (GCLocker Initiated GC) [PSYoungGen: 173754K->74000K(175104K)] 290312K->245393K(699392K), 0.0122333 secs] [Times: user=0.16 sys=0.00, real=0.01 secs] 
2016-09-15T12:22:07.841-0400: 154.859: [GC (GCLocker Initiated GC) [PSYoungGen: 162064K->86118K(175104K)] 339838K->288656K(699392K), 0.0100471 secs] [Times: user=0.12 sys=0.00, real=0.01 secs] 
2016-09-15T12:22:07.967-0400: 154.984: [GC (GCLocker Initiated GC) [PSYoungGen: 174182K->30859K(175104K)] 377081K->264393K(699392K), 0.0165359 secs] [Times: user=0.16 sys=0.00, real=0.02 secs] 
2016-09-15T12:22:08.095-0400: 155.112: [GC (GCLocker Initiated GC) [PSYoungGen: 118923K->55611K(175104K)] 358724K->313773K(699392K), 0.0094419 secs] [Times: user=0.11 sys=0.01, real=0.01 secs] 
2016-09-15T12:22:08.259-0400: 155.276: [GC (Allocation Failure) [PSYoungGen: 143675K->61394K(175104K)] 414112K->332115K(699392K), 0.0078455 secs] [Times: user=0.08 sys=0.00, real=0.00 secs] 
2016-09-15T12:22:08.401-0400: 155.418: [GC (GCLocker Initiated GC) [PSYoungGen: 147781K->55059K(175104K)] 424577K->362521K(699392K), 0.0079943 secs] [Times: user=0.08 sys=0.00, real=0.01 secs] 
2016-09-15T12:22:08.500-0400: 155.517: [GC (GCLocker Initiated GC) [PSYoungGen: 143123K->86150K(175104K)] 450655K->436367K(699392K), 0.0123066 secs] [Times: user=0.19 sys=0.00, real=0.01 secs] 
2016-09-15T12:22:08.642-0400: 155.659: [GC (GCLocker Initiated GC) [PSYoungGen: 174214K->85562K(175104K)] 524579K->497001K(699392K), 0.0126398 secs] [Times: user=0.19 sys=0.00, real=0.01 secs] 
2016-09-15T12:22:08.745-0400: 155.762: [GC (GCLocker Initiated GC) [PSYoungGen: 173626K->85758K(175104K)] 585113K->564213K(699392K), 0.0131914 secs] [Times: user=0.18 sys=0.01, real=0.02 secs] 
2016-09-15T12:22:08.759-0400: 155.776: [Full GC (Ergonomics) [PSYoungGen: 85758K->0K(175104K)] [ParOldGen: 478455K->47831K(524288K)] 564213K->47831K(699392K), [Metaspace: 44446K->44446K(1087488K)], 0.0520918 secs] [Times: user=0.35 sys=0.00, real=0.05 secs] 
2016-09-15T12:22:08.910-0400: 155.927: [GC (GCLocker Initiated GC) [PSYoungGen: 88064K->86078K(175104K)] 142124K->146214K(699392K), 0.0083331 secs] [Times: user=0.08 sys=0.00, real=0.01 secs] 
2016-09-15T12:22:09.052-0400: 156.069: [GC (GCLocker Initiated GC) [PSYoungGen: 174142K->67697K(175104K)] 234510K->177228K(699392K), 0.0102826 secs] [Times: user=0.13 sys=0.00, real=0.01 secs] 
2016-09-15T12:22:09.162-0400: 156.179: [GC (GCLocker Initiated GC) [PSYoungGen: 155761K->79747K(175104K)] 265323K->189585K(699392K), 0.0080551 secs] [Times: user=0.08 sys=0.00, real=0.01 secs] 
2016-09-15T12:22:09.281-0400: 156.298: [GC (GCLocker Initiated GC) [PSYoungGen: 167811K->36870K(175104K)] 283984K->177587K(699392K), 0.0124093 secs] [Times: user=0.11 sys=0.00, real=0.01 secs] 
2016-09-15T12:22:09.411-0400: 156.428: [GC (GCLocker Initiated GC) [PSYoungGen: 124934K->85790K(175104K)] 265957K->233180K(699392K), 0.0118462 secs] [Times: user=0.13 sys=0.00, real=0.01 secs] 
2016-09-15T12:22:09.542-0400: 156.559: [GC (GCLocker Initiated GC) [PSYoungGen: 173854K->30859K(175104K)] 321419K->214954K(699392K), 0.0125410 secs] [Times: user=0.10 sys=0.00, real=0.01 secs] 
2016-09-15T12:22:09.674-0400: 156.691: [GC (GCLocker Initiated GC) [PSYoungGen: 118923K->61526K(175104K)] 303296K->264188K(699392K), 0.0252765 secs] [Times: user=0.23 sys=0.00, real=0.03 secs] 
2016-09-15T12:22:09.835-0400: 156.852: [GC (GCLocker Initiated GC) [PSYoungGen: 149590K->73380K(175104K)] 352300K->318898K(699392K), 0.0175717 secs] [Times: user=0.18 sys=0.00, real=0.02 secs] 
2016-09-15T12:22:09.944-0400: 156.962: [GC (GCLocker Initiated GC) [PSYoungGen: 161444K->85922K(175104K)] 407027K->355956K(699392K), 0.0109328 secs] [Times: user=0.09 sys=0.00, real=0.01 secs] 
2016-09-15T12:22:10.074-0400: 157.091: [GC (GCLocker Initiated GC) [PSYoungGen: 173986K->49408K(175104K)] 450107K->380644K(699392K), 0.0103314 secs] [Times: user=0.08 sys=0.00, real=0.01 secs] 
2016-09-15T12:22:10.200-0400: 157.217: [GC (GCLocker Initiated GC) [PSYoungGen: 137472K->55259K(175104K)] 468755K->386653K(699392K), 0.0172629 secs] [Times: user=0.23 sys=0.00, real=0.02 secs] 
2016-09-15T12:22:10.313-0400: 157.331: [GC (GCLocker Initiated GC) [PSYoungGen: 143323K->85626K(175104K)] 480834K->484211K(699392K), 0.0136792 secs] [Times: user=0.21 sys=0.00, real=0.01 secs] 
2016-09-15T12:22:10.434-0400: 157.451: [GC (GCLocker Initiated GC) [PSYoungGen: 173690K->86050K(175104K)] 572535K->557939K(699392K), 0.0143313 secs] [Times: user=0.23 sys=0.00, real=0.02 secs] 
2016-09-15T12:22:10.448-0400: 157.465: [Full GC (Ergonomics) [PSYoungGen: 86050K->0K(175104K)] [ParOldGen: 471888K->52383K(524288K)] 557939K->52383K(699392K), [Metaspace: 44446K->44446K(1087488K)], 0.1069989 secs] [Times: user=1.31 sys=0.01, real=0.10 secs] 
2016-09-15T12:22:10.662-0400: 157.679: [GC (GCLocker Initiated GC) [PSYoungGen: 88064K->86766K(175104K)] 146559K->199936K(699392K), 0.0132045 secs] [Times: user=0.21 sys=0.01, real=0.01 secs] 
2016-09-15T12:22:10.794-0400: 157.811: [GC (GCLocker Initiated GC) [PSYoungGen: 174830K->55415K(175104K)] 288120K->254507K(699392K), 0.0136005 secs] [Times: user=0.20 sys=0.01, real=0.01 secs] 
2016-09-15T12:22:10.906-0400: 157.923: [GC (GCLocker Initiated GC) [PSYoungGen: 143479K->85822K(175104K)] 342584K->327768K(699392K), 0.0125328 secs] [Times: user=0.19 sys=0.00, real=0.02 secs] 
2016-09-15T12:22:11.028-0400: 158.045: [GC (GCLocker Initiated GC) [PSYoungGen: 173886K->86182K(175104K)] 416069K->383364K(699392K), 0.0134427 secs] [Times: user=0.22 sys=0.00, real=0.01 secs] 
2016-09-15T12:22:11.144-0400: 158.161: [GC (GCLocker Initiated GC) [PSYoungGen: 174246K->61586K(175104K)] 471587K->389594K(699392K), 0.0111741 secs] [Times: user=0.12 sys=0.00, real=0.02 secs] 
2016-09-15T12:22:11.266-0400: 158.283: [GC (GCLocker Initiated GC) [PSYoungGen: 149650K->79879K(175104K)] 477800K->444606K(699392K), 0.0154811 secs] [Times: user=0.17 sys=0.00, real=0.02 secs] 
2016-09-15T12:22:11.400-0400: 158.417: [GC (GCLocker Initiated GC) [PSYoungGen: 167943K->55383K(175104K)] 532715K->463159K(699392K), 0.0088804 secs] [Times: user=0.13 sys=0.00, real=0.01 secs] 
2016-09-15T12:22:11.512-0400: 158.529: [GC (GCLocker Initiated GC) [PSYoungGen: 143447K->79783K(175104K)] 557346K->500064K(699392K), 0.0102125 secs] [Times: user=0.10 sys=0.01, real=0.01 secs] 
2016-09-15T12:22:11.668-0400: 158.685: [GC (GCLocker Initiated GC) [PSYoungGen: 167847K->43073K(175104K)] 588142K->536536K(699392K), 0.0104957 secs] [Times: user=0.12 sys=0.00, real=0.02 secs] 
2016-09-15T12:22:11.678-0400: 158.695: [Full GC (Ergonomics) [PSYoungGen: 43073K->0K(175104K)] [ParOldGen: 493462K->40481K(524288K)] 536536K->40481K(699392K), [Metaspace: 44446K->44446K(1087488K)], 0.0517095 secs] [Times: user=0.33 sys=0.01, real=0.05 secs] 
2016-09-15T12:22:11.834-0400: 158.851: [GC (GCLocker Initiated GC) [PSYoungGen: 88064K->86078K(175104K)] 128710K->163174K(699392K), 0.0111407 secs] [Times: user=0.15 sys=0.01, real=0.01 secs] 
2016-09-15T12:22:11.970-0400: 158.987: [GC (GCLocker Initiated GC) [PSYoungGen: 174142K->19456K(175104K)] 263603K->145955K(699392K), 0.0066394 secs] [Times: user=0.09 sys=0.01, real=0.01 secs] 
2016-09-15T12:22:12.072-0400: 159.089: [GC (GCLocker Initiated GC) [PSYoungGen: 107520K->55155K(175104K)] 234055K->181941K(699392K), 0.0325146 secs] [Times: user=0.39 sys=0.00, real=0.03 secs] 
2016-09-15T12:22:12.203-0400: 159.220: [GC (GCLocker Initiated GC) [PSYoungGen: 143219K->86214K(175104K)] 276122K->237502K(699392K), 0.0159041 secs] [Times: user=0.19 sys=0.01, real=0.02 secs] 
2016-09-15T12:22:12.316-0400: 159.334: [GC (GCLocker Initiated GC) [PSYoungGen: 174278K->73804K(175104K)] 331813K->292716K(699392K), 0.0133298 secs] [Times: user=0.19 sys=0.00, real=0.01 secs] 
2016-09-15T12:22:12.463-0400: 159.480: [GC (GCLocker Initiated GC) [PSYoungGen: 161868K->73672K(175104K)] 387122K->317295K(699392K), 0.0103936 secs] [Times: user=0.15 sys=0.00, real=0.01 secs] 
2016-09-15T12:22:12.611-0400: 159.628: [GC (GCLocker Initiated GC) [PSYoungGen: 161736K->55383K(175104K)] 417714K->329877K(699392K), 0.0215809 secs] [Times: user=0.24 sys=0.00, real=0.02 secs] 
2016-09-15T12:22:12.742-0400: 159.759: [GC (GCLocker Initiated GC) [PSYoungGen: 143447K->61622K(175104K)] 424372K->379116K(699392K), 0.0107176 secs] [Times: user=0.08 sys=0.00, real=0.01 secs] 
2016-09-15T12:22:12.883-0400: 159.900: [GC (GCLocker Initiated GC) [PSYoungGen: 149686K->61326K(175104K)] 473565K->421947K(699392K), 0.0122767 secs] [Times: user=0.15 sys=0.00, real=0.02 secs] 
2016-09-15T12:22:13.007-0400: 160.024: [GC (GCLocker Initiated GC) [PSYoungGen: 149390K->85790K(175104K)] 510193K->452803K(699392K), 0.0139254 secs] [Times: user=0.20 sys=0.00, real=0.02 secs] 
2016-09-15T12:22:13.136-0400: 160.153: [GC (GCLocker Initiated GC) [PSYoungGen: 173854K->55483K(175104K)] 547297K->447427K(699392K), 0.0089864 secs] [Times: user=0.10 sys=0.00, real=0.00 secs] 
2016-09-15T12:22:13.265-0400: 160.282: [GC (GCLocker Initiated GC) [PSYoungGen: 143547K->43105K(175104K)] 547828K->484096K(699392K), 0.0186421 secs] [Times: user=0.19 sys=0.01, real=0.02 secs] 
2016-09-15T12:22:13.400-0400: 160.417: [GC (GCLocker Initiated GC) [PSYoungGen: 131169K->55515K(175104K)] 578254K->545245K(699392K), 0.0102112 secs] [Times: user=0.12 sys=0.00, real=0.01 secs] 
2016-09-15T12:22:13.410-0400: 160.427: [Full GC (Ergonomics) [PSYoungGen: 55515K->0K(175104K)] [ParOldGen: 489730K->46771K(524288K)] 545245K->46771K(699392K), [Metaspace: 44453K->44453K(1087488K)], 0.0522225 secs] [Times: user=0.37 sys=0.01, real=0.05 secs] 
2016-09-15T12:22:13.580-0400: 160.598: [GC (GCLocker Initiated GC) [PSYoungGen: 88064K->74356K(175104K)] 135407K->121699K(699392K), 0.0104997 secs] [Times: user=0.13 sys=0.00, real=0.01 secs] 
2016-09-15T12:22:13.684-0400: 160.701: [GC (GCLocker Initiated GC) [PSYoungGen: 162420K->85690K(175104K)] 209900K->200575K(699392K), 0.0122092 secs] [Times: user=0.16 sys=0.01, real=0.02 secs] 
2016-09-15T12:22:13.804-0400: 160.822: [GC (GCLocker Initiated GC) [PSYoungGen: 173754K->85986K(175104K)] 288782K->274065K(699392K), 0.0158577 secs] [Times: user=0.25 sys=0.01, real=0.02 secs] 
2016-09-15T12:22:13.939-0400: 160.956: [GC (Allocation Failure) [PSYoungGen: 174050K->55415K(175104K)] 374624K->305240K(699392K), 0.0112466 secs] [Times: user=0.17 sys=0.01, real=0.01 secs] 
2016-09-15T12:22:14.081-0400: 161.098: [GC (GCLocker Initiated GC) [PSYoungGen: 141503K->55447K(175104K)] 397403K->347941K(699392K), 0.0114198 secs] [Times: user=0.15 sys=0.00, real=0.01 secs] 
2016-09-15T12:22:14.207-0400: 161.224: [GC (GCLocker Initiated GC) [PSYoungGen: 143511K->85854K(175104K)] 436304K->397032K(699392K), 0.0115196 secs] [Times: user=0.18 sys=0.00, real=0.02 secs] 
2016-09-15T12:22:14.305-0400: 161.322: [GC (GCLocker Initiated GC) [PSYoungGen: 173918K->86050K(175104K)] 485395K->458593K(699392K), 0.0141187 secs] [Times: user=0.23 sys=0.00, real=0.02 secs] 
2016-09-15T12:22:14.446-0400: 161.463: [GC (Allocation Failure) [PSYoungGen: 174114K->73608K(175104K)] 546967K->477152K(699392K), 0.0118517 secs] [Times: user=0.18 sys=0.00, real=0.02 secs] 
2016-09-15T12:22:14.602-0400: 161.619: [GC (GCLocker Initiated GC) [PSYoungGen: 157746K->49244K(175104K)] 567366K->495424K(699392K), 0.0093486 secs] [Times: user=0.10 sys=0.00, real=0.01 secs] 
2016-09-15T12:22:14.611-0400: 161.628: [Full GC (Ergonomics) [PSYoungGen: 49244K->0K(175104K)] [ParOldGen: 446180K->52869K(524288K)] 495424K->52869K(699392K), [Metaspace: 44454K->44454K(1087488K)], 0.0522319 secs] [Times: user=0.42 sys=0.00, real=0.05 secs] 
2016-09-15T12:22:14.776-0400: 161.793: [GC (Allocation Failure) [PSYoungGen: 88064K->85854K(175104K)] 141059K->175299K(699392K), 0.0125471 secs] [Times: user=0.19 sys=0.00, real=0.01 secs] 
2016-09-15T12:22:14.909-0400: 161.926: [GC (GCLocker Initiated GC) [PSYoungGen: 172478K->55611K(175104K)] 267999K->248835K(699392K), 0.0133434 secs] [Times: user=0.21 sys=0.00, real=0.01 secs] 
2016-09-15T12:22:15.028-0400: 162.045: [GC (GCLocker Initiated GC) [PSYoungGen: 143675K->85790K(175104K)] 336957K->303672K(699392K), 0.0147872 secs] [Times: user=0.19 sys=0.00, real=0.01 secs] 
2016-09-15T12:22:15.148-0400: 162.165: [GC (GCLocker Initiated GC) [PSYoungGen: 173854K->43265K(175104K)] 397959K->310038K(699392K), 0.0139220 secs] [Times: user=0.20 sys=0.00, real=0.01 secs] 
2016-09-15T12:22:15.259-0400: 162.276: [GC (GCLocker Initiated GC) [PSYoungGen: 131329K->86182K(175104K)] 398324K->383883K(699392K), 0.0141083 secs] [Times: user=0.21 sys=0.00, real=0.01 secs] 
2016-09-15T12:22:15.376-0400: 162.393: [GC (GCLocker Initiated GC) [PSYoungGen: 174246K->73672K(175104K)] 472230K->408578K(699392K), 0.0116229 secs] [Times: user=0.17 sys=0.00, real=0.01 secs] 
2016-09-15T12:22:15.488-0400: 162.505: [GC (GCLocker Initiated GC) [PSYoungGen: 161736K->55415K(175104K)] 502775K->457331K(699392K), 0.0099751 secs] [Times: user=0.16 sys=0.00, real=0.01 secs] 
2016-09-15T12:22:15.642-0400: 162.659: [GC (GCLocker Initiated GC) [PSYoungGen: 143479K->74164K(175104K)] 551826K->500887K(699392K), 0.0109252 secs] [Times: user=0.16 sys=0.00, real=0.01 secs] 
2016-09-15T12:22:15.754-0400: 162.772: [GC (GCLocker Initiated GC) [PSYoungGen: 162228K->73640K(175104K)] 589306K->501354K(699392K), 0.0107872 secs] [Times: user=0.15 sys=0.00, real=0.01 secs] 
2016-09-15T12:22:15.877-0400: 162.894: [GC (GCLocker Initiated GC) [PSYoungGen: 161704K->73836K(175104K)] 589612K->538517K(699392K), 0.0126311 secs] [Times: user=0.18 sys=0.00, real=0.01 secs] 
2016-09-15T12:22:15.890-0400: 162.907: [Full GC (Ergonomics) [PSYoungGen: 73836K->0K(175104K)] [ParOldGen: 464681K->46795K(524288K)] 538517K->46795K(699392K), [Metaspace: 44456K->44456K(1087488K)], 0.0582048 secs] [Times: user=0.41 sys=0.01, real=0.06 secs] 
2016-09-15T12:22:16.061-0400: 163.078: [GC (GCLocker Initiated GC) [PSYoungGen: 88064K->86274K(175104K)] 147056K->175641K(699392K), 0.0098788 secs] [Times: user=0.15 sys=0.01, real=0.01 secs] 
2016-09-15T12:22:16.202-0400: 163.219: [GC (GCLocker Initiated GC) [PSYoungGen: 174338K->55970K(175104K)] 276132K->237343K(699392K), 0.0137083 secs] [Times: user=0.21 sys=0.01, real=0.02 secs] 
2016-09-15T12:22:16.326-0400: 163.343: [GC (GCLocker Initiated GC) [PSYoungGen: 144034K->73672K(175104K)] 325455K->255400K(699392K), 0.0078908 secs] [Times: user=0.11 sys=0.00, real=0.01 secs] 
2016-09-15T12:22:16.483-0400: 163.500: [GC (GCLocker Initiated GC) [PSYoungGen: 161736K->61850K(175104K)] 349760K->286647K(699392K), 0.0171429 secs] [Times: user=0.19 sys=0.00, real=0.02 secs] 
2016-09-15T12:22:16.610-0400: 163.627: [GC (GCLocker Initiated GC) [PSYoungGen: 149914K->67665K(175104K)] 374759K->335491K(699392K), 0.0094991 secs] [Times: user=0.12 sys=0.00, real=0.01 secs] 
2016-09-15T12:22:16.720-0400: 163.737: [GC (GCLocker Initiated GC) [PSYoungGen: 155729K->67501K(175104K)] 423675K->378107K(699392K), 0.0100428 secs] [Times: user=0.11 sys=0.00, real=0.01 secs] 
2016-09-15T12:22:16.853-0400: 163.870: [GC (GCLocker Initiated GC) [PSYoungGen: 155565K->55611K(175104K)] 472518K->451839K(699392K), 0.0140111 secs] [Times: user=0.19 sys=0.00, real=0.01 secs] 
2016-09-15T12:22:16.999-0400: 164.016: [GC (GCLocker Initiated GC) [PSYoungGen: 143675K->55159K(175104K)] 540157K->452065K(699392K), 0.0076530 secs] [Times: user=0.05 sys=0.01, real=0.00 secs] 
2016-09-15T12:22:17.103-0400: 164.120: [GC (GCLocker Initiated GC) [PSYoungGen: 143223K->55255K(175104K)] 546979K->477339K(699392K), 0.0104831 secs] [Times: user=0.09 sys=0.00, real=0.01 secs] 
2016-09-15T12:22:17.256-0400: 164.273: [Full GC (Ergonomics) [PSYoungGen: 143319K->0K(175104K)] [ParOldGen: 434298K->46672K(524288K)] 577617K->46672K(699392K), [Metaspace: 44456K->44456K(1087488K)], 0.0815730 secs] [Times: user=0.56 sys=0.01, real=0.08 secs] 
2016-09-15T12:22:17.459-0400: 164.476: [GC (GCLocker Initiated GC) [PSYoungGen: 88064K->67921K(175104K)] 147028K->126885K(699392K), 0.0155327 secs] [Times: user=0.16 sys=0.01, real=0.01 secs] 
2016-09-15T12:22:17.598-0400: 164.615: [GC (GCLocker Initiated GC) [PSYoungGen: 155985K->73740K(175104K)] 214979K->169896K(699392K), 0.0185838 secs] [Times: user=0.24 sys=0.00, real=0.02 secs] 
2016-09-15T12:22:17.730-0400: 164.747: [GC (GCLocker Initiated GC) [PSYoungGen: 161804K->55807K(175104K)] 264227K->194848K(699392K), 0.0083800 secs] [Times: user=0.11 sys=0.01, real=0.01 secs] 
2016-09-15T12:22:17.843-0400: 164.860: [GC (GCLocker Initiated GC) [PSYoungGen: 143871K->55255K(175104K)] 289073K->231084K(699392K), 0.0189018 secs] [Times: user=0.18 sys=0.00, real=0.02 secs] 
2016-09-15T12:22:17.963-0400: 164.980: [GC (Allocation Failure) [PSYoungGen: 143319K->86250K(175104K)] 319245K->262335K(699392K), 0.0098879 secs] [Times: user=0.12 sys=0.01, real=0.01 secs] 
2016-09-15T12:22:18.088-0400: 165.105: [GC (GCLocker Initiated GC) [PSYoungGen: 172889K->49080K(175104K)] 355050K->280264K(699392K), 0.0119416 secs] [Times: user=0.12 sys=0.00, real=0.01 secs] 
2016-09-15T12:22:18.223-0400: 165.240: [GC (GCLocker Initiated GC) [PSYoungGen: 137144K->73576K(175104K)] 374597K->311125K(699392K), 0.0080790 secs] [Times: user=0.09 sys=0.00, real=0.01 secs] 
2016-09-15T12:22:18.343-0400: 165.360: [GC (GCLocker Initiated GC) [PSYoungGen: 161640K->37030K(175104K)] 405502K->299392K(699392K), 0.0296637 secs] [Times: user=0.34 sys=0.00, real=0.03 secs] 
2016-09-15T12:22:18.491-0400: 165.508: [GC (GCLocker Initiated GC) [PSYoungGen: 125094K->86250K(175104K)] 393596K->360938K(699392K), 0.0143423 secs] [Times: user=0.18 sys=0.01, real=0.01 secs] 
2016-09-15T12:22:18.616-0400: 165.633: [GC (GCLocker Initiated GC) [PSYoungGen: 174314K->73736K(175104K)] 449370K->391632K(699392K), 0.0125050 secs] [Times: user=0.15 sys=0.01, real=0.01 secs] 
2016-09-15T12:22:18.736-0400: 165.753: [GC (Allocation Failure) [PSYoungGen: 161800K->85986K(175104K)] 479732K->452834K(699392K), 0.0109636 secs] [Times: user=0.15 sys=0.00, real=0.00 secs] 
2016-09-15T12:22:18.880-0400: 165.897: [GC (GCLocker Initiated GC) [PSYoungGen: 171122K->61522K(175104K)] 544046K->507817K(699392K), 0.0250544 secs] [Times: user=0.37 sys=0.00, real=0.02 secs] 
2016-09-15T12:22:18.905-0400: 165.922: [Full GC (Ergonomics) [PSYoungGen: 61522K->0K(175104K)] [ParOldGen: 446294K->53176K(524288K)] 507817K->53176K(699392K), [Metaspace: 44468K->44468K(1087488K)], 0.0581699 secs] [Times: user=0.44 sys=0.01, real=0.06 secs] 
2016-09-15T12:22:19.069-0400: 166.086: [GC (GCLocker Initiated GC) [PSYoungGen: 88064K->86274K(175104K)] 141602K->145887K(699392K), 0.0085367 secs] [Times: user=0.09 sys=0.00, real=0.01 secs] 
2016-09-15T12:22:19.191-0400: 166.208: [GC (Allocation Failure) [PSYoungGen: 174338K->73576K(175104K)] 234014K->164503K(699392K), 0.0160739 secs] [Times: user=0.18 sys=0.00, real=0.01 secs] 
2016-09-15T12:22:19.295-0400: 166.313: [GC (GCLocker Initiated GC) [PSYoungGen: 157606K->55479K(175104K)] 254608K->170849K(699392K), 0.0086635 secs] [Times: user=0.13 sys=0.00, real=0.01 secs] 
2016-09-15T12:22:19.433-0400: 166.450: [GC (Allocation Failure) [PSYoungGen: 143543K->61622K(175104K)] 259168K->195755K(699392K), 0.0123649 secs] [Times: user=0.08 sys=0.00, real=0.01 secs] 
2016-09-15T12:22:19.554-0400: 166.571: [GC (GCLocker Initiated GC) [PSYoungGen: 149686K->73544K(175104K)] 283825K->238317K(699392K), 0.0379455 secs] [Times: user=0.44 sys=0.00, real=0.04 secs] 
2016-09-15T12:22:19.691-0400: 166.708: [GC (GCLocker Initiated GC) [PSYoungGen: 161608K->79879K(175104K)] 332482K->287346K(699392K), 0.0107418 secs] [Times: user=0.15 sys=0.01, real=0.01 secs] 
2016-09-15T12:22:19.828-0400: 166.845: [GC (GCLocker Initiated GC) [PSYoungGen: 167943K->73804K(175104K)] 381712K->324346K(699392K), 0.0160143 secs] [Times: user=0.19 sys=0.00, real=0.01 secs] 
2016-09-15T12:22:19.973-0400: 166.990: [GC (Allocation Failure) [PSYoungGen: 161868K->30795K(175104K)] 412525K->299928K(699392K), 0.0143371 secs] [Times: user=0.16 sys=0.00, real=0.01 secs] 
2016-09-15T12:22:20.085-0400: 167.103: [GC (GCLocker Initiated GC) [PSYoungGen: 118859K->85694K(175104K)] 387998K->379245K(699392K), 0.0101867 secs] [Times: user=0.09 sys=0.00, real=0.02 secs] 
2016-09-15T12:22:20.220-0400: 167.237: [GC (GCLocker Initiated GC) [PSYoungGen: 173758K->73708K(175104K)] 473745K->392203K(699392K), 0.0360074 secs] [Times: user=0.42 sys=0.00, real=0.04 secs] 
2016-09-15T12:22:20.354-0400: 167.371: [GC (GCLocker Initiated GC) [PSYoungGen: 161772K->73740K(175104K)] 480438K->392706K(699392K), 0.0101020 secs] [Times: user=0.13 sys=0.00, real=0.01 secs] 
2016-09-15T12:22:20.475-0400: 167.492: [GC (GCLocker Initiated GC) [PSYoungGen: 161804K->73640K(175104K)] 487033K->423312K(699392K), 0.0096664 secs] [Times: user=0.12 sys=0.00, real=0.01 secs] 
2016-09-15T12:22:20.615-0400: 167.632: [GC (Allocation Failure) [PSYoungGen: 161704K->55515K(175104K)] 523836K->417767K(699392K), 0.0101442 secs] [Times: user=0.11 sys=0.00, real=0.01 secs] 
2016-09-15T12:22:20.733-0400: 167.750: [GC (GCLocker Initiated GC) [PSYoungGen: 143579K->61394K(175104K)] 505842K->442330K(699392K), 0.0167776 secs] [Times: user=0.20 sys=0.00, real=0.02 secs] 
2016-09-15T12:22:20.858-0400: 167.875: [GC (GCLocker Initiated GC) [PSYoungGen: 149458K->79847K(175104K)] 536511K->485245K(699392K), 0.0093079 secs] [Times: user=0.10 sys=0.00, real=0.00 secs] 
2016-09-15T12:22:20.998-0400: 168.015: [GC (Allocation Failure) [PSYoungGen: 167911K->61230K(175104K)] 579414K->515721K(699392K), 0.0184883 secs] [Times: user=0.21 sys=0.00, real=0.02 secs] 
2016-09-15T12:22:21.111-0400: 168.128: [GC (GCLocker Initiated GC) [PSYoungGen: 149294K->79879K(175104K)] 603791K->564910K(699392K), 0.0154322 secs] [Times: user=0.23 sys=0.00, real=0.01 secs] 
2016-09-15T12:22:21.126-0400: 168.143: [Full GC (Ergonomics) [PSYoungGen: 79879K->0K(175104K)] [ParOldGen: 485031K->53447K(524288K)] 564910K->53447K(699392K), [Metaspace: 44469K->44469K(1087488K)], 0.0587306 secs] [Times: user=0.43 sys=0.00, real=0.06 secs] 
2016-09-15T12:22:21.310-0400: 168.327: [GC (GCLocker Initiated GC) [PSYoungGen: 88064K->86146K(175104K)] 141593K->145758K(699392K), 0.0145095 secs] [Times: user=0.21 sys=0.01, real=0.01 secs] 
2016-09-15T12:22:21.429-0400: 168.446: [GC (GCLocker Initiated GC) [PSYoungGen: 174210K->61358K(175104K)] 233958K->206900K(699392K), 0.0111604 secs] [Times: user=0.18 sys=0.00, real=0.01 secs] 
2016-09-15T12:22:21.562-0400: 168.579: [GC (Allocation Failure) [PSYoungGen: 149422K->55451K(175104K)] 295292K->219681K(699392K), 0.0245369 secs] [Times: user=0.29 sys=0.00, real=0.02 secs] 
2016-09-15T12:22:21.688-0400: 168.705: [GC (GCLocker Initiated GC) [PSYoungGen: 138329K->73672K(175104K)] 308635K->262658K(699392K), 0.0099593 secs] [Times: user=0.13 sys=0.00, real=0.01 secs] 
2016-09-15T12:22:21.832-0400: 168.849: [GC (GCLocker Initiated GC) [PSYoungGen: 161736K->67829K(175104K)] 357152K->299806K(699392K), 0.0095480 secs] [Times: user=0.10 sys=0.00, real=0.01 secs] 
2016-09-15T12:22:21.935-0400: 168.952: [GC (GCLocker Initiated GC) [PSYoungGen: 155893K->85954K(175104K)] 388052K->318428K(699392K), 0.0095882 secs] [Times: user=0.11 sys=0.00, real=0.01 secs] 
2016-09-15T12:22:22.062-0400: 169.079: [GC (Allocation Failure) [PSYoungGen: 174018K->79715K(175104K)] 406640K->349063K(699392K), 0.0217049 secs] [Times: user=0.27 sys=0.01, real=0.02 secs] 
2016-09-15T12:22:22.182-0400: 169.199: [GC (GCLocker Initiated GC) [PSYoungGen: 167778K->61586K(175104K)] 437137K->391863K(699392K), 0.0107335 secs] [Times: user=0.12 sys=0.01, real=0.01 secs] 
2016-09-15T12:22:22.293-0400: 169.310: [GC (GCLocker Initiated GC) [PSYoungGen: 149650K->73936K(175104K)] 480091K->441151K(699392K), 0.0094724 secs] [Times: user=0.14 sys=0.00, real=0.01 secs] 
2016-09-15T12:22:22.409-0400: 169.426: [GC (GCLocker Initiated GC) [PSYoungGen: 162000K->85658K(175104K)] 529425K->478010K(699392K), 0.0096199 secs] [Times: user=0.14 sys=0.00, real=0.01 secs] 
2016-09-15T12:22:22.525-0400: 169.542: [GC (GCLocker Initiated GC) [PSYoungGen: 173722K->85954K(175104K)] 566435K->533518K(699392K), 0.0117782 secs] [Times: user=0.18 sys=0.00, real=0.02 secs] 
2016-09-15T12:22:22.537-0400: 169.554: [Full GC (Ergonomics) [PSYoungGen: 85954K->0K(175104K)] [ParOldGen: 447564K->53417K(524288K)] 533518K->53417K(699392K), [Metaspace: 44484K->44484K(1087488K)], 0.0577283 secs] [Times: user=0.42 sys=0.01, real=0.05 secs] 
2016-09-15T12:22:22.696-0400: 169.714: [GC (GCLocker Initiated GC) [PSYoungGen: 88064K->86274K(175104K)] 141517K->164027K(699392K), 0.0085848 secs] [Times: user=0.14 sys=0.00, real=0.00 secs] 
2016-09-15T12:22:22.822-0400: 169.839: [GC (GCLocker Initiated GC) [PSYoungGen: 174338K->67697K(175104K)] 252442K->164550K(699392K), 0.0162739 secs] [Times: user=0.18 sys=0.01, real=0.02 secs] 
2016-09-15T12:22:22.979-0400: 169.996: [GC (GCLocker Initiated GC) [PSYoungGen: 155761K->55383K(175104K)] 252619K->188998K(699392K), 0.0177630 secs] [Times: user=0.22 sys=0.02, real=0.02 secs] 
2016-09-15T12:22:23.116-0400: 170.133: [GC (GCLocker Initiated GC) [PSYoungGen: 143447K->73672K(175104K)] 277384K->219870K(699392K), 0.0095474 secs] [Times: user=0.09 sys=0.00, real=0.00 secs] 
2016-09-15T12:22:23.243-0400: 170.260: [GC (GCLocker Initiated GC) [PSYoungGen: 161736K->73836K(175104K)] 308127K->238596K(699392K), 0.0238185 secs] [Times: user=0.30 sys=0.00, real=0.02 secs] 
2016-09-15T12:22:23.371-0400: 170.388: [GC (GCLocker Initiated GC) [PSYoungGen: 161900K->36966K(175104K)] 326730K->274971K(699392K), 0.0221795 secs] [Times: user=0.27 sys=0.01, real=0.02 secs] 
2016-09-15T12:22:23.479-0400: 170.496: [GC (GCLocker Initiated GC) [PSYoungGen: 125030K->85890K(175104K)] 363329K->348789K(699392K), 0.0097712 secs] [Times: user=0.09 sys=0.00, real=0.01 secs] 
2016-09-15T12:22:23.608-0400: 170.625: [GC (Allocation Failure) [PSYoungGen: 173954K->67601K(175104K)] 443102K->391879K(699392K), 0.0107078 secs] [Times: user=0.11 sys=0.00, real=0.01 secs] 
2016-09-15T12:22:23.726-0400: 170.743: [GC (GCLocker Initiated GC) [PSYoungGen: 151132K->55351K(175104K)] 481486K->404041K(699392K), 0.0088871 secs] [Times: user=0.09 sys=0.00, real=0.01 secs] 
2016-09-15T12:22:23.853-0400: 170.870: [GC (Allocation Failure) [PSYoungGen: 143415K->79651K(175104K)] 492158K->446715K(699392K), 0.0144946 secs] [Times: user=0.21 sys=0.00, real=0.02 secs] 
2016-09-15T12:22:23.988-0400: 171.005: [GC (GCLocker Initiated GC) [PSYoungGen: 167715K->61230K(175104K)] 534785K->434667K(699392K), 0.0108895 secs] [Times: user=0.08 sys=0.00, real=0.01 secs] 
2016-09-15T12:22:24.096-0400: 171.113: [GC (GCLocker Initiated GC) [PSYoungGen: 149294K->73772K(175104K)] 522783K->465630K(699392K), 0.0094690 secs] [Times: user=0.11 sys=0.00, real=0.00 secs] 
2016-09-15T12:22:24.236-0400: 171.253: [GC (GCLocker Initiated GC) [PSYoungGen: 161836K->73476K(175104K)] 553914K->532671K(699392K), 0.0188090 secs] [Times: user=0.19 sys=0.01, real=0.01 secs] 
2016-09-15T12:22:24.255-0400: 171.272: [Full GC (Ergonomics) [PSYoungGen: 73476K->0K(175104K)] [ParOldGen: 459195K->53714K(524288K)] 532671K->53714K(699392K), [Metaspace: 44484K->44484K(1087488K)], 0.0549036 secs] [Times: user=0.35 sys=0.00, real=0.06 secs] 
2016-09-15T12:22:24.410-0400: 171.427: [GC (GCLocker Initiated GC) [PSYoungGen: 88064K->86570K(175104K)] 148186K->170992K(699392K), 0.0095892 secs] [Times: user=0.13 sys=0.00, real=0.01 secs] 
2016-09-15T12:22:24.549-0400: 171.566: [GC (GCLocker Initiated GC) [PSYoungGen: 174634K->49635K(175104K)] 271388K->183584K(699392K), 0.0145421 secs] [Times: user=0.19 sys=0.01, real=0.01 secs] 
2016-09-15T12:22:24.658-0400: 171.675: [GC (GCLocker Initiated GC) [PSYoungGen: 137699K->85566K(175104K)] 271701K->237895K(699392K), 0.0258522 secs] [Times: user=0.25 sys=0.01, real=0.02 secs] 
2016-09-15T12:22:24.805-0400: 171.822: [GC (GCLocker Initiated GC) [PSYoungGen: 173630K->61686K(175104K)] 326326K->275251K(699392K), 0.0376570 secs] [Times: user=0.45 sys=0.00, real=0.04 secs] 
2016-09-15T12:22:24.933-0400: 171.951: [GC (GCLocker Initiated GC) [PSYoungGen: 149750K->55383K(175104K)] 363425K->324173K(699392K), 0.0098462 secs] [Times: user=0.11 sys=0.00, real=0.01 secs] 
2016-09-15T12:22:25.058-0400: 172.075: [GC (Allocation Failure) [PSYoungGen: 143447K->43105K(175104K)] 412519K->379138K(699392K), 0.0207040 secs] [Times: user=0.24 sys=0.00, real=0.02 secs] 
2016-09-15T12:22:25.180-0400: 172.197: [GC (GCLocker Initiated GC) [PSYoungGen: 131169K->73608K(175104K)] 467207K->416193K(699392K), 0.0156486 secs] [Times: user=0.18 sys=0.00, real=0.02 secs] 
2016-09-15T12:22:25.303-0400: 172.320: [GC (GCLocker Initiated GC) [PSYoungGen: 161672K->74100K(175104K)] 510586K->441547K(699392K), 0.0097626 secs] [Times: user=0.11 sys=0.01, real=0.01 secs] 
2016-09-15T12:22:25.433-0400: 172.450: [GC (Allocation Failure) [PSYoungGen: 162164K->79619K(175104K)] 529680K->465792K(699392K), 0.0144469 secs] [Times: user=0.12 sys=0.00, real=0.01 secs] 
2016-09-15T12:22:25.584-0400: 172.601: [GC (GCLocker Initiated GC) [PSYoungGen: 167527K->37322K(175104K)] 559775K->460080K(699392K), 0.0097804 secs] [Times: user=0.13 sys=0.00, real=0.01 secs] 
2016-09-15T12:22:25.728-0400: 172.745: [Full GC (Ergonomics) [PSYoungGen: 125386K->0K(175104K)] [ParOldGen: 447223K->59210K(524288K)] 572609K->59210K(699392K), [Metaspace: 44486K->44486K(1087488K)], 0.0765486 secs] [Times: user=0.60 sys=0.00, real=0.07 secs] 
2016-09-15T12:22:25.931-0400: 172.949: [GC (GCLocker Initiated GC) [PSYoungGen: 88064K->38529K(175104K)] 159509K->109974K(699392K), 0.0105210 secs] [Times: user=0.15 sys=0.00, real=0.01 secs] 
2016-09-15T12:22:26.054-0400: 173.071: [GC (GCLocker Initiated GC) [PSYoungGen: 126593K->49176K(175104K)] 210332K->164533K(699392K), 0.0074921 secs] [Times: user=0.08 sys=0.00, real=0.01 secs] 
2016-09-15T12:22:26.163-0400: 173.180: [GC (GCLocker Initiated GC) [PSYoungGen: 137240K->49667K(175104K)] 258948K->244412K(699392K), 0.0095525 secs] [Times: user=0.11 sys=0.00, real=0.01 secs] 
2016-09-15T12:22:26.308-0400: 173.325: [GC (GCLocker Initiated GC) [PSYoungGen: 137731K->36998K(175104K)] 344634K->262556K(699392K), 0.0527891 secs] [Times: user=0.52 sys=0.01, real=0.05 secs] 
2016-09-15T12:22:26.480-0400: 173.497: [GC (GCLocker Initiated GC) [PSYoungGen: 125062K->48952K(175104K)] 350679K->298956K(699392K), 0.0135736 secs] [Times: user=0.12 sys=0.00, real=0.01 secs] 
2016-09-15T12:22:26.620-0400: 173.638: [GC (GCLocker Initiated GC) [PSYoungGen: 137016K->79423K(175104K)] 393143K->353911K(699392K), 0.0324534 secs] [Times: user=0.34 sys=0.00, real=0.03 secs] 
2016-09-15T12:22:26.773-0400: 173.790: [GC (GCLocker Initiated GC) [PSYoungGen: 167487K->61786K(175104K)] 454374K->415657K(699392K), 0.0144326 secs] [Times: user=0.19 sys=0.01, real=0.02 secs] 
2016-09-15T12:22:26.880-0400: 173.897: [GC (GCLocker Initiated GC) [PSYoungGen: 149850K->61526K(175104K)] 504027K->458520K(699392K), 0.0085799 secs] [Times: user=0.10 sys=0.00, real=0.01 secs] 
2016-09-15T12:22:26.991-0400: 174.008: [GC (GCLocker Initiated GC) [PSYoungGen: 149590K->85986K(175104K)] 546787K->489534K(699392K), 0.0088220 secs] [Times: user=0.12 sys=0.00, real=0.01 secs] 
2016-09-15T12:22:27.101-0400: 174.118: [GC (GCLocker Initiated GC) [PSYoungGen: 174050K->85790K(175104K)] 589862K->538548K(699392K), 0.0102940 secs] [Times: user=0.16 sys=0.01, real=0.01 secs] 
2016-09-15T12:22:27.111-0400: 174.128: [Full GC (Ergonomics) [PSYoungGen: 85790K->0K(175104K)] [ParOldGen: 452758K->53353K(524288K)] 538548K->53353K(699392K), [Metaspace: 44486K->44486K(1087488K)], 0.0624591 secs] [Times: user=0.54 sys=0.02, real=0.06 secs] 
2016-09-15T12:22:27.297-0400: 174.314: [GC (GCLocker Initiated GC) [PSYoungGen: 88060K->55935K(175104K)] 159966K->127840K(699392K), 0.0068180 secs] [Times: user=0.08 sys=0.00, real=0.00 secs] 
2016-09-15T12:22:27.462-0400: 174.479: [GC (GCLocker Initiated GC) [PSYoungGen: 143999K->73416K(175104K)] 216265K->170678K(699392K), 0.0134673 secs] [Times: user=0.11 sys=0.00, real=0.02 secs] 
2016-09-15T12:22:27.590-0400: 174.607: [GC (GCLocker Initiated GC) [PSYoungGen: 161480K->85694K(175104K)] 258857K->207490K(699392K), 0.0311729 secs] [Times: user=0.33 sys=0.01, real=0.03 secs] 
2016-09-15T12:22:27.728-0400: 174.745: [GC (GCLocker Initiated GC) [PSYoungGen: 173758K->43365K(175104K)] 301778K->232239K(699392K), 0.0165205 secs] [Times: user=0.17 sys=0.00, real=0.01 secs] 
2016-09-15T12:22:27.845-0400: 174.862: [GC (GCLocker Initiated GC) [PSYoungGen: 131429K->61298K(175104K)] 320513K->281024K(699392K), 0.0122505 secs] [Times: user=0.10 sys=0.00, real=0.02 secs] 
2016-09-15T12:22:27.976-0400: 174.993: [GC (Allocation Failure) [PSYoungGen: 149362K->37781K(175104K)] 381906K->270797K(699392K), 0.0063842 secs] [Times: user=0.07 sys=0.00, real=0.00 secs] 
2016-09-15T12:22:28.093-0400: 175.110: [GC (GCLocker Initiated GC) [PSYoungGen: 123911K->55287K(175104K)] 363002K->312854K(699392K), 0.0114024 secs] [Times: user=0.07 sys=0.00, real=0.01 secs] 
2016-09-15T12:22:28.214-0400: 175.231: [GC (GCLocker Initiated GC) [PSYoungGen: 143351K->85790K(175104K)] 407097K->355746K(699392K), 0.0100300 secs] [Times: user=0.11 sys=0.00, real=0.01 secs] 
2016-09-15T12:22:28.336-0400: 175.353: [GC (GCLocker Initiated GC) [PSYoungGen: 173854K->61298K(175104K)] 449994K->368080K(699392K), 0.0190587 secs] [Times: user=0.17 sys=0.00, real=0.02 secs] 
2016-09-15T12:22:28.473-0400: 175.490: [GC (GCLocker Initiated GC) [PSYoungGen: 149362K->49248K(175104K)] 456437K->374800K(699392K), 0.0092263 secs] [Times: user=0.08 sys=0.00, real=0.01 secs] 
2016-09-15T12:22:28.607-0400: 175.624: [GC (Allocation Failure) [PSYoungGen: 137312K->85662K(175104K)] 463068K->411545K(699392K), 0.0146893 secs] [Times: user=0.10 sys=0.01, real=0.02 secs] 
2016-09-15T12:22:28.740-0400: 175.758: [GC (GCLocker Initiated GC) [PSYoungGen: 173726K->61394K(175104K)] 499615K->423844K(699392K), 0.0292700 secs] [Times: user=0.31 sys=0.00, real=0.03 secs] 
2016-09-15T12:22:28.868-0400: 175.886: [GC (GCLocker Initiated GC) [PSYoungGen: 149457K->79719K(175104K)] 512280K->479095K(699392K), 0.0200874 secs] [Times: user=0.20 sys=0.00, real=0.02 secs] 
2016-09-15T12:22:28.997-0400: 176.014: [GC (GCLocker Initiated GC) [PSYoungGen: 167783K->43073K(175104K)] 567302K->479325K(699392K), 0.0172462 secs] [Times: user=0.18 sys=0.00, real=0.01 secs] 
2016-09-15T12:22:29.101-0400: 176.119: [GC (GCLocker Initiated GC) [PSYoungGen: 131137K->49084K(175104K)] 567442K->515844K(699392K), 0.0104029 secs] [Times: user=0.09 sys=0.00, real=0.01 secs] 
2016-09-15T12:22:29.112-0400: 176.129: [Full GC (Ergonomics) [PSYoungGen: 49084K->0K(175104K)] [ParOldGen: 466760K->53230K(524288K)] 515844K->53230K(699392K), [Metaspace: 44486K->44486K(1087488K)], 0.0562143 secs] [Times: user=0.25 sys=0.01, real=0.06 secs] 
2016-09-15T12:22:29.267-0400: 176.284: [GC (GCLocker Initiated GC) [PSYoungGen: 88064K->86826K(175104K)] 141431K->158418K(699392K), 0.0159249 secs] [Times: user=0.19 sys=0.00, real=0.02 secs] 
2016-09-15T12:22:29.384-0400: 176.401: [GC (GCLocker Initiated GC) [PSYoungGen: 174890K->61786K(175104K)] 246653K->201529K(699392K), 0.0103209 secs] [Times: user=0.10 sys=0.01, real=0.01 secs] 
2016-09-15T12:22:29.518-0400: 176.535: [GC (GCLocker Initiated GC) [PSYoungGen: 149850K->30983K(175104K)] 301779K->243946K(699392K), 0.0271000 secs] [Times: user=0.30 sys=0.00, real=0.02 secs] 
2016-09-15T12:22:29.657-0400: 176.674: [GC (GCLocker Initiated GC) [PSYoungGen: 119047K->85626K(175104K)] 338183K->341339K(699392K), 0.0111109 secs] [Times: user=0.12 sys=0.00, real=0.01 secs] 
2016-09-15T12:22:29.782-0400: 176.799: [GC (Allocation Failure) [PSYoungGen: 173690K->73836K(175104K)] 429753K->366469K(699392K), 0.0085775 secs] [Times: user=0.09 sys=0.00, real=0.01 secs] 
2016-09-15T12:22:29.900-0400: 176.917: [GC (GCLocker Initiated GC) [PSYoungGen: 158847K->36962K(175104K)] 457555K->372599K(699392K), 0.0125440 secs] [Times: user=0.18 sys=0.00, real=0.01 secs] 
2016-09-15T12:22:30.014-0400: 177.031: [GC (GCLocker Initiated GC) [PSYoungGen: 125026K->86346K(175104K)] 461007K->446779K(699392K), 0.0085852 secs] [Times: user=0.12 sys=0.00, real=0.01 secs] 
2016-09-15T12:22:30.143-0400: 177.160: [GC (Allocation Failure) [PSYoungGen: 174410K->85822K(175104K)] 535198K->471554K(699392K), 0.0102280 secs] [Times: user=0.12 sys=0.00, real=0.01 secs] 
2016-09-15T12:22:30.273-0400: 177.290: [GC (GCLocker Initiated GC) [PSYoungGen: 173886K->67469K(175104K)] 559623K->507969K(699392K), 0.0110383 secs] [Times: user=0.11 sys=0.00, real=0.01 secs] 
2016-09-15T12:22:30.404-0400: 177.421: [GC (GCLocker Initiated GC) [PSYoungGen: 155533K->49408K(175104K)] 602362K->514558K(699392K), 0.0314318 secs] [Times: user=0.37 sys=0.00, real=0.03 secs] 
2016-09-15T12:22:30.435-0400: 177.452: [Full GC (Ergonomics) [PSYoungGen: 49408K->0K(175104K)] [ParOldGen: 465150K->53594K(524288K)] 514558K->53594K(699392K), [Metaspace: 44486K->44486K(1087488K)], 0.0545972 secs] [Times: user=0.28 sys=0.02, real=0.06 secs] 
2016-09-15T12:22:30.599-0400: 177.616: [GC (GCLocker Initiated GC) [PSYoungGen: 88064K->86046K(175104K)] 141688K->139671K(699392K), 0.0139478 secs] [Times: user=0.17 sys=0.00, real=0.01 secs] 
2016-09-15T12:22:30.718-0400: 177.735: [GC (GCLocker Initiated GC) [PSYoungGen: 174110K->79747K(175104K)] 227782K->212982K(699392K), 0.0104745 secs] [Times: user=0.14 sys=0.00, real=0.01 secs] 
2016-09-15T12:22:30.852-0400: 177.869: [GC (GCLocker Initiated GC) [PSYoungGen: 167811K->55191K(175104K)] 307376K->213396K(699392K), 0.0105595 secs] [Times: user=0.08 sys=0.00, real=0.01 secs] 
2016-09-15T12:22:30.981-0400: 177.998: [GC (GCLocker Initiated GC) [PSYoungGen: 143255K->85694K(175104K)] 301524K->262480K(699392K), 0.0364817 secs] [Times: user=0.41 sys=0.00, real=0.04 secs] 
2016-09-15T12:22:31.142-0400: 178.159: [GC (GCLocker Initiated GC) [PSYoungGen: 173758K->19164K(175104K)] 363055K->281481K(699392K), 0.0103769 secs] [Times: user=0.12 sys=0.00, real=0.01 secs] 
2016-09-15T12:22:31.264-0400: 178.281: [GC (GCLocker Initiated GC) [PSYoungGen: 107228K->86018K(175104K)] 369833K->348938K(699392K), 0.0126710 secs] [Times: user=0.16 sys=0.00, real=0.02 secs] 
2016-09-15T12:22:31.407-0400: 178.424: [GC (GCLocker Initiated GC) [PSYoungGen: 174082K->73640K(175104K)] 443186K->361253K(699392K), 0.0105135 secs] [Times: user=0.12 sys=0.01, real=0.02 secs] 
2016-09-15T12:22:31.535-0400: 178.552: [GC (GCLocker Initiated GC) [PSYoungGen: 161704K->61558K(175104K)] 449549K->367895K(699392K), 0.0114240 secs] [Times: user=0.08 sys=0.01, real=0.01 secs] 
2016-09-15T12:22:31.658-0400: 178.675: [GC (GCLocker Initiated GC) [PSYoungGen: 149622K->61358K(175104K)] 456130K->422856K(699392K), 0.0159332 secs] [Times: user=0.21 sys=0.01, real=0.01 secs] 
2016-09-15T12:22:31.768-0400: 178.785: [GC (GCLocker Initiated GC) [PSYoungGen: 149422K->67729K(175104K)] 511095K->447755K(699392K), 0.0112707 secs] [Times: user=0.15 sys=0.00, real=0.01 secs] 
2016-09-15T12:22:31.889-0400: 178.906: [GC (Allocation Failure) [PSYoungGen: 155793K->85854K(175104K)] 536157K->490989K(699392K), 0.0116931 secs] [Times: user=0.17 sys=0.00, real=0.01 secs] 
2016-09-15T12:22:32.016-0400: 179.033: [GC (GCLocker Initiated GC) [PSYoungGen: 173918K->73772K(175104K)] 579059K->497274K(699392K), 0.0106112 secs] [Times: user=0.14 sys=0.00, real=0.00 secs] 
2016-09-15T12:22:32.130-0400: 179.147: [GC (GCLocker Initiated GC) [PSYoungGen: 161836K->73576K(175104K)] 585502K->515759K(699392K), 0.0130765 secs] [Times: user=0.14 sys=0.00, real=0.01 secs] 
2016-09-15T12:22:32.259-0400: 179.277: [GC (GCLocker Initiated GC) [PSYoungGen: 161640K->85726K(175104K)] 609956K->558626K(699392K), 0.0172839 secs] [Times: user=0.21 sys=0.00, real=0.02 secs] 
2016-09-15T12:22:32.277-0400: 179.294: [Full GC (Ergonomics) [PSYoungGen: 85726K->0K(175104K)] [ParOldGen: 472900K->53314K(524288K)] 558626K->53314K(699392K), [Metaspace: 44486K->44486K(1087488K)], 0.0548099 secs] [Times: user=0.29 sys=0.02, real=0.05 secs] 
2016-09-15T12:22:32.472-0400: 179.489: [GC (GCLocker Initiated GC) [PSYoungGen: 88064K->86662K(175104K)] 159757K->158355K(699392K), 0.0094662 secs] [Times: user=0.11 sys=0.00, real=0.01 secs] 
2016-09-15T12:22:32.598-0400: 179.616: [GC (GCLocker Initiated GC) [PSYoungGen: 174726K->49016K(175104K)] 246478K->164400K(699392K), 0.0292725 secs] [Times: user=0.33 sys=0.01, real=0.03 secs] 
2016-09-15T12:22:32.737-0400: 179.754: [GC (GCLocker Initiated GC) [PSYoungGen: 137080K->55615K(175104K)] 270882K->213828K(699392K), 0.0098007 secs] [Times: user=0.09 sys=0.00, real=0.00 secs] 
2016-09-15T12:22:32.854-0400: 179.871: [GC (GCLocker Initiated GC) [PSYoungGen: 143679K->85822K(175104K)] 302124K->250649K(699392K), 0.0071131 secs] [Times: user=0.11 sys=0.00, real=0.01 secs] 
2016-09-15T12:22:32.999-0400: 180.016: [GC (GCLocker Initiated GC) [PSYoungGen: 173886K->73640K(175104K)] 339074K->275406K(699392K), 0.0086381 secs] [Times: user=0.12 sys=0.00, real=0.00 secs] 
2016-09-15T12:22:33.147-0400: 180.164: [GC (GCLocker Initiated GC) [PSYoungGen: 161704K->55807K(175104K)] 369744K->282223K(699392K), 0.0080722 secs] [Times: user=0.12 sys=0.00, real=0.01 secs] 
2016-09-15T12:22:33.282-0400: 180.299: [GC (GCLocker Initiated GC) [PSYoungGen: 143871K->55479K(175104K)] 382438K->294346K(699392K), 0.0081157 secs] [Times: user=0.12 sys=0.00, real=0.01 secs] 
2016-09-15T12:22:33.430-0400: 180.447: [GC (GCLocker Initiated GC) [PSYoungGen: 143543K->55451K(175104K)] 382586K->294597K(699392K), 0.0101995 secs] [Times: user=0.15 sys=0.00, real=0.01 secs] 
2016-09-15T12:22:33.549-0400: 180.566: [GC (GCLocker Initiated GC) [PSYoungGen: 143515K->85626K(175104K)] 382709K->349443K(699392K), 0.0089676 secs] [Times: user=0.11 sys=0.00, real=0.01 secs] 
2016-09-15T12:22:33.665-0400: 180.682: [GC (Allocation Failure) [PSYoungGen: 173690K->61590K(175104K)] 437548K->392417K(699392K), 0.0120131 secs] [Times: user=0.13 sys=0.00, real=0.02 secs] 
2016-09-15T12:22:33.782-0400: 180.799: [GC (GCLocker Initiated GC) [PSYoungGen: 149654K->73740K(175104K)] 480483K->453656K(699392K), 0.0127643 secs] [Times: user=0.14 sys=0.01, real=0.01 secs] 
2016-09-15T12:22:33.877-0400: 180.894: [GC (GCLocker Initiated GC) [PSYoungGen: 161804K->85986K(175104K)] 548145K->496763K(699392K), 0.0092419 secs] [Times: user=0.10 sys=0.01, real=0.00 secs] 
2016-09-15T12:22:33.997-0400: 181.015: [GC (GCLocker Initiated GC) [PSYoungGen: 174050K->73740K(175104K)] 584924K->484757K(699392K), 0.0070466 secs] [Times: user=0.09 sys=0.00, real=0.00 secs] 
2016-09-15T12:22:34.105-0400: 181.122: [GC (GCLocker Initiated GC) [PSYoungGen: 161804K->73640K(175104K)] 579078K->509266K(699392K), 0.0165361 secs] [Times: user=0.23 sys=0.00, real=0.02 secs] 
2016-09-15T12:22:34.246-0400: 181.263: [GC (Allocation Failure) [PSYoungGen: 161704K->55483K(175104K)] 603688K->497562K(699392K), 0.0091128 secs] [Times: user=0.12 sys=0.00, real=0.01 secs] 
2016-09-15T12:22:34.352-0400: 181.369: [GC (GCLocker Initiated GC) [PSYoungGen: 143547K->73740K(175104K)] 585633K->516117K(699392K), 0.0125435 secs] [Times: user=0.15 sys=0.01, real=0.01 secs] 
2016-09-15T12:22:34.501-0400: 181.518: [Full GC (Ergonomics) [PSYoungGen: 161804K->0K(175104K)] [ParOldGen: 466960K->53536K(524288K)] 628764K->53536K(699392K), [Metaspace: 44491K->44491K(1087488K)], 0.0553175 secs] [Times: user=0.33 sys=0.00, real=0.06 secs] 
2016-09-15T12:22:34.691-0400: 181.708: [GC (GCLocker Initiated GC) [PSYoungGen: 88064K->55679K(175104K)] 154090K->121705K(699392K), 0.0063653 secs] [Times: user=0.10 sys=0.00, real=0.01 secs] 
2016-09-15T12:22:34.816-0400: 181.833: [GC (GCLocker Initiated GC) [PSYoungGen: 143743K->73704K(175104K)] 222061K->189123K(699392K), 0.0081550 secs] [Times: user=0.12 sys=0.00, real=0.00 secs] 
2016-09-15T12:22:34.932-0400: 181.949: [GC (GCLocker Initiated GC) [PSYoungGen: 161768K->55255K(175104K)] 277257K->189072K(699392K), 0.0095876 secs] [Times: user=0.08 sys=0.00, real=0.01 secs] 
2016-09-15T12:22:35.043-0400: 182.060: [GC (GCLocker Initiated GC) [PSYoungGen: 143319K->86018K(175104K)] 277252K->293339K(699392K), 0.0153884 secs] [Times: user=0.21 sys=0.01, real=0.02 secs] 
2016-09-15T12:22:35.158-0400: 182.175: [GC (Allocation Failure) [PSYoungGen: 174082K->73772K(175104K)] 387698K->306101K(699392K), 0.0087219 secs] [Times: user=0.12 sys=0.00, real=0.00 secs] 
2016-09-15T12:22:35.168-0400: 182.185: [GC (GCLocker Initiated GC) [PSYoungGen: 74014K->160K(175104K)] 306343K->306071K(699392K), 0.0081920 secs] [Times: user=0.12 sys=0.01, real=0.02 secs] 
2016-09-15T12:22:35.273-0400: 182.290: [GC (GCLocker Initiated GC) [PSYoungGen: 84380K->86406K(175104K)] 396366K->404483K(699392K), 0.0084573 secs] [Times: user=0.12 sys=0.00, real=0.01 secs] 
2016-09-15T12:22:35.407-0400: 182.424: [GC (GCLocker Initiated GC) [PSYoungGen: 174470K->86150K(175104K)] 504852K->435328K(699392K), 0.0084173 secs] [Times: user=0.13 sys=0.00, real=0.01 secs] 
2016-09-15T12:22:35.520-0400: 182.537: [GC (GCLocker Initiated GC) [PSYoungGen: 174214K->49212K(175104K)] 523597K->441560K(699392K), 0.0116338 secs] [Times: user=0.08 sys=0.00, real=0.01 secs] 
2016-09-15T12:22:35.657-0400: 182.675: [GC (Allocation Failure) [PSYoungGen: 137276K->85990K(175104K)] 529732K->503038K(699392K), 0.0115359 secs] [Times: user=0.13 sys=0.01, real=0.01 secs] 
2016-09-15T12:22:35.776-0400: 182.793: [GC (GCLocker Initiated GC) [PSYoungGen: 174054K->49408K(175104K)] 591107K->509590K(699392K), 0.0210466 secs] [Times: user=0.25 sys=0.01, real=0.02 secs] 
2016-09-15T12:22:35.797-0400: 182.814: [Full GC (Ergonomics) [PSYoungGen: 49408K->0K(175104K)] [ParOldGen: 460182K->47915K(524288K)] 509590K->47915K(699392K), [Metaspace: 44492K->44492K(1087488K)], 0.0541079 secs] [Times: user=0.28 sys=0.03, real=0.05 secs] 
2016-09-15T12:22:35.965-0400: 182.982: [GC (GCLocker Initiated GC) [PSYoungGen: 88064K->85822K(175104K)] 142163K->158147K(699392K), 0.0097851 secs] [Times: user=0.15 sys=0.00, real=0.01 secs] 
2016-09-15T12:22:36.064-0400: 183.081: [GC (GCLocker Initiated GC) [PSYoungGen: 173886K->73640K(175104K)] 246259K->213154K(699392K), 0.0093859 secs] [Times: user=0.13 sys=0.01, real=0.01 secs] 
2016-09-15T12:22:36.194-0400: 183.211: [GC (GCLocker Initiated GC) [PSYoungGen: 161704K->85822K(175104K)] 307402K->274377K(699392K), 0.0087493 secs] [Times: user=0.14 sys=0.00, real=0.01 secs] 
2016-09-15T12:22:36.320-0400: 183.338: [GC (GCLocker Initiated GC) [PSYoungGen: 173886K->55315K(175104K)] 368552K->298905K(699392K), 0.0083593 secs] [Times: user=0.13 sys=0.00, real=0.01 secs] 
2016-09-15T12:22:36.457-0400: 183.474: [GC (GCLocker Initiated GC) [PSYoungGen: 143379K->73936K(175104K)] 393378K->324070K(699392K), 0.0086985 secs] [Times: user=0.13 sys=0.00, real=0.00 secs] 
2016-09-15T12:22:36.582-0400: 183.599: [GC (GCLocker Initiated GC) [PSYoungGen: 162000K->73640K(175104K)] 412422K->324706K(699392K), 0.0084926 secs] [Times: user=0.12 sys=0.01, real=0.01 secs] 
2016-09-15T12:22:36.703-0400: 183.720: [GC (Allocation Failure) [PSYoungGen: 161704K->67597K(175104K)] 412929K->355415K(699392K), 0.0088477 secs] [Times: user=0.13 sys=0.01, real=0.01 secs] 
2016-09-15T12:22:36.854-0400: 183.871: [GC (GCLocker Initiated GC) [PSYoungGen: 150706K->37194K(175104K)] 444599K->361566K(699392K), 0.0083776 secs] [Times: user=0.09 sys=0.00, real=0.01 secs] 
2016-09-15T12:22:36.999-0400: 184.016: [GC (GCLocker Initiated GC) [PSYoungGen: 125258K->73576K(175104K)] 449875K->398500K(699392K), 0.0087536 secs] [Times: user=0.09 sys=0.01, real=0.01 secs] 
2016-09-15T12:22:37.132-0400: 184.149: [GC (GCLocker Initiated GC) [PSYoungGen: 161640K->49404K(175104K)] 504886K->429236K(699392K), 0.0099186 secs] [Times: user=0.11 sys=0.00, real=0.01 secs] 
2016-09-15T12:22:37.273-0400: 184.290: [GC (GCLocker Initiated GC) [PSYoungGen: 137468K->55615K(175104K)] 523612K->454028K(699392K), 0.0123212 secs] [Times: user=0.15 sys=0.00, real=0.01 secs] 
2016-09-15T12:22:37.392-0400: 184.409: [GC (GCLocker Initiated GC) [PSYoungGen: 143679K->73804K(175104K)] 548427K->478868K(699392K), 0.0098188 secs] [Times: user=0.11 sys=0.00, real=0.01 secs] 
2016-09-15T12:22:37.500-0400: 184.517: [GC (GCLocker Initiated GC) [PSYoungGen: 161868K->73480K(175104K)] 566935K->484889K(699392K), 0.0107285 secs] [Times: user=0.10 sys=0.00, real=0.01 secs] 
2016-09-15T12:22:37.620-0400: 184.637: [GC (GCLocker Initiated GC) [PSYoungGen: 161544K->73804K(175104K)] 579271K->509876K(699392K), 0.0137305 secs] [Times: user=0.16 sys=0.01, real=0.01 secs] 
2016-09-15T12:22:37.735-0400: 184.752: [GC (GCLocker Initiated GC) [PSYoungGen: 161868K->73740K(175104K)] 598301K->510768K(699392K), 0.0089442 secs] [Times: user=0.12 sys=0.00, real=0.01 secs] 
2016-09-15T12:22:37.879-0400: 184.897: [GC (GCLocker Initiated GC) [PSYoungGen: 161804K->73608K(175104K)] 605150K->541374K(699392K), 0.0142276 secs] [Times: user=0.16 sys=0.00, real=0.01 secs] 
2016-09-15T12:22:37.894-0400: 184.911: [Full GC (Ergonomics) [PSYoungGen: 73608K->0K(175104K)] [ParOldGen: 467766K->53912K(524288K)] 541374K->53912K(699392K), [Metaspace: 44492K->44492K(1087488K)], 0.0549847 secs] [Times: user=0.28 sys=0.01, real=0.06 secs] 
2016-09-15T12:22:38.070-0400: 185.087: [GC (GCLocker Initiated GC) [PSYoungGen: 88064K->85890K(175104K)] 142148K->164274K(699392K), 0.0170212 secs] [Times: user=0.21 sys=0.01, real=0.01 secs] 
2016-09-15T12:22:38.217-0400: 185.234: [GC (GCLocker Initiated GC) [PSYoungGen: 173954K->55647K(175104K)] 264659K->189144K(699392K), 0.0224115 secs] [Times: user=0.24 sys=0.00, real=0.02 secs] 
2016-09-15T12:22:38.363-0400: 185.380: [GC (GCLocker Initiated GC) [PSYoungGen: 143711K->49372K(175104K)] 283342K->256152K(699392K), 0.0103836 secs] [Times: user=0.14 sys=0.01, real=0.01 secs] 
2016-09-15T12:22:38.458-0400: 185.475: [GC (GCLocker Initiated GC) [PSYoungGen: 137436K->85986K(175104K)] 344269K->366043K(699392K), 0.0126913 secs] [Times: user=0.18 sys=0.01, real=0.01 secs] 
2016-09-15T12:22:38.578-0400: 185.595: [GC (Allocation Failure) [PSYoungGen: 174050K->85954K(175104K)] 454154K->439446K(699392K), 0.0123449 secs] [Times: user=0.15 sys=0.00, real=0.01 secs] 
2016-09-15T12:22:38.698-0400: 185.715: [GC (GCLocker Initiated GC) [PSYoungGen: 174018K->73672K(175104K)] 527515K->494138K(699392K), 0.0109109 secs] [Times: user=0.15 sys=0.00, real=0.01 secs] 
2016-09-15T12:22:38.709-0400: 185.726: [Full GC (Ergonomics) [PSYoungGen: 73672K->0K(175104K)] [ParOldGen: 420466K->47758K(524288K)] 494138K->47758K(699392K), [Metaspace: 44497K->44497K(1087488K)], 0.0512102 secs] [Times: user=0.48 sys=0.01, real=0.05 secs] 
2016-09-15T12:22:38.847-0400: 185.864: [GC (GCLocker Initiated GC) [PSYoungGen: 88064K->86274K(175104K)] 136031K->164617K(699392K), 0.0103640 secs] [Times: user=0.15 sys=0.00, real=0.02 secs] 
2016-09-15T12:22:38.971-0400: 185.988: [GC (Allocation Failure) [PSYoungGen: 174338K->55906K(175104K)] 252963K->171717K(699392K), 0.0083146 secs] [Times: user=0.12 sys=0.00, real=0.01 secs] 
2016-09-15T12:22:39.089-0400: 186.106: [GC (Allocation Failure) [PSYoungGen: 143970K->74032K(175104K)] 259781K->208367K(699392K), 0.0086744 secs] [Times: user=0.12 sys=0.00, real=0.01 secs] 
2016-09-15T12:22:39.210-0400: 186.227: [GC (GCLocker Initiated GC) [PSYoungGen: 162096K->73740K(175104K)] 296437K->226417K(699392K), 0.0103215 secs] [Times: user=0.13 sys=0.00, real=0.01 secs] 
2016-09-15T12:22:39.319-0400: 186.336: [GC (GCLocker Initiated GC) [PSYoungGen: 161804K->86018K(175104K)] 314646K->269731K(699392K), 0.0092147 secs] [Times: user=0.13 sys=0.01, real=0.01 secs] 
2016-09-15T12:22:39.447-0400: 186.464: [GC (GCLocker Initiated GC) [PSYoungGen: 174082K->79975K(175104K)] 369987K->336961K(699392K), 0.0104286 secs] [Times: user=0.16 sys=0.00, real=0.02 secs] 
2016-09-15T12:22:39.580-0400: 186.598: [GC (GCLocker Initiated GC) [PSYoungGen: 168039K->55479K(175104K)] 431349K->373796K(699392K), 0.0087560 secs] [Times: user=0.14 sys=0.00, real=0.01 secs] 
2016-09-15T12:22:39.704-0400: 186.721: [GC (GCLocker Initiated GC) [PSYoungGen: 143543K->55775K(175104K)] 474152K->386675K(699392K), 0.0091013 secs] [Times: user=0.11 sys=0.00, real=0.01 secs] 
2016-09-15T12:22:39.841-0400: 186.858: [GC (GCLocker Initiated GC) [PSYoungGen: 143839K->73672K(175104K)] 475023K->423709K(699392K), 0.0082982 secs] [Times: user=0.10 sys=0.00, real=0.01 secs] 
2016-09-15T12:22:39.951-0400: 186.968: [GC (GCLocker Initiated GC) [PSYoungGen: 161736K->67437K(175104K)] 512078K->436123K(699392K), 0.0139751 secs] [Times: user=0.11 sys=0.00, real=0.01 secs] 
2016-09-15T12:22:40.079-0400: 187.097: [GC (GCLocker Initiated GC) [PSYoungGen: 155501K->73544K(175104K)] 525006K->473716K(699392K), 0.0238779 secs] [Times: user=0.28 sys=0.01, real=0.02 secs] 
2016-09-15T12:22:40.216-0400: 187.233: [GC (GCLocker Initiated GC) [PSYoungGen: 161608K->61298K(175104K)] 568042K->486061K(699392K), 0.0156241 secs] [Times: user=0.15 sys=0.00, real=0.01 secs] 
2016-09-15T12:22:40.347-0400: 187.364: [GC (GCLocker Initiated GC) [PSYoungGen: 149362K->73772K(175104K)] 580521K->547616K(699392K), 0.0092056 secs] [Times: user=0.13 sys=0.00, real=0.02 secs] 
2016-09-15T12:22:40.357-0400: 187.374: [Full GC (Ergonomics) [PSYoungGen: 73772K->0K(175104K)] [ParOldGen: 473844K->53937K(524288K)] 547616K->53937K(699392K), [Metaspace: 44497K->44497K(1087488K)], 0.0599043 secs] [Times: user=0.49 sys=0.02, real=0.06 secs] 
2016-09-15T12:22:40.544-0400: 187.561: [GC (GCLocker Initiated GC) [PSYoungGen: 88064K->74100K(175104K)] 142110K->128146K(699392K), 0.0215440 secs] [Times: user=0.33 sys=0.00, real=0.02 secs] 
2016-09-15T12:22:40.679-0400: 187.696: [GC (GCLocker Initiated GC) [PSYoungGen: 162164K->85822K(175104K)] 216291K->195096K(699392K), 0.0095656 secs] [Times: user=0.13 sys=0.01, real=0.01 secs] 
2016-09-15T12:22:40.807-0400: 187.825: [GC (GCLocker Initiated GC) [PSYoungGen: 173886K->49504K(175104K)] 283521K->207842K(699392K), 0.0096554 secs] [Times: user=0.10 sys=0.00, real=0.02 secs] 
2016-09-15T12:22:40.906-0400: 187.923: [GC (GCLocker Initiated GC) [PSYoungGen: 137568K->73508K(175104K)] 296009K->274782K(699392K), 0.0103473 secs] [Times: user=0.12 sys=0.01, real=0.02 secs] 
2016-09-15T12:22:41.034-0400: 188.051: [GC (GCLocker Initiated GC) [PSYoungGen: 161572K->55714K(175104K)] 375116K->305820K(699392K), 0.0234085 secs] [Times: user=0.28 sys=0.00, real=0.03 secs] 
2016-09-15T12:22:41.171-0400: 188.188: [GC (GCLocker Initiated GC) [PSYoungGen: 143778K->55251K(175104K)] 394061K->348701K(699392K), 0.0098196 secs] [Times: user=0.13 sys=0.00, real=0.01 secs] 
2016-09-15T12:22:41.302-0400: 188.319: [GC (Allocation Failure) [PSYoungGen: 143315K->55579K(175104K)] 449248K->379881K(699392K), 0.0084157 secs] [Times: user=0.12 sys=0.00, real=0.01 secs] 
2016-09-15T12:22:41.445-0400: 188.462: [GC (GCLocker Initiated GC) [PSYoungGen: 142557K->55579K(175104K)] 472934K->404628K(699392K), 0.0077818 secs] [Times: user=0.09 sys=0.00, real=0.01 secs] 
2016-09-15T12:22:41.589-0400: 188.606: [GC (Allocation Failure) [PSYoungGen: 143643K->36898K(175104K)] 498904K->410667K(699392K), 0.0122770 secs] [Times: user=0.16 sys=0.00, real=0.01 secs] 
2016-09-15T12:22:41.734-0400: 188.751: [GC (Allocation Failure) [PSYoungGen: 124789K->37158K(175104K)] 498559K->411055K(699392K), 0.0070969 secs] [Times: user=0.06 sys=0.00, real=0.01 secs] 
2016-09-15T12:22:41.856-0400: 188.873: [GC (GCLocker Initiated GC) [PSYoungGen: 125222K->73316K(175104K)] 499124K->447494K(699392K), 0.0155884 secs] [Times: user=0.09 sys=0.00, real=0.01 secs] 
2016-09-15T12:22:42.007-0400: 189.025: [GC (GCLocker Initiated GC) [PSYoungGen: 161380K->73836K(175104K)] 547874K->478698K(699392K), 0.0099957 secs] [Times: user=0.13 sys=0.00, real=0.02 secs] 
2016-09-15T12:22:42.101-0400: 189.118: [GC (GCLocker Initiated GC) [PSYoungGen: 161900K->86018K(175104K)] 566951K->534113K(699392K), 0.0103628 secs] [Times: user=0.16 sys=0.00, real=0.01 secs] 
2016-09-15T12:22:42.228-0400: 189.245: [GC (GCLocker Initiated GC) --[PSYoungGen: 174082K->174082K(175104K)] 622258K->695285K(699392K), 0.0149457 secs] [Times: user=0.15 sys=0.01, real=0.01 secs] 
2016-09-15T12:22:42.243-0400: 189.260: [Full GC (Ergonomics) [PSYoungGen: 174082K->0K(175104K)] [ParOldGen: 521203K->48465K(524288K)] 695285K->48465K(699392K), [Metaspace: 44498K->44498K(1087488K)], 0.0572652 secs] [Times: user=0.42 sys=0.02, real=0.06 secs] 
2016-09-15T12:22:42.398-0400: 189.415: [GC (GCLocker Initiated GC) [PSYoungGen: 88064K->86274K(175104K)] 142960K->165470K(699392K), 0.0102331 secs] [Times: user=0.15 sys=0.00, real=0.01 secs] 
2016-09-15T12:22:42.531-0400: 189.548: [GC (GCLocker Initiated GC) [PSYoungGen: 174338K->55643K(175104K)] 266017K->202717K(699392K), 0.0085976 secs] [Times: user=0.13 sys=0.00, real=0.01 secs] 
2016-09-15T12:22:42.639-0400: 189.656: [GC (GCLocker Initiated GC) [PSYoungGen: 143707K->74064K(175104K)] 291001K->221658K(699392K), 0.0085578 secs] [Times: user=0.12 sys=0.00, real=0.00 secs] 
2016-09-15T12:22:42.745-0400: 189.762: [GC (GCLocker Initiated GC) [PSYoungGen: 162128K->86346K(175104K)] 309836K->258505K(699392K), 0.0093025 secs] [Times: user=0.13 sys=0.00, real=0.01 secs] 
2016-09-15T12:22:42.870-0400: 189.887: [GC (GCLocker Initiated GC) [PSYoungGen: 174410K->85886K(175104K)] 346650K->319520K(699392K), 0.0108243 secs] [Times: user=0.16 sys=0.00, real=0.01 secs] 
2016-09-15T12:22:43.009-0400: 190.026: [GC (Allocation Failure) [PSYoungGen: 173950K->55579K(175104K)] 420073K->338271K(699392K), 0.0174404 secs] [Times: user=0.21 sys=0.01, real=0.01 secs] 
2016-09-15T12:22:43.027-0400: 190.044: [GC (GCLocker Initiated GC) [PSYoungGen: 55973K->160K(175104K)] 338665K->338093K(699392K), 0.0057449 secs] [Times: user=0.05 sys=0.00, real=0.01 secs] 
2016-09-15T12:22:43.145-0400: 190.162: [GC (GCLocker Initiated GC) [PSYoungGen: 88224K->86282K(175104K)] 426163K->448537K(699392K), 0.0119051 secs] [Times: user=0.14 sys=0.00, real=0.02 secs] 
2016-09-15T12:22:43.280-0400: 190.297: [GC (GCLocker Initiated GC) [PSYoungGen: 174346K->61426K(175104K)] 542925K->460843K(699392K), 0.0297163 secs] [Times: user=0.40 sys=0.00, real=0.03 secs] 
2016-09-15T12:22:43.419-0400: 190.436: [GC (GCLocker Initiated GC) [PSYoungGen: 149490K->55611K(175104K)] 555544K->480009K(699392K), 0.0145991 secs] [Times: user=0.19 sys=0.00, real=0.01 secs] 
2016-09-15T12:22:43.527-0400: 190.544: [GC (GCLocker Initiated GC) [PSYoungGen: 143675K->85758K(175104K)] 568333K->522685K(699392K), 0.0132769 secs] [Times: user=0.11 sys=0.00, real=0.02 secs] 
2016-09-15T12:22:43.655-0400: 190.672: [GC (GCLocker Initiated GC) [PSYoungGen: 173822K->73772K(175104K)] 611043K->547735K(699392K), 0.0124078 secs] [Times: user=0.15 sys=0.00, real=0.01 secs] 
2016-09-15T12:22:43.667-0400: 190.684: [Full GC (Ergonomics) [PSYoungGen: 73772K->0K(175104K)] [ParOldGen: 473963K->52963K(524288K)] 547735K->52963K(699392K), [Metaspace: 44498K->44498K(1087488K)], 0.0657191 secs] [Times: user=0.41 sys=0.03, real=0.07 secs] 
2016-09-15T12:22:43.852-0400: 190.869: [GC (GCLocker Initiated GC) [PSYoungGen: 88064K->85822K(175104K)] 147144K->187427K(699392K), 0.0088880 secs] [Times: user=0.14 sys=0.00, real=0.01 secs] 
2016-09-15T12:22:43.977-0400: 190.994: [GC (Allocation Failure) [PSYoungGen: 173886K->55351K(175104K)] 275611K->230292K(699392K), 0.0084246 secs] [Times: user=0.11 sys=0.00, real=0.00 secs] 
2016-09-15T12:22:44.093-0400: 191.110: [GC (GCLocker Initiated GC) [PSYoungGen: 143415K->73508K(175104K)] 318356K->266981K(699392K), 0.0095451 secs] [Times: user=0.14 sys=0.00, real=0.01 secs] 
2016-09-15T12:22:44.210-0400: 191.227: [GC (GCLocker Initiated GC) [PSYoungGen: 161572K->86050K(175104K)] 355177K->304115K(699392K), 0.0127651 secs] [Times: user=0.18 sys=0.00, real=0.01 secs] 
2016-09-15T12:22:44.319-0400: 191.336: [GC (GCLocker Initiated GC) [PSYoungGen: 174114K->79551K(175104K)] 398341K->358776K(699392K), 0.0092561 secs] [Times: user=0.14 sys=0.00, real=0.01 secs] 
2016-09-15T12:22:44.433-0400: 191.450: [GC (GCLocker Initiated GC) [PSYoungGen: 167615K->86150K(175104K)] 446916K->426360K(699392K), 0.0118016 secs] [Times: user=0.17 sys=0.00, real=0.01 secs] 
2016-09-15T12:22:44.543-0400: 191.560: [GC (GCLocker Initiated GC) [PSYoungGen: 174214K->86118K(175104K)] 514466K->469227K(699392K), 0.0101591 secs] [Times: user=0.14 sys=0.00, real=0.01 secs] 
2016-09-15T12:22:44.671-0400: 191.688: [GC (GCLocker Initiated GC) [PSYoungGen: 174182K->55027K(175104K)] 557293K->468757K(699392K), 0.0219531 secs] [Times: user=0.22 sys=0.00, real=0.02 secs] 
2016-09-15T12:22:44.811-0400: 191.828: [GC (GCLocker Initiated GC) [PSYoungGen: 143091K->73772K(175104K)] 563206K->494015K(699392K), 0.0092236 secs] [Times: user=0.12 sys=0.00, real=0.01 secs] 
2016-09-15T12:22:44.937-0400: 191.954: [GC (GCLocker Initiated GC) [PSYoungGen: 161836K->73672K(175104K)] 582159K->512715K(699392K), 0.0088658 secs] [Times: user=0.13 sys=0.00, real=0.00 secs] 
2016-09-15T12:22:45.067-0400: 192.084: [Full GC (Ergonomics) [PSYoungGen: 161736K->0K(175104K)] [ParOldGen: 445758K->46778K(524288K)] 607494K->46778K(699392K), [Metaspace: 44498K->44498K(1087488K)], 0.0524213 secs] [Times: user=0.38 sys=0.01, real=0.06 secs] 
2016-09-15T12:22:45.226-0400: 192.243: [GC (Allocation Failure) [PSYoungGen: 88064K->67661K(175104K)] 134842K->114439K(699392K), 0.0110120 secs] [Times: user=0.08 sys=0.00, real=0.02 secs] 
2016-09-15T12:22:45.340-0400: 192.357: [GC (GCLocker Initiated GC) [PSYoungGen: 155725K->79683K(175104K)] 202509K->169571K(699392K), 0.0151731 secs] [Times: user=0.19 sys=0.00, real=0.01 secs] 
2016-09-15T12:22:45.483-0400: 192.500: [GC (GCLocker Initiated GC) [PSYoungGen: 167747K->43073K(175104K)] 263880K->169825K(699392K), 0.0078959 secs] [Times: user=0.08 sys=0.00, real=0.01 secs] 
2016-09-15T12:22:45.622-0400: 192.639: [GC (GCLocker Initiated GC) [PSYoungGen: 131137K->48984K(175104K)] 258065K->200488K(699392K), 0.0155197 secs] [Times: user=0.16 sys=0.00, real=0.02 secs] 
2016-09-15T12:22:45.733-0400: 192.750: [GC (GCLocker Initiated GC) [PSYoungGen: 137048K->85986K(175104K)] 288661K->280267K(699392K), 0.0108863 secs] [Times: user=0.12 sys=0.00, real=0.01 secs] 
2016-09-15T12:22:45.854-0400: 192.871: [GC (GCLocker Initiated GC) [PSYoungGen: 174050K->85890K(175104K)] 374476K->335232K(699392K), 0.0106879 secs] [Times: user=0.14 sys=0.00, real=0.01 secs] 
2016-09-15T12:22:45.969-0400: 192.986: [GC (GCLocker Initiated GC) [PSYoungGen: 173954K->55351K(175104K)] 429709K->341789K(699392K), 0.0077064 secs] [Times: user=0.10 sys=0.00, real=0.01 secs] 
2016-09-15T12:22:46.096-0400: 193.113: [GC (GCLocker Initiated GC) [PSYoungGen: 143415K->73704K(175104K)] 436098K->366662K(699392K), 0.0081637 secs] [Times: user=0.08 sys=0.00, real=0.00 secs] 
2016-09-15T12:22:46.232-0400: 193.250: [GC (GCLocker Initiated GC) [PSYoungGen: 161768K->61458K(175104K)] 454785K->373000K(699392K), 0.0131757 secs] [Times: user=0.16 sys=0.00, real=0.01 secs] 
2016-09-15T12:22:46.345-0400: 193.362: [GC (GCLocker Initiated GC) [PSYoungGen: 149522K->86150K(175104K)] 461296K->422367K(699392K), 0.0102511 secs] [Times: user=0.13 sys=0.00, real=0.01 secs] 
2016-09-15T12:22:46.476-0400: 193.493: [GC (GCLocker Initiated GC) [PSYoungGen: 174214K->61458K(175104K)] 510747K->428806K(699392K), 0.0129729 secs] [Times: user=0.14 sys=0.00, real=0.01 secs] 
2016-09-15T12:22:46.607-0400: 193.625: [GC (GCLocker Initiated GC) [PSYoungGen: 149522K->86050K(175104K)] 517169K->460088K(699392K), 0.0102175 secs] [Times: user=0.14 sys=0.00, real=0.02 secs] 
2016-09-15T12:22:46.735-0400: 193.752: [GC (GCLocker Initiated GC) [PSYoungGen: 174114K->73704K(175104K)] 548294K->466604K(699392K), 0.0093713 secs] [Times: user=0.13 sys=0.00, real=0.01 secs] 
2016-09-15T12:22:46.854-0400: 193.872: [GC (GCLocker Initiated GC) [PSYoungGen: 161768K->85790K(175104K)] 554727K->521441K(699392K), 0.0097679 secs] [Times: user=0.15 sys=0.00, real=0.01 secs] 
2016-09-15T12:22:46.981-0400: 193.998: [GC (GCLocker Initiated GC) [PSYoungGen: 173854K->73672K(175104K)] 615633K->564375K(699392K), 0.0101967 secs] [Times: user=0.13 sys=0.00, real=0.01 secs] 
2016-09-15T12:22:46.991-0400: 194.009: [Full GC (Ergonomics) [PSYoungGen: 73672K->0K(175104K)] [ParOldGen: 490703K->46693K(524288K)] 564375K->46693K(699392K), [Metaspace: 44499K->44499K(1087488K)], 0.0603031 secs] [Times: user=0.45 sys=0.00, real=0.06 secs] 
2016-09-15T12:22:47.153-0400: 194.170: [GC (GCLocker Initiated GC) [PSYoungGen: 88064K->61846K(175104K)] 141025K->114808K(699392K), 0.0103217 secs] [Times: user=0.09 sys=0.00, real=0.01 secs] 
2016-09-15T12:22:47.269-0400: 194.286: [GC (Allocation Failure) [PSYoungGen: 149910K->73672K(175104K)] 202901K->145780K(699392K), 0.0113161 secs] [Times: user=0.16 sys=0.00, real=0.01 secs] 
2016-09-15T12:22:47.402-0400: 194.419: [GC (GCLocker Initiated GC) [PSYoungGen: 161736K->73740K(175104K)] 233844K->146148K(699392K), 0.0083846 secs] [Times: user=0.12 sys=0.00, real=0.01 secs] 
2016-09-15T12:22:47.515-0400: 194.532: [GC (GCLocker Initiated GC) [PSYoungGen: 161804K->61490K(175104K)] 240642K->158837K(699392K), 0.0117021 secs] [Times: user=0.13 sys=0.00, real=0.01 secs] 
2016-09-15T12:22:47.646-0400: 194.663: [GC (GCLocker Initiated GC) [PSYoungGen: 149554K->79943K(175104K)] 247065K->183829K(699392K), 0.0145186 secs] [Times: user=0.18 sys=0.00, real=0.02 secs] 
2016-09-15T12:22:47.785-0400: 194.802: [GC (Allocation Failure) [PSYoungGen: 168007K->49176K(175104K)] 272007K->171848K(699392K), 0.0129383 secs] [Times: user=0.13 sys=0.00, real=0.02 secs] 
2016-09-15T12:22:47.898-0400: 194.915: [GC (GCLocker Initiated GC) [PSYoungGen: 136385K->55547K(175104K)] 265133K->233030K(699392K), 0.0094967 secs] [Times: user=0.12 sys=0.00, real=0.01 secs] 
2016-09-15T12:22:48.035-0400: 195.052: [GC (GCLocker Initiated GC) [PSYoungGen: 143611K->79455K(175104K)] 321287K->275639K(699392K), 0.0096800 secs] [Times: user=0.10 sys=0.00, real=0.01 secs] 
2016-09-15T12:22:48.159-0400: 195.176: [GC (GCLocker Initiated GC) [PSYoungGen: 167517K->55483K(175104K)] 370132K->282501K(699392K), 0.0084764 secs] [Times: user=0.11 sys=0.00, real=0.00 secs] 
2016-09-15T12:22:48.278-0400: 195.295: [GC (GCLocker Initiated GC) [PSYoungGen: 143547K->67469K(175104K)] 370602K->313016K(699392K), 0.0216413 secs] [Times: user=0.22 sys=0.00, real=0.02 secs] 
2016-09-15T12:22:48.406-0400: 195.423: [GC (GCLocker Initiated GC) [PSYoungGen: 155533K->49376K(175104K)] 407482K->350037K(699392K), 0.0107356 secs] [Times: user=0.12 sys=0.00, real=0.02 secs] 
2016-09-15T12:22:48.563-0400: 195.580: [GC (GCLocker Initiated GC) [PSYoungGen: 137440K->36962K(175104K)] 444335K->362561K(699392K), 0.0079650 secs] [Times: user=0.09 sys=0.00, real=0.01 secs] 
2016-09-15T12:22:48.719-0400: 195.736: [GC (GCLocker Initiated GC) [PSYoungGen: 125026K->37549K(175104K)] 468852K->381496K(699392K), 0.0076895 secs] [Times: user=0.09 sys=0.01, real=0.00 secs] 
2016-09-15T12:22:48.864-0400: 195.881: [GC (GCLocker Initiated GC) [PSYoungGen: 125613K->73672K(175104K)] 469870K->418032K(699392K), 0.0133347 secs] [Times: user=0.15 sys=0.01, real=0.02 secs] 
2016-09-15T12:22:49.011-0400: 196.028: [GC (GCLocker Initiated GC) [PSYoungGen: 161733K->55483K(175104K)] 518570K->412431K(699392K), 0.0351604 secs] [Times: user=0.37 sys=0.00, real=0.03 secs] 
2016-09-15T12:22:49.179-0400: 196.196: [GC (Allocation Failure) [PSYoungGen: 143547K->31218K(175104K)] 512990K->419146K(699392K), 0.0342782 secs] [Times: user=0.37 sys=0.00, real=0.03 secs] 
2016-09-15T12:22:49.307-0400: 196.324: [GC (GCLocker Initiated GC) [PSYoungGen: 119282K->67401K(175104K)] 507211K->473713K(699392K), 0.0161062 secs] [Times: user=0.17 sys=0.00, real=0.02 secs] 
2016-09-15T12:22:49.448-0400: 196.465: [GC (GCLocker Initiated GC) [PSYoungGen: 155465K->61949K(175104K)] 580044K->504874K(699392K), 0.0104750 secs] [Times: user=0.14 sys=0.00, real=0.02 secs] 
2016-09-15T12:22:49.557-0400: 196.574: [GC (GCLocker Initiated GC) [PSYoungGen: 150013K->79715K(175104K)] 599043K->571733K(699392K), 0.0104354 secs] [Times: user=0.14 sys=0.00, real=0.00 secs] 
2016-09-15T12:22:49.567-0400: 196.584: [Full GC (Ergonomics) [PSYoungGen: 79715K->0K(175104K)] [ParOldGen: 492018K->53014K(524288K)] 571733K->53014K(699392K), [Metaspace: 44500K->44500K(1087488K)], 0.0547807 secs] [Times: user=0.38 sys=0.02, real=0.06 secs] 
2016-09-15T12:22:49.725-0400: 196.742: [GC (GCLocker Initiated GC) [PSYoungGen: 88064K->74448K(175104K)] 153432K->139816K(699392K), 0.0074817 secs] [Times: user=0.10 sys=0.00, real=0.01 secs] 
2016-09-15T12:22:49.849-0400: 196.866: [GC (GCLocker Initiated GC) [PSYoungGen: 162512K->74196K(175104K)] 227899K->159111K(699392K), 0.0087445 secs] [Times: user=0.13 sys=0.00, real=0.01 secs] 
2016-09-15T12:22:50.000-0400: 197.017: [GC (GCLocker Initiated GC) [PSYoungGen: 162260K->73608K(175104K)] 247195K->170844K(699392K), 0.0096709 secs] [Times: user=0.11 sys=0.00, real=0.01 secs] 
2016-09-15T12:22:50.134-0400: 197.151: [GC (GCLocker Initiated GC) [PSYoungGen: 161672K->73640K(175104K)] 265078K->189487K(699392K), 0.0178139 secs] [Times: user=0.20 sys=0.00, real=0.02 secs] 
2016-09-15T12:22:50.263-0400: 197.281: [GC (Allocation Failure) [PSYoungGen: 161704K->73804K(175104K)] 277873K->226550K(699392K), 0.0151818 secs] [Times: user=0.17 sys=0.01, real=0.02 secs] 
2016-09-15T12:22:50.279-0400: 197.296: [GC (GCLocker Initiated GC) [PSYoungGen: 73820K->160K(175104K)] 226566K->220297K(699392K), 0.0120431 secs] [Times: user=0.09 sys=0.00, real=0.01 secs] 
2016-09-15T12:22:50.406-0400: 197.423: [GC (GCLocker Initiated GC) [PSYoungGen: 88224K->85822K(175104K)] 308367K->330265K(699392K), 0.0118698 secs] [Times: user=0.16 sys=0.00, real=0.02 secs] 
2016-09-15T12:22:50.530-0400: 197.547: [GC (GCLocker Initiated GC) [PSYoungGen: 173886K->73936K(175104K)] 424647K->343386K(699392K), 0.0112523 secs] [Times: user=0.15 sys=0.00, real=0.01 secs] 
2016-09-15T12:22:50.662-0400: 197.679: [GC (GCLocker Initiated GC) [PSYoungGen: 162000K->73608K(175104K)] 431453K->355494K(699392K), 0.0089561 secs] [Times: user=0.10 sys=0.00, real=0.01 secs] 
2016-09-15T12:22:50.830-0400: 197.847: [GC (Allocation Failure) [PSYoungGen: 161672K->55187K(175104K)] 443694K->337305K(699392K), 0.0078213 secs] [Times: user=0.10 sys=0.00, real=0.01 secs] 
2016-09-15T12:22:50.959-0400: 197.976: [GC (GCLocker Initiated GC) [PSYoungGen: 140479K->36994K(175104K)] 428672K->325338K(699392K), 0.0050610 secs] [Times: user=0.07 sys=0.00, real=0.00 secs] 
2016-09-15T12:22:51.079-0400: 198.096: [GC (GCLocker Initiated GC) [PSYoungGen: 125058K->73836K(175104K)] 419717K->368646K(699392K), 0.0119926 secs] [Times: user=0.15 sys=0.00, real=0.01 secs] 
2016-09-15T12:22:51.216-0400: 198.233: [GC (GCLocker Initiated GC) [PSYoungGen: 161900K->55419K(175104K)] 462910K->374922K(699392K), 0.0104336 secs] [Times: user=0.10 sys=0.00, real=0.00 secs] 
2016-09-15T12:22:51.330-0400: 198.348: [GC (GCLocker Initiated GC) [PSYoungGen: 143483K->85758K(175104K)] 469147K->430119K(699392K), 0.0093346 secs] [Times: user=0.10 sys=0.00, real=0.01 secs] 
2016-09-15T12:22:51.447-0400: 198.464: [GC (GCLocker Initiated GC) [PSYoungGen: 173822K->79747K(175104K)] 518394K->473234K(699392K), 0.0140891 secs] [Times: user=0.16 sys=0.01, real=0.02 secs] 
2016-09-15T12:22:51.581-0400: 198.598: [GC (Allocation Failure) [PSYoungGen: 167811K->61686K(175104K)] 573522K->503983K(699392K), 0.0095046 secs] [Times: user=0.13 sys=0.00, real=0.01 secs] 
2016-09-15T12:22:51.687-0400: 198.704: [GC (GCLocker Initiated GC) [PSYoungGen: 144407K->73608K(175104K)] 592779K->540528K(699392K), 0.0105354 secs] [Times: user=0.14 sys=0.00, real=0.02 secs] 
2016-09-15T12:22:51.698-0400: 198.715: [Full GC (Ergonomics) [PSYoungGen: 73608K->0K(175104K)] [ParOldGen: 466920K->53388K(524288K)] 540528K->53388K(699392K), [Metaspace: 44500K->44500K(1087488K)], 0.0586107 secs] [Times: user=0.43 sys=0.01, real=0.06 secs] 
2016-09-15T12:22:51.847-0400: 198.864: [GC (GCLocker Initiated GC) [PSYoungGen: 88064K->86274K(175104K)] 141500K->182236K(699392K), 0.0091070 secs] [Times: user=0.13 sys=0.01, real=0.02 secs] 
2016-09-15T12:22:51.985-0400: 199.002: [GC (GCLocker Initiated GC) [PSYoungGen: 174338K->85822K(175104K)] 270487K->231143K(699392K), 0.0102598 secs] [Times: user=0.15 sys=0.00, real=0.02 secs] 
2016-09-15T12:22:52.101-0400: 199.118: [GC (GCLocker Initiated GC) [PSYoungGen: 173886K->73868K(175104K)] 325352K->262279K(699392K), 0.0105472 secs] [Times: user=0.15 sys=0.00, real=0.01 secs] 
2016-09-15T12:22:52.231-0400: 199.248: [GC (Allocation Failure) [PSYoungGen: 161932K->61362K(175104K)] 356516K->274447K(699392K), 0.0259828 secs] [Times: user=0.30 sys=0.00, real=0.03 secs] 
2016-09-15T12:22:52.342-0400: 199.359: [GC (GCLocker Initiated GC) [PSYoungGen: 149426K->86182K(175104K)] 362516K->329759K(699392K), 0.0122368 secs] [Times: user=0.14 sys=0.00, real=0.01 secs] 
2016-09-15T12:22:52.456-0400: 199.473: [GC (GCLocker Initiated GC) [PSYoungGen: 174246K->85954K(175104K)] 418190K->366647K(699392K), 0.0131587 secs] [Times: user=0.14 sys=0.00, real=0.01 secs] 
2016-09-15T12:22:52.568-0400: 199.585: [GC (GCLocker Initiated GC) [PSYoungGen: 174018K->73576K(175104K)] 454921K->372808K(699392K), 0.0085990 secs] [Times: user=0.10 sys=0.00, real=0.01 secs] 
2016-09-15T12:22:52.682-0400: 199.699: [GC (GCLocker Initiated GC) [PSYoungGen: 161640K->73672K(175104K)] 460874K->391283K(699392K), 0.0080274 secs] [Times: user=0.12 sys=0.00, real=0.01 secs] 
2016-09-15T12:22:52.809-0400: 199.826: [GC (Allocation Failure) [PSYoungGen: 161736K->86086K(175104K)] 479646K->428611K(699392K), 0.0091977 secs] [Times: user=0.14 sys=0.00, real=0.01 secs] 
2016-09-15T12:22:52.926-0400: 199.943: [GC (GCLocker Initiated GC) [PSYoungGen: 174150K->73868K(175104K)] 516681K->435080K(699392K), 0.0115708 secs] [Times: user=0.11 sys=0.01, real=0.02 secs] 
2016-09-15T12:22:53.064-0400: 200.081: [GC (GCLocker Initiated GC) [PSYoungGen: 161932K->55287K(175104K)] 529417K->459513K(699392K), 0.0247246 secs] [Times: user=0.29 sys=0.00, real=0.03 secs] 
2016-09-15T12:22:53.213-0400: 200.230: [GC (Allocation Failure) [PSYoungGen: 143351K->67341K(175104K)] 547591K->471668K(699392K), 0.0084241 secs] [Times: user=0.08 sys=0.00, real=0.01 secs] 
2016-09-15T12:22:53.324-0400: 200.341: [GC (GCLocker Initiated GC) [PSYoungGen: 155405K->73476K(175104K)] 559734K->514578K(699392K), 0.0122553 secs] [Times: user=0.15 sys=0.00, real=0.02 secs] 
2016-09-15T12:22:53.452-0400: 200.470: [GC (GCLocker Initiated GC) [PSYoungGen: 161540K->79655K(175104K)] 608772K->551306K(699392K), 0.0148921 secs] [Times: user=0.15 sys=0.01, real=0.01 secs] 
2016-09-15T12:22:53.467-0400: 200.485: [Full GC (Ergonomics) [PSYoungGen: 79655K->0K(175104K)] [ParOldGen: 471651K->53596K(524288K)] 551306K->53596K(699392K), [Metaspace: 44510K->44510K(1087488K)], 0.0617759 secs] [Times: user=0.42 sys=0.01, real=0.07 secs] 
2016-09-15T12:22:53.628-0400: 200.646: [GC (GCLocker Initiated GC) [PSYoungGen: 88064K->85950K(175104K)] 141798K->145759K(699392K), 0.0146297 secs] [Times: user=0.14 sys=0.00, real=0.01 secs] 
2016-09-15T12:22:53.734-0400: 200.751: [GC (GCLocker Initiated GC) [PSYoungGen: 174014K->85922K(175104K)] 233893K->213197K(699392K), 0.0212133 secs] [Times: user=0.25 sys=0.00, real=0.02 secs] 
2016-09-15T12:22:53.862-0400: 200.879: [GC (GCLocker Initiated GC) [PSYoungGen: 173986K->55159K(175104K)] 307658K->256080K(699392K), 0.0344886 secs] [Times: user=0.37 sys=0.00, real=0.04 secs] 
2016-09-15T12:22:54.005-0400: 201.022: [GC (GCLocker Initiated GC) [PSYoungGen: 143223K->67501K(175104K)] 344342K->305206K(699392K), 0.0172382 secs] [Times: user=0.19 sys=0.01, real=0.02 secs] 
2016-09-15T12:22:54.134-0400: 201.152: [GC (GCLocker Initiated GC) [PSYoungGen: 155565K->55679K(175104K)] 399504K->336196K(699392K), 0.0090539 secs] [Times: user=0.09 sys=0.01, real=0.01 secs] 
2016-09-15T12:22:54.253-0400: 201.270: [GC (GCLocker Initiated GC) [PSYoungGen: 143743K->85822K(175104K)] 424340K->391003K(699392K), 0.0127668 secs] [Times: user=0.14 sys=0.01, real=0.01 secs] 
2016-09-15T12:22:54.407-0400: 201.424: [GC (GCLocker Initiated GC) [PSYoungGen: 173886K->55615K(175104K)] 491567K->409865K(699392K), 0.0197217 secs] [Times: user=0.23 sys=0.00, real=0.02 secs] 
2016-09-15T12:22:54.522-0400: 201.539: [GC (GCLocker Initiated GC) [PSYoungGen: 143679K->85694K(175104K)] 498061K->470742K(699392K), 0.0129979 secs] [Times: user=0.14 sys=0.00, real=0.01 secs] 
2016-09-15T12:22:54.652-0400: 201.669: [GC (GCLocker Initiated GC) [PSYoungGen: 173758K->43333K(175104K)] 571200K->477328K(699392K), 0.0173509 secs] [Times: user=0.16 sys=0.00, real=0.02 secs] 
2016-09-15T12:22:54.833-0400: 201.850: [GC (GCLocker Initiated GC) [PSYoungGen: 131397K->37094K(175104K)] 577718K->514238K(699392K), 0.0073039 secs] [Times: user=0.07 sys=0.00, real=0.01 secs] 
2016-09-15T12:22:54.841-0400: 201.858: [Full GC (Ergonomics) [PSYoungGen: 37094K->0K(175104K)] [ParOldGen: 477144K->47316K(524288K)] 514238K->47316K(699392K), [Metaspace: 44511K->44511K(1087488K)], 0.0473832 secs] [Times: user=0.44 sys=0.01, real=0.05 secs] 
2016-09-15T12:22:55.013-0400: 202.030: [GC (Allocation Failure) [PSYoungGen: 88064K->86314K(175104K)] 141805K->164355K(699392K), 0.0096496 secs] [Times: user=0.15 sys=0.00, real=0.01 secs] 
2016-09-15T12:22:55.149-0400: 202.166: [GC (GCLocker Initiated GC) [PSYoungGen: 174378K->61554K(175104K)] 252424K->213012K(699392K), 0.0095798 secs] [Times: user=0.14 sys=0.00, real=0.01 secs] 
2016-09-15T12:22:55.317-0400: 202.334: [GC (GCLocker Initiated GC) [PSYoungGen: 149618K->61198K(175104K)] 301180K->249322K(699392K), 0.0111081 secs] [Times: user=0.10 sys=0.00, real=0.01 secs] 
2016-09-15T12:22:55.454-0400: 202.471: [GC (GCLocker Initiated GC) [PSYoungGen: 149262K->79487K(175104K)] 343760K->274088K(699392K), 0.0098397 secs] [Times: user=0.09 sys=0.00, real=0.01 secs] 
2016-09-15T12:22:55.596-0400: 202.614: [GC (GCLocker Initiated GC) [PSYoungGen: 167551K->55483K(175104K)] 362497K->274848K(699392K), 0.0105235 secs] [Times: user=0.12 sys=0.01, real=0.00 secs] 
2016-09-15T12:22:55.696-0400: 202.713: [GC (GCLocker Initiated GC) [PSYoungGen: 143547K->49312K(175104K)] 362949K->281099K(699392K), 0.0121663 secs] [Times: user=0.11 sys=0.00, real=0.01 secs] 
2016-09-15T12:22:55.831-0400: 202.849: [GC (GCLocker Initiated GC) [PSYoungGen: 137376K->86118K(175104K)] 369485K->355156K(699392K), 0.0100853 secs] [Times: user=0.11 sys=0.00, real=0.01 secs] 
2016-09-15T12:22:55.966-0400: 202.983: [GC (GCLocker Initiated GC) [PSYoungGen: 174182K->62473K(175104K)] 449337K->374551K(699392K), 0.0125201 secs] [Times: user=0.14 sys=0.00, real=0.02 secs] 
2016-09-15T12:22:56.078-0400: 203.095: [GC (GCLocker Initiated GC) [PSYoungGen: 150537K->85822K(175104K)] 468760K->477759K(699392K), 0.0136020 secs] [Times: user=0.16 sys=0.00, real=0.01 secs] 
2016-09-15T12:22:56.197-0400: 203.214: [GC (Allocation Failure) [PSYoungGen: 173886K->67697K(175104K)] 565921K->526865K(699392K), 0.0114514 secs] [Times: user=0.16 sys=0.00, real=0.01 secs] 
2016-09-15T12:22:56.209-0400: 203.226: [Full GC (Ergonomics) [PSYoungGen: 67697K->0K(175104K)] [ParOldGen: 459168K->48262K(524288K)] 526865K->48262K(699392K), [Metaspace: 44511K->44511K(1087488K)], 0.0487268 secs] [Times: user=0.46 sys=0.01, real=0.05 secs] 
2016-09-15T12:22:56.352-0400: 203.369: [GC (GCLocker Initiated GC) [PSYoungGen: 88064K->86046K(175104K)] 136332K->140389K(699392K), 0.0101144 secs] [Times: user=0.14 sys=0.00, real=0.01 secs] 
2016-09-15T12:22:56.467-0400: 203.485: [GC (GCLocker Initiated GC) [PSYoungGen: 174110K->55415K(175104K)] 234559K->195574K(699392K), 0.0103385 secs] [Times: user=0.15 sys=0.01, real=0.02 secs] 
2016-09-15T12:22:56.570-0400: 203.588: [GC (GCLocker Initiated GC) [PSYoungGen: 143479K->85886K(175104K)] 289923K->293412K(699392K), 0.0111632 secs] [Times: user=0.16 sys=0.00, real=0.01 secs] 
2016-09-15T12:22:56.685-0400: 203.702: [GC (GCLocker Initiated GC) [PSYoungGen: 173950K->73672K(175104K)] 381618K->330232K(699392K), 0.0128703 secs] [Times: user=0.15 sys=0.00, real=0.02 secs] 
2016-09-15T12:22:56.806-0400: 203.824: [GC (Allocation Failure) [PSYoungGen: 161736K->74000K(175104K)] 424720K->337260K(699392K), 0.0073379 secs] [Times: user=0.07 sys=0.01, real=0.01 secs] 
2016-09-15T12:22:56.924-0400: 203.942: [GC (GCLocker Initiated GC) [PSYoungGen: 162064K->73640K(175104K)] 425330K->392412K(699392K), 0.0089327 secs] [Times: user=0.15 sys=0.00, real=0.01 secs] 
2016-09-15T12:22:57.046-0400: 204.063: [GC (Allocation Failure) [PSYoungGen: 161704K->74000K(175104K)] 492897K->423546K(699392K), 0.0087431 secs] [Times: user=0.12 sys=0.00, real=0.01 secs] 
2016-09-15T12:22:57.200-0400: 204.217: [GC (GCLocker Initiated GC) [PSYoungGen: 162064K->55483K(175104K)] 511615K->423395K(699392K), 0.0079248 secs] [Times: user=0.11 sys=0.01, real=0.00 secs] 
2016-09-15T12:22:57.304-0400: 204.321: [GC (GCLocker Initiated GC) [PSYoungGen: 143547K->85726K(175104K)] 511584K->460122K(699392K), 0.0459769 secs] [Times: user=0.54 sys=0.01, real=0.05 secs] 
2016-09-15T12:22:57.470-0400: 204.487: [GC (GCLocker Initiated GC) [PSYoungGen: 173790K->43333K(175104K)] 548547K->472876K(699392K), 0.0203121 secs] [Times: user=0.21 sys=0.00, real=0.02 secs] 
2016-09-15T12:22:57.490-0400: 204.508: [Full GC (Ergonomics) [PSYoungGen: 43333K->0K(175104K)] [ParOldGen: 429543K->53121K(524288K)] 472876K->53121K(699392K), [Metaspace: 44511K->44511K(1087488K)], 0.0524525 secs] [Times: user=0.38 sys=0.00, real=0.05 secs] 
2016-09-15T12:22:57.623-0400: 204.640: [GC (GCLocker Initiated GC) [PSYoungGen: 88064K->86110K(175104K)] 141361K->163707K(699392K), 0.0093880 secs] [Times: user=0.12 sys=0.00, real=0.01 secs] 
2016-09-15T12:22:57.738-0400: 204.755: [GC (GCLocker Initiated GC) [PSYoungGen: 174174K->55974K(175104K)] 258033K->195097K(699392K), 0.0137854 secs] [Times: user=0.17 sys=0.00, real=0.01 secs] 
2016-09-15T12:22:57.864-0400: 204.882: [GC (GCLocker Initiated GC) [PSYoungGen: 144038K->85790K(175104K)] 283342K->243790K(699392K), 0.0141095 secs] [Times: user=0.16 sys=0.00, real=0.02 secs] 
2016-09-15T12:22:58.011-0400: 205.028: [GC (GCLocker Initiated GC) [PSYoungGen: 173854K->61522K(175104K)] 338285K->262546K(699392K), 0.0106900 secs] [Times: user=0.11 sys=0.01, real=0.01 secs] 
2016-09-15T12:22:58.129-0400: 205.146: [GC (GCLocker Initiated GC) [PSYoungGen: 149585K->74032K(175104K)] 357040K->299831K(699392K), 0.0130546 secs] [Times: user=0.16 sys=0.00, real=0.01 secs] 
2016-09-15T12:22:58.259-0400: 205.276: [GC (GCLocker Initiated GC) [PSYoungGen: 162096K->73836K(175104K)] 394320K->324601K(699392K), 0.0141642 secs] [Times: user=0.19 sys=0.00, real=0.01 secs] 
2016-09-15T12:22:58.394-0400: 205.411: [GC (GCLocker Initiated GC) [PSYoungGen: 161900K->55187K(175104K)] 418911K->330723K(699392K), 0.0076528 secs] [Times: user=0.11 sys=0.00, real=0.01 secs] 
2016-09-15T12:22:58.514-0400: 205.531: [GC (GCLocker Initiated GC) [PSYoungGen: 143251K->73804K(175104K)] 418874K->367787K(699392K), 0.0095819 secs] [Times: user=0.12 sys=0.00, real=0.01 secs] 
2016-09-15T12:22:58.665-0400: 205.682: [GC (GCLocker Initiated GC) [PSYoungGen: 161868K->55091K(175104K)] 462013K->373720K(699392K), 0.0146139 secs] [Times: user=0.15 sys=0.00, real=0.02 secs] 
2016-09-15T12:22:58.826-0400: 205.843: [GC (GCLocker Initiated GC) [PSYoungGen: 143155K->85498K(175104K)] 467985K->410448K(699392K), 0.0330996 secs] [Times: user=0.37 sys=0.00, real=0.04 secs] 
2016-09-15T12:22:58.967-0400: 205.984: [GC (GCLocker Initiated GC) [PSYoungGen: 173562K->79751K(175104K)] 498694K->411069K(699392K), 0.0141921 secs] [Times: user=0.13 sys=0.00, real=0.02 secs] 
2016-09-15T12:22:59.078-0400: 206.095: [GC (GCLocker Initiated GC) [PSYoungGen: 167815K->37162K(175104K)] 499186K->435594K(699392K), 0.0441019 secs] [Times: user=0.45 sys=0.00, real=0.04 secs] 
2016-09-15T12:22:59.233-0400: 206.250: [GC (Allocation Failure) [PSYoungGen: 125226K->61494K(175104K)] 523811K->508791K(699392K), 0.0210786 secs] [Times: user=0.21 sys=0.00, real=0.02 secs] 
2016-09-15T12:22:59.254-0400: 206.271: [Full GC (Ergonomics) [PSYoungGen: 61494K->0K(175104K)] [ParOldGen: 447297K->53567K(524288K)] 508791K->53567K(699392K), [Metaspace: 44517K->44517K(1087488K)], 0.0625616 secs] [Times: user=0.36 sys=0.00, real=0.07 secs] 
2016-09-15T12:22:59.405-0400: 206.422: [GC (GCLocker Initiated GC) [PSYoungGen: 82125K->86046K(175104K)] 141768K->169988K(699392K), 0.0327626 secs] [Times: user=0.37 sys=0.01, real=0.04 secs] 
2016-09-15T12:22:59.552-0400: 206.569: [GC (GCLocker Initiated GC) [PSYoungGen: 174110K->49440K(175104K)] 258240K->188956K(699392K), 0.0119699 secs] [Times: user=0.12 sys=0.00, real=0.01 secs] 
2016-09-15T12:22:59.651-0400: 206.668: [GC (GCLocker Initiated GC) [PSYoungGen: 137504K->85822K(175104K)] 277320K->274545K(699392K), 0.0111566 secs] [Times: user=0.14 sys=0.00, real=0.01 secs] 
2016-09-15T12:22:59.780-0400: 206.797: [GC (GCLocker Initiated GC) [PSYoungGen: 173886K->61590K(175104K)] 362679K->311253K(699392K), 0.0125660 secs] [Times: user=0.18 sys=0.00, real=0.01 secs] 
2016-09-15T12:22:59.894-0400: 206.912: [GC (GCLocker Initiated GC) [PSYoungGen: 149654K->67597K(175104K)] 411822K->372582K(699392K), 0.0125953 secs] [Times: user=0.14 sys=0.00, real=0.01 secs] 
2016-09-15T12:23:00.032-0400: 207.049: [GC (GCLocker Initiated GC) [PSYoungGen: 155661K->73740K(175104K)] 460811K->397234K(699392K), 0.0117726 secs] [Times: user=0.14 sys=0.00, real=0.01 secs] 
2016-09-15T12:23:00.146-0400: 207.163: [GC (Allocation Failure) [PSYoungGen: 161804K->55319K(175104K)] 485990K->379780K(699392K), 0.0108117 secs] [Times: user=0.14 sys=0.00, real=0.02 secs] 
2016-09-15T12:23:00.269-0400: 207.286: [GC (GCLocker Initiated GC) [PSYoungGen: 143102K->73476K(175104K)] 473639K->422381K(699392K), 0.0082305 secs] [Times: user=0.12 sys=0.00, real=0.01 secs] 
2016-09-15T12:23:00.385-0400: 207.402: [GC (GCLocker Initiated GC) [PSYoungGen: 161540K->73836K(175104K)] 510560K->441224K(699392K), 0.0089354 secs] [Times: user=0.11 sys=0.00, real=0.01 secs] 
2016-09-15T12:23:00.509-0400: 207.526: [GC (GCLocker Initiated GC) [PSYoungGen: 161900K->86018K(175104K)] 535556K->484478K(699392K), 0.0094188 secs] [Times: user=0.14 sys=0.00, real=0.01 secs] 
2016-09-15T12:23:00.643-0400: 207.660: [GC (GCLocker Initiated GC) [PSYoungGen: 174082K->79519K(175104K)] 572779K->533167K(699392K), 0.0128330 secs] [Times: user=0.12 sys=0.00, real=0.02 secs] 
2016-09-15T12:23:00.656-0400: 207.673: [Full GC (Ergonomics) [PSYoungGen: 79519K->0K(175104K)] [ParOldGen: 453648K->53221K(524288K)] 533167K->53221K(699392K), [Metaspace: 44517K->44517K(1087488K)], 0.0454155 secs] [Times: user=0.39 sys=0.00, real=0.04 secs] 
2016-09-15T12:23:00.806-0400: 207.823: [GC (GCLocker Initiated GC) [PSYoungGen: 88064K->86766K(175104K)] 147485K->170487K(699392K), 0.0098165 secs] [Times: user=0.14 sys=0.00, real=0.02 secs] 
2016-09-15T12:23:00.939-0400: 207.956: [GC (GCLocker Initiated GC) [PSYoungGen: 174830K->55447K(175104K)] 259130K->195174K(699392K), 0.0097359 secs] [Times: user=0.13 sys=0.00, real=0.01 secs] 
2016-09-15T12:23:01.064-0400: 208.082: [GC (GCLocker Initiated GC) [PSYoungGen: 143511K->73412K(175104K)] 283951K->232393K(699392K), 0.0086615 secs] [Times: user=0.12 sys=0.00, real=0.01 secs] 
2016-09-15T12:23:01.184-0400: 208.201: [GC (GCLocker Initiated GC) [PSYoungGen: 161476K->55351K(175104K)] 320471K->232707K(699392K), 0.0084437 secs] [Times: user=0.11 sys=0.01, real=0.01 secs] 
2016-09-15T12:23:01.305-0400: 208.322: [GC (GCLocker Initiated GC) [PSYoungGen: 143415K->74164K(175104K)] 327022K->258078K(699392K), 0.0076651 secs] [Times: user=0.10 sys=0.00, real=0.01 secs] 
2016-09-15T12:23:01.458-0400: 208.475: [GC (GCLocker Initiated GC) [PSYoungGen: 162228K->37745K(175104K)] 358603K->271034K(699392K), 0.0096050 secs] [Times: user=0.12 sys=0.00, real=0.01 secs] 
2016-09-15T12:23:01.598-0400: 208.615: [GC (GCLocker Initiated GC) [PSYoungGen: 125809K->73576K(175104K)] 359415K->307308K(699392K), 0.0097371 secs] [Times: user=0.12 sys=0.00, real=0.01 secs] 
2016-09-15T12:23:01.718-0400: 208.735: [GC (GCLocker Initiated GC) [PSYoungGen: 161640K->55775K(175104K)] 401488K->313975K(699392K), 0.0084315 secs] [Times: user=0.11 sys=0.00, real=0.00 secs] 
2016-09-15T12:23:01.853-0400: 208.870: [GC (Allocation Failure) [PSYoungGen: 143839K->73704K(175104K)] 414427K->362832K(699392K), 0.0106460 secs] [Times: user=0.15 sys=0.00, real=0.01 secs] 
2016-09-15T12:23:02.009-0400: 209.026: [GC (GCLocker Initiated GC) [PSYoungGen: 161023K->55938K(175104K)] 456226K->369518K(699392K), 0.0097035 secs] [Times: user=0.14 sys=0.00, real=0.01 secs] 
2016-09-15T12:23:02.138-0400: 209.155: [GC (GCLocker Initiated GC) [PSYoungGen: 144002K->73576K(175104K)] 457591K->387472K(699392K), 0.0076269 secs] [Times: user=0.11 sys=0.00, real=0.00 secs] 
2016-09-15T12:23:02.260-0400: 209.278: [GC (GCLocker Initiated GC) [PSYoungGen: 161640K->61134K(175104K)] 476168K->430441K(699392K), 0.0199956 secs] [Times: user=0.21 sys=0.00, real=0.02 secs] 
2016-09-15T12:23:02.400-0400: 209.417: [GC (GCLocker Initiated GC) [PSYoungGen: 149198K->86150K(175104K)] 518548K->498176K(699392K), 0.0103491 secs] [Times: user=0.15 sys=0.00, real=0.01 secs] 
2016-09-15T12:23:02.518-0400: 209.535: [GC (Allocation Failure) [PSYoungGen: 174214K->73772K(175104K)] 592525K->547417K(699392K), 0.0090592 secs] [Times: user=0.14 sys=0.00, real=0.00 secs] 
2016-09-15T12:23:02.527-0400: 209.544: [Full GC (Ergonomics) [PSYoungGen: 73772K->0K(175104K)] [ParOldGen: 473645K->47786K(524288K)] 547417K->47786K(699392K), [Metaspace: 44525K->44525K(1087488K)], 0.0489334 secs] [Times: user=0.47 sys=0.00, real=0.06 secs] 
2016-09-15T12:23:02.663-0400: 209.680: [GC (GCLocker Initiated GC) [PSYoungGen: 88063K->86110K(175104K)] 135855K->176427K(699392K), 0.0131712 secs] [Times: user=0.19 sys=0.00, real=0.02 secs] 
2016-09-15T12:23:02.776-0400: 209.793: [GC (GCLocker Initiated GC) [PSYoungGen: 174174K->73836K(175104K)] 264707K->201578K(699392K), 0.0099873 secs] [Times: user=0.15 sys=0.00, real=0.00 secs] 
2016-09-15T12:23:02.899-0400: 209.916: [GC (GCLocker Initiated GC) [PSYoungGen: 161900K->74064K(175104K)] 296022K->226719K(699392K), 0.0082723 secs] [Times: user=0.12 sys=0.00, real=0.00 secs] 
2016-09-15T12:23:03.038-0400: 210.056: [GC (Allocation Failure) [PSYoungGen: 162125K->55839K(175104K)] 321205K->233319K(699392K), 0.0083946 secs] [Times: user=0.12 sys=0.00, real=0.00 secs] 
2016-09-15T12:23:03.147-0400: 210.164: [GC (GCLocker Initiated GC) [PSYoungGen: 143903K->74000K(175104K)] 321384K->270045K(699392K), 0.0082185 secs] [Times: user=0.12 sys=0.00, real=0.02 secs] 
2016-09-15T12:23:03.261-0400: 210.278: [GC (GCLocker Initiated GC) [PSYoungGen: 162064K->86018K(175104K)] 358341K->343221K(699392K), 0.0102123 secs] [Times: user=0.15 sys=0.01, real=0.01 secs] 
2016-09-15T12:23:03.385-0400: 210.402: [GC (GCLocker Initiated GC) [PSYoungGen: 174082K->73608K(175104K)] 431500K->374022K(699392K), 0.0095475 secs] [Times: user=0.13 sys=0.00, real=0.01 secs] 
2016-09-15T12:23:03.494-0400: 210.511: [GC (GCLocker Initiated GC) [PSYoungGen: 161672K->73508K(175104K)] 462140K->428958K(699392K), 0.0090524 secs] [Times: user=0.13 sys=0.00, real=0.01 secs] 
2016-09-15T12:23:03.640-0400: 210.657: [GC (GCLocker Initiated GC) [PSYoungGen: 161572K->55415K(175104K)] 517030K->429258K(699392K), 0.0127476 secs] [Times: user=0.14 sys=0.01, real=0.01 secs] 
2016-09-15T12:23:03.753-0400: 210.770: [GC (GCLocker Initiated GC) [PSYoungGen: 143479K->85722K(175104K)] 517599K->466388K(699392K), 0.0078721 secs] [Times: user=0.11 sys=0.00, real=0.01 secs] 
2016-09-15T12:23:03.874-0400: 210.892: [GC (GCLocker Initiated GC) [PSYoungGen: 173786K->73608K(175104K)] 560642K->497050K(699392K), 0.0088315 secs] [Times: user=0.13 sys=0.00, real=0.01 secs] 
2016-09-15T12:23:04.005-0400: 211.022: [GC (Allocation Failure) [PSYoungGen: 161672K->73804K(175104K)] 591538K->534361K(699392K), 0.0090724 secs] [Times: user=0.13 sys=0.00, real=0.01 secs] 
2016-09-15T12:23:04.015-0400: 211.032: [Full GC (Ergonomics) [PSYoungGen: 73804K->0K(175104K)] [ParOldGen: 460557K->53522K(524288K)] 534361K->53522K(699392K), [Metaspace: 44525K->44525K(1087488K)], 0.0489723 secs] [Times: user=0.46 sys=0.00, real=0.05 secs] 
2016-09-15T12:23:04.178-0400: 211.195: [GC (GCLocker Initiated GC) [PSYoungGen: 88064K->85758K(175104K)] 141592K->157511K(699392K), 0.0096587 secs] [Times: user=0.11 sys=0.00, real=0.01 secs] 
2016-09-15T12:23:04.313-0400: 211.330: [GC (Allocation Failure) [PSYoungGen: 173822K->24944K(175104K)] 257964K->151847K(699392K), 0.0128234 secs] [Times: user=0.11 sys=0.00, real=0.01 secs] 
2016-09-15T12:23:04.442-0400: 211.460: [GC (GCLocker Initiated GC) [PSYoungGen: 107769K->37062K(175104K)] 240747K->170323K(699392K), 0.0125321 secs] [Times: user=0.13 sys=0.01, real=0.01 secs] 
2016-09-15T12:23:04.547-0400: 211.564: [GC (GCLocker Initiated GC) [PSYoungGen: 125126K->85954K(175104K)] 258552K->250063K(699392K), 0.0227642 secs] [Times: user=0.28 sys=0.00, real=0.03 secs] 
2016-09-15T12:23:04.670-0400: 211.688: [GC (GCLocker Initiated GC) [PSYoungGen: 174018K->73804K(175104K)] 338208K->280959K(699392K), 0.0207262 secs] [Times: user=0.23 sys=0.00, real=0.02 secs] 
2016-09-15T12:23:04.807-0400: 211.825: [GC (GCLocker Initiated GC) [PSYoungGen: 161868K->55579K(175104K)] 375273K->330198K(699392K), 0.0097720 secs] [Times: user=0.12 sys=0.00, real=0.02 secs] 
2016-09-15T12:23:04.935-0400: 211.952: [GC (GCLocker Initiated GC) [PSYoungGen: 143643K->73704K(175104K)] 430684K->379129K(699392K), 0.0136898 secs] [Times: user=0.14 sys=0.01, real=0.02 secs] 
2016-09-15T12:23:05.078-0400: 212.095: [GC (GCLocker Initiated GC) [PSYoungGen: 161768K->55647K(175104K)] 473326K->367340K(699392K), 0.0099573 secs] [Times: user=0.13 sys=0.00, real=0.01 secs] 
2016-09-15T12:23:05.204-0400: 212.221: [GC (GCLocker Initiated GC) [PSYoungGen: 143711K->85694K(175104K)] 455435K->403777K(699392K), 0.0088607 secs] [Times: user=0.09 sys=0.00, real=0.01 secs] 
2016-09-15T12:23:05.346-0400: 212.363: [GC (GCLocker Initiated GC) [PSYoungGen: 173758K->67893K(175104K)] 491859K->422596K(699392K), 0.0110822 secs] [Times: user=0.14 sys=0.00, real=0.02 secs] 
2016-09-15T12:23:05.463-0400: 212.480: [GC (Allocation Failure) [PSYoungGen: 155957K->85790K(175104K)] 510993K->483659K(699392K), 0.0123905 secs] [Times: user=0.15 sys=0.01, real=0.01 secs] 
2016-09-15T12:23:05.591-0400: 212.609: [GC (GCLocker Initiated GC) [PSYoungGen: 173854K->61330K(175104K)] 571728K->501833K(699392K), 0.0118643 secs] [Times: user=0.13 sys=0.01, real=0.01 secs] 
2016-09-15T12:23:05.706-0400: 212.723: [GC (Allocation Failure) [PSYoungGen: 149394K->55711K(175104K)] 596321K->520951K(699392K), 0.0156172 secs] [Times: user=0.17 sys=0.00, real=0.02 secs] 
2016-09-15T12:23:05.722-0400: 212.739: [Full GC (Ergonomics) [PSYoungGen: 55711K->0K(175104K)] [ParOldGen: 465240K->54209K(524288K)] 520951K->54209K(699392K), [Metaspace: 44525K->44525K(1087488K)], 0.0596563 secs] [Times: user=0.44 sys=0.01, real=0.06 secs] 
2016-09-15T12:23:05.884-0400: 212.901: [GC (GCLocker Initiated GC) [PSYoungGen: 88064K->86242K(175104K)] 142279K->146532K(699392K), 0.0105225 secs] [Times: user=0.11 sys=0.00, real=0.01 secs] 
2016-09-15T12:23:06.004-0400: 213.021: [GC (GCLocker Initiated GC) [PSYoungGen: 174306K->67565K(175104K)] 240835K->177167K(699392K), 0.0123920 secs] [Times: user=0.13 sys=0.00, real=0.02 secs] 
2016-09-15T12:23:06.114-0400: 213.131: [GC (GCLocker Initiated GC) [PSYoungGen: 155629K->79783K(175104K)] 265368K->189789K(699392K), 0.0157674 secs] [Times: user=0.20 sys=0.00, real=0.02 secs] 
2016-09-15T12:23:06.256-0400: 213.274: [GC (GCLocker Initiated GC) [PSYoungGen: 167847K->49340K(175104K)] 277957K->214612K(699392K), 0.0096200 secs] [Times: user=0.13 sys=0.00, real=0.00 secs] 
2016-09-15T12:23:06.366-0400: 213.383: [GC (GCLocker Initiated GC) [PSYoungGen: 137404K->79715K(175104K)] 302718K->263554K(699392K), 0.0077127 secs] [Times: user=0.11 sys=0.00, real=0.01 secs] 
2016-09-15T12:23:06.513-0400: 213.530: [GC (GCLocker Initiated GC) [PSYoungGen: 167779K->61622K(175104K)] 351666K->294416K(699392K), 0.0098836 secs] [Times: user=0.11 sys=0.00, real=0.01 secs] 
2016-09-15T12:23:06.647-0400: 213.664: [GC (GCLocker Initiated GC) [PSYoungGen: 149686K->55123K(175104K)] 382545K->312706K(699392K), 0.0167313 secs] [Times: user=0.13 sys=0.00, real=0.02 secs] 
2016-09-15T12:23:06.768-0400: 213.785: [GC (GCLocker Initiated GC) [PSYoungGen: 143187K->55447K(175104K)] 407015K->374110K(699392K), 0.0087771 secs] [Times: user=0.13 sys=0.00, real=0.01 secs] 
2016-09-15T12:23:06.902-0400: 213.919: [GC (GCLocker Initiated GC) [PSYoungGen: 143511K->56038K(175104K)] 474518K->405398K(699392K), 0.0123240 secs] [Times: user=0.18 sys=0.00, real=0.01 secs] 
2016-09-15T12:23:07.021-0400: 214.038: [GC (GCLocker Initiated GC) [PSYoungGen: 144102K->73968K(175104K)] 499639K->466606K(699392K), 0.0096304 secs] [Times: user=0.14 sys=0.00, real=0.01 secs] 
2016-09-15T12:23:07.147-0400: 214.164: [GC (GCLocker Initiated GC) [PSYoungGen: 162032K->85922K(175104K)] 554993K->479026K(699392K), 0.0100150 secs] [Times: user=0.10 sys=0.00, real=0.02 secs] 
2016-09-15T12:23:07.272-0400: 214.289: [GC (GCLocker Initiated GC) [PSYoungGen: 173986K->85822K(175104K)] 567295K->546256K(699392K), 0.0136163 secs] [Times: user=0.20 sys=0.02, real=0.01 secs] 
2016-09-15T12:23:07.285-0400: 214.302: [Full GC (Ergonomics) [PSYoungGen: 85822K->0K(175104K)] [ParOldGen: 460434K->53901K(524288K)] 546256K->53901K(699392K), [Metaspace: 44525K->44525K(1087488K)], 0.0569546 secs] [Times: user=0.42 sys=0.00, real=0.06 secs] 
2016-09-15T12:23:07.440-0400: 214.457: [GC (GCLocker Initiated GC) [PSYoungGen: 88064K->86210K(175104K)] 148121K->164492K(699392K), 0.0103993 secs] [Times: user=0.13 sys=0.00, real=0.01 secs] 
2016-09-15T12:23:07.558-0400: 214.575: [GC (GCLocker Initiated GC) [PSYoungGen: 174274K->85822K(175104K)] 252604K->262120K(699392K), 0.0113926 secs] [Times: user=0.17 sys=0.01, real=0.01 secs] 
2016-09-15T12:23:07.684-0400: 214.701: [GC (GCLocker Initiated GC) [PSYoungGen: 173886K->79715K(175104K)] 350282K->341476K(699392K), 0.0125282 secs] [Times: user=0.17 sys=0.01, real=0.02 secs] 
2016-09-15T12:23:07.812-0400: 214.829: [GC (GCLocker Initiated GC) [PSYoungGen: 167779K->86022K(175104K)] 429856K->366616K(699392K), 0.0130807 secs] [Times: user=0.16 sys=0.00, real=0.01 secs] 
2016-09-15T12:23:07.937-0400: 214.954: [GC (GCLocker Initiated GC) [PSYoungGen: 174086K->61558K(175104K)] 455041K->361161K(699392K), 0.0103101 secs] [Times: user=0.07 sys=0.01, real=0.01 secs] 
2016-09-15T12:23:08.063-0400: 215.080: [GC (GCLocker Initiated GC) [PSYoungGen: 149622K->85758K(175104K)] 449547K->416373K(699392K), 0.0176054 secs] [Times: user=0.24 sys=0.01, real=0.02 secs] 
2016-09-15T12:23:08.208-0400: 215.225: [GC (Allocation Failure) [PSYoungGen: 173822K->37194K(175104K)] 510851K->392559K(699392K), 0.0072877 secs] [Times: user=0.10 sys=0.00, real=0.01 secs] 
2016-09-15T12:23:08.312-0400: 215.329: [GC (GCLocker Initiated GC) [PSYoungGen: 119592K->73608K(175104K)] 481033K->435364K(699392K), 0.0085887 secs] [Times: user=0.12 sys=0.00, real=0.01 secs] 
2016-09-15T12:23:08.451-0400: 215.468: [GC (GCLocker Initiated GC) [PSYoungGen: 161672K->55579K(175104K)] 535798K->448222K(699392K), 0.0083444 secs] [Times: user=0.10 sys=0.00, real=0.01 secs] 
2016-09-15T12:23:08.570-0400: 215.587: [GC (Allocation Failure) [PSYoungGen: 143643K->55351K(175104K)] 542453K->454436K(699392K), 0.0101482 secs] [Times: user=0.08 sys=0.00, real=0.01 secs] 
2016-09-15T12:23:08.684-0400: 215.701: [GC (GCLocker Initiated GC) [PSYoungGen: 140981K->55515K(175104K)] 546142K->478996K(699392K), 0.0132092 secs] [Times: user=0.15 sys=0.01, real=0.02 secs] 
2016-09-15T12:23:08.821-0400: 215.838: [GC (GCLocker Initiated GC) [PSYoungGen: 143579K->55415K(175104K)] 579301K->491593K(699392K), 0.0064594 secs] [Times: user=0.07 sys=0.00, real=0.01 secs] 
2016-09-15T12:23:08.954-0400: 215.971: [Full GC (Ergonomics) [PSYoungGen: 143477K->0K(175104K)] [ParOldGen: 442602K->53922K(524288K)] 586080K->53922K(699392K), [Metaspace: 44525K->44525K(1087488K)], 0.0581093 secs] [Times: user=0.38 sys=0.01, real=0.06 secs] 
2016-09-15T12:23:09.119-0400: 216.136: [GC (Allocation Failure) [PSYoungGen: 86514K->55711K(175104K)] 140437K->109633K(699392K), 0.0097316 secs] [Times: user=0.14 sys=0.01, real=0.01 secs] 
2016-09-15T12:23:09.230-0400: 216.247: [GC (GCLocker Initiated GC) [PSYoungGen: 143775K->85822K(175104K)] 197698K->164525K(699392K), 0.0099719 secs] [Times: user=0.14 sys=0.00, real=0.01 secs] 
2016-09-15T12:23:09.339-0400: 216.356: [GC (GCLocker Initiated GC) [PSYoungGen: 173886K->49308K(175104K)] 252664K->170887K(699392K), 0.0081234 secs] [Times: user=0.09 sys=0.00, real=0.00 secs] 
2016-09-15T12:23:09.469-0400: 216.486: [GC (GCLocker Initiated GC) [PSYoungGen: 137372K->73968K(175104K)] 259115K->220147K(699392K), 0.0134229 secs] [Times: user=0.15 sys=0.00, real=0.01 secs] 
2016-09-15T12:23:09.625-0400: 216.643: [GC (GCLocker Initiated GC) [PSYoungGen: 162032K->73252K(175104K)] 308242K->219729K(699392K), 0.0097275 secs] [Times: user=0.08 sys=0.00, real=0.01 secs] 
2016-09-15T12:23:09.726-0400: 216.743: [GC (GCLocker Initiated GC) [PSYoungGen: 161316K->85854K(175104K)] 308071K->287459K(699392K), 0.0125614 secs] [Times: user=0.15 sys=0.00, real=0.02 secs] 
2016-09-15T12:23:09.855-0400: 216.872: [GC (Allocation Failure) [PSYoungGen: 173918K->61882K(175104K)] 381892K->342892K(699392K), 0.0087748 secs] [Times: user=0.12 sys=0.01, real=0.01 secs] 
2016-09-15T12:23:09.956-0400: 216.973: [GC (GCLocker Initiated GC) [PSYoungGen: 149946K->67337K(175104K)] 430961K->403483K(699392K), 0.0144878 secs] [Times: user=0.14 sys=0.00, real=0.01 secs] 
2016-09-15T12:23:10.081-0400: 217.098: [GC (GCLocker Initiated GC) [PSYoungGen: 155401K->55810K(175104K)] 503963K->404484K(699392K), 0.0089489 secs] [Times: user=0.09 sys=0.01, real=0.01 secs] 
2016-09-15T12:23:10.210-0400: 217.227: [GC (GCLocker Initiated GC) [PSYoungGen: 143874K->74032K(175104K)] 492776K->423740K(699392K), 0.0096169 secs] [Times: user=0.14 sys=0.00, real=0.01 secs] 
2016-09-15T12:23:10.335-0400: 217.352: [GC (GCLocker Initiated GC) [PSYoungGen: 162096K->73872K(175104K)] 518229K->430132K(699392K), 0.0145675 secs] [Times: user=0.17 sys=0.00, real=0.02 secs] 
2016-09-15T12:23:10.470-0400: 217.488: [GC (GCLocker Initiated GC) [PSYoungGen: 161936K->61426K(175104K)] 518339K->448487K(699392K), 0.0202882 secs] [Times: user=0.24 sys=0.00, real=0.02 secs] 
2016-09-15T12:23:10.607-0400: 217.624: [GC (GCLocker Initiated GC) [PSYoungGen: 149490K->61686K(175104K)] 548889K->497670K(699392K), 0.0114997 secs] [Times: user=0.08 sys=0.00, real=0.02 secs] 
2016-09-15T12:23:10.743-0400: 217.760: [Full GC (Ergonomics) [PSYoungGen: 149750K->0K(175104K)] [ParOldGen: 454520K->47862K(524288K)] 604270K->47862K(699392K), [Metaspace: 44525K->44525K(1087488K)], 0.0578945 secs] [Times: user=0.45 sys=0.01, real=0.06 secs] 
2016-09-15T12:23:10.928-0400: 217.945: [GC (GCLocker Initiated GC) [PSYoungGen: 88064K->73772K(175104K)] 136063K->121771K(699392K), 0.0097360 secs] [Times: user=0.12 sys=0.00, real=0.01 secs] 
2016-09-15T12:23:11.066-0400: 218.083: [GC (GCLocker Initiated GC) [PSYoungGen: 161836K->55611K(175104K)] 216250K->146930K(699392K), 0.0220694 secs] [Times: user=0.33 sys=0.00, real=0.03 secs] 
2016-09-15T12:23:11.208-0400: 218.226: [GC (GCLocker Initiated GC) [PSYoungGen: 143675K->55223K(175104K)] 235233K->147056K(699392K), 0.0076859 secs] [Times: user=0.05 sys=0.00, real=0.01 secs] 
2016-09-15T12:23:11.317-0400: 218.334: [GC (Allocation Failure) [PSYoungGen: 143287K->43201K(175104K)] 235408K->190085K(699392K), 0.0129841 secs] [Times: user=0.12 sys=0.00, real=0.01 secs] 
2016-09-15T12:23:11.444-0400: 218.461: [GC (GCLocker Initiated GC) [PSYoungGen: 125657K->67665K(175104K)] 278617K->263441K(699392K), 0.0116059 secs] [Times: user=0.15 sys=0.00, real=0.01 secs] 
2016-09-15T12:23:11.564-0400: 218.581: [GC (GCLocker Initiated GC) [PSYoungGen: 155724K->55383K(175104K)] 351862K->270232K(699392K), 0.0075978 secs] [Times: user=0.11 sys=0.01, real=0.01 secs] 
2016-09-15T12:23:11.687-0400: 218.704: [GC (GCLocker Initiated GC) [PSYoungGen: 143447K->85986K(175104K)] 358461K->307203K(699392K), 0.0121543 secs] [Times: user=0.14 sys=0.01, real=0.02 secs] 
2016-09-15T12:23:11.835-0400: 218.852: [GC (GCLocker Initiated GC) [PSYoungGen: 174050K->37130K(175104K)] 401630K->301559K(699392K), 0.0261523 secs] [Times: user=0.24 sys=0.00, real=0.03 secs] 
2016-09-15T12:23:11.972-0400: 218.989: [GC (GCLocker Initiated GC) [PSYoungGen: 125194K->67437K(175104K)] 396042K->338552K(699392K), 0.0139017 secs] [Times: user=0.09 sys=0.00, real=0.01 secs] 
2016-09-15T12:23:12.102-0400: 219.119: [GC (GCLocker Initiated GC) [PSYoungGen: 155501K->37222K(175104K)] 439125K->357423K(699392K), 0.0220347 secs] [Times: user=0.32 sys=0.01, real=0.02 secs] 
2016-09-15T12:23:12.250-0400: 219.267: [GC (GCLocker Initiated GC) [PSYoungGen: 125286K->55287K(175104K)] 457651K->405996K(699392K), 0.0098563 secs] [Times: user=0.09 sys=0.00, real=0.01 secs] 
2016-09-15T12:23:12.380-0400: 219.397: [GC (GCLocker Initiated GC) [PSYoungGen: 143351K->55647K(175104K)] 500182K->436905K(699392K), 0.0097037 secs] [Times: user=0.09 sys=0.00, real=0.01 secs] 
2016-09-15T12:23:12.505-0400: 219.522: [GC (GCLocker Initiated GC) [PSYoungGen: 143711K->55319K(175104K)] 531242K->461531K(699392K), 0.0166302 secs] [Times: user=0.20 sys=0.00, real=0.02 secs] 
2016-09-15T12:23:12.645-0400: 219.662: [GC (GCLocker Initiated GC) [PSYoungGen: 143383K->73740K(175104K)] 555920K->486388K(699392K), 0.0109363 secs] [Times: user=0.12 sys=0.00, real=0.02 secs] 
2016-09-15T12:23:12.806-0400: 219.823: [GC (GCLocker Initiated GC) [PSYoungGen: 161804K->36998K(175104K)] 592949K->486799K(699392K), 0.0161822 secs] [Times: user=0.17 sys=0.00, real=0.02 secs] 
2016-09-15T12:23:12.961-0400: 219.978: [Full GC (Ergonomics) [PSYoungGen: 125062K->0K(175104K)] [ParOldGen: 468364K->54015K(524288K)] 593427K->54015K(699392K), [Metaspace: 44526K->44526K(1087488K)], 0.0588117 secs] [Times: user=0.39 sys=0.00, real=0.06 secs] 
2016-09-15T12:23:13.125-0400: 220.142: [GC (GCLocker Initiated GC) [PSYoungGen: 88064K->74092K(175104K)] 142132K->128161K(699392K), 0.0085418 secs] [Times: user=0.12 sys=0.00, real=0.01 secs] 
2016-09-15T12:23:13.250-0400: 220.267: [GC (GCLocker Initiated GC) [PSYoungGen: 162156K->86086K(175104K)] 216395K->165180K(699392K), 0.0097632 secs] [Times: user=0.13 sys=0.00, real=0.01 secs] 
2016-09-15T12:23:13.394-0400: 220.411: [GC (GCLocker Initiated GC) [PSYoungGen: 174150K->37585K(175104K)] 259602K->141710K(699392K), 0.0065376 secs] [Times: user=0.08 sys=0.00, real=0.01 secs] 
2016-09-15T12:23:13.503-0400: 220.520: [GC (GCLocker Initiated GC) [PSYoungGen: 125649K->55319K(175104K)] 229793K->159754K(699392K), 0.0075827 secs] [Times: user=0.08 sys=0.00, real=0.01 secs] 
2016-09-15T12:23:13.651-0400: 220.668: [GC (GCLocker Initiated GC) [PSYoungGen: 143383K->55679K(175104K)] 260205K->191025K(699392K), 0.0073780 secs] [Times: user=0.08 sys=0.01, real=0.01 secs] 
2016-09-15T12:23:13.772-0400: 220.789: [GC (Allocation Failure) [PSYoungGen: 143743K->67433K(175104K)] 279568K->240000K(699392K), 0.0114043 secs] [Times: user=0.17 sys=0.00, real=0.01 secs] 
2016-09-15T12:23:13.886-0400: 220.903: [GC (GCLocker Initiated GC) [PSYoungGen: 149629K->55547K(175104K)] 328271K->301165K(699392K), 0.0104675 secs] [Times: user=0.14 sys=0.00, real=0.02 secs] 
2016-09-15T12:23:14.015-0400: 221.032: [GC (GCLocker Initiated GC) [PSYoungGen: 143611K->85886K(175104K)] 389585K->338399K(699392K), 0.0089668 secs] [Times: user=0.12 sys=0.00, real=0.01 secs] 
2016-09-15T12:23:14.155-0400: 221.172: [GC (GCLocker Initiated GC) [PSYoungGen: 173950K->37713K(175104K)] 438952K->321084K(699392K), 0.0078959 secs] [Times: user=0.11 sys=0.00, real=0.01 secs] 
2016-09-15T12:23:14.265-0400: 221.282: [GC (GCLocker Initiated GC) [PSYoungGen: 125777K->79555K(175104K)] 409190K->381459K(699392K), 0.0162235 secs] [Times: user=0.17 sys=0.00, real=0.02 secs] 
2016-09-15T12:23:14.398-0400: 221.415: [GC (GCLocker Initiated GC) [PSYoungGen: 167619K->55387K(175104K)] 469683K->387922K(699392K), 0.0192570 secs] [Times: user=0.20 sys=0.00, real=0.02 secs] 
2016-09-15T12:23:14.505-0400: 221.522: [GC (GCLocker Initiated GC) [PSYoungGen: 143451K->79519K(175104K)] 476223K->443130K(699392K), 0.0108637 secs] [Times: user=0.12 sys=0.00, real=0.02 secs] 
2016-09-15T12:23:14.624-0400: 221.641: [GC (GCLocker Initiated GC) [PSYoungGen: 167583K->79619K(175104K)] 531404K->449610K(699392K), 0.0095592 secs] [Times: user=0.08 sys=0.00, real=0.01 secs] 
2016-09-15T12:23:14.742-0400: 221.759: [GC (GCLocker Initiated GC) [PSYoungGen: 167683K->85726K(175104K)] 537862K->510864K(699392K), 0.0189708 secs] [Times: user=0.26 sys=0.00, real=0.02 secs] 
2016-09-15T12:23:14.863-0400: 221.880: [GC (GCLocker Initiated GC) [PSYoungGen: 173790K->86018K(175104K)] 598983K->560111K(699392K), 0.0086541 secs] [Times: user=0.12 sys=0.01, real=0.01 secs] 
2016-09-15T12:23:14.872-0400: 221.889: [Full GC (Ergonomics) [PSYoungGen: 86018K->0K(175104K)] [ParOldGen: 474092K->54406K(524288K)] 560111K->54406K(699392K), [Metaspace: 44526K->44526K(1087488K)], 0.0661735 secs] [Times: user=0.59 sys=0.00, real=0.07 secs] 
2016-09-15T12:23:15.045-0400: 222.062: [GC (GCLocker Initiated GC) [PSYoungGen: 88064K->86078K(175104K)] 142590K->164905K(699392K), 0.0090334 secs] [Times: user=0.12 sys=0.00, real=0.01 secs] 
2016-09-15T12:23:15.168-0400: 222.185: [GC (GCLocker Initiated GC) [PSYoungGen: 174142K->73672K(175104K)] 253112K->226129K(699392K), 0.0097586 secs] [Times: user=0.14 sys=0.00, real=0.01 secs] 
2016-09-15T12:23:15.283-0400: 222.300: [GC (GCLocker Initiated GC) [PSYoungGen: 161736K->73868K(175104K)] 314236K->263142K(699392K), 0.0093152 secs] [Times: user=0.12 sys=0.01, real=0.01 secs] 
2016-09-15T12:23:15.431-0400: 222.448: [GC (GCLocker Initiated GC) [PSYoungGen: 161932K->73804K(175104K)] 363694K->276022K(699392K), 0.0097560 secs] [Times: user=0.10 sys=0.00, real=0.01 secs] 
2016-09-15T12:23:15.573-0400: 222.590: [GC (GCLocker Initiated GC) [PSYoungGen: 161868K->61554K(175104K)] 376368K->312803K(699392K), 0.0088052 secs] [Times: user=0.12 sys=0.00, real=0.01 secs] 
2016-09-15T12:23:15.698-0400: 222.715: [GC (Allocation Failure) [PSYoungGen: 149618K->67565K(175104K)] 407169K->367800K(699392K), 0.0103628 secs] [Times: user=0.12 sys=0.00, real=0.01 secs] 
2016-09-15T12:23:15.805-0400: 222.822: [GC (GCLocker Initiated GC) [PSYoungGen: 155629K->49344K(175104K)] 455870K->374145K(699392K), 0.0177809 secs] [Times: user=0.18 sys=0.00, real=0.02 secs] 
2016-09-15T12:23:15.936-0400: 222.953: [GC (GCLocker Initiated GC) [PSYoungGen: 137408K->86118K(175104K)] 462575K->436041K(699392K), 0.0097257 secs] [Times: user=0.12 sys=0.00, real=0.01 secs] 
2016-09-15T12:23:16.064-0400: 223.081: [GC (GCLocker Initiated GC) [PSYoungGen: 174182K->55479K(175104K)] 530318K->466582K(699392K), 0.0093955 secs] [Times: user=0.10 sys=0.00, real=0.01 secs] 
2016-09-15T12:23:16.212-0400: 223.229: [GC (GCLocker Initiated GC) [PSYoungGen: 143543K->55515K(175104K)] 566973K->515538K(699392K), 0.0126754 secs] [Times: user=0.12 sys=0.00, real=0.01 secs] 
2016-09-15T12:23:16.225-0400: 223.242: [Full GC (Ergonomics) [PSYoungGen: 55515K->0K(175104K)] [ParOldGen: 460023K->54406K(524288K)] 515538K->54406K(699392K), [Metaspace: 44530K->44530K(1087488K)], 0.0643362 secs] [Times: user=0.43 sys=0.02, real=0.07 secs] 
2016-09-15T12:23:16.436-0400: 223.453: [GC (Allocation Failure) [PSYoungGen: 88064K->86342K(175104K)] 161033K->165386K(699392K), 0.0128772 secs] [Times: user=0.14 sys=0.00, real=0.01 secs] 
2016-09-15T12:23:16.449-0400: 223.467: [GC (GCLocker Initiated GC) [PSYoungGen: 86771K->192K(175104K)] 165816K->171503K(699392K), 0.0083594 secs] [Times: user=0.09 sys=0.00, real=0.01 secs] 
2016-09-15T12:23:16.586-0400: 223.603: [GC (GCLocker Initiated GC) [PSYoungGen: 88256K->48920K(175104K)] 259573K->220253K(699392K), 0.0352901 secs] [Times: user=0.37 sys=0.00, real=0.04 secs] 
2016-09-15T12:23:16.723-0400: 223.740: [GC (GCLocker Initiated GC) [PSYoungGen: 136984K->49571K(175104K)] 314674K->318531K(699392K), 0.0143534 secs] [Times: user=0.15 sys=0.01, real=0.02 secs] 
2016-09-15T12:23:16.860-0400: 223.877: [GC (GCLocker Initiated GC) [PSYoungGen: 137635K->55319K(175104K)] 418905K->337036K(699392K), 0.0154560 secs] [Times: user=0.16 sys=0.00, real=0.01 secs] 
2016-09-15T12:23:17.008-0400: 224.025: [GC (GCLocker Initiated GC) [PSYoungGen: 143383K->55615K(175104K)] 431406K->392522K(699392K), 0.0116888 secs] [Times: user=0.12 sys=0.00, real=0.01 secs] 
2016-09-15T12:23:17.144-0400: 224.161: [GC (GCLocker Initiated GC) [PSYoungGen: 143679K->67405K(175104K)] 486698K->416782K(699392K), 0.0100185 secs] [Times: user=0.09 sys=0.00, real=0.01 secs] 
2016-09-15T12:23:17.283-0400: 224.300: [GC (GCLocker Initiated GC) [PSYoungGen: 155469K->73740K(175104K)] 511546K->472634K(699392K), 0.0201960 secs] [Times: user=0.21 sys=0.00, real=0.02 secs] 
2016-09-15T12:23:17.403-0400: 224.420: [GC (GCLocker Initiated GC) [PSYoungGen: 161804K->36966K(175104K)] 566826K->454398K(699392K), 0.0097908 secs] [Times: user=0.09 sys=0.00, real=0.01 secs] 
2016-09-15T12:23:17.505-0400: 224.523: [GC (GCLocker Initiated GC) [PSYoungGen: 125030K->85922K(175104K)] 542811K->540469K(699392K), 0.0128260 secs] [Times: user=0.15 sys=0.00, real=0.02 secs] 
2016-09-15T12:23:17.518-0400: 224.536: [Full GC (Ergonomics) [PSYoungGen: 85922K->0K(175104K)] [ParOldGen: 454547K->54741K(524288K)] 540469K->54741K(699392K), [Metaspace: 44530K->44530K(1087488K)], 0.0590624 secs] [Times: user=0.41 sys=0.00, real=0.06 secs] 
2016-09-15T12:23:17.668-0400: 224.685: [GC (GCLocker Initiated GC) [PSYoungGen: 88064K->85690K(175104K)] 142886K->146587K(699392K), 0.0085306 secs] [Times: user=0.12 sys=0.00, real=0.01 secs] 
2016-09-15T12:23:17.792-0400: 224.809: [GC (GCLocker Initiated GC) [PSYoungGen: 173754K->55906K(175104K)] 246994K->165764K(699392K), 0.0083588 secs] [Times: user=0.12 sys=0.00, real=0.01 secs] 
2016-09-15T12:23:17.913-0400: 224.931: [GC (GCLocker Initiated GC) [PSYoungGen: 143970K->55415K(175104K)] 266026K->214899K(699392K), 0.0081899 secs] [Times: user=0.12 sys=0.00, real=0.01 secs] 
2016-09-15T12:23:18.082-0400: 225.099: [GC (GCLocker Initiated GC) [PSYoungGen: 143479K->73544K(175104K)] 303302K->251703K(699392K), 0.0157503 secs] [Times: user=0.18 sys=0.00, real=0.02 secs] 
2016-09-15T12:23:18.216-0400: 225.233: [GC (GCLocker Initiated GC) [PSYoungGen: 161608K->85854K(175104K)] 346091K->288730K(699392K), 0.0092412 secs] [Times: user=0.12 sys=0.00, real=0.00 secs] 
2016-09-15T12:23:18.354-0400: 225.372: [GC (GCLocker Initiated GC) [PSYoungGen: 173918K->55839K(175104K)] 383017K->319765K(699392K), 0.0100978 secs] [Times: user=0.12 sys=0.00, real=0.01 secs] 
2016-09-15T12:23:18.466-0400: 225.483: [GC (Allocation Failure) [PSYoungGen: 143903K->79847K(175104K)] 408055K->362508K(699392K), 0.0269986 secs] [Times: user=0.34 sys=0.00, real=0.03 secs] 
2016-09-15T12:23:18.613-0400: 225.630: [GC (GCLocker Initiated GC) [PSYoungGen: 166433K->55415K(175104K)] 455169K->387164K(699392K), 0.0084905 secs] [Times: user=0.12 sys=0.00, real=0.01 secs] 
2016-09-15T12:23:18.756-0400: 225.774: [GC (GCLocker Initiated GC) [PSYoungGen: 143479K->37453K(175104K)] 487458K->381725K(699392K), 0.0065705 secs] [Times: user=0.09 sys=0.00, real=0.00 secs] 
2016-09-15T12:23:18.884-0400: 225.901: [GC (GCLocker Initiated GC) [PSYoungGen: 125517K->61426K(175104K)] 470138K->424579K(699392K), 0.0082501 secs] [Times: user=0.08 sys=0.01, real=0.01 secs] 
2016-09-15T12:23:19.018-0400: 226.035: [GC (GCLocker Initiated GC) [PSYoungGen: 149490K->55355K(175104K)] 518882K->424843K(699392K), 0.0130863 secs] [Times: user=0.10 sys=0.00, real=0.01 secs] 
2016-09-15T12:23:19.167-0400: 226.184: [GC (GCLocker Initiated GC) [PSYoungGen: 143419K->61166K(175104K)] 512943K->449395K(699392K), 0.0098398 secs] [Times: user=0.10 sys=0.00, real=0.02 secs] 
2016-09-15T12:23:19.300-0400: 226.317: [GC (Allocation Failure) [PSYoungGen: 149230K->61490K(175104K)] 537814K->510976K(699392K), 0.0127176 secs] [Times: user=0.13 sys=0.00, real=0.01 secs] 
2016-09-15T12:23:19.313-0400: 226.330: [Full GC (Ergonomics) [PSYoungGen: 61490K->0K(175104K)] [ParOldGen: 449485K->53221K(524288K)] 510976K->53221K(699392K), [Metaspace: 44537K->44537K(1087488K)], 0.0744563 secs] [Times: user=0.62 sys=0.01, real=0.07 secs] 
2016-09-15T12:23:19.491-0400: 226.508: [GC (GCLocker Initiated GC) [PSYoungGen: 88064K->85986K(175104K)] 141285K->157432K(699392K), 0.0096142 secs] [Times: user=0.12 sys=0.01, real=0.01 secs] 
2016-09-15T12:23:19.618-0400: 226.635: [GC (GCLocker Initiated GC) [PSYoungGen: 174050K->43820K(175104K)] 245801K->194886K(699392K), 0.0092486 secs] [Times: user=0.13 sys=0.00, real=0.00 secs] 
2016-09-15T12:23:19.721-0400: 226.738: [GC (Allocation Failure) [PSYoungGen: 131884K->74196K(175104K)] 283306K->250584K(699392K), 0.0103980 secs] [Times: user=0.14 sys=0.00, real=0.01 secs] 
2016-09-15T12:23:19.845-0400: 226.862: [GC (GCLocker Initiated GC) [PSYoungGen: 159337K->85986K(175104K)] 341800K->311446K(699392K), 0.0148727 secs] [Times: user=0.19 sys=0.00, real=0.02 secs] 
2016-09-15T12:23:19.976-0400: 226.994: [GC (GCLocker Initiated GC) [PSYoungGen: 174050K->42973K(175104K)] 405622K->335587K(699392K), 0.0148543 secs] [Times: user=0.18 sys=0.00, real=0.01 secs] 
2016-09-15T12:23:20.078-0400: 227.095: [GC (GCLocker Initiated GC) [PSYoungGen: 131037K->85986K(175104K)] 423973K->439839K(699392K), 0.0112338 secs] [Times: user=0.17 sys=0.00, real=0.01 secs] 
2016-09-15T12:23:20.205-0400: 227.222: [GC (GCLocker Initiated GC) [PSYoungGen: 174050K->61622K(175104K)] 528018K->476811K(699392K), 0.0100944 secs] [Times: user=0.14 sys=0.00, real=0.01 secs] 
2016-09-15T12:23:20.315-0400: 227.332: [GC (GCLocker Initiated GC) [PSYoungGen: 149686K->73608K(175104K)] 571207K->556202K(699392K), 0.0102959 secs] [Times: user=0.14 sys=0.01, real=0.01 secs] 
2016-09-15T12:23:20.325-0400: 227.343: [Full GC (Ergonomics) [PSYoungGen: 73608K->0K(175104K)] [ParOldGen: 482594K->59409K(524288K)] 556202K->59409K(699392K), [Metaspace: 44537K->44537K(1087488K)], 0.0516530 secs] [Times: user=0.43 sys=0.00, real=0.06 secs] 
2016-09-15T12:23:20.477-0400: 227.494: [GC (GCLocker Initiated GC) [PSYoungGen: 88064K->86242K(175104K)] 147761K->152014K(699392K), 0.0079329 secs] [Times: user=0.11 sys=0.00, real=0.00 secs] 
2016-09-15T12:23:20.610-0400: 227.627: [GC (GCLocker Initiated GC) [PSYoungGen: 174306K->85758K(175104K)] 240238K->170790K(699392K), 0.0074719 secs] [Times: user=0.11 sys=0.00, real=0.01 secs] 
2016-09-15T12:23:20.722-0400: 227.740: [GC (GCLocker Initiated GC) [PSYoungGen: 173822K->67565K(175104K)] 259050K->189550K(699392K), 0.0099179 secs] [Times: user=0.14 sys=0.00, real=0.01 secs] 
2016-09-15T12:23:20.863-0400: 227.880: [GC (GCLocker Initiated GC) [PSYoungGen: 155629K->67273K(175104K)] 283731K->238175K(699392K), 0.0113640 secs] [Times: user=0.10 sys=0.00, real=0.01 secs] 
2016-09-15T12:23:20.995-0400: 228.012: [GC (GCLocker Initiated GC) [PSYoungGen: 155337K->85758K(175104K)] 326321K->323734K(699392K), 0.0107033 secs] [Times: user=0.17 sys=0.00, real=0.01 secs] 
2016-09-15T12:23:21.104-0400: 228.121: [GC (Allocation Failure) [PSYoungGen: 173822K->73672K(175104K)] 411879K->342427K(699392K), 0.0122906 secs] [Times: user=0.13 sys=0.01, real=0.02 secs] 
2016-09-15T12:23:21.245-0400: 228.262: [GC (GCLocker Initiated GC) [PSYoungGen: 161395K->55547K(175104K)] 436225K->348910K(699392K), 0.0095373 secs] [Times: user=0.11 sys=0.00, real=0.01 secs] 
2016-09-15T12:23:21.379-0400: 228.396: [GC (Allocation Failure) [PSYoungGen: 143611K->79619K(175104K)] 437060K->373532K(699392K), 0.0081704 secs] [Times: user=0.07 sys=0.00, real=0.00 secs] 
2016-09-15T12:23:21.488-0400: 228.505: [GC (GCLocker Initiated GC) [PSYoungGen: 166089K->55315K(175104K)] 466077K->422467K(699392K), 0.0102703 secs] [Times: user=0.14 sys=0.01, real=0.01 secs] 
2016-09-15T12:23:21.621-0400: 228.638: [GC (GCLocker Initiated GC) [PSYoungGen: 143379K->86118K(175104K)] 510572K->477771K(699392K), 0.0202260 secs] [Times: user=0.28 sys=0.00, real=0.02 secs] 
2016-09-15T12:23:21.732-0400: 228.749: [GC (GCLocker Initiated GC) [PSYoungGen: 174182K->86018K(175104K)] 566130K->502597K(699392K), 0.0104871 secs] [Times: user=0.13 sys=0.00, real=0.01 secs] 
2016-09-15T12:23:21.858-0400: 228.875: [GC (GCLocker Initiated GC) [PSYoungGen: 174082K->86018K(175104K)] 596772K->563527K(699392K), 0.0116682 secs] [Times: user=0.15 sys=0.00, real=0.01 secs] 
2016-09-15T12:23:21.870-0400: 228.887: [Full GC (Ergonomics) [PSYoungGen: 86018K->0K(175104K)] [ParOldGen: 477509K->53413K(524288K)] 563527K->53413K(699392K), [Metaspace: 44537K->44537K(1087488K)], 0.0544365 secs] [Times: user=0.40 sys=0.00, real=0.05 secs] 
2016-09-15T12:23:22.034-0400: 229.051: [GC (GCLocker Initiated GC) [PSYoungGen: 88064K->86178K(175104K)] 141574K->182213K(699392K), 0.0103809 secs] [Times: user=0.13 sys=0.01, real=0.01 secs] 
2016-09-15T12:23:22.175-0400: 229.192: [GC (GCLocker Initiated GC) [PSYoungGen: 174242K->37158K(175104K)] 276405K->194731K(699392K), 0.0102069 secs] [Times: user=0.12 sys=0.00, real=0.01 secs] 
2016-09-15T12:23:22.307-0400: 229.325: [GC (GCLocker Initiated GC) [PSYoungGen: 125222K->61006K(175104K)] 282943K->218971K(699392K), 0.0222440 secs] [Times: user=0.18 sys=0.01, real=0.03 secs] 
2016-09-15T12:23:22.445-0400: 229.462: [GC (GCLocker Initiated GC) [PSYoungGen: 149070K->85922K(175104K)] 307380K->299027K(699392K), 0.0122548 secs] [Times: user=0.16 sys=0.00, real=0.02 secs] 
2016-09-15T12:23:22.568-0400: 229.585: [GC (Allocation Failure) [PSYoungGen: 173986K->73740K(175104K)] 387133K->323816K(699392K), 0.0080964 secs] [Times: user=0.11 sys=0.01, real=0.01 secs] 
2016-09-15T12:23:22.671-0400: 229.689: [GC (GCLocker Initiated GC) [PSYoungGen: 159488K->85790K(175104K)] 415639K->402999K(699392K), 0.0114043 secs] [Times: user=0.18 sys=0.00, real=0.01 secs] 
2016-09-15T12:23:22.800-0400: 229.817: [GC (GCLocker Initiated GC) [PSYoungGen: 173854K->73772K(175104K)] 491066K->391283K(699392K), 0.0104572 secs] [Times: user=0.12 sys=0.00, real=0.01 secs] 
2016-09-15T12:23:22.900-0400: 229.917: [GC (GCLocker Initiated GC) [PSYoungGen: 161836K->85854K(175104K)] 479601K->446428K(699392K), 0.0119615 secs] [Times: user=0.14 sys=0.01, real=0.01 secs] 
2016-09-15T12:23:23.021-0400: 230.038: [GC (GCLocker Initiated GC) [PSYoungGen: 173918K->55447K(175104K)] 534618K->464875K(699392K), 0.0180413 secs] [Times: user=0.23 sys=0.00, real=0.02 secs] 
2016-09-15T12:23:23.144-0400: 230.161: [GC (GCLocker Initiated GC) [PSYoungGen: 143511K->86018K(175104K)] 553059K->538422K(699392K), 0.0125642 secs] [Times: user=0.16 sys=0.00, real=0.02 secs] 
2016-09-15T12:23:23.157-0400: 230.174: [Full GC (Ergonomics) [PSYoungGen: 86018K->0K(175104K)] [ParOldGen: 452404K->53377K(524288K)] 538422K->53377K(699392K), [Metaspace: 44537K->44537K(1087488K)], 0.0592870 secs] [Times: user=0.45 sys=0.00, real=0.06 secs] 
2016-09-15T12:23:23.337-0400: 230.354: [GC (GCLocker Initiated GC) [PSYoungGen: 88064K->56230K(175104K)] 153750K->121917K(699392K), 0.0087729 secs] [Times: user=0.09 sys=0.00, real=0.00 secs] 
2016-09-15T12:23:23.473-0400: 230.490: [GC (GCLocker Initiated GC) [PSYoungGen: 144294K->67373K(175104K)] 216137K->158128K(699392K), 0.0143454 secs] [Times: user=0.10 sys=0.00, real=0.01 secs] 
2016-09-15T12:23:23.625-0400: 230.642: [GC (GCLocker Initiated GC) [PSYoungGen: 155437K->67533K(175104K)] 246324K->201260K(699392K), 0.0095215 secs] [Times: user=0.12 sys=0.00, real=0.01 secs] 
2016-09-15T12:23:23.742-0400: 230.760: [GC (GCLocker Initiated GC) [PSYoungGen: 155597K->73380K(175104K)] 289428K->225735K(699392K), 0.0280448 secs] [Times: user=0.35 sys=0.00, real=0.03 secs] 
2016-09-15T12:23:23.857-0400: 230.874: [GC (GCLocker Initiated GC) [PSYoungGen: 161444K->67341K(175104K)] 320044K->238171K(699392K), 0.0233411 secs] [Times: user=0.19 sys=0.00, real=0.02 secs] 
2016-09-15T12:23:23.997-0400: 231.014: [GC (GCLocker Initiated GC) [PSYoungGen: 155405K->55255K(175104K)] 332435K->250778K(699392K), 0.0106385 secs] [Times: user=0.10 sys=0.01, real=0.01 secs] 
2016-09-15T12:23:24.126-0400: 231.143: [GC (Allocation Failure) [PSYoungGen: 143319K->55579K(175104K)] 351252K->300113K(699392K), 0.0222217 secs] [Times: user=0.25 sys=0.00, real=0.03 secs] 
2016-09-15T12:23:24.264-0400: 231.281: [GC (GCLocker Initiated GC) [PSYoungGen: 143643K->61362K(175104K)] 388183K->324394K(699392K), 0.0328397 secs] [Times: user=0.39 sys=0.00, real=0.04 secs] 
2016-09-15T12:23:24.403-0400: 231.420: [GC (GCLocker Initiated GC) [PSYoungGen: 149426K->55483K(175104K)] 418597K->324766K(699392K), 0.0080024 secs] [Times: user=0.08 sys=0.01, real=0.01 secs] 
2016-09-15T12:23:24.513-0400: 231.530: [GC (GCLocker Initiated GC) [PSYoungGen: 143547K->61266K(175104K)] 412889K->337122K(699392K), 0.0130704 secs] [Times: user=0.10 sys=0.00, real=0.01 secs] 
2016-09-15T12:23:24.681-0400: 231.698: [GC (GCLocker Initiated GC) [PSYoungGen: 149330K->43009K(175104K)] 431347K->379977K(699392K), 0.0120426 secs] [Times: user=0.10 sys=0.01, real=0.01 secs] 
2016-09-15T12:23:24.786-0400: 231.803: [GC (GCLocker Initiated GC) [PSYoungGen: 131073K->79583K(175104K)] 468117K->441243K(699392K), 0.0101872 secs] [Times: user=0.13 sys=0.00, real=0.02 secs] 
2016-09-15T12:23:24.896-0400: 231.913: [GC (GCLocker Initiated GC) [PSYoungGen: 167647K->86218K(175104K)] 529359K->490606K(699392K), 0.0106854 secs] [Times: user=0.13 sys=0.00, real=0.00 secs] 
2016-09-15T12:23:25.012-0400: 232.029: [GC (GCLocker Initiated GC) [PSYoungGen: 174282K->73512K(175104K)] 578796K->490600K(699392K), 0.0251654 secs] [Times: user=0.29 sys=0.00, real=0.03 secs] 
2016-09-15T12:23:25.145-0400: 232.162: [GC (Allocation Failure) [PSYoungGen: 161576K->55483K(175104K)] 584847K->503158K(699392K), 0.0120790 secs] [Times: user=0.09 sys=0.00, real=0.02 secs] 
2016-09-15T12:23:25.283-0400: 232.300: [GC (GCLocker Initiated GC) [PSYoungGen: 140546K->55255K(175104K)] 594297K->545894K(699392K), 0.0188696 secs] [Times: user=0.19 sys=0.00, real=0.02 secs] 
2016-09-15T12:23:25.302-0400: 232.319: [Full GC (Ergonomics) [PSYoungGen: 55255K->0K(175104K)] [ParOldGen: 490639K->53486K(524288K)] 545894K->53486K(699392K), [Metaspace: 44539K->44539K(1087488K)], 0.0608912 secs] [Times: user=0.33 sys=0.01, real=0.06 secs] 
2016-09-15T12:23:25.462-0400: 232.480: [GC (GCLocker Initiated GC) [PSYoungGen: 88064K->86078K(175104K)] 141687K->151851K(699392K), 0.0093032 secs] [Times: user=0.10 sys=0.00, real=0.01 secs] 
2016-09-15T12:23:25.578-0400: 232.595: [GC (Allocation Failure) [PSYoungGen: 174142K->55319K(175104K)] 239940K->176495K(699392K), 0.0111645 secs] [Times: user=0.11 sys=0.01, real=0.01 secs] 
2016-09-15T12:23:25.700-0400: 232.718: [GC (GCLocker Initiated GC) [PSYoungGen: 143383K->73608K(175104K)] 264560K->237618K(699392K), 0.0210213 secs] [Times: user=0.28 sys=0.00, real=0.02 secs] 
2016-09-15T12:23:25.863-0400: 232.880: [GC (GCLocker Initiated GC) [PSYoungGen: 161672K->85690K(175104K)] 337941K->280507K(699392K), 0.0094505 secs] [Times: user=0.12 sys=0.00, real=0.01 secs] 
2016-09-15T12:23:25.969-0400: 232.986: [GC (GCLocker Initiated GC) [PSYoungGen: 173754K->85790K(175104K)] 368624K->329411K(699392K), 0.0126135 secs] [Times: user=0.17 sys=0.00, real=0.01 secs] 
2016-09-15T12:23:26.087-0400: 233.104: [GC (GCLocker Initiated GC) [PSYoungGen: 173854K->85790K(175104K)] 423592K->384412K(699392K), 0.0141398 secs] [Times: user=0.16 sys=0.00, real=0.02 secs] 
2016-09-15T12:23:26.213-0400: 233.230: [GC (GCLocker Initiated GC) [PSYoungGen: 173854K->73640K(175104K)] 473160K->427789K(699392K), 0.0105156 secs] [Times: user=0.14 sys=0.02, real=0.01 secs] 
2016-09-15T12:23:26.331-0400: 233.348: [GC (GCLocker Initiated GC) [PSYoungGen: 161704K->73608K(175104K)] 515915K->446375K(699392K), 0.0091523 secs] [Times: user=0.13 sys=0.00, real=0.01 secs] 
2016-09-15T12:23:26.480-0400: 233.498: [GC (GCLocker Initiated GC) [PSYoungGen: 161672K->73608K(175104K)] 546905K->477374K(699392K), 0.0099623 secs] [Times: user=0.14 sys=0.00, real=0.01 secs] 
2016-09-15T12:23:26.615-0400: 233.632: [GC (GCLocker Initiated GC) [PSYoungGen: 161672K->61458K(175104K)] 571688K->508216K(699392K), 0.0157720 secs] [Times: user=0.19 sys=0.01, real=0.02 secs] 
2016-09-15T12:23:26.731-0400: 233.748: [Full GC (Ergonomics) [PSYoungGen: 149522K->0K(175104K)] [ParOldGen: 453020K->53880K(524288K)] 602542K->53880K(699392K), [Metaspace: 44542K->44542K(1087488K)], 0.0608424 secs] [Times: user=0.43 sys=0.00, real=0.06 secs] 
2016-09-15T12:23:26.915-0400: 233.932: [GC (GCLocker Initiated GC) [PSYoungGen: 88064K->86178K(175104K)] 142047K->146237K(699392K), 0.0215781 secs] [Times: user=0.31 sys=0.01, real=0.03 secs] 
2016-09-15T12:23:27.050-0400: 234.067: [GC (Allocation Failure) [PSYoungGen: 174242K->67729K(175104K)] 234577K->165078K(699392K), 0.0085522 secs] [Times: user=0.09 sys=0.01, real=0.01 secs] 
2016-09-15T12:23:27.163-0400: 234.180: [GC (Allocation Failure) [PSYoungGen: 155793K->73772K(175104K)] 253142K->189645K(699392K), 0.0096219 secs] [Times: user=0.12 sys=0.00, real=0.01 secs] 
2016-09-15T12:23:27.287-0400: 234.304: [GC (GCLocker Initiated GC) [PSYoungGen: 161836K->73836K(175104K)] 277715K->208036K(699392K), 0.0084275 secs] [Times: user=0.10 sys=0.00, real=0.01 secs] 
2016-09-15T12:23:27.414-0400: 234.432: [GC (GCLocker Initiated GC) [PSYoungGen: 161900K->79747K(175104K)] 308308K->244648K(699392K), 0.0096922 secs] [Times: user=0.11 sys=0.01, real=0.01 secs] 
2016-09-15T12:23:27.556-0400: 234.573: [GC (GCLocker Initiated GC) [PSYoungGen: 167811K->73772K(175104K)] 332905K->281534K(699392K), 0.0128274 secs] [Times: user=0.16 sys=0.00, real=0.01 secs] 
2016-09-15T12:23:27.685-0400: 234.702: [GC (GCLocker Initiated GC) [PSYoungGen: 161836K->49240K(175104K)] 375849K->342544K(699392K), 0.0144727 secs] [Times: user=0.18 sys=0.00, real=0.02 secs] 
2016-09-15T12:23:27.822-0400: 234.839: [GC (GCLocker Initiated GC) [PSYoungGen: 137304K->85986K(175104K)] 430880K->403998K(699392K), 0.0131536 secs] [Times: user=0.16 sys=0.00, real=0.01 secs] 
2016-09-15T12:23:27.959-0400: 234.976: [GC (Allocation Failure) [PSYoungGen: 174050K->67533K(175104K)] 492271K->422684K(699392K), 0.0111387 secs] [Times: user=0.13 sys=0.01, real=0.01 secs] 
2016-09-15T12:23:28.092-0400: 235.109: [GC (GCLocker Initiated GC) [PSYoungGen: 149734K->55187K(175104K)] 510961K->465313K(699392K), 0.0120977 secs] [Times: user=0.17 sys=0.01, real=0.01 secs] 
2016-09-15T12:23:28.211-0400: 235.228: [GC (Allocation Failure) [PSYoungGen: 143251K->73380K(175104K)] 559588K->489845K(699392K), 0.0175274 secs] [Times: user=0.19 sys=0.00, real=0.02 secs] 
2016-09-15T12:23:28.354-0400: 235.371: [GC (GCLocker Initiated GC) [PSYoungGen: 161444K->55910K(175104K)] 577914K->490725K(699392K), 0.0158751 secs] [Times: user=0.18 sys=0.00, real=0.02 secs] 
2016-09-15T12:23:28.452-0400: 235.470: [GC (GCLocker Initiated GC) [PSYoungGen: 143974K->85790K(175104K)] 579083K->557968K(699392K), 0.0110555 secs] [Times: user=0.12 sys=0.00, real=0.01 secs] 
2016-09-15T12:23:28.464-0400: 235.481: [Full GC (Ergonomics) [PSYoungGen: 85790K->0K(175104K)] [ParOldGen: 472178K->66576K(524288K)] 557968K->66576K(699392K), [Metaspace: 44543K->44543K(1087488K)], 0.0575649 secs] [Times: user=0.36 sys=0.02, real=0.06 secs] 
2016-09-15T12:23:28.629-0400: 235.646: [GC (GCLocker Initiated GC) [PSYoungGen: 88064K->86150K(175104K)] 154793K->158954K(699392K), 0.0083784 secs] [Times: user=0.12 sys=0.00, real=0.01 secs] 
2016-09-15T12:23:28.729-0400: 235.746: [GC (GCLocker Initiated GC) [PSYoungGen: 174214K->55611K(175104K)] 253353K->189913K(699392K), 0.0092461 secs] [Times: user=0.14 sys=0.01, real=0.01 secs] 
2016-09-15T12:23:28.862-0400: 235.879: [GC (GCLocker Initiated GC) [PSYoungGen: 143675K->55547K(175104K)] 278338K->208743K(699392K), 0.0077970 secs] [Times: user=0.11 sys=0.00, real=0.01 secs] 
2016-09-15T12:23:29.009-0400: 236.026: [GC (GCLocker Initiated GC) [PSYoungGen: 143611K->19816K(175104K)] 321249K->215979K(699392K), 0.0068883 secs] [Times: user=0.10 sys=0.00, real=0.01 secs] 
2016-09-15T12:23:29.137-0400: 236.154: [GC (GCLocker Initiated GC) [PSYoungGen: 107880K->85594K(175104K)] 304244K->282248K(699392K), 0.0119435 secs] [Times: user=0.16 sys=0.00, real=0.01 secs] 
2016-09-15T12:23:29.265-0400: 236.282: [GC (GCLocker Initiated GC) [PSYoungGen: 173658K->55643K(175104K)] 376636K->325590K(699392K), 0.0109113 secs] [Times: user=0.14 sys=0.01, real=0.02 secs] 
2016-09-15T12:23:29.388-0400: 236.405: [GC (GCLocker Initiated GC) [PSYoungGen: 143707K->85758K(175104K)] 413763K->374495K(699392K), 0.0086014 secs] [Times: user=0.12 sys=0.00, real=0.01 secs] 
2016-09-15T12:23:29.502-0400: 236.519: [GC (GCLocker Initiated GC) [PSYoungGen: 173822K->73476K(175104K)] 462723K->411129K(699392K), 0.0090714 secs] [Times: user=0.14 sys=0.01, real=0.01 secs] 
2016-09-15T12:23:29.639-0400: 236.656: [GC (GCLocker Initiated GC) [PSYoungGen: 161540K->67761K(175104K)] 505517K->430082K(699392K), 0.0083726 secs] [Times: user=0.12 sys=0.01, real=0.00 secs] 
2016-09-15T12:23:29.746-0400: 236.763: [GC (GCLocker Initiated GC) [PSYoungGen: 155825K->73672K(175104K)] 524571K->473132K(699392K), 0.0122837 secs] [Times: user=0.18 sys=0.00, real=0.02 secs] 
2016-09-15T12:23:29.887-0400: 236.904: [GC (Allocation Failure) [PSYoungGen: 161735K->61462K(175104K)] 567632K->485851K(699392K), 0.0159405 secs] [Times: user=0.18 sys=0.00, real=0.02 secs] 
2016-09-15T12:23:29.904-0400: 236.921: [GC (GCLocker Initiated GC) [PSYoungGen: 61848K->128K(175104K)] 486237K->498131K(699392K), 0.0141999 secs] [Times: user=0.20 sys=0.00, real=0.02 secs] 
2016-09-15T12:23:29.918-0400: 236.935: [Full GC (Ergonomics) [PSYoungGen: 128K->0K(175104K)] [ParOldGen: 498003K->53529K(524288K)] 498131K->53529K(699392K), [Metaspace: 44543K->44543K(1087488K)], 0.0601393 secs] [Times: user=0.46 sys=0.01, real=0.06 secs] 
2016-09-15T12:23:30.091-0400: 237.108: [GC (GCLocker Initiated GC) [PSYoungGen: 84924K->86018K(175104K)] 144529K->151697K(699392K), 0.0102974 secs] [Times: user=0.12 sys=0.01, real=0.01 secs] 
2016-09-15T12:23:30.218-0400: 237.235: [GC (Allocation Failure) [PSYoungGen: 174082K->61718K(175104K)] 246068K->188719K(699392K), 0.0083107 secs] [Times: user=0.12 sys=0.00, real=0.00 secs] 
2016-09-15T12:23:30.345-0400: 237.362: [GC (GCLocker Initiated GC) [PSYoungGen: 145535K->36994K(175104K)] 278611K->188578K(699392K), 0.0077593 secs] [Times: user=0.10 sys=0.00, real=0.01 secs] 
2016-09-15T12:23:30.488-0400: 237.505: [GC (GCLocker Initiated GC) [PSYoungGen: 125058K->37553K(175104K)] 289142K->201765K(699392K), 0.0214431 secs] [Times: user=0.28 sys=0.01, real=0.02 secs] 
2016-09-15T12:23:30.624-0400: 237.642: [GC (GCLocker Initiated GC) [PSYoungGen: 125617K->73868K(175104K)] 290196K->238714K(699392K), 0.0085102 secs] [Times: user=0.10 sys=0.00, real=0.01 secs] 
2016-09-15T12:23:30.748-0400: 237.765: [GC (GCLocker Initiated GC) [PSYoungGen: 161932K->73640K(175104K)] 333214K->263455K(699392K), 0.0088172 secs] [Times: user=0.10 sys=0.00, real=0.01 secs] 
2016-09-15T12:23:30.878-0400: 237.895: [GC (GCLocker Initiated GC) [PSYoungGen: 161704K->49404K(175104K)] 351600K->306253K(699392K), 0.0088248 secs] [Times: user=0.12 sys=0.00, real=0.00 secs] 
2016-09-15T12:23:31.019-0400: 238.036: [GC (GCLocker Initiated GC) [PSYoungGen: 137468K->55611K(175104K)] 406727K->367734K(699392K), 0.0087120 secs] [Times: user=0.12 sys=0.00, real=0.00 secs] 
2016-09-15T12:23:31.126-0400: 238.144: [GC (GCLocker Initiated GC) [PSYoungGen: 143675K->85626K(175104K)] 455923K->416587K(699392K), 0.0126190 secs] [Times: user=0.15 sys=0.00, real=0.02 secs] 
2016-09-15T12:23:31.251-0400: 238.269: [GC (GCLocker Initiated GC) [PSYoungGen: 173690K->61490K(175104K)] 504844K->459628K(699392K), 0.0122149 secs] [Times: user=0.17 sys=0.00, real=0.01 secs] 
2016-09-15T12:23:31.375-0400: 238.392: [GC (Allocation Failure) [PSYoungGen: 149554K->55743K(175104K)] 553926K->460415K(699392K), 0.0115808 secs] [Times: user=0.17 sys=0.00, real=0.01 secs] 
2016-09-15T12:23:31.503-0400: 238.520: [GC (GCLocker Initiated GC) [PSYoungGen: 143807K->55711K(175104K)] 548484K->478929K(699392K), 0.0089941 secs] [Times: user=0.13 sys=0.00, real=0.01 secs] 
2016-09-15T12:23:31.641-0400: 238.658: [GC (GCLocker Initiated GC) [PSYoungGen: 143775K->85886K(175104K)] 567096K->521492K(699392K), 0.0090151 secs] [Times: user=0.12 sys=0.00, real=0.01 secs] 
2016-09-15T12:23:31.778-0400: 238.795: [Full GC (Ergonomics) [PSYoungGen: 173950K->0K(175104K)] [ParOldGen: 441908K->47794K(524288K)] 615858K->47794K(699392K), [Metaspace: 44543K->44543K(1087488K)], 0.0630791 secs] [Times: user=0.40 sys=0.00, real=0.06 secs] 
2016-09-15T12:23:31.944-0400: 238.961: [GC (GCLocker Initiated GC) [PSYoungGen: 87363K->73896K(175104K)] 141233K->127765K(699392K), 0.0097679 secs] [Times: user=0.10 sys=0.00, real=0.01 secs] 
2016-09-15T12:23:32.058-0400: 239.075: [GC (GCLocker Initiated GC) [PSYoungGen: 161960K->67501K(175104K)] 215999K->140313K(699392K), 0.0144186 secs] [Times: user=0.18 sys=0.00, real=0.01 secs] 
2016-09-15T12:23:32.198-0400: 239.215: [GC (GCLocker Initiated GC) [PSYoungGen: 155565K->55579K(175104K)] 228532K->147055K(699392K), 0.0109191 secs] [Times: user=0.13 sys=0.00, real=0.01 secs] 
2016-09-15T12:23:32.317-0400: 239.335: [GC (GCLocker Initiated GC) [PSYoungGen: 143643K->61394K(175104K)] 241337K->177588K(699392K), 0.0086618 secs] [Times: user=0.10 sys=0.00, real=0.00 secs] 
2016-09-15T12:23:32.454-0400: 239.471: [GC (GCLocker Initiated GC) [PSYoungGen: 149458K->85822K(175104K)] 271814K->250823K(699392K), 0.0132002 secs] [Times: user=0.17 sys=0.01, real=0.01 secs] 
2016-09-15T12:23:32.593-0400: 239.610: [GC (GCLocker Initiated GC) [PSYoungGen: 173886K->37485K(175104K)] 345038K->263629K(699392K), 0.0088402 secs] [Times: user=0.12 sys=0.00, real=0.01 secs] 
2016-09-15T12:23:32.696-0400: 239.713: [GC (GCLocker Initiated GC) [PSYoungGen: 125549K->85626K(175104K)] 351875K->336870K(699392K), 0.0103894 secs] [Times: user=0.14 sys=0.00, real=0.00 secs] 
2016-09-15T12:23:32.811-0400: 239.828: [GC (GCLocker Initiated GC) [PSYoungGen: 173690K->80075K(175104K)] 431179K->410640K(699392K), 0.0111188 secs] [Times: user=0.16 sys=0.00, real=0.01 secs] 
2016-09-15T12:23:32.936-0400: 239.953: [GC (GCLocker Initiated GC) [PSYoungGen: 168139K->55351K(175104K)] 504967K->392814K(699392K), 0.0084752 secs] [Times: user=0.14 sys=0.00, real=0.00 secs] 
2016-09-15T12:23:33.056-0400: 240.074: [GC (GCLocker Initiated GC) [PSYoungGen: 143415K->85822K(175104K)] 487006K->466015K(699392K), 0.0083521 secs] [Times: user=0.12 sys=0.00, real=0.00 secs] 
2016-09-15T12:23:33.219-0400: 240.237: [GC (GCLocker Initiated GC) [PSYoungGen: 173886K->37190K(175104K)] 566304K->508702K(699392K), 0.0152236 secs] [Times: user=0.20 sys=0.00, real=0.01 secs] 
2016-09-15T12:23:33.235-0400: 240.252: [Full GC (Ergonomics) [PSYoungGen: 37190K->0K(175104K)] [ParOldGen: 471512K->47645K(524288K)] 508702K->47645K(699392K), [Metaspace: 44544K->44544K(1087488K)], 0.0552464 secs] [Times: user=0.32 sys=0.02, real=0.06 secs] 
2016-09-15T12:23:33.424-0400: 240.441: [GC (GCLocker Initiated GC) [PSYoungGen: 88064K->86014K(175104K)] 141954K->152054K(699392K), 0.0129261 secs] [Times: user=0.12 sys=0.00, real=0.02 secs] 
2016-09-15T12:23:33.539-0400: 240.556: [GC (GCLocker Initiated GC) [PSYoungGen: 174078K->61686K(175104K)] 246549K->201553K(699392K), 0.0100552 secs] [Times: user=0.12 sys=0.00, real=0.01 secs] 
2016-09-15T12:23:33.684-0400: 240.701: [GC (GCLocker Initiated GC) [PSYoungGen: 149750K->55611K(175104K)] 295841K->238459K(699392K), 0.0074921 secs] [Times: user=0.10 sys=0.01, real=0.01 secs] 
2016-09-15T12:23:33.796-0400: 240.813: [GC (GCLocker Initiated GC) [PSYoungGen: 143675K->85726K(175104K)] 326553K->274971K(699392K), 0.0107969 secs] [Times: user=0.14 sys=0.00, real=0.00 secs] 
2016-09-15T12:23:33.916-0400: 240.933: [GC (GCLocker Initiated GC) [PSYoungGen: 173790K->43429K(175104K)] 375232K->305772K(699392K), 0.0087214 secs] [Times: user=0.14 sys=0.01, real=0.00 secs] 
2016-09-15T12:23:34.023-0400: 241.040: [GC (GCLocker Initiated GC) [PSYoungGen: 131493K->85954K(175104K)] 393951K->385162K(699392K), 0.0099992 secs] [Times: user=0.13 sys=0.01, real=0.01 secs] 
2016-09-15T12:23:34.131-0400: 241.148: [GC (GCLocker Initiated GC) [PSYoungGen: 174018K->85986K(175104K)] 473296K->428105K(699392K), 0.0126412 secs] [Times: user=0.18 sys=0.00, real=0.01 secs] 
2016-09-15T12:23:34.274-0400: 241.291: [GC (GCLocker Initiated GC) [PSYoungGen: 174050K->49244K(175104K)] 516428K->464806K(699392K), 0.0150052 secs] [Times: user=0.20 sys=0.01, real=0.02 secs] 
2016-09-15T12:23:34.415-0400: 241.432: [Full GC (Ergonomics) [PSYoungGen: 137308K->0K(175104K)] [ParOldGen: 433829K->53889K(524288K)] 571137K->53889K(699392K), [Metaspace: 44544K->44544K(1087488K)], 0.0511758 secs] [Times: user=0.47 sys=0.00, real=0.05 secs] 
2016-09-15T12:23:34.587-0400: 241.604: [GC (GCLocker Initiated GC) [PSYoungGen: 88062K->86242K(175104K)] 154457K->158712K(699392K), 0.0088496 secs] [Times: user=0.13 sys=0.00, real=0.02 secs] 
2016-09-15T12:23:34.704-0400: 241.722: [GC (GCLocker Initiated GC) [PSYoungGen: 174306K->37030K(175104K)] 246930K->152883K(699392K), 0.0109327 secs] [Times: user=0.10 sys=0.00, real=0.01 secs] 
2016-09-15T12:23:34.833-0400: 241.850: [GC (GCLocker Initiated GC) [PSYoungGen: 125094K->61622K(175104K)] 247371K->183979K(699392K), 0.0125582 secs] [Times: user=0.08 sys=0.00, real=0.01 secs] 
2016-09-15T12:23:34.984-0400: 242.001: [GC (GCLocker Initiated GC) [PSYoungGen: 149686K->43041K(175104K)] 272286K->184133K(699392K), 0.0156989 secs] [Times: user=0.16 sys=0.00, real=0.02 secs] 
2016-09-15T12:23:35.140-0400: 242.157: [GC (GCLocker Initiated GC) [PSYoungGen: 131105K->61166K(175104K)] 278286K->208442K(699392K), 0.0146700 secs] [Times: user=0.17 sys=0.00, real=0.01 secs] 
2016-09-15T12:23:35.276-0400: 242.293: [GC (GCLocker Initiated GC) [PSYoungGen: 149230K->73316K(175104K)] 296604K->245117K(699392K), 0.0181934 secs] [Times: user=0.21 sys=0.00, real=0.01 secs] 
2016-09-15T12:23:35.400-0400: 242.417: [GC (GCLocker Initiated GC) [PSYoungGen: 161380K->61690K(175104K)] 339267K->276131K(699392K), 0.0198117 secs] [Times: user=0.18 sys=0.00, real=0.02 secs] 
2016-09-15T12:23:35.527-0400: 242.544: [GC (GCLocker Initiated GC) [PSYoungGen: 149754K->74032K(175104K)] 370548K->313326K(699392K), 0.0086287 secs] [Times: user=0.12 sys=0.01, real=0.01 secs] 
2016-09-15T12:23:35.643-0400: 242.660: [GC (GCLocker Initiated GC) [PSYoungGen: 162095K->85854K(175104K)] 401711K->368966K(699392K), 0.0101136 secs] [Times: user=0.13 sys=0.02, real=0.01 secs] 
2016-09-15T12:23:35.738-0400: 242.755: [GC (GCLocker Initiated GC) [PSYoungGen: 173918K->79779K(175104K)] 457130K->436214K(699392K), 0.0128895 secs] [Times: user=0.18 sys=0.00, real=0.01 secs] 
2016-09-15T12:23:35.856-0400: 242.873: [GC (GCLocker Initiated GC) [PSYoungGen: 167843K->85954K(175104K)] 524410K->491412K(699392K), 0.0139522 secs] [Times: user=0.14 sys=0.00, real=0.01 secs] 
2016-09-15T12:23:35.985-0400: 243.003: [GC (GCLocker Initiated GC) [PSYoungGen: 174018K->49016K(175104K)] 579512K->503378K(699392K), 0.0109377 secs] [Times: user=0.13 sys=0.01, real=0.02 secs] 
2016-09-15T12:23:35.996-0400: 243.014: [Full GC (Ergonomics) [PSYoungGen: 49016K->0K(175104K)] [ParOldGen: 454362K->41997K(524288K)] 503378K->41997K(699392K), [Metaspace: 44546K->44546K(1087488K)], 0.0530515 secs] [Times: user=0.29 sys=0.00, real=0.05 secs] 
2016-09-15T12:23:36.160-0400: 243.177: [GC (Allocation Failure) [PSYoungGen: 88064K->74092K(175104K)] 136339K->122368K(699392K), 0.0097449 secs] [Times: user=0.14 sys=0.00, real=0.01 secs] 
2016-09-15T12:23:36.170-0400: 243.187: [GC (GCLocker Initiated GC) [PSYoungGen: 74107K->160K(175104K)] 122383K->122322K(699392K), 0.0090665 secs] [Times: user=0.14 sys=0.00, real=0.01 secs] 
2016-09-15T12:23:36.287-0400: 243.304: [GC (GCLocker Initiated GC) [PSYoungGen: 87888K->73804K(175104K)] 216125K->202041K(699392K), 0.0067344 secs] [Times: user=0.09 sys=0.00, real=0.01 secs] 
2016-09-15T12:23:36.415-0400: 243.432: [GC (GCLocker Initiated GC) [PSYoungGen: 161868K->67533K(175104K)] 290327K->232718K(699392K), 0.0152887 secs] [Times: user=0.17 sys=0.01, real=0.02 secs] 
2016-09-15T12:23:36.542-0400: 243.560: [GC (GCLocker Initiated GC) [PSYoungGen: 155597K->86018K(175104K)] 320829K->288056K(699392K), 0.0104367 secs] [Times: user=0.15 sys=0.00, real=0.01 secs] 
2016-09-15T12:23:36.653-0400: 243.670: [GC (GCLocker Initiated GC) [PSYoungGen: 174082K->85854K(175104K)] 376352K->385663K(699392K), 0.0122152 secs] [Times: user=0.19 sys=0.00, real=0.01 secs] 
2016-09-15T12:23:36.804-0400: 243.822: [GC (GCLocker Initiated GC) [PSYoungGen: 173918K->85986K(175104K)] 492000K->422436K(699392K), 0.0095353 secs] [Times: user=0.14 sys=0.00, real=0.01 secs] 
2016-09-15T12:23:36.933-0400: 243.950: [GC (GCLocker Initiated GC) [PSYoungGen: 174050K->67565K(175104K)] 516684K->465205K(699392K), 0.0099169 secs] [Times: user=0.13 sys=0.00, real=0.01 secs] 
2016-09-15T12:23:37.061-0400: 244.079: [GC (GCLocker Initiated GC) [PSYoungGen: 155629K->61426K(175104K)] 553513K->496051K(699392K), 0.0106375 secs] [Times: user=0.12 sys=0.00, real=0.01 secs] 
2016-09-15T12:23:37.072-0400: 244.089: [Full GC (Ergonomics) [PSYoungGen: 61426K->0K(175104K)] [ParOldGen: 434625K->47680K(524288K)] 496051K->47680K(699392K), [Metaspace: 44546K->44546K(1087488K)], 0.0538167 secs] [Times: user=0.30 sys=0.01, real=0.05 secs] 
2016-09-15T12:23:37.243-0400: 244.260: [GC (Allocation Failure) [PSYoungGen: 88064K->86538K(175104K)] 135979K->140529K(699392K), 0.0085549 secs] [Times: user=0.13 sys=0.00, real=0.01 secs] 
2016-09-15T12:23:37.373-0400: 244.390: [GC (GCLocker Initiated GC) [PSYoungGen: 169088K->37158K(175104K)] 229154K->134565K(699392K), 0.0077626 secs] [Times: user=0.12 sys=0.00, real=0.01 secs] 
2016-09-15T12:23:37.470-0400: 244.487: [GC (GCLocker Initiated GC) [PSYoungGen: 125222K->85790K(175104K)] 222688K->189638K(699392K), 0.0124811 secs] [Times: user=0.17 sys=0.01, real=0.01 secs] 
2016-09-15T12:23:37.619-0400: 244.636: [GC (GCLocker Initiated GC) [PSYoungGen: 173850K->73968K(175104K)] 278060K->196701K(699392K), 0.0098484 secs] [Times: user=0.15 sys=0.00, real=0.01 secs] 
2016-09-15T12:23:37.738-0400: 244.755: [GC (GCLocker Initiated GC) [PSYoungGen: 162032K->85822K(175104K)] 285015K->239644K(699392K), 0.0091913 secs] [Times: user=0.14 sys=0.00, real=0.00 secs] 
2016-09-15T12:23:37.877-0400: 244.894: [GC (GCLocker Initiated GC) [PSYoungGen: 173886K->67925K(175104K)] 334015K->295046K(699392K), 0.0163367 secs] [Times: user=0.24 sys=0.00, real=0.01 secs] 
2016-09-15T12:23:38.005-0400: 245.022: [GC (GCLocker Initiated GC) [PSYoungGen: 155989K->85726K(175104K)] 383225K->337734K(699392K), 0.0326171 secs] [Times: user=0.41 sys=0.01, real=0.04 secs] 
2016-09-15T12:23:38.138-0400: 245.155: [GC (GCLocker Initiated GC) [PSYoungGen: 173790K->73772K(175104K)] 426164K->350738K(699392K), 0.0140042 secs] [Times: user=0.12 sys=0.00, real=0.01 secs] 
2016-09-15T12:23:38.264-0400: 245.281: [GC (GCLocker Initiated GC) [PSYoungGen: 161836K->73640K(175104K)] 439079K->387805K(699392K), 0.0100149 secs] [Times: user=0.14 sys=0.00, real=0.01 secs] 
2016-09-15T12:23:38.406-0400: 245.423: [GC (GCLocker Initiated GC) [PSYoungGen: 161704K->55383K(175104K)] 488127K->400150K(699392K), 0.0096664 secs] [Times: user=0.15 sys=0.00, real=0.02 secs] 
2016-09-15T12:23:38.516-0400: 245.533: [GC (GCLocker Initiated GC) [PSYoungGen: 143447K->73576K(175104K)] 488351K->418944K(699392K), 0.0087920 secs] [Times: user=0.13 sys=0.00, real=0.00 secs] 
2016-09-15T12:23:38.656-0400: 245.673: [GC (Allocation Failure) [PSYoungGen: 161640K->67861K(175104K)] 507195K->450181K(699392K), 0.0124185 secs] [Times: user=0.15 sys=0.00, real=0.01 secs] 
2016-09-15T12:23:38.802-0400: 245.819: [GC (GCLocker Initiated GC) [PSYoungGen: 155755K->55447K(175104K)] 544151K->462507K(699392K), 0.0139391 secs] [Times: user=0.14 sys=0.00, real=0.02 secs] 
2016-09-15T12:23:38.918-0400: 245.935: [GC (GCLocker Initiated GC) [PSYoungGen: 143511K->55383K(175104K)] 556856K->499238K(699392K), 0.0100809 secs] [Times: user=0.10 sys=0.00, real=0.01 secs] 
2016-09-15T12:23:39.059-0400: 246.076: [GC (GCLocker Initiated GC) [PSYoungGen: 143447K->37485K(175104K)] 593485K->524118K(699392K), 0.0128334 secs] [Times: user=0.17 sys=0.01, real=0.01 secs] 
2016-09-15T12:23:39.072-0400: 246.089: [Full GC (Ergonomics) [PSYoungGen: 37485K->0K(175104K)] [ParOldGen: 486632K->48628K(524288K)] 524118K->48628K(699392K), [Metaspace: 44552K->44552K(1087488K)], 0.0547299 secs] [Times: user=0.30 sys=0.02, real=0.05 secs] 
2016-09-15T12:23:39.215-0400: 246.233: [GC (Allocation Failure) [PSYoungGen: 88064K->86046K(175104K)] 143117K->171474K(699392K), 0.0098678 secs] [Times: user=0.11 sys=0.00, real=0.01 secs] 
2016-09-15T12:23:39.226-0400: 246.243: [GC (GCLocker Initiated GC) [PSYoungGen: 86054K->96K(175104K)] 171482K->195722K(699392K), 0.0102497 secs] [Times: user=0.16 sys=0.00, real=0.02 secs] 
2016-09-15T12:23:39.333-0400: 246.350: [GC (GCLocker Initiated GC) [PSYoungGen: 83493K->86150K(175104K)] 285195K->293926K(699392K), 0.0087683 secs] [Times: user=0.13 sys=0.00, real=0.01 secs] 
2016-09-15T12:23:39.455-0400: 246.473: [GC (GCLocker Initiated GC) [PSYoungGen: 174214K->55351K(175104K)] 394254K->312624K(699392K), 0.0130784 secs] [Times: user=0.18 sys=0.01, real=0.02 secs] 
2016-09-15T12:23:39.607-0400: 246.624: [GC (GCLocker Initiated GC) [PSYoungGen: 143415K->55970K(175104K)] 413004K->325867K(699392K), 0.0100733 secs] [Times: user=0.11 sys=0.01, real=0.02 secs] 
2016-09-15T12:23:39.738-0400: 246.755: [GC (GCLocker Initiated GC) [PSYoungGen: 144034K->61266K(175104K)] 414152K->349867K(699392K), 0.0148530 secs] [Times: user=0.13 sys=0.00, real=0.01 secs] 
2016-09-15T12:23:39.869-0400: 246.886: [GC (GCLocker Initiated GC) [PSYoungGen: 149330K->73444K(175104K)] 438007K->429246K(699392K), 0.0110092 secs] [Times: user=0.17 sys=0.00, real=0.01 secs] 
2016-09-15T12:23:40.008-0400: 247.025: [GC (GCLocker Initiated GC) [PSYoungGen: 161508K->67533K(175104K)] 529726K->454119K(699392K), 0.0080361 secs] [Times: user=0.12 sys=0.00, real=0.01 secs] 
2016-09-15T12:23:40.133-0400: 247.150: [GC (GCLocker Initiated GC) [PSYoungGen: 155597K->61362K(175104K)] 542499K->478931K(699392K), 0.0177931 secs] [Times: user=0.23 sys=0.00, real=0.02 secs] 
2016-09-15T12:23:40.261-0400: 247.278: [GC (GCLocker Initiated GC) [PSYoungGen: 149426K->79715K(175104K)] 567300K->534347K(699392K), 0.0085513 secs] [Times: user=0.12 sys=0.00, real=0.01 secs] 
2016-09-15T12:23:40.270-0400: 247.287: [Full GC (Ergonomics) [PSYoungGen: 79715K->0K(175104K)] [ParOldGen: 454631K->60487K(524288K)] 534347K->60487K(699392K), [Metaspace: 44553K->44553K(1087488K)], 0.0566959 secs] [Times: user=0.37 sys=0.02, real=0.05 secs] 
2016-09-15T12:23:40.441-0400: 247.459: [GC (GCLocker Initiated GC) [PSYoungGen: 88064K->86182K(175104K)] 148884K->171302K(699392K), 0.0084063 secs] [Times: user=0.14 sys=0.00, real=0.01 secs] 
2016-09-15T12:23:40.549-0400: 247.566: [GC (GCLocker Initiated GC) [PSYoungGen: 174246K->73672K(175104K)] 265662K->202034K(699392K), 0.0086628 secs] [Times: user=0.12 sys=0.00, real=0.01 secs] 
2016-09-15T12:23:40.661-0400: 247.678: [GC (GCLocker Initiated GC) [PSYoungGen: 161736K->62113K(175104K)] 296423K->233410K(699392K), 0.0099621 secs] [Times: user=0.14 sys=0.00, real=0.01 secs] 
2016-09-15T12:23:40.818-0400: 247.835: [GC (Allocation Failure) [PSYoungGen: 150177K->79715K(175104K)] 321779K->269989K(699392K), 0.0136595 secs] [Times: user=0.20 sys=0.00, real=0.01 secs] 
2016-09-15T12:23:40.942-0400: 247.959: [GC (GCLocker Initiated GC) [PSYoungGen: 167779K->73444K(175104K)] 358054K->288303K(699392K), 0.0118006 secs] [Times: user=0.12 sys=0.00, real=0.01 secs] 
2016-09-15T12:23:41.069-0400: 248.086: [GC (GCLocker Initiated GC) [PSYoungGen: 161508K->86346K(175104K)] 376565K->331930K(699392K), 0.0085117 secs] [Times: user=0.12 sys=0.00, real=0.01 secs] 
2016-09-15T12:23:41.215-0400: 248.232: [GC (GCLocker Initiated GC) [PSYoungGen: 174409K->67465K(175104K)] 426395K->362315K(699392K), 0.0112743 secs] [Times: user=0.13 sys=0.00, real=0.01 secs] 
2016-09-15T12:23:41.320-0400: 248.337: [GC (Allocation Failure) [PSYoungGen: 155529K->86018K(175104K)] 450601K->405534K(699392K), 0.0094821 secs] [Times: user=0.10 sys=0.00, real=0.01 secs] 
2016-09-15T12:23:41.330-0400: 248.347: [GC (GCLocker Initiated GC) [PSYoungGen: 86032K->128K(175104K)] 405548K->411337K(699392K), 0.0108898 secs] [Times: user=0.13 sys=0.00, real=0.01 secs] 
2016-09-15T12:23:41.461-0400: 248.478: [GC (GCLocker Initiated GC) [PSYoungGen: 88192K->86506K(175104K)] 499406K->503795K(699392K), 0.0096049 secs] [Times: user=0.12 sys=0.01, real=0.01 secs] 
2016-09-15T12:23:41.566-0400: 248.583: [GC (GCLocker Initiated GC) [PSYoungGen: 174570K->73704K(175104K)] 592188K->546904K(699392K), 0.0089487 secs] [Times: user=0.13 sys=0.00, real=0.01 secs] 
2016-09-15T12:23:41.575-0400: 248.592: [Full GC (Ergonomics) [PSYoungGen: 73704K->0K(175104K)] [ParOldGen: 473200K->61006K(524288K)] 546904K->61006K(699392K), [Metaspace: 44554K->44554K(1087488K)], 0.0599173 secs] [Times: user=0.45 sys=0.01, real=0.06 secs] 
2016-09-15T12:23:41.725-0400: 248.742: [GC (GCLocker Initiated GC) [PSYoungGen: 88064K->86242K(175104K)] 149093K->171572K(699392K), 0.0116357 secs] [Times: user=0.15 sys=0.00, real=0.02 secs] 
2016-09-15T12:23:41.841-0400: 248.859: [GC (GCLocker Initiated GC) [PSYoungGen: 174306K->73868K(175104K)] 265898K->220707K(699392K), 0.0108506 secs] [Times: user=0.15 sys=0.00, real=0.01 secs] 
2016-09-15T12:23:41.959-0400: 248.976: [GC (Allocation Failure) [PSYoungGen: 161932K->55187K(175104K)] 308897K->239089K(699392K), 0.0087019 secs] [Times: user=0.12 sys=0.01, real=0.01 secs] 
2016-09-15T12:23:42.081-0400: 249.098: [GC (GCLocker Initiated GC) [PSYoungGen: 143251K->79847K(175104K)] 327159K->282099K(699392K), 0.0129234 secs] [Times: user=0.15 sys=0.00, real=0.01 secs] 
2016-09-15T12:23:42.208-0400: 249.225: [GC (GCLocker Initiated GC) [PSYoungGen: 167911K->73672K(175104K)] 370435K->313289K(699392K), 0.0144772 secs] [Times: user=0.20 sys=0.00, real=0.01 secs] 
2016-09-15T12:23:42.327-0400: 249.344: [GC (GCLocker Initiated GC) [PSYoungGen: 161736K->55387K(175104K)] 401424K->313395K(699392K), 0.0096758 secs] [Times: user=0.09 sys=0.00, real=0.02 secs] 
2016-09-15T12:23:42.455-0400: 249.472: [GC (GCLocker Initiated GC) [PSYoungGen: 143451K->67305K(175104K)] 407616K->380533K(699392K), 0.0106411 secs] [Times: user=0.12 sys=0.00, real=0.01 secs] 
2016-09-15T12:23:42.586-0400: 249.603: [GC (GCLocker Initiated GC) [PSYoungGen: 155369K->85662K(175104K)] 468639K->435526K(699392K), 0.0387765 secs] [Times: user=0.38 sys=0.01, real=0.04 secs] 
2016-09-15T12:23:42.734-0400: 249.751: [GC (GCLocker Initiated GC) [PSYoungGen: 173726K->30631K(175104K)] 523632K->435471K(699392K), 0.0135466 secs] [Times: user=0.09 sys=0.00, real=0.01 secs] 
2016-09-15T12:23:42.852-0400: 249.869: [GC (GCLocker Initiated GC) [PSYoungGen: 118695K->67665K(175104K)] 529647K->496961K(699392K), 0.0213444 secs] [Times: user=0.24 sys=0.01, real=0.02 secs] 
2016-09-15T12:23:42.972-0400: 249.989: [GC (GCLocker Initiated GC) [PSYoungGen: 155729K->86018K(175104K)] 585162K->552357K(699392K), 0.0128337 secs] [Times: user=0.13 sys=0.00, real=0.01 secs] 
2016-09-15T12:23:42.985-0400: 250.002: [Full GC (Ergonomics) [PSYoungGen: 86018K->0K(175104K)] [ParOldGen: 466339K->55067K(524288K)] 552357K->55067K(699392K), [Metaspace: 44554K->44554K(1087488K)], 0.0607449 secs] [Times: user=0.42 sys=0.01, real=0.06 secs] 
2016-09-15T12:23:43.154-0400: 250.171: [GC (GCLocker Initiated GC) [PSYoungGen: 88064K->79847K(175104K)] 149388K->141171K(699392K), 0.0101937 secs] [Times: user=0.08 sys=0.00, real=0.01 secs] 
2016-09-15T12:23:43.278-0400: 250.295: [GC (GCLocker Initiated GC) [PSYoungGen: 167911K->67629K(175104K)] 229332K->178146K(699392K), 0.0101201 secs] [Times: user=0.13 sys=0.01, real=0.01 secs] 
2016-09-15T12:23:43.410-0400: 250.427: [GC (GCLocker Initiated GC) [PSYoungGen: 155693K->61590K(175104K)] 272579K->203027K(699392K), 0.0107617 secs] [Times: user=0.11 sys=0.00, real=0.01 secs] 
2016-09-15T12:23:43.545-0400: 250.562: [GC (GCLocker Initiated GC) [PSYoungGen: 149654K->85594K(175104K)] 291161K->263883K(699392K), 0.0149728 secs] [Times: user=0.18 sys=0.00, real=0.02 secs] 
2016-09-15T12:23:43.671-0400: 250.688: [GC (GCLocker Initiated GC) [PSYoungGen: 173658K->73672K(175104K)] 358253K->307011K(699392K), 0.0136357 secs] [Times: user=0.17 sys=0.01, real=0.01 secs] 
2016-09-15T12:23:43.804-0400: 250.821: [GC (GCLocker Initiated GC) [PSYoungGen: 161736K->61654K(175104K)] 395240K->313674K(699392K), 0.0099248 secs] [Times: user=0.11 sys=0.00, real=0.01 secs] 
2016-09-15T12:23:43.921-0400: 250.938: [GC (GCLocker Initiated GC) [PSYoungGen: 149718K->85954K(175104K)] 401976K->344431K(699392K), 0.0083249 secs] [Times: user=0.11 sys=0.00, real=0.01 secs] 
2016-09-15T12:23:44.053-0400: 251.070: [GC (GCLocker Initiated GC) [PSYoungGen: 174018K->79683K(175104K)] 432666K->362914K(699392K), 0.0107239 secs] [Times: user=0.14 sys=0.00, real=0.01 secs] 
2016-09-15T12:23:44.182-0400: 251.199: [GC (GCLocker Initiated GC) [PSYoungGen: 167747K->67761K(175104K)] 451143K->381675K(699392K), 0.0089824 secs] [Times: user=0.11 sys=0.00, real=0.01 secs] 
2016-09-15T12:23:44.306-0400: 251.323: [GC (Allocation Failure) [PSYoungGen: 155825K->61358K(175104K)] 470480K->412951K(699392K), 0.0098548 secs] [Times: user=0.14 sys=0.00, real=0.02 secs] 
2016-09-15T12:23:44.428-0400: 251.445: [GC (GCLocker Initiated GC) [PSYoungGen: 143351K->73740K(175104K)] 501019K->455843K(699392K), 0.0091569 secs] [Times: user=0.13 sys=0.00, real=0.01 secs] 
2016-09-15T12:23:44.582-0400: 251.599: [GC (GCLocker Initiated GC) [PSYoungGen: 161804K->55383K(175104K)] 544134K->456385K(699392K), 0.0085068 secs] [Times: user=0.10 sys=0.00, real=0.01 secs] 
2016-09-15T12:23:44.713-0400: 251.730: [GC (GCLocker Initiated GC) [PSYoungGen: 143447K->73640K(175104K)] 544692K->493238K(699392K), 0.0094104 secs] [Times: user=0.12 sys=0.00, real=0.01 secs] 
2016-09-15T12:23:44.847-0400: 251.865: [GC (GCLocker Initiated GC) [PSYoungGen: 161704K->55938K(175104K)] 587388K->499983K(699392K), 0.0088865 secs] [Times: user=0.13 sys=0.00, real=0.02 secs] 
2016-09-15T12:23:44.957-0400: 251.974: [GC (GCLocker Initiated GC) [PSYoungGen: 144002K->55547K(175104K)] 588090K->554804K(699392K), 0.0080731 secs] [Times: user=0.12 sys=0.00, real=0.00 secs] 
2016-09-15T12:23:44.965-0400: 251.982: [Full GC (Ergonomics) [PSYoungGen: 55547K->0K(175104K)] [ParOldGen: 499257K->54687K(524288K)] 554804K->54687K(699392K), [Metaspace: 44554K->44554K(1087488K)], 0.0560922 secs] [Times: user=0.39 sys=0.01, real=0.06 secs] 
2016-09-15T12:23:45.114-0400: 252.131: [GC (GCLocker Initiated GC) [PSYoungGen: 88064K->86638K(175104K)] 143022K->147671K(699392K), 0.0144477 secs] [Times: user=0.20 sys=0.00, real=0.02 secs] 
2016-09-15T12:23:45.241-0400: 252.258: [GC (GCLocker Initiated GC) [PSYoungGen: 174702K->67501K(175104K)] 248169K->172531K(699392K), 0.0097157 secs] [Times: user=0.11 sys=0.00, real=0.01 secs] 
2016-09-15T12:23:45.364-0400: 252.381: [GC (GCLocker Initiated GC) [PSYoungGen: 155565K->37058K(175104K)] 260721K->178799K(699392K), 0.0066059 secs] [Times: user=0.09 sys=0.00, real=0.01 secs] 
2016-09-15T12:23:45.459-0400: 252.476: [GC (GCLocker Initiated GC) [PSYoungGen: 125122K->85954K(175104K)] 267057K->246234K(699392K), 0.0107888 secs] [Times: user=0.10 sys=0.01, real=0.01 secs] 
2016-09-15T12:23:45.609-0400: 252.626: [GC (GCLocker Initiated GC) [PSYoungGen: 174018K->55807K(175104K)] 346753K->289919K(699392K), 0.0100467 secs] [Times: user=0.12 sys=0.00, real=0.01 secs] 
2016-09-15T12:23:45.724-0400: 252.741: [GC (GCLocker Initiated GC) [PSYoungGen: 143871K->85434K(175104K)] 378187K->326109K(699392K), 0.0114420 secs] [Times: user=0.10 sys=0.00, real=0.01 secs] 
2016-09-15T12:23:45.854-0400: 252.871: [GC (GCLocker Initiated GC) [PSYoungGen: 173498K->73608K(175104K)] 426577K->387533K(699392K), 0.0241437 secs] [Times: user=0.25 sys=0.00, real=0.03 secs] 
2016-09-15T12:23:46.013-0400: 253.030: [GC (Allocation Failure) [PSYoungGen: 161672K->55287K(175104K)] 481853K->375751K(699392K), 0.0103534 secs] [Times: user=0.11 sys=0.00, real=0.01 secs] 
2016-09-15T12:23:46.127-0400: 253.144: [GC (GCLocker Initiated GC) [PSYoungGen: 143351K->85758K(175104K)] 463821K->430624K(699392K), 0.0172218 secs] [Times: user=0.25 sys=0.00, real=0.02 secs] 
2016-09-15T12:23:46.273-0400: 253.291: [GC (GCLocker Initiated GC) [PSYoungGen: 173822K->55547K(175104K)] 531020K->467547K(699392K), 0.0184716 secs] [Times: user=0.20 sys=0.00, real=0.02 secs] 
2016-09-15T12:23:46.412-0400: 253.429: [GC (GCLocker Initiated GC) [PSYoungGen: 143611K->73676K(175104K)] 555972K->486312K(699392K), 0.0102412 secs] [Times: user=0.09 sys=0.00, real=0.01 secs] 
2016-09-15T12:23:46.557-0400: 253.574: [GC (GCLocker Initiated GC) [PSYoungGen: 161740K->49276K(175104K)] 580616K->486465K(699392K), 0.0107721 secs] [Times: user=0.09 sys=0.00, real=0.01 secs] 
2016-09-15T12:23:46.692-0400: 253.709: [GC (Allocation Failure) [PSYoungGen: 137340K->73544K(175104K)] 574632K->529173K(699392K), 0.0094518 secs] [Times: user=0.07 sys=0.00, real=0.01 secs] 
2016-09-15T12:23:46.701-0400: 253.719: [Full GC (Ergonomics) [PSYoungGen: 73544K->0K(175104K)] [ParOldGen: 455628K->54914K(524288K)] 529173K->54914K(699392K), [Metaspace: 44554K->44554K(1087488K)], 0.0616704 secs] [Times: user=0.53 sys=0.00, real=0.06 secs] 
2016-09-15T12:23:46.891-0400: 253.908: [GC (GCLocker Initiated GC) [PSYoungGen: 86906K->86438K(175104K)] 147895K->153502K(699392K), 0.0077834 secs] [Times: user=0.11 sys=0.00, real=0.01 secs] 
2016-09-15T12:23:47.009-0400: 254.026: [GC (Allocation Failure) [PSYoungGen: 174502K->49144K(175104K)] 247693K->183805K(699392K), 0.0130491 secs] [Times: user=0.14 sys=0.00, real=0.01 secs] 
2016-09-15T12:23:47.126-0400: 254.143: [GC (GCLocker Initiated GC) [PSYoungGen: 137208K->73900K(175104K)] 271874K->226935K(699392K), 0.0085010 secs] [Times: user=0.11 sys=0.00, real=0.01 secs] 
2016-09-15T12:23:47.257-0400: 254.274: [GC (Allocation Failure) [PSYoungGen: 161964K->79911K(175104K)] 327443K->282335K(699392K), 0.0157912 secs] [Times: user=0.20 sys=0.00, real=0.01 secs] 
2016-09-15T12:23:47.397-0400: 254.414: [GC (GCLocker Initiated GC) [PSYoungGen: 167374K->37190K(175104K)] 375874K->288694K(699392K), 0.0091797 secs] [Times: user=0.10 sys=0.01, real=0.00 secs] 
2016-09-15T12:23:47.498-0400: 254.515: [GC (GCLocker Initiated GC) [PSYoungGen: 125254K->85790K(175104K)] 376817K->380021K(699392K), 0.0109510 secs] [Times: user=0.15 sys=0.00, real=0.01 secs] 
2016-09-15T12:23:47.625-0400: 254.642: [GC (GCLocker Initiated GC) [PSYoungGen: 173854K->67665K(175104K)] 474359K->398812K(699392K), 0.0103680 secs] [Times: user=0.10 sys=0.00, real=0.01 secs] 
2016-09-15T12:23:47.740-0400: 254.757: [GC (GCLocker Initiated GC) [PSYoungGen: 155729K->67597K(175104K)] 487396K->442293K(699392K), 0.0094761 secs] [Times: user=0.12 sys=0.00, real=0.01 secs] 
2016-09-15T12:23:47.865-0400: 254.882: [GC (GCLocker Initiated GC) [PSYoungGen: 155661K->73672K(175104K)] 536703K->491332K(699392K), 0.0156468 secs] [Times: user=0.21 sys=0.00, real=0.02 secs] 
2016-09-15T12:23:47.996-0400: 255.013: [GC (GCLocker Initiated GC) [PSYoungGen: 161736K->73708K(175104K)] 579488K->521963K(699392K), 0.0120398 secs] [Times: user=0.12 sys=0.00, real=0.01 secs] 
2016-09-15T12:23:48.115-0400: 255.132: [GC (Allocation Failure) [PSYoungGen: 161772K->61458K(175104K)] 616334K->552958K(699392K), 0.0115148 secs] [Times: user=0.11 sys=0.00, real=0.01 secs] 
2016-09-15T12:23:48.127-0400: 255.144: [Full GC (Ergonomics) [PSYoungGen: 61458K->0K(175104K)] [ParOldGen: 491499K->54926K(524288K)] 552958K->54926K(699392K), [Metaspace: 44554K->44554K(1087488K)], 0.0630887 secs] [Times: user=0.37 sys=0.00, real=0.07 secs] 
2016-09-15T12:23:48.307-0400: 255.324: [GC (GCLocker Initiated GC) [PSYoungGen: 88032K->86242K(175104K)] 143087K->147371K(699392K), 0.0170066 secs] [Times: user=0.19 sys=0.00, real=0.02 secs] 
2016-09-15T12:23:48.436-0400: 255.453: [GC (Allocation Failure) [PSYoungGen: 174306K->43137K(175104K)] 241737K->135383K(699392K), 0.0118219 secs] [Times: user=0.07 sys=0.01, real=0.01 secs] 
2016-09-15T12:23:48.558-0400: 255.575: [GC (GCLocker Initiated GC) [PSYoungGen: 131201K->74064K(175104K)] 223453K->184996K(699392K), 0.0083218 secs] [Times: user=0.09 sys=0.00, real=0.00 secs] 
2016-09-15T12:23:48.694-0400: 255.711: [GC (GCLocker Initiated GC) [PSYoungGen: 162128K->55415K(175104K)] 285281K->215153K(699392K), 0.0093292 secs] [Times: user=0.13 sys=0.00, real=0.01 secs] 
2016-09-15T12:23:48.876-0400: 255.893: [GC (Allocation Failure) [PSYoungGen: 143479K->61166K(175104K)] 309390K->227164K(699392K), 0.0100602 secs] [Times: user=0.07 sys=0.00, real=0.00 secs] 
2016-09-15T12:23:49.013-0400: 256.030: [GC (GCLocker Initiated GC) [PSYoungGen: 149230K->73412K(175104K)] 315234K->263867K(699392K), 0.0087187 secs] [Times: user=0.10 sys=0.00, real=0.01 secs] 
2016-09-15T12:23:49.136-0400: 256.154: [GC (Allocation Failure) [PSYoungGen: 161476K->80075K(175104K)] 358300K->295251K(699392K), 0.0127125 secs] [Times: user=0.17 sys=0.00, real=0.01 secs] 
2016-09-15T12:23:49.259-0400: 256.276: [GC (GCLocker Initiated GC) [PSYoungGen: 168139K->61654K(175104K)] 383321K->337910K(699392K), 0.0124653 secs] [Times: user=0.17 sys=0.00, real=0.01 secs] 
2016-09-15T12:23:49.351-0400: 256.368: [GC (GCLocker Initiated GC) [PSYoungGen: 149718K->85886K(175104K)] 426149K->423547K(699392K), 0.0111893 secs] [Times: user=0.16 sys=0.00, real=0.01 secs] 
2016-09-15T12:23:49.457-0400: 256.474: [GC (GCLocker Initiated GC) [PSYoungGen: 173950K->67665K(175104K)] 517916K->466425K(699392K), 0.0123798 secs] [Times: user=0.12 sys=0.00, real=0.01 secs] 
2016-09-15T12:23:49.586-0400: 256.603: [GC (GCLocker Initiated GC) [PSYoungGen: 155729K->73544K(175104K)] 554548K->521238K(699392K), 0.0240014 secs] [Times: user=0.28 sys=0.02, real=0.03 secs] 
2016-09-15T12:23:49.610-0400: 256.627: [Full GC (Ergonomics) [PSYoungGen: 73544K->0K(175104K)] [ParOldGen: 447694K->49010K(524288K)] 521238K->49010K(699392K), [Metaspace: 44554K->44554K(1087488K)], 0.0587268 secs] [Times: user=0.48 sys=0.00, real=0.06 secs] 
2016-09-15T12:23:49.778-0400: 256.795: [GC (Allocation Failure) [PSYoungGen: 88064K->86274K(175104K)] 143498K->141709K(699392K), 0.0097278 secs] [Times: user=0.14 sys=0.00, real=0.01 secs] 
2016-09-15T12:23:49.886-0400: 256.903: [GC (Allocation Failure) [PSYoungGen: 168741K->55219K(175104K)] 224176K->147815K(699392K), 0.0120422 secs] [Times: user=0.17 sys=0.00, real=0.02 secs] 
2016-09-15T12:23:49.992-0400: 257.009: [GC (GCLocker Initiated GC) [PSYoungGen: 139778K->74164K(175104K)] 238449K->191195K(699392K), 0.0080519 secs] [Times: user=0.12 sys=0.00, real=0.01 secs] 
2016-09-15T12:23:50.130-0400: 257.147: [GC (Allocation Failure) [PSYoungGen: 162228K->55415K(175104K)] 279559K->191458K(699392K), 0.0081045 secs] [Times: user=0.11 sys=0.00, real=0.01 secs] 
2016-09-15T12:23:50.256-0400: 257.273: [GC (GCLocker Initiated GC) [PSYoungGen: 141259K->73804K(175104K)] 283378K->234487K(699392K), 0.0098552 secs] [Times: user=0.10 sys=0.00, real=0.00 secs] 
2016-09-15T12:23:50.363-0400: 257.380: [GC (GCLocker Initiated GC) [PSYoungGen: 161868K->55383K(175104K)] 322721K->234933K(699392K), 0.0082311 secs] [Times: user=0.12 sys=0.00, real=0.01 secs] 
2016-09-15T12:23:50.476-0400: 257.493: [GC (GCLocker Initiated GC) [PSYoungGen: 143447K->73904K(175104K)] 323161K->272126K(699392K), 0.0130065 secs] [Times: user=0.14 sys=0.00, real=0.01 secs] 
2016-09-15T12:23:50.602-0400: 257.619: [GC (GCLocker Initiated GC) [PSYoungGen: 161968K->85626K(175104K)] 366334K->302466K(699392K), 0.0097855 secs] [Times: user=0.14 sys=0.00, real=0.01 secs] 
2016-09-15T12:23:50.717-0400: 257.734: [GC (GCLocker Initiated GC) [PSYoungGen: 173690K->85986K(175104K)] 390645K->351716K(699392K), 0.0139200 secs] [Times: user=0.20 sys=0.00, real=0.01 secs] 
2016-09-15T12:23:50.855-0400: 257.872: [GC (GCLocker Initiated GC) [PSYoungGen: 174050K->79651K(175104K)] 445936K->400780K(699392K), 0.0105450 secs] [Times: user=0.14 sys=0.01, real=0.01 secs] 
2016-09-15T12:23:50.993-0400: 258.010: [GC (GCLocker Initiated GC) [PSYoungGen: 167715K->67601K(175104K)] 489166K->431868K(699392K), 0.0205104 secs] [Times: user=0.22 sys=0.00, real=0.02 secs] 
2016-09-15T12:23:51.109-0400: 258.126: [GC (GCLocker Initiated GC) [PSYoungGen: 155665K->55283K(175104K)] 520019K->456363K(699392K), 0.0102630 secs] [Times: user=0.08 sys=0.00, real=0.01 secs] 
2016-09-15T12:23:51.224-0400: 258.241: [GC (Allocation Failure) [PSYoungGen: 143347K->73936K(175104K)] 544591K->493532K(699392K), 0.0157262 secs] [Times: user=0.18 sys=0.00, real=0.02 secs] 
2016-09-15T12:23:51.357-0400: 258.374: [GC (GCLocker Initiated GC) [PSYoungGen: 156245K->55611K(175104K)] 581917K->499971K(699392K), 0.0196352 secs] [Times: user=0.25 sys=0.00, real=0.02 secs] 
2016-09-15T12:23:51.501-0400: 258.519: [Full GC (Ergonomics) [PSYoungGen: 143675K->0K(175104K)] [ParOldGen: 462711K->53552K(524288K)] 606386K->53552K(699392K), [Metaspace: 44554K->44554K(1087488K)], 0.0669492 secs] [Times: user=0.42 sys=0.01, real=0.07 secs] 
2016-09-15T12:23:51.674-0400: 258.691: [GC (GCLocker Initiated GC) [PSYoungGen: 88064K->74092K(175104K)] 153949K->139977K(699392K), 0.0075642 secs] [Times: user=0.09 sys=0.00, real=0.01 secs] 
2016-09-15T12:23:51.811-0400: 258.828: [GC (Allocation Failure) [PSYoungGen: 162156K->79519K(175104K)] 234225K->188773K(699392K), 0.0273901 secs] [Times: user=0.35 sys=0.00, real=0.03 secs] 
2016-09-15T12:23:51.960-0400: 258.977: [GC (Allocation Failure) [PSYoungGen: 163834K->49244K(175104K)] 273088K->201150K(699392K), 0.0252109 secs] [Times: user=0.28 sys=0.00, real=0.02 secs] 
2016-09-15T12:23:52.099-0400: 259.116: [GC (GCLocker Initiated GC) [PSYoungGen: 134775K->73576K(175104K)] 292757K->250042K(699392K), 0.0124725 secs] [Times: user=0.12 sys=0.00, real=0.01 secs] 
2016-09-15T12:23:52.245-0400: 259.262: [GC (GCLocker Initiated GC) [PSYoungGen: 161640K->49276K(175104K)] 338119K->274474K(699392K), 0.0316352 secs] [Times: user=0.35 sys=0.00, real=0.04 secs] 
2016-09-15T12:23:52.378-0400: 259.395: [GC (GCLocker Initiated GC) [PSYoungGen: 137340K->73936K(175104K)] 362832K->317788K(699392K), 0.0095597 secs] [Times: user=0.10 sys=0.00, real=0.01 secs] 
2016-09-15T12:23:52.503-0400: 259.520: [GC (GCLocker Initiated GC) [PSYoungGen: 162000K->37290K(175104K)] 424299K->318057K(699392K), 0.0078465 secs] [Times: user=0.06 sys=0.00, real=0.01 secs] 
2016-09-15T12:23:52.630-0400: 259.647: [GC (GCLocker Initiated GC) [PSYoungGen: 125354K->74032K(175104K)] 412343K->361329K(699392K), 0.0097452 secs] [Times: user=0.13 sys=0.00, real=0.01 secs] 
2016-09-15T12:23:52.756-0400: 259.773: [GC (GCLocker Initiated GC) [PSYoungGen: 162096K->37158K(175104K)] 461550K->355137K(699392K), 0.0079673 secs] [Times: user=0.12 sys=0.00, real=0.00 secs] 
2016-09-15T12:23:52.898-0400: 259.915: [GC (GCLocker Initiated GC) [PSYoungGen: 125222K->55255K(175104K)] 443231K->373392K(699392K), 0.0079108 secs] [Times: user=0.11 sys=0.00, real=0.00 secs] 
2016-09-15T12:23:53.029-0400: 260.046: [GC (GCLocker Initiated GC) [PSYoungGen: 143319K->79715K(175104K)] 461548K->416452K(699392K), 0.0097617 secs] [Times: user=0.11 sys=0.00, real=0.01 secs] 
2016-09-15T12:23:53.137-0400: 260.154: [GC (GCLocker Initiated GC) [PSYoungGen: 167779K->73640K(175104K)] 510723K->477642K(699392K), 0.0097288 secs] [Times: user=0.13 sys=0.00, real=0.00 secs] 
2016-09-15T12:23:53.264-0400: 260.281: [GC (GCLocker Initiated GC) [PSYoungGen: 161704K->67633K(175104K)] 565909K->490355K(699392K), 0.0111869 secs] [Times: user=0.10 sys=0.00, real=0.01 secs] 
2016-09-15T12:23:53.400-0400: 260.417: [GC (GCLocker Initiated GC) [PSYoungGen: 155697K->61266K(175104K)] 578454K->484439K(699392K), 0.0109171 secs] [Times: user=0.08 sys=0.00, real=0.01 secs] 
2016-09-15T12:23:53.514-0400: 260.531: [GC (GCLocker Initiated GC) [PSYoungGen: 149330K->73608K(175104K)] 578765K->521568K(699392K), 0.0101413 secs] [Times: user=0.13 sys=0.00, real=0.01 secs] 
2016-09-15T12:23:53.654-0400: 260.671: [GC (GCLocker Initiated GC) [PSYoungGen: 161672K->55842K(175104K)] 616007K->510469K(699392K), 0.0069965 secs] [Times: user=0.09 sys=0.01, real=0.01 secs] 
2016-09-15T12:23:53.802-0400: 260.819: [Full GC (Ergonomics) [PSYoungGen: 143906K->0K(175104K)] [ParOldGen: 467020K->53911K(524288K)] 610927K->53911K(699392K), [Metaspace: 44554K->44554K(1087488K)], 0.0601162 secs] [Times: user=0.47 sys=0.01, real=0.06 secs] 
2016-09-15T12:23:53.987-0400: 261.004: [GC (GCLocker Initiated GC) [PSYoungGen: 85575K->86210K(175104K)] 145561K->152271K(699392K), 0.0135142 secs] [Times: user=0.19 sys=0.00, real=0.02 secs] 
2016-09-15T12:23:54.089-0400: 261.106: [GC (GCLocker Initiated GC) [PSYoungGen: 174274K->86214K(175104K)] 240596K->207774K(699392K), 0.0096831 secs] [Times: user=0.14 sys=0.00, real=0.01 secs] 
2016-09-15T12:23:54.217-0400: 261.235: [GC (Allocation Failure) [PSYoungGen: 174278K->37094K(175104K)] 308192K->219907K(699392K), 0.0080265 secs] [Times: user=0.08 sys=0.00, real=0.00 secs] 
2016-09-15T12:23:54.357-0400: 261.374: [GC (GCLocker Initiated GC) [PSYoungGen: 125158K->73708K(175104K)] 307977K->256655K(699392K), 0.0241604 secs] [Times: user=0.29 sys=0.00, real=0.02 secs] 
2016-09-15T12:23:54.504-0400: 261.521: [GC (GCLocker Initiated GC) [PSYoungGen: 161772K->49408K(175104K)] 356933K->299348K(699392K), 0.0194171 secs] [Times: user=0.20 sys=0.00, real=0.02 secs] 
2016-09-15T12:23:54.657-0400: 261.674: [GC (GCLocker Initiated GC) [PSYoungGen: 137472K->43301K(175104K)] 387577K->336058K(699392K), 0.0148361 secs] [Times: user=0.15 sys=0.00, real=0.01 secs] 
2016-09-15T12:23:54.783-0400: 261.800: [GC (GCLocker Initiated GC) [PSYoungGen: 131365K->55091K(175104K)] 430362K->390822K(699392K), 0.0116733 secs] [Times: user=0.12 sys=0.00, real=0.01 secs] 
2016-09-15T12:23:54.910-0400: 261.927: [GC (GCLocker Initiated GC) [PSYoungGen: 143155K->55515K(175104K)] 485238K->428101K(699392K), 0.0174089 secs] [Times: user=0.20 sys=0.00, real=0.01 secs] 
2016-09-15T12:23:55.035-0400: 262.052: [GC (GCLocker Initiated GC) [PSYoungGen: 143579K->79747K(175104K)] 522277K->489144K(699392K), 0.0144727 secs] [Times: user=0.17 sys=0.00, real=0.02 secs] 
2016-09-15T12:23:55.170-0400: 262.187: [GC (GCLocker Initiated GC) [PSYoungGen: 167811K->37261K(175104K)] 583305K->471084K(699392K), 0.0110795 secs] [Times: user=0.12 sys=0.00, real=0.01 secs] 
2016-09-15T12:23:55.289-0400: 262.306: [GC (GCLocker Initiated GC) [PSYoungGen: 125325K->61166K(175104K)] 559346K->513843K(699392K), 0.0112115 secs] [Times: user=0.11 sys=0.00, real=0.01 secs] 
2016-09-15T12:23:55.403-0400: 262.420: [Full GC (Ergonomics) [PSYoungGen: 149230K->0K(175104K)] [ParOldGen: 458805K->53768K(524288K)] 608035K->53768K(699392K), [Metaspace: 44555K->44555K(1087488K)], 0.0631535 secs] [Times: user=0.34 sys=0.01, real=0.06 secs] 
2016-09-15T12:23:55.567-0400: 262.584: [GC (GCLocker Initiated GC) [PSYoungGen: 88064K->86694K(175104K)] 147993K->170924K(699392K), 0.0094535 secs] [Times: user=0.14 sys=0.00, real=0.02 secs] 
2016-09-15T12:23:55.695-0400: 262.713: [GC (GCLocker Initiated GC) [PSYoungGen: 174758K->73836K(175104K)] 265267K->220183K(699392K), 0.0109751 secs] [Times: user=0.14 sys=0.01, real=0.01 secs] 
2016-09-15T12:23:55.841-0400: 262.858: [GC (GCLocker Initiated GC) [PSYoungGen: 161900K->67533K(175104K)] 320467K->244617K(699392K), 0.0110005 secs] [Times: user=0.10 sys=0.00, real=0.01 secs] 
2016-09-15T12:23:55.989-0400: 263.006: [GC (GCLocker Initiated GC) [PSYoungGen: 155597K->37290K(175104K)] 351255K->287759K(699392K), 0.0206382 secs] [Times: user=0.25 sys=0.00, real=0.02 secs] 
2016-09-15T12:23:56.124-0400: 263.141: [GC (Allocation Failure) [PSYoungGen: 125354K->79715K(175104K)] 375859K->330519K(699392K), 0.0092599 secs] [Times: user=0.13 sys=0.00, real=0.01 secs] 
2016-09-15T12:23:56.234-0400: 263.251: [GC (GCLocker Initiated GC) [PSYoungGen: 165846K->61654K(175104K)] 422725K->379599K(699392K), 0.0212412 secs] [Times: user=0.26 sys=0.01, real=0.02 secs] 
2016-09-15T12:23:56.349-0400: 263.366: [GC (GCLocker Initiated GC) [PSYoungGen: 149718K->61458K(175104K)] 467711K->398132K(699392K), 0.0090664 secs] [Times: user=0.09 sys=0.00, real=0.01 secs] 
2016-09-15T12:23:56.464-0400: 263.481: [GC (GCLocker Initiated GC) [PSYoungGen: 149522K->73836K(175104K)] 492475K->453554K(699392K), 0.0091127 secs] [Times: user=0.13 sys=0.00, real=0.01 secs] 
2016-09-15T12:23:56.586-0400: 263.603: [GC (GCLocker Initiated GC) [PSYoungGen: 161900K->73640K(175104K)] 541624K->453655K(699392K), 0.0090091 secs] [Times: user=0.09 sys=0.00, real=0.01 secs] 
2016-09-15T12:23:56.706-0400: 263.723: [GC (GCLocker Initiated GC) [PSYoungGen: 161704K->85758K(175104K)] 541767K->502586K(699392K), 0.0127624 secs] [Times: user=0.18 sys=0.00, real=0.02 secs] 
2016-09-15T12:23:56.866-0400: 263.883: [GC (Allocation Failure) [PSYoungGen: 173822K->30955K(175104K)] 609623K->503309K(699392K), 0.0170521 secs] [Times: user=0.18 sys=0.00, real=0.02 secs] 
2016-09-15T12:23:56.883-0400: 263.900: [Full GC (Ergonomics) [PSYoungGen: 30955K->0K(175104K)] [ParOldGen: 472354K->53932K(524288K)] 503309K->53932K(699392K), [Metaspace: 44556K->44556K(1087488K)], 0.0541975 secs] [Times: user=0.32 sys=0.02, real=0.06 secs] 
2016-09-15T12:23:57.063-0400: 264.080: [GC (Allocation Failure) [PSYoungGen: 84199K->55487K(175104K)] 138131K->109419K(699392K), 0.0101685 secs] [Times: user=0.08 sys=0.00, real=0.01 secs] 
2016-09-15T12:23:57.160-0400: 264.177: [GC (GCLocker Initiated GC) [PSYoungGen: 143551K->85690K(175104K)] 197489K->207440K(699392K), 0.0104813 secs] [Times: user=0.15 sys=0.00, real=0.01 secs] 
2016-09-15T12:23:57.280-0400: 264.298: [GC (GCLocker Initiated GC) [PSYoungGen: 173754K->67761K(175104K)] 301817K->268884K(699392K), 0.0100203 secs] [Times: user=0.15 sys=0.00, real=0.01 secs] 
2016-09-15T12:23:57.420-0400: 264.437: [GC (GCLocker Initiated GC) [PSYoungGen: 155825K->74032K(175104K)] 363221K->281915K(699392K), 0.0076157 secs] [Times: user=0.11 sys=0.01, real=0.00 secs] 
2016-09-15T12:23:57.556-0400: 264.574: [GC (GCLocker Initiated GC) [PSYoungGen: 162096K->55415K(175104K)] 376214K->287869K(699392K), 0.0094560 secs] [Times: user=0.08 sys=0.00, real=0.00 secs] 
2016-09-15T12:23:57.708-0400: 264.726: [GC (GCLocker Initiated GC) [PSYoungGen: 143479K->37322K(175104K)] 388393K->282332K(699392K), 0.0085847 secs] [Times: user=0.08 sys=0.00, real=0.01 secs] 
2016-09-15T12:23:57.831-0400: 264.848: [GC (GCLocker Initiated GC) [PSYoungGen: 125386K->85854K(175104K)] 370651K->349668K(699392K), 0.0083763 secs] [Times: user=0.13 sys=0.00, real=0.01 secs] 
2016-09-15T12:23:57.946-0400: 264.963: [GC (GCLocker Initiated GC) [PSYoungGen: 173918K->55611K(175104K)] 443838K->374283K(699392K), 0.0093014 secs] [Times: user=0.12 sys=0.00, real=0.02 secs] 
2016-09-15T12:23:58.056-0400: 265.073: [GC (GCLocker Initiated GC) [PSYoungGen: 143675K->86314K(175104K)] 462389K->466265K(699392K), 0.0116638 secs] [Times: user=0.16 sys=0.00, real=0.01 secs] 
2016-09-15T12:23:58.181-0400: 265.198: [GC (Allocation Failure) [PSYoungGen: 174378K->49244K(175104K)] 554348K->508645K(699392K), 0.0110509 secs] [Times: user=0.12 sys=0.00, real=0.01 secs] 
2016-09-15T12:23:58.192-0400: 265.209: [Full GC (Ergonomics) [PSYoungGen: 49244K->0K(175104K)] [ParOldGen: 459401K->42140K(524288K)] 508645K->42140K(699392K), [Metaspace: 44558K->44558K(1087488K)], 0.0608341 secs] [Times: user=0.49 sys=0.01, real=0.06 secs] 
2016-09-15T12:23:58.369-0400: 265.386: [GC (GCLocker Initiated GC) [PSYoungGen: 88064K->86178K(175104K)] 130210K->128324K(699392K), 0.0086566 secs] [Times: user=0.12 sys=0.00, real=0.01 secs] 
2016-09-15T12:23:58.493-0400: 265.510: [GC (GCLocker Initiated GC) [PSYoungGen: 174242K->79779K(175104K)] 216451K->159002K(699392K), 0.0126439 secs] [Times: user=0.14 sys=0.01, real=0.01 secs] 
2016-09-15T12:23:58.637-0400: 265.654: [GC (GCLocker Initiated GC) [PSYoungGen: 167843K->80075K(175104K)] 253238K->202244K(699392K), 0.0097126 secs] [Times: user=0.14 sys=0.00, real=0.00 secs] 
2016-09-15T12:23:58.744-0400: 265.761: [GC (GCLocker Initiated GC) [PSYoungGen: 168139K->73412K(175104K)] 290618K->244790K(699392K), 0.0095675 secs] [Times: user=0.13 sys=0.00, real=0.01 secs] 
2016-09-15T12:23:58.871-0400: 265.889: [GC (GCLocker Initiated GC) [PSYoungGen: 161476K->86182K(175104K)] 333087K->312619K(699392K), 0.0124342 secs] [Times: user=0.18 sys=0.00, real=0.01 secs] 
2016-09-15T12:23:59.010-0400: 266.027: [GC (GCLocker Initiated GC) [PSYoungGen: 174246K->49280K(175104K)] 413054K->300481K(699392K), 0.0248698 secs] [Times: user=0.24 sys=0.00, real=0.02 secs] 
2016-09-15T12:23:59.126-0400: 266.143: [GC (GCLocker Initiated GC) [PSYoungGen: 137344K->73508K(175104K)] 388918K->343606K(699392K), 0.0075906 secs] [Times: user=0.10 sys=0.00, real=0.01 secs] 
2016-09-15T12:23:59.233-0400: 266.250: [GC (GCLocker Initiated GC) [PSYoungGen: 161572K->86413K(175104K)] 431992K->393443K(699392K), 0.0105468 secs] [Times: user=0.15 sys=0.00, real=0.01 secs] 
2016-09-15T12:23:59.348-0400: 266.366: [GC (GCLocker Initiated GC) [PSYoungGen: 174477K->73476K(175104K)] 481683K->424186K(699392K), 0.0097228 secs] [Times: user=0.15 sys=0.00, real=0.01 secs] 
2016-09-15T12:23:59.460-0400: 266.478: [GC (GCLocker Initiated GC) [PSYoungGen: 161540K->86018K(175104K)] 512275K->479421K(699392K), 0.0098682 secs] [Times: user=0.14 sys=0.00, real=0.01 secs] 
2016-09-15T12:23:59.604-0400: 266.621: [GC (GCLocker Initiated GC) [PSYoungGen: 174082K->73540K(175104K)] 567490K->522111K(699392K), 0.0091167 secs] [Times: user=0.14 sys=0.00, real=0.01 secs] 
2016-09-15T12:23:59.613-0400: 266.630: [Full GC (Ergonomics) [PSYoungGen: 73540K->0K(175104K)] [ParOldGen: 448571K->48142K(524288K)] 522111K->48142K(699392K), [Metaspace: 44559K->44559K(1087488K)], 0.0581875 secs] [Times: user=0.45 sys=0.00, real=0.06 secs] 
2016-09-15T12:23:59.789-0400: 266.807: [GC (GCLocker Initiated GC) [PSYoungGen: 88064K->86374K(175104K)] 136353K->158964K(699392K), 0.0099002 secs] [Times: user=0.15 sys=0.00, real=0.01 secs] 
2016-09-15T12:23:59.910-0400: 266.927: [GC (GCLocker Initiated GC) [PSYoungGen: 174438K->73608K(175104K)] 253261K->213957K(699392K), 0.0130651 secs] [Times: user=0.17 sys=0.00, real=0.01 secs] 
2016-09-15T12:24:00.061-0400: 267.078: [GC (GCLocker Initiated GC) [PSYoungGen: 161672K->37158K(175104K)] 314297K->189902K(699392K), 0.0064877 secs] [Times: user=0.09 sys=0.00, real=0.00 secs] 
2016-09-15T12:24:00.193-0400: 267.210: [GC (GCLocker Initiated GC) [PSYoungGen: 125222K->37386K(175104K)] 284144K->196608K(699392K), 0.0096913 secs] [Times: user=0.14 sys=0.00, real=0.01 secs] 
2016-09-15T12:24:00.293-0400: 267.310: [GC (GCLocker Initiated GC) [PSYoungGen: 125450K->85658K(175104K)] 284714K->257412K(699392K), 0.0092753 secs] [Times: user=0.13 sys=0.01, real=0.01 secs] 
2016-09-15T12:24:00.395-0400: 267.412: [GC (GCLocker Initiated GC) [PSYoungGen: 173722K->86150K(175104K)] 345540K->349237K(699392K), 0.0111346 secs] [Times: user=0.16 sys=0.00, real=0.01 secs] 
2016-09-15T12:24:00.510-0400: 267.528: [GC (GCLocker Initiated GC) [PSYoungGen: 174214K->73804K(175104K)] 437349K->434791K(699392K), 0.0117332 secs] [Times: user=0.17 sys=0.00, real=0.01 secs] 
2016-09-15T12:24:00.632-0400: 267.649: [GC (GCLocker Initiated GC) [PSYoungGen: 161868K->67401K(175104K)] 523092K->471442K(699392K), 0.0089917 secs] [Times: user=0.11 sys=0.01, real=0.01 secs] 
2016-09-15T12:24:00.748-0400: 267.765: [GC (GCLocker Initiated GC) [PSYoungGen: 155465K->85954K(175104K)] 565841K->502540K(699392K), 0.0087869 secs] [Times: user=0.13 sys=0.00, real=0.01 secs] 
2016-09-15T12:24:00.757-0400: 267.774: [Full GC (Ergonomics) [PSYoungGen: 85954K->0K(175104K)] [ParOldGen: 416586K->54008K(524288K)] 502540K->54008K(699392K), [Metaspace: 44566K->44566K(1087488K)], 0.0647561 secs] [Times: user=0.62 sys=0.01, real=0.06 secs] 
2016-09-15T12:24:00.937-0400: 267.954: [GC (GCLocker Initiated GC) [PSYoungGen: 88064K->86078K(175104K)] 142114K->164428K(699392K), 0.0086659 secs] [Times: user=0.13 sys=0.00, real=0.00 secs] 
2016-09-15T12:24:01.052-0400: 268.069: [GC (GCLocker Initiated GC) [PSYoungGen: 174142K->85822K(175104K)] 252618K->219521K(699392K), 0.0099814 secs] [Times: user=0.13 sys=0.01, real=0.01 secs] 
2016-09-15T12:24:01.171-0400: 268.188: [GC (GCLocker Initiated GC) [PSYoungGen: 173886K->61554K(175104K)] 307811K->262644K(699392K), 0.0104778 secs] [Times: user=0.14 sys=0.01, real=0.01 secs] 
2016-09-15T12:24:01.290-0400: 268.307: [GC (GCLocker Initiated GC) [PSYoungGen: 149618K->74196K(175104K)] 357077K->281970K(699392K), 0.0079032 secs] [Times: user=0.11 sys=0.00, real=0.01 secs] 
2016-09-15T12:24:01.447-0400: 268.464: [GC (GCLocker Initiated GC) [PSYoungGen: 162260K->55383K(175104K)] 370064K->281736K(699392K), 0.0089545 secs] [Times: user=0.11 sys=0.01, real=0.02 secs] 
2016-09-15T12:24:01.563-0400: 268.580: [GC (GCLocker Initiated GC) [PSYoungGen: 143447K->79715K(175104K)] 369987K->306523K(699392K), 0.0120450 secs] [Times: user=0.18 sys=0.00, real=0.01 secs] 
2016-09-15T12:24:01.694-0400: 268.711: [GC (GCLocker Initiated GC) [PSYoungGen: 167779K->67565K(175104K)] 394611K->337213K(699392K), 0.0185142 secs] [Times: user=0.21 sys=0.01, real=0.02 secs] 
2016-09-15T12:24:01.847-0400: 268.865: [GC (GCLocker Initiated GC) [PSYoungGen: 155629K->79487K(175104K)] 437486K->373810K(699392K), 0.0116128 secs] [Times: user=0.12 sys=0.00, real=0.02 secs] 
2016-09-15T12:24:01.995-0400: 269.012: [GC (GCLocker Initiated GC) [PSYoungGen: 167551K->43137K(175104K)] 468097K->368102K(699392K), 0.0142776 secs] [Times: user=0.15 sys=0.01, real=0.02 secs] 
2016-09-15T12:24:02.125-0400: 269.142: [GC (GCLocker Initiated GC) [PSYoungGen: 131201K->43333K(175104K)] 468460K->411235K(699392K), 0.0160546 secs] [Times: user=0.13 sys=0.00, real=0.02 secs] 
2016-09-15T12:24:02.274-0400: 269.291: [GC (GCLocker Initiated GC) [PSYoungGen: 131397K->79715K(175104K)] 499458K->466308K(699392K), 0.0102086 secs] [Times: user=0.12 sys=0.00, real=0.01 secs] 
2016-09-15T12:24:02.412-0400: 269.429: [GC (Allocation Failure) [PSYoungGen: 167779K->43365K(175104K)] 560623K->454569K(699392K), 0.0128642 secs] [Times: user=0.18 sys=0.00, real=0.01 secs] 
2016-09-15T12:24:02.515-0400: 269.533: [GC (GCLocker Initiated GC) [PSYoungGen: 131429K->85758K(175104K)] 542639K->533742K(699392K), 0.0103732 secs] [Times: user=0.16 sys=0.01, real=0.01 secs] 
2016-09-15T12:24:02.526-0400: 269.543: [Full GC (Ergonomics) [PSYoungGen: 85758K->0K(175104K)] [ParOldGen: 447984K->54365K(524288K)] 533742K->54365K(699392K), [Metaspace: 44571K->44571K(1087488K)], 0.0577712 secs] [Times: user=0.41 sys=0.00, real=0.06 secs] 
2016-09-15T12:24:02.678-0400: 269.695: [GC (GCLocker Initiated GC) [PSYoungGen: 88064K->86178K(175104K)] 142706K->146895K(699392K), 0.0096030 secs] [Times: user=0.12 sys=0.00, real=0.00 secs] 
2016-09-15T12:24:02.807-0400: 269.824: [GC (GCLocker Initiated GC) [PSYoungGen: 174242K->85954K(175104K)] 235102K->171693K(699392K), 0.0121305 secs] [Times: user=0.17 sys=0.01, real=0.02 secs] 
2016-09-15T12:24:02.946-0400: 269.963: [GC (GCLocker Initiated GC) [PSYoungGen: 174015K->67501K(175104K)] 266146K->202792K(699392K), 0.0159877 secs] [Times: user=0.21 sys=0.01, real=0.02 secs] 
2016-09-15T12:24:03.071-0400: 270.088: [GC (GCLocker Initiated GC) [PSYoungGen: 155565K->79715K(175104K)] 291049K->233723K(699392K), 0.0093519 secs] [Times: user=0.11 sys=0.00, real=0.01 secs] 
2016-09-15T12:24:03.203-0400: 270.220: [GC (GCLocker Initiated GC) [PSYoungGen: 167779K->85658K(175104K)] 321941K->264412K(699392K), 0.0194190 secs] [Times: user=0.23 sys=0.00, real=0.02 secs] 
2016-09-15T12:24:03.327-0400: 270.344: [GC (Allocation Failure) [PSYoungGen: 173722K->85630K(175104K)] 352696K->276865K(699392K), 0.0119139 secs] [Times: user=0.10 sys=0.00, real=0.02 secs] 
2016-09-15T12:24:03.452-0400: 270.469: [GC (GCLocker Initiated GC) [PSYoungGen: 173693K->61818K(175104K)] 364934K->301959K(699392K), 0.0221988 secs] [Times: user=0.25 sys=0.01, real=0.02 secs] 
2016-09-15T12:24:03.586-0400: 270.603: [GC (GCLocker Initiated GC) [PSYoungGen: 149882K->55323K(175104K)] 390238K->295759K(699392K), 0.0215635 secs] [Times: user=0.22 sys=0.01, real=0.02 secs] 
2016-09-15T12:24:03.699-0400: 270.717: [GC (GCLocker Initiated GC) [PSYoungGen: 143387K->79619K(175104K)] 384033K->338921K(699392K), 0.0119123 secs] [Times: user=0.11 sys=0.00, real=0.01 secs] 
2016-09-15T12:24:03.838-0400: 270.856: [GC (GCLocker Initiated GC) [PSYoungGen: 167683K->61558K(175104K)] 433097K->357647K(699392K), 0.0119026 secs] [Times: user=0.10 sys=0.00, real=0.01 secs] 
2016-09-15T12:24:03.976-0400: 270.993: [GC (Allocation Failure) [PSYoungGen: 149622K->55187K(175104K)] 446005K->394558K(699392K), 0.0125319 secs] [Times: user=0.13 sys=0.00, real=0.01 secs] 
2016-09-15T12:24:04.097-0400: 271.114: [GC (Allocation Failure) [PSYoungGen: 142499K->49536K(175104K)] 481870K->431576K(699392K), 0.0211240 secs] [Times: user=0.26 sys=0.00, real=0.02 secs] 
2016-09-15T12:24:04.242-0400: 271.259: [GC (GCLocker Initiated GC) [PSYoungGen: 137600K->85790K(175104K)] 519645K->492451K(699392K), 0.0118759 secs] [Times: user=0.13 sys=0.00, real=0.01 secs] 
2016-09-15T12:24:04.374-0400: 271.391: [GC (GCLocker Initiated GC) [PSYoungGen: 173854K->61362K(175104K)] 580574K->486434K(699392K), 0.0099616 secs] [Times: user=0.10 sys=0.01, real=0.01 secs] 
2016-09-15T12:24:04.489-0400: 271.506: [GC (GCLocker Initiated GC) [PSYoungGen: 149426K->73836K(175104K)] 574553K->547715K(699392K), 0.0152538 secs] [Times: user=0.20 sys=0.00, real=0.01 secs] 
2016-09-15T12:24:04.504-0400: 271.521: [Full GC (Ergonomics) [PSYoungGen: 73836K->0K(175104K)] [ParOldGen: 473879K->54623K(524288K)] 547715K->54623K(699392K), [Metaspace: 44577K->44577K(1087488K)], 0.0585876 secs] [Times: user=0.44 sys=0.02, real=0.06 secs] 
2016-09-15T12:24:04.661-0400: 271.678: [GC (GCLocker Initiated GC) [PSYoungGen: 88064K->86274K(175104K)] 142734K->165244K(699392K), 0.0087979 secs] [Times: user=0.13 sys=0.00, real=0.01 secs] 
2016-09-15T12:24:04.775-0400: 271.792: [GC (GCLocker Initiated GC) [PSYoungGen: 174338K->43496K(175104K)] 259722K->178005K(699392K), 0.0129292 secs] [Times: user=0.13 sys=0.01, real=0.02 secs] 
2016-09-15T12:24:04.919-0400: 271.937: [GC (GCLocker Initiated GC) [PSYoungGen: 131560K->37354K(175104K)] 278249K->202575K(699392K), 0.0075052 secs] [Times: user=0.11 sys=0.00, real=0.00 secs] 
2016-09-15T12:24:05.048-0400: 272.065: [GC (GCLocker Initiated GC) [PSYoungGen: 125418K->85822K(175104K)] 290693K->275524K(699392K), 0.0125651 secs] [Times: user=0.18 sys=0.00, real=0.01 secs] 
2016-09-15T12:24:05.209-0400: 272.227: [GC (Allocation Failure) [PSYoungGen: 173886K->61426K(175104K)] 363759K->293951K(699392K), 0.0110055 secs] [Times: user=0.11 sys=0.00, real=0.01 secs] 
2016-09-15T12:24:05.344-0400: 272.361: [GC (GCLocker Initiated GC) [PSYoungGen: 149342K->73412K(175104K)] 387942K->336627K(699392K), 0.0087720 secs] [Times: user=0.08 sys=0.00, real=0.01 secs] 
2016-09-15T12:24:05.463-0400: 272.480: [GC (GCLocker Initiated GC) [PSYoungGen: 161476K->85954K(175104K)] 424744K->397982K(699392K), 0.0102288 secs] [Times: user=0.14 sys=0.00, real=0.01 secs] 
2016-09-15T12:24:05.594-0400: 272.612: [GC (Allocation Failure) [PSYoungGen: 174014K->55743K(175104K)] 492467K->429170K(699392K), 0.0110336 secs] [Times: user=0.11 sys=0.00, real=0.01 secs] 
2016-09-15T12:24:05.703-0400: 272.720: [GC (GCLocker Initiated GC) [PSYoungGen: 143807K->67501K(175104K)] 517235K->459281K(699392K), 0.0121103 secs] [Times: user=0.13 sys=0.00, real=0.01 secs] 
2016-09-15T12:24:05.841-0400: 272.858: [GC (GCLocker Initiated GC) [PSYoungGen: 155565K->73836K(175104K)] 547488K->502329K(699392K), 0.0136769 secs] [Times: user=0.17 sys=0.00, real=0.01 secs] 
2016-09-15T12:24:05.934-0400: 272.951: [GC (GCLocker Initiated GC) [PSYoungGen: 161900K->85822K(175104K)] 590558K->575538K(699392K), 0.0115722 secs] [Times: user=0.14 sys=0.00, real=0.01 secs] 
2016-09-15T12:24:05.945-0400: 272.963: [Full GC (Ergonomics) [PSYoungGen: 85822K->0K(175104K)] [ParOldGen: 489716K->60542K(524288K)] 575538K->60542K(699392K), [Metaspace: 44577K->44577K(1087488K)], 0.0598890 secs] [Times: user=0.47 sys=0.01, real=0.06 secs] 
2016-09-15T12:24:06.107-0400: 273.124: [GC (GCLocker Initiated GC) [PSYoungGen: 88064K->55967K(175104K)] 154864K->122767K(699392K), 0.0082040 secs] [Times: user=0.11 sys=0.00, real=0.01 secs] 
2016-09-15T12:24:06.255-0400: 273.272: [GC (GCLocker Initiated GC) [PSYoungGen: 144031K->55479K(175104K)] 216969K->147542K(699392K), 0.0092367 secs] [Times: user=0.13 sys=0.01, real=0.01 secs] 
2016-09-15T12:24:06.406-0400: 273.423: [GC (Allocation Failure) [PSYoungGen: 143543K->67369K(175104K)] 241750K->165876K(699392K), 0.0073734 secs] [Times: user=0.08 sys=0.00, real=0.01 secs] 
2016-09-15T12:24:06.506-0400: 273.524: [GC (GCLocker Initiated GC) [PSYoungGen: 149855K->73704K(175104K)] 254437K->208804K(699392K), 0.0095128 secs] [Times: user=0.13 sys=0.00, real=0.02 secs] 
2016-09-15T12:24:06.658-0400: 273.675: [GC (GCLocker Initiated GC) [PSYoungGen: 161768K->61358K(175104K)] 303232K->221339K(699392K), 0.0123996 secs] [Times: user=0.16 sys=0.00, real=0.01 secs] 
2016-09-15T12:24:06.762-0400: 273.780: [GC (GCLocker Initiated GC) [PSYoungGen: 149422K->73672K(175104K)] 315811K->264512K(699392K), 0.0088215 secs] [Times: user=0.13 sys=0.00, real=0.01 secs] 
2016-09-15T12:24:06.879-0400: 273.896: [GC (GCLocker Initiated GC) [PSYoungGen: 161736K->73608K(175104K)] 352727K->264898K(699392K), 0.0087864 secs] [Times: user=0.11 sys=0.00, real=0.00 secs] 
2016-09-15T12:24:07.013-0400: 274.030: [GC (GCLocker Initiated GC) [PSYoungGen: 161672K->85626K(175104K)] 353065K->301463K(699392K), 0.0095285 secs] [Times: user=0.13 sys=0.00, real=0.01 secs] 
2016-09-15T12:24:07.135-0400: 274.153: [GC (Allocation Failure) [PSYoungGen: 173690K->86150K(175104K)] 395649K->338644K(699392K), 0.0102515 secs] [Times: user=0.13 sys=0.00, real=0.01 secs] 
2016-09-15T12:24:07.248-0400: 274.265: [GC (GCLocker Initiated GC) [PSYoungGen: 174214K->61818K(175104K)] 426713K->399699K(699392K), 0.0122676 secs] [Times: user=0.17 sys=0.00, real=0.01 secs] 
2016-09-15T12:24:07.388-0400: 274.405: [GC (GCLocker Initiated GC) [PSYoungGen: 149882K->55547K(175104K)] 494019K->418193K(699392K), 0.0148432 secs] [Times: user=0.17 sys=0.00, real=0.01 secs] 
2016-09-15T12:24:07.523-0400: 274.540: [GC (GCLocker Initiated GC) [PSYoungGen: 143611K->55679K(175104K)] 512457K->424816K(699392K), 0.0104289 secs] [Times: user=0.14 sys=0.01, real=0.01 secs] 
2016-09-15T12:24:07.662-0400: 274.679: [GC (GCLocker Initiated GC) [PSYoungGen: 143743K->73608K(175104K)] 519311K->449444K(699392K), 0.0122383 secs] [Times: user=0.14 sys=0.01, real=0.01 secs] 
2016-09-15T12:24:07.799-0400: 274.817: [GC (GCLocker Initiated GC) [PSYoungGen: 161672K->73936K(175104K)] 543742K->474398K(699392K), 0.0156436 secs] [Times: user=0.20 sys=0.01, real=0.01 secs] 
2016-09-15T12:24:07.925-0400: 274.942: [GC (GCLocker Initiated GC) [PSYoungGen: 162000K->73704K(175104K)] 562588K->529471K(699392K), 0.0110274 secs] [Times: user=0.17 sys=0.01, real=0.02 secs] 
2016-09-15T12:24:07.936-0400: 274.953: [Full GC (Ergonomics) [PSYoungGen: 73704K->0K(175104K)] [ParOldGen: 455767K->48429K(524288K)] 529471K->48429K(699392K), [Metaspace: 44577K->44577K(1087488K)], 0.0620658 secs] [Times: user=0.49 sys=0.02, real=0.06 secs] 
2016-09-15T12:24:08.090-0400: 275.107: [GC (GCLocker Initiated GC) [PSYoungGen: 88064K->86274K(175104K)] 136844K->159354K(699392K), 0.0090663 secs] [Times: user=0.12 sys=0.01, real=0.01 secs] 
2016-09-15T12:24:08.220-0400: 275.237: [GC (GCLocker Initiated GC) [PSYoungGen: 174338K->79779K(175104K)] 253736K->196207K(699392K), 0.0097460 secs] [Times: user=0.15 sys=0.00, real=0.01 secs] 
2016-09-15T12:24:08.352-0400: 275.369: [GC (GCLocker Initiated GC) [PSYoungGen: 167843K->19456K(175104K)] 290353K->184808K(699392K), 0.0109426 secs] [Times: user=0.13 sys=0.00, real=0.01 secs] 
2016-09-15T12:24:08.485-0400: 275.502: [GC (GCLocker Initiated GC) [PSYoungGen: 107520K->85790K(175104K)] 279146K->257699K(699392K), 0.0097345 secs] [Times: user=0.11 sys=0.00, real=0.01 secs] 
2016-09-15T12:24:08.632-0400: 275.649: [GC (GCLocker Initiated GC) [PSYoungGen: 173854K->49376K(175104K)] 345895K->239745K(699392K), 0.0134894 secs] [Times: user=0.14 sys=0.00, real=0.01 secs] 
2016-09-15T12:24:08.732-0400: 275.749: [GC (GCLocker Initiated GC) [PSYoungGen: 137440K->85726K(175104K)] 334060K->288713K(699392K), 0.0263027 secs] [Times: user=0.26 sys=0.00, real=0.03 secs] 
2016-09-15T12:24:08.886-0400: 275.903: [GC (Allocation Failure) [PSYoungGen: 173790K->37258K(175104K)] 383028K->283081K(699392K), 0.0111315 secs] [Times: user=0.12 sys=0.01, real=0.02 secs] 
2016-09-15T12:24:09.002-0400: 276.019: [GC (GCLocker Initiated GC) [PSYoungGen: 121929K->85758K(175104K)] 373828K->337948K(699392K), 0.0312017 secs] [Times: user=0.41 sys=0.00, real=0.03 secs] 
2016-09-15T12:24:09.143-0400: 276.160: [GC (GCLocker Initiated GC) [PSYoungGen: 173822K->73868K(175104K)] 426322K->350796K(699392K), 0.0119797 secs] [Times: user=0.13 sys=0.01, real=0.01 secs] 
2016-09-15T12:24:09.252-0400: 276.269: [GC (GCLocker Initiated GC) [PSYoungGen: 161932K->55251K(175104K)] 444984K->393294K(699392K), 0.0125592 secs] [Times: user=0.17 sys=0.00, real=0.01 secs] 
2016-09-15T12:24:09.378-0400: 276.395: [GC (Allocation Failure) [PSYoungGen: 143315K->55778K(175104K)] 487670K->430645K(699392K), 0.0220736 secs] [Times: user=0.31 sys=0.01, real=0.02 secs] 
2016-09-15T12:24:09.500-0400: 276.517: [GC (GCLocker Initiated GC) [PSYoungGen: 143842K->73640K(175104K)] 518715K->467505K(699392K), 0.0087351 secs] [Times: user=0.11 sys=0.00, real=0.01 secs] 
2016-09-15T12:24:09.648-0400: 276.665: [GC (GCLocker Initiated GC) [PSYoungGen: 161704K->85986K(175104K)] 567761K->510404K(699392K), 0.0105959 secs] [Times: user=0.14 sys=0.00, real=0.01 secs] 
2016-09-15T12:24:09.763-0400: 276.780: [GC (GCLocker Initiated GC) [PSYoungGen: 174050K->55251K(175104K)] 598614K->534953K(699392K), 0.0097111 secs] [Times: user=0.14 sys=0.02, real=0.01 secs] 
2016-09-15T12:24:09.773-0400: 276.790: [Full GC (Ergonomics) [PSYoungGen: 55251K->0K(175104K)] [ParOldGen: 479702K->48635K(524288K)] 534953K->48635K(699392K), [Metaspace: 44577K->44577K(1087488K)], 0.0576744 secs] [Times: user=0.46 sys=0.01, real=0.06 secs] 
2016-09-15T12:24:09.939-0400: 276.956: [GC (GCLocker Initiated GC) [PSYoungGen: 88064K->86694K(175104K)] 142922K->153702K(699392K), 0.0096533 secs] [Times: user=0.13 sys=0.00, real=0.01 secs] 
2016-09-15T12:24:10.080-0400: 277.097: [GC (GCLocker Initiated GC) [PSYoungGen: 174758K->79747K(175104K)] 241976K->196549K(699392K), 0.0177611 secs] [Times: user=0.21 sys=0.00, real=0.02 secs] 
2016-09-15T12:24:10.209-0400: 277.226: [GC (GCLocker Initiated GC) [PSYoungGen: 167811K->85790K(175104K)] 284974K->233603K(699392K), 0.0130540 secs] [Times: user=0.14 sys=0.00, real=0.01 secs] 
2016-09-15T12:24:10.345-0400: 277.362: [GC (GCLocker Initiated GC) [PSYoungGen: 173853K->73608K(175104K)] 328103K->246334K(699392K), 0.0165966 secs] [Times: user=0.17 sys=0.00, real=0.02 secs] 
2016-09-15T12:24:10.478-0400: 277.495: [GC (GCLocker Initiated GC) [PSYoungGen: 161672K->74032K(175104K)] 334586K->283531K(699392K), 0.0133849 secs] [Times: user=0.15 sys=0.01, real=0.01 secs] 
2016-09-15T12:24:10.600-0400: 277.617: [GC (GCLocker Initiated GC) [PSYoungGen: 162096K->43233K(175104K)] 371623K->301643K(699392K), 0.0195932 secs] [Times: user=0.23 sys=0.00, real=0.02 secs] 
2016-09-15T12:24:10.719-0400: 277.736: [GC (GCLocker Initiated GC) [PSYoungGen: 131296K->85698K(175104K)] 396137K->350798K(699392K), 0.0122965 secs] [Times: user=0.09 sys=0.01, real=0.01 secs] 
2016-09-15T12:24:10.859-0400: 277.876: [GC (Allocation Failure) [PSYoungGen: 173762K->61426K(175104K)] 439089K->394041K(699392K), 0.0147384 secs] [Times: user=0.16 sys=0.00, real=0.01 secs] 
2016-09-15T12:24:10.998-0400: 278.015: [GC (GCLocker Initiated GC) [PSYoungGen: 146553K->55223K(175104K)] 485244K->394165K(699392K), 0.0074861 secs] [Times: user=0.07 sys=0.00, real=0.00 secs] 
2016-09-15T12:24:11.111-0400: 278.128: [GC (GCLocker Initiated GC) [PSYoungGen: 143287K->79683K(175104K)] 488368K->443312K(699392K), 0.0193109 secs] [Times: user=0.27 sys=0.01, real=0.02 secs] 
2016-09-15T12:24:11.258-0400: 278.275: [GC (GCLocker Initiated GC) [PSYoungGen: 167747K->37030K(175104K)] 531463K->443523K(699392K), 0.0207431 secs] [Times: user=0.21 sys=0.00, real=0.02 secs] 
2016-09-15T12:24:11.390-0400: 278.407: [GC (GCLocker Initiated GC) [PSYoungGen: 125094K->86445K(175104K)] 531825K->511733K(699392K), 0.0150010 secs] [Times: user=0.23 sys=0.01, real=0.01 secs] 
2016-09-15T12:24:11.506-0400: 278.524: [GC (GCLocker Initiated GC) [PSYoungGen: 174509K->73640K(175104K)] 605978K->536127K(699392K), 0.0095877 secs] [Times: user=0.13 sys=0.00, real=0.02 secs] 
2016-09-15T12:24:11.517-0400: 278.534: [Full GC (Ergonomics) [PSYoungGen: 73640K->0K(175104K)] [ParOldGen: 462487K->54925K(524288K)] 536127K->54925K(699392K), [Metaspace: 44577K->44577K(1087488K)], 0.0664656 secs] [Times: user=0.61 sys=0.01, real=0.06 secs] 
2016-09-15T12:24:11.694-0400: 278.711: [GC (GCLocker Initiated GC) [PSYoungGen: 88064K->86406K(175104K)] 143199K->171916K(699392K), 0.0116481 secs] [Times: user=0.18 sys=0.00, real=0.01 secs] 
2016-09-15T12:24:11.803-0400: 278.820: [GC (GCLocker Initiated GC) [PSYoungGen: 174470K->61490K(175104K)] 260055K->214464K(699392K), 0.0110447 secs] [Times: user=0.10 sys=0.01, real=0.01 secs] 
2016-09-15T12:24:11.922-0400: 278.939: [GC (Allocation Failure) [PSYoungGen: 149554K->79783K(175104K)] 302643K->239214K(699392K), 0.0127519 secs] [Times: user=0.09 sys=0.00, real=0.01 secs] 
2016-09-15T12:24:12.049-0400: 279.066: [GC (Allocation Failure) [PSYoungGen: 161784K->55351K(175104K)] 321216K->282219K(699392K), 0.0105816 secs] [Times: user=0.10 sys=0.00, real=0.01 secs] 
2016-09-15T12:24:12.165-0400: 279.183: [GC (GCLocker Initiated GC) [PSYoungGen: 139574K->55451K(175104K)] 372517K->288669K(699392K), 0.0080133 secs] [Times: user=0.06 sys=0.00, real=0.01 secs] 
2016-09-15T12:24:12.291-0400: 279.308: [GC (GCLocker Initiated GC) [PSYoungGen: 143515K->61362K(175104K)] 376831K->313358K(699392K), 0.0167555 secs] [Times: user=0.14 sys=0.00, real=0.02 secs] 
2016-09-15T12:24:12.425-0400: 279.442: [GC (GCLocker Initiated GC) [PSYoungGen: 149426K->73804K(175104K)] 401649K->356685K(699392K), 0.0290759 secs] [Times: user=0.29 sys=0.00, real=0.03 secs] 
2016-09-15T12:24:12.584-0400: 279.601: [GC (GCLocker Initiated GC) [PSYoungGen: 161868K->55479K(175104K)] 457081K->387441K(699392K), 0.0094725 secs] [Times: user=0.12 sys=0.00, real=0.01 secs] 
2016-09-15T12:24:12.705-0400: 279.723: [GC (GCLocker Initiated GC) [PSYoungGen: 143543K->49340K(175104K)] 488129K->412278K(699392K), 0.0087802 secs] [Times: user=0.10 sys=0.00, real=0.01 secs] 
2016-09-15T12:24:12.836-0400: 279.854: [GC (GCLocker Initiated GC) [PSYoungGen: 137404K->61362K(175104K)] 506643K->461252K(699392K), 0.0101382 secs] [Times: user=0.10 sys=0.00, real=0.00 secs] 
2016-09-15T12:24:12.978-0400: 279.995: [GC (GCLocker Initiated GC) [PSYoungGen: 149426K->19000K(175104K)] 561845K->449928K(699392K), 0.0081912 secs] [Times: user=0.08 sys=0.00, real=0.00 secs] 
2016-09-15T12:24:13.109-0400: 280.126: [GC (GCLocker Initiated GC) [PSYoungGen: 107064K->55351K(175104K)] 544070K->492460K(699392K), 0.0068376 secs] [Times: user=0.06 sys=0.00, real=0.01 secs] 
2016-09-15T12:24:13.249-0400: 280.267: [GC (GCLocker Initiated GC) [PSYoungGen: 143415K->73448K(175104K)] 580734K->510847K(699392K), 0.0261742 secs] [Times: user=0.32 sys=0.00, real=0.03 secs] 
2016-09-15T12:24:13.413-0400: 280.430: [GC (GCLocker Initiated GC) [PSYoungGen: 161512K->37322K(175104K)] 611176K->523572K(699392K), 0.0140478 secs] [Times: user=0.16 sys=0.01, real=0.01 secs] 
2016-09-15T12:24:13.427-0400: 280.444: [Full GC (Ergonomics) [PSYoungGen: 37322K->0K(175104K)] [ParOldGen: 486250K->54776K(524288K)] 523572K->54776K(699392K), [Metaspace: 44577K->44577K(1087488K)], 0.0624596 secs] [Times: user=0.45 sys=0.01, real=0.07 secs] 
2016-09-15T12:24:13.580-0400: 280.598: [GC (GCLocker Initiated GC) [PSYoungGen: 88064K->86078K(175104K)] 143184K->183723K(699392K), 0.0098877 secs] [Times: user=0.14 sys=0.00, real=0.01 secs] 
2016-09-15T12:24:13.697-0400: 280.715: [GC (GCLocker Initiated GC) [PSYoungGen: 174142K->73672K(175104K)] 278156K->251306K(699392K), 0.0136982 secs] [Times: user=0.18 sys=0.00, real=0.01 secs] 
2016-09-15T12:24:13.826-0400: 280.843: [GC (Allocation Failure) [PSYoungGen: 161736K->73444K(175104K)] 339535K->269759K(699392K), 0.0074342 secs] [Times: user=0.11 sys=0.00, real=0.01 secs] 
2016-09-15T12:24:13.935-0400: 280.952: [GC (GCLocker Initiated GC) [PSYoungGen: 161508K->73508K(175104K)] 357951K->288328K(699392K), 0.0099329 secs] [Times: user=0.14 sys=0.00, real=0.01 secs] 
2016-09-15T12:24:14.057-0400: 281.074: [GC (GCLocker Initiated GC) [PSYoungGen: 161572K->85822K(175104K)] 382509K->355519K(699392K), 0.0106846 secs] [Times: user=0.17 sys=0.00, real=0.01 secs] 
2016-09-15T12:24:14.186-0400: 281.203: [GC (GCLocker Initiated GC) [PSYoungGen: 173886K->67533K(175104K)] 443859K->398728K(699392K), 0.0116543 secs] [Times: user=0.16 sys=0.00, real=0.02 secs] 
2016-09-15T12:24:14.313-0400: 281.330: [GC (Allocation Failure) [PSYoungGen: 155597K->61458K(175104K)] 493183K->435621K(699392K), 0.0096329 secs] [Times: user=0.10 sys=0.00, real=0.01 secs] 
2016-09-15T12:24:14.450-0400: 281.467: [GC (GCLocker Initiated GC) [PSYoungGen: 149161K->55579K(175104K)] 529400K->454334K(699392K), 0.0076511 secs] [Times: user=0.09 sys=0.00, real=0.01 secs] 
2016-09-15T12:24:14.585-0400: 281.602: [GC (GCLocker Initiated GC) [PSYoungGen: 143643K->37325K(175104K)] 554892K->448834K(699392K), 0.0068632 secs] [Times: user=0.08 sys=0.00, real=0.01 secs] 
2016-09-15T12:24:14.722-0400: 281.739: [GC (GCLocker Initiated GC) [PSYoungGen: 125389K->55383K(175104K)] 537086K->485439K(699392K), 0.0141138 secs] [Times: user=0.18 sys=0.00, real=0.02 secs] 
2016-09-15T12:24:14.830-0400: 281.847: [GC (GCLocker Initiated GC) [PSYoungGen: 143447K->79747K(175104K)] 573551K->546633K(699392K), 0.0108977 secs] [Times: user=0.14 sys=0.00, real=0.01 secs] 
2016-09-15T12:24:14.841-0400: 281.858: [Full GC (Ergonomics) [PSYoungGen: 79747K->0K(175104K)] [ParOldGen: 466885K->61134K(524288K)] 546633K->61134K(699392K), [Metaspace: 44577K->44577K(1087488K)], 0.0551685 secs] [Times: user=0.52 sys=0.00, real=0.06 secs] 
2016-09-15T12:24:15.004-0400: 282.021: [GC (GCLocker Initiated GC) [PSYoungGen: 88064K->86434K(175104K)] 149247K->190142K(699392K), 0.0124888 secs] [Times: user=0.17 sys=0.00, real=0.02 secs] 
2016-09-15T12:24:15.137-0400: 282.154: [GC (GCLocker Initiated GC) [PSYoungGen: 174498K->49244K(175104K)] 278360K->233040K(699392K), 0.0125702 secs] [Times: user=0.10 sys=0.00, real=0.01 secs] 
2016-09-15T12:24:15.256-0400: 282.273: [GC (GCLocker Initiated GC) [PSYoungGen: 137308K->67501K(175104K)] 321163K->306151K(699392K), 0.0191611 secs] [Times: user=0.18 sys=0.01, real=0.01 secs] 
2016-09-15T12:24:15.393-0400: 282.410: [GC (Allocation Failure) [PSYoungGen: 155565K->43592K(175104K)] 394542K->337372K(699392K), 0.0122618 secs] [Times: user=0.14 sys=0.00, real=0.01 secs] 
2016-09-15T12:24:15.487-0400: 282.504: [GC (GCLocker Initiated GC) [PSYoungGen: 131656K->85530K(175104K)] 425442K->404055K(699392K), 0.0213188 secs] [Times: user=0.24 sys=0.00, real=0.03 secs] 
2016-09-15T12:24:15.612-0400: 282.629: [GC (GCLocker Initiated GC) [PSYoungGen: 173594K->55419K(175104K)] 492239K->404535K(699392K), 0.0181110 secs] [Times: user=0.16 sys=0.00, real=0.02 secs] 
2016-09-15T12:24:15.749-0400: 282.766: [GC (Allocation Failure) [PSYoungGen: 143483K->55223K(175104K)] 492803K->423215K(699392K), 0.0097691 secs] [Times: user=0.10 sys=0.00, real=0.01 secs] 
2016-09-15T12:24:15.885-0400: 282.902: [GC (GCLocker Initiated GC) [PSYoungGen: 143287K->73540K(175104K)] 511287K->496718K(699392K), 0.0108148 secs] [Times: user=0.16 sys=0.00, real=0.02 secs] 
2016-09-15T12:24:16.024-0400: 283.041: [GC (GCLocker Initiated GC) [PSYoungGen: 161604K->49276K(175104K)] 591056K->497088K(699392K), 0.0079740 secs] [Times: user=0.08 sys=0.00, real=0.01 secs] 
2016-09-15T12:24:16.032-0400: 283.049: [Full GC (Ergonomics) [PSYoungGen: 49276K->0K(175104K)] [ParOldGen: 447812K->48664K(524288K)] 497088K->48664K(699392K), [Metaspace: 44577K->44577K(1087488K)], 0.0606771 secs] [Times: user=0.42 sys=0.01, real=0.06 secs] 
2016-09-15T12:24:16.209-0400: 283.226: [GC (GCLocker Initiated GC) [PSYoungGen: 88064K->86210K(175104K)] 136960K->159406K(699392K), 0.0096391 secs] [Times: user=0.13 sys=0.00, real=0.01 secs] 
2016-09-15T12:24:16.321-0400: 283.338: [GC (GCLocker Initiated GC) [PSYoungGen: 174274K->73544K(175104K)] 247500K->177693K(699392K), 0.0107385 secs] [Times: user=0.08 sys=0.01, real=0.01 secs] 
2016-09-15T12:24:16.437-0400: 283.454: [GC (GCLocker Initiated GC) [PSYoungGen: 161608K->85986K(175104K)] 266000K->269841K(699392K), 0.0143095 secs] [Times: user=0.23 sys=0.00, real=0.01 secs] 
2016-09-15T12:24:16.540-0400: 283.557: [GC (GCLocker Initiated GC) [PSYoungGen: 174050K->85854K(175104K)] 358132K->330845K(699392K), 0.0169744 secs] [Times: user=0.22 sys=0.01, real=0.02 secs] 
2016-09-15T12:24:16.676-0400: 283.693: [GC (GCLocker Initiated GC) [PSYoungGen: 173918K->73868K(175104K)] 419186K->392179K(699392K), 0.0129896 secs] [Times: user=0.18 sys=0.00, real=0.01 secs] 
2016-09-15T12:24:16.809-0400: 283.826: [GC (GCLocker Initiated GC) [PSYoungGen: 161932K->55906K(175104K)] 492743K->387010K(699392K), 0.0064580 secs] [Times: user=0.08 sys=0.00, real=0.00 secs] 
2016-09-15T12:24:16.931-0400: 283.948: [GC (GCLocker Initiated GC) [PSYoungGen: 143970K->55383K(175104K)] 481504K->411268K(699392K), 0.0079270 secs] [Times: user=0.10 sys=0.00, real=0.01 secs] 
2016-09-15T12:24:17.062-0400: 284.079: [GC (GCLocker Initiated GC) [PSYoungGen: 143447K->79651K(175104K)] 505439K->460012K(699392K), 0.0094315 secs] [Times: user=0.15 sys=0.00, real=0.01 secs] 
2016-09-15T12:24:17.200-0400: 284.217: [GC (GCLocker Initiated GC) [PSYoungGen: 167715K->73968K(175104K)] 548078K->497203K(699392K), 0.0089653 secs] [Times: user=0.13 sys=0.00, real=0.01 secs] 
2016-09-15T12:24:17.310-0400: 284.327: [GC (GCLocker Initiated GC) [PSYoungGen: 162032K->79715K(175104K)] 591428K->545876K(699392K), 0.0106105 secs] [Times: user=0.14 sys=0.00, real=0.01 secs] 
2016-09-15T12:24:17.321-0400: 284.339: [Full GC (Ergonomics) [PSYoungGen: 79715K->0K(175104K)] [ParOldGen: 466161K->54943K(524288K)] 545876K->54943K(699392K), [Metaspace: 44577K->44577K(1087488K)], 0.0611209 secs] [Times: user=0.49 sys=0.01, real=0.06 secs] 
2016-09-15T12:24:17.499-0400: 284.516: [GC (GCLocker Initiated GC) [PSYoungGen: 88064K->86274K(175104K)] 149304K->153589K(699392K), 0.0089327 secs] [Times: user=0.11 sys=0.01, real=0.01 secs] 
2016-09-15T12:24:17.611-0400: 284.628: [GC (GCLocker Initiated GC) [PSYoungGen: 174338K->85954K(175104K)] 241947K->190749K(699392K), 0.0097268 secs] [Times: user=0.12 sys=0.02, real=0.01 secs] 
2016-09-15T12:24:17.723-0400: 284.740: [GC (GCLocker Initiated GC) [PSYoungGen: 174018K->85854K(175104K)] 278972K->209153K(699392K), 0.0115333 secs] [Times: user=0.15 sys=0.00, real=0.01 secs] 
2016-09-15T12:24:17.838-0400: 284.856: [GC (GCLocker Initiated GC) [PSYoungGen: 173918K->85854K(175104K)] 297265K->300462K(699392K), 0.0115709 secs] [Times: user=0.18 sys=0.00, real=0.01 secs] 
2016-09-15T12:24:17.956-0400: 284.973: [GC (GCLocker Initiated GC) [PSYoungGen: 173918K->73640K(175104K)] 388669K->331239K(699392K), 0.0098367 secs] [Times: user=0.11 sys=0.00, real=0.00 secs] 
2016-09-15T12:24:18.103-0400: 285.120: [GC (GCLocker Initiated GC) [PSYoungGen: 161704K->55251K(175104K)] 431544K->361825K(699392K), 0.0159483 secs] [Times: user=0.20 sys=0.00, real=0.02 secs] 
2016-09-15T12:24:18.248-0400: 285.265: [GC (GCLocker Initiated GC) [PSYoungGen: 143315K->73576K(175104K)] 462081K->392469K(699392K), 0.0163846 secs] [Times: user=0.19 sys=0.00, real=0.01 secs] 
2016-09-15T12:24:18.398-0400: 285.415: [GC (GCLocker Initiated GC) [PSYoungGen: 161640K->61718K(175104K)] 480563K->423466K(699392K), 0.0091296 secs] [Times: user=0.10 sys=0.00, real=0.00 secs] 
2016-09-15T12:24:18.502-0400: 285.519: [GC (GCLocker Initiated GC) [PSYoungGen: 149782K->55223K(175104K)] 511723K->453873K(699392K), 0.0227436 secs] [Times: user=0.18 sys=0.00, real=0.02 secs] 
2016-09-15T12:24:18.650-0400: 285.667: [GC (GCLocker Initiated GC) [PSYoungGen: 143287K->55515K(175104K)] 548222K->478803K(699392K), 0.0235072 secs] [Times: user=0.30 sys=0.00, real=0.02 secs] 
2016-09-15T12:24:18.807-0400: 285.824: [GC (GCLocker Initiated GC) [PSYoungGen: 143579K->36834K(175104K)] 573196K->503333K(699392K), 0.0189388 secs] [Times: user=0.19 sys=0.01, real=0.02 secs] 
2016-09-15T12:24:18.826-0400: 285.843: [Full GC (Ergonomics) [PSYoungGen: 36834K->0K(175104K)] [ParOldGen: 466499K->48691K(524288K)] 503333K->48691K(699392K), [Metaspace: 44577K->44577K(1087488K)], 0.0598496 secs] [Times: user=0.33 sys=0.02, real=0.06 secs] 
2016-09-15T12:24:19.004-0400: 286.021: [GC (GCLocker Initiated GC) [PSYoungGen: 88064K->86374K(175104K)] 136936K->147396K(699392K), 0.0091278 secs] [Times: user=0.11 sys=0.00, real=0.01 secs] 
2016-09-15T12:24:19.131-0400: 286.148: [GC (GCLocker Initiated GC) [PSYoungGen: 174438K->85822K(175104K)] 235821K->202944K(699392K), 0.0117385 secs] [Times: user=0.13 sys=0.01, real=0.01 secs] 
2016-09-15T12:24:19.257-0400: 286.274: [GC (GCLocker Initiated GC) [PSYoungGen: 173886K->73672K(175104K)] 297258K->215413K(699392K), 0.0086245 secs] [Times: user=0.12 sys=0.00, real=0.00 secs] 
2016-09-15T12:24:19.406-0400: 286.423: [GC (GCLocker Initiated GC) [PSYoungGen: 161736K->74032K(175104K)] 303753K->252667K(699392K), 0.0255564 secs] [Times: user=0.36 sys=0.00, real=0.03 secs] 
2016-09-15T12:24:19.525-0400: 286.543: [GC (GCLocker Initiated GC) [PSYoungGen: 162096K->67241K(175104K)] 340908K->288861K(699392K), 0.0200592 secs] [Times: user=0.22 sys=0.00, real=0.02 secs] 
2016-09-15T12:24:19.631-0400: 286.648: [GC (GCLocker Initiated GC) [PSYoungGen: 155305K->86182K(175104K)] 377107K->362819K(699392K), 0.0113401 secs] [Times: user=0.13 sys=0.00, real=0.01 secs] 
2016-09-15T12:24:19.766-0400: 286.784: [GC (GCLocker Initiated GC) [PSYoungGen: 174246K->31510K(175104K)] 457134K->369717K(699392K), 0.0092632 secs] [Times: user=0.11 sys=0.00, real=0.02 secs] 
2016-09-15T12:24:19.877-0400: 286.894: [GC (GCLocker Initiated GC) [PSYoungGen: 119574K->85854K(175104K)] 464133K->436943K(699392K), 0.0094850 secs] [Times: user=0.10 sys=0.00, real=0.00 secs] 
2016-09-15T12:24:20.010-0400: 287.027: [GC (GCLocker Initiated GC) [PSYoungGen: 173918K->55483K(175104K)] 537473K->419133K(699392K), 0.0071905 secs] [Times: user=0.05 sys=0.00, real=0.01 secs] 
2016-09-15T12:24:20.130-0400: 287.147: [GC (GCLocker Initiated GC) [PSYoungGen: 143547K->55515K(175104K)] 519697K->431948K(699392K), 0.0090314 secs] [Times: user=0.10 sys=0.00, real=0.01 secs] 
2016-09-15T12:24:20.258-0400: 287.275: [GC (GCLocker Initiated GC) [PSYoungGen: 143579K->55187K(175104K)] 526539K->474733K(699392K), 0.0097831 secs] [Times: user=0.10 sys=0.01, real=0.01 secs] 
2016-09-15T12:24:20.378-0400: 287.395: [GC (Allocation Failure) [PSYoungGen: 143246K->55515K(175104K)] 569217K->481613K(699392K), 0.0077631 secs] [Times: user=0.10 sys=0.00, real=0.00 secs] 
2016-09-15T12:24:20.497-0400: 287.514: [GC (GCLocker Initiated GC) [PSYoungGen: 143579K->36966K(175104K)] 569689K->499949K(699392K), 0.0154187 secs] [Times: user=0.14 sys=0.00, real=0.01 secs] 
2016-09-15T12:24:20.512-0400: 287.530: [Full GC (Ergonomics) [PSYoungGen: 36966K->0K(175104K)] [ParOldGen: 462983K->54976K(524288K)] 499949K->54976K(699392K), [Metaspace: 44577K->44577K(1087488K)], 0.0619375 secs] [Times: user=0.36 sys=0.01, real=0.06 secs] 
2016-09-15T12:24:20.674-0400: 287.692: [GC (GCLocker Initiated GC) [PSYoungGen: 88064K->74096K(175104K)] 149380K->135412K(699392K), 0.0241049 secs] [Times: user=0.28 sys=0.00, real=0.03 secs] 
2016-09-15T12:24:20.818-0400: 287.835: [GC (GCLocker Initiated GC) [PSYoungGen: 162160K->67273K(175104K)] 223787K->160151K(699392K), 0.0130518 secs] [Times: user=0.12 sys=0.00, real=0.01 secs] 
2016-09-15T12:24:20.932-0400: 287.949: [GC (GCLocker Initiated GC) [PSYoungGen: 155337K->61558K(175104K)] 248335K->172900K(699392K), 0.0132763 secs] [Times: user=0.11 sys=0.00, real=0.01 secs] 
2016-09-15T12:24:21.051-0400: 288.068: [GC (GCLocker Initiated GC) [PSYoungGen: 149622K->67537K(175104K)] 261219K->197767K(699392K), 0.0292650 secs] [Times: user=0.29 sys=0.00, real=0.03 secs] 
2016-09-15T12:24:21.210-0400: 288.227: [GC (Allocation Failure) [PSYoungGen: 155601K->67437K(175104K)] 285911K->246639K(699392K), 0.0129897 secs] [Times: user=0.12 sys=0.00, real=0.01 secs] 
2016-09-15T12:24:21.325-0400: 288.342: [GC (GCLocker Initiated GC) [PSYoungGen: 155501K->73704K(175104K)] 334704K->301799K(699392K), 0.0111205 secs] [Times: user=0.16 sys=0.00, real=0.02 secs] 
2016-09-15T12:24:21.448-0400: 288.465: [GC (GCLocker Initiated GC) [PSYoungGen: 161768K->85922K(175104K)] 390072K->350976K(699392K), 0.0113145 secs] [Times: user=0.12 sys=0.00, real=0.01 secs] 
2016-09-15T12:24:21.592-0400: 288.610: [GC (GCLocker Initiated GC) [PSYoungGen: 173986K->37322K(175104K)] 445426K->327598K(699392K), 0.0111994 secs] [Times: user=0.13 sys=0.00, real=0.01 secs] 
2016-09-15T12:24:21.710-0400: 288.727: [GC (Allocation Failure) [PSYoungGen: 125386K->55775K(175104K)] 422445K->353165K(699392K), 0.0068125 secs] [Times: user=0.08 sys=0.00, real=0.01 secs] 
2016-09-15T12:24:21.834-0400: 288.851: [GC (GCLocker Initiated GC) [PSYoungGen: 139746K->55447K(175104K)] 443212K->359056K(699392K), 0.0194584 secs] [Times: user=0.24 sys=0.00, real=0.02 secs] 
2016-09-15T12:24:21.961-0400: 288.979: [GC (Allocation Failure) [PSYoungGen: 143511K->37062K(175104K)] 447190K->340884K(699392K), 0.0099531 secs] [Times: user=0.11 sys=0.00, real=0.01 secs] 
2016-09-15T12:24:22.085-0400: 289.102: [GC (GCLocker Initiated GC) [PSYoungGen: 125126K->61458K(175104K)] 428948K->383797K(699392K), 0.0094268 secs] [Times: user=0.10 sys=0.00, real=0.01 secs] 
2016-09-15T12:24:22.204-0400: 289.221: [GC (GCLocker Initiated GC) [PSYoungGen: 149522K->67565K(175104K)] 484192K->402543K(699392K), 0.0086345 secs] [Times: user=0.08 sys=0.00, real=0.01 secs] 
2016-09-15T12:24:22.320-0400: 289.337: [GC (Allocation Failure) [PSYoungGen: 155629K->85822K(175104K)] 490945K->457928K(699392K), 0.0114961 secs] [Times: user=0.14 sys=0.00, real=0.01 secs] 
2016-09-15T12:24:22.462-0400: 289.479: [GC (GCLocker Initiated GC) [PSYoungGen: 173886K->55251K(175104K)] 545997K->463932K(699392K), 0.0147556 secs] [Times: user=0.16 sys=0.00, real=0.02 secs] 
2016-09-15T12:24:22.590-0400: 289.607: [GC (GCLocker Initiated GC) [PSYoungGen: 143315K->85726K(175104K)] 552044K->506732K(699392K), 0.0100471 secs] [Times: user=0.09 sys=0.00, real=0.01 secs] 
2016-09-15T12:24:22.714-0400: 289.731: [GC (GCLocker Initiated GC) [PSYoungGen: 173790K->37222K(175104K)] 601047K->531644K(699392K), 0.0094276 secs] [Times: user=0.13 sys=0.00, real=0.01 secs] 
2016-09-15T12:24:22.723-0400: 289.740: [Full GC (Ergonomics) [PSYoungGen: 37222K->0K(175104K)] [ParOldGen: 494421K->49215K(524288K)] 531644K->49215K(699392K), [Metaspace: 44578K->44578K(1087488K)], 0.0592276 secs] [Times: user=0.44 sys=0.01, real=0.06 secs] 
2016-09-15T12:24:22.891-0400: 289.908: [GC (GCLocker Initiated GC) [PSYoungGen: 88064K->85982K(175104K)] 137322K->165616K(699392K), 0.0216195 secs] [Times: user=0.28 sys=0.00, real=0.02 secs] 
2016-09-15T12:24:23.011-0400: 290.028: [GC (GCLocker Initiated GC) [PSYoungGen: 174046K->73804K(175104K)] 254041K->221179K(699392K), 0.0145922 secs] [Times: user=0.18 sys=0.00, real=0.01 secs] 
2016-09-15T12:24:23.143-0400: 290.160: [GC (GCLocker Initiated GC) [PSYoungGen: 161868K->73772K(175104K)] 315634K->227822K(699392K), 0.0071241 secs] [Times: user=0.08 sys=0.00, real=0.01 secs] 
2016-09-15T12:24:23.284-0400: 290.301: [GC (GCLocker Initiated GC) [PSYoungGen: 161836K->61458K(175104K)] 322249K->258628K(699392K), 0.0076881 secs] [Times: user=0.10 sys=0.01, real=0.01 secs] 
2016-09-15T12:24:23.427-0400: 290.444: [GC (GCLocker Initiated GC) [PSYoungGen: 149522K->61818K(175104K)] 352887K->283519K(699392K), 0.0074946 secs] [Times: user=0.08 sys=0.00, real=0.01 secs] 
2016-09-15T12:24:23.547-0400: 290.564: [GC (GCLocker Initiated GC) [PSYoungGen: 149882K->85790K(175104K)] 371648K->332164K(699392K), 0.0156029 secs] [Times: user=0.20 sys=0.00, real=0.02 secs] 
2016-09-15T12:24:23.667-0400: 290.684: [GC (GCLocker Initiated GC) [PSYoungGen: 173854K->86182K(175104K)] 426541K->387637K(699392K), 0.0106249 secs] [Times: user=0.16 sys=0.00, real=0.02 secs] 
2016-09-15T12:24:23.807-0400: 290.824: [GC (GCLocker Initiated GC) [PSYoungGen: 174246K->61326K(175104K)] 475770K->424080K(699392K), 0.0197787 secs] [Times: user=0.29 sys=0.01, real=0.02 secs] 
2016-09-15T12:24:23.932-0400: 290.949: [GC (GCLocker Initiated GC) [PSYoungGen: 149390K->85954K(175104K)] 512443K->455225K(699392K), 0.0084784 secs] [Times: user=0.12 sys=0.00, real=0.01 secs] 
2016-09-15T12:24:24.112-0400: 291.129: [GC (GCLocker Initiated GC) [PSYoungGen: 174018K->30891K(175104K)] 549720K->449541K(699392K), 0.0125852 secs] [Times: user=0.12 sys=0.00, real=0.01 secs] 
2016-09-15T12:24:24.262-0400: 291.279: [GC (Allocation Failure) [PSYoungGen: 118955K->55351K(175104K)] 543985K->480688K(699392K), 0.0087439 secs] [Times: user=0.10 sys=0.01, real=0.01 secs] 
2016-09-15T12:24:24.360-0400: 291.378: [GC (GCLocker Initiated GC) [PSYoungGen: 143415K->73608K(175104K)] 568758K->499250K(699392K), 0.0092885 secs] [Times: user=0.12 sys=0.00, real=0.01 secs] 
2016-09-15T12:24:24.474-0400: 291.491: [GC (GCLocker Initiated GC) [PSYoungGen: 161672K->73968K(175104K)] 587508K->518337K(699392K), 0.0093552 secs] [Times: user=0.12 sys=0.00, real=0.01 secs] 
2016-09-15T12:24:24.595-0400: 291.612: [GC (GCLocker Initiated GC) [PSYoungGen: 162032K->85790K(175104K)] 606487K->579153K(699392K), 0.0108497 secs] [Times: user=0.15 sys=0.00, real=0.01 secs] 
2016-09-15T12:24:24.606-0400: 291.623: [Full GC (Ergonomics) [PSYoungGen: 85790K->0K(175104K)] [ParOldGen: 493363K->55472K(524288K)] 579153K->55472K(699392K), [Metaspace: 44578K->44578K(1087488K)], 0.0592691 secs] [Times: user=0.43 sys=0.00, real=0.06 secs] 
2016-09-15T12:24:24.772-0400: 291.789: [GC (GCLocker Initiated GC) [PSYoungGen: 88064K->73996K(175104K)] 149799K->135731K(699392K), 0.0084973 secs] [Times: user=0.08 sys=0.01, real=0.01 secs] 
2016-09-15T12:24:24.899-0400: 291.916: [GC (GCLocker Initiated GC) [PSYoungGen: 162060K->36994K(175104K)] 229912K->172719K(699392K), 0.0119184 secs] [Times: user=0.16 sys=0.00, real=0.01 secs] 
2016-09-15T12:24:25.036-0400: 292.053: [GC (GCLocker Initiated GC) [PSYoungGen: 125058K->86314K(175104K)] 261088K->228554K(699392K), 0.0092512 secs] [Times: user=0.12 sys=0.01, real=0.00 secs] 
2016-09-15T12:24:25.167-0400: 292.184: [GC (GCLocker Initiated GC) [PSYoungGen: 174378K->43073K(175104K)] 316666K->204345K(699392K), 0.0090122 secs] [Times: user=0.07 sys=0.01, real=0.02 secs] 
2016-09-15T12:24:25.297-0400: 292.314: [GC (GCLocker Initiated GC) [PSYoungGen: 131137K->37094K(175104K)] 298497K->259249K(699392K), 0.0080680 secs] [Times: user=0.10 sys=0.01, real=0.00 secs] 
2016-09-15T12:24:25.461-0400: 292.478: [GC (GCLocker Initiated GC) [PSYoungGen: 125158K->37322K(175104K)] 365888K->278327K(699392K), 0.0113160 secs] [Times: user=0.12 sys=0.01, real=0.01 secs] 
2016-09-15T12:24:25.600-0400: 292.617: [GC (GCLocker Initiated GC) [PSYoungGen: 125386K->55419K(175104K)] 366398K->296550K(699392K), 0.0075053 secs] [Times: user=0.06 sys=0.00, real=0.01 secs] 
2016-09-15T12:24:25.722-0400: 292.739: [GC (GCLocker Initiated GC) [PSYoungGen: 143483K->79683K(175104K)] 384965K->357938K(699392K), 0.0103872 secs] [Times: user=0.15 sys=0.00, real=0.01 secs] 
2016-09-15T12:24:25.835-0400: 292.852: [GC (GCLocker Initiated GC) [PSYoungGen: 167747K->85790K(175104K)] 446044K->406740K(699392K), 0.0132996 secs] [Times: user=0.16 sys=0.00, real=0.02 secs] 
2016-09-15T12:24:26.005-0400: 293.022: [GC (GCLocker Initiated GC) [PSYoungGen: 173854K->37649K(175104K)] 513216K->413597K(699392K), 0.0067376 secs] [Times: user=0.09 sys=0.00, real=0.01 secs] 
2016-09-15T12:24:26.109-0400: 293.126: [GC (Allocation Failure) [PSYoungGen: 125713K->73576K(175104K)] 508091K->456565K(699392K), 0.0270840 secs] [Times: user=0.35 sys=0.00, real=0.03 secs] 
2016-09-15T12:24:26.137-0400: 293.154: [GC (GCLocker Initiated GC) [PSYoungGen: 73593K->32K(175104K)] 456582K->456358K(699392K), 0.0084775 secs] [Times: user=0.11 sys=0.00, real=0.00 secs] 
2016-09-15T12:24:26.145-0400: 293.162: [Full GC (Ergonomics) [PSYoungGen: 32K->0K(175104K)] [ParOldGen: 456326K->66350K(524288K)] 456358K->66350K(699392K), [Metaspace: 44578K->44578K(1087488K)], 0.0680144 secs] [Times: user=0.54 sys=0.01, real=0.07 secs] 
2016-09-15T12:24:26.330-0400: 293.347: [GC (GCLocker Initiated GC) [PSYoungGen: 85868K->86534K(175104K)] 158293K->165034K(699392K), 0.0140358 secs] [Times: user=0.14 sys=0.00, real=0.01 secs] 
2016-09-15T12:24:26.442-0400: 293.459: [GC (GCLocker Initiated GC) [PSYoungGen: 174596K->67501K(175104K)] 259532K->171966K(699392K), 0.0298691 secs] [Times: user=0.38 sys=0.00, real=0.03 secs] 
2016-09-15T12:24:26.576-0400: 293.593: [GC (GCLocker Initiated GC) [PSYoungGen: 155565K->73936K(175104K)] 266449K->203181K(699392K), 0.0162070 secs] [Times: user=0.19 sys=0.00, real=0.01 secs] 
2016-09-15T12:24:26.714-0400: 293.731: [GC (GCLocker Initiated GC) [PSYoungGen: 162000K->85854K(175104K)] 291398K->264316K(699392K), 0.0131333 secs] [Times: user=0.17 sys=0.00, real=0.01 secs] 
2016-09-15T12:24:26.858-0400: 293.875: [GC (GCLocker Initiated GC) [PSYoungGen: 173918K->43265K(175104K)] 364710K->307100K(699392K), 0.0185953 secs] [Times: user=0.16 sys=0.02, real=0.02 secs] 
2016-09-15T12:24:27.008-0400: 294.025: [GC (GCLocker Initiated GC) [PSYoungGen: 131329K->49084K(175104K)] 401572K->337811K(699392K), 0.0104047 secs] [Times: user=0.08 sys=0.01, real=0.01 secs] 
2016-09-15T12:24:27.134-0400: 294.151: [GC (GCLocker Initiated GC) [PSYoungGen: 137148K->74064K(175104K)] 426057K->381341K(699392K), 0.0085889 secs] [Times: user=0.11 sys=0.00, real=0.01 secs] 
2016-09-15T12:24:27.258-0400: 294.276: [GC (GCLocker Initiated GC) [PSYoungGen: 162128K->85790K(175104K)] 475713K->436116K(699392K), 0.0133200 secs] [Times: user=0.15 sys=0.01, real=0.01 secs] 
2016-09-15T12:24:27.367-0400: 294.384: [GC (GCLocker Initiated GC) [PSYoungGen: 173854K->61554K(175104K)] 524524K->467059K(699392K), 0.0147109 secs] [Times: user=0.18 sys=0.01, real=0.02 secs] 
2016-09-15T12:24:27.490-0400: 294.507: [GC (GCLocker Initiated GC) [PSYoungGen: 149618K->79879K(175104K)] 561348K->528366K(699392K), 0.0146288 secs] [Times: user=0.17 sys=0.02, real=0.01 secs] 
2016-09-15T12:24:27.505-0400: 294.522: [Full GC (Ergonomics) [PSYoungGen: 79879K->0K(175104K)] [ParOldGen: 448487K->53847K(524288K)] 528366K->53847K(699392K), [Metaspace: 44581K->44581K(1087488K)], 0.0600255 secs] [Times: user=0.42 sys=0.01, real=0.06 secs] 
2016-09-15T12:24:27.691-0400: 294.708: [GC (GCLocker Initiated GC) [PSYoungGen: 88064K->86014K(175104K)] 142272K->140223K(699392K), 0.0095042 secs] [Times: user=0.10 sys=0.00, real=0.01 secs] 
2016-09-15T12:24:27.810-0400: 294.827: [GC (GCLocker Initiated GC) [PSYoungGen: 174078K->85886K(175104K)] 228654K->165481K(699392K), 0.0114757 secs] [Times: user=0.18 sys=0.00, real=0.01 secs] 
2016-09-15T12:24:27.952-0400: 294.970: [GC (GCLocker Initiated GC) [PSYoungGen: 173950K->37386K(175104K)] 265815K->165992K(699392K), 0.0178423 secs] [Times: user=0.20 sys=0.00, real=0.02 secs] 
2016-09-15T12:24:28.091-0400: 295.108: [GC (GCLocker Initiated GC) [PSYoungGen: 125450K->55743K(175104K)] 266478K->215131K(699392K), 0.0156837 secs] [Times: user=0.20 sys=0.00, real=0.01 secs] 
2016-09-15T12:24:28.245-0400: 295.263: [GC (GCLocker Initiated GC) [PSYoungGen: 143807K->73804K(175104K)] 303303K->233420K(699392K), 0.0235175 secs] [Times: user=0.30 sys=0.00, real=0.03 secs] 
2016-09-15T12:24:28.370-0400: 295.387: [GC (GCLocker Initiated GC) [PSYoungGen: 161868K->85954K(175104K)] 321538K->288480K(699392K), 0.0114358 secs] [Times: user=0.17 sys=0.00, real=0.01 secs] 
2016-09-15T12:24:28.513-0400: 295.531: [GC (GCLocker Initiated GC) [PSYoungGen: 174018K->73480K(175104K)] 382661K->312774K(699392K), 0.0230736 secs] [Times: user=0.26 sys=0.01, real=0.03 secs] 
2016-09-15T12:24:28.675-0400: 295.692: [GC (GCLocker Initiated GC) [PSYoungGen: 161544K->79455K(175104K)] 406943K->349453K(699392K), 0.0178558 secs] [Times: user=0.18 sys=0.01, real=0.02 secs] 
2016-09-15T12:24:28.780-0400: 295.798: [GC (GCLocker Initiated GC) [PSYoungGen: 167519K->85726K(175104K)] 437878K->380529K(699392K), 0.0173045 secs] [Times: user=0.20 sys=0.00, real=0.02 secs] 
2016-09-15T12:24:28.900-0400: 295.917: [GC (GCLocker Initiated GC) [PSYoungGen: 173790K->85854K(175104K)] 468954K->405586K(699392K), 0.0155097 secs] [Times: user=0.19 sys=0.00, real=0.01 secs] 
2016-09-15T12:24:29.030-0400: 296.047: [GC (GCLocker Initiated GC) [PSYoungGen: 173918K->79519K(175104K)] 499778K->423715K(699392K), 0.0111257 secs] [Times: user=0.11 sys=0.00, real=0.01 secs] 
2016-09-15T12:24:29.163-0400: 296.181: [GC (GCLocker Initiated GC) [PSYoungGen: 167583K->67665K(175104K)] 511922K->430356K(699392K), 0.0151095 secs] [Times: user=0.18 sys=0.02, real=0.02 secs] 
2016-09-15T12:24:29.303-0400: 296.320: [GC (GCLocker Initiated GC) [PSYoungGen: 155729K->73476K(175104K)] 518450K->472947K(699392K), 0.0138524 secs] [Times: user=0.15 sys=0.00, real=0.02 secs] 
2016-09-15T12:24:29.480-0400: 296.497: [GC (Allocation Failure) [PSYoungGen: 161540K->79423K(175104K)] 561165K->479143K(699392K), 0.0087095 secs] [Times: user=0.09 sys=0.00, real=0.01 secs] 
2016-09-15T12:24:29.617-0400: 296.634: [GC (Allocation Failure) [PSYoungGen: 166064K->55191K(175104K)] 565784K->479314K(699392K), 0.0206442 secs] [Times: user=0.14 sys=0.00, real=0.02 secs] 
2016-09-15T12:24:29.738-0400: 296.756: [GC (GCLocker Initiated GC) [PSYoungGen: 143255K->73508K(175104K)] 567384K->515982K(699392K), 0.0086161 secs] [Times: user=0.10 sys=0.01, real=0.00 secs] 
2016-09-15T12:24:29.860-0400: 296.877: [GC (GCLocker Initiated GC) [PSYoungGen: 161572K->85890K(175104K)] 604088K->583240K(699392K), 0.0187994 secs] [Times: user=0.24 sys=0.01, real=0.02 secs] 
2016-09-15T12:24:29.879-0400: 296.896: [Full GC (Ergonomics) [PSYoungGen: 85890K->0K(175104K)] [ParOldGen: 497350K->47899K(524288K)] 583240K->47899K(699392K), [Metaspace: 44592K->44592K(1087488K)], 0.0620115 secs] [Times: user=0.41 sys=0.02, real=0.06 secs] 
2016-09-15T12:24:30.034-0400: 297.051: [GC (GCLocker Initiated GC) [PSYoungGen: 88064K->86402K(175104K)] 142147K->176935K(699392K), 0.0117962 secs] [Times: user=0.15 sys=0.00, real=0.01 secs] 
2016-09-15T12:24:30.148-0400: 297.165: [GC (GCLocker Initiated GC) [PSYoungGen: 174466K->61654K(175104K)] 265002K->226089K(699392K), 0.0143150 secs] [Times: user=0.21 sys=0.00, real=0.01 secs] 
2016-09-15T12:24:30.305-0400: 297.322: [GC (GCLocker Initiated GC) [PSYoungGen: 149718K->73968K(175104K)] 314340K->257123K(699392K), 0.0111118 secs] [Times: user=0.16 sys=0.01, real=0.02 secs] 
2016-09-15T12:24:30.440-0400: 297.458: [GC (GCLocker Initiated GC) [PSYoungGen: 162032K->86150K(175104K)] 351489K->300246K(699392K), 0.0109722 secs] [Times: user=0.17 sys=0.00, real=0.01 secs] 
2016-09-15T12:24:30.592-0400: 297.609: [GC (Allocation Failure) [PSYoungGen: 174214K->61818K(175104K)] 394505K->318882K(699392K), 0.0102611 secs] [Times: user=0.16 sys=0.00, real=0.01 secs] 
2016-09-15T12:24:30.733-0400: 297.750: [GC (GCLocker Initiated GC) [PSYoungGen: 149882K->73576K(175104K)] 406948K->355085K(699392K), 0.0114193 secs] [Times: user=0.18 sys=0.01, real=0.01 secs] 
2016-09-15T12:24:30.902-0400: 297.919: [GC (GCLocker Initiated GC) [PSYoungGen: 161640K->80107K(175104K)] 449300K->368082K(699392K), 0.0098034 secs] [Times: user=0.15 sys=0.00, real=0.01 secs] 
2016-09-15T12:24:31.073-0400: 298.090: [GC (GCLocker Initiated GC) [PSYoungGen: 168171K->19360K(175104K)] 474749K->368607K(699392K), 0.0067950 secs] [Times: user=0.09 sys=0.00, real=0.01 secs] 
2016-09-15T12:24:31.261-0400: 298.278: [GC (GCLocker Initiated GC) [PSYoungGen: 107424K->85822K(175104K)] 456719K->435384K(699392K), 0.0093704 secs] [Times: user=0.12 sys=0.00, real=0.01 secs] 
2016-09-15T12:24:31.427-0400: 298.444: [GC (Allocation Failure) [PSYoungGen: 173886K->73968K(175104K)] 523685K->448350K(699392K), 0.0093156 secs] [Times: user=0.09 sys=0.00, real=0.02 secs] 
2016-09-15T12:24:31.613-0400: 298.631: [GC (Allocation Failure) [PSYoungGen: 162032K->61166K(175104K)] 536414K->435964K(699392K), 0.0088694 secs] [Times: user=0.06 sys=0.00, real=0.01 secs] 
2016-09-15T12:24:31.776-0400: 298.793: [GC (GCLocker Initiated GC) [PSYoungGen: 147015K->55451K(175104K)] 527888K->436451K(699392K), 0.0083082 secs] [Times: user=0.06 sys=0.00, real=0.00 secs] 
2016-09-15T12:24:31.923-0400: 298.940: [GC (GCLocker Initiated GC) [PSYoungGen: 143515K->55547K(175104K)] 524557K->436913K(699392K), 0.0069915 secs] [Times: user=0.07 sys=0.00, real=0.01 secs] 
2016-09-15T12:24:32.069-0400: 299.086: [GC (GCLocker Initiated GC) [PSYoungGen: 143611K->85890K(175104K)] 525293K->473922K(699392K), 0.0084680 secs] [Times: user=0.09 sys=0.00, real=0.01 secs] 
2016-09-15T12:24:32.215-0400: 299.232: [GC (Allocation Failure) [PSYoungGen: 173954K->73836K(175104K)] 562302K->498809K(699392K), 0.0220298 secs] [Times: user=0.31 sys=0.00, real=0.03 secs] 
2016-09-15T12:24:32.378-0400: 299.396: [GC (GCLocker Initiated GC) [PSYoungGen: 161900K->85922K(175104K)] 586879K->511184K(699392K), 0.0108259 secs] [Times: user=0.09 sys=0.01, real=0.01 secs] 
2016-09-15T12:24:32.554-0400: 299.571: [GC (GCLocker Initiated GC) [PSYoungGen: 173986K->55647K(175104K)] 605527K->487292K(699392K), 0.0072210 secs] [Times: user=0.07 sys=0.00, real=0.01 secs] 
2016-09-15T12:24:32.750-0400: 299.767: [GC (GCLocker Initiated GC) [PSYoungGen: 143711K->85694K(175104K)] 575403K->529992K(699392K), 0.0085702 secs] [Times: user=0.12 sys=0.01, real=0.01 secs] 
2016-09-15T12:24:32.893-0400: 299.911: [GC (GCLocker Initiated GC) [PSYoungGen: 173758K->79847K(175104K)] 618165K->566946K(699392K), 0.0121895 secs] [Times: user=0.14 sys=0.01, real=0.01 secs] 
2016-09-15T12:24:32.906-0400: 299.923: [Full GC (Ergonomics) [PSYoungGen: 79847K->0K(175104K)] [ParOldGen: 487099K->54557K(524288K)] 566946K->54557K(699392K), [Metaspace: 44622K->44622K(1087488K)], 0.0562416 secs] [Times: user=0.44 sys=0.01, real=0.06 secs] 
2016-09-15T12:24:33.097-0400: 300.114: [GC (GCLocker Initiated GC) [PSYoungGen: 88064K->86826K(175104K)] 142687K->190049K(699392K), 0.0117910 secs] [Times: user=0.17 sys=0.01, real=0.01 secs] 
2016-09-15T12:24:33.274-0400: 300.291: [GC (GCLocker Initiated GC) [PSYoungGen: 174890K->55479K(175104K)] 284380K->226867K(699392K), 0.0113917 secs] [Times: user=0.15 sys=0.00, real=0.01 secs] 
2016-09-15T12:24:33.453-0400: 300.470: [GC (Allocation Failure) [PSYoungGen: 143543K->37226K(175104K)] 315029K->208823K(699392K), 0.0079893 secs] [Times: user=0.07 sys=0.00, real=0.01 secs] 
2016-09-15T12:24:33.614-0400: 300.631: [GC (GCLocker Initiated GC) [PSYoungGen: 125290K->55219K(175104K)] 296893K->227121K(699392K), 0.0068514 secs] [Times: user=0.08 sys=0.00, real=0.01 secs] 
2016-09-15T12:24:33.786-0400: 300.803: [GC (Allocation Failure) [PSYoungGen: 143283K->37585K(175104K)] 327679K->222093K(699392K), 0.0211861 secs] [Times: user=0.17 sys=0.01, real=0.02 secs] 
2016-09-15T12:24:33.971-0400: 300.989: [GC (Allocation Failure) [PSYoungGen: 125649K->74164K(175104K)] 310157K->258979K(699392K), 0.0076648 secs] [Times: user=0.09 sys=0.01, real=0.01 secs] 
2016-09-15T12:24:34.112-0400: 301.129: [GC (GCLocker Initiated GC) [PSYoungGen: 162228K->73968K(175104K)] 347048K->258955K(699392K), 0.0098991 secs] [Times: user=0.14 sys=0.00, real=0.01 secs] 
2016-09-15T12:24:34.258-0400: 301.275: [GC (GCLocker Initiated GC) [PSYoungGen: 162032K->55547K(175104K)] 359351K->252986K(699392K), 0.0073693 secs] [Times: user=0.06 sys=0.00, real=0.00 secs] 
2016-09-15T12:24:34.409-0400: 301.426: [GC (GCLocker Initiated GC) [PSYoungGen: 143611K->67341K(175104K)] 341092K->271165K(699392K), 0.0094534 secs] [Times: user=0.08 sys=0.00, real=0.01 secs] 
2016-09-15T12:24:34.583-0400: 301.601: [GC (GCLocker Initiated GC) [PSYoungGen: 155405K->55223K(175104K)] 365401K->307879K(699392K), 0.0214931 secs] [Times: user=0.23 sys=0.02, real=0.02 secs] 
2016-09-15T12:24:34.756-0400: 301.773: [GC (GCLocker Initiated GC) [PSYoungGen: 143287K->85890K(175104K)] 396041K->338779K(699392K), 0.0158727 secs] [Times: user=0.17 sys=0.00, real=0.01 secs] 
2016-09-15T12:24:34.929-0400: 301.946: [GC (GCLocker Initiated GC) [PSYoungGen: 173954K->67597K(175104K)] 433257K->363641K(699392K), 0.0220567 secs] [Times: user=0.24 sys=0.00, real=0.02 secs] 
2016-09-15T12:24:35.109-0400: 302.126: [GC (GCLocker Initiated GC) [PSYoungGen: 155661K->73804K(175104K)] 457941K->376211K(699392K), 0.0068780 secs] [Times: user=0.06 sys=0.00, real=0.01 secs] 
2016-09-15T12:24:35.273-0400: 302.290: [GC (GCLocker Initiated GC) [PSYoungGen: 161868K->85758K(175104K)] 464317K->412634K(699392K), 0.0094526 secs] [Times: user=0.11 sys=0.00, real=0.01 secs] 
2016-09-15T12:24:35.446-0400: 302.463: [GC (Allocation Failure) [PSYoungGen: 173822K->49148K(175104K)] 500902K->412953K(699392K), 0.0114930 secs] [Times: user=0.10 sys=0.00, real=0.02 secs] 
2016-09-15T12:24:35.634-0400: 302.651: [GC (GCLocker Initiated GC) [PSYoungGen: 137036K->37162K(175104K)] 506916K->431594K(699392K), 0.0263679 secs] [Times: user=0.30 sys=0.00, real=0.03 secs] 
2016-09-15T12:24:35.799-0400: 302.816: [GC (GCLocker Initiated GC) [PSYoungGen: 125226K->85630K(175104K)] 519868K->486606K(699392K), 0.0200511 secs] [Times: user=0.19 sys=0.00, real=0.02 secs] 
2016-09-15T12:24:35.962-0400: 302.979: [GC (GCLocker Initiated GC) [PSYoungGen: 173694K->67505K(175104K)] 574718K->468632K(699392K), 0.0187138 secs] [Times: user=0.18 sys=0.00, real=0.02 secs] 
2016-09-15T12:24:36.202-0400: 303.219: [GC (GCLocker Initiated GC) [PSYoungGen: 155569K->36902K(175104K)] 562975K->469031K(699392K), 0.0206515 secs] [Times: user=0.20 sys=0.00, real=0.02 secs] 
2016-09-15T12:24:36.384-0400: 303.401: [GC (GCLocker Initiated GC) [PSYoungGen: 124966K->85662K(175104K)] 557205K->536402K(699392K), 0.0175294 secs] [Times: user=0.18 sys=0.01, real=0.02 secs] 
2016-09-15T12:24:36.521-0400: 303.538: [GC (Allocation Failure) [PSYoungGen: 173726K->49116K(175104K)] 624636K->542842K(699392K), 0.0096532 secs] [Times: user=0.08 sys=0.00, real=0.01 secs] 
2016-09-15T12:24:36.531-0400: 303.548: [Full GC (Ergonomics) [PSYoungGen: 49116K->0K(175104K)] [ParOldGen: 493725K->48353K(524288K)] 542842K->48353K(699392K), [Metaspace: 44623K->44623K(1087488K)], 0.0647547 secs] [Times: user=0.40 sys=0.01, real=0.06 secs] 
2016-09-15T12:24:36.729-0400: 303.746: [GC (GCLocker Initiated GC) [PSYoungGen: 84371K->74548K(175104K)] 138799K->128976K(699392K), 0.0123646 secs] [Times: user=0.14 sys=0.00, real=0.01 secs] 
2016-09-15T12:24:36.889-0400: 303.906: [GC (GCLocker Initiated GC) [PSYoungGen: 162612K->79715K(175104K)] 217075K->190353K(699392K), 0.0120392 secs] [Times: user=0.16 sys=0.00, real=0.01 secs] 
2016-09-15T12:24:37.061-0400: 304.078: [GC (GCLocker Initiated GC) [PSYoungGen: 167779K->55842K(175104K)] 284651K->197150K(699392K), 0.0138332 secs] [Times: user=0.18 sys=0.00, real=0.01 secs] 
2016-09-15T12:24:37.260-0400: 304.277: [GC (GCLocker Initiated GC) [PSYoungGen: 143906K->36902K(175104K)] 297713K->191116K(699392K), 0.0058289 secs] [Times: user=0.04 sys=0.00, real=0.00 secs] 
2016-09-15T12:24:37.434-0400: 304.451: [GC (GCLocker Initiated GC) [PSYoungGen: 124966K->61430K(175104K)] 279227K->215794K(699392K), 0.0253404 secs] [Times: user=0.26 sys=0.00, real=0.03 secs] 
2016-09-15T12:24:37.617-0400: 304.634: [GC (GCLocker Initiated GC) [PSYoungGen: 149494K->43269K(175104K)] 316336K->240761K(699392K), 0.0482546 secs] [Times: user=0.43 sys=0.00, real=0.04 secs] 
2016-09-15T12:24:37.822-0400: 304.839: [GC (GCLocker Initiated GC) [PSYoungGen: 131333K->67341K(175104K)] 329085K->265344K(699392K), 0.0109780 secs] [Times: user=0.08 sys=0.01, real=0.01 secs] 
2016-09-15T12:24:37.993-0400: 305.011: [GC (GCLocker Initiated GC) [PSYoungGen: 155405K->61494K(175104K)] 359587K->265943K(699392K), 0.0076860 secs] [Times: user=0.06 sys=0.00, real=0.01 secs] 
2016-09-15T12:24:38.158-0400: 305.175: [GC (GCLocker Initiated GC) [PSYoungGen: 149558K->55451K(175104K)] 354261K->284730K(699392K), 0.0119394 secs] [Times: user=0.12 sys=0.00, real=0.01 secs] 
2016-09-15T12:24:38.352-0400: 305.369: [GC (GCLocker Initiated GC) [PSYoungGen: 143515K->18968K(175104K)] 391352K->267097K(699392K), 0.0211622 secs] [Times: user=0.25 sys=0.00, real=0.02 secs] 
2016-09-15T12:24:38.549-0400: 305.566: [GC (Allocation Failure) [PSYoungGen: 107032K->85562K(175104K)] 355354K->334175K(699392K), 0.0268444 secs] [Times: user=0.29 sys=0.01, real=0.03 secs] 
2016-09-15T12:24:38.717-0400: 305.734: [GC (GCLocker Initiated GC) [PSYoungGen: 173626K->73576K(175104K)] 422245K->352721K(699392K), 0.0100295 secs] [Times: user=0.10 sys=0.00, real=0.00 secs] 
2016-09-15T12:24:38.883-0400: 305.900: [GC (GCLocker Initiated GC) [PSYoungGen: 161640K->55191K(175104K)] 447052K->340863K(699392K), 0.0159930 secs] [Times: user=0.14 sys=0.00, real=0.02 secs] 
2016-09-15T12:24:39.083-0400: 306.100: [GC (Allocation Failure) [PSYoungGen: 143255K->73416K(175104K)] 429282K->359718K(699392K), 0.0097038 secs] [Times: user=0.07 sys=0.00, real=0.01 secs] 
2016-09-15T12:24:39.263-0400: 306.280: [GC (GCLocker Initiated GC) [PSYoungGen: 160201K->55159K(175104K)] 452579K->347624K(699392K), 0.0275798 secs] [Times: user=0.27 sys=0.00, real=0.03 secs] 
2016-09-15T12:24:39.464-0400: 306.481: [GC (Allocation Failure) [PSYoungGen: 143223K->61166K(175104K)] 435701K->353771K(699392K), 0.0249348 secs] [Times: user=0.26 sys=0.00, real=0.03 secs] 
2016-09-15T12:24:39.637-0400: 306.654: [GC (GCLocker Initiated GC) [PSYoungGen: 149230K->55191K(175104K)] 441836K->372232K(699392K), 0.0223319 secs] [Times: user=0.22 sys=0.00, real=0.02 secs] 
2016-09-15T12:24:39.836-0400: 306.853: [GC (GCLocker Initiated GC) [PSYoungGen: 143255K->55647K(175104K)] 466469K->379176K(699392K), 0.0083151 secs] [Times: user=0.07 sys=0.00, real=0.00 secs] 
2016-09-15T12:24:40.054-0400: 307.071: [GC (GCLocker Initiated GC) [PSYoungGen: 143711K->18645K(175104K)] 485809K->361002K(699392K), 0.0264930 secs] [Times: user=0.27 sys=0.00, real=0.03 secs] 
2016-09-15T12:24:40.285-0400: 307.302: [GC (GCLocker Initiated GC) [PSYoungGen: 106709K->37194K(175104K)] 455154K->385742K(699392K), 0.0148127 secs] [Times: user=0.15 sys=0.00, real=0.02 secs] 
2016-09-15T12:24:40.427-0400: 307.444: [GC (GCLocker Initiated GC) [PSYoungGen: 125258K->67373K(175104K)] 486004K->428418K(699392K), 0.0143561 secs] [Times: user=0.15 sys=0.00, real=0.02 secs] 
2016-09-15T12:24:40.579-0400: 307.597: [GC (GCLocker Initiated GC) [PSYoungGen: 155437K->43400K(175104K)] 516652K->435079K(699392K), 0.0160128 secs] [Times: user=0.15 sys=0.00, real=0.01 secs] 
2016-09-15T12:24:40.715-0400: 307.733: [GC (GCLocker Initiated GC) [PSYoungGen: 131464K->73972K(175104K)] 523464K->466411K(699392K), 0.0104731 secs] [Times: user=0.11 sys=0.01, real=0.01 secs] 
2016-09-15T12:24:40.853-0400: 307.870: [GC (GCLocker Initiated GC) [PSYoungGen: 162036K->85790K(175104K)] 554634K->502816K(699392K), 0.0178473 secs] [Times: user=0.21 sys=0.00, real=0.02 secs] 
2016-09-15T12:24:41.041-0400: 308.058: [GC (GCLocker Initiated GC) [PSYoungGen: 173854K->37386K(175104K)] 603239K->509424K(699392K), 0.0233996 secs] [Times: user=0.29 sys=0.00, real=0.02 secs] 
2016-09-15T12:24:41.064-0400: 308.081: [Full GC (Ergonomics) [PSYoungGen: 37386K->0K(175104K)] [ParOldGen: 472038K->47964K(524288K)] 509424K->47964K(699392K), [Metaspace: 44630K->44630K(1087488K)], 0.0604659 secs] [Times: user=0.38 sys=0.00, real=0.06 secs] 
2016-09-15T12:24:41.315-0400: 308.332: [GC (GCLocker Initiated GC) [PSYoungGen: 88064K->85950K(175104K)] 136070K->146106K(699392K), 0.0104688 secs] [Times: user=0.11 sys=0.02, real=0.01 secs] 
2016-09-15T12:24:41.462-0400: 308.480: [GC (GCLocker Initiated GC) [PSYoungGen: 174014K->49212K(175104K)] 234173K->152476K(699392K), 0.0106182 secs] [Times: user=0.12 sys=0.00, real=0.01 secs] 
2016-09-15T12:24:41.607-0400: 308.624: [GC (GCLocker Initiated GC) [PSYoungGen: 137276K->73740K(175104K)] 246656K->183428K(699392K), 0.0125369 secs] [Times: user=0.14 sys=0.00, real=0.02 secs] 
2016-09-15T12:24:41.777-0400: 308.794: [GC (GCLocker Initiated GC) [PSYoungGen: 161804K->61494K(175104K)] 271567K->232299K(699392K), 0.0207414 secs] [Times: user=0.21 sys=0.00, real=0.02 secs] 
2016-09-15T12:24:41.971-0400: 308.988: [GC (GCLocker Initiated GC) [PSYoungGen: 149558K->49116K(175104K)] 326547K->232439K(699392K), 0.0289697 secs] [Times: user=0.33 sys=0.01, real=0.03 secs] 
2016-09-15T12:24:42.201-0400: 309.219: [GC (GCLocker Initiated GC) [PSYoungGen: 137180K->73676K(175104K)] 320679K->287826K(699392K), 0.0122423 secs] [Times: user=0.11 sys=0.00, real=0.01 secs] 
2016-09-15T12:24:42.368-0400: 309.385: [GC (GCLocker Initiated GC) [PSYoungGen: 161740K->55547K(175104K)] 382258K->294573K(699392K), 0.0145611 secs] [Times: user=0.15 sys=0.00, real=0.01 secs] 
2016-09-15T12:24:42.560-0400: 309.578: [GC (GCLocker Initiated GC) [PSYoungGen: 143611K->55255K(175104K)] 388894K->300797K(699392K), 0.0099026 secs] [Times: user=0.11 sys=0.00, real=0.01 secs] 
2016-09-15T12:24:42.699-0400: 309.716: [GC (GCLocker Initiated GC) [PSYoungGen: 143319K->73380K(175104K)] 389167K->319512K(699392K), 0.0090760 secs] [Times: user=0.08 sys=0.00, real=0.01 secs] 
2016-09-15T12:24:42.860-0400: 309.877: [GC (GCLocker Initiated GC) [PSYoungGen: 161444K->55483K(175104K)] 419728K->313862K(699392K), 0.0115858 secs] [Times: user=0.12 sys=0.00, real=0.01 secs] 
2016-09-15T12:24:43.046-0400: 310.063: [GC (GCLocker Initiated GC) [PSYoungGen: 143547K->55155K(175104K)] 408138K->320037K(699392K), 0.0129957 secs] [Times: user=0.13 sys=0.00, real=0.02 secs] 
2016-09-15T12:24:43.222-0400: 310.239: [GC (GCLocker Initiated GC) [PSYoungGen: 143219K->85466K(175104K)] 408126K->350476K(699392K), 0.0182862 secs] [Times: user=0.19 sys=0.00, real=0.02 secs] 
2016-09-15T12:24:43.392-0400: 310.409: [GC (GCLocker Initiated GC) [PSYoungGen: 173530K->73380K(175104K)] 438582K->350701K(699392K), 0.0276083 secs] [Times: user=0.30 sys=0.00, real=0.03 secs] 
2016-09-15T12:24:43.577-0400: 310.594: [GC (GCLocker Initiated GC) [PSYoungGen: 161444K->67273K(175104K)] 444876K->393357K(699392K), 0.0146724 secs] [Times: user=0.14 sys=0.00, real=0.01 secs] 
2016-09-15T12:24:43.761-0400: 310.778: [GC (GCLocker Initiated GC) [PSYoungGen: 155337K->55743K(175104K)] 487807K->443008K(699392K), 0.0093427 secs] [Times: user=0.11 sys=0.00, real=0.01 secs] 
2016-09-15T12:24:43.951-0400: 310.969: [GC (Allocation Failure) [PSYoungGen: 143807K->73316K(175104K)] 531113K->460726K(699392K), 0.0201661 secs] [Times: user=0.21 sys=0.01, real=0.02 secs] 
2016-09-15T12:24:44.128-0400: 311.145: [GC (GCLocker Initiated GC) [PSYoungGen: 157104K->67797K(175104K)] 550589K->503934K(699392K), 0.0164705 secs] [Times: user=0.18 sys=0.01, real=0.01 secs] 
2016-09-15T12:24:44.317-0400: 311.334: [GC (GCLocker Initiated GC) [PSYoungGen: 155861K->49344K(175104K)] 598080K->491846K(699392K), 0.0181818 secs] [Times: user=0.19 sys=0.01, real=0.01 secs] 
2016-09-15T12:24:44.469-0400: 311.486: [GC (GCLocker Initiated GC) [PSYoungGen: 137408K->37098K(175104K)] 592096K->491881K(699392K), 0.0107612 secs] [Times: user=0.11 sys=0.00, real=0.01 secs] 
2016-09-15T12:24:44.658-0400: 311.675: [Full GC (Ergonomics) [PSYoungGen: 125162K->0K(175104K)] [ParOldGen: 461028K->48359K(524288K)] 586190K->48359K(699392K), [Metaspace: 44631K->44631K(1087488K)], 0.0695162 secs] [Times: user=0.40 sys=0.01, real=0.07 secs] 
2016-09-15T12:24:44.884-0400: 311.901: [GC (GCLocker Initiated GC) [PSYoungGen: 88064K->86342K(175104K)] 136531K->140884K(699392K), 0.0178471 secs] [Times: user=0.20 sys=0.00, real=0.02 secs] 
2016-09-15T12:24:45.032-0400: 312.049: [GC (Allocation Failure) [PSYoungGen: 174406K->67405K(175104K)] 229276K->141383K(699392K), 0.0098473 secs] [Times: user=0.09 sys=0.01, real=0.01 secs] 
2016-09-15T12:24:45.172-0400: 312.190: [GC (GCLocker Initiated GC) [PSYoungGen: 155469K->73772K(175104K)] 229452K->147859K(699392K), 0.0203506 secs] [Times: user=0.22 sys=0.00, real=0.02 secs] 
2016-09-15T12:24:45.374-0400: 312.391: [GC (GCLocker Initiated GC) [PSYoungGen: 161836K->36770K(175104K)] 242000K->117201K(699392K), 0.0095719 secs] [Times: user=0.08 sys=0.00, real=0.01 secs] 
2016-09-15T12:24:45.542-0400: 312.559: [GC (Allocation Failure) [PSYoungGen: 124834K->73544K(175104K)] 205520K->154341K(699392K), 0.0462807 secs] [Times: user=0.48 sys=0.01, real=0.05 secs] 
2016-09-15T12:24:45.750-0400: 312.768: [GC (Allocation Failure) [PSYoungGen: 156561K->37162K(175104K)] 237358K->118062K(699392K), 0.0258816 secs] [Times: user=0.28 sys=0.00, real=0.03 secs] 
2016-09-15T12:24:45.939-0400: 312.956: [GC (Allocation Failure) [PSYoungGen: 125226K->55383K(175104K)] 206126K->136722K(699392K), 0.0067001 secs] [Times: user=0.06 sys=0.00, real=0.00 secs] 
2016-09-15T12:24:46.092-0400: 313.109: [GC (GCLocker Initiated GC) [PSYoungGen: 143447K->55355K(175104K)] 224792K->136811K(699392K), 0.0224477 secs] [Times: user=0.23 sys=0.01, real=0.02 secs] 
2016-09-15T12:24:46.266-0400: 313.284: [GC (GCLocker Initiated GC) [PSYoungGen: 143419K->73644K(175104K)] 225242K->155726K(699392K), 0.0190262 secs] [Times: user=0.20 sys=0.00, real=0.02 secs] 
2016-09-15T12:24:46.448-0400: 313.465: [GC (GCLocker Initiated GC) [PSYoungGen: 161708K->61590K(175104K)] 249930K->150071K(699392K), 0.0062475 secs] [Times: user=0.04 sys=0.00, real=0.00 secs] 
2016-09-15T12:24:46.644-0400: 313.661: [GC (GCLocker Initiated GC) [PSYoungGen: 149654K->36738K(175104K)] 238137K->143713K(699392K), 0.0073195 secs] [Times: user=0.05 sys=0.00, real=0.01 secs] 
2016-09-15T12:24:46.840-0400: 313.857: [GC (GCLocker Initiated GC) [PSYoungGen: 124802K->73416K(175104K)] 232093K->180803K(699392K), 0.0074075 secs] [Times: user=0.07 sys=0.00, real=0.00 secs] 
2016-09-15T12:24:46.974-0400: 313.991: [GC (GCLocker Initiated GC) [PSYoungGen: 161480K->67373K(175104K)] 268942K->181013K(699392K), 0.0148062 secs] [Times: user=0.15 sys=0.00, real=0.02 secs] 
2016-09-15T12:24:47.146-0400: 314.163: [GC (GCLocker Initiated GC) [PSYoungGen: 155437K->55938K(175104K)] 275792K->206788K(699392K), 0.0115511 secs] [Times: user=0.13 sys=0.00, real=0.02 secs] 
2016-09-15T12:24:47.288-0400: 314.305: [GC (Allocation Failure) [PSYoungGen: 144002K->85694K(175104K)] 294894K->243107K(699392K), 0.0196100 secs] [Times: user=0.24 sys=0.00, real=0.01 secs] 
2016-09-15T12:24:47.463-0400: 314.480: [GC (GCLocker Initiated GC) [PSYoungGen: 173758K->73740K(175104K)] 331182K->279876K(699392K), 0.0134321 secs] [Times: user=0.17 sys=0.01, real=0.02 secs] 
2016-09-15T12:24:47.639-0400: 314.656: [GC (GCLocker Initiated GC) [PSYoungGen: 161804K->55451K(175104K)] 380384K->274282K(699392K), 0.0112854 secs] [Times: user=0.10 sys=0.01, real=0.01 secs] 
2016-09-15T12:24:47.807-0400: 314.825: [GC (GCLocker Initiated GC) [PSYoungGen: 143515K->37681K(175104K)] 374762K->269040K(699392K), 0.0061365 secs] [Times: user=0.05 sys=0.00, real=0.01 secs] 
2016-09-15T12:24:47.991-0400: 315.009: [GC (GCLocker Initiated GC) [PSYoungGen: 125745K->73476K(175104K)] 357330K->305384K(699392K), 0.0138741 secs] [Times: user=0.17 sys=0.00, real=0.01 secs] 
2016-09-15T12:24:48.176-0400: 315.193: [GC (GCLocker Initiated GC) [PSYoungGen: 161540K->49212K(175104K)] 393490K->281257K(699392K), 0.0247010 secs] [Times: user=0.19 sys=0.00, real=0.02 secs] 
2016-09-15T12:24:48.340-0400: 315.357: [GC (Allocation Failure) [PSYoungGen: 137276K->55419K(175104K)] 375795K->324596K(699392K), 0.0102346 secs] [Times: user=0.08 sys=0.01, real=0.01 secs] 
2016-09-15T12:24:48.465-0400: 315.482: [GC (GCLocker Initiated GC) [PSYoungGen: 143483K->73608K(175104K)] 412665K->379556K(699392K), 0.0240019 secs] [Times: user=0.31 sys=0.00, real=0.03 secs] 
2016-09-15T12:24:48.626-0400: 315.643: [GC (GCLocker Initiated GC) [PSYoungGen: 161672K->56006K(175104K)] 473865K->386724K(699392K), 0.0087077 secs] [Times: user=0.11 sys=0.00, real=0.01 secs] 
2016-09-15T12:24:48.823-0400: 315.840: [GC (Allocation Failure) [PSYoungGen: 144070K->49080K(175104K)] 475239K->405167K(699392K), 0.0154392 secs] [Times: user=0.18 sys=0.00, real=0.02 secs] 
2016-09-15T12:24:48.975-0400: 315.992: [GC (GCLocker Initiated GC) [PSYoungGen: 137144K->73772K(175104K)] 493237K->478616K(699392K), 0.0136293 secs] [Times: user=0.14 sys=0.01, real=0.02 secs] 
2016-09-15T12:24:49.146-0400: 316.164: [GC (GCLocker Initiated GC) [PSYoungGen: 161836K->55355K(175104K)] 566907K->491069K(699392K), 0.0096475 secs] [Times: user=0.09 sys=0.00, real=0.02 secs] 
2016-09-15T12:24:49.306-0400: 316.324: [GC (GCLocker Initiated GC) [PSYoungGen: 143419K->79719K(175104K)] 585255K->546138K(699392K), 0.0131925 secs] [Times: user=0.10 sys=0.00, real=0.02 secs] 
2016-09-15T12:24:49.320-0400: 316.337: [Full GC (Ergonomics) [PSYoungGen: 79719K->0K(175104K)] [ParOldGen: 466419K->48353K(524288K)] 546138K->48353K(699392K), [Metaspace: 44632K->44632K(1087488K)], 0.0623644 secs] [Times: user=0.34 sys=0.01, real=0.06 secs] 
2016-09-15T12:24:49.585-0400: 316.602: [GC (Allocation Failure) [PSYoungGen: 88064K->73768K(175104K)] 142948K->128652K(699392K), 0.0191016 secs] [Times: user=0.19 sys=0.00, real=0.02 secs] 
2016-09-15T12:24:49.750-0400: 316.767: [GC (Allocation Failure) [PSYoungGen: 161832K->55383K(175104K)] 216716K->183731K(699392K), 0.0126931 secs] [Times: user=0.15 sys=0.00, real=0.01 secs] 
2016-09-15T12:24:49.888-0400: 316.905: [GC (GCLocker Initiated GC) [PSYoungGen: 143447K->74068K(175104K)] 271800K->202736K(699392K), 0.0101797 secs] [Times: user=0.12 sys=0.00, real=0.01 secs] 
2016-09-15T12:24:50.056-0400: 317.073: [GC (GCLocker Initiated GC) [PSYoungGen: 162132K->61330K(175104K)] 291022K->202981K(699392K), 0.0133641 secs] [Times: user=0.16 sys=0.00, real=0.02 secs] 
2016-09-15T12:24:50.286-0400: 317.303: [GC (Allocation Failure) [PSYoungGen: 149394K->55383K(175104K)] 297324K->227716K(699392K), 0.0175273 secs] [Times: user=0.19 sys=0.00, real=0.02 secs] 
2016-09-15T12:24:50.473-0400: 317.490: [GC (GCLocker Initiated GC) [PSYoungGen: 143447K->55387K(175104K)] 315781K->227848K(699392K), 0.0202251 secs] [Times: user=0.18 sys=0.00, real=0.02 secs] 
2016-09-15T12:24:50.648-0400: 317.665: [GC (GCLocker Initiated GC) [PSYoungGen: 143451K->85434K(175104K)] 315982K->276457K(699392K), 0.0253000 secs] [Times: user=0.27 sys=0.00, real=0.02 secs] 
2016-09-15T12:24:50.832-0400: 317.849: [GC (GCLocker Initiated GC) [PSYoungGen: 173498K->19260K(175104K)] 383051K->301857K(699392K), 0.0121030 secs] [Times: user=0.14 sys=0.00, real=0.01 secs] 
2016-09-15T12:24:50.999-0400: 318.016: [GC (GCLocker Initiated GC) [PSYoungGen: 107324K->85886K(175104K)] 390125K->369173K(699392K), 0.0136615 secs] [Times: user=0.16 sys=0.01, real=0.01 secs] 
2016-09-15T12:24:51.175-0400: 318.192: [GC (GCLocker Initiated GC) [PSYoungGen: 173950K->49212K(175104K)] 463589K->338947K(699392K), 0.0149674 secs] [Times: user=0.14 sys=0.00, real=0.02 secs] 
2016-09-15T12:24:51.340-0400: 318.357: [GC (GCLocker Initiated GC) [PSYoungGen: 137276K->61526K(175104K)] 427080K->382004K(699392K), 0.0276009 secs] [Times: user=0.32 sys=0.00, real=0.02 secs] 
2016-09-15T12:24:51.559-0400: 318.576: [GC (GCLocker Initiated GC) [PSYoungGen: 149590K->37030K(175104K)] 482293K->369984K(699392K), 0.0135947 secs] [Times: user=0.14 sys=0.00, real=0.01 secs] 
2016-09-15T12:24:51.751-0400: 318.768: [GC (Allocation Failure) [PSYoungGen: 125094K->55355K(175104K)] 458364K->388712K(699392K), 0.0238806 secs] [Times: user=0.22 sys=0.00, real=0.02 secs] 
2016-09-15T12:24:51.913-0400: 318.930: [GC (GCLocker Initiated GC) [PSYoungGen: 143419K->73476K(175104K)] 476777K->407126K(699392K), 0.0085977 secs] [Times: user=0.09 sys=0.00, real=0.01 secs] 
2016-09-15T12:24:52.080-0400: 319.097: [GC (GCLocker Initiated GC) [PSYoungGen: 161540K->85762K(175104K)] 495238K->425646K(699392K), 0.0098000 secs] [Times: user=0.07 sys=0.00, real=0.01 secs] 
2016-09-15T12:24:52.229-0400: 319.246: [GC (GCLocker Initiated GC) [PSYoungGen: 173826K->49048K(175104K)] 513858K->444226K(699392K), 0.0161469 secs] [Times: user=0.16 sys=0.00, real=0.01 secs] 
2016-09-15T12:24:52.417-0400: 319.435: [GC (GCLocker Initiated GC) [PSYoungGen: 137112K->61166K(175104K)] 532292K->486841K(699392K), 0.0171568 secs] [Times: user=0.17 sys=0.00, real=0.01 secs] 
2016-09-15T12:24:52.584-0400: 319.601: [GC (GCLocker Initiated GC) [PSYoungGen: 149230K->73412K(175104K)] 574912K->499229K(699392K), 0.0136108 secs] [Times: user=0.13 sys=0.00, real=0.02 secs] 
2016-09-15T12:24:52.790-0400: 319.807: [GC (GCLocker Initiated GC) [PSYoungGen: 161476K->55287K(175104K)] 587471K->481377K(699392K), 0.0136752 secs] [Times: user=0.16 sys=0.00, real=0.01 secs] 
2016-09-15T12:24:52.961-0400: 319.978: [GC (GCLocker Initiated GC) [PSYoungGen: 143351K->61430K(175104K)] 575698K->494052K(699392K), 0.0112967 secs] [Times: user=0.08 sys=0.01, real=0.01 secs] 
2016-09-15T12:24:53.117-0400: 320.134: [GC (Allocation Failure) [PSYoungGen: 149494K->55419K(175104K)] 594359K->524891K(699392K), 0.0195508 secs] [Times: user=0.21 sys=0.00, real=0.02 secs] 
2016-09-15T12:24:53.137-0400: 320.154: [Full GC (Ergonomics) [PSYoungGen: 55419K->0K(175104K)] [ParOldGen: 469472K->48520K(524288K)] 524891K->48520K(699392K), [Metaspace: 44632K->44632K(1087488K)], 0.0629558 secs] [Times: user=0.37 sys=0.01, real=0.06 secs] 
2016-09-15T12:24:53.334-0400: 320.351: [GC (GCLocker Initiated GC) [PSYoungGen: 83702K->74028K(175104K)] 138297K->128623K(699392K), 0.0078912 secs] [Times: user=0.09 sys=0.00, real=0.01 secs] 
2016-09-15T12:24:53.489-0400: 320.506: [GC (GCLocker Initiated GC) [PSYoungGen: 162092K->67405K(175104K)] 216724K->159346K(699392K), 0.0221541 secs] [Times: user=0.22 sys=0.01, real=0.02 secs] 
2016-09-15T12:24:53.699-0400: 320.716: [GC (Allocation Failure) [PSYoungGen: 155469K->55611K(175104K)] 253509K->190237K(699392K), 0.0102332 secs] [Times: user=0.11 sys=0.00, real=0.01 secs] 
2016-09-15T12:24:53.710-0400: 320.727: [GC (GCLocker Initiated GC) [PSYoungGen: 56129K->160K(175104K)] 190755K->190313K(699392K), 0.0060056 secs] [Times: user=0.06 sys=0.00, real=0.01 secs] 
2016-09-15T12:24:53.878-0400: 320.895: [GC (GCLocker Initiated GC) [PSYoungGen: 88224K->85890K(175104K)] 278383K->282132K(699392K), 0.0105019 secs] [Times: user=0.10 sys=0.00, real=0.01 secs] 
2016-09-15T12:24:54.037-0400: 321.054: [GC (GCLocker Initiated GC) [PSYoungGen: 173954K->55515K(175104K)] 370372K->289010K(699392K), 0.0117168 secs] [Times: user=0.12 sys=0.00, real=0.01 secs] 
2016-09-15T12:24:54.211-0400: 321.228: [GC (GCLocker Initiated GC) [PSYoungGen: 143579K->61038K(175104K)] 377093K->294803K(699392K), 0.0233328 secs] [Times: user=0.24 sys=0.00, real=0.02 secs] 
2016-09-15T12:24:54.369-0400: 321.387: [GC (GCLocker Initiated GC) [PSYoungGen: 149102K->67733K(175104K)] 383060K->332201K(699392K), 0.0130273 secs] [Times: user=0.11 sys=0.00, real=0.01 secs] 
2016-09-15T12:24:54.517-0400: 321.534: [GC (GCLocker Initiated GC) [PSYoungGen: 155797K->67960K(175104K)] 420323K->332770K(699392K), 0.0111955 secs] [Times: user=0.11 sys=0.01, real=0.01 secs] 
2016-09-15T12:24:54.679-0400: 321.696: [GC (GCLocker Initiated GC) [PSYoungGen: 156024K->43009K(175104K)] 420928K->308179K(699392K), 0.0110274 secs] [Times: user=0.10 sys=0.00, real=0.01 secs] 
2016-09-15T12:24:54.853-0400: 321.870: [GC (GCLocker Initiated GC) [PSYoungGen: 131073K->55319K(175104K)] 408636K->332993K(699392K), 0.0069935 secs] [Times: user=0.06 sys=0.00, real=0.01 secs] 
2016-09-15T12:24:55.008-0400: 322.025: [GC (GCLocker Initiated GC) [PSYoungGen: 143383K->85954K(175104K)] 421127K->388313K(699392K), 0.0152150 secs] [Times: user=0.14 sys=0.00, real=0.01 secs] 
2016-09-15T12:24:55.196-0400: 322.213: [GC (Allocation Failure) [PSYoungGen: 174018K->43269K(175104K)] 482567K->418926K(699392K), 0.0168235 secs] [Times: user=0.18 sys=0.01, real=0.01 secs] 
2016-09-15T12:24:55.365-0400: 322.382: [GC (GCLocker Initiated GC) [PSYoungGen: 127210K->49212K(175104K)] 508942K->455543K(699392K), 0.0074129 secs] [Times: user=0.06 sys=0.00, real=0.01 secs] 
2016-09-15T12:24:55.509-0400: 322.527: [GC (Allocation Failure) [PSYoungGen: 137276K->73612K(175104K)] 543739K->480350K(699392K), 0.0321373 secs] [Times: user=0.34 sys=0.00, real=0.03 secs] 
2016-09-15T12:24:55.683-0400: 322.700: [GC (GCLocker Initiated GC) [PSYoungGen: 161676K->55355K(175104K)] 568414K->504885K(699392K), 0.0151639 secs] [Times: user=0.16 sys=0.00, real=0.02 secs] 
2016-09-15T12:24:55.699-0400: 322.716: [Full GC (Ergonomics) [PSYoungGen: 55355K->0K(175104K)] [ParOldGen: 449530K->48289K(524288K)] 504885K->48289K(699392K), [Metaspace: 44632K->44632K(1087488K)], 0.0581557 secs] [Times: user=0.30 sys=0.00, real=0.06 secs] 
2016-09-15T12:24:55.913-0400: 322.930: [GC (GCLocker Initiated GC) [PSYoungGen: 88064K->86210K(175104K)] 148561K->152783K(699392K), 0.0103209 secs] [Times: user=0.11 sys=0.00, real=0.01 secs] 
2016-09-15T12:24:56.084-0400: 323.101: [GC (GCLocker Initiated GC) [PSYoungGen: 174274K->31150K(175104K)] 253318K->141281K(699392K), 0.0152407 secs] [Times: user=0.15 sys=0.00, real=0.02 secs] 
2016-09-15T12:24:56.279-0400: 323.296: [GC (GCLocker Initiated GC) [PSYoungGen: 119214K->55447K(175104K)] 235607K->172106K(699392K), 0.0275344 secs] [Times: user=0.32 sys=0.00, real=0.02 secs] 
2016-09-15T12:24:56.500-0400: 323.517: [GC (GCLocker Initiated GC) [PSYoungGen: 143511K->61198K(175104K)] 266293K->184075K(699392K), 0.0251779 secs] [Times: user=0.28 sys=0.00, real=0.02 secs] 
2016-09-15T12:24:56.679-0400: 323.696: [GC (GCLocker Initiated GC) [PSYoungGen: 149262K->67669K(175104K)] 272147K->233198K(699392K), 0.0105089 secs] [Times: user=0.10 sys=0.00, real=0.01 secs] 
2016-09-15T12:24:56.852-0400: 323.869: [GC (GCLocker Initiated GC) [PSYoungGen: 155733K->61198K(175104K)] 327614K->233355K(699392K), 0.0251762 secs] [Times: user=0.28 sys=0.00, real=0.03 secs] 
2016-09-15T12:24:57.044-0400: 324.061: [GC (GCLocker Initiated GC) [PSYoungGen: 149262K->37162K(175104K)] 333772K->252167K(699392K), 0.0102002 secs] [Times: user=0.08 sys=0.00, real=0.01 secs] 
2016-09-15T12:24:57.231-0400: 324.248: [GC (GCLocker Initiated GC) [PSYoungGen: 125226K->73804K(175104K)] 340362K->289239K(699392K), 0.0209837 secs] [Times: user=0.22 sys=0.01, real=0.02 secs] 
2016-09-15T12:24:57.454-0400: 324.471: [GC (GCLocker Initiated GC) [PSYoungGen: 161868K->37062K(175104K)] 389792K->265245K(699392K), 0.0077470 secs] [Times: user=0.07 sys=0.00, real=0.01 secs] 
2016-09-15T12:24:57.606-0400: 324.623: [GC (Allocation Failure) [PSYoungGen: 125126K->85822K(175104K)] 359459K->332597K(699392K), 0.0090083 secs] [Times: user=0.10 sys=0.00, real=0.01 secs] 
2016-09-15T12:24:57.735-0400: 324.752: [GC (GCLocker Initiated GC) [PSYoungGen: 173886K->86054K(175104K)] 420666K->363501K(699392K), 0.0099850 secs] [Times: user=0.10 sys=0.00, real=0.01 secs] 
2016-09-15T12:24:57.871-0400: 324.888: [GC (GCLocker Initiated GC) [PSYoungGen: 174118K->73612K(175104K)] 451651K->375736K(699392K), 0.0126668 secs] [Times: user=0.12 sys=0.00, real=0.01 secs] 
2016-09-15T12:24:58.019-0400: 325.036: [GC (GCLocker Initiated GC) [PSYoungGen: 161676K->67405K(175104K)] 464494K->376410K(699392K), 0.0344477 secs] [Times: user=0.42 sys=0.00, real=0.03 secs] 
2016-09-15T12:24:58.204-0400: 325.221: [GC (GCLocker Initiated GC) [PSYoungGen: 155469K->73448K(175104K)] 465098K->401553K(699392K), 0.0173795 secs] [Times: user=0.19 sys=0.00, real=0.02 secs] 
2016-09-15T12:24:58.387-0400: 325.404: [GC (GCLocker Initiated GC) [PSYoungGen: 161512K->85630K(175104K)] 489777K->432396K(699392K), 0.0135179 secs] [Times: user=0.14 sys=0.00, real=0.02 secs] 
2016-09-15T12:24:58.565-0400: 325.582: [GC (GCLocker Initiated GC) [PSYoungGen: 173694K->73772K(175104K)] 520614K->439216K(699392K), 0.0206404 secs] [Times: user=0.28 sys=0.00, real=0.02 secs] 
2016-09-15T12:24:58.769-0400: 325.786: [GC (GCLocker Initiated GC) [PSYoungGen: 161836K->19296K(175104K)] 539545K->397422K(699392K), 0.0059804 secs] [Times: user=0.06 sys=0.00, real=0.00 secs] 
2016-09-15T12:24:58.935-0400: 325.952: [GC (GCLocker Initiated GC) [PSYoungGen: 107360K->37098K(175104K)] 491837K->421834K(699392K), 0.0062512 secs] [Times: user=0.07 sys=0.00, real=0.01 secs] 
2016-09-15T12:24:59.083-0400: 326.100: [GC (GCLocker Initiated GC) [PSYoungGen: 125162K->37453K(175104K)] 522319K->434730K(699392K), 0.0181019 secs] [Times: user=0.20 sys=0.00, real=0.02 secs] 
2016-09-15T12:24:59.245-0400: 326.262: [GC (GCLocker Initiated GC) [PSYoungGen: 125517K->73804K(175104K)] 523037K->471623K(699392K), 0.0086184 secs] [Times: user=0.09 sys=0.00, real=0.01 secs] 
2016-09-15T12:24:59.400-0400: 326.417: [GC (GCLocker Initiated GC) [PSYoungGen: 161868K->73904K(175104K)] 560014K->472333K(699392K), 0.0109526 secs] [Times: user=0.13 sys=0.01, real=0.01 secs] 
2016-09-15T12:24:59.584-0400: 326.601: [GC (Allocation Failure) [PSYoungGen: 161968K->49308K(175104K)] 566486K->453945K(699392K), 0.0071562 secs] [Times: user=0.06 sys=0.00, real=0.01 secs] 
2016-09-15T12:24:59.592-0400: 326.609: [GC (GCLocker Initiated GC) [PSYoungGen: 49324K->160K(175104K)] 453962K->459832K(699392K), 0.0094366 secs] [Times: user=0.13 sys=0.00, real=0.01 secs] 
2016-09-15T12:24:59.819-0400: 326.836: [GC (Allocation Failure) [PSYoungGen: 87020K->37286K(175104K)] 546692K->496958K(699392K), 0.0156430 secs] [Times: user=0.16 sys=0.00, real=0.01 secs] 
2016-09-15T12:25:00.089-0400: 327.106: [GC (Allocation Failure) [PSYoungGen: 125350K->19228K(175104K)] 585022K->516078K(699392K), 0.0073564 secs] [Times: user=0.06 sys=0.00, real=0.01 secs] 
2016-09-15T12:25:00.097-0400: 327.114: [Full GC (Ergonomics) [PSYoungGen: 19228K->0K(175104K)] [ParOldGen: 496849K->36372K(524288K)] 516078K->36372K(699392K), [Metaspace: 44732K->44732K(1087488K)], 0.0528267 secs] [Times: user=0.41 sys=0.01, real=0.05 secs] 
2016-09-15T12:25:00.750-0400: 327.768: [GC (Allocation Failure) [PSYoungGen: 88064K->36930K(175104K)] 124436K->73302K(699392K), 0.0100131 secs] [Times: user=0.11 sys=0.00, real=0.01 secs] 
