Java HotSpot(TM) 64-Bit Server VM (25.101-b13) for linux-amd64 JRE (1.8.0_101-b13), built on Jun 22 2016 02:59:44 by "java_re" with gcc 4.3.0 20080428 (Red Hat 4.3.0-8)
Memory: 4k page, physical 264122320k(92645552k free), swap 268399612k(268399612k free)
CommandLine flags: -XX:GCLogFileSize=1048576 -XX:+HeapDumpOnOutOfMemoryError -XX:HeapDumpPath=artifacts/heapdump -XX:InitialHeapSize=805306368 -XX:MaxHeapSize=805306368 -XX:NumberOfGCLogFiles=10 -XX:+PrintGC -XX:+PrintGCDateStamps -XX:+PrintGCDetails -XX:+PrintGCTimeStamps -XX:+UseCompressedClassPointers -XX:+UseCompressedOops -XX:+UseGCLogFileRotation -XX:+UseParallelGC 
2016-09-25T22:40:26.621-0400: 2.182: [GC (Metadata GC Threshold) [PSYoungGen: 121898K->15501K(229376K)] 121898K->15589K(753664K), 0.0200263 secs] [Times: user=0.08 sys=0.04, real=0.02 secs] 
2016-09-25T22:40:26.641-0400: 2.202: [Full GC (Metadata GC Threshold) [PSYoungGen: 15501K->0K(229376K)] [ParOldGen: 88K->14599K(355328K)] 15589K->14599K(584704K), [Metaspace: 21066K->21066K(1067008K)], 0.0528710 secs] [Times: user=0.41 sys=0.04, real=0.05 secs] 
2016-09-25T22:40:36.441-0400: 12.001: [GC (Metadata GC Threshold) [PSYoungGen: 125206K->15376K(229376K)] 139806K->30112K(584704K), 0.0144951 secs] [Times: user=0.15 sys=0.00, real=0.02 secs] 
2016-09-25T22:40:36.455-0400: 12.016: [Full GC (Metadata GC Threshold) [PSYoungGen: 15376K->0K(229376K)] [ParOldGen: 14735K->20746K(524288K)] 30112K->20746K(753664K), [Metaspace: 35052K->35052K(1079296K)], 0.0567501 secs] [Times: user=0.58 sys=0.02, real=0.05 secs] 
2016-09-25T22:40:38.082-0400: 13.643: [GC (GCLocker Initiated GC) [PSYoungGen: 196044K->32748K(229376K)] 219491K->81899K(753664K), 0.0183330 secs] [Times: user=0.18 sys=0.06, real=0.02 secs] 
2016-09-25T22:40:38.441-0400: 14.001: [GC (GCLocker Initiated GC) [PSYoungGen: 229356K->32619K(229376K)] 281258K->126380K(753664K), 0.0095090 secs] [Times: user=0.14 sys=0.02, real=0.01 secs] 
2016-09-25T22:40:38.555-0400: 14.116: [GC (GCLocker Initiated GC) [PSYoungGen: 229227K->31405K(228352K)] 332616K->172602K(752640K), 0.0185790 secs] [Times: user=0.15 sys=0.01, real=0.02 secs] 
2016-09-25T22:40:38.674-0400: 14.234: [GC (GCLocker Initiated GC) [PSYoungGen: 228013K->33770K(136192K)] 369281K->230741K(660480K), 0.0099966 secs] [Times: user=0.13 sys=0.03, real=0.02 secs] 
2016-09-25T22:40:38.739-0400: 14.300: [GC (GCLocker Initiated GC) [PSYoungGen: 136170K->75995K(178688K)] 337275K->277108K(702976K), 0.0088386 secs] [Times: user=0.12 sys=0.00, real=0.01 secs] 
2016-09-25T22:40:38.805-0400: 14.365: [GC (GCLocker Initiated GC) [PSYoungGen: 178395K->71734K(171520K)] 385032K->284315K(695808K), 0.0091612 secs] [Times: user=0.14 sys=0.01, real=0.00 secs] 
2016-09-25T22:40:38.858-0400: 14.419: [GC (GCLocker Initiated GC) [PSYoungGen: 159798K->63235K(175104K)] 375820K->306981K(699392K), 0.0089062 secs] [Times: user=0.11 sys=0.02, real=0.01 secs] 
2016-09-25T22:40:38.899-0400: 14.459: [GC (GCLocker Initiated GC) [PSYoungGen: 151299K->79266K(175104K)] 397893K->337034K(699392K), 0.0077456 secs] [Times: user=0.09 sys=0.01, real=0.01 secs] 
2016-09-25T22:40:38.949-0400: 14.509: [GC (GCLocker Initiated GC) [PSYoungGen: 167330K->38425K(175104K)] 425205K->333197K(699392K), 0.0108917 secs] [Times: user=0.12 sys=0.03, real=0.01 secs] 
2016-09-25T22:40:38.999-0400: 14.559: [GC (GCLocker Initiated GC) [PSYoungGen: 126489K->47844K(175104K)] 421362K->365961K(699392K), 0.0073902 secs] [Times: user=0.10 sys=0.02, real=0.01 secs] 
2016-09-25T22:40:39.042-0400: 14.602: [GC (GCLocker Initiated GC) [PSYoungGen: 135908K->61600K(175104K)] 455452K->408445K(699392K), 0.0129658 secs] [Times: user=0.17 sys=0.02, real=0.02 secs] 
2016-09-25T22:40:39.091-0400: 14.652: [GC (GCLocker Initiated GC) [PSYoungGen: 149664K->65522K(175104K)] 499351K->438529K(699392K), 0.0124129 secs] [Times: user=0.18 sys=0.01, real=0.02 secs] 
2016-09-25T22:40:39.143-0400: 14.703: [GC (GCLocker Initiated GC) [PSYoungGen: 153586K->60124K(175104K)] 536196K->452366K(699392K), 0.0085442 secs] [Times: user=0.07 sys=0.01, real=0.00 secs] 
2016-09-25T22:40:39.192-0400: 14.753: [GC (GCLocker Initiated GC) [PSYoungGen: 148188K->64268K(175104K)] 548693K->496144K(699392K), 0.0076487 secs] [Times: user=0.11 sys=0.02, real=0.01 secs] 
2016-09-25T22:40:39.236-0400: 14.796: [GC (GCLocker Initiated GC) [PSYoungGen: 152332K->75018K(175104K)] 584286K->528856K(699392K), 0.0083519 secs] [Times: user=0.14 sys=0.00, real=0.01 secs] 
2016-09-25T22:40:39.282-0400: 14.842: [GC (GCLocker Initiated GC) [PSYoungGen: 163082K->62792K(175104K)] 622450K->529137K(699392K), 0.0138006 secs] [Times: user=0.22 sys=0.00, real=0.02 secs] 
2016-09-25T22:40:39.341-0400: 14.902: [Full GC (Ergonomics) [PSYoungGen: 150856K->0K(175104K)] [ParOldGen: 475891K->64796K(524288K)] 626748K->64796K(699392K), [Metaspace: 42899K->42891K(1085440K)], 0.1936000 secs] [Times: user=2.99 sys=0.04, real=0.20 secs] 
2016-09-25T22:40:39.581-0400: 15.142: [GC (GCLocker Initiated GC) [PSYoungGen: 88064K->69746K(175104K)] 158462K->140153K(699392K), 0.0066961 secs] [Times: user=0.11 sys=0.00, real=0.01 secs] 
2016-09-25T22:40:39.620-0400: 15.180: [GC (GCLocker Initiated GC) [PSYoungGen: 157810K->75068K(175104K)] 233744K->168958K(699392K), 0.0072209 secs] [Times: user=0.11 sys=0.00, real=0.01 secs] 
2016-09-25T22:40:39.676-0400: 15.237: [GC (GCLocker Initiated GC) [PSYoungGen: 163132K->62854K(175104K)] 257132K->180104K(699392K), 0.0072795 secs] [Times: user=0.12 sys=0.00, real=0.01 secs] 
2016-09-25T22:40:39.718-0400: 15.279: [GC (GCLocker Initiated GC) [PSYoungGen: 150918K->70968K(175104K)] 269669K->212924K(699392K), 0.0106370 secs] [Times: user=0.10 sys=0.01, real=0.01 secs] 
2016-09-25T22:40:39.766-0400: 15.327: [GC (GCLocker Initiated GC) [PSYoungGen: 159032K->54785K(175104K)] 313389K->212161K(699392K), 0.0065129 secs] [Times: user=0.07 sys=0.00, real=0.00 secs] 
2016-09-25T22:40:39.816-0400: 15.377: [GC (GCLocker Initiated GC) [PSYoungGen: 142849K->49289K(175104K)] 305671K->230005K(699392K), 0.0056674 secs] [Times: user=0.09 sys=0.00, real=0.00 secs] 
2016-09-25T22:40:39.851-0400: 15.412: [GC (GCLocker Initiated GC) [PSYoungGen: 137353K->80549K(175104K)] 321669K->270518K(699392K), 0.0075291 secs] [Times: user=0.12 sys=0.00, real=0.01 secs] 
2016-09-25T22:40:39.901-0400: 15.461: [GC (GCLocker Initiated GC) [PSYoungGen: 168613K->65603K(175104K)] 365471K->283088K(699392K), 0.0067113 secs] [Times: user=0.09 sys=0.01, real=0.01 secs] 
2016-09-25T22:40:39.947-0400: 15.508: [GC (GCLocker Initiated GC) [PSYoungGen: 153667K->69650K(175104K)] 372659K->311855K(699392K), 0.0081826 secs] [Times: user=0.15 sys=0.00, real=0.01 secs] 
2016-09-25T22:40:39.992-0400: 15.553: [GC (GCLocker Initiated GC) [PSYoungGen: 157714K->41285K(175104K)] 416237K->331182K(699392K), 0.0060483 secs] [Times: user=0.09 sys=0.00, real=0.01 secs] 
2016-09-25T22:40:40.036-0400: 15.596: [GC (GCLocker Initiated GC) [PSYoungGen: 129349K->62790K(175104K)] 426072K->369243K(699392K), 0.0078638 secs] [Times: user=0.09 sys=0.00, real=0.01 secs] 
2016-09-25T22:40:40.079-0400: 15.639: [GC (GCLocker Initiated GC) [PSYoungGen: 150854K->48081K(175104K)] 460092K->385966K(699392K), 0.0085993 secs] [Times: user=0.12 sys=0.00, real=0.01 secs] 
2016-09-25T22:40:40.124-0400: 15.684: [GC (GCLocker Initiated GC) [PSYoungGen: 136145K->64104K(175104K)] 474203K->405181K(699392K), 0.0069370 secs] [Times: user=0.08 sys=0.01, real=0.00 secs] 
2016-09-25T22:40:40.170-0400: 15.731: [GC (GCLocker Initiated GC) [PSYoungGen: 152168K->64338K(175104K)] 502820K->447675K(699392K), 0.0079291 secs] [Times: user=0.11 sys=0.00, real=0.01 secs] 
2016-09-25T22:40:40.215-0400: 15.776: [GC (GCLocker Initiated GC) [PSYoungGen: 152402K->63053K(151552K)] 543932K->494192K(675840K), 0.0083577 secs] [Times: user=0.12 sys=0.01, real=0.01 secs] 
2016-09-25T22:40:40.264-0400: 15.824: [GC (GCLocker Initiated GC) [PSYoungGen: 151117K->65794K(175104K)] 595855K->523060K(699392K), 0.0066001 secs] [Times: user=0.09 sys=0.00, real=0.00 secs] 
2016-09-25T22:40:40.313-0400: 15.874: [GC (GCLocker Initiated GC) [PSYoungGen: 154370K->68416K(174592K)] 621331K->552051K(698880K), 0.0086463 secs] [Times: user=0.12 sys=0.01, real=0.01 secs] 
2016-09-25T22:40:40.322-0400: 15.882: [Full GC (Ergonomics) [PSYoungGen: 68416K->0K(174592K)] [ParOldGen: 483634K->73786K(524288K)] 552051K->73786K(698880K), [Metaspace: 43013K->43013K(1085440K)], 0.0480357 secs] [Times: user=0.46 sys=0.01, real=0.05 secs] 
2016-09-25T22:40:40.411-0400: 15.971: [GC (GCLocker Initiated GC) [PSYoungGen: 88576K->72882K(174080K)] 162578K->146893K(698368K), 0.0063294 secs] [Times: user=0.07 sys=0.00, real=0.01 secs] 
2016-09-25T22:40:40.464-0400: 16.025: [GC (GCLocker Initiated GC) [PSYoungGen: 160946K->67098K(175104K)] 239114K->155544K(699392K), 0.0067419 secs] [Times: user=0.09 sys=0.01, real=0.00 secs] 
2016-09-25T22:40:40.511-0400: 16.072: [GC (GCLocker Initiated GC) [PSYoungGen: 155162K->46674K(175104K)] 250522K->168095K(699392K), 0.0060695 secs] [Times: user=0.08 sys=0.00, real=0.01 secs] 
2016-09-25T22:40:40.553-0400: 16.113: [GC (GCLocker Initiated GC) [PSYoungGen: 134738K->69702K(175104K)] 265772K->202493K(699392K), 0.0066062 secs] [Times: user=0.08 sys=0.00, real=0.01 secs] 
2016-09-25T22:40:40.601-0400: 16.161: [GC (GCLocker Initiated GC) [PSYoungGen: 157766K->63031K(172032K)] 297396K->236863K(696320K), 0.0074200 secs] [Times: user=0.09 sys=0.01, real=0.01 secs] 
2016-09-25T22:40:40.649-0400: 16.210: [GC (GCLocker Initiated GC) [PSYoungGen: 151095K->76534K(173568K)] 327715K->265779K(697856K), 0.0079056 secs] [Times: user=0.12 sys=0.00, real=0.01 secs] 
2016-09-25T22:40:40.692-0400: 16.253: [GC (GCLocker Initiated GC) [PSYoungGen: 164598K->77853K(175104K)] 359332K->291949K(699392K), 0.0075346 secs] [Times: user=0.11 sys=0.00, real=0.01 secs] 
2016-09-25T22:40:40.742-0400: 16.303: [GC (GCLocker Initiated GC) [PSYoungGen: 165917K->42720K(175104K)] 380022K->304534K(699392K), 0.0079062 secs] [Times: user=0.10 sys=0.00, real=0.00 secs] 
2016-09-25T22:40:40.790-0400: 16.350: [GC (GCLocker Initiated GC) [PSYoungGen: 130784K->75436K(175104K)] 403507K->356638K(699392K), 0.0071846 secs] [Times: user=0.11 sys=0.00, real=0.01 secs] 
2016-09-25T22:40:40.836-0400: 16.397: [GC (GCLocker Initiated GC) [PSYoungGen: 163500K->69876K(175104K)] 455862K->372346K(699392K), 0.0069796 secs] [Times: user=0.09 sys=0.01, real=0.01 secs] 
2016-09-25T22:40:40.881-0400: 16.441: [GC (GCLocker Initiated GC) [PSYoungGen: 157940K->69674K(175104K)] 463410K->385140K(699392K), 0.0069400 secs] [Times: user=0.10 sys=0.00, real=0.01 secs] 
2016-09-25T22:40:40.921-0400: 16.482: [GC (GCLocker Initiated GC) [PSYoungGen: 157738K->67066K(175104K)] 473310K->391066K(699392K), 0.0075886 secs] [Times: user=0.10 sys=0.00, real=0.01 secs] 
2016-09-25T22:40:40.962-0400: 16.522: [GC (GCLocker Initiated GC) [PSYoungGen: 155130K->64398K(175104K)] 483298K->411933K(699392K), 0.0078676 secs] [Times: user=0.08 sys=0.00, real=0.01 secs] 
2016-09-25T22:40:41.003-0400: 16.564: [GC (GCLocker Initiated GC) [PSYoungGen: 152462K->77948K(175104K)] 500139K->440983K(699392K), 0.0084643 secs] [Times: user=0.12 sys=0.00, real=0.00 secs] 
2016-09-25T22:40:41.051-0400: 16.611: [GC (GCLocker Initiated GC) [PSYoungGen: 166012K->53722K(175104K)] 548104K->449744K(699392K), 0.0058933 secs] [Times: user=0.08 sys=0.00, real=0.01 secs] 
2016-09-25T22:40:41.091-0400: 16.651: [GC (GCLocker Initiated GC) [PSYoungGen: 141786K->76566K(175104K)] 537833K->488055K(699392K), 0.0079200 secs] [Times: user=0.12 sys=0.00, real=0.01 secs] 
2016-09-25T22:40:41.138-0400: 16.699: [GC (GCLocker Initiated GC) [PSYoungGen: 164630K->71116K(175104K)] 579041K->496740K(699392K), 0.0095232 secs] [Times: user=0.14 sys=0.00, real=0.01 secs] 
2016-09-25T22:40:41.183-0400: 16.744: [GC (GCLocker Initiated GC) [PSYoungGen: 159180K->46820K(175104K)] 587624K->510816K(699392K), 0.0070203 secs] [Times: user=0.09 sys=0.01, real=0.00 secs] 
2016-09-25T22:40:41.231-0400: 16.791: [GC (GCLocker Initiated GC) [PSYoungGen: 134884K->53676K(175104K)] 607424K->546910K(699392K), 0.0066763 secs] [Times: user=0.08 sys=0.00, real=0.01 secs] 
2016-09-25T22:40:41.237-0400: 16.798: [Full GC (Ergonomics) [PSYoungGen: 53676K->0K(175104K)] [ParOldGen: 493234K->68061K(524288K)] 546910K->68061K(699392K), [Metaspace: 43240K->43240K(1085440K)], 0.0545404 secs] [Times: user=0.45 sys=0.01, real=0.05 secs] 
2016-09-25T22:40:41.327-0400: 16.888: [GC (GCLocker Initiated GC) [PSYoungGen: 88064K->66164K(175104K)] 167168K->145269K(699392K), 0.0120505 secs] [Times: user=0.16 sys=0.00, real=0.01 secs] 
2016-09-25T22:40:41.377-0400: 16.938: [GC (GCLocker Initiated GC) [PSYoungGen: 154228K->63016K(175104K)] 242151K->154459K(699392K), 0.0076220 secs] [Times: user=0.08 sys=0.00, real=0.01 secs] 
2016-09-25T22:40:41.424-0400: 16.985: [GC (GCLocker Initiated GC) [PSYoungGen: 151080K->61588K(150016K)] 247945K->164293K(674304K), 0.0099875 secs] [Times: user=0.14 sys=0.00, real=0.00 secs] 
2016-09-25T22:40:41.474-0400: 17.034: [GC (GCLocker Initiated GC) [PSYoungGen: 149652K->80676K(171008K)] 260560K->205498K(695296K), 0.0074563 secs] [Times: user=0.10 sys=0.00, real=0.01 secs] 
2016-09-25T22:40:41.518-0400: 17.078: [GC (GCLocker Initiated GC) [PSYoungGen: 166692K->61666K(173056K)] 301064K->200610K(697344K), 0.0060746 secs] [Times: user=0.08 sys=0.00, real=0.01 secs] 
2016-09-25T22:40:41.559-0400: 17.120: [GC (GCLocker Initiated GC) [PSYoungGen: 147682K->77789K(175104K)] 286680K->229397K(699392K), 0.0072816 secs] [Times: user=0.11 sys=0.01, real=0.01 secs] 
2016-09-25T22:40:41.604-0400: 17.164: [GC (GCLocker Initiated GC) [PSYoungGen: 165853K->73912K(175104K)] 323014K->257130K(699392K), 0.0076302 secs] [Times: user=0.12 sys=0.00, real=0.00 secs] 
2016-09-25T22:40:41.651-0400: 17.211: [GC (GCLocker Initiated GC) [PSYoungGen: 161976K->56124K(175104K)] 345248K->258788K(699392K), 0.0072481 secs] [Times: user=0.07 sys=0.00, real=0.01 secs] 
2016-09-25T22:40:41.694-0400: 17.255: [GC (GCLocker Initiated GC) [PSYoungGen: 144188K->45736K(175104K)] 353705K->290811K(699392K), 0.0066116 secs] [Times: user=0.08 sys=0.01, real=0.01 secs] 
2016-09-25T22:40:41.762-0400: 17.323: [GC (Allocation Failure) [PSYoungGen: 133800K->84728K(175104K)] 384305K->346715K(699392K), 0.0079504 secs] [Times: user=0.11 sys=0.00, real=0.00 secs] 
2016-09-25T22:40:41.771-0400: 17.332: [GC (GCLocker Initiated GC) [PSYoungGen: 87587K->2732K(175104K)] 349574K->347818K(699392K), 0.0067677 secs] [Times: user=0.09 sys=0.00, real=0.01 secs] 
2016-09-25T22:40:41.825-0400: 17.386: [GC (GCLocker Initiated GC) [PSYoungGen: 90796K->66054K(175104K)] 435888K->419263K(699392K), 0.0063207 secs] [Times: user=0.08 sys=0.00, real=0.00 secs] 
2016-09-25T22:40:41.873-0400: 17.434: [GC (GCLocker Initiated GC) [PSYoungGen: 154118K->59126K(175104K)] 507529K->436265K(699392K), 0.0066526 secs] [Times: user=0.10 sys=0.00, real=0.01 secs] 
2016-09-25T22:40:41.906-0400: 17.467: [GC (GCLocker Initiated GC) [PSYoungGen: 147190K->78008K(175104K)] 524391K->484121K(699392K), 0.0117127 secs] [Times: user=0.17 sys=0.01, real=0.01 secs] 
2016-09-25T22:40:41.956-0400: 17.517: [GC (GCLocker Initiated GC) [PSYoungGen: 166072K->71148K(175104K)] 580469K->495569K(699392K), 0.0069677 secs] [Times: user=0.08 sys=0.00, real=0.01 secs] 
2016-09-25T22:40:41.999-0400: 17.560: [GC (GCLocker Initiated GC) [PSYoungGen: 159212K->57757K(175104K)] 597516K->515424K(699392K), 0.0064545 secs] [Times: user=0.09 sys=0.00, real=0.01 secs] 
2016-09-25T22:40:42.047-0400: 17.607: [GC (GCLocker Initiated GC) [PSYoungGen: 145821K->72434K(175104K)] 606447K->541805K(699392K), 0.0119791 secs] [Times: user=0.14 sys=0.00, real=0.01 secs] 
2016-09-25T22:40:42.097-0400: 17.657: [Full GC (Ergonomics) [PSYoungGen: 160498K->0K(175104K)] [ParOldGen: 477597K->80437K(524288K)] 638095K->80437K(699392K), [Metaspace: 43327K->43327K(1085440K)], 0.0478185 secs] [Times: user=0.40 sys=0.00, real=0.05 secs] 
2016-09-25T22:40:42.180-0400: 17.741: [GC (GCLocker Initiated GC) [PSYoungGen: 88064K->67432K(175104K)] 176641K->156010K(699392K), 0.0052930 secs] [Times: user=0.07 sys=0.00, real=0.01 secs] 
2016-09-25T22:40:42.217-0400: 17.778: [GC (GCLocker Initiated GC) [PSYoungGen: 155496K->65670K(175104K)] 246891K->176786K(699392K), 0.0106132 secs] [Times: user=0.14 sys=0.00, real=0.01 secs] 
2016-09-25T22:40:42.262-0400: 17.823: [GC (GCLocker Initiated GC) [PSYoungGen: 153734K->69830K(175104K)] 270283K->201581K(699392K), 0.0071578 secs] [Times: user=0.07 sys=0.00, real=0.01 secs] 
2016-09-25T22:40:42.305-0400: 17.866: [GC (GCLocker Initiated GC) [PSYoungGen: 157894K->71258K(175104K)] 297887K->221185K(699392K), 0.0097265 secs] [Times: user=0.12 sys=0.00, real=0.01 secs] 
2016-09-25T22:40:42.354-0400: 17.915: [GC (GCLocker Initiated GC) [PSYoungGen: 159322K->59016K(175104K)] 309367K->217714K(699392K), 0.0094334 secs] [Times: user=0.09 sys=0.00, real=0.02 secs] 
2016-09-25T22:40:42.399-0400: 17.959: [GC (GCLocker Initiated GC) [PSYoungGen: 147080K->56188K(175104K)] 305867K->249187K(699392K), 0.0071997 secs] [Times: user=0.08 sys=0.00, real=0.01 secs] 
2016-09-25T22:40:42.442-0400: 18.003: [GC (GCLocker Initiated GC) [PSYoungGen: 144252K->60568K(175104K)] 348130K->278375K(699392K), 0.0062993 secs] [Times: user=0.08 sys=0.00, real=0.00 secs] 
2016-09-25T22:40:42.483-0400: 18.044: [GC (GCLocker Initiated GC) [PSYoungGen: 148632K->81902K(175104K)] 371865K->320641K(699392K), 0.0079834 secs] [Times: user=0.12 sys=0.01, real=0.00 secs] 
2016-09-25T22:40:42.528-0400: 18.088: [GC (GCLocker Initiated GC) [PSYoungGen: 169966K->83312K(175104K)] 419763K->342953K(699392K), 0.0070316 secs] [Times: user=0.09 sys=0.00, real=0.01 secs] 
2016-09-25T22:40:42.572-0400: 18.132: [GC (GCLocker Initiated GC) [PSYoungGen: 171376K->84681K(175104K)] 439214K->367843K(699392K), 0.0079957 secs] [Times: user=0.12 sys=0.00, real=0.01 secs] 
2016-09-25T22:40:42.620-0400: 18.181: [GC (GCLocker Initiated GC) [PSYoungGen: 172745K->48120K(175104K)] 459210K->364802K(699392K), 0.0058713 secs] [Times: user=0.08 sys=0.00, real=0.01 secs] 
2016-09-25T22:40:42.655-0400: 18.216: [GC (GCLocker Initiated GC) [PSYoungGen: 136184K->76580K(175104K)] 463857K->415488K(699392K), 0.0076999 secs] [Times: user=0.10 sys=0.01, real=0.01 secs] 
2016-09-25T22:40:42.700-0400: 18.261: [GC (GCLocker Initiated GC) [PSYoungGen: 164644K->73958K(175104K)] 509908K->431896K(699392K), 0.0075517 secs] [Times: user=0.11 sys=0.00, real=0.01 secs] 
2016-09-25T22:40:42.754-0400: 18.315: [GC (GCLocker Initiated GC) [PSYoungGen: 162022K->53534K(175104K)] 529595K->439195K(699392K), 0.0070060 secs] [Times: user=0.09 sys=0.00, real=0.00 secs] 
2016-09-25T22:40:42.802-0400: 18.363: [GC (GCLocker Initiated GC) [PSYoungGen: 141598K->54856K(175104K)] 532771K->465373K(699392K), 0.0063513 secs] [Times: user=0.09 sys=0.01, real=0.00 secs] 
2016-09-25T22:40:42.834-0400: 18.395: [GC (GCLocker Initiated GC) [PSYoungGen: 142920K->86108K(175104K)] 553569K->501187K(699392K), 0.0085275 secs] [Times: user=0.12 sys=0.00, real=0.01 secs] 
2016-09-25T22:40:42.888-0400: 18.449: [GC (GCLocker Initiated GC) [PSYoungGen: 174172K->58984K(175104K)] 594797K->516601K(699392K), 0.0068302 secs] [Times: user=0.10 sys=0.00, real=0.01 secs] 
2016-09-25T22:40:42.934-0400: 18.495: [GC (GCLocker Initiated GC) [PSYoungGen: 147048K->63176K(175104K)] 614190K->553674K(699392K), 0.0066181 secs] [Times: user=0.09 sys=0.00, real=0.01 secs] 
2016-09-25T22:40:42.941-0400: 18.501: [Full GC (Ergonomics) [PSYoungGen: 63176K->0K(175104K)] [ParOldGen: 490498K->81051K(524288K)] 553674K->81051K(699392K), [Metaspace: 43331K->43331K(1085440K)], 0.0465137 secs] [Times: user=0.39 sys=0.01, real=0.05 secs] 
2016-09-25T22:40:43.022-0400: 18.582: [GC (GCLocker Initiated GC) [PSYoungGen: 88064K->82364K(175104K)] 171945K->166246K(699392K), 0.0064286 secs] [Times: user=0.09 sys=0.01, real=0.01 secs] 
2016-09-25T22:40:43.066-0400: 18.626: [GC (GCLocker Initiated GC) [PSYoungGen: 170428K->67208K(175104K)] 262520K->169582K(699392K), 0.0068306 secs] [Times: user=0.10 sys=0.00, real=0.00 secs] 
2016-09-25T22:40:43.111-0400: 18.672: [GC (GCLocker Initiated GC) [PSYoungGen: 155272K->60316K(175104K)] 263077K->198367K(699392K), 0.0067519 secs] [Times: user=0.08 sys=0.00, real=0.01 secs] 
2016-09-25T22:40:43.156-0400: 18.716: [GC (GCLocker Initiated GC) [PSYoungGen: 148380K->64508K(175104K)] 299978K->219281K(699392K), 0.0067695 secs] [Times: user=0.09 sys=0.00, real=0.01 secs] 
2016-09-25T22:40:43.199-0400: 18.760: [GC (GCLocker Initiated GC) [PSYoungGen: 152572K->71148K(175104K)] 322270K->244068K(699392K), 0.0056205 secs] [Times: user=0.07 sys=0.00, real=0.01 secs] 
2016-09-25T22:40:43.241-0400: 18.802: [GC (GCLocker Initiated GC) [PSYoungGen: 159212K->61556K(175104K)] 332973K->254664K(699392K), 0.0075504 secs] [Times: user=0.08 sys=0.00, real=0.01 secs] 
2016-09-25T22:40:43.278-0400: 18.839: [GC (GCLocker Initiated GC) [PSYoungGen: 149620K->50916K(175104K)] 345562K->270218K(699392K), 0.0089323 secs] [Times: user=0.07 sys=0.00, real=0.01 secs] 
2016-09-25T22:40:43.319-0400: 18.880: [GC (GCLocker Initiated GC) [PSYoungGen: 138980K->67162K(175104K)] 361045K->311326K(699392K), 0.0078373 secs] [Times: user=0.10 sys=0.01, real=0.01 secs] 
2016-09-25T22:40:43.364-0400: 18.925: [GC (GCLocker Initiated GC) [PSYoungGen: 155226K->52344K(175104K)] 403806K->320348K(699392K), 0.0128952 secs] [Times: user=0.17 sys=0.00, real=0.01 secs] 
2016-09-25T22:40:43.408-0400: 18.969: [GC (GCLocker Initiated GC) [PSYoungGen: 140408K->63034K(175104K)] 413966K->341157K(699392K), 0.0238866 secs] [Times: user=0.30 sys=0.01, real=0.02 secs] 
2016-09-25T22:40:43.471-0400: 19.031: [GC (GCLocker Initiated GC) [PSYoungGen: 151098K->67142K(172032K)] 441582K->358176K(696320K), 0.0061760 secs] [Times: user=0.08 sys=0.00, real=0.01 secs] 
2016-09-25T22:40:43.518-0400: 19.079: [GC (GCLocker Initiated GC) [PSYoungGen: 155206K->62860K(173568K)] 451764K->368069K(697856K), 0.0092744 secs] [Times: user=0.11 sys=0.00, real=0.01 secs] 
2016-09-25T22:40:43.554-0400: 19.115: [GC (GCLocker Initiated GC) [PSYoungGen: 150924K->77930K(172032K)] 456313K->410678K(696320K), 0.0075635 secs] [Times: user=0.11 sys=0.00, real=0.00 secs] 
2016-09-25T22:40:43.599-0400: 19.159: [GC (GCLocker Initiated GC) [PSYoungGen: 165994K->61569K(175104K)] 504325K->435520K(699392K), 0.0097632 secs] [Times: user=0.10 sys=0.00, real=0.01 secs] 
2016-09-25T22:40:43.648-0400: 19.209: [GC (GCLocker Initiated GC) [PSYoungGen: 149633K->50961K(174592K)] 527713K->455110K(698880K), 0.0074716 secs] [Times: user=0.06 sys=0.00, real=0.01 secs] 
2016-09-25T22:40:43.689-0400: 19.250: [GC (GCLocker Initiated GC) [PSYoungGen: 140561K->67052K(175616K)] 547471K->479893K(699904K), 0.0070234 secs] [Times: user=0.07 sys=0.00, real=0.01 secs] 
2016-09-25T22:40:43.729-0400: 19.289: [GC (GCLocker Initiated GC) [PSYoungGen: 156652K->60301K(173056K)] 572404K->495488K(697344K), 0.0111309 secs] [Times: user=0.10 sys=0.02, real=0.01 secs] 
2016-09-25T22:40:43.772-0400: 19.332: [GC (GCLocker Initiated GC) [PSYoungGen: 151437K->69720K(174592K)] 589477K->524365K(698880K), 0.0079746 secs] [Times: user=0.12 sys=0.00, real=0.01 secs] 
2016-09-25T22:40:43.816-0400: 19.376: [GC (GCLocker Initiated GC) [PSYoungGen: 160856K->67271K(177152K)] 620989K->542660K(701440K), 0.0069503 secs] [Times: user=0.08 sys=0.00, real=0.01 secs] 
2016-09-25T22:40:43.860-0400: 19.420: [GC (GCLocker Initiated GC) [PSYoungGen: 161991K->53629K(177664K)] 638909K->558116K(701952K), 0.0070061 secs] [Times: user=0.09 sys=0.00, real=0.01 secs] 
2016-09-25T22:40:43.867-0400: 19.428: [Full GC (Ergonomics) [PSYoungGen: 53629K->0K(177664K)] [ParOldGen: 504486K->90535K(524288K)] 558116K->90535K(701952K), [Metaspace: 43359K->43359K(1085440K)], 0.0466713 secs] [Times: user=0.37 sys=0.02, real=0.04 secs] 
2016-09-25T22:40:43.945-0400: 19.506: [GC (GCLocker Initiated GC) [PSYoungGen: 94720K->79741K(171008K)] 188368K->173390K(695296K), 0.0063673 secs] [Times: user=0.09 sys=0.00, real=0.00 secs] 
2016-09-25T22:40:43.988-0400: 19.549: [GC (GCLocker Initiated GC) [PSYoungGen: 167805K->58905K(175104K)] 264218K->181950K(699392K), 0.0076856 secs] [Times: user=0.10 sys=0.00, real=0.01 secs] 
2016-09-25T22:40:44.034-0400: 19.595: [GC (GCLocker Initiated GC) [PSYoungGen: 146969K->57711K(172032K)] 278174K->202760K(696320K), 0.0087660 secs] [Times: user=0.09 sys=0.03, real=0.01 secs] 
2016-09-25T22:40:44.076-0400: 19.637: [GC (GCLocker Initiated GC) [PSYoungGen: 146799K->64525K(174080K)] 297412K->234577K(698368K), 0.0080254 secs] [Times: user=0.11 sys=0.00, real=0.01 secs] 
2016-09-25T22:40:44.127-0400: 19.688: [GC (GCLocker Initiated GC) [PSYoungGen: 153613K->80565K(171520K)] 330603K->268955K(695808K), 0.0072034 secs] [Times: user=0.10 sys=0.01, real=0.01 secs] 
2016-09-25T22:40:44.168-0400: 19.729: [GC (GCLocker Initiated GC) [PSYoungGen: 168629K->68433K(175104K)] 359892K->280421K(699392K), 0.0077586 secs] [Times: user=0.11 sys=0.00, real=0.01 secs] 
2016-09-25T22:40:44.204-0400: 19.765: [GC (GCLocker Initiated GC) [PSYoungGen: 156497K->76611K(174592K)] 368503K->318786K(698880K), 0.0076429 secs] [Times: user=0.09 sys=0.01, real=0.00 secs] 
2016-09-25T22:40:44.251-0400: 19.812: [GC (GCLocker Initiated GC) [PSYoungGen: 164675K->68447K(175104K)] 415029K->335512K(699392K), 0.0074402 secs] [Times: user=0.11 sys=0.00, real=0.01 secs] 
2016-09-25T22:40:44.299-0400: 19.859: [GC (GCLocker Initiated GC) [PSYoungGen: 156511K->63143K(173056K)] 426437K->349776K(697344K), 0.0098453 secs] [Times: user=0.15 sys=0.00, real=0.01 secs] 
2016-09-25T22:40:44.347-0400: 19.908: [GC (GCLocker Initiated GC) [PSYoungGen: 151719K->40083K(174080K)] 441152K->359808K(698368K), 0.0075746 secs] [Times: user=0.08 sys=0.01, real=0.01 secs] 
2016-09-25T22:40:44.387-0400: 19.948: [GC (GCLocker Initiated GC) [PSYoungGen: 128659K->60507K(175616K)] 448553K->411929K(699904K), 0.0070469 secs] [Times: user=0.09 sys=0.01, real=0.01 secs] 
2016-09-25T22:40:44.435-0400: 19.996: [GC (GCLocker Initiated GC) [PSYoungGen: 149083K->65857K(154624K)] 512877K->441018K(678912K), 0.0083188 secs] [Times: user=0.11 sys=0.02, real=0.01 secs] 
2016-09-25T22:40:44.485-0400: 20.045: [GC (GCLocker Initiated GC) [PSYoungGen: 154433K->53583K(174080K)] 532435K->461830K(698368K), 0.0074739 secs] [Times: user=0.10 sys=0.00, real=0.00 secs] 
2016-09-25T22:40:44.527-0400: 20.088: [GC (GCLocker Initiated GC) [PSYoungGen: 142671K->80707K(173568K)] 556410K->505699K(697856K), 0.0075845 secs] [Times: user=0.11 sys=0.00, real=0.01 secs] 
2016-09-25T22:40:44.568-0400: 20.128: [GC (GCLocker Initiated GC) [PSYoungGen: 169795K->69861K(175104K)] 605740K->518493K(699392K), 0.0064292 secs] [Times: user=0.08 sys=0.01, real=0.01 secs] 
2016-09-25T22:40:44.616-0400: 20.177: [GC (GCLocker Initiated GC) [PSYoungGen: 157925K->42655K(175104K)] 609408K->531095K(699392K), 0.0068085 secs] [Times: user=0.07 sys=0.01, real=0.01 secs] 
2016-09-25T22:40:44.623-0400: 20.184: [Full GC (Ergonomics) [PSYoungGen: 42655K->0K(175104K)] [ParOldGen: 488439K->89239K(524288K)] 531095K->89239K(699392K), [Metaspace: 43362K->43362K(1085440K)], 0.0454509 secs] [Times: user=0.39 sys=0.00, real=0.04 secs] 
2016-09-25T22:40:44.697-0400: 20.257: [GC (GCLocker Initiated GC) [PSYoungGen: 88064K->86272K(175104K)] 177364K->194472K(699392K), 0.0074990 secs] [Times: user=0.11 sys=0.00, real=0.01 secs] 
2016-09-25T22:40:44.749-0400: 20.309: [GC (GCLocker Initiated GC) [PSYoungGen: 174336K->72575K(175104K)] 291155K->206348K(699392K), 0.0079537 secs] [Times: user=0.11 sys=0.00, real=0.01 secs] 
2016-09-25T22:40:44.795-0400: 20.355: [GC (GCLocker Initiated GC) [PSYoungGen: 160639K->53597K(175104K)] 310788K->223199K(699392K), 0.0056863 secs] [Times: user=0.07 sys=0.00, real=0.00 secs] 
2016-09-25T22:40:44.839-0400: 20.400: [GC (GCLocker Initiated GC) [PSYoungGen: 141661K->69816K(175104K)] 316813K->250859K(699392K), 0.0073133 secs] [Times: user=0.08 sys=0.00, real=0.01 secs] 
2016-09-25T22:40:44.879-0400: 20.440: [GC (GCLocker Initiated GC) [PSYoungGen: 157880K->67019K(175104K)] 339053K->268920K(699392K), 0.0067777 secs] [Times: user=0.10 sys=0.00, real=0.01 secs] 
2016-09-25T22:40:44.925-0400: 20.486: [GC (GCLocker Initiated GC) [PSYoungGen: 155083K->57583K(175104K)] 357100K->265409K(699392K), 0.0069724 secs] [Times: user=0.08 sys=0.00, real=0.00 secs] 
2016-09-25T22:40:44.965-0400: 20.526: [GC (GCLocker Initiated GC) [PSYoungGen: 145647K->63034K(175104K)] 356271K->297139K(699392K), 0.0074709 secs] [Times: user=0.09 sys=0.00, real=0.00 secs] 
2016-09-25T22:40:45.012-0400: 20.572: [GC (GCLocker Initiated GC) [PSYoungGen: 151098K->64365K(152576K)] 393504K->332859K(676864K), 0.0085767 secs] [Times: user=0.11 sys=0.00, real=0.01 secs] 
2016-09-25T22:40:45.060-0400: 20.620: [GC (GCLocker Initiated GC) [PSYoungGen: 152429K->57615K(174080K)] 430422K->344171K(698368K), 0.0124574 secs] [Times: user=0.20 sys=0.00, real=0.01 secs] 
2016-09-25T22:40:45.114-0400: 20.675: [GC (GCLocker Initiated GC) [PSYoungGen: 146191K->38505K(173568K)] 434259K->335092K(697856K), 0.0076791 secs] [Times: user=0.04 sys=0.01, real=0.00 secs] 
2016-09-25T22:40:45.150-0400: 20.711: [GC (GCLocker Initiated GC) [PSYoungGen: 127081K->86001K(175104K)] 423867K->392779K(699392K), 0.0094238 secs] [Times: user=0.10 sys=0.00, real=0.01 secs] 
2016-09-25T22:40:45.201-0400: 20.761: [GC (GCLocker Initiated GC) [PSYoungGen: 174065K->53707K(175104K)] 484965K->401511K(699392K), 0.0070898 secs] [Times: user=0.09 sys=0.00, real=0.01 secs] 
2016-09-25T22:40:45.244-0400: 20.805: [GC (GCLocker Initiated GC) [PSYoungGen: 141771K->69847K(175104K)] 489668K->433176K(699392K), 0.0063172 secs] [Times: user=0.09 sys=0.00, real=0.00 secs] 
2016-09-25T22:40:45.289-0400: 20.850: [GC (GCLocker Initiated GC) [PSYoungGen: 157911K->70017K(175104K)] 528100K->467667K(699392K), 0.0080947 secs] [Times: user=0.11 sys=0.01, real=0.01 secs] 
2016-09-25T22:40:45.335-0400: 20.895: [GC (GCLocker Initiated GC) [PSYoungGen: 158081K->48041K(175104K)] 561261K->484225K(699392K), 0.0061898 secs] [Times: user=0.09 sys=0.00, real=0.00 secs] 
2016-09-25T22:40:45.376-0400: 20.937: [GC (GCLocker Initiated GC) [PSYoungGen: 136105K->76598K(175104K)] 572368K->528086K(699392K), 0.0077118 secs] [Times: user=0.11 sys=0.00, real=0.01 secs] 
2016-09-25T22:40:45.413-0400: 20.974: [GC (GCLocker Initiated GC) [PSYoungGen: 164662K->76580K(175104K)] 618996K->550368K(699392K), 0.0075038 secs] [Times: user=0.10 sys=0.00, real=0.01 secs] 
2016-09-25T22:40:45.458-0400: 21.019: [Full GC (Ergonomics) [PSYoungGen: 164644K->0K(175104K)] [ParOldGen: 484831K->103242K(524288K)] 649475K->103242K(699392K), [Metaspace: 43367K->43367K(1085440K)], 0.0476578 secs] [Times: user=0.35 sys=0.01, real=0.05 secs] 
2016-09-25T22:40:45.545-0400: 21.106: [GC (GCLocker Initiated GC) [PSYoungGen: 88064K->71669K(175104K)] 207281K->190887K(699392K), 0.0069053 secs] [Times: user=0.10 sys=0.00, real=0.00 secs] 
2016-09-25T22:40:45.586-0400: 21.147: [GC (GCLocker Initiated GC) [PSYoungGen: 159733K->67005K(175104K)] 281753K->219658K(699392K), 0.0066762 secs] [Times: user=0.10 sys=0.00, real=0.00 secs] 
2016-09-25T22:40:45.625-0400: 21.186: [GC (GCLocker Initiated GC) [PSYoungGen: 155069K->75120K(175104K)] 310539K->244468K(699392K), 0.0077076 secs] [Times: user=0.07 sys=0.00, real=0.00 secs] 
2016-09-25T22:40:45.668-0400: 21.228: [GC (GCLocker Initiated GC) [PSYoungGen: 163184K->76643K(175104K)] 338190K->283161K(699392K), 0.0107202 secs] [Times: user=0.14 sys=0.00, real=0.01 secs] 
2016-09-25T22:40:45.724-0400: 21.285: [GC (GCLocker Initiated GC) [PSYoungGen: 164707K->59011K(175104K)] 384931K->285069K(699392K), 0.0072185 secs] [Times: user=0.08 sys=0.00, real=0.00 secs] 
2016-09-25T22:40:45.785-0400: 21.346: [GC (GCLocker Initiated GC) [PSYoungGen: 147075K->76533K(175104K)] 378775K->314115K(699392K), 0.0063784 secs] [Times: user=0.10 sys=0.00, real=0.00 secs] 
2016-09-25T22:40:45.826-0400: 21.387: [GC (GCLocker Initiated GC) [PSYoungGen: 164597K->84775K(175104K)] 404941K->328256K(699392K), 0.0109134 secs] [Times: user=0.07 sys=0.00, real=0.01 secs] 
2016-09-25T22:40:45.882-0400: 21.443: [GC (GCLocker Initiated GC) [PSYoungGen: 172839K->68461K(175104K)] 422328K->326541K(699392K), 0.0065215 secs] [Times: user=0.07 sys=0.00, real=0.00 secs] 
2016-09-25T22:40:45.931-0400: 21.491: [GC (GCLocker Initiated GC) [PSYoungGen: 156525K->64305K(175104K)] 414675K->343210K(699392K), 0.0090707 secs] [Times: user=0.14 sys=0.00, real=0.01 secs] 
2016-09-25T22:40:45.975-0400: 21.536: [GC (GCLocker Initiated GC) [PSYoungGen: 152369K->77929K(175104K)] 434088K->378927K(699392K), 0.0065895 secs] [Times: user=0.07 sys=0.01, real=0.00 secs] 
2016-09-25T22:40:46.031-0400: 21.592: [GC (GCLocker Initiated GC) [PSYoungGen: 165993K->64443K(175104K)] 477376K->396571K(699392K), 0.0102567 secs] [Times: user=0.10 sys=0.00, real=0.01 secs] 
2016-09-25T22:40:46.082-0400: 21.643: [GC (GCLocker Initiated GC) [PSYoungGen: 152507K->69783K(175104K)] 490067K->410556K(699392K), 0.0066901 secs] [Times: user=0.07 sys=0.01, real=0.01 secs] 
2016-09-25T22:40:46.123-0400: 21.684: [GC (GCLocker Initiated GC) [PSYoungGen: 157847K->61601K(175104K)] 499116K->408747K(699392K), 0.0079779 secs] [Times: user=0.08 sys=0.00, real=0.00 secs] 
2016-09-25T22:40:46.183-0400: 21.744: [GC (GCLocker Initiated GC) [PSYoungGen: 149665K->52137K(175104K)] 503660K->432234K(699392K), 0.0071700 secs] [Times: user=0.09 sys=0.00, real=0.00 secs] 
2016-09-25T22:40:46.229-0400: 21.790: [GC (GCLocker Initiated GC) [PSYoungGen: 140201K->59093K(175104K)] 524423K->457280K(699392K), 0.0070574 secs] [Times: user=0.10 sys=0.00, real=0.01 secs] 
2016-09-25T22:40:46.270-0400: 21.831: [GC (GCLocker Initiated GC) [PSYoungGen: 147157K->52087K(175104K)] 548152K->480697K(699392K), 0.0110281 secs] [Times: user=0.06 sys=0.00, real=0.01 secs] 
2016-09-25T22:40:46.326-0400: 21.887: [GC (GCLocker Initiated GC) [PSYoungGen: 140151K->52247K(175104K)] 575730K->508651K(699392K), 0.0091944 secs] [Times: user=0.14 sys=0.00, real=0.01 secs] 
2016-09-25T22:40:46.378-0400: 21.939: [GC (GCLocker Initiated GC) [PSYoungGen: 140311K->67006K(175104K)] 600867K->534835K(699392K), 0.0110218 secs] [Times: user=0.15 sys=0.01, real=0.01 secs] 
2016-09-25T22:40:46.423-0400: 21.984: [GC (GCLocker Initiated GC) [PSYoungGen: 155070K->61730K(150016K)] 625740K->561142K(674304K), 0.0077353 secs] [Times: user=0.09 sys=0.01, real=0.00 secs] 
2016-09-25T22:40:46.431-0400: 21.992: [Full GC (Ergonomics) [PSYoungGen: 61730K->0K(150016K)] [ParOldGen: 499412K->110652K(524288K)] 561142K->110652K(674304K), [Metaspace: 43373K->43373K(1085440K)], 0.0541857 secs] [Times: user=0.46 sys=0.00, real=0.06 secs] 
2016-09-25T22:40:46.538-0400: 22.099: [GC (GCLocker Initiated GC) [PSYoungGen: 88064K->62127K(176128K)] 206897K->180961K(700416K), 0.0098559 secs] [Times: user=0.15 sys=0.00, real=0.01 secs] 
2016-09-25T22:40:46.589-0400: 22.150: [GC (GCLocker Initiated GC) [PSYoungGen: 152239K->58874K(174080K)] 271094K->205580K(698368K), 0.0070357 secs] [Times: user=0.09 sys=0.00, real=0.01 secs] 
2016-09-25T22:40:46.630-0400: 22.190: [GC (GCLocker Initiated GC) [PSYoungGen: 148986K->73939K(173056K)] 303942K->229224K(697344K), 0.0116439 secs] [Times: user=0.08 sys=0.00, real=0.01 secs] 
2016-09-25T22:40:46.691-0400: 22.251: [GC (GCLocker Initiated GC) [PSYoungGen: 164051K->58965K(175104K)] 324901K->247418K(699392K), 0.0151964 secs] [Times: user=0.15 sys=0.00, real=0.02 secs] 
2016-09-25T22:40:46.746-0400: 22.307: [GC (GCLocker Initiated GC) [PSYoungGen: 149077K->59029K(173056K)] 340267K->268158K(697344K), 0.0212601 secs] [Times: user=0.28 sys=0.00, real=0.02 secs] 
2016-09-25T22:40:46.815-0400: 22.375: [GC (GCLocker Initiated GC) [PSYoungGen: 152213K->71194K(175616K)] 369693K->298683K(699904K), 0.0094116 secs] [Times: user=0.10 sys=0.00, real=0.01 secs] 
2016-09-25T22:40:46.870-0400: 22.431: [GC (GCLocker Initiated GC) [PSYoungGen: 164378K->64461K(177664K)] 400024K->303321K(701952K), 0.0083412 secs] [Times: user=0.10 sys=0.01, real=0.01 secs] 
2016-09-25T22:40:46.927-0400: 22.488: [GC (GCLocker Initiated GC) [PSYoungGen: 160717K->64397K(178176K)] 405043K->315993K(702464K), 0.0063085 secs] [Times: user=0.06 sys=0.00, real=0.00 secs] 
2016-09-25T22:40:46.988-0400: 22.548: [GC (GCLocker Initiated GC) [PSYoungGen: 160653K->53611K(179200K)] 419099K->313802K(703488K), 0.0077027 secs] [Times: user=0.04 sys=0.00, real=0.01 secs] 
2016-09-25T22:40:47.040-0400: 22.601: [GC (GCLocker Initiated GC) [PSYoungGen: 152427K->75198K(174080K)] 415430K->354938K(698368K), 0.0105626 secs] [Times: user=0.12 sys=0.01, real=0.01 secs] 
2016-09-25T22:40:47.096-0400: 22.657: [GC (GCLocker Initiated GC) [PSYoungGen: 174014K->60329K(180224K)] 465996K->366303K(704512K), 0.0075416 secs] [Times: user=0.07 sys=0.00, real=0.01 secs] 
2016-09-25T22:40:47.165-0400: 22.726: [GC (GCLocker Initiated GC) [PSYoungGen: 157097K->73893K(171008K)] 471358K->400805K(695296K), 0.0098466 secs] [Times: user=0.13 sys=0.01, real=0.01 secs] 
2016-09-25T22:40:47.225-0400: 22.786: [GC (GCLocker Initiated GC) [PSYoungGen: 170661K->56329K(178688K)] 508522K->410863K(702976K), 0.0071144 secs] [Times: user=0.08 sys=0.00, real=0.00 secs] 
2016-09-25T22:40:47.287-0400: 22.847: [GC (GCLocker Initiated GC) [PSYoungGen: 151049K->44211K(139264K)] 511122K->442643K(663552K), 0.0084788 secs] [Times: user=0.10 sys=0.00, real=0.01 secs] 
2016-09-25T22:40:49.125-0400: 24.686: [GC (Allocation Failure) [PSYoungGen: 138931K->59175K(179200K)] 537365K->489167K(703488K), 1.1291987 secs] [Times: user=0.12 sys=0.01, real=1.13 secs] 
2016-09-25T22:40:50.294-0400: 25.855: [GC (GCLocker Initiated GC) [PSYoungGen: 153383K->80772K(175104K)] 586090K->527536K(699392K), 0.0098797 secs] [Times: user=0.15 sys=0.00, real=0.02 secs] 
2016-09-25T22:40:50.343-0400: 25.904: [GC (GCLocker Initiated GC) [PSYoungGen: 174980K->84758K(175104K)] 629970K->544392K(699392K), 0.0117226 secs] [Times: user=0.15 sys=0.00, real=0.01 secs] 
2016-09-25T22:40:50.435-0400: 25.996: [GC (GCLocker Initiated GC) [PSYoungGen: 172822K->75212K(175104K)] 637990K->563892K(699392K), 0.0120215 secs] [Times: user=0.15 sys=0.00, real=0.01 secs] 
2016-09-25T22:40:50.447-0400: 26.008: [Full GC (Ergonomics) [PSYoungGen: 75212K->0K(175104K)] [ParOldGen: 488679K->116765K(524288K)] 563892K->116765K(699392K), [Metaspace: 43391K->43391K(1085440K)], 0.0789547 secs] [Times: user=0.75 sys=0.01, real=0.08 secs] 
2016-09-25T22:40:50.568-0400: 26.129: [GC (GCLocker Initiated GC) [PSYoungGen: 88064K->80794K(175104K)] 210333K->203063K(699392K), 0.0075098 secs] [Times: user=0.08 sys=0.00, real=0.01 secs] 
2016-09-25T22:40:50.637-0400: 26.198: [GC (GCLocker Initiated GC) [PSYoungGen: 168858K->57616K(175104K)] 293976K->215761K(699392K), 0.0190936 secs] [Times: user=0.18 sys=0.00, real=0.02 secs] 
2016-09-25T22:40:50.720-0400: 26.281: [GC (GCLocker Initiated GC) [PSYoungGen: 145680K->63111K(175104K)] 312070K->251553K(699392K), 0.0285040 secs] [Times: user=0.35 sys=0.01, real=0.03 secs] 
2016-09-25T22:40:50.788-0400: 26.348: [GC (GCLocker Initiated GC) [PSYoungGen: 151175K->77916K(175104K)] 339699K->270989K(699392K), 0.0097510 secs] [Times: user=0.13 sys=0.00, real=0.01 secs] 
2016-09-25T22:40:50.842-0400: 26.403: [GC (GCLocker Initiated GC) [PSYoungGen: 165980K->60315K(175104K)] 361788K->275462K(699392K), 0.0177914 secs] [Times: user=0.22 sys=0.00, real=0.01 secs] 
2016-09-25T22:40:50.910-0400: 26.470: [GC (GCLocker Initiated GC) [PSYoungGen: 148379K->63161K(175104K)] 366280K->293748K(699392K), 0.0086969 secs] [Times: user=0.10 sys=0.00, real=0.01 secs] 
2016-09-25T22:40:50.962-0400: 26.523: [GC (GCLocker Initiated GC) [PSYoungGen: 151225K->61807K(175104K)] 390034K->332184K(699392K), 0.0074030 secs] [Times: user=0.09 sys=0.00, real=0.00 secs] 
2016-09-25T22:40:51.023-0400: 26.584: [GC (GCLocker Initiated GC) [PSYoungGen: 149871K->62969K(175104K)] 423173K->362542K(699392K), 0.0108127 secs] [Times: user=0.12 sys=0.00, real=0.00 secs] 
2016-09-25T22:40:51.083-0400: 26.644: [GC (GCLocker Initiated GC) [PSYoungGen: 151033K->72594K(175104K)] 456178K->393026K(699392K), 0.0097242 secs] [Times: user=0.10 sys=0.00, real=0.00 secs] 
2016-09-25T22:40:51.133-0400: 26.694: [GC (GCLocker Initiated GC) [PSYoungGen: 160658K->77745K(175104K)] 481201K->409660K(699392K), 0.0083233 secs] [Times: user=0.10 sys=0.00, real=0.01 secs] 
2016-09-25T22:40:51.186-0400: 26.746: [GC (GCLocker Initiated GC) [PSYoungGen: 165809K->56315K(175104K)] 497845K->423811K(699392K), 0.0161302 secs] [Times: user=0.21 sys=0.00, real=0.01 secs] 
2016-09-25T22:40:51.246-0400: 26.807: [GC (GCLocker Initiated GC) [PSYoungGen: 144379K->75141K(175104K)] 514767K->451358K(699392K), 0.0145198 secs] [Times: user=0.16 sys=0.00, real=0.01 secs] 
2016-09-25T22:40:51.306-0400: 26.867: [GC (GCLocker Initiated GC) [PSYoungGen: 163205K->56252K(175104K)] 549107K->458782K(699392K), 0.0125452 secs] [Times: user=0.15 sys=0.00, real=0.01 secs] 
2016-09-25T22:40:51.360-0400: 26.921: [GC (GCLocker Initiated GC) [PSYoungGen: 144316K->61373K(175104K)] 550948K->480596K(699392K), 0.0205605 secs] [Times: user=0.21 sys=0.00, real=0.02 secs] 
2016-09-25T22:40:51.421-0400: 26.982: [GC (GCLocker Initiated GC) [PSYoungGen: 149437K->56048K(175104K)] 568708K->491747K(699392K), 0.0110224 secs] [Times: user=0.11 sys=0.01, real=0.01 secs] 
2016-09-25T22:40:51.470-0400: 27.031: [GC (GCLocker Initiated GC) [PSYoungGen: 144112K->64342K(152576K)] 581236K->545081K(676864K), 0.0143672 secs] [Times: user=0.20 sys=0.00, real=0.02 secs] 
2016-09-25T22:40:51.485-0400: 27.046: [Full GC (Ergonomics) [PSYoungGen: 64342K->0K(152576K)] [ParOldGen: 480739K->118919K(524288K)] 545081K->118919K(676864K), [Metaspace: 43391K->43391K(1085440K)], 0.0613609 secs] [Times: user=0.46 sys=0.00, real=0.06 secs] 
2016-09-25T22:40:51.591-0400: 27.151: [GC (GCLocker Initiated GC) [PSYoungGen: 88064K->79242K(173056K)] 209804K->200983K(697344K), 0.0093887 secs] [Times: user=0.09 sys=0.00, real=0.01 secs] 
2016-09-25T22:40:51.642-0400: 27.203: [GC (GCLocker Initiated GC) [PSYoungGen: 166282K->68395K(174080K)] 288187K->204253K(698368K), 0.0115205 secs] [Times: user=0.12 sys=0.00, real=0.01 secs] 
2016-09-25T22:40:51.701-0400: 27.262: [GC (GCLocker Initiated GC) [PSYoungGen: 155435K->64374K(173056K)] 294046K->207413K(697344K), 0.0062363 secs] [Times: user=0.08 sys=0.01, real=0.01 secs] 
2016-09-25T22:40:51.751-0400: 27.312: [GC (GCLocker Initiated GC) [PSYoungGen: 152438K->65536K(174080K)] 297021K->224028K(698368K), 0.0073791 secs] [Times: user=0.09 sys=0.00, real=0.01 secs] 
2016-09-25T22:40:51.799-0400: 27.360: [GC (GCLocker Initiated GC) [PSYoungGen: 153600K->75064K(174592K)] 318936K->252779K(698880K), 0.0079956 secs] [Times: user=0.08 sys=0.01, real=0.01 secs] 
2016-09-25T22:40:51.855-0400: 27.416: [GC (GCLocker Initiated GC) [PSYoungGen: 165176K->65617K(175616K)] 343007K->281623K(699904K), 0.0114198 secs] [Times: user=0.17 sys=0.01, real=0.01 secs] 
2016-09-25T22:40:51.914-0400: 27.474: [GC (GCLocker Initiated GC) [PSYoungGen: 155729K->61692K(176128K)] 372636K->305905K(700416K), 0.0134012 secs] [Times: user=0.18 sys=0.00, real=0.02 secs] 
2016-09-25T22:40:51.983-0400: 27.544: [GC (GCLocker Initiated GC) [PSYoungGen: 154364K->50750K(176128K)] 413621K->330637K(700416K), 0.0085636 secs] [Times: user=0.09 sys=0.00, real=0.00 secs] 
2016-09-25T22:40:52.044-0400: 27.604: [GC (GCLocker Initiated GC) [PSYoungGen: 143422K->54846K(178176K)] 436826K->362062K(702464K), 0.0093849 secs] [Times: user=0.11 sys=0.00, real=0.00 secs] 
2016-09-25T22:40:52.098-0400: 27.658: [GC (GCLocker Initiated GC) [PSYoungGen: 148542K->80354K(174080K)] 458538K->404224K(698368K), 0.0095879 secs] [Times: user=0.14 sys=0.00, real=0.01 secs] 
2016-09-25T22:40:52.148-0400: 27.709: [GC (GCLocker Initiated GC) [PSYoungGen: 174050K->69618K(175104K)] 500707K->408673K(699392K), 0.0086994 secs] [Times: user=0.13 sys=0.00, real=0.01 secs] 
2016-09-25T22:40:52.190-0400: 27.751: [GC (GCLocker Initiated GC) [PSYoungGen: 157682K->81704K(175104K)] 499539K->429273K(699392K), 0.0074929 secs] [Times: user=0.11 sys=0.00, real=0.01 secs] 
2016-09-25T22:40:52.235-0400: 27.796: [GC (GCLocker Initiated GC) [PSYoungGen: 169768K->54739K(175104K)] 522889K->444548K(699392K), 0.0064388 secs] [Times: user=0.09 sys=0.00, real=0.00 secs] 
2016-09-25T22:40:52.286-0400: 27.847: [GC (GCLocker Initiated GC) [PSYoungGen: 142803K->72415K(175104K)] 542199K->485575K(699392K), 0.0074402 secs] [Times: user=0.10 sys=0.00, real=0.00 secs] 
2016-09-25T22:40:52.345-0400: 27.906: [GC (GCLocker Initiated GC) [PSYoungGen: 160479K->60168K(175104K)] 579331K->509075K(699392K), 0.0084587 secs] [Times: user=0.12 sys=0.01, real=0.00 secs] 
2016-09-25T22:40:52.385-0400: 27.946: [GC (GCLocker Initiated GC) [PSYoungGen: 148232K->62822K(175104K)] 597234K->536365K(699392K), 0.1257932 secs] [Times: user=0.12 sys=0.00, real=0.12 secs] 
2016-09-25T22:40:52.549-0400: 28.110: [GC (GCLocker Initiated GC) [PSYoungGen: 150886K->58850K(175104K)] 627189K->558358K(699392K), 0.0101868 secs] [Times: user=0.12 sys=0.00, real=0.01 secs] 
2016-09-25T22:40:52.560-0400: 28.120: [Full GC (Ergonomics) [PSYoungGen: 58850K->0K(175104K)] [ParOldGen: 499508K->122080K(524288K)] 558358K->122080K(699392K), [Metaspace: 43393K->43393K(1085440K)], 0.0603667 secs] [Times: user=0.41 sys=0.01, real=0.06 secs] 
2016-09-25T22:40:52.661-0400: 28.221: [GC (GCLocker Initiated GC) [PSYoungGen: 88064K->63169K(151552K)] 212929K->188035K(675840K), 0.0061183 secs] [Times: user=0.07 sys=0.00, real=0.01 secs] 
2016-09-25T22:40:52.711-0400: 28.272: [GC (GCLocker Initiated GC) [PSYoungGen: 151233K->43904K(171520K)] 276179K->182952K(695808K), 0.0049035 secs] [Times: user=0.06 sys=0.00, real=0.01 secs] 
2016-09-25T22:40:52.749-0400: 28.309: [GC (GCLocker Initiated GC) [PSYoungGen: 130432K->85915K(173056K)] 275034K->249722K(697344K), 0.0107337 secs] [Times: user=0.16 sys=0.00, real=0.01 secs] 
2016-09-25T22:40:52.801-0400: 28.362: [GC (GCLocker Initiated GC) [PSYoungGen: 172443K->62918K(175104K)] 341814K->251559K(699392K), 0.0065273 secs] [Times: user=0.10 sys=0.00, real=0.01 secs] 
2016-09-25T22:40:52.849-0400: 28.409: [GC (GCLocker Initiated GC) [PSYoungGen: 150982K->60232K(175104K)] 340747K->273264K(699392K), 0.0071577 secs] [Times: user=0.11 sys=0.00, real=0.01 secs] 
2016-09-25T22:40:52.894-0400: 28.454: [GC (GCLocker Initiated GC) [PSYoungGen: 148296K->60168K(175104K)] 364135K->296593K(699392K), 0.0065538 secs] [Times: user=0.09 sys=0.00, real=0.01 secs] 
2016-09-25T22:40:52.931-0400: 28.491: [GC (GCLocker Initiated GC) [PSYoungGen: 148232K->84629K(175104K)] 384859K->336405K(699392K), 0.0085823 secs] [Times: user=0.13 sys=0.00, real=0.01 secs] 
2016-09-25T22:40:52.993-0400: 28.554: [GC (GCLocker Initiated GC) [PSYoungGen: 172693K->52100K(175104K)] 435510K->349034K(699392K), 0.0073867 secs] [Times: user=0.11 sys=0.00, real=0.01 secs] 
2016-09-25T22:40:53.048-0400: 28.608: [GC (GCLocker Initiated GC) [PSYoungGen: 140164K->61518K(175104K)] 439897K->365573K(699392K), 0.0056045 secs] [Times: user=0.08 sys=0.00, real=0.00 secs] 
2016-09-25T22:40:53.084-0400: 28.645: [GC (GCLocker Initiated GC) [PSYoungGen: 149582K->79132K(175104K)] 453699K->411943K(699392K), 0.0071460 secs] [Times: user=0.11 sys=0.00, real=0.00 secs] 
2016-09-25T22:40:53.128-0400: 28.689: [GC (GCLocker Initiated GC) [PSYoungGen: 167196K->67014K(175104K)] 511052K->415217K(699392K), 0.0070532 secs] [Times: user=0.09 sys=0.01, real=0.01 secs] 
2016-09-25T22:40:53.179-0400: 28.740: [GC (GCLocker Initiated GC) [PSYoungGen: 155078K->65490K(175104K)] 514133K->426137K(699392K), 0.0103790 secs] [Times: user=0.08 sys=0.00, real=0.01 secs] 
2016-09-25T22:40:53.228-0400: 28.789: [GC (GCLocker Initiated GC) [PSYoungGen: 153554K->47942K(175104K)] 526322K->426368K(699392K), 0.0085437 secs] [Times: user=0.05 sys=0.00, real=0.01 secs] 
2016-09-25T22:40:53.277-0400: 28.837: [GC (GCLocker Initiated GC) [PSYoungGen: 136006K->64253K(174080K)] 520026K->475554K(698368K), 0.0070248 secs] [Times: user=0.10 sys=0.00, real=0.01 secs] 
2016-09-25T22:40:53.332-0400: 28.893: [GC (GCLocker Initiated GC) [PSYoungGen: 152317K->62804K(151040K)] 570394K->496011K(675328K), 0.0063992 secs] [Times: user=0.09 sys=0.00, real=0.01 secs] 
2016-09-25T22:40:53.387-0400: 28.947: [GC (GCLocker Initiated GC) [PSYoungGen: 150868K->64186K(175616K)] 586892K->519427K(699904K), 0.0070051 secs] [Times: user=0.08 sys=0.00, real=0.00 secs] 
2016-09-25T22:40:53.433-0400: 28.993: [GC (GCLocker Initiated GC) [PSYoungGen: 155322K->49354K(174080K)] 613383K->534713K(698368K), 0.0087694 secs] [Times: user=0.11 sys=0.00, real=0.01 secs] 
2016-09-25T22:40:53.442-0400: 29.002: [Full GC (Ergonomics) [PSYoungGen: 49354K->0K(174080K)] [ParOldGen: 485359K->119314K(524288K)] 534713K->119314K(698368K), [Metaspace: 43401K->43401K(1085440K)], 0.0518276 secs] [Times: user=0.44 sys=0.02, real=0.05 secs] 
2016-09-25T22:40:53.541-0400: 29.102: [GC (GCLocker Initiated GC) [PSYoungGen: 91136K->82025K(171520K)] 219989K->213578K(695808K), 0.0081252 secs] [Times: user=0.10 sys=0.00, real=0.01 secs] 
2016-09-25T22:40:53.587-0400: 29.148: [GC (GCLocker Initiated GC) [PSYoungGen: 170089K->73639K(175104K)] 301752K->219316K(699392K), 0.0078470 secs] [Times: user=0.08 sys=0.01, real=0.01 secs] 
2016-09-25T22:40:53.633-0400: 29.193: [GC (GCLocker Initiated GC) [PSYoungGen: 161703K->73735K(175104K)] 312999K->256341K(699392K), 0.0101465 secs] [Times: user=0.12 sys=0.00, real=0.02 secs] 
2016-09-25T22:40:53.685-0400: 29.246: [GC (GCLocker Initiated GC) [PSYoungGen: 161799K->66936K(175104K)] 345827K->266106K(699392K), 0.0091065 secs] [Times: user=0.10 sys=0.00, real=0.01 secs] 
2016-09-25T22:40:53.732-0400: 29.292: [GC (GCLocker Initiated GC) [PSYoungGen: 155000K->85851K(175104K)] 361177K->296383K(699392K), 0.0099025 secs] [Times: user=0.16 sys=0.00, real=0.01 secs] 
2016-09-25T22:40:53.787-0400: 29.348: [GC (GCLocker Initiated GC) [PSYoungGen: 173915K->68318K(175104K)] 390130K->295631K(699392K), 0.0094617 secs] [Times: user=0.12 sys=0.00, real=0.01 secs] 
2016-09-25T22:40:53.833-0400: 29.394: [GC (GCLocker Initiated GC) [PSYoungGen: 156382K->49211K(175104K)] 389131K->287544K(699392K), 0.0070856 secs] [Times: user=0.06 sys=0.00, real=0.01 secs] 
2016-09-25T22:40:53.877-0400: 29.438: [GC (GCLocker Initiated GC) [PSYoungGen: 137275K->68332K(175104K)] 378467K->330038K(699392K), 0.0098547 secs] [Times: user=0.11 sys=0.00, real=0.01 secs] 
2016-09-25T22:40:53.934-0400: 29.495: [GC (GCLocker Initiated GC) [PSYoungGen: 156396K->50640K(175104K)] 430401K->342449K(699392K), 0.0067279 secs] [Times: user=0.06 sys=0.01, real=0.01 secs] 
2016-09-25T22:40:53.981-0400: 29.541: [GC (GCLocker Initiated GC) [PSYoungGen: 138704K->72400K(175104K)] 433294K->391596K(699392K), 0.0076783 secs] [Times: user=0.11 sys=0.00, real=0.01 secs] 
2016-09-25T22:40:54.022-0400: 29.583: [GC (GCLocker Initiated GC) [PSYoungGen: 160464K->73639K(175104K)] 482464K->402684K(699392K), 0.0093074 secs] [Times: user=0.06 sys=0.02, real=0.01 secs] 
2016-09-25T22:40:54.067-0400: 29.628: [GC (GCLocker Initiated GC) [PSYoungGen: 161703K->39734K(175104K)] 505810K->407045K(699392K), 0.0075266 secs] [Times: user=0.07 sys=0.00, real=0.01 secs] 
2016-09-25T22:40:54.130-0400: 29.691: [GC (GCLocker Initiated GC) [PSYoungGen: 127798K->37186K(175104K)] 506076K->438719K(699392K), 0.0059480 secs] [Times: user=0.07 sys=0.00, real=0.01 secs] 
2016-09-25T22:40:54.171-0400: 29.731: [GC (GCLocker Initiated GC) [PSYoungGen: 125250K->77910K(175104K)] 527245K->497766K(699392K), 0.0102687 secs] [Times: user=0.12 sys=0.00, real=0.01 secs] 
2016-09-25T22:40:54.219-0400: 29.779: [GC (GCLocker Initiated GC) [PSYoungGen: 165974K->77775K(175104K)] 586090K->521194K(699392K), 0.0076698 secs] [Times: user=0.12 sys=0.00, real=0.01 secs] 
2016-09-25T22:40:54.267-0400: 29.827: [GC (GCLocker Initiated GC) [PSYoungGen: 165839K->85879K(175104K)] 614783K->541852K(699392K), 0.0086707 secs] [Times: user=0.12 sys=0.00, real=0.01 secs] 
2016-09-25T22:40:54.312-0400: 29.873: [GC (GCLocker Initiated GC) [PSYoungGen: 173943K->49271K(175104K)] 635781K->535703K(699392K), 0.0071407 secs] [Times: user=0.06 sys=0.00, real=0.01 secs] 
2016-09-25T22:40:54.319-0400: 29.880: [Full GC (Ergonomics) [PSYoungGen: 49271K->0K(175104K)] [ParOldGen: 486432K->126248K(524288K)] 535703K->126248K(699392K), [Metaspace: 43403K->43403K(1085440K)], 0.0464353 secs] [Times: user=0.36 sys=0.00, real=0.05 secs] 
2016-09-25T22:40:54.395-0400: 29.955: [GC (GCLocker Initiated GC) [PSYoungGen: 88064K->77944K(175104K)] 217245K->207125K(699392K), 0.0070051 secs] [Times: user=0.09 sys=0.00, real=0.00 secs] 
2016-09-25T22:40:54.453-0400: 30.013: [GC (GCLocker Initiated GC) [PSYoungGen: 166008K->62968K(175104K)] 297985K->212962K(699392K), 0.0106636 secs] [Times: user=0.13 sys=0.00, real=0.02 secs] 
2016-09-25T22:40:54.514-0400: 30.075: [GC (GCLocker Initiated GC) [PSYoungGen: 151032K->66906K(175104K)] 301125K->230885K(699392K), 0.0115952 secs] [Times: user=0.16 sys=0.00, real=0.01 secs] 
2016-09-25T22:40:54.574-0400: 30.134: [GC (GCLocker Initiated GC) [PSYoungGen: 154970K->77940K(175104K)] 320480K->250508K(699392K), 0.0063344 secs] [Times: user=0.10 sys=0.00, real=0.01 secs] 
2016-09-25T22:40:54.613-0400: 30.173: [GC (GCLocker Initiated GC) [PSYoungGen: 166004K->71062K(175104K)] 341341K->261723K(699392K), 0.0080380 secs] [Times: user=0.12 sys=0.00, real=0.01 secs] 
2016-09-25T22:40:54.662-0400: 30.222: [GC (GCLocker Initiated GC) [PSYoungGen: 159126K->60321K(175104K)] 355239K->263499K(699392K), 0.0112945 secs] [Times: user=0.12 sys=0.00, real=0.01 secs] 
2016-09-25T22:40:54.740-0400: 30.301: [GC (GCLocker Initiated GC) [PSYoungGen: 148385K->67140K(175104K)] 363954K->285846K(699392K), 0.0082526 secs] [Times: user=0.12 sys=0.00, real=0.01 secs] 
2016-09-25T22:40:54.804-0400: 30.364: [GC (GCLocker Initiated GC) [PSYoungGen: 155204K->57492K(175104K)] 379387K->286117K(699392K), 0.0146224 secs] [Times: user=0.17 sys=0.00, real=0.01 secs] 
2016-09-25T22:40:54.849-0400: 30.410: [GC (GCLocker Initiated GC) [PSYoungGen: 145556K->64331K(175104K)] 377026K->313680K(699392K), 0.0071764 secs] [Times: user=0.07 sys=0.01, real=0.01 secs] 
2016-09-25T22:40:54.905-0400: 30.466: [GC (GCLocker Initiated GC) [PSYoungGen: 152395K->63070K(175104K)] 407286K->344050K(699392K), 0.0113118 secs] [Times: user=0.12 sys=0.01, real=0.01 secs] 
2016-09-25T22:40:54.976-0400: 30.536: [GC (GCLocker Initiated GC) [PSYoungGen: 151134K->67180K(155648K)] 434933K->362271K(679936K), 0.0095171 secs] [Times: user=0.14 sys=0.00, real=0.01 secs] 
2016-09-25T22:40:55.034-0400: 30.595: [GC (GCLocker Initiated GC) [PSYoungGen: 155244K->61728K(175104K)] 456477K->385151K(699392K), 0.0104465 secs] [Times: user=0.15 sys=0.00, real=0.02 secs] 
2016-09-25T22:40:55.085-0400: 30.646: [GC (GCLocker Initiated GC) [PSYoungGen: 150816K->69876K(174080K)] 485234K->408793K(698368K), 0.0067633 secs] [Times: user=0.08 sys=0.01, real=0.00 secs] 
2016-09-25T22:40:55.147-0400: 30.707: [GC (GCLocker Initiated GC) [PSYoungGen: 158964K->69692K(175616K)] 500669K->414613K(699904K), 0.0133396 secs] [Times: user=0.13 sys=0.00, real=0.01 secs] 
2016-09-25T22:40:55.233-0400: 30.794: [GC (GCLocker Initiated GC) [PSYoungGen: 160828K->57674K(175616K)] 515255K->417956K(699904K), 0.0062635 secs] [Times: user=0.07 sys=0.01, real=0.01 secs] 
2016-09-25T22:40:55.272-0400: 30.832: [GC (GCLocker Initiated GC) [PSYoungGen: 148810K->75288K(174080K)] 509241K->455098K(698368K), 0.0071590 secs] [Times: user=0.09 sys=0.00, real=0.01 secs] 
2016-09-25T22:40:55.313-0400: 30.874: [GC (GCLocker Initiated GC) [PSYoungGen: 165400K->83354K(173568K)] 548077K->481402K(697856K), 0.0092949 secs] [Times: user=0.08 sys=0.00, real=0.02 secs] 
2016-09-25T22:40:55.384-0400: 30.944: [GC (GCLocker Initiated GC) [PSYoungGen: 173466K->60442K(175104K)] 574473K->475441K(699392K), 0.0122122 secs] [Times: user=0.13 sys=0.00, real=0.01 secs] 
2016-09-25T22:40:55.464-0400: 31.025: [GC (GCLocker Initiated GC) [PSYoungGen: 148506K->60249K(175104K)] 563628K->492181K(699392K), 0.0062907 secs] [Times: user=0.08 sys=0.00, real=0.00 secs] 
2016-09-25T22:40:55.508-0400: 31.069: [GC (GCLocker Initiated GC) [PSYoungGen: 148313K->83583K(175104K)] 587078K->536274K(699392K), 0.0072617 secs] [Times: user=0.11 sys=0.00, real=0.01 secs] 
2016-09-25T22:40:55.557-0400: 31.117: [GC (Allocation Failure) [PSYoungGen: 171647K->67141K(175104K)] 625921K->561238K(699392K), 0.0121960 secs] [Times: user=0.20 sys=0.01, real=0.01 secs] 
2016-09-25T22:40:55.569-0400: 31.130: [Full GC (Ergonomics) [PSYoungGen: 67141K->0K(175104K)] [ParOldGen: 494097K->131538K(524288K)] 561238K->131538K(699392K), [Metaspace: 43404K->43404K(1085440K)], 0.0846929 secs] [Times: user=0.63 sys=0.00, real=0.08 secs] 
2016-09-25T22:40:55.706-0400: 31.267: [GC (GCLocker Initiated GC) [PSYoungGen: 88064K->84962K(175104K)] 219610K->216508K(699392K), 0.0062978 secs] [Times: user=0.09 sys=0.00, real=0.00 secs] 
2016-09-25T22:40:55.748-0400: 31.309: [GC (GCLocker Initiated GC) [PSYoungGen: 173026K->60413K(175104K)] 304658K->213089K(699392K), 0.0059563 secs] [Times: user=0.08 sys=0.00, real=0.00 secs] 
2016-09-25T22:40:55.800-0400: 31.360: [GC (GCLocker Initiated GC) [PSYoungGen: 148477K->79486K(175104K)] 303942K->255770K(699392K), 0.0106625 secs] [Times: user=0.17 sys=0.01, real=0.01 secs] 
2016-09-25T22:40:55.876-0400: 31.437: [GC (GCLocker Initiated GC) [PSYoungGen: 167550K->67284K(175104K)] 352005K->271328K(699392K), 0.0130358 secs] [Times: user=0.17 sys=0.00, real=0.01 secs] 
2016-09-25T22:40:55.934-0400: 31.495: [GC (GCLocker Initiated GC) [PSYoungGen: 155348K->81972K(175104K)] 368212K->315643K(699392K), 0.0075769 secs] [Times: user=0.10 sys=0.01, real=0.00 secs] 
2016-09-25T22:40:55.985-0400: 31.546: [GC (GCLocker Initiated GC) [PSYoungGen: 170036K->53515K(175104K)] 412107K->312254K(699392K), 0.0065447 secs] [Times: user=0.09 sys=0.00, real=0.00 secs] 
2016-09-25T22:40:56.028-0400: 31.589: [GC (GCLocker Initiated GC) [PSYoungGen: 141579K->75201K(175104K)] 403266K->352123K(699392K), 0.0069625 secs] [Times: user=0.11 sys=0.00, real=0.01 secs] 
2016-09-25T22:40:56.081-0400: 31.642: [GC (GCLocker Initiated GC) [PSYoungGen: 163265K->69889K(175104K)] 440380K->373092K(699392K), 0.0097600 secs] [Times: user=0.11 sys=0.00, real=0.01 secs] 
2016-09-25T22:40:56.139-0400: 31.699: [GC (GCLocker Initiated GC) [PSYoungGen: 157953K->54888K(175104K)] 461207K->387030K(699392K), 0.0060865 secs] [Times: user=0.09 sys=0.00, real=0.01 secs] 
2016-09-25T22:40:56.195-0400: 31.755: [GC (GCLocker Initiated GC) [PSYoungGen: 142952K->80732K(175104K)] 475284K->427008K(699392K), 0.0076781 secs] [Times: user=0.09 sys=0.00, real=0.01 secs] 
2016-09-25T22:40:56.242-0400: 31.803: [GC (GCLocker Initiated GC) [PSYoungGen: 168796K->80931K(175104K)] 518078K->448337K(699392K), 0.0098840 secs] [Times: user=0.16 sys=0.00, real=0.00 secs] 
2016-09-25T22:40:56.304-0400: 31.865: [GC (GCLocker Initiated GC) [PSYoungGen: 168995K->63030K(175104K)] 536420K->456814K(699392K), 0.0070526 secs] [Times: user=0.09 sys=0.00, real=0.00 secs] 
2016-09-25T22:40:56.364-0400: 31.925: [GC (GCLocker Initiated GC) [PSYoungGen: 151094K->60569K(175104K)] 547657K->471134K(699392K), 0.0127124 secs] [Times: user=0.17 sys=0.00, real=0.01 secs] 
2016-09-25T22:40:56.425-0400: 31.986: [GC (GCLocker Initiated GC) [PSYoungGen: 148633K->81918K(175104K)] 559354K->498671K(699392K), 0.0080064 secs] [Times: user=0.08 sys=0.00, real=0.00 secs] 
2016-09-25T22:40:56.481-0400: 32.042: [GC (GCLocker Initiated GC) [PSYoungGen: 169982K->65844K(175104K)] 590263K->516463K(699392K), 0.0071005 secs] [Times: user=0.10 sys=0.00, real=0.01 secs] 
2016-09-25T22:40:56.532-0400: 32.093: [GC (GCLocker Initiated GC) [PSYoungGen: 153908K->77938K(175104K)] 604624K->549496K(699392K), 0.0092656 secs] [Times: user=0.15 sys=0.01, real=0.01 secs] 
2016-09-25T22:40:56.596-0400: 32.157: [GC (GCLocker Initiated GC) [PSYoungGen: 166002K->53820K(175104K)] 649810K->563718K(699392K), 0.0076501 secs] [Times: user=0.09 sys=0.00, real=0.01 secs] 
2016-09-25T22:40:56.604-0400: 32.165: [Full GC (Ergonomics) [PSYoungGen: 53820K->0K(175104K)] [ParOldGen: 509898K->146003K(524288K)] 563718K->146003K(699392K), [Metaspace: 43408K->43408K(1085440K)], 0.0728378 secs] [Times: user=0.62 sys=0.00, real=0.07 secs] 
2016-09-25T22:40:56.729-0400: 32.289: [GC (GCLocker Initiated GC) [PSYoungGen: 88064K->57910K(175104K)] 240984K->210830K(699392K), 0.0089885 secs] [Times: user=0.10 sys=0.01, real=0.01 secs] 
2016-09-25T22:40:56.787-0400: 32.348: [GC (GCLocker Initiated GC) [PSYoungGen: 145974K->63156K(175104K)] 307064K->248043K(699392K), 0.0067977 secs] [Times: user=0.08 sys=0.01, real=0.00 secs] 
2016-09-25T22:40:56.836-0400: 32.396: [GC (GCLocker Initiated GC) [PSYoungGen: 151220K->75371K(175104K)] 341572K->278434K(699392K), 0.0093398 secs] [Times: user=0.11 sys=0.01, real=0.01 secs] 
2016-09-25T22:40:56.895-0400: 32.456: [GC (GCLocker Initiated GC) [PSYoungGen: 163435K->61900K(175104K)] 374664K->302072K(699392K), 0.0069722 secs] [Times: user=0.09 sys=0.00, real=0.01 secs] 
2016-09-25T22:40:56.949-0400: 32.510: [GC (GCLocker Initiated GC) [PSYoungGen: 149964K->33205K(175104K)] 398348K->300954K(699392K), 0.0097327 secs] [Times: user=0.07 sys=0.00, real=0.01 secs] 
2016-09-25T22:40:57.004-0400: 32.564: [GC (GCLocker Initiated GC) [PSYoungGen: 121269K->53675K(175104K)] 398550K->361222K(699392K), 0.0093291 secs] [Times: user=0.10 sys=0.00, real=0.00 secs] 
2016-09-25T22:40:57.061-0400: 32.622: [GC (GCLocker Initiated GC) [PSYoungGen: 141739K->77953K(175104K)] 453408K->407761K(699392K), 0.0088236 secs] [Times: user=0.11 sys=0.01, real=0.01 secs] 
2016-09-25T22:40:57.112-0400: 32.673: [GC (GCLocker Initiated GC) [PSYoungGen: 166017K->74099K(175104K)] 498652K->416644K(699392K), 0.0075131 secs] [Times: user=0.10 sys=0.00, real=0.01 secs] 
2016-09-25T22:40:57.165-0400: 32.726: [GC (GCLocker Initiated GC) [PSYoungGen: 162163K->64544K(175104K)] 514339K->448438K(699392K), 0.0103028 secs] [Times: user=0.15 sys=0.00, real=0.01 secs] 
2016-09-25T22:40:57.222-0400: 32.783: [GC (GCLocker Initiated GC) [PSYoungGen: 152608K->52250K(175104K)] 540702K->455791K(699392K), 0.0131082 secs] [Times: user=0.14 sys=0.01, real=0.02 secs] 
2016-09-25T22:40:57.277-0400: 32.838: [GC (GCLocker Initiated GC) [PSYoungGen: 140314K->48168K(175104K)] 546655K->484899K(699392K), 0.0099759 secs] [Times: user=0.15 sys=0.00, real=0.01 secs] 
2016-09-25T22:40:57.331-0400: 32.892: [GC (GCLocker Initiated GC) [PSYoungGen: 136232K->79482K(175104K)] 572988K->531554K(699392K), 0.0156951 secs] [Times: user=0.23 sys=0.00, real=0.02 secs] 
2016-09-25T22:40:57.399-0400: 32.959: [GC (GCLocker Initiated GC) [PSYoungGen: 167546K->30469K(175104K)] 622568K->503695K(699392K), 0.0082524 secs] [Times: user=0.07 sys=0.00, real=0.01 secs] 
2016-09-25T22:40:57.461-0400: 33.021: [GC (GCLocker Initiated GC) [PSYoungGen: 118533K->61873K(175104K)] 598293K->554372K(699392K), 0.0091378 secs] [Times: user=0.13 sys=0.00, real=0.01 secs] 
2016-09-25T22:40:57.470-0400: 33.031: [Full GC (Ergonomics) [PSYoungGen: 61873K->0K(175104K)] [ParOldGen: 492499K->142279K(524288K)] 554372K->142279K(699392K), [Metaspace: 43418K->43418K(1085440K)], 0.0534150 secs] [Times: user=0.43 sys=0.00, real=0.06 secs] 
2016-09-25T22:40:57.561-0400: 33.122: [GC (GCLocker Initiated GC) [PSYoungGen: 88064K->86606K(175104K)] 231770K->238413K(699392K), 0.0067382 secs] [Times: user=0.12 sys=0.00, real=0.01 secs] 
2016-09-25T22:40:57.625-0400: 33.185: [GC (GCLocker Initiated GC) [PSYoungGen: 174670K->79343K(175104K)] 337724K->248779K(699392K), 0.0089227 secs] [Times: user=0.12 sys=0.00, real=0.00 secs] 
2016-09-25T22:40:57.683-0400: 33.244: [GC (GCLocker Initiated GC) [PSYoungGen: 167407K->61624K(175104K)] 336898K->242486K(699392K), 0.0100046 secs] [Times: user=0.08 sys=0.00, real=0.00 secs] 
2016-09-25T22:40:57.735-0400: 33.296: [GC (GCLocker Initiated GC) [PSYoungGen: 149688K->70025K(175104K)] 330858K->259717K(699392K), 0.0078257 secs] [Times: user=0.10 sys=0.00, real=0.01 secs] 
2016-09-25T22:40:57.784-0400: 33.345: [GC (GCLocker Initiated GC) [PSYoungGen: 158089K->44379K(175104K)] 354605K->280812K(699392K), 0.0204645 secs] [Times: user=0.34 sys=0.00, real=0.02 secs] 
2016-09-25T22:40:57.858-0400: 33.419: [GC (GCLocker Initiated GC) [PSYoungGen: 132443K->60453K(175104K)] 372040K->310215K(699392K), 0.0117756 secs] [Times: user=0.18 sys=0.00, real=0.01 secs] 
2016-09-25T22:40:57.920-0400: 33.481: [GC (GCLocker Initiated GC) [PSYoungGen: 148517K->50905K(175104K)] 398460K->320377K(699392K), 0.0085396 secs] [Times: user=0.11 sys=0.00, real=0.01 secs] 
2016-09-25T22:40:57.974-0400: 33.534: [GC (GCLocker Initiated GC) [PSYoungGen: 138969K->70174K(175104K)] 411177K->353770K(699392K), 0.0090245 secs] [Times: user=0.15 sys=0.00, real=0.02 secs] 
2016-09-25T22:40:58.034-0400: 33.595: [GC (GCLocker Initiated GC) [PSYoungGen: 158238K->55086K(175104K)] 441905K->353093K(699392K), 0.0095172 secs] [Times: user=0.11 sys=0.00, real=0.01 secs] 
2016-09-25T22:40:58.084-0400: 33.644: [GC (GCLocker Initiated GC) [PSYoungGen: 143150K->78586K(175104K)] 446579K->404373K(699392K), 0.0076502 secs] [Times: user=0.10 sys=0.01, real=0.00 secs] 
2016-09-25T22:40:58.144-0400: 33.704: [GC (GCLocker Initiated GC) [PSYoungGen: 166650K->65710K(175104K)] 495370K->415820K(699392K), 0.0077019 secs] [Times: user=0.12 sys=0.00, real=0.00 secs] 
2016-09-25T22:40:58.202-0400: 33.763: [GC (Allocation Failure) [PSYoungGen: 153774K->59270K(175104K)] 505357K->427538K(699392K), 0.0074620 secs] [Times: user=0.08 sys=0.00, real=0.00 secs] 
2016-09-25T22:40:58.241-0400: 33.802: [GC (GCLocker Initiated GC) [PSYoungGen: 147334K->68647K(175104K)] 515671K->452582K(699392K), 0.0065642 secs] [Times: user=0.11 sys=0.00, real=0.01 secs] 
2016-09-25T22:40:58.295-0400: 33.856: [GC (GCLocker Initiated GC) [PSYoungGen: 156711K->64620K(175104K)] 544789K->460151K(699392K), 0.0098618 secs] [Times: user=0.13 sys=0.00, real=0.01 secs] 
2016-09-25T22:40:58.358-0400: 33.918: [GC (GCLocker Initiated GC) [PSYoungGen: 152684K->61976K(150528K)] 551082K->465177K(674816K), 0.0059611 secs] [Times: user=0.09 sys=0.00, real=0.01 secs] 
2016-09-25T22:40:58.415-0400: 33.976: [GC (GCLocker Initiated GC) [PSYoungGen: 150040K->49517K(174080K)] 555986K->473799K(698368K), 0.0131079 secs] [Times: user=0.15 sys=0.01, real=0.01 secs] 
2016-09-25T22:40:58.471-0400: 34.031: [GC (GCLocker Initiated GC) [PSYoungGen: 137581K->64749K(174080K)] 562039K->500460K(698368K), 0.0091772 secs] [Times: user=0.09 sys=0.00, real=0.01 secs] 
2016-09-25T22:40:58.530-0400: 34.091: [GC (GCLocker Initiated GC) [PSYoungGen: 152813K->67262K(175616K)] 593056K->516488K(699904K), 0.0068051 secs] [Times: user=0.10 sys=0.01, real=0.01 secs] 
2016-09-25T22:40:58.589-0400: 34.150: [GC (GCLocker Initiated GC) [PSYoungGen: 157886K->80641K(175104K)] 607565K->540410K(699392K), 0.0092463 secs] [Times: user=0.14 sys=0.00, real=0.01 secs] 
2016-09-25T22:40:58.646-0400: 34.207: [GC (GCLocker Initiated GC) [PSYoungGen: 171265K->60527K(175104K)] 631123K->542484K(699392K), 0.0134995 secs] [Times: user=0.19 sys=0.01, real=0.01 secs] 
2016-09-25T22:40:58.708-0400: 34.269: [GC (GCLocker Initiated GC) [PSYoungGen: 148591K->59228K(147456K)] 630697K->555501K(671744K), 0.0068966 secs] [Times: user=0.06 sys=0.00, real=0.01 secs] 
2016-09-25T22:40:58.716-0400: 34.276: [Full GC (Ergonomics) [PSYoungGen: 59228K->0K(147456K)] [ParOldGen: 496272K->153512K(524288K)] 555501K->153512K(671744K), [Metaspace: 43418K->43418K(1085440K)], 0.0701053 secs] [Times: user=0.48 sys=0.02, real=0.07 secs] 
2016-09-25T22:40:58.830-0400: 34.391: [GC (GCLocker Initiated GC) [PSYoungGen: 88064K->69357K(173568K)] 241747K->223040K(697856K), 0.0087020 secs] [Times: user=0.13 sys=0.01, real=0.01 secs] 
2016-09-25T22:40:58.893-0400: 34.453: [GC (GCLocker Initiated GC) [PSYoungGen: 157421K->62079K(173568K)] 322074K->238901K(697856K), 0.0089228 secs] [Times: user=0.13 sys=0.00, real=0.01 secs] 
2016-09-25T22:40:58.956-0400: 34.516: [GC (GCLocker Initiated GC) [PSYoungGen: 150143K->59214K(175616K)] 332469K->251880K(699904K), 0.0119095 secs] [Times: user=0.07 sys=0.00, real=0.01 secs] 
2016-09-25T22:40:59.009-0400: 34.570: [GC (GCLocker Initiated GC) [PSYoungGen: 151374K->65981K(175104K)] 346885K->285230K(699392K), 0.0066431 secs] [Times: user=0.10 sys=0.00, real=0.01 secs] 
2016-09-25T22:40:59.061-0400: 34.622: [GC (GCLocker Initiated GC) [PSYoungGen: 158141K->76901K(174080K)] 377586K->317322K(698368K), 0.0074382 secs] [Times: user=0.09 sys=0.01, real=0.01 secs] 
2016-09-25T22:40:59.114-0400: 34.675: [GC (GCLocker Initiated GC) [PSYoungGen: 169061K->79817K(172032K)] 412335K->353584K(696320K), 0.0095111 secs] [Times: user=0.14 sys=0.01, real=0.01 secs] 
2016-09-25T22:40:59.173-0400: 34.733: [GC (GCLocker Initiated GC) [PSYoungGen: 171977K->60673K(175104K)] 447353K->351896K(699392K), 0.0085569 secs] [Times: user=0.08 sys=0.00, real=0.01 secs] 
2016-09-25T22:40:59.229-0400: 34.790: [GC (GCLocker Initiated GC) [PSYoungGen: 148737K->60628K(148992K)] 448156K->368924K(673280K), 0.0090174 secs] [Times: user=0.09 sys=0.01, real=0.01 secs] 
2016-09-25T22:40:59.285-0400: 34.845: [GC (GCLocker Initiated GC) [PSYoungGen: 148692K->63362K(175616K)] 457070K->394200K(699904K), 0.0071415 secs] [Times: user=0.09 sys=0.00, real=0.00 secs] 
2016-09-25T22:40:59.334-0400: 34.895: [GC (GCLocker Initiated GC) [PSYoungGen: 152962K->70338K(174080K)] 489247K->414143K(698368K), 0.0074501 secs] [Times: user=0.08 sys=0.00, real=0.01 secs] 
2016-09-25T22:40:59.393-0400: 34.954: [GC (GCLocker Initiated GC) [PSYoungGen: 159938K->71508K(176128K)] 513323K->431177K(700416K), 0.0128845 secs] [Times: user=0.16 sys=0.00, real=0.02 secs] 
2016-09-25T22:40:59.452-0400: 35.013: [GC (GCLocker Initiated GC) [PSYoungGen: 163156K->56550K(176128K)] 523066K->441652K(700416K), 0.0067769 secs] [Times: user=0.10 sys=0.00, real=0.01 secs] 
2016-09-25T22:40:59.500-0400: 35.061: [GC (GCLocker Initiated GC) [PSYoungGen: 148198K->61640K(175616K)] 536358K->463973K(699904K), 0.0077404 secs] [Times: user=0.05 sys=0.01, real=0.01 secs] 
2016-09-25T22:40:59.546-0400: 35.106: [GC (GCLocker Initiated GC) [PSYoungGen: 154824K->60728K(176640K)] 559955K->489331K(700928K), 0.0105099 secs] [Times: user=0.15 sys=0.00, real=0.01 secs] 
2016-09-25T22:40:59.630-0400: 35.191: [GC (GCLocker Initiated GC) [PSYoungGen: 153912K->52591K(177664K)] 588022K->513228K(701952K), 0.0149952 secs] [Times: user=0.17 sys=0.01, real=0.02 secs] 
2016-09-25T22:40:59.704-0400: 35.265: [GC (GCLocker Initiated GC) [PSYoungGen: 148335K->79962K(176128K)] 621203K->567133K(700416K), 0.0086682 secs] [Times: user=0.10 sys=0.00, real=0.00 secs] 
2016-09-25T22:40:59.756-0400: 35.317: [Full GC (Ergonomics) [PSYoungGen: 175706K->0K(176128K)] [ParOldGen: 489964K->168529K(524288K)] 665670K->168529K(700416K), [Metaspace: 43419K->43419K(1085440K)], 0.0733002 secs] [Times: user=0.44 sys=0.00, real=0.07 secs] 
2016-09-25T22:40:59.901-0400: 35.462: [GC (GCLocker Initiated GC) [PSYoungGen: 95744K->60061K(176640K)] 281865K->246183K(700928K), 0.0056307 secs] [Times: user=0.07 sys=0.00, real=0.01 secs] 
2016-09-25T22:40:59.951-0400: 35.512: [GC (GCLocker Initiated GC) [PSYoungGen: 150685K->70014K(176128K)] 340900K->265818K(700416K), 0.0066673 secs] [Times: user=0.10 sys=0.00, real=0.01 secs] 
2016-09-25T22:40:59.997-0400: 35.558: [GC (GCLocker Initiated GC) [PSYoungGen: 160638K->38863K(173568K)] 356537K->274492K(697856K), 0.0092114 secs] [Times: user=0.14 sys=0.00, real=0.01 secs] 
2016-09-25T22:41:00.083-0400: 35.644: [GC (GCLocker Initiated GC) [PSYoungGen: 126927K->66060K(175104K)] 373540K->345688K(699392K), 0.0103946 secs] [Times: user=0.16 sys=0.00, real=0.00 secs] 
2016-09-25T22:41:00.152-0400: 35.713: [GC (GCLocker Initiated GC) [PSYoungGen: 154124K->75384K(174592K)] 433921K->373526K(698880K), 0.0068969 secs] [Times: user=0.10 sys=0.00, real=0.01 secs] 
2016-09-25T22:41:00.203-0400: 35.764: [GC (GCLocker Initiated GC) [PSYoungGen: 163448K->51076K(175104K)] 467008K->379595K(699392K), 0.0075061 secs] [Times: user=0.09 sys=0.00, real=0.00 secs] 
2016-09-25T22:41:00.256-0400: 35.817: [GC (GCLocker Initiated GC) [PSYoungGen: 139140K->56642K(175104K)] 467685K->398059K(699392K), 0.0118292 secs] [Times: user=0.10 sys=0.00, real=0.01 secs] 
2016-09-25T22:41:00.351-0400: 35.912: [GC (GCLocker Initiated GC) [PSYoungGen: 144706K->48460K(175104K)] 494301K->416529K(699392K), 0.0080018 secs] [Times: user=0.09 sys=0.00, real=0.01 secs] 
2016-09-25T22:41:00.398-0400: 35.959: [GC (GCLocker Initiated GC) [PSYoungGen: 136524K->54701K(172032K)] 510025K->432959K(696320K), 0.0126804 secs] [Times: user=0.09 sys=0.00, real=0.01 secs] 
2016-09-25T22:41:00.461-0400: 36.022: [GC (GCLocker Initiated GC) [PSYoungGen: 142765K->44110K(173568K)] 526538K->435054K(697856K), 0.0150094 secs] [Times: user=0.14 sys=0.01, real=0.02 secs] 
2016-09-25T22:41:00.532-0400: 36.092: [GC (GCLocker Initiated GC) [PSYoungGen: 132174K->84901K(173568K)] 528706K->503542K(697856K), 0.0191809 secs] [Times: user=0.22 sys=0.01, real=0.02 secs] 
2016-09-25T22:41:00.607-0400: 36.168: [GC (GCLocker Initiated GC) [PSYoungGen: 172965K->33178K(175104K)] 602481K->480861K(699392K), 0.0263377 secs] [Times: user=0.33 sys=0.00, real=0.02 secs] 
2016-09-25T22:41:00.684-0400: 36.245: [GC (GCLocker Initiated GC) [PSYoungGen: 121242K->45535K(175104K)] 571691K->508599K(699392K), 0.0188519 secs] [Times: user=0.21 sys=0.00, real=0.02 secs] 
2016-09-25T22:41:00.768-0400: 36.329: [GC (GCLocker Initiated GC) [PSYoungGen: 133599K->54914K(175104K)] 599377K->529392K(699392K), 0.0206086 secs] [Times: user=0.23 sys=0.01, real=0.02 secs] 
2016-09-25T22:41:00.831-0400: 36.392: [GC (Allocation Failure) [PSYoungGen: 142978K->60224K(175104K)] 622922K->546074K(699392K), 0.0074387 secs] [Times: user=0.06 sys=0.00, real=0.01 secs] 
2016-09-25T22:41:00.884-0400: 36.445: [GC (GCLocker Initiated GC) [PSYoungGen: 146259K->52195K(140288K)] 634809K->556104K(664576K), 0.0066149 secs] [Times: user=0.08 sys=0.00, real=0.00 secs] 
2016-09-25T22:41:00.891-0400: 36.452: [Full GC (Ergonomics) [PSYoungGen: 52195K->0K(140288K)] [ParOldGen: 503908K->170498K(524288K)] 556104K->170498K(664576K), [Metaspace: 43431K->43431K(1085440K)], 0.0904414 secs] [Times: user=0.55 sys=0.03, real=0.09 secs] 
2016-09-25T22:41:01.026-0400: 36.587: [GC (GCLocker Initiated GC) [PSYoungGen: 88064K->79703K(172032K)] 261382K->253021K(696320K), 0.0081890 secs] [Times: user=0.09 sys=0.01, real=0.01 secs] 
2016-09-25T22:41:01.080-0400: 36.640: [GC (GCLocker Initiated GC) [PSYoungGen: 166231K->53598K(173568K)] 347682K->253562K(697856K), 0.0099047 secs] [Times: user=0.13 sys=0.00, real=0.01 secs] 
2016-09-25T22:41:01.129-0400: 36.689: [GC (GCLocker Initiated GC) [PSYoungGen: 140126K->50979K(175104K)] 340161K->258268K(699392K), 0.0124703 secs] [Times: user=0.13 sys=0.00, real=0.01 secs] 
2016-09-25T22:41:01.176-0400: 36.736: [GC (GCLocker Initiated GC) [PSYoungGen: 139043K->75296K(175104K)] 349296K->301048K(699392K), 0.0085809 secs] [Times: user=0.09 sys=0.00, real=0.01 secs] 
2016-09-25T22:41:01.234-0400: 36.795: [GC (GCLocker Initiated GC) [PSYoungGen: 163360K->68563K(175104K)] 395978K->313857K(699392K), 0.0098009 secs] [Times: user=0.12 sys=0.00, real=0.01 secs] 
2016-09-25T22:41:01.306-0400: 36.867: [GC (GCLocker Initiated GC) [PSYoungGen: 156627K->38845K(175104K)] 421012K->338905K(699392K), 0.0064557 secs] [Times: user=0.10 sys=0.00, real=0.00 secs] 
2016-09-25T22:41:01.364-0400: 36.925: [GC (GCLocker Initiated GC) [PSYoungGen: 126909K->60381K(175104K)] 439225K->374613K(699392K), 0.0062664 secs] [Times: user=0.08 sys=0.00, real=0.00 secs] 
2016-09-25T22:41:01.418-0400: 36.979: [GC (GCLocker Initiated GC) [PSYoungGen: 148445K->72551K(175104K)] 472177K->416985K(699392K), 0.0134644 secs] [Times: user=0.20 sys=0.00, real=0.01 secs] 
2016-09-25T22:41:01.482-0400: 37.043: [GC (GCLocker Initiated GC) [PSYoungGen: 160615K->64377K(175104K)] 511916K->422949K(699392K), 0.0064759 secs] [Times: user=0.09 sys=0.00, real=0.00 secs] 
2016-09-25T22:41:01.541-0400: 37.102: [GC (GCLocker Initiated GC) [PSYoungGen: 152441K->52235K(175104K)] 519189K->424802K(699392K), 0.0143365 secs] [Times: user=0.21 sys=0.00, real=0.02 secs] 
2016-09-25T22:41:01.605-0400: 37.165: [GC (GCLocker Initiated GC) [PSYoungGen: 140299K->67060K(175104K)] 519673K->459095K(699392K), 0.0120413 secs] [Times: user=0.18 sys=0.00, real=0.01 secs] 
2016-09-25T22:41:01.657-0400: 37.217: [GC (GCLocker Initiated GC) [PSYoungGen: 155124K->55022K(143360K)] 552749K->474765K(667648K), 0.0106178 secs] [Times: user=0.12 sys=0.00, real=0.01 secs] 
2016-09-25T22:41:01.716-0400: 37.277: [GC (GCLocker Initiated GC) [PSYoungGen: 143086K->51042K(176128K)] 574996K->500992K(700416K), 0.0096764 secs] [Times: user=0.12 sys=0.00, real=0.01 secs] 
2016-09-25T22:41:01.772-0400: 37.332: [GC (GCLocker Initiated GC) [PSYoungGen: 140642K->73825K(174592K)] 593389K->537944K(698880K), 0.0096442 secs] [Times: user=0.12 sys=0.00, real=0.01 secs] 
2016-09-25T22:41:01.833-0400: 37.393: [GC (GCLocker Initiated GC) [PSYoungGen: 163425K->54914K(175616K)] 633028K->534428K(699904K), 0.0078354 secs] [Times: user=0.08 sys=0.00, real=0.01 secs] 
2016-09-25T22:41:01.889-0400: 37.449: [GC (GCLocker Initiated GC) [PSYoungGen: 143490K->56284K(144896K)] 629986K->558113K(669184K), 0.0112694 secs] [Times: user=0.07 sys=0.00, real=0.01 secs] 
2016-09-25T22:41:01.900-0400: 37.461: [Full GC (Ergonomics) [PSYoungGen: 56284K->0K(144896K)] [ParOldGen: 501828K->181845K(524288K)] 558113K->181845K(669184K), [Metaspace: 43452K->43452K(1085440K)], 0.0543883 secs] [Times: user=0.35 sys=0.00, real=0.06 secs] 
2016-09-25T22:41:01.999-0400: 37.560: [GC (GCLocker Initiated GC) [PSYoungGen: 88576K->69968K(172032K)] 276015K->257408K(696320K), 0.0101645 secs] [Times: user=0.09 sys=0.00, real=0.01 secs] 
2016-09-25T22:41:02.060-0400: 37.620: [GC (GCLocker Initiated GC) [PSYoungGen: 157520K->53659K(173056K)] 353089K->275468K(697344K), 0.0094895 secs] [Times: user=0.15 sys=0.00, real=0.01 secs] 
2016-09-25T22:41:02.108-0400: 37.669: [GC (GCLocker Initiated GC) [PSYoungGen: 141211K->65675K(175616K)] 363188K->299021K(699904K), 0.0089140 secs] [Times: user=0.08 sys=0.00, real=0.01 secs] 
2016-09-25T22:41:02.153-0400: 37.714: [GC (Allocation Failure) [PSYoungGen: 157835K->75307K(167936K)] 393976K->326677K(692224K), 0.0088727 secs] [Times: user=0.10 sys=0.00, real=0.02 secs] 
2016-09-25T22:41:02.218-0400: 37.779: [GC (GCLocker Initiated GC) [PSYoungGen: 167467K->38676K(175104K)] 420203K->326992K(699392K), 0.0102070 secs] [Times: user=0.08 sys=0.01, real=0.01 secs] 
2016-09-25T22:41:02.276-0400: 37.836: [GC (GCLocker Initiated GC) [PSYoungGen: 126740K->73741K(175104K)] 415196K->376186K(699392K), 0.0065822 secs] [Times: user=0.09 sys=0.00, real=0.01 secs] 
2016-09-25T22:41:02.327-0400: 37.888: [GC (GCLocker Initiated GC) [PSYoungGen: 161805K->64359K(175104K)] 466999K->383374K(699392K), 0.0122951 secs] [Times: user=0.07 sys=0.00, real=0.01 secs] 
2016-09-25T22:41:02.387-0400: 37.948: [GC (GCLocker Initiated GC) [PSYoungGen: 152423K->61708K(150016K)] 474142K->404250K(674304K), 0.0072685 secs] [Times: user=0.06 sys=0.00, real=0.01 secs] 
2016-09-25T22:41:02.438-0400: 37.999: [GC (GCLocker Initiated GC) [PSYoungGen: 149772K->76637K(174080K)] 495121K->429286K(698368K), 0.0087674 secs] [Times: user=0.12 sys=0.00, real=0.01 secs] 
2016-09-25T22:41:02.498-0400: 38.059: [GC (GCLocker Initiated GC) [PSYoungGen: 164189K->53689K(174592K)] 519698K->423227K(698880K), 0.0072145 secs] [Times: user=0.06 sys=0.00, real=0.01 secs] 
2016-09-25T22:41:02.543-0400: 38.104: [GC (GCLocker Initiated GC) [PSYoungGen: 141241K->72734K(175104K)] 510881K->460437K(699392K), 0.0069820 secs] [Times: user=0.08 sys=0.00, real=0.00 secs] 
2016-09-25T22:41:02.599-0400: 38.160: [GC (GCLocker Initiated GC) [PSYoungGen: 160798K->61758K(175104K)] 551966K->479188K(699392K), 0.0090117 secs] [Times: user=0.14 sys=0.00, real=0.01 secs] 
2016-09-25T22:41:02.654-0400: 38.215: [GC (GCLocker Initiated GC) [PSYoungGen: 149822K->48144K(175104K)] 567270K->472918K(699392K), 0.0091036 secs] [Times: user=0.09 sys=0.01, real=0.01 secs] 
2016-09-25T22:41:02.705-0400: 38.265: [GC (GCLocker Initiated GC) [PSYoungGen: 136208K->60158K(148480K)] 561057K->497703K(672768K), 0.0341247 secs] [Times: user=0.39 sys=0.00, real=0.03 secs] 
2016-09-25T22:41:02.777-0400: 38.338: [GC (GCLocker Initiated GC) [PSYoungGen: 148222K->68543K(173568K)] 585858K->524152K(697856K), 0.0289152 secs] [Times: user=0.38 sys=0.01, real=0.03 secs] 
2016-09-25T22:41:02.843-0400: 38.403: [GC (GCLocker Initiated GC) [PSYoungGen: 156607K->68623K(173568K)] 617675K->557306K(697856K), 0.0087306 secs] [Times: user=0.10 sys=0.00, real=0.00 secs] 
2016-09-25T22:41:02.900-0400: 38.461: [Full GC (Ergonomics) [PSYoungGen: 156687K->0K(173568K)] [ParOldGen: 498214K->167015K(524288K)] 654901K->167015K(697856K), [Metaspace: 43459K->43459K(1085440K)], 0.1883721 secs] [Times: user=2.44 sys=0.01, real=0.19 secs] 
2016-09-25T22:41:03.141-0400: 38.701: [GC (GCLocker Initiated GC) [PSYoungGen: 88064K->60641K(173568K)] 261874K->234451K(697856K), 0.0082434 secs] [Times: user=0.09 sys=0.00, real=0.01 secs] 
2016-09-25T22:41:03.193-0400: 38.754: [GC (GCLocker Initiated GC) [PSYoungGen: 151777K->81943K(175104K)] 328438K->266095K(699392K), 0.0066139 secs] [Times: user=0.10 sys=0.00, real=0.01 secs] 
2016-09-25T22:41:03.251-0400: 38.812: [GC (GCLocker Initiated GC) [PSYoungGen: 173079K->69824K(175104K)] 359990K->282908K(699392K), 0.0093570 secs] [Times: user=0.11 sys=0.00, real=0.01 secs] 
2016-09-25T22:41:03.304-0400: 38.865: [GC (GCLocker Initiated GC) [PSYoungGen: 157888K->55044K(175104K)] 380489K->291630K(699392K), 0.0061403 secs] [Times: user=0.06 sys=0.00, real=0.00 secs] 
2016-09-25T22:41:03.359-0400: 38.920: [GC (GCLocker Initiated GC) [PSYoungGen: 143108K->72514K(175104K)] 379836K->328782K(699392K), 0.0072108 secs] [Times: user=0.09 sys=0.00, real=0.01 secs] 
2016-09-25T22:41:03.410-0400: 38.971: [GC (GCLocker Initiated GC) [PSYoungGen: 160578K->61831K(150016K)] 419559K->334812K(674304K), 0.0060942 secs] [Times: user=0.06 sys=0.01, real=0.01 secs] 
2016-09-25T22:41:03.463-0400: 39.024: [GC (GCLocker Initiated GC) [PSYoungGen: 149895K->68720K(175104K)] 435286K->354672K(699392K), 0.0095854 secs] [Times: user=0.12 sys=0.01, real=0.00 secs] 
2016-09-25T22:41:03.521-0400: 39.082: [GC (GCLocker Initiated GC) [PSYoungGen: 157296K->76526K(174592K)] 451486K->374132K(698880K), 0.0083817 secs] [Times: user=0.13 sys=0.00, real=0.01 secs] 
2016-09-25T22:41:03.577-0400: 39.138: [GC (GCLocker Initiated GC) [PSYoungGen: 165102K->69872K(175104K)] 466123K->384847K(699392K), 0.0062439 secs] [Times: user=0.09 sys=0.00, real=0.01 secs] 
2016-09-25T22:41:03.630-0400: 39.191: [GC (GCLocker Initiated GC) [PSYoungGen: 157936K->49429K(175104K)] 473137K->375883K(699392K), 0.0080499 secs] [Times: user=0.06 sys=0.00, real=0.01 secs] 
2016-09-25T22:41:03.674-0400: 39.235: [GC (GCLocker Initiated GC) [PSYoungGen: 137493K->60184K(175104K)] 464021K->407435K(699392K), 0.0067391 secs] [Times: user=0.06 sys=0.00, real=0.01 secs] 
2016-09-25T22:41:03.723-0400: 39.283: [GC (GCLocker Initiated GC) [PSYoungGen: 148248K->82244K(175104K)] 500970K->444836K(699392K), 0.0091123 secs] [Times: user=0.13 sys=0.00, real=0.00 secs] 
2016-09-25T22:41:03.775-0400: 39.336: [GC (GCLocker Initiated GC) [PSYoungGen: 170308K->61795K(175104K)] 541113K->449446K(699392K), 0.0060557 secs] [Times: user=0.08 sys=0.00, real=0.00 secs] 
2016-09-25T22:41:03.827-0400: 39.387: [GC (GCLocker Initiated GC) [PSYoungGen: 149858K->68600K(175104K)] 543157K->478657K(699392K), 0.0074996 secs] [Times: user=0.10 sys=0.00, real=0.01 secs] 
2016-09-25T22:41:03.880-0400: 39.441: [GC (GCLocker Initiated GC) [PSYoungGen: 156664K->73775K(175104K)] 569494K->497955K(699392K), 0.0066782 secs] [Times: user=0.08 sys=0.00, real=0.01 secs] 
2016-09-25T22:41:03.923-0400: 39.484: [GC (GCLocker Initiated GC) [PSYoungGen: 161839K->67109K(175104K)] 586277K->512156K(699392K), 0.0157132 secs] [Times: user=0.19 sys=0.00, real=0.01 secs] 
2016-09-25T22:41:03.988-0400: 39.549: [GC (GCLocker Initiated GC) [PSYoungGen: 155173K->68665K(172032K)] 604520K->529354K(696320K), 0.0069058 secs] [Times: user=0.09 sys=0.00, real=0.01 secs] 
2016-09-25T22:41:04.043-0400: 39.604: [GC (GCLocker Initiated GC) [PSYoungGen: 156729K->79268K(173568K)] 622942K->552888K(697856K), 0.0069582 secs] [Times: user=0.10 sys=0.00, real=0.00 secs] 
2016-09-25T22:41:04.098-0400: 39.658: [GC (GCLocker Initiated GC) [PSYoungGen: 167332K->71210K(175104K)] 646458K->564320K(699392K), 0.0099190 secs] [Times: user=0.15 sys=0.00, real=0.01 secs] 
2016-09-25T22:41:04.151-0400: 39.712: [Full GC (Ergonomics) [PSYoungGen: 159274K->0K(175104K)] [ParOldGen: 498696K->174232K(524288K)] 657971K->174232K(699392K), [Metaspace: 43459K->43459K(1085440K)], 0.0667779 secs] [Times: user=0.38 sys=0.02, real=0.07 secs] 
2016-09-25T22:41:04.256-0400: 39.816: [GC (GCLocker Initiated GC) [PSYoungGen: 88064K->74113K(175104K)] 262321K->248371K(699392K), 0.0063505 secs] [Times: user=0.07 sys=0.00, real=0.01 secs] 
2016-09-25T22:41:04.305-0400: 39.865: [GC (GCLocker Initiated GC) [PSYoungGen: 162177K->71259K(174080K)] 341874K->258451K(698368K), 0.0066479 secs] [Times: user=0.07 sys=0.01, real=0.00 secs] 
2016-09-25T22:41:04.362-0400: 39.923: [GC (GCLocker Initiated GC) [PSYoungGen: 159323K->50837K(174592K)] 352134K->287514K(698880K), 0.0089706 secs] [Times: user=0.13 sys=0.00, real=0.00 secs] 
2016-09-25T22:41:04.415-0400: 39.976: [GC (GCLocker Initiated GC) [PSYoungGen: 138901K->58903K(175104K)] 383788K->320438K(699392K), 0.0090436 secs] [Times: user=0.09 sys=0.01, real=0.01 secs] 
2016-09-25T22:41:04.467-0400: 40.028: [GC (GCLocker Initiated GC) [PSYoungGen: 146967K->61658K(150016K)] 418183K->346924K(674304K), 0.0066050 secs] [Times: user=0.09 sys=0.00, real=0.00 secs] 
2016-09-25T22:41:04.519-0400: 40.080: [GC (GCLocker Initiated GC) [PSYoungGen: 149722K->63076K(175104K)] 445929K->365143K(699392K), 0.0074137 secs] [Times: user=0.06 sys=0.00, real=0.01 secs] 
2016-09-25T22:41:04.565-0400: 40.125: [GC (GCLocker Initiated GC) [PSYoungGen: 152164K->61816K(174080K)] 456976K->383340K(698368K), 0.0059267 secs] [Times: user=0.08 sys=0.01, real=0.00 secs] 
2016-09-25T22:41:04.623-0400: 40.184: [GC (GCLocker Initiated GC) [PSYoungGen: 150904K->75248K(172544K)] 482029K->423167K(696832K), 0.0130512 secs] [Times: user=0.14 sys=0.00, real=0.01 secs] 
2016-09-25T22:41:04.707-0400: 40.268: [GC (GCLocker Initiated GC) [PSYoungGen: 164336K->44120K(174592K)] 521149K->417579K(698880K), 0.0085667 secs] [Times: user=0.08 sys=0.00, real=0.01 secs] 
2016-09-25T22:41:04.753-0400: 40.314: [GC (GCLocker Initiated GC) [PSYoungGen: 133208K->57589K(175616K)] 507112K->459004K(699904K), 0.0134705 secs] [Times: user=0.13 sys=0.01, real=0.02 secs] 
2016-09-25T22:41:04.804-0400: 40.365: [GC (GCLocker Initiated GC) [PSYoungGen: 146677K->44130K(175104K)] 556291K->475733K(699392K), 0.0316349 secs] [Times: user=0.33 sys=0.01, real=0.03 secs] 
2016-09-25T22:41:04.897-0400: 40.458: [GC (GCLocker Initiated GC) [PSYoungGen: 133218K->79351K(175104K)] 569100K->525198K(699392K), 0.0201900 secs] [Times: user=0.24 sys=0.00, real=0.02 secs] 
2016-09-25T22:41:04.969-0400: 40.530: [GC (GCLocker Initiated GC) [PSYoungGen: 167415K->33044K(175104K)] 624278K->512062K(699392K), 0.0060076 secs] [Times: user=0.06 sys=0.00, real=0.01 secs] 
2016-09-25T22:41:05.018-0400: 40.578: [GC (GCLocker Initiated GC) [PSYoungGen: 121108K->57646K(175104K)] 605683K->553305K(699392K), 0.0159684 secs] [Times: user=0.08 sys=0.00, real=0.01 secs] 
2016-09-25T22:41:05.034-0400: 40.595: [Full GC (Ergonomics) [PSYoungGen: 57646K->0K(175104K)] [ParOldGen: 495659K->176484K(524288K)] 553305K->176484K(699392K), [Metaspace: 43460K->43460K(1085440K)], 0.0809413 secs] [Times: user=0.56 sys=0.00, real=0.09 secs] 
2016-09-25T22:41:05.163-0400: 40.724: [GC (GCLocker Initiated GC) [PSYoungGen: 88064K->82365K(175104K)] 264739K->259040K(699392K), 0.0066009 secs] [Times: user=0.09 sys=0.00, real=0.00 secs] 
2016-09-25T22:41:05.210-0400: 40.771: [GC (GCLocker Initiated GC) [PSYoungGen: 170429K->80742K(175104K)] 356719K->269210K(699392K), 0.0066861 secs] [Times: user=0.09 sys=0.00, real=0.01 secs] 
2016-09-25T22:41:05.284-0400: 40.845: [GC (GCLocker Initiated GC) [PSYoungGen: 168806K->54824K(175104K)] 365541K->272405K(699392K), 0.0082018 secs] [Times: user=0.10 sys=0.00, real=0.00 secs] 
2016-09-25T22:41:05.347-0400: 40.907: [GC (GCLocker Initiated GC) [PSYoungGen: 142888K->65886K(175104K)] 360602K->304258K(699392K), 0.0121015 secs] [Times: user=0.16 sys=0.00, real=0.01 secs] 
2016-09-25T22:41:05.408-0400: 40.969: [GC (Allocation Failure) [PSYoungGen: 153950K->55054K(175104K)] 399183K->325241K(699392K), 0.0062524 secs] [Times: user=0.08 sys=0.00, real=0.01 secs] 
2016-09-25T22:41:05.460-0400: 41.020: [GC (GCLocker Initiated GC) [PSYoungGen: 143118K->57689K(175104K)] 416005K->343308K(699392K), 0.0102960 secs] [Times: user=0.15 sys=0.00, real=0.01 secs] 
2016-09-25T22:41:05.525-0400: 41.086: [GC (GCLocker Initiated GC) [PSYoungGen: 145753K->84702K(175104K)] 434182K->384416K(699392K), 0.0084439 secs] [Times: user=0.13 sys=0.00, real=0.00 secs] 
2016-09-25T22:41:05.605-0400: 41.166: [GC (GCLocker Initiated GC) [PSYoungGen: 172766K->52316K(175104K)] 479474K->386506K(699392K), 0.0067932 secs] [Times: user=0.08 sys=0.00, real=0.00 secs] 
2016-09-25T22:41:05.646-0400: 41.207: [GC (GCLocker Initiated GC) [PSYoungGen: 140380K->77933K(175104K)] 478689K->420805K(699392K), 0.0064445 secs] [Times: user=0.09 sys=0.00, real=0.00 secs] 
2016-09-25T22:41:05.693-0400: 41.253: [GC (GCLocker Initiated GC) [PSYoungGen: 165997K->69898K(175104K)] 517210K->431111K(699392K), 0.0085528 secs] [Times: user=0.14 sys=0.00, real=0.01 secs] 
2016-09-25T22:41:05.780-0400: 41.341: [GC (GCLocker Initiated GC) [PSYoungGen: 157962K->49503K(175104K)] 521268K->428155K(699392K), 0.0093642 secs] [Times: user=0.10 sys=0.01, real=0.01 secs] 
2016-09-25T22:41:05.835-0400: 41.396: [GC (GCLocker Initiated GC) [PSYoungGen: 137567K->62923K(175104K)] 523047K->448794K(699392K), 0.0080889 secs] [Times: user=0.07 sys=0.00, real=0.01 secs] 
2016-09-25T22:41:05.885-0400: 41.446: [GC (GCLocker Initiated GC) [PSYoungGen: 150987K->64480K(175104K)] 546473K->467202K(699392K), 0.0073349 secs] [Times: user=0.08 sys=0.00, real=0.00 secs] 
2016-09-25T22:41:05.945-0400: 41.506: [GC (GCLocker Initiated GC) [PSYoungGen: 152544K->68411K(175104K)] 558105K->486672K(699392K), 0.0145886 secs] [Times: user=0.15 sys=0.01, real=0.01 secs] 
2016-09-25T22:41:06.032-0400: 41.592: [GC (GCLocker Initiated GC) [PSYoungGen: 156475K->50960K(175104K)] 577657K->488753K(699392K), 0.0129586 secs] [Times: user=0.15 sys=0.00, real=0.02 secs] 
2016-09-25T22:41:06.083-0400: 41.643: [GC (GCLocker Initiated GC) [PSYoungGen: 139024K->69926K(175104K)] 576936K->513796K(699392K), 0.0074447 secs] [Times: user=0.08 sys=0.00, real=0.00 secs] 
2016-09-25T22:41:06.137-0400: 41.698: [GC (GCLocker Initiated GC) [PSYoungGen: 157990K->35960K(175104K)] 608660K->510128K(699392K), 0.0097403 secs] [Times: user=0.08 sys=0.00, real=0.01 secs] 
2016-09-25T22:41:06.190-0400: 41.751: [GC (GCLocker Initiated GC) [PSYoungGen: 124024K->41501K(175104K)] 602287K->539264K(699392K), 0.0214943 secs] [Times: user=0.23 sys=0.01, real=0.02 secs] 
2016-09-25T22:41:06.212-0400: 41.773: [Full GC (Ergonomics) [PSYoungGen: 41501K->0K(175104K)] [ParOldGen: 497763K->177658K(524288K)] 539264K->177658K(699392K), [Metaspace: 43467K->43467K(1085440K)], 0.0625123 secs] [Times: user=0.43 sys=0.01, real=0.07 secs] 
2016-09-25T22:41:06.313-0400: 41.873: [GC (GCLocker Initiated GC) [PSYoungGen: 88064K->86631K(175104K)] 271598K->278265K(699392K), 0.0112853 secs] [Times: user=0.12 sys=0.00, real=0.02 secs] 
2016-09-25T22:41:06.381-0400: 41.941: [GC (GCLocker Initiated GC) [PSYoungGen: 174695K->67074K(175104K)] 372065K->307311K(699392K), 0.0096598 secs] [Times: user=0.11 sys=0.00, real=0.01 secs] 
2016-09-25T22:41:06.432-0400: 41.993: [GC (GCLocker Initiated GC) [PSYoungGen: 155138K->56368K(175104K)] 398146K->314622K(699392K), 0.0076883 secs] [Times: user=0.08 sys=0.00, real=0.01 secs] 
2016-09-25T22:41:06.492-0400: 42.052: [GC (GCLocker Initiated GC) [PSYoungGen: 144432K->57682K(175104K)] 405481K->350319K(699392K), 0.0092682 secs] [Times: user=0.11 sys=0.00, real=0.01 secs] 
2016-09-25T22:41:06.549-0400: 42.110: [GC (GCLocker Initiated GC) [PSYoungGen: 145746K->61735K(175104K)] 443945K->384780K(699392K), 0.0083982 secs] [Times: user=0.08 sys=0.00, real=0.01 secs] 
2016-09-25T22:41:06.596-0400: 42.157: [GC (GCLocker Initiated GC) [PSYoungGen: 149799K->63034K(175104K)] 475702K->423324K(699392K), 0.0095194 secs] [Times: user=0.10 sys=0.00, real=0.01 secs] 
2016-09-25T22:41:06.648-0400: 42.209: [GC (GCLocker Initiated GC) [PSYoungGen: 151098K->42649K(175104K)] 514197K->421044K(699392K), 0.0104132 secs] [Times: user=0.05 sys=0.00, real=0.01 secs] 
2016-09-25T22:41:06.692-0400: 42.253: [GC (GCLocker Initiated GC) [PSYoungGen: 130713K->67177K(175104K)] 509375K->470662K(699392K), 0.0091959 secs] [Times: user=0.11 sys=0.00, real=0.01 secs] 
2016-09-25T22:41:06.740-0400: 42.301: [GC (GCLocker Initiated GC) [PSYoungGen: 155241K->84734K(175104K)] 560235K->515921K(699392K), 0.0100501 secs] [Times: user=0.12 sys=0.00, real=0.01 secs] 
2016-09-25T22:41:06.805-0400: 42.366: [GC (GCLocker Initiated GC) [PSYoungGen: 172798K->67177K(175104K)] 613520K->546221K(699392K), 0.0072371 secs] [Times: user=0.08 sys=0.00, real=0.00 secs] 
2016-09-25T22:41:06.813-0400: 42.373: [Full GC (Ergonomics) [PSYoungGen: 67177K->0K(175104K)] [ParOldGen: 479044K->192067K(524288K)] 546221K->192067K(699392K), [Metaspace: 43482K->43482K(1085440K)], 0.0682411 secs] [Times: user=0.42 sys=0.00, real=0.07 secs] 
2016-09-25T22:41:06.928-0400: 42.489: [GC (GCLocker Initiated GC) [PSYoungGen: 88064K->76951K(175104K)] 291183K->280071K(699392K), 0.0062113 secs] [Times: user=0.08 sys=0.00, real=0.01 secs] 
2016-09-25T22:41:06.978-0400: 42.538: [GC (GCLocker Initiated GC) [PSYoungGen: 165015K->77935K(175104K)] 376337K->292796K(699392K), 0.0090432 secs] [Times: user=0.13 sys=0.00, real=0.01 secs] 
2016-09-25T22:41:07.021-0400: 42.582: [GC (GCLocker Initiated GC) [PSYoungGen: 165999K->77919K(175104K)] 383591K->305490K(699392K), 0.0064213 secs] [Times: user=0.08 sys=0.01, real=0.01 secs] 
2016-09-25T22:41:07.075-0400: 42.635: [GC (GCLocker Initiated GC) [PSYoungGen: 165983K->66977K(175104K)] 393750K->312751K(699392K), 0.0069708 secs] [Times: user=0.10 sys=0.00, real=0.00 secs] 
2016-09-25T22:41:07.123-0400: 42.684: [GC (GCLocker Initiated GC) [PSYoungGen: 155041K->53498K(175104K)] 403949K->318953K(699392K), 0.0077607 secs] [Times: user=0.07 sys=0.00, real=0.00 secs] 
2016-09-25T22:41:07.169-0400: 42.730: [GC (GCLocker Initiated GC) [PSYoungGen: 141562K->72434K(175104K)] 412640K->376432K(699392K), 0.0077952 secs] [Times: user=0.11 sys=0.00, real=0.01 secs] 
2016-09-25T22:41:07.237-0400: 42.798: [GC (GCLocker Initiated GC) [PSYoungGen: 160498K->57517K(175104K)] 474248K->391866K(699392K), 0.0108597 secs] [Times: user=0.09 sys=0.00, real=0.01 secs] 
2016-09-25T22:41:07.307-0400: 42.868: [GC (GCLocker Initiated GC) [PSYoungGen: 145581K->43808K(175104K)] 484057K->389483K(699392K), 0.0058136 secs] [Times: user=0.05 sys=0.00, real=0.00 secs] 
2016-09-25T22:41:07.362-0400: 42.922: [GC (GCLocker Initiated GC) [PSYoungGen: 131872K->54914K(175104K)] 477639K->422664K(699392K), 0.0071298 secs] [Times: user=0.09 sys=0.00, real=0.01 secs] 
2016-09-25T22:41:07.428-0400: 42.988: [GC (GCLocker Initiated GC) [PSYoungGen: 142978K->63039K(175104K)] 513494K->443475K(699392K), 0.0066759 secs] [Times: user=0.07 sys=0.00, real=0.01 secs] 
2016-09-25T22:41:07.489-0400: 43.050: [GC (GCLocker Initiated GC) [PSYoungGen: 151103K->48221K(175104K)] 533120K->451047K(699392K), 0.0069637 secs] [Times: user=0.08 sys=0.00, real=0.01 secs] 
2016-09-25T22:41:07.545-0400: 43.106: [GC (GCLocker Initiated GC) [PSYoungGen: 136285K->67183K(175104K)] 544670K->484195K(699392K), 0.0086201 secs] [Times: user=0.11 sys=0.01, real=0.00 secs] 
2016-09-25T22:41:07.597-0400: 43.158: [GC (GCLocker Initiated GC) [PSYoungGen: 155247K->68454K(175104K)] 578392K->501554K(699392K), 0.0094290 secs] [Times: user=0.12 sys=0.01, real=0.01 secs] 
2016-09-25T22:41:07.655-0400: 43.216: [GC (GCLocker Initiated GC) [PSYoungGen: 156518K->56179K(175104K)] 589642K->512795K(699392K), 0.0091393 secs] [Times: user=0.13 sys=0.00, real=0.01 secs] 
2016-09-25T22:41:07.710-0400: 43.271: [GC (GCLocker Initiated GC) [PSYoungGen: 144243K->79367K(175104K)] 603642K->545853K(699392K), 0.0107733 secs] [Times: user=0.10 sys=0.00, real=0.01 secs] 
2016-09-25T22:41:07.778-0400: 43.339: [GC (GCLocker Initiated GC) [PSYoungGen: 167431K->56400K(175104K)] 650354K->568268K(699392K), 0.0122417 secs] [Times: user=0.17 sys=0.00, real=0.01 secs] 
2016-09-25T22:41:07.791-0400: 43.351: [Full GC (Ergonomics) [PSYoungGen: 56400K->0K(175104K)] [ParOldGen: 511868K->200115K(524288K)] 568268K->200115K(699392K), [Metaspace: 43483K->43483K(1085440K)], 0.0687418 secs] [Times: user=0.53 sys=0.01, real=0.07 secs] 
2016-09-25T22:41:07.908-0400: 43.469: [GC (GCLocker Initiated GC) [PSYoungGen: 88064K->56458K(175104K)] 294077K->262471K(699392K), 0.0105525 secs] [Times: user=0.14 sys=0.00, real=0.01 secs] 
2016-09-25T22:41:07.962-0400: 43.523: [GC (GCLocker Initiated GC) [PSYoungGen: 144522K->65623K(174080K)] 353381K->300853K(698368K), 0.0104505 secs] [Times: user=0.13 sys=0.00, real=0.00 secs] 
2016-09-25T22:41:08.011-0400: 43.572: [GC (GCLocker Initiated GC) [PSYoungGen: 153687K->60486K(148992K)] 394474K->321878K(673280K), 0.0135996 secs] [Times: user=0.19 sys=0.00, real=0.02 secs] 
2016-09-25T22:41:08.076-0400: 43.637: [GC (GCLocker Initiated GC) [PSYoungGen: 148550K->64379K(175104K)] 410064K->361611K(699392K), 0.0108925 secs] [Times: user=0.17 sys=0.01, real=0.01 secs] 
2016-09-25T22:41:08.140-0400: 43.701: [GC (GCLocker Initiated GC) [PSYoungGen: 155003K->65913K(174080K)] 457755K->378555K(698368K), 0.0061044 secs] [Times: user=0.08 sys=0.00, real=0.01 secs] 
2016-09-25T22:41:08.209-0400: 43.770: [GC (GCLocker Initiated GC) [PSYoungGen: 156537K->58973K(177152K)] 477365K->391185K(701440K), 0.0097285 secs] [Times: user=0.14 sys=0.01, real=0.01 secs] 
2016-09-25T22:41:08.266-0400: 43.827: [GC (GCLocker Initiated GC) [PSYoungGen: 154717K->61809K(176640K)] 488409K->422932K(700928K), 0.0083553 secs] [Times: user=0.10 sys=0.00, real=0.01 secs] 
2016-09-25T22:41:08.321-0400: 43.882: [GC (GCLocker Initiated GC) [PSYoungGen: 157553K->79208K(173568K)] 518869K->457237K(697856K), 0.0080116 secs] [Times: user=0.11 sys=0.02, real=0.01 secs] 
2016-09-25T22:41:08.379-0400: 43.939: [GC (GCLocker Initiated GC) [PSYoungGen: 173416K->68536K(178176K)] 551613K->482269K(702464K), 0.0079873 secs] [Times: user=0.12 sys=0.00, real=0.01 secs] 
2016-09-25T22:41:08.432-0400: 43.993: [GC (GCLocker Initiated GC) [PSYoungGen: 162744K->71172K(177664K)] 579299K->501703K(701952K), 0.0097122 secs] [Times: user=0.09 sys=0.00, real=0.01 secs] 
2016-09-25T22:41:08.505-0400: 44.066: [GC (GCLocker Initiated GC) [PSYoungGen: 165377K->35991K(130560K)] 608851K->493337K(654848K), 0.0236895 secs] [Times: user=0.29 sys=0.00, real=0.02 secs] 
2016-09-25T22:41:08.589-0400: 44.149: [GC (GCLocker Initiated GC) [PSYoungGen: 130199K->42508K(175104K)] 594339K->513944K(699392K), 0.0363745 secs] [Times: user=0.45 sys=0.00, real=0.04 secs] 
2016-09-25T22:41:08.665-0400: 44.226: [GC (GCLocker Initiated GC) [PSYoungGen: 130571K->53460K(141824K)] 606305K->557875K(666112K), 0.0188177 secs] [Times: user=0.24 sys=0.00, real=0.02 secs] 
2016-09-25T22:41:08.684-0400: 44.245: [Full GC (Ergonomics) [PSYoungGen: 53460K->0K(141824K)] [ParOldGen: 504414K->196212K(524288K)] 557875K->196212K(666112K), [Metaspace: 43618K->43618K(1087488K)], 0.0529133 secs] [Times: user=0.37 sys=0.00, real=0.05 secs] 
2016-09-25T22:41:08.782-0400: 44.343: [GC (GCLocker Initiated GC) [PSYoungGen: 88064K->75475K(174080K)] 284300K->271712K(698368K), 0.0077000 secs] [Times: user=0.08 sys=0.00, real=0.01 secs] 
2016-09-25T22:41:08.833-0400: 44.393: [GC (GCLocker Initiated GC) [PSYoungGen: 163027K->65802K(174592K)] 362058K->285805K(698880K), 0.0070163 secs] [Times: user=0.11 sys=0.00, real=0.01 secs] 
2016-09-25T22:41:08.871-0400: 44.432: [GC (GCLocker Initiated GC) [PSYoungGen: 153354K->73936K(175104K)] 376260K->329808K(699392K), 0.0079937 secs] [Times: user=0.12 sys=0.01, real=0.01 secs] 
2016-09-25T22:41:08.928-0400: 44.489: [GC (GCLocker Initiated GC) [PSYoungGen: 162000K->56333K(175104K)] 427548K->329147K(699392K), 0.0094369 secs] [Times: user=0.08 sys=0.00, real=0.01 secs] 
2016-09-25T22:41:08.983-0400: 44.544: [GC (GCLocker Initiated GC) [PSYoungGen: 144397K->54817K(175104K)] 417303K->337724K(699392K), 0.0061093 secs] [Times: user=0.06 sys=0.00, real=0.00 secs] 
2016-09-25T22:41:09.025-0400: 44.585: [GC (GCLocker Initiated GC) [PSYoungGen: 142881K->72597K(175104K)] 428623K->376247K(699392K), 0.0089026 secs] [Times: user=0.14 sys=0.00, real=0.00 secs] 
2016-09-25T22:41:09.081-0400: 44.642: [GC (GCLocker Initiated GC) [PSYoungGen: 160661K->75176K(175104K)] 464490K->395732K(699392K), 0.0090408 secs] [Times: user=0.13 sys=0.00, real=0.01 secs] 
2016-09-25T22:41:09.136-0400: 44.697: [GC (GCLocker Initiated GC) [PSYoungGen: 163240K->53685K(175104K)] 486710K->410033K(699392K), 0.0144965 secs] [Times: user=0.21 sys=0.00, real=0.01 secs] 
2016-09-25T22:41:09.184-0400: 44.745: [GC (GCLocker Initiated GC) [PSYoungGen: 141749K->76668K(175104K)] 503617K->443133K(699392K), 0.0093292 secs] [Times: user=0.14 sys=0.00, real=0.00 secs] 
2016-09-25T22:41:09.243-0400: 44.803: [GC (GCLocker Initiated GC) [PSYoungGen: 164732K->33145K(175104K)] 533999K->421864K(699392K), 0.0055642 secs] [Times: user=0.04 sys=0.00, real=0.00 secs] 
2016-09-25T22:41:09.287-0400: 44.847: [GC (GCLocker Initiated GC) [PSYoungGen: 121209K->69917K(175104K)] 510047K->460570K(699392K), 0.0090690 secs] [Times: user=0.10 sys=0.00, real=0.01 secs] 
2016-09-25T22:41:09.330-0400: 44.891: [GC (GCLocker Initiated GC) [PSYoungGen: 157981K->61707K(175104K)] 549259K->476534K(699392K), 0.0100177 secs] [Times: user=0.11 sys=0.01, real=0.01 secs] 
2016-09-25T22:41:09.383-0400: 44.944: [GC (GCLocker Initiated GC) [PSYoungGen: 149771K->44082K(175104K)] 564652K->503991K(699392K), 0.0105540 secs] [Times: user=0.15 sys=0.00, real=0.00 secs] 
2016-09-25T22:41:09.431-0400: 44.992: [GC (GCLocker Initiated GC) [PSYoungGen: 132146K->65843K(175104K)] 592199K->542594K(699392K), 0.0077361 secs] [Times: user=0.06 sys=0.00, real=0.01 secs] 
2016-09-25T22:41:09.482-0400: 45.042: [Full GC (Ergonomics) [PSYoungGen: 153907K->0K(175104K)] [ParOldGen: 479842K->202262K(524288K)] 633750K->202262K(699392K), [Metaspace: 43618K->43618K(1087488K)], 0.0666659 secs] [Times: user=0.41 sys=0.00, real=0.07 secs] 
2016-09-25T22:41:09.594-0400: 45.154: [GC (GCLocker Initiated GC) [PSYoungGen: 88064K->76748K(175104K)] 305318K->294003K(699392K), 0.0077159 secs] [Times: user=0.09 sys=0.01, real=0.01 secs] 
2016-09-25T22:41:09.641-0400: 45.202: [GC (GCLocker Initiated GC) [PSYoungGen: 164812K->61672K(175104K)] 387570K->305292K(699392K), 0.0066426 secs] [Times: user=0.10 sys=0.00, real=0.01 secs] 
2016-09-25T22:41:09.681-0400: 45.242: [GC (GCLocker Initiated GC) [PSYoungGen: 149736K->77884K(175104K)] 393449K->335555K(699392K), 0.0087904 secs] [Times: user=0.10 sys=0.02, real=0.01 secs] 
2016-09-25T22:41:09.751-0400: 45.312: [GC (GCLocker Initiated GC) [PSYoungGen: 165948K->58941K(175104K)] 423737K->336071K(699392K), 0.0109361 secs] [Times: user=0.09 sys=0.01, real=0.01 secs] 
2016-09-25T22:41:09.815-0400: 45.376: [GC (GCLocker Initiated GC) [PSYoungGen: 147005K->61780K(175104K)] 426967K->366469K(699392K), 0.0098943 secs] [Times: user=0.09 sys=0.00, real=0.01 secs] 
2016-09-25T22:41:09.865-0400: 45.426: [GC (GCLocker Initiated GC) [PSYoungGen: 149844K->64319K(175104K)] 454689K->385918K(699392K), 0.0082967 secs] [Times: user=0.08 sys=0.00, real=0.00 secs] 
2016-09-25T22:41:09.902-0400: 45.463: [GC (GCLocker Initiated GC) [PSYoungGen: 152383K->71166K(175104K)] 476850K->401453K(699392K), 0.0076083 secs] [Times: user=0.06 sys=0.00, real=0.01 secs] 
2016-09-25T22:41:09.969-0400: 45.529: [GC (GCLocker Initiated GC) [PSYoungGen: 159230K->64459K(152576K)] 497706K->404827K(676864K), 0.0096549 secs] [Times: user=0.12 sys=0.01, real=0.01 secs] 
2016-09-25T22:41:10.041-0400: 45.601: [GC (GCLocker Initiated GC) [PSYoungGen: 152523K->66977K(174592K)] 495731K->441716K(698880K), 0.0139264 secs] [Times: user=0.16 sys=0.02, real=0.02 secs] 
2016-09-25T22:41:10.096-0400: 45.657: [GC (GCLocker Initiated GC) [PSYoungGen: 156065K->67116K(173568K)] 540425K->457231K(697856K), 0.0056803 secs] [Times: user=0.07 sys=0.00, real=0.00 secs] 
2016-09-25T22:41:10.138-0400: 45.699: [GC (GCLocker Initiated GC) [PSYoungGen: 156204K->52138K(175616K)] 547754K->461716K(699904K), 0.0063121 secs] [Times: user=0.07 sys=0.00, real=0.01 secs] 
2016-09-25T22:41:10.194-0400: 45.755: [GC (Allocation Failure) [PSYoungGen: 144298K->56209K(175616K)] 560834K->494767K(699904K), 0.0137927 secs] [Times: user=0.18 sys=0.01, real=0.01 secs] 
2016-09-25T22:41:10.283-0400: 45.844: [GC (GCLocker Initiated GC) [PSYoungGen: 147084K->67053K(178176K)] 591042K->531681K(702464K), 0.0080409 secs] [Times: user=0.10 sys=0.01, real=0.00 secs] 
2016-09-25T22:41:10.331-0400: 45.892: [GC (GCLocker Initiated GC) [PSYoungGen: 162797K->77917K(174080K)] 632983K->555284K(698368K), 0.0091949 secs] [Times: user=0.13 sys=0.01, real=0.01 secs] 
2016-09-25T22:41:10.391-0400: 45.952: [GC (GCLocker Initiated GC) [PSYoungGen: 173661K->48153K(175104K)] 654582K->556598K(699392K), 0.0108392 secs] [Times: user=0.09 sys=0.00, real=0.02 secs] 
2016-09-25T22:41:10.402-0400: 45.963: [Full GC (Ergonomics) [PSYoungGen: 48153K->0K(175104K)] [ParOldGen: 508444K->201693K(524288K)] 556598K->201693K(699392K), [Metaspace: 43620K->43620K(1087488K)], 0.0739716 secs] [Times: user=0.58 sys=0.02, real=0.97 secs] 
2016-09-25T22:41:13.527-0400: 49.088: [GC (GCLocker Initiated GC) [PSYoungGen: 89088K->76845K(166400K)] 290934K->278691K(690688K), 0.0130719 secs] [Times: user=0.12 sys=0.00, real=0.01 secs] 
2016-09-25T22:41:13.587-0400: 49.148: [GC (GCLocker Initiated GC) [PSYoungGen: 165933K->56337K(175104K)] 367838K->288699K(699392K), 0.0082126 secs] [Times: user=0.10 sys=0.01, real=0.01 secs] 
2016-09-25T22:41:13.639-0400: 49.199: [GC (GCLocker Initiated GC) [PSYoungGen: 144401K->61718K(150016K)] 376942K->332602K(674304K), 0.0103411 secs] [Times: user=0.15 sys=0.00, real=0.01 secs] 
2016-09-25T22:41:13.707-0400: 49.268: [GC (GCLocker Initiated GC) [PSYoungGen: 149782K->61806K(176128K)] 428885K->345384K(700416K), 0.0106278 secs] [Times: user=0.10 sys=0.00, real=0.01 secs] 
2016-09-25T22:41:13.780-0400: 49.341: [GC (GCLocker Initiated GC) [PSYoungGen: 151918K->48066K(174080K)] 438322K->349976K(698368K), 0.0113783 secs] [Times: user=0.12 sys=0.01, real=0.01 secs] 
2016-09-25T22:41:13.856-0400: 49.417: [GC (GCLocker Initiated GC) [PSYoungGen: 138178K->29179K(172544K)] 445986K->349450K(696832K), 0.0168464 secs] [Times: user=0.20 sys=0.00, real=0.01 secs] 
2016-09-25T22:41:13.913-0400: 49.474: [GC (GCLocker Initiated GC) [PSYoungGen: 117243K->72367K(175104K)] 437647K->399942K(699392K), 0.0097953 secs] [Times: user=0.09 sys=0.00, real=0.02 secs] 
2016-09-25T22:41:13.974-0400: 49.535: [GC (GCLocker Initiated GC) [PSYoungGen: 160431K->61526K(175104K)] 488121K->417928K(699392K), 0.0141491 secs] [Times: user=0.15 sys=0.00, real=0.01 secs] 
2016-09-25T22:41:14.032-0400: 49.593: [GC (GCLocker Initiated GC) [PSYoungGen: 149590K->79442K(175104K)] 512913K->467529K(699392K), 0.0081562 secs] [Times: user=0.12 sys=0.00, real=0.01 secs] 
2016-09-25T22:41:14.092-0400: 49.653: [GC (GCLocker Initiated GC) [PSYoungGen: 167506K->68438K(175104K)] 561205K->480293K(699392K), 0.0083060 secs] [Times: user=0.10 sys=0.00, real=0.01 secs] 
2016-09-25T22:41:14.154-0400: 49.714: [GC (GCLocker Initiated GC) [PSYoungGen: 156502K->49505K(175104K)] 580697K->498426K(699392K), 0.0102313 secs] [Times: user=0.12 sys=0.01, real=0.02 secs] 
2016-09-25T22:41:14.216-0400: 49.777: [GC (GCLocker Initiated GC) [PSYoungGen: 137569K->45303K(175104K)] 586566K->517667K(699392K), 0.0099656 secs] [Times: user=0.08 sys=0.00, real=0.01 secs] 
2016-09-25T22:41:14.261-0400: 49.822: [GC (GCLocker Initiated GC) [PSYoungGen: 133367K->86205K(175104K)] 614006K->587440K(699392K), 0.0106870 secs] [Times: user=0.16 sys=0.01, real=0.01 secs] 
2016-09-25T22:41:14.272-0400: 49.833: [Full GC (Ergonomics) [PSYoungGen: 86205K->0K(175104K)] [ParOldGen: 501234K->225886K(524288K)] 587440K->225886K(699392K), [Metaspace: 43625K->43625K(1087488K)], 0.0736940 secs] [Times: user=0.54 sys=0.02, real=0.08 secs] 
2016-09-25T22:41:14.405-0400: 49.966: [GC (GCLocker Initiated GC) [PSYoungGen: 88064K->76730K(175104K)] 318849K->307516K(699392K), 0.0075340 secs] [Times: user=0.11 sys=0.01, real=0.00 secs] 
2016-09-25T22:41:14.474-0400: 50.035: [GC (GCLocker Initiated GC) [PSYoungGen: 164794K->48176K(175104K)] 403796K->312103K(699392K), 0.0140654 secs] [Times: user=0.19 sys=0.00, real=0.02 secs] 
2016-09-25T22:41:14.539-0400: 50.100: [GC (GCLocker Initiated GC) [PSYoungGen: 136240K->57543K(175104K)] 409750K->343625K(699392K), 0.0102622 secs] [Times: user=0.08 sys=0.00, real=0.01 secs] 
2016-09-25T22:41:14.595-0400: 50.155: [GC (GCLocker Initiated GC) [PSYoungGen: 145607K->63027K(175104K)] 431773K->363143K(699392K), 0.0070459 secs] [Times: user=0.10 sys=0.00, real=0.00 secs] 
2016-09-25T22:41:14.656-0400: 50.216: [GC (GCLocker Initiated GC) [PSYoungGen: 151091K->69777K(175104K)] 451297K->385256K(699392K), 0.0075463 secs] [Times: user=0.10 sys=0.01, real=0.01 secs] 
2016-09-25T22:41:14.713-0400: 50.273: [GC (GCLocker Initiated GC) [PSYoungGen: 157841K->65945K(175104K)] 478820K->417068K(699392K), 0.0143475 secs] [Times: user=0.22 sys=0.00, real=0.02 secs] 
2016-09-25T22:41:14.787-0400: 50.347: [GC (GCLocker Initiated GC) [PSYoungGen: 154009K->60436K(175104K)] 505241K->441962K(699392K), 0.0099533 secs] [Times: user=0.13 sys=0.01, real=0.01 secs] 
2016-09-25T22:41:14.852-0400: 50.413: [GC (GCLocker Initiated GC) [PSYoungGen: 148500K->44128K(175104K)] 535509K->458649K(699392K), 0.0069432 secs] [Times: user=0.08 sys=0.01, real=0.01 secs] 
2016-09-25T22:41:14.888-0400: 50.449: [GC (GCLocker Initiated GC) [PSYoungGen: 132192K->78063K(175104K)] 554879K->507956K(699392K), 0.0077521 secs] [Times: user=0.11 sys=0.00, real=0.01 secs] 
2016-09-25T22:41:14.946-0400: 50.507: [GC (GCLocker Initiated GC) [PSYoungGen: 166127K->58990K(175104K)] 608356K->524774K(699392K), 0.0077001 secs] [Times: user=0.08 sys=0.00, real=0.01 secs] 
2016-09-25T22:41:15.022-0400: 50.583: [GC (GCLocker Initiated GC) [PSYoungGen: 147054K->64346K(175104K)] 615616K->552256K(699392K), 0.0116925 secs] [Times: user=0.12 sys=0.01, real=0.01 secs] 
2016-09-25T22:41:15.034-0400: 50.595: [Full GC (Ergonomics) [PSYoungGen: 64346K->0K(175104K)] [ParOldGen: 487910K->213063K(524288K)] 552256K->213063K(699392K), [Metaspace: 43625K->43625K(1087488K)], 0.0884717 secs] [Times: user=0.58 sys=0.02, real=0.10 secs] 
2016-09-25T22:41:15.160-0400: 50.720: [GC (GCLocker Initiated GC) [PSYoungGen: 88064K->81160K(175104K)] 307982K->301078K(699392K), 0.0070334 secs] [Times: user=0.09 sys=0.00, real=0.01 secs] 
2016-09-25T22:41:15.218-0400: 50.779: [GC (GCLocker Initiated GC) [PSYoungGen: 169224K->57500K(175104K)] 397407K->316369K(699392K), 0.0121093 secs] [Times: user=0.14 sys=0.03, real=0.01 secs] 
2016-09-25T22:41:15.300-0400: 50.860: [GC (GCLocker Initiated GC) [PSYoungGen: 145564K->77942K(175104K)] 407882K->344662K(699392K), 0.0105832 secs] [Times: user=0.15 sys=0.00, real=0.01 secs] 
2016-09-25T22:41:15.356-0400: 50.917: [GC (GCLocker Initiated GC) [PSYoungGen: 166006K->71141K(175104K)] 432834K->353363K(699392K), 0.0077003 secs] [Times: user=0.11 sys=0.00, real=0.01 secs] 
2016-09-25T22:41:15.403-0400: 50.963: [GC (GCLocker Initiated GC) [PSYoungGen: 159205K->63009K(175104K)] 449643K->387642K(699392K), 0.0086849 secs] [Times: user=0.13 sys=0.00, real=0.00 secs] 
2016-09-25T22:41:15.472-0400: 51.033: [GC (GCLocker Initiated GC) [PSYoungGen: 151073K->58978K(175104K)] 481255K->423379K(699392K), 0.0093883 secs] [Times: user=0.14 sys=0.01, real=0.01 secs] 
2016-09-25T22:41:15.550-0400: 51.110: [GC (GCLocker Initiated GC) [PSYoungGen: 147042K->55005K(175104K)] 516944K->448325K(699392K), 0.0114603 secs] [Times: user=0.13 sys=0.00, real=0.01 secs] 
2016-09-25T22:41:15.604-0400: 51.165: [GC (GCLocker Initiated GC) [PSYoungGen: 143069K->84801K(175104K)] 539282K->493658K(699392K), 0.0102237 secs] [Times: user=0.13 sys=0.00, real=0.01 secs] 
2016-09-25T22:41:15.648-0400: 51.209: [GC (GCLocker Initiated GC) [PSYoungGen: 172865K->76445K(175104K)] 584547K->508974K(699392K), 0.0079450 secs] [Times: user=0.10 sys=0.00, real=0.01 secs] 
2016-09-25T22:41:15.706-0400: 51.266: [GC (GCLocker Initiated GC) [PSYoungGen: 164509K->82050K(175104K)] 606571K->536719K(699392K), 0.0147341 secs] [Times: user=0.16 sys=0.00, real=0.01 secs] 
2016-09-25T22:41:15.791-0400: 51.352: [GC (GCLocker Initiated GC) [PSYoungGen: 170114K->46841K(175104K)] 633577K->555412K(699392K), 0.0128441 secs] [Times: user=0.12 sys=0.01, real=0.02 secs] 
2016-09-25T22:41:15.804-0400: 51.365: [Full GC (Ergonomics) [PSYoungGen: 46841K->0K(175104K)] [ParOldGen: 508570K->215191K(524288K)] 555412K->215191K(699392K), [Metaspace: 43625K->43625K(1087488K)], 0.0579975 secs] [Times: user=0.59 sys=0.00, real=0.06 secs] 
2016-09-25T22:41:15.899-0400: 51.460: [GC (GCLocker Initiated GC) [PSYoungGen: 88064K->45542K(175104K)] 311426K->268905K(699392K), 0.0059629 secs] [Times: user=0.04 sys=0.00, real=0.01 secs] 
2016-09-25T22:41:15.946-0400: 51.507: [GC (GCLocker Initiated GC) [PSYoungGen: 133606K->65760K(175104K)] 357066K->311540K(699392K), 0.0108936 secs] [Times: user=0.17 sys=0.00, real=0.01 secs] 
2016-09-25T22:41:16.006-0400: 51.567: [GC (GCLocker Initiated GC) [PSYoungGen: 153824K->84641K(175104K)] 399727K->363452K(699392K), 0.0127151 secs] [Times: user=0.17 sys=0.01, real=0.01 secs] 
2016-09-25T22:41:16.084-0400: 51.645: [GC (GCLocker Initiated GC) [PSYoungGen: 172705K->64487K(175104K)] 454358K->379049K(699392K), 0.0076095 secs] [Times: user=0.11 sys=0.00, real=0.00 secs] 
2016-09-25T22:41:16.126-0400: 51.686: [GC (GCLocker Initiated GC) [PSYoungGen: 152551K->86119K(175104K)] 472580K->418848K(699392K), 0.0091385 secs] [Times: user=0.09 sys=0.00, real=0.01 secs] 
2016-09-25T22:41:16.181-0400: 51.742: [GC (GCLocker Initiated GC) [PSYoungGen: 174183K->40008K(175104K)] 516495K->424711K(699392K), 0.0156559 secs] [Times: user=0.15 sys=0.01, real=0.02 secs] 
2016-09-25T22:41:16.266-0400: 51.826: [GC (GCLocker Initiated GC) [PSYoungGen: 128072K->61691K(175104K)] 522328K->457802K(699392K), 0.0113635 secs] [Times: user=0.13 sys=0.00, real=0.01 secs] 
2016-09-25T22:41:16.330-0400: 51.891: [GC (GCLocker Initiated GC) [PSYoungGen: 149755K->50846K(175104K)] 551438K->467880K(699392K), 0.0075181 secs] [Times: user=0.08 sys=0.00, real=0.01 secs] 
2016-09-25T22:41:16.374-0400: 51.935: [GC (GCLocker Initiated GC) [PSYoungGen: 138910K->56258K(175104K)] 563570K->500219K(699392K), 0.0079455 secs] [Times: user=0.07 sys=0.01, real=0.01 secs] 
2016-09-25T22:41:17.227-0400: 52.788: [GC (GCLocker Initiated GC) [PSYoungGen: 144322K->27748K(175104K)] 601902K->503266K(699392K), 0.0094804 secs] [Times: user=0.06 sys=0.00, real=0.01 secs] 
2016-09-25T22:41:17.285-0400: 52.846: [Full GC (Ergonomics) [PSYoungGen: 115812K->0K(175104K)] [ParOldGen: 487857K->225475K(524288K)] 603670K->225475K(699392K), [Metaspace: 43626K->43626K(1087488K)], 0.0746047 secs] [Times: user=0.68 sys=0.09, real=0.07 secs] 
2016-09-25T22:41:17.427-0400: 52.988: [GC (GCLocker Initiated GC) [PSYoungGen: 88064K->59215K(175104K)] 320465K->291616K(699392K), 0.0098655 secs] [Times: user=0.12 sys=0.01, real=0.01 secs] 
2016-09-25T22:41:17.478-0400: 53.038: [GC (GCLocker Initiated GC) [PSYoungGen: 147279K->80546K(175104K)] 379758K->316473K(699392K), 0.0065754 secs] [Times: user=0.09 sys=0.01, real=0.01 secs] 
2016-09-25T22:41:17.532-0400: 53.093: [GC (GCLocker Initiated GC) [PSYoungGen: 168610K->76477K(175104K)] 410142K->330542K(699392K), 0.0076179 secs] [Times: user=0.12 sys=0.00, real=0.01 secs] 
2016-09-25T22:41:17.585-0400: 53.146: [GC (GCLocker Initiated GC) [PSYoungGen: 164541K->58959K(175104K)] 423068K->321949K(699392K), 0.0056753 secs] [Times: user=0.08 sys=0.01, real=0.00 secs] 
2016-09-25T22:41:17.626-0400: 53.187: [GC (GCLocker Initiated GC) [PSYoungGen: 147023K->73843K(175104K)] 420861K->361682K(699392K), 0.0083001 secs] [Times: user=0.11 sys=0.01, real=0.01 secs] 
2016-09-25T22:41:17.687-0400: 53.248: [GC (GCLocker Initiated GC) [PSYoungGen: 161907K->73868K(175104K)] 461916K->374308K(699392K), 0.0081637 secs] [Times: user=0.11 sys=0.01, real=0.01 secs] 
2016-09-25T22:41:17.749-0400: 53.310: [GC (GCLocker Initiated GC) [PSYoungGen: 161932K->53625K(175104K)] 469188K->364069K(699392K), 0.0067354 secs] [Times: user=0.08 sys=0.00, real=0.01 secs] 
2016-09-25T22:41:17.803-0400: 53.364: [GC (GCLocker Initiated GC) [PSYoungGen: 141689K->31612K(175104K)] 460404K->362853K(699392K), 0.0052330 secs] [Times: user=0.05 sys=0.00, real=0.00 secs] 
2016-09-25T22:41:17.847-0400: 53.408: [GC (GCLocker Initiated GC) [PSYoungGen: 119676K->40077K(175104K)] 455030K->405490K(699392K), 0.0096074 secs] [Times: user=0.09 sys=0.00, real=0.01 secs] 
2016-09-25T22:41:17.899-0400: 53.460: [GC (GCLocker Initiated GC) [PSYoungGen: 128141K->67028K(175104K)] 500393K->464024K(699392K), 0.0087160 secs] [Times: user=0.08 sys=0.00, real=0.01 secs] 
2016-09-25T22:41:17.951-0400: 53.512: [GC (GCLocker Initiated GC) [PSYoungGen: 155092K->53580K(175104K)] 554845K->478158K(699392K), 0.0088765 secs] [Times: user=0.10 sys=0.01, real=0.01 secs] 
2016-09-25T22:41:18.008-0400: 53.569: [GC (GCLocker Initiated GC) [PSYoungGen: 141644K->49647K(175104K)] 579928K->535659K(699392K), 0.0092820 secs] [Times: user=0.11 sys=0.01, real=0.01 secs] 
2016-09-25T22:41:18.017-0400: 53.578: [Full GC (Ergonomics) [PSYoungGen: 49647K->0K(175104K)] [ParOldGen: 486011K->226597K(524288K)] 535659K->226597K(699392K), [Metaspace: 43626K->43626K(1087488K)], 0.0648219 secs] [Times: user=0.31 sys=0.03, real=0.07 secs] 
2016-09-25T22:41:18.116-0400: 53.677: [GC (GCLocker Initiated GC) [PSYoungGen: 88064K->86205K(175104K)] 317375K->315516K(699392K), 0.0077418 secs] [Times: user=0.11 sys=0.00, real=0.01 secs] 
2016-09-25T22:41:18.171-0400: 53.732: [GC (GCLocker Initiated GC) [PSYoungGen: 174269K->75208K(175104K)] 411829K->318879K(699392K), 0.0119511 secs] [Times: user=0.13 sys=0.01, real=0.02 secs] 
2016-09-25T22:41:18.235-0400: 53.795: [GC (GCLocker Initiated GC) [PSYoungGen: 163272K->64385K(175104K)] 412408K->334309K(699392K), 0.0163808 secs] [Times: user=0.17 sys=0.00, real=0.01 secs] 
2016-09-25T22:41:18.292-0400: 53.853: [GC (GCLocker Initiated GC) [PSYoungGen: 152449K->65782K(175104K)] 425147K->351101K(699392K), 0.0071299 secs] [Times: user=0.09 sys=0.00, real=0.01 secs] 
2016-09-25T22:41:18.346-0400: 53.907: [GC (GCLocker Initiated GC) [PSYoungGen: 153846K->61763K(175104K)] 444778K->354523K(699392K), 0.0129704 secs] [Times: user=0.15 sys=0.00, real=0.01 secs] 
2016-09-25T22:41:18.401-0400: 53.962: [GC (GCLocker Initiated GC) [PSYoungGen: 149827K->57363K(175104K)] 444142K->358905K(699392K), 0.0063339 secs] [Times: user=0.06 sys=0.00, real=0.01 secs] 
2016-09-25T22:41:18.446-0400: 54.006: [GC (GCLocker Initiated GC) [PSYoungGen: 145427K->82046K(175104K)] 451239K->394927K(699392K), 0.0113175 secs] [Times: user=0.13 sys=0.00, real=0.01 secs] 
2016-09-25T22:41:18.501-0400: 54.062: [GC (GCLocker Initiated GC) [PSYoungGen: 170110K->54912K(175104K)] 484108K->396385K(699392K), 0.0082788 secs] [Times: user=0.07 sys=0.01, real=0.01 secs] 
2016-09-25T22:41:18.542-0400: 54.103: [GC (GCLocker Initiated GC) [PSYoungGen: 142976K->67104K(175104K)] 484532K->429282K(699392K), 0.0076890 secs] [Times: user=0.11 sys=0.01, real=0.00 secs] 
2016-09-25T22:41:18.587-0400: 54.148: [GC (GCLocker Initiated GC) [PSYoungGen: 155168K->84805K(175104K)] 521481K->459692K(699392K), 0.0072680 secs] [Times: user=0.10 sys=0.02, real=0.01 secs] 
2016-09-25T22:41:18.649-0400: 54.210: [GC (GCLocker Initiated GC) [PSYoungGen: 172869K->56141K(175104K)] 547817K->461389K(699392K), 0.0126049 secs] [Times: user=0.13 sys=0.01, real=0.01 secs] 
2016-09-25T22:41:18.717-0400: 54.278: [GC (GCLocker Initiated GC) [PSYoungGen: 144205K->61625K(175104K)] 549601K->476838K(699392K), 0.0080687 secs] [Times: user=0.10 sys=0.01, real=0.01 secs] 
2016-09-25T22:41:18.778-0400: 54.339: [GC (GCLocker Initiated GC) [PSYoungGen: 149689K->57680K(175104K)] 565060K->499112K(699392K), 0.0226907 secs] [Times: user=0.34 sys=0.02, real=0.02 secs] 
2016-09-25T22:41:18.881-0400: 54.442: [GC (GCLocker Initiated GC) [PSYoungGen: 145744K->52299K(175104K)] 596716K->513196K(699392K), 0.0074853 secs] [Times: user=0.10 sys=0.01, real=0.01 secs] 
2016-09-25T22:41:18.993-0400: 54.553: [GC (GCLocker Initiated GC) [PSYoungGen: 140363K->45480K(175104K)] 604781K->536187K(699392K), 0.0108559 secs] [Times: user=0.16 sys=0.01, real=0.02 secs] 
2016-09-25T22:41:19.004-0400: 54.564: [Full GC (Ergonomics) [PSYoungGen: 45480K->0K(175104K)] [ParOldGen: 490707K->217975K(524288K)] 536187K->217975K(699392K), [Metaspace: 43626K->43626K(1087488K)], 0.0447099 secs] [Times: user=0.46 sys=0.05, real=0.04 secs] 
2016-09-25T22:41:19.137-0400: 54.697: [GC (GCLocker Initiated GC) [PSYoungGen: 88064K->80800K(175104K)] 311616K->304353K(699392K), 0.0128331 secs] [Times: user=0.23 sys=0.00, real=0.01 secs] 
2016-09-25T22:41:19.204-0400: 54.765: [GC (GCLocker Initiated GC) [PSYoungGen: 168864K->61755K(175104K)] 397861K->318382K(699392K), 0.0189065 secs] [Times: user=0.29 sys=0.01, real=0.02 secs] 
2016-09-25T22:41:19.280-0400: 54.840: [GC (GCLocker Initiated GC) [PSYoungGen: 149819K->35798K(175104K)] 412025K->310694K(699392K), 0.0081997 secs] [Times: user=0.07 sys=0.01, real=0.01 secs] 
2016-09-25T22:41:19.349-0400: 54.909: [GC (GCLocker Initiated GC) [PSYoungGen: 123862K->65732K(175104K)] 401513K->350568K(699392K), 0.0090868 secs] [Times: user=0.12 sys=0.01, real=0.01 secs] 
2016-09-25T22:41:19.400-0400: 54.961: [GC (GCLocker Initiated GC) [PSYoungGen: 153796K->68368K(175104K)] 444106K->367341K(699392K), 0.0126523 secs] [Times: user=0.21 sys=0.00, real=0.01 secs] 
2016-09-25T22:41:19.545-0400: 55.106: [GC (GCLocker Initiated GC) [PSYoungGen: 156432K->75251K(175104K)] 463682K->387050K(699392K), 0.0084333 secs] [Times: user=0.10 sys=0.00, real=0.00 secs] 
2016-09-25T22:41:19.660-0400: 55.221: [GC (GCLocker Initiated GC) [PSYoungGen: 163315K->50821K(175104K)] 488762K->388915K(699392K), 0.0075078 secs] [Times: user=0.07 sys=0.00, real=0.01 secs] 
2016-09-25T22:41:19.798-0400: 55.358: [GC (GCLocker Initiated GC) [PSYoungGen: 138885K->58935K(175104K)] 479798K->409833K(699392K), 0.0161735 secs] [Times: user=0.22 sys=0.03, real=0.01 secs] 
2016-09-25T22:41:20.008-0400: 55.568: [GC (GCLocker Initiated GC) [PSYoungGen: 146999K->31655K(175104K)] 497943K->418029K(699392K), 0.0082515 secs] [Times: user=0.09 sys=0.00, real=0.01 secs] 
2016-09-25T22:41:20.131-0400: 55.692: [GC (GCLocker Initiated GC) [PSYoungGen: 119719K->61767K(175104K)] 508998K->455482K(699392K), 0.0084558 secs] [Times: user=0.11 sys=0.01, real=0.01 secs] 
2016-09-25T22:41:20.265-0400: 55.826: [GC (GCLocker Initiated GC) [PSYoungGen: 149831K->53619K(175104K)] 549051K->473693K(699392K), 0.0088416 secs] [Times: user=0.12 sys=0.01, real=0.01 secs] 
2016-09-25T22:41:20.325-0400: 55.886: [GC (GCLocker Initiated GC) [PSYoungGen: 141683K->54883K(173056K)] 561812K->493060K(697344K), 0.0100625 secs] [Times: user=0.12 sys=0.01, real=0.01 secs] 
2016-09-25T22:41:20.453-0400: 56.014: [GC (GCLocker Initiated GC) [PSYoungGen: 142947K->55002K(174080K)] 590663K->517971K(698368K), 0.0105737 secs] [Times: user=0.14 sys=0.02, real=0.02 secs] 
2016-09-25T22:41:20.525-0400: 56.085: [GC (GCLocker Initiated GC) [PSYoungGen: 143066K->45773K(175104K)] 625051K->533679K(699392K), 0.0110307 secs] [Times: user=0.06 sys=0.02, real=0.01 secs] 
2016-09-25T22:41:20.599-0400: 56.160: [Full GC (Ergonomics) [PSYoungGen: 137421K->0K(175104K)] [ParOldGen: 491107K->223973K(524288K)] 628528K->223973K(699392K), [Metaspace: 43628K->43628K(1087488K)], 0.1209593 secs] [Times: user=0.97 sys=0.29, real=0.12 secs] 
2016-09-25T22:41:20.814-0400: 56.374: [GC (GCLocker Initiated GC) [PSYoungGen: 91648K->43180K(174592K)] 333644K->285177K(698880K), 0.0081440 secs] [Times: user=0.09 sys=0.01, real=0.01 secs] 
2016-09-25T22:41:20.928-0400: 56.489: [GC (GCLocker Initiated GC) [PSYoungGen: 134828K->56175K(176128K)] 385035K->315292K(700416K), 0.0330175 secs] [Times: user=0.47 sys=0.10, real=0.03 secs] 
2016-09-25T22:41:21.034-0400: 56.595: [GC (GCLocker Initiated GC) [PSYoungGen: 152943K->46706K(177152K)] 429852K->330821K(701440K), 0.0102639 secs] [Times: user=0.10 sys=0.05, real=0.01 secs] 
2016-09-25T22:41:21.115-0400: 56.676: [GC (GCLocker Initiated GC) [PSYoungGen: 143474K->33127K(180736K)] 439912K->343439K(705024K), 0.0185417 secs] [Times: user=0.28 sys=0.06, real=0.01 secs] 
2016-09-25T22:41:21.201-0400: 56.762: [GC (GCLocker Initiated GC) [PSYoungGen: 134503K->45258K(146944K)] 454506K->372407K(671232K), 0.0327224 secs] [Times: user=0.48 sys=0.13, real=0.03 secs] 
2016-09-25T22:41:21.297-0400: 56.858: [GC (GCLocker Initiated GC) [PSYoungGen: 146634K->58821K(181248K)] 473850K->401378K(705536K), 0.0351610 secs] [Times: user=0.49 sys=0.14, real=0.03 secs] 
2016-09-25T22:41:21.402-0400: 56.962: [GC (GCLocker Initiated GC) [PSYoungGen: 161221K->43992K(181248K)] 512095K->414232K(705536K), 0.0110210 secs] [Times: user=0.16 sys=0.02, real=0.01 secs] 
2016-09-25T22:41:21.465-0400: 57.026: [GC (GCLocker Initiated GC) [PSYoungGen: 146392K->72512K(173568K)] 516696K->458146K(697856K), 0.0153653 secs] [Times: user=0.27 sys=0.02, real=0.01 secs] 
2016-09-25T22:41:21.528-0400: 57.088: [GC (GCLocker Initiated GC) [PSYoungGen: 168768K->62908K(159232K)] 557308K->466688K(683520K), 0.0130596 secs] [Times: user=0.18 sys=0.02, real=0.01 secs] 
2016-09-25T22:41:21.591-0400: 57.152: [GC (GCLocker Initiated GC) [PSYoungGen: 159164K->63145K(178688K)] 568462K->491839K(702976K), 0.0252386 secs] [Times: user=0.32 sys=0.00, real=0.03 secs] 
2016-09-25T22:41:21.665-0400: 57.226: [GC (GCLocker Initiated GC) [PSYoungGen: 158377K->53636K(148992K)] 592537K->501821K(673280K), 0.0113837 secs] [Times: user=0.15 sys=0.00, real=0.01 secs] 
2016-09-25T22:41:21.718-0400: 57.279: [GC (GCLocker Initiated GC) [PSYoungGen: 148868K->42610K(177152K)] 601159K->503467K(701440K), 0.0070072 secs] [Times: user=0.08 sys=0.00, real=0.01 secs] 
2016-09-25T22:41:21.765-0400: 57.326: [GC (GCLocker Initiated GC) [PSYoungGen: 138354K->42771K(176640K)] 608707K->533902K(700928K), 0.0070843 secs] [Times: user=0.07 sys=0.00, real=0.00 secs] 
2016-09-25T22:41:21.813-0400: 57.373: [Full GC (Ergonomics) [PSYoungGen: 138515K->0K(176640K)] [ParOldGen: 499291K->238375K(524288K)] 637806K->238375K(700928K), [Metaspace: 43641K->43641K(1087488K)], 0.0605653 secs] [Times: user=0.47 sys=0.04, real=0.06 secs] 
2016-09-25T22:41:21.915-0400: 57.476: [GC (GCLocker Initiated GC) [PSYoungGen: 95744K->79789K(167936K)] 340335K->332480K(692224K), 0.0089339 secs] [Times: user=0.14 sys=0.01, real=0.01 secs] 
2016-09-25T22:41:21.968-0400: 57.529: [GC (GCLocker Initiated GC) [PSYoungGen: 167853K->58846K(175104K)] 426100K->355950K(699392K), 0.0076688 secs] [Times: user=0.11 sys=0.00, real=0.01 secs] 
2016-09-25T22:41:22.014-0400: 57.575: [GC (GCLocker Initiated GC) [PSYoungGen: 146910K->67326K(174592K)] 446785K->395903K(698880K), 0.0083206 secs] [Times: user=0.12 sys=0.00, real=0.01 secs] 
2016-09-25T22:41:22.060-0400: 57.621: [GC (GCLocker Initiated GC) [PSYoungGen: 156414K->60421K(150016K)] 487701K->399094K(674304K), 0.0060320 secs] [Times: user=0.06 sys=0.01, real=0.01 secs] 
2016-09-25T22:41:22.112-0400: 57.673: [GC (GCLocker Initiated GC) [PSYoungGen: 149509K->60419K(176640K)] 490909K->415881K(700928K), 0.0095733 secs] [Times: user=0.08 sys=0.00, real=0.01 secs] 
2016-09-25T22:41:22.157-0400: 57.718: [GC (GCLocker Initiated GC) [PSYoungGen: 152067K->79576K(175104K)] 507622K->449266K(699392K), 0.0093328 secs] [Times: user=0.10 sys=0.00, real=0.01 secs] 
2016-09-25T22:41:22.220-0400: 57.781: [GC (GCLocker Initiated GC) [PSYoungGen: 171224K->57590K(175616K)] 541264K->455387K(699904K), 0.0073595 secs] [Times: user=0.09 sys=0.01, real=0.01 secs] 
2016-09-25T22:41:22.274-0400: 57.835: [GC (GCLocker Initiated GC) [PSYoungGen: 146166K->79536K(175104K)] 549189K->518097K(699392K), 0.0140543 secs] [Times: user=0.20 sys=0.01, real=0.02 secs] 
2016-09-25T22:41:22.338-0400: 57.898: [GC (GCLocker Initiated GC) [PSYoungGen: 168112K->55358K(175104K)] 613736K->513864K(699392K), 0.0141811 secs] [Times: user=0.17 sys=0.00, real=0.01 secs] 
2016-09-25T22:41:22.406-0400: 57.967: [GC (GCLocker Initiated GC) [PSYoungGen: 143422K->59140K(175104K)] 604918K->551075K(699392K), 0.0116853 secs] [Times: user=0.17 sys=0.00, real=0.01 secs] 
2016-09-25T22:41:22.418-0400: 57.978: [Full GC (Ergonomics) [PSYoungGen: 59140K->0K(175104K)] [ParOldGen: 491935K->242061K(524288K)] 551075K->242061K(699392K), [Metaspace: 43641K->43641K(1087488K)], 0.0530041 secs] [Times: user=0.45 sys=0.01, real=0.05 secs] 
2016-09-25T22:41:22.522-0400: 58.083: [GC (GCLocker Initiated GC) [PSYoungGen: 88064K->51591K(173056K)] 339605K->303133K(697344K), 0.0082241 secs] [Times: user=0.08 sys=0.00, real=0.01 secs] 
2016-09-25T22:41:22.583-0400: 58.143: [GC (GCLocker Initiated GC) [PSYoungGen: 139655K->38837K(174080K)] 395281K->303620K(698368K), 0.0089637 secs] [Times: user=0.06 sys=0.00, real=0.00 secs] 
2016-09-25T22:41:22.629-0400: 58.190: [GC (GCLocker Initiated GC) [PSYoungGen: 126901K->82257K(175104K)] 397268K->357424K(699392K), 0.0106085 secs] [Times: user=0.11 sys=0.01, real=0.01 secs] 
2016-09-25T22:41:22.691-0400: 58.252: [GC (GCLocker Initiated GC) [PSYoungGen: 170321K->79624K(175104K)] 452355K->385441K(699392K), 0.0100596 secs] [Times: user=0.15 sys=0.00, real=0.01 secs] 
2016-09-25T22:41:22.753-0400: 58.314: [GC (GCLocker Initiated GC) [PSYoungGen: 167688K->57963K(175104K)] 480321K->399758K(699392K), 0.0098090 secs] [Times: user=0.09 sys=0.01, real=0.02 secs] 
2016-09-25T22:41:22.816-0400: 58.376: [GC (GCLocker Initiated GC) [PSYoungGen: 146027K->51148K(175104K)] 490671K->430368K(699392K), 0.0068233 secs] [Times: user=0.09 sys=0.00, real=0.01 secs] 
2016-09-25T22:41:22.863-0400: 58.424: [GC (GCLocker Initiated GC) [PSYoungGen: 139212K->73036K(175104K)] 518491K->469193K(699392K), 0.0078936 secs] [Times: user=0.11 sys=0.00, real=0.00 secs] 
2016-09-25T22:41:22.917-0400: 58.478: [GC (GCLocker Initiated GC) [PSYoungGen: 161100K->67545K(175104K)] 562678K->483661K(699392K), 0.0092996 secs] [Times: user=0.11 sys=0.00, real=0.01 secs] 
2016-09-25T22:41:22.976-0400: 58.536: [GC (GCLocker Initiated GC) [PSYoungGen: 155609K->71589K(175104K)] 572111K->501148K(699392K), 0.0076169 secs] [Times: user=0.10 sys=0.01, real=0.01 secs] 
2016-09-25T22:41:23.026-0400: 58.587: [GC (GCLocker Initiated GC) [PSYoungGen: 159653K->82526K(175104K)] 601651K->547041K(699392K), 0.0102926 secs] [Times: user=0.12 sys=0.00, real=0.01 secs] 
2016-09-25T22:41:23.097-0400: 58.658: [GC (GCLocker Initiated GC) [PSYoungGen: 170590K->71339K(175104K)] 635126K->553064K(699392K), 0.0096331 secs] [Times: user=0.12 sys=0.00, real=0.01 secs] 
2016-09-25T22:41:23.156-0400: 58.716: [GC (GCLocker Initiated GC) [PSYoungGen: 159403K->52921K(175104K)] 644012K->574572K(699392K), 0.0092942 secs] [Times: user=0.10 sys=0.01, real=0.01 secs] 
2016-09-25T22:41:23.165-0400: 58.726: [Full GC (Ergonomics) [PSYoungGen: 52921K->0K(175104K)] [ParOldGen: 521650K->248975K(524288K)] 574572K->248975K(699392K), [Metaspace: 43641K->43641K(1087488K)], 0.0655366 secs] [Times: user=0.44 sys=0.01, real=0.06 secs] 
2016-09-25T22:41:23.278-0400: 58.838: [GC (GCLocker Initiated GC) [PSYoungGen: 88064K->73462K(175104K)] 337267K->322665K(699392K), 0.0134156 secs] [Times: user=0.15 sys=0.00, real=0.01 secs] 
2016-09-25T22:41:23.346-0400: 58.907: [GC (GCLocker Initiated GC) [PSYoungGen: 161526K->36211K(175104K)] 419000K->323579K(699392K), 0.0106216 secs] [Times: user=0.11 sys=0.00, real=0.01 secs] 
2016-09-25T22:41:23.401-0400: 58.962: [GC (GCLocker Initiated GC) [PSYoungGen: 124275K->53954K(175104K)] 411788K->378597K(699392K), 0.0098128 secs] [Times: user=0.15 sys=0.01, real=0.01 secs] 
2016-09-25T22:41:23.459-0400: 59.020: [GC (GCLocker Initiated GC) [PSYoungGen: 142018K->75594K(175104K)] 474913K->424159K(699392K), 0.0096475 secs] [Times: user=0.10 sys=0.01, real=0.01 secs] 
2016-09-25T22:41:23.526-0400: 59.087: [GC (GCLocker Initiated GC) [PSYoungGen: 163658K->59454K(175104K)] 523171K->437389K(699392K), 0.0096364 secs] [Times: user=0.09 sys=0.00, real=0.01 secs] 
2016-09-25T22:41:23.594-0400: 59.154: [GC (GCLocker Initiated GC) [PSYoungGen: 147518K->68803K(175104K)] 531500K->463144K(699392K), 0.0106506 secs] [Times: user=0.11 sys=0.00, real=0.02 secs] 
2016-09-25T22:41:23.642-0400: 59.203: [GC (GCLocker Initiated GC) [PSYoungGen: 156867K->64683K(175104K)] 551330K->495195K(699392K), 0.0098631 secs] [Times: user=0.15 sys=0.00, real=0.00 secs] 
2016-09-25T22:41:23.702-0400: 59.263: [GC (GCLocker Initiated GC) [PSYoungGen: 152747K->58039K(175104K)] 588921K->513818K(699392K), 0.0063960 secs] [Times: user=0.08 sys=0.00, real=0.00 secs] 
2016-09-25T22:41:23.749-0400: 59.310: [GC (GCLocker Initiated GC) [PSYoungGen: 146103K->69924K(175104K)] 601909K->536047K(699392K), 0.0073342 secs] [Times: user=0.12 sys=0.00, real=0.01 secs] 
2016-09-25T22:41:23.801-0400: 59.362: [GC (GCLocker Initiated GC) [PSYoungGen: 157988K->77002K(175104K)] 624186K->568086K(699392K), 0.0104755 secs] [Times: user=0.11 sys=0.01, real=0.01 secs] 
2016-09-25T22:41:23.812-0400: 59.372: [Full GC (Ergonomics) [PSYoungGen: 77002K->0K(175104K)] [ParOldGen: 491083K->260697K(524288K)] 568086K->260697K(699392K), [Metaspace: 43641K->43641K(1087488K)], 0.0602229 secs] [Times: user=0.48 sys=0.01, real=0.06 secs] 
2016-09-25T22:41:23.931-0400: 59.492: [GC (GCLocker Initiated GC) [PSYoungGen: 88064K->72476K(175104K)] 361950K->346362K(699392K), 0.0071822 secs] [Times: user=0.10 sys=0.00, real=0.01 secs] 
2016-09-25T22:41:23.992-0400: 59.553: [GC (GCLocker Initiated GC) [PSYoungGen: 160540K->75292K(175104K)] 438533K->370011K(699392K), 0.0085048 secs] [Times: user=0.13 sys=0.00, real=0.01 secs] 
2016-09-25T22:41:24.050-0400: 59.611: [GC (GCLocker Initiated GC) [PSYoungGen: 163356K->67360K(175104K)] 460885K->387076K(699392K), 0.0242711 secs] [Times: user=0.33 sys=0.02, real=0.03 secs] 
2016-09-25T22:41:24.126-0400: 59.686: [GC (GCLocker Initiated GC) [PSYoungGen: 155424K->53847K(175104K)] 475270K->413609K(699392K), 0.0098751 secs] [Times: user=0.11 sys=0.00, real=0.01 secs] 
2016-09-25T22:41:24.177-0400: 59.738: [GC (GCLocker Initiated GC) [PSYoungGen: 141911K->69125K(175104K)] 511347K->450110K(699392K), 0.0081411 secs] [Times: user=0.11 sys=0.00, real=0.01 secs] 
2016-09-25T22:41:24.238-0400: 59.798: [GC (GCLocker Initiated GC) [PSYoungGen: 157189K->81220K(175104K)] 541664K->468082K(699392K), 0.0070619 secs] [Times: user=0.10 sys=0.00, real=0.01 secs] 
2016-09-25T22:41:24.299-0400: 59.859: [GC (GCLocker Initiated GC) [PSYoungGen: 169284K->80613K(175104K)] 558916K->487427K(699392K), 0.0086390 secs] [Times: user=0.13 sys=0.00, real=0.01 secs] 
2016-09-25T22:41:24.352-0400: 59.912: [GC (GCLocker Initiated GC) [PSYoungGen: 168677K->70219K(175104K)] 578341K->499218K(699392K), 0.0092776 secs] [Times: user=0.14 sys=0.00, real=0.01 secs] 
2016-09-25T22:41:24.416-0400: 59.976: [GC (GCLocker Initiated GC) [PSYoungGen: 158283K->75523K(175104K)] 592801K->528512K(699392K), 0.0081987 secs] [Times: user=0.12 sys=0.00, real=0.01 secs] 
2016-09-25T22:41:24.480-0400: 60.040: [GC (GCLocker Initiated GC) [PSYoungGen: 163587K->47326K(175104K)] 628968K->535084K(699392K), 0.0084857 secs] [Times: user=0.11 sys=0.00, real=0.01 secs] 
2016-09-25T22:41:24.488-0400: 60.049: [Full GC (Ergonomics) [PSYoungGen: 47326K->0K(175104K)] [ParOldGen: 487757K->261618K(524288K)] 535084K->261618K(699392K), [Metaspace: 43665K->43665K(1087488K)], 0.0538395 secs] [Times: user=0.43 sys=0.00, real=0.06 secs] 
2016-09-25T22:41:24.601-0400: 60.162: [GC (GCLocker Initiated GC) [PSYoungGen: 88064K->69535K(175104K)] 356314K->337785K(699392K), 0.0065825 secs] [Times: user=0.10 sys=0.01, real=0.01 secs] 
2016-09-25T22:41:24.644-0400: 60.205: [GC (GCLocker Initiated GC) [PSYoungGen: 157599K->73903K(175104K)] 431319K->364044K(699392K), 0.0078079 secs] [Times: user=0.10 sys=0.00, real=0.00 secs] 
2016-09-25T22:41:24.701-0400: 60.261: [GC (GCLocker Initiated GC) [PSYoungGen: 161967K->81041K(175104K)] 458958K->381271K(699392K), 0.0098843 secs] [Times: user=0.13 sys=0.00, real=0.01 secs] 
2016-09-25T22:41:24.771-0400: 60.332: [GC (GCLocker Initiated GC) [PSYoungGen: 169105K->75586K(175104K)] 483020K->390356K(699392K), 0.0066019 secs] [Times: user=0.09 sys=0.00, real=0.01 secs] 
2016-09-25T22:41:24.843-0400: 60.404: [GC (GCLocker Initiated GC) [PSYoungGen: 163650K->56437K(175104K)] 493420K->404472K(699392K), 0.0069293 secs] [Times: user=0.09 sys=0.00, real=0.00 secs] 
2016-09-25T22:41:24.915-0400: 60.476: [GC (GCLocker Initiated GC) [PSYoungGen: 144501K->60542K(175104K)] 504209K->430315K(699392K), 0.0063100 secs] [Times: user=0.08 sys=0.00, real=0.00 secs] 
2016-09-25T22:41:24.963-0400: 60.524: [GC (GCLocker Initiated GC) [PSYoungGen: 148606K->64466K(175104K)] 518594K->451352K(699392K), 0.0125459 secs] [Times: user=0.15 sys=0.00, real=0.01 secs] 
2016-09-25T22:41:25.024-0400: 60.584: [GC (GCLocker Initiated GC) [PSYoungGen: 152530K->83558K(175104K)] 541291K->481003K(699392K), 0.0101363 secs] [Times: user=0.13 sys=0.00, real=0.00 secs] 
2016-09-25T22:41:25.088-0400: 60.649: [GC (GCLocker Initiated GC) [PSYoungGen: 171622K->60535K(175104K)] 578697K->484553K(699392K), 0.0076774 secs] [Times: user=0.10 sys=0.00, real=0.01 secs] 
2016-09-25T22:41:25.146-0400: 60.706: [GC (GCLocker Initiated GC) [PSYoungGen: 148599K->60615K(175104K)] 582309K->505796K(699392K), 0.0063629 secs] [Times: user=0.09 sys=0.00, real=0.00 secs] 
2016-09-25T22:41:25.188-0400: 60.748: [GC (GCLocker Initiated GC) [PSYoungGen: 148679K->86257K(175104K)] 594056K->539111K(699392K), 0.0113429 secs] [Times: user=0.12 sys=0.02, real=0.01 secs] 
2016-09-25T22:41:25.253-0400: 60.814: [GC (GCLocker Initiated GC) [PSYoungGen: 174321K->83455K(175104K)] 629930K->547788K(699392K), 0.0080586 secs] [Times: user=0.11 sys=0.00, real=0.01 secs] 
2016-09-25T22:41:25.315-0400: 60.876: [GC (GCLocker Initiated GC) [PSYoungGen: 171519K->64529K(175104K)] 641495K->555383K(699392K), 0.0088300 secs] [Times: user=0.11 sys=0.01, real=0.01 secs] 
2016-09-25T22:41:25.363-0400: 60.924: [Full GC (Ergonomics) [PSYoungGen: 152593K->0K(175104K)] [ParOldGen: 497917K->252180K(524288K)] 650510K->252180K(699392K), [Metaspace: 43667K->43667K(1087488K)], 0.1840161 secs] [Times: user=2.44 sys=0.03, real=0.18 secs] 
2016-09-25T22:41:25.593-0400: 61.154: [GC (GCLocker Initiated GC) [PSYoungGen: 88064K->85127K(175104K)] 345725K->345489K(699392K), 0.0083148 secs] [Times: user=0.08 sys=0.00, real=0.01 secs] 
2016-09-25T22:41:25.645-0400: 61.206: [GC (GCLocker Initiated GC) [PSYoungGen: 173191K->46849K(175104K)] 448128K->333541K(699392K), 0.0056228 secs] [Times: user=0.06 sys=0.00, real=0.00 secs] 
2016-09-25T22:41:25.706-0400: 61.267: [GC (GCLocker Initiated GC) [PSYoungGen: 134913K->64340K(175104K)] 427140K->359776K(699392K), 0.0110783 secs] [Times: user=0.08 sys=0.01, real=0.01 secs] 
2016-09-25T22:41:25.787-0400: 61.348: [GC (GCLocker Initiated GC) [PSYoungGen: 152404K->56554K(175104K)] 460118K->401152K(699392K), 0.0073252 secs] [Times: user=0.08 sys=0.00, real=0.01 secs] 
2016-09-25T22:41:25.842-0400: 61.402: [GC (GCLocker Initiated GC) [PSYoungGen: 144618K->49550K(175104K)] 494820K->400355K(699392K), 0.0102436 secs] [Times: user=0.09 sys=0.00, real=0.01 secs] 
2016-09-25T22:41:25.917-0400: 61.477: [GC (GCLocker Initiated GC) [PSYoungGen: 137612K->27850K(175104K)] 502159K->398411K(699392K), 0.0103281 secs] [Times: user=0.09 sys=0.00, real=0.01 secs] 
2016-09-25T22:41:25.976-0400: 61.537: [GC (GCLocker Initiated GC) [PSYoungGen: 115914K->81989K(175104K)] 486578K->459957K(699392K), 0.0104767 secs] [Times: user=0.15 sys=0.01, real=0.01 secs] 
2016-09-25T22:41:26.042-0400: 61.602: [GC (GCLocker Initiated GC) [PSYoungGen: 170053K->75359K(175104K)] 557557K->483626K(699392K), 0.0100118 secs] [Times: user=0.13 sys=0.00, real=0.01 secs] 
2016-09-25T22:41:26.097-0400: 61.658: [GC (GCLocker Initiated GC) [PSYoungGen: 163423K->40205K(175104K)] 571795K->484286K(699392K), 0.0107868 secs] [Times: user=0.10 sys=0.01, real=0.01 secs] 
2016-09-25T22:41:26.165-0400: 61.726: [GC (GCLocker Initiated GC) [PSYoungGen: 128269K->60420K(175104K)] 577899K->520032K(699392K), 0.0125155 secs] [Times: user=0.09 sys=0.00, real=0.01 secs] 
2016-09-25T22:41:26.240-0400: 61.801: [GC (GCLocker Initiated GC) [PSYoungGen: 148484K->42840K(175104K)] 617632K->519437K(699392K), 0.0062946 secs] [Times: user=0.06 sys=0.00, real=0.01 secs] 
2016-09-25T22:41:26.285-0400: 61.846: [GC (GCLocker Initiated GC) [PSYoungGen: 130904K->33038K(175104K)] 607558K->525172K(699392K), 0.0060745 secs] [Times: user=0.03 sys=0.00, real=0.00 secs] 
2016-09-25T22:41:26.292-0400: 61.852: [Full GC (Ergonomics) [PSYoungGen: 33038K->0K(175104K)] [ParOldGen: 492133K->254546K(524288K)] 525172K->254546K(699392K), [Metaspace: 43667K->43667K(1087488K)], 0.0767013 secs] [Times: user=0.51 sys=0.01, real=0.08 secs] 
2016-09-25T22:41:26.432-0400: 61.992: [GC (GCLocker Initiated GC) [PSYoungGen: 88064K->77489K(175104K)] 348128K->337553K(699392K), 0.0070947 secs] [Times: user=0.10 sys=0.00, real=0.01 secs] 
2016-09-25T22:41:26.482-0400: 62.043: [GC (GCLocker Initiated GC) [PSYoungGen: 165553K->84857K(175104K)] 428373K->355804K(699392K), 0.0090021 secs] [Times: user=0.10 sys=0.00, real=0.01 secs] 
2016-09-25T22:41:26.551-0400: 62.112: [GC (GCLocker Initiated GC) [PSYoungGen: 172921K->42787K(175104K)] 452069K->341440K(699392K), 0.0115979 secs] [Times: user=0.12 sys=0.00, real=0.02 secs] 
2016-09-25T22:41:26.611-0400: 62.172: [GC (GCLocker Initiated GC) [PSYoungGen: 130851K->67176K(175104K)] 429622K->377213K(699392K), 0.0438019 secs] [Times: user=0.45 sys=0.01, real=0.05 secs] 
2016-09-25T22:41:26.691-0400: 62.252: [GC (GCLocker Initiated GC) [PSYoungGen: 155240K->67615K(175104K)] 479544K->404743K(699392K), 0.0079426 secs] [Times: user=0.09 sys=0.00, real=0.01 secs] 
2016-09-25T22:41:26.747-0400: 62.307: [GC (GCLocker Initiated GC) [PSYoungGen: 155679K->63103K(175104K)] 495558K->416005K(699392K), 0.0072119 secs] [Times: user=0.06 sys=0.00, real=0.00 secs] 
2016-09-25T22:41:26.815-0400: 62.376: [GC (GCLocker Initiated GC) [PSYoungGen: 151167K->71379K(175104K)] 506989K->446532K(699392K), 0.0138067 secs] [Times: user=0.16 sys=0.00, real=0.01 secs] 
2016-09-25T22:41:26.889-0400: 62.450: [GC (GCLocker Initiated GC) [PSYoungGen: 159443K->48432K(175104K)] 534718K->443294K(699392K), 0.0084813 secs] [Times: user=0.08 sys=0.00, real=0.01 secs] 
2016-09-25T22:41:26.939-0400: 62.500: [GC (GCLocker Initiated GC) [PSYoungGen: 136496K->49701K(175104K)] 534100K->475004K(699392K), 0.0073093 secs] [Times: user=0.07 sys=0.00, real=0.01 secs] 
2016-09-25T22:41:26.985-0400: 62.545: [GC (GCLocker Initiated GC) [PSYoungGen: 137765K->66143K(175104K)] 566056K->516655K(699392K), 0.0097274 secs] [Times: user=0.12 sys=0.00, real=0.01 secs] 
2016-09-25T22:41:27.048-0400: 62.608: [GC (GCLocker Initiated GC) [PSYoungGen: 154207K->64455K(175104K)] 607469K->529288K(699392K), 0.0062419 secs] [Times: user=0.08 sys=0.00, real=0.00 secs] 
2016-09-25T22:41:27.094-0400: 62.655: [GC (GCLocker Initiated GC) [PSYoungGen: 152519K->76844K(175104K)] 617426K->569300K(699392K), 0.0087055 secs] [Times: user=0.12 sys=0.01, real=0.02 secs] 
2016-09-25T22:41:27.103-0400: 62.664: [Full GC (Ergonomics) [PSYoungGen: 76844K->0K(175104K)] [ParOldGen: 492456K->265253K(524288K)] 569300K->265253K(699392K), [Metaspace: 43672K->43672K(1087488K)], 0.0652140 secs] [Times: user=0.54 sys=0.01, real=0.06 secs] 
2016-09-25T22:41:27.219-0400: 62.779: [GC (GCLocker Initiated GC) [PSYoungGen: 88064K->66656K(175104K)] 359226K->337818K(699392K), 0.0061943 secs] [Times: user=0.07 sys=0.00, real=0.01 secs] 
2016-09-25T22:41:27.274-0400: 62.834: [GC (GCLocker Initiated GC) [PSYoungGen: 154720K->78098K(175104K)] 432734K->371004K(699392K), 0.0081945 secs] [Times: user=0.12 sys=0.00, real=0.01 secs] 
2016-09-25T22:41:27.340-0400: 62.901: [GC (GCLocker Initiated GC) [PSYoungGen: 166162K->78153K(175104K)] 464558K->392091K(699392K), 0.0075554 secs] [Times: user=0.10 sys=0.00, real=0.01 secs] 
2016-09-25T22:41:27.392-0400: 62.952: [GC (GCLocker Initiated GC) [PSYoungGen: 166217K->71445K(175104K)] 480328K->413311K(699392K), 0.0083725 secs] [Times: user=0.12 sys=0.00, real=0.01 secs] 
2016-09-25T22:41:27.448-0400: 63.009: [GC (GCLocker Initiated GC) [PSYoungGen: 159509K->41590K(175104K)] 506827K->431455K(699392K), 0.0105930 secs] [Times: user=0.11 sys=0.00, real=0.01 secs] 
2016-09-25T22:41:27.495-0400: 63.055: [GC (GCLocker Initiated GC) [PSYoungGen: 129654K->71515K(175104K)] 522436K->486560K(699392K), 0.0080581 secs] [Times: user=0.11 sys=0.00, real=0.01 secs] 
2016-09-25T22:41:27.555-0400: 63.115: [GC (GCLocker Initiated GC) [PSYoungGen: 159579K->68812K(175104K)] 581545K->514611K(699392K), 0.0098830 secs] [Times: user=0.16 sys=0.00, real=0.01 secs] 
2016-09-25T22:41:27.609-0400: 63.169: [GC (GCLocker Initiated GC) [PSYoungGen: 156876K->68682K(175104K)] 605518K->539709K(699392K), 0.0101352 secs] [Times: user=0.12 sys=0.00, real=0.01 secs] 
2016-09-25T22:41:27.666-0400: 63.226: [GC (GCLocker Initiated GC) [PSYoungGen: 156746K->68718K(175104K)] 628223K->553080K(699392K), 0.0091349 secs] [Times: user=0.12 sys=0.00, real=0.01 secs] 
2016-09-25T22:41:27.725-0400: 63.286: [Full GC (Ergonomics) [PSYoungGen: 156782K->0K(175104K)] [ParOldGen: 487317K->273043K(524288K)] 644100K->273043K(699392K), [Metaspace: 43672K->43672K(1087488K)], 0.0618326 secs] [Times: user=0.61 sys=0.00, real=0.06 secs] 
2016-09-25T22:41:27.845-0400: 63.405: [GC (GCLocker Initiated GC) [PSYoungGen: 88064K->68971K(175104K)] 366667K->347574K(699392K), 0.0118240 secs] [Times: user=0.14 sys=0.02, real=0.01 secs] 
2016-09-25T22:41:27.902-0400: 63.462: [GC (GCLocker Initiated GC) [PSYoungGen: 157035K->70133K(175104K)] 435747K->364646K(699392K), 0.0076319 secs] [Times: user=0.07 sys=0.00, real=0.01 secs] 
2016-09-25T22:41:27.964-0400: 63.525: [GC (GCLocker Initiated GC) [PSYoungGen: 158197K->59416K(175104K)] 456205K->385331K(699392K), 0.0105352 secs] [Times: user=0.15 sys=0.00, real=0.01 secs] 
2016-09-25T22:41:28.016-0400: 63.577: [GC (GCLocker Initiated GC) [PSYoungGen: 147480K->53571K(175104K)] 473633K->418320K(699392K), 0.0075020 secs] [Times: user=0.11 sys=0.00, real=0.01 secs] 
2016-09-25T22:41:28.074-0400: 63.634: [GC (GCLocker Initiated GC) [PSYoungGen: 141635K->66226K(175104K)] 509137K->457115K(699392K), 0.0079530 secs] [Times: user=0.12 sys=0.00, real=0.01 secs] 
2016-09-25T22:41:28.129-0400: 63.690: [GC (GCLocker Initiated GC) [PSYoungGen: 154290K->72912K(175104K)] 546593K->485034K(699392K), 0.0109798 secs] [Times: user=0.12 sys=0.00, real=0.01 secs] 
2016-09-25T22:41:28.190-0400: 63.751: [GC (GCLocker Initiated GC) [PSYoungGen: 160976K->83745K(175104K)] 576047K->511879K(699392K), 0.0083771 secs] [Times: user=0.12 sys=0.00, real=0.01 secs] 
2016-09-25T22:41:28.256-0400: 63.817: [GC (GCLocker Initiated GC) [PSYoungGen: 171809K->60424K(175104K)] 604187K->516652K(699392K), 0.0074646 secs] [Times: user=0.11 sys=0.00, real=0.01 secs] 
2016-09-25T22:41:28.313-0400: 63.874: [GC (GCLocker Initiated GC) [PSYoungGen: 148488K->72862K(175104K)] 611853K->538169K(699392K), 0.0073113 secs] [Times: user=0.11 sys=0.00, real=0.01 secs] 
2016-09-25T22:41:28.363-0400: 63.924: [GC (GCLocker Initiated GC) [PSYoungGen: 160926K->74103K(175104K)] 631701K->567327K(699392K), 0.0110747 secs] [Times: user=0.12 sys=0.01, real=0.00 secs] 
2016-09-25T22:41:28.374-0400: 63.935: [Full GC (Ergonomics) [PSYoungGen: 74103K->0K(175104K)] [ParOldGen: 493223K->278304K(524288K)] 567327K->278304K(699392K), [Metaspace: 43672K->43672K(1087488K)], 0.0664916 secs] [Times: user=0.53 sys=0.00, real=0.07 secs] 
2016-09-25T22:41:28.490-0400: 64.051: [GC (GCLocker Initiated GC) [PSYoungGen: 88064K->81347K(175104K)] 366577K->359860K(699392K), 0.0102007 secs] [Times: user=0.14 sys=0.00, real=0.01 secs] 
2016-09-25T22:41:28.557-0400: 64.118: [GC (GCLocker Initiated GC) [PSYoungGen: 169411K->50878K(175104K)] 450693K->356394K(699392K), 0.0093049 secs] [Times: user=0.10 sys=0.00, real=0.01 secs] 
2016-09-25T22:41:28.614-0400: 64.175: [GC (GCLocker Initiated GC) [PSYoungGen: 138942K->60712K(175104K)] 444678K->408894K(699392K), 0.0118895 secs] [Times: user=0.16 sys=0.00, real=0.02 secs] 
2016-09-25T22:41:28.659-0400: 64.220: [GC (GCLocker Initiated GC) [PSYoungGen: 148776K->74348K(175104K)] 500276K->436165K(699392K), 0.0076886 secs] [Times: user=0.08 sys=0.01, real=0.01 secs] 
2016-09-25T22:41:28.728-0400: 64.288: [GC (GCLocker Initiated GC) [PSYoungGen: 162412K->59485K(175104K)] 540553K->449430K(699392K), 0.0087275 secs] [Times: user=0.10 sys=0.00, real=0.01 secs] 
2016-09-25T22:41:28.791-0400: 64.351: [GC (GCLocker Initiated GC) [PSYoungGen: 147549K->53771K(175104K)] 544365K->456811K(699392K), 0.0228263 secs] [Times: user=0.29 sys=0.00, real=0.02 secs] 
2016-09-25T22:41:28.858-0400: 64.418: [GC (GCLocker Initiated GC) [PSYoungGen: 141835K->86203K(175104K)] 544964K->502192K(699392K), 0.0117614 secs] [Times: user=0.16 sys=0.01, real=0.01 secs] 
2016-09-25T22:41:28.923-0400: 64.484: [GC (GCLocker Initiated GC) [PSYoungGen: 174267K->68896K(175104K)] 593208K->512843K(699392K), 0.0087063 secs] [Times: user=0.10 sys=0.00, real=0.00 secs] 
2016-09-25T22:41:28.984-0400: 64.545: [GC (GCLocker Initiated GC) [PSYoungGen: 156960K->52569K(175104K)] 607771K->523195K(699392K), 0.0067261 secs] [Times: user=0.09 sys=0.00, real=0.00 secs] 
2016-09-25T22:41:29.045-0400: 64.606: [GC (GCLocker Initiated GC) [PSYoungGen: 140633K->70215K(175104K)] 616716K->552495K(699392K), 0.0088636 secs] [Times: user=0.14 sys=0.00, real=0.00 secs] 
2016-09-25T22:41:29.099-0400: 64.660: [GC (GCLocker Initiated GC) [PSYoungGen: 158279K->74085K(175104K)] 640974K->576614K(699392K), 0.0089726 secs] [Times: user=0.13 sys=0.00, real=0.01 secs] 
2016-09-25T22:41:29.108-0400: 64.669: [Full GC (Ergonomics) [PSYoungGen: 74085K->0K(175104K)] [ParOldGen: 502528K->274577K(524288K)] 576614K->274577K(699392K), [Metaspace: 43672K->43672K(1087488K)], 0.0520476 secs] [Times: user=0.44 sys=0.00, real=0.05 secs] 
2016-09-25T22:41:29.201-0400: 64.762: [GC (GCLocker Initiated GC) [PSYoungGen: 88064K->76191K(175104K)] 369416K->357544K(699392K), 0.0091132 secs] [Times: user=0.13 sys=0.00, real=0.01 secs] 
2016-09-25T22:41:29.264-0400: 64.824: [GC (GCLocker Initiated GC) [PSYoungGen: 164255K->86435K(175104K)] 448565K->392455K(699392K), 0.0090934 secs] [Times: user=0.14 sys=0.00, real=0.00 secs] 
2016-09-25T22:41:29.333-0400: 64.894: [GC (GCLocker Initiated GC) [PSYoungGen: 174499K->74169K(175104K)] 487347K->406751K(699392K), 0.0081078 secs] [Times: user=0.12 sys=0.00, real=0.01 secs] 
2016-09-25T22:41:29.394-0400: 64.955: [GC (GCLocker Initiated GC) [PSYoungGen: 162233K->79614K(175104K)] 500398K->433401K(699392K), 0.0107029 secs] [Times: user=0.15 sys=0.00, real=0.02 secs] 
2016-09-25T22:41:29.459-0400: 65.020: [GC (GCLocker Initiated GC) [PSYoungGen: 167678K->72918K(175104K)] 533735K->458736K(699392K), 0.0073258 secs] [Times: user=0.12 sys=0.00, real=0.01 secs] 
2016-09-25T22:41:29.522-0400: 65.083: [GC (GCLocker Initiated GC) [PSYoungGen: 160982K->80836K(175104K)] 546891K->491925K(699392K), 0.0095140 secs] [Times: user=0.15 sys=0.00, real=0.01 secs] 
2016-09-25T22:41:29.582-0400: 65.142: [GC (GCLocker Initiated GC) [PSYoungGen: 168900K->56571K(175104K)] 589481K->498108K(699392K), 0.0068782 secs] [Times: user=0.10 sys=0.00, real=0.01 secs] 
2016-09-25T22:41:29.639-0400: 65.200: [GC (GCLocker Initiated GC) [PSYoungGen: 144635K->57889K(175104K)] 591763K->512509K(699392K), 0.0105289 secs] [Times: user=0.08 sys=0.00, real=0.01 secs] 
2016-09-25T22:41:29.700-0400: 65.260: [GC (GCLocker Initiated GC) [PSYoungGen: 145953K->65992K(175104K)] 608761K->556597K(699392K), 0.0113040 secs] [Times: user=0.15 sys=0.00, real=0.01 secs] 
2016-09-25T22:41:29.711-0400: 65.272: [Full GC (Ergonomics) [PSYoungGen: 65992K->0K(175104K)] [ParOldGen: 490604K->288931K(524288K)] 556597K->288931K(699392K), [Metaspace: 43672K->43672K(1087488K)], 0.0702304 secs] [Times: user=0.52 sys=0.00, real=0.07 secs] 
2016-09-25T22:41:29.835-0400: 65.396: [GC (GCLocker Initiated GC) [PSYoungGen: 88064K->70580K(175104K)] 379866K->362382K(699392K), 0.0092627 secs] [Times: user=0.14 sys=0.00, real=0.01 secs] 
2016-09-25T22:41:29.888-0400: 65.449: [GC (GCLocker Initiated GC) [PSYoungGen: 158644K->68849K(175104K)] 455981K->383596K(699392K), 0.0096471 secs] [Times: user=0.10 sys=0.01, real=0.01 secs] 
2016-09-25T22:41:29.949-0400: 65.510: [GC (GCLocker Initiated GC) [PSYoungGen: 156913K->55353K(175104K)] 481349K->399534K(699392K), 0.0119576 secs] [Times: user=0.11 sys=0.01, real=0.01 secs] 
2016-09-25T22:41:30.017-0400: 65.578: [GC (GCLocker Initiated GC) [PSYoungGen: 143417K->48300K(175104K)] 506661K->412314K(699392K), 0.0083013 secs] [Times: user=0.07 sys=0.01, real=0.01 secs] 
2016-09-25T22:41:30.066-0400: 65.627: [GC (GCLocker Initiated GC) [PSYoungGen: 136364K->59111K(175104K)] 502203K->451346K(699392K), 0.0102693 secs] [Times: user=0.15 sys=0.00, real=0.01 secs] 
2016-09-25T22:41:30.122-0400: 65.683: [GC (GCLocker Initiated GC) [PSYoungGen: 147175K->64377K(175104K)] 554439K->481614K(699392K), 0.0073172 secs] [Times: user=0.09 sys=0.00, real=0.01 secs] 
2016-09-25T22:41:30.175-0400: 65.736: [GC (GCLocker Initiated GC) [PSYoungGen: 152441K->68705K(175104K)] 569755K->513482K(699392K), 0.0109390 secs] [Times: user=0.13 sys=0.00, real=0.01 secs] 
2016-09-25T22:41:30.225-0400: 65.786: [GC (GCLocker Initiated GC) [PSYoungGen: 156769K->86442K(175104K)] 604483K->538872K(699392K), 0.0138715 secs] [Times: user=0.16 sys=0.00, real=0.01 secs] 
2016-09-25T22:41:30.286-0400: 65.847: [GC (GCLocker Initiated GC) [PSYoungGen: 174506K->64711K(175104K)] 635133K->532859K(699392K), 0.0081347 secs] [Times: user=0.09 sys=0.01, real=0.01 secs] 
2016-09-25T22:41:30.340-0400: 65.901: [GC (GCLocker Initiated GC) --[PSYoungGen: 152775K->152775K(175104K)] 629084K->675837K(699392K), 0.0112858 secs] [Times: user=0.11 sys=0.01, real=0.01 secs] 
2016-09-25T22:41:30.352-0400: 65.912: [Full GC (Ergonomics) [PSYoungGen: 152775K->0K(175104K)] [ParOldGen: 523062K->288405K(524288K)] 675837K->288405K(699392K), [Metaspace: 43672K->43672K(1087488K)], 0.0507838 secs] [Times: user=0.43 sys=0.00, real=0.06 secs] 
2016-09-25T22:41:30.458-0400: 66.019: [GC (GCLocker Initiated GC) [PSYoungGen: 88064K->80119K(175104K)] 376715K->368770K(699392K), 0.0135494 secs] [Times: user=0.11 sys=0.00, real=0.01 secs] 
2016-09-25T22:41:30.536-0400: 66.097: [GC (GCLocker Initiated GC) [PSYoungGen: 168183K->53920K(175104K)] 465023K->353465K(699392K), 0.0214637 secs] [Times: user=0.29 sys=0.00, real=0.02 secs] 
2016-09-25T22:41:30.606-0400: 66.167: [GC (GCLocker Initiated GC) [PSYoungGen: 141984K->31945K(175104K)] 448372K->367422K(699392K), 0.0073387 secs] [Times: user=0.07 sys=0.00, real=0.00 secs] 
2016-09-25T22:41:30.662-0400: 66.223: [GC (GCLocker Initiated GC) [PSYoungGen: 120009K->46949K(175104K)] 458238K->392327K(699392K), 0.0153949 secs] [Times: user=0.10 sys=0.00, real=0.02 secs] 
2016-09-25T22:41:30.742-0400: 66.302: [GC (GCLocker Initiated GC) [PSYoungGen: 135013K->59187K(175104K)] 492761K->420412K(699392K), 0.0233330 secs] [Times: user=0.30 sys=0.01, real=0.03 secs] 
2016-09-25T22:41:30.807-0400: 66.368: [GC (GCLocker Initiated GC) [PSYoungGen: 147251K->67006K(175104K)] 513976K->441114K(699392K), 0.0077468 secs] [Times: user=0.08 sys=0.01, real=0.01 secs] 
2016-09-25T22:41:30.847-0400: 66.407: [GC (GCLocker Initiated GC) [PSYoungGen: 155070K->65997K(175104K)] 529240K->470387K(699392K), 0.0082714 secs] [Times: user=0.11 sys=0.01, real=0.01 secs] 
2016-09-25T22:41:30.921-0400: 66.481: [GC (GCLocker Initiated GC) [PSYoungGen: 154061K->42818K(175104K)] 558537K->479061K(699392K), 0.0143850 secs] [Times: user=0.11 sys=0.00, real=0.02 secs] 
2016-09-25T22:41:31.001-0400: 66.562: [GC (GCLocker Initiated GC) [PSYoungGen: 130882K->48591K(175104K)] 571242K->497635K(699392K), 0.0086495 secs] [Times: user=0.07 sys=0.00, real=0.01 secs] 
2016-09-25T22:41:31.049-0400: 66.609: [GC (GCLocker Initiated GC) [PSYoungGen: 136655K->49757K(175104K)] 591137K->540328K(699392K), 0.0081143 secs] [Times: user=0.11 sys=0.00, real=0.01 secs] 
2016-09-25T22:41:31.057-0400: 66.618: [Full GC (Ergonomics) [PSYoungGen: 49757K->0K(175104K)] [ParOldGen: 490570K->290377K(524288K)] 540328K->290377K(699392K), [Metaspace: 43673K->43673K(1087488K)], 0.0776659 secs] [Times: user=0.51 sys=0.00, real=0.08 secs] 
2016-09-25T22:41:31.201-0400: 66.762: [GC (GCLocker Initiated GC) [PSYoungGen: 88064K->79759K(175104K)] 381207K->372903K(699392K), 0.0072105 secs] [Times: user=0.09 sys=0.01, real=0.01 secs] 
2016-09-25T22:41:31.254-0400: 66.814: [GC (GCLocker Initiated GC) [PSYoungGen: 167823K->44543K(175104K)] 467769K->379226K(699392K), 0.0067051 secs] [Times: user=0.10 sys=0.00, real=0.01 secs] 
2016-09-25T22:41:31.307-0400: 66.868: [GC (GCLocker Initiated GC) [PSYoungGen: 132607K->71418K(175104K)] 470044K->427268K(699392K), 0.0137639 secs] [Times: user=0.15 sys=0.01, real=0.01 secs] 
2016-09-25T22:41:31.401-0400: 66.962: [GC (GCLocker Initiated GC) [PSYoungGen: 159482K->57820K(175104K)] 518070K->425229K(699392K), 0.0075606 secs] [Times: user=0.08 sys=0.01, real=0.01 secs] 
2016-09-25T22:41:31.454-0400: 67.015: [GC (GCLocker Initiated GC) [PSYoungGen: 145884K->51163K(175104K)] 518703K->438174K(699392K), 0.0213626 secs] [Times: user=0.22 sys=0.01, real=0.03 secs] 
2016-09-25T22:41:31.540-0400: 67.100: [GC (GCLocker Initiated GC) [PSYoungGen: 139227K->53809K(175104K)] 526619K->454108K(699392K), 0.0164841 secs] [Times: user=0.20 sys=0.01, real=0.02 secs] 
2016-09-25T22:41:31.612-0400: 67.172: [GC (GCLocker Initiated GC) [PSYoungGen: 141873K->59070K(147456K)] 547730K->491302K(671744K), 0.0241048 secs] [Times: user=0.32 sys=0.01, real=0.03 secs] 
2016-09-25T22:41:31.683-0400: 67.244: [GC (GCLocker Initiated GC) [PSYoungGen: 147134K->83639K(171008K)] 592941K->558303K(695296K), 0.0213826 secs] [Times: user=0.31 sys=0.00, real=0.02 secs] 
2016-09-25T22:41:31.766-0400: 67.327: [Full GC (Ergonomics) [PSYoungGen: 169655K->0K(171008K)] [ParOldGen: 483262K->299833K(524288K)] 652917K->299833K(695296K), [Metaspace: 43677K->43677K(1087488K)], 0.0883442 secs] [Times: user=0.63 sys=0.01, real=0.09 secs] 
2016-09-25T22:41:31.901-0400: 67.461: [GC (GCLocker Initiated GC) [PSYoungGen: 86016K->45986K(173056K)] 394466K->354437K(697344K), 0.0050764 secs] [Times: user=0.05 sys=0.01, real=0.01 secs] 
2016-09-25T22:41:31.945-0400: 67.506: [GC (GCLocker Initiated GC) [PSYoungGen: 132002K->60486K(175104K)] 445928K->390306K(699392K), 0.0076467 secs] [Times: user=0.06 sys=0.00, real=0.00 secs] 
2016-09-25T22:41:31.996-0400: 67.557: [GC (GCLocker Initiated GC) [PSYoungGen: 148550K->80901K(175104K)] 478565K->433178K(699392K), 0.0082622 secs] [Times: user=0.13 sys=0.00, real=0.01 secs] 
2016-09-25T22:41:32.060-0400: 67.621: [GC (GCLocker Initiated GC) [PSYoungGen: 168965K->68757K(175104K)] 530872K->458392K(699392K), 0.0105114 secs] [Times: user=0.18 sys=0.00, real=0.01 secs] 
2016-09-25T22:41:32.130-0400: 67.691: [GC (GCLocker Initiated GC) [PSYoungGen: 156821K->53736K(175104K)] 552100K->455180K(699392K), 0.0098327 secs] [Times: user=0.11 sys=0.00, real=0.01 secs] 
2016-09-25T22:41:32.195-0400: 67.756: [GC (GCLocker Initiated GC) [PSYoungGen: 141800K->61906K(175104K)] 552789K->474834K(699392K), 0.0078724 secs] [Times: user=0.13 sys=0.01, real=0.01 secs] 
2016-09-25T22:41:32.250-0400: 67.811: [GC (GCLocker Initiated GC) [PSYoungGen: 149970K->68521K(175104K)] 563063K->495839K(699392K), 0.0099330 secs] [Times: user=0.10 sys=0.00, real=0.01 secs] 
2016-09-25T22:41:32.305-0400: 67.865: [GC (GCLocker Initiated GC) [PSYoungGen: 156585K->53640K(175104K)] 583928K->503047K(699392K), 0.0105880 secs] [Times: user=0.11 sys=0.00, real=0.01 secs] 
2016-09-25T22:41:32.357-0400: 67.917: [GC (GCLocker Initiated GC) [PSYoungGen: 141704K->85316K(175104K)] 604834K->550434K(699392K), 0.0079333 secs] [Times: user=0.13 sys=0.01, real=0.01 secs] 
2016-09-25T22:41:32.421-0400: 67.982: [GC (GCLocker Initiated GC) [PSYoungGen: 173380K->67305K(175104K)] 649341K->559219K(699392K), 0.0109396 secs] [Times: user=0.14 sys=0.01, real=0.01 secs] 
2016-09-25T22:41:32.432-0400: 67.993: [Full GC (Ergonomics) [PSYoungGen: 67305K->0K(175104K)] [ParOldGen: 491914K->312517K(524288K)] 559219K->312517K(699392K), [Metaspace: 43677K->43677K(1087488K)], 0.0580031 secs] [Times: user=0.53 sys=0.01, real=0.06 secs] 
2016-09-25T22:41:32.550-0400: 68.110: [GC (GCLocker Initiated GC) [PSYoungGen: 88064K->52604K(175104K)] 404900K->369441K(699392K), 0.0057553 secs] [Times: user=0.06 sys=0.00, real=0.01 secs] 
2016-09-25T22:41:32.597-0400: 68.158: [GC (GCLocker Initiated GC) [PSYoungGen: 140668K->61739K(175104K)] 457591K->391780K(699392K), 0.0123884 secs] [Times: user=0.14 sys=0.00, real=0.01 secs] 
2016-09-25T22:41:32.662-0400: 68.223: [GC (GCLocker Initiated GC) [PSYoungGen: 149803K->75475K(175104K)] 484006K->446786K(699392K), 0.0163909 secs] [Times: user=0.21 sys=0.00, real=0.02 secs] 
2016-09-25T22:41:32.729-0400: 68.290: [GC (GCLocker Initiated GC) [PSYoungGen: 163539K->71349K(175104K)] 535840K->452503K(699392K), 0.0115449 secs] [Times: user=0.16 sys=0.01, real=0.01 secs] 
2016-09-25T22:41:32.786-0400: 68.347: [GC (GCLocker Initiated GC) [PSYoungGen: 159413K->68585K(175104K)] 540780K->478963K(699392K), 0.0084017 secs] [Times: user=0.11 sys=0.01, real=0.01 secs] 
2016-09-25T22:41:32.832-0400: 68.393: [GC (GCLocker Initiated GC) [PSYoungGen: 156649K->85054K(175104K)] 572660K->516536K(699392K), 0.0128253 secs] [Times: user=0.18 sys=0.00, real=0.02 secs] 
2016-09-25T22:41:32.901-0400: 68.462: [GC (GCLocker Initiated GC) [PSYoungGen: 173118K->50848K(175104K)] 613336K->505416K(699392K), 0.0272174 secs] [Times: user=0.35 sys=0.00, real=0.03 secs] 
2016-09-25T22:41:32.986-0400: 68.547: [GC (GCLocker Initiated GC) [PSYoungGen: 138912K->44093K(175104K)] 603072K->515525K(699392K), 0.0078995 secs] [Times: user=0.06 sys=0.01, real=0.00 secs] 
2016-09-25T22:41:33.034-0400: 68.594: [GC (GCLocker Initiated GC) [PSYoungGen: 132157K->79562K(175104K)] 603679K->558487K(699392K), 0.0104058 secs] [Times: user=0.13 sys=0.00, real=0.02 secs] 
2016-09-25T22:41:33.093-0400: 68.654: [GC (GCLocker Initiated GC) [PSYoungGen: 167626K->60656K(175104K)] 652167K->575627K(699392K), 0.0122229 secs] [Times: user=0.13 sys=0.02, real=0.02 secs] 
2016-09-25T22:41:33.105-0400: 68.666: [Full GC (Ergonomics) [PSYoungGen: 60656K->0K(175104K)] [ParOldGen: 514971K->308967K(524288K)] 575627K->308967K(699392K), [Metaspace: 43687K->43687K(1087488K)], 0.0691867 secs] [Times: user=0.59 sys=0.02, real=0.07 secs] 
2016-09-25T22:41:33.231-0400: 68.792: [GC (GCLocker Initiated GC) [PSYoungGen: 88064K->61893K(175104K)] 397248K->371078K(699392K), 0.0080471 secs] [Times: user=0.06 sys=0.00, real=0.01 secs] 
2016-09-25T22:41:33.283-0400: 68.844: [GC (GCLocker Initiated GC) [PSYoungGen: 149957K->61978K(175104K)] 459219K->400441K(699392K), 0.0088283 secs] [Times: user=0.13 sys=0.00, real=0.00 secs] 
2016-09-25T22:41:33.345-0400: 68.906: [GC (GCLocker Initiated GC) [PSYoungGen: 150042K->52704K(175104K)] 494118K->428658K(699392K), 0.0075741 secs] [Times: user=0.11 sys=0.00, real=0.00 secs] 
2016-09-25T22:41:33.417-0400: 68.977: [GC (GCLocker Initiated GC) [PSYoungGen: 140768K->32125K(175104K)] 531687K->440092K(699392K), 0.0071673 secs] [Times: user=0.06 sys=0.00, real=0.01 secs] 
2016-09-25T22:41:33.482-0400: 69.043: [GC (GCLocker Initiated GC) [PSYoungGen: 120189K->68604K(175104K)] 528242K->484201K(699392K), 0.0127566 secs] [Times: user=0.10 sys=0.00, real=0.02 secs] 
2016-09-25T22:41:33.546-0400: 69.106: [GC (GCLocker Initiated GC) [PSYoungGen: 156668K->56595K(175104K)] 576620K->506909K(699392K), 0.0114324 secs] [Times: user=0.17 sys=0.00, real=0.01 secs] 
2016-09-25T22:41:33.605-0400: 69.165: [GC (GCLocker Initiated GC) [PSYoungGen: 144659K->84920K(175104K)] 599982K->541000K(699392K), 0.0188447 secs] [Times: user=0.27 sys=0.00, real=0.02 secs] 
2016-09-25T22:41:33.668-0400: 69.229: [GC (GCLocker Initiated GC) [PSYoungGen: 172984K->64579K(175104K)] 633204K->540421K(699392K), 0.0114443 secs] [Times: user=0.12 sys=0.00, real=0.01 secs] 
2016-09-25T22:41:33.726-0400: 69.287: [GC (GCLocker Initiated GC) [PSYoungGen: 152643K->72642K(175104K)] 629773K->569222K(699392K), 0.0080679 secs] [Times: user=0.10 sys=0.00, real=0.01 secs] 
2016-09-25T22:41:33.735-0400: 69.295: [Full GC (Ergonomics) [PSYoungGen: 72642K->0K(175104K)] [ParOldGen: 496580K->309280K(524288K)] 569222K->309280K(699392K), [Metaspace: 43687K->43687K(1087488K)], 0.0620425 secs] [Times: user=0.53 sys=0.00, real=0.06 secs] 
2016-09-25T22:41:33.843-0400: 69.404: [GC (GCLocker Initiated GC) [PSYoungGen: 88064K->81347K(175104K)] 397413K->390697K(699392K), 0.0073042 secs] [Times: user=0.09 sys=0.01, real=0.00 secs] 
2016-09-25T22:41:33.900-0400: 69.460: [GC (GCLocker Initiated GC) [PSYoungGen: 169411K->62205K(175104K)] 487032K->406652K(699392K), 0.0077835 secs] [Times: user=0.11 sys=0.00, real=0.01 secs] 
2016-09-25T22:41:33.961-0400: 69.522: [GC (GCLocker Initiated GC) [PSYoungGen: 150269K->63347K(175104K)] 501484K->425019K(699392K), 0.0076825 secs] [Times: user=0.11 sys=0.00, real=0.01 secs] 
2016-09-25T22:41:34.025-0400: 69.585: [GC (GCLocker Initiated GC) [PSYoungGen: 151411K->61675K(175104K)] 517302K->439141K(699392K), 0.0067984 secs] [Times: user=0.07 sys=0.01, real=0.00 secs] 
2016-09-25T22:41:34.074-0400: 69.634: [GC (GCLocker Initiated GC) [PSYoungGen: 149739K->72776K(175104K)] 527372K->464434K(699392K), 0.0085368 secs] [Times: user=0.13 sys=0.00, real=0.02 secs] 
2016-09-25T22:41:34.135-0400: 69.696: [GC (GCLocker Initiated GC) [PSYoungGen: 160840K->60628K(175104K)] 558028K->476108K(699392K), 0.0098628 secs] [Times: user=0.10 sys=0.00, real=0.01 secs] 
2016-09-25T22:41:34.187-0400: 69.748: [GC (GCLocker Initiated GC) [PSYoungGen: 148692K->78379K(175104K)] 567038K->527220K(699392K), 0.0108837 secs] [Times: user=0.18 sys=0.00, real=0.01 secs] 
2016-09-25T22:41:34.248-0400: 69.809: [GC (GCLocker Initiated GC) [PSYoungGen: 166443K->56572K(175104K)] 618153K->545661K(699392K), 0.0097708 secs] [Times: user=0.12 sys=0.00, real=0.01 secs] 
2016-09-25T22:41:34.258-0400: 69.819: [Full GC (Ergonomics) [PSYoungGen: 56572K->0K(175104K)] [ParOldGen: 489089K->317307K(524288K)] 545661K->317307K(699392K), [Metaspace: 43687K->43687K(1087488K)], 0.0527653 secs] [Times: user=0.34 sys=0.00, real=0.05 secs] 
2016-09-25T22:41:34.358-0400: 69.919: [GC (GCLocker Initiated GC) [PSYoungGen: 88064K->80244K(175104K)] 405527K->397708K(699392K), 0.0103010 secs] [Times: user=0.13 sys=0.00, real=0.01 secs] 
2016-09-25T22:41:34.424-0400: 69.985: [GC (GCLocker Initiated GC) [PSYoungGen: 168308K->45548K(175104K)] 485811K->386040K(699392K), 0.0071810 secs] [Times: user=0.05 sys=0.01, real=0.00 secs] 
2016-09-25T22:41:34.477-0400: 70.038: [GC (GCLocker Initiated GC) [PSYoungGen: 133612K->70418K(175104K)] 480834K->435924K(699392K), 0.0084978 secs] [Times: user=0.11 sys=0.00, real=0.01 secs] 
2016-09-25T22:41:34.534-0400: 70.094: [GC (GCLocker Initiated GC) [PSYoungGen: 158482K->63148K(175104K)] 524111K->447324K(699392K), 0.0090877 secs] [Times: user=0.08 sys=0.01, real=0.02 secs] 
2016-09-25T22:41:34.581-0400: 70.142: [GC (GCLocker Initiated GC) [PSYoungGen: 151212K->67469K(175104K)] 535616K->476853K(699392K), 0.0099665 secs] [Times: user=0.15 sys=0.00, real=0.01 secs] 
2016-09-25T22:41:34.650-0400: 70.211: [GC (GCLocker Initiated GC) [PSYoungGen: 155533K->44739K(175104K)] 586706K->510492K(699392K), 0.0081472 secs] [Times: user=0.08 sys=0.02, real=0.01 secs] 
2016-09-25T22:41:34.719-0400: 70.279: [GC (GCLocker Initiated GC) [PSYoungGen: 132803K->60809K(175104K)] 608126K->537286K(699392K), 0.0166091 secs] [Times: user=0.24 sys=0.01, real=0.02 secs] 
2016-09-25T22:41:34.790-0400: 70.351: [Full GC (Ergonomics) [PSYoungGen: 148873K->0K(175104K)] [ParOldGen: 480888K->315524K(524288K)] 629762K->315524K(699392K), [Metaspace: 43687K->43687K(1087488K)], 0.0672132 secs] [Times: user=0.46 sys=0.00, real=0.07 secs] 
2016-09-25T22:41:34.916-0400: 70.477: [GC (GCLocker Initiated GC) [PSYoungGen: 88064K->39055K(175104K)] 406356K->357348K(699392K), 0.0085334 secs] [Times: user=0.08 sys=0.01, real=0.01 secs] 
2016-09-25T22:41:34.955-0400: 70.516: [GC (GCLocker Initiated GC) [PSYoungGen: 127119K->75591K(175104K)] 446892K->423467K(699392K), 0.0152586 secs] [Times: user=0.14 sys=0.00, real=0.01 secs] 
2016-09-25T22:41:35.023-0400: 70.583: [GC (GCLocker Initiated GC) [PSYoungGen: 163655K->48302K(175104K)] 522446K->433692K(699392K), 0.0076477 secs] [Times: user=0.09 sys=0.00, real=0.00 secs] 
2016-09-25T22:41:35.089-0400: 70.650: [GC (GCLocker Initiated GC) [PSYoungGen: 136366K->50913K(175104K)] 521999K->439953K(699392K), 0.0071313 secs] [Times: user=0.06 sys=0.00, real=0.01 secs] 
2016-09-25T22:41:35.143-0400: 70.704: [GC (GCLocker Initiated GC) [PSYoungGen: 138977K->70050K(175104K)] 528532K->488563K(699392K), 0.0160077 secs] [Times: user=0.20 sys=0.02, real=0.01 secs] 
2016-09-25T22:41:35.199-0400: 70.759: [GC (GCLocker Initiated GC) [PSYoungGen: 158114K->60577K(175104K)] 579431K->512342K(699392K), 0.0086221 secs] [Times: user=0.09 sys=0.01, real=0.01 secs] 
2016-09-25T22:41:35.252-0400: 70.813: [GC (GCLocker Initiated GC) [PSYoungGen: 148641K->51457K(175104K)] 601895K->529800K(699392K), 0.0316925 secs] [Times: user=0.39 sys=0.00, real=0.04 secs] 
2016-09-25T22:41:35.284-0400: 70.844: [Full GC (Ergonomics) [PSYoungGen: 51457K->0K(175104K)] [ParOldGen: 478343K->323477K(524288K)] 529800K->323477K(699392K), [Metaspace: 43689K->43689K(1087488K)], 0.0649950 secs] [Times: user=0.63 sys=0.00, real=0.06 secs] 
2016-09-25T22:41:35.416-0400: 70.977: [GC (GCLocker Initiated GC) [PSYoungGen: 88064K->68114K(175104K)] 420296K->400346K(699392K), 0.0131121 secs] [Times: user=0.11 sys=0.00, real=0.01 secs] 
2016-09-25T22:41:35.483-0400: 71.044: [GC (GCLocker Initiated GC) [PSYoungGen: 156178K->60318K(148480K)] 489703K->412937K(672768K), 0.0082541 secs] [Times: user=0.06 sys=0.00, real=0.00 secs] 
2016-09-25T22:41:35.535-0400: 71.096: [GC (GCLocker Initiated GC) [PSYoungGen: 148382K->50022K(173568K)] 506497K->438439K(697856K), 0.0082432 secs] [Times: user=0.10 sys=0.00, real=0.01 secs] 
2016-09-25T22:41:35.610-0400: 71.171: [GC (GCLocker Initiated GC) [PSYoungGen: 138598K->79783K(173056K)] 527186K->472013K(697344K), 0.0105190 secs] [Times: user=0.15 sys=0.00, real=0.01 secs] 
2016-09-25T22:41:35.682-0400: 71.243: [GC (GCLocker Initiated GC) [PSYoungGen: 168359K->73270K(175104K)] 563482K->492403K(699392K), 0.0106059 secs] [Times: user=0.12 sys=0.00, real=0.01 secs] 
2016-09-25T22:41:35.738-0400: 71.298: [GC (GCLocker Initiated GC) [PSYoungGen: 161334K->56465K(175104K)] 583361K->490268K(699392K), 0.0121729 secs] [Times: user=0.13 sys=0.00, real=0.01 secs] 
2016-09-25T22:41:35.800-0400: 71.361: [GC (GCLocker Initiated GC) [PSYoungGen: 144529K->62050K(174080K)] 581170K->514457K(698368K), 0.0106811 secs] [Times: user=0.13 sys=0.01, real=0.01 secs] 
2016-09-25T22:41:35.866-0400: 71.427: [GC (GCLocker Initiated GC) [PSYoungGen: 150114K->82391K(174592K)] 602693K->551942K(698880K), 0.0114180 secs] [Times: user=0.18 sys=0.00, real=0.01 secs] 
2016-09-25T22:41:35.943-0400: 71.504: [GC (GCLocker Initiated GC) [PSYoungGen: 170455K->64696K(175104K)] 643348K->560128K(699392K), 0.0090881 secs] [Times: user=0.11 sys=0.00, real=0.00 secs] 
2016-09-25T22:41:35.952-0400: 71.513: [Full GC (Ergonomics) [PSYoungGen: 64696K->0K(175104K)] [ParOldGen: 495431K->333275K(524288K)] 560128K->333275K(699392K), [Metaspace: 43689K->43689K(1087488K)], 0.0534172 secs] [Times: user=0.46 sys=0.01, real=0.06 secs] 
2016-09-25T22:41:36.101-0400: 71.662: [GC (GCLocker Initiated GC) [PSYoungGen: 88064K->46469K(175104K)] 438960K->397373K(699392K), 0.0107386 secs] [Times: user=0.07 sys=0.01, real=0.01 secs] 
2016-09-25T22:41:36.161-0400: 71.722: [GC (GCLocker Initiated GC) [PSYoungGen: 134533K->32086K(175104K)] 497639K->408949K(699392K), 0.0070637 secs] [Times: user=0.08 sys=0.00, real=0.01 secs] 
2016-09-25T22:41:36.203-0400: 71.764: [GC (GCLocker Initiated GC) [PSYoungGen: 120150K->84854K(175104K)] 499824K->478632K(699392K), 0.0322250 secs] [Times: user=0.31 sys=0.00, real=0.03 secs] 
2016-09-25T22:41:36.314-0400: 71.875: [GC (GCLocker Initiated GC) [PSYoungGen: 172918K->48208K(175104K)] 573676K->465871K(699392K), 0.0082411 secs] [Times: user=0.08 sys=0.01, real=0.01 secs] 
2016-09-25T22:41:36.373-0400: 71.934: [GC (GCLocker Initiated GC) [PSYoungGen: 136272K->51244K(175104K)] 563502K->491294K(699392K), 0.0068203 secs] [Times: user=0.08 sys=0.01, real=0.01 secs] 
2016-09-25T22:41:36.438-0400: 71.998: [GC (GCLocker Initiated GC) [PSYoungGen: 139308K->71117K(175104K)] 584907K->532492K(699392K), 0.0168412 secs] [Times: user=0.18 sys=0.01, real=0.02 secs] 
2016-09-25T22:41:36.520-0400: 72.081: [GC (GCLocker Initiated GC) [PSYoungGen: 159181K->63082K(175104K)] 626023K->554669K(699392K), 0.0119313 secs] [Times: user=0.13 sys=0.00, real=0.01 secs] 
2016-09-25T22:41:36.532-0400: 72.093: [Full GC (Ergonomics) [PSYoungGen: 63082K->0K(175104K)] [ParOldGen: 491587K->330266K(524288K)] 554669K->330266K(699392K), [Metaspace: 43693K->43693K(1087488K)], 0.0653460 secs] [Times: user=0.49 sys=0.02, real=0.07 secs] 
2016-09-25T22:41:36.645-0400: 72.205: [GC (GCLocker Initiated GC) [PSYoungGen: 88064K->80163K(175104K)] 418446K->410546K(699392K), 0.0114193 secs] [Times: user=0.15 sys=0.00, real=0.01 secs] 
2016-09-25T22:41:36.729-0400: 72.290: [GC (GCLocker Initiated GC) [PSYoungGen: 168227K->75527K(175104K)] 499282K->422886K(699392K), 0.0133802 secs] [Times: user=0.15 sys=0.02, real=0.02 secs] 
2016-09-25T22:41:36.787-0400: 72.348: [GC (GCLocker Initiated GC) [PSYoungGen: 163591K->60539K(175104K)] 513878K->431829K(699392K), 0.0077226 secs] [Times: user=0.10 sys=0.00, real=0.01 secs] 
2016-09-25T22:41:36.840-0400: 72.401: [GC (GCLocker Initiated GC) [PSYoungGen: 148603K->42904K(175104K)] 526827K->447449K(699392K), 0.0143634 secs] [Times: user=0.14 sys=0.00, real=0.02 secs] 
2016-09-25T22:41:36.900-0400: 72.460: [GC (GCLocker Initiated GC) [PSYoungGen: 130968K->84908K(175104K)] 541032K->503822K(699392K), 0.0125712 secs] [Times: user=0.18 sys=0.01, real=0.01 secs] 
2016-09-25T22:41:36.965-0400: 72.526: [GC (GCLocker Initiated GC) [PSYoungGen: 172972K->55148K(175104K)] 591943K->512687K(699392K), 0.0096142 secs] [Times: user=0.12 sys=0.00, real=0.01 secs] 
2016-09-25T22:41:37.016-0400: 72.577: [GC (GCLocker Initiated GC) [PSYoungGen: 143212K->76776K(175104K)] 603712K->552670K(699392K), 0.0109159 secs] [Times: user=0.09 sys=0.00, real=0.01 secs] 
2016-09-25T22:41:37.095-0400: 72.655: [Full GC (Ergonomics) [PSYoungGen: 164840K->0K(175104K)] [ParOldGen: 490427K->341486K(524288K)] 655267K->341486K(699392K), [Metaspace: 43693K->43693K(1087488K)], 0.0592998 secs] [Times: user=0.46 sys=0.00, real=0.05 secs] 
2016-09-25T22:41:37.209-0400: 72.770: [GC (GCLocker Initiated GC) [PSYoungGen: 88064K->62338K(175104K)] 444488K->418762K(699392K), 0.0205641 secs] [Times: user=0.31 sys=0.00, real=0.02 secs] 
2016-09-25T22:41:37.274-0400: 72.835: [GC (GCLocker Initiated GC) [PSYoungGen: 150402K->48230K(175104K)] 510966K->414072K(699392K), 0.0078004 secs] [Times: user=0.07 sys=0.00, real=0.01 secs] 
2016-09-25T22:41:37.323-0400: 72.884: [GC (GCLocker Initiated GC) [PSYoungGen: 136294K->68473K(175104K)] 502601K->448820K(699392K), 0.0091424 secs] [Times: user=0.10 sys=0.00, real=0.00 secs] 
2016-09-25T22:41:37.401-0400: 72.962: [GC (GCLocker Initiated GC) [PSYoungGen: 156537K->75297K(175104K)] 543700K->468377K(699392K), 0.0114079 secs] [Times: user=0.14 sys=0.01, real=0.01 secs] 
2016-09-25T22:41:37.466-0400: 73.027: [GC (GCLocker Initiated GC) [PSYoungGen: 163361K->55004K(175104K)] 560654K->467709K(699392K), 0.0119116 secs] [Times: user=0.15 sys=0.00, real=0.01 secs] 
2016-09-25T22:41:37.525-0400: 73.086: [GC (GCLocker Initiated GC) [PSYoungGen: 143068K->41509K(175104K)] 561267K->487312K(699392K), 0.0067386 secs] [Times: user=0.08 sys=0.00, real=0.00 secs] 
2016-09-25T22:41:37.574-0400: 73.135: [GC (GCLocker Initiated GC) [PSYoungGen: 129573K->78216K(175104K)] 575541K->555916K(699392K), 0.0111129 secs] [Times: user=0.16 sys=0.00, real=0.02 secs] 
2016-09-25T22:41:37.641-0400: 73.201: [GC (Allocation Failure) [PSYoungGen: 166280K->57868K(175104K)] 645563K->558119K(699392K), 0.0181321 secs] [Times: user=0.24 sys=0.01, real=0.02 secs] 
2016-09-25T22:41:37.659-0400: 73.220: [Full GC (Ergonomics) [PSYoungGen: 57868K->0K(175104K)] [ParOldGen: 500250K->339558K(524288K)] 558119K->339558K(699392K), [Metaspace: 43738K->43738K(1087488K)], 0.0672340 secs] [Times: user=0.48 sys=0.00, real=0.07 secs] 
2016-09-25T22:41:37.785-0400: 73.346: [GC (GCLocker Initiated GC) [PSYoungGen: 86955K->62165K(175104K)] 429214K->404423K(699392K), 0.0091705 secs] [Times: user=0.08 sys=0.00, real=0.01 secs] 
2016-09-25T22:41:37.834-0400: 73.395: [GC (GCLocker Initiated GC) [PSYoungGen: 150229K->80595K(175104K)] 492678K->441601K(699392K), 0.0126440 secs] [Times: user=0.17 sys=0.00, real=0.01 secs] 
2016-09-25T22:41:37.903-0400: 73.464: [GC (GCLocker Initiated GC) [PSYoungGen: 168659K->65867K(175104K)] 535307K->447838K(699392K), 0.0175305 secs] [Times: user=0.24 sys=0.00, real=0.01 secs] 
2016-09-25T22:41:37.979-0400: 73.540: [GC (GCLocker Initiated GC) [PSYoungGen: 153931K->86373K(175104K)] 541390K->475840K(699392K), 0.0106467 secs] [Times: user=0.16 sys=0.01, real=0.01 secs] 
2016-09-25T22:41:38.043-0400: 73.603: [GC (GCLocker Initiated GC) [PSYoungGen: 174437K->53585K(175104K)] 564307K->478028K(699392K), 0.0131234 secs] [Times: user=0.17 sys=0.00, real=0.01 secs] 
2016-09-25T22:41:38.106-0400: 73.667: [GC (GCLocker Initiated GC) [PSYoungGen: 141649K->44204K(175104K)] 575623K->490699K(699392K), 0.0133923 secs] [Times: user=0.15 sys=0.00, real=0.01 secs] 
2016-09-25T22:41:38.162-0400: 73.723: [GC (GCLocker Initiated GC) [PSYoungGen: 132268K->80776K(175104K)] 585541K->537561K(699392K), 0.0136670 secs] [Times: user=0.17 sys=0.00, real=0.02 secs] 
2016-09-25T22:41:38.237-0400: 73.798: [GC (GCLocker Initiated GC) [PSYoungGen: 168840K->57734K(175104K)] 633860K->538302K(699392K), 0.0104180 secs] [Times: user=0.12 sys=0.00, real=0.01 secs] 
2016-09-25T22:41:38.300-0400: 73.860: [Full GC (Ergonomics) [PSYoungGen: 145798K->0K(175104K)] [ParOldGen: 486175K->344682K(524288K)] 631974K->344682K(699392K), [Metaspace: 43738K->43738K(1087488K)], 0.0607307 secs] [Times: user=0.43 sys=0.01, real=0.06 secs] 
2016-09-25T22:41:38.412-0400: 73.973: [GC (GCLocker Initiated GC) [PSYoungGen: 88064K->77175K(175104K)] 438317K->427428K(699392K), 0.0094777 secs] [Times: user=0.11 sys=0.00, real=0.01 secs] 
2016-09-25T22:41:38.476-0400: 74.037: [GC (GCLocker Initiated GC) [PSYoungGen: 165239K->57890K(175104K)] 524624K->433203K(699392K), 0.0063727 secs] [Times: user=0.07 sys=0.00, real=0.01 secs] 
2016-09-25T22:41:38.523-0400: 74.084: [GC (GCLocker Initiated GC) [PSYoungGen: 145954K->53547K(175104K)] 521326K->460727K(699392K), 0.0074489 secs] [Times: user=0.10 sys=0.00, real=0.00 secs] 
2016-09-25T22:41:38.576-0400: 74.137: [GC (GCLocker Initiated GC) [PSYoungGen: 141611K->62008K(175104K)] 555727K->492741K(699392K), 0.0075687 secs] [Times: user=0.11 sys=0.00, real=0.01 secs] 
2016-09-25T22:41:38.639-0400: 74.200: [GC (GCLocker Initiated GC) [PSYoungGen: 150072K->67321K(175104K)] 595740K->516431K(699392K), 0.0070140 secs] [Times: user=0.08 sys=0.00, real=0.01 secs] 
2016-09-25T22:41:38.697-0400: 74.258: [GC (GCLocker Initiated GC) [PSYoungGen: 155385K->60464K(175104K)] 607283K->542721K(699392K), 0.0099256 secs] [Times: user=0.11 sys=0.00, real=0.01 secs] 
2016-09-25T22:41:38.707-0400: 74.268: [Full GC (Ergonomics) [PSYoungGen: 60464K->0K(175104K)] [ParOldGen: 482256K->346737K(524288K)] 542721K->346737K(699392K), [Metaspace: 43738K->43738K(1087488K)], 0.2522727 secs] [Times: user=3.84 sys=0.02, real=0.25 secs] 
2016-09-25T22:41:39.001-0400: 74.561: [GC (GCLocker Initiated GC) [PSYoungGen: 88064K->67580K(175104K)] 440281K->419797K(699392K), 0.0092859 secs] [Times: user=0.14 sys=0.00, real=0.01 secs] 
2016-09-25T22:41:39.069-0400: 74.630: [GC (Allocation Failure) [PSYoungGen: 155644K->67262K(175104K)] 509305K->425899K(699392K), 0.0071621 secs] [Times: user=0.09 sys=0.00, real=0.01 secs] 
2016-09-25T22:41:39.122-0400: 74.683: [GC (GCLocker Initiated GC) [PSYoungGen: 154935K->62952K(151040K)] 518972K->431647K(675328K), 0.0073684 secs] [Times: user=0.08 sys=0.00, real=0.00 secs] 
2016-09-25T22:41:39.178-0400: 74.739: [GC (GCLocker Initiated GC) [PSYoungGen: 151016K->84967K(172032K)] 523819K->465870K(696320K), 0.0106357 secs] [Times: user=0.13 sys=0.00, real=0.01 secs] 
2016-09-25T22:41:39.239-0400: 74.799: [GC (GCLocker Initiated GC) [PSYoungGen: 171495K->48171K(173568K)] 557866K->470437K(697856K), 0.0094057 secs] [Times: user=0.12 sys=0.00, real=0.01 secs] 
2016-09-25T22:41:39.289-0400: 74.850: [GC (GCLocker Initiated GC) [PSYoungGen: 134699K->65674K(175104K)] 557026K->519548K(699392K), 0.0104166 secs] [Times: user=0.11 sys=0.01, real=0.01 secs] 
2016-09-25T22:41:39.349-0400: 74.910: [GC (GCLocker Initiated GC) [PSYoungGen: 153738K->75416K(175104K)] 607862K->534108K(699392K), 0.0073605 secs] [Times: user=0.12 sys=0.00, real=0.01 secs] 
2016-09-25T22:41:39.406-0400: 74.967: [GC (GCLocker Initiated GC) [PSYoungGen: 163480K->37255K(175104K)] 624951K->508741K(699392K), 0.0074819 secs] [Times: user=0.04 sys=0.01, real=0.00 secs] 
2016-09-25T22:41:39.458-0400: 75.019: [GC (GCLocker Initiated GC) [PSYoungGen: 125319K->59148K(175104K)] 602568K->565253K(699392K), 0.0098689 secs] [Times: user=0.12 sys=0.01, real=0.01 secs] 
2016-09-25T22:41:39.468-0400: 75.029: [Full GC (Ergonomics) [PSYoungGen: 59148K->0K(175104K)] [ParOldGen: 506104K->349917K(524288K)] 565253K->349917K(699392K), [Metaspace: 43738K->43738K(1087488K)], 0.0685405 secs] [Times: user=0.42 sys=0.03, real=0.07 secs] 
2016-09-25T22:41:39.586-0400: 75.147: [GC (GCLocker Initiated GC) [PSYoungGen: 88064K->61900K(175104K)] 442174K->416011K(699392K), 0.0117698 secs] [Times: user=0.10 sys=0.00, real=0.01 secs] 
2016-09-25T22:41:39.644-0400: 75.204: [GC (GCLocker Initiated GC) [PSYoungGen: 149964K->75287K(175104K)] 510281K->455302K(699392K), 0.0111246 secs] [Times: user=0.14 sys=0.00, real=0.01 secs] 
2016-09-25T22:41:39.704-0400: 75.265: [GC (GCLocker Initiated GC) [PSYoungGen: 163351K->69729K(175104K)] 546201K->459897K(699392K), 0.0082483 secs] [Times: user=0.12 sys=0.00, real=0.00 secs] 
2016-09-25T22:41:39.763-0400: 75.324: [GC (GCLocker Initiated GC) [PSYoungGen: 157793K->41370K(175104K)] 553413K->448129K(699392K), 0.0285718 secs] [Times: user=0.21 sys=0.00, real=0.02 secs] 
2016-09-25T22:41:39.844-0400: 75.404: [GC (GCLocker Initiated GC) [PSYoungGen: 129434K->37513K(175104K)] 538920K->484033K(699392K), 0.0074439 secs] [Times: user=0.07 sys=0.02, real=0.00 secs] 
2016-09-25T22:41:39.902-0400: 75.462: [GC (GCLocker Initiated GC) [PSYoungGen: 125577K->27783K(175104K)] 573852K->492938K(699392K), 0.0140839 secs] [Times: user=0.17 sys=0.00, real=0.02 secs] 
2016-09-25T22:41:39.960-0400: 75.521: [GC (GCLocker Initiated GC) [PSYoungGen: 115847K->71408K(175104K)] 582060K->547517K(699392K), 0.0093806 secs] [Times: user=0.11 sys=0.01, real=0.01 secs] 
2016-09-25T22:41:40.011-0400: 75.572: [GC (GCLocker Initiated GC) [PSYoungGen: 159472K->60363K(175104K)] 635678K->554859K(699392K), 0.0085307 secs] [Times: user=0.12 sys=0.01, real=0.01 secs] 
2016-09-25T22:41:40.020-0400: 75.581: [Full GC (Ergonomics) [PSYoungGen: 60363K->0K(175104K)] [ParOldGen: 494495K->344459K(524288K)] 554859K->344459K(699392K), [Metaspace: 43742K->43742K(1087488K)], 0.0616439 secs] [Times: user=0.57 sys=0.00, real=0.06 secs] 
2016-09-25T22:41:40.122-0400: 75.683: [GC (GCLocker Initiated GC) [PSYoungGen: 88064K->85159K(175104K)] 443482K->440578K(699392K), 0.0082896 secs] [Times: user=0.11 sys=0.02, real=0.01 secs] 
2016-09-25T22:41:40.172-0400: 75.733: [GC (GCLocker Initiated GC) [PSYoungGen: 173223K->64480K(175104K)] 528721K->446591K(699392K), 0.0079607 secs] [Times: user=0.11 sys=0.00, real=0.01 secs] 
2016-09-25T22:41:40.233-0400: 75.793: [GC (Allocation Failure) [PSYoungGen: 152544K->44082K(175104K)] 538845K->447109K(699392K), 0.0109842 secs] [Times: user=0.10 sys=0.00, real=0.02 secs] 
2016-09-25T22:41:40.297-0400: 75.857: [GC (GCLocker Initiated GC) [PSYoungGen: 130138K->73972K(175104K)] 535866K->482933K(699392K), 0.0114354 secs] [Times: user=0.19 sys=0.00, real=0.01 secs] 
2016-09-25T22:41:40.366-0400: 75.927: [GC (GCLocker Initiated GC) [PSYoungGen: 162036K->60388K(175104K)] 573724K->486204K(699392K), 0.0112478 secs] [Times: user=0.16 sys=0.00, real=0.01 secs] 
2016-09-25T22:41:40.417-0400: 75.978: [GC (GCLocker Initiated GC) [PSYoungGen: 148452K->64554K(175104K)] 577125K->520649K(699392K), 0.0126914 secs] [Times: user=0.15 sys=0.00, real=0.01 secs] 
2016-09-25T22:41:40.482-0400: 76.043: [GC (GCLocker Initiated GC) [PSYoungGen: 152618K->59067K(175104K)] 616894K->534680K(699392K), 0.0106992 secs] [Times: user=0.13 sys=0.01, real=0.00 secs] 
2016-09-25T22:41:40.557-0400: 76.117: [GC (GCLocker Initiated GC) [PSYoungGen: 147131K->71067K(175104K)] 625510K->555403K(699392K), 0.0172243 secs] [Times: user=0.26 sys=0.00, real=0.01 secs] 
2016-09-25T22:41:40.615-0400: 76.176: [Full GC (Ergonomics) [PSYoungGen: 159131K->0K(175104K)] [ParOldGen: 492477K->352471K(524288K)] 651608K->352471K(699392K), [Metaspace: 43742K->43742K(1087488K)], 0.0500611 secs] [Times: user=0.42 sys=0.00, real=0.05 secs] 
2016-09-25T22:41:40.714-0400: 76.274: [GC (GCLocker Initiated GC) [PSYoungGen: 88064K->86163K(175104K)] 446167K->444267K(699392K), 0.0119284 secs] [Times: user=0.20 sys=0.00, real=0.02 secs] 
2016-09-25T22:41:40.790-0400: 76.351: [GC (GCLocker Initiated GC) [PSYoungGen: 174227K->58847K(175104K)] 539194K->454187K(699392K), 0.0109988 secs] [Times: user=0.19 sys=0.00, real=0.01 secs] 
2016-09-25T22:41:40.840-0400: 76.401: [GC (GCLocker Initiated GC) [PSYoungGen: 146911K->63194K(175104K)] 550601K->483407K(699392K), 0.0084979 secs] [Times: user=0.11 sys=0.00, real=0.01 secs] 
2016-09-25T22:41:40.900-0400: 76.460: [GC (GCLocker Initiated GC) [PSYoungGen: 151258K->45409K(175104K)] 582370K->494624K(699392K), 0.0141956 secs] [Times: user=0.18 sys=0.01, real=0.01 secs] 
2016-09-25T22:41:40.979-0400: 76.540: [GC (GCLocker Initiated GC) [PSYoungGen: 133473K->66898K(175104K)] 585418K->528691K(699392K), 0.0129802 secs] [Times: user=0.14 sys=0.00, real=0.01 secs] 
2016-09-25T22:41:41.043-0400: 76.604: [GC (GCLocker Initiated GC) [PSYoungGen: 154962K->61625K(175104K)] 619582K->556256K(699392K), 0.0080250 secs] [Times: user=0.11 sys=0.01, real=0.00 secs] 
2016-09-25T22:41:41.052-0400: 76.612: [Full GC (Ergonomics) [PSYoungGen: 61625K->0K(175104K)] [ParOldGen: 494630K->350939K(524288K)] 556256K->350939K(699392K), [Metaspace: 43742K->43742K(1087488K)], 0.0594868 secs] [Times: user=0.51 sys=0.00, real=0.06 secs] 
2016-09-25T22:41:41.167-0400: 76.728: [GC (GCLocker Initiated GC) [PSYoungGen: 88064K->56249K(174080K)] 446064K->414250K(698368K), 0.0146558 secs] [Times: user=0.09 sys=0.01, real=0.01 secs] 
2016-09-25T22:41:41.252-0400: 76.813: [GC (GCLocker Initiated GC) [PSYoungGen: 144313K->37188K(174592K)] 509149K->427016K(698880K), 0.0078706 secs] [Times: user=0.08 sys=0.00, real=0.01 secs] 
2016-09-25T22:41:41.292-0400: 76.853: [GC (GCLocker Initiated GC) [PSYoungGen: 125252K->61523K(175104K)] 517941K->466631K(699392K), 0.0087637 secs] [Times: user=0.07 sys=0.00, real=0.01 secs] 
2016-09-25T22:41:41.339-0400: 76.900: [GC (GCLocker Initiated GC) [PSYoungGen: 150099K->57402K(146432K)] 555414K->480597K(670720K), 0.0231315 secs] [Times: user=0.23 sys=0.00, real=0.03 secs] 
2016-09-25T22:41:41.421-0400: 76.982: [GC (GCLocker Initiated GC) [PSYoungGen: 145978K->60376K(175104K)] 580110K->510991K(699392K), 0.0114790 secs] [Times: user=0.15 sys=0.00, real=0.01 secs] 
2016-09-25T22:41:41.496-0400: 77.057: [GC (GCLocker Initiated GC) [PSYoungGen: 151512K->48039K(173056K)] 605003K->523621K(697344K), 0.0085436 secs] [Times: user=0.12 sys=0.01, real=0.01 secs] 
2016-09-25T22:41:41.539-0400: 77.100: [GC (GCLocker Initiated GC) [PSYoungGen: 139175K->80576K(169984K)] 620236K->567364K(694272K), 0.0085844 secs] [Times: user=0.11 sys=0.00, real=0.01 secs] 
2016-09-25T22:41:41.593-0400: 77.154: [Full GC (Ergonomics) [PSYoungGen: 168640K->0K(169984K)] [ParOldGen: 489587K->355360K(524288K)] 658227K->355360K(694272K), [Metaspace: 43742K->43742K(1087488K)], 0.0845690 secs] [Times: user=0.59 sys=0.02, real=0.09 secs] 
2016-09-25T22:41:41.723-0400: 77.283: [GC (GCLocker Initiated GC) [PSYoungGen: 88064K->72569K(175104K)] 453121K->437626K(699392K), 0.0073913 secs] [Times: user=0.11 sys=0.00, real=0.00 secs] 
2016-09-25T22:41:41.764-0400: 77.325: [GC (GCLocker Initiated GC) [PSYoungGen: 160633K->54849K(175104K)] 525869K->443629K(699392K), 0.0082147 secs] [Times: user=0.10 sys=0.00, real=0.00 secs] 
2016-09-25T22:41:41.810-0400: 77.370: [GC (GCLocker Initiated GC) [PSYoungGen: 142913K->69787K(175104K)] 537322K->478100K(699392K), 0.0096752 secs] [Times: user=0.14 sys=0.00, real=0.01 secs] 
2016-09-25T22:41:41.861-0400: 77.422: [GC (GCLocker Initiated GC) [PSYoungGen: 157851K->71093K(175104K)] 567645K->496232K(699392K), 0.0077058 secs] [Times: user=0.11 sys=0.00, real=0.01 secs] 
2016-09-25T22:41:41.922-0400: 77.482: [GC (GCLocker Initiated GC) [PSYoungGen: 159157K->69758K(175104K)] 591131K->507546K(699392K), 0.0070167 secs] [Times: user=0.09 sys=0.01, real=0.01 secs] 
2016-09-25T22:41:41.969-0400: 77.530: [GC (GCLocker Initiated GC) [PSYoungGen: 157822K->53417K(175104K)] 598326K->514601K(699392K), 0.0122892 secs] [Times: user=0.14 sys=0.01, real=0.01 secs] 
2016-09-25T22:41:42.015-0400: 77.576: [GC (GCLocker Initiated GC) [PSYoungGen: 141481K->86109K(175104K)] 608159K->562614K(699392K), 0.0102835 secs] [Times: user=0.14 sys=0.00, real=0.01 secs] 
2016-09-25T22:41:42.069-0400: 77.630: [GC (GCLocker Initiated GC) [PSYoungGen: 174173K->84571K(175104K)] 653535K->583332K(699392K), 0.0100503 secs] [Times: user=0.15 sys=0.00, real=0.01 secs] 
2016-09-25T22:41:42.079-0400: 77.640: [Full GC (Ergonomics) [PSYoungGen: 84571K->0K(175104K)] [ParOldGen: 498761K->359718K(524288K)] 583332K->359718K(699392K), [Metaspace: 43743K->43743K(1087488K)], 0.0625611 secs] [Times: user=0.53 sys=0.01, real=0.06 secs] 
2016-09-25T22:41:42.189-0400: 77.749: [GC (GCLocker Initiated GC) [PSYoungGen: 88064K->72497K(175104K)] 450537K->434971K(699392K), 0.0071194 secs] [Times: user=0.10 sys=0.00, real=0.01 secs] 
2016-09-25T22:41:42.234-0400: 77.795: [GC (GCLocker Initiated GC) [PSYoungGen: 160561K->63099K(175104K)] 523115K->447750K(699392K), 0.0112548 secs] [Times: user=0.08 sys=0.00, real=0.02 secs] 
2016-09-25T22:41:42.299-0400: 77.859: [GC (GCLocker Initiated GC) [PSYoungGen: 151163K->52365K(175104K)] 538610K->470090K(699392K), 0.0071245 secs] [Times: user=0.07 sys=0.00, real=0.01 secs] 
2016-09-25T22:41:42.359-0400: 77.920: [GC (GCLocker Initiated GC) [PSYoungGen: 140429K->49646K(175104K)] 571751K->488246K(699392K), 0.0080996 secs] [Times: user=0.06 sys=0.00, real=0.01 secs] 
2016-09-25T22:41:42.402-0400: 77.962: [GC (GCLocker Initiated GC) [PSYoungGen: 137710K->83277K(175104K)] 576486K->524019K(699392K), 0.0094383 secs] [Times: user=0.11 sys=0.02, real=0.01 secs] 
2016-09-25T22:41:42.458-0400: 78.019: [GC (GCLocker Initiated GC) [PSYoungGen: 171341K->69852K(175104K)] 617643K->536820K(699392K), 0.0083275 secs] [Times: user=0.10 sys=0.00, real=0.01 secs] 
2016-09-25T22:41:42.511-0400: 78.072: [GC (GCLocker Initiated GC) [PSYoungGen: 157916K->50786K(175104K)] 625036K->541390K(699392K), 0.0084373 secs] [Times: user=0.10 sys=0.00, real=0.01 secs] 
2016-09-25T22:41:42.520-0400: 78.081: [Full GC (Ergonomics) [PSYoungGen: 50786K->0K(175104K)] [ParOldGen: 490603K->356179K(524288K)] 541390K->356179K(699392K), [Metaspace: 43744K->43744K(1087488K)], 0.0559709 secs] [Times: user=0.46 sys=0.01, real=0.06 secs] 
2016-09-25T22:41:42.625-0400: 78.186: [GC (GCLocker Initiated GC) [PSYoungGen: 88064K->62097K(175104K)] 447027K->421060K(699392K), 0.0107493 secs] [Times: user=0.11 sys=0.00, real=0.01 secs] 
2016-09-25T22:41:42.682-0400: 78.242: [GC (GCLocker Initiated GC) [PSYoungGen: 150161K->53537K(175104K)] 518690K->425637K(699392K), 0.0139745 secs] [Times: user=0.20 sys=0.00, real=0.02 secs] 
2016-09-25T22:41:42.734-0400: 78.294: [GC (GCLocker Initiated GC) [PSYoungGen: 141601K->76598K(175104K)] 516560K->456104K(699392K), 0.0077338 secs] [Times: user=0.09 sys=0.00, real=0.01 secs] 
2016-09-25T22:41:42.799-0400: 78.359: [GC (GCLocker Initiated GC) [PSYoungGen: 164662K->34524K(175104K)] 556422K->449694K(699392K), 0.0104061 secs] [Times: user=0.11 sys=0.00, real=0.01 secs] 
2016-09-25T22:41:42.857-0400: 78.418: [GC (GCLocker Initiated GC) [PSYoungGen: 122588K->64301K(175104K)] 537911K->486800K(699392K), 0.0090660 secs] [Times: user=0.10 sys=0.00, real=0.01 secs] 
2016-09-25T22:41:42.924-0400: 78.484: [GC (GCLocker Initiated GC) [PSYoungGen: 152365K->71217K(175104K)] 577683K->503674K(699392K), 0.0079223 secs] [Times: user=0.13 sys=0.00, real=0.00 secs] 
2016-09-25T22:41:42.987-0400: 78.547: [GC (GCLocker Initiated GC) [PSYoungGen: 159281K->78006K(175104K)] 591894K->536870K(699392K), 0.0127059 secs] [Times: user=0.18 sys=0.00, real=0.01 secs] 
2016-09-25T22:41:43.049-0400: 78.610: [GC (GCLocker Initiated GC) [PSYoungGen: 166070K->67110K(175104K)] 630553K->542938K(699392K), 0.0088170 secs] [Times: user=0.10 sys=0.01, real=0.01 secs] 
2016-09-25T22:41:43.123-0400: 78.684: [GC (GCLocker Initiated GC) [PSYoungGen: 155174K->59043K(175104K)] 636632K->559930K(699392K), 0.0075122 secs] [Times: user=0.12 sys=0.00, real=0.00 secs] 
2016-09-25T22:41:43.131-0400: 78.692: [Full GC (Ergonomics) [PSYoungGen: 59043K->0K(175104K)] [ParOldGen: 500886K->361652K(524288K)] 559930K->361652K(699392K), [Metaspace: 43744K->43744K(1087488K)], 0.0735871 secs] [Times: user=0.64 sys=0.01, real=0.08 secs] 
2016-09-25T22:41:43.265-0400: 78.825: [GC (GCLocker Initiated GC) [PSYoungGen: 88064K->52484K(175104K)] 460754K->425182K(699392K), 0.0087924 secs] [Times: user=0.12 sys=0.00, real=0.00 secs] 
2016-09-25T22:41:43.319-0400: 78.879: [GC (GCLocker Initiated GC) [PSYoungGen: 140548K->57565K(175104K)] 513322K->448642K(699392K), 0.0117083 secs] [Times: user=0.14 sys=0.00, real=0.01 secs] 
2016-09-25T22:41:43.371-0400: 78.932: [GC (GCLocker Initiated GC) [PSYoungGen: 145629K->69900K(175104K)] 539600K->484574K(699392K), 0.0099257 secs] [Times: user=0.15 sys=0.00, real=0.01 secs] 
2016-09-25T22:41:43.436-0400: 78.996: [GC (GCLocker Initiated GC) [PSYoungGen: 157964K->62997K(175104K)] 575581K->497413K(699392K), 0.0082210 secs] [Times: user=0.12 sys=0.00, real=0.01 secs] 
2016-09-25T22:41:43.502-0400: 79.062: [GC (GCLocker Initiated GC) [PSYoungGen: 151061K->57661K(145920K)] 593920K->525334K(670208K), 0.0102768 secs] [Times: user=0.15 sys=0.00, real=0.01 secs] 
2016-09-25T22:41:43.551-0400: 79.112: [GC (GCLocker Initiated GC) [PSYoungGen: 145725K->68382K(174080K)] 618936K->556924K(698368K), 0.0104138 secs] [Times: user=0.12 sys=0.01, real=0.01 secs] 
2016-09-25T22:41:43.608-0400: 79.169: [Full GC (Ergonomics) [PSYoungGen: 156446K->0K(174080K)] [ParOldGen: 494197K->364029K(524288K)] 650644K->364029K(698368K), [Metaspace: 43749K->43749K(1087488K)], 0.0749943 secs] [Times: user=0.70 sys=0.00, real=0.08 secs] 
2016-09-25T22:41:43.736-0400: 79.296: [GC (GCLocker Initiated GC) [PSYoungGen: 88064K->67898K(174080K)] 461365K->441207K(698368K), 0.0091182 secs] [Times: user=0.15 sys=0.00, real=0.01 secs] 
2016-09-25T22:41:43.789-0400: 79.350: [GC (GCLocker Initiated GC) [PSYoungGen: 155962K->72601K(174592K)] 538746K->459360K(698880K), 0.0102359 secs] [Times: user=0.10 sys=0.00, real=0.01 secs] 
2016-09-25T22:41:43.857-0400: 79.418: [GC (GCLocker Initiated GC) [PSYoungGen: 161689K->50967K(175616K)] 557031K->452239K(699904K), 0.0095133 secs] [Times: user=0.12 sys=0.00, real=0.01 secs] 
2016-09-25T22:41:43.906-0400: 79.467: [GC (GCLocker Initiated GC) [PSYoungGen: 140055K->77943K(174592K)] 549524K->500155K(698880K), 0.0081533 secs] [Times: user=0.11 sys=0.00, real=0.01 secs] 
2016-09-25T22:41:43.961-0400: 79.522: [GC (GCLocker Initiated GC) [PSYoungGen: 166007K->75554K(175104K)] 593699K->522716K(699392K), 0.0093504 secs] [Times: user=0.13 sys=0.00, real=0.01 secs] 
2016-09-25T22:41:44.022-0400: 79.583: [GC (GCLocker Initiated GC) [PSYoungGen: 163618K->63304K(175104K)] 621671K->538328K(699392K), 0.0080038 secs] [Times: user=0.10 sys=0.00, real=0.01 secs] 
2016-09-25T22:41:44.084-0400: 79.645: [GC (GCLocker Initiated GC) [PSYoungGen: 151368K->39035K(175104K)] 637195K->526808K(699392K), 0.0088452 secs] [Times: user=0.10 sys=0.00, real=0.00 secs] 
2016-09-25T22:41:44.143-0400: 79.704: [Full GC (Ergonomics) [PSYoungGen: 127099K->0K(175104K)] [ParOldGen: 495945K->365414K(524288K)] 623044K->365414K(699392K), [Metaspace: 43756K->43756K(1087488K)], 0.0684441 secs] [Times: user=0.62 sys=0.00, real=0.06 secs] 
2016-09-25T22:41:44.265-0400: 79.826: [GC (GCLocker Initiated GC) [PSYoungGen: 88064K->69538K(175104K)] 458974K->440448K(699392K), 0.0074131 secs] [Times: user=0.06 sys=0.00, real=0.00 secs] 
2016-09-25T22:41:44.327-0400: 79.887: [GC (GCLocker Initiated GC) [PSYoungGen: 157602K->51318K(175104K)] 534001K->439998K(699392K), 0.0154875 secs] [Times: user=0.18 sys=0.00, real=0.02 secs] 
2016-09-25T22:41:44.392-0400: 79.953: [GC (GCLocker Initiated GC) [PSYoungGen: 139382K->60956K(175104K)] 533921K->468597K(699392K), 0.0112528 secs] [Times: user=0.17 sys=0.00, real=0.02 secs] 
2016-09-25T22:41:44.448-0400: 80.009: [GC (GCLocker Initiated GC) [PSYoungGen: 149020K->67602K(175104K)] 562316K->483347K(699392K), 0.0130695 secs] [Times: user=0.17 sys=0.01, real=0.01 secs] 
2016-09-25T22:41:44.512-0400: 80.073: [GC (GCLocker Initiated GC) [PSYoungGen: 155666K->69964K(175104K)] 574713K->507435K(699392K), 0.0107019 secs] [Times: user=0.14 sys=0.01, real=0.02 secs] 
2016-09-25T22:41:44.588-0400: 80.149: [GC (GCLocker Initiated GC) [PSYoungGen: 158028K->49952K(175104K)] 596529K->505299K(699392K), 0.0103225 secs] [Times: user=0.09 sys=0.00, real=0.01 secs] 
2016-09-25T22:41:44.642-0400: 80.203: [GC (GCLocker Initiated GC) [PSYoungGen: 138016K->71696K(175104K)] 600336K->537624K(699392K), 0.0109920 secs] [Times: user=0.17 sys=0.00, real=0.00 secs] 
2016-09-25T22:41:44.713-0400: 80.274: [GC (GCLocker Initiated GC) [PSYoungGen: 159760K->53730K(175104K)] 625848K->551920K(699392K), 0.0098142 secs] [Times: user=0.15 sys=0.00, real=0.02 secs] 
2016-09-25T22:41:44.723-0400: 80.284: [Full GC (Ergonomics) [PSYoungGen: 53730K->0K(175104K)] [ParOldGen: 498189K->369744K(524288K)] 551920K->369744K(699392K), [Metaspace: 43756K->43756K(1087488K)], 0.0755367 secs] [Times: user=0.68 sys=0.01, real=0.07 secs] 
2016-09-25T22:41:44.844-0400: 80.405: [GC (GCLocker Initiated GC) [PSYoungGen: 88064K->65930K(174080K)] 464586K->442452K(698368K), 0.0109216 secs] [Times: user=0.13 sys=0.01, real=0.01 secs] 
2016-09-25T22:41:44.896-0400: 80.457: [GC (GCLocker Initiated GC) [PSYoungGen: 153994K->69143K(174592K)] 530617K->461274K(698880K), 0.0147109 secs] [Times: user=0.11 sys=0.01, real=0.01 secs] 
2016-09-25T22:41:44.970-0400: 80.530: [GC (GCLocker Initiated GC) [PSYoungGen: 157207K->73408K(174592K)] 561564K->480285K(698880K), 0.0108578 secs] [Times: user=0.14 sys=0.00, real=0.01 secs] 
2016-09-25T22:41:45.032-0400: 80.592: [GC (GCLocker Initiated GC) [PSYoungGen: 161472K->61963K(150528K)] 568418K->494563K(674816K), 0.0081664 secs] [Times: user=0.09 sys=0.00, real=0.01 secs] 
2016-09-25T22:41:45.087-0400: 80.648: [GC (GCLocker Initiated GC) [PSYoungGen: 150027K->57030K(175616K)] 593539K->524213K(699904K), 0.0102534 secs] [Times: user=0.13 sys=0.00, real=0.01 secs] 
2016-09-25T22:41:45.140-0400: 80.701: [GC (GCLocker Initiated GC) [PSYoungGen: 146630K->74621K(174592K)] 620754K->553845K(698880K), 0.0121566 secs] [Times: user=0.12 sys=0.00, real=0.01 secs] 
2016-09-25T22:41:45.222-0400: 80.783: [Full GC (Ergonomics) [PSYoungGen: 164221K->0K(174592K)] [ParOldGen: 487530K->375244K(524288K)] 651752K->375244K(698880K), [Metaspace: 43762K->43762K(1087488K)], 0.0789231 secs] [Times: user=0.61 sys=0.00, real=0.07 secs] 
2016-09-25T22:41:45.346-0400: 80.907: [GC (GCLocker Initiated GC) [PSYoungGen: 89600K->86084K(175104K)] 467733K->466918K(699392K), 0.0095271 secs] [Times: user=0.13 sys=0.00, real=0.01 secs] 
2016-09-25T22:41:45.423-0400: 80.984: [GC (GCLocker Initiated GC) [PSYoungGen: 174148K->62415K(175104K)] 557800K->475012K(699392K), 0.0123459 secs] [Times: user=0.20 sys=0.00, real=0.01 secs] 
2016-09-25T22:41:45.508-0400: 81.068: [GC (GCLocker Initiated GC) [PSYoungGen: 150479K->65547K(175104K)] 568541K->507777K(699392K), 0.0080232 secs] [Times: user=0.13 sys=0.00, real=0.01 secs] 
2016-09-25T22:41:45.563-0400: 81.124: [GC (GCLocker Initiated GC) [PSYoungGen: 153611K->79566K(175104K)] 601415K->539780K(699392K), 0.0077357 secs] [Times: user=0.12 sys=0.00, real=0.00 secs] 
2016-09-25T22:41:45.623-0400: 81.184: [GC (GCLocker Initiated GC) [PSYoungGen: 167630K->44775K(175104K)] 627892K->546311K(699392K), 0.0115728 secs] [Times: user=0.18 sys=0.00, real=0.01 secs] 
2016-09-25T22:41:45.635-0400: 81.195: [Full GC (Ergonomics) [PSYoungGen: 44775K->0K(175104K)] [ParOldGen: 501536K->373624K(524288K)] 546311K->373624K(699392K), [Metaspace: 43762K->43762K(1087488K)], 0.0863391 secs] [Times: user=0.70 sys=0.00, real=0.08 secs] 
2016-09-25T22:41:45.761-0400: 81.322: [GC (GCLocker Initiated GC) [PSYoungGen: 88064K->63696K(175104K)] 461845K->437478K(699392K), 0.0089087 secs] [Times: user=0.07 sys=0.00, real=0.01 secs] 
2016-09-25T22:41:45.832-0400: 81.393: [GC (GCLocker Initiated GC) [PSYoungGen: 151760K->50360K(175104K)] 528447K->451213K(699392K), 0.0214153 secs] [Times: user=0.21 sys=0.00, real=0.02 secs] 
2016-09-25T22:41:45.918-0400: 81.479: [GC (GCLocker Initiated GC) [PSYoungGen: 138424K->51899K(175104K)] 542173K->479986K(699392K), 0.0221404 secs] [Times: user=0.27 sys=0.00, real=0.02 secs] 
2016-09-25T22:41:45.987-0400: 81.548: [GC (GCLocker Initiated GC) [PSYoungGen: 139963K->58392K(175104K)] 572245K->500291K(699392K), 0.0122041 secs] [Times: user=0.13 sys=0.00, real=0.01 secs] 
2016-09-25T22:41:46.065-0400: 81.626: [GC (GCLocker Initiated GC) [PSYoungGen: 146456K->70359K(175104K)] 588604K->530011K(699392K), 0.0217204 secs] [Times: user=0.26 sys=0.00, real=0.02 secs] 
2016-09-25T22:41:46.156-0400: 81.717: [GC (GCLocker Initiated GC) [PSYoungGen: 158423K->47608K(175104K)] 620805K->519247K(699392K), 0.0071749 secs] [Times: user=0.07 sys=0.00, real=0.01 secs] 
2016-09-25T22:41:46.207-0400: 81.768: [GC (GCLocker Initiated GC) [PSYoungGen: 135672K->66707K(175104K)] 615453K->560058K(699392K), 0.0104015 secs] [Times: user=0.08 sys=0.01, real=0.01 secs] 
2016-09-25T22:41:46.218-0400: 81.779: [Full GC (Ergonomics) [PSYoungGen: 66707K->0K(175104K)] [ParOldGen: 493350K->387873K(524288K)] 560058K->387873K(699392K), [Metaspace: 43762K->43762K(1087488K)], 0.1102641 secs] [Times: user=0.59 sys=0.04, real=0.11 secs] 
2016-09-25T22:41:46.388-0400: 81.949: [GC (GCLocker Initiated GC) [PSYoungGen: 88064K->40768K(175104K)] 488322K->441026K(699392K), 0.0080660 secs] [Times: user=0.06 sys=0.01, real=0.01 secs] 
2016-09-25T22:41:46.461-0400: 82.022: [GC (GCLocker Initiated GC) [PSYoungGen: 128832K->63891K(175104K)] 531828K->483140K(699392K), 0.0134758 secs] [Times: user=0.14 sys=0.00, real=0.02 secs] 
2016-09-25T22:41:46.557-0400: 82.118: [GC (GCLocker Initiated GC) [PSYoungGen: 151955K->42978K(175104K)] 579340K->486485K(699392K), 0.0103551 secs] [Times: user=0.10 sys=0.00, real=0.01 secs] 
2016-09-25T22:41:46.605-0400: 82.166: [GC (GCLocker Initiated GC) [PSYoungGen: 131042K->70576K(175104K)] 576116K->531404K(699392K), 0.0108052 secs] [Times: user=0.11 sys=0.00, real=0.01 secs] 
2016-09-25T22:41:46.669-0400: 82.230: [GC (GCLocker Initiated GC) [PSYoungGen: 158640K->77022K(175104K)] 622224K->570291K(699392K), 0.0096602 secs] [Times: user=0.14 sys=0.00, real=0.01 secs] 
2016-09-25T22:41:46.679-0400: 82.240: [Full GC (Ergonomics) [PSYoungGen: 77022K->0K(175104K)] [ParOldGen: 493268K->392444K(524288K)] 570291K->392444K(699392K), [Metaspace: 43762K->43762K(1087488K)], 0.0622462 secs] [Times: user=0.57 sys=0.00, real=0.06 secs] 
2016-09-25T22:41:46.795-0400: 82.355: [GC (GCLocker Initiated GC) [PSYoungGen: 88064K->58068K(175104K)] 483244K->453249K(699392K), 0.0106391 secs] [Times: user=0.14 sys=0.01, real=0.01 secs] 
2016-09-25T22:41:46.860-0400: 82.421: [GC (GCLocker Initiated GC) [PSYoungGen: 146132K->65383K(175104K)] 541362K->474989K(699392K), 0.0069019 secs] [Times: user=0.09 sys=0.00, real=0.01 secs] 
2016-09-25T22:41:46.911-0400: 82.472: [GC (GCLocker Initiated GC) [PSYoungGen: 153447K->85962K(175104K)] 568491K->526755K(699392K), 0.0097498 secs] [Times: user=0.13 sys=0.00, real=0.01 secs] 
2016-09-25T22:41:46.999-0400: 82.560: [GC (GCLocker Initiated GC) [PSYoungGen: 174026K->55675K(175104K)] 622104K->517624K(699392K), 0.0089317 secs] [Times: user=0.15 sys=0.00, real=0.01 secs] 
2016-09-25T22:41:47.052-0400: 82.613: [GC (GCLocker Initiated GC) [PSYoungGen: 143739K->48680K(175104K)] 612447K->525269K(699392K), 0.0065566 secs] [Times: user=0.06 sys=0.00, real=0.01 secs] 
2016-09-25T22:41:47.110-0400: 82.671: [GC (GCLocker Initiated GC) [PSYoungGen: 136744K->86907K(175104K)] 618866K->582369K(699392K), 0.0111403 secs] [Times: user=0.16 sys=0.01, real=0.01 secs] 
2016-09-25T22:41:47.121-0400: 82.682: [Full GC (Ergonomics) [PSYoungGen: 86907K->0K(175104K)] [ParOldGen: 495461K->397839K(524288K)] 582369K->397839K(699392K), [Metaspace: 43762K->43762K(1087488K)], 0.0602413 secs] [Times: user=0.52 sys=0.00, real=0.06 secs] 
2016-09-25T22:41:47.247-0400: 82.808: [GC (GCLocker Initiated GC) [PSYoungGen: 88064K->67446K(175104K)] 487724K->467106K(699392K), 0.0097506 secs] [Times: user=0.16 sys=0.00, real=0.01 secs] 
2016-09-25T22:41:47.302-0400: 82.863: [GC (GCLocker Initiated GC) [PSYoungGen: 155510K->58244K(175104K)] 555288K->488579K(699392K), 0.0096913 secs] [Times: user=0.12 sys=0.00, real=0.01 secs] 
2016-09-25T22:41:47.371-0400: 82.932: [GC (GCLocker Initiated GC) [PSYoungGen: 146308K->68296K(175104K)] 586197K->518655K(699392K), 0.0090229 secs] [Times: user=0.07 sys=0.01, real=0.01 secs] 
2016-09-25T22:41:47.426-0400: 82.987: [GC (GCLocker Initiated GC) [PSYoungGen: 156360K->71920K(175104K)] 606759K->551057K(699392K), 0.0109843 secs] [Times: user=0.14 sys=0.00, real=0.01 secs] 
2016-09-25T22:41:47.490-0400: 83.051: [GC (GCLocker Initiated GC) [PSYoungGen: 159984K->70510K(175104K)] 639298K->564572K(699392K), 0.0099840 secs] [Times: user=0.16 sys=0.00, real=0.01 secs] 
2016-09-25T22:41:47.500-0400: 83.061: [Full GC (Ergonomics) [PSYoungGen: 70510K->0K(175104K)] [ParOldGen: 494061K->402160K(524288K)] 564572K->402160K(699392K), [Metaspace: 43762K->43762K(1087488K)], 0.0577061 secs] [Times: user=0.51 sys=0.00, real=0.06 secs] 
2016-09-25T22:41:47.618-0400: 83.178: [GC (GCLocker Initiated GC) [PSYoungGen: 88064K->66141K(175104K)] 490325K->468403K(699392K), 0.0089564 secs] [Times: user=0.12 sys=0.00, real=0.01 secs] 
2016-09-25T22:41:47.676-0400: 83.237: [GC (GCLocker Initiated GC) [PSYoungGen: 154205K->62843K(175104K)] 559949K->491048K(699392K), 0.0098899 secs] [Times: user=0.12 sys=0.00, real=0.01 secs] 
2016-09-25T22:41:47.743-0400: 83.303: [GC (GCLocker Initiated GC) [PSYoungGen: 150907K->77003K(175104K)] 585151K->534413K(699392K), 0.0113217 secs] [Times: user=0.13 sys=0.00, real=0.00 secs] 
2016-09-25T22:41:47.803-0400: 83.364: [GC (GCLocker Initiated GC) [PSYoungGen: 165067K->68796K(175104K)] 622565K->540725K(699392K), 0.0096747 secs] [Times: user=0.15 sys=0.00, real=0.00 secs] 
2016-09-25T22:41:47.873-0400: 83.434: [GC (GCLocker Initiated GC) [PSYoungGen: 156860K->53270K(175104K)] 638920K->549598K(699392K), 0.0093187 secs] [Times: user=0.09 sys=0.00, real=0.02 secs] 
2016-09-25T22:41:47.883-0400: 83.443: [Full GC (Ergonomics) [PSYoungGen: 53270K->0K(175104K)] [ParOldGen: 496327K->400120K(524288K)] 549598K->400120K(699392K), [Metaspace: 43762K->43762K(1087488K)], 0.0607029 secs] [Times: user=0.49 sys=0.00, real=0.06 secs] 
2016-09-25T22:41:47.999-0400: 83.560: [GC (GCLocker Initiated GC) [PSYoungGen: 88064K->73823K(175104K)] 490991K->476751K(699392K), 0.0113895 secs] [Times: user=0.12 sys=0.00, real=0.01 secs] 
2016-09-25T22:41:48.063-0400: 83.624: [GC (GCLocker Initiated GC) [PSYoungGen: 161887K->82427K(175104K)] 565072K->498236K(699392K), 0.0217694 secs] [Times: user=0.32 sys=0.01, real=0.02 secs] 
2016-09-25T22:41:48.144-0400: 83.705: [GC (GCLocker Initiated GC) [PSYoungGen: 170491K->46240K(175104K)] 593202K->494170K(699392K), 0.0079136 secs] [Times: user=0.08 sys=0.00, real=0.00 secs] 
2016-09-25T22:41:48.198-0400: 83.758: [GC (GCLocker Initiated GC) [PSYoungGen: 134304K->82824K(175104K)] 582290K->536198K(699392K), 0.0110445 secs] [Times: user=0.15 sys=0.01, real=0.01 secs] 
2016-09-25T22:41:48.276-0400: 83.837: [GC (GCLocker Initiated GC) [PSYoungGen: 170888K->77051K(175104K)] 625672K->546706K(699392K), 0.0082772 secs] [Times: user=0.14 sys=0.00, real=0.01 secs] 
2016-09-25T22:41:48.328-0400: 83.889: [GC (GCLocker Initiated GC) [PSYoungGen: 165115K->54379K(175104K)] 641614K->557483K(699392K), 0.0114457 secs] [Times: user=0.11 sys=0.01, real=0.01 secs] 
2016-09-25T22:41:48.340-0400: 83.901: [Full GC (Ergonomics) [PSYoungGen: 54379K->0K(175104K)] [ParOldGen: 503103K->412128K(524288K)] 557483K->412128K(699392K), [Metaspace: 43763K->43763K(1087488K)], 0.0619485 secs] [Times: user=0.55 sys=0.00, real=0.06 secs] 
2016-09-25T22:41:48.453-0400: 84.013: [GC (GCLocker Initiated GC) [PSYoungGen: 88064K->86461K(175104K)] 500359K->509557K(699392K), 0.0118979 secs] [Times: user=0.14 sys=0.00, real=0.02 secs] 
2016-09-25T22:41:48.524-0400: 84.085: [GC (GCLocker Initiated GC) [PSYoungGen: 174525K->54224K(175104K)] 608520K->520200K(699392K), 0.0103503 secs] [Times: user=0.16 sys=0.00, real=0.01 secs] 
2016-09-25T22:41:48.594-0400: 84.155: [GC (GCLocker Initiated GC) [PSYoungGen: 142288K->58692K(175104K)] 616580K->539422K(699392K), 0.0092742 secs] [Times: user=0.11 sys=0.00, real=0.01 secs] 
2016-09-25T22:41:48.654-0400: 84.215: [GC (GCLocker Initiated GC) [PSYoungGen: 146756K->69172K(175104K)] 630590K->562714K(699392K), 0.0076301 secs] [Times: user=0.09 sys=0.00, real=0.00 secs] 
2016-09-25T22:41:48.662-0400: 84.223: [Full GC (Ergonomics) [PSYoungGen: 69172K->0K(175104K)] [ParOldGen: 493541K->406428K(524288K)] 562714K->406428K(699392K), [Metaspace: 43763K->43763K(1087488K)], 0.0600923 secs] [Times: user=0.61 sys=0.01, real=0.07 secs] 
2016-09-25T22:41:48.761-0400: 84.321: [GC (GCLocker Initiated GC) [PSYoungGen: 88064K->86839K(175104K)] 497707K->496483K(699392K), 0.0079045 secs] [Times: user=0.12 sys=0.00, real=0.01 secs] 
2016-09-25T22:41:48.824-0400: 84.385: [GC (GCLocker Initiated GC) [PSYoungGen: 174903K->65998K(175104K)] 584647K->499997K(699392K), 0.0084234 secs] [Times: user=0.13 sys=0.00, real=0.00 secs] 
2016-09-25T22:41:48.893-0400: 84.454: [GC (GCLocker Initiated GC) [PSYoungGen: 154062K->43684K(175104K)] 592365K->488145K(699392K), 0.0153758 secs] [Times: user=0.19 sys=0.01, real=0.02 secs] 
2016-09-25T22:41:48.958-0400: 84.519: [GC (GCLocker Initiated GC) [PSYoungGen: 131748K->80040K(175104K)] 576283K->539510K(699392K), 0.0115388 secs] [Times: user=0.13 sys=0.00, real=0.01 secs] 
2016-09-25T22:41:49.023-0400: 84.583: [GC (GCLocker Initiated GC) [PSYoungGen: 168104K->57343K(175104K)] 628991K->551881K(699392K), 0.0082024 secs] [Times: user=0.11 sys=0.00, real=0.00 secs] 
2016-09-25T22:41:49.031-0400: 84.592: [Full GC (Ergonomics) [PSYoungGen: 57343K->0K(175104K)] [ParOldGen: 494538K->411397K(524288K)] 551881K->411397K(699392K), [Metaspace: 43763K->43763K(1087488K)], 0.1499738 secs] [Times: user=2.14 sys=0.01, real=0.15 secs] 
2016-09-25T22:41:49.225-0400: 84.786: [GC (GCLocker Initiated GC) [PSYoungGen: 88062K->70923K(175104K)] 506462K->489323K(699392K), 0.0083147 secs] [Times: user=0.10 sys=0.00, real=0.00 secs] 
2016-09-25T22:41:49.290-0400: 84.851: [GC (GCLocker Initiated GC) [PSYoungGen: 158987K->67758K(175104K)] 585676K->499769K(699392K), 0.0094653 secs] [Times: user=0.11 sys=0.00, real=0.01 secs] 
2016-09-25T22:41:49.360-0400: 84.921: [GC (GCLocker Initiated GC) [PSYoungGen: 155822K->72787K(175104K)] 588541K->512018K(699392K), 0.0070719 secs] [Times: user=0.11 sys=0.00, real=0.01 secs] 
2016-09-25T22:41:49.420-0400: 84.981: [GC (GCLocker Initiated GC) [PSYoungGen: 160851K->63780K(175104K)] 602921K->536363K(699392K), 0.0078122 secs] [Times: user=0.10 sys=0.00, real=0.01 secs] 
2016-09-25T22:41:49.476-0400: 85.037: [GC (GCLocker Initiated GC) [PSYoungGen: 151844K->69334K(175104K)] 629862K->553912K(699392K), 0.0090366 secs] [Times: user=0.11 sys=0.00, real=0.01 secs] 
2016-09-25T22:41:49.485-0400: 85.046: [Full GC (Ergonomics) [PSYoungGen: 69334K->0K(175104K)] [ParOldGen: 484577K->426963K(524288K)] 553912K->426963K(699392K), [Metaspace: 43763K->43763K(1087488K)], 0.0657256 secs] [Times: user=0.49 sys=0.00, real=0.06 secs] 
2016-09-25T22:41:49.618-0400: 85.179: [GC (GCLocker Initiated GC) [PSYoungGen: 88064K->46240K(175104K)] 518787K->476964K(699392K), 0.0127127 secs] [Times: user=0.11 sys=0.00, real=0.01 secs] 
2016-09-25T22:41:49.674-0400: 85.235: [GC (GCLocker Initiated GC) [PSYoungGen: 134304K->50571K(175104K)] 565048K->492104K(699392K), 0.0084556 secs] [Times: user=0.07 sys=0.00, real=0.01 secs] 
2016-09-25T22:41:49.725-0400: 85.286: [GC (GCLocker Initiated GC) [PSYoungGen: 138635K->59803K(175104K)] 582956K->520533K(699392K), 0.0116577 secs] [Times: user=0.11 sys=0.00, real=0.01 secs] 
2016-09-25T22:41:49.785-0400: 85.346: [GC (GCLocker Initiated GC) [PSYoungGen: 147867K->70679K(175104K)] 611476K->542263K(699392K), 0.0125094 secs] [Times: user=0.08 sys=0.01, real=0.01 secs] 
2016-09-25T22:41:49.856-0400: 85.417: [GC (GCLocker Initiated GC) [PSYoungGen: 158743K->38059K(175104K)] 633098K->544837K(699392K), 0.0183628 secs] [Times: user=0.21 sys=0.00, real=0.02 secs] 
2016-09-25T22:41:49.875-0400: 85.435: [Full GC (Ergonomics) [PSYoungGen: 38059K->0K(175104K)] [ParOldGen: 506778K->419749K(524288K)] 544837K->419749K(699392K), [Metaspace: 43763K->43763K(1087488K)], 0.0577828 secs] [Times: user=0.41 sys=0.02, real=0.05 secs] 
2016-09-25T22:41:49.974-0400: 85.534: [GC (GCLocker Initiated GC) [PSYoungGen: 88064K->78106K(175104K)] 510522K->500564K(699392K), 0.0079705 secs] [Times: user=0.11 sys=0.00, real=0.01 secs] 
2016-09-25T22:41:50.045-0400: 85.605: [GC (GCLocker Initiated GC) [PSYoungGen: 166170K->59999K(175104K)] 592737K->507513K(699392K), 0.0154893 secs] [Times: user=0.22 sys=0.00, real=0.01 secs] 
2016-09-25T22:41:50.120-0400: 85.681: [GC (GCLocker Initiated GC) [PSYoungGen: 148063K->58127K(175104K)] 595661K->527477K(699392K), 0.0115926 secs] [Times: user=0.14 sys=0.00, real=0.01 secs] 
2016-09-25T22:41:50.188-0400: 85.749: [GC (GCLocker Initiated GC) [PSYoungGen: 146191K->48643K(175104K)] 619782K->531349K(699392K), 0.0073871 secs] [Times: user=0.06 sys=0.00, real=0.01 secs] 
2016-09-25T22:41:50.234-0400: 85.795: [GC (GCLocker Initiated GC) [PSYoungGen: 136707K->69064K(175104K)] 619465K->566451K(699392K), 0.0112873 secs] [Times: user=0.18 sys=0.00, real=0.02 secs] 
2016-09-25T22:41:50.245-0400: 85.806: [Full GC (Ergonomics) [PSYoungGen: 69064K->0K(175104K)] [ParOldGen: 497386K->423236K(524288K)] 566451K->423236K(699392K), [Metaspace: 43763K->43763K(1087488K)], 0.0840836 secs] [Times: user=0.61 sys=0.01, real=0.08 secs] 
2016-09-25T22:41:50.381-0400: 85.942: [GC (GCLocker Initiated GC) [PSYoungGen: 88064K->47951K(175104K)] 512747K->472635K(699392K), 0.0085141 secs] [Times: user=0.07 sys=0.01, real=0.01 secs] 
2016-09-25T22:41:50.447-0400: 86.008: [GC (GCLocker Initiated GC) [PSYoungGen: 136015K->50366K(175104K)] 568888K->510656K(699392K), 0.0124262 secs] [Times: user=0.15 sys=0.00, real=0.01 secs] 
2016-09-25T22:41:50.527-0400: 86.088: [GC (GCLocker Initiated GC) [PSYoungGen: 138430K->51546K(175104K)] 606952K->530816K(699392K), 0.0125554 secs] [Times: user=0.09 sys=0.00, real=0.01 secs] 
2016-09-25T22:41:50.595-0400: 86.155: [GC (GCLocker Initiated GC) [PSYoungGen: 139610K->86374K(175104K)] 621613K->571077K(699392K), 0.0086598 secs] [Times: user=0.11 sys=0.00, real=0.01 secs] 
2016-09-25T22:41:50.641-0400: 86.202: [GC (GCLocker Initiated GC) --[PSYoungGen: 174438K->174438K(175104K)] 659165K->697793K(699392K), 0.0171452 secs] [Times: user=0.19 sys=0.00, real=0.02 secs] 
2016-09-25T22:41:50.658-0400: 86.219: [Full GC (Ergonomics) [PSYoungGen: 174438K->0K(175104K)] [ParOldGen: 523354K->431723K(524288K)] 697793K->431723K(699392K), [Metaspace: 43763K->43763K(1087488K)], 0.0864476 secs] [Times: user=0.81 sys=0.00, real=0.09 secs] 
2016-09-25T22:41:50.789-0400: 86.349: [GC (GCLocker Initiated GC) [PSYoungGen: 88064K->58868K(175104K)] 525297K->496101K(699392K), 0.0147249 secs] [Times: user=0.17 sys=0.00, real=0.02 secs] 
2016-09-25T22:41:50.877-0400: 86.437: [GC (GCLocker Initiated GC) [PSYoungGen: 146932K->66038K(175104K)] 586950K->514653K(699392K), 0.0115134 secs] [Times: user=0.15 sys=0.00, real=0.01 secs] 
2016-09-25T22:41:50.945-0400: 86.506: [GC (GCLocker Initiated GC) [PSYoungGen: 154102K->45487K(175104K)] 602886K->523383K(699392K), 0.0070424 secs] [Times: user=0.07 sys=0.00, real=0.00 secs] 
2016-09-25T22:41:50.988-0400: 86.549: [GC (GCLocker Initiated GC) [PSYoungGen: 133551K->65001K(175104K)] 617700K->574151K(699392K), 0.0073365 secs] [Times: user=0.07 sys=0.00, real=0.01 secs] 
2016-09-25T22:41:50.995-0400: 86.556: [Full GC (Ergonomics) [PSYoungGen: 65001K->0K(175104K)] [ParOldGen: 509150K->427190K(524288K)] 574151K->427190K(699392K), [Metaspace: 43768K->43768K(1087488K)], 0.0694036 secs] [Times: user=0.64 sys=0.00, real=0.07 secs] 
2016-09-25T22:41:51.143-0400: 86.704: [GC (GCLocker Initiated GC) [PSYoungGen: 88064K->48783K(175104K)] 518041K->478761K(699392K), 0.0089197 secs] [Times: user=0.11 sys=0.00, real=0.00 secs] 
2016-09-25T22:41:51.189-0400: 86.750: [GC (GCLocker Initiated GC) [PSYoungGen: 136847K->67554K(175104K)] 572275K->517679K(699392K), 0.0073093 secs] [Times: user=0.07 sys=0.00, real=0.01 secs] 
2016-09-25T22:41:51.237-0400: 86.798: [GC (GCLocker Initiated GC) [PSYoungGen: 155618K->57668K(145920K)] 605897K->534546K(670208K), 0.0128269 secs] [Times: user=0.17 sys=0.00, real=0.01 secs] 
2016-09-25T22:41:51.330-0400: 86.890: [Full GC (Ergonomics) [PSYoungGen: 145732K->0K(145920K)] [ParOldGen: 483817K->435806K(524288K)] 629550K->435806K(670208K), [Metaspace: 43768K->43768K(1087488K)], 0.0646383 secs] [Times: user=0.60 sys=0.04, real=0.07 secs] 
2016-09-25T22:41:51.445-0400: 87.006: [GC (GCLocker Initiated GC) [PSYoungGen: 88064K->72873K(173056K)] 526622K->511432K(697344K), 0.0079479 secs] [Times: user=0.10 sys=0.01, real=0.00 secs] 
2016-09-25T22:41:51.525-0400: 87.086: [GC (GCLocker Initiated GC) [PSYoungGen: 159913K->55007K(174080K)] 601323K->517712K(698368K), 0.0122895 secs] [Times: user=0.13 sys=0.01, real=0.01 secs] 
2016-09-25T22:41:51.612-0400: 87.173: [GC (GCLocker Initiated GC) [PSYoungGen: 142047K->74540K(174592K)] 606249K->538742K(698880K), 0.0114039 secs] [Times: user=0.15 sys=0.01, real=0.02 secs] 
2016-09-25T22:41:51.673-0400: 87.234: [GC (GCLocker Initiated GC) [PSYoungGen: 162604K->63214K(175104K)] 632299K->555621K(699392K), 0.0121340 secs] [Times: user=0.17 sys=0.00, real=0.02 secs] 
2016-09-25T22:41:51.686-0400: 87.247: [Full GC (Ergonomics) [PSYoungGen: 63214K->0K(175104K)] [ParOldGen: 492406K->440063K(524288K)] 555621K->440063K(699392K), [Metaspace: 43789K->43789K(1087488K)], 0.0533939 secs] [Times: user=0.40 sys=0.00, real=0.05 secs] 
2016-09-25T22:41:51.800-0400: 87.361: [GC (GCLocker Initiated GC) [PSYoungGen: 88064K->62791K(171008K)] 532392K->507119K(695296K), 0.0074876 secs] [Times: user=0.07 sys=0.00, real=0.01 secs] 
2016-09-25T22:41:51.851-0400: 87.412: [GC (GCLocker Initiated GC) [PSYoungGen: 150855K->72895K(173056K)] 597942K->519982K(697344K), 0.0073141 secs] [Times: user=0.09 sys=0.01, real=0.01 secs] 
2016-09-25T22:41:51.896-0400: 87.457: [GC (GCLocker Initiated GC) [PSYoungGen: 160959K->68221K(176128K)] 613605K->520867K(700416K), 0.0078665 secs] [Times: user=0.08 sys=0.01, real=0.01 secs] 
2016-09-25T22:41:51.954-0400: 87.515: [GC (GCLocker Initiated GC) [PSYoungGen: 157821K->68723K(158720K)] 614729K->525631K(683008K), 0.0088082 secs] [Times: user=0.08 sys=0.01, real=0.02 secs] 
2016-09-25T22:41:52.001-0400: 87.562: [GC (GCLocker Initiated GC) [PSYoungGen: 158323K->84165K(173568K)] 620764K->573607K(697856K), 0.0103345 secs] [Times: user=0.11 sys=0.02, real=0.01 secs] 
2016-09-25T22:41:52.012-0400: 87.572: [Full GC (Ergonomics) [PSYoungGen: 84165K->0K(173568K)] [ParOldGen: 489441K->443156K(524288K)] 573607K->443156K(697856K), [Metaspace: 43809K->43809K(1087488K)], 0.0495159 secs] [Times: user=0.44 sys=0.00, real=0.05 secs] 
2016-09-25T22:41:52.100-0400: 87.661: [GC (GCLocker Initiated GC) [PSYoungGen: 88064K->74623K(175104K)] 532652K->519211K(699392K), 0.0081273 secs] [Times: user=0.09 sys=0.00, real=0.01 secs] 
2016-09-25T22:41:52.151-0400: 87.711: [GC (GCLocker Initiated GC) [PSYoungGen: 162687K->75285K(175104K)] 613984K->526582K(699392K), 0.0070839 secs] [Times: user=0.09 sys=0.00, real=0.01 secs] 
2016-09-25T22:41:52.203-0400: 87.764: [GC (GCLocker Initiated GC) [PSYoungGen: 163349K->75790K(175104K)] 620152K->532594K(699392K), 0.0077098 secs] [Times: user=0.12 sys=0.01, real=0.00 secs] 
2016-09-25T22:41:52.245-0400: 87.805: [GC (GCLocker Initiated GC) [PSYoungGen: 163854K->85285K(175104K)] 620800K->549510K(699392K), 0.0086903 secs] [Times: user=0.11 sys=0.00, real=0.00 secs] 
2016-09-25T22:41:52.301-0400: 87.862: [GC (GCLocker Initiated GC) [PSYoungGen: 173349K->63428K(175104K)] 644566K->557330K(699392K), 0.0076034 secs] [Times: user=0.11 sys=0.00, real=0.01 secs] 
2016-09-25T22:41:52.309-0400: 87.870: [Full GC (Ergonomics) [PSYoungGen: 63428K->0K(175104K)] [ParOldGen: 493901K->440523K(524288K)] 557330K->440523K(699392K), [Metaspace: 43829K->43829K(1087488K)], 0.0597476 secs] [Times: user=0.61 sys=0.00, real=0.06 secs] 
2016-09-25T22:41:52.410-0400: 87.970: [GC (GCLocker Initiated GC) [PSYoungGen: 88064K->65054K(175104K)] 535549K->512540K(699392K), 0.0072023 secs] [Times: user=0.09 sys=0.01, real=0.01 secs] 
2016-09-25T22:41:52.457-0400: 88.018: [GC (GCLocker Initiated GC) [PSYoungGen: 153118K->54926K(175104K)] 602580K->521752K(699392K), 0.0068236 secs] [Times: user=0.07 sys=0.00, real=0.01 secs] 
2016-09-25T22:41:52.498-0400: 88.059: [GC (GCLocker Initiated GC) [PSYoungGen: 142990K->68651K(175104K)] 615465K->548502K(699392K), 0.0069994 secs] [Times: user=0.07 sys=0.00, real=0.01 secs] 
2016-09-25T22:41:52.552-0400: 88.112: [GC (GCLocker Initiated GC) [PSYoungGen: 156715K->49792K(175104K)] 636659K->543963K(699392K), 0.0091345 secs] [Times: user=0.07 sys=0.00, real=0.01 secs] 
2016-09-25T22:41:52.561-0400: 88.122: [Full GC (Ergonomics) [PSYoungGen: 49792K->0K(175104K)] [ParOldGen: 494170K->436049K(524288K)] 543963K->436049K(699392K), [Metaspace: 43831K->43831K(1087488K)], 0.0545852 secs] [Times: user=0.53 sys=0.00, real=0.06 secs] 
2016-09-25T22:41:52.650-0400: 88.210: [GC (GCLocker Initiated GC) [PSYoungGen: 88064K->81133K(175104K)] 526891K->519960K(699392K), 0.0077104 secs] [Times: user=0.13 sys=0.00, real=0.01 secs] 
2016-09-25T22:41:52.706-0400: 88.266: [GC (GCLocker Initiated GC) [PSYoungGen: 169197K->52594K(175104K)] 613597K->523644K(699392K), 0.0070144 secs] [Times: user=0.09 sys=0.00, real=0.00 secs] 
2016-09-25T22:41:52.751-0400: 88.312: [GC (GCLocker Initiated GC) [PSYoungGen: 140658K->72975K(175104K)] 619974K->555822K(699392K), 0.0211507 secs] [Times: user=0.31 sys=0.00, real=0.02 secs] 
2016-09-25T22:41:52.820-0400: 88.380: [Full GC (Ergonomics) [PSYoungGen: 161039K->0K(175104K)] [ParOldGen: 491126K->450476K(524288K)] 652166K->450476K(699392K), [Metaspace: 43833K->43833K(1087488K)], 0.0519254 secs] [Times: user=0.47 sys=0.00, real=0.05 secs] 
2016-09-25T22:41:52.913-0400: 88.474: [GC (GCLocker Initiated GC) [PSYoungGen: 88064K->61111K(175104K)] 541481K->514529K(699392K), 0.0142123 secs] [Times: user=0.23 sys=0.00, real=0.02 secs] 
2016-09-25T22:41:52.969-0400: 88.530: [GC (GCLocker Initiated GC) [PSYoungGen: 149175K->72837K(175104K)] 604597K->541696K(699392K), 0.0077697 secs] [Times: user=0.11 sys=0.00, real=0.01 secs] 
2016-09-25T22:41:53.018-0400: 88.579: [GC (GCLocker Initiated GC) [PSYoungGen: 160901K->44178K(175104K)] 629835K->531461K(699392K), 0.0134159 secs] [Times: user=0.16 sys=0.01, real=0.01 secs] 
2016-09-25T22:41:53.075-0400: 88.636: [Full GC (Ergonomics) [PSYoungGen: 132242K->0K(175104K)] [ParOldGen: 491409K->439225K(524288K)] 623652K->439225K(699392K), [Metaspace: 43833K->43833K(1087488K)], 0.0617618 secs] [Times: user=0.45 sys=0.00, real=0.06 secs] 
2016-09-25T22:41:53.171-0400: 88.732: [GC (GCLocker Initiated GC) [PSYoungGen: 88064K->78949K(175104K)] 532810K->523696K(699392K), 0.0074898 secs] [Times: user=0.12 sys=0.01, real=0.01 secs] 
2016-09-25T22:41:53.229-0400: 88.790: [GC (GCLocker Initiated GC) [PSYoungGen: 167013K->66076K(175104K)] 620034K->543558K(699392K), 0.0073433 secs] [Times: user=0.12 sys=0.00, real=0.01 secs] 
2016-09-25T22:41:53.275-0400: 88.835: [GC (GCLocker Initiated GC) [PSYoungGen: 154140K->75739K(175104K)] 631857K->569103K(699392K), 0.0089371 secs] [Times: user=0.12 sys=0.00, real=0.01 secs] 
2016-09-25T22:41:53.284-0400: 88.845: [Full GC (Ergonomics) [PSYoungGen: 75739K->0K(175104K)] [ParOldGen: 493363K->452126K(524288K)] 569103K->452126K(699392K), [Metaspace: 43833K->43833K(1087488K)], 0.0521872 secs] [Times: user=0.49 sys=0.00, real=0.05 secs] 
2016-09-25T22:41:53.385-0400: 88.946: [GC (GCLocker Initiated GC) [PSYoungGen: 88064K->47551K(175104K)] 547010K->506498K(699392K), 0.0059821 secs] [Times: user=0.06 sys=0.01, real=0.00 secs] 
2016-09-25T22:41:53.421-0400: 88.981: [GC (GCLocker Initiated GC) [PSYoungGen: 135615K->69104K(175104K)] 594729K->560514K(699392K), 0.0079158 secs] [Times: user=0.12 sys=0.01, real=0.01 secs] 
2016-09-25T22:41:53.429-0400: 88.990: [Full GC (Ergonomics) [PSYoungGen: 69104K->0K(175104K)] [ParOldGen: 491410K->453379K(524288K)] 560514K->453379K(699392K), [Metaspace: 43833K->43833K(1087488K)], 0.0521670 secs] [Times: user=0.50 sys=0.00, real=0.05 secs] 
2016-09-25T22:41:53.522-0400: 89.083: [GC (GCLocker Initiated GC) [PSYoungGen: 88064K->79100K(175104K)] 544193K->535229K(699392K), 0.0111900 secs] [Times: user=0.15 sys=0.00, real=0.00 secs] 
2016-09-25T22:41:53.576-0400: 89.137: [GC (GCLocker Initiated GC) [PSYoungGen: 167164K->60518K(175104K)] 631445K->535975K(699392K), 0.0072804 secs] [Times: user=0.11 sys=0.00, real=0.01 secs] 
2016-09-25T22:41:53.634-0400: 89.195: [GC (GCLocker Initiated GC) [PSYoungGen: 148582K->54013K(175104K)] 624395K->534569K(699392K), 0.0101803 secs] [Times: user=0.16 sys=0.00, real=0.01 secs] 
2016-09-25T22:41:53.676-0400: 89.237: [GC (GCLocker Initiated GC) [PSYoungGen: 142077K->67557K(175104K)] 628105K->565312K(699392K), 0.0074212 secs] [Times: user=0.11 sys=0.00, real=0.01 secs] 
2016-09-25T22:41:53.684-0400: 89.244: [Full GC (Ergonomics) [PSYoungGen: 67557K->0K(175104K)] [ParOldGen: 497755K->456153K(524288K)] 565312K->456153K(699392K), [Metaspace: 43835K->43835K(1087488K)], 0.0531387 secs] [Times: user=0.51 sys=0.00, real=0.05 secs] 
2016-09-25T22:41:53.787-0400: 89.348: [GC (GCLocker Initiated GC) [PSYoungGen: 88064K->72309K(175104K)] 556438K->540683K(699392K), 0.0060854 secs] [Times: user=0.10 sys=0.00, real=0.00 secs] 
2016-09-25T22:41:53.839-0400: 89.399: [GC (GCLocker Initiated GC) [PSYoungGen: 160373K->56575K(175104K)] 629222K->566195K(699392K), 0.0084060 secs] [Times: user=0.12 sys=0.01, real=0.01 secs] 
2016-09-25T22:41:53.847-0400: 89.408: [Full GC (Ergonomics) [PSYoungGen: 56575K->0K(175104K)] [ParOldGen: 509619K->453615K(524288K)] 566195K->453615K(699392K), [Metaspace: 43835K->43835K(1087488K)], 0.0520993 secs] [Times: user=0.50 sys=0.00, real=0.05 secs] 
2016-09-25T22:41:53.951-0400: 89.512: [GC (GCLocker Initiated GC) [PSYoungGen: 88064K->69685K(175104K)] 551240K->532861K(699392K), 0.0104376 secs] [Times: user=0.18 sys=0.00, real=0.01 secs] 
2016-09-25T22:41:54.001-0400: 89.562: [GC (GCLocker Initiated GC) [PSYoungGen: 157749K->56479K(175104K)] 621078K->544479K(699392K), 0.0072413 secs] [Times: user=0.09 sys=0.02, real=0.01 secs] 
2016-09-25T22:41:54.009-0400: 89.570: [Full GC (Ergonomics) [PSYoungGen: 56479K->0K(175104K)] [ParOldGen: 488000K->453348K(524288K)] 544479K->453348K(699392K), [Metaspace: 43835K->43835K(1087488K)], 0.0483907 secs] [Times: user=0.41 sys=0.00, real=0.05 secs] 
2016-09-25T22:41:54.103-0400: 89.664: [GC (GCLocker Initiated GC) [PSYoungGen: 88064K->85931K(175104K)] 546098K->543966K(699392K), 0.0081772 secs] [Times: user=0.12 sys=0.00, real=0.00 secs] 
2016-09-25T22:41:54.160-0400: 89.721: [GC (GCLocker Initiated GC) [PSYoungGen: 173995K->52558K(175104K)] 640213K->562393K(699392K), 0.0082294 secs] [Times: user=0.12 sys=0.00, real=0.01 secs] 
2016-09-25T22:41:54.168-0400: 89.729: [Full GC (Ergonomics) [PSYoungGen: 52558K->0K(175104K)] [ParOldGen: 509835K->457457K(524288K)] 562393K->457457K(699392K), [Metaspace: 43835K->43835K(1087488K)], 0.0525607 secs] [Times: user=0.55 sys=0.00, real=0.05 secs] 
2016-09-25T22:41:54.264-0400: 89.825: [GC (GCLocker Initiated GC) [PSYoungGen: 88064K->82810K(175104K)] 546945K->541691K(699392K), 0.0074523 secs] [Times: user=0.12 sys=0.00, real=0.00 secs] 
2016-09-25T22:41:54.310-0400: 89.870: [GC (GCLocker Initiated GC) [PSYoungGen: 170874K->57130K(175104K)] 640694K->552644K(699392K), 0.0116321 secs] [Times: user=0.14 sys=0.01, real=0.01 secs] 
2016-09-25T22:41:54.321-0400: 89.882: [Full GC (Ergonomics) [PSYoungGen: 57130K->0K(175104K)] [ParOldGen: 495514K->461694K(524288K)] 552644K->461694K(699392K), [Metaspace: 43837K->43837K(1087488K)], 0.0521096 secs] [Times: user=0.52 sys=0.00, real=0.05 secs] 
2016-09-25T22:41:54.420-0400: 89.981: [GC (GCLocker Initiated GC) [PSYoungGen: 88064K->73549K(175104K)] 560801K->546286K(699392K), 0.0094367 secs] [Times: user=0.13 sys=0.00, real=0.01 secs] 
2016-09-25T22:41:54.479-0400: 90.040: [Full GC (Ergonomics) [PSYoungGen: 161613K->0K(175104K)] [ParOldGen: 478213K->457708K(524288K)] 639826K->457708K(699392K), [Metaspace: 43837K->43837K(1087488K)], 0.0507749 secs] [Times: user=0.35 sys=0.01, real=0.05 secs] 
2016-09-25T22:41:54.565-0400: 90.126: [GC (GCLocker Initiated GC) [PSYoungGen: 88064K->84491K(175104K)] 548574K->547701K(699392K), 0.0087340 secs] [Times: user=0.11 sys=0.00, real=0.00 secs] 
2016-09-25T22:41:54.626-0400: 90.187: [GC (GCLocker Initiated GC) [PSYoungGen: 172555K->40545K(175104K)] 638528K->512176K(699392K), 0.0122286 secs] [Times: user=0.17 sys=0.00, real=0.01 secs] 
2016-09-25T22:41:54.670-0400: 90.231: [GC (GCLocker Initiated GC) [PSYoungGen: 128609K->64685K(175104K)] 602990K->548305K(699392K), 0.0089210 secs] [Times: user=0.08 sys=0.01, real=0.01 secs] 
2016-09-25T22:41:54.679-0400: 90.240: [Full GC (Ergonomics) [PSYoungGen: 64685K->0K(175104K)] [ParOldGen: 483619K->458573K(524288K)] 548305K->458573K(699392K), [Metaspace: 43849K->43849K(1087488K)], 0.1401760 secs] [Times: user=2.06 sys=0.00, real=0.14 secs] 
2016-09-25T22:41:54.869-0400: 90.429: [GC (GCLocker Initiated GC) [PSYoungGen: 88064K->64018K(175104K)] 546805K->522760K(699392K), 0.0059355 secs] [Times: user=0.08 sys=0.00, real=0.01 secs] 
2016-09-25T22:41:54.912-0400: 90.473: [GC (GCLocker Initiated GC) [PSYoungGen: 152082K->55726K(175104K)] 610860K->528123K(699392K), 0.0110670 secs] [Times: user=0.09 sys=0.00, real=0.02 secs] 
2016-09-25T22:41:54.964-0400: 90.524: [GC (GCLocker Initiated GC) [PSYoungGen: 143790K->58263K(175104K)] 618971K->544220K(699392K), 0.0079629 secs] [Times: user=0.10 sys=0.00, real=0.00 secs] 
2016-09-25T22:41:55.018-0400: 90.579: [Full GC (Ergonomics) [PSYoungGen: 146327K->0K(175104K)] [ParOldGen: 488887K->464388K(524288K)] 635215K->464388K(699392K), [Metaspace: 43849K->43849K(1087488K)], 0.0745327 secs] [Times: user=0.65 sys=0.02, real=0.07 secs] 
2016-09-25T22:41:55.133-0400: 90.694: [GC (GCLocker Initiated GC) [PSYoungGen: 88064K->81854K(175104K)] 553862K->547652K(699392K), 0.0078294 secs] [Times: user=0.12 sys=0.00, real=0.01 secs] 
2016-09-25T22:41:55.179-0400: 90.740: [GC (GCLocker Initiated GC) [PSYoungGen: 169918K->70288K(175104K)] 635797K->552733K(699392K), 0.0182716 secs] [Times: user=0.25 sys=0.00, real=0.02 secs] 
2016-09-25T22:41:55.238-0400: 90.799: [Full GC (Ergonomics) [PSYoungGen: 158352K->0K(175104K)] [ParOldGen: 490616K->466550K(524288K)] 648969K->466550K(699392K), [Metaspace: 43849K->43849K(1087488K)], 0.0507496 secs] [Times: user=0.38 sys=0.01, real=0.05 secs] 
2016-09-25T22:41:55.335-0400: 90.896: [GC (GCLocker Initiated GC) [PSYoungGen: 88064K->76197K(175104K)] 554729K->542862K(699392K), 0.0097442 secs] [Times: user=0.10 sys=0.00, real=0.01 secs] 
2016-09-25T22:41:55.386-0400: 90.946: [GC (GCLocker Initiated GC) [PSYoungGen: 164261K->56911K(175104K)] 630982K->543951K(699392K), 0.0085933 secs] [Times: user=0.07 sys=0.00, real=0.01 secs] 
2016-09-25T22:41:55.447-0400: 91.008: [Full GC (Ergonomics) [PSYoungGen: 144975K->0K(175104K)] [ParOldGen: 493955K->463592K(524288K)] 638930K->463592K(699392K), [Metaspace: 43849K->43849K(1087488K)], 0.0559955 secs] [Times: user=0.47 sys=0.00, real=0.06 secs] 
2016-09-25T22:41:55.538-0400: 91.099: [GC (GCLocker Initiated GC) [PSYoungGen: 88064K->71989K(175104K)] 554393K->538319K(699392K), 0.0094944 secs] [Times: user=0.13 sys=0.00, real=0.01 secs] 
2016-09-25T22:41:55.593-0400: 91.153: [GC (GCLocker Initiated GC) [PSYoungGen: 160053K->81112K(175104K)] 634565K->559533K(699392K), 0.0081062 secs] [Times: user=0.13 sys=0.00, real=0.01 secs] 
2016-09-25T22:41:55.648-0400: 91.209: [GC (GCLocker Initiated GC) [PSYoungGen: 169176K->51447K(175104K)] 654463K->555310K(699392K), 0.0148722 secs] [Times: user=0.19 sys=0.00, real=0.02 secs] 
2016-09-25T22:41:55.664-0400: 91.224: [Full GC (Ergonomics) [PSYoungGen: 51447K->0K(175104K)] [ParOldGen: 503862K->471207K(524288K)] 555310K->471207K(699392K), [Metaspace: 43855K->43855K(1087488K)], 0.0571009 secs] [Times: user=0.60 sys=0.01, real=0.05 secs] 
2016-09-25T22:41:55.766-0400: 91.326: [GC (GCLocker Initiated GC) [PSYoungGen: 88064K->65237K(175104K)] 564765K->541938K(699392K), 0.0067075 secs] [Times: user=0.09 sys=0.00, real=0.00 secs] 
2016-09-25T22:41:55.812-0400: 91.373: [GC (GCLocker Initiated GC) [PSYoungGen: 153301K->66140K(175104K)] 630100K->564612K(699392K), 0.0073377 secs] [Times: user=0.11 sys=0.00, real=0.01 secs] 
2016-09-25T22:41:55.820-0400: 91.380: [Full GC (Ergonomics) [PSYoungGen: 66140K->0K(175104K)] [ParOldGen: 498471K->467083K(524288K)] 564612K->467083K(699392K), [Metaspace: 43855K->43855K(1087488K)], 0.0562521 secs] [Times: user=0.56 sys=0.00, real=0.06 secs] 
2016-09-25T22:41:55.918-0400: 91.478: [GC (GCLocker Initiated GC) [PSYoungGen: 88064K->67095K(175104K)] 567291K->546322K(699392K), 0.0078542 secs] [Times: user=0.12 sys=0.00, real=0.01 secs] 
2016-09-25T22:41:55.971-0400: 91.532: [GC (GCLocker Initiated GC) [PSYoungGen: 155159K->60642K(175104K)] 638537K->549860K(699392K), 0.0068403 secs] [Times: user=0.09 sys=0.00, real=0.01 secs] 
2016-09-25T22:41:56.018-0400: 91.579: [Full GC (Ergonomics) [PSYoungGen: 148706K->0K(175104K)] [ParOldGen: 493599K->471997K(524288K)] 642305K->471997K(699392K), [Metaspace: 43855K->43855K(1087488K)], 0.0597147 secs] [Times: user=0.57 sys=0.01, real=0.06 secs] 
2016-09-25T22:41:56.112-0400: 91.672: [GC (GCLocker Initiated GC) [PSYoungGen: 88064K->81468K(175104K)] 562834K->556238K(699392K), 0.0077569 secs] [Times: user=0.11 sys=0.00, real=0.01 secs] 
2016-09-25T22:41:56.161-0400: 91.722: [GC (GCLocker Initiated GC) [PSYoungGen: 169532K->51124K(175104K)] 644393K->548927K(699392K), 0.0081129 secs] [Times: user=0.09 sys=0.00, real=0.01 secs] 
2016-09-25T22:41:56.169-0400: 91.730: [Full GC (Ergonomics) [PSYoungGen: 51124K->0K(175104K)] [ParOldGen: 497803K->467641K(524288K)] 548927K->467641K(699392K), [Metaspace: 43861K->43861K(1087488K)], 0.0560435 secs] [Times: user=0.55 sys=0.00, real=0.06 secs] 
2016-09-25T22:41:56.265-0400: 91.826: [GC (GCLocker Initiated GC) [PSYoungGen: 88064K->82917K(175104K)] 558570K->553423K(699392K), 0.0081256 secs] [Times: user=0.12 sys=0.00, real=0.00 secs] 
2016-09-25T22:41:56.316-0400: 91.877: [GC (GCLocker Initiated GC) [PSYoungGen: 170981K->49907K(175104K)] 648376K->535437K(699392K), 0.0088269 secs] [Times: user=0.09 sys=0.01, real=0.01 secs] 
2016-09-25T22:41:56.365-0400: 91.925: [GC (GCLocker Initiated GC) [PSYoungGen: 137971K->71571K(175104K)] 623804K->574563K(699392K), 0.0106432 secs] [Times: user=0.13 sys=0.00, real=0.01 secs] 
2016-09-25T22:41:56.375-0400: 91.936: [Full GC (Ergonomics) [PSYoungGen: 71571K->0K(175104K)] [ParOldGen: 502992K->475277K(524288K)] 574563K->475277K(699392K), [Metaspace: 43861K->43861K(1087488K)], 0.0595899 secs] [Times: user=0.58 sys=0.00, real=0.06 secs] 
2016-09-25T22:41:56.478-0400: 92.038: [GC (GCLocker Initiated GC) [PSYoungGen: 88064K->62410K(175104K)] 570592K->544939K(699392K), 0.0101525 secs] [Times: user=0.12 sys=0.00, real=0.01 secs] 
2016-09-25T22:41:56.527-0400: 92.087: [GC (GCLocker Initiated GC) [PSYoungGen: 150474K->80800K(175104K)] 633087K->574196K(699392K), 0.0079003 secs] [Times: user=0.12 sys=0.00, real=0.01 secs] 
2016-09-25T22:41:56.568-0400: 92.129: [GC (Allocation Failure) [PSYoungGen: 168864K->66136K(175104K)] 662374K->590032K(699392K), 0.0094580 secs] [Times: user=0.13 sys=0.00, real=0.01 secs] 
2016-09-25T22:41:56.578-0400: 92.138: [Full GC (Ergonomics) [PSYoungGen: 66136K->0K(175104K)] [ParOldGen: 523896K->477004K(524288K)] 590032K->477004K(699392K), [Metaspace: 43862K->43862K(1087488K)], 0.0621590 secs] [Times: user=0.57 sys=0.03, real=0.06 secs] 
2016-09-25T22:41:56.683-0400: 92.244: [GC (GCLocker Initiated GC) [PSYoungGen: 86892K->76165K(175104K)] 566596K->555869K(699392K), 0.0068614 secs] [Times: user=0.10 sys=0.00, real=0.00 secs] 
2016-09-25T22:41:56.734-0400: 92.294: [GC (GCLocker Initiated GC) [PSYoungGen: 164229K->85037K(175104K)] 646727K->581096K(699392K), 0.0091479 secs] [Times: user=0.15 sys=0.00, real=0.02 secs] 
2016-09-25T22:41:56.743-0400: 92.304: [Full GC (Ergonomics) [PSYoungGen: 85037K->0K(175104K)] [ParOldGen: 496058K->480944K(524288K)] 581096K->480944K(699392K), [Metaspace: 43862K->43862K(1087488K)], 0.0538443 secs] [Times: user=0.49 sys=0.00, real=0.05 secs] 
2016-09-25T22:41:56.842-0400: 92.402: [GC (GCLocker Initiated GC) [PSYoungGen: 88064K->59838K(175104K)] 575818K->547593K(699392K), 0.0059753 secs] [Times: user=0.09 sys=0.00, real=0.01 secs] 
2016-09-25T22:41:56.880-0400: 92.441: [GC (GCLocker Initiated GC) [PSYoungGen: 147902K->76940K(175104K)] 635691K->571469K(699392K), 0.0080275 secs] [Times: user=0.09 sys=0.01, real=0.01 secs] 
2016-09-25T22:41:56.888-0400: 92.449: [Full GC (Ergonomics) [PSYoungGen: 76940K->0K(175104K)] [ParOldGen: 494528K->482224K(524288K)] 571469K->482224K(699392K), [Metaspace: 43862K->43862K(1087488K)], 0.0539427 secs] [Times: user=0.52 sys=0.00, real=0.05 secs] 
2016-09-25T22:41:56.996-0400: 92.557: [GC (GCLocker Initiated GC) [PSYoungGen: 88064K->63888K(175104K)] 577186K->553010K(699392K), 0.0059922 secs] [Times: user=0.06 sys=0.00, real=0.01 secs] 
2016-09-25T22:41:57.051-0400: 92.611: [Full GC (Ergonomics) [PSYoungGen: 151952K->0K(175104K)] [ParOldGen: 495882K->472768K(524288K)] 647834K->472768K(699392K), [Metaspace: 43862K->43862K(1087488K)], 0.0551634 secs] [Times: user=0.52 sys=0.02, real=0.06 secs] 
2016-09-25T22:41:57.145-0400: 92.705: [GC (GCLocker Initiated GC) [PSYoungGen: 88064K->56882K(175104K)] 566264K->535082K(699392K), 0.0070162 secs] [Times: user=0.06 sys=0.00, real=0.00 secs] 
2016-09-25T22:41:57.194-0400: 92.755: [GC (GCLocker Initiated GC) [PSYoungGen: 144946K->75711K(175104K)] 627275K->560458K(699392K), 0.0086770 secs] [Times: user=0.12 sys=0.01, real=0.02 secs] 
2016-09-25T22:41:57.245-0400: 92.806: [GC (GCLocker Initiated GC) [PSYoungGen: 163775K->68739K(175104K)] 654069K->574816K(699392K), 0.0072450 secs] [Times: user=0.10 sys=0.00, real=0.00 secs] 
2016-09-25T22:41:57.252-0400: 92.813: [Full GC (Ergonomics) [PSYoungGen: 68739K->0K(175104K)] [ParOldGen: 506077K->482678K(524288K)] 574816K->482678K(699392K), [Metaspace: 43862K->43862K(1087488K)], 0.0564307 secs] [Times: user=0.56 sys=0.00, real=0.06 secs] 
2016-09-25T22:41:57.355-0400: 92.916: [GC (GCLocker Initiated GC) [PSYoungGen: 88064K->50256K(175104K)] 573586K->535779K(699392K), 0.0064666 secs] [Times: user=0.07 sys=0.00, real=0.00 secs] 
2016-09-25T22:41:57.398-0400: 92.959: [GC (GCLocker Initiated GC) [PSYoungGen: 138320K->79833K(175104K)] 629412K->584201K(699392K), 0.0079470 secs] [Times: user=0.12 sys=0.00, real=0.01 secs] 
2016-09-25T22:41:57.406-0400: 92.967: [Full GC (Ergonomics) [PSYoungGen: 79833K->0K(175104K)] [ParOldGen: 504368K->491978K(524288K)] 584201K->491978K(699392K), [Metaspace: 43862K->43862K(1087488K)], 0.0500547 secs] [Times: user=0.47 sys=0.00, real=0.05 secs] 
2016-09-25T22:41:57.511-0400: 93.072: [Full GC (Ergonomics) [PSYoungGen: 88064K->0K(175104K)] [ParOldGen: 500325K->489862K(524288K)] 588389K->489862K(699392K), [Metaspace: 43862K->43862K(1087488K)], 0.0627586 secs] [Times: user=0.59 sys=0.01, real=0.06 secs] 
2016-09-25T22:41:57.620-0400: 93.181: [Full GC (Ergonomics) [PSYoungGen: 88064K->0K(175104K)] [ParOldGen: 496753K->482416K(524288K)] 584817K->482416K(699392K), [Metaspace: 43865K->43865K(1087488K)], 0.0550671 secs] [Times: user=0.55 sys=0.00, real=0.06 secs] 
2016-09-25T22:41:57.716-0400: 93.277: [GC (GCLocker Initiated GC) [PSYoungGen: 88064K->73113K(175104K)] 572067K->557116K(699392K), 0.0082454 secs] [Times: user=0.12 sys=0.00, real=0.01 secs] 
2016-09-25T22:41:57.775-0400: 93.336: [GC (GCLocker Initiated GC) [PSYoungGen: 161177K->66101K(175104K)] 649262K->567444K(699392K), 0.0079032 secs] [Times: user=0.10 sys=0.00, real=0.01 secs] 
2016-09-25T22:41:57.783-0400: 93.344: [Full GC (Ergonomics) [PSYoungGen: 66101K->0K(175104K)] [ParOldGen: 501342K->478144K(524288K)] 567444K->478144K(699392K), [Metaspace: 43870K->43870K(1087488K)], 0.0518496 secs] [Times: user=0.50 sys=0.01, real=0.05 secs] 
2016-09-25T22:41:57.879-0400: 93.440: [GC (GCLocker Initiated GC) [PSYoungGen: 88064K->86584K(175104K)] 566446K->564975K(699392K), 0.0096404 secs] [Times: user=0.09 sys=0.01, real=0.01 secs] 
2016-09-25T22:41:57.932-0400: 93.493: [GC (GCLocker Initiated GC) [PSYoungGen: 174648K->56753K(175104K)] 659859K->570057K(699392K), 0.0087258 secs] [Times: user=0.11 sys=0.00, real=0.01 secs] 
2016-09-25T22:41:57.941-0400: 93.502: [Full GC (Ergonomics) [PSYoungGen: 56753K->0K(175104K)] [ParOldGen: 513304K->487480K(524288K)] 570057K->487480K(699392K), [Metaspace: 43898K->43898K(1087488K)], 0.0523364 secs] [Times: user=0.49 sys=0.00, real=0.05 secs] 
2016-09-25T22:41:58.039-0400: 93.600: [Full GC (Ergonomics) [PSYoungGen: 88064K->0K(175104K)] [ParOldGen: 494288K->487988K(524288K)] 582352K->487988K(699392K), [Metaspace: 43898K->43898K(1087488K)], 0.0592116 secs] [Times: user=0.57 sys=0.00, real=0.06 secs] 
2016-09-25T22:41:58.139-0400: 93.700: [GC (GCLocker Initiated GC) [PSYoungGen: 88064K->67811K(175104K)] 576228K->555976K(699392K), 0.0071074 secs] [Times: user=0.09 sys=0.00, real=0.01 secs] 
2016-09-25T22:41:58.178-0400: 93.738: [GC (GCLocker Initiated GC) [PSYoungGen: 155875K->64887K(175104K)] 645589K->561146K(699392K), 0.0117694 secs] [Times: user=0.16 sys=0.00, real=0.01 secs] 
2016-09-25T22:41:58.190-0400: 93.750: [Full GC (Ergonomics) [PSYoungGen: 64887K->0K(175104K)] [ParOldGen: 496258K->489234K(524288K)] 561146K->489234K(699392K), [Metaspace: 43898K->43898K(1087488K)], 0.0616399 secs] [Times: user=0.55 sys=0.00, real=0.06 secs] 
2016-09-25T22:41:58.300-0400: 93.861: [Full GC (Ergonomics) [PSYoungGen: 88064K->0K(175104K)] [ParOldGen: 500472K->483099K(524288K)] 588536K->483099K(699392K), [Metaspace: 43898K->43898K(1087488K)], 0.0772964 secs] [Times: user=0.93 sys=0.01, real=0.08 secs] 
2016-09-25T22:41:58.412-0400: 93.973: [GC (GCLocker Initiated GC) [PSYoungGen: 88064K->86457K(175104K)] 571284K->575077K(699392K), 0.0081909 secs] [Times: user=0.12 sys=0.00, real=0.01 secs] 
2016-09-25T22:41:58.461-0400: 94.022: [GC (GCLocker Initiated GC) --[PSYoungGen: 174521K->174521K(175104K)] 665889K->697870K(699392K), 0.0106706 secs] [Times: user=0.09 sys=0.00, real=0.01 secs] 
2016-09-25T22:41:58.472-0400: 94.033: [Full GC (Ergonomics) [PSYoungGen: 174521K->0K(175104K)] [ParOldGen: 523349K->482584K(524288K)] 697870K->482584K(699392K), [Metaspace: 43898K->43898K(1087488K)], 0.0546496 secs] [Times: user=0.54 sys=0.00, real=0.06 secs] 
2016-09-25T22:41:58.565-0400: 94.125: [GC (GCLocker Initiated GC) [PSYoungGen: 88064K->85587K(175104K)] 573556K->573780K(699392K), 0.0083885 secs] [Times: user=0.13 sys=0.00, real=0.00 secs] 
2016-09-25T22:41:58.611-0400: 94.172: [GC (GCLocker Initiated GC) [PSYoungGen: 173651K->72605K(175104K)] 661897K->577076K(699392K), 0.0078718 secs] [Times: user=0.12 sys=0.00, real=0.01 secs] 
2016-09-25T22:41:58.619-0400: 94.180: [Full GC (Ergonomics) [PSYoungGen: 72605K->0K(175104K)] [ParOldGen: 504470K->486333K(524288K)] 577076K->486333K(699392K), [Metaspace: 43898K->43898K(1087488K)], 0.0587285 secs] [Times: user=0.57 sys=0.01, real=0.06 secs] 
2016-09-25T22:41:58.719-0400: 94.280: [GC (GCLocker Initiated GC) [PSYoungGen: 88064K->71961K(175104K)] 582584K->566481K(699392K), 0.0072356 secs] [Times: user=0.11 sys=0.00, real=0.01 secs] 
2016-09-25T22:41:58.760-0400: 94.320: [GC (GCLocker Initiated GC) [PSYoungGen: 160025K->67430K(175104K)] 654615K->583568K(699392K), 0.0322644 secs] [Times: user=0.45 sys=0.00, real=0.03 secs] 
2016-09-25T22:41:58.792-0400: 94.353: [Full GC (Ergonomics) [PSYoungGen: 67430K->0K(175104K)] [ParOldGen: 516137K->492915K(524288K)] 583568K->492915K(699392K), [Metaspace: 43898K->43898K(1087488K)], 0.0553555 secs] [Times: user=0.45 sys=0.00, real=0.06 secs] 
2016-09-25T22:41:58.887-0400: 94.448: [Full GC (Ergonomics) [PSYoungGen: 88064K->0K(175104K)] [ParOldGen: 496936K->482886K(524288K)] 585000K->482886K(699392K), [Metaspace: 43898K->43898K(1087488K)], 0.0509967 secs] [Times: user=0.38 sys=0.00, real=0.05 secs] 
2016-09-25T22:41:58.979-0400: 94.540: [GC (GCLocker Initiated GC) [PSYoungGen: 88064K->73024K(175104K)] 575117K->560077K(699392K), 0.0132108 secs] [Times: user=0.20 sys=0.00, real=0.01 secs] 
2016-09-25T22:41:59.028-0400: 94.588: [GC (GCLocker Initiated GC) [PSYoungGen: 161088K->64828K(175104K)] 653633K->586804K(699392K), 0.0122974 secs] [Times: user=0.19 sys=0.00, real=0.01 secs] 
2016-09-25T22:41:59.040-0400: 94.601: [Full GC (Ergonomics) [PSYoungGen: 64828K->0K(175104K)] [ParOldGen: 521976K->493269K(524288K)] 586804K->493269K(699392K), [Metaspace: 43898K->43898K(1087488K)], 0.0534062 secs] [Times: user=0.51 sys=0.00, real=0.05 secs] 
2016-09-25T22:41:59.133-0400: 94.694: [Full GC (Ergonomics) [PSYoungGen: 88064K->0K(175104K)] [ParOldGen: 498748K->497761K(524288K)] 586812K->497761K(699392K), [Metaspace: 43898K->43898K(1087488K)], 0.0517106 secs] [Times: user=0.44 sys=0.01, real=0.06 secs] 
2016-09-25T22:41:59.234-0400: 94.795: [Full GC (Ergonomics) [PSYoungGen: 88064K->0K(175104K)] [ParOldGen: 507261K->487616K(524288K)] 595325K->487616K(699392K), [Metaspace: 43898K->43898K(1087488K)], 0.0526399 secs] [Times: user=0.51 sys=0.00, real=0.05 secs] 
2016-09-25T22:41:59.323-0400: 94.884: [Full GC (Ergonomics) [PSYoungGen: 88064K->0K(175104K)] [ParOldGen: 493096K->498970K(524288K)] 581160K->498970K(699392K), [Metaspace: 43898K->43898K(1087488K)], 0.0567340 secs] [Times: user=0.51 sys=0.00, real=0.05 secs] 
2016-09-25T22:41:59.423-0400: 94.984: [Full GC (Ergonomics) [PSYoungGen: 88064K->0K(175104K)] [ParOldGen: 499040K->491432K(524288K)] 587104K->491432K(699392K), [Metaspace: 43898K->43898K(1087488K)], 0.0553085 secs] [Times: user=0.50 sys=0.00, real=0.05 secs] 
2016-09-25T22:41:59.524-0400: 95.085: [Full GC (Ergonomics) [PSYoungGen: 87047K->0K(175104K)] [ParOldGen: 499532K->494688K(524288K)] 586580K->494688K(699392K), [Metaspace: 43898K->43898K(1087488K)], 0.0577345 secs] [Times: user=0.53 sys=0.01, real=0.06 secs] 
2016-09-25T22:41:59.618-0400: 95.178: [Full GC (Ergonomics) [PSYoungGen: 88064K->0K(175104K)] [ParOldGen: 496079K->489782K(524288K)] 584143K->489782K(699392K), [Metaspace: 43898K->43898K(1087488K)], 0.0686873 secs] [Times: user=0.62 sys=0.01, real=0.07 secs] 
2016-09-25T22:41:59.729-0400: 95.290: [Full GC (Ergonomics) [PSYoungGen: 88064K->0K(175104K)] [ParOldGen: 493922K->490382K(524288K)] 581986K->490382K(699392K), [Metaspace: 43898K->43898K(1087488K)], 0.0627783 secs] [Times: user=0.53 sys=0.00, real=0.06 secs] 
2016-09-25T22:41:59.837-0400: 95.398: [Full GC (Ergonomics) [PSYoungGen: 88064K->0K(175104K)] [ParOldGen: 490638K->481582K(524288K)] 578702K->481582K(699392K), [Metaspace: 43898K->43898K(1087488K)], 0.0587450 secs] [Times: user=0.60 sys=0.00, real=0.06 secs] 
2016-09-25T22:41:59.930-0400: 95.491: [GC (GCLocker Initiated GC) [PSYoungGen: 88064K->75694K(175104K)] 570038K->557668K(699392K), 0.0076050 secs] [Times: user=0.11 sys=0.00, real=0.01 secs] 
2016-09-25T22:41:59.983-0400: 95.544: [Full GC (Ergonomics) [PSYoungGen: 163758K->0K(175104K)] [ParOldGen: 491508K->500263K(524288K)] 655267K->500263K(699392K), [Metaspace: 43898K->43898K(1087488K)], 0.0632646 secs] [Times: user=0.53 sys=0.00, real=0.06 secs] 
2016-09-25T22:42:00.092-0400: 95.653: [Full GC (Ergonomics) [PSYoungGen: 88064K->0K(175104K)] [ParOldGen: 503011K->500838K(524288K)] 591075K->500838K(699392K), [Metaspace: 43898K->43898K(1087488K)], 0.0513263 secs] [Times: user=0.44 sys=0.00, real=0.06 secs] 
2016-09-25T22:42:00.179-0400: 95.740: [Full GC (Ergonomics) [PSYoungGen: 88064K->0K(175104K)] [ParOldGen: 500862K->501379K(524288K)] 588926K->501379K(699392K), [Metaspace: 43898K->43898K(1087488K)], 0.0502521 secs] [Times: user=0.41 sys=0.01, real=0.05 secs] 
2016-09-25T22:42:00.285-0400: 95.846: [Full GC (Ergonomics) [PSYoungGen: 88064K->0K(175104K)] [ParOldGen: 507015K->488471K(524288K)] 595079K->488471K(699392K), [Metaspace: 43898K->43898K(1087488K)], 0.0605857 secs] [Times: user=0.57 sys=0.01, real=0.06 secs] 
2016-09-25T22:42:00.378-0400: 95.939: [Full GC (Ergonomics) [PSYoungGen: 88064K->0K(175104K)] [ParOldGen: 500140K->501603K(524288K)] 588204K->501603K(699392K), [Metaspace: 43899K->43899K(1087488K)], 0.0573855 secs] [Times: user=0.51 sys=0.00, real=0.06 secs] 
2016-09-25T22:42:00.486-0400: 96.047: [Full GC (Ergonomics) [PSYoungGen: 88064K->0K(175104K)] [ParOldGen: 505724K->489683K(524288K)] 593788K->489683K(699392K), [Metaspace: 43899K->43899K(1087488K)], 0.0579594 secs] [Times: user=0.54 sys=0.02, real=0.06 secs] 
2016-09-25T22:42:00.585-0400: 96.146: [Full GC (Ergonomics) [PSYoungGen: 88064K->0K(175104K)] [ParOldGen: 492512K->495640K(524288K)] 580576K->495640K(699392K), [Metaspace: 43899K->43899K(1087488K)], 0.0563131 secs] [Times: user=0.55 sys=0.00, real=0.05 secs] 
2016-09-25T22:42:00.684-0400: 96.245: [Full GC (Ergonomics) [PSYoungGen: 88064K->0K(175104K)] [ParOldGen: 498460K->500883K(524288K)] 586524K->500883K(699392K), [Metaspace: 43905K->43905K(1087488K)], 0.0813785 secs] [Times: user=1.01 sys=0.00, real=0.08 secs] 
2016-09-25T22:42:00.810-0400: 96.371: [Full GC (Ergonomics) [PSYoungGen: 88064K->0K(175104K)] [ParOldGen: 510485K->496185K(524288K)] 598549K->496185K(699392K), [Metaspace: 43905K->43905K(1087488K)], 0.0548277 secs] [Times: user=0.53 sys=0.00, real=0.06 secs] 
2016-09-25T22:42:00.906-0400: 96.466: [Full GC (Ergonomics) [PSYoungGen: 88064K->0K(175104K)] [ParOldGen: 496352K->499313K(524288K)] 584416K->499313K(699392K), [Metaspace: 43907K->43907K(1087488K)], 0.0553752 secs] [Times: user=0.52 sys=0.01, real=0.05 secs] 
2016-09-25T22:42:01.004-0400: 96.565: [Full GC (Ergonomics) [PSYoungGen: 88064K->0K(175104K)] [ParOldGen: 502271K->497180K(524288K)] 590335K->497180K(699392K), [Metaspace: 43907K->43907K(1087488K)], 0.0512688 secs] [Times: user=0.48 sys=0.00, real=0.05 secs] 
2016-09-25T22:42:01.102-0400: 96.663: [Full GC (Ergonomics) [PSYoungGen: 88064K->0K(175104K)] [ParOldGen: 502618K->492320K(524288K)] 590682K->492320K(699392K), [Metaspace: 43907K->43907K(1087488K)], 0.0605071 secs] [Times: user=0.55 sys=0.01, real=0.06 secs] 
2016-09-25T22:42:01.203-0400: 96.764: [Full GC (Ergonomics) [PSYoungGen: 88064K->0K(175104K)] [ParOldGen: 499110K->498425K(524288K)] 587174K->498425K(699392K), [Metaspace: 43907K->43907K(1087488K)], 0.0659555 secs] [Times: user=0.58 sys=0.02, real=0.06 secs] 
2016-09-25T22:42:01.313-0400: 96.874: [Full GC (Ergonomics) [PSYoungGen: 88064K->0K(175104K)] [ParOldGen: 505414K->488601K(524288K)] 593478K->488601K(699392K), [Metaspace: 43907K->43907K(1087488K)], 0.0536210 secs] [Times: user=0.52 sys=0.00, real=0.06 secs] 
2016-09-25T22:42:01.402-0400: 96.962: [Full GC (Ergonomics) [PSYoungGen: 88064K->0K(175104K)] [ParOldGen: 491411K->496809K(524288K)] 579475K->496809K(699392K), [Metaspace: 43907K->43907K(1087488K)], 0.0525846 secs] [Times: user=0.47 sys=0.00, real=0.06 secs] 
2016-09-25T22:42:01.493-0400: 97.053: [Full GC (Ergonomics) [PSYoungGen: 88064K->0K(175104K)] [ParOldGen: 499593K->500138K(524288K)] 587657K->500138K(699392K), [Metaspace: 43907K->43907K(1087488K)], 0.0568889 secs] [Times: user=0.58 sys=0.02, real=0.06 secs] 
2016-09-25T22:42:01.593-0400: 97.154: [Full GC (Ergonomics) [PSYoungGen: 88064K->0K(175104K)] [ParOldGen: 503013K->500717K(524288K)] 591077K->500717K(699392K), [Metaspace: 43907K->43907K(1087488K)], 0.0560571 secs] [Times: user=0.49 sys=0.01, real=0.06 secs] 
2016-09-25T22:42:01.692-0400: 97.253: [Full GC (Ergonomics) [PSYoungGen: 88064K->0K(175104K)] [ParOldGen: 507587K->501350K(524288K)] 595651K->501350K(699392K), [Metaspace: 43907K->43907K(1087488K)], 0.0556213 secs] [Times: user=0.49 sys=0.00, real=0.06 secs] 
2016-09-25T22:42:01.790-0400: 97.351: [Full GC (Ergonomics) [PSYoungGen: 88061K->0K(175104K)] [ParOldGen: 504306K->504547K(524288K)] 592368K->504547K(699392K), [Metaspace: 43907K->43907K(1087488K)], 0.0616636 secs] [Times: user=0.63 sys=0.01, real=0.06 secs] 
2016-09-25T22:42:01.893-0400: 97.454: [Full GC (Ergonomics) [PSYoungGen: 88064K->0K(175104K)] [ParOldGen: 514177K->499701K(524288K)] 602241K->499701K(699392K), [Metaspace: 43907K->43907K(1087488K)], 0.0566013 secs] [Times: user=0.53 sys=0.00, real=0.06 secs] 
2016-09-25T22:42:01.997-0400: 97.558: [Full GC (Ergonomics) [PSYoungGen: 88064K->0K(175104K)] [ParOldGen: 499827K->497474K(524288K)] 587891K->497474K(699392K), [Metaspace: 43907K->43907K(1087488K)], 0.0556708 secs] [Times: user=0.55 sys=0.00, real=0.05 secs] 
2016-09-25T22:42:02.082-0400: 97.643: [Full GC (Ergonomics) [PSYoungGen: 88064K->0K(175104K)] [ParOldGen: 500246K->506209K(524288K)] 588310K->506209K(699392K), [Metaspace: 43907K->43907K(1087488K)], 0.0577547 secs] [Times: user=0.60 sys=0.00, real=0.05 secs] 
2016-09-25T22:42:02.185-0400: 97.746: [Full GC (Ergonomics) [PSYoungGen: 88064K->0K(175104K)] [ParOldGen: 513116K->506852K(524288K)] 601180K->506852K(699392K), [Metaspace: 43917K->43917K(1087488K)], 0.0565032 secs] [Times: user=0.55 sys=0.01, real=0.05 secs] 
2016-09-25T22:42:02.288-0400: 97.849: [Full GC (Ergonomics) [PSYoungGen: 88064K->0K(175104K)] [ParOldGen: 520489K->504835K(524288K)] 608553K->504835K(699392K), [Metaspace: 43917K->43917K(1087488K)], 0.0505400 secs] [Times: user=0.42 sys=0.00, real=0.05 secs] 
2016-09-25T22:42:02.386-0400: 97.947: [Full GC (Ergonomics) [PSYoungGen: 88064K->0K(175104K)] [ParOldGen: 510375K->502694K(524288K)] 598439K->502694K(699392K), [Metaspace: 43917K->43917K(1087488K)], 0.0572739 secs] [Times: user=0.56 sys=0.01, real=0.06 secs] 
2016-09-25T22:42:02.483-0400: 98.044: [Full GC (Ergonomics) [PSYoungGen: 88064K->0K(175104K)] [ParOldGen: 506835K->503399K(524288K)] 594899K->503399K(699392K), [Metaspace: 43917K->43917K(1087488K)], 0.0601044 secs] [Times: user=0.64 sys=0.00, real=0.06 secs] 
2016-09-25T22:42:02.588-0400: 98.149: [Full GC (Ergonomics) [PSYoungGen: 88064K->0K(175104K)] [ParOldGen: 508856K->509303K(524288K)] 596920K->509303K(699392K), [Metaspace: 43917K->43917K(1087488K)], 0.0568125 secs] [Times: user=0.58 sys=0.00, real=0.06 secs] 
2016-09-25T22:42:02.690-0400: 98.250: [Full GC (Ergonomics) [PSYoungGen: 88064K->0K(175104K)] [ParOldGen: 514767K->501975K(524288K)] 602831K->501975K(699392K), [Metaspace: 43917K->43917K(1087488K)], 0.0597913 secs] [Times: user=0.51 sys=0.01, real=0.06 secs] 
2016-09-25T22:42:02.796-0400: 98.357: [Full GC (Ergonomics) [PSYoungGen: 88064K->0K(175104K)] [ParOldGen: 510187K->507241K(524288K)] 598251K->507241K(699392K), [Metaspace: 43917K->43917K(1087488K)], 0.1031243 secs] [Times: user=1.17 sys=0.03, real=0.10 secs] 
2016-09-25T22:42:02.943-0400: 98.504: [Full GC (Ergonomics) [PSYoungGen: 88064K->0K(175104K)] [ParOldGen: 512708K->499698K(524288K)] 600772K->499698K(699392K), [Metaspace: 43917K->43917K(1087488K)], 0.0561304 secs] [Times: user=0.55 sys=0.00, real=0.05 secs] 
2016-09-25T22:42:03.032-0400: 98.592: [Full GC (Ergonomics) [PSYoungGen: 88064K->0K(175104K)] [ParOldGen: 502580K->508425K(524288K)] 590644K->508425K(699392K), [Metaspace: 43917K->43917K(1087488K)], 0.0541895 secs] [Times: user=0.50 sys=0.00, real=0.06 secs] 
2016-09-25T22:42:03.142-0400: 98.703: [Full GC (Ergonomics) [PSYoungGen: 88064K->0K(175104K)] [ParOldGen: 510034K->503624K(524288K)] 598098K->503624K(699392K), [Metaspace: 43917K->43917K(1087488K)], 0.0570160 secs] [Times: user=0.55 sys=0.01, real=0.05 secs] 
2016-09-25T22:42:03.239-0400: 98.799: [Full GC (Ergonomics) [PSYoungGen: 88064K->0K(175104K)] [ParOldGen: 506394K->501442K(524288K)] 594458K->501442K(699392K), [Metaspace: 43917K->43917K(1087488K)], 0.0546893 secs] [Times: user=0.51 sys=0.00, real=0.05 secs] 
2016-09-25T22:42:03.330-0400: 98.890: [Full GC (Ergonomics) [PSYoungGen: 88064K->0K(175104K)] [ParOldGen: 504181K->510155K(524288K)] 592245K->510155K(699392K), [Metaspace: 43917K->43917K(1087488K)], 0.0561294 secs] [Times: user=0.53 sys=0.00, real=0.06 secs] 
2016-09-25T22:42:03.430-0400: 98.991: [Full GC (Ergonomics) [PSYoungGen: 88064K->0K(175104K)] [ParOldGen: 515778K->513523K(524288K)] 603842K->513523K(699392K), [Metaspace: 43917K->43917K(1087488K)], 0.0523382 secs] [Times: user=0.46 sys=0.00, real=0.06 secs] 
2016-09-25T22:42:03.532-0400: 99.093: [Full GC (Ergonomics) [PSYoungGen: 88064K->0K(175104K)] [ParOldGen: 513682K->503098K(524288K)] 601746K->503098K(699392K), [Metaspace: 43917K->43917K(1087488K)], 0.0582222 secs] [Times: user=0.58 sys=0.01, real=0.06 secs] 
2016-09-25T22:42:03.624-0400: 99.184: [Full GC (Ergonomics) [PSYoungGen: 88064K->0K(175104K)] [ParOldGen: 503273K->514525K(524288K)] 591337K->514525K(699392K), [Metaspace: 43917K->43917K(1087488K)], 0.0495562 secs] [Times: user=0.43 sys=0.01, real=0.04 secs] 
2016-09-25T22:42:03.710-0400: 99.270: [Full GC (Ergonomics) [PSYoungGen: 88064K->0K(175104K)] [ParOldGen: 517269K->512339K(524288K)] 605333K->512339K(699392K), [Metaspace: 43918K->43918K(1087488K)], 0.0589004 secs] [Times: user=0.54 sys=0.01, real=0.06 secs] 
2016-09-25T22:42:03.814-0400: 99.375: [Full GC (Ergonomics) [PSYoungGen: 88064K->0K(175104K)] [ParOldGen: 520563K->511616K(524288K)] 608627K->511616K(699392K), [Metaspace: 43918K->43918K(1087488K)], 0.0513223 secs] [Times: user=0.43 sys=0.01, real=0.06 secs] 
2016-09-25T22:42:03.907-0400: 99.468: [Full GC (Ergonomics) [PSYoungGen: 88064K->0K(175104K)] [ParOldGen: 517759K->504059K(524288K)] 605823K->504059K(699392K), [Metaspace: 43918K->43918K(1087488K)], 0.0573495 secs] [Times: user=0.53 sys=0.01, real=0.06 secs] 
2016-09-25T22:42:03.999-0400: 99.559: [Full GC (Ergonomics) [PSYoungGen: 88064K->0K(175104K)] [ParOldGen: 509598K->519470K(524288K)] 597662K->519470K(699392K), [Metaspace: 43918K->43918K(1087488K)], 0.0585994 secs] [Times: user=0.56 sys=0.00, real=0.06 secs] 
2016-09-25T22:42:04.102-0400: 99.662: [Full GC (Ergonomics) [PSYoungGen: 88064K->0K(175104K)] [ParOldGen: 523828K->508075K(524288K)] 611892K->508075K(699392K), [Metaspace: 43918K->43918K(1087488K)], 0.0681860 secs] [Times: user=0.67 sys=0.02, real=0.07 secs] 
2016-09-25T22:42:04.216-0400: 99.777: [Full GC (Ergonomics) [PSYoungGen: 88064K->0K(175104K)] [ParOldGen: 510891K->512615K(524288K)] 598955K->512615K(699392K), [Metaspace: 43918K->43918K(1087488K)], 0.0566969 secs] [Times: user=0.48 sys=0.00, real=0.05 secs] 
2016-09-25T22:42:04.311-0400: 99.872: [Full GC (Ergonomics) [PSYoungGen: 88064K->0K(175104K)] [ParOldGen: 512858K->515991K(524288K)] 600922K->515991K(699392K), [Metaspace: 43918K->43918K(1087488K)], 0.0655304 secs] [Times: user=0.54 sys=0.00, real=0.07 secs] 
2016-09-25T22:42:04.427-0400: 99.988: [Full GC (Ergonomics) [PSYoungGen: 88064K->0K(175104K)] [ParOldGen: 516815K->507334K(524288K)] 604879K->507334K(699392K), [Metaspace: 43918K->43918K(1087488K)], 0.0539019 secs] [Times: user=0.42 sys=0.01, real=0.05 secs] 
2016-09-25T22:42:04.507-0400: 100.068: [Full GC (Ergonomics) [PSYoungGen: 88064K->2700K(175104K)] [ParOldGen: 507536K->522626K(524288K)] 595600K->525327K(699392K), [Metaspace: 43918K->43918K(1087488K)], 0.0561172 secs] [Times: user=0.51 sys=0.00, real=0.06 secs] 
2016-09-25T22:42:04.603-0400: 100.164: [Full GC (Ergonomics) [PSYoungGen: 88064K->0K(175104K)] [ParOldGen: 522780K->515147K(524288K)] 610844K->515147K(699392K), [Metaspace: 43918K->43918K(1087488K)], 0.0511808 secs] [Times: user=0.43 sys=0.01, real=0.05 secs] 
2016-09-25T22:42:04.699-0400: 100.260: [Full GC (Ergonomics) [PSYoungGen: 88064K->0K(175104K)] [ParOldGen: 520604K->510260K(524288K)] 608668K->510260K(699392K), [Metaspace: 43921K->43921K(1087488K)], 0.0560281 secs] [Times: user=0.56 sys=0.00, real=0.06 secs] 
2016-09-25T22:42:04.790-0400: 100.350: [Full GC (Ergonomics) [PSYoungGen: 88064K->2700K(175104K)] [ParOldGen: 510522K->521652K(524288K)] 598586K->524352K(699392K), [Metaspace: 43921K->43921K(1087488K)], 0.0905869 secs] [Times: user=1.13 sys=0.02, real=0.09 secs] 
2016-09-25T22:42:04.920-0400: 100.481: [Full GC (Ergonomics) [PSYoungGen: 86361K->0K(175104K)] [ParOldGen: 521652K->511409K(524288K)] 608013K->511409K(699392K), [Metaspace: 43921K->43921K(1087488K)], 0.0515083 secs] [Times: user=0.44 sys=0.00, real=0.05 secs] 
2016-09-25T22:42:05.010-0400: 100.571: [Full GC (Ergonomics) [PSYoungGen: 88064K->0K(175104K)] [ParOldGen: 512582K->513348K(524288K)] 600646K->513348K(699392K), [Metaspace: 43921K->43921K(1087488K)], 0.0510602 secs] [Times: user=0.45 sys=0.01, real=0.05 secs] 
2016-09-25T22:42:05.096-0400: 100.656: [Full GC (Ergonomics) [PSYoungGen: 88064K->0K(175104K)] [ParOldGen: 513444K->518001K(524288K)] 601508K->518001K(699392K), [Metaspace: 43921K->43921K(1087488K)], 0.0553637 secs] [Times: user=0.50 sys=0.00, real=0.05 secs] 
2016-09-25T22:42:05.193-0400: 100.754: [Full GC (Ergonomics) [PSYoungGen: 88064K->0K(175104K)] [ParOldGen: 523413K->518741K(524288K)] 611477K->518741K(699392K), [Metaspace: 43937K->43937K(1087488K)], 0.0575527 secs] [Times: user=0.58 sys=0.00, real=0.06 secs] 
2016-09-25T22:42:05.297-0400: 100.857: [Full GC (Ergonomics) [PSYoungGen: 88064K->0K(175104K)] [ParOldGen: 524184K->516528K(524288K)] 612248K->516528K(699392K), [Metaspace: 43963K->43963K(1087488K)], 0.0558694 secs] [Times: user=0.61 sys=0.01, real=0.05 secs] 
2016-09-25T22:42:05.395-0400: 100.956: [Full GC (Ergonomics) [PSYoungGen: 88064K->0K(175104K)] [ParOldGen: 519291K->514374K(524288K)] 607355K->514374K(699392K), [Metaspace: 43967K->43967K(1087488K)], 0.0551718 secs] [Times: user=0.61 sys=0.00, real=0.05 secs] 
2016-09-25T22:42:05.490-0400: 101.050: [Full GC (Ergonomics) [PSYoungGen: 88064K->0K(175104K)] [ParOldGen: 516534K->514959K(524288K)] 604598K->514959K(699392K), [Metaspace: 43970K->43970K(1087488K)], 0.0542335 secs] [Times: user=0.59 sys=0.02, real=0.06 secs] 
2016-09-25T22:42:05.583-0400: 101.143: [Full GC (Ergonomics) [PSYoungGen: 88064K->0K(175104K)] [ParOldGen: 515224K->520934K(524288K)] 603288K->520934K(699392K), [Metaspace: 43970K->43970K(1087488K)], 0.0548485 secs] [Times: user=0.52 sys=0.01, real=0.05 secs] 
2016-09-25T22:42:05.684-0400: 101.245: [Full GC (Ergonomics) [PSYoungGen: 88064K->0K(175104K)] [ParOldGen: 523885K->520199K(524288K)] 611949K->520199K(699392K), [Metaspace: 43970K->43970K(1087488K)], 0.0588399 secs] [Times: user=0.63 sys=0.02, real=0.06 secs] 
2016-09-25T22:42:05.786-0400: 101.346: [Full GC (Ergonomics) [PSYoungGen: 88064K->0K(175104K)] [ParOldGen: 522924K->516699K(524288K)] 610988K->516699K(699392K), [Metaspace: 43970K->43970K(1087488K)], 0.0582238 secs] [Times: user=0.58 sys=0.00, real=0.06 secs] 
2016-09-25T22:42:05.891-0400: 101.452: [Full GC (Ergonomics) [PSYoungGen: 88064K->0K(175104K)] [ParOldGen: 523495K->513413K(524288K)] 611559K->513413K(699392K), [Metaspace: 43974K->43974K(1087488K)], 0.0675082 secs] [Times: user=0.61 sys=0.02, real=0.07 secs] 
2016-09-25T22:42:06.000-0400: 101.561: [Full GC (Ergonomics) [PSYoungGen: 88064K->2700K(175104K)] [ParOldGen: 516195K->521655K(524288K)] 604259K->524355K(699392K), [Metaspace: 43974K->43974K(1087488K)], 0.1255873 secs] [Times: user=1.83 sys=0.02, real=0.13 secs] 
2016-09-25T22:42:06.176-0400: 101.736: [Full GC (Ergonomics) [PSYoungGen: 88064K->0K(175104K)] [ParOldGen: 523635K->503705K(524288K)] 611699K->503705K(699392K), [Metaspace: 43974K->43974K(1087488K)], 0.0569838 secs] [Times: user=0.63 sys=0.01, real=0.05 secs] 
2016-09-25T22:42:06.268-0400: 101.829: [Full GC (Ergonomics) [PSYoungGen: 88064K->0K(175104K)] [ParOldGen: 506524K->514957K(524288K)] 594588K->514957K(699392K), [Metaspace: 43974K->43974K(1087488K)], 0.0588863 secs] [Times: user=0.66 sys=0.02, real=0.06 secs] 
2016-09-25T22:42:06.369-0400: 101.930: [Full GC (Ergonomics) [PSYoungGen: 88064K->0K(175104K)] [ParOldGen: 520476K->523818K(524288K)] 608540K->523818K(699392K), [Metaspace: 43977K->43977K(1087488K)], 0.0550489 secs] [Times: user=0.59 sys=0.00, real=0.06 secs] 
2016-09-25T22:42:06.466-0400: 102.027: [Full GC (Ergonomics) [PSYoungGen: 86322K->0K(175104K)] [ParOldGen: 523818K->519119K(524288K)] 610141K->519119K(699392K), [Metaspace: 43977K->43977K(1087488K)], 0.0593774 secs] [Times: user=0.67 sys=0.01, real=0.06 secs] 
2016-09-25T22:42:06.572-0400: 102.132: [Full GC (Ergonomics) [PSYoungGen: 88064K->0K(175104K)] [ParOldGen: 521861K->521030K(524288K)] 609925K->521030K(699392K), [Metaspace: 43977K->43977K(1087488K)], 0.0559610 secs] [Times: user=0.62 sys=0.00, real=0.06 secs] 
2016-09-25T22:42:06.667-0400: 102.227: [Full GC (Ergonomics) [PSYoungGen: 88064K->0K(175104K)] [ParOldGen: 521744K->516280K(524288K)] 609808K->516280K(699392K), [Metaspace: 43980K->43980K(1087488K)], 0.0626794 secs] [Times: user=0.67 sys=0.02, real=0.06 secs] 
2016-09-25T22:42:06.774-0400: 102.335: [Full GC (Ergonomics) [PSYoungGen: 88064K->6817K(175104K)] [ParOldGen: 521807K->521654K(524288K)] 609871K->528471K(699392K), [Metaspace: 43980K->43980K(1087488K)], 0.1399841 secs] [Times: user=2.01 sys=0.00, real=0.14 secs] 
2016-09-25T22:42:06.952-0400: 102.513: [Full GC (Ergonomics) [PSYoungGen: 88064K->0K(175104K)] [ParOldGen: 521691K->520840K(524288K)] 609755K->520840K(699392K), [Metaspace: 43980K->43980K(1087488K)], 0.0543663 secs] [Times: user=0.59 sys=0.01, real=0.06 secs] 
2016-09-25T22:42:07.056-0400: 102.617: [Full GC (Ergonomics) [PSYoungGen: 88047K->0K(175104K)] [ParOldGen: 523540K->518855K(524288K)] 611588K->518855K(699392K), [Metaspace: 43980K->43980K(1087488K)], 0.0588669 secs] [Times: user=0.68 sys=0.00, real=0.06 secs] 
2016-09-25T22:42:07.156-0400: 102.717: [Full GC (Ergonomics) [PSYoungGen: 88064K->0K(175104K)] [ParOldGen: 518936K->519570K(524288K)] 607000K->519570K(699392K), [Metaspace: 43982K->43982K(1087488K)], 0.0544492 secs] [Times: user=0.57 sys=0.01, real=0.05 secs] 
2016-09-25T22:42:07.253-0400: 102.814: [Full GC (Ergonomics) [PSYoungGen: 86452K->8113K(175104K)] [ParOldGen: 522270K->522481K(524288K)] 608723K->530594K(699392K), [Metaspace: 43982K->43982K(1087488K)], 0.1730212 secs] [Times: user=2.53 sys=0.03, real=0.18 secs] 
2016-09-25T22:42:07.478-0400: 103.039: [Full GC (Ergonomics) [PSYoungGen: 87192K->0K(175104K)] [ParOldGen: 523831K->515061K(524288K)] 611024K->515061K(699392K), [Metaspace: 43982K->43982K(1087488K)], 0.0583458 secs] [Times: user=0.57 sys=0.01, real=0.06 secs] 
2016-09-25T22:42:07.575-0400: 103.136: [Full GC (Ergonomics) [PSYoungGen: 88064K->2700K(175104K)] [ParOldGen: 517849K->523562K(524288K)] 605913K->526262K(699392K), [Metaspace: 43982K->43982K(1087488K)], 0.1511928 secs] [Times: user=2.14 sys=0.01, real=0.15 secs] 
2016-09-25T22:42:07.776-0400: 103.337: [Full GC (Ergonomics) [PSYoungGen: 85399K->2700K(175104K)] [ParOldGen: 523562K->524208K(524288K)] 608961K->526908K(699392K), [Metaspace: 43982K->43982K(1087488K)], 0.1711708 secs] [Times: user=2.51 sys=0.02, real=0.17 secs] 
2016-09-25T22:42:07.997-0400: 103.558: [Full GC (Ergonomics) [PSYoungGen: 88064K->2732K(175104K)] [ParOldGen: 524287K->521958K(524288K)] 612351K->524691K(699392K), [Metaspace: 43982K->43982K(1087488K)], 0.1556030 secs] [Times: user=2.23 sys=0.01, real=0.15 secs] 
2016-09-25T22:42:08.185-0400: 103.745: [Full GC (Ergonomics) [PSYoungGen: 86493K->2700K(175104K)] [ParOldGen: 521958K->522619K(524288K)] 608451K->525319K(699392K), [Metaspace: 43982K->43982K(1087488K)], 0.1619541 secs] [Times: user=2.44 sys=0.00, real=0.16 secs] 
2016-09-25T22:42:08.389-0400: 103.950: [Full GC (Ergonomics) [PSYoungGen: 88064K->0K(175104K)] [ParOldGen: 522869K->519143K(524288K)] 610933K->519143K(699392K), [Metaspace: 43982K->43982K(1087488K)], 0.0569663 secs] [Times: user=0.59 sys=0.00, real=0.06 secs] 
2016-09-25T22:42:08.485-0400: 104.045: [Full GC (Ergonomics) [PSYoungGen: 88064K->5402K(175104K)] [ParOldGen: 519370K->522433K(524288K)] 607434K->527836K(699392K), [Metaspace: 43982K->43982K(1087488K)], 0.1570920 secs] [Times: user=2.25 sys=0.00, real=0.15 secs] 
2016-09-25T22:42:08.683-0400: 104.243: [Full GC (Ergonomics) [PSYoungGen: 88064K->2723K(175104K)] [ParOldGen: 522615K->524200K(524288K)] 610679K->526924K(699392K), [Metaspace: 43982K->43982K(1087488K)], 0.1549785 secs] [Times: user=2.26 sys=0.01, real=0.15 secs] 
2016-09-25T22:42:08.866-0400: 104.426: [Full GC (Ergonomics) [PSYoungGen: 87064K->9681K(175104K)] [ParOldGen: 524200K->522121K(524288K)] 611265K->531802K(699392K), [Metaspace: 43982K->43982K(1087488K)], 0.1575441 secs] [Times: user=2.31 sys=0.01, real=0.16 secs] 
2016-09-25T22:42:09.064-0400: 104.625: [Full GC (Ergonomics) [PSYoungGen: 86028K->187K(175104K)] [ParOldGen: 522121K->524125K(524288K)] 608149K->524312K(699392K), [Metaspace: 43982K->43982K(1087488K)], 0.1595187 secs] [Times: user=2.34 sys=0.01, real=0.16 secs] 
2016-09-25T22:42:09.257-0400: 104.818: [Full GC (Ergonomics) [PSYoungGen: 88064K->15050K(175104K)] [ParOldGen: 524263K->521909K(524288K)] 612327K->536960K(699392K), [Metaspace: 43982K->43982K(1087488K)], 0.1526734 secs] [Times: user=2.15 sys=0.00, real=0.15 secs] 
2016-09-25T22:42:09.447-0400: 105.008: [Full GC (Ergonomics) [PSYoungGen: 86916K->5661K(175104K)] [ParOldGen: 521909K->522591K(524288K)] 608825K->528252K(699392K), [Metaspace: 43982K->43982K(1087488K)], 0.1515656 secs] [Times: user=2.19 sys=0.02, real=0.15 secs] 
2016-09-25T22:42:09.643-0400: 105.204: [Full GC (Ergonomics) [PSYoungGen: 86183K->4051K(175104K)] [ParOldGen: 522591K->523157K(524288K)] 608774K->527208K(699392K), [Metaspace: 43982K->43982K(1087488K)], 0.1556304 secs] [Times: user=2.24 sys=0.01, real=0.15 secs] 
2016-09-25T22:42:09.836-0400: 105.397: [Full GC (Ergonomics) [PSYoungGen: 86683K->16422K(175104K)] [ParOldGen: 523157K->522312K(524288K)] 609841K->538734K(699392K), [Metaspace: 43982K->43982K(1087488K)], 0.1653871 secs] [Times: user=2.32 sys=0.03, real=0.16 secs] 
2016-09-25T22:42:10.038-0400: 105.599: [Full GC (Ergonomics) [PSYoungGen: 88064K->8100K(175104K)] [ParOldGen: 523781K->523004K(524288K)] 611845K->531104K(699392K), [Metaspace: 43982K->43982K(1087488K)], 0.1626631 secs] [Times: user=2.28 sys=0.01, real=0.16 secs] 
2016-09-25T22:42:10.244-0400: 105.805: [Full GC (Ergonomics) [PSYoungGen: 88064K->6860K(175104K)] [ParOldGen: 523345K->523683K(524288K)] 611409K->530543K(699392K), [Metaspace: 43982K->43982K(1087488K)], 0.1556170 secs] [Times: user=2.30 sys=0.02, real=0.15 secs] 
2016-09-25T22:42:10.443-0400: 106.003: [Full GC (Ergonomics) [PSYoungGen: 88064K->9725K(175104K)] [ParOldGen: 523889K->524066K(524288K)] 611953K->533791K(699392K), [Metaspace: 43982K->43982K(1087488K)], 0.1594256 secs] [Times: user=2.30 sys=0.03, real=0.16 secs] 
2016-09-25T22:42:10.638-0400: 106.198: [Full GC (Ergonomics) [PSYoungGen: 88064K->12249K(175104K)] [ParOldGen: 524180K->523316K(524288K)] 612244K->535565K(699392K), [Metaspace: 43982K->43982K(1087488K)], 0.1490663 secs] [Times: user=2.17 sys=0.00, real=0.15 secs] 
2016-09-25T22:42:10.824-0400: 106.385: [Full GC (Ergonomics) [PSYoungGen: 87514K->11035K(175104K)] [ParOldGen: 523316K->522510K(524288K)] 610831K->533545K(699392K), [Metaspace: 43982K->43982K(1087488K)], 0.1505817 secs] [Times: user=2.20 sys=0.01, real=0.15 secs] 
2016-09-25T22:42:11.020-0400: 106.580: [Full GC (Ergonomics) [PSYoungGen: 86978K->10980K(175104K)] [ParOldGen: 522510K->523056K(524288K)] 609489K->534036K(699392K), [Metaspace: 43982K->43982K(1087488K)], 0.1560687 secs] [Times: user=2.24 sys=0.01, real=0.16 secs] 
2016-09-25T22:42:11.217-0400: 106.777: [Full GC (Ergonomics) [PSYoungGen: 88064K->5473K(175104K)] [ParOldGen: 523122K->523628K(524288K)] 611186K->529102K(699392K), [Metaspace: 43982K->43982K(1087488K)], 0.1641548 secs] [Times: user=2.47 sys=0.00, real=0.16 secs] 
2016-09-25T22:42:11.431-0400: 106.992: [Full GC (Ergonomics) [PSYoungGen: 86896K->5582K(175104K)] [ParOldGen: 523628K->522933K(524288K)] 610524K->528515K(699392K), [Metaspace: 43982K->43982K(1087488K)], 0.1621040 secs] [Times: user=2.27 sys=0.01, real=0.16 secs] 
2016-09-25T22:42:11.629-0400: 107.190: [Full GC (Ergonomics) [PSYoungGen: 86001K->13614K(175104K)] [ParOldGen: 522933K->522266K(524288K)] 608935K->535881K(699392K), [Metaspace: 43982K->43982K(1087488K)], 0.1666651 secs] [Times: user=2.43 sys=0.03, real=0.17 secs] 
2016-09-25T22:42:11.839-0400: 107.399: [Full GC (Ergonomics) [PSYoungGen: 88064K->9672K(175104K)] [ParOldGen: 522371K->523656K(524288K)] 610435K->533328K(699392K), [Metaspace: 43982K->43982K(1087488K)], 0.1712266 secs] [Times: user=2.52 sys=0.02, real=0.17 secs] 
2016-09-25T22:42:12.049-0400: 107.610: [Full GC (Ergonomics) [PSYoungGen: 87879K->10915K(175104K)] [ParOldGen: 523656K->521784K(524288K)] 611535K->532699K(699392K), [Metaspace: 43982K->43982K(1087488K)], 0.1571405 secs] [Times: user=2.10 sys=0.02, real=0.16 secs] 
2016-09-25T22:42:12.255-0400: 107.816: [Full GC (Ergonomics) [PSYoungGen: 88064K->8312K(175104K)] [ParOldGen: 521886K->523506K(524288K)] 609950K->531818K(699392K), [Metaspace: 43982K->43982K(1087488K)], 0.1538652 secs] [Times: user=2.12 sys=0.01, real=0.15 secs] 
2016-09-25T22:42:12.445-0400: 108.006: [Full GC (Ergonomics) [PSYoungGen: 88064K->11093K(175104K)] [ParOldGen: 523506K->524074K(524288K)] 611570K->535167K(699392K), [Metaspace: 43982K->43982K(1087488K)], 0.1562421 secs] [Times: user=2.29 sys=0.01, real=0.15 secs] 
2016-09-25T22:42:12.637-0400: 108.197: [Full GC (Ergonomics) [PSYoungGen: 86904K->13719K(175104K)] [ParOldGen: 524074K->523478K(524288K)] 610978K->537198K(699392K), [Metaspace: 43982K->43982K(1087488K)], 0.1588269 secs] [Times: user=2.18 sys=0.00, real=0.16 secs] 
2016-09-25T22:42:12.833-0400: 108.394: [Full GC (Ergonomics) [PSYoungGen: 86562K->12284K(175104K)] [ParOldGen: 523478K->523938K(524288K)] 610041K->536223K(699392K), [Metaspace: 43982K->43982K(1087488K)], 0.1661885 secs] [Times: user=2.36 sys=0.00, real=0.17 secs] 
2016-09-25T22:42:13.048-0400: 108.609: [Full GC (Ergonomics) [PSYoungGen: 87418K->7083K(175104K)] [ParOldGen: 523938K->521734K(524288K)] 611357K->528818K(699392K), [Metaspace: 43982K->43982K(1087488K)], 0.1512241 secs] [Times: user=2.20 sys=0.00, real=0.15 secs] 
2016-09-25T22:42:13.247-0400: 108.807: [Full GC (Ergonomics) [PSYoungGen: 88064K->23516K(175104K)] [ParOldGen: 521876K->521930K(524288K)] 609940K->545447K(699392K), [Metaspace: 43982K->43982K(1087488K)], 0.1707103 secs] [Times: user=2.14 sys=0.02, real=0.17 secs] 
2016-09-25T22:42:13.459-0400: 109.020: [Full GC (Ergonomics) [PSYoungGen: 88064K->16531K(175104K)] [ParOldGen: 522047K->523975K(524288K)] 610111K->540507K(699392K), [Metaspace: 43982K->43982K(1087488K)], 0.1790665 secs] [Times: user=2.51 sys=0.01, real=0.18 secs] 
2016-09-25T22:42:13.674-0400: 109.234: [Full GC (Ergonomics) [PSYoungGen: 87231K->13795K(175104K)] [ParOldGen: 523975K->521863K(524288K)] 611206K->535659K(699392K), [Metaspace: 43982K->43982K(1087488K)], 0.1495586 secs] [Times: user=1.83 sys=0.02, real=0.16 secs] 
2016-09-25T22:42:13.868-0400: 109.429: [Full GC (Ergonomics) [PSYoungGen: 86803K->15028K(175104K)] [ParOldGen: 521863K->523934K(524288K)] 608667K->538963K(699392K), [Metaspace: 43982K->43982K(1087488K)], 0.1552752 secs] [Times: user=1.83 sys=0.01, real=0.16 secs] 
2016-09-25T22:42:14.068-0400: 109.629: [Full GC (Ergonomics) [PSYoungGen: 88064K->18009K(175104K)] [ParOldGen: 523947K->524188K(524288K)] 612011K->542198K(699392K), [Metaspace: 43982K->43982K(1087488K)], 0.1607126 secs] [Times: user=2.23 sys=0.01, real=0.16 secs] 
2016-09-25T22:42:14.264-0400: 109.825: [Full GC (Ergonomics) [PSYoungGen: 88064K->17959K(175104K)] [ParOldGen: 524196K->523451K(524288K)] 612260K->541410K(699392K), [Metaspace: 43982K->43982K(1087488K)], 0.1582333 secs] [Times: user=2.30 sys=0.01, real=0.16 secs] 
2016-09-25T22:42:14.463-0400: 110.024: [Full GC (Ergonomics) [PSYoungGen: 86505K->13897K(175104K)] [ParOldGen: 523451K->523820K(524288K)] 609957K->537718K(699392K), [Metaspace: 43982K->43982K(1087488K)], 0.1781546 secs] [Times: user=2.40 sys=0.01, real=0.17 secs] 
2016-09-25T22:42:14.674-0400: 110.235: [Full GC (Ergonomics) [PSYoungGen: 87947K->17868K(175104K)] [ParOldGen: 523820K->523287K(524288K)] 611768K->541156K(699392K), [Metaspace: 43982K->43982K(1087488K)], 0.1490213 secs] [Times: user=2.08 sys=0.02, real=0.16 secs] 
2016-09-25T22:42:14.867-0400: 110.428: [Full GC (Ergonomics) [PSYoungGen: 86890K->20497K(175104K)] [ParOldGen: 523287K->523693K(524288K)] 610178K->544191K(699392K), [Metaspace: 43982K->43982K(1087488K)], 0.2523368 secs] [Times: user=2.67 sys=0.04, real=0.25 secs] 
2016-09-25T22:42:15.155-0400: 110.716: [Full GC (Ergonomics) [PSYoungGen: 88064K->24696K(175104K)] [ParOldGen: 523770K->522724K(524288K)] 611834K->547421K(699392K), [Metaspace: 43983K->43983K(1087488K)], 0.1634169 secs] [Times: user=2.12 sys=0.00, real=0.16 secs] 
2016-09-25T22:42:15.350-0400: 110.911: [Full GC (Ergonomics) [PSYoungGen: 88064K->26124K(175104K)] [ParOldGen: 522732K->521775K(524288K)] 610796K->547900K(699392K), [Metaspace: 43983K->43983K(1087488K)], 0.1587232 secs] [Times: user=2.16 sys=0.01, real=0.16 secs] 
2016-09-25T22:42:15.546-0400: 111.107: [Full GC (Ergonomics) [PSYoungGen: 85658K->26066K(175104K)] [ParOldGen: 521775K->522259K(524288K)] 607433K->548326K(699392K), [Metaspace: 43983K->43983K(1087488K)], 0.1624137 secs] [Times: user=2.12 sys=0.02, real=0.16 secs] 
2016-09-25T22:42:15.739-0400: 111.300: [Full GC (Ergonomics) [PSYoungGen: 88064K->23472K(175104K)] [ParOldGen: 522643K->524206K(524288K)] 610707K->547679K(699392K), [Metaspace: 43983K->43983K(1087488K)], 0.1548188 secs] [Times: user=2.14 sys=0.02, real=0.15 secs] 
2016-09-25T22:42:15.934-0400: 111.495: [Full GC (Ergonomics) [PSYoungGen: 88064K->26019K(175104K)] [ParOldGen: 524282K->523281K(524288K)] 612346K->549300K(699392K), [Metaspace: 43983K->43983K(1087488K)], 0.1686135 secs] [Times: user=2.07 sys=0.01, real=0.18 secs] 
2016-09-25T22:42:16.140-0400: 111.701: [Full GC (Ergonomics) [PSYoungGen: 88061K->30557K(175104K)] [ParOldGen: 523390K->521885K(524288K)] 611452K->552442K(699392K), [Metaspace: 43985K->43985K(1087488K)], 0.2003444 secs] [Times: user=2.25 sys=0.01, real=0.20 secs] 
2016-09-25T22:42:16.373-0400: 111.933: [Full GC (Ergonomics) [PSYoungGen: 88064K->23591K(175104K)] [ParOldGen: 523496K->523999K(524288K)] 611560K->547590K(699392K), [Metaspace: 43985K->43985K(1087488K)], 0.1727265 secs] [Times: user=2.28 sys=0.00, real=0.18 secs] 
2016-09-25T22:42:16.577-0400: 112.138: [Full GC (Ergonomics) [PSYoungGen: 87470K->19358K(175104K)] [ParOldGen: 523999K->521829K(524288K)] 611469K->541187K(699392K), [Metaspace: 43985K->43985K(1087488K)], 0.1627130 secs] [Times: user=2.20 sys=0.01, real=0.16 secs] 
2016-09-25T22:42:16.776-0400: 112.336: [Full GC (Ergonomics) [PSYoungGen: 88064K->22072K(175104K)] [ParOldGen: 522114K->522503K(524288K)] 610178K->544576K(699392K), [Metaspace: 43985K->43985K(1087488K)], 0.1715129 secs] [Times: user=1.95 sys=0.01, real=0.17 secs] 
2016-09-25T22:42:16.981-0400: 112.542: [Full GC (Ergonomics) [PSYoungGen: 87042K->23423K(175104K)] [ParOldGen: 523853K->522820K(524288K)] 610895K->546243K(699392K), [Metaspace: 43985K->43985K(1087488K)], 0.1623830 secs] [Times: user=2.32 sys=0.01, real=0.17 secs] 
2016-09-25T22:42:17.180-0400: 112.741: [Full GC (Ergonomics) [PSYoungGen: 88064K->23690K(175104K)] [ParOldGen: 522870K->522897K(524288K)] 610934K->546587K(699392K), [Metaspace: 43985K->43985K(1087488K)], 0.1573281 secs] [Times: user=1.87 sys=0.02, real=0.16 secs] 
2016-09-25T22:42:17.367-0400: 112.927: [Full GC (Ergonomics) [PSYoungGen: 87032K->23511K(175104K)] [ParOldGen: 524247K->523848K(524288K)] 611279K->547360K(699392K), [Metaspace: 43985K->43985K(1087488K)], 0.1642604 secs] [Times: user=2.00 sys=0.01, real=0.16 secs] 
2016-09-25T22:42:17.574-0400: 113.135: [Full GC (Ergonomics) [PSYoungGen: 87049K->25063K(175104K)] [ParOldGen: 523848K->522565K(524288K)] 610898K->547629K(699392K), [Metaspace: 43985K->43985K(1087488K)], 0.1600113 secs] [Times: user=1.86 sys=0.01, real=0.17 secs] 
2016-09-25T22:42:17.760-0400: 113.321: [Full GC (Ergonomics) [PSYoungGen: 88064K->37287K(175104K)] [ParOldGen: 522644K->521704K(524288K)] 610708K->558992K(699392K), [Metaspace: 43985K->43985K(1087488K)], 0.1559281 secs] [Times: user=2.15 sys=0.00, real=0.16 secs] 
2016-09-25T22:42:17.947-0400: 113.508: [Full GC (Ergonomics) [PSYoungGen: 88064K->27760K(175104K)] [ParOldGen: 523159K->523454K(524288K)] 611223K->551215K(699392K), [Metaspace: 43985K->43985K(1087488K)], 0.1617355 secs] [Times: user=2.22 sys=0.02, real=0.16 secs] 
2016-09-25T22:42:18.139-0400: 113.700: [Full GC (Ergonomics) [PSYoungGen: 88064K->23468K(175104K)] [ParOldGen: 523511K->524192K(524288K)] 611575K->547661K(699392K), [Metaspace: 43985K->43985K(1087488K)], 0.1616584 secs] [Times: user=2.04 sys=0.04, real=0.16 secs] 
2016-09-25T22:42:18.339-0400: 113.900: [Full GC (Ergonomics) [PSYoungGen: 88064K->34164K(175104K)] [ParOldGen: 524231K->523421K(524288K)] 612295K->557585K(699392K), [Metaspace: 43985K->43985K(1087488K)], 0.2054411 secs] [Times: user=2.30 sys=0.02, real=0.21 secs] 
2016-09-25T22:42:18.576-0400: 114.137: [Full GC (Ergonomics) [PSYoungGen: 88064K->33103K(175104K)] [ParOldGen: 523583K->522154K(524288K)] 611647K->555258K(699392K), [Metaspace: 43986K->43986K(1087488K)], 0.1608653 secs] [Times: user=1.82 sys=0.01, real=0.16 secs] 
2016-09-25T22:42:18.775-0400: 114.336: [Full GC (Ergonomics) [PSYoungGen: 86241K->25112K(175104K)] [ParOldGen: 522154K->522477K(524288K)] 608395K->547589K(699392K), [Metaspace: 43986K->43986K(1087488K)], 0.1594263 secs] [Times: user=2.04 sys=0.02, real=0.16 secs] 
2016-09-25T22:42:18.976-0400: 114.537: [Full GC (Ergonomics) [PSYoungGen: 85918K->29157K(175104K)] [ParOldGen: 522477K->524242K(524288K)] 608395K->553399K(699392K), [Metaspace: 43993K->43993K(1087488K)], 0.1699441 secs] [Times: user=2.56 sys=0.01, real=0.17 secs] 
2016-09-25T22:42:19.181-0400: 114.742: [Full GC (Ergonomics) [PSYoungGen: 86022K->23953K(175104K)] [ParOldGen: 524242K->523350K(524288K)] 610264K->547304K(699392K), [Metaspace: 44003K->44003K(1087488K)], 0.1627651 secs] [Times: user=2.43 sys=0.02, real=0.17 secs] 
2016-09-25T22:42:19.954-0400: 115.515: [Full GC (Ergonomics) [PSYoungGen: 88064K->0K(175104K)] [ParOldGen: 523417K->517069K(524288K)] 611481K->517069K(699392K), [Metaspace: 44041K->44037K(1087488K)], 0.0634672 secs] [Times: user=0.53 sys=0.01, real=0.07 secs] 
2016-09-25T22:42:24.891-0400: 120.452: [Full GC (Ergonomics) [PSYoungGen: 88064K->0K(175104K)] [ParOldGen: 517069K->520534K(524288K)] 605133K->520534K(699392K), [Metaspace: 44051K->44051K(1087488K)], 0.1227437 secs] [Times: user=1.34 sys=0.02, real=0.12 secs] 
2016-09-25T22:42:29.687-0400: 125.247: [Full GC (Ergonomics) [PSYoungGen: 88015K->0K(175104K)] [ParOldGen: 520534K->498391K(524288K)] 608549K->498391K(699392K), [Metaspace: 44061K->44061K(1087488K)], 0.1178561 secs] [Times: user=1.01 sys=0.09, real=0.12 secs] 
2016-09-25T22:42:34.836-0400: 130.396: [Full GC (Ergonomics) [PSYoungGen: 88006K->0K(175104K)] [ParOldGen: 498391K->494164K(524288K)] 586397K->494164K(699392K), [Metaspace: 44071K->44071K(1087488K)], 0.1007210 secs] [Times: user=1.10 sys=0.03, real=0.10 secs] 
2016-09-25T22:42:39.748-0400: 135.309: [Full GC (Ergonomics) [PSYoungGen: 88064K->0K(175104K)] [ParOldGen: 494164K->496052K(524288K)] 582228K->496052K(699392K), [Metaspace: 44072K->44072K(1087488K)], 0.1087489 secs] [Times: user=1.06 sys=0.04, real=0.11 secs] 
2016-09-25T22:42:44.589-0400: 140.150: [Full GC (Ergonomics) [PSYoungGen: 88064K->0K(175104K)] [ParOldGen: 496052K->496289K(524288K)] 584116K->496289K(699392K), [Metaspace: 44073K->44073K(1087488K)], 0.0939443 secs] [Times: user=0.72 sys=0.02, real=0.10 secs] 
