Java HotSpot(TM) 64-Bit Server VM (25.101-b13) for linux-amd64 JRE (1.8.0_101-b13), built on Jun 22 2016 02:59:44 by "java_re" with gcc 4.3.0 20080428 (Red Hat 4.3.0-8)
Memory: 4k page, physical 264122320k(243748464k free), swap 268399612k(268399612k free)
CommandLine flags: -XX:GCLogFileSize=1048576 -XX:+HeapDumpOnOutOfMemoryError -XX:HeapDumpPath=artifacts/heapdump -XX:InitialHeapSize=805306368 -XX:MaxHeapSize=805306368 -XX:NumberOfGCLogFiles=10 -XX:+PrintGC -XX:+PrintGCDateStamps -XX:+PrintGCDetails -XX:+PrintGCTimeStamps -XX:+UseCompressedClassPointers -XX:+UseCompressedOops -XX:+UseGCLogFileRotation -XX:+UseParallelGC 
2016-09-24T02:25:08.091-0400: 2.164: [GC (Metadata GC Threshold) [PSYoungGen: 121898K->15643K(229376K)] 121898K->15731K(753664K), 0.0408846 secs] [Times: user=0.40 sys=0.02, real=0.04 secs] 
2016-09-24T02:25:08.132-0400: 2.205: [Full GC (Metadata GC Threshold) [PSYoungGen: 15643K->0K(229376K)] [ParOldGen: 88K->14601K(306176K)] 15731K->14601K(535552K), [Metaspace: 21075K->21075K(1067008K)], 0.0379698 secs] [Times: user=0.30 sys=0.02, real=0.04 secs] 
2016-09-24T02:25:09.937-0400: 4.010: [GC (Metadata GC Threshold) [PSYoungGen: 125205K->15041K(229376K)] 139806K->29778K(535552K), 0.0219546 secs] [Times: user=0.17 sys=0.04, real=0.02 secs] 
2016-09-24T02:25:09.960-0400: 4.032: [Full GC (Metadata GC Threshold) [PSYoungGen: 15041K->0K(229376K)] [ParOldGen: 14737K->20412K(497664K)] 29778K->20412K(727040K), [Metaspace: 34972K->34972K(1079296K)], 0.0663356 secs] [Times: user=0.57 sys=0.01, real=0.07 secs] 
2016-09-24T02:25:11.576-0400: 5.649: [GC (GCLocker Initiated GC) [PSYoungGen: 196608K->32745K(229376K)] 217024K->59774K(727040K), 0.0114864 secs] [Times: user=0.16 sys=0.00, real=0.01 secs] 
2016-09-24T02:25:11.833-0400: 5.906: [GC (GCLocker Initiated GC) [PSYoungGen: 229353K->27146K(229376K)] 267412K->65212K(727040K), 0.0071228 secs] [Times: user=0.10 sys=0.00, real=0.01 secs] 
2016-09-24T02:25:11.990-0400: 6.062: [GC (GCLocker Initiated GC) [PSYoungGen: 223754K->31143K(227840K)] 267454K->77551K(725504K), 0.0077668 secs] [Times: user=0.09 sys=0.00, real=0.01 secs] 
2016-09-24T02:25:12.123-0400: 6.196: [GC (GCLocker Initiated GC) [PSYoungGen: 227751K->34194K(210432K)] 276951K->88802K(708096K), 0.0288377 secs] [Times: user=0.33 sys=0.01, real=0.02 secs] 
2016-09-24T02:25:12.281-0400: 6.354: [GC (GCLocker Initiated GC) [PSYoungGen: 210322K->41052K(217600K)] 265174K->104013K(715264K), 0.0065012 secs] [Times: user=0.07 sys=0.01, real=0.01 secs] 
2016-09-24T02:25:12.410-0400: 6.483: [GC (GCLocker Initiated GC) [PSYoungGen: 217180K->43879K(202240K)] 285611K->120855K(699904K), 0.0079014 secs] [Times: user=0.08 sys=0.04, real=0.01 secs] 
2016-09-24T02:25:12.507-0400: 6.580: [GC (GCLocker Initiated GC) [PSYoungGen: 201575K->49899K(207872K)] 278721K->130443K(705536K), 0.0061056 secs] [Times: user=0.04 sys=0.02, real=0.00 secs] 
2016-09-24T02:25:12.639-0400: 6.712: [GC (GCLocker Initiated GC) [PSYoungGen: 207595K->53862K(190464K)] 300482K->163491K(688128K), 0.0071586 secs] [Times: user=0.06 sys=0.01, real=0.01 secs] 
2016-09-24T02:25:12.730-0400: 6.803: [GC (GCLocker Initiated GC) [PSYoungGen: 190054K->60422K(197120K)] 299860K->186919K(694784K), 0.0079156 secs] [Times: user=0.10 sys=0.01, real=0.01 secs] 
2016-09-24T02:25:12.829-0400: 6.902: [GC (GCLocker Initiated GC) [PSYoungGen: 196614K->37303K(194048K)] 323113K->177774K(691712K), 0.0051879 secs] [Times: user=0.06 sys=0.00, real=0.01 secs] 
2016-09-24T02:25:12.921-0400: 6.994: [GC (GCLocker Initiated GC) [PSYoungGen: 166327K->53594K(182784K)] 309697K->197403K(680448K), 0.0057974 secs] [Times: user=0.09 sys=0.00, real=0.01 secs] 
2016-09-24T02:25:13.007-0400: 7.079: [GC (GCLocker Initiated GC) [PSYoungGen: 182618K->44239K(193536K)] 327939K->200865K(691200K), 0.0064951 secs] [Times: user=0.08 sys=0.00, real=0.00 secs] 
2016-09-24T02:25:13.094-0400: 7.167: [GC (GCLocker Initiated GC) [PSYoungGen: 168143K->32026K(156160K)] 331642K->196053K(653824K), 0.0058361 secs] [Times: user=0.08 sys=0.00, real=0.00 secs] 
2016-09-24T02:25:13.185-0400: 7.257: [GC (GCLocker Initiated GC) [PSYoungGen: 155930K->40172K(193536K)] 329491K->214237K(691200K), 0.0078313 secs] [Times: user=0.10 sys=0.00, real=0.00 secs] 
2016-09-24T02:25:13.280-0400: 7.353: [GC (GCLocker Initiated GC) [PSYoungGen: 166636K->36075K(190976K)] 347510K->233667K(688640K), 0.0062712 secs] [Times: user=0.07 sys=0.01, real=0.01 secs] 
2016-09-24T02:25:13.365-0400: 7.438: [GC (GCLocker Initiated GC) [PSYoungGen: 162539K->52275K(190464K)] 362911K->263942K(688128K), 0.0063262 secs] [Times: user=0.04 sys=0.04, real=0.00 secs] 
2016-09-24T02:25:13.452-0400: 7.524: [GC (GCLocker Initiated GC) [PSYoungGen: 180275K->41507K(193024K)] 397405K->280732K(690688K), 0.0066350 secs] [Times: user=0.08 sys=0.01, real=0.01 secs] 
2016-09-24T02:25:13.545-0400: 7.618: [GC (GCLocker Initiated GC) [PSYoungGen: 169507K->41585K(192000K)] 416865K->319186K(689664K), 0.0073790 secs] [Times: user=0.08 sys=0.02, real=0.00 secs] 
2016-09-24T02:25:13.635-0400: 7.707: [GC (GCLocker Initiated GC) [PSYoungGen: 175217K->59057K(195072K)] 452883K->348081K(692736K), 0.0085388 secs] [Times: user=0.11 sys=0.00, real=0.01 secs] 
2016-09-24T02:25:13.741-0400: 7.813: [GC (GCLocker Initiated GC) [PSYoungGen: 192689K->42808K(198144K)] 487118K->337724K(695808K), 0.0048776 secs] [Times: user=0.05 sys=0.00, real=0.01 secs] 
2016-09-24T02:25:13.824-0400: 7.896: [GC (GCLocker Initiated GC) [PSYoungGen: 174392K->61726K(193536K)] 469378K->362670K(691200K), 0.0074457 secs] [Times: user=0.09 sys=0.01, real=0.00 secs] 
2016-09-24T02:25:13.967-0400: 8.039: [GC (GCLocker Initiated GC) [PSYoungGen: 193310K->46939K(194560K)] 494348K->359281K(692224K), 0.0096206 secs] [Times: user=0.13 sys=0.01, real=0.01 secs] 
2016-09-24T02:25:14.048-0400: 8.121: [GC (GCLocker Initiated GC) [PSYoungGen: 172891K->58980K(185344K)] 485408K->372039K(683008K), 0.0068595 secs] [Times: user=0.08 sys=0.00, real=0.01 secs] 
2016-09-24T02:25:14.144-0400: 8.216: [GC (GCLocker Initiated GC) [PSYoungGen: 184932K->64553K(182272K)] 500755K->386290K(679936K), 0.0126338 secs] [Times: user=0.17 sys=0.00, real=0.01 secs] 
2016-09-24T02:25:14.232-0400: 8.304: [GC (GCLocker Initiated GC) [PSYoungGen: 176169K->54962K(186880K)] 500777K->398957K(684544K), 0.0070183 secs] [Times: user=0.09 sys=0.00, real=0.01 secs] 
2016-09-24T02:25:14.330-0400: 8.403: [GC (GCLocker Initiated GC) [PSYoungGen: 166578K->41475K(183808K)] 515999K->407546K(681472K), 0.0065130 secs] [Times: user=0.08 sys=0.00, real=0.01 secs] 
2016-09-24T02:25:14.420-0400: 8.493: [GC (GCLocker Initiated GC) [PSYoungGen: 153091K->53548K(185344K)] 524643K->425587K(683008K), 0.0069615 secs] [Times: user=0.09 sys=0.01, real=0.01 secs] 
2016-09-24T02:25:14.498-0400: 8.570: [GC (GCLocker Initiated GC) [PSYoungGen: 165164K->33408K(187904K)] 541784K->434778K(685568K), 0.0063114 secs] [Times: user=0.08 sys=0.01, real=0.01 secs] 
2016-09-24T02:25:14.588-0400: 8.661: [GC (GCLocker Initiated GC) [PSYoungGen: 148608K->40047K(155648K)] 556797K->448733K(653312K), 0.0064261 secs] [Times: user=0.08 sys=0.00, real=0.01 secs] 
2016-09-24T02:25:14.667-0400: 8.739: [GC (GCLocker Initiated GC) [PSYoungGen: 155247K->42587K(189440K)] 569339K->470660K(687104K), 0.0063566 secs] [Times: user=0.06 sys=0.00, real=0.00 secs] 
2016-09-24T02:25:14.745-0400: 8.817: [GC (GCLocker Initiated GC) [PSYoungGen: 160347K->56357K(187904K)] 588451K->493010K(685568K), 0.0080507 secs] [Times: user=0.10 sys=0.01, real=0.00 secs] 
2016-09-24T02:25:14.825-0400: 8.898: [GC (GCLocker Initiated GC) [PSYoungGen: 174117K->49575K(190464K)] 616217K->492146K(688128K), 0.0057414 secs] [Times: user=0.08 sys=0.00, real=0.00 secs] 
2016-09-24T02:25:14.911-0400: 8.984: [GC (GCLocker Initiated GC) [PSYoungGen: 169895K->63075K(183808K)] 617974K->511641K(681472K), 0.0070301 secs] [Times: user=0.09 sys=0.01, real=0.01 secs] 
2016-09-24T02:25:14.990-0400: 9.063: [GC (GCLocker Initiated GC) [PSYoungGen: 183395K->41411K(189952K)] 634715K->512151K(687616K), 0.0067270 secs] [Times: user=0.09 sys=0.00, real=0.01 secs] 
2016-09-24T02:25:14.997-0400: 9.070: [Full GC (Ergonomics) [PSYoungGen: 41411K->0K(189952K)] [ParOldGen: 470739K->49184K(524288K)] 512151K->49184K(714240K), [Metaspace: 43049K->43049K(1085440K)], 0.1935417 secs] [Times: user=2.59 sys=0.08, real=0.19 secs] 
2016-09-24T02:25:15.263-0400: 9.336: [GC (GCLocker Initiated GC) [PSYoungGen: 116224K->65889K(182272K)] 166914K->116580K(706560K), 0.0065468 secs] [Times: user=0.09 sys=0.00, real=0.00 secs] 
2016-09-24T02:25:15.339-0400: 9.412: [GC (GCLocker Initiated GC) [PSYoungGen: 182113K->54961K(186368K)] 238251K->136017K(710656K), 0.0068128 secs] [Times: user=0.09 sys=0.00, real=0.01 secs] 
2016-09-24T02:25:15.421-0400: 9.494: [GC (GCLocker Initiated GC) [PSYoungGen: 164529K->44129K(154112K)] 248353K->147294K(678400K), 0.0065339 secs] [Times: user=0.08 sys=0.01, real=0.01 secs] 
2016-09-24T02:25:15.498-0400: 9.570: [GC (GCLocker Initiated GC) [PSYoungGen: 153697K->57707K(183296K)] 258320K->162755K(707584K), 0.0055553 secs] [Times: user=0.07 sys=0.01, real=0.01 secs] 
2016-09-24T02:25:15.573-0400: 9.646: [GC (GCLocker Initiated GC) [PSYoungGen: 166763K->45479K(183808K)] 282759K->178170K(708096K), 0.0061002 secs] [Times: user=0.08 sys=0.00, real=0.01 secs] 
2016-09-24T02:25:15.653-0400: 9.726: [GC (GCLocker Initiated GC) [PSYoungGen: 154535K->40111K(186880K)] 294006K->193539K(711168K), 0.0056335 secs] [Times: user=0.07 sys=0.00, real=0.01 secs] 
2016-09-24T02:25:15.722-0400: 9.795: [GC (GCLocker Initiated GC) [PSYoungGen: 153775K->68493K(182272K)] 307285K->222492K(706560K), 0.0072092 secs] [Times: user=0.09 sys=0.01, real=0.01 secs] 
2016-09-24T02:25:15.801-0400: 9.873: [GC (GCLocker Initiated GC) [PSYoungGen: 182157K->45461K(186368K)] 342246K->219491K(710656K), 0.0060993 secs] [Times: user=0.07 sys=0.00, real=0.01 secs] 
2016-09-24T02:25:15.878-0400: 9.951: [GC (GCLocker Initiated GC) [PSYoungGen: 154005K->54897K(163840K)] 333494K->234905K(688128K), 0.0062058 secs] [Times: user=0.09 sys=0.00, real=0.01 secs] 
2016-09-24T02:25:15.956-0400: 10.029: [GC (GCLocker Initiated GC) [PSYoungGen: 163441K->37457K(184320K)] 354268K->250317K(708608K), 0.0051791 secs] [Times: user=0.07 sys=0.00, real=0.00 secs] 
2016-09-24T02:25:16.032-0400: 10.105: [GC (GCLocker Initiated GC) [PSYoungGen: 146513K->45479K(183808K)] 359423K->275053K(708096K), 0.0070850 secs] [Times: user=0.07 sys=0.00, real=0.01 secs] 
2016-09-24T02:25:16.103-0400: 10.176: [GC (GCLocker Initiated GC) [PSYoungGen: 154535K->41159K(186368K)] 384260K->271277K(710656K), 0.0074522 secs] [Times: user=0.05 sys=0.00, real=0.00 secs] 
2016-09-24T02:25:16.181-0400: 10.254: [GC (GCLocker Initiated GC) [PSYoungGen: 154311K->54801K(185344K)] 384450K->285319K(709632K), 0.0075215 secs] [Times: user=0.08 sys=0.00, real=0.01 secs] 
2016-09-24T02:25:16.267-0400: 10.339: [GC (GCLocker Initiated GC) [PSYoungGen: 167953K->48179K(186880K)] 400057K->294240K(711168K), 0.0062214 secs] [Times: user=0.07 sys=0.00, real=0.00 secs] 
2016-09-24T02:25:16.349-0400: 10.422: [GC (Allocation Failure) [PSYoungGen: 165939K->53579K(187904K)] 412160K->316456K(712192K), 0.0065904 secs] [Times: user=0.09 sys=0.00, real=0.01 secs] 
2016-09-24T02:25:16.356-0400: 10.429: [GC (GCLocker Initiated GC) [PSYoungGen: 53978K->160K(180224K)] 316855K->322987K(704512K), 0.0061283 secs] [Times: user=0.08 sys=0.01, real=0.01 secs] 
2016-09-24T02:25:16.436-0400: 10.509: [GC (GCLocker Initiated GC) [PSYoungGen: 110752K->59171K(169984K)] 433584K->382027K(694272K), 0.0072029 secs] [Times: user=0.10 sys=0.00, real=0.01 secs] 
2016-09-24T02:25:16.517-0400: 10.590: [GC (GCLocker Initiated GC) [PSYoungGen: 169763K->45396K(186880K)] 504864K->382432K(711168K), 0.0102519 secs] [Times: user=0.09 sys=0.04, real=0.01 secs] 
2016-09-24T02:25:16.594-0400: 10.667: [GC (GCLocker Initiated GC) [PSYoungGen: 153940K->37125K(145920K)] 491031K->377354K(670208K), 0.0211176 secs] [Times: user=0.26 sys=0.00, real=0.02 secs] 
2016-09-24T02:25:16.675-0400: 10.747: [GC (GCLocker Initiated GC) [PSYoungGen: 145669K->52261K(182272K)] 488663K->417282K(706560K), 0.0093310 secs] [Times: user=0.11 sys=0.02, real=0.01 secs] 
2016-09-24T02:25:16.757-0400: 10.830: [GC (GCLocker Initiated GC) [PSYoungGen: 160805K->42824K(182272K)] 539426K->421886K(706560K), 0.0058227 secs] [Times: user=0.07 sys=0.00, real=0.01 secs] 
2016-09-24T02:25:16.833-0400: 10.905: [GC (GCLocker Initiated GC) [PSYoungGen: 151368K->57739K(183808K)] 538575K->445448K(708096K), 0.0058770 secs] [Times: user=0.08 sys=0.01, real=0.01 secs] 
2016-09-24T02:25:16.927-0400: 11.000: [GC (GCLocker Initiated GC) [PSYoungGen: 170379K->40156K(185856K)] 564871K->467575K(710144K), 0.0080170 secs] [Times: user=0.08 sys=0.02, real=0.01 secs] 
2016-09-24T02:25:17.016-0400: 11.088: [GC (GCLocker Initiated GC) [PSYoungGen: 152796K->54974K(188416K)] 585645K->496372K(712704K), 0.0065434 secs] [Times: user=0.06 sys=0.01, real=0.01 secs] 
2016-09-24T02:25:17.103-0400: 11.176: [GC (GCLocker Initiated GC) [PSYoungGen: 171710K->56402K(173568K)] 622622K->507800K(697856K), 0.0068360 secs] [Times: user=0.09 sys=0.01, real=0.00 secs] 
2016-09-24T02:25:17.191-0400: 11.264: [GC (GCLocker Initiated GC) [PSYoungGen: 173138K->65729K(180224K)] 629961K->533822K(704512K), 0.0073566 secs] [Times: user=0.08 sys=0.02, real=0.01 secs] 
2016-09-24T02:25:17.283-0400: 11.355: [GC (GCLocker Initiated GC) [PSYoungGen: 172225K->41507K(184320K)] 642894K->534232K(708608K), 0.0071686 secs] [Times: user=0.07 sys=0.02, real=0.00 secs] 
2016-09-24T02:25:17.290-0400: 11.363: [Full GC (Ergonomics) [PSYoungGen: 41507K->0K(184320K)] [ParOldGen: 492725K->57797K(524288K)] 534232K->57797K(708608K), [Metaspace: 43147K->43147K(1085440K)], 0.0524488 secs] [Times: user=0.42 sys=0.03, real=0.06 secs] 
2016-09-24T02:25:17.413-0400: 11.486: [GC (GCLocker Initiated GC) [PSYoungGen: 106496K->52279K(179712K)] 167037K->112821K(704000K), 0.0052173 secs] [Times: user=0.06 sys=0.00, real=0.01 secs] 
2016-09-24T02:25:17.483-0400: 11.556: [GC (GCLocker Initiated GC) [PSYoungGen: 160311K->46733K(182784K)] 220966K->126803K(707072K), 0.0220666 secs] [Times: user=0.27 sys=0.02, real=0.02 secs] 
2016-09-24T02:25:17.662-0400: 11.734: [GC (GCLocker Initiated GC) [PSYoungGen: 154765K->41365K(184320K)] 237605K->140863K(708608K), 0.0070690 secs] [Times: user=0.09 sys=0.02, real=0.01 secs] 
2016-09-24T02:25:17.768-0400: 11.840: [GC (GCLocker Initiated GC) [PSYoungGen: 156053K->41411K(186368K)] 266529K->152336K(710656K), 0.0199012 secs] [Times: user=0.28 sys=0.01, real=0.02 secs] 
2016-09-24T02:25:17.972-0400: 12.045: [GC (GCLocker Initiated GC) [PSYoungGen: 156099K->41443K(186368K)] 273822K->162320K(710656K), 0.0114654 secs] [Times: user=0.14 sys=0.01, real=0.02 secs] 
2016-09-24T02:25:18.064-0400: 12.136: [GC (GCLocker Initiated GC) [PSYoungGen: 161251K->57611K(188928K)] 284070K->189042K(713216K), 0.0074543 secs] [Times: user=0.09 sys=0.00, real=0.00 secs] 
2016-09-24T02:25:18.152-0400: 12.225: [GC (GCLocker Initiated GC) [PSYoungGen: 177419K->45493K(190976K)] 314287K->185524K(715264K), 0.0113447 secs] [Times: user=0.13 sys=0.00, real=0.02 secs] 
2016-09-24T02:25:18.250-0400: 12.322: [GC (GCLocker Initiated GC) [PSYoungGen: 167349K->32039K(190976K)] 318192K->202223K(715264K), 0.0061569 secs] [Times: user=0.06 sys=0.00, real=0.01 secs] 
2016-09-24T02:25:18.339-0400: 12.412: [GC (GCLocker Initiated GC) [PSYoungGen: 153895K->29416K(191488K)] 336079K->214817K(715776K), 0.0473665 secs] [Times: user=0.53 sys=0.05, real=0.05 secs] 
2016-09-24T02:25:18.466-0400: 12.539: [GC (GCLocker Initiated GC) [PSYoungGen: 151272K->45479K(167424K)] 342111K->255758K(691712K), 0.0067849 secs] [Times: user=0.06 sys=0.01, real=0.00 secs] 
2016-09-24T02:25:18.573-0400: 12.646: [GC (GCLocker Initiated GC) [PSYoungGen: 167335K->37318K(191488K)] 384431K->254847K(715776K), 0.0047208 secs] [Times: user=0.06 sys=0.00, real=0.01 secs] 
2016-09-24T02:25:18.669-0400: 12.742: [GC (Allocation Failure) [PSYoungGen: 160710K->11685K(190464K)] 397347K->273035K(714752K), 0.0120956 secs] [Times: user=0.14 sys=0.02, real=0.01 secs] 
2016-09-24T02:25:18.752-0400: 12.825: [GC (GCLocker Initiated GC) [PSYoungGen: 132930K->34368K(193024K)] 396980K->298803K(717312K), 0.0061561 secs] [Times: user=0.04 sys=0.00, real=0.01 secs] 
2016-09-24T02:25:18.837-0400: 12.910: [GC (GCLocker Initiated GC) [PSYoungGen: 158272K->37309K(161280K)] 437580K->316918K(685568K), 0.0058109 secs] [Times: user=0.05 sys=0.01, real=0.01 secs] 
2016-09-24T02:25:18.914-0400: 12.987: [GC (GCLocker Initiated GC) [PSYoungGen: 161213K->62852K(184832K)] 440866K->342865K(709120K), 0.0091526 secs] [Times: user=0.10 sys=0.01, real=0.01 secs] 
2016-09-24T02:25:18.993-0400: 13.065: [GC (GCLocker Initiated GC) [PSYoungGen: 181636K->45256K(190464K)] 467132K->355361K(714752K), 0.0137631 secs] [Times: user=0.15 sys=0.03, real=0.02 secs] 
2016-09-24T02:25:19.087-0400: 13.160: [GC (GCLocker Initiated GC) [PSYoungGen: 164040K->58788K(185856K)] 476854K->371851K(710144K), 0.0092645 secs] [Times: user=0.14 sys=0.01, real=0.01 secs] 
2016-09-24T02:25:19.176-0400: 13.249: [GC (GCLocker Initiated GC) [PSYoungGen: 174500K->43825K(188928K)] 498425K->367950K(713216K), 0.0201386 secs] [Times: user=0.26 sys=0.02, real=0.02 secs] 
2016-09-24T02:25:19.270-0400: 13.342: [GC (GCLocker Initiated GC) [PSYoungGen: 159537K->30281K(187392K)] 494473K->378976K(711680K), 0.0101672 secs] [Times: user=0.11 sys=0.01, real=0.01 secs] 
2016-09-24T02:25:19.394-0400: 13.467: [GC (GCLocker Initiated GC) [PSYoungGen: 148553K->31707K(188416K)] 502924K->397169K(712704K), 0.0104292 secs] [Times: user=0.12 sys=0.01, real=0.02 secs] 
2016-09-24T02:25:19.520-0400: 13.593: [GC (GCLocker Initiated GC) [PSYoungGen: 149979K->37049K(188928K)] 518165K->429778K(713216K), 0.0197214 secs] [Times: user=0.23 sys=0.02, real=0.02 secs] 
2016-09-24T02:25:19.621-0400: 13.693: [GC (GCLocker Initiated GC) [PSYoungGen: 159929K->54742K(190464K)] 552679K->447759K(714752K), 0.0064367 secs] [Times: user=0.09 sys=0.01, real=0.01 secs] 
2016-09-24T02:25:19.695-0400: 13.768: [GC (GCLocker Initiated GC) [PSYoungGen: 177622K->56042K(187392K)] 570687K->465574K(711680K), 0.0066247 secs] [Times: user=0.09 sys=0.01, real=0.00 secs] 
2016-09-24T02:25:19.770-0400: 13.842: [GC (GCLocker Initiated GC) [PSYoungGen: 173802K->49307K(189952K)] 587427K->482115K(714240K), 0.0064737 secs] [Times: user=0.09 sys=0.01, real=0.01 secs] 
2016-09-24T02:25:19.850-0400: 13.922: [GC (GCLocker Initiated GC) [PSYoungGen: 167067K->51926K(189952K)] 602715K->501333K(714240K), 0.0105376 secs] [Times: user=0.14 sys=0.02, real=0.01 secs] 
2016-09-24T02:25:19.929-0400: 14.002: [GC (GCLocker Initiated GC) [PSYoungGen: 170710K->42478K(161280K)] 625530K->497533K(685568K), 0.0075107 secs] [Times: user=0.07 sys=0.00, real=0.01 secs] 
2016-09-24T02:25:20.030-0400: 14.103: [GC (GCLocker Initiated GC) [PSYoungGen: 161262K->35650K(188928K)] 621786K->496392K(713216K), 0.0250979 secs] [Times: user=0.28 sys=0.02, real=0.03 secs] 
2016-09-24T02:25:20.139-0400: 14.212: [GC (GCLocker Initiated GC) [PSYoungGen: 155458K->49228K(188416K)] 616214K->510219K(712704K), 0.0105989 secs] [Times: user=0.12 sys=0.01, real=0.01 secs] 
2016-09-24T02:25:20.218-0400: 14.291: [GC (GCLocker Initiated GC) [PSYoungGen: 169036K->43877K(189440K)] 630103K->513294K(713728K), 0.0162284 secs] [Times: user=0.19 sys=0.02, real=0.02 secs] 
2016-09-24T02:25:20.321-0400: 14.394: [GC (GCLocker Initiated GC) [PSYoungGen: 169317K->39829K(190976K)] 646862K->528433K(715264K), 0.0114573 secs] [Times: user=0.12 sys=0.01, real=0.01 secs] 
2016-09-24T02:25:20.405-0400: 14.478: [GC (GCLocker Initiated GC) [PSYoungGen: 165269K->45250K(193024K)] 653998K->553171K(717312K), 0.0145786 secs] [Times: user=0.18 sys=0.01, real=0.01 secs] 
2016-09-24T02:25:20.420-0400: 14.492: [Full GC (Ergonomics) [PSYoungGen: 45250K->0K(193024K)] [ParOldGen: 507921K->63127K(524288K)] 553171K->63127K(717312K), [Metaspace: 43199K->43199K(1085440K)], 0.0696956 secs] [Times: user=0.42 sys=0.09, real=0.07 secs] 
2016-09-24T02:25:20.595-0400: 14.668: [GC (GCLocker Initiated GC) [PSYoungGen: 132096K->38695K(195072K)] 208831K->115430K(719360K), 0.0059654 secs] [Times: user=0.06 sys=0.01, real=0.00 secs] 
2016-09-24T02:25:20.690-0400: 14.763: [GC (GCLocker Initiated GC) [PSYoungGen: 170791K->41288K(195072K)] 250270K->121219K(719360K), 0.0119520 secs] [Times: user=0.15 sys=0.01, real=0.02 secs] 
2016-09-24T02:25:20.786-0400: 14.858: [GC (GCLocker Initiated GC) [PSYoungGen: 178504K->44102K(197632K)] 261175K->127080K(721920K), 0.0052478 secs] [Times: user=0.05 sys=0.01, real=0.00 secs] 
2016-09-24T02:25:20.911-0400: 14.984: [GC (GCLocker Initiated GC) [PSYoungGen: 181318K->27766K(200192K)] 271179K->118017K(724480K), 0.0125090 secs] [Times: user=0.12 sys=0.00, real=0.02 secs] 
2016-09-24T02:25:21.031-0400: 15.104: [GC (GCLocker Initiated GC) [PSYoungGen: 169078K->31955K(201728K)] 267508K->130828K(726016K), 0.0369946 secs] [Times: user=0.39 sys=0.04, real=0.04 secs] 
2016-09-24T02:25:21.178-0400: 15.251: [GC (GCLocker Initiated GC) [PSYoungGen: 173267K->33330K(200192K)] 280440K->141040K(724480K), 0.0156462 secs] [Times: user=0.17 sys=0.01, real=0.01 secs] 
2016-09-24T02:25:21.341-0400: 15.413: [GC (GCLocker Initiated GC) [PSYoungGen: 175154K->59205K(201216K)] 282919K->167588K(725504K), 0.0176335 secs] [Times: user=0.16 sys=0.01, real=0.02 secs] 
2016-09-24T02:25:21.469-0400: 15.542: [GC (GCLocker Initiated GC) [PSYoungGen: 201029K->40099K(198144K)] 309437K->170726K(722432K), 0.0311262 secs] [Times: user=0.43 sys=0.00, real=0.03 secs] 
2016-09-24T02:25:21.601-0400: 15.673: [GC (GCLocker Initiated GC) [PSYoungGen: 177315K->33248K(199680K)] 310673K->175231K(723968K), 0.0185101 secs] [Times: user=0.23 sys=0.00, real=0.02 secs] 
2016-09-24T02:25:21.709-0400: 15.782: [GC (GCLocker Initiated GC) [PSYoungGen: 170464K->55124K(194048K)] 312473K->224733K(718336K), 0.0085472 secs] [Times: user=0.10 sys=0.00, real=0.01 secs] 
2016-09-24T02:25:21.806-0400: 15.879: [GC (GCLocker Initiated GC) [PSYoungGen: 187220K->47021K(197120K)] 359573K->220010K(721408K), 0.0117239 secs] [Times: user=0.14 sys=0.01, real=0.01 secs] 
2016-09-24T02:25:21.909-0400: 15.982: [GC (GCLocker Initiated GC) [PSYoungGen: 179117K->56313K(191488K)] 352151K->243408K(715776K), 0.0182179 secs] [Times: user=0.24 sys=0.00, real=0.02 secs] 
2016-09-24T02:25:22.018-0400: 16.091: [GC (GCLocker Initiated GC) [PSYoungGen: 183289K->61875K(188928K)] 375886K->268567K(713216K), 0.0064648 secs] [Times: user=0.10 sys=0.00, real=0.01 secs] 
2016-09-24T02:25:22.117-0400: 16.190: [GC (GCLocker Initiated GC) [PSYoungGen: 188851K->53621K(189440K)] 395576K->279803K(713728K), 0.0264227 secs] [Times: user=0.41 sys=0.01, real=0.03 secs] 
2016-09-24T02:25:22.309-0400: 16.381: [GC (GCLocker Initiated GC) [PSYoungGen: 171381K->56425K(174592K)] 400388K->299480K(698880K), 0.0151337 secs] [Times: user=0.25 sys=0.00, real=0.02 secs] 
2016-09-24T02:25:22.428-0400: 16.501: [GC (GCLocker Initiated GC) [PSYoungGen: 174185K->48303K(191488K)] 420371K->295108K(715776K), 0.0102665 secs] [Times: user=0.13 sys=0.00, real=0.01 secs] 
2016-09-24T02:25:22.546-0400: 16.618: [GC (GCLocker Initiated GC) [PSYoungGen: 166575K->44169K(162816K)] 418864K->297031K(687104K), 0.0204482 secs] [Times: user=0.30 sys=0.02, real=0.02 secs] 
2016-09-24T02:25:22.679-0400: 16.752: [GC (GCLocker Initiated GC) [PSYoungGen: 162441K->27946K(186368K)] 420737K->289471K(710656K), 0.0602000 secs] [Times: user=0.14 sys=0.06, real=0.06 secs] 
2016-09-24T02:25:22.941-0400: 17.013: [GC (GCLocker Initiated GC) [PSYoungGen: 145194K->27905K(187392K)] 409488K->295517K(711680K), 0.0215065 secs] [Times: user=0.26 sys=0.02, real=0.03 secs] 
2016-09-24T02:25:23.150-0400: 17.223: [GC (GCLocker Initiated GC) [PSYoungGen: 145153K->41477K(188416K)] 418223K->315125K(712704K), 0.0051207 secs] [Times: user=0.05 sys=0.02, real=0.01 secs] 
2016-09-24T02:25:23.264-0400: 17.337: [GC (GCLocker Initiated GC) [PSYoungGen: 162821K->17164K(189952K)] 441985K->315797K(714240K), 0.0055635 secs] [Times: user=0.07 sys=0.00, real=0.00 secs] 
2016-09-24T02:25:23.368-0400: 17.441: [GC (GCLocker Initiated GC) [PSYoungGen: 138508K->37533K(190464K)] 443932K->343609K(714752K), 0.0090468 secs] [Times: user=0.11 sys=0.01, real=0.01 secs] 
2016-09-24T02:25:23.491-0400: 17.563: [GC (GCLocker Initiated GC) [PSYoungGen: 160413K->60522K(183808K)] 466529K->367321K(708096K), 0.0063022 secs] [Times: user=0.09 sys=0.00, real=0.01 secs] 
2016-09-24T02:25:23.605-0400: 17.677: [GC (GCLocker Initiated GC) [PSYoungGen: 183402K->36057K(191488K)] 490211K->367768K(715776K), 0.0248824 secs] [Times: user=0.31 sys=0.04, real=0.02 secs] 
2016-09-24T02:25:23.731-0400: 17.803: [GC (GCLocker Initiated GC) [PSYoungGen: 154841K->44435K(163328K)] 493313K->394416K(687616K), 0.0119397 secs] [Times: user=0.14 sys=0.02, real=0.02 secs] 
2016-09-24T02:25:23.847-0400: 17.920: [GC (GCLocker Initiated GC) [PSYoungGen: 163219K->37513K(189952K)] 520213K->395246K(714240K), 0.0054968 secs] [Times: user=0.05 sys=0.00, real=0.00 secs] 
2016-09-24T02:25:23.947-0400: 18.020: [GC (GCLocker Initiated GC) [PSYoungGen: 158345K->47042K(187904K)] 516163K->405555K(712192K), 0.0055261 secs] [Times: user=0.07 sys=0.01, real=0.00 secs] 
2016-09-24T02:25:24.033-0400: 18.105: [GC (GCLocker Initiated GC) [PSYoungGen: 167874K->59352K(187392K)] 531884K->442988K(711680K), 0.0159580 secs] [Times: user=0.23 sys=0.03, real=0.02 secs] 
2016-09-24T02:25:24.138-0400: 18.211: [GC (GCLocker Initiated GC) [PSYoungGen: 180184K->48568K(191488K)] 569293K->454682K(715776K), 0.0065502 secs] [Times: user=0.09 sys=0.00, real=0.01 secs] 
2016-09-24T02:25:24.257-0400: 18.329: [GC (GCLocker Initiated GC) [PSYoungGen: 169400K->40439K(186368K)] 582294K->454107K(710656K), 0.0087482 secs] [Times: user=0.12 sys=0.01, real=0.01 secs] 
2016-09-24T02:25:24.355-0400: 18.428: [GC (GCLocker Initiated GC) [PSYoungGen: 162295K->33695K(189440K)] 581392K->456294K(713728K), 0.0109462 secs] [Times: user=0.09 sys=0.02, real=0.01 secs] 
2016-09-24T02:25:24.464-0400: 18.537: [GC (GCLocker Initiated GC) [PSYoungGen: 155551K->41690K(189952K)] 578171K->475926K(714240K), 0.0065051 secs] [Times: user=0.05 sys=0.00, real=0.00 secs] 
2016-09-24T02:25:24.564-0400: 18.636: [GC (GCLocker Initiated GC) [PSYoungGen: 169178K->56663K(192512K)] 603454K->510573K(716800K), 0.0224742 secs] [Times: user=0.27 sys=0.03, real=0.02 secs] 
2016-09-24T02:25:24.691-0400: 18.763: [GC (Allocation Failure) [PSYoungGen: 184151K->34993K(195072K)] 644824K->496474K(719360K), 0.0126082 secs] [Times: user=0.16 sys=0.01, real=0.02 secs] 
2016-09-24T02:25:24.801-0400: 18.873: [GC (GCLocker Initiated GC) [PSYoungGen: 159284K->53787K(181248K)] 623466K->529668K(705536K), 0.0097605 secs] [Times: user=0.10 sys=0.03, real=0.01 secs] 
2016-09-24T02:25:24.925-0400: 18.998: [GC (GCLocker Initiated GC) [PSYoungGen: 180763K->63214K(184320K)] 656794K->539965K(708608K), 0.0072057 secs] [Times: user=0.06 sys=0.00, real=0.00 secs] 
2016-09-24T02:25:25.024-0400: 19.097: [GC (GCLocker Initiated GC) [PSYoungGen: 178926K->33423K(188928K)] 657236K->531291K(713216K), 0.0096527 secs] [Times: user=0.13 sys=0.01, real=0.00 secs] 
2016-09-24T02:25:25.034-0400: 19.107: [Full GC (Ergonomics) [PSYoungGen: 33423K->0K(188928K)] [ParOldGen: 497867K->81270K(524288K)] 531291K->81270K(713216K), [Metaspace: 43209K->43209K(1085440K)], 0.0545533 secs] [Times: user=0.30 sys=0.07, real=0.06 secs] 
2016-09-24T02:25:25.162-0400: 19.234: [GC (GCLocker Initiated GC) [PSYoungGen: 115712K->53816K(188416K)] 199771K->137875K(712704K), 0.0110712 secs] [Times: user=0.13 sys=0.01, real=0.01 secs] 
2016-09-24T02:25:25.263-0400: 19.336: [GC (GCLocker Initiated GC) [PSYoungGen: 169528K->51002K(188928K)] 259034K->149350K(713216K), 0.0070332 secs] [Times: user=0.09 sys=0.01, real=0.00 secs] 
2016-09-24T02:25:25.367-0400: 19.439: [GC (GCLocker Initiated GC) [PSYoungGen: 166714K->48206K(184832K)] 272008K->154088K(709120K), 0.0069857 secs] [Times: user=0.07 sys=0.00, real=0.00 secs] 
2016-09-24T02:25:25.703-0400: 19.775: [GC (GCLocker Initiated GC) [PSYoungGen: 164430K->34547K(186880K)] 281194K->151811K(711168K), 0.0077912 secs] [Times: user=0.03 sys=0.01, real=0.00 secs] 
2016-09-24T02:25:25.809-0400: 19.882: [GC (GCLocker Initiated GC) [PSYoungGen: 150771K->42834K(186880K)] 275019K->167583K(711168K), 0.0045672 secs] [Times: user=0.05 sys=0.00, real=0.00 secs] 
2016-09-24T02:25:25.901-0400: 19.973: [GC (GCLocker Initiated GC) [PSYoungGen: 164178K->50854K(189440K)] 291686K->178858K(713728K), 0.0098744 secs] [Times: user=0.12 sys=0.01, real=0.01 secs] 
2016-09-24T02:25:26.040-0400: 20.112: [GC (GCLocker Initiated GC) [PSYoungGen: 172198K->40198K(190976K)] 306982K->186262K(715264K), 0.1244487 secs] [Times: user=1.60 sys=0.11, real=0.13 secs] 
2016-09-24T02:25:26.288-0400: 20.361: [GC (GCLocker Initiated GC) [PSYoungGen: 166150K->49614K(192512K)] 313012K->215912K(716800K), 0.0090105 secs] [Times: user=0.12 sys=0.00, real=0.01 secs] 
2016-09-24T02:25:26.404-0400: 20.477: [GC (GCLocker Initiated GC) [PSYoungGen: 175566K->41544K(193024K)] 347369K->238213K(717312K), 0.0060799 secs] [Times: user=0.07 sys=0.01, real=0.00 secs] 
2016-09-24T02:25:26.503-0400: 20.576: [GC (GCLocker Initiated GC) [PSYoungGen: 171080K->34769K(194560K)] 378600K->253582K(718848K), 0.0303349 secs] [Times: user=0.42 sys=0.03, real=0.02 secs] 
2016-09-24T02:25:26.619-0400: 20.692: [GC (GCLocker Initiated GC) [PSYoungGen: 164305K->40250K(194560K)] 390049K->288229K(718848K), 0.0057860 secs] [Times: user=0.08 sys=0.01, real=0.01 secs] 
2016-09-24T02:25:26.718-0400: 20.790: [GC (GCLocker Initiated GC) [PSYoungGen: 172858K->63109K(196096K)] 420922K->317073K(720384K), 0.0174088 secs] [Times: user=0.22 sys=0.03, real=0.02 secs] 
2016-09-24T02:25:26.855-0400: 20.928: [GC (GCLocker Initiated GC) [PSYoungGen: 195717K->42946K(195072K)] 455108K->316366K(719360K), 0.0056981 secs] [Times: user=0.06 sys=0.01, real=0.00 secs] 
2016-09-24T02:25:26.946-0400: 21.019: [GC (GCLocker Initiated GC) [PSYoungGen: 171970K->42772K(172032K)] 448121K->332999K(696320K), 0.0072725 secs] [Times: user=0.06 sys=0.01, real=0.00 secs] 
2016-09-24T02:25:27.059-0400: 21.132: [GC (GCLocker Initiated GC) [PSYoungGen: 171796K->23798K(193024K)] 471643K->332244K(717312K), 0.0063060 secs] [Times: user=0.04 sys=0.01, real=0.01 secs] 
2016-09-24T02:25:27.183-0400: 21.255: [GC (GCLocker Initiated GC) [PSYoungGen: 151798K->50898K(194560K)] 465711K->365300K(718848K), 0.0077390 secs] [Times: user=0.06 sys=0.01, real=0.00 secs] 
2016-09-24T02:25:27.288-0400: 21.360: [GC (GCLocker Initiated GC) [PSYoungGen: 178898K->59139K(188416K)] 493361K->395742K(712704K), 0.0063088 secs] [Times: user=0.08 sys=0.01, real=0.00 secs] 
2016-09-24T02:25:27.390-0400: 21.463: [GC (GCLocker Initiated GC) [PSYoungGen: 179971K->68599K(189440K)] 519487K->408660K(713728K), 0.0066163 secs] [Times: user=0.09 sys=0.01, real=0.01 secs] 
2016-09-24T02:25:27.534-0400: 21.607: [GC (GCLocker Initiated GC) [PSYoungGen: 189431K->57688K(179200K)] 537598K->417194K(703488K), 0.0216450 secs] [Times: user=0.22 sys=0.02, real=0.02 secs] 
2016-09-24T02:25:27.656-0400: 21.728: [GC (GCLocker Initiated GC) [PSYoungGen: 164184K->53695K(184320K)] 523712K->413779K(708608K), 0.0061670 secs] [Times: user=0.07 sys=0.00, real=0.00 secs] 
2016-09-24T02:25:27.732-0400: 21.804: [GC (GCLocker Initiated GC) [PSYoungGen: 160191K->45955K(178176K)] 525784K->430956K(702464K), 0.0069211 secs] [Times: user=0.09 sys=0.00, real=0.01 secs] 
2016-09-24T02:25:27.812-0400: 21.885: [GC (GCLocker Initiated GC) [PSYoungGen: 153475K->55322K(181760K)] 538542K->441220K(706048K), 0.0059059 secs] [Times: user=0.08 sys=0.00, real=0.01 secs] 
2016-09-24T02:25:27.892-0400: 21.965: [GC (GCLocker Initiated GC) [PSYoungGen: 162842K->44581K(184832K)] 554251K->436824K(709120K), 0.0047953 secs] [Times: user=0.07 sys=0.00, real=0.01 secs] 
2016-09-24T02:25:27.973-0400: 22.046: [GC (GCLocker Initiated GC) [PSYoungGen: 158245K->45933K(186368K)] 550521K->449871K(710656K), 0.0055462 secs] [Times: user=0.09 sys=0.01, real=0.01 secs] 
2016-09-24T02:25:28.065-0400: 22.138: [GC (GCLocker Initiated GC) [PSYoungGen: 159597K->47262K(186880K)] 569000K->471068K(711168K), 0.0062797 secs] [Times: user=0.09 sys=0.00, real=0.00 secs] 
2016-09-24T02:25:28.154-0400: 22.227: [GC (GCLocker Initiated GC) [PSYoungGen: 166046K->48635K(187904K)] 598019K->481506K(712192K), 0.0054932 secs] [Times: user=0.07 sys=0.00, real=0.00 secs] 
2016-09-24T02:25:28.245-0400: 22.318: [GC (GCLocker Initiated GC) [PSYoungGen: 167419K->53985K(192000K)] 600437K->498740K(716288K), 0.0070139 secs] [Times: user=0.09 sys=0.00, real=0.00 secs] 
2016-09-24T02:25:28.334-0400: 22.407: [GC (GCLocker Initiated GC) [PSYoungGen: 178913K->58125K(192000K)] 623851K->512058K(716288K), 0.0067580 secs] [Times: user=0.09 sys=0.00, real=0.01 secs] 
2016-09-24T02:25:28.425-0400: 22.497: [GC (GCLocker Initiated GC) [PSYoungGen: 183053K->56856K(191488K)] 639733K->514457K(715776K), 0.0060436 secs] [Times: user=0.07 sys=0.01, real=0.00 secs] 
2016-09-24T02:25:28.513-0400: 22.585: [GC (GCLocker Initiated GC) [PSYoungGen: 179736K->69045K(192000K)] 642770K->543849K(716288K), 0.0074060 secs] [Times: user=0.12 sys=0.00, real=0.01 secs] 
2016-09-24T02:25:28.601-0400: 22.674: [GC (GCLocker Initiated GC) [PSYoungGen: 191925K->44673K(184832K)] 672191K->544848K(709120K), 0.0147621 secs] [Times: user=0.21 sys=0.00, real=0.02 secs] 
2016-09-24T02:25:28.616-0400: 22.689: [Full GC (Ergonomics) [PSYoungGen: 44673K->0K(184832K)] [ParOldGen: 500174K->107940K(524288K)] 544848K->107940K(709120K), [Metaspace: 43414K->43414K(1085440K)], 0.0461568 secs] [Times: user=0.40 sys=0.00, real=0.05 secs] 
2016-09-24T02:25:28.743-0400: 22.816: [GC (GCLocker Initiated GC) [PSYoungGen: 114688K->54362K(188416K)] 225572K->165246K(712704K), 0.0059545 secs] [Times: user=0.08 sys=0.00, real=0.00 secs] 
2016-09-24T02:25:28.822-0400: 22.895: [GC (GCLocker Initiated GC) [PSYoungGen: 169050K->62172K(185856K)] 280015K->174361K(710144K), 0.0059919 secs] [Times: user=0.07 sys=0.00, real=0.00 secs] 
2016-09-24T02:25:28.908-0400: 22.981: [GC (GCLocker Initiated GC) [PSYoungGen: 175836K->48786K(187904K)] 294821K->187605K(712192K), 0.0100730 secs] [Times: user=0.15 sys=0.00, real=0.01 secs] 
2016-09-24T02:25:29.003-0400: 23.076: [GC (GCLocker Initiated GC) [PSYoungGen: 162450K->54046K(184320K)] 304192K->196811K(708608K), 0.0051229 secs] [Times: user=0.07 sys=0.00, real=0.00 secs] 
2016-09-24T02:25:29.099-0400: 23.171: [GC (GCLocker Initiated GC) [PSYoungGen: 169246K->43371K(186368K)] 312083K->187108K(710656K), 0.0109581 secs] [Times: user=0.11 sys=0.00, real=0.01 secs] 
2016-09-24T02:25:29.193-0400: 23.266: [GC (GCLocker Initiated GC) [PSYoungGen: 158571K->60854K(187904K)] 302387K->205671K(712192K), 0.0061645 secs] [Times: user=0.07 sys=0.01, real=0.01 secs] 
2016-09-24T02:25:29.274-0400: 23.346: [GC (GCLocker Initiated GC) [PSYoungGen: 177590K->63558K(180736K)] 325190K->220200K(705024K), 0.0078076 secs] [Times: user=0.10 sys=0.00, real=0.01 secs] 
2016-09-24T02:25:29.373-0400: 23.446: [GC (GCLocker Initiated GC) [PSYoungGen: 180294K->56781K(188416K)] 337065K->230682K(712704K), 0.0072367 secs] [Times: user=0.08 sys=0.00, real=0.01 secs] 
2016-09-24T02:25:29.466-0400: 23.539: [GC (GCLocker Initiated GC) [PSYoungGen: 170445K->33697K(147456K)] 347107K->211238K(671744K), 0.0051186 secs] [Times: user=0.03 sys=0.01, real=0.00 secs] 
2016-09-24T02:25:29.555-0400: 23.628: [GC (GCLocker Initiated GC) [PSYoungGen: 147361K->54053K(188416K)] 331708K->250113K(712704K), 0.0067733 secs] [Times: user=0.08 sys=0.01, real=0.01 secs] 
2016-09-24T02:25:29.641-0400: 23.713: [GC (GCLocker Initiated GC) [PSYoungGen: 167205K->44571K(158208K)] 367364K->259113K(682496K), 0.0053753 secs] [Times: user=0.07 sys=0.01, real=0.01 secs] 
2016-09-24T02:25:29.717-0400: 23.790: [GC (GCLocker Initiated GC) [PSYoungGen: 157723K->58059K(185344K)] 372297K->273500K(709632K), 0.0063749 secs] [Times: user=0.09 sys=0.00, real=0.01 secs] 
2016-09-24T02:25:29.797-0400: 23.870: [GC (GCLocker Initiated GC) [PSYoungGen: 170699K->71545K(184320K)] 386205K->287849K(708608K), 0.0078919 secs] [Times: user=0.09 sys=0.00, real=0.01 secs] 
2016-09-24T02:25:29.892-0400: 23.965: [GC (GCLocker Initiated GC) [PSYoungGen: 184185K->59490K(184320K)] 400533K->290188K(708608K), 0.0063363 secs] [Times: user=0.10 sys=0.00, real=0.01 secs] 
2016-09-24T02:25:29.969-0400: 24.042: [GC (GCLocker Initiated GC) [PSYoungGen: 165986K->57973K(164864K)] 399446K->319361K(689152K), 0.0097673 secs] [Times: user=0.13 sys=0.01, real=0.01 secs] 
2016-09-24T02:25:30.064-0400: 24.137: [GC (GCLocker Initiated GC) [PSYoungGen: 164469K->52713K(184832K)] 435412K->332629K(709120K), 0.0095235 secs] [Times: user=0.14 sys=0.00, real=0.00 secs] 
2016-09-24T02:25:30.156-0400: 24.229: [GC (GCLocker Initiated GC) [PSYoungGen: 160745K->41856K(183296K)] 440742K->341613K(707584K), 0.0059133 secs] [Times: user=0.06 sys=0.01, real=0.00 secs] 
2016-09-24T02:25:30.238-0400: 24.311: [GC (GCLocker Initiated GC) [PSYoungGen: 149888K->48522K(185344K)] 452093K->351587K(709632K), 0.0054417 secs] [Times: user=0.05 sys=0.00, real=0.01 secs] 
2016-09-24T02:25:30.327-0400: 24.400: [GC (GCLocker Initiated GC) [PSYoungGen: 160138K->47140K(185344K)] 466131K->353981K(709632K), 0.0053804 secs] [Times: user=0.06 sys=0.00, real=0.00 secs] 
2016-09-24T02:25:30.420-0400: 24.492: [GC (GCLocker Initiated GC) [PSYoungGen: 158756K->41913K(187392K)] 468301K->352290K(711680K), 0.0075158 secs] [Times: user=0.09 sys=0.00, real=0.01 secs] 
2016-09-24T02:25:30.510-0400: 24.582: [GC (GCLocker Initiated GC) [PSYoungGen: 156601K->44624K(187392K)] 477996K->366900K(711680K), 0.0068703 secs] [Times: user=0.08 sys=0.00, real=0.01 secs] 
2016-09-24T02:25:30.615-0400: 24.687: [GC (GCLocker Initiated GC) [PSYoungGen: 159312K->47266K(187392K)] 481619K->370464K(711680K), 0.0085362 secs] [Times: user=0.09 sys=0.00, real=0.01 secs] 
2016-09-24T02:25:30.703-0400: 24.775: [GC (GCLocker Initiated GC) [PSYoungGen: 165026K->40528K(187904K)] 491137K->389109K(712192K), 0.0073512 secs] [Times: user=0.05 sys=0.01, real=0.00 secs] 
2016-09-24T02:25:30.789-0400: 24.861: [GC (GCLocker Initiated GC) [PSYoungGen: 158288K->53952K(192000K)] 506901K->416923K(716288K), 0.0066411 secs] [Times: user=0.08 sys=0.01, real=0.01 secs] 
2016-09-24T02:25:35.751-0400: 29.823: [GC (GCLocker Initiated GC) [PSYoungGen: 176320K->56532K(192000K)] 542099K->425817K(716288K), 0.0089045 secs] [Times: user=0.09 sys=0.01, real=0.01 secs] 
2016-09-24T02:25:35.862-0400: 29.935: [GC (GCLocker Initiated GC) [PSYoungGen: 178900K->44636K(190976K)] 556515K->441909K(715264K), 0.0107770 secs] [Times: user=0.12 sys=0.00, real=0.01 secs] 
2016-09-24T02:25:35.975-0400: 30.048: [GC (GCLocker Initiated GC) [PSYoungGen: 167004K->47368K(191488K)] 575080K->456360K(715776K), 0.0066152 secs] [Times: user=0.07 sys=0.01, real=0.00 secs] 
2016-09-24T02:25:36.101-0400: 30.174: [GC (GCLocker Initiated GC) [PSYoungGen: 169736K->38821K(192000K)] 592297K->462329K(716288K), 0.0063127 secs] [Times: user=0.07 sys=0.00, real=0.01 secs] 
2016-09-24T02:25:36.211-0400: 30.284: [GC (GCLocker Initiated GC) [PSYoungGen: 163237K->47082K(192000K)] 592368K->476881K(716288K), 0.0050151 secs] [Times: user=0.07 sys=0.00, real=0.01 secs] 
2016-09-24T02:25:36.304-0400: 30.377: [GC (GCLocker Initiated GC) [PSYoungGen: 171498K->61997K(189952K)] 606809K->497994K(714240K), 0.0067816 secs] [Times: user=0.09 sys=0.00, real=0.00 secs] 
2016-09-24T02:25:36.401-0400: 30.473: [GC (GCLocker Initiated GC) [PSYoungGen: 185901K->60584K(184832K)] 624842K->521916K(709120K), 0.0078368 secs] [Times: user=0.12 sys=0.00, real=0.01 secs] 
2016-09-24T02:25:36.500-0400: 30.573: [GC (GCLocker Initiated GC) [PSYoungGen: 184488K->57756K(189440K)] 646062K->519978K(713728K), 0.0070892 secs] [Times: user=0.08 sys=0.00, real=0.01 secs] 
2016-09-24T02:25:36.607-0400: 30.679: [GC (GCLocker Initiated GC) [PSYoungGen: 175516K->32150K(150016K)] 647365K->504655K(674304K), 0.0056010 secs] [Times: user=0.06 sys=0.00, real=0.00 secs] 
2016-09-24T02:25:36.713-0400: 30.786: [GC (GCLocker Initiated GC) [PSYoungGen: 149910K->25261K(184832K)] 631929K->507977K(709120K), 0.0061464 secs] [Times: user=0.05 sys=0.01, real=0.01 secs] 
2016-09-24T02:25:36.831-0400: 30.903: [GC (GCLocker Initiated GC) [PSYoungGen: 136877K->55110K(186880K)] 623747K->542678K(711168K), 0.0058400 secs] [Times: user=0.08 sys=0.00, real=0.01 secs] 
2016-09-24T02:25:36.922-0400: 30.994: [GC (GCLocker Initiated GC) [PSYoungGen: 166726K->40133K(183808K)] 657065K->544610K(708096K), 0.0095358 secs] [Times: user=0.09 sys=0.01, real=0.01 secs] 
2016-09-24T02:25:36.931-0400: 31.004: [Full GC (Ergonomics) [PSYoungGen: 40133K->0K(183808K)] [ParOldGen: 504477K->135203K(524288K)] 544610K->135203K(708096K), [Metaspace: 43561K->43561K(1085440K)], 0.0826677 secs] [Times: user=0.70 sys=0.02, real=0.09 secs] 
2016-09-24T02:25:37.105-0400: 31.177: [GC (GCLocker Initiated GC) [PSYoungGen: 111616K->51619K(185344K)] 254929K->194932K(709632K), 0.0066790 secs] [Times: user=0.07 sys=0.01, real=0.00 secs] 
2016-09-24T02:25:37.207-0400: 31.279: [GC (GCLocker Initiated GC) [PSYoungGen: 163235K->59496K(185344K)] 307922K->205319K(709632K), 0.0094459 secs] [Times: user=0.14 sys=0.00, real=0.01 secs] 
2016-09-24T02:25:37.315-0400: 31.388: [GC (GCLocker Initiated GC) [PSYoungGen: 172136K->31006K(143872K)] 326147K->204859K(668160K), 0.0223150 secs] [Times: user=0.27 sys=0.00, real=0.02 secs] 
2016-09-24T02:25:37.438-0400: 31.511: [GC (GCLocker Initiated GC) [PSYoungGen: 143646K->47110K(189952K)] 320441K->227423K(714240K), 0.0296135 secs] [Times: user=0.37 sys=0.00, real=0.03 secs] 
2016-09-24T02:25:37.558-0400: 31.631: [GC (GCLocker Initiated GC) [PSYoungGen: 161798K->47282K(162304K)] 349885K->236163K(686592K), 0.0241968 secs] [Times: user=0.37 sys=0.00, real=0.03 secs] 
2016-09-24T02:25:37.664-0400: 31.737: [GC (GCLocker Initiated GC) [PSYoungGen: 161970K->53988K(184832K)] 350876K->243748K(709120K), 0.0057426 secs] [Times: user=0.07 sys=0.00, real=0.00 secs] 
2016-09-24T02:25:37.762-0400: 31.834: [GC (GCLocker Initiated GC) [PSYoungGen: 168676K->40488K(184832K)] 361336K->255614K(709120K), 0.0145038 secs] [Times: user=0.17 sys=0.00, real=0.02 secs] 
2016-09-24T02:25:37.866-0400: 31.939: [GC (GCLocker Initiated GC) [PSYoungGen: 155176K->29873K(189952K)] 381227K->267590K(714240K), 0.0074072 secs] [Times: user=0.09 sys=0.00, real=0.00 secs] 
2016-09-24T02:25:37.964-0400: 32.036: [GC (GCLocker Initiated GC) [PSYoungGen: 150705K->29745K(190976K)] 400662K->280668K(715264K), 0.0109004 secs] [Times: user=0.13 sys=0.00, real=0.01 secs] 
2016-09-24T02:25:38.066-0400: 32.139: [GC (GCLocker Initiated GC) [PSYoungGen: 150577K->48492K(189952K)] 404278K->316608K(714240K), 0.0058166 secs] [Times: user=0.07 sys=0.00, real=0.00 secs] 
2016-09-24T02:25:38.161-0400: 32.233: [GC (GCLocker Initiated GC) [PSYoungGen: 170348K->47283K(190976K)] 443954K->332459K(715264K), 0.0059840 secs] [Times: user=0.07 sys=0.01, real=0.01 secs] 
2016-09-24T02:25:38.248-0400: 32.321: [GC (GCLocker Initiated GC) [PSYoungGen: 169139K->26667K(192512K)] 454344K->323503K(716800K), 0.0146200 secs] [Times: user=0.13 sys=0.00, real=0.02 secs] 
2016-09-24T02:25:38.338-0400: 32.411: [GC (GCLocker Initiated GC) [PSYoungGen: 151083K->40467K(165376K)] 448100K->354526K(689664K), 0.0079578 secs] [Times: user=0.07 sys=0.00, real=0.01 secs] 
2016-09-24T02:25:38.441-0400: 32.514: [GC (GCLocker Initiated GC) [PSYoungGen: 164883K->35155K(193024K)] 484375K->358208K(717312K), 0.0085816 secs] [Times: user=0.07 sys=0.02, real=0.01 secs] 
2016-09-24T02:25:38.539-0400: 32.612: [GC (GCLocker Initiated GC) [PSYoungGen: 161619K->40212K(192000K)] 490153K->369684K(716288K), 0.0197478 secs] [Times: user=0.20 sys=0.00, real=0.02 secs] 
2016-09-24T02:25:38.650-0400: 32.723: [GC (GCLocker Initiated GC) [PSYoungGen: 166676K->37643K(195072K)] 498874K->381472K(719360K), 0.0069813 secs] [Times: user=0.05 sys=0.00, real=0.01 secs] 
2016-09-24T02:25:38.744-0400: 32.817: [GC (GCLocker Initiated GC) [PSYoungGen: 169227K->33594K(193536K)] 515785K->389141K(717824K), 0.0066786 secs] [Times: user=0.05 sys=0.00, real=0.00 secs] 
2016-09-24T02:25:38.847-0400: 32.920: [GC (GCLocker Initiated GC) [PSYoungGen: 165178K->40470K(198144K)] 524834K->403684K(722432K), 0.0138746 secs] [Times: user=0.13 sys=0.00, real=0.01 secs] 
2016-09-24T02:25:38.946-0400: 33.019: [GC (GCLocker Initiated GC) [PSYoungGen: 179222K->36528K(197632K)] 542608K->400890K(721920K), 0.0173712 secs] [Times: user=0.17 sys=0.00, real=0.02 secs] 
2016-09-24T02:25:39.066-0400: 33.139: [GC (GCLocker Initiated GC) [PSYoungGen: 175280K->36423K(202240K)] 542449K->412632K(726528K), 0.0177140 secs] [Times: user=0.15 sys=0.01, real=0.02 secs] 
2016-09-24T02:25:39.182-0400: 33.254: [GC (GCLocker Initiated GC) [PSYoungGen: 181319K->32245K(201728K)] 557569K->412182K(726016K), 0.0097074 secs] [Times: user=0.11 sys=0.00, real=0.01 secs] 
2016-09-24T02:25:39.296-0400: 33.368: [GC (GCLocker Initiated GC) [PSYoungGen: 177141K->33801K(204288K)] 569246K->426821K(728576K), 0.0054363 secs] [Times: user=0.06 sys=0.00, real=0.00 secs] 
2016-09-24T02:25:39.403-0400: 33.476: [GC (GCLocker Initiated GC) [PSYoungGen: 182793K->54235K(203264K)] 578539K->451070K(727552K), 0.0247626 secs] [Times: user=0.30 sys=0.00, real=0.02 secs] 
2016-09-24T02:25:39.536-0400: 33.609: [GC (GCLocker Initiated GC) [PSYoungGen: 203227K->36719K(203776K)] 616394K->461774K(728064K), 0.0116204 secs] [Times: user=0.13 sys=0.02, real=0.01 secs] 
2016-09-24T02:25:39.655-0400: 33.728: [GC (GCLocker Initiated GC) [PSYoungGen: 181615K->41928K(186880K)] 609545K->470965K(711168K), 0.0116848 secs] [Times: user=0.13 sys=0.00, real=0.01 secs] 
2016-09-24T02:25:39.759-0400: 33.832: [GC (GCLocker Initiated GC) [PSYoungGen: 186824K->56870K(195584K)] 618806K->489897K(719872K), 0.0133300 secs] [Times: user=0.17 sys=0.00, real=0.01 secs] 
2016-09-24T02:25:39.879-0400: 33.952: [GC (GCLocker Initiated GC) [PSYoungGen: 195110K->60941K(199680K)] 630866K->500420K(723968K), 0.0087999 secs] [Times: user=0.12 sys=0.00, real=0.01 secs] 
2016-09-24T02:25:39.980-0400: 34.053: [GC (GCLocker Initiated GC) [PSYoungGen: 199181K->50011K(190464K)] 644117K->509412K(714752K), 0.0071815 secs] [Times: user=0.07 sys=0.00, real=0.01 secs] 
2016-09-24T02:25:40.073-0400: 34.145: [GC (GCLocker Initiated GC) [PSYoungGen: 178011K->52651K(180736K)] 637626K->529453K(705024K), 0.0067767 secs] [Times: user=0.09 sys=0.00, real=0.01 secs] 
2016-09-24T02:25:40.165-0400: 34.237: [GC (Allocation Failure) [PSYoungGen: 180651K->49979K(194560K)] 660290K->543997K(718848K), 0.0061310 secs] [Times: user=0.09 sys=0.00, real=0.00 secs] 
2016-09-24T02:25:40.258-0400: 34.331: [GC (GCLocker Initiated GC) [PSYoungGen: 176443K->44507K(171008K)] 670465K->539436K(695296K), 0.0062430 secs] [Times: user=0.06 sys=0.01, real=0.01 secs] 
2016-09-24T02:25:40.357-0400: 34.429: [GC (GCLocker Initiated GC) [PSYoungGen: 170971K->49898K(192512K)] 666000K->545858K(716800K), 0.0067445 secs] [Times: user=0.07 sys=0.01, real=0.01 secs] 
2016-09-24T02:25:40.459-0400: 34.532: [GC (GCLocker Initiated GC) [PSYoungGen: 176874K->53929K(192000K)] 672867K->575056K(716288K), 0.0078530 secs] [Times: user=0.09 sys=0.02, real=0.01 secs] 
2016-09-24T02:25:40.467-0400: 34.540: [Full GC (Ergonomics) [PSYoungGen: 53929K->0K(192000K)] [ParOldGen: 521127K->160256K(524288K)] 575056K->160256K(716288K), [Metaspace: 43590K->43590K(1085440K)], 0.0569281 secs] [Times: user=0.48 sys=0.00, real=0.06 secs] 
2016-09-24T02:25:40.627-0400: 34.699: [GC (GCLocker Initiated GC) [PSYoungGen: 126976K->39439K(196608K)] 290076K->202539K(720896K), 0.0178110 secs] [Times: user=0.22 sys=0.01, real=0.02 secs] 
2016-09-24T02:25:40.743-0400: 34.816: [GC (GCLocker Initiated GC) [PSYoungGen: 169999K->28307K(159232K)] 333117K->195307K(683520K), 0.0051656 secs] [Times: user=0.03 sys=0.00, real=0.00 secs] 
2016-09-24T02:25:40.845-0400: 34.918: [GC (GCLocker Initiated GC) [PSYoungGen: 158867K->47365K(196608K)] 325941K->215474K(720896K), 0.0086006 secs] [Times: user=0.10 sys=0.01, real=0.00 secs] 
2016-09-24T02:25:40.952-0400: 35.024: [GC (GCLocker Initiated GC) [PSYoungGen: 177413K->33926K(195584K)] 348559K->230485K(719872K), 0.0071274 secs] [Times: user=0.08 sys=0.00, real=0.01 secs] 
2016-09-24T02:25:41.060-0400: 35.133: [GC (GCLocker Initiated GC) [PSYoungGen: 163974K->40524K(193536K)] 363251K->240830K(717824K), 0.0116355 secs] [Times: user=0.15 sys=0.00, real=0.01 secs] 
2016-09-24T02:25:41.177-0400: 35.249: [GC (GCLocker Initiated GC) [PSYoungGen: 171596K->52986K(194560K)] 377330K->267866K(718848K), 0.0084488 secs] [Times: user=0.09 sys=0.01, real=0.01 secs] 
2016-09-24T02:25:41.299-0400: 35.372: [GC (GCLocker Initiated GC) [PSYoungGen: 184058K->28825K(196096K)] 408399K->257088K(720384K), 0.0246129 secs] [Times: user=0.24 sys=0.00, real=0.03 secs] 
2016-09-24T02:25:41.425-0400: 35.498: [GC (GCLocker Initiated GC) [PSYoungGen: 159897K->36865K(168448K)] 392398K->270927K(692736K), 0.0049434 secs] [Times: user=0.06 sys=0.00, real=0.00 secs] 
2016-09-24T02:25:41.531-0400: 35.603: [GC (GCLocker Initiated GC) [PSYoungGen: 167937K->39623K(198144K)] 407440K->280515K(722432K), 0.0059352 secs] [Times: user=0.07 sys=0.00, real=0.01 secs] 
2016-09-24T02:25:41.646-0400: 35.719: [GC (GCLocker Initiated GC) [PSYoungGen: 173255K->41074K(196096K)] 420917K->290015K(720384K), 0.0055713 secs] [Times: user=0.06 sys=0.00, real=0.00 secs] 
2016-09-24T02:25:41.749-0400: 35.821: [GC (GCLocker Initiated GC) [PSYoungGen: 174706K->42259K(197632K)] 423737K->292806K(721920K), 0.0079268 secs] [Times: user=0.07 sys=0.00, real=0.01 secs] 
2016-09-24T02:25:41.874-0400: 35.947: [GC (GCLocker Initiated GC) [PSYoungGen: 179475K->32915K(196096K)] 435569K->301200K(720384K), 0.0081453 secs] [Times: user=0.09 sys=0.00, real=0.01 secs] 
2016-09-24T02:25:42.006-0400: 36.078: [GC (GCLocker Initiated GC) [PSYoungGen: 170131K->34409K(202240K)] 447431K->313214K(726528K), 0.0097757 secs] [Times: user=0.11 sys=0.00, real=0.01 secs] 
2016-09-24T02:25:42.139-0400: 36.212: [GC (GCLocker Initiated GC) [PSYoungGen: 177769K->32983K(201728K)] 468954K->325769K(726016K), 0.0052005 secs] [Times: user=0.06 sys=0.00, real=0.01 secs] 
2016-09-24T02:25:42.257-0400: 36.330: [GC (GCLocker Initiated GC) [PSYoungGen: 176343K->31191K(203264K)] 469272K->339010K(727552K), 0.0312465 secs] [Times: user=0.39 sys=0.00, real=0.03 secs] 
2016-09-24T02:25:42.397-0400: 36.469: [GC (GCLocker Initiated GC) [PSYoungGen: 176599K->26012K(202752K)] 490005K->359545K(727040K), 0.0052010 secs] [Times: user=0.05 sys=0.00, real=0.01 secs] 
2016-09-24T02:25:42.509-0400: 36.581: [GC (GCLocker Initiated GC) [PSYoungGen: 171420K->54440K(195584K)] 505172K->389520K(719872K), 0.0071571 secs] [Times: user=0.08 sys=0.00, real=0.01 secs] 
2016-09-24T02:25:42.623-0400: 36.696: [GC (GCLocker Initiated GC) [PSYoungGen: 192680K->24677K(200192K)] 535880K->369148K(724480K), 0.0163321 secs] [Times: user=0.26 sys=0.00, real=0.01 secs] 
2016-09-24T02:25:42.738-0400: 36.811: [GC (GCLocker Initiated GC) [PSYoungGen: 162917K->46284K(198144K)] 512239K->396933K(722432K), 0.0237408 secs] [Times: user=0.35 sys=0.01, real=0.03 secs] 
2016-09-24T02:25:42.860-0400: 36.933: [GC (GCLocker Initiated GC) [PSYoungGen: 182476K->34153K(170496K)] 538675K->410498K(694784K), 0.0063155 secs] [Times: user=0.06 sys=0.00, real=0.01 secs] 
2016-09-24T02:25:42.969-0400: 37.042: [GC (GCLocker Initiated GC) [PSYoungGen: 170345K->59708K(189440K)] 546711K->437237K(713728K), 0.0063304 secs] [Times: user=0.07 sys=0.00, real=0.01 secs] 
2016-09-24T02:25:43.080-0400: 37.152: [GC (GCLocker Initiated GC) [PSYoungGen: 187708K->34144K(195072K)] 572058K->422325K(719360K), 0.0055660 secs] [Times: user=0.06 sys=0.00, real=0.01 secs] 
2016-09-24T02:25:43.188-0400: 37.261: [GC (GCLocker Initiated GC) [PSYoungGen: 162144K->38155K(188416K)] 554766K->437363K(712704K), 0.0053448 secs] [Times: user=0.05 sys=0.00, real=0.00 secs] 
2016-09-24T02:25:43.295-0400: 37.368: [GC (GCLocker Initiated GC) [PSYoungGen: 167691K->28457K(192512K)] 570157K->432084K(716800K), 0.0066971 secs] [Times: user=0.05 sys=0.00, real=0.00 secs] 
2016-09-24T02:25:43.406-0400: 37.479: [GC (GCLocker Initiated GC) [PSYoungGen: 157993K->39383K(194560K)] 567030K->449589K(718848K), 0.0131925 secs] [Times: user=0.16 sys=0.01, real=0.01 secs] 
2016-09-24T02:25:43.531-0400: 37.604: [GC (GCLocker Initiated GC) [PSYoungGen: 176087K->46329K(197120K)] 589156K->460557K(721408K), 0.0051185 secs] [Times: user=0.05 sys=0.00, real=0.01 secs] 
2016-09-24T02:25:43.642-0400: 37.714: [GC (GCLocker Initiated GC) [PSYoungGen: 183033K->38048K(198656K)] 599995K->456277K(722944K), 0.0186030 secs] [Times: user=0.17 sys=0.00, real=0.02 secs] 
2016-09-24T02:25:43.781-0400: 37.854: [GC (Allocation Failure) [PSYoungGen: 178336K->43953K(199680K)] 607424K->495975K(723968K), 0.0120366 secs] [Times: user=0.13 sys=0.01, real=0.01 secs] 
2016-09-24T02:25:43.904-0400: 37.977: [GC (GCLocker Initiated GC) [PSYoungGen: 181669K->43565K(202240K)] 636391K->499754K(726528K), 0.0148411 secs] [Times: user=0.18 sys=0.00, real=0.01 secs] 
2016-09-24T02:25:44.040-0400: 38.113: [GC (GCLocker Initiated GC) [PSYoungGen: 187437K->32740K(202752K)] 649189K->495663K(727040K), 0.0159686 secs] [Times: user=0.16 sys=0.00, real=0.02 secs] 
2016-09-24T02:25:44.180-0400: 38.252: [GC (GCLocker Initiated GC) [PSYoungGen: 176612K->43496K(202752K)] 645162K->513408K(727040K), 0.0107511 secs] [Times: user=0.12 sys=0.00, real=0.01 secs] 
2016-09-24T02:25:44.304-0400: 38.376: [GC (GCLocker Initiated GC) [PSYoungGen: 188392K->40705K(202752K)] 663904K->517487K(727040K), 0.0057300 secs] [Times: user=0.06 sys=0.00, real=0.00 secs] 
2016-09-24T02:25:44.429-0400: 38.501: [GC (GCLocker Initiated GC) [PSYoungGen: 185601K->36661K(203264K)] 662432K->528210K(727552K), 0.0072583 secs] [Times: user=0.07 sys=0.00, real=0.01 secs] 
2016-09-24T02:25:44.543-0400: 38.616: [GC (GCLocker Initiated GC) [PSYoungGen: 184117K->27167K(202752K)] 675783K->544454K(727040K), 0.0190502 secs] [Times: user=0.24 sys=0.00, real=0.02 secs] 
2016-09-24T02:25:44.562-0400: 38.635: [Full GC (Ergonomics) [PSYoungGen: 27167K->0K(202752K)] [ParOldGen: 517287K->203754K(524288K)] 544454K->203754K(727040K), [Metaspace: 43623K->43623K(1087488K)], 0.0593123 secs] [Times: user=0.47 sys=0.01, real=0.05 secs] 
2016-09-24T02:25:44.754-0400: 38.827: [GC (GCLocker Initiated GC) [PSYoungGen: 147456K->39894K(205312K)] 356656K->249094K(729600K), 0.0304447 secs] [Times: user=0.36 sys=0.00, real=0.04 secs] 
2016-09-24T02:25:44.914-0400: 38.987: [GC (GCLocker Initiated GC) [PSYoungGen: 190934K->32846K(205824K)] 405565K->249243K(730112K), 0.0095158 secs] [Times: user=0.07 sys=0.01, real=0.02 secs] 
2016-09-24T02:25:45.034-0400: 39.107: [GC (GCLocker Initiated GC) [PSYoungGen: 183886K->27330K(206336K)] 400462K->266947K(730624K), 0.0064126 secs] [Times: user=0.06 sys=0.01, real=0.00 secs] 
2016-09-24T02:25:45.167-0400: 39.239: [GC (GCLocker Initiated GC) [PSYoungGen: 179906K->46299K(199168K)] 419582K->287302K(723456K), 0.0071197 secs] [Times: user=0.07 sys=0.00, real=0.00 secs] 
2016-09-24T02:25:45.293-0400: 39.366: [GC (GCLocker Initiated GC) [PSYoungGen: 198875K->24650K(205312K)] 453581K->288717K(729600K), 0.0139696 secs] [Times: user=0.14 sys=0.00, real=0.02 secs] 
2016-09-24T02:25:45.416-0400: 39.489: [GC (GCLocker Initiated GC) [PSYoungGen: 174154K->39453K(205824K)] 438283K->304922K(730112K), 0.0057045 secs] [Times: user=0.04 sys=0.00, real=0.00 secs] 
2016-09-24T02:25:45.544-0400: 39.617: [GC (GCLocker Initiated GC) [PSYoungGen: 188957K->35356K(201728K)] 454449K->302125K(726016K), 0.0074192 secs] [Times: user=0.06 sys=0.00, real=0.00 secs] 
2016-09-24T02:25:45.654-0400: 39.726: [GC (GCLocker Initiated GC) [PSYoungGen: 185372K->38160K(203776K)] 457588K->322454K(728064K), 0.0170634 secs] [Times: user=0.18 sys=0.00, real=0.02 secs] 
2016-09-24T02:25:45.787-0400: 39.859: [GC (GCLocker Initiated GC) [PSYoungGen: 188176K->25911K(208384K)] 478004K->325174K(732672K), 0.0064319 secs] [Times: user=0.05 sys=0.00, real=0.00 secs] 
2016-09-24T02:25:45.918-0400: 39.991: [GC (GCLocker Initiated GC) [PSYoungGen: 181559K->39625K(208896K)] 483627K->353816K(733184K), 0.0303514 secs] [Times: user=0.31 sys=0.00, real=0.03 secs] 
2016-09-24T02:25:46.059-0400: 40.131: [GC (GCLocker Initiated GC) [PSYoungGen: 195273K->39458K(207872K)] 517704K->371430K(732160K), 0.0191298 secs] [Times: user=0.20 sys=0.00, real=0.02 secs] 
2016-09-24T02:25:46.233-0400: 40.306: [GC (GCLocker Initiated GC) [PSYoungGen: 195618K->19198K(208384K)] 539926K->367544K(732672K), 0.0100095 secs] [Times: user=0.09 sys=0.00, real=0.02 secs] 
2016-09-24T02:25:46.359-0400: 40.432: [GC (GCLocker Initiated GC) [PSYoungGen: 175358K->46473K(203264K)] 526482K->399005K(727552K), 0.0135836 secs] [Times: user=0.15 sys=0.01, real=0.01 secs] 
2016-09-24T02:25:46.496-0400: 40.569: [GC (Allocation Failure) [PSYoungGen: 195977K->36813K(205824K)] 556682K->398937K(730112K), 0.0220823 secs] [Times: user=0.28 sys=0.00, real=0.02 secs] 
2016-09-24T02:25:46.627-0400: 40.700: [GC (GCLocker Initiated GC) [PSYoungGen: 184846K->43506K(205824K)] 549670K->417670K(730112K), 0.0112839 secs] [Times: user=0.10 sys=0.00, real=0.01 secs] 
2016-09-24T02:25:46.750-0400: 40.823: [GC (GCLocker Initiated GC) [PSYoungGen: 194546K->47646K(199168K)] 568884K->423320K(723456K), 0.0056336 secs] [Times: user=0.05 sys=0.00, real=0.01 secs] 
2016-09-24T02:25:46.878-0400: 40.950: [GC (GCLocker Initiated GC) [PSYoungGen: 198686K->28585K(204800K)] 577153K->408214K(729088K), 0.0202719 secs] [Times: user=0.23 sys=0.01, real=0.02 secs] 
2016-09-24T02:25:47.022-0400: 41.095: [GC (GCLocker Initiated GC) [PSYoungGen: 175529K->40958K(187904K)] 560123K->426977K(712192K), 0.0102180 secs] [Times: user=0.12 sys=0.00, real=0.00 secs] 
2016-09-24T02:25:47.156-0400: 41.228: [GC (GCLocker Initiated GC) [PSYoungGen: 187902K->34279K(205312K)] 583419K->431165K(729600K), 0.0055771 secs] [Times: user=0.06 sys=0.00, real=0.00 secs] 
2016-09-24T02:25:47.287-0400: 41.359: [GC (GCLocker Initiated GC) [PSYoungGen: 182759K->47860K(203776K)] 582348K->448824K(728064K), 0.0063968 secs] [Times: user=0.08 sys=0.01, real=0.00 secs] 
2016-09-24T02:25:47.410-0400: 41.483: [GC (GCLocker Initiated GC) [PSYoungGen: 196337K->40892K(205312K)] 600246K->446185K(729600K), 0.0218939 secs] [Times: user=0.22 sys=0.01, real=0.02 secs] 
2016-09-24T02:25:47.554-0400: 41.627: [GC (GCLocker Initiated GC) [PSYoungGen: 188348K->41014K(188928K)] 596438K->450430K(713216K), 0.0132735 secs] [Times: user=0.12 sys=0.00, real=0.01 secs] 
2016-09-24T02:25:47.692-0400: 41.764: [GC (GCLocker Initiated GC) [PSYoungGen: 188470K->36820K(204800K)] 607488K->457294K(729088K), 0.0059502 secs] [Times: user=0.05 sys=0.00, real=0.01 secs] 
2016-09-24T02:25:47.821-0400: 41.894: [GC (GCLocker Initiated GC) [PSYoungGen: 185812K->31531K(203264K)] 611772K->461583K(727552K), 0.0060386 secs] [Times: user=0.04 sys=0.00, real=0.01 secs] 
2016-09-24T02:25:47.940-0400: 42.013: [GC (GCLocker Initiated GC) [PSYoungGen: 180523K->53269K(199680K)] 613334K->487632K(723968K), 0.0065607 secs] [Times: user=0.08 sys=0.00, real=0.01 secs] 
2016-09-24T02:25:48.060-0400: 42.133: [GC (GCLocker Initiated GC) [PSYoungGen: 198677K->51866K(197632K)] 636011K->512313K(721920K), 0.0128286 secs] [Times: user=0.19 sys=0.00, real=0.01 secs] 
2016-09-24T02:25:48.186-0400: 42.259: [GC (GCLocker Initiated GC) [PSYoungGen: 197274K->35662K(202240K)] 669624K->509416K(726528K), 0.0083438 secs] [Times: user=0.09 sys=0.00, real=0.01 secs] 
2016-09-24T02:25:48.295-0400: 42.368: [GC (GCLocker Initiated GC) [PSYoungGen: 176974K->44916K(201216K)] 650975K->520469K(725504K), 0.0122679 secs] [Times: user=0.17 sys=0.00, real=0.01 secs] 
2016-09-24T02:25:48.426-0400: 42.498: [GC (GCLocker Initiated GC) [PSYoungGen: 186228K->39525K(199168K)] 667244K->521873K(723456K), 0.0052406 secs] [Times: user=0.05 sys=0.01, real=0.00 secs] 
2016-09-24T02:25:48.559-0400: 42.631: [GC (GCLocker Initiated GC) [PSYoungGen: 181861K->34149K(200192K)] 669691K->542277K(724480K), 0.0058206 secs] [Times: user=0.07 sys=0.00, real=0.01 secs] 
2016-09-24T02:25:48.565-0400: 42.637: [Full GC (Ergonomics) [PSYoungGen: 34149K->0K(200192K)] [ParOldGen: 508127K->193210K(524288K)] 542277K->193210K(724480K), [Metaspace: 43630K->43630K(1087488K)], 0.0940175 secs] [Times: user=0.61 sys=0.03, real=0.09 secs] 
2016-09-24T02:25:48.772-0400: 42.845: [GC (GCLocker Initiated GC) [PSYoungGen: 142336K->35998K(201728K)] 341031K->234702K(726016K), 0.0060367 secs] [Times: user=0.04 sys=0.01, real=0.01 secs] 
2016-09-24T02:25:48.901-0400: 42.974: [GC (GCLocker Initiated GC) [PSYoungGen: 182942K->36453K(203264K)] 384395K->241048K(727552K), 0.0089702 secs] [Times: user=0.08 sys=0.00, real=0.01 secs] 
2016-09-24T02:25:49.029-0400: 43.102: [GC (GCLocker Initiated GC) [PSYoungGen: 183397K->24537K(205824K)] 400222K->253243K(730112K), 0.0047329 secs] [Times: user=0.05 sys=0.00, real=0.00 secs] 
2016-09-24T02:25:49.146-0400: 43.218: [GC (GCLocker Initiated GC) [PSYoungGen: 175065K->44949K(195584K)] 403791K->274829K(719872K), 0.0096909 secs] [Times: user=0.11 sys=0.00, real=0.01 secs] 
2016-09-24T02:25:49.267-0400: 43.339: [GC (GCLocker Initiated GC) [PSYoungGen: 195477K->33861K(206336K)] 428141K->278570K(730624K), 0.0101846 secs] [Times: user=0.10 sys=0.01, real=0.01 secs] 
2016-09-24T02:25:49.401-0400: 43.474: [GC (GCLocker Initiated GC) [PSYoungGen: 183365K->55630K(205312K)] 433567K->309754K(729600K), 0.0067772 secs] [Times: user=0.08 sys=0.02, real=0.01 secs] 
2016-09-24T02:25:49.547-0400: 43.619: [GC (GCLocker Initiated GC) [PSYoungGen: 205134K->18059K(194048K)] 470400K->306139K(718336K), 0.0080717 secs] [Times: user=0.09 sys=0.00, real=0.01 secs] 
2016-09-24T02:25:49.652-0400: 43.724: [GC (GCLocker Initiated GC) [PSYoungGen: 155275K->40971K(199680K)] 451491K->338582K(723968K), 0.0079809 secs] [Times: user=0.11 sys=0.00, real=0.01 secs] 
2016-09-24T02:25:49.766-0400: 43.838: [GC (GCLocker Initiated GC) [PSYoungGen: 178187K->55687K(192000K)] 475844K->354565K(716288K), 0.0071116 secs] [Times: user=0.07 sys=0.01, real=0.00 secs] 
2016-09-24T02:25:49.882-0400: 43.954: [GC (GCLocker Initiated GC) [PSYoungGen: 186759K->34084K(196608K)] 485755K->366687K(720896K), 0.0085327 secs] [Times: user=0.11 sys=0.00, real=0.01 secs] 
2016-09-24T02:25:49.988-0400: 44.060: [GC (GCLocker Initiated GC) [PSYoungGen: 165156K->40686K(190976K)] 497839K->374613K(715264K), 0.0087050 secs] [Times: user=0.10 sys=0.00, real=0.01 secs] 
2016-09-24T02:25:50.095-0400: 44.167: [GC (GCLocker Initiated GC) [PSYoungGen: 173294K->39439K(194560K)] 512301K->387633K(718848K), 0.0096295 secs] [Times: user=0.13 sys=0.00, real=0.01 secs] 
2016-09-24T02:25:50.205-0400: 44.278: [GC (GCLocker Initiated GC) [PSYoungGen: 172047K->43525K(197632K)] 522948K->395617K(721920K), 0.0104929 secs] [Times: user=0.14 sys=0.00, real=0.01 secs] 
2016-09-24T02:25:50.309-0400: 44.381: [GC (GCLocker Initiated GC) [PSYoungGen: 183813K->56842K(197632K)] 535953K->420921K(721920K), 0.0092761 secs] [Times: user=0.12 sys=0.00, real=0.01 secs] 
2016-09-24T02:25:50.420-0400: 44.493: [GC (GCLocker Initiated GC) [PSYoungGen: 197130K->29717K(198656K)] 563935K->400146K(722944K), 0.0048394 secs] [Times: user=0.05 sys=0.00, real=0.01 secs] 
2016-09-24T02:25:50.539-0400: 44.612: [GC (GCLocker Initiated GC) [PSYoungGen: 164885K->28637K(163840K)] 552907K->417722K(688128K), 0.0065609 secs] [Times: user=0.05 sys=0.01, real=0.01 secs] 
2016-09-24T02:25:50.633-0400: 44.705: [GC (GCLocker Initiated GC) [PSYoungGen: 163805K->58238K(188928K)] 555727K->472962K(713216K), 0.0071443 secs] [Times: user=0.10 sys=0.00, real=0.01 secs] 
2016-09-24T02:25:50.728-0400: 44.800: [GC (GCLocker Initiated GC) [PSYoungGen: 184190K->59384K(185344K)] 601624K->477828K(709632K), 0.0091259 secs] [Times: user=0.10 sys=0.00, real=0.01 secs] 
2016-09-24T02:25:50.825-0400: 44.898: [GC (GCLocker Initiated GC) [PSYoungGen: 185336K->41613K(193024K)] 607888K->465132K(717312K), 0.0071921 secs] [Times: user=0.07 sys=0.00, real=0.00 secs] 
2016-09-24T02:25:50.914-0400: 44.987: [GC (GCLocker Initiated GC) [PSYoungGen: 162445K->46883K(167936K)] 588698K->473901K(692224K), 0.0101339 secs] [Times: user=0.10 sys=0.00, real=0.01 secs] 
2016-09-24T02:25:51.008-0400: 45.081: [GC (GCLocker Initiated GC) [PSYoungGen: 167715K->51228K(188416K)] 596225K->480401K(712704K), 0.0086192 secs] [Times: user=0.11 sys=0.00, real=0.01 secs] 
2016-09-24T02:25:51.104-0400: 45.176: [GC (GCLocker Initiated GC) [PSYoungGen: 171548K->32184K(188928K)] 606355K->478602K(713216K), 0.0129386 secs] [Times: user=0.15 sys=0.00, real=0.01 secs] 
2016-09-24T02:25:51.199-0400: 45.271: [GC (GCLocker Initiated GC) [PSYoungGen: 152504K->34896K(191488K)] 603000K->486172K(715776K), 0.0052748 secs] [Times: user=0.05 sys=0.01, real=0.01 secs] 
2016-09-24T02:25:51.285-0400: 45.358: [GC (GCLocker Initiated GC) [PSYoungGen: 160336K->30886K(192512K)] 617131K->488401K(716800K), 0.0080452 secs] [Times: user=0.06 sys=0.00, real=0.00 secs] 
2016-09-24T02:25:51.385-0400: 45.458: [GC (GCLocker Initiated GC) [PSYoungGen: 156326K->36292K(190464K)] 627371K->508180K(714752K), 0.0098718 secs] [Times: user=0.08 sys=0.00, real=0.01 secs] 
2016-09-24T02:25:51.487-0400: 45.560: [GC (GCLocker Initiated GC) [PSYoungGen: 164804K->36403K(193024K)] 639470K->536164K(717312K), 0.0084166 secs] [Times: user=0.09 sys=0.00, real=0.01 secs] 
2016-09-24T02:25:51.496-0400: 45.568: [Full GC (Ergonomics) [PSYoungGen: 36403K->0K(193024K)] [ParOldGen: 499760K->218498K(524288K)] 536164K->218498K(717312K), [Metaspace: 43640K->43640K(1087488K)], 0.0733390 secs] [Times: user=0.56 sys=0.03, real=0.07 secs] 
2016-09-24T02:25:51.653-0400: 45.726: [GC (GCLocker Initiated GC) [PSYoungGen: 128512K->54062K(193024K)] 355121K->280671K(717312K), 0.0059417 secs] [Times: user=0.07 sys=0.00, real=0.01 secs] 
2016-09-24T02:25:51.755-0400: 45.827: [GC (GCLocker Initiated GC) [PSYoungGen: 184110K->41734K(196096K)] 410748K->269285K(720384K), 0.0049055 secs] [Times: user=0.03 sys=0.00, real=0.00 secs] 
2016-09-24T02:25:51.851-0400: 45.923: [GC (GCLocker Initiated GC) [PSYoungGen: 171782K->28184K(195584K)] 402137K->264894K(719872K), 0.0047949 secs] [Times: user=0.04 sys=0.00, real=0.01 secs] 
2016-09-24T02:25:51.951-0400: 46.023: [GC (GCLocker Initiated GC) [PSYoungGen: 160792K->34918K(196096K)] 400235K->291490K(720384K), 0.0058283 secs] [Times: user=0.06 sys=0.00, real=0.01 secs] 
2016-09-24T02:25:52.055-0400: 46.128: [GC (GCLocker Initiated GC) [PSYoungGen: 167526K->25548K(198144K)] 435333K->299438K(722432K), 0.0120266 secs] [Times: user=0.16 sys=0.01, real=0.01 secs] 
2016-09-24T02:25:52.173-0400: 46.245: [GC (GCLocker Initiated GC) [PSYoungGen: 161228K->36650K(172544K)] 445976K->338600K(696832K), 0.0089568 secs] [Times: user=0.14 sys=0.00, real=0.01 secs] 
2016-09-24T02:25:52.284-0400: 46.356: [GC (GCLocker Initiated GC) [PSYoungGen: 172330K->31042K(198656K)] 474329K->334055K(722944K), 0.0086071 secs] [Times: user=0.06 sys=0.00, real=0.00 secs] 
2016-09-24T02:25:52.403-0400: 46.476: [GC (GCLocker Initiated GC) [PSYoungGen: 169282K->56977K(197632K)] 475034K->371971K(721920K), 0.0111205 secs] [Times: user=0.13 sys=0.00, real=0.01 secs] 
2016-09-24T02:25:52.516-0400: 46.588: [GC (GCLocker Initiated GC) [PSYoungGen: 195217K->44801K(198144K)] 510318K->387993K(722432K), 0.0066863 secs] [Times: user=0.09 sys=0.00, real=0.01 secs] 
2016-09-24T02:25:52.641-0400: 46.713: [GC (GCLocker Initiated GC) [PSYoungGen: 178433K->44918K(178688K)] 527070K->413552K(702976K), 0.0185102 secs] [Times: user=0.29 sys=0.00, real=0.02 secs] 
2016-09-24T02:25:52.768-0400: 46.840: [GC (GCLocker Initiated GC) [PSYoungGen: 178550K->32940K(198144K)] 558134K->421870K(722432K), 0.0054758 secs] [Times: user=0.06 sys=0.00, real=0.00 secs] 
2016-09-24T02:25:52.871-0400: 46.944: [GC (GCLocker Initiated GC) [PSYoungGen: 167596K->31103K(197120K)] 566006K->430789K(721408K), 0.0133762 secs] [Times: user=0.17 sys=0.00, real=0.02 secs] 
2016-09-24T02:25:52.980-0400: 47.052: [GC (GCLocker Initiated GC) [PSYoungGen: 165759K->52769K(194560K)] 565536K->467081K(718848K), 0.0105097 secs] [Times: user=0.18 sys=0.00, real=0.01 secs] 
2016-09-24T02:25:53.107-0400: 47.179: [GC (GCLocker Initiated GC) [PSYoungGen: 185889K->36808K(197632K)] 609831K->472551K(721920K), 0.0069126 secs] [Times: user=0.10 sys=0.00, real=0.00 secs] 
2016-09-24T02:25:53.219-0400: 47.291: [GC (GCLocker Initiated GC) [PSYoungGen: 169928K->42327K(194560K)] 616592K->509233K(718848K), 0.0072006 secs] [Times: user=0.10 sys=0.01, real=0.01 secs] 
2016-09-24T02:25:54.325-0400: 48.398: [GC (GCLocker Initiated GC) [PSYoungGen: 177495K->61197K(196608K)] 644473K->529500K(720896K), 0.0082378 secs] [Times: user=0.08 sys=0.01, real=0.00 secs] 
2016-09-24T02:25:54.468-0400: 48.540: [GC (GCLocker Initiated GC) [PSYoungGen: 196365K->45332K(196608K)] 673002K->523319K(720896K), 0.0067603 secs] [Times: user=0.06 sys=0.01, real=0.01 secs] 
2016-09-24T02:25:54.611-0400: 48.684: [GC (GCLocker Initiated GC) [PSYoungGen: 176404K->47909K(196608K)] 654450K->527639K(720896K), 0.0064078 secs] [Times: user=0.07 sys=0.00, real=0.01 secs] 
2016-09-24T02:25:54.748-0400: 48.821: [GC (GCLocker Initiated GC) [PSYoungGen: 178981K->47008K(194560K)] 666113K->538409K(718848K), 0.0092316 secs] [Times: user=0.10 sys=0.00, real=0.01 secs] 
2016-09-24T02:25:54.897-0400: 48.970: [Full GC (Ergonomics) [PSYoungGen: 178080K->0K(194560K)] [ParOldGen: 500915K->240994K(524288K)] 678995K->240994K(718848K), [Metaspace: 43661K->43661K(1087488K)], 0.0759567 secs] [Times: user=0.61 sys=0.01, real=0.07 secs] 
2016-09-24T02:25:55.097-0400: 49.170: [GC (GCLocker Initiated GC) [PSYoungGen: 131072K->51235K(195584K)] 377469K->297632K(719872K), 0.0103392 secs] [Times: user=0.11 sys=0.01, real=0.01 secs] 
2016-09-24T02:25:55.223-0400: 49.295: [GC (GCLocker Initiated GC) [PSYoungGen: 182307K->28706K(195584K)] 431497K->279890K(719872K), 0.0173763 secs] [Times: user=0.17 sys=0.01, real=0.01 secs] 
2016-09-24T02:25:55.358-0400: 49.430: [GC (GCLocker Initiated GC) [PSYoungGen: 158754K->53365K(183808K)] 410135K->322492K(708096K), 0.0068448 secs] [Times: user=0.09 sys=0.00, real=0.01 secs] 
2016-09-24T02:25:55.488-0400: 49.560: [GC (GCLocker Initiated GC) [PSYoungGen: 183413K->54754K(190464K)] 458107K->331057K(714752K), 0.0119153 secs] [Times: user=0.17 sys=0.00, real=0.01 secs] 
2016-09-24T02:25:55.621-0400: 49.694: [GC (GCLocker Initiated GC) [PSYoungGen: 177634K->45240K(168448K)] 459395K->339337K(692736K), 0.0141482 secs] [Times: user=0.17 sys=0.00, real=0.02 secs] 
2016-09-24T02:25:55.747-0400: 49.820: [GC (GCLocker Initiated GC) [PSYoungGen: 168120K->57395K(189440K)] 466305K->373436K(713728K), 0.0114054 secs] [Times: user=0.16 sys=0.00, real=0.01 secs] 
2016-09-24T02:25:55.874-0400: 49.947: [GC (GCLocker Initiated GC) [PSYoungGen: 179763K->62845K(185344K)] 495830K->396613K(709632K), 0.0140834 secs] [Times: user=0.19 sys=0.00, real=0.02 secs] 
2016-09-24T02:25:56.005-0400: 50.078: [GC (GCLocker Initiated GC) [PSYoungGen: 185213K->37383K(189440K)] 532594K->402594K(713728K), 0.0186724 secs] [Times: user=0.24 sys=0.01, real=0.02 secs] 
2016-09-24T02:25:56.146-0400: 50.219: [GC (GCLocker Initiated GC) [PSYoungGen: 153607K->41376K(157696K)] 525696K->415275K(681984K), 0.0082103 secs] [Times: user=0.08 sys=0.02, real=0.01 secs] 
2016-09-24T02:25:56.271-0400: 50.344: [GC (GCLocker Initiated GC) [PSYoungGen: 157600K->42569K(189440K)] 536971K->423670K(713728K), 0.0102500 secs] [Times: user=0.11 sys=0.00, real=0.01 secs] 
2016-09-24T02:25:56.391-0400: 50.464: [GC (GCLocker Initiated GC) [PSYoungGen: 160841K->39939K(187392K)] 544738K->438989K(711680K), 0.0095844 secs] [Times: user=0.10 sys=0.00, real=0.01 secs] 
2016-09-24T02:25:56.518-0400: 50.591: [GC (GCLocker Initiated GC) [PSYoungGen: 158211K->45547K(190464K)] 562670K->465237K(714752K), 0.0105090 secs] [Times: user=0.08 sys=0.01, real=0.01 secs] 
2016-09-24T02:25:56.646-0400: 50.719: [GC (GCLocker Initiated GC) [PSYoungGen: 169963K->50922K(189952K)] 592366K->475184K(714240K), 0.0066607 secs] [Times: user=0.08 sys=0.00, real=0.00 secs] 
2016-09-24T02:25:56.777-0400: 50.850: [GC (GCLocker Initiated GC) [PSYoungGen: 175338K->41413K(194048K)] 605017K->472973K(718336K), 0.0070745 secs] [Times: user=0.08 sys=0.01, real=0.01 secs] 
2016-09-24T02:25:56.927-0400: 51.000: [GC (GCLocker Initiated GC) [PSYoungGen: 171973K->28226K(195072K)] 619013K->487898K(719360K), 0.0152737 secs] [Times: user=0.18 sys=0.00, real=0.02 secs] 
2016-09-24T02:25:57.076-0400: 51.149: [GC (GCLocker Initiated GC) [PSYoungGen: 158786K->40205K(195584K)] 633431K->527621K(719872K), 0.0119401 secs] [Times: user=0.13 sys=0.00, real=0.01 secs] 
2016-09-24T02:25:57.212-0400: 51.285: [GC (GCLocker Initiated GC) [PSYoungGen: 172301K->55122K(187392K)] 662483K->564763K(711680K), 0.0072718 secs] [Times: user=0.09 sys=0.00, real=0.01 secs] 
2016-09-24T02:25:57.220-0400: 51.292: [Full GC (Ergonomics) [PSYoungGen: 55122K->0K(187392K)] [ParOldGen: 509641K->189311K(524288K)] 564763K->189311K(711680K), [Metaspace: 43661K->43661K(1087488K)], 0.0686850 secs] [Times: user=0.53 sys=0.02, real=0.07 secs] 
2016-09-24T02:25:57.438-0400: 51.511: [GC (GCLocker Initiated GC) [PSYoungGen: 132096K->27714K(194560K)] 332804K->228422K(718848K), 0.0263710 secs] [Times: user=0.38 sys=0.01, real=0.03 secs] 
2016-09-24T02:25:57.566-0400: 51.639: [GC (GCLocker Initiated GC) [PSYoungGen: 155714K->50635K(178688K)] 359278K->267989K(702976K), 0.0102242 secs] [Times: user=0.14 sys=0.00, real=0.01 secs] 
2016-09-24T02:25:57.698-0400: 51.771: [GC (GCLocker Initiated GC) [PSYoungGen: 178635K->50727K(194560K)] 398892K->272483K(718848K), 0.0089146 secs] [Times: user=0.07 sys=0.00, real=0.01 secs] 
2016-09-24T02:25:57.830-0400: 51.903: [GC (GCLocker Initiated GC) [PSYoungGen: 177703K->19391K(146432K)] 407603K->259015K(670720K), 0.0114307 secs] [Times: user=0.13 sys=0.00, real=0.01 secs] 
2016-09-24T02:25:57.959-0400: 52.032: [GC (GCLocker Initiated GC) [PSYoungGen: 146367K->50483K(191488K)] 391473K->297238K(715776K), 0.0062283 secs] [Times: user=0.07 sys=0.00, real=0.01 secs] 
2016-09-24T02:25:58.087-0400: 52.159: [GC (GCLocker Initiated GC) [PSYoungGen: 172339K->51736K(174080K)] 426069K->306901K(698368K), 0.0210732 secs] [Times: user=0.30 sys=0.00, real=0.02 secs] 
2016-09-24T02:25:58.209-0400: 52.282: [GC (GCLocker Initiated GC) [PSYoungGen: 173592K->42233K(194048K)] 431593K->301564K(718336K), 0.0089083 secs] [Times: user=0.11 sys=0.01, real=0.01 secs] 
2016-09-24T02:25:58.330-0400: 52.402: [GC (GCLocker Initiated GC) [PSYoungGen: 165625K->55757K(191488K)] 430416K->321697K(715776K), 0.0106295 secs] [Times: user=0.14 sys=0.00, real=0.01 secs] 
2016-09-24T02:25:58.455-0400: 52.528: [GC (GCLocker Initiated GC) [PSYoungGen: 179149K->23162K(189440K)] 450852K->309633K(713728K), 0.0067862 secs] [Times: user=0.07 sys=0.00, real=0.00 secs] 
2016-09-24T02:25:58.566-0400: 52.639: [GC (GCLocker Initiated GC) [PSYoungGen: 141946K->32598K(151552K)] 442062K->333845K(675840K), 0.0151237 secs] [Times: user=0.20 sys=0.00, real=0.01 secs] 
2016-09-24T02:25:58.696-0400: 52.768: [GC (GCLocker Initiated GC) [PSYoungGen: 151382K->49110K(189952K)] 464810K->363654K(714240K), 0.0080685 secs] [Times: user=0.11 sys=0.00, real=0.01 secs] 
2016-09-24T02:25:58.808-0400: 52.880: [GC (GCLocker Initiated GC) [PSYoungGen: 168918K->46298K(189952K)] 488910K->391915K(714240K), 0.0133079 secs] [Times: user=0.18 sys=0.00, real=0.01 secs] 
2016-09-24T02:25:58.919-0400: 52.991: [GC (GCLocker Initiated GC) [PSYoungGen: 166106K->54116K(189440K)] 516719K->405974K(713728K), 0.0098837 secs] [Times: user=0.15 sys=0.00, real=0.01 secs] 
2016-09-24T02:25:59.031-0400: 53.104: [GC (GCLocker Initiated GC) [PSYoungGen: 174436K->28243K(190976K)] 531928K->392193K(715264K), 0.0124690 secs] [Times: user=0.15 sys=0.00, real=0.02 secs] 
2016-09-24T02:25:59.148-0400: 53.221: [GC (GCLocker Initiated GC) [PSYoungGen: 148563K->36423K(187392K)] 518168K->406983K(711680K), 0.0064927 secs] [Times: user=0.05 sys=0.01, real=0.01 secs] 
2016-09-24T02:25:59.264-0400: 53.337: [GC (GCLocker Initiated GC) [PSYoungGen: 157255K->35414K(189440K)] 540047K->419241K(713728K), 0.0196748 secs] [Times: user=0.22 sys=0.00, real=0.02 secs] 
2016-09-24T02:25:59.401-0400: 53.473: [GC (GCLocker Initiated GC) [PSYoungGen: 156246K->27333K(193024K)] 552243K->424587K(717312K), 0.0134264 secs] [Times: user=0.12 sys=0.01, real=0.02 secs] 
2016-09-24T02:25:59.538-0400: 53.611: [GC (GCLocker Initiated GC) [PSYoungGen: 153797K->38335K(164864K)] 557883K->451884K(689152K), 0.0089831 secs] [Times: user=0.07 sys=0.01, real=0.01 secs] 
2016-09-24T02:25:59.649-0400: 53.721: [GC (GCLocker Initiated GC) [PSYoungGen: 164799K->29748K(194048K)] 585184K->451601K(718336K), 0.0240791 secs] [Times: user=0.25 sys=0.00, real=0.02 secs] 
2016-09-24T02:25:59.781-0400: 53.854: [GC (GCLocker Initiated GC) [PSYoungGen: 159284K->41904K(193024K)] 583930K->467700K(717312K), 0.0233031 secs] [Times: user=0.23 sys=0.00, real=0.03 secs] 
2016-09-24T02:25:59.914-0400: 53.987: [GC (GCLocker Initiated GC) [PSYoungGen: 171440K->42082K(197632K)] 600108K->482674K(721920K), 0.0242724 secs] [Times: user=0.32 sys=0.01, real=0.02 secs] 
2016-09-24T02:26:00.059-0400: 54.132: [GC (GCLocker Initiated GC) [PSYoungGen: 177250K->51631K(196608K)] 623353K->512432K(720896K), 0.0067966 secs] [Times: user=0.08 sys=0.00, real=0.01 secs] 
2016-09-24T02:26:00.182-0400: 54.255: [GC (GCLocker Initiated GC) [PSYoungGen: 186799K->29859K(199168K)] 650335K->494580K(723456K), 0.0162257 secs] [Times: user=0.17 sys=0.01, real=0.01 secs] 
2016-09-24T02:26:00.306-0400: 54.378: [GC (GCLocker Initiated GC) [PSYoungGen: 165539K->37866K(173568K)] 635682K->511970K(697856K), 0.0088944 secs] [Times: user=0.07 sys=0.01, real=0.01 secs] 
2016-09-24T02:26:00.438-0400: 54.510: [GC (GCLocker Initiated GC) [PSYoungGen: 173546K->31277K(197120K)] 647805K->506600K(721408K), 0.0186225 secs] [Times: user=0.17 sys=0.00, real=0.02 secs] 
2016-09-24T02:26:00.580-0400: 54.653: [GC (GCLocker Initiated GC) [PSYoungGen: 167469K->24720K(196608K)] 645556K->517580K(720896K), 0.0217203 secs] [Times: user=0.22 sys=0.01, real=0.02 secs] 
2016-09-24T02:26:00.729-0400: 54.802: [GC (GCLocker Initiated GC) [PSYoungGen: 160912K->30237K(200192K)] 659274K->540785K(724480K), 0.0217573 secs] [Times: user=0.27 sys=0.00, real=0.02 secs] 
2016-09-24T02:26:00.751-0400: 54.824: [Full GC (Ergonomics) [PSYoungGen: 30237K->0K(200192K)] [ParOldGen: 510547K->220271K(524288K)] 540785K->220271K(724480K), [Metaspace: 43662K->43662K(1087488K)], 0.0624337 secs] [Times: user=0.35 sys=0.02, real=0.06 secs] 
2016-09-24T02:26:00.929-0400: 55.001: [GC (GCLocker Initiated GC) [PSYoungGen: 141312K->38686K(200704K)] 365867K->263241K(724992K), 0.0255027 secs] [Times: user=0.32 sys=0.00, real=0.03 secs] 
2016-09-24T02:26:01.060-0400: 55.133: [GC (GCLocker Initiated GC) [PSYoungGen: 179998K->42074K(201728K)] 404563K->268338K(726016K), 0.0222181 secs] [Times: user=0.26 sys=0.01, real=0.03 secs] 
2016-09-24T02:26:01.197-0400: 55.270: [GC (GCLocker Initiated GC) [PSYoungGen: 185946K->40973K(201728K)] 416300K->272605K(726016K), 0.0123410 secs] [Times: user=0.17 sys=0.00, real=0.01 secs] 
2016-09-24T02:26:01.334-0400: 55.406: [GC (Allocation Failure) [PSYoungGen: 184845K->24713K(203776K)] 417911K->259090K(728064K), 0.0046413 secs] [Times: user=0.05 sys=0.00, real=0.01 secs] 
2016-09-24T02:26:01.465-0400: 55.538: [GC (GCLocker Initiated GC) [PSYoungGen: 169578K->29746K(203776K)] 406654K->278978K(728064K), 0.0222385 secs] [Times: user=0.25 sys=0.01, real=0.02 secs] 
2016-09-24T02:26:01.606-0400: 55.679: [GC (GCLocker Initiated GC) [PSYoungGen: 176178K->47553K(200704K)] 425450K->299210K(724992K), 0.0202559 secs] [Times: user=0.21 sys=0.00, real=0.02 secs] 
2016-09-24T02:26:01.740-0400: 55.813: [GC (GCLocker Initiated GC) [PSYoungGen: 191937K->49129K(193536K)] 449051K->321036K(717824K), 0.0075286 secs] [Times: user=0.09 sys=0.00, real=0.01 secs] 
2016-09-24T02:26:01.870-0400: 55.942: [GC (GCLocker Initiated GC) [PSYoungGen: 193513K->47675K(198656K)] 468256K->331869K(722944K), 0.0238002 secs] [Times: user=0.31 sys=0.00, real=0.02 secs] 
2016-09-24T02:26:02.017-0400: 56.090: [GC (GCLocker Initiated GC) [PSYoungGen: 184891K->24605K(199680K)] 471797K->312774K(723968K), 0.0063922 secs] [Times: user=0.06 sys=0.00, real=0.01 secs] 
2016-09-24T02:26:02.151-0400: 56.224: [GC (GCLocker Initiated GC) [PSYoungGen: 161821K->38174K(195584K)] 455493K->343989K(719872K), 0.0104779 secs] [Times: user=0.15 sys=0.00, real=0.01 secs] 
2016-09-24T02:26:02.271-0400: 56.343: [GC (GCLocker Initiated GC) [PSYoungGen: 175390K->34348K(197632K)] 492125K->352303K(721920K), 0.0081997 secs] [Times: user=0.10 sys=0.00, real=0.01 secs] 
2016-09-24T02:26:02.388-0400: 56.461: [GC (GCLocker Initiated GC) [PSYoungGen: 171564K->48881K(199168K)] 495021K->373645K(723456K), 0.0096486 secs] [Times: user=0.14 sys=0.00, real=0.01 secs] 
2016-09-24T02:26:02.517-0400: 56.590: [GC (GCLocker Initiated GC) [PSYoungGen: 189169K->55505K(196096K)] 517987K->396346K(720384K), 0.0177720 secs] [Times: user=0.20 sys=0.01, real=0.02 secs] 
2016-09-24T02:26:02.673-0400: 56.746: [GC (GCLocker Initiated GC) [PSYoungGen: 195793K->50200K(195072K)] 536765K->392141K(719360K), 0.0132397 secs] [Times: user=0.16 sys=0.00, real=0.02 secs] 
2016-09-24T02:26:02.803-0400: 56.876: [GC (GCLocker Initiated GC) [PSYoungGen: 180248K->57172K(187392K)] 527726K->411218K(711680K), 0.0064054 secs] [Times: user=0.08 sys=0.00, real=0.00 secs] 
2016-09-24T02:26:02.929-0400: 57.002: [GC (GCLocker Initiated GC) [PSYoungGen: 187220K->36700K(194048K)] 541341K->402883K(718336K), 0.0152051 secs] [Times: user=0.11 sys=0.01, real=0.02 secs] 
2016-09-24T02:26:03.039-0400: 57.112: [GC (GCLocker Initiated GC) [PSYoungGen: 161116K->42007K(166912K)] 527332K->409447K(691200K), 0.0093217 secs] [Times: user=0.09 sys=0.00, real=0.01 secs] 
2016-09-24T02:26:03.159-0400: 57.231: [GC (GCLocker Initiated GC) [PSYoungGen: 166423K->28470K(189952K)] 547509K->416079K(714240K), 0.0068081 secs] [Times: user=0.06 sys=0.00, real=0.01 secs] 
2016-09-24T02:26:03.274-0400: 57.346: [GC (GCLocker Initiated GC) [PSYoungGen: 152886K->59587K(189952K)] 540506K->448350K(714240K), 0.0145148 secs] [Times: user=0.19 sys=0.00, real=0.02 secs] 
2016-09-24T02:26:03.400-0400: 57.473: [GC (GCLocker Initiated GC) [PSYoungGen: 184003K->31048K(193024K)] 572830K->431749K(717312K), 0.0117971 secs] [Times: user=0.12 sys=0.00, real=0.01 secs] 
2016-09-24T02:26:03.516-0400: 57.589: [GC (GCLocker Initiated GC) [PSYoungGen: 153928K->58144K(181248K)] 554669K->459921K(705536K), 0.0117183 secs] [Times: user=0.14 sys=0.00, real=0.01 secs] 
2016-09-24T02:26:03.633-0400: 57.706: [GC (GCLocker Initiated GC) [PSYoungGen: 181024K->46154K(191488K)] 588374K->476124K(715776K), 0.0114827 secs] [Times: user=0.16 sys=0.00, real=0.02 secs] 
2016-09-24T02:26:03.735-0400: 57.808: [GC (GCLocker Initiated GC) [PSYoungGen: 164938K->59558K(178688K)] 595090K->504545K(702976K), 0.0087087 secs] [Times: user=0.13 sys=0.00, real=0.01 secs] 
2016-09-24T02:26:03.838-0400: 57.910: [GC (GCLocker Initiated GC) [PSYoungGen: 178342K->45998K(190464K)] 626069K->502781K(714752K), 0.0086138 secs] [Times: user=0.10 sys=0.00, real=0.01 secs] 
2016-09-24T02:26:03.949-0400: 58.022: [GC (GCLocker Initiated GC) [PSYoungGen: 162222K->51173K(167424K)] 621718K->511790K(691712K), 0.0106028 secs] [Times: user=0.16 sys=0.00, real=0.01 secs] 
2016-09-24T02:26:04.061-0400: 58.134: [GC (GCLocker Initiated GC) [PSYoungGen: 167397K->59435K(184832K)] 628027K->520824K(709120K), 0.0060791 secs] [Times: user=0.08 sys=0.00, real=0.01 secs] 
2016-09-24T02:26:04.168-0400: 58.241: [GC (GCLocker Initiated GC) [PSYoungGen: 173099K->51465K(187392K)] 634647K->513950K(711680K), 0.0108090 secs] [Times: user=0.15 sys=0.00, real=0.01 secs] 
2016-09-24T02:26:04.268-0400: 58.341: [GC (GCLocker Initiated GC) [PSYoungGen: 165129K->27005K(187392K)] 634398K->505377K(711680K), 0.0088854 secs] [Times: user=0.07 sys=0.00, real=0.01 secs] 
2016-09-24T02:26:04.367-0400: 58.440: [GC (GCLocker Initiated GC) [PSYoungGen: 141693K->41981K(156672K)] 625599K->540415K(680960K), 0.0074166 secs] [Times: user=0.08 sys=0.00, real=0.01 secs] 
2016-09-24T02:26:04.471-0400: 58.544: [Full GC (Ergonomics) [PSYoungGen: 156669K->0K(156672K)] [ParOldGen: 502549K->194304K(524288K)] 659219K->194304K(680960K), [Metaspace: 43673K->43673K(1087488K)], 0.0869126 secs] [Times: user=0.77 sys=0.01, real=0.09 secs] 
2016-09-24T02:26:04.660-0400: 58.733: [GC (Allocation Failure) [PSYoungGen: 114688K->40986K(189440K)] 315886K->242185K(713728K), 0.0117393 secs] [Times: user=0.18 sys=0.00, real=0.01 secs] 
2016-09-24T02:26:04.769-0400: 58.842: [GC (GCLocker Initiated GC) [PSYoungGen: 158746K->46035K(187392K)] 359948K->248519K(711680K), 0.0058080 secs] [Times: user=0.06 sys=0.01, real=0.01 secs] 
2016-09-24T02:26:04.873-0400: 58.945: [GC (GCLocker Initiated GC) [PSYoungGen: 163795K->48867K(188928K)] 374479K->260588K(713216K), 0.0052298 secs] [Times: user=0.07 sys=0.00, real=0.01 secs] 
2016-09-24T02:26:04.971-0400: 59.044: [GC (GCLocker Initiated GC) [PSYoungGen: 170211K->43148K(188416K)] 387530K->264289K(712704K), 0.0085630 secs] [Times: user=0.06 sys=0.00, real=0.01 secs] 
2016-09-24T02:26:05.075-0400: 59.147: [GC (GCLocker Initiated GC) [PSYoungGen: 164492K->55424K(190464K)] 385825K->277727K(714752K), 0.0070264 secs] [Times: user=0.09 sys=0.00, real=0.00 secs] 
2016-09-24T02:26:05.183-0400: 59.256: [GC (GCLocker Initiated GC) [PSYoungGen: 180864K->51406K(192512K)] 405886K->290880K(716800K), 0.0061210 secs] [Times: user=0.08 sys=0.00, real=0.00 secs] 
2016-09-24T02:26:05.294-0400: 59.367: [GC (GCLocker Initiated GC) [PSYoungGen: 176846K->54169K(194048K)] 416456K->305571K(718336K), 0.0100412 secs] [Times: user=0.13 sys=0.00, real=0.02 secs] 
2016-09-24T02:26:05.413-0400: 59.485: [GC (GCLocker Initiated GC) [PSYoungGen: 181145K->48833K(176128K)] 435265K->303976K(700416K), 0.0058367 secs] [Times: user=0.05 sys=0.00, real=0.01 secs] 
2016-09-24T02:26:05.521-0400: 59.594: [GC (GCLocker Initiated GC) [PSYoungGen: 175809K->52636K(193536K)] 431007K->311613K(717824K), 0.0227259 secs] [Times: user=0.26 sys=0.00, real=0.03 secs] 
2016-09-24T02:26:05.653-0400: 59.725: [GC (GCLocker Initiated GC) [PSYoungGen: 180124K->24587K(193536K)] 449511K->311270K(717824K), 0.0059011 secs] [Times: user=0.06 sys=0.00, real=0.01 secs] 
2016-09-24T02:26:05.763-0400: 59.836: [GC (GCLocker Initiated GC) [PSYoungGen: 152075K->40506K(194560K)] 438769K->328382K(718848K), 0.0154812 secs] [Times: user=0.14 sys=0.00, real=0.01 secs] 
2016-09-24T02:26:05.883-0400: 59.955: [GC (GCLocker Initiated GC) [PSYoungGen: 166970K->47559K(174080K)] 457792K->342189K(698368K), 0.0134263 secs] [Times: user=0.14 sys=0.00, real=0.01 secs] 
2016-09-24T02:26:06.007-0400: 60.080: [GC (GCLocker Initiated GC) [PSYoungGen: 174023K->28529K(191488K)] 471395K->327089K(715776K), 0.0146738 secs] [Times: user=0.10 sys=0.02, real=0.01 secs] 
2016-09-24T02:26:06.138-0400: 60.210: [GC (GCLocker Initiated GC) [PSYoungGen: 154481K->40671K(192512K)] 453101K->340556K(716800K), 0.0611474 secs] [Times: user=0.71 sys=0.01, real=0.06 secs] 
2016-09-24T02:26:06.305-0400: 60.378: [GC (GCLocker Initiated GC) [PSYoungGen: 166623K->44783K(193024K)] 469215K->348576K(717312K), 0.0166993 secs] [Times: user=0.16 sys=0.01, real=0.01 secs] 
2016-09-24T02:26:06.443-0400: 60.516: [GC (GCLocker Initiated GC) [PSYoungGen: 175343K->33216K(194048K)] 483280K->342408K(718336K), 0.0235423 secs] [Times: user=0.28 sys=0.00, real=0.02 secs] 
2016-09-24T02:26:06.581-0400: 60.654: [GC (GCLocker Initiated GC) [PSYoungGen: 163776K->40894K(195072K)] 478480K->357007K(719360K), 0.0077748 secs] [Times: user=0.06 sys=0.00, real=0.01 secs] 
2016-09-24T02:26:06.707-0400: 60.780: [GC (GCLocker Initiated GC) [PSYoungGen: 176574K->35572K(197120K)] 498190K->361280K(721408K), 0.0162863 secs] [Times: user=0.12 sys=0.01, real=0.02 secs] 
2016-09-24T02:26:06.854-0400: 60.927: [GC (GCLocker Initiated GC) [PSYoungGen: 171252K->49073K(199680K)] 501198K->383293K(723968K), 0.0227440 secs] [Times: user=0.25 sys=0.01, real=0.02 secs] 
2016-09-24T02:26:07.013-0400: 61.085: [GC (GCLocker Initiated GC) [PSYoungGen: 188337K->43660K(183296K)] 522622K->379488K(707584K), 0.0106076 secs] [Times: user=0.11 sys=0.01, real=0.02 secs] 
2016-09-24T02:26:07.136-0400: 61.208: [GC (GCLocker Initiated GC) [PSYoungGen: 182924K->49062K(199168K)] 518836K->386424K(723456K), 0.0160312 secs] [Times: user=0.20 sys=0.00, real=0.01 secs] 
2016-09-24T02:26:07.272-0400: 61.345: [GC (GCLocker Initiated GC) [PSYoungGen: 188326K->23234K(162816K)] 532461K->368701K(687104K), 0.0130745 secs] [Times: user=0.12 sys=0.00, real=0.02 secs] 
2016-09-24T02:26:07.455-0400: 61.528: [GC (GCLocker Initiated GC) [PSYoungGen: 162498K->35540K(200704K)] 516190K->390698K(724992K), 0.0068934 secs] [Times: user=0.06 sys=0.00, real=0.01 secs] 
2016-09-24T02:26:07.591-0400: 61.664: [GC (GCLocker Initiated GC) [PSYoungGen: 173780K->34081K(172544K)] 528970K->390702K(696832K), 0.0155754 secs] [Times: user=0.17 sys=0.00, real=0.02 secs] 
2016-09-24T02:26:07.727-0400: 61.799: [GC (GCLocker Initiated GC) [PSYoungGen: 172321K->35798K(200192K)] 531671K->415513K(724480K), 0.0121069 secs] [Times: user=0.12 sys=0.00, real=0.01 secs] 
2016-09-24T02:26:07.855-0400: 61.928: [GC (GCLocker Initiated GC) [PSYoungGen: 175574K->40981K(198656K)] 555373K->422309K(722944K), 0.0166512 secs] [Times: user=0.17 sys=0.00, real=0.01 secs] 
2016-09-24T02:26:07.997-0400: 62.070: [GC (GCLocker Initiated GC) [PSYoungGen: 180757K->28909K(200704K)] 564840K->425167K(724992K), 0.0072168 secs] [Times: user=0.06 sys=0.00, real=0.01 secs] 
2016-09-24T02:26:08.159-0400: 62.232: [GC (GCLocker Initiated GC) [PSYoungGen: 171757K->22620K(200704K)] 584219K->436727K(724992K), 0.0046751 secs] [Times: user=0.05 sys=0.00, real=0.01 secs] 
2016-09-24T02:26:08.289-0400: 62.362: [GC (GCLocker Initiated GC) [PSYoungGen: 165468K->34477K(201728K)] 587753K->458588K(726016K), 0.0067838 secs] [Times: user=0.05 sys=0.00, real=0.01 secs] 
2016-09-24T02:26:08.434-0400: 62.506: [GC (GCLocker Initiated GC) [PSYoungGen: 180397K->39689K(202752K)] 604575K->465608K(727040K), 0.0060663 secs] [Times: user=0.05 sys=0.01, real=0.01 secs] 
2016-09-24T02:26:08.578-0400: 62.651: [GC (GCLocker Initiated GC) [PSYoungGen: 185609K->11256K(201216K)] 617787K->455666K(725504K), 0.0218249 secs] [Times: user=0.18 sys=0.01, real=0.02 secs] 
2016-09-24T02:26:08.720-0400: 62.793: [GC (GCLocker Initiated GC) [PSYoungGen: 156664K->31763K(203776K)] 609410K->488759K(728064K), 0.0077159 secs] [Times: user=0.07 sys=0.00, real=0.01 secs] 
2016-09-24T02:26:08.854-0400: 62.927: [GC (GCLocker Initiated GC) [PSYoungGen: 177171K->52322K(196608K)] 634418K->511176K(720896K), 0.0076702 secs] [Times: user=0.06 sys=0.01, real=0.01 secs] 
2016-09-24T02:26:09.004-0400: 63.077: [GC (GCLocker Initiated GC) [PSYoungGen: 192610K->45323K(185856K)] 659589K->514018K(710144K), 0.0061110 secs] [Times: user=0.05 sys=0.00, real=0.00 secs] 
2016-09-24T02:26:09.162-0400: 63.234: [GC (GCLocker Initiated GC) [PSYoungGen: 185611K->42688K(200704K)] 661511K->531079K(724992K), 0.0078660 secs] [Times: user=0.07 sys=0.00, real=0.01 secs] 
2016-09-24T02:26:09.284-0400: 63.357: [GC (GCLocker Initiated GC) [PSYoungGen: 181440K->45258K(200192K)] 671231K->555705K(724480K), 0.0077882 secs] [Times: user=0.08 sys=0.00, real=0.00 secs] 
2016-09-24T02:26:09.293-0400: 63.366: [Full GC (Ergonomics) [PSYoungGen: 45258K->0K(200192K)] [ParOldGen: 510447K->241107K(524288K)] 555705K->241107K(724480K), [Metaspace: 43685K->43685K(1087488K)], 0.0800757 secs] [Times: user=0.63 sys=0.02, real=0.08 secs] 
2016-09-24T02:26:09.492-0400: 63.564: [GC (GCLocker Initiated GC) [PSYoungGen: 138752K->42780K(200192K)] 388113K->292141K(724480K), 0.0120698 secs] [Times: user=0.16 sys=0.01, real=0.02 secs] 
2016-09-24T02:26:09.625-0400: 63.698: [GC (GCLocker Initiated GC) [PSYoungGen: 181532K->55732K(194560K)] 431139K->316557K(718848K), 0.0084485 secs] [Times: user=0.10 sys=0.00, real=0.00 secs] 
2016-09-24T02:26:09.775-0400: 63.848: [GC (GCLocker Initiated GC) [PSYoungGen: 194484K->16909K(193536K)] 471728K->295357K(717824K), 0.0076005 secs] [Times: user=0.07 sys=0.00, real=0.01 secs] 
2016-09-24T02:26:09.898-0400: 63.970: [GC (GCLocker Initiated GC) [PSYoungGen: 144909K->65310K(193536K)] 423390K->353630K(717824K), 0.0061072 secs] [Times: user=0.07 sys=0.01, real=0.01 secs] 
2016-09-24T02:26:10.016-0400: 64.089: [GC (GCLocker Initiated GC) [PSYoungGen: 193310K->46365K(185344K)] 484359K->363087K(709632K), 0.0102642 secs] [Times: user=0.14 sys=0.00, real=0.01 secs] 
2016-09-24T02:26:10.131-0400: 64.204: [GC (GCLocker Initiated GC) [PSYoungGen: 163101K->41084K(189440K)] 486584K->365870K(713728K), 0.0070275 secs] [Times: user=0.07 sys=0.01, real=0.01 secs] 
2016-09-24T02:26:10.237-0400: 64.309: [GC (GCLocker Initiated GC) [PSYoungGen: 157820K->36543K(185344K)] 485323K->365447K(709632K), 0.0129641 secs] [Times: user=0.16 sys=0.00, real=0.01 secs] 
2016-09-24T02:26:10.355-0400: 64.428: [GC (GCLocker Initiated GC) [PSYoungGen: 156351K->47566K(187904K)] 490661K->385804K(712192K), 0.0121696 secs] [Times: user=0.14 sys=0.00, real=0.01 secs] 
2016-09-24T02:26:10.473-0400: 64.546: [GC (GCLocker Initiated GC) [PSYoungGen: 167374K->43643K(190464K)] 513761K->393933K(714752K), 0.0098464 secs] [Times: user=0.12 sys=0.00, real=0.02 secs] 
2016-09-24T02:26:10.595-0400: 64.668: [GC (GCLocker Initiated GC) [PSYoungGen: 170107K->53126K(192512K)] 525868K->410151K(716800K), 0.0175115 secs] [Times: user=0.20 sys=0.00, real=0.01 secs] 
2016-09-24T02:26:10.718-0400: 64.790: [GC (GCLocker Initiated GC) [PSYoungGen: 179590K->47637K(195072K)] 536626K->419515K(719360K), 0.0076698 secs] [Times: user=0.08 sys=0.00, real=0.01 secs] 
2016-09-24T02:26:10.836-0400: 64.909: [GC (GCLocker Initiated GC) [PSYoungGen: 175125K->53194K(180736K)] 547026K->426464K(705024K), 0.0073212 secs] [Times: user=0.08 sys=0.00, real=0.01 secs] 
2016-09-24T02:26:10.966-0400: 65.038: [GC (GCLocker Initiated GC) [PSYoungGen: 180682K->42297K(196096K)] 554030K->433274K(720384K), 0.0179815 secs] [Times: user=0.21 sys=0.00, real=0.02 secs] 
2016-09-24T02:26:11.089-0400: 65.162: [GC (GCLocker Initiated GC) [PSYoungGen: 170297K->39576K(167936K)] 566875K->451090K(692224K), 0.0106364 secs] [Times: user=0.11 sys=0.00, real=0.01 secs] 
2016-09-24T02:26:11.218-0400: 65.291: [GC (GCLocker Initiated GC) [PSYoungGen: 167576K->34253K(193536K)] 584634K->463463K(717824K), 0.0083055 secs] [Times: user=0.08 sys=0.00, real=0.01 secs] 
2016-09-24T02:26:11.338-0400: 65.411: [GC (GCLocker Initiated GC) [PSYoungGen: 162765K->38072K(193024K)] 606880K->483537K(717312K), 0.0098134 secs] [Times: user=0.13 sys=0.00, real=0.01 secs] 
2016-09-24T02:26:11.463-0400: 65.535: [GC (GCLocker Initiated GC) [PSYoungGen: 166584K->36853K(196608K)] 625706K->510608K(720896K), 0.0089286 secs] [Times: user=0.09 sys=0.01, real=0.00 secs] 
2016-09-24T02:26:11.580-0400: 65.653: [GC (GCLocker Initiated GC) [PSYoungGen: 170485K->59685K(195584K)] 646955K->537364K(719872K), 0.0155931 secs] [Times: user=0.20 sys=0.00, real=0.02 secs] 
2016-09-24T02:26:11.713-0400: 65.786: [GC (GCLocker Initiated GC) [PSYoungGen: 193317K->51717K(194560K)] 671111K->530642K(718848K), 0.0186066 secs] [Times: user=0.20 sys=0.01, real=0.02 secs] 
2016-09-24T02:26:11.838-0400: 65.911: [GC (GCLocker Initiated GC) [PSYoungGen: 179717K->47627K(176128K)] 658730K->527911K(700416K), 0.0068259 secs] [Times: user=0.07 sys=0.00, real=0.01 secs] 
2016-09-24T02:26:11.938-0400: 66.011: [GC (GCLocker Initiated GC) [PSYoungGen: 175627K->39425K(195584K)] 661335K->547972K(719872K), 0.0064842 secs] [Times: user=0.08 sys=0.01, real=0.01 secs] 
2016-09-24T02:26:11.946-0400: 66.018: [Full GC (Ergonomics) [PSYoungGen: 39425K->0K(195584K)] [ParOldGen: 508547K->267183K(524288K)] 547972K->267183K(719872K), [Metaspace: 43747K->43747K(1087488K)], 0.0634122 secs] [Times: user=0.43 sys=0.02, real=0.06 secs] 
2016-09-24T02:26:12.126-0400: 66.198: [GC (GCLocker Initiated GC) [PSYoungGen: 129536K->23572K(194560K)] 414403K->308439K(718848K), 0.0099656 secs] [Times: user=0.08 sys=0.00, real=0.01 secs] 
2016-09-24T02:26:12.243-0400: 66.316: [GC (GCLocker Initiated GC) [PSYoungGen: 153108K->54282K(191488K)] 440705K->343595K(715776K), 0.0117489 secs] [Times: user=0.16 sys=0.00, real=0.01 secs] 
2016-09-24T02:26:12.368-0400: 66.441: [GC (GCLocker Initiated GC) [PSYoungGen: 179210K->54063K(179200K)] 468567K->344540K(703488K), 0.0078527 secs] [Times: user=0.08 sys=0.00, real=0.01 secs] 
2016-09-24T02:26:12.478-0400: 66.551: [GC (GCLocker Initiated GC) [PSYoungGen: 178991K->50046K(192512K)] 469532K->349676K(716800K), 0.0184917 secs] [Times: user=0.24 sys=0.00, real=0.02 secs] 
2016-09-24T02:26:12.602-0400: 66.674: [GC (GCLocker Initiated GC) [PSYoungGen: 172414K->54067K(176640K)] 472069K->357396K(700928K), 0.0074105 secs] [Times: user=0.08 sys=0.00, real=0.01 secs] 
2016-09-24T02:26:12.702-0400: 66.775: [GC (GCLocker Initiated GC) [PSYoungGen: 176435K->47441K(193536K)] 479833K->351943K(717824K), 0.0070967 secs] [Times: user=0.07 sys=0.01, real=0.01 secs] 
2016-09-24T02:26:12.813-0400: 66.886: [GC (GCLocker Initiated GC) [PSYoungGen: 170321K->25676K(191488K)] 480265K->347521K(715776K), 0.0105242 secs] [Times: user=0.09 sys=0.00, real=0.02 secs] 
2016-09-24T02:26:12.940-0400: 67.012: [GC (GCLocker Initiated GC) [PSYoungGen: 148556K->36641K(192512K)] 470762K->360010K(716800K), 0.0175833 secs] [Times: user=0.23 sys=0.00, real=0.02 secs] 
2016-09-24T02:26:13.055-0400: 67.128: [GC (GCLocker Initiated GC) [PSYoungGen: 160545K->50145K(192512K)] 483947K->393547K(716800K), 0.0109847 secs] [Times: user=0.13 sys=0.00, real=0.01 secs] 
2016-09-24T02:26:13.161-0400: 67.234: [GC (GCLocker Initiated GC) [PSYoungGen: 174049K->55508K(189440K)] 517484K->421617K(713728K), 0.0120263 secs] [Times: user=0.14 sys=0.02, real=0.01 secs] 
2016-09-24T02:26:13.257-0400: 67.330: [GC (GCLocker Initiated GC) [PSYoungGen: 176340K->62190K(183296K)] 542567K->445645K(707584K), 0.0076176 secs] [Times: user=0.10 sys=0.01, real=0.01 secs] 
2016-09-24T02:26:13.375-0400: 67.447: [GC (GCLocker Initiated GC) [PSYoungGen: 183022K->31078K(187904K)] 572401K->426841K(712192K), 0.0059404 secs] [Times: user=0.05 sys=0.00, real=0.00 secs] 
2016-09-24T02:26:13.474-0400: 67.546: [GC (GCLocker Initiated GC) [PSYoungGen: 144742K->53915K(167936K)] 540530K->450769K(692224K), 0.0060917 secs] [Times: user=0.08 sys=0.00, real=0.01 secs] 
2016-09-24T02:26:13.573-0400: 67.646: [GC (GCLocker Initiated GC) [PSYoungGen: 167579K->39116K(189440K)] 571220K->459718K(713728K), 0.0074882 secs] [Times: user=0.06 sys=0.00, real=0.01 secs] 
2016-09-24T02:26:13.672-0400: 67.745: [GC (GCLocker Initiated GC) [PSYoungGen: 153804K->52715K(187392K)] 575858K->475636K(711680K), 0.0060211 secs] [Times: user=0.06 sys=0.00, real=0.01 secs] 
2016-09-24T02:26:13.774-0400: 67.847: [GC (GCLocker Initiated GC) [PSYoungGen: 167403K->58356K(185344K)] 590409K->503921K(709632K), 0.0088261 secs] [Times: user=0.10 sys=0.00, real=0.01 secs] 
2016-09-24T02:26:13.882-0400: 67.954: [GC (GCLocker Initiated GC) [PSYoungGen: 170996K->55570K(168448K)] 616597K->521287K(692736K), 0.0072303 secs] [Times: user=0.10 sys=0.00, real=0.01 secs] 
2016-09-24T02:26:13.980-0400: 68.053: [GC (GCLocker Initiated GC) [PSYoungGen: 168210K->30031K(186880K)] 641363K->528582K(711168K), 0.0078381 secs] [Times: user=0.09 sys=0.01, real=0.01 secs] 
2016-09-24T02:26:13.988-0400: 68.061: [Full GC (Ergonomics) [PSYoungGen: 30031K->0K(186880K)] [ParOldGen: 498550K->283564K(524288K)] 528582K->283564K(711168K), [Metaspace: 43747K->43747K(1087488K)], 0.0735742 secs] [Times: user=0.50 sys=0.01, real=0.07 secs] 
2016-09-24T02:26:14.164-0400: 68.236: [GC (GCLocker Initiated GC) [PSYoungGen: 111616K->43852K(155648K)] 400648K->332884K(679936K), 0.0170863 secs] [Times: user=0.21 sys=0.00, real=0.01 secs] 
2016-09-24T02:26:14.275-0400: 68.348: [GC (GCLocker Initiated GC) [PSYoungGen: 155468K->56853K(183808K)] 444646K->366477K(708096K), 0.0074673 secs] [Times: user=0.07 sys=0.00, real=0.01 secs] 
2016-09-24T02:26:14.404-0400: 68.477: [GC (GCLocker Initiated GC) [PSYoungGen: 167445K->50327K(184832K)] 482602K->374574K(709120K), 0.0100943 secs] [Times: user=0.10 sys=0.01, real=0.01 secs] 
2016-09-24T02:26:14.504-0400: 68.576: [GC (GCLocker Initiated GC) [PSYoungGen: 160919K->45070K(184320K)] 487960K->389558K(708608K), 0.0086183 secs] [Times: user=0.11 sys=0.00, real=0.00 secs] 
2016-09-24T02:26:14.614-0400: 68.687: [GC (GCLocker Initiated GC) [PSYoungGen: 160270K->28406K(185856K)] 512886K->382228K(710144K), 0.0254415 secs] [Times: user=0.35 sys=0.01, real=0.02 secs] 
2016-09-24T02:26:14.735-0400: 68.808: [GC (GCLocker Initiated GC) [PSYoungGen: 143606K->44821K(187392K)] 497441K->424010K(711680K), 0.0065243 secs] [Times: user=0.09 sys=0.00, real=0.00 secs] 
2016-09-24T02:26:14.832-0400: 68.905: [GC (GCLocker Initiated GC) [PSYoungGen: 164629K->55834K(188928K)] 543892K->436222K(713216K), 0.0072051 secs] [Times: user=0.08 sys=0.00, real=0.01 secs] 
2016-09-24T02:26:14.934-0400: 69.007: [GC (GCLocker Initiated GC) [PSYoungGen: 175642K->40761K(191488K)] 558801K->433358K(715776K), 0.0135264 secs] [Times: user=0.08 sys=0.01, real=0.01 secs] 
2016-09-24T02:26:15.052-0400: 69.125: [GC (GCLocker Initiated GC) [PSYoungGen: 163129K->64065K(186880K)] 561315K->463615K(711168K), 0.0073567 secs] [Times: user=0.10 sys=0.00, real=0.01 secs] 
2016-09-24T02:26:15.177-0400: 69.249: [GC (GCLocker Initiated GC) [PSYoungGen: 186433K->41055K(189952K)] 592736K->448739K(714240K), 0.0055805 secs] [Times: user=0.05 sys=0.01, real=0.01 secs] 
2016-09-24T02:26:15.294-0400: 69.367: [GC (GCLocker Initiated GC) [PSYoungGen: 157279K->20713K(137216K)] 573570K->438509K(661504K), 0.0040750 secs] [Times: user=0.05 sys=0.00, real=0.01 secs] 
2016-09-24T02:26:15.394-0400: 69.467: [GC (GCLocker Initiated GC) [PSYoungGen: 136937K->51643K(188416K)] 557444K->473524K(712704K), 0.0099928 secs] [Times: user=0.13 sys=0.00, real=0.02 secs] 
2016-09-24T02:26:15.496-0400: 69.568: [GC (GCLocker Initiated GC) [PSYoungGen: 165819K->46425K(160768K)] 591787K->473614K(685056K), 0.0059373 secs] [Times: user=0.07 sys=0.01, real=0.00 secs] 
2016-09-24T02:26:15.586-0400: 69.658: [GC (GCLocker Initiated GC) [PSYoungGen: 160601K->39299K(187392K)] 587901K->484146K(711680K), 0.0094480 secs] [Times: user=0.10 sys=0.00, real=0.01 secs] 
2016-09-24T02:26:15.692-0400: 69.764: [GC (GCLocker Initiated GC) [PSYoungGen: 155011K->28684K(185856K)] 609349K->497709K(710144K), 0.0057080 secs] [Times: user=0.06 sys=0.00, real=0.01 secs] 
2016-09-24T02:26:15.795-0400: 69.868: [GC (GCLocker Initiated GC) [PSYoungGen: 144396K->58388K(185856K)] 616139K->531439K(710144K), 0.0071415 secs] [Times: user=0.09 sys=0.00, real=0.01 secs] 
2016-09-24T02:26:15.897-0400: 69.970: [GC (GCLocker Initiated GC) [PSYoungGen: 174100K->41272K(188928K)] 653972K->522328K(713216K), 0.0055971 secs] [Times: user=0.08 sys=0.00, real=0.01 secs] 
2016-09-24T02:26:16.001-0400: 70.073: [GC (GCLocker Initiated GC) [PSYoungGen: 156984K->35832K(186368K)] 649823K->530199K(710656K), 0.0052049 secs] [Times: user=0.04 sys=0.01, real=0.01 secs] 
2016-09-24T02:26:16.107-0400: 70.179: [Full GC (Ergonomics) [PSYoungGen: 154104K->0K(186368K)] [ParOldGen: 509224K->268449K(524288K)] 663328K->268449K(710656K), [Metaspace: 43755K->43755K(1087488K)], 0.0767033 secs] [Times: user=0.69 sys=0.01, real=0.08 secs] 
2016-09-24T02:26:16.292-0400: 70.365: [GC (GCLocker Initiated GC) [PSYoungGen: 118272K->52110K(187904K)] 389493K->323332K(712192K), 0.0076716 secs] [Times: user=0.08 sys=0.00, real=0.01 secs] 
2016-09-24T02:26:16.391-0400: 70.464: [GC (GCLocker Initiated GC) [PSYoungGen: 170382K->57226K(186880K)] 441633K->334215K(711168K), 0.0085863 secs] [Times: user=0.13 sys=0.00, real=0.01 secs] 
2016-09-24T02:26:16.488-0400: 70.561: [GC (GCLocker Initiated GC) [PSYoungGen: 173962K->34169K(189440K)] 456470K->345049K(713728K), 0.0073337 secs] [Times: user=0.08 sys=0.00, real=0.01 secs] 
2016-09-24T02:26:16.595-0400: 70.668: [GC (GCLocker Initiated GC) [PSYoungGen: 150905K->39543K(185344K)] 466022K->366781K(709632K), 0.0087913 secs] [Times: user=0.07 sys=0.00, real=0.01 secs] 
2016-09-24T02:26:16.689-0400: 70.762: [GC (GCLocker Initiated GC) [PSYoungGen: 157303K->60804K(187904K)] 487281K->394809K(712192K), 0.0141272 secs] [Times: user=0.20 sys=0.00, real=0.02 secs] 
2016-09-24T02:26:16.806-0400: 70.879: [GC (GCLocker Initiated GC) [PSYoungGen: 178564K->25785K(187392K)] 512630K->390506K(711680K), 0.0067946 secs] [Times: user=0.07 sys=0.00, real=0.00 secs] 
2016-09-24T02:26:16.897-0400: 70.970: [GC (GCLocker Initiated GC) [PSYoungGen: 139449K->44814K(158720K)] 504359K->421617K(683008K), 0.0061658 secs] [Times: user=0.06 sys=0.01, real=0.01 secs] 
2016-09-24T02:26:16.989-0400: 71.062: [GC (GCLocker Initiated GC) [PSYoungGen: 158478K->51543K(185856K)] 540919K->435093K(710144K), 0.0133205 secs] [Times: user=0.20 sys=0.01, real=0.02 secs] 
2016-09-24T02:26:17.083-0400: 71.156: [GC (GCLocker Initiated GC) [PSYoungGen: 165719K->36690K(185856K)] 550654K->422722K(710144K), 0.0110516 secs] [Times: user=0.14 sys=0.01, real=0.01 secs] 
2016-09-24T02:26:17.182-0400: 71.255: [GC (GCLocker Initiated GC) [PSYoungGen: 150866K->29784K(188928K)] 546444K->437320K(713216K), 0.0081376 secs] [Times: user=0.04 sys=0.00, real=0.01 secs] 
2016-09-24T02:26:17.271-0400: 71.344: [GC (GCLocker Initiated GC) [PSYoungGen: 148568K->54112K(188928K)] 556184K->462690K(713216K), 0.0075119 secs] [Times: user=0.06 sys=0.00, real=0.01 secs] 
2016-09-24T02:26:17.368-0400: 71.440: [GC (GCLocker Initiated GC) [PSYoungGen: 172896K->32667K(190976K)] 586940K->447708K(715264K), 0.0083293 secs] [Times: user=0.13 sys=0.00, real=0.01 secs] 
2016-09-24T02:26:17.469-0400: 71.542: [GC (GCLocker Initiated GC) [PSYoungGen: 152475K->51510K(190464K)] 571626K->471806K(714752K), 0.0153396 secs] [Times: user=0.20 sys=0.00, real=0.02 secs] 
2016-09-24T02:26:17.583-0400: 71.656: [GC (GCLocker Initiated GC) [PSYoungGen: 171318K->54208K(187904K)] 591618K->486332K(712192K), 0.0067405 secs] [Times: user=0.10 sys=0.00, real=0.00 secs] 
2016-09-24T02:26:17.678-0400: 71.750: [GC (GCLocker Initiated GC) [PSYoungGen: 170944K->62264K(179200K)] 605941K->498291K(703488K), 0.0185668 secs] [Times: user=0.22 sys=0.01, real=0.02 secs] 
2016-09-24T02:26:17.783-0400: 71.856: [GC (GCLocker Initiated GC) [PSYoungGen: 179000K->40480K(187904K)] 623204K->501998K(712192K), 0.0056381 secs] [Times: user=0.07 sys=0.00, real=0.00 secs] 
2016-09-24T02:26:17.879-0400: 71.952: [GC (GCLocker Initiated GC) [PSYoungGen: 152096K->64909K(176640K)] 613647K->527325K(700928K), 0.0110106 secs] [Times: user=0.15 sys=0.00, real=0.01 secs] 
2016-09-24T02:26:17.984-0400: 72.057: [GC (GCLocker Initiated GC) [PSYoungGen: 176525K->40665K(185344K)] 648599K->529871K(709632K), 0.0074770 secs] [Times: user=0.11 sys=0.00, real=0.00 secs] 
2016-09-24T02:26:18.078-0400: 72.150: [Full GC (Ergonomics) [PSYoungGen: 147161K->0K(185344K)] [ParOldGen: 496007K->282560K(524288K)] 643169K->282560K(709632K), [Metaspace: 43755K->43755K(1087488K)], 0.0722716 secs] [Times: user=0.51 sys=0.03, real=0.07 secs] 
2016-09-24T02:26:18.248-0400: 72.320: [GC (GCLocker Initiated GC) [PSYoungGen: 106496K->32791K(139776K)] 398631K->324926K(664064K), 0.0132649 secs] [Times: user=0.20 sys=0.01, real=0.01 secs] 
2016-09-24T02:26:18.339-0400: 72.412: [GC (GCLocker Initiated GC) [PSYoungGen: 139287K->53944K(182784K)] 431574K->347444K(707072K), 0.0067781 secs] [Times: user=0.06 sys=0.00, real=0.01 secs] 
2016-09-24T02:26:18.418-0400: 72.491: [GC (GCLocker Initiated GC) [PSYoungGen: 160440K->56739K(182784K)] 453966K->351127K(707072K), 0.0222088 secs] [Times: user=0.27 sys=0.00, real=0.02 secs] 
2016-09-24T02:26:18.517-0400: 72.589: [GC (GCLocker Initiated GC) [PSYoungGen: 163235K->52789K(184832K)] 463212K->369891K(709120K), 0.0074159 secs] [Times: user=0.09 sys=0.00, real=0.01 secs] 
2016-09-24T02:26:18.611-0400: 72.684: [GC (GCLocker Initiated GC) [PSYoungGen: 161333K->62146K(171008K)] 481217K->396539K(695296K), 0.0073363 secs] [Times: user=0.10 sys=0.00, real=0.01 secs] 
2016-09-24T02:26:18.704-0400: 72.776: [GC (GCLocker Initiated GC) [PSYoungGen: 170690K->39189K(184832K)] 510658K->399045K(709120K), 0.0097953 secs] [Times: user=0.10 sys=0.00, real=0.00 secs] 
2016-09-24T02:26:18.794-0400: 72.867: [GC (GCLocker Initiated GC) [PSYoungGen: 145173K->37694K(143872K)] 513164K->406650K(668160K), 0.0051340 secs] [Times: user=0.05 sys=0.00, real=0.00 secs] 
2016-09-24T02:26:18.870-0400: 72.942: [GC (GCLocker Initiated GC) [PSYoungGen: 143678K->34949K(182784K)] 515386K->423726K(707072K), 0.0308885 secs] [Times: user=0.34 sys=0.00, real=0.03 secs] 
2016-09-24T02:26:18.985-0400: 73.058: [GC (GCLocker Initiated GC) [PSYoungGen: 141445K->26664K(182272K)] 535760K->421722K(706560K), 0.0299437 secs] [Times: user=0.32 sys=0.01, real=0.03 secs] 
2016-09-24T02:26:19.097-0400: 73.170: [GC (GCLocker Initiated GC) [PSYoungGen: 133160K->48178K(183808K)] 528280K->449528K(708096K), 0.0225681 secs] [Times: user=0.23 sys=0.00, real=0.02 secs] 
2016-09-24T02:26:19.202-0400: 73.275: [GC (GCLocker Initiated GC) [PSYoungGen: 158770K->49717K(184832K)] 560184K->459879K(709120K), 0.0103744 secs] [Times: user=0.11 sys=0.00, real=0.00 secs] 
2016-09-24T02:26:19.291-0400: 73.364: [GC (GCLocker Initiated GC) [PSYoungGen: 160309K->39233K(184832K)] 575912K->471841K(709120K), 0.0246614 secs] [Times: user=0.27 sys=0.00, real=0.03 secs] 
2016-09-24T02:26:19.401-0400: 73.474: [GC (GCLocker Initiated GC) [PSYoungGen: 153921K->44575K(186368K)] 586681K->502524K(710656K), 0.0164871 secs] [Times: user=0.16 sys=0.00, real=0.02 secs] 
2016-09-24T02:26:19.507-0400: 73.579: [GC (GCLocker Initiated GC) [PSYoungGen: 159263K->36317K(189440K)] 619945K->497901K(713728K), 0.0233896 secs] [Times: user=0.24 sys=0.01, real=0.02 secs] 
2016-09-24T02:26:19.617-0400: 73.689: [GC (GCLocker Initiated GC) [PSYoungGen: 157661K->39045K(188928K)] 622176K->504457K(713216K), 0.0189480 secs] [Times: user=0.16 sys=0.01, real=0.02 secs] 
2016-09-24T02:26:19.730-0400: 73.802: [GC (GCLocker Initiated GC) [PSYoungGen: 160389K->63562K(184832K)] 625854K->530009K(709120K), 0.0167672 secs] [Times: user=0.22 sys=0.01, real=0.02 secs] 
2016-09-24T02:26:19.827-0400: 73.900: [GC (GCLocker Initiated GC) [PSYoungGen: 182346K->54078K(173056K)] 648963K->537900K(697344K), 0.0101144 secs] [Times: user=0.14 sys=0.00, real=0.01 secs] 
2016-09-24T02:26:19.926-0400: 73.998: [GC (GCLocker Initiated GC) [PSYoungGen: 172862K->55369K(187904K)] 656780K->540187K(712192K), 0.0095691 secs] [Times: user=0.11 sys=0.00, real=0.01 secs] 
2016-09-24T02:26:20.029-0400: 74.101: [GC (GCLocker Initiated GC) [PSYoungGen: 171081K->32370K(188928K)] 662653K->524847K(713216K), 0.0051967 secs] [Times: user=0.05 sys=0.00, real=0.00 secs] 
2016-09-24T02:26:20.115-0400: 74.188: [GC (GCLocker Initiated GC) [PSYoungGen: 148082K->58058K(185344K)] 640610K->551617K(709632K), 0.0072015 secs] [Times: user=0.09 sys=0.01, real=0.01 secs] 
2016-09-24T02:26:20.217-0400: 74.289: [Full GC (Ergonomics) [PSYoungGen: 170698K->0K(185344K)] [ParOldGen: 501694K->302903K(524288K)] 672393K->302903K(709632K), [Metaspace: 43766K->43766K(1087488K)], 0.0686125 secs] [Times: user=0.44 sys=0.01, real=0.07 secs] 
2016-09-24T02:26:20.374-0400: 74.447: [GC (GCLocker Initiated GC) [PSYoungGen: 112640K->39364K(187392K)] 418511K->345236K(711680K), 0.0098695 secs] [Times: user=0.11 sys=0.00, real=0.02 secs] 
2016-09-24T02:26:20.463-0400: 74.535: [GC (GCLocker Initiated GC) [PSYoungGen: 152004K->40378K(183808K)] 457997K->363711K(708096K), 0.0069594 secs] [Times: user=0.09 sys=0.00, real=0.00 secs] 
2016-09-24T02:26:20.554-0400: 74.626: [GC (Allocation Failure) [PSYoungGen: 154554K->41813K(185856K)] 483506K->371529K(710144K), 0.0136659 secs] [Times: user=0.19 sys=0.00, real=0.02 secs] 
2016-09-24T02:26:20.568-0400: 74.641: [GC (GCLocker Initiated GC) [PSYoungGen: 47958K->5656K(184320K)] 377674K->393252K(708608K), 0.0062276 secs] [Times: user=0.10 sys=0.01, real=0.01 secs] 
2016-09-24T02:26:20.671-0400: 74.744: [GC (GCLocker Initiated GC) [PSYoungGen: 120344K->55541K(170496K)] 510646K->445860K(694784K), 0.0130181 secs] [Times: user=0.17 sys=0.00, real=0.02 secs] 
2016-09-24T02:26:20.773-0400: 74.846: [GC (GCLocker Initiated GC) [PSYoungGen: 170229K->37791K(188416K)] 567306K->435929K(712704K), 0.0191965 secs] [Times: user=0.27 sys=0.00, real=0.02 secs] 
2016-09-24T02:26:20.881-0400: 74.954: [GC (GCLocker Initiated GC) [PSYoungGen: 150431K->43041K(156160K)] 554006K->447501K(680448K), 0.0133333 secs] [Times: user=0.18 sys=0.00, real=0.02 secs] 
2016-09-24T02:26:20.971-0400: 75.044: [GC (GCLocker Initiated GC) [PSYoungGen: 155681K->39184K(185344K)] 565607K->482286K(709632K), 0.0066198 secs] [Times: user=0.09 sys=0.00, real=0.01 secs] 
2016-09-24T02:26:21.064-0400: 75.136: [GC (GCLocker Initiated GC) [PSYoungGen: 153872K->48723K(183296K)] 597122K->492853K(707584K), 0.0058132 secs] [Times: user=0.08 sys=0.00, real=0.00 secs] 
2016-09-24T02:26:21.151-0400: 75.224: [GC (GCLocker Initiated GC) [PSYoungGen: 163411K->60784K(184832K)] 612945K->511271K(709120K), 0.0064404 secs] [Times: user=0.09 sys=0.00, real=0.01 secs] 
2016-09-24T02:26:21.253-0400: 75.325: [GC (GCLocker Initiated GC) [PSYoungGen: 177520K->33966K(189440K)] 638985K->496262K(713728K), 0.0051290 secs] [Times: user=0.06 sys=0.00, real=0.01 secs] 
2016-09-24T02:26:21.353-0400: 75.425: [GC (GCLocker Initiated GC) [PSYoungGen: 150702K->39184K(184320K)] 615742K->505260K(708608K), 0.0155176 secs] [Times: user=0.17 sys=0.00, real=0.02 secs] 
2016-09-24T02:26:21.462-0400: 75.535: [GC (GCLocker Initiated GC) [PSYoungGen: 156944K->25520K(187392K)] 629799K->510103K(711680K), 0.0073362 secs] [Times: user=0.04 sys=0.00, real=0.01 secs] 
2016-09-24T02:26:21.542-0400: 75.614: [GC (GCLocker Initiated GC) [PSYoungGen: 143280K->45872K(190464K)] 627953K->547646K(714752K), 0.0090444 secs] [Times: user=0.09 sys=0.01, real=0.01 secs] 
2016-09-24T02:26:21.551-0400: 75.623: [Full GC (Ergonomics) [PSYoungGen: 45872K->0K(190464K)] [ParOldGen: 501773K->260973K(524288K)] 547646K->260973K(714752K), [Metaspace: 43772K->43772K(1087488K)], 0.0738367 secs] [Times: user=0.65 sys=0.00, real=0.08 secs] 
2016-09-24T02:26:21.721-0400: 75.794: [GC (GCLocker Initiated GC) [PSYoungGen: 122880K->53066K(191488K)] 383925K->314111K(715776K), 0.0100275 secs] [Times: user=0.14 sys=0.00, real=0.01 secs] 
2016-09-24T02:26:21.816-0400: 75.889: [GC (GCLocker Initiated GC) [PSYoungGen: 175946K->56770K(186880K)] 437000K->319134K(711168K), 0.0063116 secs] [Times: user=0.08 sys=0.00, real=0.01 secs] 
2016-09-24T02:26:21.909-0400: 75.982: [GC (GCLocker Initiated GC) [PSYoungGen: 173506K->52706K(169472K)] 438679K->318803K(693760K), 0.0058918 secs] [Times: user=0.05 sys=0.01, real=0.01 secs] 
2016-09-24T02:26:22.001-0400: 76.073: [GC (GCLocker Initiated GC) [PSYoungGen: 169442K->41529K(191488K)] 443766K->327459K(715776K), 0.0077450 secs] [Times: user=0.05 sys=0.00, real=0.01 secs] 
2016-09-24T02:26:22.100-0400: 76.173: [GC (GCLocker Initiated GC) [PSYoungGen: 159801K->37862K(156160K)] 451265K->349024K(680448K), 0.0160152 secs] [Times: user=0.23 sys=0.01, real=0.02 secs] 
2016-09-24T02:26:22.205-0400: 76.277: [GC (GCLocker Initiated GC) [PSYoungGen: 156134K->43207K(190464K)] 474434K->381323K(714752K), 0.0063397 secs] [Times: user=0.09 sys=0.00, real=0.00 secs] 
2016-09-24T02:26:22.313-0400: 76.385: [GC (GCLocker Initiated GC) [PSYoungGen: 164039K->51403K(187904K)] 509023K->397296K(712192K), 0.0098495 secs] [Times: user=0.14 sys=0.00, real=0.02 secs] 
2016-09-24T02:26:22.406-0400: 76.479: [GC (GCLocker Initiated GC) [PSYoungGen: 172235K->47351K(193536K)] 521003K->405184K(717824K), 0.0100821 secs] [Times: user=0.11 sys=0.00, real=0.01 secs] 
2016-09-24T02:26:22.507-0400: 76.579: [GC (GCLocker Initiated GC) [PSYoungGen: 174327K->60885K(187904K)] 534897K->422434K(712192K), 0.0066908 secs] [Times: user=0.08 sys=0.01, real=0.00 secs] 
2016-09-24T02:26:22.607-0400: 76.680: [GC (GCLocker Initiated GC) [PSYoungGen: 187861K->59558K(186880K)] 549484K->424862K(711168K), 0.0069604 secs] [Times: user=0.08 sys=0.01, real=0.01 secs] 
2016-09-24T02:26:22.703-0400: 76.776: [GC (GCLocker Initiated GC) [PSYoungGen: 176294K->37898K(189440K)] 547205K->420597K(713728K), 0.0063176 secs] [Times: user=0.06 sys=0.00, real=0.00 secs] 
2016-09-24T02:26:22.800-0400: 76.873: [GC (GCLocker Initiated GC) [PSYoungGen: 154631K->45975K(184320K)] 540995K->433211K(708608K), 0.0058986 secs] [Times: user=0.05 sys=0.01, real=0.01 secs] 
2016-09-24T02:26:22.896-0400: 76.969: [GC (GCLocker Initiated GC) [PSYoungGen: 163735K->52646K(187392K)] 556391K->446296K(711680K), 0.0064872 secs] [Times: user=0.08 sys=0.00, real=0.01 secs] 
2016-09-24T02:26:22.992-0400: 77.065: [GC (GCLocker Initiated GC) [PSYoungGen: 170406K->53799K(192512K)] 566889K->451123K(716800K), 0.0109615 secs] [Times: user=0.13 sys=0.00, real=0.02 secs] 
2016-09-24T02:26:23.096-0400: 77.169: [GC (GCLocker Initiated GC) [PSYoungGen: 176679K->40533K(163840K)] 576773K->457704K(688128K), 0.0086793 secs] [Times: user=0.11 sys=0.00, real=0.01 secs] 
2016-09-24T02:26:23.190-0400: 77.263: [GC (GCLocker Initiated GC) [PSYoungGen: 163413K->45872K(193024K)] 586008K->469314K(717312K), 0.0138122 secs] [Times: user=0.17 sys=0.00, real=0.02 secs] 
2016-09-24T02:26:23.295-0400: 77.368: [GC (GCLocker Initiated GC) [PSYoungGen: 170288K->40468K(191488K)] 604591K->475693K(715776K), 0.0065390 secs] [Times: user=0.05 sys=0.01, real=0.00 secs] 
2016-09-24T02:26:23.391-0400: 77.464: [GC (GCLocker Initiated GC) [PSYoungGen: 164884K->52724K(192000K)] 603791K->492509K(716288K), 0.0075198 secs] [Times: user=0.07 sys=0.00, real=0.01 secs] 
2016-09-24T02:26:23.487-0400: 77.560: [GC (GCLocker Initiated GC) [PSYoungGen: 178676K->33923K(192512K)] 621188K->485486K(716800K), 0.0077658 secs] [Times: user=0.06 sys=0.00, real=0.01 secs] 
2016-09-24T02:26:23.570-0400: 77.643: [GC (GCLocker Initiated GC) [PSYoungGen: 159875K->55326K(192512K)] 611520K->521389K(716800K), 0.0067895 secs] [Times: user=0.08 sys=0.01, real=0.01 secs] 
2016-09-24T02:26:23.660-0400: 77.733: [GC (GCLocker Initiated GC) [PSYoungGen: 181278K->66222K(192512K)] 647369K->541190K(716800K), 0.0072115 secs] [Times: user=0.10 sys=0.00, real=0.01 secs] 
2016-09-24T02:26:23.760-0400: 77.833: [GC (GCLocker Initiated GC) [PSYoungGen: 192174K->44684K(188416K)] 669844K->547563K(712704K), 0.0079301 secs] [Times: user=0.11 sys=0.00, real=0.01 secs] 
2016-09-24T02:26:23.768-0400: 77.841: [Full GC (Ergonomics) [PSYoungGen: 44684K->0K(188416K)] [ParOldGen: 502878K->267183K(524288K)] 547563K->267183K(712704K), [Metaspace: 43779K->43779K(1087488K)], 0.1964759 secs] [Times: user=2.76 sys=0.01, real=0.20 secs] 
2016-09-24T02:26:24.056-0400: 78.128: [GC (GCLocker Initiated GC) [PSYoungGen: 118784K->33696K(190464K)] 394136K->309048K(714752K), 0.0050664 secs] [Times: user=0.04 sys=0.00, real=0.00 secs] 
2016-09-24T02:26:24.138-0400: 78.210: [GC (GCLocker Initiated GC) [PSYoungGen: 152480K->27998K(189440K)] 433246K->319143K(713728K), 0.0066946 secs] [Times: user=0.05 sys=0.00, real=0.01 secs] 
2016-09-24T02:26:24.229-0400: 78.302: [GC (GCLocker Initiated GC) [PSYoungGen: 145758K->36171K(154112K)] 439655K->330760K(678400K), 0.0071145 secs] [Times: user=0.06 sys=0.01, real=0.01 secs] 
2016-09-24T02:26:24.318-0400: 78.391: [GC (GCLocker Initiated GC) [PSYoungGen: 153931K->47047K(190976K)] 448646K->356092K(715264K), 0.0068622 secs] [Times: user=0.08 sys=0.01, real=0.01 secs] 
2016-09-24T02:26:24.401-0400: 78.474: [GC (GCLocker Initiated GC) [PSYoungGen: 166855K->49739K(189440K)] 481317K->364911K(713728K), 0.0057872 secs] [Times: user=0.07 sys=0.01, real=0.01 secs] 
2016-09-24T02:26:24.491-0400: 78.564: [GC (GCLocker Initiated GC) [PSYoungGen: 169547K->51346K(190464K)] 485130K->367618K(714752K), 0.0058441 secs] [Times: user=0.07 sys=0.00, real=0.01 secs] 
2016-09-24T02:26:24.586-0400: 78.658: [GC (GCLocker Initiated GC) [PSYoungGen: 172690K->47269K(190464K)] 491664K->383347K(714752K), 0.0066322 secs] [Times: user=0.09 sys=0.01, real=0.00 secs] 
2016-09-24T02:26:24.686-0400: 78.758: [GC (GCLocker Initiated GC) [PSYoungGen: 168613K->51416K(191488K)] 514208K->397921K(715776K), 0.0120281 secs] [Times: user=0.18 sys=0.00, real=0.01 secs] 
2016-09-24T02:26:24.792-0400: 78.864: [GC (GCLocker Initiated GC) [PSYoungGen: 175320K->43227K(191488K)] 524530K->401506K(715776K), 0.0116580 secs] [Times: user=0.14 sys=0.00, real=0.02 secs] 
2016-09-24T02:26:24.891-0400: 78.963: [GC (GCLocker Initiated GC) [PSYoungGen: 167131K->55563K(191488K)] 530928K->420273K(715776K), 0.0062203 secs] [Times: user=0.09 sys=0.00, real=0.01 secs] 
2016-09-24T02:26:24.999-0400: 79.072: [GC (GCLocker Initiated GC) [PSYoungGen: 181003K->63667K(189440K)] 545885K->440343K(713728K), 0.0077945 secs] [Times: user=0.10 sys=0.00, real=0.01 secs] 
2016-09-24T02:26:25.120-0400: 79.192: [GC (GCLocker Initiated GC) [PSYoungGen: 189107K->44707K(192000K)] 568579K->425274K(716288K), 0.0252221 secs] [Times: user=0.34 sys=0.00, real=0.03 secs] 
2016-09-24T02:26:25.245-0400: 79.318: [GC (GCLocker Initiated GC) [PSYoungGen: 165027K->41978K(162304K)] 548486K->429229K(686592K), 0.0065017 secs] [Times: user=0.07 sys=0.00, real=0.00 secs] 
2016-09-24T02:26:25.344-0400: 79.417: [GC (GCLocker Initiated GC) [PSYoungGen: 162298K->41854K(190976K)] 557674K->449149K(715264K), 0.0147945 secs] [Times: user=0.19 sys=0.00, real=0.01 secs] 
2016-09-24T02:26:25.457-0400: 79.530: [GC (GCLocker Initiated GC) [PSYoungGen: 163710K->33700K(189440K)] 575063K->456719K(713728K), 0.0069750 secs] [Times: user=0.08 sys=0.00, real=0.01 secs] 
2016-09-24T02:26:25.566-0400: 79.639: [GC (GCLocker Initiated GC) [PSYoungGen: 155556K->41995K(192512K)] 583980K->471399K(716800K), 0.0060687 secs] [Times: user=0.08 sys=0.00, real=0.00 secs] 
2016-09-24T02:26:25.670-0400: 79.743: [GC (GCLocker Initiated GC) [PSYoungGen: 168459K->43466K(193024K)] 600575K->476574K(717312K), 0.0058207 secs] [Times: user=0.07 sys=0.00, real=0.01 secs] 
2016-09-24T02:26:25.775-0400: 79.848: [GC (GCLocker Initiated GC) [PSYoungGen: 169930K->35395K(194048K)] 614049K->480650K(718336K), 0.0074479 secs] [Times: user=0.10 sys=0.01, real=0.01 secs] 
2016-09-24T02:26:25.881-0400: 79.954: [GC (Allocation Failure) [PSYoungGen: 164931K->50429K(194048K)] 617154K->503842K(718336K), 0.0229422 secs] [Times: user=0.31 sys=0.01, real=0.03 secs] 
2016-09-24T02:26:25.905-0400: 79.978: [GC (GCLocker Initiated GC) [PSYoungGen: 51134K->192K(186368K)] 504546K->503650K(710656K), 0.0061706 secs] [Times: user=0.07 sys=0.01, real=0.00 secs] 
2016-09-24T02:26:25.911-0400: 79.984: [Full GC (Ergonomics) [PSYoungGen: 192K->0K(186368K)] [ParOldGen: 503458K->286529K(524288K)] 503650K->286529K(710656K), [Metaspace: 43779K->43779K(1087488K)], 0.0694051 secs] [Times: user=0.68 sys=0.01, real=0.07 secs] 
2016-09-24T02:26:26.075-0400: 80.148: [GC (GCLocker Initiated GC) [PSYoungGen: 120962K->53326K(175616K)] 410191K->342556K(699904K), 0.0097783 secs] [Times: user=0.13 sys=0.00, real=0.01 secs] 
2016-09-24T02:26:26.181-0400: 80.253: [GC (GCLocker Initiated GC) [PSYoungGen: 175182K->35468K(192000K)] 473971K->337001K(716288K), 0.0062943 secs] [Times: user=0.07 sys=0.00, real=0.01 secs] 
2016-09-24T02:26:26.278-0400: 80.350: [GC (GCLocker Initiated GC) [PSYoungGen: 155276K->51469K(189952K)] 459522K->356889K(714240K), 0.0075662 secs] [Times: user=0.07 sys=0.00, real=0.01 secs] 
2016-09-24T02:26:26.368-0400: 80.440: [GC (GCLocker Initiated GC) [PSYoungGen: 171277K->62547K(181760K)] 476741K->382662K(706048K), 0.0081423 secs] [Times: user=0.12 sys=0.01, real=0.01 secs] 
2016-09-24T02:26:26.470-0400: 80.543: [GC (GCLocker Initiated GC) [PSYoungGen: 173139K->34984K(186368K)] 500405K->363511K(710656K), 0.0099121 secs] [Times: user=0.13 sys=0.00, real=0.01 secs] 
2016-09-24T02:26:26.579-0400: 80.651: [GC (GCLocker Initiated GC) [PSYoungGen: 145576K->32428K(182784K)] 486457K->385047K(707072K), 0.0061912 secs] [Times: user=0.07 sys=0.00, real=0.01 secs] 
2016-09-24T02:26:26.668-0400: 80.741: [GC (GCLocker Initiated GC) [PSYoungGen: 144556K->59515K(185344K)] 502588K->418468K(709632K), 0.0104879 secs] [Times: user=0.15 sys=0.00, real=0.01 secs] 
2016-09-24T02:26:26.768-0400: 80.840: [GC (GCLocker Initiated GC) [PSYoungGen: 171643K->46086K(186368K)] 537409K->426370K(710656K), 0.0067710 secs] [Times: user=0.06 sys=0.00, real=0.01 secs] 
2016-09-24T02:26:26.862-0400: 80.935: [GC (GCLocker Initiated GC) [PSYoungGen: 158214K->31193K(185856K)] 541316K->428809K(710144K), 0.0077767 secs] [Times: user=0.06 sys=0.00, real=0.00 secs] 
2016-09-24T02:26:26.954-0400: 81.027: [GC (GCLocker Initiated GC) [PSYoungGen: 143321K->32313K(187392K)] 540975K->452732K(711680K), 0.0139366 secs] [Times: user=0.11 sys=0.01, real=0.02 secs] 
2016-09-24T02:26:27.059-0400: 81.132: [GC (GCLocker Initiated GC) [PSYoungGen: 147513K->25876K(187392K)] 582929K->462290K(711680K), 0.0043672 secs] [Times: user=0.05 sys=0.00, real=0.01 secs] 
2016-09-24T02:26:27.155-0400: 81.228: [GC (GCLocker Initiated GC) [PSYoungGen: 141076K->41765K(185344K)] 582036K->483869K(709632K), 0.0058651 secs] [Times: user=0.07 sys=0.01, real=0.00 secs] 
2016-09-24T02:26:27.246-0400: 81.319: [GC (GCLocker Initiated GC) [PSYoungGen: 160037K->36509K(187392K)] 607560K->484865K(711680K), 0.0097567 secs] [Times: user=0.11 sys=0.00, real=0.01 secs] 
2016-09-24T02:26:27.345-0400: 81.417: [GC (GCLocker Initiated GC) [PSYoungGen: 154781K->58201K(186880K)] 603222K->507636K(711168K), 0.0068908 secs] [Times: user=0.09 sys=0.00, real=0.00 secs] 
2016-09-24T02:26:27.439-0400: 81.512: [GC (GCLocker Initiated GC) [PSYoungGen: 178009K->41958K(190976K)] 630280K->497909K(715264K), 0.0110911 secs] [Times: user=0.11 sys=0.01, real=0.01 secs] 
2016-09-24T02:26:27.541-0400: 81.614: [GC (GCLocker Initiated GC) [PSYoungGen: 161766K->44727K(186880K)] 623206K->507161K(711168K), 0.0245222 secs] [Times: user=0.31 sys=0.00, real=0.03 secs] 
2016-09-24T02:26:27.656-0400: 81.729: [GC (GCLocker Initiated GC) [PSYoungGen: 167607K->44809K(189440K)] 632980K->527453K(713728K), 0.0071039 secs] [Times: user=0.09 sys=0.00, real=0.01 secs] 
2016-09-24T02:26:27.757-0400: 81.830: [GC (GCLocker Initiated GC) [PSYoungGen: 167689K->48849K(195584K)] 654565K->547646K(719872K), 0.0102414 secs] [Times: user=0.14 sys=0.00, real=0.01 secs] 
2016-09-24T02:26:27.768-0400: 81.840: [Full GC (Ergonomics) [PSYoungGen: 48849K->0K(195584K)] [ParOldGen: 498796K->301487K(524288K)] 547646K->301487K(719872K), [Metaspace: 43788K->43788K(1087488K)], 0.0685159 secs] [Times: user=0.59 sys=0.00, real=0.07 secs] 
2016-09-24T02:26:27.935-0400: 82.007: [GC (GCLocker Initiated GC) [PSYoungGen: 130560K->49245K(196096K)] 434993K->353686K(720384K), 0.0065715 secs] [Times: user=0.06 sys=0.00, real=0.00 secs] 
2016-09-24T02:26:28.039-0400: 82.112: [GC (GCLocker Initiated GC) [PSYoungGen: 179805K->59730K(189440K)] 486987K->368451K(713728K), 0.0096285 secs] [Times: user=0.13 sys=0.01, real=0.01 secs] 
2016-09-24T02:26:28.151-0400: 82.223: [GC (GCLocker Initiated GC) [PSYoungGen: 183634K->32475K(193024K)] 495156K->347786K(717312K), 0.0182715 secs] [Times: user=0.15 sys=0.00, real=0.02 secs] 
2016-09-24T02:26:28.272-0400: 82.344: [GC (GCLocker Initiated GC) [PSYoungGen: 156379K->51407K(193024K)] 471769K->367982K(717312K), 0.0130123 secs] [Times: user=0.15 sys=0.00, real=0.02 secs] 
2016-09-24T02:26:28.389-0400: 82.461: [GC (GCLocker Initiated GC) [PSYoungGen: 175311K->34926K(159232K)] 494724K->355379K(683520K), 0.0074798 secs] [Times: user=0.06 sys=0.01, real=0.01 secs] 
2016-09-24T02:26:28.491-0400: 82.564: [GC (GCLocker Initiated GC) [PSYoungGen: 158830K->64975K(183296K)] 481409K->388546K(707584K), 0.0223127 secs] [Times: user=0.34 sys=0.00, real=0.02 secs] 
2016-09-24T02:26:28.595-0400: 82.668: [GC (GCLocker Initiated GC) [PSYoungGen: 179663K->41999K(188416K)] 508740K->393761K(712704K), 0.0109345 secs] [Times: user=0.15 sys=0.00, real=0.01 secs] 
2016-09-24T02:26:28.697-0400: 82.770: [GC (GCLocker Initiated GC) [PSYoungGen: 156687K->38087K(184320K)] 512603K->394966K(708608K), 0.0100972 secs] [Times: user=0.08 sys=0.00, real=0.01 secs] 
2016-09-24T02:26:28.801-0400: 82.873: [GC (GCLocker Initiated GC) [PSYoungGen: 154823K->20365K(187392K)] 517376K->384033K(711680K), 0.0086873 secs] [Times: user=0.07 sys=0.00, real=0.01 secs] 
2016-09-24T02:26:28.907-0400: 82.979: [GC (Allocation Failure) [PSYoungGen: 137101K->31327K(190464K)] 511788K->407159K(714752K), 0.0087328 secs] [Times: user=0.09 sys=0.00, real=0.01 secs] 
2016-09-24T02:26:29.008-0400: 83.081: [GC (GCLocker Initiated GC) [PSYoungGen: 147794K->32490K(151552K)] 526326K->412241K(675840K), 0.0078093 secs] [Times: user=0.07 sys=0.00, real=0.01 secs] 
2016-09-24T02:26:29.110-0400: 83.182: [GC (GCLocker Initiated GC) [PSYoungGen: 151274K->32559K(190464K)] 536436K->418850K(714752K), 0.0169798 secs] [Times: user=0.21 sys=0.00, real=0.02 secs] 
2016-09-24T02:26:29.223-0400: 83.295: [GC (GCLocker Initiated GC) [PSYoungGen: 153391K->38311K(188928K)] 550508K->447457K(713216K), 0.0061221 secs] [Times: user=0.07 sys=0.00, real=0.00 secs] 
2016-09-24T02:26:29.326-0400: 83.398: [GC (GCLocker Initiated GC) [PSYoungGen: 159143K->63884K(183808K)] 571040K->485263K(708096K), 0.0126756 secs] [Times: user=0.16 sys=0.00, real=0.01 secs] 
2016-09-24T02:26:29.446-0400: 83.519: [GC (GCLocker Initiated GC) [PSYoungGen: 182156K->20656K(139264K)] 611669K->467737K(663552K), 0.0137500 secs] [Times: user=0.17 sys=0.00, real=0.01 secs] 
2016-09-24T02:26:29.574-0400: 83.647: [GC (GCLocker Initiated GC) [PSYoungGen: 138928K->39403K(193024K)] 586042K->514794K(717312K), 0.0070657 secs] [Times: user=0.07 sys=0.00, real=0.01 secs] 
2016-09-24T02:26:29.678-0400: 83.751: [GC (GCLocker Initiated GC) [PSYoungGen: 159723K->36942K(157696K)] 637922K->527064K(681984K), 0.0134834 secs] [Times: user=0.17 sys=0.00, real=0.01 secs] 
2016-09-24T02:26:29.793-0400: 83.866: [Full GC (Ergonomics) [PSYoungGen: 157262K->0K(157696K)] [ParOldGen: 495639K->314871K(524288K)] 652902K->314871K(681984K), [Metaspace: 43797K->43797K(1087488K)], 0.0751127 secs] [Times: user=0.54 sys=0.01, real=0.08 secs] 
2016-09-24T02:26:29.949-0400: 84.022: [GC (GCLocker Initiated GC) [PSYoungGen: 120320K->62888K(180736K)] 435262K->377830K(705024K), 0.0260672 secs] [Times: user=0.31 sys=0.00, real=0.03 secs] 
2016-09-24T02:26:30.073-0400: 84.145: [GC (GCLocker Initiated GC) [PSYoungGen: 177064K->59747K(174080K)] 492039K->393851K(698368K), 0.0108729 secs] [Times: user=0.14 sys=0.01, real=0.02 secs] 
2016-09-24T02:26:30.169-0400: 84.242: [GC (GCLocker Initiated GC) [PSYoungGen: 173923K->58390K(181760K)] 510948K->412929K(706048K), 0.0096855 secs] [Times: user=0.14 sys=0.00, real=0.01 secs] 
2016-09-24T02:26:30.266-0400: 84.338: [GC (GCLocker Initiated GC) [PSYoungGen: 163862K->25798K(183808K)] 525207K->388297K(708096K), 0.0055394 secs] [Times: user=0.04 sys=0.00, real=0.00 secs] 
2016-09-24T02:26:30.364-0400: 84.436: [GC (GCLocker Initiated GC) [PSYoungGen: 131270K->35369K(179712K)] 507251K->412448K(704000K), 0.0055162 secs] [Times: user=0.06 sys=0.01, real=0.00 secs] 
2016-09-24T02:26:30.457-0400: 84.529: [GC (GCLocker Initiated GC) [PSYoungGen: 140841K->39297K(181760K)] 517987K->428470K(706048K), 0.0063506 secs] [Times: user=0.08 sys=0.00, real=0.01 secs] 
2016-09-24T02:26:30.540-0400: 84.613: [GC (GCLocker Initiated GC) [PSYoungGen: 144769K->48664K(184320K)] 539378K->444242K(708608K), 0.0190699 secs] [Times: user=0.26 sys=0.01, real=0.02 secs] 
2016-09-24T02:26:30.654-0400: 84.727: [GC (GCLocker Initiated GC) [PSYoungGen: 160792K->32416K(184832K)] 564632K->453398K(709120K), 0.0078620 secs] [Times: user=0.05 sys=0.01, real=0.01 secs] 
2016-09-24T02:26:30.768-0400: 84.841: [GC (GCLocker Initiated GC) [PSYoungGen: 144544K->25798K(188928K)] 575036K->470900K(713216K), 0.0162789 secs] [Times: user=0.16 sys=0.00, real=0.02 secs] 
2016-09-24T02:26:30.885-0400: 84.958: [GC (GCLocker Initiated GC) [PSYoungGen: 143558K->36762K(154624K)] 591484K->485922K(678912K), 0.0101780 secs] [Times: user=0.10 sys=0.01, real=0.01 secs] 
2016-09-24T02:26:31.000-0400: 85.073: [GC (GCLocker Initiated GC) [PSYoungGen: 154522K->23305K(188416K)] 610126K->480227K(712704K), 0.0052616 secs] [Times: user=0.05 sys=0.00, real=0.01 secs] 
2016-09-24T02:26:31.107-0400: 85.180: [GC (GCLocker Initiated GC) [PSYoungGen: 143113K->58489K(188416K)] 606845K->523486K(712704K), 0.0060620 secs] [Times: user=0.08 sys=0.00, real=0.00 secs] 
2016-09-24T02:26:31.199-0400: 85.272: [GC (GCLocker Initiated GC) [PSYoungGen: 178297K->48931K(188928K)] 643342K->531397K(713216K), 0.0086415 secs] [Times: user=0.10 sys=0.00, real=0.01 secs] 
2016-09-24T02:26:31.297-0400: 85.370: [GC (GCLocker Initiated GC) [PSYoungGen: 164643K->42156K(158208K)] 647120K->550126K(682496K), 0.0070452 secs] [Times: user=0.09 sys=0.01, real=0.01 secs] 
2016-09-24T02:26:31.305-0400: 85.377: [Full GC (Ergonomics) [PSYoungGen: 42156K->0K(158208K)] [ParOldGen: 507970K->334476K(524288K)] 550126K->334476K(682496K), [Metaspace: 43799K->43799K(1087488K)], 0.0681226 secs] [Times: user=0.64 sys=0.01, real=0.06 secs] 
2016-09-24T02:26:31.463-0400: 85.536: [GC (GCLocker Initiated GC) [PSYoungGen: 115712K->52200K(185344K)] 458324K->394812K(709632K), 0.0059000 secs] [Times: user=0.08 sys=0.00, real=0.00 secs] 
2016-09-24T02:26:31.561-0400: 85.634: [GC (GCLocker Initiated GC) [PSYoungGen: 166888K->66432K(181248K)] 509531K->410877K(705536K), 0.0066013 secs] [Times: user=0.09 sys=0.00, real=0.01 secs] 
2016-09-24T02:26:31.663-0400: 85.736: [GC (GCLocker Initiated GC) [PSYoungGen: 181120K->37976K(186880K)] 532415K->390423K(711168K), 0.0065402 secs] [Times: user=0.07 sys=0.00, real=0.00 secs] 
2016-09-24T02:26:31.770-0400: 85.842: [GC (GCLocker Initiated GC) [PSYoungGen: 147032K->54092K(184320K)] 499537K->407739K(708608K), 0.0060716 secs] [Times: user=0.08 sys=0.00, real=0.01 secs] 
2016-09-24T02:26:31.858-0400: 85.930: [GC (GCLocker Initiated GC) [PSYoungGen: 163148K->52943K(185856K)] 518438K->409162K(710144K), 0.0057897 secs] [Times: user=0.09 sys=0.00, real=0.01 secs] 
2016-09-24T02:26:31.953-0400: 86.026: [GC (GCLocker Initiated GC) [PSYoungGen: 162511K->39371K(148992K)] 524138K->402153K(673280K), 0.0072916 secs] [Times: user=0.09 sys=0.00, real=0.01 secs] 
2016-09-24T02:26:32.050-0400: 86.122: [GC (GCLocker Initiated GC) [PSYoungGen: 148939K->40659K(186368K)] 518565K->411347K(710656K), 0.0062168 secs] [Times: user=0.07 sys=0.01, real=0.01 secs] 
2016-09-24T02:26:32.139-0400: 86.212: [GC (GCLocker Initiated GC) [PSYoungGen: 152787K->35203K(184320K)] 523582K->409776K(708608K), 0.0056403 secs] [Times: user=0.04 sys=0.00, real=0.01 secs] 
2016-09-24T02:26:32.245-0400: 86.318: [GC (GCLocker Initiated GC) [PSYoungGen: 147331K->52890K(185344K)] 521918K->428594K(709632K), 0.0096799 secs] [Times: user=0.06 sys=0.01, real=0.01 secs] 
2016-09-24T02:26:32.353-0400: 86.425: [GC (GCLocker Initiated GC) [PSYoungGen: 167578K->34069K(186368K)] 550065K->417654K(710656K), 0.0257710 secs] [Times: user=0.27 sys=0.00, real=0.03 secs] 
2016-09-24T02:26:32.463-0400: 86.536: [GC (GCLocker Initiated GC) [PSYoungGen: 148757K->50023K(189440K)] 535093K->437605K(713728K), 0.0271077 secs] [Times: user=0.24 sys=0.00, real=0.02 secs] 
2016-09-24T02:26:32.587-0400: 86.660: [GC (GCLocker Initiated GC) [PSYoungGen: 169831K->40594K(189952K)] 557740K->434982K(714240K), 0.0233292 secs] [Times: user=0.24 sys=0.01, real=0.02 secs] 
2016-09-24T02:26:32.697-0400: 86.769: [GC (GCLocker Initiated GC) [PSYoungGen: 160402K->24405K(190464K)] 562967K->444342K(714752K), 0.0291545 secs] [Times: user=0.31 sys=0.01, real=0.03 secs] 
2016-09-24T02:26:32.819-0400: 86.891: [GC (GCLocker Initiated GC) [PSYoungGen: 146261K->24237K(190976K)] 568952K->466899K(715264K), 0.0109564 secs] [Times: user=0.10 sys=0.00, real=0.01 secs] 
2016-09-24T02:26:32.938-0400: 87.011: [GC (GCLocker Initiated GC) [PSYoungGen: 146093K->33935K(189440K)] 598417K->487314K(713728K), 0.0138624 secs] [Times: user=0.12 sys=0.00, real=0.01 secs] 
2016-09-24T02:26:33.046-0400: 87.119: [GC (GCLocker Initiated GC) [PSYoungGen: 157327K->44765K(190976K)] 616229K->504866K(715264K), 0.0072150 secs] [Times: user=0.06 sys=0.00, real=0.00 secs] 
2016-09-24T02:26:33.153-0400: 87.226: [GC (GCLocker Initiated GC) [PSYoungGen: 168157K->39526K(188928K)] 636506K->519952K(713216K), 0.0086037 secs] [Times: user=0.09 sys=0.00, real=0.01 secs] 
2016-09-24T02:26:33.266-0400: 87.339: [GC (GCLocker Initiated GC) [PSYoungGen: 167014K->29885K(192000K)] 653011K->517121K(716288K), 0.0354741 secs] [Times: user=0.37 sys=0.01, real=0.03 secs] 
2016-09-24T02:26:33.410-0400: 87.482: [GC (GCLocker Initiated GC) [PSYoungGen: 157373K->26063K(196608K)] 651368K->521346K(720896K), 0.0150516 secs] [Times: user=0.17 sys=0.00, real=0.02 secs] 
2016-09-24T02:26:33.533-0400: 87.606: [GC (GCLocker Initiated GC) [PSYoungGen: 160207K->44729K(197632K)] 655526K->541435K(721920K), 0.0265506 secs] [Times: user=0.30 sys=0.00, real=0.03 secs] 
2016-09-24T02:26:33.663-0400: 87.736: [GC (GCLocker Initiated GC) [PSYoungGen: 178873K->38305K(193536K)] 675642K->560575K(717824K), 0.0070466 secs] [Times: user=0.09 sys=0.02, real=0.00 secs] 
2016-09-24T02:26:33.671-0400: 87.743: [Full GC (Ergonomics) [PSYoungGen: 38305K->0K(193536K)] [ParOldGen: 522270K->313108K(524288K)] 560575K->313108K(717824K), [Metaspace: 43800K->43800K(1087488K)], 0.0675893 secs] [Times: user=0.67 sys=0.01, real=0.07 secs] 
2016-09-24T02:26:33.851-0400: 87.924: [GC (GCLocker Initiated GC) [PSYoungGen: 135168K->58853K(194048K)] 448291K->374676K(718336K), 0.0083962 secs] [Times: user=0.14 sys=0.00, real=0.01 secs] 
2016-09-24T02:26:33.964-0400: 88.037: [GC (GCLocker Initiated GC) [PSYoungGen: 194021K->35212K(197632K)] 518175K->360967K(721920K), 0.0115006 secs] [Times: user=0.12 sys=0.01, real=0.01 secs] 
2016-09-24T02:26:34.090-0400: 88.163: [GC (GCLocker Initiated GC) [PSYoungGen: 166284K->52877K(184320K)] 494768K->382583K(708608K), 0.0099835 secs] [Times: user=0.14 sys=0.01, real=0.01 secs] 
2016-09-24T02:26:34.206-0400: 88.279: [GC (GCLocker Initiated GC) [PSYoungGen: 183949K->35444K(196608K)] 519122K->379846K(720896K), 0.0100658 secs] [Times: user=0.06 sys=0.01, real=0.01 secs] 
2016-09-24T02:26:34.323-0400: 88.395: [GC (GCLocker Initiated GC) [PSYoungGen: 164980K->27155K(157184K)] 520188K->386373K(681472K), 0.0150924 secs] [Times: user=0.18 sys=0.00, real=0.01 secs] 
2016-09-24T02:26:34.449-0400: 88.522: [GC (GCLocker Initiated GC) [PSYoungGen: 156691K->31606K(195584K)] 522757K->398953K(719872K), 0.0055360 secs] [Times: user=0.05 sys=0.01, real=0.01 secs] 
2016-09-24T02:26:34.552-0400: 88.625: [GC (GCLocker Initiated GC) [PSYoungGen: 162166K->51657K(194560K)] 537793K->428653K(718848K), 0.0060871 secs] [Times: user=0.07 sys=0.00, real=0.01 secs] 
2016-09-24T02:26:34.668-0400: 88.741: [GC (GCLocker Initiated GC) [PSYoungGen: 182217K->42307K(196096K)] 559305K->428545K(720384K), 0.0084734 secs] [Times: user=0.07 sys=0.00, real=0.01 secs] 
2016-09-24T02:26:34.784-0400: 88.856: [GC (GCLocker Initiated GC) [PSYoungGen: 173379K->49043K(195584K)] 565218K->461125K(719872K), 0.0111957 secs] [Times: user=0.14 sys=0.01, real=0.01 secs] 
2016-09-24T02:26:34.900-0400: 88.973: [GC (Allocation Failure) [PSYoungGen: 180115K->46359K(197120K)] 594956K->462521K(721408K), 0.0118187 secs] [Times: user=0.13 sys=0.00, real=0.01 secs] 
2016-09-24T02:26:34.913-0400: 88.986: [GC (GCLocker Initiated GC) [PSYoungGen: 49984K->3148K(135168K)] 466146K->473660K(659456K), 0.0058346 secs] [Times: user=0.07 sys=0.00, real=0.01 secs] 
2016-09-24T02:26:35.018-0400: 89.090: [GC (GCLocker Initiated GC) [PSYoungGen: 134732K->56080K(185856K)] 605248K->526629K(710144K), 0.0068027 secs] [Times: user=0.07 sys=0.01, real=0.01 secs] 
2016-09-24T02:26:35.118-0400: 89.191: [GC (GCLocker Initiated GC) [PSYoungGen: 172816K->52652K(169472K)] 643432K->524884K(693760K), 0.0168623 secs] [Times: user=0.23 sys=0.01, real=0.02 secs] 
2016-09-24T02:26:35.226-0400: 89.299: [GC (Allocation Failure) [PSYoungGen: 169388K->51596K(185856K)] 647053K->541029K(710144K), 0.0067371 secs] [Times: user=0.09 sys=0.00, real=0.00 secs] 
2016-09-24T02:26:35.233-0400: 89.306: [Full GC (Ergonomics) [PSYoungGen: 51596K->0K(185856K)] [ParOldGen: 489432K->330773K(524288K)] 541029K->330773K(710144K), [Metaspace: 43804K->43804K(1087488K)], 0.0592972 secs] [Times: user=0.47 sys=0.02, real=0.06 secs] 
2016-09-24T02:26:35.380-0400: 89.452: [GC (GCLocker Initiated GC) [PSYoungGen: 110914K->47893K(186880K)] 444388K->381366K(711168K), 0.0051869 secs] [Times: user=0.07 sys=0.00, real=0.01 secs] 
2016-09-24T02:26:35.462-0400: 89.535: [GC (GCLocker Initiated GC) [PSYoungGen: 159509K->51348K(186880K)] 493060K->386332K(711168K), 0.0053410 secs] [Times: user=0.05 sys=0.00, real=0.00 secs] 
2016-09-24T02:26:35.551-0400: 89.623: [GC (GCLocker Initiated GC) [PSYoungGen: 163988K->42226K(155136K)] 504508K->405343K(679424K), 0.0061590 secs] [Times: user=0.09 sys=0.00, real=0.01 secs] 
2016-09-24T02:26:35.652-0400: 89.724: [GC (GCLocker Initiated GC) [PSYoungGen: 154866K->52913K(183808K)] 520796K->430824K(708096K), 0.0094419 secs] [Times: user=0.11 sys=0.01, real=0.01 secs] 
2016-09-24T02:26:35.760-0400: 89.833: [GC (GCLocker Initiated GC) [PSYoungGen: 165553K->38184K(184832K)] 555674K->429430K(709120K), 0.0071580 secs] [Times: user=0.08 sys=0.00, real=0.01 secs] 
2016-09-24T02:26:35.860-0400: 89.932: [GC (GCLocker Initiated GC) [PSYoungGen: 150824K->55689K(186880K)] 547548K->464451K(711168K), 0.0068516 secs] [Times: user=0.09 sys=0.00, real=0.01 secs] 
2016-09-24T02:26:35.960-0400: 90.033: [GC (Allocation Failure) [PSYoungGen: 172425K->48928K(188928K)] 586701K->464356K(713216K), 0.0059005 secs] [Times: user=0.05 sys=0.00, real=0.01 secs] 
2016-09-24T02:26:36.057-0400: 90.130: [GC (GCLocker Initiated GC) [PSYoungGen: 165455K->40836K(184832K)] 583584K->460122K(709120K), 0.0069313 secs] [Times: user=0.07 sys=0.00, real=0.01 secs] 
2016-09-24T02:26:36.173-0400: 90.246: [GC (GCLocker Initiated GC) [PSYoungGen: 159620K->43603K(187904K)] 585661K->470827K(712192K), 0.0055430 secs] [Times: user=0.06 sys=0.01, real=0.01 secs] 
2016-09-24T02:26:36.273-0400: 90.346: [GC (GCLocker Initiated GC) [PSYoungGen: 162387K->58209K(189952K)] 592378K->489319K(714240K), 0.0070722 secs] [Times: user=0.08 sys=0.01, real=0.01 secs] 
2016-09-24T02:26:36.380-0400: 90.453: [GC (GCLocker Initiated GC) [PSYoungGen: 181089K->52975K(176128K)] 612452K->493547K(700416K), 0.0072652 secs] [Times: user=0.09 sys=0.00, real=0.01 secs] 
2016-09-24T02:26:36.484-0400: 90.556: [GC (GCLocker Initiated GC) [PSYoungGen: 175855K->42197K(193536K)] 616594K->495132K(717824K), 0.0073451 secs] [Times: user=0.07 sys=0.02, real=0.00 secs] 
2016-09-24T02:26:36.600-0400: 90.672: [GC (GCLocker Initiated GC) [PSYoungGen: 165589K->46279K(169984K)] 618564K->522079K(694272K), 0.0168169 secs] [Times: user=0.16 sys=0.01, real=0.02 secs] 
2016-09-24T02:26:36.705-0400: 90.777: [GC (GCLocker Initiated GC) [PSYoungGen: 169671K->65122K(184320K)] 645599K->542314K(708608K), 0.0117954 secs] [Times: user=0.13 sys=0.00, real=0.01 secs] 
2016-09-24T02:26:36.806-0400: 90.878: [GC (GCLocker Initiated GC) [PSYoungGen: 183394K->46181K(189440K)] 663412K->538127K(713728K), 0.0073236 secs] [Times: user=0.06 sys=0.00, real=0.00 secs] 
2016-09-24T02:26:36.901-0400: 90.974: [GC (GCLocker Initiated GC) [PSYoungGen: 164453K->40831K(187904K)] 656585K->534202K(712192K), 0.0306238 secs] [Times: user=0.36 sys=0.00, real=0.03 secs] 
2016-09-24T02:26:37.025-0400: 91.097: [GC (GCLocker Initiated GC) [PSYoungGen: 162687K->37943K(190464K)] 656140K->532550K(714752K), 0.0123546 secs] [Times: user=0.12 sys=0.00, real=0.01 secs] 
2016-09-24T02:26:37.133-0400: 91.206: [Full GC (Ergonomics) [PSYoungGen: 159799K->0K(190464K)] [ParOldGen: 502739K->353105K(524288K)] 662539K->353105K(714752K), [Metaspace: 43813K->43813K(1087488K)], 0.0958959 secs] [Times: user=0.86 sys=0.02, real=0.10 secs] 
2016-09-24T02:26:37.331-0400: 91.404: [GC (GCLocker Initiated GC) [PSYoungGen: 121856K->43697K(188928K)] 480555K->402396K(713216K), 0.0095743 secs] [Times: user=0.11 sys=0.00, real=0.01 secs] 
2016-09-24T02:26:37.433-0400: 91.505: [GC (GCLocker Initiated GC) [PSYoungGen: 169137K->43395K(191488K)] 527840K->412947K(715776K), 0.0098429 secs] [Times: user=0.10 sys=0.00, real=0.02 secs] 
2016-09-24T02:26:37.535-0400: 91.607: [GC (GCLocker Initiated GC) [PSYoungGen: 168835K->33866K(196096K)] 539770K->405922K(720384K), 0.0128616 secs] [Times: user=0.14 sys=0.01, real=0.01 secs] 
2016-09-24T02:26:37.652-0400: 91.724: [GC (GCLocker Initiated GC) [PSYoungGen: 165450K->47654K(196608K)] 540262K->442585K(720896K), 0.0152615 secs] [Times: user=0.20 sys=0.00, real=0.02 secs] 
2016-09-24T02:26:37.767-0400: 91.840: [GC (GCLocker Initiated GC) [PSYoungGen: 179238K->51795K(196096K)] 574412K->459042K(720384K), 0.0105589 secs] [Times: user=0.12 sys=0.01, real=0.01 secs] 
2016-09-24T02:26:37.881-0400: 91.953: [GC (GCLocker Initiated GC) [PSYoungGen: 183891K->32591K(196608K)] 596550K->454617K(720896K), 0.0109693 secs] [Times: user=0.12 sys=0.01, real=0.01 secs] 
2016-09-24T02:26:37.987-0400: 92.059: [GC (GCLocker Initiated GC) [PSYoungGen: 164687K->33854K(197120K)] 593756K->474800K(721408K), 0.0107318 secs] [Times: user=0.11 sys=0.00, real=0.01 secs] 
2016-09-24T02:26:38.093-0400: 92.166: [GC (GCLocker Initiated GC) [PSYoungGen: 166462K->46021K(178688K)] 610170K->490847K(702976K), 0.0077084 secs] [Times: user=0.10 sys=0.00, real=0.01 secs] 
2016-09-24T02:26:38.194-0400: 92.266: [GC (GCLocker Initiated GC) [PSYoungGen: 178629K->43382K(198656K)] 633148K->498972K(722944K), 0.0071191 secs] [Times: user=0.07 sys=0.00, real=0.01 secs] 
2016-09-24T02:26:38.304-0400: 92.376: [GC (Allocation Failure) [PSYoungGen: 178550K->60914K(196096K)] 634234K->523186K(720384K), 0.0129794 secs] [Times: user=0.12 sys=0.00, real=0.01 secs] 
2016-09-24T02:26:38.317-0400: 92.390: [GC (GCLocker Initiated GC) --[PSYoungGen: 60940K->60940K(196096K)] 523212K->582615K(720384K), 0.0057506 secs] [Times: user=0.07 sys=0.00, real=0.01 secs] 
2016-09-24T02:26:38.323-0400: 92.396: [Full GC (Ergonomics) [PSYoungGen: 60940K->0K(196096K)] [ParOldGen: 521674K->364194K(524288K)] 582615K->364194K(720384K), [Metaspace: 43816K->43816K(1087488K)], 0.0688158 secs] [Times: user=0.53 sys=0.00, real=0.06 secs] 
2016-09-24T02:26:38.485-0400: 92.558: [GC (GCLocker Initiated GC) [PSYoungGen: 132739K->45037K(197632K)] 502333K->414631K(721920K), 0.0061537 secs] [Times: user=0.05 sys=0.00, real=0.00 secs] 
2016-09-24T02:26:38.587-0400: 92.660: [GC (GCLocker Initiated GC) [PSYoungGen: 176621K->36340K(167936K)] 546546K->407673K(692224K), 0.0130878 secs] [Times: user=0.16 sys=0.02, real=0.01 secs] 
2016-09-24T02:26:38.696-0400: 92.769: [GC (GCLocker Initiated GC) [PSYoungGen: 167924K->33602K(195584K)] 546023K->412575K(719872K), 0.0063761 secs] [Times: user=0.06 sys=0.00, real=0.01 secs] 
2016-09-24T02:26:38.781-0400: 92.853: [GC (GCLocker Initiated GC) [PSYoungGen: 165186K->39041K(195584K)] 550957K->425650K(719872K), 0.0132956 secs] [Times: user=0.15 sys=0.00, real=0.01 secs] 
2016-09-24T02:26:38.883-0400: 92.955: [GC (GCLocker Initiated GC) [PSYoungGen: 170625K->60684K(190464K)] 557322K->461565K(714752K), 0.0101560 secs] [Times: user=0.12 sys=0.00, real=0.00 secs] 
2016-09-24T02:26:38.981-0400: 93.053: [GC (GCLocker Initiated GC) [PSYoungGen: 188684K->52464K(180736K)] 589568K->464916K(705024K), 0.0220736 secs] [Times: user=0.26 sys=0.00, real=0.03 secs] 
2016-09-24T02:26:39.094-0400: 93.167: [GC (GCLocker Initiated GC) [PSYoungGen: 180464K->32259K(193536K)] 602379K->454913K(717824K), 0.0080980 secs] [Times: user=0.08 sys=0.00, real=0.02 secs] 
2016-09-24T02:26:39.180-0400: 93.253: [GC (GCLocker Initiated GC) [PSYoungGen: 158211K->49674K(194048K)] 583626K->475884K(718336K), 0.0179328 secs] [Times: user=0.19 sys=0.01, real=0.02 secs] 
2016-09-24T02:26:39.280-0400: 93.352: [GC (GCLocker Initiated GC) [PSYoungGen: 175626K->41597K(190976K)] 604540K->473943K(715264K), 0.0155333 secs] [Times: user=0.17 sys=0.00, real=0.02 secs] 
2016-09-24T02:26:39.382-0400: 93.454: [GC (GCLocker Initiated GC) [PSYoungGen: 168061K->48406K(192512K)] 603133K->484242K(716800K), 0.0147410 secs] [Times: user=0.15 sys=0.00, real=0.02 secs] 
2016-09-24T02:26:39.480-0400: 93.553: [GC (GCLocker Initiated GC) [PSYoungGen: 174870K->36216K(194560K)] 610893K->483867K(718848K), 0.0314435 secs] [Times: user=0.32 sys=0.01, real=0.03 secs] 
2016-09-24T02:26:39.603-0400: 93.676: [GC (GCLocker Initiated GC) [PSYoungGen: 167288K->24200K(195584K)] 627311K->485052K(719872K), 0.0079089 secs] [Times: user=0.08 sys=0.00, real=0.00 secs] 
2016-09-24T02:26:39.701-0400: 93.774: [GC (GCLocker Initiated GC) [PSYoungGen: 155272K->41535K(194048K)] 616189K->503397K(718336K), 0.0100155 secs] [Times: user=0.08 sys=0.01, real=0.01 secs] 
2016-09-24T02:26:39.805-0400: 93.878: [GC (GCLocker Initiated GC) [PSYoungGen: 173119K->18669K(195072K)] 644632K->507068K(719360K), 0.0082776 secs] [Times: user=0.09 sys=0.00, real=0.00 secs] 
2016-09-24T02:26:39.912-0400: 93.985: [GC (GCLocker Initiated GC) [PSYoungGen: 150253K->49994K(194560K)] 638793K->547514K(718848K), 0.0072718 secs] [Times: user=0.09 sys=0.00, real=0.01 secs] 
2016-09-24T02:26:40.010-0400: 94.083: [GC (GCLocker Initiated GC) [PSYoungGen: 179018K->43218K(172544K)] 676589K->557867K(696832K), 0.0178366 secs] [Times: user=0.22 sys=0.00, real=0.02 secs] 
2016-09-24T02:26:40.028-0400: 94.101: [Full GC (Ergonomics) [PSYoungGen: 43218K->0K(172544K)] [ParOldGen: 514648K->284383K(524288K)] 557867K->284383K(696832K), [Metaspace: 43817K->43817K(1087488K)], 0.0665029 secs] [Times: user=0.53 sys=0.02, real=0.07 secs] 
2016-09-24T02:26:40.183-0400: 94.256: [GC (GCLocker Initiated GC) [PSYoungGen: 129024K->59855K(187904K)] 416144K->346983K(712192K), 0.0100927 secs] [Times: user=0.15 sys=0.01, real=0.00 secs] 
2016-09-24T02:26:40.292-0400: 94.364: [GC (GCLocker Initiated GC) [PSYoungGen: 182735K->62246K(185344K)] 472611K->358922K(709632K), 0.0096843 secs] [Times: user=0.14 sys=0.00, real=0.01 secs] 
2016-09-24T02:26:40.389-0400: 94.462: [GC (GCLocker Initiated GC) [PSYoungGen: 185126K->55524K(185856K)] 482034K->358851K(710144K), 0.0150194 secs] [Times: user=0.17 sys=0.00, real=0.02 secs] 
2016-09-24T02:26:40.495-0400: 94.568: [GC (GCLocker Initiated GC) [PSYoungGen: 167140K->35126K(186880K)] 478667K->347720K(711168K), 0.0139078 secs] [Times: user=0.12 sys=0.01, real=0.01 secs] 
2016-09-24T02:26:40.605-0400: 94.677: [GC (GCLocker Initiated GC) [PSYoungGen: 146742K->33698K(184832K)] 462203K->360992K(709120K), 0.0158922 secs] [Times: user=0.18 sys=0.02, real=0.01 secs] 
2016-09-24T02:26:40.702-0400: 94.775: [GC (GCLocker Initiated GC) [PSYoungGen: 146338K->59556K(185856K)] 473664K->401352K(710144K), 0.0095381 secs] [Times: user=0.11 sys=0.00, real=0.01 secs] 
2016-09-24T02:26:40.800-0400: 94.873: [GC (GCLocker Initiated GC) [PSYoungGen: 172196K->32522K(186880K)] 523599K->392978K(711168K), 0.0054311 secs] [Times: user=0.06 sys=0.00, real=0.01 secs] 
2016-09-24T02:26:40.886-0400: 94.958: [GC (GCLocker Initiated GC) [PSYoungGen: 143114K->52587K(185856K)] 503672K->414113K(710144K), 0.0060631 secs] [Times: user=0.08 sys=0.00, real=0.00 secs] 
2016-09-24T02:26:40.975-0400: 95.048: [GC (GCLocker Initiated GC) [PSYoungGen: 163179K->53969K(185344K)] 524797K->419180K(709632K), 0.0102114 secs] [Times: user=0.15 sys=0.00, real=0.01 secs] 
2016-09-24T02:26:41.066-0400: 95.139: [GC (GCLocker Initiated GC) [PSYoungGen: 164049K->52674K(185856K)] 536042K->436290K(710144K), 0.0140170 secs] [Times: user=0.19 sys=0.00, real=0.01 secs] 
2016-09-24T02:26:41.173-0400: 95.245: [GC (GCLocker Initiated GC) [PSYoungGen: 162754K->43107K(182272K)] 550456K->447958K(706560K), 0.0084139 secs] [Times: user=0.09 sys=0.00, real=0.01 secs] 
2016-09-24T02:26:41.265-0400: 95.338: [GC (GCLocker Initiated GC) [PSYoungGen: 154211K->45964K(184320K)] 564648K->470790K(708608K), 0.0271754 secs] [Times: user=0.37 sys=0.00, real=0.02 secs] 
2016-09-24T02:26:41.382-0400: 95.455: [GC (GCLocker Initiated GC) [PSYoungGen: 157068K->34032K(187904K)] 592803K->481621K(712192K), 0.0146179 secs] [Times: user=0.19 sys=0.01, real=0.01 secs] 
2016-09-24T02:26:41.489-0400: 95.562: [GC (GCLocker Initiated GC) [PSYoungGen: 151792K->47566K(187904K)] 604881K->501759K(712192K), 0.0055645 secs] [Times: user=0.07 sys=0.00, real=0.01 secs] 
2016-09-24T02:26:41.581-0400: 95.653: [GC (GCLocker Initiated GC) [PSYoungGen: 165326K->40649K(190464K)] 623873K->513834K(714752K), 0.0112369 secs] [Times: user=0.15 sys=0.00, real=0.01 secs] 
2016-09-24T02:26:41.681-0400: 95.754: [GC (GCLocker Initiated GC) [PSYoungGen: 164041K->50052K(190464K)] 637281K->524367K(714752K), 0.0146956 secs] [Times: user=0.17 sys=0.00, real=0.02 secs] 
2016-09-24T02:26:41.788-0400: 95.861: [GC (GCLocker Initiated GC) [PSYoungGen: 173444K->47405K(193536K)] 650526K->530946K(717824K), 0.0076270 secs] [Times: user=0.07 sys=0.00, real=0.01 secs] 
2016-09-24T02:26:41.891-0400: 95.963: [GC (GCLocker Initiated GC) [PSYoungGen: 175917K->51644K(194048K)] 659629K->555496K(718336K), 0.0067801 secs] [Times: user=0.08 sys=0.01, real=0.01 secs] 
2016-09-24T02:26:41.898-0400: 95.970: [Full GC (Ergonomics) [PSYoungGen: 51644K->0K(194048K)] [ParOldGen: 503852K->301632K(524288K)] 555496K->301632K(718336K), [Metaspace: 43834K->43834K(1087488K)], 0.0714503 secs] [Times: user=0.66 sys=0.02, real=0.07 secs] 
2016-09-24T02:26:42.069-0400: 96.141: [GC (GCLocker Initiated GC) [PSYoungGen: 128512K->42631K(194560K)] 435563K->349683K(718848K), 0.0048641 secs] [Times: user=0.06 sys=0.00, real=0.00 secs] 
2016-09-24T02:26:42.179-0400: 96.252: [GC (GCLocker Initiated GC) [PSYoungGen: 173703K->17621K(148992K)] 491650K->350711K(673280K), 0.0100571 secs] [Times: user=0.10 sys=0.01, real=0.01 secs] 
2016-09-24T02:26:42.288-0400: 96.361: [GC (GCLocker Initiated GC) [PSYoungGen: 148693K->38000K(196608K)] 494160K->384680K(720896K), 0.0048419 secs] [Times: user=0.06 sys=0.00, real=0.00 secs] 
2016-09-24T02:26:42.402-0400: 96.474: [GC (Allocation Failure) [PSYoungGen: 167536K->39206K(168960K)] 519757K->403233K(693248K), 0.0137786 secs] [Times: user=0.14 sys=0.00, real=0.02 secs] 
2016-09-24T02:26:42.508-0400: 96.581: [GC (GCLocker Initiated GC) [PSYoungGen: 168341K->40566K(195584K)] 536418K->420585K(719872K), 0.0151477 secs] [Times: user=0.16 sys=0.01, real=0.02 secs] 
2016-09-24T02:26:42.623-0400: 96.696: [GC (GCLocker Initiated GC) [PSYoungGen: 172150K->42005K(193536K)] 557596K->428435K(717824K), 0.0098199 secs] [Times: user=0.11 sys=0.01, real=0.00 secs] 
2016-09-24T02:26:42.725-0400: 96.798: [GC (GCLocker Initiated GC) [PSYoungGen: 173589K->58246K(191488K)] 560040K->448452K(715776K), 0.0235980 secs] [Times: user=0.35 sys=0.00, real=0.02 secs] 
2016-09-24T02:26:42.845-0400: 96.917: [GC (GCLocker Initiated GC) [PSYoungGen: 189830K->47261K(196096K)] 580093K->457462K(720384K), 0.0064926 secs] [Times: user=0.08 sys=0.01, real=0.00 secs] 
2016-09-24T02:26:42.950-0400: 97.022: [GC (GCLocker Initiated GC) [PSYoungGen: 178845K->44605K(193536K)] 594503K->472004K(717824K), 0.0098065 secs] [Times: user=0.11 sys=0.01, real=0.01 secs] 
2016-09-24T02:26:43.056-0400: 97.129: [GC (GCLocker Initiated GC) [PSYoungGen: 178749K->45807K(196096K)] 606231K->476982K(720384K), 0.0108816 secs] [Times: user=0.12 sys=0.00, real=0.01 secs] 
2016-09-24T02:26:43.168-0400: 97.240: [GC (GCLocker Initiated GC) [PSYoungGen: 179951K->47311K(198144K)] 611139K->479456K(722432K), 0.0051227 secs] [Times: user=0.07 sys=0.00, real=0.00 secs] 
2016-09-24T02:26:43.278-0400: 97.350: [GC (GCLocker Initiated GC) [PSYoungGen: 186575K->36474K(199680K)] 628277K->479105K(723968K), 0.0051873 secs] [Times: user=0.06 sys=0.00, real=0.01 secs] 
2016-09-24T02:26:43.384-0400: 97.457: [GC (GCLocker Initiated GC) [PSYoungGen: 175738K->49937K(200704K)] 621100K->496264K(724992K), 0.0113067 secs] [Times: user=0.11 sys=0.00, real=0.01 secs] 
2016-09-24T02:26:43.495-0400: 97.567: [GC (GCLocker Initiated GC) [PSYoungGen: 190225K->28349K(168960K)] 646031K->484951K(693248K), 0.0061508 secs] [Times: user=0.06 sys=0.00, real=0.00 secs] 
2016-09-24T02:26:43.603-0400: 97.676: [GC (GCLocker Initiated GC) [PSYoungGen: 168637K->50164K(198144K)] 630645K->537468K(722432K), 0.0117470 secs] [Times: user=0.15 sys=0.01, real=0.01 secs] 
2016-09-24T02:26:43.731-0400: 97.804: [GC (GCLocker Initiated GC) [PSYoungGen: 186356K->46076K(199168K)] 673729K->534402K(723456K), 0.0065300 secs] [Times: user=0.06 sys=0.01, real=0.01 secs] 
2016-09-24T02:26:43.840-0400: 97.913: [GC (GCLocker Initiated GC) [PSYoungGen: 182268K->49977K(198656K)] 673391K->542176K(722944K), 0.0073359 secs] [Times: user=0.08 sys=0.01, real=0.01 secs] 
2016-09-24T02:26:43.950-0400: 98.023: [GC (GCLocker Initiated GC) [PSYoungGen: 186681K->52745K(189952K)] 678954K->546010K(714240K), 0.0073014 secs] [Times: user=0.07 sys=0.00, real=0.01 secs] 
2016-09-24T02:26:44.064-0400: 98.137: [Full GC (Ergonomics) [PSYoungGen: 189449K->0K(189952K)] [ParOldGen: 504183K->319825K(524288K)] 693633K->319825K(714240K), [Metaspace: 43850K->43850K(1087488K)], 0.0728626 secs] [Times: user=0.40 sys=0.01, real=0.07 secs] 
2016-09-24T02:26:44.237-0400: 98.310: [GC (GCLocker Initiated GC) [PSYoungGen: 136704K->42090K(199680K)] 460646K->366032K(723968K), 0.0087258 secs] [Times: user=0.07 sys=0.00, real=0.01 secs] 
2016-09-24T02:26:44.342-0400: 98.415: [GC (GCLocker Initiated GC) [PSYoungGen: 178282K->45880K(182272K)] 502233K->384586K(706560K), 0.0071019 secs] [Times: user=0.06 sys=0.00, real=0.00 secs] 
2016-09-24T02:26:44.455-0400: 98.528: [GC (GCLocker Initiated GC) [PSYoungGen: 182072K->47303K(197632K)] 520838K->387095K(721920K), 0.0052716 secs] [Times: user=0.08 sys=0.00, real=0.00 secs] 
2016-09-24T02:26:44.561-0400: 98.634: [GC (GCLocker Initiated GC) [PSYoungGen: 184007K->44577K(197120K)] 526511K->388036K(721408K), 0.0052339 secs] [Times: user=0.06 sys=0.00, real=0.01 secs] 
2016-09-24T02:26:44.674-0400: 98.746: [GC (GCLocker Initiated GC) [PSYoungGen: 181281K->50018K(199168K)] 524776K->394530K(723456K), 0.0057296 secs] [Times: user=0.05 sys=0.00, real=0.01 secs] 
2016-09-24T02:26:44.778-0400: 98.851: [GC (GCLocker Initiated GC) [PSYoungGen: 190306K->43341K(199680K)] 534929K->388998K(723968K), 0.0170792 secs] [Times: user=0.20 sys=0.00, real=0.02 secs] 
2016-09-24T02:26:44.903-0400: 98.975: [GC (GCLocker Initiated GC) [PSYoungGen: 183629K->50267K(201728K)] 532029K->399710K(726016K), 0.0061712 secs] [Times: user=0.07 sys=0.00, real=0.00 secs] 
2016-09-24T02:26:45.022-0400: 99.095: [GC (GCLocker Initiated GC) [PSYoungGen: 193627K->44648K(202240K)] 548519K->400695K(726528K), 0.0058765 secs] [Times: user=0.05 sys=0.00, real=0.00 secs] 
2016-09-24T02:26:45.137-0400: 99.209: [GC (GCLocker Initiated GC) [PSYoungGen: 188008K->31363K(201216K)] 553716K->433283K(725504K), 0.0087696 secs] [Times: user=0.11 sys=0.01, real=0.01 secs] 
2016-09-24T02:26:45.241-0400: 99.314: [GC (GCLocker Initiated GC) [PSYoungGen: 174723K->56834K(200704K)] 579352K->470672K(724992K), 0.0066574 secs] [Times: user=0.08 sys=0.00, real=0.01 secs] 
2016-09-24T02:26:45.353-0400: 99.425: [GC (GCLocker Initiated GC) [PSYoungGen: 200194K->59475K(191488K)] 614061K->474269K(715776K), 0.0058827 secs] [Times: user=0.08 sys=0.00, real=0.01 secs] 
2016-09-24T02:26:45.455-0400: 99.527: [GC (GCLocker Initiated GC) [PSYoungGen: 189523K->43025K(196096K)] 607023K->472328K(720384K), 0.0100373 secs] [Times: user=0.15 sys=0.00, real=0.01 secs] 
2016-09-24T02:26:45.545-0400: 99.618: [GC (GCLocker Initiated GC) [PSYoungGen: 173073K->63269K(188416K)] 602412K->501486K(712704K), 0.0069264 secs] [Times: user=0.09 sys=0.01, real=0.00 secs] 
2016-09-24T02:26:45.646-0400: 99.718: [GC (GCLocker Initiated GC) [PSYoungGen: 187173K->41730K(193024K)] 628124K->507628K(717312K), 0.0066664 secs] [Times: user=0.08 sys=0.00, real=0.00 secs] 
2016-09-24T02:26:45.725-0400: 99.797: [GC (GCLocker Initiated GC) [PSYoungGen: 165634K->53655K(192000K)] 634390K->523183K(716288K), 0.0103459 secs] [Times: user=0.12 sys=0.01, real=0.01 secs] 
2016-09-24T02:26:45.819-0400: 99.892: [GC (GCLocker Initiated GC) [PSYoungGen: 178583K->40449K(193024K)] 657619K->531056K(717312K), 0.0058420 secs] [Times: user=0.07 sys=0.00, real=0.01 secs] 
2016-09-24T02:26:45.910-0400: 99.982: [GC (GCLocker Initiated GC) [PSYoungGen: 165377K->52652K(193536K)] 658723K->546841K(717824K), 0.0065636 secs] [Times: user=0.06 sys=0.00, real=0.01 secs] 
2016-09-24T02:26:45.997-0400: 100.070: [Full GC (Ergonomics) [PSYoungGen: 179116K->0K(193536K)] [ParOldGen: 496903K->332609K(524288K)] 676020K->332609K(717824K), [Metaspace: 43850K->43850K(1087488K)], 0.0737992 secs] [Times: user=0.59 sys=0.01, real=0.07 secs] 
2016-09-24T02:26:46.156-0400: 100.228: [GC (GCLocker Initiated GC) [PSYoungGen: 126464K->56987K(183808K)] 464505K->395028K(708096K), 0.0056668 secs] [Times: user=0.08 sys=0.00, real=0.00 secs] 
2016-09-24T02:26:46.248-0400: 100.321: [GC (GCLocker Initiated GC) [PSYoungGen: 183451K->33530K(192000K)] 521505K->396999K(716288K), 0.0111780 secs] [Times: user=0.15 sys=0.00, real=0.01 secs] 
2016-09-24T02:26:46.338-0400: 100.411: [GC (GCLocker Initiated GC) [PSYoungGen: 156410K->53902K(192512K)] 519968K->418235K(716800K), 0.0089682 secs] [Times: user=0.10 sys=0.00, real=0.01 secs] 
2016-09-24T02:26:46.435-0400: 100.508: [GC (GCLocker Initiated GC) [PSYoungGen: 176782K->21413K(187392K)] 545528K->404446K(711680K), 0.0295863 secs] [Times: user=0.33 sys=0.00, real=0.03 secs] 
2016-09-24T02:26:46.555-0400: 100.628: [GC (GCLocker Initiated GC) [PSYoungGen: 139173K->56543K(174592K)] 522273K->440489K(698880K), 0.0207430 secs] [Times: user=0.29 sys=0.00, real=0.02 secs] 
2016-09-24T02:26:46.663-0400: 100.735: [GC (GCLocker Initiated GC) [PSYoungGen: 174303K->32131K(188928K)] 559803K->426470K(713216K), 0.0125565 secs] [Times: user=0.15 sys=0.00, real=0.01 secs] 
2016-09-24T02:26:46.758-0400: 100.830: [GC (GCLocker Initiated GC) [PSYoungGen: 147331K->52612K(188416K)] 545954K->452057K(712704K), 0.0066524 secs] [Times: user=0.08 sys=0.00, real=0.01 secs] 
2016-09-24T02:26:46.850-0400: 100.923: [GC (GCLocker Initiated GC) [PSYoungGen: 167812K->31172K(188416K)] 580839K->445081K(712704K), 0.0060588 secs] [Times: user=0.08 sys=0.00, real=0.01 secs] 
2016-09-24T02:26:46.945-0400: 101.018: [GC (Allocation Failure) [PSYoungGen: 146372K->36474K(152064K)] 569793K->460840K(676352K), 0.0064892 secs] [Times: user=0.07 sys=0.00, real=0.00 secs] 
2016-09-24T02:26:47.031-0400: 101.104: [GC (GCLocker Initiated GC) [PSYoungGen: 149541K->36254K(188928K)] 576607K->464177K(713216K), 0.0070206 secs] [Times: user=0.07 sys=0.00, real=0.01 secs] 
2016-09-24T02:26:47.125-0400: 101.198: [GC (GCLocker Initiated GC) [PSYoungGen: 153502K->37846K(187392K)] 586827K->472005K(711680K), 0.0053475 secs] [Times: user=0.06 sys=0.00, real=0.00 secs] 
2016-09-24T02:26:47.215-0400: 101.287: [GC (GCLocker Initiated GC) [PSYoungGen: 155094K->55299K(185856K)] 589325K->490494K(710144K), 0.0089296 secs] [Times: user=0.09 sys=0.01, real=0.01 secs] 
2016-09-24T02:26:47.309-0400: 101.382: [GC (GCLocker Initiated GC) [PSYoungGen: 173059K->48737K(188416K)] 613679K->509124K(712704K), 0.0059914 secs] [Times: user=0.08 sys=0.01, real=0.01 secs] 
2016-09-24T02:26:47.400-0400: 101.472: [GC (GCLocker Initiated GC) [PSYoungGen: 166497K->58125K(187392K)] 626971K->541198K(711680K), 0.0069271 secs] [Times: user=0.09 sys=0.00, real=0.01 secs] 
2016-09-24T02:26:47.489-0400: 101.562: [GC (GCLocker Initiated GC) [PSYoungGen: 175885K->45932K(189952K)] 661669K->548844K(714240K), 0.0058943 secs] [Times: user=0.08 sys=0.00, real=0.01 secs] 
2016-09-24T02:26:47.495-0400: 101.568: [Full GC (Ergonomics) [PSYoungGen: 45932K->0K(189952K)] [ParOldGen: 502912K->352619K(524288K)] 548844K->352619K(714240K), [Metaspace: 43851K->43851K(1087488K)], 0.0568895 secs] [Times: user=0.43 sys=0.03, real=0.05 secs] 
2016-09-24T02:26:47.644-0400: 101.717: [GC (GCLocker Initiated GC) [PSYoungGen: 117760K->58212K(187392K)] 476013K->416466K(711680K), 0.0060597 secs] [Times: user=0.08 sys=0.00, real=0.00 secs] 
2016-09-24T02:26:47.746-0400: 101.819: [GC (GCLocker Initiated GC) [PSYoungGen: 175972K->37662K(189952K)] 539632K->413098K(714240K), 0.0115056 secs] [Times: user=0.14 sys=0.01, real=0.01 secs] 
2016-09-24T02:26:47.853-0400: 101.926: [GC (GCLocker Initiated GC) [PSYoungGen: 155422K->47427K(184832K)] 536293K->429237K(709120K), 0.0058923 secs] [Times: user=0.07 sys=0.00, real=0.01 secs] 
2016-09-24T02:26:47.950-0400: 102.023: [GC (GCLocker Initiated GC) [PSYoungGen: 166211K->33775K(187904K)] 550739K->430143K(712192K), 0.0166062 secs] [Times: user=0.18 sys=0.00, real=0.02 secs] 
2016-09-24T02:26:48.054-0400: 102.126: [GC (Allocation Failure) [PSYoungGen: 152559K->35498K(190976K)] 555802K->439804K(715264K), 0.0052580 secs] [Times: user=0.07 sys=0.00, real=0.01 secs] 
2016-09-24T02:26:48.157-0400: 102.230: [GC (GCLocker Initiated GC) [PSYoungGen: 157899K->48825K(192000K)] 564906K->457099K(716288K), 0.0054083 secs] [Times: user=0.07 sys=0.00, real=0.01 secs] 
2016-09-24T02:26:48.256-0400: 102.329: [GC (GCLocker Initiated GC) [PSYoungGen: 172729K->44890K(189440K)] 586448K->459720K(713728K), 0.0054878 secs] [Times: user=0.06 sys=0.00, real=0.00 secs] 
2016-09-24T02:26:48.354-0400: 102.427: [GC (GCLocker Initiated GC) [PSYoungGen: 171354K->55681K(192000K)] 586214K->485171K(716288K), 0.0069999 secs] [Times: user=0.08 sys=0.01, real=0.01 secs] 
2016-09-24T02:26:48.460-0400: 102.533: [GC (GCLocker Initiated GC) [PSYoungGen: 182145K->39505K(195584K)] 614357K->483711K(719872K), 0.0067371 secs] [Times: user=0.06 sys=0.01, real=0.01 secs] 
2016-09-24T02:26:48.566-0400: 102.638: [GC (GCLocker Initiated GC) [PSYoungGen: 167505K->37945K(166400K)] 614585K->486266K(690688K), 0.0105994 secs] [Times: user=0.13 sys=0.00, real=0.01 secs] 
2016-09-24T02:26:48.675-0400: 102.748: [GC (GCLocker Initiated GC) [PSYoungGen: 165945K->29638K(193024K)] 623757K->488521K(717312K), 0.0185641 secs] [Times: user=0.22 sys=0.00, real=0.01 secs] 
2016-09-24T02:26:48.788-0400: 102.861: [GC (GCLocker Initiated GC) [PSYoungGen: 157126K->29821K(193536K)] 624142K->508614K(717824K), 0.0189576 secs] [Times: user=0.21 sys=0.00, real=0.02 secs] 
2016-09-24T02:26:48.905-0400: 102.978: [GC (Allocation Failure) [PSYoungGen: 157309K->44698K(193024K)] 638966K->541023K(717312K), 0.0067920 secs] [Times: user=0.08 sys=0.00, real=0.00 secs] 
2016-09-24T02:26:49.004-0400: 103.077: [GC (GCLocker Initiated GC) [PSYoungGen: 174746K->60810K(190976K)] 671076K->558149K(715264K), 0.0081220 secs] [Times: user=0.07 sys=0.00, real=0.00 secs] 
2016-09-24T02:26:49.103-0400: 103.176: [Full GC (Ergonomics) [PSYoungGen: 190858K->0K(190976K)] [ParOldGen: 500109K->322669K(524288K)] 690967K->322669K(715264K), [Metaspace: 43853K->43853K(1087488K)], 0.0743372 secs] [Times: user=0.67 sys=0.02, real=0.07 secs] 
2016-09-24T02:26:49.272-0400: 103.345: [GC (GCLocker Initiated GC) [PSYoungGen: 130048K->49003K(193536K)] 455581K->374536K(717824K), 0.0064629 secs] [Times: user=0.05 sys=0.01, real=0.01 secs] 
2016-09-24T02:26:49.370-0400: 103.443: [GC (GCLocker Initiated GC) [PSYoungGen: 172907K->40616K(164864K)] 503970K->386588K(689152K), 0.0093655 secs] [Times: user=0.08 sys=0.00, real=0.01 secs] 
2016-09-24T02:26:49.472-0400: 103.545: [GC (GCLocker Initiated GC) [PSYoungGen: 164520K->50115K(190976K)] 513243K->418885K(715264K), 0.0157744 secs] [Times: user=0.21 sys=0.01, real=0.02 secs] 
2016-09-24T02:26:49.580-0400: 103.653: [GC (GCLocker Initiated GC) [PSYoungGen: 174019K->40782K(190976K)] 545512K->437658K(715264K), 0.0069796 secs] [Times: user=0.09 sys=0.00, real=0.01 secs] 
2016-09-24T02:26:49.685-0400: 103.757: [GC (GCLocker Initiated GC) [PSYoungGen: 164686K->39175K(193536K)] 569722K->445331K(717824K), 0.0100753 secs] [Times: user=0.13 sys=0.01, real=0.01 secs] 
2016-09-24T02:26:49.795-0400: 103.868: [GC (GCLocker Initiated GC) [PSYoungGen: 168711K->43286K(193536K)] 580338K->455881K(717824K), 0.0163175 secs] [Times: user=0.24 sys=0.00, real=0.01 secs] 
2016-09-24T02:26:49.902-0400: 103.974: [GC (GCLocker Initiated GC) [PSYoungGen: 172822K->43483K(196608K)] 590886K->462559K(720896K), 0.0053870 secs] [Times: user=0.06 sys=0.01, real=0.01 secs] 
2016-09-24T02:26:50.005-0400: 104.078: [GC (GCLocker Initiated GC) [PSYoungGen: 179163K->50195K(196096K)] 598264K->470725K(720384K), 0.0225052 secs] [Times: user=0.28 sys=0.00, real=0.02 secs] 
2016-09-24T02:26:50.126-0400: 104.199: [GC (GCLocker Initiated GC) [PSYoungGen: 185875K->29737K(199168K)] 613192K->469004K(723456K), 0.0064749 secs] [Times: user=0.05 sys=0.00, real=0.00 secs] 
2016-09-24T02:26:50.230-0400: 104.302: [GC (GCLocker Initiated GC) [PSYoungGen: 167977K->39427K(178176K)] 607277K->496083K(702464K), 0.0068343 secs] [Times: user=0.07 sys=0.00, real=0.01 secs] 
2016-09-24T02:26:50.332-0400: 104.405: [GC (GCLocker Initiated GC) [PSYoungGen: 177667K->36595K(200192K)] 639930K->516215K(724480K), 0.0271859 secs] [Times: user=0.28 sys=0.00, real=0.03 secs] 
2016-09-24T02:26:50.454-0400: 104.527: [GC (GCLocker Initiated GC) [PSYoungGen: 176371K->48676K(199680K)] 656077K->537661K(723968K), 0.0155972 secs] [Times: user=0.14 sys=0.01, real=0.01 secs] 
2016-09-24T02:26:50.570-0400: 104.643: [GC (GCLocker Initiated GC) [PSYoungGen: 188452K->54333K(196608K)] 677459K->544481K(720896K), 0.0121324 secs] [Times: user=0.13 sys=0.01, real=0.01 secs] 
2016-09-24T02:26:50.689-0400: 104.761: [Full GC (Ergonomics) [PSYoungGen: 190525K->0K(196608K)] [ParOldGen: 495671K->337480K(524288K)] 686196K->337480K(720896K), [Metaspace: 43853K->43853K(1087488K)], 0.0669693 secs] [Times: user=0.45 sys=0.01, real=0.07 secs] 
2016-09-24T02:26:50.864-0400: 104.937: [GC (GCLocker Initiated GC) [PSYoungGen: 136192K->41307K(199168K)] 481786K->386901K(723456K), 0.0289678 secs] [Times: user=0.32 sys=0.00, real=0.02 secs] 
2016-09-24T02:26:51.008-0400: 105.081: [GC (GCLocker Initiated GC) [PSYoungGen: 177499K->28436K(198656K)] 529175K->385825K(722944K), 0.0120667 secs] [Times: user=0.12 sys=0.00, real=0.01 secs] 
2016-09-24T02:26:51.106-0400: 105.179: [GC (GCLocker Initiated GC) [PSYoungGen: 165652K->39163K(176640K)] 523061K->397792K(700928K), 0.0148391 secs] [Times: user=0.17 sys=0.00, real=0.01 secs] 
2016-09-24T02:26:51.226-0400: 105.299: [GC (GCLocker Initiated GC) [PSYoungGen: 176379K->58250K(193024K)] 535032K->418076K(717312K), 0.0061412 secs] [Times: user=0.07 sys=0.00, real=0.00 secs] 
2016-09-24T02:26:51.342-0400: 105.414: [GC (GCLocker Initiated GC) [PSYoungGen: 190346K->62425K(194560K)] 550325K->423498K(718848K), 0.0343105 secs] [Times: user=0.46 sys=0.01, real=0.04 secs] 
2016-09-24T02:26:51.478-0400: 105.551: [GC (GCLocker Initiated GC) [PSYoungGen: 194521K->38242K(192512K)] 565149K->426297K(716800K), 0.0134847 secs] [Times: user=0.18 sys=0.00, real=0.01 secs] 
2016-09-24T02:26:51.588-0400: 105.661: [GC (GCLocker Initiated GC) [PSYoungGen: 163170K->46087K(171520K)] 556709K->440994K(695808K), 0.0084548 secs] [Times: user=0.05 sys=0.01, real=0.01 secs] 
2016-09-24T02:26:51.715-0400: 105.788: [GC (GCLocker Initiated GC) [PSYoungGen: 171015K->42328K(195072K)] 582152K->454665K(719360K), 0.0056609 secs] [Times: user=0.06 sys=0.00, real=0.00 secs] 
2016-09-24T02:26:51.820-0400: 105.893: [GC (GCLocker Initiated GC) [PSYoungGen: 170328K->28841K(193024K)] 601737K->485930K(717312K), 0.0064649 secs] [Times: user=0.07 sys=0.00, real=0.01 secs] 
2016-09-24T02:26:51.935-0400: 106.008: [GC (GCLocker Initiated GC) [PSYoungGen: 156841K->57137K(190464K)] 616650K->518315K(714752K), 0.0110734 secs] [Times: user=0.14 sys=0.00, real=0.01 secs] 
2016-09-24T02:26:52.042-0400: 106.114: [GC (GCLocker Initiated GC) [PSYoungGen: 182065K->63757K(188928K)] 648651K->531586K(713216K), 0.0083108 secs] [Times: user=0.11 sys=0.00, real=0.01 secs] 
2016-09-24T02:26:52.161-0400: 106.234: [GC (GCLocker Initiated GC) [PSYoungGen: 188685K->35562K(189440K)] 659618K->507656K(713728K), 0.0173708 secs] [Times: user=0.23 sys=0.00, real=0.02 secs] 
2016-09-24T02:26:52.264-0400: 106.337: [GC (GCLocker Initiated GC) [PSYoungGen: 151786K->48783K(165376K)] 629502K->530571K(689664K), 0.0107887 secs] [Times: user=0.13 sys=0.00, real=0.01 secs] 
2016-09-24T02:26:52.366-0400: 106.438: [GC (GCLocker Initiated GC) [PSYoungGen: 165007K->46116K(189440K)] 651936K->534162K(713728K), 0.0267080 secs] [Times: user=0.32 sys=0.01, real=0.02 secs] 
2016-09-24T02:26:52.483-0400: 106.555: [GC (GCLocker Initiated GC) [PSYoungGen: 164388K->51551K(187392K)] 657870K->546216K(711680K), 0.0128857 secs] [Times: user=0.11 sys=0.00, real=0.01 secs] 
2016-09-24T02:26:52.595-0400: 106.668: [GC (GCLocker Initiated GC) [PSYoungGen: 169823K->43523K(191488K)] 664491K->539192K(715776K), 0.0124492 secs] [Times: user=0.12 sys=0.00, real=0.01 secs] 
2016-09-24T02:26:52.701-0400: 106.774: [GC (GCLocker Initiated GC) [PSYoungGen: 166915K->55820K(190464K)] 665324K->555430K(714752K), 0.0224594 secs] [Times: user=0.34 sys=0.00, real=0.03 secs] 
2016-09-24T02:26:52.818-0400: 106.891: [GC (GCLocker Initiated GC) [PSYoungGen: 179212K->54504K(192512K)] 681558K->560882K(716800K), 0.0063807 secs] [Times: user=0.06 sys=0.01, real=0.01 secs] 
2016-09-24T02:26:52.825-0400: 106.898: [Full GC (Ergonomics) [PSYoungGen: 54504K->0K(192512K)] [ParOldGen: 506378K->355609K(524288K)] 560882K->355609K(716800K), [Metaspace: 43856K->43856K(1087488K)], 0.0673365 secs] [Times: user=0.59 sys=0.01, real=0.06 secs] 
2016-09-24T02:26:52.985-0400: 107.058: [GC (GCLocker Initiated GC) [PSYoungGen: 123904K->46822K(171008K)] 482263K->405182K(695296K), 0.0127494 secs] [Times: user=0.18 sys=0.01, real=0.01 secs] 
2016-09-24T02:26:53.095-0400: 107.167: [GC (GCLocker Initiated GC) [PSYoungGen: 170726K->58516K(188928K)] 529230K->420202K(713216K), 0.0062108 secs] [Times: user=0.08 sys=0.00, real=0.00 secs] 
2016-09-24T02:26:53.194-0400: 107.267: [GC (GCLocker Initiated GC) [PSYoungGen: 180372K->59974K(182272K)] 547478K->444576K(706560K), 0.0070361 secs] [Times: user=0.09 sys=0.00, real=0.00 secs] 
2016-09-24T02:26:53.302-0400: 107.374: [GC (GCLocker Initiated GC) [PSYoungGen: 181830K->59938K(187392K)] 572038K->451549K(711680K), 0.0064475 secs] [Times: user=0.08 sys=0.00, real=0.01 secs] 
2016-09-24T02:26:53.399-0400: 107.472: [GC (GCLocker Initiated GC) [PSYoungGen: 175650K->54266K(188928K)] 567290K->447274K(713216K), 0.0063125 secs] [Times: user=0.05 sys=0.00, real=0.01 secs] 
2016-09-24T02:26:53.498-0400: 107.571: [GC (GCLocker Initiated GC) [PSYoungGen: 169978K->42172K(187392K)] 571316K->444702K(711680K), 0.0125187 secs] [Times: user=0.18 sys=0.00, real=0.01 secs] 
2016-09-24T02:26:53.609-0400: 107.682: [GC (GCLocker Initiated GC) [PSYoungGen: 158908K->50174K(188416K)] 564155K->456588K(712704K), 0.0064232 secs] [Times: user=0.07 sys=0.03, real=0.01 secs] 
2016-09-24T02:26:53.709-0400: 107.781: [GC (GCLocker Initiated GC) [PSYoungGen: 166910K->34066K(188928K)] 581452K->449734K(713216K), 0.0053942 secs] [Times: user=0.06 sys=0.00, real=0.01 secs] 
2016-09-24T02:26:53.809-0400: 107.882: [GC (GCLocker Initiated GC) [PSYoungGen: 153362K->35373K(189440K)] 576120K->459325K(713728K), 0.0106415 secs] [Times: user=0.12 sys=0.00, real=0.01 secs] 
2016-09-24T02:26:53.912-0400: 107.984: [GC (GCLocker Initiated GC) [PSYoungGen: 154669K->41998K(189440K)] 578647K->467119K(713728K), 0.0201921 secs] [Times: user=0.21 sys=0.01, real=0.02 secs] 
2016-09-24T02:26:54.034-0400: 108.107: [GC (GCLocker Initiated GC) [PSYoungGen: 163342K->39329K(190464K)] 588569K->476446K(714752K), 0.0142194 secs] [Times: user=0.16 sys=0.00, real=0.01 secs] 
2016-09-24T02:26:54.124-0400: 108.197: [GC (GCLocker Initiated GC) [PSYoungGen: 160673K->60845K(186880K)] 598002K->499295K(711168K), 0.0124880 secs] [Times: user=0.13 sys=0.00, real=0.01 secs] 
2016-09-24T02:26:54.221-0400: 108.294: [GC (GCLocker Initiated GC) [PSYoungGen: 179629K->44312K(190464K)] 618083K->483691K(714752K), 0.0064403 secs] [Times: user=0.06 sys=0.00, real=0.01 secs] 
2016-09-24T02:26:54.305-0400: 108.378: [GC (GCLocker Initiated GC) [PSYoungGen: 163096K->48598K(185856K)] 604597K->490963K(710144K), 0.0206135 secs] [Times: user=0.25 sys=0.00, real=0.02 secs] 
2016-09-24T02:26:54.412-0400: 108.484: [GC (GCLocker Initiated GC) [PSYoungGen: 169430K->39102K(188928K)] 614533K->485171K(713216K), 0.0156702 secs] [Times: user=0.16 sys=0.00, real=0.02 secs] 
2016-09-24T02:26:54.508-0400: 108.581: [GC (GCLocker Initiated GC) [PSYoungGen: 159934K->60758K(187904K)] 606091K->526743K(712192K), 0.0192241 secs] [Times: user=0.25 sys=0.00, real=0.02 secs] 
2016-09-24T02:26:54.613-0400: 108.686: [GC (GCLocker Initiated GC) [PSYoungGen: 181590K->48602K(191488K)] 650601K->518534K(715776K), 0.0081011 secs] [Times: user=0.11 sys=0.00, real=0.01 secs] 
2016-09-24T02:26:54.708-0400: 108.781: [GC (GCLocker Initiated GC) [PSYoungGen: 169434K->51180K(187904K)] 644880K->527509K(712192K), 0.0070701 secs] [Times: user=0.09 sys=0.01, real=0.01 secs] 
2016-09-24T02:26:54.812-0400: 108.885: [GC (GCLocker Initiated GC) [PSYoungGen: 174060K->23956K(190464K)] 654452K->515822K(714752K), 0.0152743 secs] [Times: user=0.17 sys=0.00, real=0.02 secs] 
2016-09-24T02:26:54.916-0400: 108.988: [GC (GCLocker Initiated GC) [PSYoungGen: 146836K->48516K(193024K)] 641560K->546733K(717312K), 0.0306132 secs] [Times: user=0.43 sys=0.00, real=0.03 secs] 
2016-09-24T02:26:55.023-0400: 109.096: [GC (GCLocker Initiated GC) [PSYoungGen: 171908K->58073K(181760K)] 670165K->557094K(706048K), 0.0122710 secs] [Times: user=0.15 sys=0.01, real=0.01 secs] 
2016-09-24T02:26:55.128-0400: 109.200: [GC (GCLocker Initiated GC) --[PSYoungGen: 181465K->181465K(181760K)] 686001K->705749K(706048K), 0.0283826 secs] [Times: user=0.29 sys=0.00, real=0.03 secs] 
2016-09-24T02:26:55.156-0400: 109.229: [Full GC (Ergonomics) [PSYoungGen: 181465K->0K(181760K)] [ParOldGen: 524284K->377147K(524288K)] 705749K->377147K(706048K), [Metaspace: 43858K->43858K(1087488K)], 0.0649400 secs] [Times: user=0.46 sys=0.01, real=0.06 secs] 
2016-09-24T02:26:55.313-0400: 109.386: [GC (GCLocker Initiated GC) [PSYoungGen: 123392K->36519K(192000K)] 505986K->419113K(716288K), 0.0168294 secs] [Times: user=0.19 sys=0.00, real=0.02 secs] 
2016-09-24T02:26:55.424-0400: 109.497: [GC (GCLocker Initiated GC) [PSYoungGen: 157863K->32265K(191488K)] 549167K->435400K(715776K), 0.0055212 secs] [Times: user=0.06 sys=0.01, real=0.00 secs] 
2016-09-24T02:26:55.506-0400: 109.579: [GC (GCLocker Initiated GC) [PSYoungGen: 153609K->38726K(189440K)] 556767K->442652K(713728K), 0.0111360 secs] [Times: user=0.11 sys=0.01, real=0.01 secs] 
2016-09-24T02:26:55.591-0400: 109.663: [GC (GCLocker Initiated GC) [PSYoungGen: 160582K->31968K(190464K)] 567365K->447516K(714752K), 0.0076412 secs] [Times: user=0.05 sys=0.00, real=0.01 secs] 
2016-09-24T02:26:55.688-0400: 109.761: [GC (GCLocker Initiated GC) [PSYoungGen: 153824K->45662K(190464K)] 573431K->465934K(714752K), 0.0123664 secs] [Times: user=0.14 sys=0.01, real=0.01 secs] 
2016-09-24T02:26:55.792-0400: 109.865: [GC (GCLocker Initiated GC) [PSYoungGen: 170590K->47002K(192000K)] 593635K->470875K(716288K), 0.0134824 secs] [Times: user=0.12 sys=0.00, real=0.02 secs] 
2016-09-24T02:26:55.897-0400: 109.969: [GC (GCLocker Initiated GC) [PSYoungGen: 171930K->26911K(195072K)] 605389K->463932K(719360K), 0.0159403 secs] [Times: user=0.18 sys=0.00, real=0.01 secs] 
2016-09-24T02:26:56.014-0400: 110.087: [GC (GCLocker Initiated GC) [PSYoungGen: 155935K->51288K(180736K)] 601073K->499973K(705024K), 0.0057191 secs] [Times: user=0.07 sys=0.00, real=0.01 secs] 
2016-09-24T02:26:56.115-0400: 110.188: [GC (GCLocker Initiated GC) [PSYoungGen: 180312K->58119K(188416K)] 631719K->510368K(712704K), 0.0079422 secs] [Times: user=0.10 sys=0.01, real=0.01 secs] 
2016-09-24T02:26:56.219-0400: 110.291: [GC (GCLocker Initiated GC) [PSYoungGen: 178951K->30993K(191488K)] 636704K->503209K(715776K), 0.0062020 secs] [Times: user=0.06 sys=0.00, real=0.01 secs] 
2016-09-24T02:26:56.320-0400: 110.393: [GC (GCLocker Initiated GC) [PSYoungGen: 151825K->50132K(190464K)] 626865K->526164K(714752K), 0.0234168 secs] [Times: user=0.30 sys=0.01, real=0.03 secs] 
2016-09-24T02:26:56.438-0400: 110.511: [GC (GCLocker Initiated GC) [PSYoungGen: 170964K->55522K(176640K)] 647028K->532629K(700928K), 0.0160178 secs] [Times: user=0.19 sys=0.00, real=0.02 secs] 
2016-09-24T02:26:56.572-0400: 110.645: [GC (GCLocker Initiated GC) [PSYoungGen: 176354K->26943K(189952K)] 669883K->524198K(714240K), 0.0090965 secs] [Times: user=0.08 sys=0.00, real=0.01 secs] 
2016-09-24T02:26:56.679-0400: 110.752: [GC (GCLocker Initiated GC) [PSYoungGen: 144703K->42101K(160256K)] 641990K->540356K(684544K), 0.0114950 secs] [Times: user=0.11 sys=0.00, real=0.01 secs] 
2016-09-24T02:26:56.783-0400: 110.856: [GC (GCLocker Initiated GC) [PSYoungGen: 159861K->52809K(186368K)] 663566K->560327K(710656K), 0.0238048 secs] [Times: user=0.29 sys=0.01, real=0.02 secs] 
2016-09-24T02:26:56.899-0400: 110.972: [Full GC (Ergonomics) [PSYoungGen: 169545K->0K(186368K)] [ParOldGen: 514275K->355465K(524288K)] 683821K->355465K(710656K), [Metaspace: 43859K->43859K(1087488K)], 0.0799525 secs] [Times: user=0.77 sys=0.01, real=0.08 secs] 
2016-09-24T02:26:57.077-0400: 111.150: [GC (GCLocker Initiated GC) [PSYoungGen: 116736K->58444K(187392K)] 472376K->414084K(711680K), 0.0102605 secs] [Times: user=0.14 sys=0.01, real=0.01 secs] 
2016-09-24T02:26:57.192-0400: 111.264: [GC (GCLocker Initiated GC) [PSYoungGen: 175180K->42055K(189440K)] 533544K->413825K(713728K), 0.0064423 secs] [Times: user=0.07 sys=0.00, real=0.01 secs] 
2016-09-24T02:26:57.299-0400: 111.372: [GC (GCLocker Initiated GC) [PSYoungGen: 159815K->34946K(188928K)] 534344K->410542K(713216K), 0.0263059 secs] [Times: user=0.29 sys=0.00, real=0.03 secs] 
2016-09-24T02:26:57.414-0400: 111.486: [GC (GCLocker Initiated GC) [PSYoungGen: 152706K->36539K(189952K)] 528335K->432024K(714240K), 0.0085672 secs] [Times: user=0.08 sys=0.00, real=0.02 secs] 
2016-09-24T02:26:57.535-0400: 111.607: [GC (GCLocker Initiated GC) [PSYoungGen: 156859K->33889K(189440K)] 555082K->443991K(713728K), 0.0080204 secs] [Times: user=0.07 sys=0.00, real=0.01 secs] 
2016-09-24T02:26:57.656-0400: 111.729: [GC (GCLocker Initiated GC) [PSYoungGen: 154209K->43552K(190464K)] 564418K->481954K(714752K), 0.0069536 secs] [Times: user=0.08 sys=0.01, real=0.01 secs] 
2016-09-24T02:26:57.752-0400: 111.824: [GC (GCLocker Initiated GC) [PSYoungGen: 168480K->52964K(190976K)] 606982K->492648K(715264K), 0.0062409 secs] [Times: user=0.04 sys=0.02, real=0.01 secs] 
2016-09-24T02:26:57.880-0400: 111.953: [GC (GCLocker Initiated GC) [PSYoungGen: 177892K->43589K(192512K)] 620320K->495325K(716800K), 0.0068345 secs] [Times: user=0.06 sys=0.00, real=0.01 secs] 
2016-09-24T02:26:58.006-0400: 112.079: [GC (GCLocker Initiated GC) [PSYoungGen: 172101K->33957K(193536K)] 629634K->506249K(717824K), 0.0102959 secs] [Times: user=0.10 sys=0.00, real=0.01 secs] 
2016-09-24T02:26:58.120-0400: 112.193: [GC (GCLocker Initiated GC) [PSYoungGen: 162469K->49021K(196608K)] 643001K->530886K(720896K), 0.0056449 secs] [Times: user=0.06 sys=0.00, real=0.01 secs] 
2016-09-24T02:26:58.233-0400: 112.306: [GC (GCLocker Initiated GC) [PSYoungGen: 181117K->58472K(190976K)] 668554K->555364K(715264K), 0.0085014 secs] [Times: user=0.12 sys=0.00, real=0.01 secs] 
2016-09-24T02:26:58.354-0400: 112.427: [GC (GCLocker Initiated GC) [PSYoungGen: 190568K->63647K(184320K)] 687493K->561832K(708608K), 0.0220630 secs] [Times: user=0.32 sys=0.00, real=0.03 secs] 
2016-09-24T02:26:58.476-0400: 112.548: [Full GC (Ergonomics) [PSYoungGen: 179359K->0K(184320K)] [ParOldGen: 506304K->367126K(524288K)] 685663K->367126K(708608K), [Metaspace: 43865K->43865K(1087488K)], 0.1066035 secs] [Times: user=1.09 sys=0.02, real=0.11 secs] 
2016-09-24T02:26:58.702-0400: 112.775: [GC (GCLocker Initiated GC) [PSYoungGen: 115712K->45216K(188928K)] 489714K->419218K(713216K), 0.0069274 secs] [Times: user=0.06 sys=0.01, real=0.01 secs] 
2016-09-24T02:26:58.825-0400: 112.898: [GC (GCLocker Initiated GC) [PSYoungGen: 160928K->51764K(185856K)] 535002K->443766K(710144K), 0.0255792 secs] [Times: user=0.27 sys=0.01, real=0.02 secs] 
2016-09-24T02:26:58.948-0400: 113.021: [GC (GCLocker Initiated GC) [PSYoungGen: 170036K->36661K(188416K)] 570156K->439385K(712704K), 0.0118805 secs] [Times: user=0.14 sys=0.01, real=0.01 secs] 
2016-09-24T02:26:59.065-0400: 113.138: [GC (GCLocker Initiated GC) [PSYoungGen: 154933K->48991K(189440K)] 557817K->463884K(713728K), 0.0212932 secs] [Times: user=0.31 sys=0.01, real=0.02 secs] 
2016-09-24T02:26:59.206-0400: 113.279: [GC (GCLocker Initiated GC) [PSYoungGen: 171359K->26072K(190976K)] 588982K->455740K(715264K), 0.0096929 secs] [Times: user=0.10 sys=0.01, real=0.01 secs] 
2016-09-24T02:26:59.308-0400: 113.381: [GC (GCLocker Initiated GC) [PSYoungGen: 148440K->34174K(193024K)] 580839K->497614K(717312K), 0.0187414 secs] [Times: user=0.25 sys=0.01, real=0.02 secs] 
2016-09-24T02:26:59.434-0400: 113.507: [GC (GCLocker Initiated GC) [PSYoungGen: 157566K->61138K(184832K)] 621050K->526132K(709120K), 0.0147775 secs] [Times: user=0.18 sys=0.02, real=0.01 secs] 
2016-09-24T02:26:59.543-0400: 113.615: [GC (GCLocker Initiated GC) [PSYoungGen: 184530K->23258K(187904K)] 656294K->523248K(712192K), 0.0186922 secs] [Times: user=0.26 sys=0.01, real=0.01 secs] 
2016-09-24T02:26:59.561-0400: 113.634: [Full GC (Ergonomics) [PSYoungGen: 23258K->0K(187904K)] [ParOldGen: 499989K->379471K(524288K)] 523248K->379471K(712192K), [Metaspace: 43865K->43865K(1087488K)], 0.0753073 secs] [Times: user=0.68 sys=0.03, real=0.08 secs] 
2016-09-24T02:26:59.729-0400: 113.801: [GC (GCLocker Initiated GC) [PSYoungGen: 114688K->47698K(162816K)] 502497K->435507K(687104K), 0.0122818 secs] [Times: user=0.14 sys=0.01, real=0.01 secs] 
2016-09-24T02:26:59.859-0400: 113.932: [GC (GCLocker Initiated GC) [PSYoungGen: 162386K->48856K(188928K)] 552965K->440766K(713216K), 0.0123534 secs] [Times: user=0.15 sys=0.00, real=0.01 secs] 
2016-09-24T02:26:59.970-0400: 114.043: [GC (GCLocker Initiated GC) [PSYoungGen: 165080K->44581K(161280K)] 559772K->440378K(685568K), 0.0155820 secs] [Times: user=0.15 sys=0.00, real=0.02 secs] 
2016-09-24T02:27:00.100-0400: 114.172: [GC (GCLocker Initiated GC) [PSYoungGen: 160805K->45996K(188416K)] 559387K->448362K(712704K), 0.0065286 secs] [Times: user=0.08 sys=0.00, real=0.01 secs] 
2016-09-24T02:27:00.216-0400: 114.289: [GC (GCLocker Initiated GC) [PSYoungGen: 165292K->39299K(186880K)] 574595K->449651K(711168K), 0.0065391 secs] [Times: user=0.03 sys=0.01, real=0.01 secs] 
2016-09-24T02:27:00.305-0400: 114.378: [GC (GCLocker Initiated GC) [PSYoungGen: 158595K->43348K(192512K)] 570335K->456115K(716800K), 0.0073786 secs] [Times: user=0.06 sys=0.00, real=0.00 secs] 
2016-09-24T02:27:00.410-0400: 114.483: [GC (GCLocker Initiated GC) [PSYoungGen: 170836K->29742K(191488K)] 587657K->463912K(715776K), 0.0085362 secs] [Times: user=0.08 sys=0.01, real=0.01 secs] 
2016-09-24T02:27:00.518-0400: 114.591: [GC (GCLocker Initiated GC) [PSYoungGen: 157230K->44749K(197120K)] 598546K->487081K(721408K), 0.0057222 secs] [Times: user=0.05 sys=0.01, real=0.01 secs] 
2016-09-24T02:27:00.637-0400: 114.709: [GC (GCLocker Initiated GC) [PSYoungGen: 178893K->35312K(197120K)] 632208K->489771K(721408K), 0.0091172 secs] [Times: user=0.11 sys=0.00, real=0.01 secs] 
2016-09-24T02:27:00.749-0400: 114.821: [GC (GCLocker Initiated GC) [PSYoungGen: 169456K->47391K(197632K)] 624108K->503179K(721920K), 0.0068045 secs] [Times: user=0.08 sys=0.00, real=0.01 secs] 
2016-09-24T02:27:00.850-0400: 114.922: [GC (GCLocker Initiated GC) [PSYoungGen: 183071K->58115K(194048K)] 638892K->514977K(718336K), 0.0125003 secs] [Times: user=0.17 sys=0.00, real=0.02 secs] 
2016-09-24T02:27:00.968-0400: 115.040: [GC (GCLocker Initiated GC) [PSYoungGen: 193795K->28554K(195072K)] 660337K->504174K(719360K), 0.0067377 secs] [Times: user=0.05 sys=0.00, real=0.01 secs] 
2016-09-24T02:27:01.066-0400: 115.139: [GC (GCLocker Initiated GC) [PSYoungGen: 157578K->35211K(164352K)] 640035K->518841K(688640K), 0.0153325 secs] [Times: user=0.17 sys=0.00, real=0.01 secs] 
2016-09-24T02:27:01.186-0400: 115.258: [GC (GCLocker Initiated GC) [PSYoungGen: 164235K->37752K(197120K)] 650594K->525151K(721408K), 0.0137872 secs] [Times: user=0.12 sys=0.00, real=0.01 secs] 
2016-09-24T02:27:01.310-0400: 115.383: [GC (GCLocker Initiated GC) [PSYoungGen: 169336K->34063K(195072K)] 664882K->552282K(719360K), 0.0270545 secs] [Times: user=0.30 sys=0.01, real=0.03 secs] 
2016-09-24T02:27:01.338-0400: 115.410: [Full GC (Ergonomics) [PSYoungGen: 34063K->0K(195072K)] [ParOldGen: 518219K->380485K(524288K)] 552282K->380485K(719360K), [Metaspace: 43867K->43867K(1087488K)], 0.1198702 secs] [Times: user=1.29 sys=0.02, real=0.12 secs] 
2016-09-24T02:27:01.566-0400: 115.639: [GC (GCLocker Initiated GC) [PSYoungGen: 131584K->35857K(196608K)] 517604K->421877K(720896K), 0.0063412 secs] [Times: user=0.05 sys=0.00, real=0.00 secs] 
2016-09-24T02:27:01.684-0400: 115.757: [GC (GCLocker Initiated GC) [PSYoungGen: 170001K->61103K(195584K)] 556055K->452789K(719872K), 0.0100866 secs] [Times: user=0.13 sys=0.01, real=0.01 secs] 
2016-09-24T02:27:09.768-0400: 123.841: [GC (Allocation Failure) [PSYoungGen: 195247K->34315K(196096K)] 587000K->432674K(720384K), 0.0186629 secs] [Times: user=0.16 sys=0.00, real=0.02 secs] 
2016-09-24T02:27:17.700-0400: 131.772: [GC (Allocation Failure) [PSYoungGen: 163851K->34952K(164864K)] 562210K->467427K(689152K), 0.0158393 secs] [Times: user=0.14 sys=0.01, real=0.02 secs] 
2016-09-24T02:27:25.505-0400: 139.578: [GC (Allocation Failure) [PSYoungGen: 164488K->35272K(195584K)] 596963K->502267K(719872K), 0.0184353 secs] [Times: user=0.14 sys=0.01, real=0.02 secs] 
