Java HotSpot(TM) 64-Bit Server VM (25.101-b13) for linux-amd64 JRE (1.8.0_101-b13), built on Jun 22 2016 02:59:44 by "java_re" with gcc 4.3.0 20080428 (Red Hat 4.3.0-8)
Memory: 4k page, physical 264122320k(160350004k free), swap 268399612k(268399612k free)
CommandLine flags: -XX:GCLogFileSize=1048576 -XX:+HeapDumpOnOutOfMemoryError -XX:HeapDumpPath=artifacts/heapdump -XX:InitialHeapSize=805306368 -XX:MaxHeapSize=805306368 -XX:NumberOfGCLogFiles=10 -XX:+PrintGC -XX:+PrintGCDateStamps -XX:+PrintGCDetails -XX:+PrintGCTimeStamps -XX:+UseCompressedClassPointers -XX:+UseCompressedOops -XX:+UseGCLogFileRotation -XX:+UseParallelGC 
2016-09-24T04:28:11.362-0400: 2.192: [GC (Metadata GC Threshold) [PSYoungGen: 125830K->15632K(229376K)] 125830K->15720K(753664K), 0.0361169 secs] [Times: user=0.33 sys=0.01, real=0.03 secs] 
2016-09-24T04:28:11.399-0400: 2.228: [Full GC (Metadata GC Threshold) [PSYoungGen: 15632K->0K(229376K)] [ParOldGen: 88K->14602K(329216K)] 15720K->14602K(558592K), [Metaspace: 21073K->21073K(1067008K)], 0.0535978 secs] [Times: user=0.52 sys=0.02, real=0.05 secs] 
2016-09-24T04:28:13.302-0400: 4.132: [GC (Metadata GC Threshold) [PSYoungGen: 122991K->15532K(229376K)] 137593K->30270K(558592K), 0.0196846 secs] [Times: user=0.12 sys=0.02, real=0.02 secs] 
2016-09-24T04:28:13.322-0400: 4.151: [Full GC (Metadata GC Threshold) [PSYoungGen: 15532K->0K(229376K)] [ParOldGen: 14738K->20912K(524288K)] 30270K->20912K(753664K), [Metaspace: 35071K->35071K(1079296K)], 0.0799323 secs] [Times: user=0.53 sys=0.02, real=0.08 secs] 
2016-09-24T04:28:15.079-0400: 5.909: [GC (GCLocker Initiated GC) [PSYoungGen: 195436K->32742K(229376K)] 221749K->65211K(753664K), 0.0109981 secs] [Times: user=0.11 sys=0.02, real=0.01 secs] 
2016-09-24T04:28:15.373-0400: 6.203: [GC (GCLocker Initiated GC) [PSYoungGen: 229350K->32761K(229376K)] 261866K->140238K(753664K), 0.0126461 secs] [Times: user=0.16 sys=0.06, real=0.02 secs] 
2016-09-24T04:28:15.509-0400: 6.339: [GC (GCLocker Initiated GC) [PSYoungGen: 229369K->32764K(229376K)] 342279K->178631K(753664K), 0.0099021 secs] [Times: user=0.12 sys=0.04, real=0.01 secs] 
2016-09-24T04:28:15.607-0400: 6.436: [GC (GCLocker Initiated GC) [PSYoungGen: 229372K->32753K(120832K)] 375492K->245484K(645120K), 0.0160194 secs] [Times: user=0.21 sys=0.01, real=0.02 secs] 
2016-09-24T04:28:15.675-0400: 6.504: [GC (GCLocker Initiated GC) [PSYoungGen: 120817K->84616K(175104K)] 337773K->315071K(699392K), 0.0111969 secs] [Times: user=0.18 sys=0.00, real=0.01 secs] 
2016-09-24T04:28:15.726-0400: 6.556: [GC (GCLocker Initiated GC) [PSYoungGen: 172680K->86606K(175104K)] 411354K->354663K(699392K), 0.0129016 secs] [Times: user=0.22 sys=0.01, real=0.01 secs] 
2016-09-24T04:28:15.786-0400: 6.616: [GC (GCLocker Initiated GC) [PSYoungGen: 174670K->64530K(175104K)] 453635K->353560K(699392K), 0.0080175 secs] [Times: user=0.08 sys=0.00, real=0.01 secs] 
2016-09-24T04:28:15.838-0400: 6.667: [GC (GCLocker Initiated GC) [PSYoungGen: 152594K->77709K(175104K)] 447124K->383320K(699392K), 0.0094346 secs] [Times: user=0.12 sys=0.00, real=0.01 secs] 
2016-09-24T04:28:15.887-0400: 6.716: [GC (GCLocker Initiated GC) [PSYoungGen: 165773K->57345K(175104K)] 476893K->390457K(699392K), 0.0109899 secs] [Times: user=0.15 sys=0.00, real=0.01 secs] 
2016-09-24T04:28:15.937-0400: 6.766: [GC (GCLocker Initiated GC) [PSYoungGen: 145409K->45335K(175104K)] 478640K->432934K(699392K), 0.0096120 secs] [Times: user=0.14 sys=0.01, real=0.01 secs] 
2016-09-24T04:28:15.975-0400: 6.804: [GC (GCLocker Initiated GC) [PSYoungGen: 133399K->48351K(175104K)] 525193K->478308K(699392K), 0.0084460 secs] [Times: user=0.10 sys=0.03, real=0.01 secs] 
2016-09-24T04:28:16.018-0400: 6.847: [GC (GCLocker Initiated GC) [PSYoungGen: 136415K->48099K(175104K)] 566406K->505734K(699392K), 0.0090447 secs] [Times: user=0.15 sys=0.01, real=0.01 secs] 
2016-09-24T04:28:16.027-0400: 6.856: [Full GC (Ergonomics) [PSYoungGen: 48099K->0K(175104K)] [ParOldGen: 457634K->60012K(524288K)] 505734K->60012K(699392K), [Metaspace: 42851K->42847K(1085440K)], 0.1833014 secs] [Times: user=2.77 sys=0.01, real=0.18 secs] 
2016-09-24T04:28:16.252-0400: 7.082: [GC (GCLocker Initiated GC) [PSYoungGen: 88064K->73861K(175104K)] 153690K->139487K(699392K), 0.0081975 secs] [Times: user=0.10 sys=0.02, real=0.01 secs] 
2016-09-24T04:28:16.300-0400: 7.129: [GC (GCLocker Initiated GC) [PSYoungGen: 161925K->65650K(175104K)] 227677K->167003K(699392K), 0.0087134 secs] [Times: user=0.10 sys=0.03, real=0.01 secs] 
2016-09-24T04:28:16.335-0400: 7.164: [GC (GCLocker Initiated GC) [PSYoungGen: 153714K->79150K(175104K)] 260680K->222985K(699392K), 0.0083205 secs] [Times: user=0.13 sys=0.01, real=0.01 secs] 
2016-09-24T04:28:16.380-0400: 7.210: [GC (GCLocker Initiated GC) [PSYoungGen: 167214K->56182K(175104K)] 311132K->224766K(699392K), 0.0075477 secs] [Times: user=0.08 sys=0.00, real=0.01 secs] 
2016-09-24T04:28:16.418-0400: 7.247: [GC (GCLocker Initiated GC) [PSYoungGen: 144246K->51989K(175104K)] 315786K->258949K(699392K), 0.0079826 secs] [Times: user=0.08 sys=0.00, real=0.01 secs] 
2016-09-24T04:28:16.459-0400: 7.289: [GC (GCLocker Initiated GC) [PSYoungGen: 140053K->58818K(175104K)] 353896K->312187K(699392K), 0.0185291 secs] [Times: user=0.25 sys=0.00, real=0.02 secs] 
2016-09-24T04:28:16.514-0400: 7.343: [GC (GCLocker Initiated GC) [PSYoungGen: 146882K->56185K(175104K)] 409795K->346486K(699392K), 0.0068598 secs] [Times: user=0.07 sys=0.00, real=0.00 secs] 
2016-09-24T04:28:16.560-0400: 7.389: [GC (GCLocker Initiated GC) [PSYoungGen: 144249K->60314K(175104K)] 446850K->383578K(699392K), 0.0073075 secs] [Times: user=0.09 sys=0.00, real=0.01 secs] 
2016-09-24T04:28:16.599-0400: 7.428: [GC (GCLocker Initiated GC) [PSYoungGen: 148378K->77750K(175104K)] 475818K->412286K(699392K), 0.0067067 secs] [Times: user=0.07 sys=0.00, real=0.01 secs] 
2016-09-24T04:28:16.635-0400: 7.465: [GC (GCLocker Initiated GC) [PSYoungGen: 165814K->60168K(175104K)] 508559K->431594K(699392K), 0.0069322 secs] [Times: user=0.09 sys=0.00, real=0.01 secs] 
2016-09-24T04:28:16.672-0400: 7.501: [GC (GCLocker Initiated GC) [PSYoungGen: 148232K->73767K(175104K)] 522460K->472571K(699392K), 0.0073076 secs] [Times: user=0.10 sys=0.00, real=0.01 secs] 
2016-09-24T04:28:16.712-0400: 7.541: [GC (GCLocker Initiated GC) [PSYoungGen: 161831K->53357K(175104K)] 564729K->472823K(699392K), 0.0061553 secs] [Times: user=0.07 sys=0.00, real=0.01 secs] 
2016-09-24T04:28:16.747-0400: 7.576: [GC (GCLocker Initiated GC) [PSYoungGen: 141421K->81946K(175104K)] 560995K->526216K(699392K), 0.0081075 secs] [Times: user=0.12 sys=0.00, real=0.01 secs] 
2016-09-24T04:28:16.783-0400: 7.613: [GC (GCLocker Initiated GC) [PSYoungGen: 170010K->57692K(175104K)] 621205K->548449K(699392K), 0.0084735 secs] [Times: user=0.11 sys=0.02, real=0.00 secs] 
2016-09-24T04:28:16.792-0400: 7.621: [Full GC (Ergonomics) [PSYoungGen: 57692K->0K(175104K)] [ParOldGen: 490756K->79826K(524288K)] 548449K->79826K(699392K), [Metaspace: 42975K->42975K(1085440K)], 0.0575067 secs] [Times: user=0.61 sys=0.01, real=0.06 secs] 
2016-09-24T04:28:16.882-0400: 7.711: [GC (GCLocker Initiated GC) [PSYoungGen: 88064K->79229K(175104K)] 167988K->159161K(699392K), 0.0064244 secs] [Times: user=0.09 sys=0.01, real=0.00 secs] 
2016-09-24T04:28:16.922-0400: 7.751: [GC (GCLocker Initiated GC) [PSYoungGen: 167293K->79150K(175104K)] 258288K->196250K(699392K), 0.0091713 secs] [Times: user=0.10 sys=0.01, real=0.00 secs] 
2016-09-24T04:28:16.966-0400: 7.795: [GC (GCLocker Initiated GC) [PSYoungGen: 167214K->49420K(175104K)] 297917K->208918K(699392K), 0.0069571 secs] [Times: user=0.08 sys=0.00, real=0.00 secs] 
2016-09-24T04:28:17.003-0400: 7.832: [GC (GCLocker Initiated GC) [PSYoungGen: 137484K->60107K(175104K)] 299752K->237633K(699392K), 0.0065698 secs] [Times: user=0.07 sys=0.00, real=0.00 secs] 
2016-09-24T04:28:17.043-0400: 7.873: [GC (GCLocker Initiated GC) [PSYoungGen: 148171K->57372K(175104K)] 328621K->254313K(699392K), 0.0115537 secs] [Times: user=0.13 sys=0.02, real=0.01 secs] 
2016-09-24T04:28:17.082-0400: 7.912: [GC (GCLocker Initiated GC) [PSYoungGen: 145436K->53372K(175104K)] 342561K->288687K(699392K), 0.0099230 secs] [Times: user=0.12 sys=0.00, real=0.00 secs] 
2016-09-24T04:28:17.132-0400: 7.961: [GC (GCLocker Initiated GC) [PSYoungGen: 141436K->56104K(175104K)] 376924K->325729K(699392K), 0.0098006 secs] [Times: user=0.09 sys=0.00, real=0.01 secs] 
2016-09-24T04:28:17.173-0400: 8.002: [GC (GCLocker Initiated GC) [PSYoungGen: 144168K->70986K(175104K)] 416663K->374914K(699392K), 0.0090451 secs] [Times: user=0.10 sys=0.00, real=0.02 secs] 
2016-09-24T04:28:17.220-0400: 8.049: [GC (GCLocker Initiated GC) [PSYoungGen: 159050K->61600K(175104K)] 468517K->389022K(699392K), 0.0090801 secs] [Times: user=0.08 sys=0.01, real=0.01 secs] 
2016-09-24T04:28:17.255-0400: 8.084: [GC (GCLocker Initiated GC) [PSYoungGen: 149664K->73732K(175104K)] 479911K->438191K(699392K), 0.0078016 secs] [Times: user=0.08 sys=0.01, real=0.01 secs] 
2016-09-24T04:28:17.302-0400: 8.131: [GC (GCLocker Initiated GC) [PSYoungGen: 161796K->46589K(175104K)] 534621K->458879K(699392K), 0.0091057 secs] [Times: user=0.07 sys=0.01, real=0.00 secs] 
2016-09-24T04:28:17.348-0400: 8.177: [GC (GCLocker Initiated GC) [PSYoungGen: 134653K->64232K(175104K)] 552507K->499988K(699392K), 0.0074167 secs] [Times: user=0.09 sys=0.00, real=0.01 secs] 
2016-09-24T04:28:17.383-0400: 8.212: [GC (GCLocker Initiated GC) [PSYoungGen: 152296K->80737K(175104K)] 593549K->549346K(699392K), 0.0077348 secs] [Times: user=0.11 sys=0.00, real=0.00 secs] 
2016-09-24T04:28:17.432-0400: 8.261: [GC (GCLocker Initiated GC) [PSYoungGen: 168801K->60321K(175104K)] 641715K->560730K(699392K), 0.0077949 secs] [Times: user=0.09 sys=0.00, real=0.01 secs] 
2016-09-24T04:28:17.440-0400: 8.269: [Full GC (Ergonomics) [PSYoungGen: 60321K->0K(175104K)] [ParOldGen: 500409K->73084K(524288K)] 560730K->73084K(699392K), [Metaspace: 43128K->43128K(1085440K)], 0.0471409 secs] [Times: user=0.39 sys=0.00, real=0.05 secs] 
2016-09-24T04:28:17.516-0400: 8.345: [GC (GCLocker Initiated GC) [PSYoungGen: 88064K->85975K(175104K)] 161291K->161911K(699392K), 0.0067921 secs] [Times: user=0.09 sys=0.00, real=0.01 secs] 
2016-09-24T04:28:17.567-0400: 8.396: [GC (GCLocker Initiated GC) [PSYoungGen: 174039K->51086K(175104K)] 255412K->170722K(699392K), 0.0063015 secs] [Times: user=0.08 sys=0.00, real=0.00 secs] 
2016-09-24T04:28:17.615-0400: 8.444: [GC (GCLocker Initiated GC) [PSYoungGen: 139150K->67102K(175104K)] 266978K->214486K(699392K), 0.0064741 secs] [Times: user=0.10 sys=0.00, real=0.00 secs] 
2016-09-24T04:28:17.662-0400: 8.491: [GC (GCLocker Initiated GC) [PSYoungGen: 155166K->59154K(175104K)] 321673K->238291K(699392K), 0.0058033 secs] [Times: user=0.07 sys=0.00, real=0.00 secs] 
2016-09-24T04:28:17.708-0400: 8.537: [GC (GCLocker Initiated GC) [PSYoungGen: 147218K->64352K(175104K)] 327793K->260449K(699392K), 0.0062857 secs] [Times: user=0.08 sys=0.00, real=0.01 secs] 
2016-09-24T04:28:17.745-0400: 8.574: [GC (GCLocker Initiated GC) [PSYoungGen: 152416K->69848K(175104K)] 348661K->300394K(699392K), 0.0068936 secs] [Times: user=0.10 sys=0.00, real=0.00 secs] 
2016-09-24T04:28:17.781-0400: 8.610: [GC (GCLocker Initiated GC) [PSYoungGen: 157912K->75390K(175104K)] 388899K->335221K(699392K), 0.0080572 secs] [Times: user=0.12 sys=0.00, real=0.01 secs] 
2016-09-24T04:28:17.828-0400: 8.657: [GC (GCLocker Initiated GC) [PSYoungGen: 163454K->74086K(175104K)] 437020K->363146K(699392K), 0.0071677 secs] [Times: user=0.10 sys=0.00, real=0.01 secs] 
2016-09-24T04:28:17.863-0400: 8.692: [GC (GCLocker Initiated GC) [PSYoungGen: 162150K->72566K(175104K)] 451413K->395016K(699392K), 0.0083868 secs] [Times: user=0.10 sys=0.00, real=0.00 secs] 
2016-09-24T04:28:17.903-0400: 8.733: [GC (GCLocker Initiated GC) [PSYoungGen: 160630K->65827K(175104K)] 494067K->415924K(699392K), 0.0084381 secs] [Times: user=0.07 sys=0.00, real=0.00 secs] 
2016-09-24T04:28:17.949-0400: 8.778: [GC (GCLocker Initiated GC) [PSYoungGen: 153891K->46930K(175104K)] 513562K->440934K(699392K), 0.0060529 secs] [Times: user=0.08 sys=0.00, real=0.01 secs] 
2016-09-24T04:28:17.986-0400: 8.816: [GC (GCLocker Initiated GC) [PSYoungGen: 134994K->53598K(175104K)] 537268K->475359K(699392K), 0.0073518 secs] [Times: user=0.07 sys=0.00, real=0.00 secs] 
2016-09-24T04:28:18.028-0400: 8.857: [GC (GCLocker Initiated GC) [PSYoungGen: 141662K->53534K(175104K)] 563745K->486989K(699392K), 0.0075701 secs] [Times: user=0.06 sys=0.00, real=0.01 secs] 
2016-09-24T04:28:18.062-0400: 8.891: [GC (GCLocker Initiated GC) [PSYoungGen: 141598K->78012K(175104K)] 575199K->543299K(699392K), 0.0092041 secs] [Times: user=0.10 sys=0.00, real=0.01 secs] 
2016-09-24T04:28:18.108-0400: 8.937: [Full GC (Ergonomics) [PSYoungGen: 166076K->0K(175104K)] [ParOldGen: 481630K->90412K(524288K)] 647707K->90412K(699392K), [Metaspace: 43247K->43247K(1085440K)], 0.0541520 secs] [Times: user=0.39 sys=0.01, real=0.06 secs] 
2016-09-24T04:28:18.202-0400: 9.031: [GC (GCLocker Initiated GC) [PSYoungGen: 88064K->72690K(175104K)] 185393K->170020K(699392K), 0.0059034 secs] [Times: user=0.07 sys=0.00, real=0.01 secs] 
2016-09-24T04:28:18.235-0400: 9.064: [GC (GCLocker Initiated GC) [PSYoungGen: 160754K->78012K(175104K)] 260843K->196367K(699392K), 0.0078464 secs] [Times: user=0.09 sys=0.00, real=0.01 secs] 
2016-09-24T04:28:18.280-0400: 9.110: [GC (GCLocker Initiated GC) [PSYoungGen: 166076K->68512K(175104K)] 290150K->216106K(699392K), 0.0079067 secs] [Times: user=0.13 sys=0.00, real=0.01 secs] 
2016-09-24T04:28:18.324-0400: 9.153: [GC (GCLocker Initiated GC) [PSYoungGen: 156576K->59034K(175104K)] 308303K->230197K(699392K), 0.0067984 secs] [Times: user=0.09 sys=0.00, real=0.00 secs] 
2016-09-24T04:28:18.356-0400: 9.185: [GC (GCLocker Initiated GC) [PSYoungGen: 147098K->84918K(175104K)] 323755K->279601K(699392K), 0.0083377 secs] [Times: user=0.13 sys=0.00, real=0.01 secs] 
2016-09-24T04:28:18.410-0400: 9.239: [GC (GCLocker Initiated GC) [PSYoungGen: 172982K->60366K(175104K)] 373206K->284309K(699392K), 0.0065404 secs] [Times: user=0.11 sys=0.00, real=0.01 secs] 
2016-09-24T04:28:18.443-0400: 9.272: [GC (GCLocker Initiated GC) [PSYoungGen: 148430K->67290K(175104K)] 372500K->310862K(699392K), 0.0067998 secs] [Times: user=0.08 sys=0.00, real=0.00 secs] 
2016-09-24T04:28:18.490-0400: 9.320: [GC (GCLocker Initiated GC) [PSYoungGen: 155354K->59140K(175104K)] 405828K->341308K(699392K), 0.0075127 secs] [Times: user=0.11 sys=0.00, real=0.01 secs] 
2016-09-24T04:28:18.530-0400: 9.360: [GC (GCLocker Initiated GC) [PSYoungGen: 147204K->61716K(175104K)] 432210K->375798K(699392K), 0.0073224 secs] [Times: user=0.07 sys=0.00, real=0.01 secs] 
2016-09-24T04:28:18.570-0400: 9.400: [GC (GCLocker Initiated GC) [PSYoungGen: 149780K->64590K(174080K)] 465524K->407936K(698368K), 0.0112684 secs] [Times: user=0.08 sys=0.00, real=0.01 secs] 
2016-09-24T04:28:18.619-0400: 9.449: [GC (GCLocker Initiated GC) [PSYoungGen: 152654K->45388K(174592K)] 501649K->420730K(698880K), 0.0067730 secs] [Times: user=0.08 sys=0.00, real=0.01 secs] 
2016-09-24T04:28:18.655-0400: 9.485: [GC (GCLocker Initiated GC) [PSYoungGen: 133452K->86364K(175104K)] 513354K->473550K(699392K), 0.0071916 secs] [Times: user=0.12 sys=0.00, real=0.01 secs] 
2016-09-24T04:28:18.696-0400: 9.525: [GC (GCLocker Initiated GC) [PSYoungGen: 174428K->49296K(175104K)] 562550K->470612K(699392K), 0.0081126 secs] [Times: user=0.08 sys=0.00, real=0.01 secs] 
2016-09-24T04:28:18.735-0400: 9.564: [GC (GCLocker Initiated GC) [PSYoungGen: 137360K->68718K(175104K)] 568208K->540467K(699392K), 0.0082881 secs] [Times: user=0.11 sys=0.01, real=0.01 secs] 
2016-09-24T04:28:18.785-0400: 9.614: [Full GC (Ergonomics) [PSYoungGen: 156782K->0K(175104K)] [ParOldGen: 477222K->82086K(524288K)] 634004K->82086K(699392K), [Metaspace: 43325K->43325K(1085440K)], 0.0585893 secs] [Times: user=0.50 sys=0.00, real=0.06 secs] 
2016-09-24T04:28:18.868-0400: 9.697: [GC (GCLocker Initiated GC) [PSYoungGen: 88064K->86492K(175104K)] 178326K->182154K(699392K), 0.0087464 secs] [Times: user=0.12 sys=0.00, real=0.01 secs] 
2016-09-24T04:28:18.944-0400: 9.773: [GC (GCLocker Initiated GC) [PSYoungGen: 174556K->63158K(175104K)] 285277K->186950K(699392K), 0.0069083 secs] [Times: user=0.06 sys=0.01, real=0.00 secs] 
2016-09-24T04:28:18.990-0400: 9.819: [GC (GCLocker Initiated GC) [PSYoungGen: 151222K->68466K(175104K)] 283211K->214565K(699392K), 0.0068674 secs] [Times: user=0.11 sys=0.00, real=0.01 secs] 
2016-09-24T04:28:19.023-0400: 9.852: [GC (GCLocker Initiated GC) [PSYoungGen: 156530K->83426K(175104K)] 305530K->259977K(699392K), 0.0085627 secs] [Times: user=0.13 sys=0.00, real=0.00 secs] 
2016-09-24T04:28:19.071-0400: 9.900: [GC (GCLocker Initiated GC) [PSYoungGen: 171490K->51150K(175104K)] 365804K->274406K(699392K), 0.0069353 secs] [Times: user=0.07 sys=0.00, real=0.01 secs] 
2016-09-24T04:28:19.109-0400: 9.939: [GC (GCLocker Initiated GC) [PSYoungGen: 139214K->56317K(175104K)] 362599K->296563K(699392K), 0.0062244 secs] [Times: user=0.07 sys=0.00, real=0.01 secs] 
2016-09-24T04:28:19.144-0400: 9.973: [GC (GCLocker Initiated GC) [PSYoungGen: 144381K->84965K(175104K)] 399636K->350193K(699392K), 0.0086094 secs] [Times: user=0.09 sys=0.00, real=0.00 secs] 
2016-09-24T04:28:19.193-0400: 10.022: [GC (GCLocker Initiated GC) [PSYoungGen: 173029K->41242K(175104K)] 439699K->320839K(699392K), 0.0056551 secs] [Times: user=0.04 sys=0.00, real=0.01 secs] 
2016-09-24T04:28:19.227-0400: 10.056: [GC (GCLocker Initiated GC) [PSYoungGen: 129306K->61716K(175104K)] 409131K->370382K(699392K), 0.0088547 secs] [Times: user=0.10 sys=0.00, real=0.01 secs] 
2016-09-24T04:28:19.269-0400: 10.099: [GC (GCLocker Initiated GC) [PSYoungGen: 149780K->57758K(175104K)] 458562K->391459K(699392K), 0.0112997 secs] [Times: user=0.10 sys=0.01, real=0.01 secs] 
2016-09-24T04:28:19.306-0400: 10.135: [GC (GCLocker Initiated GC) [PSYoungGen: 145822K->70086K(175104K)] 482418K->431742K(699392K), 0.0074836 secs] [Times: user=0.11 sys=0.00, real=0.00 secs] 
2016-09-24T04:28:19.349-0400: 10.178: [GC (GCLocker Initiated GC) [PSYoungGen: 158150K->78182K(175104K)] 527993K->467681K(699392K), 0.0079051 secs] [Times: user=0.12 sys=0.00, real=0.01 secs] 
2016-09-24T04:28:19.393-0400: 10.222: [GC (GCLocker Initiated GC) [PSYoungGen: 166246K->53570K(175104K)] 557246K->472338K(699392K), 0.0064289 secs] [Times: user=0.07 sys=0.00, real=0.01 secs] 
2016-09-24T04:28:19.424-0400: 10.253: [GC (GCLocker Initiated GC) [PSYoungGen: 141634K->76708K(175104K)] 568693K->531311K(699392K), 0.0079295 secs] [Times: user=0.11 sys=0.00, real=0.00 secs] 
2016-09-24T04:28:19.469-0400: 10.298: [GC (GCLocker Initiated GC) [PSYoungGen: 164772K->53566K(175104K)] 625058K->557656K(699392K), 0.0082706 secs] [Times: user=0.10 sys=0.00, real=0.01 secs] 
2016-09-24T04:28:19.477-0400: 10.306: [Full GC (Ergonomics) [PSYoungGen: 53566K->0K(175104K)] [ParOldGen: 504090K->88550K(524288K)] 557656K->88550K(699392K), [Metaspace: 43329K->43329K(1085440K)], 0.0477438 secs] [Times: user=0.41 sys=0.00, real=0.05 secs] 
2016-09-24T04:28:19.552-0400: 10.382: [GC (GCLocker Initiated GC) [PSYoungGen: 88064K->84812K(175104K)] 176791K->178940K(699392K), 0.0071812 secs] [Times: user=0.10 sys=0.00, real=0.01 secs] 
2016-09-24T04:28:19.591-0400: 10.420: [GC (GCLocker Initiated GC) [PSYoungGen: 172876K->63240K(175104K)] 275118K->197200K(699392K), 0.0074505 secs] [Times: user=0.11 sys=0.00, real=0.01 secs] 
2016-09-24T04:28:19.629-0400: 10.458: [GC (GCLocker Initiated GC) [PSYoungGen: 151304K->72754K(175104K)] 293424K->234430K(699392K), 0.0069370 secs] [Times: user=0.10 sys=0.00, real=0.01 secs] 
2016-09-24T04:28:19.666-0400: 10.495: [GC (GCLocker Initiated GC) [PSYoungGen: 160818K->82122K(175104K)] 324477K->266794K(699392K), 0.0074437 secs] [Times: user=0.12 sys=0.00, real=0.00 secs] 
2016-09-24T04:28:19.708-0400: 10.537: [GC (GCLocker Initiated GC) [PSYoungGen: 170186K->64324K(175104K)] 354888K->279376K(699392K), 0.0072419 secs] [Times: user=0.10 sys=0.00, real=0.01 secs] 
2016-09-24T04:28:19.748-0400: 10.577: [GC (GCLocker Initiated GC) [PSYoungGen: 152388K->74054K(175104K)] 372884K->315227K(699392K), 0.0073790 secs] [Times: user=0.10 sys=0.00, real=0.01 secs] 
2016-09-24T04:28:19.786-0400: 10.615: [GC (GCLocker Initiated GC) [PSYoungGen: 162118K->80822K(175104K)] 408850K->351222K(699392K), 0.0175073 secs] [Times: user=0.24 sys=0.00, real=0.02 secs] 
2016-09-24T04:28:19.847-0400: 10.676: [GC (GCLocker Initiated GC) [PSYoungGen: 168886K->84772K(175104K)] 450227K->377532K(699392K), 0.0070848 secs] [Times: user=0.10 sys=0.00, real=0.00 secs] 
2016-09-24T04:28:19.885-0400: 10.714: [GC (GCLocker Initiated GC) [PSYoungGen: 172836K->79156K(175104K)] 471152K->399780K(699392K), 0.0100906 secs] [Times: user=0.14 sys=0.01, real=0.01 secs] 
2016-09-24T04:28:19.932-0400: 10.761: [GC (GCLocker Initiated GC) [PSYoungGen: 167220K->56362K(175104K)] 496004K->416657K(699392K), 0.0074172 secs] [Times: user=0.12 sys=0.00, real=0.01 secs] 
2016-09-24T04:28:19.971-0400: 10.801: [GC (GCLocker Initiated GC) [PSYoungGen: 144426K->86250K(175104K)] 514335K->467495K(699392K), 0.0074077 secs] [Times: user=0.10 sys=0.00, real=0.01 secs] 
2016-09-24T04:28:20.012-0400: 10.841: [GC (GCLocker Initiated GC) [PSYoungGen: 174314K->78058K(175104K)] 555673K->488425K(699392K), 0.0078953 secs] [Times: user=0.12 sys=0.00, real=0.01 secs] 
2016-09-24T04:28:20.047-0400: 10.876: [GC (GCLocker Initiated GC) [PSYoungGen: 166122K->79486K(175104K)] 581970K->528292K(699392K), 0.0093924 secs] [Times: user=0.14 sys=0.00, real=0.01 secs] 
2016-09-24T04:28:20.095-0400: 10.924: [GC (GCLocker Initiated GC) [PSYoungGen: 167550K->68626K(175104K)] 620594K->542606K(699392K), 0.0076392 secs] [Times: user=0.11 sys=0.01, real=0.01 secs] 
2016-09-24T04:28:20.127-0400: 10.956: [GC (GCLocker Initiated GC) [PSYoungGen: 156690K->76612K(175104K)] 630841K->578373K(699392K), 0.0077882 secs] [Times: user=0.11 sys=0.01, real=0.01 secs] 
2016-09-24T04:28:20.135-0400: 10.964: [Full GC (Ergonomics) [PSYoungGen: 76612K->0K(175104K)] [ParOldGen: 501761K->103097K(524288K)] 578373K->103097K(699392K), [Metaspace: 43330K->43330K(1085440K)], 0.0474339 secs] [Times: user=0.38 sys=0.00, real=0.05 secs] 
2016-09-24T04:28:20.217-0400: 11.047: [GC (GCLocker Initiated GC) [PSYoungGen: 88064K->86461K(175104K)] 198023K->196420K(699392K), 0.0068300 secs] [Times: user=0.10 sys=0.00, real=0.01 secs] 
2016-09-24T04:28:20.259-0400: 11.088: [GC (GCLocker Initiated GC) [PSYoungGen: 174525K->52284K(175104K)] 287322K->207923K(699392K), 0.0065788 secs] [Times: user=0.10 sys=0.00, real=0.01 secs] 
2016-09-24T04:28:20.293-0400: 11.122: [GC (GCLocker Initiated GC) [PSYoungGen: 140348K->76786K(175104K)] 296161K->248009K(699392K), 0.0071968 secs] [Times: user=0.10 sys=0.00, real=0.01 secs] 
2016-09-24T04:28:20.336-0400: 11.165: [GC (GCLocker Initiated GC) [PSYoungGen: 164850K->64576K(175104K)] 338819K->286492K(699392K), 0.0076097 secs] [Times: user=0.12 sys=0.00, real=0.01 secs] 
2016-09-24T04:28:20.372-0400: 11.201: [GC (GCLocker Initiated GC) [PSYoungGen: 152640K->74072K(175104K)] 375643K->322049K(699392K), 0.0105953 secs] [Times: user=0.08 sys=0.00, real=0.02 secs] 
2016-09-24T04:28:20.414-0400: 11.243: [GC (GCLocker Initiated GC) [PSYoungGen: 162136K->55140K(175104K)] 414814K->334208K(699392K), 0.0073511 secs] [Times: user=0.07 sys=0.00, real=0.01 secs] 
2016-09-24T04:28:20.453-0400: 11.282: [GC (GCLocker Initiated GC) [PSYoungGen: 143204K->64466K(175104K)] 425040K->387554K(699392K), 0.0078453 secs] [Times: user=0.13 sys=0.00, real=0.01 secs] 
2016-09-24T04:28:20.492-0400: 11.321: [GC (GCLocker Initiated GC) [PSYoungGen: 152530K->78200K(175104K)] 486476K->428910K(699392K), 0.0074819 secs] [Times: user=0.10 sys=0.00, real=0.01 secs] 
2016-09-24T04:28:20.539-0400: 11.368: [GC (GCLocker Initiated GC) [PSYoungGen: 166264K->61766K(175104K)] 517101K->443085K(699392K), 0.0067600 secs] [Times: user=0.09 sys=0.00, real=0.01 secs] 
2016-09-24T04:28:20.570-0400: 11.399: [GC (GCLocker Initiated GC) [PSYoungGen: 149830K->78214K(175104K)] 540810K->504830K(699392K), 0.0079257 secs] [Times: user=0.12 sys=0.01, real=0.01 secs] 
2016-09-24T04:28:20.613-0400: 11.443: [GC (GCLocker Initiated GC) [PSYoungGen: 166278K->49534K(175104K)] 595851K->505501K(699392K), 0.0066705 secs] [Times: user=0.05 sys=0.01, real=0.01 secs] 
2016-09-24T04:28:20.651-0400: 11.480: [GC (GCLocker Initiated GC) [PSYoungGen: 137598K->84840K(175104K)] 596411K->559049K(699392K), 0.0084151 secs] [Times: user=0.10 sys=0.00, real=0.01 secs] 
2016-09-24T04:28:20.696-0400: 11.525: [Full GC (Ergonomics) [PSYoungGen: 172904K->0K(175104K)] [ParOldGen: 485229K->110157K(524288K)] 658133K->110157K(699392K), [Metaspace: 43344K->43344K(1085440K)], 0.0466818 secs] [Times: user=0.37 sys=0.00, real=0.05 secs] 
2016-09-24T04:28:20.771-0400: 11.600: [GC (GCLocker Initiated GC) [PSYoungGen: 88064K->86318K(175104K)] 201046K->203350K(699392K), 0.0071666 secs] [Times: user=0.09 sys=0.01, real=0.01 secs] 
2016-09-24T04:28:20.809-0400: 11.639: [GC (GCLocker Initiated GC) [PSYoungGen: 174382K->56188K(175104K)] 291574K->221482K(699392K), 0.0076706 secs] [Times: user=0.10 sys=0.00, real=0.01 secs] 
2016-09-24T04:28:20.853-0400: 11.682: [GC (GCLocker Initiated GC) [PSYoungGen: 144252K->79454K(175104K)] 321878K->268298K(699392K), 0.0074531 secs] [Times: user=0.09 sys=0.01, real=0.01 secs] 
2016-09-24T04:28:20.892-0400: 11.721: [GC (GCLocker Initiated GC) [PSYoungGen: 167518K->69894K(175104K)] 361924K->297421K(699392K), 0.0070379 secs] [Times: user=0.11 sys=0.00, real=0.01 secs] 
2016-09-24T04:28:20.928-0400: 11.757: [GC (GCLocker Initiated GC) [PSYoungGen: 157958K->77948K(175104K)] 388389K->331977K(699392K), 0.0076506 secs] [Times: user=0.11 sys=0.00, real=0.01 secs] 
2016-09-24T04:28:20.972-0400: 11.801: [GC (GCLocker Initiated GC) [PSYoungGen: 166012K->57744K(175104K)] 425866K->345100K(699392K), 0.0069290 secs] [Times: user=0.10 sys=0.00, real=0.01 secs] 
2016-09-24T04:28:21.004-0400: 11.833: [GC (GCLocker Initiated GC) [PSYoungGen: 145808K->67134K(175104K)] 436096K->390430K(699392K), 0.0069503 secs] [Times: user=0.10 sys=0.00, real=0.00 secs] 
2016-09-24T04:28:21.051-0400: 11.880: [GC (GCLocker Initiated GC) [PSYoungGen: 155198K->60522K(175104K)] 488132K->416894K(699392K), 0.0074260 secs] [Times: user=0.08 sys=0.00, real=0.01 secs] 
2016-09-24T04:28:21.097-0400: 11.926: [GC (GCLocker Initiated GC) [PSYoungGen: 148586K->41512K(175104K)] 511889K->429733K(699392K), 0.0059377 secs] [Times: user=0.08 sys=0.00, real=0.01 secs] 
2016-09-24T04:28:21.128-0400: 11.957: [GC (GCLocker Initiated GC) [PSYoungGen: 129576K->64448K(175104K)] 525972K->477608K(699392K), 0.0064941 secs] [Times: user=0.08 sys=0.00, real=0.01 secs] 
2016-09-24T04:28:21.171-0400: 12.001: [GC (GCLocker Initiated GC) [PSYoungGen: 152512K->41466K(175104K)] 569231K->480303K(699392K), 0.0055352 secs] [Times: user=0.08 sys=0.00, real=0.01 secs] 
2016-09-24T04:28:21.199-0400: 12.029: [GC (GCLocker Initiated GC) [PSYoungGen: 129530K->55062K(175104K)] 568470K->526985K(699392K), 0.0072885 secs] [Times: user=0.10 sys=0.00, real=0.01 secs] 
2016-09-24T04:28:21.245-0400: 12.074: [Full GC (Ergonomics) [PSYoungGen: 143126K->0K(175104K)] [ParOldGen: 480139K->98272K(524288K)] 623266K->98272K(699392K), [Metaspace: 43344K->43344K(1085440K)], 0.0428293 secs] [Times: user=0.29 sys=0.00, real=0.04 secs] 
2016-09-24T04:28:21.317-0400: 12.146: [GC (GCLocker Initiated GC) [PSYoungGen: 88064K->82286K(175104K)] 187076K->181307K(699392K), 0.0066997 secs] [Times: user=0.09 sys=0.00, real=0.01 secs] 
2016-09-24T04:28:21.355-0400: 12.184: [GC (GCLocker Initiated GC) [PSYoungGen: 170350K->60462K(175104K)] 272123K->203517K(699392K), 0.0071957 secs] [Times: user=0.12 sys=0.01, real=0.00 secs] 
2016-09-24T04:28:21.396-0400: 12.225: [GC (GCLocker Initiated GC) [PSYoungGen: 148526K->68704K(175104K)] 294458K->242269K(699392K), 0.0068474 secs] [Times: user=0.10 sys=0.00, real=0.01 secs] 
2016-09-24T04:28:21.430-0400: 12.260: [GC (GCLocker Initiated GC) [PSYoungGen: 156768K->82171K(175104K)] 335826K->286261K(699392K), 0.0076286 secs] [Times: user=0.11 sys=0.00, real=0.01 secs] 
2016-09-24T04:28:21.473-0400: 12.302: [GC (GCLocker Initiated GC) [PSYoungGen: 170235K->56503K(175104K)] 383889K->296470K(699392K), 0.0065431 secs] [Times: user=0.09 sys=0.00, real=0.01 secs] 
2016-09-24T04:28:21.507-0400: 12.336: [GC (GCLocker Initiated GC) [PSYoungGen: 144567K->60429K(175104K)] 384638K->322786K(699392K), 0.0071008 secs] [Times: user=0.08 sys=0.00, real=0.00 secs] 
2016-09-24T04:28:21.547-0400: 12.376: [GC (GCLocker Initiated GC) [PSYoungGen: 148493K->67303K(175104K)] 417821K->369585K(699392K), 0.0067543 secs] [Times: user=0.10 sys=0.00, real=0.00 secs] 
2016-09-24T04:28:21.588-0400: 12.417: [GC (GCLocker Initiated GC) [PSYoungGen: 155367K->67166K(175104K)] 457776K->394600K(699392K), 0.0070685 secs] [Times: user=0.10 sys=0.00, real=0.01 secs] 
2016-09-24T04:28:21.624-0400: 12.453: [GC (GCLocker Initiated GC) [PSYoungGen: 155230K->60727K(175104K)] 490951K->430771K(699392K), 0.0073132 secs] [Times: user=0.10 sys=0.00, real=0.00 secs] 
2016-09-24T04:28:21.670-0400: 12.500: [GC (GCLocker Initiated GC) [PSYoungGen: 148791K->46819K(175104K)] 521633K->447496K(699392K), 0.0064321 secs] [Times: user=0.09 sys=0.00, real=0.01 secs] 
2016-09-24T04:28:21.698-0400: 12.527: [GC (GCLocker Initiated GC) [PSYoungGen: 134883K->86345K(175104K)] 538427K->512005K(699392K), 0.0092026 secs] [Times: user=0.11 sys=0.00, real=0.01 secs] 
2016-09-24T04:28:21.750-0400: 12.579: [GC (GCLocker Initiated GC) [PSYoungGen: 174409K->49565K(175104K)] 609377K->529915K(699392K), 0.0075223 secs] [Times: user=0.10 sys=0.00, real=0.01 secs] 
2016-09-24T04:28:21.758-0400: 12.587: [Full GC (Ergonomics) [PSYoungGen: 49565K->0K(175104K)] [ParOldGen: 480349K->103953K(524288K)] 529915K->103953K(699392K), [Metaspace: 43349K->43349K(1085440K)], 0.0495297 secs] [Times: user=0.40 sys=0.00, real=0.05 secs] 
2016-09-24T04:28:21.828-0400: 12.657: [GC (GCLocker Initiated GC) [PSYoungGen: 88064K->86462K(175104K)] 194867K->204065K(699392K), 0.0111806 secs] [Times: user=0.16 sys=0.00, real=0.01 secs] 
2016-09-24T04:28:21.879-0400: 12.708: [GC (GCLocker Initiated GC) [PSYoungGen: 174526K->50883K(175104K)] 298586K->213672K(699392K), 0.0066859 secs] [Times: user=0.09 sys=0.00, real=0.01 secs] 
2016-09-24T04:28:21.912-0400: 12.742: [GC (GCLocker Initiated GC) [PSYoungGen: 138947K->79472K(175104K)] 307440K->266032K(699392K), 0.0072408 secs] [Times: user=0.11 sys=0.00, real=0.01 secs] 
2016-09-24T04:28:21.956-0400: 12.785: [GC (GCLocker Initiated GC) [PSYoungGen: 167536K->55089K(175104K)] 362305K->264062K(699392K), 0.0069602 secs] [Times: user=0.06 sys=0.01, real=0.01 secs] 
2016-09-24T04:28:21.991-0400: 12.820: [GC (GCLocker Initiated GC) [PSYoungGen: 143153K->64415K(175104K)] 352240K->302454K(699392K), 0.0071971 secs] [Times: user=0.08 sys=0.00, real=0.01 secs] 
2016-09-24T04:28:22.033-0400: 12.862: [GC (GCLocker Initiated GC) [PSYoungGen: 152479K->69784K(175104K)] 402884K->351764K(699392K), 0.0072563 secs] [Times: user=0.10 sys=0.00, real=0.01 secs] 
2016-09-24T04:28:22.065-0400: 12.894: [GC (GCLocker Initiated GC) [PSYoungGen: 157848K->75375K(175104K)] 442664K->390442K(699392K), 0.0077808 secs] [Times: user=0.11 sys=0.00, real=0.00 secs] 
2016-09-24T04:28:22.108-0400: 12.937: [GC (GCLocker Initiated GC) [PSYoungGen: 163439K->57711K(175104K)] 484156K->420924K(699392K), 0.0075199 secs] [Times: user=0.09 sys=0.01, real=0.01 secs] 
2016-09-24T04:28:22.151-0400: 12.980: [GC (GCLocker Initiated GC) [PSYoungGen: 145775K->56489K(175104K)] 514466K->448673K(699392K), 0.0065392 secs] [Times: user=0.08 sys=0.00, real=0.01 secs] 
2016-09-24T04:28:22.182-0400: 13.012: [GC (GCLocker Initiated GC) [PSYoungGen: 144553K->82075K(175104K)] 545026K->502193K(699392K), 0.0079295 secs] [Times: user=0.11 sys=0.00, real=0.00 secs] 
2016-09-24T04:28:22.227-0400: 13.056: [GC (GCLocker Initiated GC) [PSYoungGen: 170139K->63143K(175104K)] 590364K->521780K(699392K), 0.0077885 secs] [Times: user=0.08 sys=0.00, real=0.01 secs] 
2016-09-24T04:28:22.263-0400: 13.092: [GC (GCLocker Initiated GC) [PSYoungGen: 151207K->78121K(175104K)] 619501K->565934K(699392K), 0.0096742 secs] [Times: user=0.11 sys=0.01, real=0.00 secs] 
2016-09-24T04:28:22.273-0400: 13.102: [Full GC (Ergonomics) [PSYoungGen: 78121K->0K(175104K)] [ParOldGen: 487812K->125329K(524288K)] 565934K->125329K(699392K), [Metaspace: 43351K->43351K(1085440K)], 0.0462561 secs] [Times: user=0.41 sys=0.00, real=0.05 secs] 
2016-09-24T04:28:22.360-0400: 13.189: [GC (GCLocker Initiated GC) [PSYoungGen: 88064K->80950K(175104K)] 225621K->218507K(699392K), 0.0071236 secs] [Times: user=0.09 sys=0.01, real=0.01 secs] 
2016-09-24T04:28:22.404-0400: 13.233: [GC (GCLocker Initiated GC) [PSYoungGen: 169014K->61761K(175104K)] 310684K->217787K(699392K), 0.0098366 secs] [Times: user=0.14 sys=0.00, real=0.00 secs] 
2016-09-24T04:28:22.441-0400: 13.271: [GC (GCLocker Initiated GC) [PSYoungGen: 149825K->63065K(175104K)] 306151K->251073K(699392K), 0.0072948 secs] [Times: user=0.10 sys=0.00, real=0.01 secs] 
2016-09-24T04:28:22.488-0400: 13.317: [GC (GCLocker Initiated GC) [PSYoungGen: 151129K->65844K(175104K)] 352784K->308544K(699392K), 0.0074748 secs] [Times: user=0.11 sys=0.00, real=0.01 secs] 
2016-09-24T04:28:22.520-0400: 13.350: [GC (GCLocker Initiated GC) [PSYoungGen: 153908K->74039K(175104K)] 396708K->339043K(699392K), 0.0072446 secs] [Times: user=0.10 sys=0.00, real=0.01 secs] 
2016-09-24T04:28:22.566-0400: 13.395: [GC (GCLocker Initiated GC) [PSYoungGen: 162103K->48183K(175104K)] 429936K->353117K(699392K), 0.0068526 secs] [Times: user=0.08 sys=0.00, real=0.00 secs] 
2016-09-24T04:28:22.599-0400: 13.428: [GC (GCLocker Initiated GC) [PSYoungGen: 136247K->74021K(175104K)] 441686K->411020K(699392K), 0.0077824 secs] [Times: user=0.11 sys=0.00, real=0.01 secs] 
2016-09-24T04:28:22.636-0400: 13.465: [GC (GCLocker Initiated GC) [PSYoungGen: 162085K->52220K(175104K)] 499434K->432180K(699392K), 0.0084860 secs] [Times: user=0.09 sys=0.02, real=0.01 secs] 
2016-09-24T04:28:22.677-0400: 13.506: [GC (GCLocker Initiated GC) [PSYoungGen: 140284K->72612K(175104K)] 523068K->480236K(699392K), 0.0076879 secs] [Times: user=0.10 sys=0.01, real=0.01 secs] 
2016-09-24T04:28:22.716-0400: 13.545: [GC (GCLocker Initiated GC) [PSYoungGen: 160676K->60585K(175104K)] 576553K->516279K(699392K), 0.0089908 secs] [Times: user=0.11 sys=0.01, real=0.01 secs] 
2016-09-24T04:28:22.763-0400: 13.593: [GC (GCLocker Initiated GC) [PSYoungGen: 148649K->45483K(175104K)] 612617K->558789K(699392K), 0.0084536 secs] [Times: user=0.11 sys=0.01, real=0.00 secs] 
2016-09-24T04:28:22.772-0400: 13.601: [Full GC (Ergonomics) [PSYoungGen: 45483K->0K(175104K)] [ParOldGen: 513305K->123464K(524288K)] 558789K->123464K(699392K), [Metaspace: 43358K->43358K(1085440K)], 0.0485458 secs] [Times: user=0.44 sys=0.01, real=0.05 secs] 
2016-09-24T04:28:22.848-0400: 13.677: [GC (GCLocker Initiated GC) [PSYoungGen: 88064K->71422K(175104K)] 211767K->195125K(699392K), 0.0063770 secs] [Times: user=0.09 sys=0.00, real=0.01 secs] 
2016-09-24T04:28:22.882-0400: 13.712: [GC (GCLocker Initiated GC) [PSYoungGen: 159486K->59093K(175104K)] 287569K->217667K(699392K), 0.0072628 secs] [Times: user=0.11 sys=0.00, real=0.00 secs] 
2016-09-24T04:28:22.916-0400: 13.745: [GC (GCLocker Initiated GC) [PSYoungGen: 147157K->72644K(175104K)] 310060K->261860K(699392K), 0.0068062 secs] [Times: user=0.09 sys=0.00, real=0.01 secs] 
2016-09-24T04:28:22.956-0400: 13.785: [GC (GCLocker Initiated GC) [PSYoungGen: 160708K->68640K(175104K)] 360824K->293686K(699392K), 0.0070166 secs] [Times: user=0.10 sys=0.00, real=0.01 secs] 
2016-09-24T04:28:22.999-0400: 13.828: [GC (GCLocker Initiated GC) [PSYoungGen: 156704K->65798K(175104K)] 387200K->336116K(699392K), 0.0079428 secs] [Times: user=0.11 sys=0.00, real=0.01 secs] 
2016-09-24T04:28:23.037-0400: 13.866: [GC (GCLocker Initiated GC) [PSYoungGen: 153862K->69925K(175104K)] 424308K->374684K(699392K), 0.0079180 secs] [Times: user=0.12 sys=0.00, real=0.01 secs] 
2016-09-24T04:28:23.078-0400: 13.907: [GC (GCLocker Initiated GC) [PSYoungGen: 157989K->67289K(172032K)] 465492K->411838K(696320K), 0.0083341 secs] [Times: user=0.11 sys=0.01, real=0.01 secs] 
2016-09-24T04:28:23.118-0400: 13.948: [GC (GCLocker Initiated GC) [PSYoungGen: 155353K->68561K(173568K)] 500054K->455836K(697856K), 0.0081710 secs] [Times: user=0.12 sys=0.00, real=0.01 secs] 
2016-09-24T04:28:23.163-0400: 13.992: [GC (GCLocker Initiated GC) [PSYoungGen: 156625K->55203K(176128K)] 549528K->486548K(700416K), 0.0077826 secs] [Times: user=0.09 sys=0.00, real=0.00 secs] 
2016-09-24T04:28:23.201-0400: 14.031: [GC (GCLocker Initiated GC) [PSYoungGen: 146851K->75499K(167424K)] 578281K->522474K(691712K), 0.0174264 secs] [Times: user=0.26 sys=0.00, real=0.02 secs] 
2016-09-24T04:28:23.256-0400: 14.085: [GC (GCLocker Initiated GC) [PSYoungGen: 167147K->67271K(177152K)] 623815K->547594K(701440K), 0.0078084 secs] [Times: user=0.10 sys=0.01, real=0.01 secs] 
2016-09-24T04:28:23.263-0400: 14.093: [Full GC (Ergonomics) [PSYoungGen: 67271K->0K(177152K)] [ParOldGen: 480322K->127185K(524288K)] 547594K->127185K(701440K), [Metaspace: 43359K->43359K(1085440K)], 0.0454495 secs] [Times: user=0.39 sys=0.01, real=0.04 secs] 
2016-09-24T04:28:23.345-0400: 14.174: [GC (GCLocker Initiated GC) [PSYoungGen: 90624K->75329K(175616K)] 224634K->209339K(699904K), 0.0063161 secs] [Times: user=0.06 sys=0.01, real=0.00 secs] 
2016-09-24T04:28:23.385-0400: 14.214: [GC (GCLocker Initiated GC) [PSYoungGen: 165953K->84963K(174592K)] 313725K->256228K(698880K), 0.0091338 secs] [Times: user=0.12 sys=0.02, real=0.01 secs] 
2016-09-24T04:28:23.443-0400: 14.273: [GC (GCLocker Initiated GC) [PSYoungGen: 173027K->48115K(175104K)] 367433K->259444K(699392K), 0.0066208 secs] [Times: user=0.05 sys=0.01, real=0.00 secs] 
2016-09-24T04:28:23.487-0400: 14.316: [GC (GCLocker Initiated GC) [PSYoungGen: 136179K->52073K(175104K)] 351658K->280151K(699392K), 0.0087270 secs] [Times: user=0.08 sys=0.01, real=0.01 secs] 
2016-09-24T04:28:23.520-0400: 14.349: [GC (GCLocker Initiated GC) [PSYoungGen: 140137K->67033K(175104K)] 373766K->320011K(699392K), 0.0080412 secs] [Times: user=0.06 sys=0.00, real=0.01 secs] 
2016-09-24T04:28:23.569-0400: 14.398: [GC (GCLocker Initiated GC) [PSYoungGen: 155097K->49517K(175104K)] 413536K->334122K(699392K), 0.0065832 secs] [Times: user=0.06 sys=0.00, real=0.01 secs] 
2016-09-24T04:28:23.598-0400: 14.427: [GC (GCLocker Initiated GC) [PSYoungGen: 137581K->76707K(175104K)] 425004K->386296K(699392K), 0.0077607 secs] [Times: user=0.09 sys=0.01, real=0.01 secs] 
2016-09-24T04:28:23.648-0400: 14.477: [GC (GCLocker Initiated GC) [PSYoungGen: 164771K->67226K(175104K)] 481270K->411428K(699392K), 0.0078663 secs] [Times: user=0.11 sys=0.01, real=0.01 secs] 
2016-09-24T04:28:23.685-0400: 14.514: [GC (GCLocker Initiated GC) [PSYoungGen: 155290K->68689K(175104K)] 499674K->442048K(699392K), 0.0091739 secs] [Times: user=0.14 sys=0.01, real=0.00 secs] 
2016-09-24T04:28:23.724-0400: 14.554: [GC (GCLocker Initiated GC) [PSYoungGen: 156753K->64480K(175104K)] 532876K->480487K(699392K), 0.0085397 secs] [Times: user=0.12 sys=0.02, real=0.00 secs] 
2016-09-24T04:28:23.763-0400: 14.592: [GC (GCLocker Initiated GC) [PSYoungGen: 152544K->48421K(175104K)] 578130K->504249K(699392K), 0.0080193 secs] [Times: user=0.07 sys=0.02, real=0.00 secs] 
2016-09-24T04:28:23.811-0400: 14.640: [GC (GCLocker Initiated GC) [PSYoungGen: 136485K->56247K(175104K)] 597867K->538674K(699392K), 0.0177021 secs] [Times: user=0.22 sys=0.02, real=0.02 secs] 
2016-09-24T04:28:23.829-0400: 14.658: [Full GC (Ergonomics) [PSYoungGen: 56247K->0K(175104K)] [ParOldGen: 482426K->125621K(524288K)] 538674K->125621K(699392K), [Metaspace: 43362K->43362K(1085440K)], 0.0580610 secs] [Times: user=0.39 sys=0.07, real=0.06 secs] 
2016-09-24T04:28:23.920-0400: 14.749: [GC (GCLocker Initiated GC) [PSYoungGen: 88064K->86130K(175104K)] 213896K->225462K(699392K), 0.0077438 secs] [Times: user=0.11 sys=0.01, real=0.01 secs] 
2016-09-24T04:28:23.962-0400: 14.791: [GC (GCLocker Initiated GC) [PSYoungGen: 174194K->67285K(175104K)] 330082K->244075K(699392K), 0.0070740 secs] [Times: user=0.09 sys=0.00, real=0.01 secs] 
2016-09-24T04:28:24.011-0400: 14.840: [GC (GCLocker Initiated GC) [PSYoungGen: 155349K->71165K(175104K)] 332285K->260926K(699392K), 0.0069626 secs] [Times: user=0.09 sys=0.01, real=0.01 secs] 
2016-09-24T04:28:24.047-0400: 14.876: [GC (GCLocker Initiated GC) [PSYoungGen: 159229K->59075K(175104K)] 359904K->283147K(699392K), 0.0063874 secs] [Times: user=0.08 sys=0.00, real=0.00 secs] 
2016-09-24T04:28:24.091-0400: 14.921: [GC (GCLocker Initiated GC) [PSYoungGen: 147139K->69769K(175104K)] 371294K->316125K(699392K), 0.0096308 secs] [Times: user=0.13 sys=0.01, real=0.01 secs] 
2016-09-24T04:28:24.126-0400: 14.955: [GC (GCLocker Initiated GC) [PSYoungGen: 157833K->68717K(175104K)] 409699K->343985K(699392K), 0.0068787 secs] [Times: user=0.18 sys=0.02, real=0.00 secs] 
2016-09-24T04:28:24.174-0400: 15.003: [GC (GCLocker Initiated GC) [PSYoungGen: 156781K->37415K(175104K)] 444289K->356662K(699392K), 0.0071663 secs] [Times: user=0.06 sys=0.01, real=0.01 secs] 
2016-09-24T04:28:24.209-0400: 15.038: [GC (GCLocker Initiated GC) [PSYoungGen: 125479K->84807K(175104K)] 444972K->414304K(699392K), 0.0073908 secs] [Times: user=0.10 sys=0.00, real=0.01 secs] 
2016-09-24T04:28:24.253-0400: 15.082: [GC (GCLocker Initiated GC) [PSYoungGen: 172871K->55107K(175104K)] 507890K->427263K(699392K), 0.0065388 secs] [Times: user=0.10 sys=0.00, real=0.01 secs] 
2016-09-24T04:28:24.291-0400: 15.120: [GC (GCLocker Initiated GC) [PSYoungGen: 143171K->74103K(175104K)] 515513K->461970K(699392K), 0.0105933 secs] [Times: user=0.10 sys=0.02, real=0.01 secs] 
2016-09-24T04:28:24.335-0400: 15.165: [GC (GCLocker Initiated GC) [PSYoungGen: 162167K->78167K(175104K)] 562332K->497939K(699392K), 0.0077864 secs] [Times: user=0.12 sys=0.01, real=0.01 secs] 
2016-09-24T04:28:24.385-0400: 15.214: [GC (GCLocker Initiated GC) [PSYoungGen: 166231K->63001K(175104K)] 591561K->517414K(699392K), 0.0094148 secs] [Times: user=0.13 sys=0.01, real=0.00 secs] 
2016-09-24T04:28:24.425-0400: 15.254: [GC (GCLocker Initiated GC) [PSYoungGen: 151065K->75435K(175104K)] 613728K->565600K(699392K), 0.0071647 secs] [Times: user=0.11 sys=0.00, real=0.00 secs] 
2016-09-24T04:28:24.432-0400: 15.261: [Full GC (Ergonomics) [PSYoungGen: 75435K->0K(175104K)] [ParOldGen: 490164K->137969K(524288K)] 565600K->137969K(699392K), [Metaspace: 43369K->43369K(1085440K)], 0.0513749 secs] [Times: user=0.42 sys=0.01, real=0.06 secs] 
2016-09-24T04:28:24.515-0400: 15.344: [GC (GCLocker Initiated GC) [PSYoungGen: 88064K->74121K(175104K)] 226118K->212176K(699392K), 0.0068382 secs] [Times: user=0.09 sys=0.01, real=0.00 secs] 
2016-09-24T04:28:24.626-0400: 15.455: [GC (GCLocker Initiated GC) [PSYoungGen: 162185K->64539K(175104K)] 311165K->230476K(699392K), 0.0064109 secs] [Times: user=0.10 sys=0.00, real=0.00 secs] 
2016-09-24T04:28:24.670-0400: 15.499: [GC (GCLocker Initiated GC) [PSYoungGen: 152603K->64543K(175104K)] 322650K->251399K(699392K), 0.0099441 secs] [Times: user=0.13 sys=0.01, real=0.01 secs] 
2016-09-24T04:28:24.699-0400: 15.528: [GC (GCLocker Initiated GC) [PSYoungGen: 152607K->76579K(175104K)] 344914K->283011K(699392K), 0.0102969 secs] [Times: user=0.06 sys=0.00, real=0.01 secs] 
2016-09-24T04:28:24.746-0400: 15.575: [GC (GCLocker Initiated GC) [PSYoungGen: 164643K->52251K(175104K)] 373826K->297073K(699392K), 0.0064270 secs] [Times: user=0.08 sys=0.00, real=0.00 secs] 
2016-09-24T04:28:24.779-0400: 15.608: [GC (GCLocker Initiated GC) [PSYoungGen: 140315K->65986K(175104K)] 393508K->338626K(699392K), 0.0124011 secs] [Times: user=0.18 sys=0.01, real=0.01 secs] 
2016-09-24T04:28:24.834-0400: 15.663: [GC (GCLocker Initiated GC) [PSYoungGen: 154050K->59111K(175104K)] 432349K->366502K(699392K), 0.0066197 secs] [Times: user=0.10 sys=0.00, real=0.01 secs] 
2016-09-24T04:28:24.877-0400: 15.706: [GC (GCLocker Initiated GC) [PSYoungGen: 147175K->78108K(175104K)] 454715K->413289K(699392K), 0.0075826 secs] [Times: user=0.11 sys=0.00, real=0.01 secs] 
2016-09-24T04:28:24.916-0400: 15.746: [GC (GCLocker Initiated GC) [PSYoungGen: 166172K->75468K(175104K)] 509648K->443922K(699392K), 0.0078277 secs] [Times: user=0.11 sys=0.01, real=0.01 secs] 
2016-09-24T04:28:24.961-0400: 15.790: [GC (GCLocker Initiated GC) [PSYoungGen: 163532K->45644K(175104K)] 532128K->459556K(699392K), 0.0071400 secs] [Times: user=0.10 sys=0.00, real=0.01 secs] 
2016-09-24T04:28:25.002-0400: 15.831: [GC (GCLocker Initiated GC) [PSYoungGen: 133708K->74008K(175104K)] 547942K->517202K(699392K), 0.0075528 secs] [Times: user=0.10 sys=0.01, real=0.01 secs] 
2016-09-24T04:28:25.037-0400: 15.866: [GC (GCLocker Initiated GC) [PSYoungGen: 162072K->68576K(175104K)] 610767K->544959K(699392K), 0.0075116 secs] [Times: user=0.09 sys=0.01, real=0.01 secs] 
2016-09-24T04:28:25.079-0400: 15.908: [GC (GCLocker Initiated GC) [PSYoungGen: 156640K->48152K(175104K)] 633274K->555057K(699392K), 0.0087424 secs] [Times: user=0.07 sys=0.00, real=0.01 secs] 
2016-09-24T04:28:25.087-0400: 15.917: [Full GC (Ergonomics) [PSYoungGen: 48152K->0K(175104K)] [ParOldGen: 506905K->130040K(524288K)] 555057K->130040K(699392K), [Metaspace: 43372K->43372K(1085440K)], 0.0475143 secs] [Times: user=0.37 sys=0.05, real=0.05 secs] 
2016-09-24T04:28:25.252-0400: 16.082: [GC (GCLocker Initiated GC) [PSYoungGen: 88064K->71344K(175104K)] 218300K->201580K(699392K), 0.0059302 secs] [Times: user=0.07 sys=0.01, real=0.01 secs] 
2016-09-24T04:28:25.290-0400: 16.120: [GC (GCLocker Initiated GC) [PSYoungGen: 159408K->78122K(175104K)] 292399K->249629K(699392K), 0.0094318 secs] [Times: user=0.14 sys=0.00, real=0.01 secs] 
2016-09-24T04:28:25.335-0400: 16.165: [GC (GCLocker Initiated GC) [PSYoungGen: 166186K->57729K(175104K)] 337859K->274697K(699392K), 0.0079962 secs] [Times: user=0.12 sys=0.01, real=0.01 secs] 
2016-09-24T04:28:25.379-0400: 16.208: [GC (GCLocker Initiated GC) [PSYoungGen: 145793K->74117K(175104K)] 362928K->310781K(699392K), 0.0072900 secs] [Times: user=0.10 sys=0.00, real=0.01 secs] 
2016-09-24T04:28:25.423-0400: 16.252: [GC (GCLocker Initiated GC) [PSYoungGen: 162181K->48138K(175104K)] 398985K->327525K(699392K), 0.0073629 secs] [Times: user=0.09 sys=0.00, real=0.00 secs] 
2016-09-24T04:28:25.460-0400: 16.289: [GC (GCLocker Initiated GC) [PSYoungGen: 136202K->59281K(175104K)] 419971K->369216K(699392K), 0.0071344 secs] [Times: user=0.09 sys=0.01, real=0.01 secs] 
2016-09-24T04:28:25.501-0400: 16.330: [GC (GCLocker Initiated GC) [PSYoungGen: 147345K->48154K(175104K)] 460051K->383278K(699392K), 0.0073110 secs] [Times: user=0.10 sys=0.00, real=0.01 secs] 
2016-09-24T04:28:25.547-0400: 16.376: [GC (GCLocker Initiated GC) [PSYoungGen: 136218K->45483K(175104K)] 477015K->415083K(699392K), 0.0082747 secs] [Times: user=0.07 sys=0.00, real=0.01 secs] 
2016-09-24T04:28:25.587-0400: 16.416: [GC (GCLocker Initiated GC) [PSYoungGen: 133547K->68465K(175104K)] 505973K->465761K(699392K), 0.0090233 secs] [Times: user=0.08 sys=0.01, real=0.01 secs] 
2016-09-24T04:28:25.627-0400: 16.456: [GC (GCLocker Initiated GC) [PSYoungGen: 156529K->58983K(175104K)] 554605K->485959K(699392K), 0.0100057 secs] [Times: user=0.09 sys=0.01, real=0.01 secs] 
2016-09-24T04:28:25.668-0400: 16.497: [GC (GCLocker Initiated GC) [PSYoungGen: 147047K->61844K(150016K)] 579636K->520660K(674304K), 0.0077239 secs] [Times: user=0.10 sys=0.00, real=0.01 secs] 
2016-09-24T04:28:25.713-0400: 16.542: [GC (GCLocker Initiated GC) [PSYoungGen: 149908K->69975K(174080K)] 611645K->552569K(698368K), 0.0076018 secs] [Times: user=0.11 sys=0.00, real=0.01 secs] 
2016-09-24T04:28:25.721-0400: 16.550: [Full GC (Ergonomics) [PSYoungGen: 69975K->0K(174080K)] [ParOldGen: 482593K->143378K(524288K)] 552569K->143378K(698368K), [Metaspace: 43376K->43376K(1085440K)], 0.0459344 secs] [Times: user=0.54 sys=0.06, real=0.05 secs] 
2016-09-24T04:28:25.803-0400: 16.632: [GC (GCLocker Initiated GC) [PSYoungGen: 87552K->86368K(174592K)] 236705K->240921K(698880K), 0.0073015 secs] [Times: user=0.12 sys=0.01, real=0.00 secs] 
2016-09-24T04:28:25.848-0400: 16.678: [GC (GCLocker Initiated GC) [PSYoungGen: 173920K->63052K(175104K)] 331277K->261718K(699392K), 0.0099094 secs] [Times: user=0.14 sys=0.01, real=0.01 secs] 
2016-09-24T04:28:25.897-0400: 16.726: [GC (GCLocker Initiated GC) [PSYoungGen: 151116K->69985K(175104K)] 362202K->317982K(699392K), 0.0074355 secs] [Times: user=0.12 sys=0.00, real=0.01 secs] 
2016-09-24T04:28:25.944-0400: 16.773: [GC (GCLocker Initiated GC) [PSYoungGen: 158049K->49597K(175104K)] 408805K->322633K(699392K), 0.0057127 secs] [Times: user=0.07 sys=0.00, real=0.00 secs] 
2016-09-24T04:28:25.977-0400: 16.807: [GC (GCLocker Initiated GC) [PSYoungGen: 137661K->76547K(175104K)] 410836K->373195K(699392K), 0.0077647 secs] [Times: user=0.09 sys=0.01, real=0.01 secs] 
2016-09-24T04:28:26.020-0400: 16.849: [GC (GCLocker Initiated GC) [PSYoungGen: 164611K->45356K(175104K)] 466745K->373647K(699392K), 0.0068814 secs] [Times: user=0.05 sys=0.01, real=0.01 secs] 
2016-09-24T04:28:26.052-0400: 16.881: [GC (GCLocker Initiated GC) [PSYoungGen: 133420K->86286K(175104K)] 461904K->446448K(699392K), 0.0082402 secs] [Times: user=0.10 sys=0.01, real=0.01 secs] 
2016-09-24T04:28:26.094-0400: 16.924: [GC (GCLocker Initiated GC) [PSYoungGen: 174350K->61872K(175104K)] 537343K->460705K(699392K), 0.0069832 secs] [Times: user=0.10 sys=0.01, real=0.00 secs] 
2016-09-24T04:28:26.129-0400: 16.958: [GC (GCLocker Initiated GC) [PSYoungGen: 149936K->75202K(175104K)] 548972K->504632K(699392K), 0.0078187 secs] [Times: user=0.12 sys=0.01, real=0.01 secs] 
2016-09-24T04:28:26.168-0400: 16.997: [GC (GCLocker Initiated GC) [PSYoungGen: 163266K->69766K(175104K)] 595513K->537645K(699392K), 0.0090164 secs] [Times: user=0.10 sys=0.01, real=0.01 secs] 
2016-09-24T04:28:26.211-0400: 17.041: [GC (GCLocker Initiated GC) [PSYoungGen: 157830K->47104K(175104K)] 627149K->568311K(699392K), 0.0079654 secs] [Times: user=0.11 sys=0.01, real=0.01 secs] 
2016-09-24T04:28:26.219-0400: 17.049: [Full GC (Ergonomics) [PSYoungGen: 47104K->0K(175104K)] [ParOldGen: 521207K->136261K(524288K)] 568311K->136261K(699392K), [Metaspace: 43376K->43376K(1085440K)], 0.0446520 secs] [Times: user=0.39 sys=0.05, real=0.05 secs] 
2016-09-24T04:28:26.301-0400: 17.130: [GC (GCLocker Initiated GC) [PSYoungGen: 88064K->86460K(175104K)] 229883K->236380K(699392K), 0.0096122 secs] [Times: user=0.13 sys=0.02, real=0.01 secs] 
2016-09-24T04:28:26.354-0400: 17.183: [GC (GCLocker Initiated GC) [PSYoungGen: 174524K->37351K(175104K)] 324601K->226170K(699392K), 0.0065454 secs] [Times: user=0.08 sys=0.01, real=0.01 secs] 
2016-09-24T04:28:26.389-0400: 17.218: [GC (GCLocker Initiated GC) [PSYoungGen: 125415K->64511K(175104K)] 322489K->297215K(699392K), 0.0080363 secs] [Times: user=0.09 sys=0.01, real=0.01 secs] 
2016-09-24T04:28:26.429-0400: 17.258: [GC (GCLocker Initiated GC) [PSYoungGen: 152575K->56631K(175104K)] 397614K->345432K(699392K), 0.0079453 secs] [Times: user=0.12 sys=0.00, real=0.01 secs] 
2016-09-24T04:28:26.476-0400: 17.306: [GC (GCLocker Initiated GC) [PSYoungGen: 144695K->45419K(175104K)] 435727K->364156K(699392K), 0.0071545 secs] [Times: user=0.10 sys=0.00, real=0.01 secs] 
2016-09-24T04:28:26.507-0400: 17.336: [GC (GCLocker Initiated GC) [PSYoungGen: 133483K->72502K(175104K)] 452359K->413556K(699392K), 0.0076283 secs] [Times: user=0.10 sys=0.01, real=0.01 secs] 
2016-09-24T04:28:26.553-0400: 17.382: [GC (GCLocker Initiated GC) [PSYoungGen: 160566K->48229K(175104K)] 504613K->426486K(699392K), 0.0077742 secs] [Times: user=0.09 sys=0.01, real=0.01 secs] 
2016-09-24T04:28:26.594-0400: 17.423: [GC (GCLocker Initiated GC) [PSYoungGen: 136293K->45451K(175104K)] 516033K->455534K(699392K), 0.0069320 secs] [Times: user=0.08 sys=0.01, real=0.01 secs] 
2016-09-24T04:28:26.637-0400: 17.466: [GC (GCLocker Initiated GC) [PSYoungGen: 133515K->56265K(175104K)] 551920K->491360K(699392K), 0.0072140 secs] [Times: user=0.07 sys=0.01, real=0.01 secs] 
2016-09-24T04:28:26.678-0400: 17.507: [GC (GCLocker Initiated GC) [PSYoungGen: 144329K->56411K(175104K)] 585028K->530207K(699392K), 0.0072686 secs] [Times: user=0.11 sys=0.01, real=0.01 secs] 
2016-09-24T04:28:26.685-0400: 17.514: [Full GC (Ergonomics) [PSYoungGen: 56411K->0K(175104K)] [ParOldGen: 473795K->150271K(524288K)] 530207K->150271K(699392K), [Metaspace: 43380K->43380K(1085440K)], 0.0498930 secs] [Times: user=0.46 sys=0.05, real=0.05 secs] 
2016-09-24T04:28:26.772-0400: 17.601: [GC (GCLocker Initiated GC) [PSYoungGen: 88064K->71454K(175104K)] 249262K->232652K(699392K), 0.0127198 secs] [Times: user=0.14 sys=0.01, real=0.02 secs] 
2016-09-24T04:28:26.815-0400: 17.645: [GC (GCLocker Initiated GC) [PSYoungGen: 159518K->76634K(175104K)] 323592K->260451K(699392K), 0.0080945 secs] [Times: user=0.13 sys=0.01, real=0.01 secs] 
2016-09-24T04:28:26.870-0400: 17.700: [GC (GCLocker Initiated GC) [PSYoungGen: 164698K->64406K(175104K)] 351336K->285410K(699392K), 0.0076329 secs] [Times: user=0.11 sys=0.01, real=0.01 secs] 
2016-09-24T04:28:26.906-0400: 17.735: [GC (GCLocker Initiated GC) [PSYoungGen: 152470K->79306K(175104K)] 373571K->321176K(699392K), 0.0072816 secs] [Times: user=0.10 sys=0.00, real=0.00 secs] 
2016-09-24T04:28:26.947-0400: 17.776: [GC (GCLocker Initiated GC) [PSYoungGen: 167370K->81895K(175104K)] 412128K->356838K(699392K), 0.0076929 secs] [Times: user=0.10 sys=0.01, real=0.01 secs] 
2016-09-24T04:28:26.987-0400: 17.816: [GC (GCLocker Initiated GC) [PSYoungGen: 169959K->76623K(175104K)] 445058K->373804K(699392K), 0.0072423 secs] [Times: user=0.10 sys=0.00, real=0.00 secs] 
2016-09-24T04:28:27.117-0400: 17.946: [GC (GCLocker Initiated GC) [PSYoungGen: 164687K->63014K(175104K)] 467681K->381285K(699392K), 0.1281009 secs] [Times: user=1.90 sys=0.13, real=0.13 secs] 
2016-09-24T04:28:27.280-0400: 18.109: [GC (GCLocker Initiated GC) [PSYoungGen: 151078K->64232K(175104K)] 469577K->406183K(699392K), 0.0089968 secs] [Times: user=0.12 sys=0.02, real=0.01 secs] 
2016-09-24T04:28:27.321-0400: 18.150: [GC (GCLocker Initiated GC) [PSYoungGen: 152296K->80565K(175104K)] 494276K->445875K(699392K), 0.0109153 secs] [Times: user=0.17 sys=0.01, real=0.01 secs] 
2016-09-24T04:28:27.367-0400: 18.197: [GC (GCLocker Initiated GC) [PSYoungGen: 168629K->71128K(175104K)] 536858K->472154K(699392K), 0.0103016 secs] [Times: user=0.11 sys=0.01, real=0.01 secs] 
2016-09-24T04:28:27.415-0400: 18.244: [GC (GCLocker Initiated GC) [PSYoungGen: 159192K->57564K(175104K)] 571516K->501359K(699392K), 0.0070067 secs] [Times: user=0.09 sys=0.01, real=0.01 secs] 
2016-09-24T04:28:27.448-0400: 18.277: [GC (GCLocker Initiated GC) [PSYoungGen: 145628K->65632K(175104K)] 596419K->538459K(699392K), 0.0072351 secs] [Times: user=0.10 sys=0.01, real=0.01 secs] 
2016-09-24T04:28:27.493-0400: 18.322: [GC (GCLocker Initiated GC) [PSYoungGen: 153696K->68190K(175104K)] 632066K->561844K(699392K), 0.0136747 secs] [Times: user=0.18 sys=0.02, real=0.02 secs] 
2016-09-24T04:28:27.507-0400: 18.336: [Full GC (Ergonomics) [PSYoungGen: 68190K->0K(175104K)] [ParOldGen: 493653K->158003K(524288K)] 561844K->158003K(699392K), [Metaspace: 43382K->43382K(1085440K)], 0.0457806 secs] [Times: user=0.39 sys=0.05, real=0.04 secs] 
2016-09-24T04:28:27.581-0400: 18.410: [GC (GCLocker Initiated GC) [PSYoungGen: 88064K->81992K(175104K)] 248840K->242769K(699392K), 0.0067704 secs] [Times: user=0.08 sys=0.01, real=0.01 secs] 
2016-09-24T04:28:27.639-0400: 18.468: [GC (GCLocker Initiated GC) [PSYoungGen: 170056K->68332K(175104K)] 331062K->259525K(699392K), 0.0065872 secs] [Times: user=0.09 sys=0.01, real=0.01 secs] 
2016-09-24T04:28:27.676-0400: 18.505: [GC (GCLocker Initiated GC) [PSYoungGen: 156396K->75146K(175104K)] 351846K->281752K(699392K), 0.0066825 secs] [Times: user=0.09 sys=0.02, real=0.01 secs] 
2016-09-24T04:28:27.729-0400: 18.558: [GC (GCLocker Initiated GC) [PSYoungGen: 163210K->56167K(175104K)] 369882K->309176K(699392K), 0.0069703 secs] [Times: user=0.10 sys=0.01, real=0.01 secs] 
2016-09-24T04:28:27.762-0400: 18.591: [GC (GCLocker Initiated GC) [PSYoungGen: 144231K->80628K(175104K)] 404079K->354261K(699392K), 0.0072317 secs] [Times: user=0.08 sys=0.01, real=0.01 secs] 
2016-09-24T04:28:27.822-0400: 18.651: [GC (GCLocker Initiated GC) [PSYoungGen: 168692K->56187K(175104K)] 451843K->368095K(699392K), 0.0073302 secs] [Times: user=0.05 sys=0.02, real=0.01 secs] 
2016-09-24T04:28:27.852-0400: 18.681: [GC (GCLocker Initiated GC) [PSYoungGen: 144251K->79165K(175104K)] 456311K->406486K(699392K), 0.0071186 secs] [Times: user=0.11 sys=0.00, real=0.01 secs] 
2016-09-24T04:28:27.913-0400: 18.742: [GC (GCLocker Initiated GC) [PSYoungGen: 167229K->50688K(175104K)] 508205K->416275K(699392K), 0.0072520 secs] [Times: user=0.06 sys=0.00, real=0.01 secs] 
2016-09-24T04:28:27.954-0400: 18.783: [GC (GCLocker Initiated GC) [PSYoungGen: 138752K->64250K(175104K)] 513929K->454676K(699392K), 0.0091066 secs] [Times: user=0.06 sys=0.01, real=0.02 secs] 
2016-09-24T04:28:28.002-0400: 18.831: [GC (GCLocker Initiated GC) [PSYoungGen: 152314K->75018K(175104K)] 542841K->491588K(699392K), 0.0078281 secs] [Times: user=0.08 sys=0.01, real=0.01 secs] 
2016-09-24T04:28:28.042-0400: 18.871: [GC (GCLocker Initiated GC) [PSYoungGen: 163082K->46543K(175104K)] 591928K->493242K(699392K), 0.0117519 secs] [Times: user=0.11 sys=0.02, real=0.01 secs] 
2016-09-24T04:28:28.098-0400: 18.927: [GC (GCLocker Initiated GC) [PSYoungGen: 134607K->61504K(175104K)] 589535K->530283K(699392K), 0.0102263 secs] [Times: user=0.11 sys=0.02, real=0.01 secs] 
2016-09-24T04:28:28.155-0400: 18.984: [GC (GCLocker Initiated GC) [PSYoungGen: 149568K->72400K(175104K)] 621151K->553761K(699392K), 0.0105020 secs] [Times: user=0.13 sys=0.01, real=0.01 secs] 
2016-09-24T04:28:28.166-0400: 18.995: [Full GC (Ergonomics) [PSYoungGen: 72400K->0K(175104K)] [ParOldGen: 481360K->150610K(524288K)] 553761K->150610K(699392K), [Metaspace: 43382K->43382K(1085440K)], 0.0737456 secs] [Times: user=0.65 sys=0.08, real=0.07 secs] 
2016-09-24T04:28:28.281-0400: 19.110: [GC (GCLocker Initiated GC) [PSYoungGen: 88064K->71210K(175104K)] 254975K->238122K(699392K), 0.0060106 secs] [Times: user=0.09 sys=0.00, real=0.01 secs] 
2016-09-24T04:28:28.318-0400: 19.147: [GC (GCLocker Initiated GC) [PSYoungGen: 159274K->73654K(175104K)] 331678K->276283K(699392K), 0.0096392 secs] [Times: user=0.14 sys=0.00, real=0.01 secs] 
2016-09-24T04:28:28.362-0400: 19.192: [GC (GCLocker Initiated GC) [PSYoungGen: 161718K->84614K(175104K)] 376729K->305308K(699392K), 0.0126787 secs] [Times: user=0.16 sys=0.01, real=0.01 secs] 
2016-09-24T04:28:28.408-0400: 19.237: [GC (GCLocker Initiated GC) [PSYoungGen: 172678K->62918K(175104K)] 396128K->304273K(699392K), 0.0067467 secs] [Times: user=0.10 sys=0.01, real=0.01 secs] 
2016-09-24T04:28:28.450-0400: 19.280: [GC (GCLocker Initiated GC) [PSYoungGen: 150982K->80547K(175104K)] 403577K->334778K(699392K), 0.0074235 secs] [Times: user=0.11 sys=0.01, real=0.01 secs] 
2016-09-24T04:28:28.495-0400: 19.324: [GC (GCLocker Initiated GC) [PSYoungGen: 168611K->68236K(175104K)] 428305K->341803K(699392K), 0.0069427 secs] [Times: user=0.11 sys=0.01, real=0.00 secs] 
2016-09-24T04:28:28.540-0400: 19.369: [GC (GCLocker Initiated GC) [PSYoungGen: 156300K->66919K(175104K)] 438060K->379997K(699392K), 0.0072158 secs] [Times: user=0.11 sys=0.01, real=0.01 secs] 
2016-09-24T04:28:28.588-0400: 19.417: [GC (GCLocker Initiated GC) [PSYoungGen: 154983K->52021K(175104K)] 470932K->387144K(699392K), 0.0112151 secs] [Times: user=0.08 sys=0.00, real=0.01 secs] 
2016-09-24T04:28:28.634-0400: 19.464: [GC (GCLocker Initiated GC) [PSYoungGen: 140085K->69607K(175104K)] 480838K->431008K(699392K), 0.0080544 secs] [Times: user=0.08 sys=0.01, real=0.01 secs] 
2016-09-24T04:28:28.689-0400: 19.518: [GC (GCLocker Initiated GC) [PSYoungGen: 157671K->53404K(175104K)] 527404K->447759K(699392K), 0.0063121 secs] [Times: user=0.08 sys=0.00, real=0.01 secs] 
2016-09-24T04:28:28.781-0400: 19.610: [GC (GCLocker Initiated GC) [PSYoungGen: 141468K->35665K(175104K)] 552171K->452048K(699392K), 0.0077272 secs] [Times: user=0.06 sys=0.00, real=0.01 secs] 
2016-09-24T04:28:28.838-0400: 19.667: [GC (GCLocker Initiated GC) [PSYoungGen: 123729K->53212K(175104K)] 542883K->482118K(699392K), 0.0066521 secs] [Times: user=0.06 sys=0.00, real=0.01 secs] 
2016-09-24T04:28:28.877-0400: 19.706: [GC (GCLocker Initiated GC) [PSYoungGen: 141276K->70986K(175104K)] 570273K->520490K(699392K), 0.0153742 secs] [Times: user=0.17 sys=0.00, real=0.01 secs] 
2016-09-24T04:28:28.936-0400: 19.765: [GC (GCLocker Initiated GC) [PSYoungGen: 159050K->56086K(175104K)] 608697K->529014K(699392K), 0.0071119 secs] [Times: user=0.08 sys=0.00, real=0.01 secs] 
2016-09-24T04:28:28.984-0400: 19.813: [GC (GCLocker Initiated GC) [PSYoungGen: 144150K->57518K(175104K)] 628057K->575467K(699392K), 0.0091504 secs] [Times: user=0.11 sys=0.01, real=0.00 secs] 
2016-09-24T04:28:28.993-0400: 19.822: [Full GC (Ergonomics) [PSYoungGen: 57518K->0K(175104K)] [ParOldGen: 517949K->138793K(524288K)] 575467K->138793K(699392K), [Metaspace: 43382K->43382K(1085440K)], 0.2361703 secs] [Times: user=3.21 sys=0.08, real=0.24 secs] 
2016-09-24T04:28:29.274-0400: 20.103: [GC (GCLocker Initiated GC) [PSYoungGen: 88064K->86043K(175104K)] 235125K->238504K(699392K), 0.0071824 secs] [Times: user=0.10 sys=0.00, real=0.01 secs] 
2016-09-24T04:28:29.310-0400: 20.139: [GC (GCLocker Initiated GC) [PSYoungGen: 174107K->56150K(175104K)] 329461K->264693K(699392K), 0.0095742 secs] [Times: user=0.10 sys=0.02, real=0.01 secs] 
2016-09-24T04:28:29.361-0400: 20.190: [GC (GCLocker Initiated GC) [PSYoungGen: 144214K->69639K(175104K)] 367715K->297436K(699392K), 0.0063882 secs] [Times: user=0.08 sys=0.01, real=0.01 secs] 
2016-09-24T04:28:29.407-0400: 20.237: [GC (GCLocker Initiated GC) [PSYoungGen: 157703K->47908K(175104K)] 394983K->290871K(699392K), 0.0081996 secs] [Times: user=0.08 sys=0.01, real=0.01 secs] 
2016-09-24T04:28:29.450-0400: 20.279: [GC (GCLocker Initiated GC) [PSYoungGen: 135972K->80404K(175104K)] 379087K->338661K(699392K), 0.0115535 secs] [Times: user=0.10 sys=0.00, real=0.01 secs] 
2016-09-24T04:28:29.496-0400: 20.325: [GC (GCLocker Initiated GC) [PSYoungGen: 168468K->56086K(175104K)] 426882K->348570K(699392K), 0.0073788 secs] [Times: user=0.08 sys=0.00, real=0.01 secs] 
2016-09-24T04:28:29.538-0400: 20.367: [GC (GCLocker Initiated GC) [PSYoungGen: 144150K->52228K(175104K)] 440810K->378944K(699392K), 0.0162787 secs] [Times: user=0.22 sys=0.01, real=0.02 secs] 
2016-09-24T04:28:29.586-0400: 20.415: [GC (GCLocker Initiated GC) [PSYoungGen: 140292K->58836K(175104K)] 475304K->426657K(699392K), 0.0066801 secs] [Times: user=0.10 sys=0.00, real=0.00 secs] 
2016-09-24T04:28:29.631-0400: 20.460: [GC (GCLocker Initiated GC) [PSYoungGen: 146900K->48085K(175104K)] 521507K->450105K(699392K), 0.0120250 secs] [Times: user=0.16 sys=0.02, real=0.02 secs] 
2016-09-24T04:28:29.687-0400: 20.517: [GC (GCLocker Initiated GC) [PSYoungGen: 136149K->61457K(175104K)] 543643K->476078K(699392K), 0.0077435 secs] [Times: user=0.06 sys=0.02, real=0.01 secs] 
2016-09-24T04:28:29.777-0400: 20.606: [GC (GCLocker Initiated GC) [PSYoungGen: 149521K->35711K(175104K)] 568449K->469761K(699392K), 0.0140490 secs] [Times: user=0.15 sys=0.02, real=0.01 secs] 
2016-09-24T04:28:29.876-0400: 20.705: [GC (GCLocker Initiated GC) [PSYoungGen: 123775K->50543K(175104K)] 582376K->510810K(699392K), 0.0071115 secs] [Times: user=0.10 sys=0.00, real=0.01 secs] 
2016-09-24T04:28:30.018-0400: 20.847: [GC (GCLocker Initiated GC) [PSYoungGen: 138607K->45146K(133632K)] 609760K->519207K(657920K), 0.0406174 secs] [Times: user=0.31 sys=0.05, real=0.04 secs] 
2016-09-24T04:28:30.164-0400: 20.993: [Full GC (Ergonomics) [PSYoungGen: 133210K->0K(133632K)] [ParOldGen: 486452K->135825K(524288K)] 619663K->135825K(657920K), [Metaspace: 43387K->43387K(1085440K)], 0.0749133 secs] [Times: user=0.84 sys=0.06, real=0.07 secs] 
2016-09-24T04:28:30.292-0400: 21.121: [GC (GCLocker Initiated GC) [PSYoungGen: 88064K->46620K(176128K)] 223927K->182483K(700416K), 0.0212628 secs] [Times: user=0.27 sys=0.02, real=0.02 secs] 
2016-09-24T04:28:30.382-0400: 21.211: [GC (GCLocker Initiated GC) [PSYoungGen: 136220K->71099K(174592K)] 302200K->244334K(698880K), 0.0211585 secs] [Times: user=0.31 sys=0.02, real=0.02 secs] 
2016-09-24T04:28:30.467-0400: 21.296: [GC (GCLocker Initiated GC) [PSYoungGen: 160699K->31579K(175104K)] 340725K->222714K(699392K), 0.0165743 secs] [Times: user=0.21 sys=0.00, real=0.02 secs] 
2016-09-24T04:28:30.538-0400: 21.367: [GC (GCLocker Initiated GC) [PSYoungGen: 119643K->60090K(175104K)] 313562K->278589K(699392K), 0.0146173 secs] [Times: user=0.20 sys=0.01, real=0.01 secs] 
2016-09-24T04:28:30.606-0400: 21.436: [GC (GCLocker Initiated GC) [PSYoungGen: 148154K->39732K(175104K)] 374877K->295114K(699392K), 0.0107062 secs] [Times: user=0.13 sys=0.01, real=0.01 secs] 
2016-09-24T04:28:30.776-0400: 21.606: [GC (GCLocker Initiated GC) [PSYoungGen: 127796K->34460K(175104K)] 411764K->337621K(699392K), 0.0085102 secs] [Times: user=0.08 sys=0.01, real=0.01 secs] 
2016-09-24T04:28:30.973-0400: 21.802: [GC (GCLocker Initiated GC) [PSYoungGen: 122524K->41125K(172032K)] 428479K->356937K(696320K), 0.0113826 secs] [Times: user=0.11 sys=0.02, real=0.02 secs] 
2016-09-24T04:28:31.084-0400: 21.913: [GC (GCLocker Initiated GC) [PSYoungGen: 129189K->45218K(173568K)] 449249K->379005K(697856K), 0.0157694 secs] [Times: user=0.20 sys=0.02, real=0.01 secs] 
2016-09-24T04:28:31.215-0400: 22.044: [GC (GCLocker Initiated GC) [PSYoungGen: 133282K->43825K(172544K)] 475270K->402418K(696832K), 0.0799088 secs] [Times: user=0.35 sys=0.09, real=0.08 secs] 
2016-09-24T04:28:31.393-0400: 22.222: [GC (GCLocker Initiated GC) [PSYoungGen: 137521K->61408K(174080K)] 504339K->448860K(698368K), 0.0095326 secs] [Times: user=0.14 sys=0.00, real=0.02 secs] 
2016-09-24T04:28:31.511-0400: 22.340: [GC (GCLocker Initiated GC) [PSYoungGen: 155104K->79414K(169984K)] 552121K->492631K(694272K), 0.0129137 secs] [Times: user=0.19 sys=0.01, real=0.02 secs] 
2016-09-24T04:28:31.571-0400: 22.400: [GC (GCLocker Initiated GC) [PSYoungGen: 167478K->38512K(175104K)] 583585K->493064K(699392K), 0.0199217 secs] [Times: user=0.31 sys=0.02, real=0.02 secs] 
2016-09-24T04:28:31.689-0400: 22.518: [GC (GCLocker Initiated GC) [PSYoungGen: 126576K->50668K(171008K)] 584053K->536778K(695296K), 0.0083852 secs] [Times: user=0.13 sys=0.00, real=0.01 secs] 
2016-09-24T04:28:31.697-0400: 22.527: [Full GC (Ergonomics) [PSYoungGen: 50668K->0K(171008K)] [ParOldGen: 486110K->143272K(524288K)] 536778K->143272K(695296K), [Metaspace: 43399K->43399K(1085440K)], 0.0573905 secs] [Times: user=0.62 sys=0.00, real=0.06 secs] 
2016-09-24T04:28:31.789-0400: 22.618: [GC (GCLocker Initiated GC) [PSYoungGen: 88064K->82025K(173056K)] 240892K->234853K(697344K), 0.0071498 secs] [Times: user=0.09 sys=0.00, real=0.01 secs] 
2016-09-24T04:28:31.842-0400: 22.671: [GC (GCLocker Initiated GC) [PSYoungGen: 170089K->38559K(175104K)] 328461K->201486K(699392K), 0.0100656 secs] [Times: user=0.11 sys=0.03, real=0.01 secs] 
2016-09-24T04:28:31.912-0400: 22.742: [GC (GCLocker Initiated GC) [PSYoungGen: 126623K->69576K(175104K)] 297737K->250525K(699392K), 0.0162012 secs] [Times: user=0.23 sys=0.04, real=0.02 secs] 
2016-09-24T04:28:32.051-0400: 22.880: [GC (GCLocker Initiated GC) [PSYoungGen: 157640K->45321K(175104K)] 355516K->256973K(699392K), 0.0145407 secs] [Times: user=0.22 sys=0.04, real=0.02 secs] 
2016-09-24T04:28:32.146-0400: 22.975: [GC (GCLocker Initiated GC) [PSYoungGen: 133385K->36969K(175104K)] 351899K->262610K(699392K), 0.0117040 secs] [Times: user=0.16 sys=0.03, real=0.01 secs] 
2016-09-24T04:28:32.209-0400: 23.038: [GC (GCLocker Initiated GC) [PSYoungGen: 125033K->54575K(175104K)] 350835K->292759K(699392K), 0.0183286 secs] [Times: user=0.21 sys=0.07, real=0.02 secs] 
2016-09-24T04:28:32.293-0400: 23.122: [GC (GCLocker Initiated GC) [PSYoungGen: 142639K->64177K(175104K)] 382224K->328418K(699392K), 0.0226405 secs] [Times: user=0.28 sys=0.03, real=0.03 secs] 
2016-09-24T04:28:32.380-0400: 23.210: [GC (GCLocker Initiated GC) [PSYoungGen: 152241K->41315K(175104K)] 431373K->332955K(699392K), 0.0153861 secs] [Times: user=0.14 sys=0.09, real=0.02 secs] 
2016-09-24T04:28:32.466-0400: 23.296: [GC (GCLocker Initiated GC) [PSYoungGen: 129379K->48075K(136192K)] 421136K->353889K(660480K), 0.0456739 secs] [Times: user=0.63 sys=0.10, real=0.04 secs] 
2016-09-24T04:28:32.594-0400: 23.423: [GC (GCLocker Initiated GC) [PSYoungGen: 136139K->39962K(173568K)] 453066K->381650K(697856K), 0.0298432 secs] [Times: user=0.42 sys=0.06, real=0.03 secs] 
2016-09-24T04:28:32.663-0400: 23.492: [GC (GCLocker Initiated GC) [PSYoungGen: 129050K->72586K(172544K)] 470826K->431177K(696832K), 0.0281497 secs] [Times: user=0.44 sys=0.03, real=0.02 secs] 
2016-09-24T04:28:32.736-0400: 23.565: [GC (GCLocker Initiated GC) [PSYoungGen: 161674K->57664K(175616K)] 531259K->469646K(699904K), 0.0226689 secs] [Times: user=0.36 sys=0.01, real=0.02 secs] 
2016-09-24T04:28:32.800-0400: 23.629: [GC (GCLocker Initiated GC) [PSYoungGen: 146240K->65831K(175104K)] 562407K->501427K(699392K), 0.0076009 secs] [Times: user=0.09 sys=0.01, real=0.01 secs] 
2016-09-24T04:28:32.844-0400: 23.674: [GC (GCLocker Initiated GC) [PSYoungGen: 154407K->56374K(172032K)] 594200K->517065K(696320K), 0.0066688 secs] [Times: user=0.07 sys=0.01, real=0.00 secs] 
2016-09-24T04:28:32.880-0400: 23.710: [GC (GCLocker Initiated GC) [PSYoungGen: 144950K->53810K(173568K)] 611168K->547681K(697856K), 0.0088015 secs] [Times: user=0.10 sys=0.00, real=0.01 secs] 
2016-09-24T04:28:32.889-0400: 23.719: [Full GC (Ergonomics) [PSYoungGen: 53810K->0K(173568K)] [ParOldGen: 493870K->150307K(524288K)] 547681K->150307K(697856K), [Metaspace: 43410K->43410K(1085440K)], 0.0517457 secs] [Times: user=0.33 sys=0.04, real=0.05 secs] 
2016-09-24T04:28:32.989-0400: 23.818: [GC (GCLocker Initiated GC) [PSYoungGen: 88576K->49718K(174080K)] 252126K->213268K(698368K), 0.0065616 secs] [Times: user=0.06 sys=0.00, real=0.01 secs] 
2016-09-24T04:28:33.027-0400: 23.856: [GC (GCLocker Initiated GC) [PSYoungGen: 144438K->52253K(175104K)] 312105K->243761K(699392K), 0.0071590 secs] [Times: user=0.07 sys=0.00, real=0.01 secs] 
2016-09-24T04:28:33.074-0400: 23.903: [GC (GCLocker Initiated GC) [PSYoungGen: 146973K->72691K(174592K)] 339162K->285767K(698880K), 0.0082604 secs] [Times: user=0.10 sys=0.01, real=0.02 secs] 
2016-09-24T04:28:33.120-0400: 23.949: [GC (GCLocker Initiated GC) [PSYoungGen: 168947K->67236K(163840K)] 384854K->313565K(688128K), 0.0099021 secs] [Times: user=0.11 sys=0.00, real=0.01 secs] 
2016-09-24T04:28:33.163-0400: 23.992: [GC (GCLocker Initiated GC) [PSYoungGen: 163492K->61703K(178688K)] 417129K->336193K(702976K), 0.0182804 secs] [Times: user=0.19 sys=0.02, real=0.01 secs] 
2016-09-24T04:28:33.228-0400: 24.057: [GC (GCLocker Initiated GC) [PSYoungGen: 155911K->42632K(177664K)] 434780K->355924K(701952K), 0.0077860 secs] [Times: user=0.08 sys=0.01, real=0.01 secs] 
2016-09-24T04:28:33.263-0400: 24.092: [GC (GCLocker Initiated GC) [PSYoungGen: 136840K->67180K(176640K)] 455687K->406783K(700928K), 0.0076634 secs] [Times: user=0.07 sys=0.01, real=0.00 secs] 
2016-09-24T04:28:33.315-0400: 24.145: [GC (GCLocker Initiated GC) [PSYoungGen: 160364K->56252K(149504K)] 505618K->427774K(673792K), 0.0078795 secs] [Times: user=0.07 sys=0.00, real=0.01 secs] 
2016-09-24T04:28:33.372-0400: 24.201: [GC (GCLocker Initiated GC) [PSYoungGen: 149436K->60379K(177152K)] 527785K->455453K(701440K), 0.0077766 secs] [Times: user=0.07 sys=0.01, real=0.01 secs] 
2016-09-24T04:28:33.428-0400: 24.257: [GC (GCLocker Initiated GC) [PSYoungGen: 155611K->54968K(176128K)] 553539K->485839K(700416K), 0.0081472 secs] [Times: user=0.09 sys=0.00, real=0.01 secs] 
2016-09-24T04:28:33.474-0400: 24.303: [GC (GCLocker Initiated GC) [PSYoungGen: 150200K->76762K(173056K)] 581131K->550112K(697344K), 0.0096890 secs] [Times: user=0.10 sys=0.01, real=0.02 secs] 
2016-09-24T04:28:33.525-0400: 24.354: [Full GC (Ergonomics) [PSYoungGen: 170970K->0K(173056K)] [ParOldGen: 480200K->152396K(524288K)] 651171K->152396K(697344K), [Metaspace: 43412K->43412K(1085440K)], 0.0611063 secs] [Times: user=0.39 sys=0.09, real=0.06 secs] 
2016-09-24T04:28:33.626-0400: 24.456: [GC (GCLocker Initiated GC) [PSYoungGen: 94208K->79774K(174080K)] 256134K->241701K(698368K), 0.0122134 secs] [Times: user=0.12 sys=0.02, real=0.01 secs] 
2016-09-24T04:28:33.687-0400: 24.516: [GC (GCLocker Initiated GC) [PSYoungGen: 173982K->41416K(175104K)] 337385K->230137K(699392K), 0.0062512 secs] [Times: user=0.06 sys=0.01, real=0.00 secs] 
2016-09-24T04:28:33.726-0400: 24.555: [GC (GCLocker Initiated GC) [PSYoungGen: 129480K->57778K(175104K)] 318404K->274271K(699392K), 0.0065839 secs] [Times: user=0.08 sys=0.00, real=0.00 secs] 
2016-09-24T04:28:33.773-0400: 24.602: [GC (GCLocker Initiated GC) [PSYoungGen: 145842K->80999K(175104K)] 369310K->325395K(699392K), 0.0081118 secs] [Times: user=0.11 sys=0.02, real=0.01 secs] 
2016-09-24T04:28:33.825-0400: 24.654: [GC (GCLocker Initiated GC) [PSYoungGen: 169063K->56453K(175104K)] 418982K->342321K(699392K), 0.0073577 secs] [Times: user=0.09 sys=0.01, real=0.00 secs] 
2016-09-24T04:28:33.871-0400: 24.700: [GC (GCLocker Initiated GC) [PSYoungGen: 144517K->57893K(175104K)] 434631K->370286K(699392K), 0.0119398 secs] [Times: user=0.11 sys=0.02, real=0.02 secs] 
2016-09-24T04:28:33.928-0400: 24.757: [GC (GCLocker Initiated GC) [PSYoungGen: 145957K->38727K(175104K)] 461149K->383127K(699392K), 0.0175773 secs] [Times: user=0.21 sys=0.01, real=0.02 secs] 
2016-09-24T04:28:33.976-0400: 24.805: [GC (GCLocker Initiated GC) [PSYoungGen: 126791K->68694K(175104K)] 473726K->449830K(699392K), 0.0095427 secs] [Times: user=0.09 sys=0.01, real=0.01 secs] 
2016-09-24T04:28:34.032-0400: 24.861: [GC (GCLocker Initiated GC) [PSYoungGen: 156758K->46700K(175104K)] 541504K->460594K(699392K), 0.0146108 secs] [Times: user=0.18 sys=0.02, real=0.02 secs] 
2016-09-24T04:28:34.080-0400: 24.909: [GC (GCLocker Initiated GC) [PSYoungGen: 134764K->85022K(175104K)] 556878K->527935K(699392K), 0.0113802 secs] [Times: user=0.16 sys=0.02, real=0.01 secs] 
2016-09-24T04:28:34.135-0400: 24.964: [GC (GCLocker Initiated GC) [PSYoungGen: 173086K->40033K(175104K)] 619557K->515680K(699392K), 0.0106424 secs] [Times: user=0.11 sys=0.01, real=0.01 secs] 
2016-09-24T04:28:34.179-0400: 25.008: [GC (GCLocker Initiated GC) [PSYoungGen: 128097K->52293K(175104K)] 606586K->569254K(699392K), 0.0083484 secs] [Times: user=0.09 sys=0.01, real=0.01 secs] 
2016-09-24T04:28:34.188-0400: 25.017: [Full GC (Ergonomics) [PSYoungGen: 52293K->0K(175104K)] [ParOldGen: 516960K->157195K(524288K)] 569254K->157195K(699392K), [Metaspace: 43428K->43428K(1085440K)], 0.0480112 secs] [Times: user=0.38 sys=0.03, real=0.05 secs] 
2016-09-24T04:28:34.286-0400: 25.115: [GC (GCLocker Initiated GC) [PSYoungGen: 88064K->71742K(175104K)] 260286K->243965K(699392K), 0.0065178 secs] [Times: user=0.10 sys=0.00, real=0.00 secs] 
2016-09-24T04:28:34.334-0400: 25.163: [GC (GCLocker Initiated GC) [PSYoungGen: 159806K->49807K(175104K)] 340241K->252859K(699392K), 0.0070911 secs] [Times: user=0.09 sys=0.00, real=0.01 secs] 
2016-09-24T04:28:34.369-0400: 25.199: [GC (GCLocker Initiated GC) [PSYoungGen: 137871K->84897K(175104K)] 346497K->303692K(699392K), 0.0085772 secs] [Times: user=0.08 sys=0.02, real=0.01 secs] 
2016-09-24T04:28:34.423-0400: 25.253: [GC (GCLocker Initiated GC) [PSYoungGen: 172961K->50756K(175104K)] 394683K->300207K(699392K), 0.0071335 secs] [Times: user=0.07 sys=0.01, real=0.00 secs] 
2016-09-24T04:28:34.459-0400: 25.288: [GC (GCLocker Initiated GC) [PSYoungGen: 138820K->56490K(175104K)] 388299K->330712K(699392K), 0.0069220 secs] [Times: user=0.07 sys=0.01, real=0.01 secs] 
2016-09-24T04:28:34.506-0400: 25.335: [GC (GCLocker Initiated GC) [PSYoungGen: 144554K->63251K(175104K)] 418869K->373474K(699392K), 0.0088401 secs] [Times: user=0.10 sys=0.02, real=0.01 secs] 
2016-09-24T04:28:34.544-0400: 25.373: [GC (GCLocker Initiated GC) [PSYoungGen: 151315K->64748K(175104K)] 468474K->416404K(699392K), 0.0093303 secs] [Times: user=0.11 sys=0.01, real=0.00 secs] 
2016-09-24T04:28:34.604-0400: 25.433: [GC (GCLocker Initiated GC) [PSYoungGen: 152812K->44092K(175104K)] 504780K->415766K(699392K), 0.0077641 secs] [Times: user=0.07 sys=0.01, real=0.00 secs] 
2016-09-24T04:28:34.656-0400: 25.485: [GC (GCLocker Initiated GC) [PSYoungGen: 132156K->56350K(175104K)] 503982K->461257K(699392K), 0.0070736 secs] [Times: user=0.10 sys=0.02, real=0.01 secs] 
2016-09-24T04:28:34.698-0400: 25.527: [GC (GCLocker Initiated GC) [PSYoungGen: 144414K->80981K(175104K)] 554911K->524454K(699392K), 0.0095098 secs] [Times: user=0.13 sys=0.01, real=0.01 secs] 
2016-09-24T04:28:34.748-0400: 25.578: [GC (GCLocker Initiated GC) [PSYoungGen: 169045K->61812K(175104K)] 612683K->522501K(699392K), 0.0074614 secs] [Times: user=0.09 sys=0.00, real=0.01 secs] 
2016-09-24T04:28:34.794-0400: 25.623: [GC (GCLocker Initiated GC) [PSYoungGen: 149876K->67515K(175104K)] 610695K->561396K(699392K), 0.0091963 secs] [Times: user=0.11 sys=0.02, real=0.02 secs] 
2016-09-24T04:28:34.803-0400: 25.632: [Full GC (Ergonomics) [PSYoungGen: 67515K->0K(175104K)] [ParOldGen: 493881K->153775K(524288K)] 561396K->153775K(699392K), [Metaspace: 43428K->43428K(1085440K)], 0.0463681 secs] [Times: user=0.39 sys=0.04, real=0.04 secs] 
2016-09-24T04:28:34.883-0400: 25.713: [GC (GCLocker Initiated GC) [PSYoungGen: 88064K->83724K(175104K)] 248810K->244470K(699392K), 0.0066608 secs] [Times: user=0.11 sys=0.01, real=0.00 secs] 
2016-09-24T04:28:34.930-0400: 25.759: [GC (GCLocker Initiated GC) [PSYoungGen: 171788K->65810K(175104K)] 332646K->262722K(699392K), 0.0155064 secs] [Times: user=0.20 sys=0.02, real=0.02 secs] 
2016-09-24T04:28:34.979-0400: 25.808: [GC (GCLocker Initiated GC) [PSYoungGen: 153874K->60651K(175104K)] 353625K->296081K(699392K), 0.0076465 secs] [Times: user=0.09 sys=0.01, real=0.01 secs] 
2016-09-24T04:28:35.026-0400: 25.855: [GC (GCLocker Initiated GC) [PSYoungGen: 148715K->67409K(175104K)] 389690K->334829K(699392K), 0.0077586 secs] [Times: user=0.08 sys=0.01, real=0.00 secs] 
2016-09-24T04:28:35.078-0400: 25.907: [GC (GCLocker Initiated GC) [PSYoungGen: 155473K->55165K(175104K)] 424390K->338390K(699392K), 0.0095994 secs] [Times: user=0.09 sys=0.01, real=0.01 secs] 
2016-09-24T04:28:35.127-0400: 25.957: [GC (GCLocker Initiated GC) [PSYoungGen: 143229K->72689K(175104K)] 427841K->379674K(699392K), 0.0148685 secs] [Times: user=0.14 sys=0.02, real=0.02 secs] 
2016-09-24T04:28:35.176-0400: 26.005: [GC (GCLocker Initiated GC) [PSYoungGen: 160753K->59190K(175104K)] 467957K->398163K(699392K), 0.0073202 secs] [Times: user=0.12 sys=0.01, real=0.01 secs] 
2016-09-24T04:28:35.218-0400: 26.047: [GC (GCLocker Initiated GC) [PSYoungGen: 147254K->74234K(175104K)] 489070K->449180K(699392K), 0.0082502 secs] [Times: user=0.09 sys=0.00, real=0.01 secs] 
2016-09-24T04:28:35.272-0400: 26.101: [GC (GCLocker Initiated GC) [PSYoungGen: 162298K->48364K(175104K)] 544165K->470227K(699392K), 0.0084162 secs] [Times: user=0.09 sys=0.01, real=0.01 secs] 
2016-09-24T04:28:35.317-0400: 26.146: [GC (GCLocker Initiated GC) [PSYoungGen: 136428K->70117K(175104K)] 566472K->534710K(699392K), 0.0076518 secs] [Times: user=0.08 sys=0.01, real=0.01 secs] 
2016-09-24T04:28:35.364-0400: 26.193: [Full GC (Ergonomics) [PSYoungGen: 158181K->0K(175104K)] [ParOldGen: 472846K->168979K(524288K)] 631028K->168979K(699392K), [Metaspace: 43429K->43429K(1085440K)], 0.0526377 secs] [Times: user=0.42 sys=0.06, real=0.05 secs] 
2016-09-24T04:28:35.451-0400: 26.280: [GC (GCLocker Initiated GC) [PSYoungGen: 88064K->67686K(175104K)] 261225K->240847K(699392K), 0.0064404 secs] [Times: user=0.08 sys=0.01, real=0.01 secs] 
2016-09-24T04:28:35.499-0400: 26.328: [GC (GCLocker Initiated GC) [PSYoungGen: 155750K->61830K(174080K)] 337160K->286254K(698368K), 0.0081556 secs] [Times: user=0.11 sys=0.01, real=0.01 secs] 
2016-09-24T04:28:35.544-0400: 26.373: [GC (GCLocker Initiated GC) [PSYoungGen: 149894K->57830K(174592K)] 377179K->316694K(698880K), 0.0079053 secs] [Times: user=0.09 sys=0.01, real=0.00 secs] 
2016-09-24T04:28:35.595-0400: 26.424: [GC (GCLocker Initiated GC) [PSYoungGen: 145894K->52321K(174592K)] 415663K->351130K(698880K), 0.0083880 secs] [Times: user=0.10 sys=0.01, real=0.01 secs] 
2016-09-24T04:28:35.649-0400: 26.478: [GC (GCLocker Initiated GC) [PSYoungGen: 141921K->47355K(174592K)] 443525K->379358K(698880K), 0.0078040 secs] [Times: user=0.08 sys=0.01, real=0.01 secs] 
2016-09-24T04:28:35.693-0400: 26.522: [GC (GCLocker Initiated GC) [PSYoungGen: 136955K->64648K(176128K)] 469124K->432797K(700416K), 0.0077117 secs] [Times: user=0.10 sys=0.00, real=0.01 secs] 
2016-09-24T04:28:35.737-0400: 26.567: [GC (GCLocker Initiated GC) [PSYoungGen: 156808K->63493K(176640K)] 525032K->454019K(700928K), 0.0097433 secs] [Times: user=0.08 sys=0.01, real=0.01 secs] 
2016-09-24T04:28:35.784-0400: 26.614: [GC (Allocation Failure) [PSYoungGen: 155653K->52779K(176640K)] 550286K->476851K(700928K), 0.0132719 secs] [Times: user=0.14 sys=0.01, real=0.01 secs] 
2016-09-24T04:28:35.800-0400: 26.629: [GC (GCLocker Initiated GC) [PSYoungGen: 53214K->128K(95232K)] 477286K->497002K(619520K), 0.0083790 secs] [Times: user=0.07 sys=0.01, real=0.01 secs] 
2016-09-24T04:28:35.809-0400: 26.638: [Full GC (Ergonomics) [PSYoungGen: 128K->0K(95232K)] [ParOldGen: 496874K->167134K(524288K)] 497002K->167134K(619520K), [Metaspace: 43443K->43443K(1085440K)], 0.0540295 secs] [Times: user=0.34 sys=0.06, real=0.06 secs] 
2016-09-24T04:28:35.899-0400: 26.728: [GC (GCLocker Initiated GC) [PSYoungGen: 94720K->85719K(175104K)] 267265K->271765K(699392K), 0.0097573 secs] [Times: user=0.11 sys=0.01, real=0.01 secs] 
2016-09-24T04:28:35.950-0400: 26.779: [GC (GCLocker Initiated GC) [PSYoungGen: 173783K->38858K(175104K)] 359876K->241285K(699392K), 0.0092164 secs] [Times: user=0.08 sys=0.01, real=0.01 secs] 
2016-09-24T04:28:35.993-0400: 26.822: [GC (GCLocker Initiated GC) [PSYoungGen: 126922K->61009K(175104K)] 330992K->284754K(699392K), 0.0100866 secs] [Times: user=0.10 sys=0.02, real=0.02 secs] 
2016-09-24T04:28:36.038-0400: 26.867: [GC (GCLocker Initiated GC) [PSYoungGen: 149073K->60488K(175104K)] 377113K->301753K(699392K), 0.0211516 secs] [Times: user=0.19 sys=0.04, real=0.02 secs] 
2016-09-24T04:28:36.097-0400: 26.926: [GC (GCLocker Initiated GC) [PSYoungGen: 148552K->65870K(175104K)] 389876K->333640K(699392K), 0.0125170 secs] [Times: user=0.15 sys=0.01, real=0.01 secs] 
2016-09-24T04:28:36.144-0400: 26.973: [GC (GCLocker Initiated GC) [PSYoungGen: 153934K->53954K(175104K)] 425487K->350466K(699392K), 0.0065051 secs] [Times: user=0.10 sys=0.01, real=0.00 secs] 
2016-09-24T04:28:36.185-0400: 27.014: [GC (GCLocker Initiated GC) [PSYoungGen: 142018K->63594K(175104K)] 438621K->408384K(699392K), 0.0080992 secs] [Times: user=0.13 sys=0.00, real=0.00 secs] 
2016-09-24T04:28:36.223-0400: 27.052: [GC (GCLocker Initiated GC) [PSYoungGen: 151658K->74552K(175104K)] 496593K->447561K(699392K), 0.0083403 secs] [Times: user=0.07 sys=0.00, real=0.00 secs] 
2016-09-24T04:28:36.274-0400: 27.103: [GC (GCLocker Initiated GC) [PSYoungGen: 162616K->64928K(175104K)] 546612K->478436K(699392K), 0.0071187 secs] [Times: user=0.11 sys=0.00, real=0.01 secs] 
2016-09-24T04:28:36.324-0400: 27.153: [GC (GCLocker Initiated GC) [PSYoungGen: 152992K->53919K(175104K)] 566938K->483705K(699392K), 0.0058856 secs] [Times: user=0.07 sys=0.01, real=0.00 secs] 
2016-09-24T04:28:36.361-0400: 27.190: [GC (GCLocker Initiated GC) [PSYoungGen: 141983K->86544K(175104K)] 578646K->544359K(699392K), 0.0105304 secs] [Times: user=0.17 sys=0.01, real=0.01 secs] 
2016-09-24T04:28:36.431-0400: 27.260: [GC (GCLocker Initiated GC) [PSYoungGen: 174608K->44393K(175104K)] 640651K->545180K(699392K), 0.0066780 secs] [Times: user=0.10 sys=0.00, real=0.01 secs] 
2016-09-24T04:28:36.437-0400: 27.267: [Full GC (Ergonomics) [PSYoungGen: 44393K->0K(175104K)] [ParOldGen: 500786K->170180K(524288K)] 545180K->170180K(699392K), [Metaspace: 43449K->43449K(1085440K)], 0.0648325 secs] [Times: user=0.42 sys=0.08, real=0.07 secs] 
2016-09-24T04:28:36.536-0400: 27.365: [GC (GCLocker Initiated GC) [PSYoungGen: 88064K->70929K(175104K)] 261594K->244459K(699392K), 0.0065029 secs] [Times: user=0.07 sys=0.01, real=0.01 secs] 
2016-09-24T04:28:36.598-0400: 27.427: [GC (GCLocker Initiated GC) [PSYoungGen: 158993K->53695K(175104K)] 332635K->258665K(699392K), 0.0067263 secs] [Times: user=0.08 sys=0.01, real=0.01 secs] 
2016-09-24T04:28:36.642-0400: 27.472: [GC (GCLocker Initiated GC) [PSYoungGen: 141759K->48651K(175104K)] 346873K->286890K(699392K), 0.0197990 secs] [Times: user=0.19 sys=0.03, real=0.02 secs] 
2016-09-24T04:28:36.700-0400: 27.529: [GC (GCLocker Initiated GC) [PSYoungGen: 136715K->70579K(175104K)] 383143K->353296K(699392K), 0.0079096 secs] [Times: user=0.09 sys=0.01, real=0.01 secs] 
2016-09-24T04:28:36.761-0400: 27.590: [GC (GCLocker Initiated GC) [PSYoungGen: 158643K->49640K(175104K)] 441491K->356527K(699392K), 0.0106967 secs] [Times: user=0.07 sys=0.01, real=0.01 secs] 
2016-09-24T04:28:36.802-0400: 27.631: [GC (GCLocker Initiated GC) [PSYoungGen: 137704K->72954K(175104K)] 447339K->423981K(699392K), 0.0100843 secs] [Times: user=0.08 sys=0.01, real=0.01 secs] 
2016-09-24T04:28:36.872-0400: 27.701: [GC (GCLocker Initiated GC) [PSYoungGen: 161018K->52520K(175104K)] 520572K->425120K(699392K), 0.0111721 secs] [Times: user=0.08 sys=0.02, real=0.02 secs] 
2016-09-24T04:28:36.944-0400: 27.773: [GC (GCLocker Initiated GC) [PSYoungGen: 140584K->62101K(175104K)] 518711K->468112K(699392K), 0.0118051 secs] [Times: user=0.10 sys=0.01, real=0.01 secs] 
2016-09-24T04:28:37.027-0400: 27.856: [GC (GCLocker Initiated GC) [PSYoungGen: 150165K->71552K(175104K)] 563076K->506963K(699392K), 0.0098486 secs] [Times: user=0.11 sys=0.00, real=0.01 secs] 
2016-09-24T04:28:37.076-0400: 27.905: [GC (GCLocker Initiated GC) [PSYoungGen: 159616K->52581K(175104K)] 599330K->524253K(699392K), 0.0074571 secs] [Times: user=0.08 sys=0.00, real=0.01 secs] 
2016-09-24T04:28:37.120-0400: 27.949: [Full GC (Ergonomics) [PSYoungGen: 140645K->0K(175104K)] [ParOldGen: 473733K->174695K(524288K)] 614378K->174695K(699392K), [Metaspace: 43483K->43483K(1085440K)], 0.0490860 secs] [Times: user=0.39 sys=0.00, real=0.05 secs] 
2016-09-24T04:28:37.215-0400: 28.044: [GC (GCLocker Initiated GC) [PSYoungGen: 88064K->69740K(175104K)] 269616K->251292K(699392K), 0.0065491 secs] [Times: user=0.07 sys=0.00, real=0.00 secs] 
2016-09-24T04:28:37.263-0400: 28.093: [GC (GCLocker Initiated GC) [PSYoungGen: 157804K->64984K(175104K)] 340044K->275846K(699392K), 0.0076275 secs] [Times: user=0.11 sys=0.00, real=0.00 secs] 
2016-09-24T04:28:37.307-0400: 28.136: [GC (GCLocker Initiated GC) [PSYoungGen: 153048K->57009K(174080K)] 371319K->304732K(698368K), 0.0075091 secs] [Times: user=0.10 sys=0.00, real=0.01 secs] 
2016-09-24T04:28:37.354-0400: 28.183: [GC (GCLocker Initiated GC) [PSYoungGen: 145073K->59571K(147968K)] 395563K->335505K(672256K), 0.0079489 secs] [Times: user=0.09 sys=0.01, real=0.02 secs] 
2016-09-24T04:28:37.403-0400: 28.232: [GC (GCLocker Initiated GC) [PSYoungGen: 147635K->58416K(176128K)] 433139K->367875K(700416K), 0.0071881 secs] [Times: user=0.09 sys=0.01, real=0.00 secs] 
2016-09-24T04:28:37.452-0400: 28.281: [GC (GCLocker Initiated GC) [PSYoungGen: 150064K->62378K(174080K)] 467768K->392093K(698368K), 0.0065724 secs] [Times: user=0.07 sys=0.01, real=0.01 secs] 
2016-09-24T04:28:37.499-0400: 28.328: [GC (GCLocker Initiated GC) [PSYoungGen: 154026K->56558K(177152K)] 486909K->421772K(701440K), 0.0071180 secs] [Times: user=0.08 sys=0.00, real=0.01 secs] 
2016-09-24T04:28:37.541-0400: 28.370: [GC (GCLocker Initiated GC) [PSYoungGen: 152814K->49955K(176128K)] 518222K->445848K(700416K), 0.0084500 secs] [Times: user=0.07 sys=0.00, real=0.01 secs] 
2016-09-24T04:28:37.595-0400: 28.424: [GC (GCLocker Initiated GC) [PSYoungGen: 146211K->59818K(179200K)] 547528K->493293K(703488K), 0.0072824 secs] [Times: user=0.09 sys=0.01, real=0.01 secs] 
2016-09-24T04:28:37.641-0400: 28.471: [GC (GCLocker Initiated GC) [PSYoungGen: 162218K->51500K(180224K)] 595782K->502548K(704512K), 0.0068204 secs] [Times: user=0.06 sys=0.00, real=0.01 secs] 
2016-09-24T04:28:37.698-0400: 28.527: [GC (GCLocker Initiated GC) [PSYoungGen: 153900K->43671K(182784K)] 617144K->536488K(707072K), 0.0074193 secs] [Times: user=0.08 sys=0.01, real=0.01 secs] 
2016-09-24T04:28:37.705-0400: 28.535: [Full GC (Ergonomics) [PSYoungGen: 43671K->0K(182784K)] [ParOldGen: 492816K->192451K(524288K)] 536488K->192451K(707072K), [Metaspace: 43628K->43628K(1087488K)], 0.0586905 secs] [Times: user=0.47 sys=0.01, real=0.06 secs] 
2016-09-24T04:28:37.822-0400: 28.651: [GC (GCLocker Initiated GC) [PSYoungGen: 105472K->71041K(176640K)] 300685K->266254K(700928K), 0.0070341 secs] [Times: user=0.10 sys=0.00, real=0.01 secs] 
2016-09-24T04:28:37.873-0400: 28.702: [GC (GCLocker Initiated GC) [PSYoungGen: 176513K->73287K(174080K)] 371849K->287908K(698368K), 0.0069048 secs] [Times: user=0.11 sys=0.00, real=0.01 secs] 
2016-09-24T04:28:37.927-0400: 28.756: [GC (GCLocker Initiated GC) [PSYoungGen: 166471K->47454K(177664K)] 382533K->282307K(701952K), 0.0067807 secs] [Times: user=0.08 sys=0.01, real=0.00 secs] 
2016-09-24T04:28:37.971-0400: 28.800: [GC (GCLocker Initiated GC) [PSYoungGen: 140638K->52885K(174080K)] 378347K->313452K(698368K), 0.0082434 secs] [Times: user=0.07 sys=0.01, real=0.01 secs] 
2016-09-24T04:28:38.022-0400: 28.851: [GC (GCLocker Initiated GC) [PSYoungGen: 146581K->80255K(174080K)] 422161K->385435K(698368K), 0.0077571 secs] [Times: user=0.12 sys=0.00, real=0.01 secs] 
2016-09-24T04:28:38.075-0400: 28.905: [GC (GCLocker Initiated GC) [PSYoungGen: 173951K->76996K(175104K)] 481976K->408032K(699392K), 0.0076975 secs] [Times: user=0.10 sys=0.01, real=0.01 secs] 
2016-09-24T04:28:38.119-0400: 28.948: [GC (GCLocker Initiated GC) [PSYoungGen: 165060K->71677K(175104K)] 504249K->428038K(699392K), 0.0070325 secs] [Times: user=0.10 sys=0.01, real=0.01 secs] 
2016-09-24T04:28:38.172-0400: 29.001: [GC (GCLocker Initiated GC) [PSYoungGen: 159741K->51416K(175104K)] 519218K->440252K(699392K), 0.0076062 secs] [Times: user=0.10 sys=0.00, real=0.01 secs] 
2016-09-24T04:28:38.217-0400: 29.046: [GC (GCLocker Initiated GC) [PSYoungGen: 139480K->67368K(175104K)] 536571K->487166K(699392K), 0.0078424 secs] [Times: user=0.09 sys=0.00, real=0.01 secs] 
2016-09-24T04:28:38.267-0400: 29.096: [GC (GCLocker Initiated GC) [PSYoungGen: 155432K->65032K(175104K)] 585165K->530799K(699392K), 0.0107246 secs] [Times: user=0.10 sys=0.00, real=0.01 secs] 
2016-09-24T04:28:38.324-0400: 29.153: [GC (GCLocker Initiated GC) [PSYoungGen: 153096K->44594K(175104K)] 624326K->538602K(699392K), 0.0078399 secs] [Times: user=0.07 sys=0.00, real=0.00 secs] 
2016-09-24T04:28:38.332-0400: 29.161: [Full GC (Ergonomics) [PSYoungGen: 44594K->0K(175104K)] [ParOldGen: 494007K->189914K(524288K)] 538602K->189914K(699392K), [Metaspace: 43650K->43650K(1087488K)], 0.0450381 secs] [Times: user=0.35 sys=0.00, real=0.05 secs] 
2016-09-24T04:28:38.408-0400: 29.237: [GC (GCLocker Initiated GC) [PSYoungGen: 88064K->86895K(175104K)] 280775K->282307K(699392K), 0.0067816 secs] [Times: user=0.11 sys=0.00, real=0.01 secs] 
2016-09-24T04:28:38.458-0400: 29.287: [GC (GCLocker Initiated GC) [PSYoungGen: 174959K->58545K(175104K)] 377228K->268857K(699392K), 0.0107291 secs] [Times: user=0.16 sys=0.01, real=0.01 secs] 
2016-09-24T04:28:38.509-0400: 29.338: [GC (GCLocker Initiated GC) [PSYoungGen: 146609K->41476K(175104K)] 359777K->289844K(699392K), 0.0057621 secs] [Times: user=0.08 sys=0.00, real=0.01 secs] 
2016-09-24T04:28:38.551-0400: 29.381: [GC (GCLocker Initiated GC) [PSYoungGen: 129540K->57050K(175104K)] 391583K->330442K(699392K), 0.0072324 secs] [Times: user=0.09 sys=0.01, real=0.01 secs] 
2016-09-24T04:28:38.603-0400: 29.432: [GC (GCLocker Initiated GC) [PSYoungGen: 145114K->60849K(175104K)] 418679K->364065K(699392K), 0.0070435 secs] [Times: user=0.08 sys=0.01, real=0.00 secs] 
2016-09-24T04:28:38.646-0400: 29.476: [GC (GCLocker Initiated GC) [PSYoungGen: 148913K->75753K(175104K)] 455007K->409748K(699392K), 0.0072579 secs] [Times: user=0.10 sys=0.01, real=0.00 secs] 
2016-09-24T04:28:38.692-0400: 29.521: [GC (GCLocker Initiated GC) [PSYoungGen: 163817K->60850K(175104K)] 497983K->425807K(699392K), 0.0075882 secs] [Times: user=0.12 sys=0.00, real=0.01 secs] 
2016-09-24T04:28:38.731-0400: 29.561: [GC (GCLocker Initiated GC) [PSYoungGen: 148914K->60799K(148992K)] 513900K->451075K(673280K), 0.0070774 secs] [Times: user=0.09 sys=0.00, real=0.01 secs] 
2016-09-24T04:28:38.780-0400: 29.609: [GC (GCLocker Initiated GC) [PSYoungGen: 148863K->70479K(174080K)] 546034K->483483K(698368K), 0.0071206 secs] [Times: user=0.09 sys=0.00, real=0.01 secs] 
2016-09-24T04:28:38.818-0400: 29.647: [GC (GCLocker Initiated GC) [PSYoungGen: 158031K->59123K(146944K)] 571114K->489556K(671232K), 0.0069980 secs] [Times: user=0.10 sys=0.00, real=0.01 secs] 
2016-09-24T04:28:38.863-0400: 29.693: [GC (GCLocker Initiated GC) [PSYoungGen: 146675K->58005K(175616K)] 582610K->521612K(699904K), 0.0073876 secs] [Times: user=0.10 sys=0.00, real=0.00 secs] 
2016-09-24T04:28:38.909-0400: 29.739: [GC (GCLocker Initiated GC) [PSYoungGen: 148117K->52400K(174080K)] 613195K->553459K(698368K), 0.0072255 secs] [Times: user=0.12 sys=0.01, real=0.01 secs] 
2016-09-24T04:28:38.917-0400: 29.746: [Full GC (Ergonomics) [PSYoungGen: 52400K->0K(174080K)] [ParOldGen: 501059K->197217K(524288K)] 553459K->197217K(698368K), [Metaspace: 43657K->43657K(1087488K)], 0.0504373 secs] [Times: user=0.49 sys=0.00, real=0.05 secs] 
2016-09-24T04:28:39.002-0400: 29.832: [GC (GCLocker Initiated GC) [PSYoungGen: 90112K->81254K(171008K)] 295739K->289581K(695296K), 0.0070389 secs] [Times: user=0.09 sys=0.00, real=0.00 secs] 
2016-09-24T04:28:39.056-0400: 29.885: [GC (GCLocker Initiated GC) [PSYoungGen: 169318K->42707K(175104K)] 380437K->299536K(699392K), 0.0070941 secs] [Times: user=0.10 sys=0.00, real=0.01 secs] 
2016-09-24T04:28:39.090-0400: 29.919: [GC (GCLocker Initiated GC) [PSYoungGen: 130771K->56601K(175104K)] 387678K->335549K(699392K), 0.0070209 secs] [Times: user=0.08 sys=0.00, real=0.01 secs] 
2016-09-24T04:28:39.143-0400: 29.972: [GC (GCLocker Initiated GC) [PSYoungGen: 144665K->56498K(144896K)] 426375K->379640K(669184K), 0.0075705 secs] [Times: user=0.10 sys=0.00, real=0.00 secs] 
2016-09-24T04:28:39.170-0400: 30.000: [GC (GCLocker Initiated GC) [PSYoungGen: 144562K->76833K(172032K)] 469159K->437270K(696320K), 0.0089270 secs] [Times: user=0.11 sys=0.01, real=0.01 secs] 
2016-09-24T04:28:39.230-0400: 30.059: [GC (GCLocker Initiated GC) [PSYoungGen: 163361K->40155K(173568K)] 530767K->444869K(697856K), 0.0084495 secs] [Times: user=0.11 sys=0.01, real=0.01 secs] 
2016-09-24T04:28:39.267-0400: 30.097: [GC (GCLocker Initiated GC) [PSYoungGen: 126683K->61869K(175104K)] 534230K->498340K(699392K), 0.0088584 secs] [Times: user=0.11 sys=0.00, real=0.01 secs] 
2016-09-24T04:28:39.312-0400: 30.142: [GC (GCLocker Initiated GC) [PSYoungGen: 149933K->62022K(150528K)] 591854K->533076K(674816K), 0.0075009 secs] [Times: user=0.10 sys=0.00, real=0.01 secs] 
2016-09-24T04:28:39.360-0400: 30.189: [Full GC (Ergonomics) [PSYoungGen: 150086K->0K(150528K)] [ParOldGen: 473832K->204147K(524288K)] 623918K->204147K(674816K), [Metaspace: 43657K->43657K(1087488K)], 0.0536567 secs] [Times: user=0.49 sys=0.02, real=0.05 secs] 
2016-09-24T04:28:39.454-0400: 30.283: [GC (GCLocker Initiated GC) [PSYoungGen: 88064K->79912K(173056K)] 307117K->298966K(697344K), 0.0073139 secs] [Times: user=0.10 sys=0.01, real=0.01 secs] 
2016-09-24T04:28:39.502-0400: 30.331: [GC (GCLocker Initiated GC) [PSYoungGen: 166952K->62141K(174080K)] 399617K->301337K(698368K), 0.0065824 secs] [Times: user=0.07 sys=0.01, real=0.01 secs] 
2016-09-24T04:28:39.542-0400: 30.371: [GC (GCLocker Initiated GC) [PSYoungGen: 149181K->68592K(175104K)] 388468K->337035K(699392K), 0.0083260 secs] [Times: user=0.10 sys=0.01, real=0.01 secs] 
2016-09-24T04:28:39.585-0400: 30.414: [GC (GCLocker Initiated GC) [PSYoungGen: 156656K->67441K(175104K)] 430656K->366426K(699392K), 0.0073498 secs] [Times: user=0.12 sys=0.00, real=0.00 secs] 
2016-09-24T04:28:39.632-0400: 30.461: [GC (GCLocker Initiated GC) [PSYoungGen: 155505K->66115K(172032K)] 457271K->402455K(696320K), 0.0069865 secs] [Times: user=0.11 sys=0.00, real=0.01 secs] 
2016-09-24T04:28:39.670-0400: 30.499: [GC (GCLocker Initiated GC) [PSYoungGen: 154179K->59350K(173568K)] 490698K->430471K(697856K), 0.0075070 secs] [Times: user=0.08 sys=0.00, real=0.01 secs] 
2016-09-24T04:28:39.721-0400: 30.550: [GC (GCLocker Initiated GC) [PSYoungGen: 147414K->29465K(172544K)] 533462K->445965K(696832K), 0.0098619 secs] [Times: user=0.10 sys=0.00, real=0.01 secs] 
2016-09-24T04:28:39.762-0400: 30.591: [GC (GCLocker Initiated GC) [PSYoungGen: 117529K->48286K(175104K)] 534156K->488811K(699392K), 0.0068492 secs] [Times: user=0.08 sys=0.00, real=0.01 secs] 
2016-09-24T04:28:39.800-0400: 30.629: [GC (GCLocker Initiated GC) [PSYoungGen: 136350K->78183K(175104K)] 579742K->557371K(699392K), 0.0080252 secs] [Times: user=0.12 sys=0.00, real=0.01 secs] 
2016-09-24T04:28:39.808-0400: 30.637: [Full GC (Ergonomics) [PSYoungGen: 78183K->0K(175104K)] [ParOldGen: 479188K->216817K(524288K)] 557371K->216817K(699392K), [Metaspace: 43658K->43658K(1087488K)], 0.0478914 secs] [Times: user=0.42 sys=0.00, real=0.05 secs] 
2016-09-24T04:28:39.897-0400: 30.726: [GC (GCLocker Initiated GC) [PSYoungGen: 88064K->66321K(175104K)] 313136K->291393K(699392K), 0.0101453 secs] [Times: user=0.15 sys=0.00, real=0.01 secs] 
2016-09-24T04:28:39.948-0400: 30.777: [GC (GCLocker Initiated GC) [PSYoungGen: 154385K->43098K(175104K)] 383687K->289625K(699392K), 0.0065132 secs] [Times: user=0.07 sys=0.01, real=0.01 secs] 
2016-09-24T04:28:39.995-0400: 30.824: [GC (GCLocker Initiated GC) [PSYoungGen: 131162K->46906K(175104K)] 384573K->326903K(699392K), 0.0067763 secs] [Times: user=0.08 sys=0.01, real=0.00 secs] 
2016-09-24T04:28:40.045-0400: 30.874: [GC (GCLocker Initiated GC) [PSYoungGen: 134970K->70031K(175104K)] 422592K->380008K(699392K), 0.0074486 secs] [Times: user=0.11 sys=0.00, real=0.00 secs] 
2016-09-24T04:28:40.082-0400: 30.911: [GC (GCLocker Initiated GC) [PSYoungGen: 158095K->60615K(175104K)] 470882K->418785K(699392K), 0.0083775 secs] [Times: user=0.10 sys=0.00, real=0.01 secs] 
2016-09-24T04:28:40.120-0400: 30.950: [GC (GCLocker Initiated GC) [PSYoungGen: 148679K->70100K(175104K)] 509695K->473793K(699392K), 0.0096384 secs] [Times: user=0.11 sys=0.00, real=0.01 secs] 
2016-09-24T04:28:40.165-0400: 30.994: [GC (GCLocker Initiated GC) [PSYoungGen: 158164K->59330K(147456K)] 564626K->493576K(671744K), 0.0071616 secs] [Times: user=0.10 sys=0.00, real=0.00 secs] 
2016-09-24T04:28:40.207-0400: 31.036: [GC (GCLocker Initiated GC) [PSYoungGen: 147394K->60506K(177152K)] 585781K->522636K(701440K), 0.0085979 secs] [Times: user=0.09 sys=0.00, real=0.01 secs] 
2016-09-24T04:28:40.248-0400: 31.077: [GC (GCLocker Initiated GC) [PSYoungGen: 151130K->66193K(174592K)] 620126K->567054K(698880K), 0.0072893 secs] [Times: user=0.11 sys=0.00, real=0.01 secs] 
2016-09-24T04:28:40.256-0400: 31.085: [Full GC (Ergonomics) [PSYoungGen: 66193K->0K(174592K)] [ParOldGen: 500860K->221333K(524288K)] 567054K->221333K(698880K), [Metaspace: 43673K->43673K(1087488K)], 0.0479628 secs] [Times: user=0.43 sys=0.00, real=0.05 secs] 
2016-09-24T04:28:40.344-0400: 31.173: [GC (GCLocker Initiated GC) [PSYoungGen: 90624K->82552K(172032K)] 314732K->306661K(696320K), 0.0066732 secs] [Times: user=0.09 sys=0.00, real=0.00 secs] 
2016-09-24T04:28:40.388-0400: 31.218: [GC (GCLocker Initiated GC) [PSYoungGen: 170616K->59297K(175104K)] 398905K->340046K(699392K), 0.0081625 secs] [Times: user=0.13 sys=0.00, real=0.01 secs] 
2016-09-24T04:28:40.428-0400: 31.257: [GC (GCLocker Initiated GC) [PSYoungGen: 147361K->51115K(175104K)] 431191K->364034K(699392K), 0.0076928 secs] [Times: user=0.08 sys=0.00, real=0.01 secs] 
2016-09-24T04:28:40.479-0400: 31.308: [GC (GCLocker Initiated GC) [PSYoungGen: 139179K->38978K(175104K)] 465757K->408264K(699392K), 0.0068311 secs] [Times: user=0.10 sys=0.00, real=0.01 secs] 
2016-09-24T04:28:40.524-0400: 31.353: [GC (GCLocker Initiated GC) [PSYoungGen: 127042K->51275K(175104K)] 503185K->455132K(699392K), 0.0070684 secs] [Times: user=0.08 sys=0.00, real=0.00 secs] 
2016-09-24T04:28:40.563-0400: 31.392: [GC (GCLocker Initiated GC) [PSYoungGen: 139339K->67575K(175104K)] 551440K->494064K(699392K), 0.0078508 secs] [Times: user=0.11 sys=0.01, real=0.00 secs] 
2016-09-24T04:28:40.608-0400: 31.437: [GC (GCLocker Initiated GC) [PSYoungGen: 155639K->68614K(175104K)] 590455K->517855K(699392K), 0.0067776 secs] [Times: user=0.09 sys=0.01, real=0.01 secs] 
2016-09-24T04:28:40.648-0400: 31.478: [GC (GCLocker Initiated GC) [PSYoungGen: 156678K->54969K(143360K)] 611380K->523769K(667648K), 0.0064878 secs] [Times: user=0.06 sys=0.00, real=0.01 secs] 
2016-09-24T04:28:40.655-0400: 31.484: [Full GC (Ergonomics) [PSYoungGen: 54969K->0K(143360K)] [ParOldGen: 468800K->225377K(524288K)] 523769K->225377K(667648K), [Metaspace: 43674K->43674K(1087488K)], 0.0507529 secs] [Times: user=0.46 sys=0.01, real=0.05 secs] 
2016-09-24T04:28:40.749-0400: 31.578: [GC (GCLocker Initiated GC) [PSYoungGen: 88064K->78319K(174080K)] 316197K->306452K(698368K), 0.0060887 secs] [Times: user=0.09 sys=0.00, real=0.01 secs] 
2016-09-24T04:28:40.788-0400: 31.617: [GC (GCLocker Initiated GC) [PSYoungGen: 165871K->66175K(174592K)] 394149K->311554K(698880K), 0.0071780 secs] [Times: user=0.09 sys=0.00, real=0.01 secs] 
2016-09-24T04:28:40.827-0400: 31.657: [GC (GCLocker Initiated GC) [PSYoungGen: 153727K->59330K(175104K)] 402015K->338265K(699392K), 0.0076432 secs] [Times: user=0.08 sys=0.00, real=0.01 secs] 
2016-09-24T04:28:40.867-0400: 31.697: [GC (GCLocker Initiated GC) [PSYoungGen: 147394K->60631K(148992K)] 431852K->385167K(673280K), 0.0069899 secs] [Times: user=0.10 sys=0.01, real=0.01 secs] 
2016-09-24T04:28:40.907-0400: 31.736: [GC (GCLocker Initiated GC) [PSYoungGen: 148695K->64782K(174592K)] 478744K->411775K(698880K), 0.0071472 secs] [Times: user=0.08 sys=0.00, real=0.00 secs] 
2016-09-24T04:28:40.956-0400: 31.785: [GC (GCLocker Initiated GC) [PSYoungGen: 154382K->28150K(173056K)] 502961K->412634K(697344K), 0.0067366 secs] [Times: user=0.07 sys=0.01, real=0.01 secs] 
2016-09-24T04:28:40.993-0400: 31.822: [GC (GCLocker Initiated GC) [PSYoungGen: 117750K->40419K(175104K)] 514647K->457014K(699392K), 0.0092213 secs] [Times: user=0.09 sys=0.00, real=0.02 secs] 
2016-09-24T04:28:41.042-0400: 31.871: [GC (GCLocker Initiated GC) [PSYoungGen: 128483K->64422K(175104K)] 545230K->514414K(699392K), 0.0072585 secs] [Times: user=0.11 sys=0.00, real=0.01 secs] 
2016-09-24T04:28:41.079-0400: 31.908: [GC (GCLocker Initiated GC) [PSYoungGen: 152486K->67473K(175104K)] 603040K->556455K(699392K), 0.0085359 secs] [Times: user=0.11 sys=0.00, real=0.01 secs] 
2016-09-24T04:28:41.087-0400: 31.916: [Full GC (Ergonomics) [PSYoungGen: 67473K->0K(175104K)] [ParOldGen: 488982K->223282K(524288K)] 556455K->223282K(699392K), [Metaspace: 43675K->43675K(1087488K)], 0.0515698 secs] [Times: user=0.43 sys=0.00, real=0.05 secs] 
2016-09-24T04:28:41.179-0400: 32.008: [GC (GCLocker Initiated GC) [PSYoungGen: 88064K->77063K(175104K)] 319533K->308533K(699392K), 0.0058158 secs] [Times: user=0.08 sys=0.00, real=0.01 secs] 
2016-09-24T04:28:41.212-0400: 32.041: [GC (GCLocker Initiated GC) [PSYoungGen: 165127K->61975K(175104K)] 399793K->343525K(699392K), 0.0070615 secs] [Times: user=0.09 sys=0.01, real=0.01 secs] 
2016-09-24T04:28:41.254-0400: 32.084: [GC (GCLocker Initiated GC) [PSYoungGen: 150039K->59228K(147456K)] 433040K->364642K(671744K), 0.0059886 secs] [Times: user=0.07 sys=0.00, real=0.00 secs] 
2016-09-24T04:28:41.292-0400: 32.122: [GC (GCLocker Initiated GC) [PSYoungGen: 147292K->71603K(174080K)] 455468K->412912K(698368K), 0.0076588 secs] [Times: user=0.11 sys=0.00, real=0.01 secs] 
2016-09-24T04:28:41.339-0400: 32.168: [GC (GCLocker Initiated GC) [PSYoungGen: 159155K->70090K(174592K)] 504594K->444777K(698880K), 0.0087738 secs] [Times: user=0.11 sys=0.00, real=0.01 secs] 
2016-09-24T04:28:41.376-0400: 32.205: [GC (GCLocker Initiated GC) [PSYoungGen: 157642K->68749K(175104K)] 537778K->494207K(699392K), 0.0093015 secs] [Times: user=0.13 sys=0.00, real=0.01 secs] 
2016-09-24T04:28:41.424-0400: 32.254: [GC (GCLocker Initiated GC) [PSYoungGen: 156813K->68671K(175104K)] 587916K->522175K(699392K), 0.0067763 secs] [Times: user=0.08 sys=0.00, real=0.00 secs] 
2016-09-24T04:28:41.468-0400: 32.297: [GC (GCLocker Initiated GC) [PSYoungGen: 156735K->52495K(175104K)] 610359K->554141K(699392K), 0.0069231 secs] [Times: user=0.10 sys=0.00, real=0.01 secs] 
2016-09-24T04:28:41.475-0400: 32.305: [Full GC (Ergonomics) [PSYoungGen: 52495K->0K(175104K)] [ParOldGen: 501645K->225583K(524288K)] 554141K->225583K(699392K), [Metaspace: 43676K->43676K(1087488K)], 0.0509708 secs] [Times: user=0.39 sys=0.00, real=0.05 secs] 
2016-09-24T04:28:41.556-0400: 32.385: [GC (GCLocker Initiated GC) [PSYoungGen: 88064K->86946K(175104K)] 322028K->326310K(699392K), 0.0077049 secs] [Times: user=0.10 sys=0.01, real=0.01 secs] 
2016-09-24T04:28:41.605-0400: 32.435: [GC (GCLocker Initiated GC) [PSYoungGen: 175010K->26267K(175104K)] 414632K->303751K(699392K), 0.0074743 secs] [Times: user=0.07 sys=0.00, real=0.00 secs] 
2016-09-24T04:28:41.633-0400: 32.462: [GC (GCLocker Initiated GC) [PSYoungGen: 114331K->85060K(175104K)] 397287K->383304K(699392K), 0.0122498 secs] [Times: user=0.15 sys=0.00, real=0.02 secs] 
2016-09-24T04:28:41.690-0400: 32.519: [GC (GCLocker Initiated GC) [PSYoungGen: 173124K->57858K(175104K)] 479548K->397650K(699392K), 0.0063521 secs] [Times: user=0.09 sys=0.01, real=0.01 secs] 
2016-09-24T04:28:41.729-0400: 32.558: [GC (GCLocker Initiated GC) [PSYoungGen: 145922K->56574K(175104K)] 485818K->422854K(699392K), 0.0068237 secs] [Times: user=0.09 sys=0.00, real=0.01 secs] 
2016-09-24T04:28:41.765-0400: 32.594: [GC (GCLocker Initiated GC) [PSYoungGen: 144638K->78246K(175104K)] 516464K->494088K(699392K), 0.0098394 secs] [Times: user=0.11 sys=0.01, real=0.01 secs] 
2016-09-24T04:28:41.819-0400: 32.648: [GC (GCLocker Initiated GC) [PSYoungGen: 166310K->39085K(175104K)] 588999K->486934K(699392K), 0.0051301 secs] [Times: user=0.08 sys=0.01, real=0.01 secs] 
2016-09-24T04:28:41.847-0400: 32.676: [GC (GCLocker Initiated GC) [PSYoungGen: 127149K->79583K(175104K)] 575143K->543353K(699392K), 0.0074341 secs] [Times: user=0.11 sys=0.00, real=0.01 secs] 
2016-09-24T04:28:41.892-0400: 32.721: [Full GC (Ergonomics) [PSYoungGen: 167647K->0K(175104K)] [ParOldGen: 473438K->232932K(524288K)] 641086K->232932K(699392K), [Metaspace: 43677K->43677K(1087488K)], 0.0523633 secs] [Times: user=0.42 sys=0.00, real=0.06 secs] 
2016-09-24T04:28:41.974-0400: 32.803: [GC (GCLocker Initiated GC) [PSYoungGen: 88064K->86415K(175104K)] 321051K->319403K(699392K), 0.0064514 secs] [Times: user=0.10 sys=0.00, real=0.01 secs] 
2016-09-24T04:28:42.020-0400: 32.850: [GC (GCLocker Initiated GC) [PSYoungGen: 174479K->63510K(175104K)] 418987K->327791K(699392K), 0.0071623 secs] [Times: user=0.09 sys=0.01, real=0.01 secs] 
2016-09-24T04:28:42.065-0400: 32.894: [GC (GCLocker Initiated GC) [PSYoungGen: 151574K->44083K(175104K)] 419982K->326934K(699392K), 0.0067339 secs] [Times: user=0.06 sys=0.00, real=0.00 secs] 
2016-09-24T04:28:42.100-0400: 32.929: [GC (GCLocker Initiated GC) [PSYoungGen: 132147K->80784K(175104K)] 417827K->379253K(699392K), 0.0080258 secs] [Times: user=0.08 sys=0.00, real=0.01 secs] 
2016-09-24T04:28:42.150-0400: 32.979: [GC (GCLocker Initiated GC) [PSYoungGen: 168848K->52326K(175104K)] 467430K->379943K(699392K), 0.0071404 secs] [Times: user=0.07 sys=0.00, real=0.01 secs] 
2016-09-24T04:28:42.183-0400: 33.013: [GC (GCLocker Initiated GC) [PSYoungGen: 140390K->79568K(175104K)] 470729K->444421K(699392K), 0.0082865 secs] [Times: user=0.11 sys=0.00, real=0.00 secs] 
2016-09-24T04:28:42.234-0400: 33.063: [GC (GCLocker Initiated GC) [PSYoungGen: 167632K->61936K(175104K)] 535223K->457324K(699392K), 0.0071221 secs] [Times: user=0.10 sys=0.00, real=0.01 secs] 
2016-09-24T04:28:42.276-0400: 33.105: [GC (GCLocker Initiated GC) [PSYoungGen: 150000K->63507K(175104K)] 546931K->486871K(699392K), 0.0070306 secs] [Times: user=0.10 sys=0.00, real=0.01 secs] 
2016-09-24T04:28:42.317-0400: 33.147: [GC (GCLocker Initiated GC) [PSYoungGen: 151571K->57939K(175104K)] 583169K->510665K(699392K), 0.0069096 secs] [Times: user=0.07 sys=0.00, real=0.01 secs] 
2016-09-24T04:28:42.364-0400: 33.194: [GC (GCLocker Initiated GC) [PSYoungGen: 146003K->59388K(175104K)] 613736K->535956K(699392K), 0.0063906 secs] [Times: user=0.06 sys=0.01, real=0.00 secs] 
2016-09-24T04:28:42.371-0400: 33.200: [Full GC (Ergonomics) [PSYoungGen: 59388K->0K(175104K)] [ParOldGen: 476568K->224005K(524288K)] 535956K->224005K(699392K), [Metaspace: 43690K->43690K(1087488K)], 0.1061394 secs] [Times: user=1.36 sys=0.01, real=0.11 secs] 
2016-09-24T04:28:42.514-0400: 33.343: [GC (GCLocker Initiated GC) [PSYoungGen: 88064K->80918K(175104K)] 317497K->310352K(699392K), 0.0061609 secs] [Times: user=0.10 sys=0.00, real=0.01 secs] 
2016-09-24T04:28:42.552-0400: 33.381: [GC (GCLocker Initiated GC) [PSYoungGen: 168982K->82245K(175104K)] 402650K->343722K(699392K), 0.0073629 secs] [Times: user=0.12 sys=0.00, real=0.01 secs] 
2016-09-24T04:28:42.593-0400: 33.422: [GC (GCLocker Initiated GC) [PSYoungGen: 170309K->67266K(175104K)] 434575K->356593K(699392K), 0.0073703 secs] [Times: user=0.09 sys=0.00, real=0.01 secs] 
2016-09-24T04:28:42.629-0400: 33.458: [GC (GCLocker Initiated GC) [PSYoungGen: 155330K->72704K(175104K)] 447486K->393939K(699392K), 0.0076067 secs] [Times: user=0.10 sys=0.00, real=0.01 secs] 
2016-09-24T04:28:42.672-0400: 33.502: [GC (GCLocker Initiated GC) [PSYoungGen: 160768K->52713K(175104K)] 488823K->421966K(699392K), 0.0076136 secs] [Times: user=0.12 sys=0.01, real=0.01 secs] 
2016-09-24T04:28:42.707-0400: 33.536: [GC (GCLocker Initiated GC) [PSYoungGen: 140777K->74070K(175104K)] 510112K->464568K(699392K), 0.0067182 secs] [Times: user=0.10 sys=0.00, real=0.00 secs] 
2016-09-24T04:28:42.756-0400: 33.585: [GC (GCLocker Initiated GC) [PSYoungGen: 162134K->67381K(175104K)] 566196K->485649K(699392K), 0.0071875 secs] [Times: user=0.09 sys=0.00, real=0.01 secs] 
2016-09-24T04:28:42.798-0400: 33.627: [GC (GCLocker Initiated GC) [PSYoungGen: 155445K->63355K(175104K)] 576595K->514928K(699392K), 0.0067383 secs] [Times: user=0.09 sys=0.00, real=0.01 secs] 
2016-09-24T04:28:42.835-0400: 33.664: [GC (GCLocker Initiated GC) [PSYoungGen: 151419K->70066K(175104K)] 605855K->550915K(699392K), 0.0070307 secs] [Times: user=0.11 sys=0.00, real=0.01 secs] 
2016-09-24T04:28:42.842-0400: 33.672: [Full GC (Ergonomics) [PSYoungGen: 70066K->0K(175104K)] [ParOldGen: 480849K->228304K(524288K)] 550915K->228304K(699392K), [Metaspace: 43713K->43713K(1087488K)], 0.0532771 secs] [Times: user=0.48 sys=0.01, real=0.05 secs] 
2016-09-24T04:28:42.928-0400: 33.758: [GC (GCLocker Initiated GC) [PSYoungGen: 88064K->79600K(175104K)] 319226K->310762K(699392K), 0.0065738 secs] [Times: user=0.09 sys=0.00, real=0.01 secs] 
2016-09-24T04:28:42.969-0400: 33.798: [GC (GCLocker Initiated GC) [PSYoungGen: 167664K->64763K(175104K)] 402197K->308241K(699392K), 0.0072552 secs] [Times: user=0.08 sys=0.00, real=0.01 secs] 
2016-09-24T04:28:43.010-0400: 33.839: [GC (GCLocker Initiated GC) [PSYoungGen: 152827K->58935K(175104K)] 399174K->329213K(699392K), 0.0071459 secs] [Times: user=0.06 sys=0.00, real=0.01 secs] 
2016-09-24T04:28:43.051-0400: 33.881: [GC (GCLocker Initiated GC) [PSYoungGen: 146999K->75647K(175104K)] 428320K->377803K(699392K), 0.0076538 secs] [Times: user=0.11 sys=0.01, real=0.01 secs] 
2016-09-24T04:28:43.099-0400: 33.928: [GC (GCLocker Initiated GC) [PSYoungGen: 163711K->57884K(175104K)] 465914K->383918K(699392K), 0.0064081 secs] [Times: user=0.08 sys=0.00, real=0.01 secs] 
2016-09-24T04:28:43.135-0400: 33.964: [GC (GCLocker Initiated GC) [PSYoungGen: 145948K->78452K(175104K)] 476260K->449965K(699392K), 0.0089347 secs] [Times: user=0.11 sys=0.00, real=0.01 secs] 
2016-09-24T04:28:43.183-0400: 34.012: [GC (GCLocker Initiated GC) [PSYoungGen: 166516K->33285K(175104K)] 543579K->457226K(699392K), 0.0089831 secs] [Times: user=0.10 sys=0.00, real=0.00 secs] 
2016-09-24T04:28:43.220-0400: 34.049: [GC (GCLocker Initiated GC) [PSYoungGen: 121349K->61955K(175104K)] 545454K->506928K(699392K), 0.0094515 secs] [Times: user=0.10 sys=0.00, real=0.01 secs] 
2016-09-24T04:28:43.265-0400: 34.095: [GC (GCLocker Initiated GC) [PSYoungGen: 150019K->40306K(175104K)] 596441K->509218K(699392K), 0.0073491 secs] [Times: user=0.06 sys=0.01, real=0.00 secs] 
2016-09-24T04:28:43.307-0400: 34.136: [Full GC (Ergonomics) [PSYoungGen: 128370K->0K(175104K)] [ParOldGen: 482468K->230557K(524288K)] 610838K->230557K(699392K), [Metaspace: 43713K->43713K(1087488K)], 0.0610693 secs] [Times: user=0.42 sys=0.00, real=0.06 secs] 
2016-09-24T04:28:43.412-0400: 34.241: [GC (GCLocker Initiated GC) [PSYoungGen: 88064K->55346K(175104K)] 322922K->290204K(699392K), 0.0077374 secs] [Times: user=0.10 sys=0.00, real=0.01 secs] 
2016-09-24T04:28:43.455-0400: 34.284: [GC (GCLocker Initiated GC) [PSYoungGen: 143410K->53873K(175104K)] 378325K->315365K(699392K), 0.0066465 secs] [Times: user=0.08 sys=0.00, real=0.00 secs] 
2016-09-24T04:28:43.497-0400: 34.326: [GC (GCLocker Initiated GC) [PSYoungGen: 141937K->60666K(175104K)] 403631K->347451K(699392K), 0.0098020 secs] [Times: user=0.08 sys=0.01, real=0.01 secs] 
2016-09-24T04:28:43.541-0400: 34.371: [GC (GCLocker Initiated GC) [PSYoungGen: 148730K->71451K(175104K)] 435544K->380807K(699392K), 0.0066918 secs] [Times: user=0.08 sys=0.01, real=0.01 secs] 
2016-09-24T04:28:43.587-0400: 34.416: [GC (GCLocker Initiated GC) [PSYoungGen: 159515K->56680K(175104K)] 475923K->415737K(699392K), 0.0088650 secs] [Times: user=0.13 sys=0.00, real=0.01 secs] 
2016-09-24T04:28:43.633-0400: 34.462: [GC (GCLocker Initiated GC) [PSYoungGen: 144744K->48306K(174080K)] 505265K->427215K(698368K), 0.0071325 secs] [Times: user=0.07 sys=0.00, real=0.01 secs] 
2016-09-24T04:28:43.685-0400: 34.514: [GC (GCLocker Initiated GC) [PSYoungGen: 136370K->67411K(174592K)] 526280K->478351K(698880K), 0.0075215 secs] [Times: user=0.09 sys=0.00, real=0.00 secs] 
2016-09-24T04:28:43.731-0400: 34.560: [GC (GCLocker Initiated GC) [PSYoungGen: 155475K->60494K(171008K)] 574668K->506170K(695296K), 0.0078088 secs] [Times: user=0.08 sys=0.00, real=0.01 secs] 
2016-09-24T04:28:43.781-0400: 34.610: [GC (GCLocker Initiated GC) [PSYoungGen: 149070K->49891K(173056K)] 613724K->525991K(697344K), 0.0065707 secs] [Times: user=0.06 sys=0.01, real=0.01 secs] 
2016-09-24T04:28:43.832-0400: 34.661: [Full GC (Ergonomics) [PSYoungGen: 138467K->0K(173056K)] [ParOldGen: 482294K->239724K(524288K)] 620762K->239724K(697344K), [Metaspace: 43713K->43713K(1087488K)], 0.0576078 secs] [Times: user=0.36 sys=0.00, real=0.06 secs] 
2016-09-24T04:28:43.927-0400: 34.756: [GC (GCLocker Initiated GC) [PSYoungGen: 88576K->64797K(176640K)] 333792K->310014K(700928K), 0.0066299 secs] [Times: user=0.06 sys=0.00, real=0.00 secs] 
2016-09-24T04:28:43.982-0400: 34.811: [GC (GCLocker Initiated GC) [PSYoungGen: 159005K->56662K(177664K)] 406220K->318276K(701952K), 0.0078126 secs] [Times: user=0.08 sys=0.00, real=0.01 secs] 
2016-09-24T04:28:44.027-0400: 34.857: [GC (GCLocker Initiated GC) [PSYoungGen: 150870K->50930K(178176K)] 420652K->337900K(702464K), 0.0068357 secs] [Times: user=0.05 sys=0.00, real=0.01 secs] 
2016-09-24T04:28:44.086-0400: 34.915: [GC (GCLocker Initiated GC) [PSYoungGen: 147698K->47190K(177664K)] 434838K->367418K(701952K), 0.0076168 secs] [Times: user=0.07 sys=0.01, real=0.00 secs] 
2016-09-24T04:28:44.133-0400: 34.962: [GC (GCLocker Initiated GC) [PSYoungGen: 143958K->54275K(177664K)] 473689K->415879K(701952K), 0.0092919 secs] [Times: user=0.10 sys=0.00, real=0.01 secs] 
2016-09-24T04:28:44.183-0400: 35.012: [GC (GCLocker Initiated GC) [PSYoungGen: 154627K->66110K(179200K)] 519109K->438383K(703488K), 0.0066907 secs] [Times: user=0.07 sys=0.00, real=0.00 secs] 
2016-09-24T04:28:44.230-0400: 35.059: [GC (GCLocker Initiated GC) [PSYoungGen: 166462K->68784K(178176K)] 540114K->459439K(702464K), 0.0096319 secs] [Times: user=0.10 sys=0.01, real=0.01 secs] 
2016-09-24T04:28:44.283-0400: 35.113: [GC (GCLocker Initiated GC) [PSYoungGen: 167088K->60568K(180224K)] 557755K->470980K(704512K), 0.0076816 secs] [Times: user=0.08 sys=0.00, real=0.00 secs] 
2016-09-24T04:28:44.340-0400: 35.169: [GC (GCLocker Initiated GC) [PSYoungGen: 158872K->41746K(179200K)] 581546K->488182K(703488K), 0.0070770 secs] [Times: user=0.06 sys=0.01, real=0.01 secs] 
2016-09-24T04:28:44.386-0400: 35.216: [GC (GCLocker Initiated GC) [PSYoungGen: 141074K->51057K(180224K)] 590495K->525713K(704512K), 0.0095972 secs] [Times: user=0.07 sys=0.00, real=0.01 secs] 
2016-09-24T04:28:44.453-0400: 35.282: [Full GC (Ergonomics) [PSYoungGen: 150385K->0K(180224K)] [ParOldGen: 486911K->243416K(524288K)] 637297K->243416K(704512K), [Metaspace: 43713K->43713K(1087488K)], 0.0483049 secs] [Times: user=0.23 sys=0.00, real=0.05 secs] 
2016-09-24T04:28:44.561-0400: 35.390: [GC (GCLocker Initiated GC) [PSYoungGen: 99328K->36407K(180224K)] 349541K->286620K(704512K), 0.0116596 secs] [Times: user=0.11 sys=0.00, real=0.01 secs] 
2016-09-24T04:28:44.608-0400: 35.438: [GC (GCLocker Initiated GC) [PSYoungGen: 136759K->61831K(181248K)] 387138K->337641K(705536K), 0.0070932 secs] [Times: user=0.09 sys=0.00, real=0.01 secs] 
2016-09-24T04:28:44.654-0400: 35.483: [GC (GCLocker Initiated GC) [PSYoungGen: 162183K->79652K(168960K)] 438214K->386056K(693248K), 0.0084227 secs] [Times: user=0.10 sys=0.00, real=0.01 secs] 
2016-09-24T04:28:44.700-0400: 35.529: [GC (GCLocker Initiated GC) [PSYoungGen: 167716K->38857K(175104K)] 474296K->386838K(699392K), 0.0099917 secs] [Times: user=0.09 sys=0.00, real=0.01 secs] 
2016-09-24T04:28:44.746-0400: 35.575: [GC (GCLocker Initiated GC) [PSYoungGen: 126921K->55361K(171008K)] 477718K->436647K(695296K), 0.0067762 secs] [Times: user=0.08 sys=0.00, real=0.00 secs] 
2016-09-24T04:28:44.791-0400: 35.620: [GC (GCLocker Initiated GC) [PSYoungGen: 143425K->55297K(173056K)] 524974K->470219K(697344K), 0.0075966 secs] [Times: user=0.09 sys=0.00, real=0.01 secs] 
2016-09-24T04:28:44.831-0400: 35.660: [GC (GCLocker Initiated GC) [PSYoungGen: 143361K->45873K(176640K)] 563816K->503642K(700928K), 0.0097317 secs] [Times: user=0.10 sys=0.00, real=0.01 secs] 
2016-09-24T04:28:44.887-0400: 35.716: [GC (GCLocker Initiated GC) [PSYoungGen: 140593K->51245K(176128K)] 601155K->551856K(700416K), 0.0079701 secs] [Times: user=0.08 sys=0.01, real=0.01 secs] 
2016-09-24T04:28:44.895-0400: 35.724: [Full GC (Ergonomics) [PSYoungGen: 51245K->0K(176128K)] [ParOldGen: 500611K->246166K(524288K)] 551856K->246166K(700416K), [Metaspace: 43714K->43714K(1087488K)], 0.0544389 secs] [Times: user=0.35 sys=0.00, real=0.05 secs] 
2016-09-24T04:28:44.992-0400: 35.821: [GC (GCLocker Initiated GC) [PSYoungGen: 94720K->63614K(177664K)] 343806K->312701K(701952K), 0.0067772 secs] [Times: user=0.06 sys=0.00, real=0.01 secs] 
2016-09-24T04:28:45.042-0400: 35.871: [GC (GCLocker Initiated GC) [PSYoungGen: 161918K->63134K(178176K)] 411210K->327000K(702464K), 0.0068650 secs] [Times: user=0.06 sys=0.01, real=0.00 secs] 
2016-09-24T04:28:45.098-0400: 35.928: [GC (GCLocker Initiated GC) [PSYoungGen: 161438K->60690K(181760K)] 428122K->342958K(706048K), 0.0105523 secs] [Times: user=0.13 sys=0.01, real=0.01 secs] 
2016-09-24T04:28:45.155-0400: 35.984: [GC (GCLocker Initiated GC) [PSYoungGen: 162578K->61933K(181760K)] 450388K->374993K(706048K), 0.0075231 secs] [Times: user=0.09 sys=0.00, real=0.01 secs] 
2016-09-24T04:28:45.209-0400: 36.038: [GC (GCLocker Initiated GC) [PSYoungGen: 163821K->59270K(179712K)] 477034K->398936K(704000K), 0.0061790 secs] [Times: user=0.09 sys=0.00, real=0.01 secs] 
2016-09-24T04:28:45.268-0400: 36.097: [GC (GCLocker Initiated GC) [PSYoungGen: 162182K->74309K(177664K)] 508691K->428293K(701952K), 0.0069625 secs] [Times: user=0.08 sys=0.00, real=0.01 secs] 
2016-09-24T04:28:45.327-0400: 36.157: [GC (GCLocker Initiated GC) [PSYoungGen: 177221K->51053K(180736K)] 540852K->426413K(705024K), 0.0079284 secs] [Times: user=0.08 sys=0.00, real=0.01 secs] 
2016-09-24T04:28:45.376-0400: 36.205: [GC (GCLocker Initiated GC) [PSYoungGen: 149357K->79455K(178176K)] 530314K->470645K(702464K), 0.0072572 secs] [Times: user=0.09 sys=0.00, real=0.01 secs] 
2016-09-24T04:28:45.440-0400: 36.269: [GC (GCLocker Initiated GC) [PSYoungGen: 177759K->48303K(173056K)] 573138K->467302K(697344K), 0.0073404 secs] [Times: user=0.07 sys=0.00, real=0.01 secs] 
2016-09-24T04:28:45.535-0400: 36.364: [GC (GCLocker Initiated GC) [PSYoungGen: 137391K->60563K(175616K)] 564552K->542490K(699904K), 0.0107450 secs] [Times: user=0.10 sys=0.00, real=0.01 secs] 
2016-09-24T04:28:45.546-0400: 36.375: [Full GC (Ergonomics) [PSYoungGen: 60563K->0K(175616K)] [ParOldGen: 481926K->257247K(524288K)] 542490K->257247K(699904K), [Metaspace: 43715K->43715K(1087488K)], 0.0615290 secs] [Times: user=0.41 sys=0.02, real=0.06 secs] 
2016-09-24T04:28:47.553-0400: 38.383: [GC (GCLocker Initiated GC) [PSYoungGen: 89088K->50918K(173568K)] 352838K->314677K(697856K), 0.0148248 secs] [Times: user=0.15 sys=0.00, real=0.02 secs] 
2016-09-24T04:28:47.602-0400: 38.432: [GC (GCLocker Initiated GC) [PSYoungGen: 142566K->82690K(174592K)] 406552K->369634K(698880K), 0.0086133 secs] [Times: user=0.10 sys=0.01, real=0.00 secs] 
2016-09-24T04:28:47.652-0400: 38.482: [GC (GCLocker Initiated GC) [PSYoungGen: 174338K->51086K(175104K)] 466847K->379825K(699392K), 0.0080740 secs] [Times: user=0.10 sys=0.00, real=0.01 secs] 
2016-09-24T04:28:47.707-0400: 38.536: [GC (GCLocker Initiated GC) [PSYoungGen: 139150K->38969K(175104K)] 471986K->410293K(699392K), 0.0068543 secs] [Times: user=0.09 sys=0.01, real=0.00 secs] 
2016-09-24T04:28:47.740-0400: 38.569: [GC (GCLocker Initiated GC) [PSYoungGen: 127033K->75525K(175104K)] 498533K->477487K(699392K), 0.0079988 secs] [Times: user=0.10 sys=0.00, real=0.01 secs] 
2016-09-24T04:28:47.787-0400: 38.616: [GC (GCLocker Initiated GC) [PSYoungGen: 163589K->55179K(175104K)] 571876K->498056K(699392K), 0.0071715 secs] [Times: user=0.10 sys=0.00, real=0.01 secs] 
2016-09-24T04:28:47.824-0400: 38.653: [GC (GCLocker Initiated GC) [PSYoungGen: 143243K->60469K(175104K)] 586423K->547665K(699392K), 0.0085474 secs] [Times: user=0.13 sys=0.00, real=0.00 secs] 
2016-09-24T04:28:47.833-0400: 38.662: [Full GC (Ergonomics) [PSYoungGen: 60469K->0K(175104K)] [ParOldGen: 487195K->269266K(524288K)] 547665K->269266K(699392K), [Metaspace: 43743K->43743K(1087488K)], 0.0572403 secs] [Times: user=0.41 sys=0.01, real=0.06 secs] 
2016-09-24T04:28:47.928-0400: 38.757: [GC (GCLocker Initiated GC) [PSYoungGen: 88064K->79901K(175104K)] 363496K->355333K(699392K), 0.0063499 secs] [Times: user=0.09 sys=0.00, real=0.01 secs] 
2016-09-24T04:28:47.970-0400: 38.799: [GC (GCLocker Initiated GC) [PSYoungGen: 167965K->72776K(175104K)] 448951K->379167K(699392K), 0.0078214 secs] [Times: user=0.11 sys=0.02, real=0.01 secs] 
2016-09-24T04:28:48.020-0400: 38.849: [GC (GCLocker Initiated GC) [PSYoungGen: 160840K->56410K(175104K)] 472953K->396261K(699392K), 0.0086941 secs] [Times: user=0.07 sys=0.00, real=0.01 secs] 
2016-09-24T04:28:48.064-0400: 38.893: [GC (GCLocker Initiated GC) [PSYoungGen: 144474K->65998K(175104K)] 484380K->432343K(699392K), 0.0072232 secs] [Times: user=0.11 sys=0.00, real=0.00 secs] 
2016-09-24T04:28:48.109-0400: 38.938: [GC (GCLocker Initiated GC) [PSYoungGen: 154062K->63334K(175104K)] 523339K->462994K(699392K), 0.0069495 secs] [Times: user=0.11 sys=0.00, real=0.01 secs] 
2016-09-24T04:28:48.155-0400: 38.984: [GC (GCLocker Initiated GC) [PSYoungGen: 151398K->63316K(172032K)] 553911K->501759K(696320K), 0.0071235 secs] [Times: user=0.11 sys=0.01, real=0.01 secs] 
2016-09-24T04:28:48.191-0400: 39.020: [GC (GCLocker Initiated GC) [PSYoungGen: 151380K->70177K(173568K)] 590088K->552869K(697856K), 0.0074709 secs] [Times: user=0.12 sys=0.00, real=0.01 secs] 
2016-09-24T04:28:48.198-0400: 39.028: [Full GC (Ergonomics) [PSYoungGen: 70177K->0K(173568K)] [ParOldGen: 482692K->272466K(524288K)] 552869K->272466K(697856K), [Metaspace: 43743K->43743K(1087488K)], 0.0519030 secs] [Times: user=0.42 sys=0.01, real=0.05 secs] 
2016-09-24T04:28:48.290-0400: 39.119: [GC (GCLocker Initiated GC) [PSYoungGen: 88064K->59444K(174080K)] 363329K->334709K(698368K), 0.0066873 secs] [Times: user=0.07 sys=0.00, real=0.01 secs] 
2016-09-24T04:28:48.330-0400: 39.159: [GC (GCLocker Initiated GC) [PSYoungGen: 150068K->71570K(175104K)] 430956K->368310K(699392K), 0.0074685 secs] [Times: user=0.08 sys=0.00, real=0.01 secs] 
2016-09-24T04:28:48.384-0400: 39.214: [GC (GCLocker Initiated GC) [PSYoungGen: 162194K->45746K(174592K)] 472538K->386672K(698880K), 0.0067454 secs] [Times: user=0.08 sys=0.00, real=0.00 secs] 
2016-09-24T04:28:48.428-0400: 39.257: [GC (GCLocker Initiated GC) [PSYoungGen: 134834K->74173K(163328K)] 489481K->453844K(687616K), 0.0073263 secs] [Times: user=0.09 sys=0.00, real=0.01 secs] 
2016-09-24T04:28:48.478-0400: 39.307: [GC (GCLocker Initiated GC) [PSYoungGen: 163261K->52272K(175104K)] 549843K->458467K(699392K), 0.0094665 secs] [Times: user=0.07 sys=0.00, real=0.01 secs] 
2016-09-24T04:28:48.524-0400: 39.353: [GC (GCLocker Initiated GC) [PSYoungGen: 140336K->67205K(175104K)] 552097K->512043K(699392K), 0.0071205 secs] [Times: user=0.10 sys=0.00, real=0.00 secs] 
2016-09-24T04:28:48.566-0400: 39.395: [GC (GCLocker Initiated GC) [PSYoungGen: 155269K->63309K(171008K)] 604348K->529179K(695296K), 0.0078895 secs] [Times: user=0.08 sys=0.00, real=0.00 secs] 
2016-09-24T04:28:48.615-0400: 39.444: [GC (GCLocker Initiated GC) [PSYoungGen: 151373K->57787K(173056K)] 624186K->561157K(697344K), 0.0072134 secs] [Times: user=0.07 sys=0.01, real=0.01 secs] 
2016-09-24T04:28:48.623-0400: 39.452: [Full GC (Ergonomics) [PSYoungGen: 57787K->0K(173056K)] [ParOldGen: 503369K->270762K(524288K)] 561157K->270762K(697344K), [Metaspace: 43743K->43743K(1087488K)], 0.0483570 secs] [Times: user=0.38 sys=0.01, real=0.04 secs] 
2016-09-24T04:28:48.704-0400: 39.534: [GC (GCLocker Initiated GC) [PSYoungGen: 88064K->78479K(171520K)] 367152K->357567K(695808K), 0.0076276 secs] [Times: user=0.06 sys=0.01, real=0.00 secs] 
2016-09-24T04:28:48.759-0400: 39.588: [GC (GCLocker Initiated GC) [PSYoungGen: 166543K->55196K(175104K)] 451541K->374973K(699392K), 0.0144001 secs] [Times: user=0.21 sys=0.00, real=0.01 secs] 
2016-09-24T04:28:48.815-0400: 39.644: [GC (GCLocker Initiated GC) [PSYoungGen: 143260K->45765K(174592K)] 467207K->387991K(698880K), 0.0061120 secs] [Times: user=0.07 sys=0.01, real=0.00 secs] 
2016-09-24T04:28:48.867-0400: 39.696: [GC (GCLocker Initiated GC) [PSYoungGen: 133829K->68695K(175104K)] 488318K->438857K(699392K), 0.0067183 secs] [Times: user=0.08 sys=0.00, real=0.00 secs] 
2016-09-24T04:28:48.906-0400: 39.735: [GC (GCLocker Initiated GC) [PSYoungGen: 156759K->57819K(172032K)] 527054K->439602K(696320K), 0.0067539 secs] [Times: user=0.06 sys=0.01, real=0.00 secs] 
2016-09-24T04:28:48.947-0400: 39.776: [GC (GCLocker Initiated GC) [PSYoungGen: 145883K->47062K(173568K)] 535986K->463511K(697856K), 0.0071034 secs] [Times: user=0.08 sys=0.00, real=0.00 secs] 
2016-09-24T04:28:48.994-0400: 39.824: [GC (GCLocker Initiated GC) [PSYoungGen: 135126K->45540K(176640K)] 554365K->487070K(700928K), 0.0163583 secs] [Times: user=0.19 sys=0.00, real=0.01 secs] 
2016-09-24T04:28:49.051-0400: 39.880: [GC (GCLocker Initiated GC) [PSYoungGen: 136676K->83770K(175104K)] 578306K->547759K(699392K), 0.0079453 secs] [Times: user=0.10 sys=0.01, real=0.01 secs] 
2016-09-24T04:28:49.106-0400: 39.935: [GC (GCLocker Initiated GC) [PSYoungGen: 174906K->47223K(175104K)] 644504K->561054K(699392K), 0.0078847 secs] [Times: user=0.10 sys=0.00, real=0.00 secs] 
2016-09-24T04:28:49.114-0400: 39.943: [Full GC (Ergonomics) [PSYoungGen: 47223K->0K(175104K)] [ParOldGen: 513831K->280280K(524288K)] 561054K->280280K(699392K), [Metaspace: 43750K->43750K(1087488K)], 0.0557869 secs] [Times: user=0.34 sys=0.01, real=0.06 secs] 
2016-09-24T04:28:49.219-0400: 40.048: [GC (GCLocker Initiated GC) [PSYoungGen: 88064K->56942K(175104K)] 376533K->345419K(699392K), 0.0068581 secs] [Times: user=0.06 sys=0.00, real=0.01 secs] 
2016-09-24T04:28:49.273-0400: 40.102: [GC (GCLocker Initiated GC) [PSYoungGen: 145006K->57780K(173056K)] 451172K->371775K(697344K), 0.0069235 secs] [Times: user=0.07 sys=0.01, real=0.01 secs] 
2016-09-24T04:28:49.317-0400: 40.146: [GC (GCLocker Initiated GC) [PSYoungGen: 145844K->45509K(174080K)] 461314K->371134K(698368K), 0.0103824 secs] [Times: user=0.06 sys=0.00, real=0.01 secs] 
2016-09-24T04:28:49.376-0400: 40.205: [GC (GCLocker Initiated GC) [PSYoungGen: 133573K->44094K(175104K)] 462047K->393518K(699392K), 0.0076458 secs] [Times: user=0.08 sys=0.00, real=0.01 secs] 
2016-09-24T04:28:49.418-0400: 40.247: [GC (GCLocker Initiated GC) [PSYoungGen: 134206K->56462K(146944K)] 486614K->421598K(671232K), 0.0093178 secs] [Times: user=0.07 sys=0.00, real=0.01 secs] 
2016-09-24T04:28:49.473-0400: 40.302: [GC (GCLocker Initiated GC) [PSYoungGen: 146574K->67345K(172544K)] 521277K->453604K(696832K), 0.0080608 secs] [Times: user=0.10 sys=0.00, real=0.01 secs] 
2016-09-24T04:28:49.525-0400: 40.354: [GC (GCLocker Initiated GC) [PSYoungGen: 157457K->40107K(174080K)] 546533K->448762K(698368K), 0.0086918 secs] [Times: user=0.08 sys=0.01, real=0.00 secs] 
2016-09-24T04:28:49.568-0400: 40.397: [GC (GCLocker Initiated GC) [PSYoungGen: 130219K->75522K(172544K)] 544351K->505273K(696832K), 0.0127342 secs] [Times: user=0.14 sys=0.00, real=0.01 secs] 
2016-09-24T04:28:49.626-0400: 40.455: [GC (GCLocker Initiated GC) [PSYoungGen: 163586K->41501K(175104K)] 597616K->492504K(699392K), 0.0070509 secs] [Times: user=0.06 sys=0.01, real=0.00 secs] 
2016-09-24T04:28:49.670-0400: 40.500: [GC (GCLocker Initiated GC) [PSYoungGen: 129565K->53575K(173056K)] 582041K->518855K(697344K), 0.0069149 secs] [Times: user=0.09 sys=0.00, real=0.01 secs] 
2016-09-24T04:28:49.758-0400: 40.588: [GC (GCLocker Initiated GC) [PSYoungGen: 141639K->63154K(174080K)] 609682K->553434K(698368K), 0.0089302 secs] [Times: user=0.08 sys=0.00, real=0.01 secs] 
2016-09-24T04:28:49.768-0400: 40.597: [Full GC (Ergonomics) [PSYoungGen: 63154K->0K(174080K)] [ParOldGen: 490280K->279953K(524288K)] 553434K->279953K(698368K), [Metaspace: 43792K->43792K(1087488K)], 0.0514206 secs] [Times: user=0.36 sys=0.00, real=0.05 secs] 
2016-09-24T04:28:49.873-0400: 40.702: [GC (GCLocker Initiated GC) [PSYoungGen: 88064K->56628K(169472K)] 370807K->339371K(693760K), 0.0064277 secs] [Times: user=0.06 sys=0.00, real=0.01 secs] 
2016-09-24T04:28:49.915-0400: 40.744: [GC (GCLocker Initiated GC) [PSYoungGen: 147252K->58163K(173056K)] 433107K->354374K(697344K), 0.0147553 secs] [Times: user=0.17 sys=0.00, real=0.01 secs] 
2016-09-24T04:28:49.978-0400: 40.807: [GC (GCLocker Initiated GC) [PSYoungGen: 148787K->42871K(178176K)] 445522K->366167K(702464K), 0.0080207 secs] [Times: user=0.08 sys=0.01, real=0.01 secs] 
2016-09-24T04:28:50.019-0400: 40.848: [GC (GCLocker Initiated GC) [PSYoungGen: 141687K->60562K(179712K)] 465570K->409451K(704000K), 0.0249978 secs] [Times: user=0.34 sys=0.01, real=0.03 secs] 
2016-09-24T04:28:50.090-0400: 40.919: [GC (GCLocker Initiated GC) [PSYoungGen: 159378K->56508K(176640K)] 514045K->437619K(700928K), 0.0071214 secs] [Times: user=0.08 sys=0.00, real=0.01 secs] 
2016-09-24T04:28:50.132-0400: 40.961: [GC (GCLocker Initiated GC) [PSYoungGen: 157884K->76661K(178176K)] 540892K->477937K(702464K), 0.0080507 secs] [Times: user=0.12 sys=0.00, real=0.01 secs] 
2016-09-24T04:28:50.189-0400: 41.018: [GC (GCLocker Initiated GC) [PSYoungGen: 178037K->63279K(179200K)] 591586K->492267K(703488K), 0.0066729 secs] [Times: user=0.08 sys=0.00, real=0.01 secs] 
2016-09-24T04:28:50.233-0400: 41.062: [GC (GCLocker Initiated GC) [PSYoungGen: 159023K->67103K(178688K)] 590847K->521181K(702976K), 0.0294563 secs] [Times: user=0.36 sys=0.01, real=0.04 secs] 
2016-09-24T04:28:50.307-0400: 41.137: [GC (GCLocker Initiated GC) [PSYoungGen: 162847K->48044K(178688K)] 617159K->532589K(702976K), 0.0201740 secs] [Times: user=0.15 sys=0.01, real=0.02 secs] 
2016-09-24T04:28:50.369-0400: 41.199: [Full GC (Ergonomics) [PSYoungGen: 143788K->0K(178688K)] [ParOldGen: 490202K->292243K(524288K)] 633991K->292243K(702976K), [Metaspace: 43805K->43805K(1087488K)], 0.0580547 secs] [Times: user=0.51 sys=0.00, real=0.06 secs] 
2016-09-24T04:28:50.473-0400: 41.302: [GC (GCLocker Initiated GC) [PSYoungGen: 95744K->57964K(154112K)] 393806K->356027K(678400K), 0.0226777 secs] [Times: user=0.22 sys=0.00, real=0.03 secs] 
2016-09-24T04:28:50.548-0400: 41.377: [GC (GCLocker Initiated GC) [PSYoungGen: 153708K->52189K(178688K)] 451902K->370292K(702976K), 0.0190483 secs] [Times: user=0.20 sys=0.00, real=0.02 secs] 
2016-09-24T04:28:50.625-0400: 41.454: [GC (GCLocker Initiated GC) [PSYoungGen: 149981K->60601K(177152K)] 468166K->400979K(701440K), 0.0106810 secs] [Times: user=0.10 sys=0.01, real=0.01 secs] 
2016-09-24T04:28:50.678-0400: 41.507: [GC (GCLocker Initiated GC) [PSYoungGen: 158393K->64543K(179712K)] 501512K->419395K(704000K), 0.0084809 secs] [Times: user=0.09 sys=0.01, real=0.01 secs] 
2016-09-24T04:28:50.734-0400: 41.563: [GC (GCLocker Initiated GC) [PSYoungGen: 165919K->49598K(180224K)] 523635K->424191K(704512K), 0.0186522 secs] [Times: user=0.21 sys=0.00, real=0.02 secs] 
2016-09-24T04:28:50.789-0400: 41.619: [GC (GCLocker Initiated GC) [PSYoungGen: 150974K->63110K(183296K)] 531101K->469605K(707584K), 0.0096547 secs] [Times: user=0.09 sys=0.00, real=0.01 secs] 
2016-09-24T04:28:50.848-0400: 41.677: [GC (GCLocker Initiated GC) [PSYoungGen: 168070K->53788K(159232K)] 575965K->479900K(683520K), 0.0070266 secs] [Times: user=0.09 sys=0.00, real=0.01 secs] 
2016-09-24T04:28:50.899-0400: 41.728: [GC (GCLocker Initiated GC) [PSYoungGen: 158748K->52170K(183808K)] 584925K->496656K(708096K), 0.0073408 secs] [Times: user=0.10 sys=0.00, real=0.01 secs] 
2016-09-24T04:28:50.950-0400: 41.780: [GC (GCLocker Initiated GC) [PSYoungGen: 158666K->63347K(182784K)] 604579K->532768K(707072K), 0.0089622 secs] [Times: user=0.12 sys=0.01, real=0.01 secs] 
2016-09-24T04:28:51.003-0400: 41.833: [GC (GCLocker Initiated GC) [PSYoungGen: 169843K->59026K(183296K)] 639364K->550938K(707584K), 0.0069264 secs] [Times: user=0.08 sys=0.01, real=0.00 secs] 
2016-09-24T04:28:51.010-0400: 41.840: [Full GC (Ergonomics) [PSYoungGen: 59026K->0K(183296K)] [ParOldGen: 491912K->283264K(524288K)] 550938K->283264K(707584K), [Metaspace: 43807K->43807K(1087488K)], 0.0554198 secs] [Times: user=0.54 sys=0.01, real=0.06 secs] 
2016-09-24T04:28:51.105-0400: 41.935: [GC (GCLocker Initiated GC) [PSYoungGen: 109056K->74468K(183808K)] 397842K->387555K(708096K), 0.0213464 secs] [Times: user=0.30 sys=0.00, real=0.02 secs] 
2016-09-24T04:28:51.187-0400: 42.017: [GC (GCLocker Initiated GC) [PSYoungGen: 183524K->62030K(183808K)] 506105K->414080K(708096K), 0.0076291 secs] [Times: user=0.09 sys=0.02, real=0.01 secs] 
2016-09-24T04:28:51.252-0400: 42.081: [GC (GCLocker Initiated GC) [PSYoungGen: 167502K->49473K(183808K)] 526418K->418606K(708096K), 0.0083525 secs] [Times: user=0.08 sys=0.00, real=0.01 secs] 
2016-09-24T04:28:51.304-0400: 42.133: [GC (GCLocker Initiated GC) [PSYoungGen: 154945K->60540K(181760K)] 533605K->473560K(706048K), 0.0078520 secs] [Times: user=0.10 sys=0.00, real=0.00 secs] 
2016-09-24T04:28:51.354-0400: 42.183: [GC (GCLocker Initiated GC) [PSYoungGen: 166012K->75487K(181248K)] 584525K->532517K(705536K), 0.0094152 secs] [Times: user=0.13 sys=0.01, real=0.01 secs] 
2016-09-24T04:28:51.414-0400: 42.243: [GC (GCLocker Initiated GC) [PSYoungGen: 180959K->51143K(181248K)] 640910K->523965K(705536K), 0.0072245 secs] [Times: user=0.07 sys=0.00, real=0.01 secs] 
2016-09-24T04:28:51.463-0400: 42.292: [GC (GCLocker Initiated GC) [PSYoungGen: 151495K->51110K(151552K)] 624391K->535548K(675840K), 0.0069601 secs] [Times: user=0.07 sys=0.00, real=0.00 secs] 
2016-09-24T04:28:51.470-0400: 42.300: [Full GC (Ergonomics) [PSYoungGen: 51110K->0K(151552K)] [ParOldGen: 484437K->292146K(524288K)] 535548K->292146K(675840K), [Metaspace: 43807K->43807K(1087488K)], 0.0584268 secs] [Times: user=0.37 sys=0.00, real=0.06 secs] 
2016-09-24T04:28:51.580-0400: 42.409: [GC (GCLocker Initiated GC) [PSYoungGen: 100352K->78583K(171520K)] 403478K->381709K(695808K), 0.0114953 secs] [Times: user=0.17 sys=0.00, real=0.01 secs] 
2016-09-24T04:28:51.634-0400: 42.463: [GC (GCLocker Initiated GC) [PSYoungGen: 169719K->55064K(176640K)] 472987K->387811K(700928K), 0.0146243 secs] [Times: user=0.14 sys=0.01, real=0.02 secs] 
2016-09-24T04:28:51.697-0400: 42.527: [GC (GCLocker Initiated GC) [PSYoungGen: 146200K->57721K(171008K)] 479111K->423772K(695296K), 0.0095850 secs] [Times: user=0.08 sys=0.00, real=0.01 secs] 
2016-09-24T04:28:51.746-0400: 42.575: [GC (GCLocker Initiated GC) [PSYoungGen: 150393K->52397K(174592K)] 519224K->448842K(698880K), 0.0092410 secs] [Times: user=0.09 sys=0.00, real=0.01 secs] 
2016-09-24T04:28:51.821-0400: 42.650: [GC (GCLocker Initiated GC) [PSYoungGen: 145069K->67515K(179712K)] 544253K->484943K(704000K), 0.0087805 secs] [Times: user=0.10 sys=0.00, real=0.01 secs] 
2016-09-24T04:28:51.870-0400: 42.699: [GC (GCLocker Initiated GC) [PSYoungGen: 165819K->72635K(171008K)] 586208K->515438K(695296K), 0.0099211 secs] [Times: user=0.11 sys=0.00, real=0.01 secs] 
2016-09-24T04:28:51.925-0400: 42.755: [GC (GCLocker Initiated GC) [PSYoungGen: 170939K->72787K(173568K)] 617891K->529894K(697856K), 0.0076300 secs] [Times: user=0.10 sys=0.00, real=0.00 secs] 
2016-09-24T04:28:51.970-0400: 42.799: [GC (GCLocker Initiated GC) [PSYoungGen: 161875K->59084K(175616K)] 623286K->544155K(699904K), 0.0122689 secs] [Times: user=0.15 sys=0.00, real=0.01 secs] 
2016-09-24T04:28:51.982-0400: 42.811: [Full GC (Ergonomics) [PSYoungGen: 59084K->0K(175616K)] [ParOldGen: 485070K->292936K(524288K)] 544155K->292936K(699904K), [Metaspace: 43829K->43829K(1087488K)], 0.0680526 secs] [Times: user=0.51 sys=0.02, real=0.06 secs] 
2016-09-24T04:28:52.093-0400: 42.922: [GC (GCLocker Initiated GC) [PSYoungGen: 89088K->74286K(172544K)] 387633K->372831K(696832K), 0.0068660 secs] [Times: user=0.06 sys=0.00, real=0.01 secs] 
2016-09-24T04:28:52.135-0400: 42.965: [GC (GCLocker Initiated GC) [PSYoungGen: 162350K->53724K(175104K)] 465230K->399440K(699392K), 0.0069780 secs] [Times: user=0.09 sys=0.00, real=0.01 secs] 
2016-09-24T04:28:52.176-0400: 43.006: [GC (GCLocker Initiated GC) [PSYoungGen: 141788K->45664K(174592K)] 491673K->428548K(698880K), 0.0075915 secs] [Times: user=0.07 sys=0.00, real=0.01 secs] 
2016-09-24T04:28:52.224-0400: 43.053: [GC (GCLocker Initiated GC) [PSYoungGen: 134240K->60550K(149504K)] 524015K->471441K(673792K), 0.0267742 secs] [Times: user=0.28 sys=0.01, real=0.02 secs] 
2016-09-24T04:28:52.287-0400: 43.117: [GC (GCLocker Initiated GC) [PSYoungGen: 149126K->46923K(173056K)] 562916K->474867K(697344K), 0.0078022 secs] [Times: user=0.05 sys=0.00, real=0.01 secs] 
2016-09-24T04:28:52.326-0400: 43.155: [GC (GCLocker Initiated GC) [PSYoungGen: 136011K->69981K(173568K)] 566777K->523030K(697856K), 0.0077853 secs] [Times: user=0.08 sys=0.01, real=0.00 secs] 
2016-09-24T04:28:52.382-0400: 43.212: [GC (GCLocker Initiated GC) [PSYoungGen: 159069K->45701K(176640K)] 614994K->533407K(700928K), 0.0094309 secs] [Times: user=0.07 sys=0.00, real=0.00 secs] 
2016-09-24T04:28:52.392-0400: 43.221: [Full GC (Ergonomics) [PSYoungGen: 45701K->0K(176640K)] [ParOldGen: 487706K->295962K(524288K)] 533407K->295962K(700928K), [Metaspace: 43829K->43829K(1087488K)], 0.0552284 secs] [Times: user=0.48 sys=0.00, real=0.06 secs] 
2016-09-24T04:28:52.480-0400: 43.309: [GC (GCLocker Initiated GC) [PSYoungGen: 91136K->78401K(169984K)] 389867K->377132K(694272K), 0.0094711 secs] [Times: user=0.12 sys=0.00, real=0.01 secs] 
2016-09-24T04:28:52.530-0400: 43.360: [GC (Allocation Failure) [PSYoungGen: 169537K->53749K(175104K)] 468431K->377878K(699392K), 0.0121022 secs] [Times: user=0.11 sys=0.01, real=0.02 secs] 
2016-09-24T04:28:52.580-0400: 43.410: [GC (GCLocker Initiated GC) [PSYoungGen: 141813K->64499K(175104K)] 465962K->396184K(699392K), 0.0301273 secs] [Times: user=0.44 sys=0.00, real=0.03 secs] 
2016-09-24T04:28:52.657-0400: 43.486: [GC (GCLocker Initiated GC) [PSYoungGen: 152563K->49751K(174080K)] 495359K->416299K(698368K), 0.0069454 secs] [Times: user=0.09 sys=0.00, real=0.01 secs] 
2016-09-24T04:28:52.702-0400: 43.531: [GC (GCLocker Initiated GC) [PSYoungGen: 137815K->42637K(174592K)] 508665K->435810K(698880K), 0.0068665 secs] [Times: user=0.06 sys=0.00, real=0.01 secs] 
2016-09-24T04:28:52.742-0400: 43.571: [GC (GCLocker Initiated GC) [PSYoungGen: 130701K->46873K(173568K)] 525304K->468951K(697856K), 0.0077629 secs] [Times: user=0.08 sys=0.00, real=0.01 secs] 
2016-09-24T04:28:52.791-0400: 43.620: [GC (GCLocker Initiated GC) [PSYoungGen: 135961K->68902K(174592K)] 567609K->512043K(698880K), 0.0073241 secs] [Times: user=0.08 sys=0.01, real=0.01 secs] 
2016-09-24T04:28:52.844-0400: 43.673: [GC (GCLocker Initiated GC) [PSYoungGen: 157990K->64538K(175104K)] 602719K->531718K(699392K), 0.0147353 secs] [Times: user=0.14 sys=0.00, real=0.01 secs] 
2016-09-24T04:28:52.898-0400: 43.728: [GC (GCLocker Initiated GC) [PSYoungGen: 152602K->65933K(175104K)] 625405K->551547K(699392K), 0.0072950 secs] [Times: user=0.08 sys=0.00, real=0.01 secs] 
2016-09-24T04:28:52.906-0400: 43.735: [Full GC (Ergonomics) [PSYoungGen: 65933K->0K(175104K)] [ParOldGen: 485613K->310969K(524288K)] 551547K->310969K(699392K), [Metaspace: 43829K->43829K(1087488K)], 0.0539997 secs] [Times: user=0.47 sys=0.02, real=0.05 secs] 
2016-09-24T04:28:53.002-0400: 43.831: [GC (GCLocker Initiated GC) [PSYoungGen: 88064K->66113K(174080K)] 401859K->379908K(698368K), 0.0061406 secs] [Times: user=0.07 sys=0.00, real=0.01 secs] 
2016-09-24T04:28:53.045-0400: 43.874: [GC (GCLocker Initiated GC) [PSYoungGen: 154177K->55133K(174592K)] 470750K->392838K(698880K), 0.0164339 secs] [Times: user=0.18 sys=0.00, real=0.01 secs] 
2016-09-24T04:28:53.107-0400: 43.937: [GC (GCLocker Initiated GC) [PSYoungGen: 143197K->55307K(172544K)] 491899K->427644K(696832K), 0.0071478 secs] [Times: user=0.08 sys=0.00, real=0.01 secs] 
2016-09-24T04:28:53.162-0400: 43.991: [GC (GCLocker Initiated GC) [PSYoungGen: 145931K->64455K(173568K)] 525145K->460731K(697856K), 0.0094636 secs] [Times: user=0.09 sys=0.01, real=0.01 secs] 
2016-09-24T04:28:53.217-0400: 44.046: [GC (GCLocker Initiated GC) [PSYoungGen: 155079K->57877K(174592K)] 560077K->493252K(698880K), 0.0141413 secs] [Times: user=0.15 sys=0.00, real=0.01 secs] 
2016-09-24T04:28:53.291-0400: 44.120: [GC (GCLocker Initiated GC) [PSYoungGen: 154645K->42759K(177152K)] 594417K->494100K(701440K), 0.0149262 secs] [Times: user=0.16 sys=0.01, real=0.02 secs] 
2016-09-24T04:28:53.346-0400: 44.175: [GC (GCLocker Initiated GC) [PSYoungGen: 139527K->45453K(181248K)] 590985K->513652K(705536K), 0.0181842 secs] [Times: user=0.20 sys=0.02, real=0.02 secs] 
2016-09-24T04:28:53.399-0400: 44.229: [GC (GCLocker Initiated GC) [PSYoungGen: 145293K->52587K(152576K)] 617081K->549254K(676864K), 0.0089780 secs] [Times: user=0.08 sys=0.00, real=0.01 secs] 
2016-09-24T04:28:53.409-0400: 44.238: [Full GC (Ergonomics) [PSYoungGen: 52587K->0K(152576K)] [ParOldGen: 496666K->307934K(524288K)] 549254K->307934K(676864K), [Metaspace: 43829K->43829K(1087488K)], 0.0632237 secs] [Times: user=0.38 sys=0.01, real=0.06 secs] 
2016-09-24T04:28:53.520-0400: 44.349: [GC (GCLocker Initiated GC) [PSYoungGen: 99840K->75735K(172544K)] 416118K->392014K(696832K), 0.0063056 secs] [Times: user=0.09 sys=0.00, real=0.01 secs] 
2016-09-24T04:28:53.553-0400: 44.382: [GC (GCLocker Initiated GC) [PSYoungGen: 168919K->83547K(177152K)] 486750K->426759K(701440K), 0.0071935 secs] [Times: user=0.11 sys=0.00, real=0.01 secs] 
2016-09-24T04:28:53.606-0400: 44.436: [GC (GCLocker Initiated GC) [PSYoungGen: 176731K->52452K(173056K)] 522024K->434887K(697344K), 0.0060406 secs] [Times: user=0.09 sys=0.00, real=0.00 secs] 
2016-09-24T04:28:53.645-0400: 44.474: [GC (GCLocker Initiated GC) [PSYoungGen: 140516K->70187K(175104K)] 535351K->477889K(699392K), 0.0063666 secs] [Times: user=0.09 sys=0.00, real=0.00 secs] 
2016-09-24T04:28:53.694-0400: 44.523: [GC (GCLocker Initiated GC) [PSYoungGen: 158251K->64506K(175104K)] 574172K->504218K(699392K), 0.0066100 secs] [Times: user=0.09 sys=0.01, real=0.01 secs] 
2016-09-24T04:28:53.724-0400: 44.553: [GC (GCLocker Initiated GC) [PSYoungGen: 152570K->72907K(175104K)] 597813K->541760K(699392K), 0.0096320 secs] [Times: user=0.13 sys=0.00, real=0.00 secs] 
2016-09-24T04:28:53.998-0400: 44.828: [GC (Allocation Failure) [PSYoungGen: 160971K->2470K(175104K)] 629826K->485574K(699392K), 0.0068384 secs] [Times: user=0.06 sys=0.00, real=0.01 secs] 
2016-09-24T04:28:54.005-0400: 44.835: [Full GC (Ergonomics) [PSYoungGen: 2470K->0K(175104K)] [ParOldGen: 483103K->257148K(524288K)] 485574K->257148K(699392K), [Metaspace: 43870K->43870K(1087488K)], 0.0556756 secs] [Times: user=0.37 sys=0.00, real=0.05 secs] 
2016-09-24T04:28:59.447-0400: 50.276: [GC (Allocation Failure) [PSYoungGen: 88064K->24965K(175104K)] 345212K->282122K(699392K), 0.0148476 secs] [Times: user=0.11 sys=0.01, real=0.01 secs] 
2016-09-24T04:29:03.998-0400: 54.827: [GC (Allocation Failure) [PSYoungGen: 113029K->20420K(175104K)] 370186K->302311K(699392K), 0.0120588 secs] [Times: user=0.04 sys=0.02, real=0.01 secs] 
2016-09-24T04:29:08.531-0400: 59.360: [GC (Allocation Failure) [PSYoungGen: 108484K->21060K(175104K)] 390375K->323060K(699392K), 0.0092076 secs] [Times: user=0.05 sys=0.01, real=0.01 secs] 
2016-09-24T04:29:12.962-0400: 63.791: [GC (Allocation Failure) [PSYoungGen: 109124K->20388K(175104K)] 411124K->343008K(699392K), 0.0078017 secs] [Times: user=0.04 sys=0.02, real=0.01 secs] 
2016-09-24T04:29:17.436-0400: 68.265: [GC (Allocation Failure) [PSYoungGen: 108452K->20964K(175104K)] 431072K->363637K(699392K), 0.0098178 secs] [Times: user=0.06 sys=0.01, real=0.01 secs] 
2016-09-24T04:29:21.986-0400: 72.815: [GC (Allocation Failure) [PSYoungGen: 109028K->21124K(175104K)] 451701K->384314K(699392K), 0.0068013 secs] [Times: user=0.06 sys=0.01, real=0.00 secs] 
