Java HotSpot(TM) 64-Bit Server VM (25.101-b13) for linux-amd64 JRE (1.8.0_101-b13), built on Jun 22 2016 02:59:44 by "java_re" with gcc 4.3.0 20080428 (Red Hat 4.3.0-8)
Memory: 4k page, physical 264122324k(96128356k free), swap 268399612k(268246468k free)
CommandLine flags: -XX:GCLogFileSize=1048576 -XX:+HeapDumpOnOutOfMemoryError -XX:HeapDumpPath=artifacts/heapdump -XX:InitialHeapSize=805306368 -XX:MaxHeapSize=805306368 -XX:NumberOfGCLogFiles=10 -XX:+PrintGC -XX:+PrintGCDateStamps -XX:+PrintGCDetails -XX:+PrintGCTimeStamps -XX:+UseCompressedClassPointers -XX:+UseCompressedOops -XX:+UseGCLogFileRotation -XX:+UseParallelGC 
2016-09-15T12:32:54.859-0400: 2.112: [GC (Metadata GC Threshold) [PSYoungGen: 121897K->15543K(229376K)] 121897K->15631K(753664K), 0.0187076 secs] [Times: user=0.03 sys=0.07, real=0.02 secs] 
2016-09-15T12:32:54.878-0400: 2.131: [Full GC (Metadata GC Threshold) [PSYoungGen: 15543K->0K(229376K)] [ParOldGen: 88K->14602K(351744K)] 15631K->14602K(581120K), [Metaspace: 21073K->21073K(1067008K)], 0.0449512 secs] [Times: user=0.26 sys=0.04, real=0.04 secs] 
2016-09-15T12:32:56.579-0400: 3.832: [GC (Metadata GC Threshold) [PSYoungGen: 119751K->14745K(229376K)] 134354K->29484K(581120K), 0.0190658 secs] [Times: user=0.12 sys=0.04, real=0.02 secs] 
2016-09-15T12:32:56.598-0400: 3.852: [Full GC (Metadata GC Threshold) [PSYoungGen: 14745K->0K(229376K)] [ParOldGen: 14738K->20237K(524288K)] 29484K->20237K(753664K), [Metaspace: 35082K->35082K(1079296K)], 0.0571857 secs] [Times: user=0.46 sys=0.01, real=0.05 secs] 
2016-09-15T12:32:58.175-0400: 5.428: [GC (GCLocker Initiated GC) [PSYoungGen: 196608K->23873K(229376K)] 222920K->50193K(753664K), 0.0125249 secs] [Times: user=0.15 sys=0.00, real=0.01 secs] 
2016-09-15T12:32:59.111-0400: 6.365: [GC (GCLocker Initiated GC) [PSYoungGen: 220481K->27341K(229376K)] 247162K->66181K(753664K), 0.0092724 secs] [Times: user=0.10 sys=0.01, real=0.01 secs] 
2016-09-15T12:33:00.211-0400: 7.464: [GC (GCLocker Initiated GC) [PSYoungGen: 223949K->21527K(218624K)] 269219K->66805K(742912K), 0.0065779 secs] [Times: user=0.05 sys=0.00, real=0.01 secs] 
2016-09-15T12:33:01.265-0400: 8.519: [GC (Allocation Failure) [PSYoungGen: 218135K->21589K(226304K)] 269838K->73300K(750592K), 0.0105053 secs] [Times: user=0.05 sys=0.02, real=0.02 secs] 
2016-09-15T12:33:02.357-0400: 9.611: [GC (Allocation Failure) [PSYoungGen: 215076K->21365K(225792K)] 266787K->73084K(750080K), 0.0117572 secs] [Times: user=0.11 sys=0.00, real=0.01 secs] 
2016-09-15T12:33:02.836-0400: 10.089: [GC (GCLocker Initiated GC) [PSYoungGen: 218485K->27632K(171008K)] 270210K->146701K(695296K), 0.0177778 secs] [Times: user=0.18 sys=0.03, real=0.01 secs] 
2016-09-15T12:33:03.003-0400: 10.257: [GC (GCLocker Initiated GC) [PSYoungGen: 170992K->58591K(202240K)] 290427K->250934K(726528K), 0.0168768 secs] [Times: user=0.19 sys=0.04, real=0.02 secs] 
2016-09-15T12:33:03.212-0400: 10.466: [GC (Allocation Failure) [PSYoungGen: 201951K->58859K(174592K)] 400708K->275849K(698880K), 0.0239310 secs] [Times: user=0.21 sys=0.01, real=0.03 secs] 
2016-09-15T12:33:03.390-0400: 10.643: [GC (GCLocker Initiated GC) [PSYoungGen: 173547K->56027K(171008K)] 390542K->293637K(695296K), 0.0120492 secs] [Times: user=0.11 sys=0.00, real=0.01 secs] 
2016-09-15T12:33:03.580-0400: 10.834: [GC (GCLocker Initiated GC) [PSYoungGen: 170715K->49891K(183296K)] 420583K->300128K(707584K), 0.0129019 secs] [Times: user=0.13 sys=0.00, real=0.01 secs] 
2016-09-15T12:33:03.784-0400: 11.037: [GC (Allocation Failure) [PSYoungGen: 155363K->37290K(142848K)] 417904K->300138K(667136K), 0.0168522 secs] [Times: user=0.11 sys=0.00, real=0.02 secs] 
2016-09-15T12:33:03.931-0400: 11.184: [GC (GCLocker Initiated GC) [PSYoungGen: 142762K->73704K(168960K)] 405611K->355077K(693248K), 0.0085802 secs] [Times: user=0.09 sys=0.02, real=0.01 secs] 
2016-09-15T12:33:04.059-0400: 11.312: [GC (GCLocker Initiated GC) [PSYoungGen: 167912K->80171K(174592K)] 449422K->392168K(698880K), 0.0130852 secs] [Times: user=0.13 sys=0.02, real=0.01 secs] 
2016-09-15T12:33:04.212-0400: 11.465: [GC (GCLocker Initiated GC) [PSYoungGen: 174379K->67373K(175104K)] 498579K->391653K(699392K), 0.0110581 secs] [Times: user=0.10 sys=0.00, real=0.01 secs] 
2016-09-15T12:33:04.345-0400: 11.599: [GC (Allocation Failure) [PSYoungGen: 155437K->55155K(175104K)] 485980K->446599K(699392K), 0.0256853 secs] [Times: user=0.26 sys=0.04, real=0.03 secs] 
2016-09-15T12:33:04.489-0400: 11.742: [GC (Allocation Failure) [PSYoungGen: 137556K->73576K(175104K)] 529000K->513747K(699392K), 0.0228382 secs] [Times: user=0.24 sys=0.01, real=0.02 secs] 
2016-09-15T12:33:04.634-0400: 11.888: [GC (GCLocker Initiated GC) [PSYoungGen: 161640K->85822K(175104K)] 601812K->544535K(699392K), 0.0138670 secs] [Times: user=0.13 sys=0.03, real=0.02 secs] 
2016-09-15T12:33:04.648-0400: 11.902: [Full GC (Ergonomics) [PSYoungGen: 85822K->0K(175104K)] [ParOldGen: 458713K->50890K(524288K)] 544535K->50890K(699392K), [Metaspace: 43568K->43568K(1085440K)], 0.2344106 secs] [Times: user=3.06 sys=0.01, real=0.23 secs] 
2016-09-15T12:33:04.997-0400: 12.251: [GC (GCLocker Initiated GC) [PSYoungGen: 88064K->86078K(175104K)] 139418K->161732K(699392K), 0.0102673 secs] [Times: user=0.14 sys=0.00, real=0.01 secs] 
2016-09-15T12:33:05.122-0400: 12.375: [GC (GCLocker Initiated GC) [PSYoungGen: 174142K->73672K(175104K)] 250006K->210873K(699392K), 0.0101713 secs] [Times: user=0.16 sys=0.00, real=0.01 secs] 
2016-09-15T12:33:05.260-0400: 12.514: [GC (GCLocker Initiated GC) [PSYoungGen: 161736K->55479K(175104K)] 311431K->241908K(699392K), 0.0102171 secs] [Times: user=0.13 sys=0.00, real=0.01 secs] 
2016-09-15T12:33:05.382-0400: 12.635: [GC (GCLocker Initiated GC) [PSYoungGen: 143543K->73804K(175104K)] 330311K->278964K(699392K), 0.0093375 secs] [Times: user=0.13 sys=0.00, real=0.01 secs] 
2016-09-15T12:33:05.505-0400: 12.759: [GC (GCLocker Initiated GC) [PSYoungGen: 161868K->85854K(175104K)] 367193K->358328K(699392K), 0.0120078 secs] [Times: user=0.20 sys=0.00, real=0.02 secs] 
2016-09-15T12:33:05.625-0400: 12.878: [GC (GCLocker Initiated GC) [PSYoungGen: 173918K->85690K(175104K)] 446445K->425350K(699392K), 0.0130941 secs] [Times: user=0.20 sys=0.00, real=0.02 secs] 
2016-09-15T12:33:05.761-0400: 13.014: [GC (GCLocker Initiated GC) [PSYoungGen: 173754K->43656K(175104K)] 513590K->486936K(699392K), 0.0132732 secs] [Times: user=0.21 sys=0.00, real=0.01 secs] 
2016-09-15T12:33:05.774-0400: 13.028: [Full GC (Ergonomics) [PSYoungGen: 43656K->0K(175104K)] [ParOldGen: 443279K->45315K(524288K)] 486936K->45315K(699392K), [Metaspace: 43663K->43663K(1085440K)], 0.0429596 secs] [Times: user=0.35 sys=0.00, real=0.05 secs] 
2016-09-15T12:33:05.917-0400: 13.171: [GC (GCLocker Initiated GC) [PSYoungGen: 88064K->85854K(175104K)] 139758K->161857K(699392K), 0.0093671 secs] [Times: user=0.13 sys=0.00, real=0.00 secs] 
2016-09-15T12:33:06.045-0400: 13.299: [GC (GCLocker Initiated GC) [PSYoungGen: 173918K->74196K(175104K)] 250237K->187436K(699392K), 0.0099110 secs] [Times: user=0.15 sys=0.00, real=0.01 secs] 
2016-09-15T12:33:06.175-0400: 13.428: [GC (GCLocker Initiated GC) [PSYoungGen: 162260K->55319K(175104K)] 275642K->187202K(699392K), 0.0086180 secs] [Times: user=0.13 sys=0.00, real=0.01 secs] 
2016-09-15T12:33:06.290-0400: 13.544: [GC (GCLocker Initiated GC) [PSYoungGen: 143383K->86214K(175104K)] 275347K->248705K(699392K), 0.0098989 secs] [Times: user=0.15 sys=0.00, real=0.01 secs] 
2016-09-15T12:33:06.428-0400: 13.681: [GC (GCLocker Initiated GC) [PSYoungGen: 174278K->73868K(175104K)] 343064K->297481K(699392K), 0.0114387 secs] [Times: user=0.18 sys=0.00, real=0.01 secs] 
2016-09-15T12:33:06.553-0400: 13.806: [GC (Allocation Failure) [PSYoungGen: 161932K->55938K(175104K)] 391902K->286225K(699392K), 0.0066890 secs] [Times: user=0.09 sys=0.01, real=0.01 secs] 
2016-09-15T12:33:06.686-0400: 13.939: [GC (GCLocker Initiated GC) [PSYoungGen: 144002K->73640K(175104K)] 374294K->322316K(699392K), 0.0094132 secs] [Times: user=0.13 sys=0.00, real=0.01 secs] 
2016-09-15T12:33:06.825-0400: 14.079: [GC (GCLocker Initiated GC) [PSYoungGen: 161704K->73412K(175104K)] 410438K->340647K(699392K), 0.0121595 secs] [Times: user=0.12 sys=0.00, real=0.02 secs] 
2016-09-15T12:33:06.960-0400: 14.213: [GC (Allocation Failure) [PSYoungGen: 161476K->49440K(175104K)] 434951K->377717K(699392K), 0.0099315 secs] [Times: user=0.14 sys=0.00, real=0.01 secs] 
2016-09-15T12:33:07.099-0400: 14.353: [GC (GCLocker Initiated GC) [PSYoungGen: 137033K->43265K(175104K)] 471386K->420434K(699392K), 0.0103019 secs] [Times: user=0.12 sys=0.00, real=0.01 secs] 
2016-09-15T12:33:07.236-0400: 14.489: [GC (GCLocker Initiated GC) [PSYoungGen: 131329K->85822K(175104K)] 508859K->469726K(699392K), 0.0136577 secs] [Times: user=0.18 sys=0.01, real=0.02 secs] 
2016-09-15T12:33:07.366-0400: 14.619: [GC (GCLocker Initiated GC) [PSYoungGen: 173886K->67533K(175104K)] 557866K->488254K(699392K), 0.0098198 secs] [Times: user=0.12 sys=0.00, real=0.02 secs] 
2016-09-15T12:33:07.480-0400: 14.734: [GC (GCLocker Initiated GC) [PSYoungGen: 155597K->86018K(175104K)] 576539K->567838K(699392K), 0.0122988 secs] [Times: user=0.16 sys=0.01, real=0.01 secs] 
2016-09-15T12:33:07.493-0400: 14.746: [Full GC (Ergonomics) [PSYoungGen: 86018K->0K(175104K)] [ParOldGen: 481820K->51334K(524288K)] 567838K->51334K(699392K), [Metaspace: 43782K->43782K(1087488K)], 0.0584977 secs] [Times: user=0.50 sys=0.00, real=0.06 secs] 
2016-09-15T12:33:07.699-0400: 14.953: [GC (GCLocker Initiated GC) [PSYoungGen: 88064K->86046K(175104K)] 151657K->167864K(699392K), 0.0097759 secs] [Times: user=0.15 sys=0.00, real=0.01 secs] 
2016-09-15T12:33:07.828-0400: 15.081: [GC (GCLocker Initiated GC) [PSYoungGen: 174110K->73868K(175104K)] 262229K->223473K(699392K), 0.0097916 secs] [Times: user=0.13 sys=0.00, real=0.01 secs] 
2016-09-15T12:33:07.962-0400: 15.216: [GC (Allocation Failure) [PSYoungGen: 161932K->61298K(175104K)] 311601K->217474K(699392K), 0.0088578 secs] [Times: user=0.09 sys=0.00, real=0.01 secs] 
2016-09-15T12:33:08.086-0400: 15.339: [GC (GCLocker Initiated GC) [PSYoungGen: 149137K->73672K(175104K)] 311388K->290897K(699392K), 0.0135876 secs] [Times: user=0.21 sys=0.00, real=0.02 secs] 
2016-09-15T12:33:08.242-0400: 15.495: [GC (Allocation Failure) [PSYoungGen: 161736K->73412K(175104K)] 385168K->315368K(699392K), 0.0086277 secs] [Times: user=0.13 sys=0.00, real=0.01 secs] 
2016-09-15T12:33:08.359-0400: 15.612: [GC (GCLocker Initiated GC) [PSYoungGen: 156037K->55547K(175104K)] 404069K->340180K(699392K), 0.0082891 secs] [Times: user=0.13 sys=0.00, real=0.00 secs] 
2016-09-15T12:33:08.494-0400: 15.747: [GC (GCLocker Initiated GC) [PSYoungGen: 143611K->73608K(175104K)] 428605K->377290K(699392K), 0.0123399 secs] [Times: user=0.18 sys=0.00, real=0.01 secs] 
2016-09-15T12:33:08.638-0400: 15.891: [GC (GCLocker Initiated GC) [PSYoungGen: 161672K->73968K(175104K)] 471594K->402234K(699392K), 0.0098421 secs] [Times: user=0.15 sys=0.00, real=0.01 secs] 
2016-09-15T12:33:08.794-0400: 16.047: [GC (Allocation Failure) [PSYoungGen: 162032K->73316K(175104K)] 490340K->401907K(699392K), 0.0081319 secs] [Times: user=0.13 sys=0.01, real=0.01 secs] 
2016-09-15T12:33:08.908-0400: 16.161: [GC (GCLocker Initiated GC) [PSYoungGen: 161236K->73608K(175104K)] 495902K->414477K(699392K), 0.0103654 secs] [Times: user=0.11 sys=0.00, real=0.01 secs] 
2016-09-15T12:33:09.051-0400: 16.304: [GC (GCLocker Initiated GC) [PSYoungGen: 161672K->67437K(175104K)] 508837K->414909K(699392K), 0.0076309 secs] [Times: user=0.10 sys=0.00, real=0.01 secs] 
2016-09-15T12:33:09.195-0400: 16.448: [GC (Allocation Failure) [PSYoungGen: 155501K->73672K(175104K)] 503306K->470377K(699392K), 0.0115455 secs] [Times: user=0.17 sys=0.00, real=0.01 secs] 
2016-09-15T12:33:09.330-0400: 16.584: [GC (GCLocker Initiated GC) [PSYoungGen: 161736K->55679K(175104K)] 558441K->470924K(699392K), 0.0074267 secs] [Times: user=0.12 sys=0.00, real=0.01 secs] 
2016-09-15T12:33:09.460-0400: 16.713: [GC (GCLocker Initiated GC) [PSYoungGen: 143743K->43173K(175104K)] 565312K->483031K(699392K), 0.0200763 secs] [Times: user=0.17 sys=0.00, real=0.02 secs] 
2016-09-15T12:33:09.611-0400: 16.864: [GC (GCLocker Initiated GC) [PSYoungGen: 131237K->73480K(175104K)] 571209K->513743K(699392K), 0.0096793 secs] [Times: user=0.09 sys=0.00, real=0.01 secs] 
2016-09-15T12:33:09.765-0400: 17.018: [GC (GCLocker Initiated GC) [PSYoungGen: 161544K->55223K(175104K)] 602068K->514091K(699392K), 0.0146697 secs] [Times: user=0.16 sys=0.00, real=0.02 secs] 
2016-09-15T12:33:09.780-0400: 17.033: [Full GC (Ergonomics) [PSYoungGen: 55223K->0K(175104K)] [ParOldGen: 458868K->45281K(524288K)] 514091K->45281K(699392K), [Metaspace: 43853K->43853K(1087488K)], 0.0567953 secs] [Times: user=0.42 sys=0.00, real=0.06 secs] 
2016-09-15T12:33:09.992-0400: 17.245: [GC (GCLocker Initiated GC) [PSYoungGen: 88064K->55383K(175104K)] 139422K->106742K(699392K), 0.0065911 secs] [Times: user=0.08 sys=0.00, real=0.01 secs] 
2016-09-15T12:33:10.145-0400: 17.398: [GC (Allocation Failure) [PSYoungGen: 143447K->36962K(175104K)] 194813K->107024K(699392K), 0.0156009 secs] [Times: user=0.22 sys=0.00, real=0.02 secs] 
2016-09-15T12:33:10.270-0400: 17.523: [GC (GCLocker Initiated GC) [PSYoungGen: 125026K->85626K(175104K)] 195094K->161865K(699392K), 0.0105359 secs] [Times: user=0.11 sys=0.00, real=0.01 secs] 
2016-09-15T12:33:10.419-0400: 17.672: [GC (GCLocker Initiated GC) [PSYoungGen: 173690K->85822K(175104K)] 249970K->198696K(699392K), 0.0214364 secs] [Times: user=0.29 sys=0.01, real=0.02 secs] 
2016-09-15T12:33:10.543-0400: 17.796: [GC (Allocation Failure) [PSYoungGen: 173886K->73836K(175104K)] 293179K->242029K(699392K), 0.0106783 secs] [Times: user=0.11 sys=0.01, real=0.01 secs] 
2016-09-15T12:33:10.676-0400: 17.929: [GC (Allocation Failure) [PSYoungGen: 161900K->67629K(175104K)] 330093K->290992K(699392K), 0.0119609 secs] [Times: user=0.16 sys=0.01, real=0.01 secs] 
2016-09-15T12:33:10.800-0400: 18.053: [GC (GCLocker Initiated GC) [PSYoungGen: 155693K->74231K(175104K)] 385131K->303798K(699392K), 0.0099481 secs] [Times: user=0.12 sys=0.00, real=0.01 secs] 
2016-09-15T12:33:10.904-0400: 18.157: [GC (GCLocker Initiated GC) [PSYoungGen: 162295K->49080K(175104K)] 392033K->352508K(699392K), 0.0182672 secs] [Times: user=0.24 sys=0.01, real=0.02 secs] 
2016-09-15T12:33:11.053-0400: 18.306: [GC (GCLocker Initiated GC) [PSYoungGen: 137144K->43429K(175104K)] 452893K->413988K(699392K), 0.0119296 secs] [Times: user=0.12 sys=0.01, real=0.01 secs] 
2016-09-15T12:33:11.185-0400: 18.438: [GC (GCLocker Initiated GC) [PSYoungGen: 131493K->61394K(175104K)] 508140K->438505K(699392K), 0.0078299 secs] [Times: user=0.06 sys=0.01, real=0.01 secs] 
2016-09-15T12:33:11.406-0400: 18.659: [GC (GCLocker Initiated GC) [PSYoungGen: 149458K->37066K(175104K)] 532667K->432520K(699392K), 0.0152123 secs] [Times: user=0.14 sys=0.01, real=0.02 secs] 
2016-09-15T12:33:11.513-0400: 18.767: [GC (GCLocker Initiated GC) [PSYoungGen: 125130K->73476K(175104K)] 520778K->511980K(699392K), 0.0106705 secs] [Times: user=0.18 sys=0.01, real=0.01 secs] 
2016-09-15T12:33:11.524-0400: 18.777: [Full GC (Ergonomics) [PSYoungGen: 73476K->0K(175104K)] [ParOldGen: 438504K->51717K(524288K)] 511980K->51717K(699392K), [Metaspace: 43882K->43882K(1087488K)], 0.0612729 secs] [Times: user=0.38 sys=0.02, real=0.06 secs] 
2016-09-15T12:33:11.688-0400: 18.941: [GC (GCLocker Initiated GC) [PSYoungGen: 88064K->80327K(175104K)] 139828K->132092K(699392K), 0.0116511 secs] [Times: user=0.15 sys=0.00, real=0.01 secs] 
2016-09-15T12:33:11.816-0400: 19.069: [GC (GCLocker Initiated GC) [PSYoungGen: 168391K->85854K(175104K)] 220238K->187332K(699392K), 0.0115550 secs] [Times: user=0.17 sys=0.00, real=0.01 secs] 
2016-09-15T12:33:11.947-0400: 19.200: [GC (GCLocker Initiated GC) [PSYoungGen: 173918K->55775K(175104K)] 281703K->200309K(699392K), 0.0090234 secs] [Times: user=0.12 sys=0.00, real=0.02 secs] 
2016-09-15T12:33:12.055-0400: 19.308: [GC (GCLocker Initiated GC) [PSYoungGen: 143839K->85886K(175104K)] 288422K->267227K(699392K), 0.0132611 secs] [Times: user=0.17 sys=0.00, real=0.02 secs] 
2016-09-15T12:33:12.211-0400: 19.464: [GC (GCLocker Initiated GC) [PSYoungGen: 173950K->55483K(175104K)] 361722K->279840K(699392K), 0.0102169 secs] [Times: user=0.13 sys=0.00, real=0.01 secs] 
2016-09-15T12:33:12.332-0400: 19.585: [GC (GCLocker Initiated GC) [PSYoungGen: 143543K->85758K(175104K)] 368165K->335144K(699392K), 0.0188909 secs] [Times: user=0.25 sys=0.01, real=0.02 secs] 
2016-09-15T12:33:12.493-0400: 19.746: [GC (GCLocker Initiated GC) [PSYoungGen: 173817K->49276K(175104K)] 429634K->335547K(699392K), 0.0098230 secs] [Times: user=0.09 sys=0.00, real=0.01 secs] 
2016-09-15T12:33:12.625-0400: 19.878: [GC (GCLocker Initiated GC) [PSYoungGen: 137340K->67569K(175104K)] 423788K->372330K(699392K), 0.0093070 secs] [Times: user=0.09 sys=0.00, real=0.01 secs] 
2016-09-15T12:33:12.756-0400: 20.009: [GC (GCLocker Initiated GC) [PSYoungGen: 155633K->49504K(175104K)] 472580K->403256K(699392K), 0.0088837 secs] [Times: user=0.11 sys=0.01, real=0.01 secs] 
2016-09-15T12:33:12.892-0400: 20.145: [GC (GCLocker Initiated GC) [PSYoungGen: 137568K->12861K(175104K)] 510236K->428307K(699392K), 0.0086988 secs] [Times: user=0.06 sys=0.01, real=0.01 secs] 
2016-09-15T12:33:13.007-0400: 20.261: [GC (GCLocker Initiated GC) [PSYoungGen: 100925K->85562K(175104K)] 516480K->531946K(699392K), 0.0148645 secs] [Times: user=0.18 sys=0.02, real=0.02 secs] 
2016-09-15T12:33:13.126-0400: 20.379: [GC (GCLocker Initiated GC) [PSYoungGen: 173626K->61654K(175104K)] 620120K->581215K(699392K), 0.0134815 secs] [Times: user=0.15 sys=0.03, real=0.02 secs] 
2016-09-15T12:33:13.140-0400: 20.393: [Full GC (Ergonomics) [PSYoungGen: 61654K->0K(175104K)] [ParOldGen: 519561K->52228K(524288K)] 581215K->52228K(699392K), [Metaspace: 43895K->43895K(1087488K)], 0.0589354 secs] [Times: user=0.35 sys=0.01, real=0.06 secs] 
2016-09-15T12:33:13.298-0400: 20.552: [GC (GCLocker Initiated GC) [PSYoungGen: 88064K->86406K(175104K)] 140653K->163295K(699392K), 0.0107362 secs] [Times: user=0.13 sys=0.01, real=0.01 secs] 
2016-09-15T12:33:13.430-0400: 20.684: [GC (GCLocker Initiated GC) [PSYoungGen: 174470K->73640K(175104K)] 251627K->170421K(699392K), 0.0136917 secs] [Times: user=0.21 sys=0.02, real=0.01 secs] 
2016-09-15T12:33:13.563-0400: 20.816: [GC (Allocation Failure) [PSYoungGen: 161704K->55743K(175104K)] 270788K->164971K(699392K), 0.0063192 secs] [Times: user=0.09 sys=0.00, real=0.01 secs] 
2016-09-15T12:33:13.683-0400: 20.937: [GC (GCLocker Initiated GC) [PSYoungGen: 143807K->61754K(175104K)] 253041K->189332K(699392K), 0.0122669 secs] [Times: user=0.09 sys=0.00, real=0.02 secs] 
2016-09-15T12:33:13.806-0400: 21.059: [GC (Allocation Failure) [PSYoungGen: 149818K->73512K(175104K)] 277740K->207777K(699392K), 0.0094960 secs] [Times: user=0.08 sys=0.00, real=0.02 secs] 
2016-09-15T12:33:13.921-0400: 21.174: [GC (GCLocker Initiated GC) [PSYoungGen: 161576K->55223K(175104K)] 295847K->207995K(699392K), 0.0123283 secs] [Times: user=0.11 sys=0.00, real=0.01 secs] 
2016-09-15T12:33:14.067-0400: 21.321: [GC (Allocation Failure) [PSYoungGen: 143287K->55615K(175104K)] 296280K->233199K(699392K), 0.0254365 secs] [Times: user=0.32 sys=0.00, real=0.03 secs] 
2016-09-15T12:33:14.210-0400: 21.463: [GC (GCLocker Initiated GC) [PSYoungGen: 143679K->85790K(175104K)] 321263K->288302K(699392K), 0.0105569 secs] [Times: user=0.12 sys=0.00, real=0.01 secs] 
2016-09-15T12:33:14.347-0400: 21.600: [GC (GCLocker Initiated GC) [PSYoungGen: 173854K->49376K(175104K)] 376575K->288691K(699392K), 0.0165084 secs] [Times: user=0.14 sys=0.01, real=0.02 secs] 
2016-09-15T12:33:14.469-0400: 21.723: [GC (GCLocker Initiated GC) [PSYoungGen: 137440K->67565K(175104K)] 376976K->325650K(699392K), 0.0230165 secs] [Times: user=0.24 sys=0.00, real=0.02 secs] 
2016-09-15T12:33:14.607-0400: 21.860: [GC (GCLocker Initiated GC) [PSYoungGen: 155629K->86018K(175104K)] 413833K->350425K(699392K), 0.0105046 secs] [Times: user=0.10 sys=0.00, real=0.02 secs] 
2016-09-15T12:33:14.748-0400: 22.001: [GC (GCLocker Initiated GC) [PSYoungGen: 174082K->79683K(175104K)] 438649K->374940K(699392K), 0.0173445 secs] [Times: user=0.20 sys=0.01, real=0.02 secs] 
2016-09-15T12:33:14.893-0400: 22.146: [GC (GCLocker Initiated GC) [PSYoungGen: 167747K->49308K(175104K)] 475750K->406023K(699392K), 0.0258409 secs] [Times: user=0.31 sys=0.01, real=0.03 secs] 
2016-09-15T12:33:15.058-0400: 22.311: [GC (GCLocker Initiated GC) [PSYoungGen: 137372K->49212K(175104K)] 506407K->418539K(699392K), 0.0101113 secs] [Times: user=0.12 sys=0.00, real=0.01 secs] 
2016-09-15T12:33:15.197-0400: 22.451: [GC (GCLocker Initiated GC) [PSYoungGen: 137276K->67601K(175104K)] 506656K->467631K(699392K), 0.0109601 secs] [Times: user=0.10 sys=0.01, real=0.01 secs] 
2016-09-15T12:33:15.339-0400: 22.592: [GC (Allocation Failure) [PSYoungGen: 155665K->49148K(175104K)] 555821K->492105K(699392K), 0.0222649 secs] [Times: user=0.22 sys=0.00, real=0.02 secs] 
2016-09-15T12:33:15.468-0400: 22.721: [GC (GCLocker Initiated GC) [PSYoungGen: 137212K->43137K(175104K)] 580174K->528876K(699392K), 0.0255017 secs] [Times: user=0.22 sys=0.01, real=0.02 secs] 
2016-09-15T12:33:15.493-0400: 22.747: [Full GC (Ergonomics) [PSYoungGen: 43137K->0K(175104K)] [ParOldGen: 485739K->58015K(524288K)] 528876K->58015K(699392K), [Metaspace: 43947K->43947K(1087488K)], 0.0662083 secs] [Times: user=0.34 sys=0.02, real=0.07 secs] 
2016-09-15T12:33:15.691-0400: 22.944: [GC (GCLocker Initiated GC) [PSYoungGen: 88064K->80203K(175104K)] 152392K->144531K(699392K), 0.0141903 secs] [Times: user=0.13 sys=0.01, real=0.01 secs] 
2016-09-15T12:33:15.810-0400: 23.063: [GC (GCLocker Initiated GC) [PSYoungGen: 168267K->73576K(175104K)] 232642K->205480K(699392K), 0.0213548 secs] [Times: user=0.19 sys=0.00, real=0.02 secs] 
2016-09-15T12:33:15.938-0400: 23.191: [GC (GCLocker Initiated GC) [PSYoungGen: 161640K->73380K(175104K)] 293837K->230177K(699392K), 0.0159263 secs] [Times: user=0.15 sys=0.00, real=0.01 secs] 
2016-09-15T12:33:16.066-0400: 23.320: [GC (GCLocker Initiated GC) [PSYoungGen: 161444K->61490K(175104K)] 318338K->254986K(699392K), 0.0207041 secs] [Times: user=0.25 sys=0.01, real=0.02 secs] 
2016-09-15T12:33:16.213-0400: 23.467: [GC (GCLocker Initiated GC) [PSYoungGen: 149554K->67373K(175104K)] 349279K->267374K(699392K), 0.0100186 secs] [Times: user=0.09 sys=0.00, real=0.01 secs] 
2016-09-15T12:33:16.338-0400: 23.591: [GC (GCLocker Initiated GC) [PSYoungGen: 155437K->79879K(175104K)] 355486K->341017K(699392K), 0.0120746 secs] [Times: user=0.17 sys=0.00, real=0.01 secs] 
2016-09-15T12:33:16.470-0400: 23.723: [GC (GCLocker Initiated GC) [PSYoungGen: 167943K->73508K(175104K)] 435249K->408103K(699392K), 0.0133224 secs] [Times: user=0.16 sys=0.00, real=0.01 secs] 
2016-09-15T12:33:16.621-0400: 23.874: [GC (Allocation Failure) [PSYoungGen: 161572K->49440K(175104K)] 496197K->426725K(699392K), 0.0162042 secs] [Times: user=0.16 sys=0.00, real=0.02 secs] 
2016-09-15T12:33:16.748-0400: 24.002: [GC (GCLocker Initiated GC) [PSYoungGen: 137502K->67437K(175104K)] 514794K->469524K(699392K), 0.0107011 secs] [Times: user=0.11 sys=0.00, real=0.01 secs] 
2016-09-15T12:33:16.900-0400: 24.154: [GC (GCLocker Initiated GC) [PSYoungGen: 155501K->55419K(175104K)] 575939K->512402K(699392K), 0.0131061 secs] [Times: user=0.13 sys=0.00, real=0.01 secs] 
2016-09-15T12:33:16.914-0400: 24.167: [Full GC (Ergonomics) [PSYoungGen: 55419K->0K(175104K)] [ParOldGen: 456983K->51593K(524288K)] 512402K->51593K(699392K), [Metaspace: 43969K->43969K(1087488K)], 0.0684251 secs] [Times: user=0.46 sys=0.02, real=0.07 secs] 
2016-09-15T12:33:17.093-0400: 24.346: [GC (GCLocker Initiated GC) [PSYoungGen: 88064K->86306K(175104K)] 139883K->144200K(699392K), 0.0092607 secs] [Times: user=0.14 sys=0.00, real=0.01 secs] 
2016-09-15T12:33:17.232-0400: 24.486: [GC (GCLocker Initiated GC) [PSYoungGen: 174370K->73836K(175104K)] 238672K->175323K(699392K), 0.0115326 secs] [Times: user=0.15 sys=0.01, real=0.01 secs] 
2016-09-15T12:33:17.400-0400: 24.654: [GC (GCLocker Initiated GC) [PSYoungGen: 161900K->18709K(175104K)] 263390K->138519K(699392K), 0.0067607 secs] [Times: user=0.06 sys=0.00, real=0.00 secs] 
2016-09-15T12:33:17.516-0400: 24.770: [GC (GCLocker Initiated GC) [PSYoungGen: 106773K->85986K(175104K)] 232701K->236389K(699392K), 0.0098237 secs] [Times: user=0.14 sys=0.00, real=0.00 secs] 
2016-09-15T12:33:17.624-0400: 24.877: [GC (GCLocker Initiated GC) [PSYoungGen: 174050K->86018K(175104K)] 324793K->310132K(699392K), 0.0141250 secs] [Times: user=0.19 sys=0.01, real=0.02 secs] 
2016-09-15T12:33:17.757-0400: 25.010: [GC (Allocation Failure) [PSYoungGen: 174082K->85886K(175104K)] 398333K->334776K(699392K), 0.0098685 secs] [Times: user=0.14 sys=0.00, real=0.00 secs] 
2016-09-15T12:33:17.890-0400: 25.143: [GC (GCLocker Initiated GC) [PSYoungGen: 173950K->30827K(175104K)] 422846K->328386K(699392K), 0.0116906 secs] [Times: user=0.08 sys=0.00, real=0.01 secs] 
2016-09-15T12:33:18.030-0400: 25.283: [GC (GCLocker Initiated GC) [PSYoungGen: 118891K->73708K(175104K)] 416744K->371689K(699392K), 0.0144500 secs] [Times: user=0.14 sys=0.00, real=0.01 secs] 
2016-09-15T12:33:18.209-0400: 25.462: [GC (GCLocker Initiated GC) [PSYoungGen: 161772K->37389K(175104K)] 472084K->384419K(699392K), 0.0113899 secs] [Times: user=0.10 sys=0.00, real=0.01 secs] 
2016-09-15T12:33:18.346-0400: 25.599: [GC (GCLocker Initiated GC) [PSYoungGen: 125453K->85630K(175104K)] 472593K->451097K(699392K), 0.0190435 secs] [Times: user=0.18 sys=0.01, real=0.02 secs] 
2016-09-15T12:33:18.504-0400: 25.757: [GC (GCLocker Initiated GC) [PSYoungGen: 173694K->43365K(175104K)] 545591K->476156K(699392K), 0.0112914 secs] [Times: user=0.13 sys=0.00, real=0.01 secs] 
2016-09-15T12:33:18.630-0400: 25.884: [GC (GCLocker Initiated GC) [PSYoungGen: 131429K->85630K(175104K)] 564362K->530997K(699392K), 0.0110757 secs] [Times: user=0.10 sys=0.00, real=0.01 secs] 
2016-09-15T12:33:18.642-0400: 25.895: [Full GC (Ergonomics) [PSYoungGen: 85630K->0K(175104K)] [ParOldGen: 445367K->51808K(524288K)] 530997K->51808K(699392K), [Metaspace: 43969K->43969K(1087488K)], 0.0522210 secs] [Times: user=0.28 sys=0.00, real=0.05 secs] 
2016-09-15T12:33:18.813-0400: 26.067: [GC (GCLocker Initiated GC) [PSYoungGen: 88064K->86310K(175104K)] 152159K->150405K(699392K), 0.0195124 secs] [Times: user=0.17 sys=0.00, real=0.02 secs] 
2016-09-15T12:33:18.944-0400: 26.197: [GC (GCLocker Initiated GC) [PSYoungGen: 174374K->61462K(175104K)] 238769K->181243K(699392K), 0.0115492 secs] [Times: user=0.09 sys=0.00, real=0.01 secs] 
2016-09-15T12:33:19.046-0400: 26.300: [GC (GCLocker Initiated GC) [PSYoungGen: 149526K->85854K(175104K)] 269344K->266738K(699392K), 0.0126951 secs] [Times: user=0.15 sys=0.00, real=0.02 secs] 
2016-09-15T12:33:19.175-0400: 26.428: [GC (Allocation Failure) [PSYoungGen: 173918K->25040K(175104K)] 361025K->261054K(699392K), 0.0225052 secs] [Times: user=0.25 sys=0.00, real=0.03 secs] 
2016-09-15T12:33:19.305-0400: 26.558: [GC (GCLocker Initiated GC) [PSYoungGen: 113104K->73580K(175104K)] 349130K->309873K(699392K), 0.0118892 secs] [Times: user=0.11 sys=0.02, real=0.02 secs] 
2016-09-15T12:33:19.453-0400: 26.706: [GC (GCLocker Initiated GC) [PSYoungGen: 161644K->85854K(175104K)] 398208K->365407K(699392K), 0.0116504 secs] [Times: user=0.18 sys=0.00, real=0.01 secs] 
2016-09-15T12:33:23.424-0400: 30.677: [GC (GCLocker Initiated GC) [PSYoungGen: 173918K->55323K(175104K)] 453598K->347248K(699392K), 0.0108044 secs] [Times: user=0.08 sys=0.00, real=0.01 secs] 
2016-09-15T12:33:23.555-0400: 30.809: [GC (GCLocker Initiated GC) [PSYoungGen: 143387K->55155K(175104K)] 441754K->390264K(699392K), 0.0150094 secs] [Times: user=0.15 sys=0.00, real=0.02 secs] 
2016-09-15T12:33:23.676-0400: 30.929: [GC (GCLocker Initiated GC) [PSYoungGen: 143219K->73644K(175104K)] 478437K->433265K(699392K), 0.0217268 secs] [Times: user=0.18 sys=0.00, real=0.02 secs] 
2016-09-15T12:33:23.820-0400: 31.074: [GC (GCLocker Initiated GC) [PSYoungGen: 161708K->55387K(175104K)] 533829K->452239K(699392K), 0.0219096 secs] [Times: user=0.19 sys=0.01, real=0.02 secs] 
2016-09-15T12:33:23.952-0400: 31.205: [GC (GCLocker Initiated GC) [PSYoungGen: 143451K->61526K(175104K)] 541131K->459449K(699392K), 0.0220072 secs] [Times: user=0.22 sys=0.00, real=0.02 secs] 
2016-09-15T12:33:24.109-0400: 31.362: [GC (GCLocker Initiated GC) [PSYoungGen: 149590K->43069K(175104K)] 553631K->501905K(699392K), 0.0108531 secs] [Times: user=0.10 sys=0.00, real=0.01 secs] 
2016-09-15T12:33:24.120-0400: 31.373: [Full GC (Ergonomics) [PSYoungGen: 43069K->0K(175104K)] [ParOldGen: 458836K->45611K(524288K)] 501905K->45611K(699392K), [Metaspace: 43975K->43975K(1087488K)], 0.0649309 secs] [Times: user=0.35 sys=0.01, real=0.06 secs] 
2016-09-15T12:33:24.281-0400: 31.534: [GC (GCLocker Initiated GC) [PSYoungGen: 88064K->86794K(175104K)] 146069K->150874K(699392K), 0.0280320 secs] [Times: user=0.39 sys=0.00, real=0.03 secs] 
2016-09-15T12:33:24.417-0400: 31.670: [GC (GCLocker Initiated GC) [PSYoungGen: 174858K->85790K(175104K)] 239147K->163205K(699392K), 0.0098498 secs] [Times: user=0.12 sys=0.00, real=0.00 secs] 
2016-09-15T12:33:24.551-0400: 31.805: [GC (GCLocker Initiated GC) [PSYoungGen: 173854K->73508K(175104K)] 251580K->169783K(699392K), 0.0095020 secs] [Times: user=0.12 sys=0.00, real=0.01 secs] 
2016-09-15T12:33:24.682-0400: 31.935: [GC (GCLocker Initiated GC) [PSYoungGen: 161572K->67437K(175104K)] 264256K->176283K(699392K), 0.0153716 secs] [Times: user=0.15 sys=0.00, real=0.02 secs] 
2016-09-15T12:33:24.849-0400: 32.102: [GC (GCLocker Initiated GC) [PSYoungGen: 155501K->67177K(175104K)] 264552K->194712K(699392K), 0.0096763 secs] [Times: user=0.07 sys=0.00, real=0.01 secs] 
2016-09-15T12:33:25.027-0400: 32.281: [GC (GCLocker Initiated GC) [PSYoungGen: 155241K->55219K(175104K)] 289016K->189113K(699392K), 0.0071533 secs] [Times: user=0.08 sys=0.00, real=0.01 secs] 
2016-09-15T12:33:25.183-0400: 32.436: [GC (Allocation Failure) [PSYoungGen: 143283K->55219K(175104K)] 277443K->189498K(699392K), 0.0145876 secs] [Times: user=0.16 sys=0.01, real=0.02 secs] 
2016-09-15T12:33:25.300-0400: 32.553: [GC (GCLocker Initiated GC) [PSYoungGen: 140100K->55219K(175104K)] 280454K->238234K(699392K), 0.0093608 secs] [Times: user=0.13 sys=0.00, real=0.01 secs] 
2016-09-15T12:33:25.448-0400: 32.702: [GC (GCLocker Initiated GC) [PSYoungGen: 143283K->55810K(175104K)] 332537K->263418K(699392K), 0.0148442 secs] [Times: user=0.20 sys=0.00, real=0.01 secs] 
2016-09-15T12:33:25.572-0400: 32.826: [GC (GCLocker Initiated GC) [PSYoungGen: 143874K->79523K(175104K)] 351613K->287693K(699392K), 0.0111488 secs] [Times: user=0.09 sys=0.00, real=0.01 secs] 
2016-09-15T12:33:25.682-0400: 32.935: [GC (GCLocker Initiated GC) [PSYoungGen: 167587K->67729K(175104K)] 375798K->330759K(699392K), 0.0189193 secs] [Times: user=0.19 sys=0.00, real=0.02 secs] 
2016-09-15T12:33:25.844-0400: 33.097: [GC (GCLocker Initiated GC) [PSYoungGen: 155793K->67501K(175104K)] 425074K->391905K(699392K), 0.0156552 secs] [Times: user=0.16 sys=0.00, real=0.02 secs] 
2016-09-15T12:33:25.966-0400: 33.219: [GC (GCLocker Initiated GC) [PSYoungGen: 155565K->61426K(175104K)] 480190K->446936K(699392K), 0.0176863 secs] [Times: user=0.19 sys=0.00, real=0.02 secs] 
2016-09-15T12:33:26.104-0400: 33.357: [GC (GCLocker Initiated GC) [PSYoungGen: 149490K->43333K(175104K)] 541258K->495963K(699392K), 0.0107725 secs] [Times: user=0.12 sys=0.00, real=0.01 secs] 
2016-09-15T12:33:26.114-0400: 33.368: [Full GC (Ergonomics) [PSYoungGen: 43333K->0K(175104K)] [ParOldGen: 452630K->52135K(524288K)] 495963K->52135K(699392K), [Metaspace: 44001K->44001K(1087488K)], 0.0568153 secs] [Times: user=0.32 sys=0.00, real=0.06 secs] 
2016-09-15T12:33:26.304-0400: 33.557: [GC (Allocation Failure) [PSYoungGen: 88064K->86506K(175104K)] 140493K->145010K(699392K), 0.0090623 secs] [Times: user=0.09 sys=0.00, real=0.01 secs] 
2016-09-15T12:33:26.413-0400: 33.666: [GC (GCLocker Initiated GC) [PSYoungGen: 173198K->61458K(175104K)] 237777K->181611K(699392K), 0.0123093 secs] [Times: user=0.16 sys=0.00, real=0.01 secs] 
2016-09-15T12:33:26.564-0400: 33.817: [GC (GCLocker Initiated GC) [PSYoungGen: 149522K->37517K(175104K)] 282001K->206746K(699392K), 0.0262560 secs] [Times: user=0.33 sys=0.00, real=0.03 secs] 
2016-09-15T12:33:26.724-0400: 33.978: [GC (GCLocker Initiated GC) [PSYoungGen: 125581K->55319K(175104K)] 307243K->255497K(699392K), 0.0110128 secs] [Times: user=0.10 sys=0.00, real=0.01 secs] 
2016-09-15T12:33:26.864-0400: 34.117: [GC (GCLocker Initiated GC) [PSYoungGen: 143383K->67405K(175104K)] 343933K->268058K(699392K), 0.0172675 secs] [Times: user=0.15 sys=0.00, real=0.02 secs] 
2016-09-15T12:33:27.007-0400: 34.261: [GC (Allocation Failure) [PSYoungGen: 155469K->73936K(175104K)] 356478K->311482K(699392K), 0.0188554 secs] [Times: user=0.20 sys=0.00, real=0.02 secs] 
2016-09-15T12:33:27.153-0400: 34.406: [GC (GCLocker Initiated GC) [PSYoungGen: 162000K->73904K(175104K)] 399548K->329977K(699392K), 0.0088137 secs] [Times: user=0.09 sys=0.00, real=0.01 secs] 
2016-09-15T12:33:27.269-0400: 34.522: [GC (GCLocker Initiated GC) [PSYoungGen: 161968K->36898K(175104K)] 418177K->354125K(699392K), 0.0243656 secs] [Times: user=0.24 sys=0.01, real=0.02 secs] 
2016-09-15T12:33:27.403-0400: 34.656: [GC (GCLocker Initiated GC) [PSYoungGen: 124962K->67761K(175104K)] 448323K->427683K(699392K), 0.0306211 secs] [Times: user=0.33 sys=0.00, real=0.03 secs] 
2016-09-15T12:33:27.539-0400: 34.792: [GC (GCLocker Initiated GC) [PSYoungGen: 155825K->85986K(175104K)] 521942K->489049K(699392K), 0.0164686 secs] [Times: user=0.21 sys=0.00, real=0.01 secs] 
2016-09-15T12:33:27.665-0400: 34.918: [GC (GCLocker Initiated GC) [PSYoungGen: 174050K->79879K(175104K)] 583320K->519979K(699392K), 0.0125120 secs] [Times: user=0.20 sys=0.00, real=0.02 secs] 
2016-09-15T12:33:27.792-0400: 35.045: [GC (GCLocker Initiated GC) [PSYoungGen: 167943K->85790K(175104K)] 608153K->562594K(699392K), 0.0116138 secs] [Times: user=0.17 sys=0.00, real=0.01 secs] 
2016-09-15T12:33:27.804-0400: 35.057: [Full GC (Ergonomics) [PSYoungGen: 85790K->0K(175104K)] [ParOldGen: 476804K->46225K(524288K)] 562594K->46225K(699392K), [Metaspace: 44039K->44039K(1087488K)], 0.0557515 secs] [Times: user=0.40 sys=0.01, real=0.06 secs] 
2016-09-15T12:33:27.975-0400: 35.228: [GC (Allocation Failure) [PSYoungGen: 88064K->86865K(175104K)] 140518K->145395K(699392K), 0.0086896 secs] [Times: user=0.13 sys=0.00, real=0.01 secs] 
2016-09-15T12:33:28.122-0400: 35.376: [GC (GCLocker Initiated GC) [PSYoungGen: 172684K->37026K(175104K)] 237289K->157016K(699392K), 0.0245619 secs] [Times: user=0.28 sys=0.01, real=0.02 secs] 
2016-09-15T12:33:28.255-0400: 35.508: [GC (GCLocker Initiated GC) [PSYoungGen: 125090K->86182K(175104K)] 251427K->218753K(699392K), 0.0100845 secs] [Times: user=0.14 sys=0.01, real=0.01 secs] 
2016-09-15T12:33:28.390-0400: 35.643: [GC (Allocation Failure) [PSYoungGen: 174246K->85790K(175104K)] 313012K->243417K(699392K), 0.0127064 secs] [Times: user=0.16 sys=0.00, real=0.01 secs] 
2016-09-15T12:33:28.505-0400: 35.758: [GC (GCLocker Initiated GC) [PSYoungGen: 173309K->55415K(175104K)] 337012K->267828K(699392K), 0.0110102 secs] [Times: user=0.13 sys=0.00, real=0.02 secs] 
2016-09-15T12:33:28.651-0400: 35.904: [GC (GCLocker Initiated GC) [PSYoungGen: 143479K->61494K(175104K)] 362138K->298629K(699392K), 0.0179807 secs] [Times: user=0.14 sys=0.01, real=0.02 secs] 
2016-09-15T12:33:28.800-0400: 36.053: [GC (GCLocker Initiated GC) [PSYoungGen: 149558K->73416K(175104K)] 386819K->311092K(699392K), 0.0183669 secs] [Times: user=0.18 sys=0.00, real=0.02 secs] 
2016-09-15T12:33:28.938-0400: 36.191: [GC (GCLocker Initiated GC) [PSYoungGen: 161480K->61330K(175104K)] 399198K->323436K(699392K), 0.0091154 secs] [Times: user=0.09 sys=0.01, real=0.00 secs] 
2016-09-15T12:33:29.058-0400: 36.311: [GC (GCLocker Initiated GC) [PSYoungGen: 149394K->43073K(175104K)] 417868K->372425K(699392K), 0.0102596 secs] [Times: user=0.10 sys=0.00, real=0.01 secs] 
2016-09-15T12:33:29.207-0400: 36.460: [GC (GCLocker Initiated GC) [PSYoungGen: 131137K->55551K(175104K)] 472889K->397563K(699392K), 0.0216198 secs] [Times: user=0.23 sys=0.00, real=0.03 secs] 
2016-09-15T12:33:29.354-0400: 36.607: [GC (GCLocker Initiated GC) [PSYoungGen: 143615K->73480K(175104K)] 491869K->422166K(699392K), 0.0150423 secs] [Times: user=0.16 sys=0.01, real=0.02 secs] 
2016-09-15T12:33:29.492-0400: 36.745: [GC (GCLocker Initiated GC) [PSYoungGen: 161544K->49180K(175104K)] 510535K->446890K(699392K), 0.0288710 secs] [Times: user=0.32 sys=0.00, real=0.03 secs] 
2016-09-15T12:33:29.638-0400: 36.892: [GC (GCLocker Initiated GC) [PSYoungGen: 137244K->61394K(175104K)] 535147K->496023K(699392K), 0.0097210 secs] [Times: user=0.10 sys=0.00, real=0.01 secs] 
2016-09-15T12:33:29.757-0400: 37.010: [GC (GCLocker Initiated GC) [PSYoungGen: 149458K->67473K(175104K)] 584246K->520597K(699392K), 0.0340576 secs] [Times: user=0.36 sys=0.00, real=0.03 secs] 
2016-09-15T12:33:29.791-0400: 37.044: [Full GC (Ergonomics) [PSYoungGen: 67473K->0K(175104K)] [ParOldGen: 453124K->52400K(524288K)] 520597K->52400K(699392K), [Metaspace: 44098K->44098K(1087488K)], 0.0700554 secs] [Times: user=0.45 sys=0.01, real=0.07 secs] 
2016-09-15T12:33:29.984-0400: 37.238: [GC (GCLocker Initiated GC) [PSYoungGen: 88064K->86014K(175104K)] 146643K->144593K(699392K), 0.0124022 secs] [Times: user=0.15 sys=0.00, real=0.02 secs] 
2016-09-15T12:33:30.113-0400: 37.366: [GC (GCLocker Initiated GC) [PSYoungGen: 174078K->67793K(175104K)] 238902K->200014K(699392K), 0.0129749 secs] [Times: user=0.17 sys=0.00, real=0.01 secs] 
2016-09-15T12:33:30.240-0400: 37.494: [GC (GCLocker Initiated GC) [PSYoungGen: 155857K->73672K(175104K)] 288248K->224596K(699392K), 0.0102177 secs] [Times: user=0.12 sys=0.00, real=0.01 secs] 
2016-09-15T12:33:30.374-0400: 37.628: [GC (GCLocker Initiated GC) [PSYoungGen: 161736K->73644K(175104K)] 318805K->230816K(699392K), 0.0096078 secs] [Times: user=0.08 sys=0.01, real=0.01 secs] 
2016-09-15T12:33:30.513-0400: 37.766: [GC (GCLocker Initiated GC) [PSYoungGen: 161708K->42973K(175104K)] 325126K->243117K(699392K), 0.0143674 secs] [Times: user=0.17 sys=0.00, real=0.01 secs] 
2016-09-15T12:33:30.665-0400: 37.918: [GC (GCLocker Initiated GC) [PSYoungGen: 131037K->85790K(175104K)] 343389K->304353K(699392K), 0.0087760 secs] [Times: user=0.10 sys=0.00, real=0.01 secs] 
2016-09-15T12:33:30.827-0400: 38.080: [GC (GCLocker Initiated GC) [PSYoungGen: 173854K->61230K(175104K)] 392482K->328750K(699392K), 0.0174897 secs] [Times: user=0.19 sys=0.00, real=0.02 secs] 
2016-09-15T12:33:30.956-0400: 38.210: [GC (GCLocker Initiated GC) [PSYoungGen: 149294K->85562K(175104K)] 416845K->359308K(699392K), 0.0132277 secs] [Times: user=0.13 sys=0.00, real=0.01 secs] 
2016-09-15T12:33:31.097-0400: 38.350: [GC (GCLocker Initiated GC) [PSYoungGen: 173626K->55387K(175104K)] 459704K->396243K(699392K), 0.0151324 secs] [Times: user=0.12 sys=0.00, real=0.01 secs] 
2016-09-15T12:33:31.233-0400: 38.487: [GC (GCLocker Initiated GC) [PSYoungGen: 143451K->85822K(175104K)] 484461K->463573K(699392K), 0.0143561 secs] [Times: user=0.16 sys=0.00, real=0.02 secs] 
2016-09-15T12:33:31.363-0400: 38.617: [GC (GCLocker Initiated GC) [PSYoungGen: 173886K->43009K(175104K)] 551752K->451321K(699392K), 0.0182778 secs] [Times: user=0.19 sys=0.02, real=0.02 secs] 
2016-09-15T12:33:31.489-0400: 38.742: [GC (GCLocker Initiated GC) [PSYoungGen: 131073K->55319K(175104K)] 539411K->481978K(699392K), 0.0095930 secs] [Times: user=0.07 sys=0.00, real=0.01 secs] 
2016-09-15T12:33:31.628-0400: 38.881: [GC (Allocation Failure) [PSYoungGen: 143383K->61494K(175104K)] 570240K->531207K(699392K), 0.0104668 secs] [Times: user=0.12 sys=0.00, real=0.01 secs] 
2016-09-15T12:33:31.639-0400: 38.892: [Full GC (Ergonomics) [PSYoungGen: 61494K->0K(175104K)] [ParOldGen: 469713K->40498K(524288K)] 531207K->40498K(699392K), [Metaspace: 44172K->44172K(1087488K)], 0.0547909 secs] [Times: user=0.33 sys=0.00, real=0.05 secs] 
2016-09-15T12:33:31.795-0400: 39.048: [GC (GCLocker Initiated GC) [PSYoungGen: 88064K->86210K(175104K)] 128563K->144934K(699392K), 0.0147417 secs] [Times: user=0.18 sys=0.00, real=0.02 secs] 
2016-09-15T12:33:31.938-0400: 39.191: [GC (GCLocker Initiated GC) [PSYoungGen: 174274K->73836K(175104K)] 233344K->224626K(699392K), 0.0198511 secs] [Times: user=0.28 sys=0.00, real=0.02 secs] 
2016-09-15T12:33:32.054-0400: 39.307: [GC (Allocation Failure) [PSYoungGen: 161900K->79683K(175104K)] 313012K->249304K(699392K), 0.0204738 secs] [Times: user=0.27 sys=0.01, real=0.02 secs] 
2016-09-15T12:33:32.075-0400: 39.328: [GC (GCLocker Initiated GC) [PSYoungGen: 80244K->96K(175104K)] 249865K->249046K(699392K), 0.0113825 secs] [Times: user=0.11 sys=0.00, real=0.01 secs] 
2016-09-15T12:33:32.216-0400: 39.469: [GC (GCLocker Initiated GC) [PSYoungGen: 86535K->86210K(175104K)] 341560K->359484K(699392K), 0.0105612 secs] [Times: user=0.11 sys=0.00, real=0.00 secs] 
2016-09-15T12:33:32.359-0400: 39.613: [GC (GCLocker Initiated GC) [PSYoungGen: 174274K->61490K(175104K)] 453743K->396706K(699392K), 0.0111736 secs] [Times: user=0.16 sys=0.00, real=0.01 secs] 
2016-09-15T12:33:32.478-0400: 39.731: [GC (GCLocker Initiated GC) [PSYoungGen: 149554K->61394K(175104K)] 484896K->451522K(699392K), 0.0122511 secs] [Times: user=0.10 sys=0.00, real=0.01 secs] 
2016-09-15T12:33:32.611-0400: 39.864: [GC (GCLocker Initiated GC) [PSYoungGen: 149458K->73804K(175104K)] 545961K->525305K(699392K), 0.0110148 secs] [Times: user=0.13 sys=0.00, real=0.01 secs] 
2016-09-15T12:33:32.622-0400: 39.875: [Full GC (Ergonomics) [PSYoungGen: 73804K->0K(175104K)] [ParOldGen: 451501K->52405K(524288K)] 525305K->52405K(699392K), [Metaspace: 44176K->44176K(1087488K)], 0.0570897 secs] [Times: user=0.34 sys=0.01, real=0.06 secs] 
2016-09-15T12:33:32.812-0400: 40.065: [GC (GCLocker Initiated GC) [PSYoungGen: 88064K->86406K(175104K)] 146900K->169542K(699392K), 0.0123547 secs] [Times: user=0.17 sys=0.00, real=0.01 secs] 
2016-09-15T12:33:32.961-0400: 40.215: [GC (GCLocker Initiated GC) [PSYoungGen: 174470K->31083K(175104K)] 269881K->200122K(699392K), 0.0232779 secs] [Times: user=0.27 sys=0.01, real=0.02 secs] 
2016-09-15T12:33:33.090-0400: 40.343: [GC (GCLocker Initiated GC) [PSYoungGen: 119147K->73608K(175104K)] 288267K->285380K(699392K), 0.0324666 secs] [Times: user=0.38 sys=0.00, real=0.03 secs] 
2016-09-15T12:33:33.236-0400: 40.489: [GC (GCLocker Initiated GC) [PSYoungGen: 161672K->79715K(175104K)] 379561K->346496K(699392K), 0.0110285 secs] [Times: user=0.13 sys=0.00, real=0.01 secs] 
2016-09-15T12:33:33.380-0400: 40.633: [GC (Allocation Failure) [PSYoungGen: 167779K->55579K(175104K)] 440827K->383610K(699392K), 0.0107902 secs] [Times: user=0.13 sys=0.01, real=0.01 secs] 
2016-09-15T12:33:33.516-0400: 40.769: [GC (GCLocker Initiated GC) [PSYoungGen: 143643K->61394K(175104K)] 471680K->407939K(699392K), 0.0206307 secs] [Times: user=0.23 sys=0.01, real=0.02 secs] 
2016-09-15T12:33:33.658-0400: 40.911: [GC (GCLocker Initiated GC) [PSYoungGen: 149458K->61326K(175104K)] 496219K->468989K(699392K), 0.0116808 secs] [Times: user=0.14 sys=0.00, real=0.01 secs] 
2016-09-15T12:33:33.792-0400: 41.045: [GC (GCLocker Initiated GC) [PSYoungGen: 149390K->37066K(175104K)] 563169K->493489K(699392K), 0.0140410 secs] [Times: user=0.15 sys=0.00, real=0.01 secs] 
2016-09-15T12:33:33.806-0400: 41.059: [Full GC (Ergonomics) [PSYoungGen: 37066K->0K(175104K)] [ParOldGen: 456423K->46691K(524288K)] 493489K->46691K(699392K), [Metaspace: 44179K->44179K(1087488K)], 0.0632302 secs] [Times: user=0.40 sys=0.00, real=0.07 secs] 
2016-09-15T12:33:33.991-0400: 41.244: [GC (GCLocker Initiated GC) [PSYoungGen: 88064K->55287K(175104K)] 140843K->108067K(699392K), 0.0203398 secs] [Times: user=0.20 sys=0.00, real=0.02 secs] 
2016-09-15T12:33:34.149-0400: 41.402: [GC (GCLocker Initiated GC) [PSYoungGen: 143351K->86054K(175104K)] 196289K->181973K(699392K), 0.0192988 secs] [Times: user=0.18 sys=0.00, real=0.02 secs] 
2016-09-15T12:33:34.286-0400: 41.539: [GC (GCLocker Initiated GC) [PSYoungGen: 174118K->43105K(175104K)] 276171K->182016K(699392K), 0.0310780 secs] [Times: user=0.32 sys=0.01, real=0.04 secs] 
2016-09-15T12:33:34.446-0400: 41.699: [GC (Allocation Failure) [PSYoungGen: 131169K->61590K(175104K)] 276505K->249587K(699392K), 0.0198414 secs] [Times: user=0.24 sys=0.00, real=0.02 secs] 
2016-09-15T12:33:34.466-0400: 41.719: [GC (GCLocker Initiated GC) [PSYoungGen: 61612K->160K(175104K)] 249610K->261787K(699392K), 0.0086694 secs] [Times: user=0.10 sys=0.00, real=0.01 secs] 
2016-09-15T12:33:34.606-0400: 41.859: [GC (GCLocker Initiated GC) [PSYoungGen: 84416K->85954K(175104K)] 352118K->371905K(699392K), 0.0103245 secs] [Times: user=0.14 sys=0.00, real=0.02 secs] 
2016-09-15T12:33:34.755-0400: 42.009: [GC (Allocation Failure) [PSYoungGen: 174018K->37194K(175104K)] 472463K->384491K(699392K), 0.0193210 secs] [Times: user=0.18 sys=0.00, real=0.02 secs] 
2016-09-15T12:33:34.894-0400: 42.147: [GC (GCLocker Initiated GC) [PSYoungGen: 123003K->55451K(175104K)] 476376K->439489K(699392K), 0.0193022 secs] [Times: user=0.20 sys=0.01, real=0.02 secs] 
2016-09-15T12:33:35.014-0400: 42.267: [GC (GCLocker Initiated GC) [PSYoungGen: 143515K->85854K(175104K)] 527727K->476237K(699392K), 0.0139126 secs] [Times: user=0.17 sys=0.01, real=0.02 secs] 
2016-09-15T12:33:35.147-0400: 42.400: [GC (GCLocker Initiated GC) [PSYoungGen: 173917K->55191K(175104K)] 564667K->482689K(699392K), 0.0108539 secs] [Times: user=0.10 sys=0.00, real=0.02 secs] 
2016-09-15T12:33:35.284-0400: 42.537: [GC (GCLocker Initiated GC) [PSYoungGen: 143255K->67373K(175104K)] 570801K->531645K(699392K), 0.0153084 secs] [Times: user=0.17 sys=0.00, real=0.02 secs] 
2016-09-15T12:33:35.299-0400: 42.553: [Full GC (Ergonomics) [PSYoungGen: 67373K->0K(175104K)] [ParOldGen: 464272K->52821K(524288K)] 531645K->52821K(699392K), [Metaspace: 44184K->44184K(1087488K)], 0.0678921 secs] [Times: user=0.40 sys=0.01, real=0.06 secs] 
2016-09-15T12:33:35.501-0400: 42.755: [GC (Allocation Failure) [PSYoungGen: 88064K->55383K(175104K)] 141245K->108564K(699392K), 0.0165213 secs] [Times: user=0.18 sys=0.00, real=0.02 secs] 
2016-09-15T12:33:35.649-0400: 42.902: [GC (GCLocker Initiated GC) [PSYoungGen: 142015K->43073K(175104K)] 201271K->139335K(699392K), 0.0098567 secs] [Times: user=0.09 sys=0.00, real=0.01 secs] 
2016-09-15T12:33:35.803-0400: 43.057: [GC (GCLocker Initiated GC) [PSYoungGen: 131137K->85854K(175104K)] 239619K->218811K(699392K), 0.0278860 secs] [Times: user=0.30 sys=0.01, real=0.03 secs] 
2016-09-15T12:33:35.952-0400: 43.206: [GC (GCLocker Initiated GC) [PSYoungGen: 173918K->49536K(175104K)] 307157K->231511K(699392K), 0.0084339 secs] [Times: user=0.10 sys=0.00, real=0.01 secs] 
2016-09-15T12:33:36.074-0400: 43.327: [GC (GCLocker Initiated GC) [PSYoungGen: 137600K->73672K(175104K)] 325915K->298745K(699392K), 0.0140134 secs] [Times: user=0.20 sys=0.01, real=0.02 secs] 
2016-09-15T12:33:36.205-0400: 43.458: [GC (GCLocker Initiated GC) [PSYoungGen: 161736K->55579K(175104K)] 392932K->329428K(699392K), 0.0089321 secs] [Times: user=0.09 sys=0.00, real=0.01 secs] 
2016-09-15T12:33:36.313-0400: 43.566: [GC (GCLocker Initiated GC) [PSYoungGen: 143643K->74032K(175104K)] 423759K->372705K(699392K), 0.0097681 secs] [Times: user=0.13 sys=0.00, real=0.01 secs] 
2016-09-15T12:33:36.427-0400: 43.680: [GC (GCLocker Initiated GC) [PSYoungGen: 162096K->85886K(175104K)] 461000K->427811K(699392K), 0.0114754 secs] [Times: user=0.15 sys=0.00, real=0.02 secs] 
2016-09-15T12:33:36.550-0400: 43.803: [GC (Allocation Failure) [PSYoungGen: 173950K->73740K(175104K)] 522193K->440352K(699392K), 0.0088641 secs] [Times: user=0.11 sys=0.00, real=0.01 secs] 
2016-09-15T12:33:36.559-0400: 43.813: [GC (GCLocker Initiated GC) [PSYoungGen: 73749K->32K(175104K)] 440361K->440094K(699392K), 0.0066496 secs] [Times: user=0.07 sys=0.00, real=0.00 secs] 
2016-09-15T12:33:36.684-0400: 43.937: [GC (GCLocker Initiated GC) [PSYoungGen: 88096K->73612K(175104K)] 528164K->513680K(699392K), 0.0179698 secs] [Times: user=0.20 sys=0.00, real=0.02 secs] 
2016-09-15T12:33:36.825-0400: 44.078: [GC (GCLocker Initiated GC) [PSYoungGen: 161676K->61394K(175104K)] 602016K->526310K(699392K), 0.0241391 secs] [Times: user=0.24 sys=0.00, real=0.03 secs] 
2016-09-15T12:33:36.849-0400: 44.103: [Full GC (Ergonomics) [PSYoungGen: 61394K->0K(175104K)] [ParOldGen: 464916K->52738K(524288K)] 526310K->52738K(699392K), [Metaspace: 44189K->44189K(1087488K)], 0.0570452 secs] [Times: user=0.31 sys=0.01, real=0.05 secs] 
2016-09-15T12:33:37.008-0400: 44.261: [GC (GCLocker Initiated GC) [PSYoungGen: 88060K->86662K(175104K)] 141075K->170051K(699392K), 0.0123836 secs] [Times: user=0.16 sys=0.00, real=0.01 secs] 
2016-09-15T12:33:37.120-0400: 44.373: [GC (GCLocker Initiated GC) [PSYoungGen: 174726K->73508K(175104K)] 258426K->201044K(699392K), 0.0331041 secs] [Times: user=0.46 sys=0.01, real=0.03 secs] 
2016-09-15T12:33:37.264-0400: 44.517: [GC (GCLocker Initiated GC) [PSYoungGen: 161572K->85922K(175104K)] 289335K->262420K(699392K), 0.0173501 secs] [Times: user=0.21 sys=0.00, real=0.02 secs] 
2016-09-15T12:33:37.443-0400: 44.696: [GC (GCLocker Initiated GC) [PSYoungGen: 173986K->43005K(175104K)] 356601K->262518K(699392K), 0.0098375 secs] [Times: user=0.08 sys=0.01, real=0.01 secs] 
2016-09-15T12:33:37.587-0400: 44.840: [GC (GCLocker Initiated GC) [PSYoungGen: 131069K->36934K(175104K)] 356834K->305311K(699392K), 0.0220718 secs] [Times: user=0.17 sys=0.01, real=0.03 secs] 
2016-09-15T12:33:37.724-0400: 44.978: [GC (GCLocker Initiated GC) [PSYoungGen: 124998K->55679K(175104K)] 393507K->372939K(699392K), 0.0182059 secs] [Times: user=0.20 sys=0.00, real=0.02 secs] 
2016-09-15T12:33:37.849-0400: 45.102: [GC (GCLocker Initiated GC) [PSYoungGen: 143743K->79619K(175104K)] 467182K->421574K(699392K), 0.0157512 secs] [Times: user=0.16 sys=0.00, real=0.01 secs] 
2016-09-15T12:33:37.977-0400: 45.231: [GC (GCLocker Initiated GC) [PSYoungGen: 167683K->67501K(175104K)] 509826K->464758K(699392K), 0.0227459 secs] [Times: user=0.25 sys=0.01, real=0.02 secs] 
2016-09-15T12:33:38.108-0400: 45.361: [GC (GCLocker Initiated GC) [PSYoungGen: 155565K->55447K(175104K)] 559029K->532127K(699392K), 0.0113466 secs] [Times: user=0.12 sys=0.01, real=0.01 secs] 
2016-09-15T12:33:38.119-0400: 45.373: [Full GC (Ergonomics) [PSYoungGen: 55447K->0K(175104K)] [ParOldGen: 476680K->58233K(524288K)] 532127K->58233K(699392K), [Metaspace: 44196K->44196K(1087488K)], 0.0564054 secs] [Times: user=0.40 sys=0.00, real=0.06 secs] 
2016-09-15T12:33:38.293-0400: 45.546: [GC (GCLocker Initiated GC) [PSYoungGen: 88064K->68089K(175104K)] 152604K->132629K(699392K), 0.0080034 secs] [Times: user=0.07 sys=0.00, real=0.01 secs] 
2016-09-15T12:33:38.426-0400: 45.679: [GC (GCLocker Initiated GC) [PSYoungGen: 156153K->73672K(175104K)] 221004K->175677K(699392K), 0.0142019 secs] [Times: user=0.18 sys=0.01, real=0.02 secs] 
2016-09-15T12:33:38.549-0400: 45.802: [GC (Allocation Failure) [PSYoungGen: 161736K->55483K(175104K)] 263979K->157853K(699392K), 0.0059829 secs] [Times: user=0.08 sys=0.00, real=0.00 secs] 
2016-09-15T12:33:38.668-0400: 45.921: [GC (GCLocker Initiated GC) [PSYoungGen: 143547K->85986K(175104K)] 245923K->213133K(699392K), 0.0118763 secs] [Times: user=0.17 sys=0.00, real=0.01 secs] 
2016-09-15T12:33:38.805-0400: 46.058: [GC (GCLocker Initiated GC) [PSYoungGen: 174050K->55547K(175104K)] 307734K->225824K(699392K), 0.0080462 secs] [Times: user=0.12 sys=0.00, real=0.01 secs] 
2016-09-15T12:33:38.911-0400: 46.164: [GC (GCLocker Initiated GC) [PSYoungGen: 143611K->55515K(175104K)] 313947K->226306K(699392K), 0.0100985 secs] [Times: user=0.12 sys=0.00, real=0.01 secs] 
2016-09-15T12:33:39.060-0400: 46.313: [GC (GCLocker Initiated GC) [PSYoungGen: 143579K->61462K(175104K)] 326679K->262875K(699392K), 0.0097531 secs] [Times: user=0.08 sys=0.00, real=0.01 secs] 
2016-09-15T12:33:39.211-0400: 46.464: [GC (GCLocker Initiated GC) [PSYoungGen: 149526K->37258K(175104K)] 363439K->287912K(699392K), 0.0336695 secs] [Times: user=0.35 sys=0.00, real=0.03 secs] 
2016-09-15T12:33:39.368-0400: 46.621: [GC (GCLocker Initiated GC) [PSYoungGen: 125322K->36870K(175104K)] 382260K->294068K(699392K), 0.0065179 secs] [Times: user=0.04 sys=0.00, real=0.01 secs] 
2016-09-15T12:33:39.477-0400: 46.730: [GC (GCLocker Initiated GC) [PSYoungGen: 124934K->85822K(175104K)] 382179K->385744K(699392K), 0.0259869 secs] [Times: user=0.30 sys=0.00, real=0.02 secs] 
2016-09-15T12:33:39.609-0400: 46.863: [GC (GCLocker Initiated GC) [PSYoungGen: 173886K->73576K(175104K)] 473927K->422501K(699392K), 0.0122010 secs] [Times: user=0.14 sys=0.00, real=0.01 secs] 
2016-09-15T12:33:39.727-0400: 46.981: [GC (GCLocker Initiated GC) [PSYoungGen: 161640K->73640K(175104K)] 510645K->441178K(699392K), 0.0101597 secs] [Times: user=0.11 sys=0.00, real=0.02 secs] 
2016-09-15T12:33:39.871-0400: 47.125: [GC (GCLocker Initiated GC) [PSYoungGen: 161704K->61622K(175104K)] 529463K->466130K(699392K), 0.0106156 secs] [Times: user=0.12 sys=0.00, real=0.01 secs] 
2016-09-15T12:33:40.010-0400: 47.263: [GC (Allocation Failure) [PSYoungGen: 149686K->49148K(175104K)] 560451K->478553K(699392K), 0.0124772 secs] [Times: user=0.14 sys=0.00, real=0.01 secs] 
2016-09-15T12:33:40.118-0400: 47.372: [GC (GCLocker Initiated GC) [PSYoungGen: 137212K->86018K(175104K)] 566623K->539880K(699392K), 0.0108504 secs] [Times: user=0.11 sys=0.00, real=0.01 secs] 
2016-09-15T12:33:40.250-0400: 47.503: [Full GC (Ergonomics) [PSYoungGen: 174082K->0K(175104K)] [ParOldGen: 460293K->52513K(524288K)] 634375K->52513K(699392K), [Metaspace: 44206K->44206K(1087488K)], 0.0622508 secs] [Times: user=0.36 sys=0.01, real=0.06 secs] 
2016-09-15T12:33:40.420-0400: 47.673: [GC (GCLocker Initiated GC) [PSYoungGen: 88064K->85694K(175104K)] 152933K->174863K(699392K), 0.0128958 secs] [Times: user=0.13 sys=0.00, real=0.01 secs] 
2016-09-15T12:33:40.538-0400: 47.792: [GC (GCLocker Initiated GC) [PSYoungGen: 173758K->85986K(175104K)] 263160K->230386K(699392K), 0.0116301 secs] [Times: user=0.12 sys=0.00, real=0.01 secs] 
2016-09-15T12:33:40.659-0400: 47.912: [GC (GCLocker Initiated GC) [PSYoungGen: 174050K->67665K(175104K)] 318811K->273476K(699392K), 0.0255372 secs] [Times: user=0.30 sys=0.00, real=0.02 secs] 
2016-09-15T12:33:40.813-0400: 48.066: [GC (GCLocker Initiated GC) [PSYoungGen: 155729K->43301K(175104K)] 367926K->274155K(699392K), 0.0167155 secs] [Times: user=0.18 sys=0.00, real=0.02 secs] 
2016-09-15T12:33:40.955-0400: 48.208: [GC (GCLocker Initiated GC) [PSYoungGen: 131365K->67597K(175104K)] 368615K->323216K(699392K), 0.0108514 secs] [Times: user=0.13 sys=0.00, real=0.01 secs] 
2016-09-15T12:33:41.075-0400: 48.329: [GC (GCLocker Initiated GC) [PSYoungGen: 155661K->85822K(175104K)] 411546K->378472K(699392K), 0.0224630 secs] [Times: user=0.27 sys=0.01, real=0.03 secs] 
2016-09-15T12:33:41.234-0400: 48.488: [GC (GCLocker Initiated GC) [PSYoungGen: 173886K->67697K(175104K)] 472665K->409309K(699392K), 0.0113273 secs] [Times: user=0.09 sys=0.00, real=0.01 secs] 
2016-09-15T12:33:41.354-0400: 48.607: [GC (GCLocker Initiated GC) [PSYoungGen: 155761K->61266K(175104K)] 497448K->433768K(699392K), 0.0199216 secs] [Times: user=0.18 sys=0.00, real=0.02 secs] 
2016-09-15T12:33:41.496-0400: 48.750: [GC (Allocation Failure) [PSYoungGen: 149330K->37293K(175104K)] 521991K->464733K(699392K), 0.0158681 secs] [Times: user=0.14 sys=0.00, real=0.01 secs] 
2016-09-15T12:33:41.604-0400: 48.857: [GC (GCLocker Initiated GC) [PSYoungGen: 125357K->85758K(175104K)] 552803K->537803K(699392K), 0.0123609 secs] [Times: user=0.13 sys=0.00, real=0.02 secs] 
2016-09-15T12:33:41.733-0400: 48.986: [Full GC (Ergonomics) [PSYoungGen: 173822K->0K(175104K)] [ParOldGen: 458380K->52377K(524288K)] 632202K->52377K(699392K), [Metaspace: 44210K->44210K(1087488K)], 0.0568015 secs] [Times: user=0.29 sys=0.01, real=0.06 secs] 
2016-09-15T12:33:41.925-0400: 49.178: [GC (GCLocker Initiated GC) [PSYoungGen: 88064K->67537K(175104K)] 140516K->119989K(699392K), 0.0090747 secs] [Times: user=0.08 sys=0.00, real=0.01 secs] 
2016-09-15T12:33:42.065-0400: 49.319: [GC (GCLocker Initiated GC) [PSYoungGen: 155601K->73804K(175104K)] 208771K->163919K(699392K), 0.0106348 secs] [Times: user=0.12 sys=0.00, real=0.02 secs] 
2016-09-15T12:33:42.180-0400: 49.434: [GC (GCLocker Initiated GC) [PSYoungGen: 161868K->85790K(175104K)] 252036K->188368K(699392K), 0.0260293 secs] [Times: user=0.34 sys=0.00, real=0.02 secs] 
2016-09-15T12:33:42.330-0400: 49.583: [GC (GCLocker Initiated GC) [PSYoungGen: 173854K->43560K(175104K)] 282544K->225434K(699392K), 0.0115574 secs] [Times: user=0.12 sys=0.00, real=0.01 secs] 
2016-09-15T12:33:42.456-0400: 49.709: [GC (GCLocker Initiated GC) [PSYoungGen: 131624K->43105K(175104K)] 313719K->274051K(699392K), 0.0111757 secs] [Times: user=0.09 sys=0.00, real=0.00 secs] 
2016-09-15T12:33:42.575-0400: 49.828: [GC (GCLocker Initiated GC) [PSYoungGen: 131169K->55579K(175104K)] 368366K->311160K(699392K), 0.0101605 secs] [Times: user=0.13 sys=0.00, real=0.01 secs] 
2016-09-15T12:33:42.686-0400: 49.939: [GC (GCLocker Initiated GC) [PSYoungGen: 143643K->85986K(175104K)] 399339K->366274K(699392K), 0.0101141 secs] [Times: user=0.11 sys=0.00, real=0.02 secs] 
2016-09-15T12:33:42.808-0400: 50.061: [GC (GCLocker Initiated GC) [PSYoungGen: 174050K->73772K(175104K)] 454452K->427350K(699392K), 0.0127927 secs] [Times: user=0.15 sys=0.00, real=0.01 secs] 
2016-09-15T12:33:42.922-0400: 50.175: [GC (GCLocker Initiated GC) [PSYoungGen: 161836K->79783K(175104K)] 515714K->476657K(699392K), 0.0114693 secs] [Times: user=0.10 sys=0.00, real=0.01 secs] 
2016-09-15T12:33:43.054-0400: 50.308: [GC (GCLocker Initiated GC) [PSYoungGen: 167847K->43133K(175104K)] 571140K->525701K(699392K), 0.0118087 secs] [Times: user=0.15 sys=0.02, real=0.01 secs] 
2016-09-15T12:33:43.066-0400: 50.320: [Full GC (Ergonomics) [PSYoungGen: 43133K->0K(175104K)] [ParOldGen: 482568K->51278K(524288K)] 525701K->51278K(699392K), [Metaspace: 44211K->44211K(1087488K)], 0.0833995 secs] [Times: user=0.82 sys=0.00, real=0.09 secs] 
2016-09-15T12:33:43.279-0400: 50.533: [GC (GCLocker Initiated GC) [PSYoungGen: 88064K->86538K(175104K)] 145527K->162234K(699392K), 0.0089919 secs] [Times: user=0.12 sys=0.01, real=0.01 secs] 
2016-09-15T12:33:43.371-0400: 50.624: [GC (GCLocker Initiated GC) [PSYoungGen: 174602K->79779K(175104K)] 256420K->223091K(699392K), 0.0137088 secs] [Times: user=0.18 sys=0.01, real=0.01 secs] 
2016-09-15T12:33:43.501-0400: 50.755: [GC (GCLocker Initiated GC) [PSYoungGen: 167843K->38041K(175104K)] 329511K->236343K(699392K), 0.0095544 secs] [Times: user=0.14 sys=0.01, real=0.01 secs] 
2016-09-15T12:33:43.651-0400: 50.904: [GC (GCLocker Initiated GC) [PSYoungGen: 126105K->73704K(175104K)] 330703K->296982K(699392K), 0.0107195 secs] [Times: user=0.14 sys=0.00, real=0.01 secs] 
2016-09-15T12:33:43.790-0400: 51.044: [GC (Allocation Failure) [PSYoungGen: 161768K->67565K(175104K)] 397417K->321574K(699392K), 0.0094750 secs] [Times: user=0.12 sys=0.00, real=0.01 secs] 
2016-09-15T12:33:43.916-0400: 51.169: [GC (GCLocker Initiated GC) [PSYoungGen: 150014K->37485K(175104K)] 410098K->328056K(699392K), 0.0154510 secs] [Times: user=0.18 sys=0.01, real=0.01 secs] 
2016-09-15T12:33:44.043-0400: 51.296: [GC (GCLocker Initiated GC) [PSYoungGen: 125549K->85626K(175104K)] 416319K->419555K(699392K), 0.0118422 secs] [Times: user=0.13 sys=0.01, real=0.01 secs] 
2016-09-15T12:33:44.174-0400: 51.427: [GC (Allocation Failure) [PSYoungGen: 173690K->43205K(175104K)] 513848K->413833K(699392K), 0.0153149 secs] [Times: user=0.14 sys=0.00, real=0.02 secs] 
2016-09-15T12:33:44.275-0400: 51.528: [GC (GCLocker Initiated GC) [PSYoungGen: 131269K->79779K(175104K)] 501903K->475340K(699392K), 0.0106426 secs] [Times: user=0.12 sys=0.00, real=0.01 secs] 
2016-09-15T12:33:44.390-0400: 51.643: [GC (GCLocker Initiated GC) [PSYoungGen: 167843K->86346K(175104K)] 563772K->524951K(699392K), 0.0119621 secs] [Times: user=0.14 sys=0.00, real=0.01 secs] 
2016-09-15T12:33:44.508-0400: 51.762: [GC (GCLocker Initiated GC) [PSYoungGen: 174410K->55611K(175104K)] 619300K->537406K(699392K), 0.0167987 secs] [Times: user=0.20 sys=0.02, real=0.01 secs] 
2016-09-15T12:33:44.525-0400: 51.779: [Full GC (Ergonomics) [PSYoungGen: 55611K->0K(175104K)] [ParOldGen: 481795K->51970K(524288K)] 537406K->51970K(699392K), [Metaspace: 44241K->44241K(1087488K)], 0.0576365 secs] [Times: user=0.32 sys=0.01, real=0.06 secs] 
2016-09-15T12:33:44.697-0400: 51.950: [GC (GCLocker Initiated GC) [PSYoungGen: 88064K->73836K(175104K)] 152247K->138019K(699392K), 0.0125715 secs] [Times: user=0.13 sys=0.00, real=0.01 secs] 
2016-09-15T12:33:44.830-0400: 52.083: [GC (GCLocker Initiated GC) [PSYoungGen: 161900K->79815K(175104K)] 244401K->217470K(699392K), 0.0106294 secs] [Times: user=0.13 sys=0.00, real=0.01 secs] 
2016-09-15T12:33:44.948-0400: 52.202: [GC (GCLocker Initiated GC) [PSYoungGen: 167879K->55415K(175104K)] 305693K->241981K(699392K), 0.0140817 secs] [Times: user=0.16 sys=0.00, real=0.01 secs] 
2016-09-15T12:33:45.083-0400: 52.337: [GC (GCLocker Initiated GC) [PSYoungGen: 143479K->55611K(175104K)] 336239K->309413K(699392K), 0.0171791 secs] [Times: user=0.21 sys=0.01, real=0.02 secs] 
2016-09-15T12:33:45.243-0400: 52.497: [GC (GCLocker Initiated GC) [PSYoungGen: 143675K->49248K(175104K)] 409876K->315872K(699392K), 0.0193598 secs] [Times: user=0.16 sys=0.00, real=0.02 secs] 
2016-09-15T12:33:45.378-0400: 52.632: [GC (GCLocker Initiated GC) [PSYoungGen: 137312K->67537K(175104K)] 403972K->334628K(699392K), 0.0111850 secs] [Times: user=0.11 sys=0.00, real=0.01 secs] 
2016-09-15T12:33:45.492-0400: 52.745: [GC (GCLocker Initiated GC) [PSYoungGen: 155601K->79815K(175104K)] 422899K->396021K(699392K), 0.0119575 secs] [Times: user=0.14 sys=0.00, real=0.01 secs] 
2016-09-15T12:33:45.602-0400: 52.855: [GC (GCLocker Initiated GC) [PSYoungGen: 167879K->55319K(175104K)] 490235K->426707K(699392K), 0.0277702 secs] [Times: user=0.29 sys=0.00, real=0.03 secs] 
2016-09-15T12:33:45.736-0400: 52.989: [GC (GCLocker Initiated GC) [PSYoungGen: 143383K->85986K(175104K)] 514936K->494140K(699392K), 0.0113319 secs] [Times: user=0.11 sys=0.00, real=0.01 secs] 
2016-09-15T12:33:45.869-0400: 53.122: [GC (GCLocker Initiated GC) [PSYoungGen: 174050K->67533K(175104K)] 582263K->536960K(699392K), 0.0122685 secs] [Times: user=0.13 sys=0.00, real=0.01 secs] 
2016-09-15T12:33:45.881-0400: 53.135: [Full GC (Ergonomics) [PSYoungGen: 67533K->0K(175104K)] [ParOldGen: 469427K->45549K(524288K)] 536960K->45549K(699392K), [Metaspace: 44241K->44241K(1087488K)], 0.0559188 secs] [Times: user=0.28 sys=0.01, real=0.06 secs] 
2016-09-15T12:33:46.071-0400: 53.324: [GC (GCLocker Initiated GC) [PSYoungGen: 88064K->86146K(175104K)] 140244K->144402K(699392K), 0.0098005 secs] [Times: user=0.11 sys=0.01, real=0.01 secs] 
2016-09-15T12:33:46.210-0400: 53.464: [GC (GCLocker Initiated GC) [PSYoungGen: 174210K->55451K(175104K)] 238633K->162946K(699392K), 0.0121760 secs] [Times: user=0.11 sys=0.00, real=0.01 secs] 
2016-09-15T12:33:46.336-0400: 53.589: [GC (GCLocker Initiated GC) [PSYoungGen: 143515K->73412K(175104K)] 251169K->199566K(699392K), 0.0108638 secs] [Times: user=0.09 sys=0.00, real=0.00 secs] 
2016-09-15T12:33:46.468-0400: 53.721: [GC (GCLocker Initiated GC) [PSYoungGen: 161476K->85922K(175104K)] 287678K->242651K(699392K), 0.0221026 secs] [Times: user=0.26 sys=0.00, real=0.02 secs] 
2016-09-15T12:33:46.628-0400: 53.882: [GC (GCLocker Initiated GC) [PSYoungGen: 173986K->73608K(175104K)] 330873K->310082K(699392K), 0.0222232 secs] [Times: user=0.27 sys=0.00, real=0.02 secs] 
2016-09-15T12:33:46.752-0400: 54.006: [GC (GCLocker Initiated GC) [PSYoungGen: 161672K->85858K(175104K)] 398200K->334803K(699392K), 0.0127336 secs] [Times: user=0.12 sys=0.00, real=0.01 secs] 
2016-09-15T12:33:46.894-0400: 54.147: [GC (GCLocker Initiated GC) [PSYoungGen: 173922K->73608K(175104K)] 423010K->389829K(699392K), 0.0222165 secs] [Times: user=0.28 sys=0.00, real=0.03 secs] 
2016-09-15T12:33:47.052-0400: 54.305: [GC (GCLocker Initiated GC) [PSYoungGen: 161672K->55319K(175104K)] 490320K->402484K(699392K), 0.0088564 secs] [Times: user=0.08 sys=0.00, real=0.01 secs] 
2016-09-15T12:33:47.210-0400: 54.463: [GC (GCLocker Initiated GC) [PSYoungGen: 143383K->61458K(175104K)] 496636K->433228K(699392K), 0.0208876 secs] [Times: user=0.22 sys=0.00, real=0.02 secs] 
2016-09-15T12:33:47.385-0400: 54.638: [GC (Allocation Failure) [PSYoungGen: 149522K->19000K(175104K)] 533567K->433548K(699392K), 0.0165042 secs] [Times: user=0.20 sys=0.01, real=0.02 secs] 
2016-09-15T12:33:47.516-0400: 54.769: [GC (GCLocker Initiated GC) [PSYoungGen: 106320K->73576K(175104K)] 526943K->494450K(699392K), 0.0119528 secs] [Times: user=0.13 sys=0.00, real=0.01 secs] 
2016-09-15T12:33:47.662-0400: 54.915: [GC (GCLocker Initiated GC) [PSYoungGen: 161640K->73872K(175104K)] 582819K->513411K(699392K), 0.0160713 secs] [Times: user=0.17 sys=0.00, real=0.02 secs] 
2016-09-15T12:33:47.787-0400: 55.041: [GC (Allocation Failure) [PSYoungGen: 161936K->79491K(175104K)] 601556K->537604K(699392K), 0.0141346 secs] [Times: user=0.14 sys=0.02, real=0.02 secs] 
2016-09-15T12:33:47.802-0400: 55.055: [Full GC (Ergonomics) [PSYoungGen: 79491K->0K(175104K)] [ParOldGen: 458113K->45771K(524288K)] 537604K->45771K(699392K), [Metaspace: 44244K->44244K(1087488K)], 0.0587282 secs] [Times: user=0.31 sys=0.01, real=0.06 secs] 
2016-09-15T12:33:47.960-0400: 55.214: [GC (GCLocker Initiated GC) [PSYoungGen: 86474K->74060K(175104K)] 138320K->125906K(699392K), 0.0077675 secs] [Times: user=0.10 sys=0.00, real=0.01 secs] 
2016-09-15T12:33:48.097-0400: 55.350: [GC (GCLocker Initiated GC) [PSYoungGen: 162124K->85890K(175104K)] 214040K->193052K(699392K), 0.0126408 secs] [Times: user=0.15 sys=0.00, real=0.01 secs] 
2016-09-15T12:33:48.264-0400: 55.518: [GC (GCLocker Initiated GC) [PSYoungGen: 173954K->61358K(175104K)] 287451K->242316K(699392K), 0.0144401 secs] [Times: user=0.19 sys=0.00, real=0.02 secs] 
2016-09-15T12:33:48.407-0400: 55.660: [GC (GCLocker Initiated GC) [PSYoungGen: 149422K->73348K(175104K)] 330410K->254448K(699392K), 0.0095832 secs] [Times: user=0.10 sys=0.01, real=0.02 secs] 
2016-09-15T12:33:48.512-0400: 55.766: [GC (GCLocker Initiated GC) [PSYoungGen: 161412K->73900K(175104K)] 342621K->316019K(699392K), 0.0143658 secs] [Times: user=0.17 sys=0.00, real=0.01 secs] 
2016-09-15T12:33:48.647-0400: 55.900: [GC (GCLocker Initiated GC) [PSYoungGen: 161964K->61494K(175104K)] 404181K->340444K(699392K), 0.0165588 secs] [Times: user=0.17 sys=0.01, real=0.02 secs] 
2016-09-15T12:33:48.772-0400: 56.025: [GC (Allocation Failure) [PSYoungGen: 149558K->43269K(175104K)] 434826K->377249K(699392K), 0.0156118 secs] [Times: user=0.15 sys=0.00, real=0.02 secs] 
2016-09-15T12:33:48.899-0400: 56.152: [GC (GCLocker Initiated GC) [PSYoungGen: 129409K->55223K(175104K)] 469465K->395538K(699392K), 0.0374051 secs] [Times: user=0.42 sys=0.00, real=0.04 secs] 
2016-09-15T12:33:49.062-0400: 56.315: [GC (GCLocker Initiated GC) [PSYoungGen: 143287K->55255K(175104K)] 489864K->420341K(699392K), 0.0229561 secs] [Times: user=0.26 sys=0.00, real=0.02 secs] 
2016-09-15T12:33:49.206-0400: 56.459: [GC (GCLocker Initiated GC) [PSYoungGen: 143319K->73512K(175104K)] 508983K->445519K(699392K), 0.0098625 secs] [Times: user=0.09 sys=0.00, real=0.01 secs] 
2016-09-15T12:33:49.329-0400: 56.583: [GC (GCLocker Initiated GC) [PSYoungGen: 161576K->85822K(175104K)] 533731K->512820K(699392K), 0.0143975 secs] [Times: user=0.20 sys=0.00, real=0.01 secs] 
2016-09-15T12:33:49.474-0400: 56.727: [GC (GCLocker Initiated GC) [PSYoungGen: 173886K->79683K(175104K)] 600993K->579974K(699392K), 0.0271207 secs] [Times: user=0.38 sys=0.01, real=0.03 secs] 
2016-09-15T12:33:49.501-0400: 56.755: [Full GC (Ergonomics) [PSYoungGen: 79683K->0K(175104K)] [ParOldGen: 500291K->52186K(524288K)] 579974K->52186K(699392K), [Metaspace: 44247K->44247K(1087488K)], 0.0581675 secs] [Times: user=0.41 sys=0.00, real=0.06 secs] 
2016-09-15T12:33:49.687-0400: 56.940: [GC (GCLocker Initiated GC) [PSYoungGen: 88064K->74583K(175104K)] 146332K->132852K(699392K), 0.0090160 secs] [Times: user=0.13 sys=0.01, real=0.02 secs] 
2016-09-15T12:33:49.805-0400: 57.058: [GC (GCLocker Initiated GC) [PSYoungGen: 162647K->85822K(175104K)] 220952K->205800K(699392K), 0.0116891 secs] [Times: user=0.16 sys=0.00, real=0.02 secs] 
2016-09-15T12:33:49.928-0400: 57.181: [GC (GCLocker Initiated GC) [PSYoungGen: 173886K->73544K(175104K)] 293990K->224111K(699392K), 0.0122669 secs] [Times: user=0.08 sys=0.00, real=0.01 secs] 
2016-09-15T12:33:50.063-0400: 57.316: [GC (GCLocker Initiated GC) [PSYoungGen: 161608K->67733K(175104K)] 312279K->255145K(699392K), 0.0252647 secs] [Times: user=0.25 sys=0.00, real=0.03 secs] 
2016-09-15T12:33:50.216-0400: 57.470: [GC (GCLocker Initiated GC) [PSYoungGen: 155797K->79491K(175104K)] 349360K->291702K(699392K), 0.0184940 secs] [Times: user=0.17 sys=0.00, real=0.01 secs] 
2016-09-15T12:33:50.350-0400: 57.603: [GC (GCLocker Initiated GC) [PSYoungGen: 167555K->79911K(175104K)] 379864K->335060K(699392K), 0.0127578 secs] [Times: user=0.14 sys=0.00, real=0.01 secs] 
2016-09-15T12:33:50.504-0400: 57.757: [GC (Allocation Failure) [PSYoungGen: 167975K->42813K(175104K)] 429325K->334774K(699392K), 0.0200932 secs] [Times: user=0.16 sys=0.00, real=0.02 secs] 
2016-09-15T12:33:50.657-0400: 57.911: [GC (GCLocker Initiated GC) [PSYoungGen: 125897K->55483K(175104K)] 423933K->384005K(699392K), 0.0161409 secs] [Times: user=0.18 sys=0.00, real=0.01 secs] 
2016-09-15T12:33:50.810-0400: 58.063: [GC (GCLocker Initiated GC) [PSYoungGen: 143547K->55355K(175104K)] 484574K->396634K(699392K), 0.0105123 secs] [Times: user=0.08 sys=0.00, real=0.01 secs] 
2016-09-15T12:33:50.937-0400: 58.191: [GC (GCLocker Initiated GC) [PSYoungGen: 143419K->55091K(175104K)] 484734K->414922K(699392K), 0.0325985 secs] [Times: user=0.42 sys=0.00, real=0.03 secs] 
2016-09-15T12:33:51.072-0400: 58.325: [GC (GCLocker Initiated GC) [PSYoungGen: 143155K->37258K(175104K)] 503115K->464162K(699392K), 0.0164494 secs] [Times: user=0.19 sys=0.00, real=0.02 secs] 
2016-09-15T12:33:51.213-0400: 58.466: [GC (GCLocker Initiated GC) [PSYoungGen: 125322K->85466K(175104K)] 552269K->543416K(699392K), 0.0190152 secs] [Times: user=0.22 sys=0.01, real=0.02 secs] 
2016-09-15T12:33:51.232-0400: 58.485: [Full GC (Ergonomics) [PSYoungGen: 85466K->0K(175104K)] [ParOldGen: 457949K->46113K(524288K)] 543416K->46113K(699392K), [Metaspace: 44255K->44255K(1087488K)], 0.0616415 secs] [Times: user=0.35 sys=0.01, real=0.06 secs] 
2016-09-15T12:33:51.405-0400: 58.659: [GC (GCLocker Initiated GC) [PSYoungGen: 88064K->86826K(175104K)] 134471K->175758K(699392K), 0.0147789 secs] [Times: user=0.20 sys=0.00, real=0.02 secs] 
2016-09-15T12:33:51.522-0400: 58.775: [GC (Allocation Failure) [PSYoungGen: 174890K->79879K(175104K)] 264178K->212691K(699392K), 0.0105605 secs] [Times: user=0.13 sys=0.00, real=0.01 secs] 
2016-09-15T12:33:51.643-0400: 58.897: [GC (GCLocker Initiated GC) [PSYoungGen: 166497K->61458K(175104K)] 305384K->236891K(699392K), 0.0195500 secs] [Times: user=0.20 sys=0.00, real=0.02 secs] 
2016-09-15T12:33:51.746-0400: 58.999: [GC (Allocation Failure) [PSYoungGen: 149522K->85854K(175104K)] 325220K->286184K(699392K), 0.0084499 secs] [Times: user=0.13 sys=0.00, real=0.01 secs] 
2016-09-15T12:33:51.873-0400: 59.127: [GC (GCLocker Initiated GC) [PSYoungGen: 173918K->73676K(175104K)] 374254K->310761K(699392K), 0.0122542 secs] [Times: user=0.08 sys=0.00, real=0.01 secs] 
2016-09-15T12:33:52.006-0400: 59.259: [GC (GCLocker Initiated GC) [PSYoungGen: 161740K->79523K(175104K)] 398877K->329218K(699392K), 0.0248404 secs] [Times: user=0.22 sys=0.01, real=0.03 secs] 
2016-09-15T12:33:52.158-0400: 59.411: [GC (GCLocker Initiated GC) [PSYoungGen: 167587K->67697K(175104K)] 417375K->354086K(699392K), 0.0101420 secs] [Times: user=0.12 sys=0.00, real=0.01 secs] 
2016-09-15T12:33:52.284-0400: 59.537: [GC (GCLocker Initiated GC) [PSYoungGen: 155761K->73544K(175104K)] 448457K->384756K(699392K), 0.0220723 secs] [Times: user=0.27 sys=0.00, real=0.02 secs] 
2016-09-15T12:33:52.420-0400: 59.673: [GC (Allocation Failure) [PSYoungGen: 161608K->73676K(175104K)] 473137K->403525K(699392K), 0.0115584 secs] [Times: user=0.11 sys=0.00, real=0.01 secs] 
2016-09-15T12:33:52.533-0400: 59.786: [GC (GCLocker Initiated GC) [PSYoungGen: 157286K->55255K(175104K)] 493211K->409671K(699392K), 0.0143517 secs] [Times: user=0.13 sys=0.01, real=0.02 secs] 
2016-09-15T12:33:52.677-0400: 59.930: [GC (GCLocker Initiated GC) [PSYoungGen: 143319K->37030K(175104K)] 503880K->434136K(699392K), 0.0099957 secs] [Times: user=0.08 sys=0.01, real=0.00 secs] 
2016-09-15T12:33:52.809-0400: 60.062: [GC (GCLocker Initiated GC) [PSYoungGen: 125094K->61330K(175104K)] 522249K->488987K(699392K), 0.0318849 secs] [Times: user=0.33 sys=0.00, real=0.03 secs] 
2016-09-15T12:33:52.926-0400: 60.179: [GC (GCLocker Initiated GC) [PSYoungGen: 149394K->61590K(175104K)] 577127K->538222K(699392K), 0.0168848 secs] [Times: user=0.18 sys=0.01, real=0.02 secs] 
2016-09-15T12:33:52.943-0400: 60.196: [Full GC (Ergonomics) [PSYoungGen: 61590K->0K(175104K)] [ParOldGen: 476632K->58442K(524288K)] 538222K->58442K(699392K), [Metaspace: 44276K->44276K(1087488K)], 0.0534487 secs] [Times: user=0.30 sys=0.00, real=0.06 secs] 
2016-09-15T12:33:53.105-0400: 60.359: [GC (GCLocker Initiated GC) [PSYoungGen: 88064K->86630K(175104K)] 146671K->151312K(699392K), 0.0160945 secs] [Times: user=0.21 sys=0.00, real=0.02 secs] 
2016-09-15T12:33:53.219-0400: 60.472: [GC (Allocation Failure) [PSYoungGen: 174694K->86018K(175104K)] 239529K->212955K(699392K), 0.0109981 secs] [Times: user=0.14 sys=0.00, real=0.01 secs] 
2016-09-15T12:33:53.325-0400: 60.579: [GC (GCLocker Initiated GC) [PSYoungGen: 174082K->67465K(175104K)] 301025K->267975K(699392K), 0.0108420 secs] [Times: user=0.16 sys=0.00, real=0.02 secs] 
2016-09-15T12:33:53.465-0400: 60.718: [GC (GCLocker Initiated GC) [PSYoungGen: 155529K->61690K(175104K)] 356164K->298887K(699392K), 0.0093489 secs] [Times: user=0.09 sys=0.00, real=0.01 secs] 
2016-09-15T12:33:53.557-0400: 60.810: [GC (GCLocker Initiated GC) [PSYoungGen: 149754K->85790K(175104K)] 387101K->366641K(699392K), 0.0107255 secs] [Times: user=0.14 sys=0.00, real=0.01 secs] 
2016-09-15T12:33:53.685-0400: 60.939: [GC (Allocation Failure) [PSYoungGen: 173854K->37453K(175104K)] 467054K->391547K(699392K), 0.0136270 secs] [Times: user=0.18 sys=0.00, real=0.02 secs] 
2016-09-15T12:33:53.815-0400: 61.068: [GC (GCLocker Initiated GC) [PSYoungGen: 125517K->85790K(175104K)] 479617K->446928K(699392K), 0.0147183 secs] [Times: user=0.21 sys=0.00, real=0.02 secs] 
2016-09-15T12:33:53.931-0400: 61.184: [GC (GCLocker Initiated GC) [PSYoungGen: 173854K->74000K(175104K)] 541344K->459882K(699392K), 0.0088889 secs] [Times: user=0.11 sys=0.01, real=0.01 secs] 
2016-09-15T12:33:54.049-0400: 61.303: [GC (GCLocker Initiated GC) [PSYoungGen: 162064K->73704K(175104K)] 554376K->484729K(699392K), 0.0084423 secs] [Times: user=0.11 sys=0.00, real=0.01 secs] 
2016-09-15T12:33:54.211-0400: 61.464: [GC (GCLocker Initiated GC) [PSYoungGen: 161768K->55483K(175104K)] 585169K->491161K(699392K), 0.0090424 secs] [Times: user=0.09 sys=0.00, real=0.01 secs] 
2016-09-15T12:33:54.337-0400: 61.591: [GC (GCLocker Initiated GC) [PSYoungGen: 143547K->85726K(175104K)] 579419K->540139K(699392K), 0.0104759 secs] [Times: user=0.14 sys=0.00, real=0.01 secs] 
2016-09-15T12:33:54.348-0400: 61.601: [Full GC (Ergonomics) [PSYoungGen: 85726K->0K(175104K)] [ParOldGen: 454413K->52354K(524288K)] 540139K->52354K(699392K), [Metaspace: 44276K->44276K(1087488K)], 0.0572880 secs] [Times: user=0.35 sys=0.01, real=0.05 secs] 
2016-09-15T12:33:54.508-0400: 61.761: [GC (GCLocker Initiated GC) [PSYoungGen: 88064K->86374K(175104K)] 140544K->163154K(699392K), 0.0144440 secs] [Times: user=0.20 sys=0.01, real=0.01 secs] 
2016-09-15T12:33:54.626-0400: 61.879: [GC (Allocation Failure) [PSYoungGen: 174438K->86182K(175104K)] 251428K->236659K(699392K), 0.0117864 secs] [Times: user=0.18 sys=0.01, real=0.02 secs] 
2016-09-15T12:33:54.735-0400: 61.989: [GC (GCLocker Initiated GC) [PSYoungGen: 174246K->73508K(175104K)] 324729K->279482K(699392K), 0.0129419 secs] [Times: user=0.19 sys=0.02, real=0.02 secs] 
2016-09-15T12:33:54.836-0400: 62.089: [GC (GCLocker Initiated GC) [PSYoungGen: 161572K->85890K(175104K)] 367766K->328662K(699392K), 0.0118789 secs] [Times: user=0.13 sys=0.00, real=0.01 secs] 
2016-09-15T12:33:54.955-0400: 62.208: [GC (GCLocker Initiated GC) [PSYoungGen: 173954K->61686K(175104K)] 422861K->347710K(699392K), 0.0087529 secs] [Times: user=0.14 sys=0.01, real=0.01 secs] 
2016-09-15T12:33:55.070-0400: 62.323: [GC (Allocation Failure) [PSYoungGen: 149750K->43265K(175104K)] 442098K->378461K(699392K), 0.0160164 secs] [Times: user=0.19 sys=0.00, real=0.01 secs] 
2016-09-15T12:33:55.202-0400: 62.455: [GC (GCLocker Initiated GC) [PSYoungGen: 127363K->73836K(175104K)] 468635K->415399K(699392K), 0.0164022 secs] [Times: user=0.21 sys=0.01, real=0.02 secs] 
2016-09-15T12:33:55.326-0400: 62.580: [GC (GCLocker Initiated GC) [PSYoungGen: 161900K->73608K(175104K)] 503785K->452398K(699392K), 0.0108338 secs] [Times: user=0.11 sys=0.00, real=0.02 secs] 
2016-09-15T12:33:55.459-0400: 62.712: [GC (Allocation Failure) [PSYoungGen: 161672K->55643K(175104K)] 552928K->483509K(699392K), 0.0111885 secs] [Times: user=0.14 sys=0.00, real=0.01 secs] 
2016-09-15T12:33:55.597-0400: 62.851: [GC (GCLocker Initiated GC) [PSYoungGen: 143707K->73804K(175104K)] 571578K->502155K(699392K), 0.0236332 secs] [Times: user=0.28 sys=0.01, real=0.02 secs] 
2016-09-15T12:33:55.735-0400: 62.989: [GC (GCLocker Initiated GC) [PSYoungGen: 161868K->55351K(175104K)] 596538K->526770K(699392K), 0.0165113 secs] [Times: user=0.25 sys=0.00, real=0.02 secs] 
2016-09-15T12:33:55.752-0400: 63.006: [Full GC (Ergonomics) [PSYoungGen: 55351K->0K(175104K)] [ParOldGen: 471419K->52352K(524288K)] 526770K->52352K(699392K), [Metaspace: 44304K->44304K(1087488K)], 0.0541303 secs] [Times: user=0.39 sys=0.01, real=0.05 secs] 
2016-09-15T12:33:55.943-0400: 63.196: [GC (GCLocker Initiated GC) [PSYoungGen: 88064K->56031K(175104K)] 158873K->126840K(699392K), 0.0106493 secs] [Times: user=0.14 sys=0.00, real=0.01 secs] 
2016-09-15T12:33:56.084-0400: 63.337: [GC (GCLocker Initiated GC) [PSYoungGen: 144095K->61522K(175104K)] 227074K->181826K(699392K), 0.0116769 secs] [Times: user=0.13 sys=0.00, real=0.01 secs] 
2016-09-15T12:33:56.216-0400: 63.469: [GC (GCLocker Initiated GC) [PSYoungGen: 149586K->55483K(175104K)] 282284K->212608K(699392K), 0.0097060 secs] [Times: user=0.09 sys=0.00, real=0.00 secs] 
2016-09-15T12:33:56.326-0400: 63.580: [GC (Allocation Failure) [PSYoungGen: 143547K->73544K(175104K)] 301028K->255608K(699392K), 0.0148094 secs] [Times: user=0.15 sys=0.00, real=0.02 secs] 
2016-09-15T12:33:56.453-0400: 63.706: [GC (GCLocker Initiated GC) [PSYoungGen: 160746K->73936K(175104K)] 348885K->298841K(699392K), 0.0125777 secs] [Times: user=0.16 sys=0.00, real=0.01 secs] 
2016-09-15T12:33:56.603-0400: 63.856: [GC (GCLocker Initiated GC) [PSYoungGen: 162000K->73476K(175104K)] 393033K->304972K(699392K), 0.0206767 secs] [Times: user=0.26 sys=0.00, real=0.02 secs] 
2016-09-15T12:33:56.728-0400: 63.981: [GC (Allocation Failure) [PSYoungGen: 161540K->73612K(175104K)] 399327K->329727K(699392K), 0.0139406 secs] [Times: user=0.10 sys=0.00, real=0.01 secs] 
2016-09-15T12:33:56.854-0400: 64.107: [GC (GCLocker Initiated GC) [PSYoungGen: 161676K->73380K(175104K)] 417796K->378728K(699392K), 0.0125166 secs] [Times: user=0.15 sys=0.00, real=0.01 secs] 
2016-09-15T12:33:56.992-0400: 64.246: [GC (Allocation Failure) [PSYoungGen: 161444K->67569K(175104K)] 466951K->391420K(699392K), 0.0104602 secs] [Times: user=0.09 sys=0.00, real=0.01 secs] 
2016-09-15T12:33:57.003-0400: 64.257: [GC (GCLocker Initiated GC) [PSYoungGen: 68386K->224K(175104K)] 392238K->397468K(699392K), 0.0106146 secs] [Times: user=0.09 sys=0.00, real=0.01 secs] 
2016-09-15T12:33:57.112-0400: 64.366: [GC (GCLocker Initiated GC) [PSYoungGen: 83235K->73384K(175104K)] 486555K->476727K(699392K), 0.0236442 secs] [Times: user=0.21 sys=0.00, real=0.03 secs] 
2016-09-15T12:33:57.253-0400: 64.506: [GC (GCLocker Initiated GC) [PSYoungGen: 161448K->31118K(175104K)] 577274K->483826K(699392K), 0.0173971 secs] [Times: user=0.16 sys=0.00, real=0.02 secs] 
2016-09-15T12:33:57.271-0400: 64.524: [Full GC (Ergonomics) [PSYoungGen: 31118K->0K(175104K)] [ParOldGen: 452707K->52390K(524288K)] 483826K->52390K(699392K), [Metaspace: 44315K->44315K(1087488K)], 0.0589398 secs] [Times: user=0.31 sys=0.01, real=0.06 secs] 
2016-09-15T12:33:57.438-0400: 64.691: [GC (GCLocker Initiated GC) [PSYoungGen: 88064K->86046K(175104K)] 140681K->156888K(699392K), 0.0110569 secs] [Times: user=0.12 sys=0.00, real=0.01 secs] 
2016-09-15T12:33:57.557-0400: 64.810: [GC (GCLocker Initiated GC) [PSYoungGen: 174110K->86150K(175104K)] 251126K->218420K(699392K), 0.0140206 secs] [Times: user=0.17 sys=0.00, real=0.01 secs] 
2016-09-15T12:33:57.675-0400: 64.928: [GC (GCLocker Initiated GC) [PSYoungGen: 174214K->67533K(175104K)] 306711K->249118K(699392K), 0.0121871 secs] [Times: user=0.13 sys=0.00, real=0.01 secs] 
2016-09-15T12:33:57.804-0400: 65.057: [GC (GCLocker Initiated GC) [PSYoungGen: 155597K->86150K(175104K)] 343444K->292537K(699392K), 0.0104442 secs] [Times: user=0.14 sys=0.00, real=0.01 secs] 
2016-09-15T12:33:57.921-0400: 65.175: [GC (GCLocker Initiated GC) [PSYoungGen: 174214K->73736K(175104K)] 380800K->335320K(699392K), 0.0153821 secs] [Times: user=0.21 sys=0.01, real=0.02 secs] 
2016-09-15T12:33:58.050-0400: 65.304: [GC (GCLocker Initiated GC) [PSYoungGen: 161800K->86018K(175104K)] 429602K->390602K(699392K), 0.0106410 secs] [Times: user=0.17 sys=0.00, real=0.01 secs] 
2016-09-15T12:33:58.202-0400: 65.456: [GC (Allocation Failure) [PSYoungGen: 174082K->31118K(175104K)] 497128K->384964K(699392K), 0.0096833 secs] [Times: user=0.08 sys=0.00, real=0.01 secs] 
2016-09-15T12:33:58.213-0400: 65.466: [GC (GCLocker Initiated GC) [PSYoungGen: 31534K->32K(175104K)] 385379K->391041K(699392K), 0.0091722 secs] [Times: user=0.08 sys=0.00, real=0.01 secs] 
2016-09-15T12:33:58.356-0400: 65.609: [GC (GCLocker Initiated GC) [PSYoungGen: 88096K->85790K(175104K)] 479110K->482880K(699392K), 0.0308595 secs] [Times: user=0.34 sys=0.01, real=0.02 secs] 
2016-09-15T12:33:58.504-0400: 65.758: [GC (GCLocker Initiated GC) [PSYoungGen: 173854K->49440K(175104K)] 577380K->514023K(699392K), 0.0217901 secs] [Times: user=0.28 sys=0.00, real=0.02 secs] 
2016-09-15T12:33:58.526-0400: 65.780: [Full GC (Ergonomics) [PSYoungGen: 49440K->0K(175104K)] [ParOldGen: 464583K->52732K(524288K)] 514023K->52732K(699392K), [Metaspace: 44355K->44355K(1087488K)], 0.0609760 secs] [Times: user=0.31 sys=0.01, real=0.06 secs] 
2016-09-15T12:33:58.700-0400: 65.954: [GC (GCLocker Initiated GC) [PSYoungGen: 88064K->79971K(175104K)] 147103K->139010K(699392K), 0.0292839 secs] [Times: user=0.34 sys=0.01, real=0.03 secs] 
2016-09-15T12:33:58.839-0400: 66.092: [GC (GCLocker Initiated GC) [PSYoungGen: 168035K->86054K(175104K)] 233365K->200532K(699392K), 0.0125833 secs] [Times: user=0.15 sys=0.00, real=0.01 secs] 
2016-09-15T12:33:59.006-0400: 66.259: [GC (GCLocker Initiated GC) [PSYoungGen: 174118K->30887K(175104K)] 300765K->218755K(699392K), 0.0180307 secs] [Times: user=0.20 sys=0.00, real=0.02 secs] 
2016-09-15T12:33:59.149-0400: 66.402: [GC (GCLocker Initiated GC) [PSYoungGen: 118951K->85726K(175104K)] 306867K->340603K(699392K), 0.0155692 secs] [Times: user=0.14 sys=0.00, real=0.01 secs] 
2016-09-15T12:33:59.273-0400: 66.526: [GC (GCLocker Initiated GC) [PSYoungGen: 173790K->73548K(175104K)] 428821K->359213K(699392K), 0.0351639 secs] [Times: user=0.33 sys=0.00, real=0.04 secs] 
2016-09-15T12:33:59.421-0400: 66.674: [GC (GCLocker Initiated GC) [PSYoungGen: 161612K->55447K(175104K)] 447364K->420473K(699392K), 0.0205098 secs] [Times: user=0.22 sys=0.00, real=0.02 secs] 
2016-09-15T12:33:59.547-0400: 66.800: [GC (GCLocker Initiated GC) [PSYoungGen: 143511K->86118K(175104K)] 508579K->505997K(699392K), 0.0128872 secs] [Times: user=0.12 sys=0.02, real=0.02 secs] 
2016-09-15T12:33:59.694-0400: 66.947: [GC (GCLocker Initiated GC) [PSYoungGen: 174182K->61198K(175104K)] 594119K->548408K(699392K), 0.0218764 secs] [Times: user=0.30 sys=0.00, real=0.03 secs] 
2016-09-15T12:33:59.716-0400: 66.969: [Full GC (Ergonomics) [PSYoungGen: 61198K->0K(175104K)] [ParOldGen: 487210K->46546K(524288K)] 548408K->46546K(699392K), [Metaspace: 44358K->44358K(1087488K)], 0.0554265 secs] [Times: user=0.27 sys=0.01, real=0.05 secs] 
2016-09-15T12:33:59.887-0400: 67.140: [GC (GCLocker Initiated GC) [PSYoungGen: 88064K->86210K(175104K)] 135263K->151634K(699392K), 0.0130211 secs] [Times: user=0.15 sys=0.00, real=0.02 secs] 
2016-09-15T12:34:00.012-0400: 67.265: [GC (GCLocker Initiated GC) [PSYoungGen: 174274K->61718K(175104K)] 245956K->188630K(699392K), 0.0135866 secs] [Times: user=0.18 sys=0.00, real=0.01 secs] 
2016-09-15T12:34:00.162-0400: 67.415: [GC (GCLocker Initiated GC) [PSYoungGen: 149782K->37162K(175104K)] 283125K->188817K(699392K), 0.0260165 secs] [Times: user=0.30 sys=0.00, real=0.03 secs] 
2016-09-15T12:34:00.304-0400: 67.557: [GC (GCLocker Initiated GC) [PSYoungGen: 125226K->85626K(175104K)] 283038K->261954K(699392K), 0.0134026 secs] [Times: user=0.16 sys=0.00, real=0.02 secs] 
2016-09-15T12:34:00.434-0400: 67.687: [GC (GCLocker Initiated GC) [PSYoungGen: 173690K->73968K(175104K)] 350234K->299247K(699392K), 0.0114681 secs] [Times: user=0.13 sys=0.00, real=0.01 secs] 
2016-09-15T12:34:00.567-0400: 67.820: [GC (Allocation Failure) [PSYoungGen: 162032K->55743K(175104K)] 387661K->300256K(699392K), 0.0093880 secs] [Times: user=0.14 sys=0.00, real=0.02 secs] 
2016-09-15T12:34:00.710-0400: 67.963: [GC (GCLocker Initiated GC) [PSYoungGen: 143807K->73672K(175104K)] 388326K->336879K(699392K), 0.0251842 secs] [Times: user=0.30 sys=0.00, real=0.02 secs] 
2016-09-15T12:34:00.862-0400: 68.116: [GC (GCLocker Initiated GC) [PSYoungGen: 161736K->86018K(175104K)] 425204K->386087K(699392K), 0.0141026 secs] [Times: user=0.22 sys=0.00, real=0.02 secs] 
2016-09-15T12:34:01.000-0400: 68.253: [GC (GCLocker Initiated GC) [PSYoungGen: 174082K->49440K(175104K)] 474305K->374066K(699392K), 0.0111621 secs] [Times: user=0.09 sys=0.01, real=0.01 secs] 
2016-09-15T12:34:01.115-0400: 68.368: [GC (GCLocker Initiated GC) [PSYoungGen: 137504K->85922K(175104K)] 468359K->435285K(699392K), 0.0114327 secs] [Times: user=0.12 sys=0.00, real=0.01 secs] 
2016-09-15T12:34:01.255-0400: 68.508: [GC (GCLocker Initiated GC) [PSYoungGen: 173986K->43133K(175104K)] 523397K->477746K(699392K), 0.0101742 secs] [Times: user=0.13 sys=0.01, real=0.01 secs] 
2016-09-15T12:34:01.265-0400: 68.518: [Full GC (Ergonomics) [PSYoungGen: 43133K->0K(175104K)] [ParOldGen: 434613K->52312K(524288K)] 477746K->52312K(699392K), [Metaspace: 44358K->44358K(1087488K)], 0.0597448 secs] [Times: user=0.46 sys=0.01, real=0.06 secs] 
2016-09-15T12:34:01.433-0400: 68.686: [GC (GCLocker Initiated GC) [PSYoungGen: 88064K->86890K(175104K)] 146628K->187979K(699392K), 0.0124721 secs] [Times: user=0.20 sys=0.00, real=0.01 secs] 
2016-09-15T12:34:01.557-0400: 68.810: [GC (GCLocker Initiated GC) [PSYoungGen: 174954K->86282K(175104K)] 276108K->261664K(699392K), 0.0137990 secs] [Times: user=0.20 sys=0.02, real=0.01 secs] 
2016-09-15T12:34:01.682-0400: 68.936: [GC (GCLocker Initiated GC) [PSYoungGen: 174346K->73772K(175104K)] 355979K->304281K(699392K), 0.0311988 secs] [Times: user=0.38 sys=0.00, real=0.03 secs] 
2016-09-15T12:34:01.852-0400: 69.105: [GC (GCLocker Initiated GC) [PSYoungGen: 161836K->67533K(175104K)] 404531K->328933K(699392K), 0.0111495 secs] [Times: user=0.12 sys=0.01, real=0.01 secs] 
2016-09-15T12:34:02.015-0400: 69.268: [GC (GCLocker Initiated GC) [PSYoungGen: 155597K->19064K(175104K)] 441461K->353829K(699392K), 0.0107078 secs] [Times: user=0.13 sys=0.00, real=0.01 secs] 
2016-09-15T12:34:02.149-0400: 69.402: [GC (GCLocker Initiated GC) [PSYoungGen: 107128K->55579K(175104K)] 442354K->391104K(699392K), 0.0093632 secs] [Times: user=0.10 sys=0.01, real=0.01 secs] 
2016-09-15T12:34:02.268-0400: 69.522: [GC (GCLocker Initiated GC) [PSYoungGen: 143643K->43041K(175104K)] 491376K->421400K(699392K), 0.0125212 secs] [Times: user=0.10 sys=0.00, real=0.01 secs] 
2016-09-15T12:34:02.421-0400: 69.675: [GC (GCLocker Initiated GC) [PSYoungGen: 131102K->55287K(175104K)] 521966K->446411K(699392K), 0.0161798 secs] [Times: user=0.16 sys=0.00, real=0.02 secs] 
2016-09-15T12:34:02.587-0400: 69.841: [GC (Allocation Failure) [PSYoungGen: 143351K->61362K(175104K)] 540608K->476980K(699392K), 0.0220996 secs] [Times: user=0.27 sys=0.00, real=0.03 secs] 
2016-09-15T12:34:02.713-0400: 69.966: [GC (GCLocker Initiated GC) [PSYoungGen: 144670K->73544K(175104K)] 566363K->537921K(699392K), 0.0109241 secs] [Times: user=0.15 sys=0.01, real=0.01 secs] 
2016-09-15T12:34:02.724-0400: 69.977: [Full GC (Ergonomics) [PSYoungGen: 73544K->0K(175104K)] [ParOldGen: 464377K->52649K(524288K)] 537921K->52649K(699392K), [Metaspace: 44358K->44358K(1087488K)], 0.0561766 secs] [Times: user=0.32 sys=0.01, real=0.06 secs] 
2016-09-15T12:34:02.906-0400: 70.160: [GC (GCLocker Initiated GC) [PSYoungGen: 88064K->86146K(175104K)] 146953K->151110K(699392K), 0.0105525 secs] [Times: user=0.13 sys=0.00, real=0.02 secs] 
2016-09-15T12:34:03.054-0400: 70.308: [GC (Allocation Failure) [PSYoungGen: 174210K->37290K(175104K)] 251674K->152080K(699392K), 0.0103668 secs] [Times: user=0.11 sys=0.00, real=0.01 secs] 
2016-09-15T12:34:03.066-0400: 70.319: [GC (GCLocker Initiated GC) [PSYoungGen: 37300K->32K(175104K)] 152090K->151978K(699392K), 0.0075343 secs] [Times: user=0.09 sys=0.00, real=0.01 secs] 
2016-09-15T12:34:03.202-0400: 70.455: [GC (GCLocker Initiated GC) [PSYoungGen: 83015K->85662K(175104K)] 241036K->243691K(699392K), 0.0155066 secs] [Times: user=0.14 sys=0.00, real=0.02 secs] 
2016-09-15T12:34:03.326-0400: 70.580: [GC (GCLocker Initiated GC) [PSYoungGen: 173726K->73672K(175104K)] 331809K->280646K(699392K), 0.0174101 secs] [Times: user=0.19 sys=0.00, real=0.02 secs] 
2016-09-15T12:34:03.455-0400: 70.708: [GC (GCLocker Initiated GC) [PSYoungGen: 161736K->73740K(175104K)] 368758K->360052K(699392K), 0.0240675 secs] [Times: user=0.30 sys=0.00, real=0.03 secs] 
2016-09-15T12:34:03.600-0400: 70.853: [GC (GCLocker Initiated GC) [PSYoungGen: 161804K->43105K(175104K)] 454267K->390854K(699392K), 0.0160173 secs] [Times: user=0.17 sys=0.00, real=0.02 secs] 
2016-09-15T12:34:03.742-0400: 70.995: [GC (GCLocker Initiated GC) [PSYoungGen: 131169K->85630K(175104K)] 485053K->439797K(699392K), 0.0144021 secs] [Times: user=0.14 sys=0.00, real=0.02 secs] 
2016-09-15T12:34:03.876-0400: 71.129: [GC (GCLocker Initiated GC) [PSYoungGen: 173694K->73480K(175104K)] 528031K->452425K(699392K), 0.0115601 secs] [Times: user=0.12 sys=0.00, real=0.01 secs] 
2016-09-15T12:34:04.014-0400: 71.267: [GC (Allocation Failure) [PSYoungGen: 161544K->67989K(175104K)] 546685K->489691K(699392K), 0.0266706 secs] [Times: user=0.34 sys=0.00, real=0.03 secs] 
2016-09-15T12:34:04.041-0400: 71.294: [GC (GCLocker Initiated GC) [PSYoungGen: 67994K->0K(175104K)] 489697K->519444K(699392K), 0.0110912 secs] [Times: user=0.10 sys=0.00, real=0.01 secs] 
2016-09-15T12:34:04.052-0400: 71.305: [Full GC (Ergonomics) [PSYoungGen: 0K->0K(175104K)] [ParOldGen: 519444K->51807K(524288K)] 519444K->51807K(699392K), [Metaspace: 44366K->44366K(1087488K)], 0.0576109 secs] [Times: user=0.31 sys=0.02, real=0.06 secs] 
2016-09-15T12:34:04.238-0400: 71.492: [GC (GCLocker Initiated GC) [PSYoungGen: 88064K->85886K(175104K)] 139876K->161998K(699392K), 0.0210181 secs] [Times: user=0.22 sys=0.00, real=0.02 secs] 
2016-09-15T12:34:04.378-0400: 71.631: [GC (GCLocker Initiated GC) [PSYoungGen: 173950K->31182K(175104K)] 256493K->187166K(699392K), 0.0096864 secs] [Times: user=0.09 sys=0.00, real=0.00 secs] 
2016-09-15T12:34:04.513-0400: 71.767: [GC (GCLocker Initiated GC) [PSYoungGen: 119246K->85986K(175104K)] 275574K->266928K(699392K), 0.0111212 secs] [Times: user=0.15 sys=0.00, real=0.01 secs] 
2016-09-15T12:34:04.655-0400: 71.908: [GC (GCLocker Initiated GC) [PSYoungGen: 174050K->61522K(175104K)] 361389K->285454K(699392K), 0.0108437 secs] [Times: user=0.10 sys=0.02, real=0.01 secs] 
2016-09-15T12:34:04.817-0400: 72.071: [GC (GCLocker Initiated GC) [PSYoungGen: 149586K->73708K(175104K)] 379949K->304190K(699392K), 0.0116886 secs] [Times: user=0.11 sys=0.00, real=0.01 secs] 
2016-09-15T12:34:04.944-0400: 72.197: [GC (GCLocker Initiated GC) [PSYoungGen: 161772K->85954K(175104K)] 392481K->341271K(699392K), 0.0097706 secs] [Times: user=0.15 sys=0.00, real=0.01 secs] 
2016-09-15T12:34:05.081-0400: 72.334: [GC (GCLocker Initiated GC) [PSYoungGen: 174018K->55643K(175104K)] 435693K->372128K(699392K), 0.0100697 secs] [Times: user=0.12 sys=0.00, real=0.01 secs] 
2016-09-15T12:34:05.233-0400: 72.486: [GC (GCLocker Initiated GC) [PSYoungGen: 143707K->73544K(175104K)] 460323K->408865K(699392K), 0.0137857 secs] [Times: user=0.16 sys=0.00, real=0.01 secs] 
2016-09-15T12:34:05.358-0400: 72.611: [GC (Allocation Failure) [PSYoungGen: 161608K->79783K(175104K)] 497138K->427723K(699392K), 0.0274068 secs] [Times: user=0.27 sys=0.00, real=0.02 secs] 
2016-09-15T12:34:05.507-0400: 72.761: [GC (GCLocker Initiated GC) [PSYoungGen: 167847K->55255K(175104K)] 515787K->464229K(699392K), 0.0296371 secs] [Times: user=0.31 sys=0.01, real=0.04 secs] 
2016-09-15T12:34:05.662-0400: 72.915: [GC (GCLocker Initiated GC) [PSYoungGen: 143319K->61266K(175104K)] 552312K->488579K(699392K), 0.0173563 secs] [Times: user=0.19 sys=0.00, real=0.02 secs] 
2016-09-15T12:34:05.804-0400: 73.058: [GC (GCLocker Initiated GC) [PSYoungGen: 149330K->67533K(175104K)] 576713K->513440K(699392K), 0.0093643 secs] [Times: user=0.09 sys=0.00, real=0.01 secs] 
2016-09-15T12:34:05.814-0400: 73.067: [Full GC (Ergonomics) [PSYoungGen: 67533K->0K(175104K)] [ParOldGen: 445907K->51711K(524288K)] 513440K->51711K(699392K), [Metaspace: 44368K->44368K(1087488K)], 0.0638174 secs] [Times: user=0.44 sys=0.01, real=0.07 secs] 
2016-09-15T12:34:05.992-0400: 73.245: [GC (GCLocker Initiated GC) [PSYoungGen: 88064K->86762K(175104K)] 139833K->168906K(699392K), 0.0097087 secs] [Times: user=0.14 sys=0.00, real=0.01 secs] 
2016-09-15T12:34:06.116-0400: 73.369: [GC (Allocation Failure) [PSYoungGen: 174826K->85690K(175104K)] 257080K->235932K(699392K), 0.0124271 secs] [Times: user=0.15 sys=0.01, real=0.01 secs] 
2016-09-15T12:34:06.239-0400: 73.492: [GC (GCLocker Initiated GC) [PSYoungGen: 173754K->79779K(175104K)] 324002K->290936K(699392K), 0.0115228 secs] [Times: user=0.15 sys=0.00, real=0.01 secs] 
2016-09-15T12:34:06.389-0400: 73.643: [GC (GCLocker Initiated GC) [PSYoungGen: 167843K->55155K(175104K)] 379255K->285059K(699392K), 0.0082302 secs] [Times: user=0.11 sys=0.00, real=0.01 secs] 
2016-09-15T12:34:06.515-0400: 73.768: [GC (GCLocker Initiated GC) [PSYoungGen: 143219K->73544K(175104K)] 379521K->309926K(699392K), 0.0092787 secs] [Times: user=0.09 sys=0.00, real=0.01 secs] 
2016-09-15T12:34:06.681-0400: 73.935: [GC (Allocation Failure) [PSYoungGen: 161608K->55223K(175104K)] 398351K->310442K(699392K), 0.0553446 secs] [Times: user=0.57 sys=0.01, real=0.06 secs] 
2016-09-15T12:34:06.737-0400: 73.991: [GC (GCLocker Initiated GC) [PSYoungGen: 55250K->64K(175104K)] 310469K->322494K(699392K), 0.0082898 secs] [Times: user=0.07 sys=0.00, real=0.00 secs] 
2016-09-15T12:34:06.868-0400: 74.122: [GC (GCLocker Initiated GC) [PSYoungGen: 88128K->85758K(175104K)] 410564K->432494K(699392K), 0.0174646 secs] [Times: user=0.22 sys=0.00, real=0.01 secs] 
2016-09-15T12:34:07.007-0400: 74.261: [GC (GCLocker Initiated GC) [PSYoungGen: 173822K->67533K(175104K)] 520824K->493818K(699392K), 0.0150066 secs] [Times: user=0.20 sys=0.00, real=0.02 secs] 
2016-09-15T12:34:07.022-0400: 74.276: [Full GC (Ergonomics) [PSYoungGen: 67533K->0K(175104K)] [ParOldGen: 426285K->57988K(524288K)] 493818K->57988K(699392K), [Metaspace: 44368K->44368K(1087488K)], 0.0564556 secs] [Times: user=0.31 sys=0.01, real=0.06 secs] 
2016-09-15T12:34:07.211-0400: 74.464: [GC (GCLocker Initiated GC) [PSYoungGen: 88064K->80263K(175104K)] 158501K->150700K(699392K), 0.0103780 secs] [Times: user=0.11 sys=0.01, real=0.01 secs] 
2016-09-15T12:34:07.333-0400: 74.587: [GC (GCLocker Initiated GC) [PSYoungGen: 168327K->43525K(175104K)] 244949K->193791K(699392K), 0.0152858 secs] [Times: user=0.19 sys=0.01, real=0.02 secs] 
2016-09-15T12:34:07.446-0400: 74.699: [GC (GCLocker Initiated GC) [PSYoungGen: 131589K->85986K(175104K)] 288151K->279149K(699392K), 0.0106059 secs] [Times: user=0.13 sys=0.00, real=0.02 secs] 
2016-09-15T12:34:07.566-0400: 74.820: [GC (GCLocker Initiated GC) [PSYoungGen: 174050K->73608K(175104K)] 367389K->334424K(699392K), 0.0100565 secs] [Times: user=0.14 sys=0.01, real=0.02 secs] 
2016-09-15T12:34:07.713-0400: 74.966: [GC (GCLocker Initiated GC) [PSYoungGen: 161672K->67405K(175104K)] 428695K->358823K(699392K), 0.0185307 secs] [Times: user=0.20 sys=0.01, real=0.02 secs] 
2016-09-15T12:34:07.850-0400: 75.103: [GC (Allocation Failure) [PSYoungGen: 155469K->61590K(175104K)] 453267K->402049K(699392K), 0.0155632 secs] [Times: user=0.18 sys=0.00, real=0.01 secs] 
2016-09-15T12:34:08.001-0400: 75.255: [GC (GCLocker Initiated GC) [PSYoungGen: 143866K->55351K(175104K)] 490400K->420549K(699392K), 0.0100110 secs] [Times: user=0.08 sys=0.01, real=0.01 secs] 
2016-09-15T12:34:08.122-0400: 75.375: [GC (GCLocker Initiated GC) [PSYoungGen: 143415K->67537K(175104K)] 508886K->451492K(699392K), 0.0172238 secs] [Times: user=0.16 sys=0.00, real=0.02 secs] 
2016-09-15T12:34:08.262-0400: 75.516: [GC (GCLocker Initiated GC) [PSYoungGen: 155601K->73672K(175104K)] 539662K->518806K(699392K), 0.0117285 secs] [Times: user=0.17 sys=0.00, real=0.01 secs] 
2016-09-15T12:34:08.274-0400: 75.528: [Full GC (Ergonomics) [PSYoungGen: 73672K->0K(175104K)] [ParOldGen: 445134K->46200K(524288K)] 518806K->46200K(699392K), [Metaspace: 44368K->44368K(1087488K)], 0.0593358 secs] [Times: user=0.44 sys=0.00, real=0.06 secs] 
2016-09-15T12:34:08.467-0400: 75.721: [GC (GCLocker Initiated GC) [PSYoungGen: 88064K->86110K(175104K)] 146636K->150757K(699392K), 0.0104761 secs] [Times: user=0.14 sys=0.00, real=0.02 secs] 
2016-09-15T12:34:08.609-0400: 75.862: [GC (GCLocker Initiated GC) [PSYoungGen: 174174K->86182K(175104K)] 239188K->194316K(699392K), 0.0119203 secs] [Times: user=0.16 sys=0.00, real=0.01 secs] 
2016-09-15T12:34:08.756-0400: 76.010: [GC (GCLocker Initiated GC) [PSYoungGen: 174246K->55447K(175104K)] 288484K->206411K(699392K), 0.0168688 secs] [Times: user=0.18 sys=0.00, real=0.01 secs] 
2016-09-15T12:34:08.903-0400: 76.157: [GC (Allocation Failure) [PSYoungGen: 143511K->43333K(175104K)] 300810K->237201K(699392K), 0.0091730 secs] [Times: user=0.08 sys=0.00, real=0.01 secs] 
2016-09-15T12:34:09.039-0400: 76.293: [GC (GCLocker Initiated GC) [PSYoungGen: 128077K->73672K(175104K)] 328020K->292132K(699392K), 0.0098929 secs] [Times: user=0.11 sys=0.00, real=0.01 secs] 
2016-09-15T12:34:09.161-0400: 76.414: [GC (GCLocker Initiated GC) [PSYoungGen: 161736K->73640K(175104K)] 380558K->292769K(699392K), 0.0092986 secs] [Times: user=0.13 sys=0.00, real=0.01 secs] 
2016-09-15T12:34:09.294-0400: 76.547: [GC (GCLocker Initiated GC) [PSYoungGen: 161704K->73804K(175104K)] 380939K->311563K(699392K), 0.0100933 secs] [Times: user=0.14 sys=0.01, real=0.01 secs] 
2016-09-15T12:34:09.437-0400: 76.690: [GC (GCLocker Initiated GC) [PSYoungGen: 161868K->67697K(175104K)] 406058K->330387K(699392K), 0.0208405 secs] [Times: user=0.24 sys=0.00, real=0.02 secs] 
2016-09-15T12:34:09.589-0400: 76.842: [GC (GCLocker Initiated GC) [PSYoungGen: 155761K->55579K(175104K)] 418600K->336934K(699392K), 0.0199957 secs] [Times: user=0.27 sys=0.00, real=0.02 secs] 
2016-09-15T12:34:09.715-0400: 76.969: [GC (GCLocker Initiated GC) [PSYoungGen: 143643K->85854K(175104K)] 431588K->392332K(699392K), 0.0087956 secs] [Times: user=0.12 sys=0.00, real=0.01 secs] 
2016-09-15T12:34:09.856-0400: 77.109: [GC (GCLocker Initiated GC) [PSYoungGen: 173918K->49116K(175104K)] 486676K->386457K(699392K), 0.0108229 secs] [Times: user=0.10 sys=0.00, real=0.00 secs] 
2016-09-15T12:34:10.003-0400: 77.256: [GC (GCLocker Initiated GC) [PSYoungGen: 137180K->36966K(175104K)] 486724K->423220K(699392K), 0.0114266 secs] [Times: user=0.08 sys=0.00, real=0.01 secs] 
2016-09-15T12:34:10.126-0400: 77.380: [GC (Allocation Failure) [PSYoungGen: 125030K->85790K(175104K)] 511544K->490836K(699392K), 0.0102898 secs] [Times: user=0.15 sys=0.01, real=0.02 secs] 
2016-09-15T12:34:10.250-0400: 77.504: [GC (GCLocker Initiated GC) [PSYoungGen: 170443K->73804K(175104K)] 581565K->533677K(699392K), 0.0110683 secs] [Times: user=0.15 sys=0.01, real=0.01 secs] 
2016-09-15T12:34:10.262-0400: 77.515: [Full GC (Ergonomics) [PSYoungGen: 73804K->0K(175104K)] [ParOldGen: 459873K->52372K(524288K)] 533677K->52372K(699392K), [Metaspace: 44369K->44369K(1087488K)], 0.0566298 secs] [Times: user=0.36 sys=0.02, real=0.06 secs] 
2016-09-15T12:34:10.440-0400: 77.693: [GC (GCLocker Initiated GC) [PSYoungGen: 88064K->85950K(175104K)] 140674K->150710K(699392K), 0.0107729 secs] [Times: user=0.08 sys=0.00, real=0.01 secs] 
2016-09-15T12:34:10.567-0400: 77.821: [GC (GCLocker Initiated GC) [PSYoungGen: 174014K->49308K(175104K)] 238933K->157308K(699392K), 0.0237128 secs] [Times: user=0.28 sys=0.00, real=0.03 secs] 
2016-09-15T12:34:10.705-0400: 77.958: [GC (GCLocker Initiated GC) [PSYoungGen: 137372K->86182K(175104K)] 245733K->237211K(699392K), 0.0124979 secs] [Times: user=0.15 sys=0.00, real=0.02 secs] 
2016-09-15T12:34:10.862-0400: 78.115: [GC (GCLocker Initiated GC) [PSYoungGen: 174246K->73576K(175104K)] 331717K->249564K(699392K), 0.0109782 secs] [Times: user=0.12 sys=0.00, real=0.01 secs] 
2016-09-15T12:34:11.015-0400: 78.269: [GC (GCLocker Initiated GC) [PSYoungGen: 161640K->55547K(175104K)] 349993K->244003K(699392K), 0.0094085 secs] [Times: user=0.09 sys=0.01, real=0.01 secs] 
2016-09-15T12:34:11.159-0400: 78.412: [GC (GCLocker Initiated GC) [PSYoungGen: 143611K->85762K(175104K)] 338190K->280585K(699392K), 0.0151081 secs] [Times: user=0.14 sys=0.00, real=0.01 secs] 
2016-09-15T12:34:11.286-0400: 78.539: [GC (GCLocker Initiated GC) [PSYoungGen: 173826K->55287K(175104K)] 375001K->317488K(699392K), 0.0138879 secs] [Times: user=0.14 sys=0.01, real=0.02 secs] 
2016-09-15T12:34:11.448-0400: 78.701: [GC (GCLocker Initiated GC) [PSYoungGen: 143351K->55387K(175104K)] 418046K->330161K(699392K), 0.0082187 secs] [Times: user=0.07 sys=0.00, real=0.02 secs] 
2016-09-15T12:34:11.583-0400: 78.836: [GC (GCLocker Initiated GC) [PSYoungGen: 143451K->55287K(175104K)] 418376K->348728K(699392K), 0.0117926 secs] [Times: user=0.13 sys=0.00, real=0.01 secs] 
2016-09-15T12:34:11.721-0400: 78.974: [GC (GCLocker Initiated GC) [PSYoungGen: 143351K->73612K(175104K)] 449084K->379425K(699392K), 0.0104111 secs] [Times: user=0.09 sys=0.00, real=0.01 secs] 
2016-09-15T12:34:11.874-0400: 79.127: [GC (GCLocker Initiated GC) [PSYoungGen: 161676K->37258K(175104K)] 473570K->385894K(699392K), 0.0085761 secs] [Times: user=0.09 sys=0.00, real=0.01 secs] 
2016-09-15T12:34:12.019-0400: 79.272: [GC (GCLocker Initiated GC) [PSYoungGen: 125322K->73576K(175104K)] 486452K->434997K(699392K), 0.0084896 secs] [Times: user=0.09 sys=0.00, real=0.00 secs] 
2016-09-15T12:34:12.131-0400: 79.385: [GC (GCLocker Initiated GC) [PSYoungGen: 161640K->55415K(175104K)] 523254K->435373K(699392K), 0.0118043 secs] [Times: user=0.14 sys=0.01, real=0.01 secs] 
2016-09-15T12:34:12.253-0400: 79.506: [GC (Allocation Failure) [PSYoungGen: 143479K->79815K(175104K)] 529784K->502885K(699392K), 0.0115859 secs] [Times: user=0.15 sys=0.00, real=0.01 secs] 
2016-09-15T12:34:12.357-0400: 79.611: [GC (GCLocker Initiated GC) [PSYoungGen: 167879K->73704K(175104K)] 590955K->564093K(699392K), 0.0117826 secs] [Times: user=0.17 sys=0.01, real=0.01 secs] 
2016-09-15T12:34:12.369-0400: 79.623: [Full GC (Ergonomics) [PSYoungGen: 73704K->0K(175104K)] [ParOldGen: 490389K->52405K(524288K)] 564093K->52405K(699392K), [Metaspace: 44369K->44369K(1087488K)], 0.0639418 secs] [Times: user=0.45 sys=0.01, real=0.06 secs] 
2016-09-15T12:34:12.526-0400: 79.779: [GC (GCLocker Initiated GC) [PSYoungGen: 88064K->86242K(175104K)] 140584K->169137K(699392K), 0.0091591 secs] [Times: user=0.11 sys=0.00, real=0.01 secs] 
2016-09-15T12:34:12.658-0400: 79.912: [GC (Allocation Failure) [PSYoungGen: 174306K->67433K(175104K)] 257456K->218307K(699392K), 0.0109852 secs] [Times: user=0.14 sys=0.01, real=0.01 secs] 
2016-09-15T12:34:12.790-0400: 80.043: [GC (GCLocker Initiated GC) [PSYoungGen: 152385K->43041K(175104K)] 309335K->230445K(699392K), 0.0193078 secs] [Times: user=0.20 sys=0.00, real=0.02 secs] 
2016-09-15T12:34:12.920-0400: 80.174: [GC (GCLocker Initiated GC) [PSYoungGen: 131105K->30855K(175104K)] 324665K->261149K(699392K), 0.0165571 secs] [Times: user=0.18 sys=0.01, real=0.02 secs] 
2016-09-15T12:34:13.040-0400: 80.294: [GC (GCLocker Initiated GC) [PSYoungGen: 118919K->61690K(175104K)] 355443K->316566K(699392K), 0.0174626 secs] [Times: user=0.20 sys=0.00, real=0.02 secs] 
2016-09-15T12:34:13.157-0400: 80.411: [GC (GCLocker Initiated GC) [PSYoungGen: 149754K->73608K(175104K)] 404980K->348022K(699392K), 0.0167742 secs] [Times: user=0.21 sys=0.01, real=0.01 secs] 
2016-09-15T12:34:13.282-0400: 80.535: [GC (GCLocker Initiated GC) [PSYoungGen: 161672K->86118K(175104K)] 436419K->403550K(699392K), 0.0107109 secs] [Times: user=0.12 sys=0.00, real=0.01 secs] 
2016-09-15T12:34:13.417-0400: 80.671: [GC (GCLocker Initiated GC) [PSYoungGen: 174182K->79779K(175104K)] 497988K->403885K(699392K), 0.0082384 secs] [Times: user=0.09 sys=0.00, real=0.00 secs] 
2016-09-15T12:34:13.537-0400: 80.790: [GC (GCLocker Initiated GC) [PSYoungGen: 167843K->86018K(175104K)] 492013K->446961K(699392K), 0.0100824 secs] [Times: user=0.12 sys=0.00, real=0.00 secs] 
2016-09-15T12:34:13.679-0400: 80.933: [GC (GCLocker Initiated GC) [PSYoungGen: 174082K->43005K(175104K)] 535600K->477871K(699392K), 0.0218270 secs] [Times: user=0.28 sys=0.00, real=0.02 secs] 
2016-09-15T12:34:13.839-0400: 81.093: [Full GC (Ergonomics) [PSYoungGen: 131069K->0K(175104K)] [ParOldGen: 441083K->52444K(524288K)] 572152K->52444K(699392K), [Metaspace: 44369K->44369K(1087488K)], 0.0589818 secs] [Times: user=0.26 sys=0.01, real=0.06 secs] 
2016-09-15T12:34:14.029-0400: 81.283: [GC (GCLocker Initiated GC) [PSYoungGen: 88064K->85790K(175104K)] 152700K->180801K(699392K), 0.0329178 secs] [Times: user=0.37 sys=0.00, real=0.03 secs] 
2016-09-15T12:34:14.183-0400: 81.437: [GC (Allocation Failure) [PSYoungGen: 173854K->12829K(175104K)] 275037K->199315K(699392K), 0.0200650 secs] [Times: user=0.16 sys=0.01, real=0.02 secs] 
2016-09-15T12:34:14.291-0400: 81.545: [GC (GCLocker Initiated GC) [PSYoungGen: 98128K->55287K(175104K)] 290688K->278670K(699392K), 0.0163832 secs] [Times: user=0.15 sys=0.01, real=0.02 secs] 
2016-09-15T12:34:14.428-0400: 81.681: [GC (GCLocker Initiated GC) [PSYoungGen: 143351K->55579K(175104K)] 372811K->315713K(699392K), 0.0186525 secs] [Times: user=0.18 sys=0.00, real=0.01 secs] 
2016-09-15T12:34:14.546-0400: 81.799: [GC (GCLocker Initiated GC) [PSYoungGen: 143643K->85726K(175104K)] 403965K->352423K(699392K), 0.0136694 secs] [Times: user=0.15 sys=0.00, real=0.02 secs] 
2016-09-15T12:34:14.686-0400: 81.939: [GC (GCLocker Initiated GC) [PSYoungGen: 173790K->55579K(175104K)] 446895K->347232K(699392K), 0.0081324 secs] [Times: user=0.10 sys=0.00, real=0.01 secs] 
2016-09-15T12:34:14.812-0400: 82.065: [GC (GCLocker Initiated GC) [PSYoungGen: 143643K->55647K(175104K)] 447633K->359912K(699392K), 0.0076360 secs] [Times: user=0.07 sys=0.00, real=0.01 secs] 
2016-09-15T12:34:14.950-0400: 82.204: [GC (GCLocker Initiated GC) [PSYoungGen: 143711K->55679K(175104K)] 460459K->390952K(699392K), 0.0071254 secs] [Times: user=0.09 sys=0.00, real=0.01 secs] 
2016-09-15T12:34:15.087-0400: 82.340: [GC (GCLocker Initiated GC) [PSYoungGen: 143743K->67537K(175104K)] 479036K->421174K(699392K), 0.0152846 secs] [Times: user=0.20 sys=0.00, real=0.02 secs] 
2016-09-15T12:34:15.199-0400: 82.452: [GC (GCLocker Initiated GC) [PSYoungGen: 155601K->73640K(175104K)] 509476K->446172K(699392K), 0.0146493 secs] [Times: user=0.13 sys=0.00, real=0.01 secs] 
2016-09-15T12:34:15.333-0400: 82.587: [GC (GCLocker Initiated GC) [PSYoungGen: 161704K->55515K(175104K)] 534406K->464983K(699392K), 0.0088785 secs] [Times: user=0.11 sys=0.01, real=0.01 secs] 
2016-09-15T12:34:15.446-0400: 82.699: [GC (GCLocker Initiated GC) [PSYoungGen: 143579K->85758K(175104K)] 553408K->508004K(699392K), 0.0125549 secs] [Times: user=0.12 sys=0.00, real=0.02 secs] 
2016-09-15T12:34:15.567-0400: 82.820: [GC (GCLocker Initiated GC) [PSYoungGen: 173822K->49376K(175104K)] 596144K->508275K(699392K), 0.0097812 secs] [Times: user=0.08 sys=0.01, real=0.02 secs] 
2016-09-15T12:34:15.577-0400: 82.830: [Full GC (Ergonomics) [PSYoungGen: 49376K->0K(175104K)] [ParOldGen: 458899K->45819K(524288K)] 508275K->45819K(699392K), [Metaspace: 44369K->44369K(1087488K)], 0.1496059 secs] [Times: user=1.72 sys=0.00, real=0.14 secs] 
2016-09-15T12:34:15.816-0400: 83.069: [GC (GCLocker Initiated GC) [PSYoungGen: 88064K->85950K(175104K)] 134036K->144080K(699392K), 0.0219542 secs] [Times: user=0.26 sys=0.01, real=0.02 secs] 
2016-09-15T12:34:15.958-0400: 83.211: [GC (GCLocker Initiated GC) [PSYoungGen: 174014K->55515K(175104K)] 232166K->132479K(699392K), 0.0078473 secs] [Times: user=0.09 sys=0.00, real=0.00 secs] 
2016-09-15T12:34:16.069-0400: 83.322: [GC (GCLocker Initiated GC) [PSYoungGen: 143579K->85658K(175104K)] 226834K->211941K(699392K), 0.0132601 secs] [Times: user=0.18 sys=0.00, real=0.01 secs] 
2016-09-15T12:34:16.181-0400: 83.434: [GC (GCLocker Initiated GC) [PSYoungGen: 173722K->67989K(175104K)] 306357K->249392K(699392K), 0.0095325 secs] [Times: user=0.12 sys=0.00, real=0.01 secs] 
2016-09-15T12:34:16.305-0400: 83.559: [GC (GCLocker Initiated GC) [PSYoungGen: 156053K->73612K(175104K)] 337721K->273945K(699392K), 0.0381520 secs] [Times: user=0.38 sys=0.00, real=0.04 secs] 
2016-09-15T12:34:16.483-0400: 83.736: [GC (Allocation Failure) [PSYoungGen: 161676K->61038K(175104K)] 368176K->267945K(699392K), 0.0152597 secs] [Times: user=0.14 sys=0.00, real=0.02 secs] 
2016-09-15T12:34:16.613-0400: 83.867: [GC (GCLocker Initiated GC) [PSYoungGen: 149102K->61166K(175104K)] 356015K->322865K(699392K), 0.0195168 secs] [Times: user=0.21 sys=0.00, real=0.02 secs] 
2016-09-15T12:34:16.740-0400: 83.994: [GC (GCLocker Initiated GC) [PSYoungGen: 149230K->86018K(175104K)] 411123K->390596K(699392K), 0.0136084 secs] [Times: user=0.20 sys=0.00, real=0.01 secs] 
2016-09-15T12:34:16.853-0400: 84.106: [GC (GCLocker Initiated GC) [PSYoungGen: 174082K->43137K(175104K)] 484823K->396678K(699392K), 0.0202489 secs] [Times: user=0.19 sys=0.00, real=0.02 secs] 
2016-09-15T12:34:16.962-0400: 84.216: [GC (GCLocker Initiated GC) [PSYoungGen: 131201K->86018K(175104K)] 485070K->464526K(699392K), 0.0101860 secs] [Times: user=0.13 sys=0.01, real=0.01 secs] 
2016-09-15T12:34:17.077-0400: 84.330: [GC (GCLocker Initiated GC) [PSYoungGen: 174082K->74032K(175104K)] 558752K->513864K(699392K), 0.0100732 secs] [Times: user=0.16 sys=0.00, real=0.00 secs] 
2016-09-15T12:34:17.208-0400: 84.462: [GC (GCLocker Initiated GC) [PSYoungGen: 162096K->55415K(175104K)] 602121K->495748K(699392K), 0.0077877 secs] [Times: user=0.09 sys=0.00, real=0.01 secs] 
2016-09-15T12:34:17.319-0400: 84.572: [Full GC (Ergonomics) [PSYoungGen: 143479K->0K(175104K)] [ParOldGen: 446735K->51718K(524288K)] 590214K->51718K(699392K), [Metaspace: 44389K->44389K(1087488K)], 0.0745366 secs] [Times: user=0.53 sys=0.02, real=0.07 secs] 
2016-09-15T12:34:17.481-0400: 84.734: [GC (GCLocker Initiated GC) [PSYoungGen: 88064K->86502K(175104K)] 139947K->156610K(699392K), 0.0127776 secs] [Times: user=0.12 sys=0.01, real=0.01 secs] 
2016-09-15T12:34:17.605-0400: 84.859: [GC (GCLocker Initiated GC) [PSYoungGen: 174566K->61558K(175104K)] 250959K->163203K(699392K), 0.0154450 secs] [Times: user=0.20 sys=0.00, real=0.02 secs] 
2016-09-15T12:34:17.734-0400: 84.987: [GC (GCLocker Initiated GC) [PSYoungGen: 149622K->67629K(175104K)] 251465K->224463K(699392K), 0.0091202 secs] [Times: user=0.14 sys=0.00, real=0.01 secs] 
2016-09-15T12:34:17.857-0400: 85.110: [GC (GCLocker Initiated GC) [PSYoungGen: 155693K->85986K(175104K)] 312749K->304084K(699392K), 0.0143490 secs] [Times: user=0.16 sys=0.00, real=0.01 secs] 
2016-09-15T12:34:17.992-0400: 85.245: [GC (GCLocker Initiated GC) [PSYoungGen: 174048K->73704K(175104K)] 392461K->347256K(699392K), 0.0173818 secs] [Times: user=0.21 sys=0.00, real=0.02 secs] 
2016-09-15T12:34:18.121-0400: 85.374: [GC (GCLocker Initiated GC) [PSYoungGen: 161768K->73708K(175104K)] 435367K->347418K(699392K), 0.0160619 secs] [Times: user=0.18 sys=0.00, real=0.02 secs] 
2016-09-15T12:34:18.257-0400: 85.510: [GC (GCLocker Initiated GC) [PSYoungGen: 161772K->55807K(175104K)] 441907K->354622K(699392K), 0.0083481 secs] [Times: user=0.11 sys=0.00, real=0.00 secs] 
2016-09-15T12:34:18.394-0400: 85.647: [GC (Allocation Failure) [PSYoungGen: 143871K->79651K(175104K)] 448820K->402953K(699392K), 0.0193738 secs] [Times: user=0.24 sys=0.01, real=0.02 secs] 
2016-09-15T12:34:18.512-0400: 85.766: [GC (GCLocker Initiated GC) [PSYoungGen: 167715K->85986K(175104K)] 491022K->470375K(699392K), 0.0145557 secs] [Times: user=0.12 sys=0.00, real=0.01 secs] 
2016-09-15T12:34:18.626-0400: 85.879: [GC (GCLocker Initiated GC) [PSYoungGen: 174050K->67209K(175104K)] 558492K->470136K(699392K), 0.0163090 secs] [Times: user=0.20 sys=0.00, real=0.02 secs] 
2016-09-15T12:34:18.745-0400: 85.999: [GC (GCLocker Initiated GC) [PSYoungGen: 155273K->73576K(175104K)] 558259K->513147K(699392K), 0.0115969 secs] [Times: user=0.13 sys=0.00, real=0.02 secs] 
2016-09-15T12:34:18.862-0400: 86.115: [GC (GCLocker Initiated GC) [PSYoungGen: 161640K->55191K(175104K)] 601253K->531529K(699392K), 0.0205188 secs] [Times: user=0.23 sys=0.00, real=0.02 secs] 
2016-09-15T12:34:18.882-0400: 86.136: [Full GC (Ergonomics) [PSYoungGen: 55191K->0K(175104K)] [ParOldGen: 476338K->45645K(524288K)] 531529K->45645K(699392K), [Metaspace: 44389K->44389K(1087488K)], 0.0598184 secs] [Times: user=0.38 sys=0.01, real=0.06 secs] 
2016-09-15T12:34:19.055-0400: 86.308: [GC (GCLocker Initiated GC) [PSYoungGen: 88064K->86630K(175104K)] 140139K->181230K(699392K), 0.0102513 secs] [Times: user=0.14 sys=0.00, real=0.01 secs] 
2016-09-15T12:34:19.194-0400: 86.447: [GC (GCLocker Initiated GC) [PSYoungGen: 174694K->37485K(175104K)] 269599K->188041K(699392K), 0.0076955 secs] [Times: user=0.09 sys=0.00, real=0.01 secs] 
2016-09-15T12:34:19.313-0400: 86.566: [GC (GCLocker Initiated GC) [PSYoungGen: 125549K->73544K(175104K)] 282368K->230630K(699392K), 0.0092602 secs] [Times: user=0.09 sys=0.00, real=0.01 secs] 
2016-09-15T12:34:19.450-0400: 86.703: [GC (GCLocker Initiated GC) [PSYoungGen: 161608K->67565K(175104K)] 324817K->249102K(699392K), 0.0184441 secs] [Times: user=0.21 sys=0.00, real=0.02 secs] 
2016-09-15T12:34:19.600-0400: 86.853: [GC (Allocation Failure) [PSYoungGen: 155629K->73804K(175104K)] 337365K->298208K(699392K), 0.0105306 secs] [Times: user=0.14 sys=0.01, real=0.01 secs] 
2016-09-15T12:34:19.702-0400: 86.955: [GC (GCLocker Initiated GC) [PSYoungGen: 161868K->43169K(175104K)] 386530K->322806K(699392K), 0.0155164 secs] [Times: user=0.18 sys=0.00, real=0.02 secs] 
2016-09-15T12:34:19.820-0400: 87.074: [GC (GCLocker Initiated GC) [PSYoungGen: 131233K->73936K(175104K)] 423045K->384100K(699392K), 0.0192868 secs] [Times: user=0.25 sys=0.00, real=0.02 secs] 
2016-09-15T12:34:19.936-0400: 87.189: [GC (GCLocker Initiated GC) [PSYoungGen: 162000K->61522K(175104K)] 472284K->408743K(699392K), 0.0089249 secs] [Times: user=0.11 sys=0.00, real=0.00 secs] 
2016-09-15T12:34:20.067-0400: 87.321: [GC (GCLocker Initiated GC) [PSYoungGen: 149586K->86018K(175104K)] 503031K->494282K(699392K), 0.0126873 secs] [Times: user=0.15 sys=0.00, real=0.02 secs] 
2016-09-15T12:34:20.205-0400: 87.458: [GC (GCLocker Initiated GC) [PSYoungGen: 174082K->79651K(175104K)] 588502K->567443K(699392K), 0.0130271 secs] [Times: user=0.19 sys=0.00, real=0.02 secs] 
2016-09-15T12:34:20.218-0400: 87.471: [Full GC (Ergonomics) [PSYoungGen: 79651K->0K(175104K)] [ParOldGen: 487792K->45798K(524288K)] 567443K->45798K(699392K), [Metaspace: 44389K->44389K(1087488K)], 0.0570446 secs] [Times: user=0.29 sys=0.02, real=0.05 secs] 
2016-09-15T12:34:20.372-0400: 87.625: [GC (GCLocker Initiated GC) [PSYoungGen: 88064K->86078K(175104K)] 139961K->150125K(699392K), 0.0141599 secs] [Times: user=0.19 sys=0.00, real=0.01 secs] 
2016-09-15T12:34:20.490-0400: 87.743: [GC (GCLocker Initiated GC) [PSYoungGen: 174142K->85854K(175104K)] 238238K->247753K(699392K), 0.0120427 secs] [Times: user=0.19 sys=0.00, real=0.01 secs] 
2016-09-15T12:34:20.604-0400: 87.858: [GC (GCLocker Initiated GC) [PSYoungGen: 173918K->67533K(175104K)] 342024K->284578K(699392K), 0.0087252 secs] [Times: user=0.11 sys=0.00, real=0.01 secs] 
2016-09-15T12:34:20.717-0400: 87.970: [GC (GCLocker Initiated GC) [PSYoungGen: 155597K->85922K(175104K)] 372661K->364060K(699392K), 0.0113405 secs] [Times: user=0.17 sys=0.00, real=0.01 secs] 
2016-09-15T12:34:20.847-0400: 88.100: [GC (GCLocker Initiated GC) [PSYoungGen: 173986K->85854K(175104K)] 452278K->443429K(699392K), 0.0134764 secs] [Times: user=0.17 sys=0.01, real=0.02 secs] 
2016-09-15T12:34:20.972-0400: 88.226: [GC (GCLocker Initiated GC) [PSYoungGen: 173918K->67729K(175104K)] 537693K->480420K(699392K), 0.0104892 secs] [Times: user=0.14 sys=0.00, real=0.01 secs] 
2016-09-15T12:34:21.093-0400: 88.347: [GC (Allocation Failure) [PSYoungGen: 155793K->73672K(175104K)] 569089K->535892K(699392K), 0.0110707 secs] [Times: user=0.15 sys=0.00, real=0.01 secs] 
2016-09-15T12:34:21.105-0400: 88.358: [Full GC (Ergonomics) [PSYoungGen: 73672K->0K(175104K)] [ParOldGen: 462220K->58234K(524288K)] 535892K->58234K(699392K), [Metaspace: 44389K->44389K(1087488K)], 0.0609946 secs] [Times: user=0.42 sys=0.02, real=0.06 secs] 
2016-09-15T12:34:21.266-0400: 88.519: [GC (GCLocker Initiated GC) [PSYoungGen: 86977K->86118K(175104K)] 151286K->156502K(699392K), 0.0081936 secs] [Times: user=0.10 sys=0.00, real=0.01 secs] 
2016-09-15T12:34:21.402-0400: 88.656: [GC (GCLocker Initiated GC) [PSYoungGen: 174182K->55479K(175104K)] 257066K->175440K(699392K), 0.0100658 secs] [Times: user=0.11 sys=0.01, real=0.01 secs] 
2016-09-15T12:34:21.518-0400: 88.772: [GC (GCLocker Initiated GC) [PSYoungGen: 143543K->73804K(175104K)] 269850K->200411K(699392K), 0.0221781 secs] [Times: user=0.28 sys=0.01, real=0.02 secs] 
2016-09-15T12:34:21.664-0400: 88.917: [GC (GCLocker Initiated GC) [PSYoungGen: 161868K->55383K(175104K)] 294614K->206834K(699392K), 0.0084547 secs] [Times: user=0.11 sys=0.00, real=0.01 secs] 
2016-09-15T12:34:21.800-0400: 89.054: [GC (GCLocker Initiated GC) [PSYoungGen: 143447K->55583K(175104K)] 294978K->225630K(699392K), 0.0108283 secs] [Times: user=0.12 sys=0.00, real=0.01 secs] 
2016-09-15T12:34:21.915-0400: 89.169: [GC (GCLocker Initiated GC) [PSYoungGen: 143647K->85594K(175104K)] 319817K->262407K(699392K), 0.0095259 secs] [Times: user=0.09 sys=0.01, real=0.01 secs] 
2016-09-15T12:34:22.044-0400: 89.297: [GC (GCLocker Initiated GC) [PSYoungGen: 173658K->85630K(175104K)] 356594K->292970K(699392K), 0.0228505 secs] [Times: user=0.18 sys=0.00, real=0.02 secs] 
2016-09-15T12:34:22.180-0400: 89.433: [GC (GCLocker Initiated GC) [PSYoungGen: 173694K->55355K(175104K)] 387458K->305853K(699392K), 0.0122156 secs] [Times: user=0.10 sys=0.00, real=0.01 secs] 
2016-09-15T12:34:22.311-0400: 89.565: [GC (GCLocker Initiated GC) [PSYoungGen: 143419K->55059K(175104K)] 406282K->336250K(699392K), 0.0222228 secs] [Times: user=0.23 sys=0.00, real=0.02 secs] 
2016-09-15T12:34:22.466-0400: 89.719: [GC (GCLocker Initiated GC) [PSYoungGen: 143123K->55515K(175104K)] 430694K->343214K(699392K), 0.0120767 secs] [Times: user=0.16 sys=0.00, real=0.02 secs] 
2016-09-15T12:34:22.591-0400: 89.845: [GC (GCLocker Initiated GC) [PSYoungGen: 143579K->67373K(175104K)] 431353K->355407K(699392K), 0.0083000 secs] [Times: user=0.07 sys=0.01, real=0.01 secs] 
2016-09-15T12:34:22.702-0400: 89.955: [GC (GCLocker Initiated GC) [PSYoungGen: 155437K->49472K(175104K)] 449845K->417087K(699392K), 0.0205087 secs] [Times: user=0.23 sys=0.00, real=0.02 secs] 
2016-09-15T12:34:22.839-0400: 90.093: [GC (GCLocker Initiated GC) [PSYoungGen: 137536K->55938K(175104K)] 505232K->423911K(699392K), 0.0076348 secs] [Times: user=0.08 sys=0.00, real=0.00 secs] 
2016-09-15T12:34:22.941-0400: 90.194: [GC (Allocation Failure) [PSYoungGen: 144002K->85822K(175104K)] 512067K->484404K(699392K), 0.0116670 secs] [Times: user=0.14 sys=0.02, real=0.01 secs] 
2016-09-15T12:34:23.055-0400: 90.308: [GC (GCLocker Initiated GC) [PSYoungGen: 173886K->85822K(175104K)] 572475K->539214K(699392K), 0.0152617 secs] [Times: user=0.21 sys=0.00, real=0.02 secs] 
2016-09-15T12:34:23.070-0400: 90.324: [Full GC (Ergonomics) [PSYoungGen: 85822K->0K(175104K)] [ParOldGen: 453392K->52239K(524288K)] 539214K->52239K(699392K), [Metaspace: 44402K->44402K(1087488K)], 0.0590717 secs] [Times: user=0.37 sys=0.01, real=0.06 secs] 
2016-09-15T12:34:23.233-0400: 90.486: [GC (GCLocker Initiated GC) [PSYoungGen: 88064K->86530K(175104K)] 146533K->169299K(699392K), 0.0136426 secs] [Times: user=0.21 sys=0.00, real=0.01 secs] 
2016-09-15T12:34:23.359-0400: 90.612: [GC (GCLocker Initiated GC) [PSYoungGen: 174594K->49372K(175104K)] 263480K->206231K(699392K), 0.0095800 secs] [Times: user=0.13 sys=0.00, real=0.01 secs] 
2016-09-15T12:34:23.468-0400: 90.721: [GC (GCLocker Initiated GC) [PSYoungGen: 137436K->86150K(175104K)] 294560K->267890K(699392K), 0.0093010 secs] [Times: user=0.13 sys=0.00, real=0.01 secs] 
2016-09-15T12:34:23.612-0400: 90.865: [GC (GCLocker Initiated GC) [PSYoungGen: 174214K->37354K(175104K)] 368364K->250184K(699392K), 0.0070268 secs] [Times: user=0.08 sys=0.00, real=0.01 secs] 
2016-09-15T12:34:23.728-0400: 90.981: [GC (GCLocker Initiated GC) [PSYoungGen: 125418K->73576K(175104K)] 338481K->286774K(699392K), 0.0113986 secs] [Times: user=0.11 sys=0.01, real=0.01 secs] 
2016-09-15T12:34:23.873-0400: 91.127: [GC (GCLocker Initiated GC) [PSYoungGen: 161640K->79523K(175104K)] 374997K->323367K(699392K), 0.0133558 secs] [Times: user=0.10 sys=0.01, real=0.01 secs] 
2016-09-15T12:34:24.005-0400: 91.258: [GC (GCLocker Initiated GC) [PSYoungGen: 167587K->49212K(175104K)] 417755K->324103K(699392K), 0.0124880 secs] [Times: user=0.12 sys=0.00, real=0.02 secs] 
2016-09-15T12:34:24.126-0400: 91.379: [GC (GCLocker Initiated GC) [PSYoungGen: 137276K->79779K(175104K)] 418899K->392445K(699392K), 0.0083127 secs] [Times: user=0.13 sys=0.00, real=0.01 secs] 
2016-09-15T12:34:24.257-0400: 91.511: [GC (GCLocker Initiated GC) [PSYoungGen: 167843K->61426K(175104K)] 480635K->429044K(699392K), 0.0121644 secs] [Times: user=0.12 sys=0.00, real=0.01 secs] 
2016-09-15T12:34:24.375-0400: 91.628: [GC (Allocation Failure) [PSYoungGen: 149490K->85530K(175104K)] 517150K->489759K(699392K), 0.0162100 secs] [Times: user=0.19 sys=0.01, real=0.02 secs] 
2016-09-15T12:34:24.488-0400: 91.741: [GC (GCLocker Initiated GC) [PSYoungGen: 173594K->67925K(175104K)] 577830K->563438K(699392K), 0.0139850 secs] [Times: user=0.18 sys=0.00, real=0.02 secs] 
2016-09-15T12:34:24.502-0400: 91.755: [Full GC (Ergonomics) [PSYoungGen: 67925K->0K(175104K)] [ParOldGen: 495513K->52551K(524288K)] 563438K->52551K(699392K), [Metaspace: 44403K->44403K(1087488K)], 0.0592392 secs] [Times: user=0.39 sys=0.02, real=0.06 secs] 
2016-09-15T12:34:24.665-0400: 91.918: [GC (GCLocker Initiated GC) [PSYoungGen: 88064K->86929K(175104K)] 146771K->169937K(699392K), 0.0100509 secs] [Times: user=0.14 sys=0.00, real=0.01 secs] 
2016-09-15T12:34:24.772-0400: 92.026: [GC (GCLocker Initiated GC) [PSYoungGen: 174993K->86018K(175104K)] 258362K->212834K(699392K), 0.0115832 secs] [Times: user=0.17 sys=0.01, real=0.01 secs] 
2016-09-15T12:34:24.878-0400: 92.132: [GC (GCLocker Initiated GC) [PSYoungGen: 174082K->73540K(175104K)] 307116K->322307K(699392K), 0.0143112 secs] [Times: user=0.22 sys=0.01, real=0.01 secs] 
2016-09-15T12:34:25.011-0400: 92.264: [GC (GCLocker Initiated GC) [PSYoungGen: 161604K->73968K(175104K)] 411044K->323575K(699392K), 0.0084943 secs] [Times: user=0.12 sys=0.00, real=0.01 secs] 
2016-09-15T12:34:25.148-0400: 92.402: [GC (GCLocker Initiated GC) [PSYoungGen: 162032K->55123K(175104K)] 418503K->330446K(699392K), 0.0089388 secs] [Times: user=0.09 sys=0.00, real=0.01 secs] 
2016-09-15T12:34:25.276-0400: 92.529: [GC (GCLocker Initiated GC) [PSYoungGen: 143187K->85986K(175104K)] 418552K->385802K(699392K), 0.0103172 secs] [Times: user=0.12 sys=0.00, real=0.00 secs] 
2016-09-15T12:34:25.382-0400: 92.636: [GC (GCLocker Initiated GC) [PSYoungGen: 174050K->61554K(175104K)] 480101K->441000K(699392K), 0.0104581 secs] [Times: user=0.16 sys=0.00, real=0.01 secs] 
2016-09-15T12:34:25.505-0400: 92.758: [GC (GCLocker Initiated GC) [PSYoungGen: 149618K->74263K(175104K)] 529313K->472319K(699392K), 0.0090981 secs] [Times: user=0.10 sys=0.00, real=0.01 secs] 
2016-09-15T12:34:25.625-0400: 92.878: [GC (GCLocker Initiated GC) [PSYoungGen: 162327K->79683K(175104K)] 566814K->496930K(699392K), 0.0133865 secs] [Times: user=0.15 sys=0.00, real=0.02 secs] 
2016-09-15T12:34:25.753-0400: 93.006: [GC (GCLocker Initiated GC) [PSYoungGen: 167747K->37066K(175104K)] 585063K->472694K(699392K), 0.0107810 secs] [Times: user=0.07 sys=0.01, real=0.01 secs] 
2016-09-15T12:34:25.764-0400: 93.017: [Full GC (Ergonomics) [PSYoungGen: 37066K->0K(175104K)] [ParOldGen: 435628K->46438K(524288K)] 472694K->46438K(699392K), [Metaspace: 44403K->44403K(1087488K)], 0.0766694 secs] [Times: user=0.56 sys=0.01, real=0.08 secs] 
2016-09-15T12:34:25.935-0400: 93.188: [GC (GCLocker Initiated GC) [PSYoungGen: 88064K->85890K(175104K)] 134734K->138635K(699392K), 0.0082531 secs] [Times: user=0.11 sys=0.00, real=0.01 secs] 
2016-09-15T12:34:26.025-0400: 93.278: [GC (GCLocker Initiated GC) [PSYoungGen: 173954K->79747K(175104K)] 226807K->181664K(699392K), 0.0124996 secs] [Times: user=0.14 sys=0.00, real=0.02 secs] 
2016-09-15T12:34:26.152-0400: 93.405: [GC (GCLocker Initiated GC) [PSYoungGen: 167811K->73804K(175104K)] 269881K->212796K(699392K), 0.0109046 secs] [Times: user=0.15 sys=0.01, real=0.01 secs] 
2016-09-15T12:34:26.302-0400: 93.555: [GC (GCLocker Initiated GC) [PSYoungGen: 161868K->37222K(175104K)] 313275K->225403K(699392K), 0.0117086 secs] [Times: user=0.17 sys=0.00, real=0.01 secs] 
2016-09-15T12:34:26.431-0400: 93.684: [GC (GCLocker Initiated GC) [PSYoungGen: 125286K->79751K(175104K)] 313700K->280418K(699392K), 0.0168474 secs] [Times: user=0.11 sys=0.01, real=0.02 secs] 
2016-09-15T12:34:26.582-0400: 93.836: [GC (GCLocker Initiated GC) [PSYoungGen: 167815K->37290K(175104K)] 374739K->281135K(699392K), 0.0096546 secs] [Times: user=0.13 sys=0.00, real=0.01 secs] 
2016-09-15T12:34:26.691-0400: 93.944: [GC (GCLocker Initiated GC) [PSYoungGen: 125354K->85822K(175104K)] 375412K->342435K(699392K), 0.0108089 secs] [Times: user=0.15 sys=0.00, real=0.01 secs] 
2016-09-15T12:34:26.837-0400: 94.090: [GC (Allocation Failure) [PSYoungGen: 173886K->61850K(175104K)] 442802K->349103K(699392K), 0.0078711 secs] [Times: user=0.11 sys=0.00, real=0.00 secs] 
2016-09-15T12:34:26.935-0400: 94.188: [GC (GCLocker Initiated GC) [PSYoungGen: 148192K->73544K(175104K)] 441520K->391479K(699392K), 0.0114550 secs] [Times: user=0.12 sys=0.00, real=0.01 secs] 
2016-09-15T12:34:27.078-0400: 94.331: [GC (GCLocker Initiated GC) [PSYoungGen: 161608K->55743K(175104K)] 491919K->422632K(699392K), 0.0084159 secs] [Times: user=0.11 sys=0.00, real=0.00 secs] 
2016-09-15T12:34:27.206-0400: 94.460: [GC (GCLocker Initiated GC) [PSYoungGen: 143807K->85694K(175104K)] 510855K->465184K(699392K), 0.0099948 secs] [Times: user=0.12 sys=0.00, real=0.02 secs] 
2016-09-15T12:34:27.355-0400: 94.609: [GC (GCLocker Initiated GC) [PSYoungGen: 173758K->73868K(175104K)] 553457K->490153K(699392K), 0.0109452 secs] [Times: user=0.14 sys=0.01, real=0.01 secs] 
2016-09-15T12:34:27.463-0400: 94.716: [GC (GCLocker Initiated GC) [PSYoungGen: 161932K->85886K(175104K)] 578578K->545357K(699392K), 0.0087475 secs] [Times: user=0.12 sys=0.00, real=0.01 secs] 
2016-09-15T12:34:27.472-0400: 94.725: [Full GC (Ergonomics) [PSYoungGen: 85886K->0K(175104K)] [ParOldGen: 459470K->58514K(524288K)] 545357K->58514K(699392K), [Metaspace: 44406K->44406K(1087488K)], 0.0596888 secs] [Times: user=0.36 sys=0.02, real=0.06 secs] 
2016-09-15T12:34:27.634-0400: 94.887: [GC (GCLocker Initiated GC) [PSYoungGen: 88064K->86274K(175104K)] 146621K->156981K(699392K), 0.0141640 secs] [Times: user=0.17 sys=0.00, real=0.02 secs] 
2016-09-15T12:34:27.794-0400: 95.047: [GC (Allocation Failure) [PSYoungGen: 174338K->55319K(175104K)] 245109K->175418K(699392K), 0.0121090 secs] [Times: user=0.15 sys=0.00, real=0.01 secs] 
2016-09-15T12:34:27.906-0400: 95.159: [GC (GCLocker Initiated GC) [PSYoungGen: 141957K->73544K(175104K)] 268131K->224302K(699392K), 0.0139757 secs] [Times: user=0.16 sys=0.00, real=0.02 secs] 
2016-09-15T12:34:28.068-0400: 95.322: [GC (Allocation Failure) [PSYoungGen: 161608K->61394K(175104K)] 318627K->236946K(699392K), 0.0240309 secs] [Times: user=0.28 sys=0.00, real=0.02 secs] 
2016-09-15T12:34:28.205-0400: 95.458: [GC (GCLocker Initiated GC) [PSYoungGen: 149458K->79651K(175104K)] 325015K->273717K(699392K), 0.0242884 secs] [Times: user=0.26 sys=0.00, real=0.03 secs] 
2016-09-15T12:34:28.375-0400: 95.629: [GC (GCLocker Initiated GC) [PSYoungGen: 167713K->37325K(175104K)] 374280K->262244K(699392K), 0.0163421 secs] [Times: user=0.13 sys=0.01, real=0.02 secs] 
2016-09-15T12:34:28.501-0400: 95.755: [GC (GCLocker Initiated GC) [PSYoungGen: 125389K->79523K(175104K)] 356492K->310892K(699392K), 0.0563026 secs] [Times: user=0.58 sys=0.00, real=0.06 secs] 
2016-09-15T12:34:28.668-0400: 95.922: [GC (GCLocker Initiated GC) [PSYoungGen: 167587K->61686K(175104K)] 399222K->360281K(699392K), 0.0115664 secs] [Times: user=0.14 sys=0.01, real=0.01 secs] 
2016-09-15T12:34:28.790-0400: 96.043: [GC (GCLocker Initiated GC) [PSYoungGen: 149750K->55383K(175104K)] 448460K->378685K(699392K), 0.0317564 secs] [Times: user=0.35 sys=0.00, real=0.03 secs] 
2016-09-15T12:34:28.929-0400: 96.183: [GC (GCLocker Initiated GC) [PSYoungGen: 143447K->61430K(175104K)] 472871K->403264K(699392K), 0.0126343 secs] [Times: user=0.10 sys=0.00, real=0.01 secs] 
2016-09-15T12:34:29.087-0400: 96.340: [GC (Allocation Failure) [PSYoungGen: 149494K->67629K(175104K)] 491565K->483244K(699392K), 0.0105121 secs] [Times: user=0.15 sys=0.00, real=0.02 secs] 
2016-09-15T12:34:29.225-0400: 96.479: [GC (GCLocker Initiated GC) [PSYoungGen: 155693K->79551K(175104K)] 571314K->519779K(699392K), 0.0102236 secs] [Times: user=0.13 sys=0.00, real=0.02 secs] 
2016-09-15T12:34:29.357-0400: 96.610: [GC (GCLocker Initiated GC) [PSYoungGen: 167615K->73836K(175104K)] 608171K->532760K(699392K), 0.0090578 secs] [Times: user=0.12 sys=0.00, real=0.00 secs] 
2016-09-15T12:34:29.366-0400: 96.620: [Full GC (Ergonomics) [PSYoungGen: 73836K->0K(175104K)] [ParOldGen: 458924K->46936K(524288K)] 532760K->46936K(699392K), [Metaspace: 44407K->44407K(1087488K)], 0.0665555 secs] [Times: user=0.52 sys=0.00, real=0.07 secs] 
2016-09-15T12:34:29.545-0400: 96.798: [GC (Allocation Failure) [PSYoungGen: 88064K->86210K(175104K)] 135164K->145461K(699392K), 0.0093911 secs] [Times: user=0.12 sys=0.00, real=0.01 secs] 
2016-09-15T12:34:29.669-0400: 96.922: [GC (GCLocker Initiated GC) [PSYoungGen: 174274K->73380K(175104K)] 233525K->169816K(699392K), 0.0162904 secs] [Times: user=0.21 sys=0.01, real=0.01 secs] 
2016-09-15T12:34:29.817-0400: 97.070: [GC (GCLocker Initiated GC) [PSYoungGen: 161444K->86314K(175104K)] 258089K->189170K(699392K), 0.0086882 secs] [Times: user=0.11 sys=0.00, real=0.00 secs] 
2016-09-15T12:34:29.948-0400: 97.201: [GC (GCLocker Initiated GC) [PSYoungGen: 174378K->79551K(175104K)] 277533K->201271K(699392K), 0.0085911 secs] [Times: user=0.12 sys=0.00, real=0.01 secs] 
2016-09-15T12:34:30.060-0400: 97.313: [GC (GCLocker Initiated GC) [PSYoungGen: 167614K->79811K(175104K)] 289695K->262786K(699392K), 0.0204763 secs] [Times: user=0.24 sys=0.01, real=0.02 secs] 
2016-09-15T12:34:30.205-0400: 97.458: [GC (GCLocker Initiated GC) [PSYoungGen: 167875K->62145K(175104K)] 350936K->281816K(699392K), 0.0099821 secs] [Times: user=0.15 sys=0.00, real=0.01 secs] 
2016-09-15T12:34:30.335-0400: 97.589: [GC (GCLocker Initiated GC) [PSYoungGen: 150209K->73672K(175104K)] 376237K->324799K(699392K), 0.0114157 secs] [Times: user=0.12 sys=0.00, real=0.01 secs] 
2016-09-15T12:34:30.479-0400: 97.732: [GC (GCLocker Initiated GC) [PSYoungGen: 161736K->55219K(175104K)] 412938K->361231K(699392K), 0.0094468 secs] [Times: user=0.12 sys=0.00, real=0.01 secs] 
2016-09-15T12:34:30.658-0400: 97.911: [GC (GCLocker Initiated GC) [PSYoungGen: 143283K->36898K(175104K)] 455378K->349121K(699392K), 0.0061383 secs] [Times: user=0.06 sys=0.00, real=0.00 secs] 
2016-09-15T12:34:30.809-0400: 98.062: [GC (GCLocker Initiated GC) [PSYoungGen: 124962K->73476K(175104K)] 443262K->391887K(699392K), 0.0101941 secs] [Times: user=0.11 sys=0.00, real=0.01 secs] 
2016-09-15T12:34:30.923-0400: 98.176: [GC (GCLocker Initiated GC) [PSYoungGen: 161540K->73740K(175104K)] 479987K->410531K(699392K), 0.0159326 secs] [Times: user=0.16 sys=0.00, real=0.02 secs] 
2016-09-15T12:34:31.062-0400: 98.315: [GC (GCLocker Initiated GC) [PSYoungGen: 161804K->61330K(175104K)] 504874K->471641K(699392K), 0.0153537 secs] [Times: user=0.13 sys=0.00, real=0.02 secs] 
2016-09-15T12:34:31.173-0400: 98.426: [GC (GCLocker Initiated GC) [PSYoungGen: 149394K->67405K(175104K)] 559766K->484135K(699392K), 0.0224505 secs] [Times: user=0.26 sys=0.00, real=0.02 secs] 
2016-09-15T12:34:31.295-0400: 98.548: [GC (GCLocker Initiated GC) [PSYoungGen: 155469K->80239K(175104K)] 572213K->551810K(699392K), 0.0106728 secs] [Times: user=0.15 sys=0.01, real=0.01 secs] 
2016-09-15T12:34:31.305-0400: 98.559: [Full GC (Ergonomics) [PSYoungGen: 80239K->0K(175104K)] [ParOldGen: 471571K->53267K(524288K)] 551810K->53267K(699392K), [Metaspace: 44409K->44409K(1087488K)], 0.0643859 secs] [Times: user=0.51 sys=0.00, real=0.07 secs] 
2016-09-15T12:34:31.482-0400: 98.735: [GC (GCLocker Initiated GC) [PSYoungGen: 88064K->86110K(175104K)] 141574K->163920K(699392K), 0.0086745 secs] [Times: user=0.12 sys=0.00, real=0.01 secs] 
2016-09-15T12:34:31.597-0400: 98.850: [GC (GCLocker Initiated GC) [PSYoungGen: 174174K->79747K(175104K)] 252329K->195096K(699392K), 0.0096801 secs] [Times: user=0.15 sys=0.00, real=0.00 secs] 
2016-09-15T12:34:31.717-0400: 98.970: [GC (GCLocker Initiated GC) [PSYoungGen: 167811K->55579K(175104K)] 289389K->256448K(699392K), 0.0097589 secs] [Times: user=0.12 sys=0.00, real=0.00 secs] 
2016-09-15T12:34:31.862-0400: 99.115: [GC (Allocation Failure) [PSYoungGen: 143643K->85890K(175104K)] 356748K->299123K(699392K), 0.0104949 secs] [Times: user=0.13 sys=0.00, real=0.01 secs] 
2016-09-15T12:34:32.003-0400: 99.256: [GC (GCLocker Initiated GC) [PSYoungGen: 168408K->55123K(175104K)] 387716K->317255K(699392K), 0.0142036 secs] [Times: user=0.15 sys=0.01, real=0.02 secs] 
2016-09-15T12:34:32.133-0400: 99.386: [GC (GCLocker Initiated GC) [PSYoungGen: 143187K->85762K(175104K)] 405524K->366435K(699392K), 0.0184745 secs] [Times: user=0.18 sys=0.00, real=0.02 secs] 
2016-09-15T12:34:32.266-0400: 99.519: [GC (GCLocker Initiated GC) [PSYoungGen: 173826K->85758K(175104K)] 454720K->421767K(699392K), 0.0139932 secs] [Times: user=0.13 sys=0.00, real=0.02 secs] 
2016-09-15T12:34:32.411-0400: 99.664: [GC (GCLocker Initiated GC) [PSYoungGen: 173822K->73608K(175104K)] 510181K->464965K(699392K), 0.0109240 secs] [Times: user=0.16 sys=0.00, real=0.01 secs] 
2016-09-15T12:34:32.566-0400: 99.819: [GC (Allocation Failure) [PSYoungGen: 161672K->85466K(175104K)] 553245K->483405K(699392K), 0.0227500 secs] [Times: user=0.26 sys=0.01, real=0.03 secs] 
2016-09-15T12:34:32.701-0400: 99.955: [GC (GCLocker Initiated GC) [PSYoungGen: 173479K->49340K(175104K)] 577494K->538556K(699392K), 0.0238328 secs] [Times: user=0.26 sys=0.00, real=0.02 secs] 
2016-09-15T12:34:32.725-0400: 99.978: [Full GC (Ergonomics) [PSYoungGen: 49340K->0K(175104K)] [ParOldGen: 489216K->59017K(524288K)] 538556K->59017K(699392K), [Metaspace: 44409K->44409K(1087488K)], 0.0591874 secs] [Times: user=0.37 sys=0.01, real=0.06 secs] 
2016-09-15T12:34:32.914-0400: 100.167: [GC (GCLocker Initiated GC) [PSYoungGen: 88064K->86726K(175104K)] 153272K->158009K(699392K), 0.0155556 secs] [Times: user=0.23 sys=0.00, real=0.02 secs] 
2016-09-15T12:34:33.030-0400: 100.283: [GC (GCLocker Initiated GC) [PSYoungGen: 174790K->85986K(175104K)] 246132K->231235K(699392K), 0.0131767 secs] [Times: user=0.17 sys=0.01, real=0.01 secs] 
2016-09-15T12:34:33.148-0400: 100.401: [GC (GCLocker Initiated GC) [PSYoungGen: 174050K->74164K(175104K)] 319329K->286600K(699392K), 0.0117537 secs] [Times: user=0.17 sys=0.01, real=0.01 secs] 
2016-09-15T12:34:33.274-0400: 100.527: [GC (GCLocker Initiated GC) [PSYoungGen: 162228K->49212K(175104K)] 381004K->286481K(699392K), 0.0234049 secs] [Times: user=0.24 sys=0.00, real=0.03 secs] 
2016-09-15T12:34:33.426-0400: 100.679: [GC (GCLocker Initiated GC) [PSYoungGen: 137276K->55355K(175104K)] 380751K->317322K(699392K), 0.0107190 secs] [Times: user=0.09 sys=0.00, real=0.02 secs] 
2016-09-15T12:34:33.555-0400: 100.809: [GC (GCLocker Initiated GC) [PSYoungGen: 143419K->73640K(175104K)] 405624K->354346K(699392K), 0.0147880 secs] [Times: user=0.14 sys=0.00, real=0.02 secs] 
2016-09-15T12:34:33.686-0400: 100.939: [GC (GCLocker Initiated GC) [PSYoungGen: 161704K->86018K(175104K)] 442496K->415569K(699392K), 0.0106063 secs] [Times: user=0.16 sys=0.00, real=0.02 secs] 
2016-09-15T12:34:33.828-0400: 101.081: [GC (GCLocker Initiated GC) [PSYoungGen: 174082K->73444K(175104K)] 510008K->427895K(699392K), 0.0169780 secs] [Times: user=0.22 sys=0.01, real=0.01 secs] 
2016-09-15T12:34:33.972-0400: 101.225: [GC (GCLocker Initiated GC) [PSYoungGen: 161508K->85922K(175104K)] 516136K->458910K(699392K), 0.0090483 secs] [Times: user=0.11 sys=0.00, real=0.01 secs] 
2016-09-15T12:34:34.094-0400: 101.348: [GC (GCLocker Initiated GC) [PSYoungGen: 173986K->55255K(175104K)] 547111K->465270K(699392K), 0.0178509 secs] [Times: user=0.21 sys=0.01, real=0.02 secs] 
2016-09-15T12:34:34.236-0400: 101.489: [GC (GCLocker Initiated GC) [PSYoungGen: 143319K->61430K(175104K)] 559737K->490250K(699392K), 0.0264559 secs] [Times: user=0.32 sys=0.00, real=0.02 secs] 
2016-09-15T12:34:34.379-0400: 101.632: [GC (GCLocker Initiated GC) [PSYoungGen: 149494K->55415K(175104K)] 578596K->503065K(699392K), 0.0104930 secs] [Times: user=0.15 sys=0.00, real=0.01 secs] 
2016-09-15T12:34:34.390-0400: 101.643: [Full GC (Ergonomics) [PSYoungGen: 55415K->0K(175104K)] [ParOldGen: 447650K->41009K(524288K)] 503065K->41009K(699392K), [Metaspace: 44409K->44409K(1087488K)], 0.0585650 secs] [Times: user=0.41 sys=0.01, real=0.06 secs] 
2016-09-15T12:34:34.572-0400: 101.825: [GC (GCLocker Initiated GC) [PSYoungGen: 88064K->86538K(175104K)] 135453K->140003K(699392K), 0.0126561 secs] [Times: user=0.17 sys=0.00, real=0.01 secs] 
2016-09-15T12:34:34.719-0400: 101.973: [GC (Allocation Failure) [PSYoungGen: 174602K->55579K(175104K)] 234335K->152505K(699392K), 0.0082691 secs] [Times: user=0.10 sys=0.01, real=0.01 secs] 
2016-09-15T12:34:34.840-0400: 102.093: [GC (GCLocker Initiated GC) [PSYoungGen: 143643K->85854K(175104K)] 240580K->219385K(699392K), 0.0107147 secs] [Times: user=0.14 sys=0.00, real=0.01 secs] 
2016-09-15T12:34:34.960-0400: 102.214: [GC (GCLocker Initiated GC) [PSYoungGen: 173918K->85726K(175104K)] 313605K->250021K(699392K), 0.0124987 secs] [Times: user=0.15 sys=0.01, real=0.01 secs] 
2016-09-15T12:34:35.105-0400: 102.358: [GC (GCLocker Initiated GC) [PSYoungGen: 173790K->55383K(175104K)] 350584K->281061K(699392K), 0.0238065 secs] [Times: user=0.27 sys=0.00, real=0.03 secs] 
2016-09-15T12:34:35.271-0400: 102.524: [GC (Allocation Failure) [PSYoungGen: 143446K->67437K(175104K)] 375549K->317852K(699392K), 0.0134527 secs] [Times: user=0.13 sys=0.01, real=0.01 secs] 
2016-09-15T12:34:35.410-0400: 102.663: [GC (GCLocker Initiated GC) [PSYoungGen: 155501K->49280K(175104K)] 405922K->318013K(699392K), 0.0167659 secs] [Times: user=0.16 sys=0.00, real=0.01 secs] 
2016-09-15T12:34:35.528-0400: 102.781: [GC (Allocation Failure) [PSYoungGen: 137344K->79587K(175104K)] 406157K->360834K(699392K), 0.0297910 secs] [Times: user=0.34 sys=0.00, real=0.03 secs] 
2016-09-15T12:34:35.676-0400: 102.929: [GC (GCLocker Initiated GC) [PSYoungGen: 163226K->49504K(175104K)] 450548K->373560K(699392K), 0.0097401 secs] [Times: user=0.09 sys=0.01, real=0.00 secs] 
2016-09-15T12:34:35.829-0400: 103.082: [GC (Allocation Failure) [PSYoungGen: 137568K->55383K(175104K)] 474073K->410396K(699392K), 0.0098162 secs] [Times: user=0.11 sys=0.00, real=0.01 secs] 
2016-09-15T12:34:35.941-0400: 103.194: [GC (GCLocker Initiated GC) [PSYoungGen: 143447K->85662K(175104K)] 498466K->446899K(699392K), 0.0286177 secs] [Times: user=0.33 sys=0.00, real=0.03 secs] 
2016-09-15T12:34:36.084-0400: 103.337: [GC (Allocation Failure) [PSYoungGen: 173726K->61298K(175104K)] 535055K->453253K(699392K), 0.0130722 secs] [Times: user=0.11 sys=0.00, real=0.02 secs] 
2016-09-15T12:34:36.243-0400: 103.496: [GC (GCLocker Initiated GC) [PSYoungGen: 148424K->55123K(175104K)] 546455K->453429K(699392K), 0.0095554 secs] [Times: user=0.10 sys=0.01, real=0.01 secs] 
2016-09-15T12:34:36.351-0400: 103.605: [GC (GCLocker Initiated GC) [PSYoungGen: 143187K->73476K(175104K)] 547762K->478234K(699392K), 0.0096058 secs] [Times: user=0.10 sys=0.01, real=0.01 secs] 
2016-09-15T12:34:36.462-0400: 103.715: [GC (GCLocker Initiated GC) [PSYoungGen: 161540K->86378K(175104K)] 566514K->515835K(699392K), 0.0096709 secs] [Times: user=0.13 sys=0.00, real=0.01 secs] 
2016-09-15T12:34:36.590-0400: 103.843: [GC (GCLocker Initiated GC) [PSYoungGen: 174442K->73608K(175104K)] 604260K->522123K(699392K), 0.0082862 secs] [Times: user=0.12 sys=0.00, real=0.01 secs] 
2016-09-15T12:34:36.710-0400: 103.963: [GC (GCLocker Initiated GC) [PSYoungGen: 161672K->55547K(175104K)] 616505K->528741K(699392K), 0.0076325 secs] [Times: user=0.09 sys=0.00, real=0.01 secs] 
2016-09-15T12:34:36.718-0400: 103.971: [Full GC (Ergonomics) [PSYoungGen: 55547K->0K(175104K)] [ParOldGen: 473194K->53202K(524288K)] 528741K->53202K(699392K), [Metaspace: 44415K->44415K(1087488K)], 0.0631720 secs] [Times: user=0.49 sys=0.02, real=0.06 secs] 
2016-09-15T12:34:36.909-0400: 104.163: [GC (GCLocker Initiated GC) [PSYoungGen: 88064K->55906K(175104K)] 165721K->133564K(699392K), 0.0104731 secs] [Times: user=0.14 sys=0.00, real=0.01 secs] 
2016-09-15T12:34:37.055-0400: 104.308: [GC (GCLocker Initiated GC) [PSYoungGen: 143970K->37713K(175104K)] 240197K->152653K(699392K), 0.0091767 secs] [Times: user=0.10 sys=0.01, real=0.01 secs] 
2016-09-15T12:34:37.178-0400: 104.431: [GC (Allocation Failure) [PSYoungGen: 125777K->67337K(175104K)] 240787K->182638K(699392K), 0.0083606 secs] [Times: user=0.09 sys=0.00, real=0.00 secs] 
2016-09-15T12:34:37.187-0400: 104.440: [GC (GCLocker Initiated GC) [PSYoungGen: 67820K->32K(175104K)] 183121K->182354K(699392K), 0.0076009 secs] [Times: user=0.10 sys=0.00, real=0.01 secs] 
2016-09-15T12:34:37.293-0400: 104.547: [GC (GCLocker Initiated GC) [PSYoungGen: 88096K->86630K(175104K)] 270424K->287183K(699392K), 0.0098254 secs] [Times: user=0.14 sys=0.00, real=0.01 secs] 
2016-09-15T12:34:37.417-0400: 104.671: [GC (Allocation Failure) [PSYoungGen: 174694K->79847K(175104K)] 375434K->293852K(699392K), 0.0124999 secs] [Times: user=0.12 sys=0.00, real=0.01 secs] 
2016-09-15T12:34:37.525-0400: 104.778: [GC (GCLocker Initiated GC) [PSYoungGen: 167911K->85922K(175104K)] 381922K->324384K(699392K), 0.0180758 secs] [Times: user=0.22 sys=0.00, real=0.02 secs] 
2016-09-15T12:34:37.660-0400: 104.913: [GC (GCLocker Initiated GC) [PSYoungGen: 173986K->67597K(175104K)] 412708K->367385K(699392K), 0.0111178 secs] [Times: user=0.15 sys=0.00, real=0.01 secs] 
2016-09-15T12:34:37.775-0400: 105.028: [GC (GCLocker Initiated GC) [PSYoungGen: 155661K->61558K(175104K)] 455654K->379911K(699392K), 0.0167007 secs] [Times: user=0.17 sys=0.00, real=0.02 secs] 
2016-09-15T12:34:37.898-0400: 105.151: [GC (Allocation Failure) [PSYoungGen: 149622K->55351K(175104K)] 474311K->410886K(699392K), 0.0105658 secs] [Times: user=0.12 sys=0.01, real=0.01 secs] 
2016-09-15T12:34:38.028-0400: 105.281: [GC (GCLocker Initiated GC) [PSYoungGen: 143415K->85986K(175104K)] 498956K->466150K(699392K), 0.0138607 secs] [Times: user=0.20 sys=0.01, real=0.01 secs] 
2016-09-15T12:34:38.178-0400: 105.432: [GC (GCLocker Initiated GC) [PSYoungGen: 174050K->18872K(175104K)] 566512K->411578K(699392K), 0.0056329 secs] [Times: user=0.07 sys=0.00, real=0.00 secs] 
2016-09-15T12:34:38.304-0400: 105.558: [GC (GCLocker Initiated GC) [PSYoungGen: 106936K->61490K(175104K)] 505922K->460766K(699392K), 0.0223411 secs] [Times: user=0.27 sys=0.00, real=0.02 secs] 
2016-09-15T12:34:38.458-0400: 105.712: [GC (Allocation Failure) [PSYoungGen: 149554K->61330K(175104K)] 554963K->485084K(699392K), 0.0107373 secs] [Times: user=0.09 sys=0.01, real=0.01 secs] 
2016-09-15T12:34:38.560-0400: 105.814: [GC (Allocation Failure) [PSYoungGen: 149394K->85790K(175104K)] 573148K->509827K(699392K), 0.0117220 secs] [Times: user=0.11 sys=0.00, real=0.01 secs] 
2016-09-15T12:34:38.684-0400: 105.937: [GC (GCLocker Initiated GC) [PSYoungGen: 169681K->55547K(175104K)] 599794K->522401K(699392K), 0.0122434 secs] [Times: user=0.14 sys=0.00, real=0.02 secs] 
2016-09-15T12:34:38.696-0400: 105.949: [Full GC (Ergonomics) [PSYoungGen: 55547K->0K(175104K)] [ParOldGen: 466854K->53545K(524288K)] 522401K->53545K(699392K), [Metaspace: 44418K->44418K(1087488K)], 0.0672846 secs] [Times: user=0.36 sys=0.01, real=0.06 secs] 
2016-09-15T12:34:38.864-0400: 106.117: [GC (GCLocker Initiated GC) [PSYoungGen: 88064K->86242K(175104K)] 141970K->176599K(699392K), 0.0102458 secs] [Times: user=0.13 sys=0.00, real=0.01 secs] 
2016-09-15T12:34:39.002-0400: 106.256: [GC (GCLocker Initiated GC) [PSYoungGen: 174306K->37549K(175104K)] 283059K->201737K(699392K), 0.0112353 secs] [Times: user=0.16 sys=0.00, real=0.01 secs] 
2016-09-15T12:34:39.144-0400: 106.397: [GC (GCLocker Initiated GC) [PSYoungGen: 125613K->36870K(175104K)] 296544K->226260K(699392K), 0.0190209 secs] [Times: user=0.20 sys=0.00, real=0.02 secs] 
2016-09-15T12:34:39.262-0400: 106.515: [GC (GCLocker Initiated GC) [PSYoungGen: 124934K->73444K(175104K)] 314506K->293543K(699392K), 0.0097963 secs] [Times: user=0.10 sys=0.00, real=0.01 secs] 
2016-09-15T12:34:39.423-0400: 106.676: [GC (Allocation Failure) [PSYoungGen: 161508K->43397K(175104K)] 393876K->318442K(699392K), 0.0143805 secs] [Times: user=0.20 sys=0.00, real=0.02 secs] 
2016-09-15T12:34:39.543-0400: 106.797: [GC (GCLocker Initiated GC) [PSYoungGen: 131461K->79487K(175104K)] 406511K->379185K(699392K), 0.0090874 secs] [Times: user=0.11 sys=0.01, real=0.01 secs] 
2016-09-15T12:34:39.663-0400: 106.916: [GC (GCLocker Initiated GC) [PSYoungGen: 167551K->55223K(175104K)] 473399K->385475K(699392K), 0.0265989 secs] [Times: user=0.27 sys=0.00, real=0.03 secs] 
2016-09-15T12:34:39.798-0400: 107.051: [GC (GCLocker Initiated GC) [PSYoungGen: 143287K->67861K(175104K)] 479791K->453288K(699392K), 0.0095538 secs] [Times: user=0.12 sys=0.00, real=0.00 secs] 
2016-09-15T12:34:39.908-0400: 107.161: [GC (GCLocker Initiated GC) [PSYoungGen: 155925K->43169K(175104K)] 553656K->501965K(699392K), 0.0106772 secs] [Times: user=0.13 sys=0.01, real=0.01 secs] 
2016-09-15T12:34:39.919-0400: 107.172: [Full GC (Ergonomics) [PSYoungGen: 43169K->0K(175104K)] [ParOldGen: 458796K->53538K(524288K)] 501965K->53538K(699392K), [Metaspace: 44418K->44418K(1087488K)], 0.0598083 secs] [Times: user=0.42 sys=0.00, real=0.06 secs] 
2016-09-15T12:34:40.076-0400: 107.330: [GC (GCLocker Initiated GC) [PSYoungGen: 88064K->86078K(175104K)] 147775K->151865K(699392K), 0.0082424 secs] [Times: user=0.12 sys=0.00, real=0.00 secs] 
2016-09-15T12:34:40.201-0400: 107.454: [GC (GCLocker Initiated GC) [PSYoungGen: 174142K->55906K(175104K)] 246011K->128511K(699392K), 0.0153162 secs] [Times: user=0.21 sys=0.00, real=0.02 secs] 
2016-09-15T12:34:40.320-0400: 107.573: [GC (GCLocker Initiated GC) [PSYoungGen: 143970K->73836K(175104K)] 222809K->171386K(699392K), 0.0090984 secs] [Times: user=0.10 sys=0.01, real=0.01 secs] 
2016-09-15T12:34:40.443-0400: 107.696: [GC (GCLocker Initiated GC) [PSYoungGen: 161900K->79943K(175104K)] 259705K->214513K(699392K), 0.0117172 secs] [Times: user=0.14 sys=0.01, real=0.01 secs] 
2016-09-15T12:34:40.564-0400: 107.818: [GC (GCLocker Initiated GC) [PSYoungGen: 168007K->55383K(175104K)] 302882K->221245K(699392K), 0.0112026 secs] [Times: user=0.10 sys=0.00, real=0.02 secs] 
2016-09-15T12:34:40.694-0400: 107.947: [GC (Allocation Failure) [PSYoungGen: 143447K->55355K(175104K)] 309507K->239743K(699392K), 0.0177518 secs] [Times: user=0.19 sys=0.01, real=0.02 secs] 
2016-09-15T12:34:40.823-0400: 108.076: [GC (GCLocker Initiated GC) [PSYoungGen: 143419K->73608K(175104K)] 327813K->276503K(699392K), 0.0186884 secs] [Times: user=0.20 sys=0.00, real=0.02 secs] 
2016-09-15T12:34:40.952-0400: 108.206: [GC (Allocation Failure) [PSYoungGen: 161672K->61494K(175104K)] 370857K->295091K(699392K), 0.0250223 secs] [Times: user=0.27 sys=0.00, real=0.03 secs] 
2016-09-15T12:34:41.069-0400: 108.323: [GC (GCLocker Initiated GC) [PSYoungGen: 146522K->61554K(175104K)] 386194K->374449K(699392K), 0.0103411 secs] [Times: user=0.14 sys=0.00, real=0.01 secs] 
2016-09-15T12:34:41.187-0400: 108.440: [GC (Allocation Failure) [PSYoungGen: 149618K->73968K(175104K)] 462835K->405514K(699392K), 0.0095425 secs] [Times: user=0.08 sys=0.02, real=0.02 secs] 
2016-09-15T12:34:41.290-0400: 108.544: [GC (GCLocker Initiated GC) [PSYoungGen: 162026K->49308K(175104K)] 493578K->442245K(699392K), 0.0109071 secs] [Times: user=0.13 sys=0.00, real=0.01 secs] 
2016-09-15T12:34:41.415-0400: 108.668: [GC (GCLocker Initiated GC) [PSYoungGen: 137372K->85890K(175104K)] 530670K->497556K(699392K), 0.0095806 secs] [Times: user=0.10 sys=0.01, real=0.01 secs] 
2016-09-15T12:34:41.540-0400: 108.794: [GC (Allocation Failure) [PSYoungGen: 173954K->61458K(175104K)] 585758K->528392K(699392K), 0.0157439 secs] [Times: user=0.17 sys=0.01, real=0.02 secs] 
2016-09-15T12:34:41.556-0400: 108.810: [Full GC (Ergonomics) [PSYoungGen: 61458K->0K(175104K)] [ParOldGen: 466934K->59553K(524288K)] 528392K->59553K(699392K), [Metaspace: 44427K->44427K(1087488K)], 0.0596721 secs] [Times: user=0.43 sys=0.01, real=0.06 secs] 
2016-09-15T12:34:41.733-0400: 108.987: [GC (GCLocker Initiated GC) [PSYoungGen: 82418K->74356K(175104K)] 148047K->139984K(699392K), 0.0074868 secs] [Times: user=0.08 sys=0.00, real=0.01 secs] 
2016-09-15T12:34:41.874-0400: 109.128: [GC (GCLocker Initiated GC) [PSYoungGen: 162420K->61522K(175104K)] 234305K->170897K(699392K), 0.0132739 secs] [Times: user=0.14 sys=0.00, real=0.02 secs] 
2016-09-15T12:34:41.997-0400: 109.251: [GC (GCLocker Initiated GC) [PSYoungGen: 149586K->79651K(175104K)] 259037K->231762K(699392K), 0.0098247 secs] [Times: user=0.13 sys=0.00, real=0.00 secs] 
2016-09-15T12:34:42.111-0400: 109.364: [GC (GCLocker Initiated GC) [PSYoungGen: 167715K->55415K(175104K)] 326010K->305143K(699392K), 0.0156336 secs] [Times: user=0.22 sys=0.00, real=0.01 secs] 
2016-09-15T12:34:42.260-0400: 109.514: [GC (GCLocker Initiated GC) [PSYoungGen: 143479K->85954K(175104K)] 393271K->366412K(699392K), 0.0109889 secs] [Times: user=0.14 sys=0.00, real=0.01 secs] 
2016-09-15T12:34:42.406-0400: 109.659: [GC (GCLocker Initiated GC) [PSYoungGen: 174018K->19356K(175104K)] 479067K->373453K(699392K), 0.0111837 secs] [Times: user=0.13 sys=0.01, real=0.02 secs] 
2016-09-15T12:34:42.517-0400: 109.771: [GC (GCLocker Initiated GC) [PSYoungGen: 107420K->55319K(175104K)] 467600K->415773K(699392K), 0.0124683 secs] [Times: user=0.12 sys=0.00, real=0.01 secs] 
2016-09-15T12:34:42.656-0400: 109.910: [GC (GCLocker Initiated GC) [PSYoungGen: 143383K->55451K(175104K)] 516090K->465244K(699392K), 0.0097410 secs] [Times: user=0.10 sys=0.00, real=0.00 secs] 
2016-09-15T12:34:42.774-0400: 110.027: [GC (GCLocker Initiated GC) [PSYoungGen: 143515K->85758K(175104K)] 553669K->520691K(699392K), 0.0194902 secs] [Times: user=0.25 sys=0.00, real=0.02 secs] 
2016-09-15T12:34:42.888-0400: 110.141: [GC (GCLocker Initiated GC) [PSYoungGen: 173822K->86050K(175104K)] 608819K->551542K(699392K), 0.0095537 secs] [Times: user=0.14 sys=0.00, real=0.01 secs] 
2016-09-15T12:34:42.897-0400: 110.151: [Full GC (Ergonomics) [PSYoungGen: 86050K->0K(175104K)] [ParOldGen: 465492K->53597K(524288K)] 551542K->53597K(699392K), [Metaspace: 44427K->44427K(1087488K)], 0.0593615 secs] [Times: user=0.43 sys=0.01, real=0.06 secs] 
2016-09-15T12:34:43.064-0400: 110.317: [GC (GCLocker Initiated GC) [PSYoungGen: 88064K->86110K(175104K)] 141827K->164173K(699392K), 0.0103023 secs] [Times: user=0.14 sys=0.00, real=0.01 secs] 
2016-09-15T12:34:43.183-0400: 110.437: [GC (Allocation Failure) [PSYoungGen: 174174K->86018K(175104K)] 258511K->213616K(699392K), 0.0105093 secs] [Times: user=0.13 sys=0.02, real=0.01 secs] 
2016-09-15T12:34:43.296-0400: 110.550: [GC (GCLocker Initiated GC) [PSYoungGen: 170819K->55447K(175104K)] 304492K->262359K(699392K), 0.0101730 secs] [Times: user=0.15 sys=0.00, real=0.00 secs] 
2016-09-15T12:34:43.432-0400: 110.686: [GC (Allocation Failure) [PSYoungGen: 143511K->73772K(175104K)] 362766K->293139K(699392K), 0.0090753 secs] [Times: user=0.12 sys=0.00, real=0.01 secs] 
2016-09-15T12:34:43.542-0400: 110.795: [GC (GCLocker Initiated GC) [PSYoungGen: 161836K->55447K(175104K)] 381208K->311781K(699392K), 0.0074595 secs] [Times: user=0.11 sys=0.00, real=0.01 secs] 
2016-09-15T12:34:43.669-0400: 110.922: [GC (GCLocker Initiated GC) [PSYoungGen: 143511K->86182K(175104K)] 400162K->367464K(699392K), 0.0092287 secs] [Times: user=0.14 sys=0.00, real=0.01 secs] 
2016-09-15T12:34:43.806-0400: 111.059: [GC (GCLocker Initiated GC) [PSYoungGen: 174246K->73688K(175104K)] 455677K->416520K(699392K), 0.0119766 secs] [Times: user=0.16 sys=0.00, real=0.02 secs] 
2016-09-15T12:34:43.936-0400: 111.189: [GC (GCLocker Initiated GC) [PSYoungGen: 161752K->55371K(175104K)] 517095K->429059K(699392K), 0.0218491 secs] [Times: user=0.26 sys=0.00, real=0.02 secs] 
2016-09-15T12:34:44.090-0400: 111.344: [GC (GCLocker Initiated GC) [PSYoungGen: 143435K->80011K(175104K)] 529303K->484428K(699392K), 0.0083966 secs] [Times: user=0.12 sys=0.00, real=0.01 secs] 
2016-09-15T12:34:44.223-0400: 111.476: [GC (GCLocker Initiated GC) [PSYoungGen: 168075K->73380K(175104K)] 572561K->538768K(699392K), 0.0140114 secs] [Times: user=0.19 sys=0.00, real=0.02 secs] 
2016-09-15T12:34:44.237-0400: 111.490: [Full GC (Ergonomics) [PSYoungGen: 73380K->0K(175104K)] [ParOldGen: 465387K->47605K(524288K)] 538768K->47605K(699392K), [Metaspace: 44432K->44432K(1087488K)], 0.0587160 secs] [Times: user=0.29 sys=0.01, real=0.05 secs] 
2016-09-15T12:34:44.411-0400: 111.664: [GC (Allocation Failure) [PSYoungGen: 88064K->86342K(175104K)] 135862K->158448K(699392K), 0.0113761 secs] [Times: user=0.12 sys=0.00, real=0.01 secs] 
2016-09-15T12:34:44.526-0400: 111.780: [GC (GCLocker Initiated GC) [PSYoungGen: 172081K->73672K(175104K)] 250263K->213518K(699392K), 0.0137755 secs] [Times: user=0.20 sys=0.00, real=0.02 secs] 
2016-09-15T12:34:44.661-0400: 111.915: [GC (GCLocker Initiated GC) [PSYoungGen: 161736K->85822K(175104K)] 307767K->262527K(699392K), 0.0102389 secs] [Times: user=0.13 sys=0.01, real=0.01 secs] 
2016-09-15T12:34:44.800-0400: 112.054: [GC (GCLocker Initiated GC) [PSYoungGen: 173886K->49148K(175104K)] 356677K->238273K(699392K), 0.0133097 secs] [Times: user=0.12 sys=0.01, real=0.01 secs] 
2016-09-15T12:34:44.923-0400: 112.176: [GC (GCLocker Initiated GC) [PSYoungGen: 137212K->85954K(175104K)] 332415K->287516K(699392K), 0.0129839 secs] [Times: user=0.17 sys=0.00, real=0.02 secs] 
2016-09-15T12:34:45.050-0400: 112.303: [GC (GCLocker Initiated GC) [PSYoungGen: 174018K->55283K(175104K)] 375622K->312033K(699392K), 0.0123651 secs] [Times: user=0.13 sys=0.00, real=0.01 secs] 
2016-09-15T12:34:45.156-0400: 112.409: [GC (GCLocker Initiated GC) [PSYoungGen: 143347K->67729K(175104K)] 400162K->379362K(699392K), 0.0118114 secs] [Times: user=0.13 sys=0.00, real=0.01 secs] 
2016-09-15T12:34:45.279-0400: 112.533: [GC (GCLocker Initiated GC) [PSYoungGen: 155793K->85922K(175104K)] 473645K->440883K(699392K), 0.0103421 secs] [Times: user=0.16 sys=0.00, real=0.01 secs] 
2016-09-15T12:34:45.421-0400: 112.674: [GC (GCLocker Initiated GC) [PSYoungGen: 173986K->55319K(175104K)] 535265K->447257K(699392K), 0.0116713 secs] [Times: user=0.13 sys=0.00, real=0.01 secs] 
2016-09-15T12:34:45.556-0400: 112.810: [GC (GCLocker Initiated GC) [PSYoungGen: 143383K->67469K(175104K)] 541741K->466126K(699392K), 0.0170204 secs] [Times: user=0.17 sys=0.00, real=0.01 secs] 
2016-09-15T12:34:45.700-0400: 112.953: [GC (Allocation Failure) [PSYoungGen: 155533K->55579K(175104K)] 554293K->539541K(699392K), 0.0113906 secs] [Times: user=0.16 sys=0.00, real=0.01 secs] 
2016-09-15T12:34:45.711-0400: 112.965: [Full GC (Ergonomics) [PSYoungGen: 55579K->0K(175104K)] [ParOldGen: 483962K->53939K(524288K)] 539541K->53939K(699392K), [Metaspace: 44435K->44435K(1087488K)], 0.0597569 secs] [Times: user=0.39 sys=0.01, real=0.06 secs] 
2016-09-15T12:34:45.772-0400: 113.025: [GC (GCLocker Initiated GC) [PSYoungGen: 294K->96K(175104K)] 54233K->54035K(699392K), 0.0024518 secs] [Times: user=0.02 sys=0.00, real=0.00 secs] 
2016-09-15T12:34:45.853-0400: 113.106: [GC (GCLocker Initiated GC) [PSYoungGen: 88160K->86306K(175104K)] 142104K->164574K(699392K), 0.0089512 secs] [Times: user=0.13 sys=0.00, real=0.01 secs] 
2016-09-15T12:34:45.978-0400: 113.232: [GC (Allocation Failure) [PSYoungGen: 174370K->61850K(175104K)] 264937K->189446K(699392K), 0.0091434 secs] [Times: user=0.13 sys=0.01, real=0.01 secs] 
2016-09-15T12:34:46.085-0400: 113.339: [GC (GCLocker Initiated GC) [PSYoungGen: 149889K->73704K(175104K)] 283560K->250380K(699392K), 0.0098759 secs] [Times: user=0.14 sys=0.01, real=0.01 secs] 
2016-09-15T12:34:46.215-0400: 113.468: [GC (GCLocker Initiated GC) [PSYoungGen: 161768K->73936K(175104K)] 344768K->275304K(699392K), 0.0106048 secs] [Times: user=0.14 sys=0.00, real=0.01 secs] 
2016-09-15T12:34:46.356-0400: 113.610: [GC (GCLocker Initiated GC) [PSYoungGen: 162000K->37158K(175104K)] 363528K->257530K(699392K), 0.0123747 secs] [Times: user=0.13 sys=0.01, real=0.01 secs] 
2016-09-15T12:34:46.513-0400: 113.767: [GC (GCLocker Initiated GC) [PSYoungGen: 125222K->37258K(175104K)] 363939K->294311K(699392K), 0.0095477 secs] [Times: user=0.06 sys=0.00, real=0.01 secs] 
2016-09-15T12:34:46.647-0400: 113.901: [GC (GCLocker Initiated GC) [PSYoungGen: 125322K->67177K(175104K)] 382473K->324587K(699392K), 0.0107741 secs] [Times: user=0.10 sys=0.00, real=0.02 secs] 
2016-09-15T12:34:46.759-0400: 114.013: [GC (GCLocker Initiated GC) [PSYoungGen: 155241K->49835K(175104K)] 412653K->337758K(699392K), 0.0190545 secs] [Times: user=0.19 sys=0.00, real=0.02 secs] 
2016-09-15T12:34:46.888-0400: 114.141: [GC (GCLocker Initiated GC) [PSYoungGen: 137899K->49539K(175104K)] 438249K->356552K(699392K), 0.0133499 secs] [Times: user=0.12 sys=0.00, real=0.01 secs] 
2016-09-15T12:34:47.002-0400: 114.255: [GC (GCLocker Initiated GC) [PSYoungGen: 137603K->85694K(175104K)] 444641K->429472K(699392K), 0.0216891 secs] [Times: user=0.23 sys=0.00, real=0.02 secs] 
2016-09-15T12:34:47.124-0400: 114.378: [GC (GCLocker Initiated GC) [PSYoungGen: 173758K->61554K(175104K)] 523828K->484823K(699392K), 0.0118021 secs] [Times: user=0.13 sys=0.00, real=0.02 secs] 
2016-09-15T12:34:47.236-0400: 114.489: [GC (GCLocker Initiated GC) [PSYoungGen: 149618K->86018K(175104K)] 572947K->527895K(699392K), 0.0103974 secs] [Times: user=0.13 sys=0.00, real=0.00 secs] 
2016-09-15T12:34:47.370-0400: 114.623: [Full GC (Ergonomics) [PSYoungGen: 174082K->0K(175104K)] [ParOldGen: 448151K->41801K(524288K)] 622233K->41801K(699392K), [Metaspace: 44437K->44437K(1087488K)], 0.0649284 secs] [Times: user=0.36 sys=0.01, real=0.06 secs] 
2016-09-15T12:34:47.528-0400: 114.781: [GC (GCLocker Initiated GC) [PSYoungGen: 88064K->79907K(175104K)] 129871K->121714K(699392K), 0.0087341 secs] [Times: user=0.09 sys=0.00, real=0.01 secs] 
2016-09-15T12:34:47.657-0400: 114.910: [GC (GCLocker Initiated GC) [PSYoungGen: 167969K->85986K(175104K)] 210137K->165168K(699392K), 0.0094918 secs] [Times: user=0.11 sys=0.00, real=0.00 secs] 
2016-09-15T12:34:47.791-0400: 115.045: [GC (Allocation Failure) [PSYoungGen: 174050K->61426K(175104K)] 253430K->177539K(699392K), 0.0280642 secs] [Times: user=0.37 sys=0.00, real=0.03 secs] 
2016-09-15T12:34:47.918-0400: 115.172: [GC (GCLocker Initiated GC) [PSYoungGen: 148574K->73608K(175104K)] 270762K->195923K(699392K), 0.0230882 secs] [Times: user=0.27 sys=0.00, real=0.02 secs] 
2016-09-15T12:34:48.062-0400: 115.315: [GC (Allocation Failure) [PSYoungGen: 161672K->85822K(175104K)] 284024K->238873K(699392K), 0.0081420 secs] [Times: user=0.13 sys=0.00, real=0.01 secs] 
2016-09-15T12:34:48.201-0400: 115.454: [GC (GCLocker Initiated GC) [PSYoungGen: 173886K->61554K(175104K)] 326942K->269617K(699392K), 0.0078790 secs] [Times: user=0.11 sys=0.00, real=0.01 secs] 
2016-09-15T12:34:48.314-0400: 115.568: [GC (GCLocker Initiated GC) [PSYoungGen: 149618K->85986K(175104K)] 363804K->343012K(699392K), 0.0111890 secs] [Times: user=0.15 sys=0.00, real=0.01 secs] 
2016-09-15T12:34:48.439-0400: 115.693: [GC (GCLocker Initiated GC) [PSYoungGen: 174050K->67697K(175104K)] 437232K->355446K(699392K), 0.0139993 secs] [Times: user=0.10 sys=0.00, real=0.01 secs] 
2016-09-15T12:34:48.593-0400: 115.846: [GC (Allocation Failure) [PSYoungGen: 155761K->37126K(175104K)] 449910K->349751K(699392K), 0.0127213 secs] [Times: user=0.14 sys=0.00, real=0.01 secs] 
2016-09-15T12:34:48.696-0400: 115.949: [GC (GCLocker Initiated GC) [PSYoungGen: 124247K->73672K(175104K)] 442948K->392540K(699392K), 0.0099945 secs] [Times: user=0.13 sys=0.00, real=0.00 secs] 
2016-09-15T12:34:48.833-0400: 116.087: [GC (GCLocker Initiated GC) [PSYoungGen: 161736K->61458K(175104K)] 486855K->405062K(699392K), 0.0221624 secs] [Times: user=0.24 sys=0.00, real=0.02 secs] 
2016-09-15T12:34:48.985-0400: 116.238: [GC (GCLocker Initiated GC) [PSYoungGen: 149522K->73576K(175104K)] 493312K->417682K(699392K), 0.0106180 secs] [Times: user=0.13 sys=0.01, real=0.02 secs] 
2016-09-15T12:34:49.121-0400: 116.374: [GC (GCLocker Initiated GC) [PSYoungGen: 161640K->55579K(175104K)] 512025K->442697K(699392K), 0.0113750 secs] [Times: user=0.16 sys=0.00, real=0.01 secs] 
2016-09-15T12:34:49.253-0400: 116.507: [GC (GCLocker Initiated GC) [PSYoungGen: 143643K->73740K(175104K)] 537152K->467369K(699392K), 0.0101240 secs] [Times: user=0.13 sys=0.01, real=0.01 secs] 
2016-09-15T12:34:49.405-0400: 116.658: [GC (GCLocker Initiated GC) [PSYoungGen: 161804K->43233K(175104K)] 567709K->479781K(699392K), 0.0319542 secs] [Times: user=0.32 sys=0.00, real=0.04 secs] 
2016-09-15T12:34:49.557-0400: 116.810: [GC (GCLocker Initiated GC) [PSYoungGen: 131297K->73644K(175104K)] 568060K->510527K(699392K), 0.0119826 secs] [Times: user=0.10 sys=0.01, real=0.01 secs] 
2016-09-15T12:34:49.691-0400: 116.944: [GC (Allocation Failure) [PSYoungGen: 161708K->61458K(175104K)] 598660K->571773K(699392K), 0.0329090 secs] [Times: user=0.36 sys=0.00, real=0.03 secs] 
2016-09-15T12:34:49.724-0400: 116.977: [Full GC (Ergonomics) [PSYoungGen: 61458K->0K(175104K)] [ParOldGen: 510315K->52131K(524288K)] 571773K->52131K(699392K), [Metaspace: 44437K->44437K(1087488K)], 0.0831197 secs] [Times: user=0.79 sys=0.01, real=0.08 secs] 
2016-09-15T12:34:49.914-0400: 117.167: [GC (GCLocker Initiated GC) [PSYoungGen: 88064K->86274K(175104K)] 140200K->162710K(699392K), 0.0090062 secs] [Times: user=0.12 sys=0.01, real=0.01 secs] 
2016-09-15T12:34:50.034-0400: 117.287: [GC (GCLocker Initiated GC) [PSYoungGen: 174338K->85986K(175104K)] 256925K->236150K(699392K), 0.0111681 secs] [Times: user=0.16 sys=0.01, real=0.01 secs] 
2016-09-15T12:34:50.178-0400: 117.432: [GC (Allocation Failure) [PSYoungGen: 174050K->73704K(175104K)] 324407K->285290K(699392K), 0.0142339 secs] [Times: user=0.17 sys=0.00, real=0.01 secs] 
2016-09-15T12:34:50.319-0400: 117.573: [GC (GCLocker Initiated GC) [PSYoungGen: 156950K->55351K(175104K)] 374612K->328003K(699392K), 0.0108525 secs] [Times: user=0.13 sys=0.01, real=0.01 secs] 
2016-09-15T12:34:50.455-0400: 117.708: [GC (GCLocker Initiated GC) [PSYoungGen: 143415K->85658K(175104K)] 416125K->370810K(699392K), 0.0232915 secs] [Times: user=0.29 sys=0.01, real=0.03 secs] 
2016-09-15T12:34:50.577-0400: 117.830: [GC (GCLocker Initiated GC) [PSYoungGen: 173722K->79943K(175104K)] 459061K->426208K(699392K), 0.0153222 secs] [Times: user=0.20 sys=0.00, real=0.01 secs] 
2016-09-15T12:34:50.705-0400: 117.958: [GC (GCLocker Initiated GC) [PSYoungGen: 168007K->55479K(175104K)] 526515K->456819K(699392K), 0.0090568 secs] [Times: user=0.13 sys=0.00, real=0.01 secs] 
2016-09-15T12:34:50.842-0400: 118.096: [GC (GCLocker Initiated GC) [PSYoungGen: 143543K->85822K(175104K)] 545132K->493770K(699392K), 0.0101431 secs] [Times: user=0.14 sys=0.00, real=0.01 secs] 
2016-09-15T12:34:51.000-0400: 118.254: [GC (Allocation Failure) [PSYoungGen: 173886K->19096K(175104K)] 593997K->475793K(699392K), 0.0099986 secs] [Times: user=0.10 sys=0.00, real=0.01 secs] 
2016-09-15T12:34:51.011-0400: 118.264: [Full GC (Ergonomics) [PSYoungGen: 19096K->0K(175104K)] [ParOldGen: 456696K->46388K(524288K)] 475793K->46388K(699392K), [Metaspace: 44441K->44441K(1087488K)], 0.0573038 secs] [Times: user=0.33 sys=0.00, real=0.06 secs] 
2016-09-15T12:34:51.197-0400: 118.450: [GC (GCLocker Initiated GC) [PSYoungGen: 88064K->85758K(175104K)] 134452K->138222K(699392K), 0.0108704 secs] [Times: user=0.11 sys=0.01, real=0.01 secs] 
2016-09-15T12:34:51.328-0400: 118.582: [GC (GCLocker Initiated GC) [PSYoungGen: 173822K->55251K(175104K)] 232464K->193192K(699392K), 0.0153209 secs] [Times: user=0.19 sys=0.01, real=0.01 secs] 
2016-09-15T12:34:51.451-0400: 118.704: [GC (GCLocker Initiated GC) [PSYoungGen: 143315K->85922K(175104K)] 287391K->296966K(699392K), 0.0137393 secs] [Times: user=0.14 sys=0.00, real=0.01 secs] 
2016-09-15T12:34:51.582-0400: 118.835: [GC (GCLocker Initiated GC) [PSYoungGen: 173986K->55383K(175104K)] 385391K->316000K(699392K), 0.0159298 secs] [Times: user=0.20 sys=0.01, real=0.02 secs] 
2016-09-15T12:34:51.703-0400: 118.956: [GC (GCLocker Initiated GC) [PSYoungGen: 143447K->73736K(175104K)] 404275K->371157K(699392K), 0.0116121 secs] [Times: user=0.15 sys=0.00, real=0.01 secs] 
2016-09-15T12:34:51.841-0400: 119.094: [GC (Allocation Failure) [PSYoungGen: 161800K->73776K(175104K)] 465344K->395656K(699392K), 0.0211126 secs] [Times: user=0.23 sys=0.01, real=0.02 secs] 
2016-09-15T12:34:51.982-0400: 119.235: [GC (GCLocker Initiated GC) [PSYoungGen: 161105K->55383K(175104K)] 489061K->438485K(699392K), 0.0105214 secs] [Times: user=0.12 sys=0.00, real=0.01 secs] 
2016-09-15T12:34:52.127-0400: 119.380: [GC (GCLocker Initiated GC) [PSYoungGen: 143447K->43137K(175104K)] 538881K->457071K(699392K), 0.0156330 secs] [Times: user=0.17 sys=0.00, real=0.02 secs] 
2016-09-15T12:34:52.258-0400: 119.511: [GC (GCLocker Initiated GC) [PSYoungGen: 131201K->73576K(175104K)] 545260K->512047K(699392K), 0.0206248 secs] [Times: user=0.26 sys=0.00, real=0.02 secs] 
2016-09-15T12:34:52.278-0400: 119.532: [Full GC (Ergonomics) [PSYoungGen: 73576K->0K(175104K)] [ParOldGen: 438471K->52146K(524288K)] 512047K->52146K(699392K), [Metaspace: 44442K->44442K(1087488K)], 0.0641630 secs] [Times: user=0.47 sys=0.01, real=0.06 secs] 
2016-09-15T12:34:52.464-0400: 119.717: [GC (GCLocker Initiated GC) [PSYoungGen: 88064K->86406K(175104K)] 140244K->162886K(699392K), 0.0115126 secs] [Times: user=0.16 sys=0.00, real=0.01 secs] 
2016-09-15T12:34:52.588-0400: 119.841: [GC (GCLocker Initiated GC) [PSYoungGen: 174470K->43233K(175104K)] 251075K->163411K(699392K), 0.0117653 secs] [Times: user=0.15 sys=0.00, real=0.01 secs] 
2016-09-15T12:34:52.718-0400: 119.971: [GC (Allocation Failure) [PSYoungGen: 131297K->85954K(175104K)] 257675K->218698K(699392K), 0.0224020 secs] [Times: user=0.30 sys=0.00, real=0.02 secs] 
2016-09-15T12:34:52.870-0400: 120.123: [GC (GCLocker Initiated GC) [PSYoungGen: 171663K->55415K(175104K)] 310483K->249225K(699392K), 0.0098766 secs] [Times: user=0.13 sys=0.00, real=0.01 secs] 
2016-09-15T12:34:52.989-0400: 120.242: [GC (Allocation Failure) [PSYoungGen: 143479K->85890K(175104K)] 337465K->280011K(699392K), 0.0092681 secs] [Times: user=0.10 sys=0.00, real=0.01 secs] 
2016-09-15T12:34:53.111-0400: 120.364: [GC (GCLocker Initiated GC) [PSYoungGen: 173082K->43105K(175104K)] 373279K->310582K(699392K), 0.0221133 secs] [Times: user=0.26 sys=0.00, real=0.02 secs] 
2016-09-15T12:34:53.254-0400: 120.507: [GC (GCLocker Initiated GC) [PSYoungGen: 131169K->61298K(175104K)] 398710K->328927K(699392K), 0.0099332 secs] [Times: user=0.07 sys=0.00, real=0.01 secs] 
2016-09-15T12:34:53.387-0400: 120.640: [GC (Allocation Failure) [PSYoungGen: 149362K->73868K(175104K)] 417200K->360271K(699392K), 0.0084774 secs] [Times: user=0.13 sys=0.00, real=0.01 secs] 
2016-09-15T12:34:53.501-0400: 120.754: [GC (GCLocker Initiated GC) [PSYoungGen: 156357K->55707K(175104K)] 448836K->385130K(699392K), 0.0108516 secs] [Times: user=0.13 sys=0.00, real=0.01 secs] 
2016-09-15T12:34:53.647-0400: 120.900: [GC (GCLocker Initiated GC) [PSYoungGen: 143771K->74295K(175104K)] 473471K->404311K(699392K), 0.0091072 secs] [Times: user=0.15 sys=0.00, real=0.02 secs] 
2016-09-15T12:34:53.770-0400: 121.023: [GC (Allocation Failure) [PSYoungGen: 162359K->73380K(175104K)] 492635K->404111K(699392K), 0.0096474 secs] [Times: user=0.09 sys=0.00, real=0.01 secs] 
2016-09-15T12:34:53.898-0400: 121.151: [GC (GCLocker Initiated GC) [PSYoungGen: 161268K->61426K(175104K)] 498075K->440900K(699392K), 0.0091338 secs] [Times: user=0.11 sys=0.00, real=0.00 secs] 
2016-09-15T12:34:54.054-0400: 121.308: [GC (GCLocker Initiated GC) [PSYoungGen: 149490K->37290K(175104K)] 547444K->453760K(699392K), 0.0078563 secs] [Times: user=0.12 sys=0.00, real=0.01 secs] 
2016-09-15T12:34:54.207-0400: 121.460: [GC (GCLocker Initiated GC) [PSYoungGen: 125354K->73576K(175104K)] 547963K->496257K(699392K), 0.0165957 secs] [Times: user=0.20 sys=0.00, real=0.02 secs] 
2016-09-15T12:34:54.342-0400: 121.595: [GC (GCLocker Initiated GC) [PSYoungGen: 161640K->73644K(175104K)] 590583K->514833K(699392K), 0.0321914 secs] [Times: user=0.39 sys=0.00, real=0.03 secs] 
2016-09-15T12:34:54.502-0400: 121.756: [Full GC (Ergonomics) [PSYoungGen: 161708K->0K(175104K)] [ParOldGen: 453616K->52421K(524288K)] 615324K->52421K(699392K), [Metaspace: 44442K->44442K(1087488K)], 0.0615027 secs] [Times: user=0.43 sys=0.01, real=0.06 secs] 
2016-09-15T12:34:54.670-0400: 121.923: [GC (GCLocker Initiated GC) [PSYoungGen: 88064K->86014K(175104K)] 141137K->145162K(699392K), 0.0108498 secs] [Times: user=0.11 sys=0.00, real=0.01 secs] 
2016-09-15T12:34:54.820-0400: 122.074: [GC (GCLocker Initiated GC) [PSYoungGen: 174078K->61426K(175104K)] 233267K->157785K(699392K), 0.0097441 secs] [Times: user=0.12 sys=0.00, real=0.01 secs] 
2016-09-15T12:34:54.975-0400: 122.229: [GC (Allocation Failure) [PSYoungGen: 149490K->42941K(175104K)] 252066K->164010K(699392K), 0.0104733 secs] [Times: user=0.09 sys=0.00, real=0.01 secs] 
2016-09-15T12:34:55.090-0400: 122.343: [GC (GCLocker Initiated GC) [PSYoungGen: 128662K->73836K(175104K)] 255807K->261913K(699392K), 0.0146112 secs] [Times: user=0.18 sys=0.00, real=0.01 secs] 
2016-09-15T12:34:55.234-0400: 122.488: [GC (GCLocker Initiated GC) [PSYoungGen: 161900K->86317K(175104K)] 350020K->280648K(699392K), 0.0155379 secs] [Times: user=0.19 sys=0.00, real=0.02 secs] 
2016-09-15T12:34:55.351-0400: 122.604: [GC (GCLocker Initiated GC) [PSYoungGen: 174381K->43073K(175104K)] 380927K->286476K(699392K), 0.0205087 secs] [Times: user=0.17 sys=0.00, real=0.02 secs] 
2016-09-15T12:34:55.474-0400: 122.727: [GC (GCLocker Initiated GC) [PSYoungGen: 131137K->79747K(175104K)] 374705K->390292K(699392K), 0.0132457 secs] [Times: user=0.19 sys=0.00, real=0.01 secs] 
2016-09-15T12:34:55.620-0400: 122.873: [GC (Allocation Failure) [PSYoungGen: 167811K->86150K(175104K)] 478712K->439875K(699392K), 0.0148532 secs] [Times: user=0.16 sys=0.01, real=0.01 secs] 
2016-09-15T12:34:55.750-0400: 123.003: [GC (GCLocker Initiated GC) [PSYoungGen: 174143K->49276K(175104K)] 528124K->440311K(699392K), 0.0148640 secs] [Times: user=0.16 sys=0.00, real=0.01 secs] 
2016-09-15T12:34:55.898-0400: 123.151: [GC (GCLocker Initiated GC) [PSYoungGen: 137340K->61526K(175104K)] 534738K->483335K(699392K), 0.0153778 secs] [Times: user=0.11 sys=0.00, real=0.01 secs] 
2016-09-15T12:34:56.036-0400: 123.289: [GC (GCLocker Initiated GC) [PSYoungGen: 149590K->73904K(175104K)] 571597K->496319K(699392K), 0.0104935 secs] [Times: user=0.12 sys=0.00, real=0.00 secs] 
2016-09-15T12:34:56.159-0400: 123.412: [GC (GCLocker Initiated GC) [PSYoungGen: 161968K->55251K(175104K)] 590567K->520435K(699392K), 0.0148498 secs] [Times: user=0.19 sys=0.00, real=0.01 secs] 
2016-09-15T12:34:56.174-0400: 123.427: [Full GC (Ergonomics) [PSYoungGen: 55251K->0K(175104K)] [ParOldGen: 465184K->46180K(524288K)] 520435K->46180K(699392K), [Metaspace: 44442K->44442K(1087488K)], 0.0572255 secs] [Times: user=0.34 sys=0.01, real=0.06 secs] 
2016-09-15T12:34:56.335-0400: 123.588: [GC (Allocation Failure) [PSYoungGen: 88064K->74971K(175104K)] 146537K->133445K(699392K), 0.0087037 secs] [Times: user=0.12 sys=0.00, real=0.01 secs] 
2016-09-15T12:34:56.458-0400: 123.711: [GC (GCLocker Initiated GC) [PSYoungGen: 163035K->85954K(175104K)] 221514K->169904K(699392K), 0.0100440 secs] [Times: user=0.14 sys=0.00, real=0.01 secs] 
2016-09-15T12:34:56.608-0400: 123.861: [GC (GCLocker Initiated GC) [PSYoungGen: 174018K->85854K(175104K)] 264141K->212890K(699392K), 0.0096401 secs] [Times: user=0.14 sys=0.00, real=0.01 secs] 
2016-09-15T12:34:56.730-0400: 123.983: [GC (GCLocker Initiated GC) [PSYoungGen: 173918K->85822K(175104K)] 301283K->268201K(699392K), 0.0103877 secs] [Times: user=0.14 sys=0.00, real=0.01 secs] 
2016-09-15T12:34:56.889-0400: 124.142: [GC (Allocation Failure) [PSYoungGen: 173886K->30695K(175104K)] 362971K->256490K(699392K), 0.0077178 secs] [Times: user=0.06 sys=0.00, real=0.01 secs] 
2016-09-15T12:34:57.019-0400: 124.273: [GC (GCLocker Initiated GC) [PSYoungGen: 115847K->61134K(175104K)] 347717K->293091K(699392K), 0.0142908 secs] [Times: user=0.13 sys=0.01, real=0.01 secs] 
2016-09-15T12:34:57.143-0400: 124.396: [GC (GCLocker Initiated GC) [PSYoungGen: 149198K->73740K(175104K)] 381293K->324196K(699392K), 0.0126955 secs] [Times: user=0.12 sys=0.00, real=0.02 secs] 
2016-09-15T12:34:57.276-0400: 124.530: [GC (GCLocker Initiated GC) [PSYoungGen: 161804K->67537K(175104K)] 412358K->354989K(699392K), 0.0569199 secs] [Times: user=0.65 sys=0.01, real=0.05 secs] 
2016-09-15T12:34:57.437-0400: 124.690: [GC (GCLocker Initiated GC) [PSYoungGen: 155601K->67405K(175104K)] 443116K->379652K(699392K), 0.0143940 secs] [Times: user=0.15 sys=0.00, real=0.01 secs] 
2016-09-15T12:34:57.592-0400: 124.846: [GC (GCLocker Initiated GC) [PSYoungGen: 155469K->37130K(175104K)] 480205K->392508K(699392K), 0.0119166 secs] [Times: user=0.10 sys=0.00, real=0.01 secs] 
2016-09-15T12:34:57.727-0400: 124.980: [GC (GCLocker Initiated GC) [PSYoungGen: 125194K->55191K(175104K)] 486998K->435495K(699392K), 0.0243170 secs] [Times: user=0.26 sys=0.01, real=0.03 secs] 
2016-09-15T12:34:57.863-0400: 125.117: [GC (GCLocker Initiated GC) [PSYoungGen: 143255K->73576K(175104K)] 523774K->478515K(699392K), 0.0165369 secs] [Times: user=0.20 sys=0.00, real=0.02 secs] 
2016-09-15T12:34:58.004-0400: 125.257: [GC (GCLocker Initiated GC) [PSYoungGen: 161640K->67729K(175104K)] 572987K->528015K(699392K), 0.0119573 secs] [Times: user=0.14 sys=0.00, real=0.02 secs] 
2016-09-15T12:34:58.016-0400: 125.269: [Full GC (Ergonomics) [PSYoungGen: 67729K->0K(175104K)] [ParOldGen: 460286K->52880K(524288K)] 528015K->52880K(699392K), [Metaspace: 44459K->44459K(1087488K)], 0.0639645 secs] [Times: user=0.41 sys=0.01, real=0.06 secs] 
2016-09-15T12:34:58.215-0400: 125.469: [GC (GCLocker Initiated GC) [PSYoungGen: 88064K->86210K(175104K)] 147297K->151518K(699392K), 0.0216244 secs] [Times: user=0.27 sys=0.01, real=0.03 secs] 
2016-09-15T12:34:58.373-0400: 125.627: [GC (GCLocker Initiated GC) [PSYoungGen: 174274K->37158K(175104K)] 252020K->188547K(699392K), 0.0118903 secs] [Times: user=0.14 sys=0.00, real=0.01 secs] 
2016-09-15T12:34:58.503-0400: 125.756: [GC (GCLocker Initiated GC) [PSYoungGen: 125222K->73804K(175104K)] 282890K->231592K(699392K), 0.0092473 secs] [Times: user=0.09 sys=0.01, real=0.01 secs] 
2016-09-15T12:34:58.657-0400: 125.910: [GC (GCLocker Initiated GC) [PSYoungGen: 161868K->55383K(175104K)] 325914K->237977K(699392K), 0.0078086 secs] [Times: user=0.10 sys=0.00, real=0.00 secs] 
2016-09-15T12:34:58.792-0400: 126.046: [GC (Allocation Failure) [PSYoungGen: 143447K->55647K(175104K)] 326122K->256651K(699392K), 0.0184897 secs] [Times: user=0.21 sys=0.00, real=0.02 secs] 
2016-09-15T12:34:58.908-0400: 126.161: [GC (GCLocker Initiated GC) [PSYoungGen: 138658K->73836K(175104K)] 345737K->329847K(699392K), 0.0100713 secs] [Times: user=0.16 sys=0.00, real=0.01 secs] 
2016-09-15T12:34:59.032-0400: 126.285: [GC (GCLocker Initiated GC) [PSYoungGen: 161899K->73608K(175104K)] 418276K->348526K(699392K), 0.0089839 secs] [Times: user=0.13 sys=0.00, real=0.01 secs] 
2016-09-15T12:34:59.152-0400: 126.405: [GC (GCLocker Initiated GC) [PSYoungGen: 161672K->86182K(175104K)] 436653K->385803K(699392K), 0.0098125 secs] [Times: user=0.13 sys=0.00, real=0.01 secs] 
2016-09-15T12:34:59.307-0400: 126.561: [GC (GCLocker Initiated GC) [PSYoungGen: 174246K->37126K(175104K)] 480274K->380215K(699392K), 0.0081946 secs] [Times: user=0.10 sys=0.00, real=0.02 secs] 
2016-09-15T12:34:59.458-0400: 126.712: [GC (GCLocker Initiated GC) [PSYoungGen: 125190K->73544K(175104K)] 486568K->435206K(699392K), 0.0094852 secs] [Times: user=0.11 sys=0.00, real=0.01 secs] 
2016-09-15T12:34:59.606-0400: 126.859: [GC (Allocation Failure) [PSYoungGen: 161608K->73836K(175104K)] 535568K->490628K(699392K), 0.0100010 secs] [Times: user=0.13 sys=0.00, real=0.02 secs] 
2016-09-15T12:34:59.758-0400: 127.012: [GC (Allocation Failure) [PSYoungGen: 157711K->24716K(175104K)] 574504K->502582K(699392K), 0.0084808 secs] [Times: user=0.09 sys=0.00, real=0.00 secs] 
2016-09-15T12:34:59.767-0400: 127.020: [Full GC (Ergonomics) [PSYoungGen: 24716K->0K(175104K)] [ParOldGen: 477866K->34434K(524288K)] 502582K->34434K(699392K), [Metaspace: 44464K->44464K(1087488K)], 0.0615562 secs] [Times: user=0.47 sys=0.02, real=0.07 secs] 
2016-09-15T12:34:59.952-0400: 127.205: [GC (GCLocker Initiated GC) [PSYoungGen: 88064K->86178K(175104K)] 122504K->126693K(699392K), 0.0087178 secs] [Times: user=0.10 sys=0.01, real=0.01 secs] 
2016-09-15T12:35:00.081-0400: 127.334: [GC (GCLocker Initiated GC) [PSYoungGen: 174242K->73508K(175104K)] 214805K->151249K(699392K), 0.0125920 secs] [Times: user=0.18 sys=0.00, real=0.01 secs] 
2016-09-15T12:35:00.225-0400: 127.478: [GC (Allocation Failure) [PSYoungGen: 161572K->74100K(175104K)] 245462K->158118K(699392K), 0.0101154 secs] [Times: user=0.10 sys=0.00, real=0.01 secs] 
2016-09-15T12:35:00.328-0400: 127.582: [GC (GCLocker Initiated GC) [PSYoungGen: 162164K->73380K(175104K)] 246188K->175929K(699392K), 0.0140616 secs] [Times: user=0.16 sys=0.00, real=0.01 secs] 
2016-09-15T12:35:00.459-0400: 127.712: [GC (GCLocker Initiated GC) [PSYoungGen: 161441K->55451K(175104K)] 276501K->188855K(699392K), 0.0180749 secs] [Times: user=0.18 sys=0.00, real=0.02 secs] 
2016-09-15T12:35:00.600-0400: 127.853: [GC (GCLocker Initiated GC) [PSYoungGen: 143515K->49280K(175104K)] 276922K->182946K(699392K), 0.0104077 secs] [Times: user=0.06 sys=0.00, real=0.01 secs] 
2016-09-15T12:35:00.744-0400: 127.997: [GC (GCLocker Initiated GC) [PSYoungGen: 137344K->55091K(175104K)] 277729K->207886K(699392K), 0.0266809 secs] [Times: user=0.28 sys=0.00, real=0.03 secs] 
2016-09-15T12:35:00.901-0400: 128.155: [GC (GCLocker Initiated GC) [PSYoungGen: 143155K->55027K(175104K)] 302614K->232807K(699392K), 0.0238934 secs] [Times: user=0.25 sys=0.00, real=0.02 secs] 
2016-09-15T12:35:01.057-0400: 128.310: [GC (GCLocker Initiated GC) [PSYoungGen: 143091K->30859K(175104K)] 327301K->281990K(699392K), 0.0197631 secs] [Times: user=0.21 sys=0.00, real=0.02 secs] 
2016-09-15T12:35:01.206-0400: 128.459: [GC (GCLocker Initiated GC) [PSYoungGen: 118923K->85922K(175104K)] 376289K->355729K(699392K), 0.0118857 secs] [Times: user=0.13 sys=0.00, real=0.02 secs] 
2016-09-15T12:35:01.360-0400: 128.613: [GC (Allocation Failure) [PSYoungGen: 173986K->61166K(175104K)] 443825K->373985K(699392K), 0.0220052 secs] [Times: user=0.25 sys=0.00, real=0.02 secs] 
2016-09-15T12:35:01.511-0400: 128.764: [GC (GCLocker Initiated GC) [PSYoungGen: 149230K->61362K(175104K)] 462056K->398600K(699392K), 0.0223896 secs] [Times: user=0.22 sys=0.00, real=0.02 secs] 
2016-09-15T12:35:01.681-0400: 128.934: [GC (GCLocker Initiated GC) [PSYoungGen: 149426K->55219K(175104K)] 493171K->417512K(699392K), 0.0103441 secs] [Times: user=0.12 sys=0.00, real=0.01 secs] 
2016-09-15T12:35:01.815-0400: 129.068: [GC (GCLocker Initiated GC) [PSYoungGen: 143283K->85794K(175104K)] 511687K->460385K(699392K), 0.0150601 secs] [Times: user=0.21 sys=0.00, real=0.02 secs] 
2016-09-15T12:35:01.921-0400: 129.174: [GC (GCLocker Initiated GC) [PSYoungGen: 173854K->73868K(175104K)] 548806K->503818K(699392K), 0.0206734 secs] [Times: user=0.25 sys=0.01, real=0.02 secs] 
2016-09-15T12:35:02.041-0400: 129.294: [GC (GCLocker Initiated GC) [PSYoungGen: 161932K->85790K(175104K)] 591958K->570963K(699392K), 0.0326907 secs] [Times: user=0.42 sys=0.00, real=0.03 secs] 
2016-09-15T12:35:02.074-0400: 129.327: [Full GC (Ergonomics) [PSYoungGen: 85790K->0K(175104K)] [ParOldGen: 485173K->59092K(524288K)] 570963K->59092K(699392K), [Metaspace: 44464K->44464K(1087488K)], 0.0602549 secs] [Times: user=0.40 sys=0.00, real=0.06 secs] 
2016-09-15T12:35:02.250-0400: 129.503: [GC (GCLocker Initiated GC) [PSYoungGen: 88064K->86242K(175104K)] 147483K->176037K(699392K), 0.0103018 secs] [Times: user=0.15 sys=0.00, real=0.01 secs] 
2016-09-15T12:35:02.380-0400: 129.633: [GC (GCLocker Initiated GC) [PSYoungGen: 174306K->61522K(175104K)] 264182K->225002K(699392K), 0.0124885 secs] [Times: user=0.16 sys=0.02, real=0.01 secs] 
2016-09-15T12:35:02.491-0400: 129.745: [GC (GCLocker Initiated GC) [PSYoungGen: 149586K->73704K(175104K)] 313180K->310342K(699392K), 0.0121170 secs] [Times: user=0.17 sys=0.00, real=0.01 secs] 
2016-09-15T12:35:02.622-0400: 129.875: [GC (GCLocker Initiated GC) [PSYoungGen: 161768K->86018K(175104K)] 398622K->335337K(699392K), 0.0100108 secs] [Times: user=0.12 sys=0.00, real=0.01 secs] 
2016-09-15T12:35:02.754-0400: 130.008: [GC (GCLocker Initiated GC) [PSYoungGen: 174082K->67401K(175104K)] 423460K->371926K(699392K), 0.0163773 secs] [Times: user=0.23 sys=0.01, real=0.02 secs] 
2016-09-15T12:35:02.879-0400: 130.132: [GC (GCLocker Initiated GC) [PSYoungGen: 155465K->86050K(175104K)] 460060K->439396K(699392K), 0.0101270 secs] [Times: user=0.14 sys=0.00, real=0.01 secs] 
2016-09-15T12:35:03.048-0400: 130.302: [GC (GCLocker Initiated GC) [PSYoungGen: 174114K->31278K(175104K)] 545907K->464285K(699392K), 0.0153393 secs] [Times: user=0.16 sys=0.00, real=0.01 secs] 
2016-09-15T12:35:03.064-0400: 130.317: [Full GC (Ergonomics) [PSYoungGen: 31278K->0K(175104K)] [ParOldGen: 433006K->52524K(524288K)] 464285K->52524K(699392K), [Metaspace: 44464K->44464K(1087488K)], 0.0609226 secs] [Times: user=0.38 sys=0.00, real=0.06 secs] 
2016-09-15T12:35:03.270-0400: 130.523: [GC (Allocation Failure) [PSYoungGen: 88064K->85822K(175104K)] 140943K->163002K(699392K), 0.0097934 secs] [Times: user=0.11 sys=0.00, real=0.01 secs] 
2016-09-15T12:35:03.410-0400: 130.664: [GC (GCLocker Initiated GC) [PSYoungGen: 173886K->49308K(175104K)] 257141K->205778K(699392K), 0.0324971 secs] [Times: user=0.40 sys=0.00, real=0.03 secs] 
2016-09-15T12:35:03.555-0400: 130.808: [GC (GCLocker Initiated GC) [PSYoungGen: 137372K->73736K(175104K)] 293873K->230356K(699392K), 0.0231382 secs] [Times: user=0.29 sys=0.00, real=0.03 secs] 
2016-09-15T12:35:03.698-0400: 130.951: [GC (GCLocker Initiated GC) [PSYoungGen: 161800K->67565K(175104K)] 324666K->297556K(699392K), 0.0118527 secs] [Times: user=0.16 sys=0.00, real=0.01 secs] 
2016-09-15T12:35:03.836-0400: 131.090: [GC (GCLocker Initiated GC) [PSYoungGen: 155629K->73868K(175104K)] 385836K->322608K(699392K), 0.0082156 secs] [Times: user=0.12 sys=0.00, real=0.00 secs] 
2016-09-15T12:35:03.949-0400: 131.203: [GC (GCLocker Initiated GC) [PSYoungGen: 161932K->85986K(175104K)] 411027K->377774K(699392K), 0.0122625 secs] [Times: user=0.19 sys=0.01, real=0.01 secs] 
2016-09-15T12:35:04.106-0400: 131.359: [GC (GCLocker Initiated GC) [PSYoungGen: 174047K->55283K(175104K)] 478341K->396490K(699392K), 0.0097289 secs] [Times: user=0.14 sys=0.00, real=0.01 secs] 
2016-09-15T12:35:04.248-0400: 131.502: [GC (GCLocker Initiated GC) [PSYoungGen: 143347K->55287K(175104K)] 484684K->396751K(699392K), 0.0117115 secs] [Times: user=0.15 sys=0.01, real=0.01 secs] 
2016-09-15T12:35:04.408-0400: 131.661: [GC (GCLocker Initiated GC) [PSYoungGen: 143351K->79651K(175104K)] 484839K->421415K(699392K), 0.0099981 secs] [Times: user=0.09 sys=0.00, real=0.02 secs] 
2016-09-15T12:35:04.530-0400: 131.783: [GC (GCLocker Initiated GC) [PSYoungGen: 167715K->85626K(175104K)] 509589K->470317K(699392K), 0.0201068 secs] [Times: user=0.21 sys=0.00, real=0.02 secs] 
2016-09-15T12:35:04.676-0400: 131.929: [GC (GCLocker Initiated GC) [PSYoungGen: 173690K->55319K(175104K)] 564486K->494835K(699392K), 0.0101543 secs] [Times: user=0.10 sys=0.00, real=0.01 secs] 
2016-09-15T12:35:04.686-0400: 131.939: [Full GC (Ergonomics) [PSYoungGen: 55319K->0K(175104K)] [ParOldGen: 439516K->52850K(524288K)] 494835K->52850K(699392K), [Metaspace: 44465K->44465K(1087488K)], 0.0711267 secs] [Times: user=0.47 sys=0.00, real=0.08 secs] 
2016-09-15T12:35:04.867-0400: 132.120: [GC (GCLocker Initiated GC) [PSYoungGen: 88064K->85886K(175104K)] 140939K->150911K(699392K), 0.0209129 secs] [Times: user=0.20 sys=0.01, real=0.03 secs] 
2016-09-15T12:35:05.006-0400: 132.260: [GC (GCLocker Initiated GC) [PSYoungGen: 173950K->73608K(175104K)] 251184K->218402K(699392K), 0.0248682 secs] [Times: user=0.29 sys=0.00, real=0.03 secs] 
2016-09-15T12:35:05.147-0400: 132.400: [GC (GCLocker Initiated GC) [PSYoungGen: 161672K->61394K(175104K)] 306506K->255120K(699392K), 0.0175177 secs] [Times: user=0.19 sys=0.01, real=0.02 secs] 
2016-09-15T12:35:05.286-0400: 132.539: [GC (GCLocker Initiated GC) [PSYoungGen: 149458K->85858K(175104K)] 343281K->304109K(699392K), 0.0173380 secs] [Times: user=0.20 sys=0.00, real=0.02 secs] 
2016-09-15T12:35:05.434-0400: 132.687: [GC (GCLocker Initiated GC) [PSYoungGen: 173922K->49276K(175104K)] 392619K->316896K(699392K), 0.0117540 secs] [Times: user=0.14 sys=0.01, real=0.01 secs] 
2016-09-15T12:35:05.574-0400: 132.828: [GC (GCLocker Initiated GC) [PSYoungGen: 137340K->73380K(175104K)] 405397K->341712K(699392K), 0.0102642 secs] [Times: user=0.10 sys=0.00, real=0.01 secs] 
2016-09-15T12:35:05.710-0400: 132.964: [GC (Allocation Failure) [PSYoungGen: 161444K->49344K(175104K)] 436033K->396984K(699392K), 0.0141183 secs] [Times: user=0.18 sys=0.00, real=0.01 secs] 
2016-09-15T12:35:05.861-0400: 133.114: [GC (GCLocker Initiated GC) [PSYoungGen: 133038K->55383K(175104K)] 486753K->409554K(699392K), 0.0099521 secs] [Times: user=0.15 sys=0.00, real=0.01 secs] 
2016-09-15T12:35:06.010-0400: 133.263: [GC (GCLocker Initiated GC) [PSYoungGen: 143447K->55483K(175104K)] 510095K->422439K(699392K), 0.0208046 secs] [Times: user=0.22 sys=0.01, real=0.02 secs] 
2016-09-15T12:35:06.129-0400: 133.382: [GC (Allocation Failure) [PSYoungGen: 143547K->67629K(175104K)] 510696K->477618K(699392K), 0.0158998 secs] [Times: user=0.20 sys=0.01, real=0.01 secs] 
2016-09-15T12:35:06.264-0400: 133.517: [GC (GCLocker Initiated GC) [PSYoungGen: 155693K->62013K(175104K)] 565688K->526811K(699392K), 0.0133397 secs] [Times: user=0.15 sys=0.01, real=0.02 secs] 
2016-09-15T12:35:06.277-0400: 133.530: [Full GC (Ergonomics) [PSYoungGen: 62013K->0K(175104K)] [ParOldGen: 464797K->46791K(524288K)] 526811K->46791K(699392K), [Metaspace: 44476K->44476K(1087488K)], 0.0648998 secs] [Times: user=0.49 sys=0.01, real=0.06 secs] 
2016-09-15T12:35:06.489-0400: 133.742: [GC (GCLocker Initiated GC) [PSYoungGen: 88064K->86210K(175104K)] 141016K->145237K(699392K), 0.0084189 secs] [Times: user=0.11 sys=0.00, real=0.01 secs] 
2016-09-15T12:35:06.624-0400: 133.878: [GC (GCLocker Initiated GC) [PSYoungGen: 174274K->79615K(175104K)] 233494K->181923K(699392K), 0.0208537 secs] [Times: user=0.22 sys=0.01, real=0.02 secs] 
2016-09-15T12:35:06.780-0400: 134.034: [GC (GCLocker Initiated GC) [PSYoungGen: 167679K->43205K(175104K)] 276103K->151732K(699392K), 0.0071904 secs] [Times: user=0.06 sys=0.00, real=0.00 secs] 
2016-09-15T12:35:06.901-0400: 134.154: [GC (GCLocker Initiated GC) [PSYoungGen: 131269K->43073K(175104K)] 252130K->182426K(699392K), 0.0101098 secs] [Times: user=0.07 sys=0.00, real=0.01 secs] 
2016-09-15T12:35:07.026-0400: 134.279: [GC (GCLocker Initiated GC) [PSYoungGen: 131137K->86054K(175104K)] 270538K->249899K(699392K), 0.0170351 secs] [Times: user=0.20 sys=0.00, real=0.02 secs] 
2016-09-15T12:35:07.178-0400: 134.432: [GC (GCLocker Initiated GC) [PSYoungGen: 174118K->24816K(175104K)] 350171K->237562K(699392K), 0.0161963 secs] [Times: user=0.14 sys=0.01, real=0.01 secs] 
2016-09-15T12:35:07.305-0400: 134.558: [GC (GCLocker Initiated GC) [PSYoungGen: 112880K->61490K(175104K)] 332046K->317257K(699392K), 0.0195651 secs] [Times: user=0.20 sys=0.00, real=0.02 secs] 
2016-09-15T12:35:07.465-0400: 134.718: [GC (GCLocker Initiated GC) [PSYoungGen: 149554K->73708K(175104K)] 411673K->354140K(699392K), 0.0150446 secs] [Times: user=0.14 sys=0.00, real=0.02 secs] 
2016-09-15T12:35:07.607-0400: 134.860: [GC (GCLocker Initiated GC) [PSYoungGen: 161772K->73316K(175104K)] 448304K->360131K(699392K), 0.0123499 secs] [Times: user=0.13 sys=0.00, real=0.02 secs] 
2016-09-15T12:35:07.741-0400: 134.994: [GC (GCLocker Initiated GC) [PSYoungGen: 161380K->74032K(175104K)] 454508K->415927K(699392K), 0.0145025 secs] [Times: user=0.20 sys=0.00, real=0.01 secs] 
2016-09-15T12:35:07.874-0400: 135.127: [GC (GCLocker Initiated GC) [PSYoungGen: 162096K->73804K(175104K)] 504156K->434397K(699392K), 0.0170985 secs] [Times: user=0.22 sys=0.00, real=0.02 secs] 
2016-09-15T12:35:08.033-0400: 135.287: [GC (GCLocker Initiated GC) [PSYoungGen: 161868K->85790K(175104K)] 528891K->477421K(699392K), 0.0103189 secs] [Times: user=0.10 sys=0.00, real=0.01 secs] 
2016-09-15T12:35:08.175-0400: 135.428: [GC (GCLocker Initiated GC) [PSYoungGen: 173854K->37194K(175104K)] 571564K->434991K(699392K), 0.0280954 secs] [Times: user=0.30 sys=0.00, real=0.03 secs] 
2016-09-15T12:35:08.301-0400: 135.554: [GC (GCLocker Initiated GC) [PSYoungGen: 125258K->79523K(175104K)] 523080K->495829K(699392K), 0.0188919 secs] [Times: user=0.21 sys=0.00, real=0.02 secs] 
2016-09-15T12:35:08.431-0400: 135.685: [GC (Allocation Failure) [PSYoungGen: 167587K->67565K(175104K)] 583997K->557199K(699392K), 0.0222126 secs] [Times: user=0.21 sys=0.00, real=0.02 secs] 
2016-09-15T12:35:08.454-0400: 135.707: [Full GC (Ergonomics) [PSYoungGen: 67565K->0K(175104K)] [ParOldGen: 489633K->59068K(524288K)] 557199K->59068K(699392K), [Metaspace: 44480K->44480K(1087488K)], 0.0642502 secs] [Times: user=0.38 sys=0.00, real=0.07 secs] 
2016-09-15T12:35:08.632-0400: 135.886: [GC (GCLocker Initiated GC) [PSYoungGen: 85196K->86470K(175104K)] 150340K->175913K(699392K), 0.0091179 secs] [Times: user=0.13 sys=0.00, real=0.01 secs] 
2016-09-15T12:35:08.765-0400: 136.019: [GC (GCLocker Initiated GC) [PSYoungGen: 174534K->24748K(175104K)] 270150K->212412K(699392K), 0.0254496 secs] [Times: user=0.28 sys=0.00, real=0.03 secs] 
2016-09-15T12:35:08.905-0400: 136.159: [GC (GCLocker Initiated GC) [PSYoungGen: 112812K->73968K(175104K)] 306912K->286445K(699392K), 0.0222420 secs] [Times: user=0.29 sys=0.00, real=0.03 secs] 
2016-09-15T12:35:09.053-0400: 136.306: [GC (GCLocker Initiated GC) [PSYoungGen: 162029K->73672K(175104K)] 374868K->305698K(699392K), 0.0121542 secs] [Times: user=0.17 sys=0.01, real=0.01 secs] 
2016-09-15T12:35:09.202-0400: 136.455: [GC (Allocation Failure) [PSYoungGen: 161736K->37386K(175104K)] 406111K->300073K(699392K), 0.0101206 secs] [Times: user=0.14 sys=0.00, real=0.01 secs] 
2016-09-15T12:35:09.329-0400: 136.583: [GC (GCLocker Initiated GC) [PSYoungGen: 121044K->55319K(175104K)] 389807K->324365K(699392K), 0.0122994 secs] [Times: user=0.12 sys=0.01, real=0.01 secs] 
2016-09-15T12:35:09.459-0400: 136.712: [GC (GCLocker Initiated GC) [PSYoungGen: 143383K->85662K(175104K)] 412471K->385220K(699392K), 0.0124685 secs] [Times: user=0.15 sys=0.00, real=0.01 secs] 
2016-09-15T12:35:09.604-0400: 136.857: [GC (GCLocker Initiated GC) [PSYoungGen: 173726K->67761K(175104K)] 479547K->446789K(699392K), 0.0258381 secs] [Times: user=0.28 sys=0.00, real=0.03 secs] 
2016-09-15T12:35:09.765-0400: 137.018: [GC (GCLocker Initiated GC) [PSYoungGen: 155825K->55807K(175104K)] 535113K->490218K(699392K), 0.0114355 secs] [Times: user=0.12 sys=0.00, real=0.02 secs] 
2016-09-15T12:35:09.777-0400: 137.030: [Full GC (Ergonomics) [PSYoungGen: 55807K->0K(175104K)] [ParOldGen: 434411K->53072K(524288K)] 490218K->53072K(699392K), [Metaspace: 44485K->44485K(1087488K)], 0.0710681 secs] [Times: user=0.45 sys=0.02, real=0.07 secs] 
2016-09-15T12:35:09.984-0400: 137.238: [GC (GCLocker Initiated GC) [PSYoungGen: 88064K->55874K(175104K)] 153405K->121216K(699392K), 0.0134047 secs] [Times: user=0.17 sys=0.00, real=0.02 secs] 
2016-09-15T12:35:10.125-0400: 137.379: [GC (GCLocker Initiated GC) [PSYoungGen: 143938K->85790K(175104K)] 209299K->175750K(699392K), 0.0119119 secs] [Times: user=0.15 sys=0.00, real=0.02 secs] 
2016-09-15T12:35:10.264-0400: 137.517: [GC (GCLocker Initiated GC) [PSYoungGen: 173854K->73444K(175104K)] 263951K->218515K(699392K), 0.0106192 secs] [Times: user=0.11 sys=0.00, real=0.01 secs] 
2016-09-15T12:35:10.389-0400: 137.643: [GC (GCLocker Initiated GC) [PSYoungGen: 161508K->73804K(175104K)] 306947K->219370K(699392K), 0.0221420 secs] [Times: user=0.27 sys=0.00, real=0.02 secs] 
2016-09-15T12:35:10.536-0400: 137.789: [GC (GCLocker Initiated GC) [PSYoungGen: 161867K->55387K(175104K)] 319934K->231953K(699392K), 0.0189624 secs] [Times: user=0.19 sys=0.00, real=0.01 secs] 
2016-09-15T12:35:10.677-0400: 137.930: [GC (GCLocker Initiated GC) [PSYoungGen: 143451K->42973K(175104K)] 320071K->250072K(699392K), 0.0105527 secs] [Times: user=0.09 sys=0.00, real=0.01 secs] 
2016-09-15T12:35:10.830-0400: 138.084: [GC (GCLocker Initiated GC) [PSYoungGen: 131037K->49440K(175104K)] 344264K->281027K(699392K), 0.0095113 secs] [Times: user=0.08 sys=0.00, real=0.01 secs] 
2016-09-15T12:35:10.987-0400: 138.240: [GC (Allocation Failure) [PSYoungGen: 137504K->37094K(175104K)] 381585K->318221K(699392K), 0.0189843 secs] [Times: user=0.17 sys=0.01, real=0.02 secs] 
2016-09-15T12:35:11.118-0400: 138.371: [GC (GCLocker Initiated GC) [PSYoungGen: 125158K->55515K(175104K)] 406291K->336759K(699392K), 0.0156131 secs] [Times: user=0.19 sys=0.00, real=0.01 secs] 
2016-09-15T12:35:11.271-0400: 138.524: [GC (Allocation Failure) [PSYoungGen: 143579K->31118K(175104K)] 431576K->355841K(699392K), 0.0113310 secs] [Times: user=0.13 sys=0.01, real=0.01 secs] 
2016-09-15T12:35:11.402-0400: 138.655: [GC (GCLocker Initiated GC) [PSYoungGen: 115900K->55219K(175104K)] 446697K->386456K(699392K), 0.0065344 secs] [Times: user=0.08 sys=0.00, real=0.01 secs] 
2016-09-15T12:35:11.519-0400: 138.772: [GC (GCLocker Initiated GC) [PSYoungGen: 143283K->85954K(175104K)] 474702K->472199K(699392K), 0.0182849 secs] [Times: user=0.25 sys=0.01, real=0.02 secs] 
2016-09-15T12:35:11.650-0400: 138.903: [GC (GCLocker Initiated GC) [PSYoungGen: 174018K->67665K(175104K)] 560289K->521061K(699392K), 0.0300257 secs] [Times: user=0.34 sys=0.00, real=0.03 secs] 
2016-09-15T12:35:11.680-0400: 138.933: [Full GC (Ergonomics) [PSYoungGen: 67665K->0K(175104K)] [ParOldGen: 453396K->53386K(524288K)] 521061K->53386K(699392K), [Metaspace: 44485K->44485K(1087488K)], 0.0622700 secs] [Times: user=0.43 sys=0.01, real=0.06 secs] 
2016-09-15T12:35:11.867-0400: 139.120: [GC (GCLocker Initiated GC) [PSYoungGen: 88064K->86434K(175104K)] 147651K->152096K(699392K), 0.0098754 secs] [Times: user=0.11 sys=0.00, real=0.02 secs] 
2016-09-15T12:35:11.987-0400: 139.241: [GC (GCLocker Initiated GC) [PSYoungGen: 174498K->49408K(175104K)] 240487K->189445K(699392K), 0.0215669 secs] [Times: user=0.29 sys=0.01, real=0.03 secs] 
2016-09-15T12:35:12.116-0400: 139.369: [GC (GCLocker Initiated GC) [PSYoungGen: 137472K->85790K(175104K)] 289701K->274597K(699392K), 0.0119906 secs] [Times: user=0.14 sys=0.00, real=0.01 secs] 
2016-09-15T12:35:12.252-0400: 139.505: [GC (GCLocker Initiated GC) [PSYoungGen: 173854K->31246K(175104K)] 368847K->305343K(699392K), 0.0108361 secs] [Times: user=0.12 sys=0.00, real=0.01 secs] 
2016-09-15T12:35:12.373-0400: 139.626: [GC (GCLocker Initiated GC) [PSYoungGen: 119310K->85854K(175104K)] 393605K->366539K(699392K), 0.0098634 secs] [Times: user=0.12 sys=0.00, real=0.01 secs] 
2016-09-15T12:35:12.502-0400: 139.756: [GC (GCLocker Initiated GC) [PSYoungGen: 173918K->61590K(175104K)] 460926K->403409K(699392K), 0.0132725 secs] [Times: user=0.15 sys=0.00, real=0.01 secs] 
2016-09-15T12:35:12.660-0400: 139.913: [GC (GCLocker Initiated GC) [PSYoungGen: 149654K->61494K(175104K)] 491755K->440125K(699392K), 0.0223529 secs] [Times: user=0.20 sys=0.00, real=0.02 secs] 
2016-09-15T12:35:12.796-0400: 140.050: [GC (GCLocker Initiated GC) [PSYoungGen: 149558K->85790K(175104K)] 528231K->476904K(699392K), 0.0136781 secs] [Times: user=0.14 sys=0.00, real=0.01 secs] 
2016-09-15T12:35:12.934-0400: 140.187: [GC (Allocation Failure) [PSYoungGen: 173854K->37162K(175104K)] 571068K->501305K(699392K), 0.0335559 secs] [Times: user=0.38 sys=0.00, real=0.04 secs] 
2016-09-15T12:35:12.968-0400: 140.221: [Full GC (Ergonomics) [PSYoungGen: 37162K->0K(175104K)] [ParOldGen: 464143K->53515K(524288K)] 501305K->53515K(699392K), [Metaspace: 44485K->44485K(1087488K)], 0.0606245 secs] [Times: user=0.37 sys=0.01, real=0.06 secs] 
2016-09-15T12:35:13.126-0400: 140.379: [GC (GCLocker Initiated GC) [PSYoungGen: 83559K->73864K(175104K)] 143149K->133455K(699392K), 0.0095283 secs] [Times: user=0.13 sys=0.00, real=0.02 secs] 
2016-09-15T12:35:13.244-0400: 140.498: [GC (Allocation Failure) [PSYoungGen: 161928K->73868K(175104K)] 227943K->195138K(699392K), 0.0099608 secs] [Times: user=0.15 sys=0.00, real=0.01 secs] 
2016-09-15T12:35:13.394-0400: 140.647: [GC (GCLocker Initiated GC) [PSYoungGen: 161932K->37094K(175104K)] 283207K->177050K(699392K), 0.0079147 secs] [Times: user=0.11 sys=0.00, real=0.01 secs] 
2016-09-15T12:35:13.497-0400: 140.751: [GC (GCLocker Initiated GC) [PSYoungGen: 125158K->85790K(175104K)] 265306K->232149K(699392K), 0.0088368 secs] [Times: user=0.13 sys=0.00, real=0.00 secs] 
2016-09-15T12:35:13.635-0400: 140.888: [GC (Allocation Failure) [PSYoungGen: 173854K->85726K(175104K)] 320451K->262973K(699392K), 0.0128929 secs] [Times: user=0.15 sys=0.00, real=0.02 secs] 
2016-09-15T12:35:13.783-0400: 141.037: [GC (GCLocker Initiated GC) [PSYoungGen: 173790K->37162K(175104K)] 351037K->232910K(699392K), 0.0101094 secs] [Times: user=0.10 sys=0.01, real=0.01 secs] 
2016-09-15T12:35:13.910-0400: 141.163: [GC (GCLocker Initiated GC) [PSYoungGen: 125226K->85658K(175104K)] 327135K->306256K(699392K), 0.0114298 secs] [Times: user=0.15 sys=0.00, real=0.01 secs] 
2016-09-15T12:35:14.055-0400: 141.309: [GC (GCLocker Initiated GC) [PSYoungGen: 173722K->67665K(175104K)] 401130K->337718K(699392K), 0.0210976 secs] [Times: user=0.23 sys=0.01, real=0.03 secs] 
2016-09-15T12:35:14.211-0400: 141.464: [GC (GCLocker Initiated GC) [PSYoungGen: 155729K->55159K(175104K)] 432179K->338099K(699392K), 0.0180992 secs] [Times: user=0.17 sys=0.01, real=0.02 secs] 
2016-09-15T12:35:14.367-0400: 141.620: [GC (Allocation Failure) [PSYoungGen: 143223K->19000K(175104K)] 438427K->314301K(699392K), 0.0059931 secs] [Times: user=0.06 sys=0.00, real=0.01 secs] 
2016-09-15T12:35:14.498-0400: 141.751: [GC (GCLocker Initiated GC) [PSYoungGen: 101469K->43237K(175104K)] 402844K->363104K(699392K), 0.0308781 secs] [Times: user=0.31 sys=0.00, real=0.03 secs] 
2016-09-15T12:35:14.672-0400: 141.925: [GC (GCLocker Initiated GC) [PSYoungGen: 131301K->55191K(175104K)] 457515K->399702K(699392K), 0.0172003 secs] [Times: user=0.17 sys=0.00, real=0.02 secs] 
2016-09-15T12:35:14.836-0400: 142.089: [GC (GCLocker Initiated GC) [PSYoungGen: 143255K->49112K(175104K)] 487775K->430217K(699392K), 0.0164064 secs] [Times: user=0.18 sys=0.00, real=0.01 secs] 
2016-09-15T12:35:14.973-0400: 142.226: [GC (Allocation Failure) [PSYoungGen: 137176K->61981K(175104K)] 518446K->461652K(699392K), 0.0084790 secs] [Times: user=0.10 sys=0.00, real=0.01 secs] 
2016-09-15T12:35:15.087-0400: 142.340: [GC (GCLocker Initiated GC) [PSYoungGen: 149270K->73640K(175104K)] 555015K->522882K(699392K), 0.0119328 secs] [Times: user=0.14 sys=0.01, real=0.02 secs] 
2016-09-15T12:35:15.203-0400: 142.457: [Full GC (Ergonomics) [PSYoungGen: 161704K->0K(175104K)] [ParOldGen: 455399K->59713K(524288K)] 617103K->59713K(699392K), [Metaspace: 44486K->44486K(1087488K)], 0.0637238 secs] [Times: user=0.38 sys=0.01, real=0.06 secs] 
2016-09-15T12:35:15.398-0400: 142.652: [GC (GCLocker Initiated GC) [PSYoungGen: 88064K->86662K(175104K)] 160002K->188975K(699392K), 0.0189590 secs] [Times: user=0.23 sys=0.00, real=0.02 secs] 
2016-09-15T12:35:15.530-0400: 142.783: [GC (GCLocker Initiated GC) [PSYoungGen: 174726K->67597K(175104K)] 277215K->256120K(699392K), 0.0126466 secs] [Times: user=0.15 sys=0.00, real=0.01 secs] 
2016-09-15T12:35:15.669-0400: 142.922: [GC (GCLocker Initiated GC) [PSYoungGen: 155661K->37453K(175104K)] 350317K->268703K(699392K), 0.0100297 secs] [Times: user=0.13 sys=0.01, real=0.01 secs] 
2016-09-15T12:35:15.796-0400: 143.049: [GC (GCLocker Initiated GC) [PSYoungGen: 125517K->85822K(175104K)] 362946K->341782K(699392K), 0.0088470 secs] [Times: user=0.10 sys=0.01, real=0.00 secs] 
2016-09-15T12:35:15.907-0400: 143.160: [GC (GCLocker Initiated GC) [PSYoungGen: 173886K->61554K(175104K)] 429896K->427097K(699392K), 0.0121325 secs] [Times: user=0.18 sys=0.00, real=0.02 secs] 
2016-09-15T12:35:16.039-0400: 143.292: [GC (GCLocker Initiated GC) [PSYoungGen: 149618K->86150K(175104K)] 515192K->476332K(699392K), 0.0103101 secs] [Times: user=0.14 sys=0.00, real=0.01 secs] 
2016-09-15T12:35:16.190-0400: 143.443: [GC (Allocation Failure) [PSYoungGen: 174214K->55419K(175104K)] 570720K->452380K(699392K), 0.0077233 secs] [Times: user=0.11 sys=0.00, real=0.01 secs] 
2016-09-15T12:35:16.318-0400: 143.571: [GC (GCLocker Initiated GC) [PSYoungGen: 143483K->55743K(175104K)] 540451K->471252K(699392K), 0.0170858 secs] [Times: user=0.25 sys=0.00, real=0.01 secs] 
2016-09-15T12:35:16.483-0400: 143.736: [GC (GCLocker Initiated GC) [PSYoungGen: 143807K->73672K(175104K)] 559587K->489588K(699392K), 0.0123932 secs] [Times: user=0.13 sys=0.00, real=0.01 secs] 
2016-09-15T12:35:16.621-0400: 143.875: [GC (Allocation Failure) [PSYoungGen: 161736K->85658K(175104K)] 583774K->532295K(699392K), 0.0111821 secs] [Times: user=0.11 sys=0.01, real=0.01 secs] 
2016-09-15T12:35:16.633-0400: 143.886: [Full GC (Ergonomics) [PSYoungGen: 85658K->0K(175104K)] [ParOldGen: 446637K->53303K(524288K)] 532295K->53303K(699392K), [Metaspace: 44489K->44489K(1087488K)], 0.0618828 secs] [Times: user=0.40 sys=0.00, real=0.06 secs] 
2016-09-15T12:35:16.815-0400: 144.068: [GC (GCLocker Initiated GC) [PSYoungGen: 88064K->86662K(175104K)] 141372K->146046K(699392K), 0.0084613 secs] [Times: user=0.11 sys=0.00, real=0.01 secs] 
2016-09-15T12:35:16.946-0400: 144.200: [GC (Allocation Failure) [PSYoungGen: 174726K->73508K(175104K)] 234359K->188979K(699392K), 0.0125612 secs] [Times: user=0.19 sys=0.00, real=0.02 secs] 
2016-09-15T12:35:17.067-0400: 144.320: [GC (Allocation Failure) [PSYoungGen: 161572K->79747K(175104K)] 277043K->243954K(699392K), 0.0115453 secs] [Times: user=0.13 sys=0.00, real=0.02 secs] 
2016-09-15T12:35:17.186-0400: 144.439: [GC (GCLocker Initiated GC) [PSYoungGen: 167811K->85822K(175104K)] 332024K->274634K(699392K), 0.0124878 secs] [Times: user=0.17 sys=0.00, real=0.02 secs] 
2016-09-15T12:35:17.314-0400: 144.567: [GC (GCLocker Initiated GC) [PSYoungGen: 173886K->85986K(175104K)] 368811K->317512K(699392K), 0.0145500 secs] [Times: user=0.18 sys=0.01, real=0.02 secs] 
2016-09-15T12:35:17.448-0400: 144.702: [GC (GCLocker Initiated GC) [PSYoungGen: 174050K->79551K(175104K)] 405663K->354137K(699392K), 0.0110699 secs] [Times: user=0.14 sys=0.00, real=0.01 secs] 
2016-09-15T12:35:17.603-0400: 144.856: [GC (GCLocker Initiated GC) [PSYoungGen: 167615K->86118K(175104K)] 454448K->391312K(699392K), 0.0088374 secs] [Times: user=0.12 sys=0.01, real=0.01 secs] 
2016-09-15T12:35:17.717-0400: 144.971: [GC (GCLocker Initiated GC) [PSYoungGen: 174182K->85658K(175104K)] 479440K->433756K(699392K), 0.0126458 secs] [Times: user=0.19 sys=0.00, real=0.01 secs] 
2016-09-15T12:35:17.861-0400: 145.114: [GC (GCLocker Initiated GC) [PSYoungGen: 173722K->86314K(175104K)] 528056K->465092K(699392K), 0.0142245 secs] [Times: user=0.20 sys=0.00, real=0.01 secs] 
2016-09-15T12:35:17.997-0400: 145.250: [GC (GCLocker Initiated GC) [PSYoungGen: 174378K->55611K(175104K)] 553337K->477411K(699392K), 0.0099298 secs] [Times: user=0.14 sys=0.00, real=0.00 secs] 
2016-09-15T12:35:18.109-0400: 145.363: [GC (GCLocker Initiated GC) [PSYoungGen: 143675K->85790K(175104K)] 565680K->532418K(699392K), 0.0113967 secs] [Times: user=0.17 sys=0.00, real=0.01 secs] 
2016-09-15T12:35:18.259-0400: 145.512: [Full GC (Ergonomics) [PSYoungGen: 173854K->0K(175104K)] [ParOldGen: 453059K->54061K(524288K)] 626914K->54061K(699392K), [Metaspace: 44491K->44491K(1087488K)], 0.0600552 secs] [Times: user=0.38 sys=0.01, real=0.06 secs] 
2016-09-15T12:35:18.420-0400: 145.674: [GC (GCLocker Initiated GC) [PSYoungGen: 88064K->85790K(175104K)] 142184K->170285K(699392K), 0.0157793 secs] [Times: user=0.19 sys=0.00, real=0.02 secs] 
2016-09-15T12:35:18.571-0400: 145.825: [GC (GCLocker Initiated GC) [PSYoungGen: 173854K->79683K(175104K)] 258397K->219201K(699392K), 0.0205165 secs] [Times: user=0.23 sys=0.02, real=0.02 secs] 
2016-09-15T12:35:18.709-0400: 145.963: [GC (GCLocker Initiated GC) [PSYoungGen: 167747K->55187K(175104K)] 313398K->225446K(699392K), 0.0122704 secs] [Times: user=0.12 sys=0.00, real=0.01 secs] 
2016-09-15T12:35:18.858-0400: 146.112: [GC (GCLocker Initiated GC) [PSYoungGen: 143251K->67893K(175104K)] 319738K->317416K(699392K), 0.0170886 secs] [Times: user=0.24 sys=0.00, real=0.01 secs] 
2016-09-15T12:35:19.013-0400: 146.267: [GC (GCLocker Initiated GC) [PSYoungGen: 155957K->37030K(175104K)] 411764K->317413K(699392K), 0.0105434 secs] [Times: user=0.10 sys=0.01, real=0.01 secs] 
2016-09-15T12:35:19.136-0400: 146.390: [GC (GCLocker Initiated GC) [PSYoungGen: 125094K->85922K(175104K)] 405636K->378758K(699392K), 0.0090067 secs] [Times: user=0.10 sys=0.00, real=0.00 secs] 
2016-09-15T12:35:19.267-0400: 146.520: [GC (GCLocker Initiated GC) [PSYoungGen: 173986K->85658K(175104K)] 466853K->464235K(699392K), 0.0151981 secs] [Times: user=0.17 sys=0.00, real=0.02 secs] 
2016-09-15T12:35:19.422-0400: 146.676: [GC (GCLocker Initiated GC) [PSYoungGen: 173722K->61558K(175104K)] 558534K->495074K(699392K), 0.0164902 secs] [Times: user=0.20 sys=0.00, real=0.02 secs] 
2016-09-15T12:35:19.439-0400: 146.692: [Full GC (Ergonomics) [PSYoungGen: 61558K->0K(175104K)] [ParOldGen: 433516K->54053K(524288K)] 495074K->54053K(699392K), [Metaspace: 44491K->44491K(1087488K)], 0.0676687 secs] [Times: user=0.42 sys=0.02, real=0.06 secs] 
2016-09-15T12:35:19.624-0400: 146.877: [GC (GCLocker Initiated GC) [PSYoungGen: 88064K->86406K(175104K)] 142355K->158922K(699392K), 0.0135762 secs] [Times: user=0.14 sys=0.00, real=0.02 secs] 
2016-09-15T12:35:19.768-0400: 147.022: [GC (Allocation Failure) [PSYoungGen: 174470K->31182K(175104K)] 253406K->183574K(699392K), 0.0168948 secs] [Times: user=0.17 sys=0.00, real=0.01 secs] 
2016-09-15T12:35:19.896-0400: 147.150: [GC (GCLocker Initiated GC) [PSYoungGen: 119246K->74000K(175104K)] 271650K->244927K(699392K), 0.0088290 secs] [Times: user=0.12 sys=0.00, real=0.00 secs] 
2016-09-15T12:35:20.015-0400: 147.268: [GC (GCLocker Initiated GC) [PSYoungGen: 162064K->85986K(175104K)] 333101K->281490K(699392K), 0.0137126 secs] [Times: user=0.16 sys=0.00, real=0.02 secs] 
2016-09-15T12:35:20.168-0400: 147.422: [GC (Allocation Failure) [PSYoungGen: 174050K->55415K(175104K)] 375710K->293964K(699392K), 0.0187166 secs] [Times: user=0.18 sys=0.00, real=0.01 secs] 
2016-09-15T12:35:20.300-0400: 147.553: [GC (GCLocker Initiated GC) [PSYoungGen: 143479K->73380K(175104K)] 382030K->330447K(699392K), 0.0103491 secs] [Times: user=0.09 sys=0.00, real=0.01 secs] 
2016-09-15T12:35:20.437-0400: 147.690: [GC (GCLocker Initiated GC) [PSYoungGen: 161444K->85886K(175104K)] 418653K->355357K(699392K), 0.0172223 secs] [Times: user=0.23 sys=0.01, real=0.01 secs] 
2016-09-15T12:35:20.554-0400: 147.807: [GC (GCLocker Initiated GC) [PSYoungGen: 173950K->61458K(175104K)] 443626K->416484K(699392K), 0.0118474 secs] [Times: user=0.15 sys=0.00, real=0.01 secs] 
2016-09-15T12:35:20.674-0400: 147.927: [GC (Allocation Failure) [PSYoungGen: 149522K->80075K(175104K)] 504847K->472001K(699392K), 0.0093234 secs] [Times: user=0.14 sys=0.00, real=0.01 secs] 
2016-09-15T12:35:20.827-0400: 148.081: [GC (GCLocker Initiated GC) [PSYoungGen: 165977K->55255K(175104K)] 563978K->472069K(699392K), 0.0141605 secs] [Times: user=0.14 sys=0.01, real=0.02 secs] 
2016-09-15T12:35:20.985-0400: 148.238: [GC (GCLocker Initiated GC) [PSYoungGen: 143319K->55351K(175104K)] 560254K->472585K(699392K), 0.0126733 secs] [Times: user=0.15 sys=0.00, real=0.02 secs] 
2016-09-15T12:35:21.144-0400: 148.397: [GC (GCLocker Initiated GC) [PSYoungGen: 143415K->55155K(175104K)] 561359K->509652K(699392K), 0.0096394 secs] [Times: user=0.10 sys=0.00, real=0.01 secs] 
2016-09-15T12:35:21.154-0400: 148.407: [Full GC (Ergonomics) [PSYoungGen: 55155K->0K(175104K)] [ParOldGen: 454497K->47861K(524288K)] 509652K->47861K(699392K), [Metaspace: 44491K->44491K(1087488K)], 0.0621954 secs] [Times: user=0.47 sys=0.00, real=0.07 secs] 
2016-09-15T12:35:21.344-0400: 148.598: [GC (GCLocker Initiated GC) [PSYoungGen: 88064K->74060K(175104K)] 142007K->128003K(699392K), 0.0088561 secs] [Times: user=0.14 sys=0.00, real=0.01 secs] 
2016-09-15T12:35:21.453-0400: 148.706: [GC (GCLocker Initiated GC) [PSYoungGen: 162124K->85954K(175104K)] 222403K->171113K(699392K), 0.0105075 secs] [Times: user=0.14 sys=0.01, real=0.01 secs] 
2016-09-15T12:35:21.582-0400: 148.835: [GC (GCLocker Initiated GC) [PSYoungGen: 174018K->74164K(175104K)] 259538K->214518K(699392K), 0.0121948 secs] [Times: user=0.17 sys=0.00, real=0.01 secs] 
2016-09-15T12:35:21.710-0400: 148.963: [GC (GCLocker Initiated GC) [PSYoungGen: 162228K->49208K(175104K)] 308812K->275419K(699392K), 0.0093877 secs] [Times: user=0.15 sys=0.00, real=0.01 secs] 
2016-09-15T12:35:21.835-0400: 149.088: [GC (GCLocker Initiated GC) [PSYoungGen: 137272K->86118K(175104K)] 363581K->318605K(699392K), 0.0113202 secs] [Times: user=0.14 sys=0.00, real=0.01 secs] 
2016-09-15T12:35:21.979-0400: 149.233: [GC (GCLocker Initiated GC) [PSYoungGen: 174182K->67733K(175104K)] 406858K->319237K(699392K), 0.0127604 secs] [Times: user=0.10 sys=0.02, real=0.01 secs] 
2016-09-15T12:35:22.118-0400: 149.372: [GC (GCLocker Initiated GC) [PSYoungGen: 155797K->55383K(175104K)] 413608K->356011K(699392K), 0.0222139 secs] [Times: user=0.34 sys=0.01, real=0.02 secs] 
2016-09-15T12:35:22.269-0400: 149.523: [GC (GCLocker Initiated GC) [PSYoungGen: 143447K->85954K(175104K)] 444346K->393211K(699392K), 0.0098000 secs] [Times: user=0.10 sys=0.00, real=0.01 secs] 
2016-09-15T12:35:22.439-0400: 149.692: [GC (GCLocker Initiated GC) [PSYoungGen: 174018K->61362K(175104K)] 487415K->411500K(699392K), 0.0234570 secs] [Times: user=0.24 sys=0.01, real=0.02 secs] 
2016-09-15T12:35:22.603-0400: 149.856: [GC (Allocation Failure) [PSYoungGen: 149426K->67437K(175104K)] 505737K->454243K(699392K), 0.0193386 secs] [Times: user=0.20 sys=0.00, real=0.02 secs] 
2016-09-15T12:35:22.729-0400: 149.982: [GC (GCLocker Initiated GC) [PSYoungGen: 155501K->49016K(175104K)] 542307K->490773K(699392K), 0.0122524 secs] [Times: user=0.12 sys=0.01, real=0.01 secs] 
2016-09-15T12:35:22.741-0400: 149.994: [Full GC (Ergonomics) [PSYoungGen: 49016K->0K(175104K)] [ParOldGen: 441757K->53817K(524288K)] 490773K->53817K(699392K), [Metaspace: 44491K->44491K(1087488K)], 0.0612720 secs] [Times: user=0.30 sys=0.01, real=0.06 secs] 
2016-09-15T12:35:22.906-0400: 150.159: [GC (GCLocker Initiated GC) [PSYoungGen: 88064K->86726K(175104K)] 141991K->177103K(699392K), 0.0103325 secs] [Times: user=0.14 sys=0.00, real=0.02 secs] 
2016-09-15T12:35:23.036-0400: 150.289: [GC (GCLocker Initiated GC) [PSYoungGen: 174790K->43169K(175104K)] 277650K->225972K(699392K), 0.0142434 secs] [Times: user=0.14 sys=0.00, real=0.01 secs] 
2016-09-15T12:35:23.156-0400: 150.410: [GC (Allocation Failure) [PSYoungGen: 131233K->74032K(175104K)] 314251K->257382K(699392K), 0.0080441 secs] [Times: user=0.10 sys=0.00, real=0.00 secs] 
2016-09-15T12:35:23.165-0400: 150.418: [GC (GCLocker Initiated GC) [PSYoungGen: 74189K->32K(175104K)] 257539K->257046K(699392K), 0.0087507 secs] [Times: user=0.13 sys=0.00, real=0.01 secs] 
2016-09-15T12:35:23.286-0400: 150.540: [GC (GCLocker Initiated GC) [PSYoungGen: 88096K->86342K(175104K)] 345115K->349436K(699392K), 0.0090632 secs] [Times: user=0.10 sys=0.00, real=0.02 secs] 
2016-09-15T12:35:23.428-0400: 150.682: [GC (Allocation Failure) [PSYoungGen: 174406K->61102K(175104K)] 437682K->337200K(699392K), 0.0127580 secs] [Times: user=0.10 sys=0.01, real=0.01 secs] 
2016-09-15T12:35:23.548-0400: 150.802: [GC (GCLocker Initiated GC) [PSYoungGen: 146270K->74196K(175104K)] 428443K->386879K(699392K), 0.0104103 secs] [Times: user=0.14 sys=0.00, real=0.01 secs] 
2016-09-15T12:35:23.684-0400: 150.937: [GC (GCLocker Initiated GC) [PSYoungGen: 162260K->73804K(175104K)] 474946K->423256K(699392K), 0.0150192 secs] [Times: user=0.22 sys=0.01, real=0.02 secs] 
2016-09-15T12:35:23.831-0400: 151.084: [GC (GCLocker Initiated GC) [PSYoungGen: 161868K->74164K(175104K)] 517724K->430131K(699392K), 0.0140564 secs] [Times: user=0.18 sys=0.01, real=0.01 secs] 
2016-09-15T12:35:23.999-0400: 151.252: [GC (Allocation Failure) [PSYoungGen: 162228K->61230K(175104K)] 524396K->435996K(699392K), 0.0231584 secs] [Times: user=0.25 sys=0.02, real=0.02 secs] 
2016-09-15T12:35:24.124-0400: 151.378: [GC (GCLocker Initiated GC) [PSYoungGen: 144120K->73640K(175104K)] 524960K->497173K(699392K), 0.0154919 secs] [Times: user=0.19 sys=0.00, real=0.02 secs] 
2016-09-15T12:35:24.254-0400: 151.507: [GC (GCLocker Initiated GC) [PSYoungGen: 161704K->73480K(175104K)] 591394K->521646K(699392K), 0.0112841 secs] [Times: user=0.11 sys=0.01, real=0.01 secs] 
2016-09-15T12:35:24.265-0400: 151.518: [Full GC (Ergonomics) [PSYoungGen: 73480K->0K(175104K)] [ParOldGen: 448166K->52470K(524288K)] 521646K->52470K(699392K), [Metaspace: 44491K->44491K(1087488K)], 0.0999448 secs] [Times: user=0.95 sys=0.02, real=0.10 secs] 
2016-09-15T12:35:24.475-0400: 151.729: [GC (Allocation Failure) [PSYoungGen: 88064K->85950K(175104K)] 140592K->162779K(699392K), 0.0119950 secs] [Times: user=0.13 sys=0.01, real=0.01 secs] 
2016-09-15T12:35:24.601-0400: 151.854: [GC (GCLocker Initiated GC) [PSYoungGen: 174014K->79943K(175104K)] 250848K->212024K(699392K), 0.0121020 secs] [Times: user=0.15 sys=0.01, real=0.01 secs] 
2016-09-15T12:35:24.734-0400: 151.988: [GC (Allocation Failure) [PSYoungGen: 168007K->61394K(175104K)] 306260K->236725K(699392K), 0.0102394 secs] [Times: user=0.12 sys=0.00, real=0.01 secs] 
2016-09-15T12:35:24.870-0400: 152.123: [GC (GCLocker Initiated GC) [PSYoungGen: 147003K->61850K(175104K)] 328409K->292172K(699392K), 0.0142752 secs] [Times: user=0.16 sys=0.01, real=0.01 secs] 
2016-09-15T12:35:25.047-0400: 152.300: [GC (GCLocker Initiated GC) [PSYoungGen: 149914K->73640K(175104K)] 386358K->328601K(699392K), 0.0103550 secs] [Times: user=0.11 sys=0.00, real=0.02 secs] 
2016-09-15T12:35:25.184-0400: 152.438: [GC (GCLocker Initiated GC) [PSYoungGen: 161704K->67241K(175104K)] 416701K->358972K(699392K), 0.0182451 secs] [Times: user=0.18 sys=0.01, real=0.02 secs] 
2016-09-15T12:35:25.315-0400: 152.569: [GC (GCLocker Initiated GC) [PSYoungGen: 155305K->55515K(175104K)] 447318K->402339K(699392K), 0.0192694 secs] [Times: user=0.22 sys=0.00, real=0.02 secs] 
2016-09-15T12:35:25.453-0400: 152.706: [GC (Allocation Failure) [PSYoungGen: 143579K->85826K(175104K)] 496828K->445409K(699392K), 0.0185858 secs] [Times: user=0.17 sys=0.00, real=0.02 secs] 
2016-09-15T12:35:25.602-0400: 152.855: [GC (GCLocker Initiated GC) [PSYoungGen: 172785K->67697K(175104K)] 538443K->470105K(699392K), 0.0160750 secs] [Times: user=0.21 sys=0.00, real=0.02 secs] 
2016-09-15T12:35:25.744-0400: 152.997: [GC (GCLocker Initiated GC) [PSYoungGen: 155761K->55579K(175104K)] 564599K->482770K(699392K), 0.0103676 secs] [Times: user=0.13 sys=0.00, real=0.01 secs] 
2016-09-15T12:35:25.866-0400: 153.119: [GC (GCLocker Initiated GC) [PSYoungGen: 143641K->73640K(175104K)] 577262K->544018K(699392K), 0.0112799 secs] [Times: user=0.14 sys=0.01, real=0.02 secs] 
2016-09-15T12:35:25.877-0400: 153.131: [Full GC (Ergonomics) [PSYoungGen: 73640K->0K(175104K)] [ParOldGen: 470378K->52816K(524288K)] 544018K->52816K(699392K), [Metaspace: 44506K->44506K(1087488K)], 0.0593314 secs] [Times: user=0.38 sys=0.01, real=0.06 secs] 
2016-09-15T12:35:26.068-0400: 153.321: [GC (GCLocker Initiated GC) [PSYoungGen: 88064K->74160K(175104K)] 159365K->145461K(699392K), 0.0077088 secs] [Times: user=0.08 sys=0.00, real=0.00 secs] 
2016-09-15T12:35:26.203-0400: 153.457: [GC (GCLocker Initiated GC) [PSYoungGen: 162224K->85726K(175104K)] 233691K->200429K(699392K), 0.0136576 secs] [Times: user=0.14 sys=0.01, real=0.02 secs] 
2016-09-15T12:35:26.318-0400: 153.572: [GC (Allocation Failure) [PSYoungGen: 173790K->85822K(175104K)] 288703K->249502K(699392K), 0.0124470 secs] [Times: user=0.17 sys=0.00, real=0.01 secs] 
2016-09-15T12:35:26.451-0400: 153.704: [GC (GCLocker Initiated GC) [PSYoungGen: 172270K->61458K(175104K)] 342026K->298330K(699392K), 0.0126905 secs] [Times: user=0.15 sys=0.01, real=0.01 secs] 
2016-09-15T12:35:26.607-0400: 153.860: [GC (GCLocker Initiated GC) [PSYoungGen: 149522K->55223K(175104K)] 398697K->304674K(699392K), 0.0106931 secs] [Times: user=0.12 sys=0.00, real=0.02 secs] 
2016-09-15T12:35:26.750-0400: 154.004: [GC (Allocation Failure) [PSYoungGen: 143286K->73480K(175104K)] 399162K->347692K(699392K), 0.0122482 secs] [Times: user=0.10 sys=0.00, real=0.01 secs] 
2016-09-15T12:35:26.890-0400: 154.144: [GC (GCLocker Initiated GC) [PSYoungGen: 158375K->43205K(175104K)] 438663K->360037K(699392K), 0.0671415 secs] [Times: user=0.70 sys=0.00, real=0.07 secs] 
2016-09-15T12:35:27.073-0400: 154.327: [GC (GCLocker Initiated GC) [PSYoungGen: 131269K->55223K(175104K)] 454246K->378460K(699392K), 0.0149756 secs] [Times: user=0.14 sys=0.01, real=0.02 secs] 
2016-09-15T12:35:27.208-0400: 154.461: [GC (GCLocker Initiated GC) [PSYoungGen: 143287K->43041K(175104K)] 472668K->390743K(699392K), 0.0100013 secs] [Times: user=0.08 sys=0.00, real=0.01 secs] 
2016-09-15T12:35:27.323-0400: 154.576: [GC (GCLocker Initiated GC) [PSYoungGen: 131105K->73384K(175104K)] 478843K->421373K(699392K), 0.0216336 secs] [Times: user=0.20 sys=0.01, real=0.02 secs] 
2016-09-15T12:35:27.457-0400: 154.710: [GC (GCLocker Initiated GC) [PSYoungGen: 161448K->43461K(175104K)] 515593K->476865K(699392K), 0.0112814 secs] [Times: user=0.12 sys=0.00, real=0.01 secs] 
2016-09-15T12:35:27.468-0400: 154.722: [Full GC (Ergonomics) [PSYoungGen: 43461K->0K(175104K)] [ParOldGen: 433404K->53023K(524288K)] 476865K->53023K(699392K), [Metaspace: 44509K->44509K(1087488K)], 0.0612506 secs] [Times: user=0.31 sys=0.01, real=0.06 secs] 
2016-09-15T12:35:27.647-0400: 154.900: [GC (GCLocker Initiated GC) [PSYoungGen: 88064K->85822K(175104K)] 147255K->145013K(699392K), 0.0298320 secs] [Times: user=0.30 sys=0.00, real=0.04 secs] 
2016-09-15T12:35:27.809-0400: 155.062: [GC (Allocation Failure) [PSYoungGen: 173886K->43137K(175104K)] 233685K->158159K(699392K), 0.0174811 secs] [Times: user=0.20 sys=0.00, real=0.01 secs] 
2016-09-15T12:35:27.939-0400: 155.193: [GC (GCLocker Initiated GC) [PSYoungGen: 131201K->73444K(175104K)] 246223K->206990K(699392K), 0.0153105 secs] [Times: user=0.18 sys=0.00, real=0.01 secs] 
2016-09-15T12:35:28.054-0400: 155.308: [GC (GCLocker Initiated GC) [PSYoungGen: 161508K->85854K(175104K)] 295113K->268195K(699392K), 0.0131226 secs] [Times: user=0.18 sys=0.01, real=0.01 secs] 
2016-09-15T12:35:28.191-0400: 155.445: [GC (Allocation Failure) [PSYoungGen: 173918K->85986K(175104K)] 356547K->317507K(699392K), 0.0135521 secs] [Times: user=0.21 sys=0.00, real=0.01 secs] 
2016-09-15T12:35:28.343-0400: 155.597: [GC (GCLocker Initiated GC) [PSYoungGen: 173149K->49376K(175104K)] 410746K->329608K(699392K), 0.0172417 secs] [Times: user=0.17 sys=0.00, real=0.02 secs] 
2016-09-15T12:35:28.497-0400: 155.751: [GC (GCLocker Initiated GC) [PSYoungGen: 137440K->55515K(175104K)] 424036K->360455K(699392K), 0.0073530 secs] [Times: user=0.07 sys=0.00, real=0.00 secs] 
2016-09-15T12:35:28.634-0400: 155.888: [GC (GCLocker Initiated GC) [PSYoungGen: 143579K->85954K(175104K)] 454743K->421717K(699392K), 0.0104480 secs] [Times: user=0.11 sys=0.00, real=0.01 secs] 
2016-09-15T12:35:28.765-0400: 156.018: [GC (GCLocker Initiated GC) [PSYoungGen: 174018K->61266K(175104K)] 509846K->415594K(699392K), 0.0100965 secs] [Times: user=0.07 sys=0.00, real=0.01 secs] 
2016-09-15T12:35:28.894-0400: 156.147: [GC (GCLocker Initiated GC) [PSYoungGen: 149330K->67405K(175104K)] 503834K->476852K(699392K), 0.0202148 secs] [Times: user=0.19 sys=0.00, real=0.02 secs] 
2016-09-15T12:35:29.058-0400: 156.312: [GC (GCLocker Initiated GC) [PSYoungGen: 155469K->37126K(175104K)] 583294K->465243K(699392K), 0.0062014 secs] [Times: user=0.05 sys=0.00, real=0.00 secs] 
2016-09-15T12:35:29.204-0400: 156.457: [Full GC (Ergonomics) [PSYoungGen: 125190K->0K(175104K)] [ParOldGen: 440292K->58655K(524288K)] 565482K->58655K(699392K), [Metaspace: 44510K->44510K(1087488K)], 0.0678831 secs] [Times: user=0.38 sys=0.00, real=0.07 secs] 
2016-09-15T12:35:29.390-0400: 156.643: [GC (GCLocker Initiated GC) [PSYoungGen: 88064K->86438K(175104K)] 147068K->169743K(699392K), 0.0114959 secs] [Times: user=0.15 sys=0.01, real=0.01 secs] 
2016-09-15T12:35:29.538-0400: 156.792: [GC (Allocation Failure) [PSYoungGen: 174502K->55351K(175104K)] 270222K->206614K(699392K), 0.0306200 secs] [Times: user=0.39 sys=0.00, real=0.03 secs] 
2016-09-15T12:35:29.687-0400: 156.940: [GC (GCLocker Initiated GC) [PSYoungGen: 143415K->73836K(175104K)] 294683K->243473K(699392K), 0.0096443 secs] [Times: user=0.14 sys=0.00, real=0.02 secs] 
2016-09-15T12:35:29.822-0400: 157.076: [GC (GCLocker Initiated GC) [PSYoungGen: 161900K->73448K(175104K)] 331702K->261750K(699392K), 0.0152270 secs] [Times: user=0.18 sys=0.00, real=0.02 secs] 
2016-09-15T12:35:29.949-0400: 157.202: [GC (GCLocker Initiated GC) [PSYoungGen: 161512K->79715K(175104K)] 350175K->292970K(699392K), 0.0109173 secs] [Times: user=0.10 sys=0.00, real=0.01 secs] 
2016-09-15T12:35:30.085-0400: 157.338: [GC (GCLocker Initiated GC) [PSYoungGen: 167779K->79683K(175104K)] 381172K->329833K(699392K), 0.0115644 secs] [Times: user=0.15 sys=0.00, real=0.02 secs] 
2016-09-15T12:35:30.225-0400: 157.478: [GC (Allocation Failure) [PSYoungGen: 167747K->67401K(175104K)] 418107K->366653K(699392K), 0.0110195 secs] [Times: user=0.15 sys=0.00, real=0.02 secs] 
2016-09-15T12:35:30.338-0400: 157.592: [GC (GCLocker Initiated GC) [PSYoungGen: 150335K->73740K(175104K)] 455662K->379202K(699392K), 0.0071089 secs] [Times: user=0.10 sys=0.00, real=0.00 secs] 
2016-09-15T12:35:30.474-0400: 157.727: [GC (GCLocker Initiated GC) [PSYoungGen: 161804K->85694K(175104K)] 467302K->440256K(699392K), 0.0312538 secs] [Times: user=0.36 sys=0.00, real=0.03 secs] 
2016-09-15T12:35:30.640-0400: 157.894: [GC (GCLocker Initiated GC) [PSYoungGen: 173758K->67373K(175104K)] 534655K->458920K(699392K), 0.0216070 secs] [Times: user=0.22 sys=0.00, real=0.02 secs] 
2016-09-15T12:35:30.782-0400: 158.036: [GC (GCLocker Initiated GC) [PSYoungGen: 155437K->67505K(175104K)] 547044K->477612K(699392K), 0.0218800 secs] [Times: user=0.23 sys=0.00, real=0.02 secs] 
2016-09-15T12:35:30.912-0400: 158.165: [GC (Allocation Failure) [PSYoungGen: 155569K->43137K(175104K)] 571877K->514247K(699392K), 0.0155719 secs] [Times: user=0.18 sys=0.00, real=0.01 secs] 
2016-09-15T12:35:30.928-0400: 158.181: [Full GC (Ergonomics) [PSYoungGen: 43137K->0K(175104K)] [ParOldGen: 471110K->52674K(524288K)] 514247K->52674K(699392K), [Metaspace: 44516K->44516K(1087488K)], 0.0657936 secs] [Times: user=0.41 sys=0.02, real=0.06 secs] 
2016-09-15T12:35:31.108-0400: 158.361: [GC (GCLocker Initiated GC) [PSYoungGen: 88064K->86438K(175104K)] 140743K->145193K(699392K), 0.0086801 secs] [Times: user=0.11 sys=0.00, real=0.01 secs] 
2016-09-15T12:35:31.260-0400: 158.513: [GC (GCLocker Initiated GC) [PSYoungGen: 174502K->73672K(175104K)] 239536K->157822K(699392K), 0.0079280 secs] [Times: user=0.10 sys=0.00, real=0.00 secs] 
2016-09-15T12:35:31.419-0400: 158.673: [GC (GCLocker Initiated GC) [PSYoungGen: 161736K->73476K(175104K)] 252020K->200501K(699392K), 0.0118907 secs] [Times: user=0.15 sys=0.00, real=0.01 secs] 
2016-09-15T12:35:31.530-0400: 158.784: [GC (GCLocker Initiated GC) [PSYoungGen: 161540K->85854K(175104K)] 288708K->273924K(699392K), 0.0132116 secs] [Times: user=0.17 sys=0.00, real=0.01 secs] 
2016-09-15T12:35:31.666-0400: 158.919: [GC (GCLocker Initiated GC) [PSYoungGen: 173918K->86086K(175104K)] 362222K->347614K(699392K), 0.0149323 secs] [Times: user=0.23 sys=0.01, real=0.02 secs] 
2016-09-15T12:35:31.810-0400: 159.063: [GC (GCLocker Initiated GC) [PSYoungGen: 174150K->79747K(175104K)] 441793K->402561K(699392K), 0.0143728 secs] [Times: user=0.23 sys=0.00, real=0.01 secs] 
2016-09-15T12:35:31.924-0400: 159.177: [GC (GCLocker Initiated GC) [PSYoungGen: 167811K->85854K(175104K)] 490667K->451378K(699392K), 0.0116873 secs] [Times: user=0.18 sys=0.00, real=0.02 secs] 
2016-09-15T12:35:32.063-0400: 159.316: [GC (GCLocker Initiated GC) [PSYoungGen: 173918K->85986K(175104K)] 539491K->536924K(699392K), 0.0156115 secs] [Times: user=0.19 sys=0.02, real=0.02 secs] 
2016-09-15T12:35:32.079-0400: 159.332: [Full GC (Ergonomics) [PSYoungGen: 85986K->0K(175104K)] [ParOldGen: 450938K->46746K(524288K)] 536924K->46746K(699392K), [Metaspace: 44517K->44517K(1087488K)], 0.0645521 secs] [Times: user=0.47 sys=0.02, real=0.06 secs] 
2016-09-15T12:35:32.258-0400: 159.512: [GC (GCLocker Initiated GC) [PSYoungGen: 88064K->86274K(175104K)] 134846K->187731K(699392K), 0.0140515 secs] [Times: user=0.16 sys=0.00, real=0.01 secs] 
2016-09-15T12:35:32.403-0400: 159.656: [GC (Allocation Failure) [PSYoungGen: 174338K->55351K(175104K)] 281878K->206151K(699392K), 0.0105948 secs] [Times: user=0.10 sys=0.01, real=0.01 secs] 
2016-09-15T12:35:32.529-0400: 159.782: [GC (GCLocker Initiated GC) [PSYoungGen: 143415K->73640K(175104K)] 294221K->267295K(699392K), 0.0170282 secs] [Times: user=0.22 sys=0.00, real=0.01 secs] 
2016-09-15T12:35:32.708-0400: 159.961: [GC (GCLocker Initiated GC) [PSYoungGen: 161704K->85822K(175104K)] 361487K->334356K(699392K), 0.0154971 secs] [Times: user=0.21 sys=0.00, real=0.01 secs] 
2016-09-15T12:35:32.856-0400: 160.109: [GC (GCLocker Initiated GC) [PSYoungGen: 173886K->49372K(175104K)] 428531K->358828K(699392K), 0.0107708 secs] [Times: user=0.09 sys=0.00, real=0.00 secs] 
2016-09-15T12:35:32.985-0400: 160.238: [GC (GCLocker Initiated GC) [PSYoungGen: 137436K->61394K(175104K)] 447012K->432019K(699392K), 0.0172387 secs] [Times: user=0.17 sys=0.01, real=0.02 secs] 
2016-09-15T12:35:33.097-0400: 160.350: [GC (GCLocker Initiated GC) [PSYoungGen: 149458K->74000K(175104K)] 526346K->469225K(699392K), 0.0098726 secs] [Times: user=0.11 sys=0.00, real=0.00 secs] 
2016-09-15T12:35:33.220-0400: 160.474: [GC (GCLocker Initiated GC) [PSYoungGen: 162064K->85954K(175104K)] 557392K->518048K(699392K), 0.0190730 secs] [Times: user=0.23 sys=0.00, real=0.02 secs] 
2016-09-15T12:35:33.348-0400: 160.601: [GC (GCLocker Initiated GC) [PSYoungGen: 174018K->49180K(175104K)] 612330K->548509K(699392K), 0.0220934 secs] [Times: user=0.20 sys=0.00, real=0.02 secs] 
2016-09-15T12:35:33.370-0400: 160.623: [Full GC (Ergonomics) [PSYoungGen: 49180K->0K(175104K)] [ParOldGen: 499329K->52860K(524288K)] 548509K->52860K(699392K), [Metaspace: 44519K->44519K(1087488K)], 0.0629984 secs] [Times: user=0.27 sys=0.01, real=0.06 secs] 
2016-09-15T12:35:33.564-0400: 160.817: [GC (GCLocker Initiated GC) [PSYoungGen: 88064K->74288K(175104K)] 147276K->133500K(699392K), 0.0097835 secs] [Times: user=0.10 sys=0.00, real=0.01 secs] 
2016-09-15T12:35:33.713-0400: 160.967: [GC (GCLocker Initiated GC) [PSYoungGen: 162352K->55319K(175104K)] 227859K->158176K(699392K), 0.0162313 secs] [Times: user=0.18 sys=0.00, real=0.02 secs] 
2016-09-15T12:35:33.867-0400: 161.120: [GC (GCLocker Initiated GC) [PSYoungGen: 143383K->85854K(175104K)] 246315K->225356K(699392K), 0.0123043 secs] [Times: user=0.15 sys=0.00, real=0.02 secs] 
2016-09-15T12:35:34.007-0400: 161.260: [GC (GCLocker Initiated GC) [PSYoungGen: 173918K->55547K(175104K)] 319688K->262202K(699392K), 0.0120128 secs] [Times: user=0.12 sys=0.01, real=0.02 secs] 
2016-09-15T12:35:34.134-0400: 161.388: [GC (GCLocker Initiated GC) [PSYoungGen: 143611K->55906K(175104K)] 362564K->275159K(699392K), 0.0083613 secs] [Times: user=0.10 sys=0.00, real=0.01 secs] 
2016-09-15T12:35:34.273-0400: 161.526: [GC (GCLocker Initiated GC) [PSYoungGen: 143970K->55383K(175104K)] 369385K->317538K(699392K), 0.0119820 secs] [Times: user=0.13 sys=0.00, real=0.01 secs] 
2016-09-15T12:35:34.402-0400: 161.656: [GC (GCLocker Initiated GC) [PSYoungGen: 143447K->55287K(175104K)] 411680K->347900K(699392K), 0.0236486 secs] [Times: user=0.19 sys=0.00, real=0.02 secs] 
2016-09-15T12:35:34.541-0400: 161.795: [GC (GCLocker Initiated GC) [PSYoungGen: 143351K->79555K(175104K)] 442092K->396805K(699392K), 0.0111577 secs] [Times: user=0.08 sys=0.00, real=0.01 secs] 
2016-09-15T12:35:34.678-0400: 161.931: [GC (GCLocker Initiated GC) [PSYoungGen: 167619K->49404K(175104K)] 485061K->446145K(699392K), 0.0115553 secs] [Times: user=0.13 sys=0.02, real=0.01 secs] 
2016-09-15T12:35:34.831-0400: 162.085: [GC (GCLocker Initiated GC) [PSYoungGen: 137468K->73640K(175104K)] 540555K->495088K(699392K), 0.0103690 secs] [Times: user=0.13 sys=0.00, real=0.01 secs] 
2016-09-15T12:35:34.963-0400: 162.216: [GC (GCLocker Initiated GC) [PSYoungGen: 161704K->55351K(175104K)] 584018K->514275K(699392K), 0.0112596 secs] [Times: user=0.16 sys=0.00, real=0.01 secs] 
2016-09-15T12:35:34.974-0400: 162.227: [Full GC (Ergonomics) [PSYoungGen: 55351K->0K(175104K)] [ParOldGen: 458924K->53055K(524288K)] 514275K->53055K(699392K), [Metaspace: 44521K->44521K(1087488K)], 0.0641573 secs] [Times: user=0.42 sys=0.00, real=0.07 secs] 
2016-09-15T12:35:35.153-0400: 162.406: [GC (GCLocker Initiated GC) [PSYoungGen: 88059K->73740K(175104K)] 147534K->133214K(699392K), 0.0081929 secs] [Times: user=0.09 sys=0.00, real=0.01 secs] 
2016-09-15T12:35:35.301-0400: 162.554: [GC (GCLocker Initiated GC) [PSYoungGen: 161804K->67241K(175104K)] 221607K->145552K(699392K), 0.0124016 secs] [Times: user=0.13 sys=0.00, real=0.01 secs] 
2016-09-15T12:35:35.474-0400: 162.728: [GC (GCLocker Initiated GC) [PSYoungGen: 155305K->73444K(175104K)] 233658K->151901K(699392K), 0.0076085 secs] [Times: user=0.08 sys=0.00, real=0.01 secs] 
2016-09-15T12:35:35.613-0400: 162.866: [GC (GCLocker Initiated GC) [PSYoungGen: 161508K->61326K(175104K)] 246390K->188869K(699392K), 0.0096553 secs] [Times: user=0.10 sys=0.00, real=0.01 secs] 
2016-09-15T12:35:35.762-0400: 163.016: [GC (GCLocker Initiated GC) [PSYoungGen: 149390K->49248K(175104K)] 277137K->195315K(699392K), 0.0183755 secs] [Times: user=0.22 sys=0.00, real=0.02 secs] 
2016-09-15T12:35:35.874-0400: 163.128: [GC (GCLocker Initiated GC) [PSYoungGen: 137312K->85790K(175104K)] 283517K->256610K(699392K), 0.0188787 secs] [Times: user=0.23 sys=0.01, real=0.02 secs] 
2016-09-15T12:35:36.015-0400: 163.269: [GC (GCLocker Initiated GC) [PSYoungGen: 173854K->55419K(175104K)] 350972K->269098K(699392K), 0.0236923 secs] [Times: user=0.30 sys=0.01, real=0.03 secs] 
2016-09-15T12:35:36.158-0400: 163.411: [GC (GCLocker Initiated GC) [PSYoungGen: 143483K->73772K(175104K)] 363525K->294074K(699392K), 0.0315507 secs] [Times: user=0.41 sys=0.01, real=0.03 secs] 
2016-09-15T12:35:36.303-0400: 163.556: [GC (GCLocker Initiated GC) [PSYoungGen: 161836K->55387K(175104K)] 388580K->300623K(699392K), 0.0092447 secs] [Times: user=0.10 sys=0.00, real=0.01 secs] 
2016-09-15T12:35:36.449-0400: 163.703: [GC (GCLocker Initiated GC) [PSYoungGen: 143451K->73576K(175104K)] 394951K->343592K(699392K), 0.0139528 secs] [Times: user=0.17 sys=0.00, real=0.01 secs] 
2016-09-15T12:35:36.582-0400: 163.835: [GC (Allocation Failure) [PSYoungGen: 161640K->43429K(175104K)] 432330K->314246K(699392K), 0.0085205 secs] [Times: user=0.13 sys=0.00, real=0.01 secs] 
2016-09-15T12:35:36.692-0400: 163.945: [GC (GCLocker Initiated GC) [PSYoungGen: 126906K->67597K(175104K)] 403799K->393429K(699392K), 0.0124351 secs] [Times: user=0.18 sys=0.00, real=0.01 secs] 
2016-09-15T12:35:36.830-0400: 164.083: [GC (GCLocker Initiated GC) [PSYoungGen: 155661K->85822K(175104K)] 487817K->436495K(699392K), 0.0140546 secs] [Times: user=0.19 sys=0.01, real=0.01 secs] 
2016-09-15T12:35:36.971-0400: 164.225: [GC (GCLocker Initiated GC) [PSYoungGen: 173886K->61622K(175104K)] 524792K->443210K(699392K), 0.0112836 secs] [Times: user=0.09 sys=0.01, real=0.01 secs] 
2016-09-15T12:35:37.117-0400: 164.371: [GC (GCLocker Initiated GC) [PSYoungGen: 149686K->73704K(175104K)] 537704K->498496K(699392K), 0.0120654 secs] [Times: user=0.13 sys=0.00, real=0.01 secs] 
2016-09-15T12:35:37.244-0400: 164.498: [GC (GCLocker Initiated GC) [PSYoungGen: 161768K->85730K(175104K)] 586658K->510723K(699392K), 0.0145974 secs] [Times: user=0.15 sys=0.00, real=0.02 secs] 
2016-09-15T12:35:37.392-0400: 164.645: [GC (GCLocker Initiated GC) [PSYoungGen: 173794K->49212K(175104K)] 604937K->529403K(699392K), 0.0187200 secs] [Times: user=0.18 sys=0.00, real=0.02 secs] 
2016-09-15T12:35:37.411-0400: 164.664: [Full GC (Ergonomics) [PSYoungGen: 49212K->0K(175104K)] [ParOldGen: 480191K->47167K(524288K)] 529403K->47167K(699392K), [Metaspace: 44530K->44530K(1087488K)], 0.0630059 secs] [Times: user=0.32 sys=0.01, real=0.06 secs] 
2016-09-15T12:35:37.587-0400: 164.840: [GC (GCLocker Initiated GC) [PSYoungGen: 88064K->80039K(175104K)] 141466K->133441K(699392K), 0.0229789 secs] [Times: user=0.25 sys=0.00, real=0.03 secs] 
2016-09-15T12:35:37.725-0400: 164.978: [GC (GCLocker Initiated GC) [PSYoungGen: 168103K->61490K(175104K)] 221844K->164731K(699392K), 0.0138719 secs] [Times: user=0.17 sys=0.01, real=0.02 secs] 
2016-09-15T12:35:37.858-0400: 165.111: [GC (GCLocker Initiated GC) [PSYoungGen: 149554K->85822K(175104K)] 258990K->213791K(699392K), 0.0098146 secs] [Times: user=0.12 sys=0.00, real=0.01 secs] 
2016-09-15T12:35:38.013-0400: 165.266: [GC (GCLocker Initiated GC) [PSYoungGen: 173886K->31246K(175104K)] 307943K->226337K(699392K), 0.0348961 secs] [Times: user=0.42 sys=0.00, real=0.04 secs] 
2016-09-15T12:35:38.150-0400: 165.403: [GC (GCLocker Initiated GC) [PSYoungGen: 119310K->79651K(175104K)] 314449K->299537K(699392K), 0.0109476 secs] [Times: user=0.10 sys=0.00, real=0.01 secs] 
2016-09-15T12:35:38.287-0400: 165.540: [GC (Allocation Failure) [PSYoungGen: 167715K->49244K(175104K)] 387776K->318189K(699392K), 0.0114564 secs] [Times: user=0.12 sys=0.00, real=0.02 secs] 
2016-09-15T12:35:38.450-0400: 165.704: [GC (GCLocker Initiated GC) [PSYoungGen: 136694K->37094K(175104K)] 411714K->330606K(699392K), 0.0192937 secs] [Times: user=0.19 sys=0.02, real=0.02 secs] 
2016-09-15T12:35:38.591-0400: 165.845: [GC (GCLocker Initiated GC) [PSYoungGen: 125158K->79683K(175104K)] 418752K->391621K(699392K), 0.0315772 secs] [Times: user=0.35 sys=0.00, real=0.03 secs] 
2016-09-15T12:35:38.730-0400: 165.983: [GC (GCLocker Initiated GC) [PSYoungGen: 167747K->85954K(175104K)] 479895K->471162K(699392K), 0.0141393 secs] [Times: user=0.14 sys=0.00, real=0.01 secs] 
2016-09-15T12:35:38.881-0400: 166.134: [GC (GCLocker Initiated GC) [PSYoungGen: 174018K->55451K(175104K)] 577778K->502003K(699392K), 0.0134285 secs] [Times: user=0.15 sys=0.00, real=0.01 secs] 
2016-09-15T12:35:38.895-0400: 166.148: [Full GC (Ergonomics) [PSYoungGen: 55451K->0K(175104K)] [ParOldGen: 446552K->59282K(524288K)] 502003K->59282K(699392K), [Metaspace: 44530K->44530K(1087488K)], 0.0644045 secs] [Times: user=0.39 sys=0.00, real=0.07 secs] 
2016-09-15T12:35:39.059-0400: 166.312: [GC (GCLocker Initiated GC) [PSYoungGen: 88064K->85822K(175104K)] 147461K->151294K(699392K), 0.0081003 secs] [Times: user=0.10 sys=0.00, real=0.00 secs] 
2016-09-15T12:35:39.176-0400: 166.430: [GC (GCLocker Initiated GC) [PSYoungGen: 173886K->79975K(175104K)] 239496K->194509K(699392K), 0.0124465 secs] [Times: user=0.13 sys=0.00, real=0.01 secs] 
2016-09-15T12:35:39.315-0400: 166.569: [GC (GCLocker Initiated GC) [PSYoungGen: 168039K->43005K(175104K)] 288741K->206687K(699392K), 0.0099722 secs] [Times: user=0.09 sys=0.00, real=0.01 secs] 
2016-09-15T12:35:39.456-0400: 166.709: [GC (GCLocker Initiated GC) [PSYoungGen: 131069K->85626K(175104K)] 300936K->292070K(699392K), 0.0280942 secs] [Times: user=0.29 sys=0.00, real=0.02 secs] 
2016-09-15T12:35:39.610-0400: 166.863: [GC (Allocation Failure) [PSYoungGen: 173690K->43237K(175104K)] 380360K->316820K(699392K), 0.0268873 secs] [Times: user=0.25 sys=0.00, real=0.03 secs] 
2016-09-15T12:35:39.737-0400: 166.990: [GC (GCLocker Initiated GC) [PSYoungGen: 125997K->73772K(175104K)] 405656K->353714K(699392K), 0.0170736 secs] [Times: user=0.18 sys=0.00, real=0.01 secs] 
2016-09-15T12:35:39.887-0400: 167.141: [GC (GCLocker Initiated GC) [PSYoungGen: 161836K->36934K(175104K)] 447945K->359909K(699392K), 0.0097633 secs] [Times: user=0.06 sys=0.00, real=0.02 secs] 
2016-09-15T12:35:40.041-0400: 167.294: [GC (Allocation Failure) [PSYoungGen: 124998K->73512K(175104K)] 448227K->439386K(699392K), 0.0164792 secs] [Times: user=0.20 sys=0.00, real=0.02 secs] 
2016-09-15T12:35:40.185-0400: 167.439: [GC (GCLocker Initiated GC) [PSYoungGen: 155521K->55251K(175104K)] 527471K->476108K(699392K), 0.0105153 secs] [Times: user=0.15 sys=0.00, real=0.02 secs] 
2016-09-15T12:35:40.291-0400: 167.545: [GC (GCLocker Initiated GC) [PSYoungGen: 143315K->85954K(175104K)] 564295K->513144K(699392K), 0.0086760 secs] [Times: user=0.11 sys=0.00, real=0.01 secs] 
2016-09-15T12:35:40.427-0400: 167.680: [GC (GCLocker Initiated GC) [PSYoungGen: 174018K->85922K(175104K)] 607515K->525802K(699392K), 0.0082008 secs] [Times: user=0.13 sys=0.00, real=0.01 secs] 
2016-09-15T12:35:40.536-0400: 167.789: [GC (GCLocker Initiated GC) [PSYoungGen: 173986K->67565K(175104K)] 614044K->562629K(699392K), 0.0117755 secs] [Times: user=0.15 sys=0.00, real=0.01 secs] 
2016-09-15T12:35:40.548-0400: 167.801: [Full GC (Ergonomics) [PSYoungGen: 67565K->0K(175104K)] [ParOldGen: 495064K->53359K(524288K)] 562629K->53359K(699392K), [Metaspace: 44541K->44541K(1087488K)], 0.0616924 secs] [Times: user=0.42 sys=0.01, real=0.06 secs] 
2016-09-15T12:35:40.715-0400: 167.968: [GC (GCLocker Initiated GC) [PSYoungGen: 88064K->86046K(175104K)] 141625K->145682K(699392K), 0.0115850 secs] [Times: user=0.13 sys=0.00, real=0.01 secs] 
2016-09-15T12:35:40.846-0400: 168.099: [GC (GCLocker Initiated GC) [PSYoungGen: 174110K->79683K(175104K)] 239960K->231154K(699392K), 0.0129708 secs] [Times: user=0.20 sys=0.00, real=0.02 secs] 
2016-09-15T12:35:40.983-0400: 168.236: [GC (GCLocker Initiated GC) [PSYoungGen: 167747K->43169K(175104K)] 319367K->225283K(699392K), 0.0085574 secs] [Times: user=0.08 sys=0.01, real=0.01 secs] 
2016-09-15T12:35:41.125-0400: 168.378: [GC (GCLocker Initiated GC) [PSYoungGen: 131233K->73676K(175104K)] 319566K->280533K(699392K), 0.0152071 secs] [Times: user=0.17 sys=0.00, real=0.02 secs] 
2016-09-15T12:35:41.273-0400: 168.526: [GC (GCLocker Initiated GC) [PSYoungGen: 161740K->73540K(175104K)] 368914K->341960K(699392K), 0.0113267 secs] [Times: user=0.16 sys=0.00, real=0.01 secs] 
2016-09-15T12:35:41.411-0400: 168.664: [GC (GCLocker Initiated GC) [PSYoungGen: 161604K->73936K(175104K)] 436246K->348722K(699392K), 0.0078475 secs] [Times: user=0.11 sys=0.00, real=0.01 secs] 
2016-09-15T12:35:41.552-0400: 168.806: [GC (GCLocker Initiated GC) [PSYoungGen: 162000K->67337K(175104K)] 437001K->360995K(699392K), 0.0175414 secs] [Times: user=0.20 sys=0.00, real=0.02 secs] 
2016-09-15T12:35:41.697-0400: 168.951: [GC (Allocation Failure) [PSYoungGen: 155401K->67629K(175104K)] 455198K->422252K(699392K), 0.0216678 secs] [Times: user=0.25 sys=0.00, real=0.02 secs] 
2016-09-15T12:35:41.839-0400: 169.092: [GC (GCLocker Initiated GC) [PSYoungGen: 155693K->61426K(175104K)] 510322K->458864K(699392K), 0.0125814 secs] [Times: user=0.10 sys=0.01, real=0.01 secs] 
2016-09-15T12:35:41.964-0400: 169.217: [GC (GCLocker Initiated GC) [PSYoungGen: 149490K->61458K(175104K)] 553118K->465378K(699392K), 0.0136277 secs] [Times: user=0.20 sys=0.00, real=0.02 secs] 
2016-09-15T12:35:42.102-0400: 169.355: [GC (GCLocker Initiated GC) [PSYoungGen: 149522K->55447K(175104K)] 559873K->508474K(699392K), 0.0131417 secs] [Times: user=0.15 sys=0.00, real=0.01 secs] 
2016-09-15T12:35:42.115-0400: 169.369: [Full GC (Ergonomics) [PSYoungGen: 55447K->0K(175104K)] [ParOldGen: 453027K->53446K(524288K)] 508474K->53446K(699392K), [Metaspace: 44547K->44547K(1087488K)], 0.0662458 secs] [Times: user=0.46 sys=0.02, real=0.07 secs] 
2016-09-15T12:35:42.307-0400: 169.561: [GC (GCLocker Initiated GC) [PSYoungGen: 88064K->86538K(175104K)] 147947K->146421K(699392K), 0.0099628 secs] [Times: user=0.10 sys=0.00, real=0.02 secs] 
2016-09-15T12:35:42.444-0400: 169.697: [GC (GCLocker Initiated GC) [PSYoungGen: 174602K->85790K(175104K)] 234561K->201144K(699392K), 0.0109038 secs] [Times: user=0.16 sys=0.00, real=0.01 secs] 
2016-09-15T12:35:42.563-0400: 169.816: [GC (GCLocker Initiated GC) [PSYoungGen: 173854K->79779K(175104K)] 289423K->256274K(699392K), 0.0113892 secs] [Times: user=0.14 sys=0.01, real=0.01 secs] 
2016-09-15T12:35:42.686-0400: 169.940: [GC (Allocation Failure) [PSYoungGen: 167843K->73704K(175104K)] 344609K->329769K(699392K), 0.0119095 secs] [Times: user=0.17 sys=0.01, real=0.02 secs] 
2016-09-15T12:35:42.818-0400: 170.072: [GC (GCLocker Initiated GC) [PSYoungGen: 161768K->73576K(175104K)] 417838K->366396K(699392K), 0.0099897 secs] [Times: user=0.12 sys=0.00, real=0.01 secs] 
2016-09-15T12:35:42.934-0400: 170.188: [GC (GCLocker Initiated GC) [PSYoungGen: 161640K->86182K(175104K)] 454525K->427834K(699392K), 0.0100091 secs] [Times: user=0.15 sys=0.00, real=0.01 secs] 
2016-09-15T12:35:43.085-0400: 170.338: [GC (GCLocker Initiated GC) [PSYoungGen: 174246K->85790K(175104K)] 515986K->494834K(699392K), 0.0232467 secs] [Times: user=0.30 sys=0.01, real=0.03 secs] 
2016-09-15T12:35:43.227-0400: 170.481: [GC (GCLocker Initiated GC) [PSYoungGen: 173854K->73608K(175104K)] 588998K->525486K(699392K), 0.0136165 secs] [Times: user=0.14 sys=0.01, real=0.02 secs] 
2016-09-15T12:35:43.241-0400: 170.494: [Full GC (Ergonomics) [PSYoungGen: 73608K->0K(175104K)] [ParOldGen: 451878K->53372K(524288K)] 525486K->53372K(699392K), [Metaspace: 44549K->44549K(1087488K)], 0.0623351 secs] [Times: user=0.38 sys=0.00, real=0.06 secs] 
2016-09-15T12:35:43.442-0400: 170.695: [GC (GCLocker Initiated GC) [PSYoungGen: 88064K->85918K(175104K)] 147875K->163954K(699392K), 0.0144391 secs] [Times: user=0.17 sys=0.00, real=0.02 secs] 
2016-09-15T12:35:43.572-0400: 170.825: [GC (GCLocker Initiated GC) [PSYoungGen: 173982K->61458K(175104K)] 252087K->188890K(699392K), 0.0103014 secs] [Times: user=0.10 sys=0.00, real=0.01 secs] 
2016-09-15T12:35:43.716-0400: 170.969: [GC (GCLocker Initiated GC) [PSYoungGen: 149522K->55419K(175104K)] 283099K->231648K(699392K), 0.0358284 secs] [Times: user=0.35 sys=0.01, real=0.03 secs] 
2016-09-15T12:35:43.857-0400: 171.110: [GC (Allocation Failure) [PSYoungGen: 143483K->85822K(175104K)] 320079K->268793K(699392K), 0.0278838 secs] [Times: user=0.38 sys=0.01, real=0.02 secs] 
2016-09-15T12:35:43.885-0400: 171.138: [GC (GCLocker Initiated GC) [PSYoungGen: 85832K->32K(175104K)] 268803K->274523K(699392K), 0.0086570 secs] [Times: user=0.10 sys=0.00, real=0.01 secs] 
2016-09-15T12:35:44.034-0400: 171.287: [GC (Allocation Failure) [PSYoungGen: 88096K->85954K(175104K)] 362587K->372595K(699392K), 0.0137994 secs] [Times: user=0.18 sys=0.00, real=0.01 secs] 
2016-09-15T12:35:44.151-0400: 171.405: [GC (GCLocker Initiated GC) [PSYoungGen: 173203K->85822K(175104K)] 465920K->421707K(699392K), 0.0120083 secs] [Times: user=0.17 sys=0.00, real=0.01 secs] 
2016-09-15T12:35:44.321-0400: 171.575: [GC (GCLocker Initiated GC) [PSYoungGen: 173886K->37290K(175104K)] 522265K->416295K(699392K), 0.0111051 secs] [Times: user=0.09 sys=0.01, real=0.01 secs] 
2016-09-15T12:35:44.464-0400: 171.717: [GC (GCLocker Initiated GC) [PSYoungGen: 125354K->61462K(175104K)] 504692K->441044K(699392K), 0.0092717 secs] [Times: user=0.08 sys=0.00, real=0.01 secs] 
2016-09-15T12:35:44.576-0400: 171.830: [GC (GCLocker Initiated GC) [PSYoungGen: 149526K->79551K(175104K)] 529162K->502191K(699392K), 0.0194015 secs] [Times: user=0.27 sys=0.00, real=0.02 secs] 
2016-09-15T12:35:44.685-0400: 171.938: [GC (GCLocker Initiated GC) [PSYoungGen: 167615K->79979K(175104K)] 596692K->563874K(699392K), 0.0131980 secs] [Times: user=0.15 sys=0.00, real=0.02 secs] 
2016-09-15T12:35:44.698-0400: 171.952: [Full GC (Ergonomics) [PSYoungGen: 79979K->0K(175104K)] [ParOldGen: 483895K->59516K(524288K)] 563874K->59516K(699392K), [Metaspace: 44549K->44549K(1087488K)], 0.0640333 secs] [Times: user=0.50 sys=0.02, real=0.06 secs] 
2016-09-15T12:35:44.888-0400: 172.142: [GC (GCLocker Initiated GC) [PSYoungGen: 88064K->74423K(175104K)] 153928K->140288K(699392K), 0.0083710 secs] [Times: user=0.07 sys=0.01, real=0.01 secs] 
2016-09-15T12:35:45.035-0400: 172.288: [GC (Allocation Failure) [PSYoungGen: 162487K->43201K(175104K)] 234670K->152880K(699392K), 0.0190786 secs] [Times: user=0.23 sys=0.00, real=0.02 secs] 
2016-09-15T12:35:45.199-0400: 172.453: [GC (GCLocker Initiated GC) [PSYoungGen: 131265K->61230K(175104K)] 240944K->171161K(699392K), 0.0150328 secs] [Times: user=0.14 sys=0.00, real=0.01 secs] 
2016-09-15T12:35:45.337-0400: 172.590: [GC (GCLocker Initiated GC) [PSYoungGen: 149294K->73868K(175104K)] 259419K->220578K(699392K), 0.0081167 secs] [Times: user=0.11 sys=0.00, real=0.00 secs] 
2016-09-15T12:35:45.442-0400: 172.695: [GC (Allocation Failure) [PSYoungGen: 161932K->85854K(175104K)] 308981K->269669K(699392K), 0.0104134 secs] [Times: user=0.15 sys=0.00, real=0.01 secs] 
2016-09-15T12:35:45.453-0400: 172.706: [GC (GCLocker Initiated GC) [PSYoungGen: 85871K->64K(175104K)] 269686K->287565K(699392K), 0.0092732 secs] [Times: user=0.11 sys=0.00, real=0.01 secs] 
2016-09-15T12:35:45.591-0400: 172.844: [GC (GCLocker Initiated GC) [PSYoungGen: 84798K->86146K(175104K)] 378375K->404023K(699392K), 0.0101767 secs] [Times: user=0.10 sys=0.01, real=0.01 secs] 
2016-09-15T12:35:45.718-0400: 172.971: [GC (GCLocker Initiated GC) [PSYoungGen: 174210K->55611K(175104K)] 498321K->435289K(699392K), 0.0235338 secs] [Times: user=0.28 sys=0.01, real=0.02 secs] 
2016-09-15T12:35:45.856-0400: 173.109: [GC (GCLocker Initiated GC) [PSYoungGen: 143675K->73512K(175104K)] 529487K->477840K(699392K), 0.0131117 secs] [Times: user=0.14 sys=0.00, real=0.01 secs] 
2016-09-15T12:35:46.011-0400: 173.264: [GC (GCLocker Initiated GC) [PSYoungGen: 161576K->43009K(175104K)] 578236K->502446K(699392K), 0.0118301 secs] [Times: user=0.10 sys=0.00, real=0.01 secs] 
2016-09-15T12:35:46.023-0400: 173.276: [Full GC (Ergonomics) [PSYoungGen: 43009K->0K(175104K)] [ParOldGen: 459437K->53281K(524288K)] 502446K->53281K(699392K), [Metaspace: 44549K->44549K(1087488K)], 0.0627863 secs] [Times: user=0.32 sys=0.01, real=0.06 secs] 
2016-09-15T12:35:46.209-0400: 173.462: [GC (Allocation Failure) [PSYoungGen: 88064K->86214K(175104K)] 141527K->151827K(699392K), 0.0119422 secs] [Times: user=0.11 sys=0.00, real=0.01 secs] 
2016-09-15T12:35:46.346-0400: 173.599: [GC (GCLocker Initiated GC) [PSYoungGen: 174278K->61394K(175104K)] 239891K->176483K(699392K), 0.0185539 secs] [Times: user=0.20 sys=0.01, real=0.02 secs] 
2016-09-15T12:35:46.507-0400: 173.760: [GC (GCLocker Initiated GC) [PSYoungGen: 149458K->54995K(175104K)] 264549K->194481K(699392K), 0.0106153 secs] [Times: user=0.08 sys=0.00, real=0.02 secs] 
2016-09-15T12:35:46.644-0400: 173.898: [GC (GCLocker Initiated GC) [PSYoungGen: 143059K->85626K(175104K)] 282728K->237548K(699392K), 0.0196691 secs] [Times: user=0.17 sys=0.00, real=0.02 secs] 
2016-09-15T12:35:46.756-0400: 174.009: [GC (GCLocker Initiated GC) [PSYoungGen: 173690K->49248K(175104K)] 325727K->249980K(699392K), 0.0138017 secs] [Times: user=0.09 sys=0.01, real=0.01 secs] 
2016-09-15T12:35:46.904-0400: 174.158: [GC (GCLocker Initiated GC) [PSYoungGen: 137312K->31378K(175104K)] 344358K->311617K(699392K), 0.0183580 secs] [Times: user=0.19 sys=0.00, real=0.02 secs] 
2016-09-15T12:35:47.024-0400: 174.277: [GC (GCLocker Initiated GC) [PSYoungGen: 119442K->85886K(175104K)] 400031K->409478K(699392K), 0.0153813 secs] [Times: user=0.17 sys=0.00, real=0.02 secs] 
2016-09-15T12:35:47.151-0400: 174.404: [GC (GCLocker Initiated GC) [PSYoungGen: 173950K->55611K(175104K)] 503806K->440474K(699392K), 0.0134860 secs] [Times: user=0.20 sys=0.00, real=0.01 secs] 
2016-09-15T12:35:47.301-0400: 174.554: [GC (GCLocker Initiated GC) [PSYoungGen: 143675K->36802K(175104K)] 540860K->452480K(699392K), 0.0207773 secs] [Times: user=0.19 sys=0.00, real=0.02 secs] 
2016-09-15T12:35:47.457-0400: 174.710: [GC (GCLocker Initiated GC) [PSYoungGen: 124866K->73640K(175104K)] 552870K->501803K(699392K), 0.0115306 secs] [Times: user=0.13 sys=0.00, real=0.01 secs] 
2016-09-15T12:35:47.604-0400: 174.858: [Full GC (Ergonomics) [PSYoungGen: 161704K->0K(175104K)] [ParOldGen: 434476K->54197K(524288K)] 596180K->54197K(699392K), [Metaspace: 44549K->44549K(1087488K)], 0.0703264 secs] [Times: user=0.45 sys=0.01, real=0.07 secs] 
2016-09-15T12:35:47.788-0400: 175.041: [GC (GCLocker Initiated GC) [PSYoungGen: 88064K->73480K(175104K)] 142820K->128236K(699392K), 0.0099793 secs] [Times: user=0.06 sys=0.00, real=0.01 secs] 
2016-09-15T12:35:47.898-0400: 175.151: [GC (GCLocker Initiated GC) [PSYoungGen: 161544K->85690K(175104K)] 216551K->220159K(699392K), 0.0228980 secs] [Times: user=0.33 sys=0.00, real=0.02 secs] 
2016-09-15T12:35:48.026-0400: 175.279: [GC (GCLocker Initiated GC) [PSYoungGen: 173754K->86018K(175104K)] 314346K->293587K(699392K), 0.0144523 secs] [Times: user=0.23 sys=0.00, real=0.02 secs] 
2016-09-15T12:35:48.181-0400: 175.435: [GC (GCLocker Initiated GC) [PSYoungGen: 174082K->37713K(175104K)] 393983K->318852K(699392K), 0.0088141 secs] [Times: user=0.12 sys=0.00, real=0.01 secs] 
2016-09-15T12:35:48.327-0400: 175.580: [GC (GCLocker Initiated GC) [PSYoungGen: 125777K->55255K(175104K)] 419108K->367077K(699392K), 0.0094028 secs] [Times: user=0.07 sys=0.00, real=0.02 secs] 
2016-09-15T12:35:48.466-0400: 175.719: [GC (GCLocker Initiated GC) [PSYoungGen: 143319K->73676K(175104K)] 461510K->416271K(699392K), 0.0142862 secs] [Times: user=0.13 sys=0.00, real=0.02 secs] 
2016-09-15T12:35:48.612-0400: 175.866: [GC (GCLocker Initiated GC) [PSYoungGen: 161740K->85822K(175104K)] 504662K->453311K(699392K), 0.0136513 secs] [Times: user=0.17 sys=0.00, real=0.01 secs] 
2016-09-15T12:35:48.751-0400: 176.004: [GC (Allocation Failure) [PSYoungGen: 173886K->37098K(175104K)] 541731K->423255K(699392K), 0.0113479 secs] [Times: user=0.07 sys=0.00, real=0.01 secs] 
2016-09-15T12:35:48.879-0400: 176.132: [GC (GCLocker Initiated GC) [PSYoungGen: 125162K->85694K(175104K)] 511325K->490365K(699392K), 0.0287739 secs] [Times: user=0.37 sys=0.00, real=0.02 secs] 
2016-09-15T12:35:49.031-0400: 176.284: [GC (Allocation Failure) [PSYoungGen: 173758K->85854K(175104K)] 578482K->545397K(699392K), 0.0134081 secs] [Times: user=0.17 sys=0.01, real=0.01 secs] 
2016-09-15T12:35:49.044-0400: 176.298: [Full GC (Ergonomics) [PSYoungGen: 85854K->0K(175104K)] [ParOldGen: 459543K->53846K(524288K)] 545397K->53846K(699392K), [Metaspace: 44549K->44549K(1087488K)], 0.0604645 secs] [Times: user=0.41 sys=0.00, real=0.06 secs] 
2016-09-15T12:35:49.223-0400: 176.476: [GC (GCLocker Initiated GC) [PSYoungGen: 88064K->86406K(175104K)] 147986K->170628K(699392K), 0.0110191 secs] [Times: user=0.14 sys=0.00, real=0.01 secs] 
2016-09-15T12:35:49.349-0400: 176.602: [GC (GCLocker Initiated GC) [PSYoungGen: 174470K->67533K(175104K)] 259059K->225946K(699392K), 0.0116670 secs] [Times: user=0.18 sys=0.00, real=0.01 secs] 
2016-09-15T12:35:49.466-0400: 176.719: [GC (GCLocker Initiated GC) [PSYoungGen: 155597K->85854K(175104K)] 314270K->299361K(699392K), 0.0118717 secs] [Times: user=0.18 sys=0.00, real=0.02 secs] 
2016-09-15T12:35:49.602-0400: 176.855: [GC (Allocation Failure) [PSYoungGen: 173918K->43333K(175104K)] 387922K->293890K(699392K), 0.0242452 secs] [Times: user=0.28 sys=0.00, real=0.02 secs] 
2016-09-15T12:35:49.626-0400: 176.880: [GC (GCLocker Initiated GC) [PSYoungGen: 44048K->387K(175104K)] 294606K->306161K(699392K), 0.0079288 secs] [Times: user=0.06 sys=0.00, real=0.01 secs] 
2016-09-15T12:35:49.748-0400: 177.002: [GC (GCLocker Initiated GC) [PSYoungGen: 87579K->85690K(175104K)] 399427K->403785K(699392K), 0.0126767 secs] [Times: user=0.15 sys=0.00, real=0.01 secs] 
2016-09-15T12:35:49.881-0400: 177.135: [GC (GCLocker Initiated GC) [PSYoungGen: 173754K->67729K(175104K)] 498090K->446899K(699392K), 0.0098012 secs] [Times: user=0.13 sys=0.00, real=0.01 secs] 
2016-09-15T12:35:50.009-0400: 177.262: [GC (GCLocker Initiated GC) [PSYoungGen: 155793K->74132K(175104K)] 535128K->496471K(699392K), 0.0100412 secs] [Times: user=0.13 sys=0.01, real=0.01 secs] 
2016-09-15T12:35:50.150-0400: 177.404: [GC (GCLocker Initiated GC) [PSYoungGen: 162196K->73640K(175104K)] 584548K->514361K(699392K), 0.0123120 secs] [Times: user=0.17 sys=0.00, real=0.01 secs] 
2016-09-15T12:35:50.163-0400: 177.416: [Full GC (Ergonomics) [PSYoungGen: 73640K->0K(175104K)] [ParOldGen: 440721K->47791K(524288K)] 514361K->47791K(699392K), [Metaspace: 44553K->44553K(1087488K)], 0.0698623 secs] [Times: user=0.55 sys=0.00, real=0.07 secs] 
2016-09-15T12:35:50.344-0400: 177.597: [GC (GCLocker Initiated GC) [PSYoungGen: 88064K->86246K(175104K)] 141978K->176610K(699392K), 0.0098934 secs] [Times: user=0.15 sys=0.00, real=0.01 secs] 
2016-09-15T12:35:50.478-0400: 177.731: [GC (GCLocker Initiated GC) [PSYoungGen: 174310K->55807K(175104K)] 270948K->219749K(699392K), 0.0100774 secs] [Times: user=0.14 sys=0.00, real=0.01 secs] 
2016-09-15T12:35:50.608-0400: 177.861: [GC (GCLocker Initiated GC) [PSYoungGen: 143871K->61426K(175104K)] 307983K->268347K(699392K), 0.0159414 secs] [Times: user=0.17 sys=0.00, real=0.01 secs] 
2016-09-15T12:35:50.743-0400: 177.997: [GC (GCLocker Initiated GC) [PSYoungGen: 149490K->85658K(175104K)] 356459K->359767K(699392K), 0.0122228 secs] [Times: user=0.17 sys=0.00, real=0.02 secs] 
2016-09-15T12:35:50.863-0400: 178.116: [GC (GCLocker Initiated GC) [PSYoungGen: 173722K->79879K(175104K)] 447952K->408935K(699392K), 0.0121042 secs] [Times: user=0.18 sys=0.01, real=0.01 secs] 
2016-09-15T12:35:51.009-0400: 178.262: [GC (GCLocker Initiated GC) [PSYoungGen: 167943K->73772K(175104K)] 497327K->421836K(699392K), 0.0104042 secs] [Times: user=0.11 sys=0.00, real=0.01 secs] 
2016-09-15T12:35:51.149-0400: 178.402: [GC (GCLocker Initiated GC) [PSYoungGen: 161836K->61394K(175104K)] 522120K->440194K(699392K), 0.0106814 secs] [Times: user=0.13 sys=0.00, real=0.01 secs] 
2016-09-15T12:35:51.268-0400: 178.521: [GC (Allocation Failure) [PSYoungGen: 149458K->73704K(175104K)] 528294K->501300K(699392K), 0.0141817 secs] [Times: user=0.18 sys=0.01, real=0.01 secs] 
2016-09-15T12:35:51.402-0400: 178.656: [GC (GCLocker Initiated GC) [PSYoungGen: 158155K->67569K(175104K)] 591826K->507606K(699392K), 0.0165662 secs] [Times: user=0.17 sys=0.01, real=0.02 secs] 
2016-09-15T12:35:51.419-0400: 178.672: [Full GC (Ergonomics) [PSYoungGen: 67569K->0K(175104K)] [ParOldGen: 440037K->53890K(524288K)] 507606K->53890K(699392K), [Metaspace: 44555K->44555K(1087488K)], 0.0678872 secs] [Times: user=0.51 sys=0.00, real=0.06 secs] 
2016-09-15T12:35:51.615-0400: 178.869: [GC (GCLocker Initiated GC) [PSYoungGen: 88064K->86282K(175104K)] 142169K->164688K(699392K), 0.0114019 secs] [Times: user=0.14 sys=0.01, real=0.01 secs] 
2016-09-15T12:35:51.760-0400: 179.013: [GC (GCLocker Initiated GC) [PSYoungGen: 174346K->49372K(175104K)] 265039K->195228K(699392K), 0.0144737 secs] [Times: user=0.20 sys=0.00, real=0.01 secs] 
2016-09-15T12:35:51.905-0400: 179.158: [GC (GCLocker Initiated GC) [PSYoungGen: 137436K->85854K(175104K)] 283559K->262503K(699392K), 0.0099541 secs] [Times: user=0.15 sys=0.00, real=0.01 secs] 
2016-09-15T12:35:52.060-0400: 179.313: [GC (GCLocker Initiated GC) [PSYoungGen: 173918K->55187K(175104K)] 362989K->274932K(699392K), 0.0096380 secs] [Times: user=0.09 sys=0.00, real=0.01 secs] 
2016-09-15T12:35:52.191-0400: 179.444: [GC (GCLocker Initiated GC) [PSYoungGen: 143251K->85822K(175104K)] 363044K->330042K(699392K), 0.0216935 secs] [Times: user=0.28 sys=0.00, real=0.02 secs] 
2016-09-15T12:35:52.309-0400: 179.562: [GC (GCLocker Initiated GC) [PSYoungGen: 173886K->79847K(175104K)] 418350K->373202K(699392K), 0.0191391 secs] [Times: user=0.24 sys=0.00, real=0.02 secs] 
2016-09-15T12:35:52.444-0400: 179.697: [GC (GCLocker Initiated GC) [PSYoungGen: 167911K->55287K(175104K)] 461476K->397720K(699392K), 0.0141264 secs] [Times: user=0.12 sys=0.00, real=0.02 secs] 
2016-09-15T12:35:52.567-0400: 179.821: [GC (GCLocker Initiated GC) [PSYoungGen: 143351K->79815K(175104K)] 485837K->440670K(699392K), 0.0228423 secs] [Times: user=0.27 sys=0.00, real=0.03 secs] 
2016-09-15T12:35:52.699-0400: 179.952: [GC (GCLocker Initiated GC) [PSYoungGen: 167879K->61490K(175104K)] 529050K->489786K(699392K), 0.0113617 secs] [Times: user=0.15 sys=0.00, real=0.01 secs] 
2016-09-15T12:35:52.835-0400: 180.088: [GC (GCLocker Initiated GC) [PSYoungGen: 149554K->49408K(175104K)] 577947K->496286K(699392K), 0.0122355 secs] [Times: user=0.12 sys=0.00, real=0.01 secs] 
2016-09-15T12:35:52.847-0400: 180.100: [Full GC (Ergonomics) [PSYoungGen: 49408K->0K(175104K)] [ParOldGen: 446877K->54122K(524288K)] 496286K->54122K(699392K), [Metaspace: 44555K->44555K(1087488K)], 0.0640626 secs] [Times: user=0.38 sys=0.02, real=0.07 secs] 
2016-09-15T12:35:53.030-0400: 180.283: [GC (GCLocker Initiated GC) [PSYoungGen: 88064K->85598K(175104K)] 148493K->164252K(699392K), 0.0137626 secs] [Times: user=0.16 sys=0.00, real=0.01 secs] 
2016-09-15T12:35:53.158-0400: 180.412: [GC (GCLocker Initiated GC) [PSYoungGen: 173662K->67597K(175104K)] 258467K->213460K(699392K), 0.0184328 secs] [Times: user=0.21 sys=0.00, real=0.02 secs] 
2016-09-15T12:35:53.303-0400: 180.557: [GC (GCLocker Initiated GC) [PSYoungGen: 155661K->43297K(175104K)] 313704K->274571K(699392K), 0.0094668 secs] [Times: user=0.15 sys=0.00, real=0.01 secs] 
2016-09-15T12:35:53.437-0400: 180.690: [GC (GCLocker Initiated GC) [PSYoungGen: 131361K->85658K(175104K)] 362772K->359910K(699392K), 0.0106620 secs] [Times: user=0.15 sys=0.00, real=0.00 secs] 
2016-09-15T12:35:53.560-0400: 180.813: [GC (GCLocker Initiated GC) [PSYoungGen: 173722K->86182K(175104K)] 448077K->433605K(699392K), 0.0107334 secs] [Times: user=0.17 sys=0.00, real=0.01 secs] 
2016-09-15T12:35:53.715-0400: 180.969: [GC (Allocation Failure) [PSYoungGen: 174246K->43297K(175104K)] 528145K->452335K(699392K), 0.0083258 secs] [Times: user=0.09 sys=0.01, real=0.01 secs] 
2016-09-15T12:35:53.858-0400: 181.111: [GC (GCLocker Initiated GC) [PSYoungGen: 131361K->67337K(175104K)] 540404K->476680K(699392K), 0.0107083 secs] [Times: user=0.10 sys=0.00, real=0.01 secs] 
2016-09-15T12:35:53.982-0400: 181.235: [GC (Allocation Failure) [PSYoungGen: 155401K->67469K(175104K)] 570978K->483158K(699392K), 0.0093833 secs] [Times: user=0.07 sys=0.00, real=0.01 secs] 
2016-09-15T12:35:54.098-0400: 181.351: [GC (Allocation Failure) [PSYoungGen: 149977K->61522K(175104K)] 565666K->513968K(699392K), 0.0099934 secs] [Times: user=0.10 sys=0.01, real=0.01 secs] 
2016-09-15T12:35:54.108-0400: 181.361: [Full GC (Ergonomics) [PSYoungGen: 61522K->0K(175104K)] [ParOldGen: 452446K->48254K(524288K)] 513968K->48254K(699392K), [Metaspace: 44555K->44555K(1087488K)], 0.0641345 secs] [Times: user=0.36 sys=0.00, real=0.06 secs] 
2016-09-15T12:35:54.299-0400: 181.552: [GC (GCLocker Initiated GC) [PSYoungGen: 82135K->73740K(175104K)] 136465K->128069K(699392K), 0.0084729 secs] [Times: user=0.09 sys=0.00, real=0.01 secs] 
2016-09-15T12:35:54.402-0400: 181.655: [GC (GCLocker Initiated GC) [PSYoungGen: 161804K->67597K(175104K)] 216377K->146910K(699392K), 0.0105816 secs] [Times: user=0.08 sys=0.00, real=0.01 secs] 
2016-09-15T12:35:54.530-0400: 181.783: [GC (Allocation Failure) [PSYoungGen: 155661K->85954K(175104K)] 235312K->184145K(699392K), 0.0160703 secs] [Times: user=0.17 sys=0.00, real=0.01 secs] 
2016-09-15T12:35:54.669-0400: 181.922: [GC (GCLocker Initiated GC) [PSYoungGen: 174018K->61458K(175104K)] 272217K->208681K(699392K), 0.0282059 secs] [Times: user=0.30 sys=0.01, real=0.03 secs] 
2016-09-15T12:35:54.810-0400: 182.063: [GC (Allocation Failure) [PSYoungGen: 149522K->67697K(175104K)] 302922K->221193K(699392K), 0.0225339 secs] [Times: user=0.24 sys=0.01, real=0.02 secs] 
2016-09-15T12:35:54.946-0400: 182.199: [GC (Allocation Failure) [PSYoungGen: 155761K->49244K(175104K)] 309257K->239653K(699392K), 0.0194355 secs] [Times: user=0.21 sys=0.01, real=0.02 secs] 
2016-09-15T12:35:55.085-0400: 182.338: [GC (GCLocker Initiated GC) [PSYoungGen: 137308K->73576K(175104K)] 327881K->300899K(699392K), 0.0178017 secs] [Times: user=0.21 sys=0.00, real=0.02 secs] 
2016-09-15T12:35:55.228-0400: 182.482: [GC (GCLocker Initiated GC) [PSYoungGen: 161640K->61394K(175104K)] 395175K->301271K(699392K), 0.0132026 secs] [Times: user=0.11 sys=0.01, real=0.01 secs] 
2016-09-15T12:35:55.360-0400: 182.613: [GC (GCLocker Initiated GC) [PSYoungGen: 149458K->55251K(175104K)] 389556K->319753K(699392K), 0.0133650 secs] [Times: user=0.16 sys=0.00, real=0.01 secs] 
2016-09-15T12:35:55.499-0400: 182.752: [GC (GCLocker Initiated GC) [PSYoungGen: 143315K->73676K(175104K)] 414084K->362814K(699392K), 0.0099997 secs] [Times: user=0.10 sys=0.02, real=0.01 secs] 
2016-09-15T12:35:55.673-0400: 182.927: [GC (GCLocker Initiated GC) [PSYoungGen: 161740K->73576K(175104K)] 451094K->381438K(699392K), 0.0178437 secs] [Times: user=0.20 sys=0.00, real=0.02 secs] 
2016-09-15T12:35:55.821-0400: 183.074: [GC (GCLocker Initiated GC) [PSYoungGen: 161640K->85626K(175104K)] 469692K->400036K(699392K), 0.0105629 secs] [Times: user=0.13 sys=0.00, real=0.01 secs] 
2016-09-15T12:35:55.927-0400: 183.180: [GC (GCLocker Initiated GC) [PSYoungGen: 173690K->85986K(175104K)] 494476K->449441K(699392K), 0.0136814 secs] [Times: user=0.17 sys=0.01, real=0.02 secs] 
2016-09-15T12:35:56.061-0400: 183.314: [GC (GCLocker Initiated GC) [PSYoungGen: 174050K->85726K(175104K)] 537849K->474116K(699392K), 0.0137492 secs] [Times: user=0.15 sys=0.00, real=0.01 secs] 
2016-09-15T12:35:56.200-0400: 183.453: [GC (GCLocker Initiated GC) [PSYoungGen: 173790K->85854K(175104K)] 562453K->511259K(699392K), 0.0162800 secs] [Times: user=0.20 sys=0.00, real=0.02 secs] 
2016-09-15T12:35:56.349-0400: 183.602: [GC (Allocation Failure) [PSYoungGen: 173918K->85858K(175104K)] 605607K->548041K(699392K), 0.0211627 secs] [Times: user=0.24 sys=0.01, real=0.02 secs] 
2016-09-15T12:35:56.370-0400: 183.623: [Full GC (Ergonomics) [PSYoungGen: 85858K->0K(175104K)] [ParOldGen: 462183K->52814K(524288K)] 548041K->52814K(699392K), [Metaspace: 44560K->44560K(1087488K)], 0.1107287 secs] [Times: user=1.08 sys=0.00, real=0.11 secs] 
2016-09-15T12:35:56.628-0400: 183.881: [GC (GCLocker Initiated GC) [PSYoungGen: 84541K->61330K(175104K)] 143431K->120219K(699392K), 0.0221035 secs] [Times: user=0.29 sys=0.00, real=0.02 secs] 
2016-09-15T12:35:56.787-0400: 184.040: [GC (GCLocker Initiated GC) [PSYoungGen: 149394K->67597K(175104K)] 208505K->163442K(699392K), 0.0131844 secs] [Times: user=0.12 sys=0.00, real=0.02 secs] 
2016-09-15T12:35:56.943-0400: 184.196: [GC (GCLocker Initiated GC) [PSYoungGen: 155661K->43137K(175104K)] 251559K->193798K(699392K), 0.0152424 secs] [Times: user=0.11 sys=0.00, real=0.02 secs] 
2016-09-15T12:35:57.073-0400: 184.326: [GC (Allocation Failure) [PSYoungGen: 131201K->43368K(175104K)] 282217K->237202K(699392K), 0.0161343 secs] [Times: user=0.16 sys=0.00, real=0.02 secs] 
2016-09-15T12:35:57.199-0400: 184.453: [GC (GCLocker Initiated GC) [PSYoungGen: 131432K->55187K(175104K)] 325272K->322374K(699392K), 0.0131994 secs] [Times: user=0.16 sys=0.00, real=0.01 secs] 
2016-09-15T12:35:57.307-0400: 184.561: [GC (GCLocker Initiated GC) [PSYoungGen: 143251K->85890K(175104K)] 416740K->389874K(699392K), 0.0230953 secs] [Times: user=0.28 sys=0.00, real=0.03 secs] 
2016-09-15T12:35:57.449-0400: 184.702: [GC (GCLocker Initiated GC) [PSYoungGen: 173954K->61398K(175104K)] 477996K->396254K(699392K), 0.0167466 secs] [Times: user=0.17 sys=0.00, real=0.01 secs] 
2016-09-15T12:35:57.572-0400: 184.825: [GC (GCLocker Initiated GC) [PSYoungGen: 149462K->79523K(175104K)] 484584K->457422K(699392K), 0.0413350 secs] [Times: user=0.36 sys=0.01, real=0.04 secs] 
2016-09-15T12:35:57.716-0400: 184.969: [GC (Allocation Failure) [PSYoungGen: 167587K->85854K(175104K)] 545623K->524964K(699392K), 0.0260986 secs] [Times: user=0.36 sys=0.01, real=0.03 secs] 
2016-09-15T12:35:57.844-0400: 185.098: [GC (GCLocker Initiated GC) [PSYoungGen: 173918K->67957K(175104K)] 613028K->586217K(699392K), 0.0121535 secs] [Times: user=0.17 sys=0.00, real=0.02 secs] 
2016-09-15T12:35:57.857-0400: 185.110: [Full GC (Ergonomics) [PSYoungGen: 67957K->0K(175104K)] [ParOldGen: 518260K->52842K(524288K)] 586217K->52842K(699392K), [Metaspace: 44561K->44561K(1087488K)], 0.0650317 secs] [Times: user=0.50 sys=0.01, real=0.06 secs] 
2016-09-15T12:35:58.092-0400: 185.345: [GC (GCLocker Initiated GC) [PSYoungGen: 88064K->86210K(175104K)] 140965K->181636K(699392K), 0.0133552 secs] [Times: user=0.18 sys=0.00, real=0.01 secs] 
2016-09-15T12:35:58.207-0400: 185.461: [GC (GCLocker Initiated GC) [PSYoungGen: 174274K->55283K(175104K)] 269978K->260909K(699392K), 0.0151190 secs] [Times: user=0.19 sys=0.00, real=0.02 secs] 
2016-09-15T12:35:58.334-0400: 185.587: [GC (GCLocker Initiated GC) [PSYoungGen: 143347K->86182K(175104K)] 349031K->395317K(699392K), 0.0144231 secs] [Times: user=0.20 sys=0.01, real=0.02 secs] 
2016-09-15T12:35:58.481-0400: 185.734: [GC (GCLocker Initiated GC) [PSYoungGen: 174246K->85790K(175104K)] 495634K->498775K(699392K), 0.0127712 secs] [Times: user=0.17 sys=0.01, real=0.01 secs] 
2016-09-15T12:35:58.494-0400: 185.747: [Full GC (Ergonomics) [PSYoungGen: 85790K->0K(175104K)] [ParOldGen: 412985K->52661K(524288K)] 498775K->52661K(699392K), [Metaspace: 44561K->44561K(1087488K)], 0.0581384 secs] [Times: user=0.40 sys=0.00, real=0.06 secs] 
2016-09-15T12:35:58.683-0400: 185.936: [GC (GCLocker Initiated GC) [PSYoungGen: 88064K->86506K(175104K)] 146931K->151448K(699392K), 0.0090876 secs] [Times: user=0.12 sys=0.01, real=0.01 secs] 
2016-09-15T12:35:58.808-0400: 186.061: [GC (GCLocker Initiated GC) [PSYoungGen: 174570K->55351K(175104K)] 245629K->181804K(699392K), 0.0091883 secs] [Times: user=0.09 sys=0.00, real=0.01 secs] 
2016-09-15T12:35:58.974-0400: 186.227: [GC (GCLocker Initiated GC) [PSYoungGen: 143415K->19424K(175104K)] 288192K->237261K(699392K), 0.0100133 secs] [Times: user=0.15 sys=0.00, real=0.01 secs] 
2016-09-15T12:35:59.107-0400: 186.360: [GC (GCLocker Initiated GC) [PSYoungGen: 107488K->85694K(175104K)] 331481K->309938K(699392K), 0.0131825 secs] [Times: user=0.12 sys=0.01, real=0.02 secs] 
2016-09-15T12:35:59.256-0400: 186.510: [GC (GCLocker Initiated GC) [PSYoungGen: 173758K->25043K(175104K)] 398039K->322336K(699392K), 0.0168505 secs] [Times: user=0.16 sys=0.00, real=0.01 secs] 
2016-09-15T12:35:59.393-0400: 186.647: [GC (GCLocker Initiated GC) [PSYoungGen: 113107K->55842K(175104K)] 416831K->359873K(699392K), 0.0079774 secs] [Times: user=0.08 sys=0.00, real=0.01 secs] 
2016-09-15T12:35:59.528-0400: 186.781: [GC (GCLocker Initiated GC) [PSYoungGen: 143906K->73508K(175104K)] 454099K->402560K(699392K), 0.0123312 secs] [Times: user=0.14 sys=0.00, real=0.01 secs] 
2016-09-15T12:35:59.664-0400: 186.917: [GC (GCLocker Initiated GC) [PSYoungGen: 161572K->67665K(175104K)] 496875K->439522K(699392K), 0.0155490 secs] [Times: user=0.14 sys=0.01, real=0.02 secs] 
2016-09-15T12:35:59.797-0400: 187.050: [GC (GCLocker Initiated GC) [PSYoungGen: 155729K->49084K(175104K)] 527695K->439550K(699392K), 0.0289621 secs] [Times: user=0.30 sys=0.00, real=0.02 secs] 
2016-09-15T12:35:59.922-0400: 187.175: [GC (GCLocker Initiated GC) [PSYoungGen: 137148K->67701K(175104K)] 527657K->482622K(699392K), 0.0341401 secs] [Times: user=0.37 sys=0.00, real=0.04 secs] 
2016-09-15T12:35:59.956-0400: 187.209: [Full GC (Ergonomics) [PSYoungGen: 67701K->0K(175104K)] [ParOldGen: 414921K->52902K(524288K)] 482622K->52902K(699392K), [Metaspace: 44561K->44561K(1087488K)], 0.0691230 secs] [Times: user=0.52 sys=0.01, real=0.06 secs] 
2016-09-15T12:36:00.141-0400: 187.394: [GC (GCLocker Initiated GC) [PSYoungGen: 88064K->86210K(175104K)] 141109K->145330K(699392K), 0.0086475 secs] [Times: user=0.10 sys=0.00, real=0.01 secs] 
2016-09-15T12:36:00.264-0400: 187.517: [GC (GCLocker Initiated GC) [PSYoungGen: 174274K->43333K(175104K)] 239797K->164250K(699392K), 0.0251872 secs] [Times: user=0.30 sys=0.01, real=0.03 secs] 
2016-09-15T12:36:00.404-0400: 187.657: [GC (GCLocker Initiated GC) [PSYoungGen: 131397K->85626K(175104K)] 258644K->213508K(699392K), 0.0095643 secs] [Times: user=0.11 sys=0.00, real=0.01 secs] 
2016-09-15T12:36:00.532-0400: 187.785: [GC (GCLocker Initiated GC) [PSYoungGen: 173690K->43233K(175104K)] 307773K->219960K(699392K), 0.0181180 secs] [Times: user=0.17 sys=0.00, real=0.02 secs] 
2016-09-15T12:36:00.662-0400: 187.916: [GC (GCLocker Initiated GC) [PSYoungGen: 131297K->73704K(175104K)] 308296K->287444K(699392K), 0.0136405 secs] [Times: user=0.15 sys=0.00, real=0.02 secs] 
2016-09-15T12:36:00.807-0400: 188.060: [GC (GCLocker Initiated GC) [PSYoungGen: 161768K->85986K(175104K)] 375869K->306478K(699392K), 0.0207370 secs] [Times: user=0.21 sys=0.01, real=0.02 secs] 
2016-09-15T12:36:00.962-0400: 188.215: [GC (GCLocker Initiated GC) [PSYoungGen: 174050K->30795K(175104K)] 400940K->288303K(699392K), 0.0241513 secs] [Times: user=0.20 sys=0.00, real=0.02 secs] 
2016-09-15T12:36:01.121-0400: 188.374: [GC (GCLocker Initiated GC) [PSYoungGen: 118859K->55483K(175104K)] 382451K->337396K(699392K), 0.0095720 secs] [Times: user=0.09 sys=0.00, real=0.01 secs] 
2016-09-15T12:36:01.253-0400: 188.507: [GC (GCLocker Initiated GC) [PSYoungGen: 143547K->85594K(175104K)] 425502K->398231K(699392K), 0.0103618 secs] [Times: user=0.13 sys=0.00, real=0.01 secs] 
2016-09-15T12:36:01.364-0400: 188.617: [GC (GCLocker Initiated GC) [PSYoungGen: 173658K->85986K(175104K)] 486338K->477800K(699392K), 0.0335891 secs] [Times: user=0.41 sys=0.00, real=0.04 secs] 
2016-09-15T12:36:01.512-0400: 188.765: [GC (GCLocker Initiated GC) [PSYoungGen: 174050K->73640K(175104K)] 566063K->527039K(699392K), 0.0116047 secs] [Times: user=0.13 sys=0.00, real=0.01 secs] 
2016-09-15T12:36:01.523-0400: 188.777: [Full GC (Ergonomics) [PSYoungGen: 73640K->0K(175104K)] [ParOldGen: 453399K->53336K(524288K)] 527039K->53336K(699392K), [Metaspace: 44561K->44561K(1087488K)], 0.0622017 secs] [Times: user=0.43 sys=0.01, real=0.06 secs] 
2016-09-15T12:36:01.733-0400: 188.986: [GC (GCLocker Initiated GC) [PSYoungGen: 88064K->79911K(175104K)] 153603K->145450K(699392K), 0.0096383 secs] [Times: user=0.11 sys=0.00, real=0.01 secs] 
2016-09-15T12:36:01.855-0400: 189.109: [GC (GCLocker Initiated GC) [PSYoungGen: 167975K->85822K(175104K)] 233585K->200363K(699392K), 0.0118619 secs] [Times: user=0.14 sys=0.01, real=0.01 secs] 
2016-09-15T12:36:01.993-0400: 189.246: [GC (GCLocker Initiated GC) [PSYoungGen: 173886K->30923K(175104K)] 288583K->212744K(699392K), 0.0226714 secs] [Times: user=0.25 sys=0.00, real=0.02 secs] 
2016-09-15T12:36:02.124-0400: 189.377: [GC (GCLocker Initiated GC) [PSYoungGen: 118987K->55483K(175104K)] 307048K->262068K(699392K), 0.0173753 secs] [Times: user=0.22 sys=0.00, real=0.02 secs] 
2016-09-15T12:36:02.272-0400: 189.526: [GC (Allocation Failure) [PSYoungGen: 143547K->49212K(175104K)] 356377K->280543K(699392K), 0.0085033 secs] [Times: user=0.07 sys=0.00, real=0.01 secs] 
2016-09-15T12:36:02.410-0400: 189.664: [GC (GCLocker Initiated GC) [PSYoungGen: 132859K->73640K(175104K)] 370265K->311337K(699392K), 0.0090250 secs] [Times: user=0.12 sys=0.00, real=0.01 secs] 
2016-09-15T12:36:02.554-0400: 189.807: [GC (GCLocker Initiated GC) [PSYoungGen: 161704K->73672K(175104K)] 399494K->330003K(699392K), 0.0089994 secs] [Times: user=0.12 sys=0.01, real=0.01 secs] 
2016-09-15T12:36:02.685-0400: 189.938: [GC (Allocation Failure) [PSYoungGen: 161736K->86018K(175104K)] 424195K->385014K(699392K), 0.0194658 secs] [Times: user=0.22 sys=0.00, real=0.02 secs] 
2016-09-15T12:36:02.827-0400: 190.081: [GC (GCLocker Initiated GC) [PSYoungGen: 174082K->61330K(175104K)] 473078K->403127K(699392K), 0.0236266 secs] [Times: user=0.20 sys=0.01, real=0.03 secs] 
2016-09-15T12:36:02.989-0400: 190.242: [GC (GCLocker Initiated GC) [PSYoungGen: 149394K->61266K(175104K)] 491390K->403514K(699392K), 0.0258732 secs] [Times: user=0.27 sys=0.00, real=0.02 secs] 
2016-09-15T12:36:03.128-0400: 190.382: [GC (GCLocker Initiated GC) [PSYoungGen: 149330K->85562K(175104K)] 503775K->470658K(699392K), 0.0143422 secs] [Times: user=0.16 sys=0.00, real=0.01 secs] 
2016-09-15T12:36:03.254-0400: 190.508: [GC (GCLocker Initiated GC) [PSYoungGen: 173626K->73772K(175104K)] 565158K->520147K(699392K), 0.0106491 secs] [Times: user=0.13 sys=0.00, real=0.01 secs] 
2016-09-15T12:36:03.265-0400: 190.518: [Full GC (Ergonomics) [PSYoungGen: 73772K->0K(175104K)] [ParOldGen: 446374K->59250K(524288K)] 520147K->59250K(699392K), [Metaspace: 44562K->44562K(1087488K)], 0.0636633 secs] [Times: user=0.40 sys=0.00, real=0.07 secs] 
2016-09-15T12:36:03.445-0400: 190.698: [GC (GCLocker Initiated GC) [PSYoungGen: 88064K->86602K(175104K)] 147502K->170340K(699392K), 0.0091172 secs] [Times: user=0.12 sys=0.00, real=0.01 secs] 
2016-09-15T12:36:03.594-0400: 190.847: [GC (Allocation Failure) [PSYoungGen: 174665K->55415K(175104K)] 264828K->201301K(699392K), 0.0091522 secs] [Times: user=0.11 sys=0.00, real=0.01 secs] 
2016-09-15T12:36:03.711-0400: 190.965: [GC (GCLocker Initiated GC) [PSYoungGen: 143479K->73804K(175104K)] 289370K->238064K(699392K), 0.0180163 secs] [Times: user=0.23 sys=0.01, real=0.02 secs] 
2016-09-15T12:36:03.845-0400: 191.099: [GC (GCLocker Initiated GC) [PSYoungGen: 161868K->86018K(175104K)] 326405K->275155K(699392K), 0.0121171 secs] [Times: user=0.16 sys=0.00, real=0.02 secs] 
2016-09-15T12:36:03.977-0400: 191.230: [GC (GCLocker Initiated GC) [PSYoungGen: 174082K->55319K(175104K)] 363362K->263108K(699392K), 0.0126262 secs] [Times: user=0.11 sys=0.00, real=0.01 secs] 
2016-09-15T12:36:04.106-0400: 191.359: [GC (GCLocker Initiated GC) [PSYoungGen: 143383K->61622K(175104K)] 357407K->312411K(699392K), 0.0174366 secs] [Times: user=0.21 sys=0.00, real=0.02 secs] 
2016-09-15T12:36:04.259-0400: 191.512: [GC (GCLocker Initiated GC) [PSYoungGen: 149686K->55319K(175104K)] 406924K->331214K(699392K), 0.0184764 secs] [Times: user=0.19 sys=0.00, real=0.02 secs] 
2016-09-15T12:36:04.411-0400: 191.664: [GC (GCLocker Initiated GC) [PSYoungGen: 143383K->85822K(175104K)] 419645K->368450K(699392K), 0.0119139 secs] [Times: user=0.13 sys=0.00, real=0.01 secs] 
2016-09-15T12:36:04.553-0400: 191.806: [GC (GCLocker Initiated GC) [PSYoungGen: 173886K->55643K(175104K)] 462622K->362756K(699392K), 0.0089832 secs] [Times: user=0.11 sys=0.00, real=0.01 secs] 
2016-09-15T12:36:04.676-0400: 191.930: [GC (GCLocker Initiated GC) [PSYoungGen: 143706K->67305K(175104K)] 451140K->405390K(699392K), 0.0148022 secs] [Times: user=0.15 sys=0.01, real=0.01 secs] 
2016-09-15T12:36:04.806-0400: 192.060: [GC (GCLocker Initiated GC) [PSYoungGen: 155369K->55743K(175104K)] 499767K->418510K(699392K), 0.0087598 secs] [Times: user=0.10 sys=0.00, real=0.01 secs] 
2016-09-15T12:36:04.951-0400: 192.204: [GC (GCLocker Initiated GC) [PSYoungGen: 143807K->73968K(175104K)] 506805K->455687K(699392K), 0.0117603 secs] [Times: user=0.11 sys=0.00, real=0.01 secs] 
2016-09-15T12:36:05.113-0400: 192.366: [GC (Allocation Failure) [PSYoungGen: 162032K->73608K(175104K)] 543793K->473885K(699392K), 0.0125109 secs] [Times: user=0.11 sys=0.01, real=0.01 secs] 
2016-09-15T12:36:05.236-0400: 192.489: [GC (GCLocker Initiated GC) [PSYoungGen: 161669K->67597K(175104K)] 561958K->541085K(699392K), 0.0133236 secs] [Times: user=0.16 sys=0.00, real=0.01 secs] 
2016-09-15T12:36:05.249-0400: 192.503: [Full GC (Ergonomics) [PSYoungGen: 67597K->0K(175104K)] [ParOldGen: 473488K->59464K(524288K)] 541085K->59464K(699392K), [Metaspace: 44562K->44562K(1087488K)], 0.0691832 secs] [Times: user=0.53 sys=0.00, real=0.07 secs] 
2016-09-15T12:36:05.443-0400: 192.696: [GC (GCLocker Initiated GC) [PSYoungGen: 88064K->86766K(175104K)] 147889K->170891K(699392K), 0.0101102 secs] [Times: user=0.14 sys=0.01, real=0.01 secs] 
2016-09-15T12:36:05.552-0400: 192.805: [GC (GCLocker Initiated GC) [PSYoungGen: 174830K->73540K(175104K)] 258986K->225444K(699392K), 0.0113053 secs] [Times: user=0.18 sys=0.00, real=0.01 secs] 
2016-09-15T12:36:05.661-0400: 192.914: [GC (GCLocker Initiated GC) [PSYoungGen: 161604K->86182K(175104K)] 313680K->280951K(699392K), 0.0100289 secs] [Times: user=0.15 sys=0.01, real=0.01 secs] 
2016-09-15T12:36:05.774-0400: 193.027: [GC (GCLocker Initiated GC) [PSYoungGen: 174246K->85822K(175104K)] 369063K->348108K(699392K), 0.0114271 secs] [Times: user=0.13 sys=0.03, real=0.01 secs] 
2016-09-15T12:36:05.891-0400: 193.144: [GC (GCLocker Initiated GC) [PSYoungGen: 173886K->79943K(175104K)] 436353K->439785K(699392K), 0.0131454 secs] [Times: user=0.20 sys=0.01, real=0.01 secs] 
2016-09-15T12:36:06.057-0400: 193.311: [GC (GCLocker Initiated GC) [PSYoungGen: 168007K->55251K(175104K)] 534173K->440286K(699392K), 0.0090563 secs] [Times: user=0.12 sys=0.00, real=0.00 secs] 
2016-09-15T12:36:06.217-0400: 193.471: [GC (GCLocker Initiated GC) [PSYoungGen: 143315K->73316K(175104K)] 534484K->464597K(699392K), 0.0110094 secs] [Times: user=0.11 sys=0.00, real=0.01 secs] 
2016-09-15T12:36:06.321-0400: 193.574: [GC (GCLocker Initiated GC) [PSYoungGen: 161380K->85858K(175104K)] 558918K->495673K(699392K), 0.0149683 secs] [Times: user=0.15 sys=0.01, real=0.02 secs] 
2016-09-15T12:36:06.454-0400: 193.708: [GC (GCLocker Initiated GC) [PSYoungGen: 173922K->79747K(175104K)] 584032K->538756K(699392K), 0.0190948 secs] [Times: user=0.23 sys=0.00, real=0.02 secs] 
2016-09-15T12:36:06.474-0400: 193.727: [Full GC (Ergonomics) [PSYoungGen: 79747K->0K(175104K)] [ParOldGen: 459009K->53385K(524288K)] 538756K->53385K(699392K), [Metaspace: 44562K->44562K(1087488K)], 0.0621561 secs] [Times: user=0.33 sys=0.01, real=0.07 secs] 
2016-09-15T12:36:06.671-0400: 193.924: [GC (GCLocker Initiated GC) [PSYoungGen: 88064K->79847K(175104K)] 147571K->139355K(699392K), 0.0193289 secs] [Times: user=0.19 sys=0.01, real=0.02 secs] 
2016-09-15T12:36:06.827-0400: 194.081: [GC (GCLocker Initiated GC) [PSYoungGen: 167911K->37322K(175104K)] 239913K->200772K(699392K), 0.0104951 secs] [Times: user=0.15 sys=0.01, real=0.02 secs] 
2016-09-15T12:36:06.967-0400: 194.220: [GC (GCLocker Initiated GC) [PSYoungGen: 125386K->55807K(175104K)] 295212K->225949K(699392K), 0.0073311 secs] [Times: user=0.10 sys=0.00, real=0.01 secs] 
2016-09-15T12:36:07.104-0400: 194.358: [GC (Allocation Failure) [PSYoungGen: 143871K->68088K(175104K)] 326233K->268835K(699392K), 0.0086788 secs] [Times: user=0.12 sys=0.00, real=0.01 secs] 
2016-09-15T12:36:07.221-0400: 194.474: [GC (GCLocker Initiated GC) [PSYoungGen: 156152K->85886K(175104K)] 356905K->353786K(699392K), 0.0103391 secs] [Times: user=0.15 sys=0.01, real=0.01 secs] 
2016-09-15T12:36:07.351-0400: 194.604: [GC (GCLocker Initiated GC) [PSYoungGen: 173950K->55583K(175104K)] 454083K->354044K(699392K), 0.0194572 secs] [Times: user=0.23 sys=0.00, real=0.02 secs] 
2016-09-15T12:36:07.484-0400: 194.737: [GC (GCLocker Initiated GC) [PSYoungGen: 143647K->61426K(175104K)] 442329K->415067K(699392K), 0.0176263 secs] [Times: user=0.16 sys=0.01, real=0.02 secs] 
2016-09-15T12:36:07.622-0400: 194.875: [GC (GCLocker Initiated GC) [PSYoungGen: 149490K->79783K(175104K)] 503157K->451950K(699392K), 0.0272934 secs] [Times: user=0.35 sys=0.00, real=0.03 secs] 
2016-09-15T12:36:07.773-0400: 195.026: [GC (GCLocker Initiated GC) [PSYoungGen: 167847K->73476K(175104K)] 540024K->464186K(699392K), 0.0095622 secs] [Times: user=0.11 sys=0.00, real=0.01 secs] 
2016-09-15T12:36:07.885-0400: 195.139: [GC (GCLocker Initiated GC) [PSYoungGen: 161540K->86018K(175104K)] 552298K->543760K(699392K), 0.0111342 secs] [Times: user=0.14 sys=0.01, real=0.02 secs] 
2016-09-15T12:36:07.897-0400: 195.150: [Full GC (Ergonomics) [PSYoungGen: 86018K->0K(175104K)] [ParOldGen: 457742K->53391K(524288K)] 543760K->53391K(699392K), [Metaspace: 44562K->44562K(1087488K)], 0.0665723 secs] [Times: user=0.52 sys=0.01, real=0.06 secs] 
2016-09-15T12:36:08.088-0400: 195.341: [GC (GCLocker Initiated GC) [PSYoungGen: 88064K->86110K(175104K)] 147629K->182126K(699392K), 0.0139311 secs] [Times: user=0.21 sys=0.01, real=0.01 secs] 
2016-09-15T12:36:08.214-0400: 195.468: [GC (GCLocker Initiated GC) [PSYoungGen: 174174K->61426K(175104K)] 270462K->219159K(699392K), 0.0107202 secs] [Times: user=0.12 sys=0.00, real=0.01 secs] 
2016-09-15T12:36:08.340-0400: 195.593: [GC (Allocation Failure) [PSYoungGen: 149490K->85922K(175104K)] 307383K->286631K(699392K), 0.0120224 secs] [Times: user=0.15 sys=0.00, real=0.01 secs] 
2016-09-15T12:36:08.493-0400: 195.746: [GC (GCLocker Initiated GC) [PSYoungGen: 173986K->43233K(175104K)] 374697K->305322K(699392K), 0.0212892 secs] [Times: user=0.23 sys=0.00, real=0.02 secs] 
2016-09-15T12:36:08.639-0400: 195.892: [GC (GCLocker Initiated GC) [PSYoungGen: 131297K->85726K(175104K)] 393456K->360334K(699392K), 0.0104891 secs] [Times: user=0.10 sys=0.01, real=0.01 secs] 
2016-09-15T12:36:08.795-0400: 196.048: [GC (Allocation Failure) [PSYoungGen: 173790K->43137K(175104K)] 454559K->360640K(699392K), 0.0085379 secs] [Times: user=0.10 sys=0.00, real=0.01 secs] 
2016-09-15T12:36:08.918-0400: 196.171: [GC (GCLocker Initiated GC) [PSYoungGen: 131201K->79391K(175104K)] 448704K->397169K(699392K), 0.0208885 secs] [Times: user=0.16 sys=0.02, real=0.02 secs] 
2016-09-15T12:36:09.077-0400: 196.331: [GC (GCLocker Initiated GC) [PSYoungGen: 167455K->61202K(175104K)] 485415K->391399K(699392K), 0.0114336 secs] [Times: user=0.09 sys=0.00, real=0.01 secs] 
2016-09-15T12:36:09.229-0400: 196.483: [GC (GCLocker Initiated GC) [PSYoungGen: 149266K->85594K(175104K)] 485580K->428275K(699392K), 0.0086714 secs] [Times: user=0.11 sys=0.01, real=0.01 secs] 
2016-09-15T12:36:09.344-0400: 196.597: [GC (GCLocker Initiated GC) [PSYoungGen: 173658K->61586K(175104K)] 522720K->477648K(699392K), 0.0127711 secs] [Times: user=0.20 sys=0.01, real=0.02 secs] 
2016-09-15T12:36:09.489-0400: 196.743: [GC (GCLocker Initiated GC) [PSYoungGen: 149650K->55647K(175104K)] 571986K->514560K(699392K), 0.0094844 secs] [Times: user=0.10 sys=0.00, real=0.01 secs] 
2016-09-15T12:36:09.499-0400: 196.752: [Full GC (Ergonomics) [PSYoungGen: 55647K->0K(175104K)] [ParOldGen: 458913K->53806K(524288K)] 514560K->53806K(699392K), [Metaspace: 44562K->44562K(1087488K)], 0.0648627 secs] [Times: user=0.50 sys=0.01, real=0.06 secs] 
2016-09-15T12:36:09.667-0400: 196.921: [GC (Allocation Failure) [PSYoungGen: 88064K->86078K(175104K)] 141928K->164243K(699392K), 0.0120722 secs] [Times: user=0.16 sys=0.00, real=0.02 secs] 
2016-09-15T12:36:09.802-0400: 197.056: [GC (GCLocker Initiated GC) [PSYoungGen: 174142K->55447K(175104K)] 258382K->213362K(699392K), 0.0114064 secs] [Times: user=0.16 sys=0.00, real=0.01 secs] 
2016-09-15T12:36:09.918-0400: 197.171: [GC (GCLocker Initiated GC) [PSYoungGen: 143511K->85822K(175104K)] 301535K->304904K(699392K), 0.0129252 secs] [Times: user=0.20 sys=0.00, real=0.01 secs] 
2016-09-15T12:36:10.055-0400: 197.308: [GC (GCLocker Initiated GC) [PSYoungGen: 173886K->68088K(175104K)] 399124K->342407K(699392K), 0.0107033 secs] [Times: user=0.12 sys=0.02, real=0.01 secs] 
2016-09-15T12:36:10.184-0400: 197.437: [GC (Allocation Failure) [PSYoungGen: 156152K->55415K(175104K)] 436806K->403388K(699392K), 0.0097545 secs] [Times: user=0.14 sys=0.00, real=0.01 secs] 
2016-09-15T12:36:10.299-0400: 197.553: [GC (GCLocker Initiated GC) [PSYoungGen: 143479K->73544K(175104K)] 491454K->439864K(699392K), 0.0120720 secs] [Times: user=0.13 sys=0.00, real=0.01 secs] 
2016-09-15T12:36:10.450-0400: 197.703: [GC (GCLocker Initiated GC) [PSYoungGen: 161608K->86086K(175104K)] 528110K->470940K(699392K), 0.0193573 secs] [Times: user=0.22 sys=0.00, real=0.02 secs] 
2016-09-15T12:36:10.602-0400: 197.855: [GC (Allocation Failure) [PSYoungGen: 174150K->37354K(175104K)] 571240K->453116K(699392K), 0.0146235 secs] [Times: user=0.18 sys=0.00, real=0.02 secs] 
2016-09-15T12:36:10.751-0400: 198.005: [GC (GCLocker Initiated GC) [PSYoungGen: 125418K->73576K(175104K)] 541186K->507845K(699392K), 0.0242926 secs] [Times: user=0.29 sys=0.00, real=0.03 secs] 
2016-09-15T12:36:10.776-0400: 198.029: [Full GC (Ergonomics) [PSYoungGen: 73576K->0K(175104K)] [ParOldGen: 434268K->47726K(524288K)] 507845K->47726K(699392K), [Metaspace: 44563K->44563K(1087488K)], 0.0646014 secs] [Times: user=0.38 sys=0.01, real=0.06 secs] 
2016-09-15T12:36:10.966-0400: 198.219: [GC (GCLocker Initiated GC) [PSYoungGen: 88064K->73540K(175104K)] 136156K->121632K(699392K), 0.0103557 secs] [Times: user=0.14 sys=0.00, real=0.02 secs] 
2016-09-15T12:36:11.072-0400: 198.325: [GC (GCLocker Initiated GC) [PSYoungGen: 161604K->61786K(175104K)] 215853K->152636K(699392K), 0.0098963 secs] [Times: user=0.11 sys=0.00, real=0.01 secs] 
2016-09-15T12:36:11.195-0400: 198.449: [GC (Allocation Failure) [PSYoungGen: 149850K->73836K(175104K)] 240882K->165511K(699392K), 0.0074575 secs] [Times: user=0.09 sys=0.01, real=0.01 secs] 
2016-09-15T12:36:11.303-0400: 198.557: [GC (GCLocker Initiated GC) [PSYoungGen: 161900K->86282K(175104K)] 253581K->220795K(699392K), 0.0106907 secs] [Times: user=0.14 sys=0.00, real=0.01 secs] 
2016-09-15T12:36:11.450-0400: 198.703: [GC (GCLocker Initiated GC) [PSYoungGen: 174346K->73804K(175104K)] 315274K->233248K(699392K), 0.0157413 secs] [Times: user=0.20 sys=0.01, real=0.01 secs] 
2016-09-15T12:36:11.568-0400: 198.821: [GC (Allocation Failure) [PSYoungGen: 161868K->61426K(175104K)] 321421K->239316K(699392K), 0.0107859 secs] [Times: user=0.11 sys=0.00, real=0.01 secs] 
2016-09-15T12:36:11.695-0400: 198.948: [GC (GCLocker Initiated GC) [PSYoungGen: 149490K->74327K(175104K)] 327391K->270793K(699392K), 0.0104858 secs] [Times: user=0.14 sys=0.00, real=0.01 secs] 
2016-09-15T12:36:11.838-0400: 199.091: [GC (GCLocker Initiated GC) [PSYoungGen: 162391K->67405K(175104K)] 365294K->270911K(699392K), 0.0117764 secs] [Times: user=0.10 sys=0.01, real=0.01 secs] 
2016-09-15T12:36:11.965-0400: 199.219: [GC (GCLocker Initiated GC) [PSYoungGen: 155469K->73544K(175104K)] 359151K->295750K(699392K), 0.0153003 secs] [Times: user=0.18 sys=0.00, real=0.02 secs] 
2016-09-15T12:36:12.122-0400: 199.375: [GC (Allocation Failure) [PSYoungGen: 161608K->37162K(175104K)] 402316K->296206K(699392K), 0.0308645 secs] [Times: user=0.39 sys=0.02, real=0.03 secs] 
2016-09-15T12:36:12.154-0400: 199.407: [GC (GCLocker Initiated GC) [PSYoungGen: 37172K->160K(175104K)] 296217K->296172K(699392K), 0.0064392 secs] [Times: user=0.07 sys=0.00, real=0.01 secs] 
2016-09-15T12:36:12.304-0400: 199.558: [GC (GCLocker Initiated GC) [PSYoungGen: 88224K->73544K(175104K)] 384237K->369557K(699392K), 0.0099612 secs] [Times: user=0.11 sys=0.01, real=0.01 secs] 
2016-09-15T12:36:12.455-0400: 199.708: [GC (GCLocker Initiated GC) [PSYoungGen: 161608K->55643K(175104K)] 463700K->394460K(699392K), 0.0134224 secs] [Times: user=0.16 sys=0.02, real=0.02 secs] 
2016-09-15T12:36:12.603-0400: 199.856: [GC (GCLocker Initiated GC) [PSYoungGen: 143707K->73804K(175104K)] 494733K->443182K(699392K), 0.0160598 secs] [Times: user=0.16 sys=0.01, real=0.02 secs] 
2016-09-15T12:36:12.725-0400: 199.978: [GC (GCLocker Initiated GC) [PSYoungGen: 161868K->55351K(175104K)] 537346K->498002K(699392K), 0.0257801 secs] [Times: user=0.28 sys=0.03, real=0.03 secs] 
2016-09-15T12:36:12.858-0400: 200.111: [Full GC (Ergonomics) [PSYoungGen: 143415K->0K(175104K)] [ParOldGen: 449071K->59978K(524288K)] 592486K->59978K(699392K), [Metaspace: 44564K->44564K(1087488K)], 0.0635541 secs] [Times: user=0.42 sys=0.02, real=0.06 secs] 
2016-09-15T12:36:13.022-0400: 200.275: [GC (GCLocker Initiated GC) [PSYoungGen: 88064K->86638K(175104K)] 148052K->152701K(699392K), 0.0100446 secs] [Times: user=0.09 sys=0.00, real=0.01 secs] 
2016-09-15T12:36:13.138-0400: 200.392: [GC (Allocation Failure) [PSYoungGen: 174702K->86018K(175104K)] 240806K->189792K(699392K), 0.0146622 secs] [Times: user=0.21 sys=0.01, real=0.01 secs] 
2016-09-15T12:36:13.278-0400: 200.532: [GC (GCLocker Initiated GC) [PSYoungGen: 174082K->73380K(175104K)] 277867K->256292K(699392K), 0.0139249 secs] [Times: user=0.19 sys=0.02, real=0.01 secs] 
2016-09-15T12:36:13.406-0400: 200.659: [GC (GCLocker Initiated GC) [PSYoungGen: 161444K->86150K(175104K)] 344543K->275444K(699392K), 0.0102300 secs] [Times: user=0.15 sys=0.00, real=0.02 secs] 
2016-09-15T12:36:13.581-0400: 200.834: [GC (Allocation Failure) [PSYoungGen: 174214K->36898K(175104K)] 369820K->251177K(699392K), 0.0107291 secs] [Times: user=0.11 sys=0.00, real=0.01 secs] 
2016-09-15T12:36:13.719-0400: 200.973: [GC (GCLocker Initiated GC) [PSYoungGen: 124962K->61166K(175104K)] 339241K->275564K(699392K), 0.0103973 secs] [Times: user=0.09 sys=0.01, real=0.01 secs] 
2016-09-15T12:36:13.831-0400: 201.085: [GC (GCLocker Initiated GC) [PSYoungGen: 149230K->85922K(175104K)] 369874K->324927K(699392K), 0.0158218 secs] [Times: user=0.19 sys=0.01, real=0.01 secs] 
2016-09-15T12:36:13.962-0400: 201.216: [GC (GCLocker Initiated GC) [PSYoungGen: 173986K->61362K(175104K)] 419209K->349393K(699392K), 0.0098373 secs] [Times: user=0.10 sys=0.00, real=0.01 secs] 
2016-09-15T12:36:14.100-0400: 201.353: [GC (GCLocker Initiated GC) [PSYoungGen: 149426K->55415K(175104K)] 443753K->398454K(699392K), 0.0177644 secs] [Times: user=0.21 sys=0.00, real=0.02 secs] 
2016-09-15T12:36:14.255-0400: 201.508: [GC (GCLocker Initiated GC) [PSYoungGen: 143479K->61590K(175104K)] 498699K->416937K(699392K), 0.0086154 secs] [Times: user=0.10 sys=0.00, real=0.01 secs] 
2016-09-15T12:36:14.374-0400: 201.627: [GC (Allocation Failure) [PSYoungGen: 149654K->49244K(175104K)] 505256K->435504K(699392K), 0.0081497 secs] [Times: user=0.08 sys=0.00, real=0.01 secs] 
2016-09-15T12:36:14.503-0400: 201.757: [GC (GCLocker Initiated GC) [PSYoungGen: 137308K->79915K(175104K)] 523569K->484676K(699392K), 0.0266550 secs] [Times: user=0.25 sys=0.01, real=0.03 secs] 
2016-09-15T12:36:14.661-0400: 201.915: [GC (GCLocker Initiated GC) [PSYoungGen: 167979K->79747K(175104K)] 584920K->515205K(699392K), 0.0096427 secs] [Times: user=0.11 sys=0.00, real=0.01 secs] 
2016-09-15T12:36:14.811-0400: 202.064: [GC (GCLocker Initiated GC) [PSYoungGen: 167811K->73576K(175104K)] 609409K->551923K(699392K), 0.0155870 secs] [Times: user=0.18 sys=0.02, real=0.01 secs] 
2016-09-15T12:36:14.826-0400: 202.080: [Full GC (Ergonomics) [PSYoungGen: 73576K->0K(175104K)] [ParOldGen: 478347K->47815K(524288K)] 551923K->47815K(699392K), [Metaspace: 44567K->44567K(1087488K)], 0.0665092 secs] [Times: user=0.42 sys=0.01, real=0.07 secs] 
2016-09-15T12:36:15.028-0400: 202.282: [GC (GCLocker Initiated GC) [PSYoungGen: 88064K->86242K(175104K)] 136162K->164715K(699392K), 0.0127425 secs] [Times: user=0.18 sys=0.00, real=0.01 secs] 
2016-09-15T12:36:15.149-0400: 202.402: [GC (GCLocker Initiated GC) [PSYoungGen: 174306K->49080K(175104K)] 265039K->213260K(699392K), 0.0120115 secs] [Times: user=0.11 sys=0.01, real=0.01 secs] 
2016-09-15T12:36:15.275-0400: 202.528: [GC (GCLocker Initiated GC) [PSYoungGen: 137144K->55615K(175104K)] 301356K->238163K(699392K), 0.0268040 secs] [Times: user=0.33 sys=0.00, real=0.03 secs] 
2016-09-15T12:36:15.449-0400: 202.702: [GC (GCLocker Initiated GC) [PSYoungGen: 143679K->55219K(175104K)] 332932K->263168K(699392K), 0.0097483 secs] [Times: user=0.14 sys=0.00, real=0.01 secs] 
2016-09-15T12:36:15.555-0400: 202.808: [GC (GCLocker Initiated GC) [PSYoungGen: 143283K->73572K(175104K)] 351560K->306301K(699392K), 0.0107440 secs] [Times: user=0.15 sys=0.00, real=0.01 secs] 
2016-09-15T12:36:15.686-0400: 202.939: [GC (GCLocker Initiated GC) [PSYoungGen: 161636K->86214K(175104K)] 394434K->398163K(699392K), 0.0136263 secs] [Times: user=0.21 sys=0.01, real=0.02 secs] 
2016-09-15T12:36:15.813-0400: 203.066: [GC (GCLocker Initiated GC) [PSYoungGen: 174278K->85854K(175104K)] 486403K->465619K(699392K), 0.0147211 secs] [Times: user=0.23 sys=0.00, real=0.02 secs] 
2016-09-15T12:36:15.940-0400: 203.193: [GC (GCLocker Initiated GC) [PSYoungGen: 173918K->73836K(175104K)] 553844K->472122K(699392K), 0.0107512 secs] [Times: user=0.15 sys=0.00, real=0.01 secs] 
2016-09-15T12:36:16.067-0400: 203.321: [GC (GCLocker Initiated GC) [PSYoungGen: 161900K->73608K(175104K)] 560300K->508774K(699392K), 0.0116095 secs] [Times: user=0.16 sys=0.00, real=0.02 secs] 
2016-09-15T12:36:16.208-0400: 203.461: [Full GC (Ergonomics) [PSYoungGen: 161672K->0K(175104K)] [ParOldGen: 441405K->53725K(524288K)] 603078K->53725K(699392K), [Metaspace: 44568K->44568K(1087488K)], 0.0742543 secs] [Times: user=0.54 sys=0.00, real=0.08 secs] 
2016-09-15T12:36:16.410-0400: 203.663: [GC (GCLocker Initiated GC) [PSYoungGen: 88064K->86794K(175104K)] 148152K->159032K(699392K), 0.0099426 secs] [Times: user=0.12 sys=0.00, real=0.01 secs] 
2016-09-15T12:36:16.562-0400: 203.816: [GC (GCLocker Initiated GC) [PSYoungGen: 174858K->31147K(175104K)] 265560K->177672K(699392K), 0.0218971 secs] [Times: user=0.29 sys=0.01, real=0.02 secs] 
2016-09-15T12:36:16.710-0400: 203.963: [GC (GCLocker Initiated GC) [PSYoungGen: 119211K->55711K(175104K)] 272159K->227184K(699392K), 0.0073529 secs] [Times: user=0.08 sys=0.00, real=0.01 secs] 
2016-09-15T12:36:16.862-0400: 204.115: [GC (GCLocker Initiated GC) [PSYoungGen: 143775K->19260K(175104K)] 333609K->246033K(699392K), 0.0099127 secs] [Times: user=0.12 sys=0.00, real=0.01 secs] 
2016-09-15T12:36:17.004-0400: 204.258: [GC (GCLocker Initiated GC) [PSYoungGen: 107324K->73704K(175104K)] 340443K->307121K(699392K), 0.0088326 secs] [Times: user=0.10 sys=0.00, real=0.01 secs] 
2016-09-15T12:36:17.143-0400: 204.396: [GC (GCLocker Initiated GC) [PSYoungGen: 161768K->73836K(175104K)] 401364K->350041K(699392K), 0.0116711 secs] [Times: user=0.13 sys=0.00, real=0.01 secs] 
2016-09-15T12:36:17.275-0400: 204.528: [GC (GCLocker Initiated GC) [PSYoungGen: 161900K->61430K(175104K)] 444536K->374692K(699392K), 0.0158411 secs] [Times: user=0.15 sys=0.00, real=0.02 secs] 
2016-09-15T12:36:17.409-0400: 204.662: [GC (GCLocker Initiated GC) [PSYoungGen: 149494K->67405K(175104K)] 469029K->405425K(699392K), 0.0130275 secs] [Times: user=0.09 sys=0.00, real=0.01 secs] 
2016-09-15T12:36:17.529-0400: 204.782: [GC (GCLocker Initiated GC) [PSYoungGen: 155469K->61394K(175104K)] 493587K->448232K(699392K), 0.0116918 secs] [Times: user=0.09 sys=0.00, real=0.01 secs] 
2016-09-15T12:36:17.670-0400: 204.923: [GC (GCLocker Initiated GC) [PSYoungGen: 149458K->85858K(175104K)] 536377K->515594K(699392K), 0.0138145 secs] [Times: user=0.13 sys=0.00, real=0.01 secs] 
2016-09-15T12:36:17.827-0400: 205.080: [GC (GCLocker Initiated GC) [PSYoungGen: 173922K->73608K(175104K)] 604013K->546500K(699392K), 0.0117946 secs] [Times: user=0.15 sys=0.00, real=0.02 secs] 
2016-09-15T12:36:17.839-0400: 205.092: [Full GC (Ergonomics) [PSYoungGen: 73608K->0K(175104K)] [ParOldGen: 472892K->47643K(524288K)] 546500K->47643K(699392K), [Metaspace: 44575K->44575K(1087488K)], 0.0642309 secs] [Times: user=0.46 sys=0.00, real=0.06 secs] 
2016-09-15T12:36:18.012-0400: 205.265: [GC (Allocation Failure) [PSYoungGen: 88064K->86242K(175104K)] 135928K->176631K(699392K), 0.0130609 secs] [Times: user=0.20 sys=0.00, real=0.01 secs] 
2016-09-15T12:36:18.148-0400: 205.401: [GC (GCLocker Initiated GC) [PSYoungGen: 174306K->73704K(175104K)] 264702K->225594K(699392K), 0.0145634 secs] [Times: user=0.21 sys=0.01, real=0.01 secs] 
2016-09-15T12:36:18.278-0400: 205.532: [GC (GCLocker Initiated GC) [PSYoungGen: 161768K->73672K(175104K)] 313957K->280860K(699392K), 0.0123841 secs] [Times: user=0.20 sys=0.00, real=0.01 secs] 
2016-09-15T12:36:18.414-0400: 205.667: [GC (GCLocker Initiated GC) [PSYoungGen: 161736K->86018K(175104K)] 375024K->342130K(699392K), 0.0110731 secs] [Times: user=0.16 sys=0.00, real=0.01 secs] 
2016-09-15T12:36:18.570-0400: 205.824: [GC (GCLocker Initiated GC) [PSYoungGen: 174082K->19064K(175104K)] 448763K->354968K(699392K), 0.0087448 secs] [Times: user=0.09 sys=0.00, real=0.01 secs] 
2016-09-15T12:36:18.713-0400: 205.966: [GC (GCLocker Initiated GC) [PSYoungGen: 107128K->79751K(175104K)] 443337K->416251K(699392K), 0.0124291 secs] [Times: user=0.14 sys=0.00, real=0.01 secs] 
2016-09-15T12:36:18.860-0400: 206.114: [GC (GCLocker Initiated GC) [PSYoungGen: 167815K->19360K(175104K)] 522549K->374222K(699392K), 0.0064612 secs] [Times: user=0.08 sys=0.00, real=0.00 secs] 
2016-09-15T12:36:19.009-0400: 206.262: [GC (Allocation Failure) [PSYoungGen: 107424K->37290K(175104K)] 474646K->404786K(699392K), 0.0190074 secs] [Times: user=0.24 sys=0.00, real=0.02 secs] 
2016-09-15T12:36:19.149-0400: 206.403: [GC (GCLocker Initiated GC) [PSYoungGen: 122675K->67501K(175104K)] 496246K->459432K(699392K), 0.0109636 secs] [Times: user=0.14 sys=0.00, real=0.01 secs] 
2016-09-15T12:36:19.295-0400: 206.548: [GC (Allocation Failure) [PSYoungGen: 155565K->55611K(175104K)] 553837K->472220K(699392K), 0.0111196 secs] [Times: user=0.13 sys=0.00, real=0.01 secs] 
2016-09-15T12:36:19.417-0400: 206.671: [GC (GCLocker Initiated GC) [PSYoungGen: 143675K->85822K(175104K)] 560285K->527015K(699392K), 0.0112292 secs] [Times: user=0.12 sys=0.01, real=0.01 secs] 
2016-09-15T12:36:19.541-0400: 206.794: [GC (GCLocker Initiated GC) [PSYoungGen: 173886K->73448K(175104K)] 615294K->533169K(699392K), 0.0149998 secs] [Times: user=0.12 sys=0.00, real=0.02 secs] 
2016-09-15T12:36:19.556-0400: 206.810: [Full GC (Ergonomics) [PSYoungGen: 73448K->0K(175104K)] [ParOldGen: 459721K->48057K(524288K)] 533169K->48057K(699392K), [Metaspace: 44576K->44576K(1087488K)], 0.0616968 secs] [Times: user=0.34 sys=0.00, real=0.06 secs] 
2016-09-15T12:36:19.736-0400: 206.989: [GC (GCLocker Initiated GC) [PSYoungGen: 88064K->86833K(175104K)] 142435K->147280K(699392K), 0.0083718 secs] [Times: user=0.10 sys=0.00, real=0.00 secs] 
2016-09-15T12:36:19.883-0400: 207.136: [GC (GCLocker Initiated GC) [PSYoungGen: 174897K->61458K(175104K)] 235660K->159390K(699392K), 0.0242026 secs] [Times: user=0.24 sys=0.01, real=0.02 secs] 
2016-09-15T12:36:20.024-0400: 207.277: [GC (GCLocker Initiated GC) [PSYoungGen: 149522K->73836K(175104K)] 247698K->208550K(699392K), 0.0172375 secs] [Times: user=0.21 sys=0.00, real=0.02 secs] 
2016-09-15T12:36:20.143-0400: 207.397: [GC (GCLocker Initiated GC) [PSYoungGen: 161900K->55355K(175104K)] 296825K->227005K(699392K), 0.0341756 secs] [Times: user=0.42 sys=0.01, real=0.04 secs] 
2016-09-15T12:36:20.295-0400: 207.548: [GC (GCLocker Initiated GC) [PSYoungGen: 143419K->61522K(175104K)] 315352K->319157K(699392K), 0.0137881 secs] [Times: user=0.21 sys=0.00, real=0.02 secs] 
2016-09-15T12:36:20.435-0400: 207.688: [GC (GCLocker Initiated GC) [PSYoungGen: 149586K->85986K(175104K)] 413354K->392439K(699392K), 0.0133091 secs] [Times: user=0.19 sys=0.01, real=0.02 secs] 
2016-09-15T12:36:20.573-0400: 207.827: [GC (GCLocker Initiated GC) [PSYoungGen: 174050K->55483K(175104K)] 480533K->411046K(699392K), 0.0109981 secs] [Times: user=0.16 sys=0.00, real=0.01 secs] 
2016-09-15T12:36:20.687-0400: 207.941: [GC (GCLocker Initiated GC) [PSYoungGen: 143547K->61298K(175104K)] 499258K->447651K(699392K), 0.0126049 secs] [Times: user=0.10 sys=0.00, real=0.02 secs] 
2016-09-15T12:36:20.852-0400: 208.105: [GC (Allocation Failure) [PSYoungGen: 149362K->55874K(175104K)] 548204K->503617K(699392K), 0.0134126 secs] [Times: user=0.14 sys=0.00, real=0.01 secs] 
2016-09-15T12:36:20.865-0400: 208.119: [Full GC (Ergonomics) [PSYoungGen: 55874K->0K(175104K)] [ParOldGen: 447742K->54313K(524288K)] 503617K->54313K(699392K), [Metaspace: 44576K->44576K(1087488K)], 0.0646191 secs] [Times: user=0.48 sys=0.01, real=0.07 secs] 
2016-09-15T12:36:21.049-0400: 208.303: [GC (GCLocker Initiated GC) [PSYoungGen: 86576K->85758K(175104K)] 146964K->170446K(699392K), 0.0108890 secs] [Times: user=0.12 sys=0.00, real=0.01 secs] 
2016-09-15T12:36:21.187-0400: 208.440: [GC (GCLocker Initiated GC) [PSYoungGen: 173822K->79583K(175104K)] 258608K->225435K(699392K), 0.0130105 secs] [Times: user=0.20 sys=0.00, real=0.02 secs] 
2016-09-15T12:36:21.312-0400: 208.566: [GC (GCLocker Initiated GC) [PSYoungGen: 167647K->61850K(175104K)] 319817K->287080K(699392K), 0.0127074 secs] [Times: user=0.19 sys=0.00, real=0.01 secs] 
2016-09-15T12:36:21.452-0400: 208.705: [GC (GCLocker Initiated GC) [PSYoungGen: 149914K->55479K(175104K)] 387481K->311914K(699392K), 0.0103771 secs] [Times: user=0.17 sys=0.00, real=0.01 secs] 
2016-09-15T12:36:21.585-0400: 208.839: [GC (GCLocker Initiated GC) [PSYoungGen: 143543K->55351K(175104K)] 400971K->331156K(699392K), 0.0072819 secs] [Times: user=0.09 sys=0.01, real=0.01 secs] 
2016-09-15T12:36:21.695-0400: 208.948: [GC (GCLocker Initiated GC) [PSYoungGen: 143415K->79651K(175104K)] 419458K->374210K(699392K), 0.0173352 secs] [Times: user=0.23 sys=0.00, real=0.02 secs] 
2016-09-15T12:36:21.836-0400: 209.089: [GC (GCLocker Initiated GC) [PSYoungGen: 167715K->73540K(175104K)] 462434K->411108K(699392K), 0.0123221 secs] [Times: user=0.15 sys=0.01, real=0.02 secs] 
2016-09-15T12:36:21.976-0400: 209.229: [GC (Allocation Failure) [PSYoungGen: 161604K->55323K(175104K)] 499331K->405311K(699392K), 0.0106320 secs] [Times: user=0.09 sys=0.00, real=0.00 secs] 
2016-09-15T12:36:22.118-0400: 209.372: [GC (GCLocker Initiated GC) [PSYoungGen: 143387K->49148K(175104K)] 493380K->417610K(699392K), 0.0178234 secs] [Times: user=0.13 sys=0.00, real=0.02 secs] 
2016-09-15T12:36:22.284-0400: 209.537: [GC (GCLocker Initiated GC) [PSYoungGen: 137212K->73480K(175104K)] 505873K->460454K(699392K), 0.0258761 secs] [Times: user=0.25 sys=0.00, real=0.03 secs] 
2016-09-15T12:36:22.422-0400: 209.675: [GC (GCLocker Initiated GC) [PSYoungGen: 161544K->73644K(175104K)] 548583K->478988K(699392K), 0.0187412 secs] [Times: user=0.17 sys=0.01, real=0.02 secs] 
2016-09-15T12:36:22.565-0400: 209.818: [GC (GCLocker Initiated GC) [PSYoungGen: 161708K->31022K(175104K)] 573482K->503799K(699392K), 0.0191766 secs] [Times: user=0.18 sys=0.00, real=0.02 secs] 
2016-09-15T12:36:22.584-0400: 209.837: [Full GC (Ergonomics) [PSYoungGen: 31022K->0K(175104K)] [ParOldGen: 472776K->54674K(524288K)] 503799K->54674K(699392K), [Metaspace: 44586K->44586K(1087488K)], 0.0633953 secs] [Times: user=0.43 sys=0.01, real=0.06 secs] 
2016-09-15T12:36:22.753-0400: 210.006: [GC (GCLocker Initiated GC) [PSYoungGen: 88064K->67369K(175104K)] 148995K->128300K(699392K), 0.0099550 secs] [Times: user=0.12 sys=0.00, real=0.01 secs] 
2016-09-15T12:36:22.876-0400: 210.129: [GC (GCLocker Initiated GC) [PSYoungGen: 155429K->86766K(175104K)] 222791K->215045K(699392K), 0.0136014 secs] [Times: user=0.21 sys=0.00, real=0.01 secs] 
2016-09-15T12:36:23.019-0400: 210.272: [GC (Allocation Failure) [PSYoungGen: 174830K->67597K(175104K)] 303464K->233893K(699392K), 0.0167496 secs] [Times: user=0.20 sys=0.01, real=0.02 secs] 
2016-09-15T12:36:23.174-0400: 210.427: [GC (GCLocker Initiated GC) [PSYoungGen: 155661K->43137K(175104K)] 321963K->227751K(699392K), 0.0100550 secs] [Times: user=0.05 sys=0.01, real=0.01 secs] 
2016-09-15T12:36:23.297-0400: 210.550: [GC (GCLocker Initiated GC) [PSYoungGen: 131201K->73704K(175104K)] 322045K->307201K(699392K), 0.0120771 secs] [Times: user=0.19 sys=0.00, real=0.01 secs] 
2016-09-15T12:36:23.449-0400: 210.702: [GC (GCLocker Initiated GC) [PSYoungGen: 161768K->55842K(175104K)] 395424K->307828K(699392K), 0.0160672 secs] [Times: user=0.22 sys=0.00, real=0.01 secs] 
2016-09-15T12:36:23.579-0400: 210.832: [GC (GCLocker Initiated GC) [PSYoungGen: 143906K->55219K(175104K)] 402328K->351397K(699392K), 0.0113832 secs] [Times: user=0.17 sys=0.00, real=0.01 secs] 
2016-09-15T12:36:23.706-0400: 210.959: [GC (GCLocker Initiated GC) [PSYoungGen: 143283K->85986K(175104K)] 439900K->437413K(699392K), 0.0128365 secs] [Times: user=0.18 sys=0.00, real=0.02 secs] 
2016-09-15T12:36:23.849-0400: 211.102: [GC (GCLocker Initiated GC) [PSYoungGen: 174050K->43237K(175104K)] 531684K->419364K(699392K), 0.0075649 secs] [Times: user=0.05 sys=0.00, real=0.01 secs] 
2016-09-15T12:36:23.991-0400: 211.244: [GC (GCLocker Initiated GC) [PSYoungGen: 131301K->42881K(175104K)] 507581K->419397K(699392K), 0.0157009 secs] [Times: user=0.14 sys=0.00, real=0.01 secs] 
2016-09-15T12:36:24.136-0400: 211.390: [GC (GCLocker Initiated GC) [PSYoungGen: 130945K->67565K(175104K)] 513891K->468824K(699392K), 0.0131421 secs] [Times: user=0.13 sys=0.00, real=0.01 secs] 
2016-09-15T12:36:24.272-0400: 211.526: [GC (GCLocker Initiated GC) [PSYoungGen: 155629K->55615K(175104K)] 563106K->499669K(699392K), 0.0160030 secs] [Times: user=0.19 sys=0.00, real=0.02 secs] 
2016-09-15T12:36:24.411-0400: 211.664: [Full GC (Ergonomics) [PSYoungGen: 143679K->0K(175104K)] [ParOldGen: 456393K->60838K(524288K)] 600072K->60838K(699392K), [Metaspace: 44586K->44586K(1087488K)], 0.0667267 secs] [Times: user=0.51 sys=0.02, real=0.07 secs] 
2016-09-15T12:36:24.588-0400: 211.841: [GC (GCLocker Initiated GC) [PSYoungGen: 88064K->86890K(175104K)] 155338K->160239K(699392K), 0.0111707 secs] [Times: user=0.17 sys=0.00, real=0.01 secs] 
2016-09-15T12:36:24.709-0400: 211.962: [GC (Allocation Failure) [PSYoungGen: 174954K->73512K(175104K)] 248512K->208764K(699392K), 0.0330598 secs] [Times: user=0.34 sys=0.00, real=0.03 secs] 
2016-09-15T12:36:24.840-0400: 212.093: [GC (GCLocker Initiated GC) [PSYoungGen: 161576K->61490K(175104K)] 296829K->215259K(699392K), 0.0098475 secs] [Times: user=0.11 sys=0.00, real=0.01 secs] 
2016-09-15T12:36:24.962-0400: 212.215: [GC (GCLocker Initiated GC) [PSYoungGen: 149554K->73772K(175104K)] 303358K->245968K(699392K), 0.0101066 secs] [Times: user=0.13 sys=0.00, real=0.01 secs] 
2016-09-15T12:36:25.087-0400: 212.340: [GC (GCLocker Initiated GC) [PSYoungGen: 161836K->67501K(175104K)] 340272K->282671K(699392K), 0.0272537 secs] [Times: user=0.33 sys=0.00, real=0.03 secs] 
2016-09-15T12:36:25.235-0400: 212.488: [GC (GCLocker Initiated GC) [PSYoungGen: 155565K->85658K(175104K)] 370939K->331731K(699392K), 0.0187561 secs] [Times: user=0.24 sys=0.01, real=0.02 secs] 
2016-09-15T12:36:25.378-0400: 212.631: [GC (GCLocker Initiated GC) [PSYoungGen: 173722K->55387K(175104K)] 419887K->356355K(699392K), 0.0181746 secs] [Times: user=0.21 sys=0.00, real=0.02 secs] 
2016-09-15T12:36:25.515-0400: 212.768: [GC (GCLocker Initiated GC) [PSYoungGen: 143451K->49212K(175104K)] 444749K->381292K(699392K), 0.0176918 secs] [Times: user=0.16 sys=0.01, real=0.02 secs] 
2016-09-15T12:36:25.665-0400: 212.918: [GC (GCLocker Initiated GC) [PSYoungGen: 137276K->55387K(175104K)] 475787K->412366K(699392K), 0.0121650 secs] [Times: user=0.08 sys=0.00, real=0.02 secs] 
2016-09-15T12:36:25.831-0400: 213.085: [GC (Allocation Failure) [PSYoungGen: 143451K->37062K(175104K)] 518781K->430900K(699392K), 0.0183360 secs] [Times: user=0.20 sys=0.00, real=0.02 secs] 
2016-09-15T12:36:25.997-0400: 213.251: [GC (GCLocker Initiated GC) [PSYoungGen: 125126K->36866K(175104K)] 518970K->430837K(699392K), 0.0057254 secs] [Times: user=0.05 sys=0.00, real=0.00 secs] 
2016-09-15T12:36:26.106-0400: 213.359: [GC (Allocation Failure) [PSYoungGen: 124930K->37386K(175104K)] 531619K->444218K(699392K), 0.0102760 secs] [Times: user=0.13 sys=0.00, real=0.02 secs] 
2016-09-15T12:36:26.245-0400: 213.498: [GC (GCLocker Initiated GC) [PSYoungGen: 120536K->74000K(175104K)] 533443K->487534K(699392K), 0.0111258 secs] [Times: user=0.15 sys=0.00, real=0.02 secs] 
2016-09-15T12:36:26.374-0400: 213.628: [GC (GCLocker Initiated GC) [PSYoungGen: 162064K->55283K(175104K)] 575658K->469044K(699392K), 0.0126719 secs] [Times: user=0.16 sys=0.00, real=0.01 secs] 
2016-09-15T12:36:26.510-0400: 213.764: [GC (GCLocker Initiated GC) [PSYoungGen: 143347K->86022K(175104K)] 563382K->524450K(699392K), 0.0103690 secs] [Times: user=0.12 sys=0.00, real=0.01 secs] 
2016-09-15T12:36:26.684-0400: 213.937: [GC (GCLocker Initiated GC) [PSYoungGen: 174086K->49212K(175104K)] 612644K->530735K(699392K), 0.0234416 secs] [Times: user=0.22 sys=0.00, real=0.03 secs] 
2016-09-15T12:36:26.708-0400: 213.961: [Full GC (Ergonomics) [PSYoungGen: 49212K->0K(175104K)] [ParOldGen: 481523K->48331K(524288K)] 530735K->48331K(699392K), [Metaspace: 44588K->44588K(1087488K)], 0.0677044 secs] [Times: user=0.41 sys=0.01, real=0.06 secs] 
2016-09-15T12:36:26.886-0400: 214.139: [GC (GCLocker Initiated GC) [PSYoungGen: 88064K->86078K(175104K)] 136417K->170881K(699392K), 0.0122630 secs] [Times: user=0.18 sys=0.00, real=0.02 secs] 
2016-09-15T12:36:27.005-0400: 214.258: [GC (GCLocker Initiated GC) [PSYoungGen: 174142K->61590K(175104K)] 265203K->201807K(699392K), 0.0116395 secs] [Times: user=0.18 sys=0.01, real=0.02 secs] 
2016-09-15T12:36:27.120-0400: 214.373: [GC (GCLocker Initiated GC) [PSYoungGen: 149654K->85854K(175104K)] 290070K->275178K(699392K), 0.0138532 secs] [Times: user=0.22 sys=0.00, real=0.01 secs] 
2016-09-15T12:36:27.263-0400: 214.516: [GC (GCLocker Initiated GC) [PSYoungGen: 173918K->67697K(175104K)] 375535K->324124K(699392K), 0.0121955 secs] [Times: user=0.16 sys=0.01, real=0.01 secs] 
2016-09-15T12:36:27.400-0400: 214.653: [GC (GCLocker Initiated GC) [PSYoungGen: 155761K->79651K(175104K)] 412213K->379100K(699392K), 0.0117458 secs] [Times: user=0.14 sys=0.00, real=0.01 secs] 
2016-09-15T12:36:27.524-0400: 214.777: [GC (GCLocker Initiated GC) [PSYoungGen: 167715K->73640K(175104K)] 467167K->440085K(699392K), 0.0135284 secs] [Times: user=0.22 sys=0.00, real=0.02 secs] 
2016-09-15T12:36:27.658-0400: 214.911: [GC (GCLocker Initiated GC) [PSYoungGen: 161704K->85758K(175104K)] 534272K->501174K(699392K), 0.0126627 secs] [Times: user=0.20 sys=0.00, real=0.01 secs] 
2016-09-15T12:36:27.809-0400: 215.062: [GC (GCLocker Initiated GC) [PSYoungGen: 173822K->61722K(175104K)] 601453K->507877K(699392K), 0.0100928 secs] [Times: user=0.12 sys=0.00, real=0.01 secs] 
2016-09-15T12:36:27.819-0400: 215.073: [Full GC (Ergonomics) [PSYoungGen: 61722K->0K(175104K)] [ParOldGen: 446155K->48600K(524288K)] 507877K->48600K(699392K), [Metaspace: 44588K->44588K(1087488K)], 0.0698049 secs] [Times: user=0.48 sys=0.02, real=0.07 secs] 
2016-09-15T12:36:28.010-0400: 215.263: [GC (GCLocker Initiated GC) [PSYoungGen: 88064K->86242K(175104K)] 136985K->171614K(699392K), 0.0109042 secs] [Times: user=0.13 sys=0.00, real=0.01 secs] 
2016-09-15T12:36:28.154-0400: 215.407: [GC (Allocation Failure) [PSYoungGen: 174306K->37126K(175104K)] 271947K->190301K(699392K), 0.0172110 secs] [Times: user=0.19 sys=0.00, real=0.02 secs] 
2016-09-15T12:36:28.172-0400: 215.425: [GC (GCLocker Initiated GC) [PSYoungGen: 37495K->160K(175104K)] 190671K->190164K(699392K), 0.0059262 secs] [Times: user=0.05 sys=0.01, real=0.01 secs] 
2016-09-15T12:36:28.284-0400: 215.537: [GC (GCLocker Initiated GC) [PSYoungGen: 88224K->86078K(175104K)] 278228K->282173K(699392K), 0.0084227 secs] [Times: user=0.09 sys=0.00, real=0.01 secs] 
2016-09-15T12:36:28.424-0400: 215.677: [GC (GCLocker Initiated GC) [PSYoungGen: 174142K->73872K(175104K)] 370268K->294830K(699392K), 0.0100721 secs] [Times: user=0.10 sys=0.00, real=0.01 secs] 
2016-09-15T12:36:28.551-0400: 215.805: [GC (GCLocker Initiated GC) [PSYoungGen: 161936K->73608K(175104K)] 382974K->313155K(699392K), 0.0176126 secs] [Times: user=0.20 sys=0.00, real=0.02 secs] 
2016-09-15T12:36:28.681-0400: 215.935: [GC (GCLocker Initiated GC) [PSYoungGen: 161672K->85922K(175104K)] 401394K->368321K(699392K), 0.0113198 secs] [Times: user=0.14 sys=0.00, real=0.01 secs] 
2016-09-15T12:36:28.852-0400: 216.105: [GC (Allocation Failure) [PSYoungGen: 173986K->30823K(175104K)] 468649K->362383K(699392K), 0.0083450 secs] [Times: user=0.07 sys=0.00, real=0.01 secs] 
2016-09-15T12:36:29.002-0400: 216.255: [GC (GCLocker Initiated GC) [PSYoungGen: 118629K->61590K(175104K)] 456265K->417578K(699392K), 0.0080823 secs] [Times: user=0.08 sys=0.01, real=0.01 secs] 
2016-09-15T12:36:29.146-0400: 216.400: [GC (GCLocker Initiated GC) [PSYoungGen: 149654K->73704K(175104K)] 512033K->473021K(699392K), 0.0170632 secs] [Times: user=0.22 sys=0.01, real=0.02 secs] 
2016-09-15T12:36:29.302-0400: 216.556: [GC (GCLocker Initiated GC) [PSYoungGen: 161768K->37290K(175104K)] 573590K->485697K(699392K), 0.0150178 secs] [Times: user=0.18 sys=0.00, real=0.02 secs] 
2016-09-15T12:36:29.428-0400: 216.682: [GC (GCLocker Initiated GC) [PSYoungGen: 125354K->85758K(175104K)] 573809K->540579K(699392K), 0.0103407 secs] [Times: user=0.11 sys=0.00, real=0.01 secs] 
2016-09-15T12:36:29.552-0400: 216.805: [GC (GCLocker Initiated GC) [PSYoungGen: 173822K->85858K(175104K)] 628894K->559290K(699392K), 0.0147059 secs] [Times: user=0.15 sys=0.00, real=0.01 secs] 
2016-09-15T12:36:29.567-0400: 216.820: [Full GC (Ergonomics) [PSYoungGen: 85858K->0K(175104K)] [ParOldGen: 473432K->53124K(524288K)] 559290K->53124K(699392K), [Metaspace: 44588K->44588K(1087488K)], 0.0853410 secs] [Times: user=0.64 sys=0.00, real=0.09 secs] 
2016-09-15T12:36:29.785-0400: 217.038: [GC (GCLocker Initiated GC) [PSYoungGen: 88064K->79907K(175104K)] 141320K->133163K(699392K), 0.0095391 secs] [Times: user=0.10 sys=0.00, real=0.01 secs] 
2016-09-15T12:36:29.908-0400: 217.162: [GC (GCLocker Initiated GC) [PSYoungGen: 167971K->73704K(175104K)] 221302K->218756K(699392K), 0.0146672 secs] [Times: user=0.22 sys=0.00, real=0.01 secs] 
2016-09-15T12:36:30.045-0400: 217.298: [GC (GCLocker Initiated GC) [PSYoungGen: 161768K->86182K(175104K)] 307029K->256067K(699392K), 0.0115902 secs] [Times: user=0.17 sys=0.00, real=0.02 secs] 
2016-09-15T12:36:30.197-0400: 217.450: [GC (GCLocker Initiated GC) [PSYoungGen: 174246K->43233K(175104K)] 350851K->256548K(699392K), 0.0096789 secs] [Times: user=0.08 sys=0.00, real=0.00 secs] 
2016-09-15T12:36:30.334-0400: 217.587: [GC (GCLocker Initiated GC) [PSYoungGen: 131297K->55319K(175104K)] 344902K->287260K(699392K), 0.0147533 secs] [Times: user=0.17 sys=0.01, real=0.02 secs] 
2016-09-15T12:36:30.470-0400: 217.723: [GC (GCLocker Initiated GC) [PSYoungGen: 143383K->73476K(175104K)] 375444K->324046K(699392K), 0.0192956 secs] [Times: user=0.22 sys=0.00, real=0.02 secs] 
2016-09-15T12:36:30.615-0400: 217.868: [GC (GCLocker Initiated GC) [PSYoungGen: 161540K->86182K(175104K)] 424335K->385594K(699392K), 0.0118456 secs] [Times: user=0.16 sys=0.00, real=0.01 secs] 
2016-09-15T12:36:30.751-0400: 218.005: [GC (GCLocker Initiated GC) [PSYoungGen: 174246K->55743K(175104K)] 480005K->416836K(699392K), 0.0136281 secs] [Times: user=0.18 sys=0.00, real=0.01 secs] 
2016-09-15T12:36:30.893-0400: 218.146: [GC (GCLocker Initiated GC) [PSYoungGen: 143807K->55515K(175104K)] 510987K->459445K(699392K), 0.0130454 secs] [Times: user=0.15 sys=0.00, real=0.01 secs] 
2016-09-15T12:36:31.028-0400: 218.282: [GC (GCLocker Initiated GC) [PSYoungGen: 143579K->61326K(175104K)] 547753K->502241K(699392K), 0.0136482 secs] [Times: user=0.14 sys=0.00, real=0.01 secs] 
2016-09-15T12:36:31.147-0400: 218.400: [GC (GCLocker Initiated GC) [PSYoungGen: 149390K->86509K(175104K)] 590307K->570112K(699392K), 0.0129919 secs] [Times: user=0.17 sys=0.00, real=0.02 secs] 
2016-09-15T12:36:31.160-0400: 218.413: [Full GC (Ergonomics) [PSYoungGen: 86509K->0K(175104K)] [ParOldGen: 483602K->53488K(524288K)] 570112K->53488K(699392K), [Metaspace: 44588K->44588K(1087488K)], 0.0629881 secs] [Times: user=0.42 sys=0.02, real=0.06 secs] 
2016-09-15T12:36:31.336-0400: 218.589: [GC (Allocation Failure) [PSYoungGen: 88064K->86406K(175104K)] 147719K->152136K(699392K), 0.0104718 secs] [Times: user=0.15 sys=0.00, real=0.00 secs] 
2016-09-15T12:36:31.473-0400: 218.727: [GC (GCLocker Initiated GC) [PSYoungGen: 174470K->73640K(175104K)] 246275K->194601K(699392K), 0.0104132 secs] [Times: user=0.16 sys=0.00, real=0.01 secs] 
2016-09-15T12:36:31.616-0400: 218.869: [GC (Allocation Failure) [PSYoungGen: 161704K->86018K(175104K)] 282869K->231790K(699392K), 0.0115937 secs] [Times: user=0.18 sys=0.00, real=0.00 secs] 
2016-09-15T12:36:31.750-0400: 219.003: [GC (GCLocker Initiated GC) [PSYoungGen: 174082K->73476K(175104K)] 319856K->274224K(699392K), 0.0161875 secs] [Times: user=0.22 sys=0.00, real=0.01 secs] 
2016-09-15T12:36:31.884-0400: 219.137: [GC (GCLocker Initiated GC) [PSYoungGen: 161540K->73836K(175104K)] 368725K->299389K(699392K), 0.0110584 secs] [Times: user=0.14 sys=0.00, real=0.01 secs] 
2016-09-15T12:36:32.034-0400: 219.288: [GC (GCLocker Initiated GC) [PSYoungGen: 161900K->73508K(175104K)] 393800K->324129K(699392K), 0.0196383 secs] [Times: user=0.26 sys=0.01, real=0.02 secs] 
2016-09-15T12:36:32.171-0400: 219.425: [GC (GCLocker Initiated GC) [PSYoungGen: 161572K->86018K(175104K)] 412408K->343073K(699392K), 0.0130041 secs] [Times: user=0.16 sys=0.00, real=0.01 secs] 
2016-09-15T12:36:32.299-0400: 219.553: [GC (GCLocker Initiated GC) [PSYoungGen: 174082K->43105K(175104K)] 437265K->349057K(699392K), 0.0153396 secs] [Times: user=0.09 sys=0.01, real=0.01 secs] 
2016-09-15T12:36:32.454-0400: 219.707: [GC (GCLocker Initiated GC) [PSYoungGen: 131169K->61494K(175104K)] 443557K->392383K(699392K), 0.0254017 secs] [Times: user=0.29 sys=0.00, real=0.03 secs] 
2016-09-15T12:36:32.631-0400: 219.885: [GC (GCLocker Initiated GC) [PSYoungGen: 149558K->67501K(175104K)] 480746K->435595K(699392K), 0.0227100 secs] [Times: user=0.29 sys=0.00, real=0.02 secs] 
2016-09-15T12:36:32.803-0400: 220.056: [GC (GCLocker Initiated GC) [PSYoungGen: 155565K->55187K(175104K)] 529821K->429554K(699392K), 0.0106104 secs] [Times: user=0.12 sys=0.00, real=0.01 secs] 
2016-09-15T12:36:32.925-0400: 220.179: [GC (Allocation Failure) [PSYoungGen: 143251K->73868K(175104K)] 517816K->466818K(699392K), 0.0300501 secs] [Times: user=0.40 sys=0.00, real=0.03 secs] 
2016-09-15T12:36:33.098-0400: 220.352: [GC (GCLocker Initiated GC) [PSYoungGen: 159468K->55611K(175104K)] 558493K->491393K(699392K), 0.0103344 secs] [Times: user=0.12 sys=0.00, real=0.01 secs] 
2016-09-15T12:36:33.226-0400: 220.479: [GC (GCLocker Initiated GC) [PSYoungGen: 143675K->85954K(175104K)] 579522K->540154K(699392K), 0.0110465 secs] [Times: user=0.13 sys=0.00, real=0.02 secs] 
2016-09-15T12:36:33.351-0400: 220.604: [Full GC (Ergonomics) [PSYoungGen: 174018K->0K(175104K)] [ParOldGen: 460569K->59684K(524288K)] 634587K->59684K(699392K), [Metaspace: 44588K->44588K(1087488K)], 0.0867688 secs] [Times: user=0.66 sys=0.01, real=0.09 secs] 
2016-09-15T12:36:33.572-0400: 220.825: [GC (GCLocker Initiated GC) [PSYoungGen: 88064K->56226K(175104K)] 159934K->128097K(699392K), 0.0181426 secs] [Times: user=0.20 sys=0.00, real=0.02 secs] 
2016-09-15T12:36:33.690-0400: 220.944: [GC (GCLocker Initiated GC) [PSYoungGen: 144290K->85790K(175104K)] 216432K->201380K(699392K), 0.0117374 secs] [Times: user=0.17 sys=0.00, real=0.01 secs] 
2016-09-15T12:36:33.816-0400: 221.069: [GC (GCLocker Initiated GC) [PSYoungGen: 173854K->73804K(175104K)] 295566K->262641K(699392K), 0.0180274 secs] [Times: user=0.21 sys=0.00, real=0.01 secs] 
2016-09-15T12:36:33.943-0400: 221.197: [GC (GCLocker Initiated GC) [PSYoungGen: 161868K->73672K(175104K)] 350730K->305538K(699392K), 0.0188422 secs] [Times: user=0.25 sys=0.01, real=0.02 secs] 
2016-09-15T12:36:34.074-0400: 221.327: [GC (GCLocker Initiated GC) [PSYoungGen: 161736K->85954K(175104K)] 393689K->385047K(699392K), 0.0123264 secs] [Times: user=0.17 sys=0.01, real=0.01 secs] 
2016-09-15T12:36:34.215-0400: 221.469: [GC (GCLocker Initiated GC) [PSYoungGen: 174018K->85790K(175104K)] 473181K->434025K(699392K), 0.0113706 secs] [Times: user=0.17 sys=0.01, real=0.01 secs] 
2016-09-15T12:36:34.328-0400: 221.581: [GC (GCLocker Initiated GC) [PSYoungGen: 173854K->85626K(175104K)] 522186K->458574K(699392K), 0.0120912 secs] [Times: user=0.16 sys=0.00, real=0.01 secs] 
2016-09-15T12:36:34.481-0400: 221.735: [GC (GCLocker Initiated GC) [PSYoungGen: 173690K->67633K(175104K)] 552934K->483478K(699392K), 0.0161584 secs] [Times: user=0.18 sys=0.00, real=0.02 secs] 
2016-09-15T12:36:34.605-0400: 221.858: [GC (Allocation Failure) [PSYoungGen: 155697K->61394K(175104K)] 571847K->544661K(699392K), 0.0170795 secs] [Times: user=0.21 sys=0.00, real=0.02 secs] 
2016-09-15T12:36:34.622-0400: 221.875: [Full GC (Ergonomics) [PSYoungGen: 61394K->0K(175104K)] [ParOldGen: 483267K->59521K(524288K)] 544661K->59521K(699392K), [Metaspace: 44589K->44589K(1087488K)], 0.0648055 secs] [Times: user=0.46 sys=0.01, real=0.06 secs] 
2016-09-15T12:36:34.795-0400: 222.048: [GC (GCLocker Initiated GC) [PSYoungGen: 88064K->86406K(175104K)] 147591K->170233K(699392K), 0.0102525 secs] [Times: user=0.14 sys=0.01, real=0.01 secs] 
2016-09-15T12:36:34.947-0400: 222.201: [GC (Allocation Failure) [PSYoungGen: 174470K->19292K(175104K)] 282733K->164890K(699392K), 0.0062757 secs] [Times: user=0.06 sys=0.00, real=0.01 secs] 
2016-09-15T12:36:35.082-0400: 222.335: [GC (GCLocker Initiated GC) [PSYoungGen: 104898K->55807K(175104K)] 256570K->207614K(699392K), 0.0227368 secs] [Times: user=0.31 sys=0.00, real=0.02 secs] 
2016-09-15T12:36:35.223-0400: 222.477: [GC (GCLocker Initiated GC) [PSYoungGen: 143871K->73640K(175104K)] 295731K->243868K(699392K), 0.0107358 secs] [Times: user=0.14 sys=0.01, real=0.01 secs] 
2016-09-15T12:36:35.359-0400: 222.612: [GC (Allocation Failure) [PSYoungGen: 161704K->85890K(175104K)] 331980K->280757K(699392K), 0.0111593 secs] [Times: user=0.13 sys=0.00, real=0.01 secs] 
2016-09-15T12:36:35.506-0400: 222.759: [GC (GCLocker Initiated GC) [PSYoungGen: 173954K->43269K(175104K)] 368827K->299324K(699392K), 0.0229707 secs] [Times: user=0.25 sys=0.00, real=0.03 secs] 
2016-09-15T12:36:35.662-0400: 222.916: [GC (GCLocker Initiated GC) [PSYoungGen: 131333K->79587K(175104K)] 393572K->342094K(699392K), 0.0183294 secs] [Times: user=0.22 sys=0.00, real=0.02 secs] 
2016-09-15T12:36:35.815-0400: 223.068: [GC (Allocation Failure) [PSYoungGen: 167651K->43169K(175104K)] 430261K->366820K(699392K), 0.0140116 secs] [Times: user=0.13 sys=0.00, real=0.02 secs] 
2016-09-15T12:36:35.966-0400: 223.219: [GC (GCLocker Initiated GC) [PSYoungGen: 131101K->36898K(175104K)] 460828K->366900K(699392K), 0.0070254 secs] [Times: user=0.09 sys=0.00, real=0.01 secs] 
2016-09-15T12:36:36.099-0400: 223.353: [GC (Allocation Failure) [PSYoungGen: 124962K->73380K(175104K)] 461075K->409620K(699392K), 0.0105491 secs] [Times: user=0.09 sys=0.00, real=0.01 secs] 
2016-09-15T12:36:36.111-0400: 223.364: [GC (GCLocker Initiated GC) [PSYoungGen: 73751K->96K(175104K)] 409991K->421608K(699392K), 0.0071309 secs] [Times: user=0.10 sys=0.00, real=0.01 secs] 
2016-09-15T12:36:36.118-0400: 223.371: [Full GC (Ergonomics) [PSYoungGen: 96K->0K(175104K)] [ParOldGen: 421512K->53303K(524288K)] 421608K->53303K(699392K), [Metaspace: 44589K->44589K(1087488K)], 0.0653820 secs] [Times: user=0.49 sys=0.02, real=0.06 secs] 
2016-09-15T12:36:36.306-0400: 223.559: [GC (GCLocker Initiated GC) [PSYoungGen: 88064K->86794K(175104K)] 141373K->146178K(699392K), 0.0098535 secs] [Times: user=0.14 sys=0.00, real=0.02 secs] 
2016-09-15T12:36:36.440-0400: 223.694: [GC (GCLocker Initiated GC) [PSYoungGen: 174858K->85690K(175104K)] 240365K->200953K(699392K), 0.0115233 secs] [Times: user=0.15 sys=0.00, real=0.01 secs] 
2016-09-15T12:36:36.563-0400: 223.816: [GC (GCLocker Initiated GC) [PSYoungGen: 173754K->85890K(175104K)] 295268K->219697K(699392K), 0.0147186 secs] [Times: user=0.17 sys=0.00, real=0.02 secs] 
2016-09-15T12:36:36.690-0400: 223.944: [GC (GCLocker Initiated GC) [PSYoungGen: 173954K->61558K(175104K)] 307831K->238212K(699392K), 0.0165536 secs] [Times: user=0.09 sys=0.01, real=0.01 secs] 
2016-09-15T12:36:36.823-0400: 224.076: [GC (Allocation Failure) [PSYoungGen: 149622K->73836K(175104K)] 332449K->323804K(699392K), 0.0123579 secs] [Times: user=0.17 sys=0.00, real=0.01 secs] 
2016-09-15T12:36:36.952-0400: 224.205: [GC (GCLocker Initiated GC) [PSYoungGen: 161900K->85986K(175104K)] 411873K->342365K(699392K), 0.0103795 secs] [Times: user=0.10 sys=0.01, real=0.01 secs] 
2016-09-15T12:36:37.103-0400: 224.356: [GC (Allocation Failure) [PSYoungGen: 174050K->49244K(175104K)] 442722K->372890K(699392K), 0.0098652 secs] [Times: user=0.11 sys=0.00, real=0.01 secs] 
2016-09-15T12:36:37.113-0400: 224.367: [GC (GCLocker Initiated GC) [PSYoungGen: 49248K->32K(175104K)] 372895K->378937K(699392K), 0.0076361 secs] [Times: user=0.10 sys=0.01, real=0.01 secs] 
2016-09-15T12:36:37.262-0400: 224.515: [GC (GCLocker Initiated GC) [PSYoungGen: 88096K->74068K(175104K)] 467007K->452979K(699392K), 0.0123575 secs] [Times: user=0.15 sys=0.00, real=0.01 secs] 
2016-09-15T12:36:37.399-0400: 224.652: [GC (GCLocker Initiated GC) [PSYoungGen: 162132K->67373K(175104K)] 547171K->471061K(699392K), 0.0200478 secs] [Times: user=0.21 sys=0.00, real=0.02 secs] 
2016-09-15T12:36:37.540-0400: 224.793: [GC (GCLocker Initiated GC) [PSYoungGen: 155437K->67761K(175104K)] 559446K->538739K(699392K), 0.0112906 secs] [Times: user=0.13 sys=0.01, real=0.01 secs] 
2016-09-15T12:36:37.552-0400: 224.805: [Full GC (Ergonomics) [PSYoungGen: 67761K->0K(175104K)] [ParOldGen: 470978K->54026K(524288K)] 538739K->54026K(699392K), [Metaspace: 44589K->44589K(1087488K)], 0.0652070 secs] [Times: user=0.42 sys=0.01, real=0.07 secs] 
2016-09-15T12:36:37.754-0400: 225.007: [GC (GCLocker Initiated GC) [PSYoungGen: 88064K->73868K(175104K)] 154590K->140394K(699392K), 0.0072755 secs] [Times: user=0.09 sys=0.00, real=0.01 secs] 
2016-09-15T12:36:37.898-0400: 225.151: [GC (GCLocker Initiated GC) [PSYoungGen: 161932K->49016K(175104K)] 234671K->140271K(699392K), 0.0091210 secs] [Times: user=0.08 sys=0.01, real=0.00 secs] 
2016-09-15T12:36:38.033-0400: 225.287: [GC (GCLocker Initiated GC) [PSYoungGen: 137080K->67537K(175104K)] 228691K->177477K(699392K), 0.0197542 secs] [Times: user=0.18 sys=0.00, real=0.02 secs] 
2016-09-15T12:36:38.195-0400: 225.449: [GC (GCLocker Initiated GC) [PSYoungGen: 155601K->43073K(175104K)] 278002K->190025K(699392K), 0.0098917 secs] [Times: user=0.07 sys=0.00, real=0.01 secs] 
2016-09-15T12:36:38.303-0400: 225.556: [GC (GCLocker Initiated GC) [PSYoungGen: 131137K->67697K(175104K)] 278445K->227275K(699392K), 0.0161696 secs] [Times: user=0.20 sys=0.00, real=0.02 secs] 
2016-09-15T12:36:38.426-0400: 225.680: [GC (GCLocker Initiated GC) [PSYoungGen: 155761K->85986K(175104K)] 315646K->258656K(699392K), 0.0110759 secs] [Times: user=0.17 sys=0.00, real=0.02 secs] 
2016-09-15T12:36:38.555-0400: 225.809: [GC (GCLocker Initiated GC) [PSYoungGen: 174050K->79651K(175104K)] 346869K->295287K(699392K), 0.0190507 secs] [Times: user=0.24 sys=0.01, real=0.02 secs] 
2016-09-15T12:36:38.696-0400: 225.949: [GC (GCLocker Initiated GC) [PSYoungGen: 167715K->67469K(175104K)] 383416K->325822K(699392K), 0.0097909 secs] [Times: user=0.10 sys=0.00, real=0.00 secs] 
2016-09-15T12:36:38.838-0400: 226.091: [GC (GCLocker Initiated GC) [PSYoungGen: 155533K->67437K(175104K)] 413922K->362568K(699392K), 0.0155554 secs] [Times: user=0.15 sys=0.01, real=0.01 secs] 
2016-09-15T12:36:38.976-0400: 226.229: [GC (Allocation Failure) [PSYoungGen: 155501K->55351K(175104K)] 456967K->411775K(699392K), 0.0103298 secs] [Times: user=0.08 sys=0.00, real=0.00 secs] 
2016-09-15T12:36:39.115-0400: 226.368: [GC (GCLocker Initiated GC) [PSYoungGen: 143415K->67765K(175104K)] 499840K->442550K(699392K), 0.0229227 secs] [Times: user=0.26 sys=0.00, real=0.03 secs] 
2016-09-15T12:36:39.246-0400: 226.499: [GC (GCLocker Initiated GC) [PSYoungGen: 155829K->73480K(175104K)] 536916K->460901K(699392K), 0.0196315 secs] [Times: user=0.19 sys=0.00, real=0.02 secs] 
2016-09-15T12:36:39.391-0400: 226.644: [GC (Allocation Failure) [PSYoungGen: 161544K->73676K(175104K)] 549236K->461488K(699392K), 0.0109207 secs] [Times: user=0.10 sys=0.01, real=0.01 secs] 
2016-09-15T12:36:39.514-0400: 226.768: [GC (GCLocker Initiated GC) [PSYoungGen: 157809K->43137K(175104K)] 551696K->473717K(699392K), 0.0199428 secs] [Times: user=0.21 sys=0.01, real=0.02 secs] 
2016-09-15T12:36:39.674-0400: 226.928: [Full GC (Ergonomics) [PSYoungGen: 131201K->0K(175104K)] [ParOldGen: 449082K->53520K(524288K)] 580283K->53520K(699392K), [Metaspace: 44593K->44593K(1087488K)], 0.0735197 secs] [Times: user=0.47 sys=0.00, real=0.08 secs] 
2016-09-15T12:36:39.877-0400: 227.130: [GC (GCLocker Initiated GC) [PSYoungGen: 88064K->73904K(175104K)] 153776K->139616K(699392K), 0.0103406 secs] [Times: user=0.12 sys=0.00, real=0.00 secs] 
2016-09-15T12:36:40.010-0400: 227.263: [GC (GCLocker Initiated GC) [PSYoungGen: 161968K->55187K(175104K)] 227683K->176057K(699392K), 0.0134193 secs] [Times: user=0.16 sys=0.01, real=0.01 secs] 
2016-09-15T12:36:40.114-0400: 227.368: [GC (GCLocker Initiated GC) [PSYoungGen: 143251K->86118K(175104K)] 264247K->219399K(699392K), 0.0102666 secs] [Times: user=0.12 sys=0.00, real=0.01 secs] 
2016-09-15T12:36:40.239-0400: 227.493: [GC (GCLocker Initiated GC) [PSYoungGen: 174182K->85758K(175104K)] 307802K->250357K(699392K), 0.0130026 secs] [Times: user=0.12 sys=0.00, real=0.01 secs] 
2016-09-15T12:36:40.379-0400: 227.633: [GC (Allocation Failure) [PSYoungGen: 173822K->67565K(175104K)] 338485K->268813K(699392K), 0.0098841 secs] [Times: user=0.11 sys=0.01, real=0.01 secs] 
2016-09-15T12:36:40.501-0400: 227.755: [GC (GCLocker Initiated GC) [PSYoungGen: 155629K->49408K(175104K)] 356883K->317755K(699392K), 0.0138170 secs] [Times: user=0.14 sys=0.00, real=0.01 secs] 
2016-09-15T12:36:40.658-0400: 227.912: [GC (GCLocker Initiated GC) [PSYoungGen: 137472K->49148K(175104K)] 418206K->348359K(699392K), 0.0194267 secs] [Times: user=0.16 sys=0.00, real=0.02 secs] 
2016-09-15T12:36:40.822-0400: 228.075: [GC (GCLocker Initiated GC) [PSYoungGen: 137212K->49504K(175104K)] 448615K->379251K(699392K), 0.0097768 secs] [Times: user=0.10 sys=0.00, real=0.01 secs] 
2016-09-15T12:36:40.933-0400: 228.187: [GC (GCLocker Initiated GC) [PSYoungGen: 137568K->61362K(175104K)] 467559K->434170K(699392K), 0.0154454 secs] [Times: user=0.16 sys=0.01, real=0.02 secs] 
2016-09-15T12:36:41.059-0400: 228.313: [GC (GCLocker Initiated GC) [PSYoungGen: 149426K->79751K(175104K)] 522421K->471255K(699392K), 0.0180533 secs] [Times: user=0.20 sys=0.01, real=0.02 secs] 
2016-09-15T12:36:41.210-0400: 228.463: [GC (GCLocker Initiated GC) [PSYoungGen: 167815K->61522K(175104K)] 559467K->508320K(699392K), 0.0117663 secs] [Times: user=0.13 sys=0.00, real=0.01 secs] 
2016-09-15T12:36:41.222-0400: 228.475: [Full GC (Ergonomics) [PSYoungGen: 61522K->0K(175104K)] [ParOldGen: 446798K->53832K(524288K)] 508320K->53832K(699392K), [Metaspace: 44593K->44593K(1087488K)], 0.0620650 secs] [Times: user=0.30 sys=0.01, real=0.06 secs] 
2016-09-15T12:36:41.407-0400: 228.661: [GC (GCLocker Initiated GC) [PSYoungGen: 88064K->86146K(175104K)] 148012K->170395K(699392K), 0.0139634 secs] [Times: user=0.16 sys=0.00, real=0.02 secs] 
2016-09-15T12:36:41.555-0400: 228.808: [GC (GCLocker Initiated GC) [PSYoungGen: 174210K->43201K(175104K)] 270707K->195084K(699392K), 0.0284076 secs] [Times: user=0.35 sys=0.00, real=0.03 secs] 
2016-09-15T12:36:41.683-0400: 228.937: [GC (GCLocker Initiated GC) [PSYoungGen: 131265K->37094K(175104K)] 283280K->243911K(699392K), 0.0146143 secs] [Times: user=0.16 sys=0.00, real=0.02 secs] 
2016-09-15T12:36:41.815-0400: 229.068: [GC (GCLocker Initiated GC) [PSYoungGen: 125158K->49280K(175104K)] 332050K->274657K(699392K), 0.0147716 secs] [Times: user=0.15 sys=0.00, real=0.02 secs] 
2016-09-15T12:36:41.936-0400: 229.189: [GC (GCLocker Initiated GC) [PSYoungGen: 137344K->85854K(175104K)] 368955K->354247K(699392K), 0.0152030 secs] [Times: user=0.20 sys=0.01, real=0.01 secs] 
2016-09-15T12:36:42.078-0400: 229.331: [GC (GCLocker Initiated GC) [PSYoungGen: 173918K->67733K(175104K)] 442667K->373215K(699392K), 0.0206431 secs] [Times: user=0.20 sys=0.00, real=0.02 secs] 
2016-09-15T12:36:42.227-0400: 229.481: [GC (GCLocker Initiated GC) [PSYoungGen: 155797K->55383K(175104K)] 467564K->403860K(699392K), 0.0128603 secs] [Times: user=0.07 sys=0.01, real=0.02 secs] 
2016-09-15T12:36:42.360-0400: 229.613: [GC (Allocation Failure) [PSYoungGen: 143447K->61590K(175104K)] 492218K->453045K(699392K), 0.0215496 secs] [Times: user=0.27 sys=0.00, real=0.02 secs] 
2016-09-15T12:36:42.382-0400: 229.635: [GC (GCLocker Initiated GC) [PSYoungGen: 62113K->32K(175104K)] 453568K->464896K(699392K), 0.0089464 secs] [Times: user=0.08 sys=0.00, real=0.01 secs] 
2016-09-15T12:36:42.391-0400: 229.644: [Full GC (Ergonomics) [PSYoungGen: 32K->0K(175104K)] [ParOldGen: 464864K->47743K(524288K)] 464896K->47743K(699392K), [Metaspace: 44596K->44596K(1087488K)], 0.0644760 secs] [Times: user=0.50 sys=0.00, real=0.06 secs] 
2016-09-15T12:36:42.568-0400: 229.821: [GC (GCLocker Initiated GC) [PSYoungGen: 82388K->73672K(175104K)] 136207K->127490K(699392K), 0.0162879 secs] [Times: user=0.21 sys=0.01, real=0.01 secs] 
2016-09-15T12:36:42.682-0400: 229.935: [GC (GCLocker Initiated GC) [PSYoungGen: 161736K->73704K(175104K)] 215720K->170489K(699392K), 0.0106249 secs] [Times: user=0.15 sys=0.00, real=0.01 secs] 
2016-09-15T12:36:42.810-0400: 230.063: [GC (GCLocker Initiated GC) [PSYoungGen: 161768K->86086K(175104K)] 258634K->231867K(699392K), 0.0117831 secs] [Times: user=0.16 sys=0.00, real=0.01 secs] 
2016-09-15T12:36:42.937-0400: 230.191: [GC (GCLocker Initiated GC) [PSYoungGen: 174150K->49340K(175104K)] 319979K->262309K(699392K), 0.0110663 secs] [Times: user=0.13 sys=0.00, real=0.01 secs] 
2016-09-15T12:36:43.079-0400: 230.333: [GC (GCLocker Initiated GC) [PSYoungGen: 137404K->61430K(175104K)] 356602K->323420K(699392K), 0.0215890 secs] [Times: user=0.25 sys=0.00, real=0.02 secs] 
2016-09-15T12:36:43.221-0400: 230.474: [GC (GCLocker Initiated GC) [PSYoungGen: 149494K->73704K(175104K)] 411795K->372787K(699392K), 0.0092296 secs] [Times: user=0.13 sys=0.00, real=0.01 secs] 
2016-09-15T12:36:43.343-0400: 230.596: [GC (GCLocker Initiated GC) [PSYoungGen: 161768K->67925K(175104K)] 467225K->397833K(699392K), 0.0106620 secs] [Times: user=0.11 sys=0.00, real=0.01 secs] 
2016-09-15T12:36:43.507-0400: 230.761: [GC (GCLocker Initiated GC) [PSYoungGen: 155989K->18965K(175104K)] 510268K->410141K(699392K), 0.0222072 secs] [Times: user=0.30 sys=0.00, real=0.03 secs] 
2016-09-15T12:36:43.680-0400: 230.933: [GC (GCLocker Initiated GC) [PSYoungGen: 107029K->55319K(175104K)] 504451K->452852K(699392K), 0.0104003 secs] [Times: user=0.12 sys=0.01, real=0.01 secs] 
2016-09-15T12:36:43.813-0400: 231.066: [GC (GCLocker Initiated GC) [PSYoungGen: 143383K->55515K(175104K)] 547152K->459396K(699392K), 0.0092324 secs] [Times: user=0.08 sys=0.00, real=0.01 secs] 
2016-09-15T12:36:43.925-0400: 231.178: [GC (GCLocker Initiated GC) [PSYoungGen: 143579K->61266K(175104K)] 547821K->484172K(699392K), 0.0128462 secs] [Times: user=0.10 sys=0.01, real=0.02 secs] 
2016-09-15T12:36:44.070-0400: 231.323: [GC (GCLocker Initiated GC) [PSYoungGen: 149330K->61494K(175104K)] 578494K->508986K(699392K), 0.0299882 secs] [Times: user=0.29 sys=0.00, real=0.03 secs] 
2016-09-15T12:36:44.243-0400: 231.497: [Full GC (Ergonomics) [PSYoungGen: 149558K->0K(175104K)] [ParOldGen: 453659K->53919K(524288K)] 603217K->53919K(699392K), [Metaspace: 44596K->44596K(1087488K)], 0.0738688 secs] [Times: user=0.42 sys=0.01, real=0.08 secs] 
2016-09-15T12:36:44.430-0400: 231.683: [GC (GCLocker Initiated GC) [PSYoungGen: 88064K->86178K(175104K)] 148111K->158375K(699392K), 0.0191284 secs] [Times: user=0.21 sys=0.00, real=0.02 secs] 
2016-09-15T12:36:44.562-0400: 231.815: [GC (GCLocker Initiated GC) [PSYoungGen: 174242K->85922K(175104K)] 246487K->231794K(699392K), 0.0324040 secs] [Times: user=0.40 sys=0.01, real=0.03 secs] 
2016-09-15T12:36:44.718-0400: 231.971: [GC (GCLocker Initiated GC) [PSYoungGen: 173986K->55287K(175104K)] 326171K->280804K(699392K), 0.0229818 secs] [Times: user=0.26 sys=0.01, real=0.02 secs] 
2016-09-15T12:36:44.856-0400: 232.109: [GC (GCLocker Initiated GC) [PSYoungGen: 143351K->85986K(175104K)] 374996K->348290K(699392K), 0.0233992 secs] [Times: user=0.26 sys=0.00, real=0.02 secs] 
2016-09-15T12:36:45.009-0400: 232.262: [GC (GCLocker Initiated GC) [PSYoungGen: 174050K->42845K(175104K)] 436429K->366249K(699392K), 0.0165917 secs] [Times: user=0.18 sys=0.00, real=0.01 secs] 
2016-09-15T12:36:45.145-0400: 232.398: [GC (GCLocker Initiated GC) [PSYoungGen: 130909K->73772K(175104K)] 454422K->415622K(699392K), 0.0177578 secs] [Times: user=0.21 sys=0.01, real=0.02 secs] 
2016-09-15T12:36:45.285-0400: 232.539: [GC (Allocation Failure) [PSYoungGen: 161836K->85790K(175104K)] 503923K->470710K(699392K), 0.0125864 secs] [Times: user=0.19 sys=0.00, real=0.02 secs] 
2016-09-15T12:36:45.417-0400: 232.671: [GC (GCLocker Initiated GC) [PSYoungGen: 173854K->73804K(175104K)] 558779K->477066K(699392K), 0.0092457 secs] [Times: user=0.11 sys=0.00, real=0.00 secs] 
2016-09-15T12:36:45.550-0400: 232.803: [GC (GCLocker Initiated GC) [PSYoungGen: 161868K->61394K(175104K)] 571253K->489288K(699392K), 0.0127695 secs] [Times: user=0.14 sys=0.00, real=0.01 secs] 
2016-09-15T12:36:45.697-0400: 232.951: [GC (Allocation Failure) [PSYoungGen: 149458K->55255K(175104K)] 583486K->525837K(699392K), 0.0097620 secs] [Times: user=0.10 sys=0.00, real=0.00 secs] 
2016-09-15T12:36:45.707-0400: 232.961: [Full GC (Ergonomics) [PSYoungGen: 55255K->0K(175104K)] [ParOldGen: 470582K->41565K(524288K)] 525837K->41565K(699392K), [Metaspace: 44596K->44596K(1087488K)], 0.0648810 secs] [Times: user=0.43 sys=0.01, real=0.07 secs] 
2016-09-15T12:36:45.915-0400: 233.168: [GC (GCLocker Initiated GC) [PSYoungGen: 88064K->86210K(175104K)] 129635K->133856K(699392K), 0.0116948 secs] [Times: user=0.16 sys=0.00, real=0.01 secs] 
2016-09-15T12:36:46.049-0400: 233.303: [GC (GCLocker Initiated GC) [PSYoungGen: 174274K->73412K(175104K)] 221956K->158124K(699392K), 0.0154219 secs] [Times: user=0.19 sys=0.00, real=0.01 secs] 
2016-09-15T12:36:46.146-0400: 233.399: [GC (GCLocker Initiated GC) [PSYoungGen: 161476K->61654K(175104K)] 246381K->177054K(699392K), 0.0113561 secs] [Times: user=0.12 sys=0.00, real=0.02 secs] 
2016-09-15T12:36:46.264-0400: 233.517: [GC (GCLocker Initiated GC) [PSYoungGen: 149718K->79979K(175104K)] 265452K->232439K(699392K), 0.0110237 secs] [Times: user=0.11 sys=0.00, real=0.01 secs] 
2016-09-15T12:36:46.409-0400: 233.662: [GC (GCLocker Initiated GC) [PSYoungGen: 168043K->55351K(175104K)] 332750K->256808K(699392K), 0.0087983 secs] [Times: user=0.10 sys=0.01, real=0.01 secs] 
2016-09-15T12:36:46.520-0400: 233.773: [GC (GCLocker Initiated GC) [PSYoungGen: 143415K->67501K(175104K)] 345171K->311910K(699392K), 0.0230180 secs] [Times: user=0.26 sys=0.00, real=0.02 secs] 
2016-09-15T12:36:46.663-0400: 233.916: [GC (Allocation Failure) [PSYoungGen: 155565K->85594K(175104K)] 400060K->385064K(699392K), 0.0164418 secs] [Times: user=0.21 sys=0.00, real=0.02 secs] 
2016-09-15T12:36:46.800-0400: 234.053: [GC (GCLocker Initiated GC) [PSYoungGen: 173658K->61718K(175104K)] 479203K->415967K(699392K), 0.0105644 secs] [Times: user=0.11 sys=0.00, real=0.01 secs] 
2016-09-15T12:36:46.915-0400: 234.168: [GC (Allocation Failure) [PSYoungGen: 149782K->67633K(175104K)] 510293K->428427K(699392K), 0.0076864 secs] [Times: user=0.07 sys=0.00, real=0.01 secs] 
2016-09-15T12:36:47.031-0400: 234.284: [GC (GCLocker Initiated GC) [PSYoungGen: 153198K->55191K(175104K)] 520068K->458770K(699392K), 0.0112722 secs] [Times: user=0.09 sys=0.00, real=0.01 secs] 
2016-09-15T12:36:47.179-0400: 234.432: [GC (GCLocker Initiated GC) [PSYoungGen: 143255K->85954K(175104K)] 553029K->514096K(699392K), 0.0247691 secs] [Times: user=0.32 sys=0.00, real=0.02 secs] 
2016-09-15T12:36:47.315-0400: 234.568: [GC (GCLocker Initiated GC) [PSYoungGen: 174018K->67401K(175104K)] 608434K->563039K(699392K), 0.0098885 secs] [Times: user=0.14 sys=0.01, real=0.01 secs] 
2016-09-15T12:36:47.325-0400: 234.579: [Full GC (Ergonomics) [PSYoungGen: 67401K->0K(175104K)] [ParOldGen: 495637K->48137K(524288K)] 563039K->48137K(699392K), [Metaspace: 44596K->44596K(1087488K)], 0.0607774 secs] [Times: user=0.33 sys=0.01, real=0.06 secs] 
2016-09-15T12:36:47.504-0400: 234.758: [GC (GCLocker Initiated GC) [PSYoungGen: 88064K->86374K(175104K)] 136382K->158992K(699392K), 0.0111786 secs] [Times: user=0.14 sys=0.00, real=0.01 secs] 
2016-09-15T12:36:47.647-0400: 234.901: [GC (GCLocker Initiated GC) [PSYoungGen: 174438K->49276K(175104K)] 247323K->177555K(699392K), 0.0104894 secs] [Times: user=0.11 sys=0.00, real=0.02 secs] 
2016-09-15T12:36:47.761-0400: 235.014: [GC (GCLocker Initiated GC) [PSYoungGen: 137340K->55479K(175104K)] 265735K->226542K(699392K), 0.0388850 secs] [Times: user=0.48 sys=0.00, real=0.04 secs] 
2016-09-15T12:36:47.904-0400: 235.157: [GC (GCLocker Initiated GC) [PSYoungGen: 143543K->73904K(175104K)] 314631K->263344K(699392K), 0.0111801 secs] [Times: user=0.13 sys=0.01, real=0.01 secs] 
2016-09-15T12:36:48.030-0400: 235.284: [GC (GCLocker Initiated GC) [PSYoungGen: 161968K->61326K(175104K)] 357845K->300208K(699392K), 0.0111822 secs] [Times: user=0.14 sys=0.00, real=0.01 secs] 
2016-09-15T12:36:48.163-0400: 235.416: [GC (GCLocker Initiated GC) [PSYoungGen: 149390K->55547K(175104K)] 394584K->300868K(699392K), 0.0072767 secs] [Times: user=0.10 sys=0.00, real=0.01 secs] 
2016-09-15T12:36:48.291-0400: 235.544: [GC (GCLocker Initiated GC) [PSYoungGen: 143611K->49731K(175104K)] 389248K->313862K(699392K), 0.0133315 secs] [Times: user=0.14 sys=0.01, real=0.01 secs] 
2016-09-15T12:36:48.419-0400: 235.672: [GC (GCLocker Initiated GC) [PSYoungGen: 137795K->85822K(175104K)] 402180K->374674K(699392K), 0.0140704 secs] [Times: user=0.20 sys=0.02, real=0.01 secs] 
2016-09-15T12:36:48.536-0400: 235.789: [GC (GCLocker Initiated GC) [PSYoungGen: 173886K->61490K(175104K)] 462864K->387030K(699392K), 0.0110826 secs] [Times: user=0.14 sys=0.00, real=0.00 secs] 
2016-09-15T12:36:48.665-0400: 235.918: [GC (GCLocker Initiated GC) [PSYoungGen: 149554K->49340K(175104K)] 481217K->435813K(699392K), 0.0105128 secs] [Times: user=0.11 sys=0.01, real=0.02 secs] 
2016-09-15T12:36:48.790-0400: 236.044: [GC (GCLocker Initiated GC) [PSYoungGen: 137404K->55579K(175104K)] 523992K->515383K(699392K), 0.0103974 secs] [Times: user=0.13 sys=0.02, real=0.01 secs] 
2016-09-15T12:36:48.801-0400: 236.054: [Full GC (Ergonomics) [PSYoungGen: 55579K->0K(175104K)] [ParOldGen: 459804K->48123K(524288K)] 515383K->48123K(699392K), [Metaspace: 44598K->44598K(1087488K)], 0.0648085 secs] [Times: user=0.47 sys=0.00, real=0.06 secs] 
2016-09-15T12:36:48.987-0400: 236.240: [GC (GCLocker Initiated GC) [PSYoungGen: 88064K->68117K(175104K)] 148563K->128616K(699392K), 0.0159046 secs] [Times: user=0.19 sys=0.01, real=0.02 secs] 
2016-09-15T12:36:49.100-0400: 236.353: [GC (Allocation Failure) [PSYoungGen: 156181K->85790K(175104K)] 216783K->189661K(699392K), 0.0112591 secs] [Times: user=0.13 sys=0.00, real=0.01 secs] 
2016-09-15T12:36:49.235-0400: 236.488: [GC (GCLocker Initiated GC) [PSYoungGen: 173091K->67629K(175104K)] 283037K->244716K(699392K), 0.0119632 secs] [Times: user=0.17 sys=0.00, real=0.01 secs] 
2016-09-15T12:36:49.371-0400: 236.624: [GC (GCLocker Initiated GC) [PSYoungGen: 155693K->61362K(175104K)] 332844K->257006K(699392K), 0.0204153 secs] [Times: user=0.22 sys=0.00, real=0.02 secs] 
2016-09-15T12:36:49.504-0400: 236.758: [GC (GCLocker Initiated GC) [PSYoungGen: 149426K->85986K(175104K)] 345129K->354708K(699392K), 0.0187363 secs] [Times: user=0.24 sys=0.00, real=0.02 secs] 
2016-09-15T12:36:49.628-0400: 236.882: [GC (GCLocker Initiated GC) [PSYoungGen: 174050K->79715K(175104K)] 442965K->403777K(699392K), 0.0116588 secs] [Times: user=0.14 sys=0.01, real=0.01 secs] 
2016-09-15T12:36:49.747-0400: 237.000: [GC (GCLocker Initiated GC) [PSYoungGen: 167779K->67893K(175104K)] 492051K->435013K(699392K), 0.0111026 secs] [Times: user=0.13 sys=0.00, real=0.02 secs] 
2016-09-15T12:36:49.851-0400: 237.105: [GC (Allocation Failure) [PSYoungGen: 155957K->85986K(175104K)] 523337K->502290K(699392K), 0.0106196 secs] [Times: user=0.15 sys=0.01, real=0.01 secs] 
2016-09-15T12:36:49.997-0400: 237.250: [GC (GCLocker Initiated GC) [PSYoungGen: 170842K->37389K(175104K)] 593222K->514572K(699392K), 0.0109856 secs] [Times: user=0.13 sys=0.00, real=0.01 secs] 
2016-09-15T12:36:50.008-0400: 237.261: [Full GC (Ergonomics) [PSYoungGen: 37389K->0K(175104K)] [ParOldGen: 477182K->48110K(524288K)] 514572K->48110K(699392K), [Metaspace: 44606K->44606K(1087488K)], 0.0691867 secs] [Times: user=0.44 sys=0.01, real=0.07 secs] 
2016-09-15T12:36:50.196-0400: 237.450: [GC (GCLocker Initiated GC) [PSYoungGen: 88064K->80071K(175104K)] 148562K->140569K(699392K), 0.0120133 secs] [Times: user=0.12 sys=0.01, real=0.01 secs] 
2016-09-15T12:36:50.337-0400: 237.590: [GC (GCLocker Initiated GC) [PSYoungGen: 168135K->73672K(175104K)] 235013K->183787K(699392K), 0.0099622 secs] [Times: user=0.12 sys=0.00, real=0.00 secs] 
2016-09-15T12:36:50.468-0400: 237.721: [GC (GCLocker Initiated GC) [PSYoungGen: 161736K->55675K(175104K)] 278141K->190613K(699392K), 0.0078709 secs] [Times: user=0.09 sys=0.00, real=0.01 secs] 
2016-09-15T12:36:50.573-0400: 237.826: [GC (GCLocker Initiated GC) [PSYoungGen: 143739K->73508K(175104K)] 278825K->239285K(699392K), 0.0299098 secs] [Times: user=0.40 sys=0.00, real=0.03 secs] 
2016-09-15T12:36:50.697-0400: 237.950: [GC (GCLocker Initiated GC) [PSYoungGen: 161572K->86150K(175104K)] 327486K->306898K(699392K), 0.0110916 secs] [Times: user=0.14 sys=0.00, real=0.01 secs] 
2016-09-15T12:36:50.829-0400: 238.083: [GC (Allocation Failure) [PSYoungGen: 174214K->67729K(175104K)] 395597K->307964K(699392K), 0.0191685 secs] [Times: user=0.27 sys=0.00, real=0.02 secs] 
2016-09-15T12:36:50.942-0400: 238.195: [GC (GCLocker Initiated GC) [PSYoungGen: 151613K->79747K(175104K)] 397923K->362807K(699392K), 0.0101934 secs] [Times: user=0.11 sys=0.01, real=0.01 secs] 
2016-09-15T12:36:51.074-0400: 238.327: [GC (GCLocker Initiated GC) [PSYoungGen: 167811K->61426K(175104K)] 451133K->405813K(699392K), 0.0193668 secs] [Times: user=0.24 sys=0.00, real=0.02 secs] 
2016-09-15T12:36:51.205-0400: 238.458: [GC (GCLocker Initiated GC) [PSYoungGen: 149490K->49344K(175104K)] 500133K->448699K(699392K), 0.0175732 secs] [Times: user=0.20 sys=0.00, real=0.02 secs] 
2016-09-15T12:36:51.332-0400: 238.585: [GC (GCLocker Initiated GC) [PSYoungGen: 137408K->73644K(175104K)] 536940K->473591K(699392K), 0.0225046 secs] [Times: user=0.23 sys=0.00, real=0.02 secs] 
2016-09-15T12:36:51.486-0400: 238.740: [GC (GCLocker Initiated GC) [PSYoungGen: 161708K->79683K(175104K)] 567788K->540754K(699392K), 0.0131759 secs] [Times: user=0.15 sys=0.01, real=0.02 secs] 
2016-09-15T12:36:51.500-0400: 238.753: [Full GC (Ergonomics) [PSYoungGen: 79683K->0K(175104K)] [ParOldGen: 461071K->48113K(524288K)] 540754K->48113K(699392K), [Metaspace: 44607K->44607K(1087488K)], 0.0608673 secs] [Times: user=0.37 sys=0.01, real=0.06 secs] 
2016-09-15T12:36:51.672-0400: 238.925: [GC (GCLocker Initiated GC) [PSYoungGen: 88064K->86046K(175104K)] 136231K->176738K(699392K), 0.0100584 secs] [Times: user=0.14 sys=0.00, real=0.01 secs] 
2016-09-15T12:36:51.790-0400: 239.043: [GC (Allocation Failure) [PSYoungGen: 174110K->67665K(175104K)] 265084K->213878K(699392K), 0.0113874 secs] [Times: user=0.13 sys=0.00, real=0.01 secs] 
2016-09-15T12:36:51.904-0400: 239.157: [GC (GCLocker Initiated GC) [PSYoungGen: 155729K->79847K(175104K)] 301944K->262787K(699392K), 0.0130378 secs] [Times: user=0.13 sys=0.00, real=0.02 secs] 
2016-09-15T12:36:52.037-0400: 239.290: [GC (GCLocker Initiated GC) [PSYoungGen: 167911K->43005K(175104K)] 356968K->268632K(699392K), 0.0121061 secs] [Times: user=0.10 sys=0.00, real=0.01 secs] 
2016-09-15T12:36:52.132-0400: 239.385: [GC (GCLocker Initiated GC) [PSYoungGen: 131069K->85986K(175104K)] 356995K->360672K(699392K), 0.0153622 secs] [Times: user=0.20 sys=0.00, real=0.01 secs] 
2016-09-15T12:36:52.289-0400: 239.542: [GC (GCLocker Initiated GC) [PSYoungGen: 174050K->43233K(175104K)] 460928K->397555K(699392K), 0.0140947 secs] [Times: user=0.16 sys=0.00, real=0.01 secs] 
2016-09-15T12:36:52.423-0400: 239.676: [GC (GCLocker Initiated GC) [PSYoungGen: 131297K->73444K(175104K)] 485746K->470553K(699392K), 0.0126000 secs] [Times: user=0.14 sys=0.00, real=0.02 secs] 
2016-09-15T12:36:52.540-0400: 239.794: [GC (Allocation Failure) [PSYoungGen: 161508K->36834K(175104K)] 558681K->500952K(699392K), 0.0248967 secs] [Times: user=0.26 sys=0.00, real=0.02 secs] 
2016-09-15T12:36:52.565-0400: 239.819: [Full GC (Ergonomics) [PSYoungGen: 36834K->0K(175104K)] [ParOldGen: 464118K->54232K(524288K)] 500952K->54232K(699392K), [Metaspace: 44607K->44607K(1087488K)], 0.0623900 secs] [Times: user=0.38 sys=0.01, real=0.07 secs] 
2016-09-15T12:36:52.737-0400: 239.991: [GC (GCLocker Initiated GC) [PSYoungGen: 88064K->86630K(175104K)] 142302K->146943K(699392K), 0.0098080 secs] [Times: user=0.13 sys=0.00, real=0.00 secs] 
2016-09-15T12:36:52.884-0400: 240.138: [GC (GCLocker Initiated GC) [PSYoungGen: 174694K->85658K(175104K)] 235066K->183619K(699392K), 0.0159233 secs] [Times: user=0.23 sys=0.00, real=0.02 secs] 
2016-09-15T12:36:53.044-0400: 240.297: [GC (GCLocker Initiated GC) [PSYoungGen: 173722K->85626K(175104K)] 271726K->232381K(699392K), 0.0202669 secs] [Times: user=0.28 sys=0.01, real=0.02 secs] 
2016-09-15T12:36:53.191-0400: 240.444: [GC (GCLocker Initiated GC) [PSYoungGen: 173690K->43169K(175104K)] 320638K->257078K(699392K), 0.0103571 secs] [Times: user=0.12 sys=0.01, real=0.01 secs] 
2016-09-15T12:36:53.290-0400: 240.543: [GC (GCLocker Initiated GC) [PSYoungGen: 131233K->67565K(175104K)] 345212K->336510K(699392K), 0.0089999 secs] [Times: user=0.14 sys=0.00, real=0.01 secs] 
2016-09-15T12:36:53.409-0400: 240.662: [GC (GCLocker Initiated GC) [PSYoungGen: 155629K->80075K(175104K)] 437002K->398082K(699392K), 0.0115488 secs] [Times: user=0.15 sys=0.00, real=0.01 secs] 
2016-09-15T12:36:53.524-0400: 240.777: [GC (GCLocker Initiated GC) [PSYoungGen: 168139K->73576K(175104K)] 492352K->434523K(699392K), 0.0165191 secs] [Times: user=0.18 sys=0.00, real=0.02 secs] 
2016-09-15T12:36:53.648-0400: 240.901: [GC (GCLocker Initiated GC) [PSYoungGen: 161640K->55419K(175104K)] 522668K->452993K(699392K), 0.0126774 secs] [Times: user=0.13 sys=0.00, real=0.01 secs] 
2016-09-15T12:36:53.766-0400: 241.019: [GC (GCLocker Initiated GC) [PSYoungGen: 143483K->85986K(175104K)] 541233K->538734K(699392K), 0.0111891 secs] [Times: user=0.14 sys=0.00, real=0.02 secs] 
2016-09-15T12:36:53.777-0400: 241.030: [Full GC (Ergonomics) [PSYoungGen: 85986K->0K(175104K)] [ParOldGen: 452748K->54428K(524288K)] 538734K->54428K(699392K), [Metaspace: 44608K->44608K(1087488K)], 0.0635985 secs] [Times: user=0.40 sys=0.01, real=0.06 secs] 
2016-09-15T12:36:53.957-0400: 241.210: [GC (GCLocker Initiated GC) [PSYoungGen: 88064K->74028K(175104K)] 148777K->134741K(699392K), 0.0075935 secs] [Times: user=0.08 sys=0.00, real=0.00 secs] 
2016-09-15T12:36:54.068-0400: 241.322: [GC (GCLocker Initiated GC) [PSYoungGen: 162092K->80043K(175104K)] 229045K->171827K(699392K), 0.0153161 secs] [Times: user=0.17 sys=0.00, real=0.01 secs] 
2016-09-15T12:36:54.208-0400: 241.461: [GC (GCLocker Initiated GC) [PSYoungGen: 168107K->73380K(175104K)] 266702K->196763K(699392K), 0.0144102 secs] [Times: user=0.16 sys=0.00, real=0.02 secs] 
2016-09-15T12:36:54.329-0400: 241.583: [GC (GCLocker Initiated GC) [PSYoungGen: 161443K->79715K(175104K)] 285187K->252210K(699392K), 0.0153492 secs] [Times: user=0.19 sys=0.01, real=0.01 secs] 
2016-09-15T12:36:54.461-0400: 241.715: [GC (GCLocker Initiated GC) [PSYoungGen: 167779K->49436K(175104K)] 340445K->289095K(699392K), 0.0112436 secs] [Times: user=0.14 sys=0.01, real=0.01 secs] 
2016-09-15T12:36:54.584-0400: 241.838: [GC (GCLocker Initiated GC) [PSYoungGen: 137500K->73772K(175104K)] 377442K->332114K(699392K), 0.0087054 secs] [Times: user=0.11 sys=0.00, real=0.01 secs] 
2016-09-15T12:36:54.707-0400: 241.961: [GC (GCLocker Initiated GC) [PSYoungGen: 161836K->18609K(175104K)] 420231K->320101K(699392K), 0.0106383 secs] [Times: user=0.08 sys=0.00, real=0.02 secs] 
2016-09-15T12:36:54.843-0400: 242.096: [GC (GCLocker Initiated GC) [PSYoungGen: 106673K->73936K(175104K)] 420547K->406155K(699392K), 0.0213367 secs] [Times: user=0.23 sys=0.00, real=0.02 secs] 
2016-09-15T12:36:54.992-0400: 242.246: [GC (GCLocker Initiated GC) [PSYoungGen: 162000K->85662K(175104K)] 494267K->424467K(699392K), 0.0161194 secs] [Times: user=0.17 sys=0.00, real=0.02 secs] 
2016-09-15T12:36:55.116-0400: 242.370: [GC (GCLocker Initiated GC) [PSYoungGen: 173726K->67601K(175104K)] 524724K->479648K(699392K), 0.0283875 secs] [Times: user=0.33 sys=0.00, real=0.02 secs] 
2016-09-15T12:36:55.272-0400: 242.525: [GC (GCLocker Initiated GC) [PSYoungGen: 155665K->49408K(175104K)] 574154K->510690K(699392K), 0.0107545 secs] [Times: user=0.09 sys=0.01, real=0.01 secs] 
2016-09-15T12:36:55.283-0400: 242.536: [Full GC (Ergonomics) [PSYoungGen: 49408K->0K(175104K)] [ParOldGen: 461282K->54454K(524288K)] 510690K->54454K(699392K), [Metaspace: 44611K->44611K(1087488K)], 0.0769032 secs] [Times: user=0.55 sys=0.00, real=0.08 secs] 
2016-09-15T12:36:55.484-0400: 242.737: [GC (GCLocker Initiated GC) [PSYoungGen: 88064K->85694K(175104K)] 142588K->146294K(699392K), 0.0186638 secs] [Times: user=0.22 sys=0.00, real=0.02 secs] 
2016-09-15T12:36:55.623-0400: 242.876: [GC (Allocation Failure) [PSYoungGen: 173758K->12633K(175104K)] 234646K->128448K(699392K), 0.0221984 secs] [Times: user=0.23 sys=0.00, real=0.02 secs] 
2016-09-15T12:36:55.747-0400: 243.000: [GC (GCLocker Initiated GC) [PSYoungGen: 96732K->67829K(175104K)] 218622K->208399K(699392K), 0.0099205 secs] [Times: user=0.09 sys=0.00, real=0.02 secs] 
2016-09-15T12:36:55.870-0400: 243.123: [GC (GCLocker Initiated GC) [PSYoungGen: 155893K->79911K(175104K)] 296526K->251391K(699392K), 0.0248508 secs] [Times: user=0.25 sys=0.00, real=0.02 secs] 
2016-09-15T12:36:56.008-0400: 243.261: [GC (GCLocker Initiated GC) [PSYoungGen: 167975K->85986K(175104K)] 339597K->282536K(699392K), 0.0108277 secs] [Times: user=0.12 sys=0.00, real=0.01 secs] 
2016-09-15T12:36:56.136-0400: 243.389: [GC (GCLocker Initiated GC) [PSYoungGen: 174050K->55415K(175104K)] 376823K->307104K(699392K), 0.0169935 secs] [Times: user=0.20 sys=0.00, real=0.01 secs] 
2016-09-15T12:36:56.278-0400: 243.531: [GC (GCLocker Initiated GC) [PSYoungGen: 143479K->79715K(175104K)] 401352K->398654K(699392K), 0.0112229 secs] [Times: user=0.16 sys=0.00, real=0.01 secs] 
2016-09-15T12:36:56.424-0400: 243.678: [GC (GCLocker Initiated GC) [PSYoungGen: 167779K->37357K(175104K)] 492936K->393002K(699392K), 0.0231627 secs] [Times: user=0.25 sys=0.01, real=0.03 secs] 
2016-09-15T12:36:56.557-0400: 243.810: [GC (GCLocker Initiated GC) [PSYoungGen: 125421K->73476K(175104K)] 481125K->429830K(699392K), 0.0122577 secs] [Times: user=0.16 sys=0.00, real=0.01 secs] 
2016-09-15T12:36:56.657-0400: 243.910: [GC (GCLocker Initiated GC) [PSYoungGen: 161540K->85954K(175104K)] 518003K->466861K(699392K), 0.0104889 secs] [Times: user=0.13 sys=0.00, real=0.00 secs] 
2016-09-15T12:36:56.780-0400: 244.033: [GC (GCLocker Initiated GC) [PSYoungGen: 174018K->85822K(175104K)] 555179K->473490K(699392K), 0.0344532 secs] [Times: user=0.36 sys=0.01, real=0.03 secs] 
2016-09-15T12:36:56.957-0400: 244.211: [GC (GCLocker Initiated GC) [PSYoungGen: 173886K->31054K(175104K)] 567984K->498173K(699392K), 0.0322211 secs] [Times: user=0.33 sys=0.00, real=0.03 secs] 
2016-09-15T12:36:56.990-0400: 244.243: [Full GC (Ergonomics) [PSYoungGen: 31054K->0K(175104K)] [ParOldGen: 467118K->54495K(524288K)] 498173K->54495K(699392K), [Metaspace: 44614K->44614K(1087488K)], 0.0644284 secs] [Times: user=0.48 sys=0.01, real=0.06 secs] 
2016-09-15T12:36:57.178-0400: 244.432: [GC (GCLocker Initiated GC) [PSYoungGen: 88064K->73864K(175104K)] 142746K->128546K(699392K), 0.0066151 secs] [Times: user=0.08 sys=0.00, real=0.00 secs] 
2016-09-15T12:36:57.295-0400: 244.548: [GC (GCLocker Initiated GC) [PSYoungGen: 161928K->86182K(175104K)] 216776K->178052K(699392K), 0.0135010 secs] [Times: user=0.19 sys=0.00, real=0.02 secs] 
2016-09-15T12:36:57.427-0400: 244.680: [GC (GCLocker Initiated GC) [PSYoungGen: 174246K->79683K(175104K)] 272329K->238816K(699392K), 0.0098994 secs] [Times: user=0.14 sys=0.01, real=0.02 secs] 
2016-09-15T12:36:57.551-0400: 244.804: [GC (GCLocker Initiated GC) [PSYoungGen: 167747K->73836K(175104K)] 326945K->275859K(699392K), 0.0127326 secs] [Times: user=0.16 sys=0.01, real=0.01 secs] 
2016-09-15T12:36:57.689-0400: 244.943: [GC (GCLocker Initiated GC) [PSYoungGen: 161900K->85726K(175104K)] 363977K->324748K(699392K), 0.0127062 secs] [Times: user=0.16 sys=0.00, real=0.01 secs] 
2016-09-15T12:36:57.818-0400: 245.072: [GC (GCLocker Initiated GC) [PSYoungGen: 173790K->85886K(175104K)] 412921K->386067K(699392K), 0.0167832 secs] [Times: user=0.21 sys=0.02, real=0.01 secs] 
2016-09-15T12:36:57.952-0400: 245.205: [GC (GCLocker Initiated GC) [PSYoungGen: 173950K->73640K(175104K)] 480516K->435205K(699392K), 0.0121359 secs] [Times: user=0.18 sys=0.00, real=0.01 secs] 
2016-09-15T12:36:58.097-0400: 245.351: [GC (GCLocker Initiated GC) [PSYoungGen: 161704K->37517K(175104K)] 535422K->429760K(699392K), 0.0080679 secs] [Times: user=0.10 sys=0.01, real=0.00 secs] 
2016-09-15T12:36:58.257-0400: 245.511: [GC (GCLocker Initiated GC) [PSYoungGen: 125581K->55415K(175104K)] 530217K->478379K(699392K), 0.0078379 secs] [Times: user=0.11 sys=0.00, real=0.00 secs] 
2016-09-15T12:36:58.400-0400: 245.653: [GC (Allocation Failure) [PSYoungGen: 143479K->55647K(175104K)] 566445K->496966K(699392K), 0.0072559 secs] [Times: user=0.10 sys=0.01, real=0.00 secs] 
2016-09-15T12:36:58.407-0400: 245.661: [Full GC (Ergonomics) [PSYoungGen: 55647K->0K(175104K)] [ParOldGen: 441319K->48955K(524288K)] 496966K->48955K(699392K), [Metaspace: 44616K->44616K(1087488K)], 0.0622208 secs] [Times: user=0.47 sys=0.01, real=0.07 secs] 
2016-09-15T12:36:58.569-0400: 245.822: [GC (GCLocker Initiated GC) [PSYoungGen: 87383K->73704K(175104K)] 142413K->128734K(699392K), 0.0092135 secs] [Times: user=0.08 sys=0.00, real=0.01 secs] 
2016-09-15T12:36:58.681-0400: 245.935: [GC (GCLocker Initiated GC) [PSYoungGen: 161768K->73672K(175104K)] 217471K->184802K(699392K), 0.0235264 secs] [Times: user=0.35 sys=0.00, real=0.02 secs] 
2016-09-15T12:36:58.822-0400: 246.076: [GC (Allocation Failure) [PSYoungGen: 161736K->67469K(175104K)] 272919K->215393K(699392K), 0.0121943 secs] [Times: user=0.12 sys=0.00, real=0.01 secs] 
2016-09-15T12:36:58.947-0400: 246.200: [GC (GCLocker Initiated GC) [PSYoungGen: 155533K->85822K(175104K)] 303475K->264455K(699392K), 0.0099835 secs] [Times: user=0.13 sys=0.01, real=0.02 secs] 
2016-09-15T12:36:59.095-0400: 246.349: [GC (Allocation Failure) [PSYoungGen: 173886K->79683K(175104K)] 352677K->295240K(699392K), 0.0187545 secs] [Times: user=0.25 sys=0.00, real=0.02 secs] 
2016-09-15T12:36:59.244-0400: 246.497: [GC (GCLocker Initiated GC) [PSYoungGen: 167747K->85854K(175104K)] 383309K->344241K(699392K), 0.0136052 secs] [Times: user=0.19 sys=0.00, real=0.02 secs] 
2016-09-15T12:36:59.407-0400: 246.661: [GC (GCLocker Initiated GC) [PSYoungGen: 173918K->36834K(175104K)] 432523K->344150K(699392K), 0.0103175 secs] [Times: user=0.11 sys=0.00, real=0.02 secs] 
2016-09-15T12:36:59.546-0400: 246.799: [GC (GCLocker Initiated GC) [PSYoungGen: 124898K->55515K(175104K)] 444725K->375462K(699392K), 0.0151065 secs] [Times: user=0.19 sys=0.00, real=0.02 secs] 
2016-09-15T12:36:59.680-0400: 246.934: [GC (GCLocker Initiated GC) [PSYoungGen: 143579K->79519K(175104K)] 463540K->418332K(699392K), 0.0126811 secs] [Times: user=0.13 sys=0.00, real=0.01 secs] 
2016-09-15T12:36:59.815-0400: 247.069: [GC (GCLocker Initiated GC) [PSYoungGen: 167583K->73672K(175104K)] 512608K->461358K(699392K), 0.0104696 secs] [Times: user=0.13 sys=0.00, real=0.01 secs] 
2016-09-15T12:36:59.928-0400: 247.181: [GC (GCLocker Initiated GC) [PSYoungGen: 161736K->73868K(175104K)] 549499K->461955K(699392K), 0.0083951 secs] [Times: user=0.12 sys=0.00, real=0.01 secs] 
2016-09-15T12:37:00.056-0400: 247.309: [GC (GCLocker Initiated GC) [PSYoungGen: 161932K->73736K(175104K)] 556214K->504799K(699392K), 0.0117333 secs] [Times: user=0.17 sys=0.00, real=0.01 secs] 
2016-09-15T12:37:00.207-0400: 247.460: [GC (GCLocker Initiated GC) [PSYoungGen: 161800K->67505K(175104K)] 605212K->511020K(699392K), 0.0109906 secs] [Times: user=0.09 sys=0.00, real=0.02 secs] 
2016-09-15T12:37:00.333-0400: 247.586: [GC (GCLocker Initiated GC) [PSYoungGen: 155569K->55255K(175104K)] 599385K->554045K(699392K), 0.0185483 secs] [Times: user=0.22 sys=0.00, real=0.02 secs] 
2016-09-15T12:37:00.352-0400: 247.605: [Full GC (Ergonomics) [PSYoungGen: 55255K->0K(175104K)] [ParOldGen: 498790K->54944K(524288K)] 554045K->54944K(699392K), [Metaspace: 44616K->44616K(1087488K)], 0.0704624 secs] [Times: user=0.42 sys=0.02, real=0.07 secs] 
2016-09-15T12:37:00.541-0400: 247.794: [GC (GCLocker Initiated GC) [PSYoungGen: 88064K->86278K(175104K)] 149345K->147559K(699392K), 0.0098729 secs] [Times: user=0.10 sys=0.00, real=0.01 secs] 
2016-09-15T12:37:00.670-0400: 247.923: [GC (GCLocker Initiated GC) [PSYoungGen: 174342K->73640K(175104K)] 235945K->172444K(699392K), 0.0310815 secs] [Times: user=0.42 sys=0.00, real=0.03 secs] 
2016-09-15T12:37:00.832-0400: 248.085: [GC (GCLocker Initiated GC) [PSYoungGen: 161704K->73576K(175104K)] 266855K->197236K(699392K), 0.0090741 secs] [Times: user=0.12 sys=0.01, real=0.01 secs] 
2016-09-15T12:37:00.957-0400: 248.210: [GC (GCLocker Initiated GC) [PSYoungGen: 161640K->85986K(175104K)] 285347K->240399K(699392K), 0.0116869 secs] [Times: user=0.14 sys=0.00, real=0.01 secs] 
2016-09-15T12:37:01.102-0400: 248.356: [GC (GCLocker Initiated GC) [PSYoungGen: 174050K->55251K(175104K)] 328466K->301264K(699392K), 0.0123588 secs] [Times: user=0.18 sys=0.00, real=0.01 secs] 
2016-09-15T12:37:01.243-0400: 248.496: [GC (GCLocker Initiated GC) [PSYoungGen: 143315K->85790K(175104K)] 389359K->350202K(699392K), 0.0111587 secs] [Times: user=0.14 sys=0.00, real=0.01 secs] 
2016-09-15T12:37:01.383-0400: 248.637: [GC (GCLocker Initiated GC) [PSYoungGen: 173854K->37030K(175104K)] 444383K->350351K(699392K), 0.0192242 secs] [Times: user=0.22 sys=0.00, real=0.02 secs] 
2016-09-15T12:37:01.518-0400: 248.771: [GC (Allocation Failure) [PSYoungGen: 125094K->55351K(175104K)] 444756K->411755K(699392K), 0.0115858 secs] [Times: user=0.10 sys=0.00, real=0.01 secs] 
2016-09-15T12:37:01.530-0400: 248.784: [GC (GCLocker Initiated GC) [PSYoungGen: 55874K->160K(175104K)] 412278K->435909K(699392K), 0.0099761 secs] [Times: user=0.11 sys=0.00, real=0.01 secs] 
2016-09-15T12:37:01.540-0400: 248.794: [Full GC (Ergonomics) [PSYoungGen: 160K->0K(175104K)] [ParOldGen: 435749K->53306K(524288K)] 435909K->53306K(699392K), [Metaspace: 44616K->44616K(1087488K)], 0.0693868 secs] [Times: user=0.49 sys=0.02, real=0.07 secs] 
2016-09-15T12:37:01.726-0400: 248.980: [GC (GCLocker Initiated GC) [PSYoungGen: 86267K->86762K(175104K)] 145648K->152218K(699392K), 0.0120845 secs] [Times: user=0.15 sys=0.00, real=0.02 secs] 
2016-09-15T12:37:01.846-0400: 249.099: [GC (GCLocker Initiated GC) [PSYoungGen: 174826K->73672K(175104K)] 240452K->158515K(699392K), 0.0113456 secs] [Times: user=0.15 sys=0.00, real=0.02 secs] 
2016-09-15T12:37:01.973-0400: 249.227: [GC (GCLocker Initiated GC) [PSYoungGen: 161736K->85954K(175104K)] 246644K->189419K(699392K), 0.0103562 secs] [Times: user=0.12 sys=0.00, real=0.01 secs] 
2016-09-15T12:37:02.116-0400: 249.370: [GC (GCLocker Initiated GC) [PSYoungGen: 174018K->55415K(175104K)] 283560K->250486K(699392K), 0.0173986 secs] [Times: user=0.22 sys=0.00, real=0.01 secs] 
2016-09-15T12:37:02.263-0400: 249.516: [GC (GCLocker Initiated GC) [PSYoungGen: 143479K->74164K(175104K)] 344943K->275763K(699392K), 0.0085511 secs] [Times: user=0.10 sys=0.00, real=0.01 secs] 
2016-09-15T12:37:02.415-0400: 249.668: [GC (GCLocker Initiated GC) [PSYoungGen: 162228K->79683K(175104K)] 363857K->318242K(699392K), 0.0134602 secs] [Times: user=0.17 sys=0.01, real=0.02 secs] 
2016-09-15T12:37:02.551-0400: 249.804: [GC (GCLocker Initiated GC) [PSYoungGen: 167747K->85790K(175104K)] 406365K->367084K(699392K), 0.0126777 secs] [Times: user=0.16 sys=0.01, real=0.01 secs] 
2016-09-15T12:37:02.687-0400: 249.940: [GC (Allocation Failure) [PSYoungGen: 173854K->73608K(175104K)] 455308K->403946K(699392K), 0.0133706 secs] [Times: user=0.15 sys=0.01, real=0.02 secs] 
2016-09-15T12:37:02.811-0400: 250.065: [GC (GCLocker Initiated GC) [PSYoungGen: 161672K->67341K(175104K)] 492010K->422239K(699392K), 0.0166016 secs] [Times: user=0.14 sys=0.00, real=0.02 secs] 
2016-09-15T12:37:02.949-0400: 250.202: [GC (GCLocker Initiated GC) [PSYoungGen: 155405K->73640K(175104K)] 516739K->453507K(699392K), 0.0226878 secs] [Times: user=0.28 sys=0.00, real=0.02 secs] 
2016-09-15T12:37:03.095-0400: 250.348: [GC (GCLocker Initiated GC) [PSYoungGen: 161704K->73900K(175104K)] 541860K->490822K(699392K), 0.0107911 secs] [Times: user=0.12 sys=0.00, real=0.01 secs] 
2016-09-15T12:37:03.243-0400: 250.497: [GC (GCLocker Initiated GC) [PSYoungGen: 161964K->55447K(175104K)] 591071K->502931K(699392K), 0.0130219 secs] [Times: user=0.19 sys=0.01, real=0.02 secs] 
2016-09-15T12:37:03.257-0400: 250.510: [Full GC (Ergonomics) [PSYoungGen: 55447K->0K(175104K)] [ParOldGen: 447484K->53870K(524288K)] 502931K->53870K(699392K), [Metaspace: 44616K->44616K(1087488K)], 0.0662885 secs] [Times: user=0.49 sys=0.01, real=0.06 secs] 
2016-09-15T12:37:03.442-0400: 250.695: [GC (GCLocker Initiated GC) [PSYoungGen: 88064K->86602K(175104K)] 148046K->170884K(699392K), 0.0120378 secs] [Times: user=0.17 sys=0.00, real=0.01 secs] 
2016-09-15T12:37:03.585-0400: 250.839: [GC (Allocation Failure) [PSYoungGen: 174666K->43265K(175104K)] 265317K->207559K(699392K), 0.0101440 secs] [Times: user=0.12 sys=0.00, real=0.02 secs] 
2016-09-15T12:37:03.596-0400: 250.849: [GC (GCLocker Initiated GC) [PSYoungGen: 43636K->192K(175104K)] 207931K->219539K(699392K), 0.0069825 secs] [Times: user=0.09 sys=0.00, real=0.00 secs] 
2016-09-15T12:37:03.724-0400: 250.977: [GC (GCLocker Initiated GC) [PSYoungGen: 84737K->73676K(175104K)] 310160K->299115K(699392K), 0.0088131 secs] [Times: user=0.08 sys=0.00, real=0.01 secs] 
2016-09-15T12:37:03.857-0400: 251.110: [GC (GCLocker Initiated GC) [PSYoungGen: 161740K->37485K(175104K)] 405557K->318248K(699392K), 0.0089194 secs] [Times: user=0.14 sys=0.00, real=0.00 secs] 
2016-09-15T12:37:03.999-0400: 251.253: [GC (GCLocker Initiated GC) [PSYoungGen: 125549K->55679K(175104K)] 412473K->343230K(699392K), 0.0099976 secs] [Times: user=0.14 sys=0.00, real=0.01 secs] 
2016-09-15T12:37:04.135-0400: 251.388: [GC (GCLocker Initiated GC) [PSYoungGen: 143743K->55415K(175104K)] 437483K->367704K(699392K), 0.0102615 secs] [Times: user=0.14 sys=0.01, real=0.01 secs] 
2016-09-15T12:37:04.269-0400: 251.523: [GC (GCLocker Initiated GC) [PSYoungGen: 143479K->73640K(175104K)] 455894K->404563K(699392K), 0.0163994 secs] [Times: user=0.24 sys=0.00, real=0.01 secs] 
2016-09-15T12:37:04.399-0400: 251.652: [GC (GCLocker Initiated GC) [PSYoungGen: 161704K->85922K(175104K)] 492697K->453533K(699392K), 0.0109927 secs] [Times: user=0.16 sys=0.00, real=0.01 secs] 
2016-09-15T12:37:04.540-0400: 251.793: [GC (GCLocker Initiated GC) [PSYoungGen: 173986K->55511K(175104K)] 554102K->490954K(699392K), 0.0099103 secs] [Times: user=0.15 sys=0.00, real=0.01 secs] 
2016-09-15T12:37:04.695-0400: 251.949: [GC (Allocation Failure) [PSYoungGen: 143575K->73736K(175104K)] 585325K->527919K(699392K), 0.0090893 secs] [Times: user=0.10 sys=0.00, real=0.01 secs] 
2016-09-15T12:37:04.705-0400: 251.958: [Full GC (Ergonomics) [PSYoungGen: 73736K->0K(175104K)] [ParOldGen: 454183K->59980K(524288K)] 527919K->59980K(699392K), [Metaspace: 44617K->44617K(1087488K)], 0.0667379 secs] [Times: user=0.54 sys=0.00, real=0.07 secs] 
2016-09-15T12:37:04.899-0400: 252.152: [GC (GCLocker Initiated GC) [PSYoungGen: 88064K->80370K(175104K)] 148044K->140351K(699392K), 0.0086132 secs] [Times: user=0.09 sys=0.01, real=0.01 secs] 
2016-09-15T12:37:05.010-0400: 252.263: [GC (GCLocker Initiated GC) [PSYoungGen: 168434K->85790K(175104K)] 228675K->189215K(699392K), 0.0103889 secs] [Times: user=0.15 sys=0.00, real=0.01 secs] 
2016-09-15T12:37:05.152-0400: 252.405: [GC (GCLocker Initiated GC) [PSYoungGen: 173854K->55611K(175104K)] 283604K->202119K(699392K), 0.0085137 secs] [Times: user=0.12 sys=0.00, real=0.01 secs] 
2016-09-15T12:37:05.290-0400: 252.543: [GC (GCLocker Initiated GC) [PSYoungGen: 143675K->85822K(175104K)] 296396K->275333K(699392K), 0.0089865 secs] [Times: user=0.13 sys=0.00, real=0.01 secs] 
2016-09-15T12:37:05.430-0400: 252.683: [GC (GCLocker Initiated GC) [PSYoungGen: 173886K->73704K(175104K)] 369614K->324251K(699392K), 0.0094786 secs] [Times: user=0.13 sys=0.01, real=0.01 secs] 
2016-09-15T12:37:05.565-0400: 252.819: [GC (GCLocker Initiated GC) [PSYoungGen: 161768K->73772K(175104K)] 412462K->324789K(699392K), 0.0078669 secs] [Times: user=0.11 sys=0.00, real=0.01 secs] 
2016-09-15T12:37:05.703-0400: 252.957: [GC (GCLocker Initiated GC) [PSYoungGen: 161836K->73736K(175104K)] 419295K->367953K(699392K), 0.0100136 secs] [Times: user=0.13 sys=0.01, real=0.01 secs] 
2016-09-15T12:37:05.855-0400: 253.108: [GC (GCLocker Initiated GC) [PSYoungGen: 161800K->73804K(175104K)] 456064K->386436K(699392K), 0.0080013 secs] [Times: user=0.12 sys=0.00, real=0.01 secs] 
2016-09-15T12:37:05.983-0400: 253.236: [GC (GCLocker Initiated GC) [PSYoungGen: 161868K->85822K(175104K)] 474856K->447726K(699392K), 0.0131035 secs] [Times: user=0.18 sys=0.00, real=0.02 secs] 
2016-09-15T12:37:06.114-0400: 253.367: [GC (Allocation Failure) [PSYoungGen: 173886K->73868K(175104K)] 535976K->472724K(699392K), 0.0095364 secs] [Times: user=0.14 sys=0.00, real=0.01 secs] 
2016-09-15T12:37:06.242-0400: 253.495: [GC (GCLocker Initiated GC) [PSYoungGen: 161932K->85822K(175104K)] 560793K->509283K(699392K), 0.0104788 secs] [Times: user=0.15 sys=0.00, real=0.01 secs] 
2016-09-15T12:37:06.353-0400: 253.606: [GC (Allocation Failure) [PSYoungGen: 173886K->61522K(175104K)] 597383K->503364K(699392K), 0.0092053 secs] [Times: user=0.09 sys=0.00, real=0.01 secs] 
2016-09-15T12:37:06.480-0400: 253.734: [GC (GCLocker Initiated GC) [PSYoungGen: 149021K->61622K(175104K)] 596939K->576671K(699392K), 0.0160401 secs] [Times: user=0.24 sys=0.00, real=0.02 secs] 
2016-09-15T12:37:06.497-0400: 253.750: [Full GC (Ergonomics) [PSYoungGen: 61622K->0K(175104K)] [ParOldGen: 515049K->53890K(524288K)] 576671K->53890K(699392K), [Metaspace: 44617K->44617K(1087488K)], 0.0562742 secs] [Times: user=0.52 sys=0.00, real=0.05 secs] 
2016-09-15T12:37:06.668-0400: 253.921: [GC (GCLocker Initiated GC) [PSYoungGen: 88064K->86274K(175104K)] 142029K->164539K(699392K), 0.0088285 secs] [Times: user=0.12 sys=0.00, real=0.01 secs] 
2016-09-15T12:37:06.795-0400: 254.048: [GC (GCLocker Initiated GC) [PSYoungGen: 174338K->85922K(175104K)] 252639K->219494K(699392K), 0.0088232 secs] [Times: user=0.12 sys=0.00, real=0.01 secs] 
2016-09-15T12:37:06.912-0400: 254.165: [GC (GCLocker Initiated GC) [PSYoungGen: 173986K->67433K(175104K)] 307606K->249968K(699392K), 0.0119750 secs] [Times: user=0.16 sys=0.00, real=0.01 secs] 
2016-09-15T12:37:07.058-0400: 254.311: [GC (GCLocker Initiated GC) [PSYoungGen: 155497K->37258K(175104K)] 344191K->305038K(699392K), 0.0108812 secs] [Times: user=0.14 sys=0.00, real=0.01 secs] 
2016-09-15T12:37:07.199-0400: 254.452: [GC (GCLocker Initiated GC) [PSYoungGen: 125322K->55287K(175104K)] 399764K->330036K(699392K), 0.0083097 secs] [Times: user=0.09 sys=0.00, real=0.00 secs] 
2016-09-15T12:37:07.319-0400: 254.572: [GC (GCLocker Initiated GC) [PSYoungGen: 143351K->55059K(175104K)] 418131K->348323K(699392K), 0.0125308 secs] [Times: user=0.11 sys=0.01, real=0.01 secs] 
2016-09-15T12:37:07.458-0400: 254.711: [GC (GCLocker Initiated GC) [PSYoungGen: 143123K->55547K(175104K)] 442465K->403609K(699392K), 0.0140171 secs] [Times: user=0.18 sys=0.00, real=0.01 secs] 
2016-09-15T12:37:07.623-0400: 254.876: [GC (GCLocker Initiated GC) [PSYoungGen: 143611K->79583K(175104K)] 504027K->458704K(699392K), 0.0093762 secs] [Times: user=0.14 sys=0.00, real=0.01 secs] 
2016-09-15T12:37:07.748-0400: 255.002: [GC (GCLocker Initiated GC) [PSYoungGen: 167647K->67533K(175104K)] 546955K->489517K(699392K), 0.0086937 secs] [Times: user=0.11 sys=0.00, real=0.01 secs] 
2016-09-15T12:37:07.904-0400: 255.158: [GC (GCLocker Initiated GC) [PSYoungGen: 155597K->55155K(175104K)] 589953K->526277K(699392K), 0.0092785 secs] [Times: user=0.13 sys=0.00, real=0.01 secs] 
2016-09-15T12:37:07.914-0400: 255.167: [Full GC (Ergonomics) [PSYoungGen: 55155K->0K(175104K)] [ParOldGen: 471122K->53802K(524288K)] 526277K->53802K(699392K), [Metaspace: 44617K->44617K(1087488K)], 0.0563832 secs] [Times: user=0.53 sys=0.00, real=0.06 secs] 
2016-09-15T12:37:08.077-0400: 255.330: [GC (GCLocker Initiated GC) [PSYoungGen: 88064K->86438K(175104K)] 141930K->176755K(699392K), 0.0092647 secs] [Times: user=0.14 sys=0.00, real=0.00 secs] 
2016-09-15T12:37:08.211-0400: 255.464: [GC (GCLocker Initiated GC) [PSYoungGen: 174502K->55447K(175104K)] 270959K->231950K(699392K), 0.0098743 secs] [Times: user=0.15 sys=0.00, real=0.01 secs] 
2016-09-15T12:37:08.344-0400: 255.597: [GC (GCLocker Initiated GC) [PSYoungGen: 143511K->55611K(175104K)] 332436K->244671K(699392K), 0.0080027 secs] [Times: user=0.10 sys=0.00, real=0.01 secs] 
2016-09-15T12:37:08.472-0400: 255.726: [GC (Allocation Failure) [PSYoungGen: 143675K->85822K(175104K)] 332989K->317985K(699392K), 0.0098937 secs] [Times: user=0.16 sys=0.00, real=0.01 secs] 
2016-09-15T12:37:08.605-0400: 255.858: [GC (GCLocker Initiated GC) [PSYoungGen: 173886K->55643K(175104K)] 406055K->324374K(699392K), 0.0093623 secs] [Times: user=0.14 sys=0.00, real=0.01 secs] 
2016-09-15T12:37:08.714-0400: 255.967: [GC (Allocation Failure) [PSYoungGen: 143707K->86214K(175104K)] 412670K->379988K(699392K), 0.0102257 secs] [Times: user=0.16 sys=0.00, real=0.01 secs] 
2016-09-15T12:37:08.833-0400: 256.087: [GC (GCLocker Initiated GC) [PSYoungGen: 174278K->86018K(175104K)] 468058K->428893K(699392K), 0.0096251 secs] [Times: user=0.14 sys=0.00, real=0.01 secs] 
2016-09-15T12:37:08.957-0400: 256.210: [GC (GCLocker Initiated GC) [PSYoungGen: 174082K->86214K(175104K)] 517184K->460030K(699392K), 0.0092865 secs] [Times: user=0.14 sys=0.00, real=0.00 secs] 
2016-09-15T12:37:09.093-0400: 256.346: [GC (Allocation Failure) [PSYoungGen: 174278K->73476K(175104K)] 548321K->502682K(699392K), 0.0098217 secs] [Times: user=0.15 sys=0.00, real=0.01 secs] 
2016-09-15T12:37:09.229-0400: 256.482: [GC (GCLocker Initiated GC) [PSYoungGen: 160970K->73804K(175104K)] 596251K->509220K(699392K), 0.0085852 secs] [Times: user=0.13 sys=0.00, real=0.01 secs] 
2016-09-15T12:37:09.370-0400: 256.624: [Full GC (Ergonomics) [PSYoungGen: 161868K->0K(175104K)] [ParOldGen: 441684K->53984K(524288K)] 603552K->53984K(699392K), [Metaspace: 44617K->44617K(1087488K)], 0.0558782 secs] [Times: user=0.51 sys=0.00, real=0.05 secs] 
2016-09-15T12:37:09.545-0400: 256.798: [GC (GCLocker Initiated GC) [PSYoungGen: 88064K->74060K(175104K)] 148327K->134323K(699392K), 0.0068201 secs] [Times: user=0.08 sys=0.00, real=0.01 secs] 
2016-09-15T12:37:09.690-0400: 256.944: [GC (GCLocker Initiated GC) [PSYoungGen: 162124K->61298K(175104K)] 228515K->146562K(699392K), 0.0112813 secs] [Times: user=0.08 sys=0.01, real=0.01 secs] 
2016-09-15T12:37:09.834-0400: 257.087: [GC (GCLocker Initiated GC) [PSYoungGen: 149362K->85790K(175104K)] 234668K->219847K(699392K), 0.0102793 secs] [Times: user=0.13 sys=0.01, real=0.01 secs] 
2016-09-15T12:37:09.953-0400: 257.207: [GC (Allocation Failure) [PSYoungGen: 173854K->79779K(175104K)] 308126K->281208K(699392K), 0.0134664 secs] [Times: user=0.21 sys=0.00, real=0.01 secs] 
2016-09-15T12:37:10.078-0400: 257.331: [GC (GCLocker Initiated GC) [PSYoungGen: 167843K->73900K(175104K)] 369278K->318175K(699392K), 0.0097181 secs] [Times: user=0.15 sys=0.00, real=0.00 secs] 
2016-09-15T12:37:10.213-0400: 257.467: [GC (Allocation Failure) [PSYoungGen: 161964K->67729K(175104K)] 412574K->336896K(699392K), 0.0086833 secs] [Times: user=0.10 sys=0.00, real=0.01 secs] 
2016-09-15T12:37:10.341-0400: 257.594: [GC (GCLocker Initiated GC) [PSYoungGen: 155793K->74032K(175104K)] 424965K->392136K(699392K), 0.0119951 secs] [Times: user=0.17 sys=0.00, real=0.01 secs] 
2016-09-15T12:37:10.471-0400: 257.724: [GC (GCLocker Initiated GC) [PSYoungGen: 162096K->73740K(175104K)] 480359K->428581K(699392K), 0.0112484 secs] [Times: user=0.14 sys=0.00, real=0.01 secs] 
2016-09-15T12:37:10.647-0400: 257.901: [GC (GCLocker Initiated GC) [PSYoungGen: 161804K->79583K(175104K)] 516714K->434793K(699392K), 0.0135012 secs] [Times: user=0.15 sys=0.01, real=0.02 secs] 
2016-09-15T12:37:10.779-0400: 258.032: [GC (Allocation Failure) [PSYoungGen: 167647K->43005K(175104K)] 522882K->440892K(699392K), 0.0164029 secs] [Times: user=0.20 sys=0.01, real=0.01 secs] 
2016-09-15T12:37:10.898-0400: 258.151: [GC (GCLocker Initiated GC) [PSYoungGen: 130129K->67793K(175104K)] 534091K->508349K(699392K), 0.0111794 secs] [Times: user=0.14 sys=0.01, real=0.01 secs] 
2016-09-15T12:37:11.037-0400: 258.290: [Full GC (Ergonomics) [PSYoungGen: 155857K->0K(175104K)] [ParOldGen: 446656K->54257K(524288K)] 602513K->54257K(699392K), [Metaspace: 44618K->44618K(1087488K)], 0.0538168 secs] [Times: user=0.44 sys=0.00, real=0.05 secs] 
2016-09-15T12:37:11.199-0400: 258.453: [GC (GCLocker Initiated GC) [PSYoungGen: 88064K->86530K(175104K)] 148460K->171226K(699392K), 0.0091682 secs] [Times: user=0.13 sys=0.00, real=0.01 secs] 
2016-09-15T12:37:11.311-0400: 258.565: [GC (GCLocker Initiated GC) [PSYoungGen: 174594K->74032K(175104K)] 259332K->232850K(699392K), 0.0105367 secs] [Times: user=0.16 sys=0.01, real=0.01 secs] 
2016-09-15T12:37:11.455-0400: 258.708: [GC (Allocation Failure) [PSYoungGen: 162096K->55415K(175104K)] 327282K->275756K(699392K), 0.0087444 secs] [Times: user=0.13 sys=0.01, real=0.01 secs] 
2016-09-15T12:37:11.581-0400: 258.835: [GC (Allocation Failure) [PSYoungGen: 139590K->55711K(175104K)] 359931K->276343K(699392K), 0.0074737 secs] [Times: user=0.09 sys=0.01, real=0.01 secs] 
2016-09-15T12:37:11.698-0400: 258.951: [GC (GCLocker Initiated GC) [PSYoungGen: 143388K->73704K(175104K)] 370096K->318968K(699392K), 0.0096963 secs] [Times: user=0.14 sys=0.00, real=0.01 secs] 
2016-09-15T12:37:11.851-0400: 259.105: [GC (GCLocker Initiated GC) [PSYoungGen: 161768K->55447K(175104K)] 413176K->355747K(699392K), 0.0105485 secs] [Times: user=0.12 sys=0.00, real=0.01 secs] 
2016-09-15T12:37:11.969-0400: 259.222: [GC (GCLocker Initiated GC) [PSYoungGen: 143511K->86086K(175104K)] 443875K->423044K(699392K), 0.0118572 secs] [Times: user=0.15 sys=0.01, real=0.01 secs] 
2016-09-15T12:37:12.118-0400: 259.371: [GC (GCLocker Initiated GC) [PSYoungGen: 174150K->61882K(175104K)] 517337K->466455K(699392K), 0.0090646 secs] [Times: user=0.13 sys=0.00, real=0.00 secs] 
2016-09-15T12:37:12.267-0400: 259.520: [GC (GCLocker Initiated GC) [PSYoungGen: 149946K->36934K(175104K)] 566861K->472194K(699392K), 0.0085408 secs] [Times: user=0.09 sys=0.00, real=0.01 secs] 
2016-09-15T12:37:12.403-0400: 259.657: [GC (GCLocker Initiated GC) [PSYoungGen: 124998K->85822K(175104K)] 560294K->551816K(699392K), 0.0113343 secs] [Times: user=0.16 sys=0.00, real=0.01 secs] 
2016-09-15T12:37:12.415-0400: 259.668: [Full GC (Ergonomics) [PSYoungGen: 85822K->0K(175104K)] [ParOldGen: 465994K->54247K(524288K)] 551816K->54247K(699392K), [Metaspace: 44619K->44619K(1087488K)], 0.0633734 secs] [Times: user=0.38 sys=0.01, real=0.07 secs] 
2016-09-15T12:37:12.612-0400: 259.866: [GC (Allocation Failure) [PSYoungGen: 88064K->86498K(175104K)] 148556K->159140K(699392K), 0.0093308 secs] [Times: user=0.10 sys=0.00, real=0.01 secs] 
2016-09-15T12:37:12.752-0400: 260.005: [GC (GCLocker Initiated GC) [PSYoungGen: 171640K->43265K(175104K)] 250358K->208048K(699392K), 0.0120348 secs] [Times: user=0.18 sys=0.00, real=0.01 secs] 
2016-09-15T12:37:12.876-0400: 260.130: [GC (GCLocker Initiated GC) [PSYoungGen: 131329K->73540K(175104K)] 296311K->257063K(699392K), 0.0093040 secs] [Times: user=0.13 sys=0.00, real=0.00 secs] 
2016-09-15T12:37:13.006-0400: 260.259: [GC (GCLocker Initiated GC) [PSYoungGen: 161604K->86050K(175104K)] 351388K->300294K(699392K), 0.0097861 secs] [Times: user=0.13 sys=0.00, real=0.01 secs] 
2016-09-15T12:37:13.149-0400: 260.402: [GC (GCLocker Initiated GC) [PSYoungGen: 174114K->55611K(175104K)] 400560K->300746K(699392K), 0.0178499 secs] [Times: user=0.24 sys=0.00, real=0.01 secs] 
2016-09-15T12:37:13.280-0400: 260.534: [GC (GCLocker Initiated GC) [PSYoungGen: 143675K->85790K(175104K)] 388863K->355585K(699392K), 0.0116347 secs] [Times: user=0.14 sys=0.01, real=0.01 secs] 
2016-09-15T12:37:13.427-0400: 260.680: [GC (GCLocker Initiated GC) [PSYoungGen: 173854K->43301K(175104K)] 449924K->380224K(699392K), 0.0111352 secs] [Times: user=0.11 sys=0.00, real=0.02 secs] 
2016-09-15T12:37:13.548-0400: 260.801: [GC (GCLocker Initiated GC) [PSYoungGen: 131365K->67793K(175104K)] 468397K->441599K(699392K), 0.0100447 secs] [Times: user=0.13 sys=0.01, real=0.01 secs] 
2016-09-15T12:37:13.689-0400: 260.942: [GC (GCLocker Initiated GC) [PSYoungGen: 155857K->85790K(175104K)] 529986K->502579K(699392K), 0.0112602 secs] [Times: user=0.17 sys=0.00, real=0.01 secs] 
2016-09-15T12:37:13.826-0400: 261.079: [GC (GCLocker Initiated GC) [PSYoungGen: 173854K->61558K(175104K)] 590959K->497000K(699392K), 0.0103755 secs] [Times: user=0.09 sys=0.00, real=0.02 secs] 
2016-09-15T12:37:13.941-0400: 261.194: [GC (GCLocker Initiated GC) [PSYoungGen: 149622K->73540K(175104K)] 585270K->546110K(699392K), 0.0114984 secs] [Times: user=0.17 sys=0.01, real=0.01 secs] 
2016-09-15T12:37:13.953-0400: 261.206: [Full GC (Ergonomics) [PSYoungGen: 73540K->0K(175104K)] [ParOldGen: 472570K->54462K(524288K)] 546110K->54462K(699392K), [Metaspace: 44620K->44620K(1087488K)], 0.0664992 secs] [Times: user=0.38 sys=0.01, real=0.07 secs] 
2016-09-15T12:37:14.128-0400: 261.381: [GC (GCLocker Initiated GC) [PSYoungGen: 88064K->80487K(175104K)] 148726K->141150K(699392K), 0.0223050 secs] [Times: user=0.29 sys=0.00, real=0.02 secs] 
2016-09-15T12:37:14.267-0400: 261.521: [GC (GCLocker Initiated GC) [PSYoungGen: 168551K->55515K(175104K)] 241422K->147742K(699392K), 0.0200357 secs] [Times: user=0.15 sys=0.00, real=0.03 secs] 
2016-09-15T12:37:14.450-0400: 261.703: [GC (GCLocker Initiated GC) [PSYoungGen: 143579K->19160K(175104K)] 254135K->190923K(699392K), 0.0204450 secs] [Times: user=0.27 sys=0.00, real=0.02 secs] 
2016-09-15T12:37:14.605-0400: 261.858: [GC (Allocation Failure) [PSYoungGen: 107224K->73640K(175104K)] 279286K->245984K(699392K), 0.0113082 secs] [Times: user=0.10 sys=0.00, real=0.02 secs] 
2016-09-15T12:37:14.733-0400: 261.987: [GC (GCLocker Initiated GC) [PSYoungGen: 161704K->30759K(175104K)] 334054K->245714K(699392K), 0.0175706 secs] [Times: user=0.12 sys=0.00, real=0.02 secs] 
2016-09-15T12:37:14.874-0400: 262.128: [GC (GCLocker Initiated GC) [PSYoungGen: 118823K->49507K(175104K)] 340203K->307457K(699392K), 0.0191765 secs] [Times: user=0.24 sys=0.00, real=0.02 secs] 
2016-09-15T12:37:15.012-0400: 262.265: [GC (GCLocker Initiated GC) [PSYoungGen: 137571K->73704K(175104K)] 401951K->338719K(699392K), 0.0109152 secs] [Times: user=0.16 sys=0.00, real=0.01 secs] 
2016-09-15T12:37:15.131-0400: 262.385: [GC (Allocation Failure) [PSYoungGen: 161768K->79815K(175104K)] 427010K->351243K(699392K), 0.0128464 secs] [Times: user=0.12 sys=0.00, real=0.01 secs] 
2016-09-15T12:37:15.259-0400: 262.512: [GC (GCLocker Initiated GC) [PSYoungGen: 167879K->61358K(175104K)] 439308K->406159K(699392K), 0.0122350 secs] [Times: user=0.16 sys=0.01, real=0.01 secs] 
2016-09-15T12:37:15.393-0400: 262.646: [GC (GCLocker Initiated GC) [PSYoungGen: 149422K->85890K(175104K)] 494412K->430983K(699392K), 0.0121592 secs] [Times: user=0.12 sys=0.00, real=0.01 secs] 
2016-09-15T12:37:15.528-0400: 262.781: [GC (Allocation Failure) [PSYoungGen: 173954K->79587K(175104K)] 519083K->485766K(699392K), 0.0121239 secs] [Times: user=0.15 sys=0.01, real=0.01 secs] 
2016-09-15T12:37:15.677-0400: 262.930: [GC (GCLocker Initiated GC) [PSYoungGen: 162087K->55351K(175104K)] 574341K->510406K(699392K), 0.0179430 secs] [Times: user=0.24 sys=0.01, real=0.01 secs] 
2016-09-15T12:37:15.695-0400: 262.948: [Full GC (Ergonomics) [PSYoungGen: 55351K->0K(175104K)] [ParOldGen: 455054K->48216K(524288K)] 510406K->48216K(699392K), [Metaspace: 44624K->44624K(1087488K)], 0.0658793 secs] [Times: user=0.39 sys=0.01, real=0.07 secs] 
2016-09-15T12:37:15.867-0400: 263.120: [GC (GCLocker Initiated GC) [PSYoungGen: 88064K->86110K(175104K)] 136531K->158877K(699392K), 0.0096282 secs] [Times: user=0.14 sys=0.01, real=0.02 secs] 
2016-09-15T12:37:15.980-0400: 263.233: [GC (GCLocker Initiated GC) [PSYoungGen: 174174K->80107K(175104K)] 253371K->214723K(699392K), 0.0116488 secs] [Times: user=0.17 sys=0.00, real=0.01 secs] 
2016-09-15T12:37:16.110-0400: 263.363: [GC (Allocation Failure) [PSYoungGen: 168171K->73968K(175104K)] 314979K->275962K(699392K), 0.0115939 secs] [Times: user=0.16 sys=0.00, real=0.01 secs] 
2016-09-15T12:37:16.259-0400: 263.512: [GC (GCLocker Initiated GC) [PSYoungGen: 162032K->85758K(175104K)] 364032K->330754K(699392K), 0.0149858 secs] [Times: user=0.18 sys=0.00, real=0.01 secs] 
2016-09-15T12:37:16.380-0400: 263.634: [GC (GCLocker Initiated GC) [PSYoungGen: 173822K->79683K(175104K)] 424975K->349336K(699392K), 0.0174282 secs] [Times: user=0.20 sys=0.00, real=0.02 secs] 
2016-09-15T12:37:16.513-0400: 263.766: [GC (GCLocker Initiated GC) [PSYoungGen: 167747K->30987K(175104K)] 443741K->361923K(699392K), 0.0227888 secs] [Times: user=0.28 sys=0.01, real=0.03 secs] 
2016-09-15T12:37:16.663-0400: 263.916: [GC (GCLocker Initiated GC) [PSYoungGen: 119051K->73968K(175104K)] 462218K->417263K(699392K), 0.0093141 secs] [Times: user=0.11 sys=0.00, real=0.01 secs] 
2016-09-15T12:37:16.803-0400: 264.056: [GC (GCLocker Initiated GC) [PSYoungGen: 162032K->73836K(175104K)] 511698K->472582K(699392K), 0.0194291 secs] [Times: user=0.25 sys=0.00, real=0.02 secs] 
2016-09-15T12:37:16.946-0400: 264.199: [GC (GCLocker Initiated GC) [PSYoungGen: 161900K->61298K(175104K)] 560956K->478846K(699392K), 0.0115032 secs] [Times: user=0.11 sys=0.00, real=0.02 secs] 
2016-09-15T12:37:17.069-0400: 264.322: [GC (GCLocker Initiated GC) [PSYoungGen: 149362K->67533K(175104K)] 567723K->528711K(699392K), 0.0109994 secs] [Times: user=0.11 sys=0.00, real=0.01 secs] 
2016-09-15T12:37:17.080-0400: 264.333: [Full GC (Ergonomics) [PSYoungGen: 67533K->0K(175104K)] [ParOldGen: 461178K->60848K(524288K)] 528711K->60848K(699392K), [Metaspace: 44640K->44640K(1087488K)], 0.0547369 secs] [Times: user=0.42 sys=0.01, real=0.05 secs] 
2016-09-15T12:37:17.262-0400: 264.515: [GC (GCLocker Initiated GC) [PSYoungGen: 88064K->86118K(175104K)] 161199K->159253K(699392K), 0.0230621 secs] [Times: user=0.30 sys=0.00, real=0.02 secs] 
2016-09-15T12:37:17.414-0400: 264.667: [GC (GCLocker Initiated GC) [PSYoungGen: 174182K->61654K(175104K)] 247521K->190132K(699392K), 0.0099001 secs] [Times: user=0.12 sys=0.00, real=0.01 secs] 
2016-09-15T12:37:17.543-0400: 264.797: [GC (GCLocker Initiated GC) [PSYoungGen: 149718K->85690K(175104K)] 278220K->262960K(699392K), 0.0124379 secs] [Times: user=0.16 sys=0.00, real=0.02 secs] 
2016-09-15T12:37:17.671-0400: 264.924: [GC (GCLocker Initiated GC) [PSYoungGen: 173754K->61654K(175104K)] 357298K->336459K(699392K), 0.0243527 secs] [Times: user=0.29 sys=0.00, real=0.02 secs] 
2016-09-15T12:37:17.814-0400: 265.068: [GC (GCLocker Initiated GC) [PSYoungGen: 149718K->85794K(175104K)] 424715K->367469K(699392K), 0.0115866 secs] [Times: user=0.11 sys=0.00, real=0.01 secs] 
2016-09-15T12:37:17.952-0400: 265.205: [GC (GCLocker Initiated GC) [PSYoungGen: 173858K->85822K(175104K)] 461752K->410450K(699392K), 0.0120629 secs] [Times: user=0.13 sys=0.01, real=0.01 secs] 
2016-09-15T12:37:18.098-0400: 265.351: [GC (GCLocker Initiated GC) [PSYoungGen: 173886K->85954K(175104K)] 504771K->453448K(699392K), 0.0171057 secs] [Times: user=0.22 sys=0.00, real=0.01 secs] 
2016-09-15T12:37:18.254-0400: 265.507: [GC (GCLocker Initiated GC) [PSYoungGen: 174018K->85758K(175104K)] 541666K->508561K(699392K), 0.0130658 secs] [Times: user=0.18 sys=0.00, real=0.01 secs] 
2016-09-15T12:37:18.386-0400: 265.639: [GC (GCLocker Initiated GC) [PSYoungGen: 173822K->67925K(175104K)] 596744K->533688K(699392K), 0.0126481 secs] [Times: user=0.17 sys=0.00, real=0.02 secs] 
2016-09-15T12:37:18.399-0400: 265.652: [Full GC (Ergonomics) [PSYoungGen: 67925K->0K(175104K)] [ParOldGen: 465762K->48747K(524288K)] 533688K->48747K(699392K), [Metaspace: 44645K->44645K(1087488K)], 0.0636522 secs] [Times: user=0.47 sys=0.00, real=0.06 secs] 
2016-09-15T12:37:18.598-0400: 265.852: [GC (GCLocker Initiated GC) [PSYoungGen: 88064K->85626K(175104K)] 137016K->146728K(699392K), 0.0113524 secs] [Times: user=0.15 sys=0.00, real=0.01 secs] 
2016-09-15T12:37:18.701-0400: 265.954: [GC (GCLocker Initiated GC) [PSYoungGen: 173690K->86086K(175104K)] 234932K->232537K(699392K), 0.0132354 secs] [Times: user=0.16 sys=0.00, real=0.01 secs] 
2016-09-15T12:37:18.834-0400: 266.087: [GC (Allocation Failure) [PSYoungGen: 174150K->85790K(175104K)] 320715K->299808K(699392K), 0.0160101 secs] [Times: user=0.24 sys=0.00, real=0.02 secs] 
2016-09-15T12:37:18.986-0400: 266.240: [GC (GCLocker Initiated GC) [PSYoungGen: 173854K->55447K(175104K)] 387877K->306204K(699392K), 0.0163120 secs] [Times: user=0.23 sys=0.00, real=0.02 secs] 
2016-09-15T12:37:19.107-0400: 266.360: [GC (GCLocker Initiated GC) [PSYoungGen: 143511K->61686K(175104K)] 394270K->330790K(699392K), 0.0096075 secs] [Times: user=0.11 sys=0.00, real=0.02 secs] 
2016-09-15T12:37:19.252-0400: 266.505: [GC (GCLocker Initiated GC) [PSYoungGen: 149750K->73512K(175104K)] 425279K->367549K(699392K), 0.0107765 secs] [Times: user=0.11 sys=0.00, real=0.01 secs] 
2016-09-15T12:37:19.383-0400: 266.636: [GC (GCLocker Initiated GC) [PSYoungGen: 161576K->55647K(175104K)] 455711K->355944K(699392K), 0.0137490 secs] [Times: user=0.15 sys=0.00, real=0.02 secs] 
2016-09-15T12:37:19.514-0400: 266.768: [GC (Allocation Failure) [PSYoungGen: 143711K->79779K(175104K)] 450232K->447545K(699392K), 0.0232151 secs] [Times: user=0.32 sys=0.00, real=0.03 secs] 
2016-09-15T12:37:19.654-0400: 266.908: [GC (GCLocker Initiated GC) [PSYoungGen: 164846K->49180K(175104K)] 538687K->459747K(699392K), 0.0146916 secs] [Times: user=0.14 sys=0.00, real=0.02 secs] 
2016-09-15T12:37:19.809-0400: 267.062: [GC (GCLocker Initiated GC) [PSYoungGen: 137244K->55387K(175104K)] 560289K->478707K(699392K), 0.0141187 secs] [Times: user=0.14 sys=0.00, real=0.01 secs] 
2016-09-15T12:37:19.933-0400: 267.186: [GC (GCLocker Initiated GC) [PSYoungGen: 143451K->73412K(175104K)] 566846K->497107K(699392K), 0.0131039 secs] [Times: user=0.19 sys=0.00, real=0.01 secs] 
2016-09-15T12:37:20.083-0400: 267.336: [Full GC (Ergonomics) [PSYoungGen: 161476K->0K(175104K)] [ParOldGen: 430052K->54890K(524288K)] 591528K->54890K(699392K), [Metaspace: 44645K->44645K(1087488K)], 0.0679765 secs] [Times: user=0.49 sys=0.01, real=0.07 secs] 
2016-09-15T12:37:20.276-0400: 267.530: [GC (GCLocker Initiated GC) [PSYoungGen: 88064K->86018K(175104K)] 149187K->153217K(699392K), 0.0134583 secs] [Times: user=0.17 sys=0.00, real=0.01 secs] 
2016-09-15T12:37:20.455-0400: 267.709: [GC (GCLocker Initiated GC) [PSYoungGen: 174082K->37190K(175104K)] 253518K->202336K(699392K), 0.0134335 secs] [Times: user=0.16 sys=0.01, real=0.02 secs] 
2016-09-15T12:37:20.570-0400: 267.823: [GC (GCLocker Initiated GC) [PSYoungGen: 125254K->85954K(175104K)] 290504K->269744K(699392K), 0.0097224 secs] [Times: user=0.12 sys=0.00, real=0.01 secs] 
2016-09-15T12:37:20.691-0400: 267.945: [GC (GCLocker Initiated GC) [PSYoungGen: 174018K->61754K(175104K)] 364250K->319079K(699392K), 0.0127369 secs] [Times: user=0.14 sys=0.00, real=0.01 secs] 
2016-09-15T12:37:20.820-0400: 268.073: [GC (GCLocker Initiated GC) [PSYoungGen: 149818K->61298K(175104K)] 407319K->337440K(699392K), 0.0202919 secs] [Times: user=0.15 sys=0.00, real=0.02 secs] 
2016-09-15T12:37:20.958-0400: 268.212: [GC (GCLocker Initiated GC) [PSYoungGen: 149362K->67569K(175104K)] 425860K->362411K(699392K), 0.0154464 secs] [Times: user=0.17 sys=0.00, real=0.01 secs] 
2016-09-15T12:37:21.096-0400: 268.350: [GC (GCLocker Initiated GC) [PSYoungGen: 155633K->79747K(175104K)] 456782K->436035K(699392K), 0.0112149 secs] [Times: user=0.14 sys=0.00, real=0.00 secs] 
2016-09-15T12:37:21.225-0400: 268.479: [GC (GCLocker Initiated GC) [PSYoungGen: 167811K->85986K(175104K)] 524443K->479219K(699392K), 0.0121449 secs] [Times: user=0.15 sys=0.00, real=0.02 secs] 
2016-09-15T12:37:21.368-0400: 268.621: [GC (Allocation Failure) [PSYoungGen: 174050K->61198K(175104K)] 567431K->467169K(699392K), 0.0201706 secs] [Times: user=0.24 sys=0.00, real=0.02 secs] 
2016-09-15T12:37:21.498-0400: 268.752: [GC (GCLocker Initiated GC) [PSYoungGen: 144758K->55323K(175104K)] 556804K->485665K(699392K), 0.0246216 secs] [Times: user=0.21 sys=0.00, real=0.02 secs] 
2016-09-15T12:37:21.645-0400: 268.899: [GC (GCLocker Initiated GC) [PSYoungGen: 143387K->85758K(175104K)] 573799K->546836K(699392K), 0.0301301 secs] [Times: user=0.38 sys=0.00, real=0.03 secs] 
2016-09-15T12:37:21.676-0400: 268.929: [Full GC (Ergonomics) [PSYoungGen: 85758K->0K(175104K)] [ParOldGen: 461078K->54915K(524288K)] 546836K->54915K(699392K), [Metaspace: 44645K->44645K(1087488K)], 0.0660100 secs] [Times: user=0.38 sys=0.01, real=0.06 secs] 
2016-09-15T12:37:21.862-0400: 269.115: [GC (Allocation Failure) [PSYoungGen: 88064K->86078K(175104K)] 149376K->171690K(699392K), 0.0096720 secs] [Times: user=0.12 sys=0.00, real=0.01 secs] 
2016-09-15T12:37:21.982-0400: 269.235: [GC (GCLocker Initiated GC) [PSYoungGen: 174142K->55483K(175104K)] 259755K->184169K(699392K), 0.0146171 secs] [Times: user=0.17 sys=0.00, real=0.02 secs] 
2016-09-15T12:37:22.123-0400: 269.377: [GC (GCLocker Initiated GC) [PSYoungGen: 143547K->85854K(175104K)] 272297K->251346K(699392K), 0.0097908 secs] [Times: user=0.13 sys=0.00, real=0.01 secs] 
2016-09-15T12:37:22.248-0400: 269.501: [GC (GCLocker Initiated GC) [PSYoungGen: 173918K->73804K(175104K)] 345723K->276276K(699392K), 0.0118526 secs] [Times: user=0.14 sys=0.00, real=0.01 secs] 
2016-09-15T12:37:22.413-0400: 269.667: [GC (GCLocker Initiated GC) [PSYoungGen: 161868K->18869K(175104K)] 388877K->264355K(699392K), 0.0081373 secs] [Times: user=0.09 sys=0.00, real=0.01 secs] 
2016-09-15T12:37:22.557-0400: 269.810: [GC (GCLocker Initiated GC) [PSYoungGen: 106933K->55351K(175104K)] 352640K->301161K(699392K), 0.0199282 secs] [Times: user=0.23 sys=0.01, real=0.02 secs] 
2016-09-15T12:37:22.722-0400: 269.975: [GC (Allocation Failure) [PSYoungGen: 143415K->37354K(175104K)] 401719K->313971K(699392K), 0.0113697 secs] [Times: user=0.11 sys=0.00, real=0.01 secs] 
2016-09-15T12:37:22.853-0400: 270.107: [GC (GCLocker Initiated GC) [PSYoungGen: 120124K->55191K(175104K)] 402816K->356383K(699392K), 0.0232755 secs] [Times: user=0.25 sys=0.01, real=0.03 secs] 
2016-09-15T12:37:22.982-0400: 270.235: [GC (GCLocker Initiated GC) [PSYoungGen: 143255K->73640K(175104K)] 444596K->375100K(699392K), 0.0086817 secs] [Times: user=0.09 sys=0.00, real=0.01 secs] 
2016-09-15T12:37:23.112-0400: 270.365: [GC (GCLocker Initiated GC) [PSYoungGen: 161704K->43041K(175104K)] 475670K->375491K(699392K), 0.0238801 secs] [Times: user=0.23 sys=0.01, real=0.03 secs] 
2016-09-15T12:37:23.263-0400: 270.516: [GC (Allocation Failure) [PSYoungGen: 131105K->68024K(175104K)] 463837K->419266K(699392K), 0.0172287 secs] [Times: user=0.21 sys=0.01, real=0.02 secs] 
2016-09-15T12:37:23.406-0400: 270.660: [GC (GCLocker Initiated GC) [PSYoungGen: 151479K->55319K(175104K)] 508795K->430971K(699392K), 0.0081212 secs] [Times: user=0.10 sys=0.00, real=0.01 secs] 
2016-09-15T12:37:23.531-0400: 270.784: [GC (GCLocker Initiated GC) [PSYoungGen: 143383K->85758K(175104K)] 525158K->479827K(699392K), 0.0114714 secs] [Times: user=0.13 sys=0.01, real=0.01 secs] 
2016-09-15T12:37:23.654-0400: 270.907: [GC (GCLocker Initiated GC) [PSYoungGen: 173822K->80107K(175104K)] 567921K->498821K(699392K), 0.0132984 secs] [Times: user=0.16 sys=0.00, real=0.01 secs] 
2016-09-15T12:37:23.812-0400: 271.065: [GC (GCLocker Initiated GC) [PSYoungGen: 168171K->55583K(175104K)] 599087K->498901K(699392K), 0.0145445 secs] [Times: user=0.13 sys=0.00, real=0.01 secs] 
2016-09-15T12:37:23.964-0400: 271.218: [GC (GCLocker Initiated GC) [PSYoungGen: 143647K->55351K(175104K)] 593402K->505373K(699392K), 0.0083426 secs] [Times: user=0.08 sys=0.00, real=0.01 secs] 
2016-09-15T12:37:24.092-0400: 271.345: [GC (Allocation Failure) [PSYoungGen: 143415K->73736K(175104K)] 593675K->560614K(699392K), 0.0160559 secs] [Times: user=0.22 sys=0.00, real=0.02 secs] 
2016-09-15T12:37:24.108-0400: 271.362: [Full GC (Ergonomics) [PSYoungGen: 73736K->0K(175104K)] [ParOldGen: 486878K->54843K(524288K)] 560614K->54843K(699392K), [Metaspace: 44645K->44645K(1087488K)], 0.0667354 secs] [Times: user=0.41 sys=0.01, real=0.06 secs] 
2016-09-15T12:37:24.289-0400: 271.543: [GC (GCLocker Initiated GC) [PSYoungGen: 88064K->86274K(175104K)] 142913K->165423K(699392K), 0.0139172 secs] [Times: user=0.19 sys=0.00, real=0.01 secs] 
2016-09-15T12:37:24.449-0400: 271.702: [GC (GCLocker Initiated GC) [PSYoungGen: 174338K->49372K(175104K)] 259685K->190294K(699392K), 0.0124825 secs] [Times: user=0.16 sys=0.00, real=0.01 secs] 
2016-09-15T12:37:24.611-0400: 271.864: [GC (GCLocker Initiated GC) [PSYoungGen: 137436K->55547K(175104K)] 296625K->214855K(699392K), 0.0153224 secs] [Times: user=0.17 sys=0.00, real=0.01 secs] 
2016-09-15T12:37:24.724-0400: 271.977: [GC (GCLocker Initiated GC) [PSYoungGen: 143611K->61522K(175104K)] 309221K->282107K(699392K), 0.0182218 secs] [Times: user=0.23 sys=0.00, real=0.02 secs] 
2016-09-15T12:37:24.865-0400: 272.118: [GC (GCLocker Initiated GC) [PSYoungGen: 149586K->73740K(175104K)] 370178K->331081K(699392K), 0.0147061 secs] [Times: user=0.17 sys=0.01, real=0.02 secs] 
2016-09-15T12:37:25.010-0400: 272.263: [GC (GCLocker Initiated GC) [PSYoungGen: 161804K->62113K(175104K)] 419409K->338564K(699392K), 0.0080889 secs] [Times: user=0.09 sys=0.00, real=0.01 secs] 
2016-09-15T12:37:25.123-0400: 272.376: [GC (GCLocker Initiated GC) [PSYoungGen: 150177K->85594K(175104K)] 426816K->398966K(699392K), 0.0108425 secs] [Times: user=0.13 sys=0.00, real=0.01 secs] 
2016-09-15T12:37:25.257-0400: 272.510: [GC (GCLocker Initiated GC) [PSYoungGen: 173658K->85986K(175104K)] 487077K->490666K(699392K), 0.0233043 secs] [Times: user=0.31 sys=0.00, real=0.02 secs] 
2016-09-15T12:37:25.406-0400: 272.659: [GC (GCLocker Initiated GC) [PSYoungGen: 174050K->79747K(175104K)] 584887K->539663K(699392K), 0.0168445 secs] [Times: user=0.24 sys=0.00, real=0.02 secs] 
2016-09-15T12:37:25.423-0400: 272.676: [Full GC (Ergonomics) [PSYoungGen: 79747K->0K(175104K)] [ParOldGen: 459916K->55197K(524288K)] 539663K->55197K(699392K), [Metaspace: 44645K->44645K(1087488K)], 0.0676070 secs] [Times: user=0.46 sys=0.01, real=0.07 secs] 
2016-09-15T12:37:25.603-0400: 272.856: [GC (GCLocker Initiated GC) [PSYoungGen: 88064K->86370K(175104K)] 149417K->172023K(699392K), 0.0130837 secs] [Times: user=0.12 sys=0.00, real=0.02 secs] 
2016-09-15T12:37:25.726-0400: 272.979: [GC (GCLocker Initiated GC) [PSYoungGen: 174434K->61522K(175104K)] 260141K->215046K(699392K), 0.0093042 secs] [Times: user=0.13 sys=0.00, real=0.01 secs] 
2016-09-15T12:37:25.844-0400: 273.097: [GC (GCLocker Initiated GC) [PSYoungGen: 149586K->85986K(175104K)] 303476K->288784K(699392K), 0.0191596 secs] [Times: user=0.25 sys=0.00, real=0.02 secs] 
2016-09-15T12:37:26.010-0400: 273.263: [GC (GCLocker Initiated GC) [PSYoungGen: 174047K->37354K(175104K)] 395415K->295627K(699392K), 0.0147599 secs] [Times: user=0.19 sys=0.00, real=0.01 secs] 
2016-09-15T12:37:26.159-0400: 273.412: [GC (Allocation Failure) [PSYoungGen: 125418K->61362K(175104K)] 383732K->319967K(699392K), 0.0099688 secs] [Times: user=0.14 sys=0.00, real=0.01 secs] 
2016-09-15T12:37:26.270-0400: 273.523: [GC (GCLocker Initiated GC) [PSYoungGen: 149426K->73544K(175104K)] 408038K->362634K(699392K), 0.0153523 secs] [Times: user=0.10 sys=0.00, real=0.01 secs] 
2016-09-15T12:37:26.415-0400: 273.668: [GC (GCLocker Initiated GC) [PSYoungGen: 161608K->85854K(175104K)] 451020K->405965K(699392K), 0.0115135 secs] [Times: user=0.16 sys=0.01, real=0.01 secs] 
2016-09-15T12:37:26.539-0400: 273.792: [GC (GCLocker Initiated GC) [PSYoungGen: 173918K->55447K(175104K)] 494138K->436724K(699392K), 0.0110170 secs] [Times: user=0.16 sys=0.01, real=0.01 secs] 
2016-09-15T12:37:26.675-0400: 273.928: [GC (GCLocker Initiated GC) [PSYoungGen: 143511K->73968K(175104K)] 531203K->522546K(699392K), 0.0153353 secs] [Times: user=0.22 sys=0.00, real=0.02 secs] 
2016-09-15T12:37:26.690-0400: 273.944: [Full GC (Ergonomics) [PSYoungGen: 73968K->0K(175104K)] [ParOldGen: 448578K->55411K(524288K)] 522546K->55411K(699392K), [Metaspace: 44645K->44645K(1087488K)], 0.0589841 secs] [Times: user=0.44 sys=0.00, real=0.06 secs] 
2016-09-15T12:37:26.892-0400: 274.145: [GC (GCLocker Initiated GC) [PSYoungGen: 88064K->86078K(175104K)] 149905K->153994K(699392K), 0.0095841 secs] [Times: user=0.13 sys=0.01, real=0.01 secs] 
2016-09-15T12:37:27.026-0400: 274.279: [GC (Allocation Failure) [PSYoungGen: 174142K->55255K(175104K)] 242285K->184671K(699392K), 0.0230195 secs] [Times: user=0.20 sys=0.01, real=0.03 secs] 
2016-09-15T12:37:27.049-0400: 274.303: [GC (GCLocker Initiated GC) [PSYoungGen: 55263K->96K(175104K)] 184680K->202824K(699392K), 0.0085474 secs] [Times: user=0.09 sys=0.00, real=0.01 secs] 
2016-09-15T12:37:27.171-0400: 274.424: [GC (GCLocker Initiated GC) [PSYoungGen: 88160K->86406K(175104K)] 290894K->331673K(699392K), 0.0112225 secs] [Times: user=0.16 sys=0.01, real=0.01 secs] 
2016-09-15T12:37:27.309-0400: 274.562: [GC (GCLocker Initiated GC) [PSYoungGen: 174470K->37386K(175104K)] 432087K->350577K(699392K), 0.0137811 secs] [Times: user=0.18 sys=0.00, real=0.01 secs] 
2016-09-15T12:37:27.453-0400: 274.706: [GC (GCLocker Initiated GC) [PSYoungGen: 125450K->67501K(175104K)] 457003K->417562K(699392K), 0.0090620 secs] [Times: user=0.11 sys=0.00, real=0.01 secs] 
2016-09-15T12:37:27.590-0400: 274.843: [GC (GCLocker Initiated GC) [PSYoungGen: 155565K->55419K(175104K)] 505994K->436342K(699392K), 0.0108814 secs] [Times: user=0.10 sys=0.00, real=0.01 secs] 
2016-09-15T12:37:27.727-0400: 274.980: [GC (GCLocker Initiated GC) [PSYoungGen: 143483K->49112K(175104K)] 530623K->454769K(699392K), 0.0139443 secs] [Times: user=0.15 sys=0.00, real=0.02 secs] 
2016-09-15T12:37:27.868-0400: 275.121: [GC (GCLocker Initiated GC) [PSYoungGen: 137176K->85854K(175104K)] 542908K->509931K(699392K), 0.0101487 secs] [Times: user=0.15 sys=0.00, real=0.01 secs] 
2016-09-15T12:37:28.013-0400: 275.267: [GC (GCLocker Initiated GC) [PSYoungGen: 173918K->43137K(175104K)] 604189K->522276K(699392K), 0.0173624 secs] [Times: user=0.20 sys=0.01, real=0.02 secs] 
2016-09-15T12:37:28.031-0400: 275.284: [Full GC (Ergonomics) [PSYoungGen: 43137K->0K(175104K)] [ParOldGen: 479139K->49171K(524288K)] 522276K->49171K(699392K), [Metaspace: 44645K->44645K(1087488K)], 0.0721852 secs] [Times: user=0.43 sys=0.01, real=0.07 secs] 
2016-09-15T12:37:28.215-0400: 275.468: [GC (GCLocker Initiated GC) [PSYoungGen: 88064K->86078K(175104K)] 137265K->165655K(699392K), 0.0111026 secs] [Times: user=0.14 sys=0.00, real=0.01 secs] 
2016-09-15T12:37:28.346-0400: 275.599: [GC (Allocation Failure) [PSYoungGen: 174142K->43233K(175104K)] 259981K->202504K(699392K), 0.0234967 secs] [Times: user=0.16 sys=0.00, real=0.03 secs] 
2016-09-15T12:37:28.491-0400: 275.745: [GC (GCLocker Initiated GC) [PSYoungGen: 126947K->85954K(175104K)] 292293K->288073K(699392K), 0.0094398 secs] [Times: user=0.13 sys=0.01, real=0.01 secs] 
2016-09-15T12:37:28.639-0400: 275.892: [GC (Allocation Failure) [PSYoungGen: 174018K->55351K(175104K)] 382562K->300636K(699392K), 0.0079856 secs] [Times: user=0.10 sys=0.00, real=0.00 secs] 
2016-09-15T12:37:28.759-0400: 276.013: [GC (GCLocker Initiated GC) [PSYoungGen: 143415K->36994K(175104K)] 388812K->318977K(699392K), 0.0078838 secs] [Times: user=0.09 sys=0.02, real=0.00 secs] 
2016-09-15T12:37:28.884-0400: 276.137: [GC (GCLocker Initiated GC) [PSYoungGen: 125058K->74359K(175104K)] 413360K->381055K(699392K), 0.0086916 secs] [Times: user=0.13 sys=0.00, real=0.01 secs] 
2016-09-15T12:37:29.022-0400: 276.276: [GC (GCLocker Initiated GC) [PSYoungGen: 162423K->67305K(175104K)] 475432K->399118K(699392K), 0.0183472 secs] [Times: user=0.12 sys=0.00, real=0.02 secs] 
2016-09-15T12:37:29.167-0400: 276.421: [GC (Allocation Failure) [PSYoungGen: 155369K->55874K(175104K)] 487509K->388158K(699392K), 0.0083148 secs] [Times: user=0.11 sys=0.00, real=0.02 secs] 
2016-09-15T12:37:29.289-0400: 276.542: [GC (GCLocker Initiated GC) [PSYoungGen: 143938K->86018K(175104K)] 476228K->443087K(699392K), 0.0101984 secs] [Times: user=0.15 sys=0.00, real=0.01 secs] 
2016-09-15T12:37:29.426-0400: 276.679: [GC (GCLocker Initiated GC) [PSYoungGen: 174082K->86018K(175104K)] 537312K->479767K(699392K), 0.0108598 secs] [Times: user=0.15 sys=0.01, real=0.02 secs] 
2016-09-15T12:37:29.563-0400: 276.816: [GC (GCLocker Initiated GC) [PSYoungGen: 174082K->55383K(175104K)] 573982K->516357K(699392K), 0.0110712 secs] [Times: user=0.15 sys=0.00, real=0.01 secs] 
2016-09-15T12:37:29.574-0400: 276.828: [Full GC (Ergonomics) [PSYoungGen: 55383K->0K(175104K)] [ParOldGen: 460974K->49228K(524288K)] 516357K->49228K(699392K), [Metaspace: 44645K->44645K(1087488K)], 0.0703300 secs] [Times: user=0.54 sys=0.00, real=0.07 secs] 
2016-09-15T12:37:29.783-0400: 277.036: [GC (GCLocker Initiated GC) [PSYoungGen: 88064K->74124K(175104K)] 149682K->135742K(699392K), 0.0098058 secs] [Times: user=0.13 sys=0.00, real=0.01 secs] 
2016-09-15T12:37:29.936-0400: 277.190: [GC (GCLocker Initiated GC) [PSYoungGen: 162188K->55447K(175104K)] 223854K->154258K(699392K), 0.0087362 secs] [Times: user=0.11 sys=0.00, real=0.00 secs] 
2016-09-15T12:37:30.043-0400: 277.297: [GC (Allocation Failure) [PSYoungGen: 143511K->85566K(175104K)] 242370K->196678K(699392K), 0.0316428 secs] [Times: user=0.33 sys=0.00, real=0.03 secs] 
2016-09-15T12:37:30.184-0400: 277.437: [GC (GCLocker Initiated GC) [PSYoungGen: 169271K->37162K(175104K)] 286459K->197126K(699392K), 0.0338789 secs] [Times: user=0.41 sys=0.00, real=0.04 secs] 
2016-09-15T12:37:30.319-0400: 277.572: [GC (GCLocker Initiated GC) [PSYoungGen: 125226K->73640K(175104K)] 285355K->282669K(699392K), 0.0110651 secs] [Times: user=0.13 sys=0.00, real=0.01 secs] 
2016-09-15T12:37:30.442-0400: 277.695: [GC (GCLocker Initiated GC) [PSYoungGen: 161704K->79847K(175104K)] 370909K->307584K(699392K), 0.0108336 secs] [Times: user=0.12 sys=0.00, real=0.01 secs] 
2016-09-15T12:37:30.600-0400: 277.853: [GC (GCLocker Initiated GC) [PSYoungGen: 167911K->37062K(175104K)] 407889K->295712K(699392K), 0.0120799 secs] [Times: user=0.14 sys=0.00, real=0.01 secs] 
2016-09-15T12:37:30.753-0400: 278.006: [GC (GCLocker Initiated GC) [PSYoungGen: 125126K->49244K(175104K)] 389910K->314132K(699392K), 0.0093409 secs] [Times: user=0.09 sys=0.00, real=0.01 secs] 
2016-09-15T12:37:30.883-0400: 278.136: [GC (GCLocker Initiated GC) [PSYoungGen: 137308K->61458K(175104K)] 408296K->387225K(699392K), 0.0131325 secs] [Times: user=0.17 sys=0.00, real=0.02 secs] 
2016-09-15T12:37:31.021-0400: 278.274: [GC (GCLocker Initiated GC) [PSYoungGen: 149522K->67629K(175104K)] 481446K->454567K(699392K), 0.0096086 secs] [Times: user=0.15 sys=0.00, real=0.01 secs] 
2016-09-15T12:37:31.173-0400: 278.426: [GC (GCLocker Initiated GC) [PSYoungGen: 155693K->37290K(175104K)] 555131K->437003K(699392K), 0.0087514 secs] [Times: user=0.11 sys=0.00, real=0.01 secs] 
2016-09-15T12:37:31.307-0400: 278.560: [GC (GCLocker Initiated GC) [PSYoungGen: 125354K->85954K(175104K)] 531252K->516483K(699392K), 0.0136367 secs] [Times: user=0.18 sys=0.00, real=0.02 secs] 
2016-09-15T12:37:31.448-0400: 278.702: [GC (GCLocker Initiated GC) [PSYoungGen: 174018K->73708K(175104K)] 610776K->553103K(699392K), 0.0190683 secs] [Times: user=0.21 sys=0.00, real=0.01 secs] 
2016-09-15T12:37:31.467-0400: 278.721: [Full GC (Ergonomics) [PSYoungGen: 73708K->0K(175104K)] [ParOldGen: 479395K->55936K(524288K)] 553103K->55936K(699392K), [Metaspace: 44645K->44645K(1087488K)], 0.0658696 secs] [Times: user=0.42 sys=0.01, real=0.07 secs] 
2016-09-15T12:37:31.647-0400: 278.901: [GC (GCLocker Initiated GC) [PSYoungGen: 88064K->86046K(175104K)] 150117K->160249K(699392K), 0.0144612 secs] [Times: user=0.16 sys=0.00, real=0.02 secs] 
2016-09-15T12:37:31.773-0400: 279.026: [GC (GCLocker Initiated GC) [PSYoungGen: 174110K->49600K(175104K)] 254603K->227865K(699392K), 0.0118290 secs] [Times: user=0.16 sys=0.00, real=0.01 secs] 
2016-09-15T12:37:31.904-0400: 279.157: [GC (GCLocker Initiated GC) [PSYoungGen: 137664K->61654K(175104K)] 316102K->276873K(699392K), 0.0130877 secs] [Times: user=0.17 sys=0.00, real=0.02 secs] 
2016-09-15T12:37:32.053-0400: 279.307: [GC (GCLocker Initiated GC) [PSYoungGen: 149718K->85822K(175104K)] 371071K->343933K(699392K), 0.0122447 secs] [Times: user=0.15 sys=0.01, real=0.01 secs] 
2016-09-15T12:37:32.209-0400: 279.462: [GC (GCLocker Initiated GC) [PSYoungGen: 173886K->37386K(175104K)] 444289K->362787K(699392K), 0.0135676 secs] [Times: user=0.16 sys=0.01, real=0.01 secs] 
2016-09-15T12:37:32.356-0400: 279.610: [GC (GCLocker Initiated GC) [PSYoungGen: 125450K->55515K(175104K)] 456938K->387459K(699392K), 0.0086112 secs] [Times: user=0.11 sys=0.01, real=0.00 secs] 
2016-09-15T12:37:32.507-0400: 279.760: [GC (GCLocker Initiated GC) [PSYoungGen: 143579K->61786K(175104K)] 487765K->424512K(699392K), 0.0083199 secs] [Times: user=0.09 sys=0.00, real=0.01 secs] 
2016-09-15T12:37:32.651-0400: 279.904: [GC (GCLocker Initiated GC) [PSYoungGen: 149850K->31019K(175104K)] 519302K->437040K(699392K), 0.0101688 secs] [Times: user=0.09 sys=0.01, real=0.01 secs] 
2016-09-15T12:37:32.790-0400: 280.043: [GC (Allocation Failure) [PSYoungGen: 119083K->55191K(175104K)] 525638K->462014K(699392K), 0.0190014 secs] [Times: user=0.23 sys=0.00, real=0.02 secs] 
2016-09-15T12:37:32.931-0400: 280.185: [GC (GCLocker Initiated GC) [PSYoungGen: 143253K->73512K(175104K)] 550082K->504932K(699392K), 0.0122904 secs] [Times: user=0.12 sys=0.00, real=0.01 secs] 
2016-09-15T12:37:33.065-0400: 280.318: [GC (GCLocker Initiated GC) [PSYoungGen: 161576K->85954K(175104K)] 593009K->517679K(699392K), 0.0095546 secs] [Times: user=0.13 sys=0.00, real=0.01 secs] 
2016-09-15T12:37:33.177-0400: 280.431: [GC (GCLocker Initiated GC) [PSYoungGen: 174018K->73544K(175104K)] 605868K->554294K(699392K), 0.0117029 secs] [Times: user=0.15 sys=0.00, real=0.01 secs] 
2016-09-15T12:37:33.189-0400: 280.442: [Full GC (Ergonomics) [PSYoungGen: 73544K->0K(175104K)] [ParOldGen: 480750K->50045K(524288K)] 554294K->50045K(699392K), [Metaspace: 44645K->44645K(1087488K)], 0.0727161 secs] [Times: user=0.62 sys=0.01, real=0.07 secs] 
2016-09-15T12:37:33.359-0400: 280.613: [GC (GCLocker Initiated GC) [PSYoungGen: 88064K->86434K(175104K)] 138332K->185302K(699392K), 0.0137837 secs] [Times: user=0.18 sys=0.00, real=0.01 secs] 
2016-09-15T12:37:33.474-0400: 280.727: [GC (GCLocker Initiated GC) [PSYoungGen: 174498K->73868K(175104K)] 279691K->247050K(699392K), 0.0105559 secs] [Times: user=0.13 sys=0.02, real=0.01 secs] 
2016-09-15T12:37:33.611-0400: 280.864: [GC (GCLocker Initiated GC) [PSYoungGen: 161932K->67761K(175104K)] 341236K->301876K(699392K), 0.0116867 secs] [Times: user=0.16 sys=0.01, real=0.01 secs] 
2016-09-15T12:37:33.733-0400: 280.987: [GC (GCLocker Initiated GC) [PSYoungGen: 155825K->85822K(175104K)] 390043K->387525K(699392K), 0.0128124 secs] [Times: user=0.18 sys=0.00, real=0.01 secs] 
2016-09-15T12:37:33.877-0400: 281.130: [GC (GCLocker Initiated GC) [PSYoungGen: 173884K->61490K(175104K)] 475949K->448927K(699392K), 0.0140629 secs] [Times: user=0.19 sys=0.00, real=0.01 secs] 
2016-09-15T12:37:34.012-0400: 281.265: [GC (GCLocker Initiated GC) [PSYoungGen: 149554K->85886K(175104K)] 537218K->504233K(699392K), 0.0105150 secs] [Times: user=0.15 sys=0.00, real=0.01 secs] 
2016-09-15T12:37:34.022-0400: 281.276: [Full GC (Ergonomics) [PSYoungGen: 85886K->0K(175104K)] [ParOldGen: 418346K->59886K(524288K)] 504233K->59886K(699392K), [Metaspace: 44645K->44645K(1087488K)], 0.0595077 secs] [Times: user=0.54 sys=0.00, real=0.06 secs] 
2016-09-15T12:37:34.220-0400: 281.473: [GC (GCLocker Initiated GC) [PSYoungGen: 88064K->86178K(175104K)] 148144K->146258K(699392K), 0.0097782 secs] [Times: user=0.13 sys=0.00, real=0.01 secs] 
2016-09-15T12:37:34.351-0400: 281.604: [GC (GCLocker Initiated GC) [PSYoungGen: 174242K->79715K(175104K)] 240657K->201533K(699392K), 0.0167353 secs] [Times: user=0.19 sys=0.00, real=0.01 secs] 
2016-09-15T12:37:34.494-0400: 281.747: [GC (GCLocker Initiated GC) [PSYoungGen: 167779K->73968K(175104K)] 295899K->238689K(699392K), 0.0102050 secs] [Times: user=0.13 sys=0.01, real=0.01 secs] 
2016-09-15T12:37:34.606-0400: 281.859: [GC (GCLocker Initiated GC) [PSYoungGen: 162032K->49308K(175104K)] 338986K->269062K(699392K), 0.0109158 secs] [Times: user=0.10 sys=0.00, real=0.02 secs] 
2016-09-15T12:37:34.753-0400: 282.006: [GC (GCLocker Initiated GC) [PSYoungGen: 137372K->67533K(175104K)] 357241K->311845K(699392K), 0.0131554 secs] [Times: user=0.11 sys=0.00, real=0.01 secs] 
2016-09-15T12:37:34.896-0400: 282.149: [GC (GCLocker Initiated GC) [PSYoungGen: 155597K->67501K(175104K)] 406015K->373049K(699392K), 0.0114672 secs] [Times: user=0.13 sys=0.00, real=0.00 secs] 
2016-09-15T12:37:35.037-0400: 282.290: [GC (GCLocker Initiated GC) [PSYoungGen: 155565K->79911K(175104K)] 467213K->440623K(699392K), 0.0123582 secs] [Times: user=0.16 sys=0.01, real=0.01 secs] 
2016-09-15T12:37:35.167-0400: 282.421: [GC (GCLocker Initiated GC) [PSYoungGen: 167975K->67597K(175104K)] 528735K->471173K(699392K), 0.0147687 secs] [Times: user=0.16 sys=0.01, real=0.02 secs] 
2016-09-15T12:37:35.306-0400: 282.559: [GC (GCLocker Initiated GC) [PSYoungGen: 155661K->55483K(175104K)] 565342K->526230K(699392K), 0.0099951 secs] [Times: user=0.14 sys=0.00, real=0.02 secs] 
2016-09-15T12:37:35.316-0400: 282.570: [Full GC (Ergonomics) [PSYoungGen: 55483K->0K(175104K)] [ParOldGen: 470747K->47750K(524288K)] 526230K->47750K(699392K), [Metaspace: 44645K->44645K(1087488K)], 0.0703412 secs] [Times: user=0.58 sys=0.02, real=0.06 secs] 
2016-09-15T12:37:35.515-0400: 282.768: [GC (Allocation Failure) [PSYoungGen: 88064K->85822K(175104K)] 142239K->146072K(699392K), 0.0077567 secs] [Times: user=0.11 sys=0.00, real=0.01 secs] 
2016-09-15T12:37:35.659-0400: 282.913: [GC (GCLocker Initiated GC) [PSYoungGen: 173886K->61622K(175104K)] 234143K->176821K(699392K), 0.0184065 secs] [Times: user=0.19 sys=0.00, real=0.02 secs] 
2016-09-15T12:37:35.796-0400: 283.049: [GC (GCLocker Initiated GC) [PSYoungGen: 149686K->55155K(175104K)] 265107K->207317K(699392K), 0.0084921 secs] [Times: user=0.11 sys=0.00, real=0.00 secs] 
2016-09-15T12:37:35.899-0400: 283.153: [GC (GCLocker Initiated GC) [PSYoungGen: 143219K->55611K(175104K)] 301549K->287001K(699392K), 0.0098109 secs] [Times: user=0.14 sys=0.01, real=0.01 secs] 
2016-09-15T12:37:36.022-0400: 283.275: [GC (GCLocker Initiated GC) [PSYoungGen: 143675K->85986K(175104K)] 375341K->342580K(699392K), 0.0092888 secs] [Times: user=0.13 sys=0.00, real=0.01 secs] 
2016-09-15T12:37:36.168-0400: 283.421: [GC (Allocation Failure) [PSYoungGen: 174050K->61458K(175104K)] 430719K->355048K(699392K), 0.0083666 secs] [Times: user=0.11 sys=0.00, real=0.01 secs] 
2016-09-15T12:37:36.283-0400: 283.537: [GC (GCLocker Initiated GC) [PSYoungGen: 149444K->73476K(175104K)] 449110K->397781K(699392K), 0.0232611 secs] [Times: user=0.32 sys=0.00, real=0.02 secs] 
2016-09-15T12:37:36.406-0400: 283.660: [GC (GCLocker Initiated GC) [PSYoungGen: 161540K->85854K(175104K)] 486032K->416581K(699392K), 0.0095473 secs] [Times: user=0.12 sys=0.01, real=0.02 secs] 
2016-09-15T12:37:36.509-0400: 283.763: [GC (GCLocker Initiated GC) [PSYoungGen: 173918K->67697K(175104K)] 504995K->417314K(699392K), 0.0125568 secs] [Times: user=0.14 sys=0.00, real=0.01 secs] 
2016-09-15T12:37:36.661-0400: 283.914: [GC (Allocation Failure) [PSYoungGen: 155761K->37030K(175104K)] 512082K->430225K(699392K), 0.0154601 secs] [Times: user=0.20 sys=0.00, real=0.02 secs] 
2016-09-15T12:37:36.794-0400: 284.048: [GC (GCLocker Initiated GC) [PSYoungGen: 125094K->55515K(175104K)] 518295K->449007K(699392K), 0.0154590 secs] [Times: user=0.21 sys=0.00, real=0.02 secs] 
2016-09-15T12:37:36.928-0400: 284.181: [GC (Allocation Failure) [PSYoungGen: 143579K->85598K(175104K)] 537175K->491635K(699392K), 0.0152042 secs] [Times: user=0.16 sys=0.00, real=0.02 secs] 
2016-09-15T12:37:37.051-0400: 284.304: [GC (GCLocker Initiated GC) [PSYoungGen: 173662K->85694K(175104K)] 579701K->534526K(699392K), 0.0129828 secs] [Times: user=0.13 sys=0.01, real=0.01 secs] 
2016-09-15T12:37:37.064-0400: 284.317: [Full GC (Ergonomics) [PSYoungGen: 85694K->0K(175104K)] [ParOldGen: 448831K->53905K(524288K)] 534526K->53905K(699392K), [Metaspace: 44645K->44645K(1087488K)], 0.0570935 secs] [Times: user=0.33 sys=0.01, real=0.06 secs] 
2016-09-15T12:37:37.245-0400: 284.498: [GC (GCLocker Initiated GC) [PSYoungGen: 88064K->86078K(175104K)] 142005K->158244K(699392K), 0.0096871 secs] [Times: user=0.10 sys=0.00, real=0.01 secs] 
2016-09-15T12:37:37.356-0400: 284.610: [GC (GCLocker Initiated GC) [PSYoungGen: 174142K->67597K(175104K)] 246338K->237541K(699392K), 0.0232667 secs] [Times: user=0.28 sys=0.00, real=0.02 secs] 
2016-09-15T12:37:37.497-0400: 284.750: [GC (Allocation Failure) [PSYoungGen: 155661K->55547K(175104K)] 331951K->292707K(699392K), 0.0176716 secs] [Times: user=0.17 sys=0.01, real=0.01 secs] 
2016-09-15T12:37:37.625-0400: 284.879: [GC (Allocation Failure) [PSYoungGen: 143611K->79847K(175104K)] 380771K->317274K(699392K), 0.0098660 secs] [Times: user=0.11 sys=0.00, real=0.01 secs] 
2016-09-15T12:37:37.749-0400: 285.002: [GC (GCLocker Initiated GC) [PSYoungGen: 167911K->49112K(175104K)] 405344K->323326K(699392K), 0.0164426 secs] [Times: user=0.19 sys=0.00, real=0.01 secs] 
2016-09-15T12:37:37.865-0400: 285.119: [GC (GCLocker Initiated GC) [PSYoungGen: 137176K->86018K(175104K)] 417486K->402937K(699392K), 0.0104218 secs] [Times: user=0.13 sys=0.01, real=0.02 secs] 
2016-09-15T12:37:37.986-0400: 285.239: [GC (GCLocker Initiated GC) [PSYoungGen: 174082K->73672K(175104K)] 491362K->434129K(699392K), 0.0085538 secs] [Times: user=0.12 sys=0.00, real=0.01 secs] 
2016-09-15T12:37:38.106-0400: 285.360: [GC (GCLocker Initiated GC) [PSYoungGen: 161736K->55547K(175104K)] 528529K->440700K(699392K), 0.0087433 secs] [Times: user=0.11 sys=0.01, real=0.01 secs] 
2016-09-15T12:37:38.227-0400: 285.480: [GC (GCLocker Initiated GC) [PSYoungGen: 143611K->85694K(175104K)] 528818K->495328K(699392K), 0.0115185 secs] [Times: user=0.13 sys=0.00, real=0.02 secs] 
2016-09-15T12:37:38.339-0400: 285.592: [GC (GCLocker Initiated GC) [PSYoungGen: 173758K->73640K(175104K)] 583635K->526186K(699392K), 0.0101469 secs] [Times: user=0.11 sys=0.00, real=0.01 secs] 
2016-09-15T12:37:38.349-0400: 285.602: [Full GC (Ergonomics) [PSYoungGen: 73640K->0K(175104K)] [ParOldGen: 452546K->60008K(524288K)] 526186K->60008K(699392K), [Metaspace: 44645K->44645K(1087488K)], 0.0611893 secs] [Times: user=0.41 sys=0.02, real=0.06 secs] 
2016-09-15T12:37:38.516-0400: 285.769: [GC (GCLocker Initiated GC) [PSYoungGen: 88064K->86438K(175104K)] 148197K->152647K(699392K), 0.0108695 secs] [Times: user=0.16 sys=0.00, real=0.00 secs] 
2016-09-15T12:37:38.654-0400: 285.907: [GC (GCLocker Initiated GC) [PSYoungGen: 174502K->85562K(175104K)] 240853K->183172K(699392K), 0.0103954 secs] [Times: user=0.13 sys=0.01, real=0.01 secs] 
2016-09-15T12:37:38.806-0400: 286.059: [GC (GCLocker Initiated GC) [PSYoungGen: 173626K->73380K(175104K)] 277353K->189384K(699392K), 0.0148697 secs] [Times: user=0.18 sys=0.01, real=0.02 secs] 
2016-09-15T12:37:38.915-0400: 286.168: [GC (GCLocker Initiated GC) [PSYoungGen: 161444K->74196K(175104K)] 277753K->263557K(699392K), 0.0102315 secs] [Times: user=0.15 sys=0.01, real=0.01 secs] 
2016-09-15T12:37:39.039-0400: 286.293: [GC (GCLocker Initiated GC) [PSYoungGen: 162260K->85854K(175104K)] 351674K->318132K(699392K), 0.0100862 secs] [Times: user=0.13 sys=0.00, real=0.01 secs] 
2016-09-15T12:37:39.189-0400: 286.443: [GC (GCLocker Initiated GC) [PSYoungGen: 173918K->37094K(175104K)] 412336K->342645K(699392K), 0.0111539 secs] [Times: user=0.12 sys=0.00, real=0.01 secs] 
2016-09-15T12:37:39.335-0400: 286.589: [GC (Allocation Failure) [PSYoungGen: 125158K->31022K(175104K)] 443152K->379659K(699392K), 0.0081154 secs] [Times: user=0.08 sys=0.00, real=0.01 secs] 
2016-09-15T12:37:39.460-0400: 286.714: [GC (GCLocker Initiated GC) [PSYoungGen: 119086K->85790K(175104K)] 467729K->440791K(699392K), 0.0199403 secs] [Times: user=0.26 sys=0.01, real=0.02 secs] 
2016-09-15T12:37:39.608-0400: 286.861: [GC (GCLocker Initiated GC) [PSYoungGen: 173854K->55547K(175104K)] 535089K->453367K(699392K), 0.0098485 secs] [Times: user=0.12 sys=0.00, real=0.02 secs] 
2016-09-15T12:37:39.721-0400: 286.974: [GC (GCLocker Initiated GC) [PSYoungGen: 143611K->79847K(175104K)] 541793K->478297K(699392K), 0.0102925 secs] [Times: user=0.11 sys=0.00, real=0.01 secs] 
2016-09-15T12:37:39.831-0400: 287.084: [GC (GCLocker Initiated GC) [PSYoungGen: 167911K->73476K(175104K)] 566470K->532936K(699392K), 0.0115124 secs] [Times: user=0.20 sys=0.00, real=0.01 secs] 
2016-09-15T12:37:39.843-0400: 287.097: [Full GC (Ergonomics) [PSYoungGen: 73476K->0K(175104K)] [ParOldGen: 459460K->53792K(524288K)] 532936K->53792K(699392K), [Metaspace: 44645K->44645K(1087488K)], 0.0578891 secs] [Times: user=0.42 sys=0.02, real=0.06 secs] 
2016-09-15T12:37:40.003-0400: 287.256: [GC (GCLocker Initiated GC) [PSYoungGen: 88064K->86762K(175104K)] 148107K->171105K(699392K), 0.0162224 secs] [Times: user=0.21 sys=0.00, real=0.02 secs] 
2016-09-15T12:37:40.130-0400: 287.383: [GC (GCLocker Initiated GC) [PSYoungGen: 174826K->67601K(175104K)] 259479K->189680K(699392K), 0.0140529 secs] [Times: user=0.14 sys=0.00, real=0.01 secs] 
2016-09-15T12:37:40.267-0400: 287.520: [GC (GCLocker Initiated GC) [PSYoungGen: 155665K->55319K(175104K)] 284638K->239235K(699392K), 0.0217311 secs] [Times: user=0.23 sys=0.00, real=0.03 secs] 
2016-09-15T12:37:40.413-0400: 287.666: [GC (GCLocker Initiated GC) [PSYoungGen: 143383K->55319K(175104K)] 339485K->257607K(699392K), 0.0117530 secs] [Times: user=0.09 sys=0.00, real=0.01 secs] 
2016-09-15T12:37:40.532-0400: 287.785: [GC (GCLocker Initiated GC) [PSYoungGen: 143383K->73672K(175104K)] 345970K->318935K(699392K), 0.0109914 secs] [Times: user=0.15 sys=0.00, real=0.01 secs] 
2016-09-15T12:37:40.653-0400: 287.906: [GC (GCLocker Initiated GC) [PSYoungGen: 161736K->86182K(175104K)] 407310K->392830K(699392K), 0.0108724 secs] [Times: user=0.15 sys=0.02, real=0.01 secs] 
2016-09-15T12:37:40.810-0400: 288.063: [GC (Allocation Failure) [PSYoungGen: 174246K->61326K(175104K)] 487128K->405186K(699392K), 0.0133247 secs] [Times: user=0.14 sys=0.01, real=0.01 secs] 
2016-09-15T12:37:40.932-0400: 288.186: [GC (GCLocker Initiated GC) [PSYoungGen: 149390K->79879K(175104K)] 493256K->436015K(699392K), 0.0147946 secs] [Times: user=0.14 sys=0.00, real=0.01 secs] 
2016-09-15T12:37:41.073-0400: 288.326: [GC (GCLocker Initiated GC) [PSYoungGen: 167943K->79747K(175104K)] 524277K->491080K(699392K), 0.0114297 secs] [Times: user=0.14 sys=0.01, real=0.01 secs] 
2016-09-15T12:37:41.211-0400: 288.464: [GC (GCLocker Initiated GC) [PSYoungGen: 167811K->67633K(175104K)] 591543K->521851K(699392K), 0.0106056 secs] [Times: user=0.09 sys=0.01, real=0.01 secs] 
2016-09-15T12:37:41.221-0400: 288.475: [Full GC (Ergonomics) [PSYoungGen: 67633K->0K(175104K)] [ParOldGen: 454218K->53953K(524288K)] 521851K->53953K(699392K), [Metaspace: 44648K->44648K(1087488K)], 0.0591872 secs] [Times: user=0.44 sys=0.01, real=0.06 secs] 
2016-09-15T12:37:41.402-0400: 288.656: [GC (GCLocker Initiated GC) [PSYoungGen: 88064K->86110K(175104K)] 142216K->164562K(699392K), 0.0107027 secs] [Times: user=0.16 sys=0.00, real=0.01 secs] 
2016-09-15T12:37:41.514-0400: 288.768: [GC (GCLocker Initiated GC) [PSYoungGen: 174174K->85822K(175104K)] 252987K->213815K(699392K), 0.0124985 secs] [Times: user=0.19 sys=0.00, real=0.01 secs] 
2016-09-15T12:37:41.646-0400: 288.899: [GC (GCLocker Initiated GC) [PSYoungGen: 173886K->85790K(175104K)] 302055K->262850K(699392K), 0.0108767 secs] [Times: user=0.15 sys=0.00, real=0.02 secs] 
2016-09-15T12:37:41.762-0400: 289.016: [GC (GCLocker Initiated GC) [PSYoungGen: 173854K->55351K(175104K)] 351567K->293949K(699392K), 0.0096670 secs] [Times: user=0.11 sys=0.00, real=0.01 secs] 
2016-09-15T12:37:41.891-0400: 289.144: [GC (GCLocker Initiated GC) [PSYoungGen: 143415K->85790K(175104K)] 382128K->343028K(699392K), 0.0107458 secs] [Times: user=0.14 sys=0.01, real=0.01 secs] 
2016-09-15T12:37:42.044-0400: 289.298: [GC (GCLocker Initiated GC) [PSYoungGen: 173854K->30727K(175104K)] 437248K->324583K(699392K), 0.0162312 secs] [Times: user=0.15 sys=0.01, real=0.02 secs] 
2016-09-15T12:37:42.173-0400: 289.427: [GC (GCLocker Initiated GC) [PSYoungGen: 118791K->55155K(175104K)] 412830K->349345K(699392K), 0.0092423 secs] [Times: user=0.13 sys=0.00, real=0.01 secs] 
2016-09-15T12:37:42.292-0400: 289.546: [GC (Allocation Failure) [PSYoungGen: 143219K->85922K(175104K)] 443565K->404653K(699392K), 0.0084385 secs] [Times: user=0.12 sys=0.01, real=0.01 secs] 
2016-09-15T12:37:42.437-0400: 289.690: [GC (GCLocker Initiated GC) [PSYoungGen: 170356K->37453K(175104K)] 495163K->429548K(699392K), 0.0094461 secs] [Times: user=0.13 sys=0.00, real=0.00 secs] 
2016-09-15T12:37:42.552-0400: 289.805: [GC (GCLocker Initiated GC) [PSYoungGen: 125517K->55123K(175104K)] 523886K->453586K(699392K), 0.0083793 secs] [Times: user=0.06 sys=0.00, real=0.01 secs] 
2016-09-15T12:37:42.684-0400: 289.938: [GC (GCLocker Initiated GC) [PSYoungGen: 143187K->73740K(175104K)] 547896K->484659K(699392K), 0.0222860 secs] [Times: user=0.28 sys=0.00, real=0.02 secs] 
2016-09-15T12:37:42.825-0400: 290.078: [GC (GCLocker Initiated GC) [PSYoungGen: 161804K->73412K(175104K)] 573307K->485346K(699392K), 0.0106429 secs] [Times: user=0.11 sys=0.00, real=0.01 secs] 
2016-09-15T12:37:42.957-0400: 290.210: [GC (GCLocker Initiated GC) [PSYoungGen: 161476K->85726K(175104K)] 573587K->528355K(699392K), 0.0101174 secs] [Times: user=0.14 sys=0.00, real=0.00 secs] 
2016-09-15T12:37:42.967-0400: 290.220: [Full GC (Ergonomics) [PSYoungGen: 85726K->0K(175104K)] [ParOldGen: 442629K->48275K(524288K)] 528355K->48275K(699392K), [Metaspace: 44648K->44648K(1087488K)], 0.0563964 secs] [Times: user=0.38 sys=0.01, real=0.06 secs] 
2016-09-15T12:37:43.133-0400: 290.387: [GC (GCLocker Initiated GC) [PSYoungGen: 88064K->73928K(175104K)] 148575K->134440K(699392K), 0.0114816 secs] [Times: user=0.15 sys=0.00, real=0.01 secs] 
2016-09-15T12:37:43.258-0400: 290.512: [GC (GCLocker Initiated GC) [PSYoungGen: 161992K->86018K(175104K)] 222876K->171749K(699392K), 0.0225737 secs] [Times: user=0.18 sys=0.01, real=0.02 secs] 
2016-09-15T12:37:43.405-0400: 290.658: [GC (GCLocker Initiated GC) [PSYoungGen: 174082K->67597K(175104K)] 266189K->178237K(699392K), 0.0080244 secs] [Times: user=0.10 sys=0.00, real=0.01 secs] 
2016-09-15T12:37:43.529-0400: 290.783: [GC (GCLocker Initiated GC) [PSYoungGen: 155660K->55711K(175104K)] 272685K->221651K(699392K), 0.0102573 secs] [Times: user=0.14 sys=0.00, real=0.01 secs] 
2016-09-15T12:37:43.659-0400: 290.912: [GC (GCLocker Initiated GC) [PSYoungGen: 143775K->73836K(175104K)] 310048K->258806K(699392K), 0.0105386 secs] [Times: user=0.16 sys=0.00, real=0.01 secs] 
2016-09-15T12:37:43.807-0400: 291.061: [GC (GCLocker Initiated GC) [PSYoungGen: 161900K->73512K(175104K)] 353216K->277270K(699392K), 0.0153982 secs] [Times: user=0.18 sys=0.01, real=0.02 secs] 
2016-09-15T12:37:43.936-0400: 291.190: [GC (GCLocker Initiated GC) [PSYoungGen: 161576K->73672K(175104K)] 365706K->296154K(699392K), 0.0167574 secs] [Times: user=0.21 sys=0.00, real=0.01 secs] 
2016-09-15T12:37:44.103-0400: 291.356: [GC (GCLocker Initiated GC) [PSYoungGen: 161736K->49504K(175104K)] 402692K->345271K(699392K), 0.0181535 secs] [Times: user=0.18 sys=0.02, real=0.02 secs] 
2016-09-15T12:37:44.230-0400: 291.483: [GC (GCLocker Initiated GC) [PSYoungGen: 137568K->67569K(175104K)] 433500K->394152K(699392K), 0.0155400 secs] [Times: user=0.15 sys=0.00, real=0.01 secs] 
2016-09-15T12:37:44.331-0400: 291.584: [GC (GCLocker Initiated GC) [PSYoungGen: 155633K->85758K(175104K)] 482376K->443184K(699392K), 0.0101964 secs] [Times: user=0.14 sys=0.00, real=0.01 secs] 
2016-09-15T12:37:44.482-0400: 291.735: [GC (GCLocker Initiated GC) [PSYoungGen: 173822K->73772K(175104K)] 537538K->480305K(699392K), 0.0121088 secs] [Times: user=0.13 sys=0.00, real=0.01 secs] 
2016-09-15T12:37:44.654-0400: 291.907: [GC (GCLocker Initiated GC) [PSYoungGen: 161836K->73640K(175104K)] 568679K->498999K(699392K), 0.0087160 secs] [Times: user=0.11 sys=0.00, real=0.01 secs] 
2016-09-15T12:37:44.768-0400: 292.021: [GC (GCLocker Initiated GC) [PSYoungGen: 161704K->73576K(175104K)] 587128K->517360K(699392K), 0.0092661 secs] [Times: user=0.12 sys=0.00, real=0.01 secs] 
2016-09-15T12:37:44.884-0400: 292.138: [GC (Allocation Failure) [PSYoungGen: 161640K->73836K(175104K)] 605611K->572642K(699392K), 0.0093860 secs] [Times: user=0.13 sys=0.00, real=0.01 secs] 
2016-09-15T12:37:44.894-0400: 292.147: [Full GC (Ergonomics) [PSYoungGen: 73836K->0K(175104K)] [ParOldGen: 498806K->60695K(524288K)] 572642K->60695K(699392K), [Metaspace: 44649K->44649K(1087488K)], 0.0590425 secs] [Times: user=0.46 sys=0.01, real=0.06 secs] 
2016-09-15T12:37:45.052-0400: 292.305: [GC (GCLocker Initiated GC) [PSYoungGen: 84841K->73872K(175104K)] 151611K->140642K(699392K), 0.0095987 secs] [Times: user=0.10 sys=0.00, real=0.01 secs] 
2016-09-15T12:37:45.189-0400: 292.443: [GC (Allocation Failure) [PSYoungGen: 161936K->55383K(175104K)] 234912K->183825K(699392K), 0.0147567 secs] [Times: user=0.17 sys=0.01, real=0.01 secs] 
2016-09-15T12:37:45.303-0400: 292.556: [GC (GCLocker Initiated GC) [PSYoungGen: 143447K->55579K(175104K)] 271895K->202356K(699392K), 0.0083226 secs] [Times: user=0.08 sys=0.00, real=0.01 secs] 
2016-09-15T12:37:45.436-0400: 292.689: [GC (GCLocker Initiated GC) [PSYoungGen: 143643K->55451K(175104K)] 302718K->226959K(699392K), 0.0083083 secs] [Times: user=0.08 sys=0.00, real=0.00 secs] 
2016-09-15T12:37:45.545-0400: 292.798: [GC (GCLocker Initiated GC) [PSYoungGen: 143515K->73704K(175104K)] 315082K->288136K(699392K), 0.0100421 secs] [Times: user=0.12 sys=0.00, real=0.01 secs] 
2016-09-15T12:37:45.677-0400: 292.930: [GC (Allocation Failure) [PSYoungGen: 161768K->49216K(175104K)] 376505K->288504K(699392K), 0.0118263 secs] [Times: user=0.08 sys=0.01, real=0.01 secs] 
2016-09-15T12:37:45.689-0400: 292.943: [GC (GCLocker Initiated GC) [PSYoungGen: 49232K->160K(175104K)] 288520K->312865K(699392K), 0.0078790 secs] [Times: user=0.07 sys=0.00, real=0.01 secs] 
2016-09-15T12:37:45.812-0400: 293.065: [GC (GCLocker Initiated GC) [PSYoungGen: 88224K->85790K(175104K)] 400929K->441020K(699392K), 0.0120860 secs] [Times: user=0.16 sys=0.00, real=0.01 secs] 
2016-09-15T12:37:45.963-0400: 293.216: [GC (GCLocker Initiated GC) [PSYoungGen: 173854K->61622K(175104K)] 529121K->471895K(699392K), 0.0157148 secs] [Times: user=0.15 sys=0.02, real=0.02 secs] 
2016-09-15T12:37:46.084-0400: 293.337: [GC (GCLocker Initiated GC) [PSYoungGen: 149686K->79551K(175104K)] 566250K->532872K(699392K), 0.0110751 secs] [Times: user=0.14 sys=0.02, real=0.01 secs] 
2016-09-15T12:37:46.095-0400: 293.348: [Full GC (Ergonomics) [PSYoungGen: 79551K->0K(175104K)] [ParOldGen: 453321K->54235K(524288K)] 532872K->54235K(699392K), [Metaspace: 44652K->44652K(1087488K)], 0.0572387 secs] [Times: user=0.44 sys=0.00, real=0.06 secs] 
2016-09-15T12:37:46.296-0400: 293.549: [GC (GCLocker Initiated GC) [PSYoungGen: 88064K->86406K(175104K)] 142481K->152973K(699392K), 0.0105265 secs] [Times: user=0.11 sys=0.02, real=0.00 secs] 
2016-09-15T12:37:46.413-0400: 293.667: [GC (GCLocker Initiated GC) [PSYoungGen: 174470K->67533K(175104K)] 247160K->195618K(699392K), 0.0169028 secs] [Times: user=0.16 sys=0.00, real=0.02 secs] 
2016-09-15T12:37:46.544-0400: 293.797: [GC (GCLocker Initiated GC) [PSYoungGen: 155597K->73868K(175104K)] 289855K->256886K(699392K), 0.0137458 secs] [Times: user=0.17 sys=0.00, real=0.02 secs] 
2016-09-15T12:37:46.693-0400: 293.946: [GC (GCLocker Initiated GC) [PSYoungGen: 161932K->73508K(175104K)] 345234K->311800K(699392K), 0.0118107 secs] [Times: user=0.12 sys=0.00, real=0.01 secs] 
2016-09-15T12:37:46.808-0400: 294.062: [GC (Allocation Failure) [PSYoungGen: 161572K->86509K(175104K)] 400170K->331350K(699392K), 0.0098069 secs] [Times: user=0.13 sys=0.00, real=0.01 secs] 
2016-09-15T12:37:46.934-0400: 294.188: [GC (GCLocker Initiated GC) [PSYoungGen: 174573K->85758K(175104K)] 419419K->367837K(699392K), 0.0120853 secs] [Times: user=0.17 sys=0.01, real=0.01 secs] 
2016-09-15T12:37:47.072-0400: 294.326: [GC (GCLocker Initiated GC) [PSYoungGen: 173822K->73772K(175104K)] 455966K->410718K(699392K), 0.0108186 secs] [Times: user=0.15 sys=0.01, real=0.01 secs] 
2016-09-15T12:37:47.189-0400: 294.442: [GC (GCLocker Initiated GC) [PSYoungGen: 161836K->24915K(175104K)] 505067K->398789K(699392K), 0.0116916 secs] [Times: user=0.10 sys=0.00, real=0.01 secs] 
2016-09-15T12:37:47.308-0400: 294.561: [GC (GCLocker Initiated GC) [PSYoungGen: 112979K->43005K(175104K)] 486906K->460084K(699392K), 0.0191189 secs] [Times: user=0.20 sys=0.00, real=0.01 secs] 
2016-09-15T12:37:47.450-0400: 294.703: [GC (GCLocker Initiated GC) [PSYoungGen: 131069K->85822K(175104K)] 560340K->545611K(699392K), 0.0180720 secs] [Times: user=0.21 sys=0.01, real=0.02 secs] 
2016-09-15T12:37:47.468-0400: 294.721: [Full GC (Ergonomics) [PSYoungGen: 85822K->0K(175104K)] [ParOldGen: 459789K->60406K(524288K)] 545611K->60406K(699392K), [Metaspace: 44653K->44653K(1087488K)], 0.0597799 secs] [Times: user=0.40 sys=0.01, real=0.06 secs] 
2016-09-15T12:37:47.637-0400: 294.890: [GC (GCLocker Initiated GC) [PSYoungGen: 88064K->86694K(175104K)] 148630K->171560K(699392K), 0.0101760 secs] [Times: user=0.15 sys=0.00, real=0.00 secs] 
2016-09-15T12:37:47.746-0400: 294.999: [GC (GCLocker Initiated GC) [PSYoungGen: 174758K->73804K(175104K)] 259991K->178589K(699392K), 0.0104203 secs] [Times: user=0.14 sys=0.01, real=0.02 secs] 
2016-09-15T12:37:47.875-0400: 295.129: [GC (GCLocker Initiated GC) [PSYoungGen: 161868K->55287K(175104K)] 266953K->197082K(699392K), 0.0161579 secs] [Times: user=0.11 sys=0.00, real=0.02 secs] 
2016-09-15T12:37:48.036-0400: 295.290: [GC (GCLocker Initiated GC) [PSYoungGen: 143351K->85986K(175104K)] 291341K->234096K(699392K), 0.0095027 secs] [Times: user=0.10 sys=0.00, real=0.00 secs] 
2016-09-15T12:37:48.192-0400: 295.445: [GC (GCLocker Initiated GC) [PSYoungGen: 174050K->55219K(175104K)] 322504K->252565K(699392K), 0.0127313 secs] [Times: user=0.14 sys=0.00, real=0.01 secs] 
2016-09-15T12:37:48.309-0400: 295.562: [GC (GCLocker Initiated GC) [PSYoungGen: 143283K->55874K(175104K)] 352898K->283859K(699392K), 0.0082784 secs] [Times: user=0.12 sys=0.00, real=0.01 secs] 
2016-09-15T12:37:48.451-0400: 295.705: [GC (GCLocker Initiated GC) [PSYoungGen: 143938K->73480K(175104K)] 371981K->320179K(699392K), 0.0179122 secs] [Times: user=0.19 sys=0.01, real=0.02 secs] 
2016-09-15T12:37:48.571-0400: 295.825: [GC (GCLocker Initiated GC) [PSYoungGen: 161544K->85790K(175104K)] 408301K->375379K(699392K), 0.0226556 secs] [Times: user=0.28 sys=0.00, real=0.02 secs] 
2016-09-15T12:37:48.694-0400: 295.947: [GC (Allocation Failure) [PSYoungGen: 173854K->67629K(175104K)] 463653K->412426K(699392K), 0.0127325 secs] [Times: user=0.20 sys=0.00, real=0.01 secs] 
2016-09-15T12:37:48.832-0400: 296.086: [GC (GCLocker Initiated GC) [PSYoungGen: 155693K->74132K(175104K)] 500496K->437467K(699392K), 0.0083385 secs] [Times: user=0.11 sys=0.01, real=0.01 secs] 
2016-09-15T12:37:48.967-0400: 296.220: [GC (GCLocker Initiated GC) [PSYoungGen: 162196K->43041K(175104K)] 531856K->431193K(699392K), 0.0164366 secs] [Times: user=0.13 sys=0.01, real=0.02 secs] 
2016-09-15T12:37:49.135-0400: 296.388: [GC (Allocation Failure) [PSYoungGen: 131105K->37226K(175104K)] 531707K->456156K(699392K), 0.0095884 secs] [Times: user=0.08 sys=0.00, real=0.01 secs] 
2016-09-15T12:37:49.145-0400: 296.398: [GC (GCLocker Initiated GC) [PSYoungGen: 37234K->64K(175104K)] 456164K->455954K(699392K), 0.0298701 secs] [Times: user=0.30 sys=0.00, real=0.03 secs] 
2016-09-15T12:37:49.175-0400: 296.428: [Full GC (Ergonomics) [PSYoungGen: 64K->0K(175104K)] [ParOldGen: 455890K->54290K(524288K)] 455954K->54290K(699392K), [Metaspace: 44653K->44653K(1087488K)], 0.0591734 secs] [Times: user=0.38 sys=0.01, real=0.06 secs] 
2016-09-15T12:37:49.342-0400: 296.596: [GC (GCLocker Initiated GC) [PSYoungGen: 88064K->86050K(175104K)] 142360K->146421K(699392K), 0.0097548 secs] [Times: user=0.15 sys=0.00, real=0.01 secs] 
2016-09-15T12:37:49.447-0400: 296.700: [GC (GCLocker Initiated GC) [PSYoungGen: 174113K->79747K(175104K)] 234850K->213880K(699392K), 0.0133823 secs] [Times: user=0.18 sys=0.01, real=0.02 secs] 
2016-09-15T12:37:49.565-0400: 296.819: [GC (GCLocker Initiated GC) [PSYoungGen: 167811K->55775K(175104K)] 301951K->208612K(699392K), 0.0093450 secs] [Times: user=0.14 sys=0.00, real=0.01 secs] 
2016-09-15T12:37:49.693-0400: 296.946: [GC (GCLocker Initiated GC) [PSYoungGen: 143839K->55315K(175104K)] 303007K->214798K(699392K), 0.0072829 secs] [Times: user=0.11 sys=0.00, real=0.01 secs] 
2016-09-15T12:37:49.845-0400: 297.098: [GC (GCLocker Initiated GC) [PSYoungGen: 143379K->37517K(175104K)] 315015K->245763K(699392K), 0.0099723 secs] [Times: user=0.14 sys=0.01, real=0.01 secs] 
2016-09-15T12:37:49.988-0400: 297.242: [GC (GCLocker Initiated GC) [PSYoungGen: 125581K->86086K(175104K)] 333870K->318982K(699392K), 0.0103334 secs] [Times: user=0.17 sys=0.00, real=0.01 secs] 
2016-09-15T12:37:50.166-0400: 297.420: [GC (Allocation Failure) [PSYoungGen: 174150K->85858K(175104K)] 407104K->319104K(699392K), 0.0087308 secs] [Times: user=0.10 sys=0.00, real=0.01 secs] 
2016-09-15T12:37:50.324-0400: 297.577: [GC (GCLocker Initiated GC) [PSYoungGen: 173922K->37162K(175104K)] 407168K->301058K(699392K), 0.0080259 secs] [Times: user=0.07 sys=0.01, real=0.01 secs] 
2016-09-15T12:37:50.475-0400: 297.729: [GC (GCLocker Initiated GC) [PSYoungGen: 125226K->73968K(175104K)] 389299K->338372K(699392K), 0.0075863 secs] [Times: user=0.12 sys=0.00, real=0.01 secs] 
2016-09-15T12:37:50.637-0400: 297.890: [GC (Allocation Failure) [PSYoungGen: 162032K->85822K(175104K)] 432570K->362734K(699392K), 0.0130574 secs] [Times: user=0.20 sys=0.00, real=0.01 secs] 
2016-09-15T12:37:50.776-0400: 298.029: [GC (GCLocker Initiated GC) [PSYoungGen: 173886K->73836K(175104K)] 450804K->363187K(699392K), 0.0095311 secs] [Times: user=0.12 sys=0.00, real=0.00 secs] 
2016-09-15T12:37:50.946-0400: 298.200: [GC (Allocation Failure) [PSYoungGen: 161900K->68088K(175104K)] 451270K->357618K(699392K), 0.0095753 secs] [Times: user=0.15 sys=0.00, real=0.02 secs] 
2016-09-15T12:37:51.095-0400: 298.348: [GC (GCLocker Initiated GC) [PSYoungGen: 151258K->55515K(175104K)] 446863K->381794K(699392K), 0.0104086 secs] [Times: user=0.17 sys=0.00, real=0.01 secs] 
2016-09-15T12:37:51.250-0400: 298.503: [GC (GCLocker Initiated GC) [PSYoungGen: 143579K->55483K(175104K)] 475975K->388154K(699392K), 0.0073580 secs] [Times: user=0.07 sys=0.00, real=0.01 secs] 
2016-09-15T12:37:51.455-0400: 298.709: [GC (Allocation Failure) [PSYoungGen: 143547K->37158K(175104K)] 483039K->431828K(699392K), 0.0246082 secs] [Times: user=0.25 sys=0.00, real=0.03 secs] 
2016-09-15T12:37:51.647-0400: 298.901: [GC (GCLocker Initiated GC) [PSYoungGen: 125222K->67373K(175104K)] 519898K->468399K(699392K), 0.0188967 secs] [Times: user=0.18 sys=0.00, real=0.02 secs] 
2016-09-15T12:37:51.817-0400: 299.070: [GC (GCLocker Initiated GC) [PSYoungGen: 155437K->85758K(175104K)] 556533K->505214K(699392K), 0.0099190 secs] [Times: user=0.12 sys=0.00, real=0.00 secs] 
2016-09-15T12:37:51.993-0400: 299.246: [GC (GCLocker Initiated GC) [PSYoungGen: 173822K->19096K(175104K)] 611623K->511872K(699392K), 0.0209855 secs] [Times: user=0.21 sys=0.01, real=0.02 secs] 
2016-09-15T12:37:52.014-0400: 299.267: [Full GC (Ergonomics) [PSYoungGen: 19096K->0K(175104K)] [ParOldGen: 492775K->48309K(524288K)] 511872K->48309K(699392K), [Metaspace: 44689K->44689K(1087488K)], 0.0548299 secs] [Times: user=0.38 sys=0.00, real=0.06 secs] 
2016-09-15T12:37:52.291-0400: 299.545: [GC (GCLocker Initiated GC) [PSYoungGen: 88064K->55938K(175104K)] 148586K->116461K(699392K), 0.0078671 secs] [Times: user=0.11 sys=0.01, real=0.01 secs] 
2016-09-15T12:37:52.456-0400: 299.709: [GC (GCLocker Initiated GC) [PSYoungGen: 144002K->85854K(175104K)] 204578K->183178K(699392K), 0.0122316 secs] [Times: user=0.16 sys=0.00, real=0.01 secs] 
2016-09-15T12:37:52.615-0400: 299.868: [GC (Allocation Failure) [PSYoungGen: 173918K->61786K(175104K)] 271379K->207983K(699392K), 0.0111112 secs] [Times: user=0.14 sys=0.00, real=0.01 secs] 
2016-09-15T12:37:52.744-0400: 299.998: [GC (GCLocker Initiated GC) [PSYoungGen: 149850K->85822K(175104K)] 296052K->268954K(699392K), 0.0123749 secs] [Times: user=0.19 sys=0.00, real=0.02 secs] 
2016-09-15T12:37:52.886-0400: 300.139: [GC (Allocation Failure) [PSYoungGen: 173886K->86182K(175104K)] 357042K->275557K(699392K), 0.0104186 secs] [Times: user=0.15 sys=0.01, real=0.02 secs] 
2016-09-15T12:37:53.049-0400: 300.302: [GC (GCLocker Initiated GC) [PSYoungGen: 174246K->73672K(175104K)] 363627K->299958K(699392K), 0.0093802 secs] [Times: user=0.11 sys=0.00, real=0.01 secs] 
2016-09-15T12:37:53.211-0400: 300.464: [GC (GCLocker Initiated GC) [PSYoungGen: 161736K->85858K(175104K)] 388232K->312458K(699392K), 0.0176591 secs] [Times: user=0.18 sys=0.00, real=0.02 secs] 
2016-09-15T12:37:53.442-0400: 300.695: [GC (GCLocker Initiated GC) [PSYoungGen: 173922K->37130K(175104K)] 406857K->300683K(699392K), 0.0186399 secs] [Times: user=0.17 sys=0.00, real=0.02 secs] 
2016-09-15T12:37:53.604-0400: 300.857: [GC (GCLocker Initiated GC) [PSYoungGen: 125194K->79491K(175104K)] 388795K->343352K(699392K), 0.0319719 secs] [Times: user=0.30 sys=0.00, real=0.04 secs] 
2016-09-15T12:37:53.782-0400: 301.036: [GC (GCLocker Initiated GC) [PSYoungGen: 167555K->79947K(175104K)] 437566K->374385K(699392K), 0.0117873 secs] [Times: user=0.11 sys=0.00, real=0.01 secs] 
2016-09-15T12:37:53.937-0400: 301.191: [GC (GCLocker Initiated GC) [PSYoungGen: 168011K->49148K(175104K)] 462643K->386760K(699392K), 0.0238432 secs] [Times: user=0.24 sys=0.00, real=0.02 secs] 
2016-09-15T12:37:54.131-0400: 301.384: [GC (Allocation Failure) [PSYoungGen: 137212K->43205K(175104K)] 487206K->423702K(699392K), 0.0180749 secs] [Times: user=0.20 sys=0.00, real=0.02 secs] 
2016-09-15T12:37:54.299-0400: 301.552: [GC (GCLocker Initiated GC) [PSYoungGen: 131269K->73740K(175104K)] 511766K->472761K(699392K), 0.0241460 secs] [Times: user=0.28 sys=0.00, real=0.02 secs] 
2016-09-15T12:37:54.500-0400: 301.753: [GC (GCLocker Initiated GC) [PSYoungGen: 161804K->67209K(175104K)] 566947K->472456K(699392K), 0.0178379 secs] [Times: user=0.18 sys=0.00, real=0.02 secs] 
2016-09-15T12:37:54.664-0400: 301.918: [GC (Allocation Failure) [PSYoungGen: 155273K->85694K(175104K)] 560573K->533663K(699392K), 0.0245465 secs] [Times: user=0.29 sys=0.00, real=0.03 secs] 
2016-09-15T12:37:54.869-0400: 302.123: [GC (GCLocker Initiated GC) [PSYoungGen: 173758K->55415K(175104K)] 621727K->534074K(699392K), 0.0095826 secs] [Times: user=0.11 sys=0.00, real=0.01 secs] 
2016-09-15T12:37:54.879-0400: 302.132: [Full GC (Ergonomics) [PSYoungGen: 55415K->0K(175104K)] [ParOldGen: 478659K->42078K(524288K)] 534074K->42078K(699392K), [Metaspace: 44689K->44689K(1087488K)], 0.0571823 secs] [Times: user=0.30 sys=0.01, real=0.06 secs] 
2016-09-15T12:37:55.148-0400: 302.402: [GC (GCLocker Initiated GC) [PSYoungGen: 88064K->68021K(175104K)] 136561K->116518K(699392K), 0.0149175 secs] [Times: user=0.17 sys=0.00, real=0.01 secs] 
2016-09-15T12:37:55.366-0400: 302.619: [GC (GCLocker Initiated GC) [PSYoungGen: 156085K->49084K(175104K)] 204630K->116369K(699392K), 0.0137249 secs] [Times: user=0.10 sys=0.00, real=0.02 secs] 
2016-09-15T12:37:55.512-0400: 302.766: [GC (GCLocker Initiated GC) [PSYoungGen: 137148K->67309K(175104K)] 204475K->153136K(699392K), 0.0268662 secs] [Times: user=0.27 sys=0.00, real=0.03 secs] 
2016-09-15T12:37:55.697-0400: 302.950: [GC (Allocation Failure) [PSYoungGen: 155373K->80143K(175104K)] 241455K->233161K(699392K), 0.0110987 secs] [Times: user=0.11 sys=0.00, real=0.01 secs] 
2016-09-15T12:37:55.844-0400: 303.097: [GC (GCLocker Initiated GC) [PSYoungGen: 166658K->61462K(175104K)] 325752K->251385K(699392K), 0.0102718 secs] [Times: user=0.08 sys=0.00, real=0.01 secs] 
2016-09-15T12:37:55.971-0400: 303.224: [GC (GCLocker Initiated GC) [PSYoungGen: 149526K->86054K(175104K)] 339503K->337096K(699392K), 0.0110244 secs] [Times: user=0.12 sys=0.00, real=0.01 secs] 
2016-09-15T12:37:56.128-0400: 303.381: [GC (Allocation Failure) [PSYoungGen: 174118K->79683K(175104K)] 425252K->391883K(699392K), 0.0108223 secs] [Times: user=0.13 sys=0.00, real=0.01 secs] 
2016-09-15T12:37:56.291-0400: 303.544: [GC (Allocation Failure) [PSYoungGen: 164625K->37258K(175104K)] 476825K->373893K(699392K), 0.0073762 secs] [Times: user=0.07 sys=0.00, real=0.01 secs] 
2016-09-15T12:37:56.455-0400: 303.708: [GC (GCLocker Initiated GC) [PSYoungGen: 125318K->73544K(175104K)] 461959K->410656K(699392K), 0.0144945 secs] [Times: user=0.18 sys=0.00, real=0.02 secs] 
2016-09-15T12:37:56.646-0400: 303.899: [GC (Allocation Failure) [PSYoungGen: 161608K->43073K(175104K)] 504915K->386452K(699392K), 0.0075593 secs] [Times: user=0.06 sys=0.00, real=0.01 secs] 
2016-09-15T12:37:56.815-0400: 304.068: [GC (GCLocker Initiated GC) [PSYoungGen: 131137K->73512K(175104K)] 474528K->435411K(699392K), 0.0173794 secs] [Times: user=0.17 sys=0.00, real=0.02 secs] 
2016-09-15T12:37:56.977-0400: 304.230: [GC (GCLocker Initiated GC) [PSYoungGen: 161576K->85822K(175104K)] 523629K->460184K(699392K), 0.0133605 secs] [Times: user=0.16 sys=0.00, real=0.01 secs] 
2016-09-15T12:37:57.157-0400: 304.410: [GC (GCLocker Initiated GC) [PSYoungGen: 173886K->61426K(175104K)] 548278K->478611K(699392K), 0.0121908 secs] [Times: user=0.12 sys=0.00, real=0.01 secs] 
2016-09-15T12:37:57.366-0400: 304.620: [GC (GCLocker Initiated GC) [PSYoungGen: 149490K->31115K(175104K)] 585054K->503272K(699392K), 0.0074398 secs] [Times: user=0.07 sys=0.00, real=0.01 secs] 
2016-09-15T12:37:57.374-0400: 304.627: [Full GC (Ergonomics) [PSYoungGen: 31115K->0K(175104K)] [ParOldGen: 472157K->54424K(524288K)] 503272K->54424K(699392K), [Metaspace: 44693K->44693K(1087488K)], 0.0620726 secs] [Times: user=0.40 sys=0.01, real=0.07 secs] 
2016-09-15T12:37:57.610-0400: 304.864: [GC (GCLocker Initiated GC) [PSYoungGen: 88064K->86510K(175104K)] 142530K->140976K(699392K), 0.0084726 secs] [Times: user=0.09 sys=0.00, real=0.01 secs] 
2016-09-15T12:37:57.730-0400: 304.983: [GC (GCLocker Initiated GC) [PSYoungGen: 174574K->85886K(175104K)] 229088K->220291K(699392K), 0.0179571 secs] [Times: user=0.21 sys=0.00, real=0.02 secs] 
2016-09-15T12:37:57.902-0400: 305.156: [GC (Allocation Failure) [PSYoungGen: 173950K->55515K(175104K)] 308491K->269167K(699392K), 0.0110621 secs] [Times: user=0.15 sys=0.00, real=0.01 secs] 
2016-09-15T12:37:58.071-0400: 305.324: [GC (GCLocker Initiated GC) [PSYoungGen: 143579K->79619K(175104K)] 357236K->293567K(699392K), 0.0080672 secs] [Times: user=0.08 sys=0.00, real=0.01 secs] 
2016-09-15T12:37:58.261-0400: 305.514: [GC (GCLocker Initiated GC) [PSYoungGen: 167683K->18840K(175104K)] 399861K->251083K(699392K), 0.0284958 secs] [Times: user=0.35 sys=0.01, real=0.03 secs] 
2016-09-15T12:37:58.448-0400: 305.701: [GC (GCLocker Initiated GC) [PSYoungGen: 106904K->37293K(175104K)] 345510K->276158K(699392K), 0.0104271 secs] [Times: user=0.06 sys=0.01, real=0.01 secs] 
2016-09-15T12:37:58.590-0400: 305.844: [GC (GCLocker Initiated GC) [PSYoungGen: 125357K->73676K(175104K)] 364387K->313012K(699392K), 0.0140813 secs] [Times: user=0.17 sys=0.01, real=0.01 secs] 
2016-09-15T12:37:58.778-0400: 306.031: [GC (GCLocker Initiated GC) [PSYoungGen: 161740K->67697K(175104K)] 401437K->325911K(699392K), 0.0174055 secs] [Times: user=0.20 sys=0.00, real=0.01 secs] 
2016-09-15T12:37:58.957-0400: 306.211: [GC (GCLocker Initiated GC) [PSYoungGen: 155761K->19196K(175104K)] 426877K->290408K(699392K), 0.0093358 secs] [Times: user=0.10 sys=0.00, real=0.00 secs] 
2016-09-15T12:37:59.133-0400: 306.386: [GC (GCLocker Initiated GC) [PSYoungGen: 107260K->73512K(175104K)] 378603K->345145K(699392K), 0.0160191 secs] [Times: user=0.15 sys=0.00, real=0.02 secs] 
2016-09-15T12:37:59.297-0400: 306.551: [GC (GCLocker Initiated GC) [PSYoungGen: 161576K->73904K(175104K)] 433213K->345825K(699392K), 0.0174845 secs] [Times: user=0.21 sys=0.00, real=0.01 secs] 
2016-09-15T12:37:59.438-0400: 306.691: [GC (GCLocker Initiated GC) [PSYoungGen: 161968K->85790K(175104K)] 434093K->358214K(699392K), 0.0197913 secs] [Times: user=0.28 sys=0.00, real=0.02 secs] 
2016-09-15T12:37:59.606-0400: 306.859: [GC (GCLocker Initiated GC) [PSYoungGen: 173854K->74000K(175104K)] 446639K->377311K(699392K), 0.0133423 secs] [Times: user=0.19 sys=0.00, real=0.02 secs] 
2016-09-15T12:37:59.796-0400: 307.049: [GC (GCLocker Initiated GC) [PSYoungGen: 162064K->67629K(175104K)] 477635K->383531K(699392K), 0.0125274 secs] [Times: user=0.19 sys=0.00, real=0.01 secs] 
2016-09-15T12:37:59.953-0400: 307.206: [GC (GCLocker Initiated GC) [PSYoungGen: 155693K->86018K(175104K)] 477831K->457087K(699392K), 0.0126894 secs] [Times: user=0.19 sys=0.00, real=0.01 secs] 
2016-09-15T12:38:00.144-0400: 307.397: [GC (GCLocker Initiated GC) [PSYoungGen: 174082K->12733K(175104K)] 557533K->432862K(699392K), 0.0100726 secs] [Times: user=0.06 sys=0.00, real=0.01 secs] 
2016-09-15T12:38:00.313-0400: 307.567: [GC (GCLocker Initiated GC) [PSYoungGen: 100797K->85858K(175104K)] 520974K->506317K(699392K), 0.0118232 secs] [Times: user=0.12 sys=0.00, real=0.01 secs] 
2016-09-15T12:38:00.460-0400: 307.714: [GC (GCLocker Initiated GC) [PSYoungGen: 173922K->79651K(175104K)] 600504K->549065K(699392K), 0.0121476 secs] [Times: user=0.14 sys=0.01, real=0.01 secs] 
2016-09-15T12:38:00.473-0400: 307.726: [Full GC (Ergonomics) [PSYoungGen: 79651K->0K(175104K)] [ParOldGen: 469414K->48315K(524288K)] 549065K->48315K(699392K), [Metaspace: 44699K->44699K(1087488K)], 0.0539624 secs] [Times: user=0.39 sys=0.02, real=0.05 secs] 
2016-09-15T12:38:00.678-0400: 307.931: [GC (GCLocker Initiated GC) [PSYoungGen: 88064K->86406K(175104K)] 136656K->141073K(699392K), 0.0119439 secs] [Times: user=0.16 sys=0.00, real=0.01 secs] 
2016-09-15T12:38:00.873-0400: 308.126: [GC (GCLocker Initiated GC) [PSYoungGen: 174470K->36902K(175104K)] 241290K->122618K(699392K), 0.0195764 secs] [Times: user=0.21 sys=0.00, real=0.02 secs] 
2016-09-15T12:38:01.038-0400: 308.292: [GC (GCLocker Initiated GC) [PSYoungGen: 124966K->61654K(175104K)] 216810K->153610K(699392K), 0.0067703 secs] [Times: user=0.06 sys=0.00, real=0.00 secs] 
2016-09-15T12:38:01.198-0400: 308.451: [GC (Allocation Failure) [PSYoungGen: 149718K->79879K(175104K)] 241923K->220992K(699392K), 0.0108037 secs] [Times: user=0.13 sys=0.00, real=0.01 secs] 
2016-09-15T12:38:01.347-0400: 308.601: [GC (GCLocker Initiated GC) [PSYoungGen: 167943K->49148K(175104K)] 309061K->214825K(699392K), 0.0239564 secs] [Times: user=0.21 sys=0.01, real=0.03 secs] 
2016-09-15T12:38:01.544-0400: 308.797: [GC (Allocation Failure) [PSYoungGen: 137212K->73544K(175104K)] 302926K->239557K(699392K), 0.0095355 secs] [Times: user=0.10 sys=0.00, real=0.01 secs] 
2016-09-15T12:38:01.713-0400: 308.966: [GC (Allocation Failure) [PSYoungGen: 160359K->49244K(175104K)] 326372K->264156K(699392K), 0.0157495 secs] [Times: user=0.18 sys=0.00, real=0.02 secs] 
2016-09-15T12:38:01.877-0400: 309.130: [GC (Allocation Failure) [PSYoungGen: 137308K->55615K(175104K)] 352220K->270654K(699392K), 0.0177192 secs] [Times: user=0.18 sys=0.00, real=0.01 secs] 
2016-09-15T12:38:02.033-0400: 309.287: [GC (GCLocker Initiated GC) [PSYoungGen: 143679K->73904K(175104K)] 358724K->289224K(699392K), 0.0108093 secs] [Times: user=0.10 sys=0.01, real=0.01 secs] 
2016-09-15T12:38:02.186-0400: 309.439: [GC (GCLocker Initiated GC) [PSYoungGen: 161968K->61526K(175104K)] 377610K->295677K(699392K), 0.0098013 secs] [Times: user=0.10 sys=0.00, real=0.01 secs] 
2016-09-15T12:38:02.331-0400: 309.585: [GC (GCLocker Initiated GC) [PSYoungGen: 149590K->55515K(175104K)] 390032K->320564K(699392K), 0.0133008 secs] [Times: user=0.14 sys=0.00, real=0.01 secs] 
2016-09-15T12:38:02.515-0400: 309.768: [GC (GCLocker Initiated GC) [PSYoungGen: 143579K->67341K(175104K)] 414795K->338817K(699392K), 0.0134355 secs] [Times: user=0.13 sys=0.00, real=0.02 secs] 
2016-09-15T12:38:02.721-0400: 309.975: [GC (Allocation Failure) [PSYoungGen: 155405K->49212K(175104K)] 433042K->357523K(699392K), 0.0095030 secs] [Times: user=0.08 sys=0.01, real=0.01 secs] 
2016-09-15T12:38:02.880-0400: 310.134: [GC (GCLocker Initiated GC) [PSYoungGen: 137276K->80075K(175104K)] 445593K->425157K(699392K), 0.0104291 secs] [Times: user=0.10 sys=0.00, real=0.01 secs] 
2016-09-15T12:38:03.089-0400: 310.343: [GC (Allocation Failure) [PSYoungGen: 168139K->55451K(175104K)] 519438K->406821K(699392K), 0.0414502 secs] [Times: user=0.44 sys=0.00, real=0.04 secs] 
2016-09-15T12:38:03.315-0400: 310.568: [GC (GCLocker Initiated GC) [PSYoungGen: 142945K->55223K(175104K)] 500390K->412920K(699392K), 0.0069860 secs] [Times: user=0.05 sys=0.00, real=0.01 secs] 
2016-09-15T12:38:03.455-0400: 310.708: [GC (GCLocker Initiated GC) [PSYoungGen: 143287K->73740K(175104K)] 501032K->431612K(699392K), 0.0136892 secs] [Times: user=0.13 sys=0.00, real=0.02 secs] 
2016-09-15T12:38:03.589-0400: 310.843: [GC (GCLocker Initiated GC) [PSYoungGen: 161804K->85790K(175104K)] 520020K->510951K(699392K), 0.0182133 secs] [Times: user=0.19 sys=0.00, real=0.02 secs] 
2016-09-15T12:38:03.750-0400: 311.003: [GC (GCLocker Initiated GC) [PSYoungGen: 173854K->43105K(175104K)] 605222K->492981K(699392K), 0.0126722 secs] [Times: user=0.13 sys=0.00, real=0.01 secs] 
2016-09-15T12:38:03.960-0400: 311.214: [Full GC (Ergonomics) [PSYoungGen: 131169K->0K(175104K)] [ParOldGen: 468254K->48375K(524288K)] 599423K->48375K(699392K), [Metaspace: 44700K->44700K(1087488K)], 0.0751271 secs] [Times: user=0.54 sys=0.01, real=0.07 secs] 
2016-09-15T12:38:04.199-0400: 311.453: [GC (GCLocker Initiated GC) [PSYoungGen: 88064K->86054K(175104K)] 136503K->146644K(699392K), 0.0098959 secs] [Times: user=0.09 sys=0.00, real=0.01 secs] 
2016-09-15T12:38:04.346-0400: 311.600: [GC (GCLocker Initiated GC) [PSYoungGen: 174118K->43233K(175104K)] 234856K->195747K(699392K), 0.0182433 secs] [Times: user=0.26 sys=0.00, real=0.02 secs] 
2016-09-15T12:38:04.508-0400: 311.761: [GC (GCLocker Initiated GC) [PSYoungGen: 131297K->61166K(175104K)] 283959K->213931K(699392K), 0.0133235 secs] [Times: user=0.14 sys=0.00, real=0.01 secs] 
2016-09-15T12:38:04.671-0400: 311.924: [GC (GCLocker Initiated GC) [PSYoungGen: 149230K->37553K(175104K)] 314299K->227058K(699392K), 0.0215086 secs] [Times: user=0.24 sys=0.01, real=0.02 secs] 
2016-09-15T12:38:04.842-0400: 312.095: [GC (Allocation Failure) [PSYoungGen: 125617K->73544K(175104K)] 321379K->269760K(699392K), 0.0075532 secs] [Times: user=0.09 sys=0.00, real=0.01 secs] 
2016-09-15T12:38:04.995-0400: 312.248: [GC (Allocation Failure) [PSYoungGen: 161608K->49248K(175104K)] 357824K->275942K(699392K), 0.0121084 secs] [Times: user=0.09 sys=0.01, real=0.01 secs] 
2016-09-15T12:38:05.159-0400: 312.412: [GC (GCLocker Initiated GC) [PSYoungGen: 137312K->73416K(175104K)] 364007K->300370K(699392K), 0.0219270 secs] [Times: user=0.24 sys=0.00, real=0.02 secs] 
2016-09-15T12:38:05.329-0400: 312.582: [GC (GCLocker Initiated GC) [PSYoungGen: 161480K->73708K(175104K)] 388689K->301044K(699392K), 0.0119178 secs] [Times: user=0.11 sys=0.00, real=0.01 secs] 
2016-09-15T12:38:05.483-0400: 312.736: [GC (Allocation Failure) [PSYoungGen: 161772K->55287K(175104K)] 389244K->283058K(699392K), 0.0071760 secs] [Times: user=0.06 sys=0.00, real=0.01 secs] 
2016-09-15T12:38:05.631-0400: 312.885: [GC (GCLocker Initiated GC) [PSYoungGen: 143351K->73576K(175104K)] 371124K->301460K(699392K), 0.0158979 secs] [Times: user=0.17 sys=0.00, real=0.01 secs] 
2016-09-15T12:38:05.812-0400: 313.065: [GC (GCLocker Initiated GC) [PSYoungGen: 161640K->55223K(175104K)] 395663K->289357K(699392K), 0.0135296 secs] [Times: user=0.12 sys=0.00, real=0.01 secs] 
2016-09-15T12:38:05.990-0400: 313.243: [GC (Allocation Failure) [PSYoungGen: 143287K->36966K(175104K)] 383543K->277317K(699392K), 0.0121241 secs] [Times: user=0.10 sys=0.00, real=0.01 secs] 
2016-09-15T12:38:06.144-0400: 313.397: [GC (GCLocker Initiated GC) [PSYoungGen: 120105K->55483K(175104K)] 366531K->302224K(699392K), 0.0133780 secs] [Times: user=0.14 sys=0.00, real=0.02 secs] 
2016-09-15T12:38:06.316-0400: 313.569: [GC (GCLocker Initiated GC) [PSYoungGen: 143547K->79619K(175104K)] 396411K->332734K(699392K), 0.0134098 secs] [Times: user=0.13 sys=0.00, real=0.01 secs] 
2016-09-15T12:38:06.514-0400: 313.767: [GC (Allocation Failure) [PSYoungGen: 167683K->37062K(175104K)] 421231K->339313K(699392K), 0.0176623 secs] [Times: user=0.19 sys=0.00, real=0.02 secs] 
2016-09-15T12:38:06.659-0400: 313.913: [GC (GCLocker Initiated GC) [PSYoungGen: 125126K->85990K(175104K)] 427378K->394592K(699392K), 0.0173196 secs] [Times: user=0.19 sys=0.00, real=0.02 secs] 
2016-09-15T12:38:06.825-0400: 314.079: [GC (Allocation Failure) [PSYoungGen: 174054K->85726K(175104K)] 488773K->437334K(699392K), 0.0197900 secs] [Times: user=0.22 sys=0.00, real=0.02 secs] 
2016-09-15T12:38:07.012-0400: 314.266: [GC (GCLocker Initiated GC) [PSYoungGen: 173790K->79783K(175104K)] 525404K->474041K(699392K), 0.0148451 secs] [Times: user=0.17 sys=0.00, real=0.01 secs] 
2016-09-15T12:38:07.186-0400: 314.439: [GC (GCLocker Initiated GC) [PSYoungGen: 167847K->85858K(175104K)] 562479K->486856K(699392K), 0.0214244 secs] [Times: user=0.21 sys=0.00, real=0.02 secs] 
2016-09-15T12:38:07.407-0400: 314.660: [GC (Allocation Failure) [PSYoungGen: 173922K->18677K(175104K)] 575346K->420344K(699392K), 0.0121980 secs] [Times: user=0.13 sys=0.00, real=0.02 secs] 
2016-09-15T12:38:07.546-0400: 314.800: [GC (Allocation Failure) [PSYoungGen: 106741K->61298K(175104K)] 508408K->463225K(699392K), 0.0159895 secs] [Times: user=0.15 sys=0.00, real=0.02 secs] 
2016-09-15T12:38:07.709-0400: 314.962: [GC (GCLocker Initiated GC) [PSYoungGen: 149362K->67537K(175104K)] 551294K->487822K(699392K), 0.0239273 secs] [Times: user=0.25 sys=0.01, real=0.02 secs] 
2016-09-15T12:38:07.869-0400: 315.122: [GC (GCLocker Initiated GC) [PSYoungGen: 155601K->55123K(175104K)] 582305K->500343K(699392K), 0.0086605 secs] [Times: user=0.08 sys=0.00, real=0.01 secs] 
2016-09-15T12:38:08.045-0400: 315.299: [GC (GCLocker Initiated GC) [PSYoungGen: 143187K->37130K(175104K)] 600656K->494718K(699392K), 0.0132953 secs] [Times: user=0.13 sys=0.00, real=0.02 secs] 
2016-09-15T12:38:08.225-0400: 315.478: [GC (GCLocker Initiated GC) [PSYoungGen: 125194K->61362K(175104K)] 588915K->543583K(699392K), 0.0163100 secs] [Times: user=0.17 sys=0.00, real=0.02 secs] 
2016-09-15T12:38:08.241-0400: 315.494: [Full GC (Ergonomics) [PSYoungGen: 61362K->0K(175104K)] [ParOldGen: 482221K->48410K(524288K)] 543583K->48410K(699392K), [Metaspace: 44701K->44701K(1087488K)], 0.0590576 secs] [Times: user=0.27 sys=0.01, real=0.06 secs] 
2016-09-15T12:38:08.495-0400: 315.749: [GC (GCLocker Initiated GC) [PSYoungGen: 88064K->61750K(175104K)] 136616K->110302K(699392K), 0.0136792 secs] [Times: user=0.13 sys=0.01, real=0.02 secs] 
2016-09-15T12:38:08.687-0400: 315.940: [GC (GCLocker Initiated GC) [PSYoungGen: 149814K->36998K(175104K)] 210676K->104450K(699392K), 0.0096428 secs] [Times: user=0.08 sys=0.00, real=0.02 secs] 
2016-09-15T12:38:08.847-0400: 316.101: [GC (GCLocker Initiated GC) [PSYoungGen: 125062K->73804K(175104K)] 198737K->184252K(699392K), 0.0109948 secs] [Times: user=0.13 sys=0.01, real=0.02 secs] 
2016-09-15T12:38:08.990-0400: 316.243: [GC (Allocation Failure) [PSYoungGen: 161868K->73872K(175104K)] 272424K->202780K(699392K), 0.0084809 secs] [Times: user=0.09 sys=0.00, real=0.01 secs] 
2016-09-15T12:38:09.130-0400: 316.384: [GC (GCLocker Initiated GC) [PSYoungGen: 161936K->61494K(175104K)] 290850K->196743K(699392K), 0.0098817 secs] [Times: user=0.08 sys=0.00, real=0.01 secs] 
2016-09-15T12:38:09.287-0400: 316.540: [GC (GCLocker Initiated GC) [PSYoungGen: 149558K->73580K(175104K)] 284983K->209272K(699392K), 0.0157800 secs] [Times: user=0.16 sys=0.00, real=0.02 secs] 
2016-09-15T12:38:09.460-0400: 316.713: [GC (Allocation Failure) [PSYoungGen: 161644K->61202K(175104K)] 297613K->197438K(699392K), 0.0085819 secs] [Times: user=0.07 sys=0.00, real=0.01 secs] 
2016-09-15T12:38:09.613-0400: 316.867: [GC (Allocation Failure) [PSYoungGen: 149266K->73512K(175104K)] 285502K->210031K(699392K), 0.0156152 secs] [Times: user=0.17 sys=0.00, real=0.02 secs] 
2016-09-15T12:38:09.759-0400: 317.012: [GC (GCLocker Initiated GC) [PSYoungGen: 161576K->73480K(175104K)] 298097K->210112K(699392K), 0.0182437 secs] [Times: user=0.17 sys=0.00, real=0.02 secs] 
2016-09-15T12:38:09.931-0400: 317.185: [GC (Allocation Failure) [PSYoungGen: 161544K->55287K(175104K)] 304404K->198423K(699392K), 0.0139580 secs] [Times: user=0.14 sys=0.00, real=0.01 secs] 
2016-09-15T12:38:10.093-0400: 317.346: [GC (GCLocker Initiated GC) [PSYoungGen: 143351K->73576K(175104K)] 286492K->216845K(699392K), 0.0134942 secs] [Times: user=0.15 sys=0.00, real=0.01 secs] 
2016-09-15T12:38:10.255-0400: 317.508: [GC (GCLocker Initiated GC) [PSYoungGen: 161640K->79459K(175104K)] 305114K->223028K(699392K), 0.0173409 secs] [Times: user=0.18 sys=0.00, real=0.02 secs] 
2016-09-15T12:38:10.437-0400: 317.691: [GC (GCLocker Initiated GC) [PSYoungGen: 167523K->43041K(175104K)] 317281K->217211K(699392K), 0.0147406 secs] [Times: user=0.14 sys=0.00, real=0.01 secs] 
2016-09-15T12:38:10.595-0400: 317.848: [GC (Allocation Failure) [PSYoungGen: 131105K->55451K(175104K)] 312030K->273141K(699392K), 0.0115806 secs] [Times: user=0.11 sys=0.00, real=0.01 secs] 
2016-09-15T12:38:10.752-0400: 318.005: [GC (Allocation Failure) [PSYoungGen: 142252K->73608K(175104K)] 359942K->291410K(699392K), 0.0155730 secs] [Times: user=0.15 sys=0.00, real=0.01 secs] 
2016-09-15T12:38:10.909-0400: 318.162: [GC (GCLocker Initiated GC) [PSYoungGen: 161672K->55255K(175104K)] 379474K->273316K(699392K), 0.0065539 secs] [Times: user=0.06 sys=0.00, real=0.00 secs] 
2016-09-15T12:38:11.079-0400: 318.332: [GC (GCLocker Initiated GC) [PSYoungGen: 143319K->73804K(175104K)] 362127K->292903K(699392K), 0.0167160 secs] [Times: user=0.17 sys=0.00, real=0.01 secs] 
2016-09-15T12:38:11.247-0400: 318.501: [GC (GCLocker Initiated GC) [PSYoungGen: 161868K->79555K(175104K)] 381154K->299124K(699392K), 0.0175846 secs] [Times: user=0.15 sys=0.00, real=0.02 secs] 
2016-09-15T12:38:11.429-0400: 318.682: [GC (GCLocker Initiated GC) [PSYoungGen: 167619K->73512K(175104K)] 387252K->293256K(699392K), 0.0108631 secs] [Times: user=0.12 sys=0.00, real=0.01 secs] 
2016-09-15T12:38:11.596-0400: 318.849: [GC (GCLocker Initiated GC) [PSYoungGen: 161576K->73672K(175104K)] 381647K->294043K(699392K), 0.0127754 secs] [Times: user=0.13 sys=0.01, real=0.02 secs] 
2016-09-15T12:38:11.793-0400: 319.047: [GC (Allocation Failure) [PSYoungGen: 161736K->55487K(175104K)] 382277K->276131K(699392K), 0.0083043 secs] [Times: user=0.07 sys=0.00, real=0.01 secs] 
2016-09-15T12:38:11.982-0400: 319.235: [GC (GCLocker Initiated GC) [PSYoungGen: 143156K->43201K(175104K)] 369875K->306670K(699392K), 0.0110190 secs] [Times: user=0.11 sys=0.00, real=0.01 secs] 
2016-09-15T12:38:12.169-0400: 319.423: [GC (Allocation Failure) [PSYoungGen: 131265K->55419K(175104K)] 395039K->319303K(699392K), 0.0074465 secs] [Times: user=0.06 sys=0.00, real=0.01 secs] 
2016-09-15T12:38:12.309-0400: 319.562: [GC (GCLocker Initiated GC) [PSYoungGen: 143368K->79523K(175104K)] 407509K->343939K(699392K), 0.0106792 secs] [Times: user=0.08 sys=0.00, real=0.01 secs] 
2016-09-15T12:38:12.446-0400: 319.699: [GC (GCLocker Initiated GC) [PSYoungGen: 167587K->43468K(175104K)] 438400K->314369K(699392K), 0.0338610 secs] [Times: user=0.33 sys=0.00, real=0.04 secs] 
2016-09-15T12:38:12.637-0400: 319.890: [GC (GCLocker Initiated GC) [PSYoungGen: 131532K->55419K(175104K)] 408724K->351103K(699392K), 0.0258862 secs] [Times: user=0.30 sys=0.00, real=0.02 secs] 
2016-09-15T12:38:12.788-0400: 320.042: [GC (GCLocker Initiated GC) [PSYoungGen: 143483K->67601K(175104K)] 439494K->381957K(699392K), 0.0097256 secs] [Times: user=0.09 sys=0.00, real=0.01 secs] 
2016-09-15T12:38:12.950-0400: 320.203: [GC (GCLocker Initiated GC) [PSYoungGen: 155665K->67373K(175104K)] 470248K->382059K(699392K), 0.0080103 secs] [Times: user=0.07 sys=0.00, real=0.01 secs] 
2016-09-15T12:38:13.109-0400: 320.362: [GC (Allocation Failure) [PSYoungGen: 155437K->85662K(175104K)] 470450K->443492K(699392K), 0.0349464 secs] [Times: user=0.37 sys=0.01, real=0.03 secs] 
2016-09-15T12:38:13.289-0400: 320.543: [GC (GCLocker Initiated GC) [PSYoungGen: 169617K->55091K(175104K)] 533522K->419263K(699392K), 0.0114653 secs] [Times: user=0.12 sys=0.00, real=0.01 secs] 
2016-09-15T12:38:13.485-0400: 320.738: [GC (Allocation Failure) [PSYoungGen: 143155K->37130K(175104K)] 519743K->413813K(699392K), 0.0100407 secs] [Times: user=0.10 sys=0.00, real=0.01 secs] 
2016-09-15T12:38:13.667-0400: 320.921: [GC (GCLocker Initiated GC) [PSYoungGen: 125108K->67593K(175104K)] 501955K->444715K(699392K), 0.0113745 secs] [Times: user=0.11 sys=0.00, real=0.02 secs] 
2016-09-15T12:38:13.821-0400: 321.074: [GC (Allocation Failure) [PSYoungGen: 155657K->73416K(175104K)] 538952K->456799K(699392K), 0.0424561 secs] [Times: user=0.52 sys=0.00, real=0.04 secs] 
2016-09-15T12:38:14.014-0400: 321.267: [GC (GCLocker Initiated GC) [PSYoungGen: 161480K->61590K(175104K)] 544868K->481555K(699392K), 0.0183106 secs] [Times: user=0.20 sys=0.00, real=0.02 secs] 
2016-09-15T12:38:14.229-0400: 321.483: [GC (Allocation Failure) [PSYoungGen: 149654K->55419K(175104K)] 569975K->475991K(699392K), 0.0064345 secs] [Times: user=0.07 sys=0.00, real=0.01 secs] 
2016-09-15T12:38:14.451-0400: 321.704: [GC (GCLocker Initiated GC) [PSYoungGen: 139308K->36738K(175104K)] 565956K->463629K(699392K), 0.0160540 secs] [Times: user=0.13 sys=0.00, real=0.01 secs] 
2016-09-15T12:38:14.609-0400: 321.863: [GC (GCLocker Initiated GC) [PSYoungGen: 124802K->73416K(175104K)] 551751K->500484K(699392K), 0.0096586 secs] [Times: user=0.07 sys=0.00, real=0.01 secs] 
2016-09-15T12:38:14.758-0400: 322.011: [GC (GCLocker Initiated GC) [PSYoungGen: 161480K->37521K(175104K)] 600981K->513740K(699392K), 0.0198618 secs] [Times: user=0.22 sys=0.01, real=0.02 secs] 
2016-09-15T12:38:14.778-0400: 322.031: [Full GC (Ergonomics) [PSYoungGen: 37521K->0K(175104K)] [ParOldGen: 476218K->48971K(524288K)] 513740K->48971K(699392K), [Metaspace: 44709K->44709K(1087488K)], 0.0565975 secs] [Times: user=0.33 sys=0.01, real=0.05 secs] 
2016-09-15T12:38:14.956-0400: 322.209: [GC (GCLocker Initiated GC) [PSYoungGen: 88064K->86086K(175104K)] 137144K->159466K(699392K), 0.0137950 secs] [Times: user=0.17 sys=0.00, real=0.01 secs] 
2016-09-15T12:38:15.111-0400: 322.365: [GC (GCLocker Initiated GC) [PSYoungGen: 174150K->73740K(175104K)] 253882K->239017K(699392K), 0.0208531 secs] [Times: user=0.28 sys=0.01, real=0.02 secs] 
2016-09-15T12:38:15.268-0400: 322.521: [GC (GCLocker Initiated GC) [PSYoungGen: 161804K->55547K(175104K)] 339233K->251492K(699392K), 0.0086830 secs] [Times: user=0.09 sys=0.01, real=0.01 secs] 
2016-09-15T12:38:15.436-0400: 322.689: [GC (GCLocker Initiated GC) [PSYoungGen: 143611K->49248K(175104K)] 345686K->251418K(699392K), 0.0121781 secs] [Times: user=0.09 sys=0.00, real=0.01 secs] 
2016-09-15T12:38:15.605-0400: 322.858: [GC (Allocation Failure) [PSYoungGen: 137312K->73836K(175104K)] 339837K->295049K(699392K), 0.0095687 secs] [Times: user=0.09 sys=0.00, real=0.01 secs] 
2016-09-15T12:38:15.747-0400: 323.000: [GC (GCLocker Initiated GC) [PSYoungGen: 161900K->79683K(175104K)] 383119K->301201K(699392K), 0.0301228 secs] [Times: user=0.37 sys=0.01, real=0.04 secs] 
2016-09-15T12:38:15.940-0400: 323.194: [GC (GCLocker Initiated GC) [PSYoungGen: 167747K->55387K(175104K)] 395696K->283415K(699392K), 0.0103423 secs] [Times: user=0.10 sys=0.00, real=0.01 secs] 
2016-09-15T12:38:16.116-0400: 323.369: [GC (GCLocker Initiated GC) [PSYoungGen: 143451K->55387K(175104K)] 377674K->290041K(699392K), 0.0167517 secs] [Times: user=0.14 sys=0.01, real=0.01 secs] 
2016-09-15T12:38:16.284-0400: 323.538: [GC (Allocation Failure) [PSYoungGen: 143451K->67601K(175104K)] 378337K->302747K(699392K), 0.0077782 secs] [Times: user=0.07 sys=0.00, real=0.01 secs] 
2016-09-15T12:38:16.420-0400: 323.673: [GC (GCLocker Initiated GC) [PSYoungGen: 153250K->49312K(175104K)] 394471K->308837K(699392K), 0.0169210 secs] [Times: user=0.17 sys=0.00, real=0.02 secs] 
2016-09-15T12:38:16.614-0400: 323.867: [GC (Allocation Failure) [PSYoungGen: 137376K->61330K(175104K)] 397518K->321748K(699392K), 0.0082218 secs] [Times: user=0.08 sys=0.00, real=0.01 secs] 
2016-09-15T12:38:16.811-0400: 324.064: [GC (GCLocker Initiated GC) [PSYoungGen: 148655K->37322K(175104K)] 415149K->304090K(699392K), 0.0079272 secs] [Times: user=0.06 sys=0.01, real=0.01 secs] 
2016-09-15T12:38:16.971-0400: 324.224: [GC (GCLocker Initiated GC) [PSYoungGen: 125386K->61594K(175104K)] 398271K->334723K(699392K), 0.0134579 secs] [Times: user=0.16 sys=0.00, real=0.01 secs] 
2016-09-15T12:38:17.136-0400: 324.389: [GC (GCLocker Initiated GC) [PSYoungGen: 149658K->37098K(175104K)] 434980K->353069K(699392K), 0.0100430 secs] [Times: user=0.08 sys=0.00, real=0.00 secs] 
2016-09-15T12:38:17.299-0400: 324.552: [GC (GCLocker Initiated GC) [PSYoungGen: 125162K->24947K(175104K)] 447211K->365466K(699392K), 0.0091950 secs] [Times: user=0.05 sys=0.00, real=0.01 secs] 
2016-09-15T12:38:17.504-0400: 324.758: [GC (GCLocker Initiated GC) [PSYoungGen: 113011K->61430K(175104K)] 453532K->402405K(699392K), 0.0103582 secs] [Times: user=0.09 sys=0.00, real=0.01 secs] 
2016-09-15T12:38:17.699-0400: 324.953: [GC (GCLocker Initiated GC) [PSYoungGen: 149494K->85658K(175104K)] 490572K->445269K(699392K), 0.0118395 secs] [Times: user=0.17 sys=0.01, real=0.01 secs] 
2016-09-15T12:38:17.842-0400: 325.096: [GC (GCLocker Initiated GC) [PSYoungGen: 173722K->62081K(175104K)] 533531K->464575K(699392K), 0.0115286 secs] [Times: user=0.14 sys=0.00, real=0.01 secs] 
2016-09-15T12:38:17.987-0400: 325.240: [GC (GCLocker Initiated GC) [PSYoungGen: 150145K->85662K(175104K)] 552815K->525400K(699392K), 0.0148256 secs] [Times: user=0.16 sys=0.00, real=0.02 secs] 
2016-09-15T12:38:18.162-0400: 325.415: [GC (GCLocker Initiated GC) [PSYoungGen: 173726K->37293K(175104K)] 619554K->513593K(699392K), 0.0155720 secs] [Times: user=0.13 sys=0.00, real=0.02 secs] 
2016-09-15T12:38:18.177-0400: 325.431: [Full GC (Ergonomics) [PSYoungGen: 37293K->0K(175104K)] [ParOldGen: 476299K->42435K(524288K)] 513593K->42435K(699392K), [Metaspace: 44714K->44714K(1087488K)], 0.0657149 secs] [Times: user=0.36 sys=0.01, real=0.06 secs] 
2016-09-15T12:38:18.404-0400: 325.657: [GC (GCLocker Initiated GC) [PSYoungGen: 88064K->85726K(175104K)] 130504K->134241K(699392K), 0.0093610 secs] [Times: user=0.09 sys=0.00, real=0.01 secs] 
2016-09-15T12:38:18.561-0400: 325.814: [GC (GCLocker Initiated GC) [PSYoungGen: 173790K->67633K(175104K)] 222549K->147067K(699392K), 0.0249229 secs] [Times: user=0.23 sys=0.00, real=0.02 secs] 
2016-09-15T12:38:18.725-0400: 325.978: [GC (GCLocker Initiated GC) [PSYoungGen: 155697K->55259K(175104K)] 235166K->134964K(699392K), 0.0178794 secs] [Times: user=0.15 sys=0.00, real=0.02 secs] 
2016-09-15T12:38:18.900-0400: 326.153: [GC (GCLocker Initiated GC) [PSYoungGen: 143323K->73644K(175104K)] 223070K->196379K(699392K), 0.0166754 secs] [Times: user=0.18 sys=0.00, real=0.02 secs] 
2016-09-15T12:38:19.065-0400: 326.318: [GC (GCLocker Initiated GC) [PSYoungGen: 161708K->73640K(175104K)] 284731K->251646K(699392K), 0.0249081 secs] [Times: user=0.31 sys=0.00, real=0.03 secs] 
2016-09-15T12:38:19.238-0400: 326.491: [GC (GCLocker Initiated GC) [PSYoungGen: 161704K->73608K(175104K)] 339898K->276205K(699392K), 0.0312812 secs] [Times: user=0.36 sys=0.00, real=0.03 secs] 
2016-09-15T12:38:19.768-0400: 327.022: [GC (GCLocker Initiated GC) [PSYoungGen: 161672K->18737K(175104K)] 364451K->240040K(699392K), 0.0127430 secs] [Times: user=0.13 sys=0.00, real=0.01 secs] 
