Java HotSpot(TM) 64-Bit Server VM (25.101-b13) for linux-amd64 JRE (1.8.0_101-b13), built on Jun 22 2016 02:59:44 by "java_re" with gcc 4.3.0 20080428 (Red Hat 4.3.0-8)
Memory: 4k page, physical 264122320k(103478164k free), swap 268399612k(268399612k free)
CommandLine flags: -XX:GCLogFileSize=1048576 -XX:+HeapDumpOnOutOfMemoryError -XX:HeapDumpPath=artifacts/heapdump -XX:InitialHeapSize=805306368 -XX:MaxHeapSize=805306368 -XX:NumberOfGCLogFiles=10 -XX:+PrintGC -XX:+PrintGCDateStamps -XX:+PrintGCDetails -XX:+PrintGCTimeStamps -XX:+UseCompressedClassPointers -XX:+UseCompressedOops -XX:+UseGCLogFileRotation -XX:+UseParallelGC 
2016-09-25T21:08:08.634-0400: 2.177: [GC (Metadata GC Threshold) [PSYoungGen: 121898K->15502K(229376K)] 121898K->15590K(753664K), 0.0258717 secs] [Times: user=0.13 sys=0.01, real=0.03 secs] 
2016-09-25T21:08:08.660-0400: 2.203: [Full GC (Metadata GC Threshold) [PSYoungGen: 15502K->0K(229376K)] [ParOldGen: 88K->14600K(349696K)] 15590K->14600K(579072K), [Metaspace: 21071K->21071K(1067008K)], 0.0606400 secs] [Times: user=0.40 sys=0.06, real=0.06 secs] 
2016-09-25T21:08:10.549-0400: 4.093: [GC (Metadata GC Threshold) [PSYoungGen: 123239K->14902K(229376K)] 137840K->29639K(579072K), 0.0269693 secs] [Times: user=0.20 sys=0.04, real=0.03 secs] 
2016-09-25T21:08:10.576-0400: 4.120: [Full GC (Metadata GC Threshold) [PSYoungGen: 14902K->0K(229376K)] [ParOldGen: 14736K->20421K(524288K)] 29639K->20421K(753664K), [Metaspace: 35060K->35060K(1079296K)], 0.0884780 secs] [Times: user=0.69 sys=0.02, real=0.09 secs] 
2016-09-25T21:08:12.284-0400: 5.827: [GC (GCLocker Initiated GC) [PSYoungGen: 194908K->32410K(229376K)] 218030K->55539K(753664K), 0.0120858 secs] [Times: user=0.09 sys=0.01, real=0.01 secs] 
2016-09-25T21:08:12.480-0400: 6.023: [GC (GCLocker Initiated GC) [PSYoungGen: 229018K->23916K(229376K)] 260458K->55365K(753664K), 0.0141302 secs] [Times: user=0.10 sys=0.01, real=0.01 secs] 
2016-09-25T21:08:12.672-0400: 6.216: [GC (GCLocker Initiated GC) [PSYoungGen: 220524K->30825K(227840K)] 252006K->62315K(752128K), 0.0088800 secs] [Times: user=0.08 sys=0.00, real=0.01 secs] 
2016-09-25T21:08:12.844-0400: 6.388: [GC (GCLocker Initiated GC) [PSYoungGen: 227433K->33893K(215552K)] 259127K->79095K(739840K), 0.0088149 secs] [Times: user=0.07 sys=0.00, real=0.00 secs] 
2016-09-25T21:08:13.016-0400: 6.559: [GC (GCLocker Initiated GC) [PSYoungGen: 215141K->40432K(221696K)] 260461K->109110K(745984K), 0.0090154 secs] [Times: user=0.10 sys=0.00, real=0.01 secs] 
2016-09-25T21:08:13.175-0400: 6.719: [GC (GCLocker Initiated GC) [PSYoungGen: 221680K->40430K(176640K)] 290391K->118956K(700928K), 0.0066163 secs] [Times: user=0.07 sys=0.00, real=0.01 secs] 
2016-09-25T21:08:13.287-0400: 6.830: [GC (GCLocker Initiated GC) [PSYoungGen: 176622K->60039K(196608K)] 255191K->141168K(720896K), 0.0122661 secs] [Times: user=0.15 sys=0.01, real=0.01 secs] 
2016-09-25T21:08:13.415-0400: 6.958: [GC (GCLocker Initiated GC) [PSYoungGen: 196231K->65447K(171008K)] 277418K->185043K(695296K), 0.0082453 secs] [Times: user=0.10 sys=0.02, real=0.01 secs] 
2016-09-25T21:08:13.512-0400: 7.056: [GC (GCLocker Initiated GC) [PSYoungGen: 170919K->61113K(166912K)] 290596K->205673K(691200K), 0.0086029 secs] [Times: user=0.11 sys=0.03, real=0.01 secs] 
2016-09-25T21:08:13.629-0400: 7.173: [GC (GCLocker Initiated GC) [PSYoungGen: 166585K->38133K(183296K)] 324767K->207685K(707584K), 0.0065727 secs] [Times: user=0.04 sys=0.03, real=0.01 secs] 
2016-09-25T21:08:13.717-0400: 7.260: [GC (GCLocker Initiated GC) [PSYoungGen: 138997K->71484K(172544K)] 308642K->247317K(696832K), 0.0068252 secs] [Times: user=0.09 sys=0.02, real=0.01 secs] 
2016-09-25T21:08:13.818-0400: 7.361: [GC (GCLocker Initiated GC) [PSYoungGen: 172348K->14287K(174592K)] 348214K->228749K(698880K), 0.0064402 secs] [Times: user=0.07 sys=0.01, real=0.01 secs] 
2016-09-25T21:08:13.894-0400: 7.437: [GC (GCLocker Initiated GC) [PSYoungGen: 102351K->42701K(131072K)] 316845K->273791K(655360K), 0.0065568 secs] [Times: user=0.08 sys=0.00, real=0.01 secs] 
2016-09-25T21:08:13.972-0400: 7.516: [GC (GCLocker Initiated GC) [PSYoungGen: 130765K->39969K(176128K)] 372823K->282423K(700416K), 0.0047561 secs] [Times: user=0.05 sys=0.00, real=0.01 secs] 
2016-09-25T21:08:14.056-0400: 7.599: [GC (GCLocker Initiated GC) [PSYoungGen: 132641K->48166K(172032K)] 375202K->291098K(696320K), 0.0052114 secs] [Times: user=0.08 sys=0.00, real=0.00 secs] 
2016-09-25T21:08:14.142-0400: 7.685: [GC (GCLocker Initiated GC) [PSYoungGen: 140838K->27691K(179200K)] 389354K->276532K(703488K), 0.0144956 secs] [Times: user=0.15 sys=0.00, real=0.02 secs] 
2016-09-25T21:08:14.244-0400: 7.788: [GC (GCLocker Initiated GC) [PSYoungGen: 128555K->16764K(177664K)] 377411K->274091K(701952K), 0.0159255 secs] [Times: user=0.14 sys=0.01, real=0.01 secs] 
2016-09-25T21:08:14.346-0400: 7.890: [GC (GCLocker Initiated GC) [PSYoungGen: 117628K->49370K(183808K)] 375026K->320624K(708096K), 0.0097055 secs] [Times: user=0.05 sys=0.01, real=0.01 secs] 
2016-09-25T21:08:14.492-0400: 8.035: [GC (GCLocker Initiated GC) [PSYoungGen: 155866K->22625K(129536K)] 432853K->313579K(653824K), 0.0066044 secs] [Times: user=0.04 sys=0.02, real=0.01 secs] 
2016-09-25T21:08:14.580-0400: 8.123: [GC (GCLocker Initiated GC) [PSYoungGen: 129121K->30455K(186880K)] 420340K->322147K(711168K), 0.0042601 secs] [Times: user=0.03 sys=0.00, real=0.01 secs] 
2016-09-25T21:08:14.669-0400: 8.212: [GC (GCLocker Initiated GC) [PSYoungGen: 140535K->38729K(148992K)] 439134K->337723K(673280K), 0.0089616 secs] [Times: user=0.10 sys=0.01, real=0.01 secs] 
2016-09-25T21:08:14.783-0400: 8.326: [GC (GCLocker Initiated GC) [PSYoungGen: 148809K->11647K(182272K)] 455907K->319154K(706560K), 0.0037287 secs] [Times: user=0.02 sys=0.00, real=0.00 secs] 
2016-09-25T21:08:14.873-0400: 8.416: [GC (GCLocker Initiated GC) [PSYoungGen: 122751K->39984K(182784K)] 438498K->356186K(707072K), 0.0107005 secs] [Times: user=0.11 sys=0.00, real=0.02 secs] 
2016-09-25T21:08:14.977-0400: 8.521: [GC (GCLocker Initiated GC) [PSYoungGen: 151088K->38652K(187392K)] 467457K->366287K(711680K), 0.0051065 secs] [Times: user=0.06 sys=0.00, real=0.01 secs] 
2016-09-25T21:08:15.074-0400: 8.617: [GC (GCLocker Initiated GC) [PSYoungGen: 158972K->32055K(188416K)] 494778K->368242K(712704K), 0.0100055 secs] [Times: user=0.12 sys=0.00, real=0.02 secs] 
2016-09-25T21:08:15.196-0400: 8.740: [GC (GCLocker Initiated GC) [PSYoungGen: 152375K->10247K(191488K)] 504841K->363205K(715776K), 0.0039903 secs] [Times: user=0.02 sys=0.00, real=0.00 secs] 
2016-09-25T21:08:15.316-0400: 8.860: [GC (GCLocker Initiated GC) [PSYoungGen: 136199K->31819K(192512K)] 489182K->385287K(716800K), 0.0110811 secs] [Times: user=0.13 sys=0.01, real=0.01 secs] 
2016-09-25T21:08:15.425-0400: 8.968: [GC (GCLocker Initiated GC) [PSYoungGen: 157771K->40125K(194048K)] 513943K->396746K(718336K), 0.0107340 secs] [Times: user=0.13 sys=0.04, real=0.01 secs] 
2016-09-25T21:08:15.551-0400: 9.095: [GC (GCLocker Initiated GC) [PSYoungGen: 170685K->33389K(193536K)] 532735K->395942K(717824K), 0.0306486 secs] [Times: user=0.44 sys=0.00, real=0.03 secs] 
2016-09-25T21:08:15.700-0400: 9.244: [GC (GCLocker Initiated GC) [PSYoungGen: 163949K->21128K(197120K)] 534623K->416628K(721408K), 0.0056169 secs] [Times: user=0.03 sys=0.02, real=0.01 secs] 
2016-09-25T21:08:15.817-0400: 9.361: [GC (GCLocker Initiated GC) [PSYoungGen: 157832K->30688K(196096K)] 553480K->437606K(720384K), 0.0062150 secs] [Times: user=0.06 sys=0.00, real=0.01 secs] 
2016-09-25T21:08:15.945-0400: 9.488: [GC (GCLocker Initiated GC) [PSYoungGen: 167392K->22556K(199680K)] 585165K->440837K(723968K), 0.0098639 secs] [Times: user=0.08 sys=0.02, real=0.01 secs] 
2016-09-25T21:08:16.066-0400: 9.610: [GC (GCLocker Initiated GC) [PSYoungGen: 165404K->56307K(199168K)] 583718K->477957K(723456K), 0.0095225 secs] [Times: user=0.12 sys=0.00, real=0.01 secs] 
2016-09-25T21:08:16.196-0400: 9.739: [GC (GCLocker Initiated GC) [PSYoungGen: 199155K->36262K(200192K)] 627653K->492318K(724480K), 0.0148200 secs] [Times: user=0.18 sys=0.02, real=0.01 secs] 
2016-09-25T21:08:16.323-0400: 9.867: [GC (GCLocker Initiated GC) [PSYoungGen: 173478K->40267K(177664K)] 631877K->518175K(701952K), 0.0100745 secs] [Times: user=0.12 sys=0.02, real=0.00 secs] 
2016-09-25T21:08:16.443-0400: 9.986: [GC (GCLocker Initiated GC) [PSYoungGen: 177483K->36043K(200704K)] 658225K->530826K(724992K), 0.0070963 secs] [Times: user=0.06 sys=0.01, real=0.00 secs] 
2016-09-25T21:08:16.450-0400: 9.993: [Full GC (Ergonomics) [PSYoungGen: 36043K->0K(200704K)] [ParOldGen: 494783K->43896K(524288K)] 530826K->43896K(724992K), [Metaspace: 43070K->43070K(1085440K)], 0.2006834 secs] [Times: user=2.71 sys=0.04, real=0.20 secs] 
2016-09-25T21:08:16.787-0400: 10.330: [GC (GCLocker Initiated GC) [PSYoungGen: 139264K->37662K(198656K)] 183163K->81562K(722944K), 0.0058210 secs] [Times: user=0.03 sys=0.00, real=0.00 secs] 
2016-09-25T21:08:16.908-0400: 10.451: [GC (GCLocker Initiated GC) [PSYoungGen: 176926K->33388K(200704K)] 226484K->83678K(724992K), 0.0107922 secs] [Times: user=0.12 sys=0.00, real=0.01 secs] 
2016-09-25T21:08:17.028-0400: 10.572: [GC (GCLocker Initiated GC) [PSYoungGen: 176236K->45557K(199168K)] 226724K->96561K(723456K), 0.0108840 secs] [Times: user=0.16 sys=0.00, real=0.01 secs] 
2016-09-25T21:08:17.159-0400: 10.703: [GC (GCLocker Initiated GC) [PSYoungGen: 188405K->36249K(203264K)] 242719K->99150K(727552K), 0.0161303 secs] [Times: user=0.16 sys=0.01, real=0.02 secs] 
2016-09-25T21:08:17.302-0400: 10.845: [GC (GCLocker Initiated GC) [PSYoungGen: 184217K->50938K(199168K)] 252584K->119843K(723456K), 0.0119490 secs] [Times: user=0.14 sys=0.00, real=0.01 secs] 
2016-09-25T21:08:17.491-0400: 11.035: [GC (GCLocker Initiated GC) [PSYoungGen: 198906K->33466K(204288K)] 274698K->125982K(728576K), 0.0138712 secs] [Times: user=0.15 sys=0.00, real=0.02 secs] 
2016-09-25T21:08:17.642-0400: 11.186: [GC (GCLocker Initiated GC) [PSYoungGen: 178362K->32084K(177152K)] 276354K->138738K(701440K), 0.0159096 secs] [Times: user=0.16 sys=0.02, real=0.01 secs] 
2016-09-25T21:08:17.814-0400: 11.358: [GC (GCLocker Initiated GC) [PSYoungGen: 176980K->26415K(202240K)] 289049K->138976K(726528K), 0.0420103 secs] [Times: user=0.41 sys=0.00, real=0.04 secs] 
2016-09-25T21:08:18.008-0400: 11.551: [GC (GCLocker Initiated GC) [PSYoungGen: 171823K->48253K(201728K)] 289814K->166793K(726016K), 0.0100205 secs] [Times: user=0.12 sys=0.00, real=0.01 secs] 
2016-09-25T21:08:18.156-0400: 11.700: [GC (GCLocker Initiated GC) [PSYoungGen: 193661K->45603K(201216K)] 312264K->175568K(725504K), 0.0124663 secs] [Times: user=0.13 sys=0.00, real=0.01 secs] 
2016-09-25T21:08:18.314-0400: 11.857: [GC (GCLocker Initiated GC) [PSYoungGen: 187939K->45538K(187904K)] 321969K->180085K(712192K), 0.0315080 secs] [Times: user=0.42 sys=0.00, real=0.04 secs] 
2016-09-25T21:08:18.479-0400: 12.022: [GC (GCLocker Initiated GC) [PSYoungGen: 187874K->32103K(202240K)] 325124K->169916K(726528K), 0.0134096 secs] [Times: user=0.17 sys=0.00, real=0.01 secs] 
2016-09-25T21:08:18.625-0400: 12.168: [GC (GCLocker Initiated GC) [PSYoungGen: 173415K->38757K(180224K)] 311256K->177155K(704512K), 0.0096123 secs] [Times: user=0.12 sys=0.00, real=0.01 secs] 
2016-09-25T21:08:18.758-0400: 12.301: [GC (GCLocker Initiated GC) [PSYoungGen: 180069K->37215K(201216K)] 321248K->178863K(725504K), 0.0183876 secs] [Times: user=0.20 sys=0.01, real=0.02 secs] 
2016-09-25T21:08:18.912-0400: 12.456: [GC (GCLocker Initiated GC) [PSYoungGen: 180575K->50893K(199168K)] 324964K->217446K(723456K), 0.0099393 secs] [Times: user=0.14 sys=0.01, real=0.02 secs] 
2016-09-25T21:08:19.057-0400: 12.601: [GC (GCLocker Initiated GC) [PSYoungGen: 194253K->20980K(200192K)] 367649K->227320K(724480K), 0.0089507 secs] [Times: user=0.06 sys=0.00, real=0.01 secs] 
2016-09-25T21:08:19.192-0400: 12.736: [GC (Allocation Failure) [PSYoungGen: 162292K->22194K(201728K)] 374195K->234445K(726016K), 0.0157449 secs] [Times: user=0.18 sys=0.00, real=0.02 secs] 
2016-09-25T21:08:19.335-0400: 12.879: [GC (GCLocker Initiated GC) [PSYoungGen: 163506K->35599K(197632K)] 375758K->248108K(721920K), 0.0097871 secs] [Times: user=0.12 sys=0.00, real=0.01 secs] 
2016-09-25T21:08:19.480-0400: 13.024: [GC (Allocation Failure) [PSYoungGen: 176911K->14133K(199680K)] 404335K->241775K(723968K), 0.0262751 secs] [Times: user=0.26 sys=0.00, real=0.03 secs] 
2016-09-25T21:08:19.639-0400: 13.183: [GC (GCLocker Initiated GC) [PSYoungGen: 154718K->34395K(200704K)] 386410K->266365K(724992K), 0.0101374 secs] [Times: user=0.11 sys=0.00, real=0.01 secs] 
2016-09-25T21:08:19.783-0400: 13.327: [GC (Allocation Failure) [PSYoungGen: 178779K->35667K(201728K)] 410822K->267924K(726016K), 0.0059018 secs] [Times: user=0.05 sys=0.00, real=0.00 secs] 
2016-09-25T21:08:19.790-0400: 13.333: [GC (GCLocker Initiated GC) [PSYoungGen: 36348K->96K(199168K)] 268604K->271922K(723456K), 0.0110391 secs] [Times: user=0.11 sys=0.00, real=0.01 secs] 
2016-09-25T21:08:19.913-0400: 13.457: [GC (GCLocker Initiated GC) [PSYoungGen: 143456K->42720K(186368K)] 415286K->314566K(710656K), 0.0122810 secs] [Times: user=0.10 sys=0.00, real=0.02 secs] 
2016-09-25T21:08:20.059-0400: 13.603: [GC (GCLocker Initiated GC) [PSYoungGen: 186080K->34302K(203264K)] 458027K->306622K(727552K), 0.0086592 secs] [Times: user=0.08 sys=0.00, real=0.01 secs] 
2016-09-25T21:08:20.189-0400: 13.732: [GC (GCLocker Initiated GC) [PSYoungGen: 176638K->37032K(179712K)] 448963K->317685K(704000K), 0.0152496 secs] [Times: user=0.12 sys=0.01, real=0.02 secs] 
2016-09-25T21:08:20.330-0400: 13.873: [GC (GCLocker Initiated GC) [PSYoungGen: 179368K->48021K(197632K)] 460082K->329012K(721920K), 0.0113739 secs] [Times: user=0.17 sys=0.00, real=0.01 secs] 
2016-09-25T21:08:20.465-0400: 14.009: [GC (GCLocker Initiated GC) [PSYoungGen: 187285K->39816K(200704K)] 468297K->321097K(724992K), 0.0144595 secs] [Times: user=0.14 sys=0.00, real=0.01 secs] 
2016-09-25T21:08:20.586-0400: 14.129: [GC (GCLocker Initiated GC) [PSYoungGen: 179080K->42562K(200192K)] 463086K->340313K(724480K), 0.0119841 secs] [Times: user=0.08 sys=0.00, real=0.01 secs] 
2016-09-25T21:08:20.757-0400: 14.301: [GC (GCLocker Initiated GC) [PSYoungGen: 182338K->30476K(170496K)] 485563K->355570K(694784K), 0.0137994 secs] [Times: user=0.17 sys=0.00, real=0.01 secs] 
2016-09-25T21:08:20.918-0400: 14.462: [GC (GCLocker Initiated GC) [PSYoungGen: 170252K->45267K(198656K)] 500820K->376132K(722944K), 0.0129142 secs] [Times: user=0.12 sys=0.00, real=0.01 secs] 
2016-09-25T21:08:21.061-0400: 14.605: [GC (GCLocker Initiated GC) [PSYoungGen: 184531K->31858K(200192K)] 515437K->384690K(724480K), 0.0186026 secs] [Times: user=0.23 sys=0.01, real=0.02 secs] 
2016-09-25T21:08:21.254-0400: 14.798: [GC (Allocation Failure) [PSYoungGen: 171122K->25177K(200704K)] 536323K->390755K(724992K), 0.0245631 secs] [Times: user=0.28 sys=0.01, real=0.02 secs] 
2016-09-25T21:08:21.447-0400: 14.990: [GC (GCLocker Initiated GC) [PSYoungGen: 167477K->29215K(200704K)] 533242K->395498K(724992K), 0.0161467 secs] [Times: user=0.15 sys=0.00, real=0.02 secs] 
2016-09-25T21:08:21.639-0400: 15.183: [GC (GCLocker Initiated GC) [PSYoungGen: 171551K->32146K(202240K)] 548749K->409977K(726528K), 0.0062239 secs] [Times: user=0.05 sys=0.00, real=0.01 secs] 
2016-09-25T21:08:21.830-0400: 15.374: [GC (GCLocker Initiated GC) [PSYoungGen: 179090K->34597K(202240K)] 556935K->413026K(726528K), 0.0147723 secs] [Times: user=0.14 sys=0.00, real=0.02 secs] 
2016-09-25T21:08:22.028-0400: 15.572: [GC (GCLocker Initiated GC) [PSYoungGen: 181541K->32095K(205312K)] 560128K->414013K(729600K), 0.0099299 secs] [Times: user=0.09 sys=0.00, real=0.01 secs] 
2016-09-25T21:08:22.185-0400: 15.728: [GC (GCLocker Initiated GC) [PSYoungGen: 185183K->30872K(204800K)] 579355K->425681K(729088K), 0.0244222 secs] [Times: user=0.34 sys=0.00, real=0.02 secs] 
2016-09-25T21:08:22.400-0400: 15.944: [GC (Allocation Failure) [PSYoungGen: 183960K->44441K(205824K)] 584220K->453518K(730112K), 0.0097420 secs] [Times: user=0.12 sys=0.01, real=0.01 secs] 
2016-09-25T21:08:22.579-0400: 16.122: [GC (GCLocker Initiated GC) [PSYoungGen: 199754K->11789K(167936K)] 611531K->437707K(692224K), 0.0410072 secs] [Times: user=0.45 sys=0.01, real=0.04 secs] 
2016-09-25T21:08:22.785-0400: 16.329: [GC (GCLocker Initiated GC) [PSYoungGen: 167437K->36344K(207872K)] 601585K->471183K(732160K), 0.0126422 secs] [Times: user=0.15 sys=0.01, real=0.01 secs] 
2016-09-25T21:08:22.980-0400: 16.524: [GC (GCLocker Initiated GC) [PSYoungGen: 189432K->20038K(207360K)] 631030K->473184K(731648K), 0.0185421 secs] [Times: user=0.19 sys=0.01, real=0.02 secs] 
2016-09-25T21:08:23.157-0400: 16.701: [GC (GCLocker Initiated GC) [PSYoungGen: 173126K->29529K(204288K)] 631764K->499745K(728576K), 0.0209389 secs] [Times: user=0.20 sys=0.03, real=0.02 secs] 
2016-09-25T21:08:23.376-0400: 16.919: [GC (GCLocker Initiated GC) [PSYoungGen: 183129K->10697K(205824K)] 665181K->493480K(730112K), 0.0232687 secs] [Times: user=0.26 sys=0.01, real=0.02 secs] 
2016-09-25T21:08:23.571-0400: 17.115: [GC (GCLocker Initiated GC) [PSYoungGen: 164297K->26709K(207360K)] 649989K->513260K(731648K), 0.0100087 secs] [Times: user=0.06 sys=0.00, real=0.01 secs] 
2016-09-25T21:08:23.776-0400: 17.319: [GC (GCLocker Initiated GC) [PSYoungGen: 182869K->31017K(207872K)] 672036K->521018K(732160K), 0.0124050 secs] [Times: user=0.11 sys=0.00, real=0.01 secs] 
2016-09-25T21:08:23.970-0400: 17.513: [GC (GCLocker Initiated GC) [PSYoungGen: 187177K->29610K(207360K)] 685280K->528611K(731648K), 0.0104697 secs] [Times: user=0.10 sys=0.00, real=0.01 secs] 
2016-09-25T21:08:24.173-0400: 17.717: [GC (GCLocker Initiated GC) [PSYoungGen: 189866K->32436K(208384K)] 691772K->535251K(732672K), 0.0161066 secs] [Times: user=0.18 sys=0.00, real=0.02 secs] 
2016-09-25T21:08:24.361-0400: 17.905: [Full GC (Ergonomics) [PSYoungGen: 192692K->0K(208384K)] [ParOldGen: 506897K->62978K(524288K)] 699590K->62978K(732672K), [Metaspace: 43171K->43171K(1085440K)], 0.0848168 secs] [Times: user=0.39 sys=0.03, real=0.09 secs] 
2016-09-25T21:08:24.632-0400: 18.175: [GC (GCLocker Initiated GC) [PSYoungGen: 160256K->31378K(211456K)] 231563K->102686K(735744K), 0.0146601 secs] [Times: user=0.16 sys=0.00, real=0.02 secs] 
2016-09-25T21:08:24.829-0400: 18.373: [GC (GCLocker Initiated GC) [PSYoungGen: 197778K->37883K(212992K)] 277323K->118714K(737280K), 0.0097387 secs] [Times: user=0.09 sys=0.01, real=0.01 secs] 
2016-09-25T21:08:25.030-0400: 18.573: [GC (GCLocker Initiated GC) [PSYoungGen: 204283K->32178K(214016K)] 295943K->124776K(738304K), 0.0099671 secs] [Times: user=0.06 sys=0.00, real=0.01 secs] 
2016-09-25T21:08:25.251-0400: 18.795: [GC (GCLocker Initiated GC) [PSYoungGen: 199602K->16147K(214016K)] 308560K->125961K(738304K), 0.0133519 secs] [Times: user=0.14 sys=0.00, real=0.02 secs] 
2016-09-25T21:08:25.459-0400: 19.002: [GC (GCLocker Initiated GC) [PSYoungGen: 183571K->21298K(215040K)] 308245K->146817K(739328K), 0.0178306 secs] [Times: user=0.14 sys=0.00, real=0.02 secs] 
2016-09-25T21:08:25.662-0400: 19.205: [GC (GCLocker Initiated GC) [PSYoungGen: 188722K->21246K(188928K)] 321158K->154354K(713216K), 0.0404933 secs] [Times: user=0.42 sys=0.01, real=0.05 secs] 
2016-09-25T21:08:25.914-0400: 19.458: [GC (GCLocker Initiated GC) [PSYoungGen: 188670K->40280K(210432K)] 321971K->174313K(734720K), 0.0117280 secs] [Times: user=0.16 sys=0.00, real=0.01 secs] 
2016-09-25T21:08:26.119-0400: 19.662: [GC (GCLocker Initiated GC) [PSYoungGen: 204120K->26690K(212992K)] 343599K->166739K(737280K), 0.0143553 secs] [Times: user=0.09 sys=0.00, real=0.01 secs] 
2016-09-25T21:08:26.326-0400: 19.869: [GC (GCLocker Initiated GC) [PSYoungGen: 190528K->33448K(211968K)] 330819K->174419K(736256K), 0.0390783 secs] [Times: user=0.40 sys=0.01, real=0.04 secs] 
2016-09-25T21:08:26.568-0400: 20.112: [GC (GCLocker Initiated GC) [PSYoungGen: 198824K->25429K(212992K)] 347898K->175127K(737280K), 0.0187434 secs] [Times: user=0.20 sys=0.01, real=0.02 secs] 
2016-09-25T21:08:26.798-0400: 20.341: [GC (Allocation Failure) [PSYoungGen: 190805K->25218K(211456K)] 340513K->175575K(735744K), 0.0180829 secs] [Times: user=0.15 sys=0.00, real=0.02 secs] 
2016-09-25T21:08:27.019-0400: 20.563: [GC (GCLocker Initiated GC) [PSYoungGen: 193154K->32000K(212992K)] 343512K->185664K(737280K), 0.0187251 secs] [Times: user=0.17 sys=0.00, real=0.02 secs] 
2016-09-25T21:08:27.210-0400: 20.754: [GC (GCLocker Initiated GC) [PSYoungGen: 199936K->27961K(214016K)] 358566K->187221K(738304K), 0.0221601 secs] [Times: user=0.23 sys=0.00, real=0.02 secs] 
2016-09-25T21:08:27.423-0400: 20.966: [GC (GCLocker Initiated GC) [PSYoungGen: 199993K->38936K(215552K)] 361959K->215116K(739840K), 0.0147819 secs] [Times: user=0.14 sys=0.00, real=0.01 secs] 
2016-09-25T21:08:27.609-0400: 21.153: [GC (GCLocker Initiated GC) [PSYoungGen: 210968K->41562K(210944K)] 387351K->218585K(735232K), 0.0162788 secs] [Times: user=0.17 sys=0.00, real=0.02 secs] 
2016-09-25T21:08:27.798-0400: 21.342: [GC (GCLocker Initiated GC) [PSYoungGen: 206426K->25280K(213504K)] 386166K->205650K(737792K), 0.0148168 secs] [Times: user=0.11 sys=0.00, real=0.01 secs] 
2016-09-25T21:08:27.994-0400: 21.538: [GC (Allocation Failure) [PSYoungGen: 190144K->10311K(210432K)] 384229K->204989K(734720K), 0.0280018 secs] [Times: user=0.21 sys=0.01, real=0.03 secs] 
2016-09-25T21:08:28.188-0400: 21.731: [GC (GCLocker Initiated GC) [PSYoungGen: 172714K->31976K(212480K)] 370092K->230048K(736768K), 0.0138983 secs] [Times: user=0.10 sys=0.00, real=0.01 secs] 
2016-09-25T21:08:28.383-0400: 21.927: [GC (GCLocker Initiated GC) [PSYoungGen: 194792K->30833K(209408K)] 395805K->232468K(733696K), 0.0463684 secs] [Times: user=0.58 sys=0.00, real=0.04 secs] 
2016-09-25T21:08:28.620-0400: 22.164: [GC (GCLocker Initiated GC) [PSYoungGen: 194673K->29337K(211456K)] 396313K->231589K(735744K), 0.0168899 secs] [Times: user=0.14 sys=0.00, real=0.02 secs] 
2016-09-25T21:08:28.799-0400: 22.343: [GC (GCLocker Initiated GC) [PSYoungGen: 193177K->29370K(210944K)] 398322K->235134K(735232K), 0.0355953 secs] [Times: user=0.40 sys=0.00, real=0.04 secs] 
2016-09-25T21:08:29.010-0400: 22.554: [GC (GCLocker Initiated GC) [PSYoungGen: 197818K->29479K(212992K)] 406293K->238654K(737280K), 0.0148880 secs] [Times: user=0.14 sys=0.01, real=0.02 secs] 
2016-09-25T21:08:29.208-0400: 22.752: [GC (GCLocker Initiated GC) [PSYoungGen: 197927K->19008K(217600K)] 423528K->256091K(741888K), 0.0133753 secs] [Times: user=0.13 sys=0.01, real=0.01 secs] 
2016-09-25T21:08:29.409-0400: 22.952: [GC (GCLocker Initiated GC) [PSYoungGen: 193600K->37536K(212480K)] 436111K->280728K(736768K), 0.0121968 secs] [Times: user=0.10 sys=0.00, real=0.01 secs] 
2016-09-25T21:08:29.606-0400: 23.149: [GC (Allocation Failure) [PSYoungGen: 212128K->18490K(216576K)] 458047K->273162K(740864K), 0.0263543 secs] [Times: user=0.28 sys=0.01, real=0.02 secs] 
2016-09-25T21:08:29.633-0400: 23.176: [GC (GCLocker Initiated GC) [PSYoungGen: 20099K->128K(171520K)] 274772K->286655K(695808K), 0.0088833 secs] [Times: user=0.10 sys=0.00, real=0.01 secs] 
2016-09-25T21:08:29.809-0400: 23.352: [GC (GCLocker Initiated GC) [PSYoungGen: 170220K->35069K(211456K)] 459448K->324304K(735744K), 0.0115206 secs] [Times: user=0.12 sys=0.00, real=0.01 secs] 
2016-09-25T21:08:30.009-0400: 23.553: [GC (GCLocker Initiated GC) [PSYoungGen: 197885K->21176K(212480K)] 496728K->320834K(736768K), 0.0343959 secs] [Times: user=0.30 sys=0.00, real=0.04 secs] 
2016-09-25T21:08:30.199-0400: 23.743: [GC (GCLocker Initiated GC) [PSYoungGen: 183992K->45549K(204288K)] 483835K->356830K(728576K), 0.0084314 secs] [Times: user=0.07 sys=0.00, real=0.01 secs] 
2016-09-25T21:08:30.382-0400: 23.926: [GC (GCLocker Initiated GC) [PSYoungGen: 201197K->23995K(208896K)] 526007K->349348K(733184K), 0.0169520 secs] [Times: user=0.21 sys=0.00, real=0.01 secs] 
2016-09-25T21:08:30.548-0400: 24.092: [GC (GCLocker Initiated GC) [PSYoungGen: 179643K->34637K(207360K)] 505230K->360813K(731648K), 0.0091330 secs] [Times: user=0.09 sys=0.00, real=0.01 secs] 
2016-09-25T21:08:30.744-0400: 24.287: [GC (GCLocker Initiated GC) [PSYoungGen: 191821K->33602K(208896K)] 523605K->365913K(733184K), 0.0111186 secs] [Times: user=0.10 sys=0.01, real=0.01 secs] 
2016-09-25T21:08:30.944-0400: 24.487: [GC (GCLocker Initiated GC) [PSYoungGen: 190786K->27747K(206336K)] 523148K->360674K(730624K), 0.0171243 secs] [Times: user=0.15 sys=0.00, real=0.01 secs] 
2016-09-25T21:08:31.143-0400: 24.686: [GC (GCLocker Initiated GC) [PSYoungGen: 186467K->37476K(208384K)] 529079K->380611K(732672K), 0.0057787 secs] [Times: user=0.04 sys=0.00, real=0.00 secs] 
2016-09-25T21:08:31.348-0400: 24.892: [GC (GCLocker Initiated GC) [PSYoungGen: 196196K->13063K(210432K)] 551552K->368973K(734720K), 0.0154586 secs] [Times: user=0.14 sys=0.00, real=0.02 secs] 
2016-09-25T21:08:31.560-0400: 25.104: [GC (GCLocker Initiated GC) [PSYoungGen: 172807K->23891K(183808K)] 537053K->388778K(708096K), 0.0224096 secs] [Times: user=0.20 sys=0.00, real=0.03 secs] 
2016-09-25T21:08:31.763-0400: 25.306: [GC (GCLocker Initiated GC) [PSYoungGen: 183635K->29144K(211456K)] 548659K->394653K(735744K), 0.0189511 secs] [Times: user=0.17 sys=0.00, real=0.01 secs] 
2016-09-25T21:08:31.954-0400: 25.497: [GC (GCLocker Initiated GC) [PSYoungGen: 190936K->26648K(209920K)] 562019K->398293K(734208K), 0.0382554 secs] [Times: user=0.37 sys=0.01, real=0.04 secs] 
2016-09-25T21:08:32.155-0400: 25.699: [GC (GCLocker Initiated GC) [PSYoungGen: 188440K->10331K(209408K)] 576501K->398942K(733696K), 0.0089105 secs] [Times: user=0.07 sys=0.00, real=0.01 secs] 
2016-09-25T21:08:32.353-0400: 25.896: [GC (GCLocker Initiated GC) [PSYoungGen: 173659K->10642K(210432K)] 573080K->410697K(734720K), 0.0169889 secs] [Times: user=0.14 sys=0.01, real=0.02 secs] 
2016-09-25T21:08:32.539-0400: 26.082: [GC (GCLocker Initiated GC) [PSYoungGen: 173970K->33152K(212480K)] 574218K->433965K(736768K), 0.0156240 secs] [Times: user=0.11 sys=0.01, real=0.02 secs] 
2016-09-25T21:08:32.747-0400: 26.290: [GC (GCLocker Initiated GC) [PSYoungGen: 198016K->23976K(188928K)] 609666K->436122K(713216K), 0.0250767 secs] [Times: user=0.28 sys=0.00, real=0.02 secs] 
2016-09-25T21:08:32.957-0400: 26.500: [GC (GCLocker Initiated GC) [PSYoungGen: 188840K->23908K(214528K)] 609319K->445049K(738816K), 0.0087646 secs] [Times: user=0.06 sys=0.01, real=0.01 secs] 
2016-09-25T21:08:33.157-0400: 26.701: [GC (GCLocker Initiated GC) [PSYoungGen: 191844K->26556K(212480K)] 621113K->456368K(736768K), 0.0250595 secs] [Times: user=0.19 sys=0.00, real=0.03 secs] 
2016-09-25T21:08:33.346-0400: 26.890: [GC (GCLocker Initiated GC) [PSYoungGen: 194492K->34657K(212992K)] 627201K->478759K(737280K), 0.0141199 secs] [Times: user=0.16 sys=0.00, real=0.01 secs] 
2016-09-25T21:08:33.549-0400: 27.092: [GC (Allocation Failure) [PSYoungGen: 204129K->34721K(214528K)] 655196K->499891K(738816K), 0.0143995 secs] [Times: user=0.12 sys=0.02, real=0.02 secs] 
2016-09-25T21:08:33.744-0400: 27.288: [GC (GCLocker Initiated GC) [PSYoungGen: 202701K->23895K(215552K)] 670572K->492352K(739840K), 0.0125153 secs] [Times: user=0.11 sys=0.01, real=0.01 secs] 
2016-09-25T21:08:33.938-0400: 27.482: [GC (GCLocker Initiated GC) [PSYoungGen: 194391K->42877K(213504K)] 662893K->511989K(737792K), 0.0104348 secs] [Times: user=0.09 sys=0.00, real=0.01 secs] 
2016-09-25T21:08:34.119-0400: 27.663: [GC (GCLocker Initiated GC) [PSYoungGen: 213373K->34768K(211456K)] 682517K->520651K(735744K), 0.0136472 secs] [Times: user=0.11 sys=0.01, real=0.01 secs] 
2016-09-25T21:08:34.296-0400: 27.839: [GC (Allocation Failure) [PSYoungGen: 197584K->38743K(201728K)] 683492K->530679K(726016K), 0.0193604 secs] [Times: user=0.21 sys=0.00, real=0.02 secs] 
2016-09-25T21:08:34.479-0400: 28.022: [GC (GCLocker Initiated GC) [PSYoungGen: 201063K->38817K(208896K)] 695698K->547520K(733184K), 0.0099362 secs] [Times: user=0.10 sys=0.00, real=0.01 secs] 
2016-09-25T21:08:34.489-0400: 28.032: [Full GC (Ergonomics) [PSYoungGen: 38817K->0K(208896K)] [ParOldGen: 508703K->94250K(524288K)] 547520K->94250K(733184K), [Metaspace: 43207K->43207K(1085440K)], 0.0655596 secs] [Times: user=0.34 sys=0.00, real=0.07 secs] 
2016-09-25T21:08:39.355-0400: 32.899: [GC (GCLocker Initiated GC) [PSYoungGen: 157696K->24177K(209920K)] 262775K->129257K(734208K), 0.0135632 secs] [Times: user=0.10 sys=0.01, real=0.01 secs] 
2016-09-25T21:08:39.586-0400: 33.129: [GC (GCLocker Initiated GC) [PSYoungGen: 181873K->31902K(206848K)] 289760K->140504K(731136K), 0.0139698 secs] [Times: user=0.11 sys=0.00, real=0.01 secs] 
2016-09-25T21:08:39.778-0400: 33.321: [GC (GCLocker Initiated GC) [PSYoungGen: 190622K->14413K(208384K)] 302143K->145375K(732672K), 0.0176094 secs] [Times: user=0.16 sys=0.00, real=0.02 secs] 
2016-09-25T21:08:39.990-0400: 33.533: [GC (GCLocker Initiated GC) [PSYoungGen: 173133K->30491K(210432K)] 304139K->162018K(734720K), 0.0345240 secs] [Times: user=0.35 sys=0.00, real=0.04 secs] 
2016-09-25T21:08:40.220-0400: 33.764: [GC (GCLocker Initiated GC) [PSYoungGen: 192283K->16950K(210944K)] 329243K->170637K(735232K), 0.0101519 secs] [Times: user=0.09 sys=0.00, real=0.01 secs] 
2016-09-25T21:08:40.404-0400: 33.948: [GC (GCLocker Initiated GC) [PSYoungGen: 178742K->23911K(209920K)] 335217K->191719K(734208K), 0.0106949 secs] [Times: user=0.08 sys=0.01, real=0.01 secs] 
2016-09-25T21:08:40.620-0400: 34.164: [GC (GCLocker Initiated GC) [PSYoungGen: 187751K->29337K(211456K)] 359806K->201993K(735744K), 0.0271260 secs] [Times: user=0.27 sys=0.00, real=0.03 secs] 
2016-09-25T21:08:40.855-0400: 34.399: [GC (GCLocker Initiated GC) [PSYoungGen: 193177K->21431K(211968K)] 380699K->215093K(736256K), 0.0247058 secs] [Times: user=0.19 sys=0.02, real=0.02 secs] 
2016-09-25T21:08:41.105-0400: 34.648: [GC (GCLocker Initiated GC) [PSYoungGen: 189367K->37713K(213504K)] 383031K->232206K(737792K), 0.0236855 secs] [Times: user=0.21 sys=0.00, real=0.02 secs] 
2016-09-25T21:08:41.371-0400: 34.914: [GC (GCLocker Initiated GC) [PSYoungGen: 205649K->20003K(215040K)] 406921K->222178K(739328K), 0.0129382 secs] [Times: user=0.10 sys=0.00, real=0.02 secs] 
2016-09-25T21:08:41.591-0400: 35.135: [GC (GCLocker Initiated GC) [PSYoungGen: 187427K->35041K(202752K)] 392335K->243568K(727040K), 0.0097261 secs] [Times: user=0.07 sys=0.00, real=0.01 secs] 
2016-09-25T21:08:41.808-0400: 35.352: [GC (GCLocker Initiated GC) [PSYoungGen: 202465K->33707K(214016K)] 417845K->252774K(738304K), 0.0078648 secs] [Times: user=0.04 sys=0.01, real=0.01 secs] 
2016-09-25T21:08:42.048-0400: 35.592: [GC (Allocation Failure) [PSYoungGen: 199595K->12311K(178688K)] 430901K->263488K(702976K), 0.0247085 secs] [Times: user=0.24 sys=0.01, real=0.02 secs] 
2016-09-25T21:08:42.278-0400: 35.822: [GC (GCLocker Initiated GC) [PSYoungGen: 176640K->40702K(207872K)] 430517K->295683K(732160K), 0.0201919 secs] [Times: user=0.19 sys=0.01, real=0.02 secs] 
2016-09-25T21:08:42.512-0400: 36.056: [GC (Allocation Failure) [PSYoungGen: 199422K->37762K(196608K)] 457161K->296503K(720896K), 0.0210284 secs] [Times: user=0.19 sys=0.00, real=0.02 secs] 
2016-09-25T21:08:42.534-0400: 36.078: [GC (GCLocker Initiated GC) [PSYoungGen: 38140K->32K(203776K)] 296881K->292233K(728064K), 0.0044714 secs] [Times: user=0.03 sys=0.01, real=0.01 secs] 
2016-09-25T21:08:42.740-0400: 36.283: [GC (GCLocker Initiated GC) [PSYoungGen: 150560K->33954K(206336K)] 442762K->326156K(730624K), 0.0159502 secs] [Times: user=0.18 sys=0.01, real=0.02 secs] 
2016-09-25T21:08:42.939-0400: 36.482: [GC (GCLocker Initiated GC) [PSYoungGen: 184482K->33510K(205312K)] 476699K->326849K(729600K), 0.0290889 secs] [Times: user=0.26 sys=0.01, real=0.03 secs] 
2016-09-25T21:08:43.183-0400: 36.727: [GC (GCLocker Initiated GC) [PSYoungGen: 184038K->44421K(195072K)] 477405K->346726K(719360K), 0.0109221 secs] [Times: user=0.11 sys=0.00, real=0.01 secs] 
2016-09-25T21:08:43.403-0400: 36.947: [GC (GCLocker Initiated GC) [PSYoungGen: 194949K->49886K(194048K)] 499987K->355713K(718336K), 0.0140309 secs] [Times: user=0.11 sys=0.02, real=0.01 secs] 
2016-09-25T21:08:43.613-0400: 37.156: [GC (GCLocker Initiated GC) [PSYoungGen: 185054K->28095K(198656K)] 496462K->361973K(722944K), 0.0325670 secs] [Times: user=0.37 sys=0.01, real=0.04 secs] 
2016-09-25T21:08:43.840-0400: 37.384: [GC (GCLocker Initiated GC) [PSYoungGen: 163263K->24314K(192512K)] 502562K->375221K(716800K), 0.0148175 secs] [Times: user=0.14 sys=0.01, real=0.02 secs] 
2016-09-25T21:08:44.032-0400: 37.576: [GC (GCLocker Initiated GC) [PSYoungGen: 162042K->48423K(196608K)] 513187K->400391K(720896K), 0.0129305 secs] [Times: user=0.12 sys=0.00, real=0.02 secs] 
2016-09-25T21:08:44.231-0400: 37.775: [GC (GCLocker Initiated GC) [PSYoungGen: 186151K->33413K(200704K)] 540821K->388777K(724992K), 0.0095868 secs] [Times: user=0.05 sys=0.00, real=0.01 secs] 
2016-09-25T21:08:44.435-0400: 37.978: [GC (GCLocker Initiated GC) [PSYoungGen: 172165K->33418K(172544K)] 530460K->392455K(696832K), 0.0216045 secs] [Times: user=0.17 sys=0.00, real=0.02 secs] 
2016-09-25T21:08:44.641-0400: 38.184: [GC (GCLocker Initiated GC) [PSYoungGen: 172170K->26991K(199168K)] 536624K->403015K(723456K), 0.0102812 secs] [Times: user=0.08 sys=0.01, real=0.01 secs] 
2016-09-25T21:08:47.647-0400: 41.191: [GC (GCLocker Initiated GC) [PSYoungGen: 168303K->24307K(197632K)] 555167K->428152K(721920K), 0.0268166 secs] [Times: user=0.22 sys=0.02, real=0.02 secs] 
2016-09-25T21:08:47.867-0400: 41.410: [GC (GCLocker Initiated GC) [PSYoungGen: 165619K->29659K(203776K)] 581754K->446632K(728064K), 0.0472366 secs] [Times: user=0.48 sys=0.01, real=0.05 secs] 
2016-09-25T21:08:48.109-0400: 41.653: [GC (GCLocker Initiated GC) [PSYoungGen: 179675K->33507K(203264K)] 599578K->454245K(727552K), 0.0118920 secs] [Times: user=0.09 sys=0.00, real=0.01 secs] 
2016-09-25T21:08:48.320-0400: 41.864: [GC (GCLocker Initiated GC) [PSYoungGen: 183523K->34861K(207360K)] 604293K->456427K(731648K), 0.0357089 secs] [Times: user=0.36 sys=0.01, real=0.04 secs] 
2016-09-25T21:08:48.556-0400: 42.099: [GC (GCLocker Initiated GC) [PSYoungGen: 190509K->17566K(206848K)] 627143K->479315K(731136K), 0.0468512 secs] [Times: user=0.45 sys=0.01, real=0.05 secs] 
2016-09-25T21:08:48.831-0400: 42.375: [GC (GCLocker Initiated GC) [PSYoungGen: 173214K->24151K(209408K)] 643159K->495030K(733696K), 0.0202895 secs] [Times: user=0.19 sys=0.00, real=0.02 secs] 
2016-09-25T21:08:49.059-0400: 42.602: [GC (GCLocker Initiated GC) [PSYoungGen: 183383K->24201K(209920K)] 659740K->517671K(734208K), 0.0177026 secs] [Times: user=0.13 sys=0.01, real=0.02 secs] 
2016-09-25T21:08:49.077-0400: 42.620: [Full GC (Ergonomics) [PSYoungGen: 24201K->0K(209920K)] [ParOldGen: 493470K->120710K(524288K)] 517671K->120710K(734208K), [Metaspace: 43359K->43359K(1085440K)], 0.0809591 secs] [Times: user=0.40 sys=0.02, real=0.08 secs] 
2016-09-25T21:08:49.352-0400: 42.896: [GC (GCLocker Initiated GC) [PSYoungGen: 159232K->47471K(202752K)] 279983K->173622K(727040K), 0.0142157 secs] [Times: user=0.13 sys=0.00, real=0.02 secs] 
2016-09-25T21:08:49.579-0400: 43.122: [GC (GCLocker Initiated GC) [PSYoungGen: 201071K->14692K(168448K)] 334476K->178852K(692736K), 0.0532832 secs] [Times: user=0.51 sys=0.01, real=0.05 secs] 
2016-09-25T21:08:54.361-0400: 47.904: [GC (GCLocker Initiated GC) [PSYoungGen: 168292K->26854K(209408K)] 340754K->211045K(733696K), 0.0195287 secs] [Times: user=0.15 sys=0.04, real=0.02 secs] 
2016-09-25T21:08:54.572-0400: 48.115: [GC (Allocation Failure) [PSYoungGen: 181478K->29549K(184320K)] 368535K->217378K(708608K), 0.0105058 secs] [Times: user=0.09 sys=0.00, real=0.02 secs] 
2016-09-25T21:08:54.763-0400: 48.307: [GC (GCLocker Initiated GC) [PSYoungGen: 183040K->18670K(204800K)] 372219K->219499K(729088K), 0.0215041 secs] [Times: user=0.20 sys=0.01, real=0.02 secs] 
2016-09-25T21:08:55.501-0400: 49.045: [GC (GCLocker Initiated GC) [PSYoungGen: 173294K->30688K(204800K)] 376825K->235035K(729088K), 0.0236929 secs] [Times: user=0.24 sys=0.01, real=0.03 secs] 
2016-09-25T21:08:55.777-0400: 49.320: [GC (GCLocker Initiated GC) [PSYoungGen: 185312K->25423K(210432K)] 392600K->233459K(734720K), 0.0059726 secs] [Times: user=0.02 sys=0.01, real=0.01 secs] 
2016-09-25T21:08:56.038-0400: 49.581: [GC (GCLocker Initiated GC) [PSYoungGen: 188751K->15942K(210432K)] 399510K->227512K(734720K), 0.0290668 secs] [Times: user=0.23 sys=0.03, real=0.03 secs] 
2016-09-25T21:08:56.286-0400: 49.829: [GC (GCLocker Initiated GC) [PSYoungGen: 179270K->40533K(208384K)] 399033K->261165K(732672K), 0.0075597 secs] [Times: user=0.06 sys=0.01, real=0.00 secs] 
2016-09-25T21:08:56.505-0400: 50.049: [GC (GCLocker Initiated GC) [PSYoungGen: 201301K->21461K(211456K)] 432967K->253973K(735744K), 0.0144069 secs] [Times: user=0.14 sys=0.02, real=0.01 secs] 
2016-09-25T21:08:56.695-0400: 50.239: [GC (GCLocker Initiated GC) [PSYoungGen: 182229K->29428K(207360K)] 423071K->271241K(731648K), 0.0208090 secs] [Times: user=0.21 sys=0.03, real=0.02 secs] 
2016-09-25T21:08:56.880-0400: 50.424: [GC (GCLocker Initiated GC) [PSYoungGen: 191220K->26895K(209920K)] 435781K->272246K(734208K), 0.0157369 secs] [Times: user=0.21 sys=0.01, real=0.02 secs] 
2016-09-25T21:08:57.070-0400: 50.614: [GC (GCLocker Initiated GC) [PSYoungGen: 188687K->25554K(210432K)] 436931K->274611K(734720K), 0.0214866 secs] [Times: user=0.18 sys=0.00, real=0.02 secs] 
2016-09-25T21:08:57.289-0400: 50.833: [GC (GCLocker Initiated GC) [PSYoungGen: 193490K->32363K(212480K)] 445562K->285417K(736768K), 0.0090408 secs] [Times: user=0.07 sys=0.00, real=0.01 secs] 
2016-09-25T21:08:57.483-0400: 51.026: [GC (GCLocker Initiated GC) [PSYoungGen: 200299K->41872K(210432K)] 458501K->300955K(734720K), 0.0221061 secs] [Times: user=0.24 sys=0.01, real=0.02 secs] 
2016-09-25T21:08:57.706-0400: 51.250: [GC (GCLocker Initiated GC) [PSYoungGen: 207760K->31086K(214016K)] 475059K->307560K(738304K), 0.0133792 secs] [Times: user=0.08 sys=0.01, real=0.01 secs] 
2016-09-25T21:08:57.905-0400: 51.449: [GC (GCLocker Initiated GC) [PSYoungGen: 196974K->29713K(209920K)] 473453K->307115K(734208K), 0.0152440 secs] [Times: user=0.14 sys=0.01, real=0.01 secs] 
2016-09-25T21:08:58.128-0400: 51.672: [GC (GCLocker Initiated GC) [PSYoungGen: 196625K->29763K(212480K)] 476964K->311122K(736768K), 0.0292774 secs] [Times: user=0.28 sys=0.00, real=0.03 secs] 
2016-09-25T21:08:58.372-0400: 51.915: [GC (GCLocker Initiated GC) [PSYoungGen: 196675K->29837K(212480K)] 487588K->321843K(736768K), 0.0271333 secs] [Times: user=0.27 sys=0.01, real=0.03 secs] 
2016-09-25T21:08:58.601-0400: 52.145: [GC (GCLocker Initiated GC) [PSYoungGen: 202381K->20420K(215040K)] 501370K->339460K(739328K), 0.0209917 secs] [Times: user=0.14 sys=0.02, real=0.03 secs] 
2016-09-25T21:08:58.829-0400: 52.372: [GC (GCLocker Initiated GC) [PSYoungGen: 192964K->25672K(218112K)] 513390K->347136K(742400K), 0.0236270 secs] [Times: user=0.20 sys=0.00, real=0.02 secs] 
2016-09-25T21:08:59.053-0400: 52.597: [GC (GCLocker Initiated GC) [PSYoungGen: 202312K->36371K(218624K)] 523947K->369906K(742912K), 0.0178327 secs] [Times: user=0.18 sys=0.01, real=0.02 secs] 
2016-09-25T21:08:59.273-0400: 52.817: [GC (GCLocker Initiated GC) [PSYoungGen: 213011K->24130K(219136K)] 551979K->380193K(743424K), 0.0382622 secs] [Times: user=0.37 sys=0.00, real=0.04 secs] 
2016-09-25T21:08:59.514-0400: 53.058: [GC (GCLocker Initiated GC) [PSYoungGen: 199746K->25553K(201216K)] 558590K->396113K(725504K), 0.0164652 secs] [Times: user=0.14 sys=0.00, real=0.01 secs] 
2016-09-25T21:08:59.751-0400: 53.294: [GC (GCLocker Initiated GC) [PSYoungGen: 201169K->35071K(216064K)] 571945K->406828K(740352K), 0.0246327 secs] [Times: user=0.20 sys=0.00, real=0.03 secs] 
2016-09-25T21:08:59.951-0400: 53.495: [GC (GCLocker Initiated GC) [PSYoungGen: 209151K->28279K(217600K)] 581138K->401235K(741888K), 0.0235401 secs] [Times: user=0.18 sys=0.01, real=0.03 secs] 
2016-09-25T21:09:00.174-0400: 53.718: [GC (GCLocker Initiated GC) [PSYoungGen: 202359K->24253K(217600K)] 584918K->410471K(741888K), 0.0136154 secs] [Times: user=0.13 sys=0.00, real=0.01 secs] 
2016-09-25T21:09:00.423-0400: 53.966: [GC (GCLocker Initiated GC) [PSYoungGen: 200893K->15996K(218112K)] 599369K->423499K(742400K), 0.0336563 secs] [Times: user=0.33 sys=0.00, real=0.03 secs] 
2016-09-25T21:09:00.677-0400: 54.220: [GC (GCLocker Initiated GC) [PSYoungGen: 192636K->40153K(213504K)] 604217K->452497K(737792K), 0.0110900 secs] [Times: user=0.10 sys=0.00, real=0.01 secs] 
2016-09-25T21:09:00.908-0400: 54.452: [GC (GCLocker Initiated GC) [PSYoungGen: 211161K->35021K(206336K)] 626350K->464458K(730624K), 0.0067832 secs] [Times: user=0.06 sys=0.01, real=0.01 secs] 
2016-09-25T21:09:01.144-0400: 54.687: [GC (GCLocker Initiated GC) [PSYoungGen: 206029K->21379K(216064K)] 645132K->461201K(740352K), 0.0139723 secs] [Times: user=0.14 sys=0.02, real=0.01 secs] 
2016-09-25T21:09:01.333-0400: 54.876: [GC (GCLocker Initiated GC) [PSYoungGen: 190851K->34840K(215552K)] 640353K->485009K(739840K), 0.0403895 secs] [Times: user=0.45 sys=0.02, real=0.04 secs] 
2016-09-25T21:09:01.543-0400: 55.087: [GC (GCLocker Initiated GC) [PSYoungGen: 204312K->39961K(210432K)] 657295K->493572K(734720K), 0.0284533 secs] [Times: user=0.28 sys=0.00, real=0.02 secs] 
2016-09-25T21:09:01.744-0400: 55.287: [GC (GCLocker Initiated GC) [PSYoungGen: 203801K->39878K(203776K)] 657556K->494088K(728064K), 0.0196841 secs] [Times: user=0.22 sys=0.00, real=0.02 secs] 
2016-09-25T21:09:01.929-0400: 55.473: [GC (GCLocker Initiated GC) [PSYoungGen: 203718K->31961K(212992K)] 660712K->489393K(737280K), 0.0301122 secs] [Times: user=0.32 sys=0.00, real=0.03 secs] 
2016-09-25T21:09:02.124-0400: 55.667: [GC (GCLocker Initiated GC) [PSYoungGen: 194265K->34672K(197120K)] 659857K->500754K(721408K), 0.0119319 secs] [Times: user=0.11 sys=0.00, real=0.01 secs] 
2016-09-25T21:09:02.307-0400: 55.850: [GC (GCLocker Initiated GC) [PSYoungGen: 196976K->14336K(209920K)] 665792K->502592K(734208K), 0.0341962 secs] [Times: user=0.33 sys=0.00, real=0.03 secs] 
2016-09-25T21:09:02.519-0400: 56.063: [GC (GCLocker Initiated GC) [PSYoungGen: 175616K->43033K(204800K)] 669285K->537322K(729088K), 0.0216736 secs] [Times: user=0.20 sys=0.00, real=0.02 secs] 
2016-09-25T21:09:02.728-0400: 56.272: [Full GC (Ergonomics) [PSYoungGen: 204313K->0K(204800K)] [ParOldGen: 513998K->149581K(524288K)] 718311K->149581K(729088K), [Metaspace: 43382K->43382K(1085440K)], 0.0882815 secs] [Times: user=0.42 sys=0.03, real=0.09 secs] 
2016-09-25T21:09:03.024-0400: 56.568: [GC (GCLocker Initiated GC) [PSYoungGen: 161280K->33337K(210432K)] 311520K->183578K(734720K), 0.0110600 secs] [Times: user=0.09 sys=0.00, real=0.01 secs] 
2016-09-25T21:09:03.204-0400: 56.748: [GC (GCLocker Initiated GC) [PSYoungGen: 191033K->41520K(199680K)] 346896K->199406K(723968K), 0.0172732 secs] [Times: user=0.21 sys=0.00, real=0.01 secs] 
2016-09-25T21:09:03.385-0400: 56.929: [GC (GCLocker Initiated GC) [PSYoungGen: 199216K->29275K(210432K)] 359844K->190422K(734720K), 0.0158062 secs] [Times: user=0.16 sys=0.00, real=0.01 secs] 
2016-09-25T21:09:03.576-0400: 57.119: [GC (GCLocker Initiated GC) [PSYoungGen: 186459K->30828K(188416K)] 353017K->197986K(712704K), 0.0318863 secs] [Times: user=0.34 sys=0.00, real=0.03 secs] 
2016-09-25T21:09:03.794-0400: 57.338: [GC (GCLocker Initiated GC) [PSYoungGen: 188012K->44540K(204800K)] 357895K->215210K(729088K), 0.0592899 secs] [Times: user=0.57 sys=0.00, real=0.06 secs] 
2016-09-25T21:09:04.046-0400: 57.590: [GC (GCLocker Initiated GC) [PSYoungGen: 199164K->36757K(207360K)] 369871K->238208K(731648K), 0.0178349 secs] [Times: user=0.18 sys=0.01, real=0.02 secs] 
2016-09-25T21:09:04.248-0400: 57.792: [GC (GCLocker Initiated GC) [PSYoungGen: 191381K->34160K(205824K)] 395606K->242254K(730112K), 0.0327711 secs] [Times: user=0.38 sys=0.00, real=0.03 secs] 
2016-09-25T21:09:04.460-0400: 58.003: [GC (GCLocker Initiated GC) [PSYoungGen: 191344K->31383K(207872K)] 402268K->243515K(732160K), 0.0229082 secs] [Times: user=0.33 sys=0.00, real=0.03 secs] 
2016-09-25T21:09:04.676-0400: 58.219: [GC (GCLocker Initiated GC) [PSYoungGen: 188567K->44919K(206848K)] 403403K->261086K(731136K), 0.0205825 secs] [Times: user=0.24 sys=0.00, real=0.02 secs] 
2016-09-25T21:09:04.899-0400: 58.443: [GC (GCLocker Initiated GC) [PSYoungGen: 202615K->23449K(209920K)] 424417K->246474K(734208K), 0.0461800 secs] [Times: user=0.57 sys=0.00, real=0.05 secs] 
2016-09-25T21:09:05.125-0400: 58.668: [GC (GCLocker Initiated GC) [PSYoungGen: 181145K->23175K(209920K)] 412273K->255518K(734208K), 0.0144784 secs] [Times: user=0.15 sys=0.00, real=0.01 secs] 
2016-09-25T21:09:05.359-0400: 58.903: [GC (GCLocker Initiated GC) [PSYoungGen: 180871K->26199K(184320K)] 421352K->267896K(708608K), 0.0511445 secs] [Times: user=0.57 sys=0.01, real=0.05 secs] 
2016-09-25T21:09:05.633-0400: 59.177: [GC (GCLocker Initiated GC) [PSYoungGen: 183895K->37075K(208896K)] 425675K->280354K(733184K), 0.0329555 secs] [Times: user=0.31 sys=0.01, real=0.04 secs] 
2016-09-25T21:09:05.903-0400: 59.446: [GC (GCLocker Initiated GC) [PSYoungGen: 194771K->34378K(208896K)] 444828K->307659K(733184K), 0.0122273 secs] [Times: user=0.11 sys=0.00, real=0.01 secs] 
2016-09-25T21:09:06.154-0400: 59.698: [GC (GCLocker Initiated GC) [PSYoungGen: 192074K->29052K(209920K)] 466082K->318186K(734208K), 0.0180465 secs] [Times: user=0.21 sys=0.01, real=0.01 secs] 
2016-09-25T21:09:06.389-0400: 59.933: [GC (GCLocker Initiated GC) [PSYoungGen: 189820K->34230K(209920K)] 478987K->324865K(734208K), 0.0359799 secs] [Times: user=0.36 sys=0.00, real=0.04 secs] 
2016-09-25T21:09:06.649-0400: 60.193: [GC (GCLocker Initiated GC) [PSYoungGen: 194998K->34576K(211968K)] 488445K->351142K(736256K), 0.0126989 secs] [Times: user=0.13 sys=0.01, real=0.01 secs] 
2016-09-25T21:09:06.893-0400: 60.437: [GC (GCLocker Initiated GC) [PSYoungGen: 199440K->33218K(211968K)] 521517K->356943K(736256K), 0.0197468 secs] [Times: user=0.19 sys=0.00, real=0.02 secs] 
2016-09-25T21:09:07.113-0400: 60.657: [GC (GCLocker Initiated GC) [PSYoungGen: 198082K->44004K(209920K)] 527236K->385742K(734208K), 0.0142859 secs] [Times: user=0.07 sys=0.01, real=0.02 secs] 
2016-09-25T21:09:07.330-0400: 60.873: [GC (GCLocker Initiated GC) [PSYoungGen: 207844K->30180K(212992K)] 552408K->392606K(737280K), 0.0319301 secs] [Times: user=0.30 sys=0.00, real=0.03 secs] 
2016-09-25T21:09:07.557-0400: 61.100: [GC (GCLocker Initiated GC) [PSYoungGen: 194020K->38097K(212992K)] 556687K->402194K(737280K), 0.0305854 secs] [Times: user=0.32 sys=0.01, real=0.03 secs] 
2016-09-25T21:09:07.761-0400: 61.305: [GC (GCLocker Initiated GC) [PSYoungGen: 202961K->31116K(196096K)] 567143K->399221K(720384K), 0.0209506 secs] [Times: user=0.21 sys=0.00, real=0.03 secs] 
2016-09-25T21:09:07.965-0400: 61.508: [GC (GCLocker Initiated GC) [PSYoungGen: 195980K->20153K(211968K)] 569507K->410888K(736256K), 0.0239574 secs] [Times: user=0.22 sys=0.00, real=0.02 secs] 
2016-09-25T21:09:08.192-0400: 61.736: [GC (GCLocker Initiated GC) [PSYoungGen: 184505K->31259K(212992K)] 583564K->442131K(737280K), 0.0178203 secs] [Times: user=0.12 sys=0.01, real=0.02 secs] 
2016-09-25T21:09:08.403-0400: 61.947: [GC (GCLocker Initiated GC) [PSYoungGen: 195611K->39245K(211968K)] 606485K->451118K(736256K), 0.0111637 secs] [Times: user=0.10 sys=0.00, real=0.01 secs] 
2016-09-25T21:09:08.593-0400: 62.137: [GC (Allocation Failure) [PSYoungGen: 204109K->46273K(211456K)] 620068K->468629K(735744K), 0.0060110 secs] [Times: user=0.06 sys=0.01, real=0.01 secs] 
2016-09-25T21:09:08.790-0400: 62.334: [GC (GCLocker Initiated GC) [PSYoungGen: 211137K->37933K(210432K)] 636195K->488354K(734720K), 0.0069106 secs] [Times: user=0.09 sys=0.01, real=0.01 secs] 
2016-09-25T21:09:08.985-0400: 62.529: [GC (GCLocker Initiated GC) [PSYoungGen: 197677K->21628K(181760K)] 658902K->483776K(706048K), 0.0257745 secs] [Times: user=0.26 sys=0.01, real=0.02 secs] 
2016-09-25T21:09:09.205-0400: 62.748: [GC (GCLocker Initiated GC) [PSYoungGen: 181372K->32555K(211968K)] 648980K->501349K(736256K), 0.0062331 secs] [Times: user=0.04 sys=0.00, real=0.00 secs] 
2016-09-25T21:09:09.405-0400: 62.948: [GC (GCLocker Initiated GC) [PSYoungGen: 192811K->33843K(194560K)] 667239K->509336K(718848K), 0.0121011 secs] [Times: user=0.14 sys=0.00, real=0.01 secs] 
2016-09-25T21:09:09.595-0400: 63.138: [GC (GCLocker Initiated GC) [PSYoungGen: 194099K->45880K(205824K)] 669699K->522419K(730112K), 0.0230620 secs] [Times: user=0.24 sys=0.00, real=0.02 secs] 
2016-09-25T21:09:09.805-0400: 63.349: [GC (GCLocker Initiated GC) [PSYoungGen: 203064K->22989K(208896K)] 687724K->519323K(733184K), 0.0235105 secs] [Times: user=0.33 sys=0.00, real=0.02 secs] 
2016-09-25T21:09:09.991-0400: 63.535: [Full GC (Ergonomics) [PSYoungGen: 180173K->0K(208896K)] [ParOldGen: 503231K->186766K(524288K)] 683405K->186766K(733184K), [Metaspace: 43403K->43403K(1085440K)], 0.0774661 secs] [Times: user=0.56 sys=0.01, real=0.08 secs] 
2016-09-25T21:09:10.261-0400: 63.804: [GC (GCLocker Initiated GC) [PSYoungGen: 157184K->40835K(207872K)] 349427K->233078K(732160K), 0.0115341 secs] [Times: user=0.13 sys=0.00, real=0.01 secs] 
2016-09-25T21:09:10.501-0400: 64.044: [GC (GCLocker Initiated GC) [PSYoungGen: 196483K->39161K(208896K)] 394129K->237925K(733184K), 0.0151739 secs] [Times: user=0.19 sys=0.00, real=0.02 secs] 
2016-09-25T21:09:10.714-0400: 64.257: [GC (GCLocker Initiated GC) [PSYoungGen: 194809K->41801K(207872K)] 399106K->246980K(732160K), 0.0178914 secs] [Times: user=0.19 sys=0.01, real=0.02 secs] 
2016-09-25T21:09:10.961-0400: 64.504: [GC (Allocation Failure) [PSYoungGen: 196425K->3098K(158208K)] 423381K->230971K(682496K), 0.0148042 secs] [Times: user=0.20 sys=0.02, real=0.02 secs] 
2016-09-25T21:09:11.145-0400: 64.689: [GC (GCLocker Initiated GC) [PSYoungGen: 157722K->51340K(195584K)] 385599K->280265K(719872K), 0.0116146 secs] [Times: user=0.11 sys=0.00, real=0.01 secs] 
2016-09-25T21:09:11.325-0400: 64.869: [GC (GCLocker Initiated GC) [PSYoungGen: 189580K->38972K(200192K)] 420045K->270235K(724480K), 0.0323523 secs] [Times: user=0.38 sys=0.01, real=0.03 secs] 
2016-09-25T21:09:11.519-0400: 65.062: [GC (Allocation Failure) [PSYoungGen: 177212K->48458K(196096K)] 408525K->294059K(720384K), 0.0119278 secs] [Times: user=0.14 sys=0.01, real=0.01 secs] 
2016-09-25T21:09:11.677-0400: 65.221: [GC (GCLocker Initiated GC) [PSYoungGen: 182870K->40358K(198656K)] 431171K->294787K(722944K), 0.0092717 secs] [Times: user=0.09 sys=0.01, real=0.01 secs] 
2016-09-25T21:09:11.851-0400: 65.395: [GC (GCLocker Initiated GC) [PSYoungGen: 175526K->26831K(195584K)] 438081K->290132K(719872K), 0.0183185 secs] [Times: user=0.19 sys=0.00, real=0.02 secs] 
2016-09-25T21:09:12.023-0400: 65.566: [GC (GCLocker Initiated GC) [PSYoungGen: 163023K->27992K(197632K)] 426349K->310991K(721920K), 0.0149723 secs] [Times: user=0.09 sys=0.01, real=0.01 secs] 
2016-09-25T21:09:12.205-0400: 65.748: [GC (GCLocker Initiated GC) [PSYoungGen: 164184K->26674K(196608K)] 447372K->326734K(720896K), 0.0380476 secs] [Times: user=0.38 sys=0.00, real=0.04 secs] 
2016-09-25T21:09:12.412-0400: 65.956: [GC (GCLocker Initiated GC) [PSYoungGen: 166962K->41815K(199168K)] 469868K->345505K(723456K), 0.0068082 secs] [Times: user=0.05 sys=0.02, real=0.01 secs] 
2016-09-25T21:09:12.584-0400: 66.128: [GC (GCLocker Initiated GC) [PSYoungGen: 182103K->32361K(199680K)] 491333K->342370K(723968K), 0.0273202 secs] [Times: user=0.37 sys=0.00, real=0.02 secs] 
2016-09-25T21:09:12.773-0400: 66.316: [GC (GCLocker Initiated GC) [PSYoungGen: 176233K->34997K(201216K)] 491872K->351419K(725504K), 0.0109216 secs] [Times: user=0.08 sys=0.00, real=0.02 secs] 
2016-09-25T21:09:12.949-0400: 66.493: [GC (GCLocker Initiated GC) [PSYoungGen: 178869K->37505K(203264K)] 495443K->354788K(727552K), 0.0221288 secs] [Times: user=0.21 sys=0.00, real=0.02 secs] 
2016-09-25T21:09:13.154-0400: 66.697: [GC (GCLocker Initiated GC) [PSYoungGen: 187009K->24171K(203776K)] 504301K->350258K(728064K), 0.0136037 secs] [Times: user=0.16 sys=0.02, real=0.02 secs] 
2016-09-25T21:09:13.332-0400: 66.875: [GC (GCLocker Initiated GC) [PSYoungGen: 173675K->18706K(206848K)] 507325K->363904K(731136K), 0.0080481 secs] [Times: user=0.08 sys=0.01, real=0.01 secs] 
2016-09-25T21:09:13.508-0400: 67.051: [GC (GCLocker Initiated GC) [PSYoungGen: 171282K->33560K(186368K)] 521924K->384934K(710656K), 0.0098927 secs] [Times: user=0.11 sys=0.01, real=0.01 secs] 
2016-09-25T21:09:13.669-0400: 67.212: [GC (GCLocker Initiated GC) [PSYoungGen: 186136K->51176K(199680K)] 537640K->414239K(723968K), 0.0085330 secs] [Times: user=0.12 sys=0.00, real=0.01 secs] 
2016-09-25T21:09:13.833-0400: 67.377: [GC (Allocation Failure) [PSYoungGen: 197608K->49863K(196608K)] 560912K->427381K(720896K), 0.0086157 secs] [Times: user=0.08 sys=0.01, real=0.01 secs] 
2016-09-25T21:09:13.842-0400: 67.386: [GC (GCLocker Initiated GC) [PSYoungGen: 49873K->192K(193536K)] 427391K->416387K(717824K), 0.0079608 secs] [Times: user=0.05 sys=0.01, real=0.00 secs] 
2016-09-25T21:09:14.017-0400: 67.561: [GC (GCLocker Initiated GC) [PSYoungGen: 131374K->43335K(175616K)] 550269K->462230K(699904K), 0.0079529 secs] [Times: user=0.02 sys=0.07, real=0.01 secs] 
2016-09-25T21:09:14.188-0400: 67.731: [GC (GCLocker Initiated GC) [PSYoungGen: 175431K->36300K(198656K)] 598408K->460323K(722944K), 0.0246117 secs] [Times: user=0.27 sys=0.00, real=0.02 secs] 
2016-09-25T21:09:14.356-0400: 67.899: [GC (GCLocker Initiated GC) [PSYoungGen: 168908K->37517K(170496K)] 595664K->491977K(694784K), 0.0138194 secs] [Times: user=0.17 sys=0.02, real=0.01 secs] 
2016-09-25T21:09:14.517-0400: 68.061: [GC (GCLocker Initiated GC) [PSYoungGen: 170125K->33602K(197120K)] 631364K->522491K(721408K), 0.0118276 secs] [Times: user=0.17 sys=0.01, real=0.01 secs] 
2016-09-25T21:09:14.529-0400: 68.073: [Full GC (Ergonomics) [PSYoungGen: 33602K->0K(197120K)] [ParOldGen: 488889K->200761K(524288K)] 522491K->200761K(721408K), [Metaspace: 43467K->43467K(1085440K)], 0.0766413 secs] [Times: user=0.40 sys=0.02, real=0.08 secs] 
2016-09-25T21:09:14.752-0400: 68.296: [GC (GCLocker Initiated GC) [PSYoungGen: 135168K->23091K(194560K)] 344173K->232105K(718848K), 0.0060314 secs] [Times: user=0.06 sys=0.00, real=0.01 secs] 
2016-09-25T21:09:14.915-0400: 68.458: [GC (GCLocker Initiated GC) [PSYoungGen: 158259K->40255K(199680K)] 374174K->257142K(723968K), 0.0247924 secs] [Times: user=0.29 sys=0.01, real=0.02 secs] 
2016-09-25T21:09:15.092-0400: 68.636: [GC (GCLocker Initiated GC) [PSYoungGen: 181055K->43081K(199680K)] 400644K->263399K(723968K), 0.0116682 secs] [Times: user=0.16 sys=0.01, real=0.02 secs] 
2016-09-25T21:09:15.274-0400: 68.817: [GC (GCLocker Initiated GC) [PSYoungGen: 183881K->35072K(199168K)] 409668K->261562K(723456K), 0.0174948 secs] [Times: user=0.13 sys=0.01, real=0.02 secs] 
2016-09-25T21:09:15.475-0400: 69.018: [GC (GCLocker Initiated GC) [PSYoungGen: 178432K->48578K(200704K)] 410418K->281374K(724992K), 0.0095041 secs] [Times: user=0.11 sys=0.00, real=0.01 secs] 
2016-09-25T21:09:15.662-0400: 69.205: [GC (GCLocker Initiated GC) [PSYoungGen: 191938K->42097K(201728K)] 424766K->275798K(726016K), 0.0196484 secs] [Times: user=0.24 sys=0.01, real=0.02 secs] 
2016-09-25T21:09:15.869-0400: 69.412: [GC (GCLocker Initiated GC) [PSYoungGen: 183409K->29617K(171008K)] 420043K->267179K(695296K), 0.0268641 secs] [Times: user=0.34 sys=0.02, real=0.03 secs] 
2016-09-25T21:09:16.083-0400: 69.626: [GC (GCLocker Initiated GC) [PSYoungGen: 170929K->29637K(202240K)] 415603K->275234K(726528K), 0.0138099 secs] [Times: user=0.17 sys=0.00, real=0.01 secs] 
2016-09-25T21:09:16.298-0400: 69.841: [GC (Allocation Failure) [PSYoungGen: 172485K->19086K(200704K)] 426184K->273632K(724992K), 0.0201858 secs] [Times: user=0.23 sys=0.01, real=0.02 secs] 
2016-09-25T21:09:16.482-0400: 70.026: [GC (GCLocker Initiated GC) [PSYoungGen: 160461K->46042K(199680K)] 417707K->304324K(723968K), 0.0094943 secs] [Times: user=0.14 sys=0.00, real=0.00 secs] 
2016-09-25T21:09:16.664-0400: 70.208: [GC (GCLocker Initiated GC) [PSYoungGen: 187354K->37752K(201728K)] 451127K->302457K(726016K), 0.0121103 secs] [Times: user=0.11 sys=0.00, real=0.01 secs] 
2016-09-25T21:09:16.853-0400: 70.397: [GC (GCLocker Initiated GC) [PSYoungGen: 179064K->29573K(199168K)] 443857K->295324K(723456K), 0.0147881 secs] [Times: user=0.04 sys=0.02, real=0.02 secs] 
2016-09-25T21:09:17.037-0400: 70.581: [GC (GCLocker Initiated GC) [PSYoungGen: 172421K->22900K(200704K)] 438174K->289476K(724992K), 0.0276180 secs] [Times: user=0.35 sys=0.00, real=0.03 secs] 
2016-09-25T21:09:17.229-0400: 70.772: [GC (GCLocker Initiated GC) [PSYoungGen: 165748K->31128K(199680K)] 437727K->304095K(723968K), 0.0083774 secs] [Times: user=0.09 sys=0.00, real=0.01 secs] 
2016-09-25T21:09:17.421-0400: 70.964: [GC (GCLocker Initiated GC) [PSYoungGen: 178072K->37944K(202240K)] 451124K->311936K(726528K), 0.0053462 secs] [Times: user=0.04 sys=0.01, real=0.01 secs] 
2016-09-25T21:09:17.629-0400: 71.173: [GC (GCLocker Initiated GC) [PSYoungGen: 184888K->12100K(204288K)] 465952K->315805K(728576K), 0.0081799 secs] [Times: user=0.07 sys=0.00, real=0.01 secs] 
2016-09-25T21:09:17.840-0400: 71.383: [GC (GCLocker Initiated GC) [PSYoungGen: 161604K->27121K(205824K)] 472268K->338838K(730112K), 0.0081222 secs] [Times: user=0.08 sys=0.00, real=0.01 secs] 
2016-09-25T21:09:18.032-0400: 71.576: [GC (GCLocker Initiated GC) [PSYoungGen: 176625K->36395K(204800K)] 488525K->349446K(729088K), 0.0149672 secs] [Times: user=0.12 sys=0.01, real=0.02 secs] 
2016-09-25T21:09:18.240-0400: 71.783: [GC (GCLocker Initiated GC) [PSYoungGen: 187435K->39424K(205312K)] 500608K->353708K(729600K), 0.0198640 secs] [Times: user=0.18 sys=0.02, real=0.02 secs] 
2016-09-25T21:09:18.455-0400: 71.999: [GC (GCLocker Initiated GC) [PSYoungGen: 190464K->21683K(207360K)] 511603K->346582K(731648K), 0.0166808 secs] [Times: user=0.17 sys=0.00, real=0.01 secs] 
2016-09-25T21:09:18.655-0400: 72.198: [GC (GCLocker Initiated GC) [PSYoungGen: 173747K->34121K(186368K)] 502892K->364500K(710656K), 0.0115235 secs] [Times: user=0.12 sys=0.00, real=0.01 secs] 
2016-09-25T21:09:18.846-0400: 72.389: [GC (GCLocker Initiated GC) [PSYoungGen: 186185K->34025K(206336K)] 521854K->381679K(730624K), 0.0136540 secs] [Times: user=0.16 sys=0.00, real=0.01 secs] 
2016-09-25T21:09:19.051-0400: 72.594: [GC (GCLocker Initiated GC) [PSYoungGen: 187113K->27067K(205312K)] 534931K->376266K(729600K), 0.0062148 secs] [Times: user=0.04 sys=0.00, real=0.01 secs] 
2016-09-25T21:09:19.247-0400: 72.791: [GC (GCLocker Initiated GC) [PSYoungGen: 180155K->32468K(208384K)] 532112K->385475K(732672K), 0.0126707 secs] [Times: user=0.14 sys=0.00, real=0.01 secs] 
2016-09-25T21:09:19.420-0400: 72.964: [GC (GCLocker Initiated GC) [PSYoungGen: 190676K->39459K(207360K)] 546484K->401813K(731648K), 0.0107937 secs] [Times: user=0.10 sys=0.02, real=0.01 secs] 
2016-09-25T21:09:19.604-0400: 73.148: [GC (GCLocker Initiated GC) [PSYoungGen: 197667K->42082K(208384K)] 562963K->419309K(732672K), 0.0271501 secs] [Times: user=0.36 sys=0.01, real=0.02 secs] 
2016-09-25T21:09:19.850-0400: 73.394: [GC (GCLocker Initiated GC) [PSYoungGen: 199778K->32436K(209920K)] 582418K->416130K(734208K), 0.0323368 secs] [Times: user=0.31 sys=0.02, real=0.04 secs] 
2016-09-25T21:09:20.096-0400: 73.639: [GC (GCLocker Initiated GC) [PSYoungGen: 190132K->32467K(206848K)] 576559K->433500K(731136K), 0.0071527 secs] [Times: user=0.03 sys=0.00, real=0.01 secs] 
2016-09-25T21:09:20.295-0400: 73.839: [GC (GCLocker Initiated GC) [PSYoungGen: 191699K->32533K(208384K)] 595434K->448125K(732672K), 0.0220849 secs] [Times: user=0.21 sys=0.01, real=0.02 secs] 
2016-09-25T21:09:20.534-0400: 74.078: [GC (GCLocker Initiated GC) [PSYoungGen: 191765K->31201K(210944K)] 610105K->450640K(735232K), 0.0100791 secs] [Times: user=0.11 sys=0.00, real=0.01 secs] 
2016-09-25T21:09:20.724-0400: 74.267: [GC (GCLocker Initiated GC) [PSYoungGen: 196577K->35535K(211968K)] 618928K->459011K(736256K), 0.0171358 secs] [Times: user=0.15 sys=0.02, real=0.01 secs] 
2016-09-25T21:09:20.945-0400: 74.488: [GC (Allocation Failure) [PSYoungGen: 200911K->29583K(214016K)] 630021K->459776K(738304K), 0.0479707 secs] [Times: user=0.47 sys=0.01, real=0.04 secs] 
2016-09-25T21:09:20.993-0400: 74.537: [GC (GCLocker Initiated GC) [PSYoungGen: 29989K->64K(169984K)] 460182K->452958K(694272K), 0.0114433 secs] [Times: user=0.08 sys=0.01, real=0.02 secs] 
2016-09-25T21:09:21.193-0400: 74.737: [GC (GCLocker Initiated GC) [PSYoungGen: 168962K->28290K(214016K)] 624557K->483909K(738304K), 0.0157561 secs] [Times: user=0.12 sys=0.00, real=0.02 secs] 
2016-09-25T21:09:21.390-0400: 74.933: [GC (GCLocker Initiated GC) [PSYoungGen: 192642K->18723K(212480K)] 656376K->491559K(736768K), 0.0233890 secs] [Times: user=0.21 sys=0.00, real=0.02 secs] 
2016-09-25T21:09:21.588-0400: 75.132: [GC (GCLocker Initiated GC) [PSYoungGen: 183075K->40456K(208896K)] 658643K->516902K(733184K), 0.0125496 secs] [Times: user=0.15 sys=0.00, real=0.01 secs] 
2016-09-25T21:09:21.783-0400: 75.326: [GC (Allocation Failure) [PSYoungGen: 201224K->32355K(211456K)] 677777K->528658K(735744K), 0.0078278 secs] [Times: user=0.08 sys=0.01, real=0.00 secs] 
2016-09-25T21:09:21.970-0400: 75.513: [Full GC (Ergonomics) [PSYoungGen: 190817K->0K(211456K)] [ParOldGen: 499002K->231897K(524288K)] 689820K->231897K(735744K), [Metaspace: 43504K->43504K(1085440K)], 0.0626830 secs] [Times: user=0.37 sys=0.00, real=0.06 secs] 
2016-09-25T21:09:22.203-0400: 75.746: [GC (GCLocker Initiated GC) [PSYoungGen: 160768K->37824K(210432K)] 398302K->275359K(734720K), 0.0096814 secs] [Times: user=0.04 sys=0.00, real=0.00 secs] 
2016-09-25T21:09:22.391-0400: 75.935: [GC (GCLocker Initiated GC) [PSYoungGen: 198592K->39208K(200192K)] 438908K->280490K(724480K), 0.0129587 secs] [Times: user=0.15 sys=0.00, real=0.02 secs] 
2016-09-25T21:09:22.592-0400: 76.136: [GC (GCLocker Initiated GC) [PSYoungGen: 199976K->51226K(200192K)] 441295K->296077K(724480K), 0.0123454 secs] [Times: user=0.14 sys=0.01, real=0.02 secs] 
2016-09-25T21:09:22.778-0400: 76.322: [GC (GCLocker Initiated GC) [PSYoungGen: 199706K->13284K(161792K)] 459600K->290174K(686080K), 0.0099360 secs] [Times: user=0.09 sys=0.00, real=0.01 secs] 
2016-09-25T21:09:22.945-0400: 76.488: [GC (GCLocker Initiated GC) [PSYoungGen: 161764K->30591K(206336K)] 441387K->310956K(730624K), 0.0148298 secs] [Times: user=0.11 sys=0.00, real=0.01 secs] 
2016-09-25T21:09:23.120-0400: 76.663: [GC (GCLocker Initiated GC) [PSYoungGen: 178559K->23882K(172032K)] 458957K->326523K(696320K), 0.0276942 secs] [Times: user=0.28 sys=0.00, real=0.03 secs] 
2016-09-25T21:09:23.318-0400: 76.862: [GC (GCLocker Initiated GC) [PSYoungGen: 171850K->10511K(201216K)] 481245K->336750K(725504K), 0.0081931 secs] [Times: user=0.06 sys=0.00, real=0.01 secs] 
2016-09-25T21:09:23.482-0400: 77.026: [GC (GCLocker Initiated GC) [PSYoungGen: 157455K->32442K(202240K)] 489190K->364910K(726528K), 0.0081689 secs] [Times: user=0.07 sys=0.01, real=0.00 secs] 
2016-09-25T21:09:23.654-0400: 77.198: [GC (GCLocker Initiated GC) [PSYoungGen: 179386K->31205K(203776K)] 518607K->390211K(728064K), 0.0055463 secs] [Times: user=0.07 sys=0.00, real=0.00 secs] 
2016-09-25T21:09:23.835-0400: 77.379: [GC (GCLocker Initiated GC) [PSYoungGen: 183781K->40812K(205312K)] 545499K->403522K(729600K), 0.0058403 secs] [Times: user=0.05 sys=0.01, real=0.00 secs] 
2016-09-25T21:09:24.030-0400: 77.574: [GC (GCLocker Initiated GC) [PSYoungGen: 193388K->29763K(206336K)] 564432K->401925K(730624K), 0.0104653 secs] [Times: user=0.10 sys=0.00, real=0.01 secs] 
2016-09-25T21:09:24.207-0400: 77.751: [GC (GCLocker Initiated GC) [PSYoungGen: 184387K->21787K(206848K)] 560565K->399050K(731136K), 0.0056093 secs] [Times: user=0.05 sys=0.00, real=0.00 secs] 
2016-09-25T21:09:24.390-0400: 77.933: [GC (GCLocker Initiated GC) [PSYoungGen: 176411K->31077K(206848K)] 560453K->416256K(731136K), 0.0120025 secs] [Times: user=0.11 sys=0.00, real=0.01 secs] 
2016-09-25T21:09:24.595-0400: 78.139: [GC (GCLocker Initiated GC) [PSYoungGen: 189285K->35324K(208384K)] 577197K->448650K(732672K), 0.0325576 secs] [Times: user=0.37 sys=0.01, real=0.03 secs] 
2016-09-25T21:09:24.831-0400: 78.375: [GC (GCLocker Initiated GC) [PSYoungGen: 193532K->32505K(209920K)] 612267K->463158K(734208K), 0.0250842 secs] [Times: user=0.26 sys=0.00, real=0.03 secs] 
2016-09-25T21:09:25.067-0400: 78.610: [GC (GCLocker Initiated GC) [PSYoungGen: 194297K->32573K(210944K)] 627676K->467055K(735232K), 0.0065305 secs] [Times: user=0.07 sys=0.00, real=0.00 secs] 
2016-09-25T21:09:25.288-0400: 78.832: [GC (GCLocker Initiated GC) [PSYoungGen: 194365K->21856K(211968K)] 628909K->457515K(736256K), 0.0044722 secs] [Times: user=0.03 sys=0.00, real=0.00 secs] 
2016-09-25T21:09:25.499-0400: 79.043: [GC (GCLocker Initiated GC) [PSYoungGen: 186720K->35254K(212480K)] 622383K->472188K(736768K), 0.0321713 secs] [Times: user=0.36 sys=0.00, real=0.03 secs] 
2016-09-25T21:09:25.734-0400: 79.277: [GC (GCLocker Initiated GC) [PSYoungGen: 200118K->47931K(204800K)] 639788K->491541K(729088K), 0.0118078 secs] [Times: user=0.15 sys=0.00, real=0.02 secs] 
2016-09-25T21:09:25.973-0400: 79.517: [GC (GCLocker Initiated GC) [PSYoungGen: 204603K->31705K(209408K)] 653646K->493001K(733696K), 0.0058988 secs] [Times: user=0.04 sys=0.02, real=0.01 secs] 
2016-09-25T21:09:26.188-0400: 79.732: [GC (GCLocker Initiated GC) [PSYoungGen: 188377K->23481K(206336K)] 664616K->528068K(730624K), 0.0111299 secs] [Times: user=0.16 sys=0.01, real=0.01 secs] 
2016-09-25T21:09:26.199-0400: 79.743: [Full GC (Ergonomics) [PSYoungGen: 23481K->0K(206336K)] [ParOldGen: 504587K->259917K(524288K)] 528068K->259917K(730624K), [Metaspace: 43532K->43532K(1085440K)], 0.0543188 secs] [Times: user=0.37 sys=0.01, real=0.05 secs] 
2016-09-25T21:09:26.439-0400: 79.982: [GC (GCLocker Initiated GC) [PSYoungGen: 158720K->24081K(208896K)] 436636K->301998K(733184K), 0.0040833 secs] [Times: user=0.03 sys=0.00, real=0.01 secs] 
2016-09-25T21:09:26.613-0400: 80.156: [GC (GCLocker Initiated GC) [PSYoungGen: 182801K->33126K(209408K)] 466176K->318518K(733696K), 0.0098371 secs] [Times: user=0.12 sys=0.00, real=0.02 secs] 
2016-09-25T21:09:26.794-0400: 80.338: [GC (GCLocker Initiated GC) [PSYoungGen: 195430K->20984K(210944K)] 491710K->318941K(735232K), 0.0208131 secs] [Times: user=0.21 sys=0.00, real=0.02 secs] 
2016-09-25T21:09:26.965-0400: 80.509: [GC (GCLocker Initiated GC) [PSYoungGen: 183288K->35908K(212480K)] 481263K->335532K(736768K), 0.0150537 secs] [Times: user=0.17 sys=0.00, real=0.01 secs] 
2016-09-25T21:09:27.149-0400: 80.693: [GC (GCLocker Initiated GC) [PSYoungGen: 199748K->11469K(175616K)] 512942K->326204K(699904K), 0.0210003 secs] [Times: user=0.22 sys=0.00, real=0.02 secs] 
2016-09-25T21:09:27.334-0400: 80.877: [GC (GCLocker Initiated GC) [PSYoungGen: 175309K->26283K(213504K)] 494127K->346872K(737792K), 0.0149766 secs] [Times: user=0.15 sys=0.01, real=0.02 secs] 
2016-09-25T21:09:27.492-0400: 81.036: [GC (GCLocker Initiated GC) [PSYoungGen: 189099K->36976K(211456K)] 512431K->364591K(735744K), 0.0171758 secs] [Times: user=0.17 sys=0.00, real=0.02 secs] 
2016-09-25T21:09:27.675-0400: 81.218: [GC (GCLocker Initiated GC) [PSYoungGen: 199792K->38487K(209408K)] 527419K->367638K(733696K), 0.0229866 secs] [Times: user=0.24 sys=0.00, real=0.02 secs] 
2016-09-25T21:09:27.848-0400: 81.391: [GC (GCLocker Initiated GC) [PSYoungGen: 198231K->34218K(210944K)] 527448K->365072K(735232K), 0.0105170 secs] [Times: user=0.11 sys=0.00, real=0.01 secs] 
2016-09-25T21:09:28.014-0400: 81.558: [GC (GCLocker Initiated GC) [PSYoungGen: 193962K->23702K(208384K)] 534981K->366219K(732672K), 0.0056275 secs] [Times: user=0.06 sys=0.00, real=0.00 secs] 
2016-09-25T21:09:28.184-0400: 81.727: [GC (GCLocker Initiated GC) [PSYoungGen: 183958K->38268K(209920K)] 535954K->391870K(734208K), 0.0076547 secs] [Times: user=0.11 sys=0.00, real=0.00 secs] 
2016-09-25T21:09:28.352-0400: 81.895: [GC (GCLocker Initiated GC) [PSYoungGen: 198524K->24934K(211456K)] 562951K->406988K(735744K), 0.0051838 secs] [Times: user=0.06 sys=0.00, real=0.01 secs] 
2016-09-25T21:09:28.523-0400: 82.066: [GC (GCLocker Initiated GC) [PSYoungGen: 185702K->45290K(206336K)] 572574K->433658K(730624K), 0.0054229 secs] [Times: user=0.06 sys=0.00, real=0.00 secs] 
2016-09-25T21:09:28.678-0400: 82.222: [GC (GCLocker Initiated GC) [PSYoungGen: 206058K->27400K(209920K)] 597141K->438953K(734208K), 0.0049984 secs] [Times: user=0.04 sys=0.01, real=0.01 secs] 
2016-09-25T21:09:28.845-0400: 82.388: [GC (GCLocker Initiated GC) [PSYoungGen: 183560K->20804K(177152K)] 604576K->456630K(701440K), 0.0067118 secs] [Times: user=0.07 sys=0.00, real=0.00 secs] 
2016-09-25T21:09:28.999-0400: 82.543: [GC (GCLocker Initiated GC) [PSYoungGen: 176964K->36826K(207360K)] 618219K->479545K(731648K), 0.0084759 secs] [Times: user=0.10 sys=0.00, real=0.01 secs] 
2016-09-25T21:09:29.153-0400: 82.696: [GC (GCLocker Initiated GC) [PSYoungGen: 192474K->50236K(206336K)] 635225K->518669K(730624K), 0.0064414 secs] [Times: user=0.09 sys=0.00, real=0.01 secs] 
2016-09-25T21:09:29.314-0400: 82.858: [GC (GCLocker Initiated GC) [PSYoungGen: 205884K->29848K(206848K)] 679724K->531773K(731136K), 0.0059322 secs] [Times: user=0.06 sys=0.01, real=0.00 secs] 
2016-09-25T21:09:29.320-0400: 82.864: [Full GC (Ergonomics) [PSYoungGen: 29848K->0K(206848K)] [ParOldGen: 501925K->282926K(524288K)] 531773K->282926K(731136K), [Metaspace: 43640K->43640K(1085440K)], 0.0563679 secs] [Times: user=0.58 sys=0.00, real=0.06 secs] 
2016-09-25T21:09:29.518-0400: 83.062: [GC (GCLocker Initiated GC) [PSYoungGen: 151040K->44851K(196096K)] 435540K->329351K(720384K), 0.0098631 secs] [Times: user=0.15 sys=0.00, real=0.01 secs] 
2016-09-25T21:09:29.660-0400: 83.204: [GC (GCLocker Initiated GC) [PSYoungGen: 195891K->30936K(206336K)] 480420K->332829K(730624K), 0.0103517 secs] [Times: user=0.08 sys=0.00, real=0.01 secs] 
2016-09-25T21:09:29.825-0400: 83.368: [GC (GCLocker Initiated GC) [PSYoungGen: 179416K->31126K(179712K)] 486899K->347560K(704000K), 0.0137983 secs] [Times: user=0.15 sys=0.01, real=0.01 secs] 
2016-09-25T21:09:29.981-0400: 83.525: [GC (GCLocker Initiated GC) [PSYoungGen: 179606K->43510K(200192K)] 498848K->363803K(724480K), 0.0221478 secs] [Times: user=0.26 sys=0.00, real=0.03 secs] 
2016-09-25T21:09:30.162-0400: 83.706: [GC (GCLocker Initiated GC) [PSYoungGen: 189942K->23386K(202240K)] 522024K->356705K(726528K), 0.0137684 secs] [Times: user=0.12 sys=0.00, real=0.01 secs] 
2016-09-25T21:09:30.329-0400: 83.873: [GC (GCLocker Initiated GC) [PSYoungGen: 169818K->33966K(202752K)] 505857K->371415K(727040K), 0.0061659 secs] [Times: user=0.04 sys=0.00, real=0.01 secs] 
2016-09-25T21:09:30.475-0400: 84.019: [GC (GCLocker Initiated GC) [PSYoungGen: 185006K->21838K(204800K)] 529349K->370120K(729088K), 0.0097942 secs] [Times: user=0.10 sys=0.01, real=0.01 secs] 
2016-09-25T21:09:30.632-0400: 84.175: [GC (GCLocker Initiated GC) [PSYoungGen: 172878K->32615K(204800K)] 521193K->382171K(729088K), 0.0269340 secs] [Times: user=0.26 sys=0.00, real=0.03 secs] 
2016-09-25T21:09:30.790-0400: 84.334: [GC (GCLocker Initiated GC) [PSYoungGen: 187751K->24984K(206848K)] 542789K->408298K(731136K), 0.0309308 secs] [Times: user=0.33 sys=0.01, real=0.03 secs] 
2016-09-25T21:09:30.959-0400: 84.502: [GC (GCLocker Initiated GC) [PSYoungGen: 180120K->33963K(207360K)] 563594K->418747K(731648K), 0.0289606 secs] [Times: user=0.24 sys=0.00, real=0.03 secs] 
2016-09-25T21:09:31.156-0400: 84.700: [GC (Allocation Failure) [PSYoungGen: 193707K->12485K(209408K)] 590753K->410830K(733696K), 0.0156319 secs] [Times: user=0.15 sys=0.01, real=0.01 secs] 
2016-09-25T21:09:31.308-0400: 84.852: [GC (GCLocker Initiated GC) [PSYoungGen: 171671K->31198K(210944K)] 575416K->436372K(735232K), 0.0367629 secs] [Times: user=0.37 sys=0.00, real=0.04 secs] 
2016-09-25T21:09:31.509-0400: 85.052: [GC (GCLocker Initiated GC) [PSYoungGen: 192478K->23652K(210944K)] 600361K->432737K(735232K), 0.0065876 secs] [Times: user=0.08 sys=0.00, real=0.01 secs] 
2016-09-25T21:09:31.657-0400: 85.201: [GC (GCLocker Initiated GC) [PSYoungGen: 184932K->29970K(210432K)] 602169K->448627K(734720K), 0.0184778 secs] [Times: user=0.15 sys=0.00, real=0.02 secs] 
2016-09-25T21:09:31.849-0400: 85.392: [GC (GCLocker Initiated GC) [PSYoungGen: 193810K->27590K(210944K)] 617896K->480065K(735232K), 0.0060236 secs] [Times: user=0.06 sys=0.01, real=0.01 secs] 
2016-09-25T21:09:32.011-0400: 85.554: [GC (GCLocker Initiated GC) [PSYoungGen: 191430K->41085K(210432K)] 643975K->495042K(734720K), 0.0094199 secs] [Times: user=0.12 sys=0.00, real=0.01 secs] 
2016-09-25T21:09:32.185-0400: 85.728: [GC (GCLocker Initiated GC) [PSYoungGen: 205949K->29005K(213504K)] 665461K->492640K(737792K), 0.0073228 secs] [Times: user=0.07 sys=0.00, real=0.00 secs] 
2016-09-25T21:09:32.340-0400: 85.884: [GC (GCLocker Initiated GC) [PSYoungGen: 193869K->40970K(210944K)] 660442K->509132K(735232K), 0.0061221 secs] [Times: user=0.08 sys=0.00, real=0.01 secs] 
2016-09-25T21:09:32.508-0400: 86.051: [GC (Allocation Failure) [PSYoungGen: 204810K->42307K(206336K)] 675801K->514638K(730624K), 0.0053112 secs] [Times: user=0.06 sys=0.00, real=0.00 secs] 
2016-09-25T21:09:32.661-0400: 86.205: [GC (GCLocker Initiated GC) [PSYoungGen: 206139K->17607K(209408K)] 679819K->503439K(733696K), 0.0197376 secs] [Times: user=0.23 sys=0.00, real=0.02 secs] 
2016-09-25T21:09:32.805-0400: 86.348: [GC (GCLocker Initiated GC) [PSYoungGen: 175303K->36314K(209920K)] 663867K->525956K(734208K), 0.0242336 secs] [Times: user=0.28 sys=0.00, real=0.02 secs] 
2016-09-25T21:09:32.983-0400: 86.526: [GC (GCLocker Initiated GC) [PSYoungGen: 194010K->26841K(206848K)] 683680K->538934K(731136K), 0.0477463 secs] [Times: user=0.56 sys=0.01, real=0.04 secs] 
2016-09-25T21:09:33.031-0400: 86.574: [Full GC (Ergonomics) [PSYoungGen: 26841K->0K(206848K)] [ParOldGen: 512092K->303272K(524288K)] 538934K->303272K(731136K), [Metaspace: 43705K->43705K(1087488K)], 0.0554107 secs] [Times: user=0.37 sys=0.01, real=0.06 secs] 
2016-09-25T21:09:33.214-0400: 86.757: [GC (GCLocker Initiated GC) [PSYoungGen: 157696K->17736K(208384K)] 470509K->330549K(732672K), 0.0062970 secs] [Times: user=0.06 sys=0.01, real=0.01 secs] 
2016-09-25T21:09:33.360-0400: 86.904: [GC (GCLocker Initiated GC) [PSYoungGen: 175432K->33951K(210944K)] 493666K->353456K(735232K), 0.0155838 secs] [Times: user=0.13 sys=0.01, real=0.02 secs] 
2016-09-25T21:09:33.517-0400: 87.061: [GC (GCLocker Initiated GC) [PSYoungGen: 194207K->21748K(210944K)] 526084K->357381K(735232K), 0.0142655 secs] [Times: user=0.13 sys=0.01, real=0.01 secs] 
2016-09-25T21:09:33.690-0400: 87.234: [GC (GCLocker Initiated GC) [PSYoungGen: 182004K->27401K(207872K)] 523041K->369633K(732160K), 0.0134392 secs] [Times: user=0.12 sys=0.00, real=0.02 secs] 
2016-09-25T21:09:33.866-0400: 87.410: [GC (GCLocker Initiated GC) [PSYoungGen: 188681K->43934K(209408K)] 531008K->387660K(733696K), 0.0212344 secs] [Times: user=0.25 sys=0.01, real=0.02 secs] 
2016-09-25T21:09:34.043-0400: 87.587: [GC (Allocation Failure) [PSYoungGen: 205214K->28771K(211968K)] 554576K->379630K(736256K), 0.0107070 secs] [Times: user=0.07 sys=0.00, real=0.00 secs] 
2016-09-25T21:09:34.200-0400: 87.743: [GC (GCLocker Initiated GC) [PSYoungGen: 189027K->46390K(206848K)] 539891K->398738K(731136K), 0.0054802 secs] [Times: user=0.05 sys=0.00, real=0.01 secs] 
2016-09-25T21:09:34.374-0400: 87.917: [GC (GCLocker Initiated GC) [PSYoungGen: 206646K->33158K(209920K)] 561766K->397754K(734208K), 0.0050210 secs] [Times: user=0.05 sys=0.01, real=0.01 secs] 
2016-09-25T21:09:34.510-0400: 88.054: [GC (GCLocker Initiated GC) [PSYoungGen: 188806K->40950K(207872K)] 556238K->410002K(732160K), 0.0065253 secs] [Times: user=0.05 sys=0.00, real=0.01 secs] 
2016-09-25T21:09:34.669-0400: 88.212: [GC (GCLocker Initiated GC) [PSYoungGen: 196598K->30283K(208384K)] 572549K->407546K(732672K), 0.0084160 secs] [Times: user=0.07 sys=0.01, real=0.01 secs] 
2016-09-25T21:09:34.825-0400: 88.369: [GC (GCLocker Initiated GC) [PSYoungGen: 186443K->37038K(208384K)] 571835K->423824K(732672K), 0.0095203 secs] [Times: user=0.12 sys=0.01, real=0.01 secs] 
2016-09-25T21:09:34.987-0400: 88.530: [GC (GCLocker Initiated GC) [PSYoungGen: 193198K->30287K(207360K)] 589545K->452373K(731648K), 0.0178319 secs] [Times: user=0.22 sys=0.00, real=0.02 secs] 
2016-09-25T21:09:35.153-0400: 88.697: [GC (GCLocker Initiated GC) [PSYoungGen: 188495K->41327K(208384K)] 617364K->487819K(732672K), 0.0202901 secs] [Times: user=0.29 sys=0.01, real=0.02 secs] 
2016-09-25T21:09:35.348-0400: 88.891: [GC (GCLocker Initiated GC) [PSYoungGen: 199535K->33189K(210432K)] 646029K->492031K(734720K), 0.0066287 secs] [Times: user=0.06 sys=0.00, real=0.01 secs] 
2016-09-25T21:09:35.514-0400: 89.058: [GC (GCLocker Initiated GC) [PSYoungGen: 193445K->40005K(210432K)] 652290K->500693K(734720K), 0.0086177 secs] [Times: user=0.10 sys=0.00, real=0.01 secs] 
2016-09-25T21:09:35.682-0400: 89.225: [GC (GCLocker Initiated GC) [PSYoungGen: 200261K->15615K(208384K)] 676631K->493727K(732672K), 0.0098393 secs] [Times: user=0.10 sys=0.01, real=0.01 secs] 
2016-09-25T21:09:35.845-0400: 89.389: [GC (GCLocker Initiated GC) [PSYoungGen: 173311K->32631K(209920K)] 654175K->515122K(734208K), 0.0264553 secs] [Times: user=0.26 sys=0.01, real=0.02 secs] 
2016-09-25T21:09:36.036-0400: 89.579: [GC (GCLocker Initiated GC) [PSYoungGen: 190327K->25838K(207872K)] 682390K->519099K(732160K), 0.0051530 secs] [Times: user=0.04 sys=0.01, real=0.00 secs] 
2016-09-25T21:09:36.185-0400: 89.729: [GC (GCLocker Initiated GC) [PSYoungGen: 185070K->49303K(208896K)] 681135K->546602K(733184K), 0.0057672 secs] [Times: user=0.07 sys=0.01, real=0.00 secs] 
2016-09-25T21:09:36.358-0400: 89.902: [GC (GCLocker Initiated GC) [PSYoungGen: 208535K->20886K(205824K)] 710071K->523859K(730112K), 0.0134991 secs] [Times: user=0.12 sys=0.00, real=0.01 secs] 
2016-09-25T21:09:36.372-0400: 89.915: [Full GC (Ergonomics) [PSYoungGen: 20886K->0K(205824K)] [ParOldGen: 502972K->330690K(524288K)] 523859K->330690K(730112K), [Metaspace: 43726K->43726K(1087488K)], 0.0659384 secs] [Times: user=0.48 sys=0.03, real=0.07 secs] 
2016-09-25T21:09:36.584-0400: 90.127: [GC (GCLocker Initiated GC) [PSYoungGen: 152576K->29143K(181760K)] 490157K->366724K(706048K), 0.0273150 secs] [Times: user=0.25 sys=0.00, real=0.02 secs] 
2016-09-25T21:09:36.788-0400: 90.331: [GC (GCLocker Initiated GC) [PSYoungGen: 181719K->41243K(205312K)] 524710K->387463K(729600K), 0.0068392 secs] [Times: user=0.07 sys=0.00, real=0.01 secs] 
2016-09-25T21:09:36.975-0400: 90.518: [GC (GCLocker Initiated GC) [PSYoungGen: 193819K->22019K(206848K)] 545509K->375290K(731136K), 0.0147764 secs] [Times: user=0.15 sys=0.01, real=0.01 secs] 
2016-09-25T21:09:37.164-0400: 90.707: [GC (GCLocker Initiated GC) [PSYoungGen: 174595K->30475K(203776K)] 540035K->397468K(728064K), 0.0057065 secs] [Times: user=0.06 sys=0.00, real=0.00 secs] 
2016-09-25T21:09:37.332-0400: 90.875: [GC (GCLocker Initiated GC) [PSYoungGen: 184075K->41212K(205824K)] 551092K->410058K(730112K), 0.0061074 secs] [Times: user=0.05 sys=0.00, real=0.01 secs] 
2016-09-25T21:09:37.488-0400: 91.032: [GC (GCLocker Initiated GC) [PSYoungGen: 194812K->25081K(208896K)] 563730K->414505K(733184K), 0.0072759 secs] [Times: user=0.07 sys=0.00, real=0.01 secs] 
2016-09-25T21:09:37.662-0400: 91.206: [GC (GCLocker Initiated GC) [PSYoungGen: 180729K->22742K(208384K)] 579654K->423373K(732672K), 0.0055183 secs] [Times: user=0.05 sys=0.00, real=0.00 secs] 
2016-09-25T21:09:37.819-0400: 91.362: [GC (GCLocker Initiated GC) [PSYoungGen: 178390K->42695K(205824K)] 587307K->453464K(730112K), 0.0048862 secs] [Times: user=0.06 sys=0.00, real=0.01 secs] 
2016-09-25T21:09:37.985-0400: 91.529: [GC (GCLocker Initiated GC) [PSYoungGen: 196295K->41262K(195072K)] 607067K->453661K(719360K), 0.0071073 secs] [Times: user=0.09 sys=0.00, real=0.00 secs] 
2016-09-25T21:09:38.149-0400: 91.692: [GC (GCLocker Initiated GC) [PSYoungGen: 194862K->20916K(206848K)] 608848K->436558K(731136K), 0.0096839 secs] [Times: user=0.09 sys=0.01, real=0.01 secs] 
2016-09-25T21:09:38.307-0400: 91.851: [GC (GCLocker Initiated GC) [PSYoungGen: 171956K->31826K(183296K)] 595842K->473537K(707584K), 0.0048106 secs] [Times: user=0.05 sys=0.00, real=0.00 secs] 
2016-09-25T21:09:38.462-0400: 92.006: [GC (GCLocker Initiated GC) [PSYoungGen: 182866K->30474K(206336K)] 627356K->492811K(730624K), 0.0098986 secs] [Times: user=0.12 sys=0.00, real=0.01 secs] 
2016-09-25T21:09:38.622-0400: 92.165: [GC (GCLocker Initiated GC) [PSYoungGen: 183562K->32816K(204288K)] 646099K->497005K(728576K), 0.0215120 secs] [Times: user=0.22 sys=0.00, real=0.03 secs] 
2016-09-25T21:09:38.801-0400: 92.344: [GC (GCLocker Initiated GC) [PSYoungGen: 185904K->24930K(207872K)] 655661K->496085K(732160K), 0.0073397 secs] [Times: user=0.07 sys=0.00, real=0.01 secs] 
2016-09-25T21:09:38.975-0400: 92.519: [GC (GCLocker Initiated GC) [PSYoungGen: 183138K->38322K(207360K)] 657060K->513792K(731648K), 0.0245583 secs] [Times: user=0.28 sys=0.00, real=0.02 secs] 
2016-09-25T21:09:39.148-0400: 92.692: [GC (GCLocker Initiated GC) [PSYoungGen: 196530K->20779K(211968K)] 680132K->524801K(736256K), 0.0145995 secs] [Times: user=0.14 sys=0.00, real=0.02 secs] 
2016-09-25T21:09:39.163-0400: 92.707: [Full GC (Ergonomics) [PSYoungGen: 20779K->0K(211968K)] [ParOldGen: 504022K->316394K(524288K)] 524801K->316394K(736256K), [Metaspace: 43726K->43726K(1087488K)], 0.0808980 secs] [Times: user=0.65 sys=0.02, real=0.08 secs] 
2016-09-25T21:09:39.410-0400: 92.954: [GC (GCLocker Initiated GC) [PSYoungGen: 161792K->42965K(204800K)] 480975K->362149K(729088K), 0.0128925 secs] [Times: user=0.11 sys=0.01, real=0.02 secs] 
2016-09-25T21:09:39.604-0400: 93.148: [GC (GCLocker Initiated GC) [PSYoungGen: 204757K->42880K(205312K)] 533650K->374250K(729600K), 0.0262592 secs] [Times: user=0.39 sys=0.00, real=0.02 secs] 
2016-09-25T21:09:39.790-0400: 93.334: [GC (Allocation Failure) [PSYoungGen: 195456K->27932K(207360K)] 536476K->386972K(731648K), 0.0125871 secs] [Times: user=0.13 sys=0.00, real=0.02 secs] 
2016-09-25T21:09:39.804-0400: 93.347: [GC (GCLocker Initiated GC) [PSYoungGen: 31305K->2828K(202752K)] 390345K->399048K(727040K), 0.0143932 secs] [Times: user=0.05 sys=0.01, real=0.01 secs] 
2016-09-25T21:09:39.972-0400: 93.516: [GC (GCLocker Initiated GC) [PSYoungGen: 152332K->46934K(196608K)] 548556K->443175K(720896K), 0.0235134 secs] [Times: user=0.24 sys=0.00, real=0.03 secs] 
2016-09-25T21:09:40.155-0400: 93.698: [GC (GCLocker Initiated GC) [PSYoungGen: 196438K->27558K(204288K)] 592845K->425830K(728576K), 0.0280150 secs] [Times: user=0.27 sys=0.00, real=0.03 secs] 
2016-09-25T21:09:40.326-0400: 93.870: [GC (GCLocker Initiated GC) [PSYoungGen: 171430K->22042K(166400K)] 569814K->435578K(690688K), 0.0129128 secs] [Times: user=0.08 sys=0.01, real=0.01 secs] 
2016-09-25T21:09:40.478-0400: 94.022: [GC (GCLocker Initiated GC) [PSYoungGen: 165914K->36938K(200704K)] 582223K->454863K(724992K), 0.0192901 secs] [Times: user=0.18 sys=0.01, real=0.02 secs] 
2016-09-25T21:09:40.639-0400: 94.182: [GC (GCLocker Initiated GC) [PSYoungGen: 180810K->31557K(200704K)] 601601K->453947K(724992K), 0.0122467 secs] [Times: user=0.12 sys=0.00, real=0.01 secs] 
2016-09-25T21:09:40.801-0400: 94.345: [GC (GCLocker Initiated GC) [PSYoungGen: 175429K->36895K(202752K)] 597844K->460776K(727040K), 0.0118303 secs] [Times: user=0.08 sys=0.01, real=0.01 secs] 
2016-09-25T21:09:40.960-0400: 94.503: [GC (GCLocker Initiated GC) [PSYoungGen: 185375K->39662K(202752K)] 609365K->470600K(727040K), 0.0116147 secs] [Times: user=0.12 sys=0.00, real=0.01 secs] 
2016-09-25T21:09:41.110-0400: 94.654: [GC (GCLocker Initiated GC) [PSYoungGen: 188142K->30280K(204800K)] 619090K->470879K(729088K), 0.0063564 secs] [Times: user=0.05 sys=0.00, real=0.01 secs] 
2016-09-25T21:09:41.285-0400: 94.829: [GC (GCLocker Initiated GC) [PSYoungGen: 182856K->22398K(205824K)] 630209K->471377K(730112K), 0.0085876 secs] [Times: user=0.08 sys=0.01, real=0.00 secs] 
2016-09-25T21:09:41.447-0400: 94.990: [GC (GCLocker Initiated GC) [PSYoungGen: 174974K->30375K(204288K)] 632186K->489287K(728576K), 0.0063281 secs] [Times: user=0.05 sys=0.00, real=0.00 secs] 
2016-09-25T21:09:41.605-0400: 95.149: [GC (GCLocker Initiated GC) [PSYoungGen: 186535K->32989K(206848K)] 645456K->496347K(731136K), 0.0130379 secs] [Times: user=0.14 sys=0.00, real=0.01 secs] 
2016-09-25T21:09:41.770-0400: 95.313: [GC (GCLocker Initiated GC) [PSYoungGen: 189149K->32810K(207360K)] 655291K->500531K(731648K), 0.0098773 secs] [Times: user=0.08 sys=0.00, real=0.01 secs] 
2016-09-25T21:09:41.950-0400: 95.493: [GC (GCLocker Initiated GC) [PSYoungGen: 194602K->38492K(209920K)] 665256K->510634K(734208K), 0.0179008 secs] [Times: user=0.18 sys=0.01, real=0.02 secs] 
2016-09-25T21:09:42.123-0400: 95.667: [GC (GCLocker Initiated GC) [PSYoungGen: 200284K->41232K(208896K)] 683273K->525776K(733184K), 0.0072521 secs] [Times: user=0.09 sys=0.00, real=0.00 secs] 
2016-09-25T21:09:42.291-0400: 95.835: [GC (GCLocker Initiated GC) [PSYoungGen: 200976K->30541K(210944K)] 689576K->520687K(735232K), 0.0083013 secs] [Times: user=0.10 sys=0.00, real=0.01 secs] 
2016-09-25T21:09:42.461-0400: 96.005: [GC (GCLocker Initiated GC) [PSYoungGen: 190285K->24977K(209408K)] 690374K->526643K(733696K), 0.0075959 secs] [Times: user=0.08 sys=0.00, real=0.01 secs] 
2016-09-25T21:09:42.627-0400: 96.170: [GC (GCLocker Initiated GC) [PSYoungGen: 186257K->35355K(210432K)] 688001K->538697K(734720K), 0.0424138 secs] [Times: user=0.45 sys=0.00, real=0.04 secs] 
2016-09-25T21:09:42.818-0400: 96.362: [Full GC (Ergonomics) [PSYoungGen: 196635K->0K(210432K)] [ParOldGen: 508774K->346257K(524288K)] 705410K->346257K(734720K), [Metaspace: 43747K->43747K(1087488K)], 0.0684200 secs] [Times: user=0.47 sys=0.01, real=0.07 secs] 
2016-09-25T21:09:43.045-0400: 96.589: [GC (GCLocker Initiated GC) [PSYoungGen: 161280K->24006K(212480K)] 514354K->377080K(736768K), 0.0143677 secs] [Times: user=0.18 sys=0.00, real=0.01 secs] 
2016-09-25T21:09:43.227-0400: 96.770: [GC (GCLocker Initiated GC) [PSYoungGen: 188358K->27823K(212992K)] 544201K->404676K(737280K), 0.0063406 secs] [Times: user=0.06 sys=0.01, real=0.00 secs] 
2016-09-25T21:09:43.392-0400: 96.936: [GC (GCLocker Initiated GC) [PSYoungGen: 192175K->33246K(211968K)] 574482K->417230K(736256K), 0.0192472 secs] [Times: user=0.20 sys=0.01, real=0.02 secs] 
2016-09-25T21:09:43.574-0400: 97.118: [GC (GCLocker Initiated GC) [PSYoungGen: 199134K->35726K(212480K)] 588547K->426727K(736768K), 0.0056187 secs] [Times: user=0.06 sys=0.00, real=0.00 secs] 
2016-09-25T21:09:43.760-0400: 97.304: [GC (GCLocker Initiated GC) [PSYoungGen: 201614K->12958K(211456K)] 599788K->434476K(735744K), 0.0235467 secs] [Times: user=0.30 sys=0.00, real=0.03 secs] 
2016-09-25T21:09:43.943-0400: 97.486: [GC (GCLocker Initiated GC) [PSYoungGen: 177822K->31621K(213504K)] 604925K->460475K(737792K), 0.0222473 secs] [Times: user=0.23 sys=0.00, real=0.02 secs] 
2016-09-25T21:09:44.143-0400: 97.687: [GC (GCLocker Initiated GC) [PSYoungGen: 196485K->26454K(210944K)] 630748K->462285K(735232K), 0.0192108 secs] [Times: user=0.19 sys=0.01, real=0.02 secs] 
2016-09-25T21:09:44.323-0400: 97.866: [GC (GCLocker Initiated GC) [PSYoungGen: 192854K->34451K(212480K)] 628804K->472258K(736768K), 0.0170638 secs] [Times: user=0.17 sys=0.00, real=0.01 secs] 
2016-09-25T21:09:44.502-0400: 98.045: [GC (GCLocker Initiated GC) [PSYoungGen: 200851K->29067K(213504K)] 644221K->474040K(737792K), 0.0221938 secs] [Times: user=0.23 sys=0.00, real=0.03 secs] 
2016-09-25T21:09:44.677-0400: 98.220: [GC (GCLocker Initiated GC) [PSYoungGen: 198539K->39913K(214528K)] 643525K->486678K(738816K), 0.0149612 secs] [Times: user=0.15 sys=0.00, real=0.01 secs] 
2016-09-25T21:09:44.865-0400: 98.409: [GC (GCLocker Initiated GC) [PSYoungGen: 209385K->30444K(215552K)] 664275K->487063K(739840K), 0.0065973 secs] [Times: user=0.07 sys=0.00, real=0.00 secs] 
2016-09-25T21:09:45.024-0400: 98.568: [GC (GCLocker Initiated GC) [PSYoungGen: 199916K->45117K(215040K)] 656571K->506078K(739328K), 0.0061293 secs] [Times: user=0.06 sys=0.01, real=0.00 secs] 
2016-09-25T21:09:45.205-0400: 98.748: [GC (GCLocker Initiated GC) [PSYoungGen: 214589K->24056K(210944K)] 690623K->523207K(735232K), 0.0125462 secs] [Times: user=0.14 sys=0.00, real=0.01 secs] 
2016-09-25T21:09:45.394-0400: 98.938: [Full GC (Ergonomics) [PSYoungGen: 187896K->0K(210944K)] [ParOldGen: 510063K->371825K(524288K)] 697960K->371825K(735232K), [Metaspace: 43757K->43757K(1087488K)], 0.0716935 secs] [Times: user=0.47 sys=0.01, real=0.07 secs] 
2016-09-25T21:09:45.610-0400: 99.154: [GC (GCLocker Initiated GC) [PSYoungGen: 163840K->40185K(204288K)] 541091K->417436K(728576K), 0.0098171 secs] [Times: user=0.14 sys=0.00, real=0.01 secs] 
2016-09-25T21:09:45.799-0400: 99.343: [GC (GCLocker Initiated GC) [PSYoungGen: 204025K->27982K(212480K)] 588387K->414146K(736768K), 0.0122735 secs] [Times: user=0.18 sys=0.01, real=0.01 secs] 
2016-09-25T21:09:45.969-0400: 99.513: [GC (GCLocker Initiated GC) [PSYoungGen: 189774K->35638K(197632K)] 582738K->443914K(721920K), 0.0065137 secs] [Times: user=0.07 sys=0.00, real=0.01 secs] 
2016-09-25T21:09:46.148-0400: 99.692: [GC (GCLocker Initiated GC) [PSYoungGen: 197430K->20955K(210432K)] 612575K->445569K(734720K), 0.0117981 secs] [Times: user=0.13 sys=0.00, real=0.01 secs] 
2016-09-25T21:09:46.305-0400: 99.848: [GC (GCLocker Initiated GC) [PSYoungGen: 182235K->34306K(210944K)] 612256K->466022K(735232K), 0.0107586 secs] [Times: user=0.08 sys=0.00, real=0.01 secs] 
2016-09-25T21:09:46.475-0400: 100.018: [GC (GCLocker Initiated GC) [PSYoungGen: 195586K->20562K(211456K)] 636786K->463325K(735744K), 0.0052502 secs] [Times: user=0.04 sys=0.00, real=0.00 secs] 
2016-09-25T21:09:46.621-0400: 100.164: [GC (GCLocker Initiated GC) [PSYoungGen: 183378K->21835K(211968K)] 635600K->475328K(736256K), 0.0044742 secs] [Times: user=0.04 sys=0.00, real=0.01 secs] 
2016-09-25T21:09:46.769-0400: 100.312: [GC (GCLocker Initiated GC) [PSYoungGen: 184651K->30102K(209920K)] 645123K->491758K(734208K), 0.0048150 secs] [Times: user=0.04 sys=0.00, real=0.00 secs] 
2016-09-25T21:09:46.921-0400: 100.464: [GC (GCLocker Initiated GC) [PSYoungGen: 194454K->31125K(211456K)] 657463K->495257K(735744K), 0.0122680 secs] [Times: user=0.16 sys=0.01, real=0.01 secs] 
2016-09-25T21:09:47.073-0400: 100.617: [GC (GCLocker Initiated GC) [PSYoungGen: 195477K->44670K(208384K)] 663736K->519465K(732672K), 0.0077944 secs] [Times: user=0.10 sys=0.00, real=0.01 secs] 
2016-09-25T21:09:47.224-0400: 100.767: [GC (GCLocker Initiated GC) [PSYoungGen: 207486K->20389K(212480K)] 691760K->516427K(736768K), 0.0052887 secs] [Times: user=0.05 sys=0.00, real=0.00 secs] 
2016-09-25T21:09:47.373-0400: 100.916: [Full GC (Ergonomics) [PSYoungGen: 183205K->0K(212480K)] [ParOldGen: 510965K->390063K(524288K)] 694171K->390063K(736768K), [Metaspace: 43762K->43762K(1087488K)], 0.0776634 secs] [Times: user=0.63 sys=0.01, real=0.08 secs] 
2016-09-25T21:09:47.594-0400: 101.137: [GC (GCLocker Initiated GC) [PSYoungGen: 162816K->32713K(210432K)] 558308K->428205K(734720K), 0.0119888 secs] [Times: user=0.14 sys=0.00, real=0.02 secs] 
2016-09-25T21:09:47.765-0400: 101.308: [GC (GCLocker Initiated GC) [PSYoungGen: 195529K->46485K(209408K)] 595337K->450213K(733696K), 0.0071130 secs] [Times: user=0.07 sys=0.00, real=0.00 secs] 
2016-09-25T21:09:47.930-0400: 101.474: [GC (GCLocker Initiated GC) [PSYoungGen: 209301K->16701K(208384K)] 621146K->448841K(732672K), 0.0251268 secs] [Times: user=0.28 sys=0.01, real=0.03 secs] 
2016-09-25T21:09:48.099-0400: 101.642: [GC (GCLocker Initiated GC) [PSYoungGen: 172349K->28402K(184320K)] 607243K->464788K(708608K), 0.0175008 secs] [Times: user=0.18 sys=0.01, real=0.02 secs] 
2016-09-25T21:09:48.252-0400: 101.795: [GC (GCLocker Initiated GC) [PSYoungGen: 184050K->32486K(209408K)] 620439K->469997K(733696K), 0.0238769 secs] [Times: user=0.28 sys=0.00, real=0.03 secs] 
2016-09-25T21:09:48.417-0400: 101.961: [GC (GCLocker Initiated GC) [PSYoungGen: 190182K->35464K(207872K)] 638533K->484893K(732160K), 0.0100414 secs] [Times: user=0.14 sys=0.00, real=0.01 secs] 
2016-09-25T21:09:48.573-0400: 102.116: [GC (GCLocker Initiated GC) [PSYoungGen: 193160K->35423K(210944K)] 648223K->502535K(735232K), 0.0134762 secs] [Times: user=0.15 sys=0.00, real=0.02 secs] 
2016-09-25T21:09:48.736-0400: 102.279: [GC (GCLocker Initiated GC) [PSYoungGen: 196191K->28493K(210432K)] 666032K->499522K(734720K), 0.0226626 secs] [Times: user=0.29 sys=0.01, real=0.02 secs] 
2016-09-25T21:09:48.900-0400: 102.444: [GC (GCLocker Initiated GC) [PSYoungGen: 189261K->42123K(208896K)] 660502K->528117K(733184K), 0.0089668 secs] [Times: user=0.10 sys=0.00, real=0.01 secs] 
2016-09-25T21:09:49.064-0400: 102.608: [GC (GCLocker Initiated GC) [PSYoungGen: 202379K->27372K(210944K)] 692436K->521295K(735232K), 0.0098871 secs] [Times: user=0.10 sys=0.01, real=0.01 secs] 
2016-09-25T21:09:49.206-0400: 102.749: [GC (GCLocker Initiated GC) [PSYoungGen: 187628K->25735K(209408K)] 683500K->528279K(733696K), 0.0112364 secs] [Times: user=0.10 sys=0.01, real=0.01 secs] 
2016-09-25T21:09:49.365-0400: 102.909: [Full GC (Ergonomics) [PSYoungGen: 187527K->0K(209408K)] [ParOldGen: 510651K->365366K(524288K)] 698178K->365366K(733696K), [Metaspace: 43762K->43762K(1087488K)], 0.0727960 secs] [Times: user=0.61 sys=0.02, real=0.07 secs] 
2016-09-25T21:09:49.593-0400: 103.136: [GC (GCLocker Initiated GC) [PSYoungGen: 161792K->46820K(208896K)] 527190K->423019K(733184K), 0.0114751 secs] [Times: user=0.14 sys=0.00, real=0.02 secs] 
2016-09-25T21:09:49.777-0400: 103.320: [GC (GCLocker Initiated GC) [PSYoungGen: 208612K->22464K(209408K)] 590303K->432924K(733696K), 0.0079417 secs] [Times: user=0.09 sys=0.00, real=0.01 secs] 
2016-09-25T21:09:49.926-0400: 103.470: [GC (GCLocker Initiated GC) [PSYoungGen: 178624K->28840K(185344K)] 596124K->448058K(709632K), 0.0109694 secs] [Times: user=0.12 sys=0.01, real=0.01 secs] 
2016-09-25T21:09:50.089-0400: 103.632: [GC (GCLocker Initiated GC) [PSYoungGen: 185000K->43524K(204800K)] 604306K->464271K(729088K), 0.0115502 secs] [Times: user=0.10 sys=0.00, real=0.01 secs] 
2016-09-25T21:09:50.255-0400: 103.799: [GC (GCLocker Initiated GC) [PSYoungGen: 197124K->27582K(207360K)] 620578K->457855K(731648K), 0.0137075 secs] [Times: user=0.15 sys=0.00, real=0.01 secs] 
2016-09-25T21:09:50.409-0400: 103.953: [GC (GCLocker Initiated GC) [PSYoungGen: 181182K->31235K(203264K)] 617078K->468640K(727552K), 0.0241198 secs] [Times: user=0.33 sys=0.00, real=0.02 secs] 
2016-09-25T21:09:50.582-0400: 104.125: [GC (GCLocker Initiated GC) [PSYoungGen: 186883K->31288K(206336K)] 624387K->469848K(730624K), 0.0337176 secs] [Times: user=0.33 sys=0.00, real=0.04 secs] 
2016-09-25T21:09:50.766-0400: 104.309: [GC (GCLocker Initiated GC) [PSYoungGen: 186936K->32626K(206848K)] 628274K->475296K(731136K), 0.0098472 secs] [Times: user=0.10 sys=0.00, real=0.01 secs] 
2016-09-25T21:09:50.921-0400: 104.464: [GC (GCLocker Initiated GC) [PSYoungGen: 194930K->42268K(209920K)] 640528K->489186K(734208K), 0.0070278 secs] [Times: user=0.06 sys=0.02, real=0.01 secs] 
2016-09-25T21:09:51.085-0400: 104.629: [GC (GCLocker Initiated GC) [PSYoungGen: 204572K->35482K(212992K)] 655561K->487735K(737280K), 0.0075754 secs] [Times: user=0.09 sys=0.00, real=0.00 secs] 
2016-09-25T21:09:51.257-0400: 104.800: [GC (GCLocker Initiated GC) [PSYoungGen: 198810K->30026K(193536K)] 653937K->489137K(717824K), 0.0068135 secs] [Times: user=0.06 sys=0.00, real=0.01 secs] 
2016-09-25T21:09:51.421-0400: 104.965: [GC (GCLocker Initiated GC) [PSYoungGen: 193354K->40913K(209920K)] 652483K->501479K(734208K), 0.0130969 secs] [Times: user=0.13 sys=0.01, real=0.02 secs] 
2016-09-25T21:09:51.592-0400: 105.136: [GC (GCLocker Initiated GC) [PSYoungGen: 202705K->22052K(211456K)] 670502K->502060K(735744K), 0.0083317 secs] [Times: user=0.10 sys=0.00, real=0.01 secs] 
2016-09-25T21:09:51.759-0400: 105.302: [GC (GCLocker Initiated GC) [PSYoungGen: 183844K->19369K(210944K)] 672003K->508946K(735232K), 0.0048907 secs] [Times: user=0.04 sys=0.00, real=0.01 secs] 
2016-09-25T21:09:51.919-0400: 105.462: [GC (GCLocker Initiated GC) [PSYoungGen: 180137K->27535K(188416K)] 672632K->521474K(712704K), 0.0133523 secs] [Times: user=0.13 sys=0.01, real=0.01 secs] 
2016-09-25T21:09:52.090-0400: 105.634: [GC (GCLocker Initiated GC) [PSYoungGen: 188303K->22108K(210432K)] 691888K->527130K(734720K), 0.0120137 secs] [Times: user=0.12 sys=0.00, real=0.02 secs] 
2016-09-25T21:09:52.256-0400: 105.799: [Full GC (Ergonomics) [PSYoungGen: 183388K->0K(210432K)] [ParOldGen: 510446K->334885K(524288K)] 693835K->334885K(734720K), [Metaspace: 43770K->43770K(1087488K)], 0.0881962 secs] [Times: user=0.67 sys=0.00, real=0.09 secs] 
2016-09-25T21:09:52.496-0400: 106.040: [GC (Allocation Failure) [PSYoungGen: 160928K->22250K(210432K)] 495813K->357143K(734720K), 0.0122878 secs] [Times: user=0.17 sys=0.00, real=0.01 secs] 
2016-09-25T21:09:52.641-0400: 106.184: [GC (GCLocker Initiated GC) [PSYoungGen: 182198K->41817K(207872K)] 519792K->380971K(732160K), 0.0069935 secs] [Times: user=0.07 sys=0.00, real=0.01 secs] 
2016-09-25T21:09:52.785-0400: 106.328: [GC (GCLocker Initiated GC) [PSYoungGen: 201561K->40719K(200704K)] 543424K->383555K(724992K), 0.0102597 secs] [Times: user=0.10 sys=0.01, real=0.01 secs] 
2016-09-25T21:09:52.941-0400: 106.485: [GC (GCLocker Initiated GC) [PSYoungGen: 200463K->32806K(210944K)] 546118K->379590K(735232K), 0.0101993 secs] [Times: user=0.14 sys=0.00, real=0.01 secs] 
2016-09-25T21:09:53.068-0400: 106.612: [GC (GCLocker Initiated GC) [PSYoungGen: 191014K->50054K(208384K)] 537831K->403521K(732672K), 0.0069298 secs] [Times: user=0.05 sys=0.02, real=0.01 secs] 
2016-09-25T21:09:53.228-0400: 106.772: [GC (GCLocker Initiated GC) [PSYoungGen: 208262K->25957K(205312K)] 572633K->418368K(729600K), 0.0073292 secs] [Times: user=0.08 sys=0.01, real=0.01 secs] 
2016-09-25T21:09:53.358-0400: 106.901: [GC (GCLocker Initiated GC) [PSYoungGen: 177509K->50055K(201728K)] 570054K->443732K(726016K), 0.0085212 secs] [Times: user=0.11 sys=0.00, real=0.01 secs] 
2016-09-25T21:09:53.491-0400: 107.034: [GC (GCLocker Initiated GC) [PSYoungGen: 201607K->36544K(204288K)] 599509K->454400K(728576K), 0.0050989 secs] [Times: user=0.07 sys=0.01, real=0.01 secs] 
2016-09-25T21:09:53.614-0400: 107.158: [GC (Allocation Failure) [PSYoungGen: 181440K->35010K(180224K)] 602099K->467539K(704512K), 0.0074246 secs] [Times: user=0.10 sys=0.00, real=0.00 secs] 
2016-09-25T21:09:53.622-0400: 107.166: [GC (GCLocker Initiated GC) [PSYoungGen: 35366K->96K(196096K)] 467896K->472772K(720384K), 0.0054784 secs] [Times: user=0.08 sys=0.00, real=0.00 secs] 
2016-09-25T21:09:53.751-0400: 107.295: [GC (GCLocker Initiated GC) [PSYoungGen: 139378K->35110K(200192K)] 614754K->510486K(724480K), 0.0182913 secs] [Times: user=0.24 sys=0.00, real=0.02 secs] 
2016-09-25T21:09:53.886-0400: 107.430: [GC (GCLocker Initiated GC) [PSYoungGen: 175910K->36523K(200192K)] 651527K->515830K(724480K), 0.0094437 secs] [Times: user=0.10 sys=0.00, real=0.01 secs] 
2016-09-25T21:09:54.026-0400: 107.569: [GC (GCLocker Initiated GC) [PSYoungGen: 181419K->27106K(202240K)] 666200K->512818K(726528K), 0.0092387 secs] [Times: user=0.08 sys=0.00, real=0.01 secs] 
2016-09-25T21:09:54.168-0400: 107.712: [Full GC (Ergonomics) [PSYoungGen: 172002K->0K(202240K)] [ParOldGen: 496596K->355846K(524288K)] 668598K->355846K(726528K), [Metaspace: 43777K->43777K(1087488K)], 0.0819389 secs] [Times: user=0.59 sys=0.01, real=0.08 secs] 
2016-09-25T21:09:54.387-0400: 107.930: [GC (GCLocker Initiated GC) [PSYoungGen: 144896K->55730K(194048K)] 500775K->411609K(718336K), 0.0099309 secs] [Times: user=0.12 sys=0.01, real=0.01 secs] 
2016-09-25T21:09:54.543-0400: 108.086: [GC (GCLocker Initiated GC) [PSYoungGen: 193970K->31217K(200192K)] 552574K->400537K(724480K), 0.0176343 secs] [Times: user=0.24 sys=0.00, real=0.01 secs] 
2016-09-25T21:09:54.706-0400: 108.250: [GC (GCLocker Initiated GC) [PSYoungGen: 169457K->29650K(194048K)] 544188K->405474K(718336K), 0.0120270 secs] [Times: user=0.12 sys=0.00, real=0.01 secs] 
2016-09-25T21:09:54.843-0400: 108.387: [GC (GCLocker Initiated GC) [PSYoungGen: 169938K->28258K(198144K)] 545787K->405150K(722432K), 0.0127854 secs] [Times: user=0.11 sys=0.00, real=0.01 secs] 
2016-09-25T21:09:54.985-0400: 108.528: [GC (GCLocker Initiated GC) [PSYoungGen: 168546K->40630K(203776K)] 545448K->418454K(728064K), 0.0134321 secs] [Times: user=0.15 sys=0.00, real=0.01 secs] 
2016-09-25T21:09:55.122-0400: 108.666: [GC (GCLocker Initiated GC) [PSYoungGen: 188598K->32430K(180736K)] 566451K->411388K(705024K), 0.0130544 secs] [Times: user=0.13 sys=0.00, real=0.01 secs] 
2016-09-25T21:09:55.278-0400: 108.822: [GC (GCLocker Initiated GC) [PSYoungGen: 180398K->47607K(201216K)] 559432K->454734K(725504K), 0.0068227 secs] [Times: user=0.09 sys=0.00, real=0.01 secs] 
2016-09-25T21:09:55.427-0400: 108.971: [GC (GCLocker Initiated GC) [PSYoungGen: 194039K->27337K(204288K)] 608712K->464825K(728576K), 0.0093609 secs] [Times: user=0.11 sys=0.00, real=0.01 secs] 
2016-09-25T21:09:55.569-0400: 109.112: [GC (Allocation Failure) [PSYoungGen: 173769K->40890K(204288K)] 611334K->479649K(728576K), 0.0085345 secs] [Times: user=0.09 sys=0.00, real=0.01 secs] 
2016-09-25T21:09:55.715-0400: 109.258: [GC (GCLocker Initiated GC) [PSYoungGen: 188346K->25832K(173568K)] 627109K->476655K(697856K), 0.0085389 secs] [Times: user=0.08 sys=0.00, real=0.01 secs] 
2016-09-25T21:09:55.853-0400: 109.397: [GC (GCLocker Initiated GC) [PSYoungGen: 173288K->37829K(204800K)] 624143K->489842K(729088K), 0.0188185 secs] [Times: user=0.22 sys=0.01, real=0.02 secs] 
2016-09-25T21:09:56.027-0400: 109.571: [GC (GCLocker Initiated GC) [PSYoungGen: 186309K->31406K(204288K)] 643753K->503421K(728576K), 0.0081565 secs] [Times: user=0.08 sys=0.01, real=0.01 secs] 
2016-09-25T21:09:56.179-0400: 109.723: [GC (GCLocker Initiated GC) [PSYoungGen: 179886K->42281K(203264K)] 654761K->521292K(727552K), 0.0069116 secs] [Times: user=0.07 sys=0.01, real=0.01 secs] 
2016-09-25T21:09:56.328-0400: 109.872: [GC (GCLocker Initiated GC) [PSYoungGen: 191273K->27197K(204288K)] 670476K->523941K(728576K), 0.0293635 secs] [Times: user=0.33 sys=0.00, real=0.03 secs] 
2016-09-25T21:09:56.358-0400: 109.901: [Full GC (Ergonomics) [PSYoungGen: 27197K->0K(204288K)] [ParOldGen: 496744K->363259K(524288K)] 523941K->363259K(728576K), [Metaspace: 43781K->43781K(1087488K)], 0.0629537 secs] [Times: user=0.35 sys=0.01, real=0.06 secs] 
2016-09-25T21:09:56.563-0400: 110.107: [GC (GCLocker Initiated GC) [PSYoungGen: 148992K->32660K(203776K)] 512272K->395941K(728064K), 0.0139265 secs] [Times: user=0.15 sys=0.00, real=0.01 secs] 
2016-09-25T21:09:56.729-0400: 110.273: [GC (GCLocker Initiated GC) [PSYoungGen: 185236K->9790K(205312K)] 557980K->402828K(729600K), 0.0067278 secs] [Times: user=0.05 sys=0.00, real=0.01 secs] 
2016-09-25T21:09:56.884-0400: 110.427: [GC (GCLocker Initiated GC) [PSYoungGen: 162366K->28753K(207872K)] 558188K->425946K(732160K), 0.0066227 secs] [Times: user=0.05 sys=0.01, real=0.00 secs] 
2016-09-25T21:09:57.042-0400: 110.585: [GC (GCLocker Initiated GC) [PSYoungGen: 182865K->39374K(207360K)] 580091K->437962K(731648K), 0.0081716 secs] [Times: user=0.06 sys=0.01, real=0.01 secs] 
2016-09-25T21:09:57.217-0400: 110.760: [GC (Allocation Failure) [PSYoungGen: 193486K->23545K(208384K)] 598938K->438335K(732672K), 0.0072607 secs] [Times: user=0.06 sys=0.00, real=0.01 secs] 
2016-09-25T21:09:57.378-0400: 110.922: [GC (GCLocker Initiated GC) [PSYoungGen: 176759K->49111K(204288K)] 594250K->468154K(728576K), 0.0074090 secs] [Times: user=0.07 sys=0.01, real=0.01 secs] 
2016-09-25T21:09:57.547-0400: 111.091: [GC (GCLocker Initiated GC) [PSYoungGen: 204247K->22388K(205312K)] 626931K->446501K(729600K), 0.0070960 secs] [Times: user=0.07 sys=0.00, real=0.01 secs] 
2016-09-25T21:09:57.713-0400: 111.257: [GC (GCLocker Initiated GC) [PSYoungGen: 169844K->31532K(179200K)] 596685K->460008K(703488K), 0.0077232 secs] [Times: user=0.05 sys=0.00, real=0.01 secs] 
2016-09-25T21:09:57.879-0400: 111.422: [GC (GCLocker Initiated GC) [PSYoungGen: 178988K->47953K(198656K)] 607556K->494338K(722944K), 0.0074713 secs] [Times: user=0.07 sys=0.00, real=0.01 secs] 
2016-09-25T21:09:58.021-0400: 111.565: [GC (GCLocker Initiated GC) [PSYoungGen: 191825K->19134K(202240K)] 643642K->486065K(726528K), 0.0122902 secs] [Times: user=0.11 sys=0.00, real=0.01 secs] 
2016-09-25T21:09:58.178-0400: 111.721: [GC (GCLocker Initiated GC) [PSYoungGen: 163006K->24486K(200704K)] 635407K->498247K(724992K), 0.0058243 secs] [Times: user=0.04 sys=0.00, real=0.01 secs] 
2016-09-25T21:09:58.337-0400: 111.880: [GC (GCLocker Initiated GC) [PSYoungGen: 169894K->42453K(202240K)] 643709K->517524K(726528K), 0.0053970 secs] [Times: user=0.06 sys=0.00, real=0.00 secs] 
2016-09-25T21:09:58.497-0400: 112.040: [GC (GCLocker Initiated GC) [PSYoungGen: 187861K->15195K(202752K)] 669684K->511976K(727040K), 0.0319420 secs] [Times: user=0.35 sys=0.00, real=0.03 secs] 
2016-09-25T21:09:58.529-0400: 112.072: [Full GC (Ergonomics) [PSYoungGen: 15195K->0K(202752K)] [ParOldGen: 496780K->348565K(524288K)] 511976K->348565K(727040K), [Metaspace: 43786K->43786K(1087488K)], 0.0740404 secs] [Times: user=0.56 sys=0.02, real=0.08 secs] 
2016-09-25T21:09:58.756-0400: 112.299: [GC (GCLocker Initiated GC) [PSYoungGen: 144384K->23703K(168448K)] 493016K->372336K(692736K), 0.0117986 secs] [Times: user=0.12 sys=0.01, real=0.01 secs] 
2016-09-25T21:09:58.912-0400: 112.456: [GC (GCLocker Initiated GC) [PSYoungGen: 168087K->18169K(202752K)] 523509K->375333K(727040K), 0.0152781 secs] [Times: user=0.19 sys=0.00, real=0.02 secs] 
2016-09-25T21:09:59.099-0400: 112.643: [GC (GCLocker Initiated GC) [PSYoungGen: 163577K->22313K(202240K)] 530326K->390544K(726528K), 0.0082993 secs] [Times: user=0.08 sys=0.01, real=0.01 secs] 
2016-09-25T21:09:59.263-0400: 112.807: [GC (GCLocker Initiated GC) [PSYoungGen: 167721K->38289K(201728K)] 535985K->408376K(726016K), 0.0204660 secs] [Times: user=0.11 sys=0.03, real=0.02 secs] 
2016-09-25T21:09:59.418-0400: 112.961: [GC (GCLocker Initiated GC) [PSYoungGen: 185233K->35569K(202752K)] 555339K->434082K(727040K), 0.0287043 secs] [Times: user=0.27 sys=0.02, real=0.03 secs] 
2016-09-25T21:09:59.608-0400: 113.152: [GC (GCLocker Initiated GC) [PSYoungGen: 182513K->35897K(205312K)] 581041K->435828K(729600K), 0.0056362 secs] [Times: user=0.04 sys=0.00, real=0.00 secs] 
2016-09-25T21:09:59.763-0400: 113.306: [GC (GCLocker Initiated GC) [PSYoungGen: 186425K->37222K(205824K)] 586373K->438814K(730112K), 0.0129210 secs] [Times: user=0.13 sys=0.01, real=0.01 secs] 
2016-09-25T21:09:59.925-0400: 113.468: [GC (GCLocker Initiated GC) [PSYoungGen: 187750K->37180K(206848K)] 594804K->456804K(731136K), 0.0209366 secs] [Times: user=0.22 sys=0.00, real=0.02 secs] 
2016-09-25T21:10:00.112-0400: 113.656: [GC (GCLocker Initiated GC) [PSYoungGen: 188732K->21030K(173056K)] 612416K->457178K(697344K), 0.0425515 secs] [Times: user=0.43 sys=0.01, real=0.05 secs] 
2016-09-25T21:10:00.308-0400: 113.851: [GC (GCLocker Initiated GC) [PSYoungGen: 172582K->46663K(200192K)] 608975K->484874K(724480K), 0.0287147 secs] [Times: user=0.36 sys=0.00, real=0.03 secs] 
2016-09-25T21:10:00.495-0400: 114.038: [GC (GCLocker Initiated GC) [PSYoungGen: 192071K->37064K(203776K)] 633025K->479715K(728064K), 0.0101324 secs] [Times: user=0.13 sys=0.00, real=0.01 secs] 
2016-09-25T21:10:00.673-0400: 114.217: [GC (GCLocker Initiated GC) [PSYoungGen: 182472K->25123K(200704K)] 633446K->477589K(724992K), 0.0051294 secs] [Times: user=0.04 sys=0.00, real=0.01 secs] 
2016-09-25T21:10:00.843-0400: 114.387: [GC (GCLocker Initiated GC) [PSYoungGen: 171555K->38877K(202752K)] 630797K->499909K(727040K), 0.0058470 secs] [Times: user=0.04 sys=0.00, real=0.00 secs] 
2016-09-25T21:10:00.996-0400: 114.539: [GC (GCLocker Initiated GC) [PSYoungGen: 185309K->15456K(204800K)] 649236K->494669K(729088K), 0.0055395 secs] [Times: user=0.04 sys=0.00, real=0.00 secs] 
2016-09-25T21:10:01.145-0400: 114.688: [GC (GCLocker Initiated GC) [PSYoungGen: 163936K->30466K(179200K)] 645882K->514048K(703488K), 0.0078796 secs] [Times: user=0.07 sys=0.00, real=0.00 secs] 
2016-09-25T21:10:01.312-0400: 114.855: [GC (GCLocker Initiated GC) [PSYoungGen: 178946K->30371K(206336K)] 662598K->518423K(730624K), 0.0050317 secs] [Times: user=0.04 sys=0.00, real=0.01 secs] 
2016-09-25T21:10:01.457-0400: 115.000: [GC (GCLocker Initiated GC) [PSYoungGen: 181923K->39558K(203776K)] 670173K->529573K(728064K), 0.0059431 secs] [Times: user=0.05 sys=0.00, real=0.01 secs] 
2016-09-25T21:10:01.598-0400: 115.142: [GC (GCLocker Initiated GC) [PSYoungGen: 191110K->21597K(208384K)] 689259K->521055K(732672K), 0.0054903 secs] [Times: user=0.03 sys=0.00, real=0.01 secs] 
2016-09-25T21:10:01.737-0400: 115.281: [GC (GCLocker Initiated GC) [PSYoungGen: 176733K->20272K(208384K)] 678917K->542556K(732672K), 0.0057767 secs] [Times: user=0.05 sys=0.01, real=0.01 secs] 
2016-09-25T21:10:01.743-0400: 115.287: [Full GC (Ergonomics) [PSYoungGen: 20272K->0K(208384K)] [ParOldGen: 522283K->364997K(524288K)] 542556K->364997K(732672K), [Metaspace: 43796K->43796K(1087488K)], 0.2470719 secs] [Times: user=3.24 sys=0.01, real=0.24 secs] 
2016-09-25T21:10:02.154-0400: 115.698: [GC (GCLocker Initiated GC) [PSYoungGen: 155136K->32975K(207360K)] 522835K->400674K(731648K), 0.0090402 secs] [Times: user=0.09 sys=0.01, real=0.01 secs] 
2016-09-25T21:10:02.306-0400: 115.849: [GC (GCLocker Initiated GC) [PSYoungGen: 189135K->33964K(207872K)] 559755K->406109K(732160K), 0.0104025 secs] [Times: user=0.11 sys=0.00, real=0.01 secs] 
2016-09-25T21:10:02.455-0400: 115.999: [GC (GCLocker Initiated GC) [PSYoungGen: 190124K->25801K(208896K)] 573220K->410079K(733184K), 0.0199852 secs] [Times: user=0.16 sys=0.00, real=0.02 secs] 
2016-09-25T21:10:02.638-0400: 116.182: [GC (GCLocker Initiated GC) [PSYoungGen: 185545K->19179K(209408K)] 586238K->421003K(733696K), 0.0219144 secs] [Times: user=0.21 sys=0.00, real=0.02 secs] 
2016-09-25T21:10:02.810-0400: 116.354: [GC (GCLocker Initiated GC) [PSYoungGen: 178923K->20231K(211456K)] 580757K->423429K(735744K), 0.0093699 secs] [Times: user=0.11 sys=0.00, real=0.01 secs] 
2016-09-25T21:10:02.951-0400: 116.495: [GC (GCLocker Initiated GC) [PSYoungGen: 183047K->29594K(211968K)] 586366K->433879K(736256K), 0.0178380 secs] [Times: user=0.18 sys=0.00, real=0.02 secs] 
2016-09-25T21:10:03.110-0400: 116.653: [GC (GCLocker Initiated GC) [PSYoungGen: 192410K->24540K(210944K)] 603457K->436517K(735232K), 0.0117548 secs] [Times: user=0.11 sys=0.00, real=0.01 secs] 
2016-09-25T21:10:03.277-0400: 116.821: [GC (GCLocker Initiated GC) [PSYoungGen: 189916K->32470K(211456K)] 602105K->445940K(735744K), 0.0144248 secs] [Times: user=0.14 sys=0.00, real=0.01 secs] 
2016-09-25T21:10:03.442-0400: 116.985: [GC (GCLocker Initiated GC) [PSYoungGen: 197846K->30120K(214016K)] 616726K->450056K(738304K), 0.0106484 secs] [Times: user=0.12 sys=0.00, real=0.01 secs] 
2016-09-25T21:10:13.732-0400: 127.275: [GC (Allocation Failure) [PSYoungGen: 200104K->42233K(212480K)] 620041K->463591K(736768K), 0.0087869 secs] [Times: user=0.05 sys=0.01, real=0.01 secs] 
2016-09-25T21:10:24.384-0400: 137.928: [GC (Allocation Failure) [PSYoungGen: 212217K->45802K(205312K)] 633575K->508810K(729600K), 0.0156412 secs] [Times: user=0.10 sys=0.05, real=0.01 secs] 
