Java HotSpot(TM) 64-Bit Server VM (25.101-b13) for linux-amd64 JRE (1.8.0_101-b13), built on Jun 22 2016 02:59:44 by "java_re" with gcc 4.3.0 20080428 (Red Hat 4.3.0-8)
Memory: 4k page, physical 264122320k(91335608k free), swap 268399612k(268399612k free)
CommandLine flags: -XX:GCLogFileSize=1048576 -XX:+HeapDumpOnOutOfMemoryError -XX:HeapDumpPath=artifacts/heapdump -XX:InitialHeapSize=805306368 -XX:MaxHeapSize=805306368 -XX:NumberOfGCLogFiles=10 -XX:+PrintGC -XX:+PrintGCDateStamps -XX:+PrintGCDetails -XX:+PrintGCTimeStamps -XX:+UseCompressedClassPointers -XX:+UseCompressedOops -XX:+UseGCLogFileRotation -XX:+UseParallelGC 
2016-09-25T22:51:35.515-0400: 2.214: [GC (Metadata GC Threshold) [PSYoungGen: 121897K->15531K(229376K)] 121897K->15619K(753664K), 0.0248217 secs] [Times: user=0.14 sys=0.00, real=0.02 secs] 
2016-09-25T22:51:35.540-0400: 2.239: [Full GC (Metadata GC Threshold) [PSYoungGen: 15531K->0K(229376K)] [ParOldGen: 88K->14602K(350208K)] 15619K->14602K(579584K), [Metaspace: 21072K->21072K(1067008K)], 0.0578733 secs] [Times: user=0.44 sys=0.01, real=0.06 secs] 
2016-09-25T22:51:37.487-0400: 4.186: [GC (Metadata GC Threshold) [PSYoungGen: 121277K->15275K(229376K)] 135879K->30014K(579584K), 0.0177864 secs] [Times: user=0.16 sys=0.00, real=0.02 secs] 
2016-09-25T22:51:37.505-0400: 4.204: [Full GC (Metadata GC Threshold) [PSYoungGen: 15275K->0K(229376K)] [ParOldGen: 14738K->20746K(524288K)] 30014K->20746K(753664K), [Metaspace: 35063K->35063K(1079296K)], 0.0635071 secs] [Times: user=0.49 sys=0.01, real=0.06 secs] 
2016-09-25T22:51:39.160-0400: 5.859: [GC (GCLocker Initiated GC) [PSYoungGen: 194803K->32742K(229376K)] 226349K->83479K(753664K), 0.0358480 secs] [Times: user=0.49 sys=0.02, real=0.04 secs] 
2016-09-25T22:51:39.513-0400: 6.213: [GC (GCLocker Initiated GC) [PSYoungGen: 229350K->32764K(229376K)] 290920K->123266K(753664K), 0.0109066 secs] [Times: user=0.13 sys=0.01, real=0.02 secs] 
2016-09-25T22:51:39.624-0400: 6.324: [GC (GCLocker Initiated GC) [PSYoungGen: 229372K->32740K(229376K)] 319903K->160134K(753664K), 0.0099959 secs] [Times: user=0.12 sys=0.03, real=0.01 secs] 
2016-09-25T22:51:39.741-0400: 6.440: [GC (GCLocker Initiated GC) [PSYoungGen: 229348K->32764K(120832K)] 363563K->201076K(645120K), 0.0188273 secs] [Times: user=0.21 sys=0.01, real=0.02 secs] 
2016-09-25T22:51:39.811-0400: 6.511: [GC (GCLocker Initiated GC) [PSYoungGen: 120828K->85868K(175104K)] 298690K->279930K(699392K), 0.0164309 secs] [Times: user=0.24 sys=0.00, real=0.02 secs] 
2016-09-25T22:51:39.863-0400: 6.562: [GC (GCLocker Initiated GC) [PSYoungGen: 173932K->86398K(175104K)] 368157K->316819K(699392K), 0.0147646 secs] [Times: user=0.15 sys=0.03, real=0.01 secs] 
2016-09-25T22:51:39.925-0400: 6.624: [GC (GCLocker Initiated GC) [PSYoungGen: 174462K->62911K(175104K)] 410390K->316918K(699392K), 0.0148545 secs] [Times: user=0.18 sys=0.01, real=0.01 secs] 
2016-09-25T22:51:39.974-0400: 6.674: [GC (GCLocker Initiated GC) [PSYoungGen: 150975K->49376K(175104K)] 408978K->326554K(699392K), 0.0175827 secs] [Times: user=0.25 sys=0.01, real=0.01 secs] 
2016-09-25T22:51:40.033-0400: 6.732: [GC (GCLocker Initiated GC) [PSYoungGen: 137440K->32993K(175104K)] 420932K->335781K(699392K), 0.0095893 secs] [Times: user=0.09 sys=0.02, real=0.02 secs] 
2016-09-25T22:51:40.088-0400: 6.787: [GC (GCLocker Initiated GC) [PSYoungGen: 121057K->47782K(175104K)] 430722K->376577K(699392K), 0.0114435 secs] [Times: user=0.15 sys=0.00, real=0.01 secs] 
2016-09-25T22:51:40.137-0400: 6.837: [GC (GCLocker Initiated GC) [PSYoungGen: 135846K->53514K(175104K)] 467425K->411040K(699392K), 0.0076986 secs] [Times: user=0.11 sys=0.00, real=0.01 secs] 
2016-09-25T22:51:40.186-0400: 6.886: [GC (GCLocker Initiated GC) [PSYoungGen: 141578K->44003K(175104K)] 501958K->424932K(699392K), 0.0070874 secs] [Times: user=0.06 sys=0.04, real=0.00 secs] 
2016-09-25T22:51:40.233-0400: 6.932: [GC (GCLocker Initiated GC) [PSYoungGen: 132067K->46735K(175104K)] 518421K->450879K(699392K), 0.0073630 secs] [Times: user=0.09 sys=0.01, real=0.01 secs] 
2016-09-25T22:51:40.288-0400: 6.987: [GC (GCLocker Initiated GC) [PSYoungGen: 134799K->73654K(175104K)] 544424K->489008K(699392K), 0.0063189 secs] [Times: user=0.08 sys=0.01, real=0.01 secs] 
2016-09-25T22:51:40.334-0400: 7.033: [GC (GCLocker Initiated GC) [PSYoungGen: 161718K->45158K(175104K)] 577098K->490505K(699392K), 0.0150820 secs] [Times: user=0.24 sys=0.01, real=0.02 secs] 
2016-09-25T22:51:40.389-0400: 7.088: [GC (GCLocker Initiated GC) [PSYoungGen: 133222K->68318K(175104K)] 586706K->523415K(699392K), 0.0196400 secs] [Times: user=0.32 sys=0.01, real=0.02 secs] 
2016-09-25T22:51:40.452-0400: 7.151: [GC (GCLocker Initiated GC) [PSYoungGen: 156382K->71035K(175104K)] 619596K->542680K(699392K), 0.0063859 secs] [Times: user=0.09 sys=0.01, real=0.01 secs] 
2016-09-25T22:51:40.496-0400: 7.196: [GC (GCLocker Initiated GC) [PSYoungGen: 159099K->73718K(175104K)] 636261K->553842K(699392K), 0.0075713 secs] [Times: user=0.11 sys=0.00, real=0.01 secs] 
2016-09-25T22:51:40.546-0400: 7.245: [GC (GCLocker Initiated GC) --[PSYoungGen: 161782K->161782K(175104K)] 642020K->684143K(699392K), 0.0104765 secs] [Times: user=0.09 sys=0.02, real=0.01 secs] 
2016-09-25T22:51:40.556-0400: 7.256: [Full GC (Ergonomics) [PSYoungGen: 161782K->0K(175104K)] [ParOldGen: 522360K->59076K(524288K)] 684143K->59076K(699392K), [Metaspace: 42955K->42947K(1085440K)], 0.2068156 secs] [Times: user=3.16 sys=0.04, real=0.21 secs] 
2016-09-25T22:51:40.805-0400: 7.505: [GC (GCLocker Initiated GC) [PSYoungGen: 88064K->68382K(175104K)] 147217K->127543K(699392K), 0.0056565 secs] [Times: user=0.09 sys=0.00, real=0.00 secs] 
2016-09-25T22:51:40.848-0400: 7.548: [GC (GCLocker Initiated GC) [PSYoungGen: 156446K->56104K(175104K)] 222426K->127949K(699392K), 0.0083445 secs] [Times: user=0.10 sys=0.00, real=0.01 secs] 
2016-09-25T22:51:40.888-0400: 7.588: [GC (GCLocker Initiated GC) [PSYoungGen: 144168K->73604K(175104K)] 216190K->159458K(699392K), 0.0065204 secs] [Times: user=0.08 sys=0.00, real=0.01 secs] 
2016-09-25T22:51:40.929-0400: 7.628: [GC (GCLocker Initiated GC) [PSYoungGen: 161668K->72481K(175104K)] 258545K->183099K(699392K), 0.0061400 secs] [Times: user=0.09 sys=0.00, real=0.01 secs] 
2016-09-25T22:51:40.977-0400: 7.676: [GC (GCLocker Initiated GC) [PSYoungGen: 160545K->65585K(175104K)] 276670K->188818K(699392K), 0.0061573 secs] [Times: user=0.09 sys=0.00, real=0.01 secs] 
2016-09-25T22:51:41.024-0400: 7.723: [GC (GCLocker Initiated GC) [PSYoungGen: 153649K->50750K(175104K)] 289076K->216208K(699392K), 0.0062312 secs] [Times: user=0.10 sys=0.00, real=0.00 secs] 
2016-09-25T22:51:41.066-0400: 7.765: [GC (GCLocker Initiated GC) [PSYoungGen: 138814K->54689K(175104K)] 304346K->232642K(699392K), 0.0078472 secs] [Times: user=0.06 sys=0.00, real=0.00 secs] 
2016-09-25T22:51:41.109-0400: 7.809: [GC (GCLocker Initiated GC) [PSYoungGen: 142753K->66953K(175104K)] 327627K->276404K(699392K), 0.0060664 secs] [Times: user=0.09 sys=0.00, real=0.01 secs] 
2016-09-25T22:51:41.154-0400: 7.854: [GC (GCLocker Initiated GC) [PSYoungGen: 155017K->50578K(175104K)] 372721K->284741K(699392K), 0.0074973 secs] [Times: user=0.07 sys=0.00, real=0.00 secs] 
2016-09-25T22:51:41.206-0400: 7.906: [GC (GCLocker Initiated GC) [PSYoungGen: 138642K->50704K(175104K)] 379618K->312176K(699392K), 0.0191596 secs] [Times: user=0.27 sys=0.00, real=0.02 secs] 
2016-09-25T22:51:41.272-0400: 7.971: [GC (GCLocker Initiated GC) [PSYoungGen: 138768K->48014K(175104K)] 405649K->336713K(699392K), 0.0083234 secs] [Times: user=0.08 sys=0.00, real=0.01 secs] 
2016-09-25T22:51:41.315-0400: 8.015: [GC (GCLocker Initiated GC) [PSYoungGen: 136078K->64264K(175104K)] 424940K->362953K(699392K), 0.0078586 secs] [Times: user=0.09 sys=0.00, real=0.01 secs] 
2016-09-25T22:51:41.355-0400: 8.054: [GC (GCLocker Initiated GC) [PSYoungGen: 152328K->69849K(175104K)] 453841K->412185K(699392K), 0.0072903 secs] [Times: user=0.11 sys=0.00, real=0.01 secs] 
2016-09-25T22:51:41.406-0400: 8.106: [GC (GCLocker Initiated GC) [PSYoungGen: 157913K->73912K(175104K)] 501699K->424922K(699392K), 0.0068926 secs] [Times: user=0.09 sys=0.00, real=0.00 secs] 
2016-09-25T22:51:41.456-0400: 8.156: [GC (GCLocker Initiated GC) [PSYoungGen: 161976K->45246K(175104K)] 514387K->433265K(699392K), 0.0071212 secs] [Times: user=0.09 sys=0.00, real=0.01 secs] 
2016-09-25T22:51:41.492-0400: 8.191: [GC (GCLocker Initiated GC) [PSYoungGen: 133310K->84808K(175104K)] 524136K->480073K(699392K), 0.0067183 secs] [Times: user=0.09 sys=0.00, real=0.01 secs] 
2016-09-25T22:51:41.537-0400: 8.236: [GC (GCLocker Initiated GC) [PSYoungGen: 172872K->68370K(175104K)] 568162K->483136K(699392K), 0.0121651 secs] [Times: user=0.16 sys=0.00, real=0.01 secs] 
2016-09-25T22:51:41.586-0400: 8.286: [GC (GCLocker Initiated GC) [PSYoungGen: 156434K->45526K(175104K)] 582099K->474277K(699392K), 0.0057773 secs] [Times: user=0.06 sys=0.00, real=0.00 secs] 
2016-09-25T22:51:41.630-0400: 8.330: [GC (GCLocker Initiated GC) [PSYoungGen: 133590K->53662K(175104K)] 571614K->508502K(699392K), 0.0062465 secs] [Times: user=0.06 sys=0.01, real=0.01 secs] 
2016-09-25T22:51:41.672-0400: 8.372: [GC (GCLocker Initiated GC) [PSYoungGen: 141726K->83128K(175104K)] 596634K->550638K(699392K), 0.0069378 secs] [Times: user=0.10 sys=0.00, real=0.01 secs] 
2016-09-25T22:51:41.716-0400: 8.416: [GC (GCLocker Initiated GC) [PSYoungGen: 171192K->65639K(175104K)] 638806K->556540K(699392K), 0.0066387 secs] [Times: user=0.09 sys=0.01, real=0.01 secs] 
2016-09-25T22:51:41.723-0400: 8.423: [Full GC (Ergonomics) [PSYoungGen: 65639K->0K(175104K)] [ParOldGen: 490901K->63866K(524288K)] 556540K->63866K(699392K), [Metaspace: 43142K->43142K(1085440K)], 0.0726097 secs] [Times: user=0.73 sys=0.01, real=0.07 secs] 
2016-09-25T22:51:41.831-0400: 8.531: [GC (GCLocker Initiated GC) [PSYoungGen: 88064K->83870K(175104K)] 154891K->150706K(699392K), 0.0068026 secs] [Times: user=0.09 sys=0.00, real=0.01 secs] 
2016-09-25T22:51:41.884-0400: 8.583: [GC (GCLocker Initiated GC) [PSYoungGen: 171934K->67273K(175104K)] 249740K->148802K(699392K), 0.0054741 secs] [Times: user=0.08 sys=0.00, real=0.00 secs] 
2016-09-25T22:51:41.921-0400: 8.621: [GC (GCLocker Initiated GC) [PSYoungGen: 155337K->73770K(175104K)] 236904K->162730K(699392K), 0.0057961 secs] [Times: user=0.09 sys=0.00, real=0.01 secs] 
2016-09-25T22:51:41.966-0400: 8.666: [GC (GCLocker Initiated GC) [PSYoungGen: 161834K->61698K(175104K)] 258911K->183493K(699392K), 0.0065517 secs] [Times: user=0.09 sys=0.00, real=0.00 secs] 
2016-09-25T22:51:42.010-0400: 8.710: [GC (GCLocker Initiated GC) [PSYoungGen: 149762K->48102K(175104K)] 277059K->185313K(699392K), 0.0060098 secs] [Times: user=0.05 sys=0.00, real=0.01 secs] 
2016-09-25T22:51:42.052-0400: 8.751: [GC (GCLocker Initiated GC) [PSYoungGen: 136166K->63034K(175104K)] 273538K->223936K(699392K), 0.0063215 secs] [Times: user=0.09 sys=0.00, real=0.01 secs] 
2016-09-25T22:51:42.090-0400: 8.790: [GC (GCLocker Initiated GC) [PSYoungGen: 151098K->68480K(175104K)] 312251K->265215K(699392K), 0.0088225 secs] [Times: user=0.12 sys=0.01, real=0.01 secs] 
2016-09-25T22:51:42.133-0400: 8.833: [GC (GCLocker Initiated GC) [PSYoungGen: 156544K->56362K(175104K)] 356134K->286168K(699392K), 0.0067301 secs] [Times: user=0.07 sys=0.00, real=0.01 secs] 
2016-09-25T22:51:42.178-0400: 8.877: [GC (GCLocker Initiated GC) [PSYoungGen: 144426K->39988K(175104K)] 374500K->282768K(699392K), 0.0085265 secs] [Times: user=0.08 sys=0.00, real=0.01 secs] 
2016-09-25T22:51:42.213-0400: 8.913: [GC (GCLocker Initiated GC) [PSYoungGen: 128052K->67162K(175104K)] 376452K->326848K(699392K), 0.0073180 secs] [Times: user=0.06 sys=0.00, real=0.01 secs] 
2016-09-25T22:51:42.258-0400: 8.957: [GC (GCLocker Initiated GC) [PSYoungGen: 155226K->82026K(175104K)] 419015K->359891K(699392K), 0.0070111 secs] [Times: user=0.10 sys=0.00, real=0.01 secs] 
2016-09-25T22:51:42.301-0400: 9.000: [GC (GCLocker Initiated GC) [PSYoungGen: 170090K->72498K(175104K)] 451527K->363922K(699392K), 0.0068265 secs] [Times: user=0.09 sys=0.00, real=0.01 secs] 
2016-09-25T22:51:42.343-0400: 9.043: [GC (GCLocker Initiated GC) [PSYoungGen: 160562K->63006K(175104K)] 452103K->386114K(699392K), 0.0064913 secs] [Times: user=0.10 sys=0.00, real=0.00 secs] 
2016-09-25T22:51:42.374-0400: 9.073: [GC (GCLocker Initiated GC) [PSYoungGen: 151070K->64444K(175104K)] 479671K->420387K(699392K), 0.0135101 secs] [Times: user=0.15 sys=0.00, real=0.02 secs] 
2016-09-25T22:51:42.427-0400: 9.126: [GC (GCLocker Initiated GC) [PSYoungGen: 152508K->67006K(175104K)] 508520K->439844K(699392K), 0.0065320 secs] [Times: user=0.09 sys=0.00, real=0.00 secs] 
2016-09-25T22:51:42.469-0400: 9.169: [GC (GCLocker Initiated GC) [PSYoungGen: 155070K->54980K(175104K)] 533467K->455425K(699392K), 0.0171997 secs] [Times: user=0.25 sys=0.01, real=0.02 secs] 
2016-09-25T22:51:42.560-0400: 9.259: [GC (GCLocker Initiated GC) [PSYoungGen: 143044K->63126K(172032K)] 552948K->495138K(696320K), 0.0071347 secs] [Times: user=0.10 sys=0.00, real=0.01 secs] 
2016-09-25T22:51:42.597-0400: 9.297: [GC (GCLocker Initiated GC) [PSYoungGen: 151190K->79266K(173568K)] 583259K->526755K(697856K), 0.0078250 secs] [Times: user=0.09 sys=0.00, real=0.01 secs] 
2016-09-25T22:51:42.647-0400: 9.347: [GC (GCLocker Initiated GC) [PSYoungGen: 167330K->71070K(175104K)] 615074K->536790K(699392K), 0.0067047 secs] [Times: user=0.08 sys=0.00, real=0.01 secs] 
2016-09-25T22:51:42.697-0400: 9.396: [GC (GCLocker Initiated GC) [PSYoungGen: 159134K->68526K(175104K)] 628995K->542815K(699392K), 0.0071181 secs] [Times: user=0.09 sys=0.00, real=0.01 secs] 
2016-09-25T22:51:42.741-0400: 9.441: [GC (GCLocker Initiated GC) [PSYoungGen: 156590K->67116K(172032K)] 633770K->571898K(696320K), 0.0075050 secs] [Times: user=0.12 sys=0.00, real=0.01 secs] 
2016-09-25T22:51:42.749-0400: 9.449: [Full GC (Ergonomics) [PSYoungGen: 67116K->0K(172032K)] [ParOldGen: 504781K->76492K(524288K)] 571898K->76492K(696320K), [Metaspace: 43250K->43250K(1085440K)], 0.0452775 secs] [Times: user=0.42 sys=0.00, real=0.05 secs] 
2016-09-25T22:51:42.836-0400: 9.536: [GC (GCLocker Initiated GC) [PSYoungGen: 88064K->78250K(173568K)] 168703K->158898K(697856K), 0.0062315 secs] [Times: user=0.09 sys=0.00, real=0.01 secs] 
2016-09-25T22:51:42.878-0400: 9.578: [GC (GCLocker Initiated GC) [PSYoungGen: 166314K->64448K(175616K)] 247062K->182498K(699904K), 0.0068584 secs] [Times: user=0.10 sys=0.01, real=0.01 secs] 
2016-09-25T22:51:42.918-0400: 9.618: [GC (GCLocker Initiated GC) [PSYoungGen: 153024K->82122K(175104K)] 271232K->237326K(699392K), 0.0074720 secs] [Times: user=0.11 sys=0.01, real=0.01 secs] 
2016-09-25T22:51:42.967-0400: 9.667: [GC (GCLocker Initiated GC) [PSYoungGen: 170698K->57634K(175104K)] 328630K->249962K(699392K), 0.0062767 secs] [Times: user=0.09 sys=0.00, real=0.00 secs] 
2016-09-25T22:51:43.015-0400: 9.715: [GC (GCLocker Initiated GC) [PSYoungGen: 145698K->40080K(175104K)] 339401K->250404K(699392K), 0.0058514 secs] [Times: user=0.05 sys=0.00, real=0.00 secs] 
2016-09-25T22:51:43.047-0400: 9.747: [GC (GCLocker Initiated GC) [PSYoungGen: 128144K->85938K(175104K)] 338667K->306525K(699392K), 0.0068421 secs] [Times: user=0.10 sys=0.00, real=0.00 secs] 
2016-09-25T22:51:43.094-0400: 9.794: [GC (GCLocker Initiated GC) [PSYoungGen: 174002K->59122K(175104K)] 398891K->307352K(699392K), 0.0064493 secs] [Times: user=0.07 sys=0.00, real=0.00 secs] 
2016-09-25T22:51:43.136-0400: 9.835: [GC (GCLocker Initiated GC) [PSYoungGen: 147186K->61665K(175104K)] 403739K->337704K(699392K), 0.0061228 secs] [Times: user=0.08 sys=0.00, real=0.00 secs] 
2016-09-25T22:51:43.170-0400: 9.869: [GC (GCLocker Initiated GC) [PSYoungGen: 149729K->75106K(175104K)] 428634K->377444K(699392K), 0.0070224 secs] [Times: user=0.09 sys=0.01, real=0.01 secs] 
2016-09-25T22:51:43.214-0400: 9.914: [GC (GCLocker Initiated GC) [PSYoungGen: 163170K->71180K(175104K)] 471078K->394373K(699392K), 0.0064584 secs] [Times: user=0.09 sys=0.00, real=0.00 secs] 
2016-09-25T22:51:43.264-0400: 9.963: [GC (GCLocker Initiated GC) [PSYoungGen: 159244K->64480K(175104K)] 485280K->407207K(699392K), 0.0064409 secs] [Times: user=0.10 sys=0.00, real=0.00 secs] 
2016-09-25T22:51:43.298-0400: 9.997: [GC (GCLocker Initiated GC) [PSYoungGen: 152544K->84630K(175104K)] 498236K->445710K(699392K), 0.0079984 secs] [Times: user=0.11 sys=0.01, real=0.01 secs] 
2016-09-25T22:51:43.347-0400: 10.046: [GC (GCLocker Initiated GC) [PSYoungGen: 172694K->77916K(175104K)] 539324K->459885K(699392K), 0.0072149 secs] [Times: user=0.10 sys=0.01, real=0.00 secs] 
2016-09-25T22:51:43.389-0400: 10.089: [GC (GCLocker Initiated GC) [PSYoungGen: 165980K->73834K(175104K)] 548026K->484712K(699392K), 0.0091991 secs] [Times: user=0.13 sys=0.00, real=0.01 secs] 
2016-09-25T22:51:43.431-0400: 10.130: [GC (GCLocker Initiated GC) [PSYoungGen: 161898K->75248K(175104K)] 572900K->506938K(699392K), 0.0068096 secs] [Times: user=0.10 sys=0.00, real=0.01 secs] 
2016-09-25T22:51:43.471-0400: 10.171: [GC (GCLocker Initiated GC) [PSYoungGen: 163312K->71244K(175104K)] 595232K->530714K(699392K), 0.0074753 secs] [Times: user=0.11 sys=0.00, real=0.01 secs] 
2016-09-25T22:51:43.518-0400: 10.218: [GC (GCLocker Initiated GC) [PSYoungGen: 159308K->52312K(175104K)] 624222K->550138K(699392K), 0.0070848 secs] [Times: user=0.09 sys=0.01, real=0.01 secs] 
2016-09-25T22:51:43.525-0400: 10.225: [Full GC (Ergonomics) [PSYoungGen: 52312K->0K(175104K)] [ParOldGen: 497825K->76380K(524288K)] 550138K->76380K(699392K), [Metaspace: 43337K->43337K(1085440K)], 0.0458028 secs] [Times: user=0.38 sys=0.00, real=0.04 secs] 
2016-09-25T22:51:43.608-0400: 10.308: [GC (GCLocker Initiated GC) [PSYoungGen: 88064K->79710K(175104K)] 179408K->171054K(699392K), 0.0068472 secs] [Times: user=0.10 sys=0.00, real=0.01 secs] 
2016-09-25T22:51:43.654-0400: 10.353: [GC (GCLocker Initiated GC) [PSYoungGen: 167774K->61666K(175104K)] 266056K->177114K(699392K), 0.0064037 secs] [Times: user=0.08 sys=0.00, real=0.01 secs] 
2016-09-25T22:51:43.697-0400: 10.397: [GC (GCLocker Initiated GC) [PSYoungGen: 149730K->77884K(175104K)] 265210K->211370K(699392K), 0.0068204 secs] [Times: user=0.10 sys=0.00, real=0.01 secs] 
2016-09-25T22:51:43.732-0400: 10.431: [GC (GCLocker Initiated GC) [PSYoungGen: 165948K->68576K(175104K)] 299570K->233738K(699392K), 0.0071484 secs] [Times: user=0.10 sys=0.00, real=0.01 secs] 
2016-09-25T22:51:43.776-0400: 10.476: [GC (GCLocker Initiated GC) [PSYoungGen: 156640K->53680K(175104K)] 321876K->251900K(699392K), 0.0063466 secs] [Times: user=0.09 sys=0.00, real=0.01 secs] 
2016-09-25T22:51:43.820-0400: 10.520: [GC (GCLocker Initiated GC) [PSYoungGen: 141744K->72576K(175104K)] 344979K->285771K(699392K), 0.0067189 secs] [Times: user=0.08 sys=0.00, real=0.01 secs] 
2016-09-25T22:51:43.853-0400: 10.553: [GC (GCLocker Initiated GC) [PSYoungGen: 160640K->79156K(175104K)] 376640K->318676K(699392K), 0.0070788 secs] [Times: user=0.10 sys=0.00, real=0.01 secs] 
2016-09-25T22:51:43.906-0400: 10.605: [GC (GCLocker Initiated GC) [PSYoungGen: 167220K->73926K(175104K)] 419008K->347686K(699392K), 0.0069072 secs] [Times: user=0.10 sys=0.00, real=0.00 secs] 
2016-09-25T22:51:43.951-0400: 10.651: [GC (GCLocker Initiated GC) [PSYoungGen: 161990K->53552K(175104K)] 441224K->348080K(699392K), 0.0059504 secs] [Times: user=0.08 sys=0.00, real=0.01 secs] 
2016-09-25T22:51:43.990-0400: 10.689: [GC (GCLocker Initiated GC) [PSYoungGen: 141616K->72388K(175104K)] 439058K->373000K(699392K), 0.0062216 secs] [Times: user=0.08 sys=0.00, real=0.01 secs] 
2016-09-25T22:51:44.034-0400: 10.734: [GC (GCLocker Initiated GC) [PSYoungGen: 160452K->46738K(175104K)] 461085K->367971K(699392K), 0.0096416 secs] [Times: user=0.11 sys=0.00, real=0.02 secs] 
2016-09-25T22:51:44.078-0400: 10.777: [GC (GCLocker Initiated GC) [PSYoungGen: 134802K->68494K(175104K)] 460287K->399825K(699392K), 0.0068661 secs] [Times: user=0.07 sys=0.00, real=0.01 secs] 
2016-09-25T22:51:44.132-0400: 10.831: [GC (GCLocker Initiated GC) [PSYoungGen: 156558K->64384K(175104K)] 488044K->420720K(699392K), 0.0065624 secs] [Times: user=0.08 sys=0.00, real=0.01 secs] 
2016-09-25T22:51:44.180-0400: 10.879: [GC (GCLocker Initiated GC) [PSYoungGen: 152448K->57712K(175104K)] 514291K->428100K(699392K), 0.0111667 secs] [Times: user=0.13 sys=0.00, real=0.01 secs] 
2016-09-25T22:51:44.225-0400: 10.925: [GC (GCLocker Initiated GC) [PSYoungGen: 145776K->46815K(175104K)] 520309K->439466K(699392K), 0.0155056 secs] [Times: user=0.18 sys=0.00, real=0.01 secs] 
2016-09-25T22:51:44.283-0400: 10.982: [GC (GCLocker Initiated GC) [PSYoungGen: 134879K->57598K(175104K)] 538536K->488734K(699392K), 0.0188365 secs] [Times: user=0.21 sys=0.01, real=0.01 secs] 
2016-09-25T22:51:44.335-0400: 11.034: [GC (GCLocker Initiated GC) [PSYoungGen: 145662K->57634K(175104K)] 579576K->521794K(699392K), 0.0084928 secs] [Times: user=0.09 sys=0.00, real=0.01 secs] 
2016-09-25T22:51:44.378-0400: 11.078: [GC (GCLocker Initiated GC) [PSYoungGen: 145698K->64366K(152576K)] 609868K->551948K(676864K), 0.0070111 secs] [Times: user=0.09 sys=0.00, real=0.01 secs] 
2016-09-25T22:51:44.385-0400: 11.085: [Full GC (Ergonomics) [PSYoungGen: 64366K->0K(152576K)] [ParOldGen: 487582K->84980K(524288K)] 551948K->84980K(676864K), [Metaspace: 43356K->43356K(1085440K)], 0.0441554 secs] [Times: user=0.35 sys=0.00, real=0.04 secs] 
2016-09-25T22:51:44.466-0400: 11.166: [GC (GCLocker Initiated GC) [PSYoungGen: 88064K->84986K(171008K)] 173196K->170127K(695296K), 0.0061705 secs] [Times: user=0.09 sys=0.01, real=0.00 secs] 
2016-09-25T22:51:44.512-0400: 11.211: [GC (GCLocker Initiated GC) [PSYoungGen: 171002K->52234K(173056K)] 258852K->178706K(697344K), 0.0076288 secs] [Times: user=0.09 sys=0.01, real=0.01 secs] 
2016-09-25T22:51:44.551-0400: 11.250: [GC (GCLocker Initiated GC) [PSYoungGen: 138250K->72548K(175104K)] 270220K->210388K(699392K), 0.0065026 secs] [Times: user=0.09 sys=0.00, real=0.01 secs] 
2016-09-25T22:51:44.585-0400: 11.285: [GC (GCLocker Initiated GC) [PSYoungGen: 160612K->65748K(175104K)] 301307K->233933K(699392K), 0.0067343 secs] [Times: user=0.10 sys=0.00, real=0.00 secs] 
2016-09-25T22:51:44.627-0400: 11.327: [GC (GCLocker Initiated GC) [PSYoungGen: 153812K->59080K(175104K)] 322023K->265543K(699392K), 0.0074791 secs] [Times: user=0.07 sys=0.01, real=0.01 secs] 
2016-09-25T22:51:44.667-0400: 11.366: [GC (GCLocker Initiated GC) [PSYoungGen: 147144K->57662K(145920K)] 354266K->280099K(670208K), 0.0080667 secs] [Times: user=0.07 sys=0.00, real=0.01 secs] 
2016-09-25T22:51:44.715-0400: 11.415: [GC (GCLocker Initiated GC) [PSYoungGen: 145726K->46847K(174080K)] 379952K->300449K(698368K), 0.0056357 secs] [Times: user=0.06 sys=0.01, real=0.00 secs] 
2016-09-25T22:51:44.758-0400: 11.458: [GC (GCLocker Initiated GC) [PSYoungGen: 134399K->67147K(174592K)] 394900K->330895K(698880K), 0.0058409 secs] [Times: user=0.07 sys=0.00, real=0.01 secs] 
2016-09-25T22:51:44.796-0400: 11.495: [GC (GCLocker Initiated GC) [PSYoungGen: 154699K->73847K(174592K)] 421397K->372072K(698880K), 0.0081648 secs] [Times: user=0.10 sys=0.01, real=0.01 secs] 
2016-09-25T22:51:44.845-0400: 11.545: [GC (GCLocker Initiated GC) [PSYoungGen: 161911K->71083K(175104K)] 471052K->390109K(699392K), 0.0062398 secs] [Times: user=0.08 sys=0.01, real=0.00 secs] 
2016-09-25T22:51:44.890-0400: 11.589: [GC (GCLocker Initiated GC) [PSYoungGen: 159147K->60301K(175104K)] 481035K->394803K(699392K), 0.0058206 secs] [Times: user=0.07 sys=0.00, real=0.01 secs] 
2016-09-25T22:51:44.929-0400: 11.628: [GC (GCLocker Initiated GC) [PSYoungGen: 148365K->58951K(147456K)] 485627K->407333K(671744K), 0.0067345 secs] [Times: user=0.07 sys=0.00, real=0.01 secs] 
2016-09-25T22:51:44.971-0400: 11.671: [GC (GCLocker Initiated GC) [PSYoungGen: 147015K->79407K(172032K)] 495429K->436391K(696320K), 0.0069684 secs] [Times: user=0.10 sys=0.00, real=0.01 secs] 
2016-09-25T22:51:45.014-0400: 11.713: [GC (GCLocker Initiated GC) [PSYoungGen: 165935K->71179K(173568K)] 527063K->443614K(697856K), 0.0066382 secs] [Times: user=0.09 sys=0.00, real=0.01 secs] 
2016-09-25T22:51:45.052-0400: 11.752: [GC (GCLocker Initiated GC) [PSYoungGen: 157707K->75293K(175104K)] 530328K->464641K(699392K), 0.0070217 secs] [Times: user=0.09 sys=0.00, real=0.01 secs] 
2016-09-25T22:51:45.092-0400: 11.791: [GC (GCLocker Initiated GC) [PSYoungGen: 163357K->82135K(175104K)] 556121K->487470K(699392K), 0.0073396 secs] [Times: user=0.10 sys=0.01, real=0.01 secs] 
2016-09-25T22:51:45.140-0400: 11.840: [GC (GCLocker Initiated GC) [PSYoungGen: 170199K->60301K(175104K)] 582357K->497380K(699392K), 0.0072594 secs] [Times: user=0.09 sys=0.00, real=0.01 secs] 
2016-09-25T22:51:45.184-0400: 11.884: [GC (GCLocker Initiated GC) [PSYoungGen: 148365K->79279K(175104K)] 592376K->534496K(699392K), 0.0075884 secs] [Times: user=0.11 sys=0.00, real=0.00 secs] 
2016-09-25T22:51:45.224-0400: 11.923: [GC (GCLocker Initiated GC) [PSYoungGen: 167343K->69847K(175104K)] 622615K->558034K(699392K), 0.0090246 secs] [Times: user=0.12 sys=0.00, real=0.00 secs] 
2016-09-25T22:51:45.233-0400: 11.933: [Full GC (Ergonomics) [PSYoungGen: 69847K->0K(175104K)] [ParOldGen: 488186K->99079K(524288K)] 558034K->99079K(699392K), [Metaspace: 43372K->43372K(1085440K)], 0.0459154 secs] [Times: user=0.27 sys=0.00, real=0.05 secs] 
2016-09-25T22:51:45.327-0400: 12.026: [GC (GCLocker Initiated GC) [PSYoungGen: 88064K->67385K(175104K)] 192679K->172001K(699392K), 0.0057587 secs] [Times: user=0.07 sys=0.00, real=0.00 secs] 
2016-09-25T22:51:45.371-0400: 12.071: [GC (GCLocker Initiated GC) [PSYoungGen: 155449K->50865K(175104K)] 262944K->172616K(699392K), 0.0054069 secs] [Times: user=0.06 sys=0.00, real=0.01 secs] 
2016-09-25T22:51:45.413-0400: 12.112: [GC (GCLocker Initiated GC) [PSYoungGen: 138929K->56297K(175104K)] 265017K->190958K(699392K), 0.0067663 secs] [Times: user=0.06 sys=0.00, real=0.01 secs] 
2016-09-25T22:51:45.456-0400: 12.156: [GC (GCLocker Initiated GC) [PSYoungGen: 144361K->50838K(175104K)] 281728K->225238K(699392K), 0.0063229 secs] [Times: user=0.08 sys=0.00, real=0.01 secs] 
2016-09-25T22:51:45.500-0400: 12.200: [GC (GCLocker Initiated GC) [PSYoungGen: 138902K->61761K(175104K)] 318828K->254237K(699392K), 0.0061024 secs] [Times: user=0.08 sys=0.00, real=0.01 secs] 
2016-09-25T22:51:45.536-0400: 12.236: [GC (GCLocker Initiated GC) [PSYoungGen: 149825K->78007K(175104K)] 345030K->279191K(699392K), 0.0070538 secs] [Times: user=0.09 sys=0.00, real=0.01 secs] 
2016-09-25T22:51:45.584-0400: 12.284: [GC (GCLocker Initiated GC) [PSYoungGen: 166071K->57597K(175104K)] 382148K->283612K(699392K), 0.0095848 secs] [Times: user=0.06 sys=0.00, real=0.00 secs] 
2016-09-25T22:51:45.636-0400: 12.336: [GC (GCLocker Initiated GC) [PSYoungGen: 145661K->71101K(175104K)] 377105K->313811K(699392K), 0.0064000 secs] [Times: user=0.09 sys=0.00, real=0.01 secs] 
2016-09-25T22:51:45.682-0400: 12.382: [GC (GCLocker Initiated GC) [PSYoungGen: 159165K->63061K(175104K)] 410104K->326516K(699392K), 0.0071186 secs] [Times: user=0.07 sys=0.00, real=0.00 secs] 
2016-09-25T22:51:45.730-0400: 12.430: [GC (GCLocker Initiated GC) [PSYoungGen: 151125K->60347K(174080K)] 426802K->362195K(698368K), 0.0088240 secs] [Times: user=0.12 sys=0.00, real=0.01 secs] 
2016-09-25T22:51:45.786-0400: 12.486: [GC (GCLocker Initiated GC) [PSYoungGen: 148411K->60283K(174592K)] 462597K->392467K(698880K), 0.0064907 secs] [Times: user=0.09 sys=0.00, real=0.00 secs] 
2016-09-25T22:51:45.829-0400: 12.529: [GC (GCLocker Initiated GC) [PSYoungGen: 148347K->64397K(172544K)] 483878K->427395K(696832K), 0.0070839 secs] [Times: user=0.09 sys=0.01, real=0.01 secs] 
2016-09-25T22:51:45.871-0400: 12.571: [GC (GCLocker Initiated GC) [PSYoungGen: 155021K->76534K(173568K)] 518096K->464444K(697856K), 0.0160772 secs] [Times: user=0.20 sys=0.00, real=0.02 secs] 
2016-09-25T22:51:45.925-0400: 12.625: [GC (GCLocker Initiated GC) [PSYoungGen: 167158K->63111K(177664K)] 558022K->484153K(701952K), 0.0082939 secs] [Times: user=0.11 sys=0.00, real=0.00 secs] 
2016-09-25T22:51:45.979-0400: 12.678: [GC (GCLocker Initiated GC) [PSYoungGen: 155783K->82058K(175104K)] 586376K->521233K(699392K), 0.0086110 secs] [Times: user=0.10 sys=0.00, real=0.01 secs] 
2016-09-25T22:51:46.029-0400: 12.729: [GC (GCLocker Initiated GC) [PSYoungGen: 174730K->69720K(175104K)] 620699K->520284K(699392K), 0.0070406 secs] [Times: user=0.09 sys=0.00, real=0.01 secs] 
2016-09-25T22:51:46.065-0400: 12.764: [GC (GCLocker Initiated GC) [PSYoungGen: 157784K->85966K(175104K)] 611316K->556124K(699392K), 0.0086488 secs] [Times: user=0.08 sys=0.00, real=0.00 secs] 
2016-09-25T22:51:46.113-0400: 12.812: [GC (GCLocker Initiated GC) [PSYoungGen: 174030K->79261K(175104K)] 653707K->560708K(699392K), 0.0101687 secs] [Times: user=0.11 sys=0.00, real=0.02 secs] 
2016-09-25T22:51:46.175-0400: 12.874: [Full GC (Ergonomics) [PSYoungGen: 167325K->0K(175104K)] [ParOldGen: 487314K->98619K(524288K)] 654640K->98619K(699392K), [Metaspace: 43375K->43375K(1085440K)], 0.0724494 secs] [Times: user=0.45 sys=0.01, real=0.07 secs] 
2016-09-25T22:51:46.285-0400: 12.985: [GC (GCLocker Initiated GC) [PSYoungGen: 88064K->63258K(175104K)] 186785K->161979K(699392K), 0.0152302 secs] [Times: user=0.16 sys=0.01, real=0.01 secs] 
2016-09-25T22:51:46.346-0400: 13.046: [GC (GCLocker Initiated GC) [PSYoungGen: 151322K->50861K(175104K)] 258357K->181531K(699392K), 0.0167863 secs] [Times: user=0.18 sys=0.00, real=0.02 secs] 
2016-09-25T22:51:46.411-0400: 13.111: [GC (GCLocker Initiated GC) [PSYoungGen: 138924K->62955K(175104K)] 272510K->220090K(699392K), 0.0311051 secs] [Times: user=0.42 sys=0.01, real=0.04 secs] 
2016-09-25T22:51:46.486-0400: 13.186: [GC (GCLocker Initiated GC) [PSYoungGen: 151019K->72593K(175104K)] 310901K->239545K(699392K), 0.0194541 secs] [Times: user=0.21 sys=0.00, real=0.02 secs] 
2016-09-25T22:51:46.547-0400: 13.246: [GC (GCLocker Initiated GC) [PSYoungGen: 160657K->64315K(175104K)] 337131K->244028K(699392K), 0.0068772 secs] [Times: user=0.07 sys=0.00, real=0.00 secs] 
2016-09-25T22:51:46.594-0400: 13.293: [GC (GCLocker Initiated GC) [PSYoungGen: 152379K->67161K(175104K)] 334939K->266486K(699392K), 0.0096936 secs] [Times: user=0.10 sys=0.00, real=0.02 secs] 
2016-09-25T22:51:46.648-0400: 13.348: [GC (GCLocker Initiated GC) [PSYoungGen: 155225K->41388K(175104K)] 354654K->266953K(699392K), 0.0051050 secs] [Times: user=0.05 sys=0.00, real=0.00 secs] 
2016-09-25T22:51:46.691-0400: 13.391: [GC (GCLocker Initiated GC) [PSYoungGen: 129452K->80675K(175104K)] 357956K->313705K(699392K), 0.0096675 secs] [Times: user=0.13 sys=0.00, real=0.01 secs] 
2016-09-25T22:51:46.751-0400: 13.451: [GC (GCLocker Initiated GC) [PSYoungGen: 168739K->60333K(175104K)] 404826K->318661K(699392K), 0.0069266 secs] [Times: user=0.10 sys=0.01, real=0.01 secs] 
2016-09-25T22:51:46.806-0400: 13.506: [GC (GCLocker Initiated GC) [PSYoungGen: 148397K->63129K(175104K)] 409511K->340888K(699392K), 0.0061497 secs] [Times: user=0.08 sys=0.00, real=0.00 secs] 
2016-09-25T22:51:46.858-0400: 13.557: [GC (GCLocker Initiated GC) [PSYoungGen: 151193K->80629K(175104K)] 435842K->376603K(699392K), 0.0109613 secs] [Times: user=0.12 sys=0.01, real=0.01 secs] 
2016-09-25T22:51:46.919-0400: 13.618: [GC (GCLocker Initiated GC) [PSYoungGen: 168693K->61729K(175104K)] 474198K->393343K(699392K), 0.0081750 secs] [Times: user=0.10 sys=0.01, real=0.01 secs] 
2016-09-25T22:51:46.971-0400: 13.671: [GC (GCLocker Initiated GC) [PSYoungGen: 149792K->55011K(175104K)] 493794K->431920K(699392K), 0.0090172 secs] [Times: user=0.12 sys=0.00, real=0.01 secs] 
2016-09-25T22:51:47.019-0400: 13.718: [GC (GCLocker Initiated GC) [PSYoungGen: 143075K->63111K(175104K)] 525597K->455598K(699392K), 0.0059326 secs] [Times: user=0.06 sys=0.00, real=0.01 secs] 
2016-09-25T22:51:47.063-0400: 13.762: [GC (GCLocker Initiated GC) [PSYoungGen: 151175K->72580K(175104K)] 546528K->487340K(699392K), 0.0069268 secs] [Times: user=0.10 sys=0.00, real=0.00 secs] 
2016-09-25T22:51:47.102-0400: 13.801: [GC (GCLocker Initiated GC) [PSYoungGen: 160644K->84711K(175104K)] 575510K->521747K(699392K), 0.0099875 secs] [Times: user=0.15 sys=0.01, real=0.01 secs] 
2016-09-25T22:51:47.154-0400: 13.853: [GC (GCLocker Initiated GC) [PSYoungGen: 172775K->64493K(175104K)] 615317K->533232K(699392K), 0.0089427 secs] [Times: user=0.14 sys=0.00, real=0.02 secs] 
2016-09-25T22:51:47.201-0400: 13.901: [GC (GCLocker Initiated GC) [PSYoungGen: 152557K->75325K(175104K)] 625468K->556838K(699392K), 0.0084757 secs] [Times: user=0.13 sys=0.00, real=0.01 secs] 
2016-09-25T22:51:47.253-0400: 13.952: [Full GC (Ergonomics) [PSYoungGen: 163389K->0K(175104K)] [ParOldGen: 487160K->108792K(524288K)] 650550K->108792K(699392K), [Metaspace: 43381K->43381K(1085440K)], 0.0513661 secs] [Times: user=0.36 sys=0.00, real=0.06 secs] 
2016-09-25T22:51:47.355-0400: 14.055: [GC (GCLocker Initiated GC) [PSYoungGen: 88064K->52439K(175104K)] 206375K->170751K(699392K), 0.0081893 secs] [Times: user=0.05 sys=0.01, real=0.01 secs] 
2016-09-25T22:51:47.407-0400: 14.106: [GC (GCLocker Initiated GC) [PSYoungGen: 140503K->71165K(175104K)] 261768K->212181K(699392K), 0.0064012 secs] [Times: user=0.09 sys=0.00, real=0.00 secs] 
2016-09-25T22:51:47.446-0400: 14.145: [GC (GCLocker Initiated GC) [PSYoungGen: 159229K->64525K(175104K)] 300288K->231756K(699392K), 0.0071595 secs] [Times: user=0.08 sys=0.00, real=0.00 secs] 
2016-09-25T22:51:47.497-0400: 14.197: [GC (GCLocker Initiated GC) [PSYoungGen: 152589K->49579K(175104K)] 327970K->245745K(699392K), 0.0052533 secs] [Times: user=0.05 sys=0.00, real=0.01 secs] 
2016-09-25T22:51:47.543-0400: 14.243: [GC (GCLocker Initiated GC) [PSYoungGen: 137643K->77993K(175104K)] 335637K->280608K(699392K), 0.0061187 secs] [Times: user=0.09 sys=0.00, real=0.00 secs] 
2016-09-25T22:51:47.591-0400: 14.291: [GC (GCLocker Initiated GC) [PSYoungGen: 166057K->84647K(175104K)] 371597K->308320K(699392K), 0.0080993 secs] [Times: user=0.08 sys=0.00, real=0.01 secs] 
2016-09-25T22:51:47.650-0400: 14.350: [GC (GCLocker Initiated GC) [PSYoungGen: 172711K->65903K(175104K)] 401906K->318474K(699392K), 0.0093637 secs] [Times: user=0.13 sys=0.00, real=0.01 secs] 
2016-09-25T22:51:47.696-0400: 14.396: [GC (GCLocker Initiated GC) [PSYoungGen: 153967K->72341K(175104K)] 411998K->336354K(699392K), 0.0082310 secs] [Times: user=0.12 sys=0.00, real=0.01 secs] 
2016-09-25T22:51:47.745-0400: 14.445: [GC (GCLocker Initiated GC) [PSYoungGen: 160405K->63253K(175104K)] 432671K->365586K(699392K), 0.0091388 secs] [Times: user=0.10 sys=0.00, real=0.01 secs] 
2016-09-25T22:51:47.804-0400: 14.503: [GC (GCLocker Initiated GC) [PSYoungGen: 151317K->52169K(175104K)] 463219K->380900K(699392K), 0.0080925 secs] [Times: user=0.12 sys=0.00, real=0.00 secs] 
2016-09-25T22:51:47.855-0400: 14.555: [GC (GCLocker Initiated GC) [PSYoungGen: 140233K->86203K(175104K)] 477119K->424860K(699392K), 0.0070697 secs] [Times: user=0.09 sys=0.00, real=0.01 secs] 
2016-09-25T22:51:47.905-0400: 14.605: [GC (GCLocker Initiated GC) [PSYoungGen: 174267K->72498K(175104K)] 518509K->429515K(699392K), 0.0107694 secs] [Times: user=0.17 sys=0.00, real=0.01 secs] 
2016-09-25T22:51:47.960-0400: 14.660: [GC (GCLocker Initiated GC) [PSYoungGen: 160562K->67066K(175104K)] 529882K->450321K(699392K), 0.0072838 secs] [Times: user=0.08 sys=0.01, real=0.01 secs] 
2016-09-25T22:51:48.009-0400: 14.709: [GC (GCLocker Initiated GC) [PSYoungGen: 155130K->42541K(175104K)] 546735K->441324K(699392K), 0.0146438 secs] [Times: user=0.17 sys=0.00, real=0.02 secs] 
2016-09-25T22:51:48.070-0400: 14.769: [GC (GCLocker Initiated GC) [PSYoungGen: 130605K->73816K(175104K)] 548427K->494821K(699392K), 0.0082862 secs] [Times: user=0.12 sys=0.00, real=0.01 secs] 
2016-09-25T22:51:48.122-0400: 14.822: [GC (GCLocker Initiated GC) [PSYoungGen: 161880K->41287K(175104K)] 582920K->492455K(699392K), 0.0122478 secs] [Times: user=0.15 sys=0.00, real=0.01 secs] 
2016-09-25T22:51:48.168-0400: 14.868: [GC (GCLocker Initiated GC) [PSYoungGen: 129351K->71056K(175104K)] 583313K->534927K(699392K), 0.0088286 secs] [Times: user=0.09 sys=0.00, real=0.01 secs] 
2016-09-25T22:51:48.211-0400: 14.911: [GC (GCLocker Initiated GC) [PSYoungGen: 159120K->76547K(175104K)] 625751K->573251K(699392K), 0.0075366 secs] [Times: user=0.08 sys=0.00, real=0.01 secs] 
2016-09-25T22:51:48.219-0400: 14.919: [Full GC (Ergonomics) [PSYoungGen: 76547K->0K(175104K)] [ParOldGen: 496703K->109234K(524288K)] 573251K->109234K(699392K), [Metaspace: 43392K->43392K(1085440K)], 0.0515113 secs] [Times: user=0.37 sys=0.00, real=0.05 secs] 
2016-09-25T22:51:48.316-0400: 15.015: [GC (GCLocker Initiated GC) [PSYoungGen: 88064K->74200K(175104K)] 197459K->183595K(699392K), 0.0082470 secs] [Times: user=0.12 sys=0.00, real=0.01 secs] 
2016-09-25T22:51:48.364-0400: 15.063: [GC (GCLocker Initiated GC) [PSYoungGen: 162264K->82107K(175104K)] 278541K->201880K(699392K), 0.0067132 secs] [Times: user=0.08 sys=0.01, real=0.00 secs] 
2016-09-25T22:51:48.411-0400: 15.110: [GC (GCLocker Initiated GC) [PSYoungGen: 170171K->76561K(175104K)] 300885K->233500K(699392K), 0.0073382 secs] [Times: user=0.10 sys=0.00, real=0.01 secs] 
2016-09-25T22:51:48.468-0400: 15.167: [GC (GCLocker Initiated GC) [PSYoungGen: 164625K->57665K(175104K)] 327070K->240838K(699392K), 0.0062578 secs] [Times: user=0.08 sys=0.00, real=0.01 secs] 
2016-09-25T22:51:48.516-0400: 15.215: [GC (GCLocker Initiated GC) [PSYoungGen: 145729K->69815K(175104K)] 328950K->273780K(699392K), 0.0082910 secs] [Times: user=0.11 sys=0.01, real=0.01 secs] 
2016-09-25T22:51:48.564-0400: 15.263: [GC (GCLocker Initiated GC) [PSYoungGen: 157879K->56393K(175104K)] 365978K->283873K(699392K), 0.0059730 secs] [Times: user=0.08 sys=0.00, real=0.00 secs] 
2016-09-25T22:51:48.611-0400: 15.310: [GC (GCLocker Initiated GC) [PSYoungGen: 144457K->71275K(175104K)] 372048K->310182K(699392K), 0.0131748 secs] [Times: user=0.14 sys=0.00, real=0.02 secs] 
2016-09-25T22:51:48.669-0400: 15.369: [GC (GCLocker Initiated GC) [PSYoungGen: 159339K->50710K(175104K)] 398342K->319984K(699392K), 0.0142739 secs] [Times: user=0.14 sys=0.00, real=0.02 secs] 
2016-09-25T22:51:48.729-0400: 15.428: [GC (GCLocker Initiated GC) [PSYoungGen: 138774K->41319K(175104K)] 413696K->328796K(699392K), 0.0084880 secs] [Times: user=0.09 sys=0.00, real=0.01 secs] 
2016-09-25T22:51:48.781-0400: 15.481: [GC (GCLocker Initiated GC) [PSYoungGen: 129383K->65780K(175104K)] 419611K->359267K(699392K), 0.0102610 secs] [Times: user=0.08 sys=0.00, real=0.01 secs] 
2016-09-25T22:51:48.838-0400: 15.537: [GC (GCLocker Initiated GC) [PSYoungGen: 153844K->54851K(175104K)] 450244K->378803K(699392K), 0.0181769 secs] [Times: user=0.21 sys=0.01, real=0.02 secs] 
2016-09-25T22:51:48.895-0400: 15.594: [GC (GCLocker Initiated GC) [PSYoungGen: 142915K->63157K(175104K)] 475155K->418846K(699392K), 0.0154055 secs] [Times: user=0.16 sys=0.00, real=0.01 secs] 
2016-09-25T22:51:48.963-0400: 15.662: [GC (GCLocker Initiated GC) [PSYoungGen: 151221K->49483K(175104K)] 519870K->430875K(699392K), 0.0119620 secs] [Times: user=0.10 sys=0.01, real=0.01 secs] 
2016-09-25T22:51:49.018-0400: 15.718: [GC (GCLocker Initiated GC) [PSYoungGen: 137547K->47960K(175104K)] 529873K->465017K(699392K), 0.0159355 secs] [Times: user=0.21 sys=0.00, real=0.02 secs] 
2016-09-25T22:51:49.079-0400: 15.779: [GC (GCLocker Initiated GC) [PSYoungGen: 136024K->71102K(175104K)] 555961K->496820K(699392K), 0.0106924 secs] [Times: user=0.11 sys=0.00, real=0.01 secs] 
2016-09-25T22:51:49.133-0400: 15.833: [GC (GCLocker Initiated GC) [PSYoungGen: 159166K->67034K(175104K)] 584965K->505417K(699392K), 0.0076072 secs] [Times: user=0.08 sys=0.00, real=0.01 secs] 
2016-09-25T22:51:49.194-0400: 15.893: [GC (GCLocker Initiated GC) [PSYoungGen: 155098K->52184K(175104K)] 604458K->512739K(699392K), 0.0068455 secs] [Times: user=0.05 sys=0.00, real=0.01 secs] 
2016-09-25T22:51:49.244-0400: 15.944: [GC (GCLocker Initiated GC) [PSYoungGen: 140248K->75276K(175104K)] 600912K->541888K(699392K), 0.0094767 secs] [Times: user=0.09 sys=0.01, real=0.00 secs] 
2016-09-25T22:51:49.296-0400: 15.996: [GC (GCLocker Initiated GC) [PSYoungGen: 163340K->38572K(175104K)] 635394K->540790K(699392K), 0.0225400 secs] [Times: user=0.25 sys=0.00, real=0.02 secs] 
2016-09-25T22:51:49.319-0400: 16.019: [Full GC (Ergonomics) [PSYoungGen: 38572K->0K(175104K)] [ParOldGen: 502217K->110082K(524288K)] 540790K->110082K(699392K), [Metaspace: 43395K->43395K(1085440K)], 0.0438249 secs] [Times: user=0.29 sys=0.00, real=0.05 secs] 
2016-09-25T22:51:49.399-0400: 16.099: [GC (GCLocker Initiated GC) [PSYoungGen: 88064K->78044K(175104K)] 203560K->193540K(699392K), 0.0097961 secs] [Times: user=0.08 sys=0.00, real=0.01 secs] 
2016-09-25T22:51:49.455-0400: 16.155: [GC (GCLocker Initiated GC) [PSYoungGen: 166108K->41259K(175104K)] 285991K->179398K(699392K), 0.0167597 secs] [Times: user=0.18 sys=0.00, real=0.01 secs] 
2016-09-25T22:51:49.513-0400: 16.212: [GC (GCLocker Initiated GC) [PSYoungGen: 129323K->62924K(175104K)] 271024K->218550K(699392K), 0.0287255 secs] [Times: user=0.37 sys=0.00, real=0.03 secs] 
2016-09-25T22:51:49.573-0400: 16.272: [GC (GCLocker Initiated GC) [PSYoungGen: 150988K->80583K(175104K)] 307045K->254719K(699392K), 0.0160223 secs] [Times: user=0.18 sys=0.01, real=0.02 secs] 
2016-09-25T22:51:49.633-0400: 16.332: [GC (GCLocker Initiated GC) [PSYoungGen: 168647K->58796K(175104K)] 351006K->259041K(699392K), 0.0092205 secs] [Times: user=0.06 sys=0.00, real=0.01 secs] 
2016-09-25T22:51:49.680-0400: 16.380: [GC (GCLocker Initiated GC) [PSYoungGen: 146860K->64415K(175104K)] 356779K->280058K(699392K), 0.0153258 secs] [Times: user=0.15 sys=0.01, real=0.02 secs] 
2016-09-25T22:51:49.762-0400: 16.461: [GC (GCLocker Initiated GC) [PSYoungGen: 152479K->50806K(175104K)] 381803K->306327K(699392K), 0.0339323 secs] [Times: user=0.40 sys=0.02, real=0.04 secs] 
2016-09-25T22:51:49.842-0400: 16.541: [GC (GCLocker Initiated GC) [PSYoungGen: 138870K->46554K(175104K)] 403876K->315965K(699392K), 0.0066159 secs] [Times: user=0.06 sys=0.00, real=0.01 secs] 
2016-09-25T22:51:49.880-0400: 16.580: [GC (GCLocker Initiated GC) [PSYoungGen: 134618K->79220K(175104K)] 406842K->353140K(699392K), 0.0074850 secs] [Times: user=0.08 sys=0.00, real=0.01 secs] 
2016-09-25T22:51:49.941-0400: 16.641: [GC (GCLocker Initiated GC) [PSYoungGen: 167284K->43666K(175104K)] 452095K->336984K(699392K), 0.0199807 secs] [Times: user=0.23 sys=0.00, real=0.02 secs] 
2016-09-25T22:51:50.013-0400: 16.713: [GC (GCLocker Initiated GC) [PSYoungGen: 131730K->52037K(175104K)] 425170K->365948K(699392K), 0.0263163 secs] [Times: user=0.26 sys=0.00, real=0.03 secs] 
2016-09-25T22:51:50.074-0400: 16.773: [GC (GCLocker Initiated GC) [PSYoungGen: 140101K->68238K(175104K)] 463686K->398911K(699392K), 0.0281189 secs] [Times: user=0.31 sys=0.00, real=0.03 secs] 
2016-09-25T22:51:50.162-0400: 16.861: [GC (GCLocker Initiated GC) [PSYoungGen: 156302K->53244K(175104K)] 501963K->405902K(699392K), 0.0320550 secs] [Times: user=0.34 sys=0.02, real=0.03 secs] 
2016-09-25T22:51:50.254-0400: 16.954: [GC (GCLocker Initiated GC) [PSYoungGen: 141308K->46572K(175104K)] 503502K->425190K(699392K), 0.0131353 secs] [Times: user=0.14 sys=0.00, real=0.01 secs] 
2016-09-25T22:51:50.297-0400: 16.997: [GC (GCLocker Initiated GC) [PSYoungGen: 134636K->70939K(175104K)] 516193K->460825K(699392K), 0.0133659 secs] [Times: user=0.12 sys=0.00, real=0.01 secs] 
2016-09-25T22:51:50.350-0400: 17.049: [GC (GCLocker Initiated GC) [PSYoungGen: 159003K->69618K(175104K)] 548962K->473298K(699392K), 0.0114350 secs] [Times: user=0.11 sys=0.00, real=0.01 secs] 
2016-09-25T22:51:50.428-0400: 17.128: [GC (GCLocker Initiated GC) [PSYoungGen: 157682K->71097K(175104K)] 569551K->495378K(699392K), 0.0084384 secs] [Times: user=0.12 sys=0.00, real=0.01 secs] 
2016-09-25T22:51:50.485-0400: 17.184: [GC (GCLocker Initiated GC) [PSYoungGen: 159161K->37122K(175104K)] 587582K->506396K(699392K), 0.0065749 secs] [Times: user=0.08 sys=0.00, real=0.00 secs] 
2016-09-25T22:51:50.514-0400: 17.214: [GC (GCLocker Initiated GC) [PSYoungGen: 125186K->62886K(175104K)] 595804K->567545K(699392K), 0.0071803 secs] [Times: user=0.09 sys=0.00, real=0.01 secs] 
2016-09-25T22:51:50.521-0400: 17.221: [Full GC (Ergonomics) [PSYoungGen: 62886K->0K(175104K)] [ParOldGen: 504658K->118434K(524288K)] 567545K->118434K(699392K), [Metaspace: 43401K->43401K(1085440K)], 0.0550775 secs] [Times: user=0.43 sys=0.01, real=0.06 secs] 
2016-09-25T22:51:50.644-0400: 17.343: [GC (GCLocker Initiated GC) [PSYoungGen: 88064K->67064K(175104K)] 222988K->201989K(699392K), 0.0099121 secs] [Times: user=0.11 sys=0.00, real=0.00 secs] 
2016-09-25T22:51:50.709-0400: 17.409: [GC (GCLocker Initiated GC) [PSYoungGen: 155128K->50576K(175104K)] 292798K->221136K(699392K), 0.0108754 secs] [Times: user=0.12 sys=0.00, real=0.01 secs] 
2016-09-25T22:51:50.755-0400: 17.455: [GC (GCLocker Initiated GC) [PSYoungGen: 138640K->66886K(175104K)] 311986K->280971K(699392K), 0.0084163 secs] [Times: user=0.09 sys=0.00, real=0.01 secs] 
2016-09-25T22:51:50.813-0400: 17.513: [GC (GCLocker Initiated GC) [PSYoungGen: 154950K->50672K(175104K)] 371831K->289473K(699392K), 0.0121596 secs] [Times: user=0.11 sys=0.00, real=0.02 secs] 
2016-09-25T22:51:50.887-0400: 17.587: [GC (GCLocker Initiated GC) [PSYoungGen: 138736K->50590K(175104K)] 378911K->312659K(699392K), 0.0099011 secs] [Times: user=0.13 sys=0.00, real=0.01 secs] 
2016-09-25T22:51:50.932-0400: 17.631: [GC (GCLocker Initiated GC) [PSYoungGen: 138654K->84567K(175104K)] 403598K->356574K(699392K), 0.0085556 secs] [Times: user=0.10 sys=0.00, real=0.01 secs] 
2016-09-25T22:51:50.979-0400: 17.678: [GC (GCLocker Initiated GC) [PSYoungGen: 172631K->73604K(175104K)] 444901K->367810K(699392K), 0.0106561 secs] [Times: user=0.12 sys=0.00, real=0.01 secs] 
2016-09-25T22:51:51.041-0400: 17.740: [GC (GCLocker Initiated GC) [PSYoungGen: 161668K->55915K(175104K)] 455978K->362582K(699392K), 0.0271128 secs] [Times: user=0.28 sys=0.00, real=0.03 secs] 
2016-09-25T22:51:51.119-0400: 17.819: [GC (GCLocker Initiated GC) [PSYoungGen: 143979K->54660K(175104K)] 450725K->398125K(699392K), 0.0197652 secs] [Times: user=0.18 sys=0.00, real=0.02 secs] 
2016-09-25T22:51:51.174-0400: 17.874: [GC (GCLocker Initiated GC) [PSYoungGen: 142724K->65426K(175104K)] 491714K->418717K(699392K), 0.0139051 secs] [Times: user=0.15 sys=0.00, real=0.01 secs] 
2016-09-25T22:51:51.226-0400: 17.926: [GC (GCLocker Initiated GC) [PSYoungGen: 153490K->50576K(175104K)] 509633K->423197K(699392K), 0.0072119 secs] [Times: user=0.07 sys=0.01, real=0.00 secs] 
2016-09-25T22:51:51.275-0400: 17.974: [GC (GCLocker Initiated GC) [PSYoungGen: 138640K->39743K(175104K)] 511937K->437600K(699392K), 0.0214666 secs] [Times: user=0.20 sys=0.00, real=0.02 secs] 
2016-09-25T22:51:51.338-0400: 18.038: [GC (GCLocker Initiated GC) [PSYoungGen: 127807K->42350K(175104K)] 528477K->452761K(699392K), 0.0274345 secs] [Times: user=0.22 sys=0.02, real=0.03 secs] 
2016-09-25T22:51:51.423-0400: 18.123: [GC (GCLocker Initiated GC) [PSYoungGen: 130414K->34326K(175104K)] 551139K->475563K(699392K), 0.0076838 secs] [Times: user=0.07 sys=0.00, real=0.00 secs] 
2016-09-25T22:51:51.476-0400: 18.175: [GC (GCLocker Initiated GC) [PSYoungGen: 122390K->54640K(142848K)] 569149K->507040K(667136K), 0.0216671 secs] [Times: user=0.25 sys=0.01, real=0.02 secs] 
2016-09-25T22:51:51.539-0400: 18.239: [GC (GCLocker Initiated GC) [PSYoungGen: 142704K->49115K(176128K)] 600653K->516830K(700416K), 0.0107170 secs] [Times: user=0.09 sys=0.00, real=0.01 secs] 
2016-09-25T22:51:51.599-0400: 18.299: [GC (GCLocker Initiated GC) [PSYoungGen: 139227K->42525K(174080K)] 609851K->534980K(698368K), 0.0318715 secs] [Times: user=0.38 sys=0.00, real=0.03 secs] 
2016-09-25T22:51:51.631-0400: 18.331: [Full GC (Ergonomics) [PSYoungGen: 42525K->0K(174080K)] [ParOldGen: 492454K->122248K(524288K)] 534980K->122248K(698368K), [Metaspace: 43405K->43405K(1085440K)], 0.0687606 secs] [Times: user=0.45 sys=0.03, real=0.07 secs] 
2016-09-25T22:51:51.743-0400: 18.443: [GC (GCLocker Initiated GC) [PSYoungGen: 90112K->80579K(171008K)] 223267K->213734K(695296K), 0.0151262 secs] [Times: user=0.14 sys=0.00, real=0.01 secs] 
2016-09-25T22:51:51.811-0400: 18.511: [GC (GCLocker Initiated GC) [PSYoungGen: 168643K->55944K(175104K)] 304582K->213884K(699392K), 0.0178397 secs] [Times: user=0.20 sys=0.00, real=0.02 secs] 
2016-09-25T22:51:51.872-0400: 18.571: [GC (GCLocker Initiated GC) [PSYoungGen: 144008K->53322K(168960K)] 307385K->246631K(693248K), 0.0105789 secs] [Times: user=0.10 sys=0.01, real=0.02 secs] 
2016-09-25T22:51:51.925-0400: 18.625: [GC (GCLocker Initiated GC) [PSYoungGen: 141386K->52054K(172032K)] 340117K->278073K(696320K), 0.0124359 secs] [Times: user=0.16 sys=0.01, real=0.01 secs] 
2016-09-25T22:51:51.981-0400: 18.681: [GC (GCLocker Initiated GC) [PSYoungGen: 140118K->46464K(174080K)] 366212K->282273K(698368K), 0.0298692 secs] [Times: user=0.39 sys=0.00, real=0.03 secs] 
2016-09-25T22:51:52.053-0400: 18.753: [GC (GCLocker Initiated GC) [PSYoungGen: 142720K->69619K(176640K)] 384116K->342327K(700928K), 0.0097239 secs] [Times: user=0.13 sys=0.00, real=0.02 secs] 
2016-09-25T22:51:52.109-0400: 18.809: [GC (GCLocker Initiated GC) [PSYoungGen: 165875K->66936K(176128K)] 444109K->354895K(700416K), 0.0263369 secs] [Times: user=0.30 sys=0.00, real=0.03 secs] 
2016-09-25T22:51:52.190-0400: 18.890: [GC (GCLocker Initiated GC) [PSYoungGen: 159096K->46621K(177152K)] 467442K->366095K(701440K), 0.0066332 secs] [Times: user=0.07 sys=0.00, real=0.01 secs] 
2016-09-25T22:51:52.244-0400: 18.943: [GC (GCLocker Initiated GC) [PSYoungGen: 138781K->62740K(177152K)] 463856K->390741K(701440K), 0.0123869 secs] [Times: user=0.15 sys=0.00, real=0.01 secs] 
2016-09-25T22:51:52.294-0400: 18.994: [GC (GCLocker Initiated GC) [PSYoungGen: 155924K->64125K(177152K)] 485518K->399382K(701440K), 0.0220483 secs] [Times: user=0.25 sys=0.01, real=0.02 secs] 
2016-09-25T22:51:52.361-0400: 19.060: [GC (GCLocker Initiated GC) [PSYoungGen: 157309K->52039K(175104K)] 495710K->396089K(699392K), 0.0280973 secs] [Times: user=0.35 sys=0.00, real=0.03 secs] 
2016-09-25T22:51:52.429-0400: 19.128: [GC (GCLocker Initiated GC) [PSYoungGen: 146247K->57340K(176640K)] 490376K->409862K(700928K), 0.0157097 secs] [Times: user=0.18 sys=0.00, real=0.02 secs] 
2016-09-25T22:51:52.491-0400: 19.190: [GC (GCLocker Initiated GC) [PSYoungGen: 151548K->65496K(177664K)] 504111K->425085K(701952K), 0.0076193 secs] [Times: user=0.07 sys=0.00, real=0.01 secs] 
2016-09-25T22:51:52.542-0400: 19.242: [GC (GCLocker Initiated GC) [PSYoungGen: 163288K->50539K(178688K)] 524287K->426682K(702976K), 0.0284381 secs] [Times: user=0.30 sys=0.01, real=0.02 secs] 
2016-09-25T22:51:52.610-0400: 19.309: [GC (GCLocker Initiated GC) [PSYoungGen: 148331K->41015K(180736K)] 524927K->436807K(705024K), 0.0176428 secs] [Times: user=0.18 sys=0.00, real=0.02 secs] 
2016-09-25T22:51:52.673-0400: 19.372: [GC (GCLocker Initiated GC) [PSYoungGen: 141879K->79083K(180224K)] 543255K->496891K(704512K), 0.0140961 secs] [Times: user=0.11 sys=0.00, real=0.02 secs] 
2016-09-25T22:51:52.736-0400: 19.435: [GC (GCLocker Initiated GC) [PSYoungGen: 179947K->81866K(169984K)] 597870K->516331K(694272K), 0.0110396 secs] [Times: user=0.10 sys=0.01, real=0.01 secs] 
2016-09-25T22:51:52.794-0400: 19.493: [GC (GCLocker Initiated GC) [PSYoungGen: 169930K->66832K(175104K)] 604527K->530052K(699392K), 0.0114161 secs] [Times: user=0.07 sys=0.00, real=0.02 secs] 
2016-09-25T22:51:52.851-0400: 19.551: [GC (GCLocker Initiated GC) [PSYoungGen: 154896K->61472K(175104K)] 630883K->556625K(699392K), 0.0207008 secs] [Times: user=0.22 sys=0.01, real=0.02 secs] 
2016-09-25T22:51:52.872-0400: 19.571: [Full GC (Ergonomics) [PSYoungGen: 61472K->0K(175104K)] [ParOldGen: 495153K->135015K(524288K)] 556625K->135015K(699392K), [Metaspace: 43410K->43410K(1085440K)], 0.0617245 secs] [Times: user=0.50 sys=0.01, real=0.06 secs] 
2016-09-25T22:51:52.985-0400: 19.685: [GC (GCLocker Initiated GC) [PSYoungGen: 88064K->68439K(175104K)] 228556K->208932K(699392K), 0.0112485 secs] [Times: user=0.16 sys=0.01, real=0.01 secs] 
2016-09-25T22:51:53.038-0400: 19.737: [GC (GCLocker Initiated GC) [PSYoungGen: 156503K->65600K(175104K)] 301258K->227000K(699392K), 0.0067471 secs] [Times: user=0.08 sys=0.00, real=0.01 secs] 
2016-09-25T22:51:53.089-0400: 19.788: [GC (GCLocker Initiated GC) [PSYoungGen: 153664K->73735K(175104K)] 320668K->246431K(699392K), 0.0104349 secs] [Times: user=0.12 sys=0.00, real=0.01 secs] 
2016-09-25T22:51:53.143-0400: 19.843: [GC (GCLocker Initiated GC) [PSYoungGen: 161799K->62954K(175104K)] 337287K->252249K(699392K), 0.0067001 secs] [Times: user=0.09 sys=0.00, real=0.00 secs] 
2016-09-25T22:51:53.205-0400: 19.905: [GC (GCLocker Initiated GC) [PSYoungGen: 151018K->34492K(175104K)] 352576K->249855K(699392K), 0.0054830 secs] [Times: user=0.05 sys=0.00, real=0.00 secs] 
2016-09-25T22:51:53.252-0400: 19.951: [GC (GCLocker Initiated GC) [PSYoungGen: 122556K->64163K(175104K)] 337996K->284001K(699392K), 0.0177618 secs] [Times: user=0.20 sys=0.00, real=0.02 secs] 
2016-09-25T22:51:53.314-0400: 20.013: [GC (GCLocker Initiated GC) [PSYoungGen: 152227K->65652K(175104K)] 374962K->318423K(699392K), 0.0102412 secs] [Times: user=0.12 sys=0.00, real=0.02 secs] 
2016-09-25T22:51:53.378-0400: 20.077: [GC (GCLocker Initiated GC) [PSYoungGen: 153716K->61619K(171008K)] 414766K->350059K(695296K), 0.0093870 secs] [Times: user=0.08 sys=0.00, real=0.01 secs] 
2016-09-25T22:51:53.440-0400: 20.140: [GC (GCLocker Initiated GC) [PSYoungGen: 149683K->54581K(173056K)] 441666K->356435K(697344K), 0.0242615 secs] [Times: user=0.23 sys=0.00, real=0.03 secs] 
2016-09-25T22:51:53.496-0400: 20.196: [GC (GCLocker Initiated GC) [PSYoungGen: 142645K->49310K(176640K)] 452860K->384104K(700928K), 0.0126064 secs] [Times: user=0.11 sys=0.00, real=0.01 secs] 
2016-09-25T22:51:53.557-0400: 20.257: [GC (GCLocker Initiated GC) [PSYoungGen: 143006K->52148K(177152K)] 491454K->425358K(701440K), 0.0068903 secs] [Times: user=0.07 sys=0.01, real=0.01 secs] 
2016-09-25T22:51:53.616-0400: 20.316: [GC (GCLocker Initiated GC) [PSYoungGen: 145844K->71078K(175104K)] 524703K->477389K(699392K), 0.0075770 secs] [Times: user=0.11 sys=0.00, real=0.01 secs] 
2016-09-25T22:51:53.680-0400: 20.380: [GC (GCLocker Initiated GC) [PSYoungGen: 164262K->48087K(177664K)] 576111K->467037K(701952K), 0.0193095 secs] [Times: user=0.25 sys=0.00, real=0.02 secs] 
2016-09-25T22:51:53.755-0400: 20.455: [GC (GCLocker Initiated GC) [PSYoungGen: 141271K->59021K(172032K)] 563183K->484113K(696320K), 0.0119488 secs] [Times: user=0.18 sys=0.01, real=0.01 secs] 
2016-09-25T22:51:53.809-0400: 20.508: [GC (GCLocker Initiated GC) [PSYoungGen: 152717K->65617K(175104K)] 580759K->510296K(699392K), 0.0092721 secs] [Times: user=0.11 sys=0.00, real=0.01 secs] 
2016-09-25T22:51:53.870-0400: 20.570: [GC (GCLocker Initiated GC) [PSYoungGen: 159313K->73890K(174080K)] 606883K->532730K(698368K), 0.0068097 secs] [Times: user=0.09 sys=0.00, real=0.01 secs] 
2016-09-25T22:51:53.926-0400: 20.626: [GC (GCLocker Initiated GC) [PSYoungGen: 166050K->60521K(177152K)] 634420K->542918K(701440K), 0.0074204 secs] [Times: user=0.10 sys=0.00, real=0.00 secs] 
2016-09-25T22:51:53.984-0400: 20.684: [GC (GCLocker Initiated GC) [PSYoungGen: 152681K->58996K(173568K)] 635146K->575788K(697856K), 0.0073982 secs] [Times: user=0.09 sys=0.00, real=0.00 secs] 
2016-09-25T22:51:53.992-0400: 20.692: [Full GC (Ergonomics) [PSYoungGen: 58996K->0K(173568K)] [ParOldGen: 516791K->130140K(524288K)] 575788K->130140K(697856K), [Metaspace: 43420K->43420K(1085440K)], 0.0605785 secs] [Times: user=0.44 sys=0.00, real=0.06 secs] 
2016-09-25T22:51:54.098-0400: 20.797: [GC (GCLocker Initiated GC) [PSYoungGen: 94720K->74324K(175616K)] 231758K->211362K(699904K), 0.0086064 secs] [Times: user=0.11 sys=0.00, real=0.01 secs] 
2016-09-25T22:51:54.159-0400: 20.859: [GC (GCLocker Initiated GC) [PSYoungGen: 169044K->72717K(175104K)] 306424K->229989K(699392K), 0.0097446 secs] [Times: user=0.12 sys=0.01, real=0.01 secs] 
2016-09-25T22:51:54.223-0400: 20.922: [GC (GCLocker Initiated GC) [PSYoungGen: 163853K->58930K(176640K)] 333382K->239790K(700928K), 0.0061263 secs] [Times: user=0.07 sys=0.00, real=0.00 secs] 
2016-09-25T22:51:54.276-0400: 20.976: [GC (GCLocker Initiated GC) [PSYoungGen: 150066K->64478K(173568K)] 333737K->270229K(697856K), 0.0068564 secs] [Times: user=0.10 sys=0.00, real=0.01 secs] 
2016-09-25T22:51:54.328-0400: 21.027: [GC (GCLocker Initiated GC) [PSYoungGen: 157150K->57796K(175104K)] 363350K->303710K(699392K), 0.0100292 secs] [Times: user=0.14 sys=0.00, real=0.01 secs] 
2016-09-25T22:51:54.380-0400: 21.080: [GC (GCLocker Initiated GC) [PSYoungGen: 150468K->68565K(179712K)] 399177K->335436K(704000K), 0.0076460 secs] [Times: user=0.11 sys=0.00, real=0.01 secs] 
2016-09-25T22:51:54.442-0400: 21.142: [GC (GCLocker Initiated GC) [PSYoungGen: 166869K->60399K(158720K)] 436574K->345574K(683008K), 0.0070446 secs] [Times: user=0.07 sys=0.01, real=0.00 secs] 
2016-09-25T22:51:54.498-0400: 21.198: [GC (GCLocker Initiated GC) [PSYoungGen: 158703K->42853K(177152K)] 446652K->361029K(701440K), 0.0097415 secs] [Times: user=0.08 sys=0.01, real=0.01 secs] 
2016-09-25T22:51:54.540-0400: 21.240: [GC (GCLocker Initiated GC) [PSYoungGen: 139621K->80741K(177664K)] 457901K->422614K(701952K), 0.0089792 secs] [Times: user=0.13 sys=0.00, real=0.01 secs] 
2016-09-25T22:51:54.604-0400: 21.303: [GC (GCLocker Initiated GC) [PSYoungGen: 177509K->79327K(172544K)] 519568K->451697K(696832K), 0.0079334 secs] [Times: user=0.13 sys=0.00, real=0.00 secs] 
2016-09-25T22:51:54.652-0400: 21.352: [GC (GCLocker Initiated GC) [PSYoungGen: 167391K->48039K(175104K)] 542570K->438582K(699392K), 0.0076866 secs] [Times: user=0.06 sys=0.00, real=0.01 secs] 
2016-09-25T22:51:54.697-0400: 21.396: [GC (GCLocker Initiated GC) [PSYoungGen: 136103K->56437K(175104K)] 528241K->463894K(699392K), 0.0063326 secs] [Times: user=0.07 sys=0.00, real=0.01 secs] 
2016-09-25T22:51:54.747-0400: 21.447: [GC (GCLocker Initiated GC) [PSYoungGen: 144501K->54761K(175104K)] 555139K->471351K(699392K), 0.0056490 secs] [Times: user=0.06 sys=0.00, real=0.00 secs] 
2016-09-25T22:51:54.806-0400: 21.506: [GC (GCLocker Initiated GC) [PSYoungGen: 142825K->80723K(175104K)] 562213K->511336K(699392K), 0.0108192 secs] [Times: user=0.18 sys=0.00, real=0.01 secs] 
2016-09-25T22:51:54.892-0400: 21.591: [GC (GCLocker Initiated GC) [PSYoungGen: 168787K->49549K(175104K)] 611249K->507421K(699392K), 0.0065362 secs] [Times: user=0.07 sys=0.01, real=0.01 secs] 
2016-09-25T22:51:54.933-0400: 21.633: [GC (GCLocker Initiated GC) [PSYoungGen: 137613K->71313K(175104K)] 595721K->558360K(699392K), 0.0076106 secs] [Times: user=0.11 sys=0.00, real=0.01 secs] 
2016-09-25T22:51:54.941-0400: 21.640: [Full GC (Ergonomics) [PSYoungGen: 71313K->0K(175104K)] [ParOldGen: 487047K->139106K(524288K)] 558360K->139106K(699392K), [Metaspace: 43420K->43420K(1085440K)], 0.0498742 secs] [Times: user=0.40 sys=0.00, real=0.05 secs] 
2016-09-25T22:51:55.052-0400: 21.752: [GC (GCLocker Initiated GC) [PSYoungGen: 88064K->85307K(175104K)] 233716K->230959K(699392K), 0.0115703 secs] [Times: user=0.17 sys=0.00, real=0.02 secs] 
2016-09-25T22:51:55.125-0400: 21.824: [GC (GCLocker Initiated GC) [PSYoungGen: 173371K->58816K(175104K)] 327294K->219242K(699392K), 0.0067890 secs] [Times: user=0.08 sys=0.00, real=0.00 secs] 
2016-09-25T22:51:55.175-0400: 21.874: [GC (Allocation Failure) [PSYoungGen: 146880K->60387K(175104K)] 307773K->237894K(699392K), 0.0068258 secs] [Times: user=0.09 sys=0.00, real=0.00 secs] 
2016-09-25T22:51:55.219-0400: 21.918: [GC (GCLocker Initiated GC) [PSYoungGen: 148451K->57564K(175104K)] 325969K->266651K(699392K), 0.0114154 secs] [Times: user=0.12 sys=0.00, real=0.01 secs] 
2016-09-25T22:51:55.295-0400: 21.995: [GC (GCLocker Initiated GC) [PSYoungGen: 145628K->74006K(175104K)] 365754K->304035K(699392K), 0.0101119 secs] [Times: user=0.17 sys=0.00, real=0.01 secs] 
2016-09-25T22:51:55.362-0400: 22.062: [GC (GCLocker Initiated GC) [PSYoungGen: 162070K->57686K(175104K)] 400309K->303289K(699392K), 0.0055909 secs] [Times: user=0.07 sys=0.01, real=0.00 secs] 
2016-09-25T22:51:55.425-0400: 22.125: [GC (GCLocker Initiated GC) [PSYoungGen: 145750K->49717K(175104K)] 404914K->339175K(699392K), 0.0095336 secs] [Times: user=0.07 sys=0.00, real=0.01 secs] 
2016-09-25T22:51:55.506-0400: 22.206: [GC (GCLocker Initiated GC) [PSYoungGen: 137781K->33255K(175104K)] 435518K->345057K(699392K), 0.0148676 secs] [Times: user=0.09 sys=0.00, real=0.01 secs] 
2016-09-25T22:51:55.584-0400: 22.284: [GC (GCLocker Initiated GC) [PSYoungGen: 121319K->68432K(175104K)] 441329K->399929K(699392K), 0.0081077 secs] [Times: user=0.09 sys=0.00, real=0.00 secs] 
2016-09-25T22:51:57.146-0400: 23.846: [GC (GCLocker Initiated GC) [PSYoungGen: 156496K->61991K(175104K)] 506332K->421794K(699392K), 0.0091390 secs] [Times: user=0.10 sys=0.00, real=0.01 secs] 
2016-09-25T22:51:57.234-0400: 23.934: [GC (GCLocker Initiated GC) [PSYoungGen: 150055K->64278K(175104K)] 518026K->441102K(699392K), 0.0096885 secs] [Times: user=0.09 sys=0.00, real=0.01 secs] 
2016-09-25T22:51:57.292-0400: 23.992: [GC (GCLocker Initiated GC) [PSYoungGen: 152342K->64645K(175104K)] 529339K->464961K(699392K), 0.0078253 secs] [Times: user=0.10 sys=0.00, real=0.01 secs] 
2016-09-25T22:51:57.358-0400: 24.057: [GC (GCLocker Initiated GC) [PSYoungGen: 152709K->63000K(151552K)] 558460K->474786K(675840K), 0.0074975 secs] [Times: user=0.07 sys=0.00, real=0.01 secs] 
2016-09-25T22:51:57.426-0400: 24.126: [GC (GCLocker Initiated GC) [PSYoungGen: 151064K->63237K(175616K)] 563899K->479344K(699904K), 0.0085508 secs] [Times: user=0.10 sys=0.01, real=0.01 secs] 
2016-09-25T22:51:57.499-0400: 24.199: [GC (GCLocker Initiated GC) [PSYoungGen: 153349K->56236K(173568K)] 577750K->497447K(697856K), 0.0065095 secs] [Times: user=0.09 sys=0.00, real=0.01 secs] 
2016-09-25T22:51:57.557-0400: 24.257: [GC (GCLocker Initiated GC) [PSYoungGen: 146348K->63136K(177152K)] 593133K->533365K(701440K), 0.0097793 secs] [Times: user=0.10 sys=0.01, real=0.01 secs] 
2016-09-25T22:51:57.628-0400: 24.327: [GC (GCLocker Initiated GC) [PSYoungGen: 157856K->75272K(175616K)] 628226K->561124K(699904K), 0.0113157 secs] [Times: user=0.13 sys=0.01, real=0.01 secs] 
2016-09-25T22:51:57.686-0400: 24.386: [Full GC (Ergonomics) [PSYoungGen: 169992K->0K(175616K)] [ParOldGen: 494208K->147757K(524288K)] 664200K->147757K(699904K), [Metaspace: 43423K->43423K(1085440K)], 0.0618132 secs] [Times: user=0.40 sys=0.00, real=0.06 secs] 
2016-09-25T22:51:57.814-0400: 24.514: [GC (GCLocker Initiated GC) [PSYoungGen: 94720K->74233K(173568K)] 243871K->223384K(697856K), 0.0072816 secs] [Times: user=0.09 sys=0.00, real=0.00 secs] 
2016-09-25T22:51:57.869-0400: 24.568: [GC (GCLocker Initiated GC) [PSYoungGen: 163321K->64322K(175616K)] 312597K->233452K(699904K), 0.0095889 secs] [Times: user=0.09 sys=0.00, real=0.01 secs] 
2016-09-25T22:51:57.923-0400: 24.623: [GC (GCLocker Initiated GC) [PSYoungGen: 153410K->61881K(171520K)] 325620K->250699K(695808K), 0.0097515 secs] [Times: user=0.09 sys=0.00, real=0.00 secs] 
2016-09-25T22:51:57.984-0400: 24.684: [GC (GCLocker Initiated GC) [PSYoungGen: 153017K->53659K(173568K)] 348710K->263579K(697856K), 0.0092510 secs] [Times: user=0.11 sys=0.00, real=0.00 secs] 
2016-09-25T22:51:58.050-0400: 24.750: [GC (GCLocker Initiated GC) [PSYoungGen: 144795K->59143K(177664K)] 358802K->279039K(701952K), 0.0059823 secs] [Times: user=0.07 sys=0.00, real=0.01 secs] 
2016-09-25T22:51:58.104-0400: 24.803: [GC (GCLocker Initiated GC) [PSYoungGen: 156423K->68547K(178688K)] 376439K->310808K(702976K), 0.0087078 secs] [Times: user=0.10 sys=0.00, real=0.00 secs] 
2016-09-25T22:51:58.165-0400: 24.865: [GC (GCLocker Initiated GC) [PSYoungGen: 165827K->75493K(174592K)] 409482K->325143K(698880K), 0.0068970 secs] [Times: user=0.09 sys=0.00, real=0.00 secs] 
2016-09-25T22:51:58.217-0400: 24.916: [GC (GCLocker Initiated GC) [PSYoungGen: 168677K->76885K(170496K)] 421106K->336827K(694784K), 0.0071982 secs] [Times: user=0.11 sys=0.00, real=0.01 secs] 
2016-09-25T22:51:58.286-0400: 24.986: [GC (GCLocker Initiated GC) [PSYoungGen: 170069K->70031K(175616K)] 438404K->345840K(699904K), 0.0067354 secs] [Times: user=0.09 sys=0.00, real=0.00 secs] 
2016-09-25T22:51:58.343-0400: 25.043: [GC (GCLocker Initiated GC) [PSYoungGen: 158607K->72620K(175104K)] 438543K->357323K(699392K), 0.0082136 secs] [Times: user=0.13 sys=0.02, real=0.00 secs] 
2016-09-25T22:51:58.401-0400: 25.101: [GC (GCLocker Initiated GC) [PSYoungGen: 161196K->67153K(173056K)] 451351K->380816K(697344K), 0.0090099 secs] [Times: user=0.13 sys=0.01, real=0.01 secs] 
2016-09-25T22:51:58.452-0400: 25.152: [GC (GCLocker Initiated GC) [PSYoungGen: 155729K->62117K(174080K)] 470938K->407565K(698368K), 0.0087813 secs] [Times: user=0.14 sys=0.00, real=0.01 secs] 
2016-09-25T22:51:58.523-0400: 25.223: [GC (GCLocker Initiated GC) [PSYoungGen: 150693K->69890K(176128K)] 501802K->421846K(700416K), 0.0090481 secs] [Times: user=0.13 sys=0.00, real=0.00 secs] 
2016-09-25T22:51:58.583-0400: 25.283: [GC (GCLocker Initiated GC) [PSYoungGen: 162050K->48118K(176128K)] 516736K->422216K(700416K), 0.0100010 secs] [Times: user=0.13 sys=0.00, real=0.00 secs] 
2016-09-25T22:51:58.631-0400: 25.330: [GC (GCLocker Initiated GC) [PSYoungGen: 140278K->71124K(176128K)] 514449K->452577K(700416K), 0.0079223 secs] [Times: user=0.06 sys=0.00, real=0.01 secs] 
2016-09-25T22:51:58.688-0400: 25.387: [GC (GCLocker Initiated GC) [PSYoungGen: 162260K->52397K(143872K)] 546507K->446609K(668160K), 0.0069073 secs] [Times: user=0.07 sys=0.00, real=0.01 secs] 
2016-09-25T22:51:58.745-0400: 25.445: [GC (GCLocker Initiated GC) [PSYoungGen: 143533K->59272K(177664K)] 540538K->463764K(701952K), 0.0083836 secs] [Times: user=0.10 sys=0.00, real=0.00 secs] 
2016-09-25T22:51:58.798-0400: 25.497: [GC (GCLocker Initiated GC) [PSYoungGen: 150920K->82509K(174592K)] 560894K->509537K(698880K), 0.0083862 secs] [Times: user=0.12 sys=0.00, real=0.01 secs] 
2016-09-25T22:51:58.870-0400: 25.570: [GC (GCLocker Initiated GC) [PSYoungGen: 174157K->53712K(175104K)] 607980K->493867K(699392K), 0.0090830 secs] [Times: user=0.10 sys=0.00, real=0.01 secs] 
2016-09-25T22:51:58.938-0400: 25.638: [GC (GCLocker Initiated GC) [PSYoungGen: 141776K->38823K(175104K)] 594197K->495880K(699392K), 0.0052347 secs] [Times: user=0.04 sys=0.00, real=0.01 secs] 
2016-09-25T22:51:58.994-0400: 25.693: [GC (GCLocker Initiated GC) [PSYoungGen: 126887K->59231K(175104K)] 586775K->526644K(699392K), 0.0084010 secs] [Times: user=0.07 sys=0.00, real=0.01 secs] 
2016-09-25T22:51:59.052-0400: 25.751: [GC (GCLocker Initiated GC) [PSYoungGen: 147295K->71391K(175104K)] 614888K->557213K(699392K), 0.0154256 secs] [Times: user=0.20 sys=0.00, real=0.02 secs] 
2016-09-25T22:51:59.128-0400: 25.827: [GC (GCLocker Initiated GC) [PSYoungGen: 159455K->67529K(175104K)] 650761K->571768K(699392K), 0.0087039 secs] [Times: user=0.10 sys=0.00, real=0.01 secs] 
2016-09-25T22:51:59.137-0400: 25.836: [Full GC (Ergonomics) [PSYoungGen: 67529K->0K(175104K)] [ParOldGen: 504239K->154991K(524288K)] 571768K->154991K(699392K), [Metaspace: 43430K->43430K(1085440K)], 0.0636143 secs] [Times: user=0.53 sys=0.00, real=0.06 secs] 
2016-09-25T22:51:59.254-0400: 25.953: [GC (GCLocker Initiated GC) [PSYoungGen: 88064K->77272K(175104K)] 245821K->235029K(699392K), 0.0063459 secs] [Times: user=0.07 sys=0.00, real=0.01 secs] 
2016-09-25T22:51:59.300-0400: 25.999: [GC (GCLocker Initiated GC) [PSYoungGen: 165336K->82411K(175104K)] 324516K->246814K(699392K), 0.0119280 secs] [Times: user=0.11 sys=0.00, real=0.01 secs] 
2016-09-25T22:51:59.370-0400: 26.070: [GC (GCLocker Initiated GC) [PSYoungGen: 170475K->53806K(175104K)] 347267K->240898K(699392K), 0.0117093 secs] [Times: user=0.14 sys=0.03, real=0.02 secs] 
2016-09-25T22:51:59.441-0400: 26.141: [GC (GCLocker Initiated GC) [PSYoungGen: 141870K->59218K(175104K)] 331753K->256591K(699392K), 0.0081083 secs] [Times: user=0.11 sys=0.01, real=0.01 secs] 
2016-09-25T22:51:59.487-0400: 26.187: [GC (GCLocker Initiated GC) [PSYoungGen: 147282K->80919K(175104K)] 344916K->293996K(699392K), 0.0066846 secs] [Times: user=0.09 sys=0.00, real=0.00 secs] 
2016-09-25T22:51:59.547-0400: 26.247: [GC (GCLocker Initiated GC) [PSYoungGen: 168983K->64753K(175104K)] 389348K->292525K(699392K), 0.0153341 secs] [Times: user=0.21 sys=0.00, real=0.02 secs] 
2016-09-25T22:51:59.619-0400: 26.318: [GC (GCLocker Initiated GC) [PSYoungGen: 152817K->55074K(175104K)] 390182K->301378K(699392K), 0.0094133 secs] [Times: user=0.12 sys=0.00, real=0.01 secs] 
2016-09-25T22:51:59.673-0400: 26.373: [GC (GCLocker Initiated GC) [PSYoungGen: 143138K->84786K(175104K)] 389629K->338670K(699392K), 0.0095756 secs] [Times: user=0.10 sys=0.00, real=0.02 secs] 
2016-09-25T22:51:59.728-0400: 26.428: [GC (GCLocker Initiated GC) [PSYoungGen: 172850K->75708K(175104K)] 436425K->358763K(699392K), 0.0092883 secs] [Times: user=0.12 sys=0.02, real=0.01 secs] 
2016-09-25T22:51:59.800-0400: 26.499: [GC (GCLocker Initiated GC) [PSYoungGen: 163772K->53724K(175104K)] 457886K->351524K(699392K), 0.0063336 secs] [Times: user=0.06 sys=0.01, real=0.01 secs] 
2016-09-25T22:51:59.865-0400: 26.565: [GC (GCLocker Initiated GC) [PSYoungGen: 141788K->36137K(175104K)] 440964K->383134K(699392K), 0.0103464 secs] [Times: user=0.11 sys=0.01, real=0.01 secs] 
2016-09-25T22:51:59.914-0400: 26.614: [GC (GCLocker Initiated GC) [PSYoungGen: 124201K->80996K(175104K)] 473952K->440794K(699392K), 0.0079448 secs] [Times: user=0.10 sys=0.01, real=0.01 secs] 
2016-09-25T22:51:59.972-0400: 26.671: [GC (GCLocker Initiated GC) [PSYoungGen: 169060K->66049K(175104K)] 531734K->444352K(699392K), 0.0078192 secs] [Times: user=0.09 sys=0.00, real=0.01 secs] 
2016-09-25T22:52:00.028-0400: 26.728: [GC (GCLocker Initiated GC) [PSYoungGen: 154113K->64837K(175104K)] 536904K->476699K(699392K), 0.0078402 secs] [Times: user=0.11 sys=0.00, real=0.01 secs] 
2016-09-25T22:52:00.084-0400: 26.784: [GC (GCLocker Initiated GC) [PSYoungGen: 152901K->61704K(175104K)] 567896K->493822K(699392K), 0.0056470 secs] [Times: user=0.08 sys=0.00, real=0.00 secs] 
2016-09-25T22:52:00.134-0400: 26.834: [GC (GCLocker Initiated GC) [PSYoungGen: 149768K->70115K(175104K)] 590167K->525842K(699392K), 0.0070290 secs] [Times: user=0.09 sys=0.01, real=0.01 secs] 
2016-09-25T22:52:00.193-0400: 26.893: [GC (GCLocker Initiated GC) [PSYoungGen: 158179K->72547K(175104K)] 616685K->546708K(699392K), 0.0082122 secs] [Times: user=0.08 sys=0.00, real=0.01 secs] 
2016-09-25T22:52:00.249-0400: 26.949: [GC (GCLocker Initiated GC) [PSYoungGen: 160611K->47070K(175104K)] 634906K->535486K(699392K), 0.0096652 secs] [Times: user=0.07 sys=0.00, real=0.01 secs] 
2016-09-25T22:52:00.295-0400: 26.995: [GC (GCLocker Initiated GC) [PSYoungGen: 135134K->61920K(175104K)] 623706K->566137K(699392K), 0.0111927 secs] [Times: user=0.10 sys=0.00, real=0.01 secs] 
2016-09-25T22:52:00.307-0400: 27.006: [Full GC (Ergonomics) [PSYoungGen: 61920K->0K(175104K)] [ParOldGen: 504216K->173376K(524288K)] 566137K->173376K(699392K), [Metaspace: 43442K->43442K(1085440K)], 0.0583014 secs] [Times: user=0.35 sys=0.01, real=0.06 secs] 
2016-09-25T22:52:00.419-0400: 27.119: [GC (GCLocker Initiated GC) [PSYoungGen: 88064K->85441K(175104K)] 269641K->267019K(699392K), 0.0149733 secs] [Times: user=0.22 sys=0.00, real=0.01 secs] 
2016-09-25T22:52:00.476-0400: 27.176: [GC (GCLocker Initiated GC) [PSYoungGen: 173505K->51116K(175104K)] 357855K->273161K(699392K), 0.0104356 secs] [Times: user=0.14 sys=0.00, real=0.01 secs] 
2016-09-25T22:52:00.539-0400: 27.239: [GC (GCLocker Initiated GC) [PSYoungGen: 139180K->61679K(175104K)] 361273K->294036K(699392K), 0.0083272 secs] [Times: user=0.07 sys=0.00, real=0.01 secs] 
2016-09-25T22:52:00.596-0400: 27.296: [GC (GCLocker Initiated GC) [PSYoungGen: 149743K->55128K(175104K)] 384836K->312355K(699392K), 0.0059890 secs] [Times: user=0.08 sys=0.00, real=0.01 secs] 
2016-09-25T22:52:00.639-0400: 27.338: [GC (GCLocker Initiated GC) [PSYoungGen: 143192K->86499K(175104K)] 400608K->355423K(699392K), 0.0071465 secs] [Times: user=0.08 sys=0.01, real=0.01 secs] 
2016-09-25T22:52:01.077-0400: 27.777: [GC (GCLocker Initiated GC) [PSYoungGen: 174563K->62024K(175104K)] 457054K->368350K(699392K), 0.0122960 secs] [Times: user=0.18 sys=0.01, real=0.01 secs] 
2016-09-25T22:52:01.135-0400: 27.835: [GC (GCLocker Initiated GC) [PSYoungGen: 150088K->67215K(175104K)] 459159K->385171K(699392K), 0.0084718 secs] [Times: user=0.12 sys=0.00, real=0.01 secs] 
2016-09-25T22:52:01.182-0400: 27.881: [GC (GCLocker Initiated GC) [PSYoungGen: 155279K->73965K(175104K)] 473358K->404831K(699392K), 0.0139421 secs] [Times: user=0.17 sys=0.00, real=0.02 secs] 
2016-09-25T22:52:01.259-0400: 27.958: [GC (GCLocker Initiated GC) [PSYoungGen: 162029K->79467K(175104K)] 498361K->448780K(699392K), 0.0128664 secs] [Times: user=0.20 sys=0.00, real=0.01 secs] 
2016-09-25T22:52:01.330-0400: 28.030: [GC (GCLocker Initiated GC) [PSYoungGen: 167531K->49391K(175104K)] 543816K->435732K(699392K), 0.0080829 secs] [Times: user=0.06 sys=0.00, real=0.01 secs] 
2016-09-25T22:52:01.387-0400: 28.087: [GC (GCLocker Initiated GC) [PSYoungGen: 137455K->61777K(175104K)] 529245K->468960K(699392K), 0.0060781 secs] [Times: user=0.08 sys=0.00, real=0.00 secs] 
2016-09-25T22:52:01.451-0400: 28.150: [GC (GCLocker Initiated GC) [PSYoungGen: 149841K->73832K(175104K)] 559869K->493842K(699392K), 0.0178040 secs] [Times: user=0.25 sys=0.00, real=0.02 secs] 
2016-09-25T22:52:01.532-0400: 28.232: [GC (GCLocker Initiated GC) [PSYoungGen: 161896K->75436K(175104K)] 588741K->513537K(699392K), 0.0073606 secs] [Times: user=0.11 sys=0.00, real=0.01 secs] 
2016-09-25T22:52:01.584-0400: 28.284: [GC (GCLocker Initiated GC) [PSYoungGen: 163500K->49432K(175104K)] 609840K->515266K(699392K), 0.0072560 secs] [Times: user=0.07 sys=0.00, real=0.00 secs] 
2016-09-25T22:52:01.642-0400: 28.341: [GC (GCLocker Initiated GC) [PSYoungGen: 137496K->50906K(175104K)] 606252K->540400K(699392K), 0.0101756 secs] [Times: user=0.14 sys=0.00, real=0.01 secs] 
2016-09-25T22:52:01.717-0400: 28.416: [Full GC (Ergonomics) [PSYoungGen: 138970K->0K(175104K)] [ParOldGen: 501873K->177750K(524288K)] 640844K->177750K(699392K), [Metaspace: 43453K->43453K(1085440K)], 0.0684239 secs] [Times: user=0.42 sys=0.00, real=0.07 secs] 
2016-09-25T22:52:01.831-0400: 28.531: [GC (GCLocker Initiated GC) [PSYoungGen: 88064K->57934K(175104K)] 272102K->241972K(699392K), 0.0110556 secs] [Times: user=0.15 sys=0.00, real=0.02 secs] 
2016-09-25T22:52:01.926-0400: 28.625: [GC (GCLocker Initiated GC) [PSYoungGen: 145998K->44189K(175104K)] 349230K->258886K(699392K), 0.0102482 secs] [Times: user=0.10 sys=0.00, real=0.01 secs] 
2016-09-25T22:52:01.994-0400: 28.694: [GC (GCLocker Initiated GC) [PSYoungGen: 132253K->32960K(175104K)] 351017K->272588K(699392K), 0.0089964 secs] [Times: user=0.07 sys=0.00, real=0.01 secs] 
2016-09-25T22:52:02.041-0400: 28.741: [GC (GCLocker Initiated GC) [PSYoungGen: 121024K->62999K(175104K)] 360880K->322167K(699392K), 0.0073694 secs] [Times: user=0.09 sys=0.00, real=0.01 secs] 
2016-09-25T22:52:02.102-0400: 28.801: [GC (GCLocker Initiated GC) [PSYoungGen: 151063K->80747K(175104K)] 418435K->356635K(699392K), 0.0121529 secs] [Times: user=0.14 sys=0.00, real=0.01 secs] 
2016-09-25T22:52:02.193-0400: 28.892: [GC (GCLocker Initiated GC) [PSYoungGen: 168811K->57658K(175104K)] 444773K->358565K(699392K), 0.0115784 secs] [Times: user=0.16 sys=0.00, real=0.02 secs] 
2016-09-25T22:52:02.245-0400: 28.944: [GC (GCLocker Initiated GC) [PSYoungGen: 145722K->49612K(175104K)] 446695K->378055K(699392K), 0.0094897 secs] [Times: user=0.11 sys=0.01, real=0.01 secs] 
2016-09-25T22:52:02.292-0400: 28.991: [GC (GCLocker Initiated GC) [PSYoungGen: 137676K->52389K(175104K)] 466295K->416680K(699392K), 0.0101326 secs] [Times: user=0.15 sys=0.00, real=0.01 secs] 
2016-09-25T22:52:02.351-0400: 29.050: [GC (GCLocker Initiated GC) [PSYoungGen: 140453K->75376K(175104K)] 510278K->460617K(699392K), 0.0074588 secs] [Times: user=0.08 sys=0.00, real=0.01 secs] 
2016-09-25T22:52:02.415-0400: 29.114: [GC (GCLocker Initiated GC) [PSYoungGen: 163440K->45368K(175104K)] 551442K->458240K(699392K), 0.0090249 secs] [Times: user=0.11 sys=0.00, real=0.01 secs] 
2016-09-25T22:52:02.470-0400: 29.170: [GC (GCLocker Initiated GC) [PSYoungGen: 133432K->61761K(175104K)] 551907K->514604K(699392K), 0.0097274 secs] [Times: user=0.13 sys=0.01, real=0.01 secs] 
2016-09-25T22:52:02.532-0400: 29.231: [GC (GCLocker Initiated GC) [PSYoungGen: 149825K->64492K(175104K)] 606923K->553215K(699392K), 0.0094813 secs] [Times: user=0.11 sys=0.00, real=0.01 secs] 
2016-09-25T22:52:02.541-0400: 29.241: [Full GC (Ergonomics) [PSYoungGen: 64492K->0K(175104K)] [ParOldGen: 488723K->176654K(524288K)] 553215K->176654K(699392K), [Metaspace: 43459K->43459K(1085440K)], 0.0526910 secs] [Times: user=0.45 sys=0.00, real=0.06 secs] 
2016-09-25T22:52:02.647-0400: 29.346: [GC (GCLocker Initiated GC) [PSYoungGen: 88064K->84737K(175104K)] 267602K->269676K(699392K), 0.0090223 secs] [Times: user=0.11 sys=0.00, real=0.01 secs] 
2016-09-25T22:52:02.696-0400: 29.396: [GC (GCLocker Initiated GC) [PSYoungGen: 172801K->80753K(175104K)] 357960K->288077K(699392K), 0.0071398 secs] [Times: user=0.10 sys=0.00, real=0.01 secs] 
2016-09-25T22:52:02.739-0400: 29.439: [GC (GCLocker Initiated GC) [PSYoungGen: 168817K->80625K(175104K)] 381729K->304959K(699392K), 0.0063606 secs] [Times: user=0.09 sys=0.00, real=0.01 secs] 
2016-09-25T22:52:02.798-0400: 29.498: [GC (GCLocker Initiated GC) [PSYoungGen: 168689K->34663K(175104K)] 405337K->296070K(699392K), 0.0058326 secs] [Times: user=0.06 sys=0.00, real=0.01 secs] 
2016-09-25T22:52:02.853-0400: 29.552: [GC (GCLocker Initiated GC) [PSYoungGen: 122727K->65841K(175104K)] 392364K->353566K(699392K), 0.0090358 secs] [Times: user=0.10 sys=0.01, real=0.01 secs] 
2016-09-25T22:52:02.913-0400: 29.612: [GC (GCLocker Initiated GC) [PSYoungGen: 153905K->58928K(175104K)] 445743K->364787K(699392K), 0.0060492 secs] [Times: user=0.08 sys=0.00, real=0.01 secs] 
2016-09-25T22:52:02.955-0400: 29.654: [GC (GCLocker Initiated GC) [PSYoungGen: 146992K->68488K(175104K)] 453051K->406095K(699392K), 0.0066521 secs] [Times: user=0.08 sys=0.00, real=0.00 secs] 
2016-09-25T22:52:03.018-0400: 29.718: [GC (GCLocker Initiated GC) [PSYoungGen: 156552K->42870K(175104K)] 494258K->417551K(699392K), 0.0066869 secs] [Times: user=0.09 sys=0.00, real=0.01 secs] 
2016-09-25T22:52:03.073-0400: 29.772: [GC (GCLocker Initiated GC) [PSYoungGen: 130934K->74136K(175104K)] 520578K->464311K(699392K), 0.0061576 secs] [Times: user=0.08 sys=0.00, real=0.01 secs] 
2016-09-25T22:52:03.129-0400: 29.829: [GC (GCLocker Initiated GC) [PSYoungGen: 162200K->57591K(175104K)] 555212K->455377K(699392K), 0.0079185 secs] [Times: user=0.06 sys=0.01, real=0.01 secs] 
2016-09-25T22:52:03.180-0400: 29.880: [GC (GCLocker Initiated GC) [PSYoungGen: 145655K->52322K(175104K)] 547394K->469302K(699392K), 0.0108480 secs] [Times: user=0.12 sys=0.00, real=0.01 secs] 
2016-09-25T22:52:03.238-0400: 29.938: [GC (GCLocker Initiated GC) [PSYoungGen: 140386K->50830K(175104K)] 560103K->499455K(699392K), 0.0089666 secs] [Times: user=0.09 sys=0.00, real=0.01 secs] 
2016-09-25T22:52:03.289-0400: 29.989: [GC (GCLocker Initiated GC) [PSYoungGen: 138894K->80694K(175104K)] 587630K->542036K(699392K), 0.0072839 secs] [Times: user=0.10 sys=0.01, real=0.01 secs] 
2016-09-25T22:52:03.344-0400: 30.043: [GC (GCLocker Initiated GC) [PSYoungGen: 168758K->67190K(175104K)] 630604K->572804K(699392K), 0.0080661 secs] [Times: user=0.12 sys=0.00, real=0.00 secs] 
2016-09-25T22:52:03.352-0400: 30.052: [Full GC (Ergonomics) [PSYoungGen: 67190K->0K(175104K)] [ParOldGen: 505614K->183216K(524288K)] 572804K->183216K(699392K), [Metaspace: 43464K->43464K(1085440K)], 0.0680352 secs] [Times: user=0.38 sys=0.01, real=0.07 secs] 
2016-09-25T22:52:03.458-0400: 30.157: [GC (GCLocker Initiated GC) [PSYoungGen: 88064K->83711K(175104K)] 274054K->269701K(699392K), 0.0131430 secs] [Times: user=0.19 sys=0.00, real=0.01 secs] 
2016-09-25T22:52:03.524-0400: 30.224: [GC (GCLocker Initiated GC) [PSYoungGen: 171775K->57497K(175104K)] 363232K->257895K(699392K), 0.0062696 secs] [Times: user=0.05 sys=0.00, real=0.00 secs] 
2016-09-25T22:52:03.575-0400: 30.274: [GC (GCLocker Initiated GC) [PSYoungGen: 145561K->69924K(175104K)] 348787K->277694K(699392K), 0.0084200 secs] [Times: user=0.10 sys=0.00, real=0.01 secs] 
2016-09-25T22:52:03.624-0400: 30.323: [GC (GCLocker Initiated GC) [PSYoungGen: 157988K->56290K(175104K)] 376748K->298530K(699392K), 0.0157349 secs] [Times: user=0.20 sys=0.00, real=0.01 secs] 
2016-09-25T22:52:03.690-0400: 30.389: [GC (GCLocker Initiated GC) [PSYoungGen: 144354K->54958K(175104K)] 398837K->322095K(699392K), 0.0074982 secs] [Times: user=0.09 sys=0.00, real=0.01 secs] 
2016-09-25T22:52:03.748-0400: 30.448: [GC (GCLocker Initiated GC) [PSYoungGen: 143022K->57770K(175104K)] 434539K->349772K(699392K), 0.0078737 secs] [Times: user=0.11 sys=0.00, real=0.01 secs] 
2016-09-25T22:52:03.806-0400: 30.506: [GC (GCLocker Initiated GC) [PSYoungGen: 145834K->47978K(175104K)] 445999K->350067K(699392K), 0.0087305 secs] [Times: user=0.06 sys=0.01, real=0.01 secs] 
2016-09-25T22:52:03.863-0400: 30.562: [GC (GCLocker Initiated GC) [PSYoungGen: 136042K->40075K(175104K)] 446312K->383170K(699392K), 0.0059207 secs] [Times: user=0.08 sys=0.00, real=0.00 secs] 
2016-09-25T22:52:03.909-0400: 30.609: [GC (GCLocker Initiated GC) [PSYoungGen: 128139K->80721K(175104K)] 471361K->427072K(699392K), 0.0091971 secs] [Times: user=0.12 sys=0.00, real=0.01 secs] 
2016-09-25T22:52:03.960-0400: 30.660: [GC (GCLocker Initiated GC) [PSYoungGen: 168785K->77958K(175104K)] 515390K->433198K(699392K), 0.0126296 secs] [Times: user=0.16 sys=0.00, real=0.01 secs] 
2016-09-25T22:52:04.037-0400: 30.737: [GC (GCLocker Initiated GC) [PSYoungGen: 166022K->41547K(175104K)] 538890K->425731K(699392K), 0.0057125 secs] [Times: user=0.05 sys=0.00, real=0.01 secs] 
2016-09-25T22:52:04.089-0400: 30.788: [GC (GCLocker Initiated GC) [PSYoungGen: 129611K->61596K(175104K)] 513848K->457206K(699392K), 0.0059109 secs] [Times: user=0.07 sys=0.00, real=0.01 secs] 
2016-09-25T22:52:04.133-0400: 30.832: [GC (GCLocker Initiated GC) [PSYoungGen: 149660K->48403K(175104K)] 554359K->477824K(699392K), 0.0146336 secs] [Times: user=0.18 sys=0.01, real=0.02 secs] 
2016-09-25T22:52:04.191-0400: 30.891: [GC (GCLocker Initiated GC) [PSYoungGen: 136467K->68398K(175104K)] 568697K->512077K(699392K), 0.0066272 secs] [Times: user=0.08 sys=0.00, real=0.01 secs] 
2016-09-25T22:52:04.249-0400: 30.948: [GC (GCLocker Initiated GC) [PSYoungGen: 156462K->62995K(175104K)] 604408K->519464K(699392K), 0.0065423 secs] [Times: user=0.07 sys=0.00, real=0.01 secs] 
2016-09-25T22:52:04.301-0400: 31.001: [GC (GCLocker Initiated GC) [PSYoungGen: 151059K->61744K(175104K)] 608928K->535039K(699392K), 0.0063128 secs] [Times: user=0.09 sys=0.00, real=0.01 secs] 
2016-09-25T22:52:04.345-0400: 31.044: [GC (GCLocker Initiated GC) [PSYoungGen: 149808K->84888K(175104K)] 626541K->567515K(699392K), 0.0092076 secs] [Times: user=0.14 sys=0.00, real=0.00 secs] 
2016-09-25T22:52:04.403-0400: 31.103: [Full GC (Ergonomics) [PSYoungGen: 172952K->0K(175104K)] [ParOldGen: 493598K->171349K(524288K)] 666550K->171349K(699392K), [Metaspace: 43466K->43466K(1085440K)], 0.1895295 secs] [Times: user=2.64 sys=0.00, real=0.18 secs] 
2016-09-25T22:52:04.637-0400: 31.337: [GC (GCLocker Initiated GC) [PSYoungGen: 88064K->53923K(175104K)] 266308K->232167K(699392K), 0.0081558 secs] [Times: user=0.07 sys=0.01, real=0.01 secs] 
2016-09-25T22:52:04.694-0400: 31.393: [GC (GCLocker Initiated GC) [PSYoungGen: 141987K->63154K(175104K)] 328467K->263959K(699392K), 0.0061451 secs] [Times: user=0.09 sys=0.01, real=0.01 secs] 
2016-09-25T22:52:04.756-0400: 31.456: [GC (GCLocker Initiated GC) [PSYoungGen: 151218K->73884K(175104K)] 357546K->283438K(699392K), 0.0084007 secs] [Times: user=0.09 sys=0.00, real=0.01 secs] 
2016-09-25T22:52:04.812-0400: 31.511: [GC (GCLocker Initiated GC) [PSYoungGen: 161948K->54900K(175104K)] 377006K->296153K(699392K), 0.0086365 secs] [Times: user=0.12 sys=0.00, real=0.01 secs] 
2016-09-25T22:52:04.861-0400: 31.560: [GC (GCLocker Initiated GC) [PSYoungGen: 142964K->71254K(175104K)] 386974K->326493K(699392K), 0.0064723 secs] [Times: user=0.08 sys=0.00, real=0.01 secs] 
2016-09-25T22:52:04.912-0400: 31.612: [GC (GCLocker Initiated GC) [PSYoungGen: 159318K->63232K(175104K)] 421528K->328684K(699392K), 0.0065099 secs] [Times: user=0.08 sys=0.00, real=0.01 secs] 
2016-09-25T22:52:04.961-0400: 31.661: [GC (GCLocker Initiated GC) [PSYoungGen: 151296K->86129K(175104K)] 423614K->360377K(699392K), 0.0070861 secs] [Times: user=0.10 sys=0.00, real=0.01 secs] 
2016-09-25T22:52:05.025-0400: 31.724: [GC (GCLocker Initiated GC) [PSYoungGen: 174193K->60279K(175104K)] 453922K->363501K(699392K), 0.0084194 secs] [Times: user=0.08 sys=0.01, real=0.00 secs] 
2016-09-25T22:52:05.076-0400: 31.776: [GC (GCLocker Initiated GC) [PSYoungGen: 148343K->63095K(175104K)] 458485K->393934K(699392K), 0.0108565 secs] [Times: user=0.11 sys=0.01, real=0.01 secs] 
2016-09-25T22:52:05.137-0400: 31.837: [GC (GCLocker Initiated GC) [PSYoungGen: 151159K->50724K(175104K)] 491568K->394348K(699392K), 0.0064863 secs] [Times: user=0.06 sys=0.00, real=0.01 secs] 
2016-09-25T22:52:05.193-0400: 31.893: [GC (GCLocker Initiated GC) [PSYoungGen: 138788K->42708K(175104K)] 494654K->417900K(699392K), 0.0080022 secs] [Times: user=0.06 sys=0.00, real=0.01 secs] 
2016-09-25T22:52:05.257-0400: 31.956: [GC (GCLocker Initiated GC) [PSYoungGen: 130772K->62743K(175104K)] 506067K->446684K(699392K), 0.0187488 secs] [Times: user=0.19 sys=0.00, real=0.02 secs] 
2016-09-25T22:52:05.318-0400: 32.017: [GC (GCLocker Initiated GC) [PSYoungGen: 150807K->45340K(175104K)] 534822K->447228K(699392K), 0.0135614 secs] [Times: user=0.11 sys=0.01, real=0.01 secs] 
2016-09-25T22:52:05.379-0400: 32.078: [GC (GCLocker Initiated GC) [PSYoungGen: 133404K->48092K(175104K)] 539439K->469467K(699392K), 0.0093864 secs] [Times: user=0.08 sys=0.00, real=0.01 secs] 
2016-09-25T22:52:05.422-0400: 32.122: [GC (GCLocker Initiated GC) [PSYoungGen: 136156K->61743K(173056K)] 564046K->504974K(697344K), 0.0364903 secs] [Times: user=0.34 sys=0.00, real=0.04 secs] 
2016-09-25T22:52:05.517-0400: 32.216: [GC (GCLocker Initiated GC) [PSYoungGen: 149807K->43923K(174080K)] 605310K->535155K(698368K), 0.0229099 secs] [Times: user=0.22 sys=0.00, real=0.02 secs] 
2016-09-25T22:52:05.540-0400: 32.239: [Full GC (Ergonomics) [PSYoungGen: 43923K->0K(174080K)] [ParOldGen: 491231K->179855K(524288K)] 535155K->179855K(698368K), [Metaspace: 43467K->43467K(1085440K)], 0.0845259 secs] [Times: user=0.53 sys=0.02, real=0.09 secs] 
2016-09-25T22:52:05.667-0400: 32.366: [GC (GCLocker Initiated GC) [PSYoungGen: 88064K->55165K(171008K)] 277506K->244608K(695296K), 0.0083272 secs] [Times: user=0.07 sys=0.00, real=0.01 secs] 
2016-09-25T22:52:05.711-0400: 32.410: [GC (GCLocker Initiated GC) [PSYoungGen: 145277K->56015K(173568K)] 334972K->251875K(697856K), 0.0127621 secs] [Times: user=0.10 sys=0.01, real=0.02 secs] 
2016-09-25T22:52:05.766-0400: 32.465: [GC (GCLocker Initiated GC) [PSYoungGen: 146127K->57453K(174592K)] 344929K->264740K(698880K), 0.0097638 secs] [Times: user=0.08 sys=0.01, real=0.01 secs] 
2016-09-25T22:52:05.847-0400: 32.546: [GC (GCLocker Initiated GC) [PSYoungGen: 155245K->53524K(176640K)] 365299K->272111K(700928K), 0.0316824 secs] [Times: user=0.33 sys=0.01, real=0.03 secs] 
2016-09-25T22:52:05.945-0400: 32.644: [GC (GCLocker Initiated GC) [PSYoungGen: 151316K->52142K(180736K)] 383500K->294331K(705024K), 0.0070459 secs] [Times: user=0.05 sys=0.01, real=0.00 secs] 
2016-09-25T22:52:06.002-0400: 32.701: [GC (GCLocker Initiated GC) [PSYoungGen: 158126K->67217K(182272K)] 415408K->343993K(706560K), 0.0122102 secs] [Times: user=0.13 sys=0.00, real=0.01 secs] 
2016-09-25T22:52:06.104-0400: 32.804: [GC (GCLocker Initiated GC) [PSYoungGen: 173201K->75268K(174592K)] 455388K->360686K(698880K), 0.0110350 secs] [Times: user=0.10 sys=0.01, real=0.01 secs] 
2016-09-25T22:52:06.165-0400: 32.864: [GC (GCLocker Initiated GC) [PSYoungGen: 171524K->43996K(179200K)] 459977K->345105K(703488K), 0.0066059 secs] [Times: user=0.05 sys=0.00, real=0.00 secs] 
2016-09-25T22:52:06.222-0400: 32.922: [GC (GCLocker Initiated GC) [PSYoungGen: 140252K->45441K(178176K)] 441414K->361873K(702464K), 0.0082476 secs] [Times: user=0.08 sys=0.00, real=0.00 secs] 
2016-09-25T22:52:06.290-0400: 32.989: [GC (GCLocker Initiated GC) [PSYoungGen: 141697K->67180K(163840K)] 463742K->404582K(688128K), 0.0307871 secs] [Times: user=0.31 sys=0.01, real=0.03 secs] 
2016-09-25T22:52:06.379-0400: 33.079: [GC (GCLocker Initiated GC) [PSYoungGen: 163436K->49404K(179200K)] 510330K->406414K(703488K), 0.0167531 secs] [Times: user=0.20 sys=0.00, real=0.02 secs] 
2016-09-25T22:52:06.466-0400: 33.165: [GC (GCLocker Initiated GC) [PSYoungGen: 144636K->79318K(174592K)] 507190K->447816K(698880K), 0.0115056 secs] [Times: user=0.11 sys=0.01, real=0.01 secs] 
2016-09-25T22:52:06.538-0400: 33.238: [GC (GCLocker Initiated GC) [PSYoungGen: 174550K->56306K(176128K)] 543159K->442967K(700416K), 0.0125640 secs] [Times: user=0.10 sys=0.00, real=0.01 secs] 
2016-09-25T22:52:06.592-0400: 33.291: [GC (GCLocker Initiated GC) [PSYoungGen: 145394K->52340K(141824K)] 538997K->468116K(666112K), 0.0076714 secs] [Times: user=0.07 sys=0.00, real=0.01 secs] 
2016-09-25T22:52:06.637-0400: 33.336: [GC (GCLocker Initiated GC) [PSYoungGen: 141428K->57652K(176128K)] 560015K->491649K(700416K), 0.0196368 secs] [Times: user=0.19 sys=0.01, real=0.02 secs] 
2016-09-25T22:52:06.726-0400: 33.426: [GC (GCLocker Initiated GC) [PSYoungGen: 149300K->48108K(173568K)] 588794K->520526K(697856K), 0.0103288 secs] [Times: user=0.13 sys=0.00, real=0.01 secs] 
2016-09-25T22:52:06.801-0400: 33.500: [Full GC (Ergonomics) [PSYoungGen: 139756K->0K(173568K)] [ParOldGen: 490027K->186390K(524288K)] 629783K->186390K(697856K), [Metaspace: 43471K->43471K(1085440K)], 0.0536416 secs] [Times: user=0.32 sys=0.01, real=0.06 secs] 
2016-09-25T22:52:06.933-0400: 33.633: [GC (GCLocker Initiated GC) [PSYoungGen: 91648K->75472K(172544K)] 280785K->264610K(696832K), 0.0211521 secs] [Times: user=0.28 sys=0.00, real=0.03 secs] 
2016-09-25T22:52:07.016-0400: 33.715: [GC (GCLocker Initiated GC) [PSYoungGen: 166608K->67264K(158720K)] 369319K->286941K(683008K), 0.0065973 secs] [Times: user=0.08 sys=0.00, real=0.01 secs] 
2016-09-25T22:52:07.077-0400: 33.776: [GC (GCLocker Initiated GC) [PSYoungGen: 158400K->53336K(177664K)] 382260K->280469K(701952K), 0.0064311 secs] [Times: user=0.05 sys=0.01, real=0.01 secs] 
2016-09-25T22:52:07.161-0400: 33.860: [GC (GCLocker Initiated GC) [PSYoungGen: 144984K->49481K(141312K)] 385691K->304126K(665600K), 0.0205665 secs] [Times: user=0.21 sys=0.00, real=0.02 secs] 
2016-09-25T22:52:07.241-0400: 33.941: [GC (GCLocker Initiated GC) [PSYoungGen: 141129K->61495K(176128K)] 395945K->335696K(700416K), 0.0104404 secs] [Times: user=0.09 sys=0.00, real=0.01 secs] 
2016-09-25T22:52:07.290-0400: 33.990: [GC (GCLocker Initiated GC) [PSYoungGen: 154167K->59024K(175104K)] 437971K->375653K(699392K), 0.0238446 secs] [Times: user=0.27 sys=0.00, real=0.02 secs] 
2016-09-25T22:52:07.375-0400: 34.074: [GC (GCLocker Initiated GC) [PSYoungGen: 151696K->37230K(175104K)] 484658K->373386K(699392K), 0.0177387 secs] [Times: user=0.19 sys=0.01, real=0.01 secs] 
2016-09-25T22:52:07.440-0400: 34.139: [GC (GCLocker Initiated GC) [PSYoungGen: 131950K->44094K(176640K)] 476240K->409150K(700928K), 0.0116584 secs] [Times: user=0.09 sys=0.00, real=0.01 secs] 
2016-09-25T22:52:07.505-0400: 34.205: [GC (GCLocker Initiated GC) [PSYoungGen: 138814K->50831K(175616K)] 506756K->428678K(699904K), 0.0132769 secs] [Times: user=0.14 sys=0.00, real=0.01 secs] 
2016-09-25T22:52:07.573-0400: 34.273: [GC (GCLocker Initiated GC) [PSYoungGen: 149647K->61591K(178176K)] 537023K->460264K(702464K), 0.0126300 secs] [Times: user=0.14 sys=0.01, real=0.02 secs] 
2016-09-25T22:52:07.641-0400: 34.340: [GC (GCLocker Initiated GC) [PSYoungGen: 160407K->48003K(180736K)] 559157K->459404K(705024K), 0.0191084 secs] [Times: user=0.15 sys=0.00, real=0.02 secs] 
2016-09-25T22:52:07.714-0400: 34.414: [GC (GCLocker Initiated GC) [PSYoungGen: 151427K->48119K(181760K)] 563081K->492618K(706048K), 0.0088576 secs] [Times: user=0.06 sys=0.00, real=0.01 secs] 
2016-09-25T22:52:07.768-0400: 34.467: [GC (GCLocker Initiated GC) [PSYoungGen: 151543K->59073K(182784K)] 596091K->523039K(707072K), 0.0274958 secs] [Times: user=0.25 sys=0.01, real=0.03 secs] 
2016-09-25T22:52:07.854-0400: 34.554: [GC (GCLocker Initiated GC) [PSYoungGen: 165569K->48325K(183296K)] 636438K->540010K(707584K), 0.0298243 secs] [Times: user=0.30 sys=0.00, real=0.03 secs] 
2016-09-25T22:52:07.884-0400: 34.584: [Full GC (Ergonomics) [PSYoungGen: 48325K->0K(183296K)] [ParOldGen: 491685K->189271K(524288K)] 540010K->189271K(707584K), [Metaspace: 43474K->43474K(1085440K)], 0.0651098 secs] [Times: user=0.37 sys=0.00, real=0.06 secs] 
2016-09-25T22:52:08.014-0400: 34.714: [GC (GCLocker Initiated GC) [PSYoungGen: 106496K->47061K(183808K)] 301243K->241808K(708096K), 0.0266014 secs] [Times: user=0.29 sys=0.01, real=0.02 secs] 
2016-09-25T22:52:08.109-0400: 34.809: [GC (GCLocker Initiated GC) [PSYoungGen: 156629K->41380K(184320K)] 360556K->265017K(708608K), 0.0232228 secs] [Times: user=0.27 sys=0.00, real=0.02 secs] 
2016-09-25T22:52:08.202-0400: 34.901: [GC (GCLocker Initiated GC) [PSYoungGen: 150948K->67190K(181248K)] 389657K->307805K(705536K), 0.0076353 secs] [Times: user=0.10 sys=0.00, real=0.01 secs] 
2016-09-25T22:52:08.269-0400: 34.968: [GC (GCLocker Initiated GC) [PSYoungGen: 173686K->50669K(184320K)] 414339K->293167K(708608K), 0.0064056 secs] [Times: user=0.06 sys=0.00, real=0.01 secs] 
2016-09-25T22:52:08.331-0400: 35.030: [GC (GCLocker Initiated GC) [PSYoungGen: 157165K->60302K(184320K)] 406801K->336059K(708608K), 0.0078867 secs] [Times: user=0.09 sys=0.00, real=0.01 secs] 
2016-09-25T22:52:08.396-0400: 35.096: [GC (GCLocker Initiated GC) [PSYoungGen: 168846K->56087K(184832K)] 447320K->336317K(709120K), 0.0195154 secs] [Times: user=0.19 sys=0.00, real=0.02 secs] 
2016-09-25T22:52:08.482-0400: 35.181: [GC (GCLocker Initiated GC) [PSYoungGen: 164631K->54806K(183808K)] 453099K->345057K(708096K), 0.0070518 secs] [Times: user=0.09 sys=0.00, real=0.01 secs] 
2016-09-25T22:52:08.547-0400: 35.246: [GC (GCLocker Initiated GC) [PSYoungGen: 165910K->72408K(184320K)] 458914K->379454K(708608K), 0.0174387 secs] [Times: user=0.19 sys=0.01, real=0.02 secs] 
2016-09-25T22:52:08.635-0400: 35.335: [GC (GCLocker Initiated GC) [PSYoungGen: 183512K->45396K(184320K)] 498855K->374641K(708608K), 0.0076369 secs] [Times: user=0.08 sys=0.00, real=0.01 secs] 
2016-09-25T22:52:08.708-0400: 35.408: [GC (GCLocker Initiated GC) [PSYoungGen: 151892K->58921K(165888K)] 489296K->414413K(690176K), 0.0112082 secs] [Times: user=0.10 sys=0.00, real=0.01 secs] 
2016-09-25T22:52:08.789-0400: 35.488: [GC (GCLocker Initiated GC) [PSYoungGen: 165417K->64451K(182272K)] 526632K->427560K(706560K), 0.0063003 secs] [Times: user=0.08 sys=0.00, real=0.01 secs] 
2016-09-25T22:52:08.851-0400: 35.551: [GC (GCLocker Initiated GC) [PSYoungGen: 169923K->77789K(183296K)] 533093K->452288K(707584K), 0.0119518 secs] [Times: user=0.13 sys=0.00, real=0.02 secs] 
2016-09-25T22:52:08.924-0400: 35.624: [GC (GCLocker Initiated GC) [PSYoungGen: 183261K->68297K(171008K)] 560575K->458128K(695296K), 0.0444390 secs] [Times: user=0.51 sys=0.01, real=0.04 secs] 
2016-09-25T22:52:09.029-0400: 35.728: [GC (GCLocker Initiated GC) [PSYoungGen: 160457K->56136K(177152K)] 561330K->465565K(701440K), 0.0102248 secs] [Times: user=0.10 sys=0.00, real=0.01 secs] 
2016-09-25T22:52:09.092-0400: 35.791: [GC (GCLocker Initiated GC) [PSYoungGen: 148296K->58925K(171008K)] 563237K->489126K(695296K), 0.0094716 secs] [Times: user=0.09 sys=0.00, real=0.01 secs] 
2016-09-25T22:52:09.144-0400: 35.844: [GC (GCLocker Initiated GC) [PSYoungGen: 153133K->38462K(175104K)] 583448K->494891K(699392K), 0.0277730 secs] [Times: user=0.27 sys=0.00, real=0.02 secs] 
2016-09-25T22:52:09.233-0400: 35.932: [GC (GCLocker Initiated GC) [PSYoungGen: 132670K->49364K(180224K)] 590497K->511659K(704512K), 0.0178160 secs] [Times: user=0.21 sys=0.01, real=0.02 secs] 
2016-09-25T22:52:09.301-0400: 36.001: [GC (GCLocker Initiated GC) [PSYoungGen: 148692K->56149K(155648K)] 611190K->546172K(679936K), 0.0108695 secs] [Times: user=0.10 sys=0.00, real=0.01 secs] 
2016-09-25T22:52:09.312-0400: 36.012: [Full GC (Ergonomics) [PSYoungGen: 56149K->0K(155648K)] [ParOldGen: 490022K->188090K(524288K)] 546172K->188090K(679936K), [Metaspace: 43491K->43491K(1085440K)], 0.0859406 secs] [Times: user=0.54 sys=0.01, real=0.09 secs] 
2016-09-25T22:52:09.453-0400: 36.153: [GC (GCLocker Initiated GC) [PSYoungGen: 99328K->59235K(179712K)] 287500K->247416K(704000K), 0.0144005 secs] [Times: user=0.14 sys=0.00, real=0.02 secs] 
2016-09-25T22:52:09.518-0400: 36.218: [GC (GCLocker Initiated GC) [PSYoungGen: 160611K->43993K(178688K)] 351592K->257374K(702976K), 0.0253742 secs] [Times: user=0.25 sys=0.00, real=0.03 secs] 
2016-09-25T22:52:09.597-0400: 36.297: [GC (GCLocker Initiated GC) [PSYoungGen: 145369K->71253K(176640K)] 365635K->298810K(700928K), 0.0238815 secs] [Times: user=0.25 sys=0.00, real=0.02 secs] 
2016-09-25T22:52:09.670-0400: 36.369: [GC (GCLocker Initiated GC) [PSYoungGen: 170581K->64421K(180736K)] 398328K->302103K(705024K), 0.0132009 secs] [Times: user=0.12 sys=0.01, real=0.02 secs] 
2016-09-25T22:52:09.739-0400: 36.438: [GC (GCLocker Initiated GC) [PSYoungGen: 163749K->61490K(178688K)] 408422K->324188K(702976K), 0.0184937 secs] [Times: user=0.17 sys=0.02, real=0.02 secs] 
2016-09-25T22:52:09.813-0400: 36.512: [GC (GCLocker Initiated GC) [PSYoungGen: 160817K->49219K(179712K)] 431860K->326122K(704000K), 0.0070114 secs] [Times: user=0.05 sys=0.00, real=0.01 secs] 
2016-09-25T22:52:09.873-0400: 36.573: [GC (GCLocker Initiated GC) [PSYoungGen: 148547K->37153K(180224K)] 425530K->318557K(704512K), 0.0082163 secs] [Times: user=0.06 sys=0.01, real=0.01 secs] 
2016-09-25T22:52:09.916-0400: 36.616: [GC (GCLocker Initiated GC) [PSYoungGen: 137505K->73820K(174592K)] 419046K->380112K(698880K), 0.0118188 secs] [Times: user=0.13 sys=0.00, real=0.01 secs] 
2016-09-25T22:52:09.980-0400: 36.680: [GC (GCLocker Initiated GC) [PSYoungGen: 174172K->52079K(178688K)] 480520K->366987K(702976K), 0.0361266 secs] [Times: user=0.37 sys=0.00, real=0.04 secs] 
2016-09-25T22:52:10.065-0400: 36.765: [GC (GCLocker Initiated GC) [PSYoungGen: 145263K->59014K(152576K)] 468361K->386657K(676864K), 0.0178570 secs] [Times: user=0.17 sys=0.00, real=0.02 secs] 
2016-09-25T22:52:10.132-0400: 36.831: [GC (GCLocker Initiated GC) [PSYoungGen: 152198K->53525K(176128K)] 488036K->400815K(700416K), 0.0140072 secs] [Times: user=0.11 sys=0.00, real=0.02 secs] 
2016-09-25T22:52:10.198-0400: 36.897: [GC (GCLocker Initiated GC) [PSYoungGen: 148245K->64217K(174592K)] 495621K->417468K(698880K), 0.0163529 secs] [Times: user=0.15 sys=0.00, real=0.01 secs] 
2016-09-25T22:52:10.256-0400: 36.956: [GC (GCLocker Initiated GC) [PSYoungGen: 158937K->64338K(180736K)] 515115K->426275K(705024K), 0.0103089 secs] [Times: user=0.09 sys=0.00, real=0.01 secs] 
2016-09-25T22:52:10.326-0400: 37.025: [GC (GCLocker Initiated GC) [PSYoungGen: 164690K->61655K(162304K)] 532143K->436322K(686592K), 0.0065115 secs] [Times: user=0.08 sys=0.00, real=0.00 secs] 
2016-09-25T22:52:10.392-0400: 37.091: [GC (GCLocker Initiated GC) [PSYoungGen: 162007K->73882K(175104K)] 546196K->463896K(699392K), 0.0103591 secs] [Times: user=0.12 sys=0.00, real=0.02 secs] 
2016-09-25T22:52:10.453-0400: 37.153: [GC (GCLocker Initiated GC) [PSYoungGen: 169114K->34561K(130048K)] 564541K->476382K(654336K), 0.0144070 secs] [Times: user=0.15 sys=0.00, real=0.02 secs] 
2016-09-25T22:52:10.511-0400: 37.210: [GC (GCLocker Initiated GC) [PSYoungGen: 129793K->68591K(173568K)] 583856K->533865K(697856K), 0.0079405 secs] [Times: user=0.09 sys=0.00, real=0.01 secs] 
2016-09-25T22:52:10.570-0400: 37.269: [GC (GCLocker Initiated GC) [PSYoungGen: 156655K->34451K(175104K)] 630099K->521966K(699392K), 0.0106756 secs] [Times: user=0.05 sys=0.00, real=0.01 secs] 
2016-09-25T22:52:10.631-0400: 37.331: [Full GC (Ergonomics) [PSYoungGen: 122515K->0K(175104K)] [ParOldGen: 494430K->205555K(524288K)] 616945K->205555K(699392K), [Metaspace: 43613K->43613K(1087488K)], 0.0644043 secs] [Times: user=0.40 sys=0.00, real=0.07 secs] 
2016-09-25T22:52:10.739-0400: 37.439: [GC (GCLocker Initiated GC) [PSYoungGen: 88064K->68586K(175104K)] 296447K->276969K(699392K), 0.0135425 secs] [Times: user=0.15 sys=0.00, real=0.01 secs] 
2016-09-25T22:52:10.800-0400: 37.499: [GC (GCLocker Initiated GC) [PSYoungGen: 156650K->38778K(175104K)] 375900K->288414K(699392K), 0.0159242 secs] [Times: user=0.14 sys=0.00, real=0.02 secs] 
2016-09-25T22:52:10.872-0400: 37.571: [GC (GCLocker Initiated GC) [PSYoungGen: 126842K->45421K(175104K)] 383399K->321440K(699392K), 0.0154797 secs] [Times: user=0.19 sys=0.00, real=0.02 secs] 
2016-09-25T22:52:10.957-0400: 37.656: [GC (GCLocker Initiated GC) [PSYoungGen: 133485K->59029K(147456K)] 417823K->345188K(671744K), 0.0128843 secs] [Times: user=0.07 sys=0.00, real=0.01 secs] 
2016-09-25T22:52:11.006-0400: 37.705: [GC (GCLocker Initiated GC) [PSYoungGen: 147093K->62884K(174080K)] 436193K->356549K(698368K), 0.0092560 secs] [Times: user=0.10 sys=0.02, real=0.01 secs] 
2016-09-25T22:52:11.051-0400: 37.750: [GC (GCLocker Initiated GC) [PSYoungGen: 150948K->84646K(174080K)] 448848K->389672K(698368K), 0.0061347 secs] [Times: user=0.09 sys=0.00, real=0.01 secs] 
2016-09-25T22:52:11.124-0400: 37.823: [GC (GCLocker Initiated GC) [PSYoungGen: 172710K->58951K(175104K)] 488648K->390230K(699392K), 0.0121527 secs] [Times: user=0.11 sys=0.01, real=0.01 secs] 
2016-09-25T22:52:11.200-0400: 37.900: [GC (GCLocker Initiated GC) [PSYoungGen: 147015K->46568K(175104K)] 481076K->395888K(699392K), 0.0066431 secs] [Times: user=0.05 sys=0.00, real=0.01 secs] 
2016-09-25T22:52:11.237-0400: 37.936: [GC (GCLocker Initiated GC) [PSYoungGen: 134632K->68562K(175104K)] 486797K->446770K(699392K), 0.0105713 secs] [Times: user=0.11 sys=0.00, real=0.01 secs] 
2016-09-25T22:52:11.305-0400: 38.004: [GC (GCLocker Initiated GC) [PSYoungGen: 156626K->64538K(175104K)] 540471K->480011K(699392K), 0.0147122 secs] [Times: user=0.16 sys=0.02, real=0.01 secs] 
2016-09-25T22:52:11.392-0400: 38.091: [GC (GCLocker Initiated GC) [PSYoungGen: 152602K->67042K(175104K)] 570930K->492651K(699392K), 0.0122652 secs] [Times: user=0.13 sys=0.00, real=0.02 secs] 
2016-09-25T22:52:11.438-0400: 38.137: [GC (GCLocker Initiated GC) [PSYoungGen: 155106K->71060K(175104K)] 583501K->529614K(699392K), 0.0103338 secs] [Times: user=0.13 sys=0.00, real=0.01 secs] 
2016-09-25T22:52:11.494-0400: 38.194: [GC (GCLocker Initiated GC) [PSYoungGen: 159124K->67204K(175104K)] 635276K->557252K(699392K), 0.0075249 secs] [Times: user=0.09 sys=0.00, real=0.00 secs] 
2016-09-25T22:52:11.502-0400: 38.202: [Full GC (Ergonomics) [PSYoungGen: 67204K->0K(175104K)] [ParOldGen: 490048K->209616K(524288K)] 557252K->209616K(699392K), [Metaspace: 43613K->43613K(1087488K)], 0.0963355 secs] [Times: user=0.62 sys=0.03, real=0.09 secs] 
2016-09-25T22:52:11.643-0400: 38.343: [GC (GCLocker Initiated GC) [PSYoungGen: 88064K->84740K(175104K)] 297859K->297243K(699392K), 0.0073397 secs] [Times: user=0.09 sys=0.00, real=0.00 secs] 
2016-09-25T22:52:11.681-0400: 38.380: [GC (GCLocker Initiated GC) [PSYoungGen: 172804K->64310K(175104K)] 388243K->312761K(699392K), 0.0080376 secs] [Times: user=0.12 sys=0.00, real=0.01 secs] 
2016-09-25T22:52:11.740-0400: 38.439: [GC (GCLocker Initiated GC) [PSYoungGen: 152374K->50950K(175104K)] 406268K->332224K(699392K), 0.0121096 secs] [Times: user=0.12 sys=0.00, real=0.01 secs] 
2016-09-25T22:52:11.817-0400: 38.517: [GC (GCLocker Initiated GC) [PSYoungGen: 139014K->67073K(175104K)] 423152K->365287K(699392K), 0.0116588 secs] [Times: user=0.14 sys=0.00, real=0.01 secs] 
2016-09-25T22:52:11.870-0400: 38.569: [GC (GCLocker Initiated GC) [PSYoungGen: 155137K->55001K(175104K)] 453535K->382192K(699392K), 0.0066412 secs] [Times: user=0.09 sys=0.00, real=0.01 secs] 
2016-09-25T22:52:11.918-0400: 38.617: [GC (GCLocker Initiated GC) [PSYoungGen: 143065K->57636K(175104K)] 473059K->425935K(699392K), 0.0083123 secs] [Times: user=0.11 sys=0.00, real=0.01 secs] 
2016-09-25T22:52:11.971-0400: 38.670: [GC (GCLocker Initiated GC) [PSYoungGen: 145700K->82096K(175104K)] 514555K->462255K(699392K), 0.0113656 secs] [Times: user=0.13 sys=0.01, real=0.01 secs] 
2016-09-25T22:52:12.041-0400: 38.740: [GC (GCLocker Initiated GC) [PSYoungGen: 170160K->71073K(175104K)] 555810K->461333K(699392K), 0.0116891 secs] [Times: user=0.11 sys=0.00, real=0.01 secs] 
2016-09-25T22:52:12.107-0400: 38.806: [GC (GCLocker Initiated GC) [PSYoungGen: 159137K->60336K(175104K)] 558913K->484893K(699392K), 0.0086148 secs] [Times: user=0.10 sys=0.00, real=0.01 secs] 
2016-09-25T22:52:12.152-0400: 38.852: [GC (Allocation Failure) [PSYoungGen: 148400K->84605K(175104K)] 573034K->521813K(699392K), 0.0119881 secs] [Times: user=0.16 sys=0.00, real=0.02 secs] 
2016-09-25T22:52:12.225-0400: 38.925: [GC (GCLocker Initiated GC) [PSYoungGen: 170963K->50855K(175104K)] 610871K->512764K(699392K), 0.0107095 secs] [Times: user=0.09 sys=0.01, real=0.01 secs] 
2016-09-25T22:52:12.302-0400: 39.001: [GC (GCLocker Initiated GC) [PSYoungGen: 138919K->65736K(175104K)] 604921K->541554K(699392K), 0.0139410 secs] [Times: user=0.18 sys=0.00, real=0.02 secs] 
2016-09-25T22:52:12.348-0400: 39.047: [Full GC (Ergonomics) [PSYoungGen: 153800K->0K(175104K)] [ParOldGen: 481302K->216308K(524288K)] 635102K->216308K(699392K), [Metaspace: 43620K->43620K(1087488K)], 0.0481451 secs] [Times: user=0.29 sys=0.01, real=0.05 secs] 
2016-09-25T22:52:12.450-0400: 39.150: [GC (GCLocker Initiated GC) [PSYoungGen: 88064K->52430K(175104K)] 312718K->277085K(699392K), 0.0080194 secs] [Times: user=0.08 sys=0.00, real=0.01 secs] 
2016-09-25T22:52:12.503-0400: 39.203: [GC (GCLocker Initiated GC) [PSYoungGen: 140494K->71254K(175104K)] 367894K->307412K(699392K), 0.0124525 secs] [Times: user=0.11 sys=0.00, real=0.01 secs] 
2016-09-25T22:52:12.562-0400: 39.262: [GC (GCLocker Initiated GC) [PSYoungGen: 159318K->59045K(175104K)] 407140K->318188K(699392K), 0.0162090 secs] [Times: user=0.17 sys=0.00, real=0.01 secs] 
2016-09-25T22:52:12.631-0400: 39.331: [GC (GCLocker Initiated GC) [PSYoungGen: 147109K->48067K(175104K)] 419893K->329466K(699392K), 0.0245620 secs] [Times: user=0.28 sys=0.00, real=0.03 secs] 
2016-09-25T22:52:12.706-0400: 39.405: [GC (GCLocker Initiated GC) [PSYoungGen: 136131K->59020K(175104K)] 423128K->349087K(699392K), 0.0078816 secs] [Times: user=0.09 sys=0.00, real=0.00 secs] 
2016-09-25T22:52:12.755-0400: 39.455: [GC (GCLocker Initiated GC) [PSYoungGen: 147084K->84639K(175104K)] 439919K->382038K(699392K), 0.0102791 secs] [Times: user=0.15 sys=0.00, real=0.01 secs] 
2016-09-25T22:52:12.815-0400: 39.515: [GC (GCLocker Initiated GC) [PSYoungGen: 172703K->49603K(175104K)] 472878K->398805K(699392K), 0.0116817 secs] [Times: user=0.15 sys=0.00, real=0.01 secs] 
2016-09-25T22:52:12.878-0400: 39.577: [GC (GCLocker Initiated GC) [PSYoungGen: 137667K->49443K(175104K)] 492382K->424919K(699392K), 0.0094610 secs] [Times: user=0.06 sys=0.00, real=0.01 secs] 
2016-09-25T22:52:12.924-0400: 39.624: [GC (GCLocker Initiated GC) [PSYoungGen: 137507K->56213K(175104K)] 515738K->440319K(699392K), 0.0077724 secs] [Times: user=0.07 sys=0.00, real=0.00 secs] 
2016-09-25T22:52:12.969-0400: 39.669: [GC (GCLocker Initiated GC) [PSYoungGen: 144277K->42738K(175104K)] 534038K->445087K(699392K), 0.0063033 secs] [Times: user=0.03 sys=0.01, real=0.01 secs] 
2016-09-25T22:52:13.030-0400: 39.730: [GC (GCLocker Initiated GC) [PSYoungGen: 130802K->48063K(175104K)] 540012K->482173K(699392K), 0.0103728 secs] [Times: user=0.10 sys=0.00, real=0.01 secs] 
2016-09-25T22:52:13.092-0400: 39.792: [GC (GCLocker Initiated GC) [PSYoungGen: 136127K->46839K(175104K)] 577036K->501738K(699392K), 0.0061848 secs] [Times: user=0.06 sys=0.00, real=0.01 secs] 
2016-09-25T22:52:13.145-0400: 39.844: [GC (GCLocker Initiated GC) [PSYoungGen: 134903K->50864K(139264K)] 589823K->519791K(663552K), 0.0086695 secs] [Times: user=0.06 sys=0.00, real=0.00 secs] 
2016-09-25T22:52:13.198-0400: 39.897: [GC (GCLocker Initiated GC) [PSYoungGen: 138928K->66975K(173056K)] 611977K->548570K(697344K), 0.0185338 secs] [Times: user=0.22 sys=0.00, real=0.02 secs] 
2016-09-25T22:52:13.269-0400: 39.969: [Full GC (Ergonomics) [PSYoungGen: 154015K->0K(173056K)] [ParOldGen: 501967K->221217K(524288K)] 655983K->221217K(697344K), [Metaspace: 43626K->43626K(1087488K)], 0.0640197 secs] [Times: user=0.36 sys=0.02, real=0.06 secs] 
2016-09-25T22:52:13.382-0400: 40.082: [GC (GCLocker Initiated GC) [PSYoungGen: 87040K->73955K(174080K)] 312429K->299345K(698368K), 0.0066874 secs] [Times: user=0.08 sys=0.00, real=0.01 secs] 
2016-09-25T22:52:13.429-0400: 40.129: [GC (GCLocker Initiated GC) [PSYoungGen: 160995K->65715K(175104K)] 386537K->316168K(699392K), 0.0070885 secs] [Times: user=0.10 sys=0.00, real=0.01 secs] 
2016-09-25T22:52:13.477-0400: 40.176: [GC (GCLocker Initiated GC) [PSYoungGen: 153779K->75383K(175104K)] 404343K->343936K(699392K), 0.0099446 secs] [Times: user=0.11 sys=0.00, real=0.01 secs] 
2016-09-25T22:52:13.528-0400: 40.227: [GC (GCLocker Initiated GC) [PSYoungGen: 163447K->76681K(175104K)] 438095K->364052K(699392K), 0.0078677 secs] [Times: user=0.08 sys=0.00, real=0.01 secs] 
2016-09-25T22:52:13.590-0400: 40.290: [GC (GCLocker Initiated GC) [PSYoungGen: 164745K->49463K(175104K)] 460361K->382090K(699392K), 0.0074120 secs] [Times: user=0.07 sys=0.01, real=0.01 secs] 
2016-09-25T22:52:13.654-0400: 40.353: [GC (GCLocker Initiated GC) [PSYoungGen: 137527K->44025K(175104K)] 480993K->394588K(699392K), 0.0095200 secs] [Times: user=0.08 sys=0.00, real=0.02 secs] 
2016-09-25T22:52:13.715-0400: 40.414: [GC (GCLocker Initiated GC) [PSYoungGen: 132089K->63029K(175104K)] 488265K->426527K(699392K), 0.0069703 secs] [Times: user=0.08 sys=0.00, real=0.00 secs] 
2016-09-25T22:52:13.772-0400: 40.472: [GC (GCLocker Initiated GC) [PSYoungGen: 151093K->63120K(175104K)] 525575K->455597K(699392K), 0.0068115 secs] [Times: user=0.08 sys=0.00, real=0.01 secs] 
2016-09-25T22:52:13.824-0400: 40.524: [GC (GCLocker Initiated GC) [PSYoungGen: 151184K->75255K(175104K)] 547905K->476598K(699392K), 0.0091521 secs] [Times: user=0.12 sys=0.00, real=0.00 secs] 
2016-09-25T22:52:13.875-0400: 40.575: [GC (GCLocker Initiated GC) [PSYoungGen: 163319K->62902K(175104K)] 570311K->483855K(699392K), 0.0140490 secs] [Times: user=0.16 sys=0.00, real=0.01 secs] 
2016-09-25T22:52:13.941-0400: 40.641: [GC (GCLocker Initiated GC) [PSYoungGen: 150966K->60229K(175104K)] 584181K->496473K(699392K), 0.0105634 secs] [Times: user=0.09 sys=0.01, real=0.01 secs] 
2016-09-25T22:52:14.003-0400: 40.702: [GC (GCLocker Initiated GC) [PSYoungGen: 148293K->38769K(175104K)] 609020K->504063K(699392K), 2.4313613 secs] [Times: user=0.07 sys=0.00, real=2.43 secs] 
2016-09-25T22:52:16.523-0400: 43.223: [GC (GCLocker Initiated GC) [PSYoungGen: 126833K->54822K(143360K)] 597616K->545027K(667648K), 0.0116755 secs] [Times: user=0.14 sys=0.02, real=0.01 secs] 
2016-09-25T22:52:16.535-0400: 43.235: [Full GC (Ergonomics) [PSYoungGen: 54822K->0K(143360K)] [ParOldGen: 490204K->217314K(524288K)] 545027K->217314K(667648K), [Metaspace: 43634K->43634K(1087488K)], 0.0811431 secs] [Times: user=0.76 sys=0.00, real=0.08 secs] 
2016-09-25T22:52:16.656-0400: 43.356: [GC (GCLocker Initiated GC) [PSYoungGen: 88064K->79606K(174080K)] 305416K->296959K(698368K), 0.0196568 secs] [Times: user=0.23 sys=0.00, real=0.02 secs] 
2016-09-25T22:52:16.755-0400: 43.454: [GC (GCLocker Initiated GC) [PSYoungGen: 167158K->60171K(174592K)] 384626K->291945K(698880K), 0.0125827 secs] [Times: user=0.14 sys=0.00, real=0.01 secs] 
2016-09-25T22:52:16.848-0400: 43.547: [GC (GCLocker Initiated GC) [PSYoungGen: 147723K->52238K(175104K)] 398545K->310204K(699392K), 0.0121647 secs] [Times: user=0.12 sys=0.00, real=0.01 secs] 
2016-09-25T22:52:16.909-0400: 43.609: [GC (GCLocker Initiated GC) [PSYoungGen: 140302K->49400K(137728K)] 405319K->339311K(662016K), 0.0094974 secs] [Times: user=0.08 sys=0.00, real=0.01 secs] 
2016-09-25T22:52:16.988-0400: 43.687: [GC (GCLocker Initiated GC) [PSYoungGen: 137464K->56137K(177152K)] 427416K->359998K(701440K), 0.0105191 secs] [Times: user=0.13 sys=0.01, real=0.01 secs] 
2016-09-25T22:52:17.082-0400: 43.782: [GC (GCLocker Initiated GC) [PSYoungGen: 146761K->67128K(174592K)] 453378K->399751K(698880K), 0.0083785 secs] [Times: user=0.09 sys=0.00, real=0.00 secs] 
2016-09-25T22:52:17.145-0400: 43.844: [GC (GCLocker Initiated GC) [PSYoungGen: 157752K->63164K(176640K)] 493206K->436940K(700928K), 0.0195899 secs] [Times: user=0.26 sys=0.00, real=0.02 secs] 
2016-09-25T22:52:17.235-0400: 43.934: [GC (GCLocker Initiated GC) [PSYoungGen: 156348K->65781K(176640K)] 534244K->468493K(700928K), 0.0138170 secs] [Times: user=0.19 sys=0.00, real=0.01 secs] 
2016-09-25T22:52:17.322-0400: 44.021: [GC (GCLocker Initiated GC) [PSYoungGen: 158965K->56162K(175616K)] 564527K->477060K(699904K), 0.0082373 secs] [Times: user=0.06 sys=0.01, real=0.01 secs] 
2016-09-25T22:52:17.373-0400: 44.073: [GC (GCLocker Initiated GC) [PSYoungGen: 151394K->80670K(176128K)] 580473K->543988K(700416K), 0.0088775 secs] [Times: user=0.09 sys=0.01, real=0.02 secs] 
2016-09-25T22:52:17.436-0400: 44.136: [GC (GCLocker Initiated GC) [PSYoungGen: 175902K->73885K(174080K)] 641998K->560763K(698368K), 0.0110880 secs] [Times: user=0.15 sys=0.03, real=0.01 secs] 
2016-09-25T22:52:17.447-0400: 44.147: [Full GC (Ergonomics) [PSYoungGen: 73885K->0K(174080K)] [ParOldGen: 486877K->223665K(524288K)] 560763K->223665K(698368K), [Metaspace: 43634K->43634K(1087488K)], 0.0996889 secs] [Times: user=0.64 sys=0.02, real=0.10 secs] 
2016-09-25T22:52:17.594-0400: 44.293: [GC (GCLocker Initiated GC) [PSYoungGen: 88064K->79375K(175104K)] 314620K->305932K(699392K), 0.0067802 secs] [Times: user=0.09 sys=0.01, real=0.01 secs] 
2016-09-25T22:52:17.655-0400: 44.354: [GC (GCLocker Initiated GC) [PSYoungGen: 167439K->44183K(175104K)] 406283K->299866K(699392K), 0.0099540 secs] [Times: user=0.13 sys=0.01, real=0.01 secs] 
2016-09-25T22:52:17.724-0400: 44.424: [GC (GCLocker Initiated GC) [PSYoungGen: 132247K->80774K(175104K)] 397499K->350603K(699392K), 0.0116968 secs] [Times: user=0.16 sys=0.01, real=0.01 secs] 
2016-09-25T22:52:17.798-0400: 44.497: [GC (GCLocker Initiated GC) [PSYoungGen: 168838K->54851K(175104K)] 438809K->353750K(699392K), 0.0111941 secs] [Times: user=0.17 sys=0.02, real=0.01 secs] 
2016-09-25T22:52:17.855-0400: 44.555: [GC (GCLocker Initiated GC) [PSYoungGen: 142915K->65880K(175104K)] 444643K->374717K(699392K), 0.0083074 secs] [Times: user=0.08 sys=0.00, real=0.01 secs] 
2016-09-25T22:52:17.912-0400: 44.612: [GC (GCLocker Initiated GC) [PSYoungGen: 153944K->56256K(175104K)] 466941K->396844K(699392K), 0.0093661 secs] [Times: user=0.10 sys=0.02, real=0.01 secs] 
2016-09-25T22:52:17.968-0400: 44.667: [GC (GCLocker Initiated GC) [PSYoungGen: 144320K->60231K(175104K)] 490379K->420248K(699392K), 0.0078622 secs] [Times: user=0.11 sys=0.00, real=0.01 secs] 
2016-09-25T22:52:18.011-0400: 44.710: [GC (GCLocker Initiated GC) [PSYoungGen: 148295K->60370K(175104K)] 512477K->438508K(699392K), 0.0125262 secs] [Times: user=0.16 sys=0.01, real=0.02 secs] 
2016-09-25T22:52:18.066-0400: 44.766: [GC (GCLocker Initiated GC) [PSYoungGen: 148434K->44030K(175104K)] 528268K->459413K(699392K), 0.0082665 secs] [Times: user=0.08 sys=0.01, real=0.01 secs] 
2016-09-25T22:52:18.112-0400: 44.811: [GC (GCLocker Initiated GC) [PSYoungGen: 132094K->58998K(172032K)] 547600K->495228K(696320K), 0.0074848 secs] [Times: user=0.10 sys=0.01, real=0.01 secs] 
2016-09-25T22:52:18.164-0400: 44.863: [GC (GCLocker Initiated GC) [PSYoungGen: 147062K->71313K(173568K)] 588884K->541981K(697856K), 0.0084837 secs] [Times: user=0.11 sys=0.00, real=0.00 secs] 
2016-09-25T22:52:18.220-0400: 44.919: [GC (GCLocker Initiated GC) [PSYoungGen: 159377K->69852K(175104K)] 633002K->565665K(699392K), 0.0094517 secs] [Times: user=0.12 sys=0.01, real=0.01 secs] 
2016-09-25T22:52:18.229-0400: 44.929: [Full GC (Ergonomics) [PSYoungGen: 69852K->0K(175104K)] [ParOldGen: 495813K->230073K(524288K)] 565665K->230073K(699392K), [Metaspace: 43634K->43634K(1087488K)], 0.0535882 secs] [Times: user=0.52 sys=0.01, real=0.06 secs] 
2016-09-25T22:52:18.324-0400: 45.024: [GC (GCLocker Initiated GC) [PSYoungGen: 88064K->69907K(175104K)] 323593K->305437K(699392K), 0.0098694 secs] [Times: user=0.13 sys=0.01, real=0.00 secs] 
2016-09-25T22:52:18.385-0400: 45.085: [GC (GCLocker Initiated GC) [PSYoungGen: 157971K->73919K(175104K)] 403071K->322352K(699392K), 0.0109975 secs] [Times: user=0.15 sys=0.00, real=0.01 secs] 
2016-09-25T22:52:18.452-0400: 45.152: [GC (GCLocker Initiated GC) [PSYoungGen: 161983K->46856K(175104K)] 426799K->340553K(699392K), 0.0067625 secs] [Times: user=0.09 sys=0.01, real=0.01 secs] 
2016-09-25T22:52:18.504-0400: 45.204: [GC (GCLocker Initiated GC) [PSYoungGen: 134920K->65735K(175104K)] 432742K->366722K(699392K), 0.0067265 secs] [Times: user=0.07 sys=0.00, real=0.00 secs] 
2016-09-25T22:52:18.555-0400: 45.255: [GC (GCLocker Initiated GC) [PSYoungGen: 153799K->52166K(175104K)] 454806K->392790K(699392K), 0.0081567 secs] [Times: user=0.08 sys=0.01, real=0.01 secs] 
2016-09-25T22:52:18.606-0400: 45.306: [GC (GCLocker Initiated GC) [PSYoungGen: 140230K->50768K(175104K)] 481006K->406820K(699392K), 0.0072161 secs] [Times: user=0.04 sys=0.01, real=0.00 secs] 
2016-09-25T22:52:18.670-0400: 45.369: [GC (Allocation Failure) [PSYoungGen: 138832K->46926K(135168K)] 503057K->426499K(659456K), 0.0073657 secs] [Times: user=0.08 sys=0.00, real=0.01 secs] 
2016-09-25T22:52:18.715-0400: 45.415: [GC (GCLocker Initiated GC) [PSYoungGen: 134990K->69613K(174080K)] 514567K->463235K(698368K), 0.0106379 secs] [Times: user=0.14 sys=0.01, real=0.01 secs] 
2016-09-25T22:52:18.767-0400: 45.467: [GC (GCLocker Initiated GC) [PSYoungGen: 157165K->78025K(174592K)] 563044K->486944K(698880K), 0.0074116 secs] [Times: user=0.10 sys=0.00, real=0.01 secs] 
2016-09-25T22:52:18.827-0400: 45.526: [GC (Allocation Failure) [PSYoungGen: 165576K->61654K(175104K)] 590901K->501059K(699392K), 0.0067092 secs] [Times: user=0.08 sys=0.00, real=0.00 secs] 
2016-09-25T22:52:18.885-0400: 45.584: [GC (GCLocker Initiated GC) [PSYoungGen: 149027K->40207K(175104K)] 597882K->493552K(699392K), 0.0064323 secs] [Times: user=0.05 sys=0.00, real=0.00 secs] 
2016-09-25T22:52:18.926-0400: 45.626: [GC (GCLocker Initiated GC) [PSYoungGen: 128271K->39901K(175104K)] 584322K->508520K(699392K), 0.0056480 secs] [Times: user=0.06 sys=0.01, real=0.00 secs] 
2016-09-25T22:52:18.974-0400: 45.673: [GC (GCLocker Initiated GC) [PSYoungGen: 127965K->80637K(175104K)] 596685K->556474K(699392K), 0.0078300 secs] [Times: user=0.11 sys=0.01, real=0.01 secs] 
2016-09-25T22:52:19.026-0400: 45.726: [GC (GCLocker Initiated GC) [PSYoungGen: 168701K->68632K(175104K)] 647533K->583071K(699392K), 0.0109723 secs] [Times: user=0.14 sys=0.01, real=0.01 secs] 
2016-09-25T22:52:19.037-0400: 45.737: [Full GC (Ergonomics) [PSYoungGen: 68632K->0K(175104K)] [ParOldGen: 514439K->231849K(524288K)] 583071K->231849K(699392K), [Metaspace: 43634K->43634K(1087488K)], 0.1206033 secs] [Times: user=0.69 sys=0.11, real=0.12 secs] 
2016-09-25T22:52:19.461-0400: 46.161: [GC (GCLocker Initiated GC) [PSYoungGen: 88064K->44131K(175104K)] 319961K->276029K(699392K), 0.7388166 secs] [Times: user=0.92 sys=0.10, real=0.74 secs] 
2016-09-25T22:52:20.245-0400: 46.944: [GC (GCLocker Initiated GC) [PSYoungGen: 132195K->64240K(175104K)] 366886K->314409K(699392K), 0.0272653 secs] [Times: user=0.20 sys=0.00, real=0.02 secs] 
2016-09-25T22:52:20.340-0400: 47.039: [GC (GCLocker Initiated GC) [PSYoungGen: 152304K->54930K(175104K)] 402643K->334114K(699392K), 0.0089787 secs] [Times: user=0.09 sys=0.00, real=0.01 secs] 
2016-09-25T22:52:20.415-0400: 47.114: [GC (GCLocker Initiated GC) [PSYoungGen: 142994K->50808K(175104K)] 425005K->352302K(699392K), 0.0083231 secs] [Times: user=0.10 sys=0.01, real=0.01 secs] 
2016-09-25T22:52:20.523-0400: 47.222: [GC (GCLocker Initiated GC) [PSYoungGen: 138872K->44291K(175104K)] 448491K->363838K(699392K), 0.0057523 secs] [Times: user=0.06 sys=0.01, real=0.00 secs] 
2016-09-25T22:52:20.614-0400: 47.313: [GC (GCLocker Initiated GC) [PSYoungGen: 132355K->50922K(173056K)] 461571K->391577K(697344K), 0.0069455 secs] [Times: user=0.08 sys=0.00, real=0.01 secs] 
2016-09-25T22:52:20.739-0400: 47.438: [GC (GCLocker Initiated GC) [PSYoungGen: 138986K->45343K(174080K)] 481146K->402805K(698368K), 0.0180889 secs] [Times: user=0.17 sys=0.02, real=0.02 secs] 
2016-09-25T22:52:20.843-0400: 47.543: [GC (GCLocker Initiated GC) [PSYoungGen: 133407K->49387K(172032K)] 493630K->432989K(696320K), 0.0139797 secs] [Times: user=0.10 sys=0.02, real=0.01 secs] 
2016-09-25T22:52:20.972-0400: 47.672: [GC (GCLocker Initiated GC) [PSYoungGen: 140523K->52352K(174080K)] 524154K->454052K(698368K), 0.0110148 secs] [Times: user=0.15 sys=0.01, real=0.02 secs] 
2016-09-25T22:52:21.098-0400: 47.798: [GC (GCLocker Initiated GC) [PSYoungGen: 143488K->53846K(174080K)] 553439K->471092K(698368K), 0.0948008 secs] [Times: user=0.52 sys=0.12, real=0.09 secs] 
2016-09-25T22:52:21.345-0400: 48.044: [GC (GCLocker Initiated GC) [PSYoungGen: 152150K->31937K(176640K)] 593783K->474238K(700928K), 0.0608227 secs] [Times: user=0.37 sys=0.08, real=0.06 secs] 
2016-09-25T22:52:21.477-0400: 48.177: [GC (GCLocker Initiated GC) [PSYoungGen: 130241K->69766K(175104K)] 578303K->519728K(699392K), 0.0153551 secs] [Times: user=0.25 sys=0.04, real=0.01 secs] 
2016-09-25T22:52:21.594-0400: 48.294: [GC (GCLocker Initiated GC) [PSYoungGen: 164998K->45488K(178688K)] 630640K->512940K(702976K), 0.0091660 secs] [Times: user=0.11 sys=0.04, real=0.01 secs] 
2016-09-25T22:52:21.667-0400: 48.367: [GC (GCLocker Initiated GC) [PSYoungGen: 140720K->58865K(176128K)] 616340K->534967K(700416K), 0.0211576 secs] [Times: user=0.25 sys=0.11, real=0.02 secs] 
2016-09-25T22:52:21.747-0400: 48.446: [GC (GCLocker Initiated GC) [PSYoungGen: 155633K->79252K(176128K)] 634478K->564008K(700416K), 0.0137349 secs] [Times: user=0.23 sys=0.03, real=0.01 secs] 
2016-09-25T22:52:21.838-0400: 48.538: [Full GC (Ergonomics) [PSYoungGen: 176020K->0K(176128K)] [ParOldGen: 496945K->229575K(524288K)] 672966K->229575K(700416K), [Metaspace: 43637K->43637K(1087488K)], 0.0900088 secs] [Times: user=0.98 sys=0.30, real=0.09 secs] 
2016-09-25T22:52:21.997-0400: 48.696: [GC (GCLocker Initiated GC) [PSYoungGen: 96768K->57795K(176640K)] 337432K->298467K(700928K), 0.0104583 secs] [Times: user=0.16 sys=0.02, real=0.01 secs] 
2016-09-25T22:52:22.070-0400: 48.770: [GC (GCLocker Initiated GC) [PSYoungGen: 148419K->66986K(157696K)] 394812K->328801K(681984K), 0.0094256 secs] [Times: user=0.16 sys=0.01, real=0.01 secs] 
2016-09-25T22:52:22.127-0400: 48.826: [GC (GCLocker Initiated GC) [PSYoungGen: 157610K->61693K(177152K)] 423534K->349605K(701440K), 0.0338638 secs] [Times: user=0.56 sys=0.04, real=0.03 secs] 
2016-09-25T22:52:22.203-0400: 48.902: [GC (GCLocker Initiated GC) [PSYoungGen: 152317K->82005K(173056K)] 443064K->386748K(697344K), 0.0108613 secs] [Times: user=0.16 sys=0.01, real=0.00 secs] 
2016-09-25T22:52:22.257-0400: 48.956: [GC (GCLocker Initiated GC) [PSYoungGen: 172629K->64480K(175104K)] 485584K->403579K(699392K), 0.0100397 secs] [Times: user=0.15 sys=0.01, real=0.01 secs] 
2016-09-25T22:52:22.316-0400: 49.016: [GC (GCLocker Initiated GC) [PSYoungGen: 152544K->63094K(175104K)] 495835K->424522K(699392K), 0.0098905 secs] [Times: user=0.13 sys=0.01, real=0.01 secs] 
2016-09-25T22:52:22.371-0400: 49.071: [GC (GCLocker Initiated GC) [PSYoungGen: 151158K->64265K(174080K)] 515538K->437195K(698368K), 0.0080641 secs] [Times: user=0.08 sys=0.01, real=0.01 secs] 
2016-09-25T22:52:22.423-0400: 49.122: [GC (GCLocker Initiated GC) [PSYoungGen: 152329K->68488K(174592K)] 530686K->466256K(698880K), 0.0088583 secs] [Times: user=0.11 sys=0.00, real=0.00 secs] 
2016-09-25T22:52:22.470-0400: 49.170: [GC (GCLocker Initiated GC) [PSYoungGen: 156552K->63107K(171520K)] 554407K->473676K(695808K), 0.0076499 secs] [Times: user=0.11 sys=0.00, real=0.01 secs] 
2016-09-25T22:52:22.518-0400: 49.218: [GC (GCLocker Initiated GC) [PSYoungGen: 152195K->63249K(173568K)] 565529K->504122K(697856K), 0.0107600 secs] [Times: user=0.13 sys=0.01, real=0.01 secs] 
2016-09-25T22:52:22.576-0400: 49.276: [GC (GCLocker Initiated GC) [PSYoungGen: 152337K->53832K(175104K)] 601097K->505929K(699392K), 0.0064621 secs] [Times: user=0.08 sys=0.01, real=0.01 secs] 
2016-09-25T22:52:22.621-0400: 49.320: [GC (GCLocker Initiated GC) [PSYoungGen: 148552K->54717K(176640K)] 603532K->530585K(700928K), 0.0076230 secs] [Times: user=0.07 sys=0.00, real=0.01 secs] 
2016-09-25T22:52:22.673-0400: 49.373: [GC (GCLocker Initiated GC) [PSYoungGen: 149437K->68672K(179712K)] 628120K->566677K(704000K), 0.0086603 secs] [Times: user=0.13 sys=0.00, real=0.01 secs] 
2016-09-25T22:52:22.682-0400: 49.381: [Full GC (Ergonomics) [PSYoungGen: 68672K->0K(179712K)] [ParOldGen: 498004K->242136K(524288K)] 566677K->242136K(704000K), [Metaspace: 43644K->43644K(1087488K)], 0.0590196 secs] [Times: user=0.52 sys=0.02, real=0.06 secs] 
2016-09-25T22:52:22.789-0400: 49.488: [GC (GCLocker Initiated GC) [PSYoungGen: 98304K->81127K(179712K)] 342500K->336124K(704000K), 0.0103312 secs] [Times: user=0.16 sys=0.00, real=0.01 secs] 
2016-09-25T22:52:22.857-0400: 49.556: [GC (GCLocker Initiated GC) [PSYoungGen: 179431K->69717K(170496K)] 445337K->347395K(694784K), 0.0095478 secs] [Times: user=0.10 sys=0.00, real=0.01 secs] 
2016-09-25T22:52:22.922-0400: 49.622: [GC (Allocation Failure) [PSYoungGen: 157781K->53735K(175104K)] 445038K->368451K(699392K), 0.0064809 secs] [Times: user=0.09 sys=0.00, real=0.00 secs] 
2016-09-25T22:52:22.962-0400: 49.662: [GC (GCLocker Initiated GC) [PSYoungGen: 140976K->84657K(175104K)] 461091K->408101K(699392K), 0.0106301 secs] [Times: user=0.16 sys=0.01, real=0.00 secs] 
2016-09-25T22:52:23.027-0400: 49.726: [GC (GCLocker Initiated GC) [PSYoungGen: 172721K->69711K(175104K)] 499129K->399255K(699392K), 0.0085869 secs] [Times: user=0.09 sys=0.00, real=0.01 secs] 
2016-09-25T22:52:23.086-0400: 49.785: [GC (GCLocker Initiated GC) [PSYoungGen: 157775K->50733K(175104K)] 487424K->392873K(699392K), 0.0133764 secs] [Times: user=0.16 sys=0.00, real=0.01 secs] 
2016-09-25T22:52:23.136-0400: 49.836: [GC (GCLocker Initiated GC) [PSYoungGen: 138797K->62182K(175104K)] 491884K->426367K(699392K), 0.0115234 secs] [Times: user=0.12 sys=0.00, real=0.01 secs] 
2016-09-25T22:52:23.218-0400: 49.917: [GC (GCLocker Initiated GC) [PSYoungGen: 150246K->56483K(175104K)] 524194K->450207K(699392K), 0.0060745 secs] [Times: user=0.06 sys=0.00, real=0.01 secs] 
2016-09-25T22:52:23.271-0400: 49.971: [GC (GCLocker Initiated GC) [PSYoungGen: 144547K->67051K(175104K)] 538372K->468279K(699392K), 0.0065083 secs] [Times: user=0.08 sys=0.00, real=0.01 secs] 
2016-09-25T22:52:23.312-0400: 50.012: [GC (GCLocker Initiated GC) [PSYoungGen: 155115K->51121K(174080K)] 556492K->485396K(698368K), 0.0085713 secs] [Times: user=0.08 sys=0.00, real=0.01 secs] 
2016-09-25T22:52:23.374-0400: 50.074: [GC (Allocation Failure) [PSYoungGen: 139185K->63558K(152064K)] 573626K->517695K(676352K), 0.0084339 secs] [Times: user=0.10 sys=0.00, real=0.01 secs] 
2016-09-25T22:52:23.429-0400: 50.129: [GC (GCLocker Initiated GC) [PSYoungGen: 151621K->67381K(174080K)] 605765K->548094K(698368K), 0.0110834 secs] [Times: user=0.09 sys=0.00, real=0.01 secs] 
2016-09-25T22:52:23.498-0400: 50.197: [GC (GCLocker Initiated GC) [PSYoungGen: 156981K->51047K(174080K)] 640543K->558362K(698368K), 0.0092293 secs] [Times: user=0.12 sys=0.01, real=0.01 secs] 
2016-09-25T22:52:23.507-0400: 50.207: [Full GC (Ergonomics) [PSYoungGen: 51047K->0K(174080K)] [ParOldGen: 507315K->238296K(524288K)] 558362K->238296K(698368K), [Metaspace: 43648K->43648K(1087488K)], 0.0497462 secs] [Times: user=0.45 sys=0.00, real=0.05 secs] 
2016-09-25T22:52:23.610-0400: 50.310: [GC (GCLocker Initiated GC) [PSYoungGen: 89600K->77244K(172032K)] 332046K->319690K(696320K), 0.0066413 secs] [Times: user=0.08 sys=0.00, real=0.01 secs] 
2016-09-25T22:52:23.651-0400: 50.351: [GC (GCLocker Initiated GC) [PSYoungGen: 165308K->59442K(175104K)] 410539K->354461K(699392K), 0.0106969 secs] [Times: user=0.14 sys=0.00, real=0.01 secs] 
2016-09-25T22:52:23.713-0400: 50.413: [GC (GCLocker Initiated GC) [PSYoungGen: 147506K->67508K(173056K)] 445589K->373166K(697344K), 0.0065150 secs] [Times: user=0.08 sys=0.00, real=0.01 secs] 
2016-09-25T22:52:23.786-0400: 50.486: [GC (GCLocker Initiated GC) [PSYoungGen: 156596K->48550K(174592K)] 468034K->378335K(698880K), 0.0094586 secs] [Times: user=0.13 sys=0.01, real=0.01 secs] 
2016-09-25T22:52:23.838-0400: 50.538: [GC (GCLocker Initiated GC) [PSYoungGen: 137638K->70015K(174592K)] 472872K->429043K(698880K), 0.0086305 secs] [Times: user=0.13 sys=0.00, real=0.01 secs] 
2016-09-25T22:52:23.901-0400: 50.600: [GC (GCLocker Initiated GC) [PSYoungGen: 159103K->58222K(147456K)] 520917K->442321K(671744K), 0.0094334 secs] [Times: user=0.12 sys=0.00, real=0.01 secs] 
2016-09-25T22:52:23.960-0400: 50.660: [GC (Allocation Failure) [PSYoungGen: 147310K->45916K(174592K)] 534171K->470257K(698880K), 0.0080043 secs] [Times: user=0.10 sys=0.01, real=0.01 secs] 
2016-09-25T22:52:24.020-0400: 50.719: [GC (GCLocker Initiated GC) [PSYoungGen: 135516K->59172K(148992K)] 559864K->522286K(673280K), 0.0081634 secs] [Times: user=0.12 sys=0.01, real=0.01 secs] 
2016-09-25T22:52:24.086-0400: 50.785: [Full GC (Ergonomics) [PSYoungGen: 148772K->0K(148992K)] [ParOldGen: 472736K->250376K(524288K)] 621508K->250376K(673280K), [Metaspace: 43649K->43649K(1087488K)], 0.0725647 secs] [Times: user=0.55 sys=0.02, real=0.07 secs] 
2016-09-25T22:52:24.218-0400: 50.918: [GC (GCLocker Initiated GC) [PSYoungGen: 89600K->72210K(172032K)] 345441K->328052K(696320K), 0.0148162 secs] [Times: user=0.23 sys=0.00, real=0.01 secs] 
2016-09-25T22:52:24.285-0400: 50.985: [GC (GCLocker Initiated GC) [PSYoungGen: 161298K->68663K(174592K)] 419971K->347794K(698880K), 0.0101569 secs] [Times: user=0.13 sys=0.01, real=0.01 secs] 
2016-09-25T22:52:24.346-0400: 51.046: [GC (GCLocker Initiated GC) [PSYoungGen: 157751K->63497K(172544K)] 441040K->363709K(696832K), 0.0078642 secs] [Times: user=0.10 sys=0.00, real=0.00 secs] 
2016-09-25T22:52:24.401-0400: 51.101: [GC (GCLocker Initiated GC) [PSYoungGen: 154633K->67581K(174592K)] 456243K->395813K(698880K), 0.0073549 secs] [Times: user=0.10 sys=0.00, real=0.01 secs] 
2016-09-25T22:52:24.476-0400: 51.176: [GC (GCLocker Initiated GC) [PSYoungGen: 158717K->67553K(177664K)] 506232K->416050K(701952K), 0.0089091 secs] [Times: user=0.12 sys=0.00, real=0.01 secs] 
2016-09-25T22:52:24.547-0400: 51.246: [GC (GCLocker Initiated GC) [PSYoungGen: 162785K->75493K(171008K)] 511657K->437494K(695296K), 0.0109309 secs] [Times: user=0.15 sys=0.01, real=0.01 secs] 
2016-09-25T22:52:24.615-0400: 51.314: [GC (GCLocker Initiated GC) [PSYoungGen: 170725K->65711K(178176K)] 538459K->451627K(702464K), 0.0120593 secs] [Times: user=0.10 sys=0.01, real=0.01 secs] 
2016-09-25T22:52:24.681-0400: 51.381: [GC (GCLocker Initiated GC) [PSYoungGen: 158383K->57907K(151040K)] 552765K->469079K(675328K), 0.0201773 secs] [Times: user=0.29 sys=0.00, real=0.02 secs] 
2016-09-25T22:52:24.748-0400: 51.447: [GC (GCLocker Initiated GC) [PSYoungGen: 150579K->82205K(171520K)] 561910K->499691K(695808K), 0.0081203 secs] [Times: user=0.10 sys=0.00, real=0.01 secs] 
2016-09-25T22:52:24.805-0400: 51.504: [GC (GCLocker Initiated GC) [PSYoungGen: 170269K->80919K(175104K)] 587846K->519487K(699392K), 0.0076567 secs] [Times: user=0.11 sys=0.00, real=0.00 secs] 
2016-09-25T22:52:24.853-0400: 51.553: [GC (GCLocker Initiated GC) [PSYoungGen: 168983K->75845K(175104K)] 618602K->550541K(699392K), 0.0105326 secs] [Times: user=0.15 sys=0.00, real=0.02 secs] 
2016-09-25T22:52:24.924-0400: 51.624: [GC (GCLocker Initiated GC) [PSYoungGen: 163909K->52499K(175104K)] 641465K->547362K(699392K), 0.0065013 secs] [Times: user=0.07 sys=0.00, real=0.00 secs] 
2016-09-25T22:52:24.931-0400: 51.631: [Full GC (Ergonomics) [PSYoungGen: 52499K->0K(175104K)] [ParOldGen: 494863K->252444K(524288K)] 547362K->252444K(699392K), [Metaspace: 43649K->43649K(1087488K)], 0.0564680 secs] [Times: user=0.41 sys=0.02, real=0.06 secs] 
2016-09-25T22:52:25.033-0400: 51.733: [GC (GCLocker Initiated GC) [PSYoungGen: 88064K->76293K(175104K)] 343319K->331549K(699392K), 0.0088529 secs] [Times: user=0.11 sys=0.00, real=0.02 secs] 
2016-09-25T22:52:25.101-0400: 51.800: [GC (GCLocker Initiated GC) [PSYoungGen: 164357K->71467K(175104K)] 422406K->343236K(699392K), 0.0071411 secs] [Times: user=0.10 sys=0.00, real=0.01 secs] 
2016-09-25T22:52:25.161-0400: 51.861: [GC (GCLocker Initiated GC) [PSYoungGen: 159531K->45681K(175104K)] 431647K->337472K(699392K), 0.0088825 secs] [Times: user=0.09 sys=0.00, real=0.01 secs] 
2016-09-25T22:52:25.205-0400: 51.905: [GC (GCLocker Initiated GC) [PSYoungGen: 133745K->85128K(175104K)] 428315K->392507K(699392K), 0.0108998 secs] [Times: user=0.12 sys=0.00, real=0.01 secs] 
2016-09-25T22:52:25.276-0400: 51.975: [GC (GCLocker Initiated GC) [PSYoungGen: 173192K->58133K(175104K)] 491498K->398900K(699392K), 0.0080432 secs] [Times: user=0.11 sys=0.00, real=0.01 secs] 
2016-09-25T22:52:25.325-0400: 52.024: [GC (GCLocker Initiated GC) [PSYoungGen: 146197K->82329K(175104K)] 487152K->433631K(699392K), 0.0075189 secs] [Times: user=0.11 sys=0.00, real=0.00 secs] 
2016-09-25T22:52:25.387-0400: 52.087: [GC (GCLocker Initiated GC) [PSYoungGen: 170393K->71622K(175104K)] 523134K->468392K(699392K), 0.0102996 secs] [Times: user=0.14 sys=0.00, real=0.01 secs] 
2016-09-25T22:52:25.443-0400: 52.143: [GC (Allocation Failure) [PSYoungGen: 159686K->57731K(175104K)] 556596K->467705K(699392K), 0.0104343 secs] [Times: user=0.10 sys=0.00, real=0.00 secs] 
2016-09-25T22:52:25.496-0400: 52.195: [GC (GCLocker Initiated GC) [PSYoungGen: 145795K->76992K(175104K)] 558477K->509317K(699392K), 0.0086017 secs] [Times: user=0.11 sys=0.01, real=0.01 secs] 
2016-09-25T22:52:25.548-0400: 52.248: [GC (GCLocker Initiated GC) [PSYoungGen: 165056K->64613K(175104K)] 598970K->506048K(699392K), 0.0138077 secs] [Times: user=0.17 sys=0.00, real=0.02 secs] 
2016-09-25T22:52:25.616-0400: 52.315: [GC (GCLocker Initiated GC) [PSYoungGen: 152677K->82252K(175104K)] 603686K->548802K(699392K), 0.0114982 secs] [Times: user=0.16 sys=0.02, real=0.01 secs] 
2016-09-25T22:52:25.673-0400: 52.372: [GC (GCLocker Initiated GC) [PSYoungGen: 170316K->55061K(175104K)] 639596K->527765K(699392K), 0.0124813 secs] [Times: user=0.10 sys=0.01, real=0.02 secs] 
2016-09-25T22:52:25.731-0400: 52.431: [GC (GCLocker Initiated GC) [PSYoungGen: 143125K->64365K(175104K)] 618747K->547398K(699392K), 0.0120872 secs] [Times: user=0.10 sys=0.00, real=0.02 secs] 
2016-09-25T22:52:25.790-0400: 52.490: [GC (GCLocker Initiated GC) [PSYoungGen: 152429K->59073K(175104K)] 636947K->556284K(699392K), 0.0163634 secs] [Times: user=0.18 sys=0.01, real=0.02 secs] 
2016-09-25T22:52:25.807-0400: 52.506: [Full GC (Ergonomics) [PSYoungGen: 59073K->0K(175104K)] [ParOldGen: 497211K->262950K(524288K)] 556284K->262950K(699392K), [Metaspace: 43649K->43649K(1087488K)], 0.0665390 secs] [Times: user=0.47 sys=0.00, real=0.06 secs] 
2016-09-25T22:52:25.919-0400: 52.618: [GC (GCLocker Initiated GC) [PSYoungGen: 88064K->81274K(175104K)] 361897K->355107K(699392K), 0.0071982 secs] [Times: user=0.10 sys=0.00, real=0.01 secs] 
2016-09-25T22:52:25.983-0400: 52.682: [GC (GCLocker Initiated GC) [PSYoungGen: 169338K->82051K(175104K)] 443204K->374620K(699392K), 0.0080353 secs] [Times: user=0.12 sys=0.00, real=0.00 secs] 
2016-09-25T22:52:26.034-0400: 52.734: [GC (GCLocker Initiated GC) [PSYoungGen: 170115K->53836K(175104K)] 462926K->362036K(699392K), 0.0087189 secs] [Times: user=0.07 sys=0.01, real=0.01 secs] 
2016-09-25T22:52:26.086-0400: 52.786: [GC (GCLocker Initiated GC) [PSYoungGen: 141900K->41490K(175104K)] 459714K->368087K(699392K), 0.0055252 secs] [Times: user=0.05 sys=0.00, real=0.00 secs] 
2016-09-25T22:52:26.128-0400: 52.828: [GC (GCLocker Initiated GC) [PSYoungGen: 129554K->79357K(175104K)] 461606K->413445K(699392K), 0.0164287 secs] [Times: user=0.24 sys=0.00, real=0.02 secs] 
2016-09-25T22:52:26.212-0400: 52.912: [GC (GCLocker Initiated GC) [PSYoungGen: 167421K->72635K(175104K)] 504462K->427804K(699392K), 0.0112562 secs] [Times: user=0.17 sys=0.00, real=0.02 secs] 
2016-09-25T22:52:26.286-0400: 52.985: [GC (GCLocker Initiated GC) [PSYoungGen: 160699K->51119K(175104K)] 536285K->439411K(699392K), 0.0064182 secs] [Times: user=0.07 sys=0.00, real=0.00 secs] 
2016-09-25T22:52:26.336-0400: 53.035: [GC (GCLocker Initiated GC) [PSYoungGen: 139183K->56337K(175104K)] 527922K->468681K(699392K), 0.0068524 secs] [Times: user=0.10 sys=0.00, real=0.01 secs] 
2016-09-25T22:52:26.409-0400: 53.108: [GC (GCLocker Initiated GC) [PSYoungGen: 144401K->60525K(175104K)] 559560K->486927K(699392K), 0.0101223 secs] [Times: user=0.13 sys=0.01, real=0.01 secs] 
2016-09-25T22:52:26.483-0400: 53.182: [GC (GCLocker Initiated GC) [PSYoungGen: 148589K->54981K(175104K)] 578479K->520554K(699392K), 0.0079357 secs] [Times: user=0.11 sys=0.00, real=0.00 secs] 
2016-09-25T22:52:26.526-0400: 53.225: [GC (GCLocker Initiated GC) [PSYoungGen: 143045K->72708K(175104K)] 611508K->563337K(699392K), 0.0089190 secs] [Times: user=0.14 sys=0.00, real=0.01 secs] 
2016-09-25T22:52:26.535-0400: 53.234: [Full GC (Ergonomics) [PSYoungGen: 72708K->0K(175104K)] [ParOldGen: 490628K->273327K(524288K)] 563337K->273327K(699392K), [Metaspace: 43651K->43651K(1087488K)], 0.0584199 secs] [Times: user=0.43 sys=0.01, real=0.05 secs] 
2016-09-25T22:52:26.662-0400: 53.361: [GC (GCLocker Initiated GC) [PSYoungGen: 88064K->86501K(175104K)] 370965K->374802K(699392K), 0.0115459 secs] [Times: user=0.16 sys=0.01, real=0.01 secs] 
2016-09-25T22:52:26.734-0400: 53.433: [GC (GCLocker Initiated GC) [PSYoungGen: 174565K->46849K(175104K)] 469790K->367354K(699392K), 0.0066260 secs] [Times: user=0.08 sys=0.00, real=0.01 secs] 
2016-09-25T22:52:26.772-0400: 53.472: [GC (GCLocker Initiated GC) [PSYoungGen: 134913K->67195K(175104K)] 460985K->397778K(699392K), 0.0067208 secs] [Times: user=0.07 sys=0.00, real=0.01 secs] 
2016-09-25T22:52:26.858-0400: 53.558: [GC (GCLocker Initiated GC) [PSYoungGen: 155259K->49603K(175104K)] 486069K->414805K(699392K), 0.0125118 secs] [Times: user=0.16 sys=0.00, real=0.01 secs] 
2016-09-25T22:52:26.926-0400: 53.625: [GC (GCLocker Initiated GC) [PSYoungGen: 137667K->61946K(175104K)] 519205K->457531K(699392K), 0.0073003 secs] [Times: user=0.11 sys=0.00, real=0.00 secs] 
2016-09-25T22:52:26.977-0400: 53.676: [GC (GCLocker Initiated GC) [PSYoungGen: 150010K->53626K(175104K)] 549820K->474414K(699392K), 0.0095713 secs] [Times: user=0.07 sys=0.00, real=0.01 secs] 
2016-09-25T22:52:27.039-0400: 53.738: [GC (GCLocker Initiated GC) [PSYoungGen: 141690K->72635K(175104K)] 562661K->513151K(699392K), 0.0132359 secs] [Times: user=0.13 sys=0.00, real=0.01 secs] 
2016-09-25T22:52:27.118-0400: 53.818: [GC (GCLocker Initiated GC) [PSYoungGen: 160699K->61950K(175104K)] 610907K->524897K(699392K), 0.0080197 secs] [Times: user=0.10 sys=0.00, real=0.01 secs] 
2016-09-25T22:52:27.171-0400: 53.871: [GC (GCLocker Initiated GC) [PSYoungGen: 150014K->54885K(175104K)] 618444K->553712K(699392K), 0.0077081 secs] [Times: user=0.10 sys=0.01, real=0.01 secs] 
2016-09-25T22:52:27.179-0400: 53.879: [Full GC (Ergonomics) [PSYoungGen: 54885K->0K(175104K)] [ParOldGen: 498826K->274582K(524288K)] 553712K->274582K(699392K), [Metaspace: 43659K->43659K(1087488K)], 0.0712875 secs] [Times: user=0.53 sys=0.00, real=0.07 secs] 
2016-09-25T22:52:27.318-0400: 54.018: [GC (GCLocker Initiated GC) [PSYoungGen: 88064K->85414K(175104K)] 365398K->376249K(699392K), 0.0144039 secs] [Times: user=0.15 sys=0.02, real=0.01 secs] 
2016-09-25T22:52:27.377-0400: 54.077: [GC (GCLocker Initiated GC) [PSYoungGen: 173478K->55012K(175104K)] 476541K->383593K(699392K), 0.0066913 secs] [Times: user=0.08 sys=0.01, real=0.01 secs] 
2016-09-25T22:52:27.424-0400: 54.124: [GC (GCLocker Initiated GC) [PSYoungGen: 143076K->71342K(175104K)] 474607K->415587K(699392K), 0.0107546 secs] [Times: user=0.10 sys=0.00, real=0.01 secs] 
2016-09-25T22:52:27.503-0400: 54.202: [GC (GCLocker Initiated GC) [PSYoungGen: 159406K->59015K(175104K)] 506963K->412586K(699392K), 0.0143170 secs] [Times: user=0.12 sys=0.00, real=0.01 secs] 
2016-09-25T22:52:27.577-0400: 54.276: [GC (GCLocker Initiated GC) [PSYoungGen: 147079K->45484K(175104K)] 507499K->417213K(699392K), 0.0069965 secs] [Times: user=0.06 sys=0.00, real=0.01 secs] 
2016-09-25T22:52:27.620-0400: 54.320: [GC (GCLocker Initiated GC) [PSYoungGen: 133548K->71149K(175104K)] 513417K->455746K(699392K), 0.0072112 secs] [Times: user=0.06 sys=0.00, real=0.01 secs] 
2016-09-25T22:52:27.669-0400: 54.369: [GC (GCLocker Initiated GC) [PSYoungGen: 159213K->61669K(175104K)] 549364K->457709K(699392K), 0.0066765 secs] [Times: user=0.07 sys=0.00, real=0.01 secs] 
2016-09-25T22:52:27.722-0400: 54.422: [GC (GCLocker Initiated GC) [PSYoungGen: 149733K->59188K(175104K)] 548877K->485899K(699392K), 0.0101898 secs] [Times: user=0.11 sys=0.00, real=0.01 secs] 
2016-09-25T22:52:27.785-0400: 54.484: [GC (GCLocker Initiated GC) [PSYoungGen: 147252K->57556K(173056K)] 576735K->503937K(697344K), 0.0109936 secs] [Times: user=0.09 sys=0.00, real=0.01 secs] 
2016-09-25T22:52:27.856-0400: 54.556: [GC (GCLocker Initiated GC) [PSYoungGen: 145620K->36215K(174080K)] 593765K->505014K(698368K), 0.0151432 secs] [Times: user=0.12 sys=0.00, real=0.01 secs] 
2016-09-25T22:52:27.912-0400: 54.611: [GC (GCLocker Initiated GC) [PSYoungGen: 124279K->48273K(175104K)] 599880K->534056K(699392K), 0.0367942 secs] [Times: user=0.38 sys=0.01, real=0.04 secs] 
2016-09-25T22:52:28.008-0400: 54.708: [Full GC (Ergonomics) [PSYoungGen: 136337K->0K(175104K)] [ParOldGen: 496598K->260210K(524288K)] 632936K->260210K(699392K), [Metaspace: 43659K->43659K(1087488K)], 0.1573864 secs] [Times: user=1.64 sys=0.00, real=0.16 secs] 
2016-09-25T22:52:28.215-0400: 54.915: [GC (GCLocker Initiated GC) [PSYoungGen: 88064K->70415K(175104K)] 351322K->333674K(699392K), 0.0119525 secs] [Times: user=0.12 sys=0.00, real=0.01 secs] 
2016-09-25T22:52:28.278-0400: 54.977: [GC (GCLocker Initiated GC) [PSYoungGen: 158479K->64617K(175104K)] 424691K->340102K(699392K), 0.0085969 secs] [Times: user=0.09 sys=0.01, real=0.01 secs] 
2016-09-25T22:52:28.350-0400: 55.049: [GC (GCLocker Initiated GC) [PSYoungGen: 152681K->59220K(147456K)] 436337K->348971K(671744K), 0.0087133 secs] [Times: user=0.08 sys=0.00, real=0.01 secs] 
2016-09-25T22:52:28.407-0400: 55.107: [GC (GCLocker Initiated GC) [PSYoungGen: 147284K->76993K(171008K)] 439831K->375678K(695296K), 0.0272102 secs] [Times: user=0.37 sys=0.00, real=0.03 secs] 
2016-09-25T22:52:28.484-0400: 55.184: [GC (GCLocker Initiated GC) [PSYoungGen: 163009K->76738K(173056K)] 466286K->416001K(697344K), 0.0136346 secs] [Times: user=0.15 sys=0.00, real=0.01 secs] 
2016-09-25T22:52:28.543-0400: 55.242: [GC (GCLocker Initiated GC) [PSYoungGen: 162754K->67380K(175104K)] 507460K->423553K(699392K), 0.0121550 secs] [Times: user=0.15 sys=0.00, real=0.01 secs] 
2016-09-25T22:52:28.605-0400: 55.305: [GC (GCLocker Initiated GC) [PSYoungGen: 155444K->55235K(175104K)] 518553K->448757K(699392K), 0.0069035 secs] [Times: user=0.09 sys=0.00, real=0.00 secs] 
2016-09-25T22:52:28.663-0400: 55.363: [GC (GCLocker Initiated GC) [PSYoungGen: 143299K->60587K(175104K)] 551903K->490180K(699392K), 0.0091270 secs] [Times: user=0.10 sys=0.00, real=0.00 secs] 
2016-09-25T22:52:28.720-0400: 55.420: [GC (GCLocker Initiated GC) [PSYoungGen: 148651K->70022K(175104K)] 581008K->523416K(699392K), 0.0100704 secs] [Times: user=0.14 sys=0.00, real=0.01 secs] 
2016-09-25T22:52:28.790-0400: 55.490: [GC (GCLocker Initiated GC) [PSYoungGen: 158086K->71451K(175104K)] 613245K->536656K(699392K), 0.0092171 secs] [Times: user=0.14 sys=0.00, real=0.01 secs] 
2016-09-25T22:52:28.836-0400: 55.535: [GC (GCLocker Initiated GC) [PSYoungGen: 159515K->53911K(175104K)] 624832K->560503K(699392K), 0.0143404 secs] [Times: user=0.15 sys=0.01, real=0.01 secs] 
2016-09-25T22:52:28.850-0400: 55.550: [Full GC (Ergonomics) [PSYoungGen: 53911K->0K(175104K)] [ParOldGen: 506592K->271127K(524288K)] 560503K->271127K(699392K), [Metaspace: 43659K->43659K(1087488K)], 0.0667575 secs] [Times: user=0.50 sys=0.00, real=0.07 secs] 
2016-09-25T22:52:28.973-0400: 55.673: [GC (GCLocker Initiated GC) [PSYoungGen: 88064K->49288K(175104K)] 366054K->327279K(699392K), 0.0223018 secs] [Times: user=0.32 sys=0.00, real=0.03 secs] 
2016-09-25T22:52:29.046-0400: 55.746: [GC (GCLocker Initiated GC) [PSYoungGen: 137352K->56468K(144896K)] 416713K->350952K(669184K), 0.0065176 secs] [Times: user=0.05 sys=0.00, real=0.00 secs] 
2016-09-25T22:52:29.093-0400: 55.792: [GC (GCLocker Initiated GC) [PSYoungGen: 144532K->72766K(172032K)] 439055K->376143K(696320K), 0.0085249 secs] [Times: user=0.12 sys=0.00, real=0.01 secs] 
2016-09-25T22:52:29.152-0400: 55.852: [GC (GCLocker Initiated GC) [PSYoungGen: 159294K->56777K(173568K)] 464734K->399407K(697856K), 0.0080253 secs] [Times: user=0.12 sys=0.00, real=0.01 secs] 
2016-09-25T22:52:29.223-0400: 55.923: [GC (GCLocker Initiated GC) [PSYoungGen: 143305K->58043K(170496K)] 489011K->415433K(694784K), 0.0098494 secs] [Times: user=0.09 sys=0.00, real=0.00 secs] 
2016-09-25T22:52:29.282-0400: 55.981: [GC (GCLocker Initiated GC) [PSYoungGen: 147131K->55005K(173056K)] 504663K->434909K(697344K), 0.0112749 secs] [Times: user=0.12 sys=0.00, real=0.01 secs] 
2016-09-25T22:52:29.337-0400: 56.037: [GC (GCLocker Initiated GC) [PSYoungGen: 144093K->81192K(171008K)] 525416K->476656K(695296K), 0.0103076 secs] [Times: user=0.09 sys=0.00, real=0.01 secs] 
2016-09-25T22:52:29.401-0400: 56.101: [GC (GCLocker Initiated GC) [PSYoungGen: 169256K->53802K(175104K)] 567475K->482723K(699392K), 0.0074683 secs] [Times: user=0.07 sys=0.01, real=0.01 secs] 
2016-09-25T22:52:29.460-0400: 56.159: [GC (GCLocker Initiated GC) [PSYoungGen: 141866K->75680K(175104K)] 579031K->533796K(699392K), 0.0099764 secs] [Times: user=0.10 sys=0.00, real=0.01 secs] 
2016-09-25T22:52:29.519-0400: 56.218: [GC (GCLocker Initiated GC) [PSYoungGen: 163744K->50974K(175104K)] 627439K->527737K(699392K), 0.0132103 secs] [Times: user=0.10 sys=0.01, real=0.01 secs] 
2016-09-25T22:52:29.575-0400: 56.275: [GC (GCLocker Initiated GC) [PSYoungGen: 139038K->65744K(175104K)] 615949K->547449K(699392K), 0.0065396 secs] [Times: user=0.07 sys=0.00, real=0.00 secs] 
2016-09-25T22:52:29.631-0400: 56.330: [Full GC (Ergonomics) [PSYoungGen: 153808K->0K(175104K)] [ParOldGen: 485863K->280146K(524288K)] 639672K->280146K(699392K), [Metaspace: 43660K->43660K(1087488K)], 0.0655026 secs] [Times: user=0.42 sys=0.00, real=0.07 secs] 
2016-09-25T22:52:29.757-0400: 56.457: [GC (GCLocker Initiated GC) [PSYoungGen: 88064K->66386K(175104K)] 370942K->349264K(699392K), 0.0065377 secs] [Times: user=0.09 sys=0.00, real=0.01 secs] 
2016-09-25T22:52:29.808-0400: 56.508: [GC (GCLocker Initiated GC) [PSYoungGen: 154450K->63381K(171008K)] 437458K->358287K(695296K), 0.0065805 secs] [Times: user=0.07 sys=0.00, real=0.01 secs] 
2016-09-25T22:52:29.857-0400: 56.556: [GC (GCLocker Initiated GC) [PSYoungGen: 151445K->82727K(173056K)] 450743K->407174K(697344K), 0.0100641 secs] [Times: user=0.13 sys=0.00, real=0.01 secs] 
2016-09-25T22:52:29.920-0400: 56.620: [GC (GCLocker Initiated GC) [PSYoungGen: 170791K->49450K(175104K)] 503112K->392142K(699392K), 0.0084106 secs] [Times: user=0.06 sys=0.00, real=0.01 secs] 
2016-09-25T22:52:29.981-0400: 56.681: [GC (GCLocker Initiated GC) [PSYoungGen: 137514K->49638K(175104K)] 483007K->425397K(699392K), 0.0092162 secs] [Times: user=0.12 sys=0.01, real=0.01 secs] 
2016-09-25T22:52:30.036-0400: 56.736: [GC (GCLocker Initiated GC) [PSYoungGen: 137702K->82581K(175104K)] 524506K->471373K(699392K), 0.0110208 secs] [Times: user=0.12 sys=0.00, real=0.01 secs] 
2016-09-25T22:52:30.106-0400: 56.805: [GC (GCLocker Initiated GC) [PSYoungGen: 170645K->60411K(175104K)] 562238K->462455K(699392K), 0.0086358 secs] [Times: user=0.09 sys=0.00, real=0.01 secs] 
2016-09-25T22:52:30.164-0400: 56.864: [GC (GCLocker Initiated GC) [PSYoungGen: 148475K->52581K(175104K)] 553363K->490464K(699392K), 0.0085870 secs] [Times: user=0.12 sys=0.00, real=0.00 secs] 
2016-09-25T22:52:30.215-0400: 56.914: [GC (GCLocker Initiated GC) [PSYoungGen: 140645K->74154K(175104K)] 578644K->525052K(699392K), 0.0077982 secs] [Times: user=0.11 sys=0.01, real=0.01 secs] 
2016-09-25T22:52:30.272-0400: 56.972: [GC (GCLocker Initiated GC) [PSYoungGen: 162218K->81001K(175104K)] 615929K->562510K(699392K), 0.0102275 secs] [Times: user=0.14 sys=0.00, real=0.02 secs] 
2016-09-25T22:52:30.283-0400: 56.983: [Full GC (Ergonomics) [PSYoungGen: 81001K->0K(175104K)] [ParOldGen: 481509K->288023K(524288K)] 562510K->288023K(699392K), [Metaspace: 43673K->43673K(1087488K)], 0.0624543 secs] [Times: user=0.56 sys=0.00, real=0.06 secs] 
2016-09-25T22:52:30.392-0400: 57.091: [GC (GCLocker Initiated GC) [PSYoungGen: 88064K->82909K(175104K)] 378896K->373742K(699392K), 0.0099947 secs] [Times: user=0.15 sys=0.00, real=0.01 secs] 
2016-09-25T22:52:30.449-0400: 57.149: [GC (GCLocker Initiated GC) [PSYoungGen: 170973K->63286K(175104K)] 461962K->378690K(699392K), 0.0075002 secs] [Times: user=0.10 sys=0.00, real=0.01 secs] 
2016-09-25T22:52:30.513-0400: 57.212: [GC (GCLocker Initiated GC) [PSYoungGen: 151350K->48540K(175104K)] 474992K->398479K(699392K), 0.0088893 secs] [Times: user=0.06 sys=0.00, real=0.01 secs] 
2016-09-25T22:52:30.573-0400: 57.273: [GC (GCLocker Initiated GC) [PSYoungGen: 136604K->63238K(175104K)] 492284K->427996K(699392K), 0.0081883 secs] [Times: user=0.11 sys=0.01, real=0.01 secs] 
2016-09-25T22:52:30.624-0400: 57.324: [GC (GCLocker Initiated GC) [PSYoungGen: 151302K->75407K(175104K)] 516177K->449092K(699392K), 0.0102913 secs] [Times: user=0.10 sys=0.00, real=0.01 secs] 
2016-09-25T22:52:30.680-0400: 57.379: [GC (GCLocker Initiated GC) [PSYoungGen: 163471K->83833K(175104K)] 541501K->473255K(699392K), 0.0103764 secs] [Times: user=0.15 sys=0.00, real=0.01 secs] 
2016-09-25T22:52:30.744-0400: 57.443: [GC (GCLocker Initiated GC) [PSYoungGen: 171897K->83289K(175104K)] 561378K->485907K(699392K), 0.0075318 secs] [Times: user=0.11 sys=0.00, real=0.00 secs] 
2016-09-25T22:52:30.790-0400: 57.490: [GC (GCLocker Initiated GC) [PSYoungGen: 171353K->68755K(175104K)] 574217K->505805K(699392K), 0.0091405 secs] [Times: user=0.13 sys=0.00, real=0.01 secs] 
2016-09-25T22:52:30.856-0400: 57.556: [GC (GCLocker Initiated GC) [PSYoungGen: 156819K->63584K(175104K)] 599962K->519635K(699392K), 0.0103525 secs] [Times: user=0.11 sys=0.00, real=0.01 secs] 
2016-09-25T22:52:30.918-0400: 57.618: [GC (GCLocker Initiated GC) [PSYoungGen: 151648K->72620K(175104K)] 607758K->543219K(699392K), 0.0116147 secs] [Times: user=0.15 sys=0.01, real=0.01 secs] 
2016-09-25T22:52:30.981-0400: 57.680: [GC (GCLocker Initiated GC) [PSYoungGen: 160684K->68807K(175104K)] 635610K->549715K(699392K), 0.0072364 secs] [Times: user=0.09 sys=0.00, real=0.01 secs] 
2016-09-25T22:52:31.026-0400: 57.726: [Full GC (Ergonomics) [PSYoungGen: 156871K->0K(175104K)] [ParOldGen: 489100K->299575K(524288K)] 645971K->299575K(699392K), [Metaspace: 43673K->43673K(1087488K)], 0.0522925 secs] [Times: user=0.43 sys=0.00, real=0.05 secs] 
2016-09-25T22:52:31.130-0400: 57.829: [GC (GCLocker Initiated GC) [PSYoungGen: 88064K->63624K(175104K)] 390424K->365985K(699392K), 0.0090791 secs] [Times: user=0.10 sys=0.00, real=0.01 secs] 
2016-09-25T22:52:31.183-0400: 57.883: [GC (GCLocker Initiated GC) [PSYoungGen: 151688K->69740K(175104K)] 459624K->394921K(699392K), 0.0159596 secs] [Times: user=0.13 sys=0.00, real=0.01 secs] 
2016-09-25T22:52:31.282-0400: 57.981: [GC (GCLocker Initiated GC) [PSYoungGen: 157804K->56375K(175104K)] 486067K->401448K(699392K), 0.0072771 secs] [Times: user=0.10 sys=0.01, real=0.01 secs] 
2016-09-25T22:52:31.327-0400: 58.027: [GC (GCLocker Initiated GC) [PSYoungGen: 144439K->74013K(175104K)] 501827K->431953K(699392K), 0.0067938 secs] [Times: user=0.10 sys=0.00, real=0.01 secs] 
2016-09-25T22:52:31.399-0400: 58.099: [GC (GCLocker Initiated GC) [PSYoungGen: 162077K->86332K(175104K)] 533747K->464019K(699392K), 0.0136990 secs] [Times: user=0.20 sys=0.00, real=0.01 secs] 
2016-09-25T22:52:31.488-0400: 58.188: [GC (GCLocker Initiated GC) [PSYoungGen: 174396K->55214K(175104K)] 560347K->455304K(699392K), 0.0071419 secs] [Times: user=0.10 sys=0.01, real=0.01 secs] 
2016-09-25T22:52:31.541-0400: 58.241: [GC (GCLocker Initiated GC) [PSYoungGen: 143278K->48349K(175104K)] 553026K->480316K(699392K), 0.0073747 secs] [Times: user=0.08 sys=0.00, real=0.01 secs] 
2016-09-25T22:52:31.601-0400: 58.301: [GC (GCLocker Initiated GC) [PSYoungGen: 136413K->79543K(175104K)] 571118K->520347K(699392K), 0.0132285 secs] [Times: user=0.14 sys=0.01, real=0.02 secs] 
2016-09-25T22:52:31.673-0400: 58.372: [GC (GCLocker Initiated GC) [PSYoungGen: 167607K->75290K(175104K)] 613941K->526342K(699392K), 0.0180321 secs] [Times: user=0.19 sys=0.00, real=0.02 secs] 
2016-09-25T22:52:31.741-0400: 58.441: [GC (GCLocker Initiated GC) [PSYoungGen: 163354K->68563K(175104K)] 617335K->552868K(699392K), 0.0089937 secs] [Times: user=0.10 sys=0.00, real=0.01 secs] 
2016-09-25T22:52:31.814-0400: 58.513: [Full GC (Ergonomics) [PSYoungGen: 156627K->0K(175104K)] [ParOldGen: 492497K->292608K(524288K)] 649124K->292608K(699392K), [Metaspace: 43673K->43673K(1087488K)], 0.0961376 secs] [Times: user=0.61 sys=0.04, real=0.10 secs] 
2016-09-25T22:52:31.955-0400: 58.655: [GC (GCLocker Initiated GC) [PSYoungGen: 88064K->70507K(175104K)] 390564K->373007K(699392K), 0.0062877 secs] [Times: user=0.09 sys=0.00, real=0.00 secs] 
2016-09-25T22:52:32.021-0400: 58.720: [GC (GCLocker Initiated GC) [PSYoungGen: 158571K->69861K(175104K)] 461107K->385712K(699392K), 0.0106054 secs] [Times: user=0.10 sys=0.01, real=0.01 secs] 
2016-09-25T22:52:32.106-0400: 58.806: [GC (GCLocker Initiated GC) [PSYoungGen: 157925K->47120K(175104K)] 480689K->394759K(699392K), 0.0095859 secs] [Times: user=0.11 sys=0.00, real=0.01 secs] 
2016-09-25T22:52:32.154-0400: 58.854: [GC (GCLocker Initiated GC) [PSYoungGen: 135184K->68615K(175104K)] 488292K->452315K(699392K), 0.0091838 secs] [Times: user=0.08 sys=0.01, real=0.01 secs] 
2016-09-25T22:52:32.206-0400: 58.905: [GC (GCLocker Initiated GC) [PSYoungGen: 156679K->45547K(175104K)] 540479K->447503K(699392K), 0.0233455 secs] [Times: user=0.29 sys=0.00, real=0.02 secs] 
2016-09-25T22:52:32.293-0400: 58.993: [GC (GCLocker Initiated GC) [PSYoungGen: 133611K->52318K(175104K)] 538285K->461784K(699392K), 0.0229460 secs] [Times: user=0.25 sys=0.01, real=0.03 secs] 
2016-09-25T22:52:32.375-0400: 59.074: [GC (GCLocker Initiated GC) [PSYoungGen: 140382K->65792K(175104K)] 556749K->485509K(699392K), 0.0217168 secs] [Times: user=0.30 sys=0.00, real=0.02 secs] 
2016-09-25T22:52:32.440-0400: 59.140: [GC (GCLocker Initiated GC) [PSYoungGen: 153856K->64502K(175104K)] 576463K->493069K(699392K), 0.0140059 secs] [Times: user=0.16 sys=0.00, real=0.02 secs] 
2016-09-25T22:52:32.518-0400: 59.217: [GC (GCLocker Initiated GC) [PSYoungGen: 152566K->61909K(171008K)] 583866K->524911K(695296K), 0.0155589 secs] [Times: user=0.22 sys=0.00, real=0.01 secs] 
2016-09-25T22:52:32.591-0400: 59.291: [GC (GCLocker Initiated GC) [PSYoungGen: 149973K->80739K(173056K)] 618506K->567431K(697344K), 0.0075483 secs] [Times: user=0.11 sys=0.00, real=0.01 secs] 
2016-09-25T22:52:32.599-0400: 59.298: [Full GC (Ergonomics) [PSYoungGen: 80739K->0K(173056K)] [ParOldGen: 486691K->298469K(524288K)] 567431K->298469K(697344K), [Metaspace: 43673K->43673K(1087488K)], 0.0483460 secs] [Times: user=0.30 sys=0.00, real=0.05 secs] 
2016-09-25T22:52:32.699-0400: 59.398: [GC (GCLocker Initiated GC) [PSYoungGen: 88064K->69261K(175104K)] 387318K->368515K(699392K), 0.0091730 secs] [Times: user=0.12 sys=0.00, real=0.01 secs] 
2016-09-25T22:52:32.755-0400: 59.454: [GC (GCLocker Initiated GC) [PSYoungGen: 157325K->63045K(151552K)] 456972K->376188K(675840K), 0.0066353 secs] [Times: user=0.09 sys=0.00, real=0.00 secs] 
2016-09-25T22:52:32.807-0400: 59.507: [GC (GCLocker Initiated GC) [PSYoungGen: 151109K->74150K(174080K)] 471086K->410836K(698368K), 0.0081036 secs] [Times: user=0.11 sys=0.00, real=0.01 secs] 
2016-09-25T22:52:32.885-0400: 59.585: [GC (GCLocker Initiated GC) [PSYoungGen: 161702K->71355K(174592K)] 505246K->419623K(698880K), 0.0111617 secs] [Times: user=0.12 sys=0.00, real=0.01 secs] 
2016-09-25T22:52:32.952-0400: 59.651: [GC (GCLocker Initiated GC) [PSYoungGen: 158907K->59038K(174080K)] 512622K->451276K(698368K), 0.0076709 secs] [Times: user=0.11 sys=0.01, real=0.01 secs] 
2016-09-25T22:52:33.005-0400: 59.705: [GC (GCLocker Initiated GC) [PSYoungGen: 147102K->68649K(174592K)] 539493K->473703K(698880K), 0.0075717 secs] [Times: user=0.10 sys=0.01, real=0.00 secs] 
2016-09-25T22:52:33.061-0400: 59.761: [GC (GCLocker Initiated GC) [PSYoungGen: 156713K->71488K(175104K)] 572992K->488412K(699392K), 0.0097459 secs] [Times: user=0.14 sys=0.02, real=0.01 secs] 
2016-09-25T22:52:33.128-0400: 59.828: [GC (GCLocker Initiated GC) [PSYoungGen: 161088K->41399K(175104K)] 586505K->478368K(699392K), 0.0091653 secs] [Times: user=0.08 sys=0.01, real=0.01 secs] 
2016-09-25T22:52:33.183-0400: 59.883: [GC (GCLocker Initiated GC) [PSYoungGen: 130999K->48036K(175104K)] 570693K->500431K(699392K), 0.0097142 secs] [Times: user=0.10 sys=0.00, real=0.00 secs] 
2016-09-25T22:52:33.239-0400: 59.939: [GC (GCLocker Initiated GC) [PSYoungGen: 136100K->60758K(148992K)] 592693K->534074K(673280K), 0.0124274 secs] [Times: user=0.17 sys=0.00, real=0.01 secs] 
2016-09-25T22:52:33.311-0400: 60.011: [GC (GCLocker Initiated GC) [PSYoungGen: 148822K->59117K(176640K)] 625157K->556525K(700928K), 0.0114751 secs] [Times: user=0.10 sys=0.00, real=0.02 secs] 
2016-09-25T22:52:33.323-0400: 60.023: [Full GC (Ergonomics) [PSYoungGen: 59117K->0K(176640K)] [ParOldGen: 497407K->298079K(524288K)] 556525K->298079K(700928K), [Metaspace: 43673K->43673K(1087488K)], 0.0855857 secs] [Times: user=0.47 sys=0.03, real=0.08 secs] 
2016-09-25T22:52:33.449-0400: 60.148: [GC (GCLocker Initiated GC) [PSYoungGen: 90112K->67959K(174592K)] 391347K->369195K(698880K), 0.0065719 secs] [Times: user=0.08 sys=0.01, real=0.01 secs] 
2016-09-25T22:52:33.500-0400: 60.200: [GC (GCLocker Initiated GC) [PSYoungGen: 158071K->60555K(175616K)] 462070K->394257K(699904K), 0.0201383 secs] [Times: user=0.26 sys=0.01, real=0.02 secs] 
2016-09-25T22:52:33.577-0400: 60.277: [GC (GCLocker Initiated GC) [PSYoungGen: 153739K->51152K(175616K)] 494276K->404578K(699904K), 0.0141256 secs] [Times: user=0.15 sys=0.01, real=0.01 secs] 
2016-09-25T22:52:33.639-0400: 60.339: [GC (GCLocker Initiated GC) [PSYoungGen: 144336K->57728K(176640K)] 503326K->418750K(700928K), 0.0064869 secs] [Times: user=0.06 sys=0.00, real=0.01 secs] 
2016-09-25T22:52:33.704-0400: 60.403: [GC (GCLocker Initiated GC) [PSYoungGen: 155008K->45449K(178176K)] 518823K->435622K(702464K), 0.0104125 secs] [Times: user=0.08 sys=0.01, real=0.00 secs] 
2016-09-25T22:52:33.769-0400: 60.469: [GC (GCLocker Initiated GC) [PSYoungGen: 142729K->52429K(180224K)] 539816K->450071K(704512K), 0.0085177 secs] [Times: user=0.10 sys=0.00, real=0.01 secs] 
2016-09-25T22:52:33.831-0400: 60.531: [GC (GCLocker Initiated GC) [PSYoungGen: 151757K->68469K(167936K)] 552248K->484683K(692224K), 0.0092243 secs] [Times: user=0.12 sys=0.00, real=0.01 secs] 
2016-09-25T22:52:33.889-0400: 60.589: [GC (GCLocker Initiated GC) [PSYoungGen: 167797K->82337K(170496K)] 586838K->519441K(694784K), 0.0278094 secs] [Times: user=0.37 sys=0.00, real=0.03 secs] 
2016-09-25T22:52:33.977-0400: 60.676: [GC (GCLocker Initiated GC) [PSYoungGen: 170401K->53725K(175104K)] 618553K->522789K(699392K), 0.0088840 secs] [Times: user=0.12 sys=0.01, real=0.01 secs] 
2016-09-25T22:52:34.049-0400: 60.749: [GC (GCLocker Initiated GC) [PSYoungGen: 141789K->53834K(173056K)] 624438K->550618K(697344K), 0.0085383 secs] [Times: user=0.10 sys=0.01, real=0.01 secs] 
2016-09-25T22:52:34.058-0400: 60.757: [Full GC (Ergonomics) [PSYoungGen: 53834K->0K(173056K)] [ParOldGen: 496783K->311233K(524288K)] 550618K->311233K(697344K), [Metaspace: 43673K->43673K(1087488K)], 0.0596984 secs] [Times: user=0.50 sys=0.01, real=0.06 secs] 
2016-09-25T22:52:34.164-0400: 60.864: [GC (GCLocker Initiated GC) [PSYoungGen: 88064K->84090K(174080K)] 399490K->400917K(698368K), 0.0096115 secs] [Times: user=0.14 sys=0.00, real=0.00 secs] 
2016-09-25T22:52:34.228-0400: 60.927: [GC (GCLocker Initiated GC) [PSYoungGen: 172154K->56551K(175104K)] 501162K->412385K(699392K), 0.0074346 secs] [Times: user=0.08 sys=0.01, real=0.01 secs] 
2016-09-25T22:52:34.286-0400: 60.985: [GC (GCLocker Initiated GC) [PSYoungGen: 144615K->64743K(175104K)] 503230K->429455K(699392K), 0.0077848 secs] [Times: user=0.08 sys=0.00, real=0.00 secs] 
2016-09-25T22:52:34.343-0400: 61.043: [GC (Allocation Failure) [PSYoungGen: 152807K->45767K(175104K)] 527114K->436994K(699392K), 0.0079395 secs] [Times: user=0.08 sys=0.00, real=0.00 secs] 
2016-09-25T22:52:34.395-0400: 61.094: [GC (GCLocker Initiated GC) [PSYoungGen: 132449K->78233K(175104K)] 529076K->476963K(699392K), 0.0128718 secs] [Times: user=0.19 sys=0.01, real=0.01 secs] 
2016-09-25T22:52:34.454-0400: 61.153: [GC (GCLocker Initiated GC) [PSYoungGen: 166297K->70163K(175104K)] 565208K->473936K(699392K), 0.0092166 secs] [Times: user=0.10 sys=0.00, real=0.02 secs] 
2016-09-25T22:52:34.527-0400: 61.227: [GC (GCLocker Initiated GC) [PSYoungGen: 158227K->33202K(175104K)] 576948K->468876K(699392K), 0.0060178 secs] [Times: user=0.06 sys=0.00, real=0.00 secs] 
2016-09-25T22:52:34.593-0400: 61.293: [GC (GCLocker Initiated GC) [PSYoungGen: 121266K->44470K(175104K)] 561022K->507799K(699392K), 0.0079906 secs] [Times: user=0.09 sys=0.00, real=0.01 secs] 
2016-09-25T22:52:34.634-0400: 61.334: [GC (GCLocker Initiated GC) [PSYoungGen: 132534K->86302K(175104K)] 595952K->565420K(699392K), 0.0096712 secs] [Times: user=0.15 sys=0.00, real=0.02 secs] 
2016-09-25T22:52:34.693-0400: 61.392: [GC (GCLocker Initiated GC) [PSYoungGen: 174366K->68743K(175104K)] 653521K->571608K(699392K), 0.0077719 secs] [Times: user=0.13 sys=0.00, real=0.01 secs] 
2016-09-25T22:52:34.701-0400: 61.400: [Full GC (Ergonomics) [PSYoungGen: 68743K->0K(175104K)] [ParOldGen: 502864K->316180K(524288K)] 571608K->316180K(699392K), [Metaspace: 43673K->43673K(1087488K)], 0.0549222 secs] [Times: user=0.38 sys=0.01, real=0.06 secs] 
2016-09-25T22:52:34.812-0400: 61.512: [GC (GCLocker Initiated GC) [PSYoungGen: 88064K->61028K(175104K)] 412547K->385512K(699392K), 0.0050532 secs] [Times: user=0.07 sys=0.00, real=0.01 secs] 
2016-09-25T22:52:34.865-0400: 61.565: [GC (GCLocker Initiated GC) [PSYoungGen: 149092K->57798K(175104K)] 476528K->389098K(699392K), 0.0060895 secs] [Times: user=0.06 sys=0.00, real=0.00 secs] 
2016-09-25T22:52:34.919-0400: 61.619: [GC (GCLocker Initiated GC) [PSYoungGen: 145862K->63012K(175104K)] 479896K->411244K(699392K), 0.0109415 secs] [Times: user=0.08 sys=0.01, real=0.01 secs] 
2016-09-25T22:52:34.990-0400: 61.690: [GC (GCLocker Initiated GC) [PSYoungGen: 151076K->53841K(175104K)] 514332K->421776K(699392K), 0.0087079 secs] [Times: user=0.07 sys=0.00, real=0.01 secs] 
2016-09-25T22:52:35.053-0400: 61.753: [GC (GCLocker Initiated GC) [PSYoungGen: 141905K->51072K(175104K)] 515409K->447015K(699392K), 0.0071222 secs] [Times: user=0.08 sys=0.00, real=0.01 secs] 
2016-09-25T22:52:35.109-0400: 61.809: [GC (GCLocker Initiated GC) [PSYoungGen: 139136K->59227K(172032K)] 535119K->465374K(696320K), 0.0074710 secs] [Times: user=0.06 sys=0.00, real=0.01 secs] 
2016-09-25T22:52:35.171-0400: 61.870: [GC (GCLocker Initiated GC) [PSYoungGen: 147291K->57879K(173568K)] 557749K->479838K(697856K), 0.0133705 secs] [Times: user=0.13 sys=0.00, real=0.02 secs] 
2016-09-25T22:52:35.224-0400: 61.923: [GC (GCLocker Initiated GC) [PSYoungGen: 145943K->70057K(174080K)] 567955K->505142K(698368K), 0.0073510 secs] [Times: user=0.07 sys=0.00, real=0.00 secs] 
2016-09-25T22:52:35.281-0400: 61.980: [GC (GCLocker Initiated GC) [PSYoungGen: 161193K->60711K(175616K)] 596394K->535745K(699904K), 0.0108541 secs] [Times: user=0.13 sys=0.00, real=0.01 secs] 
2016-09-25T22:52:35.340-0400: 62.039: [GC (GCLocker Initiated GC) [PSYoungGen: 151847K->71344K(175616K)] 627127K->569144K(699904K), 0.0076771 secs] [Times: user=0.09 sys=0.00, real=0.01 secs] 
2016-09-25T22:52:35.348-0400: 62.047: [Full GC (Ergonomics) [PSYoungGen: 71344K->0K(175616K)] [ParOldGen: 497799K->318907K(524288K)] 569144K->318907K(699904K), [Metaspace: 43673K->43673K(1087488K)], 0.0722874 secs] [Times: user=0.56 sys=0.02, real=0.07 secs] 
2016-09-25T22:52:35.480-0400: 62.179: [GC (GCLocker Initiated GC) [PSYoungGen: 93184K->72050K(165376K)] 416232K->395098K(689664K), 0.0128508 secs] [Times: user=0.14 sys=0.00, real=0.01 secs] 
2016-09-25T22:52:35.536-0400: 62.236: [GC (GCLocker Initiated GC) [PSYoungGen: 165234K->64694K(178176K)] 493916K->420492K(702464K), 0.0100999 secs] [Times: user=0.11 sys=0.01, real=0.01 secs] 
2016-09-25T22:52:35.613-0400: 62.312: [GC (GCLocker Initiated GC) [PSYoungGen: 157366K->51100K(176640K)] 515932K->433365K(700928K), 0.0070538 secs] [Times: user=0.07 sys=0.00, real=0.01 secs] 
2016-09-25T22:52:35.670-0400: 62.369: [GC (GCLocker Initiated GC) [PSYoungGen: 143772K->66360K(177152K)] 531634K->456250K(701440K), 0.0072954 secs] [Times: user=0.06 sys=0.01, real=0.01 secs] 
2016-09-25T22:52:35.720-0400: 62.420: [GC (GCLocker Initiated GC) [PSYoungGen: 159544K->68606K(176640K)] 550923K->476060K(700928K), 0.0068767 secs] [Times: user=0.10 sys=0.00, real=0.01 secs] 
2016-09-25T22:52:35.780-0400: 62.479: [GC (GCLocker Initiated GC) [PSYoungGen: 161790K->66047K(177152K)] 570648K->491730K(701440K), 0.0112078 secs] [Times: user=0.08 sys=0.00, real=0.01 secs] 
2016-09-25T22:52:35.839-0400: 62.539: [GC (GCLocker Initiated GC) [PSYoungGen: 160767K->82375K(177152K)] 589268K->540073K(701440K), 0.0103995 secs] [Times: user=0.16 sys=0.00, real=0.01 secs] 
2016-09-25T22:52:35.905-0400: 62.604: [GC (GCLocker Initiated GC) [PSYoungGen: 177095K->63499K(175104K)] 644318K->546367K(699392K), 0.0074711 secs] [Times: user=0.10 sys=0.00, real=0.00 secs] 
2016-09-25T22:52:35.960-0400: 62.660: [Full GC (Ergonomics) [PSYoungGen: 153611K->0K(175104K)] [ParOldGen: 487129K->324523K(524288K)] 640740K->324523K(699392K), [Metaspace: 43687K->43687K(1087488K)], 0.0517532 secs] [Times: user=0.47 sys=0.00, real=0.05 secs] 
2016-09-25T22:52:36.012-0400: 62.712: [GC (GCLocker Initiated GC) [PSYoungGen: 67K->0K(90624K)] 324591K->324523K(614912K), 0.0025322 secs] [Times: user=0.03 sys=0.00, real=0.01 secs] 
2016-09-25T22:52:36.075-0400: 62.775: [GC (GCLocker Initiated GC) [PSYoungGen: 90108K->81208K(175104K)] 414639K->405739K(699392K), 0.0106512 secs] [Times: user=0.16 sys=0.01, real=0.01 secs] 
2016-09-25T22:52:36.144-0400: 62.844: [GC (GCLocker Initiated GC) [PSYoungGen: 169272K->72971K(175104K)] 493899K->405439K(699392K), 0.0080631 secs] [Times: user=0.11 sys=0.00, real=0.00 secs] 
2016-09-25T22:52:36.207-0400: 62.907: [GC (GCLocker Initiated GC) [PSYoungGen: 161035K->71555K(175104K)] 502497K->424750K(699392K), 0.0077792 secs] [Times: user=0.10 sys=0.01, real=0.01 secs] 
2016-09-25T22:52:36.265-0400: 62.965: [GC (GCLocker Initiated GC) [PSYoungGen: 159619K->71451K(175104K)] 518343K->436442K(699392K), 0.0100560 secs] [Times: user=0.13 sys=0.01, real=0.01 secs] 
2016-09-25T22:52:36.349-0400: 63.049: [GC (GCLocker Initiated GC) [PSYoungGen: 159515K->71444K(175104K)] 524685K->448185K(699392K), 0.0106177 secs] [Times: user=0.15 sys=0.00, real=0.01 secs] 
2016-09-25T22:52:36.408-0400: 63.107: [GC (GCLocker Initiated GC) [PSYoungGen: 159508K->70252K(175104K)] 542478K->470150K(699392K), 0.0103854 secs] [Times: user=0.08 sys=0.00, real=0.01 secs] 
2016-09-25T22:52:36.469-0400: 63.168: [GC (GCLocker Initiated GC) [PSYoungGen: 158316K->64779K(175104K)] 563738K->490059K(699392K), 0.0109185 secs] [Times: user=0.15 sys=0.00, real=0.01 secs] 
2016-09-25T22:52:36.545-0400: 63.245: [GC (GCLocker Initiated GC) [PSYoungGen: 152843K->60784K(175104K)] 580975K->512668K(699392K), 0.0134120 secs] [Times: user=0.18 sys=0.00, real=0.01 secs] 
2016-09-25T22:52:36.620-0400: 63.320: [GC (GCLocker Initiated GC) [PSYoungGen: 148848K->72857K(175104K)] 600847K->535186K(699392K), 0.0083219 secs] [Times: user=0.12 sys=0.00, real=0.01 secs] 
2016-09-25T22:52:36.664-0400: 63.364: [GC (GCLocker Initiated GC) [PSYoungGen: 160921K->79915K(175104K)] 627472K->551300K(699392K), 0.0073751 secs] [Times: user=0.10 sys=0.00, real=0.00 secs] 
2016-09-25T22:52:36.748-0400: 63.447: [GC (GCLocker Initiated GC) [PSYoungGen: 167979K->47180K(175104K)] 647709K->565637K(699392K), 0.0132243 secs] [Times: user=0.16 sys=0.00, real=0.01 secs] 
2016-09-25T22:52:36.761-0400: 63.461: [Full GC (Ergonomics) [PSYoungGen: 47180K->0K(175104K)] [ParOldGen: 518456K->324449K(524288K)] 565637K->324449K(699392K), [Metaspace: 43687K->43687K(1087488K)], 0.0910089 secs] [Times: user=0.56 sys=0.03, real=0.09 secs] 
2016-09-25T22:52:36.890-0400: 63.589: [GC (GCLocker Initiated GC) [PSYoungGen: 88064K->86413K(175104K)] 412603K->410953K(699392K), 0.0099274 secs] [Times: user=0.14 sys=0.00, real=0.01 secs] 
2016-09-25T22:52:36.964-0400: 63.663: [GC (GCLocker Initiated GC) [PSYoungGen: 174477K->70235K(175104K)] 500473K->428184K(699392K), 0.0139016 secs] [Times: user=0.18 sys=0.01, real=0.01 secs] 
2016-09-25T22:52:37.037-0400: 63.737: [GC (GCLocker Initiated GC) [PSYoungGen: 158299K->67332K(175104K)] 519109K->449337K(699392K), 0.0076682 secs] [Times: user=0.09 sys=0.00, real=0.01 secs] 
2016-09-25T22:52:37.091-0400: 63.791: [GC (GCLocker Initiated GC) [PSYoungGen: 155396K->55355K(175104K)] 545563K->465164K(699392K), 0.0067247 secs] [Times: user=0.10 sys=0.00, real=0.01 secs] 
2016-09-25T22:52:37.155-0400: 63.854: [GC (GCLocker Initiated GC) [PSYoungGen: 143419K->61998K(175104K)] 556051K->503884K(699392K), 0.0107834 secs] [Times: user=0.17 sys=0.00, real=0.01 secs] 
2016-09-25T22:52:37.228-0400: 63.928: [GC (GCLocker Initiated GC) [PSYoungGen: 150062K->85151K(175104K)] 597497K->550904K(699392K), 0.0147591 secs] [Times: user=0.20 sys=0.01, real=0.02 secs] 
2016-09-25T22:52:37.294-0400: 63.994: [GC (GCLocker Initiated GC) [PSYoungGen: 173215K->74124K(175104K)] 640595K->557284K(699392K), 0.0072403 secs] [Times: user=0.09 sys=0.01, real=0.00 secs] 
2016-09-25T22:52:37.361-0400: 64.061: [Full GC (Ergonomics) [PSYoungGen: 162188K->0K(175104K)] [ParOldGen: 487283K->332995K(524288K)] 649471K->332995K(699392K), [Metaspace: 43687K->43687K(1087488K)], 0.0779462 secs] [Times: user=0.63 sys=0.00, real=0.08 secs] 
2016-09-25T22:52:37.479-0400: 64.178: [GC (GCLocker Initiated GC) [PSYoungGen: 88064K->85820K(175104K)] 421172K->418928K(699392K), 0.0067757 secs] [Times: user=0.10 sys=0.00, real=0.01 secs] 
2016-09-25T22:52:37.532-0400: 64.231: [GC (GCLocker Initiated GC) [PSYoungGen: 173884K->56725K(175104K)] 510771K->426130K(699392K), 0.0070597 secs] [Times: user=0.10 sys=0.00, real=0.01 secs] 
2016-09-25T22:52:37.588-0400: 64.288: [GC (GCLocker Initiated GC) [PSYoungGen: 144789K->46866K(175104K)] 514246K->450984K(699392K), 0.0087183 secs] [Times: user=0.13 sys=0.00, real=0.01 secs] 
2016-09-25T22:52:37.640-0400: 64.340: [GC (GCLocker Initiated GC) [PSYoungGen: 134930K->63605K(175104K)] 539154K->494046K(699392K), 0.0088455 secs] [Times: user=0.13 sys=0.00, real=0.01 secs] 
2016-09-25T22:52:37.709-0400: 64.408: [GC (GCLocker Initiated GC) [PSYoungGen: 151669K->41937K(175104K)] 595653K->513998K(699392K), 0.0140211 secs] [Times: user=0.17 sys=0.00, real=0.02 secs] 
2016-09-25T22:52:37.769-0400: 64.468: [Full GC (Ergonomics) [PSYoungGen: 130001K->0K(175104K)] [ParOldGen: 477531K->344146K(524288K)] 607533K->344146K(699392K), [Metaspace: 43687K->43687K(1087488K)], 0.0576592 secs] [Times: user=0.55 sys=0.00, real=0.06 secs] 
2016-09-25T22:52:37.886-0400: 64.586: [GC (GCLocker Initiated GC) [PSYoungGen: 88064K->81499K(175104K)] 437650K->431085K(699392K), 0.0090002 secs] [Times: user=0.10 sys=0.01, real=0.01 secs] 
2016-09-25T22:52:37.946-0400: 64.646: [GC (GCLocker Initiated GC) [PSYoungGen: 169563K->77001K(175104K)] 527440K->449715K(699392K), 0.0087492 secs] [Times: user=0.08 sys=0.01, real=0.01 secs] 
2016-09-25T22:52:38.019-0400: 64.719: [GC (GCLocker Initiated GC) [PSYoungGen: 165065K->36110K(175104K)] 543248K->435412K(699392K), 0.0049354 secs] [Times: user=0.05 sys=0.00, real=0.01 secs] 
2016-09-25T22:52:38.069-0400: 64.768: [GC (GCLocker Initiated GC) [PSYoungGen: 124174K->60665K(175104K)] 530381K->493164K(699392K), 0.0275349 secs] [Times: user=0.39 sys=0.00, real=0.03 secs] 
2016-09-25T22:52:38.150-0400: 64.849: [GC (GCLocker Initiated GC) [PSYoungGen: 148729K->56195K(175104K)] 590756K->508560K(699392K), 0.0101080 secs] [Times: user=0.10 sys=0.00, real=0.01 secs] 
2016-09-25T22:52:38.216-0400: 64.916: [GC (GCLocker Initiated GC) [PSYoungGen: 144259K->49768K(175104K)] 600710K->539192K(699392K), 0.0072911 secs] [Times: user=0.09 sys=0.01, real=0.01 secs] 
2016-09-25T22:52:38.224-0400: 64.923: [Full GC (Ergonomics) [PSYoungGen: 49768K->0K(175104K)] [ParOldGen: 489424K->336067K(524288K)] 539192K->336067K(699392K), [Metaspace: 43687K->43687K(1087488K)], 0.0726339 secs] [Times: user=0.65 sys=0.01, real=0.07 secs] 
2016-09-25T22:52:38.344-0400: 65.044: [GC (GCLocker Initiated GC) [PSYoungGen: 88064K->72241K(175104K)] 432302K->416480K(699392K), 0.0070510 secs] [Times: user=0.10 sys=0.01, real=0.00 secs] 
2016-09-25T22:52:38.395-0400: 65.094: [GC (GCLocker Initiated GC) [PSYoungGen: 160305K->60286K(175104K)] 506094K->425139K(699392K), 0.0102765 secs] [Times: user=0.11 sys=0.00, real=0.01 secs] 
2016-09-25T22:52:38.472-0400: 65.171: [GC (GCLocker Initiated GC) [PSYoungGen: 148350K->53698K(175104K)] 521486K->444861K(699392K), 0.0091435 secs] [Times: user=0.12 sys=0.00, real=0.01 secs] 
2016-09-25T22:52:38.531-0400: 65.231: [GC (GCLocker Initiated GC) [PSYoungGen: 141762K->61928K(175104K)] 538440K->463424K(699392K), 0.0083350 secs] [Times: user=0.08 sys=0.00, real=0.01 secs] 
2016-09-25T22:52:38.590-0400: 65.289: [GC (GCLocker Initiated GC) [PSYoungGen: 149992K->68579K(175104K)] 554377K->504752K(699392K), 0.0204398 secs] [Times: user=0.28 sys=0.02, real=0.02 secs] 
2016-09-25T22:52:38.657-0400: 65.357: [GC (GCLocker Initiated GC) [PSYoungGen: 156643K->57582K(175104K)] 602397K->525409K(699392K), 0.0082422 secs] [Times: user=0.12 sys=0.00, real=0.01 secs] 
2016-09-25T22:52:38.717-0400: 65.416: [GC (GCLocker Initiated GC) [PSYoungGen: 145646K->51016K(139264K)] 620320K->536923K(663552K), 0.0071205 secs] [Times: user=0.07 sys=0.00, real=0.01 secs] 
2016-09-25T22:52:38.724-0400: 65.423: [Full GC (Ergonomics) [PSYoungGen: 51016K->0K(139264K)] [ParOldGen: 485907K->339252K(524288K)] 536923K->339252K(663552K), [Metaspace: 43732K->43732K(1087488K)], 0.0542210 secs] [Times: user=0.41 sys=0.02, real=0.05 secs] 
2016-09-25T22:52:38.827-0400: 65.527: [GC (GCLocker Initiated GC) [PSYoungGen: 88064K->84130K(174080K)] 436919K->432985K(698368K), 0.0092296 secs] [Times: user=0.13 sys=0.00, real=0.01 secs] 
2016-09-25T22:52:38.897-0400: 65.596: [GC (GCLocker Initiated GC) [PSYoungGen: 171682K->48138K(174592K)] 528785K->425361K(698880K), 0.0122305 secs] [Times: user=0.17 sys=0.00, real=0.01 secs] 
2016-09-25T22:52:38.954-0400: 65.654: [GC (GCLocker Initiated GC) [PSYoungGen: 135690K->79375K(175104K)] 515813K->484303K(699392K), 0.0129156 secs] [Times: user=0.17 sys=0.00, real=0.01 secs] 
2016-09-25T22:52:39.013-0400: 65.712: [GC (GCLocker Initiated GC) [PSYoungGen: 167439K->65884K(175104K)] 572528K->497194K(699392K), 0.0107593 secs] [Times: user=0.16 sys=0.00, real=0.02 secs] 
2016-09-25T22:52:39.082-0400: 65.782: [GC (GCLocker Initiated GC) [PSYoungGen: 153948K->45763K(175104K)] 593969K->502508K(699392K), 0.0089275 secs] [Times: user=0.06 sys=0.01, real=0.00 secs] 
2016-09-25T22:52:39.141-0400: 65.841: [GC (GCLocker Initiated GC) [PSYoungGen: 133827K->69779K(175104K)] 596102K->555817K(699392K), 0.0075191 secs] [Times: user=0.09 sys=0.00, real=0.01 secs] 
2016-09-25T22:52:39.149-0400: 65.849: [Full GC (Ergonomics) [PSYoungGen: 69779K->0K(175104K)] [ParOldGen: 486038K->347018K(524288K)] 555817K->347018K(699392K), [Metaspace: 43738K->43738K(1087488K)], 0.0512769 secs] [Times: user=0.50 sys=0.00, real=0.05 secs] 
2016-09-25T22:52:39.249-0400: 65.948: [GC (GCLocker Initiated GC) [PSYoungGen: 88064K->73054K(175104K)] 435089K->420080K(699392K), 0.0069519 secs] [Times: user=0.10 sys=0.00, real=0.01 secs] 
2016-09-25T22:52:39.308-0400: 66.008: [GC (GCLocker Initiated GC) [PSYoungGen: 161118K->64796K(175104K)] 516444K->434698K(699392K), 0.0064311 secs] [Times: user=0.09 sys=0.00, real=0.01 secs] 
2016-09-25T22:52:39.369-0400: 66.069: [GC (GCLocker Initiated GC) [PSYoungGen: 152860K->63206K(175104K)] 529705K->455723K(699392K), 0.0084910 secs] [Times: user=0.12 sys=0.00, real=0.01 secs] 
2016-09-25T22:52:39.423-0400: 66.123: [GC (GCLocker Initiated GC) [PSYoungGen: 151270K->53810K(175104K)] 547891K->478137K(699392K), 0.0086146 secs] [Times: user=0.13 sys=0.01, real=0.00 secs] 
2016-09-25T22:52:39.478-0400: 66.177: [GC (GCLocker Initiated GC) [PSYoungGen: 141874K->55020K(175104K)] 570528K->488356K(699392K), 0.0056574 secs] [Times: user=0.08 sys=0.00, real=0.01 secs] 
2016-09-25T22:52:39.532-0400: 66.232: [GC (GCLocker Initiated GC) [PSYoungGen: 143084K->57595K(145920K)] 579347K->507995K(670208K), 0.0091481 secs] [Times: user=0.11 sys=0.00, real=0.01 secs] 
2016-09-25T22:52:39.592-0400: 66.292: [GC (GCLocker Initiated GC) [PSYoungGen: 145659K->82185K(171008K)] 604313K->548072K(695296K), 0.0070947 secs] [Times: user=0.10 sys=0.00, real=0.01 secs] 
2016-09-25T22:52:39.647-0400: 66.346: [GC (GCLocker Initiated GC) [PSYoungGen: 168201K->52486K(173056K)] 638373K->553087K(697344K), 0.0144279 secs] [Times: user=0.19 sys=0.00, real=0.01 secs] 
2016-09-25T22:52:39.661-0400: 66.361: [Full GC (Ergonomics) [PSYoungGen: 52486K->0K(173056K)] [ParOldGen: 500600K->346049K(524288K)] 553087K->346049K(697344K), [Metaspace: 43738K->43738K(1087488K)], 0.0570970 secs] [Times: user=0.49 sys=0.00, real=0.06 secs] 
2016-09-25T22:52:39.768-0400: 66.467: [GC (GCLocker Initiated GC) [PSYoungGen: 86016K->83824K(175104K)] 437576K->435384K(699392K), 0.0061345 secs] [Times: user=0.09 sys=0.00, real=0.00 secs] 
2016-09-25T22:52:39.821-0400: 66.521: [GC (GCLocker Initiated GC) [PSYoungGen: 171888K->42583K(175104K)] 526213K->427541K(699392K), 0.0109272 secs] [Times: user=0.11 sys=0.00, real=0.01 secs] 
2016-09-25T22:52:39.874-0400: 66.573: [GC (GCLocker Initiated GC) [PSYoungGen: 130647K->79396K(175104K)] 521129K->474458K(699392K), 0.0106981 secs] [Times: user=0.12 sys=0.00, real=0.02 secs] 
2016-09-25T22:52:39.930-0400: 66.630: [GC (GCLocker Initiated GC) [PSYoungGen: 167460K->61897K(175104K)] 576130K->487334K(699392K), 0.0135105 secs] [Times: user=0.19 sys=0.00, real=0.02 secs] 
2016-09-25T22:52:39.998-0400: 66.698: [GC (GCLocker Initiated GC) [PSYoungGen: 149961K->49496K(175104K)] 578161K->506723K(699392K), 0.0138670 secs] [Times: user=0.17 sys=0.00, real=0.01 secs] 
2016-09-25T22:52:40.054-0400: 66.753: [GC (GCLocker Initiated GC) [PSYoungGen: 137560K->71402K(175104K)] 596285K->556283K(699392K), 0.0071441 secs] [Times: user=0.09 sys=0.00, real=0.01 secs] 
2016-09-25T22:52:40.061-0400: 66.761: [Full GC (Ergonomics) [PSYoungGen: 71402K->0K(175104K)] [ParOldGen: 484880K->349553K(524288K)] 556283K->349553K(699392K), [Metaspace: 43738K->43738K(1087488K)], 0.0624511 secs] [Times: user=0.49 sys=0.02, real=0.07 secs] 
2016-09-25T22:52:40.168-0400: 66.868: [GC (GCLocker Initiated GC) [PSYoungGen: 88064K->70083K(175104K)] 443087K->425107K(699392K), 0.0055266 secs] [Times: user=0.08 sys=0.00, real=0.00 secs] 
2016-09-25T22:52:40.219-0400: 66.919: [GC (GCLocker Initiated GC) [PSYoungGen: 158147K->72648K(175104K)] 513261K->450143K(699392K), 0.0071998 secs] [Times: user=0.10 sys=0.00, real=0.01 secs] 
2016-09-25T22:52:40.273-0400: 66.973: [GC (GCLocker Initiated GC) [PSYoungGen: 160712K->56270K(175104K)] 540977K->465540K(699392K), 0.0085005 secs] [Times: user=0.09 sys=0.04, real=0.01 secs] 
2016-09-25T22:52:40.322-0400: 67.022: [GC (GCLocker Initiated GC) [PSYoungGen: 144334K->73998K(175104K)] 559047K->508088K(699392K), 0.0073231 secs] [Times: user=0.09 sys=0.00, real=0.00 secs] 
2016-09-25T22:52:40.379-0400: 67.079: [GC (GCLocker Initiated GC) [PSYoungGen: 162062K->67058K(175104K)] 601673K->513991K(699392K), 0.0105153 secs] [Times: user=0.06 sys=0.00, real=0.01 secs] 
2016-09-25T22:52:40.443-0400: 67.142: [GC (GCLocker Initiated GC) [PSYoungGen: 155122K->56256K(175104K)] 605028K->524237K(699392K), 0.0075515 secs] [Times: user=0.07 sys=0.00, real=0.00 secs] 
2016-09-25T22:52:40.488-0400: 67.187: [GC (GCLocker Initiated GC) [PSYoungGen: 144320K->84721K(175104K)] 612394K->581672K(699392K), 0.0109873 secs] [Times: user=0.12 sys=0.01, real=0.01 secs] 
2016-09-25T22:52:40.499-0400: 67.199: [Full GC (Ergonomics) [PSYoungGen: 84721K->0K(175104K)] [ParOldGen: 496951K->359830K(524288K)] 581672K->359830K(699392K), [Metaspace: 43740K->43740K(1087488K)], 0.0507870 secs] [Times: user=0.42 sys=0.00, real=0.05 secs] 
2016-09-25T22:52:40.602-0400: 67.302: [GC (GCLocker Initiated GC) [PSYoungGen: 88064K->57937K(175104K)] 458819K->428693K(699392K), 0.0074024 secs] [Times: user=0.06 sys=0.01, real=0.00 secs] 
2016-09-25T22:52:40.662-0400: 67.362: [GC (GCLocker Initiated GC) [PSYoungGen: 146001K->78001K(175104K)] 523561K->461711K(699392K), 0.0198708 secs] [Times: user=0.28 sys=0.00, real=0.02 secs] 
2016-09-25T22:52:40.733-0400: 67.432: [GC (GCLocker Initiated GC) [PSYoungGen: 166065K->57577K(175104K)] 559697K->477443K(699392K), 0.0067710 secs] [Times: user=0.10 sys=0.00, real=0.01 secs] 
2016-09-25T22:52:40.779-0400: 67.479: [GC (GCLocker Initiated GC) [PSYoungGen: 145641K->64226K(175104K)] 565702K->504978K(699392K), 0.0066113 secs] [Times: user=0.09 sys=0.01, real=0.01 secs] 
2016-09-25T22:52:40.825-0400: 67.525: [GC (GCLocker Initiated GC) [PSYoungGen: 152290K->68560K(175104K)] 593080K->531283K(699392K), 0.0063458 secs] [Times: user=0.08 sys=0.01, real=0.00 secs] 
2016-09-25T22:52:40.867-0400: 67.567: [GC (GCLocker Initiated GC) [PSYoungGen: 156624K->52334K(175104K)] 622196K->548150K(699392K), 0.0067907 secs] [Times: user=0.08 sys=0.00, real=0.01 secs] 
2016-09-25T22:52:40.874-0400: 67.574: [Full GC (Ergonomics) [PSYoungGen: 52334K->0K(175104K)] [ParOldGen: 495815K->347642K(524288K)] 548150K->347642K(699392K), [Metaspace: 43741K->43741K(1087488K)], 0.2581711 secs] [Times: user=3.70 sys=0.02, real=0.25 secs] 
2016-09-25T22:52:41.199-0400: 67.899: [GC (GCLocker Initiated GC) [PSYoungGen: 88064K->85059K(175104K)] 438510K->446305K(699392K), 0.0164398 secs] [Times: user=0.21 sys=0.00, real=0.02 secs] 
2016-09-25T22:52:41.267-0400: 67.967: [GC (GCLocker Initiated GC) [PSYoungGen: 173123K->56301K(175104K)] 542555K->440106K(699392K), 0.0067014 secs] [Times: user=0.07 sys=0.00, real=0.00 secs] 
2016-09-25T22:52:41.312-0400: 68.011: [GC (GCLocker Initiated GC) [PSYoungGen: 144365K->75300K(175104K)] 534315K->477901K(699392K), 0.0123350 secs] [Times: user=0.15 sys=0.00, real=0.02 secs] 
2016-09-25T22:52:41.391-0400: 68.091: [GC (GCLocker Initiated GC) [PSYoungGen: 163364K->71233K(175104K)] 575680K->490795K(699392K), 0.0108204 secs] [Times: user=0.15 sys=0.00, real=0.01 secs] 
2016-09-25T22:52:41.462-0400: 68.162: [GC (GCLocker Initiated GC) [PSYoungGen: 159297K->62908K(175104K)] 581637K->491169K(699392K), 0.0062909 secs] [Times: user=0.08 sys=0.00, real=0.00 secs] 
2016-09-25T22:52:41.502-0400: 68.202: [GC (GCLocker Initiated GC) [PSYoungGen: 150972K->46712K(175104K)] 582072K->491697K(699392K), 0.0069231 secs] [Times: user=0.06 sys=0.00, real=0.01 secs] 
2016-09-25T22:52:41.580-0400: 68.280: [GC (GCLocker Initiated GC) [PSYoungGen: 134776K->46815K(175104K)] 587985K->527516K(699392K), 0.0126523 secs] [Times: user=0.15 sys=0.01, real=0.01 secs] 
2016-09-25T22:52:41.640-0400: 68.339: [GC (GCLocker Initiated GC) [PSYoungGen: 134879K->62941K(175104K)] 615703K->565834K(699392K), 0.0079631 secs] [Times: user=0.08 sys=0.00, real=0.01 secs] 
2016-09-25T22:52:41.648-0400: 68.347: [Full GC (Ergonomics) [PSYoungGen: 62941K->0K(175104K)] [ParOldGen: 502893K->358277K(524288K)] 565834K->358277K(699392K), [Metaspace: 43741K->43741K(1087488K)], 0.0613191 secs] [Times: user=0.36 sys=0.01, real=0.06 secs] 
2016-09-25T22:52:41.767-0400: 68.467: [GC (GCLocker Initiated GC) [PSYoungGen: 88064K->61872K(175104K)] 450584K->424392K(699392K), 0.0380441 secs] [Times: user=0.37 sys=0.00, real=0.04 secs] 
2016-09-25T22:52:41.858-0400: 68.557: [GC (GCLocker Initiated GC) [PSYoungGen: 149936K->81890K(175104K)] 515234K->453311K(699392K), 0.0073891 secs] [Times: user=0.09 sys=0.00, real=0.01 secs] 
2016-09-25T22:52:41.908-0400: 68.608: [GC (GCLocker Initiated GC) [PSYoungGen: 169954K->61695K(175104K)] 542484K->445464K(699392K), 0.0058684 secs] [Times: user=0.08 sys=0.00, real=0.01 secs] 
2016-09-25T22:52:41.960-0400: 68.659: [GC (GCLocker Initiated GC) [PSYoungGen: 149759K->69693K(175104K)] 536253K->472798K(699392K), 0.0131937 secs] [Times: user=0.13 sys=0.00, real=0.01 secs] 
2016-09-25T22:52:42.038-0400: 68.738: [GC (GCLocker Initiated GC) [PSYoungGen: 157757K->84676K(175104K)] 567684K->498980K(699392K), 0.0127089 secs] [Times: user=0.16 sys=0.01, real=0.01 secs] 
2016-09-25T22:52:42.095-0400: 68.795: [GC (GCLocker Initiated GC) [PSYoungGen: 172740K->57490K(175104K)] 597935K->508763K(699392K), 0.0118571 secs] [Times: user=0.17 sys=0.01, real=0.01 secs] 
2016-09-25T22:52:42.143-0400: 68.842: [GC (GCLocker Initiated GC) [PSYoungGen: 145554K->70978K(175104K)] 596918K->537570K(699392K), 0.0065767 secs] [Times: user=0.10 sys=0.00, real=0.00 secs] 
2016-09-25T22:52:42.202-0400: 68.902: [GC (GCLocker Initiated GC) [PSYoungGen: 159042K->54673K(175104K)] 633914K->531165K(699392K), 0.0163878 secs] [Times: user=0.14 sys=0.00, real=0.02 secs] 
2016-09-25T22:52:42.279-0400: 68.978: [GC (GCLocker Initiated GC) [PSYoungGen: 142737K->54641K(175104K)] 622201K->556076K(699392K), 0.0156971 secs] [Times: user=0.18 sys=0.01, real=0.02 secs] 
2016-09-25T22:52:42.295-0400: 68.994: [Full GC (Ergonomics) [PSYoungGen: 54641K->0K(175104K)] [ParOldGen: 501435K->351081K(524288K)] 556076K->351081K(699392K), [Metaspace: 43741K->43741K(1087488K)], 0.0539103 secs] [Times: user=0.48 sys=0.00, real=0.05 secs] 
2016-09-25T22:52:42.388-0400: 69.087: [GC (GCLocker Initiated GC) [PSYoungGen: 88064K->80865K(175104K)] 442104K->434913K(699392K), 0.0096381 secs] [Times: user=0.13 sys=0.00, real=0.01 secs] 
2016-09-25T22:52:42.447-0400: 69.146: [GC (GCLocker Initiated GC) [PSYoungGen: 168929K->75285K(175104K)] 533839K->442211K(699392K), 0.0070928 secs] [Times: user=0.09 sys=0.00, real=0.00 secs] 
2016-09-25T22:52:42.500-0400: 69.200: [GC (GCLocker Initiated GC) [PSYoungGen: 163349K->51982K(175104K)] 533084K->449203K(699392K), 0.0092072 secs] [Times: user=0.11 sys=0.00, real=0.01 secs] 
2016-09-25T22:52:42.553-0400: 69.252: [GC (GCLocker Initiated GC) [PSYoungGen: 140046K->72577K(175104K)] 546927K->489177K(699392K), 0.0095210 secs] [Times: user=0.13 sys=0.00, real=0.02 secs] 
2016-09-25T22:52:42.608-0400: 69.308: [GC (GCLocker Initiated GC) [PSYoungGen: 160641K->73656K(175104K)] 579959K->498845K(699392K), 0.0101652 secs] [Times: user=0.10 sys=0.00, real=0.01 secs] 
2016-09-25T22:52:42.655-0400: 69.354: [GC (GCLocker Initiated GC) [PSYoungGen: 161720K->79273K(175104K)] 589878K->521252K(699392K), 0.0095284 secs] [Times: user=0.11 sys=0.01, real=0.01 secs] 
2016-09-25T22:52:42.717-0400: 69.416: [GC (GCLocker Initiated GC) [PSYoungGen: 167337K->60367K(175104K)] 618806K->531168K(699392K), 0.0065405 secs] [Times: user=0.08 sys=0.00, real=0.01 secs] 
2016-09-25T22:52:42.770-0400: 69.469: [GC (GCLocker Initiated GC) [PSYoungGen: 148431K->48176K(175104K)] 628722K->553271K(699392K), 0.0092448 secs] [Times: user=0.13 sys=0.00, real=0.01 secs] 
2016-09-25T22:52:42.779-0400: 69.479: [Full GC (Ergonomics) [PSYoungGen: 48176K->0K(175104K)] [ParOldGen: 505095K->356522K(524288K)] 553271K->356522K(699392K), [Metaspace: 43747K->43747K(1087488K)], 0.0525509 secs] [Times: user=0.52 sys=0.00, real=0.05 secs] 
2016-09-25T22:52:42.871-0400: 69.571: [GC (GCLocker Initiated GC) [PSYoungGen: 88064K->71260K(175104K)] 447312K->430508K(699392K), 0.0099531 secs] [Times: user=0.16 sys=0.00, real=0.01 secs] 
2016-09-25T22:52:42.927-0400: 69.627: [GC (GCLocker Initiated GC) [PSYoungGen: 159324K->54787K(175104K)] 521393K->440389K(699392K), 0.0064976 secs] [Times: user=0.08 sys=0.00, real=0.00 secs] 
2016-09-25T22:52:42.973-0400: 69.673: [GC (GCLocker Initiated GC) [PSYoungGen: 142851K->68367K(175104K)] 531340K->472048K(699392K), 0.0084561 secs] [Times: user=0.13 sys=0.01, real=0.01 secs] 
2016-09-25T22:52:43.027-0400: 69.727: [GC (GCLocker Initiated GC) [PSYoungGen: 156431K->75272K(175104K)] 565632K->511907K(699392K), 0.0094330 secs] [Times: user=0.13 sys=0.00, real=0.01 secs] 
2016-09-25T22:52:43.086-0400: 69.785: [GC (GCLocker Initiated GC) [PSYoungGen: 163336K->76599K(175104K)] 601577K->538306K(699392K), 0.0071846 secs] [Times: user=0.10 sys=0.01, real=0.00 secs] 
2016-09-25T22:52:43.140-0400: 69.839: [GC (GCLocker Initiated GC) [PSYoungGen: 164663K->69759K(175104K)] 626462K->540148K(699392K), 0.0132869 secs] [Times: user=0.17 sys=0.00, real=0.01 secs] 
2016-09-25T22:52:43.193-0400: 69.892: [GC (GCLocker Initiated GC) [PSYoungGen: 157823K->75248K(175104K)] 630965K->567721K(699392K), 0.0095130 secs] [Times: user=0.14 sys=0.01, real=0.02 secs] 
2016-09-25T22:52:43.202-0400: 69.902: [Full GC (Ergonomics) [PSYoungGen: 75248K->0K(175104K)] [ParOldGen: 492473K->355513K(524288K)] 567721K->355513K(699392K), [Metaspace: 43751K->43751K(1087488K)], 0.0539652 secs] [Times: user=0.54 sys=0.00, real=0.05 secs] 
2016-09-25T22:52:43.307-0400: 70.006: [GC (GCLocker Initiated GC) [PSYoungGen: 88064K->55079K(175104K)] 447720K->414735K(699392K), 0.0088179 secs] [Times: user=0.09 sys=0.00, real=0.01 secs] 
2016-09-25T22:52:43.361-0400: 70.061: [GC (GCLocker Initiated GC) [PSYoungGen: 143143K->60183K(175104K)] 510960K->432747K(699392K), 0.0081873 secs] [Times: user=0.09 sys=0.01, real=0.01 secs] 
2016-09-25T22:52:43.423-0400: 70.123: [GC (GCLocker Initiated GC) [PSYoungGen: 148247K->50846K(175104K)] 527764K->433495K(699392K), 0.0067872 secs] [Times: user=0.06 sys=0.00, real=0.00 secs] 
2016-09-25T22:52:43.475-0400: 70.174: [GC (GCLocker Initiated GC) [PSYoungGen: 138910K->65645K(175104K)] 521610K->452861K(699392K), 0.0057467 secs] [Times: user=0.07 sys=0.00, real=0.00 secs] 
2016-09-25T22:52:43.522-0400: 70.221: [GC (GCLocker Initiated GC) [PSYoungGen: 153709K->80674K(175104K)] 545166K->481930K(699392K), 0.0134454 secs] [Times: user=0.19 sys=0.00, real=0.02 secs] 
2016-09-25T22:52:43.592-0400: 70.292: [GC (GCLocker Initiated GC) [PSYoungGen: 168738K->53412K(175104K)] 572892K->502695K(699392K), 0.0064552 secs] [Times: user=0.08 sys=0.00, real=0.01 secs] 
2016-09-25T22:52:43.641-0400: 70.340: [GC (GCLocker Initiated GC) [PSYoungGen: 141476K->75433K(175104K)] 593530K->533151K(699392K), 0.0070505 secs] [Times: user=0.10 sys=0.00, real=0.01 secs] 
2016-09-25T22:52:43.694-0400: 70.394: [GC (GCLocker Initiated GC) [PSYoungGen: 163497K->48274K(175104K)] 623993K->549945K(699392K), 0.0069201 secs] [Times: user=0.10 sys=0.00, real=0.00 secs] 
2016-09-25T22:52:43.701-0400: 70.401: [Full GC (Ergonomics) [PSYoungGen: 48274K->0K(175104K)] [ParOldGen: 501671K->352674K(524288K)] 549945K->352674K(699392K), [Metaspace: 43752K->43752K(1087488K)], 0.0684061 secs] [Times: user=0.57 sys=0.02, real=0.07 secs] 
2016-09-25T22:52:43.817-0400: 70.517: [GC (GCLocker Initiated GC) [PSYoungGen: 88064K->86496K(175104K)] 440849K->439282K(699392K), 0.0086720 secs] [Times: user=0.13 sys=0.01, real=0.01 secs] 
2016-09-25T22:52:43.880-0400: 70.580: [GC (GCLocker Initiated GC) [PSYoungGen: 174560K->76955K(175104K)] 539637K->451115K(699392K), 0.0137400 secs] [Times: user=0.20 sys=0.01, real=0.02 secs] 
2016-09-25T22:52:43.953-0400: 70.652: [GC (GCLocker Initiated GC) [PSYoungGen: 165019K->35874K(175104K)] 541960K->429771K(699392K), 0.0067940 secs] [Times: user=0.06 sys=0.00, real=0.01 secs] 
2016-09-25T22:52:44.001-0400: 70.703: [GC (GCLocker Initiated GC) [PSYoungGen: 123938K->58919K(175104K)] 517957K->458745K(699392K), 0.0125450 secs] [Times: user=0.10 sys=0.01, real=0.01 secs] 
2016-09-25T22:52:44.048-0400: 70.747: [GC (GCLocker Initiated GC) [PSYoungGen: 146983K->50878K(175104K)] 549595K->486397K(699392K), 0.0073371 secs] [Times: user=0.07 sys=0.00, real=0.01 secs] 
2016-09-25T22:52:44.108-0400: 70.807: [GC (GCLocker Initiated GC) [PSYoungGen: 138942K->79692K(175104K)] 581362K->540260K(699392K), 0.0071055 secs] [Times: user=0.11 sys=0.00, real=0.01 secs] 
2016-09-25T22:52:44.173-0400: 70.873: [GC (GCLocker Initiated GC) [PSYoungGen: 167756K->64385K(175104K)] 630606K->534889K(699392K), 0.0068193 secs] [Times: user=0.10 sys=0.00, real=0.01 secs] 
2016-09-25T22:52:44.223-0400: 70.923: [GC (GCLocker Initiated GC) [PSYoungGen: 152449K->75584K(175104K)] 623101K->565620K(699392K), 0.0080829 secs] [Times: user=0.10 sys=0.01, real=0.00 secs] 
2016-09-25T22:52:44.231-0400: 70.931: [Full GC (Ergonomics) [PSYoungGen: 75584K->0K(175104K)] [ParOldGen: 490035K->363891K(524288K)] 565620K->363891K(699392K), [Metaspace: 43752K->43752K(1087488K)], 0.0593071 secs] [Times: user=0.48 sys=0.00, real=0.06 secs] 
2016-09-25T22:52:44.340-0400: 71.040: [GC (GCLocker Initiated GC) [PSYoungGen: 88064K->69032K(175104K)] 452054K->433023K(699392K), 0.0063216 secs] [Times: user=0.09 sys=0.00, real=0.01 secs] 
2016-09-25T22:52:44.395-0400: 71.094: [GC (GCLocker Initiated GC) [PSYoungGen: 157096K->60456K(175104K)] 521265K->448643K(699392K), 0.0066305 secs] [Times: user=0.08 sys=0.00, real=0.00 secs] 
2016-09-25T22:52:44.443-0400: 71.142: [GC (GCLocker Initiated GC) [PSYoungGen: 148520K->78469K(175104K)] 538226K->498475K(699392K), 0.0104576 secs] [Times: user=0.12 sys=0.00, real=0.00 secs] 
2016-09-25T22:52:44.509-0400: 71.209: [GC (GCLocker Initiated GC) [PSYoungGen: 166533K->37346K(175104K)] 592145K->497667K(699392K), 0.0099800 secs] [Times: user=0.09 sys=0.00, real=0.01 secs] 
2016-09-25T22:52:44.572-0400: 71.271: [Full GC (Ergonomics) [PSYoungGen: 125410K->0K(175104K)] [ParOldGen: 475419K->363016K(524288K)] 600830K->363016K(699392K), [Metaspace: 43754K->43754K(1087488K)], 0.0586638 secs] [Times: user=0.52 sys=0.00, real=0.06 secs] 
2016-09-25T22:52:44.674-0400: 71.373: [GC (GCLocker Initiated GC) [PSYoungGen: 88064K->78677K(175104K)] 451324K->441937K(699392K), 0.0094051 secs] [Times: user=0.09 sys=0.00, real=0.02 secs] 
2016-09-25T22:52:44.736-0400: 71.436: [GC (GCLocker Initiated GC) [PSYoungGen: 166741K->49561K(175104K)] 530060K->464117K(699392K), 0.0096982 secs] [Times: user=0.10 sys=0.00, real=0.01 secs] 
2016-09-25T22:52:44.789-0400: 71.488: [GC (GCLocker Initiated GC) [PSYoungGen: 137625K->72041K(175104K)] 554927K->519525K(699392K), 0.0078685 secs] [Times: user=0.13 sys=0.00, real=0.01 secs] 
2016-09-25T22:52:44.862-0400: 71.562: [GC (GCLocker Initiated GC) [PSYoungGen: 160105K->52509K(175104K)] 614504K->531238K(699392K), 0.0089597 secs] [Times: user=0.12 sys=0.01, real=0.01 secs] 
2016-09-25T22:52:44.871-0400: 71.571: [Full GC (Ergonomics) [PSYoungGen: 52509K->0K(175104K)] [ParOldGen: 478729K->362217K(524288K)] 531238K->362217K(699392K), [Metaspace: 43754K->43754K(1087488K)], 0.0579892 secs] [Times: user=0.54 sys=0.01, real=0.06 secs] 
2016-09-25T22:52:44.969-0400: 71.668: [GC (GCLocker Initiated GC) [PSYoungGen: 88064K->86835K(175104K)] 450363K->454534K(699392K), 0.0073462 secs] [Times: user=0.10 sys=0.00, real=0.01 secs] 
2016-09-25T22:52:45.018-0400: 71.717: [GC (GCLocker Initiated GC) [PSYoungGen: 174899K->57807K(175104K)] 546862K->437869K(699392K), 0.0094802 secs] [Times: user=0.07 sys=0.01, real=0.01 secs] 
2016-09-25T22:52:45.091-0400: 71.791: [GC (GCLocker Initiated GC) [PSYoungGen: 145871K->47137K(175104K)] 532747K->442928K(699392K), 0.0158048 secs] [Times: user=0.16 sys=0.01, real=0.02 secs] 
2016-09-25T22:52:45.160-0400: 71.860: [GC (GCLocker Initiated GC) [PSYoungGen: 135201K->62525K(175104K)] 539177K->470053K(699392K), 0.0093882 secs] [Times: user=0.10 sys=0.00, real=0.01 secs] 
2016-09-25T22:52:45.231-0400: 71.931: [GC (GCLocker Initiated GC) [PSYoungGen: 150589K->38813K(175104K)] 564904K->463761K(699392K), 0.0240559 secs] [Times: user=0.22 sys=0.01, real=0.03 secs] 
2016-09-25T22:52:45.306-0400: 72.005: [GC (GCLocker Initiated GC) [PSYoungGen: 126877K->63525K(175104K)] 557335K->528511K(699392K), 0.0143760 secs] [Times: user=0.15 sys=0.00, real=0.01 secs] 
2016-09-25T22:52:45.377-0400: 72.077: [GC (GCLocker Initiated GC) [PSYoungGen: 151589K->56493K(175104K)] 616613K->533358K(699392K), 0.0089429 secs] [Times: user=0.08 sys=0.00, real=0.01 secs] 
2016-09-25T22:52:45.387-0400: 72.086: [Full GC (Ergonomics) [PSYoungGen: 56493K->0K(175104K)] [ParOldGen: 476864K->366171K(524288K)] 533358K->366171K(699392K), [Metaspace: 43755K->43755K(1087488K)], 0.0568931 secs] [Times: user=0.36 sys=0.01, real=0.06 secs] 
2016-09-25T22:52:45.500-0400: 72.200: [GC (GCLocker Initiated GC) [PSYoungGen: 88064K->78229K(175104K)] 461039K->451213K(699392K), 0.0096913 secs] [Times: user=0.14 sys=0.00, real=0.01 secs] 
2016-09-25T22:52:45.575-0400: 72.275: [GC (GCLocker Initiated GC) [PSYoungGen: 166293K->36049K(175104K)] 544718K->424727K(699392K), 0.0090174 secs] [Times: user=0.11 sys=0.00, real=0.01 secs] 
2016-09-25T22:52:45.626-0400: 72.326: [GC (GCLocker Initiated GC) [PSYoungGen: 124113K->57073K(175104K)] 512886K->468212K(699392K), 0.0070994 secs] [Times: user=0.09 sys=0.00, real=0.00 secs] 
2016-09-25T22:52:45.678-0400: 72.377: [GC (GCLocker Initiated GC) [PSYoungGen: 145137K->69083K(175104K)] 559439K->488641K(699392K), 0.0077084 secs] [Times: user=0.11 sys=0.00, real=0.01 secs] 
2016-09-25T22:52:45.733-0400: 72.432: [GC (GCLocker Initiated GC) [PSYoungGen: 157147K->43121K(175104K)] 578105K->470453K(699392K), 0.0108631 secs] [Times: user=0.10 sys=0.01, real=0.02 secs] 
2016-09-25T22:52:45.814-0400: 72.513: [GC (GCLocker Initiated GC) [PSYoungGen: 131185K->36424K(175104K)] 563948K->489118K(699392K), 0.0144449 secs] [Times: user=0.13 sys=0.00, real=0.02 secs] 
2016-09-25T22:52:45.897-0400: 72.596: [GC (GCLocker Initiated GC) [PSYoungGen: 124488K->52339K(175104K)] 584022K->519715K(699392K), 0.0078768 secs] [Times: user=0.07 sys=0.01, real=0.01 secs] 
2016-09-25T22:52:45.952-0400: 72.652: [GC (GCLocker Initiated GC) [PSYoungGen: 140403K->75956K(175104K)] 613300K->559014K(699392K), 0.0071768 secs] [Times: user=0.10 sys=0.00, real=0.01 secs] 
2016-09-25T22:52:46.036-0400: 72.736: [Full GC (Ergonomics) [PSYoungGen: 164020K->0K(175104K)] [ParOldGen: 485991K->375375K(524288K)] 650012K->375375K(699392K), [Metaspace: 43765K->43765K(1087488K)], 0.0775638 secs] [Times: user=0.71 sys=0.01, real=0.07 secs] 
2016-09-25T22:52:46.166-0400: 72.865: [GC (GCLocker Initiated GC) [PSYoungGen: 88064K->54973K(175104K)] 467720K->434629K(699392K), 0.0082929 secs] [Times: user=0.12 sys=0.00, real=0.00 secs] 
2016-09-25T22:52:46.222-0400: 72.922: [GC (GCLocker Initiated GC) [PSYoungGen: 143037K->52873K(175104K)] 522804K->448022K(699392K), 0.0083014 secs] [Times: user=0.07 sys=0.00, real=0.01 secs] 
2016-09-25T22:52:46.317-0400: 73.017: [GC (GCLocker Initiated GC) [PSYoungGen: 140937K->65095K(175104K)] 536361K->484574K(699392K), 0.0086281 secs] [Times: user=0.12 sys=0.00, real=0.01 secs] 
2016-09-25T22:52:46.381-0400: 73.080: [GC (GCLocker Initiated GC) [PSYoungGen: 153159K->67007K(175104K)] 575371K->503896K(699392K), 0.0078410 secs] [Times: user=0.12 sys=0.00, real=0.01 secs] 
2016-09-25T22:52:46.452-0400: 73.152: [GC (GCLocker Initiated GC) [PSYoungGen: 155071K->78561K(175104K)] 594714K->528015K(699392K), 0.0133874 secs] [Times: user=0.21 sys=0.00, real=0.02 secs] 
2016-09-25T22:52:46.536-0400: 73.235: [GC (GCLocker Initiated GC) [PSYoungGen: 166625K->63643K(175104K)] 616220K->535917K(699392K), 0.0083907 secs] [Times: user=0.06 sys=0.01, real=0.01 secs] 
2016-09-25T22:52:46.584-0400: 73.284: [GC (GCLocker Initiated GC) [PSYoungGen: 151707K->72285K(175104K)] 626810K->572907K(699392K), 0.0081918 secs] [Times: user=0.10 sys=0.01, real=0.00 secs] 
2016-09-25T22:52:46.592-0400: 73.292: [Full GC (Ergonomics) [PSYoungGen: 72285K->0K(175104K)] [ParOldGen: 500622K->386499K(524288K)] 572907K->386499K(699392K), [Metaspace: 43765K->43765K(1087488K)], 0.0719998 secs] [Times: user=0.56 sys=0.00, real=0.08 secs] 
2016-09-25T22:52:46.743-0400: 73.443: [GC (GCLocker Initiated GC) [PSYoungGen: 88064K->78413K(175104K)] 481399K->471748K(699392K), 0.0083499 secs] [Times: user=0.12 sys=0.00, real=0.00 secs] 
2016-09-25T22:52:46.800-0400: 73.500: [GC (GCLocker Initiated GC) [PSYoungGen: 166477K->64105K(175104K)] 570751K->477470K(699392K), 0.0063373 secs] [Times: user=0.08 sys=0.00, real=0.01 secs] 
2016-09-25T22:52:46.872-0400: 73.572: [GC (GCLocker Initiated GC) [PSYoungGen: 152169K->55817K(175104K)] 570726K->485124K(699392K), 0.0135962 secs] [Times: user=0.14 sys=0.01, real=0.02 secs] 
2016-09-25T22:52:46.953-0400: 73.652: [GC (GCLocker Initiated GC) [PSYoungGen: 143881K->71666K(175104K)] 575934K->525287K(699392K), 0.0136202 secs] [Times: user=0.14 sys=0.00, real=0.02 secs] 
2016-09-25T22:52:47.010-0400: 73.710: [GC (GCLocker Initiated GC) [PSYoungGen: 159730K->57145K(175104K)] 623012K->551121K(699392K), 0.0167293 secs] [Times: user=0.22 sys=0.01, real=0.02 secs] 
2016-09-25T22:52:47.027-0400: 73.727: [Full GC (Ergonomics) [PSYoungGen: 57145K->0K(175104K)] [ParOldGen: 493976K->388370K(524288K)] 551121K->388370K(699392K), [Metaspace: 43765K->43765K(1087488K)], 0.0808319 secs] [Times: user=0.52 sys=0.02, real=0.08 secs] 
2016-09-25T22:52:47.188-0400: 73.887: [GC (GCLocker Initiated GC) [PSYoungGen: 88064K->84032K(175104K)] 483349K->479317K(699392K), 0.0100906 secs] [Times: user=0.12 sys=0.00, real=0.01 secs] 
2016-09-25T22:52:47.238-0400: 73.938: [GC (GCLocker Initiated GC) [PSYoungGen: 172096K->53915K(175104K)] 570109K->478780K(699392K), 0.0128954 secs] [Times: user=0.16 sys=0.01, real=0.01 secs] 
2016-09-25T22:52:47.299-0400: 73.999: [GC (GCLocker Initiated GC) [PSYoungGen: 141979K->76343K(175104K)] 574814K->514118K(699392K), 0.0253762 secs] [Times: user=0.34 sys=0.00, real=0.03 secs] 
2016-09-25T22:52:47.383-0400: 74.083: [GC (GCLocker Initiated GC) [PSYoungGen: 164407K->75701K(175104K)] 606318K->531117K(699392K), 0.0186513 secs] [Times: user=0.13 sys=0.02, real=0.01 secs] 
2016-09-25T22:52:47.460-0400: 74.160: [GC (GCLocker Initiated GC) [PSYoungGen: 163765K->59474K(175104K)] 621995K->533405K(699392K), 0.0096285 secs] [Times: user=0.07 sys=0.00, real=0.01 secs] 
2016-09-25T22:52:47.524-0400: 74.224: [GC (GCLocker Initiated GC) [PSYoungGen: 147538K->78489K(175104K)] 628310K->571402K(699392K), 0.0102146 secs] [Times: user=0.13 sys=0.02, real=0.01 secs] 
2016-09-25T22:52:47.535-0400: 74.234: [Full GC (Ergonomics) [PSYoungGen: 78489K->0K(175104K)] [ParOldGen: 492912K->391097K(524288K)] 571402K->391097K(699392K), [Metaspace: 43765K->43765K(1087488K)], 0.0606749 secs] [Times: user=0.53 sys=0.01, real=0.06 secs] 
2016-09-25T22:52:47.666-0400: 74.366: [GC (GCLocker Initiated GC) [PSYoungGen: 88064K->70168K(175104K)] 482402K->464506K(699392K), 0.0098633 secs] [Times: user=0.15 sys=0.00, real=0.01 secs] 
2016-09-25T22:52:47.718-0400: 74.418: [GC (GCLocker Initiated GC) [PSYoungGen: 158232K->67978K(175104K)] 552846K->476962K(699392K), 0.0093215 secs] [Times: user=0.08 sys=0.01, real=0.01 secs] 
2016-09-25T22:52:47.790-0400: 74.490: [GC (GCLocker Initiated GC) [PSYoungGen: 156042K->63749K(175104K)] 567838K->509273K(699392K), 0.0073383 secs] [Times: user=0.10 sys=0.00, real=0.01 secs] 
2016-09-25T22:52:47.851-0400: 74.551: [GC (GCLocker Initiated GC) [PSYoungGen: 151813K->45067K(175104K)] 597434K->516168K(699392K), 0.0112547 secs] [Times: user=0.13 sys=0.01, real=0.02 secs] 
2016-09-25T22:52:47.932-0400: 74.631: [GC (GCLocker Initiated GC) [PSYoungGen: 133131K->75108K(175104K)] 611201K->558659K(699392K), 0.0102453 secs] [Times: user=0.11 sys=0.01, real=0.02 secs] 
2016-09-25T22:52:48.010-0400: 74.709: [Full GC (Ergonomics) [PSYoungGen: 163172K->0K(175104K)] [ParOldGen: 493108K->393726K(524288K)] 656281K->393726K(699392K), [Metaspace: 43781K->43781K(1087488K)], 0.0607760 secs] [Times: user=0.54 sys=0.00, real=0.06 secs] 
2016-09-25T22:52:48.125-0400: 74.825: [GC (GCLocker Initiated GC) [PSYoungGen: 88064K->85055K(175104K)] 481833K->478824K(699392K), 0.0105257 secs] [Times: user=0.18 sys=0.00, real=0.01 secs] 
2016-09-25T22:52:48.184-0400: 74.883: [GC (GCLocker Initiated GC) [PSYoungGen: 173119K->67547K(175104K)] 569790K->482627K(699392K), 0.0075113 secs] [Times: user=0.11 sys=0.00, real=0.00 secs] 
2016-09-25T22:52:48.239-0400: 74.938: [GC (GCLocker Initiated GC) [PSYoungGen: 155611K->76234K(175104K)] 576214K->503178K(699392K), 0.0100938 secs] [Times: user=0.10 sys=0.01, real=0.01 secs] 
2016-09-25T22:52:48.315-0400: 75.015: [GC (GCLocker Initiated GC) [PSYoungGen: 164298K->39588K(175104K)] 598461K->479069K(699392K), 0.0125336 secs] [Times: user=0.13 sys=0.00, real=0.01 secs] 
2016-09-25T22:52:48.389-0400: 75.088: [GC (GCLocker Initiated GC) [PSYoungGen: 127652K->55445K(175104K)] 569839K->514054K(699392K), 0.0139750 secs] [Times: user=0.16 sys=0.00, real=0.02 secs] 
2016-09-25T22:52:48.461-0400: 75.160: [GC (GCLocker Initiated GC) [PSYoungGen: 143509K->64914K(175104K)] 602159K->538269K(699392K), 0.0080009 secs] [Times: user=0.08 sys=0.00, real=0.01 secs] 
2016-09-25T22:52:48.519-0400: 75.218: [GC (GCLocker Initiated GC) [PSYoungGen: 152978K->73326K(175104K)] 630456K->562649K(699392K), 0.0103001 secs] [Times: user=0.11 sys=0.00, real=0.01 secs] 
2016-09-25T22:52:48.582-0400: 75.282: [Full GC (Ergonomics) [PSYoungGen: 161390K->0K(175104K)] [ParOldGen: 494764K->406170K(524288K)] 656155K->406170K(699392K), [Metaspace: 43781K->43781K(1087488K)], 0.0794497 secs] [Times: user=0.49 sys=0.01, real=0.07 secs] 
2016-09-25T22:52:48.723-0400: 75.423: [GC (GCLocker Initiated GC) [PSYoungGen: 88064K->59445K(175104K)] 496992K->468373K(699392K), 0.0093686 secs] [Times: user=0.09 sys=0.00, real=0.00 secs] 
2016-09-25T22:52:48.785-0400: 75.485: [GC (GCLocker Initiated GC) [PSYoungGen: 147509K->55639K(175104K)] 562017K->487173K(699392K), 0.0262798 secs] [Times: user=0.29 sys=0.01, real=0.02 secs] 
2016-09-25T22:52:48.870-0400: 75.570: [GC (GCLocker Initiated GC) [PSYoungGen: 143703K->59925K(175104K)] 575319K->503676K(699392K), 0.0079532 secs] [Times: user=0.08 sys=0.00, real=0.01 secs] 
2016-09-25T22:52:48.926-0400: 75.625: [GC (GCLocker Initiated GC) [PSYoungGen: 147989K->43294K(175104K)] 592758K->519094K(699392K), 0.0198765 secs] [Times: user=0.26 sys=0.00, real=0.02 secs] 
2016-09-25T22:52:48.991-0400: 75.691: [GC (GCLocker Initiated GC) [PSYoungGen: 131358K->69949K(175104K)] 607276K->556337K(699392K), 0.0161944 secs] [Times: user=0.19 sys=0.00, real=0.02 secs] 
2016-09-25T22:52:49.057-0400: 75.757: [GC (GCLocker Initiated GC) [PSYoungGen: 158013K->66913K(175104K)] 644452K->582502K(699392K), 0.0099996 secs] [Times: user=0.11 sys=0.00, real=0.01 secs] 
2016-09-25T22:52:49.067-0400: 75.767: [Full GC (Ergonomics) [PSYoungGen: 66913K->0K(175104K)] [ParOldGen: 515588K->414229K(524288K)] 582502K->414229K(699392K), [Metaspace: 43781K->43781K(1087488K)], 0.0607655 secs] [Times: user=0.58 sys=0.00, real=0.06 secs] 
2016-09-25T22:52:49.190-0400: 75.890: [GC (GCLocker Initiated GC) [PSYoungGen: 88064K->59358K(175104K)] 505098K->476392K(699392K), 0.0067639 secs] [Times: user=0.06 sys=0.01, real=0.01 secs] 
2016-09-25T22:52:49.254-0400: 75.953: [GC (GCLocker Initiated GC) [PSYoungGen: 147422K->73481K(175104K)] 564557K->510404K(699392K), 0.0072189 secs] [Times: user=0.08 sys=0.00, real=0.01 secs] 
2016-09-25T22:52:49.321-0400: 76.021: [GC (GCLocker Initiated GC) [PSYoungGen: 161545K->71154K(175104K)] 605714K->523492K(699392K), 0.0081638 secs] [Times: user=0.09 sys=0.00, real=0.01 secs] 
2016-09-25T22:52:49.381-0400: 76.081: [GC (GCLocker Initiated GC) [PSYoungGen: 159218K->63394K(151552K)] 614382K->532436K(675840K), 0.0161655 secs] [Times: user=0.17 sys=0.00, real=0.02 secs] 
2016-09-25T22:52:49.449-0400: 76.148: [GC (GCLocker Initiated GC) [PSYoungGen: 151458K->79943K(174080K)] 620662K->559403K(698368K), 0.0075742 secs] [Times: user=0.07 sys=0.00, real=0.01 secs] 
2016-09-25T22:52:49.512-0400: 76.211: [GC (GCLocker Initiated GC) [PSYoungGen: 167495K->53516K(174592K)] 657046K->556363K(698880K), 0.0072663 secs] [Times: user=0.07 sys=0.00, real=0.01 secs] 
2016-09-25T22:52:49.519-0400: 76.219: [Full GC (Ergonomics) [PSYoungGen: 53516K->0K(174592K)] [ParOldGen: 502847K->409088K(524288K)] 556363K->409088K(698880K), [Metaspace: 43781K->43781K(1087488K)], 0.0627018 secs] [Times: user=0.47 sys=0.00, real=0.06 secs] 
2016-09-25T22:52:49.640-0400: 76.339: [GC (GCLocker Initiated GC) [PSYoungGen: 87552K->76164K(175104K)] 499444K->488057K(699392K), 0.0082205 secs] [Times: user=0.10 sys=0.00, real=0.01 secs] 
2016-09-25T22:52:49.698-0400: 76.398: [GC (GCLocker Initiated GC) [PSYoungGen: 164228K->51418K(175104K)] 577846K->502927K(699392K), 0.0130510 secs] [Times: user=0.16 sys=0.00, real=0.01 secs] 
2016-09-25T22:52:49.762-0400: 76.462: [GC (GCLocker Initiated GC) [PSYoungGen: 139482K->69203K(175104K)] 594880K->528393K(699392K), 0.0100782 secs] [Times: user=0.10 sys=0.01, real=0.00 secs] 
2016-09-25T22:52:49.832-0400: 76.531: [GC (GCLocker Initiated GC) [PSYoungGen: 157267K->30435K(175104K)] 621009K->518389K(699392K), 0.0167256 secs] [Times: user=0.15 sys=0.01, real=0.02 secs] 
2016-09-25T22:52:49.848-0400: 76.548: [Full GC (Ergonomics) [PSYoungGen: 30435K->0K(175104K)] [ParOldGen: 487954K->411978K(524288K)] 518389K->411978K(699392K), [Metaspace: 43781K->43781K(1087488K)], 0.0582301 secs] [Times: user=0.44 sys=0.00, real=0.06 secs] 
2016-09-25T22:52:49.940-0400: 76.640: [GC (GCLocker Initiated GC) [PSYoungGen: 88064K->85413K(175104K)] 502822K->508272K(699392K), 0.0094606 secs] [Times: user=0.13 sys=0.00, real=0.01 secs] 
2016-09-25T22:52:50.012-0400: 76.711: [GC (GCLocker Initiated GC) [PSYoungGen: 173477K->73329K(175104K)] 600639K->516333K(699392K), 0.0098480 secs] [Times: user=0.11 sys=0.00, real=0.01 secs] 
2016-09-25T22:52:50.084-0400: 76.783: [GC (GCLocker Initiated GC) [PSYoungGen: 161393K->52712K(175104K)] 608852K->516163K(699392K), 0.0088709 secs] [Times: user=0.11 sys=0.00, real=0.00 secs] 
2016-09-25T22:52:50.136-0400: 76.836: [GC (GCLocker Initiated GC) [PSYoungGen: 140776K->67812K(175104K)] 607034K->539012K(699392K), 0.0096417 secs] [Times: user=0.10 sys=0.01, real=0.01 secs] 
2016-09-25T22:52:50.197-0400: 76.896: [GC (GCLocker Initiated GC) [PSYoungGen: 155876K->86758K(175104K)] 632617K->570004K(699392K), 0.0101215 secs] [Times: user=0.12 sys=0.00, real=0.01 secs] 
2016-09-25T22:52:50.267-0400: 76.966: [GC (GCLocker Initiated GC) [PSYoungGen: 174822K->59399K(175104K)] 660846K->558685K(699392K), 0.0069475 secs] [Times: user=0.07 sys=0.00, real=0.00 secs] 
2016-09-25T22:52:50.274-0400: 76.973: [Full GC (Ergonomics) [PSYoungGen: 59399K->0K(175104K)] [ParOldGen: 499286K->422458K(524288K)] 558685K->422458K(699392K), [Metaspace: 43781K->43781K(1087488K)], 0.0647026 secs] [Times: user=0.59 sys=0.01, real=0.07 secs] 
2016-09-25T22:52:50.402-0400: 77.101: [GC (GCLocker Initiated GC) [PSYoungGen: 88064K->68969K(175104K)] 516007K->496912K(699392K), 0.0104792 secs] [Times: user=0.11 sys=0.01, real=0.01 secs] 
2016-09-25T22:52:50.466-0400: 77.166: [GC (GCLocker Initiated GC) [PSYoungGen: 157033K->72168K(175104K)] 586544K->516160K(699392K), 0.0102549 secs] [Times: user=0.14 sys=0.00, real=0.01 secs] 
2016-09-25T22:52:50.531-0400: 77.231: [GC (GCLocker Initiated GC) [PSYoungGen: 160232K->66635K(175104K)] 609745K->536556K(699392K), 0.0066705 secs] [Times: user=0.10 sys=0.00, real=0.01 secs] 
2016-09-25T22:52:50.583-0400: 77.282: [GC (GCLocker Initiated GC) [PSYoungGen: 154699K->66482K(175104K)] 624809K->559382K(699392K), 0.0078974 secs] [Times: user=0.09 sys=0.01, real=0.00 secs] 
2016-09-25T22:52:50.591-0400: 77.290: [Full GC (Ergonomics) [PSYoungGen: 66482K->0K(175104K)] [ParOldGen: 492900K->425560K(524288K)] 559382K->425560K(699392K), [Metaspace: 43781K->43781K(1087488K)], 0.0585279 secs] [Times: user=0.59 sys=0.00, real=0.06 secs] 
2016-09-25T22:52:50.713-0400: 77.413: [GC (GCLocker Initiated GC) [PSYoungGen: 88064K->77039K(175104K)] 513791K->502767K(699392K), 0.0105819 secs] [Times: user=0.15 sys=0.02, real=0.02 secs] 
2016-09-25T22:52:50.783-0400: 77.483: [GC (GCLocker Initiated GC) [PSYoungGen: 165103K->59633K(175104K)] 596192K->503846K(699392K), 0.0070955 secs] [Times: user=0.09 sys=0.00, real=0.00 secs] 
2016-09-25T22:52:50.833-0400: 77.533: [GC (GCLocker Initiated GC) [PSYoungGen: 147697K->70311K(175104K)] 597453K->534805K(699392K), 0.0071290 secs] [Times: user=0.10 sys=0.00, real=0.01 secs] 
2016-09-25T22:52:50.902-0400: 77.601: [GC (GCLocker Initiated GC) [PSYoungGen: 158375K->61122K(175104K)] 629836K->549784K(699392K), 0.0130936 secs] [Times: user=0.16 sys=0.01, real=0.02 secs] 
2016-09-25T22:52:50.994-0400: 77.694: [Full GC (Ergonomics) [PSYoungGen: 149186K->0K(175104K)] [ParOldGen: 498144K->420326K(524288K)] 647330K->420326K(699392K), [Metaspace: 43781K->43781K(1087488K)], 0.1207371 secs] [Times: user=1.61 sys=0.01, real=0.13 secs] 
2016-09-25T22:52:51.191-0400: 77.891: [GC (GCLocker Initiated GC) [PSYoungGen: 88064K->72687K(175104K)] 512532K->497156K(699392K), 0.0128738 secs] [Times: user=0.17 sys=0.00, real=0.02 secs] 
2016-09-25T22:52:51.245-0400: 77.945: [GC (GCLocker Initiated GC) [PSYoungGen: 160751K->68737K(175104K)] 588021K->526348K(699392K), 0.0091155 secs] [Times: user=0.14 sys=0.00, real=0.01 secs] 
2016-09-25T22:52:51.316-0400: 78.016: [GC (Allocation Failure) [PSYoungGen: 156801K->48609K(175104K)] 620148K->546512K(699392K), 0.0142778 secs] [Times: user=0.13 sys=0.00, real=0.01 secs] 
2016-09-25T22:52:51.331-0400: 78.030: [Full GC (Ergonomics) [PSYoungGen: 48609K->0K(175104K)] [ParOldGen: 497902K->427791K(524288K)] 546512K->427791K(699392K), [Metaspace: 43781K->43781K(1087488K)], 0.0916966 secs] [Times: user=0.74 sys=0.00, real=0.10 secs] 
2016-09-25T22:52:51.423-0400: 78.123: [GC (GCLocker Initiated GC) [PSYoungGen: 120K->192K(175104K)] 427911K->427983K(699392K), 0.0031893 secs] [Times: user=0.03 sys=0.00, real=0.00 secs] 
2016-09-25T22:52:51.472-0400: 78.172: [GC (GCLocker Initiated GC) [PSYoungGen: 88256K->60973K(175104K)] 518751K->491500K(699392K), 0.0066617 secs] [Times: user=0.09 sys=0.00, real=0.01 secs] 
2016-09-25T22:52:51.539-0400: 78.240: [GC (GCLocker Initiated GC) [PSYoungGen: 149037K->76180K(175104K)] 581057K->511976K(699392K), 0.0109401 secs] [Times: user=0.12 sys=0.00, real=0.01 secs] 
2016-09-25T22:52:51.616-0400: 78.316: [GC (GCLocker Initiated GC) [PSYoungGen: 164244K->63217K(175104K)] 606918K->518173K(699392K), 0.0104124 secs] [Times: user=0.14 sys=0.01, real=0.01 secs] 
2016-09-25T22:52:51.672-0400: 78.371: [GC (GCLocker Initiated GC) [PSYoungGen: 151281K->47259K(175104K)] 613107K->523205K(699392K), 0.0120971 secs] [Times: user=0.13 sys=0.00, real=0.02 secs] 
2016-09-25T22:52:51.725-0400: 78.424: [GC (GCLocker Initiated GC) [PSYoungGen: 135323K->82889K(175104K)] 614497K->567001K(699392K), 0.0218650 secs] [Times: user=0.26 sys=0.02, real=0.02 secs] 
2016-09-25T22:52:51.823-0400: 78.522: [GC (GCLocker Initiated GC) [PSYoungGen: 170953K->53675K(175104K)] 659890K->559813K(699392K), 0.0106766 secs] [Times: user=0.12 sys=0.01, real=0.00 secs] 
2016-09-25T22:52:51.834-0400: 78.533: [Full GC (Ergonomics) [PSYoungGen: 53675K->0K(175104K)] [ParOldGen: 506137K->427237K(524288K)] 559813K->427237K(699392K), [Metaspace: 43782K->43782K(1087488K)], 0.0665872 secs] [Times: user=0.54 sys=0.02, real=0.07 secs] 
2016-09-25T22:52:51.966-0400: 78.666: [GC (GCLocker Initiated GC) [PSYoungGen: 88064K->63929K(175104K)] 524425K->500290K(699392K), 0.0104984 secs] [Times: user=0.17 sys=0.00, real=0.01 secs] 
2016-09-25T22:52:52.041-0400: 78.741: [GC (GCLocker Initiated GC) [PSYoungGen: 151993K->64604K(175104K)] 594613K->519334K(699392K), 0.0086518 secs] [Times: user=0.14 sys=0.01, real=0.01 secs] 
2016-09-25T22:52:52.103-0400: 78.802: [GC (GCLocker Initiated GC) [PSYoungGen: 152668K->60499K(175104K)] 612953K->548451K(699392K), 0.0076758 secs] [Times: user=0.10 sys=0.02, real=0.00 secs] 
2016-09-25T22:52:52.110-0400: 78.810: [Full GC (Ergonomics) [PSYoungGen: 60499K->0K(175104K)] [ParOldGen: 487951K->435164K(524288K)] 548451K->435164K(699392K), [Metaspace: 43782K->43782K(1087488K)], 0.0574833 secs] [Times: user=0.60 sys=0.06, real=0.06 secs] 
2016-09-25T22:52:52.235-0400: 78.935: [GC (GCLocker Initiated GC) [PSYoungGen: 88064K->74457K(175104K)] 528701K->515095K(699392K), 0.0104195 secs] [Times: user=0.17 sys=0.01, real=0.01 secs] 
2016-09-25T22:52:52.298-0400: 78.998: [GC (GCLocker Initiated GC) [PSYoungGen: 162521K->86376K(175104K)] 605982K->549814K(699392K), 0.0139395 secs] [Times: user=0.19 sys=0.02, real=0.01 secs] 
2016-09-25T22:52:52.370-0400: 79.070: [GC (GCLocker Initiated GC) [PSYoungGen: 174440K->60454K(175104K)] 641245K->552421K(699392K), 0.0077240 secs] [Times: user=0.11 sys=0.01, real=0.01 secs] 
2016-09-25T22:52:52.378-0400: 79.078: [Full GC (Ergonomics) [PSYoungGen: 60454K->0K(175104K)] [ParOldGen: 491966K->432438K(524288K)] 552421K->432438K(699392K), [Metaspace: 43782K->43782K(1087488K)], 0.0512423 secs] [Times: user=0.48 sys=0.01, real=0.05 secs] 
2016-09-25T22:52:52.470-0400: 79.170: [GC (GCLocker Initiated GC) [PSYoungGen: 88064K->67525K(175104K)] 523277K->502738K(699392K), 0.0087048 secs] [Times: user=0.07 sys=0.01, real=0.01 secs] 
2016-09-25T22:52:52.533-0400: 79.233: [GC (GCLocker Initiated GC) [PSYoungGen: 155589K->55410K(175104K)] 593696K->529652K(699392K), 0.0137806 secs] [Times: user=0.15 sys=0.00, real=0.02 secs] 
2016-09-25T22:52:52.593-0400: 79.292: [GC (GCLocker Initiated GC) [PSYoungGen: 143474K->51198K(175104K)] 619327K->546993K(699392K), 0.0090261 secs] [Times: user=0.09 sys=0.01, real=0.01 secs] 
2016-09-25T22:52:52.602-0400: 79.302: [Full GC (Ergonomics) [PSYoungGen: 51198K->0K(175104K)] [ParOldGen: 495795K->430051K(524288K)] 546993K->430051K(699392K), [Metaspace: 43817K->43817K(1087488K)], 0.0537683 secs] [Times: user=0.51 sys=0.00, real=0.06 secs] 
2016-09-25T22:52:52.699-0400: 79.398: [GC (GCLocker Initiated GC) [PSYoungGen: 88064K->69161K(175104K)] 524997K->506095K(699392K), 0.0070072 secs] [Times: user=0.10 sys=0.00, real=0.01 secs] 
2016-09-25T22:52:52.751-0400: 79.451: [GC (GCLocker Initiated GC) [PSYoungGen: 157225K->85277K(175104K)] 599723K->541107K(699392K), 0.0085393 secs] [Times: user=0.12 sys=0.01, real=0.01 secs] 
2016-09-25T22:52:52.808-0400: 79.508: [GC (GCLocker Initiated GC) [PSYoungGen: 173341K->63194K(175104K)] 633370K->544562K(699392K), 0.0073406 secs] [Times: user=0.10 sys=0.00, real=0.01 secs] 
2016-09-25T22:52:52.848-0400: 79.547: [Full GC (Ergonomics) [PSYoungGen: 151258K->0K(175104K)] [ParOldGen: 486959K->443287K(524288K)] 638218K->443287K(699392K), [Metaspace: 43823K->43823K(1087488K)], 0.0542677 secs] [Times: user=0.51 sys=0.00, real=0.05 secs] 
2016-09-25T22:52:52.948-0400: 79.648: [GC (Allocation Failure) [PSYoungGen: 88064K->78867K(175104K)] 537086K->527889K(699392K), 0.0109860 secs] [Times: user=0.17 sys=0.01, real=0.01 secs] 
2016-09-25T22:52:53.001-0400: 79.700: [GC (GCLocker Initiated GC) [PSYoungGen: 164674K->60516K(175104K)] 616396K->519052K(699392K), 0.0065202 secs] [Times: user=0.08 sys=0.00, real=0.01 secs] 
2016-09-25T22:52:53.051-0400: 79.751: [GC (GCLocker Initiated GC) [PSYoungGen: 148580K->63477K(175104K)] 609900K->537567K(699392K), 0.0077806 secs] [Times: user=0.08 sys=0.00, real=0.01 secs] 
2016-09-25T22:52:53.098-0400: 79.798: [GC (GCLocker Initiated GC) [PSYoungGen: 151541K->78269K(175104K)] 629800K->588435K(699392K), 0.0124639 secs] [Times: user=0.16 sys=0.00, real=0.01 secs] 
2016-09-25T22:52:53.111-0400: 79.810: [Full GC (Ergonomics) [PSYoungGen: 78269K->0K(175104K)] [ParOldGen: 510166K->443101K(524288K)] 588435K->443101K(699392K), [Metaspace: 43844K->43844K(1087488K)], 0.0527383 secs] [Times: user=0.50 sys=0.00, real=0.06 secs] 
2016-09-25T22:52:53.208-0400: 79.907: [GC (GCLocker Initiated GC) [PSYoungGen: 88064K->55326K(175104K)] 536637K->503900K(699392K), 0.0057139 secs] [Times: user=0.07 sys=0.00, real=0.00 secs] 
2016-09-25T22:52:53.249-0400: 79.948: [GC (GCLocker Initiated GC) [PSYoungGen: 143390K->60791K(175104K)] 597445K->533306K(699392K), 0.0079239 secs] [Times: user=0.10 sys=0.00, real=0.01 secs] 
2016-09-25T22:52:53.300-0400: 79.999: [GC (GCLocker Initiated GC) [PSYoungGen: 148855K->79438K(175104K)] 626923K->563825K(699392K), 0.0081018 secs] [Times: user=0.12 sys=0.00, real=0.01 secs] 
2016-09-25T22:52:53.348-0400: 80.047: [GC (GCLocker Initiated GC) [PSYoungGen: 167502K->83723K(175104K)] 651981K->576960K(699392K), 0.0090863 secs] [Times: user=0.14 sys=0.00, real=0.01 secs] 
2016-09-25T22:52:53.357-0400: 80.056: [Full GC (Ergonomics) [PSYoungGen: 83723K->0K(175104K)] [ParOldGen: 493236K->448001K(524288K)] 576960K->448001K(699392K), [Metaspace: 43846K->43846K(1087488K)], 0.0582425 secs] [Times: user=0.42 sys=0.00, real=0.06 secs] 
2016-09-25T22:52:53.455-0400: 80.154: [GC (GCLocker Initiated GC) [PSYoungGen: 88064K->75815K(175104K)] 538809K->526561K(699392K), 0.0080040 secs] [Times: user=0.12 sys=0.00, real=0.01 secs] 
2016-09-25T22:52:53.507-0400: 80.207: [GC (GCLocker Initiated GC) [PSYoungGen: 163879K->70235K(175104K)] 617402K->531617K(699392K), 0.0077182 secs] [Times: user=0.12 sys=0.00, real=0.01 secs] 
2016-09-25T22:52:53.551-0400: 80.250: [GC (GCLocker Initiated GC) [PSYoungGen: 158299K->49478K(175104K)] 622524K->533460K(699392K), 0.0080807 secs] [Times: user=0.08 sys=0.01, real=0.01 secs] 
2016-09-25T22:52:53.596-0400: 80.295: [GC (GCLocker Initiated GC) [PSYoungGen: 137542K->67339K(175104K)] 621594K->581705K(699392K), 0.0092620 secs] [Times: user=0.14 sys=0.00, real=0.01 secs] 
2016-09-25T22:52:53.605-0400: 80.305: [Full GC (Ergonomics) [PSYoungGen: 67339K->0K(175104K)] [ParOldGen: 514366K->440698K(524288K)] 581705K->440698K(699392K), [Metaspace: 43850K->43850K(1087488K)], 0.0513363 secs] [Times: user=0.48 sys=0.00, real=0.05 secs] 
2016-09-25T22:52:53.693-0400: 80.392: [GC (GCLocker Initiated GC) [PSYoungGen: 88064K->86510K(175104K)] 531519K->532666K(699392K), 0.0076368 secs] [Times: user=0.10 sys=0.01, real=0.01 secs] 
2016-09-25T22:52:53.740-0400: 80.440: [GC (GCLocker Initiated GC) [PSYoungGen: 174574K->66226K(175104K)] 626347K->554111K(699392K), 0.0080922 secs] [Times: user=0.13 sys=0.00, real=0.01 secs] 
2016-09-25T22:52:53.749-0400: 80.448: [Full GC (Ergonomics) [PSYoungGen: 66226K->0K(175104K)] [ParOldGen: 487885K->448437K(524288K)] 554111K->448437K(699392K), [Metaspace: 43850K->43850K(1087488K)], 0.0556161 secs] [Times: user=0.52 sys=0.00, real=0.06 secs] 
2016-09-25T22:52:53.844-0400: 80.543: [GC (GCLocker Initiated GC) [PSYoungGen: 88064K->75922K(175104K)] 544836K->532695K(699392K), 0.0074935 secs] [Times: user=0.12 sys=0.00, real=0.00 secs] 
2016-09-25T22:52:53.902-0400: 80.601: [GC (GCLocker Initiated GC) [PSYoungGen: 163986K->66416K(175104K)] 630318K->535290K(699392K), 0.0068903 secs] [Times: user=0.08 sys=0.00, real=0.01 secs] 
2016-09-25T22:52:53.957-0400: 80.656: [GC (GCLocker Initiated GC) [PSYoungGen: 154480K->62026K(175104K)] 624822K->546929K(699392K), 0.0071653 secs] [Times: user=0.12 sys=0.00, real=0.01 secs] 
2016-09-25T22:52:53.964-0400: 80.664: [Full GC (Ergonomics) [PSYoungGen: 62026K->0K(175104K)] [ParOldGen: 484902K->442255K(524288K)] 546929K->442255K(699392K), [Metaspace: 43851K->43851K(1087488K)], 0.0535979 secs] [Times: user=0.48 sys=0.00, real=0.05 secs] 
2016-09-25T22:52:54.056-0400: 80.755: [GC (GCLocker Initiated GC) [PSYoungGen: 88064K->74571K(175104K)] 530428K->516935K(699392K), 0.0074211 secs] [Times: user=0.11 sys=0.01, real=0.01 secs] 
2016-09-25T22:52:54.107-0400: 80.806: [GC (GCLocker Initiated GC) [PSYoungGen: 162635K->82455K(175104K)] 611859K->539620K(699392K), 0.0087736 secs] [Times: user=0.13 sys=0.00, real=0.01 secs] 
2016-09-25T22:52:54.164-0400: 80.863: [GC (GCLocker Initiated GC) [PSYoungGen: 170519K->60539K(175104K)] 629376K->539343K(699392K), 0.0068135 secs] [Times: user=0.09 sys=0.00, real=0.00 secs] 
2016-09-25T22:52:54.217-0400: 80.917: [GC (GCLocker Initiated GC) [PSYoungGen: 148603K->66067K(175104K)] 630235K->564586K(699392K), 0.0073649 secs] [Times: user=0.12 sys=0.00, real=0.01 secs] 
2016-09-25T22:52:54.225-0400: 80.924: [Full GC (Ergonomics) [PSYoungGen: 66067K->0K(175104K)] [ParOldGen: 498518K->447359K(524288K)] 564586K->447359K(699392K), [Metaspace: 43852K->43852K(1087488K)], 0.0482513 secs] [Times: user=0.43 sys=0.00, real=0.04 secs] 
2016-09-25T22:52:54.310-0400: 81.009: [GC (GCLocker Initiated GC) [PSYoungGen: 88064K->77230K(175104K)] 535482K->524648K(699392K), 0.0078189 secs] [Times: user=0.11 sys=0.00, real=0.01 secs] 
2016-09-25T22:52:54.354-0400: 81.054: [GC (GCLocker Initiated GC) [PSYoungGen: 165294K->70352K(175104K)] 612903K->540683K(699392K), 0.0074926 secs] [Times: user=0.12 sys=0.00, real=0.00 secs] 
2016-09-25T22:52:54.409-0400: 81.109: [GC (GCLocker Initiated GC) [PSYoungGen: 158416K->52930K(175104K)] 638381K->555521K(699392K), 0.0073717 secs] [Times: user=0.12 sys=0.00, real=0.01 secs] 
2016-09-25T22:52:54.417-0400: 81.116: [Full GC (Ergonomics) [PSYoungGen: 52930K->0K(175104K)] [ParOldGen: 502590K->451935K(524288K)] 555521K->451935K(699392K), [Metaspace: 43852K->43852K(1087488K)], 0.0497035 secs] [Times: user=0.47 sys=0.00, real=0.05 secs] 
2016-09-25T22:52:54.511-0400: 81.210: [GC (GCLocker Initiated GC) [PSYoungGen: 88064K->79792K(175104K)] 542893K->534622K(699392K), 0.0072328 secs] [Times: user=0.11 sys=0.00, real=0.01 secs] 
2016-09-25T22:52:54.557-0400: 81.257: [GC (GCLocker Initiated GC) [PSYoungGen: 167856K->62157K(175104K)] 626017K->555121K(699392K), 0.0087565 secs] [Times: user=0.12 sys=0.00, real=0.01 secs] 
2016-09-25T22:52:54.566-0400: 81.266: [Full GC (Ergonomics) [PSYoungGen: 62157K->0K(175104K)] [ParOldGen: 492963K->448979K(524288K)] 555121K->448979K(699392K), [Metaspace: 43853K->43853K(1087488K)], 0.0542282 secs] [Times: user=0.51 sys=0.01, real=0.05 secs] 
2016-09-25T22:52:54.665-0400: 81.364: [GC (GCLocker Initiated GC) [PSYoungGen: 88064K->81609K(175104K)] 541246K->534791K(699392K), 0.0079245 secs] [Times: user=0.11 sys=0.01, real=0.00 secs] 
2016-09-25T22:52:54.718-0400: 81.417: [GC (GCLocker Initiated GC) [PSYoungGen: 169673K->63463K(175104K)] 622970K->537096K(699392K), 0.0072777 secs] [Times: user=0.10 sys=0.00, real=0.01 secs] 
2016-09-25T22:52:54.762-0400: 81.462: [GC (GCLocker Initiated GC) [PSYoungGen: 151527K->63802K(175104K)] 630615K->568126K(699392K), 0.0079931 secs] [Times: user=0.10 sys=0.00, real=0.00 secs] 
2016-09-25T22:52:54.771-0400: 81.470: [Full GC (Ergonomics) [PSYoungGen: 63802K->0K(175104K)] [ParOldGen: 504323K->460539K(524288K)] 568126K->460539K(699392K), [Metaspace: 43853K->43853K(1087488K)], 0.0562162 secs] [Times: user=0.53 sys=0.00, real=0.06 secs] 
2016-09-25T22:52:54.874-0400: 81.573: [GC (GCLocker Initiated GC) [PSYoungGen: 88064K->74933K(175104K)] 554039K->540909K(699392K), 0.0097331 secs] [Times: user=0.14 sys=0.00, real=0.02 secs] 
2016-09-25T22:52:54.932-0400: 81.631: [GC (GCLocker Initiated GC) [PSYoungGen: 162997K->70149K(175104K)] 631835K->544638K(699392K), 0.0086186 secs] [Times: user=0.10 sys=0.00, real=0.01 secs] 
2016-09-25T22:52:54.980-0400: 81.679: [GC (GCLocker Initiated GC) [PSYoungGen: 158213K->85019K(175104K)] 632795K->567146K(699392K), 0.0088979 secs] [Times: user=0.13 sys=0.00, real=0.01 secs] 
2016-09-25T22:52:55.034-0400: 81.733: [Full GC (Ergonomics) [PSYoungGen: 173083K->0K(175104K)] [ParOldGen: 487709K->460604K(524288K)] 660793K->460604K(699392K), [Metaspace: 43853K->43853K(1087488K)], 0.0594008 secs] [Times: user=0.38 sys=0.01, real=0.06 secs] 
2016-09-25T22:52:55.141-0400: 81.841: [GC (GCLocker Initiated GC) [PSYoungGen: 88064K->56001K(175104K)] 551513K->519450K(699392K), 0.0111256 secs] [Times: user=0.13 sys=0.00, real=0.01 secs] 
2016-09-25T22:52:55.187-0400: 81.886: [GC (GCLocker Initiated GC) [PSYoungGen: 144065K->79611K(175104K)] 610431K->557001K(699392K), 0.0094742 secs] [Times: user=0.15 sys=0.00, real=0.01 secs] 
2016-09-25T22:52:55.242-0400: 81.942: [GC (GCLocker Initiated GC) [PSYoungGen: 167675K->41925K(175104K)] 650568K->547193K(699392K), 0.0088274 secs] [Times: user=0.10 sys=0.00, real=0.00 secs] 
2016-09-25T22:52:55.251-0400: 81.951: [Full GC (Ergonomics) [PSYoungGen: 41925K->0K(175104K)] [ParOldGen: 505267K->454515K(524288K)] 547193K->454515K(699392K), [Metaspace: 43853K->43853K(1087488K)], 0.0505838 secs] [Times: user=0.45 sys=0.02, real=0.05 secs] 
2016-09-25T22:52:55.345-0400: 82.045: [GC (GCLocker Initiated GC) [PSYoungGen: 88064K->84449K(175104K)] 549146K->545531K(699392K), 0.0086730 secs] [Times: user=0.12 sys=0.00, real=0.01 secs] 
2016-09-25T22:52:55.401-0400: 82.100: [GC (GCLocker Initiated GC) [PSYoungGen: 172513K->56746K(175104K)] 637756K->546550K(699392K), 0.0080366 secs] [Times: user=0.13 sys=0.01, real=0.01 secs] 
2016-09-25T22:52:55.409-0400: 82.109: [Full GC (Ergonomics) [PSYoungGen: 56746K->0K(175104K)] [ParOldGen: 489804K->461360K(524288K)] 546550K->461360K(699392K), [Metaspace: 43853K->43853K(1087488K)], 0.0508253 secs] [Times: user=0.46 sys=0.00, real=0.05 secs] 
2016-09-25T22:52:55.497-0400: 82.197: [GC (GCLocker Initiated GC) [PSYoungGen: 88064K->72229K(175104K)] 552349K->536515K(699392K), 0.0148398 secs] [Times: user=0.19 sys=0.00, real=0.01 secs] 
2016-09-25T22:52:55.555-0400: 82.254: [GC (GCLocker Initiated GC) [PSYoungGen: 160293K->71667K(175104K)] 627340K->552369K(699392K), 0.0075466 secs] [Times: user=0.08 sys=0.01, real=0.01 secs] 
2016-09-25T22:52:55.605-0400: 82.304: [GC (GCLocker Initiated GC) [PSYoungGen: 159731K->44531K(175104K)] 640532K->558700K(699392K), 0.0077866 secs] [Times: user=0.11 sys=0.00, real=0.00 secs] 
2016-09-25T22:52:55.613-0400: 82.312: [Full GC (Ergonomics) [PSYoungGen: 44531K->0K(175104K)] [ParOldGen: 514168K->457957K(524288K)] 558700K->457957K(699392K), [Metaspace: 43866K->43866K(1087488K)], 0.0518310 secs] [Times: user=0.52 sys=0.00, real=0.06 secs] 
2016-09-25T22:52:55.704-0400: 82.404: [GC (GCLocker Initiated GC) [PSYoungGen: 88064K->87025K(175104K)] 546334K->545296K(699392K), 0.0093177 secs] [Times: user=0.12 sys=0.01, real=0.00 secs] 
2016-09-25T22:52:55.759-0400: 82.458: [GC (GCLocker Initiated GC) [PSYoungGen: 175089K->49653K(175104K)] 633536K->528487K(699392K), 0.0099989 secs] [Times: user=0.13 sys=0.00, real=0.01 secs] 
2016-09-25T22:52:55.808-0400: 82.507: [Full GC (Ergonomics) [PSYoungGen: 137717K->0K(175104K)] [ParOldGen: 481654K->465382K(524288K)] 619372K->465382K(699392K), [Metaspace: 43866K->43866K(1087488K)], 0.0499240 secs] [Times: user=0.47 sys=0.01, real=0.05 secs] 
2016-09-25T22:52:55.903-0400: 82.603: [GC (GCLocker Initiated GC) [PSYoungGen: 88064K->63920K(175104K)] 556260K->532116K(699392K), 0.0069577 secs] [Times: user=0.09 sys=0.01, real=0.00 secs] 
2016-09-25T22:52:55.947-0400: 82.647: [GC (GCLocker Initiated GC) [PSYoungGen: 151984K->58260K(175104K)] 620337K->556388K(699392K), 0.0074447 secs] [Times: user=0.10 sys=0.00, real=0.01 secs] 
2016-09-25T22:52:55.955-0400: 82.654: [Full GC (Ergonomics) [PSYoungGen: 58260K->0K(175104K)] [ParOldGen: 498127K->460187K(524288K)] 556388K->460187K(699392K), [Metaspace: 43866K->43866K(1087488K)], 0.1104596 secs] [Times: user=1.46 sys=0.00, real=0.11 secs] 
2016-09-25T22:52:56.113-0400: 82.813: [GC (GCLocker Initiated GC) [PSYoungGen: 88064K->68093K(175104K)] 551008K->531038K(699392K), 0.0096986 secs] [Times: user=0.12 sys=0.00, real=0.02 secs] 
2016-09-25T22:52:56.175-0400: 82.874: [GC (GCLocker Initiated GC) [PSYoungGen: 156157K->74560K(175104K)] 624617K->556701K(699392K), 0.0084477 secs] [Times: user=0.12 sys=0.00, real=0.01 secs] 
2016-09-25T22:52:56.231-0400: 82.931: [Full GC (Ergonomics) [PSYoungGen: 162624K->0K(175104K)] [ParOldGen: 490369K->465165K(524288K)] 652994K->465165K(699392K), [Metaspace: 43866K->43866K(1087488K)], 0.0604032 secs] [Times: user=0.62 sys=0.00, real=0.06 secs] 
2016-09-25T22:52:56.336-0400: 83.035: [GC (GCLocker Initiated GC) [PSYoungGen: 88064K->61380K(175104K)] 565567K->538884K(699392K), 0.0067634 secs] [Times: user=0.10 sys=0.00, real=0.01 secs] 
2016-09-25T22:52:56.383-0400: 83.083: [GC (GCLocker Initiated GC) [PSYoungGen: 149444K->70223K(175104K)] 627074K->577815K(699392K), 0.0090233 secs] [Times: user=0.13 sys=0.00, real=0.00 secs] 
2016-09-25T22:52:56.392-0400: 83.092: [Full GC (Ergonomics) [PSYoungGen: 70223K->0K(175104K)] [ParOldGen: 507592K->461203K(524288K)] 577815K->461203K(699392K), [Metaspace: 43866K->43866K(1087488K)], 0.0498542 secs] [Times: user=0.45 sys=0.00, real=0.06 secs] 
2016-09-25T22:52:56.482-0400: 83.181: [GC (GCLocker Initiated GC) [PSYoungGen: 88064K->83138K(175104K)] 567031K->562105K(699392K), 0.0083341 secs] [Times: user=0.09 sys=0.00, real=0.01 secs] 
2016-09-25T22:52:56.537-0400: 83.237: [Full GC (Ergonomics) [PSYoungGen: 171202K->0K(175104K)] [ParOldGen: 481834K->470698K(524288K)] 653036K->470698K(699392K), [Metaspace: 43873K->43873K(1087488K)], 0.0571535 secs] [Times: user=0.53 sys=0.00, real=0.06 secs] 
2016-09-25T22:52:56.639-0400: 83.339: [Full GC (Ergonomics) [PSYoungGen: 88064K->0K(175104K)] [ParOldGen: 481697K->466146K(524288K)] 569761K->466146K(699392K), [Metaspace: 43873K->43873K(1087488K)], 0.0512108 secs] [Times: user=0.46 sys=0.00, real=0.05 secs] 
2016-09-25T22:52:56.739-0400: 83.438: [GC (GCLocker Initiated GC) [PSYoungGen: 88064K->75881K(175104K)] 554275K->542092K(699392K), 0.0080096 secs] [Times: user=0.10 sys=0.00, real=0.01 secs] 
2016-09-25T22:52:56.793-0400: 83.492: [GC (GCLocker Initiated GC) [PSYoungGen: 163945K->56691K(175104K)] 630286K->549861K(699392K), 0.0086566 secs] [Times: user=0.11 sys=0.00, real=0.01 secs] 
2016-09-25T22:52:56.802-0400: 83.501: [Full GC (Ergonomics) [PSYoungGen: 56691K->0K(175104K)] [ParOldGen: 493170K->464661K(524288K)] 549861K->464661K(699392K), [Metaspace: 43873K->43873K(1087488K)], 0.0633468 secs] [Times: user=0.58 sys=0.02, real=0.07 secs] 
2016-09-25T22:52:56.900-0400: 83.600: [GC (GCLocker Initiated GC) [PSYoungGen: 88064K->76615K(175104K)] 552754K->541305K(699392K), 0.0154529 secs] [Times: user=0.23 sys=0.00, real=0.02 secs] 
2016-09-25T22:52:56.955-0400: 83.654: [GC (GCLocker Initiated GC) [PSYoungGen: 164679K->52574K(175104K)] 634862K->532766K(699392K), 0.0064131 secs] [Times: user=0.08 sys=0.01, real=0.00 secs] 
2016-09-25T22:52:57.002-0400: 83.702: [GC (GCLocker Initiated GC) [PSYoungGen: 140638K->54053K(175104K)] 623711K->556659K(699392K), 0.0095033 secs] [Times: user=0.10 sys=0.00, real=0.00 secs] 
2016-09-25T22:52:57.012-0400: 83.712: [Full GC (Ergonomics) [PSYoungGen: 54053K->0K(175104K)] [ParOldGen: 502606K->468201K(524288K)] 556659K->468201K(699392K), [Metaspace: 43873K->43873K(1087488K)], 0.0512836 secs] [Times: user=0.48 sys=0.00, real=0.06 secs] 
2016-09-25T22:52:57.111-0400: 83.810: [GC (GCLocker Initiated GC) [PSYoungGen: 88064K->77417K(175104K)] 560453K->549807K(699392K), 0.0106930 secs] [Times: user=0.11 sys=0.01, real=0.01 secs] 
2016-09-25T22:52:57.164-0400: 83.864: [GC (GCLocker Initiated GC) [PSYoungGen: 165481K->58072K(175104K)] 637978K->546756K(699392K), 0.0074820 secs] [Times: user=0.11 sys=0.00, real=0.00 secs] 
2016-09-25T22:52:57.172-0400: 83.871: [Full GC (Ergonomics) [PSYoungGen: 58072K->0K(175104K)] [ParOldGen: 488684K->465405K(524288K)] 546756K->465405K(699392K), [Metaspace: 43873K->43873K(1087488K)], 0.0572931 secs] [Times: user=0.54 sys=0.00, real=0.06 secs] 
2016-09-25T22:52:57.279-0400: 83.979: [GC (GCLocker Initiated GC) [PSYoungGen: 88064K->81601K(175104K)] 558965K->552502K(699392K), 0.0127044 secs] [Times: user=0.14 sys=0.00, real=0.01 secs] 
2016-09-25T22:52:57.344-0400: 84.044: [GC (GCLocker Initiated GC) [PSYoungGen: 169665K->37598K(175104K)] 652861K->550623K(699392K), 0.0085793 secs] [Times: user=0.06 sys=0.01, real=0.00 secs] 
2016-09-25T22:52:57.353-0400: 84.053: [Full GC (Ergonomics) [PSYoungGen: 37598K->0K(175104K)] [ParOldGen: 513024K->477562K(524288K)] 550623K->477562K(699392K), [Metaspace: 43876K->43876K(1087488K)], 0.0482290 secs] [Times: user=0.43 sys=0.00, real=0.05 secs] 
2016-09-25T22:52:57.454-0400: 84.153: [Full GC (Ergonomics) [PSYoungGen: 88064K->0K(175104K)] [ParOldGen: 482262K->460801K(524288K)] 570326K->460801K(699392K), [Metaspace: 43876K->43876K(1087488K)], 0.0622603 secs] [Times: user=0.54 sys=0.02, real=0.07 secs] 
2016-09-25T22:52:57.558-0400: 84.258: [GC (GCLocker Initiated GC) [PSYoungGen: 88064K->83468K(175104K)] 551633K->547045K(699392K), 0.0077869 secs] [Times: user=0.12 sys=0.00, real=0.01 secs] 
2016-09-25T22:52:57.600-0400: 84.300: [GC (GCLocker Initiated GC) [PSYoungGen: 171532K->75592K(175104K)] 635197K->577728K(699392K), 0.0095530 secs] [Times: user=0.16 sys=0.00, real=0.01 secs] 
2016-09-25T22:52:57.610-0400: 84.309: [Full GC (Ergonomics) [PSYoungGen: 75592K->0K(175104K)] [ParOldGen: 502135K->482077K(524288K)] 577728K->482077K(699392K), [Metaspace: 43879K->43879K(1087488K)], 0.0626436 secs] [Times: user=0.62 sys=0.01, real=0.06 secs] 
2016-09-25T22:52:57.723-0400: 84.423: [Full GC (Ergonomics) [PSYoungGen: 88064K->0K(175104K)] [ParOldGen: 493024K->482710K(524288K)] 581088K->482710K(699392K), [Metaspace: 43879K->43879K(1087488K)], 0.0541907 secs] [Times: user=0.53 sys=0.00, real=0.05 secs] 
2016-09-25T22:52:57.821-0400: 84.521: [Full GC (Ergonomics) [PSYoungGen: 88064K->0K(175104K)] [ParOldGen: 491041K->478117K(524288K)] 579105K->478117K(699392K), [Metaspace: 43879K->43879K(1087488K)], 0.0529771 secs] [Times: user=0.54 sys=0.00, real=0.06 secs] 
2016-09-25T22:52:57.924-0400: 84.623: [Full GC (Ergonomics) [PSYoungGen: 88064K->0K(175104K)] [ParOldGen: 486515K->469335K(524288K)] 574579K->469335K(699392K), [Metaspace: 43879K->43879K(1087488K)], 0.0563915 secs] [Times: user=0.54 sys=0.01, real=0.05 secs] 
2016-09-25T22:52:58.018-0400: 84.718: [GC (GCLocker Initiated GC) [PSYoungGen: 88064K->79768K(175104K)] 557499K->549203K(699392K), 0.0077250 secs] [Times: user=0.11 sys=0.01, real=0.01 secs] 
2016-09-25T22:52:58.064-0400: 84.763: [GC (GCLocker Initiated GC) [PSYoungGen: 167832K->70447K(175104K)] 642958K->578941K(699392K), 0.0087257 secs] [Times: user=0.15 sys=0.00, real=0.00 secs] 
2016-09-25T22:52:58.072-0400: 84.772: [Full GC (Ergonomics) [PSYoungGen: 70447K->0K(175104K)] [ParOldGen: 508494K->488156K(524288K)] 578941K->488156K(699392K), [Metaspace: 43879K->43879K(1087488K)], 0.0532774 secs] [Times: user=0.51 sys=0.00, real=0.06 secs] 
2016-09-25T22:52:58.175-0400: 84.874: [Full GC (Ergonomics) [PSYoungGen: 88064K->0K(175104K)] [ParOldGen: 488466K->477863K(524288K)] 576530K->477863K(699392K), [Metaspace: 43879K->43879K(1087488K)], 0.0609025 secs] [Times: user=0.63 sys=0.00, real=0.06 secs] 
2016-09-25T22:52:58.273-0400: 84.973: [Full GC (Ergonomics) [PSYoungGen: 88064K->0K(175104K)] [ParOldGen: 477966K->481035K(524288K)] 566030K->481035K(699392K), [Metaspace: 43879K->43879K(1087488K)], 0.0561612 secs] [Times: user=0.54 sys=0.01, real=0.06 secs] 
2016-09-25T22:52:58.369-0400: 85.068: [Full GC (Ergonomics) [PSYoungGen: 88064K->0K(175104K)] [ParOldGen: 486631K->487140K(524288K)] 574695K->487140K(699392K), [Metaspace: 43879K->43879K(1087488K)], 0.0634050 secs] [Times: user=0.58 sys=0.02, real=0.06 secs] 
2016-09-25T22:52:58.473-0400: 85.173: [Full GC (Ergonomics) [PSYoungGen: 88064K->0K(175104K)] [ParOldGen: 493993K->479586K(524288K)] 582057K->479586K(699392K), [Metaspace: 43879K->43879K(1087488K)], 0.0623307 secs] [Times: user=0.44 sys=0.01, real=0.07 secs] 
2016-09-25T22:52:58.577-0400: 85.277: [Full GC (Ergonomics) [PSYoungGen: 88064K->0K(175104K)] [ParOldGen: 483794K->477498K(524288K)] 571858K->477498K(699392K), [Metaspace: 43879K->43879K(1087488K)], 0.0599428 secs] [Times: user=0.58 sys=0.00, real=0.06 secs] 
2016-09-25T22:52:58.686-0400: 85.385: [Full GC (Ergonomics) [PSYoungGen: 88064K->0K(175104K)] [ParOldGen: 477587K->475049K(524288K)] 565651K->475049K(699392K), [Metaspace: 43879K->43879K(1087488K)], 0.0563325 secs] [Times: user=0.56 sys=0.00, real=0.06 secs] 
2016-09-25T22:52:58.778-0400: 85.478: [Full GC (Ergonomics) [PSYoungGen: 88064K->0K(175104K)] [ParOldGen: 480554K->480742K(524288K)] 568618K->480742K(699392K), [Metaspace: 43879K->43879K(1087488K)], 0.0929351 secs] [Times: user=1.19 sys=0.01, real=0.09 secs] 
2016-09-25T22:52:58.915-0400: 85.615: [Full GC (Ergonomics) [PSYoungGen: 88064K->0K(175104K)] [ParOldGen: 490472K->486868K(524288K)] 578536K->486868K(699392K), [Metaspace: 43879K->43879K(1087488K)], 0.0524300 secs] [Times: user=0.46 sys=0.00, real=0.05 secs] 
2016-09-25T22:52:59.021-0400: 85.721: [Full GC (Ergonomics) [PSYoungGen: 88064K->0K(175104K)] [ParOldGen: 489642K->472485K(524288K)] 577706K->472485K(699392K), [Metaspace: 43879K->43879K(1087488K)], 0.0510456 secs] [Times: user=0.43 sys=0.00, real=0.05 secs] 
2016-09-25T22:52:59.102-0400: 85.802: [Full GC (Ergonomics) [PSYoungGen: 88064K->0K(175104K)] [ParOldGen: 472523K->479814K(524288K)] 560587K->479814K(699392K), [Metaspace: 43879K->43879K(1087488K)], 0.0524869 secs] [Times: user=0.49 sys=0.01, real=0.05 secs] 
2016-09-25T22:52:59.198-0400: 85.897: [Full GC (Ergonomics) [PSYoungGen: 88064K->0K(175104K)] [ParOldGen: 488125K->485824K(524288K)] 576189K->485824K(699392K), [Metaspace: 43879K->43879K(1087488K)], 0.0492851 secs] [Times: user=0.41 sys=0.00, real=0.05 secs] 
2016-09-25T22:52:59.296-0400: 85.995: [Full GC (Ergonomics) [PSYoungGen: 88064K->0K(175104K)] [ParOldGen: 488606K->478146K(524288K)] 576670K->478146K(699392K), [Metaspace: 43879K->43879K(1087488K)], 0.0543805 secs] [Times: user=0.53 sys=0.00, real=0.05 secs] 
2016-09-25T22:52:59.391-0400: 86.090: [Full GC (Ergonomics) [PSYoungGen: 88064K->0K(175104K)] [ParOldGen: 482447K->481519K(524288K)] 570511K->481519K(699392K), [Metaspace: 43883K->43883K(1087488K)], 0.0554341 secs] [Times: user=0.50 sys=0.01, real=0.06 secs] 
2016-09-25T22:52:59.489-0400: 86.188: [Full GC (Ergonomics) [PSYoungGen: 88064K->0K(175104K)] [ParOldGen: 483173K->475335K(524288K)] 571237K->475335K(699392K), [Metaspace: 43883K->43883K(1087488K)], 0.0550580 secs] [Times: user=0.54 sys=0.01, real=0.06 secs] 
2016-09-25T22:52:59.582-0400: 86.282: [Full GC (Ergonomics) [PSYoungGen: 88064K->0K(175104K)] [ParOldGen: 475389K->485263K(524288K)] 563453K->485263K(699392K), [Metaspace: 43893K->43893K(1087488K)], 0.0554537 secs] [Times: user=0.54 sys=0.01, real=0.05 secs] 
2016-09-25T22:52:59.683-0400: 86.383: [Full GC (Ergonomics) [PSYoungGen: 88064K->0K(175104K)] [ParOldGen: 492180K->488547K(524288K)] 580244K->488547K(699392K), [Metaspace: 43920K->43920K(1087488K)], 0.0482066 secs] [Times: user=0.40 sys=0.00, real=0.04 secs] 
2016-09-25T22:52:59.773-0400: 86.472: [Full GC (Ergonomics) [PSYoungGen: 88064K->0K(175104K)] [ParOldGen: 489182K->479777K(524288K)] 577246K->479777K(699392K), [Metaspace: 43920K->43920K(1087488K)], 0.0511567 secs] [Times: user=0.46 sys=0.01, real=0.06 secs] 
2016-09-25T22:52:59.859-0400: 86.558: [Full GC (Ergonomics) [PSYoungGen: 88064K->0K(175104K)] [ParOldGen: 480046K->485563K(524288K)] 568110K->485563K(699392K), [Metaspace: 43920K->43920K(1087488K)], 0.0593400 secs] [Times: user=0.53 sys=0.01, real=0.06 secs] 
2016-09-25T22:52:59.962-0400: 86.662: [Full GC (Ergonomics) [PSYoungGen: 87551K->0K(175104K)] [ParOldGen: 490963K->483469K(524288K)] 578515K->483469K(699392K), [Metaspace: 43920K->43920K(1087488K)], 0.0563654 secs] [Times: user=0.40 sys=0.01, real=0.05 secs] 
2016-09-25T22:53:00.071-0400: 86.770: [Full GC (Ergonomics) [PSYoungGen: 88064K->0K(175104K)] [ParOldGen: 499897K->488045K(524288K)] 587961K->488045K(699392K), [Metaspace: 43920K->43920K(1087488K)], 0.0491515 secs] [Times: user=0.41 sys=0.02, real=0.05 secs] 
2016-09-25T22:53:00.164-0400: 86.864: [Full GC (Ergonomics) [PSYoungGen: 88064K->0K(175104K)] [ParOldGen: 493533K->488554K(524288K)] 581597K->488554K(699392K), [Metaspace: 43920K->43920K(1087488K)], 0.0505081 secs] [Times: user=0.41 sys=0.02, real=0.05 secs] 
2016-09-25T22:53:00.255-0400: 86.954: [Full GC (Ergonomics) [PSYoungGen: 88064K->0K(175104K)] [ParOldGen: 495373K->489238K(524288K)] 583437K->489238K(699392K), [Metaspace: 43920K->43920K(1087488K)], 0.0563594 secs] [Times: user=0.54 sys=0.00, real=0.05 secs] 
2016-09-25T22:53:00.355-0400: 87.055: [Full GC (Ergonomics) [PSYoungGen: 88064K->0K(175104K)] [ParOldGen: 492145K->483105K(524288K)] 580209K->483105K(699392K), [Metaspace: 43921K->43921K(1087488K)], 0.0556208 secs] [Times: user=0.52 sys=0.00, real=0.05 secs] 
2016-09-25T22:53:00.451-0400: 87.151: [Full GC (Ergonomics) [PSYoungGen: 88064K->0K(175104K)] [ParOldGen: 489911K->485067K(524288K)] 577975K->485067K(699392K), [Metaspace: 43921K->43921K(1087488K)], 0.0561264 secs] [Times: user=0.58 sys=0.01, real=0.06 secs] 
2016-09-25T22:53:00.555-0400: 87.255: [Full GC (Ergonomics) [PSYoungGen: 88064K->0K(175104K)] [ParOldGen: 493683K->480293K(524288K)] 581747K->480293K(699392K), [Metaspace: 43921K->43921K(1087488K)], 0.0546919 secs] [Times: user=0.48 sys=0.01, real=0.05 secs] 
2016-09-25T22:53:00.650-0400: 87.350: [Full GC (Ergonomics) [PSYoungGen: 88064K->0K(175104K)] [ParOldGen: 480517K->488813K(524288K)] 568581K->488813K(699392K), [Metaspace: 43921K->43921K(1087488K)], 0.0515191 secs] [Times: user=0.47 sys=0.01, real=0.05 secs] 
2016-09-25T22:53:00.741-0400: 87.441: [Full GC (Ergonomics) [PSYoungGen: 88064K->0K(175104K)] [ParOldGen: 488863K->494794K(524288K)] 576927K->494794K(699392K), [Metaspace: 43921K->43921K(1087488K)], 0.0549532 secs] [Times: user=0.56 sys=0.00, real=0.06 secs] 
2016-09-25T22:53:00.834-0400: 87.534: [Full GC (Ergonomics) [PSYoungGen: 88064K->0K(175104K)] [ParOldGen: 495178K->487184K(524288K)] 583242K->487184K(699392K), [Metaspace: 43921K->43921K(1087488K)], 0.0818940 secs] [Times: user=0.97 sys=0.00, real=0.08 secs] 
2016-09-25T22:53:00.961-0400: 87.660: [Full GC (Ergonomics) [PSYoungGen: 88064K->0K(175104K)] [ParOldGen: 488340K->486531K(524288K)] 576404K->486531K(699392K), [Metaspace: 43921K->43921K(1087488K)], 0.0568647 secs] [Times: user=0.58 sys=0.01, real=0.06 secs] 
2016-09-25T22:53:01.059-0400: 87.758: [Full GC (Ergonomics) [PSYoungGen: 88064K->0K(175104K)] [ParOldGen: 486674K->485444K(524288K)] 574738K->485444K(699392K), [Metaspace: 43921K->43921K(1087488K)], 0.0526420 secs] [Times: user=0.44 sys=0.00, real=0.05 secs] 
2016-09-25T22:53:01.156-0400: 87.855: [Full GC (Ergonomics) [PSYoungGen: 88064K->0K(175104K)] [ParOldGen: 493934K->484793K(524288K)] 581998K->484793K(699392K), [Metaspace: 43921K->43921K(1087488K)], 0.0570206 secs] [Times: user=0.57 sys=0.00, real=0.05 secs] 
2016-09-25T22:53:01.253-0400: 87.953: [Full GC (Ergonomics) [PSYoungGen: 88064K->0K(175104K)] [ParOldGen: 490650K->494854K(524288K)] 578714K->494854K(699392K), [Metaspace: 43921K->43921K(1087488K)], 0.0556678 secs] [Times: user=0.53 sys=0.00, real=0.06 secs] 
2016-09-25T22:53:01.355-0400: 88.055: [Full GC (Ergonomics) [PSYoungGen: 88064K->0K(175104K)] [ParOldGen: 501968K->487288K(524288K)] 590032K->487288K(699392K), [Metaspace: 43921K->43921K(1087488K)], 0.0578012 secs] [Times: user=0.55 sys=0.00, real=0.05 secs] 
2016-09-25T22:53:01.445-0400: 88.145: [Full GC (Ergonomics) [PSYoungGen: 88064K->0K(175104K)] [ParOldGen: 492860K->498674K(524288K)] 580924K->498674K(699392K), [Metaspace: 43921K->43921K(1087488K)], 0.0660585 secs] [Times: user=0.61 sys=0.00, real=0.06 secs] 
2016-09-25T22:53:01.572-0400: 88.272: [Full GC (Ergonomics) [PSYoungGen: 88064K->0K(175104K)] [ParOldGen: 517610K->499377K(524288K)] 605674K->499377K(699392K), [Metaspace: 43921K->43921K(1087488K)], 0.0596789 secs] [Times: user=0.47 sys=0.00, real=0.06 secs] 
2016-09-25T22:53:01.635-0400: 88.334: [GC (GCLocker Initiated GC) [PSYoungGen: 1145K->352K(175104K)] 500522K->499729K(699392K), 0.0031644 secs] [Times: user=0.03 sys=0.00, real=0.00 secs] 
2016-09-25T22:53:01.638-0400: 88.337: [Full GC (Ergonomics) [PSYoungGen: 352K->0K(175104K)] [ParOldGen: 499377K->498423K(524288K)] 499729K->498423K(699392K), [Metaspace: 43921K->43921K(1087488K)], 0.1184489 secs] [Times: user=1.53 sys=0.00, real=0.12 secs] 
2016-09-25T22:53:01.801-0400: 88.501: [Full GC (Ergonomics) [PSYoungGen: 88064K->0K(175104K)] [ParOldGen: 498623K->490896K(524288K)] 586687K->490896K(699392K), [Metaspace: 43921K->43921K(1087488K)], 0.0506819 secs] [Times: user=0.45 sys=0.01, real=0.05 secs] 
2016-09-25T22:53:01.886-0400: 88.586: [Full GC (Ergonomics) [PSYoungGen: 88064K->0K(175104K)] [ParOldGen: 490964K->496764K(524288K)] 579028K->496764K(699392K), [Metaspace: 43921K->43921K(1087488K)], 0.0508080 secs] [Times: user=0.44 sys=0.01, real=0.05 secs] 
2016-09-25T22:53:01.979-0400: 88.678: [Full GC (Ergonomics) [PSYoungGen: 88064K->0K(175104K)] [ParOldGen: 499963K->490570K(524288K)] 588027K->490570K(699392K), [Metaspace: 43921K->43921K(1087488K)], 0.0541544 secs] [Times: user=0.51 sys=0.01, real=0.05 secs] 
2016-09-25T22:53:02.076-0400: 88.775: [Full GC (Ergonomics) [PSYoungGen: 88064K->0K(175104K)] [ParOldGen: 496010K->497829K(524288K)] 584074K->497829K(699392K), [Metaspace: 43921K->43921K(1087488K)], 0.0694910 secs] [Times: user=0.59 sys=0.01, real=0.07 secs] 
2016-09-25T22:53:02.188-0400: 88.887: [Full GC (Ergonomics) [PSYoungGen: 88064K->0K(175104K)] [ParOldGen: 498062K->491794K(524288K)] 586126K->491794K(699392K), [Metaspace: 43921K->43921K(1087488K)], 0.0586247 secs] [Times: user=0.59 sys=0.00, real=0.06 secs] 
2016-09-25T22:53:02.290-0400: 88.990: [Full GC (Ergonomics) [PSYoungGen: 88064K->0K(175104K)] [ParOldGen: 494538K->496256K(524288K)] 582602K->496256K(699392K), [Metaspace: 43921K->43921K(1087488K)], 0.0573457 secs] [Times: user=0.48 sys=0.00, real=0.06 secs] 
2016-09-25T22:53:02.388-0400: 89.087: [Full GC (Ergonomics) [PSYoungGen: 88064K->0K(175104K)] [ParOldGen: 499091K->490141K(524288K)] 587155K->490141K(699392K), [Metaspace: 43921K->43921K(1087488K)], 0.0523427 secs] [Times: user=0.46 sys=0.00, real=0.05 secs] 
2016-09-25T22:53:02.479-0400: 89.179: [Full GC (Ergonomics) [PSYoungGen: 88064K->0K(175104K)] [ParOldGen: 492895K->500017K(524288K)] 580959K->500017K(699392K), [Metaspace: 43925K->43925K(1087488K)], 0.0555876 secs] [Times: user=0.54 sys=0.00, real=0.06 secs] 
2016-09-25T22:53:02.582-0400: 89.281: [Full GC (Ergonomics) [PSYoungGen: 88064K->0K(175104K)] [ParOldGen: 508298K->497935K(524288K)] 596362K->497935K(699392K), [Metaspace: 43925K->43925K(1087488K)], 0.0542948 secs] [Times: user=0.52 sys=0.01, real=0.06 secs] 
2016-09-25T22:53:02.682-0400: 89.382: [Full GC (Ergonomics) [PSYoungGen: 88064K->0K(175104K)] [ParOldGen: 497966K->495845K(524288K)] 586030K->495845K(699392K), [Metaspace: 43925K->43925K(1087488K)], 0.0533800 secs] [Times: user=0.45 sys=0.00, real=0.05 secs] 
2016-09-25T22:53:02.776-0400: 89.475: [Full GC (Ergonomics) [PSYoungGen: 88064K->0K(175104K)] [ParOldGen: 501375K->499139K(524288K)] 589439K->499139K(699392K), [Metaspace: 43925K->43925K(1087488K)], 0.0553225 secs] [Times: user=0.49 sys=0.01, real=0.05 secs] 
2016-09-25T22:53:02.876-0400: 89.576: [Full GC (Ergonomics) [PSYoungGen: 88064K->0K(175104K)] [ParOldGen: 508688K->502488K(524288K)] 596752K->502488K(699392K), [Metaspace: 43925K->43925K(1087488K)], 0.0534068 secs] [Times: user=0.49 sys=0.01, real=0.05 secs] 
2016-09-25T22:53:02.981-0400: 89.681: [Full GC (Ergonomics) [PSYoungGen: 88064K->0K(175104K)] [ParOldGen: 502772K->495630K(524288K)] 590836K->495630K(699392K), [Metaspace: 43925K->43925K(1087488K)], 0.1064315 secs] [Times: user=1.37 sys=0.00, real=0.11 secs] 
2016-09-25T22:53:03.126-0400: 89.826: [Full GC (Ergonomics) [PSYoungGen: 88064K->0K(175104K)] [ParOldGen: 501241K->501513K(524288K)] 589305K->501513K(699392K), [Metaspace: 43933K->43933K(1087488K)], 0.0653796 secs] [Times: user=0.60 sys=0.01, real=0.06 secs] 
2016-09-25T22:53:03.227-0400: 89.926: [Full GC (Ergonomics) [PSYoungGen: 88064K->0K(175104K)] [ParOldGen: 502192K->503699K(524288K)] 590256K->503699K(699392K), [Metaspace: 43933K->43933K(1087488K)], 0.0544112 secs] [Times: user=0.49 sys=0.00, real=0.05 secs] 
2016-09-25T22:53:03.330-0400: 90.030: [Full GC (Ergonomics) [PSYoungGen: 88064K->0K(175104K)] [ParOldGen: 512144K->500139K(524288K)] 600208K->500139K(699392K), [Metaspace: 43933K->43933K(1087488K)], 0.0589384 secs] [Times: user=0.61 sys=0.02, real=0.06 secs] 
2016-09-25T22:53:03.440-0400: 90.139: [Full GC (Ergonomics) [PSYoungGen: 88064K->0K(175104K)] [ParOldGen: 505543K->491132K(524288K)] 593607K->491132K(699392K), [Metaspace: 43933K->43933K(1087488K)], 0.0555693 secs] [Times: user=0.52 sys=0.01, real=0.06 secs] 
2016-09-25T22:53:03.532-0400: 90.232: [Full GC (Ergonomics) [PSYoungGen: 88064K->0K(175104K)] [ParOldGen: 491146K->503796K(524288K)] 579210K->503796K(699392K), [Metaspace: 43933K->43933K(1087488K)], 0.0632507 secs] [Times: user=0.53 sys=0.01, real=0.07 secs] 
2016-09-25T22:53:03.643-0400: 90.343: [Full GC (Ergonomics) [PSYoungGen: 88064K->0K(175104K)] [ParOldGen: 507908K->496302K(524288K)] 595972K->496302K(699392K), [Metaspace: 43933K->43933K(1087488K)], 0.0587731 secs] [Times: user=0.62 sys=0.00, real=0.06 secs] 
2016-09-25T22:53:03.737-0400: 90.437: [Full GC (Ergonomics) [PSYoungGen: 88064K->0K(175104K)] [ParOldGen: 499203K->513075K(524288K)] 587267K->513075K(699392K), [Metaspace: 43933K->43933K(1087488K)], 0.0516427 secs] [Times: user=0.48 sys=0.00, real=0.05 secs] 
2016-09-25T22:53:03.835-0400: 90.534: [Full GC (Ergonomics) [PSYoungGen: 88064K->0K(175104K)] [ParOldGen: 515804K->500096K(524288K)] 603868K->500096K(699392K), [Metaspace: 43933K->43933K(1087488K)], 0.0576585 secs] [Times: user=0.59 sys=0.00, real=0.05 secs] 
2016-09-25T22:53:03.927-0400: 90.627: [Full GC (Ergonomics) [PSYoungGen: 88064K->0K(175104K)] [ParOldGen: 500151K->503378K(524288K)] 588215K->503378K(699392K), [Metaspace: 43933K->43933K(1087488K)], 0.0559634 secs] [Times: user=0.58 sys=0.00, real=0.06 secs] 
2016-09-25T22:53:04.023-0400: 90.722: [Full GC (Ergonomics) [PSYoungGen: 88064K->0K(175104K)] [ParOldGen: 510129K->503991K(524288K)] 598193K->503991K(699392K), [Metaspace: 43933K->43933K(1087488K)], 0.0554543 secs] [Times: user=0.56 sys=0.00, real=0.05 secs] 
2016-09-25T22:53:04.121-0400: 90.820: [Full GC (Ergonomics) [PSYoungGen: 87198K->0K(175104K)] [ParOldGen: 508041K->496401K(524288K)] 595240K->496401K(699392K), [Metaspace: 43933K->43933K(1087488K)], 0.0577401 secs] [Times: user=0.58 sys=0.01, real=0.06 secs] 
2016-09-25T22:53:04.213-0400: 90.913: [Full GC (Ergonomics) [PSYoungGen: 88064K->0K(175104K)] [ParOldGen: 500644K->507855K(524288K)] 588708K->507855K(699392K), [Metaspace: 43933K->43933K(1087488K)], 0.0606658 secs] [Times: user=0.65 sys=0.00, real=0.06 secs] 
2016-09-25T22:53:04.314-0400: 91.014: [Full GC (Ergonomics) [PSYoungGen: 88064K->0K(175104K)] [ParOldGen: 507979K->505675K(524288K)] 596043K->505675K(699392K), [Metaspace: 43933K->43933K(1087488K)], 0.0538444 secs] [Times: user=0.48 sys=0.01, real=0.06 secs] 
2016-09-25T22:53:04.406-0400: 91.106: [Full GC (Ergonomics) [PSYoungGen: 88064K->0K(175104K)] [ParOldGen: 508431K->506289K(524288K)] 596495K->506289K(699392K), [Metaspace: 43934K->43934K(1087488K)], 0.0591697 secs] [Times: user=0.56 sys=0.01, real=0.06 secs] 
2016-09-25T22:53:04.500-0400: 91.200: [Full GC (Ergonomics) [PSYoungGen: 88064K->0K(175104K)] [ParOldGen: 507880K->509618K(524288K)] 595944K->509618K(699392K), [Metaspace: 43934K->43934K(1087488K)], 0.0539109 secs] [Times: user=0.54 sys=0.00, real=0.06 secs] 
2016-09-25T22:53:04.601-0400: 91.301: [Full GC (Ergonomics) [PSYoungGen: 88064K->0K(175104K)] [ParOldGen: 515216K->503484K(524288K)] 603280K->503484K(699392K), [Metaspace: 43934K->43934K(1087488K)], 0.0582146 secs] [Times: user=0.58 sys=0.00, real=0.06 secs] 
2016-09-25T22:53:04.697-0400: 91.396: [Full GC (Ergonomics) [PSYoungGen: 88064K->0K(175104K)] [ParOldGen: 510331K->508041K(524288K)] 598395K->508041K(699392K), [Metaspace: 43935K->43935K(1087488K)], 0.0581517 secs] [Times: user=0.54 sys=0.00, real=0.06 secs] 
2016-09-25T22:53:04.796-0400: 91.496: [Full GC (Ergonomics) [PSYoungGen: 88064K->0K(175104K)] [ParOldGen: 510780K->508609K(524288K)] 598844K->508609K(699392K), [Metaspace: 43935K->43935K(1087488K)], 0.0584168 secs] [Times: user=0.40 sys=0.01, real=0.06 secs] 
2016-09-25T22:53:04.894-0400: 91.594: [Full GC (Ergonomics) [PSYoungGen: 88064K->0K(175104K)] [ParOldGen: 512812K->514749K(524288K)] 600876K->514749K(699392K), [Metaspace: 43935K->43935K(1087488K)], 0.0569708 secs] [Times: user=0.54 sys=0.00, real=0.05 secs] 
2016-09-25T22:53:05.000-0400: 91.699: [Full GC (Ergonomics) [PSYoungGen: 88064K->0K(175104K)] [ParOldGen: 517695K->509861K(524288K)] 605759K->509861K(699392K), [Metaspace: 43935K->43935K(1087488K)], 0.0586740 secs] [Times: user=0.57 sys=0.00, real=0.06 secs] 
2016-09-25T22:53:05.104-0400: 91.803: [Full GC (Ergonomics) [PSYoungGen: 88064K->0K(175104K)] [ParOldGen: 513924K->502102K(524288K)] 601988K->502102K(699392K), [Metaspace: 43935K->43935K(1087488K)], 0.0914227 secs] [Times: user=1.05 sys=0.01, real=0.09 secs] 
2016-09-25T22:53:05.229-0400: 91.928: [Full GC (Ergonomics) [PSYoungGen: 88064K->0K(175104K)] [ParOldGen: 507683K->516194K(524288K)] 595747K->516194K(699392K), [Metaspace: 43935K->43935K(1087488K)], 0.0551665 secs] [Times: user=0.49 sys=0.01, real=0.06 secs] 
2016-09-25T22:53:05.331-0400: 92.030: [Full GC (Ergonomics) [PSYoungGen: 88064K->0K(175104K)] [ParOldGen: 516422K->508686K(524288K)] 604486K->508686K(699392K), [Metaspace: 43935K->43935K(1087488K)], 0.0545023 secs] [Times: user=0.48 sys=0.00, real=0.06 secs] 
2016-09-25T22:53:05.425-0400: 92.125: [Full GC (Ergonomics) [PSYoungGen: 88064K->0K(175104K)] [ParOldGen: 515559K->509340K(524288K)] 603623K->509340K(699392K), [Metaspace: 43935K->43935K(1087488K)], 0.0569322 secs] [Times: user=0.55 sys=0.01, real=0.06 secs] 
2016-09-25T22:53:05.532-0400: 92.231: [Full GC (Ergonomics) [PSYoungGen: 88064K->0K(175104K)] [ParOldGen: 516264K->512742K(524288K)] 604328K->512742K(699392K), [Metaspace: 43935K->43935K(1087488K)], 0.0586680 secs] [Times: user=0.55 sys=0.00, real=0.06 secs] 
2016-09-25T22:53:05.641-0400: 92.341: [Full GC (Ergonomics) [PSYoungGen: 88064K->0K(175104K)] [ParOldGen: 515591K->505231K(524288K)] 603655K->505231K(699392K), [Metaspace: 43935K->43935K(1087488K)], 0.0591929 secs] [Times: user=0.58 sys=0.01, real=0.06 secs] 
2016-09-25T22:53:05.740-0400: 92.440: [Full GC (Ergonomics) [PSYoungGen: 88064K->0K(175104K)] [ParOldGen: 507974K->508587K(524288K)] 596038K->508587K(699392K), [Metaspace: 43935K->43935K(1087488K)], 0.0605733 secs] [Times: user=0.61 sys=0.00, real=0.06 secs] 
2016-09-25T22:53:05.848-0400: 92.548: [Full GC (Ergonomics) [PSYoungGen: 88064K->0K(175104K)] [ParOldGen: 514236K->517461K(524288K)] 602300K->517461K(699392K), [Metaspace: 43935K->43935K(1087488K)], 0.0589821 secs] [Times: user=0.57 sys=0.00, real=0.06 secs] 
2016-09-25T22:53:05.960-0400: 92.660: [Full GC (Ergonomics) [PSYoungGen: 88064K->0K(175104K)] [ParOldGen: 524285K->507195K(524288K)] 612349K->507195K(699392K), [Metaspace: 43935K->43935K(1087488K)], 0.0534499 secs] [Times: user=0.45 sys=0.01, real=0.05 secs] 
2016-09-25T22:53:06.048-0400: 92.747: [Full GC (Ergonomics) [PSYoungGen: 86430K->0K(175104K)] [ParOldGen: 509895K->513180K(524288K)] 596325K->513180K(699392K), [Metaspace: 43935K->43935K(1087488K)], 0.0545026 secs] [Times: user=0.47 sys=0.00, real=0.06 secs] 
2016-09-25T22:53:06.150-0400: 92.849: [Full GC (Ergonomics) [PSYoungGen: 88064K->0K(175104K)] [ParOldGen: 524131K->516683K(524288K)] 612195K->516683K(699392K), [Metaspace: 43935K->43935K(1087488K)], 0.0554205 secs] [Times: user=0.50 sys=0.00, real=0.06 secs] 
2016-09-25T22:53:06.245-0400: 92.944: [Full GC (Ergonomics) [PSYoungGen: 88064K->0K(175104K)] [ParOldGen: 516763K->509031K(524288K)] 604827K->509031K(699392K), [Metaspace: 43935K->43935K(1087488K)], 0.0574491 secs] [Times: user=0.58 sys=0.00, real=0.06 secs] 
2016-09-25T22:53:06.338-0400: 93.038: [Full GC (Ergonomics) [PSYoungGen: 88064K->0K(175104K)] [ParOldGen: 511767K->517460K(524288K)] 599831K->517460K(699392K), [Metaspace: 43935K->43935K(1087488K)], 0.0569822 secs] [Times: user=0.55 sys=0.01, real=0.06 secs] 
2016-09-25T22:53:06.455-0400: 93.155: [Full GC (Ergonomics) [PSYoungGen: 88064K->0K(175104K)] [ParOldGen: 520541K->499253K(524288K)] 608605K->499253K(699392K), [Metaspace: 43935K->43935K(1087488K)], 0.0619336 secs] [Times: user=0.55 sys=0.00, real=0.06 secs] 
2016-09-25T22:53:06.557-0400: 93.257: [Full GC (Ergonomics) [PSYoungGen: 88064K->0K(175104K)] [ParOldGen: 506228K->513323K(524288K)] 594292K->513323K(699392K), [Metaspace: 43935K->43935K(1087488K)], 0.0536323 secs] [Times: user=0.50 sys=0.01, real=0.05 secs] 
2016-09-25T22:53:06.656-0400: 93.356: [Full GC (Ergonomics) [PSYoungGen: 88064K->0K(175104K)] [ParOldGen: 516176K->516631K(524288K)] 604240K->516631K(699392K), [Metaspace: 43935K->43935K(1087488K)], 0.0613874 secs] [Times: user=0.59 sys=0.00, real=0.06 secs] 
2016-09-25T22:53:06.768-0400: 93.467: [Full GC (Ergonomics) [PSYoungGen: 86606K->0K(175104K)] [ParOldGen: 522031K->517356K(524288K)] 608637K->517356K(699392K), [Metaspace: 43935K->43935K(1087488K)], 0.0579879 secs] [Times: user=0.54 sys=0.00, real=0.06 secs] 
2016-09-25T22:53:06.867-0400: 93.567: [Full GC (Ergonomics) [PSYoungGen: 88064K->0K(175104K)] [ParOldGen: 520108K->515163K(524288K)] 608172K->515163K(699392K), [Metaspace: 43935K->43935K(1087488K)], 0.0575583 secs] [Times: user=0.56 sys=0.00, real=0.06 secs] 
2016-09-25T22:53:06.966-0400: 93.665: [Full GC (Ergonomics) [PSYoungGen: 88064K->0K(175104K)] [ParOldGen: 517964K->513105K(524288K)] 606028K->513105K(699392K), [Metaspace: 43935K->43935K(1087488K)], 0.0559979 secs] [Times: user=0.48 sys=0.01, real=0.05 secs] 
2016-09-25T22:53:07.061-0400: 93.760: [Full GC (Ergonomics) [PSYoungGen: 88064K->0K(175104K)] [ParOldGen: 521323K->516506K(524288K)] 609387K->516506K(699392K), [Metaspace: 43935K->43935K(1087488K)], 0.0615456 secs] [Times: user=0.48 sys=0.00, real=0.07 secs] 
2016-09-25T22:53:07.179-0400: 93.878: [Full GC (Ergonomics) [PSYoungGen: 88064K->0K(175104K)] [ParOldGen: 516736K->514416K(524288K)] 604800K->514416K(699392K), [Metaspace: 43935K->43935K(1087488K)], 0.0588617 secs] [Times: user=0.52 sys=0.01, real=0.06 secs] 
2016-09-25T22:53:07.273-0400: 93.973: [Full GC (Ergonomics) [PSYoungGen: 88064K->0K(175104K)] [ParOldGen: 514468K->514912K(524288K)] 602532K->514912K(699392K), [Metaspace: 43935K->43935K(1087488K)], 0.0854193 secs] [Times: user=1.02 sys=0.01, real=0.09 secs] 
2016-09-25T22:53:07.404-0400: 94.104: [Full GC (Ergonomics) [PSYoungGen: 88064K->0K(175104K)] [ParOldGen: 518961K->514496K(524288K)] 607025K->514496K(699392K), [Metaspace: 43951K->43951K(1087488K)], 0.0542202 secs] [Times: user=0.54 sys=0.00, real=0.05 secs] 
2016-09-25T22:53:07.498-0400: 94.197: [Full GC (Ergonomics) [PSYoungGen: 88064K->0K(175104K)] [ParOldGen: 517250K->516200K(524288K)] 605314K->516200K(699392K), [Metaspace: 43977K->43977K(1087488K)], 0.0575931 secs] [Times: user=0.63 sys=0.02, real=0.06 secs] 
2016-09-25T22:53:07.593-0400: 94.293: [Full GC (Ergonomics) [PSYoungGen: 88064K->0K(175104K)] [ParOldGen: 516275K->522277K(524288K)] 604339K->522277K(699392K), [Metaspace: 43977K->43977K(1087488K)], 0.0578686 secs] [Times: user=0.64 sys=0.00, real=0.06 secs] 
2016-09-25T22:53:07.690-0400: 94.390: [Full GC (Ergonomics) [PSYoungGen: 88064K->0K(175104K)] [ParOldGen: 522415K->522919K(524288K)] 610479K->522919K(699392K), [Metaspace: 43977K->43977K(1087488K)], 0.0565401 secs] [Times: user=0.58 sys=0.00, real=0.06 secs] 
2016-09-25T22:53:07.796-0400: 94.495: [Full GC (Ergonomics) [PSYoungGen: 87970K->0K(175104K)] [ParOldGen: 522919K->511606K(524288K)] 610890K->511606K(699392K), [Metaspace: 43981K->43981K(1087488K)], 0.0573650 secs] [Times: user=0.58 sys=0.02, real=0.05 secs] 
2016-09-25T22:53:07.894-0400: 94.594: [Full GC (Ergonomics) [PSYoungGen: 88064K->0K(175104K)] [ParOldGen: 517091K->521386K(524288K)] 605155K->521386K(699392K), [Metaspace: 43981K->43981K(1087488K)], 0.0519682 secs] [Times: user=0.50 sys=0.02, real=0.05 secs] 
2016-09-25T22:53:07.984-0400: 94.684: [Full GC (Ergonomics) [PSYoungGen: 88064K->0K(175104K)] [ParOldGen: 524271K->522034K(524288K)] 612335K->522034K(699392K), [Metaspace: 43981K->43981K(1087488K)], 0.0556070 secs] [Times: user=0.52 sys=0.02, real=0.05 secs] 
2016-09-25T22:53:08.086-0400: 94.786: [Full GC (Ergonomics) [PSYoungGen: 86145K->0K(175104K)] [ParOldGen: 522034K->519868K(524288K)] 608179K->519868K(699392K), [Metaspace: 43981K->43981K(1087488K)], 0.0505549 secs] [Times: user=0.45 sys=0.02, real=0.05 secs] 
2016-09-25T22:53:08.181-0400: 94.881: [Full GC (Ergonomics) [PSYoungGen: 88064K->0K(175104K)] [ParOldGen: 519881K->523132K(524288K)] 607945K->523132K(699392K), [Metaspace: 43981K->43981K(1087488K)], 0.0526281 secs] [Times: user=0.48 sys=0.00, real=0.06 secs] 
2016-09-25T22:53:08.272-0400: 94.972: [Full GC (Ergonomics) [PSYoungGen: 88064K->0K(175104K)] [ParOldGen: 523190K->521161K(524288K)] 611254K->521161K(699392K), [Metaspace: 43981K->43981K(1087488K)], 0.0575343 secs] [Times: user=0.57 sys=0.01, real=0.06 secs] 
2016-09-25T22:53:08.372-0400: 95.071: [Full GC (Ergonomics) [PSYoungGen: 88064K->2702K(175104K)] [ParOldGen: 524052K->523428K(524288K)] 612116K->526130K(699392K), [Metaspace: 43981K->43981K(1087488K)], 0.1391474 secs] [Times: user=2.03 sys=0.02, real=0.14 secs] 
2016-09-25T22:53:08.561-0400: 95.260: [Full GC (Ergonomics) [PSYoungGen: 87834K->0K(175104K)] [ParOldGen: 523428K->515960K(524288K)] 611262K->515960K(699392K), [Metaspace: 43987K->43987K(1087488K)], 0.0616878 secs] [Times: user=0.69 sys=0.01, real=0.07 secs] 
2016-09-25T22:53:08.659-0400: 95.359: [Full GC (Ergonomics) [PSYoungGen: 88064K->1425K(175104K)] [ParOldGen: 521465K->523013K(524288K)] 609529K->524438K(699392K), [Metaspace: 43987K->43987K(1087488K)], 0.1692514 secs] [Times: user=2.51 sys=0.04, real=0.17 secs] 
2016-09-25T22:53:08.870-0400: 95.570: [Full GC (Ergonomics) [PSYoungGen: 88064K->1362K(175104K)] [ParOldGen: 523078K->523776K(524288K)] 611142K->525139K(699392K), [Metaspace: 43990K->43990K(1087488K)], 0.1591262 secs] [Times: user=2.27 sys=0.02, real=0.16 secs] 
2016-09-25T22:53:09.079-0400: 95.779: [Full GC (Ergonomics) [PSYoungGen: 88057K->0K(175104K)] [ParOldGen: 523776K->518966K(524288K)] 611833K->518966K(699392K), [Metaspace: 43990K->43990K(1087488K)], 0.0747980 secs] [Times: user=0.84 sys=0.01, real=0.08 secs] 
2016-09-25T22:53:09.189-0400: 95.889: [Full GC (Ergonomics) [PSYoungGen: 88064K->10866K(175104K)] [ParOldGen: 521924K->523389K(524288K)] 609988K->534256K(699392K), [Metaspace: 43992K->43992K(1087488K)], 0.1639460 secs] [Times: user=2.57 sys=0.04, real=0.16 secs] 
2016-09-25T22:53:09.392-0400: 96.092: [Full GC (Ergonomics) [PSYoungGen: 88064K->0K(175104K)] [ParOldGen: 523418K->524020K(524288K)] 611482K->524020K(699392K), [Metaspace: 43992K->43992K(1087488K)], 0.0613125 secs] [Times: user=0.67 sys=0.01, real=0.06 secs] 
2016-09-25T22:53:09.501-0400: 96.200: [Full GC (Ergonomics) [PSYoungGen: 85739K->2700K(175104K)] [ParOldGen: 524020K->521678K(524288K)] 609759K->524378K(699392K), [Metaspace: 43992K->43992K(1087488K)], 0.1888133 secs] [Times: user=2.95 sys=0.05, real=0.19 secs] 
2016-09-25T22:53:09.734-0400: 96.433: [Full GC (Ergonomics) [PSYoungGen: 87224K->0K(175104K)] [ParOldGen: 521678K->522394K(524288K)] 608902K->522394K(699392K), [Metaspace: 43992K->43992K(1087488K)], 0.0597635 secs] [Times: user=0.65 sys=0.00, real=0.06 secs] 
2016-09-25T22:53:09.840-0400: 96.540: [Full GC (Ergonomics) [PSYoungGen: 88064K->5467K(175104K)] [ParOldGen: 523803K->522884K(524288K)] 611867K->528352K(699392K), [Metaspace: 43992K->43992K(1087488K)], 0.1840433 secs] [Times: user=2.84 sys=0.01, real=0.19 secs] 
2016-09-25T22:53:10.073-0400: 96.772: [Full GC (Ergonomics) [PSYoungGen: 88064K->6768K(175104K)] [ParOldGen: 522960K->522044K(524288K)] 611024K->528813K(699392K), [Metaspace: 43992K->43992K(1087488K)], 0.1546411 secs] [Times: user=2.25 sys=0.00, real=0.16 secs] 
2016-09-25T22:53:10.266-0400: 96.965: [Full GC (Ergonomics) [PSYoungGen: 88064K->2701K(175104K)] [ParOldGen: 522141K->523959K(524288K)] 610205K->526661K(699392K), [Metaspace: 43992K->43992K(1087488K)], 0.1602491 secs] [Times: user=2.35 sys=0.03, real=0.16 secs] 
2016-09-25T22:53:10.467-0400: 97.167: [Full GC (Ergonomics) [PSYoungGen: 87032K->5400K(175104K)] [ParOldGen: 523959K->523303K(524288K)] 610992K->528704K(699392K), [Metaspace: 43992K->43992K(1087488K)], 0.1702031 secs] [Times: user=1.83 sys=0.02, real=0.17 secs] 
2016-09-25T22:53:10.685-0400: 97.384: [Full GC (Ergonomics) [PSYoungGen: 87175K->2700K(175104K)] [ParOldGen: 523303K->522540K(524288K)] 610479K->525240K(699392K), [Metaspace: 43992K->43992K(1087488K)], 0.1545467 secs] [Times: user=2.25 sys=0.01, real=0.15 secs] 
2016-09-25T22:53:10.888-0400: 97.588: [Full GC (Ergonomics) [PSYoungGen: 88064K->5485K(175104K)] [ParOldGen: 522690K->522920K(524288K)] 610754K->528405K(699392K), [Metaspace: 43992K->43992K(1087488K)], 0.1596927 secs] [Times: user=2.32 sys=0.01, real=0.16 secs] 
2016-09-25T22:53:11.095-0400: 97.795: [Full GC (Ergonomics) [PSYoungGen: 87984K->10979K(175104K)] [ParOldGen: 522920K->523572K(524288K)] 610905K->534551K(699392K), [Metaspace: 43992K->43992K(1087488K)], 0.1646221 secs] [Times: user=2.31 sys=0.02, real=0.16 secs] 
2016-09-25T22:53:11.300-0400: 98.000: [Full GC (Ergonomics) [PSYoungGen: 88064K->6925K(175104K)] [ParOldGen: 523584K->522762K(524288K)] 611648K->529688K(699392K), [Metaspace: 43992K->43992K(1087488K)], 0.1580821 secs] [Times: user=2.29 sys=0.02, real=0.16 secs] 
2016-09-25T22:53:11.494-0400: 98.194: [Full GC (Ergonomics) [PSYoungGen: 88064K->12267K(175104K)] [ParOldGen: 522871K->523406K(524288K)] 610935K->535674K(699392K), [Metaspace: 43992K->43992K(1087488K)], 0.1497552 secs] [Times: user=2.16 sys=0.01, real=0.15 secs] 
2016-09-25T22:53:11.690-0400: 98.389: [Full GC (Ergonomics) [PSYoungGen: 87276K->6750K(175104K)] [ParOldGen: 523406K->522834K(524288K)] 610683K->529584K(699392K), [Metaspace: 43992K->43992K(1087488K)], 0.1681637 secs] [Times: user=2.29 sys=0.02, real=0.17 secs] 
2016-09-25T22:53:11.893-0400: 98.593: [Full GC (Ergonomics) [PSYoungGen: 88064K->11005K(175104K)] [ParOldGen: 522991K->523056K(524288K)] 611055K->534062K(699392K), [Metaspace: 43992K->43992K(1087488K)], 0.1702139 secs] [Times: user=2.49 sys=0.00, real=0.18 secs] 
2016-09-25T22:53:12.097-0400: 98.796: [Full GC (Ergonomics) [PSYoungGen: 88064K->14963K(175104K)] [ParOldGen: 523287K->522389K(524288K)] 611351K->537352K(699392K), [Metaspace: 43992K->43992K(1087488K)], 0.1526277 secs] [Times: user=2.22 sys=0.01, real=0.15 secs] 
2016-09-25T22:53:12.289-0400: 98.989: [Full GC (Ergonomics) [PSYoungGen: 86913K->8386K(175104K)] [ParOldGen: 522389K->524179K(524288K)] 609302K->532565K(699392K), [Metaspace: 43992K->43992K(1087488K)], 0.1624033 secs] [Times: user=2.42 sys=0.02, real=0.16 secs] 
2016-09-25T22:53:12.493-0400: 99.192: [Full GC (Ergonomics) [PSYoungGen: 85713K->6751K(175104K)] [ParOldGen: 524179K->523657K(524288K)] 609892K->530408K(699392K), [Metaspace: 43992K->43992K(1087488K)], 0.1664166 secs] [Times: user=2.47 sys=0.00, real=0.17 secs] 
2016-09-25T22:53:12.697-0400: 99.396: [Full GC (Ergonomics) [PSYoungGen: 86700K->10928K(175104K)] [ParOldGen: 523657K->522797K(524288K)] 610358K->533725K(699392K), [Metaspace: 43992K->43992K(1087488K)], 0.1933441 secs] [Times: user=2.35 sys=0.05, real=0.19 secs] 
2016-09-25T22:53:12.932-0400: 99.632: [Full GC (Ergonomics) [PSYoungGen: 88064K->6929K(175104K)] [ParOldGen: 522904K->523253K(524288K)] 610968K->530182K(699392K), [Metaspace: 43992K->43992K(1087488K)], 0.1591749 secs] [Times: user=2.30 sys=0.00, real=0.16 secs] 
2016-09-25T22:53:13.127-0400: 99.827: [Full GC (Ergonomics) [PSYoungGen: 85557K->15073K(175104K)] [ParOldGen: 523253K->522570K(524288K)] 608811K->537644K(699392K), [Metaspace: 43992K->43992K(1087488K)], 0.1639545 secs] [Times: user=2.41 sys=0.01, real=0.16 secs] 
2016-09-25T22:53:13.334-0400: 100.034: [Full GC (Ergonomics) [PSYoungGen: 86905K->2878K(175104K)] [ParOldGen: 522570K->522625K(524288K)] 609476K->525503K(699392K), [Metaspace: 43992K->43992K(1087488K)], 0.1667120 secs] [Times: user=2.48 sys=0.01, real=0.16 secs] 
2016-09-25T22:53:13.536-0400: 100.236: [Full GC (Ergonomics) [PSYoungGen: 88064K->10986K(175104K)] [ParOldGen: 522826K->523397K(524288K)] 610890K->534383K(699392K), [Metaspace: 43992K->43992K(1087488K)], 0.1495625 secs] [Times: user=2.21 sys=0.01, real=0.15 secs] 
2016-09-25T22:53:13.726-0400: 100.425: [Full GC (Ergonomics) [PSYoungGen: 85830K->14960K(175104K)] [ParOldGen: 523397K->524000K(524288K)] 609227K->538961K(699392K), [Metaspace: 43992K->43992K(1087488K)], 0.1543796 secs] [Times: user=2.27 sys=0.01, real=0.15 secs] 
2016-09-25T22:53:13.914-0400: 100.613: [Full GC (Ergonomics) [PSYoungGen: 88064K->10906K(175104K)] [ParOldGen: 524092K->523054K(524288K)] 612156K->533961K(699392K), [Metaspace: 43992K->43992K(1087488K)], 0.1617580 secs] [Times: user=2.31 sys=0.02, real=0.17 secs] 
2016-09-25T22:53:14.114-0400: 100.814: [Full GC (Ergonomics) [PSYoungGen: 88064K->20325K(175104K)] [ParOldGen: 523249K->522413K(524288K)] 611313K->542738K(699392K), [Metaspace: 43992K->43992K(1087488K)], 0.1595242 secs] [Times: user=2.34 sys=0.02, real=0.16 secs] 
2016-09-25T22:53:14.318-0400: 101.017: [Full GC (Ergonomics) [PSYoungGen: 88064K->5510K(175104K)] [ParOldGen: 522431K->524233K(524288K)] 610495K->529743K(699392K), [Metaspace: 43992K->43992K(1087488K)], 0.1782258 secs] [Times: user=2.55 sys=0.01, real=0.18 secs] 
2016-09-25T22:53:14.526-0400: 101.225: [Full GC (Ergonomics) [PSYoungGen: 87721K->19216K(175104K)] [ParOldGen: 524233K->523348K(524288K)] 611954K->542564K(699392K), [Metaspace: 43992K->43992K(1087488K)], 0.1702067 secs] [Times: user=2.53 sys=0.03, real=0.17 secs] 
2016-09-25T22:53:14.733-0400: 101.433: [Full GC (Ergonomics) [PSYoungGen: 88064K->16560K(175104K)] [ParOldGen: 523437K->522287K(524288K)] 611501K->538848K(699392K), [Metaspace: 43992K->43992K(1087488K)], 0.1586179 secs] [Times: user=2.33 sys=0.00, real=0.16 secs] 
2016-09-25T22:53:14.930-0400: 101.629: [Full GC (Ergonomics) [PSYoungGen: 88064K->16460K(175104K)] [ParOldGen: 522332K->523059K(524288K)] 610396K->539519K(699392K), [Metaspace: 43992K->43992K(1087488K)], 0.1598206 secs] [Times: user=2.39 sys=0.01, real=0.16 secs] 
2016-09-25T22:53:15.117-0400: 101.816: [Full GC (Ergonomics) [PSYoungGen: 87922K->19353K(175104K)] [ParOldGen: 523059K->522196K(524288K)] 610981K->541549K(699392K), [Metaspace: 43992K->43992K(1087488K)], 0.1556672 secs] [Times: user=2.29 sys=0.01, real=0.15 secs] 
2016-09-25T22:53:15.310-0400: 102.010: [Full GC (Ergonomics) [PSYoungGen: 87023K->20782K(175104K)] [ParOldGen: 522196K->522468K(524288K)] 609219K->543250K(699392K), [Metaspace: 43992K->43992K(1087488K)], 0.1556173 secs] [Times: user=2.18 sys=0.01, real=0.16 secs] 
2016-09-25T22:53:15.491-0400: 102.190: [Full GC (Ergonomics) [PSYoungGen: 87424K->20750K(175104K)] [ParOldGen: 523818K->523096K(524288K)] 611242K->543847K(699392K), [Metaspace: 43992K->43992K(1087488K)], 0.1586170 secs] [Times: user=2.35 sys=0.01, real=0.16 secs] 
2016-09-25T22:53:15.684-0400: 102.384: [Full GC (Ergonomics) [PSYoungGen: 88064K->18082K(175104K)] [ParOldGen: 523135K->523532K(524288K)] 611199K->541614K(699392K), [Metaspace: 43992K->43992K(1087488K)], 0.1683154 secs] [Times: user=2.50 sys=0.01, real=0.16 secs] 
2016-09-25T22:53:15.900-0400: 102.600: [Full GC (Ergonomics) [PSYoungGen: 88064K->15157K(175104K)] [ParOldGen: 523601K->522874K(524288K)] 611665K->538031K(699392K), [Metaspace: 43992K->43992K(1087488K)], 0.1645414 secs] [Times: user=2.42 sys=0.01, real=0.17 secs] 
2016-09-25T22:53:16.107-0400: 102.806: [Full GC (Ergonomics) [PSYoungGen: 88064K->19127K(175104K)] [ParOldGen: 522874K->523503K(524288K)] 610938K->542630K(699392K), [Metaspace: 43993K->43993K(1087488K)], 0.1623829 secs] [Times: user=2.25 sys=0.01, real=0.16 secs] 
2016-09-25T22:53:16.307-0400: 103.007: [Full GC (Ergonomics) [PSYoungGen: 88064K->16424K(175104K)] [ParOldGen: 523507K->522665K(524288K)] 611571K->539090K(699392K), [Metaspace: 43993K->43993K(1087488K)], 0.1609322 secs] [Times: user=2.43 sys=0.00, real=0.16 secs] 
2016-09-25T22:53:16.500-0400: 103.199: [Full GC (Ergonomics) [PSYoungGen: 88064K->16652K(175104K)] [ParOldGen: 522864K->523145K(524288K)] 610928K->539798K(699392K), [Metaspace: 43993K->43993K(1087488K)], 0.1643584 secs] [Times: user=2.43 sys=0.00, real=0.17 secs] 
2016-09-25T22:53:16.702-0400: 103.402: [Full GC (Ergonomics) [PSYoungGen: 87981K->16620K(175104K)] [ParOldGen: 523145K->523589K(524288K)] 611127K->540210K(699392K), [Metaspace: 43993K->43993K(1087488K)], 0.1559214 secs] [Times: user=2.28 sys=0.01, real=0.15 secs] 
2016-09-25T22:53:16.889-0400: 103.589: [Full GC (Ergonomics) [PSYoungGen: 87014K->26160K(175104K)] [ParOldGen: 523589K->523886K(524288K)] 610604K->550046K(699392K), [Metaspace: 43993K->43993K(1087488K)], 0.1550097 secs] [Times: user=2.23 sys=0.01, real=0.16 secs] 
2016-09-25T22:53:17.079-0400: 103.779: [Full GC (Ergonomics) [PSYoungGen: 88064K->20802K(175104K)] [ParOldGen: 523913K->523011K(524288K)] 611977K->543813K(699392K), [Metaspace: 43995K->43995K(1087488K)], 0.1639537 secs] [Times: user=2.38 sys=0.01, real=0.17 secs] 
2016-09-25T22:53:17.278-0400: 103.977: [Full GC (Ergonomics) [PSYoungGen: 87726K->19443K(175104K)] [ParOldGen: 523011K->522150K(524288K)] 610737K->541594K(699392K), [Metaspace: 43995K->43995K(1087488K)], 0.1643396 secs] [Times: user=2.40 sys=0.02, real=0.17 secs] 
2016-09-25T22:53:17.473-0400: 104.172: [Full GC (Ergonomics) [PSYoungGen: 86036K->24637K(175104K)] [ParOldGen: 522150K->524191K(524288K)] 608186K->548828K(699392K), [Metaspace: 43995K->43995K(1087488K)], 0.1591897 secs] [Times: user=2.38 sys=0.01, real=0.16 secs] 
2016-09-25T22:53:17.662-0400: 104.361: [Full GC (Ergonomics) [PSYoungGen: 85610K->22200K(175104K)] [ParOldGen: 524191K->521893K(524288K)] 609801K->544094K(699392K), [Metaspace: 43995K->43995K(1087488K)], 0.1635492 secs] [Times: user=2.44 sys=0.01, real=0.17 secs] 
2016-09-25T22:53:17.860-0400: 104.560: [Full GC (Ergonomics) [PSYoungGen: 86275K->26266K(175104K)] [ParOldGen: 521893K->523502K(524288K)] 608169K->549768K(699392K), [Metaspace: 43995K->43995K(1087488K)], 0.1605490 secs] [Times: user=2.35 sys=0.02, real=0.16 secs] 
2016-09-25T22:53:18.053-0400: 104.753: [Full GC (Ergonomics) [PSYoungGen: 85773K->27718K(175104K)] [ParOldGen: 523502K->522417K(524288K)] 609275K->550136K(699392K), [Metaspace: 43995K->43995K(1087488K)], 0.1573368 secs] [Times: user=2.21 sys=0.00, real=0.16 secs] 
2016-09-25T22:53:18.235-0400: 104.934: [Full GC (Ergonomics) [PSYoungGen: 87395K->24764K(175104K)] [ParOldGen: 522417K->523272K(524288K)] 609813K->548037K(699392K), [Metaspace: 43995K->43995K(1087488K)], 0.1459008 secs] [Times: user=2.15 sys=0.00, real=0.14 secs] 
2016-09-25T22:53:18.413-0400: 105.112: [Full GC (Ergonomics) [PSYoungGen: 88064K->23488K(175104K)] [ParOldGen: 523391K->522169K(524288K)] 611455K->545657K(699392K), [Metaspace: 43995K->43995K(1087488K)], 0.1608059 secs] [Times: user=2.40 sys=0.00, real=0.16 secs] 
2016-09-25T22:53:18.596-0400: 105.296: [Full GC (Ergonomics) [PSYoungGen: 86953K->30181K(175104K)] [ParOldGen: 522169K->524114K(524288K)] 609122K->554296K(699392K), [Metaspace: 43995K->43995K(1087488K)], 0.1603373 secs] [Times: user=2.40 sys=0.01, real=0.16 secs] 
2016-09-25T22:53:18.792-0400: 105.492: [Full GC (Ergonomics) [PSYoungGen: 87709K->23623K(175104K)] [ParOldGen: 524114K->522872K(524288K)] 611824K->546496K(699392K), [Metaspace: 43995K->43995K(1087488K)], 0.1627662 secs] [Times: user=2.37 sys=0.01, real=0.17 secs] 
2016-09-25T22:53:18.986-0400: 105.685: [Full GC (Ergonomics) [PSYoungGen: 87510K->23407K(175104K)] [ParOldGen: 522872K->523841K(524288K)] 610383K->547249K(699392K), [Metaspace: 44005K->44005K(1087488K)], 0.1692074 secs] [Times: user=2.50 sys=0.01, real=0.17 secs] 
2016-09-25T22:53:19.182-0400: 105.882: [Full GC (Ergonomics) [PSYoungGen: 86034K->28985K(175104K)] [ParOldGen: 523841K->523912K(524288K)] 609876K->552897K(699392K), [Metaspace: 44005K->44005K(1087488K)], 0.1616173 secs] [Times: user=2.38 sys=0.00, real=0.16 secs] 
2016-09-25T22:53:19.376-0400: 106.076: [Full GC (Ergonomics) [PSYoungGen: 86600K->27802K(175104K)] [ParOldGen: 523912K->522878K(524288K)] 610512K->550681K(699392K), [Metaspace: 44005K->44005K(1087488K)], 0.1684952 secs] [Times: user=2.50 sys=0.01, real=0.17 secs] 
2016-09-25T22:53:19.569-0400: 106.269: [Full GC (Ergonomics) [PSYoungGen: 88064K->27677K(175104K)] [ParOldGen: 523016K->523495K(524288K)] 611080K->551173K(699392K), [Metaspace: 44005K->44005K(1087488K)], 0.1552650 secs] [Times: user=2.28 sys=0.02, real=0.16 secs] 
2016-09-25T22:53:19.764-0400: 106.463: [Full GC (Ergonomics) [PSYoungGen: 86995K->19556K(175104K)] [ParOldGen: 523495K->523976K(524288K)] 610491K->543533K(699392K), [Metaspace: 44005K->44005K(1087488K)], 0.1693572 secs] [Times: user=2.50 sys=0.02, real=0.16 secs] 
2016-09-25T22:53:19.968-0400: 106.667: [Full GC (Ergonomics) [PSYoungGen: 86004K->31831K(175104K)] [ParOldGen: 523976K->523041K(524288K)] 609980K->554872K(699392K), [Metaspace: 44005K->44005K(1087488K)], 0.1610821 secs] [Times: user=2.28 sys=0.00, real=0.16 secs] 
2016-09-25T22:53:20.165-0400: 106.865: [Full GC (Ergonomics) [PSYoungGen: 86135K->31801K(175104K)] [ParOldGen: 523041K->523488K(524288K)] 609177K->555290K(699392K), [Metaspace: 44005K->44005K(1087488K)], 0.1634335 secs] [Times: user=2.24 sys=0.03, real=0.16 secs] 
2016-09-25T22:53:20.360-0400: 107.060: [Full GC (Ergonomics) [PSYoungGen: 88064K->24823K(175104K)] [ParOldGen: 523505K->523972K(524288K)] 611569K->548795K(699392K), [Metaspace: 44005K->44005K(1087488K)], 0.1560971 secs] [Times: user=2.31 sys=0.00, real=0.16 secs] 
2016-09-25T22:53:20.546-0400: 107.246: [Full GC (Ergonomics) [PSYoungGen: 86335K->29080K(175104K)] [ParOldGen: 523972K->524236K(524288K)] 610307K->553317K(699392K), [Metaspace: 44005K->44005K(1087488K)], 0.1563043 secs] [Times: user=2.31 sys=0.01, real=0.16 secs] 
2016-09-25T22:53:20.730-0400: 107.430: [Full GC (Ergonomics) [PSYoungGen: 86737K->27755K(175104K)] [ParOldGen: 524236K->523355K(524288K)] 610974K->551110K(699392K), [Metaspace: 44005K->44005K(1087488K)], 0.1584279 secs] [Times: user=2.33 sys=0.02, real=0.16 secs] 
2016-09-25T22:53:20.916-0400: 107.616: [Full GC (Ergonomics) [PSYoungGen: 87178K->30266K(175104K)] [ParOldGen: 523355K->523890K(524288K)] 610533K->554157K(699392K), [Metaspace: 44005K->44005K(1087488K)], 0.1653921 secs] [Times: user=2.39 sys=0.02, real=0.16 secs] 
2016-09-25T22:53:21.112-0400: 107.812: [Full GC (Ergonomics) [PSYoungGen: 88064K->23692K(175104K)] [ParOldGen: 524117K->524101K(524288K)] 612181K->547793K(699392K), [Metaspace: 44005K->44005K(1087488K)], 0.1584192 secs] [Times: user=2.18 sys=0.02, real=0.16 secs] 
2016-09-25T22:53:21.298-0400: 107.998: [Full GC (Ergonomics) [PSYoungGen: 88064K->34690K(175104K)] [ParOldGen: 524247K->523072K(524288K)] 612311K->557762K(699392K), [Metaspace: 44005K->44005K(1087488K)], 0.1625702 secs] [Times: user=2.31 sys=0.01, real=0.16 secs] 
2016-09-25T22:53:21.495-0400: 108.195: [Full GC (Ergonomics) [PSYoungGen: 86776K->29169K(175104K)] [ParOldGen: 523072K->523532K(524288K)] 609848K->552701K(699392K), [Metaspace: 44008K->44008K(1087488K)], 0.1790541 secs] [Times: user=2.38 sys=0.01, real=0.18 secs] 
2016-09-25T22:53:21.698-0400: 108.397: [Full GC (Ergonomics) [PSYoungGen: 87548K->37322K(175104K)] [ParOldGen: 523532K->523989K(524288K)] 611080K->561312K(699392K), [Metaspace: 44008K->44008K(1087488K)], 0.1817891 secs] [Times: user=2.30 sys=0.01, real=0.18 secs] 
2016-09-25T22:53:21.914-0400: 108.613: [Full GC (Ergonomics) [PSYoungGen: 87948K->40082K(175104K)] [ParOldGen: 523989K->521578K(524288K)] 611938K->561661K(699392K), [Metaspace: 44008K->44008K(1087488K)], 0.1674684 secs] [Times: user=2.04 sys=0.02, real=0.17 secs] 
2016-09-25T22:53:22.113-0400: 108.812: [Full GC (Ergonomics) [PSYoungGen: 88064K->36076K(175104K)] [ParOldGen: 521702K->523254K(524288K)] 609766K->559331K(699392K), [Metaspace: 44008K->44008K(1087488K)], 0.1955343 secs] [Times: user=2.65 sys=0.07, real=0.20 secs] 
2016-09-25T22:53:22.335-0400: 109.035: [Full GC (Ergonomics) [PSYoungGen: 86978K->38655K(175104K)] [ParOldGen: 523254K->523961K(524288K)] 610233K->562616K(699392K), [Metaspace: 44008K->44008K(1087488K)], 0.1667709 secs] [Times: user=2.36 sys=0.01, real=0.17 secs] 
2016-09-25T22:53:22.536-0400: 109.236: [Full GC (Ergonomics) [PSYoungGen: 87099K->26515K(175104K)] [ParOldGen: 523961K->522825K(524288K)] 611060K->549340K(699392K), [Metaspace: 44008K->44008K(1087488K)], 0.1618660 secs] [Times: user=2.08 sys=0.00, real=0.16 secs] 
2016-09-25T22:53:22.736-0400: 109.436: [Full GC (Ergonomics) [PSYoungGen: 88064K->40232K(175104K)] [ParOldGen: 524285K->523190K(524288K)] 612349K->563423K(699392K), [Metaspace: 44008K->44008K(1087488K)], 0.1804676 secs] [Times: user=2.48 sys=0.00, real=0.18 secs] 
2016-09-25T22:53:22.937-0400: 109.637: [Full GC (Ergonomics) [PSYoungGen: 88064K->42770K(175104K)] [ParOldGen: 523294K->523554K(524288K)] 611358K->566325K(699392K), [Metaspace: 44008K->44008K(1087488K)], 0.1615837 secs] [Times: user=2.09 sys=0.02, real=0.16 secs] 
2016-09-25T22:53:23.139-0400: 109.839: [Full GC (Ergonomics) [PSYoungGen: 88064K->31784K(175104K)] [ParOldGen: 523583K->523994K(524288K)] 611647K->555778K(699392K), [Metaspace: 44009K->44009K(1087488K)], 0.1753587 secs] [Times: user=2.49 sys=0.02, real=0.18 secs] 
2016-09-25T22:53:23.335-0400: 110.035: [Full GC (Ergonomics) [PSYoungGen: 87618K->41415K(175104K)] [ParOldGen: 523994K->522988K(524288K)] 611613K->564403K(699392K), [Metaspace: 44009K->44009K(1087488K)], 0.1737160 secs] [Times: user=2.45 sys=0.01, real=0.17 secs] 
2016-09-25T22:53:23.542-0400: 110.242: [Full GC (Ergonomics) [PSYoungGen: 85927K->30753K(175104K)] [ParOldGen: 522988K->523020K(524288K)] 608915K->553773K(699392K), [Metaspace: 44009K->44009K(1087488K)], 0.1692706 secs] [Times: user=2.23 sys=0.03, real=0.17 secs] 
2016-09-25T22:53:23.741-0400: 110.441: [Full GC (Ergonomics) [PSYoungGen: 88064K->30718K(175104K)] [ParOldGen: 523029K->523652K(524288K)] 611093K->554370K(699392K), [Metaspace: 44009K->44009K(1087488K)], 0.1618075 secs] [Times: user=2.23 sys=0.02, real=0.17 secs] 
2016-09-25T22:53:23.924-0400: 110.623: [Full GC (Ergonomics) [PSYoungGen: 87824K->38630K(175104K)] [ParOldGen: 523652K->524094K(524288K)] 611476K->562725K(699392K), [Metaspace: 44009K->44009K(1087488K)], 0.1624690 secs] [Times: user=2.25 sys=0.02, real=0.16 secs] 
2016-09-25T22:53:24.129-0400: 110.828: [Full GC (Ergonomics) [PSYoungGen: 87999K->29395K(175104K)] [ParOldGen: 524094K->524232K(524288K)] 612094K->553627K(699392K), [Metaspace: 44009K->44009K(1087488K)], 0.1723592 secs] [Times: user=2.11 sys=0.01, real=0.17 secs] 
2016-09-25T22:53:24.325-0400: 111.024: [Full GC (Ergonomics) [PSYoungGen: 88064K->45620K(175104K)] [ParOldGen: 524287K->523460K(524288K)] 612351K->569081K(699392K), [Metaspace: 44009K->44009K(1087488K)], 0.1560069 secs] [Times: user=2.17 sys=0.01, real=0.15 secs] 
2016-09-25T22:53:24.519-0400: 111.219: [Full GC (Ergonomics) [PSYoungGen: 88064K->37593K(175104K)] [ParOldGen: 523546K->523516K(524288K)] 611610K->561110K(699392K), [Metaspace: 44009K->44009K(1087488K)], 0.1636428 secs] [Times: user=1.95 sys=0.02, real=0.17 secs] 
2016-09-25T22:53:24.713-0400: 111.412: [Full GC (Ergonomics) [PSYoungGen: 87185K->37635K(175104K)] [ParOldGen: 523516K->524022K(524288K)] 610702K->561657K(699392K), [Metaspace: 44011K->44011K(1087488K)], 0.1710021 secs] [Times: user=2.41 sys=0.01, real=0.18 secs] 
2016-09-25T22:53:24.911-0400: 111.610: [Full GC (Ergonomics) [PSYoungGen: 88064K->39003K(175104K)] [ParOldGen: 524175K->524277K(524288K)] 612239K->563281K(699392K), [Metaspace: 44011K->44011K(1087488K)], 0.1661410 secs] [Times: user=2.37 sys=0.01, real=0.17 secs] 
2016-09-25T22:53:25.112-0400: 111.812: [Full GC (Ergonomics) [PSYoungGen: 88059K->37879K(175104K)] [ParOldGen: 524277K->521588K(524288K)] 612337K->559468K(699392K), [Metaspace: 44011K->44011K(1087488K)], 0.1826600 secs] [Times: user=2.30 sys=0.01, real=0.19 secs] 
2016-09-25T22:53:25.312-0400: 112.012: [Full GC (Ergonomics) [PSYoungGen: 88064K->47020K(175104K)] [ParOldGen: 521707K->523747K(524288K)] 609771K->570767K(699392K), [Metaspace: 44011K->44011K(1087488K)], 0.1531371 secs] [Times: user=1.89 sys=0.02, real=0.16 secs] 
2016-09-25T22:53:25.493-0400: 112.192: [Full GC (Ergonomics) [PSYoungGen: 85629K->38809K(175104K)] [ParOldGen: 523747K->524041K(524288K)] 609376K->562851K(699392K), [Metaspace: 44011K->44011K(1087488K)], 0.1628919 secs] [Times: user=2.30 sys=0.01, real=0.17 secs] 
2016-09-25T22:53:25.692-0400: 112.392: [Full GC (Ergonomics) [PSYoungGen: 87445K->37675K(175104K)] [ParOldGen: 524041K->523052K(524288K)] 611487K->560727K(699392K), [Metaspace: 44017K->44017K(1087488K)], 0.1739328 secs] [Times: user=2.41 sys=0.02, real=0.18 secs] 
2016-09-25T22:53:25.882-0400: 112.581: [Full GC (Ergonomics) [PSYoungGen: 88064K->54047K(175104K)] [ParOldGen: 523309K->523282K(524288K)] 611373K->577329K(699392K), [Metaspace: 44018K->44018K(1087488K)], 0.1636925 secs] [Times: user=2.36 sys=0.01, real=0.17 secs] 
2016-09-25T22:53:26.075-0400: 112.774: [Full GC (Ergonomics) [PSYoungGen: 88064K->43175K(175104K)] [ParOldGen: 523462K->523324K(524288K)] 611526K->566499K(699392K), [Metaspace: 44018K->44018K(1087488K)], 0.1738545 secs] [Times: user=2.52 sys=0.01, real=0.17 secs] 
2016-09-25T22:53:26.282-0400: 112.981: [Full GC (Ergonomics) [PSYoungGen: 88064K->39108K(175104K)] [ParOldGen: 524191K->523555K(524288K)] 612255K->562663K(699392K), [Metaspace: 44018K->44018K(1087488K)], 0.1829669 secs] [Times: user=2.01 sys=0.01, real=0.19 secs] 
2016-09-25T22:53:26.480-0400: 113.180: [Full GC (Ergonomics) [PSYoungGen: 88064K->44369K(175104K)] [ParOldGen: 524139K->523966K(524288K)] 612203K->568336K(699392K), [Metaspace: 44018K->44018K(1087488K)], 0.1673158 secs] [Times: user=2.28 sys=0.00, real=0.17 secs] 
2016-09-25T22:53:26.675-0400: 113.375: [Full GC (Ergonomics) [PSYoungGen: 85626K->37738K(175104K)] [ParOldGen: 523966K->523954K(524288K)] 609592K->561693K(699392K), [Metaspace: 44018K->44018K(1087488K)], 0.1698237 secs] [Times: user=2.07 sys=0.02, real=0.17 secs] 
2016-09-25T22:53:26.873-0400: 113.572: [Full GC (Ergonomics) [PSYoungGen: 88064K->44425K(175104K)] [ParOldGen: 524168K->523120K(524288K)] 612232K->567546K(699392K), [Metaspace: 44018K->44018K(1087488K)], 0.1573719 secs] [Times: user=2.15 sys=0.01, real=0.16 secs] 
2016-09-25T22:53:27.044-0400: 113.744: [Full GC (Ergonomics) [PSYoungGen: 88064K->43254K(175104K)] [ParOldGen: 523154K->523347K(524288K)] 611218K->566602K(699392K), [Metaspace: 44018K->44018K(1087488K)], 0.1583455 secs] [Times: user=2.00 sys=0.01, real=0.16 secs] 
2016-09-25T22:53:27.238-0400: 113.938: [Full GC (Ergonomics) [PSYoungGen: 85876K->31265K(175104K)] [ParOldGen: 523347K->523356K(524288K)] 609224K->554622K(699392K), [Metaspace: 44018K->44018K(1087488K)], 0.1745258 secs] [Times: user=2.25 sys=0.03, real=0.17 secs] 
2016-09-25T22:53:27.443-0400: 114.143: [Full GC (Ergonomics) [PSYoungGen: 87580K->39100K(175104K)] [ParOldGen: 523356K->524166K(524288K)] 610937K->563266K(699392K), [Metaspace: 44018K->44018K(1087488K)], 0.1733343 secs] [Times: user=2.30 sys=0.01, real=0.17 secs] 
2016-09-25T22:53:27.641-0400: 114.341: [Full GC (Ergonomics) [PSYoungGen: 87698K->47355K(175104K)] [ParOldGen: 524166K->524231K(524288K)] 611864K->571587K(699392K), [Metaspace: 44018K->44018K(1087488K)], 0.1901129 secs] [Times: user=2.52 sys=0.02, real=0.19 secs] 
2016-09-25T22:53:27.857-0400: 114.556: [Full GC (Ergonomics) [PSYoungGen: 87125K->39620K(175104K)] [ParOldGen: 524231K->524161K(524288K)] 611356K->563782K(699392K), [Metaspace: 44019K->44019K(1087488K)], 0.1625015 secs] [Times: user=2.27 sys=0.01, real=0.16 secs] 
2016-09-25T22:53:28.047-0400: 114.747: [Full GC (Ergonomics) [PSYoungGen: 87971K->40008K(175104K)] [ParOldGen: 524161K->524061K(524288K)] 612132K->564070K(699392K), [Metaspace: 44027K->44027K(1087488K)], 0.1865116 secs] [Times: user=2.83 sys=0.02, real=0.18 secs] 
2016-09-25T22:53:28.256-0400: 114.955: [Full GC (Ergonomics) [PSYoungGen: 86921K->43241K(175104K)] [ParOldGen: 524061K->523967K(524288K)] 610982K->567208K(699392K), [Metaspace: 44027K->44027K(1087488K)], 0.1667628 secs] [Times: user=2.37 sys=0.00, real=0.17 secs] 
2016-09-25T22:53:28.459-0400: 115.159: [Full GC (Ergonomics) [PSYoungGen: 88064K->23537K(175104K)] [ParOldGen: 524006K->523817K(524288K)] 612070K->547355K(699392K), [Metaspace: 44055K->44055K(1087488K)], 0.2297198 secs] [Times: user=3.51 sys=0.01, real=0.23 secs] 
2016-09-25T22:53:32.304-0400: 119.004: [Full GC (Ergonomics) [PSYoungGen: 88064K->0K(175104K)] [ParOldGen: 523824K->520376K(524288K)] 611888K->520376K(699392K), [Metaspace: 44083K->44080K(1087488K)], 0.1137303 secs] [Times: user=1.04 sys=0.03, real=0.11 secs] 
2016-09-25T22:53:36.766-0400: 123.465: [Full GC (Ergonomics) [PSYoungGen: 88045K->0K(175104K)] [ParOldGen: 520376K->504909K(524288K)] 608421K->504909K(699392K), [Metaspace: 44084K->44084K(1087488K)], 0.1107956 secs] [Times: user=1.10 sys=0.01, real=0.11 secs] 
2016-09-25T22:53:41.813-0400: 128.512: [Full GC (Ergonomics) [PSYoungGen: 88064K->0K(175104K)] [ParOldGen: 504909K->504986K(524288K)] 592973K->504986K(699392K), [Metaspace: 44086K->44086K(1087488K)], 0.1031959 secs] [Times: user=0.85 sys=0.01, real=0.11 secs] 
2016-09-25T22:53:46.933-0400: 133.633: [Full GC (Ergonomics) [PSYoungGen: 88064K->0K(175104K)] [ParOldGen: 504986K->501196K(524288K)] 593050K->501196K(699392K), [Metaspace: 44087K->44087K(1087488K)], 0.0973937 secs] [Times: user=0.79 sys=0.02, real=0.10 secs] 
2016-09-25T22:53:51.759-0400: 138.459: [Full GC (Ergonomics) [PSYoungGen: 88064K->0K(175104K)] [ParOldGen: 501196K->503052K(524288K)] 589260K->503052K(699392K), [Metaspace: 44096K->44096K(1087488K)], 0.1022055 secs] [Times: user=0.99 sys=0.06, real=0.10 secs] 
2016-09-25T22:53:56.768-0400: 143.468: [Full GC (Ergonomics) [PSYoungGen: 88064K->0K(175104K)] [ParOldGen: 503052K->461873K(524288K)] 591116K->461873K(699392K), [Metaspace: 44109K->44109K(1087488K)], 0.0944693 secs] [Times: user=0.91 sys=0.00, real=0.10 secs] 
