Java HotSpot(TM) 64-Bit Server VM (25.101-b13) for linux-amd64 JRE (1.8.0_101-b13), built on Jun 22 2016 02:59:44 by "java_re" with gcc 4.3.0 20080428 (Red Hat 4.3.0-8)
Memory: 4k page, physical 264122320k(236888420k free), swap 268399612k(268399612k free)
CommandLine flags: -XX:GCLogFileSize=1048576 -XX:+HeapDumpOnOutOfMemoryError -XX:HeapDumpPath=artifacts/heapdump -XX:InitialHeapSize=805306368 -XX:MaxHeapSize=805306368 -XX:NumberOfGCLogFiles=10 -XX:+PrintGC -XX:+PrintGCDateStamps -XX:+PrintGCDetails -XX:+PrintGCTimeStamps -XX:+UseCompressedClassPointers -XX:+UseCompressedOops -XX:+UseGCLogFileRotation -XX:+UseParallelGC 
2016-09-24T02:39:50.418-0400: 2.173: [GC (Metadata GC Threshold) [PSYoungGen: 121898K->15523K(229376K)] 121898K->15611K(753664K), 0.0234605 secs] [Times: user=0.15 sys=0.00, real=0.02 secs] 
2016-09-24T02:39:50.442-0400: 2.197: [Full GC (Metadata GC Threshold) [PSYoungGen: 15523K->0K(229376K)] [ParOldGen: 88K->14600K(343552K)] 15611K->14600K(572928K), [Metaspace: 21068K->21068K(1067008K)], 0.0468411 secs] [Times: user=0.35 sys=0.01, real=0.05 secs] 
2016-09-24T02:39:52.250-0400: 4.005: [GC (Metadata GC Threshold) [PSYoungGen: 125207K->15058K(229376K)] 139807K->29794K(572928K), 0.0165736 secs] [Times: user=0.13 sys=0.04, real=0.02 secs] 
2016-09-24T02:39:52.267-0400: 4.022: [Full GC (Metadata GC Threshold) [PSYoungGen: 15058K->0K(229376K)] [ParOldGen: 14736K->20495K(524288K)] 29794K->20495K(753664K), [Metaspace: 34968K->34968K(1079296K)], 0.0539823 secs] [Times: user=0.42 sys=0.00, real=0.05 secs] 
2016-09-24T02:39:54.006-0400: 5.760: [GC (GCLocker Initiated GC) [PSYoungGen: 195393K->32763K(229376K)] 218589K->68421K(753664K), 0.0099884 secs] [Times: user=0.09 sys=0.03, real=0.01 secs] 
2016-09-24T02:39:54.163-0400: 5.918: [GC (GCLocker Initiated GC) [PSYoungGen: 229371K->32606K(229376K)] 274687K->86030K(753664K), 0.0084809 secs] [Times: user=0.09 sys=0.00, real=0.00 secs] 
2016-09-24T02:39:54.294-0400: 6.049: [GC (GCLocker Initiated GC) [PSYoungGen: 229214K->32648K(229376K)] 285579K->91721K(753664K), 0.0084550 secs] [Times: user=0.11 sys=0.00, real=0.01 secs] 
2016-09-24T02:39:54.415-0400: 6.169: [GC (GCLocker Initiated GC) [PSYoungGen: 229256K->32740K(185344K)] 291066K->109544K(709632K), 0.0080470 secs] [Times: user=0.06 sys=0.01, real=0.01 secs] 
2016-09-24T02:39:54.500-0400: 6.255: [GC (GCLocker Initiated GC) [PSYoungGen: 185316K->54765K(207360K)] 264965K->160169K(731648K), 0.0095714 secs] [Times: user=0.11 sys=0.02, real=0.01 secs] 
2016-09-24T02:39:54.593-0400: 6.347: [GC (GCLocker Initiated GC) [PSYoungGen: 207341K->54054K(160256K)] 312815K->174013K(684544K), 0.0094055 secs] [Times: user=0.06 sys=0.04, real=0.02 secs] 
2016-09-24T02:39:54.655-0400: 6.410: [GC (GCLocker Initiated GC) [PSYoungGen: 159526K->78044K(183808K)] 279566K->214868K(708096K), 0.0087365 secs] [Times: user=0.09 sys=0.02, real=0.01 secs] 
2016-09-24T02:39:54.710-0400: 6.465: [GC (GCLocker Initiated GC) [PSYoungGen: 183516K->50857K(166400K)] 328495K->234124K(690688K), 0.0088301 secs] [Times: user=0.10 sys=0.03, real=0.01 secs] 
2016-09-24T02:39:54.762-0400: 6.517: [GC (GCLocker Initiated GC) [PSYoungGen: 138921K->60168K(175104K)] 322337K->262872K(699392K), 0.0079340 secs] [Times: user=0.12 sys=0.01, real=0.00 secs] 
2016-09-24T02:39:54.824-0400: 6.578: [GC (GCLocker Initiated GC) [PSYoungGen: 148232K->28990K(175104K)] 356428K->261717K(699392K), 0.0058623 secs] [Times: user=0.06 sys=0.01, real=0.00 secs] 
2016-09-24T02:39:54.883-0400: 6.638: [GC (GCLocker Initiated GC) [PSYoungGen: 117054K->46607K(135168K)] 353094K->304486K(659456K), 0.0058217 secs] [Times: user=0.09 sys=0.00, real=0.00 secs] 
2016-09-24T02:39:54.935-0400: 6.690: [GC (GCLocker Initiated GC) [PSYoungGen: 134671K->46604K(175104K)] 403423K->339920K(699392K), 0.0069485 secs] [Times: user=0.08 sys=0.01, real=0.01 secs] 
2016-09-24T02:39:55.002-0400: 6.757: [GC (GCLocker Initiated GC) [PSYoungGen: 137740K->29024K(172032K)] 443662K->354054K(696320K), 0.0077791 secs] [Times: user=0.06 sys=0.02, real=0.01 secs] 
2016-09-24T02:39:55.062-0400: 6.817: [GC (GCLocker Initiated GC) [PSYoungGen: 120160K->46700K(179200K)] 454724K->400437K(703488K), 0.0066821 secs] [Times: user=0.10 sys=0.00, real=0.01 secs] 
2016-09-24T02:39:55.145-0400: 6.899: [GC (GCLocker Initiated GC) [PSYoungGen: 146028K->41046K(177152K)] 505198K->400415K(701440K), 0.0166297 secs] [Times: user=0.20 sys=0.00, real=0.01 secs] 
2016-09-24T02:39:55.235-0400: 6.990: [GC (GCLocker Initiated GC) [PSYoungGen: 140374K->31668K(180224K)] 510563K->423726K(704512K), 0.0189775 secs] [Times: user=0.28 sys=0.01, real=0.02 secs] 
2016-09-24T02:39:55.332-0400: 7.087: [GC (GCLocker Initiated GC) [PSYoungGen: 137140K->43924K(179200K)] 532143K->444622K(703488K), 0.0068931 secs] [Times: user=0.05 sys=0.01, real=0.01 secs] 
2016-09-24T02:39:55.399-0400: 7.153: [GC (GCLocker Initiated GC) [PSYoungGen: 149396K->69812K(176640K)] 552849K->473678K(700928K), 0.0075576 secs] [Times: user=0.09 sys=0.00, real=0.01 secs] 
2016-09-24T02:39:55.468-0400: 7.222: [GC (GCLocker Initiated GC) [PSYoungGen: 175284K->48230K(183808K)] 579243K->476954K(708096K), 0.0061994 secs] [Times: user=0.08 sys=0.01, real=0.00 secs] 
2016-09-24T02:39:55.529-0400: 7.284: [GC (GCLocker Initiated GC) [PSYoungGen: 153702K->54916K(182784K)] 585240K->511206K(707072K), 0.0070664 secs] [Times: user=0.09 sys=0.02, real=0.01 secs] 
2016-09-24T02:39:55.591-0400: 7.346: [GC (GCLocker Initiated GC) [PSYoungGen: 162436K->56248K(184320K)] 618857K->521237K(708608K), 0.0082675 secs] [Times: user=0.10 sys=0.00, real=0.01 secs] 
2016-09-24T02:39:55.651-0400: 7.406: [GC (GCLocker Initiated GC) [PSYoungGen: 163768K->44098K(180736K)] 631633K->531344K(705024K), 0.0065881 secs] [Times: user=0.08 sys=0.00, real=0.01 secs] 
2016-09-24T02:39:55.658-0400: 7.413: [Full GC (Ergonomics) [PSYoungGen: 44098K->0K(180736K)] [ParOldGen: 487246K->45240K(524288K)] 531344K->45240K(705024K), [Metaspace: 42854K->42850K(1085440K)], 0.1962174 secs] [Times: user=2.79 sys=0.01, real=0.20 secs] 
2016-09-24T02:39:55.916-0400: 7.671: [GC (GCLocker Initiated GC) [PSYoungGen: 108032K->56646K(182784K)] 164141K->112756K(707072K), 0.0108013 secs] [Times: user=0.16 sys=0.00, real=0.01 secs] 
2016-09-24T02:39:55.988-0400: 7.742: [GC (GCLocker Initiated GC) [PSYoungGen: 164678K->54993K(186880K)] 226426K->122957K(711168K), 0.0134221 secs] [Times: user=0.19 sys=0.00, real=0.01 secs] 
2016-09-24T02:39:56.070-0400: 7.825: [GC (GCLocker Initiated GC) [PSYoungGen: 166097K->48161K(159744K)] 243741K->137055K(684032K), 0.0054239 secs] [Times: user=0.06 sys=0.00, real=0.01 secs] 
2016-09-24T02:39:56.138-0400: 7.892: [GC (GCLocker Initiated GC) [PSYoungGen: 159265K->58852K(182272K)] 248282K->148339K(706560K), 0.0145360 secs] [Times: user=0.16 sys=0.02, real=0.01 secs] 
2016-09-24T02:39:56.212-0400: 7.967: [GC (GCLocker Initiated GC) [PSYoungGen: 168420K->61853K(183808K)] 261764K->155679K(708096K), 0.0057570 secs] [Times: user=0.07 sys=0.00, real=0.01 secs] 
2016-09-24T02:39:56.291-0400: 8.046: [GC (GCLocker Initiated GC) [PSYoungGen: 171421K->44020K(186880K)] 277565K->150650K(711168K), 0.0046181 secs] [Times: user=0.06 sys=0.00, real=0.01 secs] 
2016-09-24T02:39:56.352-0400: 8.107: [GC (GCLocker Initiated GC) [PSYoungGen: 154612K->49479K(160256K)] 261456K->156703K(684544K), 0.0094289 secs] [Times: user=0.08 sys=0.00, real=0.01 secs] 
2016-09-24T02:39:56.424-0400: 8.179: [GC (GCLocker Initiated GC) [PSYoungGen: 160071K->50738K(185344K)] 272767K->177413K(709632K), 0.0149996 secs] [Times: user=0.20 sys=0.00, real=0.01 secs] 
2016-09-24T02:39:56.494-0400: 8.249: [GC (GCLocker Initiated GC) [PSYoungGen: 163378K->56326K(183296K)] 290076K->205028K(707584K), 0.0063519 secs] [Times: user=0.07 sys=0.00, real=0.01 secs] 
2016-09-24T02:39:56.575-0400: 8.330: [GC (GCLocker Initiated GC) [PSYoungGen: 168966K->40172K(190464K)] 329930K->217832K(714752K), 0.0050860 secs] [Times: user=0.06 sys=0.00, real=0.00 secs] 
2016-09-24T02:39:56.671-0400: 8.426: [GC (GCLocker Initiated GC) [PSYoungGen: 159468K->65812K(185344K)] 337276K->257646K(709632K), 0.0102737 secs] [Times: user=0.13 sys=0.00, real=0.01 secs] 
2016-09-24T02:39:56.744-0400: 8.499: [GC (GCLocker Initiated GC) [PSYoungGen: 185108K->52308K(189440K)] 377091K->260955K(713728K), 0.0055798 secs] [Times: user=0.08 sys=0.00, real=0.00 secs] 
2016-09-24T02:39:56.806-0400: 8.560: [GC (GCLocker Initiated GC) [PSYoungGen: 166996K->60361K(187392K)] 382462K->292555K(711680K), 0.0057610 secs] [Times: user=0.07 sys=0.00, real=0.00 secs] 
2016-09-24T02:39:56.885-0400: 8.640: [GC (GCLocker Initiated GC) [PSYoungGen: 175049K->42793K(188928K)] 416833K->298574K(713216K), 0.0065019 secs] [Times: user=0.09 sys=0.00, real=0.00 secs] 
2016-09-24T02:39:56.951-0400: 8.706: [GC (GCLocker Initiated GC) [PSYoungGen: 157993K->71098K(186368K)] 416761K->341136K(710656K), 0.0067281 secs] [Times: user=0.06 sys=0.00, real=0.01 secs] 
2016-09-24T02:39:57.023-0400: 8.778: [GC (GCLocker Initiated GC) [PSYoungGen: 186298K->71194K(173056K)] 461838K->347183K(697344K), 0.0054716 secs] [Times: user=0.06 sys=0.00, real=0.00 secs] 
2016-09-24T02:39:57.080-0400: 8.835: [GC (GCLocker Initiated GC) [PSYoungGen: 168474K->50834K(179712K)] 444493K->348903K(704000K), 0.0057663 secs] [Times: user=0.08 sys=0.00, real=0.01 secs] 
2016-09-24T02:39:57.137-0400: 8.892: [GC (GCLocker Initiated GC) [PSYoungGen: 148114K->57584K(175616K)] 450410K->384591K(699904K), 0.0067999 secs] [Times: user=0.10 sys=0.00, real=0.01 secs] 
2016-09-24T02:39:57.194-0400: 8.949: [GC (GCLocker Initiated GC) [PSYoungGen: 156912K->53566K(178688K)] 489336K->405318K(702976K), 0.0061807 secs] [Times: user=0.08 sys=0.01, real=0.01 secs] 
2016-09-24T02:39:57.252-0400: 9.007: [GC (GCLocker Initiated GC) [PSYoungGen: 152894K->76484K(173056K)] 504682K->450324K(697344K), 0.0076550 secs] [Times: user=0.10 sys=0.00, real=0.01 secs] 
2016-09-24T02:39:57.307-0400: 9.062: [GC (GCLocker Initiated GC) [PSYoungGen: 172740K->58934K(179200K)] 547955K->448077K(703488K), 0.0061607 secs] [Times: user=0.08 sys=0.00, real=0.00 secs] 
2016-09-24T02:39:57.363-0400: 9.118: [GC (GCLocker Initiated GC) [PSYoungGen: 155190K->49452K(175104K)] 547225K->463499K(699392K), 0.0132297 secs] [Times: user=0.19 sys=0.00, real=0.01 secs] 
2016-09-24T02:39:57.429-0400: 9.184: [GC (GCLocker Initiated GC) [PSYoungGen: 147756K->50816K(178176K)] 564901K->468381K(702464K), 0.0096654 secs] [Times: user=0.13 sys=0.01, real=0.01 secs] 
2016-09-24T02:39:57.482-0400: 9.237: [GC (GCLocker Initiated GC) [PSYoungGen: 149120K->64256K(181760K)] 566866K->490544K(706048K), 0.0070804 secs] [Times: user=0.09 sys=0.00, real=0.01 secs] 
2016-09-24T02:39:57.550-0400: 9.305: [GC (GCLocker Initiated GC) [PSYoungGen: 167680K->63016K(182784K)] 593970K->503171K(707072K), 0.0071021 secs] [Times: user=0.09 sys=0.00, real=0.01 secs] 
2016-09-24T02:39:57.608-0400: 9.363: [GC (GCLocker Initiated GC) [PSYoungGen: 166440K->67125K(179712K)] 617435K->518532K(704000K), 0.0061021 secs] [Times: user=0.09 sys=0.00, real=0.01 secs] 
2016-09-24T02:39:57.678-0400: 9.433: [GC (GCLocker Initiated GC) [PSYoungGen: 167477K->68416K(168960K)] 618981K->520407K(693248K), 0.0054452 secs] [Times: user=0.07 sys=0.00, real=0.01 secs] 
2016-09-24T02:39:57.730-0400: 9.485: [GC (GCLocker Initiated GC) [PSYoungGen: 168768K->61744K(181248K)] 620859K->535871K(705536K), 0.0068513 secs] [Times: user=0.09 sys=0.00, real=0.01 secs] 
2016-09-24T02:39:57.783-0400: 9.538: [GC (GCLocker Initiated GC) [PSYoungGen: 160560K->54916K(154112K)] 635924K->546929K(678400K), 0.0068005 secs] [Times: user=0.09 sys=0.01, real=0.00 secs] 
2016-09-24T02:39:57.790-0400: 9.545: [Full GC (Ergonomics) [PSYoungGen: 54916K->0K(154112K)] [ParOldGen: 492013K->57683K(524288K)] 546929K->57683K(678400K), [Metaspace: 43121K->43121K(1085440K)], 0.0548949 secs] [Times: user=0.50 sys=0.01, real=0.06 secs] 
2016-09-24T02:39:57.909-0400: 9.664: [GC (GCLocker Initiated GC) [PSYoungGen: 98816K->48390K(179200K)] 157855K->107429K(703488K), 0.0055786 secs] [Times: user=0.08 sys=0.00, real=0.01 secs] 
2016-09-24T02:39:57.962-0400: 9.717: [GC (GCLocker Initiated GC) [PSYoungGen: 147718K->59011K(178688K)] 220267K->132220K(702976K), 0.0058592 secs] [Times: user=0.08 sys=0.00, real=0.00 secs] 
2016-09-24T02:39:58.021-0400: 9.776: [GC (GCLocker Initiated GC) [PSYoungGen: 158339K->75243K(176128K)] 234320K->154341K(700416K), 0.0070694 secs] [Times: user=0.10 sys=0.00, real=0.01 secs] 
2016-09-24T02:39:58.086-0400: 9.840: [GC (GCLocker Initiated GC) [PSYoungGen: 173547K->69747K(168448K)] 254047K->158743K(692736K), 0.0136041 secs] [Times: user=0.19 sys=0.00, real=0.01 secs] 
2016-09-24T02:39:58.154-0400: 9.909: [GC (GCLocker Initiated GC) [PSYoungGen: 168051K->64365K(179712K)] 259817K->180888K(704000K), 0.0073494 secs] [Times: user=0.09 sys=0.01, real=0.01 secs] 
2016-09-24T02:39:58.211-0400: 9.966: [GC (GCLocker Initiated GC) [PSYoungGen: 160621K->64301K(160768K)] 277196K->189411K(685056K), 0.0060981 secs] [Times: user=0.07 sys=0.00, real=0.01 secs] 
2016-09-24T02:39:58.271-0400: 10.026: [GC (GCLocker Initiated GC) [PSYoungGen: 160557K->37489K(176128K)] 299278K->200928K(700416K), 0.0052417 secs] [Times: user=0.06 sys=0.00, real=0.01 secs] 
2016-09-24T02:39:58.324-0400: 10.079: [GC (GCLocker Initiated GC) [PSYoungGen: 131697K->71115K(165376K)] 295203K->235108K(689664K), 0.0064557 secs] [Times: user=0.07 sys=0.00, real=0.00 secs] 
2016-09-24T02:39:58.372-0400: 10.127: [GC (GCLocker Initiated GC) [PSYoungGen: 165323K->58983K(178688K)] 329320K->228761K(702976K), 0.0074774 secs] [Times: user=0.09 sys=0.00, real=0.01 secs] 
2016-09-24T02:39:58.431-0400: 10.186: [GC (GCLocker Initiated GC) [PSYoungGen: 151655K->45447K(176128K)] 332284K->226457K(700416K), 0.0045340 secs] [Times: user=0.05 sys=0.00, real=0.01 secs] 
2016-09-24T02:39:58.488-0400: 10.243: [GC (GCLocker Initiated GC) [PSYoungGen: 138119K->48211K(176640K)] 331509K->252850K(700928K), 0.0055412 secs] [Times: user=0.06 sys=0.00, real=0.00 secs] 
2016-09-24T02:39:58.545-0400: 10.300: [GC (GCLocker Initiated GC) [PSYoungGen: 141395K->72451K(176128K)] 346074K->277563K(700416K), 0.0058215 secs] [Times: user=0.07 sys=0.00, real=0.00 secs] 
2016-09-24T02:39:58.602-0400: 10.357: [GC (GCLocker Initiated GC) [PSYoungGen: 165635K->53579K(177664K)] 377677K->284886K(701952K), 0.0060930 secs] [Times: user=0.09 sys=0.00, real=0.00 secs] 
2016-09-24T02:39:58.655-0400: 10.409: [GC (GCLocker Initiated GC) [PSYoungGen: 145227K->60393K(152064K)] 383334K->298965K(676352K), 0.0056549 secs] [Times: user=0.07 sys=0.00, real=0.00 secs] 
2016-09-24T02:39:58.706-0400: 10.460: [GC (GCLocker Initiated GC) [PSYoungGen: 152041K->64352K(174592K)] 390867K->319818K(698880K), 0.0066956 secs] [Times: user=0.09 sys=0.00, real=0.00 secs] 
2016-09-24T02:39:58.769-0400: 10.523: [GC (GCLocker Initiated GC) [PSYoungGen: 156512K->60219K(174080K)] 414695K->318768K(698368K), 0.0067808 secs] [Times: user=0.09 sys=0.00, real=0.01 secs] 
2016-09-24T02:39:58.823-0400: 10.577: [GC (GCLocker Initiated GC) [PSYoungGen: 152379K->63029K(179200K)] 415648K->340209K(703488K), 0.0065520 secs] [Times: user=0.08 sys=0.00, real=0.00 secs] 
2016-09-24T02:39:58.877-0400: 10.631: [GC (GCLocker Initiated GC) [PSYoungGen: 161845K->64287K(178176K)] 439084K->358199K(702464K), 0.0100727 secs] [Times: user=0.10 sys=0.02, real=0.01 secs] 
2016-09-24T02:39:58.952-0400: 10.706: [GC (GCLocker Initiated GC) [PSYoungGen: 163103K->68383K(180736K)] 462648K->368301K(705024K), 0.0059845 secs] [Times: user=0.07 sys=0.00, real=0.01 secs] 
2016-09-24T02:39:59.006-0400: 10.761: [GC (GCLocker Initiated GC) [PSYoungGen: 169759K->77834K(179712K)] 469780K->389074K(704000K), 0.0065895 secs] [Times: user=0.08 sys=0.00, real=0.00 secs] 
2016-09-24T02:39:59.062-0400: 10.817: [GC (GCLocker Initiated GC) [PSYoungGen: 179210K->80597K(170496K)] 490531K->408489K(694784K), 0.0120746 secs] [Times: user=0.15 sys=0.00, real=0.01 secs] 
2016-09-24T02:39:59.129-0400: 10.883: [GC (GCLocker Initiated GC) [PSYoungGen: 168661K->49515K(175104K)] 502045K->402234K(699392K), 0.0066851 secs] [Times: user=0.08 sys=0.00, real=0.01 secs] 
2016-09-24T02:39:59.182-0400: 10.937: [GC (GCLocker Initiated GC) [PSYoungGen: 137579K->44051K(175104K)] 497261K->404167K(699392K), 0.0053859 secs] [Times: user=0.07 sys=0.00, real=0.00 secs] 
2016-09-24T02:39:59.232-0400: 10.987: [GC (GCLocker Initiated GC) [PSYoungGen: 132115K->63001K(175104K)] 495074K->437163K(699392K), 0.0100781 secs] [Times: user=0.14 sys=0.01, real=0.02 secs] 
2016-09-24T02:39:59.291-0400: 11.046: [GC (GCLocker Initiated GC) [PSYoungGen: 151065K->71179K(175104K)] 528007K->459302K(699392K), 0.0071540 secs] [Times: user=0.09 sys=0.00, real=0.01 secs] 
2016-09-24T02:39:59.344-0400: 11.098: [GC (GCLocker Initiated GC) [PSYoungGen: 159243K->64352K(175104K)] 547454K->474589K(699392K), 0.0068241 secs] [Times: user=0.08 sys=0.00, real=0.00 secs] 
2016-09-24T02:39:59.400-0400: 11.155: [GC (GCLocker Initiated GC) [PSYoungGen: 152416K->54805K(173056K)] 562776K->497947K(697344K), 0.0071266 secs] [Times: user=0.09 sys=0.00, real=0.01 secs] 
2016-09-24T02:39:59.456-0400: 11.210: [GC (GCLocker Initiated GC) [PSYoungGen: 142869K->33265K(174080K)] 592552K->510345K(698368K), 0.0070724 secs] [Times: user=0.06 sys=0.03, real=0.01 secs] 
2016-09-24T02:39:59.507-0400: 11.262: [GC (GCLocker Initiated GC) [PSYoungGen: 121329K->60329K(175104K)] 602529K->558193K(699392K), 0.0073423 secs] [Times: user=0.09 sys=0.01, real=0.01 secs] 
2016-09-24T02:39:59.514-0400: 11.269: [Full GC (Ergonomics) [PSYoungGen: 60329K->0K(175104K)] [ParOldGen: 497864K->71359K(524288K)] 558193K->71359K(699392K), [Metaspace: 43215K->43215K(1085440K)], 0.1791814 secs] [Times: user=0.29 sys=0.17, real=0.17 secs] 
2016-09-24T02:39:59.737-0400: 11.492: [GC (GCLocker Initiated GC) [PSYoungGen: 89088K->72547K(175104K)] 160539K->143999K(699392K), 0.0061700 secs] [Times: user=0.08 sys=0.01, real=0.01 secs] 
2016-09-24T02:39:59.789-0400: 11.544: [GC (GCLocker Initiated GC) [PSYoungGen: 161635K->54869K(175616K)] 233240K->151340K(699904K), 0.0070075 secs] [Times: user=0.09 sys=0.00, real=0.01 secs] 
2016-09-24T02:39:59.846-0400: 11.601: [GC (GCLocker Initiated GC) [PSYoungGen: 143445K->64365K(153088K)] 242841K->177649K(677376K), 0.0099342 secs] [Times: user=0.14 sys=0.01, real=0.01 secs] 
2016-09-24T02:39:59.912-0400: 11.666: [GC (GCLocker Initiated GC) [PSYoungGen: 152941K->64333K(175104K)] 266589K->189176K(699392K), 0.0065889 secs] [Times: user=0.10 sys=0.01, real=0.01 secs] 
2016-09-24T02:39:59.960-0400: 11.715: [GC (GCLocker Initiated GC) [PSYoungGen: 153933K->73737K(174080K)] 278952K->199135K(698368K), 0.0063480 secs] [Times: user=0.07 sys=0.00, real=0.01 secs] 
2016-09-24T02:40:00.018-0400: 11.773: [GC (GCLocker Initiated GC) [PSYoungGen: 163337K->62983K(175616K)] 292025K->192035K(699904K), 0.0061597 secs] [Times: user=0.07 sys=0.01, real=0.01 secs] 
2016-09-24T02:40:00.139-0400: 11.894: [GC (GCLocker Initiated GC) [PSYoungGen: 153095K->42591K(175104K)] 283515K->178790K(699392K), 0.0106885 secs] [Times: user=0.12 sys=0.01, real=0.01 secs] 
2016-09-24T02:40:00.263-0400: 12.017: [GC (GCLocker Initiated GC) [PSYoungGen: 132703K->44129K(176128K)] 277145K->199744K(700416K), 0.0089956 secs] [Times: user=0.13 sys=0.01, real=0.00 secs] 
2016-09-24T02:40:00.328-0400: 12.083: [GC (GCLocker Initiated GC) [PSYoungGen: 134241K->53519K(143872K)] 292677K->228613K(668160K), 0.0069205 secs] [Times: user=0.08 sys=0.01, real=0.01 secs] 
2016-09-24T02:40:00.396-0400: 12.150: [GC (GCLocker Initiated GC) [PSYoungGen: 143631K->62873K(174592K)] 318834K->241149K(698880K), 0.0078479 secs] [Times: user=0.09 sys=0.01, real=0.01 secs] 
2016-09-24T02:40:00.456-0400: 12.210: [GC (GCLocker Initiated GC) [PSYoungGen: 153497K->58965K(174080K)] 331885K->259350K(698368K), 0.0066538 secs] [Times: user=0.08 sys=0.01, real=0.01 secs] 
2016-09-24T02:40:00.509-0400: 12.264: [GC (GCLocker Initiated GC) [PSYoungGen: 149589K->64333K(175616K)] 350022K->273285K(699904K), 0.0102047 secs] [Times: user=0.14 sys=0.02, real=0.01 secs] 
2016-09-24T02:40:00.735-0400: 12.490: [GC (GCLocker Initiated GC) [PSYoungGen: 159053K->67001K(175616K)] 368146K->281881K(699904K), 0.0328641 secs] [Times: user=0.27 sys=0.03, real=0.03 secs] 
2016-09-24T02:40:00.855-0400: 12.609: [GC (GCLocker Initiated GC) [PSYoungGen: 161721K->64379K(180736K)] 379354K->301315K(705024K), 0.0073104 secs] [Times: user=0.07 sys=0.01, real=0.01 secs] 
2016-09-24T02:40:00.925-0400: 12.680: [GC (GCLocker Initiated GC) [PSYoungGen: 163195K->44051K(180224K)] 407537K->288842K(704512K), 0.0050658 secs] [Times: user=0.05 sys=0.02, real=0.00 secs] 
2016-09-24T02:40:00.981-0400: 12.736: [GC (GCLocker Initiated GC) [PSYoungGen: 142867K->75087K(173056K)] 390468K->323076K(697344K), 0.0067693 secs] [Times: user=0.09 sys=0.00, real=0.01 secs] 
2016-09-24T02:40:01.054-0400: 12.809: [GC (GCLocker Initiated GC) [PSYoungGen: 166223K->47927K(176640K)] 415633K->305803K(700928K), 0.0208396 secs] [Times: user=0.22 sys=0.02, real=0.02 secs] 
2016-09-24T02:40:01.124-0400: 12.879: [GC (GCLocker Initiated GC) [PSYoungGen: 139063K->35951K(174592K)] 402491K->315896K(698880K), 0.0071216 secs] [Times: user=0.05 sys=0.01, real=0.00 secs] 
2016-09-24T02:40:01.243-0400: 12.998: [GC (GCLocker Initiated GC) [PSYoungGen: 125039K->53487K(142848K)] 405024K->350075K(667136K), 0.0062268 secs] [Times: user=0.07 sys=0.01, real=0.00 secs] 
2016-09-24T02:40:01.306-0400: 13.060: [GC (GCLocker Initiated GC) [PSYoungGen: 142575K->30675K(173056K)] 446258K->367146K(697344K), 0.0092706 secs] [Times: user=0.11 sys=0.01, real=0.01 secs] 
2016-09-24T02:40:01.362-0400: 13.117: [GC (GCLocker Initiated GC) [PSYoungGen: 119251K->69706K(174592K)] 455755K->406689K(698880K), 0.0096873 secs] [Times: user=0.14 sys=0.00, real=0.01 secs] 
2016-09-24T02:40:01.434-0400: 13.189: [GC (GCLocker Initiated GC) [PSYoungGen: 158282K->31947K(175104K)] 506096K->401689K(699392K), 0.0052819 secs] [Times: user=0.05 sys=0.01, real=0.00 secs] 
2016-09-24T02:40:01.492-0400: 13.247: [GC (GCLocker Initiated GC) [PSYoungGen: 120011K->40065K(175104K)] 497934K->431938K(699392K), 0.0055243 secs] [Times: user=0.05 sys=0.00, real=0.01 secs] 
2016-09-24T02:40:01.547-0400: 13.302: [GC (GCLocker Initiated GC) [PSYoungGen: 128129K->79325K(175104K)] 525509K->477124K(699392K), 0.0074581 secs] [Times: user=0.09 sys=0.01, real=0.01 secs] 
2016-09-24T02:40:01.607-0400: 13.361: [GC (GCLocker Initiated GC) [PSYoungGen: 167389K->58887K(175104K)] 567973K->476082K(699392K), 0.0746575 secs] [Times: user=0.93 sys=0.07, real=0.07 secs] 
2016-09-24T02:40:01.749-0400: 13.503: [GC (GCLocker Initiated GC) [PSYoungGen: 146951K->53533K(175104K)] 572485K->479432K(699392K), 0.0059966 secs] [Times: user=0.08 sys=0.01, real=0.01 secs] 
2016-09-24T02:40:01.817-0400: 13.572: [GC (GCLocker Initiated GC) [PSYoungGen: 141597K->58902K(175104K)] 570315K->488014K(699392K), 0.0137060 secs] [Times: user=0.17 sys=0.02, real=0.01 secs] 
2016-09-24T02:40:01.876-0400: 13.631: [GC (Allocation Failure) [PSYoungGen: 146966K->64288K(175104K)] 578881K->515514K(699392K), 0.0109318 secs] [Times: user=0.09 sys=0.00, real=0.01 secs] 
2016-09-24T02:40:01.935-0400: 13.690: [GC (GCLocker Initiated GC) [PSYoungGen: 150075K->66978K(175104K)] 604002K->521224K(699392K), 0.0064833 secs] [Times: user=0.07 sys=0.01, real=0.00 secs] 
2016-09-24T02:40:01.992-0400: 13.747: [GC (GCLocker Initiated GC) [PSYoungGen: 155042K->72282K(175104K)] 612095K->529596K(699392K), 0.0071983 secs] [Times: user=0.09 sys=0.01, real=0.01 secs] 
2016-09-24T02:40:02.162-0400: 13.917: [GC (GCLocker Initiated GC) [PSYoungGen: 160346K->54604K(175104K)] 625951K->525839K(699392K), 0.0066655 secs] [Times: user=0.06 sys=0.01, real=0.01 secs] 
2016-09-24T02:40:02.221-0400: 13.975: [GC (GCLocker Initiated GC) [PSYoungGen: 142668K->62881K(175104K)] 617992K->538477K(699392K), 0.0061095 secs] [Times: user=0.07 sys=0.01, real=0.01 secs] 
2016-09-24T02:40:02.280-0400: 14.035: [GC (GCLocker Initiated GC) [PSYoungGen: 150945K->77746K(175104K)] 626664K->553776K(699392K), 0.0064479 secs] [Times: user=0.08 sys=0.01, real=0.01 secs] 
2016-09-24T02:40:02.334-0400: 14.089: [GC (GCLocker Initiated GC) [PSYoungGen: 165810K->74982K(175104K)] 641904K->559447K(699392K), 0.0071063 secs] [Times: user=0.08 sys=0.00, real=0.00 secs] 
2016-09-24T02:40:02.386-0400: 14.141: [GC (GCLocker Initiated GC) [PSYoungGen: 163046K->43917K(175104K)] 648909K->538135K(699392K), 0.0081329 secs] [Times: user=0.07 sys=0.01, real=0.00 secs] 
2016-09-24T02:40:02.441-0400: 14.196: [Full GC (Ergonomics) [PSYoungGen: 131981K->0K(175104K)] [ParOldGen: 500984K->81742K(524288K)] 632965K->81742K(699392K), [Metaspace: 43244K->43244K(1085440K)], 0.2410887 secs] [Times: user=1.04 sys=0.25, real=0.25 secs] 
2016-09-24T02:40:02.735-0400: 14.490: [GC (GCLocker Initiated GC) [PSYoungGen: 88064K->75114K(175104K)] 169925K->156976K(699392K), 0.0059431 secs] [Times: user=0.08 sys=0.00, real=0.00 secs] 
2016-09-24T02:40:02.799-0400: 14.554: [GC (GCLocker Initiated GC) [PSYoungGen: 163178K->57326K(175104K)] 250513K->158510K(699392K), 0.0052942 secs] [Times: user=0.07 sys=0.00, real=0.01 secs] 
2016-09-24T02:40:02.860-0400: 14.615: [GC (GCLocker Initiated GC) [PSYoungGen: 145390K->47858K(175104K)] 253439K->180431K(699392K), 0.0064264 secs] [Times: user=0.08 sys=0.01, real=0.01 secs] 
2016-09-24T02:40:02.917-0400: 14.672: [GC (GCLocker Initiated GC) [PSYoungGen: 135922K->54692K(175104K)] 273522K->192491K(699392K), 0.0131286 secs] [Times: user=0.15 sys=0.01, real=0.01 secs] 
2016-09-24T02:40:02.983-0400: 14.738: [GC (GCLocker Initiated GC) [PSYoungGen: 142756K->27512K(175104K)] 287755K->197027K(699392K), 0.0096099 secs] [Times: user=0.11 sys=0.01, real=0.00 secs] 
2016-09-24T02:40:03.037-0400: 14.792: [GC (GCLocker Initiated GC) [PSYoungGen: 115576K->43796K(175104K)] 287838K->232498K(699392K), 0.0055641 secs] [Times: user=0.06 sys=0.01, real=0.01 secs] 
2016-09-24T02:40:03.090-0400: 14.845: [GC (GCLocker Initiated GC) [PSYoungGen: 131860K->38510K(175104K)] 326116K->235631K(699392K), 0.0130996 secs] [Times: user=0.12 sys=0.01, real=0.02 secs] 
2016-09-24T02:40:03.158-0400: 14.912: [GC (GCLocker Initiated GC) [PSYoungGen: 126574K->43840K(175104K)] 335904K->266919K(699392K), 0.0052909 secs] [Times: user=0.05 sys=0.02, real=0.01 secs] 
2016-09-24T02:40:03.212-0400: 14.967: [GC (GCLocker Initiated GC) [PSYoungGen: 131904K->60136K(175104K)] 355094K->310592K(699392K), 0.0067867 secs] [Times: user=0.09 sys=0.01, real=0.01 secs] 
2016-09-24T02:40:03.270-0400: 15.025: [GC (GCLocker Initiated GC) [PSYoungGen: 148200K->64154K(175104K)] 404123K->333816K(699392K), 0.0066309 secs] [Times: user=0.09 sys=0.00, real=0.01 secs] 
2016-09-24T02:40:03.323-0400: 15.078: [GC (GCLocker Initiated GC) [PSYoungGen: 152218K->54707K(171008K)] 424598K->343527K(695296K), 0.0062146 secs] [Times: user=0.08 sys=0.01, real=0.00 secs] 
2016-09-24T02:40:03.369-0400: 15.123: [GC (GCLocker Initiated GC) [PSYoungGen: 142771K->66886K(173056K)] 434435K->372267K(697344K), 0.0071830 secs] [Times: user=0.09 sys=0.01, real=0.01 secs] 
2016-09-24T02:40:03.428-0400: 15.183: [GC (GCLocker Initiated GC) [PSYoungGen: 154950K->73604K(174592K)] 460347K->379201K(698880K), 0.0137054 secs] [Times: user=0.15 sys=0.02, real=0.02 secs] 
2016-09-24T02:40:03.495-0400: 15.250: [GC (GCLocker Initiated GC) [PSYoungGen: 161668K->58754K(175104K)] 472777K->370127K(699392K), 0.0093972 secs] [Times: user=0.14 sys=0.01, real=0.01 secs] 
2016-09-24T02:40:03.563-0400: 15.318: [GC (GCLocker Initiated GC) [PSYoungGen: 146818K->57340K(169984K)] 458233K->385202K(694272K), 0.0085373 secs] [Times: user=0.10 sys=0.01, real=0.00 secs] 
2016-09-24T02:40:03.630-0400: 15.385: [GC (GCLocker Initiated GC) [PSYoungGen: 145404K->58740K(172544K)] 478733K->392299K(696832K), 0.0055354 secs] [Times: user=0.06 sys=0.00, real=0.01 secs] 
2016-09-24T02:40:03.676-0400: 15.430: [GC (GCLocker Initiated GC) [PSYoungGen: 146804K->35644K(177152K)] 483102K->396460K(701440K), 0.0242318 secs] [Times: user=0.18 sys=0.04, real=0.02 secs] 
2016-09-24T02:40:03.752-0400: 15.507: [GC (GCLocker Initiated GC) [PSYoungGen: 130364K->60107K(178176K)] 493927K->423911K(702464K), 0.0166085 secs] [Times: user=0.18 sys=0.03, real=0.02 secs] 
2016-09-24T02:40:03.853-0400: 15.607: [GC (GCLocker Initiated GC) [PSYoungGen: 154827K->53342K(174592K)] 528090K->445760K(698880K), 0.0189433 secs] [Times: user=0.24 sys=0.01, real=0.02 secs] 
2016-09-24T02:40:03.946-0400: 15.701: [GC (GCLocker Initiated GC) [PSYoungGen: 149598K->66920K(176640K)] 542082K->459653K(700928K), 0.0099366 secs] [Times: user=0.14 sys=0.01, real=0.01 secs] 
2016-09-24T02:40:04.034-0400: 15.788: [GC (GCLocker Initiated GC) [PSYoungGen: 163176K->49226K(180736K)] 558649K->469256K(705024K), 0.0098719 secs] [Times: user=0.15 sys=0.00, real=0.02 secs] 
2016-09-24T02:40:04.094-0400: 15.849: [GC (GCLocker Initiated GC) [PSYoungGen: 148554K->50672K(150016K)] 571340K->497999K(674304K), 0.0066182 secs] [Times: user=0.08 sys=0.02, real=0.00 secs] 
2016-09-24T02:40:04.155-0400: 15.910: [GC (GCLocker Initiated GC) [PSYoungGen: 150000K->46540K(180224K)] 600050K->521180K(704512K), 0.0084962 secs] [Times: user=0.13 sys=0.01, real=0.01 secs] 
2016-09-24T02:40:04.227-0400: 15.981: [Full GC (Ergonomics) [PSYoungGen: 147404K->0K(180224K)] [ParOldGen: 484120K->79885K(524288K)] 631525K->79885K(704512K), [Metaspace: 43249K->43249K(1085440K)], 0.0474948 secs] [Times: user=0.43 sys=0.03, real=0.05 secs] 
2016-09-24T02:40:04.336-0400: 16.090: [GC (GCLocker Initiated GC) [PSYoungGen: 100864K->45363K(179200K)] 190419K->134919K(703488K), 0.0083983 secs] [Times: user=0.06 sys=0.02, real=0.01 secs] 
2016-09-24T02:40:04.399-0400: 16.154: [GC (GCLocker Initiated GC) [PSYoungGen: 146227K->77651K(172032K)] 235812K->173031K(696320K), 0.0072772 secs] [Times: user=0.09 sys=0.02, real=0.01 secs] 
2016-09-24T02:40:04.461-0400: 16.216: [GC (Allocation Failure) [PSYoungGen: 171859K->50648K(178176K)] 272764K->159897K(702464K), 0.0053389 secs] [Times: user=0.08 sys=0.00, real=0.01 secs] 
2016-09-24T02:40:04.510-0400: 16.265: [GC (GCLocker Initiated GC) [PSYoungGen: 142354K->57440K(172544K)] 254303K->185869K(696832K), 0.0061376 secs] [Times: user=0.09 sys=0.00, real=0.01 secs] 
2016-09-24T02:40:04.577-0400: 16.332: [GC (GCLocker Initiated GC) [PSYoungGen: 153184K->60136K(176128K)] 283026K->190238K(700416K), 0.0096925 secs] [Times: user=0.12 sys=0.02, real=0.01 secs] 
2016-09-24T02:40:04.638-0400: 16.393: [GC (GCLocker Initiated GC) [PSYoungGen: 155880K->56114K(176640K)] 286229K->211015K(700928K), 0.0094187 secs] [Times: user=0.11 sys=0.00, real=0.01 secs] 
2016-09-24T02:40:04.704-0400: 16.458: [GC (GCLocker Initiated GC) [PSYoungGen: 158514K->60227K(179712K)] 313608K->226429K(704000K), 0.0119915 secs] [Times: user=0.14 sys=0.00, real=0.01 secs] 
2016-09-24T02:40:04.780-0400: 16.535: [GC (GCLocker Initiated GC) [PSYoungGen: 162627K->48126K(183296K)] 328884K->228259K(707584K), 0.0118610 secs] [Times: user=0.18 sys=0.00, real=0.01 secs] 
2016-09-24T02:40:04.848-0400: 16.603: [GC (GCLocker Initiated GC) [PSYoungGen: 156158K->73887K(182272K)] 339024K->267922K(706560K), 0.0059815 secs] [Times: user=0.09 sys=0.00, real=0.01 secs] 
2016-09-24T02:40:04.940-0400: 16.695: [GC (GCLocker Initiated GC) [PSYoungGen: 181919K->46798K(181248K)] 385431K->275093K(705536K), 0.0062243 secs] [Times: user=0.09 sys=0.01, real=0.01 secs] 
2016-09-24T02:40:05.075-0400: 16.830: [GC (GCLocker Initiated GC) [PSYoungGen: 148174K->53557K(155136K)] 379276K->285125K(679424K), 0.0402206 secs] [Times: user=0.24 sys=0.04, real=0.04 secs] 
2016-09-24T02:40:05.202-0400: 16.957: [GC (GCLocker Initiated GC) [PSYoungGen: 154933K->48114K(180736K)] 397316K->290900K(705024K), 0.0064411 secs] [Times: user=0.08 sys=0.00, real=0.01 secs] 
2016-09-24T02:40:05.284-0400: 17.039: [GC (GCLocker Initiated GC) [PSYoungGen: 150514K->41605K(180224K)] 400095K->291715K(704512K), 0.0071422 secs] [Times: user=0.10 sys=0.00, real=0.00 secs] 
2016-09-24T02:40:05.368-0400: 17.122: [GC (GCLocker Initiated GC) [PSYoungGen: 144005K->53424K(179712K)] 399617K->309518K(704000K), 0.0233333 secs] [Times: user=0.21 sys=0.02, real=0.02 secs] 
2016-09-24T02:40:05.541-0400: 17.296: [GC (GCLocker Initiated GC) [PSYoungGen: 159920K->41428K(181760K)] 421442K->322296K(706048K), 0.0056580 secs] [Times: user=0.05 sys=0.00, real=0.01 secs] 
2016-09-24T02:40:05.659-0400: 17.414: [GC (GCLocker Initiated GC) [PSYoungGen: 147924K->49615K(183808K)] 442296K->344491K(708096K), 0.0052340 secs] [Times: user=0.05 sys=0.01, real=0.01 secs] 
2016-09-24T02:40:05.779-0400: 17.534: [GC (GCLocker Initiated GC) [PSYoungGen: 161231K->27861K(185344K)] 469645K->336810K(709632K), 0.0088244 secs] [Times: user=0.09 sys=0.00, real=0.01 secs] 
2016-09-24T02:40:05.879-0400: 17.634: [GC (GCLocker Initiated GC) [PSYoungGen: 139477K->48024K(186368K)] 451150K->360239K(710656K), 0.0095131 secs] [Times: user=0.09 sys=0.01, real=0.01 secs] 
2016-09-24T02:40:05.977-0400: 17.732: [GC (GCLocker Initiated GC) [PSYoungGen: 160664K->40061K(186368K)] 472932K->371747K(710656K), 0.0150104 secs] [Times: user=0.25 sys=0.01, real=0.01 secs] 
2016-09-24T02:40:06.136-0400: 17.891: [GC (GCLocker Initiated GC) [PSYoungGen: 152701K->30749K(186368K)] 489885K->379180K(710656K), 0.0110890 secs] [Times: user=0.15 sys=0.01, real=0.01 secs] 
2016-09-24T02:40:06.251-0400: 18.005: [GC (GCLocker Initiated GC) [PSYoungGen: 144413K->61817K(175616K)] 492923K->410936K(699904K), 0.0075191 secs] [Times: user=0.11 sys=0.01, real=0.01 secs] 
2016-09-24T02:40:06.350-0400: 18.105: [GC (GCLocker Initiated GC) [PSYoungGen: 175481K->57730K(183808K)] 525991K->419515K(708096K), 0.0083497 secs] [Times: user=0.08 sys=0.04, real=0.01 secs] 
2016-09-24T02:40:06.433-0400: 18.188: [GC (GCLocker Initiated GC) [PSYoungGen: 165250K->26494K(134144K)] 529827K->413237K(658432K), 0.0087436 secs] [Times: user=0.10 sys=0.02, real=0.02 secs] 
2016-09-24T02:40:06.517-0400: 18.272: [GC (GCLocker Initiated GC) [PSYoungGen: 134014K->61617K(179712K)] 523509K->451675K(704000K), 0.0102902 secs] [Times: user=0.12 sys=0.04, real=0.01 secs] 
2016-09-24T02:40:06.609-0400: 18.364: [GC (GCLocker Initiated GC) [PSYoungGen: 162993K->49619K(151040K)] 558597K->467242K(675328K), 0.0103284 secs] [Times: user=0.17 sys=0.01, real=0.01 secs] 
2016-09-24T02:40:06.692-0400: 18.447: [GC (GCLocker Initiated GC) [PSYoungGen: 150995K->65764K(177152K)] 568706K->494798K(701440K), 0.0085384 secs] [Times: user=0.11 sys=0.01, real=0.01 secs] 
2016-09-24T02:40:06.773-0400: 18.527: [GC (GCLocker Initiated GC) [PSYoungGen: 165092K->25417K(124928K)] 611821K->502355K(649216K), 0.0066571 secs] [Times: user=0.09 sys=0.02, real=0.01 secs] 
2016-09-24T02:40:06.858-0400: 18.612: [GC (GCLocker Initiated GC) [PSYoungGen: 124745K->65805K(173568K)] 601752K->543442K(697856K), 0.0066973 secs] [Times: user=0.10 sys=0.00, real=0.01 secs] 
2016-09-24T02:40:06.919-0400: 18.674: [GC (GCLocker Initiated GC) [PSYoungGen: 156941K->26438K(117760K)] 634735K->526301K(642048K), 0.0064392 secs] [Times: user=0.07 sys=0.00, real=0.01 secs] 
2016-09-24T02:40:06.926-0400: 18.680: [Full GC (Ergonomics) [PSYoungGen: 26438K->0K(117760K)] [ParOldGen: 499862K->89513K(524288K)] 526301K->89513K(642048K), [Metaspace: 43255K->43255K(1085440K)], 0.0554297 secs] [Times: user=0.41 sys=0.07, real=0.05 secs] 
2016-09-24T02:40:07.043-0400: 18.798: [GC (GCLocker Initiated GC) [PSYoungGen: 91136K->64596K(174080K)] 183382K->156842K(698368K), 0.0066663 secs] [Times: user=0.08 sys=0.00, real=0.00 secs] 
2016-09-24T02:40:07.107-0400: 18.862: [GC (GCLocker Initiated GC) [PSYoungGen: 152660K->37122K(175104K)] 244939K->144861K(699392K), 0.0069940 secs] [Times: user=0.04 sys=0.01, real=0.00 secs] 
2016-09-24T02:40:07.180-0400: 18.934: [GC (GCLocker Initiated GC) [PSYoungGen: 125186K->38737K(170496K)] 237277K->170192K(694784K), 0.0066187 secs] [Times: user=0.06 sys=0.01, real=0.01 secs] 
2016-09-24T02:40:07.243-0400: 18.997: [GC (Allocation Failure) [PSYoungGen: 127313K->58964K(173056K)] 258785K->190949K(697344K), 0.0062129 secs] [Times: user=0.07 sys=0.01, real=0.00 secs] 
2016-09-24T02:40:07.314-0400: 19.068: [GC (GCLocker Initiated GC) [PSYoungGen: 145945K->33187K(176128K)] 283330K->179098K(700416K), 0.0083362 secs] [Times: user=0.05 sys=0.01, real=0.01 secs] 
2016-09-24T02:40:07.396-0400: 19.151: [GC (GCLocker Initiated GC) [PSYoungGen: 125859K->61715K(154624K)] 274579K->210918K(678912K), 0.0067301 secs] [Times: user=0.07 sys=0.02, real=0.01 secs] 
2016-09-24T02:40:07.455-0400: 19.209: [GC (GCLocker Initiated GC) [PSYoungGen: 154387K->57694K(176640K)] 306365K->220996K(700928K), 0.0072685 secs] [Times: user=0.06 sys=0.01, real=0.00 secs] 
2016-09-24T02:40:07.526-0400: 19.281: [GC (GCLocker Initiated GC) [PSYoungGen: 148318K->59063K(176128K)] 314384K->241915K(700416K), 0.0144190 secs] [Times: user=0.21 sys=0.02, real=0.01 secs] 
2016-09-24T02:40:07.638-0400: 19.393: [GC (GCLocker Initiated GC) [PSYoungGen: 149687K->38958K(174080K)] 344923K->234742K(698368K), 0.0129488 secs] [Times: user=0.11 sys=0.02, real=0.01 secs] 
2016-09-24T02:40:07.706-0400: 19.461: [GC (GCLocker Initiated GC) [PSYoungGen: 130094K->71184K(175104K)] 326045K->278569K(699392K), 0.0069453 secs] [Times: user=0.09 sys=0.00, real=0.00 secs] 
2016-09-24T02:40:07.770-0400: 19.525: [GC (GCLocker Initiated GC) [PSYoungGen: 162320K->35976K(175104K)] 375304K->249448K(699392K), 0.0128729 secs] [Times: user=0.10 sys=0.01, real=0.02 secs] 
2016-09-24T02:40:07.845-0400: 19.600: [GC (GCLocker Initiated GC) [PSYoungGen: 124040K->60332K(175104K)] 337546K->298742K(699392K), 0.0080166 secs] [Times: user=0.08 sys=0.01, real=0.00 secs] 
2016-09-24T02:40:07.912-0400: 19.666: [GC (GCLocker Initiated GC) [PSYoungGen: 148396K->47067K(169984K)] 392257K->318476K(694272K), 0.0071543 secs] [Times: user=0.08 sys=0.00, real=0.01 secs] 
2016-09-24T02:40:07.988-0400: 19.742: [GC (GCLocker Initiated GC) [PSYoungGen: 135131K->59069K(172544K)] 409421K->333939K(696832K), 0.1180496 secs] [Times: user=0.00 sys=0.11, real=0.12 secs] 
2016-09-24T02:40:08.227-0400: 19.981: [GC (GCLocker Initiated GC) [PSYoungGen: 147133K->39906K(174592K)] 422016K->315343K(698880K), 0.0107174 secs] [Times: user=0.06 sys=0.01, real=0.01 secs] 
2016-09-24T02:40:08.313-0400: 20.068: [GC (GCLocker Initiated GC) [PSYoungGen: 133090K->44155K(176128K)] 416643K->328225K(700416K), 0.0129223 secs] [Times: user=0.13 sys=0.01, real=0.02 secs] 
2016-09-24T02:40:08.379-0400: 20.134: [GC (GCLocker Initiated GC) [PSYoungGen: 137339K->45590K(174592K)] 428286K->348012K(698880K), 0.0088516 secs] [Times: user=0.08 sys=0.00, real=0.01 secs] 
2016-09-24T02:40:08.453-0400: 20.208: [GC (GCLocker Initiated GC) [PSYoungGen: 143894K->60508K(176640K)] 449116K->385262K(700928K), 0.0062589 secs] [Times: user=0.08 sys=0.00, real=0.01 secs] 
2016-09-24T02:40:08.522-0400: 20.277: [GC (GCLocker Initiated GC) [PSYoungGen: 158812K->62070K(179200K)] 494430K->406424K(703488K), 0.0064651 secs] [Times: user=0.09 sys=0.00, real=0.01 secs] 
2016-09-24T02:40:08.710-0400: 20.465: [GC (GCLocker Initiated GC) [PSYoungGen: 161398K->58958K(180736K)] 508721K->407073K(705024K), 0.0093474 secs] [Times: user=0.08 sys=0.02, real=0.01 secs] 
2016-09-24T02:40:08.797-0400: 20.552: [GC (GCLocker Initiated GC) [PSYoungGen: 158286K->33552K(180224K)] 518894K->394684K(704512K), 0.0204731 secs] [Times: user=0.21 sys=0.02, real=0.02 secs] 
2016-09-24T02:40:08.875-0400: 20.629: [GC (GCLocker Initiated GC) [PSYoungGen: 132880K->49818K(149504K)] 496910K->414568K(673792K), 0.0104049 secs] [Times: user=0.11 sys=0.01, real=0.01 secs] 
2016-09-24T02:40:08.950-0400: 20.705: [GC (GCLocker Initiated GC) [PSYoungGen: 149146K->53655K(179712K)] 513936K->419039K(704000K), 0.0103867 secs] [Times: user=0.10 sys=0.02, real=0.01 secs] 
2016-09-24T02:40:09.042-0400: 20.796: [GC (GCLocker Initiated GC) [PSYoungGen: 155031K->53874K(178176K)] 525864K->449684K(702464K), 0.0067092 secs] [Times: user=0.07 sys=0.00, real=0.01 secs] 
2016-09-24T02:40:09.110-0400: 20.865: [GC (GCLocker Initiated GC) [PSYoungGen: 155250K->48221K(183808K)] 553877K->469160K(708096K), 0.0068404 secs] [Times: user=0.06 sys=0.01, real=0.01 secs] 
2016-09-24T02:40:09.180-0400: 20.935: [GC (GCLocker Initiated GC) [PSYoungGen: 156765K->42905K(182272K)] 583170K->483413K(706560K), 0.0107648 secs] [Times: user=0.10 sys=0.02, real=0.01 secs] 
2016-09-24T02:40:09.284-0400: 21.038: [GC (GCLocker Initiated GC) [PSYoungGen: 151449K->53839K(186880K)] 594802K->497879K(711168K), 0.0186120 secs] [Times: user=0.20 sys=0.03, real=0.02 secs] 
2016-09-24T02:40:09.374-0400: 21.129: [GC (GCLocker Initiated GC) [PSYoungGen: 168015K->55054K(185856K)] 614858K->502630K(710144K), 0.0110007 secs] [Times: user=0.10 sys=0.01, real=0.02 secs] 
2016-09-24T02:40:09.469-0400: 21.224: [GC (Allocation Failure) [PSYoungGen: 169230K->26647K(186880K)] 624992K->483054K(711168K), 0.0301791 secs] [Times: user=0.33 sys=0.03, real=0.03 secs] 
2016-09-24T02:40:09.568-0400: 21.322: [GC (GCLocker Initiated GC) [PSYoungGen: 140482K->61790K(177664K)] 599589K->521647K(701952K), 0.0141709 secs] [Times: user=0.17 sys=0.01, real=0.01 secs] 
2016-09-24T02:40:09.671-0400: 21.425: [GC (GCLocker Initiated GC) [PSYoungGen: 177502K->41604K(187392K)] 644195K->508840K(711680K), 0.0049878 secs] [Times: user=0.08 sys=0.00, real=0.01 secs] 
2016-09-24T02:40:09.757-0400: 21.511: [GC (GCLocker Initiated GC) [PSYoungGen: 153220K->58960K(186368K)] 626102K->532402K(710656K), 0.0100254 secs] [Times: user=0.11 sys=0.01, real=0.01 secs] 
2016-09-24T02:40:09.850-0400: 21.604: [GC (GCLocker Initiated GC) [PSYoungGen: 170576K->34491K(186368K)] 650834K->517987K(710656K), 0.0057358 secs] [Times: user=0.07 sys=0.00, real=0.01 secs] 
2016-09-24T02:40:09.921-0400: 21.675: [GC (GCLocker Initiated GC) [PSYoungGen: 145083K->54872K(186368K)] 631360K->547010K(710656K), 0.0251541 secs] [Times: user=0.32 sys=0.02, real=0.03 secs] 
2016-09-24T02:40:10.039-0400: 21.794: [Full GC (Ergonomics) [PSYoungGen: 165464K->0K(186368K)] [ParOldGen: 503153K->114421K(524288K)] 668617K->114421K(710656K), [Metaspace: 43262K->43262K(1085440K)], 0.0782681 secs] [Times: user=0.44 sys=0.10, real=0.08 secs] 
2016-09-24T02:40:10.203-0400: 21.958: [GC (GCLocker Initiated GC) [PSYoungGen: 110592K->56395K(186368K)] 225019K->170822K(710656K), 0.0084002 secs] [Times: user=0.06 sys=0.01, real=0.00 secs] 
2016-09-24T02:40:10.291-0400: 22.046: [GC (GCLocker Initiated GC) [PSYoungGen: 166987K->53583K(164352K)] 281580K->168829K(688640K), 0.0085028 secs] [Times: user=0.10 sys=0.01, real=0.01 secs] 
2016-09-24T02:40:10.384-0400: 22.139: [GC (GCLocker Initiated GC) [PSYoungGen: 164175K->71197K(177152K)] 279610K->187133K(701440K), 0.0064976 secs] [Times: user=0.09 sys=0.01, real=0.00 secs] 
2016-09-24T02:40:10.501-0400: 22.255: [GC (GCLocker Initiated GC) [PSYoungGen: 173597K->67150K(169984K)] 294991K->202568K(694272K), 0.0088661 secs] [Times: user=0.09 sys=0.01, real=0.01 secs] 
2016-09-24T02:40:10.610-0400: 22.365: [GC (GCLocker Initiated GC) [PSYoungGen: 169550K->53562K(182272K)] 305065K->189588K(706560K), 0.0054308 secs] [Times: user=0.07 sys=0.00, real=0.01 secs] 
2016-09-24T02:40:10.679-0400: 22.433: [GC (Allocation Failure) [PSYoungGen: 152890K->61896K(179200K)] 293062K->202508K(703488K), 0.0089513 secs] [Times: user=0.12 sys=0.01, real=0.01 secs] 
2016-09-24T02:40:10.765-0400: 22.520: [GC (GCLocker Initiated GC) [PSYoungGen: 160815K->40351K(179712K)] 302777K->201799K(704000K), 0.0067986 secs] [Times: user=0.07 sys=0.00, real=0.00 secs] 
2016-09-24T02:40:10.838-0400: 22.593: [GC (GCLocker Initiated GC) [PSYoungGen: 139679K->52418K(152064K)] 302685K->216154K(676352K), 0.0060343 secs] [Times: user=0.07 sys=0.00, real=0.01 secs] 
2016-09-24T02:40:10.908-0400: 22.663: [GC (GCLocker Initiated GC) [PSYoungGen: 151746K->49701K(181248K)] 319614K->218199K(705536K), 0.0073806 secs] [Times: user=0.09 sys=0.02, real=0.01 secs] 
2016-09-24T02:40:10.982-0400: 22.736: [GC (GCLocker Initiated GC) [PSYoungGen: 153125K->53797K(179200K)] 331155K->232504K(703488K), 0.0069216 secs] [Times: user=0.06 sys=0.00, real=0.01 secs] 
2016-09-24T02:40:11.045-0400: 22.800: [GC (GCLocker Initiated GC) [PSYoungGen: 157221K->55165K(183296K)] 335966K->248149K(707584K), 0.0060594 secs] [Times: user=0.09 sys=0.00, real=0.00 secs] 
2016-09-24T02:40:11.120-0400: 22.875: [GC (GCLocker Initiated GC) [PSYoungGen: 164733K->51266K(182272K)] 360472K->247642K(706560K), 0.0049398 secs] [Times: user=0.06 sys=0.00, real=0.01 secs] 
2016-09-24T02:40:11.183-0400: 22.937: [GC (GCLocker Initiated GC) [PSYoungGen: 160834K->70199K(181760K)] 360007K->274233K(706048K), 0.0069909 secs] [Times: user=0.09 sys=0.01, real=0.00 secs] 
2016-09-24T02:40:11.254-0400: 23.009: [GC (GCLocker Initiated GC) [PSYoungGen: 180791K->48521K(186368K)] 391706K->279164K(710656K), 0.0057258 secs] [Times: user=0.07 sys=0.00, real=0.01 secs] 
2016-09-24T02:40:11.327-0400: 23.082: [GC (GCLocker Initiated GC) [PSYoungGen: 159113K->70190K(180224K)] 395161K->307062K(704512K), 0.0056797 secs] [Times: user=0.08 sys=0.00, real=0.00 secs] 
2016-09-24T02:40:11.407-0400: 23.161: [GC (GCLocker Initiated GC) [PSYoungGen: 175662K->63363K(168960K)] 412544K->301049K(693248K), 0.0055273 secs] [Times: user=0.08 sys=0.01, real=0.00 secs] 
2016-09-24T02:40:11.477-0400: 23.231: [GC (GCLocker Initiated GC) [PSYoungGen: 168835K->62067K(183296K)] 409249K->314080K(707584K), 0.0063517 secs] [Times: user=0.08 sys=0.01, real=0.01 secs] 
2016-09-24T02:40:11.543-0400: 23.298: [GC (GCLocker Initiated GC) [PSYoungGen: 166003K->51224K(155648K)] 433096K->319170K(679936K), 0.0098571 secs] [Times: user=0.15 sys=0.00, real=0.00 secs] 
2016-09-24T02:40:11.613-0400: 23.368: [GC (GCLocker Initiated GC) [PSYoungGen: 155160K->37627K(180736K)] 425821K->309050K(705024K), 0.0184325 secs] [Times: user=0.21 sys=0.01, real=0.02 secs] 
2016-09-24T02:40:11.690-0400: 23.445: [GC (GCLocker Initiated GC) [PSYoungGen: 140539K->61946K(181760K)] 417379K->350370K(706048K), 0.0093676 secs] [Times: user=0.14 sys=0.00, real=0.01 secs] 
2016-09-24T02:40:11.754-0400: 23.508: [GC (GCLocker Initiated GC) [PSYoungGen: 164858K->67402K(178688K)] 456215K->375715K(702976K), 0.0104918 secs] [Times: user=0.13 sys=0.00, real=0.02 secs] 
2016-09-24T02:40:11.823-0400: 23.578: [GC (GCLocker Initiated GC) [PSYoungGen: 166730K->61889K(180736K)] 478902K->374824K(705024K), 0.0055902 secs] [Times: user=0.08 sys=0.00, real=0.00 secs] 
2016-09-24T02:40:11.881-0400: 23.636: [GC (GCLocker Initiated GC) [PSYoungGen: 161217K->43073K(180224K)] 482388K->370335K(704512K), 0.0059649 secs] [Times: user=0.05 sys=0.00, real=0.01 secs] 
2016-09-24T02:40:11.941-0400: 23.696: [GC (GCLocker Initiated GC) [PSYoungGen: 142913K->64619K(164864K)] 475602K->398059K(689152K), 0.0338434 secs] [Times: user=0.46 sys=0.00, real=0.04 secs] 
2016-09-24T02:40:12.038-0400: 23.793: [GC (GCLocker Initiated GC) [PSYoungGen: 164459K->42846K(180736K)] 497932K->377024K(705024K), 0.0055601 secs] [Times: user=0.04 sys=0.00, real=0.01 secs] 
2016-09-24T02:40:12.104-0400: 23.859: [GC (GCLocker Initiated GC) [PSYoungGen: 141662K->52493K(151552K)] 481369K->409149K(675840K), 0.0060797 secs] [Times: user=0.08 sys=0.00, real=0.00 secs] 
2016-09-24T02:40:12.167-0400: 23.922: [GC (GCLocker Initiated GC) [PSYoungGen: 151309K->43001K(178688K)] 516073K->419310K(702976K), 0.0056642 secs] [Times: user=0.06 sys=0.00, real=0.00 secs] 
2016-09-24T02:40:12.221-0400: 23.976: [GC (GCLocker Initiated GC) [PSYoungGen: 142329K->71399K(178176K)] 518794K->448599K(702464K), 0.0084192 secs] [Times: user=0.11 sys=0.00, real=0.01 secs] 
2016-09-24T02:40:12.293-0400: 24.048: [GC (GCLocker Initiated GC) [PSYoungGen: 170727K->49734K(180736K)] 550680K->430374K(705024K), 0.0086258 secs] [Times: user=0.10 sys=0.00, real=0.01 secs] 
2016-09-24T02:40:12.355-0400: 24.110: [GC (GCLocker Initiated GC) [PSYoungGen: 147526K->78166K(176128K)] 528247K->459589K(700416K), 0.0072281 secs] [Times: user=0.10 sys=0.00, real=0.01 secs] 
2016-09-24T02:40:12.424-0400: 24.179: [GC (GCLocker Initiated GC) [PSYoungGen: 175958K->39105K(174080K)] 565588K->442987K(698368K), 0.0103577 secs] [Times: user=0.15 sys=0.00, real=0.01 secs] 
2016-09-24T02:40:12.484-0400: 24.238: [GC (GCLocker Initiated GC) [PSYoungGen: 127169K->50966K(139264K)] 536509K->474623K(663552K), 0.0055546 secs] [Times: user=0.07 sys=0.00, real=0.00 secs] 
2016-09-24T02:40:12.547-0400: 24.302: [GC (GCLocker Initiated GC) [PSYoungGen: 139030K->61955K(174592K)] 562752K->497085K(698880K), 0.0072721 secs] [Times: user=0.07 sys=0.00, real=0.01 secs] 
2016-09-24T02:40:12.597-0400: 24.352: [GC (GCLocker Initiated GC) [PSYoungGen: 151555K->34650K(174080K)] 589456K->478611K(698368K), 0.0142668 secs] [Times: user=0.19 sys=0.00, real=0.01 secs] 
2016-09-24T02:40:12.660-0400: 24.415: [GC (GCLocker Initiated GC) [PSYoungGen: 124250K->42820K(175616K)] 573768K->492879K(699904K), 0.0050940 secs] [Times: user=0.04 sys=0.00, real=0.01 secs] 
2016-09-24T02:40:12.718-0400: 24.473: [GC (GCLocker Initiated GC) [PSYoungGen: 134980K->41700K(176128K)] 594508K->518110K(700416K), 0.0093368 secs] [Times: user=0.13 sys=0.00, real=0.01 secs] 
2016-09-24T02:40:12.780-0400: 24.535: [GC (GCLocker Initiated GC) [PSYoungGen: 133860K->72788K(170496K)] 614362K->554074K(694784K), 0.0067201 secs] [Times: user=0.10 sys=0.00, real=0.01 secs] 
2016-09-24T02:40:12.838-0400: 24.592: [GC (GCLocker Initiated GC) [PSYoungGen: 160852K->48402K(175104K)] 644975K->560259K(699392K), 0.0069344 secs] [Times: user=0.09 sys=0.01, real=0.01 secs] 
2016-09-24T02:40:12.845-0400: 24.600: [Full GC (Ergonomics) [PSYoungGen: 48402K->0K(175104K)] [ParOldGen: 511857K->132506K(524288K)] 560259K->132506K(699392K), [Metaspace: 43484K->43484K(1085440K)], 0.0531822 secs] [Times: user=0.39 sys=0.00, real=0.05 secs] 
2016-09-24T02:40:12.949-0400: 24.703: [GC (GCLocker Initiated GC) [PSYoungGen: 88064K->75755K(173056K)] 220622K->208313K(697344K), 0.0060206 secs] [Times: user=0.09 sys=0.00, real=0.01 secs] 
2016-09-24T02:40:13.006-0400: 24.761: [GC (GCLocker Initiated GC) [PSYoungGen: 163819K->41573K(175104K)] 301838K->194085K(699392K), 0.0087766 secs] [Times: user=0.11 sys=0.01, real=0.01 secs] 
2016-09-24T02:40:13.068-0400: 24.823: [GC (GCLocker Initiated GC) [PSYoungGen: 129637K->47170K(174080K)] 291773K->210011K(698368K), 0.0054618 secs] [Times: user=0.08 sys=0.00, real=0.00 secs] 
2016-09-24T02:40:13.119-0400: 24.874: [GC (GCLocker Initiated GC) [PSYoungGen: 135234K->79428K(174592K)] 298195K->243139K(698880K), 0.0067314 secs] [Times: user=0.10 sys=0.00, real=0.01 secs] 
2016-09-24T02:40:13.175-0400: 24.930: [GC (GCLocker Initiated GC) [PSYoungGen: 167492K->32148K(175104K)] 336670K->220834K(699392K), 0.0059659 secs] [Times: user=0.04 sys=0.01, real=0.00 secs] 
2016-09-24T02:40:13.226-0400: 24.981: [GC (GCLocker Initiated GC) [PSYoungGen: 120212K->71255K(175104K)] 310307K->262072K(699392K), 0.0065609 secs] [Times: user=0.09 sys=0.01, real=0.00 secs] 
2016-09-24T02:40:13.421-0400: 25.176: [GC (Allocation Failure) [PSYoungGen: 159319K->45700K(175104K)] 350138K->242485K(699392K), 5.9269609 secs] [Times: user=0.09 sys=0.00, real=5.93 secs] 
2016-09-24T02:40:19.410-0400: 31.165: [GC (GCLocker Initiated GC) [PSYoungGen: 133713K->37538K(175104K)] 335899K->240313K(699392K), 0.0056294 secs] [Times: user=0.04 sys=0.01, real=0.01 secs] 
2016-09-24T02:40:19.476-0400: 31.231: [GC (GCLocker Initiated GC) [PSYoungGen: 125602K->57803K(175104K)] 328404K->262779K(699392K), 0.0073264 secs] [Times: user=0.06 sys=0.01, real=0.01 secs] 
2016-09-24T02:40:19.556-0400: 31.311: [GC (GCLocker Initiated GC) [PSYoungGen: 145867K->38754K(175104K)] 357627K->251057K(699392K), 0.0057204 secs] [Times: user=0.05 sys=0.01, real=0.00 secs] 
2016-09-24T02:40:19.621-0400: 31.376: [GC (GCLocker Initiated GC) [PSYoungGen: 126818K->61714K(175104K)] 339218K->274827K(699392K), 0.0063171 secs] [Times: user=0.08 sys=0.00, real=0.01 secs] 
2016-09-24T02:40:19.686-0400: 31.441: [GC (GCLocker Initiated GC) [PSYoungGen: 149778K->37525K(175104K)] 362895K->280954K(699392K), 0.0070967 secs] [Times: user=0.10 sys=0.01, real=0.00 secs] 
2016-09-24T02:40:19.754-0400: 31.509: [GC (GCLocker Initiated GC) [PSYoungGen: 125589K->51020K(169984K)] 375878K->301936K(694272K), 0.0054870 secs] [Times: user=0.05 sys=0.02, real=0.01 secs] 
2016-09-24T02:40:19.822-0400: 31.576: [GC (GCLocker Initiated GC) [PSYoungGen: 139084K->64551K(172544K)] 392764K->318860K(696832K), 0.0063684 secs] [Times: user=0.09 sys=0.00, real=0.01 secs] 
2016-09-24T02:40:19.881-0400: 31.636: [GC (GCLocker Initiated GC) [PSYoungGen: 152615K->64544K(174080K)] 407011K->322253K(698368K), 0.0069033 secs] [Times: user=0.07 sys=0.00, real=0.01 secs] 
2016-09-24T02:40:19.950-0400: 31.705: [GC (GCLocker Initiated GC) [PSYoungGen: 152608K->53757K(141824K)] 410341K->344551K(666112K), 0.0069958 secs] [Times: user=0.09 sys=0.01, real=0.01 secs] 
2016-09-24T02:40:20.022-0400: 31.777: [GC (GCLocker Initiated GC) [PSYoungGen: 141821K->23841K(171008K)] 444866K->330188K(695296K), 0.0051977 secs] [Times: user=0.04 sys=0.00, real=0.00 secs] 
2016-09-24T02:40:20.088-0400: 31.842: [GC (Allocation Failure) [PSYoungGen: 110881K->27995K(173056K)] 425469K->343282K(697344K), 0.0199260 secs] [Times: user=0.27 sys=0.00, real=0.02 secs] 
2016-09-24T02:40:20.166-0400: 31.921: [GC (GCLocker Initiated GC) [PSYoungGen: 112664K->40038K(171520K)] 430650K->358660K(695808K), 0.0062943 secs] [Times: user=0.06 sys=0.00, real=0.00 secs] 
2016-09-24T02:40:20.227-0400: 31.982: [GC (GCLocker Initiated GC) [PSYoungGen: 129638K->74067K(173568K)] 448409K->393510K(697856K), 0.0065117 secs] [Times: user=0.09 sys=0.00, real=0.00 secs] 
2016-09-24T02:40:20.305-0400: 32.059: [GC (GCLocker Initiated GC) [PSYoungGen: 163667K->57883K(175104K)] 490068K->387615K(699392K), 0.0064750 secs] [Times: user=0.09 sys=0.00, real=0.00 secs] 
2016-09-24T02:40:20.369-0400: 32.124: [GC (GCLocker Initiated GC) [PSYoungGen: 145947K->44213K(132608K)] 481143K->380057K(656896K), 0.0069969 secs] [Times: user=0.06 sys=0.00, real=0.01 secs] 
2016-09-24T02:40:20.437-0400: 32.192: [GC (GCLocker Initiated GC) [PSYoungGen: 132277K->55144K(176640K)] 476366K->399926K(700928K), 0.0059065 secs] [Times: user=0.08 sys=0.01, real=0.01 secs] 
2016-09-24T02:40:20.501-0400: 32.256: [GC (GCLocker Initiated GC) [PSYoungGen: 145256K->79471K(174592K)] 491533K->426420K(698880K), 0.0063683 secs] [Times: user=0.09 sys=0.00, real=0.01 secs] 
2016-09-24T02:40:20.574-0400: 32.329: [GC (GCLocker Initiated GC) [PSYoungGen: 169583K->46960K(175104K)] 516669K->408229K(699392K), 0.0066029 secs] [Times: user=0.09 sys=0.00, real=0.00 secs] 
2016-09-24T02:40:20.642-0400: 32.397: [GC (GCLocker Initiated GC) [PSYoungGen: 135024K->47039K(135168K)] 505888K->432055K(659456K), 0.0103059 secs] [Times: user=0.14 sys=0.01, real=0.00 secs] 
2016-09-24T02:40:20.705-0400: 32.460: [GC (GCLocker Initiated GC) [PSYoungGen: 135103K->72607K(174080K)] 520209K->458347K(698368K), 0.0071826 secs] [Times: user=0.09 sys=0.00, real=0.00 secs] 
2016-09-24T02:40:20.765-0400: 32.520: [GC (GCLocker Initiated GC) [PSYoungGen: 160159K->63126K(174592K)] 545982K->449518K(698880K), 0.0059948 secs] [Times: user=0.08 sys=0.00, real=0.00 secs] 
2016-09-24T02:40:20.828-0400: 32.582: [GC (GCLocker Initiated GC) [PSYoungGen: 150678K->57946K(175104K)] 549232K->457106K(699392K), 0.0073536 secs] [Times: user=0.10 sys=0.01, real=0.01 secs] 
2016-09-24T02:40:20.890-0400: 32.644: [GC (GCLocker Initiated GC) [PSYoungGen: 146010K->64569K(175104K)] 548015K->467244K(699392K), 0.0081046 secs] [Times: user=0.08 sys=0.00, real=0.01 secs] 
2016-09-24T02:40:20.955-0400: 32.710: [GC (GCLocker Initiated GC) [PSYoungGen: 152633K->48382K(173056K)] 560881K->468045K(697344K), 0.0063947 secs] [Times: user=0.08 sys=0.00, real=0.00 secs] 
2016-09-24T02:40:21.020-0400: 32.774: [GC (GCLocker Initiated GC) [PSYoungGen: 136446K->56565K(174080K)] 556137K->490416K(698368K), 0.0065920 secs] [Times: user=0.08 sys=0.01, real=0.01 secs] 
2016-09-24T02:40:21.087-0400: 32.842: [GC (GCLocker Initiated GC) [PSYoungGen: 144629K->32207K(173056K)] 594730K->510002K(697344K), 0.0054790 secs] [Times: user=0.08 sys=0.00, real=0.00 secs] 
2016-09-24T02:40:21.140-0400: 32.895: [GC (GCLocker Initiated GC) [PSYoungGen: 121807K->61882K(174592K)] 610570K->551378K(698880K), 0.0061960 secs] [Times: user=0.09 sys=0.00, real=0.01 secs] 
2016-09-24T02:40:21.194-0400: 32.949: [GC (GCLocker Initiated GC) [PSYoungGen: 151482K->79322K(173056K)] 641087K->569514K(697344K), 0.0075999 secs] [Times: user=0.10 sys=0.00, real=0.01 secs] 
2016-09-24T02:40:21.256-0400: 33.011: [GC (GCLocker Initiated GC) [PSYoungGen: 167386K->72668K(175104K)] 657617K->574272K(699392K), 0.0063731 secs] [Times: user=0.09 sys=0.00, real=0.01 secs] 
2016-09-24T02:40:21.263-0400: 33.018: [Full GC (Ergonomics) [PSYoungGen: 72668K->0K(175104K)] [ParOldGen: 501604K->150288K(524288K)] 574272K->150288K(699392K), [Metaspace: 43527K->43527K(1085440K)], 0.0548140 secs] [Times: user=0.38 sys=0.01, real=0.05 secs] 
2016-09-24T02:40:21.380-0400: 33.135: [GC (GCLocker Initiated GC) [PSYoungGen: 88064K->55495K(175104K)] 251915K->219347K(699392K), 0.0057365 secs] [Times: user=0.06 sys=0.00, real=0.01 secs] 
2016-09-24T02:40:21.441-0400: 33.196: [GC (GCLocker Initiated GC) [PSYoungGen: 143559K->45757K(175104K)] 321122K->245975K(699392K), 0.0081080 secs] [Times: user=0.11 sys=0.02, real=0.01 secs] 
2016-09-24T02:40:21.509-0400: 33.264: [GC (GCLocker Initiated GC) [PSYoungGen: 133821K->52480K(175104K)] 336751K->256089K(699392K), 0.0077621 secs] [Times: user=0.11 sys=0.01, real=0.01 secs] 
2016-09-24T02:40:21.579-0400: 33.334: [GC (GCLocker Initiated GC) [PSYoungGen: 140544K->45648K(134144K)] 349717K->256855K(658432K), 0.0099934 secs] [Times: user=0.14 sys=0.00, real=0.01 secs] 
2016-09-24T02:40:21.649-0400: 33.403: [GC (GCLocker Initiated GC) [PSYoungGen: 133712K->40246K(173568K)] 355889K->263072K(697856K), 0.0050846 secs] [Times: user=0.07 sys=0.00, real=0.00 secs] 
2016-09-24T02:40:21.717-0400: 33.472: [GC (GCLocker Initiated GC) [PSYoungGen: 128310K->61865K(173568K)] 359352K->293555K(697856K), 0.0065997 secs] [Times: user=0.08 sys=0.00, real=0.01 secs] 
2016-09-24T02:40:21.784-0400: 33.539: [GC (GCLocker Initiated GC) [PSYoungGen: 149929K->57827K(174080K)] 381630K->306331K(698368K), 0.0066675 secs] [Times: user=0.10 sys=0.00, real=0.00 secs] 
2016-09-24T02:40:21.844-0400: 33.598: [GC (GCLocker Initiated GC) [PSYoungGen: 149475K->58972K(175104K)] 398058K->308178K(699392K), 0.0070334 secs] [Times: user=0.09 sys=0.00, real=0.00 secs] 
2016-09-24T02:40:21.906-0400: 33.661: [GC (GCLocker Initiated GC) [PSYoungGen: 150620K->61737K(178176K)] 399948K->311547K(702464K), 0.0069539 secs] [Times: user=0.10 sys=0.01, real=0.00 secs] 
2016-09-24T02:40:21.969-0400: 33.724: [GC (GCLocker Initiated GC) [PSYoungGen: 157993K->48344K(178176K)] 407858K->298772K(702464K), 0.0059862 secs] [Times: user=0.07 sys=0.01, real=0.01 secs] 
2016-09-24T02:40:22.054-0400: 33.809: [GC (GCLocker Initiated GC) [PSYoungGen: 144600K->37630K(178176K)] 408678K->323890K(702464K), 0.0061714 secs] [Times: user=0.08 sys=0.00, real=0.01 secs] 
2016-09-24T02:40:22.119-0400: 33.874: [GC (GCLocker Initiated GC) [PSYoungGen: 135422K->48324K(178688K)] 429886K->343445K(702976K), 0.0051827 secs] [Times: user=0.08 sys=0.00, real=0.01 secs] 
2016-09-24T02:40:22.201-0400: 33.956: [GC (GCLocker Initiated GC) [PSYoungGen: 146116K->52374K(178688K)] 448058K->354869K(702976K), 0.0127774 secs] [Times: user=0.17 sys=0.00, real=0.01 secs] 
2016-09-24T02:40:22.284-0400: 34.038: [GC (GCLocker Initiated GC) [PSYoungGen: 154774K->29285K(179200K)] 464085K->355406K(703488K), 0.0069915 secs] [Times: user=0.09 sys=0.00, real=0.00 secs] 
2016-09-24T02:40:22.347-0400: 34.101: [GC (GCLocker Initiated GC) [PSYoungGen: 131685K->40161K(184320K)] 460643K->385935K(708608K), 0.0087979 secs] [Times: user=0.12 sys=0.00, real=0.01 secs] 
2016-09-24T02:40:22.426-0400: 34.180: [GC (GCLocker Initiated GC) [PSYoungGen: 146657K->61782K(168448K)] 492485K->408141K(692736K), 0.0070410 secs] [Times: user=0.10 sys=0.00, real=0.00 secs] 
2016-09-24T02:40:22.497-0400: 34.251: [GC (GCLocker Initiated GC) [PSYoungGen: 168278K->60508K(181248K)] 517446K->423808K(705536K), 0.0064834 secs] [Times: user=0.10 sys=0.01, real=0.01 secs] 
2016-09-24T02:40:22.573-0400: 34.328: [GC (GCLocker Initiated GC) [PSYoungGen: 162908K->33444K(136192K)] 539716K->427097K(660480K), 0.0182769 secs] [Times: user=0.27 sys=0.00, real=0.02 secs] 
2016-09-24T02:40:22.657-0400: 34.412: [GC (GCLocker Initiated GC) [PSYoungGen: 135844K->63241K(178688K)] 531747K->459789K(702976K), 0.0084940 secs] [Times: user=0.13 sys=0.00, real=0.01 secs] 
2016-09-24T02:40:22.731-0400: 34.486: [GC (GCLocker Initiated GC) [PSYoungGen: 161545K->52301K(151040K)] 563560K->457661K(675328K), 0.0185344 secs] [Times: user=0.29 sys=0.00, real=0.02 secs] 
2016-09-24T02:40:22.816-0400: 34.571: [GC (GCLocker Initiated GC) [PSYoungGen: 150605K->56480K(180224K)] 556072K->465216K(704512K), 0.0132443 secs] [Times: user=0.16 sys=0.01, real=0.01 secs] 
2016-09-24T02:40:22.896-0400: 34.650: [GC (Allocation Failure) [PSYoungGen: 157344K->44215K(179200K)] 568935K->459148K(703488K), 0.0067491 secs] [Times: user=0.08 sys=0.01, real=0.01 secs] 
2016-09-24T02:40:22.972-0400: 34.727: [GC (GCLocker Initiated GC) [PSYoungGen: 145079K->53621K(182272K)] 560018K->482708K(706560K), 0.0214211 secs] [Times: user=0.29 sys=0.00, real=0.02 secs] 
2016-09-24T02:40:23.069-0400: 34.824: [GC (GCLocker Initiated GC) [PSYoungGen: 159605K->53698K(181760K)] 589737K->484425K(706048K), 0.0231937 secs] [Times: user=0.42 sys=0.00, real=0.02 secs] 
2016-09-24T02:40:23.161-0400: 34.915: [GC (GCLocker Initiated GC) [PSYoungGen: 159682K->45598K(184832K)] 594630K->497370K(709120K), 0.0071727 secs] [Times: user=0.06 sys=0.00, real=0.01 secs] 
2016-09-24T02:40:23.229-0400: 34.984: [GC (GCLocker Initiated GC) [PSYoungGen: 157214K->55176K(184320K)] 621217K->530691K(708608K), 0.0097617 secs] [Times: user=0.14 sys=0.00, real=0.01 secs] 
2016-09-24T02:40:23.304-0400: 35.059: [GC (GCLocker Initiated GC) [PSYoungGen: 166792K->64659K(183808K)] 642547K->557302K(708096K), 0.0077542 secs] [Times: user=0.06 sys=0.00, real=0.00 secs] 
2016-09-24T02:40:23.383-0400: 35.137: [Full GC (Ergonomics) [PSYoungGen: 176275K->0K(183808K)] [ParOldGen: 498135K->168499K(524288K)] 674411K->168499K(708096K), [Metaspace: 43629K->43629K(1087488K)], 0.0618963 secs] [Times: user=0.38 sys=0.01, real=0.06 secs] 
2016-09-24T02:40:23.507-0400: 35.262: [GC (GCLocker Initiated GC) [PSYoungGen: 111616K->71743K(183808K)] 285701K->245828K(708096K), 0.0065059 secs] [Times: user=0.08 sys=0.00, real=0.00 secs] 
2016-09-24T02:40:23.584-0400: 35.338: [GC (GCLocker Initiated GC) [PSYoungGen: 183359K->55274K(184320K)] 360180K->249358K(708608K), 0.0121233 secs] [Times: user=0.16 sys=0.01, real=0.01 secs] 
2016-09-24T02:40:23.676-0400: 35.430: [GC (GCLocker Initiated GC) [PSYoungGen: 161258K->55178K(161280K)] 362126K->270339K(685568K), 0.0056320 secs] [Times: user=0.08 sys=0.00, real=0.00 secs] 
2016-09-24T02:40:23.747-0400: 35.501: [GC (GCLocker Initiated GC) [PSYoungGen: 161162K->48536K(182784K)] 385967K->284864K(707072K), 0.0143558 secs] [Times: user=0.19 sys=0.01, real=0.01 secs] 
2016-09-24T02:40:23.817-0400: 35.572: [GC (GCLocker Initiated GC) [PSYoungGen: 155544K->55165K(181760K)] 391909K->303080K(706048K), 0.0082562 secs] [Times: user=0.07 sys=0.00, real=0.01 secs] 
2016-09-24T02:40:23.893-0400: 35.648: [GC (GCLocker Initiated GC) [PSYoungGen: 162173K->56579K(184832K)] 412839K->326838K(709120K), 0.0075310 secs] [Times: user=0.11 sys=0.00, real=0.01 secs] 
2016-09-24T02:40:23.971-0400: 35.725: [GC (GCLocker Initiated GC) [PSYoungGen: 168707K->40391K(184320K)] 439074K->333115K(708608K), 0.0056146 secs] [Times: user=0.08 sys=0.00, real=0.01 secs] 
2016-09-24T02:40:24.047-0400: 35.802: [GC (GCLocker Initiated GC) [PSYoungGen: 152519K->45868K(188416K)] 450678K->363704K(712704K), 0.0058553 secs] [Times: user=0.08 sys=0.00, real=0.00 secs] 
2016-09-24T02:40:24.122-0400: 35.877: [GC (GCLocker Initiated GC) [PSYoungGen: 163116K->48568K(188928K)] 487884K->384927K(713216K), 0.0060087 secs] [Times: user=0.06 sys=0.00, real=0.00 secs] 
2016-09-24T02:40:24.191-0400: 35.945: [GC (GCLocker Initiated GC) [PSYoungGen: 165816K->64628K(185344K)] 502203K->401837K(709632K), 0.0067522 secs] [Times: user=0.06 sys=0.00, real=0.01 secs] 
2016-09-24T02:40:24.278-0400: 36.032: [GC (GCLocker Initiated GC) [PSYoungGen: 179316K->40577K(188416K)] 530113K->413696K(712704K), 0.0059733 secs] [Times: user=0.07 sys=0.01, real=0.01 secs] 
2016-09-24T02:40:24.351-0400: 36.106: [GC (GCLocker Initiated GC) [PSYoungGen: 155265K->70014K(179200K)] 528432K->444088K(703488K), 0.0063545 secs] [Times: user=0.08 sys=0.00, real=0.01 secs] 
2016-09-24T02:40:24.416-0400: 36.170: [GC (GCLocker Initiated GC) [PSYoungGen: 175486K->53827K(183808K)] 554972K->455580K(708096K), 0.0063485 secs] [Times: user=0.11 sys=0.00, real=0.00 secs] 
2016-09-24T02:40:24.480-0400: 36.235: [GC (GCLocker Initiated GC) [PSYoungGen: 159299K->68676K(179200K)] 566567K->476673K(703488K), 0.0098162 secs] [Times: user=0.14 sys=0.00, real=0.01 secs] 
2016-09-24T02:40:24.556-0400: 36.310: [GC (GCLocker Initiated GC) [PSYoungGen: 172100K->44345K(182784K)] 584197K->476078K(707072K), 0.0056972 secs] [Times: user=0.06 sys=0.00, real=0.00 secs] 
2016-09-24T02:40:24.625-0400: 36.380: [GC (GCLocker Initiated GC) [PSYoungGen: 147769K->49670K(178176K)] 582209K->484776K(702464K), 0.0067206 secs] [Times: user=0.05 sys=0.00, real=0.00 secs] 
2016-09-24T02:40:24.701-0400: 36.456: [GC (GCLocker Initiated GC) [PSYoungGen: 153606K->47095K(180736K)] 591483K->485682K(705024K), 0.0068227 secs] [Times: user=0.06 sys=0.01, real=0.01 secs] 
2016-09-24T02:40:24.765-0400: 36.520: [GC (GCLocker Initiated GC) [PSYoungGen: 151031K->64651K(182272K)] 590034K->523357K(706560K), 0.0062431 secs] [Times: user=0.08 sys=0.01, real=0.00 secs] 
2016-09-24T02:40:24.833-0400: 36.588: [GC (GCLocker Initiated GC) [PSYoungGen: 171147K->65984K(172544K)] 632606K->533492K(696832K), 0.0098679 secs] [Times: user=0.13 sys=0.00, real=0.02 secs] 
2016-09-24T02:40:24.911-0400: 36.666: [GC (GCLocker Initiated GC) [PSYoungGen: 172480K->60606K(182784K)] 640027K->536956K(707072K), 0.0159495 secs] [Times: user=0.23 sys=0.01, real=0.02 secs] 
2016-09-24T02:40:24.992-0400: 36.747: [GC (GCLocker Initiated GC) [PSYoungGen: 163518K->49783K(153088K)] 653438K->543105K(677376K), 0.0156724 secs] [Times: user=0.15 sys=0.00, real=0.02 secs] 
2016-09-24T02:40:25.075-0400: 36.830: [GC (GCLocker Initiated GC) [PSYoungGen: 152695K->52557K(182272K)] 646107K->546608K(706560K), 0.0059372 secs] [Times: user=0.07 sys=0.00, real=0.00 secs] 
2016-09-24T02:40:25.137-0400: 36.892: [Full GC (Ergonomics) [PSYoungGen: 157005K->0K(182272K)] [ParOldGen: 505069K->191707K(524288K)] 662075K->191707K(706560K), [Metaspace: 43644K->43644K(1087488K)], 0.0618158 secs] [Times: user=0.51 sys=0.01, real=0.06 secs] 
2016-09-24T02:40:25.263-0400: 37.018: [GC (GCLocker Initiated GC) [PSYoungGen: 104448K->68930K(180736K)] 296196K->260679K(705024K), 0.0073014 secs] [Times: user=0.07 sys=0.00, real=0.00 secs] 
2016-09-24T02:40:25.332-0400: 37.087: [GC (GCLocker Initiated GC) [PSYoungGen: 173378K->44404K(182784K)] 373276K->260150K(707072K), 0.0055903 secs] [Times: user=0.08 sys=0.00, real=0.01 secs] 
2016-09-24T02:40:25.399-0400: 37.154: [GC (GCLocker Initiated GC) [PSYoungGen: 147828K->52629K(156160K)] 371681K->288054K(680448K), 0.0065500 secs] [Times: user=0.10 sys=0.00, real=0.01 secs] 
2016-09-24T02:40:25.470-0400: 37.225: [GC (GCLocker Initiated GC) [PSYoungGen: 156053K->48470K(181760K)] 394842K->288116K(706048K), 0.0096445 secs] [Times: user=0.14 sys=0.00, real=0.01 secs] 
2016-09-24T02:40:25.548-0400: 37.302: [GC (GCLocker Initiated GC) [PSYoungGen: 152918K->38880K(180736K)] 399387K->304973K(705024K), 0.0134019 secs] [Times: user=0.16 sys=0.00, real=0.01 secs] 
2016-09-24T02:40:25.619-0400: 37.374: [GC (GCLocker Initiated GC) [PSYoungGen: 143328K->37640K(185344K)] 417527K->342259K(709632K), 0.0077738 secs] [Times: user=0.10 sys=0.00, real=0.01 secs] 
2016-09-24T02:40:25.699-0400: 37.454: [GC (GCLocker Initiated GC) [PSYoungGen: 146184K->76798K(185344K)] 450882K->382279K(709632K), 0.0100246 secs] [Times: user=0.14 sys=0.01, real=0.01 secs] 
2016-09-24T02:40:25.779-0400: 37.534: [GC (GCLocker Initiated GC) [PSYoungGen: 185342K->41630K(173056K)] 493681K->383111K(697344K), 0.0073753 secs] [Times: user=0.09 sys=0.00, real=0.01 secs] 
2016-09-24T02:40:25.851-0400: 37.605: [GC (GCLocker Initiated GC) [PSYoungGen: 137886K->61950K(158208K)] 479482K->404260K(682496K), 0.0059951 secs] [Times: user=0.08 sys=0.00, real=0.01 secs] 
2016-09-24T02:40:25.923-0400: 37.678: [GC (GCLocker Initiated GC) [PSYoungGen: 158206K->43022K(179712K)] 506054K->413134K(704000K), 0.0091626 secs] [Times: user=0.12 sys=0.00, real=0.00 secs] 
2016-09-24T02:40:26.000-0400: 37.754: [GC (GCLocker Initiated GC) [PSYoungGen: 139278K->51126K(147456K)] 512093K->424688K(671744K), 0.0079563 secs] [Times: user=0.11 sys=0.00, real=0.01 secs] 
2016-09-24T02:40:26.061-0400: 37.816: [GC (GCLocker Initiated GC) [PSYoungGen: 147382K->68708K(173056K)] 524902K->446900K(697344K), 0.0061671 secs] [Times: user=0.08 sys=0.00, real=0.01 secs] 
2016-09-24T02:40:26.119-0400: 37.874: [GC (GCLocker Initiated GC) [PSYoungGen: 161892K->56397K(176128K)] 548196K->470453K(700416K), 0.0070421 secs] [Times: user=0.09 sys=0.00, real=0.01 secs] 
2016-09-24T02:40:26.176-0400: 37.931: [GC (GCLocker Initiated GC) [PSYoungGen: 149581K->57790K(176128K)] 566394K->475178K(700416K), 0.0062918 secs] [Times: user=0.08 sys=0.00, real=0.01 secs] 
2016-09-24T02:40:26.243-0400: 37.998: [GC (GCLocker Initiated GC) [PSYoungGen: 156094K->56528K(178176K)] 576186K->477255K(702464K), 0.0062790 secs] [Times: user=0.08 sys=0.00, real=0.00 secs] 
2016-09-24T02:40:26.304-0400: 38.059: [GC (GCLocker Initiated GC) [PSYoungGen: 154832K->64585K(180736K)] 575635K->486102K(705024K), 0.0062116 secs] [Times: user=0.09 sys=0.00, real=0.00 secs] 
2016-09-24T02:40:26.362-0400: 38.117: [GC (GCLocker Initiated GC) [PSYoungGen: 167497K->50977K(182272K)] 591955K->486851K(706560K), 0.0065729 secs] [Times: user=0.06 sys=0.01, real=0.01 secs] 
2016-09-24T02:40:26.433-0400: 38.187: [GC (GCLocker Initiated GC) [PSYoungGen: 153889K->43189K(181760K)] 596579K->486506K(706048K), 0.0072808 secs] [Times: user=0.09 sys=0.00, real=0.01 secs] 
2016-09-24T02:40:26.503-0400: 38.258: [GC (GCLocker Initiated GC) [PSYoungGen: 148149K->32366K(182272K)] 601126K->502354K(706560K), 0.0091710 secs] [Times: user=0.11 sys=0.00, real=0.00 secs] 
2016-09-24T02:40:26.580-0400: 38.335: [GC (GCLocker Initiated GC) [PSYoungGen: 137326K->64756K(179200K)] 614146K->542412K(703488K), 0.0059862 secs] [Times: user=0.07 sys=0.00, real=0.01 secs] 
2016-09-24T02:40:26.647-0400: 38.402: [GC (GCLocker Initiated GC) [PSYoungGen: 165108K->37477K(181248K)] 642833K->537580K(705536K), 0.0247580 secs] [Times: user=0.28 sys=0.02, real=0.02 secs] 
2016-09-24T02:40:26.672-0400: 38.427: [Full GC (Ergonomics) [PSYoungGen: 37477K->0K(181248K)] [ParOldGen: 500103K->196958K(524288K)] 537580K->196958K(705536K), [Metaspace: 43652K->43652K(1087488K)], 0.0575427 secs] [Times: user=0.39 sys=0.02, real=0.06 secs] 
2016-09-24T02:40:26.795-0400: 38.550: [GC (GCLocker Initiated GC) [PSYoungGen: 100352K->63750K(178176K)] 300448K->263847K(702464K), 0.0054724 secs] [Times: user=0.08 sys=0.00, real=0.00 secs] 
2016-09-24T02:40:26.861-0400: 38.615: [GC (GCLocker Initiated GC) [PSYoungGen: 161030K->71410K(168960K)] 363929K->283587K(693248K), 0.0075639 secs] [Times: user=0.11 sys=0.00, real=0.01 secs] 
2016-09-24T02:40:26.943-0400: 38.698: [GC (GCLocker Initiated GC) [PSYoungGen: 168690K->35133K(175616K)] 387655K->262848K(699904K), 0.0064317 secs] [Times: user=0.05 sys=0.01, real=0.00 secs] 
2016-09-24T02:40:27.003-0400: 38.758: [GC (GCLocker Initiated GC) [PSYoungGen: 124221K->46999K(136192K)] 353526K->301564K(660480K), 0.0062089 secs] [Times: user=0.09 sys=0.00, real=0.00 secs] 
2016-09-24T02:40:27.065-0400: 38.819: [GC (GCLocker Initiated GC) [PSYoungGen: 136087K->49791K(175616K)] 393479K->321302K(699904K), 0.0061895 secs] [Times: user=0.08 sys=0.00, real=0.00 secs] 
2016-09-24T02:40:27.133-0400: 38.887: [GC (GCLocker Initiated GC) [PSYoungGen: 141439K->39446K(173056K)] 431956K->330706K(697344K), 0.0052680 secs] [Times: user=0.05 sys=0.00, real=0.01 secs] 
2016-09-24T02:40:27.209-0400: 38.963: [GC (GCLocker Initiated GC) [PSYoungGen: 131094K->59563K(177664K)] 423861K->353432K(701952K), 0.0100747 secs] [Times: user=0.10 sys=0.01, real=0.01 secs] 
2016-09-24T02:40:27.282-0400: 39.037: [GC (GCLocker Initiated GC) [PSYoungGen: 156327K->52786K(177664K)] 455505K->352893K(701952K), 0.0052395 secs] [Times: user=0.06 sys=0.01, real=0.01 secs] 
2016-09-24T02:40:27.344-0400: 39.098: [GC (GCLocker Initiated GC) [PSYoungGen: 149554K->74357K(171520K)] 453959K->379777K(695808K), 0.0062606 secs] [Times: user=0.09 sys=0.00, real=0.00 secs] 
2016-09-24T02:40:27.415-0400: 39.170: [GC (GCLocker Initiated GC) [PSYoungGen: 167541K->64715K(158208K)] 473132K->371251K(682496K), 0.0056977 secs] [Times: user=0.08 sys=0.01, real=0.00 secs] 
2016-09-24T02:40:27.484-0400: 39.239: [GC (GCLocker Initiated GC) [PSYoungGen: 157899K->50034K(179200K)] 471220K->383032K(703488K), 0.0071044 secs] [Times: user=0.09 sys=0.01, real=0.00 secs] 
2016-09-24T02:40:27.558-0400: 39.312: [GC (GCLocker Initiated GC) [PSYoungGen: 144242K->59380K(153600K)] 477318K->406950K(677888K), 0.0061470 secs] [Times: user=0.10 sys=0.00, real=0.01 secs] 
2016-09-24T02:40:27.647-0400: 39.402: [GC (GCLocker Initiated GC) [PSYoungGen: 153588K->31136K(174592K)] 512300K->412298K(698880K), 0.0058994 secs] [Times: user=0.08 sys=0.00, real=0.00 secs] 
2016-09-24T02:40:27.714-0400: 39.469: [GC (GCLocker Initiated GC) [PSYoungGen: 123808K->53888K(176128K)] 507750K->452365K(700416K), 0.0099904 secs] [Times: user=0.14 sys=0.00, real=0.02 secs] 
2016-09-24T02:40:27.794-0400: 39.548: [GC (GCLocker Initiated GC) [PSYoungGen: 146560K->44604K(176640K)] 550616K->475117K(700928K), 0.0063758 secs] [Times: user=0.09 sys=0.00, real=0.01 secs] 
2016-09-24T02:40:27.866-0400: 39.621: [GC (GCLocker Initiated GC) [PSYoungGen: 142396K->50303K(177152K)] 579712K->488559K(701440K), 0.0057187 secs] [Times: user=0.08 sys=0.00, real=0.00 secs] 
2016-09-24T02:40:27.942-0400: 39.696: [GC (GCLocker Initiated GC) [PSYoungGen: 148095K->63437K(178688K)] 589131K->505570K(702976K), 0.0075604 secs] [Times: user=0.11 sys=0.00, real=0.01 secs] 
2016-09-24T02:40:28.014-0400: 39.768: [GC (GCLocker Initiated GC) [PSYoungGen: 165325K->62155K(180736K)] 607501K->513264K(705024K), 0.0066731 secs] [Times: user=0.10 sys=0.00, real=0.01 secs] 
2016-09-24T02:40:28.090-0400: 39.845: [GC (GCLocker Initiated GC) [PSYoungGen: 164043K->59650K(182784K)] 620688K->517252K(707072K), 0.0077840 secs] [Times: user=0.10 sys=0.00, real=0.01 secs] 
2016-09-24T02:40:28.166-0400: 39.920: [GC (GCLocker Initiated GC) [PSYoungGen: 162562K->60792K(182272K)] 622904K->522237K(706560K), 0.0066264 secs] [Times: user=0.10 sys=0.00, real=0.00 secs] 
2016-09-24T02:40:28.244-0400: 39.999: [GC (GCLocker Initiated GC) [PSYoungGen: 163704K->51505K(179200K)] 631941K->520654K(703488K), 0.0062790 secs] [Times: user=0.08 sys=0.00, real=0.00 secs] 
2016-09-24T02:40:28.318-0400: 40.073: [GC (GCLocker Initiated GC) [PSYoungGen: 154929K->39160K(180736K)] 633732K->518998K(705024K), 0.0073835 secs] [Times: user=0.07 sys=0.01, real=0.01 secs] 
2016-09-24T02:40:28.404-0400: 40.159: [GC (GCLocker Initiated GC) [PSYoungGen: 142584K->60726K(183296K)] 622544K->541718K(707584K), 0.0058987 secs] [Times: user=0.09 sys=0.00, real=0.00 secs] 
2016-09-24T02:40:28.477-0400: 40.232: [GC (GCLocker Initiated GC) [PSYoungGen: 166198K->62303K(167936K)] 652734K->565925K(692224K), 0.0063841 secs] [Times: user=0.08 sys=0.00, real=0.01 secs] 
2016-09-24T02:40:28.484-0400: 40.239: [Full GC (Ergonomics) [PSYoungGen: 62303K->0K(167936K)] [ParOldGen: 503621K->222651K(524288K)] 565925K->222651K(692224K), [Metaspace: 43667K->43667K(1087488K)], 0.0805566 secs] [Times: user=0.53 sys=0.02, real=0.08 secs] 
2016-09-24T02:40:28.641-0400: 40.395: [GC (GCLocker Initiated GC) [PSYoungGen: 105472K->60021K(183808K)] 328726K->283275K(708096K), 0.0073111 secs] [Times: user=0.09 sys=0.00, real=0.01 secs] 
2016-09-24T02:40:28.712-0400: 40.467: [GC (GCLocker Initiated GC) [PSYoungGen: 164981K->31216K(136192K)] 403216K->296656K(660480K), 0.0064592 secs] [Times: user=0.06 sys=0.01, real=0.01 secs] 
2016-09-24T02:40:28.793-0400: 40.548: [GC (GCLocker Initiated GC) [PSYoungGen: 136176K->68839K(175616K)] 401730K->335446K(699904K), 0.0056138 secs] [Times: user=0.08 sys=0.00, real=0.01 secs] 
2016-09-24T02:40:28.859-0400: 40.614: [GC (GCLocker Initiated GC) [PSYoungGen: 164071K->36392K(178688K)] 438807K->330863K(702976K), 0.0060201 secs] [Times: user=0.06 sys=0.00, real=0.01 secs] 
2016-09-24T02:40:28.922-0400: 40.677: [GC (GCLocker Initiated GC) [PSYoungGen: 131624K->53882K(173568K)] 428879K->373564K(697856K), 0.0071649 secs] [Times: user=0.06 sys=0.01, real=0.00 secs] 
2016-09-24T02:40:28.987-0400: 40.741: [GC (GCLocker Initiated GC) [PSYoungGen: 149114K->55132K(176128K)] 474410K->381188K(700416K), 0.0074073 secs] [Times: user=0.09 sys=0.00, real=0.01 secs] 
2016-09-24T02:40:29.065-0400: 40.820: [GC (GCLocker Initiated GC) [PSYoungGen: 150364K->56556K(178688K)] 483234K->390158K(702976K), 0.0059379 secs] [Times: user=0.06 sys=0.00, real=0.00 secs] 
2016-09-24T02:40:29.146-0400: 40.901: [GC (GCLocker Initiated GC) [PSYoungGen: 158956K->32415K(180224K)] 506103K->399300K(704512K), 0.0070824 secs] [Times: user=0.09 sys=0.00, real=0.00 secs] 
2016-09-24T02:40:29.212-0400: 40.967: [GC (GCLocker Initiated GC) [PSYoungGen: 134815K->75586K(171008K)] 504438K->446134K(695296K), 0.0072012 secs] [Times: user=0.08 sys=0.00, real=0.01 secs] 
2016-09-24T02:40:29.281-0400: 41.036: [GC (GCLocker Initiated GC) [PSYoungGen: 167746K->46079K(177152K)] 538307K->425509K(701440K), 0.0077092 secs] [Times: user=0.06 sys=0.00, real=0.01 secs] 
2016-09-24T02:40:29.339-0400: 41.094: [GC (GCLocker Initiated GC) [PSYoungGen: 138239K->72698K(171520K)] 517671K->452951K(695808K), 0.0061491 secs] [Times: user=0.08 sys=0.00, real=0.01 secs] 
2016-09-24T02:40:29.398-0400: 41.152: [GC (GCLocker Initiated GC) [PSYoungGen: 160762K->72728K(175104K)] 541071K->453697K(699392K), 0.0062725 secs] [Times: user=0.10 sys=0.00, real=0.01 secs] 
2016-09-24T02:40:29.451-0400: 41.205: [GC (GCLocker Initiated GC) [PSYoungGen: 160792K->55084K(175104K)] 541915K->453137K(699392K), 0.0081977 secs] [Times: user=0.11 sys=0.00, real=0.01 secs] 
2016-09-24T02:40:29.518-0400: 41.273: [GC (GCLocker Initiated GC) [PSYoungGen: 143148K->67394K(175104K)] 546716K->474305K(699392K), 0.0069869 secs] [Times: user=0.09 sys=0.00, real=0.01 secs] 
2016-09-24T02:40:29.583-0400: 41.338: [GC (GCLocker Initiated GC) [PSYoungGen: 155458K->56565K(173056K)] 565319K->483381K(697344K), 0.0099286 secs] [Times: user=0.13 sys=0.00, real=0.00 secs] 
2016-09-24T02:40:29.658-0400: 41.412: [GC (GCLocker Initiated GC) [PSYoungGen: 144629K->67431K(174080K)] 579639K->503216K(698368K), 0.0052584 secs] [Times: user=0.06 sys=0.00, real=0.01 secs] 
2016-09-24T02:40:29.721-0400: 41.475: [GC (GCLocker Initiated GC) [PSYoungGen: 155495K->57935K(171520K)] 591299K->513431K(695808K), 0.0071284 secs] [Times: user=0.08 sys=0.00, real=0.01 secs] 
2016-09-24T02:40:29.783-0400: 41.538: [GC (GCLocker Initiated GC) [PSYoungGen: 147535K->63401K(173568K)] 605886K->522475K(697856K), 0.0061206 secs] [Times: user=0.07 sys=0.00, real=0.00 secs] 
2016-09-24T02:40:29.849-0400: 41.603: [GC (GCLocker Initiated GC) [PSYoungGen: 153001K->66071K(177664K)] 612273K->526131K(701952K), 0.0117975 secs] [Times: user=0.08 sys=0.02, real=0.01 secs] 
2016-09-24T02:40:29.923-0400: 41.678: [GC (GCLocker Initiated GC) [PSYoungGen: 160791K->56623K(151552K)] 620873K->517496K(675840K), 0.0117518 secs] [Times: user=0.14 sys=0.00, real=0.01 secs] 
2016-09-24T02:40:30.000-0400: 41.755: [GC (GCLocker Initiated GC) [PSYoungGen: 151343K->36462K(176128K)] 627101K->531978K(700416K), 0.0066768 secs] [Times: user=0.09 sys=0.01, real=0.01 secs] 
2016-09-24T02:40:30.007-0400: 41.762: [Full GC (Ergonomics) [PSYoungGen: 36462K->0K(176128K)] [ParOldGen: 495515K->237712K(524288K)] 531978K->237712K(700416K), [Metaspace: 43667K->43667K(1087488K)], 0.0714800 secs] [Times: user=0.54 sys=0.01, real=0.07 secs] 
2016-09-24T02:40:30.143-0400: 41.898: [GC (GCLocker Initiated GC) [PSYoungGen: 94208K->67782K(162304K)] 331970K->305544K(686592K), 0.0062484 secs] [Times: user=0.08 sys=0.00, real=0.00 secs] 
2016-09-24T02:40:30.212-0400: 41.967: [GC (GCLocker Initiated GC) [PSYoungGen: 161990K->39251K(176128K)] 412043K->316137K(700416K), 0.0088024 secs] [Times: user=0.12 sys=0.00, real=0.01 secs] 
2016-09-24T02:40:30.286-0400: 42.041: [GC (GCLocker Initiated GC) [PSYoungGen: 130387K->41912K(176640K)] 411443K->340107K(700928K), 0.0071571 secs] [Times: user=0.06 sys=0.00, real=0.00 secs] 
2016-09-24T02:40:30.346-0400: 42.101: [GC (GCLocker Initiated GC) [PSYoungGen: 133048K->78198K(173056K)] 431286K->382720K(697344K), 0.0099238 secs] [Times: user=0.10 sys=0.00, real=0.01 secs] 
2016-09-24T02:40:30.418-0400: 42.173: [GC (GCLocker Initiated GC) [PSYoungGen: 166262K->40385K(175104K)] 476256K->353806K(699392K), 0.0126106 secs] [Times: user=0.13 sys=0.01, real=0.01 secs] 
2016-09-24T02:40:30.489-0400: 42.244: [GC (GCLocker Initiated GC) [PSYoungGen: 128449K->62059K(175104K)] 442062K->390119K(699392K), 0.0098094 secs] [Times: user=0.14 sys=0.00, real=0.01 secs] 
2016-09-24T02:40:30.553-0400: 42.308: [GC (GCLocker Initiated GC) [PSYoungGen: 150123K->56775K(144896K)] 483778K->404751K(669184K), 0.0079627 secs] [Times: user=0.10 sys=0.00, real=0.01 secs] 
2016-09-24T02:40:30.622-0400: 42.377: [GC (GCLocker Initiated GC) [PSYoungGen: 144839K->47261K(175616K)] 496270K->399541K(699904K), 0.0099033 secs] [Times: user=0.10 sys=0.00, real=0.00 secs] 
2016-09-24T02:40:30.693-0400: 42.448: [GC (GCLocker Initiated GC) [PSYoungGen: 136861K->55343K(145408K)] 492058K->411461K(669696K), 0.0105882 secs] [Times: user=0.13 sys=0.01, real=0.02 secs] 
2016-09-24T02:40:30.758-0400: 42.513: [GC (GCLocker Initiated GC) [PSYoungGen: 144943K->67481K(172032K)] 501149K->424557K(696320K), 0.0054841 secs] [Times: user=0.08 sys=0.00, real=0.01 secs] 
2016-09-24T02:40:30.828-0400: 42.583: [GC (GCLocker Initiated GC) [PSYoungGen: 157593K->48760K(173568K)] 524169K->416350K(697856K), 0.0054079 secs] [Times: user=0.07 sys=0.00, real=0.00 secs] 
2016-09-24T02:40:30.896-0400: 42.651: [GC (GCLocker Initiated GC) [PSYoungGen: 138872K->74212K(171520K)] 506602K->443004K(695808K), 0.0062348 secs] [Times: user=0.08 sys=0.00, real=0.01 secs] 
2016-09-24T02:40:30.972-0400: 42.727: [GC (GCLocker Initiated GC) [PSYoungGen: 163300K->22803K(112128K)] 541938K->413001K(636416K), 0.0079586 secs] [Times: user=0.05 sys=0.00, real=0.01 secs] 
2016-09-24T02:40:31.037-0400: 42.792: [GC (GCLocker Initiated GC) [PSYoungGen: 111891K->45946K(175104K)] 511678K->462968K(699392K), 0.0058875 secs] [Times: user=0.08 sys=0.01, real=0.01 secs] 
2016-09-24T02:40:31.096-0400: 42.851: [GC (Allocation Failure) [PSYoungGen: 134010K->58032K(146432K)] 553865K->497695K(670720K), 0.0068574 secs] [Times: user=0.08 sys=0.00, real=0.01 secs] 
2016-09-24T02:40:31.161-0400: 42.916: [GC (GCLocker Initiated GC) [PSYoungGen: 146096K->48307K(175616K)] 585762K->488801K(699904K), 0.0070006 secs] [Times: user=0.06 sys=0.00, real=0.01 secs] 
2016-09-24T02:40:31.228-0400: 42.983: [GC (GCLocker Initiated GC) [PSYoungGen: 138419K->62114K(173568K)] 584531K->509091K(697856K), 0.0075373 secs] [Times: user=0.05 sys=0.00, real=0.01 secs] 
2016-09-24T02:40:31.287-0400: 43.042: [GC (GCLocker Initiated GC) [PSYoungGen: 152226K->66081K(175104K)] 601941K->516672K(699392K), 0.0091707 secs] [Times: user=0.14 sys=0.00, real=0.01 secs] 
2016-09-24T02:40:31.359-0400: 43.114: [GC (Allocation Failure) [PSYoungGen: 157217K->14819K(105984K)] 613349K->498761K(630272K), 0.0141769 secs] [Times: user=0.17 sys=0.00, real=0.01 secs] 
2016-09-24T02:40:31.428-0400: 43.183: [GC (GCLocker Initiated GC) [PSYoungGen: 105496K->52549K(176128K)] 594837K->545623K(700416K), 0.0197740 secs] [Times: user=0.28 sys=0.00, real=0.02 secs] 
2016-09-24T02:40:31.448-0400: 43.203: [Full GC (Ergonomics) [PSYoungGen: 52549K->0K(176128K)] [ParOldGen: 493073K->205943K(524288K)] 545623K->205943K(700416K), [Metaspace: 43684K->43684K(1087488K)], 0.0706635 secs] [Times: user=0.64 sys=0.00, real=0.07 secs] 
2016-09-24T02:40:31.578-0400: 43.333: [GC (GCLocker Initiated GC) [PSYoungGen: 89088K->56986K(146432K)] 303160K->271059K(670720K), 0.0093998 secs] [Times: user=0.12 sys=0.00, real=0.01 secs] 
2016-09-24T02:40:31.652-0400: 43.406: [GC (GCLocker Initiated GC) [PSYoungGen: 146074K->80980K(171008K)] 362917K->298962K(695296K), 0.0071070 secs] [Times: user=0.10 sys=0.00, real=0.01 secs] 
2016-09-24T02:40:31.720-0400: 43.475: [GC (GCLocker Initiated GC) [PSYoungGen: 167508K->44502K(173568K)] 389575K->289026K(697856K), 0.0052678 secs] [Times: user=0.07 sys=0.00, real=0.01 secs] 
2016-09-24T02:40:31.781-0400: 43.536: [GC (GCLocker Initiated GC) [PSYoungGen: 131030K->68862K(175104K)] 375600K->327802K(699392K), 0.0060436 secs] [Times: user=0.09 sys=0.01, real=0.01 secs] 
2016-09-24T02:40:31.846-0400: 43.600: [GC (GCLocker Initiated GC) [PSYoungGen: 156926K->55286K(175104K)] 421405K->320614K(699392K), 0.0060587 secs] [Times: user=0.08 sys=0.00, real=0.00 secs] 
2016-09-24T02:40:31.913-0400: 43.668: [GC (GCLocker Initiated GC) [PSYoungGen: 143350K->59381K(174080K)] 411523K->328432K(698368K), 0.0051308 secs] [Times: user=0.06 sys=0.00, real=0.01 secs] 
2016-09-24T02:40:31.983-0400: 43.737: [GC (Allocation Failure) [PSYoungGen: 147445K->39136K(174592K)] 422923K->334380K(698880K), 0.0050543 secs] [Times: user=0.08 sys=0.00, real=0.00 secs] 
2016-09-24T02:40:32.047-0400: 43.802: [GC (GCLocker Initiated GC) [PSYoungGen: 126690K->55331K(169472K)] 423285K->352862K(693760K), 0.0054424 secs] [Times: user=0.09 sys=0.00, real=0.00 secs] 
2016-09-24T02:40:32.115-0400: 43.870: [GC (GCLocker Initiated GC) [PSYoungGen: 144419K->49787K(172544K)] 444778K->351004K(696832K), 0.0063182 secs] [Times: user=0.08 sys=0.01, real=0.00 secs] 
2016-09-24T02:40:32.178-0400: 43.933: [GC (GCLocker Initiated GC) [PSYoungGen: 138875K->63516K(178688K)] 445582K->381801K(702976K), 0.0138172 secs] [Times: user=0.18 sys=0.00, real=0.01 secs] 
2016-09-24T02:40:32.257-0400: 44.011: [GC (GCLocker Initiated GC) [PSYoungGen: 160796K->45952K(143360K)] 481826K->397611K(667648K), 0.0072568 secs] [Times: user=0.10 sys=0.00, real=0.01 secs] 
2016-09-24T02:40:32.331-0400: 44.086: [GC (GCLocker Initiated GC) [PSYoungGen: 143232K->67555K(176128K)] 503031K->428289K(700416K), 0.0115097 secs] [Times: user=0.16 sys=0.01, real=0.02 secs] 
2016-09-24T02:40:32.409-0400: 44.163: [GC (GCLocker Initiated GC) [PSYoungGen: 162787K->66122K(161792K)] 526274K->430582K(686080K), 0.0111434 secs] [Times: user=0.16 sys=0.00, real=0.01 secs] 
2016-09-24T02:40:32.494-0400: 44.249: [GC (GCLocker Initiated GC) [PSYoungGen: 161354K->36247K(175616K)] 531320K->407102K(699904K), 0.0075042 secs] [Times: user=0.06 sys=0.00, real=0.00 secs] 
2016-09-24T02:40:32.573-0400: 44.328: [GC (GCLocker Initiated GC) [PSYoungGen: 127383K->57875K(149504K)] 498274K->429561K(673792K), 0.0070230 secs] [Times: user=0.09 sys=0.01, real=0.01 secs] 
2016-09-24T02:40:32.647-0400: 44.402: [GC (GCLocker Initiated GC) [PSYoungGen: 149011K->29408K(174080K)] 528928K->418128K(698368K), 0.0089619 secs] [Times: user=0.08 sys=0.00, real=0.01 secs] 
2016-09-24T02:40:32.709-0400: 44.464: [GC (GCLocker Initiated GC) [PSYoungGen: 120032K->56526K(175616K)] 511499K->448868K(699904K), 0.0117930 secs] [Times: user=0.15 sys=0.00, real=0.01 secs] 
2016-09-24T02:40:32.783-0400: 44.537: [GC (GCLocker Initiated GC) [PSYoungGen: 147150K->59232K(176128K)] 542237K->473963K(700416K), 0.0076974 secs] [Times: user=0.10 sys=0.00, real=0.00 secs] 
2016-09-24T02:40:32.847-0400: 44.601: [GC (GCLocker Initiated GC) [PSYoungGen: 152928K->38918K(176640K)] 570461K->478810K(700928K), 0.0067740 secs] [Times: user=0.09 sys=0.00, real=0.00 secs] 
2016-09-24T02:40:32.911-0400: 44.665: [GC (GCLocker Initiated GC) [PSYoungGen: 132614K->49752K(173056K)] 575344K->503961K(697344K), 0.0064865 secs] [Times: user=0.10 sys=0.00, real=0.01 secs] 
2016-09-24T02:40:32.975-0400: 44.729: [GC (GCLocker Initiated GC) [PSYoungGen: 146520K->56643K(176128K)] 607505K->531840K(700416K), 0.0071125 secs] [Times: user=0.11 sys=0.00, real=0.00 secs] 
2016-09-24T02:40:33.052-0400: 44.806: [GC (GCLocker Initiated GC) [PSYoungGen: 153411K->57880K(181248K)] 628692K->533920K(705536K), 0.0101845 secs] [Times: user=0.16 sys=0.01, real=0.01 secs] 
2016-09-24T02:40:33.127-0400: 44.882: [GC (GCLocker Initiated GC) [PSYoungGen: 161816K->54034K(182272K)] 640594K->533504K(706560K), 0.0062463 secs] [Times: user=0.09 sys=0.00, real=0.00 secs] 
2016-09-24T02:40:33.211-0400: 44.965: [GC (GCLocker Initiated GC) [PSYoungGen: 157970K->55218K(181760K)] 637504K->546480K(706048K), 0.0056560 secs] [Times: user=0.06 sys=0.00, real=0.01 secs] 
2016-09-24T02:40:33.279-0400: 45.033: [Full GC (Ergonomics) [PSYoungGen: 162738K->0K(181760K)] [ParOldGen: 499569K->224707K(524288K)] 662307K->224707K(706048K), [Metaspace: 43684K->43684K(1087488K)], 0.0622100 secs] [Times: user=0.46 sys=0.01, real=0.06 secs] 
2016-09-24T02:40:33.426-0400: 45.180: [GC (GCLocker Initiated GC) [PSYoungGen: 107520K->35678K(182272K)] 345792K->273950K(706560K), 0.0047211 secs] [Times: user=0.06 sys=0.00, real=0.00 secs] 
2016-09-24T02:40:33.501-0400: 45.256: [GC (GCLocker Initiated GC) [PSYoungGen: 143198K->40145K(186880K)] 384296K->282612K(711168K), 0.0161456 secs] [Times: user=0.18 sys=0.01, real=0.02 secs] 
2016-09-24T02:40:33.590-0400: 45.345: [GC (GCLocker Initiated GC) [PSYoungGen: 151249K->60823K(172032K)] 400591K->321719K(696320K), 0.0091779 secs] [Times: user=0.09 sys=0.01, real=0.01 secs] 
2016-09-24T02:40:33.682-0400: 45.436: [GC (GCLocker Initiated GC) [PSYoungGen: 171927K->36160K(184832K)] 432864K->311524K(709120K), 0.0070375 secs] [Times: user=0.06 sys=0.01, real=0.01 secs] 
2016-09-24T02:40:33.762-0400: 45.517: [GC (GCLocker Initiated GC) [PSYoungGen: 144704K->40414K(148992K)] 424177K->336918K(673280K), 0.0137995 secs] [Times: user=0.20 sys=0.00, real=0.02 secs] 
2016-09-24T02:40:33.840-0400: 45.595: [GC (GCLocker Initiated GC) [PSYoungGen: 148958K->62026K(182272K)] 445517K->376975K(706560K), 0.0066874 secs] [Times: user=0.08 sys=0.00, real=0.01 secs] 
2016-09-24T02:40:33.912-0400: 45.667: [GC (GCLocker Initiated GC) [PSYoungGen: 168522K->36499K(184320K)] 483637K->359113K(708608K), 0.0097994 secs] [Times: user=0.13 sys=0.00, real=0.01 secs] 
2016-09-24T02:40:33.985-0400: 45.739: [GC (GCLocker Initiated GC) [PSYoungGen: 142995K->70181K(174592K)] 465633K->393922K(698880K), 0.0107335 secs] [Times: user=0.15 sys=0.00, real=0.01 secs] 
2016-09-24T02:40:34.071-0400: 45.826: [GC (GCLocker Initiated GC) [PSYoungGen: 167461K->46030K(179712K)] 503477K->393664K(704000K), 0.0058679 secs] [Times: user=0.07 sys=0.00, real=0.01 secs] 
2016-09-24T02:40:34.142-0400: 45.897: [GC (GCLocker Initiated GC) [PSYoungGen: 143310K->32236K(177664K)] 499222K->389172K(701952K), 0.0154655 secs] [Times: user=0.18 sys=0.00, real=0.02 secs] 
2016-09-24T02:40:34.231-0400: 45.985: [GC (GCLocker Initiated GC) [PSYoungGen: 131564K->25605K(179712K)] 507406K->415837K(704000K), 0.0092213 secs] [Times: user=0.11 sys=0.01, real=0.01 secs] 
2016-09-24T02:40:34.307-0400: 46.061: [GC (GCLocker Initiated GC) [PSYoungGen: 124933K->41687K(177152K)] 520618K->438373K(701440K), 0.0092417 secs] [Times: user=0.11 sys=0.00, real=0.01 secs] 
2016-09-24T02:40:34.392-0400: 46.146: [GC (GCLocker Initiated GC) [PSYoungGen: 142551K->45919K(179200K)] 539247K->462390K(703488K), 0.0078620 secs] [Times: user=0.10 sys=0.01, real=0.01 secs] 
2016-09-24T02:40:34.468-0400: 46.223: [GC (GCLocker Initiated GC) [PSYoungGen: 146783K->41992K(179712K)] 575670K->479924K(704000K), 0.0053451 secs] [Times: user=0.07 sys=0.00, real=0.00 secs] 
2016-09-24T02:40:34.549-0400: 46.304: [GC (GCLocker Initiated GC) [PSYoungGen: 150536K->59418K(181248K)] 591242K->501060K(705536K), 0.0067603 secs] [Times: user=0.09 sys=0.00, real=0.01 secs] 
2016-09-24T02:40:34.633-0400: 46.388: [GC (GCLocker Initiated GC) [PSYoungGen: 167962K->36458K(187904K)] 612324K->495201K(712192K), 0.0065976 secs] [Times: user=0.06 sys=0.00, real=0.01 secs] 
2016-09-24T02:40:34.714-0400: 46.469: [GC (GCLocker Initiated GC) [PSYoungGen: 149098K->43164K(156160K)] 608214K->503287K(680448K), 0.0075919 secs] [Times: user=0.06 sys=0.00, real=0.01 secs] 
2016-09-24T02:40:34.791-0400: 46.546: [GC (GCLocker Initiated GC) [PSYoungGen: 155804K->55311K(184320K)] 615957K->527258K(708608K), 0.0086035 secs] [Times: user=0.10 sys=0.00, real=0.01 secs] 
2016-09-24T02:40:34.874-0400: 46.629: [GC (GCLocker Initiated GC) [PSYoungGen: 167439K->44498K(184832K)] 642154K->520148K(709120K), 0.0094333 secs] [Times: user=0.09 sys=0.00, real=0.02 secs] 
2016-09-24T02:40:34.950-0400: 46.704: [GC (GCLocker Initiated GC) [PSYoungGen: 156626K->47438K(186880K)] 637731K->548573K(711168K), 0.0072576 secs] [Times: user=0.08 sys=0.00, real=0.01 secs] 
2016-09-24T02:40:34.957-0400: 46.712: [Full GC (Ergonomics) [PSYoungGen: 47438K->0K(186880K)] [ParOldGen: 501134K->242115K(524288K)] 548573K->242115K(711168K), [Metaspace: 43684K->43684K(1087488K)], 0.0602289 secs] [Times: user=0.35 sys=0.01, real=0.06 secs] 
2016-09-24T02:40:35.100-0400: 46.854: [GC (Allocation Failure) [PSYoungGen: 118784K->45432K(187392K)] 367708K->294357K(711680K), 0.0100182 secs] [Times: user=0.11 sys=0.01, real=0.01 secs] 
2016-09-24T02:40:35.110-0400: 46.865: [GC (GCLocker Initiated GC) [PSYoungGen: 47246K->539K(184320K)] 296170K->293287K(708608K), 0.0076575 secs] [Times: user=0.08 sys=0.00, real=0.01 secs] 
2016-09-24T02:40:35.193-0400: 46.948: [GC (GCLocker Initiated GC) [PSYoungGen: 115662K->43910K(189952K)] 411110K->339373K(714240K), 0.0066241 secs] [Times: user=0.06 sys=0.00, real=0.01 secs] 
2016-09-24T02:40:35.279-0400: 47.033: [GC (GCLocker Initiated GC) [PSYoungGen: 161670K->42206K(182784K)] 469447K->351545K(707072K), 0.0062919 secs] [Times: user=0.05 sys=0.01, real=0.01 secs] 
2016-09-24T02:40:35.367-0400: 47.122: [GC (GCLocker Initiated GC) [PSYoungGen: 162014K->47370K(187392K)] 474303K->360856K(711680K), 0.0080657 secs] [Times: user=0.09 sys=0.00, real=0.01 secs] 
2016-09-24T02:40:36.438-0400: 48.192: [GC (GCLocker Initiated GC) [PSYoungGen: 167178K->43338K(189952K)] 483610K->360936K(714240K), 0.0073427 secs] [Times: user=0.06 sys=0.00, real=0.01 secs] 
2016-09-24T02:40:36.546-0400: 48.301: [GC (GCLocker Initiated GC) [PSYoungGen: 170826K->48819K(192512K)] 493995K->373251K(716800K), 0.0080885 secs] [Times: user=0.07 sys=0.00, real=0.00 secs] 
2016-09-24T02:40:36.653-0400: 48.408: [GC (GCLocker Initiated GC) [PSYoungGen: 176307K->46160K(195072K)] 503610K->380056K(719360K), 0.0083477 secs] [Times: user=0.07 sys=0.00, real=0.01 secs] 
2016-09-24T02:40:36.753-0400: 48.508: [GC (GCLocker Initiated GC) [PSYoungGen: 178256K->58538K(190976K)] 512270K->410018K(715264K), 0.0102741 secs] [Times: user=0.14 sys=0.00, real=0.02 secs] 
2016-09-24T02:40:36.860-0400: 48.614: [GC (GCLocker Initiated GC) [PSYoungGen: 190634K->57132K(190464K)] 544846K->431546K(714752K), 0.0067510 secs] [Times: user=0.11 sys=0.00, real=0.01 secs] 
2016-09-24T02:40:36.961-0400: 48.716: [GC (GCLocker Initiated GC) [PSYoungGen: 180012K->58351K(181248K)] 558837K->438478K(705536K), 0.0061899 secs] [Times: user=0.08 sys=0.02, real=0.01 secs] 
2016-09-24T02:40:37.069-0400: 48.824: [GC (GCLocker Initiated GC) [PSYoungGen: 181231K->52853K(190976K)] 566869K->455846K(715264K), 0.0077049 secs] [Times: user=0.11 sys=0.00, real=0.01 secs] 
2016-09-24T02:40:37.168-0400: 48.922: [GC (GCLocker Initiated GC) [PSYoungGen: 172149K->49975K(169472K)] 575185K->456768K(693760K), 0.0084051 secs] [Times: user=0.06 sys=0.00, real=0.01 secs] 
2016-09-24T02:40:37.266-0400: 49.021: [GC (GCLocker Initiated GC) [PSYoungGen: 169271K->42016K(189952K)] 578814K->458022K(714240K), 0.0330100 secs] [Times: user=0.36 sys=0.00, real=0.03 secs] 
2016-09-24T02:40:37.379-0400: 49.134: [GC (GCLocker Initiated GC) [PSYoungGen: 162336K->50232K(188928K)] 586481K->486429K(713216K), 0.0098005 secs] [Times: user=0.12 sys=0.00, real=0.01 secs] 
2016-09-24T02:40:37.473-0400: 49.228: [GC (GCLocker Initiated GC) [PSYoungGen: 170552K->52838K(191488K)] 606778K->490136K(715776K), 0.0059756 secs] [Times: user=0.07 sys=0.00, real=0.01 secs] 
2016-09-24T02:40:37.543-0400: 49.297: [GC (GCLocker Initiated GC) [PSYoungGen: 176742K->56954K(191488K)] 622203K->522421K(715776K), 0.0105320 secs] [Times: user=0.16 sys=0.00, real=0.00 secs] 
2016-09-24T02:40:37.642-0400: 49.397: [GC (GCLocker Initiated GC) [PSYoungGen: 180858K->52898K(194048K)] 657049K->535653K(718336K), 0.0066994 secs] [Times: user=0.09 sys=0.00, real=0.01 secs] 
2016-09-24T02:40:37.736-0400: 49.490: [GC (GCLocker Initiated GC) [PSYoungGen: 178338K->36548K(193536K)] 661192K->531256K(717824K), 0.0183505 secs] [Times: user=0.20 sys=0.01, real=0.01 secs] 
2016-09-24T02:40:37.842-0400: 49.597: [Full GC (Ergonomics) [PSYoungGen: 161988K->0K(193536K)] [ParOldGen: 509774K->263086K(524288K)] 671763K->263086K(717824K), [Metaspace: 43687K->43687K(1087488K)], 0.0572845 secs] [Times: user=0.35 sys=0.02, real=0.05 secs] 
2016-09-24T02:40:37.992-0400: 49.746: [GC (Allocation Failure) [PSYoungGen: 125440K->23243K(189440K)] 400963K->298767K(713728K), 0.0105870 secs] [Times: user=0.06 sys=0.01, real=0.02 secs] 
2016-09-24T02:40:38.003-0400: 49.758: [GC (GCLocker Initiated GC) [PSYoungGen: 26869K->2956K(123904K)] 302393K->320507K(648192K), 0.0073754 secs] [Times: user=0.06 sys=0.00, real=0.00 secs] 
2016-09-24T02:40:38.086-0400: 49.840: [GC (GCLocker Initiated GC) [PSYoungGen: 123788K->67663K(174080K)] 441343K->385242K(698368K), 0.0080091 secs] [Times: user=0.09 sys=0.00, real=0.00 secs] 
2016-09-24T02:40:38.155-0400: 49.910: [GC (GCLocker Initiated GC) [PSYoungGen: 165965K->30656K(180224K)] 492372K->360835K(704512K), 0.0120294 secs] [Times: user=0.15 sys=0.00, real=0.01 secs] 
2016-09-24T02:40:38.217-0400: 49.972: [GC (GCLocker Initiated GC) [PSYoungGen: 128960K->51089K(177664K)] 459376K->382332K(701952K), 0.0183155 secs] [Times: user=0.23 sys=0.02, real=0.02 secs] 
2016-09-24T02:40:38.290-0400: 50.045: [GC (GCLocker Initiated GC) [PSYoungGen: 150929K->75463K(175616K)] 484997K->410070K(699904K), 0.0095078 secs] [Times: user=0.08 sys=0.00, real=0.01 secs] 
2016-09-24T02:40:38.364-0400: 50.119: [GC (GCLocker Initiated GC) [PSYoungGen: 175303K->69993K(174592K)] 509997K->421563K(698880K), 0.0107245 secs] [Times: user=0.13 sys=0.01, real=0.01 secs] 
2016-09-24T02:40:38.431-0400: 50.185: [GC (GCLocker Initiated GC) [PSYoungGen: 158057K->36350K(175104K)] 512383K->423827K(699392K), 0.0060734 secs] [Times: user=0.08 sys=0.00, real=0.01 secs] 
2016-09-24T02:40:38.500-0400: 50.254: [GC (GCLocker Initiated GC) [PSYoungGen: 124414K->58040K(175104K)] 517472K->468085K(699392K), 0.0073565 secs] [Times: user=0.10 sys=0.00, real=0.01 secs] 
2016-09-24T02:40:38.565-0400: 50.319: [GC (GCLocker Initiated GC) [PSYoungGen: 146104K->51190K(139264K)] 556218K->472866K(663552K), 0.0058446 secs] [Times: user=0.09 sys=0.00, real=0.00 secs] 
2016-09-24T02:40:38.632-0400: 50.387: [GC (GCLocker Initiated GC) [PSYoungGen: 139254K->55144K(176128K)] 560989K->477575K(700416K), 0.0131163 secs] [Times: user=0.17 sys=0.00, real=0.02 secs] 
2016-09-24T02:40:38.700-0400: 50.455: [GC (GCLocker Initiated GC) [PSYoungGen: 144744K->55293K(174592K)] 577001K->517954K(698880K), 0.0089996 secs] [Times: user=0.12 sys=0.01, real=0.01 secs] 
2016-09-24T02:40:38.766-0400: 50.520: [GC (GCLocker Initiated GC) [PSYoungGen: 144893K->52355K(174592K)] 613811K->524747K(698880K), 0.0061702 secs] [Times: user=0.07 sys=0.00, real=0.00 secs] 
2016-09-24T02:40:38.838-0400: 50.592: [GC (GCLocker Initiated GC) [PSYoungGen: 145539K->51164K(174592K)] 626074K->543178K(698880K), 0.0062078 secs] [Times: user=0.08 sys=0.00, real=0.01 secs] 
2016-09-24T02:40:38.844-0400: 50.599: [Full GC (Ergonomics) [PSYoungGen: 51164K->0K(174592K)] [ParOldGen: 492014K->269222K(524288K)] 543178K->269222K(698880K), [Metaspace: 43687K->43687K(1087488K)], 0.0644777 secs] [Times: user=0.61 sys=0.00, real=0.06 secs] 
2016-09-24T02:40:38.967-0400: 50.722: [GC (GCLocker Initiated GC) [PSYoungGen: 93184K->63737K(175616K)] 370543K->341097K(699904K), 0.0064974 secs] [Times: user=0.08 sys=0.01, real=0.00 secs] 
2016-09-24T02:40:39.025-0400: 50.780: [GC (GCLocker Initiated GC) [PSYoungGen: 161017K->70050K(177664K)] 438476K->367575K(701952K), 0.0073163 secs] [Times: user=0.11 sys=0.00, real=0.00 secs] 
2016-09-24T02:40:39.100-0400: 50.855: [GC (GCLocker Initiated GC) [PSYoungGen: 167330K->49727K(179200K)] 471838K->368406K(703488K), 0.0081809 secs] [Times: user=0.10 sys=0.00, real=0.01 secs] 
2016-09-24T02:40:39.164-0400: 50.918: [GC (GCLocker Initiated GC) [PSYoungGen: 145471K->37530K(177664K)] 473675K->366358K(701952K), 0.0053314 secs] [Times: user=0.04 sys=0.00, real=0.00 secs] 
2016-09-24T02:40:39.227-0400: 50.982: [GC (GCLocker Initiated GC) [PSYoungGen: 133274K->55241K(178688K)] 466993K->389698K(702976K), 0.0093247 secs] [Times: user=0.14 sys=0.00, real=0.01 secs] 
2016-09-24T02:40:39.297-0400: 51.051: [GC (GCLocker Initiated GC) [PSYoungGen: 153545K->68566K(178688K)] 488050K->403801K(702976K), 0.0063807 secs] [Times: user=0.09 sys=0.00, real=0.01 secs] 
2016-09-24T02:40:39.358-0400: 51.113: [GC (GCLocker Initiated GC) [PSYoungGen: 166870K->55068K(179200K)] 502109K->419229K(703488K), 0.0066549 secs] [Times: user=0.10 sys=0.00, real=0.01 secs] 
2016-09-24T02:40:39.424-0400: 51.178: [GC (GCLocker Initiated GC) [PSYoungGen: 152860K->52381K(178688K)] 526706K->426824K(702976K), 0.0103409 secs] [Times: user=0.16 sys=0.00, real=0.00 secs] 
2016-09-24T02:40:39.485-0400: 51.239: [GC (GCLocker Initiated GC) [PSYoungGen: 150173K->61937K(178176K)] 530210K->442640K(702464K), 0.0103114 secs] [Times: user=0.15 sys=0.00, real=0.01 secs] 
2016-09-24T02:40:39.557-0400: 51.312: [GC (GCLocker Initiated GC) [PSYoungGen: 161265K->47054K(178688K)] 545476K->445466K(702976K), 0.0062305 secs] [Times: user=0.08 sys=0.00, real=0.01 secs] 
2016-09-24T02:40:39.633-0400: 51.388: [GC (GCLocker Initiated GC) [PSYoungGen: 146382K->40421K(181760K)] 557379K->452063K(706048K), 0.0048220 secs] [Times: user=0.06 sys=0.00, real=0.01 secs] 
2016-09-24T02:40:39.691-0400: 51.446: [GC (GCLocker Initiated GC) [PSYoungGen: 144357K->71291K(175616K)] 556072K->483711K(699904K), 0.0077190 secs] [Times: user=0.07 sys=0.00, real=0.01 secs] 
2016-09-24T02:40:39.764-0400: 51.519: [GC (GCLocker Initiated GC) [PSYoungGen: 175227K->61933K(179712K)] 590452K->491287K(704000K), 0.0099584 secs] [Times: user=0.14 sys=0.00, real=0.00 secs] 
2016-09-24T02:40:39.826-0400: 51.581: [GC (GCLocker Initiated GC) [PSYoungGen: 159213K->52354K(150016K)] 588644K->498730K(674304K), 0.0057507 secs] [Times: user=0.08 sys=0.00, real=0.00 secs] 
2016-09-24T02:40:39.891-0400: 51.646: [GC (GCLocker Initiated GC) [PSYoungGen: 149634K->57765K(179200K)] 600218K->508916K(703488K), 0.0069014 secs] [Times: user=0.08 sys=0.00, real=0.01 secs] 
2016-09-24T02:40:39.962-0400: 51.717: [GC (GCLocker Initiated GC) [PSYoungGen: 156581K->44301K(177664K)] 617384K->516420K(701952K), 0.0098095 secs] [Times: user=0.11 sys=0.00, real=0.00 secs] 
2016-09-24T02:40:40.019-0400: 51.774: [GC (GCLocker Initiated GC) [PSYoungGen: 143117K->53714K(180224K)] 615307K->537409K(704512K), 0.0066024 secs] [Times: user=0.07 sys=0.00, real=0.01 secs] 
2016-09-24T02:40:40.089-0400: 51.843: [GC (GCLocker Initiated GC) [PSYoungGen: 158674K->48261K(180736K)] 642508K->546119K(705024K), 0.0082608 secs] [Times: user=0.07 sys=0.00, real=0.01 secs] 
2016-09-24T02:40:40.097-0400: 51.852: [Full GC (Ergonomics) [PSYoungGen: 48261K->0K(180736K)] [ParOldGen: 497857K->279717K(524288K)] 546119K->279717K(705024K), [Metaspace: 43704K->43704K(1087488K)], 0.0509018 secs] [Times: user=0.47 sys=0.01, real=0.05 secs] 
2016-09-24T02:40:40.219-0400: 51.974: [GC (GCLocker Initiated GC) [PSYoungGen: 104960K->53642K(182784K)] 400962K->349645K(707072K), 0.0051464 secs] [Times: user=0.07 sys=0.00, real=0.01 secs] 
2016-09-24T02:40:40.288-0400: 52.042: [GC (GCLocker Initiated GC) [PSYoungGen: 165258K->48399K(184320K)] 466754K->370728K(708608K), 0.0061665 secs] [Times: user=0.07 sys=0.00, real=0.00 secs] 
2016-09-24T02:40:40.354-0400: 52.109: [GC (GCLocker Initiated GC) [PSYoungGen: 160015K->69857K(181248K)] 482462K->401100K(705536K), 0.0074477 secs] [Times: user=0.10 sys=0.02, real=0.00 secs] 
2016-09-24T02:40:40.434-0400: 52.189: [GC (GCLocker Initiated GC) [PSYoungGen: 179425K->46986K(185856K)] 513430K->384189K(710144K), 0.0100897 secs] [Times: user=0.07 sys=0.01, real=0.01 secs] 
2016-09-24T02:40:40.503-0400: 52.258: [GC (GCLocker Initiated GC) [PSYoungGen: 156554K->54883K(181760K)] 493886K->392864K(706048K), 0.0240392 secs] [Times: user=0.29 sys=0.00, real=0.02 secs] 
2016-09-24T02:40:40.597-0400: 52.352: [GC (GCLocker Initiated GC) [PSYoungGen: 165475K->42983K(184320K)] 515280K->393290K(708608K), 0.0053857 secs] [Times: user=0.06 sys=0.01, real=0.01 secs] 
2016-09-24T02:40:40.669-0400: 52.424: [GC (GCLocker Initiated GC) [PSYoungGen: 153575K->66054K(182784K)] 503916K->441427K(707072K), 0.0071807 secs] [Times: user=0.10 sys=0.00, real=0.01 secs] 
2016-09-24T02:40:40.739-0400: 52.494: [GC (GCLocker Initiated GC) [PSYoungGen: 175622K->45730K(185856K)] 553750K->438079K(710144K), 0.0140750 secs] [Times: user=0.17 sys=0.00, real=0.01 secs] 
2016-09-24T02:40:40.820-0400: 52.574: [GC (GCLocker Initiated GC) [PSYoungGen: 155298K->44345K(183296K)] 551766K->449725K(707584K), 0.0152532 secs] [Times: user=0.17 sys=0.00, real=0.02 secs] 
2016-09-24T02:40:40.902-0400: 52.657: [GC (GCLocker Initiated GC) [PSYoungGen: 154425K->61798K(184832K)] 562593K->470680K(709120K), 0.0094482 secs] [Times: user=0.09 sys=0.00, real=0.01 secs] 
2016-09-24T02:40:40.981-0400: 52.735: [GC (GCLocker Initiated GC) [PSYoungGen: 171878K->61960K(184832K)] 586215K->476978K(709120K), 0.0103672 secs] [Times: user=0.16 sys=0.00, real=0.01 secs] 
2016-09-24T02:40:41.059-0400: 52.813: [GC (GCLocker Initiated GC) [PSYoungGen: 170504K->37412K(146432K)] 586930K->457262K(670720K), 0.0223072 secs] [Times: user=0.24 sys=0.00, real=0.02 secs] 
2016-09-24T02:40:41.151-0400: 52.906: [GC (GCLocker Initiated GC) [PSYoungGen: 145956K->38914K(184832K)] 574129K->467769K(709120K), 0.0057572 secs] [Times: user=0.05 sys=0.00, real=0.01 secs] 
2016-09-24T02:40:41.222-0400: 52.976: [GC (GCLocker Initiated GC) [PSYoungGen: 145922K->48517K(155648K)] 581248K->484638K(679936K), 0.0067395 secs] [Times: user=0.06 sys=0.00, real=0.01 secs] 
2016-09-24T02:40:41.290-0400: 53.045: [GC (GCLocker Initiated GC) [PSYoungGen: 155525K->49904K(184320K)] 597082K->497738K(708608K), 0.0172199 secs] [Times: user=0.21 sys=0.01, real=0.02 secs] 
2016-09-24T02:40:41.378-0400: 53.133: [GC (GCLocker Initiated GC) [PSYoungGen: 158960K->40257K(182272K)] 610349K->503270K(706560K), 0.0173808 secs] [Times: user=0.20 sys=0.02, real=0.02 secs] 
2016-09-24T02:40:41.460-0400: 53.215: [GC (GCLocker Initiated GC) [PSYoungGen: 149313K->52688K(187392K)] 620502K->524777K(711680K), 0.0058572 secs] [Times: user=0.05 sys=0.01, real=0.01 secs] 
2016-09-24T02:40:41.539-0400: 53.294: [GC (GCLocker Initiated GC) [PSYoungGen: 167376K->55295K(186368K)] 639618K->528419K(710656K), 0.0069413 secs] [Times: user=0.09 sys=0.00, real=0.01 secs] 
2016-09-24T02:40:41.621-0400: 53.376: [GC (GCLocker Initiated GC) [PSYoungGen: 169983K->47312K(188928K)] 659351K->537655K(713216K), 0.0063907 secs] [Times: user=0.07 sys=0.00, real=0.01 secs] 
2016-09-24T02:40:41.715-0400: 53.469: [Full GC (Ergonomics) [PSYoungGen: 166608K->0K(188928K)] [ParOldGen: 507989K->296275K(524288K)] 674598K->296275K(713216K), [Metaspace: 43707K->43707K(1087488K)], 0.0534539 secs] [Times: user=0.39 sys=0.01, real=0.05 secs] 
2016-09-24T02:40:41.849-0400: 53.604: [GC (GCLocker Initiated GC) [PSYoungGen: 119296K->61483K(188928K)] 421037K->363225K(713216K), 0.0070655 secs] [Times: user=0.07 sys=0.00, real=0.01 secs] 
2016-09-24T02:40:41.944-0400: 53.699: [GC (GCLocker Initiated GC) [PSYoungGen: 180779K->55389K(190464K)] 482549K->361390K(714752K), 0.0147521 secs] [Times: user=0.22 sys=0.00, real=0.01 secs] 
2016-09-24T02:40:42.037-0400: 53.791: [GC (GCLocker Initiated GC) [PSYoungGen: 173661K->46274K(164864K)] 483062K->359317K(689152K), 0.0071059 secs] [Times: user=0.07 sys=0.00, real=0.01 secs] 
2016-09-24T02:40:42.110-0400: 53.864: [GC (GCLocker Initiated GC) [PSYoungGen: 164546K->66417K(184320K)] 483216K->386403K(708608K), 0.0079885 secs] [Times: user=0.12 sys=0.01, real=0.01 secs] 
2016-09-24T02:40:42.226-0400: 53.980: [GC (GCLocker Initiated GC) [PSYoungGen: 180081K->48040K(187904K)] 500079K->369150K(712192K), 0.0124025 secs] [Times: user=0.15 sys=0.00, real=0.01 secs] 
2016-09-24T02:40:42.326-0400: 54.081: [GC (GCLocker Initiated GC) [PSYoungGen: 161704K->57143K(186368K)] 485600K->382588K(710656K), 0.0096960 secs] [Times: user=0.14 sys=0.00, real=0.01 secs] 
2016-09-24T02:40:42.437-0400: 54.192: [GC (GCLocker Initiated GC) [PSYoungGen: 172343K->49381K(187904K)] 506103K->384526K(712192K), 0.0053888 secs] [Times: user=0.07 sys=0.01, real=0.01 secs] 
2016-09-24T02:40:42.548-0400: 54.302: [GC (GCLocker Initiated GC) [PSYoungGen: 164581K->54477K(187392K)] 499785K->391411K(711680K), 0.0064433 secs] [Times: user=0.08 sys=0.00, real=0.01 secs] 
2016-09-24T02:40:42.633-0400: 54.388: [GC (GCLocker Initiated GC) [PSYoungGen: 172749K->69497K(187904K)] 512476K->410611K(712192K), 0.0070152 secs] [Times: user=0.10 sys=0.00, real=0.01 secs] 
2016-09-24T02:40:42.729-0400: 54.484: [GC (GCLocker Initiated GC) [PSYoungGen: 187769K->50162K(188928K)] 531612K->395466K(713216K), 0.0149913 secs] [Times: user=0.15 sys=0.02, real=0.02 secs] 
2016-09-24T02:40:42.816-0400: 54.571: [GC (GCLocker Initiated GC) [PSYoungGen: 164850K->55890K(171008K)] 518395K->424273K(695296K), 0.0220165 secs] [Times: user=0.29 sys=0.01, real=0.02 secs] 
2016-09-24T02:40:42.940-0400: 54.695: [GC (GCLocker Initiated GC) [PSYoungGen: 170578K->42261K(186880K)] 543571K->416631K(711168K), 0.0058367 secs] [Times: user=0.07 sys=0.00, real=0.01 secs] 
2016-09-24T02:40:43.016-0400: 54.770: [GC (GCLocker Initiated GC) [PSYoungGen: 156949K->58764K(186880K)] 534152K->437256K(711168K), 0.0117530 secs] [Times: user=0.12 sys=0.01, real=0.01 secs] 
2016-09-24T02:40:43.126-0400: 54.880: [GC (GCLocker Initiated GC) [PSYoungGen: 173452K->56194K(188416K)] 557482K->441704K(712704K), 0.0064749 secs] [Times: user=0.09 sys=0.00, real=0.00 secs] 
2016-09-24T02:40:43.214-0400: 54.968: [GC (GCLocker Initiated GC) [PSYoungGen: 173442K->54899K(188928K)] 563069K->467840K(713216K), 0.0076862 secs] [Times: user=0.09 sys=0.00, real=0.01 secs] 
2016-09-24T02:40:43.306-0400: 55.060: [GC (GCLocker Initiated GC) [PSYoungGen: 172147K->46301K(189952K)] 585124K->477167K(714240K), 0.0080933 secs] [Times: user=0.06 sys=0.00, real=0.00 secs] 
2016-09-24T02:40:43.413-0400: 55.168: [GC (GCLocker Initiated GC) [PSYoungGen: 166109K->54610K(189952K)] 599716K->508564K(714240K), 0.0124623 secs] [Times: user=0.16 sys=0.00, real=0.02 secs] 
2016-09-24T02:40:43.513-0400: 55.267: [GC (GCLocker Initiated GC) [PSYoungGen: 174418K->65496K(187904K)] 628406K->531891K(712192K), 0.0103563 secs] [Times: user=0.14 sys=0.00, real=0.02 secs] 
2016-09-24T02:40:43.605-0400: 55.360: [GC (GCLocker Initiated GC) [PSYoungGen: 184280K->46791K(190464K)] 658849K->547186K(714752K), 0.0064431 secs] [Times: user=0.10 sys=0.00, real=0.00 secs] 
2016-09-24T02:40:43.612-0400: 55.367: [Full GC (Ergonomics) [PSYoungGen: 46791K->0K(190464K)] [ParOldGen: 500394K->259370K(524288K)] 547186K->259370K(714752K), [Metaspace: 43716K->43716K(1087488K)], 0.1604057 secs] [Times: user=2.14 sys=0.00, real=0.16 secs] 
2016-09-24T02:40:43.862-0400: 55.617: [GC (GCLocker Initiated GC) [PSYoungGen: 118784K->45145K(189440K)] 383799K->310161K(713728K), 0.0053796 secs] [Times: user=0.08 sys=0.00, real=0.01 secs] 
2016-09-24T02:40:43.954-0400: 55.709: [GC (GCLocker Initiated GC) [PSYoungGen: 163929K->67167K(186368K)] 433042K->340429K(710656K), 0.0065782 secs] [Times: user=0.09 sys=0.01, real=0.01 secs] 
2016-09-24T02:40:44.061-0400: 55.816: [GC (GCLocker Initiated GC) [PSYoungGen: 185951K->40054K(186368K)] 471396K->331208K(710656K), 0.0057550 secs] [Times: user=0.06 sys=0.00, real=0.01 secs] 
2016-09-24T02:40:44.141-0400: 55.896: [GC (GCLocker Initiated GC) [PSYoungGen: 151670K->35423K(147456K)] 451097K->352808K(671744K), 0.0348870 secs] [Times: user=0.46 sys=0.00, real=0.04 secs] 
2016-09-24T02:40:44.262-0400: 56.017: [GC (GCLocker Initiated GC) [PSYoungGen: 147039K->30066K(184320K)] 471199K->358280K(708608K), 0.0076197 secs] [Times: user=0.05 sys=0.00, real=0.01 secs] 
2016-09-24T02:40:44.346-0400: 56.101: [GC (GCLocker Initiated GC) [PSYoungGen: 138610K->35692K(185344K)] 471871K->386653K(709632K), 0.0082421 secs] [Times: user=0.06 sys=0.01, real=0.01 secs] 
2016-09-24T02:40:44.427-0400: 56.182: [GC (GCLocker Initiated GC) [PSYoungGen: 144236K->47913K(179712K)] 500656K->422227K(704000K), 0.0085208 secs] [Times: user=0.11 sys=0.01, real=0.01 secs] 
2016-09-24T02:40:44.516-0400: 56.271: [GC (GCLocker Initiated GC) [PSYoungGen: 156969K->58563K(182784K)] 531357K->447794K(707072K), 0.0167340 secs] [Times: user=0.22 sys=0.00, real=0.01 secs] 
2016-09-24T02:40:44.620-0400: 56.374: [GC (GCLocker Initiated GC) [PSYoungGen: 167619K->47890K(184832K)] 562468K->452254K(709120K), 0.0087766 secs] [Times: user=0.06 sys=0.00, real=0.01 secs] 
2016-09-24T02:40:44.716-0400: 56.471: [GC (GCLocker Initiated GC) [PSYoungGen: 161042K->38460K(185856K)] 577639K->456559K(710144K), 0.0107519 secs] [Times: user=0.10 sys=0.00, real=0.01 secs] 
2016-09-24T02:40:44.803-0400: 56.558: [GC (GCLocker Initiated GC) [PSYoungGen: 151612K->60007K(185856K)] 569832K->493417K(710144K), 0.0075799 secs] [Times: user=0.10 sys=0.00, real=0.00 secs] 
2016-09-24T02:40:44.920-0400: 56.675: [GC (GCLocker Initiated GC) [PSYoungGen: 173671K->65503K(179200K)] 607144K->500445K(703488K), 0.0074657 secs] [Times: user=0.10 sys=0.00, real=0.01 secs] 
2016-09-24T02:40:45.011-0400: 56.766: [GC (GCLocker Initiated GC) [PSYoungGen: 179167K->39883K(185344K)] 617008K->503540K(709632K), 0.0068141 secs] [Times: user=0.08 sys=0.00, real=0.01 secs] 
2016-09-24T02:40:45.102-0400: 56.857: [GC (GCLocker Initiated GC) [PSYoungGen: 147403K->50290K(158208K)] 613832K->518290K(682496K), 0.0092547 secs] [Times: user=0.10 sys=0.00, real=0.00 secs] 
2016-09-24T02:40:45.179-0400: 56.934: [GC (GCLocker Initiated GC) [PSYoungGen: 157810K->61087K(180736K)] 631286K->535868K(705024K), 0.0077419 secs] [Times: user=0.07 sys=0.00, real=0.01 secs] 
2016-09-24T02:40:45.257-0400: 57.012: [GC (GCLocker Initiated GC) [PSYoungGen: 167071K->62364K(182272K)] 644634K->568174K(706560K), 0.0087657 secs] [Times: user=0.12 sys=0.01, real=0.01 secs] 
2016-09-24T02:40:45.266-0400: 57.021: [Full GC (Ergonomics) [PSYoungGen: 62364K->0K(182272K)] [ParOldGen: 505809K->287473K(524288K)] 568174K->287473K(706560K), [Metaspace: 43716K->43716K(1087488K)], 0.0655299 secs] [Times: user=0.56 sys=0.00, real=0.06 secs] 
2016-09-24T02:40:45.415-0400: 57.170: [GC (GCLocker Initiated GC) [PSYoungGen: 105984K->62242K(181760K)] 393650K->349909K(706048K), 0.0060736 secs] [Times: user=0.08 sys=0.00, real=0.00 secs] 
2016-09-24T02:40:45.486-0400: 57.241: [GC (GCLocker Initiated GC) [PSYoungGen: 165666K->45182K(148992K)] 461455K->356817K(673280K), 0.0065009 secs] [Times: user=0.07 sys=0.00, real=0.00 secs] 
2016-09-24T02:40:45.576-0400: 57.330: [GC (GCLocker Initiated GC) [PSYoungGen: 148606K->51483K(184320K)] 463011K->375421K(708608K), 0.0074982 secs] [Times: user=0.06 sys=0.00, real=0.01 secs] 
2016-09-24T02:40:45.658-0400: 57.412: [GC (GCLocker Initiated GC) [PSYoungGen: 157979K->51702K(158208K)] 484654K->398474K(682496K), 0.0070665 secs] [Times: user=0.10 sys=0.00, real=0.01 secs] 
2016-09-24T02:40:45.730-0400: 57.485: [GC (GCLocker Initiated GC) [PSYoungGen: 158198K->48775K(183296K)] 507672K->429254K(707584K), 0.0077281 secs] [Times: user=0.09 sys=0.01, real=0.01 secs] 
2016-09-24T02:40:45.822-0400: 57.576: [GC (GCLocker Initiated GC) [PSYoungGen: 158855K->59678K(181760K)] 548851K->450727K(706048K), 0.0099870 secs] [Times: user=0.14 sys=0.01, real=0.01 secs] 
2016-09-24T02:40:45.915-0400: 57.670: [GC (Allocation Failure) [PSYoungGen: 169758K->42310K(189440K)] 569091K->464423K(713728K), 0.0059810 secs] [Times: user=0.09 sys=0.00, real=0.00 secs] 
2016-09-24T02:40:45.922-0400: 57.676: [GC (GCLocker Initiated GC) [PSYoungGen: 44226K->1350K(118272K)] 466339K->472204K(642560K), 0.0048393 secs] [Times: user=0.06 sys=0.00, real=0.01 secs] 
2016-09-24T02:40:46.005-0400: 57.760: [GC (GCLocker Initiated GC) [PSYoungGen: 118086K->62401K(178176K)] 588941K->534607K(702464K), 0.0057974 secs] [Times: user=0.07 sys=0.00, real=0.00 secs] 
2016-09-24T02:40:46.065-0400: 57.820: [Full GC (Ergonomics) [PSYoungGen: 161729K->0K(178176K)] [ParOldGen: 474939K->289093K(524288K)] 636669K->289093K(702464K), [Metaspace: 43722K->43722K(1087488K)], 0.0694660 secs] [Times: user=0.58 sys=0.01, real=0.07 secs] 
2016-09-24T02:40:46.190-0400: 57.945: [GC (GCLocker Initiated GC) [PSYoungGen: 99328K->67842K(167424K)] 393832K->362347K(691712K), 0.0069487 secs] [Times: user=0.07 sys=0.00, real=0.01 secs] 
2016-09-24T02:40:46.264-0400: 58.019: [GC (GCLocker Initiated GC) [PSYoungGen: 167170K->51233K(179712K)] 461686K->352377K(704000K), 0.0064493 secs] [Times: user=0.09 sys=0.01, real=0.00 secs] 
2016-09-24T02:40:46.327-0400: 58.082: [GC (GCLocker Initiated GC) [PSYoungGen: 145441K->60611K(176640K)] 446616K->362605K(700928K), 0.0064700 secs] [Times: user=0.09 sys=0.00, real=0.00 secs] 
2016-09-24T02:40:46.385-0400: 58.139: [GC (GCLocker Initiated GC) [PSYoungGen: 154819K->29597K(176640K)] 469199K->369072K(700928K), 0.0103887 secs] [Times: user=0.15 sys=0.00, real=0.01 secs] 
2016-09-24T02:40:46.450-0400: 58.205: [GC (GCLocker Initiated GC) [PSYoungGen: 123293K->75449K(169472K)] 463017K->415975K(693760K), 0.0069802 secs] [Times: user=0.07 sys=0.01, real=0.01 secs] 
2016-09-24T02:40:46.526-0400: 58.281: [GC (GCLocker Initiated GC) [PSYoungGen: 169145K->42942K(175104K)] 511134K->385602K(699392K), 0.0094237 secs] [Times: user=0.09 sys=0.00, real=0.01 secs] 
2016-09-24T02:40:46.586-0400: 58.341: [GC (GCLocker Initiated GC) [PSYoungGen: 131006K->66157K(175104K)] 473710K->409618K(699392K), 0.0230434 secs] [Times: user=0.34 sys=0.00, real=0.02 secs] 
2016-09-24T02:40:46.672-0400: 58.426: [GC (GCLocker Initiated GC) [PSYoungGen: 154221K->28388K(175104K)] 512967K->412234K(699392K), 0.0101402 secs] [Times: user=0.11 sys=0.01, real=0.01 secs] 
2016-09-24T02:40:46.751-0400: 58.505: [GC (Allocation Failure) [PSYoungGen: 116452K->43021K(175104K)] 505738K->435938K(699392K), 0.0063475 secs] [Times: user=0.08 sys=0.00, real=0.01 secs] 
2016-09-24T02:40:46.806-0400: 58.561: [GC (GCLocker Initiated GC) [PSYoungGen: 128919K->61993K(175104K)] 524537K->458381K(699392K), 0.0066470 secs] [Times: user=0.07 sys=0.01, real=0.00 secs] 
2016-09-24T02:40:46.870-0400: 58.624: [GC (GCLocker Initiated GC) [PSYoungGen: 150057K->69081K(175104K)] 547816K->467586K(699392K), 0.0066732 secs] [Times: user=0.09 sys=0.00, real=0.01 secs] 
2016-09-24T02:40:46.928-0400: 58.682: [GC (GCLocker Initiated GC) [PSYoungGen: 157145K->86197K(175104K)] 555739K->496488K(699392K), 0.0085728 secs] [Times: user=0.12 sys=0.01, real=0.01 secs] 
2016-09-24T02:40:46.999-0400: 58.754: [GC (GCLocker Initiated GC) [PSYoungGen: 174261K->47165K(175104K)] 592675K->477054K(699392K), 0.0070026 secs] [Times: user=0.09 sys=0.00, real=0.01 secs] 
2016-09-24T02:40:47.066-0400: 58.821: [GC (GCLocker Initiated GC) [PSYoungGen: 135229K->66200K(175104K)] 567919K->502438K(699392K), 0.0106985 secs] [Times: user=0.14 sys=0.00, real=0.01 secs] 
2016-09-24T02:40:47.128-0400: 58.882: [GC (GCLocker Initiated GC) [PSYoungGen: 154264K->55259K(175104K)] 590646K->522237K(699392K), 0.0072450 secs] [Times: user=0.11 sys=0.00, real=0.01 secs] 
2016-09-24T02:40:47.190-0400: 58.945: [GC (Allocation Failure) [PSYoungGen: 143323K->61886K(175104K)] 610345K->529553K(699392K), 0.0079268 secs] [Times: user=0.09 sys=0.01, real=0.01 secs] 
2016-09-24T02:40:47.249-0400: 59.004: [GC (GCLocker Initiated GC) [PSYoungGen: 148313K->57902K(175104K)] 618680K->547913K(699392K), 0.0105481 secs] [Times: user=0.13 sys=0.01, real=0.01 secs] 
2016-09-24T02:40:47.260-0400: 59.015: [Full GC (Ergonomics) [PSYoungGen: 57902K->0K(175104K)] [ParOldGen: 490011K->303728K(524288K)] 547913K->303728K(699392K), [Metaspace: 43728K->43728K(1087488K)], 0.0623356 secs] [Times: user=0.51 sys=0.00, real=0.07 secs] 
2016-09-24T02:40:47.378-0400: 59.132: [GC (GCLocker Initiated GC) [PSYoungGen: 88064K->40611K(175104K)] 396018K->348565K(699392K), 0.0099824 secs] [Times: user=0.13 sys=0.00, real=0.01 secs] 
2016-09-24T02:40:47.450-0400: 59.205: [GC (GCLocker Initiated GC) [PSYoungGen: 128675K->41770K(175104K)] 445296K->359461K(699392K), 0.0052025 secs] [Times: user=0.06 sys=0.01, real=0.01 secs] 
2016-09-24T02:40:47.509-0400: 59.264: [GC (GCLocker Initiated GC) [PSYoungGen: 129834K->64458K(175104K)] 447571K->383041K(699392K), 0.0100706 secs] [Times: user=0.15 sys=0.00, real=0.01 secs] 
2016-09-24T02:40:47.577-0400: 59.332: [GC (GCLocker Initiated GC) [PSYoungGen: 152522K->58003K(146432K)] 476694K->407019K(670720K), 0.0067705 secs] [Times: user=0.10 sys=0.00, real=0.01 secs] 
2016-09-24T02:40:47.644-0400: 59.399: [GC (GCLocker Initiated GC) [PSYoungGen: 146067K->43077K(174592K)] 510042K->413162K(698880K), 0.0061218 secs] [Times: user=0.06 sys=0.00, real=0.00 secs] 
2016-09-24T02:40:47.716-0400: 59.470: [GC (GCLocker Initiated GC) [PSYoungGen: 132165K->64875K(173568K)] 507673K->441330K(697856K), 0.0060378 secs] [Times: user=0.08 sys=0.00, real=0.00 secs] 
2016-09-24T02:40:47.783-0400: 59.537: [GC (GCLocker Initiated GC) [PSYoungGen: 153963K->62208K(176640K)] 533135K->442284K(700928K), 0.0060354 secs] [Times: user=0.08 sys=0.00, real=0.00 secs] 
2016-09-24T02:40:47.857-0400: 59.612: [GC (GCLocker Initiated GC) [PSYoungGen: 153344K->68926K(160256K)] 536186K->452690K(684544K), 0.0069148 secs] [Times: user=0.07 sys=0.01, real=0.01 secs] 
2016-09-24T02:40:47.925-0400: 59.680: [GC (GCLocker Initiated GC) [PSYoungGen: 160062K->80950K(175104K)] 543896K->465706K(699392K), 0.0085354 secs] [Times: user=0.11 sys=0.00, real=0.00 secs] 
2016-09-24T02:40:48.001-0400: 59.755: [GC (GCLocker Initiated GC) [PSYoungGen: 169014K->44564K(175104K)] 553861K->443731K(699392K), 0.0138896 secs] [Times: user=0.16 sys=0.00, real=0.02 secs] 
2016-09-24T02:40:48.080-0400: 59.835: [GC (GCLocker Initiated GC) [PSYoungGen: 132628K->48483K(175104K)] 539997K->467512K(699392K), 0.0244412 secs] [Times: user=0.33 sys=0.00, real=0.03 secs] 
2016-09-24T02:40:48.164-0400: 59.919: [GC (GCLocker Initiated GC) [PSYoungGen: 136547K->41956K(175104K)] 557063K->495809K(699392K), 0.0088597 secs] [Times: user=0.11 sys=0.00, real=0.00 secs] 
2016-09-24T02:40:48.232-0400: 59.986: [GC (GCLocker Initiated GC) [PSYoungGen: 130020K->47060K(175104K)] 587961K->505969K(699392K), 0.0057417 secs] [Times: user=0.07 sys=0.00, real=0.01 secs] 
2016-09-24T02:40:48.300-0400: 60.055: [GC (GCLocker Initiated GC) [PSYoungGen: 135124K->44606K(133120K)] 596811K->517845K(657408K), 0.0100151 secs] [Times: user=0.14 sys=0.00, real=0.01 secs] 
2016-09-24T02:40:48.372-0400: 60.126: [GC (GCLocker Initiated GC) [PSYoungGen: 132670K->50021K(176640K)] 618270K->536563K(700928K), 0.0070258 secs] [Times: user=0.09 sys=0.00, real=0.01 secs] 
2016-09-24T02:40:48.440-0400: 60.195: [GC (GCLocker Initiated GC) [PSYoungGen: 140645K->74231K(174080K)] 627307K->561818K(698368K), 0.0071416 secs] [Times: user=0.09 sys=0.00, real=0.01 secs] 
2016-09-24T02:40:48.524-0400: 60.279: [Full GC (Ergonomics) [PSYoungGen: 164855K->0K(174080K)] [ParOldGen: 491775K->308929K(524288K)] 656630K->308929K(698368K), [Metaspace: 43728K->43728K(1087488K)], 0.0617126 secs] [Times: user=0.43 sys=0.02, real=0.06 secs] 
2016-09-24T02:40:48.650-0400: 60.405: [GC (GCLocker Initiated GC) [PSYoungGen: 90624K->55617K(176640K)] 408054K->373047K(700928K), 0.0058372 secs] [Times: user=0.08 sys=0.01, real=0.01 secs] 
2016-09-24T02:40:48.710-0400: 60.465: [GC (GCLocker Initiated GC) [PSYoungGen: 145729K->43010K(175104K)] 469144K->378346K(699392K), 0.0076896 secs] [Times: user=0.05 sys=0.01, real=0.01 secs] 
2016-09-24T02:40:48.780-0400: 60.535: [GC (GCLocker Initiated GC) [PSYoungGen: 133122K->63282K(175104K)] 468553K->399489K(699392K), 0.0059186 secs] [Times: user=0.07 sys=0.00, real=0.01 secs] 
2016-09-24T02:40:48.852-0400: 60.607: [GC (GCLocker Initiated GC) [PSYoungGen: 153906K->39259K(175104K)] 498315K->384442K(699392K), 0.0072686 secs] [Times: user=0.07 sys=0.01, real=0.01 secs] 
2016-09-24T02:40:48.920-0400: 60.675: [GC (GCLocker Initiated GC) [PSYoungGen: 129883K->54010K(171520K)] 484570K->409732K(695808K), 0.0058657 secs] [Times: user=0.07 sys=0.00, real=0.01 secs] 
2016-09-24T02:40:48.985-0400: 60.740: [GC (GCLocker Initiated GC) [PSYoungGen: 147194K->45612K(174592K)] 505757K->404983K(698880K), 0.0075928 secs] [Times: user=0.06 sys=0.00, real=0.00 secs] 
2016-09-24T02:40:49.048-0400: 60.803: [GC (GCLocker Initiated GC) [PSYoungGen: 138796K->59416K(178688K)] 503680K->444022K(702976K), 0.0073931 secs] [Times: user=0.10 sys=0.00, real=0.01 secs] 
2016-09-24T02:40:49.128-0400: 60.883: [GC (GCLocker Initiated GC) [PSYoungGen: 159768K->62056K(180224K)] 544456K->447574K(704512K), 0.0089690 secs] [Times: user=0.08 sys=0.00, real=0.01 secs] 
2016-09-24T02:40:49.205-0400: 60.960: [GC (GCLocker Initiated GC) [PSYoungGen: 162408K->45950K(180736K)] 554867K->460955K(705024K), 0.0059225 secs] [Times: user=0.07 sys=0.01, real=0.00 secs] 
2016-09-24T02:40:49.274-0400: 61.028: [GC (GCLocker Initiated GC) [PSYoungGen: 147838K->71568K(173568K)] 568347K->494363K(697856K), 0.0068605 secs] [Times: user=0.11 sys=0.00, real=0.01 secs] 
2016-09-24T02:40:49.351-0400: 61.105: [GC (GCLocker Initiated GC) [PSYoungGen: 173456K->43053K(179200K)] 604529K->480381K(703488K), 0.0147012 secs] [Times: user=0.17 sys=0.00, real=0.02 secs] 
2016-09-24T02:40:49.423-0400: 61.178: [GC (GCLocker Initiated GC) [PSYoungGen: 138797K->72792K(168960K)] 576281K->524731K(693248K), 0.0083828 secs] [Times: user=0.12 sys=0.00, real=0.00 secs] 
2016-09-24T02:40:49.490-0400: 61.245: [GC (GCLocker Initiated GC) [PSYoungGen: 168536K->70152K(175104K)] 620526K->525659K(699392K), 0.0070739 secs] [Times: user=0.08 sys=0.01, real=0.01 secs] 
2016-09-24T02:40:49.549-0400: 61.304: [GC (GCLocker Initiated GC) [PSYoungGen: 158216K->68774K(175104K)] 613898K->533307K(699392K), 0.0070612 secs] [Times: user=0.10 sys=0.00, real=0.01 secs] 
2016-09-24T02:40:49.618-0400: 61.372: [GC (GCLocker Initiated GC) [PSYoungGen: 156838K->33513K(175104K)] 628370K->516535K(699392K), 0.0088917 secs] [Times: user=0.08 sys=0.00, real=0.01 secs] 
2016-09-24T02:40:49.681-0400: 61.435: [GC (GCLocker Initiated GC) [PSYoungGen: 121577K->62025K(175104K)] 604762K->556852K(699392K), 0.0068084 secs] [Times: user=0.09 sys=0.00, real=0.01 secs] 
2016-09-24T02:40:49.747-0400: 61.502: [Full GC (Ergonomics) [PSYoungGen: 150089K->0K(175104K)] [ParOldGen: 500299K->332673K(524288K)] 650389K->332673K(699392K), [Metaspace: 43731K->43731K(1087488K)], 0.0598753 secs] [Times: user=0.46 sys=0.01, real=0.06 secs] 
2016-09-24T02:40:49.866-0400: 61.621: [GC (GCLocker Initiated GC) [PSYoungGen: 88064K->47495K(175104K)] 424899K->384330K(699392K), 0.0062405 secs] [Times: user=0.06 sys=0.00, real=0.00 secs] 
2016-09-24T02:40:49.928-0400: 61.682: [GC (GCLocker Initiated GC) [PSYoungGen: 135559K->64567K(175104K)] 475168K->421341K(699392K), 0.0074563 secs] [Times: user=0.08 sys=0.02, real=0.01 secs] 
2016-09-24T02:40:49.986-0400: 61.741: [GC (GCLocker Initiated GC) [PSYoungGen: 152631K->66046K(175104K)] 512162K->442454K(699392K), 0.0080261 secs] [Times: user=0.10 sys=0.00, real=0.01 secs] 
2016-09-24T02:40:50.052-0400: 61.806: [GC (GCLocker Initiated GC) [PSYoungGen: 154110K->57978K(146432K)] 536006K->467616K(670720K), 0.0088236 secs] [Times: user=0.11 sys=0.00, real=0.01 secs] 
2016-09-24T02:40:50.115-0400: 61.870: [GC (GCLocker Initiated GC) [PSYoungGen: 146042K->47051K(174592K)] 558439K->473674K(698880K), 0.0070162 secs] [Times: user=0.06 sys=0.01, real=0.01 secs] 
2016-09-24T02:40:50.188-0400: 61.943: [GC (GCLocker Initiated GC) [PSYoungGen: 136139K->38888K(173568K)] 567404K->470880K(697856K), 0.0076302 secs] [Times: user=0.05 sys=0.01, real=0.01 secs] 
2016-09-24T02:40:50.248-0400: 62.003: [GC (GCLocker Initiated GC) [PSYoungGen: 127976K->61839K(177152K)] 565381K->500045K(701440K), 0.0063422 secs] [Times: user=0.08 sys=0.00, real=0.01 secs] 
2016-09-24T02:40:50.320-0400: 62.075: [GC (GCLocker Initiated GC) [PSYoungGen: 154511K->66017K(158720K)] 598136K->510266K(683008K), 0.0064744 secs] [Times: user=0.09 sys=0.01, real=0.01 secs] 
2016-09-24T02:40:50.399-0400: 62.154: [GC (GCLocker Initiated GC) [PSYoungGen: 158689K->45929K(177664K)] 617926K->516647K(701952K), 0.0061577 secs] [Times: user=0.09 sys=0.00, real=0.01 secs] 
2016-09-24T02:40:50.477-0400: 62.231: [GC (GCLocker Initiated GC) [PSYoungGen: 138089K->71386K(163840K)] 608831K->543004K(688128K), 0.0063598 secs] [Times: user=0.08 sys=0.01, real=0.01 secs] 
2016-09-24T02:40:50.542-0400: 62.297: [GC (GCLocker Initiated GC) [PSYoungGen: 163546K->58048K(177152K)] 640610K->549366K(701440K), 0.0224242 secs] [Times: user=0.30 sys=0.00, real=0.03 secs] 
2016-09-24T02:40:50.635-0400: 62.390: [GC (GCLocker Initiated GC) [PSYoungGen: 148160K->67434K(175104K)] 642274K->562415K(699392K), 0.0088310 secs] [Times: user=0.13 sys=0.00, real=0.01 secs] 
2016-09-24T02:40:50.705-0400: 62.460: [Full GC (Ergonomics) [PSYoungGen: 157546K->0K(175104K)] [ParOldGen: 500551K->338867K(524288K)] 658098K->338867K(699392K), [Metaspace: 43731K->43731K(1087488K)], 0.0566445 secs] [Times: user=0.45 sys=0.01, real=0.05 secs] 
2016-09-24T02:40:50.824-0400: 62.579: [GC (GCLocker Initiated GC) [PSYoungGen: 90112K->36765K(174080K)] 434510K->381164K(698368K), 0.0058333 secs] [Times: user=0.06 sys=0.00, real=0.00 secs] 
2016-09-24T02:40:50.889-0400: 62.644: [GC (GCLocker Initiated GC) [PSYoungGen: 124829K->70100K(175104K)] 470830K->417486K(699392K), 0.0229003 secs] [Times: user=0.23 sys=0.01, real=0.02 secs] 
2016-09-24T02:40:50.964-0400: 62.719: [GC (GCLocker Initiated GC) [PSYoungGen: 158164K->49627K(175104K)] 505640K->414025K(699392K), 0.0303536 secs] [Times: user=0.39 sys=0.00, real=0.03 secs] 
2016-09-24T02:40:51.051-0400: 62.805: [GC (GCLocker Initiated GC) [PSYoungGen: 137691K->55252K(143360K)] 507575K->425795K(667648K), 0.0119058 secs] [Times: user=0.12 sys=0.00, real=0.02 secs] 
2016-09-24T02:40:51.117-0400: 62.872: [GC (GCLocker Initiated GC) [PSYoungGen: 143316K->36127K(172032K)] 517996K->425047K(696320K), 0.0095848 secs] [Times: user=0.09 sys=0.00, real=0.01 secs] 
2016-09-24T02:40:51.190-0400: 62.945: [GC (GCLocker Initiated GC) [PSYoungGen: 123679K->35994K(172544K)] 515404K->433882K(696832K), 0.0080807 secs] [Times: user=0.05 sys=0.02, real=0.01 secs] 
2016-09-24T02:40:51.253-0400: 63.007: [GC (GCLocker Initiated GC) [PSYoungGen: 123546K->57693K(175104K)] 521491K->456324K(699392K), 0.0098185 secs] [Times: user=0.08 sys=0.00, real=0.02 secs] 
2016-09-24T02:40:51.323-0400: 63.078: [GC (GCLocker Initiated GC) [PSYoungGen: 149853K->40211K(176128K)] 551212K->458474K(700416K), 0.0079612 secs] [Times: user=0.06 sys=0.01, real=0.00 secs] 
2016-09-24T02:40:51.402-0400: 63.157: [GC (Allocation Failure) [PSYoungGen: 132371K->39022K(176128K)] 565618K->473042K(700416K), 0.0059264 secs] [Times: user=0.05 sys=0.01, real=0.01 secs] 
2016-09-24T02:40:51.469-0400: 63.224: [GC (GCLocker Initiated GC) [PSYoungGen: 132295K->52363K(177152K)] 569015K->489953K(701440K), 0.0077943 secs] [Times: user=0.12 sys=0.00, real=0.01 secs] 
2016-09-24T02:40:51.544-0400: 63.299: [GC (GCLocker Initiated GC) [PSYoungGen: 147595K->66022K(176640K)] 585212K->504285K(700928K), 0.0067695 secs] [Times: user=0.09 sys=0.00, real=0.00 secs] 
2016-09-24T02:40:51.608-0400: 63.363: [GC (GCLocker Initiated GC) [PSYoungGen: 162790K->56639K(179200K)] 603803K->498379K(703488K), 0.0062989 secs] [Times: user=0.08 sys=0.01, real=0.01 secs] 
2016-09-24T02:40:51.683-0400: 63.438: [GC (GCLocker Initiated GC) [PSYoungGen: 153407K->67275K(176128K)] 595183K->509924K(700416K), 0.0080192 secs] [Times: user=0.10 sys=0.00, real=0.00 secs] 
2016-09-24T02:40:51.755-0400: 63.509: [GC (GCLocker Initiated GC) [PSYoungGen: 162507K->41917K(178688K)] 610637K->509752K(702976K), 0.0061047 secs] [Times: user=0.08 sys=0.00, real=0.00 secs] 
2016-09-24T02:40:51.835-0400: 63.590: [GC (GCLocker Initiated GC) [PSYoungGen: 137149K->60559K(177152K)] 605021K->529336K(701440K), 0.0057330 secs] [Times: user=0.06 sys=0.00, real=0.00 secs] 
2016-09-24T02:40:51.899-0400: 63.653: [GC (GCLocker Initiated GC) [PSYoungGen: 156303K->45972K(178176K)] 637382K->557541K(702464K), 0.0070703 secs] [Times: user=0.11 sys=0.00, real=0.01 secs] 
2016-09-24T02:40:51.906-0400: 63.661: [Full GC (Ergonomics) [PSYoungGen: 45972K->0K(178176K)] [ParOldGen: 511569K->309946K(524288K)] 557541K->309946K(702464K), [Metaspace: 43731K->43731K(1087488K)], 0.0835114 secs] [Times: user=0.86 sys=0.01, real=0.08 secs] 
2016-09-24T02:40:52.050-0400: 63.805: [GC (GCLocker Initiated GC) [PSYoungGen: 95744K->54227K(176128K)] 405829K->364313K(700416K), 0.0072788 secs] [Times: user=0.07 sys=0.01, real=0.01 secs] 
2016-09-24T02:40:52.130-0400: 63.885: [GC (GCLocker Initiated GC) [PSYoungGen: 153043K->35071K(177664K)] 471307K->365231K(701952K), 0.0085714 secs] [Times: user=0.10 sys=0.00, real=0.01 secs] 
2016-09-24T02:40:52.197-0400: 63.951: [GC (GCLocker Initiated GC) [PSYoungGen: 133887K->63455K(179712K)] 464166K->394655K(704000K), 0.0068196 secs] [Times: user=0.09 sys=0.00, real=0.01 secs] 
2016-09-24T02:40:52.271-0400: 64.025: [GC (GCLocker Initiated GC) [PSYoungGen: 163807K->51239K(152064K)] 500468K->388694K(676352K), 0.0064845 secs] [Times: user=0.08 sys=0.00, real=0.01 secs] 
2016-09-24T02:40:52.342-0400: 64.097: [GC (GCLocker Initiated GC) [PSYoungGen: 151591K->41794K(180736K)] 491880K->382924K(705024K), 0.0116718 secs] [Times: user=0.10 sys=0.00, real=0.00 secs] 
2016-09-24T02:40:52.422-0400: 64.177: [GC (GCLocker Initiated GC) [PSYoungGen: 144194K->52557K(180224K)] 485347K->408104K(704512K), 0.0139459 secs] [Times: user=0.19 sys=0.00, real=0.02 secs] 
2016-09-24T02:40:52.505-0400: 64.260: [GC (GCLocker Initiated GC) [PSYoungGen: 154957K->33405K(180224K)] 512399K->391545K(704512K), 0.0063138 secs] [Times: user=0.05 sys=0.00, real=0.00 secs] 
2016-09-24T02:40:52.570-0400: 64.325: [GC (GCLocker Initiated GC) [PSYoungGen: 138365K->59150K(181248K)] 496581K->418203K(705536K), 0.0071785 secs] [Times: user=0.06 sys=0.00, real=0.01 secs] 
2016-09-24T02:40:52.642-0400: 64.397: [GC (GCLocker Initiated GC) [PSYoungGen: 164110K->44457K(182784K)] 527263K->408358K(707072K), 0.0095690 secs] [Times: user=0.13 sys=0.00, real=0.00 secs] 
2016-09-24T02:40:52.717-0400: 64.472: [GC (GCLocker Initiated GC) [PSYoungGen: 153001K->59636K(183808K)] 531881K->439309K(708096K), 0.0068312 secs] [Times: user=0.09 sys=0.00, real=0.01 secs] 
2016-09-24T02:40:52.808-0400: 64.562: [GC (GCLocker Initiated GC) [PSYoungGen: 168180K->44428K(185856K)] 547976K->435992K(710144K), 0.0086813 secs] [Times: user=0.09 sys=0.00, real=0.01 secs] 
2016-09-24T02:40:52.884-0400: 64.639: [GC (GCLocker Initiated GC) [PSYoungGen: 155020K->47332K(158208K)] 553582K->460269K(682496K), 0.0059433 secs] [Times: user=0.07 sys=0.01, real=0.00 secs] 
2016-09-24T02:40:52.956-0400: 64.710: [GC (GCLocker Initiated GC) [PSYoungGen: 157924K->57999K(184320K)] 570874K->471837K(708608K), 0.0060849 secs] [Times: user=0.07 sys=0.00, real=0.00 secs] 
2016-09-24T02:40:53.037-0400: 64.792: [GC (GCLocker Initiated GC) [PSYoungGen: 169103K->44730K(184832K)] 591123K->481069K(709120K), 0.0119131 secs] [Times: user=0.12 sys=0.00, real=0.01 secs] 
2016-09-24T02:40:53.115-0400: 64.869: [GC (GCLocker Initiated GC) [PSYoungGen: 155834K->58077K(187392K)] 594936K->509037K(711680K), 0.0237654 secs] [Times: user=0.32 sys=0.00, real=0.02 secs] 
2016-09-24T02:40:53.228-0400: 64.982: [GC (GCLocker Initiated GC) [PSYoungGen: 172765K->43334K(187904K)] 629127K->514126K(712192K), 0.0469221 secs] [Times: user=0.52 sys=0.00, real=0.05 secs] 
2016-09-24T02:40:53.363-0400: 65.117: [GC (GCLocker Initiated GC) [PSYoungGen: 158022K->27032K(185856K)] 634861K->504962K(710144K), 0.0165968 secs] [Times: user=0.20 sys=0.01, real=0.01 secs] 
2016-09-24T02:40:53.441-0400: 65.196: [GC (GCLocker Initiated GC) [PSYoungGen: 140696K->60865K(174592K)] 618726K->540022K(698880K), 0.0071609 secs] [Times: user=0.07 sys=0.00, real=0.01 secs] 
2016-09-24T02:40:53.529-0400: 65.283: [GC (GCLocker Initiated GC) [PSYoungGen: 174529K->51331K(187904K)] 653703K->536994K(712192K), 0.0228127 secs] [Times: user=0.29 sys=0.01, real=0.02 secs] 
2016-09-24T02:40:53.623-0400: 65.378: [GC (GCLocker Initiated GC) [PSYoungGen: 162947K->43252K(155136K)] 656898K->538120K(679424K), 0.0084789 secs] [Times: user=0.10 sys=0.00, real=0.00 secs] 
2016-09-24T02:40:53.724-0400: 65.479: [GC (GCLocker Initiated GC) [PSYoungGen: 154868K->45904K(186880K)] 655206K->558116K(711168K), 0.0095256 secs] [Times: user=0.15 sys=0.00, real=0.00 secs] 
2016-09-24T02:40:53.734-0400: 65.489: [Full GC (Ergonomics) [PSYoungGen: 45904K->0K(186880K)] [ParOldGen: 512211K->322173K(524288K)] 558116K->322173K(711168K), [Metaspace: 43783K->43783K(1087488K)], 0.0567852 secs] [Times: user=0.48 sys=0.00, real=0.06 secs] 
2016-09-24T02:40:53.860-0400: 65.615: [GC (GCLocker Initiated GC) [PSYoungGen: 113664K->62823K(184832K)] 438714K->387873K(709120K), 0.0073583 secs] [Times: user=0.09 sys=0.00, real=0.01 secs] 
2016-09-24T02:40:53.967-0400: 65.721: [GC (GCLocker Initiated GC) [PSYoungGen: 176487K->48948K(188416K)] 509877K->389356K(712704K), 0.0136013 secs] [Times: user=0.18 sys=0.00, real=0.01 secs] 
2016-09-24T02:40:54.069-0400: 65.824: [GC (GCLocker Initiated GC) [PSYoungGen: 165172K->39485K(187904K)] 509886K->385377K(712192K), 0.0121562 secs] [Times: user=0.15 sys=0.00, real=0.01 secs] 
2016-09-24T02:40:54.169-0400: 65.924: [GC (GCLocker Initiated GC) [PSYoungGen: 155709K->46077K(186880K)] 504526K->396011K(711168K), 0.0097231 secs] [Times: user=0.10 sys=0.01, real=0.01 secs] 
2016-09-24T02:40:54.251-0400: 66.006: [GC (GCLocker Initiated GC) [PSYoungGen: 164861K->39244K(188416K)] 520385K->412088K(712704K), 0.0210857 secs] [Times: user=0.23 sys=0.00, real=0.02 secs] 
2016-09-24T02:40:54.368-0400: 66.123: [GC (GCLocker Initiated GC) [PSYoungGen: 158028K->41000K(189952K)] 543030K->440691K(714240K), 0.0103370 secs] [Times: user=0.10 sys=0.00, real=0.01 secs] 
2016-09-24T02:40:54.446-0400: 66.201: [GC (GCLocker Initiated GC) [PSYoungGen: 164392K->65117K(188928K)] 564224K->466279K(713216K), 0.0095881 secs] [Times: user=0.11 sys=0.00, real=0.01 secs] 
2016-09-24T02:40:54.543-0400: 66.298: [GC (GCLocker Initiated GC) [PSYoungGen: 188509K->55743K(188416K)] 589912K->477218K(712704K), 0.0066602 secs] [Times: user=0.09 sys=0.00, real=0.00 secs] 
2016-09-24T02:40:54.622-0400: 66.377: [GC (GCLocker Initiated GC) [PSYoungGen: 171455K->54141K(169984K)] 592981K->476913K(694272K), 0.0078779 secs] [Times: user=0.06 sys=0.01, real=0.00 secs] 
2016-09-24T02:40:54.716-0400: 66.470: [GC (Allocation Failure) [PSYoungGen: 169853K->31362K(187392K)] 602232K->464848K(711680K), 0.0084213 secs] [Times: user=0.08 sys=0.00, real=0.01 secs] 
2016-09-24T02:40:54.725-0400: 66.480: [GC (GCLocker Initiated GC) [PSYoungGen: 34989K->2956K(118272K)] 468475K->478404K(642560K), 0.0064346 secs] [Times: user=0.08 sys=0.00, real=0.00 secs] 
2016-09-24T02:40:54.821-0400: 66.575: [GC (GCLocker Initiated GC) [PSYoungGen: 117744K->50527K(184320K)] 595893K->528699K(708608K), 0.0063618 secs] [Times: user=0.08 sys=0.01, real=0.01 secs] 
2016-09-24T02:40:54.895-0400: 66.650: [GC (GCLocker Initiated GC) [PSYoungGen: 156511K->55508K(183808K)] 634725K->535170K(708096K), 0.0082780 secs] [Times: user=0.12 sys=0.00, real=0.01 secs] 
2016-09-24T02:40:54.979-0400: 66.734: [GC (GCLocker Initiated GC) [PSYoungGen: 161492K->50184K(181760K)] 645472K->535168K(706048K), 0.0092397 secs] [Times: user=0.11 sys=0.01, real=0.01 secs] 
2016-09-24T02:40:55.056-0400: 66.810: [Full GC (Ergonomics) [PSYoungGen: 156168K->0K(181760K)] [ParOldGen: 494667K->348252K(524288K)] 650835K->348252K(706048K), [Metaspace: 43783K->43783K(1087488K)], 0.0624632 secs] [Times: user=0.45 sys=0.01, real=0.06 secs] 
2016-09-24T02:40:55.199-0400: 66.954: [GC (GCLocker Initiated GC) [PSYoungGen: 105984K->43646K(182784K)] 461057K->398719K(707072K), 0.0070501 secs] [Times: user=0.06 sys=0.01, real=0.01 secs] 
2016-09-24T02:40:55.278-0400: 67.033: [GC (GCLocker Initiated GC) [PSYoungGen: 149630K->42181K(182784K)] 511477K->427072K(707072K), 0.0060373 secs] [Times: user=0.08 sys=0.00, real=0.01 secs] 
2016-09-24T02:40:55.353-0400: 67.107: [GC (GCLocker Initiated GC) [PSYoungGen: 153285K->71711K(183296K)] 540946K->465982K(707584K), 0.0095035 secs] [Times: user=0.10 sys=0.00, real=0.02 secs] 
2016-09-24T02:40:55.433-0400: 67.188: [GC (GCLocker Initiated GC) [PSYoungGen: 182815K->61080K(179200K)] 577130K->486158K(703488K), 0.0076604 secs] [Times: user=0.10 sys=0.01, real=0.01 secs] 
2016-09-24T02:40:55.508-0400: 67.263: [GC (GCLocker Initiated GC) [PSYoungGen: 161432K->63640K(164352K)] 586572K->506180K(688640K), 0.0080900 secs] [Times: user=0.11 sys=0.00, real=0.01 secs] 
2016-09-24T02:40:55.596-0400: 67.351: [GC (GCLocker Initiated GC) [PSYoungGen: 163992K->38100K(180224K)] 616387K->491563K(704512K), 0.0058745 secs] [Times: user=0.07 sys=0.00, real=0.00 secs] 
2016-09-24T02:40:55.659-0400: 67.414: [GC (GCLocker Initiated GC) [PSYoungGen: 135380K->64932K(162304K)] 594271K->525041K(686592K), 0.0061212 secs] [Times: user=0.08 sys=0.00, real=0.01 secs] 
2016-09-24T02:40:55.736-0400: 67.491: [GC (GCLocker Initiated GC) [PSYoungGen: 162212K->63400K(174592K)] 622391K->532690K(698880K), 0.0116541 secs] [Times: user=0.10 sys=0.00, real=0.01 secs] 
2016-09-24T02:40:55.816-0400: 67.571: [GC (GCLocker Initiated GC) [PSYoungGen: 153512K->36530K(176128K)] 629575K->535117K(700416K), 0.0060384 secs] [Times: user=0.08 sys=0.00, real=0.01 secs] 
2016-09-24T02:40:55.822-0400: 67.577: [Full GC (Ergonomics) [PSYoungGen: 36530K->0K(176128K)] [ParOldGen: 498586K->343717K(524288K)] 535117K->343717K(700416K), [Metaspace: 43799K->43799K(1087488K)], 0.0608009 secs] [Times: user=0.62 sys=0.01, real=0.06 secs] 
2016-09-24T02:40:55.939-0400: 67.693: [GC (GCLocker Initiated GC) [PSYoungGen: 90112K->51947K(170496K)] 440599K->402434K(694784K), 0.0093505 secs] [Times: user=0.14 sys=0.02, real=0.01 secs] 
2016-09-24T02:40:56.005-0400: 67.760: [GC (GCLocker Initiated GC) [PSYoungGen: 143083K->62081K(173568K)] 501725K->422288K(697856K), 0.0067292 secs] [Times: user=0.09 sys=0.00, real=0.00 secs] 
2016-09-24T02:40:56.086-0400: 67.841: [GC (GCLocker Initiated GC) [PSYoungGen: 153217K->50040K(174592K)] 520406K->434208K(698880K), 0.0066772 secs] [Times: user=0.10 sys=0.00, real=0.00 secs] 
2016-09-24T02:40:56.151-0400: 67.905: [GC (GCLocker Initiated GC) [PSYoungGen: 146296K->63605K(176640K)] 530580K->448849K(700928K), 0.0083148 secs] [Times: user=0.10 sys=0.00, real=0.01 secs] 
2016-09-24T02:40:56.230-0400: 67.985: [GC (GCLocker Initiated GC) [PSYoungGen: 159861K->54232K(178176K)] 548175K->446247K(702464K), 0.0068722 secs] [Times: user=0.07 sys=0.00, real=0.01 secs] 
2016-09-24T02:40:56.311-0400: 68.066: [GC (GCLocker Initiated GC) [PSYoungGen: 154072K->41981K(179200K)] 551492K->453957K(703488K), 0.0091675 secs] [Times: user=0.08 sys=0.00, real=0.01 secs] 
2016-09-24T02:40:56.383-0400: 68.137: [GC (GCLocker Initiated GC) [PSYoungGen: 141821K->63548K(180224K)] 553958K->476735K(704512K), 0.0072458 secs] [Times: user=0.07 sys=0.01, real=0.00 secs] 
2016-09-24T02:40:56.450-0400: 68.204: [GC (GCLocker Initiated GC) [PSYoungGen: 164924K->48474K(150016K)] 578169K->473583K(674304K), 0.0376323 secs] [Times: user=0.37 sys=0.00, real=0.04 secs] 
2016-09-24T02:40:56.568-0400: 68.323: [GC (GCLocker Initiated GC) [PSYoungGen: 149850K->44649K(182272K)] 575014K->487069K(706560K), 0.0118276 secs] [Times: user=0.12 sys=0.00, real=0.01 secs] 
2016-09-24T02:40:56.656-0400: 68.411: [GC (GCLocker Initiated GC) [PSYoungGen: 148585K->24549K(181248K)] 601043K->488960K(705536K), 0.0069907 secs] [Times: user=0.05 sys=0.00, real=0.01 secs] 
2016-09-24T02:40:56.740-0400: 68.495: [GC (GCLocker Initiated GC) [PSYoungGen: 128485K->44520K(182784K)] 595624K->512946K(707072K), 0.0303551 secs] [Times: user=0.31 sys=0.00, real=0.03 secs] 
2016-09-24T02:40:56.848-0400: 68.603: [GC (GCLocker Initiated GC) [PSYoungGen: 149992K->48846K(154624K)] 623850K->542692K(678912K), 0.0109593 secs] [Times: user=0.11 sys=0.01, real=0.01 secs] 
2016-09-24T02:40:56.859-0400: 68.614: [Full GC (Ergonomics) [PSYoungGen: 48846K->0K(154624K)] [ParOldGen: 493846K->363892K(524288K)] 542692K->363892K(678912K), [Metaspace: 43799K->43799K(1087488K)], 0.0917268 secs] [Times: user=0.80 sys=0.01, real=0.09 secs] 
2016-09-24T02:40:57.024-0400: 68.778: [GC (GCLocker Initiated GC) [PSYoungGen: 105472K->72411K(174592K)] 474808K->441748K(698880K), 0.0079621 secs] [Times: user=0.10 sys=0.00, real=0.00 secs] 
2016-09-24T02:40:57.107-0400: 68.861: [GC (GCLocker Initiated GC) [PSYoungGen: 172763K->60962K(161792K)] 544883K->434773K(686080K), 0.0064190 secs] [Times: user=0.09 sys=0.01, real=0.00 secs] 
2016-09-24T02:40:57.187-0400: 68.942: [GC (GCLocker Initiated GC) [PSYoungGen: 161314K->44865K(182272K)] 543943K->428544K(706560K), 0.0059573 secs] [Times: user=0.06 sys=0.01, real=0.00 secs] 
2016-09-24T02:40:57.265-0400: 69.019: [GC (GCLocker Initiated GC) [PSYoungGen: 145729K->66298K(167424K)] 532354K->454092K(691712K), 0.0063874 secs] [Times: user=0.09 sys=0.00, real=0.00 secs] 
2016-09-24T02:40:57.349-0400: 69.104: [GC (GCLocker Initiated GC) [PSYoungGen: 167162K->52908K(182784K)] 557689K->444313K(707072K), 0.0057551 secs] [Times: user=0.06 sys=0.00, real=0.01 secs] 
2016-09-24T02:40:57.422-0400: 69.177: [GC (GCLocker Initiated GC) [PSYoungGen: 153260K->47392K(147968K)] 548860K->446764K(672256K), 0.0117779 secs] [Times: user=0.10 sys=0.01, real=0.01 secs] 
2016-09-24T02:40:57.500-0400: 69.254: [GC (GCLocker Initiated GC) [PSYoungGen: 147744K->51494K(180736K)] 552642K->473708K(705024K), 0.0094534 secs] [Times: user=0.11 sys=0.00, real=0.01 secs] 
2016-09-24T02:40:57.579-0400: 69.334: [GC (GCLocker Initiated GC) [PSYoungGen: 154406K->43486K(178176K)] 583488K->495176K(702464K), 0.0071234 secs] [Times: user=0.09 sys=0.00, real=0.01 secs] 
2016-09-24T02:40:57.655-0400: 69.410: [GC (GCLocker Initiated GC) [PSYoungGen: 146398K->63703K(181760K)] 603541K->521970K(706048K), 0.0089306 secs] [Times: user=0.13 sys=0.00, real=0.01 secs] 
2016-09-24T02:40:57.740-0400: 69.494: [GC (GCLocker Initiated GC) [PSYoungGen: 170711K->66345K(173568K)] 629023K->525780K(697856K), 0.0103940 secs] [Times: user=0.16 sys=0.00, real=0.01 secs] 
2016-09-24T02:40:57.827-0400: 69.582: [GC (GCLocker Initiated GC) [PSYoungGen: 173353K->44802K(183296K)] 643618K->521555K(707584K), 0.0203186 secs] [Times: user=0.22 sys=0.00, real=0.02 secs] 
2016-09-24T02:40:57.915-0400: 69.670: [GC (GCLocker Initiated GC) [PSYoungGen: 148738K->56768K(160768K)] 625537K->534784K(685056K), 0.0148684 secs] [Times: user=0.17 sys=0.00, real=0.01 secs] 
2016-09-24T02:40:57.997-0400: 69.752: [GC (GCLocker Initiated GC) [PSYoungGen: 160704K->40630K(181248K)] 638801K->533286K(705536K), 0.0062866 secs] [Times: user=0.07 sys=0.00, real=0.01 secs] 
2016-09-24T02:40:58.065-0400: 69.820: [Full GC (Ergonomics) [PSYoungGen: 144566K->0K(181248K)] [ParOldGen: 499774K->376754K(524288K)] 644341K->376754K(705536K), [Metaspace: 43799K->43799K(1087488K)], 0.0590546 secs] [Times: user=0.39 sys=0.00, real=0.06 secs] 
2016-09-24T02:40:58.191-0400: 69.945: [GC (GCLocker Initiated GC) [PSYoungGen: 103936K->51706K(181248K)] 484744K->432515K(705536K), 0.0090691 secs] [Times: user=0.12 sys=0.00, real=0.01 secs] 
2016-09-24T02:40:58.273-0400: 70.028: [GC (Allocation Failure) [PSYoungGen: 155642K->45968K(183296K)] 543203K->434821K(707584K), 0.0053706 secs] [Times: user=0.05 sys=0.00, real=0.01 secs] 
2016-09-24T02:40:58.345-0400: 70.100: [GC (GCLocker Initiated GC) [PSYoungGen: 154428K->64981K(182272K)] 548681K->460244K(706560K), 0.0069283 secs] [Times: user=0.09 sys=0.00, real=0.00 secs] 
2016-09-24T02:40:58.437-0400: 70.192: [GC (GCLocker Initiated GC) [PSYoungGen: 173525K->70288K(177664K)] 568876K->466666K(701952K), 0.0117549 secs] [Times: user=0.16 sys=0.01, real=0.01 secs] 
2016-09-24T02:40:58.517-0400: 70.272: [GC (GCLocker Initiated GC) [PSYoungGen: 171664K->36341K(137728K)] 570849K->439184K(662016K), 0.0073782 secs] [Times: user=0.06 sys=0.01, real=0.01 secs] 
2016-09-24T02:40:58.585-0400: 70.340: [GC (GCLocker Initiated GC) [PSYoungGen: 137717K->48768K(183296K)] 544746K->456782K(707584K), 0.0050592 secs] [Times: user=0.06 sys=0.00, real=0.00 secs] 
2016-09-24T02:40:58.653-0400: 70.408: [GC (GCLocker Initiated GC) [PSYoungGen: 151168K->56703K(159232K)] 564821K->471341K(683520K), 0.0062936 secs] [Times: user=0.08 sys=0.00, real=0.01 secs] 
2016-09-24T02:40:58.721-0400: 70.475: [GC (GCLocker Initiated GC) [PSYoungGen: 159103K->75614K(172032K)] 575870K->495978K(696320K), 0.0072358 secs] [Times: user=0.11 sys=0.00, real=0.01 secs] 
2016-09-24T02:40:58.784-0400: 70.539: [GC (GCLocker Initiated GC) [PSYoungGen: 169822K->71537K(165888K)] 590262K->503676K(690176K), 0.0072088 secs] [Times: user=0.09 sys=0.01, real=0.00 secs] 
2016-09-24T02:40:58.861-0400: 70.616: [GC (GCLocker Initiated GC) [PSYoungGen: 165745K->63435K(175616K)] 600628K->509927K(699904K), 0.0076970 secs] [Times: user=0.10 sys=0.01, real=0.01 secs] 
2016-09-24T02:40:58.934-0400: 70.689: [GC (GCLocker Initiated GC) [PSYoungGen: 152011K->39040K(175104K)] 603986K->502638K(699392K), 0.0063247 secs] [Times: user=0.06 sys=0.01, real=0.01 secs] 
2016-09-24T02:40:59.006-0400: 70.761: [GC (GCLocker Initiated GC) [PSYoungGen: 127616K->53864K(169984K)] 591325K->534614K(694272K), 0.0068642 secs] [Times: user=0.08 sys=0.00, real=0.00 secs] 
2016-09-24T02:40:59.078-0400: 70.833: [GC (GCLocker Initiated GC) [PSYoungGen: 142440K->51289K(172544K)] 625982K->557221K(696832K), 0.0129284 secs] [Times: user=0.16 sys=0.00, real=0.01 secs] 
2016-09-24T02:40:59.092-0400: 70.846: [Full GC (Ergonomics) [PSYoungGen: 51289K->0K(172544K)] [ParOldGen: 505931K->386356K(524288K)] 557221K->386356K(696832K), [Metaspace: 43803K->43803K(1087488K)], 0.0616621 secs] [Times: user=0.43 sys=0.01, real=0.06 secs] 
2016-09-24T02:40:59.208-0400: 70.962: [GC (GCLocker Initiated GC) [PSYoungGen: 88576K->48998K(174592K)] 481752K->442175K(698880K), 0.0065954 secs] [Times: user=0.05 sys=0.00, real=0.01 secs] 
2016-09-24T02:40:59.279-0400: 71.034: [GC (GCLocker Initiated GC) [PSYoungGen: 145254K->47014K(176640K)] 538505K->469986K(700928K), 0.0105093 secs] [Times: user=0.14 sys=0.00, real=0.01 secs] 
2016-09-24T02:40:59.355-0400: 71.110: [GC (GCLocker Initiated GC) [PSYoungGen: 143270K->50166K(177152K)] 574478K->501083K(701440K), 0.0091540 secs] [Times: user=0.10 sys=0.00, real=0.01 secs] 
2016-09-24T02:40:59.433-0400: 71.187: [GC (GCLocker Initiated GC) [PSYoungGen: 153078K->58035K(179712K)] 607504K->513407K(704000K), 0.0061848 secs] [Times: user=0.07 sys=0.00, real=0.01 secs] 
2016-09-24T02:40:59.503-0400: 71.258: [GC (GCLocker Initiated GC) [PSYoungGen: 160947K->44311K(183808K)] 619077K->516779K(708096K), 0.0070928 secs] [Times: user=0.07 sys=0.00, real=0.00 secs] 
2016-09-24T02:40:59.588-0400: 71.343: [GC (GCLocker Initiated GC) [PSYoungGen: 153367K->51158K(184832K)] 628552K->527102K(709120K), 0.0151697 secs] [Times: user=0.22 sys=0.01, real=0.02 secs] 
2016-09-24T02:40:59.666-0400: 71.421: [GC (GCLocker Initiated GC) [PSYoungGen: 160214K->38943K(184832K)] 636287K->515745K(709120K), 0.0132162 secs] [Times: user=0.16 sys=0.01, real=0.01 secs] 
2016-09-24T02:40:59.748-0400: 71.503: [GC (GCLocker Initiated GC) [PSYoungGen: 150047K->39325K(185344K)] 633976K->534877K(709632K), 0.0069216 secs] [Times: user=0.08 sys=0.00, real=0.01 secs] 
2016-09-24T02:40:59.755-0400: 71.510: [Full GC (Ergonomics) [PSYoungGen: 39325K->0K(185344K)] [ParOldGen: 495551K->355291K(524288K)] 534877K->355291K(709632K), [Metaspace: 43803K->43803K(1087488K)], 0.0733188 secs] [Times: user=0.86 sys=0.00, real=0.07 secs] 
2016-09-24T02:40:59.905-0400: 71.660: [GC (GCLocker Initiated GC) [PSYoungGen: 111104K->48866K(183808K)] 477260K->415022K(708096K), 0.0060714 secs] [Times: user=0.09 sys=0.00, real=0.00 secs] 
2016-09-24T02:40:59.981-0400: 71.736: [GC (GCLocker Initiated GC) [PSYoungGen: 163042K->48706K(185856K)] 532023K->440391K(710144K), 0.0069100 secs] [Times: user=0.07 sys=0.00, real=0.01 secs] 
2016-09-24T02:41:00.067-0400: 71.821: [GC (GCLocker Initiated GC) [PSYoungGen: 162882K->49961K(186368K)] 556744K->444755K(710656K), 0.0055124 secs] [Times: user=0.07 sys=0.00, real=0.00 secs] 
2016-09-24T02:41:00.140-0400: 71.895: [GC (GCLocker Initiated GC) [PSYoungGen: 170793K->54048K(188416K)] 565608K->468684K(712704K), 0.0057908 secs] [Times: user=0.08 sys=0.01, real=0.01 secs] 
2016-09-24T02:41:00.218-0400: 71.973: [GC (GCLocker Initiated GC) [PSYoungGen: 174880K->43443K(193536K)] 596399K->465880K(717824K), 0.0137209 secs] [Times: user=0.14 sys=0.00, real=0.01 secs] 
2016-09-24T02:41:00.309-0400: 72.063: [GC (GCLocker Initiated GC) [PSYoungGen: 170419K->47327K(194048K)] 592907K->487120K(718336K), 0.0083012 secs] [Times: user=0.11 sys=0.00, real=0.01 secs] 
2016-09-24T02:41:00.394-0400: 72.148: [GC (GCLocker Initiated GC) [PSYoungGen: 174303K->59598K(191488K)] 618182K->507100K(715776K), 0.0059309 secs] [Times: user=0.09 sys=0.00, real=0.01 secs] 
2016-09-24T02:41:00.482-0400: 72.237: [GC (GCLocker Initiated GC) [PSYoungGen: 185550K->36669K(162816K)] 642798K->519270K(687104K), 0.0182415 secs] [Times: user=0.26 sys=0.00, real=0.02 secs] 
2016-09-24T02:41:00.603-0400: 72.358: [Full GC (Ergonomics) [PSYoungGen: 162621K->0K(162816K)] [ParOldGen: 489384K->359396K(524288K)] 652006K->359396K(687104K), [Metaspace: 43812K->43812K(1087488K)], 0.0695388 secs] [Times: user=0.57 sys=0.01, real=0.06 secs] 
2016-09-24T02:41:00.743-0400: 72.498: [GC (GCLocker Initiated GC) [PSYoungGen: 125952K->63790K(186368K)] 490785K->428623K(710656K), 0.0069800 secs] [Times: user=0.10 sys=0.00, real=0.00 secs] 
2016-09-24T02:41:00.824-0400: 72.578: [GC (GCLocker Initiated GC) [PSYoungGen: 181550K->60690K(178688K)] 546389K->434782K(702976K), 0.0070558 secs] [Times: user=0.10 sys=0.00, real=0.00 secs] 
2016-09-24T02:41:00.902-0400: 72.657: [GC (GCLocker Initiated GC) [PSYoungGen: 178450K->47251K(189952K)] 555355K->424982K(714240K), 0.0095954 secs] [Times: user=0.10 sys=0.00, real=0.01 secs] 
2016-09-24T02:41:00.980-0400: 72.735: [GC (GCLocker Initiated GC) [PSYoungGen: 163475K->40377K(188416K)] 541321K->432683K(712704K), 0.0253565 secs] [Times: user=0.25 sys=0.01, real=0.03 secs] 
2016-09-24T02:41:01.075-0400: 72.830: [GC (GCLocker Initiated GC) [PSYoungGen: 156601K->52712K(188416K)] 551721K->448755K(712704K), 0.0081164 secs] [Times: user=0.08 sys=0.00, real=0.01 secs] 
2016-09-24T02:41:01.159-0400: 72.913: [GC (GCLocker Initiated GC) [PSYoungGen: 170472K->63610K(188416K)] 569596K->463637K(712704K), 0.0138693 secs] [Times: user=0.18 sys=0.00, real=0.01 secs] 
2016-09-24T02:41:01.247-0400: 73.002: [GC (GCLocker Initiated GC) [PSYoungGen: 181370K->41812K(188928K)] 586902K->448326K(713216K), 0.0062538 secs] [Times: user=0.05 sys=0.00, real=0.00 secs] 
2016-09-24T02:41:01.318-0400: 73.073: [GC (GCLocker Initiated GC) [PSYoungGen: 157012K->62281K(177664K)] 566263K->472492K(701952K), 0.0081371 secs] [Times: user=0.07 sys=0.01, real=0.01 secs] 
2016-09-24T02:41:01.410-0400: 73.165: [GC (GCLocker Initiated GC) [PSYoungGen: 177481K->61054K(184832K)] 598539K->483139K(709120K), 0.0066828 secs] [Times: user=0.06 sys=0.01, real=0.01 secs] 
2016-09-24T02:41:01.487-0400: 73.241: [GC (GCLocker Initiated GC) [PSYoungGen: 170622K->67648K(177664K)] 595516K->512640K(701952K), 0.0107358 secs] [Times: user=0.16 sys=0.01, real=0.01 secs] 
2016-09-24T02:41:01.572-0400: 73.327: [GC (GCLocker Initiated GC) [PSYoungGen: 177216K->51359K(184832K)] 622231K->510844K(709120K), 0.0074412 secs] [Times: user=0.12 sys=0.00, real=0.01 secs] 
2016-09-24T02:41:01.645-0400: 73.400: [GC (GCLocker Initiated GC) [PSYoungGen: 156831K->58257K(163840K)] 620389K->522728K(688128K), 0.0060872 secs] [Times: user=0.09 sys=0.01, real=0.00 secs] 
2016-09-24T02:41:01.715-0400: 73.470: [GC (GCLocker Initiated GC) [PSYoungGen: 163729K->64922K(180736K)] 633632K->535909K(705024K), 0.0066451 secs] [Times: user=0.09 sys=0.01, real=0.00 secs] 
2016-09-24T02:41:01.797-0400: 73.552: [GC (GCLocker Initiated GC) [PSYoungGen: 168858K->59463K(182272K)] 642612K->547725K(706560K), 0.0079460 secs] [Times: user=0.11 sys=0.00, real=0.01 secs] 
2016-09-24T02:41:01.867-0400: 73.621: [GC (GCLocker Initiated GC) [PSYoungGen: 163399K->62317K(183296K)] 658076K->568936K(707584K), 0.0089151 secs] [Times: user=0.12 sys=0.01, real=0.01 secs] 
2016-09-24T02:41:01.876-0400: 73.630: [Full GC (Ergonomics) [PSYoungGen: 62317K->0K(183296K)] [ParOldGen: 506619K->379974K(524288K)] 568936K->379974K(707584K), [Metaspace: 43825K->43825K(1087488K)], 0.0736039 secs] [Times: user=0.58 sys=0.02, real=0.07 secs] 
2016-09-24T02:41:02.020-0400: 73.775: [GC (GCLocker Initiated GC) [PSYoungGen: 105984K->66779K(173056K)] 488684K->449487K(697344K), 0.0095700 secs] [Times: user=0.09 sys=0.00, real=0.01 secs] 
2016-09-24T02:41:02.107-0400: 73.862: [GC (GCLocker Initiated GC) [PSYoungGen: 172763K->55530K(184320K)] 555582K->458740K(708608K), 0.0079870 secs] [Times: user=0.08 sys=0.01, real=0.01 secs] 
2016-09-24T02:41:02.181-0400: 73.935: [GC (Allocation Failure) [PSYoungGen: 159978K->50384K(155136K)] 565993K->462880K(679424K), 0.0072358 secs] [Times: user=0.08 sys=0.01, real=0.01 secs] 
2016-09-24T02:41:02.189-0400: 73.943: [GC (GCLocker Initiated GC) [PSYoungGen: 50403K->384K(169984K)] 462899K->477743K(694272K), 0.0064847 secs] [Times: user=0.08 sys=0.01, real=0.01 secs] 
2016-09-24T02:41:02.195-0400: 73.950: [Full GC (Ergonomics) [PSYoungGen: 384K->0K(169984K)] [ParOldGen: 477359K->362263K(524288K)] 477743K->362263K(694272K), [Metaspace: 43832K->43832K(1087488K)], 0.0705293 secs] [Times: user=0.73 sys=0.00, real=0.07 secs] 
2016-09-24T02:41:02.329-0400: 74.083: [GC (GCLocker Initiated GC) [PSYoungGen: 93184K->72093K(165376K)] 455448K->434357K(689664K), 0.0073642 secs] [Times: user=0.11 sys=0.00, real=0.01 secs] 
2016-09-24T02:41:02.408-0400: 74.163: [GC (GCLocker Initiated GC) [PSYoungGen: 165277K->40771K(175104K)] 539773K->418046K(699392K), 0.0058970 secs] [Times: user=0.08 sys=0.01, real=0.00 secs] 
2016-09-24T02:41:02.470-0400: 74.224: [GC (GCLocker Initiated GC) [PSYoungGen: 128835K->54116K(142336K)] 510245K->450246K(666624K), 0.0076609 secs] [Times: user=0.10 sys=0.00, real=0.01 secs] 
2016-09-24T02:41:02.538-0400: 74.293: [GC (GCLocker Initiated GC) [PSYoungGen: 142180K->70100K(171008K)] 538413K->467311K(695296K), 0.0074317 secs] [Times: user=0.10 sys=0.00, real=0.01 secs] 
2016-09-24T02:41:02.611-0400: 74.365: [GC (GCLocker Initiated GC) [PSYoungGen: 156116K->29567K(173056K)] 557812K->442921K(697344K), 0.0083779 secs] [Times: user=0.05 sys=0.00, real=0.01 secs] 
2016-09-24T02:41:02.679-0400: 74.434: [GC (GCLocker Initiated GC) [PSYoungGen: 115583K->44695K(174080K)] 535864K->465801K(698368K), 0.0060537 secs] [Times: user=0.07 sys=0.00, real=0.01 secs] 
2016-09-24T02:41:02.745-0400: 74.500: [GC (GCLocker Initiated GC) [PSYoungGen: 132759K->46047K(134144K)] 561693K->485308K(658432K), 0.0098317 secs] [Times: user=0.13 sys=0.01, real=0.01 secs] 
2016-09-24T02:41:02.818-0400: 74.572: [GC (GCLocker Initiated GC) [PSYoungGen: 134111K->46037K(175616K)] 592332K->517385K(699904K), 0.0136741 secs] [Times: user=0.16 sys=0.00, real=0.01 secs] 
2016-09-24T02:41:02.889-0400: 74.644: [GC (GCLocker Initiated GC) [PSYoungGen: 138197K->59426K(173056K)] 609664K->545488K(697344K), 0.0130881 secs] [Times: user=0.15 sys=0.00, real=0.02 secs] 
2016-09-24T02:41:02.971-0400: 74.726: [GC (GCLocker Initiated GC) [PSYoungGen: 151586K->41966K(179712K)] 639038K->546595K(704000K), 0.0066779 secs] [Times: user=0.07 sys=0.00, real=0.01 secs] 
2016-09-24T02:41:02.978-0400: 74.732: [Full GC (Ergonomics) [PSYoungGen: 41966K->0K(179712K)] [ParOldGen: 504628K->363278K(524288K)] 546595K->363278K(704000K), [Metaspace: 43832K->43832K(1087488K)], 0.0522908 secs] [Times: user=0.48 sys=0.00, real=0.05 secs] 
2016-09-24T02:41:03.093-0400: 74.848: [GC (GCLocker Initiated GC) [PSYoungGen: 99328K->52138K(179200K)] 470941K->423751K(703488K), 0.0057992 secs] [Times: user=0.06 sys=0.00, real=0.01 secs] 
2016-09-24T02:41:03.161-0400: 74.916: [GC (GCLocker Initiated GC) [PSYoungGen: 151466K->63570K(177664K)] 523143K->447730K(701952K), 0.0094916 secs] [Times: user=0.12 sys=0.01, real=0.01 secs] 
2016-09-24T02:41:03.244-0400: 74.999: [GC (GCLocker Initiated GC) [PSYoungGen: 163410K->54212K(179712K)] 547692K->439467K(704000K), 0.0100337 secs] [Times: user=0.11 sys=0.00, real=0.00 secs] 
2016-09-24T02:41:03.316-0400: 75.071: [GC (GCLocker Initiated GC) [PSYoungGen: 154052K->43440K(178688K)] 547423K->454124K(702976K), 0.0151540 secs] [Times: user=0.16 sys=0.00, real=0.01 secs] 
2016-09-24T02:41:03.402-0400: 75.157: [GC (GCLocker Initiated GC) [PSYoungGen: 147376K->68970K(180736K)] 558213K->481061K(705024K), 0.0104046 secs] [Times: user=0.14 sys=0.00, real=0.01 secs] 
2016-09-24T02:41:03.485-0400: 75.239: [GC (GCLocker Initiated GC) [PSYoungGen: 172906K->36728K(181248K)] 587730K->482371K(705536K), 0.0105292 secs] [Times: user=0.14 sys=0.01, real=0.01 secs] 
2016-09-24T02:41:03.560-0400: 75.315: [GC (GCLocker Initiated GC) [PSYoungGen: 137080K->47524K(147968K)] 589488K->514588K(672256K), 0.0074559 secs] [Times: user=0.08 sys=0.02, real=0.01 secs] 
2016-09-24T02:41:03.629-0400: 75.384: [GC (GCLocker Initiated GC) [PSYoungGen: 147876K->66453K(176128K)] 619128K->538864K(700416K), 0.0180647 secs] [Times: user=0.27 sys=0.00, real=0.02 secs] 
2016-09-24T02:41:03.715-0400: 75.470: [GC (GCLocker Initiated GC) [PSYoungGen: 163733K->55475K(179200K)] 636260K->534631K(703488K), 0.0112398 secs] [Times: user=0.15 sys=0.01, real=0.01 secs] 
2016-09-24T02:41:03.791-0400: 75.546: [Full GC (Ergonomics) [PSYoungGen: 152755K->0K(179200K)] [ParOldGen: 491410K->384537K(524288K)] 644166K->384537K(703488K), [Metaspace: 43832K->43832K(1087488K)], 0.0688228 secs] [Times: user=0.54 sys=0.01, real=0.07 secs] 
2016-09-24T02:41:03.920-0400: 75.674: [GC (GCLocker Initiated GC) [PSYoungGen: 97280K->77542K(168960K)] 484549K->467512K(693248K), 0.0079659 secs] [Times: user=0.11 sys=0.00, real=0.01 secs] 
2016-09-24T02:41:03.987-0400: 75.742: [GC (GCLocker Initiated GC) [PSYoungGen: 166630K->72961K(162304K)] 556639K->475095K(686592K), 0.0129221 secs] [Times: user=0.18 sys=0.00, real=0.01 secs] 
2016-09-24T02:41:04.065-0400: 75.820: [GC (GCLocker Initiated GC) [PSYoungGen: 162049K->55412K(175104K)] 564253K->469347K(699392K), 0.0068534 secs] [Times: user=0.09 sys=0.00, real=0.00 secs] 
2016-09-24T02:41:04.121-0400: 75.876: [GC (GCLocker Initiated GC) [PSYoungGen: 143476K->52518K(140800K)] 559663K->480517K(665088K), 0.0066294 secs] [Times: user=0.07 sys=0.00, real=0.01 secs] 
2016-09-24T02:41:04.175-0400: 75.930: [GC (GCLocker Initiated GC) [PSYoungGen: 140582K->55283K(175104K)] 571291K->508394K(699392K), 0.0076226 secs] [Times: user=0.10 sys=0.00, real=0.01 secs] 
2016-09-24T02:41:04.235-0400: 75.989: [GC (GCLocker Initiated GC) [PSYoungGen: 145907K->70151K(172544K)] 599122K->524201K(696832K), 0.0078359 secs] [Times: user=0.11 sys=0.00, real=0.01 secs] 
2016-09-24T02:41:04.299-0400: 76.054: [GC (GCLocker Initiated GC) [PSYoungGen: 160775K->63561K(178176K)] 621639K->541486K(702464K), 0.0121360 secs] [Times: user=0.17 sys=0.00, real=0.01 secs] 
2016-09-24T02:41:04.378-0400: 76.133: [GC (GCLocker Initiated GC) [PSYoungGen: 157257K->62193K(156160K)] 638016K->552048K(680448K), 0.0074180 secs] [Times: user=0.11 sys=0.01, real=0.01 secs] 
2016-09-24T02:41:04.451-0400: 76.206: [GC (GCLocker Initiated GC) [PSYoungGen: 155889K->58107K(178688K)] 648558K->570560K(702976K), 0.0092409 secs] [Times: user=0.11 sys=0.00, real=0.01 secs] 
2016-09-24T02:41:04.461-0400: 76.216: [Full GC (Ergonomics) [PSYoungGen: 58107K->0K(178688K)] [ParOldGen: 512452K->390719K(524288K)] 570560K->390719K(702976K), [Metaspace: 43835K->43835K(1087488K)], 0.0562805 secs] [Times: user=0.54 sys=0.01, real=0.06 secs] 
2016-09-24T02:41:04.578-0400: 76.333: [GC (GCLocker Initiated GC) [PSYoungGen: 95744K->67693K(176640K)] 486573K->458522K(700928K), 0.0072998 secs] [Times: user=0.09 sys=0.00, real=0.01 secs] 
2016-09-24T02:41:04.643-0400: 76.398: [GC (GCLocker Initiated GC) [PSYoungGen: 163437K->62313K(180224K)] 557069K->478633K(704512K), 0.0082535 secs] [Times: user=0.12 sys=0.00, real=0.00 secs] 
2016-09-24T02:41:04.720-0400: 76.475: [GC (GCLocker Initiated GC) [PSYoungGen: 161641K->63450K(180224K)] 580763K->483630K(704512K), 0.0060834 secs] [Times: user=0.08 sys=0.01, real=0.01 secs] 
2016-09-24T02:41:04.786-0400: 76.541: [GC (GCLocker Initiated GC) [PSYoungGen: 162778K->50009K(180224K)] 588932K->495933K(704512K), 0.0068443 secs] [Times: user=0.08 sys=0.00, real=0.00 secs] 
2016-09-24T02:41:04.861-0400: 76.616: [GC (GCLocker Initiated GC) [PSYoungGen: 150361K->40238K(180224K)] 601735K->492508K(704512K), 0.0121934 secs] [Times: user=0.16 sys=0.00, real=0.01 secs] 
2016-09-24T02:41:04.947-0400: 76.702: [GC (GCLocker Initiated GC) [PSYoungGen: 140590K->44383K(181248K)] 596643K->514745K(705536K), 0.0101622 secs] [Times: user=0.16 sys=0.00, real=0.01 secs] 
2016-09-24T02:41:05.015-0400: 76.770: [GC (Allocation Failure) [PSYoungGen: 144735K->56539K(157184K)] 615218K->549421K(681472K), 0.0075489 secs] [Times: user=0.10 sys=0.01, real=0.01 secs] 
2016-09-24T02:41:05.023-0400: 76.778: [Full GC (Ergonomics) [PSYoungGen: 56539K->0K(157184K)] [ParOldGen: 492882K->386325K(524288K)] 549421K->386325K(681472K), [Metaspace: 43835K->43835K(1087488K)], 0.1965921 secs] [Times: user=2.74 sys=0.02, real=0.19 secs] 
2016-09-24T02:41:05.279-0400: 77.034: [GC (GCLocker Initiated GC) [PSYoungGen: 100352K->54194K(180224K)] 486745K->440588K(704512K), 0.0086502 secs] [Times: user=0.08 sys=0.00, real=0.01 secs] 
2016-09-24T02:41:05.347-0400: 77.102: [GC (GCLocker Initiated GC) [PSYoungGen: 156082K->68276K(178688K)] 542479K->454672K(702976K), 0.0069361 secs] [Times: user=0.09 sys=0.01, real=0.01 secs] 
2016-09-24T02:41:05.424-0400: 77.178: [GC (GCLocker Initiated GC) [PSYoungGen: 170164K->64932K(181760K)] 556605K->451373K(706048K), 0.0062244 secs] [Times: user=0.08 sys=0.00, real=0.00 secs] 
2016-09-24T02:41:05.490-0400: 77.244: [GC (GCLocker Initiated GC) [PSYoungGen: 167332K->67070K(169472K)] 556518K->456256K(693760K), 0.0109141 secs] [Times: user=0.15 sys=0.00, real=0.01 secs] 
2016-09-24T02:41:05.581-0400: 77.336: [GC (GCLocker Initiated GC) [PSYoungGen: 169470K->55873K(182784K)] 563393K->449796K(707072K), 0.0062456 secs] [Times: user=0.05 sys=0.02, real=0.01 secs] 
2016-09-24T02:41:05.649-0400: 77.404: [GC (Allocation Failure) [PSYoungGen: 157761K->76850K(179200K)] 552681K->471770K(703488K), 0.0069800 secs] [Times: user=0.09 sys=0.00, real=0.01 secs] 
2016-09-24T02:41:05.656-0400: 77.411: [GC (GCLocker Initiated GC) [PSYoungGen: 77124K->71418K(173056K)] 472044K->466338K(697344K), 0.0068383 secs] [Times: user=0.07 sys=0.00, real=0.01 secs] 
2016-09-24T02:41:05.717-0400: 77.471: [GC (GCLocker Initiated GC) [PSYoungGen: 160128K->78535K(168960K)] 557749K->479127K(693248K), 0.0078720 secs] [Times: user=0.12 sys=0.00, real=0.01 secs] 
2016-09-24T02:41:05.777-0400: 77.532: [GC (GCLocker Initiated GC) [PSYoungGen: 168647K->65561K(175104K)] 569264K->494785K(699392K), 0.0077266 secs] [Times: user=0.09 sys=0.00, real=0.01 secs] 
2016-09-24T02:41:05.844-0400: 77.598: [GC (GCLocker Initiated GC) [PSYoungGen: 153625K->72588K(175104K)] 582975K->517191K(699392K), 0.0078668 secs] [Times: user=0.12 sys=0.00, real=0.00 secs] 
2016-09-24T02:41:05.909-0400: 77.663: [GC (GCLocker Initiated GC) [PSYoungGen: 160652K->67284K(175104K)] 610806K->518155K(699392K), 0.0071132 secs] [Times: user=0.09 sys=0.01, real=0.01 secs] 
2016-09-24T02:41:05.970-0400: 77.725: [GC (GCLocker Initiated GC) [PSYoungGen: 155348K->55986K(175104K)] 608990K->535214K(699392K), 0.0091811 secs] [Times: user=0.10 sys=0.01, real=0.01 secs] 
2016-09-24T02:41:06.042-0400: 77.797: [Full GC (Ergonomics) [PSYoungGen: 144050K->0K(175104K)] [ParOldGen: 491477K->397561K(524288K)] 635528K->397561K(699392K), [Metaspace: 43835K->43835K(1087488K)], 0.0630861 secs] [Times: user=0.60 sys=0.01, real=0.06 secs] 
2016-09-24T02:41:06.161-0400: 77.915: [GC (GCLocker Initiated GC) [PSYoungGen: 88064K->56812K(172032K)] 491064K->459812K(696320K), 0.0100797 secs] [Times: user=0.13 sys=0.00, real=0.01 secs] 
2016-09-24T02:41:06.225-0400: 77.980: [GC (GCLocker Initiated GC) [PSYoungGen: 144876K->44406K(173568K)] 552575K->455755K(697856K), 0.0107516 secs] [Times: user=0.13 sys=0.00, real=0.01 secs] 
2016-09-24T02:41:06.290-0400: 78.045: [GC (GCLocker Initiated GC) [PSYoungGen: 132470K->64600K(175616K)] 543893K->479458K(699904K), 0.0075386 secs] [Times: user=0.10 sys=0.01, real=0.01 secs] 
2016-09-24T02:41:06.360-0400: 78.115: [GC (GCLocker Initiated GC) [PSYoungGen: 154712K->48455K(175616K)] 583301K->499346K(699904K), 0.0067924 secs] [Times: user=0.10 sys=0.00, real=0.01 secs] 
2016-09-24T02:41:06.428-0400: 78.183: [GC (GCLocker Initiated GC) [PSYoungGen: 138567K->60641K(171520K)] 596317K->519108K(695808K), 0.0075044 secs] [Times: user=0.10 sys=0.01, real=0.01 secs] 
2016-09-24T02:41:06.490-0400: 78.245: [GC (GCLocker Initiated GC) [PSYoungGen: 151777K->59325K(174080K)] 613047K->521339K(698368K), 0.0064216 secs] [Times: user=0.08 sys=0.00, real=0.01 secs] 
2016-09-24T02:41:06.555-0400: 78.310: [GC (GCLocker Initiated GC) [PSYoungGen: 150461K->53803K(176640K)] 615245K->519358K(700928K), 0.0065179 secs] [Times: user=0.06 sys=0.00, real=0.00 secs] 
2016-09-24T02:41:06.628-0400: 78.383: [GC (GCLocker Initiated GC) [PSYoungGen: 152107K->56714K(178176K)] 623186K->528530K(702464K), 0.0062622 secs] [Times: user=0.09 sys=0.00, real=0.01 secs] 
2016-09-24T02:41:06.710-0400: 78.465: [GC (GCLocker Initiated GC) [PSYoungGen: 155018K->53363K(180224K)] 629576K->527922K(704512K), 0.0103618 secs] [Times: user=0.13 sys=0.01, real=0.01 secs] 
2016-09-24T02:41:06.788-0400: 78.543: [GC (GCLocker Initiated GC) [PSYoungGen: 157299K->70420K(181248K)] 631875K->544995K(705536K), 0.0070589 secs] [Times: user=0.10 sys=0.00, real=0.01 secs] 
2016-09-24T02:41:06.866-0400: 78.621: [GC (GCLocker Initiated GC) [PSYoungGen: 174356K->63141K(182784K)] 659926K->548712K(707072K), 0.0064387 secs] [Times: user=0.09 sys=0.00, real=0.00 secs] 
2016-09-24T02:41:06.954-0400: 78.709: [GC (GCLocker Initiated GC) [PSYoungGen: 166053K->46086K(182272K)] 651720K->531753K(706560K), 0.0066845 secs] [Times: user=0.07 sys=0.00, real=0.01 secs] 
2016-09-24T02:41:07.034-0400: 78.789: [GC (GCLocker Initiated GC) [PSYoungGen: 148998K->79517K(171008K)] 634806K->584225K(695296K), 0.0118162 secs] [Times: user=0.13 sys=0.01, real=0.02 secs] 
2016-09-24T02:41:07.046-0400: 78.800: [Full GC (Ergonomics) [PSYoungGen: 79517K->0K(171008K)] [ParOldGen: 504707K->404099K(524288K)] 584225K->404099K(695296K), [Metaspace: 43835K->43835K(1087488K)], 0.0608937 secs] [Times: user=0.52 sys=0.01, real=0.06 secs] 
2016-09-24T02:41:07.168-0400: 78.923: [GC (GCLocker Initiated GC) [PSYoungGen: 91136K->35090K(126464K)] 498710K->442664K(650752K), 0.0064628 secs] [Times: user=0.06 sys=0.00, real=0.01 secs] 
2016-09-24T02:41:07.237-0400: 78.992: [GC (GCLocker Initiated GC) [PSYoungGen: 126226K->64394K(175616K)] 544631K->482799K(699904K), 0.0099112 secs] [Times: user=0.16 sys=0.00, real=0.01 secs] 
2016-09-24T02:41:07.304-0400: 79.059: [GC (GCLocker Initiated GC) [PSYoungGen: 152970K->58249K(146944K)] 574152K->479431K(671232K), 0.0074841 secs] [Times: user=0.09 sys=0.00, real=0.00 secs] 
2016-09-24T02:41:07.365-0400: 79.120: [GC (GCLocker Initiated GC) [PSYoungGen: 146825K->70979K(170496K)] 568140K->492293K(694784K), 0.0147682 secs] [Times: user=0.26 sys=0.00, real=0.01 secs] 
2016-09-24T02:41:07.442-0400: 79.197: [GC (GCLocker Initiated GC) [PSYoungGen: 157507K->85244K(172544K)] 584321K->525567K(696832K), 0.0085752 secs] [Times: user=0.13 sys=0.01, real=0.01 secs] 
2016-09-24T02:41:07.514-0400: 79.269: [GC (GCLocker Initiated GC) [PSYoungGen: 171772K->66857K(175104K)] 616848K->511933K(699392K), 0.0065593 secs] [Times: user=0.08 sys=0.00, real=0.00 secs] 
2016-09-24T02:41:07.572-0400: 79.327: [GC (GCLocker Initiated GC) [PSYoungGen: 154921K->76521K(175104K)] 600051K->526133K(699392K), 0.0091170 secs] [Times: user=0.09 sys=0.00, real=0.01 secs] 
2016-09-24T02:41:07.639-0400: 79.394: [GC (GCLocker Initiated GC) [PSYoungGen: 164585K->50166K(175104K)] 618307K->507828K(699392K), 0.0156227 secs] [Times: user=0.21 sys=0.00, real=0.02 secs] 
2016-09-24T02:41:07.714-0400: 79.468: [GC (GCLocker Initiated GC) [PSYoungGen: 138230K->56442K(175104K)] 598649K->539852K(699392K), 0.0077116 secs] [Times: user=0.10 sys=0.00, real=0.01 secs] 
2016-09-24T02:41:07.784-0400: 79.539: [GC (GCLocker Initiated GC) [PSYoungGen: 144506K->65432K(175104K)] 629349K->554276K(699392K), 0.0175581 secs] [Times: user=0.25 sys=0.00, real=0.01 secs] 
2016-09-24T02:41:07.867-0400: 79.622: [GC (GCLocker Initiated GC) [PSYoungGen: 153496K->48499K(175104K)] 647946K->544375K(699392K), 0.0110681 secs] [Times: user=0.15 sys=0.00, real=0.01 secs] 
2016-09-24T02:41:07.928-0400: 79.683: [GC (GCLocker Initiated GC) [PSYoungGen: 136563K->56596K(175104K)] 636626K->557500K(699392K), 0.0065503 secs] [Times: user=0.07 sys=0.01, real=0.01 secs] 
2016-09-24T02:41:07.995-0400: 79.750: [Full GC (Ergonomics) [PSYoungGen: 144660K->0K(175104K)] [ParOldGen: 503605K->415293K(524288K)] 648265K->415293K(699392K), [Metaspace: 43841K->43841K(1087488K)], 0.0720756 secs] [Times: user=0.69 sys=0.02, real=0.07 secs] 
2016-09-24T02:41:08.138-0400: 79.893: [GC (GCLocker Initiated GC) [PSYoungGen: 88064K->51638K(139776K)] 511537K->475112K(664064K), 0.0074029 secs] [Times: user=0.09 sys=0.00, real=0.01 secs] 
2016-09-24T02:41:08.196-0400: 79.950: [GC (GCLocker Initiated GC) [PSYoungGen: 139702K->64687K(174592K)] 564320K->493181K(698880K), 0.0077054 secs] [Times: user=0.13 sys=0.00, real=0.01 secs] 
2016-09-24T02:41:08.260-0400: 80.015: [GC (GCLocker Initiated GC) [PSYoungGen: 153263K->64664K(174080K)] 584572K->510205K(698368K), 0.0099698 secs] [Times: user=0.14 sys=0.00, real=0.01 secs] 
2016-09-24T02:41:08.331-0400: 80.085: [GC (GCLocker Initiated GC) [PSYoungGen: 153240K->51131K(175616K)] 598916K->516473K(699904K), 0.0066777 secs] [Times: user=0.07 sys=0.00, real=0.01 secs] 
2016-09-24T02:41:08.397-0400: 80.152: [GC (GCLocker Initiated GC) [PSYoungGen: 142267K->40102K(175104K)] 607917K->509168K(699392K), 0.0086003 secs] [Times: user=0.09 sys=0.00, real=0.01 secs] 
2016-09-24T02:41:08.466-0400: 80.221: [GC (GCLocker Initiated GC) [PSYoungGen: 131238K->30843K(174080K)] 609957K->540054K(698368K), 0.0267063 secs] [Times: user=0.33 sys=0.01, real=0.02 secs] 
2016-09-24T02:41:08.493-0400: 80.248: [Full GC (Ergonomics) [PSYoungGen: 30843K->0K(174080K)] [ParOldGen: 509210K->416852K(524288K)] 540054K->416852K(698368K), [Metaspace: 43841K->43841K(1087488K)], 0.0651245 secs] [Times: user=0.57 sys=0.00, real=0.07 secs] 
2016-09-24T02:41:08.616-0400: 80.371: [GC (GCLocker Initiated GC) [PSYoungGen: 89088K->59393K(175616K)] 508671K->478977K(699904K), 0.0068613 secs] [Times: user=0.09 sys=0.00, real=0.01 secs] 
2016-09-24T02:41:08.676-0400: 80.431: [GC (GCLocker Initiated GC) [PSYoungGen: 148481K->72749K(173056K)] 570836K->497349K(697344K), 0.0069086 secs] [Times: user=0.10 sys=0.00, real=0.01 secs] 
2016-09-24T02:41:08.739-0400: 80.493: [GC (GCLocker Initiated GC) [PSYoungGen: 160813K->38716K(175104K)] 590954K->488459K(699392K), 0.0112455 secs] [Times: user=0.09 sys=0.00, real=0.01 secs] 
2016-09-24T02:41:08.809-0400: 80.563: [GC (GCLocker Initiated GC) [PSYoungGen: 126780K->45506K(175104K)] 576662K->509540K(699392K), 0.0118045 secs] [Times: user=0.11 sys=0.00, real=0.01 secs] 
2016-09-24T02:41:08.888-0400: 80.643: [GC (GCLocker Initiated GC) [PSYoungGen: 133570K->30938K(175104K)] 604454K->513162K(699392K), 0.0285488 secs] [Times: user=0.42 sys=0.01, real=0.03 secs] 
2016-09-24T02:41:08.971-0400: 80.726: [GC (GCLocker Initiated GC) [PSYoungGen: 119002K->47070K(171008K)] 608140K->550507K(695296K), 0.0067341 secs] [Times: user=0.09 sys=0.01, real=0.01 secs] 
2016-09-24T02:41:08.978-0400: 80.733: [Full GC (Ergonomics) [PSYoungGen: 47070K->0K(171008K)] [ParOldGen: 503436K->417771K(524288K)] 550507K->417771K(695296K), [Metaspace: 43841K->43841K(1087488K)], 0.0607944 secs] [Times: user=0.55 sys=0.00, real=0.06 secs] 
2016-09-24T02:41:09.099-0400: 80.854: [GC (GCLocker Initiated GC) [PSYoungGen: 88064K->70220K(173056K)] 505871K->488027K(697344K), 0.0073237 secs] [Times: user=0.11 sys=0.00, real=0.01 secs] 
2016-09-24T02:41:09.158-0400: 80.912: [GC (GCLocker Initiated GC) [PSYoungGen: 158284K->63269K(175104K)] 578906K->484757K(699392K), 0.0069290 secs] [Times: user=0.10 sys=0.00, real=0.01 secs] 
2016-09-24T02:41:09.229-0400: 80.984: [GC (GCLocker Initiated GC) [PSYoungGen: 151333K->49811K(138240K)] 578295K->499110K(662528K), 0.0066394 secs] [Times: user=0.09 sys=0.00, real=0.01 secs] 
2016-09-24T02:41:09.289-0400: 81.043: [GC (GCLocker Initiated GC) [PSYoungGen: 137875K->52438K(176640K)] 596738K->522848K(700928K), 0.0115903 secs] [Times: user=0.14 sys=0.01, real=0.01 secs] 
2016-09-24T02:41:09.359-0400: 81.114: [GC (GCLocker Initiated GC) [PSYoungGen: 143062K->60615K(174080K)] 616213K->550768K(698368K), 0.0073380 secs] [Times: user=0.07 sys=0.00, real=0.01 secs] 
2016-09-24T02:41:09.424-0400: 81.179: [GC (GCLocker Initiated GC) [PSYoungGen: 151239K->63240K(175104K)] 641455K->554174K(699392K), 0.0077337 secs] [Times: user=0.11 sys=0.00, real=0.00 secs] 
2016-09-24T02:41:09.492-0400: 81.247: [Full GC (Ergonomics) [PSYoungGen: 155400K->0K(175104K)] [ParOldGen: 503296K->427616K(524288K)] 658697K->427616K(699392K), [Metaspace: 43841K->43841K(1087488K)], 0.0806871 secs] [Times: user=0.78 sys=0.02, real=0.08 secs] 
2016-09-24T02:41:09.623-0400: 81.378: [GC (GCLocker Initiated GC) [PSYoungGen: 92160K->79739K(172032K)] 522611K->510190K(696320K), 0.0080469 secs] [Times: user=0.11 sys=0.01, real=0.00 secs] 
2016-09-24T02:41:09.688-0400: 81.443: [GC (GCLocker Initiated GC) [PSYoungGen: 171899K->52596K(175104K)] 603822K->511073K(699392K), 0.0083030 secs] [Times: user=0.09 sys=0.00, real=0.01 secs] 
2016-09-24T02:41:09.748-0400: 81.503: [GC (GCLocker Initiated GC) [PSYoungGen: 140660K->81431K(175104K)] 599233K->540004K(699392K), 0.0106319 secs] [Times: user=0.15 sys=0.00, real=0.01 secs] 
2016-09-24T02:41:09.816-0400: 81.570: [GC (GCLocker Initiated GC) [PSYoungGen: 169495K->55166K(175104K)] 633668K->544964K(699392K), 0.0084188 secs] [Times: user=0.12 sys=0.00, real=0.01 secs] 
2016-09-24T02:41:09.824-0400: 81.579: [Full GC (Ergonomics) [PSYoungGen: 55166K->0K(175104K)] [ParOldGen: 489797K->427247K(524288K)] 544964K->427247K(699392K), [Metaspace: 43841K->43841K(1087488K)], 0.0569123 secs] [Times: user=0.59 sys=0.01, real=0.05 secs] 
2016-09-24T02:41:09.941-0400: 81.695: [GC (GCLocker Initiated GC) [PSYoungGen: 88064K->43307K(175104K)] 519504K->474748K(699392K), 0.0057333 secs] [Times: user=0.09 sys=0.00, real=0.01 secs] 
2016-09-24T02:41:10.002-0400: 81.757: [GC (GCLocker Initiated GC) [PSYoungGen: 131371K->57811K(175104K)] 566946K->495737K(699392K), 0.0065811 secs] [Times: user=0.09 sys=0.00, real=0.00 secs] 
2016-09-24T02:41:10.061-0400: 81.816: [GC (GCLocker Initiated GC) [PSYoungGen: 145875K->61102K(149504K)] 590193K->505419K(673792K), 0.0076085 secs] [Times: user=0.08 sys=0.00, real=0.01 secs] 
2016-09-24T02:41:10.119-0400: 81.874: [GC (GCLocker Initiated GC) [PSYoungGen: 149166K->76312K(172032K)] 596227K->523373K(696320K), 0.0118126 secs] [Times: user=0.11 sys=0.01, real=0.01 secs] 
2016-09-24T02:41:10.188-0400: 81.943: [GC (GCLocker Initiated GC) [PSYoungGen: 162840K->55735K(173568K)] 611451K->543368K(697856K), 0.0086565 secs] [Times: user=0.14 sys=0.00, real=0.01 secs] 
2016-09-24T02:41:10.197-0400: 81.952: [Full GC (Ergonomics) [PSYoungGen: 55735K->0K(173568K)] [ParOldGen: 487632K->424588K(524288K)] 543368K->424588K(697856K), [Metaspace: 43845K->43845K(1087488K)], 0.0652503 secs] [Times: user=0.65 sys=0.00, real=0.07 secs] 
2016-09-24T02:41:10.316-0400: 82.071: [GC (GCLocker Initiated GC) [PSYoungGen: 86528K->48393K(174080K)] 513906K->475771K(698368K), 0.0090182 secs] [Times: user=0.07 sys=0.00, real=0.01 secs] 
2016-09-24T02:41:10.391-0400: 82.146: [GC (GCLocker Initiated GC) [PSYoungGen: 136457K->58843K(146944K)] 571042K->493429K(671232K), 0.0067138 secs] [Times: user=0.08 sys=0.00, real=0.01 secs] 
2016-09-24T02:41:10.445-0400: 82.200: [GC (GCLocker Initiated GC) [PSYoungGen: 146907K->64682K(174080K)] 585547K->503322K(698368K), 0.0074718 secs] [Times: user=0.08 sys=0.00, real=0.00 secs] 
2016-09-24T02:41:10.513-0400: 82.268: [GC (GCLocker Initiated GC) [PSYoungGen: 154794K->81416K(173568K)] 593495K->522818K(697856K), 0.0099209 secs] [Times: user=0.13 sys=0.00, real=0.02 secs] 
2016-09-24T02:41:10.583-0400: 82.337: [GC (GCLocker Initiated GC) [PSYoungGen: 171528K->74525K(175104K)] 615688K->519516K(699392K), 0.0199700 secs] [Times: user=0.29 sys=0.00, real=0.02 secs] 
2016-09-24T02:41:10.668-0400: 82.422: [GC (Allocation Failure) [PSYoungGen: 162589K->65514K(175104K)] 613199K->522810K(699392K), 0.0088145 secs] [Times: user=0.06 sys=0.00, real=0.01 secs] 
2016-09-24T02:41:10.677-0400: 82.432: [GC (GCLocker Initiated GC) [PSYoungGen: 68443K->44271K(175104K)] 525739K->532532K(699392K), 0.0068624 secs] [Times: user=0.08 sys=0.00, real=0.01 secs] 
2016-09-24T02:41:10.685-0400: 82.439: [Full GC (Ergonomics) [PSYoungGen: 44271K->0K(175104K)] [ParOldGen: 488260K->415223K(524288K)] 532532K->415223K(699392K), [Metaspace: 43845K->43845K(1087488K)], 0.0826675 secs] [Times: user=0.79 sys=0.00, real=0.08 secs] 
2016-09-24T02:41:10.839-0400: 82.594: [GC (GCLocker Initiated GC) [PSYoungGen: 86659K->43180K(175104K)] 504583K->461104K(699392K), 0.0119532 secs] [Times: user=0.13 sys=0.00, real=0.01 secs] 
2016-09-24T02:41:10.910-0400: 82.665: [GC (GCLocker Initiated GC) [PSYoungGen: 131244K->65937K(175104K)] 552029K->489050K(699392K), 0.0144637 secs] [Times: user=0.20 sys=0.00, real=0.02 secs] 
2016-09-24T02:41:10.991-0400: 82.746: [GC (GCLocker Initiated GC) [PSYoungGen: 154001K->57845K(175104K)] 579825K->484302K(699392K), 0.0071272 secs] [Times: user=0.08 sys=0.00, real=0.01 secs] 
2016-09-24T02:41:11.060-0400: 82.815: [GC (GCLocker Initiated GC) [PSYoungGen: 145909K->53725K(172032K)] 577794K->486347K(696320K), 0.0059503 secs] [Times: user=0.07 sys=0.00, real=0.01 secs] 
2016-09-24T02:41:11.122-0400: 82.877: [GC (GCLocker Initiated GC) [PSYoungGen: 141789K->47015K(173568K)] 577158K->504643K(697856K), 0.0077879 secs] [Times: user=0.10 sys=0.00, real=0.00 secs] 
2016-09-24T02:41:11.188-0400: 82.943: [GC (GCLocker Initiated GC) [PSYoungGen: 135079K->63275K(175104K)] 594196K->523075K(699392K), 0.0061479 secs] [Times: user=0.09 sys=0.00, real=0.01 secs] 
2016-09-24T02:41:11.251-0400: 83.006: [GC (GCLocker Initiated GC) [PSYoungGen: 154923K->44239K(176128K)] 620335K->513014K(700416K), 0.0101556 secs] [Times: user=0.11 sys=0.00, real=0.01 secs] 
2016-09-24T02:41:11.316-0400: 83.071: [GC (GCLocker Initiated GC) [PSYoungGen: 135887K->57708K(173056K)] 604741K->543425K(697344K), 0.0088157 secs] [Times: user=0.10 sys=0.00, real=0.01 secs] 
2016-09-24T02:41:11.388-0400: 83.143: [Full GC (Ergonomics) [PSYoungGen: 151404K->0K(173056K)] [ParOldGen: 496667K->423330K(524288K)] 648071K->423330K(697344K), [Metaspace: 43845K->43845K(1087488K)], 0.0788205 secs] [Times: user=0.55 sys=0.01, real=0.08 secs] 
2016-09-24T02:41:11.533-0400: 83.287: [GC (GCLocker Initiated GC) [PSYoungGen: 93696K->51270K(175616K)] 524628K->482203K(699904K), 0.0106537 secs] [Times: user=0.10 sys=0.01, real=0.02 secs] 
2016-09-24T02:41:11.596-0400: 83.350: [GC (GCLocker Initiated GC) [PSYoungGen: 144966K->78874K(170496K)] 578609K->512517K(694784K), 0.0078557 secs] [Times: user=0.10 sys=0.01, real=0.01 secs] 
2016-09-24T02:41:11.662-0400: 83.417: [GC (GCLocker Initiated GC) [PSYoungGen: 168986K->56456K(176128K)] 609425K->496895K(700416K), 0.0055204 secs] [Times: user=0.07 sys=0.00, real=0.01 secs] 
2016-09-24T02:41:11.721-0400: 83.476: [GC (GCLocker Initiated GC) [PSYoungGen: 146568K->74744K(172032K)] 592483K->520659K(696320K), 0.0077192 secs] [Times: user=0.11 sys=0.00, real=0.01 secs] 
2016-09-24T02:41:11.780-0400: 83.535: [GC (GCLocker Initiated GC) [PSYoungGen: 162808K->84748K(175104K)] 608802K->540308K(699392K), 0.0082961 secs] [Times: user=0.11 sys=0.00, real=0.01 secs] 
2016-09-24T02:41:11.840-0400: 83.595: [GC (GCLocker Initiated GC) [PSYoungGen: 172812K->61073K(175104K)] 628469K->528777K(699392K), 0.0080038 secs] [Times: user=0.08 sys=0.00, real=0.01 secs] 
2016-09-24T02:41:11.903-0400: 83.657: [GC (GCLocker Initiated GC) [PSYoungGen: 149137K->62011K(175104K)] 616862K->566085K(699392K), 0.0086564 secs] [Times: user=0.11 sys=0.01, real=0.00 secs] 
2016-09-24T02:41:11.912-0400: 83.666: [Full GC (Ergonomics) [PSYoungGen: 62011K->0K(175104K)] [ParOldGen: 504073K->421810K(524288K)] 566085K->421810K(699392K), [Metaspace: 43850K->43850K(1087488K)], 0.0527527 secs] [Times: user=0.51 sys=0.00, real=0.06 secs] 
2016-09-24T02:41:12.025-0400: 83.780: [GC (GCLocker Initiated GC) [PSYoungGen: 88064K->73287K(175104K)] 515276K->500500K(699392K), 0.0074730 secs] [Times: user=0.11 sys=0.00, real=0.00 secs] 
2016-09-24T02:41:12.088-0400: 83.843: [GC (GCLocker Initiated GC) [PSYoungGen: 161351K->78216K(175104K)] 591412K->510823K(699392K), 0.0097580 secs] [Times: user=0.14 sys=0.00, real=0.01 secs] 
2016-09-24T02:41:12.167-0400: 83.921: [GC (GCLocker Initiated GC) [PSYoungGen: 166280K->49762K(175104K)] 606897K->491125K(699392K), 0.0060896 secs] [Times: user=0.04 sys=0.00, real=0.00 secs] 
2016-09-24T02:41:12.229-0400: 83.984: [GC (GCLocker Initiated GC) [PSYoungGen: 137826K->64613K(175104K)] 587316K->514857K(699392K), 0.0074139 secs] [Times: user=0.10 sys=0.00, real=0.01 secs] 
2016-09-24T02:41:12.295-0400: 84.050: [GC (GCLocker Initiated GC) [PSYoungGen: 152677K->40348K(175104K)] 612452K->517046K(699392K), 0.0060530 secs] [Times: user=0.08 sys=0.00, real=0.00 secs] 
2016-09-24T02:41:12.356-0400: 84.111: [GC (GCLocker Initiated GC) [PSYoungGen: 128412K->66001K(175104K)] 608033K->546329K(699392K), 0.0067110 secs] [Times: user=0.08 sys=0.01, real=0.01 secs] 
2016-09-24T02:41:12.417-0400: 84.172: [GC (GCLocker Initiated GC) [PSYoungGen: 154065K->52374K(175104K)] 645219K->554977K(699392K), 0.0099331 secs] [Times: user=0.13 sys=0.02, real=0.01 secs] 
2016-09-24T02:41:12.427-0400: 84.182: [Full GC (Ergonomics) [PSYoungGen: 52374K->0K(175104K)] [ParOldGen: 502602K->426272K(524288K)] 554977K->426272K(699392K), [Metaspace: 43853K->43853K(1087488K)], 0.0772901 secs] [Times: user=0.93 sys=0.01, real=0.08 secs] 
2016-09-24T02:41:12.567-0400: 84.322: [GC (GCLocker Initiated GC) [PSYoungGen: 88064K->75800K(175104K)] 514421K->502157K(699392K), 0.0101913 secs] [Times: user=0.16 sys=0.00, real=0.01 secs] 
2016-09-24T02:41:12.632-0400: 84.387: [GC (GCLocker Initiated GC) [PSYoungGen: 163864K->49642K(175104K)] 590336K->497372K(699392K), 0.0077275 secs] [Times: user=0.09 sys=0.01, real=0.01 secs] 
2016-09-24T02:41:12.693-0400: 84.448: [GC (Allocation Failure) [PSYoungGen: 137706K->49709K(175104K)] 590957K->526529K(699392K), 0.0069432 secs] [Times: user=0.09 sys=0.01, real=0.01 secs] 
2016-09-24T02:41:12.751-0400: 84.505: [GC (GCLocker Initiated GC) [PSYoungGen: 136882K->63327K(175104K)] 621802K->548876K(699392K), 0.0066062 secs] [Times: user=0.10 sys=0.00, real=0.01 secs] 
2016-09-24T02:41:12.812-0400: 84.567: [GC (GCLocker Initiated GC) [PSYoungGen: 151391K->71342K(175104K)] 639722K->560356K(699392K), 0.0144558 secs] [Times: user=0.20 sys=0.00, real=0.02 secs] 
2016-09-24T02:41:12.877-0400: 84.632: [Full GC (Ergonomics) [PSYoungGen: 159406K->0K(175104K)] [ParOldGen: 491805K->432264K(524288K)] 651212K->432264K(699392K), [Metaspace: 43853K->43853K(1087488K)], 0.0783139 secs] [Times: user=0.66 sys=0.01, real=0.08 secs] 
2016-09-24T02:41:13.020-0400: 84.774: [GC (GCLocker Initiated GC) [PSYoungGen: 88064K->72845K(175104K)] 520332K->505114K(699392K), 0.0112984 secs] [Times: user=0.15 sys=0.01, real=0.01 secs] 
2016-09-24T02:41:13.101-0400: 84.856: [GC (GCLocker Initiated GC) [PSYoungGen: 160909K->59158K(175104K)] 593187K->493568K(699392K), 0.0073534 secs] [Times: user=0.10 sys=0.00, real=0.01 secs] 
2016-09-24T02:41:13.169-0400: 84.924: [GC (GCLocker Initiated GC) [PSYoungGen: 147222K->60443K(174080K)] 581783K->495678K(698368K), 0.0078301 secs] [Times: user=0.07 sys=0.00, real=0.01 secs] 
2016-09-24T02:41:13.222-0400: 84.977: [GC (GCLocker Initiated GC) [PSYoungGen: 148507K->58289K(146432K)] 589340K->499121K(670720K), 0.0074967 secs] [Times: user=0.07 sys=0.00, real=0.00 secs] 
2016-09-24T02:41:13.289-0400: 85.044: [GC (GCLocker Initiated GC) [PSYoungGen: 146353K->65487K(174592K)] 589951K->509086K(698880K), 0.0070931 secs] [Times: user=0.09 sys=0.00, real=0.01 secs] 
2016-09-24T02:41:13.350-0400: 85.105: [GC (GCLocker Initiated GC) [PSYoungGen: 155599K->76899K(174080K)] 607330K->528630K(698368K), 0.0155444 secs] [Times: user=0.18 sys=0.00, real=0.02 secs] 
2016-09-24T02:41:13.422-0400: 85.177: [GC (GCLocker Initiated GC) [PSYoungGen: 167011K->69828K(175104K)] 618793K->522202K(699392K), 0.0189310 secs] [Times: user=0.19 sys=0.00, real=0.01 secs] 
2016-09-24T02:41:13.496-0400: 85.251: [GC (GCLocker Initiated GC) [PSYoungGen: 157892K->81856K(175104K)] 617422K->577559K(699392K), 0.0110237 secs] [Times: user=0.14 sys=0.00, real=0.01 secs] 
2016-09-24T02:41:13.507-0400: 85.262: [Full GC (Ergonomics) [PSYoungGen: 81856K->0K(175104K)] [ParOldGen: 495703K->433760K(524288K)] 577559K->433760K(699392K), [Metaspace: 43853K->43853K(1087488K)], 0.0675295 secs] [Times: user=0.73 sys=0.00, real=0.07 secs] 
2016-09-24T02:41:13.633-0400: 85.387: [GC (GCLocker Initiated GC) [PSYoungGen: 88064K->52430K(175104K)] 526049K->490416K(699392K), 0.0110701 secs] [Times: user=0.12 sys=0.00, real=0.02 secs] 
2016-09-24T02:41:13.699-0400: 85.454: [GC (GCLocker Initiated GC) [PSYoungGen: 140494K->35987K(175104K)] 586674K->512694K(699392K), 0.0077681 secs] [Times: user=0.08 sys=0.00, real=0.01 secs] 
2016-09-24T02:41:13.755-0400: 85.509: [GC (GCLocker Initiated GC) [PSYoungGen: 124051K->50998K(175104K)] 600842K->529713K(699392K), 0.0055768 secs] [Times: user=0.05 sys=0.00, real=0.00 secs] 
2016-09-24T02:41:13.817-0400: 85.572: [GC (GCLocker Initiated GC) [PSYoungGen: 139062K->49681K(175104K)] 622982K->547772K(699392K), 0.0085097 secs] [Times: user=0.12 sys=0.00, real=0.01 secs] 
2016-09-24T02:41:13.826-0400: 85.581: [Full GC (Ergonomics) [PSYoungGen: 49681K->0K(175104K)] [ParOldGen: 498090K->430280K(524288K)] 547772K->430280K(699392K), [Metaspace: 43853K->43853K(1087488K)], 0.0551516 secs] [Times: user=0.48 sys=0.02, real=0.05 secs] 
2016-09-24T02:41:13.926-0400: 85.681: [GC (GCLocker Initiated GC) [PSYoungGen: 88064K->67645K(175104K)] 518359K->497941K(699392K), 0.0069494 secs] [Times: user=0.09 sys=0.01, real=0.00 secs] 
2016-09-24T02:41:13.989-0400: 85.743: [GC (GCLocker Initiated GC) [PSYoungGen: 155709K->68680K(175104K)] 588842K->518957K(699392K), 0.0081013 secs] [Times: user=0.12 sys=0.00, real=0.01 secs] 
2016-09-24T02:41:14.053-0400: 85.808: [GC (GCLocker Initiated GC) [PSYoungGen: 156744K->56469K(175104K)] 613845K->514206K(699392K), 0.0072992 secs] [Times: user=0.06 sys=0.01, real=0.01 secs] 
2016-09-24T02:41:14.120-0400: 85.875: [GC (GCLocker Initiated GC) [PSYoungGen: 144533K->47149K(175104K)] 603626K->528593K(699392K), 0.0071542 secs] [Times: user=0.10 sys=0.00, real=0.01 secs] 
2016-09-24T02:41:14.177-0400: 85.931: [GC (GCLocker Initiated GC) [PSYoungGen: 135213K->61869K(173056K)] 616771K->544180K(697344K), 0.0080782 secs] [Times: user=0.08 sys=0.00, real=0.01 secs] 
2016-09-24T02:41:14.246-0400: 86.001: [GC (GCLocker Initiated GC) [PSYoungGen: 149933K->33966K(174080K)] 636356K->520389K(698368K), 0.0072833 secs] [Times: user=0.04 sys=0.01, real=0.00 secs] 
2016-09-24T02:41:14.305-0400: 86.060: [Full GC (Ergonomics) [PSYoungGen: 122030K->0K(174080K)] [ParOldGen: 491859K->423195K(524288K)] 613890K->423195K(698368K), [Metaspace: 43853K->43853K(1087488K)], 0.0824857 secs] [Times: user=0.78 sys=0.00, real=0.08 secs] 
2016-09-24T02:41:14.438-0400: 86.192: [GC (GCLocker Initiated GC) [PSYoungGen: 88064K->85268K(175104K)] 511327K->508532K(699392K), 0.0091108 secs] [Times: user=0.12 sys=0.01, real=0.01 secs] 
2016-09-24T02:41:14.501-0400: 86.256: [GC (GCLocker Initiated GC) [PSYoungGen: 173332K->70005K(175104K)] 596697K->507997K(699392K), 0.0118356 secs] [Times: user=0.15 sys=0.02, real=0.01 secs] 
2016-09-24T02:41:14.568-0400: 86.323: [GC (GCLocker Initiated GC) [PSYoungGen: 158069K->16027K(175104K)] 609590K->497978K(699392K), 0.0075370 secs] [Times: user=0.10 sys=0.00, real=0.01 secs] 
2016-09-24T02:41:14.627-0400: 86.382: [Full GC (Ergonomics) [PSYoungGen: 104091K->0K(175104K)] [ParOldGen: 490180K->428053K(524288K)] 594271K->428053K(699392K), [Metaspace: 43853K->43853K(1087488K)], 0.0648139 secs] [Times: user=0.69 sys=0.00, real=0.06 secs] 
2016-09-24T02:41:14.751-0400: 86.505: [GC (GCLocker Initiated GC) [PSYoungGen: 88064K->62227K(175104K)] 516119K->490282K(699392K), 0.0086287 secs] [Times: user=0.13 sys=0.00, real=0.01 secs] 
2016-09-24T02:41:14.816-0400: 86.571: [GC (GCLocker Initiated GC) [PSYoungGen: 150291K->53871K(175104K)] 587804K->492363K(699392K), 0.0102003 secs] [Times: user=0.13 sys=0.00, real=0.01 secs] 
2016-09-24T02:41:14.877-0400: 86.632: [GC (GCLocker Initiated GC) [PSYoungGen: 141935K->60427K(175104K)] 583185K->502426K(699392K), 0.0111183 secs] [Times: user=0.13 sys=0.00, real=0.01 secs] 
2016-09-24T02:41:14.947-0400: 86.702: [GC (GCLocker Initiated GC) [PSYoungGen: 148491K->53815K(175104K)] 593236K->512687K(699392K), 0.0121507 secs] [Times: user=0.17 sys=0.00, real=0.01 secs] 
2016-09-24T02:41:15.015-0400: 86.770: [GC (GCLocker Initiated GC) [PSYoungGen: 141879K->48341K(175104K)] 609063K->516328K(699392K), 0.0063592 secs] [Times: user=0.06 sys=0.00, real=0.00 secs] 
2016-09-24T02:41:15.078-0400: 86.833: [GC (GCLocker Initiated GC) [PSYoungGen: 136405K->63870K(175104K)] 604438K->531902K(699392K), 0.0063978 secs] [Times: user=0.07 sys=0.00, real=0.01 secs] 
2016-09-24T02:41:15.139-0400: 86.893: [GC (GCLocker Initiated GC) [PSYoungGen: 151934K->63074K(151552K)] 620050K->531190K(675840K), 0.0068272 secs] [Times: user=0.10 sys=0.00, real=0.01 secs] 
2016-09-24T02:41:15.199-0400: 86.953: [GC (GCLocker Initiated GC) [PSYoungGen: 151138K->35160K(174080K)] 622140K->506162K(698368K), 0.0068437 secs] [Times: user=0.05 sys=0.00, real=0.01 secs] 
2016-09-24T02:41:15.268-0400: 87.023: [GC (GCLocker Initiated GC) [PSYoungGen: 122712K->68374K(174592K)] 597847K->543509K(698880K), 0.0099072 secs] [Times: user=0.15 sys=0.00, real=0.01 secs] 
2016-09-24T02:41:15.336-0400: 87.091: [GC (GCLocker Initiated GC) [PSYoungGen: 155926K->65187K(175104K)] 633766K->560475K(699392K), 0.0074079 secs] [Times: user=0.11 sys=0.00, real=0.01 secs] 
2016-09-24T02:41:15.344-0400: 87.098: [Full GC (Ergonomics) [PSYoungGen: 65187K->0K(175104K)] [ParOldGen: 495288K->428935K(524288K)] 560475K->428935K(699392K), [Metaspace: 43853K->43853K(1087488K)], 0.0715138 secs] [Times: user=0.63 sys=0.01, real=0.07 secs] 
2016-09-24T02:41:15.489-0400: 87.243: [GC (GCLocker Initiated GC) [PSYoungGen: 88064K->33239K(175104K)] 536123K->481298K(699392K), 0.0069357 secs] [Times: user=0.10 sys=0.00, real=0.01 secs] 
2016-09-24T02:41:15.555-0400: 87.309: [GC (GCLocker Initiated GC) [PSYoungGen: 121303K->68868K(175104K)] 572144K->519710K(699392K), 0.0065809 secs] [Times: user=0.09 sys=0.00, real=0.00 secs] 
2016-09-24T02:41:15.618-0400: 87.372: [GC (GCLocker Initiated GC) [PSYoungGen: 156932K->57947K(175104K)] 607808K->521821K(699392K), 0.0092609 secs] [Times: user=0.10 sys=0.01, real=0.01 secs] 
2016-09-24T02:41:15.686-0400: 87.440: [GC (GCLocker Initiated GC) [PSYoungGen: 146011K->43214K(175104K)] 612645K->537655K(699392K), 0.0068339 secs] [Times: user=0.08 sys=0.01, real=0.00 secs] 
2016-09-24T02:41:15.693-0400: 87.447: [Full GC (Ergonomics) [PSYoungGen: 43214K->0K(175104K)] [ParOldGen: 494441K->431783K(524288K)] 537655K->431783K(699392K), [Metaspace: 43853K->43853K(1087488K)], 0.0723660 secs] [Times: user=0.86 sys=0.00, real=0.08 secs] 
2016-09-24T02:41:15.821-0400: 87.576: [GC (GCLocker Initiated GC) [PSYoungGen: 88064K->46163K(134656K)] 522566K->480665K(658944K), 0.0083332 secs] [Times: user=0.07 sys=0.00, real=0.01 secs] 
2016-09-24T02:41:15.883-0400: 87.638: [GC (GCLocker Initiated GC) [PSYoungGen: 134227K->64528K(173568K)] 568749K->499049K(697856K), 0.0104196 secs] [Times: user=0.15 sys=0.00, real=0.00 secs] 
2016-09-24T02:41:15.950-0400: 87.705: [GC (GCLocker Initiated GC) [PSYoungGen: 152080K->55860K(143872K)] 594816K->498596K(668160K), 0.0069566 secs] [Times: user=0.09 sys=0.00, real=0.01 secs] 
2016-09-24T02:41:16.031-0400: 87.786: [GC (GCLocker Initiated GC) [PSYoungGen: 143412K->33727K(173056K)] 602409K->492724K(697344K), 0.0074399 secs] [Times: user=0.07 sys=0.01, real=0.01 secs] 
2016-09-24T02:41:16.096-0400: 87.851: [GC (GCLocker Initiated GC) [PSYoungGen: 122815K->68171K(173568K)] 587453K->532809K(697856K), 0.0073166 secs] [Times: user=0.11 sys=0.00, real=0.01 secs] 
2016-09-24T02:41:16.161-0400: 87.916: [GC (GCLocker Initiated GC) [PSYoungGen: 157259K->73031K(175104K)] 624634K->540406K(699392K), 0.0070084 secs] [Times: user=0.11 sys=0.00, real=0.01 secs] 
2016-09-24T02:41:16.235-0400: 87.990: [GC (GCLocker Initiated GC) [PSYoungGen: 161095K->60999K(175104K)] 635295K->537122K(699392K), 0.0096681 secs] [Times: user=0.10 sys=0.00, real=0.01 secs] 
2016-09-24T02:41:16.302-0400: 88.057: [GC (GCLocker Initiated GC) [PSYoungGen: 149063K->56001K(173056K)] 625376K->534009K(697344K), 0.0135638 secs] [Times: user=0.15 sys=0.00, real=0.01 secs] 
2016-09-24T02:41:16.372-0400: 88.127: [GC (GCLocker Initiated GC) [PSYoungGen: 144065K->84061K(174080K)] 624848K->564844K(698368K), 0.0075488 secs] [Times: user=0.08 sys=0.00, real=0.01 secs] 
2016-09-24T02:41:16.433-0400: 88.187: [GC (GCLocker Initiated GC) [PSYoungGen: 172125K->75074K(175104K)] 652997K->570959K(699392K), 0.0078772 secs] [Times: user=0.10 sys=0.00, real=0.01 secs] 
2016-09-24T02:41:16.502-0400: 88.257: [GC (GCLocker Initiated GC) [PSYoungGen: 163138K->54238K(175104K)] 661785K->567974K(699392K), 0.0071142 secs] [Times: user=0.08 sys=0.01, real=0.00 secs] 
2016-09-24T02:41:16.510-0400: 88.264: [Full GC (Ergonomics) [PSYoungGen: 54238K->0K(175104K)] [ParOldGen: 513736K->408713K(524288K)] 567974K->408713K(699392K), [Metaspace: 43853K->43853K(1087488K)], 0.0711964 secs] [Times: user=0.73 sys=0.00, real=0.07 secs] 
2016-09-24T02:41:16.654-0400: 88.409: [GC (GCLocker Initiated GC) [PSYoungGen: 88064K->46126K(175104K)] 496878K->454940K(699392K), 0.0097639 secs] [Times: user=0.10 sys=0.01, real=0.02 secs] 
2016-09-24T02:41:16.721-0400: 88.476: [GC (GCLocker Initiated GC) [PSYoungGen: 134190K->64811K(175104K)] 543053K->477735K(699392K), 0.0067319 secs] [Times: user=0.08 sys=0.01, real=0.01 secs] 
2016-09-24T02:41:16.789-0400: 88.543: [GC (GCLocker Initiated GC) [PSYoungGen: 152875K->49937K(175104K)] 570146K->486980K(699392K), 0.0101971 secs] [Times: user=0.15 sys=0.00, real=0.01 secs] 
2016-09-24T02:41:16.870-0400: 88.624: [GC (GCLocker Initiated GC) [PSYoungGen: 138001K->48759K(175104K)] 576448K->488103K(699392K), 0.0102772 secs] [Times: user=0.12 sys=0.00, real=0.01 secs] 
2016-09-24T02:41:16.937-0400: 88.692: [GC (GCLocker Initiated GC) [PSYoungGen: 136823K->31050K(175104K)] 592671K->504122K(699392K), 0.0067807 secs] [Times: user=0.10 sys=0.00, real=0.01 secs] 
2016-09-24T02:41:17.002-0400: 88.757: [GC (GCLocker Initiated GC) [PSYoungGen: 119114K->76804K(175104K)] 595006K->553517K(699392K), 0.0132234 secs] [Times: user=0.17 sys=0.00, real=0.01 secs] 
2016-09-24T02:41:17.070-0400: 88.825: [GC (GCLocker Initiated GC) [PSYoungGen: 164868K->48337K(175104K)] 641734K->539340K(699392K), 0.0126778 secs] [Times: user=0.14 sys=0.00, real=0.02 secs] 
2016-09-24T02:41:17.139-0400: 88.894: [GC (GCLocker Initiated GC) [PSYoungGen: 136401K->66010K(175104K)] 628817K->559201K(699392K), 0.0068377 secs] [Times: user=0.10 sys=0.00, real=0.01 secs] 
2016-09-24T02:41:17.217-0400: 88.972: [Full GC (Ergonomics) [PSYoungGen: 154074K->0K(175104K)] [ParOldGen: 509467K->416172K(524288K)] 663542K->416172K(699392K), [Metaspace: 43854K->43854K(1087488K)], 0.1158462 secs] [Times: user=1.36 sys=0.03, real=0.11 secs] 
2016-09-24T02:41:17.385-0400: 89.140: [GC (GCLocker Initiated GC) [PSYoungGen: 88064K->67634K(175104K)] 504280K->483851K(699392K), 0.0110497 secs] [Times: user=0.16 sys=0.01, real=0.01 secs] 
2016-09-24T02:41:17.454-0400: 89.209: [GC (GCLocker Initiated GC) [PSYoungGen: 155698K->70202K(175104K)] 576065K->494345K(699392K), 0.0074219 secs] [Times: user=0.11 sys=0.00, real=0.00 secs] 
2016-09-24T02:41:17.529-0400: 89.284: [GC (GCLocker Initiated GC) [PSYoungGen: 158266K->51234K(175104K)] 585252K->495292K(699392K), 0.0063901 secs] [Times: user=0.08 sys=0.01, real=0.01 secs] 
2016-09-24T02:41:17.602-0400: 89.357: [GC (GCLocker Initiated GC) [PSYoungGen: 139298K->26922K(175104K)] 590143K->492104K(699392K), 0.0064447 secs] [Times: user=0.06 sys=0.00, real=0.01 secs] 
2016-09-24T02:41:17.666-0400: 89.421: [GC (GCLocker Initiated GC) [PSYoungGen: 114986K->52622K(175104K)] 583638K->522242K(699392K), 0.0059343 secs] [Times: user=0.08 sys=0.00, real=0.00 secs] 
2016-09-24T02:41:17.740-0400: 89.495: [GC (GCLocker Initiated GC) [PSYoungGen: 140686K->43076K(175104K)] 620051K->523290K(699392K), 0.0077519 secs] [Times: user=0.10 sys=0.00, real=0.01 secs] 
2016-09-24T02:41:17.813-0400: 89.567: [GC (GCLocker Initiated GC) [PSYoungGen: 131140K->56698K(174080K)] 616785K->545860K(698368K), 0.0066067 secs] [Times: user=0.10 sys=0.00, real=0.01 secs] 
2016-09-24T02:41:17.879-0400: 89.633: [GC (GCLocker Initiated GC) [PSYoungGen: 144762K->57475K(145920K)] 639373K->552086K(670208K), 0.0066813 secs] [Times: user=0.08 sys=0.00, real=0.01 secs] 
2016-09-24T02:41:17.949-0400: 89.704: [GC (GCLocker Initiated GC) [PSYoungGen: 145539K->72938K(171520K)] 640923K->568323K(695808K), 0.0092324 secs] [Times: user=0.13 sys=0.01, real=0.01 secs] 
2016-09-24T02:41:18.010-0400: 89.764: [GC (GCLocker Initiated GC) [PSYoungGen: 159978K->72172K(174080K)] 658157K->578638K(698368K), 0.0077159 secs] [Times: user=0.11 sys=0.01, real=0.01 secs] 
2016-09-24T02:41:18.017-0400: 89.772: [Full GC (Ergonomics) [PSYoungGen: 72172K->0K(174080K)] [ParOldGen: 506466K->418455K(524288K)] 578638K->418455K(698368K), [Metaspace: 43859K->43859K(1087488K)], 0.0683757 secs] [Times: user=0.71 sys=0.00, real=0.07 secs] 
2016-09-24T02:41:18.141-0400: 89.896: [GC (GCLocker Initiated GC) [PSYoungGen: 87040K->42288K(175104K)] 510993K->466241K(699392K), 0.0067926 secs] [Times: user=0.05 sys=0.00, real=0.01 secs] 
2016-09-24T02:41:18.213-0400: 89.968: [GC (GCLocker Initiated GC) [PSYoungGen: 130352K->45797K(175104K)] 558514K->476681K(699392K), 0.0152684 secs] [Times: user=0.18 sys=0.01, real=0.02 secs] 
2016-09-24T02:41:18.292-0400: 90.046: [GC (GCLocker Initiated GC) [PSYoungGen: 133861K->40152K(175104K)] 567519K->474719K(699392K), 0.0121349 secs] [Times: user=0.12 sys=0.00, real=0.02 secs] 
2016-09-24T02:41:18.362-0400: 90.117: [GC (GCLocker Initiated GC) [PSYoungGen: 128216K->57919K(146432K)] 563018K->504267K(670720K), 0.0201475 secs] [Times: user=0.28 sys=0.01, real=0.02 secs] 
2016-09-24T02:41:18.441-0400: 90.195: [GC (GCLocker Initiated GC) [PSYoungGen: 145983K->33499K(173568K)] 604639K->511744K(697856K), 0.0081960 secs] [Times: user=0.06 sys=0.02, real=0.01 secs] 
2016-09-24T02:41:18.503-0400: 90.258: [GC (GCLocker Initiated GC) [PSYoungGen: 121051K->59140K(174080K)] 599370K->551666K(698368K), 0.0073432 secs] [Times: user=0.10 sys=0.00, real=0.00 secs] 
2016-09-24T02:41:18.575-0400: 90.330: [Full GC (Ergonomics) [PSYoungGen: 146692K->0K(174080K)] [ParOldGen: 499418K->423234K(524288K)] 646110K->423234K(698368K), [Metaspace: 43859K->43859K(1087488K)], 0.0623098 secs] [Times: user=0.42 sys=0.01, real=0.06 secs] 
2016-09-24T02:41:18.701-0400: 90.456: [GC (GCLocker Initiated GC) [PSYoungGen: 87552K->69146K(173568K)] 510815K->492409K(697856K), 0.0077657 secs] [Times: user=0.10 sys=0.01, real=0.01 secs] 
2016-09-24T02:41:18.769-0400: 90.523: [GC (GCLocker Initiated GC) [PSYoungGen: 157210K->25552K(175104K)] 589960K->470258K(699392K), 0.0077230 secs] [Times: user=0.07 sys=0.00, real=0.01 secs] 
2016-09-24T02:41:18.834-0400: 90.588: [GC (GCLocker Initiated GC) [PSYoungGen: 113616K->57822K(175104K)] 558430K->519792K(699392K), 0.0174080 secs] [Times: user=0.25 sys=0.00, real=0.02 secs] 
2016-09-24T02:41:18.921-0400: 90.676: [GC (GCLocker Initiated GC) [PSYoungGen: 145886K->52699K(140800K)] 612011K->532998K(665088K), 0.0069983 secs] [Times: user=0.09 sys=0.00, real=0.01 secs] 
2016-09-24T02:41:18.991-0400: 90.746: [GC (GCLocker Initiated GC) [PSYoungGen: 140763K->45889K(175104K)] 625154K->533915K(699392K), 0.0101905 secs] [Times: user=0.08 sys=0.00, real=0.01 secs] 
2016-09-24T02:41:19.079-0400: 90.833: [GC (GCLocker Initiated GC) [PSYoungGen: 136001K->62074K(173056K)] 627099K->554062K(697344K), 0.0071482 secs] [Times: user=0.09 sys=0.00, real=0.01 secs] 
2016-09-24T02:41:19.154-0400: 90.908: [Full GC (Ergonomics) [PSYoungGen: 152186K->0K(173056K)] [ParOldGen: 501673K->431380K(524288K)] 653859K->431380K(697344K), [Metaspace: 43859K->43859K(1087488K)], 0.0707492 secs] [Times: user=0.74 sys=0.01, real=0.08 secs] 
2016-09-24T02:41:19.287-0400: 91.042: [GC (GCLocker Initiated GC) [PSYoungGen: 90112K->69029K(172544K)] 524343K->503261K(696832K), 0.0074132 secs] [Times: user=0.09 sys=0.00, real=0.01 secs] 
2016-09-24T02:41:19.352-0400: 91.106: [GC (GCLocker Initiated GC) [PSYoungGen: 158117K->78359K(167936K)] 597887K->518129K(692224K), 0.0083639 secs] [Times: user=0.12 sys=0.00, real=0.01 secs] 
2016-09-24T02:41:19.415-0400: 91.170: [GC (GCLocker Initiated GC) [PSYoungGen: 167447K->56786K(175104K)] 610045K->525647K(699392K), 0.0074399 secs] [Times: user=0.11 sys=0.00, real=0.01 secs] 
2016-09-24T02:41:19.478-0400: 91.233: [GC (GCLocker Initiated GC) [PSYoungGen: 144850K->51193K(139264K)] 616578K->523853K(663552K), 0.0177900 secs] [Times: user=0.25 sys=0.00, real=0.02 secs] 
2016-09-24T02:41:19.555-0400: 91.309: [GC (GCLocker Initiated GC) [PSYoungGen: 139257K->49779K(176640K)] 611994K->536828K(700928K), 0.0084539 secs] [Times: user=0.08 sys=0.00, real=0.01 secs] 
2016-09-24T02:41:19.627-0400: 91.381: [GC (GCLocker Initiated GC) [PSYoungGen: 139891K->53895K(144384K)] 630014K->544877K(668672K), 0.0078150 secs] [Times: user=0.08 sys=0.01, real=0.01 secs] 
2016-09-24T02:41:19.694-0400: 91.448: [GC (GCLocker Initiated GC) [PSYoungGen: 144007K->70126K(169984K)] 635104K->578285K(694272K), 0.0084435 secs] [Times: user=0.13 sys=0.00, real=0.01 secs] 
2016-09-24T02:41:19.702-0400: 91.457: [Full GC (Ergonomics) [PSYoungGen: 70126K->0K(169984K)] [ParOldGen: 508158K->439497K(524288K)] 578285K->439497K(694272K), [Metaspace: 43859K->43859K(1087488K)], 0.0674466 secs] [Times: user=0.61 sys=0.02, real=0.06 secs] 
2016-09-24T02:41:19.829-0400: 91.584: [GC (GCLocker Initiated GC) [PSYoungGen: 88064K->58457K(173056K)] 527668K->498061K(697344K), 0.0144253 secs] [Times: user=0.17 sys=0.00, real=0.02 secs] 
2016-09-24T02:41:19.905-0400: 91.660: [GC (GCLocker Initiated GC) [PSYoungGen: 146521K->58010K(171008K)] 586215K->516595K(695296K), 0.0079262 secs] [Times: user=0.11 sys=0.01, real=0.00 secs] 
2016-09-24T02:41:19.980-0400: 91.735: [GC (GCLocker Initiated GC) [PSYoungGen: 152218K->47360K(174592K)] 615075K->540795K(698880K), 0.0069522 secs] [Times: user=0.08 sys=0.01, real=0.01 secs] 
2016-09-24T02:41:19.988-0400: 91.742: [Full GC (Ergonomics) [PSYoungGen: 47360K->0K(174592K)] [ParOldGen: 493435K->439076K(524288K)] 540795K->439076K(698880K), [Metaspace: 43859K->43859K(1087488K)], 0.0686652 secs] [Times: user=0.80 sys=0.00, real=0.07 secs] 
2016-09-24T02:41:20.111-0400: 91.866: [GC (GCLocker Initiated GC) [PSYoungGen: 94208K->77396K(171008K)] 533308K->516497K(695296K), 0.0076541 secs] [Times: user=0.12 sys=0.00, real=0.01 secs] 
2016-09-24T02:41:20.178-0400: 91.933: [GC (GCLocker Initiated GC) [PSYoungGen: 168532K->83538K(175104K)] 607678K->525383K(699392K), 0.0074250 secs] [Times: user=0.10 sys=0.00, real=0.01 secs] 
2016-09-24T02:41:20.245-0400: 91.999: [GC (GCLocker Initiated GC) [PSYoungGen: 174674K->75059K(175104K)] 616711K->529133K(699392K), 0.0101871 secs] [Times: user=0.11 sys=0.00, real=0.01 secs] 
2016-09-24T02:41:20.311-0400: 92.066: [GC (GCLocker Initiated GC) [PSYoungGen: 163123K->59369K(175104K)] 617373K->547722K(699392K), 0.0081080 secs] [Times: user=0.10 sys=0.01, real=0.01 secs] 
2016-09-24T02:41:20.319-0400: 92.074: [Full GC (Ergonomics) [PSYoungGen: 59369K->0K(175104K)] [ParOldGen: 488353K->444835K(524288K)] 547722K->444835K(699392K), [Metaspace: 43861K->43861K(1087488K)], 0.0650078 secs] [Times: user=0.66 sys=0.00, real=0.07 secs] 
2016-09-24T02:41:20.442-0400: 92.196: [GC (GCLocker Initiated GC) [PSYoungGen: 88064K->74899K(175104K)] 532949K->519785K(699392K), 0.0074521 secs] [Times: user=0.11 sys=0.00, real=0.01 secs] 
2016-09-24T02:41:20.510-0400: 92.265: [GC (GCLocker Initiated GC) [PSYoungGen: 162963K->36437K(175104K)] 620012K->497665K(699392K), 0.0098396 secs] [Times: user=0.12 sys=0.00, real=0.01 secs] 
2016-09-24T02:41:20.575-0400: 92.330: [GC (GCLocker Initiated GC) [PSYoungGen: 124501K->72945K(175104K)] 585746K->535223K(699392K), 0.0068053 secs] [Times: user=0.09 sys=0.00, real=0.01 secs] 
2016-09-24T02:41:20.644-0400: 92.398: [GC (GCLocker Initiated GC) [PSYoungGen: 161009K->66099K(175104K)] 623321K->545478K(699392K), 0.0082780 secs] [Times: user=0.12 sys=0.00, real=0.00 secs] 
2016-09-24T02:41:20.709-0400: 92.464: [GC (GCLocker Initiated GC) [PSYoungGen: 154163K->50028K(175104K)] 633691K->546711K(699392K), 0.0140124 secs] [Times: user=0.16 sys=0.00, real=0.02 secs] 
2016-09-24T02:41:20.723-0400: 92.478: [Full GC (Ergonomics) [PSYoungGen: 50028K->0K(175104K)] [ParOldGen: 496682K->443655K(524288K)] 546711K->443655K(699392K), [Metaspace: 43861K->43861K(1087488K)], 0.0661095 secs] [Times: user=0.58 sys=0.01, real=0.06 secs] 
2016-09-24T02:41:20.855-0400: 92.609: [GC (GCLocker Initiated GC) [PSYoungGen: 88064K->61235K(175104K)] 531736K->504907K(699392K), 0.0066888 secs] [Times: user=0.08 sys=0.00, real=0.00 secs] 
2016-09-24T02:41:20.925-0400: 92.680: [GC (GCLocker Initiated GC) [PSYoungGen: 149299K->59369K(175104K)] 599941K->511406K(699392K), 0.0063995 secs] [Times: user=0.09 sys=0.00, real=0.00 secs] 
2016-09-24T02:41:20.989-0400: 92.743: [GC (GCLocker Initiated GC) [PSYoungGen: 147433K->63359K(151552K)] 602345K->527234K(675840K), 0.0106109 secs] [Times: user=0.15 sys=0.00, real=0.01 secs] 
2016-09-24T02:41:21.068-0400: 92.823: [GC (GCLocker Initiated GC) [PSYoungGen: 151423K->74886K(173056K)] 615467K->538930K(697344K), 0.0099610 secs] [Times: user=0.15 sys=0.00, real=0.01 secs] 
2016-09-24T02:41:21.137-0400: 92.891: [GC (GCLocker Initiated GC) [PSYoungGen: 161926K->47234K(174080K)] 626047K->534429K(698368K), 0.0079658 secs] [Times: user=0.11 sys=0.00, real=0.01 secs] 
2016-09-24T02:41:21.200-0400: 92.955: [Full GC (Ergonomics) [PSYoungGen: 134274K->0K(174080K)] [ParOldGen: 489985K->432043K(524288K)] 624260K->432043K(698368K), [Metaspace: 43863K->43863K(1087488K)], 0.0912829 secs] [Times: user=0.89 sys=0.01, real=0.09 secs] 
2016-09-24T02:41:21.350-0400: 93.105: [GC (GCLocker Initiated GC) [PSYoungGen: 87040K->40860K(175104K)] 521877K->475698K(699392K), 0.0132476 secs] [Times: user=0.14 sys=0.00, real=0.02 secs] 
2016-09-24T02:41:21.424-0400: 93.178: [GC (GCLocker Initiated GC) [PSYoungGen: 128924K->48728K(175104K)] 570713K->491915K(699392K), 0.0057001 secs] [Times: user=0.07 sys=0.00, real=0.00 secs] 
2016-09-24T02:41:21.482-0400: 93.237: [GC (GCLocker Initiated GC) [PSYoungGen: 136792K->62066K(174080K)] 580160K->517344K(698368K), 0.0103879 secs] [Times: user=0.14 sys=0.01, real=0.00 secs] 
2016-09-24T02:41:21.561-0400: 93.316: [GC (GCLocker Initiated GC) [PSYoungGen: 150130K->79201K(174592K)] 605471K->534542K(698880K), 0.0072203 secs] [Times: user=0.11 sys=0.00, real=0.01 secs] 
2016-09-24T02:41:21.635-0400: 93.389: [GC (GCLocker Initiated GC) [PSYoungGen: 167265K->42016K(175104K)] 628041K->528806K(699392K), 0.0071768 secs] [Times: user=0.10 sys=0.00, real=0.00 secs] 
2016-09-24T02:41:21.703-0400: 93.458: [GC (GCLocker Initiated GC) [PSYoungGen: 130080K->55455K(175104K)] 616927K->564986K(699392K), 0.0092674 secs] [Times: user=0.13 sys=0.00, real=0.00 secs] 
2016-09-24T02:41:21.712-0400: 93.467: [Full GC (Ergonomics) [PSYoungGen: 55455K->0K(175104K)] [ParOldGen: 509531K->433339K(524288K)] 564986K->433339K(699392K), [Metaspace: 43864K->43864K(1087488K)], 0.0534960 secs] [Times: user=0.52 sys=0.00, real=0.06 secs] 
2016-09-24T02:41:21.828-0400: 93.583: [GC (GCLocker Initiated GC) [PSYoungGen: 88064K->62814K(175104K)] 529542K->504293K(699392K), 0.0068043 secs] [Times: user=0.09 sys=0.01, real=0.01 secs] 
2016-09-24T02:41:21.888-0400: 93.643: [GC (GCLocker Initiated GC) [PSYoungGen: 150878K->55361K(143872K)] 592369K->507862K(668160K), 0.0076128 secs] [Times: user=0.08 sys=0.00, real=0.01 secs] 
2016-09-24T02:41:21.956-0400: 93.711: [GC (GCLocker Initiated GC) [PSYoungGen: 143425K->49384K(174080K)] 596249K->502209K(698368K), 0.0087613 secs] [Times: user=0.08 sys=0.00, real=0.01 secs] 
2016-09-24T02:41:22.024-0400: 93.778: [GC (GCLocker Initiated GC) [PSYoungGen: 138472K->83946K(173056K)] 591314K->536836K(697344K), 0.0075640 secs] [Times: user=0.08 sys=0.01, real=0.00 secs] 
2016-09-24T02:41:22.086-0400: 93.840: [GC (GCLocker Initiated GC) [PSYoungGen: 173034K->42533K(175104K)] 631341K->510602K(699392K), 0.0150329 secs] [Times: user=0.16 sys=0.00, real=0.01 secs] 
2016-09-24T02:41:22.165-0400: 93.920: [GC (GCLocker Initiated GC) [PSYoungGen: 130597K->59476K(175104K)] 598696K->531948K(699392K), 0.0065106 secs] [Times: user=0.09 sys=0.00, real=0.00 secs] 
2016-09-24T02:41:22.228-0400: 93.982: [GC (GCLocker Initiated GC) [PSYoungGen: 147540K->51281K(174080K)] 620137K->535616K(698368K), 0.0065110 secs] [Times: user=0.08 sys=0.00, real=0.01 secs] 
2016-09-24T02:41:22.298-0400: 94.053: [GC (GCLocker Initiated GC) [PSYoungGen: 139345K->54560K(142848K)] 623697K->538912K(667136K), 0.0105925 secs] [Times: user=0.14 sys=0.00, real=0.01 secs] 
2016-09-24T02:41:22.375-0400: 94.129: [GC (GCLocker Initiated GC) [PSYoungGen: 142624K->53962K(176640K)] 632396K->543733K(700928K), 0.0090286 secs] [Times: user=0.10 sys=0.00, real=0.01 secs] 
2016-09-24T02:41:22.447-0400: 94.202: [GC (GCLocker Initiated GC) [PSYoungGen: 146122K->64341K(174080K)] 641370K->559590K(698368K), 0.0095973 secs] [Times: user=0.11 sys=0.00, real=0.01 secs] 
2016-09-24T02:41:22.523-0400: 94.278: [GC (GCLocker Initiated GC) [PSYoungGen: 156501K->73320K(173568K)] 651853K->568671K(697856K), 0.0067668 secs] [Times: user=0.09 sys=0.00, real=0.00 secs] 
2016-09-24T02:41:22.589-0400: 94.344: [GC (GCLocker Initiated GC) [PSYoungGen: 164456K->69939K(161280K)] 662511K->567993K(685568K), 0.0070500 secs] [Times: user=0.11 sys=0.00, real=0.01 secs] 
2016-09-24T02:41:22.657-0400: 94.411: [Full GC (Ergonomics) [PSYoungGen: 161075K->0K(161280K)] [ParOldGen: 506208K->448100K(524288K)] 667283K->448100K(685568K), [Metaspace: 43868K->43868K(1087488K)], 0.0781822 secs] [Times: user=0.83 sys=0.02, real=0.08 secs] 
2016-09-24T02:41:22.798-0400: 94.552: [GC (GCLocker Initiated GC) [PSYoungGen: 91136K->57080K(177152K)] 544788K->510732K(701440K), 0.0074968 secs] [Times: user=0.12 sys=0.00, real=0.01 secs] 
2016-09-24T02:41:22.867-0400: 94.621: [GC (GCLocker Initiated GC) [PSYoungGen: 147192K->68692K(175104K)] 602217K->523717K(699392K), 0.0068515 secs] [Times: user=0.09 sys=0.00, real=0.00 secs] 
2016-09-24T02:41:22.940-0400: 94.694: [GC (GCLocker Initiated GC) [PSYoungGen: 158804K->57291K(175616K)] 620820K->519307K(699904K), 0.0116953 secs] [Times: user=0.14 sys=0.00, real=0.01 secs] 
2016-09-24T02:41:23.008-0400: 94.762: [GC (GCLocker Initiated GC) [PSYoungGen: 148937K->80991K(173056K)] 613897K->545952K(697344K), 0.0074369 secs] [Times: user=0.10 sys=0.02, real=0.01 secs] 
2016-09-24T02:41:23.075-0400: 94.830: [GC (GCLocker Initiated GC) [PSYoungGen: 172639K->70854K(175104K)] 637752K->535967K(699392K), 0.0074860 secs] [Times: user=0.11 sys=0.00, real=0.01 secs] 
2016-09-24T02:41:23.144-0400: 94.898: [GC (GCLocker Initiated GC) [PSYoungGen: 158918K->73166K(175104K)] 630842K->545090K(699392K), 0.0078954 secs] [Times: user=0.11 sys=0.00, real=0.00 secs] 
2016-09-24T02:41:23.209-0400: 94.963: [GC (GCLocker Initiated GC) [PSYoungGen: 161230K->86017K(175104K)] 639971K->572858K(699392K), 0.0123219 secs] [Times: user=0.18 sys=0.02, real=0.01 secs] 
2016-09-24T02:41:23.282-0400: 95.037: [GC (GCLocker Initiated GC) [PSYoungGen: 174081K->74012K(175104K)] 663842K->565771K(699392K), 0.0081042 secs] [Times: user=0.10 sys=0.00, real=0.00 secs] 
2016-09-24T02:41:23.361-0400: 95.116: [GC (GCLocker Initiated GC) [PSYoungGen: 162076K->55710K(175104K)] 668765K->563938K(699392K), 0.0100308 secs] [Times: user=0.14 sys=0.01, real=0.01 secs] 
2016-09-24T02:41:23.430-0400: 95.185: [Full GC (Ergonomics) [PSYoungGen: 143774K->0K(175104K)] [ParOldGen: 517763K->455698K(524288K)] 661537K->455698K(699392K), [Metaspace: 43870K->43870K(1087488K)], 0.0822022 secs] [Times: user=0.82 sys=0.02, real=0.08 secs] 
2016-09-24T02:41:23.580-0400: 95.335: [GC (GCLocker Initiated GC) [PSYoungGen: 88064K->44792K(175104K)] 551933K->508662K(699392K), 0.0070265 secs] [Times: user=0.06 sys=0.00, real=0.01 secs] 
2016-09-24T02:41:23.663-0400: 95.418: [GC (GCLocker Initiated GC) [PSYoungGen: 132856K->70130K(175104K)] 599511K->536784K(699392K), 0.0063895 secs] [Times: user=0.08 sys=0.00, real=0.00 secs] 
2016-09-24T02:41:23.729-0400: 95.483: [GC (GCLocker Initiated GC) [PSYoungGen: 158194K->68206K(175104K)] 624976K->568683K(699392K), 0.0084111 secs] [Times: user=0.12 sys=0.00, real=0.01 secs] 
2016-09-24T02:41:23.737-0400: 95.492: [Full GC (Ergonomics) [PSYoungGen: 68206K->0K(175104K)] [ParOldGen: 500477K->460667K(524288K)] 568683K->460667K(699392K), [Metaspace: 43870K->43870K(1087488K)], 0.0714488 secs] [Times: user=0.86 sys=0.00, real=0.07 secs] 
2016-09-24T02:41:23.869-0400: 95.624: [GC (GCLocker Initiated GC) [PSYoungGen: 88064K->70668K(175104K)] 548762K->531367K(699392K), 0.0068760 secs] [Times: user=0.09 sys=0.00, real=0.01 secs] 
2016-09-24T02:41:23.944-0400: 95.698: [GC (GCLocker Initiated GC) [PSYoungGen: 158732K->64901K(175104K)] 622232K->531105K(699392K), 0.0071780 secs] [Times: user=0.08 sys=0.00, real=0.00 secs] 
2016-09-24T02:41:24.011-0400: 95.766: [GC (GCLocker Initiated GC) [PSYoungGen: 152965K->51324K(175104K)] 622202K->535048K(699392K), 0.0141535 secs] [Times: user=0.19 sys=0.00, real=0.02 secs] 
2016-09-24T02:41:24.080-0400: 95.834: [GC (GCLocker Initiated GC) [PSYoungGen: 139388K->44639K(175104K)] 635287K->560420K(699392K), 0.0075632 secs] [Times: user=0.11 sys=0.00, real=0.01 secs] 
2016-09-24T02:41:24.087-0400: 95.842: [Full GC (Ergonomics) [PSYoungGen: 44639K->0K(175104K)] [ParOldGen: 515781K->466792K(524288K)] 560420K->466792K(699392K), [Metaspace: 43876K->43876K(1087488K)], 0.0680667 secs] [Times: user=0.71 sys=0.00, real=0.07 secs] 
2016-09-24T02:41:24.212-0400: 95.967: [GC (GCLocker Initiated GC) [PSYoungGen: 88062K->63806K(175104K)] 563199K->538944K(699392K), 0.0077920 secs] [Times: user=0.10 sys=0.00, real=0.01 secs] 
2016-09-24T02:41:24.285-0400: 96.040: [GC (GCLocker Initiated GC) [PSYoungGen: 151870K->49858K(175104K)] 629769K->530309K(699392K), 0.0102523 secs] [Times: user=0.08 sys=0.02, real=0.01 secs] 
2016-09-24T02:41:24.365-0400: 96.120: [GC (GCLocker Initiated GC) [PSYoungGen: 137922K->41714K(175104K)] 622463K->527121K(699392K), 0.0097503 secs] [Times: user=0.09 sys=0.01, real=0.01 secs] 
2016-09-24T02:41:24.439-0400: 96.194: [GC (GCLocker Initiated GC) [PSYoungGen: 129778K->60667K(148992K)] 615205K->568660K(673280K), 0.0142577 secs] [Times: user=0.15 sys=0.00, real=0.01 secs] 
2016-09-24T02:41:24.454-0400: 96.208: [Full GC (Ergonomics) [PSYoungGen: 60667K->0K(148992K)] [ParOldGen: 507992K->467138K(524288K)] 568660K->467138K(673280K), [Metaspace: 43876K->43876K(1087488K)], 0.0639357 secs] [Times: user=0.44 sys=0.01, real=0.07 secs] 
2016-09-24T02:41:24.577-0400: 96.332: [GC (GCLocker Initiated GC) [PSYoungGen: 88064K->35640K(173056K)] 564622K->512198K(697344K), 0.0101275 secs] [Times: user=0.11 sys=0.02, real=0.01 secs] 
2016-09-24T02:41:24.645-0400: 96.400: [GC (GCLocker Initiated GC) [PSYoungGen: 122680K->48425K(174080K)] 607406K->552111K(698368K), 0.0067390 secs] [Times: user=0.09 sys=0.00, real=0.00 secs] 
2016-09-24T02:41:24.652-0400: 96.407: [Full GC (Ergonomics) [PSYoungGen: 48425K->0K(174080K)] [ParOldGen: 503686K->471397K(524288K)] 552111K->471397K(698368K), [Metaspace: 43876K->43876K(1087488K)], 0.0620142 secs] [Times: user=0.67 sys=0.01, real=0.06 secs] 
2016-09-24T02:41:24.774-0400: 96.529: [GC (GCLocker Initiated GC) [PSYoungGen: 87040K->73345K(174080K)] 563913K->550218K(698368K), 0.0075564 secs] [Times: user=0.10 sys=0.01, real=0.00 secs] 
2016-09-24T02:41:24.836-0400: 96.591: [GC (GCLocker Initiated GC) [PSYoungGen: 161409K->57897K(175104K)] 638318K->538781K(699392K), 0.0094765 secs] [Times: user=0.13 sys=0.00, real=0.01 secs] 
2016-09-24T02:41:24.910-0400: 96.665: [GC (GCLocker Initiated GC) [PSYoungGen: 145961K->68122K(174592K)] 626949K->549110K(698880K), 0.0061553 secs] [Times: user=0.09 sys=0.00, real=0.01 secs] 
2016-09-24T02:41:24.974-0400: 96.729: [GC (GCLocker Initiated GC) [PSYoungGen: 156186K->39185K(175104K)] 646306K->557781K(699392K), 0.0067805 secs] [Times: user=0.07 sys=0.01, real=0.01 secs] 
2016-09-24T02:41:24.981-0400: 96.735: [Full GC (Ergonomics) [PSYoungGen: 39185K->0K(175104K)] [ParOldGen: 518596K->467638K(524288K)] 557781K->467638K(699392K), [Metaspace: 43876K->43876K(1087488K)], 0.0579397 secs] [Times: user=0.61 sys=0.00, real=0.06 secs] 
2016-09-24T02:41:25.092-0400: 96.847: [GC (GCLocker Initiated GC) [PSYoungGen: 88064K->52861K(172032K)] 562543K->527341K(696320K), 0.0059954 secs] [Times: user=0.08 sys=0.00, real=0.01 secs] 
2016-09-24T02:41:25.156-0400: 96.911: [GC (GCLocker Initiated GC) [PSYoungGen: 140925K->54849K(173568K)] 623514K->537437K(697856K), 0.0067518 secs] [Times: user=0.06 sys=0.00, real=0.01 secs] 
2016-09-24T02:41:25.224-0400: 96.978: [GC (GCLocker Initiated GC) [PSYoungGen: 142913K->77320K(171008K)] 628346K->562753K(695296K), 0.0078605 secs] [Times: user=0.11 sys=0.01, real=0.00 secs] 
2016-09-24T02:41:25.296-0400: 97.051: [GC (GCLocker Initiated GC) [PSYoungGen: 165384K->53333K(175104K)] 654088K->546568K(699392K), 0.0060069 secs] [Times: user=0.06 sys=0.00, real=0.01 secs] 
2016-09-24T02:41:25.357-0400: 97.112: [GC (GCLocker Initiated GC) [PSYoungGen: 141397K->74183K(174080K)] 637439K->570225K(698368K), 0.0071570 secs] [Times: user=0.11 sys=0.00, real=0.01 secs] 
2016-09-24T02:41:25.422-0400: 97.176: [Full GC (Ergonomics) [PSYoungGen: 162247K->0K(174080K)] [ParOldGen: 498796K->461516K(524288K)] 661043K->461516K(698368K), [Metaspace: 43876K->43876K(1087488K)], 0.0847635 secs] [Times: user=1.00 sys=0.00, real=0.09 secs] 
2016-09-24T02:41:25.563-0400: 97.317: [GC (GCLocker Initiated GC) [PSYoungGen: 88064K->62570K(175104K)] 556497K->531011K(699392K), 0.0126529 secs] [Times: user=0.18 sys=0.00, real=0.01 secs] 
2016-09-24T02:41:25.637-0400: 97.392: [GC (GCLocker Initiated GC) [PSYoungGen: 150634K->62010K(172032K)] 619089K->534464K(696320K), 0.0063574 secs] [Times: user=0.09 sys=0.00, real=0.01 secs] 
2016-09-24T02:41:25.702-0400: 97.457: [GC (GCLocker Initiated GC) [PSYoungGen: 150074K->51942K(173568K)] 625302K->527171K(697856K), 0.0058536 secs] [Times: user=0.06 sys=0.00, real=0.01 secs] 
2016-09-24T02:41:25.756-0400: 97.510: [GC (GCLocker Initiated GC) [PSYoungGen: 140006K->72876K(172544K)] 615300K->548170K(696832K), 0.0080493 secs] [Times: user=0.10 sys=0.00, real=0.01 secs] 
2016-09-24T02:41:25.822-0400: 97.577: [GC (GCLocker Initiated GC) [PSYoungGen: 160940K->62845K(175104K)] 636275K->538180K(699392K), 0.0082750 secs] [Times: user=0.10 sys=0.00, real=0.00 secs] 
2016-09-24T02:41:25.891-0400: 97.646: [GC (GCLocker Initiated GC) [PSYoungGen: 150909K->67483K(174592K)] 626421K->542996K(698880K), 0.0072018 secs] [Times: user=0.08 sys=0.01, real=0.01 secs] 
2016-09-24T02:41:25.957-0400: 97.711: [GC (GCLocker Initiated GC) [PSYoungGen: 157595K->72403K(175104K)] 633177K->547985K(699392K), 0.0156360 secs] [Times: user=0.20 sys=0.01, real=0.01 secs] 
2016-09-24T02:41:26.030-0400: 97.784: [GC (GCLocker Initiated GC) [PSYoungGen: 162515K->63329K(174080K)] 638117K->538931K(698368K), 0.0097601 secs] [Times: user=0.09 sys=0.00, real=0.01 secs] 
2016-09-24T02:41:26.095-0400: 97.850: [GC (GCLocker Initiated GC) [PSYoungGen: 153441K->65523K(174592K)] 632143K->544224K(698880K), 0.0153870 secs] [Times: user=0.18 sys=0.00, real=0.01 secs] 
2016-09-24T02:41:26.173-0400: 97.928: [GC (GCLocker Initiated GC) [PSYoungGen: 155635K->58199K(176128K)] 650751K->553315K(700416K), 0.0161053 secs] [Times: user=0.21 sys=0.00, real=0.02 secs] 
2016-09-24T02:41:26.252-0400: 98.007: [GC (GCLocker Initiated GC) [PSYoungGen: 152407K->80671K(175104K)] 647649K->575912K(699392K), 0.0074569 secs] [Times: user=0.08 sys=0.00, real=0.01 secs] 
2016-09-24T02:41:26.320-0400: 98.075: [GC (GCLocker Initiated GC) [PSYoungGen: 174879K->58312K(176128K)] 672845K->556279K(700416K), 0.0070502 secs] [Times: user=0.06 sys=0.00, real=0.01 secs] 
2016-09-24T02:41:26.387-0400: 98.142: [GC (GCLocker Initiated GC) [PSYoungGen: 147400K->83559K(175104K)] 645381K->605840K(699392K), 0.0145543 secs] [Times: user=0.18 sys=0.01, real=0.01 secs] 
2016-09-24T02:41:26.402-0400: 98.156: [Full GC (Ergonomics) [PSYoungGen: 83559K->0K(175104K)] [ParOldGen: 522280K->462893K(524288K)] 605840K->462893K(699392K), [Metaspace: 43880K->43880K(1087488K)], 0.0792732 secs] [Times: user=0.66 sys=0.00, real=0.08 secs] 
2016-09-24T02:41:26.532-0400: 98.287: [GC (GCLocker Initiated GC) [PSYoungGen: 89088K->49271K(175104K)] 556658K->516842K(699392K), 0.0107203 secs] [Times: user=0.12 sys=0.00, real=0.02 secs] 
2016-09-24T02:41:26.600-0400: 98.355: [GC (GCLocker Initiated GC) [PSYoungGen: 137335K->53868K(175104K)] 610543K->527076K(699392K), 0.0093420 secs] [Times: user=0.10 sys=0.00, real=0.01 secs] 
2016-09-24T02:41:26.670-0400: 98.425: [GC (GCLocker Initiated GC) [PSYoungGen: 141932K->69697K(175104K)] 620774K->548539K(699392K), 0.0075921 secs] [Times: user=0.11 sys=0.00, real=0.01 secs] 
2016-09-24T02:41:26.740-0400: 98.494: [GC (GCLocker Initiated GC) [PSYoungGen: 157761K->74325K(175104K)] 636631K->553195K(699392K), 0.0098626 secs] [Times: user=0.14 sys=0.00, real=0.01 secs] 
2016-09-24T02:41:26.801-0400: 98.555: [GC (GCLocker Initiated GC) [PSYoungGen: 162389K->84673K(175104K)] 641839K->564124K(699392K), 0.0088480 secs] [Times: user=0.12 sys=0.00, real=0.01 secs] 
2016-09-24T02:41:26.880-0400: 98.634: [GC (GCLocker Initiated GC) [PSYoungGen: 172737K->86762K(175104K)] 657616K->574341K(699392K), 0.0110609 secs] [Times: user=0.16 sys=0.01, real=0.01 secs] 
2016-09-24T02:41:26.944-0400: 98.699: [GC (GCLocker Initiated GC) [PSYoungGen: 174826K->82616K(175104K)] 662554K->579293K(699392K), 0.0100376 secs] [Times: user=0.13 sys=0.00, real=0.01 secs] 
2016-09-24T02:41:27.024-0400: 98.779: [GC (GCLocker Initiated GC) --[PSYoungGen: 170680K->170680K(175104K)] 670132K->693305K(699392K), 0.0146037 secs] [Times: user=0.15 sys=0.01, real=0.01 secs] 
2016-09-24T02:41:27.039-0400: 98.794: [Full GC (Ergonomics) [PSYoungGen: 170680K->0K(175104K)] [ParOldGen: 522624K->474292K(524288K)] 693305K->474292K(699392K), [Metaspace: 43880K->43880K(1087488K)], 0.0706730 secs] [Times: user=0.59 sys=0.00, real=0.07 secs] 
2016-09-24T02:41:27.168-0400: 98.923: [GC (GCLocker Initiated GC) [PSYoungGen: 88064K->65246K(175104K)] 562453K->539636K(699392K), 0.0085167 secs] [Times: user=0.05 sys=0.07, real=0.01 secs] 
2016-09-24T02:41:27.238-0400: 98.992: [GC (GCLocker Initiated GC) [PSYoungGen: 153310K->72705K(175104K)] 627728K->547123K(699392K), 0.0076232 secs] [Times: user=0.10 sys=0.00, real=0.01 secs] 
2016-09-24T02:41:27.316-0400: 99.070: [GC (GCLocker Initiated GC) [PSYoungGen: 160769K->36959K(175104K)] 639478K->518285K(699392K), 0.0136601 secs] [Times: user=0.16 sys=0.00, real=0.01 secs] 
2016-09-24T02:41:27.386-0400: 99.141: [GC (GCLocker Initiated GC) [PSYoungGen: 125023K->45743K(175104K)] 610508K->546283K(699392K), 0.0090954 secs] [Times: user=0.09 sys=0.01, real=0.01 secs] 
2016-09-24T02:41:27.454-0400: 99.209: [GC (GCLocker Initiated GC) [PSYoungGen: 133807K->46947K(175104K)] 634506K->548376K(699392K), 0.0093734 secs] [Times: user=0.05 sys=0.01, real=0.01 secs] 
2016-09-24T02:41:27.528-0400: 99.283: [GC (GCLocker Initiated GC) [PSYoungGen: 135011K->37611K(175104K)] 641982K->556109K(699392K), 0.0277708 secs] [Times: user=0.33 sys=0.00, real=0.03 secs] 
2016-09-24T02:41:27.556-0400: 99.310: [Full GC (Ergonomics) [PSYoungGen: 37611K->0K(175104K)] [ParOldGen: 518497K->481359K(524288K)] 556109K->481359K(699392K), [Metaspace: 43880K->43880K(1087488K)], 0.0699226 secs] [Times: user=0.78 sys=0.01, real=0.07 secs] 
2016-09-24T02:41:27.687-0400: 99.441: [GC (GCLocker Initiated GC) [PSYoungGen: 88064K->67846K(175104K)] 569500K->549283K(699392K), 0.0103399 secs] [Times: user=0.15 sys=0.00, real=0.01 secs] 
2016-09-24T02:41:27.756-0400: 99.511: [GC (GCLocker Initiated GC) [PSYoungGen: 155910K->58115K(175104K)] 637448K->554473K(699392K), 0.0067670 secs] [Times: user=0.09 sys=0.00, real=0.01 secs] 
2016-09-24T02:41:27.819-0400: 99.574: [GC (GCLocker Initiated GC) [PSYoungGen: 146179K->57936K(175104K)] 645352K->558012K(699392K), 0.0198012 secs] [Times: user=0.24 sys=0.00, real=0.02 secs] 
2016-09-24T02:41:27.904-0400: 99.659: [GC (GCLocker Initiated GC) [PSYoungGen: 146000K->61955K(175104K)] 648806K->581909K(699392K), 0.0081929 secs] [Times: user=0.10 sys=0.00, real=0.00 secs] 
2016-09-24T02:41:27.912-0400: 99.667: [Full GC (Ergonomics) [PSYoungGen: 61955K->0K(175104K)] [ParOldGen: 519953K->466010K(524288K)] 581909K->466010K(699392K), [Metaspace: 43880K->43880K(1087488K)], 0.1076686 secs] [Times: user=1.47 sys=0.00, real=0.11 secs] 
2016-09-24T02:41:28.071-0400: 99.826: [GC (GCLocker Initiated GC) [PSYoungGen: 88064K->50261K(175104K)] 557555K->519752K(699392K), 0.0062042 secs] [Times: user=0.05 sys=0.00, real=0.01 secs] 
2016-09-24T02:41:28.133-0400: 99.888: [GC (GCLocker Initiated GC) [PSYoungGen: 138325K->55380K(175104K)] 610544K->542511K(699392K), 0.0105917 secs] [Times: user=0.14 sys=0.00, real=0.02 secs] 
2016-09-24T02:41:28.200-0400: 99.955: [GC (GCLocker Initiated GC) [PSYoungGen: 143444K->58722K(146944K)] 630633K->545911K(671232K), 0.0074019 secs] [Times: user=0.08 sys=0.00, real=0.01 secs] 
2016-09-24T02:41:28.268-0400: 100.023: [GC (GCLocker Initiated GC) [PSYoungGen: 146786K->56983K(174592K)] 642193K->552390K(698880K), 0.0088929 secs] [Times: user=0.08 sys=0.00, real=0.01 secs] 
2016-09-24T02:41:28.346-0400: 100.100: [GC (GCLocker Initiated GC) [PSYoungGen: 147095K->60559K(172544K)] 648043K->561507K(696832K), 0.0098733 secs] [Times: user=0.11 sys=0.00, real=0.01 secs] 
2016-09-24T02:41:28.421-0400: 100.176: [Full GC (Ergonomics) [PSYoungGen: 150671K->0K(172544K)] [ParOldGen: 507816K->473596K(524288K)] 658487K->473596K(696832K), [Metaspace: 43880K->43880K(1087488K)], 0.0608796 secs] [Times: user=0.53 sys=0.00, real=0.06 secs] 
2016-09-24T02:41:28.534-0400: 100.289: [GC (GCLocker Initiated GC) [PSYoungGen: 89962K->64841K(176128K)] 567609K->542487K(700416K), 0.0073673 secs] [Times: user=0.07 sys=0.00, real=0.01 secs] 
2016-09-24T02:41:28.607-0400: 100.361: [GC (GCLocker Initiated GC) [PSYoungGen: 160073K->60592K(176128K)] 643307K->543826K(700416K), 0.0064226 secs] [Times: user=0.08 sys=0.00, real=0.00 secs] 
2016-09-24T02:41:28.685-0400: 100.439: [GC (GCLocker Initiated GC) [PSYoungGen: 155824K->58418K(179712K)] 644614K->547208K(704000K), 0.0105089 secs] [Times: user=0.14 sys=0.00, real=0.01 secs] 
2016-09-24T02:41:28.758-0400: 100.513: [GC (GCLocker Initiated GC) [PSYoungGen: 160306K->72709K(179200K)] 651937K->564340K(703488K), 0.0100125 secs] [Times: user=0.14 sys=0.01, real=0.01 secs] 
2016-09-24T02:41:28.838-0400: 100.593: [GC (GCLocker Initiated GC) [PSYoungGen: 174597K->73212K(176640K)] 666295K->564910K(700928K), 0.0082349 secs] [Times: user=0.08 sys=0.01, real=0.01 secs] 
2016-09-24T02:41:28.914-0400: 100.669: [GC (GCLocker Initiated GC) [PSYoungGen: 169468K->56447K(179200K)] 661212K->548190K(703488K), 0.0223899 secs] [Times: user=0.25 sys=0.00, real=0.02 secs] 
2016-09-24T02:41:29.005-0400: 100.760: [GC (GCLocker Initiated GC) [PSYoungGen: 152703K->81686K(169984K)] 652659K->589742K(694272K), 0.0102691 secs] [Times: user=0.11 sys=0.02, real=0.01 secs] 
2016-09-24T02:41:29.015-0400: 100.770: [Full GC (Ergonomics) [PSYoungGen: 81686K->0K(169984K)] [ParOldGen: 508056K->484282K(524288K)] 589742K->484282K(694272K), [Metaspace: 43880K->43880K(1087488K)], 0.0642031 secs] [Times: user=0.48 sys=0.00, real=0.06 secs] 
2016-09-24T02:41:29.141-0400: 100.896: [GC (GCLocker Initiated GC) [PSYoungGen: 88064K->40789K(175104K)] 581872K->534597K(699392K), 0.0140130 secs] [Times: user=0.17 sys=0.01, real=0.02 secs] 
2016-09-24T02:41:29.212-0400: 100.967: [GC (GCLocker Initiated GC) [PSYoungGen: 128853K->44155K(175104K)] 628127K->543429K(699392K), 0.0191496 secs] [Times: user=0.20 sys=0.00, real=0.02 secs] 
2016-09-24T02:41:29.296-0400: 101.051: [GC (GCLocker Initiated GC) [PSYoungGen: 132219K->74809K(175104K)] 631599K->574189K(699392K), 0.0104026 secs] [Times: user=0.14 sys=0.00, real=0.01 secs] 
2016-09-24T02:41:29.375-0400: 101.130: [GC (GCLocker Initiated GC) [PSYoungGen: 162873K->62039K(175104K)] 662345K->561511K(699392K), 0.0061753 secs] [Times: user=0.07 sys=0.00, real=0.00 secs] 
2016-09-24T02:41:29.437-0400: 101.192: [GC (GCLocker Initiated GC) [PSYoungGen: 150103K->68438K(175104K)] 657733K->576068K(699392K), 0.0075793 secs] [Times: user=0.11 sys=0.00, real=0.01 secs] 
2016-09-24T02:41:29.503-0400: 101.258: [GC (GCLocker Initiated GC) [PSYoungGen: 156502K->76078K(175104K)] 667292K->588219K(699392K), 0.0083447 secs] [Times: user=0.11 sys=0.00, real=0.00 secs] 
2016-09-24T02:41:29.567-0400: 101.322: [Full GC (Ergonomics) [PSYoungGen: 164142K->0K(175104K)] [ParOldGen: 514880K->492467K(524288K)] 679023K->492467K(699392K), [Metaspace: 43880K->43880K(1087488K)], 0.0780478 secs] [Times: user=0.86 sys=0.02, real=0.08 secs] 
2016-09-24T02:41:29.711-0400: 101.465: [GC (GCLocker Initiated GC) [PSYoungGen: 88064K->68001K(175104K)] 584679K->564616K(699392K), 0.0067554 secs] [Times: user=0.09 sys=0.00, real=0.01 secs] 
2016-09-24T02:41:29.786-0400: 101.540: [GC (GCLocker Initiated GC) [PSYoungGen: 156065K->74163K(175104K)] 652778K->570876K(699392K), 0.0066789 secs] [Times: user=0.08 sys=0.00, real=0.00 secs] 
2016-09-24T02:41:29.851-0400: 101.606: [GC (GCLocker Initiated GC) [PSYoungGen: 162227K->71064K(175104K)] 665823K->594915K(699392K), 0.0102951 secs] [Times: user=0.14 sys=0.00, real=0.01 secs] 
2016-09-24T02:41:29.862-0400: 101.616: [Full GC (Ergonomics) [PSYoungGen: 71064K->0K(175104K)] [ParOldGen: 523850K->489525K(524288K)] 594915K->489525K(699392K), [Metaspace: 43880K->43880K(1087488K)], 0.0551343 secs] [Times: user=0.42 sys=0.01, real=0.06 secs] 
2016-09-24T02:41:29.983-0400: 101.738: [GC (GCLocker Initiated GC) [PSYoungGen: 88064K->54115K(175104K)] 582842K->548893K(699392K), 0.0105964 secs] [Times: user=0.15 sys=0.00, real=0.00 secs] 
2016-09-24T02:41:30.056-0400: 101.810: [GC (GCLocker Initiated GC) [PSYoungGen: 142179K->66107K(175104K)] 639662K->567346K(699392K), 0.0077805 secs] [Times: user=0.12 sys=0.00, real=0.01 secs] 
2016-09-24T02:41:30.133-0400: 101.888: [GC (GCLocker Initiated GC) [PSYoungGen: 154171K->54011K(175104K)] 661004K->561647K(699392K), 0.0063534 secs] [Times: user=0.09 sys=0.00, real=0.01 secs] 
2016-09-24T02:41:30.194-0400: 101.949: [GC (GCLocker Initiated GC) [PSYoungGen: 142075K->52569K(175104K)] 649750K->561157K(699392K), 0.0130068 secs] [Times: user=0.18 sys=0.00, real=0.01 secs] 
2016-09-24T02:41:30.269-0400: 102.024: [GC (GCLocker Initiated GC) [PSYoungGen: 140633K->53862K(174080K)] 650591K->564625K(698368K), 0.0059002 secs] [Times: user=0.06 sys=0.01, real=0.01 secs] 
2016-09-24T02:41:30.331-0400: 102.086: [Full GC (Ergonomics) [PSYoungGen: 141926K->0K(174080K)] [ParOldGen: 520357K->483671K(524288K)] 662284K->483671K(698368K), [Metaspace: 43885K->43885K(1087488K)], 0.0901534 secs] [Times: user=0.96 sys=0.01, real=0.09 secs] 
2016-09-24T02:41:30.475-0400: 102.230: [GC (GCLocker Initiated GC) [PSYoungGen: 88064K->65175K(174592K)] 574495K->551606K(698880K), 0.0105753 secs] [Times: user=0.10 sys=0.00, real=0.01 secs] 
2016-09-24T02:41:30.544-0400: 102.299: [GC (GCLocker Initiated GC) [PSYoungGen: 153239K->68824K(175104K)] 641037K->556622K(699392K), 0.0112543 secs] [Times: user=0.14 sys=0.00, real=0.01 secs] 
2016-09-24T02:41:30.614-0400: 102.369: [GC (GCLocker Initiated GC) [PSYoungGen: 158424K->69485K(175104K)] 646300K->557362K(699392K), 0.0104025 secs] [Times: user=0.13 sys=0.00, real=0.02 secs] 
2016-09-24T02:41:30.677-0400: 102.432: [GC (GCLocker Initiated GC) [PSYoungGen: 159085K->70140K(176128K)] 649717K->560772K(700416K), 0.0118230 secs] [Times: user=0.14 sys=0.00, real=0.01 secs] 
2016-09-24T02:41:30.739-0400: 102.494: [GC (GCLocker Initiated GC) [PSYoungGen: 160252K->84191K(174592K)] 650996K->583036K(698880K), 0.0089962 secs] [Times: user=0.13 sys=0.00, real=0.01 secs] 
2016-09-24T02:41:30.801-0400: 102.556: [GC (GCLocker Initiated GC) [PSYoungGen: 174303K->76741K(175104K)] 673204K->579674K(699392K), 0.0085948 secs] [Times: user=0.11 sys=0.00, real=0.01 secs] 
2016-09-24T02:41:30.862-0400: 102.617: [GC (GCLocker Initiated GC) [PSYoungGen: 164805K->62357K(175104K)] 670461K->580359K(699392K), 0.0087317 secs] [Times: user=0.08 sys=0.01, real=0.00 secs] 
2016-09-24T02:41:30.871-0400: 102.626: [Full GC (Ergonomics) [PSYoungGen: 62357K->0K(175104K)] [ParOldGen: 518002K->488144K(524288K)] 580359K->488144K(699392K), [Metaspace: 43885K->43885K(1087488K)], 0.0772254 secs] [Times: user=0.87 sys=0.00, real=0.08 secs] 
2016-09-24T02:41:31.007-0400: 102.762: [GC (GCLocker Initiated GC) [PSYoungGen: 88064K->43320K(175104K)] 578914K->534170K(699392K), 0.0125341 secs] [Times: user=0.13 sys=0.00, real=0.01 secs] 
2016-09-24T02:41:31.067-0400: 102.822: [GC (GCLocker Initiated GC) [PSYoungGen: 131384K->64277K(175104K)] 627833K->560727K(699392K), 0.0077022 secs] [Times: user=0.10 sys=0.00, real=0.01 secs] 
2016-09-24T02:41:31.122-0400: 102.876: [GC (Allocation Failure) [PSYoungGen: 152341K->73962K(175104K)] 648928K->572185K(699392K), 0.0070567 secs] [Times: user=0.10 sys=0.01, real=0.01 secs] 
2016-09-24T02:41:31.129-0400: 102.884: [GC (GCLocker Initiated GC) --[PSYoungGen: 74230K->74230K(175104K)] 572453K->597483K(699392K), 0.0047158 secs] [Times: user=0.05 sys=0.00, real=0.01 secs] 
2016-09-24T02:41:31.134-0400: 102.889: [Full GC (Ergonomics) [PSYoungGen: 74230K->0K(175104K)] [ParOldGen: 523253K->495239K(524288K)] 597483K->495239K(699392K), [Metaspace: 43887K->43887K(1087488K)], 0.0593635 secs] [Times: user=0.60 sys=0.00, real=0.05 secs] 
2016-09-24T02:41:31.248-0400: 103.002: [GC (GCLocker Initiated GC) [PSYoungGen: 88064K->64920K(175104K)] 583308K->560164K(699392K), 0.0063819 secs] [Times: user=0.09 sys=0.00, real=0.00 secs] 
2016-09-24T02:41:31.305-0400: 103.060: [GC (GCLocker Initiated GC) [PSYoungGen: 152984K->61903K(174080K)] 653871K->565155K(698368K), 0.0069438 secs] [Times: user=0.10 sys=0.00, real=0.00 secs] 
2016-09-24T02:41:31.365-0400: 103.119: [GC (GCLocker Initiated GC) [PSYoungGen: 149967K->65890K(174592K)] 662916K->579545K(698880K), 0.0108414 secs] [Times: user=0.14 sys=0.00, real=0.01 secs] 
2016-09-24T02:41:31.434-0400: 103.189: [Full GC (Ergonomics) [PSYoungGen: 153954K->0K(174592K)] [ParOldGen: 520438K->494802K(524288K)] 674392K->494802K(698880K), [Metaspace: 43887K->43887K(1087488K)], 0.0869726 secs] [Times: user=0.85 sys=0.00, real=0.08 secs] 
2016-09-24T02:41:31.582-0400: 103.337: [GC (GCLocker Initiated GC) [PSYoungGen: 88064K->56638K(175104K)] 583044K->551619K(699392K), 0.0063162 secs] [Times: user=0.09 sys=0.00, real=0.00 secs] 
2016-09-24T02:41:31.638-0400: 103.393: [GC (GCLocker Initiated GC) [PSYoungGen: 146750K->63842K(174592K)] 649962K->567053K(698880K), 0.0066509 secs] [Times: user=0.09 sys=0.00, real=0.01 secs] 
2016-09-24T02:41:31.696-0400: 103.450: [GC (GCLocker Initiated GC) [PSYoungGen: 153954K->61483K(176128K)] 657369K->564898K(700416K), 0.0074420 secs] [Times: user=0.06 sys=0.00, real=0.01 secs] 
2016-09-24T02:41:31.763-0400: 103.518: [GC (Allocation Failure) [PSYoungGen: 155691K->74275K(175104K)] 660507K->579091K(699392K), 0.0113958 secs] [Times: user=0.13 sys=0.02, real=0.01 secs] 
2016-09-24T02:41:31.776-0400: 103.530: [GC (GCLocker Initiated GC) [PSYoungGen: 77671K->78398K(172544K)] 582486K->583214K(696832K), 0.0077022 secs] [Times: user=0.11 sys=0.00, real=0.01 secs] 
2016-09-24T02:41:31.830-0400: 103.584: [GC (GCLocker Initiated GC) [PSYoungGen: 167295K->56009K(175616K)] 674811K->570204K(699904K), 0.0084784 secs] [Times: user=0.10 sys=0.00, real=0.01 secs] 
2016-09-24T02:41:31.892-0400: 103.647: [Full GC (Ergonomics) [PSYoungGen: 145097K->0K(175616K)] [ParOldGen: 519674K->494989K(524288K)] 664771K->494989K(699904K), [Metaspace: 43887K->43887K(1087488K)], 0.0768973 secs] [Times: user=0.81 sys=0.01, real=0.08 secs] 
2016-09-24T02:41:32.018-0400: 103.773: [GC (GCLocker Initiated GC) [PSYoungGen: 89088K->66210K(172032K)] 584228K->561350K(696320K), 0.0073672 secs] [Times: user=0.11 sys=0.00, real=0.01 secs] 
2016-09-24T02:41:32.079-0400: 103.833: [GC (GCLocker Initiated GC) [PSYoungGen: 155810K->54560K(174080K)] 659077K->557827K(698368K), 0.0069581 secs] [Times: user=0.06 sys=0.00, real=0.01 secs] 
2016-09-24T02:41:32.139-0400: 103.893: [GC (GCLocker Initiated GC) [PSYoungGen: 144160K->78622K(172544K)] 647565K->586998K(696832K), 0.0090032 secs] [Times: user=0.12 sys=0.00, real=0.01 secs] 
2016-09-24T02:41:32.196-0400: 103.950: [GC (GCLocker Initiated GC) --[PSYoungGen: 166686K->166686K(172544K)] 679282K->688543K(696832K), 0.0137929 secs] [Times: user=0.12 sys=0.00, real=0.01 secs] 
2016-09-24T02:41:32.209-0400: 103.964: [Full GC (Ergonomics) [PSYoungGen: 166686K->0K(172544K)] [ParOldGen: 521856K->494351K(524288K)] 688543K->494351K(696832K), [Metaspace: 43887K->43887K(1087488K)], 0.0536485 secs] [Times: user=0.49 sys=0.01, real=0.06 secs] 
2016-09-24T02:41:32.315-0400: 104.070: [GC (GCLocker Initiated GC) [PSYoungGen: 88064K->57777K(175104K)] 589193K->558907K(699392K), 0.0088446 secs] [Times: user=0.13 sys=0.00, real=0.01 secs] 
2016-09-24T02:41:32.377-0400: 104.132: [GC (GCLocker Initiated GC) [PSYoungGen: 145841K->51517K(175104K)] 653840K->559516K(699392K), 0.0071631 secs] [Times: user=0.10 sys=0.00, real=0.01 secs] 
2016-09-24T02:41:32.431-0400: 104.186: [Full GC (Ergonomics) [PSYoungGen: 139581K->0K(175104K)] [ParOldGen: 516580K->487824K(524288K)] 656161K->487824K(699392K), [Metaspace: 43887K->43887K(1087488K)], 0.0837480 secs] [Times: user=0.95 sys=0.00, real=0.09 secs] 
2016-09-24T02:41:32.565-0400: 104.320: [GC (GCLocker Initiated GC) [PSYoungGen: 88064K->61872K(150016K)] 581381K->555190K(674304K), 0.0105521 secs] [Times: user=0.16 sys=0.00, real=0.01 secs] 
2016-09-24T02:41:32.637-0400: 104.391: [GC (GCLocker Initiated GC) [PSYoungGen: 149936K->66452K(174080K)] 644644K->561159K(698368K), 0.0069095 secs] [Times: user=0.11 sys=0.00, real=0.01 secs] 
2016-09-24T02:41:32.695-0400: 104.450: [GC (GCLocker Initiated GC) [PSYoungGen: 155540K->79102K(173056K)] 653021K->576584K(697344K), 0.0076022 secs] [Times: user=0.10 sys=0.00, real=0.01 secs] 
2016-09-24T02:41:32.752-0400: 104.507: [GC (GCLocker Initiated GC) [PSYoungGen: 168190K->85183K(175104K)] 665770K->590862K(699392K), 0.0090738 secs] [Times: user=0.13 sys=0.01, real=0.01 secs] 
2016-09-24T02:41:32.810-0400: 104.565: [GC (GCLocker Initiated GC) --[PSYoungGen: 173247K->173247K(175104K)] 678987K->696338K(699392K), 0.0110981 secs] [Times: user=0.10 sys=0.01, real=0.01 secs] 
2016-09-24T02:41:32.821-0400: 104.576: [Full GC (Ergonomics) [PSYoungGen: 173247K->0K(175104K)] [ParOldGen: 523091K->495663K(524288K)] 696338K->495663K(699392K), [Metaspace: 43887K->43887K(1087488K)], 0.0900684 secs] [Times: user=0.98 sys=0.02, real=0.09 secs] 
2016-09-24T02:41:32.967-0400: 104.721: [GC (GCLocker Initiated GC) [PSYoungGen: 88064K->75771K(175104K)] 583914K->571621K(699392K), 0.0086609 secs] [Times: user=0.11 sys=0.00, real=0.01 secs] 
2016-09-24T02:41:33.037-0400: 104.792: [GC (GCLocker Initiated GC) [PSYoungGen: 163835K->47853K(175104K)] 662489K->546507K(699392K), 0.0066321 secs] [Times: user=0.06 sys=0.00, real=0.01 secs] 
2016-09-24T02:41:33.098-0400: 104.853: [GC (GCLocker Initiated GC) --[PSYoungGen: 135917K->135917K(175104K)] 637386K->657827K(699392K), 0.0107325 secs] [Times: user=0.10 sys=0.01, real=0.01 secs] 
2016-09-24T02:41:33.109-0400: 104.864: [Full GC (Ergonomics) [PSYoungGen: 135917K->0K(175104K)] [ParOldGen: 521910K->494589K(524288K)] 657827K->494589K(699392K), [Metaspace: 43888K->43888K(1087488K)], 0.0547511 secs] [Times: user=0.52 sys=0.00, real=0.06 secs] 
2016-09-24T02:41:33.229-0400: 104.983: [GC (GCLocker Initiated GC) [PSYoungGen: 88064K->51667K(175104K)] 594904K->558507K(699392K), 0.0064954 secs] [Times: user=0.08 sys=0.01, real=0.01 secs] 
2016-09-24T02:41:33.297-0400: 105.051: [GC (GCLocker Initiated GC) --[PSYoungGen: 139731K->139731K(175104K)] 647833K->662415K(699392K), 0.0106965 secs] [Times: user=0.07 sys=0.02, real=0.01 secs] 
2016-09-24T02:41:33.307-0400: 105.062: [Full GC (Ergonomics) [PSYoungGen: 139731K->0K(175104K)] [ParOldGen: 522683K->494797K(524288K)] 662415K->494797K(699392K), [Metaspace: 43888K->43888K(1087488K)], 0.0637562 secs] [Times: user=0.66 sys=0.00, real=0.06 secs] 
2016-09-24T02:41:33.431-0400: 105.186: [GC (GCLocker Initiated GC) [PSYoungGen: 88064K->64944K(175104K)] 589736K->566617K(699392K), 0.0073066 secs] [Times: user=0.09 sys=0.00, real=0.01 secs] 
2016-09-24T02:41:33.505-0400: 105.259: [GC (GCLocker Initiated GC) [PSYoungGen: 153008K->47039K(175104K)] 654817K->560632K(699392K), 0.0064780 secs] [Times: user=0.06 sys=0.00, real=0.00 secs] 
2016-09-24T02:41:33.575-0400: 105.330: [Full GC (Ergonomics) [PSYoungGen: 135103K->0K(175104K)] [ParOldGen: 521728K->495168K(524288K)] 656831K->495168K(699392K), [Metaspace: 43888K->43888K(1087488K)], 0.0567542 secs] [Times: user=0.57 sys=0.00, real=0.05 secs] 
2016-09-24T02:41:33.683-0400: 105.437: [GC (GCLocker Initiated GC) [PSYoungGen: 88064K->60784K(175104K)] 588649K->561370K(699392K), 0.0070530 secs] [Times: user=0.10 sys=0.00, real=0.00 secs] 
2016-09-24T02:41:33.745-0400: 105.499: [GC (GCLocker Initiated GC) [PSYoungGen: 148848K->72714K(175104K)] 649551K->577092K(699392K), 0.0082425 secs] [Times: user=0.12 sys=0.00, real=0.00 secs] 
2016-09-24T02:41:33.814-0400: 105.569: [GC (GCLocker Initiated GC) --[PSYoungGen: 160778K->160778K(175104K)] 673319K->684814K(699392K), 0.0122858 secs] [Times: user=0.13 sys=0.00, real=0.02 secs] 
2016-09-24T02:41:33.826-0400: 105.581: [Full GC (Ergonomics) [PSYoungGen: 160778K->0K(175104K)] [ParOldGen: 524036K->502385K(524288K)] 684814K->502385K(699392K), [Metaspace: 43888K->43888K(1087488K)], 0.0608311 secs] [Times: user=0.59 sys=0.00, real=0.06 secs] 
2016-09-24T02:41:33.941-0400: 105.695: [GC (GCLocker Initiated GC) [PSYoungGen: 88064K->58177K(175104K)] 593220K->563334K(699392K), 0.0067471 secs] [Times: user=0.08 sys=0.00, real=0.01 secs] 
2016-09-24T02:41:33.995-0400: 105.750: [GC (GCLocker Initiated GC) --[PSYoungGen: 146241K->146241K(175104K)] 651477K->670072K(699392K), 0.0111045 secs] [Times: user=0.09 sys=0.00, real=0.01 secs] 
2016-09-24T02:41:34.006-0400: 105.761: [Full GC (Ergonomics) [PSYoungGen: 146241K->0K(175104K)] [ParOldGen: 523830K->506219K(524288K)] 670072K->506219K(699392K), [Metaspace: 43888K->43888K(1087488K)], 0.0578707 secs] [Times: user=0.55 sys=0.01, real=0.06 secs] 
2016-09-24T02:41:34.124-0400: 105.878: [GC (GCLocker Initiated GC) [PSYoungGen: 88064K->59509K(147968K)] 599793K->571238K(672256K), 0.0065300 secs] [Times: user=0.08 sys=0.00, real=0.00 secs] 
2016-09-24T02:41:34.192-0400: 105.947: [Full GC (Ergonomics) [PSYoungGen: 147573K->0K(147968K)] [ParOldGen: 517374K->493329K(524288K)] 664947K->493329K(672256K), [Metaspace: 43888K->43888K(1087488K)], 0.0721009 secs] [Times: user=0.63 sys=0.01, real=0.08 secs] 
2016-09-24T02:41:34.323-0400: 106.078: [GC (GCLocker Initiated GC) [PSYoungGen: 88064K->48636K(174592K)] 582825K->543398K(698880K), 0.0087199 secs] [Times: user=0.06 sys=0.00, real=0.00 secs] 
2016-09-24T02:41:34.394-0400: 106.149: [GC (GCLocker Initiated GC) [PSYoungGen: 136700K->56042K(144384K)] 637453K->556795K(668672K), 0.0237890 secs] [Times: user=0.28 sys=0.00, real=0.02 secs] 
2016-09-24T02:41:34.479-0400: 106.234: [GC (GCLocker Initiated GC) [PSYoungGen: 144106K->76890K(172032K)] 650355K->583139K(696320K), 0.0093324 secs] [Times: user=0.14 sys=0.00, real=0.01 secs] 
2016-09-24T02:41:34.542-0400: 106.297: [GC (GCLocker Initiated GC) --[PSYoungGen: 163930K->163930K(172032K)] 679693K->687501K(696320K), 0.0149142 secs] [Times: user=0.10 sys=0.01, real=0.01 secs] 
2016-09-24T02:41:34.557-0400: 106.312: [Full GC (Ergonomics) [PSYoungGen: 163930K->0K(172032K)] [ParOldGen: 523571K->501023K(524288K)] 687501K->501023K(696320K), [Metaspace: 43888K->43888K(1087488K)], 0.0590173 secs] [Times: user=0.59 sys=0.00, real=0.06 secs] 
2016-09-24T02:41:34.665-0400: 106.420: [GC (GCLocker Initiated GC) [PSYoungGen: 87040K->78564K(174080K)] 588104K->579628K(698368K), 0.0141190 secs] [Times: user=0.16 sys=0.00, real=0.01 secs] 
2016-09-24T02:41:34.753-0400: 106.508: [GC (GCLocker Initiated GC) [PSYoungGen: 165604K->76455K(175104K)] 666804K->577655K(699392K), 0.0076342 secs] [Times: user=0.10 sys=0.01, real=0.01 secs] 
2016-09-24T02:41:34.824-0400: 106.579: [GC (GCLocker Initiated GC) --[PSYoungGen: 164519K->164519K(175104K)] 671355K->686604K(699392K), 0.0116308 secs] [Times: user=0.09 sys=0.00, real=0.01 secs] 
2016-09-24T02:41:34.836-0400: 106.591: [Full GC (Ergonomics) [PSYoungGen: 164519K->0K(175104K)] [ParOldGen: 522084K->500271K(524288K)] 686604K->500271K(699392K), [Metaspace: 43888K->43888K(1087488K)], 0.0592888 secs] [Times: user=0.54 sys=0.00, real=0.06 secs] 
2016-09-24T02:41:34.950-0400: 106.705: [GC (GCLocker Initiated GC) [PSYoungGen: 88064K->52929K(175104K)] 593918K->558783K(699392K), 0.0062422 secs] [Times: user=0.07 sys=0.00, real=0.01 secs] 
2016-09-24T02:41:35.016-0400: 106.771: [GC (GCLocker Initiated GC) --[PSYoungGen: 140993K->140993K(175104K)] 655916K->663822K(699392K), 0.0154611 secs] [Times: user=0.15 sys=0.00, real=0.01 secs] 
2016-09-24T02:41:35.031-0400: 106.786: [Full GC (Ergonomics) [PSYoungGen: 140993K->0K(175104K)] [ParOldGen: 522829K->498496K(524288K)] 663822K->498496K(699392K), [Metaspace: 43888K->43888K(1087488K)], 0.1207511 secs] [Times: user=1.66 sys=0.01, real=0.12 secs] 
2016-09-24T02:41:35.217-0400: 106.972: [GC (GCLocker Initiated GC) [PSYoungGen: 88064K->39411K(175104K)] 599210K->550557K(699392K), 0.0100770 secs] [Times: user=0.10 sys=0.02, real=0.01 secs] 
2016-09-24T02:41:35.280-0400: 107.034: [GC (GCLocker Initiated GC) [PSYoungGen: 127475K->86381K(175104K)] 638874K->601626K(699392K), 0.0085627 secs] [Times: user=0.13 sys=0.00, real=0.01 secs] 
2016-09-24T02:41:35.341-0400: 107.096: [GC (GCLocker Initiated GC) [PSYoungGen: 174445K->66063K(175104K)] 689718K->590222K(699392K), 0.0084194 secs] [Times: user=0.09 sys=0.00, real=0.01 secs] 
2016-09-24T02:41:35.349-0400: 107.104: [Full GC (Ergonomics) [PSYoungGen: 66063K->0K(175104K)] [ParOldGen: 524159K->504516K(524288K)] 590222K->504516K(699392K), [Metaspace: 43888K->43888K(1087488K)], 0.0675945 secs] [Times: user=0.75 sys=0.01, real=0.07 secs] 
2016-09-24T02:41:35.471-0400: 107.226: [GC (GCLocker Initiated GC) [PSYoungGen: 88064K->79978K(175104K)] 592673K->584587K(699392K), 0.0081347 secs] [Times: user=0.13 sys=0.00, real=0.01 secs] 
2016-09-24T02:41:35.543-0400: 107.298: [GC (GCLocker Initiated GC) [PSYoungGen: 168042K->59450K(175104K)] 672712K->582868K(699392K), 0.0072206 secs] [Times: user=0.10 sys=0.00, real=0.00 secs] 
2016-09-24T02:41:35.550-0400: 107.305: [Full GC (Ergonomics) [PSYoungGen: 59450K->0K(175104K)] [ParOldGen: 523418K->500600K(524288K)] 582868K->500600K(699392K), [Metaspace: 43888K->43888K(1087488K)], 0.1002938 secs] [Times: user=1.15 sys=0.00, real=0.10 secs] 
2016-09-24T02:41:35.708-0400: 107.462: [GC (GCLocker Initiated GC) [PSYoungGen: 88064K->58640K(175104K)] 588751K->559327K(699392K), 0.0067779 secs] [Times: user=0.09 sys=0.00, real=0.01 secs] 
2016-09-24T02:41:35.773-0400: 107.528: [Full GC (Ergonomics) [PSYoungGen: 146704K->0K(175104K)] [ParOldGen: 512951K->507478K(524288K)] 659655K->507478K(699392K), [Metaspace: 43888K->43888K(1087488K)], 0.0983368 secs] [Times: user=1.10 sys=0.01, real=0.10 secs] 
2016-09-24T02:41:35.932-0400: 107.687: [Full GC (Ergonomics) [PSYoungGen: 88064K->0K(175104K)] [ParOldGen: 511567K->505559K(524288K)] 599631K->505559K(699392K), [Metaspace: 43888K->43888K(1087488K)], 0.0648840 secs] [Times: user=0.65 sys=0.02, real=0.07 secs] 
2016-09-24T02:41:36.062-0400: 107.816: [Full GC (Ergonomics) [PSYoungGen: 88064K->0K(175104K)] [ParOldGen: 511095K->506250K(524288K)] 599159K->506250K(699392K), [Metaspace: 43888K->43888K(1087488K)], 0.0708178 secs] [Times: user=0.80 sys=0.00, real=0.07 secs] 
2016-09-24T02:41:36.190-0400: 107.945: [GC (GCLocker Initiated GC) [PSYoungGen: 88064K->69127K(175104K)] 594324K->575387K(699392K), 0.0080126 secs] [Times: user=0.11 sys=0.00, real=0.01 secs] 
2016-09-24T02:41:36.255-0400: 108.010: [Full GC (Ergonomics) [PSYoungGen: 157191K->0K(175104K)] [ParOldGen: 511742K->504956K(524288K)] 668933K->504956K(699392K), [Metaspace: 43888K->43888K(1087488K)], 0.0576054 secs] [Times: user=0.51 sys=0.00, real=0.05 secs] 
2016-09-24T02:41:36.387-0400: 108.142: [Full GC (Ergonomics) [PSYoungGen: 88064K->0K(175104K)] [ParOldGen: 514750K->402405K(524288K)] 602814K->402405K(699392K), [Metaspace: 43888K->43888K(1087488K)], 0.0661555 secs] [Times: user=0.56 sys=0.01, real=0.06 secs] 
2016-09-24T02:41:36.510-0400: 108.265: [GC (GCLocker Initiated GC) [PSYoungGen: 88064K->73281K(175104K)] 490559K->475777K(699392K), 0.0068447 secs] [Times: user=0.10 sys=0.01, real=0.01 secs] 
2016-09-24T02:41:36.574-0400: 108.329: [GC (GCLocker Initiated GC) [PSYoungGen: 161345K->34958K(175104K)] 568136K->467292K(699392K), 0.0072341 secs] [Times: user=0.07 sys=0.01, real=0.00 secs] 
2016-09-24T02:41:36.646-0400: 108.401: [GC (GCLocker Initiated GC) [PSYoungGen: 123022K->56778K(175104K)] 560784K->495428K(699392K), 0.0138377 secs] [Times: user=0.18 sys=0.00, real=0.01 secs] 
2016-09-24T02:41:36.727-0400: 108.482: [GC (GCLocker Initiated GC) [PSYoungGen: 144842K->41730K(175104K)] 583828K->495140K(699392K), 0.0131540 secs] [Times: user=0.18 sys=0.00, real=0.01 secs] 
2016-09-24T02:41:36.796-0400: 108.550: [GC (GCLocker Initiated GC) [PSYoungGen: 129794K->57918K(175104K)] 583393K->533956K(699392K), 0.0093375 secs] [Times: user=0.10 sys=0.00, real=0.01 secs] 
2016-09-24T02:41:36.862-0400: 108.617: [GC (GCLocker Initiated GC) [PSYoungGen: 145982K->45729K(175104K)] 624747K->544084K(699392K), 0.0213813 secs] [Times: user=0.29 sys=0.00, real=0.02 secs] 
2016-09-24T02:41:36.884-0400: 108.638: [Full GC (Ergonomics) [PSYoungGen: 45729K->0K(175104K)] [ParOldGen: 498354K->404109K(524288K)] 544084K->404109K(699392K), [Metaspace: 43888K->43888K(1087488K)], 0.0555614 secs] [Times: user=0.50 sys=0.01, real=0.05 secs] 
2016-09-24T02:41:37.009-0400: 108.764: [GC (GCLocker Initiated GC) [PSYoungGen: 88064K->39407K(175104K)] 501712K->453055K(699392K), 0.0063797 secs] [Times: user=0.07 sys=0.00, real=0.01 secs] 
2016-09-24T02:41:37.065-0400: 108.820: [GC (GCLocker Initiated GC) [PSYoungGen: 127471K->61955K(175104K)] 541129K->490384K(699392K), 0.0110602 secs] [Times: user=0.17 sys=0.00, real=0.01 secs] 
2016-09-24T02:41:37.135-0400: 108.890: [GC (GCLocker Initiated GC) [PSYoungGen: 150019K->69989K(175104K)] 578645K->499308K(699392K), 0.0093074 secs] [Times: user=0.12 sys=0.00, real=0.01 secs] 
2016-09-24T02:41:37.209-0400: 108.964: [GC (GCLocker Initiated GC) [PSYoungGen: 158053K->42957K(175104K)] 590145K->486492K(699392K), 0.0061091 secs] [Times: user=0.07 sys=0.00, real=0.01 secs] 
2016-09-24T02:41:37.275-0400: 109.030: [GC (GCLocker Initiated GC) [PSYoungGen: 131021K->62053K(175104K)] 577364K->522715K(699392K), 0.0074388 secs] [Times: user=0.11 sys=0.00, real=0.01 secs] 
2016-09-24T02:41:37.339-0400: 109.093: [GC (GCLocker Initiated GC) [PSYoungGen: 150117K->64721K(175104K)] 610820K->539747K(699392K), 0.0079225 secs] [Times: user=0.11 sys=0.00, real=0.01 secs] 
2016-09-24T02:41:37.407-0400: 109.162: [GC (GCLocker Initiated GC) [PSYoungGen: 152785K->72919K(175104K)] 630594K->562303K(699392K), 0.0100007 secs] [Times: user=0.12 sys=0.00, real=0.01 secs] 
2016-09-24T02:41:37.481-0400: 109.236: [GC (GCLocker Initiated GC) [PSYoungGen: 160983K->48487K(175104K)] 650452K->571172K(699392K), 0.0112461 secs] [Times: user=0.14 sys=0.00, real=0.01 secs] 
2016-09-24T02:41:37.493-0400: 109.248: [Full GC (Ergonomics) [PSYoungGen: 48487K->0K(175104K)] [ParOldGen: 522685K->417767K(524288K)] 571172K->417767K(699392K), [Metaspace: 43888K->43888K(1087488K)], 0.0637171 secs] [Times: user=0.49 sys=0.02, real=0.07 secs] 
2016-09-24T02:41:37.621-0400: 109.376: [GC (GCLocker Initiated GC) [PSYoungGen: 88064K->47499K(175104K)] 518174K->477609K(699392K), 0.0101876 secs] [Times: user=0.11 sys=0.00, real=0.01 secs] 
2016-09-24T02:41:37.686-0400: 109.441: [GC (GCLocker Initiated GC) [PSYoungGen: 135563K->39019K(175104K)] 565749K->484016K(699392K), 0.0103258 secs] [Times: user=0.11 sys=0.00, real=0.01 secs] 
2016-09-24T02:41:37.761-0400: 109.516: [GC (GCLocker Initiated GC) [PSYoungGen: 127083K->44226K(175104K)] 572101K->489903K(699392K), 0.0079742 secs] [Times: user=0.07 sys=0.00, real=0.01 secs] 
2016-09-24T02:41:37.828-0400: 109.582: [GC (GCLocker Initiated GC) [PSYoungGen: 132290K->44889K(172032K)] 580810K->493409K(696320K), 0.0121466 secs] [Times: user=0.13 sys=0.01, real=0.01 secs] 
2016-09-24T02:41:37.901-0400: 109.656: [GC (GCLocker Initiated GC) [PSYoungGen: 132953K->60730K(173568K)] 585535K->513313K(697856K), 0.0103461 secs] [Times: user=0.12 sys=0.00, real=0.01 secs] 
2016-09-24T02:41:37.973-0400: 109.727: [GC (GCLocker Initiated GC) [PSYoungGen: 148794K->61144K(175104K)] 606931K->519280K(699392K), 0.0080864 secs] [Times: user=0.08 sys=0.00, real=0.01 secs] 
2016-09-24T02:41:38.038-0400: 109.793: [GC (GCLocker Initiated GC) [PSYoungGen: 152792K->59031K(176128K)] 611139K->517378K(700416K), 0.0173298 secs] [Times: user=0.19 sys=0.00, real=0.02 secs] 
2016-09-24T02:41:38.123-0400: 109.878: [GC (GCLocker Initiated GC) [PSYoungGen: 150679K->57038K(172544K)] 614552K->520911K(696832K), 0.0227867 secs] [Times: user=0.27 sys=0.00, real=0.02 secs] 
2016-09-24T02:41:38.221-0400: 109.975: [GC (GCLocker Initiated GC) [PSYoungGen: 151246K->72609K(175104K)] 615128K->536491K(699392K), 0.0098800 secs] [Times: user=0.14 sys=0.00, real=0.01 secs] 
2016-09-24T02:41:38.296-0400: 110.051: [GC (GCLocker Initiated GC) [PSYoungGen: 166817K->65022K(177152K)] 632054K->530259K(701440K), 0.0075071 secs] [Times: user=0.10 sys=0.00, real=0.01 secs] 
2016-09-24T02:41:38.360-0400: 110.115: [GC (GCLocker Initiated GC) [PSYoungGen: 157182K->53219K(145408K)] 625272K->521309K(669696K), 0.0061574 secs] [Times: user=0.07 sys=0.00, real=0.01 secs] 
2016-09-24T02:41:38.425-0400: 110.179: [GC (GCLocker Initiated GC) [PSYoungGen: 145379K->74333K(171008K)] 620264K->549218K(695296K), 0.0204091 secs] [Times: user=0.29 sys=0.00, real=0.02 secs] 
2016-09-24T02:41:38.508-0400: 110.263: [GC (GCLocker Initiated GC) [PSYoungGen: 162397K->74775K(175104K)] 640006K->552385K(699392K), 0.0089128 secs] [Times: user=0.11 sys=0.01, real=0.01 secs] 
2016-09-24T02:41:38.577-0400: 110.332: [GC (GCLocker Initiated GC) [PSYoungGen: 162839K->86286K(175104K)] 640688K->573539K(699392K), 0.0107718 secs] [Times: user=0.14 sys=0.00, real=0.01 secs] 
2016-09-24T02:41:38.645-0400: 110.400: [GC (Allocation Failure) [PSYoungGen: 174350K->76204K(175104K)] 664454K->573066K(699392K), 0.0107021 secs] [Times: user=0.13 sys=0.00, real=0.01 secs] 
2016-09-24T02:41:38.718-0400: 110.472: [GC (GCLocker Initiated GC) [PSYoungGen: 162720K->74024K(175104K)] 662282K->577733K(699392K), 0.0145815 secs] [Times: user=0.13 sys=0.00, real=0.01 secs] 
2016-09-24T02:41:38.805-0400: 110.560: [GC (GCLocker Initiated GC) [PSYoungGen: 162088K->73319K(175104K)] 665889K->578442K(699392K), 0.0095696 secs] [Times: user=0.09 sys=0.01, real=0.01 secs] 
2016-09-24T02:41:38.881-0400: 110.636: [Full GC (Ergonomics) [PSYoungGen: 161383K->0K(175104K)] [ParOldGen: 511943K->381959K(524288K)] 673327K->381959K(699392K), [Metaspace: 43891K->43891K(1087488K)], 0.0801689 secs] [Times: user=0.67 sys=0.00, real=0.08 secs] 
2016-09-24T02:41:39.026-0400: 110.781: [GC (GCLocker Initiated GC) [PSYoungGen: 88064K->52670K(175104K)] 470125K->434732K(699392K), 0.0083483 secs] [Times: user=0.07 sys=0.00, real=0.01 secs] 
2016-09-24T02:41:39.101-0400: 110.856: [GC (GCLocker Initiated GC) [PSYoungGen: 140734K->51875K(175104K)] 522829K->433970K(699392K), 0.0101631 secs] [Times: user=0.07 sys=0.00, real=0.01 secs] 
2016-09-24T02:41:39.169-0400: 110.924: [GC (GCLocker Initiated GC) [PSYoungGen: 139939K->34984K(175104K)] 535739K->430784K(699392K), 0.0088965 secs] [Times: user=0.10 sys=0.00, real=0.01 secs] 
2016-09-24T02:41:39.230-0400: 110.985: [GC (GCLocker Initiated GC) [PSYoungGen: 123048K->60280K(175104K)] 518953K->458465K(699392K), 0.0231400 secs] [Times: user=0.27 sys=0.01, real=0.02 secs] 
2016-09-24T02:41:39.310-0400: 111.064: [GC (GCLocker Initiated GC) [PSYoungGen: 148344K->70314K(175104K)] 546647K->475251K(699392K), 0.0095997 secs] [Times: user=0.10 sys=0.00, real=0.01 secs] 
2016-09-24T02:41:39.383-0400: 111.138: [GC (GCLocker Initiated GC) [PSYoungGen: 158378K->65918K(175104K)] 563348K->498924K(699392K), 0.0105330 secs] [Times: user=0.13 sys=0.00, real=0.00 secs] 
2016-09-24T02:41:39.448-0400: 111.203: [GC (GCLocker Initiated GC) [PSYoungGen: 153982K->41558K(175104K)] 592233K->491223K(699392K), 0.0172373 secs] [Times: user=0.26 sys=0.00, real=0.02 secs] 
2016-09-24T02:41:39.518-0400: 111.272: [GC (GCLocker Initiated GC) [PSYoungGen: 129622K->57666K(175104K)] 579488K->508217K(699392K), 0.0080424 secs] [Times: user=0.06 sys=0.00, real=0.01 secs] 
2016-09-24T02:41:39.583-0400: 111.338: [GC (GCLocker Initiated GC) [PSYoungGen: 145730K->47027K(175104K)] 598983K->500894K(699392K), 0.0059735 secs] [Times: user=0.08 sys=0.00, real=0.00 secs] 
2016-09-24T02:41:39.667-0400: 111.421: [GC (GCLocker Initiated GC) [PSYoungGen: 135091K->38651K(175104K)] 588979K->493210K(699392K), 0.0167741 secs] [Times: user=0.20 sys=0.00, real=0.02 secs] 
2016-09-24T02:41:39.750-0400: 111.505: [GC (GCLocker Initiated GC) [PSYoungGen: 126715K->38969K(175104K)] 585454K->506507K(699392K), 0.0147767 secs] [Times: user=0.21 sys=0.01, real=0.02 secs] 
2016-09-24T02:41:39.829-0400: 111.584: [GC (GCLocker Initiated GC) [PSYoungGen: 127033K->56264K(144384K)] 594615K->524579K(668672K), 0.0105320 secs] [Times: user=0.12 sys=0.00, real=0.01 secs] 
2016-09-24T02:41:39.899-0400: 111.653: [GC (GCLocker Initiated GC) [PSYoungGen: 144328K->63830K(174592K)] 619406K->538908K(698880K), 0.0078421 secs] [Times: user=0.08 sys=0.00, real=0.01 secs] 
2016-09-24T02:41:39.963-0400: 111.718: [GC (GCLocker Initiated GC) [PSYoungGen: 151894K->69612K(174592K)] 629803K->547521K(698880K), 0.0161510 secs] [Times: user=0.21 sys=0.00, real=0.01 secs] 
2016-09-24T02:41:40.034-0400: 111.789: [GC (GCLocker Initiated GC) [PSYoungGen: 157676K->33824K(175104K)] 638388K->537298K(699392K), 0.0151284 secs] [Times: user=0.17 sys=0.00, real=0.02 secs] 
2016-09-24T02:41:40.049-0400: 111.804: [Full GC (Ergonomics) [PSYoungGen: 33824K->0K(175104K)] [ParOldGen: 503473K->389062K(524288K)] 537298K->389062K(699392K), [Metaspace: 43891K->43891K(1087488K)], 0.0561514 secs] [Times: user=0.46 sys=0.01, real=0.06 secs] 
2016-09-24T02:41:40.175-0400: 111.929: [GC (Allocation Failure) [PSYoungGen: 88064K->69999K(175104K)] 479977K->461920K(699392K), 0.0103208 secs] [Times: user=0.13 sys=0.00, real=0.01 secs] 
2016-09-24T02:41:40.250-0400: 112.005: [GC (GCLocker Initiated GC) [PSYoungGen: 155963K->45501K(175104K)] 550584K->448883K(699392K), 0.0138864 secs] [Times: user=0.14 sys=0.00, real=0.02 secs] 
2016-09-24T02:41:40.333-0400: 112.088: [GC (GCLocker Initiated GC) [PSYoungGen: 133565K->47147K(175104K)] 545119K->459324K(699392K), 0.0222324 secs] [Times: user=0.29 sys=0.00, real=0.03 secs] 
2016-09-24T02:41:40.426-0400: 112.180: [GC (GCLocker Initiated GC) [PSYoungGen: 135211K->49746K(172032K)] 552852K->468133K(696320K), 0.0096003 secs] [Times: user=0.08 sys=0.01, real=0.01 secs] 
2016-09-24T02:41:40.511-0400: 112.265: [GC (GCLocker Initiated GC) [PSYoungGen: 137810K->61315K(173568K)] 568381K->491885K(697856K), 0.0073667 secs] [Times: user=0.08 sys=0.00, real=0.01 secs] 
2016-09-24T02:41:40.574-0400: 112.329: [GC (GCLocker Initiated GC) [PSYoungGen: 149379K->84791K(173056K)] 580110K->529022K(697344K), 0.0252525 secs] [Times: user=0.35 sys=0.01, real=0.03 secs] 
2016-09-24T02:41:40.661-0400: 112.415: [GC (GCLocker Initiated GC) [PSYoungGen: 172855K->51676K(175104K)] 626729K->533994K(699392K), 0.0085186 secs] [Times: user=0.10 sys=0.00, real=0.01 secs] 
2016-09-24T02:41:40.728-0400: 112.483: [GC (GCLocker Initiated GC) [PSYoungGen: 139740K->65925K(175104K)] 622068K->579215K(699392K), 0.0095032 secs] [Times: user=0.13 sys=0.00, real=0.01 secs] 
2016-09-24T02:41:40.738-0400: 112.493: [Full GC (Ergonomics) [PSYoungGen: 65925K->0K(175104K)] [ParOldGen: 513289K->392414K(524288K)] 579215K->392414K(699392K), [Metaspace: 43895K->43895K(1087488K)], 0.0789356 secs] [Times: user=0.75 sys=0.01, real=0.08 secs] 
2016-09-24T02:41:40.871-0400: 112.626: [GC (GCLocker Initiated GC) [PSYoungGen: 88064K->79552K(175104K)] 480519K->472007K(699392K), 0.0099451 secs] [Times: user=0.10 sys=0.00, real=0.01 secs] 
2016-09-24T02:41:40.937-0400: 112.692: [GC (GCLocker Initiated GC) [PSYoungGen: 167616K->56315K(175104K)] 566945K->479399K(699392K), 0.0081446 secs] [Times: user=0.10 sys=0.00, real=0.01 secs] 
2016-09-24T02:41:40.998-0400: 112.753: [GC (GCLocker Initiated GC) [PSYoungGen: 144379K->43996K(175104K)] 574377K->477137K(699392K), 0.0100667 secs] [Times: user=0.12 sys=0.00, real=0.01 secs] 
2016-09-24T02:41:41.065-0400: 112.819: [GC (GCLocker Initiated GC) [PSYoungGen: 132060K->42627K(175104K)] 570778K->487277K(699392K), 0.0112658 secs] [Times: user=0.11 sys=0.01, real=0.01 secs] 
2016-09-24T02:41:41.138-0400: 112.893: [GC (GCLocker Initiated GC) [PSYoungGen: 130691K->39916K(175104K)] 583502K->495871K(699392K), 0.0131642 secs] [Times: user=0.14 sys=0.00, real=0.01 secs] 
2016-09-24T02:41:41.211-0400: 112.966: [GC (GCLocker Initiated GC) [PSYoungGen: 127980K->44117K(175104K)] 588067K->504738K(699392K), 0.0109430 secs] [Times: user=0.15 sys=0.00, real=0.02 secs] 
2016-09-24T02:41:41.289-0400: 113.043: [GC (GCLocker Initiated GC) [PSYoungGen: 132181K->59064K(175104K)] 595590K->523036K(699392K), 0.0072260 secs] [Times: user=0.11 sys=0.00, real=0.01 secs] 
2016-09-24T02:41:41.352-0400: 113.107: [GC (GCLocker Initiated GC) [PSYoungGen: 147128K->65910K(175104K)] 611158K->530542K(699392K), 0.0079757 secs] [Times: user=0.12 sys=0.00, real=0.01 secs] 
2016-09-24T02:41:41.410-0400: 113.165: [GC (GCLocker Initiated GC) [PSYoungGen: 153974K->53590K(141824K)] 624090K->537825K(666112K), 0.0133399 secs] [Times: user=0.15 sys=0.00, real=0.02 secs] 
2016-09-24T02:41:41.488-0400: 113.242: [GC (GCLocker Initiated GC) [PSYoungGen: 141654K->45439K(175104K)] 634046K->549213K(699392K), 0.0085947 secs] [Times: user=0.06 sys=0.00, real=0.01 secs] 
2016-09-24T02:41:41.496-0400: 113.251: [Full GC (Ergonomics) [PSYoungGen: 45439K->0K(175104K)] [ParOldGen: 503773K->402509K(524288K)] 549213K->402509K(699392K), [Metaspace: 43895K->43895K(1087488K)], 0.0755883 secs] [Times: user=0.60 sys=0.02, real=0.07 secs] 
2016-09-24T02:41:41.645-0400: 113.399: [GC (GCLocker Initiated GC) [PSYoungGen: 89600K->44359K(173568K)] 505802K->460561K(697856K), 0.0103027 secs] [Times: user=0.10 sys=0.01, real=0.01 secs] 
2016-09-24T02:41:41.706-0400: 113.461: [GC (GCLocker Initiated GC) [PSYoungGen: 133959K->54141K(175616K)] 550261K->470444K(699904K), 0.0128374 secs] [Times: user=0.11 sys=0.00, real=0.01 secs] 
2016-09-24T02:41:41.785-0400: 113.540: [GC (GCLocker Initiated GC) [PSYoungGen: 149373K->77821K(175616K)] 572508K->509055K(699904K), 0.0087537 secs] [Times: user=0.13 sys=0.01, real=0.01 secs] 
2016-09-24T02:41:41.856-0400: 113.611: [GC (GCLocker Initiated GC) [PSYoungGen: 173053K->54624K(178176K)] 606038K->504569K(702464K), 0.0094101 secs] [Times: user=0.10 sys=0.00, real=0.01 secs] 
2016-09-24T02:41:41.919-0400: 113.674: [GC (GCLocker Initiated GC) [PSYoungGen: 146272K->60354K(152064K)] 603018K->517100K(676352K), 0.0124725 secs] [Times: user=0.09 sys=0.00, real=0.01 secs] 
2016-09-24T02:41:41.982-0400: 113.737: [GC (GCLocker Initiated GC) [PSYoungGen: 152002K->61820K(175616K)] 608765K->527186K(699904K), 0.0132415 secs] [Times: user=0.14 sys=0.00, real=0.01 secs] 
2016-09-24T02:41:42.063-0400: 113.818: [GC (GCLocker Initiated GC) [PSYoungGen: 154492K->72463K(174592K)] 619902K->541140K(698880K), 0.0098076 secs] [Times: user=0.10 sys=0.00, real=0.00 secs] 
2016-09-24T02:41:42.123-0400: 113.878: [GC (GCLocker Initiated GC) [PSYoungGen: 165135K->58980K(177664K)] 637352K->534531K(701952K), 0.0128672 secs] [Times: user=0.14 sys=0.00, real=0.01 secs] 
2016-09-24T02:41:42.193-0400: 113.948: [GC (GCLocker Initiated GC) [PSYoungGen: 152676K->50405K(176640K)] 635045K->541811K(700928K), 0.0090719 secs] [Times: user=0.09 sys=0.00, real=0.02 secs] 
2016-09-24T02:41:42.271-0400: 114.026: [GC (GCLocker Initiated GC) [PSYoungGen: 144101K->56032K(177152K)] 635540K->550581K(701440K), 0.0069656 secs] [Times: user=0.07 sys=0.00, real=0.01 secs] 
2016-09-24T02:41:42.339-0400: 114.094: [GC (GCLocker Initiated GC) [PSYoungGen: 153312K->45107K(177152K)] 653273K->545548K(701440K), 0.0097084 secs] [Times: user=0.09 sys=0.01, real=0.01 secs] 
2016-09-24T02:41:42.405-0400: 114.160: [GC (GCLocker Initiated GC) [PSYoungGen: 142387K->77785K(171008K)] 645587K->592317K(695296K), 0.0253223 secs] [Times: user=0.28 sys=0.00, real=0.02 secs] 
2016-09-24T02:41:42.431-0400: 114.186: [Full GC (Ergonomics) [PSYoungGen: 77785K->0K(171008K)] [ParOldGen: 514532K->413734K(524288K)] 592317K->413734K(695296K), [Metaspace: 43895K->43895K(1087488K)], 0.0604823 secs] [Times: user=0.41 sys=0.00, real=0.06 secs] 
2016-09-24T02:41:42.552-0400: 114.307: [GC (GCLocker Initiated GC) [PSYoungGen: 91136K->79768K(171008K)] 504932K->493565K(695296K), 0.0108813 secs] [Times: user=0.15 sys=0.00, real=0.02 secs] 
2016-09-24T02:41:42.619-0400: 114.374: [GC (GCLocker Initiated GC) [PSYoungGen: 170904K->48329K(175104K)] 584948K->487540K(699392K), 0.0121493 secs] [Times: user=0.10 sys=0.00, real=0.01 secs] 
2016-09-24T02:41:42.686-0400: 114.441: [GC (GCLocker Initiated GC) [PSYoungGen: 136393K->76684K(175104K)] 575719K->516649K(699392K), 0.0079177 secs] [Times: user=0.10 sys=0.01, real=0.01 secs] 
2016-09-24T02:41:42.770-0400: 114.525: [GC (Allocation Failure) [PSYoungGen: 164748K->25319K(175104K)] 611506K->486141K(699392K), 0.0159526 secs] [Times: user=0.15 sys=0.01, real=0.02 secs] 
2016-09-24T02:41:42.833-0400: 114.587: [GC (GCLocker Initiated GC) [PSYoungGen: 112615K->50946K(175104K)] 578837K->528740K(699392K), 0.0078023 secs] [Times: user=0.07 sys=0.01, real=0.01 secs] 
2016-09-24T02:41:42.904-0400: 114.659: [GC (GCLocker Initiated GC) [PSYoungGen: 139010K->65995K(175104K)] 619548K->549879K(699392K), 0.0082235 secs] [Times: user=0.11 sys=0.00, real=0.00 secs] 
2016-09-24T02:41:42.968-0400: 114.722: [GC (GCLocker Initiated GC) [PSYoungGen: 154059K->49622K(175104K)] 640783K->555891K(699392K), 0.0093135 secs] [Times: user=0.09 sys=0.00, real=0.01 secs] 
2016-09-24T02:41:42.977-0400: 114.732: [Full GC (Ergonomics) [PSYoungGen: 49622K->0K(175104K)] [ParOldGen: 506268K->415126K(524288K)] 555891K->415126K(699392K), [Metaspace: 43895K->43895K(1087488K)], 0.0616163 secs] [Times: user=0.42 sys=0.02, real=0.06 secs] 
2016-09-24T02:41:43.108-0400: 114.863: [GC (GCLocker Initiated GC) [PSYoungGen: 88064K->56793K(175104K)] 503233K->471963K(699392K), 0.0073333 secs] [Times: user=0.07 sys=0.00, real=0.01 secs] 
2016-09-24T02:41:43.180-0400: 114.934: [GC (GCLocker Initiated GC) [PSYoungGen: 144857K->41812K(175104K)] 577698K->475633K(699392K), 0.0059167 secs] [Times: user=0.08 sys=0.00, real=0.01 secs] 
2016-09-24T02:41:43.247-0400: 115.002: [GC (GCLocker Initiated GC) [PSYoungGen: 129876K->66688K(175104K)] 563802K->500614K(699392K), 0.0071258 secs] [Times: user=0.08 sys=0.00, real=0.00 secs] 
2016-09-24T02:41:43.324-0400: 115.078: [GC (GCLocker Initiated GC) [PSYoungGen: 154752K->32458K(175104K)] 601029K->480147K(699392K), 0.0049911 secs] [Times: user=0.05 sys=0.00, real=0.00 secs] 
2016-09-24T02:41:43.391-0400: 115.146: [GC (GCLocker Initiated GC) [PSYoungGen: 120522K->59132K(175104K)] 570983K->510416K(699392K), 0.0072060 secs] [Times: user=0.06 sys=0.00, real=0.01 secs] 
2016-09-24T02:41:43.463-0400: 115.218: [GC (GCLocker Initiated GC) [PSYoungGen: 147196K->29325K(175104K)] 605344K->509715K(699392K), 0.0100912 secs] [Times: user=0.07 sys=0.00, real=0.00 secs] 
2016-09-24T02:41:43.536-0400: 115.291: [GC (GCLocker Initiated GC) [PSYoungGen: 117389K->33386K(175104K)] 600503K->527923K(699392K), 0.0096356 secs] [Times: user=0.10 sys=0.00, real=0.01 secs] 
2016-09-24T02:41:43.613-0400: 115.368: [Full GC (Ergonomics) [PSYoungGen: 121450K->0K(175104K)] [ParOldGen: 498766K->406358K(524288K)] 620216K->406358K(699392K), [Metaspace: 43895K->43895K(1087488K)], 0.0547673 secs] [Times: user=0.40 sys=0.01, real=0.06 secs] 
2016-09-24T02:41:43.737-0400: 115.491: [GC (GCLocker Initiated GC) [PSYoungGen: 88064K->45821K(134144K)] 501432K->459190K(658432K), 0.0152579 secs] [Times: user=0.20 sys=0.00, real=0.01 secs] 
2016-09-24T02:41:43.815-0400: 115.570: [GC (GCLocker Initiated GC) [PSYoungGen: 133885K->47661K(176128K)] 550138K->463915K(700416K), 0.0064929 secs] [Times: user=0.05 sys=0.00, real=0.00 secs] 
2016-09-24T02:41:43.884-0400: 115.639: [GC (GCLocker Initiated GC) [PSYoungGen: 138797K->60615K(173056K)] 564606K->486424K(697344K), 0.0206167 secs] [Times: user=0.28 sys=0.01, real=0.02 secs] 
2016-09-24T02:41:43.977-0400: 115.731: [GC (GCLocker Initiated GC) [PSYoungGen: 151751K->40681K(178688K)] 583038K->477395K(702976K), 0.0181654 secs] [Times: user=0.16 sys=0.00, real=0.02 secs] 
2016-09-24T02:41:44.060-0400: 115.814: [GC (GCLocker Initiated GC) [PSYoungGen: 137449K->47160K(144384K)] 574255K->501381K(668672K), 0.0075947 secs] [Times: user=0.07 sys=0.01, real=0.01 secs] 
2016-09-24T02:41:44.135-0400: 115.890: [GC (GCLocker Initiated GC) [PSYoungGen: 143928K->71412K(172544K)] 601025K->529276K(696832K), 0.0181571 secs] [Times: user=0.21 sys=0.01, real=0.01 secs] 
2016-09-24T02:41:44.241-0400: 115.996: [GC (GCLocker Initiated GC) [PSYoungGen: 165108K->15952K(110080K)] 629411K->497213K(634368K), 0.0134715 secs] [Times: user=0.09 sys=0.00, real=0.02 secs] 
2016-09-24T02:41:44.318-0400: 116.072: [GC (GCLocker Initiated GC) [PSYoungGen: 109648K->49766K(178688K)] 594187K->535239K(702976K), 0.0074746 secs] [Times: user=0.07 sys=0.00, real=0.01 secs] 
2016-09-24T02:41:44.388-0400: 116.142: [GC (GCLocker Initiated GC) [PSYoungGen: 141926K->46885K(139264K)] 627428K->543961K(663552K), 0.0135774 secs] [Times: user=0.15 sys=0.00, real=0.01 secs] 
2016-09-24T02:41:44.470-0400: 116.225: [Full GC (Ergonomics) [PSYoungGen: 139045K->0K(139264K)] [ParOldGen: 506550K->418382K(524288K)] 645596K->418382K(663552K), [Metaspace: 43904K->43904K(1087488K)], 0.0711028 secs] [Times: user=0.74 sys=0.00, real=0.07 secs] 
2016-09-24T02:41:44.599-0400: 116.354: [GC (GCLocker Initiated GC) [PSYoungGen: 92160K->69211K(167936K)] 510787K->487839K(692224K), 0.0131714 secs] [Times: user=0.19 sys=0.00, real=0.01 secs] 
2016-09-24T02:41:44.673-0400: 116.428: [GC (GCLocker Initiated GC) [PSYoungGen: 156763K->55181K(172544K)] 575406K->477770K(696832K), 0.0062880 secs] [Times: user=0.09 sys=0.00, real=0.01 secs] 
2016-09-24T02:41:44.745-0400: 116.500: [GC (GCLocker Initiated GC) [PSYoungGen: 142733K->49960K(169472K)] 566828K->474936K(693760K), 0.0085649 secs] [Times: user=0.13 sys=0.00, real=0.00 secs] 
2016-09-24T02:41:44.811-0400: 116.566: [GC (GCLocker Initiated GC) [PSYoungGen: 143656K->49710K(174080K)] 568648K->475614K(698368K), 0.0128089 secs] [Times: user=0.12 sys=0.00, real=0.02 secs] 
2016-09-24T02:41:44.894-0400: 116.649: [GC (GCLocker Initiated GC) [PSYoungGen: 143406K->32048K(181248K)] 577458K->466834K(705536K), 0.0065498 secs] [Times: user=0.05 sys=0.00, real=0.00 secs] 
2016-09-24T02:41:44.964-0400: 116.718: [GC (GCLocker Initiated GC) [PSYoungGen: 135984K->51221K(181760K)] 575035K->510019K(706048K), 0.0120649 secs] [Times: user=0.19 sys=0.00, real=0.01 secs] 
2016-09-24T02:41:45.043-0400: 116.798: [GC (GCLocker Initiated GC) [PSYoungGen: 155157K->32371K(182272K)] 620978K->509790K(706560K), 0.0061717 secs] [Times: user=0.07 sys=0.00, real=0.00 secs] 
2016-09-24T02:41:45.118-0400: 116.873: [GC (GCLocker Initiated GC) [PSYoungGen: 138867K->60733K(182784K)] 621732K->557884K(707072K), 0.0086209 secs] [Times: user=0.09 sys=0.00, real=0.01 secs] 
2016-09-24T02:41:49.415-0400: 121.170: [GC (Allocation Failure) [PSYoungGen: 167229K->17059K(179712K)] 664382K->515040K(704000K), 0.0119627 secs] [Times: user=0.10 sys=0.02, real=0.01 secs] 
2016-09-24T02:41:56.047-0400: 127.802: [GC (Allocation Failure) [PSYoungGen: 118435K->43337K(144896K)] 616416K->541318K(669184K), 0.0114759 secs] [Times: user=0.06 sys=0.00, real=0.01 secs] 
2016-09-24T02:42:02.809-0400: 134.563: [GC (Allocation Failure) [PSYoungGen: 144713K->68815K(173568K)] 642694K->566805K(697856K), 0.0108811 secs] [Times: user=0.11 sys=0.00, real=0.01 secs] 
2016-09-24T02:42:08.913-0400: 140.668: [GC (Allocation Failure) [PSYoungGen: 165030K->82930K(179200K)] 663020K->591082K(703488K), 0.0280651 secs] [Times: user=0.28 sys=0.02, real=0.03 secs] 
2016-09-24T02:42:08.941-0400: 140.696: [Full GC (Ergonomics) [PSYoungGen: 82930K->0K(179200K)] [ParOldGen: 508151K->345672K(524288K)] 591082K->345672K(703488K), [Metaspace: 43994K->43994K(1087488K)], 0.0910299 secs] [Times: user=0.81 sys=0.01, real=0.09 secs] 
