Java HotSpot(TM) 64-Bit Server VM (25.101-b13) for linux-amd64 JRE (1.8.0_101-b13), built on Jun 22 2016 02:59:44 by "java_re" with gcc 4.3.0 20080428 (Red Hat 4.3.0-8)
Memory: 4k page, physical 264122320k(91772720k free), swap 268399612k(268399612k free)
CommandLine flags: -XX:GCLogFileSize=1048576 -XX:+HeapDumpOnOutOfMemoryError -XX:HeapDumpPath=artifacts/heapdump -XX:InitialHeapSize=805306368 -XX:MaxHeapSize=805306368 -XX:NumberOfGCLogFiles=10 -XX:+PrintGC -XX:+PrintGCDateStamps -XX:+PrintGCDetails -XX:+PrintGCTimeStamps -XX:+UseCompressedClassPointers -XX:+UseCompressedOops -XX:+UseGCLogFileRotation -XX:+UseParallelGC 
2016-09-25T22:47:52.692-0400: 2.196: [GC (Metadata GC Threshold) [PSYoungGen: 125830K->15649K(229376K)] 125830K->15737K(753664K), 0.0300926 secs] [Times: user=0.17 sys=0.04, real=0.04 secs] 
2016-09-25T22:47:52.723-0400: 2.226: [Full GC (Metadata GC Threshold) [PSYoungGen: 15649K->0K(229376K)] [ParOldGen: 88K->14602K(325632K)] 15737K->14602K(555008K), [Metaspace: 21074K->21074K(1067008K)], 0.0406976 secs] [Times: user=0.31 sys=0.02, real=0.04 secs] 
2016-09-25T22:47:54.642-0400: 4.146: [GC (Metadata GC Threshold) [PSYoungGen: 121514K->15221K(229376K)] 136117K->29960K(555008K), 0.0169618 secs] [Times: user=0.13 sys=0.01, real=0.01 secs] 
2016-09-25T22:47:54.659-0400: 4.163: [Full GC (Metadata GC Threshold) [PSYoungGen: 15221K->0K(229376K)] [ParOldGen: 14738K->20746K(524288K)] 29960K->20746K(753664K), [Metaspace: 35064K->35064K(1079296K)], 0.0631249 secs] [Times: user=0.58 sys=0.01, real=0.07 secs] 
2016-09-25T22:47:56.176-0400: 5.679: [GC (Allocation Failure) [PSYoungGen: 194129K->32749K(229376K)] 214875K->62820K(753664K), 0.0167582 secs] [Times: user=0.17 sys=0.03, real=0.01 secs] 
2016-09-25T22:47:56.518-0400: 6.022: [GC (GCLocker Initiated GC) [PSYoungGen: 228869K->32748K(229376K)] 260289K->83730K(753664K), 0.0218598 secs] [Times: user=0.26 sys=0.01, real=0.02 secs] 
2016-09-25T22:47:56.634-0400: 6.138: [GC (GCLocker Initiated GC) [PSYoungGen: 229356K->32750K(229376K)] 287282K->129062K(753664K), 0.0095351 secs] [Times: user=0.10 sys=0.02, real=0.02 secs] 
2016-09-25T22:47:56.757-0400: 6.260: [GC (GCLocker Initiated GC) [PSYoungGen: 229358K->32739K(120832K)] 340769K->171483K(645120K), 0.0100659 secs] [Times: user=0.11 sys=0.03, real=0.01 secs] 
2016-09-25T22:47:56.814-0400: 6.318: [GC (GCLocker Initiated GC) [PSYoungGen: 120803K->71058K(175104K)] 262503K->212766K(699392K), 0.0090698 secs] [Times: user=0.11 sys=0.00, real=0.01 secs] 
2016-09-25T22:47:56.863-0400: 6.367: [GC (GCLocker Initiated GC) [PSYoungGen: 159122K->85148K(175104K)] 301015K->238790K(699392K), 0.0097937 secs] [Times: user=0.16 sys=0.00, real=0.00 secs] 
2016-09-25T22:47:56.913-0400: 6.417: [GC (GCLocker Initiated GC) [PSYoungGen: 173212K->73818K(175104K)] 327098K->244533K(699392K), 0.0076741 secs] [Times: user=0.11 sys=0.01, real=0.01 secs] 
2016-09-25T22:47:56.961-0400: 6.464: [GC (GCLocker Initiated GC) [PSYoungGen: 161882K->84614K(175104K)] 334129K->281475K(699392K), 0.0113054 secs] [Times: user=0.12 sys=0.06, real=0.01 secs] 
2016-09-25T22:47:57.010-0400: 6.514: [GC (GCLocker Initiated GC) [PSYoungGen: 172678K->48082K(175104K)] 375807K->312383K(699392K), 0.0094404 secs] [Times: user=0.14 sys=0.02, real=0.01 secs] 
2016-09-25T22:47:57.057-0400: 6.560: [GC (GCLocker Initiated GC) [PSYoungGen: 136146K->64250K(175104K)] 410113K->361475K(699392K), 0.0071473 secs] [Times: user=0.12 sys=0.00, real=0.01 secs] 
2016-09-25T22:47:57.103-0400: 6.607: [GC (GCLocker Initiated GC) [PSYoungGen: 152314K->49304K(175104K)] 449710K->371311K(699392K), 0.0079688 secs] [Times: user=0.10 sys=0.03, real=0.00 secs] 
2016-09-25T22:47:57.145-0400: 6.649: [GC (GCLocker Initiated GC) [PSYoungGen: 137368K->49290K(175104K)] 462175K->398707K(699392K), 0.0101233 secs] [Times: user=0.16 sys=0.01, real=0.01 secs] 
2016-09-25T22:47:57.191-0400: 6.695: [GC (GCLocker Initiated GC) [PSYoungGen: 137354K->73654K(175104K)] 486842K->428834K(699392K), 0.0077411 secs] [Times: user=0.08 sys=0.01, real=0.01 secs] 
2016-09-25T22:47:57.241-0400: 6.744: [GC (GCLocker Initiated GC) [PSYoungGen: 161718K->65699K(175104K)] 530464K->434717K(699392K), 0.0059495 secs] [Times: user=0.09 sys=0.00, real=0.01 secs] 
2016-09-25T22:47:57.286-0400: 6.789: [GC (GCLocker Initiated GC) [PSYoungGen: 153763K->51893K(175104K)] 528247K->440201K(699392K), 0.0066938 secs] [Times: user=0.06 sys=0.00, real=0.00 secs] 
2016-09-25T22:47:57.330-0400: 6.833: [GC (GCLocker Initiated GC) [PSYoungGen: 139957K->72336K(175104K)] 529688K->482547K(699392K), 0.0125976 secs] [Times: user=0.16 sys=0.00, real=0.02 secs] 
2016-09-25T22:47:57.372-0400: 6.876: [GC (GCLocker Initiated GC) [PSYoungGen: 160400K->73528K(175104K)] 570798K->505814K(699392K), 0.0113708 secs] [Times: user=0.12 sys=0.01, real=0.02 secs] 
2016-09-25T22:47:57.426-0400: 6.930: [GC (GCLocker Initiated GC) [PSYoungGen: 161592K->52039K(175104K)] 606171K->502281K(699392K), 0.0065214 secs] [Times: user=0.06 sys=0.02, real=0.00 secs] 
2016-09-25T22:47:57.479-0400: 6.982: [GC (GCLocker Initiated GC) [PSYoungGen: 140103K->45175K(175104K)] 595804K->506551K(699392K), 0.0065020 secs] [Times: user=0.05 sys=0.01, real=0.01 secs] 
2016-09-25T22:47:57.527-0400: 7.031: [GC (GCLocker Initiated GC) [PSYoungGen: 133239K->66904K(175104K)] 600061K->552864K(699392K), 0.0109984 secs] [Times: user=0.16 sys=0.01, real=0.01 secs] 
2016-09-25T22:47:57.538-0400: 7.042: [Full GC (Ergonomics) [PSYoungGen: 66904K->0K(175104K)] [ParOldGen: 485960K->59195K(524288K)] 552864K->59195K(699392K), [Metaspace: 42974K->42959K(1085440K)], 0.1755392 secs] [Times: user=2.44 sys=0.01, real=0.17 secs] 
2016-09-25T22:47:57.755-0400: 7.258: [GC (GCLocker Initiated GC) [PSYoungGen: 88064K->83392K(175104K)] 150221K->145558K(699392K), 0.0103763 secs] [Times: user=0.15 sys=0.00, real=0.01 secs] 
2016-09-25T22:47:57.808-0400: 7.312: [GC (GCLocker Initiated GC) [PSYoungGen: 171456K->68286K(175104K)] 243097K->145831K(699392K), 0.0063134 secs] [Times: user=0.09 sys=0.00, real=0.01 secs] 
2016-09-25T22:47:57.852-0400: 7.356: [GC (GCLocker Initiated GC) [PSYoungGen: 156350K->46479K(175104K)] 239327K->136455K(699392K), 0.0064538 secs] [Times: user=0.05 sys=0.00, real=0.01 secs] 
2016-09-25T22:47:57.895-0400: 7.398: [GC (GCLocker Initiated GC) [PSYoungGen: 134543K->76354K(175104K)] 227256K->180128K(699392K), 0.0070826 secs] [Times: user=0.09 sys=0.00, real=0.00 secs] 
2016-09-25T22:47:57.940-0400: 7.444: [GC (GCLocker Initiated GC) [PSYoungGen: 164418K->65504K(175104K)] 268234K->180432K(699392K), 0.0071248 secs] [Times: user=0.09 sys=0.00, real=0.01 secs] 
2016-09-25T22:47:57.977-0400: 7.481: [GC (GCLocker Initiated GC) [PSYoungGen: 153568K->60026K(175104K)] 273930K->204958K(699392K), 0.0077516 secs] [Times: user=0.08 sys=0.00, real=0.01 secs] 
2016-09-25T22:47:58.028-0400: 7.532: [GC (GCLocker Initiated GC) [PSYoungGen: 148090K->72400K(175104K)] 303975K->240722K(699392K), 0.0073891 secs] [Times: user=0.10 sys=0.00, real=0.01 secs] 
2016-09-25T22:47:58.071-0400: 7.574: [GC (GCLocker Initiated GC) [PSYoungGen: 160464K->81771K(175104K)] 328905K->255877K(699392K), 0.0062604 secs] [Times: user=0.10 sys=0.00, real=0.01 secs] 
2016-09-25T22:47:58.114-0400: 7.618: [GC (GCLocker Initiated GC) [PSYoungGen: 169835K->56004K(175104K)] 344031K->253409K(699392K), 0.0070470 secs] [Times: user=0.10 sys=0.01, real=0.00 secs] 
2016-09-25T22:47:58.158-0400: 7.661: [GC (GCLocker Initiated GC) [PSYoungGen: 144068K->69699K(175104K)] 344247K->271528K(699392K), 0.0084034 secs] [Times: user=0.14 sys=0.00, real=0.01 secs] 
2016-09-25T22:47:58.209-0400: 7.713: [GC (GCLocker Initiated GC) [PSYoungGen: 157763K->76428K(175104K)] 369161K->316534K(699392K), 0.0081649 secs] [Times: user=0.14 sys=0.00, real=0.01 secs] 
2016-09-25T22:47:58.258-0400: 7.762: [GC (GCLocker Initiated GC) [PSYoungGen: 164492K->56426K(175104K)] 414250K->333504K(699392K), 0.0065461 secs] [Times: user=0.11 sys=0.00, real=0.01 secs] 
2016-09-25T22:47:58.306-0400: 7.810: [GC (GCLocker Initiated GC) [PSYoungGen: 144490K->57510K(175104K)] 421671K->360895K(699392K), 0.0068870 secs] [Times: user=0.10 sys=0.01, real=0.00 secs] 
2016-09-25T22:47:58.346-0400: 7.849: [GC (GCLocker Initiated GC) [PSYoungGen: 145574K->61712K(175104K)] 453114K->380356K(699392K), 0.0063438 secs] [Times: user=0.05 sys=0.01, real=0.00 secs] 
2016-09-25T22:47:58.389-0400: 7.893: [GC (GCLocker Initiated GC) [PSYoungGen: 149776K->46656K(175104K)] 472592K->397034K(699392K), 0.0089999 secs] [Times: user=0.07 sys=0.00, real=0.01 secs] 
2016-09-25T22:47:58.442-0400: 7.946: [GC (GCLocker Initiated GC) [PSYoungGen: 134720K->64430K(175104K)] 491497K->431156K(699392K), 0.0090377 secs] [Times: user=0.12 sys=0.01, real=0.01 secs] 
2016-09-25T22:47:58.492-0400: 7.996: [GC (GCLocker Initiated GC) [PSYoungGen: 152494K->39956K(175104K)] 519658K->438666K(699392K), 0.0072739 secs] [Times: user=0.08 sys=0.00, real=0.01 secs] 
2016-09-25T22:47:58.533-0400: 8.037: [GC (GCLocker Initiated GC) [PSYoungGen: 128020K->80694K(175104K)] 533707K->488170K(699392K), 0.0168187 secs] [Times: user=0.22 sys=0.00, real=0.02 secs] 
2016-09-25T22:47:58.587-0400: 8.091: [GC (GCLocker Initiated GC) [PSYoungGen: 168758K->72608K(175104K)] 587475K->491898K(699392K), 0.0072927 secs] [Times: user=0.10 sys=0.00, real=0.01 secs] 
2016-09-25T22:47:58.640-0400: 8.143: [GC (GCLocker Initiated GC) [PSYoungGen: 160672K->56096K(175104K)] 582671K->492093K(699392K), 0.0105754 secs] [Times: user=0.08 sys=0.00, real=0.01 secs] 
2016-09-25T22:47:58.682-0400: 8.186: [GC (GCLocker Initiated GC) [PSYoungGen: 144160K->84745K(175104K)] 582898K->530555K(699392K), 0.0079907 secs] [Times: user=0.11 sys=0.00, real=0.00 secs] 
2016-09-25T22:47:58.725-0400: 8.228: [GC (GCLocker Initiated GC) [PSYoungGen: 172809K->86109K(175104K)] 618722K->539381K(699392K), 0.0078990 secs] [Times: user=0.12 sys=0.00, real=0.00 secs] 
2016-09-25T22:47:58.776-0400: 8.280: [GC (GCLocker Initiated GC) [PSYoungGen: 174173K->63020K(175104K)] 630289K->549391K(699392K), 0.0079525 secs] [Times: user=0.11 sys=0.00, real=0.01 secs] 
2016-09-25T22:47:58.784-0400: 8.288: [Full GC (Ergonomics) [PSYoungGen: 63020K->0K(175104K)] [ParOldGen: 486371K->61087K(524288K)] 549391K->61087K(699392K), [Metaspace: 43214K->43214K(1085440K)], 0.0544626 secs] [Times: user=0.40 sys=0.02, real=0.05 secs] 
2016-09-25T22:47:58.869-0400: 8.373: [GC (GCLocker Initiated GC) [PSYoungGen: 88064K->78186K(175104K)] 151972K->142095K(699392K), 0.0064060 secs] [Times: user=0.08 sys=0.00, real=0.01 secs] 
2016-09-25T22:47:58.912-0400: 8.415: [GC (GCLocker Initiated GC) [PSYoungGen: 166250K->80676K(175104K)] 233133K->161887K(699392K), 0.0072895 secs] [Times: user=0.11 sys=0.00, real=0.01 secs] 
2016-09-25T22:47:58.958-0400: 8.462: [GC (GCLocker Initiated GC) [PSYoungGen: 168740K->47978K(175104K)] 250157K->158278K(699392K), 0.0066412 secs] [Times: user=0.07 sys=0.00, real=0.01 secs] 
2016-09-25T22:47:59.001-0400: 8.504: [GC (GCLocker Initiated GC) [PSYoungGen: 136042K->72626K(175104K)] 250436K->200872K(699392K), 0.0072407 secs] [Times: user=0.09 sys=0.01, real=0.01 secs] 
2016-09-25T22:47:59.048-0400: 8.552: [GC (GCLocker Initiated GC) [PSYoungGen: 160690K->59030K(175104K)] 295787K->209533K(699392K), 0.0065329 secs] [Times: user=0.08 sys=0.00, real=0.01 secs] 
2016-09-25T22:47:59.087-0400: 8.591: [GC (GCLocker Initiated GC) [PSYoungGen: 147094K->64430K(175104K)] 300415K->249309K(699392K), 0.0074882 secs] [Times: user=0.11 sys=0.00, real=0.01 secs] 
2016-09-25T22:47:59.139-0400: 8.643: [GC (GCLocker Initiated GC) [PSYoungGen: 152494K->61698K(175104K)] 348293K->283670K(699392K), 0.0065851 secs] [Times: user=0.08 sys=0.00, real=0.01 secs] 
2016-09-25T22:47:59.182-0400: 8.686: [GC (GCLocker Initiated GC) [PSYoungGen: 149762K->71226K(175104K)] 380042K->311472K(699392K), 0.0078298 secs] [Times: user=0.09 sys=0.00, real=0.01 secs] 
2016-09-25T22:47:59.232-0400: 8.735: [GC (GCLocker Initiated GC) [PSYoungGen: 159290K->58874K(175104K)] 402350K->317306K(699392K), 0.0068471 secs] [Times: user=0.08 sys=0.00, real=0.01 secs] 
2016-09-25T22:47:59.267-0400: 8.771: [GC (GCLocker Initiated GC) [PSYoungGen: 146938K->39952K(175104K)] 410858K->323168K(699392K), 0.0061873 secs] [Times: user=0.05 sys=0.00, real=0.00 secs] 
2016-09-25T22:47:59.313-0400: 8.816: [GC (GCLocker Initiated GC) [PSYoungGen: 128016K->57616K(175104K)] 418533K->362211K(699392K), 0.0146204 secs] [Times: user=0.22 sys=0.00, real=0.02 secs] 
2016-09-25T22:47:59.361-0400: 8.864: [GC (GCLocker Initiated GC) [PSYoungGen: 145680K->71216K(175104K)] 450353K->387217K(699392K), 0.0073003 secs] [Times: user=0.11 sys=0.00, real=0.01 secs] 
2016-09-25T22:47:59.403-0400: 8.906: [GC (GCLocker Initiated GC) [PSYoungGen: 159280K->72672K(175104K)] 475519K->398873K(699392K), 0.0069682 secs] [Times: user=0.08 sys=0.00, real=0.00 secs] 
2016-09-25T22:47:59.450-0400: 8.954: [GC (GCLocker Initiated GC) [PSYoungGen: 160736K->69844K(175104K)] 503295K->415680K(699392K), 0.0068309 secs] [Times: user=0.09 sys=0.00, real=0.01 secs] 
2016-09-25T22:47:59.496-0400: 8.999: [GC (GCLocker Initiated GC) [PSYoungGen: 157908K->57492K(175104K)] 506482K->414720K(699392K), 0.0059514 secs] [Times: user=0.08 sys=0.00, real=0.00 secs] 
2016-09-25T22:47:59.529-0400: 9.032: [GC (GCLocker Initiated GC) [PSYoungGen: 145556K->86062K(175104K)] 503001K->458730K(699392K), 0.0082609 secs] [Times: user=0.13 sys=0.00, real=0.01 secs] 
2016-09-25T22:47:59.576-0400: 9.080: [GC (GCLocker Initiated GC) [PSYoungGen: 174126K->60238K(175104K)] 549568K->472651K(699392K), 0.0076138 secs] [Times: user=0.10 sys=0.00, real=0.01 secs] 
2016-09-25T22:47:59.615-0400: 9.119: [GC (GCLocker Initiated GC) [PSYoungGen: 148302K->86140K(175104K)] 567663K->522103K(699392K), 0.0084153 secs] [Times: user=0.12 sys=0.00, real=0.01 secs] 
2016-09-25T22:47:59.668-0400: 9.172: [GC (GCLocker Initiated GC) [PSYoungGen: 174204K->67176K(175104K)] 622548K->526914K(699392K), 0.0067330 secs] [Times: user=0.10 sys=0.00, real=0.01 secs] 
2016-09-25T22:47:59.715-0400: 9.219: [GC (GCLocker Initiated GC) [PSYoungGen: 155240K->72452K(175104K)] 617871K->549141K(699392K), 0.0077046 secs] [Times: user=0.10 sys=0.01, real=0.01 secs] 
2016-09-25T22:47:59.760-0400: 9.264: [GC (GCLocker Initiated GC) [PSYoungGen: 160516K->73990K(175104K)] 638596K->563283K(699392K), 0.0073841 secs] [Times: user=0.10 sys=0.02, real=0.01 secs] 
2016-09-25T22:47:59.840-0400: 9.344: [Full GC (Ergonomics) [PSYoungGen: 162054K->0K(175104K)] [ParOldGen: 498937K->83493K(524288K)] 660991K->83493K(699392K), [Metaspace: 43312K->43312K(1085440K)], 0.0477135 secs] [Times: user=0.40 sys=0.02, real=0.05 secs] 
2016-09-25T22:47:59.926-0400: 9.430: [GC (GCLocker Initiated GC) [PSYoungGen: 88064K->70008K(175104K)] 177834K->159778K(699392K), 0.0062140 secs] [Times: user=0.09 sys=0.00, real=0.00 secs] 
2016-09-25T22:47:59.969-0400: 9.472: [GC (GCLocker Initiated GC) [PSYoungGen: 158072K->71166K(175104K)] 258775K->196871K(699392K), 0.0076357 secs] [Times: user=0.12 sys=0.00, real=0.01 secs] 
2016-09-25T22:48:00.023-0400: 9.527: [GC (GCLocker Initiated GC) [PSYoungGen: 159230K->39955K(175104K)] 289186K->187884K(699392K), 0.0077320 secs] [Times: user=0.06 sys=0.01, real=0.00 secs] 
2016-09-25T22:48:00.056-0400: 9.560: [GC (GCLocker Initiated GC) [PSYoungGen: 128019K->86062K(175104K)] 276072K->242668K(699392K), 0.0076282 secs] [Times: user=0.12 sys=0.00, real=0.01 secs] 
2016-09-25T22:48:00.104-0400: 9.608: [GC (GCLocker Initiated GC) [PSYoungGen: 174126K->67226K(175104K)] 337123K->246939K(699392K), 0.0069024 secs] [Times: user=0.09 sys=0.01, real=0.00 secs] 
2016-09-25T22:48:00.148-0400: 9.651: [GC (GCLocker Initiated GC) [PSYoungGen: 155290K->71070K(175104K)] 337888K->263627K(699392K), 0.0066426 secs] [Times: user=0.09 sys=0.00, real=0.01 secs] 
2016-09-25T22:48:00.187-0400: 9.691: [GC (GCLocker Initiated GC) [PSYoungGen: 159134K->73866K(175104K)] 357237K->291339K(699392K), 0.0086612 secs] [Times: user=0.11 sys=0.00, real=0.01 secs] 
2016-09-25T22:48:00.232-0400: 9.735: [GC (GCLocker Initiated GC) [PSYoungGen: 161930K->79230K(175104K)] 386386K->318990K(699392K), 0.0076099 secs] [Times: user=0.09 sys=0.01, real=0.01 secs] 
2016-09-25T22:48:00.274-0400: 9.778: [GC (GCLocker Initiated GC) [PSYoungGen: 167294K->76502K(175104K)] 407574K->336147K(699392K), 0.0087293 secs] [Times: user=0.12 sys=0.00, real=0.01 secs] 
2016-09-25T22:48:00.316-0400: 9.820: [GC (GCLocker Initiated GC) [PSYoungGen: 164566K->68512K(175104K)] 429803K->362533K(699392K), 0.0072645 secs] [Times: user=0.11 sys=0.00, real=0.01 secs] 
2016-09-25T22:48:00.362-0400: 9.865: [GC (GCLocker Initiated GC) [PSYoungGen: 156576K->80676K(175104K)] 461612K->407808K(699392K), 0.0086377 secs] [Times: user=0.10 sys=0.00, real=0.01 secs] 
2016-09-25T22:48:00.410-0400: 9.914: [GC (GCLocker Initiated GC) [PSYoungGen: 168740K->77916K(175104K)] 504139K->426003K(699392K), 0.0109308 secs] [Times: user=0.16 sys=0.00, real=0.01 secs] 
2016-09-25T22:48:00.458-0400: 9.962: [GC (GCLocker Initiated GC) [PSYoungGen: 165980K->61840K(175104K)] 524934K->438789K(699392K), 0.0067255 secs] [Times: user=0.10 sys=0.00, real=0.01 secs] 
2016-09-25T22:48:00.504-0400: 10.007: [GC (GCLocker Initiated GC) [PSYoungGen: 149904K->69752K(175104K)] 526948K->471654K(699392K), 0.0073714 secs] [Times: user=0.11 sys=0.00, real=0.00 secs] 
2016-09-25T22:48:00.548-0400: 10.051: [GC (GCLocker Initiated GC) [PSYoungGen: 157816K->68540K(175104K)] 570187K->524501K(699392K), 0.0089825 secs] [Times: user=0.13 sys=0.00, real=0.01 secs] 
2016-09-25T22:48:00.597-0400: 10.101: [GC (GCLocker Initiated GC) [PSYoungGen: 156604K->70978K(175104K)] 615275K->534291K(699392K), 0.0086158 secs] [Times: user=0.09 sys=0.00, real=0.01 secs] 
2016-09-25T22:48:00.633-0400: 10.137: [GC (GCLocker Initiated GC) [PSYoungGen: 159042K->86062K(175104K)] 622466K->559266K(699392K), 0.0080031 secs] [Times: user=0.13 sys=0.00, real=0.01 secs] 
2016-09-25T22:48:00.675-0400: 10.179: [GC (GCLocker Initiated GC) --[PSYoungGen: 174126K->174126K(175104K)] 647391K->696483K(699392K), 0.0110350 secs] [Times: user=0.14 sys=0.01, real=0.01 secs] 
2016-09-25T22:48:00.686-0400: 10.190: [Full GC (Ergonomics) [PSYoungGen: 174126K->0K(175104K)] [ParOldGen: 522357K->84004K(524288K)] 696483K->84004K(699392K), [Metaspace: 43316K->43316K(1085440K)], 0.0453592 secs] [Times: user=0.37 sys=0.00, real=0.04 secs] 
2016-09-25T22:48:00.769-0400: 10.273: [GC (GCLocker Initiated GC) [PSYoungGen: 88064K->79600K(175104K)] 177022K->168559K(699392K), 0.0061877 secs] [Times: user=0.09 sys=0.00, real=0.01 secs] 
2016-09-25T22:48:00.807-0400: 10.311: [GC (GCLocker Initiated GC) [PSYoungGen: 167664K->76534K(175104K)] 257694K->175516K(699392K), 0.0076832 secs] [Times: user=0.11 sys=0.01, real=0.01 secs] 
2016-09-25T22:48:00.852-0400: 10.356: [GC (GCLocker Initiated GC) [PSYoungGen: 164598K->71120K(175104K)] 266590K->187066K(699392K), 0.0062833 secs] [Times: user=0.08 sys=0.00, real=0.01 secs] 
2016-09-25T22:48:00.900-0400: 10.404: [GC (GCLocker Initiated GC) [PSYoungGen: 159184K->54870K(175104K)] 277913K->206371K(699392K), 0.0074871 secs] [Times: user=0.10 sys=0.00, real=0.01 secs] 
2016-09-25T22:48:00.941-0400: 10.445: [GC (GCLocker Initiated GC) [PSYoungGen: 142934K->77916K(175104K)] 294670K->253016K(699392K), 0.0072208 secs] [Times: user=0.09 sys=0.01, real=0.01 secs] 
2016-09-25T22:48:00.981-0400: 10.485: [GC (GCLocker Initiated GC) [PSYoungGen: 165980K->68590K(175104K)] 349370K->274054K(699392K), 0.0076150 secs] [Times: user=0.09 sys=0.00, real=0.01 secs] 
2016-09-25T22:48:01.028-0400: 10.532: [GC (GCLocker Initiated GC) [PSYoungGen: 156654K->64508K(175104K)] 374345K->308419K(699392K), 0.0068535 secs] [Times: user=0.09 sys=0.01, real=0.01 secs] 
2016-09-25T22:48:01.075-0400: 10.578: [GC (GCLocker Initiated GC) [PSYoungGen: 152572K->68466K(175104K)] 404623K->326462K(699392K), 0.0080892 secs] [Times: user=0.12 sys=0.00, real=0.01 secs] 
2016-09-25T22:48:01.119-0400: 10.623: [GC (GCLocker Initiated GC) [PSYoungGen: 156530K->83394K(175104K)] 420002K->351382K(699392K), 0.0075552 secs] [Times: user=0.08 sys=0.00, real=0.01 secs] 
2016-09-25T22:48:01.165-0400: 10.668: [GC (GCLocker Initiated GC) [PSYoungGen: 171458K->56330K(175104K)] 445124K->345362K(699392K), 0.0068111 secs] [Times: user=0.08 sys=0.00, real=0.00 secs] 
2016-09-25T22:48:01.207-0400: 10.710: [GC (GCLocker Initiated GC) [PSYoungGen: 144394K->68416K(175104K)] 442976K->368824K(699392K), 0.0061799 secs] [Times: user=0.07 sys=0.00, real=0.00 secs] 
2016-09-25T22:48:01.247-0400: 10.751: [GC (GCLocker Initiated GC) [PSYoungGen: 156480K->65702K(175104K)] 459688K->384188K(699392K), 0.0071367 secs] [Times: user=0.10 sys=0.01, real=0.01 secs] 
2016-09-25T22:48:01.286-0400: 10.790: [GC (GCLocker Initiated GC) [PSYoungGen: 153766K->71084K(175104K)] 477797K->400909K(699392K), 0.0066417 secs] [Times: user=0.06 sys=0.00, real=0.00 secs] 
2016-09-25T22:48:01.331-0400: 10.834: [GC (GCLocker Initiated GC) [PSYoungGen: 159148K->60490K(175104K)] 502616K->421952K(699392K), 0.0065415 secs] [Times: user=0.09 sys=0.00, real=0.01 secs] 
2016-09-25T22:48:01.376-0400: 10.880: [GC (GCLocker Initiated GC) [PSYoungGen: 148554K->63080K(175104K)] 518961K->444900K(699392K), 0.0061353 secs] [Times: user=0.08 sys=0.00, real=0.01 secs] 
2016-09-25T22:48:01.417-0400: 10.921: [GC (GCLocker Initiated GC) [PSYoungGen: 151144K->76580K(175104K)] 533010K->461638K(699392K), 0.0075660 secs] [Times: user=0.11 sys=0.00, real=0.01 secs] 
2016-09-25T22:48:01.461-0400: 10.965: [GC (GCLocker Initiated GC) [PSYoungGen: 164644K->67020K(174080K)] 555413K->478517K(698368K), 0.0081271 secs] [Times: user=0.08 sys=0.00, real=0.01 secs] 
2016-09-25T22:48:01.505-0400: 11.009: [GC (GCLocker Initiated GC) [PSYoungGen: 155084K->64494K(174592K)] 574861K->506301K(698880K), 0.0075469 secs] [Times: user=0.10 sys=0.01, real=0.00 secs] 
2016-09-25T22:48:01.546-0400: 11.050: [GC (GCLocker Initiated GC) [PSYoungGen: 152558K->71211K(175104K)] 597085K->518983K(699392K), 0.0065855 secs] [Times: user=0.09 sys=0.00, real=0.00 secs] 
2016-09-25T22:48:01.592-0400: 11.096: [GC (GCLocker Initiated GC) [PSYoungGen: 161323K->75294K(175104K)] 611877K->534466K(699392K), 0.0075038 secs] [Times: user=0.11 sys=0.00, real=0.01 secs] 
2016-09-25T22:48:01.638-0400: 11.142: [GC (GCLocker Initiated GC) [PSYoungGen: 165406K->67129K(175104K)] 626390K->544821K(699392K), 0.0162181 secs] [Times: user=0.23 sys=0.00, real=0.02 secs] 
2016-09-25T22:48:01.692-0400: 11.196: [GC (GCLocker Initiated GC) [PSYoungGen: 158265K->68433K(175616K)] 636010K->567036K(699904K), 0.0078204 secs] [Times: user=0.12 sys=0.00, real=0.01 secs] 
2016-09-25T22:48:01.700-0400: 11.204: [Full GC (Ergonomics) [PSYoungGen: 68433K->0K(175616K)] [ParOldGen: 498602K->85775K(524288K)] 567036K->85775K(699904K), [Metaspace: 43360K->43360K(1085440K)], 0.0500653 secs] [Times: user=0.38 sys=0.00, real=0.05 secs] 
2016-09-25T22:48:01.786-0400: 11.289: [GC (GCLocker Initiated GC) [PSYoungGen: 91136K->82396K(172032K)] 176987K->181747K(696320K), 0.0074772 secs] [Times: user=0.10 sys=0.01, real=0.00 secs] 
2016-09-25T22:48:01.828-0400: 11.332: [GC (GCLocker Initiated GC) [PSYoungGen: 171484K->59107K(148480K)] 276291K->194470K(672768K), 0.0079042 secs] [Times: user=0.09 sys=0.02, real=0.01 secs] 
2016-09-25T22:48:01.875-0400: 11.379: [GC (GCLocker Initiated GC) [PSYoungGen: 148195K->71211K(176128K)] 289120K->215365K(700416K), 0.0056756 secs] [Times: user=0.07 sys=0.00, real=0.00 secs] 
2016-09-25T22:48:01.921-0400: 11.425: [GC (GCLocker Initiated GC) [PSYoungGen: 160299K->60361K(175104K)] 323446K->253699K(699392K), 0.0074577 secs] [Times: user=0.11 sys=0.00, real=0.01 secs] 
2016-09-25T22:48:01.966-0400: 11.470: [GC (GCLocker Initiated GC) [PSYoungGen: 149449K->54947K(174592K)] 349797K->277400K(698880K), 0.0073594 secs] [Times: user=0.07 sys=0.00, real=0.00 secs] 
2016-09-25T22:48:02.005-0400: 11.509: [GC (GCLocker Initiated GC) [PSYoungGen: 143523K->54869K(175104K)] 368844K->313065K(699392K), 0.0080895 secs] [Times: user=0.09 sys=0.01, real=0.00 secs] 
2016-09-25T22:48:02.052-0400: 11.555: [GC (GCLocker Initiated GC) [PSYoungGen: 143445K->58842K(174592K)] 404440K->347270K(698880K), 0.0073328 secs] [Times: user=0.09 sys=0.00, real=0.01 secs] 
2016-09-25T22:48:02.089-0400: 11.592: [GC (GCLocker Initiated GC) [PSYoungGen: 147930K->63143K(152576K)] 436510K->376375K(676864K), 0.0074925 secs] [Times: user=0.08 sys=0.00, real=0.01 secs] 
2016-09-25T22:48:02.130-0400: 11.633: [GC (GCLocker Initiated GC) [PSYoungGen: 152231K->67097K(175616K)] 468223K->407976K(699904K), 0.0073597 secs] [Times: user=0.09 sys=0.02, real=0.01 secs] 
2016-09-25T22:48:02.175-0400: 11.679: [GC (GCLocker Initiated GC) [PSYoungGen: 158745K->63079K(174592K)] 505517K->419752K(698880K), 0.0069250 secs] [Times: user=0.08 sys=0.00, real=0.00 secs] 
2016-09-25T22:48:02.214-0400: 11.717: [GC (GCLocker Initiated GC) [PSYoungGen: 154727K->65747K(177664K)] 514181K->452773K(701952K), 0.0076203 secs] [Times: user=0.09 sys=0.01, real=0.01 secs] 
2016-09-25T22:48:02.266-0400: 11.770: [GC (GCLocker Initiated GC) [PSYoungGen: 162515K->58919K(177152K)] 549612K->480225K(701440K), 0.0152081 secs] [Times: user=0.19 sys=0.01, real=0.01 secs] 
2016-09-25T22:48:02.319-0400: 11.823: [GC (GCLocker Initiated GC) [PSYoungGen: 155687K->67033K(181248K)] 579765K->496872K(705536K), 0.0199752 secs] [Times: user=0.25 sys=0.01, real=0.02 secs] 
2016-09-25T22:48:02.377-0400: 11.881: [GC (GCLocker Initiated GC) [PSYoungGen: 168409K->60457K(180736K)] 599712K->504429K(705024K), 0.0067954 secs] [Times: user=0.09 sys=0.00, real=0.01 secs] 
2016-09-25T22:48:02.423-0400: 11.927: [GC (GCLocker Initiated GC) [PSYoungGen: 161833K->57775K(182272K)] 611392K->551071K(706560K), 0.0089499 secs] [Times: user=0.10 sys=0.01, real=0.00 secs] 
2016-09-25T22:48:02.432-0400: 11.936: [Full GC (Ergonomics) [PSYoungGen: 57775K->0K(182272K)] [ParOldGen: 493295K->93520K(524288K)] 551071K->93520K(706560K), [Metaspace: 43361K->43361K(1085440K)], 0.0441240 secs] [Times: user=0.38 sys=0.00, real=0.05 secs] 
2016-09-25T22:48:02.518-0400: 12.021: [GC (GCLocker Initiated GC) [PSYoungGen: 103424K->77119K(180736K)] 202533K->189729K(705024K), 0.0076196 secs] [Times: user=0.09 sys=0.01, real=0.01 secs] 
2016-09-25T22:48:02.572-0400: 12.076: [GC (GCLocker Initiated GC) [PSYoungGen: 180543K->79293K(172544K)] 295950K->210533K(696832K), 0.0075960 secs] [Times: user=0.11 sys=0.00, real=0.01 secs] 
2016-09-25T22:48:02.619-0400: 12.122: [GC (GCLocker Initiated GC) [PSYoungGen: 170429K->64411K(176640K)] 312626K->221915K(700928K), 0.0072589 secs] [Times: user=0.07 sys=0.00, real=0.01 secs] 
2016-09-25T22:48:02.664-0400: 12.168: [GC (GCLocker Initiated GC) [PSYoungGen: 155547K->56237K(175104K)] 315868K->237289K(699392K), 0.0070718 secs] [Times: user=0.08 sys=0.00, real=0.00 secs] 
2016-09-25T22:48:02.707-0400: 12.211: [GC (GCLocker Initiated GC) [PSYoungGen: 148909K->77930K(171008K)] 332879K->275775K(695296K), 0.0083792 secs] [Times: user=0.13 sys=0.00, real=0.01 secs] 
2016-09-25T22:48:02.752-0400: 12.256: [GC (GCLocker Initiated GC) [PSYoungGen: 170602K->60347K(176128K)] 369267K->282486K(700416K), 0.0072591 secs] [Times: user=0.11 sys=0.00, real=0.01 secs] 
2016-09-25T22:48:02.789-0400: 12.292: [GC (GCLocker Initiated GC) [PSYoungGen: 149947K->80616K(170496K)] 372244K->315597K(694784K), 0.0073383 secs] [Times: user=0.11 sys=0.00, real=0.01 secs] 
2016-09-25T22:48:02.832-0400: 12.336: [GC (GCLocker Initiated GC) [PSYoungGen: 170216K->69752K(175104K)] 407960K->332293K(699392K), 0.0074909 secs] [Times: user=0.12 sys=0.00, real=0.01 secs] 
2016-09-25T22:48:02.876-0400: 12.380: [GC (GCLocker Initiated GC) [PSYoungGen: 157816K->72561K(175104K)] 427198K->355857K(699392K), 0.0077472 secs] [Times: user=0.11 sys=0.00, real=0.01 secs] 
2016-09-25T22:48:02.920-0400: 12.423: [GC (GCLocker Initiated GC) [PSYoungGen: 160625K->69797K(174080K)] 446746K->398344K(698368K), 0.0098206 secs] [Times: user=0.14 sys=0.00, real=0.01 secs] 
2016-09-25T22:48:02.964-0400: 12.467: [GC (GCLocker Initiated GC) [PSYoungGen: 157861K->61793K(174592K)] 490581K->431514K(698880K), 0.0078898 secs] [Times: user=0.10 sys=0.00, real=0.00 secs] 
2016-09-25T22:48:03.019-0400: 12.523: [GC (GCLocker Initiated GC) [PSYoungGen: 149857K->36015K(174080K)] 527696K->442711K(698368K), 0.0054828 secs] [Times: user=0.07 sys=0.00, real=0.01 secs] 
2016-09-25T22:48:03.050-0400: 12.554: [GC (GCLocker Initiated GC) [PSYoungGen: 124079K->84698K(175104K)] 530973K->504261K(699392K), 0.0081528 secs] [Times: user=0.12 sys=0.00, real=0.01 secs] 
2016-09-25T22:48:03.099-0400: 12.602: [GC (GCLocker Initiated GC) [PSYoungGen: 172762K->63139K(175104K)] 600545K->507576K(699392K), 0.0063954 secs] [Times: user=0.07 sys=0.00, real=0.01 secs] 
2016-09-25T22:48:03.145-0400: 12.649: [GC (GCLocker Initiated GC) [PSYoungGen: 151203K->50755K(175104K)] 607829K->529532K(699392K), 0.0062058 secs] [Times: user=0.09 sys=0.00, real=0.00 secs] 
2016-09-25T22:48:03.195-0400: 12.699: [Full GC (Ergonomics) [PSYoungGen: 138819K->0K(175104K)] [ParOldGen: 485597K->96268K(524288K)] 624416K->96268K(699392K), [Metaspace: 43362K->43362K(1085440K)], 0.0562495 secs] [Times: user=0.36 sys=0.02, real=0.05 secs] 
2016-09-25T22:48:03.289-0400: 12.793: [GC (GCLocker Initiated GC) [PSYoungGen: 88064K->78277K(175104K)] 195363K->185577K(699392K), 0.0067223 secs] [Times: user=0.10 sys=0.00, real=0.01 secs] 
2016-09-25T22:48:03.329-0400: 12.832: [GC (GCLocker Initiated GC) [PSYoungGen: 166341K->83173K(175104K)] 273771K->206262K(699392K), 0.0082133 secs] [Times: user=0.12 sys=0.00, real=0.01 secs] 
2016-09-25T22:48:03.373-0400: 12.877: [GC (GCLocker Initiated GC) [PSYoungGen: 171237K->57615K(175104K)] 299844K->223047K(699392K), 0.0068128 secs] [Times: user=0.09 sys=0.00, real=0.01 secs] 
2016-09-25T22:48:03.414-0400: 12.918: [GC (GCLocker Initiated GC) [PSYoungGen: 145679K->74054K(175104K)] 316619K->267036K(699392K), 0.0082716 secs] [Times: user=0.12 sys=0.00, real=0.01 secs] 
2016-09-25T22:48:03.456-0400: 12.960: [GC (GCLocker Initiated GC) [PSYoungGen: 162118K->54902K(175104K)] 361950K->274272K(699392K), 0.0061867 secs] [Times: user=0.08 sys=0.00, real=0.00 secs] 
2016-09-25T22:48:03.497-0400: 13.001: [GC (GCLocker Initiated GC) [PSYoungGen: 142966K->86029K(175104K)] 363870K->319489K(699392K), 0.0081193 secs] [Times: user=0.10 sys=0.01, real=0.01 secs] 
2016-09-25T22:48:03.548-0400: 13.051: [GC (GCLocker Initiated GC) [PSYoungGen: 174093K->60333K(175104K)] 412985K->324048K(699392K), 0.0070747 secs] [Times: user=0.10 sys=0.01, real=0.01 secs] 
2016-09-25T22:48:03.590-0400: 13.094: [GC (GCLocker Initiated GC) [PSYoungGen: 148397K->71101K(175104K)] 412376K->340885K(699392K), 0.0075438 secs] [Times: user=0.10 sys=0.01, real=0.01 secs] 
2016-09-25T22:48:03.625-0400: 13.129: [GC (GCLocker Initiated GC) [PSYoungGen: 159165K->73865K(175104K)] 429072K->360421K(699392K), 0.0079358 secs] [Times: user=0.09 sys=0.00, real=0.00 secs] 
2016-09-25T22:48:03.672-0400: 13.176: [GC (GCLocker Initiated GC) [PSYoungGen: 161929K->75325K(175104K)] 451307K->393538K(699392K), 0.0078894 secs] [Times: user=0.12 sys=0.00, real=0.01 secs] 
2016-09-25T22:48:03.721-0400: 13.225: [GC (GCLocker Initiated GC) [PSYoungGen: 163389K->48165K(175104K)] 489924K->411726K(699392K), 0.0068733 secs] [Times: user=0.07 sys=0.00, real=0.01 secs] 
2016-09-25T22:48:03.768-0400: 13.271: [GC (GCLocker Initiated GC) [PSYoungGen: 136229K->77961K(175104K)] 503975K->463836K(699392K), 0.0105894 secs] [Times: user=0.16 sys=0.00, real=0.01 secs] 
2016-09-25T22:48:03.818-0400: 13.321: [GC (GCLocker Initiated GC) [PSYoungGen: 166025K->73911K(175104K)] 558770K->486071K(699392K), 0.0095429 secs] [Times: user=0.12 sys=0.00, real=0.01 secs] 
2016-09-25T22:48:03.867-0400: 13.370: [GC (GCLocker Initiated GC) [PSYoungGen: 161975K->73847K(175104K)] 576930K->516317K(699392K), 0.0077097 secs] [Times: user=0.11 sys=0.00, real=0.01 secs] 
2016-09-25T22:48:03.922-0400: 13.426: [GC (GCLocker Initiated GC) [PSYoungGen: 161911K->69719K(175104K)] 604444K->523519K(699392K), 0.0066383 secs] [Times: user=0.09 sys=0.00, real=0.01 secs] 
2016-09-25T22:48:03.964-0400: 13.468: [GC (GCLocker Initiated GC) [PSYoungGen: 157783K->68607K(175104K)] 614402K->547247K(699392K), 0.0097878 secs] [Times: user=0.15 sys=0.00, real=0.00 secs] 
2016-09-25T22:48:04.019-0400: 13.523: [GC (GCLocker Initiated GC) [PSYoungGen: 156671K->63015K(175104K)] 638216K->559989K(699392K), 0.0108449 secs] [Times: user=0.09 sys=0.00, real=0.01 secs] 
2016-09-25T22:48:04.030-0400: 13.534: [Full GC (Ergonomics) [PSYoungGen: 63015K->0K(175104K)] [ParOldGen: 496974K->107234K(524288K)] 559989K->107234K(699392K), [Metaspace: 43369K->43369K(1085440K)], 0.0520244 secs] [Times: user=0.43 sys=0.01, real=0.05 secs] 
2016-09-25T22:48:04.117-0400: 13.620: [GC (GCLocker Initiated GC) [PSYoungGen: 88064K->76867K(175104K)] 196381K->185185K(699392K), 0.0088446 secs] [Times: user=0.11 sys=0.00, real=0.01 secs] 
2016-09-25T22:48:04.167-0400: 13.671: [GC (GCLocker Initiated GC) [PSYoungGen: 164931K->63129K(175104K)] 276140K->203499K(699392K), 0.0093811 secs] [Times: user=0.14 sys=0.01, real=0.01 secs] 
2016-09-25T22:48:04.221-0400: 13.725: [GC (GCLocker Initiated GC) [PSYoungGen: 151193K->57665K(175104K)] 291716K->221688K(699392K), 0.0065209 secs] [Times: user=0.09 sys=0.00, real=0.01 secs] 
2016-09-25T22:48:04.253-0400: 13.757: [GC (GCLocker Initiated GC) [PSYoungGen: 145729K->82107K(175104K)] 312658K->273853K(699392K), 0.0077680 secs] [Times: user=0.10 sys=0.00, real=0.01 secs] 
2016-09-25T22:48:04.310-0400: 13.814: [GC (GCLocker Initiated GC) [PSYoungGen: 170171K->64365K(175104K)] 364789K->289334K(699392K), 0.0241522 secs] [Times: user=0.24 sys=0.00, real=0.03 secs] 
2016-09-25T22:48:04.371-0400: 13.875: [GC (GCLocker Initiated GC) [PSYoungGen: 152429K->80757K(175104K)] 378877K->313124K(699392K), 0.0070305 secs] [Times: user=0.09 sys=0.00, real=0.01 secs] 
2016-09-25T22:48:04.419-0400: 13.923: [GC (GCLocker Initiated GC) [PSYoungGen: 168821K->71165K(175104K)] 404010K->327192K(699392K), 0.0113036 secs] [Times: user=0.13 sys=0.00, real=0.01 secs] 
2016-09-25T22:48:04.474-0400: 13.978: [GC (GCLocker Initiated GC) [PSYoungGen: 159229K->72576K(175104K)] 418058K->342650K(699392K), 0.0066832 secs] [Times: user=0.10 sys=0.00, real=0.00 secs] 
2016-09-25T22:48:04.525-0400: 14.029: [GC (GCLocker Initiated GC) [PSYoungGen: 160640K->75198K(175104K)] 436796K->369441K(699392K), 0.0077231 secs] [Times: user=0.11 sys=0.00, real=0.00 secs] 
2016-09-25T22:48:04.565-0400: 14.068: [GC (GCLocker Initiated GC) [PSYoungGen: 163262K->71115K(175104K)] 467018K->387444K(699392K), 0.0096028 secs] [Times: user=0.11 sys=0.00, real=0.01 secs] 
2016-09-25T22:48:04.617-0400: 14.121: [GC (GCLocker Initiated GC) [PSYoungGen: 159179K->72543K(175104K)] 484996K->410945K(699392K), 0.0100314 secs] [Times: user=0.13 sys=0.01, real=0.01 secs] 
2016-09-25T22:48:04.670-0400: 14.174: [GC (GCLocker Initiated GC) [PSYoungGen: 160607K->71023K(173056K)] 499237K->419585K(697344K), 0.0065197 secs] [Times: user=0.09 sys=0.00, real=0.01 secs] 
2016-09-25T22:48:04.716-0400: 14.220: [GC (GCLocker Initiated GC) [PSYoungGen: 159087K->85984K(174080K)] 507710K->451246K(698368K), 0.0078063 secs] [Times: user=0.10 sys=0.00, real=0.01 secs] 
2016-09-25T22:48:04.760-0400: 14.264: [GC (GCLocker Initiated GC) [PSYoungGen: 174048K->59094K(175104K)] 542089K->488363K(699392K), 0.0099658 secs] [Times: user=0.12 sys=0.00, real=0.01 secs] 
2016-09-25T22:48:04.807-0400: 14.311: [GC (GCLocker Initiated GC) [PSYoungGen: 147158K->73926K(175104K)] 584624K->524046K(699392K), 0.0095380 secs] [Times: user=0.14 sys=0.00, real=0.01 secs] 
2016-09-25T22:48:04.857-0400: 14.361: [GC (GCLocker Initiated GC) [PSYoungGen: 161990K->68479K(175104K)] 616198K->536750K(699392K), 0.0088852 secs] [Times: user=0.11 sys=0.00, real=0.01 secs] 
2016-09-25T22:48:04.906-0400: 14.410: [GC (GCLocker Initiated GC) [PSYoungGen: 156543K->72420K(175104K)] 628918K->551987K(699392K), 0.0084255 secs] [Times: user=0.12 sys=0.00, real=0.01 secs] 
2016-09-25T22:48:04.914-0400: 14.418: [Full GC (Ergonomics) [PSYoungGen: 72420K->0K(175104K)] [ParOldGen: 479567K->109918K(524288K)] 551987K->109918K(699392K), [Metaspace: 43380K->43380K(1085440K)], 0.0568303 secs] [Times: user=0.51 sys=0.01, real=0.05 secs] 
2016-09-25T22:48:05.002-0400: 14.506: [GC (GCLocker Initiated GC) [PSYoungGen: 88064K->86304K(175104K)] 200802K->201743K(699392K), 0.0077973 secs] [Times: user=0.10 sys=0.00, real=0.01 secs] 
2016-09-25T22:48:05.057-0400: 14.561: [GC (GCLocker Initiated GC) [PSYoungGen: 174368K->45483K(175104K)] 292662K->211781K(699392K), 0.0063816 secs] [Times: user=0.10 sys=0.00, real=0.01 secs] 
2016-09-25T22:48:05.094-0400: 14.598: [GC (GCLocker Initiated GC) [PSYoungGen: 133547K->80739K(175104K)] 300520K->249504K(699392K), 0.0064483 secs] [Times: user=0.08 sys=0.00, real=0.00 secs] 
2016-09-25T22:48:05.145-0400: 14.649: [GC (GCLocker Initiated GC) [PSYoungGen: 168803K->57665K(175104K)] 345813K->281220K(699392K), 0.0078488 secs] [Times: user=0.11 sys=0.00, real=0.00 secs] 
2016-09-25T22:48:05.194-0400: 14.698: [GC (GCLocker Initiated GC) [PSYoungGen: 145729K->69893K(175104K)] 372071K->312896K(699392K), 0.0065530 secs] [Times: user=0.10 sys=0.00, real=0.00 secs] 
2016-09-25T22:48:05.242-0400: 14.746: [GC (GCLocker Initiated GC) [PSYoungGen: 157957K->71211K(175104K)] 409286K->344711K(699392K), 0.0107035 secs] [Times: user=0.14 sys=0.01, real=0.01 secs] 
2016-09-25T22:48:05.291-0400: 14.795: [GC (GCLocker Initiated GC) [PSYoungGen: 159275K->77961K(175104K)] 434031K->361324K(699392K), 0.0085828 secs] [Times: user=0.09 sys=0.00, real=0.01 secs] 
2016-09-25T22:48:05.353-0400: 14.857: [GC (GCLocker Initiated GC) [PSYoungGen: 166025K->57696K(175104K)] 460267K->384860K(699392K), 0.0082123 secs] [Times: user=0.11 sys=0.00, real=0.01 secs] 
2016-09-25T22:48:05.416-0400: 14.919: [GC (GCLocker Initiated GC) [PSYoungGen: 145760K->37191K(175104K)] 477182K->382601K(699392K), 0.0061744 secs] [Times: user=0.05 sys=0.00, real=0.00 secs] 
2016-09-25T22:48:05.468-0400: 14.971: [GC (GCLocker Initiated GC) [PSYoungGen: 125255K->60256K(175104K)] 470743K->429195K(699392K), 0.0075659 secs] [Times: user=0.10 sys=0.00, real=0.01 secs] 
2016-09-25T22:48:05.503-0400: 15.007: [GC (GCLocker Initiated GC) [PSYoungGen: 148320K->86236K(175104K)] 520115K->478672K(699392K), 0.0096815 secs] [Times: user=0.11 sys=0.00, real=0.00 secs] 
2016-09-25T22:48:05.563-0400: 15.067: [GC (GCLocker Initiated GC) [PSYoungGen: 174300K->45543K(175104K)] 579078K->482057K(699392K), 0.0064668 secs] [Times: user=0.09 sys=0.00, real=0.00 secs] 
2016-09-25T22:48:05.615-0400: 15.119: [GC (GCLocker Initiated GC) [PSYoungGen: 133607K->61652K(175104K)] 570246K->517739K(699392K), 0.0096426 secs] [Times: user=0.11 sys=0.00, real=0.01 secs] 
2016-09-25T22:48:05.663-0400: 15.167: [GC (GCLocker Initiated GC) [PSYoungGen: 149716K->53739K(175104K)] 614048K->530651K(699392K), 0.0083163 secs] [Times: user=0.11 sys=0.00, real=0.00 secs] 
2016-09-25T22:48:05.716-0400: 15.220: [Full GC (Ergonomics) [PSYoungGen: 141803K->0K(175104K)] [ParOldGen: 487781K->114723K(524288K)] 629585K->114723K(699392K), [Metaspace: 43384K->43384K(1085440K)], 0.0537120 secs] [Times: user=0.38 sys=0.00, real=0.05 secs] 
2016-09-25T22:48:05.809-0400: 15.313: [GC (GCLocker Initiated GC) [PSYoungGen: 88064K->83540K(175104K)] 202797K->198273K(699392K), 0.0092469 secs] [Times: user=0.09 sys=0.00, real=0.01 secs] 
2016-09-25T22:48:05.858-0400: 15.362: [GC (GCLocker Initiated GC) [PSYoungGen: 171604K->79403K(175104K)] 289209K->204501K(699392K), 0.0074911 secs] [Times: user=0.11 sys=0.00, real=0.01 secs] 
2016-09-25T22:48:05.910-0400: 15.413: [GC (GCLocker Initiated GC) [PSYoungGen: 167467K->67084K(175104K)] 292779K->215899K(699392K), 0.0092266 secs] [Times: user=0.12 sys=0.00, real=0.01 secs] 
2016-09-25T22:48:05.949-0400: 15.452: [GC (GCLocker Initiated GC) [PSYoungGen: 155148K->83316K(175104K)] 304103K->246272K(699392K), 0.0080520 secs] [Times: user=0.12 sys=0.00, real=0.01 secs] 
2016-09-25T22:48:05.996-0400: 15.500: [GC (GCLocker Initiated GC) [PSYoungGen: 171380K->64507K(175104K)] 341277K->251058K(699392K), 0.0072077 secs] [Times: user=0.09 sys=0.00, real=0.01 secs] 
2016-09-25T22:48:06.045-0400: 15.549: [GC (GCLocker Initiated GC) [PSYoungGen: 152571K->66960K(175104K)] 344660K->274476K(699392K), 0.0092840 secs] [Times: user=0.11 sys=0.00, real=0.01 secs] 
2016-09-25T22:48:06.093-0400: 15.597: [GC (GCLocker Initiated GC) [PSYoungGen: 155024K->77916K(175104K)] 370693K->304720K(699392K), 0.0071016 secs] [Times: user=0.10 sys=0.00, real=0.01 secs] 
2016-09-25T22:48:06.137-0400: 15.640: [GC (GCLocker Initiated GC) [PSYoungGen: 165980K->62923K(175104K)] 395513K->307814K(699392K), 0.0071257 secs] [Times: user=0.07 sys=0.00, real=0.01 secs] 
2016-09-25T22:48:06.182-0400: 15.686: [GC (GCLocker Initiated GC) [PSYoungGen: 150987K->64260K(175104K)] 398901K->344965K(699392K), 0.0172299 secs] [Times: user=0.19 sys=0.00, real=0.02 secs] 
2016-09-25T22:48:06.244-0400: 15.748: [GC (GCLocker Initiated GC) [PSYoungGen: 152324K->61702K(175104K)] 445287K->364572K(699392K), 0.0074107 secs] [Times: user=0.09 sys=0.00, real=0.00 secs] 
2016-09-25T22:48:06.295-0400: 15.799: [GC (GCLocker Initiated GC) [PSYoungGen: 149766K->72520K(175104K)] 462337K->394999K(699392K), 0.0087958 secs] [Times: user=0.10 sys=0.00, real=0.01 secs] 
2016-09-25T22:48:06.339-0400: 15.843: [GC (GCLocker Initiated GC) [PSYoungGen: 160584K->85878K(175104K)] 483141K->418314K(699392K), 0.0092988 secs] [Times: user=0.13 sys=0.01, real=0.01 secs] 
2016-09-25T22:48:06.379-0400: 15.883: [GC (GCLocker Initiated GC) [PSYoungGen: 173942K->84641K(175104K)] 509716K->434192K(699392K), 0.0093837 secs] [Times: user=0.14 sys=0.00, real=0.01 secs] 
2016-09-25T22:48:06.426-0400: 15.930: [GC (GCLocker Initiated GC) [PSYoungGen: 172705K->42536K(175104K)] 535869K->441226K(699392K), 0.0068228 secs] [Times: user=0.10 sys=0.00, real=0.00 secs] 
2016-09-25T22:48:06.468-0400: 15.971: [GC (GCLocker Initiated GC) [PSYoungGen: 130600K->79164K(175104K)] 529369K->490386K(699392K), 0.0124801 secs] [Times: user=0.16 sys=0.00, real=0.01 secs] 
2016-09-25T22:48:06.517-0400: 16.021: [GC (GCLocker Initiated GC) [PSYoungGen: 167228K->60136K(175104K)] 581199K->506848K(699392K), 0.0078861 secs] [Times: user=0.11 sys=0.00, real=0.01 secs] 
2016-09-25T22:48:06.562-0400: 16.066: [GC (GCLocker Initiated GC) [PSYoungGen: 148200K->60042K(175104K)] 597697K->524627K(699392K), 0.0103534 secs] [Times: user=0.08 sys=0.00, real=0.01 secs] 
2016-09-25T22:48:06.612-0400: 16.116: [GC (GCLocker Initiated GC) [PSYoungGen: 148106K->78972K(175104K)] 616075K->554013K(699392K), 0.0105301 secs] [Times: user=0.11 sys=0.00, real=0.02 secs] 
2016-09-25T22:48:06.665-0400: 16.169: [GC (GCLocker Initiated GC) [PSYoungGen: 167036K->52068K(175104K)] 644811K->566581K(699392K), 0.0092076 secs] [Times: user=0.14 sys=0.00, real=0.00 secs] 
2016-09-25T22:48:06.674-0400: 16.178: [Full GC (Ergonomics) [PSYoungGen: 52068K->0K(175104K)] [ParOldGen: 514512K->115234K(524288K)] 566581K->115234K(699392K), [Metaspace: 43386K->43386K(1085440K)], 0.0513713 secs] [Times: user=0.42 sys=0.00, real=0.05 secs] 
2016-09-25T22:48:06.761-0400: 16.265: [GC (GCLocker Initiated GC) [PSYoungGen: 88064K->83215K(175104K)] 206071K->201222K(699392K), 0.0100544 secs] [Times: user=0.14 sys=0.00, real=0.01 secs] 
2016-09-25T22:48:06.816-0400: 16.320: [GC (GCLocker Initiated GC) [PSYoungGen: 171279K->69683K(175104K)] 302867K->221927K(699392K), 0.0068159 secs] [Times: user=0.09 sys=0.00, real=0.01 secs] 
2016-09-25T22:48:06.865-0400: 16.368: [GC (GCLocker Initiated GC) [PSYoungGen: 157747K->54768K(175104K)] 311405K->228973K(699392K), 0.0078133 secs] [Times: user=0.11 sys=0.00, real=0.00 secs] 
2016-09-25T22:48:06.898-0400: 16.402: [GC (GCLocker Initiated GC) [PSYoungGen: 142832K->80436K(175104K)] 317118K->260436K(699392K), 0.0062887 secs] [Times: user=0.08 sys=0.00, real=0.01 secs] 
2016-09-25T22:48:06.936-0400: 16.440: [GC (GCLocker Initiated GC) [PSYoungGen: 168500K->69682K(175104K)] 359550K->293437K(699392K), 0.0122185 secs] [Times: user=0.14 sys=0.00, real=0.01 secs] 
2016-09-25T22:48:06.990-0400: 16.493: [GC (GCLocker Initiated GC) [PSYoungGen: 157746K->65586K(175104K)] 389676K->312678K(699392K), 0.0062661 secs] [Times: user=0.09 sys=0.00, real=0.01 secs] 
2016-09-25T22:48:07.031-0400: 16.535: [GC (GCLocker Initiated GC) [PSYoungGen: 153650K->73767K(175104K)] 403709K->341681K(699392K), 0.0094763 secs] [Times: user=0.13 sys=0.00, real=0.01 secs] 
2016-09-25T22:48:07.093-0400: 16.597: [GC (GCLocker Initiated GC) [PSYoungGen: 161831K->45286K(175104K)] 446174K->359626K(699392K), 0.0094465 secs] [Times: user=0.09 sys=0.00, real=0.02 secs] 
2016-09-25T22:48:07.144-0400: 16.648: [GC (GCLocker Initiated GC) [PSYoungGen: 133350K->46558K(175104K)] 461282K->382821K(699392K), 0.0079043 secs] [Times: user=0.07 sys=0.00, real=0.00 secs] 
2016-09-25T22:48:07.185-0400: 16.688: [GC (GCLocker Initiated GC) [PSYoungGen: 134622K->70936K(175104K)] 471040K->413027K(699392K), 0.0069873 secs] [Times: user=0.11 sys=0.00, real=0.00 secs] 
2016-09-25T22:48:07.228-0400: 16.732: [GC (GCLocker Initiated GC) [PSYoungGen: 159000K->71032K(175104K)] 512099K->444660K(699392K), 0.0077130 secs] [Times: user=0.11 sys=0.00, real=0.01 secs] 
2016-09-25T22:48:07.277-0400: 16.781: [GC (GCLocker Initiated GC) [PSYoungGen: 159096K->62886K(175104K)] 536875K->454446K(699392K), 0.0065042 secs] [Times: user=0.09 sys=0.00, real=0.01 secs] 
2016-09-25T22:48:07.344-0400: 16.848: [GC (GCLocker Initiated GC) [PSYoungGen: 150950K->19528K(175104K)] 556101K->442462K(699392K), 0.0090877 secs] [Times: user=0.03 sys=0.01, real=0.00 secs] 
2016-09-25T22:48:07.399-0400: 16.903: [GC (GCLocker Initiated GC) [PSYoungGen: 107592K->70872K(175104K)] 530625K->501029K(699392K), 0.0125995 secs] [Times: user=0.14 sys=0.00, real=0.01 secs] 
2016-09-25T22:48:07.456-0400: 16.960: [GC (GCLocker Initiated GC) [PSYoungGen: 158936K->60090K(175104K)] 594666K->518990K(699392K), 0.0129077 secs] [Times: user=0.16 sys=0.00, real=0.01 secs] 
2016-09-25T22:48:07.500-0400: 17.004: [GC (GCLocker Initiated GC) [PSYoungGen: 148154K->72383K(175104K)] 615396K->541247K(699392K), 0.0063725 secs] [Times: user=0.07 sys=0.00, real=0.01 secs] 
2016-09-25T22:48:07.553-0400: 17.057: [GC (GCLocker Initiated GC) [PSYoungGen: 160447K->56104K(175104K)] 638954K->540299K(699392K), 0.0105107 secs] [Times: user=0.12 sys=0.00, real=0.02 secs] 
2016-09-25T22:48:07.621-0400: 17.124: [Full GC (Ergonomics) [PSYoungGen: 144168K->0K(175104K)] [ParOldGen: 489744K->124736K(524288K)] 633912K->124736K(699392K), [Metaspace: 43393K->43393K(1085440K)], 0.0652746 secs] [Times: user=0.59 sys=0.00, real=0.07 secs] 
2016-09-25T22:48:07.712-0400: 17.216: [GC (GCLocker Initiated GC) [PSYoungGen: 88064K->82106K(175104K)] 216319K->210361K(699392K), 0.0062207 secs] [Times: user=0.08 sys=0.00, real=0.01 secs] 
2016-09-25T22:48:07.764-0400: 17.268: [GC (GCLocker Initiated GC) [PSYoungGen: 170170K->65536K(175104K)] 298531K->207936K(699392K), 0.0108347 secs] [Times: user=0.13 sys=0.00, real=0.01 secs] 
2016-09-25T22:48:07.838-0400: 17.342: [GC (GCLocker Initiated GC) [PSYoungGen: 153600K->66854K(175104K)] 296219K->227270K(699392K), 0.0102247 secs] [Times: user=0.12 sys=0.01, real=0.01 secs] 
2016-09-25T22:48:07.885-0400: 17.389: [GC (GCLocker Initiated GC) [PSYoungGen: 154918K->84720K(175104K)] 318276K->257834K(699392K), 0.0083491 secs] [Times: user=0.10 sys=0.00, real=0.00 secs] 
2016-09-25T22:48:07.931-0400: 17.435: [GC (GCLocker Initiated GC) [PSYoungGen: 172784K->61568K(175104K)] 348690K->265026K(699392K), 0.0069088 secs] [Times: user=0.09 sys=0.00, real=0.01 secs] 
2016-09-25T22:48:07.971-0400: 17.474: [GC (GCLocker Initiated GC) [PSYoungGen: 149632K->62901K(175104K)] 364010K->292424K(699392K), 0.0087999 secs] [Times: user=0.09 sys=0.00, real=0.01 secs] 
2016-09-25T22:48:08.041-0400: 17.544: [GC (GCLocker Initiated GC) [PSYoungGen: 150965K->72368K(175104K)] 383282K->329308K(699392K), 0.0109782 secs] [Times: user=0.16 sys=0.01, real=0.01 secs] 
2016-09-25T22:48:08.109-0400: 17.613: [GC (GCLocker Initiated GC) [PSYoungGen: 160432K->65664K(175104K)] 426896K->356725K(699392K), 0.0126863 secs] [Times: user=0.17 sys=0.01, real=0.01 secs] 
2016-09-25T22:48:08.159-0400: 17.663: [GC (GCLocker Initiated GC) [PSYoungGen: 153728K->58786K(175104K)] 455716K->373216K(699392K), 0.0060195 secs] [Times: user=0.08 sys=0.00, real=0.01 secs] 
2016-09-25T22:48:08.205-0400: 17.709: [GC (GCLocker Initiated GC) [PSYoungGen: 146850K->52100K(175104K)] 473564K->403340K(699392K), 0.0107940 secs] [Times: user=0.06 sys=0.00, real=0.01 secs] 
2016-09-25T22:48:08.274-0400: 17.778: [GC (GCLocker Initiated GC) [PSYoungGen: 140164K->81754K(175104K)] 496863K->440107K(699392K), 0.0107056 secs] [Times: user=0.14 sys=0.00, real=0.01 secs] 
2016-09-25T22:48:08.352-0400: 17.856: [GC (GCLocker Initiated GC) [PSYoungGen: 169818K->50654K(175104K)] 531093K->440544K(699392K), 0.0084621 secs] [Times: user=0.10 sys=0.01, real=0.01 secs] 
2016-09-25T22:48:08.395-0400: 17.899: [GC (GCLocker Initiated GC) [PSYoungGen: 138718K->61422K(175104K)] 528764K->463898K(699392K), 0.0064014 secs] [Times: user=0.07 sys=0.00, real=0.00 secs] 
2016-09-25T22:48:08.430-0400: 17.934: [GC (GCLocker Initiated GC) [PSYoungGen: 149486K->83168K(175104K)] 554833K->500906K(699392K), 0.0090307 secs] [Times: user=0.12 sys=0.01, real=0.01 secs] 
2016-09-25T22:48:08.507-0400: 18.011: [GC (GCLocker Initiated GC) [PSYoungGen: 171232K->57486K(175104K)] 600589K->522237K(699392K), 0.0138416 secs] [Times: user=0.15 sys=0.02, real=0.01 secs] 
2016-09-25T22:48:08.583-0400: 18.087: [GC (Allocation Failure) [PSYoungGen: 145550K->68140K(175104K)] 613021K->545356K(699392K), 0.0108797 secs] [Times: user=0.12 sys=0.00, real=0.00 secs] 
2016-09-25T22:48:08.623-0400: 18.127: [GC (GCLocker Initiated GC) [PSYoungGen: 153934K->69806K(175104K)] 633850K->555392K(699392K), 0.0079360 secs] [Times: user=0.07 sys=0.01, real=0.00 secs] 
2016-09-25T22:48:08.631-0400: 18.135: [Full GC (Ergonomics) [PSYoungGen: 69806K->0K(175104K)] [ParOldGen: 485586K->126150K(524288K)] 555392K->126150K(699392K), [Metaspace: 43397K->43397K(1085440K)], 0.0547682 secs] [Times: user=0.42 sys=0.00, real=0.06 secs] 
2016-09-25T22:48:08.747-0400: 18.251: [GC (GCLocker Initiated GC) [PSYoungGen: 88064K->59043K(175104K)] 222567K->193546K(699392K), 0.0095624 secs] [Times: user=0.10 sys=0.01, real=0.01 secs] 
2016-09-25T22:48:08.818-0400: 18.321: [GC (GCLocker Initiated GC) [PSYoungGen: 147107K->57472K(175104K)] 291130K->214112K(699392K), 0.0061585 secs] [Times: user=0.07 sys=0.00, real=0.01 secs] 
2016-09-25T22:48:08.865-0400: 18.368: [GC (Allocation Failure) [PSYoungGen: 145536K->42493K(175104K)] 307642K->212956K(699392K), 0.0064192 secs] [Times: user=0.05 sys=0.00, real=0.00 secs] 
2016-09-25T22:48:08.910-0400: 18.413: [GC (GCLocker Initiated GC) [PSYoungGen: 129822K->68414K(175104K)] 301636K->252645K(699392K), 0.0113225 secs] [Times: user=0.08 sys=0.01, real=0.01 secs] 
2016-09-25T22:48:08.959-0400: 18.463: [GC (GCLocker Initiated GC) [PSYoungGen: 156478K->46466K(175104K)] 343619K->240661K(699392K), 0.0090757 secs] [Times: user=0.07 sys=0.00, real=0.01 secs] 
2016-09-25T22:48:09.016-0400: 18.519: [GC (GCLocker Initiated GC) [PSYoungGen: 134530K->72370K(175104K)] 331515K->280418K(699392K), 0.0095904 secs] [Times: user=0.08 sys=0.00, real=0.01 secs] 
2016-09-25T22:48:09.077-0400: 18.581: [GC (GCLocker Initiated GC) [PSYoungGen: 160434K->65486K(175104K)] 372618K->296909K(699392K), 0.0104064 secs] [Times: user=0.15 sys=0.00, real=0.01 secs] 
2016-09-25T22:48:09.120-0400: 18.624: [GC (GCLocker Initiated GC) [PSYoungGen: 153550K->57495K(175104K)] 390626K->317811K(699392K), 0.0094654 secs] [Times: user=0.11 sys=0.00, real=0.01 secs] 
2016-09-25T22:48:09.181-0400: 18.684: [GC (GCLocker Initiated GC) [PSYoungGen: 145559K->85920K(175104K)] 419506K->361546K(699392K), 0.0073198 secs] [Times: user=0.09 sys=0.00, real=0.01 secs] 
2016-09-25T22:48:09.238-0400: 18.742: [GC (GCLocker Initiated GC) [PSYoungGen: 173984K->50739K(175104K)] 456527K->347109K(699392K), 0.0224028 secs] [Times: user=0.29 sys=0.01, real=0.02 secs] 
2016-09-25T22:48:09.307-0400: 18.811: [GC (GCLocker Initiated GC) [PSYoungGen: 138803K->58844K(175104K)] 442019K->377225K(699392K), 0.0146845 secs] [Times: user=0.21 sys=0.00, real=0.01 secs] 
2016-09-25T22:48:09.357-0400: 18.861: [GC (GCLocker Initiated GC) [PSYoungGen: 146908K->75119K(175104K)] 468067K->412755K(699392K), 0.0086536 secs] [Times: user=0.12 sys=0.00, real=0.01 secs] 
2016-09-25T22:48:09.411-0400: 18.914: [GC (GCLocker Initiated GC) [PSYoungGen: 163183K->61604K(175104K)] 504211K->432729K(699392K), 0.0069155 secs] [Times: user=0.10 sys=0.00, real=0.01 secs] 
2016-09-25T22:48:09.451-0400: 18.955: [GC (GCLocker Initiated GC) [PSYoungGen: 149668K->63016K(175104K)] 523600K->462961K(699392K), 0.0089968 secs] [Times: user=0.13 sys=0.00, real=0.01 secs] 
2016-09-25T22:48:09.504-0400: 19.008: [GC (GCLocker Initiated GC) [PSYoungGen: 151080K->62924K(151040K)] 552553K->481068K(675328K), 0.0084712 secs] [Times: user=0.12 sys=0.00, real=0.00 secs] 
2016-09-25T22:48:09.568-0400: 19.071: [GC (GCLocker Initiated GC) [PSYoungGen: 150988K->42565K(172032K)] 571906K->474663K(696320K), 0.0090202 secs] [Times: user=0.08 sys=0.00, real=0.01 secs] 
2016-09-25T22:48:09.617-0400: 19.121: [GC (GCLocker Initiated GC) [PSYoungGen: 129093K->79284K(173568K)] 563961K->541574K(697856K), 0.0083634 secs] [Times: user=0.13 sys=0.00, real=0.01 secs] 
2016-09-25T22:48:09.679-0400: 19.183: [GC (GCLocker Initiated GC) [PSYoungGen: 165812K->57638K(175104K)] 630222K->533348K(699392K), 0.0062409 secs] [Times: user=0.09 sys=0.00, real=0.01 secs] 
2016-09-25T22:48:09.728-0400: 19.231: [GC (GCLocker Initiated GC) [PSYoungGen: 145702K->68325K(175104K)] 624289K->554173K(699392K), 0.0073400 secs] [Times: user=0.10 sys=0.01, real=0.01 secs] 
2016-09-25T22:48:09.781-0400: 19.285: [Full GC (Ergonomics) [PSYoungGen: 156389K->0K(175104K)] [ParOldGen: 496789K->131572K(524288K)] 653179K->131572K(699392K), [Metaspace: 43400K->43400K(1085440K)], 0.0584768 secs] [Times: user=0.41 sys=0.02, real=0.06 secs] 
2016-09-25T22:48:09.877-0400: 19.381: [GC (GCLocker Initiated GC) [PSYoungGen: 88064K->84890K(175104K)] 219764K->227390K(699392K), 0.0111601 secs] [Times: user=0.12 sys=0.00, real=0.01 secs] 
2016-09-25T22:48:09.940-0400: 19.444: [GC (GCLocker Initiated GC) [PSYoungGen: 172954K->69823K(175104K)] 321107K->226934K(699392K), 0.0068117 secs] [Times: user=0.09 sys=0.00, real=0.01 secs] 
2016-09-25T22:48:10.001-0400: 19.504: [GC (GCLocker Initiated GC) [PSYoungGen: 157887K->60328K(175104K)] 320536K->251804K(699392K), 0.0063958 secs] [Times: user=0.06 sys=0.02, real=0.01 secs] 
2016-09-25T22:48:10.053-0400: 19.557: [GC (GCLocker Initiated GC) [PSYoungGen: 148392K->40055K(175104K)] 339914K->282059K(699392K), 0.0070006 secs] [Times: user=0.10 sys=0.01, real=0.01 secs] 
2016-09-25T22:48:10.100-0400: 19.604: [GC (GCLocker Initiated GC) [PSYoungGen: 128119K->76692K(175104K)] 370204K->336772K(699392K), 0.0073228 secs] [Times: user=0.09 sys=0.01, real=0.01 secs] 
2016-09-25T22:48:10.164-0400: 19.668: [GC (GCLocker Initiated GC) [PSYoungGen: 164756K->53740K(175104K)] 430435K->356545K(699392K), 0.0104609 secs] [Times: user=0.13 sys=0.01, real=0.01 secs] 
2016-09-25T22:48:10.225-0400: 19.729: [GC (GCLocker Initiated GC) [PSYoungGen: 141804K->64552K(175104K)] 444662K->390963K(699392K), 0.0070735 secs] [Times: user=0.09 sys=0.00, real=0.00 secs] 
2016-09-25T22:48:10.270-0400: 19.773: [GC (GCLocker Initiated GC) [PSYoungGen: 152616K->65885K(175104K)] 484524K->444347K(699392K), 0.0085822 secs] [Times: user=0.11 sys=0.01, real=0.01 secs] 
2016-09-25T22:48:10.335-0400: 19.839: [GC (GCLocker Initiated GC) [PSYoungGen: 153949K->34869K(175104K)] 543878K->436179K(699392K), 0.0060044 secs] [Times: user=0.05 sys=0.00, real=0.00 secs] 
2016-09-25T22:48:10.381-0400: 19.885: [GC (GCLocker Initiated GC) [PSYoungGen: 122933K->72408K(175104K)] 527054K->478577K(699392K), 0.0085446 secs] [Times: user=0.10 sys=0.00, real=0.01 secs] 
2016-09-25T22:48:10.440-0400: 19.944: [GC (GCLocker Initiated GC) [PSYoungGen: 160472K->86104K(175104K)] 566715K->500857K(699392K), 0.0077929 secs] [Times: user=0.11 sys=0.00, real=0.01 secs] 
2016-09-25T22:48:10.498-0400: 20.001: [GC (GCLocker Initiated GC) [PSYoungGen: 174168K->52183K(175104K)] 588955K->506675K(699392K), 0.0101634 secs] [Times: user=0.12 sys=0.00, real=0.01 secs] 
2016-09-25T22:48:10.556-0400: 20.059: [GC (GCLocker Initiated GC) [PSYoungGen: 140247K->53748K(175104K)] 596196K->526282K(699392K), 0.0061660 secs] [Times: user=0.07 sys=0.00, real=0.00 secs] 
2016-09-25T22:48:10.562-0400: 20.066: [Full GC (Ergonomics) [PSYoungGen: 53748K->0K(175104K)] [ParOldGen: 472533K->128112K(524288K)] 526282K->128112K(699392K), [Metaspace: 43400K->43400K(1085440K)], 0.0512344 secs] [Times: user=0.46 sys=0.01, real=0.05 secs] 
2016-09-25T22:48:10.645-0400: 20.149: [GC (GCLocker Initiated GC) [PSYoungGen: 88064K->80920K(175104K)] 216359K->209215K(699392K), 0.0071677 secs] [Times: user=0.09 sys=0.00, real=0.00 secs] 
2016-09-25T22:48:10.699-0400: 20.203: [GC (GCLocker Initiated GC) [PSYoungGen: 168984K->53686K(175104K)] 300132K->224770K(699392K), 0.0069295 secs] [Times: user=0.08 sys=0.00, real=0.01 secs] 
2016-09-25T22:48:10.753-0400: 20.257: [GC (GCLocker Initiated GC) [PSYoungGen: 141750K->78051K(175104K)] 318312K->275420K(699392K), 0.0068769 secs] [Times: user=0.09 sys=0.00, real=0.01 secs] 
2016-09-25T22:48:10.813-0400: 20.317: [GC (GCLocker Initiated GC) [PSYoungGen: 166115K->60463K(175104K)] 374902K->276604K(699392K), 0.0052427 secs] [Times: user=0.07 sys=0.00, real=0.01 secs] 
2016-09-25T22:48:10.867-0400: 20.371: [GC (GCLocker Initiated GC) [PSYoungGen: 148527K->65656K(175104K)] 367528K->310906K(699392K), 0.0118361 secs] [Times: user=0.11 sys=0.00, real=0.01 secs] 
2016-09-25T22:48:10.930-0400: 20.434: [GC (GCLocker Initiated GC) [PSYoungGen: 153720K->56174K(175104K)] 401939K->322335K(699392K), 0.0165416 secs] [Times: user=0.18 sys=0.01, real=0.02 secs] 
2016-09-25T22:48:10.984-0400: 20.488: [GC (GCLocker Initiated GC) [PSYoungGen: 144238K->45368K(175104K)] 416031K->339309K(699392K), 0.0100328 secs] [Times: user=0.10 sys=0.00, real=0.01 secs] 
2016-09-25T22:48:11.050-0400: 20.554: [GC (GCLocker Initiated GC) [PSYoungGen: 133432K->42731K(175104K)] 434346K->357619K(699392K), 0.0122569 secs] [Times: user=0.12 sys=0.00, real=0.02 secs] 
2016-09-25T22:48:11.115-0400: 20.619: [GC (GCLocker Initiated GC) [PSYoungGen: 130795K->54875K(175104K)] 460661K->400140K(699392K), 0.0122057 secs] [Times: user=0.12 sys=0.01, real=0.01 secs] 
2016-09-25T22:48:11.179-0400: 20.682: [GC (GCLocker Initiated GC) [PSYoungGen: 142939K->35919K(175104K)] 495190K->390067K(699392K), 0.0054668 secs] [Times: user=0.05 sys=0.00, real=0.01 secs] 
2016-09-25T22:48:11.228-0400: 20.732: [GC (GCLocker Initiated GC) [PSYoungGen: 123983K->57495K(175104K)] 480870K->422993K(699392K), 0.0081982 secs] [Times: user=0.07 sys=0.00, real=0.01 secs] 
2016-09-25T22:48:11.295-0400: 20.799: [GC (GCLocker Initiated GC) [PSYoungGen: 145559K->61830K(175104K)] 514099K->457822K(699392K), 0.0071539 secs] [Times: user=0.10 sys=0.00, real=0.01 secs] 
2016-09-25T22:48:11.356-0400: 20.860: [GC (GCLocker Initiated GC) [PSYoungGen: 149894K->68486K(175104K)] 554023K->492167K(699392K), 0.0070756 secs] [Times: user=0.11 sys=0.00, real=0.01 secs] 
2016-09-25T22:48:11.407-0400: 20.910: [GC (GCLocker Initiated GC) [PSYoungGen: 156550K->67206K(175104K)] 580360K->506332K(699392K), 0.0068453 secs] [Times: user=0.09 sys=0.00, real=0.00 secs] 
2016-09-25T22:48:11.457-0400: 20.960: [GC (GCLocker Initiated GC) [PSYoungGen: 155270K->57714K(145920K)] 599819K->528518K(670208K), 0.0071060 secs] [Times: user=0.07 sys=0.00, real=0.01 secs] 
2016-09-25T22:48:11.519-0400: 21.023: [GC (GCLocker Initiated GC) [PSYoungGen: 145778K->67171K(173056K)] 623413K->557522K(697344K), 0.0067424 secs] [Times: user=0.10 sys=0.01, real=0.01 secs] 
2016-09-25T22:48:11.526-0400: 21.030: [Full GC (Ergonomics) [PSYoungGen: 67171K->0K(173056K)] [ParOldGen: 490351K->139933K(524288K)] 557522K->139933K(697344K), [Metaspace: 43408K->43408K(1085440K)], 0.0731289 secs] [Times: user=0.53 sys=0.01, real=0.07 secs] 
2016-09-25T22:48:11.639-0400: 21.143: [GC (GCLocker Initiated GC) [PSYoungGen: 87552K->61966K(173568K)] 232980K->207395K(697856K), 0.0241275 secs] [Times: user=0.36 sys=0.00, real=0.03 secs] 
2016-09-25T22:48:11.705-0400: 21.209: [GC (GCLocker Initiated GC) [PSYoungGen: 149518K->81923K(171520K)] 296406K->240355K(695808K), 0.0156714 secs] [Times: user=0.18 sys=0.00, real=0.01 secs] 
2016-09-25T22:48:11.768-0400: 21.271: [GC (GCLocker Initiated GC) [PSYoungGen: 169475K->52202K(174592K)] 331554K->254014K(698880K), 0.0082679 secs] [Times: user=0.12 sys=0.00, real=0.01 secs] 
2016-09-25T22:48:11.826-0400: 21.329: [GC (GCLocker Initiated GC) [PSYoungGen: 139754K->49754K(175104K)] 345670K->288540K(699392K), 0.0164057 secs] [Times: user=0.24 sys=0.00, real=0.02 secs] 
2016-09-25T22:48:11.888-0400: 21.392: [GC (GCLocker Initiated GC) [PSYoungGen: 137818K->83418K(175104K)] 379414K->328356K(699392K), 0.0062191 secs] [Times: user=0.09 sys=0.00, real=0.01 secs] 
2016-09-25T22:48:11.943-0400: 21.447: [GC (GCLocker Initiated GC) [PSYoungGen: 171482K->63128K(175104K)] 431378K->331624K(699392K), 0.0113720 secs] [Times: user=0.11 sys=0.01, real=0.01 secs] 
2016-09-25T22:48:12.011-0400: 21.515: [GC (GCLocker Initiated GC) [PSYoungGen: 151192K->52269K(175104K)] 428490K->350449K(699392K), 0.0181557 secs] [Times: user=0.26 sys=0.00, real=0.02 secs] 
2016-09-25T22:48:12.079-0400: 21.583: [GC (GCLocker Initiated GC) [PSYoungGen: 140333K->53604K(175104K)] 441303K->367257K(699392K), 0.0063841 secs] [Times: user=0.08 sys=0.00, real=0.01 secs] 
2016-09-25T22:48:12.119-0400: 21.623: [GC (GCLocker Initiated GC) [PSYoungGen: 141668K->64430K(175104K)] 455357K->389369K(699392K), 0.0074029 secs] [Times: user=0.06 sys=0.00, real=0.01 secs] 
2016-09-25T22:48:12.170-0400: 21.674: [GC (GCLocker Initiated GC) [PSYoungGen: 152494K->64656K(173056K)] 479326K->413704K(697344K), 0.0073349 secs] [Times: user=0.09 sys=0.00, real=0.01 secs] 
2016-09-25T22:48:12.227-0400: 21.731: [GC (GCLocker Initiated GC) [PSYoungGen: 152720K->75376K(174080K)] 507274K->448230K(698368K), 0.0075787 secs] [Times: user=0.11 sys=0.00, real=0.01 secs] 
2016-09-25T22:48:12.283-0400: 21.787: [GC (GCLocker Initiated GC) [PSYoungGen: 163440K->64608K(175616K)] 541947K->474883K(699904K), 0.0083652 secs] [Times: user=0.10 sys=0.00, real=0.00 secs] 
2016-09-25T22:48:12.345-0400: 21.848: [GC (GCLocker Initiated GC) [PSYoungGen: 153184K->71233K(175104K)] 574400K->497169K(699392K), 0.0065594 secs] [Times: user=0.10 sys=0.00, real=0.00 secs] 
2016-09-25T22:48:12.393-0400: 21.896: [GC (GCLocker Initiated GC) [PSYoungGen: 159809K->54967K(175104K)] 586630K->512049K(699392K), 0.0066564 secs] [Times: user=0.09 sys=0.00, real=0.01 secs] 
2016-09-25T22:48:12.439-0400: 21.942: [GC (Allocation Failure) [PSYoungGen: 143543K->76760K(175104K)] 608851K->561377K(699392K), 0.0086387 secs] [Times: user=0.11 sys=0.01, real=0.01 secs] 
2016-09-25T22:48:12.447-0400: 21.951: [Full GC (Ergonomics) [PSYoungGen: 76760K->0K(175104K)] [ParOldGen: 484617K->149032K(524288K)] 561377K->149032K(699392K), [Metaspace: 43413K->43413K(1085440K)], 0.0829730 secs] [Times: user=0.67 sys=0.00, real=0.08 secs] 
2016-09-25T22:48:12.586-0400: 22.090: [GC (GCLocker Initiated GC) [PSYoungGen: 88529K->72911K(175104K)] 237626K->222008K(699392K), 0.0093321 secs] [Times: user=0.11 sys=0.01, real=0.01 secs] 
2016-09-25T22:48:12.633-0400: 22.136: [GC (GCLocker Initiated GC) [PSYoungGen: 160975K->78028K(175104K)] 310261K->233511K(699392K), 0.0091459 secs] [Times: user=0.08 sys=0.00, real=0.01 secs] 
2016-09-25T22:48:12.694-0400: 22.197: [GC (GCLocker Initiated GC) [PSYoungGen: 166092K->57879K(175104K)] 324410K->228952K(699392K), 0.0155118 secs] [Times: user=0.11 sys=0.00, real=0.02 secs] 
2016-09-25T22:48:13.952-0400: 23.455: [GC (GCLocker Initiated GC) [PSYoungGen: 145943K->62019K(175104K)] 336158K->270402K(699392K), 0.0100118 secs] [Times: user=0.11 sys=0.01, real=0.01 secs] 
2016-09-25T22:48:14.013-0400: 23.517: [GC (GCLocker Initiated GC) [PSYoungGen: 150083K->39854K(175104K)] 363964K->257271K(699392K), 0.0094498 secs] [Times: user=0.11 sys=0.01, real=0.02 secs] 
2016-09-25T22:48:14.071-0400: 23.575: [GC (GCLocker Initiated GC) [PSYoungGen: 127918K->79207K(175104K)] 345664K->312332K(699392K), 0.0080603 secs] [Times: user=0.10 sys=0.00, real=0.01 secs] 
2016-09-25T22:48:14.124-0400: 23.628: [GC (GCLocker Initiated GC) [PSYoungGen: 167271K->66070K(175104K)] 401790K->334830K(699392K), 0.0079936 secs] [Times: user=0.10 sys=0.00, real=0.00 secs] 
2016-09-25T22:48:14.186-0400: 23.690: [GC (GCLocker Initiated GC) [PSYoungGen: 154134K->59216K(175104K)] 428365K->353118K(699392K), 0.0066858 secs] [Times: user=0.07 sys=0.02, real=0.00 secs] 
2016-09-25T22:48:14.241-0400: 23.745: [GC (GCLocker Initiated GC) [PSYoungGen: 147280K->71584K(175104K)] 444495K->380262K(699392K), 0.0066378 secs] [Times: user=0.09 sys=0.00, real=0.01 secs] 
2016-09-25T22:48:14.300-0400: 23.804: [GC (GCLocker Initiated GC) [PSYoungGen: 159648K->46873K(175104K)] 480645K->374118K(699392K), 0.0092727 secs] [Times: user=0.08 sys=0.00, real=0.01 secs] 
2016-09-25T22:48:14.362-0400: 23.866: [GC (GCLocker Initiated GC) [PSYoungGen: 134937K->60356K(175104K)] 462297K->400591K(699392K), 0.0076329 secs] [Times: user=0.07 sys=0.00, real=0.00 secs] 
2016-09-25T22:48:14.417-0400: 23.921: [GC (GCLocker Initiated GC) [PSYoungGen: 148420K->71340K(175104K)] 495445K->436491K(699392K), 0.0092076 secs] [Times: user=0.12 sys=0.01, real=0.01 secs] 
2016-09-25T22:48:14.470-0400: 23.973: [GC (GCLocker Initiated GC) [PSYoungGen: 159404K->66114K(175104K)] 531379K->452217K(699392K), 0.0091526 secs] [Times: user=0.13 sys=0.00, real=0.01 secs] 
2016-09-25T22:48:14.530-0400: 24.034: [GC (GCLocker Initiated GC) [PSYoungGen: 154178K->55256K(175104K)] 545959K->465328K(699392K), 0.0151865 secs] [Times: user=0.18 sys=0.00, real=0.02 secs] 
2016-09-25T22:48:14.598-0400: 24.102: [GC (GCLocker Initiated GC) [PSYoungGen: 143320K->57845K(172032K)] 557638K->493115K(696320K), 0.0075117 secs] [Times: user=0.07 sys=0.00, real=0.01 secs] 
2016-09-25T22:48:14.656-0400: 24.160: [GC (GCLocker Initiated GC) [PSYoungGen: 145909K->74228K(173568K)] 589529K->530682K(697856K), 0.0074676 secs] [Times: user=0.10 sys=0.01, real=0.01 secs] 
2016-09-25T22:48:14.716-0400: 24.220: [GC (GCLocker Initiated GC) [PSYoungGen: 162292K->73942K(175104K)] 623801K->539007K(699392K), 0.0085794 secs] [Times: user=0.12 sys=0.00, real=0.01 secs] 
2016-09-25T22:48:14.769-0400: 24.273: [GC (GCLocker Initiated GC) [PSYoungGen: 162006K->71129K(175104K)] 632563K->548998K(699392K), 0.0081413 secs] [Times: user=0.08 sys=0.00, real=0.01 secs] 
2016-09-25T22:48:14.828-0400: 24.332: [GC (GCLocker Initiated GC) [PSYoungGen: 159193K->52642K(175104K)] 645266K->559463K(699392K), 0.0133402 secs] [Times: user=0.18 sys=0.00, real=0.01 secs] 
2016-09-25T22:48:14.841-0400: 24.345: [Full GC (Ergonomics) [PSYoungGen: 52642K->0K(175104K)] [ParOldGen: 506820K->159802K(524288K)] 559463K->159802K(699392K), [Metaspace: 43413K->43413K(1085440K)], 0.0598330 secs] [Times: user=0.37 sys=0.00, real=0.06 secs] 
2016-09-25T22:48:14.951-0400: 24.455: [GC (GCLocker Initiated GC) [PSYoungGen: 88064K->74461K(175104K)] 253395K->239793K(699392K), 0.0148029 secs] [Times: user=0.13 sys=0.01, real=0.02 secs] 
2016-09-25T22:48:15.008-0400: 24.511: [GC (GCLocker Initiated GC) [PSYoungGen: 162525K->67479K(175104K)] 330750K->258405K(699392K), 0.0208015 secs] [Times: user=0.28 sys=0.00, real=0.02 secs] 
2016-09-25T22:48:15.079-0400: 24.582: [GC (GCLocker Initiated GC) [PSYoungGen: 155543K->62042K(150528K)] 353474K->274234K(674816K), 0.0087407 secs] [Times: user=0.09 sys=0.00, real=0.01 secs] 
2016-09-25T22:48:15.140-0400: 24.644: [GC (GCLocker Initiated GC) [PSYoungGen: 150106K->64671K(176640K)] 365363K->302342K(700928K), 0.0067091 secs] [Times: user=0.08 sys=0.01, real=0.01 secs] 
2016-09-25T22:48:15.192-0400: 24.696: [GC (GCLocker Initiated GC) [PSYoungGen: 154783K->71509K(174592K)] 404771K->335714K(698880K), 0.0091511 secs] [Times: user=0.11 sys=0.00, real=0.01 secs] 
2016-09-25T22:48:15.269-0400: 24.773: [GC (GCLocker Initiated GC) [PSYoungGen: 161621K->53764K(176128K)] 428495K->332266K(700416K), 0.0084187 secs] [Times: user=0.08 sys=0.00, real=0.01 secs] 
2016-09-25T22:48:15.319-0400: 24.823: [GC (GCLocker Initiated GC) [PSYoungGen: 144900K->44243K(135680K)] 431574K->355799K(659968K), 0.0208765 secs] [Times: user=0.22 sys=0.00, real=0.02 secs] 
2016-09-25T22:48:15.393-0400: 24.897: [GC (GCLocker Initiated GC) [PSYoungGen: 135379K->56469K(177152K)] 464719K->400016K(701440K), 0.0096959 secs] [Times: user=0.07 sys=0.01, real=0.02 secs] 
2016-09-25T22:48:15.458-0400: 24.962: [GC (GCLocker Initiated GC) [PSYoungGen: 147093K->53567K(144384K)] 493369K->412720K(668672K), 0.0092322 secs] [Times: user=0.09 sys=0.00, real=0.01 secs] 
2016-09-25T22:48:15.517-0400: 25.020: [GC (GCLocker Initiated GC) [PSYoungGen: 144191K->67500K(175104K)] 512907K->440863K(699392K), 0.0108896 secs] [Times: user=0.14 sys=0.00, real=0.01 secs] 
2016-09-25T22:48:15.580-0400: 25.083: [GC (GCLocker Initiated GC) [PSYoungGen: 158124K->60727K(175104K)] 539610K->460665K(699392K), 0.0116614 secs] [Times: user=0.11 sys=0.00, real=0.01 secs] 
2016-09-25T22:48:15.651-0400: 25.155: [GC (GCLocker Initiated GC) [PSYoungGen: 151351K->53698K(176640K)] 554413K->471060K(700928K), 0.0071281 secs] [Times: user=0.06 sys=0.01, real=0.01 secs] 
2016-09-25T22:48:15.708-0400: 25.212: [GC (GCLocker Initiated GC) [PSYoungGen: 147906K->55136K(175616K)] 568048K->490817K(699904K), 0.0095506 secs] [Times: user=0.07 sys=0.00, real=0.01 secs] 
2016-09-25T22:48:15.763-0400: 25.267: [GC (GCLocker Initiated GC) [PSYoungGen: 149344K->79438K(171520K)] 587857K->524159K(695808K), 0.0084875 secs] [Times: user=0.08 sys=0.01, real=0.00 secs] 
2016-09-25T22:48:15.821-0400: 25.324: [GC (GCLocker Initiated GC) [PSYoungGen: 170574K->67536K(176640K)] 624860K->523826K(700928K), 0.0098859 secs] [Times: user=0.10 sys=0.00, real=0.01 secs] 
2016-09-25T22:48:15.894-0400: 25.398: [GC (GCLocker Initiated GC) [PSYoungGen: 158672K->49706K(176640K)] 619089K->519121K(700928K), 0.0135544 secs] [Times: user=0.12 sys=0.00, real=0.02 secs] 
2016-09-25T22:48:15.948-0400: 25.452: [GC (GCLocker Initiated GC) [PSYoungGen: 140842K->56648K(147968K)] 614415K->537741K(672256K), 0.0120093 secs] [Times: user=0.10 sys=0.00, real=0.01 secs] 
2016-09-25T22:48:16.016-0400: 25.520: [GC (GCLocker Initiated GC) [PSYoungGen: 147784K->63358K(175616K)] 637152K->563146K(699904K), 0.0094332 secs] [Times: user=0.09 sys=0.01, real=0.01 secs] 
2016-09-25T22:48:16.026-0400: 25.530: [Full GC (Ergonomics) [PSYoungGen: 63358K->0K(175616K)] [ParOldGen: 499787K->168747K(524288K)] 563146K->168747K(699904K), [Metaspace: 43419K->43419K(1085440K)], 0.0629188 secs] [Times: user=0.45 sys=0.01, real=0.06 secs] 
2016-09-25T22:48:16.145-0400: 25.648: [GC (GCLocker Initiated GC) [PSYoungGen: 92160K->58448K(174592K)] 267840K->234129K(698880K), 0.0080390 secs] [Times: user=0.07 sys=0.00, real=0.00 secs] 
2016-09-25T22:48:16.200-0400: 25.703: [GC (GCLocker Initiated GC) [PSYoungGen: 150608K->67194K(177152K)] 329100K->268614K(701440K), 0.0067973 secs] [Times: user=0.09 sys=0.00, real=0.01 secs] 
2016-09-25T22:48:16.250-0400: 25.754: [GC (GCLocker Initiated GC) [PSYoungGen: 163450K->59202K(177152K)] 364902K->274694K(701440K), 0.0127467 secs] [Times: user=0.06 sys=0.00, real=0.02 secs] 
2016-09-25T22:48:16.310-0400: 25.814: [GC (GCLocker Initiated GC) [PSYoungGen: 155458K->78224K(173568K)] 373777K->310811K(697856K), 0.0108021 secs] [Times: user=0.17 sys=0.00, real=0.01 secs] 
2016-09-25T22:48:16.374-0400: 25.878: [GC (GCLocker Initiated GC) [PSYoungGen: 172432K->63012K(178176K)] 405084K->305859K(702464K), 0.0101290 secs] [Times: user=0.08 sys=0.00, real=0.01 secs] 
2016-09-25T22:48:16.429-0400: 25.933: [GC (GCLocker Initiated GC) [PSYoungGen: 157220K->64569K(174080K)] 405568K->318818K(698368K), 0.0073061 secs] [Times: user=0.08 sys=0.00, real=0.01 secs] 
2016-09-25T22:48:16.490-0400: 25.994: [GC (GCLocker Initiated GC) [PSYoungGen: 160825K->80834K(177152K)] 423245K->357612K(701440K), 0.0088342 secs] [Times: user=0.08 sys=0.01, real=0.01 secs] 
2016-09-25T22:48:16.558-0400: 26.061: [GC (GCLocker Initiated GC) [PSYoungGen: 177090K->45645K(174080K)] 453920K->350066K(698368K), 0.0095877 secs] [Times: user=0.12 sys=0.00, real=0.01 secs] 
2016-09-25T22:48:16.610-0400: 26.114: [GC (GCLocker Initiated GC) [PSYoungGen: 134733K->60311K(175616K)] 441974K->392487K(699904K), 0.0080696 secs] [Times: user=0.10 sys=0.01, real=0.01 secs] 
2016-09-25T22:48:16.660-0400: 26.164: [GC (GCLocker Initiated GC) [PSYoungGen: 149399K->61728K(171520K)] 487047K->424132K(695808K), 0.0109655 secs] [Times: user=0.12 sys=0.00, real=0.01 secs] 
2016-09-25T22:48:16.723-0400: 26.227: [GC (GCLocker Initiated GC) [PSYoungGen: 152352K->46948K(173568K)] 524262K->422124K(697856K), 0.0097015 secs] [Times: user=0.08 sys=0.00, real=0.00 secs] 
2016-09-25T22:48:16.780-0400: 26.284: [GC (GCLocker Initiated GC) [PSYoungGen: 137572K->59001K(175616K)] 515564K->453829K(699904K), 0.0069305 secs] [Times: user=0.10 sys=0.00, real=0.01 secs] 
2016-09-25T22:48:16.840-0400: 26.344: [GC (GCLocker Initiated GC) [PSYoungGen: 154745K->69829K(177152K)] 552418K->485571K(701440K), 0.0217595 secs] [Times: user=0.25 sys=0.01, real=0.02 secs] 
2016-09-25T22:48:16.915-0400: 26.418: [GC (GCLocker Initiated GC) [PSYoungGen: 165573K->59050K(179200K)] 581743K->508115K(703488K), 0.0146650 secs] [Times: user=0.19 sys=0.00, real=0.01 secs] 
2016-09-25T22:48:16.980-0400: 26.484: [GC (GCLocker Initiated GC) [PSYoungGen: 156842K->64411K(179200K)] 612727K->523516K(703488K), 0.0095529 secs] [Times: user=0.11 sys=0.02, real=0.01 secs] 
2016-09-25T22:48:17.044-0400: 26.548: [GC (GCLocker Initiated GC) [PSYoungGen: 162203K->75167K(175616K)] 621458K->538977K(699904K), 0.0064981 secs] [Times: user=0.08 sys=0.00, real=0.00 secs] 
2016-09-25T22:48:17.097-0400: 26.601: [GC (GCLocker Initiated GC) [PSYoungGen: 170399K->75495K(171008K)] 639726K->556091K(695296K), 0.0238005 secs] [Times: user=0.36 sys=0.00, real=0.02 secs] 
2016-09-25T22:48:17.171-0400: 26.675: [GC (GCLocker Initiated GC) [PSYoungGen: 170727K->60320K(177664K)] 657058K->567561K(701952K), 0.0074665 secs] [Times: user=0.09 sys=0.00, real=0.01 secs] 
2016-09-25T22:48:17.179-0400: 26.682: [Full GC (Ergonomics) [PSYoungGen: 60320K->0K(177664K)] [ParOldGen: 507241K->181982K(524288K)] 567561K->181982K(701952K), [Metaspace: 43431K->43431K(1085440K)], 0.0597977 secs] [Times: user=0.38 sys=0.01, real=0.06 secs] 
2016-09-25T22:48:17.302-0400: 26.806: [GC (GCLocker Initiated GC) [PSYoungGen: 91648K->70002K(176128K)] 276479K->254834K(700416K), 0.0260566 secs] [Times: user=0.33 sys=0.00, real=0.03 secs] 
2016-09-25T22:48:17.362-0400: 26.865: [GC (GCLocker Initiated GC) [PSYoungGen: 161650K->64355K(174592K)] 346700K->264895K(698880K), 0.0079931 secs] [Times: user=0.07 sys=0.00, real=0.01 secs] 
2016-09-25T22:48:17.419-0400: 26.922: [GC (GCLocker Initiated GC) [PSYoungGen: 157027K->35991K(175616K)] 368586K->256187K(699904K), 0.0053524 secs] [Times: user=0.05 sys=0.01, real=0.01 secs] 
2016-09-25T22:48:17.474-0400: 26.978: [GC (GCLocker Initiated GC) [PSYoungGen: 128663K->57524K(177152K)] 348994K->298713K(701440K), 0.0065417 secs] [Times: user=0.06 sys=0.00, real=0.00 secs] 
2016-09-25T22:48:17.546-0400: 27.050: [GC (GCLocker Initiated GC) [PSYoungGen: 149684K->56267K(176128K)] 391064K->315509K(700416K), 0.0136718 secs] [Times: user=0.14 sys=0.00, real=0.01 secs] 
2016-09-25T22:48:17.623-0400: 27.127: [GC (GCLocker Initiated GC) [PSYoungGen: 148427K->65874K(176640K)] 410523K->351537K(700928K), 0.0065294 secs] [Times: user=0.08 sys=0.00, real=0.00 secs] 
2016-09-25T22:48:17.666-0400: 27.169: [GC (GCLocker Initiated GC) [PSYoungGen: 159570K->56507K(176128K)] 445390K->368611K(700416K), 0.0257005 secs] [Times: user=0.36 sys=0.00, real=0.02 secs] 
2016-09-25T22:48:17.748-0400: 27.252: [GC (GCLocker Initiated GC) [PSYoungGen: 150203K->55144K(178688K)] 467753K->404331K(702976K), 0.0119701 secs] [Times: user=0.11 sys=0.00, real=0.01 secs] 
2016-09-25T22:48:17.833-0400: 27.337: [GC (GCLocker Initiated GC) [PSYoungGen: 152936K->78009K(176128K)] 508963K->448170K(700416K), 0.0085648 secs] [Times: user=0.12 sys=0.00, real=0.01 secs] 
2016-09-25T22:48:17.884-0400: 27.388: [GC (GCLocker Initiated GC) [PSYoungGen: 175801K->65729K(178176K)] 555483K->445926K(702464K), 0.0071025 secs] [Times: user=0.05 sys=0.00, real=0.00 secs] 
2016-09-25T22:48:17.948-0400: 27.452: [GC (GCLocker Initiated GC) [PSYoungGen: 158913K->52098K(145408K)] 539326K->447938K(669696K), 0.0130287 secs] [Times: user=0.10 sys=0.00, real=0.01 secs] 
2016-09-25T22:48:18.030-0400: 27.534: [GC (GCLocker Initiated GC) [PSYoungGen: 145282K->53498K(177664K)] 543884K->460602K(701952K), 0.0108174 secs] [Times: user=0.07 sys=0.00, real=0.01 secs] 
2016-09-25T22:48:20.579-0400: 30.083: [GC (GCLocker Initiated GC) [PSYoungGen: 147706K->60554K(176640K)] 567015K->504667K(700928K), 0.0104580 secs] [Times: user=0.11 sys=0.00, real=0.01 secs] 
2016-09-25T22:48:20.651-0400: 30.155: [GC (GCLocker Initiated GC) [PSYoungGen: 154762K->38496K(174592K)] 604554K->491630K(698880K), 0.0209777 secs] [Times: user=0.24 sys=0.00, real=0.02 secs] 
2016-09-25T22:48:20.714-0400: 30.218: [GC (GCLocker Initiated GC) [PSYoungGen: 132704K->69839K(176640K)] 586098K->534377K(700928K), 0.0141337 secs] [Times: user=0.18 sys=0.00, real=0.01 secs] 
2016-09-25T22:48:20.791-0400: 30.295: [GC (GCLocker Initiated GC) [PSYoungGen: 164047K->54721K(178176K)] 628630K->544013K(702464K), 0.0090783 secs] [Times: user=0.07 sys=0.00, real=0.01 secs] 
2016-09-25T22:48:20.800-0400: 30.304: [Full GC (Ergonomics) [PSYoungGen: 54721K->0K(178176K)] [ParOldGen: 489291K->176834K(524288K)] 544013K->176834K(702464K), [Metaspace: 43453K->43453K(1085440K)], 0.0795328 secs] [Times: user=0.53 sys=0.01, real=0.08 secs] 
2016-09-25T22:48:20.941-0400: 30.445: [GC (GCLocker Initiated GC) [PSYoungGen: 95744K->82428K(178176K)] 280827K->272912K(702464K), 0.0108538 secs] [Times: user=0.10 sys=0.00, real=0.01 secs] 
2016-09-25T22:48:21.008-0400: 30.512: [GC (GCLocker Initiated GC) [PSYoungGen: 178172K->56210K(172032K)] 371567K->278903K(696320K), 0.0174040 secs] [Times: user=0.26 sys=0.00, real=0.02 secs] 
2016-09-25T22:48:21.082-0400: 30.586: [GC (GCLocker Initiated GC) [PSYoungGen: 144274K->61498K(175104K)] 368497K->296909K(699392K), 0.0092986 secs] [Times: user=0.08 sys=0.00, real=0.00 secs] 
2016-09-25T22:48:21.137-0400: 30.640: [GC (GCLocker Initiated GC) [PSYoungGen: 149562K->73790K(172544K)] 386460K->316596K(696832K), 0.0092222 secs] [Times: user=0.08 sys=0.00, real=0.01 secs] 
2016-09-25T22:48:21.189-0400: 30.693: [GC (GCLocker Initiated GC) [PSYoungGen: 161854K->67093K(175104K)] 407455K->348244K(699392K), 0.0103013 secs] [Times: user=0.13 sys=0.00, real=0.01 secs] 
2016-09-25T22:48:21.263-0400: 30.767: [GC (GCLocker Initiated GC) [PSYoungGen: 155157K->61769K(170496K)] 444569K->354336K(694784K), 0.0089441 secs] [Times: user=0.08 sys=0.00, real=0.00 secs] 
2016-09-25T22:48:21.339-0400: 30.843: [GC (GCLocker Initiated GC) [PSYoungGen: 150345K->50856K(173056K)] 459318K->360367K(697344K), 0.0063030 secs] [Times: user=0.06 sys=0.00, real=0.01 secs] 
2016-09-25T22:48:21.403-0400: 30.907: [GC (GCLocker Initiated GC) [PSYoungGen: 139432K->75173K(172032K)] 454435K->413617K(696320K), 0.0108402 secs] [Times: user=0.13 sys=0.01, real=0.00 secs] 
2016-09-25T22:48:21.466-0400: 30.970: [GC (GCLocker Initiated GC) [PSYoungGen: 163237K->77937K(175104K)] 501801K->443945K(699392K), 0.0080817 secs] [Times: user=0.11 sys=0.00, real=0.01 secs] 
2016-09-25T22:48:21.530-0400: 31.034: [GC (GCLocker Initiated GC) [PSYoungGen: 166001K->49462K(175104K)] 537567K->449901K(699392K), 0.0120781 secs] [Times: user=0.11 sys=0.00, real=0.01 secs] 
2016-09-25T22:48:21.591-0400: 31.095: [GC (GCLocker Initiated GC) [PSYoungGen: 137526K->54863K(175104K)] 540842K->477636K(699392K), 0.0073298 secs] [Times: user=0.08 sys=0.00, real=0.01 secs] 
2016-09-25T22:48:21.640-0400: 31.144: [GC (GCLocker Initiated GC) [PSYoungGen: 142927K->63071K(174080K)] 565750K->503955K(698368K), 0.0095850 secs] [Times: user=0.12 sys=0.00, real=0.01 secs] 
2016-09-25T22:48:21.699-0400: 31.203: [GC (GCLocker Initiated GC) [PSYoungGen: 151135K->77933K(174592K)] 593686K->534499K(698880K), 0.0084553 secs] [Times: user=0.11 sys=0.00, real=0.01 secs] 
2016-09-25T22:48:21.752-0400: 31.256: [GC (GCLocker Initiated GC) [PSYoungGen: 165997K->67108K(175104K)] 626856K->550118K(699392K), 0.0068808 secs] [Times: user=0.10 sys=0.00, real=0.01 secs] 
2016-09-25T22:48:21.802-0400: 31.305: [Full GC (Ergonomics) [PSYoungGen: 155172K->0K(175104K)] [ParOldGen: 491334K->176512K(524288K)] 646507K->176512K(699392K), [Metaspace: 43455K->43455K(1085440K)], 0.1709952 secs] [Times: user=2.19 sys=0.01, real=0.17 secs] 
2016-09-25T22:48:22.034-0400: 31.538: [GC (GCLocker Initiated GC) [PSYoungGen: 88064K->52452K(175104K)] 268328K->232716K(699392K), 0.0074473 secs] [Times: user=0.08 sys=0.00, real=0.01 secs] 
2016-09-25T22:48:22.077-0400: 31.581: [GC (GCLocker Initiated GC) [PSYoungGen: 140516K->57575K(174080K)] 323580K->241307K(698368K), 0.0079382 secs] [Times: user=0.08 sys=0.00, real=0.01 secs] 
2016-09-25T22:48:22.131-0400: 31.634: [GC (GCLocker Initiated GC) [PSYoungGen: 145639K->69814K(174592K)] 332229K->283928K(698880K), 0.0067240 secs] [Times: user=0.09 sys=0.00, real=0.01 secs] 
2016-09-25T22:48:22.189-0400: 31.693: [GC (GCLocker Initiated GC) [PSYoungGen: 157878K->57683K(173056K)] 381584K->310188K(697344K), 0.0087938 secs] [Times: user=0.13 sys=0.00, real=0.01 secs] 
2016-09-25T22:48:22.244-0400: 31.748: [GC (GCLocker Initiated GC) [PSYoungGen: 146259K->67231K(174080K)] 408317K->336502K(698368K), 0.0096138 secs] [Times: user=0.14 sys=0.01, real=0.00 secs] 
2016-09-25T22:48:22.301-0400: 31.804: [GC (GCLocker Initiated GC) [PSYoungGen: 155807K->52202K(175104K)] 433273K->373485K(699392K), 0.0068178 secs] [Times: user=0.10 sys=0.00, real=0.01 secs] 
2016-09-25T22:48:22.361-0400: 31.864: [GC (GCLocker Initiated GC) [PSYoungGen: 143850K->73892K(165888K)] 467883K->437489K(690176K), 0.0079937 secs] [Times: user=0.10 sys=0.00, real=0.01 secs] 
2016-09-25T22:48:22.416-0400: 31.919: [GC (GCLocker Initiated GC) [PSYoungGen: 165540K->72660K(175104K)] 534593K->473319K(699392K), 0.0077241 secs] [Times: user=0.12 sys=0.00, real=0.01 secs] 
2016-09-25T22:48:22.473-0400: 31.977: [GC (GCLocker Initiated GC) [PSYoungGen: 160724K->80588K(175104K)] 564304K->499639K(699392K), 0.0067511 secs] [Times: user=0.10 sys=0.00, real=0.01 secs] 
2016-09-25T22:48:22.528-0400: 32.032: [GC (GCLocker Initiated GC) [PSYoungGen: 168652K->63066K(175104K)] 590496K->513725K(699392K), 0.0086831 secs] [Times: user=0.13 sys=0.00, real=0.01 secs] 
2016-09-25T22:48:22.576-0400: 32.080: [GC (GCLocker Initiated GC) [PSYoungGen: 151130K->86196K(175104K)] 604581K->554943K(699392K), 0.0073973 secs] [Times: user=0.11 sys=0.00, real=0.01 secs] 
2016-09-25T22:48:22.624-0400: 32.128: [GC (GCLocker Initiated GC) [PSYoungGen: 174260K->65818K(175104K)] 645847K->571784K(699392K), 0.0081238 secs] [Times: user=0.11 sys=0.00, real=0.00 secs] 
2016-09-25T22:48:22.632-0400: 32.136: [Full GC (Ergonomics) [PSYoungGen: 65818K->0K(175104K)] [ParOldGen: 505966K->178136K(524288K)] 571784K->178136K(699392K), [Metaspace: 43455K->43455K(1085440K)], 0.0521876 secs] [Times: user=0.44 sys=0.01, real=0.06 secs] 
2016-09-25T22:48:22.735-0400: 32.239: [GC (GCLocker Initiated GC) [PSYoungGen: 88064K->64656K(175104K)] 278410K->255002K(699392K), 0.0090014 secs] [Times: user=0.10 sys=0.00, real=0.01 secs] 
2016-09-25T22:48:22.796-0400: 32.299: [GC (GCLocker Initiated GC) [PSYoungGen: 152720K->42733K(175104K)] 353912K->254065K(699392K), 0.0103438 secs] [Times: user=0.11 sys=0.00, real=0.01 secs] 
2016-09-25T22:48:22.848-0400: 32.351: [GC (GCLocker Initiated GC) [PSYoungGen: 130797K->72574K(175104K)] 342278K->291284K(699392K), 0.0068738 secs] [Times: user=0.08 sys=0.01, real=0.01 secs] 
2016-09-25T22:48:22.902-0400: 32.406: [GC (GCLocker Initiated GC) [PSYoungGen: 160638K->67295K(175104K)] 383603K->309585K(699392K), 0.0078500 secs] [Times: user=0.08 sys=0.01, real=0.00 secs] 
2016-09-25T22:48:22.959-0400: 32.463: [GC (GCLocker Initiated GC) [PSYoungGen: 155359K->65689K(175104K)] 404483K->320740K(699392K), 0.0102851 secs] [Times: user=0.09 sys=0.00, real=0.01 secs] 
2016-09-25T22:48:23.021-0400: 32.525: [GC (GCLocker Initiated GC) [PSYoungGen: 153753K->48147K(175104K)] 413000K->330761K(699392K), 0.0061641 secs] [Times: user=0.07 sys=0.00, real=0.01 secs] 
2016-09-25T22:48:23.060-0400: 32.564: [GC (GCLocker Initiated GC) [PSYoungGen: 136211K->71233K(175104K)] 419038K->365246K(699392K), 0.0090407 secs] [Times: user=0.07 sys=0.00, real=0.01 secs] 
2016-09-25T22:48:23.114-0400: 32.618: [GC (GCLocker Initiated GC) [PSYoungGen: 159297K->67230K(175104K)] 461646K->371490K(699392K), 0.0103771 secs] [Times: user=0.13 sys=0.01, real=0.01 secs] 
2016-09-25T22:48:23.182-0400: 32.685: [GC (GCLocker Initiated GC) [PSYoungGen: 155294K->50690K(175104K)] 467896K->370610K(699392K), 0.0061166 secs] [Times: user=0.03 sys=0.03, real=0.01 secs] 
2016-09-25T22:48:23.231-0400: 32.735: [GC (GCLocker Initiated GC) [PSYoungGen: 138754K->53612K(175104K)] 464100K->415795K(699392K), 0.0090874 secs] [Times: user=0.15 sys=0.00, real=0.01 secs] 
2016-09-25T22:48:23.288-0400: 32.792: [GC (GCLocker Initiated GC) [PSYoungGen: 141676K->52116K(140288K)] 518758K->429615K(664576K), 0.0093830 secs] [Times: user=0.09 sys=0.01, real=0.01 secs] 
2016-09-25T22:48:23.349-0400: 32.853: [GC (GCLocker Initiated GC) [PSYoungGen: 140180K->42698K(174080K)] 531262K->450485K(698368K), 0.0099764 secs] [Times: user=0.14 sys=0.01, real=0.01 secs] 
2016-09-25T22:48:23.406-0400: 32.910: [GC (GCLocker Initiated GC) [PSYoungGen: 130250K->56424K(144384K)] 539426K->494350K(668672K), 0.0107025 secs] [Times: user=0.11 sys=0.01, real=0.01 secs] 
2016-09-25T22:48:23.461-0400: 32.965: [GC (GCLocker Initiated GC) [PSYoungGen: 143976K->76631K(171520K)] 587414K->535545K(695808K), 0.0083343 secs] [Times: user=0.11 sys=0.02, real=0.01 secs] 
2016-09-25T22:48:23.512-0400: 33.016: [GC (GCLocker Initiated GC) [PSYoungGen: 163159K->60256K(173568K)] 622177K->545451K(697856K), 0.0067898 secs] [Times: user=0.09 sys=0.01, real=0.01 secs] 
2016-09-25T22:48:23.519-0400: 33.023: [Full GC (Ergonomics) [PSYoungGen: 60256K->0K(173568K)] [ParOldGen: 485194K->175040K(524288K)] 545451K->175040K(697856K), [Metaspace: 43455K->43455K(1085440K)], 0.0608900 secs] [Times: user=0.38 sys=0.01, real=0.06 secs] 
2016-09-25T22:48:23.619-0400: 33.123: [GC (GCLocker Initiated GC) [PSYoungGen: 86528K->85065K(174080K)] 267136K->268373K(698368K), 0.0096239 secs] [Times: user=0.12 sys=0.01, real=0.01 secs] 
2016-09-25T22:48:23.678-0400: 33.182: [GC (GCLocker Initiated GC) [PSYoungGen: 173129K->48378K(175104K)] 364682K->254283K(699392K), 0.0086330 secs] [Times: user=0.06 sys=0.00, real=0.01 secs] 
2016-09-25T22:48:23.732-0400: 33.236: [GC (GCLocker Initiated GC) [PSYoungGen: 136442K->68420K(175104K)] 342582K->287214K(699392K), 0.0085373 secs] [Times: user=0.10 sys=0.00, real=0.01 secs] 
2016-09-25T22:48:23.779-0400: 33.283: [GC (GCLocker Initiated GC) [PSYoungGen: 156484K->72617K(175104K)] 377562K->314417K(699392K), 0.0097074 secs] [Times: user=0.12 sys=0.00, real=0.01 secs] 
2016-09-25T22:48:23.835-0400: 33.339: [GC (GCLocker Initiated GC) [PSYoungGen: 160681K->72522K(175104K)] 409310K->327050K(699392K), 0.0095484 secs] [Times: user=0.11 sys=0.01, real=0.01 secs] 
2016-09-25T22:48:23.892-0400: 33.396: [GC (GCLocker Initiated GC) [PSYoungGen: 160586K->59027K(175104K)] 420590K->342505K(699392K), 0.0069427 secs] [Times: user=0.10 sys=0.01, real=0.01 secs] 
2016-09-25T22:48:23.944-0400: 33.448: [GC (GCLocker Initiated GC) [PSYoungGen: 147091K->56148K(175104K)] 437416K->365815K(699392K), 0.0089523 secs] [Times: user=0.08 sys=0.00, real=0.00 secs] 
2016-09-25T22:48:23.986-0400: 33.490: [GC (GCLocker Initiated GC) [PSYoungGen: 144212K->73950K(175104K)] 454015K->389631K(699392K), 0.0160689 secs] [Times: user=0.23 sys=0.01, real=0.01 secs] 
2016-09-25T22:48:24.045-0400: 33.549: [GC (GCLocker Initiated GC) [PSYoungGen: 162014K->84722K(175104K)] 480518K->424006K(699392K), 0.0094948 secs] [Times: user=0.14 sys=0.00, real=0.01 secs] 
2016-09-25T22:48:24.109-0400: 33.613: [GC (GCLocker Initiated GC) [PSYoungGen: 172786K->45570K(175104K)] 524243K->433983K(699392K), 0.0057720 secs] [Times: user=0.07 sys=0.01, real=0.01 secs] 
2016-09-25T22:48:24.149-0400: 33.653: [GC (GCLocker Initiated GC) [PSYoungGen: 133634K->86014K(175104K)] 522085K->483122K(699392K), 0.0101075 secs] [Times: user=0.10 sys=0.00, real=0.01 secs] 
2016-09-25T22:48:24.193-0400: 33.697: [GC (GCLocker Initiated GC) [PSYoungGen: 174078K->57677K(175104K)] 571301K->504011K(699392K), 0.0072395 secs] [Times: user=0.10 sys=0.01, real=0.01 secs] 
2016-09-25T22:48:24.237-0400: 33.741: [GC (GCLocker Initiated GC) [PSYoungGen: 145741K->55121K(175104K)] 602997K->543948K(699392K), 0.0080319 secs] [Times: user=0.08 sys=0.00, real=0.01 secs] 
2016-09-25T22:48:24.246-0400: 33.749: [Full GC (Ergonomics) [PSYoungGen: 55121K->0K(175104K)] [ParOldGen: 488827K->182413K(524288K)] 543948K->182413K(699392K), [Metaspace: 43458K->43458K(1085440K)], 0.0543695 secs] [Times: user=0.42 sys=0.00, real=0.05 secs] 
2016-09-25T22:48:24.352-0400: 33.856: [GC (GCLocker Initiated GC) [PSYoungGen: 88064K->86443K(175104K)] 275928K->278357K(699392K), 0.0077738 secs] [Times: user=0.12 sys=0.00, real=0.01 secs] 
2016-09-25T22:48:24.426-0400: 33.930: [GC (GCLocker Initiated GC) [PSYoungGen: 174507K->56215K(175104K)] 375975K->263952K(699392K), 0.0130416 secs] [Times: user=0.17 sys=0.00, real=0.01 secs] 
2016-09-25T22:48:24.479-0400: 33.983: [GC (GCLocker Initiated GC) [PSYoungGen: 144279K->42758K(175104K)] 360340K->260634K(699392K), 0.0061887 secs] [Times: user=0.05 sys=0.00, real=0.01 secs] 
2016-09-25T22:48:24.540-0400: 34.044: [GC (GCLocker Initiated GC) [PSYoungGen: 130822K->59044K(175104K)] 355592K->291176K(699392K), 0.0101186 secs] [Times: user=0.08 sys=0.00, real=0.01 secs] 
2016-09-25T22:48:24.616-0400: 34.120: [GC (GCLocker Initiated GC) [PSYoungGen: 147108K->61667K(175104K)] 382157K->305278K(699392K), 0.0112155 secs] [Times: user=0.14 sys=0.00, real=0.01 secs] 
2016-09-25T22:48:24.673-0400: 34.176: [GC (GCLocker Initiated GC) [PSYoungGen: 149731K->84721K(175104K)] 401608K->339782K(699392K), 0.0065589 secs] [Times: user=0.09 sys=0.00, real=0.01 secs] 
2016-09-25T22:48:24.725-0400: 34.228: [GC (GCLocker Initiated GC) [PSYoungGen: 172785K->75140K(175104K)] 432150K->351242K(699392K), 0.0075612 secs] [Times: user=0.12 sys=0.00, real=0.00 secs] 
2016-09-25T22:48:24.797-0400: 34.301: [GC (GCLocker Initiated GC) [PSYoungGen: 163204K->73849K(175104K)] 448824K->370742K(699392K), 0.0107854 secs] [Times: user=0.14 sys=0.01, real=0.01 secs] 
2016-09-25T22:48:24.879-0400: 34.383: [GC (GCLocker Initiated GC) [PSYoungGen: 161913K->53725K(175104K)] 467102K->379708K(699392K), 0.0065051 secs] [Times: user=0.08 sys=0.00, real=0.01 secs] 
2016-09-25T22:48:24.932-0400: 34.436: [GC (GCLocker Initiated GC) [PSYoungGen: 141789K->44193K(175104K)] 477317K->410025K(699392K), 0.0067650 secs] [Times: user=0.08 sys=0.01, real=0.01 secs] 
2016-09-25T22:48:24.979-0400: 34.483: [GC (GCLocker Initiated GC) [PSYoungGen: 132257K->81849K(175104K)] 498261K->461906K(699392K), 0.0125758 secs] [Times: user=0.17 sys=0.00, real=0.01 secs] 
2016-09-25T22:48:25.053-0400: 34.557: [GC (GCLocker Initiated GC) [PSYoungGen: 169913K->79403K(175104K)] 555408K->496329K(699392K), 0.0148610 secs] [Times: user=0.15 sys=0.01, real=0.02 secs] 
2016-09-25T22:48:25.127-0400: 34.630: [GC (GCLocker Initiated GC) [PSYoungGen: 167467K->52162K(175104K)] 584899K->476911K(699392K), 0.0102848 secs] [Times: user=0.08 sys=0.00, real=0.01 secs] 
2016-09-25T22:48:25.169-0400: 34.673: [GC (GCLocker Initiated GC) [PSYoungGen: 140226K->61731K(175104K)] 567790K->514133K(699392K), 0.0080122 secs] [Times: user=0.12 sys=0.01, real=0.01 secs] 
2016-09-25T22:48:25.236-0400: 34.740: [GC (GCLocker Initiated GC) [PSYoungGen: 149795K->68406K(175104K)] 611818K->551164K(699392K), 0.0112455 secs] [Times: user=0.12 sys=0.00, real=0.01 secs] 
2016-09-25T22:48:25.248-0400: 34.751: [Full GC (Ergonomics) [PSYoungGen: 68406K->0K(175104K)] [ParOldGen: 482758K->188005K(524288K)] 551164K->188005K(699392K), [Metaspace: 43478K->43478K(1085440K)], 0.0851469 secs] [Times: user=0.65 sys=0.02, real=0.08 secs] 
2016-09-25T22:48:25.381-0400: 34.885: [GC (GCLocker Initiated GC) [PSYoungGen: 88064K->63297K(175104K)] 282936K->258169K(699392K), 0.0140439 secs] [Times: user=0.20 sys=0.01, real=0.02 secs] 
2016-09-25T22:48:25.437-0400: 34.940: [GC (GCLocker Initiated GC) [PSYoungGen: 151361K->68404K(175104K)] 346354K->279012K(699392K), 0.0098542 secs] [Times: user=0.15 sys=0.01, real=0.01 secs] 
2016-09-25T22:48:25.499-0400: 35.002: [GC (GCLocker Initiated GC) [PSYoungGen: 156468K->58992K(175104K)] 373907K->287607K(699392K), 0.0373781 secs] [Times: user=0.49 sys=0.00, real=0.04 secs] 
2016-09-25T22:48:25.590-0400: 35.094: [GC (GCLocker Initiated GC) [PSYoungGen: 147056K->62886K(175104K)] 377131K->308413K(699392K), 0.0254357 secs] [Times: user=0.30 sys=0.01, real=0.03 secs] 
2016-09-25T22:48:25.651-0400: 35.155: [GC (GCLocker Initiated GC) [PSYoungGen: 150950K->86135K(175104K)] 404684K->360513K(699392K), 0.0156645 secs] [Times: user=0.22 sys=0.01, real=0.02 secs] 
2016-09-25T22:48:25.726-0400: 35.230: [GC (GCLocker Initiated GC) [PSYoungGen: 174199K->56234K(175104K)] 448608K->369016K(699392K), 0.0113448 secs] [Times: user=0.12 sys=0.00, real=0.01 secs] 
2016-09-25T22:48:25.802-0400: 35.306: [GC (GCLocker Initiated GC) [PSYoungGen: 144298K->84665K(175104K)] 457172K->406067K(699392K), 0.0070941 secs] [Times: user=0.10 sys=0.01, real=0.00 secs] 
2016-09-25T22:48:25.854-0400: 35.358: [GC (GCLocker Initiated GC) [PSYoungGen: 172729K->61614K(175104K)] 501051K->410623K(699392K), 0.0075453 secs] [Times: user=0.08 sys=0.01, real=0.00 secs] 
2016-09-25T22:48:25.895-0400: 35.399: [GC (GCLocker Initiated GC) [PSYoungGen: 149678K->77934K(175104K)] 501529K->451905K(699392K), 0.0081890 secs] [Times: user=0.11 sys=0.00, real=0.01 secs] 
2016-09-25T22:48:25.947-0400: 35.451: [GC (GCLocker Initiated GC) [PSYoungGen: 165998K->84792K(175104K)] 542836K->490472K(699392K), 0.0099550 secs] [Times: user=0.14 sys=0.01, real=0.01 secs] 
2016-09-25T22:48:26.006-0400: 35.510: [GC (GCLocker Initiated GC) [PSYoungGen: 172856K->53508K(175104K)] 578546K->490795K(699392K), 0.0066436 secs] [Times: user=0.08 sys=0.00, real=0.00 secs] 
2016-09-25T22:48:26.051-0400: 35.555: [GC (GCLocker Initiated GC) [PSYoungGen: 141572K->83302K(175104K)] 578999K->531964K(699392K), 0.0148538 secs] [Times: user=0.22 sys=0.01, real=0.02 secs] 
2016-09-25T22:48:26.114-0400: 35.617: [GC (GCLocker Initiated GC) [PSYoungGen: 171366K->45587K(175104K)] 620292K->543670K(699392K), 0.0137432 secs] [Times: user=0.20 sys=0.00, real=0.02 secs] 
2016-09-25T22:48:26.127-0400: 35.631: [Full GC (Ergonomics) [PSYoungGen: 45587K->0K(175104K)] [ParOldGen: 498082K->192379K(524288K)] 543670K->192379K(699392K), [Metaspace: 43478K->43478K(1085440K)], 0.0552787 secs] [Times: user=0.47 sys=0.01, real=0.06 secs] 
2016-09-25T22:48:26.234-0400: 35.738: [GC (GCLocker Initiated GC) [PSYoungGen: 88064K->60290K(175104K)] 280575K->252802K(699392K), 0.0241962 secs] [Times: user=0.31 sys=0.01, real=0.02 secs] 
2016-09-25T22:48:26.295-0400: 35.798: [GC (GCLocker Initiated GC) [PSYoungGen: 148354K->80866K(175104K)] 353199K->314655K(699392K), 0.0101294 secs] [Times: user=0.15 sys=0.00, real=0.01 secs] 
2016-09-25T22:48:26.351-0400: 35.854: [GC (Allocation Failure) [PSYoungGen: 168930K->58980K(175104K)] 410851K->323161K(699392K), 0.0097940 secs] [Times: user=0.14 sys=0.00, real=0.01 secs] 
2016-09-25T22:48:26.413-0400: 35.917: [GC (GCLocker Initiated GC) [PSYoungGen: 146221K->76502K(175104K)] 415802K->350575K(699392K), 0.0083153 secs] [Times: user=0.09 sys=0.00, real=0.01 secs] 
2016-09-25T22:48:26.466-0400: 35.969: [GC (GCLocker Initiated GC) [PSYoungGen: 164566K->81868K(175104K)] 438887K->360685K(699392K), 0.0063231 secs] [Times: user=0.10 sys=0.00, real=0.00 secs] 
2016-09-25T22:48:26.530-0400: 36.034: [GC (GCLocker Initiated GC) [PSYoungGen: 169932K->52210K(175104K)] 459653K->372035K(699392K), 0.0063273 secs] [Times: user=0.09 sys=0.00, real=0.01 secs] 
2016-09-25T22:48:26.583-0400: 36.086: [GC (GCLocker Initiated GC) [PSYoungGen: 140274K->53648K(175104K)] 460183K->394221K(699392K), 0.0084954 secs] [Times: user=0.10 sys=0.00, real=0.00 secs] 
2016-09-25T22:48:26.635-0400: 36.139: [GC (GCLocker Initiated GC) [PSYoungGen: 141712K->55014K(175104K)] 493147K->427177K(699392K), 0.0109602 secs] [Times: user=0.11 sys=0.01, real=0.01 secs] 
2016-09-25T22:48:26.698-0400: 36.202: [GC (GCLocker Initiated GC) [PSYoungGen: 143078K->56245K(175104K)] 523427K->449336K(699392K), 0.0175712 secs] [Times: user=0.21 sys=0.01, real=0.02 secs] 
2016-09-25T22:48:26.770-0400: 36.274: [GC (GCLocker Initiated GC) [PSYoungGen: 144309K->44049K(175104K)] 544224K->465939K(699392K), 0.0092656 secs] [Times: user=0.11 sys=0.02, real=0.01 secs] 
2016-09-25T22:48:26.822-0400: 36.325: [GC (GCLocker Initiated GC) [PSYoungGen: 132113K->61626K(175104K)] 563569K->504291K(699392K), 0.0094937 secs] [Times: user=0.09 sys=0.01, real=0.01 secs] 
2016-09-25T22:48:26.883-0400: 36.387: [GC (GCLocker Initiated GC) [PSYoungGen: 149690K->69822K(175104K)] 599147K->526513K(699392K), 0.0078332 secs] [Times: user=0.10 sys=0.01, real=0.00 secs] 
2016-09-25T22:48:26.936-0400: 36.440: [GC (GCLocker Initiated GC) [PSYoungGen: 157886K->84608K(175104K)] 617435K->554035K(699392K), 0.0136598 secs] [Times: user=0.12 sys=0.00, real=0.01 secs] 
2016-09-25T22:48:26.998-0400: 36.502: [GC (GCLocker Initiated GC) [PSYoungGen: 172672K->67078K(175104K)] 644941K->565441K(699392K), 0.0072960 secs] [Times: user=0.10 sys=0.01, real=0.01 secs] 
2016-09-25T22:48:27.005-0400: 36.509: [Full GC (Ergonomics) [PSYoungGen: 67078K->0K(175104K)] [ParOldGen: 498363K->196999K(524288K)] 565441K->196999K(699392K), [Metaspace: 43601K->43601K(1085440K)], 0.0663763 secs] [Times: user=0.62 sys=0.01, real=0.06 secs] 
2016-09-25T22:48:27.114-0400: 36.618: [GC (GCLocker Initiated GC) [PSYoungGen: 88064K->85025K(175104K)] 290623K->287584K(699392K), 0.0083483 secs] [Times: user=0.14 sys=0.00, real=0.01 secs] 
2016-09-25T22:48:27.178-0400: 36.682: [GC (GCLocker Initiated GC) [PSYoungGen: 173089K->45566K(175104K)] 385201K->284173K(699392K), 0.0081683 secs] [Times: user=0.09 sys=0.01, real=0.01 secs] 
2016-09-25T22:48:27.229-0400: 36.733: [GC (GCLocker Initiated GC) [PSYoungGen: 133630K->62963K(175104K)] 375868K->311202K(699392K), 0.0113734 secs] [Times: user=0.17 sys=0.00, real=0.01 secs] 
2016-09-25T22:48:27.288-0400: 36.791: [GC (GCLocker Initiated GC) [PSYoungGen: 151027K->72522K(175104K)] 408901K->347052K(699392K), 0.0107023 secs] [Times: user=0.11 sys=0.00, real=0.01 secs] 
2016-09-25T22:48:27.342-0400: 36.845: [GC (GCLocker Initiated GC) [PSYoungGen: 160586K->52048K(175104K)] 436577K->346056K(699392K), 0.0105846 secs] [Times: user=0.09 sys=0.00, real=0.01 secs] 
2016-09-25T22:48:27.398-0400: 36.902: [GC (GCLocker Initiated GC) [PSYoungGen: 140112K->60180K(175104K)] 439655K->379051K(699392K), 0.0072920 secs] [Times: user=0.09 sys=0.00, real=0.01 secs] 
2016-09-25T22:48:27.457-0400: 36.961: [GC (GCLocker Initiated GC) [PSYoungGen: 148244K->49463K(175104K)] 469893K->379600K(699392K), 0.0086916 secs] [Times: user=0.09 sys=0.01, real=0.01 secs] 
2016-09-25T22:48:27.509-0400: 37.013: [GC (GCLocker Initiated GC) [PSYoungGen: 137527K->53577K(175104K)] 467832K->407292K(699392K), 0.0094348 secs] [Times: user=0.07 sys=0.00, real=0.01 secs] 
2016-09-25T22:48:27.566-0400: 37.070: [GC (GCLocker Initiated GC) [PSYoungGen: 141641K->44140K(175104K)] 502161K->430801K(699392K), 0.0082299 secs] [Times: user=0.10 sys=0.00, real=0.01 secs] 
2016-09-25T22:48:27.616-0400: 37.120: [GC (GCLocker Initiated GC) [PSYoungGen: 132204K->71279K(175104K)] 528407K->500453K(699392K), 0.0075548 secs] [Times: user=0.09 sys=0.00, real=0.01 secs] 
2016-09-25T22:48:27.665-0400: 37.168: [GC (GCLocker Initiated GC) [PSYoungGen: 159343K->71074K(175104K)] 593994K->523866K(699392K), 0.0074794 secs] [Times: user=0.09 sys=0.00, real=0.00 secs] 
2016-09-25T22:48:27.721-0400: 37.225: [GC (GCLocker Initiated GC) [PSYoungGen: 159138K->52187K(175104K)] 622925K->520394K(699392K), 0.0067858 secs] [Times: user=0.07 sys=0.00, real=0.01 secs] 
2016-09-25T22:48:27.772-0400: 37.276: [GC (GCLocker Initiated GC) [PSYoungGen: 140251K->69668K(175104K)] 608547K->551983K(699392K), 0.0235057 secs] [Times: user=0.31 sys=0.00, real=0.03 secs] 
2016-09-25T22:48:27.836-0400: 37.340: [Full GC (Ergonomics) [PSYoungGen: 157732K->0K(175104K)] [ParOldGen: 491784K->204210K(524288K)] 649517K->204210K(699392K), [Metaspace: 43602K->43602K(1085440K)], 0.0537651 secs] [Times: user=0.45 sys=0.01, real=0.05 secs] 
2016-09-25T22:48:27.943-0400: 37.447: [GC (GCLocker Initiated GC) [PSYoungGen: 88064K->63293K(175104K)] 306051K->281280K(699392K), 0.0074518 secs] [Times: user=0.10 sys=0.01, real=0.00 secs] 
2016-09-25T22:48:27.994-0400: 37.498: [GC (GCLocker Initiated GC) [PSYoungGen: 151357K->68413K(175104K)] 369518K->303519K(699392K), 0.0091230 secs] [Times: user=0.09 sys=0.00, real=0.02 secs] 
2016-09-25T22:48:28.049-0400: 37.553: [GC (GCLocker Initiated GC) [PSYoungGen: 156477K->77984K(175104K)] 404832K->337540K(699392K), 0.0075973 secs] [Times: user=0.08 sys=0.00, real=0.01 secs] 
2016-09-25T22:48:28.101-0400: 37.605: [GC (GCLocker Initiated GC) [PSYoungGen: 166048K->66997K(175104K)] 428400K->347394K(699392K), 0.0071884 secs] [Times: user=0.06 sys=0.00, real=0.01 secs] 
2016-09-25T22:48:28.150-0400: 37.653: [GC (GCLocker Initiated GC) [PSYoungGen: 155061K->57677K(175104K)] 441112K->373819K(699392K), 0.0104468 secs] [Times: user=0.14 sys=0.00, real=0.01 secs] 
2016-09-25T22:48:28.210-0400: 37.714: [GC (GCLocker Initiated GC) [PSYoungGen: 145741K->65778K(175104K)] 468803K->390695K(699392K), 0.0064030 secs] [Times: user=0.08 sys=0.00, real=0.01 secs] 
2016-09-25T22:48:28.260-0400: 37.763: [GC (GCLocker Initiated GC) [PSYoungGen: 153842K->69621K(175104K)] 478822K->409989K(699392K), 0.0068052 secs] [Times: user=0.09 sys=0.00, real=0.01 secs] 
2016-09-25T22:48:28.310-0400: 37.814: [GC (GCLocker Initiated GC) [PSYoungGen: 157685K->67160K(155648K)] 500937K->410679K(679936K), 0.0071366 secs] [Times: user=0.06 sys=0.00, real=0.01 secs] 
2016-09-25T22:48:28.368-0400: 37.872: [GC (GCLocker Initiated GC) [PSYoungGen: 155224K->66933K(175616K)] 498824K->436742K(699904K), 0.0098295 secs] [Times: user=0.10 sys=0.00, real=0.01 secs] 
2016-09-25T22:48:28.414-0400: 37.918: [GC (GCLocker Initiated GC) [PSYoungGen: 156533K->61780K(174080K)] 526601K->471325K(698368K), 0.0079976 secs] [Times: user=0.09 sys=0.00, real=0.01 secs] 
2016-09-25T22:48:28.470-0400: 37.973: [GC (GCLocker Initiated GC) [PSYoungGen: 151380K->73854K(173568K)] 560962K->500211K(697856K), 0.0087919 secs] [Times: user=0.11 sys=0.01, real=0.01 secs] 
2016-09-25T22:48:28.526-0400: 38.030: [GC (GCLocker Initiated GC) [PSYoungGen: 163966K->67211K(175104K)] 593137K->513068K(699392K), 0.0080607 secs] [Times: user=0.10 sys=0.00, real=0.01 secs] 
2016-09-25T22:48:28.584-0400: 38.087: [GC (GCLocker Initiated GC) [PSYoungGen: 157323K->59115K(176128K)] 616790K->523173K(700416K), 0.0107173 secs] [Times: user=0.12 sys=0.01, real=0.01 secs] 
2016-09-25T22:48:28.646-0400: 38.149: [GC (GCLocker Initiated GC) [PSYoungGen: 152811K->53465K(176640K)] 621088K->541303K(700928K), 0.0130224 secs] [Times: user=0.13 sys=0.01, real=0.01 secs] 
2016-09-25T22:48:28.659-0400: 38.163: [Full GC (Ergonomics) [PSYoungGen: 53465K->0K(176640K)] [ParOldGen: 487838K->197691K(524288K)] 541303K->197691K(700928K), [Metaspace: 43602K->43602K(1085440K)], 0.0605278 secs] [Times: user=0.37 sys=0.01, real=0.06 secs] 
2016-09-25T22:48:28.757-0400: 38.261: [GC (GCLocker Initiated GC) [PSYoungGen: 93696K->80796K(171008K)] 291507K->281308K(695296K), 0.0074676 secs] [Times: user=0.07 sys=0.00, real=0.01 secs] 
2016-09-25T22:48:28.803-0400: 38.307: [GC (GCLocker Initiated GC) [PSYoungGen: 168860K->77853K(175104K)] 374860K->322370K(699392K), 0.0096784 secs] [Times: user=0.13 sys=0.00, real=0.00 secs] 
2016-09-25T22:48:28.861-0400: 38.365: [GC (GCLocker Initiated GC) [PSYoungGen: 165917K->67041K(175104K)] 417285K->329616K(699392K), 0.0105675 secs] [Times: user=0.12 sys=0.00, real=0.01 secs] 
2016-09-25T22:48:28.921-0400: 38.425: [GC (GCLocker Initiated GC) [PSYoungGen: 155105K->60227K(148480K)] 423150K->344876K(672768K), 0.0079505 secs] [Times: user=0.12 sys=0.00, real=0.01 secs] 
2016-09-25T22:48:28.962-0400: 38.466: [GC (GCLocker Initiated GC) [PSYoungGen: 148291K->80649K(174080K)] 435723K->375194K(698368K), 0.0097226 secs] [Times: user=0.14 sys=0.00, real=0.00 secs] 
2016-09-25T22:48:29.013-0400: 38.517: [GC (GCLocker Initiated GC) [PSYoungGen: 168201K->62960K(174592K)] 462791K->380983K(698880K), 0.0063152 secs] [Times: user=0.09 sys=0.00, real=0.01 secs] 
2016-09-25T22:48:29.058-0400: 38.562: [GC (GCLocker Initiated GC) [PSYoungGen: 150512K->86170K(175104K)] 476853K->414209K(699392K), 0.0074217 secs] [Times: user=0.10 sys=0.01, real=0.01 secs] 
2016-09-25T22:48:29.111-0400: 38.615: [GC (GCLocker Initiated GC) [PSYoungGen: 174234K->57592K(175104K)] 509383K->416338K(699392K), 0.0088211 secs] [Times: user=0.14 sys=0.00, real=0.01 secs] 
2016-09-25T22:48:29.163-0400: 38.667: [GC (GCLocker Initiated GC) [PSYoungGen: 145656K->56253K(175104K)] 507189K->431675K(699392K), 0.0111506 secs] [Times: user=0.13 sys=0.01, real=0.00 secs] 
2016-09-25T22:48:29.217-0400: 38.720: [GC (GCLocker Initiated GC) [PSYoungGen: 144317K->64246K(175104K)] 519909K->459197K(699392K), 0.0148676 secs] [Times: user=0.11 sys=0.00, real=0.01 secs] 
2016-09-25T22:48:29.265-0400: 38.769: [GC (GCLocker Initiated GC) [PSYoungGen: 152310K->65736K(175104K)] 551422K->469286K(699392K), 0.0096057 secs] [Times: user=0.11 sys=0.00, real=0.01 secs] 
2016-09-25T22:48:29.306-0400: 38.810: [GC (GCLocker Initiated GC) [PSYoungGen: 153800K->63037K(151552K)] 557445K->509036K(675840K), 0.0073736 secs] [Times: user=0.10 sys=0.00, real=0.00 secs] 
2016-09-25T22:48:29.353-0400: 38.856: [GC (Allocation Failure) [PSYoungGen: 151101K->45370K(174080K)] 605258K->513468K(698368K), 0.0068444 secs] [Times: user=0.06 sys=0.00, real=0.01 secs] 
2016-09-25T22:48:29.413-0400: 38.916: [GC (GCLocker Initiated GC) [PSYoungGen: 130557K->57549K(174592K)] 601354K->545095K(698880K), 0.0099465 secs] [Times: user=0.12 sys=0.01, real=0.02 secs] 
2016-09-25T22:48:29.423-0400: 38.926: [Full GC (Ergonomics) [PSYoungGen: 57549K->0K(174592K)] [ParOldGen: 487546K->202061K(524288K)] 545095K->202061K(698880K), [Metaspace: 43604K->43604K(1085440K)], 0.0753187 secs] [Times: user=0.61 sys=0.00, real=0.07 secs] 
2016-09-25T22:48:29.535-0400: 39.039: [GC (GCLocker Initiated GC) [PSYoungGen: 87552K->62000K(171008K)] 297730K->272178K(695296K), 0.0084566 secs] [Times: user=0.05 sys=0.01, real=0.01 secs] 
2016-09-25T22:48:29.585-0400: 39.089: [GC (GCLocker Initiated GC) [PSYoungGen: 150064K->53491K(173056K)] 368478K->279588K(697344K), 0.0056776 secs] [Times: user=0.06 sys=0.00, real=0.00 secs] 
2016-09-25T22:48:29.656-0400: 39.159: [GC (GCLocker Initiated GC) [PSYoungGen: 141555K->60294K(172544K)] 373672K->303664K(696832K), 0.0109769 secs] [Times: user=0.14 sys=0.01, real=0.01 secs] 
2016-09-25T22:48:29.735-0400: 39.238: [GC (GCLocker Initiated GC) [PSYoungGen: 152966K->41598K(175104K)] 403278K->328815K(699392K), 0.0128301 secs] [Times: user=0.17 sys=0.00, real=0.01 secs] 
2016-09-25T22:48:29.788-0400: 39.292: [GC (GCLocker Initiated GC) [PSYoungGen: 134270K->83288K(172032K)] 421636K->379357K(696320K), 0.0108392 secs] [Times: user=0.14 sys=0.01, real=0.01 secs] 
2016-09-25T22:48:29.862-0400: 39.366: [GC (GCLocker Initiated GC) [PSYoungGen: 171352K->50749K(175104K)] 472883K->394560K(699392K), 0.0165657 secs] [Times: user=0.17 sys=0.01, real=0.02 secs] 
2016-09-25T22:48:29.940-0400: 39.444: [GC (GCLocker Initiated GC) [PSYoungGen: 138813K->68611K(175104K)] 488107K->446651K(699392K), 0.0106124 secs] [Times: user=0.15 sys=0.01, real=0.01 secs] 
2016-09-25T22:48:29.994-0400: 39.498: [GC (GCLocker Initiated GC) [PSYoungGen: 156675K->59021K(175104K)] 545696K->472941K(699392K), 0.0065160 secs] [Times: user=0.07 sys=0.00, real=0.01 secs] 
2016-09-25T22:48:30.052-0400: 39.556: [GC (GCLocker Initiated GC) [PSYoungGen: 147085K->63040K(171008K)] 567857K->491057K(695296K), 0.0104357 secs] [Times: user=0.12 sys=0.01, real=0.02 secs] 
2016-09-25T22:48:30.137-0400: 39.641: [GC (GCLocker Initiated GC) [PSYoungGen: 151104K->61785K(173056K)] 581839K->509264K(697344K), 0.0105002 secs] [Times: user=0.15 sys=0.01, real=0.01 secs] 
2016-09-25T22:48:30.190-0400: 39.694: [GC (GCLocker Initiated GC) [PSYoungGen: 149849K->80622K(171008K)] 600052K->553013K(695296K), 0.0079790 secs] [Times: user=0.11 sys=0.00, real=0.01 secs] 
2016-09-25T22:48:30.232-0400: 39.735: [GC (GCLocker Initiated GC) [PSYoungGen: 168686K->85991K(175104K)] 643897K->564325K(699392K), 0.0079233 secs] [Times: user=0.07 sys=0.00, real=0.01 secs] 
2016-09-25T22:48:30.281-0400: 39.785: [Full GC (Ergonomics) [PSYoungGen: 174055K->0K(175104K)] [ParOldGen: 481169K->208982K(524288K)] 655224K->208982K(699392K), [Metaspace: 43612K->43612K(1085440K)], 0.0924248 secs] [Times: user=0.59 sys=0.01, real=0.09 secs] 
2016-09-25T22:48:30.413-0400: 39.917: [GC (GCLocker Initiated GC) [PSYoungGen: 88064K->61966K(175104K)] 299985K->273887K(699392K), 0.0056013 secs] [Times: user=0.05 sys=0.00, real=0.01 secs] 
2016-09-25T22:48:30.452-0400: 39.956: [GC (GCLocker Initiated GC) [PSYoungGen: 150030K->76617K(175104K)] 370243K->311071K(699392K), 0.0068702 secs] [Times: user=0.08 sys=0.00, real=0.01 secs] 
2016-09-25T22:48:30.514-0400: 40.018: [GC (GCLocker Initiated GC) [PSYoungGen: 164681K->79324K(175104K)] 399297K->323900K(699392K), 0.0106866 secs] [Times: user=0.16 sys=0.01, real=0.02 secs] 
2016-09-25T22:48:30.591-0400: 40.095: [GC (GCLocker Initiated GC) [PSYoungGen: 167388K->48210K(175104K)] 414690K->337894K(699392K), 0.0103465 secs] [Times: user=0.15 sys=0.00, real=0.01 secs] 
2016-09-25T22:48:30.631-0400: 40.135: [GC (GCLocker Initiated GC) [PSYoungGen: 136274K->86119K(175104K)] 428729K->398006K(699392K), 0.0089260 secs] [Times: user=0.13 sys=0.00, real=0.01 secs] 
2016-09-25T22:48:30.677-0400: 40.181: [GC (GCLocker Initiated GC) [PSYoungGen: 174183K->49605K(175104K)] 491531K->406696K(699392K), 0.0072196 secs] [Times: user=0.11 sys=0.00, real=0.01 secs] 
2016-09-25T22:48:30.744-0400: 40.247: [GC (GCLocker Initiated GC) [PSYoungGen: 137669K->65837K(175104K)] 502922K->435645K(699392K), 0.0081822 secs] [Times: user=0.12 sys=0.00, real=0.00 secs] 
2016-09-25T22:48:30.823-0400: 40.327: [GC (GCLocker Initiated GC) [PSYoungGen: 153901K->76637K(175104K)] 530535K->456480K(699392K), 0.0098870 secs] [Times: user=0.13 sys=0.00, real=0.00 secs] 
2016-09-25T22:48:30.871-0400: 40.375: [GC (GCLocker Initiated GC) [PSYoungGen: 164701K->45382K(175104K)] 547280K->456800K(699392K), 0.0075820 secs] [Times: user=0.06 sys=0.00, real=0.01 secs] 
2016-09-25T22:48:30.904-0400: 40.408: [GC (GCLocker Initiated GC) [PSYoungGen: 133446K->86228K(175104K)] 547664K->525211K(699392K), 0.0078579 secs] [Times: user=0.10 sys=0.00, real=0.00 secs] 
2016-09-25T22:48:30.953-0400: 40.457: [GC (GCLocker Initiated GC) [PSYoungGen: 174292K->54973K(175104K)] 621552K->537963K(699392K), 0.0092313 secs] [Times: user=0.11 sys=0.01, real=0.02 secs] 
2016-09-25T22:48:30.963-0400: 40.467: [Full GC (Ergonomics) [PSYoungGen: 54973K->0K(175104K)] [ParOldGen: 482989K->220617K(524288K)] 537963K->220617K(699392K), [Metaspace: 43619K->43619K(1087488K)], 0.0523779 secs] [Times: user=0.47 sys=0.00, real=0.05 secs] 
2016-09-25T22:48:31.065-0400: 40.568: [GC (GCLocker Initiated GC) [PSYoungGen: 88064K->69970K(175104K)] 310051K->291958K(699392K), 0.0101155 secs] [Times: user=0.14 sys=0.00, real=0.01 secs] 
2016-09-25T22:48:31.113-0400: 40.617: [GC (GCLocker Initiated GC) [PSYoungGen: 158034K->69823K(175104K)] 385569K->308894K(699392K), 0.0092873 secs] [Times: user=0.13 sys=0.00, real=0.02 secs] 
2016-09-25T22:48:31.168-0400: 40.672: [GC (GCLocker Initiated GC) [PSYoungGen: 157887K->64500K(175104K)] 403827K->329865K(699392K), 0.0093216 secs] [Times: user=0.12 sys=0.00, real=0.01 secs] 
2016-09-25T22:48:31.219-0400: 40.723: [GC (GCLocker Initiated GC) [PSYoungGen: 152564K->81992K(175104K)] 418192K->356197K(699392K), 0.0074585 secs] [Times: user=0.11 sys=0.00, real=0.01 secs] 
2016-09-25T22:48:31.271-0400: 40.775: [GC (GCLocker Initiated GC) [PSYoungGen: 170056K->61628K(175104K)] 455203K->359393K(699392K), 0.0116305 secs] [Times: user=0.09 sys=0.00, real=0.02 secs] 
2016-09-25T22:48:31.331-0400: 40.835: [GC (GCLocker Initiated GC) [PSYoungGen: 149692K->61691K(175104K)] 447495K->395072K(699392K), 0.0076937 secs] [Times: user=0.10 sys=0.00, real=0.01 secs] 
2016-09-25T22:48:31.378-0400: 40.882: [GC (GCLocker Initiated GC) [PSYoungGen: 149755K->67027K(175104K)] 483236K->413147K(699392K), 0.0079908 secs] [Times: user=0.07 sys=0.01, real=0.01 secs] 
2016-09-25T22:48:31.424-0400: 40.928: [GC (GCLocker Initiated GC) [PSYoungGen: 155091K->38754K(175104K)] 508151K->409692K(699392K), 0.0084504 secs] [Times: user=0.06 sys=0.00, real=0.00 secs] 
2016-09-25T22:48:31.478-0400: 40.982: [GC (GCLocker Initiated GC) [PSYoungGen: 126818K->69670K(175104K)] 500555K->456166K(699392K), 0.0067684 secs] [Times: user=0.10 sys=0.00, real=0.01 secs] 
2016-09-25T22:48:31.534-0400: 41.038: [GC (GCLocker Initiated GC) [PSYoungGen: 157734K->61582K(175104K)] 548530K->466262K(699392K), 0.0094693 secs] [Times: user=0.12 sys=0.00, real=0.02 secs] 
2016-09-25T22:48:31.582-0400: 41.086: [GC (GCLocker Initiated GC) [PSYoungGen: 149646K->61710K(175104K)] 554463K->507420K(699392K), 0.0070943 secs] [Times: user=0.10 sys=0.00, real=0.00 secs] 
2016-09-25T22:48:31.629-0400: 41.133: [GC (GCLocker Initiated GC) [PSYoungGen: 149774K->63117K(173056K)] 603807K->551397K(697344K), 0.0465828 secs] [Times: user=0.10 sys=0.00, real=0.05 secs] 
2016-09-25T22:48:31.676-0400: 41.180: [Full GC (Ergonomics) [PSYoungGen: 63117K->0K(173056K)] [ParOldGen: 488279K->224421K(524288K)] 551397K->224421K(697344K), [Metaspace: 43619K->43619K(1087488K)], 0.0615385 secs] [Times: user=0.52 sys=0.00, real=0.06 secs] 
2016-09-25T22:48:33.079-0400: 42.583: [GC (GCLocker Initiated GC) [PSYoungGen: 88064K->33328K(174080K)] 322259K->267523K(698368K), 0.0085567 secs] [Times: user=0.06 sys=0.00, real=0.01 secs] 
2016-09-25T22:48:33.119-0400: 42.623: [GC (GCLocker Initiated GC) [PSYoungGen: 121392K->72318K(175104K)] 355684K->314116K(699392K), 0.0125768 secs] [Times: user=0.10 sys=0.01, real=0.01 secs] 
2016-09-25T22:48:33.192-0400: 42.696: [GC (GCLocker Initiated GC) [PSYoungGen: 160382K->39911K(175104K)] 413106K->313253K(699392K), 0.0138291 secs] [Times: user=0.14 sys=0.00, real=0.02 secs] 
2016-09-25T22:48:33.270-0400: 42.773: [GC (GCLocker Initiated GC) [PSYoungGen: 127975K->68440K(175104K)] 413609K->359923K(699392K), 0.0153023 secs] [Times: user=0.15 sys=0.00, real=0.02 secs] 
2016-09-25T22:48:33.348-0400: 42.852: [GC (GCLocker Initiated GC) [PSYoungGen: 156504K->60308K(175104K)] 454316K->388304K(699392K), 0.0110659 secs] [Times: user=0.13 sys=0.00, real=0.01 secs] 
2016-09-25T22:48:33.412-0400: 42.916: [GC (GCLocker Initiated GC) [PSYoungGen: 148372K->52189K(175104K)] 489972K->410409K(699392K), 0.0082841 secs] [Times: user=0.06 sys=0.00, real=0.01 secs] 
2016-09-25T22:48:33.483-0400: 42.987: [GC (GCLocker Initiated GC) [PSYoungGen: 140253K->67013K(175104K)] 505465K->446191K(699392K), 0.0069532 secs] [Times: user=0.09 sys=0.00, real=0.00 secs] 
2016-09-25T22:48:33.544-0400: 43.048: [GC (GCLocker Initiated GC) [PSYoungGen: 155077K->49552K(174080K)] 550670K->449546K(698368K), 0.0054311 secs] [Times: user=0.07 sys=0.00, real=0.00 secs] 
2016-09-25T22:48:33.582-0400: 43.086: [GC (GCLocker Initiated GC) [PSYoungGen: 137616K->77877K(174592K)] 537691K->490646K(698880K), 0.0065589 secs] [Times: user=0.10 sys=0.00, real=0.01 secs] 
2016-09-25T22:48:33.634-0400: 43.138: [GC (GCLocker Initiated GC) [PSYoungGen: 165941K->69758K(175104K)] 581570K->508744K(699392K), 0.0092663 secs] [Times: user=0.10 sys=0.01, real=0.01 secs] 
2016-09-25T22:48:33.686-0400: 43.189: [GC (GCLocker Initiated GC) [PSYoungGen: 157822K->64359K(175104K)] 605036K->534959K(699392K), 0.0099096 secs] [Times: user=0.12 sys=0.00, real=0.01 secs] 
2016-09-25T22:48:33.744-0400: 43.247: [GC (GCLocker Initiated GC) [PSYoungGen: 152423K->67092K(175104K)] 629923K->557235K(699392K), 0.0095857 secs] [Times: user=0.12 sys=0.00, real=0.00 secs] 
2016-09-25T22:48:33.753-0400: 43.257: [Full GC (Ergonomics) [PSYoungGen: 67092K->0K(175104K)] [ParOldGen: 490143K->222895K(524288K)] 557235K->222895K(699392K), [Metaspace: 43627K->43627K(1087488K)], 0.0626138 secs] [Times: user=0.41 sys=0.00, real=0.07 secs] 
2016-09-25T22:48:33.862-0400: 43.366: [GC (GCLocker Initiated GC) [PSYoungGen: 88064K->78148K(175104K)] 320760K->310844K(699392K), 0.0099126 secs] [Times: user=0.15 sys=0.00, real=0.01 secs] 
2016-09-25T22:48:33.914-0400: 43.417: [GC (GCLocker Initiated GC) [PSYoungGen: 166212K->72414K(175104K)] 401678K->315383K(699392K), 0.0071295 secs] [Times: user=0.10 sys=0.01, real=0.01 secs] 
2016-09-25T22:48:33.961-0400: 43.465: [GC (GCLocker Initiated GC) [PSYoungGen: 160478K->60409K(175104K)] 406367K->328306K(699392K), 0.0071121 secs] [Times: user=0.10 sys=0.01, real=0.01 secs] 
2016-09-25T22:48:34.011-0400: 43.515: [GC (GCLocker Initiated GC) [PSYoungGen: 148473K->69889K(175104K)] 419268K->347931K(699392K), 0.0067597 secs] [Times: user=0.10 sys=0.00, real=0.01 secs] 
2016-09-25T22:48:34.056-0400: 43.560: [GC (GCLocker Initiated GC) [PSYoungGen: 157953K->68445K(175104K)] 438748K->365999K(699392K), 0.0089141 secs] [Times: user=0.13 sys=0.00, real=0.01 secs] 
2016-09-25T22:48:34.110-0400: 43.614: [GC (GCLocker Initiated GC) [PSYoungGen: 156509K->72466K(175104K)] 454106K->390825K(699392K), 0.0068141 secs] [Times: user=0.10 sys=0.01, real=0.01 secs] 
2016-09-25T22:48:34.160-0400: 43.663: [GC (GCLocker Initiated GC) [PSYoungGen: 160530K->57635K(175104K)] 487061K->399452K(699392K), 0.0092232 secs] [Times: user=0.09 sys=0.01, real=0.01 secs] 
2016-09-25T22:48:34.209-0400: 43.713: [GC (GCLocker Initiated GC) [PSYoungGen: 145699K->68478K(174080K)] 490342K->417618K(698368K), 0.0083508 secs] [Times: user=0.07 sys=0.00, real=0.01 secs] 
2016-09-25T22:48:34.262-0400: 43.766: [GC (GCLocker Initiated GC) [PSYoungGen: 156542K->41309K(174592K)] 508498K->415352K(698880K), 0.0142258 secs] [Times: user=0.15 sys=0.00, real=0.02 secs] 
2016-09-25T22:48:34.309-0400: 43.813: [GC (GCLocker Initiated GC) [PSYoungGen: 129373K->65928K(175104K)] 511652K->463534K(699392K), 0.0075545 secs] [Times: user=0.10 sys=0.00, real=0.01 secs] 
2016-09-25T22:48:34.353-0400: 43.856: [GC (GCLocker Initiated GC) [PSYoungGen: 153992K->76652K(175104K)] 557250K->492676K(699392K), 0.0072289 secs] [Times: user=0.09 sys=0.00, real=0.01 secs] 
2016-09-25T22:48:34.430-0400: 43.933: [GC (GCLocker Initiated GC) [PSYoungGen: 164716K->68473K(175104K)] 590373K->517612K(699392K), 0.0137026 secs] [Times: user=0.17 sys=0.00, real=0.02 secs] 
2016-09-25T22:48:34.504-0400: 44.008: [GC (GCLocker Initiated GC) [PSYoungGen: 156537K->49332K(175104K)] 611170K->531486K(699392K), 0.0095833 secs] [Times: user=0.13 sys=0.00, real=0.00 secs] 
2016-09-25T22:48:34.540-0400: 44.044: [GC (GCLocker Initiated GC) [PSYoungGen: 137396K->72656K(175104K)] 619748K->595864K(699392K), 0.0088730 secs] [Times: user=0.09 sys=0.00, real=0.01 secs] 
2016-09-25T22:48:34.549-0400: 44.053: [Full GC (Ergonomics) [PSYoungGen: 72656K->0K(175104K)] [ParOldGen: 523208K->232848K(524288K)] 595864K->232848K(699392K), [Metaspace: 43627K->43627K(1087488K)], 0.0668808 secs] [Times: user=0.47 sys=0.01, real=0.07 secs] 
2016-09-25T22:48:34.682-0400: 44.186: [GC (GCLocker Initiated GC) [PSYoungGen: 88064K->71478K(175104K)] 326364K->309778K(699392K), 0.0103034 secs] [Times: user=0.11 sys=0.01, real=0.00 secs] 
2016-09-25T22:48:34.742-0400: 44.246: [GC (GCLocker Initiated GC) [PSYoungGen: 159542K->69907K(175104K)] 406076K->324004K(699392K), 0.0066827 secs] [Times: user=0.10 sys=0.00, real=0.01 secs] 
2016-09-25T22:48:34.798-0400: 44.302: [GC (GCLocker Initiated GC) [PSYoungGen: 157971K->37117K(175104K)] 420543K->312392K(699392K), 0.0081264 secs] [Times: user=0.05 sys=0.00, real=0.01 secs] 
2016-09-25T22:48:34.858-0400: 44.362: [GC (GCLocker Initiated GC) [PSYoungGen: 125181K->60203K(175104K)] 405870K->358861K(699392K), 0.0097865 secs] [Times: user=0.10 sys=0.00, real=0.01 secs] 
2016-09-25T22:48:34.926-0400: 44.430: [GC (GCLocker Initiated GC) [PSYoungGen: 148267K->73769K(175104K)] 447185K->381141K(699392K), 0.0104030 secs] [Times: user=0.14 sys=0.01, real=0.01 secs] 
2016-09-25T22:48:34.979-0400: 44.482: [GC (GCLocker Initiated GC) [PSYoungGen: 161833K->84765K(175104K)] 477507K->404965K(699392K), 0.0072953 secs] [Times: user=0.11 sys=0.00, real=0.01 secs] 
2016-09-25T22:48:35.027-0400: 44.531: [GC (GCLocker Initiated GC) [PSYoungGen: 172829K->56266K(175104K)] 499886K->404110K(699392K), 0.0073201 secs] [Times: user=0.11 sys=0.00, real=0.01 secs] 
2016-09-25T22:48:35.081-0400: 44.585: [GC (GCLocker Initiated GC) [PSYoungGen: 144330K->58863K(175104K)] 496295K->426154K(699392K), 0.0106287 secs] [Times: user=0.12 sys=0.00, real=0.01 secs] 
2016-09-25T22:48:35.138-0400: 44.641: [GC (GCLocker Initiated GC) [PSYoungGen: 146927K->57758K(175104K)] 515739K->456651K(699392K), 0.0144144 secs] [Times: user=0.18 sys=0.00, real=0.01 secs] 
2016-09-25T22:48:35.210-0400: 44.714: [GC (GCLocker Initiated GC) [PSYoungGen: 145822K->58929K(175104K)] 550150K->493612K(699392K), 0.0073409 secs] [Times: user=0.10 sys=0.00, real=0.01 secs] 
2016-09-25T22:48:35.252-0400: 44.756: [GC (GCLocker Initiated GC) [PSYoungGen: 146993K->71204K(175104K)] 584443K->513139K(699392K), 0.0071314 secs] [Times: user=0.08 sys=0.01, real=0.01 secs] 
2016-09-25T22:48:35.306-0400: 44.810: [GC (GCLocker Initiated GC) [PSYoungGen: 159268K->40027K(175104K)] 606609K->520244K(699392K), 0.0105487 secs] [Times: user=0.13 sys=0.01, real=0.01 secs] 
2016-09-25T22:48:35.317-0400: 44.820: [Full GC (Ergonomics) [PSYoungGen: 40027K->0K(175104K)] [ParOldGen: 480217K->225806K(524288K)] 520244K->225806K(699392K), [Metaspace: 43627K->43627K(1087488K)], 0.0839513 secs] [Times: user=0.58 sys=0.00, real=0.08 secs] 
2016-09-25T22:48:35.435-0400: 44.939: [GC (GCLocker Initiated GC) [PSYoungGen: 88064K->86521K(175104K)] 322037K->323195K(699392K), 0.0074683 secs] [Times: user=0.10 sys=0.00, real=0.01 secs] 
2016-09-25T22:48:35.487-0400: 44.990: [GC (GCLocker Initiated GC) [PSYoungGen: 174585K->65673K(175104K)] 416780K->325014K(699392K), 0.0079469 secs] [Times: user=0.12 sys=0.00, real=0.01 secs] 
2016-09-25T22:48:35.553-0400: 45.057: [GC (GCLocker Initiated GC) [PSYoungGen: 153737K->59092K(175104K)] 417337K->329802K(699392K), 0.0080566 secs] [Times: user=0.09 sys=0.01, real=0.02 secs] 
2016-09-25T22:48:35.618-0400: 45.122: [GC (GCLocker Initiated GC) [PSYoungGen: 147156K->64234K(175104K)] 417932K->355822K(699392K), 0.0103032 secs] [Times: user=0.13 sys=0.01, real=0.01 secs] 
2016-09-25T22:48:35.678-0400: 45.181: [GC (GCLocker Initiated GC) [PSYoungGen: 152298K->48102K(175104K)] 447439K->353029K(699392K), 0.0063327 secs] [Times: user=0.06 sys=0.00, real=0.01 secs] 
2016-09-25T22:48:35.724-0400: 45.228: [GC (GCLocker Initiated GC) [PSYoungGen: 136166K->65729K(175104K)] 445259K->379372K(699392K), 0.0069562 secs] [Times: user=0.09 sys=0.00, real=0.00 secs] 
2016-09-25T22:48:35.784-0400: 45.288: [GC (GCLocker Initiated GC) [PSYoungGen: 153793K->60234K(148480K)] 473035K->404225K(672768K), 0.0144887 secs] [Times: user=0.13 sys=0.00, real=0.01 secs] 
2016-09-25T22:48:35.869-0400: 45.372: [GC (GCLocker Initiated GC) [PSYoungGen: 148298K->63147K(176128K)] 503226K->444175K(700416K), 0.0130292 secs] [Times: user=0.15 sys=0.00, real=0.01 secs] 
2016-09-25T22:48:35.925-0400: 45.429: [GC (GCLocker Initiated GC) [PSYoungGen: 153259K->60394K(174080K)] 552152K->478698K(698368K), 0.0070274 secs] [Times: user=0.09 sys=0.02, real=0.00 secs] 
2016-09-25T22:48:35.977-0400: 45.480: [GC (GCLocker Initiated GC) [PSYoungGen: 150506K->56237K(175616K)] 579919K->499632K(699904K), 0.0063799 secs] [Times: user=0.09 sys=0.01, real=0.01 secs] 
2016-09-25T22:48:36.045-0400: 45.549: [GC (GCLocker Initiated GC) [PSYoungGen: 149421K->56249K(174592K)] 596950K->514961K(698880K), 0.0265792 secs] [Times: user=0.37 sys=0.03, real=0.02 secs] 
2016-09-25T22:48:36.120-0400: 45.624: [GC (GCLocker Initiated GC) [PSYoungGen: 149433K->69857K(177152K)] 608261K->562854K(701440K), 0.0142770 secs] [Times: user=0.15 sys=0.02, real=0.02 secs] 
2016-09-25T22:48:36.134-0400: 45.638: [Full GC (Ergonomics) [PSYoungGen: 69857K->0K(177152K)] [ParOldGen: 492997K->237799K(524288K)] 562854K->237799K(701440K), [Metaspace: 43628K->43628K(1087488K)], 0.0782759 secs] [Times: user=0.70 sys=0.07, real=0.07 secs] 
2016-09-25T22:48:36.270-0400: 45.773: [GC (GCLocker Initiated GC) [PSYoungGen: 96768K->81138K(178176K)] 340225K->338096K(702464K), 0.0104804 secs] [Times: user=0.13 sys=0.01, real=0.01 secs] 
2016-09-25T22:48:36.333-0400: 45.837: [GC (GCLocker Initiated GC) [PSYoungGen: 177906K->67059K(174080K)] 435099K->331977K(698368K), 0.0066727 secs] [Times: user=0.11 sys=0.00, real=0.01 secs] 
2016-09-25T22:48:36.382-0400: 45.886: [GC (GCLocker Initiated GC) [PSYoungGen: 157171K->72363K(162816K)] 425037K->346034K(687104K), 0.0076724 secs] [Times: user=0.07 sys=0.00, real=0.01 secs] 
2016-09-25T22:48:36.435-0400: 45.939: [GC (GCLocker Initiated GC) [PSYoungGen: 162475K->35804K(174592K)] 440247K->317919K(698880K), 0.0068648 secs] [Times: user=0.06 sys=0.00, real=0.00 secs] 
2016-09-25T22:48:36.490-0400: 45.994: [GC (GCLocker Initiated GC) [PSYoungGen: 123868K->50771K(175104K)] 412980K->343055K(699392K), 0.0093573 secs] [Times: user=0.10 sys=0.00, real=0.01 secs] 
2016-09-25T22:48:36.530-0400: 46.034: [GC (GCLocker Initiated GC) [PSYoungGen: 138835K->71035K(175104K)] 434006K->385584K(699392K), 0.0079861 secs] [Times: user=0.09 sys=0.01, real=0.01 secs] 
2016-09-25T22:48:36.586-0400: 46.090: [GC (GCLocker Initiated GC) [PSYoungGen: 159099K->57555K(175104K)] 483303K->410448K(699392K), 0.0084787 secs] [Times: user=0.08 sys=0.00, real=0.01 secs] 
2016-09-25T22:48:36.643-0400: 46.147: [GC (GCLocker Initiated GC) [PSYoungGen: 145619K->42496K(175104K)] 506852K->408202K(699392K), 0.0088273 secs] [Times: user=0.08 sys=0.01, real=0.00 secs] 
2016-09-25T22:48:38.457-0400: 47.961: [GC (GCLocker Initiated GC) [PSYoungGen: 130560K->29610K(175104K)] 515918K->415381K(699392K), 0.0143615 secs] [Times: user=0.19 sys=0.01, real=0.01 secs] 
2016-09-25T22:48:38.533-0400: 48.036: [GC (GCLocker Initiated GC) [PSYoungGen: 117674K->52179K(175104K)] 508095K->443222K(699392K), 0.0062665 secs] [Times: user=0.08 sys=0.00, real=0.01 secs] 
2016-09-25T22:48:38.574-0400: 48.078: [GC (GCLocker Initiated GC) [PSYoungGen: 140243K->86076K(175104K)] 536932K->483074K(699392K), 0.0087929 secs] [Times: user=0.11 sys=0.00, real=0.02 secs] 
2016-09-25T22:48:38.637-0400: 48.141: [GC (GCLocker Initiated GC) [PSYoungGen: 174140K->53680K(175104K)] 578032K->474219K(699392K), 0.0082713 secs] [Times: user=0.09 sys=0.00, real=0.01 secs] 
2016-09-25T22:48:38.691-0400: 48.195: [GC (Allocation Failure) [PSYoungGen: 141744K->65715K(175104K)] 562457K->493728K(699392K), 0.0065113 secs] [Times: user=0.07 sys=0.00, real=0.01 secs] 
2016-09-25T22:48:38.743-0400: 48.247: [GC (GCLocker Initiated GC) [PSYoungGen: 153117K->71190K(175104K)] 583830K->533416K(699392K), 0.0088523 secs] [Times: user=0.12 sys=0.01, real=0.00 secs] 
2016-09-25T22:48:38.798-0400: 48.301: [GC (GCLocker Initiated GC) [PSYoungGen: 159254K->78069K(175104K)] 628358K->557121K(699392K), 0.0076773 secs] [Times: user=0.12 sys=0.00, real=0.01 secs] 
2016-09-25T22:48:38.855-0400: 48.359: [GC (GCLocker Initiated GC) [PSYoungGen: 166133K->46952K(175104K)] 648053K->565937K(699392K), 0.0089160 secs] [Times: user=0.12 sys=0.00, real=0.01 secs] 
2016-09-25T22:48:38.864-0400: 48.368: [Full GC (Ergonomics) [PSYoungGen: 46952K->0K(175104K)] [ParOldGen: 518984K->236452K(524288K)] 565937K->236452K(699392K), [Metaspace: 43635K->43635K(1087488K)], 0.0582478 secs] [Times: user=0.53 sys=0.00, real=0.06 secs] 
2016-09-25T22:48:38.982-0400: 48.486: [GC (GCLocker Initiated GC) [PSYoungGen: 88064K->68887K(175104K)] 327500K->308324K(699392K), 0.0078530 secs] [Times: user=0.09 sys=0.02, real=0.01 secs] 
2016-09-25T22:48:39.031-0400: 48.535: [GC (GCLocker Initiated GC) [PSYoungGen: 156951K->42810K(175104K)] 399229K->303521K(699392K), 0.0162911 secs] [Times: user=0.17 sys=0.00, real=0.02 secs] 
2016-09-25T22:48:39.111-0400: 48.615: [GC (GCLocker Initiated GC) [PSYoungGen: 130874K->68444K(175104K)] 398517K->338053K(699392K), 0.0160108 secs] [Times: user=0.16 sys=0.02, real=0.02 secs] 
2016-09-25T22:48:39.206-0400: 48.710: [GC (GCLocker Initiated GC) [PSYoungGen: 156508K->53567K(175104K)] 428884K->361611K(699392K), 0.0100687 secs] [Times: user=0.11 sys=0.01, real=0.01 secs] 
2016-09-25T22:48:39.363-0400: 48.866: [GC (GCLocker Initiated GC) [PSYoungGen: 141631K->48414K(175104K)] 453317K->393041K(699392K), 0.0089058 secs] [Times: user=0.13 sys=0.02, real=0.00 secs] 
2016-09-25T22:48:39.476-0400: 48.979: [GC (GCLocker Initiated GC) [PSYoungGen: 136478K->61922K(175104K)] 487997K->433125K(699392K), 0.0155854 secs] [Times: user=0.22 sys=0.01, real=0.01 secs] 
2016-09-25T22:48:39.586-0400: 49.090: [GC (GCLocker Initiated GC) [PSYoungGen: 149986K->64684K(175104K)] 521280K->439410K(699392K), 0.0169344 secs] [Times: user=0.21 sys=0.02, real=0.02 secs] 
2016-09-25T22:48:39.673-0400: 49.177: [GC (GCLocker Initiated GC) [PSYoungGen: 152748K->45750K(175104K)] 532960K->467134K(699392K), 0.0130604 secs] [Times: user=0.18 sys=0.02, real=0.02 secs] 
2016-09-25T22:48:39.764-0400: 49.268: [GC (GCLocker Initiated GC) [PSYoungGen: 133814K->45811K(175104K)] 559467K->480348K(699392K), 0.0089062 secs] [Times: user=0.11 sys=0.00, real=0.00 secs] 
2016-09-25T22:48:39.833-0400: 49.337: [GC (GCLocker Initiated GC) [PSYoungGen: 133875K->56577K(168960K)] 568507K->502966K(693248K), 0.0295054 secs] [Times: user=0.22 sys=0.03, real=0.04 secs] 
2016-09-25T22:48:39.913-0400: 49.416: [GC (GCLocker Initiated GC) [PSYoungGen: 144641K->79565K(172032K)] 592475K->536278K(696320K), 0.0102516 secs] [Times: user=0.13 sys=0.02, real=0.02 secs] 
2016-09-25T22:48:40.005-0400: 49.509: [GC (GCLocker Initiated GC) [PSYoungGen: 167629K->48398K(175104K)] 642016K->523554K(699392K), 0.0082001 secs] [Times: user=0.08 sys=0.00, real=0.00 secs] 
2016-09-25T22:48:40.186-0400: 49.689: [Full GC (Ergonomics) [PSYoungGen: 136462K->0K(175104K)] [ParOldGen: 486063K->244780K(524288K)] 622526K->244780K(699392K), [Metaspace: 43636K->43636K(1087488K)], 0.1709178 secs] [Times: user=1.32 sys=0.17, real=0.17 secs] 
2016-09-25T22:48:40.531-0400: 50.035: [GC (GCLocker Initiated GC) [PSYoungGen: 88064K->42085K(175104K)] 336923K->290945K(699392K), 0.0081977 secs] [Times: user=0.09 sys=0.00, real=0.01 secs] 
2016-09-25T22:48:40.679-0400: 50.182: [GC (GCLocker Initiated GC) [PSYoungGen: 130149K->56494K(171008K)] 384573K->313541K(695296K), 0.0093412 secs] [Times: user=0.10 sys=0.00, real=0.01 secs] 
2016-09-25T22:48:40.784-0400: 50.287: [GC (GCLocker Initiated GC) [PSYoungGen: 144558K->55073K(173056K)] 405554K->334450K(697344K), 0.0100314 secs] [Times: user=0.12 sys=0.01, real=0.00 secs] 
2016-09-25T22:48:40.851-0400: 50.355: [GC (GCLocker Initiated GC) [PSYoungGen: 143137K->67484K(175104K)] 429345K->378689K(699392K), 0.0097293 secs] [Times: user=0.15 sys=0.00, real=0.01 secs] 
2016-09-25T22:48:40.993-0400: 50.497: [GC (GCLocker Initiated GC) [PSYoungGen: 160156K->60768K(176640K)] 474584K->404304K(700928K), 0.0101612 secs] [Times: user=0.11 sys=0.02, real=0.02 secs] 
2016-09-25T22:48:41.076-0400: 50.580: [GC (GCLocker Initiated GC) [PSYoungGen: 153440K->59255K(175104K)] 502914K->423093K(699392K), 0.0141222 secs] [Times: user=0.15 sys=0.01, real=0.01 secs] 
2016-09-25T22:48:41.180-0400: 50.684: [GC (GCLocker Initiated GC) [PSYoungGen: 154999K->62087K(176640K)] 520586K->443297K(700928K), 0.0193202 secs] [Times: user=0.24 sys=0.04, real=0.02 secs] 
2016-09-25T22:48:41.262-0400: 50.765: [GC (GCLocker Initiated GC) [PSYoungGen: 157831K->56458K(177664K)] 539103K->456185K(701952K), 0.0131101 secs] [Times: user=0.16 sys=0.06, real=0.02 secs] 
2016-09-25T22:48:41.394-0400: 50.898: [GC (GCLocker Initiated GC) [PSYoungGen: 157834K->53896K(179712K)] 560384K->474560K(704000K), 0.0182822 secs] [Times: user=0.27 sys=0.06, real=0.02 secs] 
2016-09-25T22:48:41.489-0400: 50.993: [GC (GCLocker Initiated GC) [PSYoungGen: 155272K->75658K(175104K)] 576022K->504035K(699392K), 0.0129534 secs] [Times: user=0.18 sys=0.05, real=0.01 secs] 
2016-09-25T22:48:41.575-0400: 51.078: [GC (GCLocker Initiated GC) [PSYoungGen: 173962K->48369K(180224K)] 614680K->513009K(704512K), 0.0148721 secs] [Times: user=0.23 sys=0.05, real=0.01 secs] 
2016-09-25T22:48:41.689-0400: 51.192: [GC (GCLocker Initiated GC) [PSYoungGen: 146673K->51290K(177664K)] 617135K->534753K(701952K), 0.0151029 secs] [Times: user=0.21 sys=0.07, real=0.02 secs] 
2016-09-25T22:48:41.776-0400: 51.279: [Full GC (Ergonomics) [PSYoungGen: 150106K->0K(177664K)] [ParOldGen: 490328K->252085K(524288K)] 640435K->252085K(701952K), [Metaspace: 43638K->43638K(1087488K)], 0.0934604 secs] [Times: user=1.12 sys=0.30, real=0.09 secs] 
2016-09-25T22:48:41.934-0400: 51.438: [GC (GCLocker Initiated GC) [PSYoungGen: 98816K->61058K(179200K)] 355002K->317244K(703488K), 0.0115886 secs] [Times: user=0.18 sys=0.01, real=0.01 secs] 
2016-09-25T22:48:42.008-0400: 51.512: [GC (GCLocker Initiated GC) [PSYoungGen: 159874K->72951K(175616K)] 416281K->336120K(699904K), 0.0206667 secs] [Times: user=0.30 sys=0.01, real=0.02 secs] 
2016-09-25T22:48:42.085-0400: 51.589: [GC (GCLocker Initiated GC) [PSYoungGen: 169207K->45426K(179200K)] 435628K->313970K(703488K), 0.0084969 secs] [Times: user=0.07 sys=0.00, real=0.00 secs] 
2016-09-25T22:48:42.138-0400: 51.642: [GC (GCLocker Initiated GC) [PSYoungGen: 141682K->44046K(179200K)] 414353K->329448K(703488K), 0.0090093 secs] [Times: user=0.07 sys=0.01, real=0.01 secs] 
2016-09-25T22:48:42.190-0400: 51.693: [GC (GCLocker Initiated GC) [PSYoungGen: 140302K->73046K(169472K)] 431187K->388886K(693760K), 0.0071245 secs] [Times: user=0.10 sys=0.01, real=0.01 secs] 
2016-09-25T22:48:42.247-0400: 51.750: [GC (Allocation Failure) [PSYoungGen: 169302K->80924K(174080K)] 485200K->408578K(698368K), 0.0079018 secs] [Times: user=0.11 sys=0.00, real=0.01 secs] 
2016-09-25T22:48:42.296-0400: 51.799: [GC (GCLocker Initiated GC) [PSYoungGen: 167534K->59307K(175104K)] 500588K->409331K(699392K), 0.0064525 secs] [Times: user=0.08 sys=0.01, real=0.00 secs] 
2016-09-25T22:48:42.341-0400: 51.845: [GC (GCLocker Initiated GC) [PSYoungGen: 147371K->79330K(175104K)] 497521K->436952K(699392K), 0.0075880 secs] [Times: user=0.10 sys=0.00, real=0.01 secs] 
2016-09-25T22:48:42.395-0400: 51.898: [GC (GCLocker Initiated GC) [PSYoungGen: 167394K->41498K(175104K)] 530663K->453984K(699392K), 0.0069370 secs] [Times: user=0.10 sys=0.01, real=0.00 secs] 
2016-09-25T22:48:42.444-0400: 51.948: [GC (GCLocker Initiated GC) [PSYoungGen: 129562K->52759K(175104K)] 548004K->498743K(699392K), 0.0079445 secs] [Times: user=0.06 sys=0.00, real=0.00 secs] 
2016-09-25T22:48:42.495-0400: 51.999: [GC (GCLocker Initiated GC) [PSYoungGen: 140823K->77988K(175104K)] 588278K->548046K(699392K), 0.0074749 secs] [Times: user=0.09 sys=0.00, real=0.01 secs] 
2016-09-25T22:48:42.547-0400: 52.051: [GC (Allocation Failure) [PSYoungGen: 166052K->47062K(175104K)] 638902K->546212K(699392K), 0.0063183 secs] [Times: user=0.07 sys=0.01, real=0.00 secs] 
2016-09-25T22:48:42.554-0400: 52.058: [Full GC (Ergonomics) [PSYoungGen: 47062K->0K(175104K)] [ParOldGen: 499149K->260628K(524288K)] 546212K->260628K(699392K), [Metaspace: 43646K->43646K(1087488K)], 0.0556139 secs] [Times: user=0.47 sys=0.00, real=0.06 secs] 
2016-09-25T22:48:42.656-0400: 52.159: [GC (GCLocker Initiated GC) [PSYoungGen: 86545K->80026K(175104K)] 349874K->343355K(699392K), 0.0087160 secs] [Times: user=0.14 sys=0.00, real=0.01 secs] 
2016-09-25T22:48:42.718-0400: 52.222: [GC (GCLocker Initiated GC) [PSYoungGen: 168090K->58232K(175104K)] 453062K->345768K(699392K), 0.0093309 secs] [Times: user=0.08 sys=0.00, real=0.01 secs] 
2016-09-25T22:48:42.778-0400: 52.282: [GC (GCLocker Initiated GC) [PSYoungGen: 146296K->58967K(175104K)] 433849K->351548K(699392K), 0.0087657 secs] [Times: user=0.10 sys=0.00, real=0.01 secs] 
2016-09-25T22:48:42.835-0400: 52.339: [GC (GCLocker Initiated GC) [PSYoungGen: 147031K->46970K(175104K)] 451982K->360510K(699392K), 0.0209379 secs] [Times: user=0.25 sys=0.00, real=0.02 secs] 
2016-09-25T22:48:42.900-0400: 52.404: [GC (GCLocker Initiated GC) [PSYoungGen: 135034K->56392K(175104K)] 456811K->390988K(699392K), 0.0145360 secs] [Times: user=0.15 sys=0.00, real=0.02 secs] 
2016-09-25T22:48:42.963-0400: 52.467: [GC (GCLocker Initiated GC) [PSYoungGen: 144456K->53390K(175104K)] 487404K->398218K(699392K), 0.0492898 secs] [Times: user=0.54 sys=0.01, real=0.04 secs] 
2016-09-25T22:48:43.055-0400: 52.559: [GC (GCLocker Initiated GC) [PSYoungGen: 141454K->63215K(151552K)] 489070K->419479K(675840K), 0.0166376 secs] [Times: user=0.16 sys=0.02, real=0.01 secs] 
2016-09-25T22:48:43.121-0400: 52.625: [GC (GCLocker Initiated GC) [PSYoungGen: 151279K->59062K(176640K)] 509035K->422769K(700928K), 0.0142383 secs] [Times: user=0.17 sys=0.00, real=0.02 secs] 
2016-09-25T22:48:43.190-0400: 52.694: [GC (GCLocker Initiated GC) [PSYoungGen: 149686K->69868K(174080K)] 517657K->462839K(698368K), 0.0085756 secs] [Times: user=0.09 sys=0.00, real=0.01 secs] 
2016-09-25T22:48:43.252-0400: 52.756: [GC (GCLocker Initiated GC) [PSYoungGen: 160492K->41359K(175104K)] 553711K->462132K(699392K), 0.0064935 secs] [Times: user=0.08 sys=0.00, real=0.01 secs] 
2016-09-25T22:48:43.300-0400: 52.804: [GC (GCLocker Initiated GC) [PSYoungGen: 131471K->82146K(172544K)] 552391K->522406K(696832K), 0.0073686 secs] [Times: user=0.10 sys=0.00, real=0.01 secs] 
2016-09-25T22:48:43.353-0400: 52.856: [GC (GCLocker Initiated GC) [PSYoungGen: 172258K->72756K(175104K)] 620796K->559660K(699392K), 0.0094259 secs] [Times: user=0.13 sys=0.00, real=0.02 secs] 
2016-09-25T22:48:43.362-0400: 52.866: [Full GC (Ergonomics) [PSYoungGen: 72756K->0K(175104K)] [ParOldGen: 486903K->266247K(524288K)] 559660K->266247K(699392K), [Metaspace: 43646K->43646K(1087488K)], 0.1751295 secs] [Times: user=2.33 sys=0.04, real=0.17 secs] 
2016-09-25T22:48:43.598-0400: 53.102: [GC (GCLocker Initiated GC) [PSYoungGen: 88064K->64953K(175104K)] 361555K->338445K(699392K), 0.0259170 secs] [Times: user=0.33 sys=0.00, real=0.03 secs] 
2016-09-25T22:48:43.675-0400: 53.179: [GC (GCLocker Initiated GC) [PSYoungGen: 153017K->68389K(175104K)] 427452K->361437K(699392K), 0.0162719 secs] [Times: user=0.18 sys=0.00, real=0.01 secs] 
2016-09-25T22:48:43.732-0400: 53.236: [GC (GCLocker Initiated GC) [PSYoungGen: 156453K->77899K(175104K)] 449548K->383606K(699392K), 0.0088532 secs] [Times: user=0.11 sys=0.00, real=0.01 secs] 
2016-09-25T22:48:43.786-0400: 53.290: [GC (GCLocker Initiated GC) [PSYoungGen: 165963K->71439K(175104K)] 475111K->399984K(699392K), 0.0072605 secs] [Times: user=0.11 sys=0.00, real=0.00 secs] 
2016-09-25T22:48:43.841-0400: 53.344: [GC (GCLocker Initiated GC) [PSYoungGen: 159503K->60353K(175104K)] 488114K->431565K(699392K), 0.0096621 secs] [Times: user=0.15 sys=0.00, real=0.01 secs] 
2016-09-25T22:48:43.886-0400: 53.390: [GC (GCLocker Initiated GC) [PSYoungGen: 148417K->76781K(175104K)] 519718K->475651K(699392K), 0.0095316 secs] [Times: user=0.13 sys=0.00, real=0.01 secs] 
2016-09-25T22:48:43.957-0400: 53.460: [GC (GCLocker Initiated GC) [PSYoungGen: 164845K->63185K(175104K)] 569243K->500676K(699392K), 0.0093733 secs] [Times: user=0.11 sys=0.01, real=0.01 secs] 
2016-09-25T22:48:44.021-0400: 53.525: [GC (GCLocker Initiated GC) [PSYoungGen: 151249K->65950K(175104K)] 594214K->523016K(699392K), 0.0066576 secs] [Times: user=0.09 sys=0.00, real=0.01 secs] 
2016-09-25T22:48:44.077-0400: 53.580: [GC (GCLocker Initiated GC) [PSYoungGen: 154014K->49491K(175104K)] 617180K->532195K(699392K), 0.0074760 secs] [Times: user=0.07 sys=0.00, real=0.01 secs] 
2016-09-25T22:48:44.085-0400: 53.588: [Full GC (Ergonomics) [PSYoungGen: 49491K->0K(175104K)] [ParOldGen: 482704K->260729K(524288K)] 532195K->260729K(699392K), [Metaspace: 43669K->43669K(1087488K)], 0.0564890 secs] [Times: user=0.46 sys=0.01, real=0.05 secs] 
2016-09-25T22:48:44.184-0400: 53.688: [GC (GCLocker Initiated GC) [PSYoungGen: 88064K->79866K(175104K)] 350349K->342152K(699392K), 0.0099164 secs] [Times: user=0.15 sys=0.00, real=0.00 secs] 
2016-09-25T22:48:44.250-0400: 53.754: [GC (GCLocker Initiated GC) [PSYoungGen: 167930K->67346K(175104K)] 442483K->356493K(699392K), 0.0068700 secs] [Times: user=0.09 sys=0.00, real=0.01 secs] 
2016-09-25T22:48:44.312-0400: 53.815: [GC (GCLocker Initiated GC) [PSYoungGen: 155410K->77942K(175104K)] 447737K->374925K(699392K), 0.0066661 secs] [Times: user=0.09 sys=0.00, real=0.01 secs] 
2016-09-25T22:48:44.371-0400: 53.875: [GC (GCLocker Initiated GC) [PSYoungGen: 166006K->62963K(175104K)] 465808K->383503K(699392K), 0.0088428 secs] [Times: user=0.08 sys=0.01, real=0.01 secs] 
2016-09-25T22:48:44.428-0400: 53.932: [GC (GCLocker Initiated GC) [PSYoungGen: 151027K->71372K(175104K)] 474461K->403337K(699392K), 0.0087140 secs] [Times: user=0.08 sys=0.00, real=0.01 secs] 
2016-09-25T22:48:44.489-0400: 53.993: [GC (GCLocker Initiated GC) [PSYoungGen: 159436K->45819K(175104K)] 502301K->416380K(699392K), 0.0115024 secs] [Times: user=0.13 sys=0.01, real=0.01 secs] 
2016-09-25T22:48:44.555-0400: 54.059: [GC (GCLocker Initiated GC) [PSYoungGen: 133883K->59175K(175104K)] 512628K->461627K(699392K), 0.0098157 secs] [Times: user=0.15 sys=0.00, real=0.01 secs] 
2016-09-25T22:48:44.606-0400: 54.110: [GC (GCLocker Initiated GC) [PSYoungGen: 147239K->71311K(175104K)] 549911K->482720K(699392K), 0.0062695 secs] [Times: user=0.07 sys=0.00, real=0.00 secs] 
2016-09-25T22:48:44.651-0400: 54.155: [GC (GCLocker Initiated GC) [PSYoungGen: 159375K->61877K(175104K)] 576274K->494289K(699392K), 0.0065307 secs] [Times: user=0.08 sys=0.00, real=0.01 secs] 
2016-09-25T22:48:44.713-0400: 54.216: [GC (GCLocker Initiated GC) [PSYoungGen: 149941K->48439K(175104K)] 585174K->515389K(699392K), 0.0069269 secs] [Times: user=0.06 sys=0.00, real=0.01 secs] 
2016-09-25T22:48:44.754-0400: 54.257: [GC (GCLocker Initiated GC) [PSYoungGen: 136503K->66224K(175104K)] 603669K->559817K(699392K), 0.0094244 secs] [Times: user=0.14 sys=0.00, real=0.02 secs] 
2016-09-25T22:48:44.763-0400: 54.267: [Full GC (Ergonomics) [PSYoungGen: 66224K->0K(175104K)] [ParOldGen: 493592K->269488K(524288K)] 559817K->269488K(699392K), [Metaspace: 43669K->43669K(1087488K)], 0.0684335 secs] [Times: user=0.49 sys=0.00, real=0.06 secs] 
2016-09-25T22:48:44.880-0400: 54.384: [GC (GCLocker Initiated GC) [PSYoungGen: 88064K->74852K(175104K)] 358984K->345773K(699392K), 0.0102546 secs] [Times: user=0.11 sys=0.02, real=0.01 secs] 
2016-09-25T22:48:44.945-0400: 54.448: [GC (GCLocker Initiated GC) [PSYoungGen: 162916K->57750K(175104K)] 436619K->350480K(699392K), 0.0150882 secs] [Times: user=0.21 sys=0.00, real=0.01 secs] 
2016-09-25T22:48:45.003-0400: 54.507: [GC (GCLocker Initiated GC) [PSYoungGen: 145814K->64781K(153088K)] 441519K->398856K(677376K), 0.0103704 secs] [Times: user=0.14 sys=0.01, real=0.00 secs] 
2016-09-25T22:48:45.059-0400: 54.563: [GC (GCLocker Initiated GC) [PSYoungGen: 152845K->65903K(175104K)] 488335K->413048K(699392K), 0.0073251 secs] [Times: user=0.08 sys=0.01, real=0.01 secs] 
2016-09-25T22:48:45.103-0400: 54.607: [GC (GCLocker Initiated GC) [PSYoungGen: 155503K->64667K(173568K)] 505413K->451646K(697856K), 0.0108777 secs] [Times: user=0.12 sys=0.00, real=0.00 secs] 
2016-09-25T22:48:45.179-0400: 54.683: [GC (GCLocker Initiated GC) [PSYoungGen: 154267K->60583K(176128K)] 548079K->465956K(700416K), 0.0069612 secs] [Times: user=0.09 sys=0.00, real=0.01 secs] 
2016-09-25T22:48:45.241-0400: 54.745: [GC (GCLocker Initiated GC) [PSYoungGen: 154279K->64557K(175104K)] 566533K->481595K(699392K), 0.0064680 secs] [Times: user=0.06 sys=0.00, real=0.01 secs] 
2016-09-25T22:48:45.305-0400: 54.809: [GC (GCLocker Initiated GC) [PSYoungGen: 158253K->70018K(177664K)] 578390K->519260K(701952K), 0.0088178 secs] [Times: user=0.13 sys=0.00, real=0.00 secs] 
2016-09-25T22:48:45.369-0400: 54.873: [GC (GCLocker Initiated GC) [PSYoungGen: 167810K->67192K(178176K)] 625196K->531940K(702464K), 0.0071576 secs] [Times: user=0.08 sys=0.00, real=0.01 secs] 
2016-09-25T22:48:45.436-0400: 54.940: [GC (GCLocker Initiated GC) [PSYoungGen: 164984K->59333K(180736K)] 636607K->563989K(705024K), 0.0117492 secs] [Times: user=0.14 sys=0.00, real=0.01 secs] 
2016-09-25T22:48:45.448-0400: 54.952: [Full GC (Ergonomics) [PSYoungGen: 59333K->0K(180736K)] [ParOldGen: 504656K->269064K(524288K)] 563989K->269064K(705024K), [Metaspace: 43672K->43672K(1087488K)], 0.0552218 secs] [Times: user=0.51 sys=0.00, real=0.06 secs] 
2016-09-25T22:48:45.551-0400: 55.054: [GC (GCLocker Initiated GC) [PSYoungGen: 101888K->77604K(179712K)] 380524K->356241K(704000K), 0.0068261 secs] [Times: user=0.07 sys=0.00, real=0.01 secs] 
2016-09-25T22:48:45.616-0400: 55.120: [GC (GCLocker Initiated GC) [PSYoungGen: 179492K->74318K(175616K)] 462266K->370817K(699904K), 0.0096666 secs] [Times: user=0.09 sys=0.00, real=0.01 secs] 
2016-09-25T22:48:45.665-0400: 55.169: [GC (GCLocker Initiated GC) [PSYoungGen: 167502K->82119K(175616K)] 464118K->386355K(699904K), 0.0098080 secs] [Times: user=0.14 sys=0.00, real=0.01 secs] 
2016-09-25T22:48:45.725-0400: 55.229: [GC (GCLocker Initiated GC) [PSYoungGen: 175303K->71388K(174592K)] 482320K->406015K(698880K), 0.0080944 secs] [Times: user=0.11 sys=0.00, real=0.00 secs] 
2016-09-25T22:48:45.778-0400: 55.281: [GC (GCLocker Initiated GC) [PSYoungGen: 159452K->64829K(175104K)] 502292K->438050K(699392K), 0.0182846 secs] [Times: user=0.26 sys=0.00, real=0.02 secs] 
2016-09-25T22:48:45.841-0400: 55.344: [GC (GCLocker Initiated GC) [PSYoungGen: 152893K->59443K(174080K)] 534344K->463386K(698368K), 0.0078395 secs] [Times: user=0.10 sys=0.00, real=0.01 secs] 
2016-09-25T22:48:45.887-0400: 55.391: [GC (GCLocker Initiated GC) [PSYoungGen: 148019K->64717K(174592K)] 554769K->484538K(698880K), 0.0110550 secs] [Times: user=0.15 sys=0.01, real=0.01 secs] 
2016-09-25T22:48:45.968-0400: 55.471: [GC (GCLocker Initiated GC) [PSYoungGen: 153293K->82138K(172544K)] 578652K->512334K(696832K), 0.0132111 secs] [Times: user=0.15 sys=0.00, real=0.01 secs] 
2016-09-25T22:48:46.041-0400: 55.545: [GC (GCLocker Initiated GC) [PSYoungGen: 170202K->56162K(175104K)] 601499K->511043K(699392K), 0.0094613 secs] [Times: user=0.08 sys=0.00, real=0.01 secs] 
2016-09-25T22:48:46.090-0400: 55.594: [GC (GCLocker Initiated GC) [PSYoungGen: 144226K->57756K(175104K)] 599212K->540251K(699392K), 0.0083728 secs] [Times: user=0.08 sys=0.00, real=0.01 secs] 
2016-09-25T22:48:46.099-0400: 55.603: [Full GC (Ergonomics) [PSYoungGen: 57756K->0K(175104K)] [ParOldGen: 482494K->269001K(524288K)] 540251K->269001K(699392K), [Metaspace: 43672K->43672K(1087488K)], 0.0724598 secs] [Times: user=0.48 sys=0.01, real=0.07 secs] 
2016-09-25T22:48:46.248-0400: 55.752: [GC (GCLocker Initiated GC) [PSYoungGen: 88064K->54672K(175104K)] 368077K->334686K(699392K), 0.0097535 secs] [Times: user=0.08 sys=0.01, real=0.01 secs] 
2016-09-25T22:48:46.300-0400: 55.803: [GC (GCLocker Initiated GC) [PSYoungGen: 142736K->60616K(174080K)] 422813K->361239K(698368K), 0.0089766 secs] [Times: user=0.09 sys=0.00, real=0.01 secs] 
2016-09-25T22:48:46.350-0400: 55.854: [GC (GCLocker Initiated GC) [PSYoungGen: 148680K->78173K(174592K)] 452158K->410734K(698880K), 0.0119243 secs] [Times: user=0.15 sys=0.01, real=0.02 secs] 
2016-09-25T22:48:46.444-0400: 55.947: [GC (GCLocker Initiated GC) [PSYoungGen: 166237K->40373K(175104K)] 512540K->410316K(699392K), 0.0145796 secs] [Times: user=0.12 sys=0.01, real=0.01 secs] 
2016-09-25T22:48:46.512-0400: 56.015: [GC (GCLocker Initiated GC) [PSYoungGen: 128437K->40123K(175104K)] 502603K->429962K(699392K), 0.0189238 secs] [Times: user=0.23 sys=0.00, real=0.02 secs] 
2016-09-25T22:48:46.586-0400: 56.090: [GC (GCLocker Initiated GC) [PSYoungGen: 128187K->78250K(175104K)] 520883K->481033K(699392K), 0.0129304 secs] [Times: user=0.16 sys=0.00, real=0.01 secs] 
2016-09-25T22:48:46.669-0400: 56.173: [GC (GCLocker Initiated GC) [PSYoungGen: 166314K->49721K(175104K)] 572185K->476642K(699392K), 0.0067561 secs] [Times: user=0.06 sys=0.00, real=0.01 secs] 
2016-09-25T22:48:46.712-0400: 56.216: [GC (GCLocker Initiated GC) [PSYoungGen: 137785K->47181K(175104K)] 565407K->487666K(699392K), 0.0083884 secs] [Times: user=0.07 sys=0.00, real=0.01 secs] 
2016-09-25T22:48:46.777-0400: 56.281: [GC (GCLocker Initiated GC) [PSYoungGen: 135245K->70182K(175104K)] 582531K->531817K(699392K), 0.0112032 secs] [Times: user=0.12 sys=0.00, real=0.01 secs] 
2016-09-25T22:48:46.857-0400: 56.361: [GC (GCLocker Initiated GC) [PSYoungGen: 158246K->59287K(175104K)] 623095K->553417K(699392K), 0.0141613 secs] [Times: user=0.20 sys=0.00, real=0.01 secs] 
2016-09-25T22:48:46.872-0400: 56.376: [Full GC (Ergonomics) [PSYoungGen: 59287K->0K(175104K)] [ParOldGen: 494130K->278718K(524288K)] 553417K->278718K(699392K), [Metaspace: 43676K->43676K(1087488K)], 0.0565466 secs] [Times: user=0.41 sys=0.00, real=0.06 secs] 
2016-09-25T22:48:46.984-0400: 56.488: [GC (GCLocker Initiated GC) [PSYoungGen: 88064K->67847K(175104K)] 372273K->352057K(699392K), 0.0101480 secs] [Times: user=0.11 sys=0.00, real=0.01 secs] 
2016-09-25T22:48:47.064-0400: 56.568: [GC (GCLocker Initiated GC) [PSYoungGen: 155911K->72767K(175104K)] 440236K->365067K(699392K), 0.0105365 secs] [Times: user=0.15 sys=0.00, real=0.01 secs] 
2016-09-25T22:48:47.112-0400: 56.616: [GC (GCLocker Initiated GC) [PSYoungGen: 160831K->71469K(175104K)] 456465K->377258K(699392K), 0.0068769 secs] [Times: user=0.10 sys=0.00, real=0.01 secs] 
2016-09-25T22:48:47.161-0400: 56.665: [GC (GCLocker Initiated GC) [PSYoungGen: 159533K->64610K(175104K)] 477530K->394188K(699392K), 0.0078400 secs] [Times: user=0.09 sys=0.01, real=0.01 secs] 
2016-09-25T22:48:47.245-0400: 56.749: [GC (GCLocker Initiated GC) [PSYoungGen: 152674K->60325K(175104K)] 482273K->404176K(699392K), 0.0112021 secs] [Times: user=0.13 sys=0.00, real=0.01 secs] 
2016-09-25T22:48:47.311-0400: 56.814: [GC (GCLocker Initiated GC) [PSYoungGen: 148389K->74185K(175104K)] 496371K->426710K(699392K), 0.0067249 secs] [Times: user=0.10 sys=0.01, real=0.01 secs] 
2016-09-25T22:48:47.360-0400: 56.864: [GC (GCLocker Initiated GC) [PSYoungGen: 162249K->60457K(175104K)] 517947K->441253K(699392K), 0.0071976 secs] [Times: user=0.08 sys=0.00, real=0.01 secs] 
2016-09-25T22:48:47.404-0400: 56.908: [GC (GCLocker Initiated GC) [PSYoungGen: 148521K->60393K(173056K)] 532035K->457992K(697344K), 0.0070451 secs] [Times: user=0.08 sys=0.00, real=0.00 secs] 
2016-09-25T22:48:47.462-0400: 56.966: [GC (GCLocker Initiated GC) [PSYoungGen: 148457K->53875K(174080K)] 558319K->483194K(698368K), 0.0249229 secs] [Times: user=0.34 sys=0.01, real=0.02 secs] 
2016-09-25T22:48:47.532-0400: 57.036: [GC (GCLocker Initiated GC) [PSYoungGen: 141939K->76834K(173568K)] 571357K->523277K(697856K), 0.0074023 secs] [Times: user=0.11 sys=0.00, real=0.01 secs] 
2016-09-25T22:48:47.594-0400: 57.097: [GC (GCLocker Initiated GC) [PSYoungGen: 164898K->60574K(175104K)] 616825K->538865K(699392K), 0.0099348 secs] [Times: user=0.15 sys=0.00, real=0.02 secs] 
2016-09-25T22:48:47.654-0400: 57.158: [GC (GCLocker Initiated GC) [PSYoungGen: 148638K->71434K(174592K)] 626967K->581471K(698880K), 0.0085871 secs] [Times: user=0.11 sys=0.01, real=0.01 secs] 
2016-09-25T22:48:47.663-0400: 57.167: [Full GC (Ergonomics) [PSYoungGen: 71434K->0K(174592K)] [ParOldGen: 510036K->288740K(524288K)] 581471K->288740K(698880K), [Metaspace: 43677K->43677K(1087488K)], 0.0614313 secs] [Times: user=0.51 sys=0.00, real=0.06 secs] 
2016-09-25T22:48:47.779-0400: 57.282: [GC (GCLocker Initiated GC) [PSYoungGen: 88064K->73608K(175104K)] 381610K->367155K(699392K), 0.0063204 secs] [Times: user=0.07 sys=0.00, real=0.01 secs] 
2016-09-25T22:48:47.829-0400: 57.333: [GC (GCLocker Initiated GC) [PSYoungGen: 161672K->58945K(175104K)] 455326K->362301K(699392K), 0.0060587 secs] [Times: user=0.06 sys=0.00, real=0.01 secs] 
2016-09-25T22:48:47.878-0400: 57.382: [GC (GCLocker Initiated GC) [PSYoungGen: 147009K->75477K(175104K)] 465325K->401038K(699392K), 0.0135851 secs] [Times: user=0.18 sys=0.00, real=0.01 secs] 
2016-09-25T22:48:47.945-0400: 57.449: [GC (GCLocker Initiated GC) [PSYoungGen: 163541K->67409K(175104K)] 502833K->410124K(699392K), 0.0087951 secs] [Times: user=0.12 sys=0.00, real=0.01 secs] 
2016-09-25T22:48:48.007-0400: 57.510: [GC (GCLocker Initiated GC) [PSYoungGen: 155473K->65964K(154112K)] 503686K->425612K(678400K), 0.0094585 secs] [Times: user=0.13 sys=0.00, real=0.01 secs] 
2016-09-25T22:48:48.054-0400: 57.558: [GC (GCLocker Initiated GC) [PSYoungGen: 154028K->75367K(171520K)] 513725K->466847K(695808K), 0.0084435 secs] [Times: user=0.12 sys=0.00, real=0.02 secs] 
2016-09-25T22:48:48.111-0400: 57.615: [GC (GCLocker Initiated GC) [PSYoungGen: 161895K->79284K(173056K)] 558857K->486313K(697344K), 0.0097937 secs] [Times: user=0.12 sys=0.00, real=0.01 secs] 
2016-09-25T22:48:48.167-0400: 57.671: [GC (GCLocker Initiated GC) [PSYoungGen: 165812K->58005K(175104K)] 574275K->483276K(699392K), 0.0092593 secs] [Times: user=0.13 sys=0.00, real=0.01 secs] 
2016-09-25T22:48:48.231-0400: 57.734: [GC (GCLocker Initiated GC) [PSYoungGen: 146069K->45595K(175104K)] 576848K->513721K(699392K), 0.0102687 secs] [Times: user=0.12 sys=0.01, real=0.01 secs] 
2016-09-25T22:48:48.287-0400: 57.791: [GC (GCLocker Initiated GC) [PSYoungGen: 133659K->70118K(175104K)] 605921K->545618K(699392K), 0.0087275 secs] [Times: user=0.11 sys=0.00, real=0.01 secs] 
2016-09-25T22:48:48.341-0400: 57.845: [GC (GCLocker Initiated GC) [PSYoungGen: 158182K->71362K(175104K)] 634612K->582331K(699392K), 0.0085186 secs] [Times: user=0.11 sys=0.00, real=0.01 secs] 
2016-09-25T22:48:48.350-0400: 57.854: [Full GC (Ergonomics) [PSYoungGen: 71362K->0K(175104K)] [ParOldGen: 510968K->290182K(524288K)] 582331K->290182K(699392K), [Metaspace: 43677K->43677K(1087488K)], 0.0668722 secs] [Times: user=0.45 sys=0.01, real=0.07 secs] 
2016-09-25T22:48:48.459-0400: 57.963: [GC (GCLocker Initiated GC) [PSYoungGen: 88064K->65188K(175104K)] 381105K->358229K(699392K), 0.0122968 secs] [Times: user=0.08 sys=0.01, real=0.01 secs] 
2016-09-25T22:48:48.522-0400: 58.025: [GC (GCLocker Initiated GC) [PSYoungGen: 153252K->77948K(175104K)] 449062K->398094K(699392K), 0.0100423 secs] [Times: user=0.11 sys=0.00, real=0.01 secs] 
2016-09-25T22:48:48.593-0400: 58.096: [GC (GCLocker Initiated GC) [PSYoungGen: 166012K->55092K(175104K)] 486870K->394034K(699392K), 0.0066419 secs] [Times: user=0.07 sys=0.01, real=0.01 secs] 
2016-09-25T22:48:48.630-0400: 58.133: [GC (GCLocker Initiated GC) [PSYoungGen: 143156K->80954K(175104K)] 482206K->440911K(699392K), 0.0100350 secs] [Times: user=0.15 sys=0.00, real=0.01 secs] 
2016-09-25T22:48:48.693-0400: 58.197: [GC (GCLocker Initiated GC) [PSYoungGen: 169018K->63402K(175104K)] 542582K->453941K(699392K), 0.0085796 secs] [Times: user=0.11 sys=0.00, real=0.02 secs] 
2016-09-25T22:48:48.753-0400: 58.257: [GC (GCLocker Initiated GC) [PSYoungGen: 151466K->54912K(175104K)] 547614K->476214K(699392K), 0.0094083 secs] [Times: user=0.11 sys=0.00, real=0.02 secs] 
2016-09-25T22:48:48.798-0400: 58.302: [GC (GCLocker Initiated GC) [PSYoungGen: 142976K->83531K(175104K)] 565731K->514802K(699392K), 0.0087121 secs] [Times: user=0.10 sys=0.00, real=0.01 secs] 
2016-09-25T22:48:48.860-0400: 58.364: [GC (GCLocker Initiated GC) [PSYoungGen: 171595K->73957K(175104K)] 605641K->523581K(699392K), 0.0089589 secs] [Times: user=0.12 sys=0.00, real=0.01 secs] 
2016-09-25T22:48:48.912-0400: 58.415: [GC (GCLocker Initiated GC) [PSYoungGen: 162021K->63211K(175104K)] 611724K->541784K(699392K), 0.0096598 secs] [Times: user=0.09 sys=0.00, real=0.01 secs] 
2016-09-25T22:48:48.971-0400: 58.474: [GC (GCLocker Initiated GC) [PSYoungGen: 151275K->55242K(175104K)] 630015K->569890K(699392K), 0.0077248 secs] [Times: user=0.10 sys=0.00, real=0.01 secs] 
2016-09-25T22:48:48.978-0400: 58.482: [Full GC (Ergonomics) [PSYoungGen: 55242K->0K(175104K)] [ParOldGen: 514647K->293226K(524288K)] 569890K->293226K(699392K), [Metaspace: 43677K->43677K(1087488K)], 0.0587784 secs] [Times: user=0.53 sys=0.00, real=0.06 secs] 
2016-09-25T22:48:49.083-0400: 58.587: [GC (GCLocker Initiated GC) [PSYoungGen: 88064K->81932K(175104K)] 386846K->380714K(699392K), 0.0074782 secs] [Times: user=0.10 sys=0.00, real=0.00 secs] 
2016-09-25T22:48:49.145-0400: 58.649: [GC (GCLocker Initiated GC) [PSYoungGen: 169996K->42942K(175104K)] 479691K->375959K(699392K), 0.0092252 secs] [Times: user=0.08 sys=0.00, real=0.00 secs] 
2016-09-25T22:48:49.195-0400: 58.699: [GC (GCLocker Initiated GC) [PSYoungGen: 131006K->79148K(175104K)] 464078K->425035K(699392K), 0.0102021 secs] [Times: user=0.13 sys=0.00, real=0.01 secs] 
2016-09-25T22:48:49.259-0400: 58.763: [GC (GCLocker Initiated GC) [PSYoungGen: 167212K->41589K(175104K)] 520339K->415343K(699392K), 0.0150715 secs] [Times: user=0.19 sys=0.00, real=0.01 secs] 
2016-09-25T22:48:49.320-0400: 58.824: [GC (GCLocker Initiated GC) [PSYoungGen: 129653K->86171K(175104K)] 503478K->467459K(699392K), 0.0107639 secs] [Times: user=0.10 sys=0.01, real=0.01 secs] 
2016-09-25T22:48:49.381-0400: 58.885: [GC (GCLocker Initiated GC) [PSYoungGen: 174235K->54988K(175104K)] 558375K->473439K(699392K), 0.0102740 secs] [Times: user=0.10 sys=0.01, real=0.01 secs] 
2016-09-25T22:48:49.436-0400: 58.940: [GC (GCLocker Initiated GC) [PSYoungGen: 143052K->71354K(175104K)] 569723K->514717K(699392K), 0.0118696 secs] [Times: user=0.08 sys=0.00, real=0.01 secs] 
2016-09-25T22:48:49.494-0400: 58.998: [GC (GCLocker Initiated GC) [PSYoungGen: 159418K->60299K(175104K)] 605614K->520677K(699392K), 0.0133098 secs] [Times: user=0.09 sys=0.00, real=0.01 secs] 
2016-09-25T22:48:49.553-0400: 59.057: [GC (GCLocker Initiated GC) [PSYoungGen: 148363K->56402K(175104K)] 612842K->549811K(699392K), 0.0076584 secs] [Times: user=0.09 sys=0.00, real=0.01 secs] 
2016-09-25T22:48:49.561-0400: 59.065: [Full GC (Ergonomics) [PSYoungGen: 56402K->0K(175104K)] [ParOldGen: 493408K->294686K(524288K)] 549811K->294686K(699392K), [Metaspace: 43677K->43677K(1087488K)], 0.0669677 secs] [Times: user=0.48 sys=0.02, real=0.07 secs] 
2016-09-25T22:48:49.665-0400: 59.169: [GC (GCLocker Initiated GC) [PSYoungGen: 88064K->78810K(175104K)] 384306K->375052K(699392K), 0.0088793 secs] [Times: user=0.08 sys=0.01, real=0.01 secs] 
2016-09-25T22:48:49.736-0400: 59.240: [GC (GCLocker Initiated GC) [PSYoungGen: 166874K->61936K(175104K)] 467230K->373114K(699392K), 0.0078588 secs] [Times: user=0.09 sys=0.01, real=0.01 secs] 
2016-09-25T22:48:49.798-0400: 59.302: [GC (GCLocker Initiated GC) [PSYoungGen: 150000K->53601K(175104K)] 461271K->383148K(699392K), 0.0090980 secs] [Times: user=0.13 sys=0.00, real=0.01 secs] 
2016-09-25T22:48:49.847-0400: 59.351: [GC (GCLocker Initiated GC) [PSYoungGen: 141665K->58047K(175104K)] 471661K->439930K(699392K), 0.0111901 secs] [Times: user=0.14 sys=0.00, real=0.01 secs] 
2016-09-25T22:48:49.908-0400: 59.412: [GC (GCLocker Initiated GC) [PSYoungGen: 146111K->64771K(175104K)] 532747K->481962K(699392K), 0.0097060 secs] [Times: user=0.15 sys=0.00, real=0.01 secs] 
2016-09-25T22:48:49.970-0400: 59.473: [GC (GCLocker Initiated GC) [PSYoungGen: 152835K->63217K(175104K)] 573584K->503580K(699392K), 0.0075353 secs] [Times: user=0.09 sys=0.00, real=0.01 secs] 
2016-09-25T22:48:50.015-0400: 59.519: [GC (GCLocker Initiated GC) [PSYoungGen: 151281K->64504K(152576K)] 594399K->524455K(676864K), 0.0108090 secs] [Times: user=0.14 sys=0.00, real=0.01 secs] 
2016-09-25T22:48:50.080-0400: 59.583: [GC (GCLocker Initiated GC) [PSYoungGen: 152568K->37471K(173056K)] 612678K->519859K(697344K), 0.0097879 secs] [Times: user=0.10 sys=0.01, real=0.01 secs] 
2016-09-25T22:48:50.090-0400: 59.593: [Full GC (Ergonomics) [PSYoungGen: 37471K->0K(173056K)] [ParOldGen: 482387K->300892K(524288K)] 519859K->300892K(697344K), [Metaspace: 43677K->43677K(1087488K)], 0.0528984 secs] [Times: user=0.34 sys=0.00, real=0.06 secs] 
2016-09-25T22:48:50.192-0400: 59.696: [GC (GCLocker Initiated GC) [PSYoungGen: 87040K->47439K(174080K)] 390681K->351080K(698368K), 0.0087851 secs] [Times: user=0.07 sys=0.00, real=0.01 secs] 
2016-09-25T22:48:50.257-0400: 59.761: [GC (GCLocker Initiated GC) [PSYoungGen: 134479K->62065K(173056K)] 446421K->397003K(697344K), 0.0128513 secs] [Times: user=0.13 sys=0.00, real=0.01 secs] 
2016-09-25T22:48:50.323-0400: 59.827: [GC (GCLocker Initiated GC) [PSYoungGen: 150129K->70171K(174080K)] 492027K->416927K(698368K), 0.0101851 secs] [Times: user=0.08 sys=0.01, real=0.00 secs] 
2016-09-25T22:48:50.383-0400: 59.886: [GC (GCLocker Initiated GC) [PSYoungGen: 158235K->61804K(173056K)] 507784K->432500K(697344K), 0.0128032 secs] [Times: user=0.18 sys=0.00, real=0.01 secs] 
2016-09-25T22:48:50.441-0400: 59.945: [GC (GCLocker Initiated GC) [PSYoungGen: 150892K->70070K(174080K)] 525763K->457681K(698368K), 0.0186744 secs] [Times: user=0.23 sys=0.01, real=0.02 secs] 
2016-09-25T22:48:50.495-0400: 59.999: [GC (GCLocker Initiated GC) [PSYoungGen: 159158K->80908K(174080K)] 552207K->484107K(698368K), 0.0169904 secs] [Times: user=0.22 sys=0.01, real=0.01 secs] 
2016-09-25T22:48:50.568-0400: 60.071: [GC (GCLocker Initiated GC) [PSYoungGen: 168972K->48492K(175104K)] 588227K->477877K(699392K), 0.0107309 secs] [Times: user=0.11 sys=0.00, real=0.01 secs] 
2016-09-25T22:48:50.633-0400: 60.137: [GC (GCLocker Initiated GC) [PSYoungGen: 136556K->56270K(175104K)] 568678K->494650K(699392K), 0.0084568 secs] [Times: user=0.13 sys=0.00, real=0.01 secs] 
2016-09-25T22:48:50.673-0400: 60.177: [GC (GCLocker Initiated GC) [PSYoungGen: 144334K->61834K(150016K)] 585596K->527836K(674304K), 0.0104721 secs] [Times: user=0.12 sys=0.00, real=0.02 secs] 
2016-09-25T22:48:50.729-0400: 60.233: [GC (GCLocker Initiated GC) [PSYoungGen: 149898K->76603K(173056K)] 618621K->560916K(697344K), 0.0099133 secs] [Times: user=0.14 sys=0.00, real=0.01 secs] 
2016-09-25T22:48:50.785-0400: 60.289: [Full GC (Ergonomics) [PSYoungGen: 163643K->0K(173056K)] [ParOldGen: 487089K->305962K(524288K)] 650732K->305962K(697344K), [Metaspace: 43677K->43677K(1087488K)], 0.0582217 secs] [Times: user=0.46 sys=0.00, real=0.06 secs] 
2016-09-25T22:48:50.901-0400: 60.405: [GC (GCLocker Initiated GC) [PSYoungGen: 87040K->77654K(174080K)] 399917K->390532K(698368K), 0.0118749 secs] [Times: user=0.13 sys=0.02, real=0.01 secs] 
2016-09-25T22:48:50.975-0400: 60.479: [GC (GCLocker Initiated GC) [PSYoungGen: 164694K->41591K(175104K)] 484400K->389848K(699392K), 0.0071020 secs] [Times: user=0.07 sys=0.00, real=0.01 secs] 
2016-09-25T22:48:51.027-0400: 60.531: [GC (GCLocker Initiated GC) [PSYoungGen: 129655K->47132K(175104K)] 479376K->435358K(699392K), 0.0083348 secs] [Times: user=0.09 sys=0.03, real=0.01 secs] 
2016-09-25T22:48:51.088-0400: 60.591: [GC (GCLocker Initiated GC) [PSYoungGen: 135196K->42961K(175104K)] 523471K->464392K(699392K), 0.0106860 secs] [Times: user=0.15 sys=0.01, real=0.01 secs] 
2016-09-25T22:48:51.159-0400: 60.663: [GC (GCLocker Initiated GC) [PSYoungGen: 131025K->56861K(175104K)] 558006K->498030K(699392K), 0.0148494 secs] [Times: user=0.14 sys=0.00, real=0.01 secs] 
2016-09-25T22:48:51.233-0400: 60.737: [GC (GCLocker Initiated GC) [PSYoungGen: 144925K->71295K(175104K)] 586214K->531285K(699392K), 0.0107636 secs] [Times: user=0.14 sys=0.01, real=0.02 secs] 
2016-09-25T22:48:51.293-0400: 60.797: [GC (GCLocker Initiated GC) [PSYoungGen: 159359K->64736K(175104K)] 624858K->549646K(699392K), 0.0123923 secs] [Times: user=0.16 sys=0.02, real=0.02 secs] 
2016-09-25T22:48:51.308-0400: 60.812: [Full GC (Ergonomics) [PSYoungGen: 64736K->0K(175104K)] [ParOldGen: 484909K->310715K(524288K)] 549646K->310715K(699392K), [Metaspace: 43677K->43677K(1087488K)], 0.0846126 secs] [Times: user=0.63 sys=0.01, real=0.08 secs] 
2016-09-25T22:48:51.434-0400: 60.938: [GC (GCLocker Initiated GC) [PSYoungGen: 88064K->62523K(175104K)] 401572K->376031K(699392K), 0.0094227 secs] [Times: user=0.10 sys=0.00, real=0.01 secs] 
2016-09-25T22:48:51.513-0400: 61.017: [GC (GCLocker Initiated GC) [PSYoungGen: 150587K->54004K(142336K)] 469619K->403915K(666624K), 0.0114607 secs] [Times: user=0.18 sys=0.01, real=0.02 secs] 
2016-09-25T22:48:51.582-0400: 61.086: [GC (GCLocker Initiated GC) [PSYoungGen: 142068K->63447K(175104K)] 497429K->427770K(699392K), 0.0073477 secs] [Times: user=0.11 sys=0.00, real=0.01 secs] 
2016-09-25T22:48:51.631-0400: 61.135: [GC (GCLocker Initiated GC) [PSYoungGen: 152535K->74098K(174080K)] 516948K->447530K(698368K), 0.0070861 secs] [Times: user=0.10 sys=0.00, real=0.01 secs] 
2016-09-25T22:48:51.689-0400: 61.193: [GC (GCLocker Initiated GC) [PSYoungGen: 163186K->52516K(175616K)] 536631K->440195K(699904K), 0.0081547 secs] [Times: user=0.11 sys=0.00, real=0.01 secs] 
2016-09-25T22:48:51.764-0400: 61.267: [GC (GCLocker Initiated GC) [PSYoungGen: 141092K->75595K(175104K)] 534209K->476241K(699392K), 0.0125049 secs] [Times: user=0.15 sys=0.00, real=0.01 secs] 
2016-09-25T22:48:51.829-0400: 61.333: [GC (GCLocker Initiated GC) [PSYoungGen: 164171K->58183K(175104K)] 580271K->476450K(699392K), 0.0067373 secs] [Times: user=0.08 sys=0.01, real=0.01 secs] 
2016-09-25T22:48:51.893-0400: 61.397: [GC (GCLocker Initiated GC) [PSYoungGen: 146247K->54835K(143360K)] 567273K->480890K(667648K), 0.0079698 secs] [Times: user=0.09 sys=0.00, real=0.01 secs] 
2016-09-25T22:48:51.965-0400: 61.468: [GC (GCLocker Initiated GC) [PSYoungGen: 142899K->71415K(173056K)] 571852K->517091K(697344K), 0.0120135 secs] [Times: user=0.15 sys=0.01, real=0.01 secs] 
2016-09-25T22:48:52.022-0400: 61.526: [GC (GCLocker Initiated GC) [PSYoungGen: 158455K->59062K(174080K)] 607042K->523242K(698368K), 0.0076517 secs] [Times: user=0.08 sys=0.00, real=0.00 secs] 
2016-09-25T22:48:52.073-0400: 61.577: [GC (GCLocker Initiated GC) [PSYoungGen: 146102K->66066K(173568K)] 618430K->564664K(697856K), 0.0083849 secs] [Times: user=0.12 sys=0.00, real=0.01 secs] 
2016-09-25T22:48:52.082-0400: 61.585: [Full GC (Ergonomics) [PSYoungGen: 66066K->0K(173568K)] [ParOldGen: 498597K->317788K(524288K)] 564664K->317788K(697856K), [Metaspace: 43677K->43677K(1087488K)], 0.0771048 secs] [Times: user=0.66 sys=0.00, real=0.08 secs] 
2016-09-25T22:48:52.228-0400: 61.732: [GC (GCLocker Initiated GC) [PSYoungGen: 89600K->62416K(174080K)] 416863K->389679K(698368K), 0.0063577 secs] [Times: user=0.09 sys=0.00, real=0.01 secs] 
2016-09-25T22:48:52.278-0400: 61.782: [GC (GCLocker Initiated GC) [PSYoungGen: 152016K->73006K(174080K)] 482026K->409610K(698368K), 0.0094011 secs] [Times: user=0.14 sys=0.00, real=0.01 secs] 
2016-09-25T22:48:52.328-0400: 61.832: [GC (GCLocker Initiated GC) [PSYoungGen: 164654K->65996K(176128K)] 509495K->423963K(700416K), 0.0096043 secs] [Times: user=0.13 sys=0.00, real=0.01 secs] 
2016-09-25T22:48:52.388-0400: 61.892: [GC (GCLocker Initiated GC) [PSYoungGen: 157644K->76630K(173568K)] 515863K->440903K(697856K), 0.0109443 secs] [Times: user=0.10 sys=0.00, real=0.01 secs] 
2016-09-25T22:48:52.451-0400: 61.955: [GC (GCLocker Initiated GC) [PSYoungGen: 166742K->74060K(164352K)] 531109K->449929K(688640K), 0.0129934 secs] [Times: user=0.15 sys=0.01, real=0.02 secs] 
2016-09-25T22:48:52.519-0400: 62.023: [GC (GCLocker Initiated GC) [PSYoungGen: 164172K->42957K(175104K)] 541491K->446582K(699392K), 0.0113139 secs] [Times: user=0.10 sys=0.01, real=0.01 secs] 
2016-09-25T22:48:52.572-0400: 62.076: [GC (GCLocker Initiated GC) [PSYoungGen: 131021K->64851K(175104K)] 541479K->500476K(699392K), 0.0109421 secs] [Times: user=0.15 sys=0.00, real=0.02 secs] 
2016-09-25T22:48:52.635-0400: 62.139: [GC (GCLocker Initiated GC) [PSYoungGen: 152915K->57904K(173056K)] 594993K->504961K(697344K), 0.0114035 secs] [Times: user=0.12 sys=0.00, real=0.01 secs] 
2016-09-25T22:48:52.691-0400: 62.194: [GC (GCLocker Initiated GC) [PSYoungGen: 145968K->67460K(174080K)] 595903K->538525K(698368K), 0.0121973 secs] [Times: user=0.10 sys=0.00, real=0.02 secs] 
2016-09-25T22:48:52.749-0400: 62.253: [GC (GCLocker Initiated GC) [PSYoungGen: 155524K->63535K(172032K)] 637597K->561304K(696320K), 0.0116583 secs] [Times: user=0.14 sys=0.00, real=0.01 secs] 
2016-09-25T22:48:52.761-0400: 62.265: [Full GC (Ergonomics) [PSYoungGen: 63535K->0K(172032K)] [ParOldGen: 497768K->326458K(524288K)] 561304K->326458K(696320K), [Metaspace: 43686K->43686K(1087488K)], 0.0690948 secs] [Times: user=0.46 sys=0.03, real=0.07 secs] 
2016-09-25T22:48:52.886-0400: 62.390: [GC (GCLocker Initiated GC) [PSYoungGen: 91136K->56892K(174080K)] 417619K->383375K(698368K), 0.0107641 secs] [Times: user=0.09 sys=0.00, real=0.01 secs] 
2016-09-25T22:48:52.948-0400: 62.452: [GC (GCLocker Initiated GC) [PSYoungGen: 148028K->79870K(171520K)] 480054K->430588K(695808K), 0.0113632 secs] [Times: user=0.13 sys=0.00, real=0.01 secs] 
2016-09-25T22:48:53.013-0400: 62.517: [GC (GCLocker Initiated GC) [PSYoungGen: 168958K->66065K(175616K)] 522608K->447777K(699904K), 0.0103662 secs] [Times: user=0.17 sys=0.00, real=0.02 secs] 
2016-09-25T22:48:53.070-0400: 62.574: [GC (GCLocker Initiated GC) [PSYoungGen: 155153K->70241K(174080K)] 539716K->464991K(698368K), 0.0098497 secs] [Times: user=0.12 sys=0.01, real=0.01 secs] 
2016-09-25T22:48:53.135-0400: 62.639: [GC (GCLocker Initiated GC) [PSYoungGen: 160865K->54072K(175616K)] 561237K->475638K(699904K), 0.0136441 secs] [Times: user=0.19 sys=0.01, real=0.01 secs] 
2016-09-25T22:48:53.196-0400: 62.700: [GC (GCLocker Initiated GC) [PSYoungGen: 144696K->59339K(175104K)] 571881K->499537K(699392K), 0.0073971 secs] [Times: user=0.10 sys=0.00, real=0.01 secs] 
2016-09-25T22:48:53.249-0400: 62.753: [GC (GCLocker Initiated GC) [PSYoungGen: 151499K->55195K(176128K)] 594564K->518057K(700416K), 0.0085708 secs] [Times: user=0.07 sys=0.00, real=0.01 secs] 
2016-09-25T22:48:53.307-0400: 62.811: [GC (GCLocker Initiated GC) [PSYoungGen: 147355K->63466K(173568K)] 610317K->554296K(697856K), 0.0111891 secs] [Times: user=0.17 sys=0.00, real=0.01 secs] 
2016-09-25T22:48:53.318-0400: 62.822: [Full GC (Ergonomics) [PSYoungGen: 63466K->0K(173568K)] [ParOldGen: 490829K->331517K(524288K)] 554296K->331517K(697856K), [Metaspace: 43686K->43686K(1087488K)], 0.0571020 secs] [Times: user=0.51 sys=0.01, real=0.06 secs] 
2016-09-25T22:48:53.433-0400: 62.937: [GC (GCLocker Initiated GC) [PSYoungGen: 94720K->58905K(176128K)] 442513K->406699K(700416K), 0.0062964 secs] [Times: user=0.08 sys=0.00, real=0.01 secs] 
2016-09-25T22:48:53.500-0400: 63.003: [GC (GCLocker Initiated GC) [PSYoungGen: 153625K->48461K(180736K)] 516322K->415559K(705024K), 0.0085194 secs] [Times: user=0.08 sys=0.01, real=0.01 secs] 
2016-09-25T22:48:53.570-0400: 63.074: [GC (GCLocker Initiated GC) [PSYoungGen: 148813K->48331K(181248K)] 521340K->444579K(705536K), 0.0090666 secs] [Times: user=0.13 sys=0.00, real=0.01 secs] 
2016-09-25T22:48:53.632-0400: 63.136: [GC (GCLocker Initiated GC) [PSYoungGen: 148683K->63385K(180224K)] 546324K->471122K(704512K), 0.0094620 secs] [Times: user=0.15 sys=0.00, real=0.01 secs] 
2016-09-25T22:48:53.691-0400: 63.195: [GC (GCLocker Initiated GC) [PSYoungGen: 163737K->63195K(180736K)] 574274K->481263K(705024K), 0.0096198 secs] [Times: user=0.09 sys=0.00, real=0.01 secs] 
2016-09-25T22:48:53.754-0400: 63.258: [GC (GCLocker Initiated GC) [PSYoungGen: 163547K->68921K(179712K)] 581707K->497354K(704000K), 0.0118837 secs] [Times: user=0.14 sys=0.00, real=0.02 secs] 
2016-09-25T22:48:53.834-0400: 63.338: [GC (GCLocker Initiated GC) [PSYoungGen: 169273K->67448K(181248K)] 605920K->511798K(705536K), 0.0092118 secs] [Times: user=0.12 sys=0.01, real=0.02 secs] 
2016-09-25T22:48:53.909-0400: 63.412: [GC (GCLocker Initiated GC) [PSYoungGen: 167800K->79723K(171008K)] 615241K->537448K(695296K), 0.0082792 secs] [Times: user=0.13 sys=0.00, real=0.01 secs] 
2016-09-25T22:48:53.974-0400: 63.478: [GC (GCLocker Initiated GC) [PSYoungGen: 169835K->56477K(176128K)] 635901K->539646K(700416K), 0.0076043 secs] [Times: user=0.07 sys=0.01, real=0.01 secs] 
2016-09-25T22:48:54.017-0400: 63.521: [GC (GCLocker Initiated GC) [PSYoungGen: 146589K->60588K(171008K)] 629863K->579689K(695296K), 0.0087090 secs] [Times: user=0.13 sys=0.01, real=0.01 secs] 
2016-09-25T22:48:54.026-0400: 63.530: [Full GC (Ergonomics) [PSYoungGen: 60588K->0K(171008K)] [ParOldGen: 519100K->338058K(524288K)] 579689K->338058K(695296K), [Metaspace: 43686K->43686K(1087488K)], 0.0615252 secs] [Times: user=0.57 sys=0.01, real=0.06 secs] 
2016-09-25T22:48:54.145-0400: 63.649: [GC (GCLocker Initiated GC) [PSYoungGen: 91136K->51614K(174080K)] 436001K->396479K(698368K), 0.0075153 secs] [Times: user=0.07 sys=0.00, real=0.00 secs] 
2016-09-25T22:48:54.215-0400: 63.719: [GC (GCLocker Initiated GC) [PSYoungGen: 142750K->36077K(175104K)] 491773K->405328K(699392K), 0.0269801 secs] [Times: user=0.32 sys=0.00, real=0.03 secs] 
2016-09-25T22:48:54.291-0400: 63.795: [GC (GCLocker Initiated GC) [PSYoungGen: 128237K->55347K(177152K)] 502950K->436237K(701440K), 0.0076492 secs] [Times: user=0.09 sys=0.00, real=0.01 secs] 
2016-09-25T22:48:54.354-0400: 63.858: [GC (GCLocker Initiated GC) [PSYoungGen: 147507K->70129K(175616K)] 535289K->464162K(699904K), 0.0097562 secs] [Times: user=0.15 sys=0.00, real=0.01 secs] 
2016-09-25T22:48:54.412-0400: 63.916: [GC (GCLocker Initiated GC) [PSYoungGen: 162289K->68811K(161280K)] 559230K->470585K(685568K), 0.0068585 secs] [Times: user=0.09 sys=0.00, real=0.01 secs] 
2016-09-25T22:48:54.473-0400: 63.977: [GC (GCLocker Initiated GC) [PSYoungGen: 160971K->85210K(174080K)] 568321K->496035K(698368K), 0.0094592 secs] [Times: user=0.14 sys=0.01, real=0.02 secs] 
2016-09-25T22:48:54.537-0400: 64.041: [GC (GCLocker Initiated GC) [PSYoungGen: 173274K->52143K(175104K)] 589738K->487071K(699392K), 0.0071681 secs] [Times: user=0.07 sys=0.00, real=0.01 secs] 
2016-09-25T22:48:54.598-0400: 64.102: [GC (GCLocker Initiated GC) [PSYoungGen: 140207K->61953K(175104K)] 581978K->510954K(699392K), 0.0076132 secs] [Times: user=0.09 sys=0.00, real=0.01 secs] 
2016-09-25T22:48:54.649-0400: 64.153: [GC (GCLocker Initiated GC) [PSYoungGen: 150017K->79577K(175104K)] 607218K->561817K(699392K), 0.0116361 secs] [Times: user=0.14 sys=0.00, real=0.01 secs] 
2016-09-25T22:48:54.719-0400: 64.223: [Full GC (Ergonomics) [PSYoungGen: 167641K->0K(175104K)] [ParOldGen: 493255K->343468K(524288K)] 660896K->343468K(699392K), [Metaspace: 43686K->43686K(1087488K)], 0.0699585 secs] [Times: user=0.60 sys=0.01, real=0.07 secs] 
2016-09-25T22:48:54.843-0400: 64.346: [GC (GCLocker Initiated GC) [PSYoungGen: 88064K->64011K(175104K)] 442463K->418410K(699392K), 0.0121717 secs] [Times: user=0.17 sys=0.00, real=0.01 secs] 
2016-09-25T22:48:54.908-0400: 64.412: [GC (GCLocker Initiated GC) [PSYoungGen: 152075K->50892K(175104K)] 516561K->454529K(699392K), 0.0082613 secs] [Times: user=0.09 sys=0.00, real=0.01 secs] 
2016-09-25T22:48:54.955-0400: 64.458: [GC (GCLocker Initiated GC) [PSYoungGen: 138956K->64395K(175104K)] 542611K->488822K(699392K), 0.0072494 secs] [Times: user=0.08 sys=0.01, real=0.00 secs] 
2016-09-25T22:48:55.005-0400: 64.509: [GC (GCLocker Initiated GC) [PSYoungGen: 152459K->82436K(175104K)] 585100K->519607K(699392K), 0.0075326 secs] [Times: user=0.09 sys=0.00, real=0.00 secs] 
2016-09-25T22:48:55.063-0400: 64.567: [GC (GCLocker Initiated GC) [PSYoungGen: 170500K->71269K(175104K)] 607936K->529892K(699392K), 0.0099830 secs] [Times: user=0.15 sys=0.00, real=0.00 secs] 
2016-09-25T22:48:55.117-0400: 64.620: [GC (GCLocker Initiated GC) [PSYoungGen: 159333K->66073K(175104K)] 623477K->536238K(699392K), 0.0179449 secs] [Times: user=0.20 sys=0.00, real=0.02 secs] 
2016-09-25T22:48:55.190-0400: 64.694: [GC (GCLocker Initiated GC) [PSYoungGen: 154137K->50025K(175104K)] 636559K->550830K(699392K), 0.0257844 secs] [Times: user=0.30 sys=0.00, real=0.03 secs] 
2016-09-25T22:48:55.216-0400: 64.720: [Full GC (Ergonomics) [PSYoungGen: 50025K->0K(175104K)] [ParOldGen: 500804K->343988K(524288K)] 550830K->343988K(699392K), [Metaspace: 43686K->43686K(1087488K)], 0.0641569 secs] [Times: user=0.54 sys=0.01, real=0.06 secs] 
2016-09-25T22:48:55.327-0400: 64.831: [GC (GCLocker Initiated GC) [PSYoungGen: 88064K->59762K(175104K)] 442964K->414663K(699392K), 0.0075736 secs] [Times: user=0.10 sys=0.00, real=0.01 secs] 
2016-09-25T22:48:55.385-0400: 64.889: [GC (GCLocker Initiated GC) [PSYoungGen: 147826K->58988K(173056K)] 505592K->443716K(697344K), 0.0208200 secs] [Times: user=0.29 sys=0.00, real=0.02 secs] 
2016-09-25T22:48:55.458-0400: 64.961: [GC (GCLocker Initiated GC) [PSYoungGen: 147052K->53519K(174080K)] 531876K->448267K(698368K), 0.0060243 secs] [Times: user=0.06 sys=0.00, real=0.01 secs] 
2016-09-25T22:48:55.509-0400: 65.013: [GC (GCLocker Initiated GC) [PSYoungGen: 141583K->83580K(173568K)] 536474K->501910K(697856K), 0.0126200 secs] [Times: user=0.18 sys=0.02, real=0.01 secs] 
2016-09-25T22:48:55.589-0400: 65.092: [GC (GCLocker Initiated GC) [PSYoungGen: 171644K->60535K(175104K)] 593169K->484120K(699392K), 0.0060080 secs] [Times: user=0.09 sys=0.00, real=0.01 secs] 
2016-09-25T22:48:55.642-0400: 65.146: [GC (GCLocker Initiated GC) [PSYoungGen: 148599K->52166K(175104K)] 574955K->503545K(699392K), 0.0079616 secs] [Times: user=0.12 sys=0.00, real=0.01 secs] 
2016-09-25T22:48:55.688-0400: 65.192: [GC (GCLocker Initiated GC) [PSYoungGen: 140230K->71421K(175104K)] 591724K->554368K(699392K), 0.0091351 secs] [Times: user=0.13 sys=0.00, real=0.01 secs] 
2016-09-25T22:48:55.698-0400: 65.201: [Full GC (Ergonomics) [PSYoungGen: 71421K->0K(175104K)] [ParOldGen: 482946K->349593K(524288K)] 554368K->349593K(699392K), [Metaspace: 43729K->43729K(1087488K)], 0.0926099 secs] [Times: user=0.55 sys=0.02, real=0.09 secs] 
2016-09-25T22:48:55.849-0400: 65.353: [GC (GCLocker Initiated GC) [PSYoungGen: 88064K->80163K(175104K)] 443166K->435274K(699392K), 0.0122834 secs] [Times: user=0.14 sys=0.01, real=0.01 secs] 
2016-09-25T22:48:55.906-0400: 65.409: [GC (GCLocker Initiated GC) [PSYoungGen: 168227K->53689K(175104K)] 526116K->429189K(699392K), 0.0068270 secs] [Times: user=0.08 sys=0.00, real=0.00 secs] 
2016-09-25T22:48:55.973-0400: 65.477: [GC (Allocation Failure) [PSYoungGen: 141753K->78261K(175104K)] 524201K->486910K(699392K), 0.0152481 secs] [Times: user=0.18 sys=0.01, real=0.02 secs] 
2016-09-25T22:48:55.993-0400: 65.497: [GC (GCLocker Initiated GC) [PSYoungGen: 84320K->5752K(175104K)] 492969K->487073K(699392K), 0.0132268 secs] [Times: user=0.18 sys=0.02, real=0.02 secs] 
2016-09-25T22:48:56.006-0400: 65.510: [Full GC (Ergonomics) [PSYoungGen: 5752K->0K(175104K)] [ParOldGen: 481321K->350388K(524288K)] 487073K->350388K(699392K), [Metaspace: 43734K->43734K(1087488K)], 0.0652246 secs] [Times: user=0.66 sys=0.00, real=0.06 secs] 
2016-09-25T22:48:56.117-0400: 65.621: [GC (GCLocker Initiated GC) [PSYoungGen: 86955K->75879K(175104K)] 440044K->428968K(699392K), 0.0096664 secs] [Times: user=0.12 sys=0.02, real=0.01 secs] 
2016-09-25T22:48:56.194-0400: 65.698: [GC (GCLocker Initiated GC) [PSYoungGen: 163943K->61658K(175104K)] 525271K->430894K(699392K), 0.0110733 secs] [Times: user=0.10 sys=0.01, real=0.01 secs] 
2016-09-25T22:48:56.258-0400: 65.761: [GC (GCLocker Initiated GC) [PSYoungGen: 149722K->64396K(175104K)] 519043K->458422K(699392K), 0.0152942 secs] [Times: user=0.19 sys=0.00, real=0.01 secs] 
2016-09-25T22:48:56.312-0400: 65.816: [GC (GCLocker Initiated GC) [PSYoungGen: 152460K->69868K(175104K)] 553687K->495950K(699392K), 0.0073641 secs] [Times: user=0.12 sys=0.00, real=0.01 secs] 
2016-09-25T22:48:56.382-0400: 65.885: [GC (GCLocker Initiated GC) [PSYoungGen: 157932K->44029K(175104K)] 590809K->493621K(699392K), 0.0108645 secs] [Times: user=0.14 sys=0.00, real=0.01 secs] 
2016-09-25T22:48:56.444-0400: 65.947: [GC (GCLocker Initiated GC) [PSYoungGen: 132093K->84809K(175104K)] 584586K->547197K(699392K), 0.0141296 secs] [Times: user=0.15 sys=0.01, real=0.01 secs] 
2016-09-25T22:48:56.504-0400: 66.007: [GC (GCLocker Initiated GC) [PSYoungGen: 172873K->72689K(175104K)] 640693K->543818K(699392K), 0.0088895 secs] [Times: user=0.11 sys=0.00, real=0.00 secs] 
2016-09-25T22:48:56.568-0400: 66.071: [Full GC (Ergonomics) [PSYoungGen: 160753K->0K(175104K)] [ParOldGen: 488822K->346643K(524288K)] 649576K->346643K(699392K), [Metaspace: 43734K->43734K(1087488K)], 0.3385627 secs] [Times: user=4.78 sys=0.03, real=0.34 secs] 
2016-09-25T22:48:56.958-0400: 66.462: [GC (GCLocker Initiated GC) [PSYoungGen: 88064K->53738K(175104K)] 437516K->403190K(699392K), 0.0097259 secs] [Times: user=0.10 sys=0.00, real=0.01 secs] 
2016-09-25T22:48:57.037-0400: 66.541: [GC (GCLocker Initiated GC) [PSYoungGen: 141802K->69956K(175104K)] 496762K->429626K(699392K), 0.0133718 secs] [Times: user=0.21 sys=0.00, real=0.01 secs] 
2016-09-25T22:48:57.120-0400: 66.624: [GC (GCLocker Initiated GC) [PSYoungGen: 158020K->55129K(175104K)] 525963K->442606K(699392K), 0.0131906 secs] [Times: user=0.17 sys=0.00, real=0.01 secs] 
2016-09-25T22:48:57.174-0400: 66.678: [GC (GCLocker Initiated GC) [PSYoungGen: 143193K->64323K(175104K)] 530900K->456722K(699392K), 0.0067829 secs] [Times: user=0.08 sys=0.01, real=0.01 secs] 
2016-09-25T22:48:57.232-0400: 66.736: [GC (GCLocker Initiated GC) [PSYoungGen: 152387K->59061K(175104K)] 547704K->469677K(699392K), 0.0079807 secs] [Times: user=0.11 sys=0.00, real=0.01 secs] 
2016-09-25T22:48:57.279-0400: 66.783: [GC (GCLocker Initiated GC) [PSYoungGen: 147125K->65877K(175104K)] 559957K->499554K(699392K), 0.0075581 secs] [Times: user=0.11 sys=0.00, real=0.01 secs] 
2016-09-25T22:48:57.331-0400: 66.835: [GC (GCLocker Initiated GC) [PSYoungGen: 153941K->75219K(175104K)] 587721K->531243K(699392K), 0.0112458 secs] [Times: user=0.17 sys=0.00, real=0.02 secs] 
2016-09-25T22:48:57.391-0400: 66.895: [GC (GCLocker Initiated GC) [PSYoungGen: 163283K->54936K(175104K)] 623414K->527678K(699392K), 0.0087513 secs] [Times: user=0.10 sys=0.00, real=0.01 secs] 
2016-09-25T22:48:57.444-0400: 66.948: [GC (GCLocker Initiated GC) [PSYoungGen: 143000K->71196K(175104K)] 618562K->563589K(699392K), 0.0267091 secs] [Times: user=0.40 sys=0.00, real=0.02 secs] 
2016-09-25T22:48:57.471-0400: 66.975: [Full GC (Ergonomics) [PSYoungGen: 71196K->0K(175104K)] [ParOldGen: 492393K->342930K(524288K)] 563589K->342930K(699392K), [Metaspace: 43734K->43734K(1087488K)], 0.0715124 secs] [Times: user=0.53 sys=0.00, real=0.08 secs] 
2016-09-25T22:48:57.598-0400: 67.101: [GC (GCLocker Initiated GC) [PSYoungGen: 88064K->61846K(175104K)] 431159K->404941K(699392K), 0.0089415 secs] [Times: user=0.10 sys=0.01, real=0.01 secs] 
2016-09-25T22:48:57.645-0400: 67.149: [GC (GCLocker Initiated GC) [PSYoungGen: 149910K->74025K(175104K)] 495758K->442172K(699392K), 0.0101955 secs] [Times: user=0.11 sys=0.00, real=0.01 secs] 
2016-09-25T22:48:57.690-0400: 67.194: [GC (GCLocker Initiated GC) [PSYoungGen: 162089K->63120K(175104K)] 533025K->472524K(699392K), 0.0085395 secs] [Times: user=0.13 sys=0.00, real=0.01 secs] 
2016-09-25T22:48:57.755-0400: 67.259: [GC (GCLocker Initiated GC) [PSYoungGen: 151184K->71284K(175104K)] 566082K->493480K(699392K), 0.0090950 secs] [Times: user=0.11 sys=0.00, real=0.01 secs] 
2016-09-25T22:48:57.815-0400: 67.319: [GC (GCLocker Initiated GC) [PSYoungGen: 159348K->62958K(173056K)] 588527K->510213K(697344K), 0.0081456 secs] [Times: user=0.09 sys=0.02, real=0.01 secs] 
2016-09-25T22:48:57.861-0400: 67.365: [GC (GCLocker Initiated GC) [PSYoungGen: 151022K->70003K(174080K)] 598314K->517295K(698368K), 0.0099243 secs] [Times: user=0.07 sys=0.00, real=0.01 secs] 
2016-09-25T22:48:57.910-0400: 67.414: [GC (GCLocker Initiated GC) [PSYoungGen: 158067K->61801K(173568K)] 605399K->520256K(697856K), 0.0079630 secs] [Times: user=0.06 sys=0.01, real=0.01 secs] 
2016-09-25T22:48:57.968-0400: 67.472: [GC (GCLocker Initiated GC) [PSYoungGen: 152425K->79749K(175104K)] 613805K->541129K(699392K), 0.0085301 secs] [Times: user=0.10 sys=0.00, real=0.01 secs] 
2016-09-25T22:48:58.030-0400: 67.533: [GC (GCLocker Initiated GC) [PSYoungGen: 170373K->60515K(175104K)] 644020K->561804K(699392K), 0.0081973 secs] [Times: user=0.08 sys=0.00, real=0.01 secs] 
2016-09-25T22:48:58.038-0400: 67.542: [Full GC (Ergonomics) [PSYoungGen: 60515K->0K(175104K)] [ParOldGen: 501289K->350943K(524288K)] 561804K->350943K(699392K), [Metaspace: 43737K->43737K(1087488K)], 0.0537374 secs] [Times: user=0.49 sys=0.01, real=0.05 secs] 
2016-09-25T22:48:58.143-0400: 67.647: [GC (GCLocker Initiated GC) [PSYoungGen: 88064K->67314K(155648K)] 444585K->423835K(679936K), 0.0090152 secs] [Times: user=0.10 sys=0.00, real=0.00 secs] 
2016-09-25T22:48:58.199-0400: 67.703: [GC (GCLocker Initiated GC) [PSYoungGen: 155378K->75769K(171008K)] 517395K->437785K(695296K), 0.0103074 secs] [Times: user=0.13 sys=0.01, real=0.01 secs] 
2016-09-25T22:48:58.252-0400: 67.756: [GC (GCLocker Initiated GC) [PSYoungGen: 161785K->85413K(173056K)] 525405K->451733K(697344K), 0.0099369 secs] [Times: user=0.15 sys=0.00, real=0.01 secs] 
2016-09-25T22:48:58.304-0400: 67.807: [GC (GCLocker Initiated GC) [PSYoungGen: 171429K->80175K(175104K)] 543244K->451991K(699392K), 0.0075053 secs] [Times: user=0.09 sys=0.00, real=0.00 secs] 
2016-09-25T22:48:58.356-0400: 67.860: [GC (GCLocker Initiated GC) [PSYoungGen: 168239K->74084K(175104K)] 544196K->457679K(699392K), 0.0073441 secs] [Times: user=0.09 sys=0.00, real=0.01 secs] 
2016-09-25T22:48:58.412-0400: 67.915: [GC (GCLocker Initiated GC) [PSYoungGen: 162148K->51089K(175104K)] 551212K->470402K(699392K), 0.0091307 secs] [Times: user=0.10 sys=0.00, real=0.01 secs] 
2016-09-25T22:48:58.469-0400: 67.973: [GC (GCLocker Initiated GC) [PSYoungGen: 139153K->61556K(175104K)] 558711K->495250K(699392K), 0.0099451 secs] [Times: user=0.14 sys=0.02, real=0.01 secs] 
2016-09-25T22:48:58.518-0400: 68.022: [GC (GCLocker Initiated GC) [PSYoungGen: 149620K->54640K(175104K)] 586113K->502269K(699392K), 0.0107058 secs] [Times: user=0.14 sys=0.00, real=0.01 secs] 
2016-09-25T22:48:58.566-0400: 68.070: [GC (GCLocker Initiated GC) [PSYoungGen: 142704K->62933K(175104K)] 593227K->554343K(699392K), 0.0173277 secs] [Times: user=0.20 sys=0.00, real=0.02 secs] 
2016-09-25T22:48:58.583-0400: 68.087: [Full GC (Ergonomics) [PSYoungGen: 62933K->0K(175104K)] [ParOldGen: 491409K->353179K(524288K)] 554343K->353179K(699392K), [Metaspace: 43737K->43737K(1087488K)], 0.0654915 secs] [Times: user=0.57 sys=0.00, real=0.06 secs] 
2016-09-25T22:48:58.696-0400: 68.200: [GC (GCLocker Initiated GC) [PSYoungGen: 88064K->62075K(175104K)] 460369K->434380K(699392K), 0.0119471 secs] [Times: user=0.12 sys=0.00, real=0.01 secs] 
2016-09-25T22:48:58.760-0400: 68.264: [GC (GCLocker Initiated GC) [PSYoungGen: 150139K->50786K(175104K)] 525398K->433656K(699392K), 0.0218664 secs] [Times: user=0.31 sys=0.00, real=0.02 secs] 
2016-09-25T22:48:58.822-0400: 68.326: [GC (GCLocker Initiated GC) [PSYoungGen: 138850K->73750K(175104K)] 527243K->473301K(699392K), 0.0097461 secs] [Times: user=0.13 sys=0.00, real=0.00 secs] 
2016-09-25T22:48:58.881-0400: 68.385: [GC (GCLocker Initiated GC) [PSYoungGen: 161814K->46744K(175104K)] 570943K->475156K(699392K), 0.0070702 secs] [Times: user=0.09 sys=0.00, real=0.01 secs] 
2016-09-25T22:48:58.935-0400: 68.438: [GC (GCLocker Initiated GC) [PSYoungGen: 134808K->41403K(175104K)] 575429K->498664K(699392K), 0.0131114 secs] [Times: user=0.18 sys=0.00, real=0.01 secs] 
2016-09-25T22:48:58.987-0400: 68.490: [GC (GCLocker Initiated GC) [PSYoungGen: 129467K->77841K(175104K)] 589542K->543759K(699392K), 0.0079740 secs] [Times: user=0.11 sys=0.00, real=0.01 secs] 
2016-09-25T22:48:59.038-0400: 68.542: [GC (Allocation Failure) [PSYoungGen: 165905K->60287K(175104K)] 632666K->550315K(699392K), 0.0077039 secs] [Times: user=0.11 sys=0.00, real=0.01 secs] 
2016-09-25T22:48:59.048-0400: 68.552: [Full GC (Ergonomics) [PSYoungGen: 60287K->0K(175104K)] [ParOldGen: 490028K->345741K(524288K)] 550315K->345741K(699392K), [Metaspace: 43737K->43737K(1087488K)], 0.0634494 secs] [Times: user=0.55 sys=0.00, real=0.06 secs] 
2016-09-25T22:48:59.113-0400: 68.617: [GC (GCLocker Initiated GC) [PSYoungGen: 360K->128K(175104K)] 346101K->345869K(699392K), 0.0027521 secs] [Times: user=0.02 sys=0.00, real=0.01 secs] 
2016-09-25T22:48:59.159-0400: 68.663: [GC (GCLocker Initiated GC) [PSYoungGen: 88192K->76584K(175104K)] 433942K->422366K(699392K), 0.0097203 secs] [Times: user=0.14 sys=0.00, real=0.01 secs] 
2016-09-25T22:48:59.216-0400: 68.719: [GC (GCLocker Initiated GC) [PSYoungGen: 164648K->65723K(175104K)] 511907K->424324K(699392K), 0.0067109 secs] [Times: user=0.07 sys=0.00, real=0.01 secs] 
2016-09-25T22:48:59.272-0400: 68.776: [GC (GCLocker Initiated GC) [PSYoungGen: 153787K->54762K(175104K)] 517840K->438229K(699392K), 0.0093186 secs] [Times: user=0.12 sys=0.00, real=0.01 secs] 
2016-09-25T22:48:59.321-0400: 68.825: [GC (GCLocker Initiated GC) [PSYoungGen: 142826K->84563K(175104K)] 526430K->487389K(699392K), 0.0095004 secs] [Times: user=0.13 sys=0.00, real=0.01 secs] 
2016-09-25T22:48:59.376-0400: 68.880: [GC (GCLocker Initiated GC) [PSYoungGen: 172627K->69734K(175104K)] 579094K->491450K(699392K), 0.0098583 secs] [Times: user=0.10 sys=0.00, real=0.01 secs] 
2016-09-25T22:48:59.428-0400: 68.932: [GC (GCLocker Initiated GC) [PSYoungGen: 157798K->77751K(175104K)] 585172K->510943K(699392K), 0.0083548 secs] [Times: user=0.12 sys=0.00, real=0.01 secs] 
2016-09-25T22:48:59.495-0400: 68.999: [GC (GCLocker Initiated GC) [PSYoungGen: 165815K->53440K(175104K)] 609898K->501910K(699392K), 0.0064263 secs] [Times: user=0.08 sys=0.01, real=0.00 secs] 
2016-09-25T22:48:59.544-0400: 69.047: [GC (GCLocker Initiated GC) [PSYoungGen: 141504K->60189K(175104K)] 592735K->525338K(699392K), 0.0071667 secs] [Times: user=0.09 sys=0.00, real=0.00 secs] 
2016-09-25T22:48:59.598-0400: 69.102: [GC (GCLocker Initiated GC) [PSYoungGen: 148253K->46842K(175104K)] 625710K->561116K(699392K), 0.0213208 secs] [Times: user=0.29 sys=0.00, real=0.02 secs] 
2016-09-25T22:48:59.620-0400: 69.124: [Full GC (Ergonomics) [PSYoungGen: 46842K->0K(175104K)] [ParOldGen: 514273K->354153K(524288K)] 561116K->354153K(699392K), [Metaspace: 43737K->43737K(1087488K)], 0.0660270 secs] [Times: user=0.43 sys=0.00, real=0.07 secs] 
2016-09-25T22:48:59.728-0400: 69.231: [GC (GCLocker Initiated GC) [PSYoungGen: 88064K->85972K(175104K)] 442286K->440195K(699392K), 0.0078207 secs] [Times: user=0.09 sys=0.00, real=0.01 secs] 
2016-09-25T22:48:59.787-0400: 69.291: [GC (GCLocker Initiated GC) [PSYoungGen: 174036K->60278K(175104K)] 537837K->442123K(699392K), 0.0111263 secs] [Times: user=0.16 sys=0.00, real=0.01 secs] 
2016-09-25T22:48:59.841-0400: 69.344: [GC (GCLocker Initiated GC) [PSYoungGen: 148342K->56105K(175104K)] 535650K->477643K(699392K), 0.0088154 secs] [Times: user=0.12 sys=0.00, real=0.01 secs] 
2016-09-25T22:48:59.882-0400: 69.385: [GC (GCLocker Initiated GC) [PSYoungGen: 144169K->83299K(175104K)] 571159K->512008K(699392K), 0.0118565 secs] [Times: user=0.18 sys=0.01, real=0.01 secs] 
2016-09-25T22:48:59.936-0400: 69.440: [GC (GCLocker Initiated GC) [PSYoungGen: 171363K->75112K(175104K)] 602882K->544879K(699392K), 0.0134055 secs] [Times: user=0.16 sys=0.01, real=0.01 secs] 
2016-09-25T22:48:59.997-0400: 69.501: [GC (GCLocker Initiated GC) [PSYoungGen: 163176K->50786K(175104K)] 633103K->560259K(699392K), 0.0080429 secs] [Times: user=0.11 sys=0.00, real=0.01 secs] 
2016-09-25T22:49:00.005-0400: 69.509: [Full GC (Ergonomics) [PSYoungGen: 50786K->0K(175104K)] [ParOldGen: 509472K->352529K(524288K)] 560259K->352529K(699392K), [Metaspace: 43737K->43737K(1087488K)], 0.0629554 secs] [Times: user=0.59 sys=0.00, real=0.06 secs] 
2016-09-25T22:49:00.109-0400: 69.613: [GC (GCLocker Initiated GC) [PSYoungGen: 88064K->86336K(175104K)] 440668K->438941K(699392K), 0.0104353 secs] [Times: user=0.16 sys=0.00, real=0.01 secs] 
2016-09-25T22:49:00.161-0400: 69.665: [GC (GCLocker Initiated GC) [PSYoungGen: 174400K->64227K(175104K)] 531154K->446066K(699392K), 0.0140454 secs] [Times: user=0.16 sys=0.00, real=0.02 secs] 
2016-09-25T22:49:00.222-0400: 69.726: [GC (GCLocker Initiated GC) [PSYoungGen: 152291K->68326K(175104K)] 534421K->458956K(699392K), 0.0072189 secs] [Times: user=0.07 sys=0.00, real=0.00 secs] 
2016-09-25T22:49:00.286-0400: 69.790: [GC (GCLocker Initiated GC) [PSYoungGen: 156390K->27857K(175104K)] 556583K->452627K(699392K), 0.0060354 secs] [Times: user=0.05 sys=0.00, real=0.00 secs] 
2016-09-25T22:49:00.337-0400: 69.841: [GC (GCLocker Initiated GC) [PSYoungGen: 115921K->73909K(175104K)] 551637K->515586K(699392K), 0.0076618 secs] [Times: user=0.10 sys=0.00, real=0.01 secs] 
2016-09-25T22:49:00.393-0400: 69.896: [GC (GCLocker Initiated GC) [PSYoungGen: 161973K->58952K(175104K)] 613200K->524185K(699392K), 0.0093539 secs] [Times: user=0.12 sys=0.01, real=0.01 secs] 
2016-09-25T22:49:00.443-0400: 69.947: [GC (GCLocker Initiated GC) [PSYoungGen: 147016K->67005K(175104K)] 612285K->551591K(699392K), 0.0129878 secs] [Times: user=0.18 sys=0.00, real=0.01 secs] 
2016-09-25T22:49:00.456-0400: 69.960: [Full GC (Ergonomics) [PSYoungGen: 67005K->0K(175104K)] [ParOldGen: 484585K->357304K(524288K)] 551591K->357304K(699392K), [Metaspace: 43744K->43744K(1087488K)], 0.0629579 secs] [Times: user=0.54 sys=0.00, real=0.06 secs] 
2016-09-25T22:49:00.565-0400: 70.069: [GC (GCLocker Initiated GC) [PSYoungGen: 88064K->71434K(175104K)] 453550K->436920K(699392K), 0.0102597 secs] [Times: user=0.12 sys=0.00, real=0.01 secs] 
2016-09-25T22:49:00.618-0400: 70.122: [GC (Allocation Failure) [PSYoungGen: 159498K->48114K(175104K)] 527783K->422557K(699392K), 0.0059615 secs] [Times: user=0.06 sys=0.00, real=0.01 secs] 
2016-09-25T22:49:00.668-0400: 70.172: [GC (GCLocker Initiated GC) [PSYoungGen: 134110K->49522K(175104K)] 513953K->436660K(699392K), 0.0065141 secs] [Times: user=0.07 sys=0.01, real=0.01 secs] 
2016-09-25T22:49:00.738-0400: 70.242: [GC (GCLocker Initiated GC) [PSYoungGen: 137586K->72453K(175104K)] 527603K->471148K(699392K), 0.0146308 secs] [Times: user=0.21 sys=0.00, real=0.01 secs] 
2016-09-25T22:49:00.832-0400: 70.336: [GC (GCLocker Initiated GC) [PSYoungGen: 160517K->38754K(175104K)] 563330K->460870K(699392K), 0.0080100 secs] [Times: user=0.09 sys=0.01, real=0.01 secs] 
2016-09-25T22:49:00.873-0400: 70.377: [GC (GCLocker Initiated GC) [PSYoungGen: 126818K->72478K(175104K)] 551765K->501986K(699392K), 0.0099083 secs] [Times: user=0.11 sys=0.00, real=0.02 secs] 
2016-09-25T22:49:00.949-0400: 70.453: [GC (GCLocker Initiated GC) [PSYoungGen: 160542K->38818K(175104K)] 601066K->512274K(699392K), 0.0182741 secs] [Times: user=0.19 sys=0.01, real=0.02 secs] 
2016-09-25T22:49:01.046-0400: 70.550: [Full GC (Ergonomics) [PSYoungGen: 126882K->0K(175104K)] [ParOldGen: 484494K->360064K(524288K)] 611377K->360064K(699392K), [Metaspace: 43750K->43750K(1087488K)], 0.0676493 secs] [Times: user=0.45 sys=0.02, real=0.06 secs] 
2016-09-25T22:49:01.182-0400: 70.686: [GC (GCLocker Initiated GC) [PSYoungGen: 88064K->54032K(175104K)] 450863K->416832K(699392K), 0.0106056 secs] [Times: user=0.09 sys=0.02, real=0.00 secs] 
2016-09-25T22:49:01.252-0400: 70.755: [GC (GCLocker Initiated GC) [PSYoungGen: 142096K->67295K(175104K)] 505115K->443414K(699392K), 0.0098686 secs] [Times: user=0.12 sys=0.02, real=0.01 secs] 
2016-09-25T22:49:01.307-0400: 70.811: [GC (GCLocker Initiated GC) [PSYoungGen: 155359K->56541K(175104K)] 536346K->465289K(699392K), 0.0123460 secs] [Times: user=0.16 sys=0.00, real=0.01 secs] 
2016-09-25T22:49:01.386-0400: 70.890: [GC (GCLocker Initiated GC) [PSYoungGen: 144605K->63463K(175104K)] 558964K->483858K(699392K), 0.0139852 secs] [Times: user=0.16 sys=0.01, real=0.01 secs] 
2016-09-25T22:49:01.457-0400: 70.961: [GC (GCLocker Initiated GC) [PSYoungGen: 151527K->50967K(175104K)] 576111K->479011K(699392K), 0.0060726 secs] [Times: user=0.05 sys=0.00, real=0.01 secs] 
2016-09-25T22:49:01.507-0400: 71.011: [GC (GCLocker Initiated GC) [PSYoungGen: 139031K->63086K(175104K)] 569872K->543233K(699392K), 0.0100172 secs] [Times: user=0.15 sys=0.00, real=0.01 secs] 
2016-09-25T22:49:01.518-0400: 71.021: [Full GC (Ergonomics) [PSYoungGen: 63086K->0K(175104K)] [ParOldGen: 480146K->362580K(524288K)] 543233K->362580K(699392K), [Metaspace: 43750K->43750K(1087488K)], 0.0807209 secs] [Times: user=0.64 sys=0.01, real=0.08 secs] 
2016-09-25T22:49:01.671-0400: 71.175: [GC (GCLocker Initiated GC) [PSYoungGen: 88064K->59578K(147968K)] 457516K->429030K(672256K), 0.0133753 secs] [Times: user=0.20 sys=0.00, real=0.02 secs] 
2016-09-25T22:49:01.720-0400: 71.224: [GC (GCLocker Initiated GC) [PSYoungGen: 147642K->77006K(169984K)] 517179K->475941K(694272K), 0.0094022 secs] [Times: user=0.15 sys=0.00, real=0.01 secs] 
2016-09-25T22:49:01.799-0400: 71.302: [GC (GCLocker Initiated GC) [PSYoungGen: 162510K->30372K(172544K)] 564168K->466662K(696832K), 0.0136462 secs] [Times: user=0.12 sys=0.01, real=0.01 secs] 
2016-09-25T22:49:01.875-0400: 71.379: [GC (GCLocker Initiated GC) [PSYoungGen: 115876K->62116K(175104K)] 555108K->507180K(699392K), 0.0155092 secs] [Times: user=0.20 sys=0.00, real=0.01 secs] 
2016-09-25T22:49:01.934-0400: 71.438: [GC (GCLocker Initiated GC) [PSYoungGen: 150180K->65942K(175104K)] 603854K->524656K(699392K), 0.0068765 secs] [Times: user=0.08 sys=0.00, real=0.00 secs] 
2016-09-25T22:49:01.996-0400: 71.500: [GC (GCLocker Initiated GC) [PSYoungGen: 154006K->61653K(175104K)] 615479K->529188K(699392K), 0.0100170 secs] [Times: user=0.16 sys=0.00, real=0.01 secs] 
2016-09-25T22:49:02.066-0400: 71.569: [GC (GCLocker Initiated GC) [PSYoungGen: 149717K->82364K(175104K)] 620027K->558481K(699392K), 0.0118915 secs] [Times: user=0.17 sys=0.00, real=0.01 secs] 
2016-09-25T22:49:02.127-0400: 71.631: [Full GC (Ergonomics) [PSYoungGen: 170428K->0K(175104K)] [ParOldGen: 484309K->369275K(524288K)] 654737K->369275K(699392K), [Metaspace: 43757K->43757K(1087488K)], 0.0541230 secs] [Times: user=0.45 sys=0.00, real=0.05 secs] 
2016-09-25T22:49:02.242-0400: 71.746: [GC (GCLocker Initiated GC) [PSYoungGen: 88064K->63889K(175104K)] 460205K->436031K(699392K), 0.0065546 secs] [Times: user=0.09 sys=0.00, real=0.01 secs] 
2016-09-25T22:49:02.289-0400: 71.793: [GC (GCLocker Initiated GC) [PSYoungGen: 151953K->65005K(175104K)] 524188K->450731K(699392K), 0.0075799 secs] [Times: user=0.12 sys=0.00, real=0.01 secs] 
2016-09-25T22:49:02.356-0400: 71.860: [GC (GCLocker Initiated GC) [PSYoungGen: 153069K->63620K(174080K)] 544366K->469512K(698368K), 0.0094668 secs] [Times: user=0.14 sys=0.00, real=0.01 secs] 
2016-09-25T22:49:02.420-0400: 71.924: [GC (GCLocker Initiated GC) [PSYoungGen: 151684K->62244K(150528K)] 559182K->484198K(674816K), 0.0099129 secs] [Times: user=0.15 sys=0.00, real=0.01 secs] 
2016-09-25T22:49:02.491-0400: 71.995: [GC (GCLocker Initiated GC) [PSYoungGen: 150308K->52570K(174592K)] 584741K->493401K(698880K), 0.0133495 secs] [Times: user=0.14 sys=0.00, real=0.02 secs] 
2016-09-25T22:49:02.557-0400: 72.061: [GC (GCLocker Initiated GC) [PSYoungGen: 142682K->60603K(174080K)] 586223K->513218K(698368K), 0.0066377 secs] [Times: user=0.08 sys=0.00, real=0.01 secs] 
2016-09-25T22:49:02.614-0400: 72.117: [GC (GCLocker Initiated GC) [PSYoungGen: 150715K->71616K(174080K)] 609391K->532365K(698368K), 0.0076326 secs] [Times: user=0.09 sys=0.01, real=0.01 secs] 
2016-09-25T22:49:02.675-0400: 72.179: [GC (GCLocker Initiated GC) [PSYoungGen: 163776K->63301K(175616K)] 627369K->534556K(699904K), 0.0133666 secs] [Times: user=0.15 sys=0.00, real=0.01 secs] 
2016-09-25T22:49:02.741-0400: 72.245: [GC (GCLocker Initiated GC) [PSYoungGen: 155461K->71533K(177152K)] 629700K->569523K(701440K), 0.0088714 secs] [Times: user=0.15 sys=0.00, real=0.01 secs] 
2016-09-25T22:49:02.750-0400: 72.254: [Full GC (Ergonomics) [PSYoungGen: 71533K->0K(177152K)] [ParOldGen: 497990K->371086K(524288K)] 569523K->371086K(701440K), [Metaspace: 43757K->43757K(1087488K)], 0.0704485 secs] [Times: user=0.49 sys=0.02, real=0.07 secs] 
2016-09-25T22:49:02.879-0400: 72.383: [GC (GCLocker Initiated GC) [PSYoungGen: 95232K->73737K(169472K)] 466342K->444847K(693760K), 0.0116501 secs] [Times: user=0.11 sys=0.00, real=0.01 secs] 
2016-09-25T22:49:02.950-0400: 72.454: [GC (GCLocker Initiated GC) [PSYoungGen: 168969K->77341K(173056K)] 543789K->464836K(697344K), 0.0128393 secs] [Times: user=0.08 sys=0.01, real=0.02 secs] 
2016-09-25T22:49:03.016-0400: 72.520: [GC (GCLocker Initiated GC) [PSYoungGen: 165405K->63623K(175104K)] 555712K->482194K(699392K), 0.0081812 secs] [Times: user=0.13 sys=0.00, real=0.01 secs] 
2016-09-25T22:49:03.073-0400: 72.577: [GC (GCLocker Initiated GC) [PSYoungGen: 151687K->72132K(175104K)] 573068K->516196K(699392K), 0.0087895 secs] [Times: user=0.11 sys=0.00, real=0.02 secs] 
2016-09-25T22:49:03.131-0400: 72.635: [GC (GCLocker Initiated GC) [PSYoungGen: 161220K->76366K(165888K)] 606652K->549999K(690176K), 0.0116003 secs] [Times: user=0.19 sys=0.00, real=0.02 secs] 
2016-09-25T22:49:03.200-0400: 72.704: [GC (GCLocker Initiated GC) [PSYoungGen: 165454K->66133K(175616K)] 642408K->556830K(699904K), 0.0115273 secs] [Times: user=0.18 sys=0.00, real=0.01 secs] 
2016-09-25T22:49:03.212-0400: 72.715: [Full GC (Ergonomics) [PSYoungGen: 66133K->0K(175616K)] [ParOldGen: 490696K->374577K(524288K)] 556830K->374577K(699904K), [Metaspace: 43759K->43759K(1087488K)], 0.0586801 secs] [Times: user=0.54 sys=0.00, real=0.06 secs] 
2016-09-25T22:49:03.329-0400: 72.833: [GC (GCLocker Initiated GC) [PSYoungGen: 88576K->58897K(147968K)] 463721K->434042K(672256K), 0.0060233 secs] [Times: user=0.08 sys=0.00, real=0.01 secs] 
2016-09-25T22:49:03.377-0400: 72.881: [GC (GCLocker Initiated GC) [PSYoungGen: 147473K->81513K(173568K)] 525471K->478826K(697856K), 0.0109399 secs] [Times: user=0.14 sys=0.00, real=0.01 secs] 
2016-09-25T22:49:03.444-0400: 72.948: [GC (GCLocker Initiated GC) [PSYoungGen: 169065K->70674K(174592K)] 569527K->490124K(698880K), 0.0106765 secs] [Times: user=0.12 sys=0.02, real=0.01 secs] 
2016-09-25T22:49:03.503-0400: 73.007: [GC (GCLocker Initiated GC) [PSYoungGen: 158226K->62395K(175104K)] 585516K->509896K(699392K), 0.0104915 secs] [Times: user=0.15 sys=0.00, real=0.00 secs] 
2016-09-25T22:49:03.565-0400: 73.068: [GC (GCLocker Initiated GC) [PSYoungGen: 150459K->60870K(148992K)] 600705K->514949K(673280K), 0.0064219 secs] [Times: user=0.06 sys=0.01, real=0.00 secs] 
2016-09-25T22:49:03.623-0400: 73.127: [GC (GCLocker Initiated GC) [PSYoungGen: 148934K->86429K(174080K)] 603567K->559666K(698368K), 0.0108243 secs] [Times: user=0.12 sys=0.00, real=0.00 secs] 
2016-09-25T22:49:03.693-0400: 73.197: [GC (GCLocker Initiated GC) [PSYoungGen: 173981K->57070K(174592K)] 654121K->569036K(698880K), 0.0077440 secs] [Times: user=0.11 sys=0.00, real=0.01 secs] 
2016-09-25T22:49:03.701-0400: 73.205: [Full GC (Ergonomics) [PSYoungGen: 57070K->0K(174592K)] [ParOldGen: 511965K->380738K(524288K)] 569036K->380738K(698880K), [Metaspace: 43759K->43759K(1087488K)], 0.0680688 secs] [Times: user=0.54 sys=0.01, real=0.07 secs] 
2016-09-25T22:49:03.832-0400: 73.336: [GC (GCLocker Initiated GC) [PSYoungGen: 87552K->76544K(175104K)] 468641K->457634K(699392K), 0.0150173 secs] [Times: user=0.21 sys=0.01, real=0.02 secs] 
2016-09-25T22:49:03.897-0400: 73.401: [GC (GCLocker Initiated GC) [PSYoungGen: 164608K->48776K(175104K)] 548534K->461472K(699392K), 0.0116381 secs] [Times: user=0.08 sys=0.00, real=0.01 secs] 
2016-09-25T22:49:03.971-0400: 73.475: [GC (GCLocker Initiated GC) [PSYoungGen: 136840K->46343K(175104K)] 552317K->481999K(699392K), 0.0117568 secs] [Times: user=0.08 sys=0.00, real=0.02 secs] 
2016-09-25T22:49:04.042-0400: 73.545: [GC (GCLocker Initiated GC) [PSYoungGen: 134407K->61432K(175104K)] 573419K->503183K(699392K), 0.0194867 secs] [Times: user=0.14 sys=0.01, real=0.02 secs] 
2016-09-25T22:49:04.124-0400: 73.628: [GC (GCLocker Initiated GC) [PSYoungGen: 149496K->57012K(175104K)] 598957K->510853K(699392K), 0.0102036 secs] [Times: user=0.08 sys=0.00, real=0.01 secs] 
2016-09-25T22:49:04.190-0400: 73.694: [GC (GCLocker Initiated GC) [PSYoungGen: 145076K->49700K(175104K)] 598960K->525128K(699392K), 0.0082564 secs] [Times: user=0.07 sys=0.01, real=0.01 secs] 
2016-09-25T22:49:04.248-0400: 73.752: [GC (GCLocker Initiated GC) [PSYoungGen: 137764K->85555K(175104K)] 616383K->568981K(699392K), 0.0086174 secs] [Times: user=0.11 sys=0.01, real=0.01 secs] 
2016-09-25T22:49:04.319-0400: 73.823: [Full GC (Ergonomics) [PSYoungGen: 173619K->0K(175104K)] [ParOldGen: 486211K->390290K(524288K)] 659831K->390290K(699392K), [Metaspace: 43759K->43759K(1087488K)], 0.0671726 secs] [Times: user=0.54 sys=0.00, real=0.07 secs] 
2016-09-25T22:49:04.443-0400: 73.947: [GC (GCLocker Initiated GC) [PSYoungGen: 88064K->72865K(175104K)] 478475K->463277K(699392K), 0.0066608 secs] [Times: user=0.09 sys=0.01, real=0.00 secs] 
2016-09-25T22:49:04.504-0400: 74.008: [GC (GCLocker Initiated GC) [PSYoungGen: 160929K->49197K(175104K)] 556943K->462242K(699392K), 0.0109226 secs] [Times: user=0.11 sys=0.01, real=0.01 secs] 
2016-09-25T22:49:04.565-0400: 74.069: [GC (GCLocker Initiated GC) [PSYoungGen: 137261K->77683K(175104K)] 553127K->501870K(699392K), 0.0105787 secs] [Times: user=0.12 sys=0.01, real=0.01 secs] 
2016-09-25T22:49:04.626-0400: 74.130: [GC (GCLocker Initiated GC) [PSYoungGen: 165747K->71160K(175104K)] 590010K->513198K(699392K), 0.0114510 secs] [Times: user=0.13 sys=0.01, real=0.01 secs] 
2016-09-25T22:49:04.703-0400: 74.207: [GC (GCLocker Initiated GC) [PSYoungGen: 159224K->42440K(175104K)] 621693K->515914K(699392K), 0.0087269 secs] [Times: user=0.11 sys=0.00, real=0.00 secs] 
2016-09-25T22:49:04.773-0400: 74.277: [GC (GCLocker Initiated GC) [PSYoungGen: 130504K->40988K(175104K)] 613639K->530959K(699392K), 0.0067098 secs] [Times: user=0.10 sys=0.00, real=0.01 secs] 
2016-09-25T22:49:04.819-0400: 74.322: [GC (GCLocker Initiated GC) [PSYoungGen: 129052K->78164K(175104K)] 619259K->573787K(699392K), 0.0111363 secs] [Times: user=0.13 sys=0.00, real=0.01 secs] 
2016-09-25T22:49:04.830-0400: 74.334: [Full GC (Ergonomics) [PSYoungGen: 78164K->0K(175104K)] [ParOldGen: 495622K->402220K(524288K)] 573787K->402220K(699392K), [Metaspace: 43759K->43759K(1087488K)], 0.0601333 secs] [Times: user=0.46 sys=0.02, real=0.06 secs] 
2016-09-25T22:49:04.943-0400: 74.447: [GC (GCLocker Initiated GC) [PSYoungGen: 88064K->68600K(175104K)] 491661K->472206K(699392K), 0.0185315 secs] [Times: user=0.23 sys=0.00, real=0.01 secs] 
2016-09-25T22:49:05.035-0400: 74.539: [GC (GCLocker Initiated GC) [PSYoungGen: 156664K->18698K(175104K)] 575814K->458834K(699392K), 0.0189967 secs] [Times: user=0.18 sys=0.00, real=0.02 secs] 
2016-09-25T22:49:05.111-0400: 74.615: [GC (GCLocker Initiated GC) [PSYoungGen: 106762K->70633K(175104K)] 553333K->526052K(699392K), 0.0101866 secs] [Times: user=0.08 sys=0.01, real=0.01 secs] 
2016-09-25T22:49:05.168-0400: 74.671: [GC (GCLocker Initiated GC) [PSYoungGen: 158697K->59257K(175104K)] 616914K->537781K(699392K), 0.0139115 secs] [Times: user=0.09 sys=0.00, real=0.01 secs] 
2016-09-25T22:49:05.224-0400: 74.728: [GC (GCLocker Initiated GC) [PSYoungGen: 147321K->64133K(175104K)] 631328K->567982K(699392K), 0.0087709 secs] [Times: user=0.10 sys=0.00, real=0.00 secs] 
2016-09-25T22:49:05.233-0400: 74.737: [Full GC (Ergonomics) [PSYoungGen: 64133K->0K(175104K)] [ParOldGen: 503849K->409427K(524288K)] 567982K->409427K(699392K), [Metaspace: 43766K->43766K(1087488K)], 0.0527172 secs] [Times: user=0.42 sys=0.00, real=0.06 secs] 
2016-09-25T22:49:05.345-0400: 74.849: [GC (GCLocker Initiated GC) [PSYoungGen: 88064K->55552K(175104K)] 505814K->473302K(699392K), 0.0098617 secs] [Times: user=0.08 sys=0.00, real=0.01 secs] 
2016-09-25T22:49:05.421-0400: 74.925: [GC (GCLocker Initiated GC) [PSYoungGen: 143616K->57172K(175104K)] 568207K->501918K(699392K), 0.0148247 secs] [Times: user=0.20 sys=0.01, real=0.02 secs] 
2016-09-25T22:49:05.489-0400: 74.993: [GC (GCLocker Initiated GC) [PSYoungGen: 145236K->56760K(175104K)] 595974K->535839K(699392K), 0.0082982 secs] [Times: user=0.11 sys=0.00, real=0.01 secs] 
2016-09-25T22:49:05.534-0400: 75.038: [GC (GCLocker Initiated GC) [PSYoungGen: 144824K->73081K(175104K)] 626718K->572117K(699392K), 0.0089485 secs] [Times: user=0.08 sys=0.00, real=0.01 secs] 
2016-09-25T22:49:05.543-0400: 75.047: [Full GC (Ergonomics) [PSYoungGen: 73081K->0K(175104K)] [ParOldGen: 499036K->410467K(524288K)] 572117K->410467K(699392K), [Metaspace: 43766K->43766K(1087488K)], 0.0806447 secs] [Times: user=0.55 sys=0.02, real=0.08 secs] 
2016-09-25T22:49:05.694-0400: 75.197: [GC (GCLocker Initiated GC) [PSYoungGen: 88064K->74614K(175104K)] 503999K->490549K(699392K), 0.0070592 secs] [Times: user=0.09 sys=0.01, real=0.01 secs] 
2016-09-25T22:49:05.751-0400: 75.254: [GC (GCLocker Initiated GC) [PSYoungGen: 162678K->82856K(175104K)] 581802K->510004K(699392K), 0.0083102 secs] [Times: user=0.13 sys=0.00, real=0.01 secs] 
2016-09-25T22:49:05.827-0400: 75.331: [GC (GCLocker Initiated GC) [PSYoungGen: 170920K->63516K(175104K)] 602763K->526420K(699392K), 0.0136027 secs] [Times: user=0.19 sys=0.00, real=0.01 secs] 
2016-09-25T22:49:05.910-0400: 75.414: [GC (GCLocker Initiated GC) [PSYoungGen: 151580K->48316K(175104K)] 614736K->521846K(699392K), 0.0068621 secs] [Times: user=0.06 sys=0.01, real=0.01 secs] 
2016-09-25T22:49:05.962-0400: 75.466: [GC (GCLocker Initiated GC) [PSYoungGen: 136380K->60167K(175104K)] 611266K->550689K(699392K), 0.0078939 secs] [Times: user=0.11 sys=0.00, real=0.01 secs] 
2016-09-25T22:49:05.970-0400: 75.474: [Full GC (Ergonomics) [PSYoungGen: 60167K->0K(175104K)] [ParOldGen: 490521K->406816K(524288K)] 550689K->406816K(699392K), [Metaspace: 43766K->43766K(1087488K)], 0.0902221 secs] [Times: user=0.76 sys=0.02, real=0.09 secs] 
2016-09-25T22:49:06.127-0400: 75.631: [GC (GCLocker Initiated GC) [PSYoungGen: 88064K->66208K(175104K)] 496439K->474584K(699392K), 0.0091674 secs] [Times: user=0.14 sys=0.00, real=0.01 secs] 
2016-09-25T22:49:06.187-0400: 75.691: [GC (GCLocker Initiated GC) [PSYoungGen: 154272K->78431K(175104K)] 562734K->505463K(699392K), 0.0121265 secs] [Times: user=0.19 sys=0.00, real=0.01 secs] 
2016-09-25T22:49:06.283-0400: 75.787: [GC (GCLocker Initiated GC) [PSYoungGen: 166495K->61429K(175104K)] 603001K->523313K(699392K), 0.0096382 secs] [Times: user=0.15 sys=0.00, real=0.00 secs] 
2016-09-25T22:49:06.338-0400: 75.842: [GC (GCLocker Initiated GC) [PSYoungGen: 149493K->71941K(175104K)] 612796K->540819K(699392K), 0.0076527 secs] [Times: user=0.12 sys=0.01, real=0.01 secs] 
2016-09-25T22:49:06.409-0400: 75.913: [GC (GCLocker Initiated GC) [PSYoungGen: 160005K->48771K(175104K)] 628908K->544546K(699392K), 0.0111599 secs] [Times: user=0.13 sys=0.01, real=0.01 secs] 
2016-09-25T22:49:06.421-0400: 75.924: [Full GC (Ergonomics) [PSYoungGen: 48771K->0K(175104K)] [ParOldGen: 495774K->405659K(524288K)] 544546K->405659K(699392K), [Metaspace: 43766K->43766K(1087488K)], 0.0800995 secs] [Times: user=0.65 sys=0.00, real=0.08 secs] 
2016-09-25T22:49:06.533-0400: 76.037: [GC (GCLocker Initiated GC) [PSYoungGen: 88064K->79159K(175104K)] 495203K->486299K(699392K), 0.0076089 secs] [Times: user=0.10 sys=0.00, real=0.01 secs] 
2016-09-25T22:49:06.589-0400: 76.093: [GC (GCLocker Initiated GC) [PSYoungGen: 167223K->61146K(175104K)] 577507K->505556K(699392K), 0.0132495 secs] [Times: user=0.14 sys=0.01, real=0.02 secs] 
2016-09-25T22:49:06.668-0400: 76.172: [GC (GCLocker Initiated GC) [PSYoungGen: 149210K->64066K(175104K)] 596461K->536844K(699392K), 0.0119494 secs] [Times: user=0.14 sys=0.00, real=0.01 secs] 
2016-09-25T22:49:06.737-0400: 76.240: [GC (GCLocker Initiated GC) [PSYoungGen: 152130K->84476K(175104K)] 625042K->585878K(699392K), 0.0099536 secs] [Times: user=0.16 sys=0.00, real=0.01 secs] 
2016-09-25T22:49:06.747-0400: 76.250: [Full GC (Ergonomics) [PSYoungGen: 84476K->0K(175104K)] [ParOldGen: 501401K->420264K(524288K)] 585878K->420264K(699392K), [Metaspace: 43766K->43766K(1087488K)], 0.0532341 secs] [Times: user=0.49 sys=0.00, real=0.05 secs] 
2016-09-25T22:49:06.872-0400: 76.376: [GC (GCLocker Initiated GC) [PSYoungGen: 88064K->60753K(175104K)] 508798K->481487K(699392K), 0.0139417 secs] [Times: user=0.14 sys=0.01, real=0.02 secs] 
2016-09-25T22:49:06.945-0400: 76.449: [GC (GCLocker Initiated GC) [PSYoungGen: 148817K->72167K(175104K)] 572399K->514184K(699392K), 0.0111766 secs] [Times: user=0.15 sys=0.00, real=0.01 secs] 
2016-09-25T22:49:07.006-0400: 76.510: [GC (GCLocker Initiated GC) [PSYoungGen: 160231K->59919K(175104K)] 608524K->527245K(699392K), 0.0097974 secs] [Times: user=0.11 sys=0.01, real=0.01 secs] 
2016-09-25T22:49:07.076-0400: 76.579: [Full GC (Ergonomics) [PSYoungGen: 147983K->0K(175104K)] [ParOldGen: 485336K->416983K(524288K)] 633319K->416983K(699392K), [Metaspace: 43766K->43766K(1087488K)], 0.1280575 secs] [Times: user=1.47 sys=0.02, real=0.13 secs] 
2016-09-25T22:49:07.266-0400: 76.770: [GC (GCLocker Initiated GC) [PSYoungGen: 88064K->68513K(175104K)] 513878K->494328K(699392K), 0.0147578 secs] [Times: user=0.20 sys=0.00, real=0.01 secs] 
2016-09-25T22:49:07.348-0400: 76.851: [GC (GCLocker Initiated GC) [PSYoungGen: 156577K->53958K(175104K)] 592042K->511572K(699392K), 0.0071271 secs] [Times: user=0.09 sys=0.00, real=0.01 secs] 
2016-09-25T22:49:07.406-0400: 76.910: [GC (GCLocker Initiated GC) [PSYoungGen: 142022K->75987K(175104K)] 600035K->544239K(699392K), 0.0114435 secs] [Times: user=0.09 sys=0.01, real=0.01 secs] 
2016-09-25T22:49:07.479-0400: 76.983: [GC (GCLocker Initiated GC) [PSYoungGen: 164051K->66140K(175104K)] 633659K->549279K(699392K), 0.0068843 secs] [Times: user=0.10 sys=0.00, real=0.01 secs] 
2016-09-25T22:49:07.529-0400: 77.033: [GC (GCLocker Initiated GC) [PSYoungGen: 154204K->66305K(173056K)] 637445K->569310K(697344K), 0.0114114 secs] [Times: user=0.13 sys=0.01, real=0.01 secs] 
2016-09-25T22:49:07.541-0400: 77.045: [Full GC (Ergonomics) [PSYoungGen: 66305K->0K(173056K)] [ParOldGen: 503005K->420976K(524288K)] 569310K->420976K(697344K), [Metaspace: 43766K->43766K(1087488K)], 0.0567975 secs] [Times: user=0.41 sys=0.00, real=0.06 secs] 
2016-09-25T22:49:07.654-0400: 77.157: [GC (GCLocker Initiated GC) [PSYoungGen: 88064K->77476K(174080K)] 515896K->505309K(698368K), 0.0091595 secs] [Times: user=0.13 sys=0.00, real=0.02 secs] 
2016-09-25T22:49:07.721-0400: 77.225: [GC (GCLocker Initiated GC) [PSYoungGen: 165540K->69072K(175104K)] 596172K->520024K(699392K), 0.0096521 secs] [Times: user=0.14 sys=0.00, real=0.01 secs] 
2016-09-25T22:49:07.791-0400: 77.295: [GC (GCLocker Initiated GC) [PSYoungGen: 157136K->83556K(175104K)] 613592K->540013K(699392K), 0.0091577 secs] [Times: user=0.14 sys=0.00, real=0.01 secs] 
2016-09-25T22:49:07.845-0400: 77.349: [GC (GCLocker Initiated GC) [PSYoungGen: 171620K->60873K(175104K)] 633494K->549099K(699392K), 0.0103831 secs] [Times: user=0.14 sys=0.01, real=0.01 secs] 
2016-09-25T22:49:07.856-0400: 77.359: [Full GC (Ergonomics) [PSYoungGen: 60873K->0K(175104K)] [ParOldGen: 488225K->424165K(524288K)] 549099K->424165K(699392K), [Metaspace: 43766K->43766K(1087488K)], 0.0565439 secs] [Times: user=0.53 sys=0.00, real=0.05 secs] 
2016-09-25T22:49:07.978-0400: 77.482: [GC (GCLocker Initiated GC) [PSYoungGen: 88064K->64230K(175104K)] 518424K->494591K(699392K), 0.0080839 secs] [Times: user=0.08 sys=0.01, real=0.01 secs] 
2016-09-25T22:49:08.022-0400: 77.525: [GC (GCLocker Initiated GC) [PSYoungGen: 152294K->86351K(175104K)] 582694K->531884K(699392K), 0.0123963 secs] [Times: user=0.18 sys=0.01, real=0.02 secs] 
2016-09-25T22:49:08.094-0400: 77.598: [GC (GCLocker Initiated GC) [PSYoungGen: 174415K->77075K(175104K)] 622801K->553214K(699392K), 0.0086463 secs] [Times: user=0.13 sys=0.00, real=0.01 secs] 
2016-09-25T22:49:08.169-0400: 77.673: [GC (GCLocker Initiated GC) [PSYoungGen: 165139K->58181K(175104K)] 644017K->565062K(699392K), 0.0098572 secs] [Times: user=0.16 sys=0.00, real=0.01 secs] 
2016-09-25T22:49:08.179-0400: 77.683: [Full GC (Ergonomics) [PSYoungGen: 58181K->0K(175104K)] [ParOldGen: 506881K->421582K(524288K)] 565062K->421582K(699392K), [Metaspace: 43766K->43766K(1087488K)], 0.0577372 secs] [Times: user=0.56 sys=0.00, real=0.06 secs] 
2016-09-25T22:49:08.286-0400: 77.789: [GC (Allocation Failure) [PSYoungGen: 88064K->85940K(175104K)] 511062K->508939K(699392K), 0.0074823 secs] [Times: user=0.10 sys=0.01, real=0.00 secs] 
2016-09-25T22:49:08.344-0400: 77.848: [GC (GCLocker Initiated GC) [PSYoungGen: 173689K->66405K(175104K)] 602087K->522218K(699392K), 0.0084059 secs] [Times: user=0.13 sys=0.00, real=0.00 secs] 
2016-09-25T22:49:08.404-0400: 77.908: [GC (GCLocker Initiated GC) [PSYoungGen: 154469K->66326K(175104K)] 613106K->539500K(699392K), 0.0098609 secs] [Times: user=0.09 sys=0.00, real=0.00 secs] 
2016-09-25T22:49:08.484-0400: 77.988: [Full GC (Ergonomics) [PSYoungGen: 154390K->0K(175104K)] [ParOldGen: 485467K->432395K(524288K)] 639857K->432395K(699392K), [Metaspace: 43766K->43766K(1087488K)], 0.0644339 secs] [Times: user=0.56 sys=0.01, real=0.06 secs] 
2016-09-25T22:49:08.605-0400: 78.109: [GC (GCLocker Initiated GC) [PSYoungGen: 88064K->72343K(175104K)] 528806K->513085K(699392K), 0.0071411 secs] [Times: user=0.10 sys=0.01, real=0.00 secs] 
2016-09-25T22:49:08.672-0400: 78.176: [GC (GCLocker Initiated GC) [PSYoungGen: 160407K->56478K(175104K)] 606595K->516471K(699392K), 0.0079300 secs] [Times: user=0.12 sys=0.00, real=0.01 secs] 
2016-09-25T22:49:08.734-0400: 78.238: [GC (GCLocker Initiated GC) [PSYoungGen: 144542K->67693K(175104K)] 612899K->548840K(699392K), 0.0079624 secs] [Times: user=0.12 sys=0.00, real=0.01 secs] 
2016-09-25T22:49:08.780-0400: 78.284: [GC (GCLocker Initiated GC) [PSYoungGen: 155757K->54022K(175104K)] 638309K->553773K(699392K), 0.0069311 secs] [Times: user=0.09 sys=0.01, real=0.01 secs] 
2016-09-25T22:49:08.787-0400: 78.291: [Full GC (Ergonomics) [PSYoungGen: 54022K->0K(175104K)] [ParOldGen: 499751K->429287K(524288K)] 553773K->429287K(699392K), [Metaspace: 43766K->43766K(1087488K)], 0.0685769 secs] [Times: user=0.53 sys=0.00, real=0.07 secs] 
2016-09-25T22:49:08.908-0400: 78.412: [GC (GCLocker Initiated GC) [PSYoungGen: 88064K->62967K(175104K)] 521460K->496363K(699392K), 0.0104623 secs] [Times: user=0.13 sys=0.00, real=0.01 secs] 
2016-09-25T22:49:08.964-0400: 78.467: [GC (GCLocker Initiated GC) [PSYoungGen: 151031K->48212K(175104K)] 588497K->490067K(699392K), 0.0108722 secs] [Times: user=0.07 sys=0.00, real=0.01 secs] 
2016-09-25T22:49:09.020-0400: 78.524: [GC (GCLocker Initiated GC) [PSYoungGen: 136276K->64321K(175104K)] 582029K->521492K(699392K), 0.0073462 secs] [Times: user=0.10 sys=0.01, real=0.01 secs] 
2016-09-25T22:49:09.071-0400: 78.575: [GC (GCLocker Initiated GC) [PSYoungGen: 152385K->76797K(175104K)] 616527K->545400K(699392K), 0.0096508 secs] [Times: user=0.14 sys=0.00, real=0.01 secs] 
2016-09-25T22:49:09.130-0400: 78.634: [GC (GCLocker Initiated GC) [PSYoungGen: 164861K->67094K(175104K)] 633649K->554085K(699392K), 0.0107063 secs] [Times: user=0.16 sys=0.01, real=0.01 secs] 
2016-09-25T22:49:09.183-0400: 78.687: [GC (GCLocker Initiated GC) [PSYoungGen: 155158K->60504K(148992K)] 642404K->579272K(673280K), 0.0111083 secs] [Times: user=0.14 sys=0.00, real=0.01 secs] 
2016-09-25T22:49:09.195-0400: 78.699: [Full GC (Ergonomics) [PSYoungGen: 60504K->0K(148992K)] [ParOldGen: 518767K->434493K(524288K)] 579272K->434493K(673280K), [Metaspace: 43766K->43766K(1087488K)], 0.0545723 secs] [Times: user=0.54 sys=0.01, real=0.05 secs] 
2016-09-25T22:49:09.294-0400: 78.798: [GC (GCLocker Initiated GC) [PSYoungGen: 88064K->40197K(174080K)] 528119K->480253K(698368K), 0.0097887 secs] [Times: user=0.04 sys=0.00, real=0.01 secs] 
2016-09-25T22:49:09.354-0400: 78.857: [GC (GCLocker Initiated GC) [PSYoungGen: 127749K->67474K(174592K)] 573294K->529978K(698880K), 0.0075374 secs] [Times: user=0.10 sys=0.00, real=0.01 secs] 
2016-09-25T22:49:09.415-0400: 78.918: [GC (GCLocker Initiated GC) [PSYoungGen: 155026K->54808K(175104K)] 625713K->550671K(699392K), 0.0102531 secs] [Times: user=0.12 sys=0.00, real=0.01 secs] 
2016-09-25T22:49:09.425-0400: 78.929: [Full GC (Ergonomics) [PSYoungGen: 54808K->0K(175104K)] [ParOldGen: 495863K->432581K(524288K)] 550671K->432581K(699392K), [Metaspace: 43766K->43766K(1087488K)], 0.0697412 secs] [Times: user=0.68 sys=0.01, real=0.07 secs] 
2016-09-25T22:49:09.546-0400: 79.050: [GC (GCLocker Initiated GC) [PSYoungGen: 88064K->75914K(175104K)] 523475K->511325K(699392K), 0.0107319 secs] [Times: user=0.14 sys=0.01, real=0.01 secs] 
2016-09-25T22:49:09.603-0400: 79.107: [GC (GCLocker Initiated GC) [PSYoungGen: 163978K->61782K(175104K)] 602350K->526989K(699392K), 0.0079663 secs] [Times: user=0.08 sys=0.01, real=0.00 secs] 
2016-09-25T22:49:09.662-0400: 79.165: [GC (GCLocker Initiated GC) [PSYoungGen: 149846K->63099K(151552K)] 615173K->551880K(675840K), 0.0078207 secs] [Times: user=0.11 sys=0.00, real=0.01 secs] 
2016-09-25T22:49:09.670-0400: 79.173: [Full GC (Ergonomics) [PSYoungGen: 63099K->0K(151552K)] [ParOldGen: 488781K->433666K(524288K)] 551880K->433666K(675840K), [Metaspace: 43766K->43766K(1087488K)], 0.0636678 secs] [Times: user=0.54 sys=0.00, real=0.06 secs] 
2016-09-25T22:49:09.781-0400: 79.285: [GC (GCLocker Initiated GC) [PSYoungGen: 88064K->72875K(171520K)] 522052K->506863K(695808K), 0.0065552 secs] [Times: user=0.10 sys=0.00, real=0.01 secs] 
2016-09-25T22:49:09.830-0400: 79.334: [GC (GCLocker Initiated GC) [PSYoungGen: 159403K->84095K(173056K)] 597522K->524915K(697344K), 0.0082565 secs] [Times: user=0.10 sys=0.01, real=0.01 secs] 
2016-09-25T22:49:09.901-0400: 79.405: [GC (GCLocker Initiated GC) [PSYoungGen: 170623K->65987K(175104K)] 612949K->510419K(699392K), 0.0220047 secs] [Times: user=0.28 sys=0.00, real=0.03 secs] 
2016-09-25T22:49:09.962-0400: 79.466: [GC (GCLocker Initiated GC) [PSYoungGen: 154051K->68444K(175104K)] 598581K->555699K(699392K), 0.0085554 secs] [Times: user=0.12 sys=0.00, real=0.00 secs] 
2016-09-25T22:49:09.971-0400: 79.475: [Full GC (Ergonomics) [PSYoungGen: 68444K->0K(175104K)] [ParOldGen: 487254K->437644K(524288K)] 555699K->437644K(699392K), [Metaspace: 43766K->43766K(1087488K)], 0.0703245 secs] [Times: user=0.51 sys=0.02, real=0.07 secs] 
2016-09-25T22:49:10.091-0400: 79.595: [GC (Allocation Failure) [PSYoungGen: 88064K->85139K(175104K)] 529110K->526186K(699392K), 0.0106434 secs] [Times: user=0.16 sys=0.01, real=0.01 secs] 
2016-09-25T22:49:10.103-0400: 79.607: [GC (GCLocker Initiated GC) [PSYoungGen: 88673K->3239K(175104K)] 529720K->520990K(699392K), 0.0088384 secs] [Times: user=0.11 sys=0.00, real=0.00 secs] 
2016-09-25T22:49:10.112-0400: 79.616: [Full GC (Ergonomics) [PSYoungGen: 3239K->0K(175104K)] [ParOldGen: 517751K->442194K(524288K)] 520990K->442194K(699392K), [Metaspace: 43766K->43766K(1087488K)], 0.0563051 secs] [Times: user=0.55 sys=0.00, real=0.06 secs] 
2016-09-25T22:49:10.222-0400: 79.726: [GC (GCLocker Initiated GC) [PSYoungGen: 86067K->72769K(175104K)] 530961K->517664K(699392K), 0.0069090 secs] [Times: user=0.10 sys=0.01, real=0.01 secs] 
2016-09-25T22:49:10.285-0400: 79.789: [GC (GCLocker Initiated GC) [PSYoungGen: 160833K->50928K(175104K)] 608498K->508742K(699392K), 0.0075969 secs] [Times: user=0.12 sys=0.00, real=0.00 secs] 
2016-09-25T22:49:10.326-0400: 79.830: [GC (GCLocker Initiated GC) [PSYoungGen: 138992K->69901K(175104K)] 596999K->558146K(699392K), 0.0093070 secs] [Times: user=0.14 sys=0.00, real=0.01 secs] 
2016-09-25T22:49:10.336-0400: 79.839: [Full GC (Ergonomics) [PSYoungGen: 69901K->0K(175104K)] [ParOldGen: 488245K->441719K(524288K)] 558146K->441719K(699392K), [Metaspace: 43766K->43766K(1087488K)], 0.0527156 secs] [Times: user=0.52 sys=0.00, real=0.05 secs] 
2016-09-25T22:49:10.430-0400: 79.934: [GC (GCLocker Initiated GC) [PSYoungGen: 88064K->63375K(175104K)] 533945K->509257K(699392K), 0.0115815 secs] [Times: user=0.07 sys=0.00, real=0.01 secs] 
2016-09-25T22:49:10.494-0400: 79.998: [GC (GCLocker Initiated GC) [PSYoungGen: 151439K->60475K(175104K)] 600081K->527717K(699392K), 0.0182940 secs] [Times: user=0.21 sys=0.00, real=0.01 secs] 
2016-09-25T22:49:10.513-0400: 80.017: [Full GC (Ergonomics) [PSYoungGen: 60475K->0K(175104K)] [ParOldGen: 467242K->439685K(524288K)] 527717K->439685K(699392K), [Metaspace: 43766K->43766K(1087488K)], 0.0794546 secs] [Times: user=0.56 sys=0.02, real=0.08 secs] 
2016-09-25T22:49:10.637-0400: 80.140: [GC (GCLocker Initiated GC) [PSYoungGen: 88064K->66301K(175104K)] 538665K->516902K(699392K), 0.0133891 secs] [Times: user=0.19 sys=0.00, real=0.01 secs] 
2016-09-25T22:49:10.715-0400: 80.219: [GC (GCLocker Initiated GC) [PSYoungGen: 154365K->61747K(175104K)] 617454K->529852K(699392K), 0.0138773 secs] [Times: user=0.13 sys=0.00, real=0.01 secs] 
2016-09-25T22:49:10.805-0400: 80.309: [Full GC (Ergonomics) [PSYoungGen: 149811K->0K(175104K)] [ParOldGen: 476503K->443571K(524288K)] 626315K->443571K(699392K), [Metaspace: 43771K->43771K(1087488K)], 0.0495628 secs] [Times: user=0.37 sys=0.00, real=0.05 secs] 
2016-09-25T22:49:10.901-0400: 80.405: [GC (GCLocker Initiated GC) [PSYoungGen: 88064K->82458K(175104K)] 538494K->532888K(699392K), 0.0115882 secs] [Times: user=0.15 sys=0.01, real=0.01 secs] 
2016-09-25T22:49:10.980-0400: 80.484: [GC (GCLocker Initiated GC) [PSYoungGen: 170522K->64503K(175104K)] 621047K->536239K(699392K), 0.0110200 secs] [Times: user=0.15 sys=0.01, real=0.01 secs] 
2016-09-25T22:49:11.051-0400: 80.554: [Full GC (Ergonomics) [PSYoungGen: 152567K->0K(175104K)] [ParOldGen: 474563K->439288K(524288K)] 627130K->439288K(699392K), [Metaspace: 43771K->43771K(1087488K)], 0.0626984 secs] [Times: user=0.52 sys=0.01, real=0.06 secs] 
2016-09-25T22:49:11.190-0400: 80.696: [GC (GCLocker Initiated GC) [PSYoungGen: 88064K->66354K(175104K)] 527596K->505887K(699392K), 0.0153299 secs] [Times: user=0.16 sys=0.00, real=0.02 secs] 
2016-09-25T22:49:11.253-0400: 80.757: [GC (GCLocker Initiated GC) [PSYoungGen: 154418K->44201K(175104K)] 599508K->505187K(699392K), 0.0071815 secs] [Times: user=0.06 sys=0.00, real=0.01 secs] 
2016-09-25T22:49:11.312-0400: 80.816: [GC (GCLocker Initiated GC) [PSYoungGen: 132265K->59421K(175104K)] 601548K->556434K(699392K), 0.0109960 secs] [Times: user=0.16 sys=0.02, real=0.02 secs] 
2016-09-25T22:49:11.323-0400: 80.827: [Full GC (Ergonomics) [PSYoungGen: 59421K->0K(175104K)] [ParOldGen: 497012K->440629K(524288K)] 556434K->440629K(699392K), [Metaspace: 43771K->43771K(1087488K)], 0.0912361 secs] [Times: user=0.71 sys=0.01, real=0.09 secs] 
2016-09-25T22:49:11.459-0400: 80.963: [GC (GCLocker Initiated GC) [PSYoungGen: 88064K->64929K(173056K)] 531431K->508297K(697344K), 0.0121293 secs] [Times: user=0.14 sys=0.00, real=0.01 secs] 
2016-09-25T22:49:11.504-0400: 81.008: [GC (GCLocker Initiated GC) [PSYoungGen: 152993K->84447K(174080K)] 596486K->546839K(698368K), 0.0188869 secs] [Times: user=0.21 sys=0.01, real=0.02 secs] 
2016-09-25T22:49:11.595-0400: 81.099: [GC (GCLocker Initiated GC) [PSYoungGen: 172511K->71339K(175104K)] 642648K->571403K(699392K), 0.0157374 secs] [Times: user=0.21 sys=0.01, real=0.01 secs] 
2016-09-25T22:49:11.611-0400: 81.115: [Full GC (Ergonomics) [PSYoungGen: 71339K->0K(175104K)] [ParOldGen: 500063K->443544K(524288K)] 571403K->443544K(699392K), [Metaspace: 43771K->43771K(1087488K)], 0.0657009 secs] [Times: user=0.58 sys=0.00, real=0.07 secs] 
2016-09-25T22:49:11.730-0400: 81.234: [GC (GCLocker Initiated GC) [PSYoungGen: 88064K->63251K(175104K)] 541226K->516413K(699392K), 0.0147426 secs] [Times: user=0.19 sys=0.02, real=0.02 secs] 
2016-09-25T22:49:11.812-0400: 81.316: [GC (GCLocker Initiated GC) [PSYoungGen: 151315K->59232K(175104K)] 605985K->524047K(699392K), 0.0133673 secs] [Times: user=0.14 sys=0.00, real=0.02 secs] 
2016-09-25T22:49:11.872-0400: 81.375: [GC (GCLocker Initiated GC) [PSYoungGen: 147296K->82083K(175104K)] 614881K->551752K(699392K), 0.0089150 secs] [Times: user=0.13 sys=0.02, real=0.01 secs] 
2016-09-25T22:49:11.925-0400: 81.429: [GC (GCLocker Initiated GC) [PSYoungGen: 170147K->72515K(175104K)] 642629K->552345K(699392K), 0.0086527 secs] [Times: user=0.08 sys=0.01, real=0.00 secs] 
2016-09-25T22:49:11.996-0400: 81.500: [Full GC (Ergonomics) [PSYoungGen: 160579K->0K(175104K)] [ParOldGen: 482579K->441456K(524288K)] 643158K->441456K(699392K), [Metaspace: 43771K->43771K(1087488K)], 0.0879090 secs] [Times: user=0.65 sys=0.10, real=0.09 secs] 
2016-09-25T22:49:12.134-0400: 81.638: [GC (GCLocker Initiated GC) [PSYoungGen: 88064K->73276K(175104K)] 532286K->517499K(699392K), 0.0101351 secs] [Times: user=0.14 sys=0.00, real=0.02 secs] 
2016-09-25T22:49:12.187-0400: 81.691: [GC (GCLocker Initiated GC) [PSYoungGen: 161340K->56450K(175104K)] 609708K->515426K(699392K), 0.0126249 secs] [Times: user=0.14 sys=0.00, real=0.01 secs] 
2016-09-25T22:49:12.249-0400: 81.753: [GC (GCLocker Initiated GC) [PSYoungGen: 144514K->66259K(175104K)] 606957K->538964K(699392K), 0.0079968 secs] [Times: user=0.09 sys=0.01, real=0.01 secs] 
2016-09-25T22:49:12.310-0400: 81.813: [GC (GCLocker Initiated GC) [PSYoungGen: 154323K->55563K(175104K)] 629849K->538886K(699392K), 0.0076151 secs] [Times: user=0.07 sys=0.00, real=0.01 secs] 
2016-09-25T22:49:12.361-0400: 81.864: [GC (GCLocker Initiated GC) [PSYoungGen: 143627K->56774K(175104K)] 631160K->569658K(699392K), 0.0087696 secs] [Times: user=0.14 sys=0.00, real=0.01 secs] 
2016-09-25T22:49:12.370-0400: 81.873: [Full GC (Ergonomics) [PSYoungGen: 56774K->0K(175104K)] [ParOldGen: 512883K->442083K(524288K)] 569658K->442083K(699392K), [Metaspace: 43807K->43807K(1087488K)], 0.0540788 secs] [Times: user=0.51 sys=0.01, real=0.06 secs] 
2016-09-25T22:49:12.466-0400: 81.970: [GC (GCLocker Initiated GC) [PSYoungGen: 88064K->78603K(175104K)] 530160K->520699K(699392K), 0.0075252 secs] [Times: user=0.11 sys=0.00, real=0.00 secs] 
2016-09-25T22:49:12.511-0400: 82.014: [GC (GCLocker Initiated GC) [PSYoungGen: 166667K->70511K(175104K)] 610152K->543535K(699392K), 0.0099321 secs] [Times: user=0.14 sys=0.00, real=0.01 secs] 
2016-09-25T22:49:12.571-0400: 82.075: [Full GC (Ergonomics) [PSYoungGen: 158575K->0K(175104K)] [ParOldGen: 485260K->454917K(524288K)] 643835K->454917K(699392K), [Metaspace: 43812K->43812K(1087488K)], 0.0584224 secs] [Times: user=0.54 sys=0.00, real=0.06 secs] 
2016-09-25T22:49:12.673-0400: 82.177: [GC (GCLocker Initiated GC) [PSYoungGen: 88064K->62817K(175104K)] 549756K->524510K(699392K), 0.0063149 secs] [Times: user=0.09 sys=0.00, real=0.01 secs] 
2016-09-25T22:49:12.722-0400: 82.225: [GC (GCLocker Initiated GC) [PSYoungGen: 150881K->64946K(153088K)] 618210K->537936K(677376K), 0.0074232 secs] [Times: user=0.11 sys=0.01, real=0.01 secs] 
2016-09-25T22:49:12.783-0400: 82.287: [Full GC (Ergonomics) [PSYoungGen: 153010K->0K(153088K)] [ParOldGen: 488043K->457260K(524288K)] 641054K->457260K(677376K), [Metaspace: 43824K->43824K(1087488K)], 0.0566053 secs] [Times: user=0.50 sys=0.00, real=0.05 secs] 
2016-09-25T22:49:12.891-0400: 82.394: [GC (GCLocker Initiated GC) [PSYoungGen: 88064K->51770K(173568K)] 548114K->511821K(697856K), 0.0053900 secs] [Times: user=0.07 sys=0.00, real=0.01 secs] 
2016-09-25T22:49:12.934-0400: 82.438: [GC (GCLocker Initiated GC) [PSYoungGen: 139322K->85191K(174080K)] 602309K->561678K(698368K), 0.0086562 secs] [Times: user=0.14 sys=0.01, real=0.01 secs] 
2016-09-25T22:49:12.994-0400: 82.498: [GC (GCLocker Initiated GC) [PSYoungGen: 172743K->65844K(175104K)] 657503K->573512K(699392K), 0.0088341 secs] [Times: user=0.14 sys=0.00, real=0.02 secs] 
2016-09-25T22:49:13.003-0400: 82.507: [Full GC (Ergonomics) [PSYoungGen: 65844K->0K(175104K)] [ParOldGen: 507668K->454980K(524288K)] 573512K->454980K(699392K), [Metaspace: 43832K->43832K(1087488K)], 0.1743808 secs] [Times: user=2.60 sys=0.01, real=0.17 secs] 
2016-09-25T22:49:13.225-0400: 82.729: [GC (GCLocker Initiated GC) [PSYoungGen: 88064K->76230K(175104K)] 548572K->536739K(699392K), 0.0075556 secs] [Times: user=0.11 sys=0.01, real=0.00 secs] 
2016-09-25T22:49:13.282-0400: 82.786: [GC (GCLocker Initiated GC) [PSYoungGen: 164294K->49906K(175104K)] 630224K->525348K(699392K), 0.0070729 secs] [Times: user=0.08 sys=0.01, real=0.00 secs] 
2016-09-25T22:49:13.327-0400: 82.830: [GC (GCLocker Initiated GC) [PSYoungGen: 137970K->64888K(175104K)] 613535K->554835K(699392K), 0.0108726 secs] [Times: user=0.16 sys=0.00, real=0.01 secs] 
2016-09-25T22:49:13.393-0400: 82.897: [Full GC (Ergonomics) [PSYoungGen: 152952K->0K(175104K)] [ParOldGen: 495474K->455252K(524288K)] 648427K->455252K(699392K), [Metaspace: 43836K->43836K(1087488K)], 0.0665500 secs] [Times: user=0.55 sys=0.00, real=0.07 secs] 
2016-09-25T22:49:13.500-0400: 83.004: [GC (GCLocker Initiated GC) [PSYoungGen: 88064K->74849K(175104K)] 550142K->536927K(699392K), 0.0151380 secs] [Times: user=0.14 sys=0.00, real=0.02 secs] 
2016-09-25T22:49:13.563-0400: 83.067: [GC (GCLocker Initiated GC) [PSYoungGen: 162913K->53991K(175104K)] 628297K->535790K(699392K), 0.0074812 secs] [Times: user=0.08 sys=0.01, real=0.00 secs] 
2016-09-25T22:49:13.614-0400: 83.118: [GC (GCLocker Initiated GC) [PSYoungGen: 142055K->69003K(175104K)] 629302K->561193K(699392K), 0.0081768 secs] [Times: user=0.10 sys=0.00, real=0.02 secs] 
2016-09-25T22:49:13.660-0400: 83.164: [Full GC (Ergonomics) [PSYoungGen: 157067K->0K(175104K)] [ParOldGen: 497669K->469028K(524288K)] 654736K->469028K(699392K), [Metaspace: 43836K->43836K(1087488K)], 0.0598772 secs] [Times: user=0.66 sys=0.00, real=0.06 secs] 
2016-09-25T22:49:13.765-0400: 83.269: [GC (GCLocker Initiated GC) [PSYoungGen: 88064K->80186K(175104K)] 557245K->549368K(699392K), 0.0081309 secs] [Times: user=0.12 sys=0.00, real=0.00 secs] 
2016-09-25T22:49:13.815-0400: 83.319: [GC (GCLocker Initiated GC) [PSYoungGen: 168250K->63825K(175104K)] 648308K->574973K(699392K), 0.0090483 secs] [Times: user=0.13 sys=0.00, real=0.01 secs] 
2016-09-25T22:49:13.825-0400: 83.328: [Full GC (Ergonomics) [PSYoungGen: 63825K->0K(175104K)] [ParOldGen: 511147K->470517K(524288K)] 574973K->470517K(699392K), [Metaspace: 43837K->43837K(1087488K)], 0.0541030 secs] [Times: user=0.48 sys=0.00, real=0.05 secs] 
2016-09-25T22:49:13.927-0400: 83.430: [GC (GCLocker Initiated GC) [PSYoungGen: 88064K->74815K(175104K)] 561629K->548381K(699392K), 0.0113219 secs] [Times: user=0.18 sys=0.00, real=0.01 secs] 
2016-09-25T22:49:13.984-0400: 83.488: [GC (GCLocker Initiated GC) [PSYoungGen: 162879K->66334K(175104K)] 648680K->557612K(699392K), 0.0069508 secs] [Times: user=0.09 sys=0.00, real=0.00 secs] 
2016-09-25T22:49:13.991-0400: 83.495: [Full GC (Ergonomics) [PSYoungGen: 66334K->0K(175104K)] [ParOldGen: 491278K->464010K(524288K)] 557612K->464010K(699392K), [Metaspace: 43839K->43839K(1087488K)], 0.0515760 secs] [Times: user=0.50 sys=0.00, real=0.06 secs] 
2016-09-25T22:49:14.094-0400: 83.597: [GC (GCLocker Initiated GC) [PSYoungGen: 88064K->66715K(155136K)] 561572K->540224K(679424K), 0.0080636 secs] [Times: user=0.10 sys=0.00, real=0.01 secs] 
2016-09-25T22:49:14.145-0400: 83.649: [GC (GCLocker Initiated GC) [PSYoungGen: 154779K->62110K(175616K)] 630004K->537335K(699904K), 0.0065183 secs] [Times: user=0.08 sys=0.00, real=0.00 secs] 
2016-09-25T22:49:14.196-0400: 83.700: [GC (GCLocker Initiated GC) [PSYoungGen: 151198K->78917K(174592K)] 630611K->558330K(698880K), 0.0092611 secs] [Times: user=0.11 sys=0.00, real=0.01 secs] 
2016-09-25T22:49:14.254-0400: 83.757: [GC (GCLocker Initiated GC) [PSYoungGen: 168005K->76197K(175104K)] 647508K->575394K(699392K), 0.0085430 secs] [Times: user=0.10 sys=0.00, real=0.02 secs] 
2016-09-25T22:49:14.262-0400: 83.766: [Full GC (Ergonomics) [PSYoungGen: 76197K->0K(175104K)] [ParOldGen: 499197K->463992K(524288K)] 575394K->463992K(699392K), [Metaspace: 43839K->43839K(1087488K)], 0.0561269 secs] [Times: user=0.55 sys=0.00, real=0.05 secs] 
2016-09-25T22:49:14.361-0400: 83.865: [GC (GCLocker Initiated GC) [PSYoungGen: 88064K->72500K(175104K)] 556344K->540780K(699392K), 0.0094261 secs] [Times: user=0.12 sys=0.00, real=0.01 secs] 
2016-09-25T22:49:14.409-0400: 83.913: [GC (GCLocker Initiated GC) [PSYoungGen: 160564K->61900K(175104K)] 634431K->556463K(699392K), 0.0094105 secs] [Times: user=0.13 sys=0.00, real=0.01 secs] 
2016-09-25T22:49:14.418-0400: 83.922: [Full GC (Ergonomics) [PSYoungGen: 61900K->0K(175104K)] [ParOldGen: 494562K->470928K(524288K)] 556463K->470928K(699392K), [Metaspace: 43840K->43840K(1087488K)], 0.0532778 secs] [Times: user=0.52 sys=0.00, real=0.05 secs] 
2016-09-25T22:49:14.519-0400: 84.023: [GC (GCLocker Initiated GC) [PSYoungGen: 88064K->73495K(175104K)] 561760K->547191K(699392K), 0.0077913 secs] [Times: user=0.10 sys=0.00, real=0.01 secs] 
2016-09-25T22:49:14.575-0400: 84.079: [GC (GCLocker Initiated GC) [PSYoungGen: 161559K->56818K(175104K)] 644816K->549631K(699392K), 0.0080294 secs] [Times: user=0.09 sys=0.00, real=0.01 secs] 
2016-09-25T22:49:14.584-0400: 84.087: [Full GC (Ergonomics) [PSYoungGen: 56818K->0K(175104K)] [ParOldGen: 492813K->472415K(524288K)] 549631K->472415K(699392K), [Metaspace: 43840K->43840K(1087488K)], 0.0629880 secs] [Times: user=0.69 sys=0.01, real=0.06 secs] 
2016-09-25T22:49:14.700-0400: 84.204: [GC (GCLocker Initiated GC) [PSYoungGen: 88064K->59865K(175104K)] 569114K->540915K(699392K), 0.0068871 secs] [Times: user=0.11 sys=0.00, real=0.01 secs] 
2016-09-25T22:49:14.753-0400: 84.257: [GC (GCLocker Initiated GC) [PSYoungGen: 147929K->61997K(174080K)] 629034K->552521K(698368K), 0.0065836 secs] [Times: user=0.10 sys=0.01, real=0.01 secs] 
2016-09-25T22:49:14.799-0400: 84.303: [GC (GCLocker Initiated GC) [PSYoungGen: 150061K->84324K(174592K)] 640693K->580355K(698880K), 0.0087139 secs] [Times: user=0.14 sys=0.00, real=0.01 secs] 
2016-09-25T22:49:14.849-0400: 84.353: [Full GC (Ergonomics) [PSYoungGen: 172388K->0K(174592K)] [ParOldGen: 499208K->475085K(524288K)] 671596K->475085K(698880K), [Metaspace: 43840K->43840K(1087488K)], 0.0685169 secs] [Times: user=0.60 sys=0.01, real=0.07 secs] 
2016-09-25T22:49:14.962-0400: 84.465: [GC (GCLocker Initiated GC) [PSYoungGen: 88064K->65139K(175104K)] 569995K->547070K(699392K), 0.0062468 secs] [Times: user=0.09 sys=0.00, real=0.01 secs] 
2016-09-25T22:49:15.008-0400: 84.512: [GC (GCLocker Initiated GC) [PSYoungGen: 153203K->41647K(175104K)] 635287K->553323K(699392K), 0.0078706 secs] [Times: user=0.10 sys=0.00, real=0.01 secs] 
2016-09-25T22:49:15.016-0400: 84.520: [Full GC (Ergonomics) [PSYoungGen: 41647K->0K(175104K)] [ParOldGen: 511675K->473518K(524288K)] 553323K->473518K(699392K), [Metaspace: 43840K->43840K(1087488K)], 0.0478237 secs] [Times: user=0.42 sys=0.00, real=0.05 secs] 
2016-09-25T22:49:15.108-0400: 84.612: [GC (GCLocker Initiated GC) [PSYoungGen: 88064K->85452K(175104K)] 561657K->561746K(699392K), 0.0083273 secs] [Times: user=0.11 sys=0.01, real=0.01 secs] 
2016-09-25T22:49:15.162-0400: 84.665: [GC (GCLocker Initiated GC) [PSYoungGen: 173516K->71596K(175104K)] 651315K->562857K(699392K), 0.0079940 secs] [Times: user=0.11 sys=0.00, real=0.01 secs] 
2016-09-25T22:49:15.206-0400: 84.710: [GC (GCLocker Initiated GC) [PSYoungGen: 159660K->60638K(175104K)] 652274K->563570K(699392K), 0.0085513 secs] [Times: user=0.11 sys=0.00, real=0.01 secs] 
2016-09-25T22:49:15.215-0400: 84.719: [Full GC (Ergonomics) [PSYoungGen: 60638K->0K(175104K)] [ParOldGen: 502932K->469990K(524288K)] 563570K->469990K(699392K), [Metaspace: 43840K->43840K(1087488K)], 0.0537363 secs] [Times: user=0.51 sys=0.00, real=0.05 secs] 
2016-09-25T22:49:15.312-0400: 84.816: [GC (GCLocker Initiated GC) [PSYoungGen: 88064K->84200K(175104K)] 561619K->557755K(699392K), 0.0085408 secs] [Times: user=0.13 sys=0.00, real=0.01 secs] 
2016-09-25T22:49:15.367-0400: 84.870: [GC (GCLocker Initiated GC) [PSYoungGen: 172264K->52350K(175104K)] 653978K->551586K(699392K), 0.0181759 secs] [Times: user=0.23 sys=0.01, real=0.02 secs] 
2016-09-25T22:49:15.385-0400: 84.889: [Full GC (Ergonomics) [PSYoungGen: 52350K->0K(175104K)] [ParOldGen: 499236K->479153K(524288K)] 551586K->479153K(699392K), [Metaspace: 43848K->43848K(1087488K)], 0.0534884 secs] [Times: user=0.48 sys=0.00, real=0.05 secs] 
2016-09-25T22:49:15.477-0400: 84.980: [GC (GCLocker Initiated GC) [PSYoungGen: 88064K->65038K(175104K)] 567293K->544267K(699392K), 0.0088640 secs] [Times: user=0.06 sys=0.00, real=0.01 secs] 
2016-09-25T22:49:15.522-0400: 85.026: [GC (GCLocker Initiated GC) [PSYoungGen: 153102K->82305K(175104K)] 640582K->577723K(699392K), 0.0084132 secs] [Times: user=0.12 sys=0.00, real=0.00 secs] 
2016-09-25T22:49:15.572-0400: 85.076: [Full GC (Ergonomics) [PSYoungGen: 170369K->0K(175104K)] [ParOldGen: 499651K->481095K(524288K)] 670021K->481095K(699392K), [Metaspace: 43861K->43861K(1087488K)], 0.0520324 secs] [Times: user=0.48 sys=0.00, real=0.06 secs] 
2016-09-25T22:49:15.669-0400: 85.173: [GC (GCLocker Initiated GC) [PSYoungGen: 88064K->72856K(175104K)] 573291K->558083K(699392K), 0.0102739 secs] [Times: user=0.15 sys=0.01, real=0.01 secs] 
2016-09-25T22:49:15.716-0400: 85.219: [GC (GCLocker Initiated GC) [PSYoungGen: 160920K->71379K(175104K)] 648944K->571092K(699392K), 0.0077603 secs] [Times: user=0.10 sys=0.01, real=0.01 secs] 
2016-09-25T22:49:15.724-0400: 85.227: [Full GC (Ergonomics) [PSYoungGen: 71379K->0K(175104K)] [ParOldGen: 499713K->479285K(524288K)] 571092K->479285K(699392K), [Metaspace: 43861K->43861K(1087488K)], 0.0568896 secs] [Times: user=0.53 sys=0.01, real=0.05 secs] 
2016-09-25T22:49:15.822-0400: 85.325: [GC (GCLocker Initiated GC) [PSYoungGen: 88064K->74586K(175104K)] 567359K->553881K(699392K), 0.0104055 secs] [Times: user=0.16 sys=0.00, real=0.01 secs] 
2016-09-25T22:49:15.871-0400: 85.375: [GC (GCLocker Initiated GC) [PSYoungGen: 162650K->74114K(175104K)] 642143K->564263K(699392K), 0.0080698 secs] [Times: user=0.13 sys=0.00, real=0.01 secs] 
2016-09-25T22:49:15.915-0400: 85.419: [GC (GCLocker Initiated GC) [PSYoungGen: 162178K->68678K(175104K)] 652418K->583936K(699392K), 0.0088330 secs] [Times: user=0.11 sys=0.00, real=0.01 secs] 
2016-09-25T22:49:15.924-0400: 85.428: [Full GC (Ergonomics) [PSYoungGen: 68678K->0K(175104K)] [ParOldGen: 515258K->481113K(524288K)] 583936K->481113K(699392K), [Metaspace: 43861K->43861K(1087488K)], 0.0518136 secs] [Times: user=0.48 sys=0.00, real=0.05 secs] 
2016-09-25T22:49:16.015-0400: 85.519: [GC (GCLocker Initiated GC) [PSYoungGen: 88064K->71699K(175104K)] 572011K->555646K(699392K), 0.0075541 secs] [Times: user=0.12 sys=0.00, real=0.01 secs] 
2016-09-25T22:49:16.058-0400: 85.562: [GC (GCLocker Initiated GC) [PSYoungGen: 159763K->86614K(175104K)] 651912K->591932K(699392K), 0.0090401 secs] [Times: user=0.15 sys=0.00, real=0.01 secs] 
2016-09-25T22:49:16.067-0400: 85.571: [Full GC (Ergonomics) [PSYoungGen: 86614K->0K(175104K)] [ParOldGen: 505318K->492966K(524288K)] 591932K->492966K(699392K), [Metaspace: 43861K->43861K(1087488K)], 0.0545161 secs] [Times: user=0.54 sys=0.00, real=0.05 secs] 
2016-09-25T22:49:16.175-0400: 85.678: [Full GC (Ergonomics) [PSYoungGen: 88064K->0K(175104K)] [ParOldGen: 509297K->485457K(524288K)] 597361K->485457K(699392K), [Metaspace: 43861K->43861K(1087488K)], 0.0577332 secs] [Times: user=0.51 sys=0.00, real=0.05 secs] 
2016-09-25T22:49:16.285-0400: 85.788: [GC (GCLocker Initiated GC) [PSYoungGen: 88064K->52866K(175104K)] 576626K->541428K(699392K), 0.0061553 secs] [Times: user=0.08 sys=0.00, real=0.00 secs] 
2016-09-25T22:49:16.326-0400: 85.830: [GC (GCLocker Initiated GC) [PSYoungGen: 140930K->67365K(175104K)] 629587K->589576K(699392K), 0.0102898 secs] [Times: user=0.14 sys=0.01, real=0.01 secs] 
2016-09-25T22:49:16.337-0400: 85.840: [Full GC (Ergonomics) [PSYoungGen: 67365K->0K(175104K)] [ParOldGen: 522211K->478408K(524288K)] 589576K->478408K(699392K), [Metaspace: 43861K->43861K(1087488K)], 0.0544453 secs] [Times: user=0.53 sys=0.00, real=0.05 secs] 
2016-09-25T22:49:16.428-0400: 85.931: [GC (GCLocker Initiated GC) [PSYoungGen: 88064K->85523K(175104K)] 569412K->566879K(699392K), 0.0125222 secs] [Times: user=0.09 sys=0.00, real=0.01 secs] 
2016-09-25T22:49:16.487-0400: 85.991: [GC (GCLocker Initiated GC) [PSYoungGen: 173587K->45732K(175104K)] 659130K->560968K(699392K), 0.0092294 secs] [Times: user=0.09 sys=0.00, real=0.01 secs] 
2016-09-25T22:49:16.496-0400: 86.000: [Full GC (Ergonomics) [PSYoungGen: 45732K->0K(175104K)] [ParOldGen: 515236K->477022K(524288K)] 560968K->477022K(699392K), [Metaspace: 43863K->43863K(1087488K)], 0.0619289 secs] [Times: user=0.47 sys=0.01, real=0.06 secs] 
2016-09-25T22:49:16.594-0400: 86.098: [GC (GCLocker Initiated GC) [PSYoungGen: 88064K->85108K(175104K)] 570558K->567602K(699392K), 0.0077296 secs] [Times: user=0.10 sys=0.01, real=0.01 secs] 
2016-09-25T22:49:16.649-0400: 86.153: [Full GC (Ergonomics) [PSYoungGen: 173172K->0K(175104K)] [ParOldGen: 485247K->480617K(524288K)] 658419K->480617K(699392K), [Metaspace: 43863K->43863K(1087488K)], 0.0589257 secs] [Times: user=0.53 sys=0.03, real=0.06 secs] 
2016-09-25T22:49:16.755-0400: 86.258: [Full GC (Ergonomics) [PSYoungGen: 88064K->0K(175104K)] [ParOldGen: 491869K->482640K(524288K)] 579933K->482640K(699392K), [Metaspace: 43863K->43863K(1087488K)], 0.0557766 secs] [Times: user=0.55 sys=0.00, real=0.05 secs] 
2016-09-25T22:49:16.854-0400: 86.358: [GC (GCLocker Initiated GC) [PSYoungGen: 88064K->62255K(175104K)] 570852K->545043K(699392K), 0.0063660 secs] [Times: user=0.07 sys=0.02, real=0.00 secs] 
2016-09-25T22:49:16.914-0400: 86.418: [Full GC (Ergonomics) [PSYoungGen: 150319K->0K(175104K)] [ParOldGen: 490107K->473738K(524288K)] 640426K->473738K(699392K), [Metaspace: 43863K->43863K(1087488K)], 0.1305662 secs] [Times: user=1.78 sys=0.02, real=0.14 secs] 
2016-09-25T22:49:17.075-0400: 86.578: [GC (GCLocker Initiated GC) [PSYoungGen: 88064K->85237K(175104K)] 564627K->567200K(699392K), 0.0085446 secs] [Times: user=0.12 sys=0.01, real=0.01 secs] 
2016-09-25T22:49:17.128-0400: 86.632: [Full GC (Ergonomics) [PSYoungGen: 173301K->0K(175104K)] [ParOldGen: 488870K->496465K(524288K)] 662171K->496465K(699392K), [Metaspace: 43863K->43863K(1087488K)], 0.0554915 secs] [Times: user=0.54 sys=0.00, real=0.06 secs] 
2016-09-25T22:49:17.236-0400: 86.739: [Full GC (Ergonomics) [PSYoungGen: 88064K->0K(175104K)] [ParOldGen: 504675K->488898K(524288K)] 592739K->488898K(699392K), [Metaspace: 43863K->43863K(1087488K)], 0.0527421 secs] [Times: user=0.49 sys=0.01, real=0.05 secs] 
2016-09-25T22:49:17.332-0400: 86.836: [Full GC (Ergonomics) [PSYoungGen: 88064K->0K(175104K)] [ParOldGen: 495755K->481395K(524288K)] 583819K->481395K(699392K), [Metaspace: 43865K->43865K(1087488K)], 0.0559664 secs] [Times: user=0.55 sys=0.00, real=0.06 secs] 
2016-09-25T22:49:17.426-0400: 86.930: [GC (GCLocker Initiated GC) [PSYoungGen: 88064K->82826K(175104K)] 573552K->568315K(699392K), 0.0075406 secs] [Times: user=0.11 sys=0.01, real=0.00 secs] 
2016-09-25T22:49:17.473-0400: 86.977: [GC (GCLocker Initiated GC) --[PSYoungGen: 170890K->170890K(175104K)] 659151K->692982K(699392K), 0.0111243 secs] [Times: user=0.11 sys=0.00, real=0.02 secs] 
2016-09-25T22:49:17.485-0400: 86.988: [Full GC (Ergonomics) [PSYoungGen: 170890K->0K(175104K)] [ParOldGen: 522091K->490745K(524288K)] 692982K->490745K(699392K), [Metaspace: 43865K->43865K(1087488K)], 0.0511572 secs] [Times: user=0.44 sys=0.00, real=0.05 secs] 
2016-09-25T22:49:17.580-0400: 87.083: [Full GC (Ergonomics) [PSYoungGen: 88064K->0K(175104K)] [ParOldGen: 493265K->479363K(524288K)] 581329K->479363K(699392K), [Metaspace: 43865K->43865K(1087488K)], 0.0652912 secs] [Times: user=0.65 sys=0.01, real=0.07 secs] 
2016-09-25T22:49:17.694-0400: 87.197: [GC (GCLocker Initiated GC) [PSYoungGen: 88064K->71865K(175104K)] 573147K->556948K(699392K), 0.0073148 secs] [Times: user=0.12 sys=0.00, real=0.01 secs] 
2016-09-25T22:49:17.741-0400: 87.244: [GC (GCLocker Initiated GC) [PSYoungGen: 159929K->70231K(175104K)] 647841K->564748K(699392K), 0.0103429 secs] [Times: user=0.14 sys=0.00, real=0.01 secs] 
2016-09-25T22:49:17.751-0400: 87.255: [Full GC (Ergonomics) [PSYoungGen: 70231K->0K(175104K)] [ParOldGen: 494516K->489826K(524288K)] 564748K->489826K(699392K), [Metaspace: 43865K->43865K(1087488K)], 0.0568839 secs] [Times: user=0.50 sys=0.01, real=0.06 secs] 
2016-09-25T22:49:17.846-0400: 87.350: [GC (GCLocker Initiated GC) [PSYoungGen: 88064K->77524K(175104K)] 580683K->570144K(699392K), 0.0081828 secs] [Times: user=0.13 sys=0.00, real=0.01 secs] 
2016-09-25T22:49:17.898-0400: 87.402: [Full GC (Ergonomics) [PSYoungGen: 165588K->0K(175104K)] [ParOldGen: 498161K->488273K(524288K)] 663750K->488273K(699392K), [Metaspace: 43865K->43865K(1087488K)], 0.0602540 secs] [Times: user=0.55 sys=0.00, real=0.06 secs] 
2016-09-25T22:49:18.004-0400: 87.508: [Full GC (Ergonomics) [PSYoungGen: 88064K->0K(175104K)] [ParOldGen: 500449K->491640K(524288K)] 588513K->491640K(699392K), [Metaspace: 43869K->43869K(1087488K)], 0.0537462 secs] [Times: user=0.50 sys=0.01, real=0.05 secs] 
2016-09-25T22:49:18.102-0400: 87.606: [GC (GCLocker Initiated GC) [PSYoungGen: 88064K->78555K(175104K)] 582536K->573027K(699392K), 0.0077432 secs] [Times: user=0.11 sys=0.00, real=0.01 secs] 
2016-09-25T22:49:18.148-0400: 87.652: [Full GC (Ergonomics) [PSYoungGen: 166619K->0K(175104K)] [ParOldGen: 501264K->490112K(524288K)] 667883K->490112K(699392K), [Metaspace: 43869K->43869K(1087488K)], 0.0610701 secs] [Times: user=0.41 sys=0.02, real=0.06 secs] 
2016-09-25T22:49:18.254-0400: 87.758: [GC (GCLocker Initiated GC) [PSYoungGen: 88064K->80065K(175104K)] 582294K->574303K(699392K), 0.0081649 secs] [Times: user=0.11 sys=0.00, real=0.01 secs] 
2016-09-25T22:49:18.300-0400: 87.803: [Full GC (Ergonomics) [PSYoungGen: 168129K->0K(175104K)] [ParOldGen: 497081K->499413K(524288K)] 665211K->499413K(699392K), [Metaspace: 43870K->43870K(1087488K)], 0.0641785 secs] [Times: user=0.67 sys=0.01, real=0.07 secs] 
2016-09-25T22:49:18.420-0400: 87.924: [Full GC (Ergonomics) [PSYoungGen: 88064K->0K(175104K)] [ParOldGen: 509013K->494526K(524288K)] 597077K->494526K(699392K), [Metaspace: 43870K->43870K(1087488K)], 0.0586830 secs] [Times: user=0.55 sys=0.00, real=0.06 secs] 
2016-09-25T22:49:18.522-0400: 88.025: [GC (GCLocker Initiated GC) [PSYoungGen: 88064K->76112K(175104K)] 583080K->571129K(699392K), 0.0072656 secs] [Times: user=0.12 sys=0.00, real=0.01 secs] 
2016-09-25T22:49:18.568-0400: 88.072: [Full GC (Ergonomics) [PSYoungGen: 164176K->0K(175104K)] [ParOldGen: 499483K->494459K(524288K)] 663659K->494459K(699392K), [Metaspace: 43870K->43870K(1087488K)], 0.0512305 secs] [Times: user=0.46 sys=0.00, real=0.05 secs] 
2016-09-25T22:49:18.651-0400: 88.155: [GC (GCLocker Initiated GC) [PSYoungGen: 88064K->86816K(175104K)] 582630K->581383K(699392K), 0.0085933 secs] [Times: user=0.13 sys=0.00, real=0.01 secs] 
2016-09-25T22:49:18.706-0400: 88.209: [Full GC (Ergonomics) [PSYoungGen: 174880K->0K(175104K)] [ParOldGen: 507610K->501043K(524288K)] 682490K->501043K(699392K), [Metaspace: 43870K->43870K(1087488K)], 0.0543698 secs] [Times: user=0.51 sys=0.00, real=0.05 secs] 
2016-09-25T22:49:18.809-0400: 88.313: [Full GC (Ergonomics) [PSYoungGen: 88064K->0K(175104K)] [ParOldGen: 511862K->490761K(524288K)] 599926K->490761K(699392K), [Metaspace: 43870K->43870K(1087488K)], 0.0499479 secs] [Times: user=0.41 sys=0.00, real=0.05 secs] 
2016-09-25T22:49:18.890-0400: 88.394: [GC (GCLocker Initiated GC) [PSYoungGen: 88064K->86624K(175104K)] 581594K->580154K(699392K), 0.0087722 secs] [Times: user=0.12 sys=0.00, real=0.01 secs] 
2016-09-25T22:49:18.942-0400: 88.446: [GC (GCLocker Initiated GC) [PSYoungGen: 174688K->82352K(175104K)] 671013K->594636K(699392K), 0.0092554 secs] [Times: user=0.13 sys=0.00, real=0.00 secs] 
2016-09-25T22:49:18.952-0400: 88.456: [Full GC (Ergonomics) [PSYoungGen: 82352K->0K(175104K)] [ParOldGen: 512284K->501327K(524288K)] 594636K->501327K(699392K), [Metaspace: 43870K->43870K(1087488K)], 0.0590415 secs] [Times: user=0.62 sys=0.00, real=0.06 secs] 
2016-09-25T22:49:19.055-0400: 88.559: [Full GC (Ergonomics) [PSYoungGen: 88064K->0K(175104K)] [ParOldGen: 512227K->507305K(524288K)] 600291K->507305K(699392K), [Metaspace: 43908K->43908K(1087488K)], 0.0522298 secs] [Times: user=0.41 sys=0.00, real=0.05 secs] 
2016-09-25T22:49:19.152-0400: 88.656: [Full GC (Ergonomics) [PSYoungGen: 88064K->0K(175104K)] [ParOldGen: 515509K->502527K(524288K)] 603573K->502527K(699392K), [Metaspace: 43908K->43908K(1087488K)], 0.0520123 secs] [Times: user=0.50 sys=0.00, real=0.06 secs] 
2016-09-25T22:49:19.245-0400: 88.749: [Full GC (Ergonomics) [PSYoungGen: 88064K->0K(175104K)] [ParOldGen: 506707K->500467K(524288K)] 594771K->500467K(699392K), [Metaspace: 43908K->43908K(1087488K)], 0.0562982 secs] [Times: user=0.57 sys=0.01, real=0.05 secs] 
2016-09-25T22:49:19.346-0400: 88.849: [Full GC (Ergonomics) [PSYoungGen: 88064K->0K(175104K)] [ParOldGen: 505946K->491562K(524288K)] 594010K->491562K(699392K), [Metaspace: 43908K->43908K(1087488K)], 0.0562615 secs] [Times: user=0.51 sys=0.00, real=0.05 secs] 
2016-09-25T22:49:19.438-0400: 88.942: [GC (GCLocker Initiated GC) [PSYoungGen: 88064K->75956K(175104K)] 579725K->567618K(699392K), 0.0078773 secs] [Times: user=0.07 sys=0.01, real=0.01 secs] 
2016-09-25T22:49:19.493-0400: 88.997: [GC (GCLocker Initiated GC) --[PSYoungGen: 164020K->164020K(175104K)] 661375K->686984K(699392K), 0.0110729 secs] [Times: user=0.13 sys=0.00, real=0.02 secs] 
2016-09-25T22:49:19.505-0400: 89.009: [Full GC (Ergonomics) [PSYoungGen: 164020K->0K(175104K)] [ParOldGen: 522964K->496886K(524288K)] 686984K->496886K(699392K), [Metaspace: 43911K->43911K(1087488K)], 0.0581771 secs] [Times: user=0.58 sys=0.00, real=0.06 secs] 
2016-09-25T22:49:19.594-0400: 89.098: [GC (GCLocker Initiated GC) [PSYoungGen: 88064K->78752K(175104K)] 585029K->575718K(699392K), 0.0072950 secs] [Times: user=0.11 sys=0.00, real=0.01 secs] 
2016-09-25T22:49:19.645-0400: 89.149: [GC (GCLocker Initiated GC) --[PSYoungGen: 166816K->166816K(175104K)] 663833K->689427K(699392K), 0.0118396 secs] [Times: user=0.13 sys=0.00, real=0.01 secs] 
2016-09-25T22:49:19.657-0400: 89.161: [Full GC (Ergonomics) [PSYoungGen: 166816K->0K(175104K)] [ParOldGen: 522611K->501371K(524288K)] 689427K->501371K(699392K), [Metaspace: 43911K->43911K(1087488K)], 0.1005997 secs] [Times: user=1.12 sys=0.02, real=0.10 secs] 
2016-09-25T22:49:19.809-0400: 89.313: [Full GC (Ergonomics) [PSYoungGen: 88064K->0K(175104K)] [ParOldGen: 504138K->491025K(524288K)] 592202K->491025K(699392K), [Metaspace: 43911K->43911K(1087488K)], 0.0548154 secs] [Times: user=0.49 sys=0.00, real=0.06 secs] 
2016-09-25T22:49:19.896-0400: 89.400: [GC (GCLocker Initiated GC) [PSYoungGen: 88064K->84409K(175104K)] 581949K->583695K(699392K), 0.0082856 secs] [Times: user=0.13 sys=0.00, real=0.01 secs] 
2016-09-25T22:49:19.950-0400: 89.453: [GC (GCLocker Initiated GC) --[PSYoungGen: 172473K->172473K(175104K)] 671817K->694440K(699392K), 0.0176691 secs] [Times: user=0.15 sys=0.00, real=0.02 secs] 
2016-09-25T22:49:19.967-0400: 89.471: [Full GC (Ergonomics) [PSYoungGen: 172473K->0K(175104K)] [ParOldGen: 521966K->500447K(524288K)] 694440K->500447K(699392K), [Metaspace: 43911K->43911K(1087488K)], 0.0550744 secs] [Times: user=0.50 sys=0.00, real=0.06 secs] 
2016-09-25T22:49:20.063-0400: 89.567: [Full GC (Ergonomics) [PSYoungGen: 88064K->0K(175104K)] [ParOldGen: 506263K->499856K(524288K)] 594327K->499856K(699392K), [Metaspace: 43911K->43911K(1087488K)], 0.0603213 secs] [Times: user=0.62 sys=0.00, real=0.06 secs] 
2016-09-25T22:49:20.162-0400: 89.666: [GC (GCLocker Initiated GC) [PSYoungGen: 88064K->82640K(175104K)] 587955K->582531K(699392K), 0.0094099 secs] [Times: user=0.14 sys=0.00, real=0.00 secs] 
2016-09-25T22:49:20.204-0400: 89.708: [Full GC (Ergonomics) [PSYoungGen: 170704K->0K(175104K)] [ParOldGen: 505387K->507639K(524288K)] 676091K->507639K(699392K), [Metaspace: 43913K->43913K(1087488K)], 0.0619444 secs] [Times: user=0.56 sys=0.01, real=0.06 secs] 
2016-09-25T22:49:20.313-0400: 89.817: [Full GC (Ergonomics) [PSYoungGen: 88064K->0K(175104K)] [ParOldGen: 515813K->506871K(524288K)] 603877K->506871K(699392K), [Metaspace: 43913K->43913K(1087488K)], 0.0578977 secs] [Times: user=0.51 sys=0.00, real=0.06 secs] 
2016-09-25T22:49:20.411-0400: 89.915: [Full GC (Ergonomics) [PSYoungGen: 87433K->0K(175104K)] [ParOldGen: 508222K->497815K(524288K)] 595655K->497815K(699392K), [Metaspace: 43913K->43913K(1087488K)], 0.0492736 secs] [Times: user=0.41 sys=0.01, real=0.05 secs] 
2016-09-25T22:49:20.496-0400: 89.999: [GC (GCLocker Initiated GC) [PSYoungGen: 88064K->84184K(175104K)] 588625K->584745K(699392K), 0.0088580 secs] [Times: user=0.11 sys=0.00, real=0.01 secs] 
2016-09-25T22:49:20.539-0400: 90.043: [GC (GCLocker Initiated GC) [PSYoungGen: 172248K->63583K(175104K)] 672847K->587132K(699392K), 0.0133994 secs] [Times: user=0.16 sys=0.00, real=0.01 secs] 
2016-09-25T22:49:20.552-0400: 90.056: [Full GC (Ergonomics) [PSYoungGen: 63583K->0K(175104K)] [ParOldGen: 523549K->507040K(524288K)] 587132K->507040K(699392K), [Metaspace: 43915K->43915K(1087488K)], 0.0523647 secs] [Times: user=0.48 sys=0.00, real=0.06 secs] 
2016-09-25T22:49:20.644-0400: 90.147: [Full GC (Ergonomics) [PSYoungGen: 88064K->0K(175104K)] [ParOldGen: 507216K->510288K(524288K)] 595280K->510288K(699392K), [Metaspace: 43917K->43917K(1087488K)], 0.0589702 secs] [Times: user=0.59 sys=0.00, real=0.06 secs] 
2016-09-25T22:49:20.748-0400: 90.252: [Full GC (Ergonomics) [PSYoungGen: 88064K->0K(175104K)] [ParOldGen: 510309K->499933K(524288K)] 598373K->499933K(699392K), [Metaspace: 43917K->43917K(1087488K)], 0.0572949 secs] [Times: user=0.56 sys=0.00, real=0.06 secs] 
2016-09-25T22:49:20.838-0400: 90.342: [Full GC (Ergonomics) [PSYoungGen: 88064K->0K(175104K)] [ParOldGen: 500055K->511372K(524288K)] 588119K->511372K(699392K), [Metaspace: 43917K->43917K(1087488K)], 0.0545030 secs] [Times: user=0.50 sys=0.00, real=0.05 secs] 
2016-09-25T22:49:20.936-0400: 90.440: [Full GC (Ergonomics) [PSYoungGen: 88064K->0K(175104K)] [ParOldGen: 516826K->517215K(524288K)] 604890K->517215K(699392K), [Metaspace: 43917K->43917K(1087488K)], 0.0565273 secs] [Times: user=0.52 sys=0.00, real=0.05 secs] 
2016-09-25T22:49:21.044-0400: 90.548: [Full GC (Ergonomics) [PSYoungGen: 88064K->0K(175104K)] [ParOldGen: 522665K->506996K(524288K)] 610729K->506996K(699392K), [Metaspace: 43917K->43917K(1087488K)], 0.0571193 secs] [Times: user=0.51 sys=0.00, real=0.05 secs] 
2016-09-25T22:49:21.135-0400: 90.639: [Full GC (Ergonomics) [PSYoungGen: 88064K->0K(175104K)] [ParOldGen: 507128K->510341K(524288K)] 595192K->510341K(699392K), [Metaspace: 43917K->43917K(1087488K)], 0.0628285 secs] [Times: user=0.57 sys=0.01, real=0.06 secs] 
2016-09-25T22:49:21.243-0400: 90.747: [Full GC (Ergonomics) [PSYoungGen: 88064K->0K(175104K)] [ParOldGen: 513155K->508141K(524288K)] 601219K->508141K(699392K), [Metaspace: 43917K->43917K(1087488K)], 0.0625273 secs] [Times: user=0.42 sys=0.01, real=0.06 secs] 
2016-09-25T22:49:21.347-0400: 90.851: [Full GC (Ergonomics) [PSYoungGen: 88064K->0K(175104K)] [ParOldGen: 510933K->511402K(524288K)] 598997K->511402K(699392K), [Metaspace: 43917K->43917K(1087488K)], 0.0614585 secs] [Times: user=0.60 sys=0.00, real=0.06 secs] 
2016-09-25T22:49:21.457-0400: 90.961: [Full GC (Ergonomics) [PSYoungGen: 88064K->0K(175104K)] [ParOldGen: 511467K->506538K(524288K)] 599531K->506538K(699392K), [Metaspace: 43917K->43917K(1087488K)], 0.0559056 secs] [Times: user=0.50 sys=0.01, real=0.05 secs] 
2016-09-25T22:49:21.549-0400: 91.053: [Full GC (Ergonomics) [PSYoungGen: 88064K->0K(175104K)] [ParOldGen: 509338K->512505K(524288K)] 597402K->512505K(699392K), [Metaspace: 43917K->43917K(1087488K)], 0.0562557 secs] [Times: user=0.58 sys=0.00, real=0.06 secs] 
2016-09-25T22:49:21.645-0400: 91.149: [Full GC (Ergonomics) [PSYoungGen: 88064K->0K(175104K)] [ParOldGen: 515216K->507692K(524288K)] 603280K->507692K(699392K), [Metaspace: 43917K->43917K(1087488K)], 0.0588828 secs] [Times: user=0.54 sys=0.01, real=0.06 secs] 
2016-09-25T22:49:21.746-0400: 91.250: [Full GC (Ergonomics) [PSYoungGen: 88064K->0K(175104K)] [ParOldGen: 509058K->505701K(524288K)] 597122K->505701K(699392K), [Metaspace: 43917K->43917K(1087488K)], 0.0593513 secs] [Times: user=0.59 sys=0.00, real=0.06 secs] 
2016-09-25T22:49:21.844-0400: 91.348: [Full GC (Ergonomics) [PSYoungGen: 88064K->0K(175104K)] [ParOldGen: 508487K->506082K(524288K)] 596551K->506082K(699392K), [Metaspace: 43917K->43917K(1087488K)], 0.0557181 secs] [Times: user=0.48 sys=0.01, real=0.05 secs] 
2016-09-25T22:49:21.940-0400: 91.444: [Full GC (Ergonomics) [PSYoungGen: 88064K->0K(175104K)] [ParOldGen: 506406K->514674K(524288K)] 594470K->514674K(699392K), [Metaspace: 43917K->43917K(1087488K)], 0.0809269 secs] [Times: user=0.99 sys=0.00, real=0.08 secs] 
2016-09-25T22:49:22.064-0400: 91.568: [Full GC (Ergonomics) [PSYoungGen: 88064K->0K(175104K)] [ParOldGen: 517216K->508722K(524288K)] 605280K->508722K(699392K), [Metaspace: 43917K->43917K(1087488K)], 0.0583293 secs] [Times: user=0.61 sys=0.00, real=0.06 secs] 
2016-09-25T22:49:22.166-0400: 91.670: [Full GC (Ergonomics) [PSYoungGen: 88064K->0K(175104K)] [ParOldGen: 511658K->504908K(524288K)] 599722K->504908K(699392K), [Metaspace: 43917K->43917K(1087488K)], 0.0565753 secs] [Times: user=0.55 sys=0.00, real=0.06 secs] 
2016-09-25T22:49:22.267-0400: 91.771: [Full GC (Ergonomics) [PSYoungGen: 88064K->0K(175104K)] [ParOldGen: 507613K->508169K(524288K)] 595677K->508169K(699392K), [Metaspace: 43917K->43917K(1087488K)], 0.0555520 secs] [Times: user=0.55 sys=0.01, real=0.06 secs] 
2016-09-25T22:49:22.357-0400: 91.860: [Full GC (Ergonomics) [PSYoungGen: 88064K->0K(175104K)] [ParOldGen: 508430K->516932K(524288K)] 596494K->516932K(699392K), [Metaspace: 43917K->43917K(1087488K)], 0.0544044 secs] [Times: user=0.51 sys=0.00, real=0.05 secs] 
2016-09-25T22:49:22.448-0400: 91.952: [Full GC (Ergonomics) [PSYoungGen: 88064K->0K(175104K)] [ParOldGen: 519777K->512069K(524288K)] 607841K->512069K(699392K), [Metaspace: 43917K->43917K(1087488K)], 0.0635633 secs] [Times: user=0.57 sys=0.00, real=0.06 secs] 
2016-09-25T22:49:22.554-0400: 92.058: [Full GC (Ergonomics) [PSYoungGen: 88064K->0K(175104K)] [ParOldGen: 512130K->507130K(524288K)] 600194K->507130K(699392K), [Metaspace: 43917K->43917K(1087488K)], 0.0594554 secs] [Times: user=0.59 sys=0.01, real=0.05 secs] 
2016-09-25T22:49:22.647-0400: 92.151: [Full GC (Ergonomics) [PSYoungGen: 88064K->0K(175104K)] [ParOldGen: 507173K->510384K(524288K)] 595237K->510384K(699392K), [Metaspace: 43917K->43917K(1087488K)], 0.0584251 secs] [Times: user=0.53 sys=0.00, real=0.06 secs] 
2016-09-25T22:49:22.743-0400: 92.247: [Full GC (Ergonomics) [PSYoungGen: 88064K->0K(175104K)] [ParOldGen: 513200K->521770K(524288K)] 601264K->521770K(699392K), [Metaspace: 43917K->43917K(1087488K)], 0.0579665 secs] [Times: user=0.39 sys=0.01, real=0.05 secs] 
2016-09-25T22:49:22.847-0400: 92.350: [Full GC (Ergonomics) [PSYoungGen: 88064K->0K(175104K)] [ParOldGen: 523216K->511543K(524288K)] 611280K->511543K(699392K), [Metaspace: 43917K->43917K(1087488K)], 0.0572821 secs] [Times: user=0.56 sys=0.01, real=0.06 secs] 
2016-09-25T22:49:22.944-0400: 92.447: [Full GC (Ergonomics) [PSYoungGen: 88064K->0K(175104K)] [ParOldGen: 511584K->517521K(524288K)] 599648K->517521K(699392K), [Metaspace: 43917K->43917K(1087488K)], 0.0552817 secs] [Times: user=0.56 sys=0.00, real=0.05 secs] 
2016-09-25T22:49:23.037-0400: 92.541: [Full GC (Ergonomics) [PSYoungGen: 88064K->0K(175104K)] [ParOldGen: 523011K->523621K(524288K)] 611075K->523621K(699392K), [Metaspace: 43917K->43917K(1087488K)], 0.0494585 secs] [Times: user=0.42 sys=0.00, real=0.05 secs] 
2016-09-25T22:49:23.138-0400: 92.642: [Full GC (Ergonomics) [PSYoungGen: 85983K->0K(175104K)] [ParOldGen: 523621K->516000K(524288K)] 609604K->516000K(699392K), [Metaspace: 43917K->43917K(1087488K)], 0.0641747 secs] [Times: user=0.66 sys=0.01, real=0.07 secs] 
2016-09-25T22:49:23.253-0400: 92.757: [Full GC (Ergonomics) [PSYoungGen: 88064K->0K(175104K)] [ParOldGen: 516159K->507177K(524288K)] 604223K->507177K(699392K), [Metaspace: 43917K->43917K(1087488K)], 0.0572326 secs] [Times: user=0.60 sys=0.00, real=0.06 secs] 
2016-09-25T22:49:23.342-0400: 92.846: [Full GC (Ergonomics) [PSYoungGen: 88064K->0K(175104K)] [ParOldGen: 507260K->522720K(524288K)] 595324K->522720K(699392K), [Metaspace: 43917K->43917K(1087488K)], 0.0564986 secs] [Times: user=0.55 sys=0.00, real=0.05 secs] 
2016-09-25T22:49:23.447-0400: 92.950: [Full GC (Ergonomics) [PSYoungGen: 88012K->0K(175104K)] [ParOldGen: 522908K->516833K(524288K)] 610920K->516833K(699392K), [Metaspace: 43917K->43917K(1087488K)], 0.0580590 secs] [Times: user=0.54 sys=0.00, real=0.06 secs] 
2016-09-25T22:49:23.554-0400: 93.058: [Full GC (Ergonomics) [PSYoungGen: 88064K->0K(175104K)] [ParOldGen: 517436K->509124K(524288K)] 605500K->509124K(699392K), [Metaspace: 43918K->43918K(1087488K)], 0.0629255 secs] [Times: user=0.60 sys=0.00, real=0.07 secs] 
2016-09-25T22:49:23.654-0400: 93.157: [Full GC (Ergonomics) [PSYoungGen: 88064K->0K(175104K)] [ParOldGen: 509187K->513709K(524288K)] 597251K->513709K(699392K), [Metaspace: 43918K->43918K(1087488K)], 0.0560301 secs] [Times: user=0.54 sys=0.01, real=0.06 secs] 
2016-09-25T22:49:23.749-0400: 93.253: [Full GC (Ergonomics) [PSYoungGen: 88064K->0K(175104K)] [ParOldGen: 519246K->519779K(524288K)] 607310K->519779K(699392K), [Metaspace: 43918K->43918K(1087488K)], 0.0578218 secs] [Times: user=0.56 sys=0.00, real=0.06 secs] 
2016-09-25T22:49:23.847-0400: 93.351: [Full GC (Ergonomics) [PSYoungGen: 88064K->0K(175104K)] [ParOldGen: 523937K->517805K(524288K)] 612001K->517805K(699392K), [Metaspace: 43918K->43918K(1087488K)], 0.0519667 secs] [Times: user=0.49 sys=0.00, real=0.05 secs] 
2016-09-25T22:49:23.940-0400: 93.443: [Full GC (Ergonomics) [PSYoungGen: 88064K->0K(175104K)] [ParOldGen: 520621K->521118K(524288K)] 608685K->521118K(699392K), [Metaspace: 43918K->43918K(1087488K)], 0.0649531 secs] [Times: user=0.64 sys=0.01, real=0.07 secs] 
2016-09-25T22:49:24.054-0400: 93.558: [Full GC (Ergonomics) [PSYoungGen: 87105K->0K(175104K)] [ParOldGen: 522468K->510839K(524288K)] 609574K->510839K(699392K), [Metaspace: 43918K->43918K(1087488K)], 0.0884331 secs] [Times: user=1.15 sys=0.00, real=0.09 secs] 
2016-09-25T22:49:24.176-0400: 93.680: [Full GC (Ergonomics) [PSYoungGen: 88064K->0K(175104K)] [ParOldGen: 513624K->522403K(524288K)] 601688K->522403K(699392K), [Metaspace: 43918K->43918K(1087488K)], 0.0561227 secs] [Times: user=0.55 sys=0.00, real=0.05 secs] 
2016-09-25T22:49:24.279-0400: 93.783: [Full GC (Ergonomics) [PSYoungGen: 88064K->0K(175104K)] [ParOldGen: 522411K->520359K(524288K)] 610475K->520359K(699392K), [Metaspace: 43918K->43918K(1087488K)], 0.0562463 secs] [Times: user=0.47 sys=0.00, real=0.06 secs] 
2016-09-25T22:49:24.386-0400: 93.889: [Full GC (Ergonomics) [PSYoungGen: 88064K->0K(175104K)] [ParOldGen: 520492K->518242K(524288K)] 608556K->518242K(699392K), [Metaspace: 43918K->43918K(1087488K)], 0.0588569 secs] [Times: user=0.55 sys=0.00, real=0.06 secs] 
2016-09-25T22:49:24.480-0400: 93.984: [Full GC (Ergonomics) [PSYoungGen: 88064K->2702K(175104K)] [ParOldGen: 518369K->523886K(524288K)] 606433K->526589K(699392K), [Metaspace: 43918K->43918K(1087488K)], 0.1548194 secs] [Times: user=2.26 sys=0.01, real=0.16 secs] 
2016-09-25T22:49:24.678-0400: 94.182: [Full GC (Ergonomics) [PSYoungGen: 88064K->0K(175104K)] [ParOldGen: 523952K->519158K(524288K)] 612016K->519158K(699392K), [Metaspace: 43918K->43918K(1087488K)], 0.0681169 secs] [Times: user=0.64 sys=0.01, real=0.07 secs] 
2016-09-25T22:49:24.784-0400: 94.288: [Full GC (Ergonomics) [PSYoungGen: 88064K->0K(175104K)] [ParOldGen: 523274K->519889K(524288K)] 611338K->519889K(699392K), [Metaspace: 43918K->43918K(1087488K)], 0.0517429 secs] [Times: user=0.47 sys=0.01, real=0.05 secs] 
2016-09-25T22:49:24.885-0400: 94.388: [Full GC (Ergonomics) [PSYoungGen: 88064K->0K(175104K)] [ParOldGen: 524070K->519407K(524288K)] 612134K->519407K(699392K), [Metaspace: 43918K->43918K(1087488K)], 0.0544390 secs] [Times: user=0.54 sys=0.00, real=0.05 secs] 
2016-09-25T22:49:24.986-0400: 94.490: [Full GC (Ergonomics) [PSYoungGen: 88064K->0K(175104K)] [ParOldGen: 522168K->524115K(524288K)] 610232K->524115K(699392K), [Metaspace: 43918K->43918K(1087488K)], 0.0557330 secs] [Times: user=0.51 sys=0.01, real=0.05 secs] 
2016-09-25T22:49:25.086-0400: 94.590: [Full GC (Ergonomics) [PSYoungGen: 88039K->0K(175104K)] [ParOldGen: 524115K->514046K(524288K)] 612154K->514046K(699392K), [Metaspace: 43918K->43918K(1087488K)], 0.0568272 secs] [Times: user=0.52 sys=0.00, real=0.06 secs] 
2016-09-25T22:49:25.181-0400: 94.685: [Full GC (Ergonomics) [PSYoungGen: 88064K->0K(175104K)] [ParOldGen: 514087K->520156K(524288K)] 602151K->520156K(699392K), [Metaspace: 43918K->43918K(1087488K)], 0.0556910 secs] [Times: user=0.55 sys=0.00, real=0.06 secs] 
2016-09-25T22:49:25.275-0400: 94.779: [Full GC (Ergonomics) [PSYoungGen: 88064K->5401K(175104K)] [ParOldGen: 523840K->524050K(524288K)] 611904K->529452K(699392K), [Metaspace: 43918K->43918K(1087488K)], 0.1121904 secs] [Times: user=1.49 sys=0.01, real=0.11 secs] 
2016-09-25T22:49:25.439-0400: 94.943: [Full GC (Ergonomics) [PSYoungGen: 87667K->0K(175104K)] [ParOldGen: 524050K->516660K(524288K)] 611718K->516660K(699392K), [Metaspace: 43918K->43918K(1087488K)], 0.0553873 secs] [Times: user=0.54 sys=0.01, real=0.06 secs] 
2016-09-25T22:49:25.526-0400: 95.030: [Full GC (Ergonomics) [PSYoungGen: 88064K->0K(175104K)] [ParOldGen: 519467K->522839K(524288K)] 607531K->522839K(699392K), [Metaspace: 43920K->43920K(1087488K)], 0.0598275 secs] [Times: user=0.59 sys=0.02, real=0.06 secs] 
2016-09-25T22:49:25.632-0400: 95.136: [Full GC (Ergonomics) [PSYoungGen: 88053K->2904K(175104K)] [ParOldGen: 524189K->521650K(524288K)] 612242K->524554K(699392K), [Metaspace: 43920K->43920K(1087488K)], 0.1578040 secs] [Times: user=2.30 sys=0.02, real=0.16 secs] 
2016-09-25T22:49:25.837-0400: 95.341: [Full GC (Ergonomics) [PSYoungGen: 87750K->2700K(175104K)] [ParOldGen: 521650K->522406K(524288K)] 609401K->525106K(699392K), [Metaspace: 43920K->43920K(1087488K)], 0.1475275 secs] [Times: user=2.15 sys=0.01, real=0.15 secs] 
2016-09-25T22:49:26.029-0400: 95.532: [Full GC (Ergonomics) [PSYoungGen: 86838K->4051K(175104K)] [ParOldGen: 522406K->521816K(524288K)] 609245K->525868K(699392K), [Metaspace: 43920K->43920K(1087488K)], 0.1630157 secs] [Times: user=2.42 sys=0.02, real=0.16 secs] 
2016-09-25T22:49:26.242-0400: 95.746: [Full GC (Ergonomics) [PSYoungGen: 85892K->0K(175104K)] [ParOldGen: 521816K->521196K(524288K)] 607708K->521196K(699392K), [Metaspace: 43920K->43920K(1087488K)], 0.0687168 secs] [Times: user=0.60 sys=0.01, real=0.07 secs] 
2016-09-25T22:49:26.351-0400: 95.855: [Full GC (Ergonomics) [PSYoungGen: 86947K->0K(175104K)] [ParOldGen: 523896K->522075K(524288K)] 610844K->522075K(699392K), [Metaspace: 43920K->43920K(1087488K)], 0.0541493 secs] [Times: user=0.46 sys=0.01, real=0.06 secs] 
2016-09-25T22:49:26.453-0400: 95.957: [Full GC (Ergonomics) [PSYoungGen: 86220K->6858K(175104K)] [ParOldGen: 522075K->523645K(524288K)] 608295K->530504K(699392K), [Metaspace: 43920K->43920K(1087488K)], 0.1661616 secs] [Times: user=2.43 sys=0.01, real=0.17 secs] 
2016-09-25T22:49:26.659-0400: 96.162: [Full GC (Ergonomics) [PSYoungGen: 87182K->2701K(175104K)] [ParOldGen: 523645K->521653K(524288K)] 610828K->524354K(699392K), [Metaspace: 43920K->43920K(1087488K)], 0.1585790 secs] [Times: user=2.32 sys=0.01, real=0.16 secs] 
2016-09-25T22:49:26.862-0400: 96.366: [Full GC (Ergonomics) [PSYoungGen: 88064K->0K(175104K)] [ParOldGen: 523065K->522597K(524288K)] 611129K->522597K(699392K), [Metaspace: 43920K->43920K(1087488K)], 0.0619099 secs] [Times: user=0.63 sys=0.02, real=0.07 secs] 
2016-09-25T22:49:26.963-0400: 96.467: [Full GC (Ergonomics) [PSYoungGen: 88064K->6899K(175104K)] [ParOldGen: 522601K->522781K(524288K)] 610665K->529681K(699392K), [Metaspace: 43920K->43920K(1087488K)], 0.1539211 secs] [Times: user=2.31 sys=0.01, real=0.15 secs] 
2016-09-25T22:49:27.155-0400: 96.659: [Full GC (Ergonomics) [PSYoungGen: 87225K->2702K(175104K)] [ParOldGen: 524131K->523609K(524288K)] 611356K->526311K(699392K), [Metaspace: 43920K->43920K(1087488K)], 0.1508285 secs] [Times: user=2.21 sys=0.00, real=0.15 secs] 
2016-09-25T22:49:27.346-0400: 96.850: [Full GC (Ergonomics) [PSYoungGen: 88064K->10822K(175104K)] [ParOldGen: 523652K->522755K(524288K)] 611716K->533578K(699392K), [Metaspace: 43936K->43936K(1087488K)], 0.1669742 secs] [Times: user=2.46 sys=0.01, real=0.16 secs] 
2016-09-25T22:49:27.557-0400: 97.060: [Full GC (Ergonomics) [PSYoungGen: 88064K->8105K(175104K)] [ParOldGen: 522851K->523243K(524288K)] 610915K->531348K(699392K), [Metaspace: 43963K->43963K(1087488K)], 0.1597644 secs] [Times: user=2.54 sys=0.01, real=0.16 secs] 
2016-09-25T22:49:27.757-0400: 97.261: [Full GC (Ergonomics) [PSYoungGen: 86985K->1350K(175104K)] [ParOldGen: 523243K->524010K(524288K)] 610228K->525360K(699392K), [Metaspace: 43963K->43963K(1087488K)], 0.1488999 secs] [Times: user=2.15 sys=0.02, real=0.15 secs] 
2016-09-25T22:49:27.960-0400: 97.464: [Full GC (Ergonomics) [PSYoungGen: 88064K->9568K(175104K)] [ParOldGen: 524258K->521706K(524288K)] 612322K->531275K(699392K), [Metaspace: 43966K->43966K(1087488K)], 0.1632444 secs] [Times: user=2.44 sys=0.04, real=0.17 secs] 
2016-09-25T22:49:28.162-0400: 97.666: [Full GC (Ergonomics) [PSYoungGen: 88064K->9476K(175104K)] [ParOldGen: 521795K->523642K(524288K)] 609859K->533119K(699392K), [Metaspace: 43967K->43967K(1087488K)], 0.1577549 secs] [Times: user=2.30 sys=0.00, real=0.15 secs] 
2016-09-25T22:49:28.358-0400: 97.862: [Full GC (Ergonomics) [PSYoungGen: 86822K->12388K(175104K)] [ParOldGen: 523642K->524118K(524288K)] 610464K->536506K(699392K), [Metaspace: 43967K->43967K(1087488K)], 0.1588342 secs] [Times: user=2.48 sys=0.03, real=0.16 secs] 
2016-09-25T22:49:28.564-0400: 98.068: [Full GC (Ergonomics) [PSYoungGen: 86696K->13690K(175104K)] [ParOldGen: 524118K->523285K(524288K)] 610814K->536975K(699392K), [Metaspace: 43967K->43967K(1087488K)], 0.1595091 secs] [Times: user=2.35 sys=0.01, real=0.16 secs] 
2016-09-25T22:49:28.765-0400: 98.269: [Full GC (Ergonomics) [PSYoungGen: 88064K->6929K(175104K)] [ParOldGen: 523512K->523460K(524288K)] 611576K->530389K(699392K), [Metaspace: 43967K->43967K(1087488K)], 0.1685753 secs] [Times: user=2.40 sys=0.01, real=0.16 secs] 
2016-09-25T22:49:28.974-0400: 98.478: [Full GC (Ergonomics) [PSYoungGen: 88064K->10986K(175104K)] [ParOldGen: 523596K->524198K(524288K)] 611660K->535184K(699392K), [Metaspace: 43967K->43967K(1087488K)], 0.1603575 secs] [Times: user=2.25 sys=0.02, real=0.17 secs] 
2016-09-25T22:49:29.182-0400: 98.686: [Full GC (Ergonomics) [PSYoungGen: 86803K->11100K(175104K)] [ParOldGen: 524198K->521843K(524288K)] 611001K->532943K(699392K), [Metaspace: 43967K->43967K(1087488K)], 0.1580040 secs] [Times: user=2.30 sys=0.02, real=0.15 secs] 
2016-09-25T22:49:29.378-0400: 98.881: [Full GC (Ergonomics) [PSYoungGen: 86126K->16518K(175104K)] [ParOldGen: 521843K->522454K(524288K)] 607970K->538972K(699392K), [Metaspace: 43968K->43968K(1087488K)], 0.1762851 secs] [Times: user=2.67 sys=0.01, real=0.18 secs] 
2016-09-25T22:49:29.596-0400: 99.100: [Full GC (Ergonomics) [PSYoungGen: 88064K->17726K(175104K)] [ParOldGen: 522469K->521826K(524288K)] 610533K->539553K(699392K), [Metaspace: 43970K->43970K(1087488K)], 0.1514493 secs] [Times: user=2.33 sys=0.04, real=0.15 secs] 
2016-09-25T22:49:29.785-0400: 99.289: [Full GC (Ergonomics) [PSYoungGen: 88064K->6869K(175104K)] [ParOldGen: 523148K->523685K(524288K)] 611212K->530555K(699392K), [Metaspace: 43973K->43973K(1087488K)], 0.1490591 secs] [Times: user=2.22 sys=0.03, real=0.15 secs] 
2016-09-25T22:49:29.974-0400: 99.478: [Full GC (Ergonomics) [PSYoungGen: 86406K->17791K(175104K)] [ParOldGen: 523685K->522717K(524288K)] 610092K->540508K(699392K), [Metaspace: 43973K->43973K(1087488K)], 0.1712923 secs] [Times: user=2.36 sys=0.02, real=0.18 secs] 
2016-09-25T22:49:30.182-0400: 99.686: [Full GC (Ergonomics) [PSYoungGen: 87663K->15092K(175104K)] [ParOldGen: 524067K->523188K(524288K)] 611731K->538281K(699392K), [Metaspace: 43973K->43973K(1087488K)], 0.1675136 secs] [Times: user=2.61 sys=0.01, real=0.16 secs] 
2016-09-25T22:49:30.390-0400: 99.894: [Full GC (Ergonomics) [PSYoungGen: 87948K->12386K(175104K)] [ParOldGen: 523188K->522442K(524288K)] 611137K->534828K(699392K), [Metaspace: 43973K->43973K(1087488K)], 0.1638742 secs] [Times: user=2.55 sys=0.02, real=0.17 secs] 
2016-09-25T22:49:30.596-0400: 100.100: [Full GC (Ergonomics) [PSYoungGen: 87994K->15093K(175104K)] [ParOldGen: 522442K->522898K(524288K)] 610437K->537991K(699392K), [Metaspace: 43973K->43973K(1087488K)], 0.1613808 secs] [Times: user=2.52 sys=0.02, real=0.16 secs] 
2016-09-25T22:49:30.789-0400: 100.292: [Full GC (Ergonomics) [PSYoungGen: 88064K->23276K(175104K)] [ParOldGen: 523017K->521963K(524288K)] 611081K->545239K(699392K), [Metaspace: 43973K->43973K(1087488K)], 0.1548623 secs] [Times: user=2.30 sys=0.00, real=0.16 secs] 
2016-09-25T22:49:30.978-0400: 100.482: [Full GC (Ergonomics) [PSYoungGen: 86600K->19214K(175104K)] [ParOldGen: 521963K->523767K(524288K)] 608564K->542981K(699392K), [Metaspace: 43973K->43973K(1087488K)], 0.1624322 secs] [Times: user=2.40 sys=0.02, real=0.16 secs] 
2016-09-25T22:49:31.182-0400: 100.686: [Full GC (Ergonomics) [PSYoungGen: 88004K->15166K(175104K)] [ParOldGen: 523831K->523065K(524288K)] 611836K->538231K(699392K), [Metaspace: 43973K->43973K(1087488K)], 0.1682339 secs] [Times: user=2.47 sys=0.01, real=0.17 secs] 
2016-09-25T22:49:31.385-0400: 100.889: [Full GC (Ergonomics) [PSYoungGen: 86601K->17673K(175104K)] [ParOldGen: 523065K->523682K(524288K)] 609666K->541355K(699392K), [Metaspace: 43973K->43973K(1087488K)], 0.1715726 secs] [Times: user=2.42 sys=0.02, real=0.17 secs] 
2016-09-25T22:49:31.595-0400: 101.098: [Full GC (Ergonomics) [PSYoungGen: 87523K->7057K(175104K)] [ParOldGen: 523682K->524067K(524288K)] 611205K->531124K(699392K), [Metaspace: 43973K->43973K(1087488K)], 0.1622313 secs] [Times: user=2.40 sys=0.01, real=0.16 secs] 
2016-09-25T22:49:31.797-0400: 101.301: [Full GC (Ergonomics) [PSYoungGen: 88022K->21943K(175104K)] [ParOldGen: 524255K->521946K(524288K)] 612277K->543890K(699392K), [Metaspace: 43973K->43973K(1087488K)], 0.1574466 secs] [Times: user=2.28 sys=0.01, real=0.16 secs] 
2016-09-25T22:49:31.987-0400: 101.491: [Full GC (Ergonomics) [PSYoungGen: 88064K->20592K(175104K)] [ParOldGen: 521988K->522314K(524288K)] 610052K->542906K(699392K), [Metaspace: 43973K->43973K(1087488K)], 0.1554355 secs] [Times: user=2.31 sys=0.00, real=0.16 secs] 
2016-09-25T22:49:32.182-0400: 101.685: [Full GC (Ergonomics) [PSYoungGen: 88064K->20599K(175104K)] [ParOldGen: 522448K->522827K(524288K)] 610512K->543426K(699392K), [Metaspace: 43976K->43976K(1087488K)], 0.1712383 secs] [Times: user=2.68 sys=0.04, real=0.17 secs] 
2016-09-25T22:49:32.384-0400: 101.888: [Full GC (Ergonomics) [PSYoungGen: 85586K->23296K(175104K)] [ParOldGen: 522827K->523324K(524288K)] 608413K->546621K(699392K), [Metaspace: 43978K->43978K(1087488K)], 0.1575055 secs] [Times: user=2.38 sys=0.01, real=0.15 secs] 
2016-09-25T22:49:32.572-0400: 102.076: [Full GC (Ergonomics) [PSYoungGen: 88064K->27675K(175104K)] [ParOldGen: 523357K->522296K(524288K)] 611421K->549972K(699392K), [Metaspace: 43978K->43978K(1087488K)], 0.1667734 secs] [Times: user=2.49 sys=0.00, real=0.17 secs] 
2016-09-25T22:49:32.765-0400: 102.269: [Full GC (Ergonomics) [PSYoungGen: 88064K->23454K(175104K)] [ParOldGen: 522470K->524138K(524288K)] 610534K->547592K(699392K), [Metaspace: 43978K->43978K(1087488K)], 0.1643447 secs] [Times: user=2.44 sys=0.02, real=0.16 secs] 
2016-09-25T22:49:32.978-0400: 102.482: [Full GC (Ergonomics) [PSYoungGen: 87788K->22022K(175104K)] [ParOldGen: 524138K->521990K(524288K)] 611926K->544012K(699392K), [Metaspace: 43978K->43978K(1087488K)], 0.1715317 secs] [Times: user=2.48 sys=0.02, real=0.17 secs] 
2016-09-25T22:49:33.184-0400: 102.687: [Full GC (Ergonomics) [PSYoungGen: 88064K->23259K(175104K)] [ParOldGen: 522101K->523979K(524288K)] 610165K->547239K(699392K), [Metaspace: 43978K->43978K(1087488K)], 0.1707213 secs] [Times: user=2.40 sys=0.03, real=0.17 secs] 
2016-09-25T22:49:33.396-0400: 102.899: [Full GC (Ergonomics) [PSYoungGen: 86486K->23492K(175104K)] [ParOldGen: 523979K->522750K(524288K)] 610465K->546242K(699392K), [Metaspace: 43978K->43978K(1087488K)], 0.1682160 secs] [Times: user=2.44 sys=0.02, real=0.17 secs] 
2016-09-25T22:49:33.590-0400: 103.093: [Full GC (Ergonomics) [PSYoungGen: 85481K->33291K(175104K)] [ParOldGen: 522750K->521711K(524288K)] 608232K->555002K(699392K), [Metaspace: 43978K->43978K(1087488K)], 0.1603087 secs] [Times: user=2.39 sys=0.01, real=0.16 secs] 
2016-09-25T22:49:33.795-0400: 103.299: [Full GC (Ergonomics) [PSYoungGen: 88064K->9564K(175104K)] [ParOldGen: 522226K->522979K(524288K)] 610290K->532543K(699392K), [Metaspace: 43978K->43978K(1087488K)], 0.1622632 secs] [Times: user=2.43 sys=0.02, real=0.16 secs] 
2016-09-25T22:49:33.982-0400: 103.485: [Full GC (Ergonomics) [PSYoungGen: 88064K->32832K(175104K)] [ParOldGen: 523075K->523022K(524288K)] 611139K->555854K(699392K), [Metaspace: 43978K->43978K(1087488K)], 0.1633651 secs] [Times: user=2.46 sys=0.02, real=0.17 secs] 
2016-09-25T22:49:34.182-0400: 103.686: [Full GC (Ergonomics) [PSYoungGen: 87996K->12583K(175104K)] [ParOldGen: 523022K->523556K(524288K)] 611018K->536140K(699392K), [Metaspace: 43978K->43978K(1087488K)], 0.1611036 secs] [Times: user=2.38 sys=0.00, real=0.16 secs] 
2016-09-25T22:49:34.372-0400: 103.876: [Full GC (Ergonomics) [PSYoungGen: 85937K->24685K(175104K)] [ParOldGen: 523556K->524004K(524288K)] 609494K->548689K(699392K), [Metaspace: 43978K->43978K(1087488K)], 0.1768103 secs] [Times: user=2.60 sys=0.01, real=0.18 secs] 
2016-09-25T22:49:34.584-0400: 104.087: [Full GC (Ergonomics) [PSYoungGen: 88064K->27651K(175104K)] [ParOldGen: 524103K->524241K(524288K)] 612167K->551892K(699392K), [Metaspace: 43978K->43978K(1087488K)], 0.1602589 secs] [Times: user=2.34 sys=0.02, real=0.16 secs] 
2016-09-25T22:49:34.781-0400: 104.285: [Full GC (Ergonomics) [PSYoungGen: 88003K->27844K(175104K)] [ParOldGen: 524241K->521807K(524288K)] 612244K->549651K(699392K), [Metaspace: 43978K->43978K(1087488K)], 0.1778798 secs] [Times: user=2.54 sys=0.02, real=0.18 secs] 
2016-09-25T22:49:34.984-0400: 104.488: [Full GC (Ergonomics) [PSYoungGen: 86200K->30214K(175104K)] [ParOldGen: 521807K->522598K(524288K)] 608007K->552813K(699392K), [Metaspace: 43979K->43979K(1087488K)], 0.1669427 secs] [Times: user=2.41 sys=0.01, real=0.16 secs] 
2016-09-25T22:49:35.180-0400: 104.684: [Full GC (Ergonomics) [PSYoungGen: 88064K->26234K(175104K)] [ParOldGen: 522674K->524221K(524288K)] 610738K->550455K(699392K), [Metaspace: 43979K->43979K(1087488K)], 0.1549634 secs] [Times: user=2.31 sys=0.00, real=0.16 secs] 
2016-09-25T22:49:35.361-0400: 104.865: [Full GC (Ergonomics) [PSYoungGen: 88011K->31609K(175104K)] [ParOldGen: 524221K->522129K(524288K)] 612232K->553739K(699392K), [Metaspace: 43979K->43979K(1087488K)], 0.1623374 secs] [Times: user=2.38 sys=0.00, real=0.17 secs] 
2016-09-25T22:49:35.555-0400: 105.059: [Full GC (Ergonomics) [PSYoungGen: 86848K->23639K(175104K)] [ParOldGen: 522129K->522348K(524288K)] 608978K->545988K(699392K), [Metaspace: 43979K->43979K(1087488K)], 0.1626877 secs] [Times: user=2.41 sys=0.02, real=0.16 secs] 
2016-09-25T22:49:35.746-0400: 105.250: [Full GC (Ergonomics) [PSYoungGen: 88064K->25162K(175104K)] [ParOldGen: 523727K->524054K(524288K)] 611791K->549216K(699392K), [Metaspace: 43979K->43979K(1087488K)], 0.1610649 secs] [Times: user=2.33 sys=0.01, real=0.16 secs] 
2016-09-25T22:49:35.948-0400: 105.452: [Full GC (Ergonomics) [PSYoungGen: 86706K->24226K(175104K)] [ParOldGen: 524054K->521697K(524288K)] 610760K->545923K(699392K), [Metaspace: 43980K->43980K(1087488K)], 0.1652959 secs] [Times: user=2.43 sys=0.02, real=0.16 secs] 
2016-09-25T22:49:36.145-0400: 105.648: [Full GC (Ergonomics) [PSYoungGen: 86715K->30432K(175104K)] [ParOldGen: 521697K->523770K(524288K)] 608412K->554202K(699392K), [Metaspace: 43982K->43982K(1087488K)], 0.1569653 secs] [Times: user=2.35 sys=0.01, real=0.15 secs] 
2016-09-25T22:49:36.341-0400: 105.844: [Full GC (Ergonomics) [PSYoungGen: 87704K->26345K(175104K)] [ParOldGen: 523770K->522836K(524288K)] 611474K->549182K(699392K), [Metaspace: 43982K->43982K(1087488K)], 0.1574780 secs] [Times: user=2.28 sys=0.00, real=0.16 secs] 
2016-09-25T22:49:36.540-0400: 106.043: [Full GC (Ergonomics) [PSYoungGen: 85404K->30468K(175104K)] [ParOldGen: 522836K->523106K(524288K)] 608240K->553575K(699392K), [Metaspace: 43982K->43982K(1087488K)], 0.1715321 secs] [Times: user=2.18 sys=0.00, real=0.17 secs] 
2016-09-25T22:49:36.743-0400: 106.247: [Full GC (Ergonomics) [PSYoungGen: 87937K->31938K(175104K)] [ParOldGen: 523106K->522273K(524288K)] 611044K->554212K(699392K), [Metaspace: 43982K->43982K(1087488K)], 0.1499607 secs] [Times: user=2.17 sys=0.00, real=0.14 secs] 
2016-09-25T22:49:36.939-0400: 106.442: [Full GC (Ergonomics) [PSYoungGen: 88064K->29320K(175104K)] [ParOldGen: 522368K->522429K(524288K)] 610432K->551750K(699392K), [Metaspace: 43982K->43982K(1087488K)], 0.1500611 secs] [Times: user=2.21 sys=0.01, real=0.15 secs] 
2016-09-25T22:49:37.110-0400: 106.614: [Full GC (Ergonomics) [PSYoungGen: 88064K->34703K(175104K)] [ParOldGen: 522441K->522954K(524288K)] 610505K->557657K(699392K), [Metaspace: 43982K->43982K(1087488K)], 0.1629888 secs] [Times: user=2.42 sys=0.00, real=0.16 secs] 
2016-09-25T22:49:37.301-0400: 106.805: [Full GC (Ergonomics) [PSYoungGen: 88064K->30538K(175104K)] [ParOldGen: 523044K->522053K(524288K)] 611108K->552591K(699392K), [Metaspace: 43985K->43985K(1087488K)], 0.1613801 secs] [Times: user=2.35 sys=0.02, real=0.17 secs] 
2016-09-25T22:49:37.502-0400: 107.006: [Full GC (Ergonomics) [PSYoungGen: 88064K->26535K(175104K)] [ParOldGen: 522339K->522562K(524288K)] 610403K->549098K(699392K), [Metaspace: 43985K->43985K(1087488K)], 0.1655081 secs] [Times: user=2.49 sys=0.01, real=0.17 secs] 
2016-09-25T22:49:37.691-0400: 107.195: [Full GC (Ergonomics) [PSYoungGen: 87061K->34666K(175104K)] [ParOldGen: 522562K->524176K(524288K)] 609624K->558842K(699392K), [Metaspace: 43985K->43985K(1087488K)], 0.1680911 secs] [Times: user=2.52 sys=0.01, real=0.17 secs] 
2016-09-25T22:49:37.886-0400: 107.390: [Full GC (Ergonomics) [PSYoungGen: 87442K->37294K(175104K)] [ParOldGen: 524176K->521921K(524288K)] 611618K->559216K(699392K), [Metaspace: 43985K->43985K(1087488K)], 0.1596124 secs] [Times: user=2.33 sys=0.01, real=0.16 secs] 
2016-09-25T22:49:38.072-0400: 107.576: [Full GC (Ergonomics) [PSYoungGen: 86596K->30843K(175104K)] [ParOldGen: 521921K->523321K(524288K)] 608518K->554164K(699392K), [Metaspace: 43985K->43985K(1087488K)], 0.1681232 secs] [Times: user=2.43 sys=0.01, real=0.17 secs] 
2016-09-25T22:49:38.274-0400: 107.778: [Full GC (Ergonomics) [PSYoungGen: 88064K->33209K(175104K)] [ParOldGen: 523486K->524039K(524288K)] 611550K->557249K(699392K), [Metaspace: 43985K->43985K(1087488K)], 0.1687239 secs] [Times: user=2.24 sys=0.01, real=0.18 secs] 
2016-09-25T22:49:38.469-0400: 107.973: [Full GC (Ergonomics) [PSYoungGen: 87680K->39820K(175104K)] [ParOldGen: 524039K->523294K(524288K)] 611720K->563115K(699392K), [Metaspace: 43985K->43985K(1087488K)], 0.1646393 secs] [Times: user=2.18 sys=0.02, real=0.17 secs] 
2016-09-25T22:49:38.665-0400: 108.169: [Full GC (Ergonomics) [PSYoungGen: 86619K->31959K(175104K)] [ParOldGen: 523294K->523452K(524288K)] 609913K->555411K(699392K), [Metaspace: 43985K->43985K(1087488K)], 0.1654803 secs] [Times: user=2.48 sys=0.02, real=0.16 secs] 
2016-09-25T22:49:38.854-0400: 108.358: [Full GC (Ergonomics) [PSYoungGen: 88023K->32018K(175104K)] [ParOldGen: 523639K->523885K(524288K)] 611663K->555904K(699392K), [Metaspace: 43985K->43985K(1087488K)], 0.1571170 secs] [Times: user=2.04 sys=0.03, real=0.15 secs] 
2016-09-25T22:49:39.047-0400: 108.551: [Full GC (Ergonomics) [PSYoungGen: 87907K->26454K(175104K)] [ParOldGen: 523885K->524235K(524288K)] 611793K->550690K(699392K), [Metaspace: 43993K->43993K(1087488K)], 0.1672432 secs] [Times: user=2.30 sys=0.03, real=0.17 secs] 
2016-09-25T22:49:39.247-0400: 108.751: [Full GC (Ergonomics) [PSYoungGen: 88064K->37516K(175104K)] [ParOldGen: 524235K->523186K(524288K)] 612299K->560702K(699392K), [Metaspace: 43993K->43993K(1087488K)], 0.1742076 secs] [Times: user=2.41 sys=0.01, real=0.17 secs] 
2016-09-25T22:49:39.454-0400: 108.958: [Full GC (Ergonomics) [PSYoungGen: 86195K->30706K(175104K)] [ParOldGen: 523186K->523628K(524288K)] 609381K->554334K(699392K), [Metaspace: 43993K->43993K(1087488K)], 0.1629025 secs] [Times: user=2.16 sys=0.01, real=0.17 secs] 
2016-09-25T22:49:39.643-0400: 109.147: [Full GC (Ergonomics) [PSYoungGen: 87984K->36022K(175104K)] [ParOldGen: 523628K->524000K(524288K)] 611612K->560023K(699392K), [Metaspace: 43993K->43993K(1087488K)], 0.1665814 secs] [Times: user=2.16 sys=0.01, real=0.16 secs] 
2016-09-25T22:49:39.837-0400: 109.341: [Full GC (Ergonomics) [PSYoungGen: 88064K->38879K(175104K)] [ParOldGen: 524242K->524271K(524288K)] 612306K->563151K(699392K), [Metaspace: 43993K->43993K(1087488K)], 0.1680974 secs] [Times: user=2.30 sys=0.01, real=0.17 secs] 
2016-09-25T22:49:40.043-0400: 109.547: [Full GC (Ergonomics) [PSYoungGen: 88064K->36299K(175104K)] [ParOldGen: 524286K->521820K(524288K)] 612350K->558119K(699392K), [Metaspace: 43993K->43993K(1087488K)], 0.1688207 secs] [Times: user=2.31 sys=0.01, real=0.16 secs] 
2016-09-25T22:49:40.236-0400: 109.740: [Full GC (Ergonomics) [PSYoungGen: 88064K->45836K(175104K)] [ParOldGen: 522069K->523522K(524288K)] 610133K->569358K(699392K), [Metaspace: 43993K->43993K(1087488K)], 0.1819418 secs] [Times: user=2.49 sys=0.01, real=0.18 secs] 
2016-09-25T22:49:40.460-0400: 109.963: [Full GC (Ergonomics) [PSYoungGen: 85545K->26806K(175104K)] [ParOldGen: 523522K->523921K(524288K)] 609067K->550727K(699392K), [Metaspace: 43993K->43993K(1087488K)], 0.1745114 secs] [Times: user=2.60 sys=0.02, real=0.18 secs] 
2016-09-25T22:49:40.653-0400: 110.157: [Full GC (Ergonomics) [PSYoungGen: 86562K->44492K(175104K)] [ParOldGen: 523921K->521628K(524288K)] 610484K->566120K(699392K), [Metaspace: 43993K->43993K(1087488K)], 0.1561761 secs] [Times: user=2.18 sys=0.01, real=0.16 secs] 
2016-09-25T22:49:40.835-0400: 110.339: [Full GC (Ergonomics) [PSYoungGen: 88064K->31950K(175104K)] [ParOldGen: 521708K->523542K(524288K)] 609772K->555493K(699392K), [Metaspace: 43994K->43994K(1087488K)], 0.1732269 secs] [Times: user=2.39 sys=0.00, real=0.17 secs] 
2016-09-25T22:49:41.048-0400: 110.552: [Full GC (Ergonomics) [PSYoungGen: 86821K->36231K(175104K)] [ParOldGen: 523542K->522496K(524288K)] 610364K->558727K(699392K), [Metaspace: 43994K->43994K(1087488K)], 0.1611458 secs] [Times: user=2.30 sys=0.01, real=0.16 secs] 
2016-09-25T22:49:41.225-0400: 110.728: [Full GC (Ergonomics) [PSYoungGen: 88064K->47024K(175104K)] [ParOldGen: 523244K->522875K(524288K)] 611308K->569900K(699392K), [Metaspace: 43994K->43994K(1087488K)], 0.1634302 secs] [Times: user=2.13 sys=0.01, real=0.16 secs] 
2016-09-25T22:49:41.422-0400: 110.925: [Full GC (Ergonomics) [PSYoungGen: 88064K->34819K(175104K)] [ParOldGen: 522956K->522977K(524288K)] 611020K->557797K(699392K), [Metaspace: 43994K->43994K(1087488K)], 0.1844826 secs] [Times: user=2.74 sys=0.01, real=0.19 secs] 
2016-09-25T22:49:41.632-0400: 111.136: [Full GC (Ergonomics) [PSYoungGen: 87202K->39053K(175104K)] [ParOldGen: 522977K->523419K(524288K)] 610179K->562472K(699392K), [Metaspace: 43994K->43994K(1087488K)], 0.1633415 secs] [Times: user=2.36 sys=0.01, real=0.17 secs] 
2016-09-25T22:49:41.814-0400: 111.318: [Full GC (Ergonomics) [PSYoungGen: 86023K->51185K(175104K)] [ParOldGen: 523419K->523345K(524288K)] 609443K->574530K(699392K), [Metaspace: 43994K->43994K(1087488K)], 0.1720212 secs] [Times: user=2.43 sys=0.04, real=0.17 secs] 
2016-09-25T22:49:42.027-0400: 111.531: [Full GC (Ergonomics) [PSYoungGen: 88064K->26787K(175104K)] [ParOldGen: 523397K->523739K(524288K)] 611461K->550527K(699392K), [Metaspace: 43994K->43994K(1087488K)], 0.1878102 secs] [Times: user=1.99 sys=0.04, real=0.19 secs] 
2016-09-25T22:49:42.255-0400: 111.759: [Full GC (Ergonomics) [PSYoungGen: 88064K->46158K(175104K)] [ParOldGen: 523856K->523808K(524288K)] 611920K->569966K(699392K), [Metaspace: 44000K->44000K(1087488K)], 0.1665352 secs] [Times: user=2.13 sys=0.01, real=0.16 secs] 
2016-09-25T22:49:42.448-0400: 111.952: [Full GC (Ergonomics) [PSYoungGen: 86480K->44400K(175104K)] [ParOldGen: 523808K->523208K(524288K)] 610288K->567609K(699392K), [Metaspace: 44002K->44002K(1087488K)], 0.1935524 secs] [Times: user=2.39 sys=0.02, real=0.19 secs] 
2016-09-25T22:49:42.669-0400: 112.172: [Full GC (Ergonomics) [PSYoungGen: 86910K->30981K(175104K)] [ParOldGen: 523208K->523315K(524288K)] 610118K->554296K(699392K), [Metaspace: 44002K->44002K(1087488K)], 0.1646324 secs] [Times: user=2.40 sys=0.02, real=0.16 secs] 
2016-09-25T22:49:42.852-0400: 112.355: [Full GC (Ergonomics) [PSYoungGen: 88064K->47439K(175104K)] [ParOldGen: 523433K->523421K(524288K)] 611497K->570861K(699392K), [Metaspace: 44004K->44004K(1087488K)], 0.1622843 secs] [Times: user=2.20 sys=0.00, real=0.16 secs] 
2016-09-25T22:49:43.037-0400: 112.541: [Full GC (Ergonomics) [PSYoungGen: 86559K->47042K(175104K)] [ParOldGen: 523421K->524167K(524288K)] 609981K->571210K(699392K), [Metaspace: 44004K->44004K(1087488K)], 0.1753060 secs] [Times: user=2.39 sys=0.02, real=0.17 secs] 
2016-09-25T22:49:43.240-0400: 112.744: [Full GC (Ergonomics) [PSYoungGen: 85957K->35259K(175104K)] [ParOldGen: 524167K->524137K(524288K)] 610125K->559396K(699392K), [Metaspace: 44004K->44004K(1087488K)], 0.1676658 secs] [Times: user=2.43 sys=0.00, real=0.17 secs] 
2016-09-25T22:49:43.427-0400: 112.931: [Full GC (Ergonomics) [PSYoungGen: 86342K->47575K(175104K)] [ParOldGen: 524137K->524183K(524288K)] 610479K->571759K(699392K), [Metaspace: 44004K->44004K(1087488K)], 0.1652787 secs] [Times: user=1.79 sys=0.02, real=0.16 secs] 
2016-09-25T22:49:43.624-0400: 113.128: [Full GC (Ergonomics) [PSYoungGen: 87983K->38557K(175104K)] [ParOldGen: 524183K->524087K(524288K)] 612167K->562644K(699392K), [Metaspace: 44004K->44004K(1087488K)], 0.2362479 secs] [Times: user=2.65 sys=0.02, real=0.23 secs] 
2016-09-25T22:49:43.896-0400: 113.400: [Full GC (Ergonomics) [PSYoungGen: 88064K->37596K(175104K)] [ParOldGen: 524218K->523988K(524288K)] 612282K->561585K(699392K), [Metaspace: 44004K->44004K(1087488K)], 0.1623379 secs] [Times: user=2.29 sys=0.02, real=0.16 secs] 
2016-09-25T22:49:44.080-0400: 113.584: [Full GC (Ergonomics) [PSYoungGen: 88064K->42204K(175104K)] [ParOldGen: 524132K->523938K(524288K)] 612196K->566142K(699392K), [Metaspace: 44004K->44004K(1087488K)], 0.1819695 secs] [Times: user=2.64 sys=0.02, real=0.19 secs] 
2016-09-25T22:49:44.293-0400: 113.797: [Full GC (Ergonomics) [PSYoungGen: 87318K->43772K(175104K)] [ParOldGen: 523938K->523842K(524288K)] 611256K->567614K(699392K), [Metaspace: 44004K->44004K(1087488K)], 0.1678746 secs] [Times: user=2.42 sys=0.02, real=0.17 secs] 
2016-09-25T22:49:44.488-0400: 113.991: [Full GC (Ergonomics) [PSYoungGen: 87264K->44230K(175104K)] [ParOldGen: 523842K->523747K(524288K)] 611106K->567978K(699392K), [Metaspace: 44004K->44004K(1087488K)], 0.1617082 secs] [Times: user=2.07 sys=0.00, real=0.16 secs] 
2016-09-25T22:49:44.670-0400: 114.174: [Full GC (Ergonomics) [PSYoungGen: 88064K->49465K(175104K)] [ParOldGen: 523811K->524283K(524288K)] 611875K->573748K(699392K), [Metaspace: 44004K->44004K(1087488K)], 0.1966901 secs] [Times: user=2.80 sys=0.00, real=0.20 secs] 
2016-09-25T22:49:44.895-0400: 114.399: [Full GC (Ergonomics) [PSYoungGen: 87909K->38954K(175104K)] [ParOldGen: 524283K->524188K(524288K)] 612193K->563143K(699392K), [Metaspace: 44004K->44004K(1087488K)], 0.1790491 secs] [Times: user=2.50 sys=0.02, real=0.18 secs] 
2016-09-25T22:49:45.106-0400: 114.609: [Full GC (Ergonomics) [PSYoungGen: 88064K->44761K(175104K)] [ParOldGen: 524247K->524140K(524288K)] 612311K->568902K(699392K), [Metaspace: 44004K->44004K(1087488K)], 0.1873883 secs] [Times: user=2.22 sys=0.02, real=0.18 secs] 
2016-09-25T22:49:45.311-0400: 114.815: [Full GC (Ergonomics) [PSYoungGen: 85907K->46608K(175104K)] [ParOldGen: 524140K->524090K(524288K)] 610048K->570698K(699392K), [Metaspace: 44011K->44011K(1087488K)], 0.2147893 secs] [Times: user=2.97 sys=0.01, real=0.22 secs] 
2016-09-25T22:49:45.551-0400: 115.055: [Full GC (Ergonomics) [PSYoungGen: 88064K->42768K(175104K)] [ParOldGen: 524173K->523995K(524288K)] 612237K->566764K(699392K), [Metaspace: 44011K->44011K(1087488K)], 0.1528490 secs] [Times: user=2.22 sys=0.02, real=0.16 secs] 
2016-09-25T22:49:45.733-0400: 115.236: [Full GC (Ergonomics) [PSYoungGen: 87113K->40641K(175104K)] [ParOldGen: 523995K->523899K(524288K)] 611108K->564541K(699392K), [Metaspace: 44011K->44011K(1087488K)], 0.1749506 secs] [Times: user=2.51 sys=0.02, real=0.18 secs] 
2016-09-25T22:49:45.927-0400: 115.431: [Full GC (Ergonomics) [PSYoungGen: 87250K->47826K(175104K)] [ParOldGen: 523899K->523853K(524288K)] 611150K->571679K(699392K), [Metaspace: 44038K->44038K(1087488K)], 0.1924417 secs] [Times: user=2.87 sys=0.02, real=0.19 secs] 
2016-09-25T22:49:46.164-0400: 115.668: [Full GC (Ergonomics) [PSYoungGen: 88064K->26508K(175104K)] [ParOldGen: 523913K->523733K(524288K)] 611977K->550242K(699392K), [Metaspace: 44046K->44046K(1087488K)], 0.2005785 secs] [Times: user=3.06 sys=0.01, real=0.20 secs] 
2016-09-25T22:49:50.246-0400: 119.750: [Full GC (Ergonomics) [PSYoungGen: 88064K->11261K(175104K)] [ParOldGen: 523735K->524224K(524288K)] 611799K->535486K(699392K), [Metaspace: 44086K->44060K(1087488K)], 0.1474461 secs] [Times: user=1.30 sys=0.02, real=0.14 secs] 
2016-09-25T22:49:53.906-0400: 123.410: [Full GC (Ergonomics) [PSYoungGen: 88064K->0K(175104K)] [ParOldGen: 524224K->508636K(524288K)] 612288K->508636K(699392K), [Metaspace: 44069K->44069K(1087488K)], 0.1352302 secs] [Times: user=0.97 sys=0.05, real=0.13 secs] 
2016-09-25T22:49:59.277-0400: 128.781: [Full GC (Ergonomics) [PSYoungGen: 88064K->0K(175104K)] [ParOldGen: 508636K->510118K(524288K)] 596700K->510118K(699392K), [Metaspace: 44070K->44070K(1087488K)], 0.1127245 secs] [Times: user=0.71 sys=0.04, real=0.11 secs] 
2016-09-25T22:50:04.487-0400: 133.991: [Full GC (Ergonomics) [PSYoungGen: 88064K->0K(175104K)] [ParOldGen: 510118K->504801K(524288K)] 598182K->504801K(699392K), [Metaspace: 44071K->44071K(1087488K)], 0.1131437 secs] [Times: user=0.82 sys=0.02, real=0.11 secs] 
2016-09-25T22:50:09.791-0400: 139.295: [Full GC (Ergonomics) [PSYoungGen: 88064K->0K(175104K)] [ParOldGen: 504801K->506255K(524288K)] 592865K->506255K(699392K), [Metaspace: 44082K->44082K(1087488K)], 0.1124456 secs] [Times: user=0.89 sys=0.00, real=0.12 secs] 
2016-09-25T22:50:15.110-0400: 144.614: [Full GC (Ergonomics) [PSYoungGen: 88064K->0K(175104K)] [ParOldGen: 506255K->478152K(524288K)] 594319K->478152K(699392K), [Metaspace: 44093K->44093K(1087488K)], 0.0952915 secs] [Times: user=0.63 sys=0.03, real=0.10 secs] 
